[2019-12-11T08:01:01.154+0000][1][gc] Using Concurrent Mark Sweep
[2019-12-11T08:01:01.154+0000][1][gc,heap,coops] Heap address: 0x00000000f0000000, size: 256 MB, Compressed Oops mode: 32-bit
[2019-12-11T08:01:01.541+0000][1][safepoint    ] Entering safepoint region: EnableBiasedLocking
[2019-12-11T08:01:01.541+0000][1][safepoint    ] Leaving safepoint region
[2019-12-11T08:01:01.541+0000][1][safepoint    ] Total time for which application threads were stopped: 0.0229699 seconds, Stopping threads took: 0.0228735 seconds
[2019-12-11T08:01:01.603+0000][1][safepoint    ] Application time: 0.0615524 seconds
[2019-12-11T08:01:01.603+0000][1][safepoint    ] Entering safepoint region: RevokeBias
[2019-12-11T08:01:01.603+0000][1][safepoint    ] Leaving safepoint region
[2019-12-11T08:01:01.603+0000][1][safepoint    ] Total time for which application threads were stopped: 0.0001901 seconds, Stopping threads took: 0.0000761 seconds
[2019-12-11T08:01:01.793+0000][1][safepoint    ] Application time: 0.1898871 seconds
[2019-12-11T08:01:01.793+0000][1][safepoint    ] Entering safepoint region: Deoptimize
[2019-12-11T08:01:01.793+0000][1][safepoint    ] Leaving safepoint region
[2019-12-11T08:01:01.793+0000][1][safepoint    ] Total time for which application threads were stopped: 0.0000568 seconds, Stopping threads took: 0.0000102 seconds
[2019-12-11T08:01:02.451+0000][1][safepoint    ] Application time: 0.6580215 seconds
[2019-12-11T08:01:02.451+0000][1][safepoint    ] Entering safepoint region: RevokeBias
[2019-12-11T08:01:02.451+0000][1][safepoint    ] Leaving safepoint region
[2019-12-11T08:01:02.451+0000][1][safepoint    ] Total time for which application threads were stopped: 0.0000753 seconds, Stopping threads took: 0.0000103 seconds
[2019-12-11T08:01:02.896+0000][1][safepoint    ] Application time: 0.4449183 seconds
[2019-12-11T08:01:02.896+0000][1][safepoint    ] Entering safepoint region: Deoptimize
[2019-12-11T08:01:02.896+0000][1][safepoint    ] Leaving safepoint region
[2019-12-11T08:01:02.896+0000][1][safepoint    ] Total time for which application threads were stopped: 0.0000864 seconds, Stopping threads took: 0.0000112 seconds
[2019-12-11T08:01:03.901+0000][1][safepoint    ] Application time: 1.0043068 seconds
[2019-12-11T08:01:03.901+0000][1][safepoint    ] Entering safepoint region: Cleanup
[2019-12-11T08:01:03.901+0000][1][safepoint    ] Leaving safepoint region
[2019-12-11T08:01:03.901+0000][1][safepoint    ] Total time for which application threads were stopped: 0.0000788 seconds, Stopping threads took: 0.0000135 seconds
[2019-12-11T08:01:04.914+0000][1][safepoint    ] Application time: 1.0129492 seconds
[2019-12-11T08:01:04.914+0000][1][safepoint    ] Entering safepoint region: Cleanup
[2019-12-11T08:01:04.914+0000][1][safepoint    ] Leaving safepoint region
[2019-12-11T08:01:04.914+0000][1][safepoint    ] Total time for which application threads were stopped: 0.0001281 seconds, Stopping threads took: 0.0000643 seconds
[2019-12-11T08:01:05.396+0000][1][safepoint    ] Application time: 0.4819145 seconds
[2019-12-11T08:01:05.396+0000][1][safepoint    ] Entering safepoint region: Deoptimize
[2019-12-11T08:01:05.396+0000][1][safepoint    ] Leaving safepoint region
[2019-12-11T08:01:05.396+0000][1][safepoint    ] Total time for which application threads were stopped: 0.0001619 seconds, Stopping threads took: 0.0000126 seconds
[2019-12-11T08:01:05.538+0000][1][safepoint    ] Application time: 0.1416364 seconds
[2019-12-11T08:01:05.538+0000][1][safepoint    ] Entering safepoint region: Deoptimize
[2019-12-11T08:01:05.538+0000][1][safepoint    ] Leaving safepoint region
[2019-12-11T08:01:05.538+0000][1][safepoint    ] Total time for which application threads were stopped: 0.0001471 seconds, Stopping threads took: 0.0000122 seconds
[2019-12-11T08:01:05.954+0000][1][safepoint    ] Application time: 0.4156478 seconds
[2019-12-11T08:01:05.954+0000][1][safepoint    ] Entering safepoint region: Deoptimize
[2019-12-11T08:01:05.954+0000][1][safepoint    ] Leaving safepoint region
[2019-12-11T08:01:05.954+0000][1][safepoint    ] Total time for which application threads were stopped: 0.0001693 seconds, Stopping threads took: 0.0000106 seconds
[2019-12-11T08:01:06.105+0000][1][safepoint    ] Application time: 0.1515795 seconds
[2019-12-11T08:01:06.105+0000][1][safepoint    ] Entering safepoint region: Deoptimize
[2019-12-11T08:01:06.106+0000][1][safepoint    ] Leaving safepoint region
[2019-12-11T08:01:06.106+0000][1][safepoint    ] Total time for which application threads were stopped: 0.0001574 seconds, Stopping threads took: 0.0000117 seconds
[2019-12-11T08:01:07.108+0000][1][safepoint    ] Application time: 1.0021858 seconds
[2019-12-11T08:01:07.116+0000][1][safepoint    ] Entering safepoint region: Cleanup
[2019-12-11T08:01:07.116+0000][1][safepoint    ] Leaving safepoint region
[2019-12-11T08:01:07.116+0000][1][safepoint    ] Total time for which application threads were stopped: 0.0082174 seconds, Stopping threads took: 0.0081744 seconds
[2019-12-11T08:01:08.120+0000][1][safepoint    ] Application time: 1.0037692 seconds
[2019-12-11T08:01:08.138+0000][1][safepoint    ] Entering safepoint region: Cleanup
[2019-12-11T08:01:08.138+0000][1][safepoint    ] Leaving safepoint region
[2019-12-11T08:01:08.138+0000][1][safepoint    ] Total time for which application threads were stopped: 0.0180411 seconds, Stopping threads took: 0.0179869 seconds
[2019-12-11T08:01:08.888+0000][1][safepoint    ] Application time: 0.7501560 seconds
[2019-12-11T08:01:08.888+0000][1][safepoint    ] Entering safepoint region: Deoptimize
[2019-12-11T08:01:08.888+0000][1][safepoint    ] Leaving safepoint region
[2019-12-11T08:01:08.888+0000][1][safepoint    ] Total time for which application threads were stopped: 0.0002556 seconds, Stopping threads took: 0.0000112 seconds
[2019-12-11T08:01:09.896+0000][1][safepoint    ] Application time: 1.0074118 seconds
[2019-12-11T08:01:09.896+0000][1][safepoint    ] Entering safepoint region: Cleanup
[2019-12-11T08:01:09.896+0000][1][safepoint    ] Leaving safepoint region
[2019-12-11T08:01:09.896+0000][1][safepoint    ] Total time for which application threads were stopped: 0.0000607 seconds, Stopping threads took: 0.0000142 seconds
[2019-12-11T08:01:10.898+0000][1][safepoint    ] Application time: 1.0019238 seconds
[2019-12-11T08:01:10.917+0000][1][safepoint    ] Entering safepoint region: Cleanup
[2019-12-11T08:01:10.917+0000][1][safepoint    ] Leaving safepoint region
[2019-12-11T08:01:10.917+0000][1][safepoint    ] Total time for which application threads were stopped: 0.0190561 seconds, Stopping threads took: 0.0189905 seconds
[2019-12-11T08:01:11.957+0000][1][safepoint    ] Application time: 1.0398866 seconds
[2019-12-11T08:01:12.020+0000][1][safepoint    ] Entering safepoint region: Cleanup
[2019-12-11T08:01:12.020+0000][1][safepoint    ] Leaving safepoint region
[2019-12-11T08:01:12.020+0000][1][safepoint    ] Total time for which application threads were stopped: 0.0631322 seconds, Stopping threads took: 0.0630483 seconds
[2019-12-11T08:01:12.042+0000][1][safepoint    ] Application time: 0.0220055 seconds
[2019-12-11T08:01:12.042+0000][1][safepoint    ] Entering safepoint region: Deoptimize
[2019-12-11T08:01:12.042+0000][1][safepoint    ] Leaving safepoint region
[2019-12-11T08:01:12.042+0000][1][safepoint    ] Total time for which application threads were stopped: 0.0002235 seconds, Stopping threads took: 0.0000106 seconds
[2019-12-11T08:01:12.986+0000][1][safepoint    ] Application time: 0.9435190 seconds
[2019-12-11T08:01:12.986+0000][1][safepoint    ] Entering safepoint region: Deoptimize
[2019-12-11T08:01:12.986+0000][1][safepoint    ] Leaving safepoint region
[2019-12-11T08:01:12.986+0000][1][safepoint    ] Total time for which application threads were stopped: 0.0003074 seconds, Stopping threads took: 0.0000122 seconds
[2019-12-11T08:01:13.015+0000][1][safepoint    ] Application time: 0.0287540 seconds
[2019-12-11T08:01:13.015+0000][1][safepoint    ] Entering safepoint region: Deoptimize
[2019-12-11T08:01:13.015+0000][1][safepoint    ] Leaving safepoint region
[2019-12-11T08:01:13.015+0000][1][safepoint    ] Total time for which application threads were stopped: 0.0002420 seconds, Stopping threads took: 0.0000133 seconds
[2019-12-11T08:01:13.246+0000][1][safepoint    ] Application time: 0.2305945 seconds
[2019-12-11T08:01:13.246+0000][1][safepoint    ] Entering safepoint region: Deoptimize
[2019-12-11T08:01:13.246+0000][1][safepoint    ] Leaving safepoint region
[2019-12-11T08:01:13.246+0000][1][safepoint    ] Total time for which application threads were stopped: 0.0002874 seconds, Stopping threads took: 0.0000140 seconds
[2019-12-11T08:01:13.275+0000][1][safepoint    ] Application time: 0.0286599 seconds
[2019-12-11T08:01:13.278+0000][1][safepoint    ] Entering safepoint region: RevokeBias
[2019-12-11T08:01:13.278+0000][1][safepoint    ] Leaving safepoint region
[2019-12-11T08:01:13.278+0000][1][safepoint    ] Total time for which application threads were stopped: 0.0033403 seconds, Stopping threads took: 0.0032546 seconds
[2019-12-11T08:01:13.278+0000][1][safepoint    ] Application time: 0.0000665 seconds
[2019-12-11T08:01:13.278+0000][1][safepoint    ] Entering safepoint region: RevokeBias
[2019-12-11T08:01:13.278+0000][1][safepoint    ] Leaving safepoint region
[2019-12-11T08:01:13.278+0000][1][safepoint    ] Total time for which application threads were stopped: 0.0000457 seconds, Stopping threads took: 0.0000087 seconds
[2019-12-11T08:01:13.278+0000][1][safepoint    ] Application time: 0.0000776 seconds
[2019-12-11T08:01:13.278+0000][1][safepoint    ] Entering safepoint region: RevokeBias
[2019-12-11T08:01:13.278+0000][1][safepoint    ] Leaving safepoint region
[2019-12-11T08:01:13.278+0000][1][safepoint    ] Total time for which application threads were stopped: 0.0000509 seconds, Stopping threads took: 0.0000077 seconds
[2019-12-11T08:01:13.279+0000][1][safepoint    ] Application time: 0.0001519 seconds
[2019-12-11T08:01:13.279+0000][1][safepoint    ] Entering safepoint region: RevokeBias
[2019-12-11T08:01:13.279+0000][1][safepoint    ] Leaving safepoint region
[2019-12-11T08:01:13.279+0000][1][safepoint    ] Total time for which application threads were stopped: 0.0000522 seconds, Stopping threads took: 0.0000078 seconds
[2019-12-11T08:01:13.279+0000][1][safepoint    ] Application time: 0.0003189 seconds
[2019-12-11T08:01:13.279+0000][1][safepoint    ] Entering safepoint region: RevokeBias
[2019-12-11T08:01:13.279+0000][1][safepoint    ] Leaving safepoint region
[2019-12-11T08:01:13.279+0000][1][safepoint    ] Total time for which application threads were stopped: 0.0000617 seconds, Stopping threads took: 0.0000094 seconds
[2019-12-11T08:01:14.291+0000][1][safepoint    ] Application time: 1.0117801 seconds
[2019-12-11T08:01:14.306+0000][1][safepoint    ] Entering safepoint region: Cleanup
[2019-12-11T08:01:14.306+0000][1][safepoint    ] Leaving safepoint region
[2019-12-11T08:01:14.306+0000][1][safepoint    ] Total time for which application threads were stopped: 0.0150073 seconds, Stopping threads took: 0.0149297 seconds
[2019-12-11T08:01:14.885+0000][1][safepoint    ] Application time: 0.5788811 seconds
[2019-12-11T08:01:14.885+0000][1][safepoint    ] Entering safepoint region: GenCollectForAllocation
[2019-12-11T08:01:14.885+0000][1][gc,start     ] GC(0) Pause Young (Allocation Failure)
[2019-12-11T08:01:14.885+0000][1][gc,task      ] GC(0) Using 2 workers of 2 for evacuation
[2019-12-11T08:01:14.969+0000][1][gc,age       ] GC(0) Desired survivor size 4456448 bytes, new threshold 1 (max threshold 6)
[2019-12-11T08:01:14.969+0000][1][gc,age       ] GC(0) Age table with threshold 1 (max threshold 6)
[2019-12-11T08:01:14.969+0000][1][gc,age       ] GC(0) - age   1:    6674656 bytes,    6674656 total
[2019-12-11T08:01:14.969+0000][1][gc,heap      ] GC(0) ParNew: 69952K->6567K(78656K)
[2019-12-11T08:01:14.969+0000][1][gc,heap      ] GC(0) CMS: 0K->0K(174784K)
[2019-12-11T08:01:14.969+0000][1][gc,metaspace ] GC(0) Metaspace: 12992K->12992K(1060864K)
[2019-12-11T08:01:14.969+0000][1][gc           ] GC(0) Pause Young (Allocation Failure) 68M->6M(247M) 84.316ms
[2019-12-11T08:01:14.969+0000][1][gc,cpu       ] GC(0) User=0.02s Sys=0.00s Real=0.08s
[2019-12-11T08:01:14.969+0000][1][safepoint    ] Leaving safepoint region
[2019-12-11T08:01:14.969+0000][1][safepoint    ] Total time for which application threads were stopped: 0.0844747 seconds, Stopping threads took: 0.0000127 seconds
[2019-12-11T08:01:14.973+0000][1][safepoint    ] Application time: 0.0041988 seconds
[2019-12-11T08:01:14.974+0000][1][safepoint    ] Entering safepoint region: RevokeBias
[2019-12-11T08:01:14.974+0000][1][safepoint    ] Leaving safepoint region
[2019-12-11T08:01:14.974+0000][1][safepoint    ] Total time for which application threads were stopped: 0.0001786 seconds, Stopping threads took: 0.0000543 seconds
[2019-12-11T08:01:14.974+0000][1][safepoint    ] Application time: 0.0001369 seconds
[2019-12-11T08:01:14.974+0000][1][safepoint    ] Entering safepoint region: RevokeBias
[2019-12-11T08:01:14.974+0000][1][safepoint    ] Leaving safepoint region
[2019-12-11T08:01:14.974+0000][1][safepoint    ] Total time for which application threads were stopped: 0.0000641 seconds, Stopping threads took: 0.0000087 seconds
[2019-12-11T08:01:14.974+0000][1][safepoint    ] Application time: 0.0000585 seconds
[2019-12-11T08:01:14.974+0000][1][safepoint    ] Entering safepoint region: RevokeBias
[2019-12-11T08:01:14.974+0000][1][safepoint    ] Leaving safepoint region
[2019-12-11T08:01:14.974+0000][1][safepoint    ] Total time for which application threads were stopped: 0.0000596 seconds, Stopping threads took: 0.0000075 seconds
[2019-12-11T08:01:14.974+0000][1][safepoint    ] Application time: 0.0000461 seconds
[2019-12-11T08:01:14.974+0000][1][safepoint    ] Entering safepoint region: RevokeBias
[2019-12-11T08:01:14.974+0000][1][safepoint    ] Leaving safepoint region
[2019-12-11T08:01:14.974+0000][1][safepoint    ] Total time for which application threads were stopped: 0.0000529 seconds, Stopping threads took: 0.0000075 seconds
[2019-12-11T08:01:14.988+0000][1][safepoint    ] Application time: 0.0136236 seconds
[2019-12-11T08:01:14.988+0000][1][safepoint    ] Entering safepoint region: RevokeBias
[2019-12-11T08:01:14.988+0000][1][safepoint    ] Leaving safepoint region
[2019-12-11T08:01:14.988+0000][1][safepoint    ] Total time for which application threads were stopped: 0.0001042 seconds, Stopping threads took: 0.0000118 seconds
[2019-12-11T08:01:14.988+0000][1][safepoint    ] Application time: 0.0000597 seconds
[2019-12-11T08:01:14.988+0000][1][safepoint    ] Entering safepoint region: RevokeBias
[2019-12-11T08:01:14.988+0000][1][safepoint    ] Leaving safepoint region
[2019-12-11T08:01:14.988+0000][1][safepoint    ] Total time for which application threads were stopped: 0.0000610 seconds, Stopping threads took: 0.0000070 seconds
[2019-12-11T08:01:14.988+0000][1][safepoint    ] Application time: 0.0000673 seconds
[2019-12-11T08:01:14.988+0000][1][safepoint    ] Entering safepoint region: RevokeBias
[2019-12-11T08:01:14.988+0000][1][safepoint    ] Leaving safepoint region
[2019-12-11T08:01:14.988+0000][1][safepoint    ] Total time for which application threads were stopped: 0.0000575 seconds, Stopping threads took: 0.0000074 seconds
[2019-12-11T08:01:14.988+0000][1][safepoint    ] Application time: 0.0000460 seconds
[2019-12-11T08:01:14.988+0000][1][safepoint    ] Entering safepoint region: RevokeBias
[2019-12-11T08:01:14.988+0000][1][safepoint    ] Leaving safepoint region
[2019-12-11T08:01:14.988+0000][1][safepoint    ] Total time for which application threads were stopped: 0.0000529 seconds, Stopping threads took: 0.0000072 seconds
[2019-12-11T08:01:14.988+0000][1][safepoint    ] Application time: 0.0000516 seconds
[2019-12-11T08:01:14.988+0000][1][safepoint    ] Entering safepoint region: RevokeBias
[2019-12-11T08:01:14.988+0000][1][safepoint    ] Leaving safepoint region
[2019-12-11T08:01:14.988+0000][1][safepoint    ] Total time for which application threads were stopped: 0.0000532 seconds, Stopping threads took: 0.0000073 seconds
[2019-12-11T08:01:14.988+0000][1][safepoint    ] Application time: 0.0000449 seconds
[2019-12-11T08:01:14.988+0000][1][safepoint    ] Entering safepoint region: RevokeBias
[2019-12-11T08:01:14.989+0000][1][safepoint    ] Leaving safepoint region
[2019-12-11T08:01:14.989+0000][1][safepoint    ] Total time for which application threads were stopped: 0.0000659 seconds, Stopping threads took: 0.0000153 seconds
[2019-12-11T08:01:14.989+0000][1][safepoint    ] Application time: 0.0000529 seconds
[2019-12-11T08:01:14.989+0000][1][safepoint    ] Entering safepoint region: RevokeBias
[2019-12-11T08:01:14.989+0000][1][safepoint    ] Leaving safepoint region
[2019-12-11T08:01:14.989+0000][1][safepoint    ] Total time for which application threads were stopped: 0.0000533 seconds, Stopping threads took: 0.0000072 seconds
[2019-12-11T08:01:14.989+0000][1][safepoint    ] Application time: 0.0000598 seconds
[2019-12-11T08:01:14.989+0000][1][safepoint    ] Entering safepoint region: RevokeBias
[2019-12-11T08:01:14.989+0000][1][safepoint    ] Leaving safepoint region
[2019-12-11T08:01:14.989+0000][1][safepoint    ] Total time for which application threads were stopped: 0.0000670 seconds, Stopping threads took: 0.0000079 seconds
[2019-12-11T08:01:14.989+0000][1][safepoint    ] Application time: 0.0000543 seconds
[2019-12-11T08:01:14.989+0000][1][safepoint    ] Entering safepoint region: RevokeBias
[2019-12-11T08:01:14.989+0000][1][safepoint    ] Leaving safepoint region
[2019-12-11T08:01:14.989+0000][1][safepoint    ] Total time for which application threads were stopped: 0.0000567 seconds, Stopping threads took: 0.0000072 seconds
[2019-12-11T08:01:14.989+0000][1][safepoint    ] Application time: 0.0000450 seconds
[2019-12-11T08:01:14.989+0000][1][safepoint    ] Entering safepoint region: RevokeBias
[2019-12-11T08:01:14.989+0000][1][safepoint    ] Leaving safepoint region
[2019-12-11T08:01:14.989+0000][1][safepoint    ] Total time for which application threads were stopped: 0.0000544 seconds, Stopping threads took: 0.0000070 seconds
[2019-12-11T08:01:14.989+0000][1][safepoint    ] Application time: 0.0000496 seconds
[2019-12-11T08:01:14.989+0000][1][safepoint    ] Entering safepoint region: RevokeBias
[2019-12-11T08:01:14.989+0000][1][safepoint    ] Leaving safepoint region
[2019-12-11T08:01:14.989+0000][1][safepoint    ] Total time for which application threads were stopped: 0.0000638 seconds, Stopping threads took: 0.0000072 seconds
[2019-12-11T08:01:14.989+0000][1][safepoint    ] Application time: 0.0000460 seconds
[2019-12-11T08:01:14.989+0000][1][safepoint    ] Entering safepoint region: RevokeBias
[2019-12-11T08:01:14.989+0000][1][safepoint    ] Leaving safepoint region
[2019-12-11T08:01:14.989+0000][1][safepoint    ] Total time for which application threads were stopped: 0.0000531 seconds, Stopping threads took: 0.0000071 seconds
[2019-12-11T08:01:14.989+0000][1][safepoint    ] Application time: 0.0000598 seconds
[2019-12-11T08:01:14.989+0000][1][safepoint    ] Entering safepoint region: RevokeBias
[2019-12-11T08:01:14.989+0000][1][safepoint    ] Leaving safepoint region
[2019-12-11T08:01:14.989+0000][1][safepoint    ] Total time for which application threads were stopped: 0.0000585 seconds, Stopping threads took: 0.0000073 seconds
[2019-12-11T08:01:14.989+0000][1][safepoint    ] Application time: 0.0000449 seconds
[2019-12-11T08:01:14.989+0000][1][safepoint    ] Entering safepoint region: RevokeBias
[2019-12-11T08:01:14.990+0000][1][safepoint    ] Leaving safepoint region
[2019-12-11T08:01:14.990+0000][1][safepoint    ] Total time for which application threads were stopped: 0.0000548 seconds, Stopping threads took: 0.0000069 seconds
[2019-12-11T08:01:14.990+0000][1][safepoint    ] Application time: 0.0000810 seconds
[2019-12-11T08:01:14.990+0000][1][safepoint    ] Entering safepoint region: RevokeBias
[2019-12-11T08:01:14.990+0000][1][safepoint    ] Leaving safepoint region
[2019-12-11T08:01:14.990+0000][1][safepoint    ] Total time for which application threads were stopped: 0.0000584 seconds, Stopping threads took: 0.0000075 seconds
[2019-12-11T08:01:14.990+0000][1][safepoint    ] Application time: 0.0000583 seconds
[2019-12-11T08:01:14.990+0000][1][safepoint    ] Entering safepoint region: RevokeBias
[2019-12-11T08:01:14.990+0000][1][safepoint    ] Leaving safepoint region
[2019-12-11T08:01:14.990+0000][1][safepoint    ] Total time for which application threads were stopped: 0.0000583 seconds, Stopping threads took: 0.0000127 seconds
[2019-12-11T08:01:14.990+0000][1][safepoint    ] Application time: 0.0000517 seconds
[2019-12-11T08:01:14.990+0000][1][safepoint    ] Entering safepoint region: RevokeBias
[2019-12-11T08:01:14.990+0000][1][safepoint    ] Leaving safepoint region
[2019-12-11T08:01:14.990+0000][1][safepoint    ] Total time for which application threads were stopped: 0.0000503 seconds, Stopping threads took: 0.0000062 seconds
[2019-12-11T08:01:14.990+0000][1][safepoint    ] Application time: 0.0000446 seconds
[2019-12-11T08:01:14.990+0000][1][safepoint    ] Entering safepoint region: RevokeBias
[2019-12-11T08:01:14.990+0000][1][safepoint    ] Leaving safepoint region
[2019-12-11T08:01:14.990+0000][1][safepoint    ] Total time for which application threads were stopped: 0.0000468 seconds, Stopping threads took: 0.0000063 seconds
[2019-12-11T08:01:14.990+0000][1][safepoint    ] Application time: 0.0000494 seconds
[2019-12-11T08:01:14.990+0000][1][safepoint    ] Entering safepoint region: RevokeBias
[2019-12-11T08:01:14.990+0000][1][safepoint    ] Leaving safepoint region
[2019-12-11T08:01:14.990+0000][1][safepoint    ] Total time for which application threads were stopped: 0.0000474 seconds, Stopping threads took: 0.0000066 seconds
[2019-12-11T08:01:14.990+0000][1][safepoint    ] Application time: 0.0000429 seconds
[2019-12-11T08:01:14.990+0000][1][safepoint    ] Entering safepoint region: RevokeBias
[2019-12-11T08:01:14.990+0000][1][safepoint    ] Leaving safepoint region
[2019-12-11T08:01:14.990+0000][1][safepoint    ] Total time for which application threads were stopped: 0.0000505 seconds, Stopping threads took: 0.0000062 seconds
[2019-12-11T08:01:14.990+0000][1][safepoint    ] Application time: 0.0000665 seconds
[2019-12-11T08:01:14.990+0000][1][safepoint    ] Entering safepoint region: RevokeBias
[2019-12-11T08:01:14.990+0000][1][safepoint    ] Leaving safepoint region
[2019-12-11T08:01:14.990+0000][1][safepoint    ] Total time for which application threads were stopped: 0.0000542 seconds, Stopping threads took: 0.0000069 seconds
[2019-12-11T08:01:14.990+0000][1][safepoint    ] Application time: 0.0000445 seconds
[2019-12-11T08:01:14.990+0000][1][safepoint    ] Entering safepoint region: RevokeBias
[2019-12-11T08:01:14.990+0000][1][safepoint    ] Leaving safepoint region
[2019-12-11T08:01:14.990+0000][1][safepoint    ] Total time for which application threads were stopped: 0.0000484 seconds, Stopping threads took: 0.0000062 seconds
[2019-12-11T08:01:14.991+0000][1][safepoint    ] Application time: 0.0003613 seconds
[2019-12-11T08:01:14.991+0000][1][safepoint    ] Entering safepoint region: RevokeBias
[2019-12-11T08:01:14.991+0000][1][safepoint    ] Leaving safepoint region
[2019-12-11T08:01:14.991+0000][1][safepoint    ] Total time for which application threads were stopped: 0.0000768 seconds, Stopping threads took: 0.0000094 seconds
[2019-12-11T08:01:14.991+0000][1][safepoint    ] Application time: 0.0000545 seconds
[2019-12-11T08:01:14.991+0000][1][safepoint    ] Entering safepoint region: RevokeBias
[2019-12-11T08:01:14.991+0000][1][safepoint    ] Leaving safepoint region
[2019-12-11T08:01:14.991+0000][1][safepoint    ] Total time for which application threads were stopped: 0.0000579 seconds, Stopping threads took: 0.0000077 seconds
[2019-12-11T08:01:14.991+0000][1][safepoint    ] Application time: 0.0000622 seconds
[2019-12-11T08:01:14.991+0000][1][safepoint    ] Entering safepoint region: RevokeBias
[2019-12-11T08:01:14.991+0000][1][safepoint    ] Leaving safepoint region
[2019-12-11T08:01:14.991+0000][1][safepoint    ] Total time for which application threads were stopped: 0.0000562 seconds, Stopping threads took: 0.0000080 seconds
[2019-12-11T08:01:14.991+0000][1][safepoint    ] Application time: 0.0000514 seconds
[2019-12-11T08:01:14.991+0000][1][safepoint    ] Entering safepoint region: RevokeBias
[2019-12-11T08:01:14.991+0000][1][safepoint    ] Leaving safepoint region
[2019-12-11T08:01:14.991+0000][1][safepoint    ] Total time for which application threads were stopped: 0.0000661 seconds, Stopping threads took: 0.0000141 seconds
[2019-12-11T08:01:15.716+0000][1][safepoint    ] Application time: 0.7242909 seconds
[2019-12-11T08:01:15.716+0000][1][safepoint    ] Entering safepoint region: RevokeBias
[2019-12-11T08:01:15.716+0000][1][safepoint    ] Leaving safepoint region
[2019-12-11T08:01:15.716+0000][1][safepoint    ] Total time for which application threads were stopped: 0.0001303 seconds, Stopping threads took: 0.0000289 seconds
[2019-12-11T08:01:16.753+0000][1][safepoint    ] Application time: 1.0369960 seconds
[2019-12-11T08:01:16.817+0000][1][safepoint    ] Entering safepoint region: Cleanup
[2019-12-11T08:01:16.817+0000][1][safepoint    ] Leaving safepoint region
[2019-12-11T08:01:16.817+0000][1][safepoint    ] Total time for which application threads were stopped: 0.0640381 seconds, Stopping threads took: 0.0639806 seconds
[2019-12-11T08:01:17.487+0000][1][safepoint    ] Application time: 0.6703906 seconds
[2019-12-11T08:01:17.487+0000][1][safepoint    ] Entering safepoint region: RevokeBias
[2019-12-11T08:01:17.487+0000][1][safepoint    ] Leaving safepoint region
[2019-12-11T08:01:17.487+0000][1][safepoint    ] Total time for which application threads were stopped: 0.0001121 seconds, Stopping threads took: 0.0000125 seconds
[2019-12-11T08:01:18.488+0000][1][safepoint    ] Application time: 1.0003225 seconds
[2019-12-11T08:01:18.511+0000][1][safepoint    ] Entering safepoint region: Cleanup
[2019-12-11T08:01:18.511+0000][1][safepoint    ] Leaving safepoint region
[2019-12-11T08:01:18.511+0000][1][safepoint    ] Total time for which application threads were stopped: 0.0234654 seconds, Stopping threads took: 0.0233985 seconds
[2019-12-11T08:01:18.714+0000][1][safepoint    ] Application time: 0.2023680 seconds
[2019-12-11T08:01:18.714+0000][1][safepoint    ] Entering safepoint region: GenCollectForAllocation
[2019-12-11T08:01:18.714+0000][1][gc,start     ] GC(1) Pause Young (Allocation Failure)
[2019-12-11T08:01:18.714+0000][1][gc,task      ] GC(1) Using 2 workers of 2 for evacuation
[2019-12-11T08:01:19.010+0000][1][gc,age       ] GC(1) Desired survivor size 4456448 bytes, new threshold 6 (max threshold 6)
[2019-12-11T08:01:19.010+0000][1][gc,age       ] GC(1) Age table with threshold 6 (max threshold 6)
[2019-12-11T08:01:19.010+0000][1][gc,age       ] GC(1) - age   1:    1261424 bytes,    1261424 total
[2019-12-11T08:01:19.010+0000][1][gc,heap      ] GC(1) ParNew: 76519K->4270K(78656K)
[2019-12-11T08:01:19.010+0000][1][gc,heap      ] GC(1) CMS: 0K->7012K(174784K)
[2019-12-11T08:01:19.010+0000][1][gc,metaspace ] GC(1) Metaspace: 14933K->14933K(1062912K)
[2019-12-11T08:01:19.010+0000][1][gc           ] GC(1) Pause Young (Allocation Failure) 74M->11M(247M) 296.518ms
[2019-12-11T08:01:19.010+0000][1][gc,cpu       ] GC(1) User=0.06s Sys=0.00s Real=0.30s
[2019-12-11T08:01:19.010+0000][1][safepoint    ] Leaving safepoint region
[2019-12-11T08:01:19.010+0000][1][safepoint    ] Total time for which application threads were stopped: 0.2966725 seconds, Stopping threads took: 0.0000198 seconds
[2019-12-11T08:01:19.013+0000][1][safepoint    ] Application time: 0.0028350 seconds
[2019-12-11T08:01:19.013+0000][1][safepoint    ] Entering safepoint region: BulkRevokeBias
[2019-12-11T08:01:19.013+0000][1][safepoint    ] Leaving safepoint region
[2019-12-11T08:01:19.013+0000][1][safepoint    ] Total time for which application threads were stopped: 0.0001235 seconds, Stopping threads took: 0.0000126 seconds
[2019-12-11T08:01:19.013+0000][1][safepoint    ] Application time: 0.0001127 seconds
[2019-12-11T08:01:19.013+0000][1][safepoint    ] Entering safepoint region: RevokeBias
[2019-12-11T08:01:19.014+0000][1][safepoint    ] Leaving safepoint region
[2019-12-11T08:01:19.014+0000][1][safepoint    ] Total time for which application threads were stopped: 0.0000388 seconds, Stopping threads took: 0.0000081 seconds
[2019-12-11T08:01:19.014+0000][1][safepoint    ] Application time: 0.0000706 seconds
[2019-12-11T08:01:19.014+0000][1][safepoint    ] Entering safepoint region: RevokeBias
[2019-12-11T08:01:19.014+0000][1][safepoint    ] Leaving safepoint region
[2019-12-11T08:01:19.014+0000][1][safepoint    ] Total time for which application threads were stopped: 0.0000382 seconds, Stopping threads took: 0.0000078 seconds
[2019-12-11T08:01:19.014+0000][1][safepoint    ] Application time: 0.0000581 seconds
[2019-12-11T08:01:19.014+0000][1][safepoint    ] Entering safepoint region: RevokeBias
[2019-12-11T08:01:19.014+0000][1][safepoint    ] Leaving safepoint region
[2019-12-11T08:01:19.014+0000][1][safepoint    ] Total time for which application threads were stopped: 0.0000365 seconds, Stopping threads took: 0.0000071 seconds
[2019-12-11T08:01:19.014+0000][1][safepoint    ] Application time: 0.0000515 seconds
[2019-12-11T08:01:19.014+0000][1][safepoint    ] Entering safepoint region: RevokeBias
[2019-12-11T08:01:19.014+0000][1][safepoint    ] Leaving safepoint region
[2019-12-11T08:01:19.014+0000][1][safepoint    ] Total time for which application threads were stopped: 0.0000408 seconds, Stopping threads took: 0.0000064 seconds
[2019-12-11T08:01:19.014+0000][1][safepoint    ] Application time: 0.0000515 seconds
[2019-12-11T08:01:19.014+0000][1][safepoint    ] Entering safepoint region: RevokeBias
[2019-12-11T08:01:19.014+0000][1][safepoint    ] Leaving safepoint region
[2019-12-11T08:01:19.014+0000][1][safepoint    ] Total time for which application threads were stopped: 0.0000349 seconds, Stopping threads took: 0.0000079 seconds
[2019-12-11T08:01:19.014+0000][1][safepoint    ] Application time: 0.0000587 seconds
[2019-12-11T08:01:19.014+0000][1][safepoint    ] Entering safepoint region: BulkRevokeBias
[2019-12-11T08:01:19.014+0000][1][safepoint    ] Leaving safepoint region
[2019-12-11T08:01:19.014+0000][1][safepoint    ] Total time for which application threads were stopped: 0.0000622 seconds, Stopping threads took: 0.0000086 seconds
[2019-12-11T08:01:19.014+0000][1][safepoint    ] Application time: 0.0000518 seconds
[2019-12-11T08:01:19.014+0000][1][safepoint    ] Entering safepoint region: RevokeBias
[2019-12-11T08:01:19.014+0000][1][safepoint    ] Leaving safepoint region
[2019-12-11T08:01:19.014+0000][1][safepoint    ] Total time for which application threads were stopped: 0.0000382 seconds, Stopping threads took: 0.0000085 seconds
[2019-12-11T08:01:19.020+0000][1][safepoint    ] Application time: 0.0054389 seconds
[2019-12-11T08:01:19.057+0000][1][safepoint    ] Entering safepoint region: BulkRevokeBias
[2019-12-11T08:01:19.057+0000][1][safepoint    ] Leaving safepoint region
[2019-12-11T08:01:19.057+0000][1][safepoint    ] Total time for which application threads were stopped: 0.0372075 seconds, Stopping threads took: 0.0370675 seconds
[2019-12-11T08:01:20.068+0000][1][safepoint    ] Application time: 1.0112025 seconds
[2019-12-11T08:01:20.107+0000][1][safepoint    ] Entering safepoint region: Cleanup
[2019-12-11T08:01:20.107+0000][1][safepoint    ] Leaving safepoint region
[2019-12-11T08:01:20.107+0000][1][safepoint    ] Total time for which application threads were stopped: 0.0385706 seconds, Stopping threads took: 0.0384863 seconds
[2019-12-11T08:01:20.611+0000][1][safepoint    ] Application time: 0.5039893 seconds
[2019-12-11T08:01:20.611+0000][1][safepoint    ] Entering safepoint region: GenCollectForAllocation
[2019-12-11T08:01:20.611+0000][1][gc,start     ] GC(2) Pause Young (Allocation Failure)
[2019-12-11T08:01:20.611+0000][1][gc,task      ] GC(2) Using 2 workers of 2 for evacuation
[2019-12-11T08:01:20.710+0000][1][gc,age       ] GC(2) Desired survivor size 4456448 bytes, new threshold 6 (max threshold 6)
[2019-12-11T08:01:20.710+0000][1][gc,age       ] GC(2) Age table with threshold 6 (max threshold 6)
[2019-12-11T08:01:20.710+0000][1][gc,age       ] GC(2) - age   1:    1088456 bytes,    1088456 total
[2019-12-11T08:01:20.710+0000][1][gc,age       ] GC(2) - age   2:     990976 bytes,    2079432 total
[2019-12-11T08:01:20.710+0000][1][gc,heap      ] GC(2) ParNew: 74222K->2363K(78656K)
[2019-12-11T08:01:20.710+0000][1][gc,heap      ] GC(2) CMS: 7012K->7012K(174784K)
[2019-12-11T08:01:20.710+0000][1][gc,metaspace ] GC(2) Metaspace: 15035K->15035K(1062912K)
[2019-12-11T08:01:20.710+0000][1][gc           ] GC(2) Pause Young (Allocation Failure) 79M->9M(247M) 99.198ms
[2019-12-11T08:01:20.710+0000][1][gc,cpu       ] GC(2) User=0.02s Sys=0.00s Real=0.10s
[2019-12-11T08:01:20.710+0000][1][safepoint    ] Leaving safepoint region
[2019-12-11T08:01:20.710+0000][1][safepoint    ] Total time for which application threads were stopped: 0.0993490 seconds, Stopping threads took: 0.0000138 seconds
[2019-12-11T08:01:20.712+0000][1][safepoint    ] Application time: 0.0018005 seconds
[2019-12-11T08:01:20.802+0000][1][safepoint    ] Entering safepoint region: RevokeBias
[2019-12-11T08:01:20.802+0000][1][safepoint    ] Leaving safepoint region
[2019-12-11T08:01:20.802+0000][1][safepoint    ] Total time for which application threads were stopped: 0.0901577 seconds, Stopping threads took: 0.0900534 seconds
[2019-12-11T08:01:20.802+0000][1][safepoint    ] Application time: 0.0000710 seconds
[2019-12-11T08:01:20.802+0000][1][safepoint    ] Entering safepoint region: RevokeBias
[2019-12-11T08:01:20.802+0000][1][safepoint    ] Leaving safepoint region
[2019-12-11T08:01:20.802+0000][1][safepoint    ] Total time for which application threads were stopped: 0.0000580 seconds, Stopping threads took: 0.0000096 seconds
[2019-12-11T08:01:20.802+0000][1][safepoint    ] Application time: 0.0000717 seconds
[2019-12-11T08:01:20.802+0000][1][safepoint    ] Entering safepoint region: RevokeBias
[2019-12-11T08:01:20.802+0000][1][safepoint    ] Leaving safepoint region
[2019-12-11T08:01:20.802+0000][1][safepoint    ] Total time for which application threads were stopped: 0.0000489 seconds, Stopping threads took: 0.0000077 seconds
[2019-12-11T08:01:20.802+0000][1][safepoint    ] Application time: 0.0000497 seconds
[2019-12-11T08:01:20.802+0000][1][safepoint    ] Entering safepoint region: RevokeBias
[2019-12-11T08:01:20.802+0000][1][safepoint    ] Leaving safepoint region
[2019-12-11T08:01:20.802+0000][1][safepoint    ] Total time for which application threads were stopped: 0.0000411 seconds, Stopping threads took: 0.0000067 seconds
[2019-12-11T08:01:20.803+0000][1][safepoint    ] Application time: 0.0000521 seconds
[2019-12-11T08:01:20.803+0000][1][safepoint    ] Entering safepoint region: RevokeBias
[2019-12-11T08:01:20.803+0000][1][safepoint    ] Leaving safepoint region
[2019-12-11T08:01:20.803+0000][1][safepoint    ] Total time for which application threads were stopped: 0.0000397 seconds, Stopping threads took: 0.0000067 seconds
[2019-12-11T08:01:20.803+0000][1][safepoint    ] Application time: 0.0000435 seconds
[2019-12-11T08:01:20.803+0000][1][safepoint    ] Entering safepoint region: RevokeBias
[2019-12-11T08:01:20.803+0000][1][safepoint    ] Leaving safepoint region
[2019-12-11T08:01:20.803+0000][1][safepoint    ] Total time for which application threads were stopped: 0.0000562 seconds, Stopping threads took: 0.0000066 seconds
[2019-12-11T08:01:20.803+0000][1][safepoint    ] Application time: 0.0000481 seconds
[2019-12-11T08:01:20.803+0000][1][safepoint    ] Entering safepoint region: RevokeBias
[2019-12-11T08:01:20.803+0000][1][safepoint    ] Leaving safepoint region
[2019-12-11T08:01:20.803+0000][1][safepoint    ] Total time for which application threads were stopped: 0.0000391 seconds, Stopping threads took: 0.0000066 seconds
[2019-12-11T08:01:20.803+0000][1][safepoint    ] Application time: 0.0000437 seconds
[2019-12-11T08:01:20.803+0000][1][safepoint    ] Entering safepoint region: RevokeBias
[2019-12-11T08:01:20.803+0000][1][safepoint    ] Leaving safepoint region
[2019-12-11T08:01:20.803+0000][1][safepoint    ] Total time for which application threads were stopped: 0.0000382 seconds, Stopping threads took: 0.0000066 seconds
[2019-12-11T08:01:20.803+0000][1][safepoint    ] Application time: 0.0000455 seconds
[2019-12-11T08:01:20.803+0000][1][safepoint    ] Entering safepoint region: RevokeBias
[2019-12-11T08:01:20.803+0000][1][safepoint    ] Leaving safepoint region
[2019-12-11T08:01:20.803+0000][1][safepoint    ] Total time for which application threads were stopped: 0.0000478 seconds, Stopping threads took: 0.0000159 seconds
[2019-12-11T08:01:20.803+0000][1][safepoint    ] Application time: 0.0000425 seconds
[2019-12-11T08:01:20.803+0000][1][safepoint    ] Entering safepoint region: RevokeBias
[2019-12-11T08:01:20.803+0000][1][safepoint    ] Leaving safepoint region
[2019-12-11T08:01:20.803+0000][1][safepoint    ] Total time for which application threads were stopped: 0.0000372 seconds, Stopping threads took: 0.0000064 seconds
[2019-12-11T08:01:20.803+0000][1][safepoint    ] Application time: 0.0000452 seconds
[2019-12-11T08:01:20.803+0000][1][safepoint    ] Entering safepoint region: RevokeBias
[2019-12-11T08:01:20.803+0000][1][safepoint    ] Leaving safepoint region
[2019-12-11T08:01:20.803+0000][1][safepoint    ] Total time for which application threads were stopped: 0.0000408 seconds, Stopping threads took: 0.0000096 seconds
[2019-12-11T08:01:20.803+0000][1][safepoint    ] Application time: 0.0000429 seconds
[2019-12-11T08:01:20.803+0000][1][safepoint    ] Entering safepoint region: RevokeBias
[2019-12-11T08:01:20.803+0000][1][safepoint    ] Leaving safepoint region
[2019-12-11T08:01:20.803+0000][1][safepoint    ] Total time for which application threads were stopped: 0.0000367 seconds, Stopping threads took: 0.0000064 seconds
[2019-12-11T08:01:20.803+0000][1][safepoint    ] Application time: 0.0000455 seconds
[2019-12-11T08:01:20.803+0000][1][safepoint    ] Entering safepoint region: RevokeBias
[2019-12-11T08:01:20.803+0000][1][safepoint    ] Leaving safepoint region
[2019-12-11T08:01:20.803+0000][1][safepoint    ] Total time for which application threads were stopped: 0.0000373 seconds, Stopping threads took: 0.0000065 seconds
[2019-12-11T08:01:20.803+0000][1][safepoint    ] Application time: 0.0000426 seconds
[2019-12-11T08:01:20.803+0000][1][safepoint    ] Entering safepoint region: RevokeBias
[2019-12-11T08:01:20.803+0000][1][safepoint    ] Leaving safepoint region
[2019-12-11T08:01:20.803+0000][1][safepoint    ] Total time for which application threads were stopped: 0.0000381 seconds, Stopping threads took: 0.0000066 seconds
[2019-12-11T08:01:20.804+0000][1][safepoint    ] Application time: 0.0000446 seconds
[2019-12-11T08:01:20.804+0000][1][safepoint    ] Entering safepoint region: RevokeBias
[2019-12-11T08:01:20.804+0000][1][safepoint    ] Leaving safepoint region
[2019-12-11T08:01:20.804+0000][1][safepoint    ] Total time for which application threads were stopped: 0.0000375 seconds, Stopping threads took: 0.0000062 seconds
[2019-12-11T08:01:20.804+0000][1][safepoint    ] Application time: 0.0000437 seconds
[2019-12-11T08:01:20.804+0000][1][safepoint    ] Entering safepoint region: RevokeBias
[2019-12-11T08:01:20.804+0000][1][safepoint    ] Leaving safepoint region
[2019-12-11T08:01:20.804+0000][1][safepoint    ] Total time for which application threads were stopped: 0.0000506 seconds, Stopping threads took: 0.0000063 seconds
[2019-12-11T08:01:20.804+0000][1][safepoint    ] Application time: 0.0000478 seconds
[2019-12-11T08:01:20.804+0000][1][safepoint    ] Entering safepoint region: RevokeBias
[2019-12-11T08:01:20.804+0000][1][safepoint    ] Leaving safepoint region
[2019-12-11T08:01:20.804+0000][1][safepoint    ] Total time for which application threads were stopped: 0.0000387 seconds, Stopping threads took: 0.0000065 seconds
[2019-12-11T08:01:20.804+0000][1][safepoint    ] Application time: 0.0000428 seconds
[2019-12-11T08:01:20.804+0000][1][safepoint    ] Entering safepoint region: RevokeBias
[2019-12-11T08:01:20.804+0000][1][safepoint    ] Leaving safepoint region
[2019-12-11T08:01:20.804+0000][1][safepoint    ] Total time for which application threads were stopped: 0.0000389 seconds, Stopping threads took: 0.0000069 seconds
[2019-12-11T08:01:21.952+0000][1][safepoint    ] Application time: 1.1478557 seconds
[2019-12-11T08:01:21.952+0000][1][safepoint    ] Entering safepoint region: Deoptimize
[2019-12-11T08:01:21.952+0000][1][safepoint    ] Leaving safepoint region
[2019-12-11T08:01:21.952+0000][1][safepoint    ] Total time for which application threads were stopped: 0.0005559 seconds, Stopping threads took: 0.0000217 seconds
[2019-12-11T08:01:21.955+0000][1][safepoint    ] Application time: 0.0028054 seconds
[2019-12-11T08:01:21.955+0000][1][safepoint    ] Entering safepoint region: Deoptimize
[2019-12-11T08:01:21.956+0000][1][safepoint    ] Leaving safepoint region
[2019-12-11T08:01:21.956+0000][1][safepoint    ] Total time for which application threads were stopped: 0.0003419 seconds, Stopping threads took: 0.0000137 seconds
[2019-12-11T08:01:22.958+0000][1][safepoint    ] Application time: 1.0022703 seconds
[2019-12-11T08:01:22.958+0000][1][safepoint    ] Entering safepoint region: Cleanup
[2019-12-11T08:01:22.958+0000][1][safepoint    ] Leaving safepoint region
[2019-12-11T08:01:22.958+0000][1][safepoint    ] Total time for which application threads were stopped: 0.0000805 seconds, Stopping threads took: 0.0000144 seconds
[2019-12-11T08:01:23.642+0000][1][safepoint    ] Application time: 0.6844073 seconds
[2019-12-11T08:01:23.642+0000][1][safepoint    ] Entering safepoint region: GenCollectForAllocation
[2019-12-11T08:01:23.642+0000][1][gc,start     ] GC(3) Pause Young (Allocation Failure)
[2019-12-11T08:01:23.642+0000][1][gc,task      ] GC(3) Using 2 workers of 2 for evacuation
[2019-12-11T08:01:23.692+0000][1][gc,age       ] GC(3) Desired survivor size 4456448 bytes, new threshold 3 (max threshold 6)
[2019-12-11T08:01:23.692+0000][1][gc,age       ] GC(3) Age table with threshold 3 (max threshold 6)
[2019-12-11T08:01:23.692+0000][1][gc,age       ] GC(3) - age   1:    3211904 bytes,    3211904 total
[2019-12-11T08:01:23.692+0000][1][gc,age       ] GC(3) - age   2:    1066000 bytes,    4277904 total
[2019-12-11T08:01:23.692+0000][1][gc,age       ] GC(3) - age   3:     988848 bytes,    5266752 total
[2019-12-11T08:01:23.692+0000][1][gc,heap      ] GC(3) ParNew: 72315K->6052K(78656K)
[2019-12-11T08:01:23.692+0000][1][gc,heap      ] GC(3) CMS: 7012K->7012K(174784K)
[2019-12-11T08:01:23.692+0000][1][gc,metaspace ] GC(3) Metaspace: 18533K->18533K(1067008K)
[2019-12-11T08:01:23.692+0000][1][gc           ] GC(3) Pause Young (Allocation Failure) 77M->12M(247M) 49.541ms
[2019-12-11T08:01:23.692+0000][1][gc,cpu       ] GC(3) User=0.01s Sys=0.00s Real=0.05s
[2019-12-11T08:01:23.692+0000][1][safepoint    ] Leaving safepoint region
[2019-12-11T08:01:23.692+0000][1][safepoint    ] Total time for which application threads were stopped: 0.0497033 seconds, Stopping threads took: 0.0000140 seconds
[2019-12-11T08:01:23.695+0000][1][safepoint    ] Application time: 0.0028759 seconds
[2019-12-11T08:01:23.695+0000][1][safepoint    ] Entering safepoint region: RevokeBias
[2019-12-11T08:01:23.695+0000][1][safepoint    ] Leaving safepoint region
[2019-12-11T08:01:23.695+0000][1][safepoint    ] Total time for which application threads were stopped: 0.0001552 seconds, Stopping threads took: 0.0000533 seconds
[2019-12-11T08:01:23.696+0000][1][safepoint    ] Application time: 0.0007145 seconds
[2019-12-11T08:01:23.696+0000][1][safepoint    ] Entering safepoint region: RevokeBias
[2019-12-11T08:01:23.696+0000][1][safepoint    ] Leaving safepoint region
[2019-12-11T08:01:23.696+0000][1][safepoint    ] Total time for which application threads were stopped: 0.0000788 seconds, Stopping threads took: 0.0000114 seconds
[2019-12-11T08:01:23.696+0000][1][safepoint    ] Application time: 0.0001719 seconds
[2019-12-11T08:01:23.696+0000][1][safepoint    ] Entering safepoint region: RevokeBias
[2019-12-11T08:01:23.696+0000][1][safepoint    ] Leaving safepoint region
[2019-12-11T08:01:23.696+0000][1][safepoint    ] Total time for which application threads were stopped: 0.0000601 seconds, Stopping threads took: 0.0000091 seconds
[2019-12-11T08:01:23.696+0000][1][safepoint    ] Application time: 0.0000534 seconds
[2019-12-11T08:01:23.696+0000][1][safepoint    ] Entering safepoint region: RevokeBias
[2019-12-11T08:01:23.696+0000][1][safepoint    ] Leaving safepoint region
[2019-12-11T08:01:23.696+0000][1][safepoint    ] Total time for which application threads were stopped: 0.0000626 seconds, Stopping threads took: 0.0000081 seconds
[2019-12-11T08:01:23.696+0000][1][safepoint    ] Application time: 0.0000596 seconds
[2019-12-11T08:01:23.696+0000][1][safepoint    ] Entering safepoint region: RevokeBias
[2019-12-11T08:01:23.696+0000][1][safepoint    ] Leaving safepoint region
[2019-12-11T08:01:23.696+0000][1][safepoint    ] Total time for which application threads were stopped: 0.0000677 seconds, Stopping threads took: 0.0000087 seconds
[2019-12-11T08:01:23.697+0000][1][safepoint    ] Application time: 0.0000612 seconds
[2019-12-11T08:01:23.697+0000][1][safepoint    ] Entering safepoint region: RevokeBias
[2019-12-11T08:01:23.697+0000][1][safepoint    ] Leaving safepoint region
[2019-12-11T08:01:23.697+0000][1][safepoint    ] Total time for which application threads were stopped: 0.0000494 seconds, Stopping threads took: 0.0000071 seconds
[2019-12-11T08:01:23.715+0000][1][safepoint    ] Application time: 0.0186190 seconds
[2019-12-11T08:01:23.715+0000][1][safepoint    ] Entering safepoint region: BulkRevokeBias
[2019-12-11T08:01:23.715+0000][1][safepoint    ] Leaving safepoint region
[2019-12-11T08:01:23.715+0000][1][safepoint    ] Total time for which application threads were stopped: 0.0000880 seconds, Stopping threads took: 0.0000109 seconds
[2019-12-11T08:01:24.574+0000][1][safepoint    ] Application time: 0.8583761 seconds
[2019-12-11T08:01:24.574+0000][1][safepoint    ] Entering safepoint region: GenCollectForAllocation
[2019-12-11T08:01:24.574+0000][1][gc,start     ] GC(4) Pause Young (Allocation Failure)
[2019-12-11T08:01:24.574+0000][1][gc,task      ] GC(4) Using 2 workers of 2 for evacuation
[2019-12-11T08:01:24.700+0000][1][gc,age       ] GC(4) Desired survivor size 4456448 bytes, new threshold 2 (max threshold 6)
[2019-12-11T08:01:24.700+0000][1][gc,age       ] GC(4) Age table with threshold 2 (max threshold 6)
[2019-12-11T08:01:24.700+0000][1][gc,age       ] GC(4) - age   1:    2046664 bytes,    2046664 total
[2019-12-11T08:01:24.700+0000][1][gc,age       ] GC(4) - age   2:    2647336 bytes,    4694000 total
[2019-12-11T08:01:24.700+0000][1][gc,age       ] GC(4) - age   3:    1066000 bytes,    5760000 total
[2019-12-11T08:01:24.700+0000][1][gc,heap      ] GC(4) ParNew: 76004K->8075K(78656K)
[2019-12-11T08:01:24.700+0000][1][gc,heap      ] GC(4) CMS: 7012K->7991K(174784K)
[2019-12-11T08:01:24.700+0000][1][gc,metaspace ] GC(4) Metaspace: 18742K->18742K(1067008K)
[2019-12-11T08:01:24.700+0000][1][gc           ] GC(4) Pause Young (Allocation Failure) 81M->15M(247M) 126.086ms
[2019-12-11T08:01:24.700+0000][1][gc,cpu       ] GC(4) User=0.03s Sys=0.00s Real=0.13s
[2019-12-11T08:01:24.700+0000][1][safepoint    ] Leaving safepoint region
[2019-12-11T08:01:24.700+0000][1][safepoint    ] Total time for which application threads were stopped: 0.1262611 seconds, Stopping threads took: 0.0000168 seconds
[2019-12-11T08:01:24.745+0000][1][safepoint    ] Application time: 0.0446907 seconds
[2019-12-11T08:01:24.745+0000][1][safepoint    ] Entering safepoint region: RevokeBias
[2019-12-11T08:01:24.745+0000][1][safepoint    ] Leaving safepoint region
[2019-12-11T08:01:24.745+0000][1][safepoint    ] Total time for which application threads were stopped: 0.0000996 seconds, Stopping threads took: 0.0000438 seconds
[2019-12-11T08:01:24.769+0000][1][safepoint    ] Application time: 0.0238474 seconds
[2019-12-11T08:01:24.769+0000][1][safepoint    ] Entering safepoint region: RevokeBias
[2019-12-11T08:01:24.769+0000][1][safepoint    ] Leaving safepoint region
[2019-12-11T08:01:24.769+0000][1][safepoint    ] Total time for which application threads were stopped: 0.0001098 seconds, Stopping threads took: 0.0000501 seconds
[2019-12-11T08:01:24.773+0000][1][safepoint    ] Application time: 0.0039996 seconds
[2019-12-11T08:01:24.773+0000][1][safepoint    ] Entering safepoint region: RevokeBias
[2019-12-11T08:01:24.773+0000][1][safepoint    ] Leaving safepoint region
[2019-12-11T08:01:24.773+0000][1][safepoint    ] Total time for which application threads were stopped: 0.0001381 seconds, Stopping threads took: 0.0000509 seconds
[2019-12-11T08:01:24.820+0000][1][safepoint    ] Application time: 0.0466591 seconds
[2019-12-11T08:01:24.820+0000][1][safepoint    ] Entering safepoint region: RevokeBias
[2019-12-11T08:01:24.820+0000][1][safepoint    ] Leaving safepoint region
[2019-12-11T08:01:24.820+0000][1][safepoint    ] Total time for which application threads were stopped: 0.0000921 seconds, Stopping threads took: 0.0000152 seconds
[2019-12-11T08:01:24.849+0000][1][safepoint    ] Application time: 0.0293900 seconds
[2019-12-11T08:01:24.849+0000][1][safepoint    ] Entering safepoint region: Deoptimize
[2019-12-11T08:01:24.850+0000][1][safepoint    ] Leaving safepoint region
[2019-12-11T08:01:24.850+0000][1][safepoint    ] Total time for which application threads were stopped: 0.0004375 seconds, Stopping threads took: 0.0000142 seconds
[2019-12-11T08:01:25.316+0000][1][safepoint    ] Application time: 0.4660838 seconds
[2019-12-11T08:01:25.316+0000][1][safepoint    ] Entering safepoint region: Deoptimize
[2019-12-11T08:01:25.316+0000][1][safepoint    ] Leaving safepoint region
[2019-12-11T08:01:25.316+0000][1][safepoint    ] Total time for which application threads were stopped: 0.0004345 seconds, Stopping threads took: 0.0000129 seconds
[2019-12-11T08:01:25.328+0000][1][safepoint    ] Application time: 0.0117318 seconds
[2019-12-11T08:01:25.328+0000][1][safepoint    ] Entering safepoint region: RevokeBias
[2019-12-11T08:01:25.328+0000][1][safepoint    ] Leaving safepoint region
[2019-12-11T08:01:25.328+0000][1][safepoint    ] Total time for which application threads were stopped: 0.0000716 seconds, Stopping threads took: 0.0000112 seconds
[2019-12-11T08:01:25.372+0000][1][safepoint    ] Application time: 0.0442470 seconds
[2019-12-11T08:01:25.372+0000][1][safepoint    ] Entering safepoint region: RevokeBias
[2019-12-11T08:01:25.372+0000][1][safepoint    ] Leaving safepoint region
[2019-12-11T08:01:25.373+0000][1][safepoint    ] Total time for which application threads were stopped: 0.0000745 seconds, Stopping threads took: 0.0000120 seconds
[2019-12-11T08:01:26.373+0000][1][safepoint    ] Application time: 1.0001865 seconds
[2019-12-11T08:01:26.406+0000][1][safepoint    ] Entering safepoint region: Cleanup
[2019-12-11T08:01:26.406+0000][1][safepoint    ] Leaving safepoint region
[2019-12-11T08:01:26.406+0000][1][safepoint    ] Total time for which application threads were stopped: 0.0331310 seconds, Stopping threads took: 0.0330658 seconds
[2019-12-11T08:01:26.409+0000][1][safepoint    ] Application time: 0.0036089 seconds
[2019-12-11T08:01:26.410+0000][1][safepoint    ] Entering safepoint region: GenCollectForAllocation
[2019-12-11T08:01:26.410+0000][1][gc,start     ] GC(5) Pause Young (Allocation Failure)
[2019-12-11T08:01:26.410+0000][1][gc,task      ] GC(5) Using 2 workers of 2 for evacuation
[2019-12-11T08:01:26.594+0000][1][gc,age       ] GC(5) Desired survivor size 4456448 bytes, new threshold 6 (max threshold 6)
[2019-12-11T08:01:26.594+0000][1][gc,age       ] GC(5) Age table with threshold 6 (max threshold 6)
[2019-12-11T08:01:26.594+0000][1][gc,age       ] GC(5) - age   1:    2965664 bytes,    2965664 total
[2019-12-11T08:01:26.594+0000][1][gc,age       ] GC(5) - age   2:     442208 bytes,    3407872 total
[2019-12-11T08:01:26.594+0000][1][gc,heap      ] GC(5) ParNew: 78027K->5228K(78656K)
[2019-12-11T08:01:26.594+0000][1][gc,heap      ] GC(5) CMS: 7991K->11648K(174784K)
[2019-12-11T08:01:26.594+0000][1][gc,metaspace ] GC(5) Metaspace: 19088K->19088K(1067008K)
[2019-12-11T08:01:26.594+0000][1][gc           ] GC(5) Pause Young (Allocation Failure) 84M->16M(247M) 184.845ms
[2019-12-11T08:01:26.594+0000][1][gc,cpu       ] GC(5) User=0.05s Sys=0.00s Real=0.18s
[2019-12-11T08:01:26.594+0000][1][safepoint    ] Leaving safepoint region
[2019-12-11T08:01:26.594+0000][1][safepoint    ] Total time for which application threads were stopped: 0.1849569 seconds, Stopping threads took: 0.0000122 seconds
[2019-12-11T08:01:26.630+0000][1][safepoint    ] Application time: 0.0353162 seconds
[2019-12-11T08:01:26.630+0000][1][safepoint    ] Entering safepoint region: RevokeBias
[2019-12-11T08:01:26.630+0000][1][safepoint    ] Leaving safepoint region
[2019-12-11T08:01:26.630+0000][1][safepoint    ] Total time for which application threads were stopped: 0.0001185 seconds, Stopping threads took: 0.0000455 seconds
[2019-12-11T08:01:26.660+0000][1][safepoint    ] Application time: 0.0297914 seconds
[2019-12-11T08:01:26.660+0000][1][safepoint    ] Entering safepoint region: RevokeBias
[2019-12-11T08:01:26.660+0000][1][safepoint    ] Leaving safepoint region
[2019-12-11T08:01:26.660+0000][1][safepoint    ] Total time for which application threads were stopped: 0.0001369 seconds, Stopping threads took: 0.0000704 seconds
[2019-12-11T08:01:26.660+0000][1][safepoint    ] Application time: 0.0000872 seconds
[2019-12-11T08:01:26.660+0000][1][safepoint    ] Entering safepoint region: RevokeBias
[2019-12-11T08:01:26.660+0000][1][safepoint    ] Leaving safepoint region
[2019-12-11T08:01:26.660+0000][1][safepoint    ] Total time for which application threads were stopped: 0.0000403 seconds, Stopping threads took: 0.0000080 seconds
[2019-12-11T08:01:26.660+0000][1][safepoint    ] Application time: 0.0000529 seconds
[2019-12-11T08:01:26.660+0000][1][safepoint    ] Entering safepoint region: RevokeBias
[2019-12-11T08:01:26.660+0000][1][safepoint    ] Leaving safepoint region
[2019-12-11T08:01:26.660+0000][1][safepoint    ] Total time for which application threads were stopped: 0.0000348 seconds, Stopping threads took: 0.0000080 seconds
[2019-12-11T08:01:26.660+0000][1][safepoint    ] Application time: 0.0000613 seconds
[2019-12-11T08:01:26.660+0000][1][safepoint    ] Entering safepoint region: RevokeBias
[2019-12-11T08:01:26.660+0000][1][safepoint    ] Leaving safepoint region
[2019-12-11T08:01:26.660+0000][1][safepoint    ] Total time for which application threads were stopped: 0.0000379 seconds, Stopping threads took: 0.0000081 seconds
[2019-12-11T08:01:26.660+0000][1][safepoint    ] Application time: 0.0000452 seconds
[2019-12-11T08:01:26.660+0000][1][safepoint    ] Entering safepoint region: RevokeBias
[2019-12-11T08:01:26.660+0000][1][safepoint    ] Leaving safepoint region
[2019-12-11T08:01:26.660+0000][1][safepoint    ] Total time for which application threads were stopped: 0.0000299 seconds, Stopping threads took: 0.0000069 seconds
[2019-12-11T08:01:27.626+0000][1][safepoint    ] Application time: 0.9653476 seconds
[2019-12-11T08:01:27.626+0000][1][safepoint    ] Entering safepoint region: RevokeBias
[2019-12-11T08:01:27.626+0000][1][safepoint    ] Leaving safepoint region
[2019-12-11T08:01:27.626+0000][1][safepoint    ] Total time for which application threads were stopped: 0.0000863 seconds, Stopping threads took: 0.0000140 seconds
[2019-12-11T08:01:27.634+0000][1][safepoint    ] Application time: 0.0080514 seconds
[2019-12-11T08:01:27.634+0000][1][safepoint    ] Entering safepoint region: RevokeBias
[2019-12-11T08:01:27.634+0000][1][safepoint    ] Leaving safepoint region
[2019-12-11T08:01:27.634+0000][1][safepoint    ] Total time for which application threads were stopped: 0.0000583 seconds, Stopping threads took: 0.0000127 seconds
[2019-12-11T08:01:27.969+0000][1][safepoint    ] Application time: 0.3349302 seconds
[2019-12-11T08:01:27.969+0000][1][safepoint    ] Entering safepoint region: GenCollectForAllocation
[2019-12-11T08:01:27.969+0000][1][gc,start     ] GC(6) Pause Young (Allocation Failure)
[2019-12-11T08:01:27.969+0000][1][gc,task      ] GC(6) Using 2 workers of 2 for evacuation
[2019-12-11T08:01:27.997+0000][1][gc,age       ] GC(6) Desired survivor size 4456448 bytes, new threshold 6 (max threshold 6)
[2019-12-11T08:01:27.997+0000][1][gc,age       ] GC(6) Age table with threshold 6 (max threshold 6)
[2019-12-11T08:01:27.997+0000][1][gc,age       ] GC(6) - age   1:    1674488 bytes,    1674488 total
[2019-12-11T08:01:27.997+0000][1][gc,age       ] GC(6) - age   2:    2191344 bytes,    3865832 total
[2019-12-11T08:01:27.997+0000][1][gc,age       ] GC(6) - age   3:     442208 bytes,    4308040 total
[2019-12-11T08:01:27.997+0000][1][gc,heap      ] GC(6) ParNew: 75180K->5704K(78656K)
[2019-12-11T08:01:27.997+0000][1][gc,heap      ] GC(6) CMS: 11648K->11648K(174784K)
[2019-12-11T08:01:27.997+0000][1][gc,metaspace ] GC(6) Metaspace: 19399K->19399K(1067008K)
[2019-12-11T08:01:27.997+0000][1][gc           ] GC(6) Pause Young (Allocation Failure) 84M->16M(247M) 27.913ms
[2019-12-11T08:01:27.997+0000][1][gc,cpu       ] GC(6) User=0.01s Sys=0.00s Real=0.03s
[2019-12-11T08:01:27.997+0000][1][safepoint    ] Leaving safepoint region
[2019-12-11T08:01:27.997+0000][1][safepoint    ] Total time for which application threads were stopped: 0.0280402 seconds, Stopping threads took: 0.0000146 seconds
[2019-12-11T08:01:28.001+0000][1][safepoint    ] Application time: 0.0037835 seconds
[2019-12-11T08:01:28.037+0000][1][safepoint    ] Entering safepoint region: RevokeBias
[2019-12-11T08:01:28.037+0000][1][safepoint    ] Leaving safepoint region
[2019-12-11T08:01:28.037+0000][1][safepoint    ] Total time for which application threads were stopped: 0.0366074 seconds, Stopping threads took: 0.0365371 seconds
[2019-12-11T08:01:28.038+0000][1][safepoint    ] Application time: 0.0000691 seconds
[2019-12-11T08:01:28.038+0000][1][safepoint    ] Entering safepoint region: RevokeBias
[2019-12-11T08:01:28.038+0000][1][safepoint    ] Leaving safepoint region
[2019-12-11T08:01:28.038+0000][1][safepoint    ] Total time for which application threads were stopped: 0.0000458 seconds, Stopping threads took: 0.0000083 seconds
[2019-12-11T08:01:28.038+0000][1][safepoint    ] Application time: 0.0000833 seconds
[2019-12-11T08:01:28.038+0000][1][safepoint    ] Entering safepoint region: BulkRevokeBias
[2019-12-11T08:01:28.038+0000][1][safepoint    ] Leaving safepoint region
[2019-12-11T08:01:28.038+0000][1][safepoint    ] Total time for which application threads were stopped: 0.0000741 seconds, Stopping threads took: 0.0000071 seconds
[2019-12-11T08:01:28.038+0000][1][safepoint    ] Application time: 0.0000471 seconds
[2019-12-11T08:01:28.038+0000][1][safepoint    ] Entering safepoint region: BulkRevokeBias
[2019-12-11T08:01:28.038+0000][1][safepoint    ] Leaving safepoint region
[2019-12-11T08:01:28.038+0000][1][safepoint    ] Total time for which application threads were stopped: 0.0000539 seconds, Stopping threads took: 0.0000067 seconds
[2019-12-11T08:01:28.606+0000][1][safepoint    ] Application time: 0.5676564 seconds
[2019-12-11T08:01:28.606+0000][1][safepoint    ] Entering safepoint region: GenCollectForAllocation
[2019-12-11T08:01:28.606+0000][1][gc,start     ] GC(7) Pause Young (Allocation Failure)
[2019-12-11T08:01:28.606+0000][1][gc,task      ] GC(7) Using 2 workers of 2 for evacuation
[2019-12-11T08:01:28.635+0000][1][gc,age       ] GC(7) Desired survivor size 4456448 bytes, new threshold 6 (max threshold 6)
[2019-12-11T08:01:28.635+0000][1][gc,age       ] GC(7) Age table with threshold 6 (max threshold 6)
[2019-12-11T08:01:28.635+0000][1][gc,age       ] GC(7) - age   1:     424528 bytes,     424528 total
[2019-12-11T08:01:28.635+0000][1][gc,age       ] GC(7) - age   2:    1128880 bytes,    1553408 total
[2019-12-11T08:01:28.635+0000][1][gc,age       ] GC(7) - age   3:    2191264 bytes,    3744672 total
[2019-12-11T08:01:28.635+0000][1][gc,age       ] GC(7) - age   4:     442208 bytes,    4186880 total
[2019-12-11T08:01:28.635+0000][1][gc,heap      ] GC(7) ParNew: 75656K->6159K(78656K)
[2019-12-11T08:01:28.635+0000][1][gc,heap      ] GC(7) CMS: 11648K->11648K(174784K)
[2019-12-11T08:01:28.635+0000][1][gc,metaspace ] GC(7) Metaspace: 19689K->19689K(1067008K)
[2019-12-11T08:01:28.635+0000][1][gc           ] GC(7) Pause Young (Allocation Failure) 85M->17M(247M) 29.293ms
[2019-12-11T08:01:28.635+0000][1][gc,cpu       ] GC(7) User=0.01s Sys=0.00s Real=0.03s
[2019-12-11T08:01:28.635+0000][1][safepoint    ] Leaving safepoint region
[2019-12-11T08:01:28.635+0000][1][safepoint    ] Total time for which application threads were stopped: 0.0294262 seconds, Stopping threads took: 0.0000132 seconds
[2019-12-11T08:01:29.278+0000][1][safepoint    ] Application time: 0.6429625 seconds
[2019-12-11T08:01:29.278+0000][1][safepoint    ] Entering safepoint region: CollectForMetadataAllocation
[2019-12-11T08:01:29.278+0000][1][safepoint    ] Leaving safepoint region
[2019-12-11T08:01:29.278+0000][1][safepoint    ] Total time for which application threads were stopped: 0.0002525 seconds, Stopping threads took: 0.0000139 seconds
[2019-12-11T08:01:29.498+0000][1][safepoint    ] Application time: 0.2192577 seconds
[2019-12-11T08:01:29.498+0000][1][safepoint    ] Entering safepoint region: CollectForMetadataAllocation
[2019-12-11T08:01:29.498+0000][1][safepoint    ] Leaving safepoint region
[2019-12-11T08:01:29.498+0000][1][safepoint    ] Total time for which application threads were stopped: 0.0002564 seconds, Stopping threads took: 0.0000135 seconds
[2019-12-11T08:01:30.354+0000][1][safepoint    ] Application time: 0.8559120 seconds
[2019-12-11T08:01:30.354+0000][1][safepoint    ] Entering safepoint region: GenCollectForAllocation
[2019-12-11T08:01:30.354+0000][1][gc,start     ] GC(8) Pause Young (Allocation Failure)
[2019-12-11T08:01:30.354+0000][1][gc,task      ] GC(8) Using 2 workers of 2 for evacuation
[2019-12-11T08:01:30.459+0000][1][gc,age       ] GC(8) Desired survivor size 4456448 bytes, new threshold 4 (max threshold 6)
[2019-12-11T08:01:30.459+0000][1][gc,age       ] GC(8) Age table with threshold 4 (max threshold 6)
[2019-12-11T08:01:30.459+0000][1][gc,age       ] GC(8) - age   1:    1161488 bytes,    1161488 total
[2019-12-11T08:01:30.459+0000][1][gc,age       ] GC(8) - age   2:     387888 bytes,    1549376 total
[2019-12-11T08:01:30.459+0000][1][gc,age       ] GC(8) - age   3:    1128736 bytes,    2678112 total
[2019-12-11T08:01:30.459+0000][1][gc,age       ] GC(8) - age   4:    2189048 bytes,    4867160 total
[2019-12-11T08:01:30.459+0000][1][gc,age       ] GC(8) - age   5:     442208 bytes,    5309368 total
[2019-12-11T08:01:30.459+0000][1][gc,heap      ] GC(8) ParNew: 76111K->6139K(78656K)
[2019-12-11T08:01:30.459+0000][1][gc,heap      ] GC(8) CMS: 11648K->11648K(174784K)
[2019-12-11T08:01:30.459+0000][1][gc,metaspace ] GC(8) Metaspace: 20486K->20486K(1069056K)
[2019-12-11T08:01:30.459+0000][1][gc           ] GC(8) Pause Young (Allocation Failure) 85M->17M(247M) 104.978ms
[2019-12-11T08:01:30.459+0000][1][gc,cpu       ] GC(8) User=0.03s Sys=0.00s Real=0.11s
[2019-12-11T08:01:30.459+0000][1][safepoint    ] Leaving safepoint region
[2019-12-11T08:01:30.459+0000][1][safepoint    ] Total time for which application threads were stopped: 0.1051104 seconds, Stopping threads took: 0.0000144 seconds
[2019-12-11T08:01:30.482+0000][1][safepoint    ] Application time: 0.0231471 seconds
[2019-12-11T08:01:30.543+0000][1][safepoint    ] Entering safepoint region: CMS_Initial_Mark
[2019-12-11T08:01:30.543+0000][1][gc,start     ] GC(9) Pause Initial Mark
[2019-12-11T08:01:30.547+0000][1][gc           ] GC(9) Pause Initial Mark 20M->20M(247M) 3.672ms
[2019-12-11T08:01:30.547+0000][1][gc,cpu       ] GC(9) User=0.01s Sys=0.00s Real=0.01s
[2019-12-11T08:01:30.547+0000][1][safepoint    ] Leaving safepoint region
[2019-12-11T08:01:30.547+0000][1][safepoint    ] Total time for which application threads were stopped: 0.0645236 seconds, Stopping threads took: 0.0607449 seconds
[2019-12-11T08:01:30.547+0000][1][gc           ] GC(9) Concurrent Mark
[2019-12-11T08:01:30.660+0000][1][gc           ] GC(9) Concurrent Mark 113.279ms
[2019-12-11T08:01:30.660+0000][1][gc,cpu       ] GC(9) User=0.02s Sys=0.00s Real=0.11s
[2019-12-11T08:01:30.660+0000][1][gc           ] GC(9) Concurrent Preclean
[2019-12-11T08:01:30.661+0000][1][gc           ] GC(9) Concurrent Preclean 0.494ms
[2019-12-11T08:01:30.661+0000][1][gc,cpu       ] GC(9) User=0.01s Sys=0.00s Real=0.00s
[2019-12-11T08:01:30.661+0000][1][gc           ] GC(9) Concurrent Abortable Preclean
[2019-12-11T08:01:31.750+0000][1][safepoint    ] Application time: 1.2030829 seconds
[2019-12-11T08:01:31.750+0000][1][safepoint    ] Entering safepoint region: GenCollectForAllocation
[2019-12-11T08:01:31.750+0000][1][gc,start     ] GC(10) Pause Young (Allocation Failure)
[2019-12-11T08:01:31.750+0000][1][gc,task      ] GC(10) Using 2 workers of 2 for evacuation
[2019-12-11T08:01:31.838+0000][1][gc           ] GC(9) Concurrent Abortable Preclean 1177.142ms
[2019-12-11T08:01:31.838+0000][1][gc,cpu       ] GC(9) User=0.32s Sys=0.00s Real=1.18s
[2019-12-11T08:01:31.919+0000][1][gc,age       ] GC(10) Desired survivor size 4456448 bytes, new threshold 6 (max threshold 6)
[2019-12-11T08:01:31.919+0000][1][gc,age       ] GC(10) Age table with threshold 6 (max threshold 6)
[2019-12-11T08:01:31.919+0000][1][gc,age       ] GC(10) - age   1:    1600040 bytes,    1600040 total
[2019-12-11T08:01:31.919+0000][1][gc,age       ] GC(10) - age   2:     623512 bytes,    2223552 total
[2019-12-11T08:01:31.919+0000][1][gc,age       ] GC(10) - age   3:     387768 bytes,    2611320 total
[2019-12-11T08:01:31.919+0000][1][gc,age       ] GC(10) - age   4:    1128736 bytes,    3740056 total
[2019-12-11T08:01:31.919+0000][1][gc,heap      ] GC(10) ParNew: 76091K->7367K(78656K)
[2019-12-11T08:01:31.919+0000][1][gc,heap      ] GC(10) CMS: 11648K->14235K(174784K)
[2019-12-11T08:01:31.919+0000][1][gc,metaspace ] GC(10) Metaspace: 20602K->20602K(1069056K)
[2019-12-11T08:01:31.919+0000][1][gc           ] GC(10) Pause Young (Allocation Failure) 85M->21M(247M) 168.971ms
[2019-12-11T08:01:31.919+0000][1][gc,cpu       ] GC(10) User=0.03s Sys=0.00s Real=0.17s
[2019-12-11T08:01:31.919+0000][1][safepoint    ] Leaving safepoint region
[2019-12-11T08:01:31.919+0000][1][safepoint    ] Total time for which application threads were stopped: 0.1691242 seconds, Stopping threads took: 0.0000299 seconds
[2019-12-11T08:01:31.922+0000][1][safepoint    ] Application time: 0.0029081 seconds
[2019-12-11T08:01:31.941+0000][1][safepoint    ] Entering safepoint region: CMS_Final_Remark
[2019-12-11T08:01:31.941+0000][1][gc,start     ] GC(9) Pause Remark
[2019-12-11T08:01:31.977+0000][1][gc           ] GC(9) Pause Remark 23M->23M(247M) 35.983ms
[2019-12-11T08:01:31.977+0000][1][gc,cpu       ] GC(9) User=0.02s Sys=0.00s Real=0.04s
[2019-12-11T08:01:31.977+0000][1][safepoint    ] Leaving safepoint region
[2019-12-11T08:01:31.977+0000][1][safepoint    ] Total time for which application threads were stopped: 0.0550852 seconds, Stopping threads took: 0.0189833 seconds
[2019-12-11T08:01:31.980+0000][1][gc           ] GC(9) Concurrent Sweep
[2019-12-11T08:01:32.048+0000][1][gc           ] GC(9) Concurrent Sweep 68.251ms
[2019-12-11T08:01:32.048+0000][1][gc,cpu       ] GC(9) User=0.02s Sys=0.00s Real=0.07s
[2019-12-11T08:01:32.048+0000][1][gc           ] GC(9) Concurrent Reset
[2019-12-11T08:01:32.048+0000][1][gc           ] GC(9) Concurrent Reset 0.337ms
[2019-12-11T08:01:32.048+0000][1][gc,cpu       ] GC(9) User=0.00s Sys=0.00s Real=0.00s
[2019-12-11T08:01:32.048+0000][1][gc,heap      ] GC(9) Old: 11648K->14225K(174784K)
[2019-12-11T08:01:32.987+0000][1][safepoint    ] Application time: 1.0097743 seconds
[2019-12-11T08:01:33.023+0000][1][safepoint    ] Entering safepoint region: Cleanup
[2019-12-11T08:01:33.024+0000][1][safepoint    ] Leaving safepoint region
[2019-12-11T08:01:33.024+0000][1][safepoint    ] Total time for which application threads were stopped: 0.0368336 seconds, Stopping threads took: 0.0363816 seconds
[2019-12-11T08:01:33.129+0000][1][safepoint    ] Application time: 0.1058808 seconds
[2019-12-11T08:01:33.130+0000][1][safepoint    ] Entering safepoint region: GenCollectForAllocation
[2019-12-11T08:01:33.130+0000][1][gc,start     ] GC(11) Pause Young (Allocation Failure)
[2019-12-11T08:01:33.130+0000][1][gc,task      ] GC(11) Using 2 workers of 2 for evacuation
[2019-12-11T08:01:33.224+0000][1][gc,age       ] GC(11) Desired survivor size 4456448 bytes, new threshold 6 (max threshold 6)
[2019-12-11T08:01:33.224+0000][1][gc,age       ] GC(11) Age table with threshold 6 (max threshold 6)
[2019-12-11T08:01:33.224+0000][1][gc,age       ] GC(11) - age   1:    1286032 bytes,    1286032 total
[2019-12-11T08:01:33.224+0000][1][gc,age       ] GC(11) - age   2:      97536 bytes,    1383568 total
[2019-12-11T08:01:33.224+0000][1][gc,age       ] GC(11) - age   3:     623464 bytes,    2007032 total
[2019-12-11T08:01:33.224+0000][1][gc,age       ] GC(11) - age   4:     387664 bytes,    2394696 total
[2019-12-11T08:01:33.224+0000][1][gc,age       ] GC(11) - age   5:    1128448 bytes,    3523144 total
[2019-12-11T08:01:33.224+0000][1][gc,heap      ] GC(11) ParNew: 77319K->5195K(78656K)
[2019-12-11T08:01:33.224+0000][1][gc,heap      ] GC(11) CMS: 14225K->14225K(174784K)
[2019-12-11T08:01:33.224+0000][1][gc,metaspace ] GC(11) Metaspace: 20688K->20688K(1069056K)
[2019-12-11T08:01:33.224+0000][1][gc           ] GC(11) Pause Young (Allocation Failure) 89M->18M(247M) 94.232ms
[2019-12-11T08:01:33.224+0000][1][gc,cpu       ] GC(11) User=0.00s Sys=0.00s Real=0.09s
[2019-12-11T08:01:33.224+0000][1][safepoint    ] Leaving safepoint region
[2019-12-11T08:01:33.224+0000][1][safepoint    ] Total time for which application threads were stopped: 0.0943515 seconds, Stopping threads took: 0.0000143 seconds
[2019-12-11T08:01:34.071+0000][1][safepoint    ] Application time: 0.8475059 seconds
[2019-12-11T08:01:34.071+0000][1][safepoint    ] Entering safepoint region: Deoptimize
[2019-12-11T08:01:34.072+0000][1][safepoint    ] Leaving safepoint region
[2019-12-11T08:01:34.072+0000][1][safepoint    ] Total time for which application threads were stopped: 0.0005753 seconds, Stopping threads took: 0.0000134 seconds
[2019-12-11T08:01:34.103+0000][1][safepoint    ] Application time: 0.0305966 seconds
[2019-12-11T08:01:34.103+0000][1][safepoint    ] Entering safepoint region: Deoptimize
[2019-12-11T08:01:34.103+0000][1][safepoint    ] Leaving safepoint region
[2019-12-11T08:01:34.103+0000][1][safepoint    ] Total time for which application threads were stopped: 0.0004155 seconds, Stopping threads took: 0.0000126 seconds
[2019-12-11T08:01:35.128+0000][1][safepoint    ] Application time: 1.0246695 seconds
[2019-12-11T08:01:35.129+0000][1][safepoint    ] Entering safepoint region: Cleanup
[2019-12-11T08:01:35.129+0000][1][safepoint    ] Leaving safepoint region
[2019-12-11T08:01:35.129+0000][1][safepoint    ] Total time for which application threads were stopped: 0.0011054 seconds, Stopping threads took: 0.0010226 seconds
[2019-12-11T08:01:36.138+0000][1][safepoint    ] Application time: 1.0088530 seconds
[2019-12-11T08:01:36.138+0000][1][safepoint    ] Entering safepoint region: Cleanup
[2019-12-11T08:01:36.138+0000][1][safepoint    ] Leaving safepoint region
[2019-12-11T08:01:36.138+0000][1][safepoint    ] Total time for which application threads were stopped: 0.0001915 seconds, Stopping threads took: 0.0001437 seconds
[2019-12-11T08:01:36.446+0000][1][safepoint    ] Application time: 0.3077937 seconds
[2019-12-11T08:01:36.446+0000][1][safepoint    ] Entering safepoint region: GenCollectForAllocation
[2019-12-11T08:01:36.446+0000][1][gc,start     ] GC(12) Pause Young (Allocation Failure)
[2019-12-11T08:01:36.446+0000][1][gc,task      ] GC(12) Using 2 workers of 2 for evacuation
[2019-12-11T08:01:36.581+0000][1][gc,age       ] GC(12) Desired survivor size 4456448 bytes, new threshold 6 (max threshold 6)
[2019-12-11T08:01:36.581+0000][1][gc,age       ] GC(12) Age table with threshold 6 (max threshold 6)
[2019-12-11T08:01:36.581+0000][1][gc,age       ] GC(12) - age   1:    1101488 bytes,    1101488 total
[2019-12-11T08:01:36.581+0000][1][gc,age       ] GC(12) - age   2:     305680 bytes,    1407168 total
[2019-12-11T08:01:36.581+0000][1][gc,age       ] GC(12) - age   3:      97536 bytes,    1504704 total
[2019-12-11T08:01:36.581+0000][1][gc,age       ] GC(12) - age   4:     623464 bytes,    2128168 total
[2019-12-11T08:01:36.581+0000][1][gc,age       ] GC(12) - age   5:     387600 bytes,    2515768 total
[2019-12-11T08:01:36.581+0000][1][gc,age       ] GC(12) - age   6:    1128448 bytes,    3644216 total
[2019-12-11T08:01:36.581+0000][1][gc,heap      ] GC(12) ParNew: 75147K->6459K(78656K)
[2019-12-11T08:01:36.581+0000][1][gc,heap      ] GC(12) CMS: 14225K->14225K(174784K)
[2019-12-11T08:01:36.581+0000][1][gc,metaspace ] GC(12) Metaspace: 23289K->23289K(1071104K)
[2019-12-11T08:01:36.581+0000][1][gc           ] GC(12) Pause Young (Allocation Failure) 87M->20M(247M) 135.090ms
[2019-12-11T08:01:36.581+0000][1][gc,cpu       ] GC(12) User=0.03s Sys=0.00s Real=0.13s
[2019-12-11T08:01:36.581+0000][1][safepoint    ] Leaving safepoint region
[2019-12-11T08:01:36.581+0000][1][safepoint    ] Total time for which application threads were stopped: 0.1353740 seconds, Stopping threads took: 0.0000142 seconds
[2019-12-11T08:01:37.615+0000][1][safepoint    ] Application time: 1.0335889 seconds
[2019-12-11T08:01:37.615+0000][1][safepoint    ] Entering safepoint region: Cleanup
[2019-12-11T08:01:37.615+0000][1][safepoint    ] Leaving safepoint region
[2019-12-11T08:01:37.615+0000][1][safepoint    ] Total time for which application threads were stopped: 0.0002467 seconds, Stopping threads took: 0.0001797 seconds
[2019-12-11T08:01:38.374+0000][1][safepoint    ] Application time: 0.7589778 seconds
[2019-12-11T08:01:38.374+0000][1][safepoint    ] Entering safepoint region: Deoptimize
[2019-12-11T08:01:38.374+0000][1][safepoint    ] Leaving safepoint region
[2019-12-11T08:01:38.374+0000][1][safepoint    ] Total time for which application threads were stopped: 0.0004145 seconds, Stopping threads took: 0.0000149 seconds
[2019-12-11T08:01:38.459+0000][1][safepoint    ] Application time: 0.0848135 seconds
[2019-12-11T08:01:38.459+0000][1][safepoint    ] Entering safepoint region: Deoptimize
[2019-12-11T08:01:38.460+0000][1][safepoint    ] Leaving safepoint region
[2019-12-11T08:01:38.460+0000][1][safepoint    ] Total time for which application threads were stopped: 0.0004609 seconds, Stopping threads took: 0.0000129 seconds
[2019-12-11T08:01:38.471+0000][1][safepoint    ] Application time: 0.0116420 seconds
[2019-12-11T08:01:38.471+0000][1][safepoint    ] Entering safepoint region: Deoptimize
[2019-12-11T08:01:38.472+0000][1][safepoint    ] Leaving safepoint region
[2019-12-11T08:01:38.472+0000][1][safepoint    ] Total time for which application threads were stopped: 0.0004263 seconds, Stopping threads took: 0.0000170 seconds
[2019-12-11T08:01:38.571+0000][1][safepoint    ] Application time: 0.0994015 seconds
[2019-12-11T08:01:38.571+0000][1][safepoint    ] Entering safepoint region: RevokeBias
[2019-12-11T08:01:38.571+0000][1][safepoint    ] Leaving safepoint region
[2019-12-11T08:01:38.571+0000][1][safepoint    ] Total time for which application threads were stopped: 0.0000661 seconds, Stopping threads took: 0.0000133 seconds
[2019-12-11T08:01:39.627+0000][1][safepoint    ] Application time: 1.0553138 seconds
[2019-12-11T08:01:39.692+0000][1][safepoint    ] Entering safepoint region: Cleanup
[2019-12-11T08:01:39.692+0000][1][safepoint    ] Leaving safepoint region
[2019-12-11T08:01:39.692+0000][1][safepoint    ] Total time for which application threads were stopped: 0.0657301 seconds, Stopping threads took: 0.0656683 seconds
[2019-12-11T08:01:40.694+0000][1][safepoint    ] Application time: 1.0012093 seconds
[2019-12-11T08:01:40.694+0000][1][safepoint    ] Entering safepoint region: Cleanup
[2019-12-11T08:01:40.703+0000][1][safepoint    ] Leaving safepoint region
[2019-12-11T08:01:40.703+0000][1][safepoint    ] Total time for which application threads were stopped: 0.0090648 seconds, Stopping threads took: 0.0000149 seconds
[2019-12-11T08:01:41.602+0000][1][safepoint    ] Application time: 0.8988884 seconds
[2019-12-11T08:01:41.602+0000][1][safepoint    ] Entering safepoint region: RevokeBias
[2019-12-11T08:01:41.602+0000][1][safepoint    ] Leaving safepoint region
[2019-12-11T08:01:41.602+0000][1][safepoint    ] Total time for which application threads were stopped: 0.0001045 seconds, Stopping threads took: 0.0000140 seconds
[2019-12-11T08:01:42.610+0000][1][safepoint    ] Application time: 1.0081491 seconds
[2019-12-11T08:01:42.667+0000][1][safepoint    ] Entering safepoint region: Cleanup
[2019-12-11T08:01:42.667+0000][1][safepoint    ] Leaving safepoint region
[2019-12-11T08:01:42.667+0000][1][safepoint    ] Total time for which application threads were stopped: 0.0569173 seconds, Stopping threads took: 0.0568601 seconds
[2019-12-11T08:01:43.670+0000][1][safepoint    ] Application time: 1.0027479 seconds
[2019-12-11T08:01:43.745+0000][1][safepoint    ] Entering safepoint region: Cleanup
[2019-12-11T08:01:43.745+0000][1][safepoint    ] Leaving safepoint region
[2019-12-11T08:01:43.745+0000][1][safepoint    ] Total time for which application threads were stopped: 0.0750991 seconds, Stopping threads took: 0.0750540 seconds
[2019-12-11T08:01:44.241+0000][1][safepoint    ] Application time: 0.4958671 seconds
[2019-12-11T08:01:44.241+0000][1][safepoint    ] Entering safepoint region: GenCollectForAllocation
[2019-12-11T08:01:44.241+0000][1][gc,start     ] GC(13) Pause Young (Allocation Failure)
[2019-12-11T08:01:44.241+0000][1][gc,task      ] GC(13) Using 2 workers of 2 for evacuation
[2019-12-11T08:01:44.554+0000][1][gc,age       ] GC(13) Desired survivor size 4456448 bytes, new threshold 1 (max threshold 6)
[2019-12-11T08:01:44.554+0000][1][gc,age       ] GC(13) Age table with threshold 1 (max threshold 6)
[2019-12-11T08:01:44.554+0000][1][gc,age       ] GC(13) - age   1:    6788128 bytes,    6788128 total
[2019-12-11T08:01:44.554+0000][1][gc,age       ] GC(13) - age   2:     752096 bytes,    7540224 total
[2019-12-11T08:01:44.554+0000][1][gc,age       ] GC(13) - age   3:     303880 bytes,    7844104 total
[2019-12-11T08:01:44.554+0000][1][gc,age       ] GC(13) - age   4:      96456 bytes,    7940560 total
[2019-12-11T08:01:44.554+0000][1][gc,age       ] GC(13) - age   5:     587840 bytes,    8528400 total
[2019-12-11T08:01:44.554+0000][1][gc,age       ] GC(13) - age   6:     384208 bytes,    8912608 total
[2019-12-11T08:01:44.554+0000][1][gc,heap      ] GC(13) ParNew: 76411K->8704K(78656K)
[2019-12-11T08:01:44.554+0000][1][gc,heap      ] GC(13) CMS: 14225K->22691K(174784K)
[2019-12-11T08:01:44.554+0000][1][gc,metaspace ] GC(13) Metaspace: 27169K->27169K(1075200K)
[2019-12-11T08:01:44.554+0000][1][gc           ] GC(13) Pause Young (Allocation Failure) 88M->30M(247M) 313.490ms
[2019-12-11T08:01:44.554+0000][1][gc,cpu       ] GC(13) User=0.09s Sys=0.00s Real=0.31s
[2019-12-11T08:01:44.554+0000][1][safepoint    ] Leaving safepoint region
[2019-12-11T08:01:44.554+0000][1][safepoint    ] Total time for which application threads were stopped: 0.3136325 seconds, Stopping threads took: 0.0000157 seconds
[2019-12-11T08:01:45.557+0000][1][safepoint    ] Application time: 1.0022969 seconds
[2019-12-11T08:01:45.557+0000][1][safepoint    ] Entering safepoint region: Cleanup
[2019-12-11T08:01:45.557+0000][1][safepoint    ] Leaving safepoint region
[2019-12-11T08:01:45.557+0000][1][safepoint    ] Total time for which application threads were stopped: 0.0000887 seconds, Stopping threads took: 0.0000432 seconds
[2019-12-11T08:01:46.560+0000][1][safepoint    ] Application time: 1.0028593 seconds
[2019-12-11T08:01:46.560+0000][1][safepoint    ] Entering safepoint region: Cleanup
[2019-12-11T08:01:46.560+0000][1][safepoint    ] Leaving safepoint region
[2019-12-11T08:01:46.560+0000][1][safepoint    ] Total time for which application threads were stopped: 0.0000644 seconds, Stopping threads took: 0.0000155 seconds
[2019-12-11T08:01:49.105+0000][1][safepoint    ] Application time: 2.5448987 seconds
[2019-12-11T08:01:49.105+0000][1][safepoint    ] Entering safepoint region: GenCollectForAllocation
[2019-12-11T08:01:49.105+0000][1][gc,start     ] GC(14) Pause Young (Allocation Failure)
[2019-12-11T08:01:49.105+0000][1][gc,task      ] GC(14) Using 2 workers of 2 for evacuation
[2019-12-11T08:01:49.834+0000][1][gc,age       ] GC(14) Desired survivor size 4456448 bytes, new threshold 1 (max threshold 6)
[2019-12-11T08:01:49.834+0000][1][gc,age       ] GC(14) Age table with threshold 1 (max threshold 6)
[2019-12-11T08:01:49.834+0000][1][gc,age       ] GC(14) - age   1:    8912808 bytes,    8912808 total
[2019-12-11T08:01:49.834+0000][1][gc,heap      ] GC(14) ParNew: 78656K->8704K(78656K)
[2019-12-11T08:01:49.834+0000][1][gc,heap      ] GC(14) CMS: 22691K->35889K(174784K)
[2019-12-11T08:01:49.834+0000][1][gc,metaspace ] GC(14) Metaspace: 27302K->27302K(1075200K)
[2019-12-11T08:01:49.834+0000][1][gc           ] GC(14) Pause Young (Allocation Failure) 98M->43M(247M) 729.480ms
[2019-12-11T08:01:49.834+0000][1][gc,cpu       ] GC(14) User=0.21s Sys=0.00s Real=0.72s
[2019-12-11T08:01:49.834+0000][1][safepoint    ] Leaving safepoint region
[2019-12-11T08:01:49.834+0000][1][safepoint    ] Total time for which application threads were stopped: 0.7296219 seconds, Stopping threads took: 0.0000260 seconds
[2019-12-11T08:01:51.838+0000][1][safepoint    ] Application time: 2.0033495 seconds
[2019-12-11T08:01:51.958+0000][1][safepoint    ] Entering safepoint region: Cleanup
[2019-12-11T08:01:51.958+0000][1][safepoint    ] Leaving safepoint region
[2019-12-11T08:01:51.958+0000][1][safepoint    ] Total time for which application threads were stopped: 0.1201019 seconds, Stopping threads took: 0.1200547 seconds
[2019-12-11T08:01:52.961+0000][1][safepoint    ] Application time: 1.0030481 seconds
[2019-12-11T08:01:52.967+0000][1][safepoint    ] Entering safepoint region: Cleanup
[2019-12-11T08:01:52.967+0000][1][safepoint    ] Leaving safepoint region
[2019-12-11T08:01:52.967+0000][1][safepoint    ] Total time for which application threads were stopped: 0.0059137 seconds, Stopping threads took: 0.0058713 seconds
[2019-12-11T08:01:53.971+0000][1][safepoint    ] Application time: 1.0037496 seconds
[2019-12-11T08:01:53.971+0000][1][safepoint    ] Entering safepoint region: Cleanup
[2019-12-11T08:01:53.971+0000][1][safepoint    ] Leaving safepoint region
[2019-12-11T08:01:53.971+0000][1][safepoint    ] Total time for which application threads were stopped: 0.0001343 seconds, Stopping threads took: 0.0000576 seconds
[2019-12-11T08:01:54.616+0000][1][safepoint    ] Application time: 0.6451146 seconds
[2019-12-11T08:01:54.616+0000][1][safepoint    ] Entering safepoint region: GenCollectForAllocation
[2019-12-11T08:01:54.616+0000][1][gc,start     ] GC(15) Pause Young (Allocation Failure)
[2019-12-11T08:01:54.616+0000][1][gc,task      ] GC(15) Using 2 workers of 2 for evacuation
[2019-12-11T08:01:55.185+0000][1][gc,age       ] GC(15) Desired survivor size 4456448 bytes, new threshold 1 (max threshold 6)
[2019-12-11T08:01:55.185+0000][1][gc,age       ] GC(15) Age table with threshold 1 (max threshold 6)
[2019-12-11T08:01:55.185+0000][1][gc,age       ] GC(15) - age   1:    6812624 bytes,    6812624 total
[2019-12-11T08:01:55.185+0000][1][gc,heap      ] GC(15) ParNew: 78656K->8704K(78656K)
[2019-12-11T08:01:55.185+0000][1][gc,heap      ] GC(15) CMS: 35889K->48480K(174784K)
[2019-12-11T08:01:55.185+0000][1][gc,metaspace ] GC(15) Metaspace: 29659K->29659K(1077248K)
[2019-12-11T08:01:55.185+0000][1][gc           ] GC(15) Pause Young (Allocation Failure) 111M->55M(247M) 568.859ms
[2019-12-11T08:01:55.185+0000][1][gc,cpu       ] GC(15) User=0.14s Sys=0.00s Real=0.57s
[2019-12-11T08:01:55.185+0000][1][safepoint    ] Leaving safepoint region
[2019-12-11T08:01:55.185+0000][1][safepoint    ] Total time for which application threads were stopped: 0.5689950 seconds, Stopping threads took: 0.0000150 seconds
[2019-12-11T08:01:55.738+0000][1][safepoint    ] Application time: 0.5527107 seconds
[2019-12-11T08:01:55.738+0000][1][safepoint    ] Entering safepoint region: RevokeBias
[2019-12-11T08:01:55.738+0000][1][safepoint    ] Leaving safepoint region
[2019-12-11T08:01:55.738+0000][1][safepoint    ] Total time for which application threads were stopped: 0.0000977 seconds, Stopping threads took: 0.0000146 seconds
[2019-12-11T08:01:56.130+0000][1][safepoint    ] Application time: 0.3918608 seconds
[2019-12-11T08:01:56.130+0000][1][safepoint    ] Entering safepoint region: RevokeBias
[2019-12-11T08:01:56.130+0000][1][safepoint    ] Leaving safepoint region
[2019-12-11T08:01:56.130+0000][1][safepoint    ] Total time for which application threads were stopped: 0.0001022 seconds, Stopping threads took: 0.0000161 seconds
[2019-12-11T08:01:56.262+0000][1][safepoint    ] Application time: 0.1319237 seconds
[2019-12-11T08:01:56.262+0000][1][safepoint    ] Entering safepoint region: RevokeBias
[2019-12-11T08:01:56.262+0000][1][safepoint    ] Leaving safepoint region
[2019-12-11T08:01:56.262+0000][1][safepoint    ] Total time for which application threads were stopped: 0.0001168 seconds, Stopping threads took: 0.0000189 seconds
[2019-12-11T08:01:56.340+0000][1][safepoint    ] Application time: 0.0775838 seconds
[2019-12-11T08:01:56.340+0000][1][safepoint    ] Entering safepoint region: RevokeBias
[2019-12-11T08:01:56.340+0000][1][safepoint    ] Leaving safepoint region
[2019-12-11T08:01:56.340+0000][1][safepoint    ] Total time for which application threads were stopped: 0.0000852 seconds, Stopping threads took: 0.0000147 seconds
[2019-12-11T08:01:57.282+0000][1][safepoint    ] Application time: 0.9421450 seconds
[2019-12-11T08:01:57.282+0000][1][safepoint    ] Entering safepoint region: GenCollectForAllocation
[2019-12-11T08:01:57.282+0000][1][gc,start     ] GC(16) Pause Young (Allocation Failure)
[2019-12-11T08:01:57.282+0000][1][gc,task      ] GC(16) Using 2 workers of 2 for evacuation
[2019-12-11T08:01:57.524+0000][1][gc,age       ] GC(16) Desired survivor size 4456448 bytes, new threshold 6 (max threshold 6)
[2019-12-11T08:01:57.524+0000][1][gc,age       ] GC(16) Age table with threshold 6 (max threshold 6)
[2019-12-11T08:01:57.524+0000][1][gc,age       ] GC(16) - age   1:    1232544 bytes,    1232544 total
[2019-12-11T08:01:57.524+0000][1][gc,heap      ] GC(16) ParNew: 78656K->7063K(78656K)
[2019-12-11T08:01:57.524+0000][1][gc,heap      ] GC(16) CMS: 48480K->55186K(174784K)
[2019-12-11T08:01:57.524+0000][1][gc,metaspace ] GC(16) Metaspace: 33003K->33003K(1079296K)
[2019-12-11T08:01:57.524+0000][1][gc           ] GC(16) Pause Young (Allocation Failure) 124M->60M(247M) 242.005ms
[2019-12-11T08:01:57.524+0000][1][gc,cpu       ] GC(16) User=0.06s Sys=0.00s Real=0.24s
[2019-12-11T08:01:57.524+0000][1][safepoint    ] Leaving safepoint region
[2019-12-11T08:01:57.524+0000][1][safepoint    ] Total time for which application threads were stopped: 0.2421708 seconds, Stopping threads took: 0.0000141 seconds
[2019-12-11T08:01:58.530+0000][1][safepoint    ] Application time: 1.0059019 seconds
[2019-12-11T08:01:58.590+0000][1][safepoint    ] Entering safepoint region: Cleanup
[2019-12-11T08:01:58.590+0000][1][safepoint    ] Leaving safepoint region
[2019-12-11T08:01:58.590+0000][1][safepoint    ] Total time for which application threads were stopped: 0.0603402 seconds, Stopping threads took: 0.0600870 seconds
[2019-12-11T08:01:59.608+0000][1][safepoint    ] Application time: 1.0173413 seconds
[2019-12-11T08:01:59.650+0000][1][safepoint    ] Entering safepoint region: Cleanup
[2019-12-11T08:01:59.650+0000][1][safepoint    ] Leaving safepoint region
[2019-12-11T08:01:59.650+0000][1][safepoint    ] Total time for which application threads were stopped: 0.0421136 seconds, Stopping threads took: 0.0420520 seconds
[2019-12-11T08:02:00.034+0000][1][safepoint    ] Application time: 0.3845304 seconds
[2019-12-11T08:02:00.034+0000][1][safepoint    ] Entering safepoint region: CollectForMetadataAllocation
[2019-12-11T08:02:00.035+0000][1][safepoint    ] Leaving safepoint region
[2019-12-11T08:02:00.035+0000][1][safepoint    ] Total time for which application threads were stopped: 0.0002789 seconds, Stopping threads took: 0.0000147 seconds
[2019-12-11T08:02:00.460+0000][1][safepoint    ] Application time: 0.4256771 seconds
[2019-12-11T08:02:00.460+0000][1][safepoint    ] Entering safepoint region: CollectForMetadataAllocation
[2019-12-11T08:02:00.461+0000][1][safepoint    ] Leaving safepoint region
[2019-12-11T08:02:00.461+0000][1][safepoint    ] Total time for which application threads were stopped: 0.0002492 seconds, Stopping threads took: 0.0000130 seconds
[2019-12-11T08:02:00.718+0000][1][safepoint    ] Application time: 0.2570140 seconds
[2019-12-11T08:02:00.718+0000][1][safepoint    ] Entering safepoint region: CollectForMetadataAllocation
[2019-12-11T08:02:00.718+0000][1][safepoint    ] Leaving safepoint region
[2019-12-11T08:02:00.718+0000][1][safepoint    ] Total time for which application threads were stopped: 0.0002708 seconds, Stopping threads took: 0.0000248 seconds
[2019-12-11T08:02:00.910+0000][1][safepoint    ] Application time: 0.1914620 seconds
[2019-12-11T08:02:00.910+0000][1][safepoint    ] Entering safepoint region: CollectForMetadataAllocation
[2019-12-11T08:02:00.910+0000][1][safepoint    ] Leaving safepoint region
[2019-12-11T08:02:00.910+0000][1][safepoint    ] Total time for which application threads were stopped: 0.0002739 seconds, Stopping threads took: 0.0000150 seconds
[2019-12-11T08:02:01.159+0000][1][safepoint    ] Application time: 0.2486795 seconds
[2019-12-11T08:02:01.159+0000][1][safepoint    ] Entering safepoint region: CollectForMetadataAllocation
[2019-12-11T08:02:01.159+0000][1][safepoint    ] Leaving safepoint region
[2019-12-11T08:02:01.159+0000][1][safepoint    ] Total time for which application threads were stopped: 0.0002568 seconds, Stopping threads took: 0.0000154 seconds
[2019-12-11T08:02:01.518+0000][1][safepoint    ] Application time: 0.3590852 seconds
[2019-12-11T08:02:01.518+0000][1][safepoint    ] Entering safepoint region: CollectForMetadataAllocation
[2019-12-11T08:02:01.518+0000][1][safepoint    ] Leaving safepoint region
[2019-12-11T08:02:01.518+0000][1][safepoint    ] Total time for which application threads were stopped: 0.0002355 seconds, Stopping threads took: 0.0000145 seconds
[2019-12-11T08:02:01.550+0000][1][safepoint    ] Application time: 0.0320333 seconds
[2019-12-11T08:02:01.630+0000][1][safepoint    ] Entering safepoint region: CMS_Initial_Mark
[2019-12-11T08:02:01.630+0000][1][gc,start     ] GC(17) Pause Initial Mark
[2019-12-11T08:02:01.791+0000][1][gc           ] GC(17) Pause Initial Mark 127M->127M(247M) 160.739ms
[2019-12-11T08:02:01.791+0000][1][gc,cpu       ] GC(17) User=0.05s Sys=0.00s Real=0.16s
[2019-12-11T08:02:01.791+0000][1][safepoint    ] Leaving safepoint region
[2019-12-11T08:02:01.791+0000][1][safepoint    ] Total time for which application threads were stopped: 0.2405493 seconds, Stopping threads took: 0.0796789 seconds
[2019-12-11T08:02:01.802+0000][1][gc           ] GC(17) Concurrent Mark
[2019-12-11T08:02:02.055+0000][1][safepoint    ] Application time: 0.2639406 seconds
[2019-12-11T08:02:02.055+0000][1][safepoint    ] Entering safepoint region: CollectForMetadataAllocation
[2019-12-11T08:02:02.055+0000][1][safepoint    ] Leaving safepoint region
[2019-12-11T08:02:02.055+0000][1][safepoint    ] Total time for which application threads were stopped: 0.0002148 seconds, Stopping threads took: 0.0000143 seconds
[2019-12-11T08:02:02.181+0000][1][safepoint    ] Application time: 0.1262184 seconds
[2019-12-11T08:02:02.181+0000][1][safepoint    ] Entering safepoint region: GenCollectForAllocation
[2019-12-11T08:02:02.181+0000][1][gc,start     ] GC(18) Pause Young (Allocation Failure)
[2019-12-11T08:02:02.181+0000][1][gc,task      ] GC(18) Using 2 workers of 2 for evacuation
[2019-12-11T08:02:02.340+0000][1][gc,age       ] GC(18) Desired survivor size 4456448 bytes, new threshold 6 (max threshold 6)
[2019-12-11T08:02:02.340+0000][1][gc,age       ] GC(18) Age table with threshold 6 (max threshold 6)
[2019-12-11T08:02:02.340+0000][1][gc,age       ] GC(18) - age   1:    1997624 bytes,    1997624 total
[2019-12-11T08:02:02.340+0000][1][gc,age       ] GC(18) - age   2:    1167016 bytes,    3164640 total
[2019-12-11T08:02:02.340+0000][1][gc,heap      ] GC(18) ParNew: 77015K->3982K(78656K)
[2019-12-11T08:02:02.340+0000][1][gc,heap      ] GC(18) CMS: 55186K->55186K(174784K)
[2019-12-11T08:02:02.340+0000][1][gc,metaspace ] GC(18) Metaspace: 35675K->35675K(1081344K)
[2019-12-11T08:02:02.340+0000][1][gc           ] GC(18) Pause Young (Allocation Failure) 129M->57M(247M) 158.503ms
[2019-12-11T08:02:02.340+0000][1][gc,cpu       ] GC(18) User=0.04s Sys=0.00s Real=0.16s
[2019-12-11T08:02:02.340+0000][1][safepoint    ] Leaving safepoint region
[2019-12-11T08:02:02.340+0000][1][safepoint    ] Total time for which application threads were stopped: 0.1586315 seconds, Stopping threads took: 0.0000135 seconds
[2019-12-11T08:02:02.341+0000][1][safepoint    ] Application time: 0.0006979 seconds
[2019-12-11T08:02:02.341+0000][1][safepoint    ] Entering safepoint region: RevokeBias
[2019-12-11T08:02:02.341+0000][1][safepoint    ] Leaving safepoint region
[2019-12-11T08:02:02.341+0000][1][safepoint    ] Total time for which application threads were stopped: 0.0001322 seconds, Stopping threads took: 0.0000130 seconds
[2019-12-11T08:02:02.486+0000][1][safepoint    ] Application time: 0.1447136 seconds
[2019-12-11T08:02:02.486+0000][1][safepoint    ] Entering safepoint region: CollectForMetadataAllocation
[2019-12-11T08:02:02.486+0000][1][safepoint    ] Leaving safepoint region
[2019-12-11T08:02:02.486+0000][1][safepoint    ] Total time for which application threads were stopped: 0.0002572 seconds, Stopping threads took: 0.0000132 seconds
[2019-12-11T08:02:02.835+0000][1][safepoint    ] Application time: 0.3487376 seconds
[2019-12-11T08:02:02.835+0000][1][safepoint    ] Entering safepoint region: CollectForMetadataAllocation
[2019-12-11T08:02:02.835+0000][1][safepoint    ] Leaving safepoint region
[2019-12-11T08:02:02.835+0000][1][safepoint    ] Total time for which application threads were stopped: 0.0002611 seconds, Stopping threads took: 0.0000143 seconds
[2019-12-11T08:02:02.888+0000][1][gc           ] GC(17) Concurrent Mark 1085.958ms
[2019-12-11T08:02:02.888+0000][1][gc,cpu       ] GC(17) User=0.34s Sys=0.00s Real=1.09s
[2019-12-11T08:02:02.888+0000][1][gc           ] GC(17) Concurrent Preclean
[2019-12-11T08:02:02.920+0000][1][gc           ] GC(17) Concurrent Preclean 32.532ms
[2019-12-11T08:02:02.920+0000][1][gc,cpu       ] GC(17) User=0.01s Sys=0.00s Real=0.03s
[2019-12-11T08:02:02.920+0000][1][gc           ] GC(17) Concurrent Abortable Preclean
[2019-12-11T08:02:03.208+0000][1][safepoint    ] Application time: 0.3732243 seconds
[2019-12-11T08:02:03.208+0000][1][safepoint    ] Entering safepoint region: CollectForMetadataAllocation
[2019-12-11T08:02:03.208+0000][1][safepoint    ] Leaving safepoint region
[2019-12-11T08:02:03.208+0000][1][safepoint    ] Total time for which application threads were stopped: 0.0002365 seconds, Stopping threads took: 0.0000148 seconds
[2019-12-11T08:02:03.658+0000][1][safepoint    ] Application time: 0.4494638 seconds
[2019-12-11T08:02:03.658+0000][1][safepoint    ] Entering safepoint region: CollectForMetadataAllocation
[2019-12-11T08:02:03.658+0000][1][safepoint    ] Leaving safepoint region
[2019-12-11T08:02:03.658+0000][1][safepoint    ] Total time for which application threads were stopped: 0.0002566 seconds, Stopping threads took: 0.0000147 seconds
[2019-12-11T08:02:03.660+0000][1][safepoint    ] Application time: 0.0015768 seconds
[2019-12-11T08:02:03.660+0000][1][safepoint    ] Entering safepoint region: RevokeBias
[2019-12-11T08:02:03.660+0000][1][safepoint    ] Leaving safepoint region
[2019-12-11T08:02:03.660+0000][1][safepoint    ] Total time for which application threads were stopped: 0.0001075 seconds, Stopping threads took: 0.0000118 seconds
[2019-12-11T08:02:03.675+0000][1][safepoint    ] Application time: 0.0148868 seconds
[2019-12-11T08:02:03.739+0000][1][safepoint    ] Entering safepoint region: CollectForMetadataAllocation
[2019-12-11T08:02:03.739+0000][1][safepoint    ] Leaving safepoint region
[2019-12-11T08:02:03.739+0000][1][safepoint    ] Total time for which application threads were stopped: 0.0645935 seconds, Stopping threads took: 0.0645411 seconds
[2019-12-11T08:02:04.042+0000][1][safepoint    ] Application time: 0.3027893 seconds
[2019-12-11T08:02:04.042+0000][1][safepoint    ] Entering safepoint region: CollectForMetadataAllocation
[2019-12-11T08:02:04.043+0000][1][safepoint    ] Leaving safepoint region
[2019-12-11T08:02:04.043+0000][1][safepoint    ] Total time for which application threads were stopped: 0.0003775 seconds, Stopping threads took: 0.0001301 seconds
[2019-12-11T08:02:04.372+0000][1][safepoint    ] Application time: 0.3298119 seconds
[2019-12-11T08:02:04.372+0000][1][safepoint    ] Entering safepoint region: CollectForMetadataAllocation
[2019-12-11T08:02:04.373+0000][1][safepoint    ] Leaving safepoint region
[2019-12-11T08:02:04.373+0000][1][safepoint    ] Total time for which application threads were stopped: 0.0002293 seconds, Stopping threads took: 0.0000147 seconds
[2019-12-11T08:02:04.511+0000][1][safepoint    ] Application time: 0.1386129 seconds
[2019-12-11T08:02:04.511+0000][1][safepoint    ] Entering safepoint region: CollectForMetadataAllocation
[2019-12-11T08:02:04.512+0000][1][safepoint    ] Leaving safepoint region
[2019-12-11T08:02:04.512+0000][1][safepoint    ] Total time for which application threads were stopped: 0.0002407 seconds, Stopping threads took: 0.0000150 seconds
[2019-12-11T08:02:04.784+0000][1][safepoint    ] Application time: 0.2724119 seconds
[2019-12-11T08:02:04.784+0000][1][safepoint    ] Entering safepoint region: CollectForMetadataAllocation
[2019-12-11T08:02:04.784+0000][1][safepoint    ] Leaving safepoint region
[2019-12-11T08:02:04.784+0000][1][safepoint    ] Total time for which application threads were stopped: 0.0002564 seconds, Stopping threads took: 0.0000140 seconds
[2019-12-11T08:02:04.996+0000][1][safepoint    ] Application time: 0.2114486 seconds
[2019-12-11T08:02:04.996+0000][1][safepoint    ] Entering safepoint region: CollectForMetadataAllocation
[2019-12-11T08:02:04.996+0000][1][safepoint    ] Leaving safepoint region
[2019-12-11T08:02:04.996+0000][1][safepoint    ] Total time for which application threads were stopped: 0.0002304 seconds, Stopping threads took: 0.0000151 seconds
[2019-12-11T08:02:05.373+0000][1][safepoint    ] Application time: 0.3766554 seconds
[2019-12-11T08:02:05.373+0000][1][safepoint    ] Entering safepoint region: CollectForMetadataAllocation
[2019-12-11T08:02:05.373+0000][1][safepoint    ] Leaving safepoint region
[2019-12-11T08:02:05.373+0000][1][safepoint    ] Total time for which application threads were stopped: 0.0001527 seconds, Stopping threads took: 0.0000148 seconds
[2019-12-11T08:02:05.944+0000][1][safepoint    ] Application time: 0.5709796 seconds
[2019-12-11T08:02:05.944+0000][1][safepoint    ] Entering safepoint region: CollectForMetadataAllocation
[2019-12-11T08:02:05.944+0000][1][safepoint    ] Leaving safepoint region
[2019-12-11T08:02:05.944+0000][1][safepoint    ] Total time for which application threads were stopped: 0.0002288 seconds, Stopping threads took: 0.0000136 seconds
[2019-12-11T08:02:06.213+0000][1][safepoint    ] Application time: 0.2689176 seconds
[2019-12-11T08:02:06.213+0000][1][safepoint    ] Entering safepoint region: CollectForMetadataAllocation
[2019-12-11T08:02:06.213+0000][1][safepoint    ] Leaving safepoint region
[2019-12-11T08:02:06.213+0000][1][safepoint    ] Total time for which application threads were stopped: 0.0002457 seconds, Stopping threads took: 0.0000147 seconds
[2019-12-11T08:02:06.630+0000][1][safepoint    ] Application time: 0.4162178 seconds
[2019-12-11T08:02:06.630+0000][1][safepoint    ] Entering safepoint region: CollectForMetadataAllocation
[2019-12-11T08:02:06.630+0000][1][safepoint    ] Leaving safepoint region
[2019-12-11T08:02:06.630+0000][1][safepoint    ] Total time for which application threads were stopped: 0.0002396 seconds, Stopping threads took: 0.0000131 seconds
[2019-12-11T08:02:06.933+0000][1][safepoint    ] Application time: 0.3031763 seconds
[2019-12-11T08:02:06.933+0000][1][safepoint    ] Entering safepoint region: CollectForMetadataAllocation
[2019-12-11T08:02:06.933+0000][1][safepoint    ] Leaving safepoint region
[2019-12-11T08:02:06.933+0000][1][safepoint    ] Total time for which application threads were stopped: 0.0002101 seconds, Stopping threads took: 0.0000119 seconds
[2019-12-11T08:02:07.404+0000][1][safepoint    ] Application time: 0.4708171 seconds
[2019-12-11T08:02:07.404+0000][1][safepoint    ] Entering safepoint region: CollectForMetadataAllocation
[2019-12-11T08:02:07.404+0000][1][safepoint    ] Leaving safepoint region
[2019-12-11T08:02:07.404+0000][1][safepoint    ] Total time for which application threads were stopped: 0.0002395 seconds, Stopping threads took: 0.0000134 seconds
[2019-12-11T08:02:07.613+0000][1][safepoint    ] Application time: 0.2086632 seconds
[2019-12-11T08:02:07.659+0000][1][safepoint    ] Entering safepoint region: CollectForMetadataAllocation
[2019-12-11T08:02:07.659+0000][1][safepoint    ] Leaving safepoint region
[2019-12-11T08:02:07.659+0000][1][safepoint    ] Total time for which application threads were stopped: 0.0459589 seconds, Stopping threads took: 0.0457159 seconds
[2019-12-11T08:02:08.047+0000][1][gc           ] GC(17) Concurrent Abortable Preclean 5127.002ms
[2019-12-11T08:02:08.047+0000][1][gc,cpu       ] GC(17) User=1.40s Sys=0.02s Real=5.13s
[2019-12-11T08:02:08.047+0000][1][safepoint    ] Application time: 0.3883988 seconds
[2019-12-11T08:02:08.075+0000][1][safepoint    ] Entering safepoint region: CMS_Final_Remark
[2019-12-11T08:02:08.075+0000][1][gc,start     ] GC(17) Pause Remark
[2019-12-11T08:02:08.202+0000][1][gc           ] GC(17) Pause Remark 79M->79M(247M) 127.058ms
[2019-12-11T08:02:08.202+0000][1][gc,cpu       ] GC(17) User=0.02s Sys=0.00s Real=0.12s
[2019-12-11T08:02:08.202+0000][1][safepoint    ] Leaving safepoint region
[2019-12-11T08:02:08.202+0000][1][safepoint    ] Total time for which application threads were stopped: 0.1546879 seconds, Stopping threads took: 0.0274475 seconds
[2019-12-11T08:02:08.202+0000][1][gc           ] GC(17) Concurrent Sweep
[2019-12-11T08:02:08.406+0000][1][safepoint    ] Application time: 0.2036352 seconds
[2019-12-11T08:02:08.406+0000][1][safepoint    ] Entering safepoint region: CollectForMetadataAllocation
[2019-12-11T08:02:08.407+0000][1][safepoint    ] Leaving safepoint region
[2019-12-11T08:02:08.407+0000][1][safepoint    ] Total time for which application threads were stopped: 0.0008012 seconds, Stopping threads took: 0.0000126 seconds
[2019-12-11T08:02:08.408+0000][1][safepoint    ] Application time: 0.0008843 seconds
[2019-12-11T08:02:08.408+0000][1][safepoint    ] Entering safepoint region: CollectForMetadataAllocation
[2019-12-11T08:02:08.408+0000][1][safepoint    ] Leaving safepoint region
[2019-12-11T08:02:08.408+0000][1][safepoint    ] Total time for which application threads were stopped: 0.0002394 seconds, Stopping threads took: 0.0000124 seconds
[2019-12-11T08:02:08.585+0000][1][gc           ] GC(17) Concurrent Sweep 382.587ms
[2019-12-11T08:02:08.585+0000][1][gc,cpu       ] GC(17) User=0.12s Sys=0.01s Real=0.39s
[2019-12-11T08:02:08.585+0000][1][gc           ] GC(17) Concurrent Reset
[2019-12-11T08:02:08.585+0000][1][gc           ] GC(17) Concurrent Reset 0.341ms
[2019-12-11T08:02:08.585+0000][1][gc,cpu       ] GC(17) User=0.00s Sys=0.00s Real=0.00s
[2019-12-11T08:02:08.585+0000][1][gc,heap      ] GC(17) Old: 55186K->54966K(174784K)
[2019-12-11T08:02:09.459+0000][1][safepoint    ] Application time: 1.0509753 seconds
[2019-12-11T08:02:09.459+0000][1][safepoint    ] Entering safepoint region: Cleanup
[2019-12-11T08:02:09.459+0000][1][safepoint    ] Leaving safepoint region
[2019-12-11T08:02:09.459+0000][1][safepoint    ] Total time for which application threads were stopped: 0.0001007 seconds, Stopping threads took: 0.0000566 seconds
[2019-12-11T08:02:09.592+0000][1][safepoint    ] Application time: 0.1327899 seconds
[2019-12-11T08:02:09.596+0000][1][safepoint    ] Entering safepoint region: RevokeBias
[2019-12-11T08:02:09.596+0000][1][safepoint    ] Leaving safepoint region
[2019-12-11T08:02:09.596+0000][1][safepoint    ] Total time for which application threads were stopped: 0.0041658 seconds, Stopping threads took: 0.0040840 seconds
[2019-12-11T08:02:09.596+0000][1][safepoint    ] Application time: 0.0002004 seconds
[2019-12-11T08:02:09.596+0000][1][safepoint    ] Entering safepoint region: RevokeBias
[2019-12-11T08:02:09.596+0000][1][safepoint    ] Leaving safepoint region
[2019-12-11T08:02:09.596+0000][1][safepoint    ] Total time for which application threads were stopped: 0.0000528 seconds, Stopping threads took: 0.0000110 seconds
[2019-12-11T08:02:10.602+0000][1][safepoint    ] Application time: 1.0055181 seconds
[2019-12-11T08:02:10.649+0000][1][safepoint    ] Entering safepoint region: Cleanup
[2019-12-11T08:02:10.649+0000][1][safepoint    ] Leaving safepoint region
[2019-12-11T08:02:10.649+0000][1][safepoint    ] Total time for which application threads were stopped: 0.0469011 seconds, Stopping threads took: 0.0468442 seconds
[2019-12-11T08:02:13.287+0000][1][safepoint    ] Application time: 2.6380436 seconds
[2019-12-11T08:02:13.298+0000][1][safepoint    ] Entering safepoint region: RevokeBias
[2019-12-11T08:02:13.298+0000][1][safepoint    ] Leaving safepoint region
[2019-12-11T08:02:13.298+0000][1][safepoint    ] Total time for which application threads were stopped: 0.0111427 seconds, Stopping threads took: 0.0110244 seconds
[2019-12-11T08:02:13.299+0000][1][safepoint    ] Application time: 0.0009415 seconds
[2019-12-11T08:02:13.361+0000][1][safepoint    ] Entering safepoint region: RevokeBias
[2019-12-11T08:02:13.361+0000][1][safepoint    ] Leaving safepoint region
[2019-12-11T08:02:13.361+0000][1][safepoint    ] Total time for which application threads were stopped: 0.0622031 seconds, Stopping threads took: 0.0620972 seconds
[2019-12-11T08:02:13.361+0000][1][safepoint    ] Application time: 0.0001064 seconds
[2019-12-11T08:02:13.361+0000][1][safepoint    ] Entering safepoint region: RevokeBias
[2019-12-11T08:02:13.361+0000][1][safepoint    ] Leaving safepoint region
[2019-12-11T08:02:13.361+0000][1][safepoint    ] Total time for which application threads were stopped: 0.0000782 seconds, Stopping threads took: 0.0000102 seconds
[2019-12-11T08:02:13.362+0000][1][safepoint    ] Application time: 0.0002174 seconds
[2019-12-11T08:02:13.362+0000][1][safepoint    ] Entering safepoint region: RevokeBias
[2019-12-11T08:02:13.362+0000][1][safepoint    ] Leaving safepoint region
[2019-12-11T08:02:13.362+0000][1][safepoint    ] Total time for which application threads were stopped: 0.0000768 seconds, Stopping threads took: 0.0000091 seconds
[2019-12-11T08:02:14.575+0000][1][safepoint    ] Application time: 1.2131327 seconds
[2019-12-11T08:02:14.656+0000][1][safepoint    ] Entering safepoint region: RevokeBias
[2019-12-11T08:02:14.656+0000][1][safepoint    ] Leaving safepoint region
[2019-12-11T08:02:14.656+0000][1][safepoint    ] Total time for which application threads were stopped: 0.0812642 seconds, Stopping threads took: 0.0810758 seconds
[2019-12-11T08:02:14.658+0000][1][safepoint    ] Application time: 0.0017666 seconds
[2019-12-11T08:02:14.669+0000][1][safepoint    ] Entering safepoint region: RevokeBias
[2019-12-11T08:02:14.669+0000][1][safepoint    ] Leaving safepoint region
[2019-12-11T08:02:14.669+0000][1][safepoint    ] Total time for which application threads were stopped: 0.0111257 seconds, Stopping threads took: 0.0110361 seconds
[2019-12-11T08:02:14.669+0000][1][safepoint    ] Application time: 0.0001229 seconds
[2019-12-11T08:02:14.669+0000][1][safepoint    ] Entering safepoint region: RevokeBias
[2019-12-11T08:02:14.669+0000][1][safepoint    ] Leaving safepoint region
[2019-12-11T08:02:14.669+0000][1][safepoint    ] Total time for which application threads were stopped: 0.0000592 seconds, Stopping threads took: 0.0000085 seconds
[2019-12-11T08:02:14.669+0000][1][safepoint    ] Application time: 0.0001604 seconds
[2019-12-11T08:02:14.669+0000][1][safepoint    ] Entering safepoint region: RevokeBias
[2019-12-11T08:02:14.669+0000][1][safepoint    ] Leaving safepoint region
[2019-12-11T08:02:14.669+0000][1][safepoint    ] Total time for which application threads were stopped: 0.0000678 seconds, Stopping threads took: 0.0000088 seconds
[2019-12-11T08:02:14.670+0000][1][safepoint    ] Application time: 0.0000966 seconds
[2019-12-11T08:02:14.670+0000][1][safepoint    ] Entering safepoint region: RevokeBias
[2019-12-11T08:02:14.670+0000][1][safepoint    ] Leaving safepoint region
[2019-12-11T08:02:14.670+0000][1][safepoint    ] Total time for which application threads were stopped: 0.0000648 seconds, Stopping threads took: 0.0000087 seconds
[2019-12-11T08:02:14.670+0000][1][safepoint    ] Application time: 0.0002758 seconds
[2019-12-11T08:02:14.670+0000][1][safepoint    ] Entering safepoint region: RevokeBias
[2019-12-11T08:02:14.670+0000][1][safepoint    ] Leaving safepoint region
[2019-12-11T08:02:14.670+0000][1][safepoint    ] Total time for which application threads were stopped: 0.0000846 seconds, Stopping threads took: 0.0000098 seconds
[2019-12-11T08:02:14.670+0000][1][safepoint    ] Application time: 0.0000892 seconds
[2019-12-11T08:02:14.670+0000][1][safepoint    ] Entering safepoint region: RevokeBias
[2019-12-11T08:02:14.670+0000][1][safepoint    ] Leaving safepoint region
[2019-12-11T08:02:14.670+0000][1][safepoint    ] Total time for which application threads were stopped: 0.0000670 seconds, Stopping threads took: 0.0000082 seconds
[2019-12-11T08:02:14.670+0000][1][safepoint    ] Application time: 0.0000514 seconds
[2019-12-11T08:02:14.670+0000][1][safepoint    ] Entering safepoint region: RevokeBias
[2019-12-11T08:02:14.670+0000][1][safepoint    ] Leaving safepoint region
[2019-12-11T08:02:14.670+0000][1][safepoint    ] Total time for which application threads were stopped: 0.0000612 seconds, Stopping threads took: 0.0000080 seconds
[2019-12-11T08:02:14.670+0000][1][safepoint    ] Application time: 0.0000876 seconds
[2019-12-11T08:02:14.670+0000][1][safepoint    ] Entering safepoint region: RevokeBias
[2019-12-11T08:02:14.670+0000][1][safepoint    ] Leaving safepoint region
[2019-12-11T08:02:14.670+0000][1][safepoint    ] Total time for which application threads were stopped: 0.0000645 seconds, Stopping threads took: 0.0000081 seconds
[2019-12-11T08:02:14.671+0000][1][safepoint    ] Application time: 0.0000603 seconds
[2019-12-11T08:02:14.671+0000][1][safepoint    ] Entering safepoint region: RevokeBias
[2019-12-11T08:02:14.671+0000][1][safepoint    ] Leaving safepoint region
[2019-12-11T08:02:14.671+0000][1][safepoint    ] Total time for which application threads were stopped: 0.0000646 seconds, Stopping threads took: 0.0000081 seconds
[2019-12-11T08:02:14.673+0000][1][safepoint    ] Application time: 0.0026893 seconds
[2019-12-11T08:02:14.692+0000][1][safepoint    ] Entering safepoint region: RevokeBias
[2019-12-11T08:02:14.692+0000][1][safepoint    ] Leaving safepoint region
[2019-12-11T08:02:14.692+0000][1][safepoint    ] Total time for which application threads were stopped: 0.0186180 seconds, Stopping threads took: 0.0185188 seconds
[2019-12-11T08:02:16.173+0000][1][safepoint    ] Application time: 1.4807915 seconds
[2019-12-11T08:02:16.225+0000][1][safepoint    ] Entering safepoint region: Cleanup
[2019-12-11T08:02:16.225+0000][1][safepoint    ] Leaving safepoint region
[2019-12-11T08:02:16.225+0000][1][safepoint    ] Total time for which application threads were stopped: 0.0522083 seconds, Stopping threads took: 0.0521422 seconds
[2019-12-11T08:02:17.238+0000][1][safepoint    ] Application time: 1.0127625 seconds
[2019-12-11T08:02:17.240+0000][1][safepoint    ] Entering safepoint region: Cleanup
[2019-12-11T08:02:17.240+0000][1][safepoint    ] Leaving safepoint region
[2019-12-11T08:02:17.240+0000][1][safepoint    ] Total time for which application threads were stopped: 0.0025924 seconds, Stopping threads took: 0.0025191 seconds
[2019-12-11T08:02:18.251+0000][1][safepoint    ] Application time: 1.0106861 seconds
[2019-12-11T08:02:18.288+0000][1][safepoint    ] Entering safepoint region: Cleanup
[2019-12-11T08:02:18.288+0000][1][safepoint    ] Leaving safepoint region
[2019-12-11T08:02:18.288+0000][1][safepoint    ] Total time for which application threads were stopped: 0.0368602 seconds, Stopping threads took: 0.0367995 seconds
[2019-12-11T08:02:18.549+0000][1][safepoint    ] Application time: 0.2609124 seconds
[2019-12-11T08:02:18.549+0000][1][safepoint    ] Entering safepoint region: GenCollectForAllocation
[2019-12-11T08:02:18.549+0000][1][gc,start     ] GC(19) Pause Young (Allocation Failure)
[2019-12-11T08:02:18.549+0000][1][gc,task      ] GC(19) Using 2 workers of 2 for evacuation
[2019-12-11T08:02:18.729+0000][1][gc,age       ] GC(19) Desired survivor size 4456448 bytes, new threshold 2 (max threshold 6)
[2019-12-11T08:02:18.729+0000][1][gc,age       ] GC(19) Age table with threshold 2 (max threshold 6)
[2019-12-11T08:02:18.729+0000][1][gc,age       ] GC(19) - age   1:    2666800 bytes,    2666800 total
[2019-12-11T08:02:18.729+0000][1][gc,age       ] GC(19) - age   2:    1969112 bytes,    4635912 total
[2019-12-11T08:02:18.729+0000][1][gc,age       ] GC(19) - age   3:    1165000 bytes,    5800912 total
[2019-12-11T08:02:18.729+0000][1][gc,heap      ] GC(19) ParNew: 73934K->7039K(78656K)
[2019-12-11T08:02:18.729+0000][1][gc,heap      ] GC(19) CMS: 54966K->54966K(174784K)
[2019-12-11T08:02:18.729+0000][1][gc,metaspace ] GC(19) Metaspace: 43014K->43014K(1089536K)
[2019-12-11T08:02:18.729+0000][1][gc           ] GC(19) Pause Young (Allocation Failure) 125M->60M(247M) 180.255ms
[2019-12-11T08:02:18.729+0000][1][gc,cpu       ] GC(19) User=0.04s Sys=0.00s Real=0.18s
[2019-12-11T08:02:18.729+0000][1][safepoint    ] Leaving safepoint region
[2019-12-11T08:02:18.729+0000][1][safepoint    ] Total time for which application threads were stopped: 0.1803965 seconds, Stopping threads took: 0.0000139 seconds
[2019-12-11T08:02:19.731+0000][1][safepoint    ] Application time: 1.0014294 seconds
[2019-12-11T08:02:19.756+0000][1][safepoint    ] Entering safepoint region: Cleanup
[2019-12-11T08:02:19.756+0000][1][safepoint    ] Leaving safepoint region
[2019-12-11T08:02:19.756+0000][1][safepoint    ] Total time for which application threads were stopped: 0.0251489 seconds, Stopping threads took: 0.0250884 seconds
[2019-12-11T08:02:20.248+0000][1][safepoint    ] Application time: 0.4918741 seconds
[2019-12-11T08:02:20.248+0000][1][safepoint    ] Entering safepoint region: RevokeBias
[2019-12-11T08:02:20.248+0000][1][safepoint    ] Leaving safepoint region
[2019-12-11T08:02:20.248+0000][1][safepoint    ] Total time for which application threads were stopped: 0.0001072 seconds, Stopping threads took: 0.0000163 seconds
[2019-12-11T08:02:20.303+0000][1][safepoint    ] Application time: 0.0553211 seconds
[2019-12-11T08:02:20.303+0000][1][safepoint    ] Entering safepoint region: RevokeBias
[2019-12-11T08:02:20.303+0000][1][safepoint    ] Leaving safepoint region
[2019-12-11T08:02:20.303+0000][1][safepoint    ] Total time for which application threads were stopped: 0.0000865 seconds, Stopping threads took: 0.0000128 seconds
[2019-12-11T08:02:21.314+0000][1][safepoint    ] Application time: 1.0102990 seconds
[2019-12-11T08:02:21.314+0000][1][safepoint    ] Entering safepoint region: Cleanup
[2019-12-11T08:02:21.314+0000][1][safepoint    ] Leaving safepoint region
[2019-12-11T08:02:21.314+0000][1][safepoint    ] Total time for which application threads were stopped: 0.0000754 seconds, Stopping threads took: 0.0000160 seconds
[2019-12-11T08:02:21.854+0000][1][safepoint    ] Application time: 0.5398728 seconds
[2019-12-11T08:02:21.854+0000][1][safepoint    ] Entering safepoint region: RevokeBias
[2019-12-11T08:02:21.854+0000][1][safepoint    ] Leaving safepoint region
[2019-12-11T08:02:21.854+0000][1][safepoint    ] Total time for which application threads were stopped: 0.0004702 seconds, Stopping threads took: 0.0000154 seconds
[2019-12-11T08:02:21.881+0000][1][safepoint    ] Application time: 0.0264605 seconds
[2019-12-11T08:02:21.881+0000][1][safepoint    ] Entering safepoint region: RevokeBias
[2019-12-11T08:02:21.881+0000][1][safepoint    ] Leaving safepoint region
[2019-12-11T08:02:21.881+0000][1][safepoint    ] Total time for which application threads were stopped: 0.0001122 seconds, Stopping threads took: 0.0000137 seconds
[2019-12-11T08:02:21.904+0000][1][safepoint    ] Application time: 0.0228728 seconds
[2019-12-11T08:02:21.935+0000][1][safepoint    ] Entering safepoint region: RevokeBias
[2019-12-11T08:02:21.935+0000][1][safepoint    ] Leaving safepoint region
[2019-12-11T08:02:21.935+0000][1][safepoint    ] Total time for which application threads were stopped: 0.0311154 seconds, Stopping threads took: 0.0309909 seconds
[2019-12-11T08:02:22.469+0000][1][safepoint    ] Application time: 0.5336406 seconds
[2019-12-11T08:02:22.469+0000][1][safepoint    ] Entering safepoint region: RevokeBias
[2019-12-11T08:02:22.469+0000][1][safepoint    ] Leaving safepoint region
[2019-12-11T08:02:22.469+0000][1][safepoint    ] Total time for which application threads were stopped: 0.0001804 seconds, Stopping threads took: 0.0000605 seconds
[2019-12-11T08:02:22.469+0000][1][safepoint    ] Application time: 0.0000844 seconds
[2019-12-11T08:02:22.469+0000][1][safepoint    ] Entering safepoint region: RevokeBias
[2019-12-11T08:02:22.469+0000][1][safepoint    ] Leaving safepoint region
[2019-12-11T08:02:22.469+0000][1][safepoint    ] Total time for which application threads were stopped: 0.0000516 seconds, Stopping threads took: 0.0000085 seconds
[2019-12-11T08:02:22.469+0000][1][safepoint    ] Application time: 0.0000487 seconds
[2019-12-11T08:02:22.469+0000][1][safepoint    ] Entering safepoint region: RevokeBias
[2019-12-11T08:02:22.469+0000][1][safepoint    ] Leaving safepoint region
[2019-12-11T08:02:22.469+0000][1][safepoint    ] Total time for which application threads were stopped: 0.0000398 seconds, Stopping threads took: 0.0000071 seconds
[2019-12-11T08:02:22.469+0000][1][safepoint    ] Application time: 0.0001010 seconds
[2019-12-11T08:02:22.469+0000][1][safepoint    ] Entering safepoint region: RevokeBias
[2019-12-11T08:02:22.469+0000][1][safepoint    ] Leaving safepoint region
[2019-12-11T08:02:22.469+0000][1][safepoint    ] Total time for which application threads were stopped: 0.0000450 seconds, Stopping threads took: 0.0000075 seconds
[2019-12-11T08:02:22.469+0000][1][safepoint    ] Application time: 0.0001565 seconds
[2019-12-11T08:02:22.469+0000][1][safepoint    ] Entering safepoint region: RevokeBias
[2019-12-11T08:02:22.469+0000][1][safepoint    ] Leaving safepoint region
[2019-12-11T08:02:22.469+0000][1][safepoint    ] Total time for which application threads were stopped: 0.0000476 seconds, Stopping threads took: 0.0000075 seconds
[2019-12-11T08:02:22.470+0000][1][safepoint    ] Application time: 0.0004106 seconds
[2019-12-11T08:02:22.470+0000][1][safepoint    ] Entering safepoint region: BulkRevokeBias
[2019-12-11T08:02:22.470+0000][1][safepoint    ] Leaving safepoint region
[2019-12-11T08:02:22.470+0000][1][safepoint    ] Total time for which application threads were stopped: 0.0001213 seconds, Stopping threads took: 0.0000093 seconds
[2019-12-11T08:02:22.470+0000][1][safepoint    ] Application time: 0.0000493 seconds
[2019-12-11T08:02:22.470+0000][1][safepoint    ] Entering safepoint region: RevokeBias
[2019-12-11T08:02:22.470+0000][1][safepoint    ] Leaving safepoint region
[2019-12-11T08:02:22.470+0000][1][safepoint    ] Total time for which application threads were stopped: 0.0000473 seconds, Stopping threads took: 0.0000069 seconds
[2019-12-11T08:02:22.470+0000][1][safepoint    ] Application time: 0.0001695 seconds
[2019-12-11T08:02:22.470+0000][1][safepoint    ] Entering safepoint region: RevokeBias
[2019-12-11T08:02:22.470+0000][1][safepoint    ] Leaving safepoint region
[2019-12-11T08:02:22.470+0000][1][safepoint    ] Total time for which application threads were stopped: 0.0000609 seconds, Stopping threads took: 0.0000081 seconds
[2019-12-11T08:02:22.470+0000][1][safepoint    ] Application time: 0.0000518 seconds
[2019-12-11T08:02:22.470+0000][1][safepoint    ] Entering safepoint region: RevokeBias
[2019-12-11T08:02:22.470+0000][1][safepoint    ] Leaving safepoint region
[2019-12-11T08:02:22.470+0000][1][safepoint    ] Total time for which application threads were stopped: 0.0000467 seconds, Stopping threads took: 0.0000076 seconds
[2019-12-11T08:02:22.471+0000][1][safepoint    ] Application time: 0.0000511 seconds
[2019-12-11T08:02:22.471+0000][1][safepoint    ] Entering safepoint region: RevokeBias
[2019-12-11T08:02:22.471+0000][1][safepoint    ] Leaving safepoint region
[2019-12-11T08:02:22.471+0000][1][safepoint    ] Total time for which application threads were stopped: 0.0000449 seconds, Stopping threads took: 0.0000074 seconds
[2019-12-11T08:02:22.471+0000][1][safepoint    ] Application time: 0.0000493 seconds
[2019-12-11T08:02:22.471+0000][1][safepoint    ] Entering safepoint region: RevokeBias
[2019-12-11T08:02:22.471+0000][1][safepoint    ] Leaving safepoint region
[2019-12-11T08:02:22.471+0000][1][safepoint    ] Total time for which application threads were stopped: 0.0000482 seconds, Stopping threads took: 0.0000076 seconds
[2019-12-11T08:02:22.471+0000][1][safepoint    ] Application time: 0.0000505 seconds
[2019-12-11T08:02:22.471+0000][1][safepoint    ] Entering safepoint region: RevokeBias
[2019-12-11T08:02:22.471+0000][1][safepoint    ] Leaving safepoint region
[2019-12-11T08:02:22.471+0000][1][safepoint    ] Total time for which application threads were stopped: 0.0000480 seconds, Stopping threads took: 0.0000078 seconds
[2019-12-11T08:02:22.471+0000][1][safepoint    ] Application time: 0.0000488 seconds
[2019-12-11T08:02:22.471+0000][1][safepoint    ] Entering safepoint region: RevokeBias
[2019-12-11T08:02:22.471+0000][1][safepoint    ] Leaving safepoint region
[2019-12-11T08:02:22.471+0000][1][safepoint    ] Total time for which application threads were stopped: 0.0000437 seconds, Stopping threads took: 0.0000075 seconds
[2019-12-11T08:02:22.471+0000][1][safepoint    ] Application time: 0.0000496 seconds
[2019-12-11T08:02:22.471+0000][1][safepoint    ] Entering safepoint region: RevokeBias
[2019-12-11T08:02:22.471+0000][1][safepoint    ] Leaving safepoint region
[2019-12-11T08:02:22.471+0000][1][safepoint    ] Total time for which application threads were stopped: 0.0000428 seconds, Stopping threads took: 0.0000074 seconds
[2019-12-11T08:02:22.471+0000][1][safepoint    ] Application time: 0.0000499 seconds
[2019-12-11T08:02:22.471+0000][1][safepoint    ] Entering safepoint region: RevokeBias
[2019-12-11T08:02:22.471+0000][1][safepoint    ] Leaving safepoint region
[2019-12-11T08:02:22.471+0000][1][safepoint    ] Total time for which application threads were stopped: 0.0000430 seconds, Stopping threads took: 0.0000074 seconds
[2019-12-11T08:02:22.471+0000][1][safepoint    ] Application time: 0.0000497 seconds
[2019-12-11T08:02:22.471+0000][1][safepoint    ] Entering safepoint region: RevokeBias
[2019-12-11T08:02:22.471+0000][1][safepoint    ] Leaving safepoint region
[2019-12-11T08:02:22.471+0000][1][safepoint    ] Total time for which application threads were stopped: 0.0000429 seconds, Stopping threads took: 0.0000073 seconds
[2019-12-11T08:02:22.471+0000][1][safepoint    ] Application time: 0.0000490 seconds
[2019-12-11T08:02:22.471+0000][1][safepoint    ] Entering safepoint region: RevokeBias
[2019-12-11T08:02:22.471+0000][1][safepoint    ] Leaving safepoint region
[2019-12-11T08:02:22.471+0000][1][safepoint    ] Total time for which application threads were stopped: 0.0000429 seconds, Stopping threads took: 0.0000072 seconds
[2019-12-11T08:02:22.471+0000][1][safepoint    ] Application time: 0.0000485 seconds
[2019-12-11T08:02:22.471+0000][1][safepoint    ] Entering safepoint region: RevokeBias
[2019-12-11T08:02:22.471+0000][1][safepoint    ] Leaving safepoint region
[2019-12-11T08:02:22.471+0000][1][safepoint    ] Total time for which application threads were stopped: 0.0000432 seconds, Stopping threads took: 0.0000074 seconds
[2019-12-11T08:02:22.471+0000][1][safepoint    ] Application time: 0.0000486 seconds
[2019-12-11T08:02:22.472+0000][1][safepoint    ] Entering safepoint region: RevokeBias
[2019-12-11T08:02:22.472+0000][1][safepoint    ] Leaving safepoint region
[2019-12-11T08:02:22.472+0000][1][safepoint    ] Total time for which application threads were stopped: 0.0000434 seconds, Stopping threads took: 0.0000075 seconds
[2019-12-11T08:02:22.472+0000][1][safepoint    ] Application time: 0.0000487 seconds
[2019-12-11T08:02:22.472+0000][1][safepoint    ] Entering safepoint region: RevokeBias
[2019-12-11T08:02:22.472+0000][1][safepoint    ] Leaving safepoint region
[2019-12-11T08:02:22.472+0000][1][safepoint    ] Total time for which application threads were stopped: 0.0000432 seconds, Stopping threads took: 0.0000074 seconds
[2019-12-11T08:02:22.472+0000][1][safepoint    ] Application time: 0.0000608 seconds
[2019-12-11T08:02:22.472+0000][1][safepoint    ] Entering safepoint region: RevokeBias
[2019-12-11T08:02:22.472+0000][1][safepoint    ] Leaving safepoint region
[2019-12-11T08:02:22.472+0000][1][safepoint    ] Total time for which application threads were stopped: 0.0000502 seconds, Stopping threads took: 0.0000074 seconds
[2019-12-11T08:02:22.472+0000][1][safepoint    ] Application time: 0.0000495 seconds
[2019-12-11T08:02:22.472+0000][1][safepoint    ] Entering safepoint region: RevokeBias
[2019-12-11T08:02:22.472+0000][1][safepoint    ] Leaving safepoint region
[2019-12-11T08:02:22.472+0000][1][safepoint    ] Total time for which application threads were stopped: 0.0000436 seconds, Stopping threads took: 0.0000077 seconds
[2019-12-11T08:02:22.472+0000][1][safepoint    ] Application time: 0.0000498 seconds
[2019-12-11T08:02:22.472+0000][1][safepoint    ] Entering safepoint region: RevokeBias
[2019-12-11T08:02:22.472+0000][1][safepoint    ] Leaving safepoint region
[2019-12-11T08:02:22.472+0000][1][safepoint    ] Total time for which application threads were stopped: 0.0000432 seconds, Stopping threads took: 0.0000072 seconds
[2019-12-11T08:02:22.472+0000][1][safepoint    ] Application time: 0.0000502 seconds
[2019-12-11T08:02:22.472+0000][1][safepoint    ] Entering safepoint region: RevokeBias
[2019-12-11T08:02:22.472+0000][1][safepoint    ] Leaving safepoint region
[2019-12-11T08:02:22.472+0000][1][safepoint    ] Total time for which application threads were stopped: 0.0000442 seconds, Stopping threads took: 0.0000073 seconds
[2019-12-11T08:02:22.472+0000][1][safepoint    ] Application time: 0.0000493 seconds
[2019-12-11T08:02:22.472+0000][1][safepoint    ] Entering safepoint region: BulkRevokeBias
[2019-12-11T08:02:22.472+0000][1][safepoint    ] Leaving safepoint region
[2019-12-11T08:02:22.472+0000][1][safepoint    ] Total time for which application threads were stopped: 0.0000961 seconds, Stopping threads took: 0.0000074 seconds
[2019-12-11T08:02:22.472+0000][1][safepoint    ] Application time: 0.0001561 seconds
[2019-12-11T08:02:22.472+0000][1][safepoint    ] Entering safepoint region: RevokeBias
[2019-12-11T08:02:22.472+0000][1][safepoint    ] Leaving safepoint region
[2019-12-11T08:02:22.472+0000][1][safepoint    ] Total time for which application threads were stopped: 0.0000544 seconds, Stopping threads took: 0.0000076 seconds
[2019-12-11T08:02:22.473+0000][1][safepoint    ] Application time: 0.0001193 seconds
[2019-12-11T08:02:22.473+0000][1][safepoint    ] Entering safepoint region: RevokeBias
[2019-12-11T08:02:22.473+0000][1][safepoint    ] Leaving safepoint region
[2019-12-11T08:02:22.473+0000][1][safepoint    ] Total time for which application threads were stopped: 0.0000483 seconds, Stopping threads took: 0.0000076 seconds
[2019-12-11T08:02:22.473+0000][1][safepoint    ] Application time: 0.0000656 seconds
[2019-12-11T08:02:22.473+0000][1][safepoint    ] Entering safepoint region: RevokeBias
[2019-12-11T08:02:22.473+0000][1][safepoint    ] Leaving safepoint region
[2019-12-11T08:02:22.473+0000][1][safepoint    ] Total time for which application threads were stopped: 0.0000476 seconds, Stopping threads took: 0.0000076 seconds
[2019-12-11T08:02:22.473+0000][1][safepoint    ] Application time: 0.0000751 seconds
[2019-12-11T08:02:22.473+0000][1][safepoint    ] Entering safepoint region: RevokeBias
[2019-12-11T08:02:22.473+0000][1][safepoint    ] Leaving safepoint region
[2019-12-11T08:02:22.473+0000][1][safepoint    ] Total time for which application threads were stopped: 0.0000489 seconds, Stopping threads took: 0.0000074 seconds
[2019-12-11T08:02:22.473+0000][1][safepoint    ] Application time: 0.0000565 seconds
[2019-12-11T08:02:22.473+0000][1][safepoint    ] Entering safepoint region: RevokeBias
[2019-12-11T08:02:22.473+0000][1][safepoint    ] Leaving safepoint region
[2019-12-11T08:02:22.473+0000][1][safepoint    ] Total time for which application threads were stopped: 0.0000469 seconds, Stopping threads took: 0.0000074 seconds
[2019-12-11T08:02:22.473+0000][1][safepoint    ] Application time: 0.0001653 seconds
[2019-12-11T08:02:22.473+0000][1][safepoint    ] Entering safepoint region: RevokeBias
[2019-12-11T08:02:22.473+0000][1][safepoint    ] Leaving safepoint region
[2019-12-11T08:02:22.473+0000][1][safepoint    ] Total time for which application threads were stopped: 0.0000542 seconds, Stopping threads took: 0.0000076 seconds
[2019-12-11T08:02:22.474+0000][1][safepoint    ] Application time: 0.0002868 seconds
[2019-12-11T08:02:22.474+0000][1][safepoint    ] Entering safepoint region: RevokeBias
[2019-12-11T08:02:22.474+0000][1][safepoint    ] Leaving safepoint region
[2019-12-11T08:02:22.474+0000][1][safepoint    ] Total time for which application threads were stopped: 0.0000575 seconds, Stopping threads took: 0.0000085 seconds
[2019-12-11T08:02:22.474+0000][1][safepoint    ] Application time: 0.0000785 seconds
[2019-12-11T08:02:22.474+0000][1][safepoint    ] Entering safepoint region: RevokeBias
[2019-12-11T08:02:22.474+0000][1][safepoint    ] Leaving safepoint region
[2019-12-11T08:02:22.474+0000][1][safepoint    ] Total time for which application threads were stopped: 0.0000510 seconds, Stopping threads took: 0.0000085 seconds
[2019-12-11T08:02:22.474+0000][1][safepoint    ] Application time: 0.0001739 seconds
[2019-12-11T08:02:22.474+0000][1][safepoint    ] Entering safepoint region: RevokeBias
[2019-12-11T08:02:22.474+0000][1][safepoint    ] Leaving safepoint region
[2019-12-11T08:02:22.474+0000][1][safepoint    ] Total time for which application threads were stopped: 0.0000579 seconds, Stopping threads took: 0.0000084 seconds
[2019-12-11T08:02:22.474+0000][1][safepoint    ] Application time: 0.0000561 seconds
[2019-12-11T08:02:22.474+0000][1][safepoint    ] Entering safepoint region: RevokeBias
[2019-12-11T08:02:22.474+0000][1][safepoint    ] Leaving safepoint region
[2019-12-11T08:02:22.474+0000][1][safepoint    ] Total time for which application threads were stopped: 0.0000410 seconds, Stopping threads took: 0.0000073 seconds
[2019-12-11T08:02:22.474+0000][1][safepoint    ] Application time: 0.0000438 seconds
[2019-12-11T08:02:22.474+0000][1][safepoint    ] Entering safepoint region: RevokeBias
[2019-12-11T08:02:22.474+0000][1][safepoint    ] Leaving safepoint region
[2019-12-11T08:02:22.474+0000][1][safepoint    ] Total time for which application threads were stopped: 0.0000384 seconds, Stopping threads took: 0.0000069 seconds
[2019-12-11T08:02:22.474+0000][1][safepoint    ] Application time: 0.0000434 seconds
[2019-12-11T08:02:22.474+0000][1][safepoint    ] Entering safepoint region: RevokeBias
[2019-12-11T08:02:22.474+0000][1][safepoint    ] Leaving safepoint region
[2019-12-11T08:02:22.474+0000][1][safepoint    ] Total time for which application threads were stopped: 0.0000382 seconds, Stopping threads took: 0.0000069 seconds
[2019-12-11T08:02:22.475+0000][1][safepoint    ] Application time: 0.0003152 seconds
[2019-12-11T08:02:22.475+0000][1][safepoint    ] Entering safepoint region: RevokeBias
[2019-12-11T08:02:22.475+0000][1][safepoint    ] Leaving safepoint region
[2019-12-11T08:02:22.475+0000][1][safepoint    ] Total time for which application threads were stopped: 0.0000518 seconds, Stopping threads took: 0.0000087 seconds
[2019-12-11T08:02:22.475+0000][1][safepoint    ] Application time: 0.0003886 seconds
[2019-12-11T08:02:22.475+0000][1][safepoint    ] Entering safepoint region: RevokeBias
[2019-12-11T08:02:22.475+0000][1][safepoint    ] Leaving safepoint region
[2019-12-11T08:02:22.475+0000][1][safepoint    ] Total time for which application threads were stopped: 0.0000548 seconds, Stopping threads took: 0.0000093 seconds
[2019-12-11T08:02:22.475+0000][1][safepoint    ] Application time: 0.0001119 seconds
[2019-12-11T08:02:22.475+0000][1][safepoint    ] Entering safepoint region: RevokeBias
[2019-12-11T08:02:22.475+0000][1][safepoint    ] Leaving safepoint region
[2019-12-11T08:02:22.475+0000][1][safepoint    ] Total time for which application threads were stopped: 0.0000438 seconds, Stopping threads took: 0.0000073 seconds
[2019-12-11T08:02:22.476+0000][1][safepoint    ] Application time: 0.0001653 seconds
[2019-12-11T08:02:22.476+0000][1][safepoint    ] Entering safepoint region: RevokeBias
[2019-12-11T08:02:22.476+0000][1][safepoint    ] Leaving safepoint region
[2019-12-11T08:02:22.476+0000][1][safepoint    ] Total time for which application threads were stopped: 0.0000476 seconds, Stopping threads took: 0.0000075 seconds
[2019-12-11T08:02:22.476+0000][1][safepoint    ] Application time: 0.0003723 seconds
[2019-12-11T08:02:22.476+0000][1][safepoint    ] Entering safepoint region: RevokeBias
[2019-12-11T08:02:22.476+0000][1][safepoint    ] Leaving safepoint region
[2019-12-11T08:02:22.476+0000][1][safepoint    ] Total time for which application threads were stopped: 0.0000580 seconds, Stopping threads took: 0.0000099 seconds
[2019-12-11T08:02:22.477+0000][1][safepoint    ] Application time: 0.0004638 seconds
[2019-12-11T08:02:22.477+0000][1][safepoint    ] Entering safepoint region: RevokeBias
[2019-12-11T08:02:22.477+0000][1][safepoint    ] Leaving safepoint region
[2019-12-11T08:02:22.477+0000][1][safepoint    ] Total time for which application threads were stopped: 0.0000590 seconds, Stopping threads took: 0.0000104 seconds
[2019-12-11T08:02:22.502+0000][1][safepoint    ] Application time: 0.0252547 seconds
[2019-12-11T08:02:22.502+0000][1][safepoint    ] Entering safepoint region: RevokeBias
[2019-12-11T08:02:22.502+0000][1][safepoint    ] Leaving safepoint region
[2019-12-11T08:02:22.502+0000][1][safepoint    ] Total time for which application threads were stopped: 0.0000882 seconds, Stopping threads took: 0.0000140 seconds
[2019-12-11T08:02:22.502+0000][1][safepoint    ] Application time: 0.0003094 seconds
[2019-12-11T08:02:22.502+0000][1][safepoint    ] Entering safepoint region: RevokeBias
[2019-12-11T08:02:22.502+0000][1][safepoint    ] Leaving safepoint region
[2019-12-11T08:02:22.502+0000][1][safepoint    ] Total time for which application threads were stopped: 0.0000710 seconds, Stopping threads took: 0.0000119 seconds
[2019-12-11T08:02:22.504+0000][1][safepoint    ] Application time: 0.0016429 seconds
[2019-12-11T08:02:22.504+0000][1][safepoint    ] Entering safepoint region: RevokeBias
[2019-12-11T08:02:22.504+0000][1][safepoint    ] Leaving safepoint region
[2019-12-11T08:02:22.504+0000][1][safepoint    ] Total time for which application threads were stopped: 0.0000690 seconds, Stopping threads took: 0.0000105 seconds
[2019-12-11T08:02:22.510+0000][1][safepoint    ] Application time: 0.0057470 seconds
[2019-12-11T08:02:22.510+0000][1][safepoint    ] Entering safepoint region: RevokeBias
[2019-12-11T08:02:22.510+0000][1][safepoint    ] Leaving safepoint region
[2019-12-11T08:02:22.510+0000][1][safepoint    ] Total time for which application threads were stopped: 0.0000828 seconds, Stopping threads took: 0.0000101 seconds
[2019-12-11T08:02:22.511+0000][1][safepoint    ] Application time: 0.0005309 seconds
[2019-12-11T08:02:22.511+0000][1][safepoint    ] Entering safepoint region: RevokeBias
[2019-12-11T08:02:22.511+0000][1][safepoint    ] Leaving safepoint region
[2019-12-11T08:02:22.511+0000][1][safepoint    ] Total time for which application threads were stopped: 0.0001029 seconds, Stopping threads took: 0.0000101 seconds
[2019-12-11T08:02:22.523+0000][1][safepoint    ] Application time: 0.0120497 seconds
[2019-12-11T08:02:22.523+0000][1][safepoint    ] Entering safepoint region: RevokeBias
[2019-12-11T08:02:22.523+0000][1][safepoint    ] Leaving safepoint region
[2019-12-11T08:02:22.523+0000][1][safepoint    ] Total time for which application threads were stopped: 0.0000969 seconds, Stopping threads took: 0.0000124 seconds
[2019-12-11T08:02:22.524+0000][1][safepoint    ] Application time: 0.0010906 seconds
[2019-12-11T08:02:22.524+0000][1][safepoint    ] Entering safepoint region: RevokeBias
[2019-12-11T08:02:22.524+0000][1][safepoint    ] Leaving safepoint region
[2019-12-11T08:02:22.524+0000][1][safepoint    ] Total time for which application threads were stopped: 0.0000598 seconds, Stopping threads took: 0.0000112 seconds
[2019-12-11T08:02:22.524+0000][1][safepoint    ] Application time: 0.0000618 seconds
[2019-12-11T08:02:22.524+0000][1][safepoint    ] Entering safepoint region: RevokeBias
[2019-12-11T08:02:22.524+0000][1][safepoint    ] Leaving safepoint region
[2019-12-11T08:02:22.524+0000][1][safepoint    ] Total time for which application threads were stopped: 0.0000466 seconds, Stopping threads took: 0.0000085 seconds
[2019-12-11T08:02:22.524+0000][1][safepoint    ] Application time: 0.0000562 seconds
[2019-12-11T08:02:22.524+0000][1][safepoint    ] Entering safepoint region: RevokeBias
[2019-12-11T08:02:22.524+0000][1][safepoint    ] Leaving safepoint region
[2019-12-11T08:02:22.524+0000][1][safepoint    ] Total time for which application threads were stopped: 0.0000393 seconds, Stopping threads took: 0.0000087 seconds
[2019-12-11T08:02:22.524+0000][1][safepoint    ] Application time: 0.0000535 seconds
[2019-12-11T08:02:22.524+0000][1][safepoint    ] Entering safepoint region: RevokeBias
[2019-12-11T08:02:22.524+0000][1][safepoint    ] Leaving safepoint region
[2019-12-11T08:02:22.524+0000][1][safepoint    ] Total time for which application threads were stopped: 0.0000369 seconds, Stopping threads took: 0.0000083 seconds
[2019-12-11T08:02:22.524+0000][1][safepoint    ] Application time: 0.0000519 seconds
[2019-12-11T08:02:22.524+0000][1][safepoint    ] Entering safepoint region: RevokeBias
[2019-12-11T08:02:22.525+0000][1][safepoint    ] Leaving safepoint region
[2019-12-11T08:02:22.525+0000][1][safepoint    ] Total time for which application threads were stopped: 0.0000376 seconds, Stopping threads took: 0.0000084 seconds
[2019-12-11T08:02:22.525+0000][1][safepoint    ] Application time: 0.0000550 seconds
[2019-12-11T08:02:22.525+0000][1][safepoint    ] Entering safepoint region: RevokeBias
[2019-12-11T08:02:22.525+0000][1][safepoint    ] Leaving safepoint region
[2019-12-11T08:02:22.525+0000][1][safepoint    ] Total time for which application threads were stopped: 0.0000374 seconds, Stopping threads took: 0.0000085 seconds
[2019-12-11T08:02:22.525+0000][1][safepoint    ] Application time: 0.0000688 seconds
[2019-12-11T08:02:22.525+0000][1][safepoint    ] Entering safepoint region: RevokeBias
[2019-12-11T08:02:22.525+0000][1][safepoint    ] Leaving safepoint region
[2019-12-11T08:02:22.525+0000][1][safepoint    ] Total time for which application threads were stopped: 0.0000406 seconds, Stopping threads took: 0.0000090 seconds
[2019-12-11T08:02:22.525+0000][1][safepoint    ] Application time: 0.0000530 seconds
[2019-12-11T08:02:22.525+0000][1][safepoint    ] Entering safepoint region: RevokeBias
[2019-12-11T08:02:22.525+0000][1][safepoint    ] Leaving safepoint region
[2019-12-11T08:02:22.525+0000][1][safepoint    ] Total time for which application threads were stopped: 0.0000378 seconds, Stopping threads took: 0.0000085 seconds
[2019-12-11T08:02:22.525+0000][1][safepoint    ] Application time: 0.0000507 seconds
[2019-12-11T08:02:22.525+0000][1][safepoint    ] Entering safepoint region: RevokeBias
[2019-12-11T08:02:22.525+0000][1][safepoint    ] Leaving safepoint region
[2019-12-11T08:02:22.525+0000][1][safepoint    ] Total time for which application threads were stopped: 0.0000456 seconds, Stopping threads took: 0.0000080 seconds
[2019-12-11T08:02:22.525+0000][1][safepoint    ] Application time: 0.0000542 seconds
[2019-12-11T08:02:22.525+0000][1][safepoint    ] Entering safepoint region: RevokeBias
[2019-12-11T08:02:22.525+0000][1][safepoint    ] Leaving safepoint region
[2019-12-11T08:02:22.525+0000][1][safepoint    ] Total time for which application threads were stopped: 0.0000380 seconds, Stopping threads took: 0.0000084 seconds
[2019-12-11T08:02:22.525+0000][1][safepoint    ] Application time: 0.0000535 seconds
[2019-12-11T08:02:22.525+0000][1][safepoint    ] Entering safepoint region: RevokeBias
[2019-12-11T08:02:22.525+0000][1][safepoint    ] Leaving safepoint region
[2019-12-11T08:02:22.525+0000][1][safepoint    ] Total time for which application threads were stopped: 0.0000376 seconds, Stopping threads took: 0.0000085 seconds
[2019-12-11T08:02:22.525+0000][1][safepoint    ] Application time: 0.0000516 seconds
[2019-12-11T08:02:22.525+0000][1][safepoint    ] Entering safepoint region: RevokeBias
[2019-12-11T08:02:22.525+0000][1][safepoint    ] Leaving safepoint region
[2019-12-11T08:02:22.525+0000][1][safepoint    ] Total time for which application threads were stopped: 0.0000420 seconds, Stopping threads took: 0.0000085 seconds
[2019-12-11T08:02:22.525+0000][1][safepoint    ] Application time: 0.0000530 seconds
[2019-12-11T08:02:22.525+0000][1][safepoint    ] Entering safepoint region: RevokeBias
[2019-12-11T08:02:22.525+0000][1][safepoint    ] Leaving safepoint region
[2019-12-11T08:02:22.525+0000][1][safepoint    ] Total time for which application threads were stopped: 0.0000377 seconds, Stopping threads took: 0.0000081 seconds
[2019-12-11T08:02:22.525+0000][1][safepoint    ] Application time: 0.0000551 seconds
[2019-12-11T08:02:22.525+0000][1][safepoint    ] Entering safepoint region: RevokeBias
[2019-12-11T08:02:22.526+0000][1][safepoint    ] Leaving safepoint region
[2019-12-11T08:02:22.526+0000][1][safepoint    ] Total time for which application threads were stopped: 0.0000369 seconds, Stopping threads took: 0.0000081 seconds
[2019-12-11T08:02:22.526+0000][1][safepoint    ] Application time: 0.0000547 seconds
[2019-12-11T08:02:22.526+0000][1][safepoint    ] Entering safepoint region: RevokeBias
[2019-12-11T08:02:22.526+0000][1][safepoint    ] Leaving safepoint region
[2019-12-11T08:02:22.526+0000][1][safepoint    ] Total time for which application threads were stopped: 0.0000417 seconds, Stopping threads took: 0.0000093 seconds
[2019-12-11T08:02:22.526+0000][1][safepoint    ] Application time: 0.0000676 seconds
[2019-12-11T08:02:22.526+0000][1][safepoint    ] Entering safepoint region: RevokeBias
[2019-12-11T08:02:22.526+0000][1][safepoint    ] Leaving safepoint region
[2019-12-11T08:02:22.526+0000][1][safepoint    ] Total time for which application threads were stopped: 0.0000407 seconds, Stopping threads took: 0.0000089 seconds
[2019-12-11T08:02:22.526+0000][1][safepoint    ] Application time: 0.0000534 seconds
[2019-12-11T08:02:22.526+0000][1][safepoint    ] Entering safepoint region: RevokeBias
[2019-12-11T08:02:22.526+0000][1][safepoint    ] Leaving safepoint region
[2019-12-11T08:02:22.526+0000][1][safepoint    ] Total time for which application threads were stopped: 0.0000373 seconds, Stopping threads took: 0.0000084 seconds
[2019-12-11T08:02:22.526+0000][1][safepoint    ] Application time: 0.0000533 seconds
[2019-12-11T08:02:22.526+0000][1][safepoint    ] Entering safepoint region: RevokeBias
[2019-12-11T08:02:22.526+0000][1][safepoint    ] Leaving safepoint region
[2019-12-11T08:02:22.526+0000][1][safepoint    ] Total time for which application threads were stopped: 0.0000372 seconds, Stopping threads took: 0.0000087 seconds
[2019-12-11T08:02:22.526+0000][1][safepoint    ] Application time: 0.0000512 seconds
[2019-12-11T08:02:22.526+0000][1][safepoint    ] Entering safepoint region: RevokeBias
[2019-12-11T08:02:22.526+0000][1][safepoint    ] Leaving safepoint region
[2019-12-11T08:02:22.526+0000][1][safepoint    ] Total time for which application threads were stopped: 0.0000366 seconds, Stopping threads took: 0.0000083 seconds
[2019-12-11T08:02:22.526+0000][1][safepoint    ] Application time: 0.0000523 seconds
[2019-12-11T08:02:22.526+0000][1][safepoint    ] Entering safepoint region: BulkRevokeBias
[2019-12-11T08:02:22.526+0000][1][safepoint    ] Leaving safepoint region
[2019-12-11T08:02:22.526+0000][1][safepoint    ] Total time for which application threads were stopped: 0.0001180 seconds, Stopping threads took: 0.0000084 seconds
[2019-12-11T08:02:22.550+0000][1][safepoint    ] Application time: 0.0238304 seconds
[2019-12-11T08:02:22.550+0000][1][safepoint    ] Entering safepoint region: RevokeBias
[2019-12-11T08:02:22.550+0000][1][safepoint    ] Leaving safepoint region
[2019-12-11T08:02:22.550+0000][1][safepoint    ] Total time for which application threads were stopped: 0.0000615 seconds, Stopping threads took: 0.0000123 seconds
[2019-12-11T08:02:22.552+0000][1][safepoint    ] Application time: 0.0014238 seconds
[2019-12-11T08:02:22.552+0000][1][safepoint    ] Entering safepoint region: RevokeBias
[2019-12-11T08:02:22.552+0000][1][safepoint    ] Leaving safepoint region
[2019-12-11T08:02:22.552+0000][1][safepoint    ] Total time for which application threads were stopped: 0.0000828 seconds, Stopping threads took: 0.0000112 seconds
[2019-12-11T08:02:22.553+0000][1][safepoint    ] Application time: 0.0014881 seconds
[2019-12-11T08:02:22.553+0000][1][safepoint    ] Entering safepoint region: RevokeBias
[2019-12-11T08:02:22.553+0000][1][safepoint    ] Leaving safepoint region
[2019-12-11T08:02:22.553+0000][1][safepoint    ] Total time for which application threads were stopped: 0.0001046 seconds, Stopping threads took: 0.0000114 seconds
[2019-12-11T08:02:22.567+0000][1][safepoint    ] Application time: 0.0135707 seconds
[2019-12-11T08:02:22.573+0000][1][safepoint    ] Entering safepoint region: RevokeBias
[2019-12-11T08:02:22.573+0000][1][safepoint    ] Leaving safepoint region
[2019-12-11T08:02:22.573+0000][1][safepoint    ] Total time for which application threads were stopped: 0.0058697 seconds, Stopping threads took: 0.0057914 seconds
[2019-12-11T08:02:22.573+0000][1][safepoint    ] Application time: 0.0002820 seconds
[2019-12-11T08:02:22.573+0000][1][safepoint    ] Entering safepoint region: RevokeBias
[2019-12-11T08:02:22.573+0000][1][safepoint    ] Leaving safepoint region
[2019-12-11T08:02:22.573+0000][1][safepoint    ] Total time for which application threads were stopped: 0.0000759 seconds, Stopping threads took: 0.0000094 seconds
[2019-12-11T08:02:22.580+0000][1][safepoint    ] Application time: 0.0063356 seconds
[2019-12-11T08:02:22.580+0000][1][safepoint    ] Entering safepoint region: RevokeBias
[2019-12-11T08:02:22.580+0000][1][safepoint    ] Leaving safepoint region
[2019-12-11T08:02:22.580+0000][1][safepoint    ] Total time for which application threads were stopped: 0.0000452 seconds, Stopping threads took: 0.0000117 seconds
[2019-12-11T08:02:22.591+0000][1][safepoint    ] Application time: 0.0118210 seconds
[2019-12-11T08:02:22.591+0000][1][safepoint    ] Entering safepoint region: RevokeBias
[2019-12-11T08:02:22.592+0000][1][safepoint    ] Leaving safepoint region
[2019-12-11T08:02:22.592+0000][1][safepoint    ] Total time for which application threads were stopped: 0.0000442 seconds, Stopping threads took: 0.0000112 seconds
[2019-12-11T08:02:22.621+0000][1][safepoint    ] Application time: 0.0291209 seconds
[2019-12-11T08:02:22.621+0000][1][safepoint    ] Entering safepoint region: RevokeBias
[2019-12-11T08:02:22.621+0000][1][safepoint    ] Leaving safepoint region
[2019-12-11T08:02:22.621+0000][1][safepoint    ] Total time for which application threads were stopped: 0.0000526 seconds, Stopping threads took: 0.0000151 seconds
[2019-12-11T08:02:22.840+0000][1][safepoint    ] Application time: 0.2189526 seconds
[2019-12-11T08:02:22.840+0000][1][safepoint    ] Entering safepoint region: RevokeBias
[2019-12-11T08:02:22.840+0000][1][safepoint    ] Leaving safepoint region
[2019-12-11T08:02:22.840+0000][1][safepoint    ] Total time for which application threads were stopped: 0.0004475 seconds, Stopping threads took: 0.0003534 seconds
[2019-12-11T08:02:22.856+0000][1][safepoint    ] Application time: 0.0156329 seconds
[2019-12-11T08:02:22.891+0000][1][safepoint    ] Entering safepoint region: RevokeBias
[2019-12-11T08:02:22.891+0000][1][safepoint    ] Leaving safepoint region
[2019-12-11T08:02:22.891+0000][1][safepoint    ] Total time for which application threads were stopped: 0.0350072 seconds, Stopping threads took: 0.0349491 seconds
[2019-12-11T08:02:23.175+0000][1][safepoint    ] Application time: 0.2841534 seconds
[2019-12-11T08:02:23.175+0000][1][safepoint    ] Entering safepoint region: RevokeBias
[2019-12-11T08:02:23.175+0000][1][safepoint    ] Leaving safepoint region
[2019-12-11T08:02:23.175+0000][1][safepoint    ] Total time for which application threads were stopped: 0.0000767 seconds, Stopping threads took: 0.0000158 seconds
[2019-12-11T08:02:23.938+0000][1][safepoint    ] Application time: 0.7628241 seconds
[2019-12-11T08:02:23.957+0000][1][safepoint    ] Entering safepoint region: RevokeBias
[2019-12-11T08:02:23.957+0000][1][safepoint    ] Leaving safepoint region
[2019-12-11T08:02:23.957+0000][1][safepoint    ] Total time for which application threads were stopped: 0.0190912 seconds, Stopping threads took: 0.0190154 seconds
[2019-12-11T08:02:23.957+0000][1][safepoint    ] Application time: 0.0001201 seconds
[2019-12-11T08:02:23.957+0000][1][safepoint    ] Entering safepoint region: RevokeBias
[2019-12-11T08:02:23.957+0000][1][safepoint    ] Leaving safepoint region
[2019-12-11T08:02:23.957+0000][1][safepoint    ] Total time for which application threads were stopped: 0.0000496 seconds, Stopping threads took: 0.0000111 seconds
[2019-12-11T08:02:23.962+0000][1][safepoint    ] Application time: 0.0050852 seconds
[2019-12-11T08:02:23.962+0000][1][safepoint    ] Entering safepoint region: GenCollectForAllocation
[2019-12-11T08:02:23.962+0000][1][gc,start     ] GC(20) Pause Young (Allocation Failure)
[2019-12-11T08:02:23.963+0000][1][gc,task      ] GC(20) Using 2 workers of 2 for evacuation
[2019-12-11T08:02:24.334+0000][1][gc,age       ] GC(20) Desired survivor size 4456448 bytes, new threshold 2 (max threshold 6)
[2019-12-11T08:02:24.334+0000][1][gc,age       ] GC(20) Age table with threshold 2 (max threshold 6)
[2019-12-11T08:02:24.334+0000][1][gc,age       ] GC(20) - age   1:    2725304 bytes,    2725304 total
[2019-12-11T08:02:24.334+0000][1][gc,age       ] GC(20) - age   2:    2510392 bytes,    5235696 total
[2019-12-11T08:02:24.334+0000][1][gc,heap      ] GC(20) ParNew: 76991K->7428K(78656K)
[2019-12-11T08:02:24.334+0000][1][gc,heap      ] GC(20) CMS: 54966K->58115K(174784K)
[2019-12-11T08:02:24.334+0000][1][gc,metaspace ] GC(20) Metaspace: 48392K->48392K(1093632K)
[2019-12-11T08:02:24.334+0000][1][gc           ] GC(20) Pause Young (Allocation Failure) 128M->64M(247M) 371.784ms
[2019-12-11T08:02:24.334+0000][1][gc,cpu       ] GC(20) User=0.08s Sys=0.00s Real=0.37s
[2019-12-11T08:02:24.334+0000][1][safepoint    ] Leaving safepoint region
[2019-12-11T08:02:24.334+0000][1][safepoint    ] Total time for which application threads were stopped: 0.3719108 seconds, Stopping threads took: 0.0000141 seconds
[2019-12-11T08:02:24.959+0000][1][safepoint    ] Application time: 0.6248891 seconds
[2019-12-11T08:02:24.978+0000][1][safepoint    ] Entering safepoint region: RevokeBias
[2019-12-11T08:02:24.978+0000][1][safepoint    ] Leaving safepoint region
[2019-12-11T08:02:24.978+0000][1][safepoint    ] Total time for which application threads were stopped: 0.0185558 seconds, Stopping threads took: 0.0184843 seconds
[2019-12-11T08:02:25.222+0000][1][safepoint    ] Application time: 0.2442209 seconds
[2019-12-11T08:02:25.222+0000][1][safepoint    ] Entering safepoint region: RevokeBias
[2019-12-11T08:02:25.223+0000][1][safepoint    ] Leaving safepoint region
[2019-12-11T08:02:25.223+0000][1][safepoint    ] Total time for which application threads were stopped: 0.0004853 seconds, Stopping threads took: 0.0000142 seconds
[2019-12-11T08:02:25.951+0000][1][safepoint    ] Application time: 0.7288816 seconds
[2019-12-11T08:02:25.951+0000][1][safepoint    ] Entering safepoint region: RevokeBias
[2019-12-11T08:02:25.952+0000][1][safepoint    ] Leaving safepoint region
[2019-12-11T08:02:25.952+0000][1][safepoint    ] Total time for which application threads were stopped: 0.0000849 seconds, Stopping threads took: 0.0000251 seconds
[2019-12-11T08:02:25.953+0000][1][safepoint    ] Application time: 0.0009996 seconds
[2019-12-11T08:02:25.953+0000][1][safepoint    ] Entering safepoint region: RevokeBias
[2019-12-11T08:02:25.953+0000][1][safepoint    ] Leaving safepoint region
[2019-12-11T08:02:25.953+0000][1][safepoint    ] Total time for which application threads were stopped: 0.0000605 seconds, Stopping threads took: 0.0000138 seconds
[2019-12-11T08:02:26.044+0000][1][safepoint    ] Application time: 0.0914034 seconds
[2019-12-11T08:02:26.105+0000][1][safepoint    ] Entering safepoint region: RevokeBias
[2019-12-11T08:02:26.105+0000][1][safepoint    ] Leaving safepoint region
[2019-12-11T08:02:26.105+0000][1][safepoint    ] Total time for which application threads were stopped: 0.0607784 seconds, Stopping threads took: 0.0607124 seconds
[2019-12-11T08:02:26.105+0000][1][safepoint    ] Application time: 0.0001737 seconds
[2019-12-11T08:02:26.105+0000][1][safepoint    ] Entering safepoint region: RevokeBias
[2019-12-11T08:02:26.105+0000][1][safepoint    ] Leaving safepoint region
[2019-12-11T08:02:26.105+0000][1][safepoint    ] Total time for which application threads were stopped: 0.0000420 seconds, Stopping threads took: 0.0000100 seconds
[2019-12-11T08:02:26.109+0000][1][safepoint    ] Application time: 0.0037019 seconds
[2019-12-11T08:02:26.109+0000][1][safepoint    ] Entering safepoint region: RevokeBias
[2019-12-11T08:02:26.109+0000][1][safepoint    ] Leaving safepoint region
[2019-12-11T08:02:26.109+0000][1][safepoint    ] Total time for which application threads were stopped: 0.0000583 seconds, Stopping threads took: 0.0000138 seconds
[2019-12-11T08:02:26.115+0000][1][safepoint    ] Application time: 0.0060084 seconds
[2019-12-11T08:02:26.115+0000][1][safepoint    ] Entering safepoint region: RevokeBias
[2019-12-11T08:02:26.115+0000][1][safepoint    ] Leaving safepoint region
[2019-12-11T08:02:26.115+0000][1][safepoint    ] Total time for which application threads were stopped: 0.0000562 seconds, Stopping threads took: 0.0000146 seconds
[2019-12-11T08:02:26.161+0000][1][safepoint    ] Application time: 0.0461805 seconds
[2019-12-11T08:02:26.161+0000][1][safepoint    ] Entering safepoint region: RevokeBias
[2019-12-11T08:02:26.161+0000][1][safepoint    ] Leaving safepoint region
[2019-12-11T08:02:26.161+0000][1][safepoint    ] Total time for which application threads were stopped: 0.0000686 seconds, Stopping threads took: 0.0000155 seconds
[2019-12-11T08:02:26.214+0000][1][safepoint    ] Application time: 0.0525848 seconds
[2019-12-11T08:02:26.214+0000][1][safepoint    ] Entering safepoint region: RevokeBias
[2019-12-11T08:02:26.214+0000][1][safepoint    ] Leaving safepoint region
[2019-12-11T08:02:26.214+0000][1][safepoint    ] Total time for which application threads were stopped: 0.0000684 seconds, Stopping threads took: 0.0000154 seconds
[2019-12-11T08:02:26.320+0000][1][safepoint    ] Application time: 0.1054998 seconds
[2019-12-11T08:02:26.320+0000][1][safepoint    ] Entering safepoint region: RevokeBias
[2019-12-11T08:02:26.320+0000][1][safepoint    ] Leaving safepoint region
[2019-12-11T08:02:26.320+0000][1][safepoint    ] Total time for which application threads were stopped: 0.0000695 seconds, Stopping threads took: 0.0000159 seconds
[2019-12-11T08:02:27.326+0000][1][safepoint    ] Application time: 1.0060815 seconds
[2019-12-11T08:02:27.391+0000][1][safepoint    ] Entering safepoint region: Cleanup
[2019-12-11T08:02:27.391+0000][1][safepoint    ] Leaving safepoint region
[2019-12-11T08:02:27.391+0000][1][safepoint    ] Total time for which application threads were stopped: 0.0655844 seconds, Stopping threads took: 0.0650778 seconds
[2019-12-11T08:02:27.821+0000][1][safepoint    ] Application time: 0.4291457 seconds
[2019-12-11T08:02:27.850+0000][1][safepoint    ] Entering safepoint region: RevokeBias
[2019-12-11T08:02:27.850+0000][1][safepoint    ] Leaving safepoint region
[2019-12-11T08:02:27.850+0000][1][safepoint    ] Total time for which application threads were stopped: 0.0292721 seconds, Stopping threads took: 0.0291983 seconds
[2019-12-11T08:02:28.360+0000][1][safepoint    ] Application time: 0.5096888 seconds
[2019-12-11T08:02:28.360+0000][1][safepoint    ] Entering safepoint region: RevokeBias
[2019-12-11T08:02:28.360+0000][1][safepoint    ] Leaving safepoint region
[2019-12-11T08:02:28.360+0000][1][safepoint    ] Total time for which application threads were stopped: 0.0000753 seconds, Stopping threads took: 0.0000161 seconds
[2019-12-11T08:02:28.610+0000][1][safepoint    ] Application time: 0.2503945 seconds
[2019-12-11T08:02:28.610+0000][1][safepoint    ] Entering safepoint region: RevokeBias
[2019-12-11T08:02:28.610+0000][1][safepoint    ] Leaving safepoint region
[2019-12-11T08:02:28.610+0000][1][safepoint    ] Total time for which application threads were stopped: 0.0000770 seconds, Stopping threads took: 0.0000146 seconds
[2019-12-11T08:02:29.611+0000][1][safepoint    ] Application time: 1.0005757 seconds
[2019-12-11T08:02:29.616+0000][1][safepoint    ] Entering safepoint region: Cleanup
[2019-12-11T08:02:29.616+0000][1][safepoint    ] Leaving safepoint region
[2019-12-11T08:02:29.616+0000][1][safepoint    ] Total time for which application threads were stopped: 0.0050447 seconds, Stopping threads took: 0.0049660 seconds
[2019-12-11T08:02:29.895+0000][1][safepoint    ] Application time: 0.2789191 seconds
[2019-12-11T08:02:29.895+0000][1][safepoint    ] Entering safepoint region: BulkRevokeBias
[2019-12-11T08:02:29.895+0000][1][safepoint    ] Leaving safepoint region
[2019-12-11T08:02:29.895+0000][1][safepoint    ] Total time for which application threads were stopped: 0.0001869 seconds, Stopping threads took: 0.0000170 seconds
[2019-12-11T08:02:30.550+0000][1][safepoint    ] Application time: 0.6548453 seconds
[2019-12-11T08:02:30.550+0000][1][safepoint    ] Entering safepoint region: GenCollectForAllocation
[2019-12-11T08:02:30.550+0000][1][gc,start     ] GC(21) Pause Young (Allocation Failure)
[2019-12-11T08:02:30.550+0000][1][gc,task      ] GC(21) Using 2 workers of 2 for evacuation
[2019-12-11T08:02:30.714+0000][1][gc,age       ] GC(21) Desired survivor size 4456448 bytes, new threshold 6 (max threshold 6)
[2019-12-11T08:02:30.714+0000][1][gc,age       ] GC(21) Age table with threshold 6 (max threshold 6)
[2019-12-11T08:02:30.714+0000][1][gc,age       ] GC(21) - age   1:    1661208 bytes,    1661208 total
[2019-12-11T08:02:30.714+0000][1][gc,age       ] GC(21) - age   2:    2657152 bytes,    4318360 total
[2019-12-11T08:02:30.714+0000][1][gc,heap      ] GC(21) ParNew: 77380K->5072K(78656K)
[2019-12-11T08:02:30.714+0000][1][gc,heap      ] GC(21) CMS: 58115K->60631K(174784K)
[2019-12-11T08:02:30.714+0000][1][gc,metaspace ] GC(21) Metaspace: 56353K->56353K(1101824K)
[2019-12-11T08:02:30.714+0000][1][gc           ] GC(21) Pause Young (Allocation Failure) 132M->64M(247M) 164.328ms
[2019-12-11T08:02:30.714+0000][1][gc,cpu       ] GC(21) User=0.03s Sys=0.00s Real=0.16s
[2019-12-11T08:02:30.714+0000][1][safepoint    ] Leaving safepoint region
[2019-12-11T08:02:30.714+0000][1][safepoint    ] Total time for which application threads were stopped: 0.1644889 seconds, Stopping threads took: 0.0000259 seconds
[2019-12-11T08:02:30.876+0000][1][safepoint    ] Application time: 0.1613547 seconds
[2019-12-11T08:02:30.880+0000][1][safepoint    ] Entering safepoint region: RevokeBias
[2019-12-11T08:02:30.880+0000][1][safepoint    ] Leaving safepoint region
[2019-12-11T08:02:30.880+0000][1][safepoint    ] Total time for which application threads were stopped: 0.0040919 seconds, Stopping threads took: 0.0039901 seconds
[2019-12-11T08:02:30.880+0000][1][safepoint    ] Application time: 0.0000796 seconds
[2019-12-11T08:02:30.880+0000][1][safepoint    ] Entering safepoint region: RevokeBias
[2019-12-11T08:02:30.880+0000][1][safepoint    ] Leaving safepoint region
[2019-12-11T08:02:30.880+0000][1][safepoint    ] Total time for which application threads were stopped: 0.0000569 seconds, Stopping threads took: 0.0000090 seconds
[2019-12-11T08:02:30.880+0000][1][safepoint    ] Application time: 0.0002137 seconds
[2019-12-11T08:02:30.880+0000][1][safepoint    ] Entering safepoint region: RevokeBias
[2019-12-11T08:02:30.880+0000][1][safepoint    ] Leaving safepoint region
[2019-12-11T08:02:30.880+0000][1][safepoint    ] Total time for which application threads were stopped: 0.0000854 seconds, Stopping threads took: 0.0000113 seconds
[2019-12-11T08:02:31.570+0000][1][safepoint    ] Application time: 0.6894609 seconds
[2019-12-11T08:02:31.570+0000][1][safepoint    ] Entering safepoint region: Deoptimize
[2019-12-11T08:02:31.570+0000][1][safepoint    ] Leaving safepoint region
[2019-12-11T08:02:31.570+0000][1][safepoint    ] Total time for which application threads were stopped: 0.0006439 seconds, Stopping threads took: 0.0000485 seconds
[2019-12-11T08:02:32.584+0000][1][safepoint    ] Application time: 1.0133085 seconds
[2019-12-11T08:02:32.584+0000][1][safepoint    ] Entering safepoint region: Cleanup
[2019-12-11T08:02:32.585+0000][1][safepoint    ] Leaving safepoint region
[2019-12-11T08:02:32.585+0000][1][safepoint    ] Total time for which application threads were stopped: 0.0014391 seconds, Stopping threads took: 0.0001803 seconds
[2019-12-11T08:02:33.611+0000][1][safepoint    ] Application time: 1.0254598 seconds
[2019-12-11T08:02:33.611+0000][1][safepoint    ] Entering safepoint region: Cleanup
[2019-12-11T08:02:33.611+0000][1][safepoint    ] Leaving safepoint region
[2019-12-11T08:02:33.611+0000][1][safepoint    ] Total time for which application threads were stopped: 0.0001197 seconds, Stopping threads took: 0.0000545 seconds
[2019-12-11T08:02:34.347+0000][1][safepoint    ] Application time: 0.7357670 seconds
[2019-12-11T08:02:34.347+0000][1][safepoint    ] Entering safepoint region: Deoptimize
[2019-12-11T08:02:34.347+0000][1][safepoint    ] Leaving safepoint region
[2019-12-11T08:02:34.347+0000][1][safepoint    ] Total time for which application threads were stopped: 0.0007631 seconds, Stopping threads took: 0.0000147 seconds
[2019-12-11T08:02:35.357+0000][1][safepoint    ] Application time: 1.0093900 seconds
[2019-12-11T08:02:35.481+0000][1][safepoint    ] Entering safepoint region: Cleanup
[2019-12-11T08:02:35.481+0000][1][safepoint    ] Leaving safepoint region
[2019-12-11T08:02:35.481+0000][1][safepoint    ] Total time for which application threads were stopped: 0.1239298 seconds, Stopping threads took: 0.1238590 seconds
[2019-12-11T08:02:36.483+0000][1][safepoint    ] Application time: 1.0018609 seconds
[2019-12-11T08:02:36.487+0000][1][safepoint    ] Entering safepoint region: Cleanup
[2019-12-11T08:02:36.487+0000][1][safepoint    ] Leaving safepoint region
[2019-12-11T08:02:36.487+0000][1][safepoint    ] Total time for which application threads were stopped: 0.0040466 seconds, Stopping threads took: 0.0039842 seconds
[2019-12-11T08:02:37.494+0000][1][safepoint    ] Application time: 1.0068873 seconds
[2019-12-11T08:02:37.495+0000][1][safepoint    ] Entering safepoint region: Cleanup
[2019-12-11T08:02:37.495+0000][1][safepoint    ] Leaving safepoint region
[2019-12-11T08:02:37.495+0000][1][safepoint    ] Total time for which application threads were stopped: 0.0014524 seconds, Stopping threads took: 0.0013874 seconds
[2019-12-11T08:02:38.301+0000][1][safepoint    ] Application time: 0.8055082 seconds
[2019-12-11T08:02:38.301+0000][1][safepoint    ] Entering safepoint region: BulkRevokeBias
[2019-12-11T08:02:38.301+0000][1][safepoint    ] Leaving safepoint region
[2019-12-11T08:02:38.301+0000][1][safepoint    ] Total time for which application threads were stopped: 0.0002048 seconds, Stopping threads took: 0.0000160 seconds
[2019-12-11T08:02:38.902+0000][1][safepoint    ] Application time: 0.6010426 seconds
[2019-12-11T08:02:38.902+0000][1][safepoint    ] Entering safepoint region: GenCollectForAllocation
[2019-12-11T08:02:38.902+0000][1][gc,start     ] GC(22) Pause Young (Allocation Failure)
[2019-12-11T08:02:38.902+0000][1][gc,task      ] GC(22) Using 2 workers of 2 for evacuation
[2019-12-11T08:02:39.181+0000][1][gc,age       ] GC(22) Desired survivor size 4456448 bytes, new threshold 2 (max threshold 6)
[2019-12-11T08:02:39.181+0000][1][gc,age       ] GC(22) Age table with threshold 2 (max threshold 6)
[2019-12-11T08:02:39.181+0000][1][gc,age       ] GC(22) - age   1:    3619624 bytes,    3619624 total
[2019-12-11T08:02:39.181+0000][1][gc,age       ] GC(22) - age   2:    1560392 bytes,    5180016 total
[2019-12-11T08:02:39.182+0000][1][gc,age       ] GC(22) - age   3:    2628592 bytes,    7808608 total
[2019-12-11T08:02:39.182+0000][1][gc,heap      ] GC(22) ParNew: 75024K->8704K(78656K)
[2019-12-11T08:02:39.182+0000][1][gc,heap      ] GC(22) CMS: 60631K->60631K(174784K)
[2019-12-11T08:02:39.182+0000][1][gc,metaspace ] GC(22) Metaspace: 63534K->63534K(1107968K)
[2019-12-11T08:02:39.182+0000][1][gc           ] GC(22) Pause Young (Allocation Failure) 132M->67M(247M) 279.437ms
[2019-12-11T08:02:39.182+0000][1][gc,cpu       ] GC(22) User=0.08s Sys=0.00s Real=0.28s
[2019-12-11T08:02:39.182+0000][1][safepoint    ] Leaving safepoint region
[2019-12-11T08:02:39.182+0000][1][safepoint    ] Total time for which application threads were stopped: 0.2795972 seconds, Stopping threads took: 0.0000155 seconds
[2019-12-11T08:02:39.226+0000][1][safepoint    ] Application time: 0.0445447 seconds
[2019-12-11T08:02:39.226+0000][1][safepoint    ] Entering safepoint region: RevokeBias
[2019-12-11T08:02:39.226+0000][1][safepoint    ] Leaving safepoint region
[2019-12-11T08:02:39.226+0000][1][safepoint    ] Total time for which application threads were stopped: 0.0001553 seconds, Stopping threads took: 0.0000510 seconds
[2019-12-11T08:02:39.226+0000][1][safepoint    ] Application time: 0.0000775 seconds
[2019-12-11T08:02:39.226+0000][1][safepoint    ] Entering safepoint region: RevokeBias
[2019-12-11T08:02:39.227+0000][1][safepoint    ] Leaving safepoint region
[2019-12-11T08:02:39.227+0000][1][safepoint    ] Total time for which application threads were stopped: 0.0000776 seconds, Stopping threads took: 0.0000191 seconds
[2019-12-11T08:02:39.227+0000][1][safepoint    ] Application time: 0.0000621 seconds
[2019-12-11T08:02:39.227+0000][1][safepoint    ] Entering safepoint region: RevokeBias
[2019-12-11T08:02:39.227+0000][1][safepoint    ] Leaving safepoint region
[2019-12-11T08:02:39.227+0000][1][safepoint    ] Total time for which application threads were stopped: 0.0000730 seconds, Stopping threads took: 0.0000083 seconds
[2019-12-11T08:02:39.227+0000][1][safepoint    ] Application time: 0.0000744 seconds
[2019-12-11T08:02:39.227+0000][1][safepoint    ] Entering safepoint region: RevokeBias
[2019-12-11T08:02:39.227+0000][1][safepoint    ] Leaving safepoint region
[2019-12-11T08:02:39.227+0000][1][safepoint    ] Total time for which application threads were stopped: 0.0000825 seconds, Stopping threads took: 0.0000190 seconds
[2019-12-11T08:02:39.227+0000][1][safepoint    ] Application time: 0.0000585 seconds
[2019-12-11T08:02:39.227+0000][1][safepoint    ] Entering safepoint region: RevokeBias
[2019-12-11T08:02:39.227+0000][1][safepoint    ] Leaving safepoint region
[2019-12-11T08:02:39.227+0000][1][safepoint    ] Total time for which application threads were stopped: 0.0000499 seconds, Stopping threads took: 0.0000075 seconds
[2019-12-11T08:02:39.227+0000][1][safepoint    ] Application time: 0.0000550 seconds
[2019-12-11T08:02:39.227+0000][1][safepoint    ] Entering safepoint region: RevokeBias
[2019-12-11T08:02:39.227+0000][1][safepoint    ] Leaving safepoint region
[2019-12-11T08:02:39.227+0000][1][safepoint    ] Total time for which application threads were stopped: 0.0000446 seconds, Stopping threads took: 0.0000072 seconds
[2019-12-11T08:02:39.227+0000][1][safepoint    ] Application time: 0.0000520 seconds
[2019-12-11T08:02:39.227+0000][1][safepoint    ] Entering safepoint region: RevokeBias
[2019-12-11T08:02:39.227+0000][1][safepoint    ] Leaving safepoint region
[2019-12-11T08:02:39.227+0000][1][safepoint    ] Total time for which application threads were stopped: 0.0000455 seconds, Stopping threads took: 0.0000071 seconds
[2019-12-11T08:02:39.227+0000][1][safepoint    ] Application time: 0.0000533 seconds
[2019-12-11T08:02:39.227+0000][1][safepoint    ] Entering safepoint region: RevokeBias
[2019-12-11T08:02:39.227+0000][1][safepoint    ] Leaving safepoint region
[2019-12-11T08:02:39.227+0000][1][safepoint    ] Total time for which application threads were stopped: 0.0000465 seconds, Stopping threads took: 0.0000074 seconds
[2019-12-11T08:02:39.446+0000][1][safepoint    ] Application time: 0.2183697 seconds
[2019-12-11T08:02:39.446+0000][1][safepoint    ] Entering safepoint region: Deoptimize
[2019-12-11T08:02:39.446+0000][1][safepoint    ] Leaving safepoint region
[2019-12-11T08:02:39.446+0000][1][safepoint    ] Total time for which application threads were stopped: 0.0006536 seconds, Stopping threads took: 0.0000163 seconds
[2019-12-11T08:02:39.530+0000][1][safepoint    ] Application time: 0.0835328 seconds
[2019-12-11T08:02:39.530+0000][1][safepoint    ] Entering safepoint region: RevokeBias
[2019-12-11T08:02:39.530+0000][1][safepoint    ] Leaving safepoint region
[2019-12-11T08:02:39.530+0000][1][safepoint    ] Total time for which application threads were stopped: 0.0001063 seconds, Stopping threads took: 0.0000250 seconds
[2019-12-11T08:02:39.531+0000][1][safepoint    ] Application time: 0.0004996 seconds
[2019-12-11T08:02:39.531+0000][1][safepoint    ] Entering safepoint region: RevokeBias
[2019-12-11T08:02:39.531+0000][1][safepoint    ] Leaving safepoint region
[2019-12-11T08:02:39.531+0000][1][safepoint    ] Total time for which application threads were stopped: 0.0000725 seconds, Stopping threads took: 0.0000115 seconds
[2019-12-11T08:02:39.531+0000][1][safepoint    ] Application time: 0.0008276 seconds
[2019-12-11T08:02:39.532+0000][1][safepoint    ] Entering safepoint region: RevokeBias
[2019-12-11T08:02:39.532+0000][1][safepoint    ] Leaving safepoint region
[2019-12-11T08:02:39.532+0000][1][safepoint    ] Total time for which application threads were stopped: 0.0000889 seconds, Stopping threads took: 0.0000122 seconds
[2019-12-11T08:02:39.532+0000][1][safepoint    ] Application time: 0.0004343 seconds
[2019-12-11T08:02:39.532+0000][1][safepoint    ] Entering safepoint region: RevokeBias
[2019-12-11T08:02:39.532+0000][1][safepoint    ] Leaving safepoint region
[2019-12-11T08:02:39.532+0000][1][safepoint    ] Total time for which application threads were stopped: 0.0000764 seconds, Stopping threads took: 0.0000125 seconds
[2019-12-11T08:02:39.532+0000][1][safepoint    ] Application time: 0.0000622 seconds
[2019-12-11T08:02:39.532+0000][1][safepoint    ] Entering safepoint region: RevokeBias
[2019-12-11T08:02:39.532+0000][1][safepoint    ] Leaving safepoint region
[2019-12-11T08:02:39.532+0000][1][safepoint    ] Total time for which application threads were stopped: 0.0000533 seconds, Stopping threads took: 0.0000078 seconds
[2019-12-11T08:02:39.533+0000][1][safepoint    ] Application time: 0.0003522 seconds
[2019-12-11T08:02:39.533+0000][1][safepoint    ] Entering safepoint region: RevokeBias
[2019-12-11T08:02:39.533+0000][1][safepoint    ] Leaving safepoint region
[2019-12-11T08:02:39.533+0000][1][safepoint    ] Total time for which application threads were stopped: 0.0000835 seconds, Stopping threads took: 0.0000255 seconds
[2019-12-11T08:02:39.533+0000][1][safepoint    ] Application time: 0.0002018 seconds
[2019-12-11T08:02:39.533+0000][1][safepoint    ] Entering safepoint region: RevokeBias
[2019-12-11T08:02:39.533+0000][1][safepoint    ] Leaving safepoint region
[2019-12-11T08:02:39.533+0000][1][safepoint    ] Total time for which application threads were stopped: 0.0000643 seconds, Stopping threads took: 0.0000098 seconds
[2019-12-11T08:02:39.533+0000][1][safepoint    ] Application time: 0.0000582 seconds
[2019-12-11T08:02:39.533+0000][1][safepoint    ] Entering safepoint region: RevokeBias
[2019-12-11T08:02:39.533+0000][1][safepoint    ] Leaving safepoint region
[2019-12-11T08:02:39.533+0000][1][safepoint    ] Total time for which application threads were stopped: 0.0000490 seconds, Stopping threads took: 0.0000079 seconds
[2019-12-11T08:02:39.534+0000][1][safepoint    ] Application time: 0.0006087 seconds
[2019-12-11T08:02:39.534+0000][1][safepoint    ] Entering safepoint region: RevokeBias
[2019-12-11T08:02:39.534+0000][1][safepoint    ] Leaving safepoint region
[2019-12-11T08:02:39.534+0000][1][safepoint    ] Total time for which application threads were stopped: 0.0000579 seconds, Stopping threads took: 0.0000110 seconds
[2019-12-11T08:02:39.535+0000][1][safepoint    ] Application time: 0.0012833 seconds
[2019-12-11T08:02:39.535+0000][1][safepoint    ] Entering safepoint region: RevokeBias
[2019-12-11T08:02:39.535+0000][1][safepoint    ] Leaving safepoint region
[2019-12-11T08:02:39.535+0000][1][safepoint    ] Total time for which application threads were stopped: 0.0000641 seconds, Stopping threads took: 0.0000106 seconds
[2019-12-11T08:02:39.536+0000][1][safepoint    ] Application time: 0.0005230 seconds
[2019-12-11T08:02:39.536+0000][1][safepoint    ] Entering safepoint region: RevokeBias
[2019-12-11T08:02:39.536+0000][1][safepoint    ] Leaving safepoint region
[2019-12-11T08:02:39.536+0000][1][safepoint    ] Total time for which application threads were stopped: 0.0000645 seconds, Stopping threads took: 0.0000150 seconds
[2019-12-11T08:02:39.563+0000][1][safepoint    ] Application time: 0.0271884 seconds
[2019-12-11T08:02:39.563+0000][1][safepoint    ] Entering safepoint region: Deoptimize
[2019-12-11T08:02:39.564+0000][1][safepoint    ] Leaving safepoint region
[2019-12-11T08:02:39.564+0000][1][safepoint    ] Total time for which application threads were stopped: 0.0006449 seconds, Stopping threads took: 0.0000443 seconds
[2019-12-11T08:02:39.729+0000][1][safepoint    ] Application time: 0.1648716 seconds
[2019-12-11T08:02:39.729+0000][1][safepoint    ] Entering safepoint region: RevokeBias
[2019-12-11T08:02:39.729+0000][1][safepoint    ] Leaving safepoint region
[2019-12-11T08:02:39.729+0000][1][safepoint    ] Total time for which application threads were stopped: 0.0001481 seconds, Stopping threads took: 0.0000157 seconds
[2019-12-11T08:02:39.744+0000][1][safepoint    ] Application time: 0.0153356 seconds
[2019-12-11T08:02:39.744+0000][1][safepoint    ] Entering safepoint region: RevokeBias
[2019-12-11T08:02:39.744+0000][1][safepoint    ] Leaving safepoint region
[2019-12-11T08:02:39.744+0000][1][safepoint    ] Total time for which application threads were stopped: 0.0001119 seconds, Stopping threads took: 0.0000154 seconds
[2019-12-11T08:02:39.745+0000][1][safepoint    ] Application time: 0.0007300 seconds
[2019-12-11T08:02:39.745+0000][1][safepoint    ] Entering safepoint region: RevokeBias
[2019-12-11T08:02:39.745+0000][1][safepoint    ] Leaving safepoint region
[2019-12-11T08:02:39.745+0000][1][safepoint    ] Total time for which application threads were stopped: 0.0000846 seconds, Stopping threads took: 0.0000120 seconds
[2019-12-11T08:02:39.745+0000][1][safepoint    ] Application time: 0.0001397 seconds
[2019-12-11T08:02:39.745+0000][1][safepoint    ] Entering safepoint region: RevokeBias
[2019-12-11T08:02:39.745+0000][1][safepoint    ] Leaving safepoint region
[2019-12-11T08:02:39.745+0000][1][safepoint    ] Total time for which application threads were stopped: 0.0000683 seconds, Stopping threads took: 0.0000091 seconds
[2019-12-11T08:02:39.775+0000][1][safepoint    ] Application time: 0.0291703 seconds
[2019-12-11T08:02:39.789+0000][1][safepoint    ] Entering safepoint region: RevokeBias
[2019-12-11T08:02:39.789+0000][1][safepoint    ] Leaving safepoint region
[2019-12-11T08:02:39.789+0000][1][safepoint    ] Total time for which application threads were stopped: 0.0149092 seconds, Stopping threads took: 0.0148502 seconds
[2019-12-11T08:02:39.790+0000][1][safepoint    ] Application time: 0.0001475 seconds
[2019-12-11T08:02:39.790+0000][1][safepoint    ] Entering safepoint region: RevokeBias
[2019-12-11T08:02:39.790+0000][1][safepoint    ] Leaving safepoint region
[2019-12-11T08:02:39.790+0000][1][safepoint    ] Total time for which application threads were stopped: 0.0000498 seconds, Stopping threads took: 0.0000102 seconds
[2019-12-11T08:02:39.790+0000][1][safepoint    ] Application time: 0.0001029 seconds
[2019-12-11T08:02:39.790+0000][1][safepoint    ] Entering safepoint region: RevokeBias
[2019-12-11T08:02:39.790+0000][1][safepoint    ] Leaving safepoint region
[2019-12-11T08:02:39.790+0000][1][safepoint    ] Total time for which application threads were stopped: 0.0000465 seconds, Stopping threads took: 0.0000105 seconds
[2019-12-11T08:02:39.791+0000][1][safepoint    ] Application time: 0.0011837 seconds
[2019-12-11T08:02:39.791+0000][1][safepoint    ] Entering safepoint region: RevokeBias
[2019-12-11T08:02:39.791+0000][1][safepoint    ] Leaving safepoint region
[2019-12-11T08:02:39.791+0000][1][safepoint    ] Total time for which application threads were stopped: 0.0000817 seconds, Stopping threads took: 0.0000117 seconds
[2019-12-11T08:02:39.791+0000][1][safepoint    ] Application time: 0.0000647 seconds
[2019-12-11T08:02:39.791+0000][1][safepoint    ] Entering safepoint region: RevokeBias
[2019-12-11T08:02:39.791+0000][1][safepoint    ] Leaving safepoint region
[2019-12-11T08:02:39.791+0000][1][safepoint    ] Total time for which application threads were stopped: 0.0000699 seconds, Stopping threads took: 0.0000092 seconds
[2019-12-11T08:02:39.792+0000][1][safepoint    ] Application time: 0.0002821 seconds
[2019-12-11T08:02:39.792+0000][1][safepoint    ] Entering safepoint region: RevokeBias
[2019-12-11T08:02:39.792+0000][1][safepoint    ] Leaving safepoint region
[2019-12-11T08:02:39.792+0000][1][safepoint    ] Total time for which application threads were stopped: 0.0000945 seconds, Stopping threads took: 0.0000113 seconds
[2019-12-11T08:02:39.806+0000][1][safepoint    ] Application time: 0.0144192 seconds
[2019-12-11T08:02:39.806+0000][1][safepoint    ] Entering safepoint region: RevokeBias
[2019-12-11T08:02:39.806+0000][1][safepoint    ] Leaving safepoint region
[2019-12-11T08:02:39.806+0000][1][safepoint    ] Total time for which application threads were stopped: 0.0001078 seconds, Stopping threads took: 0.0000627 seconds
[2019-12-11T08:02:39.806+0000][1][safepoint    ] Application time: 0.0000619 seconds
[2019-12-11T08:02:39.806+0000][1][safepoint    ] Entering safepoint region: RevokeBias
[2019-12-11T08:02:39.806+0000][1][safepoint    ] Leaving safepoint region
[2019-12-11T08:02:39.806+0000][1][safepoint    ] Total time for which application threads were stopped: 0.0000429 seconds, Stopping threads took: 0.0000089 seconds
[2019-12-11T08:02:39.809+0000][1][safepoint    ] Application time: 0.0030706 seconds
[2019-12-11T08:02:39.809+0000][1][safepoint    ] Entering safepoint region: RevokeBias
[2019-12-11T08:02:39.810+0000][1][safepoint    ] Leaving safepoint region
[2019-12-11T08:02:39.810+0000][1][safepoint    ] Total time for which application threads were stopped: 0.0000531 seconds, Stopping threads took: 0.0000109 seconds
[2019-12-11T08:02:39.810+0000][1][safepoint    ] Application time: 0.0000626 seconds
[2019-12-11T08:02:39.810+0000][1][safepoint    ] Entering safepoint region: RevokeBias
[2019-12-11T08:02:39.810+0000][1][safepoint    ] Leaving safepoint region
[2019-12-11T08:02:39.810+0000][1][safepoint    ] Total time for which application threads were stopped: 0.0000458 seconds, Stopping threads took: 0.0000081 seconds
[2019-12-11T08:02:39.862+0000][1][safepoint    ] Application time: 0.0525765 seconds
[2019-12-11T08:02:39.879+0000][1][safepoint    ] Entering safepoint region: RevokeBias
[2019-12-11T08:02:39.879+0000][1][safepoint    ] Leaving safepoint region
[2019-12-11T08:02:39.879+0000][1][safepoint    ] Total time for which application threads were stopped: 0.0170287 seconds, Stopping threads took: 0.0169401 seconds
[2019-12-11T08:02:39.915+0000][1][safepoint    ] Application time: 0.0354524 seconds
[2019-12-11T08:02:39.969+0000][1][safepoint    ] Entering safepoint region: RevokeBias
[2019-12-11T08:02:39.970+0000][1][safepoint    ] Leaving safepoint region
[2019-12-11T08:02:39.970+0000][1][safepoint    ] Total time for which application threads were stopped: 0.0547204 seconds, Stopping threads took: 0.0545988 seconds
[2019-12-11T08:02:39.970+0000][1][safepoint    ] Application time: 0.0000815 seconds
[2019-12-11T08:02:39.970+0000][1][safepoint    ] Entering safepoint region: RevokeBias
[2019-12-11T08:02:39.970+0000][1][safepoint    ] Leaving safepoint region
[2019-12-11T08:02:39.970+0000][1][safepoint    ] Total time for which application threads were stopped: 0.0000590 seconds, Stopping threads took: 0.0000096 seconds
[2019-12-11T08:02:39.970+0000][1][safepoint    ] Application time: 0.0001980 seconds
[2019-12-11T08:02:39.970+0000][1][safepoint    ] Entering safepoint region: RevokeBias
[2019-12-11T08:02:39.970+0000][1][safepoint    ] Leaving safepoint region
[2019-12-11T08:02:39.970+0000][1][safepoint    ] Total time for which application threads were stopped: 0.0000851 seconds, Stopping threads took: 0.0000128 seconds
[2019-12-11T08:02:39.970+0000][1][safepoint    ] Application time: 0.0004798 seconds
[2019-12-11T08:02:39.971+0000][1][safepoint    ] Entering safepoint region: RevokeBias
[2019-12-11T08:02:39.971+0000][1][safepoint    ] Leaving safepoint region
[2019-12-11T08:02:39.971+0000][1][safepoint    ] Total time for which application threads were stopped: 0.0000810 seconds, Stopping threads took: 0.0000125 seconds
[2019-12-11T08:02:39.971+0000][1][safepoint    ] Application time: 0.0001495 seconds
[2019-12-11T08:02:39.971+0000][1][safepoint    ] Entering safepoint region: RevokeBias
[2019-12-11T08:02:39.971+0000][1][safepoint    ] Leaving safepoint region
[2019-12-11T08:02:39.971+0000][1][safepoint    ] Total time for which application threads were stopped: 0.0000650 seconds, Stopping threads took: 0.0000094 seconds
[2019-12-11T08:02:39.971+0000][1][safepoint    ] Application time: 0.0000577 seconds
[2019-12-11T08:02:39.971+0000][1][safepoint    ] Entering safepoint region: RevokeBias
[2019-12-11T08:02:39.971+0000][1][safepoint    ] Leaving safepoint region
[2019-12-11T08:02:39.971+0000][1][safepoint    ] Total time for which application threads were stopped: 0.0000505 seconds, Stopping threads took: 0.0000077 seconds
[2019-12-11T08:02:39.971+0000][1][safepoint    ] Application time: 0.0003227 seconds
[2019-12-11T08:02:39.971+0000][1][safepoint    ] Entering safepoint region: RevokeBias
[2019-12-11T08:02:39.971+0000][1][safepoint    ] Leaving safepoint region
[2019-12-11T08:02:39.971+0000][1][safepoint    ] Total time for which application threads were stopped: 0.0000737 seconds, Stopping threads took: 0.0000105 seconds
[2019-12-11T08:02:39.971+0000][1][safepoint    ] Application time: 0.0001129 seconds
[2019-12-11T08:02:39.971+0000][1][safepoint    ] Entering safepoint region: RevokeBias
[2019-12-11T08:02:39.972+0000][1][safepoint    ] Leaving safepoint region
[2019-12-11T08:02:39.972+0000][1][safepoint    ] Total time for which application threads were stopped: 0.0000621 seconds, Stopping threads took: 0.0000093 seconds
[2019-12-11T08:02:39.973+0000][1][safepoint    ] Application time: 0.0012611 seconds
[2019-12-11T08:02:39.973+0000][1][safepoint    ] Entering safepoint region: RevokeBias
[2019-12-11T08:02:39.973+0000][1][safepoint    ] Leaving safepoint region
[2019-12-11T08:02:39.973+0000][1][safepoint    ] Total time for which application threads were stopped: 0.0001035 seconds, Stopping threads took: 0.0000437 seconds
[2019-12-11T08:02:39.973+0000][1][safepoint    ] Application time: 0.0002970 seconds
[2019-12-11T08:02:39.973+0000][1][safepoint    ] Entering safepoint region: RevokeBias
[2019-12-11T08:02:39.973+0000][1][safepoint    ] Leaving safepoint region
[2019-12-11T08:02:39.973+0000][1][safepoint    ] Total time for which application threads were stopped: 0.0000689 seconds, Stopping threads took: 0.0000114 seconds
[2019-12-11T08:02:39.973+0000][1][safepoint    ] Application time: 0.0001051 seconds
[2019-12-11T08:02:39.973+0000][1][safepoint    ] Entering safepoint region: RevokeBias
[2019-12-11T08:02:39.974+0000][1][safepoint    ] Leaving safepoint region
[2019-12-11T08:02:39.974+0000][1][safepoint    ] Total time for which application threads were stopped: 0.0000593 seconds, Stopping threads took: 0.0000097 seconds
[2019-12-11T08:02:39.974+0000][1][safepoint    ] Application time: 0.0000597 seconds
[2019-12-11T08:02:39.974+0000][1][safepoint    ] Entering safepoint region: RevokeBias
[2019-12-11T08:02:39.974+0000][1][safepoint    ] Leaving safepoint region
[2019-12-11T08:02:39.974+0000][1][safepoint    ] Total time for which application threads were stopped: 0.0000579 seconds, Stopping threads took: 0.0000092 seconds
[2019-12-11T08:02:39.974+0000][1][safepoint    ] Application time: 0.0006366 seconds
[2019-12-11T08:02:39.974+0000][1][safepoint    ] Entering safepoint region: RevokeBias
[2019-12-11T08:02:39.974+0000][1][safepoint    ] Leaving safepoint region
[2019-12-11T08:02:39.974+0000][1][safepoint    ] Total time for which application threads were stopped: 0.0000733 seconds, Stopping threads took: 0.0000111 seconds
[2019-12-11T08:02:39.975+0000][1][safepoint    ] Application time: 0.0002019 seconds
[2019-12-11T08:02:39.975+0000][1][safepoint    ] Entering safepoint region: RevokeBias
[2019-12-11T08:02:39.975+0000][1][safepoint    ] Leaving safepoint region
[2019-12-11T08:02:39.975+0000][1][safepoint    ] Total time for which application threads were stopped: 0.0000804 seconds, Stopping threads took: 0.0000100 seconds
[2019-12-11T08:02:39.975+0000][1][safepoint    ] Application time: 0.0000674 seconds
[2019-12-11T08:02:39.975+0000][1][safepoint    ] Entering safepoint region: RevokeBias
[2019-12-11T08:02:39.975+0000][1][safepoint    ] Leaving safepoint region
[2019-12-11T08:02:39.975+0000][1][safepoint    ] Total time for which application threads were stopped: 0.0000593 seconds, Stopping threads took: 0.0000070 seconds
[2019-12-11T08:02:39.975+0000][1][safepoint    ] Application time: 0.0001654 seconds
[2019-12-11T08:02:39.975+0000][1][safepoint    ] Entering safepoint region: RevokeBias
[2019-12-11T08:02:39.975+0000][1][safepoint    ] Leaving safepoint region
[2019-12-11T08:02:39.975+0000][1][safepoint    ] Total time for which application threads were stopped: 0.0000590 seconds, Stopping threads took: 0.0000091 seconds
[2019-12-11T08:02:39.975+0000][1][safepoint    ] Application time: 0.0001308 seconds
[2019-12-11T08:02:39.975+0000][1][safepoint    ] Entering safepoint region: RevokeBias
[2019-12-11T08:02:39.975+0000][1][safepoint    ] Leaving safepoint region
[2019-12-11T08:02:39.975+0000][1][safepoint    ] Total time for which application threads were stopped: 0.0000631 seconds, Stopping threads took: 0.0000082 seconds
[2019-12-11T08:02:39.975+0000][1][safepoint    ] Application time: 0.0000534 seconds
[2019-12-11T08:02:39.975+0000][1][safepoint    ] Entering safepoint region: RevokeBias
[2019-12-11T08:02:39.975+0000][1][safepoint    ] Leaving safepoint region
[2019-12-11T08:02:39.975+0000][1][safepoint    ] Total time for which application threads were stopped: 0.0000507 seconds, Stopping threads took: 0.0000080 seconds
[2019-12-11T08:02:39.976+0000][1][safepoint    ] Application time: 0.0001265 seconds
[2019-12-11T08:02:39.976+0000][1][safepoint    ] Entering safepoint region: RevokeBias
[2019-12-11T08:02:39.976+0000][1][safepoint    ] Leaving safepoint region
[2019-12-11T08:02:39.976+0000][1][safepoint    ] Total time for which application threads were stopped: 0.0000525 seconds, Stopping threads took: 0.0000081 seconds
[2019-12-11T08:02:39.976+0000][1][safepoint    ] Application time: 0.0002658 seconds
[2019-12-11T08:02:39.976+0000][1][safepoint    ] Entering safepoint region: RevokeBias
[2019-12-11T08:02:39.976+0000][1][safepoint    ] Leaving safepoint region
[2019-12-11T08:02:39.976+0000][1][safepoint    ] Total time for which application threads were stopped: 0.0000487 seconds, Stopping threads took: 0.0000096 seconds
[2019-12-11T08:02:39.976+0000][1][safepoint    ] Application time: 0.0001313 seconds
[2019-12-11T08:02:39.976+0000][1][safepoint    ] Entering safepoint region: BulkRevokeBias
[2019-12-11T08:02:39.976+0000][1][safepoint    ] Leaving safepoint region
[2019-12-11T08:02:39.976+0000][1][safepoint    ] Total time for which application threads were stopped: 0.0002508 seconds, Stopping threads took: 0.0000085 seconds
[2019-12-11T08:02:39.977+0000][1][safepoint    ] Application time: 0.0001548 seconds
[2019-12-11T08:02:39.977+0000][1][safepoint    ] Entering safepoint region: RevokeBias
[2019-12-11T08:02:39.977+0000][1][safepoint    ] Leaving safepoint region
[2019-12-11T08:02:39.977+0000][1][safepoint    ] Total time for which application threads were stopped: 0.0000629 seconds, Stopping threads took: 0.0000096 seconds
[2019-12-11T08:02:39.978+0000][1][safepoint    ] Application time: 0.0009847 seconds
[2019-12-11T08:02:39.978+0000][1][safepoint    ] Entering safepoint region: RevokeBias
[2019-12-11T08:02:39.978+0000][1][safepoint    ] Leaving safepoint region
[2019-12-11T08:02:39.978+0000][1][safepoint    ] Total time for which application threads were stopped: 0.0000905 seconds, Stopping threads took: 0.0000113 seconds
[2019-12-11T08:02:39.978+0000][1][safepoint    ] Application time: 0.0000625 seconds
[2019-12-11T08:02:39.978+0000][1][safepoint    ] Entering safepoint region: RevokeBias
[2019-12-11T08:02:39.978+0000][1][safepoint    ] Leaving safepoint region
[2019-12-11T08:02:39.978+0000][1][safepoint    ] Total time for which application threads were stopped: 0.0000565 seconds, Stopping threads took: 0.0000093 seconds
[2019-12-11T08:02:40.021+0000][1][safepoint    ] Application time: 0.0430868 seconds
[2019-12-11T08:02:40.137+0000][1][safepoint    ] Entering safepoint region: RevokeBias
[2019-12-11T08:02:40.137+0000][1][safepoint    ] Leaving safepoint region
[2019-12-11T08:02:40.137+0000][1][safepoint    ] Total time for which application threads were stopped: 0.1158892 seconds, Stopping threads took: 0.1157899 seconds
[2019-12-11T08:02:40.162+0000][1][safepoint    ] Application time: 0.0248736 seconds
[2019-12-11T08:02:40.162+0000][1][safepoint    ] Entering safepoint region: RevokeBias
[2019-12-11T08:02:40.162+0000][1][safepoint    ] Leaving safepoint region
[2019-12-11T08:02:40.162+0000][1][safepoint    ] Total time for which application threads were stopped: 0.0001858 seconds, Stopping threads took: 0.0000945 seconds
[2019-12-11T08:02:40.163+0000][1][safepoint    ] Application time: 0.0010935 seconds
[2019-12-11T08:02:40.163+0000][1][safepoint    ] Entering safepoint region: RevokeBias
[2019-12-11T08:02:40.163+0000][1][safepoint    ] Leaving safepoint region
[2019-12-11T08:02:40.163+0000][1][safepoint    ] Total time for which application threads were stopped: 0.0000624 seconds, Stopping threads took: 0.0000135 seconds
[2019-12-11T08:02:40.165+0000][1][safepoint    ] Application time: 0.0016504 seconds
[2019-12-11T08:02:40.165+0000][1][safepoint    ] Entering safepoint region: RevokeBias
[2019-12-11T08:02:40.165+0000][1][safepoint    ] Leaving safepoint region
[2019-12-11T08:02:40.165+0000][1][safepoint    ] Total time for which application threads were stopped: 0.0000936 seconds, Stopping threads took: 0.0000438 seconds
[2019-12-11T08:02:40.169+0000][1][safepoint    ] Application time: 0.0040040 seconds
[2019-12-11T08:02:40.169+0000][1][safepoint    ] Entering safepoint region: RevokeBias
[2019-12-11T08:02:40.169+0000][1][safepoint    ] Leaving safepoint region
[2019-12-11T08:02:40.169+0000][1][safepoint    ] Total time for which application threads were stopped: 0.0000867 seconds, Stopping threads took: 0.0000468 seconds
[2019-12-11T08:02:40.170+0000][1][safepoint    ] Application time: 0.0005887 seconds
[2019-12-11T08:02:40.170+0000][1][safepoint    ] Entering safepoint region: RevokeBias
[2019-12-11T08:02:40.170+0000][1][safepoint    ] Leaving safepoint region
[2019-12-11T08:02:40.170+0000][1][safepoint    ] Total time for which application threads were stopped: 0.0000649 seconds, Stopping threads took: 0.0000108 seconds
[2019-12-11T08:02:40.175+0000][1][safepoint    ] Application time: 0.0050647 seconds
[2019-12-11T08:02:40.175+0000][1][safepoint    ] Entering safepoint region: RevokeBias
[2019-12-11T08:02:40.175+0000][1][safepoint    ] Leaving safepoint region
[2019-12-11T08:02:40.175+0000][1][safepoint    ] Total time for which application threads were stopped: 0.0000503 seconds, Stopping threads took: 0.0000106 seconds
[2019-12-11T08:02:40.180+0000][1][safepoint    ] Application time: 0.0049308 seconds
[2019-12-11T08:02:40.180+0000][1][safepoint    ] Entering safepoint region: RevokeBias
[2019-12-11T08:02:40.180+0000][1][safepoint    ] Leaving safepoint region
[2019-12-11T08:02:40.180+0000][1][safepoint    ] Total time for which application threads were stopped: 0.0001220 seconds, Stopping threads took: 0.0000811 seconds
[2019-12-11T08:02:40.307+0000][1][safepoint    ] Application time: 0.1271733 seconds
[2019-12-11T08:02:40.313+0000][1][safepoint    ] Entering safepoint region: RevokeBias
[2019-12-11T08:02:40.313+0000][1][safepoint    ] Leaving safepoint region
[2019-12-11T08:02:40.313+0000][1][safepoint    ] Total time for which application threads were stopped: 0.0057037 seconds, Stopping threads took: 0.0055664 seconds
[2019-12-11T08:02:40.313+0000][1][safepoint    ] Application time: 0.0004157 seconds
[2019-12-11T08:02:40.313+0000][1][safepoint    ] Entering safepoint region: RevokeBias
[2019-12-11T08:02:40.313+0000][1][safepoint    ] Leaving safepoint region
[2019-12-11T08:02:40.313+0000][1][safepoint    ] Total time for which application threads were stopped: 0.0001261 seconds, Stopping threads took: 0.0000158 seconds
[2019-12-11T08:02:40.339+0000][1][safepoint    ] Application time: 0.0251059 seconds
[2019-12-11T08:02:40.339+0000][1][safepoint    ] Entering safepoint region: RevokeBias
[2019-12-11T08:02:40.339+0000][1][safepoint    ] Leaving safepoint region
[2019-12-11T08:02:40.339+0000][1][safepoint    ] Total time for which application threads were stopped: 0.0001617 seconds, Stopping threads took: 0.0000616 seconds
[2019-12-11T08:02:40.348+0000][1][safepoint    ] Application time: 0.0094887 seconds
[2019-12-11T08:02:40.348+0000][1][safepoint    ] Entering safepoint region: RevokeBias
[2019-12-11T08:02:40.348+0000][1][safepoint    ] Leaving safepoint region
[2019-12-11T08:02:40.348+0000][1][safepoint    ] Total time for which application threads were stopped: 0.0000899 seconds, Stopping threads took: 0.0000138 seconds
[2019-12-11T08:02:40.369+0000][1][safepoint    ] Application time: 0.0201412 seconds
[2019-12-11T08:02:40.370+0000][1][safepoint    ] Entering safepoint region: RevokeBias
[2019-12-11T08:02:40.370+0000][1][safepoint    ] Leaving safepoint region
[2019-12-11T08:02:40.370+0000][1][safepoint    ] Total time for which application threads were stopped: 0.0014719 seconds, Stopping threads took: 0.0013866 seconds
[2019-12-11T08:02:40.373+0000][1][safepoint    ] Application time: 0.0034502 seconds
[2019-12-11T08:02:40.374+0000][1][safepoint    ] Entering safepoint region: RevokeBias
[2019-12-11T08:02:40.374+0000][1][safepoint    ] Leaving safepoint region
[2019-12-11T08:02:40.374+0000][1][safepoint    ] Total time for which application threads were stopped: 0.0000810 seconds, Stopping threads took: 0.0000148 seconds
[2019-12-11T08:02:40.374+0000][1][safepoint    ] Application time: 0.0004284 seconds
[2019-12-11T08:02:40.374+0000][1][safepoint    ] Entering safepoint region: RevokeBias
[2019-12-11T08:02:40.374+0000][1][safepoint    ] Leaving safepoint region
[2019-12-11T08:02:40.374+0000][1][safepoint    ] Total time for which application threads were stopped: 0.0000779 seconds, Stopping threads took: 0.0000127 seconds
[2019-12-11T08:02:40.374+0000][1][safepoint    ] Application time: 0.0000747 seconds
[2019-12-11T08:02:40.374+0000][1][safepoint    ] Entering safepoint region: RevokeBias
[2019-12-11T08:02:40.374+0000][1][safepoint    ] Leaving safepoint region
[2019-12-11T08:02:40.374+0000][1][safepoint    ] Total time for which application threads were stopped: 0.0000826 seconds, Stopping threads took: 0.0000101 seconds
[2019-12-11T08:02:40.375+0000][1][safepoint    ] Application time: 0.0003000 seconds
[2019-12-11T08:02:40.375+0000][1][safepoint    ] Entering safepoint region: RevokeBias
[2019-12-11T08:02:40.375+0000][1][safepoint    ] Leaving safepoint region
[2019-12-11T08:02:40.375+0000][1][safepoint    ] Total time for which application threads were stopped: 0.0000963 seconds, Stopping threads took: 0.0000110 seconds
[2019-12-11T08:02:40.375+0000][1][safepoint    ] Application time: 0.0000945 seconds
[2019-12-11T08:02:40.375+0000][1][safepoint    ] Entering safepoint region: RevokeBias
[2019-12-11T08:02:40.375+0000][1][safepoint    ] Leaving safepoint region
[2019-12-11T08:02:40.375+0000][1][safepoint    ] Total time for which application threads were stopped: 0.0000585 seconds, Stopping threads took: 0.0000096 seconds
[2019-12-11T08:02:40.379+0000][1][safepoint    ] Application time: 0.0039471 seconds
[2019-12-11T08:02:40.379+0000][1][safepoint    ] Entering safepoint region: RevokeBias
[2019-12-11T08:02:40.379+0000][1][safepoint    ] Leaving safepoint region
[2019-12-11T08:02:40.379+0000][1][safepoint    ] Total time for which application threads were stopped: 0.0000653 seconds, Stopping threads took: 0.0000126 seconds
[2019-12-11T08:02:40.385+0000][1][safepoint    ] Application time: 0.0058662 seconds
[2019-12-11T08:02:40.385+0000][1][safepoint    ] Entering safepoint region: RevokeBias
[2019-12-11T08:02:40.385+0000][1][safepoint    ] Leaving safepoint region
[2019-12-11T08:02:40.385+0000][1][safepoint    ] Total time for which application threads were stopped: 0.0000860 seconds, Stopping threads took: 0.0000119 seconds
[2019-12-11T08:02:40.385+0000][1][safepoint    ] Application time: 0.0003708 seconds
[2019-12-11T08:02:40.385+0000][1][safepoint    ] Entering safepoint region: RevokeBias
[2019-12-11T08:02:40.385+0000][1][safepoint    ] Leaving safepoint region
[2019-12-11T08:02:40.385+0000][1][safepoint    ] Total time for which application threads were stopped: 0.0000653 seconds, Stopping threads took: 0.0000119 seconds
[2019-12-11T08:02:40.386+0000][1][safepoint    ] Application time: 0.0003391 seconds
[2019-12-11T08:02:40.386+0000][1][safepoint    ] Entering safepoint region: RevokeBias
[2019-12-11T08:02:40.386+0000][1][safepoint    ] Leaving safepoint region
[2019-12-11T08:02:40.386+0000][1][safepoint    ] Total time for which application threads were stopped: 0.0000635 seconds, Stopping threads took: 0.0000118 seconds
[2019-12-11T08:02:40.387+0000][1][safepoint    ] Application time: 0.0008990 seconds
[2019-12-11T08:02:40.387+0000][1][safepoint    ] Entering safepoint region: RevokeBias
[2019-12-11T08:02:40.387+0000][1][safepoint    ] Leaving safepoint region
[2019-12-11T08:02:40.387+0000][1][safepoint    ] Total time for which application threads were stopped: 0.0000845 seconds, Stopping threads took: 0.0000124 seconds
[2019-12-11T08:02:40.420+0000][1][safepoint    ] Application time: 0.0327952 seconds
[2019-12-11T08:02:40.420+0000][1][safepoint    ] Entering safepoint region: RevokeBias
[2019-12-11T08:02:40.420+0000][1][safepoint    ] Leaving safepoint region
[2019-12-11T08:02:40.420+0000][1][safepoint    ] Total time for which application threads were stopped: 0.0001828 seconds, Stopping threads took: 0.0000792 seconds
[2019-12-11T08:02:40.454+0000][1][safepoint    ] Application time: 0.0343102 seconds
[2019-12-11T08:02:40.454+0000][1][safepoint    ] Entering safepoint region: RevokeBias
[2019-12-11T08:02:40.454+0000][1][safepoint    ] Leaving safepoint region
[2019-12-11T08:02:40.454+0000][1][safepoint    ] Total time for which application threads were stopped: 0.0001489 seconds, Stopping threads took: 0.0000726 seconds
[2019-12-11T08:02:40.454+0000][1][safepoint    ] Application time: 0.0001341 seconds
[2019-12-11T08:02:40.454+0000][1][safepoint    ] Entering safepoint region: RevokeBias
[2019-12-11T08:02:40.455+0000][1][safepoint    ] Leaving safepoint region
[2019-12-11T08:02:40.455+0000][1][safepoint    ] Total time for which application threads were stopped: 0.0000599 seconds, Stopping threads took: 0.0000114 seconds
[2019-12-11T08:02:40.455+0000][1][safepoint    ] Application time: 0.0000809 seconds
[2019-12-11T08:02:40.455+0000][1][safepoint    ] Entering safepoint region: RevokeBias
[2019-12-11T08:02:40.455+0000][1][safepoint    ] Leaving safepoint region
[2019-12-11T08:02:40.455+0000][1][safepoint    ] Total time for which application threads were stopped: 0.0000685 seconds, Stopping threads took: 0.0000089 seconds
[2019-12-11T08:02:40.757+0000][1][safepoint    ] Application time: 0.3020548 seconds
[2019-12-11T08:02:40.785+0000][1][safepoint    ] Entering safepoint region: RevokeBias
[2019-12-11T08:02:40.785+0000][1][safepoint    ] Leaving safepoint region
[2019-12-11T08:02:40.785+0000][1][safepoint    ] Total time for which application threads were stopped: 0.0281830 seconds, Stopping threads took: 0.0280746 seconds
[2019-12-11T08:02:40.788+0000][1][safepoint    ] Application time: 0.0029432 seconds
[2019-12-11T08:02:40.788+0000][1][safepoint    ] Entering safepoint region: RevokeBias
[2019-12-11T08:02:40.788+0000][1][safepoint    ] Leaving safepoint region
[2019-12-11T08:02:40.788+0000][1][safepoint    ] Total time for which application threads were stopped: 0.0001108 seconds, Stopping threads took: 0.0000163 seconds
[2019-12-11T08:02:40.789+0000][1][safepoint    ] Application time: 0.0011512 seconds
[2019-12-11T08:02:40.789+0000][1][safepoint    ] Entering safepoint region: RevokeBias
[2019-12-11T08:02:40.789+0000][1][safepoint    ] Leaving safepoint region
[2019-12-11T08:02:40.789+0000][1][safepoint    ] Total time for which application threads were stopped: 0.0000745 seconds, Stopping threads took: 0.0000137 seconds
[2019-12-11T08:02:40.795+0000][1][safepoint    ] Application time: 0.0053684 seconds
[2019-12-11T08:02:40.812+0000][1][safepoint    ] Entering safepoint region: RevokeBias
[2019-12-11T08:02:40.812+0000][1][safepoint    ] Leaving safepoint region
[2019-12-11T08:02:40.812+0000][1][safepoint    ] Total time for which application threads were stopped: 0.0172793 seconds, Stopping threads took: 0.0172029 seconds
[2019-12-11T08:02:40.824+0000][1][safepoint    ] Application time: 0.0118539 seconds
[2019-12-11T08:02:40.824+0000][1][safepoint    ] Entering safepoint region: RevokeBias
[2019-12-11T08:02:40.824+0000][1][safepoint    ] Leaving safepoint region
[2019-12-11T08:02:40.824+0000][1][safepoint    ] Total time for which application threads were stopped: 0.0000767 seconds, Stopping threads took: 0.0000150 seconds
[2019-12-11T08:02:40.824+0000][1][safepoint    ] Application time: 0.0003481 seconds
[2019-12-11T08:02:40.824+0000][1][safepoint    ] Entering safepoint region: RevokeBias
[2019-12-11T08:02:40.824+0000][1][safepoint    ] Leaving safepoint region
[2019-12-11T08:02:40.824+0000][1][safepoint    ] Total time for which application threads were stopped: 0.0000473 seconds, Stopping threads took: 0.0000105 seconds
[2019-12-11T08:02:40.862+0000][1][safepoint    ] Application time: 0.0375204 seconds
[2019-12-11T08:02:40.862+0000][1][safepoint    ] Entering safepoint region: RevokeBias
[2019-12-11T08:02:40.862+0000][1][safepoint    ] Leaving safepoint region
[2019-12-11T08:02:40.862+0000][1][safepoint    ] Total time for which application threads were stopped: 0.0002689 seconds, Stopping threads took: 0.0001878 seconds
[2019-12-11T08:02:40.863+0000][1][safepoint    ] Application time: 0.0004194 seconds
[2019-12-11T08:02:40.863+0000][1][safepoint    ] Entering safepoint region: RevokeBias
[2019-12-11T08:02:40.863+0000][1][safepoint    ] Leaving safepoint region
[2019-12-11T08:02:40.863+0000][1][safepoint    ] Total time for which application threads were stopped: 0.0000764 seconds, Stopping threads took: 0.0000110 seconds
[2019-12-11T08:02:40.863+0000][1][safepoint    ] Application time: 0.0003238 seconds
[2019-12-11T08:02:40.863+0000][1][safepoint    ] Entering safepoint region: RevokeBias
[2019-12-11T08:02:40.863+0000][1][safepoint    ] Leaving safepoint region
[2019-12-11T08:02:40.863+0000][1][safepoint    ] Total time for which application threads were stopped: 0.0000591 seconds, Stopping threads took: 0.0000115 seconds
[2019-12-11T08:02:40.863+0000][1][safepoint    ] Application time: 0.0002914 seconds
[2019-12-11T08:02:40.863+0000][1][safepoint    ] Entering safepoint region: RevokeBias
[2019-12-11T08:02:40.864+0000][1][safepoint    ] Leaving safepoint region
[2019-12-11T08:02:40.864+0000][1][safepoint    ] Total time for which application threads were stopped: 0.0000630 seconds, Stopping threads took: 0.0000125 seconds
[2019-12-11T08:02:40.880+0000][1][safepoint    ] Application time: 0.0168339 seconds
[2019-12-11T08:02:40.887+0000][1][safepoint    ] Entering safepoint region: RevokeBias
[2019-12-11T08:02:40.887+0000][1][safepoint    ] Leaving safepoint region
[2019-12-11T08:02:40.887+0000][1][safepoint    ] Total time for which application threads were stopped: 0.0064618 seconds, Stopping threads took: 0.0063964 seconds
[2019-12-11T08:02:40.887+0000][1][safepoint    ] Application time: 0.0003511 seconds
[2019-12-11T08:02:40.887+0000][1][safepoint    ] Entering safepoint region: RevokeBias
[2019-12-11T08:02:40.887+0000][1][safepoint    ] Leaving safepoint region
[2019-12-11T08:02:40.887+0000][1][safepoint    ] Total time for which application threads were stopped: 0.0000663 seconds, Stopping threads took: 0.0000135 seconds
[2019-12-11T08:02:40.888+0000][1][safepoint    ] Application time: 0.0011507 seconds
[2019-12-11T08:02:40.888+0000][1][safepoint    ] Entering safepoint region: RevokeBias
[2019-12-11T08:02:40.889+0000][1][safepoint    ] Leaving safepoint region
[2019-12-11T08:02:40.889+0000][1][safepoint    ] Total time for which application threads were stopped: 0.0000527 seconds, Stopping threads took: 0.0000121 seconds
[2019-12-11T08:02:40.914+0000][1][safepoint    ] Application time: 0.0253028 seconds
[2019-12-11T08:02:40.934+0000][1][safepoint    ] Entering safepoint region: RevokeBias
[2019-12-11T08:02:40.934+0000][1][safepoint    ] Leaving safepoint region
[2019-12-11T08:02:40.934+0000][1][safepoint    ] Total time for which application threads were stopped: 0.0201512 seconds, Stopping threads took: 0.0200473 seconds
[2019-12-11T08:02:40.935+0000][1][safepoint    ] Application time: 0.0012399 seconds
[2019-12-11T08:02:40.935+0000][1][safepoint    ] Entering safepoint region: RevokeBias
[2019-12-11T08:02:40.935+0000][1][safepoint    ] Leaving safepoint region
[2019-12-11T08:02:40.935+0000][1][safepoint    ] Total time for which application threads were stopped: 0.0000680 seconds, Stopping threads took: 0.0000127 seconds
[2019-12-11T08:02:40.936+0000][1][safepoint    ] Application time: 0.0002150 seconds
[2019-12-11T08:02:40.936+0000][1][safepoint    ] Entering safepoint region: RevokeBias
[2019-12-11T08:02:40.936+0000][1][safepoint    ] Leaving safepoint region
[2019-12-11T08:02:40.936+0000][1][safepoint    ] Total time for which application threads were stopped: 0.0000497 seconds, Stopping threads took: 0.0000087 seconds
[2019-12-11T08:02:40.936+0000][1][safepoint    ] Application time: 0.0002988 seconds
[2019-12-11T08:02:40.936+0000][1][safepoint    ] Entering safepoint region: RevokeBias
[2019-12-11T08:02:40.936+0000][1][safepoint    ] Leaving safepoint region
[2019-12-11T08:02:40.936+0000][1][safepoint    ] Total time for which application threads were stopped: 0.0000547 seconds, Stopping threads took: 0.0000107 seconds
[2019-12-11T08:02:40.942+0000][1][safepoint    ] Application time: 0.0062223 seconds
[2019-12-11T08:02:40.942+0000][1][safepoint    ] Entering safepoint region: RevokeBias
[2019-12-11T08:02:40.942+0000][1][safepoint    ] Leaving safepoint region
[2019-12-11T08:02:40.942+0000][1][safepoint    ] Total time for which application threads were stopped: 0.0000790 seconds, Stopping threads took: 0.0000119 seconds
[2019-12-11T08:02:40.943+0000][1][safepoint    ] Application time: 0.0005143 seconds
[2019-12-11T08:02:40.943+0000][1][safepoint    ] Entering safepoint region: RevokeBias
[2019-12-11T08:02:40.943+0000][1][safepoint    ] Leaving safepoint region
[2019-12-11T08:02:40.943+0000][1][safepoint    ] Total time for which application threads were stopped: 0.0000751 seconds, Stopping threads took: 0.0000113 seconds
[2019-12-11T08:02:40.944+0000][1][safepoint    ] Application time: 0.0010589 seconds
[2019-12-11T08:02:40.944+0000][1][safepoint    ] Entering safepoint region: RevokeBias
[2019-12-11T08:02:40.944+0000][1][safepoint    ] Leaving safepoint region
[2019-12-11T08:02:40.944+0000][1][safepoint    ] Total time for which application threads were stopped: 0.0000605 seconds, Stopping threads took: 0.0000097 seconds
[2019-12-11T08:02:40.945+0000][1][safepoint    ] Application time: 0.0007761 seconds
[2019-12-11T08:02:40.945+0000][1][safepoint    ] Entering safepoint region: RevokeBias
[2019-12-11T08:02:40.945+0000][1][safepoint    ] Leaving safepoint region
[2019-12-11T08:02:40.945+0000][1][safepoint    ] Total time for which application threads were stopped: 0.0000724 seconds, Stopping threads took: 0.0000111 seconds
[2019-12-11T08:02:40.961+0000][1][safepoint    ] Application time: 0.0158846 seconds
[2019-12-11T08:02:40.961+0000][1][safepoint    ] Entering safepoint region: RevokeBias
[2019-12-11T08:02:40.961+0000][1][safepoint    ] Leaving safepoint region
[2019-12-11T08:02:40.961+0000][1][safepoint    ] Total time for which application threads were stopped: 0.0001347 seconds, Stopping threads took: 0.0000509 seconds
[2019-12-11T08:02:40.961+0000][1][safepoint    ] Application time: 0.0003025 seconds
[2019-12-11T08:02:40.961+0000][1][safepoint    ] Entering safepoint region: RevokeBias
[2019-12-11T08:02:40.961+0000][1][safepoint    ] Leaving safepoint region
[2019-12-11T08:02:40.961+0000][1][safepoint    ] Total time for which application threads were stopped: 0.0000846 seconds, Stopping threads took: 0.0000124 seconds
[2019-12-11T08:02:40.962+0000][1][safepoint    ] Application time: 0.0004320 seconds
[2019-12-11T08:02:40.962+0000][1][safepoint    ] Entering safepoint region: RevokeBias
[2019-12-11T08:02:40.962+0000][1][safepoint    ] Leaving safepoint region
[2019-12-11T08:02:40.962+0000][1][safepoint    ] Total time for which application threads were stopped: 0.0000761 seconds, Stopping threads took: 0.0000115 seconds
[2019-12-11T08:02:40.962+0000][1][safepoint    ] Application time: 0.0001298 seconds
[2019-12-11T08:02:40.962+0000][1][safepoint    ] Entering safepoint region: RevokeBias
[2019-12-11T08:02:40.962+0000][1][safepoint    ] Leaving safepoint region
[2019-12-11T08:02:40.962+0000][1][safepoint    ] Total time for which application threads were stopped: 0.0000597 seconds, Stopping threads took: 0.0000102 seconds
[2019-12-11T08:02:40.963+0000][1][safepoint    ] Application time: 0.0003954 seconds
[2019-12-11T08:02:40.963+0000][1][safepoint    ] Entering safepoint region: BulkRevokeBias
[2019-12-11T08:02:40.963+0000][1][safepoint    ] Leaving safepoint region
[2019-12-11T08:02:40.963+0000][1][safepoint    ] Total time for which application threads were stopped: 0.0002983 seconds, Stopping threads took: 0.0000121 seconds
[2019-12-11T08:02:40.963+0000][1][safepoint    ] Application time: 0.0002629 seconds
[2019-12-11T08:02:40.963+0000][1][safepoint    ] Entering safepoint region: RevokeBias
[2019-12-11T08:02:40.963+0000][1][safepoint    ] Leaving safepoint region
[2019-12-11T08:02:40.963+0000][1][safepoint    ] Total time for which application threads were stopped: 0.0000719 seconds, Stopping threads took: 0.0000117 seconds
[2019-12-11T08:02:40.964+0000][1][safepoint    ] Application time: 0.0002370 seconds
[2019-12-11T08:02:40.964+0000][1][safepoint    ] Entering safepoint region: RevokeBias
[2019-12-11T08:02:40.964+0000][1][safepoint    ] Leaving safepoint region
[2019-12-11T08:02:40.964+0000][1][safepoint    ] Total time for which application threads were stopped: 0.0000679 seconds, Stopping threads took: 0.0000113 seconds
[2019-12-11T08:02:40.964+0000][1][safepoint    ] Application time: 0.0002408 seconds
[2019-12-11T08:02:40.964+0000][1][safepoint    ] Entering safepoint region: RevokeBias
[2019-12-11T08:02:40.964+0000][1][safepoint    ] Leaving safepoint region
[2019-12-11T08:02:40.964+0000][1][safepoint    ] Total time for which application threads were stopped: 0.0000628 seconds, Stopping threads took: 0.0000112 seconds
[2019-12-11T08:02:40.965+0000][1][safepoint    ] Application time: 0.0013059 seconds
[2019-12-11T08:02:40.965+0000][1][safepoint    ] Entering safepoint region: RevokeBias
[2019-12-11T08:02:40.965+0000][1][safepoint    ] Leaving safepoint region
[2019-12-11T08:02:40.965+0000][1][safepoint    ] Total time for which application threads were stopped: 0.0000653 seconds, Stopping threads took: 0.0000119 seconds
[2019-12-11T08:02:40.966+0000][1][safepoint    ] Application time: 0.0003674 seconds
[2019-12-11T08:02:40.966+0000][1][safepoint    ] Entering safepoint region: BulkRevokeBias
[2019-12-11T08:02:40.966+0000][1][safepoint    ] Leaving safepoint region
[2019-12-11T08:02:40.966+0000][1][safepoint    ] Total time for which application threads were stopped: 0.0002490 seconds, Stopping threads took: 0.0000115 seconds
[2019-12-11T08:02:40.967+0000][1][safepoint    ] Application time: 0.0005950 seconds
[2019-12-11T08:02:40.967+0000][1][safepoint    ] Entering safepoint region: RevokeBias
[2019-12-11T08:02:40.967+0000][1][safepoint    ] Leaving safepoint region
[2019-12-11T08:02:40.967+0000][1][safepoint    ] Total time for which application threads were stopped: 0.0000655 seconds, Stopping threads took: 0.0000110 seconds
[2019-12-11T08:02:40.967+0000][1][safepoint    ] Application time: 0.0004538 seconds
[2019-12-11T08:02:40.967+0000][1][safepoint    ] Entering safepoint region: RevokeBias
[2019-12-11T08:02:40.967+0000][1][safepoint    ] Leaving safepoint region
[2019-12-11T08:02:40.967+0000][1][safepoint    ] Total time for which application threads were stopped: 0.0000581 seconds, Stopping threads took: 0.0000121 seconds
[2019-12-11T08:02:40.977+0000][1][safepoint    ] Application time: 0.0100677 seconds
[2019-12-11T08:02:40.977+0000][1][safepoint    ] Entering safepoint region: RevokeBias
[2019-12-11T08:02:40.977+0000][1][safepoint    ] Leaving safepoint region
[2019-12-11T08:02:40.977+0000][1][safepoint    ] Total time for which application threads were stopped: 0.0001088 seconds, Stopping threads took: 0.0000460 seconds
[2019-12-11T08:02:40.979+0000][1][safepoint    ] Application time: 0.0013007 seconds
[2019-12-11T08:02:40.979+0000][1][safepoint    ] Entering safepoint region: RevokeBias
[2019-12-11T08:02:40.979+0000][1][safepoint    ] Leaving safepoint region
[2019-12-11T08:02:40.979+0000][1][safepoint    ] Total time for which application threads were stopped: 0.0000596 seconds, Stopping threads took: 0.0000123 seconds
[2019-12-11T08:02:40.979+0000][1][safepoint    ] Application time: 0.0002081 seconds
[2019-12-11T08:02:40.979+0000][1][safepoint    ] Entering safepoint region: RevokeBias
[2019-12-11T08:02:40.979+0000][1][safepoint    ] Leaving safepoint region
[2019-12-11T08:02:40.979+0000][1][safepoint    ] Total time for which application threads were stopped: 0.0000572 seconds, Stopping threads took: 0.0000116 seconds
[2019-12-11T08:02:40.990+0000][1][safepoint    ] Application time: 0.0104808 seconds
[2019-12-11T08:02:40.990+0000][1][safepoint    ] Entering safepoint region: RevokeBias
[2019-12-11T08:02:40.990+0000][1][safepoint    ] Leaving safepoint region
[2019-12-11T08:02:40.990+0000][1][safepoint    ] Total time for which application threads were stopped: 0.0000793 seconds, Stopping threads took: 0.0000140 seconds
[2019-12-11T08:02:40.994+0000][1][safepoint    ] Application time: 0.0040277 seconds
[2019-12-11T08:02:40.994+0000][1][safepoint    ] Entering safepoint region: RevokeBias
[2019-12-11T08:02:40.994+0000][1][safepoint    ] Leaving safepoint region
[2019-12-11T08:02:40.994+0000][1][safepoint    ] Total time for which application threads were stopped: 0.0000500 seconds, Stopping threads took: 0.0000120 seconds
[2019-12-11T08:02:41.022+0000][1][safepoint    ] Application time: 0.0277244 seconds
[2019-12-11T08:02:41.022+0000][1][safepoint    ] Entering safepoint region: RevokeBias
[2019-12-11T08:02:41.022+0000][1][safepoint    ] Leaving safepoint region
[2019-12-11T08:02:41.022+0000][1][safepoint    ] Total time for which application threads were stopped: 0.0000901 seconds, Stopping threads took: 0.0000171 seconds
[2019-12-11T08:02:41.065+0000][1][safepoint    ] Application time: 0.0435413 seconds
[2019-12-11T08:02:41.065+0000][1][safepoint    ] Entering safepoint region: RevokeBias
[2019-12-11T08:02:41.065+0000][1][safepoint    ] Leaving safepoint region
[2019-12-11T08:02:41.065+0000][1][safepoint    ] Total time for which application threads were stopped: 0.0001013 seconds, Stopping threads took: 0.0000170 seconds
[2019-12-11T08:02:41.121+0000][1][safepoint    ] Application time: 0.0556188 seconds
[2019-12-11T08:02:41.121+0000][1][safepoint    ] Entering safepoint region: RevokeBias
[2019-12-11T08:02:41.121+0000][1][safepoint    ] Leaving safepoint region
[2019-12-11T08:02:41.121+0000][1][safepoint    ] Total time for which application threads were stopped: 0.0000816 seconds, Stopping threads took: 0.0000172 seconds
[2019-12-11T08:02:41.161+0000][1][safepoint    ] Application time: 0.0398864 seconds
[2019-12-11T08:02:41.161+0000][1][safepoint    ] Entering safepoint region: RevokeBias
[2019-12-11T08:02:41.161+0000][1][safepoint    ] Leaving safepoint region
[2019-12-11T08:02:41.161+0000][1][safepoint    ] Total time for which application threads were stopped: 0.0000816 seconds, Stopping threads took: 0.0000153 seconds
[2019-12-11T08:02:41.162+0000][1][safepoint    ] Application time: 0.0004476 seconds
[2019-12-11T08:02:41.162+0000][1][safepoint    ] Entering safepoint region: RevokeBias
[2019-12-11T08:02:41.162+0000][1][safepoint    ] Leaving safepoint region
[2019-12-11T08:02:41.162+0000][1][safepoint    ] Total time for which application threads were stopped: 0.0000526 seconds, Stopping threads took: 0.0000116 seconds
[2019-12-11T08:02:41.193+0000][1][safepoint    ] Application time: 0.0316842 seconds
[2019-12-11T08:02:41.193+0000][1][safepoint    ] Entering safepoint region: RevokeBias
[2019-12-11T08:02:41.193+0000][1][safepoint    ] Leaving safepoint region
[2019-12-11T08:02:41.193+0000][1][safepoint    ] Total time for which application threads were stopped: 0.0000698 seconds, Stopping threads took: 0.0000154 seconds
[2019-12-11T08:02:41.194+0000][1][safepoint    ] Application time: 0.0008131 seconds
[2019-12-11T08:02:41.194+0000][1][safepoint    ] Entering safepoint region: RevokeBias
[2019-12-11T08:02:41.194+0000][1][safepoint    ] Leaving safepoint region
[2019-12-11T08:02:41.194+0000][1][safepoint    ] Total time for which application threads were stopped: 0.0000544 seconds, Stopping threads took: 0.0000130 seconds
[2019-12-11T08:02:41.240+0000][1][safepoint    ] Application time: 0.0461533 seconds
[2019-12-11T08:02:41.240+0000][1][safepoint    ] Entering safepoint region: RevokeBias
[2019-12-11T08:02:41.241+0000][1][safepoint    ] Leaving safepoint region
[2019-12-11T08:02:41.241+0000][1][safepoint    ] Total time for which application threads were stopped: 0.0000840 seconds, Stopping threads took: 0.0000182 seconds
[2019-12-11T08:02:41.241+0000][1][safepoint    ] Application time: 0.0004352 seconds
[2019-12-11T08:02:41.241+0000][1][safepoint    ] Entering safepoint region: RevokeBias
[2019-12-11T08:02:41.241+0000][1][safepoint    ] Leaving safepoint region
[2019-12-11T08:02:41.241+0000][1][safepoint    ] Total time for which application threads were stopped: 0.0000668 seconds, Stopping threads took: 0.0000145 seconds
[2019-12-11T08:02:41.244+0000][1][safepoint    ] Application time: 0.0033433 seconds
[2019-12-11T08:02:41.244+0000][1][safepoint    ] Entering safepoint region: RevokeBias
[2019-12-11T08:02:41.244+0000][1][safepoint    ] Leaving safepoint region
[2019-12-11T08:02:41.245+0000][1][safepoint    ] Total time for which application threads were stopped: 0.0000633 seconds, Stopping threads took: 0.0000131 seconds
[2019-12-11T08:02:41.245+0000][1][safepoint    ] Application time: 0.0004200 seconds
[2019-12-11T08:02:41.245+0000][1][safepoint    ] Entering safepoint region: RevokeBias
[2019-12-11T08:02:41.245+0000][1][safepoint    ] Leaving safepoint region
[2019-12-11T08:02:41.245+0000][1][safepoint    ] Total time for which application threads were stopped: 0.0000604 seconds, Stopping threads took: 0.0000118 seconds
[2019-12-11T08:02:41.260+0000][1][safepoint    ] Application time: 0.0150414 seconds
[2019-12-11T08:02:41.260+0000][1][safepoint    ] Entering safepoint region: RevokeBias
[2019-12-11T08:02:41.260+0000][1][safepoint    ] Leaving safepoint region
[2019-12-11T08:02:41.260+0000][1][safepoint    ] Total time for which application threads were stopped: 0.0000495 seconds, Stopping threads took: 0.0000118 seconds
[2019-12-11T08:02:41.260+0000][1][safepoint    ] Application time: 0.0002741 seconds
[2019-12-11T08:02:41.260+0000][1][safepoint    ] Entering safepoint region: RevokeBias
[2019-12-11T08:02:41.260+0000][1][safepoint    ] Leaving safepoint region
[2019-12-11T08:02:41.260+0000][1][safepoint    ] Total time for which application threads were stopped: 0.0000481 seconds, Stopping threads took: 0.0000106 seconds
[2019-12-11T08:02:41.261+0000][1][safepoint    ] Application time: 0.0001361 seconds
[2019-12-11T08:02:41.261+0000][1][safepoint    ] Entering safepoint region: RevokeBias
[2019-12-11T08:02:41.261+0000][1][safepoint    ] Leaving safepoint region
[2019-12-11T08:02:41.261+0000][1][safepoint    ] Total time for which application threads were stopped: 0.0000428 seconds, Stopping threads took: 0.0000101 seconds
[2019-12-11T08:02:41.261+0000][1][safepoint    ] Application time: 0.0002208 seconds
[2019-12-11T08:02:41.261+0000][1][safepoint    ] Entering safepoint region: RevokeBias
[2019-12-11T08:02:41.261+0000][1][safepoint    ] Leaving safepoint region
[2019-12-11T08:02:41.261+0000][1][safepoint    ] Total time for which application threads were stopped: 0.0000477 seconds, Stopping threads took: 0.0000101 seconds
[2019-12-11T08:02:41.309+0000][1][safepoint    ] Application time: 0.0477354 seconds
[2019-12-11T08:02:41.309+0000][1][safepoint    ] Entering safepoint region: RevokeBias
[2019-12-11T08:02:41.309+0000][1][safepoint    ] Leaving safepoint region
[2019-12-11T08:02:41.309+0000][1][safepoint    ] Total time for which application threads were stopped: 0.0000745 seconds, Stopping threads took: 0.0000168 seconds
[2019-12-11T08:02:41.309+0000][1][safepoint    ] Application time: 0.0003549 seconds
[2019-12-11T08:02:41.309+0000][1][safepoint    ] Entering safepoint region: RevokeBias
[2019-12-11T08:02:41.309+0000][1][safepoint    ] Leaving safepoint region
[2019-12-11T08:02:41.309+0000][1][safepoint    ] Total time for which application threads were stopped: 0.0000862 seconds, Stopping threads took: 0.0000179 seconds
[2019-12-11T08:02:41.357+0000][1][safepoint    ] Application time: 0.0479478 seconds
[2019-12-11T08:02:41.357+0000][1][safepoint    ] Entering safepoint region: RevokeBias
[2019-12-11T08:02:41.357+0000][1][safepoint    ] Leaving safepoint region
[2019-12-11T08:02:41.357+0000][1][safepoint    ] Total time for which application threads were stopped: 0.0000916 seconds, Stopping threads took: 0.0000177 seconds
[2019-12-11T08:02:41.557+0000][1][safepoint    ] Application time: 0.1997943 seconds
[2019-12-11T08:02:41.557+0000][1][safepoint    ] Entering safepoint region: RevokeBias
[2019-12-11T08:02:41.557+0000][1][safepoint    ] Leaving safepoint region
[2019-12-11T08:02:41.557+0000][1][safepoint    ] Total time for which application threads were stopped: 0.0001335 seconds, Stopping threads took: 0.0000571 seconds
[2019-12-11T08:02:41.577+0000][1][safepoint    ] Application time: 0.0200260 seconds
[2019-12-11T08:02:41.577+0000][1][safepoint    ] Entering safepoint region: RevokeBias
[2019-12-11T08:02:41.577+0000][1][safepoint    ] Leaving safepoint region
[2019-12-11T08:02:41.577+0000][1][safepoint    ] Total time for which application threads were stopped: 0.0000849 seconds, Stopping threads took: 0.0000166 seconds
[2019-12-11T08:02:41.799+0000][1][safepoint    ] Application time: 0.2213346 seconds
[2019-12-11T08:02:41.819+0000][1][safepoint    ] Entering safepoint region: RevokeBias
[2019-12-11T08:02:41.819+0000][1][safepoint    ] Leaving safepoint region
[2019-12-11T08:02:41.819+0000][1][safepoint    ] Total time for which application threads were stopped: 0.0001043 seconds, Stopping threads took: 0.0000258 seconds
[2019-12-11T08:02:41.821+0000][1][safepoint    ] Application time: 0.0015287 seconds
[2019-12-11T08:02:41.821+0000][1][safepoint    ] Entering safepoint region: BulkRevokeBias
[2019-12-11T08:02:41.821+0000][1][safepoint    ] Leaving safepoint region
[2019-12-11T08:02:41.821+0000][1][safepoint    ] Total time for which application threads were stopped: 0.0004341 seconds, Stopping threads took: 0.0000156 seconds
[2019-12-11T08:02:41.918+0000][1][safepoint    ] Application time: 0.0965435 seconds
[2019-12-11T08:02:41.941+0000][1][safepoint    ] Entering safepoint region: RevokeBias
[2019-12-11T08:02:41.941+0000][1][safepoint    ] Leaving safepoint region
[2019-12-11T08:02:41.941+0000][1][safepoint    ] Total time for which application threads were stopped: 0.0234285 seconds, Stopping threads took: 0.0233284 seconds
[2019-12-11T08:02:41.943+0000][1][safepoint    ] Application time: 0.0014941 seconds
[2019-12-11T08:02:41.943+0000][1][safepoint    ] Entering safepoint region: RevokeBias
[2019-12-11T08:02:41.943+0000][1][safepoint    ] Leaving safepoint region
[2019-12-11T08:02:41.943+0000][1][safepoint    ] Total time for which application threads were stopped: 0.0000852 seconds, Stopping threads took: 0.0000147 seconds
[2019-12-11T08:02:41.948+0000][1][safepoint    ] Application time: 0.0051368 seconds
[2019-12-11T08:02:41.948+0000][1][safepoint    ] Entering safepoint region: RevokeBias
[2019-12-11T08:02:41.948+0000][1][safepoint    ] Leaving safepoint region
[2019-12-11T08:02:41.948+0000][1][safepoint    ] Total time for which application threads were stopped: 0.0001124 seconds, Stopping threads took: 0.0000563 seconds
[2019-12-11T08:02:41.951+0000][1][safepoint    ] Application time: 0.0026397 seconds
[2019-12-11T08:02:41.951+0000][1][safepoint    ] Entering safepoint region: RevokeBias
[2019-12-11T08:02:41.951+0000][1][safepoint    ] Leaving safepoint region
[2019-12-11T08:02:41.951+0000][1][safepoint    ] Total time for which application threads were stopped: 0.0000963 seconds, Stopping threads took: 0.0000134 seconds
[2019-12-11T08:02:41.951+0000][1][safepoint    ] Application time: 0.0004277 seconds
[2019-12-11T08:02:41.951+0000][1][safepoint    ] Entering safepoint region: RevokeBias
[2019-12-11T08:02:41.951+0000][1][safepoint    ] Leaving safepoint region
[2019-12-11T08:02:41.951+0000][1][safepoint    ] Total time for which application threads were stopped: 0.0000707 seconds, Stopping threads took: 0.0000101 seconds
[2019-12-11T08:02:41.952+0000][1][safepoint    ] Application time: 0.0002948 seconds
[2019-12-11T08:02:41.952+0000][1][safepoint    ] Entering safepoint region: RevokeBias
[2019-12-11T08:02:41.952+0000][1][safepoint    ] Leaving safepoint region
[2019-12-11T08:02:41.952+0000][1][safepoint    ] Total time for which application threads were stopped: 0.0003485 seconds, Stopping threads took: 0.0000106 seconds
[2019-12-11T08:02:41.953+0000][1][safepoint    ] Application time: 0.0011679 seconds
[2019-12-11T08:02:41.953+0000][1][safepoint    ] Entering safepoint region: BulkRevokeBias
[2019-12-11T08:02:41.953+0000][1][safepoint    ] Leaving safepoint region
[2019-12-11T08:02:41.954+0000][1][safepoint    ] Total time for which application threads were stopped: 0.0004091 seconds, Stopping threads took: 0.0000113 seconds
[2019-12-11T08:02:41.955+0000][1][safepoint    ] Application time: 0.0019051 seconds
[2019-12-11T08:02:41.955+0000][1][safepoint    ] Entering safepoint region: RevokeBias
[2019-12-11T08:02:41.955+0000][1][safepoint    ] Leaving safepoint region
[2019-12-11T08:02:41.956+0000][1][safepoint    ] Total time for which application threads were stopped: 0.0000674 seconds, Stopping threads took: 0.0000136 seconds
[2019-12-11T08:02:41.956+0000][1][safepoint    ] Application time: 0.0001312 seconds
[2019-12-11T08:02:41.956+0000][1][safepoint    ] Entering safepoint region: RevokeBias
[2019-12-11T08:02:41.956+0000][1][safepoint    ] Leaving safepoint region
[2019-12-11T08:02:41.956+0000][1][safepoint    ] Total time for which application threads were stopped: 0.0000707 seconds, Stopping threads took: 0.0000097 seconds
[2019-12-11T08:02:41.975+0000][1][safepoint    ] Application time: 0.0189051 seconds
[2019-12-11T08:02:41.976+0000][1][safepoint    ] Entering safepoint region: RevokeBias
[2019-12-11T08:02:41.977+0000][1][safepoint    ] Leaving safepoint region
[2019-12-11T08:02:41.977+0000][1][safepoint    ] Total time for which application threads were stopped: 0.0018586 seconds, Stopping threads took: 0.0017704 seconds
[2019-12-11T08:02:41.993+0000][1][safepoint    ] Application time: 0.0164916 seconds
[2019-12-11T08:02:41.993+0000][1][safepoint    ] Entering safepoint region: RevokeBias
[2019-12-11T08:02:41.993+0000][1][safepoint    ] Leaving safepoint region
[2019-12-11T08:02:41.993+0000][1][safepoint    ] Total time for which application threads were stopped: 0.0001204 seconds, Stopping threads took: 0.0000151 seconds
[2019-12-11T08:02:41.994+0000][1][safepoint    ] Application time: 0.0006275 seconds
[2019-12-11T08:02:41.994+0000][1][safepoint    ] Entering safepoint region: RevokeBias
[2019-12-11T08:02:41.994+0000][1][safepoint    ] Leaving safepoint region
[2019-12-11T08:02:41.994+0000][1][safepoint    ] Total time for which application threads were stopped: 0.0001032 seconds, Stopping threads took: 0.0000128 seconds
[2019-12-11T08:02:41.994+0000][1][safepoint    ] Application time: 0.0004273 seconds
[2019-12-11T08:02:41.994+0000][1][safepoint    ] Entering safepoint region: RevokeBias
[2019-12-11T08:02:41.994+0000][1][safepoint    ] Leaving safepoint region
[2019-12-11T08:02:41.994+0000][1][safepoint    ] Total time for which application threads were stopped: 0.0000772 seconds, Stopping threads took: 0.0000113 seconds
[2019-12-11T08:02:42.012+0000][1][safepoint    ] Application time: 0.0178399 seconds
[2019-12-11T08:02:42.012+0000][1][safepoint    ] Entering safepoint region: RevokeBias
[2019-12-11T08:02:42.012+0000][1][safepoint    ] Leaving safepoint region
[2019-12-11T08:02:42.012+0000][1][safepoint    ] Total time for which application threads were stopped: 0.0001157 seconds, Stopping threads took: 0.0000170 seconds
[2019-12-11T08:02:42.022+0000][1][safepoint    ] Application time: 0.0094149 seconds
[2019-12-11T08:02:42.022+0000][1][safepoint    ] Entering safepoint region: RevokeBias
[2019-12-11T08:02:42.022+0000][1][safepoint    ] Leaving safepoint region
[2019-12-11T08:02:42.022+0000][1][safepoint    ] Total time for which application threads were stopped: 0.0000895 seconds, Stopping threads took: 0.0000151 seconds
[2019-12-11T08:02:42.023+0000][1][safepoint    ] Application time: 0.0005171 seconds
[2019-12-11T08:02:42.023+0000][1][safepoint    ] Entering safepoint region: RevokeBias
[2019-12-11T08:02:42.023+0000][1][safepoint    ] Leaving safepoint region
[2019-12-11T08:02:42.023+0000][1][safepoint    ] Total time for which application threads were stopped: 0.0000748 seconds, Stopping threads took: 0.0000126 seconds
[2019-12-11T08:02:42.023+0000][1][safepoint    ] Application time: 0.0002116 seconds
[2019-12-11T08:02:42.023+0000][1][safepoint    ] Entering safepoint region: RevokeBias
[2019-12-11T08:02:42.023+0000][1][safepoint    ] Leaving safepoint region
[2019-12-11T08:02:42.023+0000][1][safepoint    ] Total time for which application threads were stopped: 0.0000626 seconds, Stopping threads took: 0.0000114 seconds
[2019-12-11T08:02:42.023+0000][1][safepoint    ] Application time: 0.0001990 seconds
[2019-12-11T08:02:42.023+0000][1][safepoint    ] Entering safepoint region: RevokeBias
[2019-12-11T08:02:42.023+0000][1][safepoint    ] Leaving safepoint region
[2019-12-11T08:02:42.023+0000][1][safepoint    ] Total time for which application threads were stopped: 0.0000665 seconds, Stopping threads took: 0.0000103 seconds
[2019-12-11T08:02:42.024+0000][1][safepoint    ] Application time: 0.0005450 seconds
[2019-12-11T08:02:42.024+0000][1][safepoint    ] Entering safepoint region: RevokeBias
[2019-12-11T08:02:42.024+0000][1][safepoint    ] Leaving safepoint region
[2019-12-11T08:02:42.024+0000][1][safepoint    ] Total time for which application threads were stopped: 0.0000614 seconds, Stopping threads took: 0.0000116 seconds
[2019-12-11T08:02:42.088+0000][1][safepoint    ] Application time: 0.0641584 seconds
[2019-12-11T08:02:42.088+0000][1][safepoint    ] Entering safepoint region: RevokeBias
[2019-12-11T08:02:42.088+0000][1][safepoint    ] Leaving safepoint region
[2019-12-11T08:02:42.088+0000][1][safepoint    ] Total time for which application threads were stopped: 0.0000959 seconds, Stopping threads took: 0.0000169 seconds
[2019-12-11T08:02:42.221+0000][1][safepoint    ] Application time: 0.1327768 seconds
[2019-12-11T08:02:42.221+0000][1][safepoint    ] Entering safepoint region: RevokeBias
[2019-12-11T08:02:42.221+0000][1][safepoint    ] Leaving safepoint region
[2019-12-11T08:02:42.221+0000][1][safepoint    ] Total time for which application threads were stopped: 0.0000914 seconds, Stopping threads took: 0.0000179 seconds
[2019-12-11T08:02:42.313+0000][1][safepoint    ] Application time: 0.0916655 seconds
[2019-12-11T08:02:42.313+0000][1][safepoint    ] Entering safepoint region: RevokeBias
[2019-12-11T08:02:42.313+0000][1][safepoint    ] Leaving safepoint region
[2019-12-11T08:02:42.313+0000][1][safepoint    ] Total time for which application threads were stopped: 0.0001089 seconds, Stopping threads took: 0.0000167 seconds
[2019-12-11T08:02:42.335+0000][1][safepoint    ] Application time: 0.0216662 seconds
[2019-12-11T08:02:42.335+0000][1][safepoint    ] Entering safepoint region: RevokeBias
[2019-12-11T08:02:42.335+0000][1][safepoint    ] Leaving safepoint region
[2019-12-11T08:02:42.335+0000][1][safepoint    ] Total time for which application threads were stopped: 0.0001077 seconds, Stopping threads took: 0.0000169 seconds
[2019-12-11T08:02:42.335+0000][1][safepoint    ] Application time: 0.0000867 seconds
[2019-12-11T08:02:42.335+0000][1][safepoint    ] Entering safepoint region: RevokeBias
[2019-12-11T08:02:42.335+0000][1][safepoint    ] Leaving safepoint region
[2019-12-11T08:02:42.335+0000][1][safepoint    ] Total time for which application threads were stopped: 0.0000571 seconds, Stopping threads took: 0.0000083 seconds
[2019-12-11T08:02:42.347+0000][1][safepoint    ] Application time: 0.0121111 seconds
[2019-12-11T08:02:42.347+0000][1][safepoint    ] Entering safepoint region: RevokeBias
[2019-12-11T08:02:42.347+0000][1][safepoint    ] Leaving safepoint region
[2019-12-11T08:02:42.347+0000][1][safepoint    ] Total time for which application threads were stopped: 0.0001021 seconds, Stopping threads took: 0.0000169 seconds
[2019-12-11T08:02:42.347+0000][1][safepoint    ] Application time: 0.0002806 seconds
[2019-12-11T08:02:42.347+0000][1][safepoint    ] Entering safepoint region: RevokeBias
[2019-12-11T08:02:42.347+0000][1][safepoint    ] Leaving safepoint region
[2019-12-11T08:02:42.347+0000][1][safepoint    ] Total time for which application threads were stopped: 0.0000731 seconds, Stopping threads took: 0.0000139 seconds
[2019-12-11T08:02:42.348+0000][1][safepoint    ] Application time: 0.0000603 seconds
[2019-12-11T08:02:42.348+0000][1][safepoint    ] Entering safepoint region: RevokeBias
[2019-12-11T08:02:42.348+0000][1][safepoint    ] Leaving safepoint region
[2019-12-11T08:02:42.348+0000][1][safepoint    ] Total time for which application threads were stopped: 0.0000452 seconds, Stopping threads took: 0.0000097 seconds
[2019-12-11T08:02:42.721+0000][1][safepoint    ] Application time: 0.3735774 seconds
[2019-12-11T08:02:42.721+0000][1][safepoint    ] Entering safepoint region: RevokeBias
[2019-12-11T08:02:42.721+0000][1][safepoint    ] Leaving safepoint region
[2019-12-11T08:02:42.721+0000][1][safepoint    ] Total time for which application threads were stopped: 0.0001074 seconds, Stopping threads took: 0.0000194 seconds
[2019-12-11T08:02:42.721+0000][1][safepoint    ] Application time: 0.0000706 seconds
[2019-12-11T08:02:42.721+0000][1][safepoint    ] Entering safepoint region: RevokeBias
[2019-12-11T08:02:42.721+0000][1][safepoint    ] Leaving safepoint region
[2019-12-11T08:02:42.721+0000][1][safepoint    ] Total time for which application threads were stopped: 0.0000453 seconds, Stopping threads took: 0.0000091 seconds
[2019-12-11T08:02:42.723+0000][1][safepoint    ] Application time: 0.0013634 seconds
[2019-12-11T08:02:42.723+0000][1][safepoint    ] Entering safepoint region: RevokeBias
[2019-12-11T08:02:42.723+0000][1][safepoint    ] Leaving safepoint region
[2019-12-11T08:02:42.723+0000][1][safepoint    ] Total time for which application threads were stopped: 0.0000542 seconds, Stopping threads took: 0.0000134 seconds
[2019-12-11T08:02:42.723+0000][1][safepoint    ] Application time: 0.0000598 seconds
[2019-12-11T08:02:42.723+0000][1][safepoint    ] Entering safepoint region: RevokeBias
[2019-12-11T08:02:42.723+0000][1][safepoint    ] Leaving safepoint region
[2019-12-11T08:02:42.723+0000][1][safepoint    ] Total time for which application threads were stopped: 0.0000353 seconds, Stopping threads took: 0.0000078 seconds
[2019-12-11T08:02:42.787+0000][1][safepoint    ] Application time: 0.0640525 seconds
[2019-12-11T08:02:42.787+0000][1][safepoint    ] Entering safepoint region: RevokeBias
[2019-12-11T08:02:42.787+0000][1][safepoint    ] Leaving safepoint region
[2019-12-11T08:02:42.787+0000][1][safepoint    ] Total time for which application threads were stopped: 0.0001016 seconds, Stopping threads took: 0.0000193 seconds
[2019-12-11T08:02:42.830+0000][1][safepoint    ] Application time: 0.0427358 seconds
[2019-12-11T08:02:42.881+0000][1][safepoint    ] Entering safepoint region: BulkRevokeBias
[2019-12-11T08:02:42.882+0000][1][safepoint    ] Leaving safepoint region
[2019-12-11T08:02:42.882+0000][1][safepoint    ] Total time for which application threads were stopped: 0.0516191 seconds, Stopping threads took: 0.0508894 seconds
[2019-12-11T08:02:42.942+0000][1][safepoint    ] Application time: 0.0601432 seconds
[2019-12-11T08:02:42.959+0000][1][safepoint    ] Entering safepoint region: RevokeBias
[2019-12-11T08:02:42.959+0000][1][safepoint    ] Leaving safepoint region
[2019-12-11T08:02:42.959+0000][1][safepoint    ] Total time for which application threads were stopped: 0.0172408 seconds, Stopping threads took: 0.0171164 seconds
[2019-12-11T08:02:42.960+0000][1][safepoint    ] Application time: 0.0006625 seconds
[2019-12-11T08:02:42.960+0000][1][safepoint    ] Entering safepoint region: BulkRevokeBias
[2019-12-11T08:02:42.960+0000][1][safepoint    ] Leaving safepoint region
[2019-12-11T08:02:42.960+0000][1][safepoint    ] Total time for which application threads were stopped: 0.0005353 seconds, Stopping threads took: 0.0000369 seconds
[2019-12-11T08:02:42.985+0000][1][safepoint    ] Application time: 0.0244104 seconds
[2019-12-11T08:02:42.985+0000][1][safepoint    ] Entering safepoint region: RevokeBias
[2019-12-11T08:02:42.985+0000][1][safepoint    ] Leaving safepoint region
[2019-12-11T08:02:42.985+0000][1][safepoint    ] Total time for which application threads were stopped: 0.0001098 seconds, Stopping threads took: 0.0000352 seconds
[2019-12-11T08:02:43.325+0000][1][safepoint    ] Application time: 0.3406145 seconds
[2019-12-11T08:02:43.325+0000][1][safepoint    ] Entering safepoint region: RevokeBias
[2019-12-11T08:02:43.326+0000][1][safepoint    ] Leaving safepoint region
[2019-12-11T08:02:43.326+0000][1][safepoint    ] Total time for which application threads were stopped: 0.0001094 seconds, Stopping threads took: 0.0000182 seconds
[2019-12-11T08:02:43.719+0000][1][safepoint    ] Application time: 0.3938532 seconds
[2019-12-11T08:02:43.719+0000][1][safepoint    ] Entering safepoint region: RevokeBias
[2019-12-11T08:02:43.720+0000][1][safepoint    ] Leaving safepoint region
[2019-12-11T08:02:43.720+0000][1][safepoint    ] Total time for which application threads were stopped: 0.0001281 seconds, Stopping threads took: 0.0000720 seconds
[2019-12-11T08:02:43.839+0000][1][safepoint    ] Application time: 0.1198876 seconds
[2019-12-11T08:02:43.839+0000][1][safepoint    ] Entering safepoint region: RevokeBias
[2019-12-11T08:02:43.840+0000][1][safepoint    ] Leaving safepoint region
[2019-12-11T08:02:43.840+0000][1][safepoint    ] Total time for which application threads were stopped: 0.0001150 seconds, Stopping threads took: 0.0000202 seconds
[2019-12-11T08:02:43.851+0000][1][safepoint    ] Application time: 0.0118086 seconds
[2019-12-11T08:02:43.851+0000][1][safepoint    ] Entering safepoint region: RevokeBias
[2019-12-11T08:02:43.852+0000][1][safepoint    ] Leaving safepoint region
[2019-12-11T08:02:43.852+0000][1][safepoint    ] Total time for which application threads were stopped: 0.0000894 seconds, Stopping threads took: 0.0000187 seconds
[2019-12-11T08:02:43.852+0000][1][safepoint    ] Application time: 0.0000515 seconds
[2019-12-11T08:02:43.852+0000][1][safepoint    ] Entering safepoint region: RevokeBias
[2019-12-11T08:02:43.852+0000][1][safepoint    ] Leaving safepoint region
[2019-12-11T08:02:43.852+0000][1][safepoint    ] Total time for which application threads were stopped: 0.0000509 seconds, Stopping threads took: 0.0000106 seconds
[2019-12-11T08:02:43.852+0000][1][safepoint    ] Application time: 0.0004130 seconds
[2019-12-11T08:02:43.852+0000][1][safepoint    ] Entering safepoint region: RevokeBias
[2019-12-11T08:02:43.852+0000][1][safepoint    ] Leaving safepoint region
[2019-12-11T08:02:43.852+0000][1][safepoint    ] Total time for which application threads were stopped: 0.0000727 seconds, Stopping threads took: 0.0000162 seconds
[2019-12-11T08:02:44.855+0000][1][safepoint    ] Application time: 1.0031059 seconds
[2019-12-11T08:02:44.855+0000][1][safepoint    ] Entering safepoint region: Cleanup
[2019-12-11T08:02:44.855+0000][1][safepoint    ] Leaving safepoint region
[2019-12-11T08:02:44.855+0000][1][safepoint    ] Total time for which application threads were stopped: 0.0000848 seconds, Stopping threads took: 0.0000209 seconds
[2019-12-11T08:02:45.229+0000][1][safepoint    ] Application time: 0.3738049 seconds
[2019-12-11T08:02:45.229+0000][1][safepoint    ] Entering safepoint region: RevokeBias
[2019-12-11T08:02:45.229+0000][1][safepoint    ] Leaving safepoint region
[2019-12-11T08:02:45.229+0000][1][safepoint    ] Total time for which application threads were stopped: 0.0001019 seconds, Stopping threads took: 0.0000188 seconds
[2019-12-11T08:02:45.229+0000][1][safepoint    ] Application time: 0.0001168 seconds
[2019-12-11T08:02:45.229+0000][1][safepoint    ] Entering safepoint region: RevokeBias
[2019-12-11T08:02:45.230+0000][1][safepoint    ] Leaving safepoint region
[2019-12-11T08:02:45.230+0000][1][safepoint    ] Total time for which application threads were stopped: 0.0000483 seconds, Stopping threads took: 0.0000104 seconds
[2019-12-11T08:02:45.230+0000][1][safepoint    ] Application time: 0.0006105 seconds
[2019-12-11T08:02:45.230+0000][1][safepoint    ] Entering safepoint region: RevokeBias
[2019-12-11T08:02:45.230+0000][1][safepoint    ] Leaving safepoint region
[2019-12-11T08:02:45.230+0000][1][safepoint    ] Total time for which application threads were stopped: 0.0000632 seconds, Stopping threads took: 0.0000154 seconds
[2019-12-11T08:02:45.231+0000][1][safepoint    ] Application time: 0.0004709 seconds
[2019-12-11T08:02:45.231+0000][1][safepoint    ] Entering safepoint region: RevokeBias
[2019-12-11T08:02:45.231+0000][1][safepoint    ] Leaving safepoint region
[2019-12-11T08:02:45.231+0000][1][safepoint    ] Total time for which application threads were stopped: 0.0000678 seconds, Stopping threads took: 0.0000139 seconds
[2019-12-11T08:02:45.231+0000][1][safepoint    ] Application time: 0.0000408 seconds
[2019-12-11T08:02:45.231+0000][1][safepoint    ] Entering safepoint region: RevokeBias
[2019-12-11T08:02:45.231+0000][1][safepoint    ] Leaving safepoint region
[2019-12-11T08:02:45.231+0000][1][safepoint    ] Total time for which application threads were stopped: 0.0000408 seconds, Stopping threads took: 0.0000086 seconds
[2019-12-11T08:02:45.231+0000][1][safepoint    ] Application time: 0.0000356 seconds
[2019-12-11T08:02:45.231+0000][1][safepoint    ] Entering safepoint region: RevokeBias
[2019-12-11T08:02:45.231+0000][1][safepoint    ] Leaving safepoint region
[2019-12-11T08:02:45.231+0000][1][safepoint    ] Total time for which application threads were stopped: 0.0000371 seconds, Stopping threads took: 0.0000083 seconds
[2019-12-11T08:02:45.231+0000][1][safepoint    ] Application time: 0.0000365 seconds
[2019-12-11T08:02:45.231+0000][1][safepoint    ] Entering safepoint region: RevokeBias
[2019-12-11T08:02:45.231+0000][1][safepoint    ] Leaving safepoint region
[2019-12-11T08:02:45.231+0000][1][safepoint    ] Total time for which application threads were stopped: 0.0000398 seconds, Stopping threads took: 0.0000089 seconds
[2019-12-11T08:02:45.231+0000][1][safepoint    ] Application time: 0.0000371 seconds
[2019-12-11T08:02:45.231+0000][1][safepoint    ] Entering safepoint region: RevokeBias
[2019-12-11T08:02:45.231+0000][1][safepoint    ] Leaving safepoint region
[2019-12-11T08:02:45.231+0000][1][safepoint    ] Total time for which application threads were stopped: 0.0000410 seconds, Stopping threads took: 0.0000090 seconds
[2019-12-11T08:02:45.231+0000][1][safepoint    ] Application time: 0.0000370 seconds
[2019-12-11T08:02:45.231+0000][1][safepoint    ] Entering safepoint region: RevokeBias
[2019-12-11T08:02:45.231+0000][1][safepoint    ] Leaving safepoint region
[2019-12-11T08:02:45.231+0000][1][safepoint    ] Total time for which application threads were stopped: 0.0000452 seconds, Stopping threads took: 0.0000178 seconds
[2019-12-11T08:02:45.231+0000][1][safepoint    ] Application time: 0.0000327 seconds
[2019-12-11T08:02:45.231+0000][1][safepoint    ] Entering safepoint region: RevokeBias
[2019-12-11T08:02:45.231+0000][1][safepoint    ] Leaving safepoint region
[2019-12-11T08:02:45.231+0000][1][safepoint    ] Total time for which application threads were stopped: 0.0000358 seconds, Stopping threads took: 0.0000081 seconds
[2019-12-11T08:02:45.231+0000][1][safepoint    ] Application time: 0.0000321 seconds
[2019-12-11T08:02:45.231+0000][1][safepoint    ] Entering safepoint region: RevokeBias
[2019-12-11T08:02:45.231+0000][1][safepoint    ] Leaving safepoint region
[2019-12-11T08:02:45.231+0000][1][safepoint    ] Total time for which application threads were stopped: 0.0000369 seconds, Stopping threads took: 0.0000081 seconds
[2019-12-11T08:02:46.262+0000][1][safepoint    ] Application time: 1.0302564 seconds
[2019-12-11T08:02:46.340+0000][1][safepoint    ] Entering safepoint region: Cleanup
[2019-12-11T08:02:46.340+0000][1][safepoint    ] Leaving safepoint region
[2019-12-11T08:02:46.340+0000][1][safepoint    ] Total time for which application threads were stopped: 0.0781202 seconds, Stopping threads took: 0.0780368 seconds
[2019-12-11T08:02:47.343+0000][1][safepoint    ] Application time: 1.0028697 seconds
[2019-12-11T08:02:47.343+0000][1][safepoint    ] Entering safepoint region: Cleanup
[2019-12-11T08:02:47.343+0000][1][safepoint    ] Leaving safepoint region
[2019-12-11T08:02:47.343+0000][1][safepoint    ] Total time for which application threads were stopped: 0.0001186 seconds, Stopping threads took: 0.0000241 seconds
[2019-12-11T08:02:48.345+0000][1][safepoint    ] Application time: 1.0017852 seconds
[2019-12-11T08:02:48.345+0000][1][safepoint    ] Entering safepoint region: Cleanup
[2019-12-11T08:02:48.345+0000][1][safepoint    ] Leaving safepoint region
[2019-12-11T08:02:48.345+0000][1][safepoint    ] Total time for which application threads were stopped: 0.0000969 seconds, Stopping threads took: 0.0000246 seconds
[2019-12-11T08:02:49.348+0000][1][safepoint    ] Application time: 1.0028900 seconds
[2019-12-11T08:02:49.348+0000][1][safepoint    ] Entering safepoint region: Cleanup
[2019-12-11T08:02:49.348+0000][1][safepoint    ] Leaving safepoint region
[2019-12-11T08:02:49.348+0000][1][safepoint    ] Total time for which application threads were stopped: 0.0001003 seconds, Stopping threads took: 0.0000236 seconds
[2019-12-11T08:02:50.353+0000][1][safepoint    ] Application time: 1.0048208 seconds
[2019-12-11T08:02:50.353+0000][1][safepoint    ] Entering safepoint region: Cleanup
[2019-12-11T08:02:50.353+0000][1][safepoint    ] Leaving safepoint region
[2019-12-11T08:02:50.353+0000][1][safepoint    ] Total time for which application threads were stopped: 0.0001162 seconds, Stopping threads took: 0.0000343 seconds
[2019-12-11T08:02:51.354+0000][1][safepoint    ] Application time: 1.0014963 seconds
[2019-12-11T08:02:51.354+0000][1][safepoint    ] Entering safepoint region: Cleanup
[2019-12-11T08:02:51.355+0000][1][safepoint    ] Leaving safepoint region
[2019-12-11T08:02:51.355+0000][1][safepoint    ] Total time for which application threads were stopped: 0.0001096 seconds, Stopping threads took: 0.0000245 seconds
[2019-12-11T08:02:52.366+0000][1][safepoint    ] Application time: 1.0111724 seconds
[2019-12-11T08:02:52.366+0000][1][safepoint    ] Entering safepoint region: Cleanup
[2019-12-11T08:02:52.366+0000][1][safepoint    ] Leaving safepoint region
[2019-12-11T08:02:52.366+0000][1][safepoint    ] Total time for which application threads were stopped: 0.0001120 seconds, Stopping threads took: 0.0000227 seconds
[2019-12-11T08:02:52.755+0000][1][safepoint    ] Application time: 0.3891512 seconds
[2019-12-11T08:02:52.755+0000][1][safepoint    ] Entering safepoint region: GenCollectForAllocation
[2019-12-11T08:02:52.755+0000][1][gc,start     ] GC(23) Pause Young (Allocation Failure)
[2019-12-11T08:02:52.755+0000][1][gc,task      ] GC(23) Using 2 workers of 2 for evacuation
[2019-12-11T08:02:52.973+0000][1][gc,age       ] GC(23) Desired survivor size 4456448 bytes, new threshold 2 (max threshold 6)
[2019-12-11T08:02:52.973+0000][1][gc,age       ] GC(23) Age table with threshold 2 (max threshold 6)
[2019-12-11T08:02:52.973+0000][1][gc,age       ] GC(23) - age   1:    1406872 bytes,    1406872 total
[2019-12-11T08:02:52.973+0000][1][gc,age       ] GC(23) - age   2:    3565584 bytes,    4972456 total
[2019-12-11T08:02:52.973+0000][1][gc,heap      ] GC(23) ParNew: 78656K->6826K(78656K)
[2019-12-11T08:02:52.973+0000][1][gc,heap      ] GC(23) CMS: 60631K->64750K(174784K)
[2019-12-11T08:02:52.973+0000][1][gc,metaspace ] GC(23) Metaspace: 66538K->66538K(1110016K)
[2019-12-11T08:02:52.973+0000][1][gc           ] GC(23) Pause Young (Allocation Failure) 136M->69M(247M) 217.713ms
[2019-12-11T08:02:52.973+0000][1][gc,cpu       ] GC(23) User=0.06s Sys=0.00s Real=0.21s
[2019-12-11T08:02:52.973+0000][1][safepoint    ] Leaving safepoint region
[2019-12-11T08:02:52.973+0000][1][safepoint    ] Total time for which application threads were stopped: 0.2179500 seconds, Stopping threads took: 0.0000219 seconds
[2019-12-11T08:02:54.204+0000][1][safepoint    ] Application time: 1.2307047 seconds
[2019-12-11T08:02:54.204+0000][1][safepoint    ] Entering safepoint region: Cleanup
[2019-12-11T08:02:54.204+0000][1][safepoint    ] Leaving safepoint region
[2019-12-11T08:02:54.204+0000][1][safepoint    ] Total time for which application threads were stopped: 0.0001182 seconds, Stopping threads took: 0.0000235 seconds
[2019-12-11T08:02:55.004+0000][1][safepoint    ] Application time: 0.8000610 seconds
[2019-12-11T08:02:55.004+0000][1][safepoint    ] Entering safepoint region: RevokeBias
[2019-12-11T08:02:55.004+0000][1][safepoint    ] Leaving safepoint region
[2019-12-11T08:02:55.004+0000][1][safepoint    ] Total time for which application threads were stopped: 0.0001459 seconds, Stopping threads took: 0.0000244 seconds
[2019-12-11T08:02:56.010+0000][1][safepoint    ] Application time: 1.0055711 seconds
[2019-12-11T08:02:56.010+0000][1][safepoint    ] Entering safepoint region: Cleanup
[2019-12-11T08:02:56.010+0000][1][safepoint    ] Leaving safepoint region
[2019-12-11T08:02:56.010+0000][1][safepoint    ] Total time for which application threads were stopped: 0.0001519 seconds, Stopping threads took: 0.0000240 seconds
[2019-12-11T08:02:56.171+0000][1][safepoint    ] Application time: 0.1615394 seconds
[2019-12-11T08:02:56.171+0000][1][safepoint    ] Entering safepoint region: RevokeBias
[2019-12-11T08:02:56.172+0000][1][safepoint    ] Leaving safepoint region
[2019-12-11T08:02:56.172+0000][1][safepoint    ] Total time for which application threads were stopped: 0.0001121 seconds, Stopping threads took: 0.0000204 seconds
[2019-12-11T08:02:56.172+0000][1][safepoint    ] Application time: 0.0003339 seconds
[2019-12-11T08:02:56.172+0000][1][safepoint    ] Entering safepoint region: BulkRevokeBias
[2019-12-11T08:02:56.172+0000][1][safepoint    ] Leaving safepoint region
[2019-12-11T08:02:56.172+0000][1][safepoint    ] Total time for which application threads were stopped: 0.0004278 seconds, Stopping threads took: 0.0000180 seconds
[2019-12-11T08:02:56.188+0000][1][safepoint    ] Application time: 0.0154760 seconds
[2019-12-11T08:02:56.188+0000][1][safepoint    ] Entering safepoint region: RevokeBias
[2019-12-11T08:02:56.188+0000][1][safepoint    ] Leaving safepoint region
[2019-12-11T08:02:56.188+0000][1][safepoint    ] Total time for which application threads were stopped: 0.0000775 seconds, Stopping threads took: 0.0000157 seconds
[2019-12-11T08:02:56.188+0000][1][safepoint    ] Application time: 0.0002230 seconds
[2019-12-11T08:02:56.188+0000][1][safepoint    ] Entering safepoint region: RevokeBias
[2019-12-11T08:02:56.188+0000][1][safepoint    ] Leaving safepoint region
[2019-12-11T08:02:56.188+0000][1][safepoint    ] Total time for which application threads were stopped: 0.0000721 seconds, Stopping threads took: 0.0000131 seconds
[2019-12-11T08:02:56.219+0000][1][safepoint    ] Application time: 0.0306915 seconds
[2019-12-11T08:02:56.219+0000][1][safepoint    ] Entering safepoint region: RevokeBias
[2019-12-11T08:02:56.219+0000][1][safepoint    ] Leaving safepoint region
[2019-12-11T08:02:56.219+0000][1][safepoint    ] Total time for which application threads were stopped: 0.0000960 seconds, Stopping threads took: 0.0000237 seconds
[2019-12-11T08:02:56.219+0000][1][safepoint    ] Application time: 0.0002821 seconds
[2019-12-11T08:02:56.219+0000][1][safepoint    ] Entering safepoint region: RevokeBias
[2019-12-11T08:02:56.219+0000][1][safepoint    ] Leaving safepoint region
[2019-12-11T08:02:56.219+0000][1][safepoint    ] Total time for which application threads were stopped: 0.0000669 seconds, Stopping threads took: 0.0000133 seconds
[2019-12-11T08:02:56.268+0000][1][safepoint    ] Application time: 0.0484673 seconds
[2019-12-11T08:02:56.268+0000][1][safepoint    ] Entering safepoint region: BulkRevokeBias
[2019-12-11T08:02:56.269+0000][1][safepoint    ] Leaving safepoint region
[2019-12-11T08:02:56.269+0000][1][safepoint    ] Total time for which application threads were stopped: 0.0005354 seconds, Stopping threads took: 0.0000179 seconds
[2019-12-11T08:02:56.849+0000][1][safepoint    ] Application time: 0.5801806 seconds
[2019-12-11T08:02:56.849+0000][1][safepoint    ] Entering safepoint region: Deoptimize
[2019-12-11T08:02:56.850+0000][1][safepoint    ] Leaving safepoint region
[2019-12-11T08:02:56.850+0000][1][safepoint    ] Total time for which application threads were stopped: 0.0007817 seconds, Stopping threads took: 0.0000203 seconds
[2019-12-11T08:02:57.374+0000][1][safepoint    ] Application time: 0.5242026 seconds
[2019-12-11T08:02:57.374+0000][1][safepoint    ] Entering safepoint region: RevokeBias
[2019-12-11T08:02:57.374+0000][1][safepoint    ] Leaving safepoint region
[2019-12-11T08:02:57.374+0000][1][safepoint    ] Total time for which application threads were stopped: 0.0001283 seconds, Stopping threads took: 0.0000206 seconds
[2019-12-11T08:02:57.384+0000][1][safepoint    ] Application time: 0.0100903 seconds
[2019-12-11T08:02:57.384+0000][1][safepoint    ] Entering safepoint region: RevokeBias
[2019-12-11T08:02:57.384+0000][1][safepoint    ] Leaving safepoint region
[2019-12-11T08:02:57.384+0000][1][safepoint    ] Total time for which application threads were stopped: 0.0000926 seconds, Stopping threads took: 0.0000197 seconds
[2019-12-11T08:02:57.385+0000][1][safepoint    ] Application time: 0.0005278 seconds
[2019-12-11T08:02:57.385+0000][1][safepoint    ] Entering safepoint region: CollectForMetadataAllocation
[2019-12-11T08:02:57.385+0000][1][safepoint    ] Leaving safepoint region
[2019-12-11T08:02:57.385+0000][1][safepoint    ] Total time for which application threads were stopped: 0.0002779 seconds, Stopping threads took: 0.0000384 seconds
[2019-12-11T08:02:57.542+0000][1][safepoint    ] Application time: 0.1570808 seconds
[2019-12-11T08:02:57.542+0000][1][safepoint    ] Entering safepoint region: RevokeBias
[2019-12-11T08:02:57.542+0000][1][safepoint    ] Leaving safepoint region
[2019-12-11T08:02:57.542+0000][1][safepoint    ] Total time for which application threads were stopped: 0.0001159 seconds, Stopping threads took: 0.0000224 seconds
[2019-12-11T08:02:57.545+0000][1][safepoint    ] Application time: 0.0023218 seconds
[2019-12-11T08:02:57.545+0000][1][safepoint    ] Entering safepoint region: RevokeBias
[2019-12-11T08:02:57.545+0000][1][safepoint    ] Leaving safepoint region
[2019-12-11T08:02:57.545+0000][1][safepoint    ] Total time for which application threads were stopped: 0.0000836 seconds, Stopping threads took: 0.0000163 seconds
[2019-12-11T08:02:58.545+0000][1][safepoint    ] Application time: 1.0000699 seconds
[2019-12-11T08:02:58.545+0000][1][safepoint    ] Entering safepoint region: Cleanup
[2019-12-11T08:02:58.545+0000][1][safepoint    ] Leaving safepoint region
[2019-12-11T08:02:58.545+0000][1][safepoint    ] Total time for which application threads were stopped: 0.0001045 seconds, Stopping threads took: 0.0000265 seconds
[2019-12-11T08:02:58.974+0000][1][safepoint    ] Application time: 0.4295951 seconds
[2019-12-11T08:02:58.975+0000][1][safepoint    ] Entering safepoint region: CMS_Initial_Mark
[2019-12-11T08:02:58.975+0000][1][gc,start     ] GC(24) Pause Initial Mark
[2019-12-11T08:02:59.019+0000][1][gc           ] GC(24) Pause Initial Mark 107M->107M(247M) 44.475ms
[2019-12-11T08:02:59.019+0000][1][gc,cpu       ] GC(24) User=0.03s Sys=0.00s Real=0.05s
[2019-12-11T08:02:59.019+0000][1][safepoint    ] Leaving safepoint region
[2019-12-11T08:02:59.019+0000][1][safepoint    ] Total time for which application threads were stopped: 0.0446701 seconds, Stopping threads took: 0.0000296 seconds
[2019-12-11T08:02:59.019+0000][1][gc           ] GC(24) Concurrent Mark
[2019-12-11T08:02:59.327+0000][1][gc           ] GC(24) Concurrent Mark 307.592ms
[2019-12-11T08:02:59.327+0000][1][gc,cpu       ] GC(24) User=0.10s Sys=0.00s Real=0.31s
[2019-12-11T08:02:59.327+0000][1][gc           ] GC(24) Concurrent Preclean
[2019-12-11T08:02:59.329+0000][1][gc           ] GC(24) Concurrent Preclean 2.009ms
[2019-12-11T08:02:59.329+0000][1][gc,cpu       ] GC(24) User=0.00s Sys=0.00s Real=0.00s
[2019-12-11T08:02:59.329+0000][1][gc           ] GC(24) Concurrent Abortable Preclean
[2019-12-11T08:03:00.039+0000][1][safepoint    ] Application time: 1.0195372 seconds
[2019-12-11T08:03:00.039+0000][1][safepoint    ] Entering safepoint region: Cleanup
[2019-12-11T08:03:00.039+0000][1][safepoint    ] Leaving safepoint region
[2019-12-11T08:03:00.039+0000][1][safepoint    ] Total time for which application threads were stopped: 0.0001273 seconds, Stopping threads took: 0.0000389 seconds
[2019-12-11T08:03:01.041+0000][1][safepoint    ] Application time: 1.0018174 seconds
[2019-12-11T08:03:01.041+0000][1][safepoint    ] Entering safepoint region: Cleanup
[2019-12-11T08:03:01.041+0000][1][safepoint    ] Leaving safepoint region
[2019-12-11T08:03:01.041+0000][1][safepoint    ] Total time for which application threads were stopped: 0.0001096 seconds, Stopping threads took: 0.0000362 seconds
[2019-12-11T08:03:02.042+0000][1][safepoint    ] Application time: 1.0008885 seconds
[2019-12-11T08:03:02.042+0000][1][safepoint    ] Entering safepoint region: Cleanup
[2019-12-11T08:03:02.042+0000][1][safepoint    ] Leaving safepoint region
[2019-12-11T08:03:02.042+0000][1][safepoint    ] Total time for which application threads were stopped: 0.0001085 seconds, Stopping threads took: 0.0000291 seconds
[2019-12-11T08:03:03.043+0000][1][safepoint    ] Application time: 1.0008059 seconds
[2019-12-11T08:03:03.043+0000][1][safepoint    ] Entering safepoint region: Cleanup
[2019-12-11T08:03:03.043+0000][1][safepoint    ] Leaving safepoint region
[2019-12-11T08:03:03.043+0000][1][safepoint    ] Total time for which application threads were stopped: 0.0001224 seconds, Stopping threads took: 0.0000337 seconds
[2019-12-11T08:03:04.045+0000][1][safepoint    ] Application time: 1.0018014 seconds
[2019-12-11T08:03:04.045+0000][1][safepoint    ] Entering safepoint region: Cleanup
[2019-12-11T08:03:04.045+0000][1][safepoint    ] Leaving safepoint region
[2019-12-11T08:03:04.045+0000][1][safepoint    ] Total time for which application threads were stopped: 0.0001263 seconds, Stopping threads took: 0.0000392 seconds
[2019-12-11T08:03:04.485+0000][1][gc           ] GC(24) Concurrent Abortable Preclean 5156.064ms
[2019-12-11T08:03:04.485+0000][1][gc,cpu       ] GC(24) User=1.39s Sys=0.00s Real=5.16s
[2019-12-11T08:03:04.485+0000][1][safepoint    ] Application time: 0.4402706 seconds
[2019-12-11T08:03:04.485+0000][1][safepoint    ] Entering safepoint region: CMS_Final_Remark
[2019-12-11T08:03:04.485+0000][1][gc,start     ] GC(24) Pause Remark
[2019-12-11T08:03:04.568+0000][1][gc           ] GC(24) Pause Remark 110M->110M(247M) 82.524ms
[2019-12-11T08:03:04.568+0000][1][gc,cpu       ] GC(24) User=0.05s Sys=0.01s Real=0.08s
[2019-12-11T08:03:04.568+0000][1][safepoint    ] Leaving safepoint region
[2019-12-11T08:03:04.568+0000][1][safepoint    ] Total time for which application threads were stopped: 0.0827307 seconds, Stopping threads took: 0.0000219 seconds
[2019-12-11T08:03:04.568+0000][1][gc           ] GC(24) Concurrent Sweep
[2019-12-11T08:03:04.640+0000][1][gc           ] GC(24) Concurrent Sweep 72.115ms
[2019-12-11T08:03:04.640+0000][1][gc,cpu       ] GC(24) User=0.05s Sys=0.00s Real=0.07s
[2019-12-11T08:03:04.640+0000][1][gc           ] GC(24) Concurrent Reset
[2019-12-11T08:03:04.641+0000][1][gc           ] GC(24) Concurrent Reset 0.315ms
[2019-12-11T08:03:04.641+0000][1][gc,cpu       ] GC(24) User=0.00s Sys=0.00s Real=0.00s
[2019-12-11T08:03:04.641+0000][1][gc,heap      ] GC(24) Old: 64750K->64112K(174784K)
[2019-12-11T08:03:05.570+0000][1][safepoint    ] Application time: 1.0022000 seconds
[2019-12-11T08:03:05.570+0000][1][safepoint    ] Entering safepoint region: Cleanup
[2019-12-11T08:03:05.571+0000][1][safepoint    ] Leaving safepoint region
[2019-12-11T08:03:05.571+0000][1][safepoint    ] Total time for which application threads were stopped: 0.0008408 seconds, Stopping threads took: 0.0000250 seconds
[2019-12-11T08:03:06.575+0000][1][safepoint    ] Application time: 1.0039150 seconds
[2019-12-11T08:03:06.575+0000][1][safepoint    ] Entering safepoint region: Cleanup
[2019-12-11T08:03:06.575+0000][1][safepoint    ] Leaving safepoint region
[2019-12-11T08:03:06.575+0000][1][safepoint    ] Total time for which application threads were stopped: 0.0001194 seconds, Stopping threads took: 0.0000255 seconds
[2019-12-11T08:03:07.577+0000][1][safepoint    ] Application time: 1.0017519 seconds
[2019-12-11T08:03:07.577+0000][1][safepoint    ] Entering safepoint region: Cleanup
[2019-12-11T08:03:07.577+0000][1][safepoint    ] Leaving safepoint region
[2019-12-11T08:03:07.577+0000][1][safepoint    ] Total time for which application threads were stopped: 0.0001129 seconds, Stopping threads took: 0.0000259 seconds
[2019-12-11T08:03:08.578+0000][1][safepoint    ] Application time: 1.0006919 seconds
[2019-12-11T08:03:08.578+0000][1][safepoint    ] Entering safepoint region: Cleanup
[2019-12-11T08:03:08.578+0000][1][safepoint    ] Leaving safepoint region
[2019-12-11T08:03:08.578+0000][1][safepoint    ] Total time for which application threads were stopped: 0.0001253 seconds, Stopping threads took: 0.0000269 seconds
[2019-12-11T08:03:09.580+0000][1][safepoint    ] Application time: 1.0018387 seconds
[2019-12-11T08:03:09.580+0000][1][safepoint    ] Entering safepoint region: Cleanup
[2019-12-11T08:03:09.580+0000][1][safepoint    ] Leaving safepoint region
[2019-12-11T08:03:09.580+0000][1][safepoint    ] Total time for which application threads were stopped: 0.0001111 seconds, Stopping threads took: 0.0000268 seconds
[2019-12-11T08:03:10.582+0000][1][safepoint    ] Application time: 1.0018719 seconds
[2019-12-11T08:03:10.582+0000][1][safepoint    ] Entering safepoint region: Cleanup
[2019-12-11T08:03:10.582+0000][1][safepoint    ] Leaving safepoint region
[2019-12-11T08:03:10.582+0000][1][safepoint    ] Total time for which application threads were stopped: 0.0001207 seconds, Stopping threads took: 0.0000270 seconds
[2019-12-11T08:03:11.583+0000][1][safepoint    ] Application time: 1.0007703 seconds
[2019-12-11T08:03:11.583+0000][1][safepoint    ] Entering safepoint region: Cleanup
[2019-12-11T08:03:11.583+0000][1][safepoint    ] Leaving safepoint region
[2019-12-11T08:03:11.583+0000][1][safepoint    ] Total time for which application threads were stopped: 0.0001114 seconds, Stopping threads took: 0.0000253 seconds
[2019-12-11T08:03:12.584+0000][1][safepoint    ] Application time: 1.0008439 seconds
[2019-12-11T08:03:12.584+0000][1][safepoint    ] Entering safepoint region: Cleanup
[2019-12-11T08:03:12.584+0000][1][safepoint    ] Leaving safepoint region
[2019-12-11T08:03:12.584+0000][1][safepoint    ] Total time for which application threads were stopped: 0.0001209 seconds, Stopping threads took: 0.0000352 seconds
[2019-12-11T08:03:13.600+0000][1][safepoint    ] Application time: 1.0158542 seconds
[2019-12-11T08:03:13.600+0000][1][safepoint    ] Entering safepoint region: Cleanup
[2019-12-11T08:03:13.600+0000][1][safepoint    ] Leaving safepoint region
[2019-12-11T08:03:13.600+0000][1][safepoint    ] Total time for which application threads were stopped: 0.0001480 seconds, Stopping threads took: 0.0000280 seconds
[2019-12-11T08:03:14.603+0000][1][safepoint    ] Application time: 1.0026741 seconds
[2019-12-11T08:03:14.603+0000][1][safepoint    ] Entering safepoint region: Cleanup
[2019-12-11T08:03:14.603+0000][1][safepoint    ] Leaving safepoint region
[2019-12-11T08:03:14.603+0000][1][safepoint    ] Total time for which application threads were stopped: 0.0001436 seconds, Stopping threads took: 0.0000217 seconds
[2019-12-11T08:03:15.605+0000][1][safepoint    ] Application time: 1.0019121 seconds
[2019-12-11T08:03:15.605+0000][1][safepoint    ] Entering safepoint region: Cleanup
[2019-12-11T08:03:15.605+0000][1][safepoint    ] Leaving safepoint region
[2019-12-11T08:03:15.605+0000][1][safepoint    ] Total time for which application threads were stopped: 0.0001057 seconds, Stopping threads took: 0.0000235 seconds
[2019-12-11T08:03:16.607+0000][1][safepoint    ] Application time: 1.0023728 seconds
[2019-12-11T08:03:16.607+0000][1][safepoint    ] Entering safepoint region: Cleanup
[2019-12-11T08:03:16.607+0000][1][safepoint    ] Leaving safepoint region
[2019-12-11T08:03:16.607+0000][1][safepoint    ] Total time for which application threads were stopped: 0.0001066 seconds, Stopping threads took: 0.0000247 seconds
[2019-12-11T08:03:16.828+0000][1][safepoint    ] Application time: 0.2211082 seconds
[2019-12-11T08:03:16.829+0000][1][safepoint    ] Entering safepoint region: RevokeBias
[2019-12-11T08:03:16.829+0000][1][safepoint    ] Leaving safepoint region
[2019-12-11T08:03:16.829+0000][1][safepoint    ] Total time for which application threads were stopped: 0.0001167 seconds, Stopping threads took: 0.0000209 seconds
[2019-12-11T08:03:16.829+0000][1][safepoint    ] Application time: 0.0001210 seconds
[2019-12-11T08:03:16.829+0000][1][safepoint    ] Entering safepoint region: RevokeBias
[2019-12-11T08:03:16.829+0000][1][safepoint    ] Leaving safepoint region
[2019-12-11T08:03:16.829+0000][1][safepoint    ] Total time for which application threads were stopped: 0.0000653 seconds, Stopping threads took: 0.0000097 seconds
[2019-12-11T08:03:17.123+0000][1][safepoint    ] Application time: 0.2941425 seconds
[2019-12-11T08:03:17.123+0000][1][safepoint    ] Entering safepoint region: RevokeBias
[2019-12-11T08:03:17.123+0000][1][safepoint    ] Leaving safepoint region
[2019-12-11T08:03:17.123+0000][1][safepoint    ] Total time for which application threads were stopped: 0.0001899 seconds, Stopping threads took: 0.0000676 seconds
[2019-12-11T08:03:17.225+0000][1][safepoint    ] Application time: 0.1014536 seconds
[2019-12-11T08:03:17.225+0000][1][safepoint    ] Entering safepoint region: RevokeBias
[2019-12-11T08:03:17.225+0000][1][safepoint    ] Leaving safepoint region
[2019-12-11T08:03:17.225+0000][1][safepoint    ] Total time for which application threads were stopped: 0.0001363 seconds, Stopping threads took: 0.0000221 seconds
[2019-12-11T08:03:17.694+0000][1][safepoint    ] Application time: 0.4691628 seconds
[2019-12-11T08:03:17.694+0000][1][safepoint    ] Entering safepoint region: RevokeBias
[2019-12-11T08:03:17.694+0000][1][safepoint    ] Leaving safepoint region
[2019-12-11T08:03:17.694+0000][1][safepoint    ] Total time for which application threads were stopped: 0.0001321 seconds, Stopping threads took: 0.0000235 seconds
[2019-12-11T08:03:17.694+0000][1][safepoint    ] Application time: 0.0001990 seconds
[2019-12-11T08:03:17.694+0000][1][safepoint    ] Entering safepoint region: RevokeBias
[2019-12-11T08:03:17.695+0000][1][safepoint    ] Leaving safepoint region
[2019-12-11T08:03:17.695+0000][1][safepoint    ] Total time for which application threads were stopped: 0.0000903 seconds, Stopping threads took: 0.0000167 seconds
[2019-12-11T08:03:17.959+0000][1][safepoint    ] Application time: 0.2646212 seconds
[2019-12-11T08:03:17.959+0000][1][safepoint    ] Entering safepoint region: RevokeBias
[2019-12-11T08:03:17.959+0000][1][safepoint    ] Leaving safepoint region
[2019-12-11T08:03:17.959+0000][1][safepoint    ] Total time for which application threads were stopped: 0.0001961 seconds, Stopping threads took: 0.0000545 seconds
[2019-12-11T08:03:17.959+0000][1][safepoint    ] Application time: 0.0000741 seconds
[2019-12-11T08:03:17.959+0000][1][safepoint    ] Entering safepoint region: RevokeBias
[2019-12-11T08:03:17.960+0000][1][safepoint    ] Leaving safepoint region
[2019-12-11T08:03:17.960+0000][1][safepoint    ] Total time for which application threads were stopped: 0.0000746 seconds, Stopping threads took: 0.0000111 seconds
[2019-12-11T08:03:18.011+0000][1][safepoint    ] Application time: 0.0513706 seconds
[2019-12-11T08:03:18.033+0000][1][safepoint    ] Entering safepoint region: RevokeBias
[2019-12-11T08:03:18.033+0000][1][safepoint    ] Leaving safepoint region
[2019-12-11T08:03:18.033+0000][1][safepoint    ] Total time for which application threads were stopped: 0.0223601 seconds, Stopping threads took: 0.0222666 seconds
[2019-12-11T08:03:18.034+0000][1][safepoint    ] Application time: 0.0006465 seconds
[2019-12-11T08:03:18.034+0000][1][safepoint    ] Entering safepoint region: RevokeBias
[2019-12-11T08:03:18.034+0000][1][safepoint    ] Leaving safepoint region
[2019-12-11T08:03:18.034+0000][1][safepoint    ] Total time for which application threads were stopped: 0.0001003 seconds, Stopping threads took: 0.0000167 seconds
[2019-12-11T08:03:18.073+0000][1][safepoint    ] Application time: 0.0388508 seconds
[2019-12-11T08:03:18.073+0000][1][safepoint    ] Entering safepoint region: GenCollectForAllocation
[2019-12-11T08:03:18.073+0000][1][gc,start     ] GC(25) Pause Young (Allocation Failure)
[2019-12-11T08:03:18.073+0000][1][gc,task      ] GC(25) Using 2 workers of 2 for evacuation
[2019-12-11T08:03:18.205+0000][1][gc,age       ] GC(25) Desired survivor size 4456448 bytes, new threshold 6 (max threshold 6)
[2019-12-11T08:03:18.205+0000][1][gc,age       ] GC(25) Age table with threshold 6 (max threshold 6)
[2019-12-11T08:03:18.205+0000][1][gc,age       ] GC(25) - age   1:    1459976 bytes,    1459976 total
[2019-12-11T08:03:18.205+0000][1][gc,age       ] GC(25) - age   2:    1190720 bytes,    2650696 total
[2019-12-11T08:03:18.205+0000][1][gc,heap      ] GC(25) ParNew: 76689K->5348K(78656K)
[2019-12-11T08:03:18.205+0000][1][gc,heap      ] GC(25) CMS: 64112K->67697K(174784K)
[2019-12-11T08:03:18.205+0000][1][gc,metaspace ] GC(25) Metaspace: 70841K->70841K(1114112K)
[2019-12-11T08:03:18.205+0000][1][gc           ] GC(25) Pause Young (Allocation Failure) 137M->71M(247M) 131.631ms
[2019-12-11T08:03:18.205+0000][1][gc,cpu       ] GC(25) User=0.04s Sys=0.00s Real=0.14s
[2019-12-11T08:03:18.205+0000][1][safepoint    ] Leaving safepoint region
[2019-12-11T08:03:18.205+0000][1][safepoint    ] Total time for which application threads were stopped: 0.1318083 seconds, Stopping threads took: 0.0000196 seconds
[2019-12-11T08:03:18.323+0000][1][safepoint    ] Application time: 0.1183773 seconds
[2019-12-11T08:03:18.323+0000][1][safepoint    ] Entering safepoint region: RevokeBias
[2019-12-11T08:03:18.323+0000][1][safepoint    ] Leaving safepoint region
[2019-12-11T08:03:18.323+0000][1][safepoint    ] Total time for which application threads were stopped: 0.0001294 seconds, Stopping threads took: 0.0000222 seconds
[2019-12-11T08:03:18.323+0000][1][safepoint    ] Application time: 0.0000697 seconds
[2019-12-11T08:03:18.323+0000][1][safepoint    ] Entering safepoint region: RevokeBias
[2019-12-11T08:03:18.323+0000][1][safepoint    ] Leaving safepoint region
[2019-12-11T08:03:18.324+0000][1][safepoint    ] Total time for which application threads were stopped: 0.0000796 seconds, Stopping threads took: 0.0000106 seconds
[2019-12-11T08:03:18.363+0000][1][safepoint    ] Application time: 0.0399398 seconds
[2019-12-11T08:03:18.363+0000][1][safepoint    ] Entering safepoint region: RevokeBias
[2019-12-11T08:03:18.364+0000][1][safepoint    ] Leaving safepoint region
[2019-12-11T08:03:18.364+0000][1][safepoint    ] Total time for which application threads were stopped: 0.0001184 seconds, Stopping threads took: 0.0000200 seconds
[2019-12-11T08:03:18.411+0000][1][safepoint    ] Application time: 0.0478146 seconds
[2019-12-11T08:03:18.411+0000][1][safepoint    ] Entering safepoint region: RevokeBias
[2019-12-11T08:03:18.412+0000][1][safepoint    ] Leaving safepoint region
[2019-12-11T08:03:18.412+0000][1][safepoint    ] Total time for which application threads were stopped: 0.0001166 seconds, Stopping threads took: 0.0000205 seconds
[2019-12-11T08:03:18.495+0000][1][safepoint    ] Application time: 0.0833042 seconds
[2019-12-11T08:03:18.495+0000][1][safepoint    ] Entering safepoint region: RevokeBias
[2019-12-11T08:03:18.495+0000][1][safepoint    ] Leaving safepoint region
[2019-12-11T08:03:18.495+0000][1][safepoint    ] Total time for which application threads were stopped: 0.0001111 seconds, Stopping threads took: 0.0000182 seconds
[2019-12-11T08:03:18.659+0000][1][safepoint    ] Application time: 0.1636873 seconds
[2019-12-11T08:03:18.659+0000][1][safepoint    ] Entering safepoint region: RevokeBias
[2019-12-11T08:03:18.659+0000][1][safepoint    ] Leaving safepoint region
[2019-12-11T08:03:18.659+0000][1][safepoint    ] Total time for which application threads were stopped: 0.0001105 seconds, Stopping threads took: 0.0000197 seconds
[2019-12-11T08:03:18.680+0000][1][safepoint    ] Application time: 0.0214981 seconds
[2019-12-11T08:03:18.680+0000][1][safepoint    ] Entering safepoint region: RevokeBias
[2019-12-11T08:03:18.681+0000][1][safepoint    ] Leaving safepoint region
[2019-12-11T08:03:18.681+0000][1][safepoint    ] Total time for which application threads were stopped: 0.0001023 seconds, Stopping threads took: 0.0000197 seconds
[2019-12-11T08:03:18.681+0000][1][safepoint    ] Application time: 0.0007497 seconds
[2019-12-11T08:03:18.681+0000][1][safepoint    ] Entering safepoint region: RevokeBias
[2019-12-11T08:03:18.681+0000][1][safepoint    ] Leaving safepoint region
[2019-12-11T08:03:18.681+0000][1][safepoint    ] Total time for which application threads were stopped: 0.0000905 seconds, Stopping threads took: 0.0000185 seconds
[2019-12-11T08:03:18.759+0000][1][safepoint    ] Application time: 0.0776185 seconds
[2019-12-11T08:03:18.759+0000][1][safepoint    ] Entering safepoint region: RevokeBias
[2019-12-11T08:03:18.759+0000][1][safepoint    ] Leaving safepoint region
[2019-12-11T08:03:18.759+0000][1][safepoint    ] Total time for which application threads were stopped: 0.0001211 seconds, Stopping threads took: 0.0000191 seconds
[2019-12-11T08:03:18.981+0000][1][safepoint    ] Application time: 0.2221992 seconds
[2019-12-11T08:03:18.981+0000][1][safepoint    ] Entering safepoint region: RevokeBias
[2019-12-11T08:03:18.982+0000][1][safepoint    ] Leaving safepoint region
[2019-12-11T08:03:18.982+0000][1][safepoint    ] Total time for which application threads were stopped: 0.0001201 seconds, Stopping threads took: 0.0000196 seconds
[2019-12-11T08:03:18.987+0000][1][safepoint    ] Application time: 0.0054703 seconds
[2019-12-11T08:03:18.987+0000][1][safepoint    ] Entering safepoint region: RevokeBias
[2019-12-11T08:03:18.987+0000][1][safepoint    ] Leaving safepoint region
[2019-12-11T08:03:18.987+0000][1][safepoint    ] Total time for which application threads were stopped: 0.0001445 seconds, Stopping threads took: 0.0000572 seconds
[2019-12-11T08:03:18.987+0000][1][safepoint    ] Application time: 0.0003219 seconds
[2019-12-11T08:03:18.988+0000][1][safepoint    ] Entering safepoint region: RevokeBias
[2019-12-11T08:03:18.988+0000][1][safepoint    ] Leaving safepoint region
[2019-12-11T08:03:18.988+0000][1][safepoint    ] Total time for which application threads were stopped: 0.0000830 seconds, Stopping threads took: 0.0000139 seconds
[2019-12-11T08:03:18.989+0000][1][safepoint    ] Application time: 0.0010616 seconds
[2019-12-11T08:03:18.989+0000][1][safepoint    ] Entering safepoint region: RevokeBias
[2019-12-11T08:03:18.989+0000][1][safepoint    ] Leaving safepoint region
[2019-12-11T08:03:18.989+0000][1][safepoint    ] Total time for which application threads were stopped: 0.0000869 seconds, Stopping threads took: 0.0000151 seconds
[2019-12-11T08:03:19.034+0000][1][safepoint    ] Application time: 0.0448405 seconds
[2019-12-11T08:03:19.034+0000][1][safepoint    ] Entering safepoint region: RevokeBias
[2019-12-11T08:03:19.034+0000][1][safepoint    ] Leaving safepoint region
[2019-12-11T08:03:19.034+0000][1][safepoint    ] Total time for which application threads were stopped: 0.0001411 seconds, Stopping threads took: 0.0000368 seconds
[2019-12-11T08:03:19.107+0000][1][safepoint    ] Application time: 0.0731743 seconds
[2019-12-11T08:03:19.107+0000][1][safepoint    ] Entering safepoint region: RevokeBias
[2019-12-11T08:03:19.107+0000][1][safepoint    ] Leaving safepoint region
[2019-12-11T08:03:19.107+0000][1][safepoint    ] Total time for which application threads were stopped: 0.0001221 seconds, Stopping threads took: 0.0000210 seconds
[2019-12-11T08:03:19.184+0000][1][safepoint    ] Application time: 0.0765002 seconds
[2019-12-11T08:03:19.184+0000][1][safepoint    ] Entering safepoint region: RevokeBias
[2019-12-11T08:03:19.184+0000][1][safepoint    ] Leaving safepoint region
[2019-12-11T08:03:19.184+0000][1][safepoint    ] Total time for which application threads were stopped: 0.0001393 seconds, Stopping threads took: 0.0000206 seconds
[2019-12-11T08:03:19.186+0000][1][safepoint    ] Application time: 0.0019341 seconds
[2019-12-11T08:03:19.186+0000][1][safepoint    ] Entering safepoint region: RevokeBias
[2019-12-11T08:03:19.186+0000][1][safepoint    ] Leaving safepoint region
[2019-12-11T08:03:19.186+0000][1][safepoint    ] Total time for which application threads were stopped: 0.0001000 seconds, Stopping threads took: 0.0000188 seconds
[2019-12-11T08:03:19.332+0000][1][safepoint    ] Application time: 0.1459452 seconds
[2019-12-11T08:03:19.332+0000][1][safepoint    ] Entering safepoint region: RevokeBias
[2019-12-11T08:03:19.332+0000][1][safepoint    ] Leaving safepoint region
[2019-12-11T08:03:19.332+0000][1][safepoint    ] Total time for which application threads were stopped: 0.0001147 seconds, Stopping threads took: 0.0000205 seconds
[2019-12-11T08:03:19.332+0000][1][safepoint    ] Application time: 0.0000957 seconds
[2019-12-11T08:03:19.332+0000][1][safepoint    ] Entering safepoint region: RevokeBias
[2019-12-11T08:03:19.332+0000][1][safepoint    ] Leaving safepoint region
[2019-12-11T08:03:19.332+0000][1][safepoint    ] Total time for which application threads were stopped: 0.0000700 seconds, Stopping threads took: 0.0000117 seconds
[2019-12-11T08:03:19.361+0000][1][safepoint    ] Application time: 0.0285469 seconds
[2019-12-11T08:03:19.361+0000][1][safepoint    ] Entering safepoint region: RevokeBias
[2019-12-11T08:03:19.361+0000][1][safepoint    ] Leaving safepoint region
[2019-12-11T08:03:19.361+0000][1][safepoint    ] Total time for which application threads were stopped: 0.0001176 seconds, Stopping threads took: 0.0000209 seconds
[2019-12-11T08:03:19.365+0000][1][safepoint    ] Application time: 0.0043497 seconds
[2019-12-11T08:03:19.365+0000][1][safepoint    ] Entering safepoint region: RevokeBias
[2019-12-11T08:03:19.365+0000][1][safepoint    ] Leaving safepoint region
[2019-12-11T08:03:19.365+0000][1][safepoint    ] Total time for which application threads were stopped: 0.0000960 seconds, Stopping threads took: 0.0000165 seconds
[2019-12-11T08:03:19.365+0000][1][safepoint    ] Application time: 0.0000804 seconds
[2019-12-11T08:03:19.365+0000][1][safepoint    ] Entering safepoint region: RevokeBias
[2019-12-11T08:03:19.366+0000][1][safepoint    ] Leaving safepoint region
[2019-12-11T08:03:19.366+0000][1][safepoint    ] Total time for which application threads were stopped: 0.0000604 seconds, Stopping threads took: 0.0000099 seconds
[2019-12-11T08:03:19.377+0000][1][safepoint    ] Application time: 0.0110710 seconds
[2019-12-11T08:03:19.383+0000][1][safepoint    ] Entering safepoint region: RevokeBias
[2019-12-11T08:03:19.383+0000][1][safepoint    ] Leaving safepoint region
[2019-12-11T08:03:19.383+0000][1][safepoint    ] Total time for which application threads were stopped: 0.0068225 seconds, Stopping threads took: 0.0067395 seconds
[2019-12-11T08:03:19.387+0000][1][safepoint    ] Application time: 0.0039736 seconds
[2019-12-11T08:03:19.388+0000][1][safepoint    ] Entering safepoint region: RevokeBias
[2019-12-11T08:03:19.388+0000][1][safepoint    ] Leaving safepoint region
[2019-12-11T08:03:19.388+0000][1][safepoint    ] Total time for which application threads were stopped: 0.0001324 seconds, Stopping threads took: 0.0000569 seconds
[2019-12-11T08:03:19.412+0000][1][safepoint    ] Application time: 0.0241684 seconds
[2019-12-11T08:03:19.431+0000][1][safepoint    ] Entering safepoint region: RevokeBias
[2019-12-11T08:03:19.431+0000][1][safepoint    ] Leaving safepoint region
[2019-12-11T08:03:19.431+0000][1][safepoint    ] Total time for which application threads were stopped: 0.0191103 seconds, Stopping threads took: 0.0190039 seconds
[2019-12-11T08:03:19.432+0000][1][safepoint    ] Application time: 0.0008767 seconds
[2019-12-11T08:03:19.432+0000][1][safepoint    ] Entering safepoint region: RevokeBias
[2019-12-11T08:03:19.432+0000][1][safepoint    ] Leaving safepoint region
[2019-12-11T08:03:19.432+0000][1][safepoint    ] Total time for which application threads were stopped: 0.0001006 seconds, Stopping threads took: 0.0000141 seconds
[2019-12-11T08:03:19.444+0000][1][safepoint    ] Application time: 0.0117522 seconds
[2019-12-11T08:03:19.444+0000][1][safepoint    ] Entering safepoint region: RevokeBias
[2019-12-11T08:03:19.444+0000][1][safepoint    ] Leaving safepoint region
[2019-12-11T08:03:19.444+0000][1][safepoint    ] Total time for which application threads were stopped: 0.0001070 seconds, Stopping threads took: 0.0000141 seconds
[2019-12-11T08:03:19.456+0000][1][safepoint    ] Application time: 0.0122001 seconds
[2019-12-11T08:03:19.456+0000][1][safepoint    ] Entering safepoint region: RevokeBias
[2019-12-11T08:03:19.456+0000][1][safepoint    ] Leaving safepoint region
[2019-12-11T08:03:19.456+0000][1][safepoint    ] Total time for which application threads were stopped: 0.0000770 seconds, Stopping threads took: 0.0000137 seconds
[2019-12-11T08:03:19.515+0000][1][safepoint    ] Application time: 0.0588723 seconds
[2019-12-11T08:03:19.519+0000][1][safepoint    ] Entering safepoint region: RevokeBias
[2019-12-11T08:03:19.519+0000][1][safepoint    ] Leaving safepoint region
[2019-12-11T08:03:19.519+0000][1][safepoint    ] Total time for which application threads were stopped: 0.0039228 seconds, Stopping threads took: 0.0037980 seconds
[2019-12-11T08:03:19.547+0000][1][safepoint    ] Application time: 0.0279551 seconds
[2019-12-11T08:03:19.547+0000][1][safepoint    ] Entering safepoint region: RevokeBias
[2019-12-11T08:03:19.547+0000][1][safepoint    ] Leaving safepoint region
[2019-12-11T08:03:19.547+0000][1][safepoint    ] Total time for which application threads were stopped: 0.0002555 seconds, Stopping threads took: 0.0001507 seconds
[2019-12-11T08:03:19.547+0000][1][safepoint    ] Application time: 0.0002282 seconds
[2019-12-11T08:03:19.548+0000][1][safepoint    ] Entering safepoint region: RevokeBias
[2019-12-11T08:03:19.548+0000][1][safepoint    ] Leaving safepoint region
[2019-12-11T08:03:19.548+0000][1][safepoint    ] Total time for which application threads were stopped: 0.0001627 seconds, Stopping threads took: 0.0000849 seconds
[2019-12-11T08:03:19.622+0000][1][safepoint    ] Application time: 0.0747555 seconds
[2019-12-11T08:03:19.622+0000][1][safepoint    ] Entering safepoint region: RevokeBias
[2019-12-11T08:03:19.623+0000][1][safepoint    ] Leaving safepoint region
[2019-12-11T08:03:19.623+0000][1][safepoint    ] Total time for which application threads were stopped: 0.0001832 seconds, Stopping threads took: 0.0000639 seconds
[2019-12-11T08:03:19.694+0000][1][safepoint    ] Application time: 0.0712154 seconds
[2019-12-11T08:03:19.710+0000][1][safepoint    ] Entering safepoint region: RevokeBias
[2019-12-11T08:03:19.710+0000][1][safepoint    ] Leaving safepoint region
[2019-12-11T08:03:19.710+0000][1][safepoint    ] Total time for which application threads were stopped: 0.0162202 seconds, Stopping threads took: 0.0160390 seconds
[2019-12-11T08:03:19.714+0000][1][safepoint    ] Application time: 0.0034990 seconds
[2019-12-11T08:03:19.714+0000][1][safepoint    ] Entering safepoint region: Deoptimize
[2019-12-11T08:03:19.715+0000][1][safepoint    ] Leaving safepoint region
[2019-12-11T08:03:19.715+0000][1][safepoint    ] Total time for which application threads were stopped: 0.0009255 seconds, Stopping threads took: 0.0000185 seconds
[2019-12-11T08:03:19.777+0000][1][safepoint    ] Application time: 0.0619309 seconds
[2019-12-11T08:03:19.777+0000][1][safepoint    ] Entering safepoint region: RevokeBias
[2019-12-11T08:03:19.777+0000][1][safepoint    ] Leaving safepoint region
[2019-12-11T08:03:19.777+0000][1][safepoint    ] Total time for which application threads were stopped: 0.0002151 seconds, Stopping threads took: 0.0000496 seconds
[2019-12-11T08:03:19.779+0000][1][safepoint    ] Application time: 0.0018228 seconds
[2019-12-11T08:03:19.779+0000][1][safepoint    ] Entering safepoint region: RevokeBias
[2019-12-11T08:03:19.779+0000][1][safepoint    ] Leaving safepoint region
[2019-12-11T08:03:19.779+0000][1][safepoint    ] Total time for which application threads were stopped: 0.0001441 seconds, Stopping threads took: 0.0000178 seconds
[2019-12-11T08:03:19.863+0000][1][safepoint    ] Application time: 0.0840759 seconds
[2019-12-11T08:03:19.897+0000][1][safepoint    ] Entering safepoint region: RevokeBias
[2019-12-11T08:03:19.897+0000][1][safepoint    ] Leaving safepoint region
[2019-12-11T08:03:19.897+0000][1][safepoint    ] Total time for which application threads were stopped: 0.0342181 seconds, Stopping threads took: 0.0339643 seconds
[2019-12-11T08:03:19.907+0000][1][safepoint    ] Application time: 0.0100741 seconds
[2019-12-11T08:03:19.907+0000][1][safepoint    ] Entering safepoint region: RevokeBias
[2019-12-11T08:03:19.907+0000][1][safepoint    ] Leaving safepoint region
[2019-12-11T08:03:19.907+0000][1][safepoint    ] Total time for which application threads were stopped: 0.0001251 seconds, Stopping threads took: 0.0000189 seconds
[2019-12-11T08:03:19.929+0000][1][safepoint    ] Application time: 0.0213462 seconds
[2019-12-11T08:03:19.929+0000][1][safepoint    ] Entering safepoint region: RevokeBias
[2019-12-11T08:03:19.929+0000][1][safepoint    ] Leaving safepoint region
[2019-12-11T08:03:19.929+0000][1][safepoint    ] Total time for which application threads were stopped: 0.0001765 seconds, Stopping threads took: 0.0000689 seconds
[2019-12-11T08:03:19.952+0000][1][safepoint    ] Application time: 0.0231436 seconds
[2019-12-11T08:03:19.952+0000][1][safepoint    ] Entering safepoint region: RevokeBias
[2019-12-11T08:03:19.952+0000][1][safepoint    ] Leaving safepoint region
[2019-12-11T08:03:19.952+0000][1][safepoint    ] Total time for which application threads were stopped: 0.0002854 seconds, Stopping threads took: 0.0001476 seconds
[2019-12-11T08:03:20.138+0000][1][safepoint    ] Application time: 0.1851468 seconds
[2019-12-11T08:03:20.142+0000][1][safepoint    ] Entering safepoint region: RevokeBias
[2019-12-11T08:03:20.142+0000][1][safepoint    ] Leaving safepoint region
[2019-12-11T08:03:20.142+0000][1][safepoint    ] Total time for which application threads were stopped: 0.0041547 seconds, Stopping threads took: 0.0039832 seconds
[2019-12-11T08:03:20.196+0000][1][safepoint    ] Application time: 0.0544478 seconds
[2019-12-11T08:03:20.200+0000][1][safepoint    ] Entering safepoint region: RevokeBias
[2019-12-11T08:03:20.200+0000][1][safepoint    ] Leaving safepoint region
[2019-12-11T08:03:20.200+0000][1][safepoint    ] Total time for which application threads were stopped: 0.0036616 seconds, Stopping threads took: 0.0035137 seconds
[2019-12-11T08:03:20.263+0000][1][safepoint    ] Application time: 0.0626998 seconds
[2019-12-11T08:03:20.270+0000][1][safepoint    ] Entering safepoint region: RevokeBias
[2019-12-11T08:03:20.270+0000][1][safepoint    ] Leaving safepoint region
[2019-12-11T08:03:20.270+0000][1][safepoint    ] Total time for which application threads were stopped: 0.0076500 seconds, Stopping threads took: 0.0075081 seconds
[2019-12-11T08:03:20.313+0000][1][safepoint    ] Application time: 0.0427072 seconds
[2019-12-11T08:03:20.328+0000][1][safepoint    ] Entering safepoint region: RevokeBias
[2019-12-11T08:03:20.328+0000][1][safepoint    ] Leaving safepoint region
[2019-12-11T08:03:20.328+0000][1][safepoint    ] Total time for which application threads were stopped: 0.0153092 seconds, Stopping threads took: 0.0151730 seconds
[2019-12-11T08:03:20.332+0000][1][safepoint    ] Application time: 0.0033147 seconds
[2019-12-11T08:03:20.332+0000][1][safepoint    ] Entering safepoint region: RevokeBias
[2019-12-11T08:03:20.332+0000][1][safepoint    ] Leaving safepoint region
[2019-12-11T08:03:20.332+0000][1][safepoint    ] Total time for which application threads were stopped: 0.0001839 seconds, Stopping threads took: 0.0000734 seconds
[2019-12-11T08:03:20.333+0000][1][safepoint    ] Application time: 0.0011315 seconds
[2019-12-11T08:03:20.333+0000][1][safepoint    ] Entering safepoint region: RevokeBias
[2019-12-11T08:03:20.333+0000][1][safepoint    ] Leaving safepoint region
[2019-12-11T08:03:20.333+0000][1][safepoint    ] Total time for which application threads were stopped: 0.0001038 seconds, Stopping threads took: 0.0000272 seconds
[2019-12-11T08:03:20.364+0000][1][safepoint    ] Application time: 0.0311712 seconds
[2019-12-11T08:03:20.371+0000][1][safepoint    ] Entering safepoint region: RevokeBias
[2019-12-11T08:03:20.371+0000][1][safepoint    ] Leaving safepoint region
[2019-12-11T08:03:20.371+0000][1][safepoint    ] Total time for which application threads were stopped: 0.0068286 seconds, Stopping threads took: 0.0066553 seconds
[2019-12-11T08:03:20.372+0000][1][safepoint    ] Application time: 0.0010763 seconds
[2019-12-11T08:03:20.372+0000][1][safepoint    ] Entering safepoint region: RevokeBias
[2019-12-11T08:03:20.372+0000][1][safepoint    ] Leaving safepoint region
[2019-12-11T08:03:20.372+0000][1][safepoint    ] Total time for which application threads were stopped: 0.0001382 seconds, Stopping threads took: 0.0000154 seconds
[2019-12-11T08:03:20.373+0000][1][safepoint    ] Application time: 0.0002159 seconds
[2019-12-11T08:03:20.373+0000][1][safepoint    ] Entering safepoint region: RevokeBias
[2019-12-11T08:03:20.373+0000][1][safepoint    ] Leaving safepoint region
[2019-12-11T08:03:20.373+0000][1][safepoint    ] Total time for which application threads were stopped: 0.0000978 seconds, Stopping threads took: 0.0000313 seconds
[2019-12-11T08:03:20.407+0000][1][safepoint    ] Application time: 0.0339343 seconds
[2019-12-11T08:03:20.411+0000][1][safepoint    ] Entering safepoint region: RevokeBias
[2019-12-11T08:03:20.411+0000][1][safepoint    ] Leaving safepoint region
[2019-12-11T08:03:20.411+0000][1][safepoint    ] Total time for which application threads were stopped: 0.0042157 seconds, Stopping threads took: 0.0041075 seconds
[2019-12-11T08:03:20.416+0000][1][safepoint    ] Application time: 0.0052855 seconds
[2019-12-11T08:03:20.424+0000][1][safepoint    ] Entering safepoint region: RevokeBias
[2019-12-11T08:03:20.424+0000][1][safepoint    ] Leaving safepoint region
[2019-12-11T08:03:20.424+0000][1][safepoint    ] Total time for which application threads were stopped: 0.0079701 seconds, Stopping threads took: 0.0078512 seconds
[2019-12-11T08:03:20.442+0000][1][safepoint    ] Application time: 0.0177647 seconds
[2019-12-11T08:03:20.462+0000][1][safepoint    ] Entering safepoint region: RevokeBias
[2019-12-11T08:03:20.462+0000][1][safepoint    ] Leaving safepoint region
[2019-12-11T08:03:20.462+0000][1][safepoint    ] Total time for which application threads were stopped: 0.0199539 seconds, Stopping threads took: 0.0197773 seconds
[2019-12-11T08:03:20.471+0000][1][safepoint    ] Application time: 0.0090482 seconds
[2019-12-11T08:03:20.471+0000][1][safepoint    ] Entering safepoint region: Deoptimize
[2019-12-11T08:03:20.472+0000][1][safepoint    ] Leaving safepoint region
[2019-12-11T08:03:20.472+0000][1][safepoint    ] Total time for which application threads were stopped: 0.0010747 seconds, Stopping threads took: 0.0001706 seconds
[2019-12-11T08:03:20.509+0000][1][safepoint    ] Application time: 0.0365428 seconds
[2019-12-11T08:03:20.518+0000][1][safepoint    ] Entering safepoint region: RevokeBias
[2019-12-11T08:03:20.518+0000][1][safepoint    ] Leaving safepoint region
[2019-12-11T08:03:20.518+0000][1][safepoint    ] Total time for which application threads were stopped: 0.0089843 seconds, Stopping threads took: 0.0088513 seconds
[2019-12-11T08:03:20.526+0000][1][safepoint    ] Application time: 0.0079428 seconds
[2019-12-11T08:03:20.526+0000][1][safepoint    ] Entering safepoint region: RevokeBias
[2019-12-11T08:03:20.526+0000][1][safepoint    ] Leaving safepoint region
[2019-12-11T08:03:20.526+0000][1][safepoint    ] Total time for which application threads were stopped: 0.0001598 seconds, Stopping threads took: 0.0000194 seconds
[2019-12-11T08:03:20.612+0000][1][safepoint    ] Application time: 0.0856743 seconds
[2019-12-11T08:03:20.627+0000][1][safepoint    ] Entering safepoint region: RevokeBias
[2019-12-11T08:03:20.627+0000][1][safepoint    ] Leaving safepoint region
[2019-12-11T08:03:20.627+0000][1][safepoint    ] Total time for which application threads were stopped: 0.0153784 seconds, Stopping threads took: 0.0152466 seconds
[2019-12-11T08:03:20.627+0000][1][safepoint    ] Application time: 0.0001804 seconds
[2019-12-11T08:03:20.627+0000][1][safepoint    ] Entering safepoint region: RevokeBias
[2019-12-11T08:03:20.627+0000][1][safepoint    ] Leaving safepoint region
[2019-12-11T08:03:20.627+0000][1][safepoint    ] Total time for which application threads were stopped: 0.0000673 seconds, Stopping threads took: 0.0000107 seconds
[2019-12-11T08:03:20.634+0000][1][safepoint    ] Application time: 0.0067638 seconds
[2019-12-11T08:03:20.634+0000][1][safepoint    ] Entering safepoint region: RevokeBias
[2019-12-11T08:03:20.634+0000][1][safepoint    ] Leaving safepoint region
[2019-12-11T08:03:20.634+0000][1][safepoint    ] Total time for which application threads were stopped: 0.0002177 seconds, Stopping threads took: 0.0001025 seconds
[2019-12-11T08:03:20.637+0000][1][safepoint    ] Application time: 0.0024625 seconds
[2019-12-11T08:03:20.637+0000][1][safepoint    ] Entering safepoint region: RevokeBias
[2019-12-11T08:03:20.637+0000][1][safepoint    ] Leaving safepoint region
[2019-12-11T08:03:20.637+0000][1][safepoint    ] Total time for which application threads were stopped: 0.0001421 seconds, Stopping threads took: 0.0000408 seconds
[2019-12-11T08:03:20.638+0000][1][safepoint    ] Application time: 0.0015198 seconds
[2019-12-11T08:03:20.638+0000][1][safepoint    ] Entering safepoint region: RevokeBias
[2019-12-11T08:03:20.639+0000][1][safepoint    ] Leaving safepoint region
[2019-12-11T08:03:20.639+0000][1][safepoint    ] Total time for which application threads were stopped: 0.0000942 seconds, Stopping threads took: 0.0000136 seconds
[2019-12-11T08:03:20.639+0000][1][safepoint    ] Application time: 0.0009001 seconds
[2019-12-11T08:03:20.639+0000][1][safepoint    ] Entering safepoint region: RevokeBias
[2019-12-11T08:03:20.640+0000][1][safepoint    ] Leaving safepoint region
[2019-12-11T08:03:20.640+0000][1][safepoint    ] Total time for which application threads were stopped: 0.0000881 seconds, Stopping threads took: 0.0000133 seconds
[2019-12-11T08:03:20.640+0000][1][safepoint    ] Application time: 0.0000882 seconds
[2019-12-11T08:03:20.640+0000][1][safepoint    ] Entering safepoint region: RevokeBias
[2019-12-11T08:03:20.640+0000][1][safepoint    ] Leaving safepoint region
[2019-12-11T08:03:20.640+0000][1][safepoint    ] Total time for which application threads were stopped: 0.0000887 seconds, Stopping threads took: 0.0000098 seconds
[2019-12-11T08:03:20.648+0000][1][safepoint    ] Application time: 0.0083947 seconds
[2019-12-11T08:03:20.648+0000][1][safepoint    ] Entering safepoint region: Deoptimize
[2019-12-11T08:03:20.649+0000][1][safepoint    ] Leaving safepoint region
[2019-12-11T08:03:20.649+0000][1][safepoint    ] Total time for which application threads were stopped: 0.0009251 seconds, Stopping threads took: 0.0000185 seconds
[2019-12-11T08:03:20.738+0000][1][safepoint    ] Application time: 0.0893386 seconds
[2019-12-11T08:03:20.738+0000][1][safepoint    ] Entering safepoint region: RevokeBias
[2019-12-11T08:03:20.739+0000][1][safepoint    ] Leaving safepoint region
[2019-12-11T08:03:20.739+0000][1][safepoint    ] Total time for which application threads were stopped: 0.0001295 seconds, Stopping threads took: 0.0000216 seconds
[2019-12-11T08:03:20.750+0000][1][safepoint    ] Application time: 0.0114131 seconds
[2019-12-11T08:03:20.750+0000][1][safepoint    ] Entering safepoint region: RevokeBias
[2019-12-11T08:03:20.750+0000][1][safepoint    ] Leaving safepoint region
[2019-12-11T08:03:20.750+0000][1][safepoint    ] Total time for which application threads were stopped: 0.0001342 seconds, Stopping threads took: 0.0000216 seconds
[2019-12-11T08:03:20.758+0000][1][safepoint    ] Application time: 0.0076801 seconds
[2019-12-11T08:03:20.758+0000][1][safepoint    ] Entering safepoint region: Deoptimize
[2019-12-11T08:03:20.759+0000][1][safepoint    ] Leaving safepoint region
[2019-12-11T08:03:20.759+0000][1][safepoint    ] Total time for which application threads were stopped: 0.0009957 seconds, Stopping threads took: 0.0000186 seconds
[2019-12-11T08:03:20.790+0000][1][safepoint    ] Application time: 0.0310531 seconds
[2019-12-11T08:03:20.790+0000][1][safepoint    ] Entering safepoint region: RevokeBias
[2019-12-11T08:03:20.790+0000][1][safepoint    ] Leaving safepoint region
[2019-12-11T08:03:20.790+0000][1][safepoint    ] Total time for which application threads were stopped: 0.0001603 seconds, Stopping threads took: 0.0000194 seconds
[2019-12-11T08:03:20.791+0000][1][safepoint    ] Application time: 0.0006898 seconds
[2019-12-11T08:03:20.791+0000][1][safepoint    ] Entering safepoint region: RevokeBias
[2019-12-11T08:03:20.791+0000][1][safepoint    ] Leaving safepoint region
[2019-12-11T08:03:20.791+0000][1][safepoint    ] Total time for which application threads were stopped: 0.0001221 seconds, Stopping threads took: 0.0000168 seconds
[2019-12-11T08:03:21.793+0000][1][safepoint    ] Application time: 1.0018213 seconds
[2019-12-11T08:03:21.793+0000][1][safepoint    ] Entering safepoint region: Cleanup
[2019-12-11T08:03:21.793+0000][1][safepoint    ] Leaving safepoint region
[2019-12-11T08:03:21.793+0000][1][safepoint    ] Total time for which application threads were stopped: 0.0001461 seconds, Stopping threads took: 0.0000282 seconds
[2019-12-11T08:03:21.798+0000][1][safepoint    ] Application time: 0.0053779 seconds
[2019-12-11T08:03:21.798+0000][1][safepoint    ] Entering safepoint region: RevokeBias
[2019-12-11T08:03:21.799+0000][1][safepoint    ] Leaving safepoint region
[2019-12-11T08:03:21.799+0000][1][safepoint    ] Total time for which application threads were stopped: 0.0001314 seconds, Stopping threads took: 0.0000207 seconds
[2019-12-11T08:03:21.803+0000][1][safepoint    ] Application time: 0.0042179 seconds
[2019-12-11T08:03:21.803+0000][1][safepoint    ] Entering safepoint region: RevokeBias
[2019-12-11T08:03:21.803+0000][1][safepoint    ] Leaving safepoint region
[2019-12-11T08:03:21.803+0000][1][safepoint    ] Total time for which application threads were stopped: 0.0001199 seconds, Stopping threads took: 0.0000173 seconds
[2019-12-11T08:03:21.804+0000][1][safepoint    ] Application time: 0.0006144 seconds
[2019-12-11T08:03:21.804+0000][1][safepoint    ] Entering safepoint region: RevokeBias
[2019-12-11T08:03:21.804+0000][1][safepoint    ] Leaving safepoint region
[2019-12-11T08:03:21.804+0000][1][safepoint    ] Total time for which application threads were stopped: 0.0001238 seconds, Stopping threads took: 0.0000161 seconds
[2019-12-11T08:03:21.804+0000][1][safepoint    ] Application time: 0.0004484 seconds
[2019-12-11T08:03:21.804+0000][1][safepoint    ] Entering safepoint region: RevokeBias
[2019-12-11T08:03:21.804+0000][1][safepoint    ] Leaving safepoint region
[2019-12-11T08:03:21.804+0000][1][safepoint    ] Total time for which application threads were stopped: 0.0000951 seconds, Stopping threads took: 0.0000147 seconds
[2019-12-11T08:03:21.805+0000][1][safepoint    ] Application time: 0.0011663 seconds
[2019-12-11T08:03:21.805+0000][1][safepoint    ] Entering safepoint region: RevokeBias
[2019-12-11T08:03:21.806+0000][1][safepoint    ] Leaving safepoint region
[2019-12-11T08:03:21.806+0000][1][safepoint    ] Total time for which application threads were stopped: 0.0000996 seconds, Stopping threads took: 0.0000145 seconds
[2019-12-11T08:03:21.871+0000][1][safepoint    ] Application time: 0.0652745 seconds
[2019-12-11T08:03:21.871+0000][1][safepoint    ] Entering safepoint region: RevokeBias
[2019-12-11T08:03:21.871+0000][1][safepoint    ] Leaving safepoint region
[2019-12-11T08:03:21.871+0000][1][safepoint    ] Total time for which application threads were stopped: 0.0001517 seconds, Stopping threads took: 0.0000217 seconds
[2019-12-11T08:03:21.885+0000][1][safepoint    ] Application time: 0.0137786 seconds
[2019-12-11T08:03:21.897+0000][1][safepoint    ] Entering safepoint region: RevokeBias
[2019-12-11T08:03:21.897+0000][1][safepoint    ] Leaving safepoint region
[2019-12-11T08:03:21.897+0000][1][safepoint    ] Total time for which application threads were stopped: 0.0123587 seconds, Stopping threads took: 0.0122258 seconds
[2019-12-11T08:03:21.897+0000][1][safepoint    ] Application time: 0.0002089 seconds
[2019-12-11T08:03:21.898+0000][1][safepoint    ] Entering safepoint region: RevokeBias
[2019-12-11T08:03:21.898+0000][1][safepoint    ] Leaving safepoint region
[2019-12-11T08:03:21.898+0000][1][safepoint    ] Total time for which application threads were stopped: 0.0001398 seconds, Stopping threads took: 0.0000456 seconds
[2019-12-11T08:03:21.899+0000][1][safepoint    ] Application time: 0.0009113 seconds
[2019-12-11T08:03:21.899+0000][1][safepoint    ] Entering safepoint region: RevokeBias
[2019-12-11T08:03:21.899+0000][1][safepoint    ] Leaving safepoint region
[2019-12-11T08:03:21.899+0000][1][safepoint    ] Total time for which application threads were stopped: 0.0000969 seconds, Stopping threads took: 0.0000158 seconds
[2019-12-11T08:03:22.903+0000][1][safepoint    ] Application time: 1.0040632 seconds
[2019-12-11T08:03:22.903+0000][1][safepoint    ] Entering safepoint region: Cleanup
[2019-12-11T08:03:22.903+0000][1][safepoint    ] Leaving safepoint region
[2019-12-11T08:03:22.903+0000][1][safepoint    ] Total time for which application threads were stopped: 0.0001202 seconds, Stopping threads took: 0.0000232 seconds
[2019-12-11T08:03:22.938+0000][1][safepoint    ] Application time: 0.0353280 seconds
[2019-12-11T08:03:22.938+0000][1][safepoint    ] Entering safepoint region: RevokeBias
[2019-12-11T08:03:22.938+0000][1][safepoint    ] Leaving safepoint region
[2019-12-11T08:03:22.938+0000][1][safepoint    ] Total time for which application threads were stopped: 0.0001468 seconds, Stopping threads took: 0.0000224 seconds
[2019-12-11T08:03:22.939+0000][1][safepoint    ] Application time: 0.0002184 seconds
[2019-12-11T08:03:22.939+0000][1][safepoint    ] Entering safepoint region: RevokeBias
[2019-12-11T08:03:22.939+0000][1][safepoint    ] Leaving safepoint region
[2019-12-11T08:03:22.939+0000][1][safepoint    ] Total time for which application threads were stopped: 0.0001177 seconds, Stopping threads took: 0.0000148 seconds
[2019-12-11T08:03:22.939+0000][1][safepoint    ] Application time: 0.0000664 seconds
[2019-12-11T08:03:22.939+0000][1][safepoint    ] Entering safepoint region: RevokeBias
[2019-12-11T08:03:22.939+0000][1][safepoint    ] Leaving safepoint region
[2019-12-11T08:03:22.939+0000][1][safepoint    ] Total time for which application threads were stopped: 0.0000738 seconds, Stopping threads took: 0.0000109 seconds
[2019-12-11T08:03:23.940+0000][1][safepoint    ] Application time: 1.0008811 seconds
[2019-12-11T08:03:23.940+0000][1][safepoint    ] Entering safepoint region: Cleanup
[2019-12-11T08:03:23.940+0000][1][safepoint    ] Leaving safepoint region
[2019-12-11T08:03:23.940+0000][1][safepoint    ] Total time for which application threads were stopped: 0.0001527 seconds, Stopping threads took: 0.0000301 seconds
[2019-12-11T08:03:24.941+0000][1][safepoint    ] Application time: 1.0007135 seconds
[2019-12-11T08:03:24.941+0000][1][safepoint    ] Entering safepoint region: Cleanup
[2019-12-11T08:03:24.941+0000][1][safepoint    ] Leaving safepoint region
[2019-12-11T08:03:24.941+0000][1][safepoint    ] Total time for which application threads were stopped: 0.0001820 seconds, Stopping threads took: 0.0000290 seconds
[2019-12-11T08:03:25.942+0000][1][safepoint    ] Application time: 1.0007670 seconds
[2019-12-11T08:03:25.942+0000][1][safepoint    ] Entering safepoint region: Cleanup
[2019-12-11T08:03:25.942+0000][1][safepoint    ] Leaving safepoint region
[2019-12-11T08:03:25.942+0000][1][safepoint    ] Total time for which application threads were stopped: 0.0001534 seconds, Stopping threads took: 0.0000294 seconds
[2019-12-11T08:03:26.948+0000][1][safepoint    ] Application time: 1.0057799 seconds
[2019-12-11T08:03:26.948+0000][1][safepoint    ] Entering safepoint region: Cleanup
[2019-12-11T08:03:26.948+0000][1][safepoint    ] Leaving safepoint region
[2019-12-11T08:03:26.948+0000][1][safepoint    ] Total time for which application threads were stopped: 0.0001470 seconds, Stopping threads took: 0.0000276 seconds
[2019-12-11T08:03:28.949+0000][1][safepoint    ] Application time: 2.0008267 seconds
[2019-12-11T08:03:28.949+0000][1][safepoint    ] Entering safepoint region: Cleanup
[2019-12-11T08:03:28.949+0000][1][safepoint    ] Leaving safepoint region
[2019-12-11T08:03:28.949+0000][1][safepoint    ] Total time for which application threads were stopped: 0.0001509 seconds, Stopping threads took: 0.0000379 seconds
[2019-12-11T08:03:29.949+0000][1][safepoint    ] Application time: 1.0000901 seconds
[2019-12-11T08:03:29.949+0000][1][safepoint    ] Entering safepoint region: Cleanup
[2019-12-11T08:03:29.949+0000][1][safepoint    ] Leaving safepoint region
[2019-12-11T08:03:29.949+0000][1][safepoint    ] Total time for which application threads were stopped: 0.0001489 seconds, Stopping threads took: 0.0000293 seconds
[2019-12-11T08:03:30.952+0000][1][safepoint    ] Application time: 1.0024846 seconds
[2019-12-11T08:03:30.952+0000][1][safepoint    ] Entering safepoint region: Cleanup
[2019-12-11T08:03:30.952+0000][1][safepoint    ] Leaving safepoint region
[2019-12-11T08:03:30.952+0000][1][safepoint    ] Total time for which application threads were stopped: 0.0001685 seconds, Stopping threads took: 0.0000296 seconds
[2019-12-11T08:03:32.954+0000][1][safepoint    ] Application time: 2.0017634 seconds
[2019-12-11T08:03:32.954+0000][1][safepoint    ] Entering safepoint region: Cleanup
[2019-12-11T08:03:32.954+0000][1][safepoint    ] Leaving safepoint region
[2019-12-11T08:03:32.954+0000][1][safepoint    ] Total time for which application threads were stopped: 0.0001371 seconds, Stopping threads took: 0.0000260 seconds
[2019-12-11T08:03:33.955+0000][1][safepoint    ] Application time: 1.0008737 seconds
[2019-12-11T08:03:33.955+0000][1][safepoint    ] Entering safepoint region: Cleanup
[2019-12-11T08:03:33.955+0000][1][safepoint    ] Leaving safepoint region
[2019-12-11T08:03:33.955+0000][1][safepoint    ] Total time for which application threads were stopped: 0.0001522 seconds, Stopping threads took: 0.0000294 seconds
[2019-12-11T08:03:34.959+0000][1][safepoint    ] Application time: 1.0037270 seconds
[2019-12-11T08:03:34.959+0000][1][safepoint    ] Entering safepoint region: Cleanup
[2019-12-11T08:03:34.959+0000][1][safepoint    ] Leaving safepoint region
[2019-12-11T08:03:34.959+0000][1][safepoint    ] Total time for which application threads were stopped: 0.0001549 seconds, Stopping threads took: 0.0000315 seconds
[2019-12-11T08:03:35.969+0000][1][safepoint    ] Application time: 1.0098336 seconds
[2019-12-11T08:03:35.969+0000][1][safepoint    ] Entering safepoint region: Cleanup
[2019-12-11T08:03:35.969+0000][1][safepoint    ] Leaving safepoint region
[2019-12-11T08:03:35.969+0000][1][safepoint    ] Total time for which application threads were stopped: 0.0001494 seconds, Stopping threads took: 0.0000435 seconds
[2019-12-11T08:03:36.971+0000][1][safepoint    ] Application time: 1.0018195 seconds
[2019-12-11T08:03:36.971+0000][1][safepoint    ] Entering safepoint region: Cleanup
[2019-12-11T08:03:36.971+0000][1][safepoint    ] Leaving safepoint region
[2019-12-11T08:03:36.971+0000][1][safepoint    ] Total time for which application threads were stopped: 0.0001524 seconds, Stopping threads took: 0.0000292 seconds
[2019-12-11T08:03:38.273+0000][1][safepoint    ] Application time: 1.3015193 seconds
[2019-12-11T08:03:38.273+0000][1][safepoint    ] Entering safepoint region: GenCollectForAllocation
[2019-12-11T08:03:38.273+0000][1][gc,start     ] GC(26) Pause Young (Allocation Failure)
[2019-12-11T08:03:38.273+0000][1][gc,task      ] GC(26) Using 2 workers of 2 for evacuation
[2019-12-11T08:03:38.287+0000][1][gc,age       ] GC(26) Desired survivor size 4456448 bytes, new threshold 2 (max threshold 6)
[2019-12-11T08:03:38.287+0000][1][gc,age       ] GC(26) Age table with threshold 2 (max threshold 6)
[2019-12-11T08:03:38.287+0000][1][gc,age       ] GC(26) - age   1:    3732280 bytes,    3732280 total
[2019-12-11T08:03:38.287+0000][1][gc,age       ] GC(26) - age   2:    1212032 bytes,    4944312 total
[2019-12-11T08:03:38.287+0000][1][gc,age       ] GC(26) - age   3:    1190368 bytes,    6134680 total
[2019-12-11T08:03:38.287+0000][1][gc,heap      ] GC(26) ParNew: 75300K->6791K(78656K)
[2019-12-11T08:03:38.287+0000][1][gc,heap      ] GC(26) CMS: 67697K->67697K(174784K)
[2019-12-11T08:03:38.287+0000][1][gc,metaspace ] GC(26) Metaspace: 75826K->75826K(1118208K)
[2019-12-11T08:03:38.287+0000][1][gc           ] GC(26) Pause Young (Allocation Failure) 139M->72M(247M) 14.417ms
[2019-12-11T08:03:38.287+0000][1][gc,cpu       ] GC(26) User=0.02s Sys=0.00s Real=0.02s
[2019-12-11T08:03:38.287+0000][1][safepoint    ] Leaving safepoint region
[2019-12-11T08:03:38.287+0000][1][safepoint    ] Total time for which application threads were stopped: 0.0146768 seconds, Stopping threads took: 0.0000238 seconds
[2019-12-11T08:03:39.288+0000][1][safepoint    ] Application time: 1.0004715 seconds
[2019-12-11T08:03:39.288+0000][1][safepoint    ] Entering safepoint region: Cleanup
[2019-12-11T08:03:39.288+0000][1][safepoint    ] Leaving safepoint region
[2019-12-11T08:03:39.288+0000][1][safepoint    ] Total time for which application threads were stopped: 0.0001605 seconds, Stopping threads took: 0.0000279 seconds
[2019-12-11T08:03:40.289+0000][1][safepoint    ] Application time: 1.0007628 seconds
[2019-12-11T08:03:40.289+0000][1][safepoint    ] Entering safepoint region: Cleanup
[2019-12-11T08:03:40.289+0000][1][safepoint    ] Leaving safepoint region
[2019-12-11T08:03:40.289+0000][1][safepoint    ] Total time for which application threads were stopped: 0.0001631 seconds, Stopping threads took: 0.0000311 seconds
[2019-12-11T08:03:41.291+0000][1][safepoint    ] Application time: 1.0018258 seconds
[2019-12-11T08:03:41.291+0000][1][safepoint    ] Entering safepoint region: Cleanup
[2019-12-11T08:03:41.291+0000][1][safepoint    ] Leaving safepoint region
[2019-12-11T08:03:41.291+0000][1][safepoint    ] Total time for which application threads were stopped: 0.0001525 seconds, Stopping threads took: 0.0000281 seconds
[2019-12-11T08:03:42.293+0000][1][safepoint    ] Application time: 1.0017656 seconds
[2019-12-11T08:03:42.293+0000][1][safepoint    ] Entering safepoint region: Cleanup
[2019-12-11T08:03:42.293+0000][1][safepoint    ] Leaving safepoint region
[2019-12-11T08:03:42.293+0000][1][safepoint    ] Total time for which application threads were stopped: 0.0001409 seconds, Stopping threads took: 0.0000281 seconds
[2019-12-11T08:03:43.294+0000][1][safepoint    ] Application time: 1.0009153 seconds
[2019-12-11T08:03:43.294+0000][1][safepoint    ] Entering safepoint region: Cleanup
[2019-12-11T08:03:43.294+0000][1][safepoint    ] Leaving safepoint region
[2019-12-11T08:03:43.294+0000][1][safepoint    ] Total time for which application threads were stopped: 0.0001338 seconds, Stopping threads took: 0.0000225 seconds
[2019-12-11T08:03:46.304+0000][1][safepoint    ] Application time: 3.0098910 seconds
[2019-12-11T08:03:46.304+0000][1][safepoint    ] Entering safepoint region: Cleanup
[2019-12-11T08:03:46.304+0000][1][safepoint    ] Leaving safepoint region
[2019-12-11T08:03:46.304+0000][1][safepoint    ] Total time for which application threads were stopped: 0.0001278 seconds, Stopping threads took: 0.0000296 seconds
[2019-12-11T08:03:47.305+0000][1][safepoint    ] Application time: 1.0006103 seconds
[2019-12-11T08:03:47.305+0000][1][safepoint    ] Entering safepoint region: Cleanup
[2019-12-11T08:03:47.305+0000][1][safepoint    ] Leaving safepoint region
[2019-12-11T08:03:47.305+0000][1][safepoint    ] Total time for which application threads were stopped: 0.0001342 seconds, Stopping threads took: 0.0000274 seconds
[2019-12-11T08:03:47.352+0000][1][safepoint    ] Application time: 0.0471596 seconds
[2019-12-11T08:03:47.352+0000][1][safepoint    ] Entering safepoint region: RevokeBias
[2019-12-11T08:03:47.352+0000][1][safepoint    ] Leaving safepoint region
[2019-12-11T08:03:47.352+0000][1][safepoint    ] Total time for which application threads were stopped: 0.0001445 seconds, Stopping threads took: 0.0000225 seconds
[2019-12-11T08:03:48.354+0000][1][safepoint    ] Application time: 1.0014600 seconds
[2019-12-11T08:03:48.354+0000][1][safepoint    ] Entering safepoint region: Cleanup
[2019-12-11T08:03:48.354+0000][1][safepoint    ] Leaving safepoint region
[2019-12-11T08:03:48.354+0000][1][safepoint    ] Total time for which application threads were stopped: 0.0001487 seconds, Stopping threads took: 0.0000281 seconds
[2019-12-11T08:03:50.356+0000][1][safepoint    ] Application time: 2.0017985 seconds
[2019-12-11T08:03:50.356+0000][1][safepoint    ] Entering safepoint region: Cleanup
[2019-12-11T08:03:50.356+0000][1][safepoint    ] Leaving safepoint region
[2019-12-11T08:03:50.356+0000][1][safepoint    ] Total time for which application threads were stopped: 0.0001572 seconds, Stopping threads took: 0.0000395 seconds
[2019-12-11T08:03:51.356+0000][1][safepoint    ] Application time: 1.0002543 seconds
[2019-12-11T08:03:51.356+0000][1][safepoint    ] Entering safepoint region: Cleanup
[2019-12-11T08:03:51.356+0000][1][safepoint    ] Leaving safepoint region
[2019-12-11T08:03:51.356+0000][1][safepoint    ] Total time for which application threads were stopped: 0.0001442 seconds, Stopping threads took: 0.0000291 seconds
[2019-12-11T08:03:53.359+0000][1][safepoint    ] Application time: 2.0023922 seconds
[2019-12-11T08:03:53.359+0000][1][safepoint    ] Entering safepoint region: Cleanup
[2019-12-11T08:03:53.359+0000][1][safepoint    ] Leaving safepoint region
[2019-12-11T08:03:53.359+0000][1][safepoint    ] Total time for which application threads were stopped: 0.0001477 seconds, Stopping threads took: 0.0000296 seconds
[2019-12-11T08:03:56.366+0000][1][safepoint    ] Application time: 3.0067285 seconds
[2019-12-11T08:03:56.366+0000][1][safepoint    ] Entering safepoint region: Cleanup
[2019-12-11T08:03:56.366+0000][1][safepoint    ] Leaving safepoint region
[2019-12-11T08:03:56.366+0000][1][safepoint    ] Total time for which application threads were stopped: 0.0001372 seconds, Stopping threads took: 0.0000299 seconds
[2019-12-11T08:03:58.370+0000][1][safepoint    ] Application time: 2.0038090 seconds
[2019-12-11T08:03:58.370+0000][1][safepoint    ] Entering safepoint region: Cleanup
[2019-12-11T08:03:58.370+0000][1][safepoint    ] Leaving safepoint region
[2019-12-11T08:03:58.370+0000][1][safepoint    ] Total time for which application threads were stopped: 0.0001406 seconds, Stopping threads took: 0.0000286 seconds
[2019-12-11T08:03:59.370+0000][1][safepoint    ] Application time: 1.0000873 seconds
[2019-12-11T08:03:59.370+0000][1][safepoint    ] Entering safepoint region: Cleanup
[2019-12-11T08:03:59.370+0000][1][safepoint    ] Leaving safepoint region
[2019-12-11T08:03:59.370+0000][1][safepoint    ] Total time for which application threads were stopped: 0.0001521 seconds, Stopping threads took: 0.0000279 seconds
[2019-12-11T08:04:01.374+0000][1][safepoint    ] Application time: 2.0036216 seconds
[2019-12-11T08:04:01.374+0000][1][safepoint    ] Entering safepoint region: Cleanup
[2019-12-11T08:04:01.374+0000][1][safepoint    ] Leaving safepoint region
[2019-12-11T08:04:01.374+0000][1][safepoint    ] Total time for which application threads were stopped: 0.0001470 seconds, Stopping threads took: 0.0000377 seconds
[2019-12-11T08:04:04.380+0000][1][safepoint    ] Application time: 3.0057508 seconds
[2019-12-11T08:04:04.380+0000][1][safepoint    ] Entering safepoint region: Cleanup
[2019-12-11T08:04:04.380+0000][1][safepoint    ] Leaving safepoint region
[2019-12-11T08:04:04.380+0000][1][safepoint    ] Total time for which application threads were stopped: 0.0001360 seconds, Stopping threads took: 0.0000271 seconds
[2019-12-11T08:04:06.385+0000][1][safepoint    ] Application time: 2.0047306 seconds
[2019-12-11T08:04:06.385+0000][1][safepoint    ] Entering safepoint region: Cleanup
[2019-12-11T08:04:06.385+0000][1][safepoint    ] Leaving safepoint region
[2019-12-11T08:04:06.385+0000][1][safepoint    ] Total time for which application threads were stopped: 0.0001320 seconds, Stopping threads took: 0.0000282 seconds
[2019-12-11T08:04:08.321+0000][1][safepoint    ] Application time: 1.9357407 seconds
[2019-12-11T08:04:08.321+0000][1][safepoint    ] Entering safepoint region: RevokeBias
[2019-12-11T08:04:08.321+0000][1][safepoint    ] Leaving safepoint region
[2019-12-11T08:04:08.321+0000][1][safepoint    ] Total time for which application threads were stopped: 0.0002366 seconds, Stopping threads took: 0.0000928 seconds
[2019-12-11T08:04:09.325+0000][1][safepoint    ] Application time: 1.0037905 seconds
[2019-12-11T08:04:09.325+0000][1][safepoint    ] Entering safepoint region: Cleanup
[2019-12-11T08:04:09.325+0000][1][safepoint    ] Leaving safepoint region
[2019-12-11T08:04:09.325+0000][1][safepoint    ] Total time for which application threads were stopped: 0.0001339 seconds, Stopping threads took: 0.0000278 seconds
[2019-12-11T08:04:12.332+0000][1][safepoint    ] Application time: 3.0068097 seconds
[2019-12-11T08:04:12.332+0000][1][safepoint    ] Entering safepoint region: Cleanup
[2019-12-11T08:04:12.332+0000][1][safepoint    ] Leaving safepoint region
[2019-12-11T08:04:12.332+0000][1][safepoint    ] Total time for which application threads were stopped: 0.0001511 seconds, Stopping threads took: 0.0000274 seconds
[2019-12-11T08:04:13.335+0000][1][safepoint    ] Application time: 1.0027870 seconds
[2019-12-11T08:04:13.335+0000][1][safepoint    ] Entering safepoint region: Cleanup
[2019-12-11T08:04:13.335+0000][1][safepoint    ] Leaving safepoint region
[2019-12-11T08:04:13.335+0000][1][safepoint    ] Total time for which application threads were stopped: 0.0001254 seconds, Stopping threads took: 0.0000244 seconds
[2019-12-11T08:04:16.342+0000][1][safepoint    ] Application time: 3.0069660 seconds
[2019-12-11T08:04:16.342+0000][1][safepoint    ] Entering safepoint region: Cleanup
[2019-12-11T08:04:16.342+0000][1][safepoint    ] Leaving safepoint region
[2019-12-11T08:04:16.342+0000][1][safepoint    ] Total time for which application threads were stopped: 0.0001492 seconds, Stopping threads took: 0.0000313 seconds
[2019-12-11T08:04:17.345+0000][1][safepoint    ] Application time: 1.0026523 seconds
[2019-12-11T08:04:17.345+0000][1][safepoint    ] Entering safepoint region: Cleanup
[2019-12-11T08:04:17.345+0000][1][safepoint    ] Leaving safepoint region
[2019-12-11T08:04:17.345+0000][1][safepoint    ] Total time for which application threads were stopped: 0.0001516 seconds, Stopping threads took: 0.0000285 seconds
[2019-12-11T08:04:18.346+0000][1][safepoint    ] Application time: 1.0007863 seconds
[2019-12-11T08:04:18.346+0000][1][safepoint    ] Entering safepoint region: Cleanup
[2019-12-11T08:04:18.346+0000][1][safepoint    ] Leaving safepoint region
[2019-12-11T08:04:18.346+0000][1][safepoint    ] Total time for which application threads were stopped: 0.0001319 seconds, Stopping threads took: 0.0000262 seconds
[2019-12-11T08:04:19.349+0000][1][safepoint    ] Application time: 1.0028902 seconds
[2019-12-11T08:04:19.349+0000][1][safepoint    ] Entering safepoint region: Cleanup
[2019-12-11T08:04:19.349+0000][1][safepoint    ] Leaving safepoint region
[2019-12-11T08:04:19.349+0000][1][safepoint    ] Total time for which application threads were stopped: 0.0001533 seconds, Stopping threads took: 0.0000324 seconds
[2019-12-11T08:04:21.355+0000][1][safepoint    ] Application time: 2.0057446 seconds
[2019-12-11T08:04:21.355+0000][1][safepoint    ] Entering safepoint region: Cleanup
[2019-12-11T08:04:21.355+0000][1][safepoint    ] Leaving safepoint region
[2019-12-11T08:04:21.355+0000][1][safepoint    ] Total time for which application threads were stopped: 0.0001393 seconds, Stopping threads took: 0.0000282 seconds
[2019-12-11T08:04:22.356+0000][1][safepoint    ] Application time: 1.0008152 seconds
[2019-12-11T08:04:22.356+0000][1][safepoint    ] Entering safepoint region: Cleanup
[2019-12-11T08:04:22.356+0000][1][safepoint    ] Leaving safepoint region
[2019-12-11T08:04:22.356+0000][1][safepoint    ] Total time for which application threads were stopped: 0.0001421 seconds, Stopping threads took: 0.0000310 seconds
[2019-12-11T08:04:24.360+0000][1][safepoint    ] Application time: 2.0037669 seconds
[2019-12-11T08:04:24.360+0000][1][safepoint    ] Entering safepoint region: Cleanup
[2019-12-11T08:04:24.360+0000][1][safepoint    ] Leaving safepoint region
[2019-12-11T08:04:24.360+0000][1][safepoint    ] Total time for which application threads were stopped: 0.0001500 seconds, Stopping threads took: 0.0000271 seconds
[2019-12-11T08:04:25.361+0000][1][safepoint    ] Application time: 1.0007732 seconds
[2019-12-11T08:04:25.361+0000][1][safepoint    ] Entering safepoint region: Cleanup
[2019-12-11T08:04:25.361+0000][1][safepoint    ] Leaving safepoint region
[2019-12-11T08:04:25.361+0000][1][safepoint    ] Total time for which application threads were stopped: 0.0001277 seconds, Stopping threads took: 0.0000269 seconds
[2019-12-11T08:04:27.364+0000][1][safepoint    ] Application time: 2.0028156 seconds
[2019-12-11T08:04:27.364+0000][1][safepoint    ] Entering safepoint region: Cleanup
[2019-12-11T08:04:27.364+0000][1][safepoint    ] Leaving safepoint region
[2019-12-11T08:04:27.364+0000][1][safepoint    ] Total time for which application threads were stopped: 0.0001535 seconds, Stopping threads took: 0.0000434 seconds
[2019-12-11T08:04:28.365+0000][1][safepoint    ] Application time: 1.0008463 seconds
[2019-12-11T08:04:28.365+0000][1][safepoint    ] Entering safepoint region: Cleanup
[2019-12-11T08:04:28.365+0000][1][safepoint    ] Leaving safepoint region
[2019-12-11T08:04:28.365+0000][1][safepoint    ] Total time for which application threads were stopped: 0.0001377 seconds, Stopping threads took: 0.0000329 seconds
[2019-12-11T08:04:29.368+0000][1][safepoint    ] Application time: 1.0027743 seconds
[2019-12-11T08:04:29.368+0000][1][safepoint    ] Entering safepoint region: Cleanup
[2019-12-11T08:04:29.368+0000][1][safepoint    ] Leaving safepoint region
[2019-12-11T08:04:29.368+0000][1][safepoint    ] Total time for which application threads were stopped: 0.0001363 seconds, Stopping threads took: 0.0000287 seconds
[2019-12-11T08:04:30.369+0000][1][safepoint    ] Application time: 1.0008550 seconds
[2019-12-11T08:04:30.369+0000][1][safepoint    ] Entering safepoint region: Cleanup
[2019-12-11T08:04:30.369+0000][1][safepoint    ] Leaving safepoint region
[2019-12-11T08:04:30.369+0000][1][safepoint    ] Total time for which application threads were stopped: 0.0001394 seconds, Stopping threads took: 0.0000292 seconds
[2019-12-11T08:04:31.372+0000][1][safepoint    ] Application time: 1.0027452 seconds
[2019-12-11T08:04:31.372+0000][1][safepoint    ] Entering safepoint region: Cleanup
[2019-12-11T08:04:31.372+0000][1][safepoint    ] Leaving safepoint region
[2019-12-11T08:04:31.372+0000][1][safepoint    ] Total time for which application threads were stopped: 0.0001484 seconds, Stopping threads took: 0.0000295 seconds
[2019-12-11T08:04:32.375+0000][1][safepoint    ] Application time: 1.0027918 seconds
[2019-12-11T08:04:32.375+0000][1][safepoint    ] Entering safepoint region: Cleanup
[2019-12-11T08:04:32.375+0000][1][safepoint    ] Leaving safepoint region
[2019-12-11T08:04:32.375+0000][1][safepoint    ] Total time for which application threads were stopped: 0.0001640 seconds, Stopping threads took: 0.0000290 seconds
[2019-12-11T08:04:33.377+0000][1][safepoint    ] Application time: 1.0023898 seconds
[2019-12-11T08:04:33.377+0000][1][safepoint    ] Entering safepoint region: Cleanup
[2019-12-11T08:04:33.378+0000][1][safepoint    ] Leaving safepoint region
[2019-12-11T08:04:33.378+0000][1][safepoint    ] Total time for which application threads were stopped: 0.0001393 seconds, Stopping threads took: 0.0000275 seconds
[2019-12-11T08:04:39.388+0000][1][safepoint    ] Application time: 6.0103349 seconds
[2019-12-11T08:04:39.388+0000][1][safepoint    ] Entering safepoint region: Cleanup
[2019-12-11T08:04:39.388+0000][1][safepoint    ] Leaving safepoint region
[2019-12-11T08:04:39.388+0000][1][safepoint    ] Total time for which application threads were stopped: 0.0001679 seconds, Stopping threads took: 0.0000395 seconds
[2019-12-11T08:04:42.392+0000][1][safepoint    ] Application time: 3.0036407 seconds
[2019-12-11T08:04:42.392+0000][1][safepoint    ] Entering safepoint region: Cleanup
[2019-12-11T08:04:42.392+0000][1][safepoint    ] Leaving safepoint region
[2019-12-11T08:04:42.392+0000][1][safepoint    ] Total time for which application threads were stopped: 0.0001434 seconds, Stopping threads took: 0.0000308 seconds
[2019-12-11T08:04:43.393+0000][1][safepoint    ] Application time: 1.0008334 seconds
[2019-12-11T08:04:43.393+0000][1][safepoint    ] Entering safepoint region: Cleanup
[2019-12-11T08:04:43.393+0000][1][safepoint    ] Leaving safepoint region
[2019-12-11T08:04:43.393+0000][1][safepoint    ] Total time for which application threads were stopped: 0.0001764 seconds, Stopping threads took: 0.0000310 seconds
[2019-12-11T08:04:47.401+0000][1][safepoint    ] Application time: 4.0077268 seconds
[2019-12-11T08:04:47.401+0000][1][safepoint    ] Entering safepoint region: Cleanup
[2019-12-11T08:04:47.401+0000][1][safepoint    ] Leaving safepoint region
[2019-12-11T08:04:47.401+0000][1][safepoint    ] Total time for which application threads were stopped: 0.0001296 seconds, Stopping threads took: 0.0000234 seconds
[2019-12-11T08:04:49.408+0000][1][safepoint    ] Application time: 2.0068429 seconds
[2019-12-11T08:04:49.408+0000][1][safepoint    ] Entering safepoint region: Cleanup
[2019-12-11T08:04:49.408+0000][1][safepoint    ] Leaving safepoint region
[2019-12-11T08:04:49.408+0000][1][safepoint    ] Total time for which application threads were stopped: 0.0001270 seconds, Stopping threads took: 0.0000278 seconds
[2019-12-11T08:04:50.413+0000][1][safepoint    ] Application time: 1.0051544 seconds
[2019-12-11T08:04:50.413+0000][1][safepoint    ] Entering safepoint region: Cleanup
[2019-12-11T08:04:50.413+0000][1][safepoint    ] Leaving safepoint region
[2019-12-11T08:04:50.413+0000][1][safepoint    ] Total time for which application threads were stopped: 0.0001423 seconds, Stopping threads took: 0.0000295 seconds
[2019-12-11T08:04:54.420+0000][1][safepoint    ] Application time: 4.0064326 seconds
[2019-12-11T08:04:54.420+0000][1][safepoint    ] Entering safepoint region: Cleanup
[2019-12-11T08:04:54.420+0000][1][safepoint    ] Leaving safepoint region
[2019-12-11T08:04:54.420+0000][1][safepoint    ] Total time for which application threads were stopped: 0.0001452 seconds, Stopping threads took: 0.0000316 seconds
[2019-12-11T08:04:55.421+0000][1][safepoint    ] Application time: 1.0007942 seconds
[2019-12-11T08:04:55.421+0000][1][safepoint    ] Entering safepoint region: Cleanup
[2019-12-11T08:04:55.421+0000][1][safepoint    ] Leaving safepoint region
[2019-12-11T08:04:55.421+0000][1][safepoint    ] Total time for which application threads were stopped: 0.0001401 seconds, Stopping threads took: 0.0000287 seconds
[2019-12-11T08:04:56.423+0000][1][safepoint    ] Application time: 1.0018563 seconds
[2019-12-11T08:04:56.423+0000][1][safepoint    ] Entering safepoint region: Cleanup
[2019-12-11T08:04:56.423+0000][1][safepoint    ] Leaving safepoint region
[2019-12-11T08:04:56.423+0000][1][safepoint    ] Total time for which application threads were stopped: 0.0001467 seconds, Stopping threads took: 0.0000291 seconds
[2019-12-11T08:05:03.435+0000][1][safepoint    ] Application time: 7.0117173 seconds
[2019-12-11T08:05:03.435+0000][1][safepoint    ] Entering safepoint region: Cleanup
[2019-12-11T08:05:03.435+0000][1][safepoint    ] Leaving safepoint region
[2019-12-11T08:05:03.435+0000][1][safepoint    ] Total time for which application threads were stopped: 0.0001432 seconds, Stopping threads took: 0.0000292 seconds
[2019-12-11T08:05:08.441+0000][1][safepoint    ] Application time: 5.0058603 seconds
[2019-12-11T08:05:08.441+0000][1][safepoint    ] Entering safepoint region: Cleanup
[2019-12-11T08:05:08.441+0000][1][safepoint    ] Leaving safepoint region
[2019-12-11T08:05:08.441+0000][1][safepoint    ] Total time for which application threads were stopped: 0.0001406 seconds, Stopping threads took: 0.0000352 seconds
[2019-12-11T08:05:10.444+0000][1][safepoint    ] Application time: 2.0025476 seconds
[2019-12-11T08:05:10.444+0000][1][safepoint    ] Entering safepoint region: Cleanup
[2019-12-11T08:05:10.444+0000][1][safepoint    ] Leaving safepoint region
[2019-12-11T08:05:10.444+0000][1][safepoint    ] Total time for which application threads were stopped: 0.0001721 seconds, Stopping threads took: 0.0000293 seconds
[2019-12-11T08:05:12.447+0000][1][safepoint    ] Application time: 2.0029574 seconds
[2019-12-11T08:05:12.447+0000][1][safepoint    ] Entering safepoint region: Cleanup
[2019-12-11T08:05:12.447+0000][1][safepoint    ] Leaving safepoint region
[2019-12-11T08:05:12.447+0000][1][safepoint    ] Total time for which application threads were stopped: 0.0001419 seconds, Stopping threads took: 0.0000365 seconds
[2019-12-11T08:05:16.454+0000][1][safepoint    ] Application time: 4.0068168 seconds
[2019-12-11T08:05:16.454+0000][1][safepoint    ] Entering safepoint region: Cleanup
[2019-12-11T08:05:16.454+0000][1][safepoint    ] Leaving safepoint region
[2019-12-11T08:05:16.454+0000][1][safepoint    ] Total time for which application threads were stopped: 0.0001467 seconds, Stopping threads took: 0.0000281 seconds
[2019-12-11T08:05:17.455+0000][1][safepoint    ] Application time: 1.0007918 seconds
[2019-12-11T08:05:17.455+0000][1][safepoint    ] Entering safepoint region: Cleanup
[2019-12-11T08:05:17.455+0000][1][safepoint    ] Leaving safepoint region
[2019-12-11T08:05:17.455+0000][1][safepoint    ] Total time for which application threads were stopped: 0.0001436 seconds, Stopping threads took: 0.0000281 seconds
[2019-12-11T08:05:18.457+0000][1][safepoint    ] Application time: 1.0017948 seconds
[2019-12-11T08:05:18.457+0000][1][safepoint    ] Entering safepoint region: Cleanup
[2019-12-11T08:05:18.457+0000][1][safepoint    ] Leaving safepoint region
[2019-12-11T08:05:18.457+0000][1][safepoint    ] Total time for which application threads were stopped: 0.0001544 seconds, Stopping threads took: 0.0000280 seconds
[2019-12-11T08:05:19.458+0000][1][safepoint    ] Application time: 1.0007998 seconds
[2019-12-11T08:05:19.458+0000][1][safepoint    ] Entering safepoint region: Cleanup
[2019-12-11T08:05:19.458+0000][1][safepoint    ] Leaving safepoint region
[2019-12-11T08:05:19.458+0000][1][safepoint    ] Total time for which application threads were stopped: 0.0001418 seconds, Stopping threads took: 0.0000289 seconds
[2019-12-11T08:05:20.459+0000][1][safepoint    ] Application time: 1.0007987 seconds
[2019-12-11T08:05:20.459+0000][1][safepoint    ] Entering safepoint region: Cleanup
[2019-12-11T08:05:20.459+0000][1][safepoint    ] Leaving safepoint region
[2019-12-11T08:05:20.459+0000][1][safepoint    ] Total time for which application threads were stopped: 0.0001580 seconds, Stopping threads took: 0.0000307 seconds
[2019-12-11T08:05:21.462+0000][1][safepoint    ] Application time: 1.0027853 seconds
[2019-12-11T08:05:21.462+0000][1][safepoint    ] Entering safepoint region: Cleanup
[2019-12-11T08:05:21.462+0000][1][safepoint    ] Leaving safepoint region
[2019-12-11T08:05:21.462+0000][1][safepoint    ] Total time for which application threads were stopped: 0.0001374 seconds, Stopping threads took: 0.0000271 seconds
[2019-12-11T08:05:22.464+0000][1][safepoint    ] Application time: 1.0018318 seconds
[2019-12-11T08:05:22.464+0000][1][safepoint    ] Entering safepoint region: Cleanup
[2019-12-11T08:05:22.464+0000][1][safepoint    ] Leaving safepoint region
[2019-12-11T08:05:22.464+0000][1][safepoint    ] Total time for which application threads were stopped: 0.0001486 seconds, Stopping threads took: 0.0000300 seconds
[2019-12-11T08:05:25.477+0000][1][safepoint    ] Application time: 3.0127341 seconds
[2019-12-11T08:05:25.477+0000][1][safepoint    ] Entering safepoint region: Cleanup
[2019-12-11T08:05:25.477+0000][1][safepoint    ] Leaving safepoint region
[2019-12-11T08:05:25.477+0000][1][safepoint    ] Total time for which application threads were stopped: 0.0001504 seconds, Stopping threads took: 0.0000325 seconds
[2019-12-11T08:05:28.482+0000][1][safepoint    ] Application time: 3.0048260 seconds
[2019-12-11T08:05:28.482+0000][1][safepoint    ] Entering safepoint region: Cleanup
[2019-12-11T08:05:28.482+0000][1][safepoint    ] Leaving safepoint region
[2019-12-11T08:05:28.482+0000][1][safepoint    ] Total time for which application threads were stopped: 0.0001398 seconds, Stopping threads took: 0.0000283 seconds
[2019-12-11T08:05:29.387+0000][1][safepoint    ] Application time: 0.9049335 seconds
[2019-12-11T08:05:29.387+0000][1][safepoint    ] Entering safepoint region: GenCollectForAllocation
[2019-12-11T08:05:29.387+0000][1][gc,start     ] GC(27) Pause Young (Allocation Failure)
[2019-12-11T08:05:29.387+0000][1][gc,task      ] GC(27) Using 2 workers of 2 for evacuation
[2019-12-11T08:05:29.403+0000][1][gc,age       ] GC(27) Desired survivor size 4456448 bytes, new threshold 6 (max threshold 6)
[2019-12-11T08:05:29.403+0000][1][gc,age       ] GC(27) Age table with threshold 6 (max threshold 6)
[2019-12-11T08:05:29.403+0000][1][gc,age       ] GC(27) - age   1:      55192 bytes,      55192 total
[2019-12-11T08:05:29.403+0000][1][gc,age       ] GC(27) - age   2:    3697888 bytes,    3753080 total
[2019-12-11T08:05:29.403+0000][1][gc,heap      ] GC(27) ParNew: 76743K->5614K(78656K)
[2019-12-11T08:05:29.403+0000][1][gc,heap      ] GC(27) CMS: 67697K->70106K(174784K)
[2019-12-11T08:05:29.403+0000][1][gc,metaspace ] GC(27) Metaspace: 76233K->76233K(1118208K)
[2019-12-11T08:05:29.403+0000][1][gc           ] GC(27) Pause Young (Allocation Failure) 141M->73M(247M) 15.901ms
[2019-12-11T08:05:29.403+0000][1][gc,cpu       ] GC(27) User=0.03s Sys=0.00s Real=0.01s
[2019-12-11T08:05:29.403+0000][1][safepoint    ] Leaving safepoint region
[2019-12-11T08:05:29.403+0000][1][safepoint    ] Total time for which application threads were stopped: 0.0161767 seconds, Stopping threads took: 0.0000572 seconds
[2019-12-11T08:05:30.405+0000][1][safepoint    ] Application time: 1.0020908 seconds
[2019-12-11T08:05:30.406+0000][1][safepoint    ] Entering safepoint region: Cleanup
[2019-12-11T08:05:30.406+0000][1][safepoint    ] Leaving safepoint region
[2019-12-11T08:05:30.406+0000][1][safepoint    ] Total time for which application threads were stopped: 0.0007344 seconds, Stopping threads took: 0.0003682 seconds
[2019-12-11T08:05:31.412+0000][1][safepoint    ] Application time: 1.0054710 seconds
[2019-12-11T08:05:31.412+0000][1][safepoint    ] Entering safepoint region: Cleanup
[2019-12-11T08:05:31.412+0000][1][safepoint    ] Leaving safepoint region
[2019-12-11T08:05:31.412+0000][1][safepoint    ] Total time for which application threads were stopped: 0.0001311 seconds, Stopping threads took: 0.0000264 seconds
[2019-12-11T08:05:35.421+0000][1][safepoint    ] Application time: 4.0088155 seconds
[2019-12-11T08:05:35.421+0000][1][safepoint    ] Entering safepoint region: Cleanup
[2019-12-11T08:05:35.421+0000][1][safepoint    ] Leaving safepoint region
[2019-12-11T08:05:35.421+0000][1][safepoint    ] Total time for which application threads were stopped: 0.0001333 seconds, Stopping threads took: 0.0000270 seconds
[2019-12-11T08:05:38.423+0000][1][safepoint    ] Application time: 3.0018118 seconds
[2019-12-11T08:05:38.423+0000][1][safepoint    ] Entering safepoint region: Cleanup
[2019-12-11T08:05:38.423+0000][1][safepoint    ] Leaving safepoint region
[2019-12-11T08:05:38.423+0000][1][safepoint    ] Total time for which application threads were stopped: 0.0001331 seconds, Stopping threads took: 0.0000279 seconds
[2019-12-11T08:05:43.431+0000][1][safepoint    ] Application time: 5.0078270 seconds
[2019-12-11T08:05:43.431+0000][1][safepoint    ] Entering safepoint region: Cleanup
[2019-12-11T08:05:43.431+0000][1][safepoint    ] Leaving safepoint region
[2019-12-11T08:05:43.431+0000][1][safepoint    ] Total time for which application threads were stopped: 0.0001447 seconds, Stopping threads took: 0.0000293 seconds
[2019-12-11T08:05:45.434+0000][1][safepoint    ] Application time: 2.0027850 seconds
[2019-12-11T08:05:45.434+0000][1][safepoint    ] Entering safepoint region: Cleanup
[2019-12-11T08:05:45.434+0000][1][safepoint    ] Leaving safepoint region
[2019-12-11T08:05:45.434+0000][1][safepoint    ] Total time for which application threads were stopped: 0.0001665 seconds, Stopping threads took: 0.0000409 seconds
[2019-12-11T08:05:46.436+0000][1][safepoint    ] Application time: 1.0017799 seconds
[2019-12-11T08:05:46.436+0000][1][safepoint    ] Entering safepoint region: Cleanup
[2019-12-11T08:05:46.436+0000][1][safepoint    ] Leaving safepoint region
[2019-12-11T08:05:46.436+0000][1][safepoint    ] Total time for which application threads were stopped: 0.0001383 seconds, Stopping threads took: 0.0000285 seconds
[2019-12-11T08:05:47.439+0000][1][safepoint    ] Application time: 1.0028030 seconds
[2019-12-11T08:05:47.439+0000][1][safepoint    ] Entering safepoint region: Cleanup
[2019-12-11T08:05:47.439+0000][1][safepoint    ] Leaving safepoint region
[2019-12-11T08:05:47.439+0000][1][safepoint    ] Total time for which application threads were stopped: 0.0001353 seconds, Stopping threads took: 0.0000281 seconds
[2019-12-11T08:05:57.454+0000][1][safepoint    ] Application time: 10.0149092 seconds
[2019-12-11T08:05:57.454+0000][1][safepoint    ] Entering safepoint region: Cleanup
[2019-12-11T08:05:57.454+0000][1][safepoint    ] Leaving safepoint region
[2019-12-11T08:05:57.454+0000][1][safepoint    ] Total time for which application threads were stopped: 0.0001417 seconds, Stopping threads took: 0.0000291 seconds
[2019-12-11T08:05:58.457+0000][1][safepoint    ] Application time: 1.0027067 seconds
[2019-12-11T08:05:58.457+0000][1][safepoint    ] Entering safepoint region: Cleanup
[2019-12-11T08:05:58.457+0000][1][safepoint    ] Leaving safepoint region
[2019-12-11T08:05:58.457+0000][1][safepoint    ] Total time for which application threads were stopped: 0.0001504 seconds, Stopping threads took: 0.0000396 seconds
[2019-12-11T08:06:02.460+0000][1][safepoint    ] Application time: 4.0028190 seconds
[2019-12-11T08:06:02.460+0000][1][safepoint    ] Entering safepoint region: Cleanup
[2019-12-11T08:06:02.460+0000][1][safepoint    ] Leaving safepoint region
[2019-12-11T08:06:02.460+0000][1][safepoint    ] Total time for which application threads were stopped: 0.0001365 seconds, Stopping threads took: 0.0000284 seconds
[2019-12-11T08:06:05.469+0000][1][safepoint    ] Application time: 3.0088076 seconds
[2019-12-11T08:06:05.469+0000][1][safepoint    ] Entering safepoint region: Cleanup
[2019-12-11T08:06:05.469+0000][1][safepoint    ] Leaving safepoint region
[2019-12-11T08:06:05.469+0000][1][safepoint    ] Total time for which application threads were stopped: 0.0001398 seconds, Stopping threads took: 0.0000261 seconds
[2019-12-11T08:06:08.475+0000][1][safepoint    ] Application time: 3.0058903 seconds
[2019-12-11T08:06:08.475+0000][1][safepoint    ] Entering safepoint region: Cleanup
[2019-12-11T08:06:08.475+0000][1][safepoint    ] Leaving safepoint region
[2019-12-11T08:06:08.475+0000][1][safepoint    ] Total time for which application threads were stopped: 0.0001324 seconds, Stopping threads took: 0.0000323 seconds
[2019-12-11T08:06:10.475+0000][1][safepoint    ] Application time: 2.0001471 seconds
[2019-12-11T08:06:10.475+0000][1][safepoint    ] Entering safepoint region: Cleanup
[2019-12-11T08:06:10.475+0000][1][safepoint    ] Leaving safepoint region
[2019-12-11T08:06:10.475+0000][1][safepoint    ] Total time for which application threads were stopped: 0.0001360 seconds, Stopping threads took: 0.0000341 seconds
[2019-12-11T08:06:11.475+0000][1][safepoint    ] Application time: 1.0000610 seconds
[2019-12-11T08:06:11.475+0000][1][safepoint    ] Entering safepoint region: Cleanup
[2019-12-11T08:06:11.476+0000][1][safepoint    ] Leaving safepoint region
[2019-12-11T08:06:11.476+0000][1][safepoint    ] Total time for which application threads were stopped: 0.0001036 seconds, Stopping threads took: 0.0000236 seconds
[2019-12-11T08:06:12.476+0000][1][safepoint    ] Application time: 1.0002317 seconds
[2019-12-11T08:06:12.476+0000][1][safepoint    ] Entering safepoint region: Cleanup
[2019-12-11T08:06:12.476+0000][1][safepoint    ] Leaving safepoint region
[2019-12-11T08:06:12.476+0000][1][safepoint    ] Total time for which application threads were stopped: 0.0000955 seconds, Stopping threads took: 0.0000176 seconds
[2019-12-11T08:06:13.476+0000][1][safepoint    ] Application time: 1.0000847 seconds
[2019-12-11T08:06:13.476+0000][1][safepoint    ] Entering safepoint region: Cleanup
[2019-12-11T08:06:13.476+0000][1][safepoint    ] Leaving safepoint region
[2019-12-11T08:06:13.476+0000][1][safepoint    ] Total time for which application threads were stopped: 0.0001097 seconds, Stopping threads took: 0.0000270 seconds
[2019-12-11T08:06:14.476+0000][1][safepoint    ] Application time: 1.0000835 seconds
[2019-12-11T08:06:14.476+0000][1][safepoint    ] Entering safepoint region: Cleanup
[2019-12-11T08:06:14.476+0000][1][safepoint    ] Leaving safepoint region
[2019-12-11T08:06:14.476+0000][1][safepoint    ] Total time for which application threads were stopped: 0.0001068 seconds, Stopping threads took: 0.0000198 seconds
[2019-12-11T08:06:15.476+0000][1][safepoint    ] Application time: 1.0000892 seconds
[2019-12-11T08:06:15.477+0000][1][safepoint    ] Entering safepoint region: Cleanup
[2019-12-11T08:06:15.477+0000][1][safepoint    ] Leaving safepoint region
[2019-12-11T08:06:15.477+0000][1][safepoint    ] Total time for which application threads were stopped: 0.0001013 seconds, Stopping threads took: 0.0000216 seconds
[2019-12-11T08:06:17.477+0000][1][safepoint    ] Application time: 2.0001482 seconds
[2019-12-11T08:06:17.477+0000][1][safepoint    ] Entering safepoint region: Cleanup
[2019-12-11T08:06:17.477+0000][1][safepoint    ] Leaving safepoint region
[2019-12-11T08:06:17.477+0000][1][safepoint    ] Total time for which application threads were stopped: 0.0001146 seconds, Stopping threads took: 0.0000187 seconds
[2019-12-11T08:06:18.053+0000][1][safepoint    ] Application time: 0.5756726 seconds
[2019-12-11T08:06:18.053+0000][1][safepoint    ] Entering safepoint region: RevokeBias
[2019-12-11T08:06:18.053+0000][1][safepoint    ] Leaving safepoint region
[2019-12-11T08:06:18.053+0000][1][safepoint    ] Total time for which application threads were stopped: 0.0001412 seconds, Stopping threads took: 0.0000208 seconds
[2019-12-11T08:06:18.053+0000][1][safepoint    ] Application time: 0.0000923 seconds
[2019-12-11T08:06:18.053+0000][1][safepoint    ] Entering safepoint region: RevokeBias
[2019-12-11T08:06:18.053+0000][1][safepoint    ] Leaving safepoint region
[2019-12-11T08:06:18.053+0000][1][safepoint    ] Total time for which application threads were stopped: 0.0000673 seconds, Stopping threads took: 0.0000115 seconds
[2019-12-11T08:06:18.054+0000][1][safepoint    ] Application time: 0.0009624 seconds
[2019-12-11T08:06:18.103+0000][1][safepoint    ] Entering safepoint region: RevokeBias
[2019-12-11T08:06:18.103+0000][1][safepoint    ] Leaving safepoint region
[2019-12-11T08:06:18.103+0000][1][safepoint    ] Total time for which application threads were stopped: 0.0494713 seconds, Stopping threads took: 0.0493535 seconds
[2019-12-11T08:06:18.104+0000][1][safepoint    ] Application time: 0.0007846 seconds
[2019-12-11T08:06:18.104+0000][1][safepoint    ] Entering safepoint region: RevokeBias
[2019-12-11T08:06:18.104+0000][1][safepoint    ] Leaving safepoint region
[2019-12-11T08:06:18.104+0000][1][safepoint    ] Total time for which application threads were stopped: 0.0001021 seconds, Stopping threads took: 0.0000200 seconds
[2019-12-11T08:06:18.104+0000][1][safepoint    ] Application time: 0.0001028 seconds
[2019-12-11T08:06:18.104+0000][1][safepoint    ] Entering safepoint region: RevokeBias
[2019-12-11T08:06:18.105+0000][1][safepoint    ] Leaving safepoint region
[2019-12-11T08:06:18.105+0000][1][safepoint    ] Total time for which application threads were stopped: 0.0000659 seconds, Stopping threads took: 0.0000106 seconds
[2019-12-11T08:06:18.105+0000][1][safepoint    ] Application time: 0.0004083 seconds
[2019-12-11T08:06:18.105+0000][1][safepoint    ] Entering safepoint region: RevokeBias
[2019-12-11T08:06:18.105+0000][1][safepoint    ] Leaving safepoint region
[2019-12-11T08:06:18.105+0000][1][safepoint    ] Total time for which application threads were stopped: 0.0000788 seconds, Stopping threads took: 0.0000132 seconds
[2019-12-11T08:06:18.116+0000][1][safepoint    ] Application time: 0.0107845 seconds
[2019-12-11T08:06:18.125+0000][1][safepoint    ] Entering safepoint region: RevokeBias
[2019-12-11T08:06:18.126+0000][1][safepoint    ] Leaving safepoint region
[2019-12-11T08:06:18.126+0000][1][safepoint    ] Total time for which application threads were stopped: 0.0096757 seconds, Stopping threads took: 0.0095483 seconds
[2019-12-11T08:06:18.131+0000][1][safepoint    ] Application time: 0.0057891 seconds
[2019-12-11T08:06:18.139+0000][1][safepoint    ] Entering safepoint region: RevokeBias
[2019-12-11T08:06:18.139+0000][1][safepoint    ] Leaving safepoint region
[2019-12-11T08:06:18.139+0000][1][safepoint    ] Total time for which application threads were stopped: 0.0075108 seconds, Stopping threads took: 0.0073544 seconds
[2019-12-11T08:06:18.141+0000][1][safepoint    ] Application time: 0.0020858 seconds
[2019-12-11T08:06:18.141+0000][1][safepoint    ] Entering safepoint region: RevokeBias
[2019-12-11T08:06:18.141+0000][1][safepoint    ] Leaving safepoint region
[2019-12-11T08:06:18.141+0000][1][safepoint    ] Total time for which application threads were stopped: 0.0001383 seconds, Stopping threads took: 0.0000129 seconds
[2019-12-11T08:06:18.145+0000][1][safepoint    ] Application time: 0.0034140 seconds
[2019-12-11T08:06:18.145+0000][1][safepoint    ] Entering safepoint region: RevokeBias
[2019-12-11T08:06:18.145+0000][1][safepoint    ] Leaving safepoint region
[2019-12-11T08:06:18.145+0000][1][safepoint    ] Total time for which application threads were stopped: 0.0000950 seconds, Stopping threads took: 0.0000155 seconds
[2019-12-11T08:06:18.160+0000][1][safepoint    ] Application time: 0.0152619 seconds
[2019-12-11T08:06:18.160+0000][1][safepoint    ] Entering safepoint region: RevokeBias
[2019-12-11T08:06:18.160+0000][1][safepoint    ] Leaving safepoint region
[2019-12-11T08:06:18.160+0000][1][safepoint    ] Total time for which application threads were stopped: 0.0001094 seconds, Stopping threads took: 0.0000153 seconds
[2019-12-11T08:06:18.164+0000][1][safepoint    ] Application time: 0.0039371 seconds
[2019-12-11T08:06:18.164+0000][1][safepoint    ] Entering safepoint region: RevokeBias
[2019-12-11T08:06:18.164+0000][1][safepoint    ] Leaving safepoint region
[2019-12-11T08:06:18.164+0000][1][safepoint    ] Total time for which application threads were stopped: 0.0000962 seconds, Stopping threads took: 0.0000327 seconds
[2019-12-11T08:06:18.173+0000][1][safepoint    ] Application time: 0.0086575 seconds
[2019-12-11T08:06:18.173+0000][1][safepoint    ] Entering safepoint region: RevokeBias
[2019-12-11T08:06:18.173+0000][1][safepoint    ] Leaving safepoint region
[2019-12-11T08:06:18.173+0000][1][safepoint    ] Total time for which application threads were stopped: 0.0000921 seconds, Stopping threads took: 0.0000153 seconds
[2019-12-11T08:06:18.177+0000][1][safepoint    ] Application time: 0.0038396 seconds
[2019-12-11T08:06:18.177+0000][1][safepoint    ] Entering safepoint region: RevokeBias
[2019-12-11T08:06:18.177+0000][1][safepoint    ] Leaving safepoint region
[2019-12-11T08:06:18.177+0000][1][safepoint    ] Total time for which application threads were stopped: 0.0000735 seconds, Stopping threads took: 0.0000151 seconds
[2019-12-11T08:06:18.189+0000][1][safepoint    ] Application time: 0.0118706 seconds
[2019-12-11T08:06:18.189+0000][1][safepoint    ] Entering safepoint region: RevokeBias
[2019-12-11T08:06:18.189+0000][1][safepoint    ] Leaving safepoint region
[2019-12-11T08:06:18.189+0000][1][safepoint    ] Total time for which application threads were stopped: 0.0002173 seconds, Stopping threads took: 0.0001583 seconds
[2019-12-11T08:06:18.189+0000][1][safepoint    ] Application time: 0.0000944 seconds
[2019-12-11T08:06:18.189+0000][1][safepoint    ] Entering safepoint region: RevokeBias
[2019-12-11T08:06:18.189+0000][1][safepoint    ] Leaving safepoint region
[2019-12-11T08:06:18.189+0000][1][safepoint    ] Total time for which application threads were stopped: 0.0000553 seconds, Stopping threads took: 0.0000093 seconds
[2019-12-11T08:06:18.189+0000][1][safepoint    ] Application time: 0.0003077 seconds
[2019-12-11T08:06:18.189+0000][1][safepoint    ] Entering safepoint region: RevokeBias
[2019-12-11T08:06:18.190+0000][1][safepoint    ] Leaving safepoint region
[2019-12-11T08:06:18.190+0000][1][safepoint    ] Total time for which application threads were stopped: 0.0000800 seconds, Stopping threads took: 0.0000125 seconds
[2019-12-11T08:06:18.257+0000][1][safepoint    ] Application time: 0.0670127 seconds
[2019-12-11T08:06:18.257+0000][1][safepoint    ] Entering safepoint region: BulkRevokeBias
[2019-12-11T08:06:18.257+0000][1][safepoint    ] Leaving safepoint region
[2019-12-11T08:06:18.257+0000][1][safepoint    ] Total time for which application threads were stopped: 0.0006543 seconds, Stopping threads took: 0.0000875 seconds
[2019-12-11T08:06:18.262+0000][1][safepoint    ] Application time: 0.0045597 seconds
[2019-12-11T08:06:18.262+0000][1][safepoint    ] Entering safepoint region: RevokeBias
[2019-12-11T08:06:18.262+0000][1][safepoint    ] Leaving safepoint region
[2019-12-11T08:06:18.262+0000][1][safepoint    ] Total time for which application threads were stopped: 0.0001563 seconds, Stopping threads took: 0.0000168 seconds
[2019-12-11T08:06:18.271+0000][1][safepoint    ] Application time: 0.0088569 seconds
[2019-12-11T08:06:18.306+0000][1][safepoint    ] Entering safepoint region: RevokeBias
[2019-12-11T08:06:18.306+0000][1][safepoint    ] Leaving safepoint region
[2019-12-11T08:06:18.306+0000][1][safepoint    ] Total time for which application threads were stopped: 0.0355063 seconds, Stopping threads took: 0.0353310 seconds
[2019-12-11T08:06:18.307+0000][1][safepoint    ] Application time: 0.0002075 seconds
[2019-12-11T08:06:18.307+0000][1][safepoint    ] Entering safepoint region: RevokeBias
[2019-12-11T08:06:18.307+0000][1][safepoint    ] Leaving safepoint region
[2019-12-11T08:06:18.307+0000][1][safepoint    ] Total time for which application threads were stopped: 0.0001236 seconds, Stopping threads took: 0.0000123 seconds
[2019-12-11T08:06:18.311+0000][1][safepoint    ] Application time: 0.0038756 seconds
[2019-12-11T08:06:18.311+0000][1][safepoint    ] Entering safepoint region: RevokeBias
[2019-12-11T08:06:18.311+0000][1][safepoint    ] Leaving safepoint region
[2019-12-11T08:06:18.311+0000][1][safepoint    ] Total time for which application threads were stopped: 0.0001834 seconds, Stopping threads took: 0.0000505 seconds
[2019-12-11T08:06:18.312+0000][1][safepoint    ] Application time: 0.0015814 seconds
[2019-12-11T08:06:18.312+0000][1][safepoint    ] Entering safepoint region: RevokeBias
[2019-12-11T08:06:18.313+0000][1][safepoint    ] Leaving safepoint region
[2019-12-11T08:06:18.313+0000][1][safepoint    ] Total time for which application threads were stopped: 0.0001596 seconds, Stopping threads took: 0.0000144 seconds
[2019-12-11T08:06:18.315+0000][1][safepoint    ] Application time: 0.0023297 seconds
[2019-12-11T08:06:18.315+0000][1][safepoint    ] Entering safepoint region: RevokeBias
[2019-12-11T08:06:18.315+0000][1][safepoint    ] Leaving safepoint region
[2019-12-11T08:06:18.315+0000][1][safepoint    ] Total time for which application threads were stopped: 0.0001174 seconds, Stopping threads took: 0.0000145 seconds
[2019-12-11T08:06:18.315+0000][1][safepoint    ] Application time: 0.0002367 seconds
[2019-12-11T08:06:18.315+0000][1][safepoint    ] Entering safepoint region: RevokeBias
[2019-12-11T08:06:18.315+0000][1][safepoint    ] Leaving safepoint region
[2019-12-11T08:06:18.315+0000][1][safepoint    ] Total time for which application threads were stopped: 0.0001090 seconds, Stopping threads took: 0.0000124 seconds
[2019-12-11T08:06:18.318+0000][1][safepoint    ] Application time: 0.0025313 seconds
[2019-12-11T08:06:18.318+0000][1][safepoint    ] Entering safepoint region: RevokeBias
[2019-12-11T08:06:18.318+0000][1][safepoint    ] Leaving safepoint region
[2019-12-11T08:06:18.318+0000][1][safepoint    ] Total time for which application threads were stopped: 0.0001353 seconds, Stopping threads took: 0.0000124 seconds
[2019-12-11T08:06:18.319+0000][1][safepoint    ] Application time: 0.0006093 seconds
[2019-12-11T08:06:18.319+0000][1][safepoint    ] Entering safepoint region: RevokeBias
[2019-12-11T08:06:18.319+0000][1][safepoint    ] Leaving safepoint region
[2019-12-11T08:06:18.319+0000][1][safepoint    ] Total time for which application threads were stopped: 0.0001120 seconds, Stopping threads took: 0.0000213 seconds
[2019-12-11T08:06:18.323+0000][1][safepoint    ] Application time: 0.0039349 seconds
[2019-12-11T08:06:18.323+0000][1][safepoint    ] Entering safepoint region: RevokeBias
[2019-12-11T08:06:18.323+0000][1][safepoint    ] Leaving safepoint region
[2019-12-11T08:06:18.323+0000][1][safepoint    ] Total time for which application threads were stopped: 0.0000845 seconds, Stopping threads took: 0.0000120 seconds
[2019-12-11T08:06:18.323+0000][1][safepoint    ] Application time: 0.0000567 seconds
[2019-12-11T08:06:18.323+0000][1][safepoint    ] Entering safepoint region: RevokeBias
[2019-12-11T08:06:18.323+0000][1][safepoint    ] Leaving safepoint region
[2019-12-11T08:06:18.323+0000][1][safepoint    ] Total time for which application threads were stopped: 0.0000803 seconds, Stopping threads took: 0.0000089 seconds
[2019-12-11T08:06:18.323+0000][1][safepoint    ] Application time: 0.0000546 seconds
[2019-12-11T08:06:18.323+0000][1][safepoint    ] Entering safepoint region: RevokeBias
[2019-12-11T08:06:18.323+0000][1][safepoint    ] Leaving safepoint region
[2019-12-11T08:06:18.323+0000][1][safepoint    ] Total time for which application threads were stopped: 0.0000700 seconds, Stopping threads took: 0.0000099 seconds
[2019-12-11T08:06:18.354+0000][1][safepoint    ] Application time: 0.0308445 seconds
[2019-12-11T08:06:18.382+0000][1][safepoint    ] Entering safepoint region: RevokeBias
[2019-12-11T08:06:18.383+0000][1][safepoint    ] Leaving safepoint region
[2019-12-11T08:06:18.383+0000][1][safepoint    ] Total time for which application threads were stopped: 0.0285334 seconds, Stopping threads took: 0.0283960 seconds
[2019-12-11T08:06:18.385+0000][1][safepoint    ] Application time: 0.0024620 seconds
[2019-12-11T08:06:18.385+0000][1][safepoint    ] Entering safepoint region: RevokeBias
[2019-12-11T08:06:18.385+0000][1][safepoint    ] Leaving safepoint region
[2019-12-11T08:06:18.385+0000][1][safepoint    ] Total time for which application threads were stopped: 0.0001234 seconds, Stopping threads took: 0.0000205 seconds
[2019-12-11T08:06:18.385+0000][1][safepoint    ] Application time: 0.0000730 seconds
[2019-12-11T08:06:18.385+0000][1][safepoint    ] Entering safepoint region: RevokeBias
[2019-12-11T08:06:18.385+0000][1][safepoint    ] Leaving safepoint region
[2019-12-11T08:06:18.385+0000][1][safepoint    ] Total time for which application threads were stopped: 0.0000669 seconds, Stopping threads took: 0.0000100 seconds
[2019-12-11T08:06:18.386+0000][1][safepoint    ] Application time: 0.0000852 seconds
[2019-12-11T08:06:18.386+0000][1][safepoint    ] Entering safepoint region: RevokeBias
[2019-12-11T08:06:18.386+0000][1][safepoint    ] Leaving safepoint region
[2019-12-11T08:06:18.386+0000][1][safepoint    ] Total time for which application threads were stopped: 0.0000689 seconds, Stopping threads took: 0.0000097 seconds
[2019-12-11T08:06:18.386+0000][1][safepoint    ] Application time: 0.0008140 seconds
[2019-12-11T08:06:18.386+0000][1][safepoint    ] Entering safepoint region: RevokeBias
[2019-12-11T08:06:18.387+0000][1][safepoint    ] Leaving safepoint region
[2019-12-11T08:06:18.387+0000][1][safepoint    ] Total time for which application threads were stopped: 0.0001221 seconds, Stopping threads took: 0.0000366 seconds
[2019-12-11T08:06:18.387+0000][1][safepoint    ] Application time: 0.0000743 seconds
[2019-12-11T08:06:18.387+0000][1][safepoint    ] Entering safepoint region: RevokeBias
[2019-12-11T08:06:18.387+0000][1][safepoint    ] Leaving safepoint region
[2019-12-11T08:06:18.387+0000][1][safepoint    ] Total time for which application threads were stopped: 0.0000895 seconds, Stopping threads took: 0.0000115 seconds
[2019-12-11T08:06:18.388+0000][1][safepoint    ] Application time: 0.0008966 seconds
[2019-12-11T08:06:18.388+0000][1][safepoint    ] Entering safepoint region: RevokeBias
[2019-12-11T08:06:18.388+0000][1][safepoint    ] Leaving safepoint region
[2019-12-11T08:06:18.388+0000][1][safepoint    ] Total time for which application threads were stopped: 0.0000962 seconds, Stopping threads took: 0.0000266 seconds
[2019-12-11T08:06:18.388+0000][1][safepoint    ] Application time: 0.0000758 seconds
[2019-12-11T08:06:18.388+0000][1][safepoint    ] Entering safepoint region: RevokeBias
[2019-12-11T08:06:18.388+0000][1][safepoint    ] Leaving safepoint region
[2019-12-11T08:06:18.388+0000][1][safepoint    ] Total time for which application threads were stopped: 0.0000725 seconds, Stopping threads took: 0.0000103 seconds
[2019-12-11T08:06:18.388+0000][1][safepoint    ] Application time: 0.0000629 seconds
[2019-12-11T08:06:18.388+0000][1][safepoint    ] Entering safepoint region: RevokeBias
[2019-12-11T08:06:18.388+0000][1][safepoint    ] Leaving safepoint region
[2019-12-11T08:06:18.388+0000][1][safepoint    ] Total time for which application threads were stopped: 0.0000687 seconds, Stopping threads took: 0.0000103 seconds
[2019-12-11T08:06:18.388+0000][1][safepoint    ] Application time: 0.0000887 seconds
[2019-12-11T08:06:18.388+0000][1][safepoint    ] Entering safepoint region: RevokeBias
[2019-12-11T08:06:18.388+0000][1][safepoint    ] Leaving safepoint region
[2019-12-11T08:06:18.388+0000][1][safepoint    ] Total time for which application threads were stopped: 0.0000706 seconds, Stopping threads took: 0.0000110 seconds
[2019-12-11T08:06:18.388+0000][1][safepoint    ] Application time: 0.0000837 seconds
[2019-12-11T08:06:18.388+0000][1][safepoint    ] Entering safepoint region: RevokeBias
[2019-12-11T08:06:18.388+0000][1][safepoint    ] Leaving safepoint region
[2019-12-11T08:06:18.388+0000][1][safepoint    ] Total time for which application threads were stopped: 0.0000689 seconds, Stopping threads took: 0.0000091 seconds
[2019-12-11T08:06:18.389+0000][1][safepoint    ] Application time: 0.0000908 seconds
[2019-12-11T08:06:18.389+0000][1][safepoint    ] Entering safepoint region: RevokeBias
[2019-12-11T08:06:18.389+0000][1][safepoint    ] Leaving safepoint region
[2019-12-11T08:06:18.389+0000][1][safepoint    ] Total time for which application threads were stopped: 0.0000718 seconds, Stopping threads took: 0.0000102 seconds
[2019-12-11T08:06:18.392+0000][1][safepoint    ] Application time: 0.0037010 seconds
[2019-12-11T08:06:18.392+0000][1][safepoint    ] Entering safepoint region: RevokeBias
[2019-12-11T08:06:18.392+0000][1][safepoint    ] Leaving safepoint region
[2019-12-11T08:06:18.392+0000][1][safepoint    ] Total time for which application threads were stopped: 0.0000834 seconds, Stopping threads took: 0.0000142 seconds
[2019-12-11T08:06:18.393+0000][1][safepoint    ] Application time: 0.0005143 seconds
[2019-12-11T08:06:18.393+0000][1][safepoint    ] Entering safepoint region: BulkRevokeBias
[2019-12-11T08:06:18.416+0000][1][safepoint    ] Leaving safepoint region
[2019-12-11T08:06:18.416+0000][1][safepoint    ] Total time for which application threads were stopped: 0.0228514 seconds, Stopping threads took: 0.0000143 seconds
[2019-12-11T08:06:18.443+0000][1][safepoint    ] Application time: 0.0274758 seconds
[2019-12-11T08:06:18.444+0000][1][safepoint    ] Entering safepoint region: RevokeBias
[2019-12-11T08:06:18.444+0000][1][safepoint    ] Leaving safepoint region
[2019-12-11T08:06:18.444+0000][1][safepoint    ] Total time for which application threads were stopped: 0.0003335 seconds, Stopping threads took: 0.0002265 seconds
[2019-12-11T08:06:18.447+0000][1][safepoint    ] Application time: 0.0031270 seconds
[2019-12-11T08:06:18.447+0000][1][safepoint    ] Entering safepoint region: RevokeBias
[2019-12-11T08:06:18.447+0000][1][safepoint    ] Leaving safepoint region
[2019-12-11T08:06:18.447+0000][1][safepoint    ] Total time for which application threads were stopped: 0.0001497 seconds, Stopping threads took: 0.0000444 seconds
[2019-12-11T08:06:18.447+0000][1][safepoint    ] Application time: 0.0000698 seconds
[2019-12-11T08:06:18.447+0000][1][safepoint    ] Entering safepoint region: RevokeBias
[2019-12-11T08:06:18.447+0000][1][safepoint    ] Leaving safepoint region
[2019-12-11T08:06:18.447+0000][1][safepoint    ] Total time for which application threads were stopped: 0.0000609 seconds, Stopping threads took: 0.0000091 seconds
[2019-12-11T08:06:18.463+0000][1][safepoint    ] Application time: 0.0161482 seconds
[2019-12-11T08:06:18.463+0000][1][safepoint    ] Entering safepoint region: RevokeBias
[2019-12-11T08:06:18.463+0000][1][safepoint    ] Leaving safepoint region
[2019-12-11T08:06:18.463+0000][1][safepoint    ] Total time for which application threads were stopped: 0.0001393 seconds, Stopping threads took: 0.0000491 seconds
[2019-12-11T08:06:18.469+0000][1][safepoint    ] Application time: 0.0052666 seconds
[2019-12-11T08:06:18.469+0000][1][safepoint    ] Entering safepoint region: RevokeBias
[2019-12-11T08:06:18.469+0000][1][safepoint    ] Leaving safepoint region
[2019-12-11T08:06:18.469+0000][1][safepoint    ] Total time for which application threads were stopped: 0.0001949 seconds, Stopping threads took: 0.0000582 seconds
[2019-12-11T08:06:18.479+0000][1][safepoint    ] Application time: 0.0099002 seconds
[2019-12-11T08:06:18.479+0000][1][safepoint    ] Entering safepoint region: RevokeBias
[2019-12-11T08:06:18.479+0000][1][safepoint    ] Leaving safepoint region
[2019-12-11T08:06:18.479+0000][1][safepoint    ] Total time for which application threads were stopped: 0.0000855 seconds, Stopping threads took: 0.0000124 seconds
[2019-12-11T08:06:18.500+0000][1][safepoint    ] Application time: 0.0215312 seconds
[2019-12-11T08:06:18.501+0000][1][safepoint    ] Entering safepoint region: RevokeBias
[2019-12-11T08:06:18.501+0000][1][safepoint    ] Leaving safepoint region
[2019-12-11T08:06:18.501+0000][1][safepoint    ] Total time for which application threads were stopped: 0.0001172 seconds, Stopping threads took: 0.0000187 seconds
[2019-12-11T08:06:18.501+0000][1][safepoint    ] Application time: 0.0000824 seconds
[2019-12-11T08:06:18.501+0000][1][safepoint    ] Entering safepoint region: RevokeBias
[2019-12-11T08:06:18.501+0000][1][safepoint    ] Leaving safepoint region
[2019-12-11T08:06:18.501+0000][1][safepoint    ] Total time for which application threads were stopped: 0.0000723 seconds, Stopping threads took: 0.0000094 seconds
[2019-12-11T08:06:18.528+0000][1][safepoint    ] Application time: 0.0276294 seconds
[2019-12-11T08:06:18.528+0000][1][safepoint    ] Entering safepoint region: RevokeBias
[2019-12-11T08:06:18.529+0000][1][safepoint    ] Leaving safepoint region
[2019-12-11T08:06:18.529+0000][1][safepoint    ] Total time for which application threads were stopped: 0.0001218 seconds, Stopping threads took: 0.0000273 seconds
[2019-12-11T08:06:18.529+0000][1][safepoint    ] Application time: 0.0000973 seconds
[2019-12-11T08:06:18.529+0000][1][safepoint    ] Entering safepoint region: RevokeBias
[2019-12-11T08:06:18.529+0000][1][safepoint    ] Leaving safepoint region
[2019-12-11T08:06:18.529+0000][1][safepoint    ] Total time for which application threads were stopped: 0.0000597 seconds, Stopping threads took: 0.0000082 seconds
[2019-12-11T08:06:18.529+0000][1][safepoint    ] Application time: 0.0005036 seconds
[2019-12-11T08:06:18.529+0000][1][safepoint    ] Entering safepoint region: RevokeBias
[2019-12-11T08:06:18.529+0000][1][safepoint    ] Leaving safepoint region
[2019-12-11T08:06:18.529+0000][1][safepoint    ] Total time for which application threads were stopped: 0.0000987 seconds, Stopping threads took: 0.0000168 seconds
[2019-12-11T08:06:18.536+0000][1][safepoint    ] Application time: 0.0070050 seconds
[2019-12-11T08:06:18.536+0000][1][safepoint    ] Entering safepoint region: RevokeBias
[2019-12-11T08:06:18.537+0000][1][safepoint    ] Leaving safepoint region
[2019-12-11T08:06:18.537+0000][1][safepoint    ] Total time for which application threads were stopped: 0.0001015 seconds, Stopping threads took: 0.0000138 seconds
[2019-12-11T08:06:18.539+0000][1][safepoint    ] Application time: 0.0025105 seconds
[2019-12-11T08:06:18.539+0000][1][safepoint    ] Entering safepoint region: RevokeBias
[2019-12-11T08:06:18.539+0000][1][safepoint    ] Leaving safepoint region
[2019-12-11T08:06:18.539+0000][1][safepoint    ] Total time for which application threads were stopped: 0.0000993 seconds, Stopping threads took: 0.0000365 seconds
[2019-12-11T08:06:18.542+0000][1][safepoint    ] Application time: 0.0028048 seconds
[2019-12-11T08:06:18.542+0000][1][safepoint    ] Entering safepoint region: RevokeBias
[2019-12-11T08:06:18.542+0000][1][safepoint    ] Leaving safepoint region
[2019-12-11T08:06:18.542+0000][1][safepoint    ] Total time for which application threads were stopped: 0.0000861 seconds, Stopping threads took: 0.0000127 seconds
[2019-12-11T08:06:18.542+0000][1][safepoint    ] Application time: 0.0000687 seconds
[2019-12-11T08:06:18.542+0000][1][safepoint    ] Entering safepoint region: RevokeBias
[2019-12-11T08:06:18.542+0000][1][safepoint    ] Leaving safepoint region
[2019-12-11T08:06:18.542+0000][1][safepoint    ] Total time for which application threads were stopped: 0.0000672 seconds, Stopping threads took: 0.0000095 seconds
[2019-12-11T08:06:18.562+0000][1][safepoint    ] Application time: 0.0196664 seconds
[2019-12-11T08:06:18.562+0000][1][safepoint    ] Entering safepoint region: RevokeBias
[2019-12-11T08:06:18.562+0000][1][safepoint    ] Leaving safepoint region
[2019-12-11T08:06:18.562+0000][1][safepoint    ] Total time for which application threads were stopped: 0.0001079 seconds, Stopping threads took: 0.0000158 seconds
[2019-12-11T08:06:18.562+0000][1][safepoint    ] Application time: 0.0001119 seconds
[2019-12-11T08:06:18.562+0000][1][safepoint    ] Entering safepoint region: RevokeBias
[2019-12-11T08:06:18.562+0000][1][safepoint    ] Leaving safepoint region
[2019-12-11T08:06:18.562+0000][1][safepoint    ] Total time for which application threads were stopped: 0.0000767 seconds, Stopping threads took: 0.0000113 seconds
[2019-12-11T08:06:18.597+0000][1][safepoint    ] Application time: 0.0343930 seconds
[2019-12-11T08:06:18.597+0000][1][safepoint    ] Entering safepoint region: RevokeBias
[2019-12-11T08:06:18.597+0000][1][safepoint    ] Leaving safepoint region
[2019-12-11T08:06:18.597+0000][1][safepoint    ] Total time for which application threads were stopped: 0.0001191 seconds, Stopping threads took: 0.0000175 seconds
[2019-12-11T08:06:18.597+0000][1][safepoint    ] Application time: 0.0001570 seconds
[2019-12-11T08:06:18.597+0000][1][safepoint    ] Entering safepoint region: RevokeBias
[2019-12-11T08:06:18.597+0000][1][safepoint    ] Leaving safepoint region
[2019-12-11T08:06:18.597+0000][1][safepoint    ] Total time for which application threads were stopped: 0.0000719 seconds, Stopping threads took: 0.0000096 seconds
[2019-12-11T08:06:18.597+0000][1][safepoint    ] Application time: 0.0001001 seconds
[2019-12-11T08:06:18.597+0000][1][safepoint    ] Entering safepoint region: RevokeBias
[2019-12-11T08:06:18.597+0000][1][safepoint    ] Leaving safepoint region
[2019-12-11T08:06:18.597+0000][1][safepoint    ] Total time for which application threads were stopped: 0.0000592 seconds, Stopping threads took: 0.0000091 seconds
[2019-12-11T08:06:18.598+0000][1][safepoint    ] Application time: 0.0007316 seconds
[2019-12-11T08:06:18.598+0000][1][safepoint    ] Entering safepoint region: RevokeBias
[2019-12-11T08:06:18.598+0000][1][safepoint    ] Leaving safepoint region
[2019-12-11T08:06:18.598+0000][1][safepoint    ] Total time for which application threads were stopped: 0.0000825 seconds, Stopping threads took: 0.0000137 seconds
[2019-12-11T08:06:18.598+0000][1][safepoint    ] Application time: 0.0001545 seconds
[2019-12-11T08:06:18.598+0000][1][safepoint    ] Entering safepoint region: RevokeBias
[2019-12-11T08:06:18.598+0000][1][safepoint    ] Leaving safepoint region
[2019-12-11T08:06:18.598+0000][1][safepoint    ] Total time for which application threads were stopped: 0.0000572 seconds, Stopping threads took: 0.0000098 seconds
[2019-12-11T08:06:18.599+0000][1][safepoint    ] Application time: 0.0009244 seconds
[2019-12-11T08:06:18.599+0000][1][safepoint    ] Entering safepoint region: RevokeBias
[2019-12-11T08:06:18.599+0000][1][safepoint    ] Leaving safepoint region
[2019-12-11T08:06:18.599+0000][1][safepoint    ] Total time for which application threads were stopped: 0.0000620 seconds, Stopping threads took: 0.0000120 seconds
[2019-12-11T08:06:18.604+0000][1][safepoint    ] Application time: 0.0045382 seconds
[2019-12-11T08:06:18.604+0000][1][safepoint    ] Entering safepoint region: RevokeBias
[2019-12-11T08:06:18.604+0000][1][safepoint    ] Leaving safepoint region
[2019-12-11T08:06:18.604+0000][1][safepoint    ] Total time for which application threads were stopped: 0.0001087 seconds, Stopping threads took: 0.0000171 seconds
[2019-12-11T08:06:18.608+0000][1][safepoint    ] Application time: 0.0035627 seconds
[2019-12-11T08:06:18.608+0000][1][safepoint    ] Entering safepoint region: RevokeBias
[2019-12-11T08:06:18.608+0000][1][safepoint    ] Leaving safepoint region
[2019-12-11T08:06:18.608+0000][1][safepoint    ] Total time for which application threads were stopped: 0.0000857 seconds, Stopping threads took: 0.0000117 seconds
[2019-12-11T08:06:18.610+0000][1][safepoint    ] Application time: 0.0021703 seconds
[2019-12-11T08:06:18.610+0000][1][safepoint    ] Entering safepoint region: RevokeBias
[2019-12-11T08:06:18.610+0000][1][safepoint    ] Leaving safepoint region
[2019-12-11T08:06:18.610+0000][1][safepoint    ] Total time for which application threads were stopped: 0.0000680 seconds, Stopping threads took: 0.0000125 seconds
[2019-12-11T08:06:18.611+0000][1][safepoint    ] Application time: 0.0005306 seconds
[2019-12-11T08:06:18.611+0000][1][safepoint    ] Entering safepoint region: RevokeBias
[2019-12-11T08:06:18.611+0000][1][safepoint    ] Leaving safepoint region
[2019-12-11T08:06:18.611+0000][1][safepoint    ] Total time for which application threads were stopped: 0.0000684 seconds, Stopping threads took: 0.0000110 seconds
[2019-12-11T08:06:18.613+0000][1][safepoint    ] Application time: 0.0027246 seconds
[2019-12-11T08:06:18.613+0000][1][safepoint    ] Entering safepoint region: RevokeBias
[2019-12-11T08:06:18.613+0000][1][safepoint    ] Leaving safepoint region
[2019-12-11T08:06:18.613+0000][1][safepoint    ] Total time for which application threads were stopped: 0.0000717 seconds, Stopping threads took: 0.0000125 seconds
[2019-12-11T08:06:18.618+0000][1][safepoint    ] Application time: 0.0046778 seconds
[2019-12-11T08:06:18.620+0000][1][safepoint    ] Entering safepoint region: RevokeBias
[2019-12-11T08:06:18.620+0000][1][safepoint    ] Leaving safepoint region
[2019-12-11T08:06:18.620+0000][1][safepoint    ] Total time for which application threads were stopped: 0.0014449 seconds, Stopping threads took: 0.0014108 seconds
[2019-12-11T08:06:18.620+0000][1][safepoint    ] Application time: 0.0005418 seconds
[2019-12-11T08:06:18.620+0000][1][safepoint    ] Entering safepoint region: RevokeBias
[2019-12-11T08:06:18.620+0000][1][safepoint    ] Leaving safepoint region
[2019-12-11T08:06:18.620+0000][1][safepoint    ] Total time for which application threads were stopped: 0.0000345 seconds, Stopping threads took: 0.0000092 seconds
[2019-12-11T08:06:18.622+0000][1][safepoint    ] Application time: 0.0021072 seconds
[2019-12-11T08:06:18.622+0000][1][safepoint    ] Entering safepoint region: RevokeBias
[2019-12-11T08:06:18.622+0000][1][safepoint    ] Leaving safepoint region
[2019-12-11T08:06:18.622+0000][1][safepoint    ] Total time for which application threads were stopped: 0.0000452 seconds, Stopping threads took: 0.0000097 seconds
[2019-12-11T08:06:18.636+0000][1][gc,heap,exit ] Heap
[2019-12-11T08:06:18.636+0000][1][gc,heap,exit ]  par new generation   total 78656K, used 46742K [0x00000000f0000000, 0x00000000f5550000, 0x00000000f5550000)
[2019-12-11T08:06:18.636+0000][1][gc,heap,exit ]   eden space 69952K,  58% used [0x00000000f0000000, 0x00000000f282a298, 0x00000000f4450000)
[2019-12-11T08:06:18.636+0000][1][gc,heap,exit ]   from space 8704K,  64% used [0x00000000f4cd0000, 0x00000000f524b890, 0x00000000f5550000)
[2019-12-11T08:06:18.636+0000][1][gc,heap,exit ]   to   space 8704K,   0% used [0x00000000f4450000, 0x00000000f4450000, 0x00000000f4cd0000)
[2019-12-11T08:06:18.636+0000][1][gc,heap,exit ]  concurrent mark-sweep generation total 174784K, used 70106K [0x00000000f5550000, 0x0000000100000000, 0x0000000100000000)
[2019-12-11T08:06:18.636+0000][1][gc,heap,exit ]  Metaspace       used 76607K, capacity 82274K, committed 82520K, reserved 1120256K
[2019-12-11T08:06:18.636+0000][1][gc,heap,exit ]   class space    used 10289K, capacity 12658K, committed 12684K, reserved 1048576K
[2019-12-11T08:06:18.636+0000][1][safepoint    ] Application time: 0.0136886 seconds
[2019-12-11T08:06:18.636+0000][1][safepoint    ] Entering safepoint region: Exit
