[2019-12-09T02:25:02.603+0000][1][gc] Using Concurrent Mark Sweep
[2019-12-09T02:25:02.603+0000][1][gc,heap,coops] Heap address: 0x00000000f0000000, size: 256 MB, Compressed Oops mode: 32-bit
[2019-12-09T02:25:03.071+0000][1][safepoint    ] Entering safepoint region: EnableBiasedLocking
[2019-12-09T02:25:03.071+0000][1][safepoint    ] Leaving safepoint region
[2019-12-09T02:25:03.071+0000][1][safepoint    ] Total time for which application threads were stopped: 0.0411777 seconds, Stopping threads took: 0.0410881 seconds
[2019-12-09T02:25:03.087+0000][1][safepoint    ] Application time: 0.0154404 seconds
[2019-12-09T02:25:03.087+0000][1][safepoint    ] Entering safepoint region: RevokeBias
[2019-12-09T02:25:03.087+0000][1][safepoint    ] Leaving safepoint region
[2019-12-09T02:25:03.087+0000][1][safepoint    ] Total time for which application threads were stopped: 0.0000930 seconds, Stopping threads took: 0.0000347 seconds
[2019-12-09T02:25:03.172+0000][1][safepoint    ] Application time: 0.0851481 seconds
[2019-12-09T02:25:03.172+0000][1][safepoint    ] Entering safepoint region: Deoptimize
[2019-12-09T02:25:03.172+0000][1][safepoint    ] Leaving safepoint region
[2019-12-09T02:25:03.172+0000][1][safepoint    ] Total time for which application threads were stopped: 0.0000552 seconds, Stopping threads took: 0.0000104 seconds
[2019-12-09T02:25:04.172+0000][1][safepoint    ] Application time: 1.0002820 seconds
[2019-12-09T02:25:04.199+0000][1][safepoint    ] Entering safepoint region: Cleanup
[2019-12-09T02:25:04.199+0000][1][safepoint    ] Leaving safepoint region
[2019-12-09T02:25:04.199+0000][1][safepoint    ] Total time for which application threads were stopped: 0.0263043 seconds, Stopping threads took: 0.0262616 seconds
[2019-12-09T02:25:04.211+0000][1][safepoint    ] Application time: 0.0118864 seconds
[2019-12-09T02:25:04.211+0000][1][safepoint    ] Entering safepoint region: Deoptimize
[2019-12-09T02:25:04.211+0000][1][safepoint    ] Leaving safepoint region
[2019-12-09T02:25:04.211+0000][1][safepoint    ] Total time for which application threads were stopped: 0.0000831 seconds, Stopping threads took: 0.0000097 seconds
[2019-12-09T02:25:05.213+0000][1][safepoint    ] Application time: 1.0018839 seconds
[2019-12-09T02:25:05.223+0000][1][safepoint    ] Entering safepoint region: Cleanup
[2019-12-09T02:25:05.223+0000][1][safepoint    ] Leaving safepoint region
[2019-12-09T02:25:05.223+0000][1][safepoint    ] Total time for which application threads were stopped: 0.0101274 seconds, Stopping threads took: 0.0100572 seconds
[2019-12-09T02:25:06.224+0000][1][safepoint    ] Application time: 1.0008448 seconds
[2019-12-09T02:25:06.224+0000][1][safepoint    ] Entering safepoint region: Cleanup
[2019-12-09T02:25:06.224+0000][1][safepoint    ] Leaving safepoint region
[2019-12-09T02:25:06.224+0000][1][safepoint    ] Total time for which application threads were stopped: 0.0000615 seconds, Stopping threads took: 0.0000121 seconds
[2019-12-09T02:25:06.991+0000][1][safepoint    ] Application time: 0.7674355 seconds
[2019-12-09T02:25:06.991+0000][1][safepoint    ] Entering safepoint region: Deoptimize
[2019-12-09T02:25:06.991+0000][1][safepoint    ] Leaving safepoint region
[2019-12-09T02:25:06.991+0000][1][safepoint    ] Total time for which application threads were stopped: 0.0001581 seconds, Stopping threads took: 0.0000107 seconds
[2019-12-09T02:25:07.245+0000][1][safepoint    ] Application time: 0.2531391 seconds
[2019-12-09T02:25:07.245+0000][1][safepoint    ] Entering safepoint region: Deoptimize
[2019-12-09T02:25:07.245+0000][1][safepoint    ] Leaving safepoint region
[2019-12-09T02:25:07.245+0000][1][safepoint    ] Total time for which application threads were stopped: 0.0001583 seconds, Stopping threads took: 0.0000108 seconds
[2019-12-09T02:25:07.722+0000][1][safepoint    ] Application time: 0.4769097 seconds
[2019-12-09T02:25:07.722+0000][1][safepoint    ] Entering safepoint region: Deoptimize
[2019-12-09T02:25:07.722+0000][1][safepoint    ] Leaving safepoint region
[2019-12-09T02:25:07.722+0000][1][safepoint    ] Total time for which application threads were stopped: 0.0001720 seconds, Stopping threads took: 0.0000100 seconds
[2019-12-09T02:25:07.940+0000][1][safepoint    ] Application time: 0.2179787 seconds
[2019-12-09T02:25:07.940+0000][1][safepoint    ] Entering safepoint region: Deoptimize
[2019-12-09T02:25:07.940+0000][1][safepoint    ] Leaving safepoint region
[2019-12-09T02:25:07.940+0000][1][safepoint    ] Total time for which application threads were stopped: 0.0001573 seconds, Stopping threads took: 0.0000115 seconds
[2019-12-09T02:25:08.941+0000][1][safepoint    ] Application time: 1.0005923 seconds
[2019-12-09T02:25:08.941+0000][1][safepoint    ] Entering safepoint region: Cleanup
[2019-12-09T02:25:08.941+0000][1][safepoint    ] Leaving safepoint region
[2019-12-09T02:25:08.941+0000][1][safepoint    ] Total time for which application threads were stopped: 0.0000933 seconds, Stopping threads took: 0.0000542 seconds
[2019-12-09T02:25:09.968+0000][1][safepoint    ] Application time: 1.0268986 seconds
[2019-12-09T02:25:09.968+0000][1][safepoint    ] Entering safepoint region: Cleanup
[2019-12-09T02:25:09.968+0000][1][safepoint    ] Leaving safepoint region
[2019-12-09T02:25:09.968+0000][1][safepoint    ] Total time for which application threads were stopped: 0.0001593 seconds, Stopping threads took: 0.0001026 seconds
[2019-12-09T02:25:10.969+0000][1][safepoint    ] Application time: 1.0007605 seconds
[2019-12-09T02:25:10.969+0000][1][safepoint    ] Entering safepoint region: Cleanup
[2019-12-09T02:25:10.969+0000][1][safepoint    ] Leaving safepoint region
[2019-12-09T02:25:10.969+0000][1][safepoint    ] Total time for which application threads were stopped: 0.0000675 seconds, Stopping threads took: 0.0000225 seconds
[2019-12-09T02:25:11.489+0000][1][safepoint    ] Application time: 0.5202251 seconds
[2019-12-09T02:25:11.489+0000][1][safepoint    ] Entering safepoint region: Deoptimize
[2019-12-09T02:25:11.489+0000][1][safepoint    ] Leaving safepoint region
[2019-12-09T02:25:11.489+0000][1][safepoint    ] Total time for which application threads were stopped: 0.0001927 seconds, Stopping threads took: 0.0000108 seconds
[2019-12-09T02:25:12.490+0000][1][safepoint    ] Application time: 1.0004435 seconds
[2019-12-09T02:25:12.490+0000][1][safepoint    ] Entering safepoint region: Cleanup
[2019-12-09T02:25:12.490+0000][1][safepoint    ] Leaving safepoint region
[2019-12-09T02:25:12.490+0000][1][safepoint    ] Total time for which application threads were stopped: 0.0000613 seconds, Stopping threads took: 0.0000158 seconds
[2019-12-09T02:25:13.497+0000][1][safepoint    ] Application time: 1.0068686 seconds
[2019-12-09T02:25:13.528+0000][1][safepoint    ] Entering safepoint region: Cleanup
[2019-12-09T02:25:13.528+0000][1][safepoint    ] Leaving safepoint region
[2019-12-09T02:25:13.528+0000][1][safepoint    ] Total time for which application threads were stopped: 0.0310921 seconds, Stopping threads took: 0.0310119 seconds
[2019-12-09T02:25:13.725+0000][1][safepoint    ] Application time: 0.1968699 seconds
[2019-12-09T02:25:13.725+0000][1][safepoint    ] Entering safepoint region: Deoptimize
[2019-12-09T02:25:13.725+0000][1][safepoint    ] Leaving safepoint region
[2019-12-09T02:25:13.725+0000][1][safepoint    ] Total time for which application threads were stopped: 0.0002414 seconds, Stopping threads took: 0.0000121 seconds
[2019-12-09T02:25:14.729+0000][1][safepoint    ] Application time: 1.0037221 seconds
[2019-12-09T02:25:14.774+0000][1][safepoint    ] Entering safepoint region: Cleanup
[2019-12-09T02:25:14.774+0000][1][safepoint    ] Leaving safepoint region
[2019-12-09T02:25:14.774+0000][1][safepoint    ] Total time for which application threads were stopped: 0.0451079 seconds, Stopping threads took: 0.0450299 seconds
[2019-12-09T02:25:14.896+0000][1][safepoint    ] Application time: 0.1221123 seconds
[2019-12-09T02:25:14.896+0000][1][safepoint    ] Entering safepoint region: Deoptimize
[2019-12-09T02:25:14.896+0000][1][safepoint    ] Leaving safepoint region
[2019-12-09T02:25:14.896+0000][1][safepoint    ] Total time for which application threads were stopped: 0.0002445 seconds, Stopping threads took: 0.0000116 seconds
[2019-12-09T02:25:14.896+0000][1][safepoint    ] Application time: 0.0001347 seconds
[2019-12-09T02:25:14.896+0000][1][safepoint    ] Entering safepoint region: Deoptimize
[2019-12-09T02:25:14.897+0000][1][safepoint    ] Leaving safepoint region
[2019-12-09T02:25:14.897+0000][1][safepoint    ] Total time for which application threads were stopped: 0.0001871 seconds, Stopping threads took: 0.0000090 seconds
[2019-12-09T02:25:15.105+0000][1][safepoint    ] Application time: 0.2081027 seconds
[2019-12-09T02:25:15.105+0000][1][safepoint    ] Entering safepoint region: Deoptimize
[2019-12-09T02:25:15.105+0000][1][safepoint    ] Leaving safepoint region
[2019-12-09T02:25:15.105+0000][1][safepoint    ] Total time for which application threads were stopped: 0.0002688 seconds, Stopping threads took: 0.0000123 seconds
[2019-12-09T02:25:15.164+0000][1][safepoint    ] Application time: 0.0586661 seconds
[2019-12-09T02:25:15.164+0000][1][safepoint    ] Entering safepoint region: RevokeBias
[2019-12-09T02:25:15.164+0000][1][safepoint    ] Leaving safepoint region
[2019-12-09T02:25:15.164+0000][1][safepoint    ] Total time for which application threads were stopped: 0.0000792 seconds, Stopping threads took: 0.0000218 seconds
[2019-12-09T02:25:15.169+0000][1][safepoint    ] Application time: 0.0050849 seconds
[2019-12-09T02:25:15.169+0000][1][safepoint    ] Entering safepoint region: RevokeBias
[2019-12-09T02:25:15.169+0000][1][safepoint    ] Leaving safepoint region
[2019-12-09T02:25:15.169+0000][1][safepoint    ] Total time for which application threads were stopped: 0.0000412 seconds, Stopping threads took: 0.0000104 seconds
[2019-12-09T02:25:15.169+0000][1][safepoint    ] Application time: 0.0000525 seconds
[2019-12-09T02:25:15.169+0000][1][safepoint    ] Entering safepoint region: RevokeBias
[2019-12-09T02:25:15.169+0000][1][safepoint    ] Leaving safepoint region
[2019-12-09T02:25:15.169+0000][1][safepoint    ] Total time for which application threads were stopped: 0.0000283 seconds, Stopping threads took: 0.0000074 seconds
[2019-12-09T02:25:15.169+0000][1][safepoint    ] Application time: 0.0000684 seconds
[2019-12-09T02:25:15.169+0000][1][safepoint    ] Entering safepoint region: RevokeBias
[2019-12-09T02:25:15.169+0000][1][safepoint    ] Leaving safepoint region
[2019-12-09T02:25:15.169+0000][1][safepoint    ] Total time for which application threads were stopped: 0.0000298 seconds, Stopping threads took: 0.0000075 seconds
[2019-12-09T02:25:15.169+0000][1][safepoint    ] Application time: 0.0001426 seconds
[2019-12-09T02:25:15.169+0000][1][safepoint    ] Entering safepoint region: RevokeBias
[2019-12-09T02:25:15.169+0000][1][safepoint    ] Leaving safepoint region
[2019-12-09T02:25:15.169+0000][1][safepoint    ] Total time for which application threads were stopped: 0.0000331 seconds, Stopping threads took: 0.0000079 seconds
[2019-12-09T02:25:16.180+0000][1][safepoint    ] Application time: 1.0103321 seconds
[2019-12-09T02:25:16.240+0000][1][safepoint    ] Entering safepoint region: Cleanup
[2019-12-09T02:25:16.240+0000][1][safepoint    ] Leaving safepoint region
[2019-12-09T02:25:16.240+0000][1][safepoint    ] Total time for which application threads were stopped: 0.0601223 seconds, Stopping threads took: 0.0600568 seconds
[2019-12-09T02:25:16.658+0000][1][safepoint    ] Application time: 0.4182441 seconds
[2019-12-09T02:25:16.658+0000][1][safepoint    ] Entering safepoint region: GenCollectForAllocation
[2019-12-09T02:25:16.658+0000][1][gc,start     ] GC(0) Pause Young (Allocation Failure)
[2019-12-09T02:25:16.658+0000][1][gc,task      ] GC(0) Using 2 workers of 2 for evacuation
[2019-12-09T02:25:16.817+0000][1][gc,age       ] GC(0) Desired survivor size 4456448 bytes, new threshold 1 (max threshold 6)
[2019-12-09T02:25:16.817+0000][1][gc,age       ] GC(0) Age table with threshold 1 (max threshold 6)
[2019-12-09T02:25:16.817+0000][1][gc,age       ] GC(0) - age   1:    6493120 bytes,    6493120 total
[2019-12-09T02:25:16.817+0000][1][gc,heap      ] GC(0) ParNew: 69952K->6387K(78656K)
[2019-12-09T02:25:16.817+0000][1][gc,heap      ] GC(0) CMS: 0K->0K(174784K)
[2019-12-09T02:25:16.817+0000][1][gc,metaspace ] GC(0) Metaspace: 12700K->12700K(1060864K)
[2019-12-09T02:25:16.817+0000][1][gc           ] GC(0) Pause Young (Allocation Failure) 68M->6M(247M) 158.862ms
[2019-12-09T02:25:16.817+0000][1][gc,cpu       ] GC(0) User=0.02s Sys=0.00s Real=0.16s
[2019-12-09T02:25:16.817+0000][1][safepoint    ] Leaving safepoint region
[2019-12-09T02:25:16.817+0000][1][safepoint    ] Total time for which application threads were stopped: 0.1589980 seconds, Stopping threads took: 0.0000134 seconds
[2019-12-09T02:25:16.831+0000][1][safepoint    ] Application time: 0.0135291 seconds
[2019-12-09T02:25:16.831+0000][1][safepoint    ] Entering safepoint region: RevokeBias
[2019-12-09T02:25:16.831+0000][1][safepoint    ] Leaving safepoint region
[2019-12-09T02:25:16.831+0000][1][safepoint    ] Total time for which application threads were stopped: 0.0001139 seconds, Stopping threads took: 0.0000121 seconds
[2019-12-09T02:25:16.831+0000][1][safepoint    ] Application time: 0.0001223 seconds
[2019-12-09T02:25:16.831+0000][1][safepoint    ] Entering safepoint region: RevokeBias
[2019-12-09T02:25:16.831+0000][1][safepoint    ] Leaving safepoint region
[2019-12-09T02:25:16.831+0000][1][safepoint    ] Total time for which application threads were stopped: 0.0000641 seconds, Stopping threads took: 0.0000090 seconds
[2019-12-09T02:25:16.831+0000][1][safepoint    ] Application time: 0.0000567 seconds
[2019-12-09T02:25:16.831+0000][1][safepoint    ] Entering safepoint region: RevokeBias
[2019-12-09T02:25:16.831+0000][1][safepoint    ] Leaving safepoint region
[2019-12-09T02:25:16.831+0000][1][safepoint    ] Total time for which application threads were stopped: 0.0000509 seconds, Stopping threads took: 0.0000073 seconds
[2019-12-09T02:25:16.831+0000][1][safepoint    ] Application time: 0.0000474 seconds
[2019-12-09T02:25:16.831+0000][1][safepoint    ] Entering safepoint region: RevokeBias
[2019-12-09T02:25:16.831+0000][1][safepoint    ] Leaving safepoint region
[2019-12-09T02:25:16.831+0000][1][safepoint    ] Total time for which application threads were stopped: 0.0000513 seconds, Stopping threads took: 0.0000073 seconds
[2019-12-09T02:25:16.831+0000][1][safepoint    ] Application time: 0.0000544 seconds
[2019-12-09T02:25:16.831+0000][1][safepoint    ] Entering safepoint region: RevokeBias
[2019-12-09T02:25:16.831+0000][1][safepoint    ] Leaving safepoint region
[2019-12-09T02:25:16.831+0000][1][safepoint    ] Total time for which application threads were stopped: 0.0000505 seconds, Stopping threads took: 0.0000076 seconds
[2019-12-09T02:25:16.831+0000][1][safepoint    ] Application time: 0.0000465 seconds
[2019-12-09T02:25:16.831+0000][1][safepoint    ] Entering safepoint region: RevokeBias
[2019-12-09T02:25:16.832+0000][1][safepoint    ] Leaving safepoint region
[2019-12-09T02:25:16.832+0000][1][safepoint    ] Total time for which application threads were stopped: 0.0000467 seconds, Stopping threads took: 0.0000068 seconds
[2019-12-09T02:25:16.832+0000][1][safepoint    ] Application time: 0.0000501 seconds
[2019-12-09T02:25:16.832+0000][1][safepoint    ] Entering safepoint region: RevokeBias
[2019-12-09T02:25:16.832+0000][1][safepoint    ] Leaving safepoint region
[2019-12-09T02:25:16.832+0000][1][safepoint    ] Total time for which application threads were stopped: 0.0000468 seconds, Stopping threads took: 0.0000071 seconds
[2019-12-09T02:25:16.832+0000][1][safepoint    ] Application time: 0.0000592 seconds
[2019-12-09T02:25:16.832+0000][1][safepoint    ] Entering safepoint region: RevokeBias
[2019-12-09T02:25:16.832+0000][1][safepoint    ] Leaving safepoint region
[2019-12-09T02:25:16.832+0000][1][safepoint    ] Total time for which application threads were stopped: 0.0000477 seconds, Stopping threads took: 0.0000074 seconds
[2019-12-09T02:25:16.832+0000][1][safepoint    ] Application time: 0.0000525 seconds
[2019-12-09T02:25:16.832+0000][1][safepoint    ] Entering safepoint region: RevokeBias
[2019-12-09T02:25:16.832+0000][1][safepoint    ] Leaving safepoint region
[2019-12-09T02:25:16.832+0000][1][safepoint    ] Total time for which application threads were stopped: 0.0000601 seconds, Stopping threads took: 0.0000148 seconds
[2019-12-09T02:25:16.832+0000][1][safepoint    ] Application time: 0.0000457 seconds
[2019-12-09T02:25:16.832+0000][1][safepoint    ] Entering safepoint region: RevokeBias
[2019-12-09T02:25:16.832+0000][1][safepoint    ] Leaving safepoint region
[2019-12-09T02:25:16.832+0000][1][safepoint    ] Total time for which application threads were stopped: 0.0000491 seconds, Stopping threads took: 0.0000073 seconds
[2019-12-09T02:25:16.832+0000][1][safepoint    ] Application time: 0.0000503 seconds
[2019-12-09T02:25:16.832+0000][1][safepoint    ] Entering safepoint region: RevokeBias
[2019-12-09T02:25:16.832+0000][1][safepoint    ] Leaving safepoint region
[2019-12-09T02:25:16.832+0000][1][safepoint    ] Total time for which application threads were stopped: 0.0000478 seconds, Stopping threads took: 0.0000070 seconds
[2019-12-09T02:25:16.832+0000][1][safepoint    ] Application time: 0.0000454 seconds
[2019-12-09T02:25:16.832+0000][1][safepoint    ] Entering safepoint region: RevokeBias
[2019-12-09T02:25:16.832+0000][1][safepoint    ] Leaving safepoint region
[2019-12-09T02:25:16.832+0000][1][safepoint    ] Total time for which application threads were stopped: 0.0000455 seconds, Stopping threads took: 0.0000070 seconds
[2019-12-09T02:25:16.832+0000][1][safepoint    ] Application time: 0.0000514 seconds
[2019-12-09T02:25:16.832+0000][1][safepoint    ] Entering safepoint region: RevokeBias
[2019-12-09T02:25:16.832+0000][1][safepoint    ] Leaving safepoint region
[2019-12-09T02:25:16.832+0000][1][safepoint    ] Total time for which application threads were stopped: 0.0000488 seconds, Stopping threads took: 0.0000071 seconds
[2019-12-09T02:25:16.832+0000][1][safepoint    ] Application time: 0.0000457 seconds
[2019-12-09T02:25:16.832+0000][1][safepoint    ] Entering safepoint region: RevokeBias
[2019-12-09T02:25:16.832+0000][1][safepoint    ] Leaving safepoint region
[2019-12-09T02:25:16.832+0000][1][safepoint    ] Total time for which application threads were stopped: 0.0000461 seconds, Stopping threads took: 0.0000070 seconds
[2019-12-09T02:25:16.832+0000][1][safepoint    ] Application time: 0.0000516 seconds
[2019-12-09T02:25:16.833+0000][1][safepoint    ] Entering safepoint region: RevokeBias
[2019-12-09T02:25:16.833+0000][1][safepoint    ] Leaving safepoint region
[2019-12-09T02:25:16.833+0000][1][safepoint    ] Total time for which application threads were stopped: 0.0000476 seconds, Stopping threads took: 0.0000074 seconds
[2019-12-09T02:25:16.833+0000][1][safepoint    ] Application time: 0.0000455 seconds
[2019-12-09T02:25:16.833+0000][1][safepoint    ] Entering safepoint region: RevokeBias
[2019-12-09T02:25:16.833+0000][1][safepoint    ] Leaving safepoint region
[2019-12-09T02:25:16.833+0000][1][safepoint    ] Total time for which application threads were stopped: 0.0000459 seconds, Stopping threads took: 0.0000074 seconds
[2019-12-09T02:25:16.833+0000][1][safepoint    ] Application time: 0.0000686 seconds
[2019-12-09T02:25:16.833+0000][1][safepoint    ] Entering safepoint region: RevokeBias
[2019-12-09T02:25:16.833+0000][1][safepoint    ] Leaving safepoint region
[2019-12-09T02:25:16.833+0000][1][safepoint    ] Total time for which application threads were stopped: 0.0000460 seconds, Stopping threads took: 0.0000066 seconds
[2019-12-09T02:25:16.833+0000][1][safepoint    ] Application time: 0.0000457 seconds
[2019-12-09T02:25:16.833+0000][1][safepoint    ] Entering safepoint region: RevokeBias
[2019-12-09T02:25:16.833+0000][1][safepoint    ] Leaving safepoint region
[2019-12-09T02:25:16.833+0000][1][safepoint    ] Total time for which application threads were stopped: 0.0000433 seconds, Stopping threads took: 0.0000071 seconds
[2019-12-09T02:25:16.833+0000][1][safepoint    ] Application time: 0.0000723 seconds
[2019-12-09T02:25:16.833+0000][1][safepoint    ] Entering safepoint region: RevokeBias
[2019-12-09T02:25:16.833+0000][1][safepoint    ] Leaving safepoint region
[2019-12-09T02:25:16.833+0000][1][safepoint    ] Total time for which application threads were stopped: 0.0000523 seconds, Stopping threads took: 0.0000122 seconds
[2019-12-09T02:25:16.833+0000][1][safepoint    ] Application time: 0.0000451 seconds
[2019-12-09T02:25:16.833+0000][1][safepoint    ] Entering safepoint region: RevokeBias
[2019-12-09T02:25:16.833+0000][1][safepoint    ] Leaving safepoint region
[2019-12-09T02:25:16.833+0000][1][safepoint    ] Total time for which application threads were stopped: 0.0000414 seconds, Stopping threads took: 0.0000061 seconds
[2019-12-09T02:25:16.833+0000][1][safepoint    ] Application time: 0.0000511 seconds
[2019-12-09T02:25:16.833+0000][1][safepoint    ] Entering safepoint region: RevokeBias
[2019-12-09T02:25:16.833+0000][1][safepoint    ] Leaving safepoint region
[2019-12-09T02:25:16.833+0000][1][safepoint    ] Total time for which application threads were stopped: 0.0000424 seconds, Stopping threads took: 0.0000062 seconds
[2019-12-09T02:25:16.833+0000][1][safepoint    ] Application time: 0.0000445 seconds
[2019-12-09T02:25:16.833+0000][1][safepoint    ] Entering safepoint region: RevokeBias
[2019-12-09T02:25:16.833+0000][1][safepoint    ] Leaving safepoint region
[2019-12-09T02:25:16.833+0000][1][safepoint    ] Total time for which application threads were stopped: 0.0000427 seconds, Stopping threads took: 0.0000063 seconds
[2019-12-09T02:25:16.833+0000][1][safepoint    ] Application time: 0.0000528 seconds
[2019-12-09T02:25:16.833+0000][1][safepoint    ] Entering safepoint region: RevokeBias
[2019-12-09T02:25:16.833+0000][1][safepoint    ] Leaving safepoint region
[2019-12-09T02:25:16.833+0000][1][safepoint    ] Total time for which application threads were stopped: 0.0000459 seconds, Stopping threads took: 0.0000071 seconds
[2019-12-09T02:25:16.834+0000][1][safepoint    ] Application time: 0.0000452 seconds
[2019-12-09T02:25:16.834+0000][1][safepoint    ] Entering safepoint region: RevokeBias
[2019-12-09T02:25:16.834+0000][1][safepoint    ] Leaving safepoint region
[2019-12-09T02:25:16.834+0000][1][safepoint    ] Total time for which application threads were stopped: 0.0000434 seconds, Stopping threads took: 0.0000065 seconds
[2019-12-09T02:25:16.834+0000][1][safepoint    ] Application time: 0.0000709 seconds
[2019-12-09T02:25:16.834+0000][1][safepoint    ] Entering safepoint region: RevokeBias
[2019-12-09T02:25:16.834+0000][1][safepoint    ] Leaving safepoint region
[2019-12-09T02:25:16.834+0000][1][safepoint    ] Total time for which application threads were stopped: 0.0000634 seconds, Stopping threads took: 0.0000070 seconds
[2019-12-09T02:25:16.834+0000][1][safepoint    ] Application time: 0.0000478 seconds
[2019-12-09T02:25:16.834+0000][1][safepoint    ] Entering safepoint region: RevokeBias
[2019-12-09T02:25:16.834+0000][1][safepoint    ] Leaving safepoint region
[2019-12-09T02:25:16.834+0000][1][safepoint    ] Total time for which application threads were stopped: 0.0000473 seconds, Stopping threads took: 0.0000070 seconds
[2019-12-09T02:25:16.834+0000][1][safepoint    ] Application time: 0.0003388 seconds
[2019-12-09T02:25:16.834+0000][1][safepoint    ] Entering safepoint region: RevokeBias
[2019-12-09T02:25:16.834+0000][1][safepoint    ] Leaving safepoint region
[2019-12-09T02:25:16.834+0000][1][safepoint    ] Total time for which application threads were stopped: 0.0000622 seconds, Stopping threads took: 0.0000084 seconds
[2019-12-09T02:25:16.834+0000][1][safepoint    ] Application time: 0.0000489 seconds
[2019-12-09T02:25:16.834+0000][1][safepoint    ] Entering safepoint region: RevokeBias
[2019-12-09T02:25:16.834+0000][1][safepoint    ] Leaving safepoint region
[2019-12-09T02:25:16.834+0000][1][safepoint    ] Total time for which application threads were stopped: 0.0000488 seconds, Stopping threads took: 0.0000068 seconds
[2019-12-09T02:25:16.834+0000][1][safepoint    ] Application time: 0.0000607 seconds
[2019-12-09T02:25:16.834+0000][1][safepoint    ] Entering safepoint region: RevokeBias
[2019-12-09T02:25:16.834+0000][1][safepoint    ] Leaving safepoint region
[2019-12-09T02:25:16.834+0000][1][safepoint    ] Total time for which application threads were stopped: 0.0000574 seconds, Stopping threads took: 0.0000131 seconds
[2019-12-09T02:25:16.835+0000][1][safepoint    ] Application time: 0.0000478 seconds
[2019-12-09T02:25:16.835+0000][1][safepoint    ] Entering safepoint region: RevokeBias
[2019-12-09T02:25:16.835+0000][1][safepoint    ] Leaving safepoint region
[2019-12-09T02:25:16.835+0000][1][safepoint    ] Total time for which application threads were stopped: 0.0000481 seconds, Stopping threads took: 0.0000072 seconds
[2019-12-09T02:25:18.000+0000][1][safepoint    ] Application time: 1.1651101 seconds
[2019-12-09T02:25:18.000+0000][1][safepoint    ] Entering safepoint region: Cleanup
[2019-12-09T02:25:18.000+0000][1][safepoint    ] Leaving safepoint region
[2019-12-09T02:25:18.000+0000][1][safepoint    ] Total time for which application threads were stopped: 0.0001808 seconds, Stopping threads took: 0.0000866 seconds
[2019-12-09T02:25:18.551+0000][1][safepoint    ] Application time: 0.5511745 seconds
[2019-12-09T02:25:18.551+0000][1][safepoint    ] Entering safepoint region: Deoptimize
[2019-12-09T02:25:18.552+0000][1][safepoint    ] Leaving safepoint region
[2019-12-09T02:25:18.552+0000][1][safepoint    ] Total time for which application threads were stopped: 0.0003918 seconds, Stopping threads took: 0.0000135 seconds
[2019-12-09T02:25:19.587+0000][1][safepoint    ] Application time: 1.0351612 seconds
[2019-12-09T02:25:19.689+0000][1][safepoint    ] Entering safepoint region: Cleanup
[2019-12-09T02:25:19.689+0000][1][safepoint    ] Leaving safepoint region
[2019-12-09T02:25:19.689+0000][1][safepoint    ] Total time for which application threads were stopped: 0.1020995 seconds, Stopping threads took: 0.1020051 seconds
[2019-12-09T02:25:19.957+0000][1][safepoint    ] Application time: 0.2678567 seconds
[2019-12-09T02:25:19.957+0000][1][safepoint    ] Entering safepoint region: RevokeBias
[2019-12-09T02:25:19.957+0000][1][safepoint    ] Leaving safepoint region
[2019-12-09T02:25:19.957+0000][1][safepoint    ] Total time for which application threads were stopped: 0.0000783 seconds, Stopping threads took: 0.0000131 seconds
[2019-12-09T02:25:20.959+0000][1][safepoint    ] Application time: 1.0018788 seconds
[2019-12-09T02:25:20.959+0000][1][safepoint    ] Entering safepoint region: Cleanup
[2019-12-09T02:25:20.959+0000][1][safepoint    ] Leaving safepoint region
[2019-12-09T02:25:20.959+0000][1][safepoint    ] Total time for which application threads were stopped: 0.0000796 seconds, Stopping threads took: 0.0000255 seconds
[2019-12-09T02:25:21.137+0000][1][safepoint    ] Application time: 0.1778700 seconds
[2019-12-09T02:25:21.137+0000][1][safepoint    ] Entering safepoint region: GenCollectForAllocation
[2019-12-09T02:25:21.137+0000][1][gc,start     ] GC(1) Pause Young (Allocation Failure)
[2019-12-09T02:25:21.137+0000][1][gc,task      ] GC(1) Using 2 workers of 2 for evacuation
[2019-12-09T02:25:21.442+0000][1][gc,age       ] GC(1) Desired survivor size 4456448 bytes, new threshold 6 (max threshold 6)
[2019-12-09T02:25:21.442+0000][1][gc,age       ] GC(1) Age table with threshold 6 (max threshold 6)
[2019-12-09T02:25:21.442+0000][1][gc,age       ] GC(1) - age   1:    1372088 bytes,    1372088 total
[2019-12-09T02:25:21.442+0000][1][gc,heap      ] GC(1) ParNew: 76339K->4097K(78656K)
[2019-12-09T02:25:21.442+0000][1][gc,heap      ] GC(1) CMS: 0K->6839K(174784K)
[2019-12-09T02:25:21.442+0000][1][gc,metaspace ] GC(1) Metaspace: 14815K->14815K(1062912K)
[2019-12-09T02:25:21.442+0000][1][gc           ] GC(1) Pause Young (Allocation Failure) 74M->10M(247M) 305.002ms
[2019-12-09T02:25:21.442+0000][1][gc,cpu       ] GC(1) User=0.06s Sys=0.00s Real=0.30s
[2019-12-09T02:25:21.442+0000][1][safepoint    ] Leaving safepoint region
[2019-12-09T02:25:21.442+0000][1][safepoint    ] Total time for which application threads were stopped: 0.3051364 seconds, Stopping threads took: 0.0000127 seconds
[2019-12-09T02:25:21.453+0000][1][safepoint    ] Application time: 0.0108197 seconds
[2019-12-09T02:25:21.498+0000][1][safepoint    ] Entering safepoint region: BulkRevokeBias
[2019-12-09T02:25:21.498+0000][1][safepoint    ] Leaving safepoint region
[2019-12-09T02:25:21.498+0000][1][safepoint    ] Total time for which application threads were stopped: 0.0451465 seconds, Stopping threads took: 0.0449938 seconds
[2019-12-09T02:25:21.502+0000][1][safepoint    ] Application time: 0.0038074 seconds
[2019-12-09T02:25:21.526+0000][1][safepoint    ] Entering safepoint region: RevokeBias
[2019-12-09T02:25:21.526+0000][1][safepoint    ] Leaving safepoint region
[2019-12-09T02:25:21.526+0000][1][safepoint    ] Total time for which application threads were stopped: 0.0241191 seconds, Stopping threads took: 0.0240339 seconds
[2019-12-09T02:25:21.526+0000][1][safepoint    ] Application time: 0.0000983 seconds
[2019-12-09T02:25:21.526+0000][1][safepoint    ] Entering safepoint region: RevokeBias
[2019-12-09T02:25:21.526+0000][1][safepoint    ] Leaving safepoint region
[2019-12-09T02:25:21.526+0000][1][safepoint    ] Total time for which application threads were stopped: 0.0000658 seconds, Stopping threads took: 0.0000102 seconds
[2019-12-09T02:25:21.526+0000][1][safepoint    ] Application time: 0.0000534 seconds
[2019-12-09T02:25:21.526+0000][1][safepoint    ] Entering safepoint region: RevokeBias
[2019-12-09T02:25:21.526+0000][1][safepoint    ] Leaving safepoint region
[2019-12-09T02:25:21.526+0000][1][safepoint    ] Total time for which application threads were stopped: 0.0000556 seconds, Stopping threads took: 0.0000082 seconds
[2019-12-09T02:25:21.526+0000][1][safepoint    ] Application time: 0.0000582 seconds
[2019-12-09T02:25:21.526+0000][1][safepoint    ] Entering safepoint region: RevokeBias
[2019-12-09T02:25:21.526+0000][1][safepoint    ] Leaving safepoint region
[2019-12-09T02:25:21.526+0000][1][safepoint    ] Total time for which application threads were stopped: 0.0000562 seconds, Stopping threads took: 0.0000085 seconds
[2019-12-09T02:25:21.526+0000][1][safepoint    ] Application time: 0.0000551 seconds
[2019-12-09T02:25:21.526+0000][1][safepoint    ] Entering safepoint region: RevokeBias
[2019-12-09T02:25:21.526+0000][1][safepoint    ] Leaving safepoint region
[2019-12-09T02:25:21.526+0000][1][safepoint    ] Total time for which application threads were stopped: 0.0000474 seconds, Stopping threads took: 0.0000071 seconds
[2019-12-09T02:25:21.526+0000][1][safepoint    ] Application time: 0.0000520 seconds
[2019-12-09T02:25:21.526+0000][1][safepoint    ] Entering safepoint region: BulkRevokeBias
[2019-12-09T02:25:21.527+0000][1][safepoint    ] Leaving safepoint region
[2019-12-09T02:25:21.527+0000][1][safepoint    ] Total time for which application threads were stopped: 0.0000835 seconds, Stopping threads took: 0.0000075 seconds
[2019-12-09T02:25:21.527+0000][1][safepoint    ] Application time: 0.0000457 seconds
[2019-12-09T02:25:21.527+0000][1][safepoint    ] Entering safepoint region: RevokeBias
[2019-12-09T02:25:21.527+0000][1][safepoint    ] Leaving safepoint region
[2019-12-09T02:25:21.527+0000][1][safepoint    ] Total time for which application threads were stopped: 0.0000649 seconds, Stopping threads took: 0.0000072 seconds
[2019-12-09T02:25:21.527+0000][1][safepoint    ] Application time: 0.0000527 seconds
[2019-12-09T02:25:21.527+0000][1][safepoint    ] Entering safepoint region: BulkRevokeBias
[2019-12-09T02:25:21.527+0000][1][safepoint    ] Leaving safepoint region
[2019-12-09T02:25:21.527+0000][1][safepoint    ] Total time for which application threads were stopped: 0.0000757 seconds, Stopping threads took: 0.0000068 seconds
[2019-12-09T02:25:22.380+0000][1][safepoint    ] Application time: 0.8530943 seconds
[2019-12-09T02:25:22.380+0000][1][safepoint    ] Entering safepoint region: GenCollectForAllocation
[2019-12-09T02:25:22.380+0000][1][gc,start     ] GC(2) Pause Young (Allocation Failure)
[2019-12-09T02:25:22.380+0000][1][gc,task      ] GC(2) Using 2 workers of 2 for evacuation
[2019-12-09T02:25:22.508+0000][1][gc,age       ] GC(2) Desired survivor size 4456448 bytes, new threshold 6 (max threshold 6)
[2019-12-09T02:25:22.508+0000][1][gc,age       ] GC(2) Age table with threshold 6 (max threshold 6)
[2019-12-09T02:25:22.508+0000][1][gc,age       ] GC(2) - age   1:     734184 bytes,     734184 total
[2019-12-09T02:25:22.508+0000][1][gc,age       ] GC(2) - age   2:    1109184 bytes,    1843368 total
[2019-12-09T02:25:22.508+0000][1][gc,heap      ] GC(2) ParNew: 74049K->2718K(78656K)
[2019-12-09T02:25:22.508+0000][1][gc,heap      ] GC(2) CMS: 6839K->6839K(174784K)
[2019-12-09T02:25:22.508+0000][1][gc,metaspace ] GC(2) Metaspace: 14893K->14893K(1062912K)
[2019-12-09T02:25:22.508+0000][1][gc           ] GC(2) Pause Young (Allocation Failure) 78M->9M(247M) 127.777ms
[2019-12-09T02:25:22.508+0000][1][gc,cpu       ] GC(2) User=0.01s Sys=0.00s Real=0.13s
[2019-12-09T02:25:22.508+0000][1][safepoint    ] Leaving safepoint region
[2019-12-09T02:25:22.508+0000][1][safepoint    ] Total time for which application threads were stopped: 0.1280441 seconds, Stopping threads took: 0.0001228 seconds
[2019-12-09T02:25:22.515+0000][1][safepoint    ] Application time: 0.0068129 seconds
[2019-12-09T02:25:22.551+0000][1][safepoint    ] Entering safepoint region: RevokeBias
[2019-12-09T02:25:22.551+0000][1][safepoint    ] Leaving safepoint region
[2019-12-09T02:25:22.551+0000][1][safepoint    ] Total time for which application threads were stopped: 0.0360523 seconds, Stopping threads took: 0.0359374 seconds
[2019-12-09T02:25:22.551+0000][1][safepoint    ] Application time: 0.0000645 seconds
[2019-12-09T02:25:22.551+0000][1][safepoint    ] Entering safepoint region: RevokeBias
[2019-12-09T02:25:22.551+0000][1][safepoint    ] Leaving safepoint region
[2019-12-09T02:25:22.551+0000][1][safepoint    ] Total time for which application threads were stopped: 0.0000785 seconds, Stopping threads took: 0.0000074 seconds
[2019-12-09T02:25:22.551+0000][1][safepoint    ] Application time: 0.0000620 seconds
[2019-12-09T02:25:22.551+0000][1][safepoint    ] Entering safepoint region: RevokeBias
[2019-12-09T02:25:22.551+0000][1][safepoint    ] Leaving safepoint region
[2019-12-09T02:25:22.551+0000][1][safepoint    ] Total time for which application threads were stopped: 0.0000733 seconds, Stopping threads took: 0.0000069 seconds
[2019-12-09T02:25:22.551+0000][1][safepoint    ] Application time: 0.0000438 seconds
[2019-12-09T02:25:22.551+0000][1][safepoint    ] Entering safepoint region: RevokeBias
[2019-12-09T02:25:22.551+0000][1][safepoint    ] Leaving safepoint region
[2019-12-09T02:25:22.551+0000][1][safepoint    ] Total time for which application threads were stopped: 0.0000685 seconds, Stopping threads took: 0.0000064 seconds
[2019-12-09T02:25:22.551+0000][1][safepoint    ] Application time: 0.0000475 seconds
[2019-12-09T02:25:22.551+0000][1][safepoint    ] Entering safepoint region: RevokeBias
[2019-12-09T02:25:22.551+0000][1][safepoint    ] Leaving safepoint region
[2019-12-09T02:25:22.551+0000][1][safepoint    ] Total time for which application threads were stopped: 0.0000698 seconds, Stopping threads took: 0.0000064 seconds
[2019-12-09T02:25:22.552+0000][1][safepoint    ] Application time: 0.0000439 seconds
[2019-12-09T02:25:22.552+0000][1][safepoint    ] Entering safepoint region: RevokeBias
[2019-12-09T02:25:22.552+0000][1][safepoint    ] Leaving safepoint region
[2019-12-09T02:25:22.552+0000][1][safepoint    ] Total time for which application threads were stopped: 0.0001064 seconds, Stopping threads took: 0.0000068 seconds
[2019-12-09T02:25:22.552+0000][1][safepoint    ] Application time: 0.0000679 seconds
[2019-12-09T02:25:22.552+0000][1][safepoint    ] Entering safepoint region: RevokeBias
[2019-12-09T02:25:22.552+0000][1][safepoint    ] Leaving safepoint region
[2019-12-09T02:25:22.552+0000][1][safepoint    ] Total time for which application threads were stopped: 0.0000870 seconds, Stopping threads took: 0.0000071 seconds
[2019-12-09T02:25:22.552+0000][1][safepoint    ] Application time: 0.0000457 seconds
[2019-12-09T02:25:22.552+0000][1][safepoint    ] Entering safepoint region: RevokeBias
[2019-12-09T02:25:22.552+0000][1][safepoint    ] Leaving safepoint region
[2019-12-09T02:25:22.552+0000][1][safepoint    ] Total time for which application threads were stopped: 0.0001043 seconds, Stopping threads took: 0.0000145 seconds
[2019-12-09T02:25:22.552+0000][1][safepoint    ] Application time: 0.0000566 seconds
[2019-12-09T02:25:22.552+0000][1][safepoint    ] Entering safepoint region: RevokeBias
[2019-12-09T02:25:22.552+0000][1][safepoint    ] Leaving safepoint region
[2019-12-09T02:25:22.552+0000][1][safepoint    ] Total time for which application threads were stopped: 0.0000898 seconds, Stopping threads took: 0.0000069 seconds
[2019-12-09T02:25:22.552+0000][1][safepoint    ] Application time: 0.0000451 seconds
[2019-12-09T02:25:22.552+0000][1][safepoint    ] Entering safepoint region: RevokeBias
[2019-12-09T02:25:22.552+0000][1][safepoint    ] Leaving safepoint region
[2019-12-09T02:25:22.552+0000][1][safepoint    ] Total time for which application threads were stopped: 0.0000745 seconds, Stopping threads took: 0.0000068 seconds
[2019-12-09T02:25:22.552+0000][1][safepoint    ] Application time: 0.0000480 seconds
[2019-12-09T02:25:22.552+0000][1][safepoint    ] Entering safepoint region: RevokeBias
[2019-12-09T02:25:22.552+0000][1][safepoint    ] Leaving safepoint region
[2019-12-09T02:25:22.552+0000][1][safepoint    ] Total time for which application threads were stopped: 0.0000733 seconds, Stopping threads took: 0.0000068 seconds
[2019-12-09T02:25:22.552+0000][1][safepoint    ] Application time: 0.0000443 seconds
[2019-12-09T02:25:22.552+0000][1][safepoint    ] Entering safepoint region: RevokeBias
[2019-12-09T02:25:22.553+0000][1][safepoint    ] Leaving safepoint region
[2019-12-09T02:25:22.553+0000][1][safepoint    ] Total time for which application threads were stopped: 0.0000725 seconds, Stopping threads took: 0.0000070 seconds
[2019-12-09T02:25:22.553+0000][1][safepoint    ] Application time: 0.0000476 seconds
[2019-12-09T02:25:22.553+0000][1][safepoint    ] Entering safepoint region: RevokeBias
[2019-12-09T02:25:22.553+0000][1][safepoint    ] Leaving safepoint region
[2019-12-09T02:25:22.553+0000][1][safepoint    ] Total time for which application threads were stopped: 0.0000731 seconds, Stopping threads took: 0.0000071 seconds
[2019-12-09T02:25:22.553+0000][1][safepoint    ] Application time: 0.0000452 seconds
[2019-12-09T02:25:22.553+0000][1][safepoint    ] Entering safepoint region: RevokeBias
[2019-12-09T02:25:22.553+0000][1][safepoint    ] Leaving safepoint region
[2019-12-09T02:25:22.553+0000][1][safepoint    ] Total time for which application threads were stopped: 0.0000796 seconds, Stopping threads took: 0.0000146 seconds
[2019-12-09T02:25:22.553+0000][1][safepoint    ] Application time: 0.0000472 seconds
[2019-12-09T02:25:22.553+0000][1][safepoint    ] Entering safepoint region: RevokeBias
[2019-12-09T02:25:22.553+0000][1][safepoint    ] Leaving safepoint region
[2019-12-09T02:25:22.553+0000][1][safepoint    ] Total time for which application threads were stopped: 0.0000701 seconds, Stopping threads took: 0.0000068 seconds
[2019-12-09T02:25:22.553+0000][1][safepoint    ] Application time: 0.0000424 seconds
[2019-12-09T02:25:22.553+0000][1][safepoint    ] Entering safepoint region: RevokeBias
[2019-12-09T02:25:22.553+0000][1][safepoint    ] Leaving safepoint region
[2019-12-09T02:25:22.553+0000][1][safepoint    ] Total time for which application threads were stopped: 0.0000686 seconds, Stopping threads took: 0.0000066 seconds
[2019-12-09T02:25:23.763+0000][1][safepoint    ] Application time: 1.2094063 seconds
[2019-12-09T02:25:23.763+0000][1][safepoint    ] Entering safepoint region: Deoptimize
[2019-12-09T02:25:23.763+0000][1][safepoint    ] Leaving safepoint region
[2019-12-09T02:25:23.763+0000][1][safepoint    ] Total time for which application threads were stopped: 0.0004329 seconds, Stopping threads took: 0.0000217 seconds
[2019-12-09T02:25:23.797+0000][1][safepoint    ] Application time: 0.0344397 seconds
[2019-12-09T02:25:23.797+0000][1][safepoint    ] Entering safepoint region: Deoptimize
[2019-12-09T02:25:23.798+0000][1][safepoint    ] Leaving safepoint region
[2019-12-09T02:25:23.798+0000][1][safepoint    ] Total time for which application threads were stopped: 0.0003967 seconds, Stopping threads took: 0.0000222 seconds
[2019-12-09T02:25:24.806+0000][1][safepoint    ] Application time: 1.0078489 seconds
[2019-12-09T02:25:24.806+0000][1][safepoint    ] Entering safepoint region: Cleanup
[2019-12-09T02:25:24.806+0000][1][safepoint    ] Leaving safepoint region
[2019-12-09T02:25:24.806+0000][1][safepoint    ] Total time for which application threads were stopped: 0.0001513 seconds, Stopping threads took: 0.0000814 seconds
[2019-12-09T02:25:25.837+0000][1][safepoint    ] Application time: 1.0308087 seconds
[2019-12-09T02:25:25.885+0000][1][safepoint    ] Entering safepoint region: Cleanup
[2019-12-09T02:25:25.885+0000][1][safepoint    ] Leaving safepoint region
[2019-12-09T02:25:25.885+0000][1][safepoint    ] Total time for which application threads were stopped: 0.0485073 seconds, Stopping threads took: 0.0484324 seconds
[2019-12-09T02:25:26.448+0000][1][safepoint    ] Application time: 0.5624339 seconds
[2019-12-09T02:25:26.448+0000][1][safepoint    ] Entering safepoint region: RevokeBias
[2019-12-09T02:25:26.448+0000][1][safepoint    ] Leaving safepoint region
[2019-12-09T02:25:26.448+0000][1][safepoint    ] Total time for which application threads were stopped: 0.0000738 seconds, Stopping threads took: 0.0000129 seconds
[2019-12-09T02:25:26.513+0000][1][safepoint    ] Application time: 0.0652649 seconds
[2019-12-09T02:25:26.513+0000][1][safepoint    ] Entering safepoint region: GenCollectForAllocation
[2019-12-09T02:25:26.513+0000][1][gc,start     ] GC(3) Pause Young (Allocation Failure)
[2019-12-09T02:25:26.513+0000][1][gc,task      ] GC(3) Using 2 workers of 2 for evacuation
[2019-12-09T02:25:26.648+0000][1][gc,age       ] GC(3) Desired survivor size 4456448 bytes, new threshold 3 (max threshold 6)
[2019-12-09T02:25:26.648+0000][1][gc,age       ] GC(3) Age table with threshold 3 (max threshold 6)
[2019-12-09T02:25:26.648+0000][1][gc,age       ] GC(3) - age   1:    3580760 bytes,    3580760 total
[2019-12-09T02:25:26.648+0000][1][gc,age       ] GC(3) - age   2:     720176 bytes,    4300936 total
[2019-12-09T02:25:26.648+0000][1][gc,age       ] GC(3) - age   3:    1106976 bytes,    5407912 total
[2019-12-09T02:25:26.648+0000][1][gc,heap      ] GC(3) ParNew: 72670K->6394K(78656K)
[2019-12-09T02:25:26.648+0000][1][gc,heap      ] GC(3) CMS: 6839K->6839K(174784K)
[2019-12-09T02:25:26.648+0000][1][gc,metaspace ] GC(3) Metaspace: 18465K->18465K(1067008K)
[2019-12-09T02:25:26.648+0000][1][gc           ] GC(3) Pause Young (Allocation Failure) 77M->12M(247M) 134.838ms
[2019-12-09T02:25:26.648+0000][1][gc,cpu       ] GC(3) User=0.03s Sys=0.00s Real=0.14s
[2019-12-09T02:25:26.648+0000][1][safepoint    ] Leaving safepoint region
[2019-12-09T02:25:26.648+0000][1][safepoint    ] Total time for which application threads were stopped: 0.1349735 seconds, Stopping threads took: 0.0000130 seconds
[2019-12-09T02:25:26.653+0000][1][safepoint    ] Application time: 0.0049449 seconds
[2019-12-09T02:25:26.699+0000][1][safepoint    ] Entering safepoint region: BulkRevokeBias
[2019-12-09T02:25:26.699+0000][1][safepoint    ] Leaving safepoint region
[2019-12-09T02:25:26.699+0000][1][safepoint    ] Total time for which application threads were stopped: 0.0458996 seconds, Stopping threads took: 0.0457374 seconds
[2019-12-09T02:25:26.700+0000][1][safepoint    ] Application time: 0.0007098 seconds
[2019-12-09T02:25:26.700+0000][1][safepoint    ] Entering safepoint region: RevokeBias
[2019-12-09T02:25:26.700+0000][1][safepoint    ] Leaving safepoint region
[2019-12-09T02:25:26.700+0000][1][safepoint    ] Total time for which application threads were stopped: 0.0000733 seconds, Stopping threads took: 0.0000123 seconds
[2019-12-09T02:25:26.700+0000][1][safepoint    ] Application time: 0.0000755 seconds
[2019-12-09T02:25:26.700+0000][1][safepoint    ] Entering safepoint region: RevokeBias
[2019-12-09T02:25:26.700+0000][1][safepoint    ] Leaving safepoint region
[2019-12-09T02:25:26.700+0000][1][safepoint    ] Total time for which application threads were stopped: 0.0000578 seconds, Stopping threads took: 0.0000079 seconds
[2019-12-09T02:25:26.700+0000][1][safepoint    ] Application time: 0.0000540 seconds
[2019-12-09T02:25:26.700+0000][1][safepoint    ] Entering safepoint region: RevokeBias
[2019-12-09T02:25:26.700+0000][1][safepoint    ] Leaving safepoint region
[2019-12-09T02:25:26.700+0000][1][safepoint    ] Total time for which application threads were stopped: 0.0000451 seconds, Stopping threads took: 0.0000079 seconds
[2019-12-09T02:25:26.700+0000][1][safepoint    ] Application time: 0.0000614 seconds
[2019-12-09T02:25:26.700+0000][1][safepoint    ] Entering safepoint region: RevokeBias
[2019-12-09T02:25:26.700+0000][1][safepoint    ] Leaving safepoint region
[2019-12-09T02:25:26.700+0000][1][safepoint    ] Total time for which application threads were stopped: 0.0000457 seconds, Stopping threads took: 0.0000080 seconds
[2019-12-09T02:25:26.700+0000][1][safepoint    ] Application time: 0.0001754 seconds
[2019-12-09T02:25:26.700+0000][1][safepoint    ] Entering safepoint region: RevokeBias
[2019-12-09T02:25:26.700+0000][1][safepoint    ] Leaving safepoint region
[2019-12-09T02:25:26.700+0000][1][safepoint    ] Total time for which application threads were stopped: 0.0000473 seconds, Stopping threads took: 0.0000085 seconds
[2019-12-09T02:25:26.700+0000][1][safepoint    ] Application time: 0.0000519 seconds
[2019-12-09T02:25:26.700+0000][1][safepoint    ] Entering safepoint region: RevokeBias
[2019-12-09T02:25:26.701+0000][1][safepoint    ] Leaving safepoint region
[2019-12-09T02:25:26.701+0000][1][safepoint    ] Total time for which application threads were stopped: 0.0000429 seconds, Stopping threads took: 0.0000080 seconds
[2019-12-09T02:25:26.701+0000][1][safepoint    ] Application time: 0.0000672 seconds
[2019-12-09T02:25:26.701+0000][1][safepoint    ] Entering safepoint region: RevokeBias
[2019-12-09T02:25:26.701+0000][1][safepoint    ] Leaving safepoint region
[2019-12-09T02:25:26.701+0000][1][safepoint    ] Total time for which application threads were stopped: 0.0000489 seconds, Stopping threads took: 0.0000087 seconds
[2019-12-09T02:25:26.701+0000][1][safepoint    ] Application time: 0.0000670 seconds
[2019-12-09T02:25:26.701+0000][1][safepoint    ] Entering safepoint region: RevokeBias
[2019-12-09T02:25:26.701+0000][1][safepoint    ] Leaving safepoint region
[2019-12-09T02:25:26.701+0000][1][safepoint    ] Total time for which application threads were stopped: 0.0000440 seconds, Stopping threads took: 0.0000081 seconds
[2019-12-09T02:25:27.694+0000][1][safepoint    ] Application time: 0.9931990 seconds
[2019-12-09T02:25:27.694+0000][1][safepoint    ] Entering safepoint region: GenCollectForAllocation
[2019-12-09T02:25:27.694+0000][1][gc,start     ] GC(4) Pause Young (Allocation Failure)
[2019-12-09T02:25:27.694+0000][1][gc,task      ] GC(4) Using 2 workers of 2 for evacuation
[2019-12-09T02:25:27.873+0000][1][gc,age       ] GC(4) Desired survivor size 4456448 bytes, new threshold 2 (max threshold 6)
[2019-12-09T02:25:27.873+0000][1][gc,age       ] GC(4) Age table with threshold 2 (max threshold 6)
[2019-12-09T02:25:27.873+0000][1][gc,age       ] GC(4) - age   1:    2000752 bytes,    2000752 total
[2019-12-09T02:25:27.873+0000][1][gc,age       ] GC(4) - age   2:    3016856 bytes,    5017608 total
[2019-12-09T02:25:27.873+0000][1][gc,age       ] GC(4) - age   3:     720176 bytes,    5737784 total
[2019-12-09T02:25:27.873+0000][1][gc,heap      ] GC(4) ParNew: 76346K->8047K(78656K)
[2019-12-09T02:25:27.873+0000][1][gc,heap      ] GC(4) CMS: 6839K->7934K(174784K)
[2019-12-09T02:25:27.873+0000][1][gc,metaspace ] GC(4) Metaspace: 18687K->18687K(1067008K)
[2019-12-09T02:25:27.873+0000][1][gc           ] GC(4) Pause Young (Allocation Failure) 81M->15M(247M) 179.274ms
[2019-12-09T02:25:27.873+0000][1][gc,cpu       ] GC(4) User=0.04s Sys=0.00s Real=0.18s
[2019-12-09T02:25:27.873+0000][1][safepoint    ] Leaving safepoint region
[2019-12-09T02:25:27.873+0000][1][safepoint    ] Total time for which application threads were stopped: 0.1794291 seconds, Stopping threads took: 0.0000142 seconds
[2019-12-09T02:25:27.887+0000][1][safepoint    ] Application time: 0.0133518 seconds
[2019-12-09T02:25:27.887+0000][1][safepoint    ] Entering safepoint region: RevokeBias
[2019-12-09T02:25:27.887+0000][1][safepoint    ] Leaving safepoint region
[2019-12-09T02:25:27.887+0000][1][safepoint    ] Total time for which application threads were stopped: 0.0000778 seconds, Stopping threads took: 0.0000130 seconds
[2019-12-09T02:25:27.887+0000][1][safepoint    ] Application time: 0.0000498 seconds
[2019-12-09T02:25:27.887+0000][1][safepoint    ] Entering safepoint region: RevokeBias
[2019-12-09T02:25:27.887+0000][1][safepoint    ] Leaving safepoint region
[2019-12-09T02:25:27.887+0000][1][safepoint    ] Total time for which application threads were stopped: 0.0000356 seconds, Stopping threads took: 0.0000078 seconds
[2019-12-09T02:25:27.887+0000][1][safepoint    ] Application time: 0.0000505 seconds
[2019-12-09T02:25:27.887+0000][1][safepoint    ] Entering safepoint region: RevokeBias
[2019-12-09T02:25:27.887+0000][1][safepoint    ] Leaving safepoint region
[2019-12-09T02:25:27.887+0000][1][safepoint    ] Total time for which application threads were stopped: 0.0000347 seconds, Stopping threads took: 0.0000074 seconds
[2019-12-09T02:25:27.887+0000][1][safepoint    ] Application time: 0.0000438 seconds
[2019-12-09T02:25:27.887+0000][1][safepoint    ] Entering safepoint region: RevokeBias
[2019-12-09T02:25:27.887+0000][1][safepoint    ] Leaving safepoint region
[2019-12-09T02:25:27.887+0000][1][safepoint    ] Total time for which application threads were stopped: 0.0000333 seconds, Stopping threads took: 0.0000072 seconds
[2019-12-09T02:25:28.071+0000][1][safepoint    ] Application time: 0.1834682 seconds
[2019-12-09T02:25:28.071+0000][1][safepoint    ] Entering safepoint region: Deoptimize
[2019-12-09T02:25:28.071+0000][1][safepoint    ] Leaving safepoint region
[2019-12-09T02:25:28.071+0000][1][safepoint    ] Total time for which application threads were stopped: 0.0003994 seconds, Stopping threads took: 0.0000130 seconds
[2019-12-09T02:25:28.404+0000][1][safepoint    ] Application time: 0.3325685 seconds
[2019-12-09T02:25:28.404+0000][1][safepoint    ] Entering safepoint region: Deoptimize
[2019-12-09T02:25:28.404+0000][1][safepoint    ] Leaving safepoint region
[2019-12-09T02:25:28.404+0000][1][safepoint    ] Total time for which application threads were stopped: 0.0004113 seconds, Stopping threads took: 0.0000126 seconds
[2019-12-09T02:25:29.377+0000][1][safepoint    ] Application time: 0.9729940 seconds
[2019-12-09T02:25:29.377+0000][1][safepoint    ] Entering safepoint region: GenCollectForAllocation
[2019-12-09T02:25:29.377+0000][1][gc,start     ] GC(5) Pause Young (Allocation Failure)
[2019-12-09T02:25:29.377+0000][1][gc,task      ] GC(5) Using 2 workers of 2 for evacuation
[2019-12-09T02:25:29.556+0000][1][gc,age       ] GC(5) Desired survivor size 4456448 bytes, new threshold 6 (max threshold 6)
[2019-12-09T02:25:29.556+0000][1][gc,age       ] GC(5) Age table with threshold 6 (max threshold 6)
[2019-12-09T02:25:29.556+0000][1][gc,age       ] GC(5) - age   1:    2869632 bytes,    2869632 total
[2019-12-09T02:25:29.556+0000][1][gc,age       ] GC(5) - age   2:     443760 bytes,    3313392 total
[2019-12-09T02:25:29.556+0000][1][gc,heap      ] GC(5) ParNew: 77999K->5208K(78656K)
[2019-12-09T02:25:29.556+0000][1][gc,heap      ] GC(5) CMS: 7934K->11614K(174784K)
[2019-12-09T02:25:29.556+0000][1][gc,metaspace ] GC(5) Metaspace: 19032K->19032K(1067008K)
[2019-12-09T02:25:29.556+0000][1][gc           ] GC(5) Pause Young (Allocation Failure) 83M->16M(247M) 178.671ms
[2019-12-09T02:25:29.556+0000][1][gc,cpu       ] GC(5) User=0.02s Sys=0.00s Real=0.18s
[2019-12-09T02:25:29.556+0000][1][safepoint    ] Leaving safepoint region
[2019-12-09T02:25:29.556+0000][1][safepoint    ] Total time for which application threads were stopped: 0.1788390 seconds, Stopping threads took: 0.0000144 seconds
[2019-12-09T02:25:29.557+0000][1][safepoint    ] Application time: 0.0007536 seconds
[2019-12-09T02:25:29.557+0000][1][safepoint    ] Entering safepoint region: RevokeBias
[2019-12-09T02:25:29.557+0000][1][safepoint    ] Leaving safepoint region
[2019-12-09T02:25:29.557+0000][1][safepoint    ] Total time for which application threads were stopped: 0.0001234 seconds, Stopping threads took: 0.0000568 seconds
[2019-12-09T02:25:29.557+0000][1][safepoint    ] Application time: 0.0000621 seconds
[2019-12-09T02:25:29.557+0000][1][safepoint    ] Entering safepoint region: RevokeBias
[2019-12-09T02:25:29.557+0000][1][safepoint    ] Leaving safepoint region
[2019-12-09T02:25:29.557+0000][1][safepoint    ] Total time for which application threads were stopped: 0.0000445 seconds, Stopping threads took: 0.0000086 seconds
[2019-12-09T02:25:29.557+0000][1][safepoint    ] Application time: 0.0000583 seconds
[2019-12-09T02:25:29.557+0000][1][safepoint    ] Entering safepoint region: RevokeBias
[2019-12-09T02:25:29.557+0000][1][safepoint    ] Leaving safepoint region
[2019-12-09T02:25:29.557+0000][1][safepoint    ] Total time for which application threads were stopped: 0.0000422 seconds, Stopping threads took: 0.0000083 seconds
[2019-12-09T02:25:29.557+0000][1][safepoint    ] Application time: 0.0000516 seconds
[2019-12-09T02:25:29.557+0000][1][safepoint    ] Entering safepoint region: RevokeBias
[2019-12-09T02:25:29.557+0000][1][safepoint    ] Leaving safepoint region
[2019-12-09T02:25:29.557+0000][1][safepoint    ] Total time for which application threads were stopped: 0.0000381 seconds, Stopping threads took: 0.0000081 seconds
[2019-12-09T02:25:29.557+0000][1][safepoint    ] Application time: 0.0000643 seconds
[2019-12-09T02:25:29.557+0000][1][safepoint    ] Entering safepoint region: RevokeBias
[2019-12-09T02:25:29.557+0000][1][safepoint    ] Leaving safepoint region
[2019-12-09T02:25:29.557+0000][1][safepoint    ] Total time for which application threads were stopped: 0.0000345 seconds, Stopping threads took: 0.0000072 seconds
[2019-12-09T02:25:29.557+0000][1][safepoint    ] Application time: 0.0000453 seconds
[2019-12-09T02:25:29.557+0000][1][safepoint    ] Entering safepoint region: RevokeBias
[2019-12-09T02:25:29.558+0000][1][safepoint    ] Leaving safepoint region
[2019-12-09T02:25:29.558+0000][1][safepoint    ] Total time for which application threads were stopped: 0.0000344 seconds, Stopping threads took: 0.0000073 seconds
[2019-12-09T02:25:30.539+0000][1][safepoint    ] Application time: 0.9815165 seconds
[2019-12-09T02:25:30.539+0000][1][safepoint    ] Entering safepoint region: RevokeBias
[2019-12-09T02:25:30.539+0000][1][safepoint    ] Leaving safepoint region
[2019-12-09T02:25:30.539+0000][1][safepoint    ] Total time for which application threads were stopped: 0.0000727 seconds, Stopping threads took: 0.0000131 seconds
[2019-12-09T02:25:30.550+0000][1][safepoint    ] Application time: 0.0107321 seconds
[2019-12-09T02:25:30.550+0000][1][safepoint    ] Entering safepoint region: RevokeBias
[2019-12-09T02:25:30.550+0000][1][safepoint    ] Leaving safepoint region
[2019-12-09T02:25:30.550+0000][1][safepoint    ] Total time for which application threads were stopped: 0.0000613 seconds, Stopping threads took: 0.0000136 seconds
[2019-12-09T02:25:30.786+0000][1][safepoint    ] Application time: 0.2356791 seconds
[2019-12-09T02:25:30.786+0000][1][safepoint    ] Entering safepoint region: GenCollectForAllocation
[2019-12-09T02:25:30.786+0000][1][gc,start     ] GC(6) Pause Young (Allocation Failure)
[2019-12-09T02:25:30.786+0000][1][gc,task      ] GC(6) Using 2 workers of 2 for evacuation
[2019-12-09T02:25:30.885+0000][1][gc,age       ] GC(6) Desired survivor size 4456448 bytes, new threshold 6 (max threshold 6)
[2019-12-09T02:25:30.885+0000][1][gc,age       ] GC(6) Age table with threshold 6 (max threshold 6)
[2019-12-09T02:25:30.885+0000][1][gc,age       ] GC(6) - age   1:    1668016 bytes,    1668016 total
[2019-12-09T02:25:30.885+0000][1][gc,age       ] GC(6) - age   2:    2192512 bytes,    3860528 total
[2019-12-09T02:25:30.885+0000][1][gc,age       ] GC(6) - age   3:     443760 bytes,    4304288 total
[2019-12-09T02:25:30.885+0000][1][gc,heap      ] GC(6) ParNew: 75160K->5593K(78656K)
[2019-12-09T02:25:30.885+0000][1][gc,heap      ] GC(6) CMS: 11614K->11614K(174784K)
[2019-12-09T02:25:30.885+0000][1][gc,metaspace ] GC(6) Metaspace: 19335K->19335K(1067008K)
[2019-12-09T02:25:30.885+0000][1][gc           ] GC(6) Pause Young (Allocation Failure) 84M->16M(247M) 99.164ms
[2019-12-09T02:25:30.885+0000][1][gc,cpu       ] GC(6) User=0.02s Sys=0.00s Real=0.10s
[2019-12-09T02:25:30.885+0000][1][safepoint    ] Leaving safepoint region
[2019-12-09T02:25:30.885+0000][1][safepoint    ] Total time for which application threads were stopped: 0.0992981 seconds, Stopping threads took: 0.0000126 seconds
[2019-12-09T02:25:30.888+0000][1][safepoint    ] Application time: 0.0027857 seconds
[2019-12-09T02:25:30.948+0000][1][safepoint    ] Entering safepoint region: RevokeBias
[2019-12-09T02:25:30.948+0000][1][safepoint    ] Leaving safepoint region
[2019-12-09T02:25:30.948+0000][1][safepoint    ] Total time for which application threads were stopped: 0.0600607 seconds, Stopping threads took: 0.0599761 seconds
[2019-12-09T02:25:30.955+0000][1][safepoint    ] Application time: 0.0068515 seconds
[2019-12-09T02:25:31.024+0000][1][safepoint    ] Entering safepoint region: BulkRevokeBias
[2019-12-09T02:25:31.024+0000][1][safepoint    ] Leaving safepoint region
[2019-12-09T02:25:31.024+0000][1][safepoint    ] Total time for which application threads were stopped: 0.0690896 seconds, Stopping threads took: 0.0689186 seconds
[2019-12-09T02:25:31.024+0000][1][safepoint    ] Application time: 0.0000901 seconds
[2019-12-09T02:25:31.024+0000][1][safepoint    ] Entering safepoint region: BulkRevokeBias
[2019-12-09T02:25:31.024+0000][1][safepoint    ] Leaving safepoint region
[2019-12-09T02:25:31.024+0000][1][safepoint    ] Total time for which application threads were stopped: 0.0001184 seconds, Stopping threads took: 0.0000090 seconds
[2019-12-09T02:25:32.025+0000][1][safepoint    ] Application time: 1.0005953 seconds
[2019-12-09T02:25:32.039+0000][1][safepoint    ] Entering safepoint region: Cleanup
[2019-12-09T02:25:32.039+0000][1][safepoint    ] Leaving safepoint region
[2019-12-09T02:25:32.039+0000][1][safepoint    ] Total time for which application threads were stopped: 0.0140804 seconds, Stopping threads took: 0.0140296 seconds
[2019-12-09T02:25:32.056+0000][1][safepoint    ] Application time: 0.0176526 seconds
[2019-12-09T02:25:32.057+0000][1][safepoint    ] Entering safepoint region: GenCollectForAllocation
[2019-12-09T02:25:32.057+0000][1][gc,start     ] GC(7) Pause Young (Allocation Failure)
[2019-12-09T02:25:32.057+0000][1][gc,task      ] GC(7) Using 2 workers of 2 for evacuation
[2019-12-09T02:25:32.157+0000][1][gc,age       ] GC(7) Desired survivor size 4456448 bytes, new threshold 6 (max threshold 6)
[2019-12-09T02:25:32.157+0000][1][gc,age       ] GC(7) Age table with threshold 6 (max threshold 6)
[2019-12-09T02:25:32.157+0000][1][gc,age       ] GC(7) - age   1:     423664 bytes,     423664 total
[2019-12-09T02:25:32.157+0000][1][gc,age       ] GC(7) - age   2:    1128800 bytes,    1552464 total
[2019-12-09T02:25:32.157+0000][1][gc,age       ] GC(7) - age   3:    2192432 bytes,    3744896 total
[2019-12-09T02:25:32.157+0000][1][gc,age       ] GC(7) - age   4:     443760 bytes,    4188656 total
[2019-12-09T02:25:32.157+0000][1][gc,heap      ] GC(7) ParNew: 75545K->6127K(78656K)
[2019-12-09T02:25:32.157+0000][1][gc,heap      ] GC(7) CMS: 11614K->11614K(174784K)
[2019-12-09T02:25:32.157+0000][1][gc,metaspace ] GC(7) Metaspace: 19626K->19626K(1067008K)
[2019-12-09T02:25:32.157+0000][1][gc           ] GC(7) Pause Young (Allocation Failure) 85M->17M(247M) 100.579ms
[2019-12-09T02:25:32.157+0000][1][gc,cpu       ] GC(7) User=0.02s Sys=0.00s Real=0.10s
[2019-12-09T02:25:32.157+0000][1][safepoint    ] Leaving safepoint region
[2019-12-09T02:25:32.157+0000][1][safepoint    ] Total time for which application threads were stopped: 0.1007138 seconds, Stopping threads took: 0.0000148 seconds
[2019-12-09T02:25:32.766+0000][1][safepoint    ] Application time: 0.6082581 seconds
[2019-12-09T02:25:32.766+0000][1][safepoint    ] Entering safepoint region: CollectForMetadataAllocation
[2019-12-09T02:25:32.766+0000][1][safepoint    ] Leaving safepoint region
[2019-12-09T02:25:32.766+0000][1][safepoint    ] Total time for which application threads were stopped: 0.0002721 seconds, Stopping threads took: 0.0000134 seconds
[2019-12-09T02:25:32.991+0000][1][safepoint    ] Application time: 0.2247260 seconds
[2019-12-09T02:25:32.991+0000][1][safepoint    ] Entering safepoint region: CollectForMetadataAllocation
[2019-12-09T02:25:32.991+0000][1][safepoint    ] Leaving safepoint region
[2019-12-09T02:25:32.991+0000][1][safepoint    ] Total time for which application threads were stopped: 0.0002615 seconds, Stopping threads took: 0.0000145 seconds
[2019-12-09T02:25:33.781+0000][1][safepoint    ] Application time: 0.7901686 seconds
[2019-12-09T02:25:33.781+0000][1][safepoint    ] Entering safepoint region: GenCollectForAllocation
[2019-12-09T02:25:33.781+0000][1][gc,start     ] GC(8) Pause Young (Allocation Failure)
[2019-12-09T02:25:33.781+0000][1][gc,task      ] GC(8) Using 2 workers of 2 for evacuation
[2019-12-09T02:25:33.956+0000][1][gc,age       ] GC(8) Desired survivor size 4456448 bytes, new threshold 4 (max threshold 6)
[2019-12-09T02:25:33.956+0000][1][gc,age       ] GC(8) Age table with threshold 4 (max threshold 6)
[2019-12-09T02:25:33.956+0000][1][gc,age       ] GC(8) - age   1:    1115352 bytes,    1115352 total
[2019-12-09T02:25:33.956+0000][1][gc,age       ] GC(8) - age   2:     387840 bytes,    1503192 total
[2019-12-09T02:25:33.956+0000][1][gc,age       ] GC(8) - age   3:    1128656 bytes,    2631848 total
[2019-12-09T02:25:33.956+0000][1][gc,age       ] GC(8) - age   4:    2190216 bytes,    4822064 total
[2019-12-09T02:25:33.956+0000][1][gc,age       ] GC(8) - age   5:     443760 bytes,    5265824 total
[2019-12-09T02:25:33.956+0000][1][gc,heap      ] GC(8) ParNew: 76079K->6133K(78656K)
[2019-12-09T02:25:33.956+0000][1][gc,heap      ] GC(8) CMS: 11614K->11614K(174784K)
[2019-12-09T02:25:33.956+0000][1][gc,metaspace ] GC(8) Metaspace: 20417K->20417K(1069056K)
[2019-12-09T02:25:33.956+0000][1][gc           ] GC(8) Pause Young (Allocation Failure) 85M->17M(247M) 174.798ms
[2019-12-09T02:25:33.956+0000][1][gc,cpu       ] GC(8) User=0.01s Sys=0.00s Real=0.18s
[2019-12-09T02:25:33.956+0000][1][safepoint    ] Leaving safepoint region
[2019-12-09T02:25:33.956+0000][1][safepoint    ] Total time for which application threads were stopped: 0.1749254 seconds, Stopping threads took: 0.0000161 seconds
[2019-12-09T02:25:33.962+0000][1][safepoint    ] Application time: 0.0058236 seconds
[2019-12-09T02:25:34.012+0000][1][safepoint    ] Entering safepoint region: CMS_Initial_Mark
[2019-12-09T02:25:34.012+0000][1][gc,start     ] GC(9) Pause Initial Mark
[2019-12-09T02:25:34.015+0000][1][gc           ] GC(9) Pause Initial Mark 20M->20M(247M) 3.312ms
[2019-12-09T02:25:34.015+0000][1][gc,cpu       ] GC(9) User=0.00s Sys=0.00s Real=0.01s
[2019-12-09T02:25:34.015+0000][1][safepoint    ] Leaving safepoint region
[2019-12-09T02:25:34.015+0000][1][safepoint    ] Total time for which application threads were stopped: 0.0535515 seconds, Stopping threads took: 0.0501356 seconds
[2019-12-09T02:25:34.015+0000][1][gc           ] GC(9) Concurrent Mark
[2019-12-09T02:25:34.105+0000][1][gc           ] GC(9) Concurrent Mark 89.423ms
[2019-12-09T02:25:34.105+0000][1][gc,cpu       ] GC(9) User=0.04s Sys=0.00s Real=0.09s
[2019-12-09T02:25:34.105+0000][1][gc           ] GC(9) Concurrent Preclean
[2019-12-09T02:25:34.105+0000][1][gc           ] GC(9) Concurrent Preclean 0.416ms
[2019-12-09T02:25:34.105+0000][1][gc,cpu       ] GC(9) User=0.00s Sys=0.00s Real=0.00s
[2019-12-09T02:25:34.105+0000][1][gc           ] GC(9) Concurrent Abortable Preclean
[2019-12-09T02:25:35.016+0000][1][safepoint    ] Application time: 1.0003475 seconds
[2019-12-09T02:25:35.016+0000][1][safepoint    ] Entering safepoint region: Cleanup
[2019-12-09T02:25:35.016+0000][1][safepoint    ] Leaving safepoint region
[2019-12-09T02:25:35.016+0000][1][safepoint    ] Total time for which application threads were stopped: 0.0000642 seconds, Stopping threads took: 0.0000265 seconds
[2019-12-09T02:25:35.201+0000][1][safepoint    ] Application time: 0.1847400 seconds
[2019-12-09T02:25:35.201+0000][1][safepoint    ] Entering safepoint region: GenCollectForAllocation
[2019-12-09T02:25:35.201+0000][1][gc,start     ] GC(10) Pause Young (Allocation Failure)
[2019-12-09T02:25:35.201+0000][1][gc,task      ] GC(10) Using 2 workers of 2 for evacuation
[2019-12-09T02:25:35.275+0000][1][gc           ] GC(9) Concurrent Abortable Preclean 1169.311ms
[2019-12-09T02:25:35.275+0000][1][gc,cpu       ] GC(9) User=0.33s Sys=0.00s Real=1.17s
[2019-12-09T02:25:35.442+0000][1][gc,age       ] GC(10) Desired survivor size 4456448 bytes, new threshold 6 (max threshold 6)
[2019-12-09T02:25:35.442+0000][1][gc,age       ] GC(10) Age table with threshold 6 (max threshold 6)
[2019-12-09T02:25:35.442+0000][1][gc,age       ] GC(10) - age   1:    1468600 bytes,    1468600 total
[2019-12-09T02:25:35.442+0000][1][gc,age       ] GC(10) - age   2:     623296 bytes,    2091896 total
[2019-12-09T02:25:35.442+0000][1][gc,age       ] GC(10) - age   3:     387720 bytes,    2479616 total
[2019-12-09T02:25:35.442+0000][1][gc,age       ] GC(10) - age   4:    1128656 bytes,    3608272 total
[2019-12-09T02:25:35.442+0000][1][gc,heap      ] GC(10) ParNew: 76085K->7318K(78656K)
[2019-12-09T02:25:35.442+0000][1][gc,heap      ] GC(10) CMS: 11614K->14204K(174784K)
[2019-12-09T02:25:35.442+0000][1][gc,metaspace ] GC(10) Metaspace: 20523K->20523K(1069056K)
[2019-12-09T02:25:35.442+0000][1][gc           ] GC(10) Pause Young (Allocation Failure) 85M->21M(247M) 241.436ms
[2019-12-09T02:25:35.442+0000][1][gc,cpu       ] GC(10) User=0.06s Sys=0.00s Real=0.24s
[2019-12-09T02:25:35.442+0000][1][safepoint    ] Leaving safepoint region
[2019-12-09T02:25:35.442+0000][1][safepoint    ] Total time for which application threads were stopped: 0.2415748 seconds, Stopping threads took: 0.0000129 seconds
[2019-12-09T02:25:35.455+0000][1][safepoint    ] Application time: 0.0124811 seconds
[2019-12-09T02:25:35.455+0000][1][safepoint    ] Entering safepoint region: CMS_Final_Remark
[2019-12-09T02:25:35.455+0000][1][gc,start     ] GC(9) Pause Remark
[2019-12-09T02:25:35.562+0000][1][gc           ] GC(9) Pause Remark 26M->26M(247M) 106.732ms
[2019-12-09T02:25:35.562+0000][1][gc,cpu       ] GC(9) User=0.04s Sys=0.00s Real=0.10s
[2019-12-09T02:25:35.562+0000][1][safepoint    ] Leaving safepoint region
[2019-12-09T02:25:35.562+0000][1][safepoint    ] Total time for which application threads were stopped: 0.1068758 seconds, Stopping threads took: 0.0000138 seconds
[2019-12-09T02:25:35.569+0000][1][gc           ] GC(9) Concurrent Sweep
[2019-12-09T02:25:35.612+0000][1][gc           ] GC(9) Concurrent Sweep 43.408ms
[2019-12-09T02:25:35.612+0000][1][gc,cpu       ] GC(9) User=0.02s Sys=0.00s Real=0.04s
[2019-12-09T02:25:35.612+0000][1][gc           ] GC(9) Concurrent Reset
[2019-12-09T02:25:35.612+0000][1][gc           ] GC(9) Concurrent Reset 0.315ms
[2019-12-09T02:25:35.612+0000][1][gc,cpu       ] GC(9) User=0.00s Sys=0.00s Real=0.00s
[2019-12-09T02:25:35.612+0000][1][gc,heap      ] GC(9) Old: 11614K->14179K(174784K)
[2019-12-09T02:25:36.514+0000][1][safepoint    ] Application time: 0.9527804 seconds
[2019-12-09T02:25:36.514+0000][1][safepoint    ] Entering safepoint region: GenCollectForAllocation
[2019-12-09T02:25:36.515+0000][1][gc,start     ] GC(11) Pause Young (Allocation Failure)
[2019-12-09T02:25:36.515+0000][1][gc,task      ] GC(11) Using 2 workers of 2 for evacuation
[2019-12-09T02:25:36.526+0000][1][gc,age       ] GC(11) Desired survivor size 4456448 bytes, new threshold 6 (max threshold 6)
[2019-12-09T02:25:36.526+0000][1][gc,age       ] GC(11) Age table with threshold 6 (max threshold 6)
[2019-12-09T02:25:36.526+0000][1][gc,age       ] GC(11) - age   1:    1062752 bytes,    1062752 total
[2019-12-09T02:25:36.526+0000][1][gc,age       ] GC(11) - age   2:      97424 bytes,    1160176 total
[2019-12-09T02:25:36.526+0000][1][gc,age       ] GC(11) - age   3:     623248 bytes,    1783424 total
[2019-12-09T02:25:36.526+0000][1][gc,age       ] GC(11) - age   4:     387616 bytes,    2171040 total
[2019-12-09T02:25:36.526+0000][1][gc,age       ] GC(11) - age   5:    1128368 bytes,    3299408 total
[2019-12-09T02:25:36.526+0000][1][gc,heap      ] GC(11) ParNew: 77270K->5210K(78656K)
[2019-12-09T02:25:36.526+0000][1][gc,heap      ] GC(11) CMS: 14179K->14179K(174784K)
[2019-12-09T02:25:36.526+0000][1][gc,metaspace ] GC(11) Metaspace: 20608K->20608K(1069056K)
[2019-12-09T02:25:36.526+0000][1][gc           ] GC(11) Pause Young (Allocation Failure) 89M->18M(247M) 11.013ms
[2019-12-09T02:25:36.526+0000][1][gc,cpu       ] GC(11) User=0.01s Sys=0.00s Real=0.01s
[2019-12-09T02:25:36.526+0000][1][safepoint    ] Leaving safepoint region
[2019-12-09T02:25:36.526+0000][1][safepoint    ] Total time for which application threads were stopped: 0.0115455 seconds, Stopping threads took: 0.0000137 seconds
[2019-12-09T02:25:37.535+0000][1][safepoint    ] Application time: 1.0087056 seconds
[2019-12-09T02:25:37.535+0000][1][safepoint    ] Entering safepoint region: Cleanup
[2019-12-09T02:25:37.535+0000][1][safepoint    ] Leaving safepoint region
[2019-12-09T02:25:37.535+0000][1][safepoint    ] Total time for which application threads were stopped: 0.0001480 seconds, Stopping threads took: 0.0001074 seconds
[2019-12-09T02:25:37.560+0000][1][safepoint    ] Application time: 0.0247457 seconds
[2019-12-09T02:25:37.560+0000][1][safepoint    ] Entering safepoint region: Deoptimize
[2019-12-09T02:25:37.560+0000][1][safepoint    ] Leaving safepoint region
[2019-12-09T02:25:37.560+0000][1][safepoint    ] Total time for which application threads were stopped: 0.0004307 seconds, Stopping threads took: 0.0000159 seconds
[2019-12-09T02:25:38.570+0000][1][safepoint    ] Application time: 1.0100695 seconds
[2019-12-09T02:25:38.607+0000][1][safepoint    ] Entering safepoint region: Cleanup
[2019-12-09T02:25:38.607+0000][1][safepoint    ] Leaving safepoint region
[2019-12-09T02:25:38.607+0000][1][safepoint    ] Total time for which application threads were stopped: 0.0366190 seconds, Stopping threads took: 0.0365523 seconds
[2019-12-09T02:25:38.984+0000][1][safepoint    ] Application time: 0.3767114 seconds
[2019-12-09T02:25:38.984+0000][1][safepoint    ] Entering safepoint region: GenCollectForAllocation
[2019-12-09T02:25:38.984+0000][1][gc,start     ] GC(12) Pause Young (Allocation Failure)
[2019-12-09T02:25:38.984+0000][1][gc,task      ] GC(12) Using 2 workers of 2 for evacuation
[2019-12-09T02:25:39.060+0000][1][gc,age       ] GC(12) Desired survivor size 4456448 bytes, new threshold 6 (max threshold 6)
[2019-12-09T02:25:39.060+0000][1][gc,age       ] GC(12) Age table with threshold 6 (max threshold 6)
[2019-12-09T02:25:39.060+0000][1][gc,age       ] GC(12) - age   1:    1086024 bytes,    1086024 total
[2019-12-09T02:25:39.060+0000][1][gc,age       ] GC(12) - age   2:     305568 bytes,    1391592 total
[2019-12-09T02:25:39.060+0000][1][gc,age       ] GC(12) - age   3:      97424 bytes,    1489016 total
[2019-12-09T02:25:39.060+0000][1][gc,age       ] GC(12) - age   4:     623248 bytes,    2112264 total
[2019-12-09T02:25:39.060+0000][1][gc,age       ] GC(12) - age   5:     387552 bytes,    2499816 total
[2019-12-09T02:25:39.060+0000][1][gc,age       ] GC(12) - age   6:    1128368 bytes,    3628184 total
[2019-12-09T02:25:39.060+0000][1][gc,heap      ] GC(12) ParNew: 75162K->4433K(78656K)
[2019-12-09T02:25:39.060+0000][1][gc,heap      ] GC(12) CMS: 14179K->14179K(174784K)
[2019-12-09T02:25:39.060+0000][1][gc,metaspace ] GC(12) Metaspace: 23039K->23039K(1071104K)
[2019-12-09T02:25:39.060+0000][1][gc           ] GC(12) Pause Young (Allocation Failure) 87M->18M(247M) 76.129ms
[2019-12-09T02:25:39.060+0000][1][gc,cpu       ] GC(12) User=0.03s Sys=0.00s Real=0.08s
[2019-12-09T02:25:39.060+0000][1][safepoint    ] Leaving safepoint region
[2019-12-09T02:25:39.060+0000][1][safepoint    ] Total time for which application threads were stopped: 0.0764479 seconds, Stopping threads took: 0.0000137 seconds
[2019-12-09T02:25:39.849+0000][1][safepoint    ] Application time: 0.7891306 seconds
[2019-12-09T02:25:39.849+0000][1][safepoint    ] Entering safepoint region: Deoptimize
[2019-12-09T02:25:39.850+0000][1][safepoint    ] Leaving safepoint region
[2019-12-09T02:25:39.850+0000][1][safepoint    ] Total time for which application threads were stopped: 0.0004439 seconds, Stopping threads took: 0.0000134 seconds
[2019-12-09T02:25:40.620+0000][1][safepoint    ] Application time: 0.7699900 seconds
[2019-12-09T02:25:40.620+0000][1][safepoint    ] Entering safepoint region: Deoptimize
[2019-12-09T02:25:40.620+0000][1][safepoint    ] Leaving safepoint region
[2019-12-09T02:25:40.620+0000][1][safepoint    ] Total time for which application threads were stopped: 0.0004298 seconds, Stopping threads took: 0.0000135 seconds
[2019-12-09T02:25:40.673+0000][1][safepoint    ] Application time: 0.0529375 seconds
[2019-12-09T02:25:40.673+0000][1][safepoint    ] Entering safepoint region: Deoptimize
[2019-12-09T02:25:40.674+0000][1][safepoint    ] Leaving safepoint region
[2019-12-09T02:25:40.674+0000][1][safepoint    ] Total time for which application threads were stopped: 0.0004051 seconds, Stopping threads took: 0.0000140 seconds
[2019-12-09T02:25:40.688+0000][1][safepoint    ] Application time: 0.0141337 seconds
[2019-12-09T02:25:40.688+0000][1][safepoint    ] Entering safepoint region: Deoptimize
[2019-12-09T02:25:40.688+0000][1][safepoint    ] Leaving safepoint region
[2019-12-09T02:25:40.688+0000][1][safepoint    ] Total time for which application threads were stopped: 0.0004426 seconds, Stopping threads took: 0.0000122 seconds
[2019-12-09T02:25:41.689+0000][1][safepoint    ] Application time: 1.0005461 seconds
[2019-12-09T02:25:41.739+0000][1][safepoint    ] Entering safepoint region: Cleanup
[2019-12-09T02:25:41.740+0000][1][safepoint    ] Leaving safepoint region
[2019-12-09T02:25:41.740+0000][1][safepoint    ] Total time for which application threads were stopped: 0.0507536 seconds, Stopping threads took: 0.0507042 seconds
[2019-12-09T02:25:42.750+0000][1][safepoint    ] Application time: 1.0101776 seconds
[2019-12-09T02:25:42.798+0000][1][safepoint    ] Entering safepoint region: Cleanup
[2019-12-09T02:25:42.798+0000][1][safepoint    ] Leaving safepoint region
[2019-12-09T02:25:42.798+0000][1][safepoint    ] Total time for which application threads were stopped: 0.0483510 seconds, Stopping threads took: 0.0480933 seconds
[2019-12-09T02:25:43.814+0000][1][safepoint    ] Application time: 1.0156782 seconds
[2019-12-09T02:25:43.860+0000][1][safepoint    ] Entering safepoint region: Cleanup
[2019-12-09T02:25:43.860+0000][1][safepoint    ] Leaving safepoint region
[2019-12-09T02:25:43.860+0000][1][safepoint    ] Total time for which application threads were stopped: 0.0460079 seconds, Stopping threads took: 0.0459453 seconds
[2019-12-09T02:25:44.867+0000][1][safepoint    ] Application time: 1.0068522 seconds
[2019-12-09T02:25:44.905+0000][1][safepoint    ] Entering safepoint region: Cleanup
[2019-12-09T02:25:44.905+0000][1][safepoint    ] Leaving safepoint region
[2019-12-09T02:25:44.905+0000][1][safepoint    ] Total time for which application threads were stopped: 0.0382484 seconds, Stopping threads took: 0.0381629 seconds
[2019-12-09T02:25:45.916+0000][1][safepoint    ] Application time: 1.0106964 seconds
[2019-12-09T02:25:45.972+0000][1][safepoint    ] Entering safepoint region: Cleanup
[2019-12-09T02:25:45.972+0000][1][safepoint    ] Leaving safepoint region
[2019-12-09T02:25:45.972+0000][1][safepoint    ] Total time for which application threads were stopped: 0.0560633 seconds, Stopping threads took: 0.0560048 seconds
[2019-12-09T02:25:46.611+0000][1][safepoint    ] Application time: 0.6388580 seconds
[2019-12-09T02:25:46.611+0000][1][safepoint    ] Entering safepoint region: GenCollectForAllocation
[2019-12-09T02:25:46.611+0000][1][gc,start     ] GC(13) Pause Young (Allocation Failure)
[2019-12-09T02:25:46.611+0000][1][gc,task      ] GC(13) Using 2 workers of 2 for evacuation
[2019-12-09T02:25:47.113+0000][1][gc,age       ] GC(13) Desired survivor size 4456448 bytes, new threshold 1 (max threshold 6)
[2019-12-09T02:25:47.113+0000][1][gc,age       ] GC(13) Age table with threshold 1 (max threshold 6)
[2019-12-09T02:25:47.113+0000][1][gc,age       ] GC(13) - age   1:    6756872 bytes,    6756872 total
[2019-12-09T02:25:47.113+0000][1][gc,age       ] GC(13) - age   2:     747904 bytes,    7504776 total
[2019-12-09T02:25:47.113+0000][1][gc,age       ] GC(13) - age   3:     305272 bytes,    7810048 total
[2019-12-09T02:25:47.113+0000][1][gc,age       ] GC(13) - age   4:      97272 bytes,    7907320 total
[2019-12-09T02:25:47.113+0000][1][gc,age       ] GC(13) - age   5:     620096 bytes,    8527416 total
[2019-12-09T02:25:47.113+0000][1][gc,age       ] GC(13) - age   6:     385328 bytes,    8912744 total
[2019-12-09T02:25:47.113+0000][1][gc,heap      ] GC(13) ParNew: 74385K->8704K(78656K)
[2019-12-09T02:25:47.113+0000][1][gc,heap      ] GC(13) CMS: 14179K->21554K(174784K)
[2019-12-09T02:25:47.113+0000][1][gc,metaspace ] GC(13) Metaspace: 27175K->27175K(1075200K)
[2019-12-09T02:25:47.113+0000][1][gc           ] GC(13) Pause Young (Allocation Failure) 86M->29M(247M) 502.601ms
[2019-12-09T02:25:47.113+0000][1][gc,cpu       ] GC(13) User=0.12s Sys=0.00s Real=0.50s
[2019-12-09T02:25:47.113+0000][1][safepoint    ] Leaving safepoint region
[2019-12-09T02:25:47.113+0000][1][safepoint    ] Total time for which application threads were stopped: 0.5027461 seconds, Stopping threads took: 0.0000139 seconds
[2019-12-09T02:25:48.114+0000][1][safepoint    ] Application time: 1.0002156 seconds
[2019-12-09T02:25:48.185+0000][1][safepoint    ] Entering safepoint region: Cleanup
[2019-12-09T02:25:48.185+0000][1][safepoint    ] Leaving safepoint region
[2019-12-09T02:25:48.185+0000][1][safepoint    ] Total time for which application threads were stopped: 0.0710545 seconds, Stopping threads took: 0.0709995 seconds
[2019-12-09T02:25:50.203+0000][1][safepoint    ] Application time: 2.0178939 seconds
[2019-12-09T02:25:50.222+0000][1][safepoint    ] Entering safepoint region: Cleanup
[2019-12-09T02:25:50.222+0000][1][safepoint    ] Leaving safepoint region
[2019-12-09T02:25:50.222+0000][1][safepoint    ] Total time for which application threads were stopped: 0.0190844 seconds, Stopping threads took: 0.0190403 seconds
[2019-12-09T02:25:50.682+0000][1][safepoint    ] Application time: 0.4598882 seconds
[2019-12-09T02:25:50.682+0000][1][safepoint    ] Entering safepoint region: RevokeBias
[2019-12-09T02:25:50.682+0000][1][safepoint    ] Leaving safepoint region
[2019-12-09T02:25:50.682+0000][1][safepoint    ] Total time for which application threads were stopped: 0.0000891 seconds, Stopping threads took: 0.0000127 seconds
[2019-12-09T02:25:51.394+0000][1][safepoint    ] Application time: 0.7121060 seconds
[2019-12-09T02:25:51.394+0000][1][safepoint    ] Entering safepoint region: GenCollectForAllocation
[2019-12-09T02:25:51.394+0000][1][gc,start     ] GC(14) Pause Young (Allocation Failure)
[2019-12-09T02:25:51.394+0000][1][gc,task      ] GC(14) Using 2 workers of 2 for evacuation
[2019-12-09T02:25:51.990+0000][1][gc,age       ] GC(14) Desired survivor size 4456448 bytes, new threshold 1 (max threshold 6)
[2019-12-09T02:25:51.991+0000][1][gc,age       ] GC(14) Age table with threshold 1 (max threshold 6)
[2019-12-09T02:25:51.991+0000][1][gc,age       ] GC(14) - age   1:    8912832 bytes,    8912832 total
[2019-12-09T02:25:51.991+0000][1][gc,heap      ] GC(14) ParNew: 78656K->8704K(78656K)
[2019-12-09T02:25:51.991+0000][1][gc,heap      ] GC(14) CMS: 21554K->35584K(174784K)
[2019-12-09T02:25:51.991+0000][1][gc,metaspace ] GC(14) Metaspace: 27233K->27233K(1075200K)
[2019-12-09T02:25:51.991+0000][1][gc           ] GC(14) Pause Young (Allocation Failure) 97M->43M(247M) 596.515ms
[2019-12-09T02:25:51.991+0000][1][gc,cpu       ] GC(14) User=0.19s Sys=0.00s Real=0.60s
[2019-12-09T02:25:51.991+0000][1][safepoint    ] Leaving safepoint region
[2019-12-09T02:25:51.991+0000][1][safepoint    ] Total time for which application threads were stopped: 0.5966612 seconds, Stopping threads took: 0.0000157 seconds
[2019-12-09T02:25:52.994+0000][1][safepoint    ] Application time: 1.0030013 seconds
[2019-12-09T02:25:53.053+0000][1][safepoint    ] Entering safepoint region: Cleanup
[2019-12-09T02:25:53.053+0000][1][safepoint    ] Leaving safepoint region
[2019-12-09T02:25:53.053+0000][1][safepoint    ] Total time for which application threads were stopped: 0.0590688 seconds, Stopping threads took: 0.0590210 seconds
[2019-12-09T02:25:54.054+0000][1][safepoint    ] Application time: 1.0008743 seconds
[2019-12-09T02:25:54.136+0000][1][safepoint    ] Entering safepoint region: Cleanup
[2019-12-09T02:25:54.136+0000][1][safepoint    ] Leaving safepoint region
[2019-12-09T02:25:54.136+0000][1][safepoint    ] Total time for which application threads were stopped: 0.0820895 seconds, Stopping threads took: 0.0820397 seconds
[2019-12-09T02:25:55.144+0000][1][safepoint    ] Application time: 1.0078946 seconds
[2019-12-09T02:25:55.144+0000][1][safepoint    ] Entering safepoint region: Cleanup
[2019-12-09T02:25:55.144+0000][1][safepoint    ] Leaving safepoint region
[2019-12-09T02:25:55.144+0000][1][safepoint    ] Total time for which application threads were stopped: 0.0000975 seconds, Stopping threads took: 0.0000517 seconds
[2019-12-09T02:25:56.159+0000][1][safepoint    ] Application time: 1.0148172 seconds
[2019-12-09T02:25:56.159+0000][1][safepoint    ] Entering safepoint region: Cleanup
[2019-12-09T02:25:56.159+0000][1][safepoint    ] Leaving safepoint region
[2019-12-09T02:25:56.159+0000][1][safepoint    ] Total time for which application threads were stopped: 0.0002647 seconds, Stopping threads took: 0.0001995 seconds
[2019-12-09T02:25:57.003+0000][1][safepoint    ] Application time: 0.8437005 seconds
[2019-12-09T02:25:57.003+0000][1][safepoint    ] Entering safepoint region: GenCollectForAllocation
[2019-12-09T02:25:57.003+0000][1][gc,start     ] GC(15) Pause Young (Allocation Failure)
[2019-12-09T02:25:57.003+0000][1][gc,task      ] GC(15) Using 2 workers of 2 for evacuation
[2019-12-09T02:25:57.387+0000][1][gc,age       ] GC(15) Desired survivor size 4456448 bytes, new threshold 1 (max threshold 6)
[2019-12-09T02:25:57.387+0000][1][gc,age       ] GC(15) Age table with threshold 1 (max threshold 6)
[2019-12-09T02:25:57.387+0000][1][gc,age       ] GC(15) - age   1:    8912784 bytes,    8912784 total
[2019-12-09T02:25:57.387+0000][1][gc,heap      ] GC(15) ParNew: 78656K->8704K(78656K)
[2019-12-09T02:25:57.387+0000][1][gc,heap      ] GC(15) CMS: 35584K->45861K(174784K)
[2019-12-09T02:25:57.387+0000][1][gc,metaspace ] GC(15) Metaspace: 29590K->29590K(1077248K)
[2019-12-09T02:25:57.387+0000][1][gc           ] GC(15) Pause Young (Allocation Failure) 111M->53M(247M) 383.880ms
[2019-12-09T02:25:57.387+0000][1][gc,cpu       ] GC(15) User=0.09s Sys=0.00s Real=0.39s
[2019-12-09T02:25:57.387+0000][1][safepoint    ] Leaving safepoint region
[2019-12-09T02:25:57.387+0000][1][safepoint    ] Total time for which application threads were stopped: 0.3840948 seconds, Stopping threads took: 0.0000462 seconds
[2019-12-09T02:25:58.394+0000][1][safepoint    ] Application time: 1.0073008 seconds
[2019-12-09T02:25:58.438+0000][1][safepoint    ] Entering safepoint region: Cleanup
[2019-12-09T02:25:58.438+0000][1][safepoint    ] Leaving safepoint region
[2019-12-09T02:25:58.438+0000][1][safepoint    ] Total time for which application threads were stopped: 0.0440585 seconds, Stopping threads took: 0.0439973 seconds
[2019-12-09T02:25:59.443+0000][1][safepoint    ] Application time: 1.0044459 seconds
[2019-12-09T02:25:59.443+0000][1][safepoint    ] Entering safepoint region: Cleanup
[2019-12-09T02:25:59.443+0000][1][safepoint    ] Leaving safepoint region
[2019-12-09T02:25:59.443+0000][1][safepoint    ] Total time for which application threads were stopped: 0.0004377 seconds, Stopping threads took: 0.0003879 seconds
[2019-12-09T02:26:00.452+0000][1][safepoint    ] Application time: 1.0085111 seconds
[2019-12-09T02:26:00.519+0000][1][safepoint    ] Entering safepoint region: Cleanup
[2019-12-09T02:26:00.519+0000][1][safepoint    ] Leaving safepoint region
[2019-12-09T02:26:00.519+0000][1][safepoint    ] Total time for which application threads were stopped: 0.0671083 seconds, Stopping threads took: 0.0670394 seconds
[2019-12-09T02:26:00.585+0000][1][safepoint    ] Application time: 0.0664058 seconds
[2019-12-09T02:26:00.585+0000][1][safepoint    ] Entering safepoint region: GenCollectForAllocation
[2019-12-09T02:26:00.585+0000][1][gc,start     ] GC(16) Pause Young (Allocation Failure)
[2019-12-09T02:26:00.585+0000][1][gc,task      ] GC(16) Using 2 workers of 2 for evacuation
[2019-12-09T02:26:00.707+0000][1][gc,age       ] GC(16) Desired survivor size 4456448 bytes, new threshold 6 (max threshold 6)
[2019-12-09T02:26:00.708+0000][1][gc,age       ] GC(16) Age table with threshold 6 (max threshold 6)
[2019-12-09T02:26:00.708+0000][1][gc,age       ] GC(16) - age   1:    1255568 bytes,    1255568 total
[2019-12-09T02:26:00.708+0000][1][gc,heap      ] GC(16) ParNew: 78656K->8620K(78656K)
[2019-12-09T02:26:00.708+0000][1][gc,heap      ] GC(16) CMS: 45861K->54634K(174784K)
[2019-12-09T02:26:00.708+0000][1][gc,metaspace ] GC(16) Metaspace: 33035K->33035K(1079296K)
[2019-12-09T02:26:00.708+0000][1][gc           ] GC(16) Pause Young (Allocation Failure) 121M->61M(247M) 122.197ms
[2019-12-09T02:26:00.708+0000][1][gc,cpu       ] GC(16) User=0.05s Sys=0.00s Real=0.12s
[2019-12-09T02:26:00.708+0000][1][safepoint    ] Leaving safepoint region
[2019-12-09T02:26:00.708+0000][1][safepoint    ] Total time for which application threads were stopped: 0.1223308 seconds, Stopping threads took: 0.0000142 seconds
[2019-12-09T02:26:01.709+0000][1][safepoint    ] Application time: 1.0010674 seconds
[2019-12-09T02:26:01.794+0000][1][safepoint    ] Entering safepoint region: Cleanup
[2019-12-09T02:26:01.794+0000][1][safepoint    ] Leaving safepoint region
[2019-12-09T02:26:01.794+0000][1][safepoint    ] Total time for which application threads were stopped: 0.0850454 seconds, Stopping threads took: 0.0849826 seconds
[2019-12-09T02:26:02.805+0000][1][safepoint    ] Application time: 1.0109000 seconds
[2019-12-09T02:26:02.805+0000][1][safepoint    ] Entering safepoint region: Cleanup
[2019-12-09T02:26:02.805+0000][1][safepoint    ] Leaving safepoint region
[2019-12-09T02:26:02.805+0000][1][safepoint    ] Total time for which application threads were stopped: 0.0000793 seconds, Stopping threads took: 0.0000271 seconds
[2019-12-09T02:26:03.480+0000][1][safepoint    ] Application time: 0.6747140 seconds
[2019-12-09T02:26:03.480+0000][1][safepoint    ] Entering safepoint region: CollectForMetadataAllocation
[2019-12-09T02:26:03.480+0000][1][safepoint    ] Leaving safepoint region
[2019-12-09T02:26:03.480+0000][1][safepoint    ] Total time for which application threads were stopped: 0.0002799 seconds, Stopping threads took: 0.0000132 seconds
[2019-12-09T02:26:03.828+0000][1][safepoint    ] Application time: 0.3478835 seconds
[2019-12-09T02:26:03.828+0000][1][safepoint    ] Entering safepoint region: CollectForMetadataAllocation
[2019-12-09T02:26:03.828+0000][1][safepoint    ] Leaving safepoint region
[2019-12-09T02:26:03.828+0000][1][safepoint    ] Total time for which application threads were stopped: 0.0002377 seconds, Stopping threads took: 0.0000146 seconds
[2019-12-09T02:26:04.139+0000][1][safepoint    ] Application time: 0.3107916 seconds
[2019-12-09T02:26:04.139+0000][1][safepoint    ] Entering safepoint region: CollectForMetadataAllocation
[2019-12-09T02:26:04.139+0000][1][safepoint    ] Leaving safepoint region
[2019-12-09T02:26:04.139+0000][1][safepoint    ] Total time for which application threads were stopped: 0.0002476 seconds, Stopping threads took: 0.0000154 seconds
[2019-12-09T02:26:04.300+0000][1][safepoint    ] Application time: 0.1606420 seconds
[2019-12-09T02:26:04.300+0000][1][safepoint    ] Entering safepoint region: CollectForMetadataAllocation
[2019-12-09T02:26:04.300+0000][1][safepoint    ] Leaving safepoint region
[2019-12-09T02:26:04.300+0000][1][safepoint    ] Total time for which application threads were stopped: 0.0002515 seconds, Stopping threads took: 0.0000150 seconds
[2019-12-09T02:26:04.426+0000][1][safepoint    ] Application time: 0.1255310 seconds
[2019-12-09T02:26:04.426+0000][1][safepoint    ] Entering safepoint region: CollectForMetadataAllocation
[2019-12-09T02:26:04.426+0000][1][safepoint    ] Leaving safepoint region
[2019-12-09T02:26:04.426+0000][1][safepoint    ] Total time for which application threads were stopped: 0.0002534 seconds, Stopping threads took: 0.0000145 seconds
[2019-12-09T02:26:04.668+0000][1][safepoint    ] Application time: 0.2424034 seconds
[2019-12-09T02:26:04.668+0000][1][safepoint    ] Entering safepoint region: CollectForMetadataAllocation
[2019-12-09T02:26:04.669+0000][1][safepoint    ] Leaving safepoint region
[2019-12-09T02:26:04.669+0000][1][safepoint    ] Total time for which application threads were stopped: 0.0002267 seconds, Stopping threads took: 0.0000139 seconds
[2019-12-09T02:26:04.738+0000][1][safepoint    ] Application time: 0.0691918 seconds
[2019-12-09T02:26:04.738+0000][1][safepoint    ] Entering safepoint region: CMS_Initial_Mark
[2019-12-09T02:26:04.738+0000][1][gc,start     ] GC(17) Pause Initial Mark
[2019-12-09T02:26:04.878+0000][1][gc           ] GC(17) Pause Initial Mark 130M->130M(247M) 140.167ms
[2019-12-09T02:26:04.878+0000][1][gc,cpu       ] GC(17) User=0.03s Sys=0.00s Real=0.14s
[2019-12-09T02:26:04.878+0000][1][safepoint    ] Leaving safepoint region
[2019-12-09T02:26:04.878+0000][1][safepoint    ] Total time for which application threads were stopped: 0.1405778 seconds, Stopping threads took: 0.0002970 seconds
[2019-12-09T02:26:04.878+0000][1][gc           ] GC(17) Concurrent Mark
[2019-12-09T02:26:04.914+0000][1][safepoint    ] Application time: 0.0353546 seconds
[2019-12-09T02:26:04.914+0000][1][safepoint    ] Entering safepoint region: CollectForMetadataAllocation
[2019-12-09T02:26:04.914+0000][1][safepoint    ] Leaving safepoint region
[2019-12-09T02:26:04.914+0000][1][safepoint    ] Total time for which application threads were stopped: 0.0002513 seconds, Stopping threads took: 0.0000145 seconds
[2019-12-09T02:26:05.103+0000][1][safepoint    ] Application time: 0.1886775 seconds
[2019-12-09T02:26:05.103+0000][1][safepoint    ] Entering safepoint region: GenCollectForAllocation
[2019-12-09T02:26:05.103+0000][1][gc,start     ] GC(18) Pause Young (Allocation Failure)
[2019-12-09T02:26:05.103+0000][1][gc,task      ] GC(18) Using 2 workers of 2 for evacuation
[2019-12-09T02:26:05.251+0000][1][gc,age       ] GC(18) Desired survivor size 4456448 bytes, new threshold 6 (max threshold 6)
[2019-12-09T02:26:05.251+0000][1][gc,age       ] GC(18) Age table with threshold 6 (max threshold 6)
[2019-12-09T02:26:05.251+0000][1][gc,age       ] GC(18) - age   1:    1986256 bytes,    1986256 total
[2019-12-09T02:26:05.251+0000][1][gc,age       ] GC(18) - age   2:    1189880 bytes,    3176136 total
[2019-12-09T02:26:05.251+0000][1][gc,heap      ] GC(18) ParNew: 78572K->4770K(78656K)
[2019-12-09T02:26:05.251+0000][1][gc,heap      ] GC(18) CMS: 54634K->54634K(174784K)
[2019-12-09T02:26:05.251+0000][1][gc,metaspace ] GC(18) Metaspace: 35560K->35560K(1081344K)
[2019-12-09T02:26:05.251+0000][1][gc           ] GC(18) Pause Young (Allocation Failure) 130M->58M(247M) 148.310ms
[2019-12-09T02:26:05.251+0000][1][gc,cpu       ] GC(18) User=0.02s Sys=0.00s Real=0.15s
[2019-12-09T02:26:05.251+0000][1][safepoint    ] Leaving safepoint region
[2019-12-09T02:26:05.251+0000][1][safepoint    ] Total time for which application threads were stopped: 0.1484426 seconds, Stopping threads took: 0.0000121 seconds
[2019-12-09T02:26:05.339+0000][1][safepoint    ] Application time: 0.0875108 seconds
[2019-12-09T02:26:05.339+0000][1][safepoint    ] Entering safepoint region: CollectForMetadataAllocation
[2019-12-09T02:26:05.339+0000][1][safepoint    ] Leaving safepoint region
[2019-12-09T02:26:05.339+0000][1][safepoint    ] Total time for which application threads were stopped: 0.0002286 seconds, Stopping threads took: 0.0000141 seconds
[2019-12-09T02:26:05.622+0000][1][safepoint    ] Application time: 0.2833862 seconds
[2019-12-09T02:26:05.622+0000][1][safepoint    ] Entering safepoint region: CollectForMetadataAllocation
[2019-12-09T02:26:05.623+0000][1][safepoint    ] Leaving safepoint region
[2019-12-09T02:26:05.623+0000][1][safepoint    ] Total time for which application threads were stopped: 0.0002362 seconds, Stopping threads took: 0.0000148 seconds
[2019-12-09T02:26:05.801+0000][1][gc           ] GC(17) Concurrent Mark 922.957ms
[2019-12-09T02:26:05.801+0000][1][gc,cpu       ] GC(17) User=0.24s Sys=0.01s Real=0.92s
[2019-12-09T02:26:05.801+0000][1][gc           ] GC(17) Concurrent Preclean
[2019-12-09T02:26:05.867+0000][1][gc           ] GC(17) Concurrent Preclean 65.468ms
[2019-12-09T02:26:05.867+0000][1][gc,cpu       ] GC(17) User=0.01s Sys=0.00s Real=0.07s
[2019-12-09T02:26:05.867+0000][1][gc           ] GC(17) Concurrent Abortable Preclean
[2019-12-09T02:26:05.956+0000][1][safepoint    ] Application time: 0.3330647 seconds
[2019-12-09T02:26:05.956+0000][1][safepoint    ] Entering safepoint region: CollectForMetadataAllocation
[2019-12-09T02:26:05.956+0000][1][safepoint    ] Leaving safepoint region
[2019-12-09T02:26:05.956+0000][1][safepoint    ] Total time for which application threads were stopped: 0.0001571 seconds, Stopping threads took: 0.0000156 seconds
[2019-12-09T02:26:06.310+0000][1][safepoint    ] Application time: 0.3541999 seconds
[2019-12-09T02:26:06.310+0000][1][safepoint    ] Entering safepoint region: CollectForMetadataAllocation
[2019-12-09T02:26:06.310+0000][1][safepoint    ] Leaving safepoint region
[2019-12-09T02:26:06.310+0000][1][safepoint    ] Total time for which application threads were stopped: 0.0002465 seconds, Stopping threads took: 0.0000147 seconds
[2019-12-09T02:26:06.330+0000][1][safepoint    ] Application time: 0.0198594 seconds
[2019-12-09T02:26:06.330+0000][1][safepoint    ] Entering safepoint region: RevokeBias
[2019-12-09T02:26:06.330+0000][1][safepoint    ] Leaving safepoint region
[2019-12-09T02:26:06.330+0000][1][safepoint    ] Total time for which application threads were stopped: 0.0001260 seconds, Stopping threads took: 0.0000125 seconds
[2019-12-09T02:26:06.624+0000][1][safepoint    ] Application time: 0.2932750 seconds
[2019-12-09T02:26:06.624+0000][1][safepoint    ] Entering safepoint region: CollectForMetadataAllocation
[2019-12-09T02:26:06.624+0000][1][safepoint    ] Leaving safepoint region
[2019-12-09T02:26:06.624+0000][1][safepoint    ] Total time for which application threads were stopped: 0.0002621 seconds, Stopping threads took: 0.0000163 seconds
[2019-12-09T02:26:06.775+0000][1][safepoint    ] Application time: 0.1506817 seconds
[2019-12-09T02:26:06.775+0000][1][safepoint    ] Entering safepoint region: CollectForMetadataAllocation
[2019-12-09T02:26:06.775+0000][1][safepoint    ] Leaving safepoint region
[2019-12-09T02:26:06.775+0000][1][safepoint    ] Total time for which application threads were stopped: 0.0002377 seconds, Stopping threads took: 0.0000127 seconds
[2019-12-09T02:26:07.035+0000][1][safepoint    ] Application time: 0.2600395 seconds
[2019-12-09T02:26:07.035+0000][1][safepoint    ] Entering safepoint region: CollectForMetadataAllocation
[2019-12-09T02:26:07.035+0000][1][safepoint    ] Leaving safepoint region
[2019-12-09T02:26:07.035+0000][1][safepoint    ] Total time for which application threads were stopped: 0.0002331 seconds, Stopping threads took: 0.0000143 seconds
[2019-12-09T02:26:07.284+0000][1][safepoint    ] Application time: 0.2490288 seconds
[2019-12-09T02:26:07.284+0000][1][safepoint    ] Entering safepoint region: CollectForMetadataAllocation
[2019-12-09T02:26:07.285+0000][1][safepoint    ] Leaving safepoint region
[2019-12-09T02:26:07.285+0000][1][safepoint    ] Total time for which application threads were stopped: 0.0002234 seconds, Stopping threads took: 0.0000126 seconds
[2019-12-09T02:26:07.428+0000][1][safepoint    ] Application time: 0.1431385 seconds
[2019-12-09T02:26:07.428+0000][1][safepoint    ] Entering safepoint region: CollectForMetadataAllocation
[2019-12-09T02:26:07.428+0000][1][safepoint    ] Leaving safepoint region
[2019-12-09T02:26:07.428+0000][1][safepoint    ] Total time for which application threads were stopped: 0.0002106 seconds, Stopping threads took: 0.0000128 seconds
[2019-12-09T02:26:07.740+0000][1][safepoint    ] Application time: 0.3117150 seconds
[2019-12-09T02:26:07.740+0000][1][safepoint    ] Entering safepoint region: CollectForMetadataAllocation
[2019-12-09T02:26:07.740+0000][1][safepoint    ] Leaving safepoint region
[2019-12-09T02:26:07.740+0000][1][safepoint    ] Total time for which application threads were stopped: 0.0001547 seconds, Stopping threads took: 0.0000167 seconds
[2019-12-09T02:26:08.020+0000][1][safepoint    ] Application time: 0.2798694 seconds
[2019-12-09T02:26:08.020+0000][1][safepoint    ] Entering safepoint region: CollectForMetadataAllocation
[2019-12-09T02:26:08.020+0000][1][safepoint    ] Leaving safepoint region
[2019-12-09T02:26:08.020+0000][1][safepoint    ] Total time for which application threads were stopped: 0.0002173 seconds, Stopping threads took: 0.0000137 seconds
[2019-12-09T02:26:08.275+0000][1][safepoint    ] Application time: 0.2552703 seconds
[2019-12-09T02:26:08.275+0000][1][safepoint    ] Entering safepoint region: CollectForMetadataAllocation
[2019-12-09T02:26:08.276+0000][1][safepoint    ] Leaving safepoint region
[2019-12-09T02:26:08.276+0000][1][safepoint    ] Total time for which application threads were stopped: 0.0002487 seconds, Stopping threads took: 0.0000171 seconds
[2019-12-09T02:26:08.599+0000][1][safepoint    ] Application time: 0.3231329 seconds
[2019-12-09T02:26:08.599+0000][1][safepoint    ] Entering safepoint region: CollectForMetadataAllocation
[2019-12-09T02:26:08.599+0000][1][safepoint    ] Leaving safepoint region
[2019-12-09T02:26:08.599+0000][1][safepoint    ] Total time for which application threads were stopped: 0.0002223 seconds, Stopping threads took: 0.0000142 seconds
[2019-12-09T02:26:08.802+0000][1][safepoint    ] Application time: 0.2027104 seconds
[2019-12-09T02:26:08.802+0000][1][safepoint    ] Entering safepoint region: CollectForMetadataAllocation
[2019-12-09T02:26:08.802+0000][1][safepoint    ] Leaving safepoint region
[2019-12-09T02:26:08.802+0000][1][safepoint    ] Total time for which application threads were stopped: 0.0002489 seconds, Stopping threads took: 0.0000145 seconds
[2019-12-09T02:26:09.049+0000][1][safepoint    ] Application time: 0.2466991 seconds
[2019-12-09T02:26:09.049+0000][1][safepoint    ] Entering safepoint region: CollectForMetadataAllocation
[2019-12-09T02:26:09.049+0000][1][safepoint    ] Leaving safepoint region
[2019-12-09T02:26:09.049+0000][1][safepoint    ] Total time for which application threads were stopped: 0.0003540 seconds, Stopping threads took: 0.0001335 seconds
[2019-12-09T02:26:09.224+0000][1][safepoint    ] Application time: 0.1745775 seconds
[2019-12-09T02:26:09.224+0000][1][safepoint    ] Entering safepoint region: CollectForMetadataAllocation
[2019-12-09T02:26:09.224+0000][1][safepoint    ] Leaving safepoint region
[2019-12-09T02:26:09.224+0000][1][safepoint    ] Total time for which application threads were stopped: 0.0002200 seconds, Stopping threads took: 0.0000152 seconds
[2019-12-09T02:26:09.736+0000][1][safepoint    ] Application time: 0.5118291 seconds
[2019-12-09T02:26:09.736+0000][1][safepoint    ] Entering safepoint region: CollectForMetadataAllocation
[2019-12-09T02:26:09.736+0000][1][safepoint    ] Leaving safepoint region
[2019-12-09T02:26:09.736+0000][1][safepoint    ] Total time for which application threads were stopped: 0.0002368 seconds, Stopping threads took: 0.0000139 seconds
[2019-12-09T02:26:10.207+0000][1][safepoint    ] Application time: 0.4706287 seconds
[2019-12-09T02:26:10.207+0000][1][safepoint    ] Entering safepoint region: CollectForMetadataAllocation
[2019-12-09T02:26:10.207+0000][1][safepoint    ] Leaving safepoint region
[2019-12-09T02:26:10.207+0000][1][safepoint    ] Total time for which application threads were stopped: 0.0002233 seconds, Stopping threads took: 0.0000144 seconds
[2019-12-09T02:26:10.497+0000][1][safepoint    ] Application time: 0.2897606 seconds
[2019-12-09T02:26:10.497+0000][1][safepoint    ] Entering safepoint region: CollectForMetadataAllocation
[2019-12-09T02:26:10.497+0000][1][safepoint    ] Leaving safepoint region
[2019-12-09T02:26:10.497+0000][1][safepoint    ] Total time for which application threads were stopped: 0.0002427 seconds, Stopping threads took: 0.0000162 seconds
[2019-12-09T02:26:10.729+0000][1][safepoint    ] Application time: 0.2316989 seconds
[2019-12-09T02:26:10.729+0000][1][safepoint    ] Entering safepoint region: CollectForMetadataAllocation
[2019-12-09T02:26:10.729+0000][1][safepoint    ] Leaving safepoint region
[2019-12-09T02:26:10.729+0000][1][safepoint    ] Total time for which application threads were stopped: 0.0002381 seconds, Stopping threads took: 0.0000159 seconds
[2019-12-09T02:26:10.929+0000][1][gc           ] GC(17) Concurrent Abortable Preclean 5062.235ms
[2019-12-09T02:26:10.929+0000][1][gc,cpu       ] GC(17) User=1.40s Sys=0.03s Real=5.06s
[2019-12-09T02:26:10.929+0000][1][safepoint    ] Application time: 0.2002682 seconds
[2019-12-09T02:26:11.026+0000][1][safepoint    ] Entering safepoint region: CMS_Final_Remark
[2019-12-09T02:26:11.026+0000][1][gc,start     ] GC(17) Pause Remark
[2019-12-09T02:26:11.091+0000][1][gc           ] GC(17) Pause Remark 86M->86M(247M) 65.016ms
[2019-12-09T02:26:11.091+0000][1][gc,cpu       ] GC(17) User=0.03s Sys=0.00s Real=0.06s
[2019-12-09T02:26:11.091+0000][1][safepoint    ] Leaving safepoint region
[2019-12-09T02:26:11.091+0000][1][safepoint    ] Total time for which application threads were stopped: 0.1617292 seconds, Stopping threads took: 0.0965757 seconds
[2019-12-09T02:26:11.126+0000][1][gc           ] GC(17) Concurrent Sweep
[2019-12-09T02:26:11.166+0000][1][safepoint    ] Application time: 0.0752088 seconds
[2019-12-09T02:26:11.166+0000][1][safepoint    ] Entering safepoint region: CollectForMetadataAllocation
[2019-12-09T02:26:11.167+0000][1][safepoint    ] Leaving safepoint region
[2019-12-09T02:26:11.167+0000][1][safepoint    ] Total time for which application threads were stopped: 0.0008585 seconds, Stopping threads took: 0.0000140 seconds
[2019-12-09T02:26:11.185+0000][1][safepoint    ] Application time: 0.0175704 seconds
[2019-12-09T02:26:11.185+0000][1][safepoint    ] Entering safepoint region: CollectForMetadataAllocation
[2019-12-09T02:26:11.185+0000][1][safepoint    ] Leaving safepoint region
[2019-12-09T02:26:11.185+0000][1][safepoint    ] Total time for which application threads were stopped: 0.0002316 seconds, Stopping threads took: 0.0000133 seconds
[2019-12-09T02:26:11.337+0000][1][safepoint    ] Application time: 0.1517021 seconds
[2019-12-09T02:26:11.337+0000][1][safepoint    ] Entering safepoint region: RevokeBias
[2019-12-09T02:26:11.337+0000][1][safepoint    ] Leaving safepoint region
[2019-12-09T02:26:11.337+0000][1][safepoint    ] Total time for which application threads were stopped: 0.0001547 seconds, Stopping threads took: 0.0000882 seconds
[2019-12-09T02:26:11.470+0000][1][gc           ] GC(17) Concurrent Sweep 343.900ms
[2019-12-09T02:26:11.470+0000][1][gc,cpu       ] GC(17) User=0.09s Sys=0.00s Real=0.34s
[2019-12-09T02:26:11.470+0000][1][gc           ] GC(17) Concurrent Reset
[2019-12-09T02:26:11.470+0000][1][gc           ] GC(17) Concurrent Reset 0.332ms
[2019-12-09T02:26:11.470+0000][1][gc,cpu       ] GC(17) User=0.00s Sys=0.00s Real=0.00s
[2019-12-09T02:26:11.470+0000][1][gc,heap      ] GC(17) Old: 54634K->54415K(174784K)
[2019-12-09T02:26:12.357+0000][1][safepoint    ] Application time: 1.0199304 seconds
[2019-12-09T02:26:12.385+0000][1][safepoint    ] Entering safepoint region: Cleanup
[2019-12-09T02:26:12.385+0000][1][safepoint    ] Leaving safepoint region
[2019-12-09T02:26:12.385+0000][1][safepoint    ] Total time for which application threads were stopped: 0.0279369 seconds, Stopping threads took: 0.0278768 seconds
[2019-12-09T02:26:14.403+0000][1][safepoint    ] Application time: 2.0178712 seconds
[2019-12-09T02:26:14.435+0000][1][safepoint    ] Entering safepoint region: Cleanup
[2019-12-09T02:26:14.435+0000][1][safepoint    ] Leaving safepoint region
[2019-12-09T02:26:14.435+0000][1][safepoint    ] Total time for which application threads were stopped: 0.0324652 seconds, Stopping threads took: 0.0324120 seconds
[2019-12-09T02:26:15.172+0000][1][safepoint    ] Application time: 0.7365912 seconds
[2019-12-09T02:26:15.231+0000][1][safepoint    ] Entering safepoint region: RevokeBias
[2019-12-09T02:26:15.231+0000][1][safepoint    ] Leaving safepoint region
[2019-12-09T02:26:15.231+0000][1][safepoint    ] Total time for which application threads were stopped: 0.0591278 seconds, Stopping threads took: 0.0589053 seconds
[2019-12-09T02:26:15.231+0000][1][safepoint    ] Application time: 0.0001468 seconds
[2019-12-09T02:26:15.231+0000][1][safepoint    ] Entering safepoint region: RevokeBias
[2019-12-09T02:26:15.231+0000][1][safepoint    ] Leaving safepoint region
[2019-12-09T02:26:15.231+0000][1][safepoint    ] Total time for which application threads were stopped: 0.0001006 seconds, Stopping threads took: 0.0000115 seconds
[2019-12-09T02:26:15.232+0000][1][safepoint    ] Application time: 0.0002312 seconds
[2019-12-09T02:26:15.232+0000][1][safepoint    ] Entering safepoint region: RevokeBias
[2019-12-09T02:26:15.232+0000][1][safepoint    ] Leaving safepoint region
[2019-12-09T02:26:15.232+0000][1][safepoint    ] Total time for which application threads were stopped: 0.0000915 seconds, Stopping threads took: 0.0000100 seconds
[2019-12-09T02:26:16.309+0000][1][safepoint    ] Application time: 1.0772680 seconds
[2019-12-09T02:26:16.403+0000][1][safepoint    ] Entering safepoint region: RevokeBias
[2019-12-09T02:26:16.403+0000][1][safepoint    ] Leaving safepoint region
[2019-12-09T02:26:16.403+0000][1][safepoint    ] Total time for which application threads were stopped: 0.0938996 seconds, Stopping threads took: 0.0938177 seconds
[2019-12-09T02:26:16.452+0000][1][safepoint    ] Application time: 0.0488844 seconds
[2019-12-09T02:26:16.503+0000][1][safepoint    ] Entering safepoint region: RevokeBias
[2019-12-09T02:26:16.503+0000][1][safepoint    ] Leaving safepoint region
[2019-12-09T02:26:16.503+0000][1][safepoint    ] Total time for which application threads were stopped: 0.0512769 seconds, Stopping threads took: 0.0511400 seconds
[2019-12-09T02:26:16.503+0000][1][safepoint    ] Application time: 0.0002524 seconds
[2019-12-09T02:26:16.503+0000][1][safepoint    ] Entering safepoint region: RevokeBias
[2019-12-09T02:26:16.503+0000][1][safepoint    ] Leaving safepoint region
[2019-12-09T02:26:16.503+0000][1][safepoint    ] Total time for which application threads were stopped: 0.0001094 seconds, Stopping threads took: 0.0000105 seconds
[2019-12-09T02:26:16.504+0000][1][safepoint    ] Application time: 0.0001910 seconds
[2019-12-09T02:26:16.504+0000][1][safepoint    ] Entering safepoint region: RevokeBias
[2019-12-09T02:26:16.504+0000][1][safepoint    ] Leaving safepoint region
[2019-12-09T02:26:16.504+0000][1][safepoint    ] Total time for which application threads were stopped: 0.0001151 seconds, Stopping threads took: 0.0000084 seconds
[2019-12-09T02:26:16.504+0000][1][safepoint    ] Application time: 0.0001516 seconds
[2019-12-09T02:26:16.504+0000][1][safepoint    ] Entering safepoint region: RevokeBias
[2019-12-09T02:26:16.504+0000][1][safepoint    ] Leaving safepoint region
[2019-12-09T02:26:16.504+0000][1][safepoint    ] Total time for which application threads were stopped: 0.0000909 seconds, Stopping threads took: 0.0000088 seconds
[2019-12-09T02:26:16.504+0000][1][safepoint    ] Application time: 0.0000675 seconds
[2019-12-09T02:26:16.504+0000][1][safepoint    ] Entering safepoint region: RevokeBias
[2019-12-09T02:26:16.504+0000][1][safepoint    ] Leaving safepoint region
[2019-12-09T02:26:16.504+0000][1][safepoint    ] Total time for which application threads were stopped: 0.0000819 seconds, Stopping threads took: 0.0000079 seconds
[2019-12-09T02:26:16.504+0000][1][safepoint    ] Application time: 0.0001284 seconds
[2019-12-09T02:26:16.504+0000][1][safepoint    ] Entering safepoint region: RevokeBias
[2019-12-09T02:26:16.504+0000][1][safepoint    ] Leaving safepoint region
[2019-12-09T02:26:16.504+0000][1][safepoint    ] Total time for which application threads were stopped: 0.0000939 seconds, Stopping threads took: 0.0000163 seconds
[2019-12-09T02:26:16.504+0000][1][safepoint    ] Application time: 0.0000741 seconds
[2019-12-09T02:26:16.504+0000][1][safepoint    ] Entering safepoint region: RevokeBias
[2019-12-09T02:26:16.505+0000][1][safepoint    ] Leaving safepoint region
[2019-12-09T02:26:16.505+0000][1][safepoint    ] Total time for which application threads were stopped: 0.0000819 seconds, Stopping threads took: 0.0000086 seconds
[2019-12-09T02:26:16.506+0000][1][safepoint    ] Application time: 0.0011533 seconds
[2019-12-09T02:26:16.506+0000][1][safepoint    ] Entering safepoint region: RevokeBias
[2019-12-09T02:26:16.506+0000][1][safepoint    ] Leaving safepoint region
[2019-12-09T02:26:16.506+0000][1][safepoint    ] Total time for which application threads were stopped: 0.0001070 seconds, Stopping threads took: 0.0000112 seconds
[2019-12-09T02:26:16.506+0000][1][safepoint    ] Application time: 0.0002416 seconds
[2019-12-09T02:26:16.506+0000][1][safepoint    ] Entering safepoint region: RevokeBias
[2019-12-09T02:26:16.506+0000][1][safepoint    ] Leaving safepoint region
[2019-12-09T02:26:16.506+0000][1][safepoint    ] Total time for which application threads were stopped: 0.0001045 seconds, Stopping threads took: 0.0000091 seconds
[2019-12-09T02:26:16.507+0000][1][safepoint    ] Application time: 0.0003814 seconds
[2019-12-09T02:26:16.507+0000][1][safepoint    ] Entering safepoint region: RevokeBias
[2019-12-09T02:26:16.507+0000][1][safepoint    ] Leaving safepoint region
[2019-12-09T02:26:16.507+0000][1][safepoint    ] Total time for which application threads were stopped: 0.0001218 seconds, Stopping threads took: 0.0000092 seconds
[2019-12-09T02:26:17.511+0000][1][safepoint    ] Application time: 1.0039547 seconds
[2019-12-09T02:26:17.552+0000][1][safepoint    ] Entering safepoint region: Cleanup
[2019-12-09T02:26:17.552+0000][1][safepoint    ] Leaving safepoint region
[2019-12-09T02:26:17.552+0000][1][safepoint    ] Total time for which application threads were stopped: 0.0411348 seconds, Stopping threads took: 0.0410789 seconds
[2019-12-09T02:26:18.553+0000][1][safepoint    ] Application time: 1.0009049 seconds
[2019-12-09T02:26:18.601+0000][1][safepoint    ] Entering safepoint region: Cleanup
[2019-12-09T02:26:18.601+0000][1][safepoint    ] Leaving safepoint region
[2019-12-09T02:26:18.601+0000][1][safepoint    ] Total time for which application threads were stopped: 0.0479524 seconds, Stopping threads took: 0.0479075 seconds
[2019-12-09T02:26:19.609+0000][1][safepoint    ] Application time: 1.0079304 seconds
[2019-12-09T02:26:19.609+0000][1][safepoint    ] Entering safepoint region: Cleanup
[2019-12-09T02:26:19.609+0000][1][safepoint    ] Leaving safepoint region
[2019-12-09T02:26:19.609+0000][1][safepoint    ] Total time for which application threads were stopped: 0.0000708 seconds, Stopping threads took: 0.0000153 seconds
[2019-12-09T02:26:20.635+0000][1][safepoint    ] Application time: 1.0258234 seconds
[2019-12-09T02:26:20.718+0000][1][safepoint    ] Entering safepoint region: Cleanup
[2019-12-09T02:26:20.718+0000][1][safepoint    ] Leaving safepoint region
[2019-12-09T02:26:20.718+0000][1][safepoint    ] Total time for which application threads were stopped: 0.0831666 seconds, Stopping threads took: 0.0830870 seconds
[2019-12-09T02:26:21.720+0000][1][safepoint    ] Application time: 1.0018158 seconds
[2019-12-09T02:26:21.792+0000][1][safepoint    ] Entering safepoint region: Cleanup
[2019-12-09T02:26:21.792+0000][1][safepoint    ] Leaving safepoint region
[2019-12-09T02:26:21.792+0000][1][safepoint    ] Total time for which application threads were stopped: 0.0720762 seconds, Stopping threads took: 0.0720050 seconds
[2019-12-09T02:26:21.794+0000][1][safepoint    ] Application time: 0.0017087 seconds
[2019-12-09T02:26:21.794+0000][1][safepoint    ] Entering safepoint region: GenCollectForAllocation
[2019-12-09T02:26:21.794+0000][1][gc,start     ] GC(19) Pause Young (Allocation Failure)
[2019-12-09T02:26:21.794+0000][1][gc,task      ] GC(19) Using 2 workers of 2 for evacuation
[2019-12-09T02:26:21.959+0000][1][gc,age       ] GC(19) Desired survivor size 4456448 bytes, new threshold 2 (max threshold 6)
[2019-12-09T02:26:21.959+0000][1][gc,age       ] GC(19) Age table with threshold 2 (max threshold 6)
[2019-12-09T02:26:21.959+0000][1][gc,age       ] GC(19) - age   1:    2605840 bytes,    2605840 total
[2019-12-09T02:26:21.959+0000][1][gc,age       ] GC(19) - age   2:    1958680 bytes,    4564520 total
[2019-12-09T02:26:21.959+0000][1][gc,age       ] GC(19) - age   3:    1187576 bytes,    5752096 total
[2019-12-09T02:26:21.959+0000][1][gc,heap      ] GC(19) ParNew: 74722K->7306K(78656K)
[2019-12-09T02:26:21.959+0000][1][gc,heap      ] GC(19) CMS: 54415K->54415K(174784K)
[2019-12-09T02:26:21.959+0000][1][gc,metaspace ] GC(19) Metaspace: 43021K->43021K(1089536K)
[2019-12-09T02:26:21.959+0000][1][gc           ] GC(19) Pause Young (Allocation Failure) 126M->60M(247M) 165.012ms
[2019-12-09T02:26:21.959+0000][1][gc,cpu       ] GC(19) User=0.05s Sys=0.00s Real=0.17s
[2019-12-09T02:26:21.959+0000][1][safepoint    ] Leaving safepoint region
[2019-12-09T02:26:21.959+0000][1][safepoint    ] Total time for which application threads were stopped: 0.1651604 seconds, Stopping threads took: 0.0000163 seconds
[2019-12-09T02:26:22.007+0000][1][safepoint    ] Application time: 0.0480344 seconds
[2019-12-09T02:26:22.007+0000][1][safepoint    ] Entering safepoint region: RevokeBias
[2019-12-09T02:26:22.007+0000][1][safepoint    ] Leaving safepoint region
[2019-12-09T02:26:22.007+0000][1][safepoint    ] Total time for which application threads were stopped: 0.0000698 seconds, Stopping threads took: 0.0000140 seconds
[2019-12-09T02:26:23.010+0000][1][safepoint    ] Application time: 1.0028159 seconds
[2019-12-09T02:26:23.010+0000][1][safepoint    ] Entering safepoint region: Cleanup
[2019-12-09T02:26:23.010+0000][1][safepoint    ] Leaving safepoint region
[2019-12-09T02:26:23.010+0000][1][safepoint    ] Total time for which application threads were stopped: 0.0000846 seconds, Stopping threads took: 0.0000152 seconds
[2019-12-09T02:26:23.288+0000][1][safepoint    ] Application time: 0.2782799 seconds
[2019-12-09T02:26:23.288+0000][1][safepoint    ] Entering safepoint region: RevokeBias
[2019-12-09T02:26:23.288+0000][1][safepoint    ] Leaving safepoint region
[2019-12-09T02:26:23.288+0000][1][safepoint    ] Total time for which application threads were stopped: 0.0001045 seconds, Stopping threads took: 0.0000137 seconds
[2019-12-09T02:26:23.322+0000][1][safepoint    ] Application time: 0.0341044 seconds
[2019-12-09T02:26:23.322+0000][1][safepoint    ] Entering safepoint region: RevokeBias
[2019-12-09T02:26:23.322+0000][1][safepoint    ] Leaving safepoint region
[2019-12-09T02:26:23.322+0000][1][safepoint    ] Total time for which application threads were stopped: 0.0000828 seconds, Stopping threads took: 0.0000133 seconds
[2019-12-09T02:26:23.334+0000][1][safepoint    ] Application time: 0.0112003 seconds
[2019-12-09T02:26:23.334+0000][1][safepoint    ] Entering safepoint region: RevokeBias
[2019-12-09T02:26:23.334+0000][1][safepoint    ] Leaving safepoint region
[2019-12-09T02:26:23.334+0000][1][safepoint    ] Total time for which application threads were stopped: 0.0000894 seconds, Stopping threads took: 0.0000127 seconds
[2019-12-09T02:26:24.340+0000][1][safepoint    ] Application time: 1.0065775 seconds
[2019-12-09T02:26:24.341+0000][1][safepoint    ] Entering safepoint region: Cleanup
[2019-12-09T02:26:24.341+0000][1][safepoint    ] Leaving safepoint region
[2019-12-09T02:26:24.341+0000][1][safepoint    ] Total time for which application threads were stopped: 0.0003736 seconds, Stopping threads took: 0.0003053 seconds
[2019-12-09T02:26:24.666+0000][1][safepoint    ] Application time: 0.3249025 seconds
[2019-12-09T02:26:24.666+0000][1][safepoint    ] Entering safepoint region: RevokeBias
[2019-12-09T02:26:24.666+0000][1][safepoint    ] Leaving safepoint region
[2019-12-09T02:26:24.666+0000][1][safepoint    ] Total time for which application threads were stopped: 0.0004859 seconds, Stopping threads took: 0.0000144 seconds
[2019-12-09T02:26:24.666+0000][1][safepoint    ] Application time: 0.0002140 seconds
[2019-12-09T02:26:24.666+0000][1][safepoint    ] Entering safepoint region: RevokeBias
[2019-12-09T02:26:24.667+0000][1][safepoint    ] Leaving safepoint region
[2019-12-09T02:26:24.667+0000][1][safepoint    ] Total time for which application threads were stopped: 0.0000743 seconds, Stopping threads took: 0.0000110 seconds
[2019-12-09T02:26:24.667+0000][1][safepoint    ] Application time: 0.0000482 seconds
[2019-12-09T02:26:24.667+0000][1][safepoint    ] Entering safepoint region: RevokeBias
[2019-12-09T02:26:24.667+0000][1][safepoint    ] Leaving safepoint region
[2019-12-09T02:26:24.667+0000][1][safepoint    ] Total time for which application threads were stopped: 0.0000502 seconds, Stopping threads took: 0.0000083 seconds
[2019-12-09T02:26:24.668+0000][1][safepoint    ] Application time: 0.0009630 seconds
[2019-12-09T02:26:24.668+0000][1][safepoint    ] Entering safepoint region: RevokeBias
[2019-12-09T02:26:24.668+0000][1][safepoint    ] Leaving safepoint region
[2019-12-09T02:26:24.668+0000][1][safepoint    ] Total time for which application threads were stopped: 0.0000674 seconds, Stopping threads took: 0.0000125 seconds
[2019-12-09T02:26:25.356+0000][1][safepoint    ] Application time: 0.6879831 seconds
[2019-12-09T02:26:25.356+0000][1][safepoint    ] Entering safepoint region: RevokeBias
[2019-12-09T02:26:25.356+0000][1][safepoint    ] Leaving safepoint region
[2019-12-09T02:26:25.356+0000][1][safepoint    ] Total time for which application threads were stopped: 0.0001077 seconds, Stopping threads took: 0.0000127 seconds
[2019-12-09T02:26:25.356+0000][1][safepoint    ] Application time: 0.0001012 seconds
[2019-12-09T02:26:25.356+0000][1][safepoint    ] Entering safepoint region: RevokeBias
[2019-12-09T02:26:25.356+0000][1][safepoint    ] Leaving safepoint region
[2019-12-09T02:26:25.356+0000][1][safepoint    ] Total time for which application threads were stopped: 0.0000732 seconds, Stopping threads took: 0.0000076 seconds
[2019-12-09T02:26:25.356+0000][1][safepoint    ] Application time: 0.0000661 seconds
[2019-12-09T02:26:25.356+0000][1][safepoint    ] Entering safepoint region: RevokeBias
[2019-12-09T02:26:25.356+0000][1][safepoint    ] Leaving safepoint region
[2019-12-09T02:26:25.356+0000][1][safepoint    ] Total time for which application threads were stopped: 0.0000633 seconds, Stopping threads took: 0.0000084 seconds
[2019-12-09T02:26:25.356+0000][1][safepoint    ] Application time: 0.0001333 seconds
[2019-12-09T02:26:25.356+0000][1][safepoint    ] Entering safepoint region: RevokeBias
[2019-12-09T02:26:25.356+0000][1][safepoint    ] Leaving safepoint region
[2019-12-09T02:26:25.356+0000][1][safepoint    ] Total time for which application threads were stopped: 0.0000752 seconds, Stopping threads took: 0.0000099 seconds
[2019-12-09T02:26:25.357+0000][1][safepoint    ] Application time: 0.0001972 seconds
[2019-12-09T02:26:25.357+0000][1][safepoint    ] Entering safepoint region: RevokeBias
[2019-12-09T02:26:25.357+0000][1][safepoint    ] Leaving safepoint region
[2019-12-09T02:26:25.357+0000][1][safepoint    ] Total time for which application threads were stopped: 0.0000972 seconds, Stopping threads took: 0.0000090 seconds
[2019-12-09T02:26:25.357+0000][1][safepoint    ] Application time: 0.0000917 seconds
[2019-12-09T02:26:25.357+0000][1][safepoint    ] Entering safepoint region: RevokeBias
[2019-12-09T02:26:25.357+0000][1][safepoint    ] Leaving safepoint region
[2019-12-09T02:26:25.357+0000][1][safepoint    ] Total time for which application threads were stopped: 0.0000805 seconds, Stopping threads took: 0.0000087 seconds
[2019-12-09T02:26:25.357+0000][1][safepoint    ] Application time: 0.0001928 seconds
[2019-12-09T02:26:25.357+0000][1][safepoint    ] Entering safepoint region: RevokeBias
[2019-12-09T02:26:25.357+0000][1][safepoint    ] Leaving safepoint region
[2019-12-09T02:26:25.357+0000][1][safepoint    ] Total time for which application threads were stopped: 0.0000830 seconds, Stopping threads took: 0.0000093 seconds
[2019-12-09T02:26:25.357+0000][1][safepoint    ] Application time: 0.0000590 seconds
[2019-12-09T02:26:25.357+0000][1][safepoint    ] Entering safepoint region: RevokeBias
[2019-12-09T02:26:25.357+0000][1][safepoint    ] Leaving safepoint region
[2019-12-09T02:26:25.357+0000][1][safepoint    ] Total time for which application threads were stopped: 0.0000613 seconds, Stopping threads took: 0.0000087 seconds
[2019-12-09T02:26:25.357+0000][1][safepoint    ] Application time: 0.0000550 seconds
[2019-12-09T02:26:25.357+0000][1][safepoint    ] Entering safepoint region: RevokeBias
[2019-12-09T02:26:25.357+0000][1][safepoint    ] Leaving safepoint region
[2019-12-09T02:26:25.357+0000][1][safepoint    ] Total time for which application threads were stopped: 0.0000585 seconds, Stopping threads took: 0.0000083 seconds
[2019-12-09T02:26:25.358+0000][1][safepoint    ] Application time: 0.0000531 seconds
[2019-12-09T02:26:25.358+0000][1][safepoint    ] Entering safepoint region: RevokeBias
[2019-12-09T02:26:25.358+0000][1][safepoint    ] Leaving safepoint region
[2019-12-09T02:26:25.358+0000][1][safepoint    ] Total time for which application threads were stopped: 0.0000568 seconds, Stopping threads took: 0.0000082 seconds
[2019-12-09T02:26:25.358+0000][1][safepoint    ] Application time: 0.0000539 seconds
[2019-12-09T02:26:25.358+0000][1][safepoint    ] Entering safepoint region: RevokeBias
[2019-12-09T02:26:25.358+0000][1][safepoint    ] Leaving safepoint region
[2019-12-09T02:26:25.358+0000][1][safepoint    ] Total time for which application threads were stopped: 0.0000604 seconds, Stopping threads took: 0.0000088 seconds
[2019-12-09T02:26:25.358+0000][1][safepoint    ] Application time: 0.0000540 seconds
[2019-12-09T02:26:25.358+0000][1][safepoint    ] Entering safepoint region: RevokeBias
[2019-12-09T02:26:25.358+0000][1][safepoint    ] Leaving safepoint region
[2019-12-09T02:26:25.358+0000][1][safepoint    ] Total time for which application threads were stopped: 0.0000563 seconds, Stopping threads took: 0.0000083 seconds
[2019-12-09T02:26:25.358+0000][1][safepoint    ] Application time: 0.0000537 seconds
[2019-12-09T02:26:25.358+0000][1][safepoint    ] Entering safepoint region: RevokeBias
[2019-12-09T02:26:25.358+0000][1][safepoint    ] Leaving safepoint region
[2019-12-09T02:26:25.358+0000][1][safepoint    ] Total time for which application threads were stopped: 0.0000553 seconds, Stopping threads took: 0.0000085 seconds
[2019-12-09T02:26:25.358+0000][1][safepoint    ] Application time: 0.0000538 seconds
[2019-12-09T02:26:25.358+0000][1][safepoint    ] Entering safepoint region: RevokeBias
[2019-12-09T02:26:25.358+0000][1][safepoint    ] Leaving safepoint region
[2019-12-09T02:26:25.358+0000][1][safepoint    ] Total time for which application threads were stopped: 0.0000551 seconds, Stopping threads took: 0.0000079 seconds
[2019-12-09T02:26:25.358+0000][1][safepoint    ] Application time: 0.0000528 seconds
[2019-12-09T02:26:25.358+0000][1][safepoint    ] Entering safepoint region: RevokeBias
[2019-12-09T02:26:25.358+0000][1][safepoint    ] Leaving safepoint region
[2019-12-09T02:26:25.358+0000][1][safepoint    ] Total time for which application threads were stopped: 0.0000573 seconds, Stopping threads took: 0.0000083 seconds
[2019-12-09T02:26:25.358+0000][1][safepoint    ] Application time: 0.0000541 seconds
[2019-12-09T02:26:25.358+0000][1][safepoint    ] Entering safepoint region: RevokeBias
[2019-12-09T02:26:25.358+0000][1][safepoint    ] Leaving safepoint region
[2019-12-09T02:26:25.358+0000][1][safepoint    ] Total time for which application threads were stopped: 0.0000566 seconds, Stopping threads took: 0.0000080 seconds
[2019-12-09T02:26:25.358+0000][1][safepoint    ] Application time: 0.0000520 seconds
[2019-12-09T02:26:25.358+0000][1][safepoint    ] Entering safepoint region: RevokeBias
[2019-12-09T02:26:25.359+0000][1][safepoint    ] Leaving safepoint region
[2019-12-09T02:26:25.359+0000][1][safepoint    ] Total time for which application threads were stopped: 0.0000588 seconds, Stopping threads took: 0.0000082 seconds
[2019-12-09T02:26:25.359+0000][1][safepoint    ] Application time: 0.0000517 seconds
[2019-12-09T02:26:25.359+0000][1][safepoint    ] Entering safepoint region: RevokeBias
[2019-12-09T02:26:25.359+0000][1][safepoint    ] Leaving safepoint region
[2019-12-09T02:26:25.359+0000][1][safepoint    ] Total time for which application threads were stopped: 0.0000550 seconds, Stopping threads took: 0.0000082 seconds
[2019-12-09T02:26:25.359+0000][1][safepoint    ] Application time: 0.0000688 seconds
[2019-12-09T02:26:25.359+0000][1][safepoint    ] Entering safepoint region: RevokeBias
[2019-12-09T02:26:25.359+0000][1][safepoint    ] Leaving safepoint region
[2019-12-09T02:26:25.359+0000][1][safepoint    ] Total time for which application threads were stopped: 0.0000706 seconds, Stopping threads took: 0.0000214 seconds
[2019-12-09T02:26:25.359+0000][1][safepoint    ] Application time: 0.0000579 seconds
[2019-12-09T02:26:25.359+0000][1][safepoint    ] Entering safepoint region: RevokeBias
[2019-12-09T02:26:25.359+0000][1][safepoint    ] Leaving safepoint region
[2019-12-09T02:26:25.359+0000][1][safepoint    ] Total time for which application threads were stopped: 0.0000534 seconds, Stopping threads took: 0.0000082 seconds
[2019-12-09T02:26:25.359+0000][1][safepoint    ] Application time: 0.0000503 seconds
[2019-12-09T02:26:25.359+0000][1][safepoint    ] Entering safepoint region: RevokeBias
[2019-12-09T02:26:25.359+0000][1][safepoint    ] Leaving safepoint region
[2019-12-09T02:26:25.359+0000][1][safepoint    ] Total time for which application threads were stopped: 0.0000524 seconds, Stopping threads took: 0.0000079 seconds
[2019-12-09T02:26:25.359+0000][1][safepoint    ] Application time: 0.0000499 seconds
[2019-12-09T02:26:25.359+0000][1][safepoint    ] Entering safepoint region: RevokeBias
[2019-12-09T02:26:25.359+0000][1][safepoint    ] Leaving safepoint region
[2019-12-09T02:26:25.359+0000][1][safepoint    ] Total time for which application threads were stopped: 0.0000535 seconds, Stopping threads took: 0.0000081 seconds
[2019-12-09T02:26:25.359+0000][1][safepoint    ] Application time: 0.0000503 seconds
[2019-12-09T02:26:25.359+0000][1][safepoint    ] Entering safepoint region: RevokeBias
[2019-12-09T02:26:25.359+0000][1][safepoint    ] Leaving safepoint region
[2019-12-09T02:26:25.359+0000][1][safepoint    ] Total time for which application threads were stopped: 0.0000535 seconds, Stopping threads took: 0.0000082 seconds
[2019-12-09T02:26:25.359+0000][1][safepoint    ] Application time: 0.0000501 seconds
[2019-12-09T02:26:25.359+0000][1][safepoint    ] Entering safepoint region: BulkRevokeBias
[2019-12-09T02:26:25.359+0000][1][safepoint    ] Leaving safepoint region
[2019-12-09T02:26:25.359+0000][1][safepoint    ] Total time for which application threads were stopped: 0.0001114 seconds, Stopping threads took: 0.0000083 seconds
[2019-12-09T02:26:25.360+0000][1][safepoint    ] Application time: 0.0001703 seconds
[2019-12-09T02:26:25.360+0000][1][safepoint    ] Entering safepoint region: RevokeBias
[2019-12-09T02:26:25.360+0000][1][safepoint    ] Leaving safepoint region
[2019-12-09T02:26:25.360+0000][1][safepoint    ] Total time for which application threads were stopped: 0.0000996 seconds, Stopping threads took: 0.0000089 seconds
[2019-12-09T02:26:25.360+0000][1][safepoint    ] Application time: 0.0000798 seconds
[2019-12-09T02:26:25.360+0000][1][safepoint    ] Entering safepoint region: RevokeBias
[2019-12-09T02:26:25.360+0000][1][safepoint    ] Leaving safepoint region
[2019-12-09T02:26:25.360+0000][1][safepoint    ] Total time for which application threads were stopped: 0.0000584 seconds, Stopping threads took: 0.0000085 seconds
[2019-12-09T02:26:25.360+0000][1][safepoint    ] Application time: 0.0001095 seconds
[2019-12-09T02:26:25.360+0000][1][safepoint    ] Entering safepoint region: RevokeBias
[2019-12-09T02:26:25.360+0000][1][safepoint    ] Leaving safepoint region
[2019-12-09T02:26:25.360+0000][1][safepoint    ] Total time for which application threads were stopped: 0.0000614 seconds, Stopping threads took: 0.0000083 seconds
[2019-12-09T02:26:25.360+0000][1][safepoint    ] Application time: 0.0000660 seconds
[2019-12-09T02:26:25.360+0000][1][safepoint    ] Entering safepoint region: RevokeBias
[2019-12-09T02:26:25.360+0000][1][safepoint    ] Leaving safepoint region
[2019-12-09T02:26:25.360+0000][1][safepoint    ] Total time for which application threads were stopped: 0.0000540 seconds, Stopping threads took: 0.0000082 seconds
[2019-12-09T02:26:25.360+0000][1][safepoint    ] Application time: 0.0000733 seconds
[2019-12-09T02:26:25.360+0000][1][safepoint    ] Entering safepoint region: RevokeBias
[2019-12-09T02:26:25.360+0000][1][safepoint    ] Leaving safepoint region
[2019-12-09T02:26:25.360+0000][1][safepoint    ] Total time for which application threads were stopped: 0.0000545 seconds, Stopping threads took: 0.0000082 seconds
[2019-12-09T02:26:25.360+0000][1][safepoint    ] Application time: 0.0000572 seconds
[2019-12-09T02:26:25.360+0000][1][safepoint    ] Entering safepoint region: RevokeBias
[2019-12-09T02:26:25.361+0000][1][safepoint    ] Leaving safepoint region
[2019-12-09T02:26:25.361+0000][1][safepoint    ] Total time for which application threads were stopped: 0.0000557 seconds, Stopping threads took: 0.0000082 seconds
[2019-12-09T02:26:25.361+0000][1][safepoint    ] Application time: 0.0001859 seconds
[2019-12-09T02:26:25.361+0000][1][safepoint    ] Entering safepoint region: RevokeBias
[2019-12-09T02:26:25.361+0000][1][safepoint    ] Leaving safepoint region
[2019-12-09T02:26:25.361+0000][1][safepoint    ] Total time for which application threads were stopped: 0.0000691 seconds, Stopping threads took: 0.0000087 seconds
[2019-12-09T02:26:25.361+0000][1][safepoint    ] Application time: 0.0000580 seconds
[2019-12-09T02:26:25.361+0000][1][safepoint    ] Entering safepoint region: RevokeBias
[2019-12-09T02:26:25.361+0000][1][safepoint    ] Leaving safepoint region
[2019-12-09T02:26:25.361+0000][1][safepoint    ] Total time for which application threads were stopped: 0.0000601 seconds, Stopping threads took: 0.0000082 seconds
[2019-12-09T02:26:25.361+0000][1][safepoint    ] Application time: 0.0002781 seconds
[2019-12-09T02:26:25.361+0000][1][safepoint    ] Entering safepoint region: BulkRevokeBias
[2019-12-09T02:26:25.361+0000][1][safepoint    ] Leaving safepoint region
[2019-12-09T02:26:25.361+0000][1][safepoint    ] Total time for which application threads were stopped: 0.0001361 seconds, Stopping threads took: 0.0000096 seconds
[2019-12-09T02:26:25.362+0000][1][safepoint    ] Application time: 0.0001639 seconds
[2019-12-09T02:26:25.362+0000][1][safepoint    ] Entering safepoint region: RevokeBias
[2019-12-09T02:26:25.362+0000][1][safepoint    ] Leaving safepoint region
[2019-12-09T02:26:25.362+0000][1][safepoint    ] Total time for which application threads were stopped: 0.0000602 seconds, Stopping threads took: 0.0000086 seconds
[2019-12-09T02:26:25.362+0000][1][safepoint    ] Application time: 0.0000917 seconds
[2019-12-09T02:26:25.362+0000][1][safepoint    ] Entering safepoint region: RevokeBias
[2019-12-09T02:26:25.362+0000][1][safepoint    ] Leaving safepoint region
[2019-12-09T02:26:25.362+0000][1][safepoint    ] Total time for which application threads were stopped: 0.0000609 seconds, Stopping threads took: 0.0000083 seconds
[2019-12-09T02:26:25.362+0000][1][safepoint    ] Application time: 0.0002974 seconds
[2019-12-09T02:26:25.362+0000][1][safepoint    ] Entering safepoint region: RevokeBias
[2019-12-09T02:26:25.362+0000][1][safepoint    ] Leaving safepoint region
[2019-12-09T02:26:25.362+0000][1][safepoint    ] Total time for which application threads were stopped: 0.0000678 seconds, Stopping threads took: 0.0000096 seconds
[2019-12-09T02:26:25.362+0000][1][safepoint    ] Application time: 0.0000792 seconds
[2019-12-09T02:26:25.362+0000][1][safepoint    ] Entering safepoint region: RevokeBias
[2019-12-09T02:26:25.362+0000][1][safepoint    ] Leaving safepoint region
[2019-12-09T02:26:25.362+0000][1][safepoint    ] Total time for which application threads were stopped: 0.0000629 seconds, Stopping threads took: 0.0000087 seconds
[2019-12-09T02:26:25.362+0000][1][safepoint    ] Application time: 0.0000531 seconds
[2019-12-09T02:26:25.362+0000][1][safepoint    ] Entering safepoint region: RevokeBias
[2019-12-09T02:26:25.362+0000][1][safepoint    ] Leaving safepoint region
[2019-12-09T02:26:25.362+0000][1][safepoint    ] Total time for which application threads were stopped: 0.0000552 seconds, Stopping threads took: 0.0000084 seconds
[2019-12-09T02:26:25.363+0000][1][safepoint    ] Application time: 0.0000515 seconds
[2019-12-09T02:26:25.363+0000][1][safepoint    ] Entering safepoint region: RevokeBias
[2019-12-09T02:26:25.363+0000][1][safepoint    ] Leaving safepoint region
[2019-12-09T02:26:25.363+0000][1][safepoint    ] Total time for which application threads were stopped: 0.0000552 seconds, Stopping threads took: 0.0000077 seconds
[2019-12-09T02:26:25.363+0000][1][safepoint    ] Application time: 0.0003666 seconds
[2019-12-09T02:26:25.363+0000][1][safepoint    ] Entering safepoint region: RevokeBias
[2019-12-09T02:26:25.363+0000][1][safepoint    ] Leaving safepoint region
[2019-12-09T02:26:25.363+0000][1][safepoint    ] Total time for which application threads were stopped: 0.0000733 seconds, Stopping threads took: 0.0000104 seconds
[2019-12-09T02:26:25.363+0000][1][safepoint    ] Application time: 0.0001462 seconds
[2019-12-09T02:26:25.363+0000][1][safepoint    ] Entering safepoint region: RevokeBias
[2019-12-09T02:26:25.363+0000][1][safepoint    ] Leaving safepoint region
[2019-12-09T02:26:25.363+0000][1][safepoint    ] Total time for which application threads were stopped: 0.0000628 seconds, Stopping threads took: 0.0000090 seconds
[2019-12-09T02:26:25.363+0000][1][safepoint    ] Application time: 0.0001633 seconds
[2019-12-09T02:26:25.363+0000][1][safepoint    ] Entering safepoint region: RevokeBias
[2019-12-09T02:26:25.364+0000][1][safepoint    ] Leaving safepoint region
[2019-12-09T02:26:25.364+0000][1][safepoint    ] Total time for which application threads were stopped: 0.0000657 seconds, Stopping threads took: 0.0000088 seconds
[2019-12-09T02:26:25.364+0000][1][safepoint    ] Application time: 0.0003523 seconds
[2019-12-09T02:26:25.364+0000][1][safepoint    ] Entering safepoint region: RevokeBias
[2019-12-09T02:26:25.364+0000][1][safepoint    ] Leaving safepoint region
[2019-12-09T02:26:25.364+0000][1][safepoint    ] Total time for which application threads were stopped: 0.0000699 seconds, Stopping threads took: 0.0000096 seconds
[2019-12-09T02:26:25.364+0000][1][safepoint    ] Application time: 0.0004552 seconds
[2019-12-09T02:26:25.364+0000][1][safepoint    ] Entering safepoint region: RevokeBias
[2019-12-09T02:26:25.365+0000][1][safepoint    ] Leaving safepoint region
[2019-12-09T02:26:25.365+0000][1][safepoint    ] Total time for which application threads were stopped: 0.0000702 seconds, Stopping threads took: 0.0000095 seconds
[2019-12-09T02:26:25.398+0000][1][safepoint    ] Application time: 0.0333639 seconds
[2019-12-09T02:26:25.398+0000][1][safepoint    ] Entering safepoint region: RevokeBias
[2019-12-09T02:26:25.398+0000][1][safepoint    ] Leaving safepoint region
[2019-12-09T02:26:25.398+0000][1][safepoint    ] Total time for which application threads were stopped: 0.0000934 seconds, Stopping threads took: 0.0000121 seconds
[2019-12-09T02:26:25.398+0000][1][safepoint    ] Application time: 0.0002992 seconds
[2019-12-09T02:26:25.398+0000][1][safepoint    ] Entering safepoint region: RevokeBias
[2019-12-09T02:26:25.398+0000][1][safepoint    ] Leaving safepoint region
[2019-12-09T02:26:25.398+0000][1][safepoint    ] Total time for which application threads were stopped: 0.0000827 seconds, Stopping threads took: 0.0000107 seconds
[2019-12-09T02:26:25.405+0000][1][safepoint    ] Application time: 0.0068535 seconds
[2019-12-09T02:26:25.426+0000][1][safepoint    ] Entering safepoint region: RevokeBias
[2019-12-09T02:26:25.426+0000][1][safepoint    ] Leaving safepoint region
[2019-12-09T02:26:25.426+0000][1][safepoint    ] Total time for which application threads were stopped: 0.0205855 seconds, Stopping threads took: 0.0205194 seconds
[2019-12-09T02:26:25.426+0000][1][safepoint    ] Application time: 0.0000683 seconds
[2019-12-09T02:26:25.426+0000][1][safepoint    ] Entering safepoint region: RevokeBias
[2019-12-09T02:26:25.426+0000][1][safepoint    ] Leaving safepoint region
[2019-12-09T02:26:25.426+0000][1][safepoint    ] Total time for which application threads were stopped: 0.0000501 seconds, Stopping threads took: 0.0000089 seconds
[2019-12-09T02:26:25.426+0000][1][safepoint    ] Application time: 0.0000609 seconds
[2019-12-09T02:26:25.426+0000][1][safepoint    ] Entering safepoint region: RevokeBias
[2019-12-09T02:26:25.426+0000][1][safepoint    ] Leaving safepoint region
[2019-12-09T02:26:25.426+0000][1][safepoint    ] Total time for which application threads were stopped: 0.0000461 seconds, Stopping threads took: 0.0000086 seconds
[2019-12-09T02:26:25.426+0000][1][safepoint    ] Application time: 0.0000556 seconds
[2019-12-09T02:26:25.426+0000][1][safepoint    ] Entering safepoint region: RevokeBias
[2019-12-09T02:26:25.426+0000][1][safepoint    ] Leaving safepoint region
[2019-12-09T02:26:25.426+0000][1][safepoint    ] Total time for which application threads were stopped: 0.0000429 seconds, Stopping threads took: 0.0000082 seconds
[2019-12-09T02:26:25.426+0000][1][safepoint    ] Application time: 0.0000544 seconds
[2019-12-09T02:26:25.426+0000][1][safepoint    ] Entering safepoint region: RevokeBias
[2019-12-09T02:26:25.426+0000][1][safepoint    ] Leaving safepoint region
[2019-12-09T02:26:25.426+0000][1][safepoint    ] Total time for which application threads were stopped: 0.0000421 seconds, Stopping threads took: 0.0000086 seconds
[2019-12-09T02:26:25.426+0000][1][safepoint    ] Application time: 0.0000580 seconds
[2019-12-09T02:26:25.426+0000][1][safepoint    ] Entering safepoint region: RevokeBias
[2019-12-09T02:26:25.426+0000][1][safepoint    ] Leaving safepoint region
[2019-12-09T02:26:25.427+0000][1][safepoint    ] Total time for which application threads were stopped: 0.0000407 seconds, Stopping threads took: 0.0000085 seconds
[2019-12-09T02:26:25.427+0000][1][safepoint    ] Application time: 0.0000524 seconds
[2019-12-09T02:26:25.427+0000][1][safepoint    ] Entering safepoint region: RevokeBias
[2019-12-09T02:26:25.427+0000][1][safepoint    ] Leaving safepoint region
[2019-12-09T02:26:25.427+0000][1][safepoint    ] Total time for which application threads were stopped: 0.0000403 seconds, Stopping threads took: 0.0000086 seconds
[2019-12-09T02:26:25.427+0000][1][safepoint    ] Application time: 0.0000531 seconds
[2019-12-09T02:26:25.427+0000][1][safepoint    ] Entering safepoint region: RevokeBias
[2019-12-09T02:26:25.427+0000][1][safepoint    ] Leaving safepoint region
[2019-12-09T02:26:25.427+0000][1][safepoint    ] Total time for which application threads were stopped: 0.0000466 seconds, Stopping threads took: 0.0000092 seconds
[2019-12-09T02:26:25.427+0000][1][safepoint    ] Application time: 0.0000551 seconds
[2019-12-09T02:26:25.427+0000][1][safepoint    ] Entering safepoint region: RevokeBias
[2019-12-09T02:26:25.427+0000][1][safepoint    ] Leaving safepoint region
[2019-12-09T02:26:25.427+0000][1][safepoint    ] Total time for which application threads were stopped: 0.0000416 seconds, Stopping threads took: 0.0000086 seconds
[2019-12-09T02:26:25.427+0000][1][safepoint    ] Application time: 0.0000556 seconds
[2019-12-09T02:26:25.427+0000][1][safepoint    ] Entering safepoint region: RevokeBias
[2019-12-09T02:26:25.427+0000][1][safepoint    ] Leaving safepoint region
[2019-12-09T02:26:25.427+0000][1][safepoint    ] Total time for which application threads were stopped: 0.0000407 seconds, Stopping threads took: 0.0000085 seconds
[2019-12-09T02:26:25.427+0000][1][safepoint    ] Application time: 0.0000541 seconds
[2019-12-09T02:26:25.427+0000][1][safepoint    ] Entering safepoint region: RevokeBias
[2019-12-09T02:26:25.427+0000][1][safepoint    ] Leaving safepoint region
[2019-12-09T02:26:25.427+0000][1][safepoint    ] Total time for which application threads were stopped: 0.0000449 seconds, Stopping threads took: 0.0000082 seconds
[2019-12-09T02:26:25.427+0000][1][safepoint    ] Application time: 0.0000526 seconds
[2019-12-09T02:26:25.427+0000][1][safepoint    ] Entering safepoint region: RevokeBias
[2019-12-09T02:26:25.427+0000][1][safepoint    ] Leaving safepoint region
[2019-12-09T02:26:25.427+0000][1][safepoint    ] Total time for which application threads were stopped: 0.0000416 seconds, Stopping threads took: 0.0000085 seconds
[2019-12-09T02:26:25.427+0000][1][safepoint    ] Application time: 0.0000546 seconds
[2019-12-09T02:26:25.427+0000][1][safepoint    ] Entering safepoint region: RevokeBias
[2019-12-09T02:26:25.427+0000][1][safepoint    ] Leaving safepoint region
[2019-12-09T02:26:25.427+0000][1][safepoint    ] Total time for which application threads were stopped: 0.0000421 seconds, Stopping threads took: 0.0000084 seconds
[2019-12-09T02:26:25.427+0000][1][safepoint    ] Application time: 0.0000569 seconds
[2019-12-09T02:26:25.427+0000][1][safepoint    ] Entering safepoint region: RevokeBias
[2019-12-09T02:26:25.427+0000][1][safepoint    ] Leaving safepoint region
[2019-12-09T02:26:25.427+0000][1][safepoint    ] Total time for which application threads were stopped: 0.0000417 seconds, Stopping threads took: 0.0000086 seconds
[2019-12-09T02:26:25.427+0000][1][safepoint    ] Application time: 0.0000536 seconds
[2019-12-09T02:26:25.427+0000][1][safepoint    ] Entering safepoint region: RevokeBias
[2019-12-09T02:26:25.428+0000][1][safepoint    ] Leaving safepoint region
[2019-12-09T02:26:25.428+0000][1][safepoint    ] Total time for which application threads were stopped: 0.0000402 seconds, Stopping threads took: 0.0000079 seconds
[2019-12-09T02:26:25.428+0000][1][safepoint    ] Application time: 0.0000536 seconds
[2019-12-09T02:26:25.428+0000][1][safepoint    ] Entering safepoint region: RevokeBias
[2019-12-09T02:26:25.428+0000][1][safepoint    ] Leaving safepoint region
[2019-12-09T02:26:25.428+0000][1][safepoint    ] Total time for which application threads were stopped: 0.0000401 seconds, Stopping threads took: 0.0000082 seconds
[2019-12-09T02:26:25.428+0000][1][safepoint    ] Application time: 0.0000723 seconds
[2019-12-09T02:26:25.428+0000][1][safepoint    ] Entering safepoint region: RevokeBias
[2019-12-09T02:26:25.428+0000][1][safepoint    ] Leaving safepoint region
[2019-12-09T02:26:25.428+0000][1][safepoint    ] Total time for which application threads were stopped: 0.0000448 seconds, Stopping threads took: 0.0000088 seconds
[2019-12-09T02:26:25.428+0000][1][safepoint    ] Application time: 0.0000542 seconds
[2019-12-09T02:26:25.428+0000][1][safepoint    ] Entering safepoint region: RevokeBias
[2019-12-09T02:26:25.428+0000][1][safepoint    ] Leaving safepoint region
[2019-12-09T02:26:25.428+0000][1][safepoint    ] Total time for which application threads were stopped: 0.0000434 seconds, Stopping threads took: 0.0000078 seconds
[2019-12-09T02:26:25.428+0000][1][safepoint    ] Application time: 0.0000528 seconds
[2019-12-09T02:26:25.428+0000][1][safepoint    ] Entering safepoint region: RevokeBias
[2019-12-09T02:26:25.428+0000][1][safepoint    ] Leaving safepoint region
[2019-12-09T02:26:25.428+0000][1][safepoint    ] Total time for which application threads were stopped: 0.0000387 seconds, Stopping threads took: 0.0000082 seconds
[2019-12-09T02:26:25.428+0000][1][safepoint    ] Application time: 0.0000561 seconds
[2019-12-09T02:26:25.428+0000][1][safepoint    ] Entering safepoint region: BulkRevokeBias
[2019-12-09T02:26:25.428+0000][1][safepoint    ] Leaving safepoint region
[2019-12-09T02:26:25.428+0000][1][safepoint    ] Total time for which application threads were stopped: 0.0001343 seconds, Stopping threads took: 0.0000101 seconds
[2019-12-09T02:26:25.429+0000][1][safepoint    ] Application time: 0.0011400 seconds
[2019-12-09T02:26:25.429+0000][1][safepoint    ] Entering safepoint region: RevokeBias
[2019-12-09T02:26:25.429+0000][1][safepoint    ] Leaving safepoint region
[2019-12-09T02:26:25.429+0000][1][safepoint    ] Total time for which application threads were stopped: 0.0000713 seconds, Stopping threads took: 0.0000152 seconds
[2019-12-09T02:26:25.430+0000][1][safepoint    ] Application time: 0.0004564 seconds
[2019-12-09T02:26:25.430+0000][1][safepoint    ] Entering safepoint region: RevokeBias
[2019-12-09T02:26:25.430+0000][1][safepoint    ] Leaving safepoint region
[2019-12-09T02:26:25.430+0000][1][safepoint    ] Total time for which application threads were stopped: 0.0000751 seconds, Stopping threads took: 0.0000110 seconds
[2019-12-09T02:26:25.431+0000][1][safepoint    ] Application time: 0.0010002 seconds
[2019-12-09T02:26:25.431+0000][1][safepoint    ] Entering safepoint region: RevokeBias
[2019-12-09T02:26:25.431+0000][1][safepoint    ] Leaving safepoint region
[2019-12-09T02:26:25.431+0000][1][safepoint    ] Total time for which application threads were stopped: 0.0000785 seconds, Stopping threads took: 0.0000105 seconds
[2019-12-09T02:26:25.458+0000][1][safepoint    ] Application time: 0.0267206 seconds
[2019-12-09T02:26:25.458+0000][1][safepoint    ] Entering safepoint region: RevokeBias
[2019-12-09T02:26:25.458+0000][1][safepoint    ] Leaving safepoint region
[2019-12-09T02:26:25.458+0000][1][safepoint    ] Total time for which application threads were stopped: 0.0000593 seconds, Stopping threads took: 0.0000119 seconds
[2019-12-09T02:26:25.459+0000][1][safepoint    ] Application time: 0.0010544 seconds
[2019-12-09T02:26:25.459+0000][1][safepoint    ] Entering safepoint region: RevokeBias
[2019-12-09T02:26:25.459+0000][1][safepoint    ] Leaving safepoint region
[2019-12-09T02:26:25.459+0000][1][safepoint    ] Total time for which application threads were stopped: 0.0000789 seconds, Stopping threads took: 0.0000114 seconds
[2019-12-09T02:26:25.479+0000][1][safepoint    ] Application time: 0.0203628 seconds
[2019-12-09T02:26:25.480+0000][1][safepoint    ] Entering safepoint region: RevokeBias
[2019-12-09T02:26:25.480+0000][1][safepoint    ] Leaving safepoint region
[2019-12-09T02:26:25.480+0000][1][safepoint    ] Total time for which application threads were stopped: 0.0000982 seconds, Stopping threads took: 0.0000113 seconds
[2019-12-09T02:26:25.480+0000][1][safepoint    ] Application time: 0.0000580 seconds
[2019-12-09T02:26:25.480+0000][1][safepoint    ] Entering safepoint region: RevokeBias
[2019-12-09T02:26:25.480+0000][1][safepoint    ] Leaving safepoint region
[2019-12-09T02:26:25.480+0000][1][safepoint    ] Total time for which application threads were stopped: 0.0000601 seconds, Stopping threads took: 0.0000085 seconds
[2019-12-09T02:26:25.497+0000][1][safepoint    ] Application time: 0.0168347 seconds
[2019-12-09T02:26:25.535+0000][1][safepoint    ] Entering safepoint region: RevokeBias
[2019-12-09T02:26:25.535+0000][1][safepoint    ] Leaving safepoint region
[2019-12-09T02:26:25.535+0000][1][safepoint    ] Total time for which application threads were stopped: 0.0382805 seconds, Stopping threads took: 0.0381640 seconds
[2019-12-09T02:26:25.537+0000][1][safepoint    ] Application time: 0.0017128 seconds
[2019-12-09T02:26:25.537+0000][1][safepoint    ] Entering safepoint region: RevokeBias
[2019-12-09T02:26:25.537+0000][1][safepoint    ] Leaving safepoint region
[2019-12-09T02:26:25.537+0000][1][safepoint    ] Total time for which application threads were stopped: 0.0000795 seconds, Stopping threads took: 0.0000117 seconds
[2019-12-09T02:26:25.540+0000][1][safepoint    ] Application time: 0.0032270 seconds
[2019-12-09T02:26:25.540+0000][1][safepoint    ] Entering safepoint region: RevokeBias
[2019-12-09T02:26:25.541+0000][1][safepoint    ] Leaving safepoint region
[2019-12-09T02:26:25.541+0000][1][safepoint    ] Total time for which application threads were stopped: 0.0005294 seconds, Stopping threads took: 0.0004863 seconds
[2019-12-09T02:26:25.541+0000][1][safepoint    ] Application time: 0.0000598 seconds
[2019-12-09T02:26:25.541+0000][1][safepoint    ] Entering safepoint region: RevokeBias
[2019-12-09T02:26:25.541+0000][1][safepoint    ] Leaving safepoint region
[2019-12-09T02:26:25.541+0000][1][safepoint    ] Total time for which application threads were stopped: 0.0000385 seconds, Stopping threads took: 0.0000144 seconds
[2019-12-09T02:26:26.019+0000][1][safepoint    ] Application time: 0.4788038 seconds
[2019-12-09T02:26:26.019+0000][1][safepoint    ] Entering safepoint region: RevokeBias
[2019-12-09T02:26:26.020+0000][1][safepoint    ] Leaving safepoint region
[2019-12-09T02:26:26.020+0000][1][safepoint    ] Total time for which application threads were stopped: 0.0000956 seconds, Stopping threads took: 0.0000140 seconds
[2019-12-09T02:26:26.575+0000][1][safepoint    ] Application time: 0.5554120 seconds
[2019-12-09T02:26:26.576+0000][1][safepoint    ] Entering safepoint region: RevokeBias
[2019-12-09T02:26:26.576+0000][1][safepoint    ] Leaving safepoint region
[2019-12-09T02:26:26.576+0000][1][safepoint    ] Total time for which application threads were stopped: 0.0005404 seconds, Stopping threads took: 0.0004867 seconds
[2019-12-09T02:26:26.576+0000][1][safepoint    ] Application time: 0.0000915 seconds
[2019-12-09T02:26:26.576+0000][1][safepoint    ] Entering safepoint region: RevokeBias
[2019-12-09T02:26:26.576+0000][1][safepoint    ] Leaving safepoint region
[2019-12-09T02:26:26.576+0000][1][safepoint    ] Total time for which application threads were stopped: 0.0000366 seconds, Stopping threads took: 0.0000094 seconds
[2019-12-09T02:26:26.944+0000][1][safepoint    ] Application time: 0.3686874 seconds
[2019-12-09T02:26:26.944+0000][1][safepoint    ] Entering safepoint region: GenCollectForAllocation
[2019-12-09T02:26:26.945+0000][1][gc,start     ] GC(20) Pause Young (Allocation Failure)
[2019-12-09T02:26:26.945+0000][1][gc,task      ] GC(20) Using 2 workers of 2 for evacuation
[2019-12-09T02:26:27.175+0000][1][gc,age       ] GC(20) Desired survivor size 4456448 bytes, new threshold 2 (max threshold 6)
[2019-12-09T02:26:27.175+0000][1][gc,age       ] GC(20) Age table with threshold 2 (max threshold 6)
[2019-12-09T02:26:27.175+0000][1][gc,age       ] GC(20) - age   1:    2727952 bytes,    2727952 total
[2019-12-09T02:26:27.175+0000][1][gc,age       ] GC(20) - age   2:    2528584 bytes,    5256536 total
[2019-12-09T02:26:27.175+0000][1][gc,heap      ] GC(20) ParNew: 77258K->7415K(78656K)
[2019-12-09T02:26:27.175+0000][1][gc,heap      ] GC(20) CMS: 54415K->57576K(174784K)
[2019-12-09T02:26:27.175+0000][1][gc,metaspace ] GC(20) Metaspace: 48388K->48388K(1093632K)
[2019-12-09T02:26:27.175+0000][1][gc           ] GC(20) Pause Young (Allocation Failure) 128M->63M(247M) 230.839ms
[2019-12-09T02:26:27.175+0000][1][gc,cpu       ] GC(20) User=0.06s Sys=0.00s Real=0.24s
[2019-12-09T02:26:27.175+0000][1][safepoint    ] Leaving safepoint region
[2019-12-09T02:26:27.175+0000][1][safepoint    ] Total time for which application threads were stopped: 0.2309798 seconds, Stopping threads took: 0.0000147 seconds
[2019-12-09T02:26:27.607+0000][1][safepoint    ] Application time: 0.4315694 seconds
[2019-12-09T02:26:27.607+0000][1][safepoint    ] Entering safepoint region: RevokeBias
[2019-12-09T02:26:27.608+0000][1][safepoint    ] Leaving safepoint region
[2019-12-09T02:26:27.608+0000][1][safepoint    ] Total time for which application threads were stopped: 0.0004961 seconds, Stopping threads took: 0.0000164 seconds
[2019-12-09T02:26:27.888+0000][1][safepoint    ] Application time: 0.2808636 seconds
[2019-12-09T02:26:27.888+0000][1][safepoint    ] Entering safepoint region: RevokeBias
[2019-12-09T02:26:27.889+0000][1][safepoint    ] Leaving safepoint region
[2019-12-09T02:26:27.889+0000][1][safepoint    ] Total time for which application threads were stopped: 0.0000682 seconds, Stopping threads took: 0.0000159 seconds
[2019-12-09T02:26:28.597+0000][1][safepoint    ] Application time: 0.7080568 seconds
[2019-12-09T02:26:28.597+0000][1][safepoint    ] Entering safepoint region: RevokeBias
[2019-12-09T02:26:28.597+0000][1][safepoint    ] Leaving safepoint region
[2019-12-09T02:26:28.597+0000][1][safepoint    ] Total time for which application threads were stopped: 0.0000905 seconds, Stopping threads took: 0.0000146 seconds
[2019-12-09T02:26:28.598+0000][1][safepoint    ] Application time: 0.0011680 seconds
[2019-12-09T02:26:28.598+0000][1][safepoint    ] Entering safepoint region: RevokeBias
[2019-12-09T02:26:28.598+0000][1][safepoint    ] Leaving safepoint region
[2019-12-09T02:26:28.598+0000][1][safepoint    ] Total time for which application threads were stopped: 0.0000614 seconds, Stopping threads took: 0.0000133 seconds
[2019-12-09T02:26:28.660+0000][1][safepoint    ] Application time: 0.0618741 seconds
[2019-12-09T02:26:28.747+0000][1][safepoint    ] Entering safepoint region: RevokeBias
[2019-12-09T02:26:28.747+0000][1][safepoint    ] Leaving safepoint region
[2019-12-09T02:26:28.747+0000][1][safepoint    ] Total time for which application threads were stopped: 0.0869209 seconds, Stopping threads took: 0.0868465 seconds
[2019-12-09T02:26:28.749+0000][1][safepoint    ] Application time: 0.0020138 seconds
[2019-12-09T02:26:28.749+0000][1][safepoint    ] Entering safepoint region: RevokeBias
[2019-12-09T02:26:28.749+0000][1][safepoint    ] Leaving safepoint region
[2019-12-09T02:26:28.749+0000][1][safepoint    ] Total time for which application threads were stopped: 0.0000988 seconds, Stopping threads took: 0.0000468 seconds
[2019-12-09T02:26:28.751+0000][1][safepoint    ] Application time: 0.0017342 seconds
[2019-12-09T02:26:28.751+0000][1][safepoint    ] Entering safepoint region: RevokeBias
[2019-12-09T02:26:28.751+0000][1][safepoint    ] Leaving safepoint region
[2019-12-09T02:26:28.751+0000][1][safepoint    ] Total time for which application threads were stopped: 0.0000529 seconds, Stopping threads took: 0.0000131 seconds
[2019-12-09T02:26:28.773+0000][1][safepoint    ] Application time: 0.0217602 seconds
[2019-12-09T02:26:28.773+0000][1][safepoint    ] Entering safepoint region: RevokeBias
[2019-12-09T02:26:28.773+0000][1][safepoint    ] Leaving safepoint region
[2019-12-09T02:26:28.773+0000][1][safepoint    ] Total time for which application threads were stopped: 0.0000500 seconds, Stopping threads took: 0.0000124 seconds
[2019-12-09T02:26:28.905+0000][1][safepoint    ] Application time: 0.1319969 seconds
[2019-12-09T02:26:28.905+0000][1][safepoint    ] Entering safepoint region: RevokeBias
[2019-12-09T02:26:28.905+0000][1][safepoint    ] Leaving safepoint region
[2019-12-09T02:26:28.905+0000][1][safepoint    ] Total time for which application threads were stopped: 0.0000960 seconds, Stopping threads took: 0.0000378 seconds
[2019-12-09T02:26:28.988+0000][1][safepoint    ] Application time: 0.0836681 seconds
[2019-12-09T02:26:28.988+0000][1][safepoint    ] Entering safepoint region: RevokeBias
[2019-12-09T02:26:28.989+0000][1][safepoint    ] Leaving safepoint region
[2019-12-09T02:26:28.989+0000][1][safepoint    ] Total time for which application threads were stopped: 0.0000744 seconds, Stopping threads took: 0.0000158 seconds
[2019-12-09T02:26:29.178+0000][1][safepoint    ] Application time: 0.1893421 seconds
[2019-12-09T02:26:29.178+0000][1][safepoint    ] Entering safepoint region: RevokeBias
[2019-12-09T02:26:29.178+0000][1][safepoint    ] Leaving safepoint region
[2019-12-09T02:26:29.178+0000][1][safepoint    ] Total time for which application threads were stopped: 0.0000712 seconds, Stopping threads took: 0.0000161 seconds
[2019-12-09T02:26:29.837+0000][1][safepoint    ] Application time: 0.6586892 seconds
[2019-12-09T02:26:29.837+0000][1][safepoint    ] Entering safepoint region: RevokeBias
[2019-12-09T02:26:29.837+0000][1][safepoint    ] Leaving safepoint region
[2019-12-09T02:26:29.837+0000][1][safepoint    ] Total time for which application threads were stopped: 0.0005250 seconds, Stopping threads took: 0.0000182 seconds
[2019-12-09T02:26:30.854+0000][1][safepoint    ] Application time: 1.0164204 seconds
[2019-12-09T02:26:30.854+0000][1][safepoint    ] Entering safepoint region: Cleanup
[2019-12-09T02:26:30.854+0000][1][safepoint    ] Leaving safepoint region
[2019-12-09T02:26:30.854+0000][1][safepoint    ] Total time for which application threads were stopped: 0.0001229 seconds, Stopping threads took: 0.0000191 seconds
[2019-12-09T02:26:31.453+0000][1][safepoint    ] Application time: 0.5988564 seconds
[2019-12-09T02:26:31.453+0000][1][safepoint    ] Entering safepoint region: RevokeBias
[2019-12-09T02:26:31.453+0000][1][safepoint    ] Leaving safepoint region
[2019-12-09T02:26:31.453+0000][1][safepoint    ] Total time for which application threads were stopped: 0.0000757 seconds, Stopping threads took: 0.0000157 seconds
[2019-12-09T02:26:31.459+0000][1][safepoint    ] Application time: 0.0061142 seconds
[2019-12-09T02:26:31.459+0000][1][safepoint    ] Entering safepoint region: RevokeBias
[2019-12-09T02:26:31.459+0000][1][safepoint    ] Leaving safepoint region
[2019-12-09T02:26:31.459+0000][1][safepoint    ] Total time for which application threads were stopped: 0.0000632 seconds, Stopping threads took: 0.0000148 seconds
[2019-12-09T02:26:31.904+0000][1][safepoint    ] Application time: 0.4446415 seconds
[2019-12-09T02:26:31.904+0000][1][safepoint    ] Entering safepoint region: GenCollectForAllocation
[2019-12-09T02:26:31.904+0000][1][gc,start     ] GC(21) Pause Young (Allocation Failure)
[2019-12-09T02:26:31.904+0000][1][gc,task      ] GC(21) Using 2 workers of 2 for evacuation
[2019-12-09T02:26:32.130+0000][1][gc,age       ] GC(21) Desired survivor size 4456448 bytes, new threshold 6 (max threshold 6)
[2019-12-09T02:26:32.131+0000][1][gc,age       ] GC(21) Age table with threshold 6 (max threshold 6)
[2019-12-09T02:26:32.131+0000][1][gc,age       ] GC(21) - age   1:    1693208 bytes,    1693208 total
[2019-12-09T02:26:32.131+0000][1][gc,age       ] GC(21) - age   2:    2659440 bytes,    4352648 total
[2019-12-09T02:26:32.131+0000][1][gc,heap      ] GC(21) ParNew: 77367K->5085K(78656K)
[2019-12-09T02:26:32.131+0000][1][gc,heap      ] GC(21) CMS: 57576K->60111K(174784K)
[2019-12-09T02:26:32.131+0000][1][gc,metaspace ] GC(21) Metaspace: 56243K->56243K(1101824K)
[2019-12-09T02:26:32.131+0000][1][gc           ] GC(21) Pause Young (Allocation Failure) 131M->63M(247M) 226.761ms
[2019-12-09T02:26:32.131+0000][1][gc,cpu       ] GC(21) User=0.04s Sys=0.00s Real=0.23s
[2019-12-09T02:26:32.131+0000][1][safepoint    ] Leaving safepoint region
[2019-12-09T02:26:32.131+0000][1][safepoint    ] Total time for which application threads were stopped: 0.2269122 seconds, Stopping threads took: 0.0000158 seconds
[2019-12-09T02:26:32.931+0000][1][safepoint    ] Application time: 0.8000386 seconds
[2019-12-09T02:26:32.931+0000][1][safepoint    ] Entering safepoint region: Deoptimize
[2019-12-09T02:26:32.931+0000][1][safepoint    ] Leaving safepoint region
[2019-12-09T02:26:32.931+0000][1][safepoint    ] Total time for which application threads were stopped: 0.0007001 seconds, Stopping threads took: 0.0000150 seconds
[2019-12-09T02:26:33.004+0000][1][safepoint    ] Application time: 0.0725034 seconds
[2019-12-09T02:26:33.004+0000][1][safepoint    ] Entering safepoint region: RevokeBias
[2019-12-09T02:26:33.004+0000][1][safepoint    ] Leaving safepoint region
[2019-12-09T02:26:33.004+0000][1][safepoint    ] Total time for which application threads were stopped: 0.0000929 seconds, Stopping threads took: 0.0000180 seconds
[2019-12-09T02:26:33.039+0000][1][safepoint    ] Application time: 0.0346249 seconds
[2019-12-09T02:26:33.039+0000][1][safepoint    ] Entering safepoint region: RevokeBias
[2019-12-09T02:26:33.039+0000][1][safepoint    ] Leaving safepoint region
[2019-12-09T02:26:33.039+0000][1][safepoint    ] Total time for which application threads were stopped: 0.0000956 seconds, Stopping threads took: 0.0000175 seconds
[2019-12-09T02:26:33.044+0000][1][safepoint    ] Application time: 0.0048790 seconds
[2019-12-09T02:26:33.046+0000][1][safepoint    ] Entering safepoint region: BulkRevokeBias
[2019-12-09T02:26:33.046+0000][1][safepoint    ] Leaving safepoint region
[2019-12-09T02:26:33.046+0000][1][safepoint    ] Total time for which application threads were stopped: 0.0021339 seconds, Stopping threads took: 0.0019667 seconds
[2019-12-09T02:26:33.345+0000][1][safepoint    ] Application time: 0.2988127 seconds
[2019-12-09T02:26:33.345+0000][1][safepoint    ] Entering safepoint region: RevokeBias
[2019-12-09T02:26:33.345+0000][1][safepoint    ] Leaving safepoint region
[2019-12-09T02:26:33.345+0000][1][safepoint    ] Total time for which application threads were stopped: 0.0001290 seconds, Stopping threads took: 0.0000175 seconds
[2019-12-09T02:26:33.372+0000][1][safepoint    ] Application time: 0.0268115 seconds
[2019-12-09T02:26:33.372+0000][1][safepoint    ] Entering safepoint region: RevokeBias
[2019-12-09T02:26:33.372+0000][1][safepoint    ] Leaving safepoint region
[2019-12-09T02:26:33.372+0000][1][safepoint    ] Total time for which application threads were stopped: 0.0000851 seconds, Stopping threads took: 0.0000154 seconds
[2019-12-09T02:26:33.382+0000][1][safepoint    ] Application time: 0.0105554 seconds
[2019-12-09T02:26:33.382+0000][1][safepoint    ] Entering safepoint region: RevokeBias
[2019-12-09T02:26:33.382+0000][1][safepoint    ] Leaving safepoint region
[2019-12-09T02:26:33.382+0000][1][safepoint    ] Total time for which application threads were stopped: 0.0000776 seconds, Stopping threads took: 0.0000134 seconds
[2019-12-09T02:26:33.390+0000][1][safepoint    ] Application time: 0.0071520 seconds
[2019-12-09T02:26:33.390+0000][1][safepoint    ] Entering safepoint region: RevokeBias
[2019-12-09T02:26:33.390+0000][1][safepoint    ] Leaving safepoint region
[2019-12-09T02:26:33.390+0000][1][safepoint    ] Total time for which application threads were stopped: 0.0000715 seconds, Stopping threads took: 0.0000155 seconds
[2019-12-09T02:26:33.807+0000][1][safepoint    ] Application time: 0.4172105 seconds
[2019-12-09T02:26:33.849+0000][1][safepoint    ] Entering safepoint region: RevokeBias
[2019-12-09T02:26:33.888+0000][1][safepoint    ] Leaving safepoint region
[2019-12-09T02:26:33.888+0000][1][safepoint    ] Total time for which application threads were stopped: 0.0811093 seconds, Stopping threads took: 0.0418432 seconds
[2019-12-09T02:26:33.890+0000][1][safepoint    ] Application time: 0.0017801 seconds
[2019-12-09T02:26:33.890+0000][1][safepoint    ] Entering safepoint region: RevokeBias
[2019-12-09T02:26:33.890+0000][1][safepoint    ] Leaving safepoint region
[2019-12-09T02:26:33.890+0000][1][safepoint    ] Total time for which application threads were stopped: 0.0001790 seconds, Stopping threads took: 0.0000155 seconds
[2019-12-09T02:26:33.894+0000][1][safepoint    ] Application time: 0.0035902 seconds
[2019-12-09T02:26:33.958+0000][1][safepoint    ] Entering safepoint region: RevokeBias
[2019-12-09T02:26:33.959+0000][1][safepoint    ] Leaving safepoint region
[2019-12-09T02:26:33.959+0000][1][safepoint    ] Total time for which application threads were stopped: 0.0651759 seconds, Stopping threads took: 0.0645258 seconds
[2019-12-09T02:26:34.961+0000][1][safepoint    ] Application time: 1.0018931 seconds
[2019-12-09T02:26:34.961+0000][1][safepoint    ] Entering safepoint region: Cleanup
[2019-12-09T02:26:34.961+0000][1][safepoint    ] Leaving safepoint region
[2019-12-09T02:26:34.961+0000][1][safepoint    ] Total time for which application threads were stopped: 0.0001258 seconds, Stopping threads took: 0.0000551 seconds
[2019-12-09T02:26:35.108+0000][1][safepoint    ] Application time: 0.1472860 seconds
[2019-12-09T02:26:35.108+0000][1][safepoint    ] Entering safepoint region: Deoptimize
[2019-12-09T02:26:35.109+0000][1][safepoint    ] Leaving safepoint region
[2019-12-09T02:26:35.109+0000][1][safepoint    ] Total time for which application threads were stopped: 0.0006769 seconds, Stopping threads took: 0.0000170 seconds
[2019-12-09T02:26:36.113+0000][1][safepoint    ] Application time: 1.0035272 seconds
[2019-12-09T02:26:36.120+0000][1][safepoint    ] Entering safepoint region: Cleanup
[2019-12-09T02:26:36.120+0000][1][safepoint    ] Leaving safepoint region
[2019-12-09T02:26:36.120+0000][1][safepoint    ] Total time for which application threads were stopped: 0.0072811 seconds, Stopping threads took: 0.0071996 seconds
[2019-12-09T02:26:37.125+0000][1][safepoint    ] Application time: 1.0050601 seconds
[2019-12-09T02:26:37.125+0000][1][safepoint    ] Entering safepoint region: Cleanup
[2019-12-09T02:26:37.125+0000][1][safepoint    ] Leaving safepoint region
[2019-12-09T02:26:37.125+0000][1][safepoint    ] Total time for which application threads were stopped: 0.0001633 seconds, Stopping threads took: 0.0000809 seconds
[2019-12-09T02:26:38.132+0000][1][safepoint    ] Application time: 1.0066418 seconds
[2019-12-09T02:26:38.178+0000][1][safepoint    ] Entering safepoint region: Cleanup
[2019-12-09T02:26:38.178+0000][1][safepoint    ] Leaving safepoint region
[2019-12-09T02:26:38.178+0000][1][safepoint    ] Total time for which application threads were stopped: 0.0464442 seconds, Stopping threads took: 0.0463856 seconds
[2019-12-09T02:26:38.854+0000][1][safepoint    ] Application time: 0.6756276 seconds
[2019-12-09T02:26:38.854+0000][1][safepoint    ] Entering safepoint region: BulkRevokeBias
[2019-12-09T02:26:38.854+0000][1][safepoint    ] Leaving safepoint region
[2019-12-09T02:26:38.854+0000][1][safepoint    ] Total time for which application threads were stopped: 0.0001962 seconds, Stopping threads took: 0.0000186 seconds
[2019-12-09T02:26:39.553+0000][1][safepoint    ] Application time: 0.6985907 seconds
[2019-12-09T02:26:39.553+0000][1][safepoint    ] Entering safepoint region: GenCollectForAllocation
[2019-12-09T02:26:39.553+0000][1][gc,start     ] GC(22) Pause Young (Allocation Failure)
[2019-12-09T02:26:39.553+0000][1][gc,task      ] GC(22) Using 2 workers of 2 for evacuation
[2019-12-09T02:26:39.799+0000][1][gc,age       ] GC(22) Desired survivor size 4456448 bytes, new threshold 2 (max threshold 6)
[2019-12-09T02:26:39.799+0000][1][gc,age       ] GC(22) Age table with threshold 2 (max threshold 6)
[2019-12-09T02:26:39.799+0000][1][gc,age       ] GC(22) - age   1:    3682264 bytes,    3682264 total
[2019-12-09T02:26:39.799+0000][1][gc,age       ] GC(22) - age   2:    1577464 bytes,    5259728 total
[2019-12-09T02:26:39.799+0000][1][gc,age       ] GC(22) - age   3:    2631008 bytes,    7890736 total
[2019-12-09T02:26:39.799+0000][1][gc,heap      ] GC(22) ParNew: 75037K->8704K(78656K)
[2019-12-09T02:26:39.800+0000][1][gc,heap      ] GC(22) CMS: 60111K->60111K(174784K)
[2019-12-09T02:26:39.800+0000][1][gc,metaspace ] GC(22) Metaspace: 63567K->63567K(1107968K)
[2019-12-09T02:26:39.800+0000][1][gc           ] GC(22) Pause Young (Allocation Failure) 131M->67M(247M) 246.666ms
[2019-12-09T02:26:39.800+0000][1][gc,cpu       ] GC(22) User=0.04s Sys=0.00s Real=0.25s
[2019-12-09T02:26:39.800+0000][1][safepoint    ] Leaving safepoint region
[2019-12-09T02:26:39.800+0000][1][safepoint    ] Total time for which application threads were stopped: 0.2468516 seconds, Stopping threads took: 0.0000270 seconds
[2019-12-09T02:26:39.804+0000][1][safepoint    ] Application time: 0.0041217 seconds
[2019-12-09T02:26:39.804+0000][1][safepoint    ] Entering safepoint region: RevokeBias
[2019-12-09T02:26:39.804+0000][1][safepoint    ] Leaving safepoint region
[2019-12-09T02:26:39.804+0000][1][safepoint    ] Total time for which application threads were stopped: 0.0001437 seconds, Stopping threads took: 0.0000147 seconds
[2019-12-09T02:26:39.808+0000][1][safepoint    ] Application time: 0.0044932 seconds
[2019-12-09T02:26:39.808+0000][1][safepoint    ] Entering safepoint region: RevokeBias
[2019-12-09T02:26:39.808+0000][1][safepoint    ] Leaving safepoint region
[2019-12-09T02:26:39.809+0000][1][safepoint    ] Total time for which application threads were stopped: 0.0000956 seconds, Stopping threads took: 0.0000434 seconds
[2019-12-09T02:26:39.809+0000][1][safepoint    ] Application time: 0.0000612 seconds
[2019-12-09T02:26:39.809+0000][1][safepoint    ] Entering safepoint region: RevokeBias
[2019-12-09T02:26:39.809+0000][1][safepoint    ] Leaving safepoint region
[2019-12-09T02:26:39.809+0000][1][safepoint    ] Total time for which application threads were stopped: 0.0000459 seconds, Stopping threads took: 0.0000082 seconds
[2019-12-09T02:26:39.809+0000][1][safepoint    ] Application time: 0.0000615 seconds
[2019-12-09T02:26:39.809+0000][1][safepoint    ] Entering safepoint region: RevokeBias
[2019-12-09T02:26:39.809+0000][1][safepoint    ] Leaving safepoint region
[2019-12-09T02:26:39.809+0000][1][safepoint    ] Total time for which application threads were stopped: 0.0000450 seconds, Stopping threads took: 0.0000080 seconds
[2019-12-09T02:26:39.809+0000][1][safepoint    ] Application time: 0.0000509 seconds
[2019-12-09T02:26:39.809+0000][1][safepoint    ] Entering safepoint region: RevokeBias
[2019-12-09T02:26:39.809+0000][1][safepoint    ] Leaving safepoint region
[2019-12-09T02:26:39.809+0000][1][safepoint    ] Total time for which application threads were stopped: 0.0000369 seconds, Stopping threads took: 0.0000061 seconds
[2019-12-09T02:26:39.809+0000][1][safepoint    ] Application time: 0.0000487 seconds
[2019-12-09T02:26:39.809+0000][1][safepoint    ] Entering safepoint region: RevokeBias
[2019-12-09T02:26:39.809+0000][1][safepoint    ] Leaving safepoint region
[2019-12-09T02:26:39.809+0000][1][safepoint    ] Total time for which application threads were stopped: 0.0000353 seconds, Stopping threads took: 0.0000061 seconds
[2019-12-09T02:26:39.809+0000][1][safepoint    ] Application time: 0.0000482 seconds
[2019-12-09T02:26:39.809+0000][1][safepoint    ] Entering safepoint region: RevokeBias
[2019-12-09T02:26:39.809+0000][1][safepoint    ] Leaving safepoint region
[2019-12-09T02:26:39.809+0000][1][safepoint    ] Total time for which application threads were stopped: 0.0000447 seconds, Stopping threads took: 0.0000071 seconds
[2019-12-09T02:26:39.809+0000][1][safepoint    ] Application time: 0.0000516 seconds
[2019-12-09T02:26:39.809+0000][1][safepoint    ] Entering safepoint region: RevokeBias
[2019-12-09T02:26:39.809+0000][1][safepoint    ] Leaving safepoint region
[2019-12-09T02:26:39.809+0000][1][safepoint    ] Total time for which application threads were stopped: 0.0000394 seconds, Stopping threads took: 0.0000063 seconds
[2019-12-09T02:26:40.129+0000][1][safepoint    ] Application time: 0.3196397 seconds
[2019-12-09T02:26:40.129+0000][1][safepoint    ] Entering safepoint region: Deoptimize
[2019-12-09T02:26:40.130+0000][1][safepoint    ] Leaving safepoint region
[2019-12-09T02:26:40.130+0000][1][safepoint    ] Total time for which application threads were stopped: 0.0007180 seconds, Stopping threads took: 0.0000168 seconds
[2019-12-09T02:26:40.168+0000][1][safepoint    ] Application time: 0.0381954 seconds
[2019-12-09T02:26:40.168+0000][1][safepoint    ] Entering safepoint region: RevokeBias
[2019-12-09T02:26:40.168+0000][1][safepoint    ] Leaving safepoint region
[2019-12-09T02:26:40.168+0000][1][safepoint    ] Total time for which application threads were stopped: 0.0000867 seconds, Stopping threads took: 0.0000148 seconds
[2019-12-09T02:26:40.181+0000][1][safepoint    ] Application time: 0.0128404 seconds
[2019-12-09T02:26:40.181+0000][1][safepoint    ] Entering safepoint region: RevokeBias
[2019-12-09T02:26:40.181+0000][1][safepoint    ] Leaving safepoint region
[2019-12-09T02:26:40.181+0000][1][safepoint    ] Total time for which application threads were stopped: 0.0000861 seconds, Stopping threads took: 0.0000154 seconds
[2019-12-09T02:26:40.182+0000][1][safepoint    ] Application time: 0.0009707 seconds
[2019-12-09T02:26:40.182+0000][1][safepoint    ] Entering safepoint region: RevokeBias
[2019-12-09T02:26:40.182+0000][1][safepoint    ] Leaving safepoint region
[2019-12-09T02:26:40.182+0000][1][safepoint    ] Total time for which application threads were stopped: 0.0000740 seconds, Stopping threads took: 0.0000142 seconds
[2019-12-09T02:26:40.182+0000][1][safepoint    ] Application time: 0.0004481 seconds
[2019-12-09T02:26:40.182+0000][1][safepoint    ] Entering safepoint region: RevokeBias
[2019-12-09T02:26:40.182+0000][1][safepoint    ] Leaving safepoint region
[2019-12-09T02:26:40.182+0000][1][safepoint    ] Total time for which application threads were stopped: 0.0000734 seconds, Stopping threads took: 0.0000117 seconds
[2019-12-09T02:26:40.183+0000][1][safepoint    ] Application time: 0.0000621 seconds
[2019-12-09T02:26:40.183+0000][1][safepoint    ] Entering safepoint region: RevokeBias
[2019-12-09T02:26:40.183+0000][1][safepoint    ] Leaving safepoint region
[2019-12-09T02:26:40.183+0000][1][safepoint    ] Total time for which application threads were stopped: 0.0000515 seconds, Stopping threads took: 0.0000088 seconds
[2019-12-09T02:26:40.183+0000][1][safepoint    ] Application time: 0.0003678 seconds
[2019-12-09T02:26:40.183+0000][1][safepoint    ] Entering safepoint region: RevokeBias
[2019-12-09T02:26:40.183+0000][1][safepoint    ] Leaving safepoint region
[2019-12-09T02:26:40.183+0000][1][safepoint    ] Total time for which application threads were stopped: 0.0000589 seconds, Stopping threads took: 0.0000113 seconds
[2019-12-09T02:26:40.183+0000][1][safepoint    ] Application time: 0.0001948 seconds
[2019-12-09T02:26:40.183+0000][1][safepoint    ] Entering safepoint region: RevokeBias
[2019-12-09T02:26:40.183+0000][1][safepoint    ] Leaving safepoint region
[2019-12-09T02:26:40.183+0000][1][safepoint    ] Total time for which application threads were stopped: 0.0000550 seconds, Stopping threads took: 0.0000097 seconds
[2019-12-09T02:26:40.183+0000][1][safepoint    ] Application time: 0.0000599 seconds
[2019-12-09T02:26:40.183+0000][1][safepoint    ] Entering safepoint region: RevokeBias
[2019-12-09T02:26:40.183+0000][1][safepoint    ] Leaving safepoint region
[2019-12-09T02:26:40.183+0000][1][safepoint    ] Total time for which application threads were stopped: 0.0000478 seconds, Stopping threads took: 0.0000084 seconds
[2019-12-09T02:26:40.184+0000][1][safepoint    ] Application time: 0.0006057 seconds
[2019-12-09T02:26:40.184+0000][1][safepoint    ] Entering safepoint region: RevokeBias
[2019-12-09T02:26:40.184+0000][1][safepoint    ] Leaving safepoint region
[2019-12-09T02:26:40.184+0000][1][safepoint    ] Total time for which application threads were stopped: 0.0000595 seconds, Stopping threads took: 0.0000119 seconds
[2019-12-09T02:26:40.185+0000][1][safepoint    ] Application time: 0.0011949 seconds
[2019-12-09T02:26:40.185+0000][1][safepoint    ] Entering safepoint region: RevokeBias
[2019-12-09T02:26:40.185+0000][1][safepoint    ] Leaving safepoint region
[2019-12-09T02:26:40.185+0000][1][safepoint    ] Total time for which application threads were stopped: 0.0000650 seconds, Stopping threads took: 0.0000115 seconds
[2019-12-09T02:26:40.186+0000][1][safepoint    ] Application time: 0.0000932 seconds
[2019-12-09T02:26:40.186+0000][1][safepoint    ] Entering safepoint region: RevokeBias
[2019-12-09T02:26:40.186+0000][1][safepoint    ] Leaving safepoint region
[2019-12-09T02:26:40.186+0000][1][safepoint    ] Total time for which application threads were stopped: 0.0000473 seconds, Stopping threads took: 0.0000089 seconds
[2019-12-09T02:26:40.223+0000][1][safepoint    ] Application time: 0.0373148 seconds
[2019-12-09T02:26:40.223+0000][1][safepoint    ] Entering safepoint region: Deoptimize
[2019-12-09T02:26:40.224+0000][1][safepoint    ] Leaving safepoint region
[2019-12-09T02:26:40.224+0000][1][safepoint    ] Total time for which application threads were stopped: 0.0006344 seconds, Stopping threads took: 0.0000139 seconds
[2019-12-09T02:26:40.415+0000][1][safepoint    ] Application time: 0.1916370 seconds
[2019-12-09T02:26:40.472+0000][1][safepoint    ] Entering safepoint region: RevokeBias
[2019-12-09T02:26:40.472+0000][1][safepoint    ] Leaving safepoint region
[2019-12-09T02:26:40.473+0000][1][safepoint    ] Total time for which application threads were stopped: 0.0572658 seconds, Stopping threads took: 0.0571370 seconds
[2019-12-09T02:26:40.477+0000][1][safepoint    ] Application time: 0.0040236 seconds
[2019-12-09T02:26:40.477+0000][1][safepoint    ] Entering safepoint region: RevokeBias
[2019-12-09T02:26:40.477+0000][1][safepoint    ] Leaving safepoint region
[2019-12-09T02:26:40.477+0000][1][safepoint    ] Total time for which application threads were stopped: 0.0001267 seconds, Stopping threads took: 0.0000136 seconds
[2019-12-09T02:26:40.479+0000][1][safepoint    ] Application time: 0.0020258 seconds
[2019-12-09T02:26:40.558+0000][1][safepoint    ] Entering safepoint region: RevokeBias
[2019-12-09T02:26:40.558+0000][1][safepoint    ] Leaving safepoint region
[2019-12-09T02:26:40.558+0000][1][safepoint    ] Total time for which application threads were stopped: 0.0793221 seconds, Stopping threads took: 0.0792093 seconds
[2019-12-09T02:26:40.558+0000][1][safepoint    ] Application time: 0.0002170 seconds
[2019-12-09T02:26:40.558+0000][1][safepoint    ] Entering safepoint region: RevokeBias
[2019-12-09T02:26:40.558+0000][1][safepoint    ] Leaving safepoint region
[2019-12-09T02:26:40.558+0000][1][safepoint    ] Total time for which application threads were stopped: 0.0001100 seconds, Stopping threads took: 0.0000110 seconds
[2019-12-09T02:26:40.560+0000][1][safepoint    ] Application time: 0.0013673 seconds
[2019-12-09T02:26:40.560+0000][1][safepoint    ] Entering safepoint region: RevokeBias
[2019-12-09T02:26:40.560+0000][1][safepoint    ] Leaving safepoint region
[2019-12-09T02:26:40.560+0000][1][safepoint    ] Total time for which application threads were stopped: 0.0000620 seconds, Stopping threads took: 0.0000149 seconds
[2019-12-09T02:26:40.560+0000][1][safepoint    ] Application time: 0.0001214 seconds
[2019-12-09T02:26:40.560+0000][1][safepoint    ] Entering safepoint region: RevokeBias
[2019-12-09T02:26:40.560+0000][1][safepoint    ] Leaving safepoint region
[2019-12-09T02:26:40.560+0000][1][safepoint    ] Total time for which application threads were stopped: 0.0000382 seconds, Stopping threads took: 0.0000082 seconds
[2019-12-09T02:26:40.560+0000][1][safepoint    ] Application time: 0.0000707 seconds
[2019-12-09T02:26:40.560+0000][1][safepoint    ] Entering safepoint region: RevokeBias
[2019-12-09T02:26:40.560+0000][1][safepoint    ] Leaving safepoint region
[2019-12-09T02:26:40.560+0000][1][safepoint    ] Total time for which application threads were stopped: 0.0000347 seconds, Stopping threads took: 0.0000075 seconds
[2019-12-09T02:26:40.561+0000][1][safepoint    ] Application time: 0.0012007 seconds
[2019-12-09T02:26:40.561+0000][1][safepoint    ] Entering safepoint region: RevokeBias
[2019-12-09T02:26:40.562+0000][1][safepoint    ] Leaving safepoint region
[2019-12-09T02:26:40.562+0000][1][safepoint    ] Total time for which application threads were stopped: 0.0000960 seconds, Stopping threads took: 0.0000129 seconds
[2019-12-09T02:26:40.562+0000][1][safepoint    ] Application time: 0.0000652 seconds
[2019-12-09T02:26:40.562+0000][1][safepoint    ] Entering safepoint region: RevokeBias
[2019-12-09T02:26:40.562+0000][1][safepoint    ] Leaving safepoint region
[2019-12-09T02:26:40.562+0000][1][safepoint    ] Total time for which application threads were stopped: 0.0000752 seconds, Stopping threads took: 0.0000092 seconds
[2019-12-09T02:26:40.562+0000][1][safepoint    ] Application time: 0.0002932 seconds
[2019-12-09T02:26:40.562+0000][1][safepoint    ] Entering safepoint region: RevokeBias
[2019-12-09T02:26:40.562+0000][1][safepoint    ] Leaving safepoint region
[2019-12-09T02:26:40.562+0000][1][safepoint    ] Total time for which application threads were stopped: 0.0000872 seconds, Stopping threads took: 0.0000108 seconds
[2019-12-09T02:26:40.562+0000][1][safepoint    ] Application time: 0.0000590 seconds
[2019-12-09T02:26:40.562+0000][1][safepoint    ] Entering safepoint region: RevokeBias
[2019-12-09T02:26:40.562+0000][1][safepoint    ] Leaving safepoint region
[2019-12-09T02:26:40.562+0000][1][safepoint    ] Total time for which application threads were stopped: 0.0000786 seconds, Stopping threads took: 0.0000093 seconds
[2019-12-09T02:26:40.562+0000][1][safepoint    ] Application time: 0.0000628 seconds
[2019-12-09T02:26:40.562+0000][1][safepoint    ] Entering safepoint region: RevokeBias
[2019-12-09T02:26:40.562+0000][1][safepoint    ] Leaving safepoint region
[2019-12-09T02:26:40.562+0000][1][safepoint    ] Total time for which application threads were stopped: 0.0000752 seconds, Stopping threads took: 0.0000090 seconds
[2019-12-09T02:26:40.565+0000][1][safepoint    ] Application time: 0.0028313 seconds
[2019-12-09T02:26:40.565+0000][1][safepoint    ] Entering safepoint region: RevokeBias
[2019-12-09T02:26:40.565+0000][1][safepoint    ] Leaving safepoint region
[2019-12-09T02:26:40.565+0000][1][safepoint    ] Total time for which application threads were stopped: 0.0000892 seconds, Stopping threads took: 0.0000112 seconds
[2019-12-09T02:26:40.565+0000][1][safepoint    ] Application time: 0.0000635 seconds
[2019-12-09T02:26:40.565+0000][1][safepoint    ] Entering safepoint region: RevokeBias
[2019-12-09T02:26:40.566+0000][1][safepoint    ] Leaving safepoint region
[2019-12-09T02:26:40.566+0000][1][safepoint    ] Total time for which application threads were stopped: 0.0000747 seconds, Stopping threads took: 0.0000090 seconds
[2019-12-09T02:26:40.569+0000][1][safepoint    ] Application time: 0.0035692 seconds
[2019-12-09T02:26:40.569+0000][1][safepoint    ] Entering safepoint region: RevokeBias
[2019-12-09T02:26:40.569+0000][1][safepoint    ] Leaving safepoint region
[2019-12-09T02:26:40.569+0000][1][safepoint    ] Total time for which application threads were stopped: 0.0000915 seconds, Stopping threads took: 0.0000122 seconds
[2019-12-09T02:26:40.571+0000][1][safepoint    ] Application time: 0.0013995 seconds
[2019-12-09T02:26:40.571+0000][1][safepoint    ] Entering safepoint region: RevokeBias
[2019-12-09T02:26:40.571+0000][1][safepoint    ] Leaving safepoint region
[2019-12-09T02:26:40.571+0000][1][safepoint    ] Total time for which application threads were stopped: 0.0001070 seconds, Stopping threads took: 0.0000130 seconds
[2019-12-09T02:26:40.571+0000][1][safepoint    ] Application time: 0.0000678 seconds
[2019-12-09T02:26:40.571+0000][1][safepoint    ] Entering safepoint region: RevokeBias
[2019-12-09T02:26:40.571+0000][1][safepoint    ] Leaving safepoint region
[2019-12-09T02:26:40.571+0000][1][safepoint    ] Total time for which application threads were stopped: 0.0000780 seconds, Stopping threads took: 0.0000102 seconds
[2019-12-09T02:26:40.571+0000][1][safepoint    ] Application time: 0.0003491 seconds
[2019-12-09T02:26:40.571+0000][1][safepoint    ] Entering safepoint region: RevokeBias
[2019-12-09T02:26:40.571+0000][1][safepoint    ] Leaving safepoint region
[2019-12-09T02:26:40.571+0000][1][safepoint    ] Total time for which application threads were stopped: 0.0000814 seconds, Stopping threads took: 0.0000109 seconds
[2019-12-09T02:26:40.571+0000][1][safepoint    ] Application time: 0.0000639 seconds
[2019-12-09T02:26:40.571+0000][1][safepoint    ] Entering safepoint region: RevokeBias
[2019-12-09T02:26:40.572+0000][1][safepoint    ] Leaving safepoint region
[2019-12-09T02:26:40.572+0000][1][safepoint    ] Total time for which application threads were stopped: 0.0000740 seconds, Stopping threads took: 0.0000094 seconds
[2019-12-09T02:26:40.572+0000][1][safepoint    ] Application time: 0.0001252 seconds
[2019-12-09T02:26:40.572+0000][1][safepoint    ] Entering safepoint region: RevokeBias
[2019-12-09T02:26:40.572+0000][1][safepoint    ] Leaving safepoint region
[2019-12-09T02:26:40.572+0000][1][safepoint    ] Total time for which application threads were stopped: 0.0000932 seconds, Stopping threads took: 0.0000281 seconds
[2019-12-09T02:26:40.572+0000][1][safepoint    ] Application time: 0.0002480 seconds
[2019-12-09T02:26:40.572+0000][1][safepoint    ] Entering safepoint region: RevokeBias
[2019-12-09T02:26:40.572+0000][1][safepoint    ] Leaving safepoint region
[2019-12-09T02:26:40.572+0000][1][safepoint    ] Total time for which application threads were stopped: 0.0000766 seconds, Stopping threads took: 0.0000096 seconds
[2019-12-09T02:26:40.572+0000][1][safepoint    ] Application time: 0.0000912 seconds
[2019-12-09T02:26:40.572+0000][1][safepoint    ] Entering safepoint region: RevokeBias
[2019-12-09T02:26:40.572+0000][1][safepoint    ] Leaving safepoint region
[2019-12-09T02:26:40.572+0000][1][safepoint    ] Total time for which application threads were stopped: 0.0000701 seconds, Stopping threads took: 0.0000086 seconds
[2019-12-09T02:26:40.572+0000][1][safepoint    ] Application time: 0.0000560 seconds
[2019-12-09T02:26:40.572+0000][1][safepoint    ] Entering safepoint region: RevokeBias
[2019-12-09T02:26:40.572+0000][1][safepoint    ] Leaving safepoint region
[2019-12-09T02:26:40.572+0000][1][safepoint    ] Total time for which application threads were stopped: 0.0000683 seconds, Stopping threads took: 0.0000089 seconds
[2019-12-09T02:26:40.573+0000][1][safepoint    ] Application time: 0.0005793 seconds
[2019-12-09T02:26:40.573+0000][1][safepoint    ] Entering safepoint region: RevokeBias
[2019-12-09T02:26:40.573+0000][1][safepoint    ] Leaving safepoint region
[2019-12-09T02:26:40.573+0000][1][safepoint    ] Total time for which application threads were stopped: 0.0001034 seconds, Stopping threads took: 0.0000133 seconds
[2019-12-09T02:26:40.573+0000][1][safepoint    ] Application time: 0.0002016 seconds
[2019-12-09T02:26:40.573+0000][1][safepoint    ] Entering safepoint region: RevokeBias
[2019-12-09T02:26:40.573+0000][1][safepoint    ] Leaving safepoint region
[2019-12-09T02:26:40.573+0000][1][safepoint    ] Total time for which application threads were stopped: 0.0000811 seconds, Stopping threads took: 0.0000104 seconds
[2019-12-09T02:26:40.574+0000][1][safepoint    ] Application time: 0.0000594 seconds
[2019-12-09T02:26:40.574+0000][1][safepoint    ] Entering safepoint region: RevokeBias
[2019-12-09T02:26:40.574+0000][1][safepoint    ] Leaving safepoint region
[2019-12-09T02:26:40.574+0000][1][safepoint    ] Total time for which application threads were stopped: 0.0000700 seconds, Stopping threads took: 0.0000091 seconds
[2019-12-09T02:26:40.574+0000][1][safepoint    ] Application time: 0.0001332 seconds
[2019-12-09T02:26:40.574+0000][1][safepoint    ] Entering safepoint region: RevokeBias
[2019-12-09T02:26:40.574+0000][1][safepoint    ] Leaving safepoint region
[2019-12-09T02:26:40.574+0000][1][safepoint    ] Total time for which application threads were stopped: 0.0000763 seconds, Stopping threads took: 0.0000099 seconds
[2019-12-09T02:26:40.574+0000][1][safepoint    ] Application time: 0.0001183 seconds
[2019-12-09T02:26:40.574+0000][1][safepoint    ] Entering safepoint region: RevokeBias
[2019-12-09T02:26:40.574+0000][1][safepoint    ] Leaving safepoint region
[2019-12-09T02:26:40.574+0000][1][safepoint    ] Total time for which application threads were stopped: 0.0000825 seconds, Stopping threads took: 0.0000100 seconds
[2019-12-09T02:26:40.574+0000][1][safepoint    ] Application time: 0.0000585 seconds
[2019-12-09T02:26:40.574+0000][1][safepoint    ] Entering safepoint region: RevokeBias
[2019-12-09T02:26:40.574+0000][1][safepoint    ] Leaving safepoint region
[2019-12-09T02:26:40.574+0000][1][safepoint    ] Total time for which application threads were stopped: 0.0000757 seconds, Stopping threads took: 0.0000093 seconds
[2019-12-09T02:26:40.574+0000][1][safepoint    ] Application time: 0.0001287 seconds
[2019-12-09T02:26:40.574+0000][1][safepoint    ] Entering safepoint region: RevokeBias
[2019-12-09T02:26:40.574+0000][1][safepoint    ] Leaving safepoint region
[2019-12-09T02:26:40.574+0000][1][safepoint    ] Total time for which application threads were stopped: 0.0000763 seconds, Stopping threads took: 0.0000094 seconds
[2019-12-09T02:26:40.575+0000][1][safepoint    ] Application time: 0.0002064 seconds
[2019-12-09T02:26:40.575+0000][1][safepoint    ] Entering safepoint region: RevokeBias
[2019-12-09T02:26:40.575+0000][1][safepoint    ] Leaving safepoint region
[2019-12-09T02:26:40.575+0000][1][safepoint    ] Total time for which application threads were stopped: 0.0000680 seconds, Stopping threads took: 0.0000297 seconds
[2019-12-09T02:26:40.575+0000][1][safepoint    ] Application time: 0.0001427 seconds
[2019-12-09T02:26:40.575+0000][1][safepoint    ] Entering safepoint region: BulkRevokeBias
[2019-12-09T02:26:40.575+0000][1][safepoint    ] Leaving safepoint region
[2019-12-09T02:26:40.575+0000][1][safepoint    ] Total time for which application threads were stopped: 0.0001967 seconds, Stopping threads took: 0.0000095 seconds
[2019-12-09T02:26:40.575+0000][1][safepoint    ] Application time: 0.0001297 seconds
[2019-12-09T02:26:40.575+0000][1][safepoint    ] Entering safepoint region: RevokeBias
[2019-12-09T02:26:40.575+0000][1][safepoint    ] Leaving safepoint region
[2019-12-09T02:26:40.575+0000][1][safepoint    ] Total time for which application threads were stopped: 0.0000759 seconds, Stopping threads took: 0.0000092 seconds
[2019-12-09T02:26:40.576+0000][1][safepoint    ] Application time: 0.0009261 seconds
[2019-12-09T02:26:40.576+0000][1][safepoint    ] Entering safepoint region: RevokeBias
[2019-12-09T02:26:40.576+0000][1][safepoint    ] Leaving safepoint region
[2019-12-09T02:26:40.576+0000][1][safepoint    ] Total time for which application threads were stopped: 0.0000866 seconds, Stopping threads took: 0.0000111 seconds
[2019-12-09T02:26:40.576+0000][1][safepoint    ] Application time: 0.0000619 seconds
[2019-12-09T02:26:40.576+0000][1][safepoint    ] Entering safepoint region: RevokeBias
[2019-12-09T02:26:40.577+0000][1][safepoint    ] Leaving safepoint region
[2019-12-09T02:26:40.577+0000][1][safepoint    ] Total time for which application threads were stopped: 0.0000703 seconds, Stopping threads took: 0.0000087 seconds
[2019-12-09T02:26:40.587+0000][1][safepoint    ] Application time: 0.0107849 seconds
[2019-12-09T02:26:40.611+0000][1][safepoint    ] Entering safepoint region: RevokeBias
[2019-12-09T02:26:40.611+0000][1][safepoint    ] Leaving safepoint region
[2019-12-09T02:26:40.611+0000][1][safepoint    ] Total time for which application threads were stopped: 0.0235893 seconds, Stopping threads took: 0.0235321 seconds
[2019-12-09T02:26:40.951+0000][1][safepoint    ] Application time: 0.3396990 seconds
[2019-12-09T02:26:41.001+0000][1][safepoint    ] Entering safepoint region: RevokeBias
[2019-12-09T02:26:41.001+0000][1][safepoint    ] Leaving safepoint region
[2019-12-09T02:26:41.001+0000][1][safepoint    ] Total time for which application threads were stopped: 0.0503460 seconds, Stopping threads took: 0.0501679 seconds
[2019-12-09T02:26:41.002+0000][1][safepoint    ] Application time: 0.0008982 seconds
[2019-12-09T02:26:41.030+0000][1][safepoint    ] Entering safepoint region: RevokeBias
[2019-12-09T02:26:41.030+0000][1][safepoint    ] Leaving safepoint region
[2019-12-09T02:26:41.030+0000][1][safepoint    ] Total time for which application threads were stopped: 0.0282622 seconds, Stopping threads took: 0.0281569 seconds
[2019-12-09T02:26:41.030+0000][1][safepoint    ] Application time: 0.0000845 seconds
[2019-12-09T02:26:41.030+0000][1][safepoint    ] Entering safepoint region: RevokeBias
[2019-12-09T02:26:41.030+0000][1][safepoint    ] Leaving safepoint region
[2019-12-09T02:26:41.030+0000][1][safepoint    ] Total time for which application threads were stopped: 0.0000742 seconds, Stopping threads took: 0.0000107 seconds
[2019-12-09T02:26:41.031+0000][1][safepoint    ] Application time: 0.0003514 seconds
[2019-12-09T02:26:41.031+0000][1][safepoint    ] Entering safepoint region: RevokeBias
[2019-12-09T02:26:41.031+0000][1][safepoint    ] Leaving safepoint region
[2019-12-09T02:26:41.031+0000][1][safepoint    ] Total time for which application threads were stopped: 0.0001033 seconds, Stopping threads took: 0.0000244 seconds
[2019-12-09T02:26:41.031+0000][1][safepoint    ] Application time: 0.0000520 seconds
[2019-12-09T02:26:41.031+0000][1][safepoint    ] Entering safepoint region: RevokeBias
[2019-12-09T02:26:41.031+0000][1][safepoint    ] Leaving safepoint region
[2019-12-09T02:26:41.031+0000][1][safepoint    ] Total time for which application threads were stopped: 0.0000718 seconds, Stopping threads took: 0.0000094 seconds
[2019-12-09T02:26:41.051+0000][1][safepoint    ] Application time: 0.0198733 seconds
[2019-12-09T02:26:41.088+0000][1][safepoint    ] Entering safepoint region: RevokeBias
[2019-12-09T02:26:41.088+0000][1][safepoint    ] Leaving safepoint region
[2019-12-09T02:26:41.088+0000][1][safepoint    ] Total time for which application threads were stopped: 0.0371618 seconds, Stopping threads took: 0.0370936 seconds
[2019-12-09T02:26:41.098+0000][1][safepoint    ] Application time: 0.0103461 seconds
[2019-12-09T02:26:41.099+0000][1][safepoint    ] Entering safepoint region: RevokeBias
[2019-12-09T02:26:41.099+0000][1][safepoint    ] Leaving safepoint region
[2019-12-09T02:26:41.099+0000][1][safepoint    ] Total time for which application threads were stopped: 0.0001172 seconds, Stopping threads took: 0.0000551 seconds
[2019-12-09T02:26:41.103+0000][1][safepoint    ] Application time: 0.0045706 seconds
[2019-12-09T02:26:41.169+0000][1][safepoint    ] Entering safepoint region: RevokeBias
[2019-12-09T02:26:41.169+0000][1][safepoint    ] Leaving safepoint region
[2019-12-09T02:26:41.169+0000][1][safepoint    ] Total time for which application threads were stopped: 0.0657107 seconds, Stopping threads took: 0.0656225 seconds
[2019-12-09T02:26:41.178+0000][1][safepoint    ] Application time: 0.0093811 seconds
[2019-12-09T02:26:41.178+0000][1][safepoint    ] Entering safepoint region: RevokeBias
[2019-12-09T02:26:41.178+0000][1][safepoint    ] Leaving safepoint region
[2019-12-09T02:26:41.178+0000][1][safepoint    ] Total time for which application threads were stopped: 0.0001305 seconds, Stopping threads took: 0.0000742 seconds
[2019-12-09T02:26:41.179+0000][1][safepoint    ] Application time: 0.0006800 seconds
[2019-12-09T02:26:41.179+0000][1][safepoint    ] Entering safepoint region: RevokeBias
[2019-12-09T02:26:41.179+0000][1][safepoint    ] Leaving safepoint region
[2019-12-09T02:26:41.179+0000][1][safepoint    ] Total time for which application threads were stopped: 0.0000628 seconds, Stopping threads took: 0.0000144 seconds
[2019-12-09T02:26:41.186+0000][1][safepoint    ] Application time: 0.0067401 seconds
[2019-12-09T02:26:41.194+0000][1][safepoint    ] Entering safepoint region: RevokeBias
[2019-12-09T02:26:41.194+0000][1][safepoint    ] Leaving safepoint region
[2019-12-09T02:26:41.194+0000][1][safepoint    ] Total time for which application threads were stopped: 0.0078269 seconds, Stopping threads took: 0.0077651 seconds
[2019-12-09T02:26:41.267+0000][1][safepoint    ] Application time: 0.0732694 seconds
[2019-12-09T02:26:41.278+0000][1][safepoint    ] Entering safepoint region: RevokeBias
[2019-12-09T02:26:41.278+0000][1][safepoint    ] Leaving safepoint region
[2019-12-09T02:26:41.278+0000][1][safepoint    ] Total time for which application threads were stopped: 0.0107271 seconds, Stopping threads took: 0.0106367 seconds
[2019-12-09T02:26:41.304+0000][1][safepoint    ] Application time: 0.0262656 seconds
[2019-12-09T02:26:41.304+0000][1][safepoint    ] Entering safepoint region: RevokeBias
[2019-12-09T02:26:41.304+0000][1][safepoint    ] Leaving safepoint region
[2019-12-09T02:26:41.304+0000][1][safepoint    ] Total time for which application threads were stopped: 0.0001492 seconds, Stopping threads took: 0.0000555 seconds
[2019-12-09T02:26:41.304+0000][1][safepoint    ] Application time: 0.0001509 seconds
[2019-12-09T02:26:41.304+0000][1][safepoint    ] Entering safepoint region: RevokeBias
[2019-12-09T02:26:41.305+0000][1][safepoint    ] Leaving safepoint region
[2019-12-09T02:26:41.305+0000][1][safepoint    ] Total time for which application threads were stopped: 0.0000637 seconds, Stopping threads took: 0.0000109 seconds
[2019-12-09T02:26:41.308+0000][1][safepoint    ] Application time: 0.0035637 seconds
[2019-12-09T02:26:41.310+0000][1][safepoint    ] Entering safepoint region: RevokeBias
[2019-12-09T02:26:41.310+0000][1][safepoint    ] Leaving safepoint region
[2019-12-09T02:26:41.310+0000][1][safepoint    ] Total time for which application threads were stopped: 0.0016648 seconds, Stopping threads took: 0.0015958 seconds
[2019-12-09T02:26:41.310+0000][1][safepoint    ] Application time: 0.0004781 seconds
[2019-12-09T02:26:41.310+0000][1][safepoint    ] Entering safepoint region: RevokeBias
[2019-12-09T02:26:41.310+0000][1][safepoint    ] Leaving safepoint region
[2019-12-09T02:26:41.310+0000][1][safepoint    ] Total time for which application threads were stopped: 0.0000706 seconds, Stopping threads took: 0.0000120 seconds
[2019-12-09T02:26:41.311+0000][1][safepoint    ] Application time: 0.0002262 seconds
[2019-12-09T02:26:41.311+0000][1][safepoint    ] Entering safepoint region: RevokeBias
[2019-12-09T02:26:41.311+0000][1][safepoint    ] Leaving safepoint region
[2019-12-09T02:26:41.311+0000][1][safepoint    ] Total time for which application threads were stopped: 0.0000833 seconds, Stopping threads took: 0.0000108 seconds
[2019-12-09T02:26:41.311+0000][1][safepoint    ] Application time: 0.0000582 seconds
[2019-12-09T02:26:41.311+0000][1][safepoint    ] Entering safepoint region: RevokeBias
[2019-12-09T02:26:41.311+0000][1][safepoint    ] Leaving safepoint region
[2019-12-09T02:26:41.311+0000][1][safepoint    ] Total time for which application threads were stopped: 0.0000594 seconds, Stopping threads took: 0.0000095 seconds
[2019-12-09T02:26:41.311+0000][1][safepoint    ] Application time: 0.0000616 seconds
[2019-12-09T02:26:41.311+0000][1][safepoint    ] Entering safepoint region: RevokeBias
[2019-12-09T02:26:41.311+0000][1][safepoint    ] Leaving safepoint region
[2019-12-09T02:26:41.311+0000][1][safepoint    ] Total time for which application threads were stopped: 0.0000567 seconds, Stopping threads took: 0.0000091 seconds
[2019-12-09T02:26:41.326+0000][1][safepoint    ] Application time: 0.0150120 seconds
[2019-12-09T02:26:41.361+0000][1][safepoint    ] Entering safepoint region: RevokeBias
[2019-12-09T02:26:41.361+0000][1][safepoint    ] Leaving safepoint region
[2019-12-09T02:26:41.361+0000][1][safepoint    ] Total time for which application threads were stopped: 0.0348405 seconds, Stopping threads took: 0.0347361 seconds
[2019-12-09T02:26:41.369+0000][1][safepoint    ] Application time: 0.0083236 seconds
[2019-12-09T02:26:41.369+0000][1][safepoint    ] Entering safepoint region: RevokeBias
[2019-12-09T02:26:41.369+0000][1][safepoint    ] Leaving safepoint region
[2019-12-09T02:26:41.369+0000][1][safepoint    ] Total time for which application threads were stopped: 0.0001511 seconds, Stopping threads took: 0.0000581 seconds
[2019-12-09T02:26:41.373+0000][1][safepoint    ] Application time: 0.0032812 seconds
[2019-12-09T02:26:41.391+0000][1][safepoint    ] Entering safepoint region: RevokeBias
[2019-12-09T02:26:41.391+0000][1][safepoint    ] Leaving safepoint region
[2019-12-09T02:26:41.391+0000][1][safepoint    ] Total time for which application threads were stopped: 0.0180968 seconds, Stopping threads took: 0.0180241 seconds
[2019-12-09T02:26:41.391+0000][1][safepoint    ] Application time: 0.0001535 seconds
[2019-12-09T02:26:41.391+0000][1][safepoint    ] Entering safepoint region: RevokeBias
[2019-12-09T02:26:41.391+0000][1][safepoint    ] Leaving safepoint region
[2019-12-09T02:26:41.391+0000][1][safepoint    ] Total time for which application threads were stopped: 0.0000544 seconds, Stopping threads took: 0.0000101 seconds
[2019-12-09T02:26:41.392+0000][1][safepoint    ] Application time: 0.0006677 seconds
[2019-12-09T02:26:41.392+0000][1][safepoint    ] Entering safepoint region: RevokeBias
[2019-12-09T02:26:41.392+0000][1][safepoint    ] Leaving safepoint region
[2019-12-09T02:26:41.392+0000][1][safepoint    ] Total time for which application threads were stopped: 0.0000699 seconds, Stopping threads took: 0.0000120 seconds
[2019-12-09T02:26:41.393+0000][1][safepoint    ] Application time: 0.0011698 seconds
[2019-12-09T02:26:41.393+0000][1][safepoint    ] Entering safepoint region: RevokeBias
[2019-12-09T02:26:41.393+0000][1][safepoint    ] Leaving safepoint region
[2019-12-09T02:26:41.393+0000][1][safepoint    ] Total time for which application threads were stopped: 0.0000830 seconds, Stopping threads took: 0.0000120 seconds
[2019-12-09T02:26:41.420+0000][1][safepoint    ] Application time: 0.0269044 seconds
[2019-12-09T02:26:41.420+0000][1][safepoint    ] Entering safepoint region: RevokeBias
[2019-12-09T02:26:41.420+0000][1][safepoint    ] Leaving safepoint region
[2019-12-09T02:26:41.420+0000][1][safepoint    ] Total time for which application threads were stopped: 0.0000701 seconds, Stopping threads took: 0.0000116 seconds
[2019-12-09T02:26:41.432+0000][1][safepoint    ] Application time: 0.0120701 seconds
[2019-12-09T02:26:41.432+0000][1][safepoint    ] Entering safepoint region: RevokeBias
[2019-12-09T02:26:41.432+0000][1][safepoint    ] Leaving safepoint region
[2019-12-09T02:26:41.432+0000][1][safepoint    ] Total time for which application threads were stopped: 0.0000933 seconds, Stopping threads took: 0.0000139 seconds
[2019-12-09T02:26:41.443+0000][1][safepoint    ] Application time: 0.0107240 seconds
[2019-12-09T02:26:41.443+0000][1][safepoint    ] Entering safepoint region: RevokeBias
[2019-12-09T02:26:41.443+0000][1][safepoint    ] Leaving safepoint region
[2019-12-09T02:26:41.443+0000][1][safepoint    ] Total time for which application threads were stopped: 0.0001008 seconds, Stopping threads took: 0.0000476 seconds
[2019-12-09T02:26:41.443+0000][1][safepoint    ] Application time: 0.0001057 seconds
[2019-12-09T02:26:41.443+0000][1][safepoint    ] Entering safepoint region: RevokeBias
[2019-12-09T02:26:41.443+0000][1][safepoint    ] Leaving safepoint region
[2019-12-09T02:26:41.443+0000][1][safepoint    ] Total time for which application threads were stopped: 0.0000466 seconds, Stopping threads took: 0.0000095 seconds
[2019-12-09T02:26:41.443+0000][1][safepoint    ] Application time: 0.0000387 seconds
[2019-12-09T02:26:41.443+0000][1][safepoint    ] Entering safepoint region: RevokeBias
[2019-12-09T02:26:41.443+0000][1][safepoint    ] Leaving safepoint region
[2019-12-09T02:26:41.443+0000][1][safepoint    ] Total time for which application threads were stopped: 0.0000414 seconds, Stopping threads took: 0.0000079 seconds
[2019-12-09T02:26:41.526+0000][1][safepoint    ] Application time: 0.0826563 seconds
[2019-12-09T02:26:41.526+0000][1][safepoint    ] Entering safepoint region: RevokeBias
[2019-12-09T02:26:41.526+0000][1][safepoint    ] Leaving safepoint region
[2019-12-09T02:26:41.526+0000][1][safepoint    ] Total time for which application threads were stopped: 0.0001045 seconds, Stopping threads took: 0.0000166 seconds
[2019-12-09T02:26:41.583+0000][1][safepoint    ] Application time: 0.0568523 seconds
[2019-12-09T02:26:41.583+0000][1][safepoint    ] Entering safepoint region: RevokeBias
[2019-12-09T02:26:41.583+0000][1][safepoint    ] Leaving safepoint region
[2019-12-09T02:26:41.583+0000][1][safepoint    ] Total time for which application threads were stopped: 0.0001117 seconds, Stopping threads took: 0.0000455 seconds
[2019-12-09T02:26:41.658+0000][1][safepoint    ] Application time: 0.0745801 seconds
[2019-12-09T02:26:41.658+0000][1][safepoint    ] Entering safepoint region: RevokeBias
[2019-12-09T02:26:41.658+0000][1][safepoint    ] Leaving safepoint region
[2019-12-09T02:26:41.658+0000][1][safepoint    ] Total time for which application threads were stopped: 0.0000851 seconds, Stopping threads took: 0.0000155 seconds
[2019-12-09T02:26:41.677+0000][1][safepoint    ] Application time: 0.0190794 seconds
[2019-12-09T02:26:41.677+0000][1][safepoint    ] Entering safepoint region: RevokeBias
[2019-12-09T02:26:41.677+0000][1][safepoint    ] Leaving safepoint region
[2019-12-09T02:26:41.677+0000][1][safepoint    ] Total time for which application threads were stopped: 0.0001720 seconds, Stopping threads took: 0.0000904 seconds
[2019-12-09T02:26:41.691+0000][1][safepoint    ] Application time: 0.0135971 seconds
[2019-12-09T02:26:41.691+0000][1][safepoint    ] Entering safepoint region: RevokeBias
[2019-12-09T02:26:41.691+0000][1][safepoint    ] Leaving safepoint region
[2019-12-09T02:26:41.691+0000][1][safepoint    ] Total time for which application threads were stopped: 0.0001386 seconds, Stopping threads took: 0.0000722 seconds
[2019-12-09T02:26:41.691+0000][1][safepoint    ] Application time: 0.0002667 seconds
[2019-12-09T02:26:41.691+0000][1][safepoint    ] Entering safepoint region: RevokeBias
[2019-12-09T02:26:41.691+0000][1][safepoint    ] Leaving safepoint region
[2019-12-09T02:26:41.691+0000][1][safepoint    ] Total time for which application threads were stopped: 0.0000685 seconds, Stopping threads took: 0.0000111 seconds
[2019-12-09T02:26:41.691+0000][1][safepoint    ] Application time: 0.0001325 seconds
[2019-12-09T02:26:41.691+0000][1][safepoint    ] Entering safepoint region: RevokeBias
[2019-12-09T02:26:41.692+0000][1][safepoint    ] Leaving safepoint region
[2019-12-09T02:26:41.692+0000][1][safepoint    ] Total time for which application threads were stopped: 0.0000534 seconds, Stopping threads took: 0.0000089 seconds
[2019-12-09T02:26:41.692+0000][1][safepoint    ] Application time: 0.0002010 seconds
[2019-12-09T02:26:41.692+0000][1][safepoint    ] Entering safepoint region: RevokeBias
[2019-12-09T02:26:41.692+0000][1][safepoint    ] Leaving safepoint region
[2019-12-09T02:26:41.692+0000][1][safepoint    ] Total time for which application threads were stopped: 0.0000513 seconds, Stopping threads took: 0.0000092 seconds
[2019-12-09T02:26:41.692+0000][1][safepoint    ] Application time: 0.0003101 seconds
[2019-12-09T02:26:41.692+0000][1][safepoint    ] Entering safepoint region: RevokeBias
[2019-12-09T02:26:41.692+0000][1][safepoint    ] Leaving safepoint region
[2019-12-09T02:26:41.692+0000][1][safepoint    ] Total time for which application threads were stopped: 0.0000597 seconds, Stopping threads took: 0.0000119 seconds
[2019-12-09T02:26:41.692+0000][1][safepoint    ] Application time: 0.0002599 seconds
[2019-12-09T02:26:41.692+0000][1][safepoint    ] Entering safepoint region: RevokeBias
[2019-12-09T02:26:41.693+0000][1][safepoint    ] Leaving safepoint region
[2019-12-09T02:26:41.693+0000][1][safepoint    ] Total time for which application threads were stopped: 0.0000580 seconds, Stopping threads took: 0.0000111 seconds
[2019-12-09T02:26:41.694+0000][1][safepoint    ] Application time: 0.0012362 seconds
[2019-12-09T02:26:41.694+0000][1][safepoint    ] Entering safepoint region: RevokeBias
[2019-12-09T02:26:41.694+0000][1][safepoint    ] Leaving safepoint region
[2019-12-09T02:26:41.694+0000][1][safepoint    ] Total time for which application threads were stopped: 0.0000722 seconds, Stopping threads took: 0.0000271 seconds
[2019-12-09T02:26:41.694+0000][1][safepoint    ] Application time: 0.0001979 seconds
[2019-12-09T02:26:41.694+0000][1][safepoint    ] Entering safepoint region: RevokeBias
[2019-12-09T02:26:41.694+0000][1][safepoint    ] Leaving safepoint region
[2019-12-09T02:26:41.694+0000][1][safepoint    ] Total time for which application threads were stopped: 0.0000556 seconds, Stopping threads took: 0.0000099 seconds
[2019-12-09T02:26:41.694+0000][1][safepoint    ] Application time: 0.0001061 seconds
[2019-12-09T02:26:41.694+0000][1][safepoint    ] Entering safepoint region: RevokeBias
[2019-12-09T02:26:41.694+0000][1][safepoint    ] Leaving safepoint region
[2019-12-09T02:26:41.694+0000][1][safepoint    ] Total time for which application threads were stopped: 0.0000519 seconds, Stopping threads took: 0.0000094 seconds
[2019-12-09T02:26:41.694+0000][1][safepoint    ] Application time: 0.0001669 seconds
[2019-12-09T02:26:41.695+0000][1][safepoint    ] Entering safepoint region: RevokeBias
[2019-12-09T02:26:41.695+0000][1][safepoint    ] Leaving safepoint region
[2019-12-09T02:26:41.695+0000][1][safepoint    ] Total time for which application threads were stopped: 0.0000518 seconds, Stopping threads took: 0.0000102 seconds
[2019-12-09T02:26:41.695+0000][1][safepoint    ] Application time: 0.0002493 seconds
[2019-12-09T02:26:41.695+0000][1][safepoint    ] Entering safepoint region: RevokeBias
[2019-12-09T02:26:41.695+0000][1][safepoint    ] Leaving safepoint region
[2019-12-09T02:26:41.695+0000][1][safepoint    ] Total time for which application threads were stopped: 0.0000567 seconds, Stopping threads took: 0.0000109 seconds
[2019-12-09T02:26:41.695+0000][1][safepoint    ] Application time: 0.0002017 seconds
[2019-12-09T02:26:41.695+0000][1][safepoint    ] Entering safepoint region: RevokeBias
[2019-12-09T02:26:41.695+0000][1][safepoint    ] Leaving safepoint region
[2019-12-09T02:26:41.695+0000][1][safepoint    ] Total time for which application threads were stopped: 0.0000556 seconds, Stopping threads took: 0.0000114 seconds
[2019-12-09T02:26:41.706+0000][1][safepoint    ] Application time: 0.0112048 seconds
[2019-12-09T02:26:41.706+0000][1][safepoint    ] Entering safepoint region: RevokeBias
[2019-12-09T02:26:41.706+0000][1][safepoint    ] Leaving safepoint region
[2019-12-09T02:26:41.707+0000][1][safepoint    ] Total time for which application threads were stopped: 0.0000906 seconds, Stopping threads took: 0.0000117 seconds
[2019-12-09T02:26:41.707+0000][1][safepoint    ] Application time: 0.0005048 seconds
[2019-12-09T02:26:41.707+0000][1][safepoint    ] Entering safepoint region: RevokeBias
[2019-12-09T02:26:41.707+0000][1][safepoint    ] Leaving safepoint region
[2019-12-09T02:26:41.707+0000][1][safepoint    ] Total time for which application threads were stopped: 0.0000761 seconds, Stopping threads took: 0.0000098 seconds
[2019-12-09T02:26:41.707+0000][1][safepoint    ] Application time: 0.0003452 seconds
[2019-12-09T02:26:41.707+0000][1][safepoint    ] Entering safepoint region: RevokeBias
[2019-12-09T02:26:41.708+0000][1][safepoint    ] Leaving safepoint region
[2019-12-09T02:26:41.708+0000][1][safepoint    ] Total time for which application threads were stopped: 0.0000770 seconds, Stopping threads took: 0.0000105 seconds
[2019-12-09T02:26:41.708+0000][1][safepoint    ] Application time: 0.0005029 seconds
[2019-12-09T02:26:41.708+0000][1][safepoint    ] Entering safepoint region: RevokeBias
[2019-12-09T02:26:41.708+0000][1][safepoint    ] Leaving safepoint region
[2019-12-09T02:26:41.708+0000][1][safepoint    ] Total time for which application threads were stopped: 0.0000614 seconds, Stopping threads took: 0.0000090 seconds
[2019-12-09T02:26:41.708+0000][1][safepoint    ] Application time: 0.0001647 seconds
[2019-12-09T02:26:41.708+0000][1][safepoint    ] Entering safepoint region: RevokeBias
[2019-12-09T02:26:41.708+0000][1][safepoint    ] Leaving safepoint region
[2019-12-09T02:26:41.708+0000][1][safepoint    ] Total time for which application threads were stopped: 0.0000685 seconds, Stopping threads took: 0.0000117 seconds
[2019-12-09T02:26:41.708+0000][1][safepoint    ] Application time: 0.0000884 seconds
[2019-12-09T02:26:41.709+0000][1][safepoint    ] Entering safepoint region: RevokeBias
[2019-12-09T02:26:41.709+0000][1][safepoint    ] Leaving safepoint region
[2019-12-09T02:26:41.709+0000][1][safepoint    ] Total time for which application threads were stopped: 0.0000430 seconds, Stopping threads took: 0.0000083 seconds
[2019-12-09T02:26:41.709+0000][1][safepoint    ] Application time: 0.0002747 seconds
[2019-12-09T02:26:41.709+0000][1][safepoint    ] Entering safepoint region: BulkRevokeBias
[2019-12-09T02:26:41.709+0000][1][safepoint    ] Leaving safepoint region
[2019-12-09T02:26:41.709+0000][1][safepoint    ] Total time for which application threads were stopped: 0.0002500 seconds, Stopping threads took: 0.0000096 seconds
[2019-12-09T02:26:41.709+0000][1][safepoint    ] Application time: 0.0003510 seconds
[2019-12-09T02:26:41.709+0000][1][safepoint    ] Entering safepoint region: RevokeBias
[2019-12-09T02:26:41.710+0000][1][safepoint    ] Leaving safepoint region
[2019-12-09T02:26:41.710+0000][1][safepoint    ] Total time for which application threads were stopped: 0.0000655 seconds, Stopping threads took: 0.0000123 seconds
[2019-12-09T02:26:41.710+0000][1][safepoint    ] Application time: 0.0003826 seconds
[2019-12-09T02:26:41.710+0000][1][safepoint    ] Entering safepoint region: RevokeBias
[2019-12-09T02:26:41.710+0000][1][safepoint    ] Leaving safepoint region
[2019-12-09T02:26:41.710+0000][1][safepoint    ] Total time for which application threads were stopped: 0.0000720 seconds, Stopping threads took: 0.0000113 seconds
[2019-12-09T02:26:41.711+0000][1][safepoint    ] Application time: 0.0005988 seconds
[2019-12-09T02:26:41.711+0000][1][safepoint    ] Entering safepoint region: RevokeBias
[2019-12-09T02:26:41.711+0000][1][safepoint    ] Leaving safepoint region
[2019-12-09T02:26:41.711+0000][1][safepoint    ] Total time for which application threads were stopped: 0.0000924 seconds, Stopping threads took: 0.0000121 seconds
[2019-12-09T02:26:41.711+0000][1][safepoint    ] Application time: 0.0003818 seconds
[2019-12-09T02:26:41.711+0000][1][safepoint    ] Entering safepoint region: RevokeBias
[2019-12-09T02:26:41.711+0000][1][safepoint    ] Leaving safepoint region
[2019-12-09T02:26:41.711+0000][1][safepoint    ] Total time for which application threads were stopped: 0.0000698 seconds, Stopping threads took: 0.0000119 seconds
[2019-12-09T02:26:41.712+0000][1][safepoint    ] Application time: 0.0005710 seconds
[2019-12-09T02:26:41.712+0000][1][safepoint    ] Entering safepoint region: RevokeBias
[2019-12-09T02:26:41.712+0000][1][safepoint    ] Leaving safepoint region
[2019-12-09T02:26:41.712+0000][1][safepoint    ] Total time for which application threads were stopped: 0.0000615 seconds, Stopping threads took: 0.0000125 seconds
[2019-12-09T02:26:41.713+0000][1][safepoint    ] Application time: 0.0008482 seconds
[2019-12-09T02:26:41.713+0000][1][safepoint    ] Entering safepoint region: RevokeBias
[2019-12-09T02:26:41.713+0000][1][safepoint    ] Leaving safepoint region
[2019-12-09T02:26:41.713+0000][1][safepoint    ] Total time for which application threads were stopped: 0.0000473 seconds, Stopping threads took: 0.0000101 seconds
[2019-12-09T02:26:41.764+0000][1][safepoint    ] Application time: 0.0512043 seconds
[2019-12-09T02:26:41.765+0000][1][safepoint    ] Entering safepoint region: RevokeBias
[2019-12-09T02:26:41.765+0000][1][safepoint    ] Leaving safepoint region
[2019-12-09T02:26:41.765+0000][1][safepoint    ] Total time for which application threads were stopped: 0.0007831 seconds, Stopping threads took: 0.0007061 seconds
[2019-12-09T02:26:41.840+0000][1][safepoint    ] Application time: 0.0749739 seconds
[2019-12-09T02:26:41.894+0000][1][safepoint    ] Entering safepoint region: RevokeBias
[2019-12-09T02:26:41.894+0000][1][safepoint    ] Leaving safepoint region
[2019-12-09T02:26:41.894+0000][1][safepoint    ] Total time for which application threads were stopped: 0.0541318 seconds, Stopping threads took: 0.0540471 seconds
[2019-12-09T02:26:41.899+0000][1][safepoint    ] Application time: 0.0050045 seconds
[2019-12-09T02:26:41.899+0000][1][safepoint    ] Entering safepoint region: RevokeBias
[2019-12-09T02:26:41.899+0000][1][safepoint    ] Leaving safepoint region
[2019-12-09T02:26:41.899+0000][1][safepoint    ] Total time for which application threads were stopped: 0.0000837 seconds, Stopping threads took: 0.0000165 seconds
[2019-12-09T02:26:41.947+0000][1][safepoint    ] Application time: 0.0483804 seconds
[2019-12-09T02:26:41.983+0000][1][safepoint    ] Entering safepoint region: RevokeBias
[2019-12-09T02:26:41.983+0000][1][safepoint    ] Leaving safepoint region
[2019-12-09T02:26:41.983+0000][1][safepoint    ] Total time for which application threads were stopped: 0.0353749 seconds, Stopping threads took: 0.0352899 seconds
[2019-12-09T02:26:41.988+0000][1][safepoint    ] Application time: 0.0048288 seconds
[2019-12-09T02:26:41.988+0000][1][safepoint    ] Entering safepoint region: RevokeBias
[2019-12-09T02:26:41.989+0000][1][safepoint    ] Leaving safepoint region
[2019-12-09T02:26:41.989+0000][1][safepoint    ] Total time for which application threads were stopped: 0.0009152 seconds, Stopping threads took: 0.0001837 seconds
[2019-12-09T02:26:42.019+0000][1][safepoint    ] Application time: 0.0300335 seconds
[2019-12-09T02:26:42.108+0000][1][safepoint    ] Entering safepoint region: RevokeBias
[2019-12-09T02:26:42.108+0000][1][safepoint    ] Leaving safepoint region
[2019-12-09T02:26:42.108+0000][1][safepoint    ] Total time for which application threads were stopped: 0.0891012 seconds, Stopping threads took: 0.0890059 seconds
[2019-12-09T02:26:42.185+0000][1][safepoint    ] Application time: 0.0768865 seconds
[2019-12-09T02:26:42.185+0000][1][safepoint    ] Entering safepoint region: RevokeBias
[2019-12-09T02:26:42.185+0000][1][safepoint    ] Leaving safepoint region
[2019-12-09T02:26:42.185+0000][1][safepoint    ] Total time for which application threads were stopped: 0.0001012 seconds, Stopping threads took: 0.0000193 seconds
[2019-12-09T02:26:42.185+0000][1][safepoint    ] Application time: 0.0006160 seconds
[2019-12-09T02:26:42.186+0000][1][safepoint    ] Entering safepoint region: RevokeBias
[2019-12-09T02:26:42.186+0000][1][safepoint    ] Leaving safepoint region
[2019-12-09T02:26:42.186+0000][1][safepoint    ] Total time for which application threads were stopped: 0.0000790 seconds, Stopping threads took: 0.0000162 seconds
[2019-12-09T02:26:42.196+0000][1][safepoint    ] Application time: 0.0101098 seconds
[2019-12-09T02:26:42.196+0000][1][safepoint    ] Entering safepoint region: RevokeBias
[2019-12-09T02:26:42.196+0000][1][safepoint    ] Leaving safepoint region
[2019-12-09T02:26:42.196+0000][1][safepoint    ] Total time for which application threads were stopped: 0.0006835 seconds, Stopping threads took: 0.0000170 seconds
[2019-12-09T02:26:42.197+0000][1][safepoint    ] Application time: 0.0007009 seconds
[2019-12-09T02:26:42.197+0000][1][safepoint    ] Entering safepoint region: RevokeBias
[2019-12-09T02:26:42.197+0000][1][safepoint    ] Leaving safepoint region
[2019-12-09T02:26:42.197+0000][1][safepoint    ] Total time for which application threads were stopped: 0.0000711 seconds, Stopping threads took: 0.0000147 seconds
[2019-12-09T02:26:42.212+0000][1][safepoint    ] Application time: 0.0144249 seconds
[2019-12-09T02:26:42.212+0000][1][safepoint    ] Entering safepoint region: RevokeBias
[2019-12-09T02:26:42.212+0000][1][safepoint    ] Leaving safepoint region
[2019-12-09T02:26:42.212+0000][1][safepoint    ] Total time for which application threads were stopped: 0.0001076 seconds, Stopping threads took: 0.0000557 seconds
[2019-12-09T02:26:42.213+0000][1][safepoint    ] Application time: 0.0012760 seconds
[2019-12-09T02:26:42.213+0000][1][safepoint    ] Entering safepoint region: RevokeBias
[2019-12-09T02:26:42.213+0000][1][safepoint    ] Leaving safepoint region
[2019-12-09T02:26:42.213+0000][1][safepoint    ] Total time for which application threads were stopped: 0.0000661 seconds, Stopping threads took: 0.0000125 seconds
[2019-12-09T02:26:42.213+0000][1][safepoint    ] Application time: 0.0002539 seconds
[2019-12-09T02:26:42.213+0000][1][safepoint    ] Entering safepoint region: RevokeBias
[2019-12-09T02:26:42.214+0000][1][safepoint    ] Leaving safepoint region
[2019-12-09T02:26:42.214+0000][1][safepoint    ] Total time for which application threads were stopped: 0.0000566 seconds, Stopping threads took: 0.0000105 seconds
[2019-12-09T02:26:42.214+0000][1][safepoint    ] Application time: 0.0002427 seconds
[2019-12-09T02:26:42.214+0000][1][safepoint    ] Entering safepoint region: RevokeBias
[2019-12-09T02:26:42.214+0000][1][safepoint    ] Leaving safepoint region
[2019-12-09T02:26:42.214+0000][1][safepoint    ] Total time for which application threads were stopped: 0.0000522 seconds, Stopping threads took: 0.0000095 seconds
[2019-12-09T02:26:42.216+0000][1][safepoint    ] Application time: 0.0020896 seconds
[2019-12-09T02:26:42.216+0000][1][safepoint    ] Entering safepoint region: RevokeBias
[2019-12-09T02:26:42.216+0000][1][safepoint    ] Leaving safepoint region
[2019-12-09T02:26:42.216+0000][1][safepoint    ] Total time for which application threads were stopped: 0.0000529 seconds, Stopping threads took: 0.0000120 seconds
[2019-12-09T02:26:42.216+0000][1][safepoint    ] Application time: 0.0002223 seconds
[2019-12-09T02:26:42.216+0000][1][safepoint    ] Entering safepoint region: RevokeBias
[2019-12-09T02:26:42.216+0000][1][safepoint    ] Leaving safepoint region
[2019-12-09T02:26:42.216+0000][1][safepoint    ] Total time for which application threads were stopped: 0.0000427 seconds, Stopping threads took: 0.0000086 seconds
[2019-12-09T02:26:42.218+0000][1][safepoint    ] Application time: 0.0019375 seconds
[2019-12-09T02:26:42.218+0000][1][safepoint    ] Entering safepoint region: RevokeBias
[2019-12-09T02:26:42.218+0000][1][safepoint    ] Leaving safepoint region
[2019-12-09T02:26:42.218+0000][1][safepoint    ] Total time for which application threads were stopped: 0.0000513 seconds, Stopping threads took: 0.0000118 seconds
[2019-12-09T02:26:42.219+0000][1][safepoint    ] Application time: 0.0002069 seconds
[2019-12-09T02:26:42.219+0000][1][safepoint    ] Entering safepoint region: RevokeBias
[2019-12-09T02:26:42.219+0000][1][safepoint    ] Leaving safepoint region
[2019-12-09T02:26:42.219+0000][1][safepoint    ] Total time for which application threads were stopped: 0.0000442 seconds, Stopping threads took: 0.0000094 seconds
[2019-12-09T02:26:42.219+0000][1][safepoint    ] Application time: 0.0001268 seconds
[2019-12-09T02:26:42.219+0000][1][safepoint    ] Entering safepoint region: RevokeBias
[2019-12-09T02:26:42.219+0000][1][safepoint    ] Leaving safepoint region
[2019-12-09T02:26:42.219+0000][1][safepoint    ] Total time for which application threads were stopped: 0.0000423 seconds, Stopping threads took: 0.0000090 seconds
[2019-12-09T02:26:42.219+0000][1][safepoint    ] Application time: 0.0001945 seconds
[2019-12-09T02:26:42.219+0000][1][safepoint    ] Entering safepoint region: RevokeBias
[2019-12-09T02:26:42.219+0000][1][safepoint    ] Leaving safepoint region
[2019-12-09T02:26:42.219+0000][1][safepoint    ] Total time for which application threads were stopped: 0.0000434 seconds, Stopping threads took: 0.0000094 seconds
[2019-12-09T02:26:42.231+0000][1][safepoint    ] Application time: 0.0117619 seconds
[2019-12-09T02:26:42.231+0000][1][safepoint    ] Entering safepoint region: RevokeBias
[2019-12-09T02:26:42.231+0000][1][safepoint    ] Leaving safepoint region
[2019-12-09T02:26:42.231+0000][1][safepoint    ] Total time for which application threads were stopped: 0.0000500 seconds, Stopping threads took: 0.0000119 seconds
[2019-12-09T02:26:42.231+0000][1][safepoint    ] Application time: 0.0002144 seconds
[2019-12-09T02:26:42.231+0000][1][safepoint    ] Entering safepoint region: RevokeBias
[2019-12-09T02:26:42.231+0000][1][safepoint    ] Leaving safepoint region
[2019-12-09T02:26:42.231+0000][1][safepoint    ] Total time for which application threads were stopped: 0.0000440 seconds, Stopping threads took: 0.0000096 seconds
[2019-12-09T02:26:42.231+0000][1][safepoint    ] Application time: 0.0000994 seconds
[2019-12-09T02:26:42.231+0000][1][safepoint    ] Entering safepoint region: RevokeBias
[2019-12-09T02:26:42.231+0000][1][safepoint    ] Leaving safepoint region
[2019-12-09T02:26:42.231+0000][1][safepoint    ] Total time for which application threads were stopped: 0.0000422 seconds, Stopping threads took: 0.0000097 seconds
[2019-12-09T02:26:42.231+0000][1][safepoint    ] Application time: 0.0001877 seconds
[2019-12-09T02:26:42.232+0000][1][safepoint    ] Entering safepoint region: RevokeBias
[2019-12-09T02:26:42.232+0000][1][safepoint    ] Leaving safepoint region
[2019-12-09T02:26:42.232+0000][1][safepoint    ] Total time for which application threads were stopped: 0.0000435 seconds, Stopping threads took: 0.0000092 seconds
[2019-12-09T02:26:42.258+0000][1][safepoint    ] Application time: 0.0262368 seconds
[2019-12-09T02:26:42.271+0000][1][safepoint    ] Entering safepoint region: RevokeBias
[2019-12-09T02:26:42.271+0000][1][safepoint    ] Leaving safepoint region
[2019-12-09T02:26:42.271+0000][1][safepoint    ] Total time for which application threads were stopped: 0.0129977 seconds, Stopping threads took: 0.0129124 seconds
[2019-12-09T02:26:42.274+0000][1][safepoint    ] Application time: 0.0028783 seconds
[2019-12-09T02:26:42.346+0000][1][safepoint    ] Entering safepoint region: RevokeBias
[2019-12-09T02:26:42.346+0000][1][safepoint    ] Leaving safepoint region
[2019-12-09T02:26:42.346+0000][1][safepoint    ] Total time for which application threads were stopped: 0.0721527 seconds, Stopping threads took: 0.0720720 seconds
[2019-12-09T02:26:42.389+0000][1][safepoint    ] Application time: 0.0428239 seconds
[2019-12-09T02:26:42.393+0000][1][safepoint    ] Entering safepoint region: RevokeBias
[2019-12-09T02:26:42.393+0000][1][safepoint    ] Leaving safepoint region
[2019-12-09T02:26:42.393+0000][1][safepoint    ] Total time for which application threads were stopped: 0.0045737 seconds, Stopping threads took: 0.0044807 seconds
[2019-12-09T02:26:42.393+0000][1][safepoint    ] Application time: 0.0000707 seconds
[2019-12-09T02:26:42.393+0000][1][safepoint    ] Entering safepoint region: RevokeBias
[2019-12-09T02:26:42.393+0000][1][safepoint    ] Leaving safepoint region
[2019-12-09T02:26:42.393+0000][1][safepoint    ] Total time for which application threads were stopped: 0.0000497 seconds, Stopping threads took: 0.0000091 seconds
[2019-12-09T02:26:42.410+0000][1][safepoint    ] Application time: 0.0166471 seconds
[2019-12-09T02:26:42.410+0000][1][safepoint    ] Entering safepoint region: RevokeBias
[2019-12-09T02:26:42.410+0000][1][safepoint    ] Leaving safepoint region
[2019-12-09T02:26:42.410+0000][1][safepoint    ] Total time for which application threads were stopped: 0.0000909 seconds, Stopping threads took: 0.0000148 seconds
[2019-12-09T02:26:42.412+0000][1][safepoint    ] Application time: 0.0022203 seconds
[2019-12-09T02:26:42.412+0000][1][safepoint    ] Entering safepoint region: RevokeBias
[2019-12-09T02:26:42.413+0000][1][safepoint    ] Leaving safepoint region
[2019-12-09T02:26:42.413+0000][1][safepoint    ] Total time for which application threads were stopped: 0.0000664 seconds, Stopping threads took: 0.0000137 seconds
[2019-12-09T02:26:42.413+0000][1][safepoint    ] Application time: 0.0004998 seconds
[2019-12-09T02:26:42.413+0000][1][safepoint    ] Entering safepoint region: BulkRevokeBias
[2019-12-09T02:26:42.414+0000][1][safepoint    ] Leaving safepoint region
[2019-12-09T02:26:42.429+0000][1][safepoint    ] Total time for which application threads were stopped: 0.0156410 seconds, Stopping threads took: 0.0000116 seconds
[2019-12-09T02:26:42.640+0000][1][safepoint    ] Application time: 0.2117432 seconds
[2019-12-09T02:26:42.641+0000][1][safepoint    ] Entering safepoint region: RevokeBias
[2019-12-09T02:26:42.641+0000][1][safepoint    ] Leaving safepoint region
[2019-12-09T02:26:42.641+0000][1][safepoint    ] Total time for which application threads were stopped: 0.0001077 seconds, Stopping threads took: 0.0000181 seconds
[2019-12-09T02:26:42.911+0000][1][safepoint    ] Application time: 0.2708820 seconds
[2019-12-09T02:26:42.937+0000][1][safepoint    ] Entering safepoint region: RevokeBias
[2019-12-09T02:26:42.937+0000][1][safepoint    ] Leaving safepoint region
[2019-12-09T02:26:42.937+0000][1][safepoint    ] Total time for which application threads were stopped: 0.0253336 seconds, Stopping threads took: 0.0252397 seconds
[2019-12-09T02:26:42.940+0000][1][safepoint    ] Application time: 0.0027075 seconds
[2019-12-09T02:26:42.940+0000][1][safepoint    ] Entering safepoint region: RevokeBias
[2019-12-09T02:26:42.940+0000][1][safepoint    ] Leaving safepoint region
[2019-12-09T02:26:42.940+0000][1][safepoint    ] Total time for which application threads were stopped: 0.0001025 seconds, Stopping threads took: 0.0000159 seconds
[2019-12-09T02:26:42.941+0000][1][safepoint    ] Application time: 0.0012436 seconds
[2019-12-09T02:26:42.941+0000][1][safepoint    ] Entering safepoint region: RevokeBias
[2019-12-09T02:26:42.941+0000][1][safepoint    ] Leaving safepoint region
[2019-12-09T02:26:42.941+0000][1][safepoint    ] Total time for which application threads were stopped: 0.0000643 seconds, Stopping threads took: 0.0000140 seconds
[2019-12-09T02:26:42.960+0000][1][safepoint    ] Application time: 0.0185943 seconds
[2019-12-09T02:26:42.960+0000][1][safepoint    ] Entering safepoint region: RevokeBias
[2019-12-09T02:26:42.960+0000][1][safepoint    ] Leaving safepoint region
[2019-12-09T02:26:42.960+0000][1][safepoint    ] Total time for which application threads were stopped: 0.0000825 seconds, Stopping threads took: 0.0000286 seconds
[2019-12-09T02:26:42.966+0000][1][safepoint    ] Application time: 0.0067074 seconds
[2019-12-09T02:26:42.966+0000][1][safepoint    ] Entering safepoint region: RevokeBias
[2019-12-09T02:26:42.967+0000][1][safepoint    ] Leaving safepoint region
[2019-12-09T02:26:42.967+0000][1][safepoint    ] Total time for which application threads were stopped: 0.0000582 seconds, Stopping threads took: 0.0000144 seconds
[2019-12-09T02:26:43.324+0000][1][safepoint    ] Application time: 0.3571737 seconds
[2019-12-09T02:26:43.324+0000][1][safepoint    ] Entering safepoint region: RevokeBias
[2019-12-09T02:26:43.324+0000][1][safepoint    ] Leaving safepoint region
[2019-12-09T02:26:43.324+0000][1][safepoint    ] Total time for which application threads were stopped: 0.0000863 seconds, Stopping threads took: 0.0000172 seconds
[2019-12-09T02:26:43.359+0000][1][safepoint    ] Application time: 0.0354224 seconds
[2019-12-09T02:26:43.359+0000][1][safepoint    ] Entering safepoint region: RevokeBias
[2019-12-09T02:26:43.359+0000][1][safepoint    ] Leaving safepoint region
[2019-12-09T02:26:43.359+0000][1][safepoint    ] Total time for which application threads were stopped: 0.0000838 seconds, Stopping threads took: 0.0000181 seconds
[2019-12-09T02:26:43.958+0000][1][safepoint    ] Application time: 0.5983247 seconds
[2019-12-09T02:26:43.958+0000][1][safepoint    ] Entering safepoint region: RevokeBias
[2019-12-09T02:26:43.958+0000][1][safepoint    ] Leaving safepoint region
[2019-12-09T02:26:43.958+0000][1][safepoint    ] Total time for which application threads were stopped: 0.0002221 seconds, Stopping threads took: 0.0001309 seconds
[2019-12-09T02:26:43.959+0000][1][safepoint    ] Application time: 0.0009435 seconds
[2019-12-09T02:26:43.959+0000][1][safepoint    ] Entering safepoint region: RevokeBias
[2019-12-09T02:26:43.959+0000][1][safepoint    ] Leaving safepoint region
[2019-12-09T02:26:43.959+0000][1][safepoint    ] Total time for which application threads were stopped: 0.0000896 seconds, Stopping threads took: 0.0000167 seconds
[2019-12-09T02:26:43.990+0000][1][safepoint    ] Application time: 0.0308625 seconds
[2019-12-09T02:26:43.990+0000][1][safepoint    ] Entering safepoint region: RevokeBias
[2019-12-09T02:26:43.990+0000][1][safepoint    ] Leaving safepoint region
[2019-12-09T02:26:43.990+0000][1][safepoint    ] Total time for which application threads were stopped: 0.0001339 seconds, Stopping threads took: 0.0000678 seconds
[2019-12-09T02:26:43.993+0000][1][safepoint    ] Application time: 0.0027437 seconds
[2019-12-09T02:26:43.993+0000][1][safepoint    ] Entering safepoint region: RevokeBias
[2019-12-09T02:26:43.993+0000][1][safepoint    ] Leaving safepoint region
[2019-12-09T02:26:43.993+0000][1][safepoint    ] Total time for which application threads were stopped: 0.0000737 seconds, Stopping threads took: 0.0000140 seconds
[2019-12-09T02:26:44.012+0000][1][safepoint    ] Application time: 0.0188682 seconds
[2019-12-09T02:26:44.012+0000][1][safepoint    ] Entering safepoint region: RevokeBias
[2019-12-09T02:26:44.012+0000][1][safepoint    ] Leaving safepoint region
[2019-12-09T02:26:44.012+0000][1][safepoint    ] Total time for which application threads were stopped: 0.0001182 seconds, Stopping threads took: 0.0000520 seconds
[2019-12-09T02:26:44.089+0000][1][safepoint    ] Application time: 0.0768056 seconds
[2019-12-09T02:26:44.089+0000][1][safepoint    ] Entering safepoint region: RevokeBias
[2019-12-09T02:26:44.089+0000][1][safepoint    ] Leaving safepoint region
[2019-12-09T02:26:44.089+0000][1][safepoint    ] Total time for which application threads were stopped: 0.0000875 seconds, Stopping threads took: 0.0000184 seconds
[2019-12-09T02:26:44.131+0000][1][safepoint    ] Application time: 0.0422478 seconds
[2019-12-09T02:26:44.131+0000][1][safepoint    ] Entering safepoint region: RevokeBias
[2019-12-09T02:26:44.131+0000][1][safepoint    ] Leaving safepoint region
[2019-12-09T02:26:44.131+0000][1][safepoint    ] Total time for which application threads were stopped: 0.0000852 seconds, Stopping threads took: 0.0000172 seconds
[2019-12-09T02:26:44.410+0000][1][safepoint    ] Application time: 0.2789951 seconds
[2019-12-09T02:26:44.410+0000][1][safepoint    ] Entering safepoint region: RevokeBias
[2019-12-09T02:26:44.410+0000][1][safepoint    ] Leaving safepoint region
[2019-12-09T02:26:44.410+0000][1][safepoint    ] Total time for which application threads were stopped: 0.0000873 seconds, Stopping threads took: 0.0000189 seconds
[2019-12-09T02:26:44.422+0000][1][safepoint    ] Application time: 0.0117510 seconds
[2019-12-09T02:26:44.485+0000][1][safepoint    ] Entering safepoint region: RevokeBias
[2019-12-09T02:26:44.485+0000][1][safepoint    ] Leaving safepoint region
[2019-12-09T02:26:44.485+0000][1][safepoint    ] Total time for which application threads were stopped: 0.0626473 seconds, Stopping threads took: 0.0625657 seconds
[2019-12-09T02:26:44.967+0000][1][safepoint    ] Application time: 0.4818551 seconds
[2019-12-09T02:26:44.997+0000][1][safepoint    ] Entering safepoint region: RevokeBias
[2019-12-09T02:26:44.997+0000][1][safepoint    ] Leaving safepoint region
[2019-12-09T02:26:44.997+0000][1][safepoint    ] Total time for which application threads were stopped: 0.0302554 seconds, Stopping threads took: 0.0301622 seconds
[2019-12-09T02:26:45.001+0000][1][safepoint    ] Application time: 0.0043761 seconds
[2019-12-09T02:26:45.001+0000][1][safepoint    ] Entering safepoint region: RevokeBias
[2019-12-09T02:26:45.001+0000][1][safepoint    ] Leaving safepoint region
[2019-12-09T02:26:45.002+0000][1][safepoint    ] Total time for which application threads were stopped: 0.0000996 seconds, Stopping threads took: 0.0000172 seconds
[2019-12-09T02:26:45.179+0000][1][safepoint    ] Application time: 0.1774480 seconds
[2019-12-09T02:26:45.179+0000][1][safepoint    ] Entering safepoint region: RevokeBias
[2019-12-09T02:26:45.179+0000][1][safepoint    ] Leaving safepoint region
[2019-12-09T02:26:45.179+0000][1][safepoint    ] Total time for which application threads were stopped: 0.0001150 seconds, Stopping threads took: 0.0000206 seconds
[2019-12-09T02:26:45.192+0000][1][safepoint    ] Application time: 0.0131025 seconds
[2019-12-09T02:26:45.216+0000][1][safepoint    ] Entering safepoint region: RevokeBias
[2019-12-09T02:26:45.216+0000][1][safepoint    ] Leaving safepoint region
[2019-12-09T02:26:45.216+0000][1][safepoint    ] Total time for which application threads were stopped: 0.0236529 seconds, Stopping threads took: 0.0235350 seconds
[2019-12-09T02:26:45.222+0000][1][safepoint    ] Application time: 0.0057993 seconds
[2019-12-09T02:26:45.222+0000][1][safepoint    ] Entering safepoint region: RevokeBias
[2019-12-09T02:26:45.222+0000][1][safepoint    ] Leaving safepoint region
[2019-12-09T02:26:45.222+0000][1][safepoint    ] Total time for which application threads were stopped: 0.0001529 seconds, Stopping threads took: 0.0000605 seconds
[2019-12-09T02:26:45.222+0000][1][safepoint    ] Application time: 0.0001125 seconds
[2019-12-09T02:26:45.222+0000][1][safepoint    ] Entering safepoint region: RevokeBias
[2019-12-09T02:26:45.222+0000][1][safepoint    ] Leaving safepoint region
[2019-12-09T02:26:45.222+0000][1][safepoint    ] Total time for which application threads were stopped: 0.0000611 seconds, Stopping threads took: 0.0000099 seconds
[2019-12-09T02:26:45.223+0000][1][safepoint    ] Application time: 0.0004268 seconds
[2019-12-09T02:26:45.223+0000][1][safepoint    ] Entering safepoint region: BulkRevokeBias
[2019-12-09T02:26:45.223+0000][1][safepoint    ] Leaving safepoint region
[2019-12-09T02:26:45.223+0000][1][safepoint    ] Total time for which application threads were stopped: 0.0003938 seconds, Stopping threads took: 0.0000125 seconds
[2019-12-09T02:26:45.235+0000][1][safepoint    ] Application time: 0.0118734 seconds
[2019-12-09T02:26:45.279+0000][1][safepoint    ] Entering safepoint region: BulkRevokeBias
[2019-12-09T02:26:45.279+0000][1][safepoint    ] Leaving safepoint region
[2019-12-09T02:26:45.279+0000][1][safepoint    ] Total time for which application threads were stopped: 0.0444365 seconds, Stopping threads took: 0.0439365 seconds
[2019-12-09T02:26:45.307+0000][1][safepoint    ] Application time: 0.0274405 seconds
[2019-12-09T02:26:45.307+0000][1][safepoint    ] Entering safepoint region: RevokeBias
[2019-12-09T02:26:45.307+0000][1][safepoint    ] Leaving safepoint region
[2019-12-09T02:26:45.307+0000][1][safepoint    ] Total time for which application threads were stopped: 0.0002382 seconds, Stopping threads took: 0.0001608 seconds
[2019-12-09T02:26:45.341+0000][1][safepoint    ] Application time: 0.0335269 seconds
[2019-12-09T02:26:45.384+0000][1][safepoint    ] Entering safepoint region: RevokeBias
[2019-12-09T02:26:45.384+0000][1][safepoint    ] Leaving safepoint region
[2019-12-09T02:26:45.384+0000][1][safepoint    ] Total time for which application threads were stopped: 0.0432512 seconds, Stopping threads took: 0.0431238 seconds
[2019-12-09T02:26:45.445+0000][1][safepoint    ] Application time: 0.0609860 seconds
[2019-12-09T02:26:45.554+0000][1][safepoint    ] Entering safepoint region: RevokeBias
[2019-12-09T02:26:45.554+0000][1][safepoint    ] Leaving safepoint region
[2019-12-09T02:26:45.554+0000][1][safepoint    ] Total time for which application threads were stopped: 0.1090865 seconds, Stopping threads took: 0.1089699 seconds
[2019-12-09T02:26:45.555+0000][1][safepoint    ] Application time: 0.0005976 seconds
[2019-12-09T02:26:45.555+0000][1][safepoint    ] Entering safepoint region: RevokeBias
[2019-12-09T02:26:45.555+0000][1][safepoint    ] Leaving safepoint region
[2019-12-09T02:26:45.555+0000][1][safepoint    ] Total time for which application threads were stopped: 0.0001149 seconds, Stopping threads took: 0.0000174 seconds
[2019-12-09T02:26:45.558+0000][1][safepoint    ] Application time: 0.0035848 seconds
[2019-12-09T02:26:45.567+0000][1][safepoint    ] Entering safepoint region: RevokeBias
[2019-12-09T02:26:45.567+0000][1][safepoint    ] Leaving safepoint region
[2019-12-09T02:26:45.567+0000][1][safepoint    ] Total time for which application threads were stopped: 0.0086732 seconds, Stopping threads took: 0.0085514 seconds
[2019-12-09T02:26:45.628+0000][1][safepoint    ] Application time: 0.0610874 seconds
[2019-12-09T02:26:45.628+0000][1][safepoint    ] Entering safepoint region: RevokeBias
[2019-12-09T02:26:45.628+0000][1][safepoint    ] Leaving safepoint region
[2019-12-09T02:26:45.628+0000][1][safepoint    ] Total time for which application threads were stopped: 0.0001492 seconds, Stopping threads took: 0.0000206 seconds
[2019-12-09T02:26:45.630+0000][1][safepoint    ] Application time: 0.0015893 seconds
[2019-12-09T02:26:45.630+0000][1][safepoint    ] Entering safepoint region: RevokeBias
[2019-12-09T02:26:45.630+0000][1][safepoint    ] Leaving safepoint region
[2019-12-09T02:26:45.630+0000][1][safepoint    ] Total time for which application threads were stopped: 0.0001115 seconds, Stopping threads took: 0.0000151 seconds
[2019-12-09T02:26:45.630+0000][1][safepoint    ] Application time: 0.0001975 seconds
[2019-12-09T02:26:45.630+0000][1][safepoint    ] Entering safepoint region: RevokeBias
[2019-12-09T02:26:45.630+0000][1][safepoint    ] Leaving safepoint region
[2019-12-09T02:26:45.630+0000][1][safepoint    ] Total time for which application threads were stopped: 0.0000851 seconds, Stopping threads took: 0.0000126 seconds
[2019-12-09T02:26:45.630+0000][1][safepoint    ] Application time: 0.0001879 seconds
[2019-12-09T02:26:45.630+0000][1][safepoint    ] Entering safepoint region: RevokeBias
[2019-12-09T02:26:45.631+0000][1][safepoint    ] Leaving safepoint region
[2019-12-09T02:26:45.631+0000][1][safepoint    ] Total time for which application threads were stopped: 0.0000794 seconds, Stopping threads took: 0.0000119 seconds
[2019-12-09T02:26:45.631+0000][1][safepoint    ] Application time: 0.0004122 seconds
[2019-12-09T02:26:45.636+0000][1][safepoint    ] Entering safepoint region: RevokeBias
[2019-12-09T02:26:45.636+0000][1][safepoint    ] Leaving safepoint region
[2019-12-09T02:26:45.636+0000][1][safepoint    ] Total time for which application threads were stopped: 0.0052468 seconds, Stopping threads took: 0.0048013 seconds
[2019-12-09T02:26:45.639+0000][1][safepoint    ] Application time: 0.0031206 seconds
[2019-12-09T02:26:45.639+0000][1][safepoint    ] Entering safepoint region: RevokeBias
[2019-12-09T02:26:45.639+0000][1][safepoint    ] Leaving safepoint region
[2019-12-09T02:26:45.639+0000][1][safepoint    ] Total time for which application threads were stopped: 0.0000860 seconds, Stopping threads took: 0.0000115 seconds
[2019-12-09T02:26:45.652+0000][1][safepoint    ] Application time: 0.0126023 seconds
[2019-12-09T02:26:45.652+0000][1][safepoint    ] Entering safepoint region: RevokeBias
[2019-12-09T02:26:45.652+0000][1][safepoint    ] Leaving safepoint region
[2019-12-09T02:26:45.652+0000][1][safepoint    ] Total time for which application threads were stopped: 0.0000921 seconds, Stopping threads took: 0.0000151 seconds
[2019-12-09T02:26:45.676+0000][1][safepoint    ] Application time: 0.0238327 seconds
[2019-12-09T02:26:45.715+0000][1][safepoint    ] Entering safepoint region: RevokeBias
[2019-12-09T02:26:45.715+0000][1][safepoint    ] Leaving safepoint region
[2019-12-09T02:26:45.715+0000][1][safepoint    ] Total time for which application threads were stopped: 0.0388844 seconds, Stopping threads took: 0.0387796 seconds
[2019-12-09T02:26:45.782+0000][1][safepoint    ] Application time: 0.0673164 seconds
[2019-12-09T02:26:45.782+0000][1][safepoint    ] Entering safepoint region: RevokeBias
[2019-12-09T02:26:45.782+0000][1][safepoint    ] Leaving safepoint region
[2019-12-09T02:26:45.782+0000][1][safepoint    ] Total time for which application threads were stopped: 0.0001480 seconds, Stopping threads took: 0.0000635 seconds
[2019-12-09T02:26:45.789+0000][1][safepoint    ] Application time: 0.0067087 seconds
[2019-12-09T02:26:45.789+0000][1][safepoint    ] Entering safepoint region: RevokeBias
[2019-12-09T02:26:45.789+0000][1][safepoint    ] Leaving safepoint region
[2019-12-09T02:26:45.789+0000][1][safepoint    ] Total time for which application threads were stopped: 0.0000894 seconds, Stopping threads took: 0.0000177 seconds
[2019-12-09T02:26:45.806+0000][1][safepoint    ] Application time: 0.0164993 seconds
[2019-12-09T02:26:45.806+0000][1][safepoint    ] Entering safepoint region: RevokeBias
[2019-12-09T02:26:45.806+0000][1][safepoint    ] Leaving safepoint region
[2019-12-09T02:26:45.806+0000][1][safepoint    ] Total time for which application threads were stopped: 0.0000825 seconds, Stopping threads took: 0.0000151 seconds
[2019-12-09T02:26:45.806+0000][1][safepoint    ] Application time: 0.0002096 seconds
[2019-12-09T02:26:45.806+0000][1][safepoint    ] Entering safepoint region: RevokeBias
[2019-12-09T02:26:45.806+0000][1][safepoint    ] Leaving safepoint region
[2019-12-09T02:26:45.806+0000][1][safepoint    ] Total time for which application threads were stopped: 0.0000588 seconds, Stopping threads took: 0.0000097 seconds
[2019-12-09T02:26:45.840+0000][1][safepoint    ] Application time: 0.0339603 seconds
[2019-12-09T02:26:45.840+0000][1][safepoint    ] Entering safepoint region: RevokeBias
[2019-12-09T02:26:45.840+0000][1][safepoint    ] Leaving safepoint region
[2019-12-09T02:26:45.840+0000][1][safepoint    ] Total time for which application threads were stopped: 0.0001080 seconds, Stopping threads took: 0.0000190 seconds
[2019-12-09T02:26:45.841+0000][1][safepoint    ] Application time: 0.0002632 seconds
[2019-12-09T02:26:45.841+0000][1][safepoint    ] Entering safepoint region: RevokeBias
[2019-12-09T02:26:45.841+0000][1][safepoint    ] Leaving safepoint region
[2019-12-09T02:26:45.841+0000][1][safepoint    ] Total time for which application threads were stopped: 0.0001054 seconds, Stopping threads took: 0.0000150 seconds
[2019-12-09T02:26:45.841+0000][1][safepoint    ] Application time: 0.0005220 seconds
[2019-12-09T02:26:45.841+0000][1][safepoint    ] Entering safepoint region: RevokeBias
[2019-12-09T02:26:45.841+0000][1][safepoint    ] Leaving safepoint region
[2019-12-09T02:26:45.841+0000][1][safepoint    ] Total time for which application threads were stopped: 0.0000809 seconds, Stopping threads took: 0.0000121 seconds
[2019-12-09T02:26:45.842+0000][1][safepoint    ] Application time: 0.0001953 seconds
[2019-12-09T02:26:45.842+0000][1][safepoint    ] Entering safepoint region: RevokeBias
[2019-12-09T02:26:45.842+0000][1][safepoint    ] Leaving safepoint region
[2019-12-09T02:26:45.842+0000][1][safepoint    ] Total time for which application threads were stopped: 0.0000767 seconds, Stopping threads took: 0.0000130 seconds
[2019-12-09T02:26:45.843+0000][1][safepoint    ] Application time: 0.0015728 seconds
[2019-12-09T02:26:45.843+0000][1][safepoint    ] Entering safepoint region: RevokeBias
[2019-12-09T02:26:45.843+0000][1][safepoint    ] Leaving safepoint region
[2019-12-09T02:26:45.843+0000][1][safepoint    ] Total time for which application threads were stopped: 0.0000740 seconds, Stopping threads took: 0.0000143 seconds
[2019-12-09T02:26:45.844+0000][1][safepoint    ] Application time: 0.0003370 seconds
[2019-12-09T02:26:45.844+0000][1][safepoint    ] Entering safepoint region: RevokeBias
[2019-12-09T02:26:45.844+0000][1][safepoint    ] Leaving safepoint region
[2019-12-09T02:26:45.844+0000][1][safepoint    ] Total time for which application threads were stopped: 0.0000740 seconds, Stopping threads took: 0.0000185 seconds
[2019-12-09T02:26:45.850+0000][1][safepoint    ] Application time: 0.0057816 seconds
[2019-12-09T02:26:45.850+0000][1][safepoint    ] Entering safepoint region: RevokeBias
[2019-12-09T02:26:45.850+0000][1][safepoint    ] Leaving safepoint region
[2019-12-09T02:26:45.850+0000][1][safepoint    ] Total time for which application threads were stopped: 0.0000767 seconds, Stopping threads took: 0.0000137 seconds
[2019-12-09T02:26:45.850+0000][1][safepoint    ] Application time: 0.0000824 seconds
[2019-12-09T02:26:45.850+0000][1][safepoint    ] Entering safepoint region: RevokeBias
[2019-12-09T02:26:45.850+0000][1][safepoint    ] Leaving safepoint region
[2019-12-09T02:26:45.850+0000][1][safepoint    ] Total time for which application threads were stopped: 0.0000653 seconds, Stopping threads took: 0.0000105 seconds
[2019-12-09T02:26:46.526+0000][1][safepoint    ] Application time: 0.6759809 seconds
[2019-12-09T02:26:46.526+0000][1][safepoint    ] Entering safepoint region: Deoptimize
[2019-12-09T02:26:46.527+0000][1][safepoint    ] Leaving safepoint region
[2019-12-09T02:26:46.527+0000][1][safepoint    ] Total time for which application threads were stopped: 0.0007750 seconds, Stopping threads took: 0.0000181 seconds
[2019-12-09T02:26:47.062+0000][1][safepoint    ] Application time: 0.5350232 seconds
[2019-12-09T02:26:47.062+0000][1][safepoint    ] Entering safepoint region: RevokeBias
[2019-12-09T02:26:47.062+0000][1][safepoint    ] Leaving safepoint region
[2019-12-09T02:26:47.062+0000][1][safepoint    ] Total time for which application threads were stopped: 0.0001534 seconds, Stopping threads took: 0.0000217 seconds
[2019-12-09T02:26:47.080+0000][1][safepoint    ] Application time: 0.0178817 seconds
[2019-12-09T02:26:47.080+0000][1][safepoint    ] Entering safepoint region: RevokeBias
[2019-12-09T02:26:47.080+0000][1][safepoint    ] Leaving safepoint region
[2019-12-09T02:26:47.080+0000][1][safepoint    ] Total time for which application threads were stopped: 0.0002019 seconds, Stopping threads took: 0.0001049 seconds
[2019-12-09T02:26:47.173+0000][1][safepoint    ] Application time: 0.0934032 seconds
[2019-12-09T02:26:47.173+0000][1][safepoint    ] Entering safepoint region: RevokeBias
[2019-12-09T02:26:47.174+0000][1][safepoint    ] Leaving safepoint region
[2019-12-09T02:26:47.174+0000][1][safepoint    ] Total time for which application threads were stopped: 0.0001212 seconds, Stopping threads took: 0.0000224 seconds
[2019-12-09T02:26:47.174+0000][1][safepoint    ] Application time: 0.0007884 seconds
[2019-12-09T02:26:47.174+0000][1][safepoint    ] Entering safepoint region: BulkRevokeBias
[2019-12-09T02:26:47.175+0000][1][safepoint    ] Leaving safepoint region
[2019-12-09T02:26:47.175+0000][1][safepoint    ] Total time for which application threads were stopped: 0.0005319 seconds, Stopping threads took: 0.0000170 seconds
[2019-12-09T02:26:47.175+0000][1][safepoint    ] Application time: 0.0000700 seconds
[2019-12-09T02:26:47.175+0000][1][safepoint    ] Entering safepoint region: BulkRevokeBias
[2019-12-09T02:26:47.175+0000][1][safepoint    ] Leaving safepoint region
[2019-12-09T02:26:47.175+0000][1][safepoint    ] Total time for which application threads were stopped: 0.0003587 seconds, Stopping threads took: 0.0000195 seconds
[2019-12-09T02:26:47.176+0000][1][safepoint    ] Application time: 0.0002636 seconds
[2019-12-09T02:26:47.176+0000][1][safepoint    ] Entering safepoint region: RevokeBias
[2019-12-09T02:26:47.176+0000][1][safepoint    ] Leaving safepoint region
[2019-12-09T02:26:47.176+0000][1][safepoint    ] Total time for which application threads were stopped: 0.0000856 seconds, Stopping threads took: 0.0000123 seconds
[2019-12-09T02:26:47.178+0000][1][safepoint    ] Application time: 0.0025119 seconds
[2019-12-09T02:26:47.178+0000][1][safepoint    ] Entering safepoint region: RevokeBias
[2019-12-09T02:26:47.178+0000][1][safepoint    ] Leaving safepoint region
[2019-12-09T02:26:47.178+0000][1][safepoint    ] Total time for which application threads were stopped: 0.0000654 seconds, Stopping threads took: 0.0000126 seconds
[2019-12-09T02:26:47.178+0000][1][safepoint    ] Application time: 0.0000652 seconds
[2019-12-09T02:26:47.178+0000][1][safepoint    ] Entering safepoint region: RevokeBias
[2019-12-09T02:26:47.178+0000][1][safepoint    ] Leaving safepoint region
[2019-12-09T02:26:47.178+0000][1][safepoint    ] Total time for which application threads were stopped: 0.0000518 seconds, Stopping threads took: 0.0000089 seconds
[2019-12-09T02:26:47.763+0000][1][safepoint    ] Application time: 0.5847272 seconds
[2019-12-09T02:26:47.776+0000][1][safepoint    ] Entering safepoint region: RevokeBias
[2019-12-09T02:26:47.777+0000][1][safepoint    ] Leaving safepoint region
[2019-12-09T02:26:47.777+0000][1][safepoint    ] Total time for which application threads were stopped: 0.0133939 seconds, Stopping threads took: 0.0132517 seconds
[2019-12-09T02:26:47.778+0000][1][safepoint    ] Application time: 0.0010700 seconds
[2019-12-09T02:26:47.778+0000][1][safepoint    ] Entering safepoint region: RevokeBias
[2019-12-09T02:26:47.778+0000][1][safepoint    ] Leaving safepoint region
[2019-12-09T02:26:47.778+0000][1][safepoint    ] Total time for which application threads were stopped: 0.0000947 seconds, Stopping threads took: 0.0000180 seconds
[2019-12-09T02:26:47.787+0000][1][safepoint    ] Application time: 0.0088924 seconds
[2019-12-09T02:26:47.787+0000][1][safepoint    ] Entering safepoint region: RevokeBias
[2019-12-09T02:26:47.787+0000][1][safepoint    ] Leaving safepoint region
[2019-12-09T02:26:47.787+0000][1][safepoint    ] Total time for which application threads were stopped: 0.0000847 seconds, Stopping threads took: 0.0000163 seconds
[2019-12-09T02:26:47.789+0000][1][safepoint    ] Application time: 0.0018838 seconds
[2019-12-09T02:26:47.789+0000][1][safepoint    ] Entering safepoint region: RevokeBias
[2019-12-09T02:26:47.789+0000][1][safepoint    ] Leaving safepoint region
[2019-12-09T02:26:47.789+0000][1][safepoint    ] Total time for which application threads were stopped: 0.0000742 seconds, Stopping threads took: 0.0000131 seconds
[2019-12-09T02:26:47.789+0000][1][safepoint    ] Application time: 0.0000418 seconds
[2019-12-09T02:26:47.789+0000][1][safepoint    ] Entering safepoint region: RevokeBias
[2019-12-09T02:26:47.789+0000][1][safepoint    ] Leaving safepoint region
[2019-12-09T02:26:47.789+0000][1][safepoint    ] Total time for which application threads were stopped: 0.0000471 seconds, Stopping threads took: 0.0000085 seconds
[2019-12-09T02:26:47.789+0000][1][safepoint    ] Application time: 0.0000345 seconds
[2019-12-09T02:26:47.789+0000][1][safepoint    ] Entering safepoint region: RevokeBias
[2019-12-09T02:26:47.789+0000][1][safepoint    ] Leaving safepoint region
[2019-12-09T02:26:47.789+0000][1][safepoint    ] Total time for which application threads were stopped: 0.0000460 seconds, Stopping threads took: 0.0000077 seconds
[2019-12-09T02:26:47.789+0000][1][safepoint    ] Application time: 0.0000319 seconds
[2019-12-09T02:26:47.789+0000][1][safepoint    ] Entering safepoint region: RevokeBias
[2019-12-09T02:26:47.789+0000][1][safepoint    ] Leaving safepoint region
[2019-12-09T02:26:47.789+0000][1][safepoint    ] Total time for which application threads were stopped: 0.0000529 seconds, Stopping threads took: 0.0000090 seconds
[2019-12-09T02:26:47.789+0000][1][safepoint    ] Application time: 0.0000340 seconds
[2019-12-09T02:26:47.789+0000][1][safepoint    ] Entering safepoint region: RevokeBias
[2019-12-09T02:26:47.789+0000][1][safepoint    ] Leaving safepoint region
[2019-12-09T02:26:47.789+0000][1][safepoint    ] Total time for which application threads were stopped: 0.0000467 seconds, Stopping threads took: 0.0000082 seconds
[2019-12-09T02:26:47.789+0000][1][safepoint    ] Application time: 0.0000307 seconds
[2019-12-09T02:26:47.789+0000][1][safepoint    ] Entering safepoint region: RevokeBias
[2019-12-09T02:26:47.789+0000][1][safepoint    ] Leaving safepoint region
[2019-12-09T02:26:47.789+0000][1][safepoint    ] Total time for which application threads were stopped: 0.0000455 seconds, Stopping threads took: 0.0000080 seconds
[2019-12-09T02:26:47.789+0000][1][safepoint    ] Application time: 0.0000310 seconds
[2019-12-09T02:26:47.789+0000][1][safepoint    ] Entering safepoint region: RevokeBias
[2019-12-09T02:26:47.789+0000][1][safepoint    ] Leaving safepoint region
[2019-12-09T02:26:47.789+0000][1][safepoint    ] Total time for which application threads were stopped: 0.0000445 seconds, Stopping threads took: 0.0000076 seconds
[2019-12-09T02:26:47.856+0000][1][safepoint    ] Application time: 0.0662307 seconds
[2019-12-09T02:26:47.856+0000][1][safepoint    ] Entering safepoint region: RevokeBias
[2019-12-09T02:26:47.856+0000][1][safepoint    ] Leaving safepoint region
[2019-12-09T02:26:47.856+0000][1][safepoint    ] Total time for which application threads were stopped: 0.0001291 seconds, Stopping threads took: 0.0000362 seconds
[2019-12-09T02:26:47.891+0000][1][safepoint    ] Application time: 0.0355228 seconds
[2019-12-09T02:26:47.891+0000][1][safepoint    ] Entering safepoint region: RevokeBias
[2019-12-09T02:26:47.891+0000][1][safepoint    ] Leaving safepoint region
[2019-12-09T02:26:47.892+0000][1][safepoint    ] Total time for which application threads were stopped: 0.0001320 seconds, Stopping threads took: 0.0000175 seconds
[2019-12-09T02:26:47.892+0000][1][safepoint    ] Application time: 0.0000509 seconds
[2019-12-09T02:26:47.892+0000][1][safepoint    ] Entering safepoint region: RevokeBias
[2019-12-09T02:26:47.892+0000][1][safepoint    ] Leaving safepoint region
[2019-12-09T02:26:47.892+0000][1][safepoint    ] Total time for which application threads were stopped: 0.0000784 seconds, Stopping threads took: 0.0000097 seconds
[2019-12-09T02:26:47.892+0000][1][safepoint    ] Application time: 0.0000468 seconds
[2019-12-09T02:26:47.892+0000][1][safepoint    ] Entering safepoint region: RevokeBias
[2019-12-09T02:26:47.892+0000][1][safepoint    ] Leaving safepoint region
[2019-12-09T02:26:47.892+0000][1][safepoint    ] Total time for which application threads were stopped: 0.0000609 seconds, Stopping threads took: 0.0000077 seconds
[2019-12-09T02:26:47.893+0000][1][safepoint    ] Application time: 0.0008491 seconds
[2019-12-09T02:26:47.893+0000][1][safepoint    ] Entering safepoint region: RevokeBias
[2019-12-09T02:26:47.893+0000][1][safepoint    ] Leaving safepoint region
[2019-12-09T02:26:47.893+0000][1][safepoint    ] Total time for which application threads were stopped: 0.0001571 seconds, Stopping threads took: 0.0000163 seconds
[2019-12-09T02:26:47.895+0000][1][safepoint    ] Application time: 0.0020474 seconds
[2019-12-09T02:26:47.895+0000][1][safepoint    ] Entering safepoint region: RevokeBias
[2019-12-09T02:26:47.895+0000][1][safepoint    ] Leaving safepoint region
[2019-12-09T02:26:47.895+0000][1][safepoint    ] Total time for which application threads were stopped: 0.0000834 seconds, Stopping threads took: 0.0000154 seconds
[2019-12-09T02:26:47.909+0000][1][safepoint    ] Application time: 0.0143519 seconds
[2019-12-09T02:26:47.909+0000][1][safepoint    ] Entering safepoint region: RevokeBias
[2019-12-09T02:26:47.909+0000][1][safepoint    ] Leaving safepoint region
[2019-12-09T02:26:47.909+0000][1][safepoint    ] Total time for which application threads were stopped: 0.0000772 seconds, Stopping threads took: 0.0000143 seconds
[2019-12-09T02:26:47.912+0000][1][safepoint    ] Application time: 0.0021692 seconds
[2019-12-09T02:26:47.912+0000][1][safepoint    ] Entering safepoint region: RevokeBias
[2019-12-09T02:26:47.912+0000][1][safepoint    ] Leaving safepoint region
[2019-12-09T02:26:47.912+0000][1][safepoint    ] Total time for which application threads were stopped: 0.0000972 seconds, Stopping threads took: 0.0000147 seconds
[2019-12-09T02:26:48.281+0000][1][safepoint    ] Application time: 0.3689485 seconds
[2019-12-09T02:26:48.281+0000][1][safepoint    ] Entering safepoint region: RevokeBias
[2019-12-09T02:26:48.281+0000][1][safepoint    ] Leaving safepoint region
[2019-12-09T02:26:48.281+0000][1][safepoint    ] Total time for which application threads were stopped: 0.0001182 seconds, Stopping threads took: 0.0000221 seconds
[2019-12-09T02:26:48.283+0000][1][safepoint    ] Application time: 0.0019596 seconds
[2019-12-09T02:26:48.283+0000][1][safepoint    ] Entering safepoint region: RevokeBias
[2019-12-09T02:26:48.283+0000][1][safepoint    ] Leaving safepoint region
[2019-12-09T02:26:48.283+0000][1][safepoint    ] Total time for which application threads were stopped: 0.0000781 seconds, Stopping threads took: 0.0000190 seconds
[2019-12-09T02:26:48.283+0000][1][safepoint    ] Application time: 0.0005205 seconds
[2019-12-09T02:26:48.283+0000][1][safepoint    ] Entering safepoint region: RevokeBias
[2019-12-09T02:26:48.284+0000][1][safepoint    ] Leaving safepoint region
[2019-12-09T02:26:48.284+0000][1][safepoint    ] Total time for which application threads were stopped: 0.0000688 seconds, Stopping threads took: 0.0000145 seconds
[2019-12-09T02:26:49.307+0000][1][safepoint    ] Application time: 1.0231686 seconds
[2019-12-09T02:26:49.355+0000][1][safepoint    ] Entering safepoint region: Cleanup
[2019-12-09T02:26:49.355+0000][1][safepoint    ] Leaving safepoint region
[2019-12-09T02:26:49.355+0000][1][safepoint    ] Total time for which application threads were stopped: 0.0481573 seconds, Stopping threads took: 0.0480619 seconds
[2019-12-09T02:26:50.356+0000][1][safepoint    ] Application time: 1.0007940 seconds
[2019-12-09T02:26:50.356+0000][1][safepoint    ] Entering safepoint region: Cleanup
[2019-12-09T02:26:50.356+0000][1][safepoint    ] Leaving safepoint region
[2019-12-09T02:26:50.356+0000][1][safepoint    ] Total time for which application threads were stopped: 0.0001227 seconds, Stopping threads took: 0.0000276 seconds
[2019-12-09T02:26:51.365+0000][1][safepoint    ] Application time: 1.0088227 seconds
[2019-12-09T02:26:51.365+0000][1][safepoint    ] Entering safepoint region: Cleanup
[2019-12-09T02:26:51.365+0000][1][safepoint    ] Leaving safepoint region
[2019-12-09T02:26:51.365+0000][1][safepoint    ] Total time for which application threads were stopped: 0.0001054 seconds, Stopping threads took: 0.0000255 seconds
[2019-12-09T02:26:52.366+0000][1][safepoint    ] Application time: 1.0008471 seconds
[2019-12-09T02:26:52.366+0000][1][safepoint    ] Entering safepoint region: Cleanup
[2019-12-09T02:26:52.366+0000][1][safepoint    ] Leaving safepoint region
[2019-12-09T02:26:52.366+0000][1][safepoint    ] Total time for which application threads were stopped: 0.0001176 seconds, Stopping threads took: 0.0000277 seconds
[2019-12-09T02:26:53.368+0000][1][safepoint    ] Application time: 1.0020647 seconds
[2019-12-09T02:26:53.368+0000][1][safepoint    ] Entering safepoint region: Cleanup
[2019-12-09T02:26:53.368+0000][1][safepoint    ] Leaving safepoint region
[2019-12-09T02:26:53.368+0000][1][safepoint    ] Total time for which application threads were stopped: 0.0001183 seconds, Stopping threads took: 0.0000268 seconds
[2019-12-09T02:26:54.372+0000][1][safepoint    ] Application time: 1.0035954 seconds
[2019-12-09T02:26:54.372+0000][1][safepoint    ] Entering safepoint region: Cleanup
[2019-12-09T02:26:54.372+0000][1][safepoint    ] Leaving safepoint region
[2019-12-09T02:26:54.372+0000][1][safepoint    ] Total time for which application threads were stopped: 0.0001182 seconds, Stopping threads took: 0.0000263 seconds
[2019-12-09T02:26:55.376+0000][1][safepoint    ] Application time: 1.0038271 seconds
[2019-12-09T02:26:55.376+0000][1][safepoint    ] Entering safepoint region: Cleanup
[2019-12-09T02:26:55.376+0000][1][safepoint    ] Leaving safepoint region
[2019-12-09T02:26:55.376+0000][1][safepoint    ] Total time for which application threads were stopped: 0.0001183 seconds, Stopping threads took: 0.0000264 seconds
[2019-12-09T02:26:56.377+0000][1][safepoint    ] Application time: 1.0008714 seconds
[2019-12-09T02:26:56.377+0000][1][safepoint    ] Entering safepoint region: Cleanup
[2019-12-09T02:26:56.377+0000][1][safepoint    ] Leaving safepoint region
[2019-12-09T02:26:56.377+0000][1][safepoint    ] Total time for which application threads were stopped: 0.0001304 seconds, Stopping threads took: 0.0000261 seconds
[2019-12-09T02:26:57.377+0000][1][safepoint    ] Application time: 1.0000880 seconds
[2019-12-09T02:26:57.377+0000][1][safepoint    ] Entering safepoint region: Cleanup
[2019-12-09T02:26:57.377+0000][1][safepoint    ] Leaving safepoint region
[2019-12-09T02:26:57.377+0000][1][safepoint    ] Total time for which application threads were stopped: 0.0001113 seconds, Stopping threads took: 0.0000254 seconds
[2019-12-09T02:26:58.378+0000][1][safepoint    ] Application time: 1.0005593 seconds
[2019-12-09T02:26:58.378+0000][1][safepoint    ] Entering safepoint region: Cleanup
[2019-12-09T02:26:58.378+0000][1][safepoint    ] Leaving safepoint region
[2019-12-09T02:26:58.378+0000][1][safepoint    ] Total time for which application threads were stopped: 0.0001102 seconds, Stopping threads took: 0.0000242 seconds
[2019-12-09T02:26:59.380+0000][1][safepoint    ] Application time: 1.0018430 seconds
[2019-12-09T02:26:59.380+0000][1][safepoint    ] Entering safepoint region: Cleanup
[2019-12-09T02:26:59.380+0000][1][safepoint    ] Leaving safepoint region
[2019-12-09T02:26:59.380+0000][1][safepoint    ] Total time for which application threads were stopped: 0.0001361 seconds, Stopping threads took: 0.0000368 seconds
[2019-12-09T02:27:01.385+0000][1][safepoint    ] Application time: 2.0048435 seconds
[2019-12-09T02:27:01.385+0000][1][safepoint    ] Entering safepoint region: Cleanup
[2019-12-09T02:27:01.385+0000][1][safepoint    ] Leaving safepoint region
[2019-12-09T02:27:01.385+0000][1][safepoint    ] Total time for which application threads were stopped: 0.0001180 seconds, Stopping threads took: 0.0000252 seconds
[2019-12-09T02:27:02.385+0000][1][safepoint    ] Application time: 1.0001098 seconds
[2019-12-09T02:27:02.385+0000][1][safepoint    ] Entering safepoint region: Cleanup
[2019-12-09T02:27:02.385+0000][1][safepoint    ] Leaving safepoint region
[2019-12-09T02:27:02.385+0000][1][safepoint    ] Total time for which application threads were stopped: 0.0001124 seconds, Stopping threads took: 0.0000248 seconds
[2019-12-09T02:27:04.387+0000][1][safepoint    ] Application time: 2.0015585 seconds
[2019-12-09T02:27:04.387+0000][1][safepoint    ] Entering safepoint region: Cleanup
[2019-12-09T02:27:04.387+0000][1][safepoint    ] Leaving safepoint region
[2019-12-09T02:27:04.387+0000][1][safepoint    ] Total time for which application threads were stopped: 0.0001392 seconds, Stopping threads took: 0.0000423 seconds
[2019-12-09T02:27:06.395+0000][1][safepoint    ] Application time: 2.0078341 seconds
[2019-12-09T02:27:06.395+0000][1][safepoint    ] Entering safepoint region: Cleanup
[2019-12-09T02:27:06.395+0000][1][safepoint    ] Leaving safepoint region
[2019-12-09T02:27:06.395+0000][1][safepoint    ] Total time for which application threads were stopped: 0.0001149 seconds, Stopping threads took: 0.0000277 seconds
[2019-12-09T02:27:08.756+0000][1][safepoint    ] Application time: 2.3607265 seconds
[2019-12-09T02:27:08.756+0000][1][safepoint    ] Entering safepoint region: GenCollectForAllocation
[2019-12-09T02:27:08.756+0000][1][gc,start     ] GC(23) Pause Young (Allocation Failure)
[2019-12-09T02:27:08.756+0000][1][gc,task      ] GC(23) Using 2 workers of 2 for evacuation
[2019-12-09T02:27:08.822+0000][1][gc,age       ] GC(23) Desired survivor size 4456448 bytes, new threshold 2 (max threshold 6)
[2019-12-09T02:27:08.822+0000][1][gc,age       ] GC(23) Age table with threshold 2 (max threshold 6)
[2019-12-09T02:27:08.822+0000][1][gc,age       ] GC(23) - age   1:    1795032 bytes,    1795032 total
[2019-12-09T02:27:08.822+0000][1][gc,age       ] GC(23) - age   2:    3621040 bytes,    5416072 total
[2019-12-09T02:27:08.822+0000][1][gc,heap      ] GC(23) ParNew: 78656K->6894K(78656K)
[2019-12-09T02:27:08.822+0000][1][gc,heap      ] GC(23) CMS: 60111K->64238K(174784K)
[2019-12-09T02:27:08.822+0000][1][gc,metaspace ] GC(23) Metaspace: 68267K->68267K(1112064K)
[2019-12-09T02:27:08.822+0000][1][gc           ] GC(23) Pause Young (Allocation Failure) 135M->69M(247M) 66.278ms
[2019-12-09T02:27:08.822+0000][1][gc,cpu       ] GC(23) User=0.06s Sys=0.00s Real=0.06s
[2019-12-09T02:27:08.822+0000][1][safepoint    ] Leaving safepoint region
[2019-12-09T02:27:08.822+0000][1][safepoint    ] Total time for which application threads were stopped: 0.0665036 seconds, Stopping threads took: 0.0000225 seconds
[2019-12-09T02:27:10.825+0000][1][safepoint    ] Application time: 2.0024310 seconds
[2019-12-09T02:27:10.825+0000][1][safepoint    ] Entering safepoint region: Cleanup
[2019-12-09T02:27:10.825+0000][1][safepoint    ] Leaving safepoint region
[2019-12-09T02:27:10.825+0000][1][safepoint    ] Total time for which application threads were stopped: 0.0001219 seconds, Stopping threads took: 0.0000261 seconds
[2019-12-09T02:27:12.829+0000][1][safepoint    ] Application time: 2.0038595 seconds
[2019-12-09T02:27:12.829+0000][1][safepoint    ] Entering safepoint region: Cleanup
[2019-12-09T02:27:12.829+0000][1][safepoint    ] Leaving safepoint region
[2019-12-09T02:27:12.829+0000][1][safepoint    ] Total time for which application threads were stopped: 0.0001298 seconds, Stopping threads took: 0.0000286 seconds
[2019-12-09T02:27:13.829+0000][1][safepoint    ] Application time: 1.0000752 seconds
[2019-12-09T02:27:13.829+0000][1][safepoint    ] Entering safepoint region: Cleanup
[2019-12-09T02:27:13.829+0000][1][safepoint    ] Leaving safepoint region
[2019-12-09T02:27:13.829+0000][1][safepoint    ] Total time for which application threads were stopped: 0.0000891 seconds, Stopping threads took: 0.0000176 seconds
[2019-12-09T02:27:15.829+0000][1][safepoint    ] Application time: 2.0001530 seconds
[2019-12-09T02:27:15.829+0000][1][safepoint    ] Entering safepoint region: Cleanup
[2019-12-09T02:27:15.829+0000][1][safepoint    ] Leaving safepoint region
[2019-12-09T02:27:15.829+0000][1][safepoint    ] Total time for which application threads were stopped: 0.0001117 seconds, Stopping threads took: 0.0000230 seconds
[2019-12-09T02:27:16.830+0000][1][safepoint    ] Application time: 1.0000773 seconds
[2019-12-09T02:27:16.830+0000][1][safepoint    ] Entering safepoint region: Cleanup
[2019-12-09T02:27:16.830+0000][1][safepoint    ] Leaving safepoint region
[2019-12-09T02:27:16.830+0000][1][safepoint    ] Total time for which application threads were stopped: 0.0001082 seconds, Stopping threads took: 0.0000226 seconds
[2019-12-09T02:27:17.830+0000][1][safepoint    ] Application time: 1.0000878 seconds
[2019-12-09T02:27:17.830+0000][1][safepoint    ] Entering safepoint region: Cleanup
[2019-12-09T02:27:17.830+0000][1][safepoint    ] Leaving safepoint region
[2019-12-09T02:27:17.830+0000][1][safepoint    ] Total time for which application threads were stopped: 0.0001113 seconds, Stopping threads took: 0.0000244 seconds
[2019-12-09T02:27:18.830+0000][1][safepoint    ] Application time: 1.0000733 seconds
[2019-12-09T02:27:18.830+0000][1][safepoint    ] Entering safepoint region: Cleanup
[2019-12-09T02:27:18.830+0000][1][safepoint    ] Leaving safepoint region
[2019-12-09T02:27:18.830+0000][1][safepoint    ] Total time for which application threads were stopped: 0.0000814 seconds, Stopping threads took: 0.0000162 seconds
[2019-12-09T02:27:19.830+0000][1][safepoint    ] Application time: 1.0000757 seconds
[2019-12-09T02:27:19.830+0000][1][safepoint    ] Entering safepoint region: Cleanup
[2019-12-09T02:27:19.830+0000][1][safepoint    ] Leaving safepoint region
[2019-12-09T02:27:19.830+0000][1][safepoint    ] Total time for which application threads were stopped: 0.0000913 seconds, Stopping threads took: 0.0000230 seconds
[2019-12-09T02:27:20.830+0000][1][safepoint    ] Application time: 1.0000745 seconds
[2019-12-09T02:27:20.830+0000][1][safepoint    ] Entering safepoint region: Cleanup
[2019-12-09T02:27:20.831+0000][1][safepoint    ] Leaving safepoint region
[2019-12-09T02:27:20.831+0000][1][safepoint    ] Total time for which application threads were stopped: 0.0000854 seconds, Stopping threads took: 0.0000179 seconds
[2019-12-09T02:27:21.831+0000][1][safepoint    ] Application time: 1.0000755 seconds
[2019-12-09T02:27:21.831+0000][1][safepoint    ] Entering safepoint region: Cleanup
[2019-12-09T02:27:21.831+0000][1][safepoint    ] Leaving safepoint region
[2019-12-09T02:27:21.831+0000][1][safepoint    ] Total time for which application threads were stopped: 0.0000900 seconds, Stopping threads took: 0.0000163 seconds
[2019-12-09T02:27:22.833+0000][1][safepoint    ] Application time: 1.0019964 seconds
[2019-12-09T02:27:22.833+0000][1][safepoint    ] Entering safepoint region: Cleanup
[2019-12-09T02:27:22.833+0000][1][safepoint    ] Leaving safepoint region
[2019-12-09T02:27:22.833+0000][1][safepoint    ] Total time for which application threads were stopped: 0.0001239 seconds, Stopping threads took: 0.0000265 seconds
[2019-12-09T02:27:24.834+0000][1][safepoint    ] Application time: 2.0008011 seconds
[2019-12-09T02:27:24.834+0000][1][safepoint    ] Entering safepoint region: Cleanup
[2019-12-09T02:27:24.834+0000][1][safepoint    ] Leaving safepoint region
[2019-12-09T02:27:24.834+0000][1][safepoint    ] Total time for which application threads were stopped: 0.0000904 seconds, Stopping threads took: 0.0000182 seconds
[2019-12-09T02:27:26.834+0000][1][safepoint    ] Application time: 2.0001566 seconds
[2019-12-09T02:27:26.834+0000][1][safepoint    ] Entering safepoint region: Cleanup
[2019-12-09T02:27:26.834+0000][1][safepoint    ] Leaving safepoint region
[2019-12-09T02:27:26.834+0000][1][safepoint    ] Total time for which application threads were stopped: 0.0000921 seconds, Stopping threads took: 0.0000181 seconds
[2019-12-09T02:27:27.834+0000][1][safepoint    ] Application time: 1.0000723 seconds
[2019-12-09T02:27:27.834+0000][1][safepoint    ] Entering safepoint region: Cleanup
[2019-12-09T02:27:27.834+0000][1][safepoint    ] Leaving safepoint region
[2019-12-09T02:27:27.834+0000][1][safepoint    ] Total time for which application threads were stopped: 0.0000926 seconds, Stopping threads took: 0.0000188 seconds
[2019-12-09T02:27:28.835+0000][1][safepoint    ] Application time: 1.0003630 seconds
[2019-12-09T02:27:28.835+0000][1][safepoint    ] Entering safepoint region: Cleanup
[2019-12-09T02:27:28.835+0000][1][safepoint    ] Leaving safepoint region
[2019-12-09T02:27:28.835+0000][1][safepoint    ] Total time for which application threads were stopped: 0.0001003 seconds, Stopping threads took: 0.0000239 seconds
[2019-12-09T02:27:35.835+0000][1][safepoint    ] Application time: 7.0004834 seconds
[2019-12-09T02:27:35.835+0000][1][safepoint    ] Entering safepoint region: Cleanup
[2019-12-09T02:27:35.835+0000][1][safepoint    ] Leaving safepoint region
[2019-12-09T02:27:35.835+0000][1][safepoint    ] Total time for which application threads were stopped: 0.0000967 seconds, Stopping threads took: 0.0000266 seconds
[2019-12-09T02:27:36.836+0000][1][safepoint    ] Application time: 1.0000740 seconds
[2019-12-09T02:27:36.836+0000][1][safepoint    ] Entering safepoint region: Cleanup
[2019-12-09T02:27:36.836+0000][1][safepoint    ] Leaving safepoint region
[2019-12-09T02:27:36.836+0000][1][safepoint    ] Total time for which application threads were stopped: 0.0000851 seconds, Stopping threads took: 0.0000173 seconds
[2019-12-09T02:27:37.836+0000][1][safepoint    ] Application time: 1.0000720 seconds
[2019-12-09T02:27:37.836+0000][1][safepoint    ] Entering safepoint region: Cleanup
[2019-12-09T02:27:37.836+0000][1][safepoint    ] Leaving safepoint region
[2019-12-09T02:27:37.836+0000][1][safepoint    ] Total time for which application threads were stopped: 0.0000931 seconds, Stopping threads took: 0.0000253 seconds
[2019-12-09T02:27:38.836+0000][1][safepoint    ] Application time: 1.0000758 seconds
[2019-12-09T02:27:38.836+0000][1][safepoint    ] Entering safepoint region: Cleanup
[2019-12-09T02:27:38.836+0000][1][safepoint    ] Leaving safepoint region
[2019-12-09T02:27:38.836+0000][1][safepoint    ] Total time for which application threads were stopped: 0.0001104 seconds, Stopping threads took: 0.0000316 seconds
[2019-12-09T02:27:39.836+0000][1][safepoint    ] Application time: 1.0000740 seconds
[2019-12-09T02:27:39.836+0000][1][safepoint    ] Entering safepoint region: Cleanup
[2019-12-09T02:27:39.836+0000][1][safepoint    ] Leaving safepoint region
[2019-12-09T02:27:39.836+0000][1][safepoint    ] Total time for which application threads were stopped: 0.0001068 seconds, Stopping threads took: 0.0000178 seconds
[2019-12-09T02:27:40.836+0000][1][safepoint    ] Application time: 1.0000747 seconds
[2019-12-09T02:27:40.836+0000][1][safepoint    ] Entering safepoint region: Cleanup
[2019-12-09T02:27:40.837+0000][1][safepoint    ] Leaving safepoint region
[2019-12-09T02:27:40.837+0000][1][safepoint    ] Total time for which application threads were stopped: 0.0000910 seconds, Stopping threads took: 0.0000177 seconds
[2019-12-09T02:27:42.837+0000][1][safepoint    ] Application time: 2.0001403 seconds
[2019-12-09T02:27:42.837+0000][1][safepoint    ] Entering safepoint region: Cleanup
[2019-12-09T02:27:42.837+0000][1][safepoint    ] Leaving safepoint region
[2019-12-09T02:27:42.837+0000][1][safepoint    ] Total time for which application threads were stopped: 0.0000859 seconds, Stopping threads took: 0.0000179 seconds
[2019-12-09T02:27:43.837+0000][1][safepoint    ] Application time: 1.0000753 seconds
[2019-12-09T02:27:43.837+0000][1][safepoint    ] Entering safepoint region: Cleanup
[2019-12-09T02:27:43.837+0000][1][safepoint    ] Leaving safepoint region
[2019-12-09T02:27:43.837+0000][1][safepoint    ] Total time for which application threads were stopped: 0.0000827 seconds, Stopping threads took: 0.0000155 seconds
[2019-12-09T02:27:44.837+0000][1][safepoint    ] Application time: 1.0000734 seconds
[2019-12-09T02:27:44.837+0000][1][safepoint    ] Entering safepoint region: Cleanup
[2019-12-09T02:27:44.837+0000][1][safepoint    ] Leaving safepoint region
[2019-12-09T02:27:44.837+0000][1][safepoint    ] Total time for which application threads were stopped: 0.0000839 seconds, Stopping threads took: 0.0000179 seconds
[2019-12-09T02:27:45.837+0000][1][safepoint    ] Application time: 1.0000736 seconds
[2019-12-09T02:27:45.837+0000][1][safepoint    ] Entering safepoint region: Cleanup
[2019-12-09T02:27:45.837+0000][1][safepoint    ] Leaving safepoint region
[2019-12-09T02:27:45.837+0000][1][safepoint    ] Total time for which application threads were stopped: 0.0000876 seconds, Stopping threads took: 0.0000159 seconds
[2019-12-09T02:27:46.837+0000][1][safepoint    ] Application time: 1.0000774 seconds
[2019-12-09T02:27:46.837+0000][1][safepoint    ] Entering safepoint region: Cleanup
[2019-12-09T02:27:46.838+0000][1][safepoint    ] Leaving safepoint region
[2019-12-09T02:27:46.838+0000][1][safepoint    ] Total time for which application threads were stopped: 0.0000823 seconds, Stopping threads took: 0.0000157 seconds
[2019-12-09T02:27:47.838+0000][1][safepoint    ] Application time: 1.0000757 seconds
[2019-12-09T02:27:47.838+0000][1][safepoint    ] Entering safepoint region: Cleanup
[2019-12-09T02:27:47.838+0000][1][safepoint    ] Leaving safepoint region
[2019-12-09T02:27:47.838+0000][1][safepoint    ] Total time for which application threads were stopped: 0.0000826 seconds, Stopping threads took: 0.0000148 seconds
[2019-12-09T02:27:48.838+0000][1][safepoint    ] Application time: 1.0000494 seconds
[2019-12-09T02:27:48.838+0000][1][safepoint    ] Entering safepoint region: Cleanup
[2019-12-09T02:27:48.838+0000][1][safepoint    ] Leaving safepoint region
[2019-12-09T02:27:48.838+0000][1][safepoint    ] Total time for which application threads were stopped: 0.0000876 seconds, Stopping threads took: 0.0000145 seconds
[2019-12-09T02:27:49.838+0000][1][safepoint    ] Application time: 1.0000757 seconds
[2019-12-09T02:27:49.838+0000][1][safepoint    ] Entering safepoint region: Cleanup
[2019-12-09T02:27:49.838+0000][1][safepoint    ] Leaving safepoint region
[2019-12-09T02:27:49.838+0000][1][safepoint    ] Total time for which application threads were stopped: 0.0000829 seconds, Stopping threads took: 0.0000164 seconds
[2019-12-09T02:27:51.838+0000][1][safepoint    ] Application time: 2.0001418 seconds
[2019-12-09T02:27:51.838+0000][1][safepoint    ] Entering safepoint region: Cleanup
[2019-12-09T02:27:51.838+0000][1][safepoint    ] Leaving safepoint region
[2019-12-09T02:27:51.838+0000][1][safepoint    ] Total time for which application threads were stopped: 0.0000777 seconds, Stopping threads took: 0.0000144 seconds
[2019-12-09T02:27:52.838+0000][1][safepoint    ] Application time: 1.0000760 seconds
[2019-12-09T02:27:52.839+0000][1][safepoint    ] Entering safepoint region: Cleanup
[2019-12-09T02:27:52.839+0000][1][safepoint    ] Leaving safepoint region
[2019-12-09T02:27:52.839+0000][1][safepoint    ] Total time for which application threads were stopped: 0.0000825 seconds, Stopping threads took: 0.0000153 seconds
[2019-12-09T02:27:54.839+0000][1][safepoint    ] Application time: 2.0001479 seconds
[2019-12-09T02:27:54.839+0000][1][safepoint    ] Entering safepoint region: Cleanup
[2019-12-09T02:27:54.839+0000][1][safepoint    ] Leaving safepoint region
[2019-12-09T02:27:54.839+0000][1][safepoint    ] Total time for which application threads were stopped: 0.0000789 seconds, Stopping threads took: 0.0000148 seconds
[2019-12-09T02:27:56.839+0000][1][safepoint    ] Application time: 2.0001413 seconds
[2019-12-09T02:27:56.839+0000][1][safepoint    ] Entering safepoint region: Cleanup
[2019-12-09T02:27:56.839+0000][1][safepoint    ] Leaving safepoint region
[2019-12-09T02:27:56.839+0000][1][safepoint    ] Total time for which application threads were stopped: 0.0000776 seconds, Stopping threads took: 0.0000141 seconds
[2019-12-09T02:27:57.839+0000][1][safepoint    ] Application time: 1.0000738 seconds
[2019-12-09T02:27:57.839+0000][1][safepoint    ] Entering safepoint region: Cleanup
[2019-12-09T02:27:57.839+0000][1][safepoint    ] Leaving safepoint region
[2019-12-09T02:27:57.839+0000][1][safepoint    ] Total time for which application threads were stopped: 0.0000841 seconds, Stopping threads took: 0.0000181 seconds
[2019-12-09T02:27:58.839+0000][1][safepoint    ] Application time: 1.0000756 seconds
[2019-12-09T02:27:58.839+0000][1][safepoint    ] Entering safepoint region: Cleanup
[2019-12-09T02:27:58.839+0000][1][safepoint    ] Leaving safepoint region
[2019-12-09T02:27:58.839+0000][1][safepoint    ] Total time for which application threads were stopped: 0.0000784 seconds, Stopping threads took: 0.0000159 seconds
[2019-12-09T02:28:00.840+0000][1][safepoint    ] Application time: 2.0001411 seconds
[2019-12-09T02:28:00.840+0000][1][safepoint    ] Entering safepoint region: Cleanup
[2019-12-09T02:28:00.840+0000][1][safepoint    ] Leaving safepoint region
[2019-12-09T02:28:00.840+0000][1][safepoint    ] Total time for which application threads were stopped: 0.0000850 seconds, Stopping threads took: 0.0000222 seconds
[2019-12-09T02:28:01.840+0000][1][safepoint    ] Application time: 1.0000777 seconds
[2019-12-09T02:28:01.840+0000][1][safepoint    ] Entering safepoint region: Cleanup
[2019-12-09T02:28:01.840+0000][1][safepoint    ] Leaving safepoint region
[2019-12-09T02:28:01.840+0000][1][safepoint    ] Total time for which application threads were stopped: 0.0000890 seconds, Stopping threads took: 0.0000170 seconds
[2019-12-09T02:28:05.840+0000][1][safepoint    ] Application time: 4.0002735 seconds
[2019-12-09T02:28:05.840+0000][1][safepoint    ] Entering safepoint region: Cleanup
[2019-12-09T02:28:05.840+0000][1][safepoint    ] Leaving safepoint region
[2019-12-09T02:28:05.840+0000][1][safepoint    ] Total time for which application threads were stopped: 0.0000935 seconds, Stopping threads took: 0.0000235 seconds
[2019-12-09T02:28:07.841+0000][1][safepoint    ] Application time: 2.0001425 seconds
[2019-12-09T02:28:07.841+0000][1][safepoint    ] Entering safepoint region: Cleanup
[2019-12-09T02:28:07.841+0000][1][safepoint    ] Leaving safepoint region
[2019-12-09T02:28:07.841+0000][1][safepoint    ] Total time for which application threads were stopped: 0.0000834 seconds, Stopping threads took: 0.0000158 seconds
[2019-12-09T02:28:08.841+0000][1][safepoint    ] Application time: 1.0000833 seconds
[2019-12-09T02:28:08.841+0000][1][safepoint    ] Entering safepoint region: Cleanup
[2019-12-09T02:28:08.841+0000][1][safepoint    ] Leaving safepoint region
[2019-12-09T02:28:08.841+0000][1][safepoint    ] Total time for which application threads were stopped: 0.0000797 seconds, Stopping threads took: 0.0000171 seconds
[2019-12-09T02:28:09.841+0000][1][safepoint    ] Application time: 1.0000759 seconds
[2019-12-09T02:28:09.841+0000][1][safepoint    ] Entering safepoint region: Cleanup
[2019-12-09T02:28:09.841+0000][1][safepoint    ] Leaving safepoint region
[2019-12-09T02:28:09.841+0000][1][safepoint    ] Total time for which application threads were stopped: 0.0000819 seconds, Stopping threads took: 0.0000152 seconds
[2019-12-09T02:28:10.841+0000][1][safepoint    ] Application time: 1.0000757 seconds
[2019-12-09T02:28:10.841+0000][1][safepoint    ] Entering safepoint region: Cleanup
[2019-12-09T02:28:10.841+0000][1][safepoint    ] Leaving safepoint region
[2019-12-09T02:28:10.841+0000][1][safepoint    ] Total time for which application threads were stopped: 0.0000930 seconds, Stopping threads took: 0.0000162 seconds
[2019-12-09T02:28:11.841+0000][1][safepoint    ] Application time: 1.0000751 seconds
[2019-12-09T02:28:11.841+0000][1][safepoint    ] Entering safepoint region: Cleanup
[2019-12-09T02:28:11.841+0000][1][safepoint    ] Leaving safepoint region
[2019-12-09T02:28:11.841+0000][1][safepoint    ] Total time for which application threads were stopped: 0.0000814 seconds, Stopping threads took: 0.0000179 seconds
[2019-12-09T02:28:12.842+0000][1][safepoint    ] Application time: 1.0000756 seconds
[2019-12-09T02:28:12.842+0000][1][safepoint    ] Entering safepoint region: Cleanup
[2019-12-09T02:28:12.842+0000][1][safepoint    ] Leaving safepoint region
[2019-12-09T02:28:12.842+0000][1][safepoint    ] Total time for which application threads were stopped: 0.0000813 seconds, Stopping threads took: 0.0000166 seconds
[2019-12-09T02:28:13.842+0000][1][safepoint    ] Application time: 1.0000733 seconds
[2019-12-09T02:28:13.842+0000][1][safepoint    ] Entering safepoint region: Cleanup
[2019-12-09T02:28:13.842+0000][1][safepoint    ] Leaving safepoint region
[2019-12-09T02:28:13.842+0000][1][safepoint    ] Total time for which application threads were stopped: 0.0000836 seconds, Stopping threads took: 0.0000179 seconds
[2019-12-09T02:28:14.842+0000][1][safepoint    ] Application time: 1.0000752 seconds
[2019-12-09T02:28:14.842+0000][1][safepoint    ] Entering safepoint region: Cleanup
[2019-12-09T02:28:14.842+0000][1][safepoint    ] Leaving safepoint region
[2019-12-09T02:28:14.842+0000][1][safepoint    ] Total time for which application threads were stopped: 0.0000834 seconds, Stopping threads took: 0.0000160 seconds
[2019-12-09T02:28:15.842+0000][1][safepoint    ] Application time: 1.0000740 seconds
[2019-12-09T02:28:15.842+0000][1][safepoint    ] Entering safepoint region: Cleanup
[2019-12-09T02:28:15.842+0000][1][safepoint    ] Leaving safepoint region
[2019-12-09T02:28:15.842+0000][1][safepoint    ] Total time for which application threads were stopped: 0.0000765 seconds, Stopping threads took: 0.0000141 seconds
[2019-12-09T02:28:17.842+0000][1][safepoint    ] Application time: 2.0001411 seconds
[2019-12-09T02:28:17.842+0000][1][safepoint    ] Entering safepoint region: Cleanup
[2019-12-09T02:28:17.842+0000][1][safepoint    ] Leaving safepoint region
[2019-12-09T02:28:17.842+0000][1][safepoint    ] Total time for which application threads were stopped: 0.0000887 seconds, Stopping threads took: 0.0000164 seconds
[2019-12-09T02:28:18.843+0000][1][safepoint    ] Application time: 1.0000762 seconds
[2019-12-09T02:28:18.843+0000][1][safepoint    ] Entering safepoint region: Cleanup
[2019-12-09T02:28:18.843+0000][1][safepoint    ] Leaving safepoint region
[2019-12-09T02:28:18.843+0000][1][safepoint    ] Total time for which application threads were stopped: 0.0000808 seconds, Stopping threads took: 0.0000155 seconds
[2019-12-09T02:28:20.843+0000][1][safepoint    ] Application time: 2.0001152 seconds
[2019-12-09T02:28:20.843+0000][1][safepoint    ] Entering safepoint region: Cleanup
[2019-12-09T02:28:20.843+0000][1][safepoint    ] Leaving safepoint region
[2019-12-09T02:28:20.843+0000][1][safepoint    ] Total time for which application threads were stopped: 0.0000870 seconds, Stopping threads took: 0.0000215 seconds
[2019-12-09T02:28:28.843+0000][1][safepoint    ] Application time: 8.0005324 seconds
[2019-12-09T02:28:28.843+0000][1][safepoint    ] Entering safepoint region: Cleanup
[2019-12-09T02:28:28.844+0000][1][safepoint    ] Leaving safepoint region
[2019-12-09T02:28:28.844+0000][1][safepoint    ] Total time for which application threads were stopped: 0.0000789 seconds, Stopping threads took: 0.0000151 seconds
[2019-12-09T02:28:29.844+0000][1][safepoint    ] Application time: 1.0000764 seconds
[2019-12-09T02:28:29.844+0000][1][safepoint    ] Entering safepoint region: Cleanup
[2019-12-09T02:28:29.844+0000][1][safepoint    ] Leaving safepoint region
[2019-12-09T02:28:29.844+0000][1][safepoint    ] Total time for which application threads were stopped: 0.0000872 seconds, Stopping threads took: 0.0000151 seconds
[2019-12-09T02:28:31.844+0000][1][safepoint    ] Application time: 2.0001426 seconds
[2019-12-09T02:28:31.844+0000][1][safepoint    ] Entering safepoint region: Cleanup
[2019-12-09T02:28:31.844+0000][1][safepoint    ] Leaving safepoint region
[2019-12-09T02:28:31.844+0000][1][safepoint    ] Total time for which application threads were stopped: 0.0000803 seconds, Stopping threads took: 0.0000159 seconds
[2019-12-09T02:28:33.844+0000][1][safepoint    ] Application time: 2.0001439 seconds
[2019-12-09T02:28:33.844+0000][1][safepoint    ] Entering safepoint region: Cleanup
[2019-12-09T02:28:33.844+0000][1][safepoint    ] Leaving safepoint region
[2019-12-09T02:28:33.844+0000][1][safepoint    ] Total time for which application threads were stopped: 0.0000874 seconds, Stopping threads took: 0.0000166 seconds
[2019-12-09T02:28:34.844+0000][1][safepoint    ] Application time: 1.0000753 seconds
[2019-12-09T02:28:34.844+0000][1][safepoint    ] Entering safepoint region: Cleanup
[2019-12-09T02:28:34.844+0000][1][safepoint    ] Leaving safepoint region
[2019-12-09T02:28:34.844+0000][1][safepoint    ] Total time for which application threads were stopped: 0.0000868 seconds, Stopping threads took: 0.0000212 seconds
[2019-12-09T02:28:35.845+0000][1][safepoint    ] Application time: 1.0000756 seconds
[2019-12-09T02:28:35.845+0000][1][safepoint    ] Entering safepoint region: Cleanup
[2019-12-09T02:28:35.845+0000][1][safepoint    ] Leaving safepoint region
[2019-12-09T02:28:35.845+0000][1][safepoint    ] Total time for which application threads were stopped: 0.0000775 seconds, Stopping threads took: 0.0000161 seconds
[2019-12-09T02:28:36.845+0000][1][safepoint    ] Application time: 1.0000855 seconds
[2019-12-09T02:28:36.845+0000][1][safepoint    ] Entering safepoint region: Cleanup
[2019-12-09T02:28:36.845+0000][1][safepoint    ] Leaving safepoint region
[2019-12-09T02:28:36.845+0000][1][safepoint    ] Total time for which application threads were stopped: 0.0000805 seconds, Stopping threads took: 0.0000162 seconds
[2019-12-09T02:28:37.845+0000][1][safepoint    ] Application time: 1.0003133 seconds
[2019-12-09T02:28:37.845+0000][1][safepoint    ] Entering safepoint region: Cleanup
[2019-12-09T02:28:37.845+0000][1][safepoint    ] Leaving safepoint region
[2019-12-09T02:28:37.845+0000][1][safepoint    ] Total time for which application threads were stopped: 0.0001049 seconds, Stopping threads took: 0.0000206 seconds
[2019-12-09T02:28:40.846+0000][1][safepoint    ] Application time: 3.0002099 seconds
[2019-12-09T02:28:40.846+0000][1][safepoint    ] Entering safepoint region: Cleanup
[2019-12-09T02:28:40.846+0000][1][safepoint    ] Leaving safepoint region
[2019-12-09T02:28:40.846+0000][1][safepoint    ] Total time for which application threads were stopped: 0.0000806 seconds, Stopping threads took: 0.0000157 seconds
[2019-12-09T02:28:42.846+0000][1][safepoint    ] Application time: 2.0001533 seconds
[2019-12-09T02:28:42.846+0000][1][safepoint    ] Entering safepoint region: Cleanup
[2019-12-09T02:28:42.846+0000][1][safepoint    ] Leaving safepoint region
[2019-12-09T02:28:42.846+0000][1][safepoint    ] Total time for which application threads were stopped: 0.0000781 seconds, Stopping threads took: 0.0000152 seconds
[2019-12-09T02:28:45.846+0000][1][safepoint    ] Application time: 3.0002100 seconds
[2019-12-09T02:28:45.846+0000][1][safepoint    ] Entering safepoint region: Cleanup
[2019-12-09T02:28:45.846+0000][1][safepoint    ] Leaving safepoint region
[2019-12-09T02:28:45.846+0000][1][safepoint    ] Total time for which application threads were stopped: 0.0000843 seconds, Stopping threads took: 0.0000171 seconds
[2019-12-09T02:28:46.846+0000][1][safepoint    ] Application time: 1.0000779 seconds
[2019-12-09T02:28:46.846+0000][1][safepoint    ] Entering safepoint region: Cleanup
[2019-12-09T02:28:46.846+0000][1][safepoint    ] Leaving safepoint region
[2019-12-09T02:28:46.846+0000][1][safepoint    ] Total time for which application threads were stopped: 0.0000816 seconds, Stopping threads took: 0.0000149 seconds
[2019-12-09T02:28:48.847+0000][1][safepoint    ] Application time: 2.0000982 seconds
[2019-12-09T02:28:48.847+0000][1][safepoint    ] Entering safepoint region: Cleanup
[2019-12-09T02:28:48.847+0000][1][safepoint    ] Leaving safepoint region
[2019-12-09T02:28:48.847+0000][1][safepoint    ] Total time for which application threads were stopped: 0.0000738 seconds, Stopping threads took: 0.0000136 seconds
[2019-12-09T02:28:52.847+0000][1][safepoint    ] Application time: 4.0002890 seconds
[2019-12-09T02:28:52.847+0000][1][safepoint    ] Entering safepoint region: Cleanup
[2019-12-09T02:28:52.847+0000][1][safepoint    ] Leaving safepoint region
[2019-12-09T02:28:52.847+0000][1][safepoint    ] Total time for which application threads were stopped: 0.0000833 seconds, Stopping threads took: 0.0000166 seconds
[2019-12-09T02:28:59.848+0000][1][safepoint    ] Application time: 7.0004797 seconds
[2019-12-09T02:28:59.848+0000][1][safepoint    ] Entering safepoint region: Cleanup
[2019-12-09T02:28:59.848+0000][1][safepoint    ] Leaving safepoint region
[2019-12-09T02:28:59.848+0000][1][safepoint    ] Total time for which application threads were stopped: 0.0000948 seconds, Stopping threads took: 0.0000155 seconds
[2019-12-09T02:29:04.848+0000][1][safepoint    ] Application time: 5.0004273 seconds
[2019-12-09T02:29:04.848+0000][1][safepoint    ] Entering safepoint region: Cleanup
[2019-12-09T02:29:04.848+0000][1][safepoint    ] Leaving safepoint region
[2019-12-09T02:29:04.848+0000][1][safepoint    ] Total time for which application threads were stopped: 0.0000971 seconds, Stopping threads took: 0.0000272 seconds
[2019-12-09T02:29:05.848+0000][1][safepoint    ] Application time: 1.0000775 seconds
[2019-12-09T02:29:05.848+0000][1][safepoint    ] Entering safepoint region: Cleanup
[2019-12-09T02:29:05.848+0000][1][safepoint    ] Leaving safepoint region
[2019-12-09T02:29:05.848+0000][1][safepoint    ] Total time for which application threads were stopped: 0.0000903 seconds, Stopping threads took: 0.0000180 seconds
[2019-12-09T02:29:10.849+0000][1][safepoint    ] Application time: 5.0003478 seconds
[2019-12-09T02:29:10.849+0000][1][safepoint    ] Entering safepoint region: Cleanup
[2019-12-09T02:29:10.849+0000][1][safepoint    ] Leaving safepoint region
[2019-12-09T02:29:10.849+0000][1][safepoint    ] Total time for which application threads were stopped: 0.0000855 seconds, Stopping threads took: 0.0000177 seconds
[2019-12-09T02:29:11.849+0000][1][safepoint    ] Application time: 1.0000786 seconds
[2019-12-09T02:29:11.849+0000][1][safepoint    ] Entering safepoint region: Cleanup
[2019-12-09T02:29:11.849+0000][1][safepoint    ] Leaving safepoint region
[2019-12-09T02:29:11.849+0000][1][safepoint    ] Total time for which application threads were stopped: 0.0000897 seconds, Stopping threads took: 0.0000191 seconds
[2019-12-09T02:29:12.849+0000][1][safepoint    ] Application time: 1.0000764 seconds
[2019-12-09T02:29:12.849+0000][1][safepoint    ] Entering safepoint region: Cleanup
[2019-12-09T02:29:12.849+0000][1][safepoint    ] Leaving safepoint region
[2019-12-09T02:29:12.849+0000][1][safepoint    ] Total time for which application threads were stopped: 0.0000888 seconds, Stopping threads took: 0.0000184 seconds
[2019-12-09T02:29:13.849+0000][1][safepoint    ] Application time: 1.0000774 seconds
[2019-12-09T02:29:13.849+0000][1][safepoint    ] Entering safepoint region: Cleanup
[2019-12-09T02:29:13.850+0000][1][safepoint    ] Leaving safepoint region
[2019-12-09T02:29:13.850+0000][1][safepoint    ] Total time for which application threads were stopped: 0.0000874 seconds, Stopping threads took: 0.0000171 seconds
[2019-12-09T02:29:13.881+0000][1][safepoint    ] Application time: 0.0315863 seconds
[2019-12-09T02:29:13.881+0000][1][safepoint    ] Entering safepoint region: GenCollectForAllocation
[2019-12-09T02:29:13.881+0000][1][gc,start     ] GC(24) Pause Young (Allocation Failure)
[2019-12-09T02:29:13.881+0000][1][gc,task      ] GC(24) Using 2 workers of 2 for evacuation
[2019-12-09T02:29:13.897+0000][1][gc,age       ] GC(24) Desired survivor size 4456448 bytes, new threshold 6 (max threshold 6)
[2019-12-09T02:29:13.897+0000][1][gc,age       ] GC(24) Age table with threshold 6 (max threshold 6)
[2019-12-09T02:29:13.897+0000][1][gc,age       ] GC(24) - age   1:      30088 bytes,      30088 total
[2019-12-09T02:29:13.897+0000][1][gc,age       ] GC(24) - age   2:    1767208 bytes,    1797296 total
[2019-12-09T02:29:13.897+0000][1][gc,heap      ] GC(24) ParNew: 76846K->5690K(78656K)
[2019-12-09T02:29:13.897+0000][1][gc,heap      ] GC(24) CMS: 64238K->67908K(174784K)
[2019-12-09T02:29:13.897+0000][1][gc,metaspace ] GC(24) Metaspace: 68587K->68587K(1112064K)
[2019-12-09T02:29:13.897+0000][1][gc           ] GC(24) Pause Young (Allocation Failure) 137M->71M(247M) 16.119ms
[2019-12-09T02:29:13.897+0000][1][gc,cpu       ] GC(24) User=0.03s Sys=0.00s Real=0.02s
[2019-12-09T02:29:13.897+0000][1][safepoint    ] Leaving safepoint region
[2019-12-09T02:29:13.897+0000][1][safepoint    ] Total time for which application threads were stopped: 0.0162753 seconds, Stopping threads took: 0.0000142 seconds
[2019-12-09T02:29:14.898+0000][1][safepoint    ] Application time: 1.0000896 seconds
[2019-12-09T02:29:14.898+0000][1][safepoint    ] Entering safepoint region: Cleanup
[2019-12-09T02:29:14.898+0000][1][safepoint    ] Leaving safepoint region
[2019-12-09T02:29:14.898+0000][1][safepoint    ] Total time for which application threads were stopped: 0.0000807 seconds, Stopping threads took: 0.0000147 seconds
[2019-12-09T02:29:16.898+0000][1][safepoint    ] Application time: 2.0001455 seconds
[2019-12-09T02:29:16.898+0000][1][safepoint    ] Entering safepoint region: Cleanup
[2019-12-09T02:29:16.898+0000][1][safepoint    ] Leaving safepoint region
[2019-12-09T02:29:16.898+0000][1][safepoint    ] Total time for which application threads were stopped: 0.0000810 seconds, Stopping threads took: 0.0000153 seconds
[2019-12-09T02:29:17.898+0000][1][safepoint    ] Application time: 1.0000776 seconds
[2019-12-09T02:29:17.898+0000][1][safepoint    ] Entering safepoint region: Cleanup
[2019-12-09T02:29:17.898+0000][1][safepoint    ] Leaving safepoint region
[2019-12-09T02:29:17.898+0000][1][safepoint    ] Total time for which application threads were stopped: 0.0000797 seconds, Stopping threads took: 0.0000149 seconds
[2019-12-09T02:29:18.898+0000][1][safepoint    ] Application time: 1.0000891 seconds
[2019-12-09T02:29:18.898+0000][1][safepoint    ] Entering safepoint region: Cleanup
[2019-12-09T02:29:18.898+0000][1][safepoint    ] Leaving safepoint region
[2019-12-09T02:29:18.898+0000][1][safepoint    ] Total time for which application threads were stopped: 0.0000874 seconds, Stopping threads took: 0.0000208 seconds
[2019-12-09T02:29:19.898+0000][1][safepoint    ] Application time: 1.0000842 seconds
[2019-12-09T02:29:19.898+0000][1][safepoint    ] Entering safepoint region: Cleanup
[2019-12-09T02:29:19.899+0000][1][safepoint    ] Leaving safepoint region
[2019-12-09T02:29:19.899+0000][1][safepoint    ] Total time for which application threads were stopped: 0.0000799 seconds, Stopping threads took: 0.0000149 seconds
[2019-12-09T02:29:22.899+0000][1][safepoint    ] Application time: 3.0002074 seconds
[2019-12-09T02:29:22.899+0000][1][safepoint    ] Entering safepoint region: Cleanup
[2019-12-09T02:29:22.899+0000][1][safepoint    ] Leaving safepoint region
[2019-12-09T02:29:22.899+0000][1][safepoint    ] Total time for which application threads were stopped: 0.0000829 seconds, Stopping threads took: 0.0000155 seconds
[2019-12-09T02:29:27.899+0000][1][safepoint    ] Application time: 5.0003468 seconds
[2019-12-09T02:29:27.899+0000][1][safepoint    ] Entering safepoint region: Cleanup
[2019-12-09T02:29:27.899+0000][1][safepoint    ] Leaving safepoint region
[2019-12-09T02:29:27.899+0000][1][safepoint    ] Total time for which application threads were stopped: 0.0001170 seconds, Stopping threads took: 0.0000235 seconds
[2019-12-09T02:29:28.899+0000][1][safepoint    ] Application time: 1.0000768 seconds
[2019-12-09T02:29:28.900+0000][1][safepoint    ] Entering safepoint region: Cleanup
[2019-12-09T02:29:28.900+0000][1][safepoint    ] Leaving safepoint region
[2019-12-09T02:29:28.900+0000][1][safepoint    ] Total time for which application threads were stopped: 0.0000845 seconds, Stopping threads took: 0.0000171 seconds
[2019-12-09T02:29:29.900+0000][1][safepoint    ] Application time: 1.0000871 seconds
[2019-12-09T02:29:29.900+0000][1][safepoint    ] Entering safepoint region: Cleanup
[2019-12-09T02:29:29.900+0000][1][safepoint    ] Leaving safepoint region
[2019-12-09T02:29:29.900+0000][1][safepoint    ] Total time for which application threads were stopped: 0.0000911 seconds, Stopping threads took: 0.0000173 seconds
[2019-12-09T02:29:31.900+0000][1][safepoint    ] Application time: 2.0001404 seconds
[2019-12-09T02:29:31.900+0000][1][safepoint    ] Entering safepoint region: Cleanup
[2019-12-09T02:29:31.900+0000][1][safepoint    ] Leaving safepoint region
[2019-12-09T02:29:31.900+0000][1][safepoint    ] Total time for which application threads were stopped: 0.0000818 seconds, Stopping threads took: 0.0000161 seconds
[2019-12-09T02:29:33.900+0000][1][safepoint    ] Application time: 2.0001430 seconds
[2019-12-09T02:29:33.900+0000][1][safepoint    ] Entering safepoint region: Cleanup
[2019-12-09T02:29:33.900+0000][1][safepoint    ] Leaving safepoint region
[2019-12-09T02:29:33.900+0000][1][safepoint    ] Total time for which application threads were stopped: 0.0000839 seconds, Stopping threads took: 0.0000157 seconds
[2019-12-09T02:29:41.901+0000][1][safepoint    ] Application time: 8.0005504 seconds
[2019-12-09T02:29:41.901+0000][1][safepoint    ] Entering safepoint region: Cleanup
[2019-12-09T02:29:41.901+0000][1][safepoint    ] Leaving safepoint region
[2019-12-09T02:29:41.901+0000][1][safepoint    ] Total time for which application threads were stopped: 0.0000856 seconds, Stopping threads took: 0.0000226 seconds
[2019-12-09T02:29:42.901+0000][1][safepoint    ] Application time: 1.0000762 seconds
[2019-12-09T02:29:42.901+0000][1][safepoint    ] Entering safepoint region: Cleanup
[2019-12-09T02:29:42.901+0000][1][safepoint    ] Leaving safepoint region
[2019-12-09T02:29:42.901+0000][1][safepoint    ] Total time for which application threads were stopped: 0.0000793 seconds, Stopping threads took: 0.0000149 seconds
[2019-12-09T02:29:46.901+0000][1][safepoint    ] Application time: 4.0002710 seconds
[2019-12-09T02:29:46.902+0000][1][safepoint    ] Entering safepoint region: Cleanup
[2019-12-09T02:29:46.902+0000][1][safepoint    ] Leaving safepoint region
[2019-12-09T02:29:46.902+0000][1][safepoint    ] Total time for which application threads were stopped: 0.0000793 seconds, Stopping threads took: 0.0000171 seconds
[2019-12-09T02:29:49.902+0000][1][safepoint    ] Application time: 3.0002231 seconds
[2019-12-09T02:29:49.902+0000][1][safepoint    ] Entering safepoint region: Cleanup
[2019-12-09T02:29:49.902+0000][1][safepoint    ] Leaving safepoint region
[2019-12-09T02:29:49.902+0000][1][safepoint    ] Total time for which application threads were stopped: 0.0000807 seconds, Stopping threads took: 0.0000160 seconds
[2019-12-09T02:29:50.902+0000][1][safepoint    ] Application time: 1.0000772 seconds
[2019-12-09T02:29:50.902+0000][1][safepoint    ] Entering safepoint region: Cleanup
[2019-12-09T02:29:50.902+0000][1][safepoint    ] Leaving safepoint region
[2019-12-09T02:29:50.902+0000][1][safepoint    ] Total time for which application threads were stopped: 0.0000792 seconds, Stopping threads took: 0.0000173 seconds
[2019-12-09T02:29:55.903+0000][1][safepoint    ] Application time: 5.0005569 seconds
[2019-12-09T02:29:55.903+0000][1][safepoint    ] Entering safepoint region: Cleanup
[2019-12-09T02:29:55.903+0000][1][safepoint    ] Leaving safepoint region
[2019-12-09T02:29:55.903+0000][1][safepoint    ] Total time for which application threads were stopped: 0.0000932 seconds, Stopping threads took: 0.0000193 seconds
[2019-12-09T02:30:08.904+0000][1][safepoint    ] Application time: 13.0009285 seconds
[2019-12-09T02:30:08.904+0000][1][safepoint    ] Entering safepoint region: Cleanup
[2019-12-09T02:30:08.904+0000][1][safepoint    ] Leaving safepoint region
[2019-12-09T02:30:08.904+0000][1][safepoint    ] Total time for which application threads were stopped: 0.0000951 seconds, Stopping threads took: 0.0000264 seconds
[2019-12-09T02:30:10.904+0000][1][safepoint    ] Application time: 2.0001431 seconds
[2019-12-09T02:30:10.904+0000][1][safepoint    ] Entering safepoint region: Cleanup
[2019-12-09T02:30:10.904+0000][1][safepoint    ] Leaving safepoint region
[2019-12-09T02:30:10.904+0000][1][safepoint    ] Total time for which application threads were stopped: 0.0000869 seconds, Stopping threads took: 0.0000187 seconds
[2019-12-09T02:30:11.904+0000][1][safepoint    ] Application time: 1.0000763 seconds
[2019-12-09T02:30:11.904+0000][1][safepoint    ] Entering safepoint region: Cleanup
[2019-12-09T02:30:11.904+0000][1][safepoint    ] Leaving safepoint region
[2019-12-09T02:30:11.904+0000][1][safepoint    ] Total time for which application threads were stopped: 0.0000870 seconds, Stopping threads took: 0.0000175 seconds
[2019-12-09T02:30:12.904+0000][1][safepoint    ] Application time: 1.0000783 seconds
[2019-12-09T02:30:12.904+0000][1][safepoint    ] Entering safepoint region: Cleanup
[2019-12-09T02:30:12.905+0000][1][safepoint    ] Leaving safepoint region
[2019-12-09T02:30:12.905+0000][1][safepoint    ] Total time for which application threads were stopped: 0.0000868 seconds, Stopping threads took: 0.0000172 seconds
[2019-12-09T02:30:20.905+0000][1][safepoint    ] Application time: 8.0005197 seconds
[2019-12-09T02:30:20.905+0000][1][safepoint    ] Entering safepoint region: Cleanup
[2019-12-09T02:30:20.905+0000][1][safepoint    ] Leaving safepoint region
[2019-12-09T02:30:20.905+0000][1][safepoint    ] Total time for which application threads were stopped: 0.0000899 seconds, Stopping threads took: 0.0000169 seconds
[2019-12-09T02:30:22.905+0000][1][safepoint    ] Application time: 2.0001414 seconds
[2019-12-09T02:30:22.905+0000][1][safepoint    ] Entering safepoint region: Cleanup
[2019-12-09T02:30:22.905+0000][1][safepoint    ] Leaving safepoint region
[2019-12-09T02:30:22.905+0000][1][safepoint    ] Total time for which application threads were stopped: 0.0000871 seconds, Stopping threads took: 0.0000176 seconds
[2019-12-09T02:30:23.906+0000][1][safepoint    ] Application time: 1.0000756 seconds
[2019-12-09T02:30:23.906+0000][1][safepoint    ] Entering safepoint region: Cleanup
[2019-12-09T02:30:23.906+0000][1][safepoint    ] Leaving safepoint region
[2019-12-09T02:30:23.906+0000][1][safepoint    ] Total time for which application threads were stopped: 0.0001345 seconds, Stopping threads took: 0.0000262 seconds
[2019-12-09T02:30:24.906+0000][1][safepoint    ] Application time: 1.0000814 seconds
[2019-12-09T02:30:24.906+0000][1][safepoint    ] Entering safepoint region: Cleanup
[2019-12-09T02:30:24.906+0000][1][safepoint    ] Leaving safepoint region
[2019-12-09T02:30:24.906+0000][1][safepoint    ] Total time for which application threads were stopped: 0.0000883 seconds, Stopping threads took: 0.0000180 seconds
[2019-12-09T02:30:25.906+0000][1][safepoint    ] Application time: 1.0000774 seconds
[2019-12-09T02:30:25.906+0000][1][safepoint    ] Entering safepoint region: Cleanup
[2019-12-09T02:30:25.906+0000][1][safepoint    ] Leaving safepoint region
[2019-12-09T02:30:25.906+0000][1][safepoint    ] Total time for which application threads were stopped: 0.0000840 seconds, Stopping threads took: 0.0000166 seconds
[2019-12-09T02:30:26.906+0000][1][safepoint    ] Application time: 1.0000779 seconds
[2019-12-09T02:30:26.906+0000][1][safepoint    ] Entering safepoint region: Cleanup
[2019-12-09T02:30:26.906+0000][1][safepoint    ] Leaving safepoint region
[2019-12-09T02:30:26.906+0000][1][safepoint    ] Total time for which application threads were stopped: 0.0000863 seconds, Stopping threads took: 0.0000177 seconds
[2019-12-09T02:30:27.906+0000][1][safepoint    ] Application time: 1.0000808 seconds
[2019-12-09T02:30:27.907+0000][1][safepoint    ] Entering safepoint region: Cleanup
[2019-12-09T02:30:27.907+0000][1][safepoint    ] Leaving safepoint region
[2019-12-09T02:30:27.907+0000][1][safepoint    ] Total time for which application threads were stopped: 0.0001221 seconds, Stopping threads took: 0.0000241 seconds
[2019-12-09T02:30:28.907+0000][1][safepoint    ] Application time: 1.0000756 seconds
[2019-12-09T02:30:28.907+0000][1][safepoint    ] Entering safepoint region: Cleanup
[2019-12-09T02:30:28.907+0000][1][safepoint    ] Leaving safepoint region
[2019-12-09T02:30:28.907+0000][1][safepoint    ] Total time for which application threads were stopped: 0.0000911 seconds, Stopping threads took: 0.0000166 seconds
[2019-12-09T02:30:29.907+0000][1][safepoint    ] Application time: 1.0000463 seconds
[2019-12-09T02:30:29.907+0000][1][safepoint    ] Entering safepoint region: Cleanup
[2019-12-09T02:30:29.907+0000][1][safepoint    ] Leaving safepoint region
[2019-12-09T02:30:29.907+0000][1][safepoint    ] Total time for which application threads were stopped: 0.0000904 seconds, Stopping threads took: 0.0000169 seconds
[2019-12-09T02:30:33.907+0000][1][safepoint    ] Application time: 4.0002848 seconds
[2019-12-09T02:30:33.907+0000][1][safepoint    ] Entering safepoint region: Cleanup
[2019-12-09T02:30:33.907+0000][1][safepoint    ] Leaving safepoint region
[2019-12-09T02:30:33.907+0000][1][safepoint    ] Total time for which application threads were stopped: 0.0000850 seconds, Stopping threads took: 0.0000177 seconds
[2019-12-09T02:30:37.908+0000][1][safepoint    ] Application time: 4.0002851 seconds
[2019-12-09T02:30:37.908+0000][1][safepoint    ] Entering safepoint region: Cleanup
[2019-12-09T02:30:37.908+0000][1][safepoint    ] Leaving safepoint region
[2019-12-09T02:30:37.908+0000][1][safepoint    ] Total time for which application threads were stopped: 0.0001202 seconds, Stopping threads took: 0.0000347 seconds
[2019-12-09T02:30:38.908+0000][1][safepoint    ] Application time: 1.0000818 seconds
[2019-12-09T02:30:38.908+0000][1][safepoint    ] Entering safepoint region: Cleanup
[2019-12-09T02:30:38.908+0000][1][safepoint    ] Leaving safepoint region
[2019-12-09T02:30:38.908+0000][1][safepoint    ] Total time for which application threads were stopped: 0.0000872 seconds, Stopping threads took: 0.0000173 seconds
[2019-12-09T02:30:39.908+0000][1][safepoint    ] Application time: 1.0000789 seconds
[2019-12-09T02:30:39.908+0000][1][safepoint    ] Entering safepoint region: Cleanup
[2019-12-09T02:30:39.908+0000][1][safepoint    ] Leaving safepoint region
[2019-12-09T02:30:39.908+0000][1][safepoint    ] Total time for which application threads were stopped: 0.0000912 seconds, Stopping threads took: 0.0000239 seconds
[2019-12-09T02:30:40.908+0000][1][safepoint    ] Application time: 1.0000778 seconds
[2019-12-09T02:30:40.908+0000][1][safepoint    ] Entering safepoint region: Cleanup
[2019-12-09T02:30:40.908+0000][1][safepoint    ] Leaving safepoint region
[2019-12-09T02:30:40.909+0000][1][safepoint    ] Total time for which application threads were stopped: 0.0000869 seconds, Stopping threads took: 0.0000172 seconds
[2019-12-09T02:30:42.909+0000][1][safepoint    ] Application time: 2.0001480 seconds
[2019-12-09T02:30:42.909+0000][1][safepoint    ] Entering safepoint region: Cleanup
[2019-12-09T02:30:42.909+0000][1][safepoint    ] Leaving safepoint region
[2019-12-09T02:30:42.909+0000][1][safepoint    ] Total time for which application threads were stopped: 0.0000877 seconds, Stopping threads took: 0.0000187 seconds
[2019-12-09T02:30:43.909+0000][1][safepoint    ] Application time: 1.0000817 seconds
[2019-12-09T02:30:43.909+0000][1][safepoint    ] Entering safepoint region: Cleanup
[2019-12-09T02:30:43.909+0000][1][safepoint    ] Leaving safepoint region
[2019-12-09T02:30:43.909+0000][1][safepoint    ] Total time for which application threads were stopped: 0.0001115 seconds, Stopping threads took: 0.0000258 seconds
[2019-12-09T02:30:56.910+0000][1][safepoint    ] Application time: 13.0010858 seconds
[2019-12-09T02:30:56.910+0000][1][safepoint    ] Entering safepoint region: Cleanup
[2019-12-09T02:30:56.910+0000][1][safepoint    ] Leaving safepoint region
[2019-12-09T02:30:56.910+0000][1][safepoint    ] Total time for which application threads were stopped: 0.0000850 seconds, Stopping threads took: 0.0000161 seconds
[2019-12-09T02:30:59.910+0000][1][safepoint    ] Application time: 3.0002034 seconds
[2019-12-09T02:30:59.911+0000][1][safepoint    ] Entering safepoint region: Cleanup
[2019-12-09T02:30:59.911+0000][1][safepoint    ] Leaving safepoint region
[2019-12-09T02:30:59.911+0000][1][safepoint    ] Total time for which application threads were stopped: 0.0000888 seconds, Stopping threads took: 0.0000199 seconds
[2019-12-09T02:31:01.237+0000][1][safepoint    ] Application time: 1.3268971 seconds
[2019-12-09T02:31:01.238+0000][1][safepoint    ] Entering safepoint region: RevokeBias
[2019-12-09T02:31:01.238+0000][1][safepoint    ] Leaving safepoint region
[2019-12-09T02:31:01.238+0000][1][safepoint    ] Total time for which application threads were stopped: 0.0001180 seconds, Stopping threads took: 0.0000212 seconds
[2019-12-09T02:31:01.238+0000][1][safepoint    ] Application time: 0.0001106 seconds
[2019-12-09T02:31:01.238+0000][1][safepoint    ] Entering safepoint region: RevokeBias
[2019-12-09T02:31:01.238+0000][1][safepoint    ] Leaving safepoint region
[2019-12-09T02:31:01.238+0000][1][safepoint    ] Total time for which application threads were stopped: 0.0000609 seconds, Stopping threads took: 0.0000109 seconds
[2019-12-09T02:31:01.239+0000][1][safepoint    ] Application time: 0.0008926 seconds
[2019-12-09T02:31:01.244+0000][1][safepoint    ] Entering safepoint region: RevokeBias
[2019-12-09T02:31:01.244+0000][1][safepoint    ] Leaving safepoint region
[2019-12-09T02:31:01.244+0000][1][safepoint    ] Total time for which application threads were stopped: 0.0051018 seconds, Stopping threads took: 0.0050309 seconds
[2019-12-09T02:31:01.244+0000][1][safepoint    ] Application time: 0.0002209 seconds
[2019-12-09T02:31:01.244+0000][1][safepoint    ] Entering safepoint region: RevokeBias
[2019-12-09T02:31:01.244+0000][1][safepoint    ] Leaving safepoint region
[2019-12-09T02:31:01.244+0000][1][safepoint    ] Total time for which application threads were stopped: 0.0000552 seconds, Stopping threads took: 0.0000111 seconds
[2019-12-09T02:31:01.244+0000][1][safepoint    ] Application time: 0.0002703 seconds
[2019-12-09T02:31:01.244+0000][1][safepoint    ] Entering safepoint region: RevokeBias
[2019-12-09T02:31:01.244+0000][1][safepoint    ] Leaving safepoint region
[2019-12-09T02:31:01.244+0000][1][safepoint    ] Total time for which application threads were stopped: 0.0000579 seconds, Stopping threads took: 0.0000143 seconds
[2019-12-09T02:31:01.245+0000][1][safepoint    ] Application time: 0.0006974 seconds
[2019-12-09T02:31:01.245+0000][1][safepoint    ] Entering safepoint region: RevokeBias
[2019-12-09T02:31:01.245+0000][1][safepoint    ] Leaving safepoint region
[2019-12-09T02:31:01.245+0000][1][safepoint    ] Total time for which application threads were stopped: 0.0000688 seconds, Stopping threads took: 0.0000137 seconds
[2019-12-09T02:31:01.245+0000][1][safepoint    ] Application time: 0.0000954 seconds
[2019-12-09T02:31:01.245+0000][1][safepoint    ] Entering safepoint region: RevokeBias
[2019-12-09T02:31:01.245+0000][1][safepoint    ] Leaving safepoint region
[2019-12-09T02:31:01.245+0000][1][safepoint    ] Total time for which application threads were stopped: 0.0000555 seconds, Stopping threads took: 0.0000102 seconds
[2019-12-09T02:31:01.246+0000][1][safepoint    ] Application time: 0.0000731 seconds
[2019-12-09T02:31:01.246+0000][1][safepoint    ] Entering safepoint region: RevokeBias
[2019-12-09T02:31:01.246+0000][1][safepoint    ] Leaving safepoint region
[2019-12-09T02:31:01.246+0000][1][safepoint    ] Total time for which application threads were stopped: 0.0000517 seconds, Stopping threads took: 0.0000094 seconds
[2019-12-09T02:31:01.246+0000][1][safepoint    ] Application time: 0.0004379 seconds
[2019-12-09T02:31:01.246+0000][1][safepoint    ] Entering safepoint region: RevokeBias
[2019-12-09T02:31:01.246+0000][1][safepoint    ] Leaving safepoint region
[2019-12-09T02:31:01.246+0000][1][safepoint    ] Total time for which application threads were stopped: 0.0000868 seconds, Stopping threads took: 0.0000137 seconds
[2019-12-09T02:31:01.250+0000][1][safepoint    ] Application time: 0.0035179 seconds
[2019-12-09T02:31:01.250+0000][1][safepoint    ] Entering safepoint region: RevokeBias
[2019-12-09T02:31:01.250+0000][1][safepoint    ] Leaving safepoint region
[2019-12-09T02:31:01.250+0000][1][safepoint    ] Total time for which application threads were stopped: 0.0000818 seconds, Stopping threads took: 0.0000136 seconds
[2019-12-09T02:31:01.252+0000][1][safepoint    ] Application time: 0.0023472 seconds
[2019-12-09T02:31:01.252+0000][1][safepoint    ] Entering safepoint region: RevokeBias
[2019-12-09T02:31:01.252+0000][1][safepoint    ] Leaving safepoint region
[2019-12-09T02:31:01.252+0000][1][safepoint    ] Total time for which application threads were stopped: 0.0001912 seconds, Stopping threads took: 0.0001025 seconds
[2019-12-09T02:31:01.256+0000][1][safepoint    ] Application time: 0.0033919 seconds
[2019-12-09T02:31:01.256+0000][1][safepoint    ] Entering safepoint region: RevokeBias
[2019-12-09T02:31:01.256+0000][1][safepoint    ] Leaving safepoint region
[2019-12-09T02:31:01.256+0000][1][safepoint    ] Total time for which application threads were stopped: 0.0000675 seconds, Stopping threads took: 0.0000119 seconds
[2019-12-09T02:31:01.265+0000][1][safepoint    ] Application time: 0.0088855 seconds
[2019-12-09T02:31:01.265+0000][1][safepoint    ] Entering safepoint region: RevokeBias
[2019-12-09T02:31:01.265+0000][1][safepoint    ] Leaving safepoint region
[2019-12-09T02:31:01.265+0000][1][safepoint    ] Total time for which application threads were stopped: 0.0000637 seconds, Stopping threads took: 0.0000135 seconds
[2019-12-09T02:31:01.265+0000][1][safepoint    ] Application time: 0.0001841 seconds
[2019-12-09T02:31:01.265+0000][1][safepoint    ] Entering safepoint region: RevokeBias
[2019-12-09T02:31:01.265+0000][1][safepoint    ] Leaving safepoint region
[2019-12-09T02:31:01.265+0000][1][safepoint    ] Total time for which application threads were stopped: 0.0000629 seconds, Stopping threads took: 0.0000348 seconds
[2019-12-09T02:31:01.265+0000][1][safepoint    ] Application time: 0.0001413 seconds
[2019-12-09T02:31:01.268+0000][1][safepoint    ] Entering safepoint region: RevokeBias
[2019-12-09T02:31:01.268+0000][1][safepoint    ] Leaving safepoint region
[2019-12-09T02:31:01.268+0000][1][safepoint    ] Total time for which application threads were stopped: 0.0030437 seconds, Stopping threads took: 0.0029884 seconds
[2019-12-09T02:31:01.268+0000][1][safepoint    ] Application time: 0.0000708 seconds
[2019-12-09T02:31:01.268+0000][1][safepoint    ] Entering safepoint region: RevokeBias
[2019-12-09T02:31:01.268+0000][1][safepoint    ] Leaving safepoint region
[2019-12-09T02:31:01.268+0000][1][safepoint    ] Total time for which application threads were stopped: 0.0000465 seconds, Stopping threads took: 0.0000090 seconds
[2019-12-09T02:31:01.269+0000][1][safepoint    ] Application time: 0.0002765 seconds
[2019-12-09T02:31:01.270+0000][1][safepoint    ] Entering safepoint region: RevokeBias
[2019-12-09T02:31:01.270+0000][1][safepoint    ] Leaving safepoint region
[2019-12-09T02:31:01.270+0000][1][safepoint    ] Total time for which application threads were stopped: 0.0017042 seconds, Stopping threads took: 0.0016462 seconds
[2019-12-09T02:31:01.285+0000][1][safepoint    ] Application time: 0.0145644 seconds
[2019-12-09T02:31:01.285+0000][1][safepoint    ] Entering safepoint region: RevokeBias
[2019-12-09T02:31:01.285+0000][1][safepoint    ] Leaving safepoint region
[2019-12-09T02:31:01.285+0000][1][safepoint    ] Total time for which application threads were stopped: 0.0001833 seconds, Stopping threads took: 0.0000490 seconds
[2019-12-09T02:31:01.286+0000][1][safepoint    ] Application time: 0.0004225 seconds
[2019-12-09T02:31:01.286+0000][1][safepoint    ] Entering safepoint region: RevokeBias
[2019-12-09T02:31:01.286+0000][1][safepoint    ] Leaving safepoint region
[2019-12-09T02:31:01.286+0000][1][safepoint    ] Total time for which application threads were stopped: 0.0001183 seconds, Stopping threads took: 0.0000513 seconds
[2019-12-09T02:31:01.350+0000][1][safepoint    ] Application time: 0.0642117 seconds
[2019-12-09T02:31:01.350+0000][1][safepoint    ] Entering safepoint region: RevokeBias
[2019-12-09T02:31:01.350+0000][1][safepoint    ] Leaving safepoint region
[2019-12-09T02:31:01.350+0000][1][safepoint    ] Total time for which application threads were stopped: 0.0001466 seconds, Stopping threads took: 0.0000201 seconds
[2019-12-09T02:31:01.350+0000][1][safepoint    ] Application time: 0.0001742 seconds
[2019-12-09T02:31:01.350+0000][1][safepoint    ] Entering safepoint region: RevokeBias
[2019-12-09T02:31:01.350+0000][1][safepoint    ] Leaving safepoint region
[2019-12-09T02:31:01.350+0000][1][safepoint    ] Total time for which application threads were stopped: 0.0001055 seconds, Stopping threads took: 0.0000151 seconds
[2019-12-09T02:31:01.351+0000][1][safepoint    ] Application time: 0.0001552 seconds
[2019-12-09T02:31:01.351+0000][1][safepoint    ] Entering safepoint region: RevokeBias
[2019-12-09T02:31:01.351+0000][1][safepoint    ] Leaving safepoint region
[2019-12-09T02:31:01.351+0000][1][safepoint    ] Total time for which application threads were stopped: 0.0001009 seconds, Stopping threads took: 0.0000110 seconds
[2019-12-09T02:31:01.351+0000][1][safepoint    ] Application time: 0.0001394 seconds
[2019-12-09T02:31:01.351+0000][1][safepoint    ] Entering safepoint region: BulkRevokeBias
[2019-12-09T02:31:01.351+0000][1][safepoint    ] Leaving safepoint region
[2019-12-09T02:31:01.351+0000][1][safepoint    ] Total time for which application threads were stopped: 0.0003583 seconds, Stopping threads took: 0.0000113 seconds
[2019-12-09T02:31:01.376+0000][1][safepoint    ] Application time: 0.0248250 seconds
[2019-12-09T02:31:01.380+0000][1][safepoint    ] Entering safepoint region: RevokeBias
[2019-12-09T02:31:01.381+0000][1][safepoint    ] Leaving safepoint region
[2019-12-09T02:31:01.381+0000][1][safepoint    ] Total time for which application threads were stopped: 0.0044055 seconds, Stopping threads took: 0.0042450 seconds
[2019-12-09T02:31:01.403+0000][1][safepoint    ] Application time: 0.0221187 seconds
[2019-12-09T02:31:01.403+0000][1][safepoint    ] Entering safepoint region: RevokeBias
[2019-12-09T02:31:01.403+0000][1][safepoint    ] Leaving safepoint region
[2019-12-09T02:31:01.403+0000][1][safepoint    ] Total time for which application threads were stopped: 0.0002068 seconds, Stopping threads took: 0.0000743 seconds
[2019-12-09T02:31:01.412+0000][1][safepoint    ] Application time: 0.0091651 seconds
[2019-12-09T02:31:01.413+0000][1][safepoint    ] Entering safepoint region: RevokeBias
[2019-12-09T02:31:01.413+0000][1][safepoint    ] Leaving safepoint region
[2019-12-09T02:31:01.413+0000][1][safepoint    ] Total time for which application threads were stopped: 0.0008211 seconds, Stopping threads took: 0.0006289 seconds
[2019-12-09T02:31:01.419+0000][1][safepoint    ] Application time: 0.0063741 seconds
[2019-12-09T02:31:01.419+0000][1][safepoint    ] Entering safepoint region: RevokeBias
[2019-12-09T02:31:01.419+0000][1][safepoint    ] Leaving safepoint region
[2019-12-09T02:31:01.419+0000][1][safepoint    ] Total time for which application threads were stopped: 0.0001329 seconds, Stopping threads took: 0.0000139 seconds
[2019-12-09T02:31:01.420+0000][1][safepoint    ] Application time: 0.0005220 seconds
[2019-12-09T02:31:01.420+0000][1][safepoint    ] Entering safepoint region: RevokeBias
[2019-12-09T02:31:01.420+0000][1][safepoint    ] Leaving safepoint region
[2019-12-09T02:31:01.420+0000][1][safepoint    ] Total time for which application threads were stopped: 0.0000988 seconds, Stopping threads took: 0.0000128 seconds
[2019-12-09T02:31:01.420+0000][1][safepoint    ] Application time: 0.0003114 seconds
[2019-12-09T02:31:01.420+0000][1][safepoint    ] Entering safepoint region: RevokeBias
[2019-12-09T02:31:01.421+0000][1][safepoint    ] Leaving safepoint region
[2019-12-09T02:31:01.421+0000][1][safepoint    ] Total time for which application threads were stopped: 0.0000905 seconds, Stopping threads took: 0.0000127 seconds
[2019-12-09T02:31:01.442+0000][1][safepoint    ] Application time: 0.0215712 seconds
[2019-12-09T02:31:01.444+0000][1][safepoint    ] Entering safepoint region: RevokeBias
[2019-12-09T02:31:01.444+0000][1][safepoint    ] Leaving safepoint region
[2019-12-09T02:31:01.444+0000][1][safepoint    ] Total time for which application threads were stopped: 0.0021065 seconds, Stopping threads took: 0.0019221 seconds
[2019-12-09T02:31:01.503+0000][1][safepoint    ] Application time: 0.0588376 seconds
[2019-12-09T02:31:01.503+0000][1][safepoint    ] Entering safepoint region: RevokeBias
[2019-12-09T02:31:01.503+0000][1][safepoint    ] Leaving safepoint region
[2019-12-09T02:31:01.503+0000][1][safepoint    ] Total time for which application threads were stopped: 0.0001990 seconds, Stopping threads took: 0.0000792 seconds
[2019-12-09T02:31:01.534+0000][1][safepoint    ] Application time: 0.0303521 seconds
[2019-12-09T02:31:01.534+0000][1][safepoint    ] Entering safepoint region: RevokeBias
[2019-12-09T02:31:01.534+0000][1][safepoint    ] Leaving safepoint region
[2019-12-09T02:31:01.534+0000][1][safepoint    ] Total time for which application threads were stopped: 0.0002452 seconds, Stopping threads took: 0.0001155 seconds
[2019-12-09T02:31:01.573+0000][1][safepoint    ] Application time: 0.0385641 seconds
[2019-12-09T02:31:01.573+0000][1][safepoint    ] Entering safepoint region: RevokeBias
[2019-12-09T02:31:01.573+0000][1][safepoint    ] Leaving safepoint region
[2019-12-09T02:31:01.573+0000][1][safepoint    ] Total time for which application threads were stopped: 0.0002010 seconds, Stopping threads took: 0.0000886 seconds
[2019-12-09T02:31:01.576+0000][1][safepoint    ] Application time: 0.0034149 seconds
[2019-12-09T02:31:01.612+0000][1][safepoint    ] Entering safepoint region: RevokeBias
[2019-12-09T02:31:01.612+0000][1][safepoint    ] Leaving safepoint region
[2019-12-09T02:31:01.612+0000][1][safepoint    ] Total time for which application threads were stopped: 0.0358449 seconds, Stopping threads took: 0.0357390 seconds
[2019-12-09T02:31:01.623+0000][1][safepoint    ] Application time: 0.0113576 seconds
[2019-12-09T02:31:01.623+0000][1][safepoint    ] Entering safepoint region: RevokeBias
[2019-12-09T02:31:01.624+0000][1][safepoint    ] Leaving safepoint region
[2019-12-09T02:31:01.624+0000][1][safepoint    ] Total time for which application threads were stopped: 0.0001363 seconds, Stopping threads took: 0.0000515 seconds
[2019-12-09T02:31:01.624+0000][1][safepoint    ] Application time: 0.0000767 seconds
[2019-12-09T02:31:01.624+0000][1][safepoint    ] Entering safepoint region: RevokeBias
[2019-12-09T02:31:01.624+0000][1][safepoint    ] Leaving safepoint region
[2019-12-09T02:31:01.624+0000][1][safepoint    ] Total time for which application threads were stopped: 0.0000579 seconds, Stopping threads took: 0.0000105 seconds
[2019-12-09T02:31:01.624+0000][1][safepoint    ] Application time: 0.0000627 seconds
[2019-12-09T02:31:01.624+0000][1][safepoint    ] Entering safepoint region: RevokeBias
[2019-12-09T02:31:01.624+0000][1][safepoint    ] Leaving safepoint region
[2019-12-09T02:31:01.624+0000][1][safepoint    ] Total time for which application threads were stopped: 0.0000393 seconds, Stopping threads took: 0.0000075 seconds
[2019-12-09T02:31:01.624+0000][1][safepoint    ] Application time: 0.0000714 seconds
[2019-12-09T02:31:01.624+0000][1][safepoint    ] Entering safepoint region: RevokeBias
[2019-12-09T02:31:01.624+0000][1][safepoint    ] Leaving safepoint region
[2019-12-09T02:31:01.624+0000][1][safepoint    ] Total time for which application threads were stopped: 0.0000438 seconds, Stopping threads took: 0.0000079 seconds
[2019-12-09T02:31:01.624+0000][1][safepoint    ] Application time: 0.0000741 seconds
[2019-12-09T02:31:01.624+0000][1][safepoint    ] Entering safepoint region: RevokeBias
[2019-12-09T02:31:01.624+0000][1][safepoint    ] Leaving safepoint region
[2019-12-09T02:31:01.624+0000][1][safepoint    ] Total time for which application threads were stopped: 0.0000477 seconds, Stopping threads took: 0.0000083 seconds
[2019-12-09T02:31:01.624+0000][1][safepoint    ] Application time: 0.0000862 seconds
[2019-12-09T02:31:01.624+0000][1][safepoint    ] Entering safepoint region: RevokeBias
[2019-12-09T02:31:01.624+0000][1][safepoint    ] Leaving safepoint region
[2019-12-09T02:31:01.624+0000][1][safepoint    ] Total time for which application threads were stopped: 0.0000490 seconds, Stopping threads took: 0.0000088 seconds
[2019-12-09T02:31:01.625+0000][1][safepoint    ] Application time: 0.0010934 seconds
[2019-12-09T02:31:01.625+0000][1][safepoint    ] Entering safepoint region: RevokeBias
[2019-12-09T02:31:01.625+0000][1][safepoint    ] Leaving safepoint region
[2019-12-09T02:31:01.626+0000][1][safepoint    ] Total time for which application threads were stopped: 0.0000715 seconds, Stopping threads took: 0.0000139 seconds
[2019-12-09T02:31:01.626+0000][1][safepoint    ] Application time: 0.0004479 seconds
[2019-12-09T02:31:01.626+0000][1][safepoint    ] Entering safepoint region: BulkRevokeBias
[2019-12-09T02:31:01.626+0000][1][safepoint    ] Leaving safepoint region
[2019-12-09T02:31:01.626+0000][1][safepoint    ] Total time for which application threads were stopped: 0.0003253 seconds, Stopping threads took: 0.0000128 seconds
[2019-12-09T02:31:01.684+0000][1][safepoint    ] Application time: 0.0574810 seconds
[2019-12-09T02:31:01.684+0000][1][safepoint    ] Entering safepoint region: RevokeBias
[2019-12-09T02:31:01.684+0000][1][safepoint    ] Leaving safepoint region
[2019-12-09T02:31:01.684+0000][1][safepoint    ] Total time for which application threads were stopped: 0.0001017 seconds, Stopping threads took: 0.0000174 seconds
[2019-12-09T02:31:01.755+0000][1][safepoint    ] Application time: 0.0707718 seconds
[2019-12-09T02:31:01.755+0000][1][safepoint    ] Entering safepoint region: RevokeBias
[2019-12-09T02:31:01.755+0000][1][safepoint    ] Leaving safepoint region
[2019-12-09T02:31:01.755+0000][1][safepoint    ] Total time for which application threads were stopped: 0.0000937 seconds, Stopping threads took: 0.0000154 seconds
[2019-12-09T02:31:01.755+0000][1][safepoint    ] Application time: 0.0005104 seconds
[2019-12-09T02:31:01.755+0000][1][safepoint    ] Entering safepoint region: RevokeBias
[2019-12-09T02:31:01.755+0000][1][safepoint    ] Leaving safepoint region
[2019-12-09T02:31:01.755+0000][1][safepoint    ] Total time for which application threads were stopped: 0.0000748 seconds, Stopping threads took: 0.0000182 seconds
[2019-12-09T02:31:01.818+0000][1][safepoint    ] Application time: 0.0622602 seconds
[2019-12-09T02:31:01.818+0000][1][safepoint    ] Entering safepoint region: RevokeBias
[2019-12-09T02:31:01.818+0000][1][safepoint    ] Leaving safepoint region
[2019-12-09T02:31:01.818+0000][1][safepoint    ] Total time for which application threads were stopped: 0.0000894 seconds, Stopping threads took: 0.0000144 seconds
[2019-12-09T02:31:01.826+0000][1][safepoint    ] Application time: 0.0080132 seconds
[2019-12-09T02:31:01.826+0000][1][safepoint    ] Entering safepoint region: RevokeBias
[2019-12-09T02:31:01.826+0000][1][safepoint    ] Leaving safepoint region
[2019-12-09T02:31:01.826+0000][1][safepoint    ] Total time for which application threads were stopped: 0.0000616 seconds, Stopping threads took: 0.0000132 seconds
[2019-12-09T02:31:01.826+0000][1][safepoint    ] Application time: 0.0001238 seconds
[2019-12-09T02:31:01.826+0000][1][safepoint    ] Entering safepoint region: RevokeBias
[2019-12-09T02:31:01.826+0000][1][safepoint    ] Leaving safepoint region
[2019-12-09T02:31:01.826+0000][1][safepoint    ] Total time for which application threads were stopped: 0.0000415 seconds, Stopping threads took: 0.0000077 seconds
[2019-12-09T02:31:01.828+0000][1][safepoint    ] Application time: 0.0013867 seconds
[2019-12-09T02:31:01.828+0000][1][safepoint    ] Entering safepoint region: RevokeBias
[2019-12-09T02:31:01.828+0000][1][safepoint    ] Leaving safepoint region
[2019-12-09T02:31:01.828+0000][1][safepoint    ] Total time for which application threads were stopped: 0.0000653 seconds, Stopping threads took: 0.0000134 seconds
[2019-12-09T02:31:01.840+0000][1][safepoint    ] Application time: 0.0126802 seconds
[2019-12-09T02:31:01.840+0000][1][safepoint    ] Entering safepoint region: RevokeBias
[2019-12-09T02:31:01.840+0000][1][safepoint    ] Leaving safepoint region
[2019-12-09T02:31:01.840+0000][1][safepoint    ] Total time for which application threads were stopped: 0.0000486 seconds, Stopping threads took: 0.0000115 seconds
[2019-12-09T02:31:01.884+0000][1][gc,heap,exit ] Heap
[2019-12-09T02:31:01.884+0000][1][gc,heap,exit ]  par new generation   total 78656K, used 75025K [0x00000000f0000000, 0x00000000f5550000, 0x00000000f5550000)
[2019-12-09T02:31:01.884+0000][1][gc,heap,exit ]   eden space 69952K,  99% used [0x00000000f0000000, 0x00000000f43b5ae0, 0x00000000f4450000)
[2019-12-09T02:31:01.884+0000][1][gc,heap,exit ]   from space 8704K,  65% used [0x00000000f4cd0000, 0x00000000f525e960, 0x00000000f5550000)
[2019-12-09T02:31:01.884+0000][1][gc,heap,exit ]   to   space 8704K,   0% used [0x00000000f4450000, 0x00000000f4450000, 0x00000000f4cd0000)
[2019-12-09T02:31:01.884+0000][1][gc,heap,exit ]  concurrent mark-sweep generation total 174784K, used 67908K [0x00000000f5550000, 0x0000000100000000, 0x0000000100000000)
[2019-12-09T02:31:01.884+0000][1][gc,heap,exit ]  Metaspace       used 69104K, capacity 74321K, committed 74544K, reserved 1112064K
[2019-12-09T02:31:01.884+0000][1][gc,heap,exit ]   class space    used 9342K, capacity 11526K, committed 11528K, reserved 1048576K
[2019-12-09T02:31:01.884+0000][1][safepoint    ] Application time: 0.0437075 seconds
[2019-12-09T02:31:01.884+0000][1][safepoint    ] Entering safepoint region: Exit
