[2019-12-09T01:51:12.133+0000][1][gc] Using Concurrent Mark Sweep
[2019-12-09T01:51:12.133+0000][1][gc,heap,coops] Heap address: 0x00000000f0000000, size: 256 MB, Compressed Oops mode: 32-bit
[2019-12-09T01:51:12.479+0000][1][safepoint    ] Entering safepoint region: EnableBiasedLocking
[2019-12-09T01:51:12.480+0000][1][safepoint    ] Leaving safepoint region
[2019-12-09T01:51:12.480+0000][1][safepoint    ] Total time for which application threads were stopped: 0.0001506 seconds, Stopping threads took: 0.0000729 seconds
[2019-12-09T01:51:12.522+0000][1][safepoint    ] Application time: 0.0420303 seconds
[2019-12-09T01:51:12.522+0000][1][safepoint    ] Entering safepoint region: RevokeBias
[2019-12-09T01:51:12.522+0000][1][safepoint    ] Leaving safepoint region
[2019-12-09T01:51:12.522+0000][1][safepoint    ] Total time for which application threads were stopped: 0.0001202 seconds, Stopping threads took: 0.0000353 seconds
[2019-12-09T01:51:12.644+0000][1][safepoint    ] Application time: 0.1222543 seconds
[2019-12-09T01:51:12.644+0000][1][safepoint    ] Entering safepoint region: Deoptimize
[2019-12-09T01:51:12.644+0000][1][safepoint    ] Leaving safepoint region
[2019-12-09T01:51:12.644+0000][1][safepoint    ] Total time for which application threads were stopped: 0.0000569 seconds, Stopping threads took: 0.0000109 seconds
[2019-12-09T01:51:13.516+0000][1][safepoint    ] Application time: 0.8714712 seconds
[2019-12-09T01:51:13.516+0000][1][safepoint    ] Entering safepoint region: Deoptimize
[2019-12-09T01:51:13.516+0000][1][safepoint    ] Leaving safepoint region
[2019-12-09T01:51:13.516+0000][1][safepoint    ] Total time for which application threads were stopped: 0.0001007 seconds, Stopping threads took: 0.0000108 seconds
[2019-12-09T01:51:14.524+0000][1][safepoint    ] Application time: 1.0076905 seconds
[2019-12-09T01:51:14.554+0000][1][safepoint    ] Entering safepoint region: Cleanup
[2019-12-09T01:51:14.555+0000][1][safepoint    ] Leaving safepoint region
[2019-12-09T01:51:14.555+0000][1][safepoint    ] Total time for which application threads were stopped: 0.0309141 seconds, Stopping threads took: 0.0308447 seconds
[2019-12-09T01:51:15.555+0000][1][safepoint    ] Application time: 1.0001096 seconds
[2019-12-09T01:51:15.555+0000][1][safepoint    ] Entering safepoint region: Cleanup
[2019-12-09T01:51:15.555+0000][1][safepoint    ] Leaving safepoint region
[2019-12-09T01:51:15.555+0000][1][safepoint    ] Total time for which application threads were stopped: 0.0000741 seconds, Stopping threads took: 0.0000140 seconds
[2019-12-09T01:51:15.742+0000][1][safepoint    ] Application time: 0.1868940 seconds
[2019-12-09T01:51:15.742+0000][1][safepoint    ] Entering safepoint region: Deoptimize
[2019-12-09T01:51:15.742+0000][1][safepoint    ] Leaving safepoint region
[2019-12-09T01:51:15.742+0000][1][safepoint    ] Total time for which application threads were stopped: 0.0001462 seconds, Stopping threads took: 0.0000116 seconds
[2019-12-09T01:51:15.839+0000][1][safepoint    ] Application time: 0.0968017 seconds
[2019-12-09T01:51:15.839+0000][1][safepoint    ] Entering safepoint region: Deoptimize
[2019-12-09T01:51:15.839+0000][1][safepoint    ] Leaving safepoint region
[2019-12-09T01:51:15.839+0000][1][safepoint    ] Total time for which application threads were stopped: 0.0001297 seconds, Stopping threads took: 0.0000103 seconds
[2019-12-09T01:51:16.146+0000][1][safepoint    ] Application time: 0.3068323 seconds
[2019-12-09T01:51:16.146+0000][1][safepoint    ] Entering safepoint region: Deoptimize
[2019-12-09T01:51:16.146+0000][1][safepoint    ] Leaving safepoint region
[2019-12-09T01:51:16.146+0000][1][safepoint    ] Total time for which application threads were stopped: 0.0001615 seconds, Stopping threads took: 0.0000108 seconds
[2019-12-09T01:51:16.244+0000][1][safepoint    ] Application time: 0.0978276 seconds
[2019-12-09T01:51:16.244+0000][1][safepoint    ] Entering safepoint region: Deoptimize
[2019-12-09T01:51:16.244+0000][1][safepoint    ] Leaving safepoint region
[2019-12-09T01:51:16.244+0000][1][safepoint    ] Total time for which application threads were stopped: 0.0001469 seconds, Stopping threads took: 0.0000105 seconds
[2019-12-09T01:51:17.247+0000][1][safepoint    ] Application time: 1.0027653 seconds
[2019-12-09T01:51:17.247+0000][1][safepoint    ] Entering safepoint region: Cleanup
[2019-12-09T01:51:17.247+0000][1][safepoint    ] Leaving safepoint region
[2019-12-09T01:51:17.247+0000][1][safepoint    ] Total time for which application threads were stopped: 0.0001026 seconds, Stopping threads took: 0.0000499 seconds
[2019-12-09T01:51:18.250+0000][1][safepoint    ] Application time: 1.0028448 seconds
[2019-12-09T01:51:18.255+0000][1][safepoint    ] Entering safepoint region: Cleanup
[2019-12-09T01:51:18.255+0000][1][safepoint    ] Leaving safepoint region
[2019-12-09T01:51:18.255+0000][1][safepoint    ] Total time for which application threads were stopped: 0.0050670 seconds, Stopping threads took: 0.0050124 seconds
[2019-12-09T01:51:19.256+0000][1][safepoint    ] Application time: 1.0008948 seconds
[2019-12-09T01:51:19.256+0000][1][safepoint    ] Entering safepoint region: Cleanup
[2019-12-09T01:51:19.256+0000][1][safepoint    ] Leaving safepoint region
[2019-12-09T01:51:19.256+0000][1][safepoint    ] Total time for which application threads were stopped: 0.0000684 seconds, Stopping threads took: 0.0000191 seconds
[2019-12-09T01:51:19.716+0000][1][safepoint    ] Application time: 0.4599531 seconds
[2019-12-09T01:51:19.716+0000][1][safepoint    ] Entering safepoint region: Deoptimize
[2019-12-09T01:51:19.716+0000][1][safepoint    ] Leaving safepoint region
[2019-12-09T01:51:19.716+0000][1][safepoint    ] Total time for which application threads were stopped: 0.0001929 seconds, Stopping threads took: 0.0000106 seconds
[2019-12-09T01:51:20.720+0000][1][safepoint    ] Application time: 1.0036984 seconds
[2019-12-09T01:51:20.724+0000][1][safepoint    ] Entering safepoint region: Cleanup
[2019-12-09T01:51:20.724+0000][1][safepoint    ] Leaving safepoint region
[2019-12-09T01:51:20.724+0000][1][safepoint    ] Total time for which application threads were stopped: 0.0040295 seconds, Stopping threads took: 0.0039897 seconds
[2019-12-09T01:51:21.726+0000][1][safepoint    ] Application time: 1.0019278 seconds
[2019-12-09T01:51:21.840+0000][1][safepoint    ] Entering safepoint region: Cleanup
[2019-12-09T01:51:21.840+0000][1][safepoint    ] Leaving safepoint region
[2019-12-09T01:51:21.840+0000][1][safepoint    ] Total time for which application threads were stopped: 0.1141186 seconds, Stopping threads took: 0.1140485 seconds
[2019-12-09T01:51:22.848+0000][1][safepoint    ] Application time: 1.0078749 seconds
[2019-12-09T01:51:22.860+0000][1][safepoint    ] Entering safepoint region: Cleanup
[2019-12-09T01:51:22.860+0000][1][safepoint    ] Leaving safepoint region
[2019-12-09T01:51:22.860+0000][1][safepoint    ] Total time for which application threads were stopped: 0.0120373 seconds, Stopping threads took: 0.0119566 seconds
[2019-12-09T01:51:22.938+0000][1][safepoint    ] Application time: 0.0779075 seconds
[2019-12-09T01:51:22.938+0000][1][safepoint    ] Entering safepoint region: Deoptimize
[2019-12-09T01:51:22.938+0000][1][safepoint    ] Leaving safepoint region
[2019-12-09T01:51:22.938+0000][1][safepoint    ] Total time for which application threads were stopped: 0.0002237 seconds, Stopping threads took: 0.0000121 seconds
[2019-12-09T01:51:23.943+0000][1][safepoint    ] Application time: 1.0047224 seconds
[2019-12-09T01:51:24.023+0000][1][safepoint    ] Entering safepoint region: Cleanup
[2019-12-09T01:51:24.023+0000][1][safepoint    ] Leaving safepoint region
[2019-12-09T01:51:24.023+0000][1][safepoint    ] Total time for which application threads were stopped: 0.0802411 seconds, Stopping threads took: 0.0801622 seconds
[2019-12-09T01:51:24.101+0000][1][safepoint    ] Application time: 0.0776655 seconds
[2019-12-09T01:51:24.101+0000][1][safepoint    ] Entering safepoint region: Deoptimize
[2019-12-09T01:51:24.101+0000][1][safepoint    ] Leaving safepoint region
[2019-12-09T01:51:24.101+0000][1][safepoint    ] Total time for which application threads were stopped: 0.0002419 seconds, Stopping threads took: 0.0000131 seconds
[2019-12-09T01:51:24.113+0000][1][safepoint    ] Application time: 0.0118644 seconds
[2019-12-09T01:51:24.113+0000][1][safepoint    ] Entering safepoint region: Deoptimize
[2019-12-09T01:51:24.113+0000][1][safepoint    ] Leaving safepoint region
[2019-12-09T01:51:24.113+0000][1][safepoint    ] Total time for which application threads were stopped: 0.0002111 seconds, Stopping threads took: 0.0000101 seconds
[2019-12-09T01:51:24.319+0000][1][safepoint    ] Application time: 0.2056300 seconds
[2019-12-09T01:51:24.319+0000][1][safepoint    ] Entering safepoint region: Deoptimize
[2019-12-09T01:51:24.319+0000][1][safepoint    ] Leaving safepoint region
[2019-12-09T01:51:24.319+0000][1][safepoint    ] Total time for which application threads were stopped: 0.0002607 seconds, Stopping threads took: 0.0000120 seconds
[2019-12-09T01:51:24.439+0000][1][safepoint    ] Application time: 0.1197040 seconds
[2019-12-09T01:51:24.439+0000][1][safepoint    ] Entering safepoint region: RevokeBias
[2019-12-09T01:51:24.439+0000][1][safepoint    ] Leaving safepoint region
[2019-12-09T01:51:24.439+0000][1][safepoint    ] Total time for which application threads were stopped: 0.0000760 seconds, Stopping threads took: 0.0000150 seconds
[2019-12-09T01:51:24.458+0000][1][safepoint    ] Application time: 0.0188695 seconds
[2019-12-09T01:51:24.458+0000][1][safepoint    ] Entering safepoint region: RevokeBias
[2019-12-09T01:51:24.458+0000][1][safepoint    ] Leaving safepoint region
[2019-12-09T01:51:24.458+0000][1][safepoint    ] Total time for which application threads were stopped: 0.0000715 seconds, Stopping threads took: 0.0000130 seconds
[2019-12-09T01:51:24.470+0000][1][safepoint    ] Application time: 0.0119500 seconds
[2019-12-09T01:51:24.470+0000][1][safepoint    ] Entering safepoint region: RevokeBias
[2019-12-09T01:51:24.470+0000][1][safepoint    ] Leaving safepoint region
[2019-12-09T01:51:24.470+0000][1][safepoint    ] Total time for which application threads were stopped: 0.0000675 seconds, Stopping threads took: 0.0000119 seconds
[2019-12-09T01:51:24.470+0000][1][safepoint    ] Application time: 0.0001653 seconds
[2019-12-09T01:51:24.470+0000][1][safepoint    ] Entering safepoint region: RevokeBias
[2019-12-09T01:51:24.470+0000][1][safepoint    ] Leaving safepoint region
[2019-12-09T01:51:24.470+0000][1][safepoint    ] Total time for which application threads were stopped: 0.0000474 seconds, Stopping threads took: 0.0000079 seconds
[2019-12-09T01:51:25.473+0000][1][safepoint    ] Application time: 1.0026098 seconds
[2019-12-09T01:51:25.473+0000][1][safepoint    ] Entering safepoint region: Cleanup
[2019-12-09T01:51:25.473+0000][1][safepoint    ] Leaving safepoint region
[2019-12-09T01:51:25.473+0000][1][safepoint    ] Total time for which application threads were stopped: 0.0000757 seconds, Stopping threads took: 0.0000135 seconds
[2019-12-09T01:51:25.666+0000][1][safepoint    ] Application time: 0.1928814 seconds
[2019-12-09T01:51:25.666+0000][1][safepoint    ] Entering safepoint region: GenCollectForAllocation
[2019-12-09T01:51:25.666+0000][1][gc,start     ] GC(0) Pause Young (Allocation Failure)
[2019-12-09T01:51:25.678+0000][1][gc,task      ] GC(0) Using 2 workers of 2 for evacuation
[2019-12-09T01:51:25.809+0000][1][gc,age       ] GC(0) Desired survivor size 4456448 bytes, new threshold 1 (max threshold 6)
[2019-12-09T01:51:25.809+0000][1][gc,age       ] GC(0) Age table with threshold 1 (max threshold 6)
[2019-12-09T01:51:25.809+0000][1][gc,age       ] GC(0) - age   1:    6480344 bytes,    6480344 total
[2019-12-09T01:51:25.809+0000][1][gc,heap      ] GC(0) ParNew: 69952K->6374K(78656K)
[2019-12-09T01:51:25.809+0000][1][gc,heap      ] GC(0) CMS: 0K->0K(174784K)
[2019-12-09T01:51:25.809+0000][1][gc,metaspace ] GC(0) Metaspace: 12697K->12697K(1060864K)
[2019-12-09T01:51:25.809+0000][1][gc           ] GC(0) Pause Young (Allocation Failure) 68M->6M(247M) 143.286ms
[2019-12-09T01:51:25.809+0000][1][gc,cpu       ] GC(0) User=0.04s Sys=0.00s Real=0.14s
[2019-12-09T01:51:25.809+0000][1][safepoint    ] Leaving safepoint region
[2019-12-09T01:51:25.809+0000][1][safepoint    ] Total time for which application threads were stopped: 0.1434344 seconds, Stopping threads took: 0.0000149 seconds
[2019-12-09T01:51:25.825+0000][1][safepoint    ] Application time: 0.0161690 seconds
[2019-12-09T01:51:25.826+0000][1][safepoint    ] Entering safepoint region: RevokeBias
[2019-12-09T01:51:25.826+0000][1][safepoint    ] Leaving safepoint region
[2019-12-09T01:51:25.826+0000][1][safepoint    ] Total time for which application threads were stopped: 0.0004063 seconds, Stopping threads took: 0.0002829 seconds
[2019-12-09T01:51:25.826+0000][1][safepoint    ] Application time: 0.0001156 seconds
[2019-12-09T01:51:25.826+0000][1][safepoint    ] Entering safepoint region: RevokeBias
[2019-12-09T01:51:25.826+0000][1][safepoint    ] Leaving safepoint region
[2019-12-09T01:51:25.826+0000][1][safepoint    ] Total time for which application threads were stopped: 0.0000549 seconds, Stopping threads took: 0.0000088 seconds
[2019-12-09T01:51:25.826+0000][1][safepoint    ] Application time: 0.0000562 seconds
[2019-12-09T01:51:25.826+0000][1][safepoint    ] Entering safepoint region: RevokeBias
[2019-12-09T01:51:25.826+0000][1][safepoint    ] Leaving safepoint region
[2019-12-09T01:51:25.826+0000][1][safepoint    ] Total time for which application threads were stopped: 0.0000422 seconds, Stopping threads took: 0.0000073 seconds
[2019-12-09T01:51:25.826+0000][1][safepoint    ] Application time: 0.0000459 seconds
[2019-12-09T01:51:25.826+0000][1][safepoint    ] Entering safepoint region: RevokeBias
[2019-12-09T01:51:25.826+0000][1][safepoint    ] Leaving safepoint region
[2019-12-09T01:51:25.826+0000][1][safepoint    ] Total time for which application threads were stopped: 0.0000386 seconds, Stopping threads took: 0.0000071 seconds
[2019-12-09T01:51:25.826+0000][1][safepoint    ] Application time: 0.0000519 seconds
[2019-12-09T01:51:25.826+0000][1][safepoint    ] Entering safepoint region: RevokeBias
[2019-12-09T01:51:25.826+0000][1][safepoint    ] Leaving safepoint region
[2019-12-09T01:51:25.826+0000][1][safepoint    ] Total time for which application threads were stopped: 0.0000376 seconds, Stopping threads took: 0.0000073 seconds
[2019-12-09T01:51:25.826+0000][1][safepoint    ] Application time: 0.0000439 seconds
[2019-12-09T01:51:25.826+0000][1][safepoint    ] Entering safepoint region: RevokeBias
[2019-12-09T01:51:25.826+0000][1][safepoint    ] Leaving safepoint region
[2019-12-09T01:51:25.826+0000][1][safepoint    ] Total time for which application threads were stopped: 0.0000371 seconds, Stopping threads took: 0.0000071 seconds
[2019-12-09T01:51:25.826+0000][1][safepoint    ] Application time: 0.0000498 seconds
[2019-12-09T01:51:25.826+0000][1][safepoint    ] Entering safepoint region: RevokeBias
[2019-12-09T01:51:25.826+0000][1][safepoint    ] Leaving safepoint region
[2019-12-09T01:51:25.827+0000][1][safepoint    ] Total time for which application threads were stopped: 0.0000411 seconds, Stopping threads took: 0.0000072 seconds
[2019-12-09T01:51:25.827+0000][1][safepoint    ] Application time: 0.0000471 seconds
[2019-12-09T01:51:25.827+0000][1][safepoint    ] Entering safepoint region: RevokeBias
[2019-12-09T01:51:25.827+0000][1][safepoint    ] Leaving safepoint region
[2019-12-09T01:51:25.827+0000][1][safepoint    ] Total time for which application threads were stopped: 0.0000397 seconds, Stopping threads took: 0.0000070 seconds
[2019-12-09T01:51:25.827+0000][1][safepoint    ] Application time: 0.0000520 seconds
[2019-12-09T01:51:25.827+0000][1][safepoint    ] Entering safepoint region: RevokeBias
[2019-12-09T01:51:25.827+0000][1][safepoint    ] Leaving safepoint region
[2019-12-09T01:51:25.827+0000][1][safepoint    ] Total time for which application threads were stopped: 0.0000573 seconds, Stopping threads took: 0.0000229 seconds
[2019-12-09T01:51:25.827+0000][1][safepoint    ] Application time: 0.0000474 seconds
[2019-12-09T01:51:25.827+0000][1][safepoint    ] Entering safepoint region: RevokeBias
[2019-12-09T01:51:25.827+0000][1][safepoint    ] Leaving safepoint region
[2019-12-09T01:51:25.827+0000][1][safepoint    ] Total time for which application threads were stopped: 0.0000470 seconds, Stopping threads took: 0.0000139 seconds
[2019-12-09T01:51:25.827+0000][1][safepoint    ] Application time: 0.0000532 seconds
[2019-12-09T01:51:25.827+0000][1][safepoint    ] Entering safepoint region: RevokeBias
[2019-12-09T01:51:25.827+0000][1][safepoint    ] Leaving safepoint region
[2019-12-09T01:51:25.827+0000][1][safepoint    ] Total time for which application threads were stopped: 0.0000388 seconds, Stopping threads took: 0.0000074 seconds
[2019-12-09T01:51:25.827+0000][1][safepoint    ] Application time: 0.0000442 seconds
[2019-12-09T01:51:25.827+0000][1][safepoint    ] Entering safepoint region: RevokeBias
[2019-12-09T01:51:25.827+0000][1][safepoint    ] Leaving safepoint region
[2019-12-09T01:51:25.827+0000][1][safepoint    ] Total time for which application threads were stopped: 0.0000370 seconds, Stopping threads took: 0.0000068 seconds
[2019-12-09T01:51:25.827+0000][1][safepoint    ] Application time: 0.0000537 seconds
[2019-12-09T01:51:25.827+0000][1][safepoint    ] Entering safepoint region: RevokeBias
[2019-12-09T01:51:25.827+0000][1][safepoint    ] Leaving safepoint region
[2019-12-09T01:51:25.827+0000][1][safepoint    ] Total time for which application threads were stopped: 0.0000368 seconds, Stopping threads took: 0.0000069 seconds
[2019-12-09T01:51:25.827+0000][1][safepoint    ] Application time: 0.0000455 seconds
[2019-12-09T01:51:25.827+0000][1][safepoint    ] Entering safepoint region: RevokeBias
[2019-12-09T01:51:25.827+0000][1][safepoint    ] Leaving safepoint region
[2019-12-09T01:51:25.827+0000][1][safepoint    ] Total time for which application threads were stopped: 0.0000357 seconds, Stopping threads took: 0.0000066 seconds
[2019-12-09T01:51:25.827+0000][1][safepoint    ] Application time: 0.0000678 seconds
[2019-12-09T01:51:25.827+0000][1][safepoint    ] Entering safepoint region: RevokeBias
[2019-12-09T01:51:25.827+0000][1][safepoint    ] Leaving safepoint region
[2019-12-09T01:51:25.827+0000][1][safepoint    ] Total time for which application threads were stopped: 0.0000419 seconds, Stopping threads took: 0.0000082 seconds
[2019-12-09T01:51:25.827+0000][1][safepoint    ] Application time: 0.0000520 seconds
[2019-12-09T01:51:25.827+0000][1][safepoint    ] Entering safepoint region: RevokeBias
[2019-12-09T01:51:25.827+0000][1][safepoint    ] Leaving safepoint region
[2019-12-09T01:51:25.827+0000][1][safepoint    ] Total time for which application threads were stopped: 0.0000416 seconds, Stopping threads took: 0.0000082 seconds
[2019-12-09T01:51:25.828+0000][1][safepoint    ] Application time: 0.0000605 seconds
[2019-12-09T01:51:25.828+0000][1][safepoint    ] Entering safepoint region: RevokeBias
[2019-12-09T01:51:25.828+0000][1][safepoint    ] Leaving safepoint region
[2019-12-09T01:51:25.828+0000][1][safepoint    ] Total time for which application threads were stopped: 0.0000424 seconds, Stopping threads took: 0.0000081 seconds
[2019-12-09T01:51:25.828+0000][1][safepoint    ] Application time: 0.0000509 seconds
[2019-12-09T01:51:25.828+0000][1][safepoint    ] Entering safepoint region: RevokeBias
[2019-12-09T01:51:25.828+0000][1][safepoint    ] Leaving safepoint region
[2019-12-09T01:51:25.828+0000][1][safepoint    ] Total time for which application threads were stopped: 0.0000657 seconds, Stopping threads took: 0.0000082 seconds
[2019-12-09T01:51:25.828+0000][1][safepoint    ] Application time: 0.0000885 seconds
[2019-12-09T01:51:25.828+0000][1][safepoint    ] Entering safepoint region: RevokeBias
[2019-12-09T01:51:25.828+0000][1][safepoint    ] Leaving safepoint region
[2019-12-09T01:51:25.828+0000][1][safepoint    ] Total time for which application threads were stopped: 0.0000420 seconds, Stopping threads took: 0.0000078 seconds
[2019-12-09T01:51:25.828+0000][1][safepoint    ] Application time: 0.0000514 seconds
[2019-12-09T01:51:25.828+0000][1][safepoint    ] Entering safepoint region: RevokeBias
[2019-12-09T01:51:25.828+0000][1][safepoint    ] Leaving safepoint region
[2019-12-09T01:51:25.828+0000][1][safepoint    ] Total time for which application threads were stopped: 0.0000499 seconds, Stopping threads took: 0.0000152 seconds
[2019-12-09T01:51:25.828+0000][1][safepoint    ] Application time: 0.0000566 seconds
[2019-12-09T01:51:25.828+0000][1][safepoint    ] Entering safepoint region: RevokeBias
[2019-12-09T01:51:25.828+0000][1][safepoint    ] Leaving safepoint region
[2019-12-09T01:51:25.828+0000][1][safepoint    ] Total time for which application threads were stopped: 0.0000415 seconds, Stopping threads took: 0.0000083 seconds
[2019-12-09T01:51:25.828+0000][1][safepoint    ] Application time: 0.0000510 seconds
[2019-12-09T01:51:25.828+0000][1][safepoint    ] Entering safepoint region: RevokeBias
[2019-12-09T01:51:25.828+0000][1][safepoint    ] Leaving safepoint region
[2019-12-09T01:51:25.828+0000][1][safepoint    ] Total time for which application threads were stopped: 0.0000420 seconds, Stopping threads took: 0.0000081 seconds
[2019-12-09T01:51:25.828+0000][1][safepoint    ] Application time: 0.0000558 seconds
[2019-12-09T01:51:25.828+0000][1][safepoint    ] Entering safepoint region: RevokeBias
[2019-12-09T01:51:25.828+0000][1][safepoint    ] Leaving safepoint region
[2019-12-09T01:51:25.828+0000][1][safepoint    ] Total time for which application threads were stopped: 0.0000414 seconds, Stopping threads took: 0.0000084 seconds
[2019-12-09T01:51:25.828+0000][1][safepoint    ] Application time: 0.0000511 seconds
[2019-12-09T01:51:25.828+0000][1][safepoint    ] Entering safepoint region: RevokeBias
[2019-12-09T01:51:25.828+0000][1][safepoint    ] Leaving safepoint region
[2019-12-09T01:51:25.828+0000][1][safepoint    ] Total time for which application threads were stopped: 0.0000415 seconds, Stopping threads took: 0.0000084 seconds
[2019-12-09T01:51:25.829+0000][1][safepoint    ] Application time: 0.0000763 seconds
[2019-12-09T01:51:25.829+0000][1][safepoint    ] Entering safepoint region: RevokeBias
[2019-12-09T01:51:25.829+0000][1][safepoint    ] Leaving safepoint region
[2019-12-09T01:51:25.829+0000][1][safepoint    ] Total time for which application threads were stopped: 0.0000420 seconds, Stopping threads took: 0.0000085 seconds
[2019-12-09T01:51:25.829+0000][1][safepoint    ] Application time: 0.0000514 seconds
[2019-12-09T01:51:25.829+0000][1][safepoint    ] Entering safepoint region: RevokeBias
[2019-12-09T01:51:25.829+0000][1][safepoint    ] Leaving safepoint region
[2019-12-09T01:51:25.829+0000][1][safepoint    ] Total time for which application threads were stopped: 0.0000572 seconds, Stopping threads took: 0.0000080 seconds
[2019-12-09T01:51:25.829+0000][1][safepoint    ] Application time: 0.0003583 seconds
[2019-12-09T01:51:25.829+0000][1][safepoint    ] Entering safepoint region: RevokeBias
[2019-12-09T01:51:25.829+0000][1][safepoint    ] Leaving safepoint region
[2019-12-09T01:51:25.829+0000][1][safepoint    ] Total time for which application threads were stopped: 0.0000536 seconds, Stopping threads took: 0.0000093 seconds
[2019-12-09T01:51:25.829+0000][1][safepoint    ] Application time: 0.0000529 seconds
[2019-12-09T01:51:25.829+0000][1][safepoint    ] Entering safepoint region: RevokeBias
[2019-12-09T01:51:25.829+0000][1][safepoint    ] Leaving safepoint region
[2019-12-09T01:51:25.829+0000][1][safepoint    ] Total time for which application threads were stopped: 0.0000429 seconds, Stopping threads took: 0.0000082 seconds
[2019-12-09T01:51:25.829+0000][1][safepoint    ] Application time: 0.0000650 seconds
[2019-12-09T01:51:25.829+0000][1][safepoint    ] Entering safepoint region: RevokeBias
[2019-12-09T01:51:25.829+0000][1][safepoint    ] Leaving safepoint region
[2019-12-09T01:51:25.829+0000][1][safepoint    ] Total time for which application threads were stopped: 0.0000427 seconds, Stopping threads took: 0.0000082 seconds
[2019-12-09T01:51:25.829+0000][1][safepoint    ] Application time: 0.0000512 seconds
[2019-12-09T01:51:25.829+0000][1][safepoint    ] Entering safepoint region: RevokeBias
[2019-12-09T01:51:25.829+0000][1][safepoint    ] Leaving safepoint region
[2019-12-09T01:51:25.829+0000][1][safepoint    ] Total time for which application threads were stopped: 0.0000482 seconds, Stopping threads took: 0.0000141 seconds
[2019-12-09T01:51:25.930+0000][1][safepoint    ] Application time: 0.1008569 seconds
[2019-12-09T01:51:25.930+0000][1][safepoint    ] Entering safepoint region: RevokeBias
[2019-12-09T01:51:25.930+0000][1][safepoint    ] Leaving safepoint region
[2019-12-09T01:51:25.930+0000][1][safepoint    ] Total time for which application threads were stopped: 0.0001029 seconds, Stopping threads took: 0.0000131 seconds
[2019-12-09T01:51:26.931+0000][1][safepoint    ] Application time: 1.0001986 seconds
[2019-12-09T01:51:26.955+0000][1][safepoint    ] Entering safepoint region: Cleanup
[2019-12-09T01:51:26.955+0000][1][safepoint    ] Leaving safepoint region
[2019-12-09T01:51:26.955+0000][1][safepoint    ] Total time for which application threads were stopped: 0.0241483 seconds, Stopping threads took: 0.0241038 seconds
[2019-12-09T01:51:27.466+0000][1][safepoint    ] Application time: 0.5109452 seconds
[2019-12-09T01:51:27.466+0000][1][safepoint    ] Entering safepoint region: Deoptimize
[2019-12-09T01:51:27.466+0000][1][safepoint    ] Leaving safepoint region
[2019-12-09T01:51:27.466+0000][1][safepoint    ] Total time for which application threads were stopped: 0.0004093 seconds, Stopping threads took: 0.0000131 seconds
[2019-12-09T01:51:28.380+0000][1][safepoint    ] Application time: 0.9135828 seconds
[2019-12-09T01:51:28.380+0000][1][safepoint    ] Entering safepoint region: RevokeBias
[2019-12-09T01:51:28.380+0000][1][safepoint    ] Leaving safepoint region
[2019-12-09T01:51:28.380+0000][1][safepoint    ] Total time for which application threads were stopped: 0.0001392 seconds, Stopping threads took: 0.0000140 seconds
[2019-12-09T01:51:29.392+0000][1][safepoint    ] Application time: 1.0116615 seconds
[2019-12-09T01:51:29.447+0000][1][safepoint    ] Entering safepoint region: Cleanup
[2019-12-09T01:51:29.447+0000][1][safepoint    ] Leaving safepoint region
[2019-12-09T01:51:29.447+0000][1][safepoint    ] Total time for which application threads were stopped: 0.0552761 seconds, Stopping threads took: 0.0552045 seconds
[2019-12-09T01:51:30.164+0000][1][safepoint    ] Application time: 0.7172983 seconds
[2019-12-09T01:51:30.164+0000][1][safepoint    ] Entering safepoint region: GenCollectForAllocation
[2019-12-09T01:51:30.164+0000][1][gc,start     ] GC(1) Pause Young (Allocation Failure)
[2019-12-09T01:51:30.164+0000][1][gc,task      ] GC(1) Using 2 workers of 2 for evacuation
[2019-12-09T01:51:30.557+0000][1][gc,age       ] GC(1) Desired survivor size 4456448 bytes, new threshold 6 (max threshold 6)
[2019-12-09T01:51:30.557+0000][1][gc,age       ] GC(1) Age table with threshold 6 (max threshold 6)
[2019-12-09T01:51:30.557+0000][1][gc,age       ] GC(1) - age   1:    1356320 bytes,    1356320 total
[2019-12-09T01:51:30.557+0000][1][gc,heap      ] GC(1) ParNew: 76326K->4090K(78656K)
[2019-12-09T01:51:30.557+0000][1][gc,heap      ] GC(1) CMS: 0K->6823K(174784K)
[2019-12-09T01:51:30.557+0000][1][gc,metaspace ] GC(1) Metaspace: 14824K->14824K(1062912K)
[2019-12-09T01:51:30.557+0000][1][gc           ] GC(1) Pause Young (Allocation Failure) 74M->10M(247M) 392.584ms
[2019-12-09T01:51:30.557+0000][1][gc,cpu       ] GC(1) User=0.07s Sys=0.00s Real=0.40s
[2019-12-09T01:51:30.557+0000][1][safepoint    ] Leaving safepoint region
[2019-12-09T01:51:30.557+0000][1][safepoint    ] Total time for which application threads were stopped: 0.3927381 seconds, Stopping threads took: 0.0000141 seconds
[2019-12-09T01:51:30.580+0000][1][safepoint    ] Application time: 0.0226932 seconds
[2019-12-09T01:51:30.590+0000][1][safepoint    ] Entering safepoint region: BulkRevokeBias
[2019-12-09T01:51:30.590+0000][1][safepoint    ] Leaving safepoint region
[2019-12-09T01:51:30.590+0000][1][safepoint    ] Total time for which application threads were stopped: 0.0100392 seconds, Stopping threads took: 0.0099410 seconds
[2019-12-09T01:51:30.590+0000][1][safepoint    ] Application time: 0.0001352 seconds
[2019-12-09T01:51:30.590+0000][1][safepoint    ] Entering safepoint region: RevokeBias
[2019-12-09T01:51:30.590+0000][1][safepoint    ] Leaving safepoint region
[2019-12-09T01:51:30.590+0000][1][safepoint    ] Total time for which application threads were stopped: 0.0000355 seconds, Stopping threads took: 0.0000093 seconds
[2019-12-09T01:51:30.590+0000][1][safepoint    ] Application time: 0.0000601 seconds
[2019-12-09T01:51:30.590+0000][1][safepoint    ] Entering safepoint region: RevokeBias
[2019-12-09T01:51:30.590+0000][1][safepoint    ] Leaving safepoint region
[2019-12-09T01:51:30.590+0000][1][safepoint    ] Total time for which application threads were stopped: 0.0000281 seconds, Stopping threads took: 0.0000078 seconds
[2019-12-09T01:51:30.590+0000][1][safepoint    ] Application time: 0.0000498 seconds
[2019-12-09T01:51:30.590+0000][1][safepoint    ] Entering safepoint region: RevokeBias
[2019-12-09T01:51:30.590+0000][1][safepoint    ] Leaving safepoint region
[2019-12-09T01:51:30.590+0000][1][safepoint    ] Total time for which application threads were stopped: 0.0000282 seconds, Stopping threads took: 0.0000072 seconds
[2019-12-09T01:51:30.590+0000][1][safepoint    ] Application time: 0.0000622 seconds
[2019-12-09T01:51:30.590+0000][1][safepoint    ] Entering safepoint region: RevokeBias
[2019-12-09T01:51:30.590+0000][1][safepoint    ] Leaving safepoint region
[2019-12-09T01:51:30.590+0000][1][safepoint    ] Total time for which application threads were stopped: 0.0000306 seconds, Stopping threads took: 0.0000084 seconds
[2019-12-09T01:51:30.590+0000][1][safepoint    ] Application time: 0.0000498 seconds
[2019-12-09T01:51:30.590+0000][1][safepoint    ] Entering safepoint region: RevokeBias
[2019-12-09T01:51:30.590+0000][1][safepoint    ] Leaving safepoint region
[2019-12-09T01:51:30.590+0000][1][safepoint    ] Total time for which application threads were stopped: 0.0000305 seconds, Stopping threads took: 0.0000072 seconds
[2019-12-09T01:51:30.591+0000][1][safepoint    ] Application time: 0.0000549 seconds
[2019-12-09T01:51:30.591+0000][1][safepoint    ] Entering safepoint region: BulkRevokeBias
[2019-12-09T01:51:30.591+0000][1][safepoint    ] Leaving safepoint region
[2019-12-09T01:51:30.591+0000][1][safepoint    ] Total time for which application threads were stopped: 0.0000525 seconds, Stopping threads took: 0.0000075 seconds
[2019-12-09T01:51:30.591+0000][1][safepoint    ] Application time: 0.0000530 seconds
[2019-12-09T01:51:30.591+0000][1][safepoint    ] Entering safepoint region: RevokeBias
[2019-12-09T01:51:30.591+0000][1][safepoint    ] Leaving safepoint region
[2019-12-09T01:51:30.591+0000][1][safepoint    ] Total time for which application threads were stopped: 0.0000508 seconds, Stopping threads took: 0.0000204 seconds
[2019-12-09T01:51:30.591+0000][1][safepoint    ] Application time: 0.0001261 seconds
[2019-12-09T01:51:30.591+0000][1][safepoint    ] Entering safepoint region: BulkRevokeBias
[2019-12-09T01:51:30.591+0000][1][safepoint    ] Leaving safepoint region
[2019-12-09T01:51:30.591+0000][1][safepoint    ] Total time for which application threads were stopped: 0.0000573 seconds, Stopping threads took: 0.0000081 seconds
[2019-12-09T01:51:31.600+0000][1][safepoint    ] Application time: 1.0088002 seconds
[2019-12-09T01:51:31.641+0000][1][safepoint    ] Entering safepoint region: Cleanup
[2019-12-09T01:51:31.641+0000][1][safepoint    ] Leaving safepoint region
[2019-12-09T01:51:31.641+0000][1][safepoint    ] Total time for which application threads were stopped: 0.0410805 seconds, Stopping threads took: 0.0410067 seconds
[2019-12-09T01:51:31.926+0000][1][safepoint    ] Application time: 0.2851289 seconds
[2019-12-09T01:51:31.926+0000][1][safepoint    ] Entering safepoint region: RevokeBias
[2019-12-09T01:51:31.926+0000][1][safepoint    ] Leaving safepoint region
[2019-12-09T01:51:31.926+0000][1][safepoint    ] Total time for which application threads were stopped: 0.0001397 seconds, Stopping threads took: 0.0000144 seconds
[2019-12-09T01:51:31.962+0000][1][safepoint    ] Application time: 0.0355319 seconds
[2019-12-09T01:51:31.962+0000][1][safepoint    ] Entering safepoint region: RevokeBias
[2019-12-09T01:51:31.962+0000][1][safepoint    ] Leaving safepoint region
[2019-12-09T01:51:31.962+0000][1][safepoint    ] Total time for which application threads were stopped: 0.0000914 seconds, Stopping threads took: 0.0000148 seconds
[2019-12-09T01:51:32.954+0000][1][safepoint    ] Application time: 0.9920515 seconds
[2019-12-09T01:51:32.954+0000][1][safepoint    ] Entering safepoint region: Deoptimize
[2019-12-09T01:51:32.954+0000][1][safepoint    ] Leaving safepoint region
[2019-12-09T01:51:32.954+0000][1][safepoint    ] Total time for which application threads were stopped: 0.0003913 seconds, Stopping threads took: 0.0000122 seconds
[2019-12-09T01:51:32.955+0000][1][safepoint    ] Application time: 0.0005116 seconds
[2019-12-09T01:51:32.955+0000][1][safepoint    ] Entering safepoint region: Deoptimize
[2019-12-09T01:51:32.955+0000][1][safepoint    ] Leaving safepoint region
[2019-12-09T01:51:32.955+0000][1][safepoint    ] Total time for which application threads were stopped: 0.0003028 seconds, Stopping threads took: 0.0000110 seconds
[2019-12-09T01:51:33.441+0000][1][safepoint    ] Application time: 0.4855344 seconds
[2019-12-09T01:51:33.441+0000][1][safepoint    ] Entering safepoint region: GenCollectForAllocation
[2019-12-09T01:51:33.441+0000][1][gc,start     ] GC(2) Pause Young (Allocation Failure)
[2019-12-09T01:51:33.441+0000][1][gc,task      ] GC(2) Using 2 workers of 2 for evacuation
[2019-12-09T01:51:33.614+0000][1][gc,age       ] GC(2) Desired survivor size 4456448 bytes, new threshold 6 (max threshold 6)
[2019-12-09T01:51:33.614+0000][1][gc,age       ] GC(2) Age table with threshold 6 (max threshold 6)
[2019-12-09T01:51:33.614+0000][1][gc,age       ] GC(2) - age   1:    2713688 bytes,    2713688 total
[2019-12-09T01:51:33.614+0000][1][gc,age       ] GC(2) - age   2:    1104064 bytes,    3817752 total
[2019-12-09T01:51:33.614+0000][1][gc,heap      ] GC(2) ParNew: 74042K->4361K(78656K)
[2019-12-09T01:51:33.614+0000][1][gc,heap      ] GC(2) CMS: 6823K->6823K(174784K)
[2019-12-09T01:51:33.614+0000][1][gc,metaspace ] GC(2) Metaspace: 16982K->16982K(1064960K)
[2019-12-09T01:51:33.614+0000][1][gc           ] GC(2) Pause Young (Allocation Failure) 78M->10M(247M) 173.584ms
[2019-12-09T01:51:33.615+0000][1][gc,cpu       ] GC(2) User=0.05s Sys=0.00s Real=0.17s
[2019-12-09T01:51:33.615+0000][1][safepoint    ] Leaving safepoint region
[2019-12-09T01:51:33.615+0000][1][safepoint    ] Total time for which application threads were stopped: 0.1737935 seconds, Stopping threads took: 0.0000744 seconds
[2019-12-09T01:51:33.618+0000][1][safepoint    ] Application time: 0.0033483 seconds
[2019-12-09T01:51:33.632+0000][1][safepoint    ] Entering safepoint region: RevokeBias
[2019-12-09T01:51:33.632+0000][1][safepoint    ] Leaving safepoint region
[2019-12-09T01:51:33.632+0000][1][safepoint    ] Total time for which application threads were stopped: 0.0137278 seconds, Stopping threads took: 0.0136262 seconds
[2019-12-09T01:51:33.632+0000][1][safepoint    ] Application time: 0.0000673 seconds
[2019-12-09T01:51:33.632+0000][1][safepoint    ] Entering safepoint region: RevokeBias
[2019-12-09T01:51:33.632+0000][1][safepoint    ] Leaving safepoint region
[2019-12-09T01:51:33.632+0000][1][safepoint    ] Total time for which application threads were stopped: 0.0000824 seconds, Stopping threads took: 0.0000086 seconds
[2019-12-09T01:51:33.632+0000][1][safepoint    ] Application time: 0.0000641 seconds
[2019-12-09T01:51:33.632+0000][1][safepoint    ] Entering safepoint region: RevokeBias
[2019-12-09T01:51:33.632+0000][1][safepoint    ] Leaving safepoint region
[2019-12-09T01:51:33.632+0000][1][safepoint    ] Total time for which application threads were stopped: 0.0000651 seconds, Stopping threads took: 0.0000074 seconds
[2019-12-09T01:51:33.632+0000][1][safepoint    ] Application time: 0.0000458 seconds
[2019-12-09T01:51:33.632+0000][1][safepoint    ] Entering safepoint region: RevokeBias
[2019-12-09T01:51:33.632+0000][1][safepoint    ] Leaving safepoint region
[2019-12-09T01:51:33.632+0000][1][safepoint    ] Total time for which application threads were stopped: 0.0000715 seconds, Stopping threads took: 0.0000166 seconds
[2019-12-09T01:51:33.632+0000][1][safepoint    ] Application time: 0.0000518 seconds
[2019-12-09T01:51:33.632+0000][1][safepoint    ] Entering safepoint region: RevokeBias
[2019-12-09T01:51:33.632+0000][1][safepoint    ] Leaving safepoint region
[2019-12-09T01:51:33.632+0000][1][safepoint    ] Total time for which application threads were stopped: 0.0000577 seconds, Stopping threads took: 0.0000069 seconds
[2019-12-09T01:51:33.632+0000][1][safepoint    ] Application time: 0.0000440 seconds
[2019-12-09T01:51:33.632+0000][1][safepoint    ] Entering safepoint region: RevokeBias
[2019-12-09T01:51:33.632+0000][1][safepoint    ] Leaving safepoint region
[2019-12-09T01:51:33.632+0000][1][safepoint    ] Total time for which application threads were stopped: 0.0000577 seconds, Stopping threads took: 0.0000069 seconds
[2019-12-09T01:51:33.632+0000][1][safepoint    ] Application time: 0.0000476 seconds
[2019-12-09T01:51:33.632+0000][1][safepoint    ] Entering safepoint region: RevokeBias
[2019-12-09T01:51:33.632+0000][1][safepoint    ] Leaving safepoint region
[2019-12-09T01:51:33.632+0000][1][safepoint    ] Total time for which application threads were stopped: 0.0000580 seconds, Stopping threads took: 0.0000070 seconds
[2019-12-09T01:51:33.633+0000][1][safepoint    ] Application time: 0.0000440 seconds
[2019-12-09T01:51:33.633+0000][1][safepoint    ] Entering safepoint region: RevokeBias
[2019-12-09T01:51:33.633+0000][1][safepoint    ] Leaving safepoint region
[2019-12-09T01:51:33.633+0000][1][safepoint    ] Total time for which application threads were stopped: 0.0000607 seconds, Stopping threads took: 0.0000070 seconds
[2019-12-09T01:51:33.633+0000][1][safepoint    ] Application time: 0.0000494 seconds
[2019-12-09T01:51:33.633+0000][1][safepoint    ] Entering safepoint region: RevokeBias
[2019-12-09T01:51:33.633+0000][1][safepoint    ] Leaving safepoint region
[2019-12-09T01:51:33.633+0000][1][safepoint    ] Total time for which application threads were stopped: 0.0000889 seconds, Stopping threads took: 0.0000070 seconds
[2019-12-09T01:51:33.633+0000][1][safepoint    ] Application time: 0.0000470 seconds
[2019-12-09T01:51:33.633+0000][1][safepoint    ] Entering safepoint region: RevokeBias
[2019-12-09T01:51:33.633+0000][1][safepoint    ] Leaving safepoint region
[2019-12-09T01:51:33.633+0000][1][safepoint    ] Total time for which application threads were stopped: 0.0000644 seconds, Stopping threads took: 0.0000070 seconds
[2019-12-09T01:51:33.633+0000][1][safepoint    ] Application time: 0.0000498 seconds
[2019-12-09T01:51:33.633+0000][1][safepoint    ] Entering safepoint region: RevokeBias
[2019-12-09T01:51:33.633+0000][1][safepoint    ] Leaving safepoint region
[2019-12-09T01:51:33.633+0000][1][safepoint    ] Total time for which application threads were stopped: 0.0000613 seconds, Stopping threads took: 0.0000070 seconds
[2019-12-09T01:51:33.633+0000][1][safepoint    ] Application time: 0.0000444 seconds
[2019-12-09T01:51:33.633+0000][1][safepoint    ] Entering safepoint region: RevokeBias
[2019-12-09T01:51:33.633+0000][1][safepoint    ] Leaving safepoint region
[2019-12-09T01:51:33.633+0000][1][safepoint    ] Total time for which application threads were stopped: 0.0000568 seconds, Stopping threads took: 0.0000069 seconds
[2019-12-09T01:51:33.633+0000][1][safepoint    ] Application time: 0.0000492 seconds
[2019-12-09T01:51:33.633+0000][1][safepoint    ] Entering safepoint region: RevokeBias
[2019-12-09T01:51:33.633+0000][1][safepoint    ] Leaving safepoint region
[2019-12-09T01:51:33.633+0000][1][safepoint    ] Total time for which application threads were stopped: 0.0000545 seconds, Stopping threads took: 0.0000072 seconds
[2019-12-09T01:51:33.633+0000][1][safepoint    ] Application time: 0.0000452 seconds
[2019-12-09T01:51:33.633+0000][1][safepoint    ] Entering safepoint region: RevokeBias
[2019-12-09T01:51:33.633+0000][1][safepoint    ] Leaving safepoint region
[2019-12-09T01:51:33.633+0000][1][safepoint    ] Total time for which application threads were stopped: 0.0000658 seconds, Stopping threads took: 0.0000171 seconds
[2019-12-09T01:51:33.633+0000][1][safepoint    ] Application time: 0.0000549 seconds
[2019-12-09T01:51:33.633+0000][1][safepoint    ] Entering safepoint region: RevokeBias
[2019-12-09T01:51:33.633+0000][1][safepoint    ] Leaving safepoint region
[2019-12-09T01:51:33.633+0000][1][safepoint    ] Total time for which application threads were stopped: 0.0000591 seconds, Stopping threads took: 0.0000070 seconds
[2019-12-09T01:51:33.634+0000][1][safepoint    ] Application time: 0.0000454 seconds
[2019-12-09T01:51:33.634+0000][1][safepoint    ] Entering safepoint region: RevokeBias
[2019-12-09T01:51:33.634+0000][1][safepoint    ] Leaving safepoint region
[2019-12-09T01:51:33.634+0000][1][safepoint    ] Total time for which application threads were stopped: 0.0000570 seconds, Stopping threads took: 0.0000069 seconds
[2019-12-09T01:51:33.634+0000][1][safepoint    ] Application time: 0.0000517 seconds
[2019-12-09T01:51:33.634+0000][1][safepoint    ] Entering safepoint region: RevokeBias
[2019-12-09T01:51:33.634+0000][1][safepoint    ] Leaving safepoint region
[2019-12-09T01:51:33.634+0000][1][safepoint    ] Total time for which application threads were stopped: 0.0000780 seconds, Stopping threads took: 0.0000240 seconds
[2019-12-09T01:51:33.634+0000][1][safepoint    ] Application time: 0.0000573 seconds
[2019-12-09T01:51:33.634+0000][1][safepoint    ] Entering safepoint region: RevokeBias
[2019-12-09T01:51:33.634+0000][1][safepoint    ] Leaving safepoint region
[2019-12-09T01:51:33.634+0000][1][safepoint    ] Total time for which application threads were stopped: 0.0000601 seconds, Stopping threads took: 0.0000069 seconds
[2019-12-09T01:51:33.634+0000][1][safepoint    ] Application time: 0.0000533 seconds
[2019-12-09T01:51:33.634+0000][1][safepoint    ] Entering safepoint region: RevokeBias
[2019-12-09T01:51:33.634+0000][1][safepoint    ] Leaving safepoint region
[2019-12-09T01:51:33.634+0000][1][safepoint    ] Total time for which application threads were stopped: 0.0000610 seconds, Stopping threads took: 0.0000072 seconds
[2019-12-09T01:51:33.634+0000][1][safepoint    ] Application time: 0.0001430 seconds
[2019-12-09T01:51:33.634+0000][1][safepoint    ] Entering safepoint region: RevokeBias
[2019-12-09T01:51:33.634+0000][1][safepoint    ] Leaving safepoint region
[2019-12-09T01:51:33.634+0000][1][safepoint    ] Total time for which application threads were stopped: 0.0000598 seconds, Stopping threads took: 0.0000072 seconds
[2019-12-09T01:51:33.634+0000][1][safepoint    ] Application time: 0.0000466 seconds
[2019-12-09T01:51:33.634+0000][1][safepoint    ] Entering safepoint region: RevokeBias
[2019-12-09T01:51:33.634+0000][1][safepoint    ] Leaving safepoint region
[2019-12-09T01:51:33.634+0000][1][safepoint    ] Total time for which application threads were stopped: 0.0000583 seconds, Stopping threads took: 0.0000064 seconds
[2019-12-09T01:51:34.660+0000][1][safepoint    ] Application time: 1.0254960 seconds
[2019-12-09T01:51:34.660+0000][1][safepoint    ] Entering safepoint region: RevokeBias
[2019-12-09T01:51:34.660+0000][1][safepoint    ] Leaving safepoint region
[2019-12-09T01:51:34.660+0000][1][safepoint    ] Total time for which application threads were stopped: 0.0001442 seconds, Stopping threads took: 0.0000140 seconds
[2019-12-09T01:51:34.754+0000][1][safepoint    ] Application time: 0.0942443 seconds
[2019-12-09T01:51:34.754+0000][1][safepoint    ] Entering safepoint region: RevokeBias
[2019-12-09T01:51:34.754+0000][1][safepoint    ] Leaving safepoint region
[2019-12-09T01:51:34.754+0000][1][safepoint    ] Total time for which application threads were stopped: 0.0000834 seconds, Stopping threads took: 0.0000125 seconds
[2019-12-09T01:51:34.767+0000][1][safepoint    ] Application time: 0.0129900 seconds
[2019-12-09T01:51:34.767+0000][1][safepoint    ] Entering safepoint region: RevokeBias
[2019-12-09T01:51:34.768+0000][1][safepoint    ] Leaving safepoint region
[2019-12-09T01:51:34.768+0000][1][safepoint    ] Total time for which application threads were stopped: 0.0000922 seconds, Stopping threads took: 0.0000228 seconds
[2019-12-09T01:51:35.536+0000][1][safepoint    ] Application time: 0.7681926 seconds
[2019-12-09T01:51:35.536+0000][1][safepoint    ] Entering safepoint region: GenCollectForAllocation
[2019-12-09T01:51:35.536+0000][1][gc,start     ] GC(3) Pause Young (Allocation Failure)
[2019-12-09T01:51:35.536+0000][1][gc,task      ] GC(3) Using 2 workers of 2 for evacuation
[2019-12-09T01:51:35.674+0000][1][gc,age       ] GC(3) Desired survivor size 4456448 bytes, new threshold 2 (max threshold 6)
[2019-12-09T01:51:35.674+0000][1][gc,age       ] GC(3) Age table with threshold 2 (max threshold 6)
[2019-12-09T01:51:35.674+0000][1][gc,age       ] GC(3) - age   1:    3293488 bytes,    3293488 total
[2019-12-09T01:51:35.674+0000][1][gc,age       ] GC(3) - age   2:    2397712 bytes,    5691200 total
[2019-12-09T01:51:35.674+0000][1][gc,age       ] GC(3) - age   3:    1103936 bytes,    6795136 total
[2019-12-09T01:51:35.674+0000][1][gc,heap      ] GC(3) ParNew: 74313K->7279K(78656K)
[2019-12-09T01:51:35.674+0000][1][gc,heap      ] GC(3) CMS: 6823K->6823K(174784K)
[2019-12-09T01:51:35.674+0000][1][gc,metaspace ] GC(3) Metaspace: 18398K->18398K(1067008K)
[2019-12-09T01:51:35.674+0000][1][gc           ] GC(3) Pause Young (Allocation Failure) 79M->13M(247M) 137.809ms
[2019-12-09T01:51:35.674+0000][1][gc,cpu       ] GC(3) User=0.03s Sys=0.00s Real=0.13s
[2019-12-09T01:51:35.674+0000][1][safepoint    ] Leaving safepoint region
[2019-12-09T01:51:35.674+0000][1][safepoint    ] Total time for which application threads were stopped: 0.1379721 seconds, Stopping threads took: 0.0000158 seconds
[2019-12-09T01:51:35.679+0000][1][safepoint    ] Application time: 0.0049692 seconds
[2019-12-09T01:51:35.679+0000][1][safepoint    ] Entering safepoint region: BulkRevokeBias
[2019-12-09T01:51:35.679+0000][1][safepoint    ] Leaving safepoint region
[2019-12-09T01:51:35.679+0000][1][safepoint    ] Total time for which application threads were stopped: 0.0002632 seconds, Stopping threads took: 0.0000453 seconds
[2019-12-09T01:51:35.680+0000][1][safepoint    ] Application time: 0.0007243 seconds
[2019-12-09T01:51:35.680+0000][1][safepoint    ] Entering safepoint region: RevokeBias
[2019-12-09T01:51:35.680+0000][1][safepoint    ] Leaving safepoint region
[2019-12-09T01:51:35.680+0000][1][safepoint    ] Total time for which application threads were stopped: 0.0000918 seconds, Stopping threads took: 0.0000092 seconds
[2019-12-09T01:51:35.680+0000][1][safepoint    ] Application time: 0.0000630 seconds
[2019-12-09T01:51:35.680+0000][1][safepoint    ] Entering safepoint region: RevokeBias
[2019-12-09T01:51:35.680+0000][1][safepoint    ] Leaving safepoint region
[2019-12-09T01:51:35.680+0000][1][safepoint    ] Total time for which application threads were stopped: 0.0000691 seconds, Stopping threads took: 0.0000077 seconds
[2019-12-09T01:51:35.680+0000][1][safepoint    ] Application time: 0.0000455 seconds
[2019-12-09T01:51:35.680+0000][1][safepoint    ] Entering safepoint region: RevokeBias
[2019-12-09T01:51:35.680+0000][1][safepoint    ] Leaving safepoint region
[2019-12-09T01:51:35.680+0000][1][safepoint    ] Total time for which application threads were stopped: 0.0000623 seconds, Stopping threads took: 0.0000070 seconds
[2019-12-09T01:51:36.586+0000][1][safepoint    ] Application time: 0.9056902 seconds
[2019-12-09T01:51:36.586+0000][1][safepoint    ] Entering safepoint region: Deoptimize
[2019-12-09T01:51:36.586+0000][1][safepoint    ] Leaving safepoint region
[2019-12-09T01:51:36.586+0000][1][safepoint    ] Total time for which application threads were stopped: 0.0003862 seconds, Stopping threads took: 0.0000114 seconds
[2019-12-09T01:51:36.722+0000][1][safepoint    ] Application time: 0.1359656 seconds
[2019-12-09T01:51:36.722+0000][1][safepoint    ] Entering safepoint region: Deoptimize
[2019-12-09T01:51:36.723+0000][1][safepoint    ] Leaving safepoint region
[2019-12-09T01:51:36.723+0000][1][safepoint    ] Total time for which application threads were stopped: 0.0004087 seconds, Stopping threads took: 0.0000241 seconds
[2019-12-09T01:51:36.734+0000][1][safepoint    ] Application time: 0.0113471 seconds
[2019-12-09T01:51:36.734+0000][1][safepoint    ] Entering safepoint region: RevokeBias
[2019-12-09T01:51:36.734+0000][1][safepoint    ] Leaving safepoint region
[2019-12-09T01:51:36.734+0000][1][safepoint    ] Total time for which application threads were stopped: 0.0000691 seconds, Stopping threads took: 0.0000122 seconds
[2019-12-09T01:51:36.742+0000][1][safepoint    ] Application time: 0.0078461 seconds
[2019-12-09T01:51:36.742+0000][1][safepoint    ] Entering safepoint region: RevokeBias
[2019-12-09T01:51:36.742+0000][1][safepoint    ] Leaving safepoint region
[2019-12-09T01:51:36.742+0000][1][safepoint    ] Total time for which application threads were stopped: 0.0000635 seconds, Stopping threads took: 0.0000113 seconds
[2019-12-09T01:51:36.789+0000][1][safepoint    ] Application time: 0.0469977 seconds
[2019-12-09T01:51:36.789+0000][1][safepoint    ] Entering safepoint region: GenCollectForAllocation
[2019-12-09T01:51:36.789+0000][1][gc,start     ] GC(4) Pause Young (Allocation Failure)
[2019-12-09T01:51:36.789+0000][1][gc,task      ] GC(4) Using 2 workers of 2 for evacuation
[2019-12-09T01:51:36.971+0000][1][gc,age       ] GC(4) Desired survivor size 4456448 bytes, new threshold 6 (max threshold 6)
[2019-12-09T01:51:36.971+0000][1][gc,age       ] GC(4) Age table with threshold 6 (max threshold 6)
[2019-12-09T01:51:36.971+0000][1][gc,age       ] GC(4) - age   1:    2213176 bytes,    2213176 total
[2019-12-09T01:51:36.971+0000][1][gc,age       ] GC(4) - age   2:    1338248 bytes,    3551424 total
[2019-12-09T01:51:36.971+0000][1][gc,heap      ] GC(4) ParNew: 77231K->5699K(78656K)
[2019-12-09T01:51:36.971+0000][1][gc,heap      ] GC(4) CMS: 6823K->10320K(174784K)
[2019-12-09T01:51:36.971+0000][1][gc,metaspace ] GC(4) Metaspace: 18772K->18772K(1067008K)
[2019-12-09T01:51:36.971+0000][1][gc           ] GC(4) Pause Young (Allocation Failure) 82M->15M(247M) 182.279ms
[2019-12-09T01:51:36.971+0000][1][gc,cpu       ] GC(4) User=0.03s Sys=0.00s Real=0.18s
[2019-12-09T01:51:36.971+0000][1][safepoint    ] Leaving safepoint region
[2019-12-09T01:51:36.971+0000][1][safepoint    ] Total time for which application threads were stopped: 0.1824024 seconds, Stopping threads took: 0.0000130 seconds
[2019-12-09T01:51:37.009+0000][1][safepoint    ] Application time: 0.0373105 seconds
[2019-12-09T01:51:37.124+0000][1][safepoint    ] Entering safepoint region: RevokeBias
[2019-12-09T01:51:37.124+0000][1][safepoint    ] Leaving safepoint region
[2019-12-09T01:51:37.124+0000][1][safepoint    ] Total time for which application threads were stopped: 0.1149960 seconds, Stopping threads took: 0.1149001 seconds
[2019-12-09T01:51:37.124+0000][1][safepoint    ] Application time: 0.0000792 seconds
[2019-12-09T01:51:37.124+0000][1][safepoint    ] Entering safepoint region: RevokeBias
[2019-12-09T01:51:37.124+0000][1][safepoint    ] Leaving safepoint region
[2019-12-09T01:51:37.124+0000][1][safepoint    ] Total time for which application threads were stopped: 0.0000549 seconds, Stopping threads took: 0.0000097 seconds
[2019-12-09T01:51:37.124+0000][1][safepoint    ] Application time: 0.0000770 seconds
[2019-12-09T01:51:37.124+0000][1][safepoint    ] Entering safepoint region: RevokeBias
[2019-12-09T01:51:37.124+0000][1][safepoint    ] Leaving safepoint region
[2019-12-09T01:51:37.124+0000][1][safepoint    ] Total time for which application threads were stopped: 0.0000528 seconds, Stopping threads took: 0.0000089 seconds
[2019-12-09T01:51:37.124+0000][1][safepoint    ] Application time: 0.0000542 seconds
[2019-12-09T01:51:37.124+0000][1][safepoint    ] Entering safepoint region: RevokeBias
[2019-12-09T01:51:37.124+0000][1][safepoint    ] Leaving safepoint region
[2019-12-09T01:51:37.124+0000][1][safepoint    ] Total time for which application threads were stopped: 0.0000540 seconds, Stopping threads took: 0.0000087 seconds
[2019-12-09T01:51:37.124+0000][1][safepoint    ] Application time: 0.0000723 seconds
[2019-12-09T01:51:37.124+0000][1][safepoint    ] Entering safepoint region: RevokeBias
[2019-12-09T01:51:37.124+0000][1][safepoint    ] Leaving safepoint region
[2019-12-09T01:51:37.124+0000][1][safepoint    ] Total time for which application threads were stopped: 0.0000465 seconds, Stopping threads took: 0.0000076 seconds
[2019-12-09T01:51:37.124+0000][1][safepoint    ] Application time: 0.0000454 seconds
[2019-12-09T01:51:37.124+0000][1][safepoint    ] Entering safepoint region: RevokeBias
[2019-12-09T01:51:37.125+0000][1][safepoint    ] Leaving safepoint region
[2019-12-09T01:51:37.125+0000][1][safepoint    ] Total time for which application threads were stopped: 0.0000441 seconds, Stopping threads took: 0.0000072 seconds
[2019-12-09T01:51:37.125+0000][1][safepoint    ] Application time: 0.0000499 seconds
[2019-12-09T01:51:37.125+0000][1][safepoint    ] Entering safepoint region: RevokeBias
[2019-12-09T01:51:37.125+0000][1][safepoint    ] Leaving safepoint region
[2019-12-09T01:51:37.125+0000][1][safepoint    ] Total time for which application threads were stopped: 0.0000421 seconds, Stopping threads took: 0.0000068 seconds
[2019-12-09T01:51:37.125+0000][1][safepoint    ] Application time: 0.0000431 seconds
[2019-12-09T01:51:37.125+0000][1][safepoint    ] Entering safepoint region: RevokeBias
[2019-12-09T01:51:37.125+0000][1][safepoint    ] Leaving safepoint region
[2019-12-09T01:51:37.125+0000][1][safepoint    ] Total time for which application threads were stopped: 0.0000444 seconds, Stopping threads took: 0.0000074 seconds
[2019-12-09T01:51:38.387+0000][1][safepoint    ] Application time: 1.2622179 seconds
[2019-12-09T01:51:38.387+0000][1][safepoint    ] Entering safepoint region: GenCollectForAllocation
[2019-12-09T01:51:38.387+0000][1][gc,start     ] GC(5) Pause Young (Allocation Failure)
[2019-12-09T01:51:38.387+0000][1][gc,task      ] GC(5) Using 2 workers of 2 for evacuation
[2019-12-09T01:51:38.434+0000][1][gc,age       ] GC(5) Desired survivor size 4456448 bytes, new threshold 6 (max threshold 6)
[2019-12-09T01:51:38.434+0000][1][gc,age       ] GC(5) Age table with threshold 6 (max threshold 6)
[2019-12-09T01:51:38.434+0000][1][gc,age       ] GC(5) - age   1:    1228488 bytes,    1228488 total
[2019-12-09T01:51:38.434+0000][1][gc,age       ] GC(5) - age   2:    1866456 bytes,    3094944 total
[2019-12-09T01:51:38.434+0000][1][gc,age       ] GC(5) - age   3:    1337440 bytes,    4432384 total
[2019-12-09T01:51:38.434+0000][1][gc,heap      ] GC(5) ParNew: 75651K->6039K(78656K)
[2019-12-09T01:51:38.434+0000][1][gc,heap      ] GC(5) CMS: 10320K->10320K(174784K)
[2019-12-09T01:51:38.434+0000][1][gc,metaspace ] GC(5) Metaspace: 18989K->18989K(1067008K)
[2019-12-09T01:51:38.434+0000][1][gc           ] GC(5) Pause Young (Allocation Failure) 83M->15M(247M) 47.314ms
[2019-12-09T01:51:38.434+0000][1][gc,cpu       ] GC(5) User=0.01s Sys=0.00s Real=0.04s
[2019-12-09T01:51:38.434+0000][1][safepoint    ] Leaving safepoint region
[2019-12-09T01:51:38.434+0000][1][safepoint    ] Total time for which application threads were stopped: 0.0474914 seconds, Stopping threads took: 0.0000534 seconds
[2019-12-09T01:51:38.437+0000][1][safepoint    ] Application time: 0.0023538 seconds
[2019-12-09T01:51:38.437+0000][1][safepoint    ] Entering safepoint region: RevokeBias
[2019-12-09T01:51:38.437+0000][1][safepoint    ] Leaving safepoint region
[2019-12-09T01:51:38.437+0000][1][safepoint    ] Total time for which application threads were stopped: 0.0001126 seconds, Stopping threads took: 0.0000417 seconds
[2019-12-09T01:51:38.437+0000][1][safepoint    ] Application time: 0.0000872 seconds
[2019-12-09T01:51:38.437+0000][1][safepoint    ] Entering safepoint region: RevokeBias
[2019-12-09T01:51:38.437+0000][1][safepoint    ] Leaving safepoint region
[2019-12-09T01:51:38.437+0000][1][safepoint    ] Total time for which application threads were stopped: 0.0000567 seconds, Stopping threads took: 0.0000087 seconds
[2019-12-09T01:51:38.437+0000][1][safepoint    ] Application time: 0.0000771 seconds
[2019-12-09T01:51:38.437+0000][1][safepoint    ] Entering safepoint region: RevokeBias
[2019-12-09T01:51:38.437+0000][1][safepoint    ] Leaving safepoint region
[2019-12-09T01:51:38.437+0000][1][safepoint    ] Total time for which application threads were stopped: 0.0000617 seconds, Stopping threads took: 0.0000091 seconds
[2019-12-09T01:51:38.437+0000][1][safepoint    ] Application time: 0.0000629 seconds
[2019-12-09T01:51:38.437+0000][1][safepoint    ] Entering safepoint region: RevokeBias
[2019-12-09T01:51:38.437+0000][1][safepoint    ] Leaving safepoint region
[2019-12-09T01:51:38.437+0000][1][safepoint    ] Total time for which application threads were stopped: 0.0000908 seconds, Stopping threads took: 0.0000159 seconds
[2019-12-09T01:51:38.438+0000][1][safepoint    ] Application time: 0.0000913 seconds
[2019-12-09T01:51:38.438+0000][1][safepoint    ] Entering safepoint region: RevokeBias
[2019-12-09T01:51:38.438+0000][1][safepoint    ] Leaving safepoint region
[2019-12-09T01:51:38.438+0000][1][safepoint    ] Total time for which application threads were stopped: 0.0000923 seconds, Stopping threads took: 0.0000093 seconds
[2019-12-09T01:51:38.438+0000][1][safepoint    ] Application time: 0.0000692 seconds
[2019-12-09T01:51:38.438+0000][1][safepoint    ] Entering safepoint region: BulkRevokeBias
[2019-12-09T01:51:38.438+0000][1][safepoint    ] Leaving safepoint region
[2019-12-09T01:51:38.438+0000][1][safepoint    ] Total time for which application threads were stopped: 0.0001507 seconds, Stopping threads took: 0.0000089 seconds
[2019-12-09T01:51:38.619+0000][1][safepoint    ] Application time: 0.1807887 seconds
[2019-12-09T01:51:38.619+0000][1][safepoint    ] Entering safepoint region: BulkRevokeBias
[2019-12-09T01:51:38.619+0000][1][safepoint    ] Leaving safepoint region
[2019-12-09T01:51:38.619+0000][1][safepoint    ] Total time for which application threads were stopped: 0.0001479 seconds, Stopping threads took: 0.0000140 seconds
[2019-12-09T01:51:39.690+0000][1][safepoint    ] Application time: 1.0707815 seconds
[2019-12-09T01:51:39.816+0000][1][safepoint    ] Entering safepoint region: Cleanup
[2019-12-09T01:51:39.816+0000][1][safepoint    ] Leaving safepoint region
[2019-12-09T01:51:39.816+0000][1][safepoint    ] Total time for which application threads were stopped: 0.1261371 seconds, Stopping threads took: 0.1260845 seconds
[2019-12-09T01:51:39.826+0000][1][safepoint    ] Application time: 0.0099947 seconds
[2019-12-09T01:51:39.826+0000][1][safepoint    ] Entering safepoint region: GenCollectForAllocation
[2019-12-09T01:51:39.826+0000][1][gc,start     ] GC(6) Pause Young (Allocation Failure)
[2019-12-09T01:51:39.826+0000][1][gc,task      ] GC(6) Using 2 workers of 2 for evacuation
[2019-12-09T01:51:39.978+0000][1][gc,age       ] GC(6) Desired survivor size 4456448 bytes, new threshold 4 (max threshold 6)
[2019-12-09T01:51:39.978+0000][1][gc,age       ] GC(6) Age table with threshold 4 (max threshold 6)
[2019-12-09T01:51:39.978+0000][1][gc,age       ] GC(6) - age   1:    1627032 bytes,    1627032 total
[2019-12-09T01:51:39.978+0000][1][gc,age       ] GC(6) - age   2:     861760 bytes,    2488792 total
[2019-12-09T01:51:39.978+0000][1][gc,age       ] GC(6) - age   3:    1866432 bytes,    4355224 total
[2019-12-09T01:51:39.978+0000][1][gc,age       ] GC(6) - age   4:    1337440 bytes,    5692664 total
[2019-12-09T01:51:39.978+0000][1][gc,heap      ] GC(6) ParNew: 75991K->6379K(78656K)
[2019-12-09T01:51:39.978+0000][1][gc,heap      ] GC(6) CMS: 10320K->10320K(174784K)
[2019-12-09T01:51:39.978+0000][1][gc,metaspace ] GC(6) Metaspace: 19513K->19513K(1067008K)
[2019-12-09T01:51:39.978+0000][1][gc           ] GC(6) Pause Young (Allocation Failure) 84M->16M(247M) 151.941ms
[2019-12-09T01:51:39.978+0000][1][gc,cpu       ] GC(6) User=0.02s Sys=0.01s Real=0.15s
[2019-12-09T01:51:39.978+0000][1][safepoint    ] Leaving safepoint region
[2019-12-09T01:51:39.978+0000][1][safepoint    ] Total time for which application threads were stopped: 0.1520665 seconds, Stopping threads took: 0.0000134 seconds
[2019-12-09T01:51:40.795+0000][1][safepoint    ] Application time: 0.8166990 seconds
[2019-12-09T01:51:40.795+0000][1][safepoint    ] Entering safepoint region: CollectForMetadataAllocation
[2019-12-09T01:51:40.795+0000][1][safepoint    ] Leaving safepoint region
[2019-12-09T01:51:40.795+0000][1][safepoint    ] Total time for which application threads were stopped: 0.0002452 seconds, Stopping threads took: 0.0000146 seconds
[2019-12-09T01:51:41.025+0000][1][safepoint    ] Application time: 0.2297196 seconds
[2019-12-09T01:51:41.025+0000][1][safepoint    ] Entering safepoint region: CollectForMetadataAllocation
[2019-12-09T01:51:41.025+0000][1][safepoint    ] Leaving safepoint region
[2019-12-09T01:51:41.025+0000][1][safepoint    ] Total time for which application threads were stopped: 0.0002480 seconds, Stopping threads took: 0.0000155 seconds
[2019-12-09T01:51:41.690+0000][1][safepoint    ] Application time: 0.6646906 seconds
[2019-12-09T01:51:41.690+0000][1][safepoint    ] Entering safepoint region: GenCollectForAllocation
[2019-12-09T01:51:41.690+0000][1][gc,start     ] GC(7) Pause Young (Allocation Failure)
[2019-12-09T01:51:41.690+0000][1][gc,task      ] GC(7) Using 2 workers of 2 for evacuation
[2019-12-09T01:51:41.836+0000][1][gc,age       ] GC(7) Desired survivor size 4456448 bytes, new threshold 4 (max threshold 6)
[2019-12-09T01:51:41.836+0000][1][gc,age       ] GC(7) Age table with threshold 4 (max threshold 6)
[2019-12-09T01:51:41.836+0000][1][gc,age       ] GC(7) - age   1:    1540312 bytes,    1540312 total
[2019-12-09T01:51:41.836+0000][1][gc,age       ] GC(7) - age   2:    1389208 bytes,    2929520 total
[2019-12-09T01:51:41.836+0000][1][gc,age       ] GC(7) - age   3:     861760 bytes,    3791280 total
[2019-12-09T01:51:41.836+0000][1][gc,age       ] GC(7) - age   4:    1864240 bytes,    5655520 total
[2019-12-09T01:51:41.836+0000][1][gc,heap      ] GC(7) ParNew: 76331K->7848K(78656K)
[2019-12-09T01:51:41.836+0000][1][gc,heap      ] GC(7) CMS: 10320K->11641K(174784K)
[2019-12-09T01:51:41.836+0000][1][gc,metaspace ] GC(7) Metaspace: 20319K->20319K(1069056K)
[2019-12-09T01:51:41.836+0000][1][gc           ] GC(7) Pause Young (Allocation Failure) 84M->19M(247M) 146.442ms
[2019-12-09T01:51:41.836+0000][1][gc,cpu       ] GC(7) User=0.04s Sys=0.00s Real=0.15s
[2019-12-09T01:51:41.836+0000][1][safepoint    ] Leaving safepoint region
[2019-12-09T01:51:41.836+0000][1][safepoint    ] Total time for which application threads were stopped: 0.1465800 seconds, Stopping threads took: 0.0000127 seconds
[2019-12-09T01:51:41.838+0000][1][safepoint    ] Application time: 0.0015115 seconds
[2019-12-09T01:51:41.838+0000][1][safepoint    ] Entering safepoint region: CMS_Initial_Mark
[2019-12-09T01:51:41.838+0000][1][gc,start     ] GC(8) Pause Initial Mark
[2019-12-09T01:51:41.842+0000][1][gc           ] GC(8) Pause Initial Mark 20M->20M(247M) 3.630ms
[2019-12-09T01:51:41.842+0000][1][gc,cpu       ] GC(8) User=0.00s Sys=0.00s Real=0.00s
[2019-12-09T01:51:41.842+0000][1][safepoint    ] Leaving safepoint region
[2019-12-09T01:51:41.842+0000][1][safepoint    ] Total time for which application threads were stopped: 0.0037317 seconds, Stopping threads took: 0.0000132 seconds
[2019-12-09T01:51:41.842+0000][1][gc           ] GC(8) Concurrent Mark
[2019-12-09T01:51:41.923+0000][1][gc           ] GC(8) Concurrent Mark 81.392ms
[2019-12-09T01:51:41.923+0000][1][gc,cpu       ] GC(8) User=0.03s Sys=0.00s Real=0.08s
[2019-12-09T01:51:41.923+0000][1][gc           ] GC(8) Concurrent Preclean
[2019-12-09T01:51:41.924+0000][1][gc           ] GC(8) Concurrent Preclean 0.502ms
[2019-12-09T01:51:41.924+0000][1][gc,cpu       ] GC(8) User=0.00s Sys=0.00s Real=0.00s
[2019-12-09T01:51:41.924+0000][1][gc           ] GC(8) Concurrent Abortable Preclean
[2019-12-09T01:51:43.071+0000][1][safepoint    ] Application time: 1.2291172 seconds
[2019-12-09T01:51:43.071+0000][1][safepoint    ] Entering safepoint region: GenCollectForAllocation
[2019-12-09T01:51:43.071+0000][1][gc,start     ] GC(9) Pause Young (Allocation Failure)
[2019-12-09T01:51:43.071+0000][1][gc,task      ] GC(9) Using 2 workers of 2 for evacuation
[2019-12-09T01:51:43.214+0000][1][gc,age       ] GC(9) Desired survivor size 4456448 bytes, new threshold 6 (max threshold 6)
[2019-12-09T01:51:43.214+0000][1][gc,age       ] GC(9) Age table with threshold 6 (max threshold 6)
[2019-12-09T01:51:43.214+0000][1][gc,age       ] GC(9) - age   1:     371440 bytes,     371440 total
[2019-12-09T01:51:43.214+0000][1][gc,age       ] GC(9) - age   2:     656464 bytes,    1027904 total
[2019-12-09T01:51:43.214+0000][1][gc,age       ] GC(9) - age   3:    1389104 bytes,    2417008 total
[2019-12-09T01:51:43.214+0000][1][gc,age       ] GC(9) - age   4:     861760 bytes,    3278768 total
[2019-12-09T01:51:43.214+0000][1][gc,heap      ] GC(9) ParNew: 77800K->5450K(78656K)
[2019-12-09T01:51:43.214+0000][1][gc,heap      ] GC(9) CMS: 11641K->13475K(174784K)
[2019-12-09T01:51:43.214+0000][1][gc,metaspace ] GC(9) Metaspace: 20442K->20442K(1069056K)
[2019-12-09T01:51:43.214+0000][1][gc           ] GC(9) Pause Young (Allocation Failure) 87M->18M(247M) 143.101ms
[2019-12-09T01:51:43.214+0000][1][gc,cpu       ] GC(9) User=0.02s Sys=0.00s Real=0.14s
[2019-12-09T01:51:43.214+0000][1][safepoint    ] Leaving safepoint region
[2019-12-09T01:51:43.214+0000][1][safepoint    ] Total time for which application threads were stopped: 0.1432259 seconds, Stopping threads took: 0.0000145 seconds
[2019-12-09T01:51:43.969+0000][1][gc           ] GC(8) Concurrent Abortable Preclean 2045.068ms
[2019-12-09T01:51:43.969+0000][1][gc,cpu       ] GC(8) User=0.60s Sys=0.01s Real=2.05s
[2019-12-09T01:51:43.969+0000][1][safepoint    ] Application time: 0.7547765 seconds
[2019-12-09T01:51:44.015+0000][1][safepoint    ] Entering safepoint region: CMS_Final_Remark
[2019-12-09T01:51:44.015+0000][1][gc,start     ] GC(8) Pause Remark
[2019-12-09T01:51:44.097+0000][1][gc           ] GC(8) Pause Remark 64M->64M(247M) 82.057ms
[2019-12-09T01:51:44.097+0000][1][gc,cpu       ] GC(8) User=0.03s Sys=0.00s Real=0.08s
[2019-12-09T01:51:44.097+0000][1][safepoint    ] Leaving safepoint region
[2019-12-09T01:51:44.097+0000][1][safepoint    ] Total time for which application threads were stopped: 0.1285493 seconds, Stopping threads took: 0.0463626 seconds
[2019-12-09T01:51:44.100+0000][1][gc           ] GC(8) Concurrent Sweep
[2019-12-09T01:51:44.175+0000][1][gc           ] GC(8) Concurrent Sweep 75.780ms
[2019-12-09T01:51:44.175+0000][1][gc,cpu       ] GC(8) User=0.02s Sys=0.01s Real=0.08s
[2019-12-09T01:51:44.175+0000][1][gc           ] GC(8) Concurrent Reset
[2019-12-09T01:51:44.176+0000][1][gc           ] GC(8) Concurrent Reset 0.360ms
[2019-12-09T01:51:44.176+0000][1][gc,cpu       ] GC(8) User=0.01s Sys=0.00s Real=0.00s
[2019-12-09T01:51:44.176+0000][1][gc,heap      ] GC(8) Old: 11641K->13446K(174784K)
[2019-12-09T01:51:44.432+0000][1][safepoint    ] Application time: 0.3342141 seconds
[2019-12-09T01:51:44.432+0000][1][safepoint    ] Entering safepoint region: GenCollectForAllocation
[2019-12-09T01:51:44.432+0000][1][gc,start     ] GC(10) Pause Young (Allocation Failure)
[2019-12-09T01:51:44.432+0000][1][gc,task      ] GC(10) Using 2 workers of 2 for evacuation
[2019-12-09T01:51:44.524+0000][1][gc,age       ] GC(10) Desired survivor size 4456448 bytes, new threshold 5 (max threshold 6)
[2019-12-09T01:51:44.524+0000][1][gc,age       ] GC(10) Age table with threshold 5 (max threshold 6)
[2019-12-09T01:51:44.524+0000][1][gc,age       ] GC(10) - age   1:    1980968 bytes,    1980968 total
[2019-12-09T01:51:44.524+0000][1][gc,age       ] GC(10) - age   2:     131368 bytes,    2112336 total
[2019-12-09T01:51:44.524+0000][1][gc,age       ] GC(10) - age   3:     656416 bytes,    2768752 total
[2019-12-09T01:51:44.524+0000][1][gc,age       ] GC(10) - age   4:    1389104 bytes,    4157856 total
[2019-12-09T01:51:44.524+0000][1][gc,age       ] GC(10) - age   5:     861416 bytes,    5019272 total
[2019-12-09T01:51:44.524+0000][1][gc,heap      ] GC(10) ParNew: 75402K->5553K(78656K)
[2019-12-09T01:51:44.524+0000][1][gc,heap      ] GC(10) CMS: 13446K->13446K(174784K)
[2019-12-09T01:51:44.524+0000][1][gc,metaspace ] GC(10) Metaspace: 20525K->20525K(1069056K)
[2019-12-09T01:51:44.524+0000][1][gc           ] GC(10) Pause Young (Allocation Failure) 86M->18M(247M) 91.934ms
[2019-12-09T01:51:44.524+0000][1][gc,cpu       ] GC(10) User=0.01s Sys=0.00s Real=0.09s
[2019-12-09T01:51:44.524+0000][1][safepoint    ] Leaving safepoint region
[2019-12-09T01:51:44.524+0000][1][safepoint    ] Total time for which application threads were stopped: 0.0924514 seconds, Stopping threads took: 0.0000145 seconds
[2019-12-09T01:51:45.042+0000][1][safepoint    ] Application time: 0.5179708 seconds
[2019-12-09T01:51:45.042+0000][1][safepoint    ] Entering safepoint region: Deoptimize
[2019-12-09T01:51:45.042+0000][1][safepoint    ] Leaving safepoint region
[2019-12-09T01:51:45.042+0000][1][safepoint    ] Total time for which application threads were stopped: 0.0004086 seconds, Stopping threads took: 0.0000136 seconds
[2019-12-09T01:51:46.058+0000][1][safepoint    ] Application time: 1.0152240 seconds
[2019-12-09T01:51:46.058+0000][1][safepoint    ] Entering safepoint region: Cleanup
[2019-12-09T01:51:46.058+0000][1][safepoint    ] Leaving safepoint region
[2019-12-09T01:51:46.058+0000][1][safepoint    ] Total time for which application threads were stopped: 0.0002012 seconds, Stopping threads took: 0.0001479 seconds
[2019-12-09T01:51:47.059+0000][1][safepoint    ] Application time: 1.0007918 seconds
[2019-12-09T01:51:47.088+0000][1][safepoint    ] Entering safepoint region: Cleanup
[2019-12-09T01:51:47.088+0000][1][safepoint    ] Leaving safepoint region
[2019-12-09T01:51:47.088+0000][1][safepoint    ] Total time for which application threads were stopped: 0.0291758 seconds, Stopping threads took: 0.0289677 seconds
[2019-12-09T01:51:48.038+0000][1][safepoint    ] Application time: 0.9499728 seconds
[2019-12-09T01:51:48.038+0000][1][safepoint    ] Entering safepoint region: Deoptimize
[2019-12-09T01:51:48.038+0000][1][safepoint    ] Leaving safepoint region
[2019-12-09T01:51:48.038+0000][1][safepoint    ] Total time for which application threads were stopped: 0.0004183 seconds, Stopping threads took: 0.0000139 seconds
[2019-12-09T01:51:48.461+0000][1][safepoint    ] Application time: 0.4224148 seconds
[2019-12-09T01:51:48.461+0000][1][safepoint    ] Entering safepoint region: RevokeBias
[2019-12-09T01:51:48.461+0000][1][safepoint    ] Leaving safepoint region
[2019-12-09T01:51:48.461+0000][1][safepoint    ] Total time for which application threads were stopped: 0.0000653 seconds, Stopping threads took: 0.0000135 seconds
[2019-12-09T01:51:48.481+0000][1][safepoint    ] Application time: 0.0198610 seconds
[2019-12-09T01:51:48.481+0000][1][safepoint    ] Entering safepoint region: RevokeBias
[2019-12-09T01:51:48.481+0000][1][safepoint    ] Leaving safepoint region
[2019-12-09T01:51:48.481+0000][1][safepoint    ] Total time for which application threads were stopped: 0.0000504 seconds, Stopping threads took: 0.0000120 seconds
[2019-12-09T01:51:48.819+0000][1][safepoint    ] Application time: 0.3378874 seconds
[2019-12-09T01:51:48.819+0000][1][safepoint    ] Entering safepoint region: Deoptimize
[2019-12-09T01:51:48.819+0000][1][safepoint    ] Leaving safepoint region
[2019-12-09T01:51:48.819+0000][1][safepoint    ] Total time for which application threads were stopped: 0.0004182 seconds, Stopping threads took: 0.0000131 seconds
[2019-12-09T01:51:48.896+0000][1][safepoint    ] Application time: 0.0764445 seconds
[2019-12-09T01:51:48.896+0000][1][safepoint    ] Entering safepoint region: Deoptimize
[2019-12-09T01:51:48.896+0000][1][safepoint    ] Leaving safepoint region
[2019-12-09T01:51:48.896+0000][1][safepoint    ] Total time for which application threads were stopped: 0.0004351 seconds, Stopping threads took: 0.0000130 seconds
[2019-12-09T01:51:48.935+0000][1][safepoint    ] Application time: 0.0386542 seconds
[2019-12-09T01:51:48.935+0000][1][safepoint    ] Entering safepoint region: Deoptimize
[2019-12-09T01:51:48.935+0000][1][safepoint    ] Leaving safepoint region
[2019-12-09T01:51:48.935+0000][1][safepoint    ] Total time for which application threads were stopped: 0.0004117 seconds, Stopping threads took: 0.0000140 seconds
[2019-12-09T01:51:49.949+0000][1][safepoint    ] Application time: 1.0134308 seconds
[2019-12-09T01:51:49.957+0000][1][safepoint    ] Entering safepoint region: Cleanup
[2019-12-09T01:51:49.957+0000][1][safepoint    ] Leaving safepoint region
[2019-12-09T01:51:49.957+0000][1][safepoint    ] Total time for which application threads were stopped: 0.0081067 seconds, Stopping threads took: 0.0080556 seconds
[2019-12-09T01:51:50.747+0000][1][safepoint    ] Application time: 0.7898453 seconds
[2019-12-09T01:51:50.747+0000][1][safepoint    ] Entering safepoint region: GenCollectForAllocation
[2019-12-09T01:51:50.747+0000][1][gc,start     ] GC(11) Pause Young (Allocation Failure)
[2019-12-09T01:51:50.747+0000][1][gc,task      ] GC(11) Using 2 workers of 2 for evacuation
[2019-12-09T01:51:50.934+0000][1][gc,age       ] GC(11) Desired survivor size 4456448 bytes, new threshold 1 (max threshold 6)
[2019-12-09T01:51:50.934+0000][1][gc,age       ] GC(11) Age table with threshold 1 (max threshold 6)
[2019-12-09T01:51:50.934+0000][1][gc,age       ] GC(11) - age   1:    5808368 bytes,    5808368 total
[2019-12-09T01:51:50.934+0000][1][gc,age       ] GC(11) - age   2:     354904 bytes,    6163272 total
[2019-12-09T01:51:50.934+0000][1][gc,age       ] GC(11) - age   3:     131104 bytes,    6294376 total
[2019-12-09T01:51:50.934+0000][1][gc,age       ] GC(11) - age   4:     653312 bytes,    6947688 total
[2019-12-09T01:51:50.934+0000][1][gc,age       ] GC(11) - age   5:    1386784 bytes,    8334472 total
[2019-12-09T01:51:50.934+0000][1][gc,heap      ] GC(11) ParNew: 75505K->8704K(78656K)
[2019-12-09T01:51:50.934+0000][1][gc,heap      ] GC(11) CMS: 13446K->14294K(174784K)
[2019-12-09T01:51:50.934+0000][1][gc,metaspace ] GC(11) Metaspace: 26899K->26899K(1075200K)
[2019-12-09T01:51:50.934+0000][1][gc           ] GC(11) Pause Young (Allocation Failure) 86M->22M(247M) 186.889ms
[2019-12-09T01:51:50.934+0000][1][gc,cpu       ] GC(11) User=0.04s Sys=0.00s Real=0.18s
[2019-12-09T01:51:50.934+0000][1][safepoint    ] Leaving safepoint region
[2019-12-09T01:51:50.934+0000][1][safepoint    ] Total time for which application threads were stopped: 0.1872123 seconds, Stopping threads took: 0.0000131 seconds
[2019-12-09T01:51:51.949+0000][1][safepoint    ] Application time: 1.0149185 seconds
[2019-12-09T01:51:52.003+0000][1][safepoint    ] Entering safepoint region: Cleanup
[2019-12-09T01:51:52.003+0000][1][safepoint    ] Leaving safepoint region
[2019-12-09T01:51:52.003+0000][1][safepoint    ] Total time for which application threads were stopped: 0.0540488 seconds, Stopping threads took: 0.0539662 seconds
[2019-12-09T01:51:53.004+0000][1][safepoint    ] Application time: 1.0007471 seconds
[2019-12-09T01:51:53.082+0000][1][safepoint    ] Entering safepoint region: Cleanup
[2019-12-09T01:51:53.082+0000][1][safepoint    ] Leaving safepoint region
[2019-12-09T01:51:53.082+0000][1][safepoint    ] Total time for which application threads were stopped: 0.0781072 seconds, Stopping threads took: 0.0780564 seconds
[2019-12-09T01:51:54.120+0000][1][safepoint    ] Application time: 1.0378476 seconds
[2019-12-09T01:51:54.120+0000][1][safepoint    ] Entering safepoint region: Cleanup
[2019-12-09T01:51:54.120+0000][1][safepoint    ] Leaving safepoint region
[2019-12-09T01:51:54.120+0000][1][safepoint    ] Total time for which application threads were stopped: 0.0001541 seconds, Stopping threads took: 0.0001136 seconds
[2019-12-09T01:51:55.127+0000][1][safepoint    ] Application time: 1.0066467 seconds
[2019-12-09T01:51:55.131+0000][1][safepoint    ] Entering safepoint region: Cleanup
[2019-12-09T01:51:55.131+0000][1][safepoint    ] Leaving safepoint region
[2019-12-09T01:51:55.131+0000][1][safepoint    ] Total time for which application threads were stopped: 0.0041924 seconds, Stopping threads took: 0.0041417 seconds
[2019-12-09T01:51:56.324+0000][1][safepoint    ] Application time: 1.1929184 seconds
[2019-12-09T01:51:56.324+0000][1][safepoint    ] Entering safepoint region: GenCollectForAllocation
[2019-12-09T01:51:56.324+0000][1][gc,start     ] GC(12) Pause Young (Allocation Failure)
[2019-12-09T01:51:56.324+0000][1][gc,task      ] GC(12) Using 2 workers of 2 for evacuation
[2019-12-09T01:51:56.901+0000][1][gc,age       ] GC(12) Desired survivor size 4456448 bytes, new threshold 1 (max threshold 6)
[2019-12-09T01:51:56.901+0000][1][gc,age       ] GC(12) Age table with threshold 1 (max threshold 6)
[2019-12-09T01:51:56.901+0000][1][gc,age       ] GC(12) - age   1:    8912832 bytes,    8912832 total
[2019-12-09T01:51:56.901+0000][1][gc,heap      ] GC(12) ParNew: 78656K->8704K(78656K)
[2019-12-09T01:51:56.901+0000][1][gc,heap      ] GC(12) CMS: 14294K->26594K(174784K)
[2019-12-09T01:51:56.901+0000][1][gc,metaspace ] GC(12) Metaspace: 27041K->27041K(1075200K)
[2019-12-09T01:51:56.901+0000][1][gc           ] GC(12) Pause Young (Allocation Failure) 90M->34M(247M) 577.240ms
[2019-12-09T01:51:56.901+0000][1][gc,cpu       ] GC(12) User=0.16s Sys=0.00s Real=0.58s
[2019-12-09T01:51:56.901+0000][1][safepoint    ] Leaving safepoint region
[2019-12-09T01:51:56.901+0000][1][safepoint    ] Total time for which application threads were stopped: 0.5773922 seconds, Stopping threads took: 0.0000188 seconds
[2019-12-09T01:51:57.907+0000][1][safepoint    ] Application time: 1.0055314 seconds
[2019-12-09T01:51:57.909+0000][1][safepoint    ] Entering safepoint region: Cleanup
[2019-12-09T01:51:57.909+0000][1][safepoint    ] Leaving safepoint region
[2019-12-09T01:51:57.909+0000][1][safepoint    ] Total time for which application threads were stopped: 0.0020375 seconds, Stopping threads took: 0.0019980 seconds
[2019-12-09T01:51:59.912+0000][1][safepoint    ] Application time: 2.0029248 seconds
[2019-12-09T01:51:59.927+0000][1][safepoint    ] Entering safepoint region: Cleanup
[2019-12-09T01:51:59.927+0000][1][safepoint    ] Leaving safepoint region
[2019-12-09T01:51:59.927+0000][1][safepoint    ] Total time for which application threads were stopped: 0.0151721 seconds, Stopping threads took: 0.0151153 seconds
[2019-12-09T01:52:00.310+0000][1][safepoint    ] Application time: 0.3827776 seconds
[2019-12-09T01:52:00.310+0000][1][safepoint    ] Entering safepoint region: GenCollectForAllocation
[2019-12-09T01:52:00.310+0000][1][gc,start     ] GC(13) Pause Young (Allocation Failure)
[2019-12-09T01:52:00.310+0000][1][gc,task      ] GC(13) Using 2 workers of 2 for evacuation
[2019-12-09T01:52:00.851+0000][1][gc,age       ] GC(13) Desired survivor size 4456448 bytes, new threshold 1 (max threshold 6)
[2019-12-09T01:52:00.851+0000][1][gc,age       ] GC(13) Age table with threshold 1 (max threshold 6)
[2019-12-09T01:52:00.851+0000][1][gc,age       ] GC(13) - age   1:    8912784 bytes,    8912784 total
[2019-12-09T01:52:00.851+0000][1][gc,heap      ] GC(13) ParNew: 78656K->8704K(78656K)
[2019-12-09T01:52:00.851+0000][1][gc,heap      ] GC(13) CMS: 26594K->39479K(174784K)
[2019-12-09T01:52:00.851+0000][1][gc,metaspace ] GC(13) Metaspace: 27189K->27189K(1075200K)
[2019-12-09T01:52:00.851+0000][1][gc           ] GC(13) Pause Young (Allocation Failure) 102M->47M(247M) 541.472ms
[2019-12-09T01:52:00.851+0000][1][gc,cpu       ] GC(13) User=0.16s Sys=0.00s Real=0.54s
[2019-12-09T01:52:00.851+0000][1][safepoint    ] Leaving safepoint region
[2019-12-09T01:52:00.851+0000][1][safepoint    ] Total time for which application threads were stopped: 0.5416072 seconds, Stopping threads took: 0.0000145 seconds
[2019-12-09T01:52:01.722+0000][1][safepoint    ] Application time: 0.8703528 seconds
[2019-12-09T01:52:01.722+0000][1][safepoint    ] Entering safepoint region: RevokeBias
[2019-12-09T01:52:01.722+0000][1][safepoint    ] Leaving safepoint region
[2019-12-09T01:52:01.722+0000][1][safepoint    ] Total time for which application threads were stopped: 0.0000970 seconds, Stopping threads took: 0.0000142 seconds
[2019-12-09T01:52:02.758+0000][1][safepoint    ] Application time: 1.0358280 seconds
[2019-12-09T01:52:02.816+0000][1][safepoint    ] Entering safepoint region: Cleanup
[2019-12-09T01:52:02.816+0000][1][safepoint    ] Leaving safepoint region
[2019-12-09T01:52:02.816+0000][1][safepoint    ] Total time for which application threads were stopped: 0.0580825 seconds, Stopping threads took: 0.0580168 seconds
[2019-12-09T01:52:03.828+0000][1][safepoint    ] Application time: 1.0119008 seconds
[2019-12-09T01:52:03.828+0000][1][safepoint    ] Entering safepoint region: Cleanup
[2019-12-09T01:52:03.828+0000][1][safepoint    ] Leaving safepoint region
[2019-12-09T01:52:03.828+0000][1][safepoint    ] Total time for which application threads were stopped: 0.0000862 seconds, Stopping threads took: 0.0000155 seconds
[2019-12-09T01:52:05.006+0000][1][safepoint    ] Application time: 1.1781002 seconds
[2019-12-09T01:52:05.006+0000][1][safepoint    ] Entering safepoint region: RevokeBias
[2019-12-09T01:52:05.006+0000][1][safepoint    ] Leaving safepoint region
[2019-12-09T01:52:05.006+0000][1][safepoint    ] Total time for which application threads were stopped: 0.0000941 seconds, Stopping threads took: 0.0000132 seconds
[2019-12-09T01:52:06.425+0000][1][safepoint    ] Application time: 1.4185980 seconds
[2019-12-09T01:52:06.437+0000][1][safepoint    ] Entering safepoint region: Cleanup
[2019-12-09T01:52:06.437+0000][1][safepoint    ] Leaving safepoint region
[2019-12-09T01:52:06.437+0000][1][safepoint    ] Total time for which application threads were stopped: 0.0120973 seconds, Stopping threads took: 0.0120117 seconds
[2019-12-09T01:52:06.705+0000][1][safepoint    ] Application time: 0.2678056 seconds
[2019-12-09T01:52:06.705+0000][1][safepoint    ] Entering safepoint region: GenCollectForAllocation
[2019-12-09T01:52:06.705+0000][1][gc,start     ] GC(14) Pause Young (Allocation Failure)
[2019-12-09T01:52:06.705+0000][1][gc,task      ] GC(14) Using 2 workers of 2 for evacuation
[2019-12-09T01:52:06.929+0000][1][gc,age       ] GC(14) Desired survivor size 4456448 bytes, new threshold 1 (max threshold 6)
[2019-12-09T01:52:06.929+0000][1][gc,age       ] GC(14) Age table with threshold 1 (max threshold 6)
[2019-12-09T01:52:06.929+0000][1][gc,age       ] GC(14) - age   1:    7892792 bytes,    7892792 total
[2019-12-09T01:52:06.929+0000][1][gc,heap      ] GC(14) ParNew: 78656K->8603K(78656K)
[2019-12-09T01:52:06.929+0000][1][gc,heap      ] GC(14) CMS: 39479K->48222K(174784K)
[2019-12-09T01:52:06.929+0000][1][gc,metaspace ] GC(14) Metaspace: 32979K->32979K(1079296K)
[2019-12-09T01:52:06.929+0000][1][gc           ] GC(14) Pause Young (Allocation Failure) 115M->55M(247M) 224.338ms
[2019-12-09T01:52:06.929+0000][1][gc,cpu       ] GC(14) User=0.08s Sys=0.00s Real=0.22s
[2019-12-09T01:52:06.929+0000][1][safepoint    ] Leaving safepoint region
[2019-12-09T01:52:06.929+0000][1][safepoint    ] Total time for which application threads were stopped: 0.2245021 seconds, Stopping threads took: 0.0000150 seconds
[2019-12-09T01:52:07.663+0000][1][safepoint    ] Application time: 0.7341640 seconds
[2019-12-09T01:52:07.663+0000][1][safepoint    ] Entering safepoint region: GenCollectForAllocation
[2019-12-09T01:52:07.664+0000][1][gc,start     ] GC(15) Pause Young (Allocation Failure)
[2019-12-09T01:52:07.664+0000][1][gc,task      ] GC(15) Using 2 workers of 2 for evacuation
[2019-12-09T01:52:07.837+0000][1][gc,age       ] GC(15) Desired survivor size 4456448 bytes, new threshold 6 (max threshold 6)
[2019-12-09T01:52:07.837+0000][1][gc,age       ] GC(15) Age table with threshold 6 (max threshold 6)
[2019-12-09T01:52:07.837+0000][1][gc,age       ] GC(15) - age   1:      61824 bytes,      61824 total
[2019-12-09T01:52:07.837+0000][1][gc,heap      ] GC(15) ParNew: 78555K->7931K(78656K)
[2019-12-09T01:52:07.837+0000][1][gc,heap      ] GC(15) CMS: 48222K->55988K(174784K)
[2019-12-09T01:52:07.837+0000][1][gc,metaspace ] GC(15) Metaspace: 32987K->32987K(1079296K)
[2019-12-09T01:52:07.837+0000][1][gc           ] GC(15) Pause Young (Allocation Failure) 123M->62M(247M) 173.449ms
[2019-12-09T01:52:07.837+0000][1][gc,cpu       ] GC(15) User=0.04s Sys=0.00s Real=0.18s
[2019-12-09T01:52:07.837+0000][1][safepoint    ] Leaving safepoint region
[2019-12-09T01:52:07.837+0000][1][safepoint    ] Total time for which application threads were stopped: 0.1736095 seconds, Stopping threads took: 0.0000154 seconds
[2019-12-09T01:52:08.845+0000][1][safepoint    ] Application time: 1.0076613 seconds
[2019-12-09T01:52:08.885+0000][1][safepoint    ] Entering safepoint region: Cleanup
[2019-12-09T01:52:08.885+0000][1][safepoint    ] Leaving safepoint region
[2019-12-09T01:52:08.885+0000][1][safepoint    ] Total time for which application threads were stopped: 0.0400961 seconds, Stopping threads took: 0.0400138 seconds
[2019-12-09T01:52:09.832+0000][1][safepoint    ] Application time: 0.9467422 seconds
[2019-12-09T01:52:09.832+0000][1][safepoint    ] Entering safepoint region: CollectForMetadataAllocation
[2019-12-09T01:52:09.832+0000][1][safepoint    ] Leaving safepoint region
[2019-12-09T01:52:09.832+0000][1][safepoint    ] Total time for which application threads were stopped: 0.0002001 seconds, Stopping threads took: 0.0000145 seconds
[2019-12-09T01:52:09.847+0000][1][safepoint    ] Application time: 0.0149169 seconds
[2019-12-09T01:52:09.847+0000][1][safepoint    ] Entering safepoint region: CMS_Initial_Mark
[2019-12-09T01:52:09.847+0000][1][gc,start     ] GC(16) Pause Initial Mark
[2019-12-09T01:52:09.915+0000][1][gc           ] GC(16) Pause Initial Mark 95M->95M(247M) 68.255ms
[2019-12-09T01:52:09.915+0000][1][gc,cpu       ] GC(16) User=0.02s Sys=0.00s Real=0.07s
[2019-12-09T01:52:09.915+0000][1][safepoint    ] Leaving safepoint region
[2019-12-09T01:52:09.915+0000][1][safepoint    ] Total time for which application threads were stopped: 0.0687047 seconds, Stopping threads took: 0.0003295 seconds
[2019-12-09T01:52:09.916+0000][1][gc           ] GC(16) Concurrent Mark
[2019-12-09T01:52:10.176+0000][1][safepoint    ] Application time: 0.2608682 seconds
[2019-12-09T01:52:10.176+0000][1][safepoint    ] Entering safepoint region: CollectForMetadataAllocation
[2019-12-09T01:52:10.177+0000][1][safepoint    ] Leaving safepoint region
[2019-12-09T01:52:10.177+0000][1][safepoint    ] Total time for which application threads were stopped: 0.0001603 seconds, Stopping threads took: 0.0000148 seconds
[2019-12-09T01:52:10.624+0000][1][safepoint    ] Application time: 0.4479131 seconds
[2019-12-09T01:52:10.625+0000][1][safepoint    ] Entering safepoint region: CollectForMetadataAllocation
[2019-12-09T01:52:10.625+0000][1][safepoint    ] Leaving safepoint region
[2019-12-09T01:52:10.625+0000][1][safepoint    ] Total time for which application threads were stopped: 0.0002733 seconds, Stopping threads took: 0.0000143 seconds
[2019-12-09T01:52:10.778+0000][1][gc           ] GC(16) Concurrent Mark 862.934ms
[2019-12-09T01:52:10.779+0000][1][gc,cpu       ] GC(16) User=0.25s Sys=0.01s Real=0.86s
[2019-12-09T01:52:10.779+0000][1][gc           ] GC(16) Concurrent Preclean
[2019-12-09T01:52:10.795+0000][1][gc           ] GC(16) Concurrent Preclean 16.672ms
[2019-12-09T01:52:10.795+0000][1][gc,cpu       ] GC(16) User=0.01s Sys=0.00s Real=0.02s
[2019-12-09T01:52:10.795+0000][1][gc           ] GC(16) Concurrent Abortable Preclean
[2019-12-09T01:52:10.828+0000][1][safepoint    ] Application time: 0.2029253 seconds
[2019-12-09T01:52:10.828+0000][1][safepoint    ] Entering safepoint region: CollectForMetadataAllocation
[2019-12-09T01:52:10.828+0000][1][safepoint    ] Leaving safepoint region
[2019-12-09T01:52:10.828+0000][1][safepoint    ] Total time for which application threads were stopped: 0.0002372 seconds, Stopping threads took: 0.0000142 seconds
[2019-12-09T01:52:10.965+0000][1][safepoint    ] Application time: 0.1371482 seconds
[2019-12-09T01:52:10.965+0000][1][safepoint    ] Entering safepoint region: CollectForMetadataAllocation
[2019-12-09T01:52:10.965+0000][1][safepoint    ] Leaving safepoint region
[2019-12-09T01:52:10.965+0000][1][safepoint    ] Total time for which application threads were stopped: 0.0002326 seconds, Stopping threads took: 0.0000135 seconds
[2019-12-09T01:52:11.139+0000][1][safepoint    ] Application time: 0.1732582 seconds
[2019-12-09T01:52:11.139+0000][1][safepoint    ] Entering safepoint region: CollectForMetadataAllocation
[2019-12-09T01:52:11.139+0000][1][safepoint    ] Leaving safepoint region
[2019-12-09T01:52:11.139+0000][1][safepoint    ] Total time for which application threads were stopped: 0.0002224 seconds, Stopping threads took: 0.0000135 seconds
[2019-12-09T01:52:11.335+0000][1][safepoint    ] Application time: 0.1964216 seconds
[2019-12-09T01:52:11.335+0000][1][safepoint    ] Entering safepoint region: CollectForMetadataAllocation
[2019-12-09T01:52:11.336+0000][1][safepoint    ] Leaving safepoint region
[2019-12-09T01:52:11.336+0000][1][safepoint    ] Total time for which application threads were stopped: 0.0002631 seconds, Stopping threads took: 0.0000139 seconds
[2019-12-09T01:52:11.503+0000][1][safepoint    ] Application time: 0.1672076 seconds
[2019-12-09T01:52:11.503+0000][1][safepoint    ] Entering safepoint region: CollectForMetadataAllocation
[2019-12-09T01:52:11.503+0000][1][safepoint    ] Leaving safepoint region
[2019-12-09T01:52:11.503+0000][1][safepoint    ] Total time for which application threads were stopped: 0.0002112 seconds, Stopping threads took: 0.0000133 seconds
[2019-12-09T01:52:11.698+0000][1][safepoint    ] Application time: 0.1949230 seconds
[2019-12-09T01:52:11.698+0000][1][safepoint    ] Entering safepoint region: CollectForMetadataAllocation
[2019-12-09T01:52:11.698+0000][1][safepoint    ] Leaving safepoint region
[2019-12-09T01:52:11.698+0000][1][safepoint    ] Total time for which application threads were stopped: 0.0002253 seconds, Stopping threads took: 0.0000148 seconds
[2019-12-09T01:52:11.998+0000][1][safepoint    ] Application time: 0.2993501 seconds
[2019-12-09T01:52:11.998+0000][1][safepoint    ] Entering safepoint region: CollectForMetadataAllocation
[2019-12-09T01:52:11.998+0000][1][safepoint    ] Leaving safepoint region
[2019-12-09T01:52:11.998+0000][1][safepoint    ] Total time for which application threads were stopped: 0.0002491 seconds, Stopping threads took: 0.0000145 seconds
[2019-12-09T01:52:12.130+0000][1][safepoint    ] Application time: 0.1315420 seconds
[2019-12-09T01:52:12.130+0000][1][safepoint    ] Entering safepoint region: CollectForMetadataAllocation
[2019-12-09T01:52:12.130+0000][1][safepoint    ] Leaving safepoint region
[2019-12-09T01:52:12.130+0000][1][safepoint    ] Total time for which application threads were stopped: 0.0002830 seconds, Stopping threads took: 0.0000151 seconds
[2019-12-09T01:52:12.144+0000][1][safepoint    ] Application time: 0.0138646 seconds
[2019-12-09T01:52:12.226+0000][1][safepoint    ] Entering safepoint region: CollectForMetadataAllocation
[2019-12-09T01:52:12.226+0000][1][safepoint    ] Leaving safepoint region
[2019-12-09T01:52:12.226+0000][1][safepoint    ] Total time for which application threads were stopped: 0.0820289 seconds, Stopping threads took: 0.0819763 seconds
[2019-12-09T01:52:12.432+0000][1][safepoint    ] Application time: 0.2059027 seconds
[2019-12-09T01:52:12.432+0000][1][safepoint    ] Entering safepoint region: CollectForMetadataAllocation
[2019-12-09T01:52:12.432+0000][1][safepoint    ] Leaving safepoint region
[2019-12-09T01:52:12.432+0000][1][safepoint    ] Total time for which application threads were stopped: 0.0002373 seconds, Stopping threads took: 0.0000124 seconds
[2019-12-09T01:52:12.549+0000][1][safepoint    ] Application time: 0.1173365 seconds
[2019-12-09T01:52:12.549+0000][1][safepoint    ] Entering safepoint region: CollectForMetadataAllocation
[2019-12-09T01:52:12.550+0000][1][safepoint    ] Leaving safepoint region
[2019-12-09T01:52:12.550+0000][1][safepoint    ] Total time for which application threads were stopped: 0.0001708 seconds, Stopping threads took: 0.0000143 seconds
[2019-12-09T01:52:12.771+0000][1][safepoint    ] Application time: 0.2217577 seconds
[2019-12-09T01:52:12.792+0000][1][safepoint    ] Entering safepoint region: CollectForMetadataAllocation
[2019-12-09T01:52:12.792+0000][1][safepoint    ] Leaving safepoint region
[2019-12-09T01:52:12.792+0000][1][safepoint    ] Total time for which application threads were stopped: 0.0206213 seconds, Stopping threads took: 0.0204019 seconds
[2019-12-09T01:52:12.926+0000][1][safepoint    ] Application time: 0.1340870 seconds
[2019-12-09T01:52:12.926+0000][1][safepoint    ] Entering safepoint region: CollectForMetadataAllocation
[2019-12-09T01:52:12.926+0000][1][safepoint    ] Leaving safepoint region
[2019-12-09T01:52:12.926+0000][1][safepoint    ] Total time for which application threads were stopped: 0.0002303 seconds, Stopping threads took: 0.0000148 seconds
[2019-12-09T01:52:13.104+0000][1][safepoint    ] Application time: 0.1773020 seconds
[2019-12-09T01:52:13.104+0000][1][safepoint    ] Entering safepoint region: CollectForMetadataAllocation
[2019-12-09T01:52:13.104+0000][1][safepoint    ] Leaving safepoint region
[2019-12-09T01:52:13.104+0000][1][safepoint    ] Total time for which application threads were stopped: 0.0002426 seconds, Stopping threads took: 0.0000317 seconds
[2019-12-09T01:52:13.247+0000][1][safepoint    ] Application time: 0.1426423 seconds
[2019-12-09T01:52:13.247+0000][1][safepoint    ] Entering safepoint region: CollectForMetadataAllocation
[2019-12-09T01:52:13.247+0000][1][safepoint    ] Leaving safepoint region
[2019-12-09T01:52:13.247+0000][1][safepoint    ] Total time for which application threads were stopped: 0.0002553 seconds, Stopping threads took: 0.0000145 seconds
[2019-12-09T01:52:13.333+0000][1][safepoint    ] Application time: 0.0860145 seconds
[2019-12-09T01:52:13.333+0000][1][safepoint    ] Entering safepoint region: CollectForMetadataAllocation
[2019-12-09T01:52:13.333+0000][1][safepoint    ] Leaving safepoint region
[2019-12-09T01:52:13.333+0000][1][safepoint    ] Total time for which application threads were stopped: 0.0002343 seconds, Stopping threads took: 0.0000152 seconds
[2019-12-09T01:52:13.466+0000][1][safepoint    ] Application time: 0.1327931 seconds
[2019-12-09T01:52:13.466+0000][1][safepoint    ] Entering safepoint region: CollectForMetadataAllocation
[2019-12-09T01:52:13.466+0000][1][safepoint    ] Leaving safepoint region
[2019-12-09T01:52:13.466+0000][1][safepoint    ] Total time for which application threads were stopped: 0.0002140 seconds, Stopping threads took: 0.0000124 seconds
[2019-12-09T01:52:13.580+0000][1][safepoint    ] Application time: 0.1141792 seconds
[2019-12-09T01:52:13.580+0000][1][safepoint    ] Entering safepoint region: CollectForMetadataAllocation
[2019-12-09T01:52:13.581+0000][1][safepoint    ] Leaving safepoint region
[2019-12-09T01:52:13.581+0000][1][safepoint    ] Total time for which application threads were stopped: 0.0002323 seconds, Stopping threads took: 0.0000140 seconds
[2019-12-09T01:52:13.794+0000][1][safepoint    ] Application time: 0.2133902 seconds
[2019-12-09T01:52:13.794+0000][1][safepoint    ] Entering safepoint region: CollectForMetadataAllocation
[2019-12-09T01:52:13.794+0000][1][safepoint    ] Leaving safepoint region
[2019-12-09T01:52:13.794+0000][1][safepoint    ] Total time for which application threads were stopped: 0.0002187 seconds, Stopping threads took: 0.0000123 seconds
[2019-12-09T01:52:13.942+0000][1][safepoint    ] Application time: 0.1475403 seconds
[2019-12-09T01:52:13.942+0000][1][safepoint    ] Entering safepoint region: CollectForMetadataAllocation
[2019-12-09T01:52:13.942+0000][1][safepoint    ] Leaving safepoint region
[2019-12-09T01:52:13.942+0000][1][safepoint    ] Total time for which application threads were stopped: 0.0002399 seconds, Stopping threads took: 0.0000147 seconds
[2019-12-09T01:52:14.094+0000][1][safepoint    ] Application time: 0.1518532 seconds
[2019-12-09T01:52:14.094+0000][1][safepoint    ] Entering safepoint region: CollectForMetadataAllocation
[2019-12-09T01:52:14.094+0000][1][safepoint    ] Leaving safepoint region
[2019-12-09T01:52:14.094+0000][1][safepoint    ] Total time for which application threads were stopped: 0.0003019 seconds, Stopping threads took: 0.0000160 seconds
[2019-12-09T01:52:14.498+0000][1][safepoint    ] Application time: 0.4035178 seconds
[2019-12-09T01:52:14.498+0000][1][safepoint    ] Entering safepoint region: CollectForMetadataAllocation
[2019-12-09T01:52:14.498+0000][1][safepoint    ] Leaving safepoint region
[2019-12-09T01:52:14.498+0000][1][safepoint    ] Total time for which application threads were stopped: 0.0002576 seconds, Stopping threads took: 0.0000209 seconds
[2019-12-09T01:52:14.614+0000][1][safepoint    ] Application time: 0.1161826 seconds
[2019-12-09T01:52:14.614+0000][1][safepoint    ] Entering safepoint region: CollectForMetadataAllocation
[2019-12-09T01:52:14.615+0000][1][safepoint    ] Leaving safepoint region
[2019-12-09T01:52:14.615+0000][1][safepoint    ] Total time for which application threads were stopped: 0.0001579 seconds, Stopping threads took: 0.0000136 seconds
[2019-12-09T01:52:14.851+0000][1][safepoint    ] Application time: 0.2369345 seconds
[2019-12-09T01:52:14.852+0000][1][safepoint    ] Entering safepoint region: CollectForMetadataAllocation
[2019-12-09T01:52:14.852+0000][1][safepoint    ] Leaving safepoint region
[2019-12-09T01:52:14.852+0000][1][safepoint    ] Total time for which application threads were stopped: 0.0002537 seconds, Stopping threads took: 0.0000147 seconds
[2019-12-09T01:52:15.045+0000][1][safepoint    ] Application time: 0.1934280 seconds
[2019-12-09T01:52:15.045+0000][1][safepoint    ] Entering safepoint region: GenCollectForAllocation
[2019-12-09T01:52:15.045+0000][1][gc,start     ] GC(17) Pause Young (Allocation Failure)
[2019-12-09T01:52:15.045+0000][1][gc,task      ] GC(17) Using 2 workers of 2 for evacuation
[2019-12-09T01:52:15.061+0000][1][gc           ] GC(16) Concurrent Abortable Preclean 4265.441ms
[2019-12-09T01:52:15.061+0000][1][gc,cpu       ] GC(16) User=1.20s Sys=0.02s Real=4.26s
[2019-12-09T01:52:15.178+0000][1][gc,age       ] GC(17) Desired survivor size 4456448 bytes, new threshold 6 (max threshold 6)
[2019-12-09T01:52:15.178+0000][1][gc,age       ] GC(17) Age table with threshold 6 (max threshold 6)
[2019-12-09T01:52:15.178+0000][1][gc,age       ] GC(17) - age   1:    3237808 bytes,    3237808 total
[2019-12-09T01:52:15.178+0000][1][gc,age       ] GC(17) - age   2:      61632 bytes,    3299440 total
[2019-12-09T01:52:15.178+0000][1][gc,heap      ] GC(17) ParNew: 77883K->3988K(78656K)
[2019-12-09T01:52:15.178+0000][1][gc,heap      ] GC(17) CMS: 55988K->55988K(174784K)
[2019-12-09T01:52:15.178+0000][1][gc,metaspace ] GC(17) Metaspace: 41644K->41644K(1087488K)
[2019-12-09T01:52:15.178+0000][1][gc           ] GC(17) Pause Young (Allocation Failure) 130M->58M(247M) 132.898ms
[2019-12-09T01:52:15.178+0000][1][gc,cpu       ] GC(17) User=0.02s Sys=0.00s Real=0.13s
[2019-12-09T01:52:15.178+0000][1][safepoint    ] Leaving safepoint region
[2019-12-09T01:52:15.178+0000][1][safepoint    ] Total time for which application threads were stopped: 0.1330319 seconds, Stopping threads took: 0.0000139 seconds
[2019-12-09T01:52:15.180+0000][1][safepoint    ] Application time: 0.0017671 seconds
[2019-12-09T01:52:15.180+0000][1][safepoint    ] Entering safepoint region: CMS_Final_Remark
[2019-12-09T01:52:15.180+0000][1][gc,start     ] GC(16) Pause Remark
[2019-12-09T01:52:15.206+0000][1][gc           ] GC(16) Pause Remark 59M->59M(247M) 25.718ms
[2019-12-09T01:52:15.206+0000][1][gc,cpu       ] GC(16) User=0.03s Sys=0.00s Real=0.03s
[2019-12-09T01:52:15.206+0000][1][safepoint    ] Leaving safepoint region
[2019-12-09T01:52:15.206+0000][1][safepoint    ] Total time for which application threads were stopped: 0.0258300 seconds, Stopping threads took: 0.0000134 seconds
[2019-12-09T01:52:15.207+0000][1][gc           ] GC(16) Concurrent Sweep
[2019-12-09T01:52:15.300+0000][1][safepoint    ] Application time: 0.0937945 seconds
[2019-12-09T01:52:15.300+0000][1][safepoint    ] Entering safepoint region: CollectForMetadataAllocation
[2019-12-09T01:52:15.301+0000][1][safepoint    ] Leaving safepoint region
[2019-12-09T01:52:15.301+0000][1][safepoint    ] Total time for which application threads were stopped: 0.0007933 seconds, Stopping threads took: 0.0000174 seconds
[2019-12-09T01:52:15.314+0000][1][safepoint    ] Application time: 0.0129952 seconds
[2019-12-09T01:52:15.314+0000][1][safepoint    ] Entering safepoint region: CollectForMetadataAllocation
[2019-12-09T01:52:15.314+0000][1][safepoint    ] Leaving safepoint region
[2019-12-09T01:52:15.314+0000][1][safepoint    ] Total time for which application threads were stopped: 0.0002450 seconds, Stopping threads took: 0.0000165 seconds
[2019-12-09T01:52:15.573+0000][1][safepoint    ] Application time: 0.2593103 seconds
[2019-12-09T01:52:15.573+0000][1][safepoint    ] Entering safepoint region: RevokeBias
[2019-12-09T01:52:15.573+0000][1][safepoint    ] Leaving safepoint region
[2019-12-09T01:52:15.573+0000][1][safepoint    ] Total time for which application threads were stopped: 0.0002119 seconds, Stopping threads took: 0.0001017 seconds
[2019-12-09T01:52:15.574+0000][1][safepoint    ] Application time: 0.0001517 seconds
[2019-12-09T01:52:15.574+0000][1][safepoint    ] Entering safepoint region: RevokeBias
[2019-12-09T01:52:15.574+0000][1][safepoint    ] Leaving safepoint region
[2019-12-09T01:52:15.574+0000][1][safepoint    ] Total time for which application threads were stopped: 0.0000553 seconds, Stopping threads took: 0.0000073 seconds
[2019-12-09T01:52:15.574+0000][1][safepoint    ] Application time: 0.0000502 seconds
[2019-12-09T01:52:15.574+0000][1][safepoint    ] Entering safepoint region: RevokeBias
[2019-12-09T01:52:15.574+0000][1][safepoint    ] Leaving safepoint region
[2019-12-09T01:52:15.574+0000][1][safepoint    ] Total time for which application threads were stopped: 0.0000471 seconds, Stopping threads took: 0.0000078 seconds
[2019-12-09T01:52:15.574+0000][1][safepoint    ] Application time: 0.0000377 seconds
[2019-12-09T01:52:15.574+0000][1][safepoint    ] Entering safepoint region: RevokeBias
[2019-12-09T01:52:15.574+0000][1][safepoint    ] Leaving safepoint region
[2019-12-09T01:52:15.574+0000][1][safepoint    ] Total time for which application threads were stopped: 0.0000371 seconds, Stopping threads took: 0.0000063 seconds
[2019-12-09T01:52:15.654+0000][1][gc           ] GC(16) Concurrent Sweep 447.015ms
[2019-12-09T01:52:15.654+0000][1][gc,cpu       ] GC(16) User=0.12s Sys=0.00s Real=0.44s
[2019-12-09T01:52:15.654+0000][1][gc           ] GC(16) Concurrent Reset
[2019-12-09T01:52:15.654+0000][1][gc           ] GC(16) Concurrent Reset 0.337ms
[2019-12-09T01:52:15.654+0000][1][gc,cpu       ] GC(16) User=0.00s Sys=0.00s Real=0.00s
[2019-12-09T01:52:15.654+0000][1][gc,heap      ] GC(16) Old: 55988K->55756K(174784K)
[2019-12-09T01:52:16.601+0000][1][safepoint    ] Application time: 1.0268841 seconds
[2019-12-09T01:52:16.651+0000][1][safepoint    ] Entering safepoint region: Cleanup
[2019-12-09T01:52:16.651+0000][1][safepoint    ] Leaving safepoint region
[2019-12-09T01:52:16.651+0000][1][safepoint    ] Total time for which application threads were stopped: 0.0501481 seconds, Stopping threads took: 0.0500897 seconds
[2019-12-09T01:52:19.269+0000][1][safepoint    ] Application time: 2.6177821 seconds
[2019-12-09T01:52:19.269+0000][1][safepoint    ] Entering safepoint region: RevokeBias
[2019-12-09T01:52:19.269+0000][1][safepoint    ] Leaving safepoint region
[2019-12-09T01:52:19.269+0000][1][safepoint    ] Total time for which application threads were stopped: 0.0001465 seconds, Stopping threads took: 0.0000143 seconds
[2019-12-09T01:52:20.289+0000][1][safepoint    ] Application time: 1.0198183 seconds
[2019-12-09T01:52:20.317+0000][1][safepoint    ] Entering safepoint region: Cleanup
[2019-12-09T01:52:20.317+0000][1][safepoint    ] Leaving safepoint region
[2019-12-09T01:52:20.317+0000][1][safepoint    ] Total time for which application threads were stopped: 0.0281314 seconds, Stopping threads took: 0.0280916 seconds
[2019-12-09T01:52:20.572+0000][1][safepoint    ] Application time: 0.2549406 seconds
[2019-12-09T01:52:20.611+0000][1][safepoint    ] Entering safepoint region: RevokeBias
[2019-12-09T01:52:20.611+0000][1][safepoint    ] Leaving safepoint region
[2019-12-09T01:52:20.611+0000][1][safepoint    ] Total time for which application threads were stopped: 0.0391498 seconds, Stopping threads took: 0.0390490 seconds
[2019-12-09T01:52:20.611+0000][1][safepoint    ] Application time: 0.0002075 seconds
[2019-12-09T01:52:20.611+0000][1][safepoint    ] Entering safepoint region: RevokeBias
[2019-12-09T01:52:20.611+0000][1][safepoint    ] Leaving safepoint region
[2019-12-09T01:52:20.611+0000][1][safepoint    ] Total time for which application threads were stopped: 0.0000769 seconds, Stopping threads took: 0.0000099 seconds
[2019-12-09T01:52:20.611+0000][1][safepoint    ] Application time: 0.0000905 seconds
[2019-12-09T01:52:20.611+0000][1][safepoint    ] Entering safepoint region: RevokeBias
[2019-12-09T01:52:20.612+0000][1][safepoint    ] Leaving safepoint region
[2019-12-09T01:52:20.612+0000][1][safepoint    ] Total time for which application threads were stopped: 0.0000643 seconds, Stopping threads took: 0.0000087 seconds
[2019-12-09T01:52:20.612+0000][1][safepoint    ] Application time: 0.0001929 seconds
[2019-12-09T01:52:20.612+0000][1][safepoint    ] Entering safepoint region: RevokeBias
[2019-12-09T01:52:20.612+0000][1][safepoint    ] Leaving safepoint region
[2019-12-09T01:52:20.612+0000][1][safepoint    ] Total time for which application threads were stopped: 0.0000738 seconds, Stopping threads took: 0.0000090 seconds
[2019-12-09T01:52:20.612+0000][1][safepoint    ] Application time: 0.0001543 seconds
[2019-12-09T01:52:20.612+0000][1][safepoint    ] Entering safepoint region: RevokeBias
[2019-12-09T01:52:20.612+0000][1][safepoint    ] Leaving safepoint region
[2019-12-09T01:52:20.612+0000][1][safepoint    ] Total time for which application threads were stopped: 0.0000683 seconds, Stopping threads took: 0.0000089 seconds
[2019-12-09T01:52:20.612+0000][1][safepoint    ] Application time: 0.0000849 seconds
[2019-12-09T01:52:20.612+0000][1][safepoint    ] Entering safepoint region: RevokeBias
[2019-12-09T01:52:20.612+0000][1][safepoint    ] Leaving safepoint region
[2019-12-09T01:52:20.612+0000][1][safepoint    ] Total time for which application threads were stopped: 0.0000757 seconds, Stopping threads took: 0.0000091 seconds
[2019-12-09T01:52:20.612+0000][1][safepoint    ] Application time: 0.0000537 seconds
[2019-12-09T01:52:20.612+0000][1][safepoint    ] Entering safepoint region: RevokeBias
[2019-12-09T01:52:20.612+0000][1][safepoint    ] Leaving safepoint region
[2019-12-09T01:52:20.612+0000][1][safepoint    ] Total time for which application threads were stopped: 0.0000598 seconds, Stopping threads took: 0.0000074 seconds
[2019-12-09T01:52:20.612+0000][1][safepoint    ] Application time: 0.0000816 seconds
[2019-12-09T01:52:20.612+0000][1][safepoint    ] Entering safepoint region: RevokeBias
[2019-12-09T01:52:20.613+0000][1][safepoint    ] Leaving safepoint region
[2019-12-09T01:52:20.613+0000][1][safepoint    ] Total time for which application threads were stopped: 0.0000628 seconds, Stopping threads took: 0.0000072 seconds
[2019-12-09T01:52:20.613+0000][1][safepoint    ] Application time: 0.0000603 seconds
[2019-12-09T01:52:20.613+0000][1][safepoint    ] Entering safepoint region: RevokeBias
[2019-12-09T01:52:20.613+0000][1][safepoint    ] Leaving safepoint region
[2019-12-09T01:52:20.613+0000][1][safepoint    ] Total time for which application threads were stopped: 0.0000647 seconds, Stopping threads took: 0.0000075 seconds
[2019-12-09T01:52:20.614+0000][1][safepoint    ] Application time: 0.0013199 seconds
[2019-12-09T01:52:20.614+0000][1][safepoint    ] Entering safepoint region: RevokeBias
[2019-12-09T01:52:20.614+0000][1][safepoint    ] Leaving safepoint region
[2019-12-09T01:52:20.614+0000][1][safepoint    ] Total time for which application threads were stopped: 0.0000936 seconds, Stopping threads took: 0.0000107 seconds
[2019-12-09T01:52:20.614+0000][1][safepoint    ] Application time: 0.0003751 seconds
[2019-12-09T01:52:20.614+0000][1][safepoint    ] Entering safepoint region: RevokeBias
[2019-12-09T01:52:20.615+0000][1][safepoint    ] Leaving safepoint region
[2019-12-09T01:52:20.615+0000][1][safepoint    ] Total time for which application threads were stopped: 0.0000823 seconds, Stopping threads took: 0.0000106 seconds
[2019-12-09T01:52:20.615+0000][1][safepoint    ] Application time: 0.0001273 seconds
[2019-12-09T01:52:20.615+0000][1][safepoint    ] Entering safepoint region: RevokeBias
[2019-12-09T01:52:20.615+0000][1][safepoint    ] Leaving safepoint region
[2019-12-09T01:52:20.615+0000][1][safepoint    ] Total time for which application threads were stopped: 0.0000807 seconds, Stopping threads took: 0.0000091 seconds
[2019-12-09T01:52:21.618+0000][1][safepoint    ] Application time: 1.0028846 seconds
[2019-12-09T01:52:21.654+0000][1][safepoint    ] Entering safepoint region: Cleanup
[2019-12-09T01:52:21.654+0000][1][safepoint    ] Leaving safepoint region
[2019-12-09T01:52:21.654+0000][1][safepoint    ] Total time for which application threads were stopped: 0.0360000 seconds, Stopping threads took: 0.0359084 seconds
[2019-12-09T01:52:22.672+0000][1][safepoint    ] Application time: 1.0182232 seconds
[2019-12-09T01:52:22.717+0000][1][safepoint    ] Entering safepoint region: Cleanup
[2019-12-09T01:52:22.717+0000][1][safepoint    ] Leaving safepoint region
[2019-12-09T01:52:22.717+0000][1][safepoint    ] Total time for which application threads were stopped: 0.0448031 seconds, Stopping threads took: 0.0447365 seconds
[2019-12-09T01:52:23.761+0000][1][safepoint    ] Application time: 1.0438676 seconds
[2019-12-09T01:52:23.828+0000][1][safepoint    ] Entering safepoint region: Cleanup
[2019-12-09T01:52:23.828+0000][1][safepoint    ] Leaving safepoint region
[2019-12-09T01:52:23.828+0000][1][safepoint    ] Total time for which application threads were stopped: 0.0670530 seconds, Stopping threads took: 0.0669804 seconds
[2019-12-09T01:52:24.491+0000][1][safepoint    ] Application time: 0.6631063 seconds
[2019-12-09T01:52:24.597+0000][1][safepoint    ] Entering safepoint region: RevokeBias
[2019-12-09T01:52:24.597+0000][1][safepoint    ] Leaving safepoint region
[2019-12-09T01:52:24.597+0000][1][safepoint    ] Total time for which application threads were stopped: 0.1059484 seconds, Stopping threads took: 0.1058035 seconds
[2019-12-09T01:52:24.602+0000][1][safepoint    ] Application time: 0.0046975 seconds
[2019-12-09T01:52:24.602+0000][1][safepoint    ] Entering safepoint region: RevokeBias
[2019-12-09T01:52:24.602+0000][1][safepoint    ] Leaving safepoint region
[2019-12-09T01:52:24.602+0000][1][safepoint    ] Total time for which application threads were stopped: 0.0000776 seconds, Stopping threads took: 0.0000098 seconds
[2019-12-09T01:52:24.607+0000][1][safepoint    ] Application time: 0.0051070 seconds
[2019-12-09T01:52:24.607+0000][1][safepoint    ] Entering safepoint region: RevokeBias
[2019-12-09T01:52:24.607+0000][1][safepoint    ] Leaving safepoint region
[2019-12-09T01:52:24.607+0000][1][safepoint    ] Total time for which application threads were stopped: 0.0000697 seconds, Stopping threads took: 0.0000108 seconds
[2019-12-09T01:52:25.618+0000][1][safepoint    ] Application time: 1.0107749 seconds
[2019-12-09T01:52:25.618+0000][1][safepoint    ] Entering safepoint region: Cleanup
[2019-12-09T01:52:25.618+0000][1][safepoint    ] Leaving safepoint region
[2019-12-09T01:52:25.618+0000][1][safepoint    ] Total time for which application threads were stopped: 0.0002535 seconds, Stopping threads took: 0.0001960 seconds
[2019-12-09T01:52:25.672+0000][1][safepoint    ] Application time: 0.0538785 seconds
[2019-12-09T01:52:25.672+0000][1][safepoint    ] Entering safepoint region: GenCollectForAllocation
[2019-12-09T01:52:25.672+0000][1][gc,start     ] GC(18) Pause Young (Allocation Failure)
[2019-12-09T01:52:25.672+0000][1][gc,task      ] GC(18) Using 2 workers of 2 for evacuation
[2019-12-09T01:52:25.879+0000][1][gc,age       ] GC(18) Desired survivor size 4456448 bytes, new threshold 2 (max threshold 6)
[2019-12-09T01:52:25.879+0000][1][gc,age       ] GC(18) Age table with threshold 2 (max threshold 6)
[2019-12-09T01:52:25.879+0000][1][gc,age       ] GC(18) - age   1:    3283768 bytes,    3283768 total
[2019-12-09T01:52:25.879+0000][1][gc,age       ] GC(18) - age   2:    3142040 bytes,    6425808 total
[2019-12-09T01:52:25.879+0000][1][gc,age       ] GC(18) - age   3:      61632 bytes,    6487440 total
[2019-12-09T01:52:25.879+0000][1][gc,heap      ] GC(18) ParNew: 73940K->8704K(78656K)
[2019-12-09T01:52:25.879+0000][1][gc,heap      ] GC(18) CMS: 55756K->55756K(174784K)
[2019-12-09T01:52:25.879+0000][1][gc,metaspace ] GC(18) Metaspace: 45582K->45582K(1091584K)
[2019-12-09T01:52:25.879+0000][1][gc           ] GC(18) Pause Young (Allocation Failure) 126M->62M(247M) 207.213ms
[2019-12-09T01:52:25.879+0000][1][gc,cpu       ] GC(18) User=0.04s Sys=0.00s Real=0.21s
[2019-12-09T01:52:25.879+0000][1][safepoint    ] Leaving safepoint region
[2019-12-09T01:52:25.879+0000][1][safepoint    ] Total time for which application threads were stopped: 0.2073428 seconds, Stopping threads took: 0.0000129 seconds
[2019-12-09T01:52:26.114+0000][1][safepoint    ] Application time: 0.2344403 seconds
[2019-12-09T01:52:26.114+0000][1][safepoint    ] Entering safepoint region: RevokeBias
[2019-12-09T01:52:26.114+0000][1][safepoint    ] Leaving safepoint region
[2019-12-09T01:52:26.114+0000][1][safepoint    ] Total time for which application threads were stopped: 0.0004108 seconds, Stopping threads took: 0.0000130 seconds
[2019-12-09T01:52:26.121+0000][1][safepoint    ] Application time: 0.0065760 seconds
[2019-12-09T01:52:26.121+0000][1][safepoint    ] Entering safepoint region: RevokeBias
[2019-12-09T01:52:26.121+0000][1][safepoint    ] Leaving safepoint region
[2019-12-09T01:52:26.121+0000][1][safepoint    ] Total time for which application threads were stopped: 0.0000579 seconds, Stopping threads took: 0.0000130 seconds
[2019-12-09T01:52:26.209+0000][1][safepoint    ] Application time: 0.0880668 seconds
[2019-12-09T01:52:26.231+0000][1][safepoint    ] Entering safepoint region: RevokeBias
[2019-12-09T01:52:26.231+0000][1][safepoint    ] Leaving safepoint region
[2019-12-09T01:52:26.231+0000][1][safepoint    ] Total time for which application threads were stopped: 0.0218484 seconds, Stopping threads took: 0.0217894 seconds
[2019-12-09T01:52:26.256+0000][1][safepoint    ] Application time: 0.0249322 seconds
[2019-12-09T01:52:26.266+0000][1][safepoint    ] Entering safepoint region: RevokeBias
[2019-12-09T01:52:26.266+0000][1][safepoint    ] Leaving safepoint region
[2019-12-09T01:52:26.266+0000][1][safepoint    ] Total time for which application threads were stopped: 0.0102426 seconds, Stopping threads took: 0.0101694 seconds
[2019-12-09T01:52:26.266+0000][1][safepoint    ] Application time: 0.0002208 seconds
[2019-12-09T01:52:26.266+0000][1][safepoint    ] Entering safepoint region: RevokeBias
[2019-12-09T01:52:26.266+0000][1][safepoint    ] Leaving safepoint region
[2019-12-09T01:52:26.266+0000][1][safepoint    ] Total time for which application threads were stopped: 0.0000515 seconds, Stopping threads took: 0.0000100 seconds
[2019-12-09T01:52:26.266+0000][1][safepoint    ] Application time: 0.0000602 seconds
[2019-12-09T01:52:26.266+0000][1][safepoint    ] Entering safepoint region: RevokeBias
[2019-12-09T01:52:26.266+0000][1][safepoint    ] Leaving safepoint region
[2019-12-09T01:52:26.266+0000][1][safepoint    ] Total time for which application threads were stopped: 0.0000398 seconds, Stopping threads took: 0.0000083 seconds
[2019-12-09T01:52:26.648+0000][1][safepoint    ] Application time: 0.3814085 seconds
[2019-12-09T01:52:26.667+0000][1][safepoint    ] Entering safepoint region: RevokeBias
[2019-12-09T01:52:26.667+0000][1][safepoint    ] Leaving safepoint region
[2019-12-09T01:52:26.667+0000][1][safepoint    ] Total time for which application threads were stopped: 0.0191932 seconds, Stopping threads took: 0.0191197 seconds
[2019-12-09T01:52:26.667+0000][1][safepoint    ] Application time: 0.0001030 seconds
[2019-12-09T01:52:26.667+0000][1][safepoint    ] Entering safepoint region: BulkRevokeBias
[2019-12-09T01:52:26.667+0000][1][safepoint    ] Leaving safepoint region
[2019-12-09T01:52:26.667+0000][1][safepoint    ] Total time for which application threads were stopped: 0.0000893 seconds, Stopping threads took: 0.0000100 seconds
[2019-12-09T01:52:26.667+0000][1][safepoint    ] Application time: 0.0001701 seconds
[2019-12-09T01:52:26.667+0000][1][safepoint    ] Entering safepoint region: RevokeBias
[2019-12-09T01:52:26.668+0000][1][safepoint    ] Leaving safepoint region
[2019-12-09T01:52:26.668+0000][1][safepoint    ] Total time for which application threads were stopped: 0.0000426 seconds, Stopping threads took: 0.0000093 seconds
[2019-12-09T01:52:26.668+0000][1][safepoint    ] Application time: 0.0001183 seconds
[2019-12-09T01:52:26.668+0000][1][safepoint    ] Entering safepoint region: RevokeBias
[2019-12-09T01:52:26.668+0000][1][safepoint    ] Leaving safepoint region
[2019-12-09T01:52:26.668+0000][1][safepoint    ] Total time for which application threads were stopped: 0.0000623 seconds, Stopping threads took: 0.0000086 seconds
[2019-12-09T01:52:26.668+0000][1][safepoint    ] Application time: 0.0001933 seconds
[2019-12-09T01:52:26.668+0000][1][safepoint    ] Entering safepoint region: RevokeBias
[2019-12-09T01:52:26.668+0000][1][safepoint    ] Leaving safepoint region
[2019-12-09T01:52:26.668+0000][1][safepoint    ] Total time for which application threads were stopped: 0.0000538 seconds, Stopping threads took: 0.0000094 seconds
[2019-12-09T01:52:26.668+0000][1][safepoint    ] Application time: 0.0000849 seconds
[2019-12-09T01:52:26.668+0000][1][safepoint    ] Entering safepoint region: RevokeBias
[2019-12-09T01:52:26.668+0000][1][safepoint    ] Leaving safepoint region
[2019-12-09T01:52:26.668+0000][1][safepoint    ] Total time for which application threads were stopped: 0.0000451 seconds, Stopping threads took: 0.0000079 seconds
[2019-12-09T01:52:26.668+0000][1][safepoint    ] Application time: 0.0001802 seconds
[2019-12-09T01:52:26.668+0000][1][safepoint    ] Entering safepoint region: RevokeBias
[2019-12-09T01:52:26.668+0000][1][safepoint    ] Leaving safepoint region
[2019-12-09T01:52:26.668+0000][1][safepoint    ] Total time for which application threads were stopped: 0.0000533 seconds, Stopping threads took: 0.0000097 seconds
[2019-12-09T01:52:26.668+0000][1][safepoint    ] Application time: 0.0000558 seconds
[2019-12-09T01:52:26.668+0000][1][safepoint    ] Entering safepoint region: RevokeBias
[2019-12-09T01:52:26.668+0000][1][safepoint    ] Leaving safepoint region
[2019-12-09T01:52:26.668+0000][1][safepoint    ] Total time for which application threads were stopped: 0.0000411 seconds, Stopping threads took: 0.0000074 seconds
[2019-12-09T01:52:26.669+0000][1][safepoint    ] Application time: 0.0000534 seconds
[2019-12-09T01:52:26.669+0000][1][safepoint    ] Entering safepoint region: RevokeBias
[2019-12-09T01:52:26.669+0000][1][safepoint    ] Leaving safepoint region
[2019-12-09T01:52:26.669+0000][1][safepoint    ] Total time for which application threads were stopped: 0.0000344 seconds, Stopping threads took: 0.0000073 seconds
[2019-12-09T01:52:26.669+0000][1][safepoint    ] Application time: 0.0000544 seconds
[2019-12-09T01:52:26.669+0000][1][safepoint    ] Entering safepoint region: RevokeBias
[2019-12-09T01:52:26.669+0000][1][safepoint    ] Leaving safepoint region
[2019-12-09T01:52:26.669+0000][1][safepoint    ] Total time for which application threads were stopped: 0.0000570 seconds, Stopping threads took: 0.0000244 seconds
[2019-12-09T01:52:26.669+0000][1][safepoint    ] Application time: 0.0000522 seconds
[2019-12-09T01:52:26.669+0000][1][safepoint    ] Entering safepoint region: RevokeBias
[2019-12-09T01:52:26.669+0000][1][safepoint    ] Leaving safepoint region
[2019-12-09T01:52:26.669+0000][1][safepoint    ] Total time for which application threads were stopped: 0.0000365 seconds, Stopping threads took: 0.0000080 seconds
[2019-12-09T01:52:26.669+0000][1][safepoint    ] Application time: 0.0000507 seconds
[2019-12-09T01:52:26.669+0000][1][safepoint    ] Entering safepoint region: RevokeBias
[2019-12-09T01:52:26.669+0000][1][safepoint    ] Leaving safepoint region
[2019-12-09T01:52:26.669+0000][1][safepoint    ] Total time for which application threads were stopped: 0.0000359 seconds, Stopping threads took: 0.0000078 seconds
[2019-12-09T01:52:26.669+0000][1][safepoint    ] Application time: 0.0000515 seconds
[2019-12-09T01:52:26.669+0000][1][safepoint    ] Entering safepoint region: RevokeBias
[2019-12-09T01:52:26.669+0000][1][safepoint    ] Leaving safepoint region
[2019-12-09T01:52:26.669+0000][1][safepoint    ] Total time for which application threads were stopped: 0.0000368 seconds, Stopping threads took: 0.0000080 seconds
[2019-12-09T01:52:26.669+0000][1][safepoint    ] Application time: 0.0000499 seconds
[2019-12-09T01:52:26.669+0000][1][safepoint    ] Entering safepoint region: RevokeBias
[2019-12-09T01:52:26.669+0000][1][safepoint    ] Leaving safepoint region
[2019-12-09T01:52:26.669+0000][1][safepoint    ] Total time for which application threads were stopped: 0.0000351 seconds, Stopping threads took: 0.0000071 seconds
[2019-12-09T01:52:26.669+0000][1][safepoint    ] Application time: 0.0000488 seconds
[2019-12-09T01:52:26.669+0000][1][safepoint    ] Entering safepoint region: RevokeBias
[2019-12-09T01:52:26.669+0000][1][safepoint    ] Leaving safepoint region
[2019-12-09T01:52:26.669+0000][1][safepoint    ] Total time for which application threads were stopped: 0.0000362 seconds, Stopping threads took: 0.0000078 seconds
[2019-12-09T01:52:26.669+0000][1][safepoint    ] Application time: 0.0000488 seconds
[2019-12-09T01:52:26.669+0000][1][safepoint    ] Entering safepoint region: RevokeBias
[2019-12-09T01:52:26.669+0000][1][safepoint    ] Leaving safepoint region
[2019-12-09T01:52:26.669+0000][1][safepoint    ] Total time for which application threads were stopped: 0.0000331 seconds, Stopping threads took: 0.0000069 seconds
[2019-12-09T01:52:26.669+0000][1][safepoint    ] Application time: 0.0000488 seconds
[2019-12-09T01:52:26.669+0000][1][safepoint    ] Entering safepoint region: RevokeBias
[2019-12-09T01:52:26.669+0000][1][safepoint    ] Leaving safepoint region
[2019-12-09T01:52:26.669+0000][1][safepoint    ] Total time for which application threads were stopped: 0.0000347 seconds, Stopping threads took: 0.0000071 seconds
[2019-12-09T01:52:26.669+0000][1][safepoint    ] Application time: 0.0000491 seconds
[2019-12-09T01:52:26.669+0000][1][safepoint    ] Entering safepoint region: RevokeBias
[2019-12-09T01:52:26.670+0000][1][safepoint    ] Leaving safepoint region
[2019-12-09T01:52:26.670+0000][1][safepoint    ] Total time for which application threads were stopped: 0.0000365 seconds, Stopping threads took: 0.0000077 seconds
[2019-12-09T01:52:26.670+0000][1][safepoint    ] Application time: 0.0000499 seconds
[2019-12-09T01:52:26.670+0000][1][safepoint    ] Entering safepoint region: RevokeBias
[2019-12-09T01:52:26.670+0000][1][safepoint    ] Leaving safepoint region
[2019-12-09T01:52:26.670+0000][1][safepoint    ] Total time for which application threads were stopped: 0.0000366 seconds, Stopping threads took: 0.0000080 seconds
[2019-12-09T01:52:26.670+0000][1][safepoint    ] Application time: 0.0000628 seconds
[2019-12-09T01:52:26.670+0000][1][safepoint    ] Entering safepoint region: RevokeBias
[2019-12-09T01:52:26.670+0000][1][safepoint    ] Leaving safepoint region
[2019-12-09T01:52:26.670+0000][1][safepoint    ] Total time for which application threads were stopped: 0.0000385 seconds, Stopping threads took: 0.0000083 seconds
[2019-12-09T01:52:26.670+0000][1][safepoint    ] Application time: 0.0000507 seconds
[2019-12-09T01:52:26.670+0000][1][safepoint    ] Entering safepoint region: RevokeBias
[2019-12-09T01:52:26.670+0000][1][safepoint    ] Leaving safepoint region
[2019-12-09T01:52:26.670+0000][1][safepoint    ] Total time for which application threads were stopped: 0.0000371 seconds, Stopping threads took: 0.0000080 seconds
[2019-12-09T01:52:26.670+0000][1][safepoint    ] Application time: 0.0000498 seconds
[2019-12-09T01:52:26.670+0000][1][safepoint    ] Entering safepoint region: RevokeBias
[2019-12-09T01:52:26.670+0000][1][safepoint    ] Leaving safepoint region
[2019-12-09T01:52:26.670+0000][1][safepoint    ] Total time for which application threads were stopped: 0.0000379 seconds, Stopping threads took: 0.0000078 seconds
[2019-12-09T01:52:26.670+0000][1][safepoint    ] Application time: 0.0000516 seconds
[2019-12-09T01:52:26.670+0000][1][safepoint    ] Entering safepoint region: RevokeBias
[2019-12-09T01:52:26.670+0000][1][safepoint    ] Leaving safepoint region
[2019-12-09T01:52:26.670+0000][1][safepoint    ] Total time for which application threads were stopped: 0.0000387 seconds, Stopping threads took: 0.0000085 seconds
[2019-12-09T01:52:26.670+0000][1][safepoint    ] Application time: 0.0000512 seconds
[2019-12-09T01:52:26.670+0000][1][safepoint    ] Entering safepoint region: BulkRevokeBias
[2019-12-09T01:52:26.670+0000][1][safepoint    ] Leaving safepoint region
[2019-12-09T01:52:26.670+0000][1][safepoint    ] Total time for which application threads were stopped: 0.0000913 seconds, Stopping threads took: 0.0000084 seconds
[2019-12-09T01:52:26.670+0000][1][safepoint    ] Application time: 0.0001598 seconds
[2019-12-09T01:52:26.670+0000][1][safepoint    ] Entering safepoint region: RevokeBias
[2019-12-09T01:52:26.670+0000][1][safepoint    ] Leaving safepoint region
[2019-12-09T01:52:26.670+0000][1][safepoint    ] Total time for which application threads were stopped: 0.0000504 seconds, Stopping threads took: 0.0000081 seconds
[2019-12-09T01:52:26.671+0000][1][safepoint    ] Application time: 0.0001392 seconds
[2019-12-09T01:52:26.671+0000][1][safepoint    ] Entering safepoint region: RevokeBias
[2019-12-09T01:52:26.671+0000][1][safepoint    ] Leaving safepoint region
[2019-12-09T01:52:26.671+0000][1][safepoint    ] Total time for which application threads were stopped: 0.0000481 seconds, Stopping threads took: 0.0000083 seconds
[2019-12-09T01:52:26.671+0000][1][safepoint    ] Application time: 0.0000715 seconds
[2019-12-09T01:52:26.671+0000][1][safepoint    ] Entering safepoint region: RevokeBias
[2019-12-09T01:52:26.671+0000][1][safepoint    ] Leaving safepoint region
[2019-12-09T01:52:26.671+0000][1][safepoint    ] Total time for which application threads were stopped: 0.0000408 seconds, Stopping threads took: 0.0000082 seconds
[2019-12-09T01:52:26.671+0000][1][safepoint    ] Application time: 0.0000712 seconds
[2019-12-09T01:52:26.671+0000][1][safepoint    ] Entering safepoint region: RevokeBias
[2019-12-09T01:52:26.671+0000][1][safepoint    ] Leaving safepoint region
[2019-12-09T01:52:26.671+0000][1][safepoint    ] Total time for which application threads were stopped: 0.0000409 seconds, Stopping threads took: 0.0000084 seconds
[2019-12-09T01:52:26.671+0000][1][safepoint    ] Application time: 0.0000564 seconds
[2019-12-09T01:52:26.671+0000][1][safepoint    ] Entering safepoint region: RevokeBias
[2019-12-09T01:52:26.671+0000][1][safepoint    ] Leaving safepoint region
[2019-12-09T01:52:26.671+0000][1][safepoint    ] Total time for which application threads were stopped: 0.0000414 seconds, Stopping threads took: 0.0000081 seconds
[2019-12-09T01:52:26.671+0000][1][safepoint    ] Application time: 0.0001683 seconds
[2019-12-09T01:52:26.671+0000][1][safepoint    ] Entering safepoint region: RevokeBias
[2019-12-09T01:52:26.671+0000][1][safepoint    ] Leaving safepoint region
[2019-12-09T01:52:26.671+0000][1][safepoint    ] Total time for which application threads were stopped: 0.0000386 seconds, Stopping threads took: 0.0000080 seconds
[2019-12-09T01:52:26.672+0000][1][safepoint    ] Application time: 0.0002785 seconds
[2019-12-09T01:52:26.672+0000][1][safepoint    ] Entering safepoint region: RevokeBias
[2019-12-09T01:52:26.672+0000][1][safepoint    ] Leaving safepoint region
[2019-12-09T01:52:26.672+0000][1][safepoint    ] Total time for which application threads were stopped: 0.0000575 seconds, Stopping threads took: 0.0000106 seconds
[2019-12-09T01:52:26.672+0000][1][safepoint    ] Application time: 0.0000948 seconds
[2019-12-09T01:52:26.672+0000][1][safepoint    ] Entering safepoint region: RevokeBias
[2019-12-09T01:52:26.672+0000][1][safepoint    ] Leaving safepoint region
[2019-12-09T01:52:26.672+0000][1][safepoint    ] Total time for which application threads were stopped: 0.0000551 seconds, Stopping threads took: 0.0000078 seconds
[2019-12-09T01:52:26.672+0000][1][safepoint    ] Application time: 0.0001773 seconds
[2019-12-09T01:52:26.672+0000][1][safepoint    ] Entering safepoint region: RevokeBias
[2019-12-09T01:52:26.672+0000][1][safepoint    ] Leaving safepoint region
[2019-12-09T01:52:26.672+0000][1][safepoint    ] Total time for which application threads were stopped: 0.0000456 seconds, Stopping threads took: 0.0000092 seconds
[2019-12-09T01:52:26.672+0000][1][safepoint    ] Application time: 0.0000643 seconds
[2019-12-09T01:52:26.672+0000][1][safepoint    ] Entering safepoint region: RevokeBias
[2019-12-09T01:52:26.672+0000][1][safepoint    ] Leaving safepoint region
[2019-12-09T01:52:26.672+0000][1][safepoint    ] Total time for which application threads were stopped: 0.0000431 seconds, Stopping threads took: 0.0000092 seconds
[2019-12-09T01:52:26.672+0000][1][safepoint    ] Application time: 0.0000572 seconds
[2019-12-09T01:52:26.672+0000][1][safepoint    ] Entering safepoint region: RevokeBias
[2019-12-09T01:52:26.672+0000][1][safepoint    ] Leaving safepoint region
[2019-12-09T01:52:26.672+0000][1][safepoint    ] Total time for which application threads were stopped: 0.0000406 seconds, Stopping threads took: 0.0000084 seconds
[2019-12-09T01:52:26.672+0000][1][safepoint    ] Application time: 0.0000495 seconds
[2019-12-09T01:52:26.672+0000][1][safepoint    ] Entering safepoint region: RevokeBias
[2019-12-09T01:52:26.672+0000][1][safepoint    ] Leaving safepoint region
[2019-12-09T01:52:26.672+0000][1][safepoint    ] Total time for which application threads were stopped: 0.0000478 seconds, Stopping threads took: 0.0000080 seconds
[2019-12-09T01:52:26.673+0000][1][safepoint    ] Application time: 0.0003561 seconds
[2019-12-09T01:52:26.673+0000][1][safepoint    ] Entering safepoint region: RevokeBias
[2019-12-09T01:52:26.673+0000][1][safepoint    ] Leaving safepoint region
[2019-12-09T01:52:26.673+0000][1][safepoint    ] Total time for which application threads were stopped: 0.0000518 seconds, Stopping threads took: 0.0000108 seconds
[2019-12-09T01:52:26.673+0000][1][safepoint    ] Application time: 0.0001313 seconds
[2019-12-09T01:52:26.673+0000][1][safepoint    ] Entering safepoint region: RevokeBias
[2019-12-09T01:52:26.673+0000][1][safepoint    ] Leaving safepoint region
[2019-12-09T01:52:26.673+0000][1][safepoint    ] Total time for which application threads were stopped: 0.0000471 seconds, Stopping threads took: 0.0000084 seconds
[2019-12-09T01:52:26.673+0000][1][safepoint    ] Application time: 0.0001621 seconds
[2019-12-09T01:52:26.673+0000][1][safepoint    ] Entering safepoint region: RevokeBias
[2019-12-09T01:52:26.673+0000][1][safepoint    ] Leaving safepoint region
[2019-12-09T01:52:26.673+0000][1][safepoint    ] Total time for which application threads were stopped: 0.0000502 seconds, Stopping threads took: 0.0000094 seconds
[2019-12-09T01:52:26.674+0000][1][safepoint    ] Application time: 0.0003072 seconds
[2019-12-09T01:52:26.674+0000][1][safepoint    ] Entering safepoint region: RevokeBias
[2019-12-09T01:52:26.674+0000][1][safepoint    ] Leaving safepoint region
[2019-12-09T01:52:26.674+0000][1][safepoint    ] Total time for which application threads were stopped: 0.0000503 seconds, Stopping threads took: 0.0000098 seconds
[2019-12-09T01:52:26.674+0000][1][safepoint    ] Application time: 0.0004453 seconds
[2019-12-09T01:52:26.674+0000][1][safepoint    ] Entering safepoint region: RevokeBias
[2019-12-09T01:52:26.674+0000][1][safepoint    ] Leaving safepoint region
[2019-12-09T01:52:26.674+0000][1][safepoint    ] Total time for which application threads were stopped: 0.0000514 seconds, Stopping threads took: 0.0000111 seconds
[2019-12-09T01:52:26.674+0000][1][safepoint    ] Application time: 0.0001298 seconds
[2019-12-09T01:52:26.674+0000][1][safepoint    ] Entering safepoint region: RevokeBias
[2019-12-09T01:52:26.674+0000][1][safepoint    ] Leaving safepoint region
[2019-12-09T01:52:26.674+0000][1][safepoint    ] Total time for which application threads were stopped: 0.0000483 seconds, Stopping threads took: 0.0000089 seconds
[2019-12-09T01:52:26.675+0000][1][safepoint    ] Application time: 0.0002127 seconds
[2019-12-09T01:52:26.675+0000][1][safepoint    ] Entering safepoint region: BulkRevokeBias
[2019-12-09T01:52:26.675+0000][1][safepoint    ] Leaving safepoint region
[2019-12-09T01:52:26.675+0000][1][safepoint    ] Total time for which application threads were stopped: 0.0001101 seconds, Stopping threads took: 0.0000097 seconds
[2019-12-09T01:52:26.676+0000][1][safepoint    ] Application time: 0.0015851 seconds
[2019-12-09T01:52:26.676+0000][1][safepoint    ] Entering safepoint region: RevokeBias
[2019-12-09T01:52:26.676+0000][1][safepoint    ] Leaving safepoint region
[2019-12-09T01:52:26.676+0000][1][safepoint    ] Total time for which application threads were stopped: 0.0000575 seconds, Stopping threads took: 0.0000108 seconds
[2019-12-09T01:52:26.677+0000][1][safepoint    ] Application time: 0.0004121 seconds
[2019-12-09T01:52:26.677+0000][1][safepoint    ] Entering safepoint region: RevokeBias
[2019-12-09T01:52:26.677+0000][1][safepoint    ] Leaving safepoint region
[2019-12-09T01:52:26.677+0000][1][safepoint    ] Total time for which application threads were stopped: 0.0000783 seconds, Stopping threads took: 0.0000113 seconds
[2019-12-09T01:52:26.678+0000][1][safepoint    ] Application time: 0.0009076 seconds
[2019-12-09T01:52:26.678+0000][1][safepoint    ] Entering safepoint region: RevokeBias
[2019-12-09T01:52:26.678+0000][1][safepoint    ] Leaving safepoint region
[2019-12-09T01:52:26.678+0000][1][safepoint    ] Total time for which application threads were stopped: 0.0000546 seconds, Stopping threads took: 0.0000104 seconds
[2019-12-09T01:52:26.678+0000][1][safepoint    ] Application time: 0.0000588 seconds
[2019-12-09T01:52:26.678+0000][1][safepoint    ] Entering safepoint region: RevokeBias
[2019-12-09T01:52:26.678+0000][1][safepoint    ] Leaving safepoint region
[2019-12-09T01:52:26.678+0000][1][safepoint    ] Total time for which application threads were stopped: 0.0000396 seconds, Stopping threads took: 0.0000085 seconds
[2019-12-09T01:52:26.678+0000][1][safepoint    ] Application time: 0.0000549 seconds
[2019-12-09T01:52:26.678+0000][1][safepoint    ] Entering safepoint region: RevokeBias
[2019-12-09T01:52:26.678+0000][1][safepoint    ] Leaving safepoint region
[2019-12-09T01:52:26.678+0000][1][safepoint    ] Total time for which application threads were stopped: 0.0000381 seconds, Stopping threads took: 0.0000081 seconds
[2019-12-09T01:52:26.678+0000][1][safepoint    ] Application time: 0.0000521 seconds
[2019-12-09T01:52:26.678+0000][1][safepoint    ] Entering safepoint region: RevokeBias
[2019-12-09T01:52:26.678+0000][1][safepoint    ] Leaving safepoint region
[2019-12-09T01:52:26.678+0000][1][safepoint    ] Total time for which application threads were stopped: 0.0000373 seconds, Stopping threads took: 0.0000083 seconds
[2019-12-09T01:52:26.678+0000][1][safepoint    ] Application time: 0.0000512 seconds
[2019-12-09T01:52:26.678+0000][1][safepoint    ] Entering safepoint region: RevokeBias
[2019-12-09T01:52:26.678+0000][1][safepoint    ] Leaving safepoint region
[2019-12-09T01:52:26.678+0000][1][safepoint    ] Total time for which application threads were stopped: 0.0000361 seconds, Stopping threads took: 0.0000079 seconds
[2019-12-09T01:52:26.678+0000][1][safepoint    ] Application time: 0.0000533 seconds
[2019-12-09T01:52:26.678+0000][1][safepoint    ] Entering safepoint region: RevokeBias
[2019-12-09T01:52:26.678+0000][1][safepoint    ] Leaving safepoint region
[2019-12-09T01:52:26.678+0000][1][safepoint    ] Total time for which application threads were stopped: 0.0000355 seconds, Stopping threads took: 0.0000073 seconds
[2019-12-09T01:52:26.679+0000][1][safepoint    ] Application time: 0.0000504 seconds
[2019-12-09T01:52:26.679+0000][1][safepoint    ] Entering safepoint region: RevokeBias
[2019-12-09T01:52:26.679+0000][1][safepoint    ] Leaving safepoint region
[2019-12-09T01:52:26.679+0000][1][safepoint    ] Total time for which application threads were stopped: 0.0000346 seconds, Stopping threads took: 0.0000073 seconds
[2019-12-09T01:52:26.679+0000][1][safepoint    ] Application time: 0.0000528 seconds
[2019-12-09T01:52:26.679+0000][1][safepoint    ] Entering safepoint region: RevokeBias
[2019-12-09T01:52:26.679+0000][1][safepoint    ] Leaving safepoint region
[2019-12-09T01:52:26.679+0000][1][safepoint    ] Total time for which application threads were stopped: 0.0000541 seconds, Stopping threads took: 0.0000080 seconds
[2019-12-09T01:52:26.679+0000][1][safepoint    ] Application time: 0.0000532 seconds
[2019-12-09T01:52:26.679+0000][1][safepoint    ] Entering safepoint region: RevokeBias
[2019-12-09T01:52:26.679+0000][1][safepoint    ] Leaving safepoint region
[2019-12-09T01:52:26.679+0000][1][safepoint    ] Total time for which application threads were stopped: 0.0000385 seconds, Stopping threads took: 0.0000082 seconds
[2019-12-09T01:52:26.679+0000][1][safepoint    ] Application time: 0.0000584 seconds
[2019-12-09T01:52:26.679+0000][1][safepoint    ] Entering safepoint region: RevokeBias
[2019-12-09T01:52:26.679+0000][1][safepoint    ] Leaving safepoint region
[2019-12-09T01:52:26.679+0000][1][safepoint    ] Total time for which application threads were stopped: 0.0000366 seconds, Stopping threads took: 0.0000081 seconds
[2019-12-09T01:52:26.679+0000][1][safepoint    ] Application time: 0.0000533 seconds
[2019-12-09T01:52:26.679+0000][1][safepoint    ] Entering safepoint region: RevokeBias
[2019-12-09T01:52:26.679+0000][1][safepoint    ] Leaving safepoint region
[2019-12-09T01:52:26.679+0000][1][safepoint    ] Total time for which application threads were stopped: 0.0000354 seconds, Stopping threads took: 0.0000081 seconds
[2019-12-09T01:52:26.679+0000][1][safepoint    ] Application time: 0.0000515 seconds
[2019-12-09T01:52:26.679+0000][1][safepoint    ] Entering safepoint region: RevokeBias
[2019-12-09T01:52:26.679+0000][1][safepoint    ] Leaving safepoint region
[2019-12-09T01:52:26.679+0000][1][safepoint    ] Total time for which application threads were stopped: 0.0000387 seconds, Stopping threads took: 0.0000085 seconds
[2019-12-09T01:52:26.679+0000][1][safepoint    ] Application time: 0.0000512 seconds
[2019-12-09T01:52:26.679+0000][1][safepoint    ] Entering safepoint region: RevokeBias
[2019-12-09T01:52:26.679+0000][1][safepoint    ] Leaving safepoint region
[2019-12-09T01:52:26.679+0000][1][safepoint    ] Total time for which application threads were stopped: 0.0000364 seconds, Stopping threads took: 0.0000084 seconds
[2019-12-09T01:52:26.679+0000][1][safepoint    ] Application time: 0.0000521 seconds
[2019-12-09T01:52:26.679+0000][1][safepoint    ] Entering safepoint region: RevokeBias
[2019-12-09T01:52:26.679+0000][1][safepoint    ] Leaving safepoint region
[2019-12-09T01:52:26.679+0000][1][safepoint    ] Total time for which application threads were stopped: 0.0000351 seconds, Stopping threads took: 0.0000078 seconds
[2019-12-09T01:52:26.679+0000][1][safepoint    ] Application time: 0.0000505 seconds
[2019-12-09T01:52:26.679+0000][1][safepoint    ] Entering safepoint region: RevokeBias
[2019-12-09T01:52:26.679+0000][1][safepoint    ] Leaving safepoint region
[2019-12-09T01:52:26.679+0000][1][safepoint    ] Total time for which application threads were stopped: 0.0000351 seconds, Stopping threads took: 0.0000074 seconds
[2019-12-09T01:52:26.679+0000][1][safepoint    ] Application time: 0.0000525 seconds
[2019-12-09T01:52:26.680+0000][1][safepoint    ] Entering safepoint region: RevokeBias
[2019-12-09T01:52:26.680+0000][1][safepoint    ] Leaving safepoint region
[2019-12-09T01:52:26.680+0000][1][safepoint    ] Total time for which application threads were stopped: 0.0000355 seconds, Stopping threads took: 0.0000083 seconds
[2019-12-09T01:52:26.680+0000][1][safepoint    ] Application time: 0.0000504 seconds
[2019-12-09T01:52:26.680+0000][1][safepoint    ] Entering safepoint region: RevokeBias
[2019-12-09T01:52:26.680+0000][1][safepoint    ] Leaving safepoint region
[2019-12-09T01:52:26.680+0000][1][safepoint    ] Total time for which application threads were stopped: 0.0000369 seconds, Stopping threads took: 0.0000082 seconds
[2019-12-09T01:52:26.680+0000][1][safepoint    ] Application time: 0.0000684 seconds
[2019-12-09T01:52:26.680+0000][1][safepoint    ] Entering safepoint region: RevokeBias
[2019-12-09T01:52:26.680+0000][1][safepoint    ] Leaving safepoint region
[2019-12-09T01:52:26.680+0000][1][safepoint    ] Total time for which application threads were stopped: 0.0000372 seconds, Stopping threads took: 0.0000076 seconds
[2019-12-09T01:52:26.680+0000][1][safepoint    ] Application time: 0.0000522 seconds
[2019-12-09T01:52:26.680+0000][1][safepoint    ] Entering safepoint region: RevokeBias
[2019-12-09T01:52:26.680+0000][1][safepoint    ] Leaving safepoint region
[2019-12-09T01:52:26.680+0000][1][safepoint    ] Total time for which application threads were stopped: 0.0000370 seconds, Stopping threads took: 0.0000085 seconds
[2019-12-09T01:52:26.680+0000][1][safepoint    ] Application time: 0.0000516 seconds
[2019-12-09T01:52:26.680+0000][1][safepoint    ] Entering safepoint region: BulkRevokeBias
[2019-12-09T01:52:26.680+0000][1][safepoint    ] Leaving safepoint region
[2019-12-09T01:52:26.680+0000][1][safepoint    ] Total time for which application threads were stopped: 0.0000978 seconds, Stopping threads took: 0.0000078 seconds
[2019-12-09T01:52:26.733+0000][1][safepoint    ] Application time: 0.0526632 seconds
[2019-12-09T01:52:26.733+0000][1][safepoint    ] Entering safepoint region: RevokeBias
[2019-12-09T01:52:26.733+0000][1][safepoint    ] Leaving safepoint region
[2019-12-09T01:52:26.733+0000][1][safepoint    ] Total time for which application threads were stopped: 0.0001015 seconds, Stopping threads took: 0.0000129 seconds
[2019-12-09T01:52:26.733+0000][1][safepoint    ] Application time: 0.0005465 seconds
[2019-12-09T01:52:26.733+0000][1][safepoint    ] Entering safepoint region: RevokeBias
[2019-12-09T01:52:26.734+0000][1][safepoint    ] Leaving safepoint region
[2019-12-09T01:52:26.734+0000][1][safepoint    ] Total time for which application threads were stopped: 0.0000979 seconds, Stopping threads took: 0.0000106 seconds
[2019-12-09T01:52:26.734+0000][1][safepoint    ] Application time: 0.0000627 seconds
[2019-12-09T01:52:26.734+0000][1][safepoint    ] Entering safepoint region: RevokeBias
[2019-12-09T01:52:26.734+0000][1][safepoint    ] Leaving safepoint region
[2019-12-09T01:52:26.734+0000][1][safepoint    ] Total time for which application threads were stopped: 0.0000553 seconds, Stopping threads took: 0.0000085 seconds
[2019-12-09T01:52:26.735+0000][1][safepoint    ] Application time: 0.0016208 seconds
[2019-12-09T01:52:26.735+0000][1][safepoint    ] Entering safepoint region: RevokeBias
[2019-12-09T01:52:26.735+0000][1][safepoint    ] Leaving safepoint region
[2019-12-09T01:52:26.735+0000][1][safepoint    ] Total time for which application threads were stopped: 0.0000835 seconds, Stopping threads took: 0.0000099 seconds
[2019-12-09T01:52:26.736+0000][1][safepoint    ] Application time: 0.0002516 seconds
[2019-12-09T01:52:26.736+0000][1][safepoint    ] Entering safepoint region: RevokeBias
[2019-12-09T01:52:26.736+0000][1][safepoint    ] Leaving safepoint region
[2019-12-09T01:52:26.736+0000][1][safepoint    ] Total time for which application threads were stopped: 0.0000771 seconds, Stopping threads took: 0.0000102 seconds
[2019-12-09T01:52:26.756+0000][1][safepoint    ] Application time: 0.0199604 seconds
[2019-12-09T01:52:26.756+0000][1][safepoint    ] Entering safepoint region: RevokeBias
[2019-12-09T01:52:26.756+0000][1][safepoint    ] Leaving safepoint region
[2019-12-09T01:52:26.756+0000][1][safepoint    ] Total time for which application threads were stopped: 0.0000456 seconds, Stopping threads took: 0.0000121 seconds
[2019-12-09T01:52:27.145+0000][1][safepoint    ] Application time: 0.3895760 seconds
[2019-12-09T01:52:27.145+0000][1][safepoint    ] Entering safepoint region: RevokeBias
[2019-12-09T01:52:27.146+0000][1][safepoint    ] Leaving safepoint region
[2019-12-09T01:52:27.146+0000][1][safepoint    ] Total time for which application threads were stopped: 0.0001590 seconds, Stopping threads took: 0.0000146 seconds
[2019-12-09T01:52:27.146+0000][1][safepoint    ] Application time: 0.0000615 seconds
[2019-12-09T01:52:27.146+0000][1][safepoint    ] Entering safepoint region: RevokeBias
[2019-12-09T01:52:27.146+0000][1][safepoint    ] Leaving safepoint region
[2019-12-09T01:52:27.146+0000][1][safepoint    ] Total time for which application threads were stopped: 0.0000647 seconds, Stopping threads took: 0.0000181 seconds
[2019-12-09T01:52:27.323+0000][1][safepoint    ] Application time: 0.1769903 seconds
[2019-12-09T01:52:27.351+0000][1][safepoint    ] Entering safepoint region: RevokeBias
[2019-12-09T01:52:27.351+0000][1][safepoint    ] Leaving safepoint region
[2019-12-09T01:52:27.351+0000][1][safepoint    ] Total time for which application threads were stopped: 0.0280426 seconds, Stopping threads took: 0.0279837 seconds
[2019-12-09T01:52:28.211+0000][1][safepoint    ] Application time: 0.8604983 seconds
[2019-12-09T01:52:28.271+0000][1][safepoint    ] Entering safepoint region: RevokeBias
[2019-12-09T01:52:28.271+0000][1][safepoint    ] Leaving safepoint region
[2019-12-09T01:52:28.271+0000][1][safepoint    ] Total time for which application threads were stopped: 0.0595569 seconds, Stopping threads took: 0.0594825 seconds
[2019-12-09T01:52:28.271+0000][1][safepoint    ] Application time: 0.0001110 seconds
[2019-12-09T01:52:28.271+0000][1][safepoint    ] Entering safepoint region: RevokeBias
[2019-12-09T01:52:28.271+0000][1][safepoint    ] Leaving safepoint region
[2019-12-09T01:52:28.271+0000][1][safepoint    ] Total time for which application threads were stopped: 0.0000495 seconds, Stopping threads took: 0.0000095 seconds
[2019-12-09T01:52:28.821+0000][1][safepoint    ] Application time: 0.5496353 seconds
[2019-12-09T01:52:28.821+0000][1][safepoint    ] Entering safepoint region: RevokeBias
[2019-12-09T01:52:28.821+0000][1][safepoint    ] Leaving safepoint region
[2019-12-09T01:52:28.821+0000][1][safepoint    ] Total time for which application threads were stopped: 0.0005603 seconds, Stopping threads took: 0.0000875 seconds
[2019-12-09T01:52:29.272+0000][1][safepoint    ] Application time: 0.4509114 seconds
[2019-12-09T01:52:29.298+0000][1][safepoint    ] Entering safepoint region: RevokeBias
[2019-12-09T01:52:29.298+0000][1][safepoint    ] Leaving safepoint region
[2019-12-09T01:52:29.298+0000][1][safepoint    ] Total time for which application threads were stopped: 0.0256064 seconds, Stopping threads took: 0.0254990 seconds
[2019-12-09T01:52:29.584+0000][1][safepoint    ] Application time: 0.2857623 seconds
[2019-12-09T01:52:29.584+0000][1][safepoint    ] Entering safepoint region: RevokeBias
[2019-12-09T01:52:29.584+0000][1][safepoint    ] Leaving safepoint region
[2019-12-09T01:52:29.584+0000][1][safepoint    ] Total time for which application threads were stopped: 0.0000839 seconds, Stopping threads took: 0.0000178 seconds
[2019-12-09T01:52:29.593+0000][1][safepoint    ] Application time: 0.0090305 seconds
[2019-12-09T01:52:29.593+0000][1][safepoint    ] Entering safepoint region: RevokeBias
[2019-12-09T01:52:29.593+0000][1][safepoint    ] Leaving safepoint region
[2019-12-09T01:52:29.593+0000][1][safepoint    ] Total time for which application threads were stopped: 0.0000701 seconds, Stopping threads took: 0.0000151 seconds
[2019-12-09T01:52:29.618+0000][1][safepoint    ] Application time: 0.0253783 seconds
[2019-12-09T01:52:29.618+0000][1][safepoint    ] Entering safepoint region: RevokeBias
[2019-12-09T01:52:29.618+0000][1][safepoint    ] Leaving safepoint region
[2019-12-09T01:52:29.618+0000][1][safepoint    ] Total time for which application threads were stopped: 0.0000610 seconds, Stopping threads took: 0.0000137 seconds
[2019-12-09T01:52:29.639+0000][1][safepoint    ] Application time: 0.0201341 seconds
[2019-12-09T01:52:29.639+0000][1][safepoint    ] Entering safepoint region: RevokeBias
[2019-12-09T01:52:29.639+0000][1][safepoint    ] Leaving safepoint region
[2019-12-09T01:52:29.639+0000][1][safepoint    ] Total time for which application threads were stopped: 0.0000604 seconds, Stopping threads took: 0.0000140 seconds
[2019-12-09T01:52:29.675+0000][1][safepoint    ] Application time: 0.0358869 seconds
[2019-12-09T01:52:29.675+0000][1][safepoint    ] Entering safepoint region: RevokeBias
[2019-12-09T01:52:29.675+0000][1][safepoint    ] Leaving safepoint region
[2019-12-09T01:52:29.675+0000][1][safepoint    ] Total time for which application threads were stopped: 0.0000709 seconds, Stopping threads took: 0.0000172 seconds
[2019-12-09T01:52:29.755+0000][1][safepoint    ] Application time: 0.0805460 seconds
[2019-12-09T01:52:29.755+0000][1][safepoint    ] Entering safepoint region: RevokeBias
[2019-12-09T01:52:29.755+0000][1][safepoint    ] Leaving safepoint region
[2019-12-09T01:52:29.755+0000][1][safepoint    ] Total time for which application threads were stopped: 0.0000660 seconds, Stopping threads took: 0.0000144 seconds
[2019-12-09T01:52:29.794+0000][1][safepoint    ] Application time: 0.0381989 seconds
[2019-12-09T01:52:29.794+0000][1][safepoint    ] Entering safepoint region: RevokeBias
[2019-12-09T01:52:29.794+0000][1][safepoint    ] Leaving safepoint region
[2019-12-09T01:52:29.794+0000][1][safepoint    ] Total time for which application threads were stopped: 0.0000690 seconds, Stopping threads took: 0.0000154 seconds
[2019-12-09T01:52:29.815+0000][1][safepoint    ] Application time: 0.0212138 seconds
[2019-12-09T01:52:29.815+0000][1][safepoint    ] Entering safepoint region: GenCollectForAllocation
[2019-12-09T01:52:29.815+0000][1][gc,start     ] GC(19) Pause Young (Allocation Failure)
[2019-12-09T01:52:29.815+0000][1][gc,task      ] GC(19) Using 2 workers of 2 for evacuation
[2019-12-09T01:52:30.009+0000][1][gc,age       ] GC(19) Desired survivor size 4456448 bytes, new threshold 2 (max threshold 6)
[2019-12-09T01:52:30.009+0000][1][gc,age       ] GC(19) Age table with threshold 2 (max threshold 6)
[2019-12-09T01:52:30.009+0000][1][gc,age       ] GC(19) - age   1:    1268680 bytes,    1268680 total
[2019-12-09T01:52:30.009+0000][1][gc,age       ] GC(19) - age   2:    3232472 bytes,    4501152 total
[2019-12-09T01:52:30.009+0000][1][gc,heap      ] GC(19) ParNew: 78656K->5480K(78656K)
[2019-12-09T01:52:30.009+0000][1][gc,heap      ] GC(19) CMS: 55756K->58961K(174784K)
[2019-12-09T01:52:30.009+0000][1][gc,metaspace ] GC(19) Metaspace: 51049K->51049K(1095680K)
[2019-12-09T01:52:30.009+0000][1][gc           ] GC(19) Pause Young (Allocation Failure) 131M->62M(247M) 194.403ms
[2019-12-09T01:52:30.009+0000][1][gc,cpu       ] GC(19) User=0.05s Sys=0.00s Real=0.19s
[2019-12-09T01:52:30.009+0000][1][safepoint    ] Leaving safepoint region
[2019-12-09T01:52:30.009+0000][1][safepoint    ] Total time for which application threads were stopped: 0.1945394 seconds, Stopping threads took: 0.0000157 seconds
[2019-12-09T01:52:30.068+0000][1][safepoint    ] Application time: 0.0587180 seconds
[2019-12-09T01:52:30.068+0000][1][safepoint    ] Entering safepoint region: RevokeBias
[2019-12-09T01:52:30.068+0000][1][safepoint    ] Leaving safepoint region
[2019-12-09T01:52:30.068+0000][1][safepoint    ] Total time for which application threads were stopped: 0.0000685 seconds, Stopping threads took: 0.0000157 seconds
[2019-12-09T01:52:30.319+0000][1][safepoint    ] Application time: 0.2504544 seconds
[2019-12-09T01:52:30.366+0000][1][safepoint    ] Entering safepoint region: RevokeBias
[2019-12-09T01:52:30.366+0000][1][safepoint    ] Leaving safepoint region
[2019-12-09T01:52:30.366+0000][1][safepoint    ] Total time for which application threads were stopped: 0.0470720 seconds, Stopping threads took: 0.0469924 seconds
[2019-12-09T01:52:31.376+0000][1][safepoint    ] Application time: 1.0098814 seconds
[2019-12-09T01:52:31.422+0000][1][safepoint    ] Entering safepoint region: Cleanup
[2019-12-09T01:52:31.422+0000][1][safepoint    ] Leaving safepoint region
[2019-12-09T01:52:31.422+0000][1][safepoint    ] Total time for which application threads were stopped: 0.0465453 seconds, Stopping threads took: 0.0460398 seconds
[2019-12-09T01:52:31.903+0000][1][safepoint    ] Application time: 0.4804128 seconds
[2019-12-09T01:52:31.903+0000][1][safepoint    ] Entering safepoint region: RevokeBias
[2019-12-09T01:52:31.903+0000][1][safepoint    ] Leaving safepoint region
[2019-12-09T01:52:31.903+0000][1][safepoint    ] Total time for which application threads were stopped: 0.0001045 seconds, Stopping threads took: 0.0000249 seconds
[2019-12-09T01:52:32.912+0000][1][safepoint    ] Application time: 1.0088483 seconds
[2019-12-09T01:52:32.961+0000][1][safepoint    ] Entering safepoint region: Cleanup
[2019-12-09T01:52:32.961+0000][1][safepoint    ] Leaving safepoint region
[2019-12-09T01:52:32.961+0000][1][safepoint    ] Total time for which application threads were stopped: 0.0491295 seconds, Stopping threads took: 0.0490275 seconds
[2019-12-09T01:52:33.408+0000][1][safepoint    ] Application time: 0.4468379 seconds
[2019-12-09T01:52:33.408+0000][1][safepoint    ] Entering safepoint region: RevokeBias
[2019-12-09T01:52:33.408+0000][1][safepoint    ] Leaving safepoint region
[2019-12-09T01:52:33.408+0000][1][safepoint    ] Total time for which application threads were stopped: 0.0000818 seconds, Stopping threads took: 0.0000174 seconds
[2019-12-09T01:52:33.443+0000][1][safepoint    ] Application time: 0.0348928 seconds
[2019-12-09T01:52:33.443+0000][1][safepoint    ] Entering safepoint region: RevokeBias
[2019-12-09T01:52:33.443+0000][1][safepoint    ] Leaving safepoint region
[2019-12-09T01:52:33.443+0000][1][safepoint    ] Total time for which application threads were stopped: 0.0000692 seconds, Stopping threads took: 0.0000152 seconds
[2019-12-09T01:52:34.444+0000][1][safepoint    ] Application time: 1.0007111 seconds
[2019-12-09T01:52:34.444+0000][1][safepoint    ] Entering safepoint region: Cleanup
[2019-12-09T01:52:34.444+0000][1][safepoint    ] Leaving safepoint region
[2019-12-09T01:52:34.444+0000][1][safepoint    ] Total time for which application threads were stopped: 0.0002002 seconds, Stopping threads took: 0.0001392 seconds
[2019-12-09T01:52:34.573+0000][1][safepoint    ] Application time: 0.1288790 seconds
[2019-12-09T01:52:34.573+0000][1][safepoint    ] Entering safepoint region: Deoptimize
[2019-12-09T01:52:34.573+0000][1][safepoint    ] Leaving safepoint region
[2019-12-09T01:52:34.573+0000][1][safepoint    ] Total time for which application threads were stopped: 0.0006180 seconds, Stopping threads took: 0.0000153 seconds
[2019-12-09T01:52:34.696+0000][1][safepoint    ] Application time: 0.1223751 seconds
[2019-12-09T01:52:34.696+0000][1][safepoint    ] Entering safepoint region: RevokeBias
[2019-12-09T01:52:34.696+0000][1][safepoint    ] Leaving safepoint region
[2019-12-09T01:52:34.696+0000][1][safepoint    ] Total time for which application threads were stopped: 0.0000856 seconds, Stopping threads took: 0.0000162 seconds
[2019-12-09T01:52:34.698+0000][1][safepoint    ] Application time: 0.0021482 seconds
[2019-12-09T01:52:34.698+0000][1][safepoint    ] Entering safepoint region: RevokeBias
[2019-12-09T01:52:34.698+0000][1][safepoint    ] Leaving safepoint region
[2019-12-09T01:52:34.698+0000][1][safepoint    ] Total time for which application threads were stopped: 0.0000630 seconds, Stopping threads took: 0.0000148 seconds
[2019-12-09T01:52:34.699+0000][1][safepoint    ] Application time: 0.0004482 seconds
[2019-12-09T01:52:34.699+0000][1][safepoint    ] Entering safepoint region: RevokeBias
[2019-12-09T01:52:34.699+0000][1][safepoint    ] Leaving safepoint region
[2019-12-09T01:52:34.699+0000][1][safepoint    ] Total time for which application threads were stopped: 0.0000513 seconds, Stopping threads took: 0.0000112 seconds
[2019-12-09T01:52:34.712+0000][1][safepoint    ] Application time: 0.0136079 seconds
[2019-12-09T01:52:34.712+0000][1][safepoint    ] Entering safepoint region: BulkRevokeBias
[2019-12-09T01:52:34.712+0000][1][safepoint    ] Leaving safepoint region
[2019-12-09T01:52:34.712+0000][1][safepoint    ] Total time for which application threads were stopped: 0.0002292 seconds, Stopping threads took: 0.0000120 seconds
[2019-12-09T01:52:35.054+0000][1][safepoint    ] Application time: 0.3415621 seconds
[2019-12-09T01:52:35.074+0000][1][safepoint    ] Entering safepoint region: RevokeBias
[2019-12-09T01:52:35.074+0000][1][safepoint    ] Leaving safepoint region
[2019-12-09T01:52:35.074+0000][1][safepoint    ] Total time for which application threads were stopped: 0.0200876 seconds, Stopping threads took: 0.0199829 seconds
[2019-12-09T01:52:35.074+0000][1][safepoint    ] Application time: 0.0000843 seconds
[2019-12-09T01:52:35.074+0000][1][safepoint    ] Entering safepoint region: RevokeBias
[2019-12-09T01:52:35.074+0000][1][safepoint    ] Leaving safepoint region
[2019-12-09T01:52:35.074+0000][1][safepoint    ] Total time for which application threads were stopped: 0.0000782 seconds, Stopping threads took: 0.0000104 seconds
[2019-12-09T01:52:35.075+0000][1][safepoint    ] Application time: 0.0002270 seconds
[2019-12-09T01:52:35.075+0000][1][safepoint    ] Entering safepoint region: RevokeBias
[2019-12-09T01:52:35.075+0000][1][safepoint    ] Leaving safepoint region
[2019-12-09T01:52:35.075+0000][1][safepoint    ] Total time for which application threads were stopped: 0.0000756 seconds, Stopping threads took: 0.0000114 seconds
[2019-12-09T01:52:36.077+0000][1][safepoint    ] Application time: 1.0020303 seconds
[2019-12-09T01:52:36.156+0000][1][safepoint    ] Entering safepoint region: Cleanup
[2019-12-09T01:52:36.158+0000][1][safepoint    ] Leaving safepoint region
[2019-12-09T01:52:36.158+0000][1][safepoint    ] Total time for which application threads were stopped: 0.0808285 seconds, Stopping threads took: 0.0795948 seconds
[2019-12-09T01:52:37.160+0000][1][safepoint    ] Application time: 1.0021463 seconds
[2019-12-09T01:52:37.187+0000][1][safepoint    ] Entering safepoint region: Cleanup
[2019-12-09T01:52:37.187+0000][1][safepoint    ] Leaving safepoint region
[2019-12-09T01:52:37.187+0000][1][safepoint    ] Total time for which application threads were stopped: 0.0271066 seconds, Stopping threads took: 0.0270331 seconds
[2019-12-09T01:52:37.288+0000][1][safepoint    ] Application time: 0.1010152 seconds
[2019-12-09T01:52:37.288+0000][1][safepoint    ] Entering safepoint region: Deoptimize
[2019-12-09T01:52:37.289+0000][1][safepoint    ] Leaving safepoint region
[2019-12-09T01:52:37.289+0000][1][safepoint    ] Total time for which application threads were stopped: 0.0006474 seconds, Stopping threads took: 0.0000156 seconds
[2019-12-09T01:52:37.438+0000][1][safepoint    ] Application time: 0.1498183 seconds
[2019-12-09T01:52:37.438+0000][1][safepoint    ] Entering safepoint region: GenCollectForAllocation
[2019-12-09T01:52:37.439+0000][1][gc,start     ] GC(20) Pause Young (Allocation Failure)
[2019-12-09T01:52:37.439+0000][1][gc,task      ] GC(20) Using 2 workers of 2 for evacuation
[2019-12-09T01:52:37.609+0000][1][gc,age       ] GC(20) Desired survivor size 4456448 bytes, new threshold 2 (max threshold 6)
[2019-12-09T01:52:37.609+0000][1][gc,age       ] GC(20) Age table with threshold 2 (max threshold 6)
[2019-12-09T01:52:37.609+0000][1][gc,age       ] GC(20) - age   1:    3330840 bytes,    3330840 total
[2019-12-09T01:52:37.609+0000][1][gc,age       ] GC(20) - age   2:    1231016 bytes,    4561856 total
[2019-12-09T01:52:37.609+0000][1][gc,heap      ] GC(20) ParNew: 75432K->4666K(78656K)
[2019-12-09T01:52:37.609+0000][1][gc,heap      ] GC(20) CMS: 58961K->62210K(174784K)
[2019-12-09T01:52:37.609+0000][1][gc,metaspace ] GC(20) Metaspace: 59337K->59337K(1103872K)
[2019-12-09T01:52:37.609+0000][1][gc           ] GC(20) Pause Young (Allocation Failure) 131M->65M(247M) 170.344ms
[2019-12-09T01:52:37.609+0000][1][gc,cpu       ] GC(20) User=0.05s Sys=0.00s Real=0.17s
[2019-12-09T01:52:37.609+0000][1][safepoint    ] Leaving safepoint region
[2019-12-09T01:52:37.609+0000][1][safepoint    ] Total time for which application threads were stopped: 0.1704965 seconds, Stopping threads took: 0.0000166 seconds
[2019-12-09T01:52:38.636+0000][1][safepoint    ] Application time: 1.0268000 seconds
[2019-12-09T01:52:38.692+0000][1][safepoint    ] Entering safepoint region: Cleanup
[2019-12-09T01:52:38.692+0000][1][safepoint    ] Leaving safepoint region
[2019-12-09T01:52:38.692+0000][1][safepoint    ] Total time for which application threads were stopped: 0.0562144 seconds, Stopping threads took: 0.0561324 seconds
[2019-12-09T01:52:39.655+0000][1][safepoint    ] Application time: 0.9627224 seconds
[2019-12-09T01:52:39.655+0000][1][safepoint    ] Entering safepoint region: RevokeBias
[2019-12-09T01:52:39.655+0000][1][safepoint    ] Leaving safepoint region
[2019-12-09T01:52:39.655+0000][1][safepoint    ] Total time for which application threads were stopped: 0.0001202 seconds, Stopping threads took: 0.0000149 seconds
[2019-12-09T01:52:40.659+0000][1][safepoint    ] Application time: 1.0038173 seconds
[2019-12-09T01:52:40.659+0000][1][safepoint    ] Entering safepoint region: Cleanup
[2019-12-09T01:52:40.659+0000][1][safepoint    ] Leaving safepoint region
[2019-12-09T01:52:40.659+0000][1][safepoint    ] Total time for which application threads were stopped: 0.0001384 seconds, Stopping threads took: 0.0000628 seconds
[2019-12-09T01:52:41.661+0000][1][safepoint    ] Application time: 1.0018205 seconds
[2019-12-09T01:52:41.661+0000][1][safepoint    ] Entering safepoint region: Cleanup
[2019-12-09T01:52:41.661+0000][1][safepoint    ] Leaving safepoint region
[2019-12-09T01:52:41.661+0000][1][safepoint    ] Total time for which application threads were stopped: 0.0001356 seconds, Stopping threads took: 0.0000631 seconds
[2019-12-09T01:52:41.749+0000][1][safepoint    ] Application time: 0.0883517 seconds
[2019-12-09T01:52:41.759+0000][1][safepoint    ] Entering safepoint region: RevokeBias
[2019-12-09T01:52:41.759+0000][1][safepoint    ] Leaving safepoint region
[2019-12-09T01:52:41.759+0000][1][safepoint    ] Total time for which application threads were stopped: 0.0095883 seconds, Stopping threads took: 0.0094661 seconds
[2019-12-09T01:52:41.759+0000][1][safepoint    ] Application time: 0.0000951 seconds
[2019-12-09T01:52:41.759+0000][1][safepoint    ] Entering safepoint region: RevokeBias
[2019-12-09T01:52:41.759+0000][1][safepoint    ] Leaving safepoint region
[2019-12-09T01:52:41.759+0000][1][safepoint    ] Total time for which application threads were stopped: 0.0000823 seconds, Stopping threads took: 0.0000102 seconds
[2019-12-09T01:52:41.759+0000][1][safepoint    ] Application time: 0.0000675 seconds
[2019-12-09T01:52:41.759+0000][1][safepoint    ] Entering safepoint region: RevokeBias
[2019-12-09T01:52:41.759+0000][1][safepoint    ] Leaving safepoint region
[2019-12-09T01:52:41.759+0000][1][safepoint    ] Total time for which application threads were stopped: 0.0000667 seconds, Stopping threads took: 0.0000088 seconds
[2019-12-09T01:52:41.759+0000][1][safepoint    ] Application time: 0.0000663 seconds
[2019-12-09T01:52:41.759+0000][1][safepoint    ] Entering safepoint region: RevokeBias
[2019-12-09T01:52:41.759+0000][1][safepoint    ] Leaving safepoint region
[2019-12-09T01:52:41.759+0000][1][safepoint    ] Total time for which application threads were stopped: 0.0000676 seconds, Stopping threads took: 0.0000086 seconds
[2019-12-09T01:52:41.759+0000][1][safepoint    ] Application time: 0.0000643 seconds
[2019-12-09T01:52:41.759+0000][1][safepoint    ] Entering safepoint region: RevokeBias
[2019-12-09T01:52:41.760+0000][1][safepoint    ] Leaving safepoint region
[2019-12-09T01:52:41.760+0000][1][safepoint    ] Total time for which application threads were stopped: 0.0000654 seconds, Stopping threads took: 0.0000087 seconds
[2019-12-09T01:52:41.760+0000][1][safepoint    ] Application time: 0.0000717 seconds
[2019-12-09T01:52:41.760+0000][1][safepoint    ] Entering safepoint region: RevokeBias
[2019-12-09T01:52:41.760+0000][1][safepoint    ] Leaving safepoint region
[2019-12-09T01:52:41.760+0000][1][safepoint    ] Total time for which application threads were stopped: 0.0000670 seconds, Stopping threads took: 0.0000087 seconds
[2019-12-09T01:52:41.760+0000][1][safepoint    ] Application time: 0.0000722 seconds
[2019-12-09T01:52:41.760+0000][1][safepoint    ] Entering safepoint region: RevokeBias
[2019-12-09T01:52:41.760+0000][1][safepoint    ] Leaving safepoint region
[2019-12-09T01:52:41.760+0000][1][safepoint    ] Total time for which application threads were stopped: 0.0000709 seconds, Stopping threads took: 0.0000095 seconds
[2019-12-09T01:52:41.760+0000][1][safepoint    ] Application time: 0.0000689 seconds
[2019-12-09T01:52:41.760+0000][1][safepoint    ] Entering safepoint region: RevokeBias
[2019-12-09T01:52:41.760+0000][1][safepoint    ] Leaving safepoint region
[2019-12-09T01:52:41.760+0000][1][safepoint    ] Total time for which application threads were stopped: 0.0000688 seconds, Stopping threads took: 0.0000090 seconds
[2019-12-09T01:52:41.934+0000][1][safepoint    ] Application time: 0.1736989 seconds
[2019-12-09T01:52:41.934+0000][1][safepoint    ] Entering safepoint region: Deoptimize
[2019-12-09T01:52:41.934+0000][1][safepoint    ] Leaving safepoint region
[2019-12-09T01:52:41.934+0000][1][safepoint    ] Total time for which application threads were stopped: 0.0006784 seconds, Stopping threads took: 0.0000173 seconds
[2019-12-09T01:52:42.013+0000][1][safepoint    ] Application time: 0.0790194 seconds
[2019-12-09T01:52:42.014+0000][1][safepoint    ] Entering safepoint region: RevokeBias
[2019-12-09T01:52:42.014+0000][1][safepoint    ] Leaving safepoint region
[2019-12-09T01:52:42.014+0000][1][safepoint    ] Total time for which application threads were stopped: 0.0000863 seconds, Stopping threads took: 0.0000134 seconds
[2019-12-09T01:52:42.042+0000][1][safepoint    ] Application time: 0.0285888 seconds
[2019-12-09T01:52:42.042+0000][1][safepoint    ] Entering safepoint region: RevokeBias
[2019-12-09T01:52:42.042+0000][1][safepoint    ] Leaving safepoint region
[2019-12-09T01:52:42.042+0000][1][safepoint    ] Total time for which application threads were stopped: 0.0000847 seconds, Stopping threads took: 0.0000141 seconds
[2019-12-09T01:52:42.043+0000][1][safepoint    ] Application time: 0.0009017 seconds
[2019-12-09T01:52:42.043+0000][1][safepoint    ] Entering safepoint region: RevokeBias
[2019-12-09T01:52:42.043+0000][1][safepoint    ] Leaving safepoint region
[2019-12-09T01:52:42.043+0000][1][safepoint    ] Total time for which application threads were stopped: 0.0000754 seconds, Stopping threads took: 0.0000150 seconds
[2019-12-09T01:52:42.049+0000][1][safepoint    ] Application time: 0.0058763 seconds
[2019-12-09T01:52:42.049+0000][1][safepoint    ] Entering safepoint region: RevokeBias
[2019-12-09T01:52:42.049+0000][1][safepoint    ] Leaving safepoint region
[2019-12-09T01:52:42.049+0000][1][safepoint    ] Total time for which application threads were stopped: 0.0000851 seconds, Stopping threads took: 0.0000135 seconds
[2019-12-09T01:52:42.049+0000][1][safepoint    ] Application time: 0.0000688 seconds
[2019-12-09T01:52:42.049+0000][1][safepoint    ] Entering safepoint region: RevokeBias
[2019-12-09T01:52:42.049+0000][1][safepoint    ] Leaving safepoint region
[2019-12-09T01:52:42.049+0000][1][safepoint    ] Total time for which application threads were stopped: 0.0000545 seconds, Stopping threads took: 0.0000089 seconds
[2019-12-09T01:52:42.050+0000][1][safepoint    ] Application time: 0.0004072 seconds
[2019-12-09T01:52:42.050+0000][1][safepoint    ] Entering safepoint region: RevokeBias
[2019-12-09T01:52:42.050+0000][1][safepoint    ] Leaving safepoint region
[2019-12-09T01:52:42.050+0000][1][safepoint    ] Total time for which application threads were stopped: 0.0000671 seconds, Stopping threads took: 0.0000125 seconds
[2019-12-09T01:52:42.050+0000][1][safepoint    ] Application time: 0.0002216 seconds
[2019-12-09T01:52:42.050+0000][1][safepoint    ] Entering safepoint region: RevokeBias
[2019-12-09T01:52:42.050+0000][1][safepoint    ] Leaving safepoint region
[2019-12-09T01:52:42.050+0000][1][safepoint    ] Total time for which application threads were stopped: 0.0000617 seconds, Stopping threads took: 0.0000101 seconds
[2019-12-09T01:52:42.064+0000][1][safepoint    ] Application time: 0.0134538 seconds
[2019-12-09T01:52:42.064+0000][1][safepoint    ] Entering safepoint region: RevokeBias
[2019-12-09T01:52:42.064+0000][1][safepoint    ] Leaving safepoint region
[2019-12-09T01:52:42.064+0000][1][safepoint    ] Total time for which application threads were stopped: 0.0000686 seconds, Stopping threads took: 0.0000127 seconds
[2019-12-09T01:52:42.065+0000][1][safepoint    ] Application time: 0.0006736 seconds
[2019-12-09T01:52:42.065+0000][1][safepoint    ] Entering safepoint region: RevokeBias
[2019-12-09T01:52:42.065+0000][1][safepoint    ] Leaving safepoint region
[2019-12-09T01:52:42.065+0000][1][safepoint    ] Total time for which application threads were stopped: 0.0000579 seconds, Stopping threads took: 0.0000107 seconds
[2019-12-09T01:52:42.079+0000][1][safepoint    ] Application time: 0.0143878 seconds
[2019-12-09T01:52:42.079+0000][1][safepoint    ] Entering safepoint region: RevokeBias
[2019-12-09T01:52:42.079+0000][1][safepoint    ] Leaving safepoint region
[2019-12-09T01:52:42.079+0000][1][safepoint    ] Total time for which application threads were stopped: 0.0000762 seconds, Stopping threads took: 0.0000119 seconds
[2019-12-09T01:52:42.079+0000][1][safepoint    ] Application time: 0.0001065 seconds
[2019-12-09T01:52:42.079+0000][1][safepoint    ] Entering safepoint region: RevokeBias
[2019-12-09T01:52:42.079+0000][1][safepoint    ] Leaving safepoint region
[2019-12-09T01:52:42.079+0000][1][safepoint    ] Total time for which application threads were stopped: 0.0000512 seconds, Stopping threads took: 0.0000094 seconds
[2019-12-09T01:52:42.083+0000][1][safepoint    ] Application time: 0.0036419 seconds
[2019-12-09T01:52:42.109+0000][1][safepoint    ] Entering safepoint region: Deoptimize
[2019-12-09T01:52:42.109+0000][1][safepoint    ] Leaving safepoint region
[2019-12-09T01:52:42.109+0000][1][safepoint    ] Total time for which application threads were stopped: 0.0264371 seconds, Stopping threads took: 0.0258345 seconds
[2019-12-09T01:52:42.287+0000][1][safepoint    ] Application time: 0.1771585 seconds
[2019-12-09T01:52:42.287+0000][1][safepoint    ] Entering safepoint region: RevokeBias
[2019-12-09T01:52:42.287+0000][1][safepoint    ] Leaving safepoint region
[2019-12-09T01:52:42.287+0000][1][safepoint    ] Total time for which application threads were stopped: 0.0001329 seconds, Stopping threads took: 0.0000170 seconds
[2019-12-09T01:52:42.802+0000][1][safepoint    ] Application time: 0.5155126 seconds
[2019-12-09T01:52:42.825+0000][1][safepoint    ] Entering safepoint region: RevokeBias
[2019-12-09T01:52:42.825+0000][1][safepoint    ] Leaving safepoint region
[2019-12-09T01:52:42.825+0000][1][safepoint    ] Total time for which application threads were stopped: 0.0225934 seconds, Stopping threads took: 0.0224822 seconds
[2019-12-09T01:52:42.825+0000][1][safepoint    ] Application time: 0.0001872 seconds
[2019-12-09T01:52:42.825+0000][1][safepoint    ] Entering safepoint region: RevokeBias
[2019-12-09T01:52:42.825+0000][1][safepoint    ] Leaving safepoint region
[2019-12-09T01:52:42.825+0000][1][safepoint    ] Total time for which application threads were stopped: 0.0000655 seconds, Stopping threads took: 0.0000130 seconds
[2019-12-09T01:52:42.825+0000][1][safepoint    ] Application time: 0.0000691 seconds
[2019-12-09T01:52:42.825+0000][1][safepoint    ] Entering safepoint region: RevokeBias
[2019-12-09T01:52:42.825+0000][1][safepoint    ] Leaving safepoint region
[2019-12-09T01:52:42.825+0000][1][safepoint    ] Total time for which application threads were stopped: 0.0000461 seconds, Stopping threads took: 0.0000095 seconds
[2019-12-09T01:52:42.826+0000][1][safepoint    ] Application time: 0.0003407 seconds
[2019-12-09T01:52:42.826+0000][1][safepoint    ] Entering safepoint region: RevokeBias
[2019-12-09T01:52:42.826+0000][1][safepoint    ] Leaving safepoint region
[2019-12-09T01:52:42.826+0000][1][safepoint    ] Total time for which application threads were stopped: 0.0000884 seconds, Stopping threads took: 0.0000130 seconds
[2019-12-09T01:52:42.826+0000][1][safepoint    ] Application time: 0.0000667 seconds
[2019-12-09T01:52:42.826+0000][1][safepoint    ] Entering safepoint region: RevokeBias
[2019-12-09T01:52:42.826+0000][1][safepoint    ] Leaving safepoint region
[2019-12-09T01:52:42.826+0000][1][safepoint    ] Total time for which application threads were stopped: 0.0000472 seconds, Stopping threads took: 0.0000092 seconds
[2019-12-09T01:52:42.868+0000][1][safepoint    ] Application time: 0.0419100 seconds
[2019-12-09T01:52:42.869+0000][1][safepoint    ] Entering safepoint region: RevokeBias
[2019-12-09T01:52:42.869+0000][1][safepoint    ] Leaving safepoint region
[2019-12-09T01:52:42.869+0000][1][safepoint    ] Total time for which application threads were stopped: 0.0010127 seconds, Stopping threads took: 0.0009448 seconds
[2019-12-09T01:52:42.872+0000][1][safepoint    ] Application time: 0.0027727 seconds
[2019-12-09T01:52:42.874+0000][1][safepoint    ] Entering safepoint region: RevokeBias
[2019-12-09T01:52:42.874+0000][1][safepoint    ] Leaving safepoint region
[2019-12-09T01:52:42.874+0000][1][safepoint    ] Total time for which application threads were stopped: 0.0021608 seconds, Stopping threads took: 0.0020952 seconds
[2019-12-09T01:52:42.879+0000][1][safepoint    ] Application time: 0.0049126 seconds
[2019-12-09T01:52:42.879+0000][1][safepoint    ] Entering safepoint region: RevokeBias
[2019-12-09T01:52:42.879+0000][1][safepoint    ] Leaving safepoint region
[2019-12-09T01:52:42.879+0000][1][safepoint    ] Total time for which application threads were stopped: 0.0000572 seconds, Stopping threads took: 0.0000121 seconds
[2019-12-09T01:52:42.881+0000][1][safepoint    ] Application time: 0.0023315 seconds
[2019-12-09T01:52:42.881+0000][1][safepoint    ] Entering safepoint region: RevokeBias
[2019-12-09T01:52:42.881+0000][1][safepoint    ] Leaving safepoint region
[2019-12-09T01:52:42.881+0000][1][safepoint    ] Total time for which application threads were stopped: 0.0000857 seconds, Stopping threads took: 0.0000124 seconds
[2019-12-09T01:52:42.918+0000][1][safepoint    ] Application time: 0.0364731 seconds
[2019-12-09T01:52:42.918+0000][1][safepoint    ] Entering safepoint region: RevokeBias
[2019-12-09T01:52:42.918+0000][1][safepoint    ] Leaving safepoint region
[2019-12-09T01:52:42.918+0000][1][safepoint    ] Total time for which application threads were stopped: 0.0001005 seconds, Stopping threads took: 0.0000143 seconds
[2019-12-09T01:52:42.919+0000][1][safepoint    ] Application time: 0.0007097 seconds
[2019-12-09T01:52:42.919+0000][1][safepoint    ] Entering safepoint region: RevokeBias
[2019-12-09T01:52:42.919+0000][1][safepoint    ] Leaving safepoint region
[2019-12-09T01:52:42.919+0000][1][safepoint    ] Total time for which application threads were stopped: 0.0000612 seconds, Stopping threads took: 0.0000124 seconds
[2019-12-09T01:52:42.919+0000][1][safepoint    ] Application time: 0.0002996 seconds
[2019-12-09T01:52:42.919+0000][1][safepoint    ] Entering safepoint region: RevokeBias
[2019-12-09T01:52:42.919+0000][1][safepoint    ] Leaving safepoint region
[2019-12-09T01:52:42.919+0000][1][safepoint    ] Total time for which application threads were stopped: 0.0000842 seconds, Stopping threads took: 0.0000115 seconds
[2019-12-09T01:52:42.919+0000][1][safepoint    ] Application time: 0.0001007 seconds
[2019-12-09T01:52:42.919+0000][1][safepoint    ] Entering safepoint region: RevokeBias
[2019-12-09T01:52:42.919+0000][1][safepoint    ] Leaving safepoint region
[2019-12-09T01:52:42.919+0000][1][safepoint    ] Total time for which application threads were stopped: 0.0000771 seconds, Stopping threads took: 0.0000099 seconds
[2019-12-09T01:52:42.920+0000][1][safepoint    ] Application time: 0.0004286 seconds
[2019-12-09T01:52:42.920+0000][1][safepoint    ] Entering safepoint region: RevokeBias
[2019-12-09T01:52:42.920+0000][1][safepoint    ] Leaving safepoint region
[2019-12-09T01:52:42.920+0000][1][safepoint    ] Total time for which application threads were stopped: 0.0000637 seconds, Stopping threads took: 0.0000111 seconds
[2019-12-09T01:52:42.968+0000][1][safepoint    ] Application time: 0.0477622 seconds
[2019-12-09T01:52:42.970+0000][1][safepoint    ] Entering safepoint region: RevokeBias
[2019-12-09T01:52:42.970+0000][1][safepoint    ] Leaving safepoint region
[2019-12-09T01:52:42.971+0000][1][safepoint    ] Total time for which application threads were stopped: 0.0029295 seconds, Stopping threads took: 0.0028487 seconds
[2019-12-09T01:52:43.009+0000][1][safepoint    ] Application time: 0.0386048 seconds
[2019-12-09T01:52:43.009+0000][1][safepoint    ] Entering safepoint region: RevokeBias
[2019-12-09T01:52:43.009+0000][1][safepoint    ] Leaving safepoint region
[2019-12-09T01:52:43.009+0000][1][safepoint    ] Total time for which application threads were stopped: 0.0000938 seconds, Stopping threads took: 0.0000170 seconds
[2019-12-09T01:52:43.028+0000][1][safepoint    ] Application time: 0.0184504 seconds
[2019-12-09T01:52:43.077+0000][1][safepoint    ] Entering safepoint region: RevokeBias
[2019-12-09T01:52:43.077+0000][1][safepoint    ] Leaving safepoint region
[2019-12-09T01:52:43.077+0000][1][safepoint    ] Total time for which application threads were stopped: 0.0494307 seconds, Stopping threads took: 0.0493307 seconds
[2019-12-09T01:52:43.077+0000][1][safepoint    ] Application time: 0.0000750 seconds
[2019-12-09T01:52:43.077+0000][1][safepoint    ] Entering safepoint region: RevokeBias
[2019-12-09T01:52:43.077+0000][1][safepoint    ] Leaving safepoint region
[2019-12-09T01:52:43.077+0000][1][safepoint    ] Total time for which application threads were stopped: 0.0000494 seconds, Stopping threads took: 0.0000097 seconds
[2019-12-09T01:52:43.078+0000][1][safepoint    ] Application time: 0.0003261 seconds
[2019-12-09T01:52:43.078+0000][1][safepoint    ] Entering safepoint region: RevokeBias
[2019-12-09T01:52:43.078+0000][1][safepoint    ] Leaving safepoint region
[2019-12-09T01:52:43.078+0000][1][safepoint    ] Total time for which application threads were stopped: 0.0000975 seconds, Stopping threads took: 0.0000334 seconds
[2019-12-09T01:52:43.079+0000][1][safepoint    ] Application time: 0.0010681 seconds
[2019-12-09T01:52:43.084+0000][1][safepoint    ] Entering safepoint region: RevokeBias
[2019-12-09T01:52:43.084+0000][1][safepoint    ] Leaving safepoint region
[2019-12-09T01:52:43.084+0000][1][safepoint    ] Total time for which application threads were stopped: 0.0050197 seconds, Stopping threads took: 0.0049231 seconds
[2019-12-09T01:52:43.084+0000][1][safepoint    ] Application time: 0.0000991 seconds
[2019-12-09T01:52:43.084+0000][1][safepoint    ] Entering safepoint region: RevokeBias
[2019-12-09T01:52:43.084+0000][1][safepoint    ] Leaving safepoint region
[2019-12-09T01:52:43.084+0000][1][safepoint    ] Total time for which application threads were stopped: 0.0000595 seconds, Stopping threads took: 0.0000106 seconds
[2019-12-09T01:52:43.096+0000][1][safepoint    ] Application time: 0.0118475 seconds
[2019-12-09T01:52:43.123+0000][1][safepoint    ] Entering safepoint region: RevokeBias
[2019-12-09T01:52:43.123+0000][1][safepoint    ] Leaving safepoint region
[2019-12-09T01:52:43.123+0000][1][safepoint    ] Total time for which application threads were stopped: 0.0273140 seconds, Stopping threads took: 0.0272063 seconds
[2019-12-09T01:52:43.123+0000][1][safepoint    ] Application time: 0.0002221 seconds
[2019-12-09T01:52:43.124+0000][1][safepoint    ] Entering safepoint region: RevokeBias
[2019-12-09T01:52:43.124+0000][1][safepoint    ] Leaving safepoint region
[2019-12-09T01:52:43.124+0000][1][safepoint    ] Total time for which application threads were stopped: 0.0000770 seconds, Stopping threads took: 0.0000111 seconds
[2019-12-09T01:52:43.124+0000][1][safepoint    ] Application time: 0.0001953 seconds
[2019-12-09T01:52:43.124+0000][1][safepoint    ] Entering safepoint region: RevokeBias
[2019-12-09T01:52:43.124+0000][1][safepoint    ] Leaving safepoint region
[2019-12-09T01:52:43.124+0000][1][safepoint    ] Total time for which application threads were stopped: 0.0001306 seconds, Stopping threads took: 0.0000121 seconds
[2019-12-09T01:52:43.126+0000][1][safepoint    ] Application time: 0.0017753 seconds
[2019-12-09T01:52:43.126+0000][1][safepoint    ] Entering safepoint region: RevokeBias
[2019-12-09T01:52:43.126+0000][1][safepoint    ] Leaving safepoint region
[2019-12-09T01:52:43.126+0000][1][safepoint    ] Total time for which application threads were stopped: 0.0001157 seconds, Stopping threads took: 0.0000555 seconds
[2019-12-09T01:52:43.127+0000][1][safepoint    ] Application time: 0.0011862 seconds
[2019-12-09T01:52:43.127+0000][1][safepoint    ] Entering safepoint region: RevokeBias
[2019-12-09T01:52:43.127+0000][1][safepoint    ] Leaving safepoint region
[2019-12-09T01:52:43.127+0000][1][safepoint    ] Total time for which application threads were stopped: 0.0000685 seconds, Stopping threads took: 0.0000131 seconds
[2019-12-09T01:52:43.129+0000][1][safepoint    ] Application time: 0.0017144 seconds
[2019-12-09T01:52:43.129+0000][1][safepoint    ] Entering safepoint region: RevokeBias
[2019-12-09T01:52:43.129+0000][1][safepoint    ] Leaving safepoint region
[2019-12-09T01:52:43.129+0000][1][safepoint    ] Total time for which application threads were stopped: 0.0001060 seconds, Stopping threads took: 0.0000122 seconds
[2019-12-09T01:52:43.129+0000][1][safepoint    ] Application time: 0.0003125 seconds
[2019-12-09T01:52:43.129+0000][1][safepoint    ] Entering safepoint region: BulkRevokeBias
[2019-12-09T01:52:43.130+0000][1][safepoint    ] Leaving safepoint region
[2019-12-09T01:52:43.130+0000][1][safepoint    ] Total time for which application threads were stopped: 0.0003712 seconds, Stopping threads took: 0.0000119 seconds
[2019-12-09T01:52:43.130+0000][1][safepoint    ] Application time: 0.0000666 seconds
[2019-12-09T01:52:43.130+0000][1][safepoint    ] Entering safepoint region: RevokeBias
[2019-12-09T01:52:43.130+0000][1][safepoint    ] Leaving safepoint region
[2019-12-09T01:52:43.130+0000][1][safepoint    ] Total time for which application threads were stopped: 0.0000700 seconds, Stopping threads took: 0.0000096 seconds
[2019-12-09T01:52:43.130+0000][1][safepoint    ] Application time: 0.0000611 seconds
[2019-12-09T01:52:43.130+0000][1][safepoint    ] Entering safepoint region: RevokeBias
[2019-12-09T01:52:43.130+0000][1][safepoint    ] Leaving safepoint region
[2019-12-09T01:52:43.130+0000][1][safepoint    ] Total time for which application threads were stopped: 0.0000610 seconds, Stopping threads took: 0.0000092 seconds
[2019-12-09T01:52:43.135+0000][1][safepoint    ] Application time: 0.0047229 seconds
[2019-12-09T01:52:43.135+0000][1][safepoint    ] Entering safepoint region: RevokeBias
[2019-12-09T01:52:43.135+0000][1][safepoint    ] Leaving safepoint region
[2019-12-09T01:52:43.135+0000][1][safepoint    ] Total time for which application threads were stopped: 0.0000719 seconds, Stopping threads took: 0.0000112 seconds
[2019-12-09T01:52:43.135+0000][1][safepoint    ] Application time: 0.0001862 seconds
[2019-12-09T01:52:43.135+0000][1][safepoint    ] Entering safepoint region: RevokeBias
[2019-12-09T01:52:43.135+0000][1][safepoint    ] Leaving safepoint region
[2019-12-09T01:52:43.135+0000][1][safepoint    ] Total time for which application threads were stopped: 0.0000576 seconds, Stopping threads took: 0.0000108 seconds
[2019-12-09T01:52:43.135+0000][1][safepoint    ] Application time: 0.0003523 seconds
[2019-12-09T01:52:43.135+0000][1][safepoint    ] Entering safepoint region: RevokeBias
[2019-12-09T01:52:43.136+0000][1][safepoint    ] Leaving safepoint region
[2019-12-09T01:52:43.136+0000][1][safepoint    ] Total time for which application threads were stopped: 0.0000567 seconds, Stopping threads took: 0.0000112 seconds
[2019-12-09T01:52:43.136+0000][1][safepoint    ] Application time: 0.0002486 seconds
[2019-12-09T01:52:43.136+0000][1][safepoint    ] Entering safepoint region: RevokeBias
[2019-12-09T01:52:43.136+0000][1][safepoint    ] Leaving safepoint region
[2019-12-09T01:52:43.136+0000][1][safepoint    ] Total time for which application threads were stopped: 0.0000595 seconds, Stopping threads took: 0.0000109 seconds
[2019-12-09T01:52:43.136+0000][1][safepoint    ] Application time: 0.0000748 seconds
[2019-12-09T01:52:43.136+0000][1][safepoint    ] Entering safepoint region: RevokeBias
[2019-12-09T01:52:43.136+0000][1][safepoint    ] Leaving safepoint region
[2019-12-09T01:52:43.136+0000][1][safepoint    ] Total time for which application threads were stopped: 0.0000883 seconds, Stopping threads took: 0.0000094 seconds
[2019-12-09T01:52:43.136+0000][1][safepoint    ] Application time: 0.0000436 seconds
[2019-12-09T01:52:43.136+0000][1][safepoint    ] Entering safepoint region: RevokeBias
[2019-12-09T01:52:43.136+0000][1][safepoint    ] Leaving safepoint region
[2019-12-09T01:52:43.136+0000][1][safepoint    ] Total time for which application threads were stopped: 0.0000523 seconds, Stopping threads took: 0.0000092 seconds
[2019-12-09T01:52:43.140+0000][1][safepoint    ] Application time: 0.0033772 seconds
[2019-12-09T01:52:43.140+0000][1][safepoint    ] Entering safepoint region: RevokeBias
[2019-12-09T01:52:43.140+0000][1][safepoint    ] Leaving safepoint region
[2019-12-09T01:52:43.140+0000][1][safepoint    ] Total time for which application threads were stopped: 0.0000602 seconds, Stopping threads took: 0.0000121 seconds
[2019-12-09T01:52:43.153+0000][1][safepoint    ] Application time: 0.0130887 seconds
[2019-12-09T01:52:43.153+0000][1][safepoint    ] Entering safepoint region: RevokeBias
[2019-12-09T01:52:43.153+0000][1][safepoint    ] Leaving safepoint region
[2019-12-09T01:52:43.153+0000][1][safepoint    ] Total time for which application threads were stopped: 0.0001086 seconds, Stopping threads took: 0.0000655 seconds
[2019-12-09T01:52:43.153+0000][1][safepoint    ] Application time: 0.0003169 seconds
[2019-12-09T01:52:43.153+0000][1][safepoint    ] Entering safepoint region: RevokeBias
[2019-12-09T01:52:43.153+0000][1][safepoint    ] Leaving safepoint region
[2019-12-09T01:52:43.153+0000][1][safepoint    ] Total time for which application threads were stopped: 0.0000676 seconds, Stopping threads took: 0.0000113 seconds
[2019-12-09T01:52:43.154+0000][1][safepoint    ] Application time: 0.0002843 seconds
[2019-12-09T01:52:43.154+0000][1][safepoint    ] Entering safepoint region: RevokeBias
[2019-12-09T01:52:43.154+0000][1][safepoint    ] Leaving safepoint region
[2019-12-09T01:52:43.154+0000][1][safepoint    ] Total time for which application threads were stopped: 0.0000593 seconds, Stopping threads took: 0.0000105 seconds
[2019-12-09T01:52:43.155+0000][1][safepoint    ] Application time: 0.0010660 seconds
[2019-12-09T01:52:43.155+0000][1][safepoint    ] Entering safepoint region: RevokeBias
[2019-12-09T01:52:43.155+0000][1][safepoint    ] Leaving safepoint region
[2019-12-09T01:52:43.155+0000][1][safepoint    ] Total time for which application threads were stopped: 0.0000707 seconds, Stopping threads took: 0.0000119 seconds
[2019-12-09T01:52:43.155+0000][1][safepoint    ] Application time: 0.0000723 seconds
[2019-12-09T01:52:43.155+0000][1][safepoint    ] Entering safepoint region: RevokeBias
[2019-12-09T01:52:43.155+0000][1][safepoint    ] Leaving safepoint region
[2019-12-09T01:52:43.155+0000][1][safepoint    ] Total time for which application threads were stopped: 0.0000534 seconds, Stopping threads took: 0.0000092 seconds
[2019-12-09T01:52:43.155+0000][1][safepoint    ] Application time: 0.0000537 seconds
[2019-12-09T01:52:43.155+0000][1][safepoint    ] Entering safepoint region: RevokeBias
[2019-12-09T01:52:43.155+0000][1][safepoint    ] Leaving safepoint region
[2019-12-09T01:52:43.155+0000][1][safepoint    ] Total time for which application threads were stopped: 0.0000489 seconds, Stopping threads took: 0.0000094 seconds
[2019-12-09T01:52:43.180+0000][1][safepoint    ] Application time: 0.0246694 seconds
[2019-12-09T01:52:43.180+0000][1][safepoint    ] Entering safepoint region: RevokeBias
[2019-12-09T01:52:43.180+0000][1][safepoint    ] Leaving safepoint region
[2019-12-09T01:52:43.180+0000][1][safepoint    ] Total time for which application threads were stopped: 0.0000872 seconds, Stopping threads took: 0.0000150 seconds
[2019-12-09T01:52:43.182+0000][1][safepoint    ] Application time: 0.0022720 seconds
[2019-12-09T01:52:43.182+0000][1][safepoint    ] Entering safepoint region: RevokeBias
[2019-12-09T01:52:43.182+0000][1][safepoint    ] Leaving safepoint region
[2019-12-09T01:52:43.182+0000][1][safepoint    ] Total time for which application threads were stopped: 0.0000816 seconds, Stopping threads took: 0.0000143 seconds
[2019-12-09T01:52:43.183+0000][1][safepoint    ] Application time: 0.0003379 seconds
[2019-12-09T01:52:43.183+0000][1][safepoint    ] Entering safepoint region: RevokeBias
[2019-12-09T01:52:43.183+0000][1][safepoint    ] Leaving safepoint region
[2019-12-09T01:52:43.183+0000][1][safepoint    ] Total time for which application threads were stopped: 0.0000680 seconds, Stopping threads took: 0.0000116 seconds
[2019-12-09T01:52:43.264+0000][1][safepoint    ] Application time: 0.0811133 seconds
[2019-12-09T01:52:43.264+0000][1][safepoint    ] Entering safepoint region: RevokeBias
[2019-12-09T01:52:43.264+0000][1][safepoint    ] Leaving safepoint region
[2019-12-09T01:52:43.264+0000][1][safepoint    ] Total time for which application threads were stopped: 0.0001176 seconds, Stopping threads took: 0.0000180 seconds
[2019-12-09T01:52:43.274+0000][1][safepoint    ] Application time: 0.0103538 seconds
[2019-12-09T01:52:43.274+0000][1][safepoint    ] Entering safepoint region: RevokeBias
[2019-12-09T01:52:43.274+0000][1][safepoint    ] Leaving safepoint region
[2019-12-09T01:52:43.274+0000][1][safepoint    ] Total time for which application threads were stopped: 0.0001334 seconds, Stopping threads took: 0.0000138 seconds
[2019-12-09T01:52:43.289+0000][1][safepoint    ] Application time: 0.0147571 seconds
[2019-12-09T01:52:43.289+0000][1][safepoint    ] Entering safepoint region: RevokeBias
[2019-12-09T01:52:43.289+0000][1][safepoint    ] Leaving safepoint region
[2019-12-09T01:52:43.289+0000][1][safepoint    ] Total time for which application threads were stopped: 0.0001040 seconds, Stopping threads took: 0.0000191 seconds
[2019-12-09T01:52:43.428+0000][1][safepoint    ] Application time: 0.1388116 seconds
[2019-12-09T01:52:43.428+0000][1][safepoint    ] Entering safepoint region: RevokeBias
[2019-12-09T01:52:43.428+0000][1][safepoint    ] Leaving safepoint region
[2019-12-09T01:52:43.428+0000][1][safepoint    ] Total time for which application threads were stopped: 0.0001057 seconds, Stopping threads took: 0.0000181 seconds
[2019-12-09T01:52:43.659+0000][1][safepoint    ] Application time: 0.2302002 seconds
[2019-12-09T01:52:43.659+0000][1][safepoint    ] Entering safepoint region: RevokeBias
[2019-12-09T01:52:43.659+0000][1][safepoint    ] Leaving safepoint region
[2019-12-09T01:52:43.659+0000][1][safepoint    ] Total time for which application threads were stopped: 0.0000885 seconds, Stopping threads took: 0.0000187 seconds
[2019-12-09T01:52:43.660+0000][1][safepoint    ] Application time: 0.0012432 seconds
[2019-12-09T01:52:43.660+0000][1][safepoint    ] Entering safepoint region: RevokeBias
[2019-12-09T01:52:43.660+0000][1][safepoint    ] Leaving safepoint region
[2019-12-09T01:52:43.660+0000][1][safepoint    ] Total time for which application threads were stopped: 0.0000766 seconds, Stopping threads took: 0.0000150 seconds
[2019-12-09T01:52:43.660+0000][1][safepoint    ] Application time: 0.0000855 seconds
[2019-12-09T01:52:43.660+0000][1][safepoint    ] Entering safepoint region: RevokeBias
[2019-12-09T01:52:43.660+0000][1][safepoint    ] Leaving safepoint region
[2019-12-09T01:52:43.660+0000][1][safepoint    ] Total time for which application threads were stopped: 0.0000581 seconds, Stopping threads took: 0.0000096 seconds
[2019-12-09T01:52:43.660+0000][1][safepoint    ] Application time: 0.0000418 seconds
[2019-12-09T01:52:43.660+0000][1][safepoint    ] Entering safepoint region: RevokeBias
[2019-12-09T01:52:43.660+0000][1][safepoint    ] Leaving safepoint region
[2019-12-09T01:52:43.660+0000][1][safepoint    ] Total time for which application threads were stopped: 0.0000660 seconds, Stopping threads took: 0.0000091 seconds
[2019-12-09T01:52:43.661+0000][1][safepoint    ] Application time: 0.0005982 seconds
[2019-12-09T01:52:43.661+0000][1][safepoint    ] Entering safepoint region: RevokeBias
[2019-12-09T01:52:43.661+0000][1][safepoint    ] Leaving safepoint region
[2019-12-09T01:52:43.661+0000][1][safepoint    ] Total time for which application threads were stopped: 0.0000811 seconds, Stopping threads took: 0.0000132 seconds
[2019-12-09T01:52:43.662+0000][1][safepoint    ] Application time: 0.0005353 seconds
[2019-12-09T01:52:43.662+0000][1][safepoint    ] Entering safepoint region: RevokeBias
[2019-12-09T01:52:43.662+0000][1][safepoint    ] Leaving safepoint region
[2019-12-09T01:52:43.662+0000][1][safepoint    ] Total time for which application threads were stopped: 0.0000572 seconds, Stopping threads took: 0.0000128 seconds
[2019-12-09T01:52:43.662+0000][1][safepoint    ] Application time: 0.0001824 seconds
[2019-12-09T01:52:43.662+0000][1][safepoint    ] Entering safepoint region: RevokeBias
[2019-12-09T01:52:43.662+0000][1][safepoint    ] Leaving safepoint region
[2019-12-09T01:52:43.662+0000][1][safepoint    ] Total time for which application threads were stopped: 0.0000538 seconds, Stopping threads took: 0.0000115 seconds
[2019-12-09T01:52:43.786+0000][1][safepoint    ] Application time: 0.1241940 seconds
[2019-12-09T01:52:43.786+0000][1][safepoint    ] Entering safepoint region: RevokeBias
[2019-12-09T01:52:43.786+0000][1][safepoint    ] Leaving safepoint region
[2019-12-09T01:52:43.786+0000][1][safepoint    ] Total time for which application threads were stopped: 0.0001746 seconds, Stopping threads took: 0.0000852 seconds
[2019-12-09T01:52:43.787+0000][1][safepoint    ] Application time: 0.0003877 seconds
[2019-12-09T01:52:43.787+0000][1][safepoint    ] Entering safepoint region: RevokeBias
[2019-12-09T01:52:43.787+0000][1][safepoint    ] Leaving safepoint region
[2019-12-09T01:52:43.787+0000][1][safepoint    ] Total time for which application threads were stopped: 0.0000851 seconds, Stopping threads took: 0.0000150 seconds
[2019-12-09T01:52:43.787+0000][1][safepoint    ] Application time: 0.0003333 seconds
[2019-12-09T01:52:43.787+0000][1][safepoint    ] Entering safepoint region: RevokeBias
[2019-12-09T01:52:43.787+0000][1][safepoint    ] Leaving safepoint region
[2019-12-09T01:52:43.787+0000][1][safepoint    ] Total time for which application threads were stopped: 0.0000673 seconds, Stopping threads took: 0.0000119 seconds
[2019-12-09T01:52:43.789+0000][1][safepoint    ] Application time: 0.0019341 seconds
[2019-12-09T01:52:43.789+0000][1][safepoint    ] Entering safepoint region: RevokeBias
[2019-12-09T01:52:43.789+0000][1][safepoint    ] Leaving safepoint region
[2019-12-09T01:52:43.789+0000][1][safepoint    ] Total time for which application threads were stopped: 0.0000870 seconds, Stopping threads took: 0.0000133 seconds
[2019-12-09T01:52:43.790+0000][1][safepoint    ] Application time: 0.0002241 seconds
[2019-12-09T01:52:43.790+0000][1][safepoint    ] Entering safepoint region: RevokeBias
[2019-12-09T01:52:43.790+0000][1][safepoint    ] Leaving safepoint region
[2019-12-09T01:52:43.790+0000][1][safepoint    ] Total time for which application threads were stopped: 0.0000615 seconds, Stopping threads took: 0.0000105 seconds
[2019-12-09T01:52:43.790+0000][1][safepoint    ] Application time: 0.0002648 seconds
[2019-12-09T01:52:43.790+0000][1][safepoint    ] Entering safepoint region: RevokeBias
[2019-12-09T01:52:43.790+0000][1][safepoint    ] Leaving safepoint region
[2019-12-09T01:52:43.790+0000][1][safepoint    ] Total time for which application threads were stopped: 0.0000617 seconds, Stopping threads took: 0.0000102 seconds
[2019-12-09T01:52:43.790+0000][1][safepoint    ] Application time: 0.0003523 seconds
[2019-12-09T01:52:43.790+0000][1][safepoint    ] Entering safepoint region: RevokeBias
[2019-12-09T01:52:43.790+0000][1][safepoint    ] Leaving safepoint region
[2019-12-09T01:52:43.790+0000][1][safepoint    ] Total time for which application threads were stopped: 0.0000613 seconds, Stopping threads took: 0.0000100 seconds
[2019-12-09T01:52:43.791+0000][1][safepoint    ] Application time: 0.0002829 seconds
[2019-12-09T01:52:43.791+0000][1][safepoint    ] Entering safepoint region: RevokeBias
[2019-12-09T01:52:43.791+0000][1][safepoint    ] Leaving safepoint region
[2019-12-09T01:52:43.791+0000][1][safepoint    ] Total time for which application threads were stopped: 0.0000794 seconds, Stopping threads took: 0.0000288 seconds
[2019-12-09T01:52:43.791+0000][1][safepoint    ] Application time: 0.0000436 seconds
[2019-12-09T01:52:43.791+0000][1][safepoint    ] Entering safepoint region: RevokeBias
[2019-12-09T01:52:43.791+0000][1][safepoint    ] Leaving safepoint region
[2019-12-09T01:52:43.791+0000][1][safepoint    ] Total time for which application threads were stopped: 0.0000446 seconds, Stopping threads took: 0.0000082 seconds
[2019-12-09T01:52:43.791+0000][1][safepoint    ] Application time: 0.0000355 seconds
[2019-12-09T01:52:43.791+0000][1][safepoint    ] Entering safepoint region: RevokeBias
[2019-12-09T01:52:43.791+0000][1][safepoint    ] Leaving safepoint region
[2019-12-09T01:52:43.791+0000][1][safepoint    ] Total time for which application threads were stopped: 0.0000425 seconds, Stopping threads took: 0.0000077 seconds
[2019-12-09T01:52:43.795+0000][1][safepoint    ] Application time: 0.0041261 seconds
[2019-12-09T01:52:43.795+0000][1][safepoint    ] Entering safepoint region: RevokeBias
[2019-12-09T01:52:43.795+0000][1][safepoint    ] Leaving safepoint region
[2019-12-09T01:52:43.795+0000][1][safepoint    ] Total time for which application threads were stopped: 0.0000723 seconds, Stopping threads took: 0.0000128 seconds
[2019-12-09T01:52:43.796+0000][1][safepoint    ] Application time: 0.0005496 seconds
[2019-12-09T01:52:43.796+0000][1][safepoint    ] Entering safepoint region: RevokeBias
[2019-12-09T01:52:43.796+0000][1][safepoint    ] Leaving safepoint region
[2019-12-09T01:52:43.796+0000][1][safepoint    ] Total time for which application threads were stopped: 0.0000639 seconds, Stopping threads took: 0.0000120 seconds
[2019-12-09T01:52:43.796+0000][1][safepoint    ] Application time: 0.0003357 seconds
[2019-12-09T01:52:43.796+0000][1][safepoint    ] Entering safepoint region: RevokeBias
[2019-12-09T01:52:43.796+0000][1][safepoint    ] Leaving safepoint region
[2019-12-09T01:52:43.796+0000][1][safepoint    ] Total time for which application threads were stopped: 0.0000606 seconds, Stopping threads took: 0.0000105 seconds
[2019-12-09T01:52:43.797+0000][1][safepoint    ] Application time: 0.0003252 seconds
[2019-12-09T01:52:43.797+0000][1][safepoint    ] Entering safepoint region: RevokeBias
[2019-12-09T01:52:43.797+0000][1][safepoint    ] Leaving safepoint region
[2019-12-09T01:52:43.797+0000][1][safepoint    ] Total time for which application threads were stopped: 0.0000533 seconds, Stopping threads took: 0.0000104 seconds
[2019-12-09T01:52:43.797+0000][1][safepoint    ] Application time: 0.0001223 seconds
[2019-12-09T01:52:43.797+0000][1][safepoint    ] Entering safepoint region: RevokeBias
[2019-12-09T01:52:43.797+0000][1][safepoint    ] Leaving safepoint region
[2019-12-09T01:52:43.797+0000][1][safepoint    ] Total time for which application threads were stopped: 0.0000480 seconds, Stopping threads took: 0.0000103 seconds
[2019-12-09T01:52:43.797+0000][1][safepoint    ] Application time: 0.0000484 seconds
[2019-12-09T01:52:43.797+0000][1][safepoint    ] Entering safepoint region: RevokeBias
[2019-12-09T01:52:43.797+0000][1][safepoint    ] Leaving safepoint region
[2019-12-09T01:52:43.797+0000][1][safepoint    ] Total time for which application threads were stopped: 0.0000419 seconds, Stopping threads took: 0.0000091 seconds
[2019-12-09T01:52:43.934+0000][1][safepoint    ] Application time: 0.1369599 seconds
[2019-12-09T01:52:43.942+0000][1][safepoint    ] Entering safepoint region: RevokeBias
[2019-12-09T01:52:43.943+0000][1][safepoint    ] Leaving safepoint region
[2019-12-09T01:52:43.943+0000][1][safepoint    ] Total time for which application threads were stopped: 0.0085511 seconds, Stopping threads took: 0.0084702 seconds
[2019-12-09T01:52:44.115+0000][1][safepoint    ] Application time: 0.1726931 seconds
[2019-12-09T01:52:44.115+0000][1][safepoint    ] Entering safepoint region: RevokeBias
[2019-12-09T01:52:44.115+0000][1][safepoint    ] Leaving safepoint region
[2019-12-09T01:52:44.115+0000][1][safepoint    ] Total time for which application threads were stopped: 0.0000973 seconds, Stopping threads took: 0.0000169 seconds
[2019-12-09T01:52:44.163+0000][1][safepoint    ] Application time: 0.0474932 seconds
[2019-12-09T01:52:44.163+0000][1][safepoint    ] Entering safepoint region: RevokeBias
[2019-12-09T01:52:44.163+0000][1][safepoint    ] Leaving safepoint region
[2019-12-09T01:52:44.163+0000][1][safepoint    ] Total time for which application threads were stopped: 0.0000874 seconds, Stopping threads took: 0.0000182 seconds
[2019-12-09T01:52:44.820+0000][1][safepoint    ] Application time: 0.6570710 seconds
[2019-12-09T01:52:44.830+0000][1][safepoint    ] Entering safepoint region: RevokeBias
[2019-12-09T01:52:44.830+0000][1][safepoint    ] Leaving safepoint region
[2019-12-09T01:52:44.830+0000][1][safepoint    ] Total time for which application threads were stopped: 0.0097713 seconds, Stopping threads took: 0.0096731 seconds
[2019-12-09T01:52:44.830+0000][1][safepoint    ] Application time: 0.0002937 seconds
[2019-12-09T01:52:44.830+0000][1][safepoint    ] Entering safepoint region: RevokeBias
[2019-12-09T01:52:44.830+0000][1][safepoint    ] Leaving safepoint region
[2019-12-09T01:52:44.830+0000][1][safepoint    ] Total time for which application threads were stopped: 0.0000743 seconds, Stopping threads took: 0.0000139 seconds
[2019-12-09T01:52:44.832+0000][1][safepoint    ] Application time: 0.0018820 seconds
[2019-12-09T01:52:44.832+0000][1][safepoint    ] Entering safepoint region: RevokeBias
[2019-12-09T01:52:44.832+0000][1][safepoint    ] Leaving safepoint region
[2019-12-09T01:52:44.832+0000][1][safepoint    ] Total time for which application threads were stopped: 0.0000769 seconds, Stopping threads took: 0.0000141 seconds
[2019-12-09T01:52:44.833+0000][1][safepoint    ] Application time: 0.0002844 seconds
[2019-12-09T01:52:44.833+0000][1][safepoint    ] Entering safepoint region: RevokeBias
[2019-12-09T01:52:44.833+0000][1][safepoint    ] Leaving safepoint region
[2019-12-09T01:52:44.833+0000][1][safepoint    ] Total time for which application threads were stopped: 0.0000608 seconds, Stopping threads took: 0.0000124 seconds
[2019-12-09T01:52:44.833+0000][1][safepoint    ] Application time: 0.0006679 seconds
[2019-12-09T01:52:44.833+0000][1][safepoint    ] Entering safepoint region: RevokeBias
[2019-12-09T01:52:44.833+0000][1][safepoint    ] Leaving safepoint region
[2019-12-09T01:52:44.833+0000][1][safepoint    ] Total time for which application threads were stopped: 0.0000670 seconds, Stopping threads took: 0.0000120 seconds
[2019-12-09T01:52:44.834+0000][1][safepoint    ] Application time: 0.0002530 seconds
[2019-12-09T01:52:44.834+0000][1][safepoint    ] Entering safepoint region: RevokeBias
[2019-12-09T01:52:44.834+0000][1][safepoint    ] Leaving safepoint region
[2019-12-09T01:52:44.834+0000][1][safepoint    ] Total time for which application threads were stopped: 0.0000760 seconds, Stopping threads took: 0.0000116 seconds
[2019-12-09T01:52:44.834+0000][1][safepoint    ] Application time: 0.0006799 seconds
[2019-12-09T01:52:44.834+0000][1][safepoint    ] Entering safepoint region: RevokeBias
[2019-12-09T01:52:44.835+0000][1][safepoint    ] Leaving safepoint region
[2019-12-09T01:52:44.835+0000][1][safepoint    ] Total time for which application threads were stopped: 0.0001076 seconds, Stopping threads took: 0.0000100 seconds
[2019-12-09T01:52:44.836+0000][1][safepoint    ] Application time: 0.0014099 seconds
[2019-12-09T01:52:44.836+0000][1][safepoint    ] Entering safepoint region: RevokeBias
[2019-12-09T01:52:44.836+0000][1][safepoint    ] Leaving safepoint region
[2019-12-09T01:52:44.836+0000][1][safepoint    ] Total time for which application threads were stopped: 0.0000669 seconds, Stopping threads took: 0.0000121 seconds
[2019-12-09T01:52:44.837+0000][1][safepoint    ] Application time: 0.0005938 seconds
[2019-12-09T01:52:44.837+0000][1][safepoint    ] Entering safepoint region: RevokeBias
[2019-12-09T01:52:44.837+0000][1][safepoint    ] Leaving safepoint region
[2019-12-09T01:52:44.837+0000][1][safepoint    ] Total time for which application threads were stopped: 0.0000844 seconds, Stopping threads took: 0.0000277 seconds
[2019-12-09T01:52:44.837+0000][1][safepoint    ] Application time: 0.0004390 seconds
[2019-12-09T01:52:44.837+0000][1][safepoint    ] Entering safepoint region: RevokeBias
[2019-12-09T01:52:44.837+0000][1][safepoint    ] Leaving safepoint region
[2019-12-09T01:52:44.837+0000][1][safepoint    ] Total time for which application threads were stopped: 0.0000540 seconds, Stopping threads took: 0.0000100 seconds
[2019-12-09T01:52:44.837+0000][1][safepoint    ] Application time: 0.0000607 seconds
[2019-12-09T01:52:44.837+0000][1][safepoint    ] Entering safepoint region: RevokeBias
[2019-12-09T01:52:44.837+0000][1][safepoint    ] Leaving safepoint region
[2019-12-09T01:52:44.837+0000][1][safepoint    ] Total time for which application threads were stopped: 0.0000417 seconds, Stopping threads took: 0.0000081 seconds
[2019-12-09T01:52:44.837+0000][1][safepoint    ] Application time: 0.0000519 seconds
[2019-12-09T01:52:44.837+0000][1][safepoint    ] Entering safepoint region: RevokeBias
[2019-12-09T01:52:44.837+0000][1][safepoint    ] Leaving safepoint region
[2019-12-09T01:52:44.837+0000][1][safepoint    ] Total time for which application threads were stopped: 0.0000411 seconds, Stopping threads took: 0.0000078 seconds
[2019-12-09T01:52:44.838+0000][1][safepoint    ] Application time: 0.0002595 seconds
[2019-12-09T01:52:44.838+0000][1][safepoint    ] Entering safepoint region: RevokeBias
[2019-12-09T01:52:44.838+0000][1][safepoint    ] Leaving safepoint region
[2019-12-09T01:52:44.838+0000][1][safepoint    ] Total time for which application threads were stopped: 0.0000493 seconds, Stopping threads took: 0.0000112 seconds
[2019-12-09T01:52:44.838+0000][1][safepoint    ] Application time: 0.0000680 seconds
[2019-12-09T01:52:44.838+0000][1][safepoint    ] Entering safepoint region: RevokeBias
[2019-12-09T01:52:44.838+0000][1][safepoint    ] Leaving safepoint region
[2019-12-09T01:52:44.838+0000][1][safepoint    ] Total time for which application threads were stopped: 0.0000398 seconds, Stopping threads took: 0.0000087 seconds
[2019-12-09T01:52:44.838+0000][1][safepoint    ] Application time: 0.0000521 seconds
[2019-12-09T01:52:44.838+0000][1][safepoint    ] Entering safepoint region: RevokeBias
[2019-12-09T01:52:44.838+0000][1][safepoint    ] Leaving safepoint region
[2019-12-09T01:52:44.838+0000][1][safepoint    ] Total time for which application threads were stopped: 0.0000382 seconds, Stopping threads took: 0.0000084 seconds
[2019-12-09T01:52:44.865+0000][1][safepoint    ] Application time: 0.0266317 seconds
[2019-12-09T01:52:44.865+0000][1][safepoint    ] Entering safepoint region: RevokeBias
[2019-12-09T01:52:44.865+0000][1][safepoint    ] Leaving safepoint region
[2019-12-09T01:52:44.865+0000][1][safepoint    ] Total time for which application threads were stopped: 0.0000640 seconds, Stopping threads took: 0.0000113 seconds
[2019-12-09T01:52:44.908+0000][1][safepoint    ] Application time: 0.0429114 seconds
[2019-12-09T01:52:44.911+0000][1][safepoint    ] Entering safepoint region: RevokeBias
[2019-12-09T01:52:44.911+0000][1][safepoint    ] Leaving safepoint region
[2019-12-09T01:52:44.911+0000][1][safepoint    ] Total time for which application threads were stopped: 0.0030557 seconds, Stopping threads took: 0.0029949 seconds
[2019-12-09T01:52:45.066+0000][1][safepoint    ] Application time: 0.1549115 seconds
[2019-12-09T01:52:45.066+0000][1][safepoint    ] Entering safepoint region: RevokeBias
[2019-12-09T01:52:45.066+0000][1][safepoint    ] Leaving safepoint region
[2019-12-09T01:52:45.066+0000][1][safepoint    ] Total time for which application threads were stopped: 0.0000769 seconds, Stopping threads took: 0.0000163 seconds
[2019-12-09T01:52:45.067+0000][1][safepoint    ] Application time: 0.0007690 seconds
[2019-12-09T01:52:45.067+0000][1][safepoint    ] Entering safepoint region: RevokeBias
[2019-12-09T01:52:45.067+0000][1][safepoint    ] Leaving safepoint region
[2019-12-09T01:52:45.067+0000][1][safepoint    ] Total time for which application threads were stopped: 0.0000685 seconds, Stopping threads took: 0.0000160 seconds
[2019-12-09T01:52:45.830+0000][1][safepoint    ] Application time: 0.7633732 seconds
[2019-12-09T01:52:45.830+0000][1][safepoint    ] Entering safepoint region: RevokeBias
[2019-12-09T01:52:45.830+0000][1][safepoint    ] Leaving safepoint region
[2019-12-09T01:52:45.830+0000][1][safepoint    ] Total time for which application threads were stopped: 0.0001096 seconds, Stopping threads took: 0.0000163 seconds
[2019-12-09T01:52:45.831+0000][1][safepoint    ] Application time: 0.0005086 seconds
[2019-12-09T01:52:45.831+0000][1][safepoint    ] Entering safepoint region: RevokeBias
[2019-12-09T01:52:45.831+0000][1][safepoint    ] Leaving safepoint region
[2019-12-09T01:52:45.831+0000][1][safepoint    ] Total time for which application threads were stopped: 0.0000855 seconds, Stopping threads took: 0.0000139 seconds
[2019-12-09T01:52:45.831+0000][1][safepoint    ] Application time: 0.0006165 seconds
[2019-12-09T01:52:45.831+0000][1][safepoint    ] Entering safepoint region: RevokeBias
[2019-12-09T01:52:45.832+0000][1][safepoint    ] Leaving safepoint region
[2019-12-09T01:52:45.832+0000][1][safepoint    ] Total time for which application threads were stopped: 0.0000787 seconds, Stopping threads took: 0.0000126 seconds
[2019-12-09T01:52:45.833+0000][1][safepoint    ] Application time: 0.0014123 seconds
[2019-12-09T01:52:45.833+0000][1][safepoint    ] Entering safepoint region: RevokeBias
[2019-12-09T01:52:45.833+0000][1][safepoint    ] Leaving safepoint region
[2019-12-09T01:52:45.833+0000][1][safepoint    ] Total time for which application threads were stopped: 0.0000847 seconds, Stopping threads took: 0.0000279 seconds
[2019-12-09T01:52:45.834+0000][1][safepoint    ] Application time: 0.0004996 seconds
[2019-12-09T01:52:45.834+0000][1][safepoint    ] Entering safepoint region: RevokeBias
[2019-12-09T01:52:45.834+0000][1][safepoint    ] Leaving safepoint region
[2019-12-09T01:52:45.834+0000][1][safepoint    ] Total time for which application threads were stopped: 0.0000523 seconds, Stopping threads took: 0.0000122 seconds
[2019-12-09T01:52:45.834+0000][1][safepoint    ] Application time: 0.0000618 seconds
[2019-12-09T01:52:45.834+0000][1][safepoint    ] Entering safepoint region: RevokeBias
[2019-12-09T01:52:45.834+0000][1][safepoint    ] Leaving safepoint region
[2019-12-09T01:52:45.834+0000][1][safepoint    ] Total time for which application threads were stopped: 0.0000466 seconds, Stopping threads took: 0.0000092 seconds
[2019-12-09T01:52:45.834+0000][1][safepoint    ] Application time: 0.0000389 seconds
[2019-12-09T01:52:45.834+0000][1][safepoint    ] Entering safepoint region: RevokeBias
[2019-12-09T01:52:45.834+0000][1][safepoint    ] Leaving safepoint region
[2019-12-09T01:52:45.834+0000][1][safepoint    ] Total time for which application threads were stopped: 0.0000421 seconds, Stopping threads took: 0.0000092 seconds
[2019-12-09T01:52:45.835+0000][1][safepoint    ] Application time: 0.0008647 seconds
[2019-12-09T01:52:45.847+0000][1][safepoint    ] Entering safepoint region: RevokeBias
[2019-12-09T01:52:45.847+0000][1][safepoint    ] Leaving safepoint region
[2019-12-09T01:52:45.847+0000][1][safepoint    ] Total time for which application threads were stopped: 0.0120407 seconds, Stopping threads took: 0.0119957 seconds
[2019-12-09T01:52:45.850+0000][1][safepoint    ] Application time: 0.0029145 seconds
[2019-12-09T01:52:45.850+0000][1][safepoint    ] Entering safepoint region: RevokeBias
[2019-12-09T01:52:45.850+0000][1][safepoint    ] Leaving safepoint region
[2019-12-09T01:52:45.850+0000][1][safepoint    ] Total time for which application threads were stopped: 0.0000700 seconds, Stopping threads took: 0.0000228 seconds
[2019-12-09T01:52:45.850+0000][1][safepoint    ] Application time: 0.0000572 seconds
[2019-12-09T01:52:45.850+0000][1][safepoint    ] Entering safepoint region: RevokeBias
[2019-12-09T01:52:45.850+0000][1][safepoint    ] Leaving safepoint region
[2019-12-09T01:52:45.850+0000][1][safepoint    ] Total time for which application threads were stopped: 0.0000490 seconds, Stopping threads took: 0.0000092 seconds
[2019-12-09T01:52:45.850+0000][1][safepoint    ] Application time: 0.0003361 seconds
[2019-12-09T01:52:45.850+0000][1][safepoint    ] Entering safepoint region: RevokeBias
[2019-12-09T01:52:45.850+0000][1][safepoint    ] Leaving safepoint region
[2019-12-09T01:52:45.850+0000][1][safepoint    ] Total time for which application threads were stopped: 0.0000631 seconds, Stopping threads took: 0.0000126 seconds
[2019-12-09T01:52:45.851+0000][1][safepoint    ] Application time: 0.0002655 seconds
[2019-12-09T01:52:45.851+0000][1][safepoint    ] Entering safepoint region: BulkRevokeBias
[2019-12-09T01:52:45.851+0000][1][safepoint    ] Leaving safepoint region
[2019-12-09T01:52:45.851+0000][1][safepoint    ] Total time for which application threads were stopped: 0.0002645 seconds, Stopping threads took: 0.0000388 seconds
[2019-12-09T01:52:45.851+0000][1][safepoint    ] Application time: 0.0003217 seconds
[2019-12-09T01:52:45.851+0000][1][safepoint    ] Entering safepoint region: RevokeBias
[2019-12-09T01:52:45.851+0000][1][safepoint    ] Leaving safepoint region
[2019-12-09T01:52:45.851+0000][1][safepoint    ] Total time for which application threads were stopped: 0.0000614 seconds, Stopping threads took: 0.0000120 seconds
[2019-12-09T01:52:45.882+0000][1][safepoint    ] Application time: 0.0306521 seconds
[2019-12-09T01:52:45.882+0000][1][safepoint    ] Entering safepoint region: RevokeBias
[2019-12-09T01:52:45.882+0000][1][safepoint    ] Leaving safepoint region
[2019-12-09T01:52:45.882+0000][1][safepoint    ] Total time for which application threads were stopped: 0.0000792 seconds, Stopping threads took: 0.0000147 seconds
[2019-12-09T01:52:45.927+0000][1][safepoint    ] Application time: 0.0446188 seconds
[2019-12-09T01:52:45.927+0000][1][safepoint    ] Entering safepoint region: RevokeBias
[2019-12-09T01:52:45.927+0000][1][safepoint    ] Leaving safepoint region
[2019-12-09T01:52:45.927+0000][1][safepoint    ] Total time for which application threads were stopped: 0.0000792 seconds, Stopping threads took: 0.0000165 seconds
[2019-12-09T01:52:46.050+0000][1][safepoint    ] Application time: 0.1234972 seconds
[2019-12-09T01:52:46.050+0000][1][safepoint    ] Entering safepoint region: RevokeBias
[2019-12-09T01:52:46.050+0000][1][safepoint    ] Leaving safepoint region
[2019-12-09T01:52:46.050+0000][1][safepoint    ] Total time for which application threads were stopped: 0.0000861 seconds, Stopping threads took: 0.0000178 seconds
[2019-12-09T01:52:46.051+0000][1][safepoint    ] Application time: 0.0004743 seconds
[2019-12-09T01:52:46.051+0000][1][safepoint    ] Entering safepoint region: RevokeBias
[2019-12-09T01:52:46.051+0000][1][safepoint    ] Leaving safepoint region
[2019-12-09T01:52:46.051+0000][1][safepoint    ] Total time for which application threads were stopped: 0.0000707 seconds, Stopping threads took: 0.0000160 seconds
[2019-12-09T01:52:46.363+0000][1][safepoint    ] Application time: 0.3123083 seconds
[2019-12-09T01:52:46.363+0000][1][safepoint    ] Entering safepoint region: BulkRevokeBias
[2019-12-09T01:52:46.364+0000][1][safepoint    ] Leaving safepoint region
[2019-12-09T01:52:46.364+0000][1][safepoint    ] Total time for which application threads were stopped: 0.0002862 seconds, Stopping threads took: 0.0000186 seconds
[2019-12-09T01:52:46.364+0000][1][safepoint    ] Application time: 0.0007127 seconds
[2019-12-09T01:52:46.364+0000][1][safepoint    ] Entering safepoint region: RevokeBias
[2019-12-09T01:52:46.364+0000][1][safepoint    ] Leaving safepoint region
[2019-12-09T01:52:46.365+0000][1][safepoint    ] Total time for which application threads were stopped: 0.0000689 seconds, Stopping threads took: 0.0000161 seconds
[2019-12-09T01:52:46.631+0000][1][safepoint    ] Application time: 0.2663066 seconds
[2019-12-09T01:52:46.631+0000][1][safepoint    ] Entering safepoint region: RevokeBias
[2019-12-09T01:52:46.631+0000][1][safepoint    ] Leaving safepoint region
[2019-12-09T01:52:46.631+0000][1][safepoint    ] Total time for which application threads were stopped: 0.0000875 seconds, Stopping threads took: 0.0000170 seconds
[2019-12-09T01:52:46.666+0000][1][safepoint    ] Application time: 0.0350719 seconds
[2019-12-09T01:52:46.666+0000][1][safepoint    ] Entering safepoint region: RevokeBias
[2019-12-09T01:52:46.666+0000][1][safepoint    ] Leaving safepoint region
[2019-12-09T01:52:46.666+0000][1][safepoint    ] Total time for which application threads were stopped: 0.0000877 seconds, Stopping threads took: 0.0000173 seconds
[2019-12-09T01:52:46.856+0000][1][safepoint    ] Application time: 0.1897748 seconds
[2019-12-09T01:52:46.879+0000][1][safepoint    ] Entering safepoint region: RevokeBias
[2019-12-09T01:52:46.879+0000][1][safepoint    ] Leaving safepoint region
[2019-12-09T01:52:46.879+0000][1][safepoint    ] Total time for which application threads were stopped: 0.0231360 seconds, Stopping threads took: 0.0230667 seconds
[2019-12-09T01:52:46.918+0000][1][safepoint    ] Application time: 0.0384708 seconds
[2019-12-09T01:52:46.989+0000][1][safepoint    ] Entering safepoint region: RevokeBias
[2019-12-09T01:52:46.989+0000][1][safepoint    ] Leaving safepoint region
[2019-12-09T01:52:46.989+0000][1][safepoint    ] Total time for which application threads were stopped: 0.0713046 seconds, Stopping threads took: 0.0711654 seconds
[2019-12-09T01:52:47.005+0000][1][safepoint    ] Application time: 0.0161302 seconds
[2019-12-09T01:52:47.021+0000][1][safepoint    ] Entering safepoint region: RevokeBias
[2019-12-09T01:52:47.021+0000][1][safepoint    ] Leaving safepoint region
[2019-12-09T01:52:47.021+0000][1][safepoint    ] Total time for which application threads were stopped: 0.0158100 seconds, Stopping threads took: 0.0156816 seconds
[2019-12-09T01:52:47.021+0000][1][safepoint    ] Application time: 0.0002669 seconds
[2019-12-09T01:52:47.021+0000][1][safepoint    ] Entering safepoint region: RevokeBias
[2019-12-09T01:52:47.021+0000][1][safepoint    ] Leaving safepoint region
[2019-12-09T01:52:47.021+0000][1][safepoint    ] Total time for which application threads were stopped: 0.0000624 seconds, Stopping threads took: 0.0000123 seconds
[2019-12-09T01:52:47.036+0000][1][safepoint    ] Application time: 0.0151650 seconds
[2019-12-09T01:52:47.036+0000][1][safepoint    ] Entering safepoint region: RevokeBias
[2019-12-09T01:52:47.036+0000][1][safepoint    ] Leaving safepoint region
[2019-12-09T01:52:47.037+0000][1][safepoint    ] Total time for which application threads were stopped: 0.0001021 seconds, Stopping threads took: 0.0000160 seconds
[2019-12-09T01:52:47.037+0000][1][safepoint    ] Application time: 0.0004525 seconds
[2019-12-09T01:52:47.037+0000][1][safepoint    ] Entering safepoint region: RevokeBias
[2019-12-09T01:52:47.037+0000][1][safepoint    ] Leaving safepoint region
[2019-12-09T01:52:47.037+0000][1][safepoint    ] Total time for which application threads were stopped: 0.0000718 seconds, Stopping threads took: 0.0000137 seconds
[2019-12-09T01:52:47.070+0000][1][safepoint    ] Application time: 0.0326458 seconds
[2019-12-09T01:52:47.070+0000][1][safepoint    ] Entering safepoint region: RevokeBias
[2019-12-09T01:52:47.070+0000][1][safepoint    ] Leaving safepoint region
[2019-12-09T01:52:47.070+0000][1][safepoint    ] Total time for which application threads were stopped: 0.0001547 seconds, Stopping threads took: 0.0000186 seconds
[2019-12-09T01:52:47.072+0000][1][safepoint    ] Application time: 0.0021879 seconds
[2019-12-09T01:52:47.072+0000][1][safepoint    ] Entering safepoint region: RevokeBias
[2019-12-09T01:52:47.072+0000][1][safepoint    ] Leaving safepoint region
[2019-12-09T01:52:47.072+0000][1][safepoint    ] Total time for which application threads were stopped: 0.0000697 seconds, Stopping threads took: 0.0000130 seconds
[2019-12-09T01:52:47.072+0000][1][safepoint    ] Application time: 0.0002641 seconds
[2019-12-09T01:52:47.072+0000][1][safepoint    ] Entering safepoint region: RevokeBias
[2019-12-09T01:52:47.073+0000][1][safepoint    ] Leaving safepoint region
[2019-12-09T01:52:47.073+0000][1][safepoint    ] Total time for which application threads were stopped: 0.0000610 seconds, Stopping threads took: 0.0000102 seconds
[2019-12-09T01:52:47.075+0000][1][safepoint    ] Application time: 0.0024162 seconds
[2019-12-09T01:52:47.075+0000][1][safepoint    ] Entering safepoint region: RevokeBias
[2019-12-09T01:52:47.075+0000][1][safepoint    ] Leaving safepoint region
[2019-12-09T01:52:47.075+0000][1][safepoint    ] Total time for which application threads were stopped: 0.0000643 seconds, Stopping threads took: 0.0000127 seconds
[2019-12-09T01:52:47.075+0000][1][safepoint    ] Application time: 0.0002174 seconds
[2019-12-09T01:52:47.075+0000][1][safepoint    ] Entering safepoint region: BulkRevokeBias
[2019-12-09T01:52:47.076+0000][1][safepoint    ] Leaving safepoint region
[2019-12-09T01:52:47.076+0000][1][safepoint    ] Total time for which application threads were stopped: 0.0005300 seconds, Stopping threads took: 0.0000104 seconds
[2019-12-09T01:52:47.093+0000][1][safepoint    ] Application time: 0.0172144 seconds
[2019-12-09T01:52:47.093+0000][1][safepoint    ] Entering safepoint region: RevokeBias
[2019-12-09T01:52:47.093+0000][1][safepoint    ] Leaving safepoint region
[2019-12-09T01:52:47.093+0000][1][safepoint    ] Total time for which application threads were stopped: 0.0000723 seconds, Stopping threads took: 0.0000121 seconds
[2019-12-09T01:52:47.128+0000][1][safepoint    ] Application time: 0.0346362 seconds
[2019-12-09T01:52:47.128+0000][1][safepoint    ] Entering safepoint region: RevokeBias
[2019-12-09T01:52:47.128+0000][1][safepoint    ] Leaving safepoint region
[2019-12-09T01:52:47.128+0000][1][safepoint    ] Total time for which application threads were stopped: 0.0000756 seconds, Stopping threads took: 0.0000175 seconds
[2019-12-09T01:52:47.128+0000][1][safepoint    ] Application time: 0.0005021 seconds
[2019-12-09T01:52:47.128+0000][1][safepoint    ] Entering safepoint region: RevokeBias
[2019-12-09T01:52:47.128+0000][1][safepoint    ] Leaving safepoint region
[2019-12-09T01:52:47.128+0000][1][safepoint    ] Total time for which application threads were stopped: 0.0000668 seconds, Stopping threads took: 0.0000128 seconds
[2019-12-09T01:52:47.129+0000][1][safepoint    ] Application time: 0.0000432 seconds
[2019-12-09T01:52:47.129+0000][1][safepoint    ] Entering safepoint region: RevokeBias
[2019-12-09T01:52:47.129+0000][1][safepoint    ] Leaving safepoint region
[2019-12-09T01:52:47.129+0000][1][safepoint    ] Total time for which application threads were stopped: 0.0000374 seconds, Stopping threads took: 0.0000085 seconds
[2019-12-09T01:52:47.129+0000][1][safepoint    ] Application time: 0.0000353 seconds
[2019-12-09T01:52:47.129+0000][1][safepoint    ] Entering safepoint region: RevokeBias
[2019-12-09T01:52:47.129+0000][1][safepoint    ] Leaving safepoint region
[2019-12-09T01:52:47.129+0000][1][safepoint    ] Total time for which application threads were stopped: 0.0000344 seconds, Stopping threads took: 0.0000076 seconds
[2019-12-09T01:52:47.162+0000][1][safepoint    ] Application time: 0.0331235 seconds
[2019-12-09T01:52:47.162+0000][1][safepoint    ] Entering safepoint region: RevokeBias
[2019-12-09T01:52:47.162+0000][1][safepoint    ] Leaving safepoint region
[2019-12-09T01:52:47.162+0000][1][safepoint    ] Total time for which application threads were stopped: 0.0000769 seconds, Stopping threads took: 0.0000144 seconds
[2019-12-09T01:52:47.226+0000][1][safepoint    ] Application time: 0.0639989 seconds
[2019-12-09T01:52:47.226+0000][1][safepoint    ] Entering safepoint region: RevokeBias
[2019-12-09T01:52:47.226+0000][1][safepoint    ] Leaving safepoint region
[2019-12-09T01:52:47.226+0000][1][safepoint    ] Total time for which application threads were stopped: 0.0000822 seconds, Stopping threads took: 0.0000171 seconds
[2019-12-09T01:52:47.335+0000][1][safepoint    ] Application time: 0.1091104 seconds
[2019-12-09T01:52:47.335+0000][1][safepoint    ] Entering safepoint region: RevokeBias
[2019-12-09T01:52:47.335+0000][1][safepoint    ] Leaving safepoint region
[2019-12-09T01:52:47.335+0000][1][safepoint    ] Total time for which application threads were stopped: 0.0001477 seconds, Stopping threads took: 0.0000154 seconds
[2019-12-09T01:52:47.373+0000][1][safepoint    ] Application time: 0.0373730 seconds
[2019-12-09T01:52:47.373+0000][1][safepoint    ] Entering safepoint region: RevokeBias
[2019-12-09T01:52:47.373+0000][1][safepoint    ] Leaving safepoint region
[2019-12-09T01:52:47.373+0000][1][safepoint    ] Total time for which application threads were stopped: 0.0000829 seconds, Stopping threads took: 0.0000202 seconds
[2019-12-09T01:52:47.720+0000][1][safepoint    ] Application time: 0.3476706 seconds
[2019-12-09T01:52:47.720+0000][1][safepoint    ] Entering safepoint region: RevokeBias
[2019-12-09T01:52:47.721+0000][1][safepoint    ] Leaving safepoint region
[2019-12-09T01:52:47.721+0000][1][safepoint    ] Total time for which application threads were stopped: 0.0000927 seconds, Stopping threads took: 0.0000190 seconds
[2019-12-09T01:52:47.721+0000][1][safepoint    ] Application time: 0.0003743 seconds
[2019-12-09T01:52:47.721+0000][1][safepoint    ] Entering safepoint region: RevokeBias
[2019-12-09T01:52:47.721+0000][1][safepoint    ] Leaving safepoint region
[2019-12-09T01:52:47.721+0000][1][safepoint    ] Total time for which application threads were stopped: 0.0000606 seconds, Stopping threads took: 0.0000131 seconds
[2019-12-09T01:52:47.866+0000][1][safepoint    ] Application time: 0.1451006 seconds
[2019-12-09T01:52:47.900+0000][1][safepoint    ] Entering safepoint region: RevokeBias
[2019-12-09T01:52:47.900+0000][1][safepoint    ] Leaving safepoint region
[2019-12-09T01:52:47.900+0000][1][safepoint    ] Total time for which application threads were stopped: 0.0337388 seconds, Stopping threads took: 0.0335770 seconds
[2019-12-09T01:52:47.900+0000][1][safepoint    ] Application time: 0.0005779 seconds
[2019-12-09T01:52:47.901+0000][1][safepoint    ] Entering safepoint region: RevokeBias
[2019-12-09T01:52:47.901+0000][1][safepoint    ] Leaving safepoint region
[2019-12-09T01:52:47.901+0000][1][safepoint    ] Total time for which application threads were stopped: 0.0000978 seconds, Stopping threads took: 0.0000157 seconds
[2019-12-09T01:52:47.901+0000][1][safepoint    ] Application time: 0.0007483 seconds
[2019-12-09T01:52:47.901+0000][1][safepoint    ] Entering safepoint region: RevokeBias
[2019-12-09T01:52:47.901+0000][1][safepoint    ] Leaving safepoint region
[2019-12-09T01:52:47.901+0000][1][safepoint    ] Total time for which application threads were stopped: 0.0000828 seconds, Stopping threads took: 0.0000137 seconds
[2019-12-09T01:52:47.962+0000][1][safepoint    ] Application time: 0.0600314 seconds
[2019-12-09T01:52:47.962+0000][1][safepoint    ] Entering safepoint region: BulkRevokeBias
[2019-12-09T01:52:47.963+0000][1][safepoint    ] Leaving safepoint region
[2019-12-09T01:52:47.963+0000][1][safepoint    ] Total time for which application threads were stopped: 0.0012450 seconds, Stopping threads took: 0.0000527 seconds
[2019-12-09T01:52:47.969+0000][1][safepoint    ] Application time: 0.0063151 seconds
[2019-12-09T01:52:47.969+0000][1][safepoint    ] Entering safepoint region: RevokeBias
[2019-12-09T01:52:47.969+0000][1][safepoint    ] Leaving safepoint region
[2019-12-09T01:52:47.969+0000][1][safepoint    ] Total time for which application threads were stopped: 0.0000721 seconds, Stopping threads took: 0.0000150 seconds
[2019-12-09T01:52:47.969+0000][1][safepoint    ] Application time: 0.0000563 seconds
[2019-12-09T01:52:47.969+0000][1][safepoint    ] Entering safepoint region: RevokeBias
[2019-12-09T01:52:47.969+0000][1][safepoint    ] Leaving safepoint region
[2019-12-09T01:52:47.969+0000][1][safepoint    ] Total time for which application threads were stopped: 0.0000478 seconds, Stopping threads took: 0.0000091 seconds
[2019-12-09T01:52:47.969+0000][1][safepoint    ] Application time: 0.0000409 seconds
[2019-12-09T01:52:47.969+0000][1][safepoint    ] Entering safepoint region: RevokeBias
[2019-12-09T01:52:47.969+0000][1][safepoint    ] Leaving safepoint region
[2019-12-09T01:52:47.969+0000][1][safepoint    ] Total time for which application threads were stopped: 0.0000524 seconds, Stopping threads took: 0.0000087 seconds
[2019-12-09T01:52:47.977+0000][1][safepoint    ] Application time: 0.0076861 seconds
[2019-12-09T01:52:48.016+0000][1][safepoint    ] Entering safepoint region: RevokeBias
[2019-12-09T01:52:48.016+0000][1][safepoint    ] Leaving safepoint region
[2019-12-09T01:52:48.016+0000][1][safepoint    ] Total time for which application threads were stopped: 0.0387191 seconds, Stopping threads took: 0.0386122 seconds
[2019-12-09T01:52:48.017+0000][1][safepoint    ] Application time: 0.0015476 seconds
[2019-12-09T01:52:48.018+0000][1][safepoint    ] Entering safepoint region: RevokeBias
[2019-12-09T01:52:48.018+0000][1][safepoint    ] Leaving safepoint region
[2019-12-09T01:52:48.018+0000][1][safepoint    ] Total time for which application threads were stopped: 0.0001249 seconds, Stopping threads took: 0.0000602 seconds
[2019-12-09T01:52:48.018+0000][1][safepoint    ] Application time: 0.0003447 seconds
[2019-12-09T01:52:48.018+0000][1][safepoint    ] Entering safepoint region: RevokeBias
[2019-12-09T01:52:48.018+0000][1][safepoint    ] Leaving safepoint region
[2019-12-09T01:52:48.018+0000][1][safepoint    ] Total time for which application threads were stopped: 0.0000604 seconds, Stopping threads took: 0.0000133 seconds
[2019-12-09T01:52:48.019+0000][1][safepoint    ] Application time: 0.0009169 seconds
[2019-12-09T01:52:48.019+0000][1][safepoint    ] Entering safepoint region: RevokeBias
[2019-12-09T01:52:48.019+0000][1][safepoint    ] Leaving safepoint region
[2019-12-09T01:52:48.019+0000][1][safepoint    ] Total time for which application threads were stopped: 0.0000538 seconds, Stopping threads took: 0.0000127 seconds
[2019-12-09T01:52:48.019+0000][1][safepoint    ] Application time: 0.0000485 seconds
[2019-12-09T01:52:48.019+0000][1][safepoint    ] Entering safepoint region: RevokeBias
[2019-12-09T01:52:48.019+0000][1][safepoint    ] Leaving safepoint region
[2019-12-09T01:52:48.019+0000][1][safepoint    ] Total time for which application threads were stopped: 0.0000427 seconds, Stopping threads took: 0.0000096 seconds
[2019-12-09T01:52:48.019+0000][1][safepoint    ] Application time: 0.0000376 seconds
[2019-12-09T01:52:48.019+0000][1][safepoint    ] Entering safepoint region: RevokeBias
[2019-12-09T01:52:48.019+0000][1][safepoint    ] Leaving safepoint region
[2019-12-09T01:52:48.019+0000][1][safepoint    ] Total time for which application threads were stopped: 0.0000386 seconds, Stopping threads took: 0.0000085 seconds
[2019-12-09T01:52:48.020+0000][1][safepoint    ] Application time: 0.0011184 seconds
[2019-12-09T01:52:48.020+0000][1][safepoint    ] Entering safepoint region: RevokeBias
[2019-12-09T01:52:48.020+0000][1][safepoint    ] Leaving safepoint region
[2019-12-09T01:52:48.020+0000][1][safepoint    ] Total time for which application threads were stopped: 0.0000588 seconds, Stopping threads took: 0.0000133 seconds
[2019-12-09T01:52:48.095+0000][1][safepoint    ] Application time: 0.0749040 seconds
[2019-12-09T01:52:48.095+0000][1][safepoint    ] Entering safepoint region: RevokeBias
[2019-12-09T01:52:48.095+0000][1][safepoint    ] Leaving safepoint region
[2019-12-09T01:52:48.095+0000][1][safepoint    ] Total time for which application threads were stopped: 0.0001109 seconds, Stopping threads took: 0.0000498 seconds
[2019-12-09T01:52:48.096+0000][1][safepoint    ] Application time: 0.0004084 seconds
[2019-12-09T01:52:48.096+0000][1][safepoint    ] Entering safepoint region: RevokeBias
[2019-12-09T01:52:48.096+0000][1][safepoint    ] Leaving safepoint region
[2019-12-09T01:52:48.096+0000][1][safepoint    ] Total time for which application threads were stopped: 0.0000669 seconds, Stopping threads took: 0.0000136 seconds
[2019-12-09T01:52:48.686+0000][1][safepoint    ] Application time: 0.5898102 seconds
[2019-12-09T01:52:48.686+0000][1][safepoint    ] Entering safepoint region: RevokeBias
[2019-12-09T01:52:48.686+0000][1][safepoint    ] Leaving safepoint region
[2019-12-09T01:52:48.686+0000][1][safepoint    ] Total time for which application threads were stopped: 0.0001389 seconds, Stopping threads took: 0.0000481 seconds
[2019-12-09T01:52:48.688+0000][1][safepoint    ] Application time: 0.0021007 seconds
[2019-12-09T01:52:48.688+0000][1][safepoint    ] Entering safepoint region: RevokeBias
[2019-12-09T01:52:48.688+0000][1][safepoint    ] Leaving safepoint region
[2019-12-09T01:52:48.688+0000][1][safepoint    ] Total time for which application threads were stopped: 0.0000726 seconds, Stopping threads took: 0.0000182 seconds
[2019-12-09T01:52:48.886+0000][1][safepoint    ] Application time: 0.1981044 seconds
[2019-12-09T01:52:48.886+0000][1][safepoint    ] Entering safepoint region: RevokeBias
[2019-12-09T01:52:48.886+0000][1][safepoint    ] Leaving safepoint region
[2019-12-09T01:52:48.886+0000][1][safepoint    ] Total time for which application threads were stopped: 0.0001734 seconds, Stopping threads took: 0.0000841 seconds
[2019-12-09T01:52:48.887+0000][1][safepoint    ] Application time: 0.0003182 seconds
[2019-12-09T01:52:48.887+0000][1][safepoint    ] Entering safepoint region: BulkRevokeBias
[2019-12-09T01:52:48.887+0000][1][safepoint    ] Leaving safepoint region
[2019-12-09T01:52:48.887+0000][1][safepoint    ] Total time for which application threads were stopped: 0.0002821 seconds, Stopping threads took: 0.0000158 seconds
[2019-12-09T01:52:48.888+0000][1][safepoint    ] Application time: 0.0012652 seconds
[2019-12-09T01:52:48.888+0000][1][safepoint    ] Entering safepoint region: RevokeBias
[2019-12-09T01:52:48.889+0000][1][safepoint    ] Leaving safepoint region
[2019-12-09T01:52:48.889+0000][1][safepoint    ] Total time for which application threads were stopped: 0.0001188 seconds, Stopping threads took: 0.0000567 seconds
[2019-12-09T01:52:48.890+0000][1][safepoint    ] Application time: 0.0015074 seconds
[2019-12-09T01:52:48.903+0000][1][safepoint    ] Entering safepoint region: RevokeBias
[2019-12-09T01:52:48.903+0000][1][safepoint    ] Leaving safepoint region
[2019-12-09T01:52:48.903+0000][1][safepoint    ] Total time for which application threads were stopped: 0.0130494 seconds, Stopping threads took: 0.0129838 seconds
[2019-12-09T01:52:48.905+0000][1][safepoint    ] Application time: 0.0018079 seconds
[2019-12-09T01:52:48.905+0000][1][safepoint    ] Entering safepoint region: RevokeBias
[2019-12-09T01:52:48.905+0000][1][safepoint    ] Leaving safepoint region
[2019-12-09T01:52:48.905+0000][1][safepoint    ] Total time for which application threads were stopped: 0.0000691 seconds, Stopping threads took: 0.0000126 seconds
[2019-12-09T01:52:48.906+0000][1][safepoint    ] Application time: 0.0009163 seconds
[2019-12-09T01:52:48.906+0000][1][safepoint    ] Entering safepoint region: RevokeBias
[2019-12-09T01:52:48.906+0000][1][safepoint    ] Leaving safepoint region
[2019-12-09T01:52:48.906+0000][1][safepoint    ] Total time for which application threads were stopped: 0.0000628 seconds, Stopping threads took: 0.0000124 seconds
[2019-12-09T01:52:48.908+0000][1][safepoint    ] Application time: 0.0019039 seconds
[2019-12-09T01:52:48.908+0000][1][safepoint    ] Entering safepoint region: RevokeBias
[2019-12-09T01:52:48.908+0000][1][safepoint    ] Leaving safepoint region
[2019-12-09T01:52:48.908+0000][1][safepoint    ] Total time for which application threads were stopped: 0.0000657 seconds, Stopping threads took: 0.0000124 seconds
[2019-12-09T01:52:48.908+0000][1][safepoint    ] Application time: 0.0003936 seconds
[2019-12-09T01:52:48.908+0000][1][safepoint    ] Entering safepoint region: RevokeBias
[2019-12-09T01:52:48.909+0000][1][safepoint    ] Leaving safepoint region
[2019-12-09T01:52:48.909+0000][1][safepoint    ] Total time for which application threads were stopped: 0.0000622 seconds, Stopping threads took: 0.0000110 seconds
[2019-12-09T01:52:48.909+0000][1][safepoint    ] Application time: 0.0005277 seconds
[2019-12-09T01:52:48.909+0000][1][safepoint    ] Entering safepoint region: RevokeBias
[2019-12-09T01:52:48.909+0000][1][safepoint    ] Leaving safepoint region
[2019-12-09T01:52:48.909+0000][1][safepoint    ] Total time for which application threads were stopped: 0.0000616 seconds, Stopping threads took: 0.0000179 seconds
[2019-12-09T01:52:48.916+0000][1][safepoint    ] Application time: 0.0066365 seconds
[2019-12-09T01:52:48.916+0000][1][safepoint    ] Entering safepoint region: RevokeBias
[2019-12-09T01:52:48.916+0000][1][safepoint    ] Leaving safepoint region
[2019-12-09T01:52:48.916+0000][1][safepoint    ] Total time for which application threads were stopped: 0.0000665 seconds, Stopping threads took: 0.0000126 seconds
[2019-12-09T01:52:49.006+0000][1][safepoint    ] Application time: 0.0898305 seconds
[2019-12-09T01:52:49.006+0000][1][safepoint    ] Entering safepoint region: RevokeBias
[2019-12-09T01:52:49.006+0000][1][safepoint    ] Leaving safepoint region
[2019-12-09T01:52:49.006+0000][1][safepoint    ] Total time for which application threads were stopped: 0.0000944 seconds, Stopping threads took: 0.0000178 seconds
[2019-12-09T01:52:49.481+0000][1][safepoint    ] Application time: 0.4749948 seconds
[2019-12-09T01:52:49.481+0000][1][safepoint    ] Entering safepoint region: RevokeBias
[2019-12-09T01:52:49.481+0000][1][safepoint    ] Leaving safepoint region
[2019-12-09T01:52:49.481+0000][1][safepoint    ] Total time for which application threads were stopped: 0.0000872 seconds, Stopping threads took: 0.0000180 seconds
[2019-12-09T01:52:49.536+0000][1][safepoint    ] Application time: 0.0548619 seconds
[2019-12-09T01:52:49.536+0000][1][safepoint    ] Entering safepoint region: RevokeBias
[2019-12-09T01:52:49.536+0000][1][safepoint    ] Leaving safepoint region
[2019-12-09T01:52:49.536+0000][1][safepoint    ] Total time for which application threads were stopped: 0.0000897 seconds, Stopping threads took: 0.0000192 seconds
[2019-12-09T01:52:49.685+0000][1][safepoint    ] Application time: 0.1493655 seconds
[2019-12-09T01:52:49.685+0000][1][safepoint    ] Entering safepoint region: RevokeBias
[2019-12-09T01:52:49.685+0000][1][safepoint    ] Leaving safepoint region
[2019-12-09T01:52:49.685+0000][1][safepoint    ] Total time for which application threads were stopped: 0.0000904 seconds, Stopping threads took: 0.0000182 seconds
[2019-12-09T01:52:49.887+0000][1][safepoint    ] Application time: 0.2019472 seconds
[2019-12-09T01:52:49.890+0000][1][safepoint    ] Entering safepoint region: RevokeBias
[2019-12-09T01:52:49.890+0000][1][safepoint    ] Leaving safepoint region
[2019-12-09T01:52:49.890+0000][1][safepoint    ] Total time for which application threads were stopped: 0.0024625 seconds, Stopping threads took: 0.0023662 seconds
[2019-12-09T01:52:49.916+0000][1][safepoint    ] Application time: 0.0258166 seconds
[2019-12-09T01:52:49.916+0000][1][safepoint    ] Entering safepoint region: RevokeBias
[2019-12-09T01:52:49.916+0000][1][safepoint    ] Leaving safepoint region
[2019-12-09T01:52:49.916+0000][1][safepoint    ] Total time for which application threads were stopped: 0.0001018 seconds, Stopping threads took: 0.0000152 seconds
[2019-12-09T01:52:49.916+0000][1][safepoint    ] Application time: 0.0000775 seconds
[2019-12-09T01:52:49.916+0000][1][safepoint    ] Entering safepoint region: RevokeBias
[2019-12-09T01:52:49.916+0000][1][safepoint    ] Leaving safepoint region
[2019-12-09T01:52:49.916+0000][1][safepoint    ] Total time for which application threads were stopped: 0.0000480 seconds, Stopping threads took: 0.0000080 seconds
[2019-12-09T01:52:49.916+0000][1][safepoint    ] Application time: 0.0000893 seconds
[2019-12-09T01:52:49.916+0000][1][safepoint    ] Entering safepoint region: BulkRevokeBias
[2019-12-09T01:52:49.916+0000][1][safepoint    ] Leaving safepoint region
[2019-12-09T01:52:49.916+0000][1][safepoint    ] Total time for which application threads were stopped: 0.0003184 seconds, Stopping threads took: 0.0000081 seconds
[2019-12-09T01:52:49.927+0000][1][safepoint    ] Application time: 0.0108789 seconds
[2019-12-09T01:52:49.927+0000][1][safepoint    ] Entering safepoint region: RevokeBias
[2019-12-09T01:52:49.927+0000][1][safepoint    ] Leaving safepoint region
[2019-12-09T01:52:49.927+0000][1][safepoint    ] Total time for which application threads were stopped: 0.0001022 seconds, Stopping threads took: 0.0000226 seconds
[2019-12-09T01:52:49.941+0000][1][safepoint    ] Application time: 0.0132830 seconds
[2019-12-09T01:52:49.941+0000][1][safepoint    ] Entering safepoint region: RevokeBias
[2019-12-09T01:52:49.941+0000][1][safepoint    ] Leaving safepoint region
[2019-12-09T01:52:49.941+0000][1][safepoint    ] Total time for which application threads were stopped: 0.0000973 seconds, Stopping threads took: 0.0000171 seconds
[2019-12-09T01:52:49.982+0000][1][safepoint    ] Application time: 0.0407255 seconds
[2019-12-09T01:52:49.982+0000][1][safepoint    ] Entering safepoint region: RevokeBias
[2019-12-09T01:52:49.982+0000][1][safepoint    ] Leaving safepoint region
[2019-12-09T01:52:49.982+0000][1][safepoint    ] Total time for which application threads were stopped: 0.0001206 seconds, Stopping threads took: 0.0000177 seconds
[2019-12-09T01:52:49.991+0000][1][safepoint    ] Application time: 0.0088374 seconds
[2019-12-09T01:52:49.991+0000][1][safepoint    ] Entering safepoint region: RevokeBias
[2019-12-09T01:52:49.991+0000][1][safepoint    ] Leaving safepoint region
[2019-12-09T01:52:49.991+0000][1][safepoint    ] Total time for which application threads were stopped: 0.0000877 seconds, Stopping threads took: 0.0000164 seconds
[2019-12-09T01:52:50.061+0000][1][safepoint    ] Application time: 0.0708197 seconds
[2019-12-09T01:52:50.062+0000][1][safepoint    ] Entering safepoint region: RevokeBias
[2019-12-09T01:52:50.062+0000][1][safepoint    ] Leaving safepoint region
[2019-12-09T01:52:50.062+0000][1][safepoint    ] Total time for which application threads were stopped: 0.0001069 seconds, Stopping threads took: 0.0000186 seconds
[2019-12-09T01:52:50.271+0000][1][safepoint    ] Application time: 0.2093776 seconds
[2019-12-09T01:52:50.271+0000][1][safepoint    ] Entering safepoint region: RevokeBias
[2019-12-09T01:52:50.271+0000][1][safepoint    ] Leaving safepoint region
[2019-12-09T01:52:50.271+0000][1][safepoint    ] Total time for which application threads were stopped: 0.0001738 seconds, Stopping threads took: 0.0000439 seconds
[2019-12-09T01:52:50.272+0000][1][safepoint    ] Application time: 0.0003818 seconds
[2019-12-09T01:52:50.272+0000][1][safepoint    ] Entering safepoint region: RevokeBias
[2019-12-09T01:52:50.272+0000][1][safepoint    ] Leaving safepoint region
[2019-12-09T01:52:50.272+0000][1][safepoint    ] Total time for which application threads were stopped: 0.0001047 seconds, Stopping threads took: 0.0000117 seconds
[2019-12-09T01:52:50.273+0000][1][safepoint    ] Application time: 0.0014398 seconds
[2019-12-09T01:52:50.273+0000][1][safepoint    ] Entering safepoint region: RevokeBias
[2019-12-09T01:52:50.273+0000][1][safepoint    ] Leaving safepoint region
[2019-12-09T01:52:50.273+0000][1][safepoint    ] Total time for which application threads were stopped: 0.0000820 seconds, Stopping threads took: 0.0000122 seconds
[2019-12-09T01:52:50.274+0000][1][safepoint    ] Application time: 0.0008017 seconds
[2019-12-09T01:52:50.274+0000][1][safepoint    ] Entering safepoint region: RevokeBias
[2019-12-09T01:52:50.274+0000][1][safepoint    ] Leaving safepoint region
[2019-12-09T01:52:50.274+0000][1][safepoint    ] Total time for which application threads were stopped: 0.0001104 seconds, Stopping threads took: 0.0000138 seconds
[2019-12-09T01:52:50.275+0000][1][safepoint    ] Application time: 0.0006454 seconds
[2019-12-09T01:52:50.275+0000][1][safepoint    ] Entering safepoint region: RevokeBias
[2019-12-09T01:52:50.275+0000][1][safepoint    ] Leaving safepoint region
[2019-12-09T01:52:50.275+0000][1][safepoint    ] Total time for which application threads were stopped: 0.0001235 seconds, Stopping threads took: 0.0000381 seconds
[2019-12-09T01:52:50.280+0000][1][safepoint    ] Application time: 0.0047414 seconds
[2019-12-09T01:52:50.280+0000][1][safepoint    ] Entering safepoint region: BulkRevokeBias
[2019-12-09T01:52:50.280+0000][1][safepoint    ] Leaving safepoint region
[2019-12-09T01:52:50.280+0000][1][safepoint    ] Total time for which application threads were stopped: 0.0002696 seconds, Stopping threads took: 0.0000182 seconds
[2019-12-09T01:52:51.032+0000][1][safepoint    ] Application time: 0.7521704 seconds
[2019-12-09T01:52:51.033+0000][1][safepoint    ] Entering safepoint region: RevokeBias
[2019-12-09T01:52:51.033+0000][1][safepoint    ] Leaving safepoint region
[2019-12-09T01:52:51.033+0000][1][safepoint    ] Total time for which application threads were stopped: 0.0012100 seconds, Stopping threads took: 0.0011041 seconds
[2019-12-09T01:52:51.044+0000][1][safepoint    ] Application time: 0.0104878 seconds
[2019-12-09T01:52:51.044+0000][1][safepoint    ] Entering safepoint region: RevokeBias
[2019-12-09T01:52:51.044+0000][1][safepoint    ] Leaving safepoint region
[2019-12-09T01:52:51.044+0000][1][safepoint    ] Total time for which application threads were stopped: 0.0000857 seconds, Stopping threads took: 0.0000154 seconds
[2019-12-09T01:52:51.904+0000][1][safepoint    ] Application time: 0.8596229 seconds
[2019-12-09T01:52:51.904+0000][1][safepoint    ] Entering safepoint region: RevokeBias
[2019-12-09T01:52:51.904+0000][1][safepoint    ] Leaving safepoint region
[2019-12-09T01:52:51.904+0000][1][safepoint    ] Total time for which application threads were stopped: 0.0001363 seconds, Stopping threads took: 0.0000580 seconds
[2019-12-09T01:52:51.915+0000][1][safepoint    ] Application time: 0.0114196 seconds
[2019-12-09T01:52:51.915+0000][1][safepoint    ] Entering safepoint region: RevokeBias
[2019-12-09T01:52:51.915+0000][1][safepoint    ] Leaving safepoint region
[2019-12-09T01:52:51.915+0000][1][safepoint    ] Total time for which application threads were stopped: 0.0000851 seconds, Stopping threads took: 0.0000162 seconds
[2019-12-09T01:52:51.921+0000][1][safepoint    ] Application time: 0.0060098 seconds
[2019-12-09T01:52:51.921+0000][1][safepoint    ] Entering safepoint region: RevokeBias
[2019-12-09T01:52:51.922+0000][1][safepoint    ] Leaving safepoint region
[2019-12-09T01:52:51.922+0000][1][safepoint    ] Total time for which application threads were stopped: 0.0000794 seconds, Stopping threads took: 0.0000146 seconds
[2019-12-09T01:52:52.415+0000][1][safepoint    ] Application time: 0.4935704 seconds
[2019-12-09T01:52:52.415+0000][1][safepoint    ] Entering safepoint region: RevokeBias
[2019-12-09T01:52:52.415+0000][1][safepoint    ] Leaving safepoint region
[2019-12-09T01:52:52.415+0000][1][safepoint    ] Total time for which application threads were stopped: 0.0001245 seconds, Stopping threads took: 0.0000170 seconds
[2019-12-09T01:52:52.415+0000][1][safepoint    ] Application time: 0.0000640 seconds
[2019-12-09T01:52:52.415+0000][1][safepoint    ] Entering safepoint region: RevokeBias
[2019-12-09T01:52:52.415+0000][1][safepoint    ] Leaving safepoint region
[2019-12-09T01:52:52.415+0000][1][safepoint    ] Total time for which application threads were stopped: 0.0000842 seconds, Stopping threads took: 0.0000277 seconds
[2019-12-09T01:52:52.698+0000][1][safepoint    ] Application time: 0.2823731 seconds
[2019-12-09T01:52:52.698+0000][1][safepoint    ] Entering safepoint region: RevokeBias
[2019-12-09T01:52:52.698+0000][1][safepoint    ] Leaving safepoint region
[2019-12-09T01:52:52.698+0000][1][safepoint    ] Total time for which application threads were stopped: 0.0001229 seconds, Stopping threads took: 0.0000189 seconds
[2019-12-09T01:52:52.698+0000][1][safepoint    ] Application time: 0.0004085 seconds
[2019-12-09T01:52:52.698+0000][1][safepoint    ] Entering safepoint region: RevokeBias
[2019-12-09T01:52:52.698+0000][1][safepoint    ] Leaving safepoint region
[2019-12-09T01:52:52.698+0000][1][safepoint    ] Total time for which application threads were stopped: 0.0000909 seconds, Stopping threads took: 0.0000157 seconds
[2019-12-09T01:52:52.759+0000][1][safepoint    ] Application time: 0.0601029 seconds
[2019-12-09T01:52:52.759+0000][1][safepoint    ] Entering safepoint region: RevokeBias
[2019-12-09T01:52:52.759+0000][1][safepoint    ] Leaving safepoint region
[2019-12-09T01:52:52.759+0000][1][safepoint    ] Total time for which application threads were stopped: 0.0001617 seconds, Stopping threads took: 0.0000754 seconds
[2019-12-09T01:52:52.759+0000][1][safepoint    ] Application time: 0.0001039 seconds
[2019-12-09T01:52:52.759+0000][1][safepoint    ] Entering safepoint region: RevokeBias
[2019-12-09T01:52:52.759+0000][1][safepoint    ] Leaving safepoint region
[2019-12-09T01:52:52.759+0000][1][safepoint    ] Total time for which application threads were stopped: 0.0000864 seconds, Stopping threads took: 0.0000410 seconds
[2019-12-09T01:52:52.790+0000][1][safepoint    ] Application time: 0.0307271 seconds
[2019-12-09T01:52:52.790+0000][1][safepoint    ] Entering safepoint region: RevokeBias
[2019-12-09T01:52:52.791+0000][1][safepoint    ] Leaving safepoint region
[2019-12-09T01:52:52.791+0000][1][safepoint    ] Total time for which application threads were stopped: 0.0008469 seconds, Stopping threads took: 0.0007398 seconds
[2019-12-09T01:52:52.791+0000][1][safepoint    ] Application time: 0.0000914 seconds
[2019-12-09T01:52:52.791+0000][1][safepoint    ] Entering safepoint region: RevokeBias
[2019-12-09T01:52:52.791+0000][1][safepoint    ] Leaving safepoint region
[2019-12-09T01:52:52.791+0000][1][safepoint    ] Total time for which application threads were stopped: 0.0001146 seconds, Stopping threads took: 0.0000521 seconds
[2019-12-09T01:52:52.791+0000][1][safepoint    ] Application time: 0.0000665 seconds
[2019-12-09T01:52:52.791+0000][1][safepoint    ] Entering safepoint region: RevokeBias
[2019-12-09T01:52:52.791+0000][1][safepoint    ] Leaving safepoint region
[2019-12-09T01:52:52.791+0000][1][safepoint    ] Total time for which application threads were stopped: 0.0000751 seconds, Stopping threads took: 0.0000096 seconds
[2019-12-09T01:52:52.793+0000][1][safepoint    ] Application time: 0.0023921 seconds
[2019-12-09T01:52:52.793+0000][1][safepoint    ] Entering safepoint region: RevokeBias
[2019-12-09T01:52:52.793+0000][1][safepoint    ] Leaving safepoint region
[2019-12-09T01:52:52.793+0000][1][safepoint    ] Total time for which application threads were stopped: 0.0000831 seconds, Stopping threads took: 0.0000147 seconds
[2019-12-09T01:52:52.794+0000][1][safepoint    ] Application time: 0.0008183 seconds
[2019-12-09T01:52:52.794+0000][1][safepoint    ] Entering safepoint region: RevokeBias
[2019-12-09T01:52:52.794+0000][1][safepoint    ] Leaving safepoint region
[2019-12-09T01:52:52.794+0000][1][safepoint    ] Total time for which application threads were stopped: 0.0000707 seconds, Stopping threads took: 0.0000118 seconds
[2019-12-09T01:52:52.794+0000][1][safepoint    ] Application time: 0.0000454 seconds
[2019-12-09T01:52:52.794+0000][1][safepoint    ] Entering safepoint region: RevokeBias
[2019-12-09T01:52:52.795+0000][1][safepoint    ] Leaving safepoint region
[2019-12-09T01:52:52.795+0000][1][safepoint    ] Total time for which application threads were stopped: 0.0000561 seconds, Stopping threads took: 0.0000092 seconds
[2019-12-09T01:52:52.798+0000][1][safepoint    ] Application time: 0.0038079 seconds
[2019-12-09T01:52:52.798+0000][1][safepoint    ] Entering safepoint region: GenCollectForAllocation
[2019-12-09T01:52:52.798+0000][1][gc,start     ] GC(21) Pause Young (Allocation Failure)
[2019-12-09T01:52:52.798+0000][1][gc,task      ] GC(21) Using 2 workers of 2 for evacuation
[2019-12-09T01:52:53.025+0000][1][gc,age       ] GC(21) Desired survivor size 4456448 bytes, new threshold 2 (max threshold 6)
[2019-12-09T01:52:53.025+0000][1][gc,age       ] GC(21) Age table with threshold 2 (max threshold 6)
[2019-12-09T01:52:53.025+0000][1][gc,age       ] GC(21) - age   1:    2702616 bytes,    2702616 total
[2019-12-09T01:52:53.025+0000][1][gc,age       ] GC(21) - age   2:    2951208 bytes,    5653824 total
[2019-12-09T01:52:53.025+0000][1][gc,heap      ] GC(21) ParNew: 74618K->8704K(78656K)
[2019-12-09T01:52:53.025+0000][1][gc,heap      ] GC(21) CMS: 62210K->63414K(174784K)
[2019-12-09T01:52:53.025+0000][1][gc,metaspace ] GC(21) Metaspace: 66165K->66165K(1110016K)
[2019-12-09T01:52:53.025+0000][1][gc           ] GC(21) Pause Young (Allocation Failure) 133M->70M(247M) 226.652ms
[2019-12-09T01:52:53.025+0000][1][gc,cpu       ] GC(21) User=0.04s Sys=0.00s Real=0.23s
[2019-12-09T01:52:53.025+0000][1][safepoint    ] Leaving safepoint region
[2019-12-09T01:52:53.025+0000][1][safepoint    ] Total time for which application threads were stopped: 0.2267998 seconds, Stopping threads took: 0.0000122 seconds
[2019-12-09T01:52:53.083+0000][1][safepoint    ] Application time: 0.0578744 seconds
[2019-12-09T01:52:53.131+0000][1][safepoint    ] Entering safepoint region: BulkRevokeBias
[2019-12-09T01:52:53.131+0000][1][safepoint    ] Leaving safepoint region
[2019-12-09T01:52:53.131+0000][1][safepoint    ] Total time for which application threads were stopped: 0.0480733 seconds, Stopping threads took: 0.0476676 seconds
[2019-12-09T01:52:53.139+0000][1][safepoint    ] Application time: 0.0075445 seconds
[2019-12-09T01:52:53.139+0000][1][safepoint    ] Entering safepoint region: RevokeBias
[2019-12-09T01:52:53.139+0000][1][safepoint    ] Leaving safepoint region
[2019-12-09T01:52:53.139+0000][1][safepoint    ] Total time for which application threads were stopped: 0.0001033 seconds, Stopping threads took: 0.0000175 seconds
[2019-12-09T01:52:53.223+0000][1][safepoint    ] Application time: 0.0844250 seconds
[2019-12-09T01:52:53.223+0000][1][safepoint    ] Entering safepoint region: RevokeBias
[2019-12-09T01:52:53.223+0000][1][safepoint    ] Leaving safepoint region
[2019-12-09T01:52:53.223+0000][1][safepoint    ] Total time for which application threads were stopped: 0.0001112 seconds, Stopping threads took: 0.0000174 seconds
[2019-12-09T01:52:53.320+0000][1][safepoint    ] Application time: 0.0967333 seconds
[2019-12-09T01:52:53.389+0000][1][safepoint    ] Entering safepoint region: RevokeBias
[2019-12-09T01:52:53.389+0000][1][safepoint    ] Leaving safepoint region
[2019-12-09T01:52:53.389+0000][1][safepoint    ] Total time for which application threads were stopped: 0.0686782 seconds, Stopping threads took: 0.0685652 seconds
[2019-12-09T01:52:53.390+0000][1][safepoint    ] Application time: 0.0011153 seconds
[2019-12-09T01:52:53.390+0000][1][safepoint    ] Entering safepoint region: RevokeBias
[2019-12-09T01:52:53.390+0000][1][safepoint    ] Leaving safepoint region
[2019-12-09T01:52:53.390+0000][1][safepoint    ] Total time for which application threads were stopped: 0.0001314 seconds, Stopping threads took: 0.0000444 seconds
[2019-12-09T01:52:53.391+0000][1][safepoint    ] Application time: 0.0003867 seconds
[2019-12-09T01:52:53.391+0000][1][safepoint    ] Entering safepoint region: RevokeBias
[2019-12-09T01:52:53.391+0000][1][safepoint    ] Leaving safepoint region
[2019-12-09T01:52:53.391+0000][1][safepoint    ] Total time for which application threads were stopped: 0.0000678 seconds, Stopping threads took: 0.0000102 seconds
[2019-12-09T01:52:53.536+0000][1][safepoint    ] Application time: 0.1456279 seconds
[2019-12-09T01:52:53.536+0000][1][safepoint    ] Entering safepoint region: RevokeBias
[2019-12-09T01:52:53.536+0000][1][safepoint    ] Leaving safepoint region
[2019-12-09T01:52:53.536+0000][1][safepoint    ] Total time for which application threads were stopped: 0.0001444 seconds, Stopping threads took: 0.0000451 seconds
[2019-12-09T01:52:53.687+0000][1][safepoint    ] Application time: 0.1507778 seconds
[2019-12-09T01:52:53.687+0000][1][safepoint    ] Entering safepoint region: RevokeBias
[2019-12-09T01:52:53.687+0000][1][safepoint    ] Leaving safepoint region
[2019-12-09T01:52:53.687+0000][1][safepoint    ] Total time for which application threads were stopped: 0.0001276 seconds, Stopping threads took: 0.0000194 seconds
[2019-12-09T01:52:53.706+0000][1][safepoint    ] Application time: 0.0183266 seconds
[2019-12-09T01:52:53.706+0000][1][safepoint    ] Entering safepoint region: RevokeBias
[2019-12-09T01:52:53.706+0000][1][safepoint    ] Leaving safepoint region
[2019-12-09T01:52:53.706+0000][1][safepoint    ] Total time for which application threads were stopped: 0.0001016 seconds, Stopping threads took: 0.0000189 seconds
[2019-12-09T01:52:54.455+0000][1][safepoint    ] Application time: 0.7489989 seconds
[2019-12-09T01:52:54.455+0000][1][safepoint    ] Entering safepoint region: RevokeBias
[2019-12-09T01:52:54.455+0000][1][safepoint    ] Leaving safepoint region
[2019-12-09T01:52:54.455+0000][1][safepoint    ] Total time for which application threads were stopped: 0.0000994 seconds, Stopping threads took: 0.0000203 seconds
[2019-12-09T01:52:54.455+0000][1][safepoint    ] Application time: 0.0000690 seconds
[2019-12-09T01:52:54.455+0000][1][safepoint    ] Entering safepoint region: RevokeBias
[2019-12-09T01:52:54.455+0000][1][safepoint    ] Leaving safepoint region
[2019-12-09T01:52:54.455+0000][1][safepoint    ] Total time for which application threads were stopped: 0.0000504 seconds, Stopping threads took: 0.0000094 seconds
[2019-12-09T01:52:54.586+0000][1][safepoint    ] Application time: 0.1309261 seconds
[2019-12-09T01:52:54.586+0000][1][safepoint    ] Entering safepoint region: RevokeBias
[2019-12-09T01:52:54.586+0000][1][safepoint    ] Leaving safepoint region
[2019-12-09T01:52:54.586+0000][1][safepoint    ] Total time for which application threads were stopped: 0.0001739 seconds, Stopping threads took: 0.0000863 seconds
[2019-12-09T01:52:54.619+0000][1][safepoint    ] Application time: 0.0328647 seconds
[2019-12-09T01:52:54.619+0000][1][safepoint    ] Entering safepoint region: RevokeBias
[2019-12-09T01:52:54.619+0000][1][safepoint    ] Leaving safepoint region
[2019-12-09T01:52:54.619+0000][1][safepoint    ] Total time for which application threads were stopped: 0.0001436 seconds, Stopping threads took: 0.0000521 seconds
[2019-12-09T01:52:54.647+0000][1][safepoint    ] Application time: 0.0276687 seconds
[2019-12-09T01:52:54.662+0000][1][safepoint    ] Entering safepoint region: RevokeBias
[2019-12-09T01:52:54.662+0000][1][safepoint    ] Leaving safepoint region
[2019-12-09T01:52:54.662+0000][1][safepoint    ] Total time for which application threads were stopped: 0.0148305 seconds, Stopping threads took: 0.0147454 seconds
[2019-12-09T01:52:54.662+0000][1][safepoint    ] Application time: 0.0001144 seconds
[2019-12-09T01:52:54.662+0000][1][safepoint    ] Entering safepoint region: RevokeBias
[2019-12-09T01:52:54.662+0000][1][safepoint    ] Leaving safepoint region
[2019-12-09T01:52:54.662+0000][1][safepoint    ] Total time for which application threads were stopped: 0.0000649 seconds, Stopping threads took: 0.0000119 seconds
[2019-12-09T01:52:54.662+0000][1][safepoint    ] Application time: 0.0002174 seconds
[2019-12-09T01:52:54.662+0000][1][safepoint    ] Entering safepoint region: RevokeBias
[2019-12-09T01:52:54.662+0000][1][safepoint    ] Leaving safepoint region
[2019-12-09T01:52:54.662+0000][1][safepoint    ] Total time for which application threads were stopped: 0.0000748 seconds, Stopping threads took: 0.0000149 seconds
[2019-12-09T01:52:54.664+0000][1][safepoint    ] Application time: 0.0016920 seconds
[2019-12-09T01:52:54.664+0000][1][safepoint    ] Entering safepoint region: RevokeBias
[2019-12-09T01:52:54.664+0000][1][safepoint    ] Leaving safepoint region
[2019-12-09T01:52:54.664+0000][1][safepoint    ] Total time for which application threads were stopped: 0.0000693 seconds, Stopping threads took: 0.0000136 seconds
[2019-12-09T01:52:54.664+0000][1][safepoint    ] Application time: 0.0002658 seconds
[2019-12-09T01:52:54.664+0000][1][safepoint    ] Entering safepoint region: RevokeBias
[2019-12-09T01:52:54.664+0000][1][safepoint    ] Leaving safepoint region
[2019-12-09T01:52:54.665+0000][1][safepoint    ] Total time for which application threads were stopped: 0.0000587 seconds, Stopping threads took: 0.0000118 seconds
[2019-12-09T01:52:54.708+0000][1][safepoint    ] Application time: 0.0439270 seconds
[2019-12-09T01:52:54.708+0000][1][safepoint    ] Entering safepoint region: RevokeBias
[2019-12-09T01:52:54.709+0000][1][safepoint    ] Leaving safepoint region
[2019-12-09T01:52:54.709+0000][1][safepoint    ] Total time for which application threads were stopped: 0.0000927 seconds, Stopping threads took: 0.0000170 seconds
[2019-12-09T01:52:54.718+0000][1][safepoint    ] Application time: 0.0091629 seconds
[2019-12-09T01:52:54.718+0000][1][safepoint    ] Entering safepoint region: RevokeBias
[2019-12-09T01:52:54.718+0000][1][safepoint    ] Leaving safepoint region
[2019-12-09T01:52:54.718+0000][1][safepoint    ] Total time for which application threads were stopped: 0.0001197 seconds, Stopping threads took: 0.0000504 seconds
[2019-12-09T01:52:55.277+0000][1][safepoint    ] Application time: 0.5587169 seconds
[2019-12-09T01:52:55.277+0000][1][safepoint    ] Entering safepoint region: Deoptimize
[2019-12-09T01:52:55.277+0000][1][safepoint    ] Leaving safepoint region
[2019-12-09T01:52:55.278+0000][1][safepoint    ] Total time for which application threads were stopped: 0.0008667 seconds, Stopping threads took: 0.0000226 seconds
[2019-12-09T01:52:55.916+0000][1][safepoint    ] Application time: 0.6382486 seconds
[2019-12-09T01:52:55.916+0000][1][safepoint    ] Entering safepoint region: BulkRevokeBias
[2019-12-09T01:52:55.916+0000][1][safepoint    ] Leaving safepoint region
[2019-12-09T01:52:55.916+0000][1][safepoint    ] Total time for which application threads were stopped: 0.0005588 seconds, Stopping threads took: 0.0000278 seconds
[2019-12-09T01:52:55.916+0000][1][safepoint    ] Application time: 0.0000709 seconds
[2019-12-09T01:52:55.916+0000][1][safepoint    ] Entering safepoint region: RevokeBias
[2019-12-09T01:52:55.917+0000][1][safepoint    ] Leaving safepoint region
[2019-12-09T01:52:55.917+0000][1][safepoint    ] Total time for which application threads were stopped: 0.0000673 seconds, Stopping threads took: 0.0000110 seconds
[2019-12-09T01:52:55.959+0000][1][safepoint    ] Application time: 0.0424506 seconds
[2019-12-09T01:52:55.959+0000][1][safepoint    ] Entering safepoint region: RevokeBias
[2019-12-09T01:52:55.959+0000][1][safepoint    ] Leaving safepoint region
[2019-12-09T01:52:55.959+0000][1][safepoint    ] Total time for which application threads were stopped: 0.0001214 seconds, Stopping threads took: 0.0000461 seconds
[2019-12-09T01:52:55.960+0000][1][safepoint    ] Application time: 0.0004054 seconds
[2019-12-09T01:52:55.960+0000][1][safepoint    ] Entering safepoint region: BulkRevokeBias
[2019-12-09T01:52:55.960+0000][1][safepoint    ] Leaving safepoint region
[2019-12-09T01:52:55.960+0000][1][safepoint    ] Total time for which application threads were stopped: 0.0004282 seconds, Stopping threads took: 0.0000156 seconds
[2019-12-09T01:52:55.960+0000][1][safepoint    ] Application time: 0.0002602 seconds
[2019-12-09T01:52:55.960+0000][1][safepoint    ] Entering safepoint region: RevokeBias
[2019-12-09T01:52:55.960+0000][1][safepoint    ] Leaving safepoint region
[2019-12-09T01:52:55.960+0000][1][safepoint    ] Total time for which application threads were stopped: 0.0000692 seconds, Stopping threads took: 0.0000125 seconds
[2019-12-09T01:52:56.127+0000][1][safepoint    ] Application time: 0.1667754 seconds
[2019-12-09T01:52:56.153+0000][1][safepoint    ] Entering safepoint region: RevokeBias
[2019-12-09T01:52:56.153+0000][1][safepoint    ] Leaving safepoint region
[2019-12-09T01:52:56.153+0000][1][safepoint    ] Total time for which application threads were stopped: 0.0259781 seconds, Stopping threads took: 0.0258518 seconds
[2019-12-09T01:52:56.153+0000][1][safepoint    ] Application time: 0.0003141 seconds
[2019-12-09T01:52:56.153+0000][1][safepoint    ] Entering safepoint region: RevokeBias
[2019-12-09T01:52:56.154+0000][1][safepoint    ] Leaving safepoint region
[2019-12-09T01:52:56.154+0000][1][safepoint    ] Total time for which application threads were stopped: 0.0000983 seconds, Stopping threads took: 0.0000206 seconds
[2019-12-09T01:52:56.156+0000][1][safepoint    ] Application time: 0.0019826 seconds
[2019-12-09T01:52:56.156+0000][1][safepoint    ] Entering safepoint region: RevokeBias
[2019-12-09T01:52:56.156+0000][1][safepoint    ] Leaving safepoint region
[2019-12-09T01:52:56.156+0000][1][safepoint    ] Total time for which application threads were stopped: 0.0000795 seconds, Stopping threads took: 0.0000163 seconds
[2019-12-09T01:52:56.164+0000][1][safepoint    ] Application time: 0.0080338 seconds
[2019-12-09T01:52:56.164+0000][1][safepoint    ] Entering safepoint region: RevokeBias
[2019-12-09T01:52:56.164+0000][1][safepoint    ] Leaving safepoint region
[2019-12-09T01:52:56.164+0000][1][safepoint    ] Total time for which application threads were stopped: 0.0000851 seconds, Stopping threads took: 0.0000184 seconds
[2019-12-09T01:52:56.177+0000][1][safepoint    ] Application time: 0.0129049 seconds
[2019-12-09T01:52:56.177+0000][1][safepoint    ] Entering safepoint region: RevokeBias
[2019-12-09T01:52:56.177+0000][1][safepoint    ] Leaving safepoint region
[2019-12-09T01:52:56.177+0000][1][safepoint    ] Total time for which application threads were stopped: 0.0000741 seconds, Stopping threads took: 0.0000150 seconds
[2019-12-09T01:52:56.177+0000][1][safepoint    ] Application time: 0.0000522 seconds
[2019-12-09T01:52:56.177+0000][1][safepoint    ] Entering safepoint region: RevokeBias
[2019-12-09T01:52:56.177+0000][1][safepoint    ] Leaving safepoint region
[2019-12-09T01:52:56.177+0000][1][safepoint    ] Total time for which application threads were stopped: 0.0000395 seconds, Stopping threads took: 0.0000074 seconds
[2019-12-09T01:52:56.177+0000][1][safepoint    ] Application time: 0.0000448 seconds
[2019-12-09T01:52:56.177+0000][1][safepoint    ] Entering safepoint region: RevokeBias
[2019-12-09T01:52:56.177+0000][1][safepoint    ] Leaving safepoint region
[2019-12-09T01:52:56.177+0000][1][safepoint    ] Total time for which application threads were stopped: 0.0000396 seconds, Stopping threads took: 0.0000077 seconds
[2019-12-09T01:52:56.177+0000][1][safepoint    ] Application time: 0.0000450 seconds
[2019-12-09T01:52:56.177+0000][1][safepoint    ] Entering safepoint region: RevokeBias
[2019-12-09T01:52:56.177+0000][1][safepoint    ] Leaving safepoint region
[2019-12-09T01:52:56.177+0000][1][safepoint    ] Total time for which application threads were stopped: 0.0000402 seconds, Stopping threads took: 0.0000079 seconds
[2019-12-09T01:52:56.177+0000][1][safepoint    ] Application time: 0.0000438 seconds
[2019-12-09T01:52:56.177+0000][1][safepoint    ] Entering safepoint region: RevokeBias
[2019-12-09T01:52:56.177+0000][1][safepoint    ] Leaving safepoint region
[2019-12-09T01:52:56.177+0000][1][safepoint    ] Total time for which application threads were stopped: 0.0000388 seconds, Stopping threads took: 0.0000072 seconds
[2019-12-09T01:52:56.177+0000][1][safepoint    ] Application time: 0.0000436 seconds
[2019-12-09T01:52:56.177+0000][1][safepoint    ] Entering safepoint region: RevokeBias
[2019-12-09T01:52:56.177+0000][1][safepoint    ] Leaving safepoint region
[2019-12-09T01:52:56.177+0000][1][safepoint    ] Total time for which application threads were stopped: 0.0000395 seconds, Stopping threads took: 0.0000073 seconds
[2019-12-09T01:52:56.320+0000][1][safepoint    ] Application time: 0.1430079 seconds
[2019-12-09T01:52:56.320+0000][1][safepoint    ] Entering safepoint region: RevokeBias
[2019-12-09T01:52:56.320+0000][1][safepoint    ] Leaving safepoint region
[2019-12-09T01:52:56.320+0000][1][safepoint    ] Total time for which application threads were stopped: 0.0001097 seconds, Stopping threads took: 0.0000222 seconds
[2019-12-09T01:52:56.375+0000][1][safepoint    ] Application time: 0.0543805 seconds
[2019-12-09T01:52:56.375+0000][1][safepoint    ] Entering safepoint region: RevokeBias
[2019-12-09T01:52:56.375+0000][1][safepoint    ] Leaving safepoint region
[2019-12-09T01:52:56.375+0000][1][safepoint    ] Total time for which application threads were stopped: 0.0001168 seconds, Stopping threads took: 0.0000219 seconds
[2019-12-09T01:52:56.386+0000][1][safepoint    ] Application time: 0.0106760 seconds
[2019-12-09T01:52:56.386+0000][1][safepoint    ] Entering safepoint region: RevokeBias
[2019-12-09T01:52:56.386+0000][1][safepoint    ] Leaving safepoint region
[2019-12-09T01:52:56.386+0000][1][safepoint    ] Total time for which application threads were stopped: 0.0001133 seconds, Stopping threads took: 0.0000192 seconds
[2019-12-09T01:52:57.386+0000][1][safepoint    ] Application time: 1.0000912 seconds
[2019-12-09T01:52:57.386+0000][1][safepoint    ] Entering safepoint region: Cleanup
[2019-12-09T01:52:57.386+0000][1][safepoint    ] Leaving safepoint region
[2019-12-09T01:52:57.386+0000][1][safepoint    ] Total time for which application threads were stopped: 0.0001084 seconds, Stopping threads took: 0.0000237 seconds
[2019-12-09T01:52:58.065+0000][1][safepoint    ] Application time: 0.6789635 seconds
[2019-12-09T01:52:58.065+0000][1][safepoint    ] Entering safepoint region: RevokeBias
[2019-12-09T01:52:58.065+0000][1][safepoint    ] Leaving safepoint region
[2019-12-09T01:52:58.065+0000][1][safepoint    ] Total time for which application threads were stopped: 0.0001092 seconds, Stopping threads took: 0.0000172 seconds
[2019-12-09T01:52:58.065+0000][1][safepoint    ] Application time: 0.0001029 seconds
[2019-12-09T01:52:58.065+0000][1][safepoint    ] Entering safepoint region: RevokeBias
[2019-12-09T01:52:58.065+0000][1][safepoint    ] Leaving safepoint region
[2019-12-09T01:52:58.065+0000][1][safepoint    ] Total time for which application threads were stopped: 0.0000564 seconds, Stopping threads took: 0.0000097 seconds
[2019-12-09T01:52:58.066+0000][1][safepoint    ] Application time: 0.0005720 seconds
[2019-12-09T01:52:58.066+0000][1][safepoint    ] Entering safepoint region: RevokeBias
[2019-12-09T01:52:58.066+0000][1][safepoint    ] Leaving safepoint region
[2019-12-09T01:52:58.066+0000][1][safepoint    ] Total time for which application threads were stopped: 0.0000817 seconds, Stopping threads took: 0.0000178 seconds
[2019-12-09T01:52:59.071+0000][1][safepoint    ] Application time: 1.0046924 seconds
[2019-12-09T01:52:59.107+0000][1][safepoint    ] Entering safepoint region: Cleanup
[2019-12-09T01:52:59.107+0000][1][safepoint    ] Leaving safepoint region
[2019-12-09T01:52:59.107+0000][1][safepoint    ] Total time for which application threads were stopped: 0.0361925 seconds, Stopping threads took: 0.0360858 seconds
[2019-12-09T01:53:00.109+0000][1][safepoint    ] Application time: 1.0017004 seconds
[2019-12-09T01:53:00.109+0000][1][safepoint    ] Entering safepoint region: Cleanup
[2019-12-09T01:53:00.109+0000][1][safepoint    ] Leaving safepoint region
[2019-12-09T01:53:00.109+0000][1][safepoint    ] Total time for which application threads were stopped: 0.0001219 seconds, Stopping threads took: 0.0000250 seconds
[2019-12-09T01:53:01.110+0000][1][safepoint    ] Application time: 1.0008279 seconds
[2019-12-09T01:53:01.110+0000][1][safepoint    ] Entering safepoint region: Cleanup
[2019-12-09T01:53:01.110+0000][1][safepoint    ] Leaving safepoint region
[2019-12-09T01:53:01.110+0000][1][safepoint    ] Total time for which application threads were stopped: 0.0001236 seconds, Stopping threads took: 0.0000250 seconds
[2019-12-09T01:53:02.119+0000][1][safepoint    ] Application time: 1.0088342 seconds
[2019-12-09T01:53:02.119+0000][1][safepoint    ] Entering safepoint region: Cleanup
[2019-12-09T01:53:02.119+0000][1][safepoint    ] Leaving safepoint region
[2019-12-09T01:53:02.119+0000][1][safepoint    ] Total time for which application threads were stopped: 0.0001150 seconds, Stopping threads took: 0.0000259 seconds
[2019-12-09T01:53:03.122+0000][1][safepoint    ] Application time: 1.0028078 seconds
[2019-12-09T01:53:03.122+0000][1][safepoint    ] Entering safepoint region: Cleanup
[2019-12-09T01:53:03.122+0000][1][safepoint    ] Leaving safepoint region
[2019-12-09T01:53:03.122+0000][1][safepoint    ] Total time for which application threads were stopped: 0.0001033 seconds, Stopping threads took: 0.0000224 seconds
[2019-12-09T01:53:04.123+0000][1][safepoint    ] Application time: 1.0008682 seconds
[2019-12-09T01:53:04.123+0000][1][safepoint    ] Entering safepoint region: Cleanup
[2019-12-09T01:53:04.123+0000][1][safepoint    ] Leaving safepoint region
[2019-12-09T01:53:04.123+0000][1][safepoint    ] Total time for which application threads were stopped: 0.0001511 seconds, Stopping threads took: 0.0000349 seconds
[2019-12-09T01:53:05.125+0000][1][safepoint    ] Application time: 1.0017900 seconds
[2019-12-09T01:53:05.125+0000][1][safepoint    ] Entering safepoint region: Cleanup
[2019-12-09T01:53:05.125+0000][1][safepoint    ] Leaving safepoint region
[2019-12-09T01:53:05.125+0000][1][safepoint    ] Total time for which application threads were stopped: 0.0001107 seconds, Stopping threads took: 0.0000269 seconds
[2019-12-09T01:53:06.130+0000][1][safepoint    ] Application time: 1.0048571 seconds
[2019-12-09T01:53:06.130+0000][1][safepoint    ] Entering safepoint region: Cleanup
[2019-12-09T01:53:06.130+0000][1][safepoint    ] Leaving safepoint region
[2019-12-09T01:53:06.130+0000][1][safepoint    ] Total time for which application threads were stopped: 0.0001211 seconds, Stopping threads took: 0.0000249 seconds
[2019-12-09T01:53:07.131+0000][1][safepoint    ] Application time: 1.0008111 seconds
[2019-12-09T01:53:07.131+0000][1][safepoint    ] Entering safepoint region: Cleanup
[2019-12-09T01:53:07.131+0000][1][safepoint    ] Leaving safepoint region
[2019-12-09T01:53:07.131+0000][1][safepoint    ] Total time for which application threads were stopped: 0.0001242 seconds, Stopping threads took: 0.0000275 seconds
[2019-12-09T01:53:08.132+0000][1][safepoint    ] Application time: 1.0008106 seconds
[2019-12-09T01:53:08.132+0000][1][safepoint    ] Entering safepoint region: Cleanup
[2019-12-09T01:53:08.132+0000][1][safepoint    ] Leaving safepoint region
[2019-12-09T01:53:08.132+0000][1][safepoint    ] Total time for which application threads were stopped: 0.0001320 seconds, Stopping threads took: 0.0000253 seconds
[2019-12-09T01:53:09.137+0000][1][safepoint    ] Application time: 1.0048088 seconds
[2019-12-09T01:53:09.137+0000][1][safepoint    ] Entering safepoint region: Cleanup
[2019-12-09T01:53:09.137+0000][1][safepoint    ] Leaving safepoint region
[2019-12-09T01:53:09.137+0000][1][safepoint    ] Total time for which application threads were stopped: 0.0001176 seconds, Stopping threads took: 0.0000239 seconds
[2019-12-09T01:53:10.137+0000][1][safepoint    ] Application time: 1.0001588 seconds
[2019-12-09T01:53:10.137+0000][1][safepoint    ] Entering safepoint region: Cleanup
[2019-12-09T01:53:10.137+0000][1][safepoint    ] Leaving safepoint region
[2019-12-09T01:53:10.137+0000][1][safepoint    ] Total time for which application threads were stopped: 0.0001190 seconds, Stopping threads took: 0.0000265 seconds
[2019-12-09T01:53:11.139+0000][1][safepoint    ] Application time: 1.0014962 seconds
[2019-12-09T01:53:11.139+0000][1][safepoint    ] Entering safepoint region: Cleanup
[2019-12-09T01:53:11.139+0000][1][safepoint    ] Leaving safepoint region
[2019-12-09T01:53:11.139+0000][1][safepoint    ] Total time for which application threads were stopped: 0.0001172 seconds, Stopping threads took: 0.0000259 seconds
[2019-12-09T01:53:12.141+0000][1][safepoint    ] Application time: 1.0018501 seconds
[2019-12-09T01:53:12.141+0000][1][safepoint    ] Entering safepoint region: Cleanup
[2019-12-09T01:53:12.141+0000][1][safepoint    ] Leaving safepoint region
[2019-12-09T01:53:12.141+0000][1][safepoint    ] Total time for which application threads were stopped: 0.0001224 seconds, Stopping threads took: 0.0000254 seconds
[2019-12-09T01:53:13.142+0000][1][safepoint    ] Application time: 1.0008081 seconds
[2019-12-09T01:53:13.142+0000][1][safepoint    ] Entering safepoint region: Cleanup
[2019-12-09T01:53:13.142+0000][1][safepoint    ] Leaving safepoint region
[2019-12-09T01:53:13.142+0000][1][safepoint    ] Total time for which application threads were stopped: 0.0001189 seconds, Stopping threads took: 0.0000256 seconds
[2019-12-09T01:53:14.148+0000][1][safepoint    ] Application time: 1.0058397 seconds
[2019-12-09T01:53:14.148+0000][1][safepoint    ] Entering safepoint region: Cleanup
[2019-12-09T01:53:14.148+0000][1][safepoint    ] Leaving safepoint region
[2019-12-09T01:53:14.148+0000][1][safepoint    ] Total time for which application threads were stopped: 0.0001339 seconds, Stopping threads took: 0.0000273 seconds
[2019-12-09T01:53:15.154+0000][1][safepoint    ] Application time: 1.0057984 seconds
[2019-12-09T01:53:15.154+0000][1][safepoint    ] Entering safepoint region: Cleanup
[2019-12-09T01:53:15.154+0000][1][safepoint    ] Leaving safepoint region
[2019-12-09T01:53:15.154+0000][1][safepoint    ] Total time for which application threads were stopped: 0.0001227 seconds, Stopping threads took: 0.0000277 seconds
[2019-12-09T01:53:16.156+0000][1][safepoint    ] Application time: 1.0018142 seconds
[2019-12-09T01:53:16.156+0000][1][safepoint    ] Entering safepoint region: Cleanup
[2019-12-09T01:53:16.156+0000][1][safepoint    ] Leaving safepoint region
[2019-12-09T01:53:16.156+0000][1][safepoint    ] Total time for which application threads were stopped: 0.0001307 seconds, Stopping threads took: 0.0000355 seconds
[2019-12-09T01:53:17.157+0000][1][safepoint    ] Application time: 1.0008108 seconds
[2019-12-09T01:53:17.157+0000][1][safepoint    ] Entering safepoint region: Cleanup
[2019-12-09T01:53:17.157+0000][1][safepoint    ] Leaving safepoint region
[2019-12-09T01:53:17.157+0000][1][safepoint    ] Total time for which application threads were stopped: 0.0001205 seconds, Stopping threads took: 0.0000241 seconds
[2019-12-09T01:53:18.158+0000][1][safepoint    ] Application time: 1.0008234 seconds
[2019-12-09T01:53:18.158+0000][1][safepoint    ] Entering safepoint region: Cleanup
[2019-12-09T01:53:18.158+0000][1][safepoint    ] Leaving safepoint region
[2019-12-09T01:53:18.158+0000][1][safepoint    ] Total time for which application threads were stopped: 0.0001209 seconds, Stopping threads took: 0.0000250 seconds
[2019-12-09T01:53:19.159+0000][1][safepoint    ] Application time: 1.0012285 seconds
[2019-12-09T01:53:19.159+0000][1][safepoint    ] Entering safepoint region: Cleanup
[2019-12-09T01:53:19.159+0000][1][safepoint    ] Leaving safepoint region
[2019-12-09T01:53:19.159+0000][1][safepoint    ] Total time for which application threads were stopped: 0.0001210 seconds, Stopping threads took: 0.0000261 seconds
[2019-12-09T01:53:20.161+0000][1][safepoint    ] Application time: 1.0014230 seconds
[2019-12-09T01:53:20.161+0000][1][safepoint    ] Entering safepoint region: Cleanup
[2019-12-09T01:53:20.161+0000][1][safepoint    ] Leaving safepoint region
[2019-12-09T01:53:20.161+0000][1][safepoint    ] Total time for which application threads were stopped: 0.0001265 seconds, Stopping threads took: 0.0000267 seconds
[2019-12-09T01:53:21.161+0000][1][safepoint    ] Application time: 1.0000835 seconds
[2019-12-09T01:53:21.161+0000][1][safepoint    ] Entering safepoint region: Cleanup
[2019-12-09T01:53:21.161+0000][1][safepoint    ] Leaving safepoint region
[2019-12-09T01:53:21.161+0000][1][safepoint    ] Total time for which application threads were stopped: 0.0001123 seconds, Stopping threads took: 0.0000231 seconds
[2019-12-09T01:53:22.161+0000][1][safepoint    ] Application time: 1.0000800 seconds
[2019-12-09T01:53:22.161+0000][1][safepoint    ] Entering safepoint region: Cleanup
[2019-12-09T01:53:22.161+0000][1][safepoint    ] Leaving safepoint region
[2019-12-09T01:53:22.161+0000][1][safepoint    ] Total time for which application threads were stopped: 0.0001176 seconds, Stopping threads took: 0.0000215 seconds
[2019-12-09T01:53:23.161+0000][1][safepoint    ] Application time: 1.0000777 seconds
[2019-12-09T01:53:23.162+0000][1][safepoint    ] Entering safepoint region: Cleanup
[2019-12-09T01:53:23.162+0000][1][safepoint    ] Leaving safepoint region
[2019-12-09T01:53:23.162+0000][1][safepoint    ] Total time for which application threads were stopped: 0.0000896 seconds, Stopping threads took: 0.0000186 seconds
[2019-12-09T01:53:24.162+0000][1][safepoint    ] Application time: 1.0000914 seconds
[2019-12-09T01:53:24.162+0000][1][safepoint    ] Entering safepoint region: Cleanup
[2019-12-09T01:53:24.162+0000][1][safepoint    ] Leaving safepoint region
[2019-12-09T01:53:24.162+0000][1][safepoint    ] Total time for which application threads were stopped: 0.0001159 seconds, Stopping threads took: 0.0000226 seconds
[2019-12-09T01:53:25.162+0000][1][safepoint    ] Application time: 1.0000744 seconds
[2019-12-09T01:53:25.162+0000][1][safepoint    ] Entering safepoint region: Cleanup
[2019-12-09T01:53:25.162+0000][1][safepoint    ] Leaving safepoint region
[2019-12-09T01:53:25.162+0000][1][safepoint    ] Total time for which application threads were stopped: 0.0000855 seconds, Stopping threads took: 0.0000185 seconds
[2019-12-09T01:53:26.162+0000][1][safepoint    ] Application time: 1.0000759 seconds
[2019-12-09T01:53:26.162+0000][1][safepoint    ] Entering safepoint region: Cleanup
[2019-12-09T01:53:26.162+0000][1][safepoint    ] Leaving safepoint region
[2019-12-09T01:53:26.162+0000][1][safepoint    ] Total time for which application threads were stopped: 0.0000974 seconds, Stopping threads took: 0.0000185 seconds
[2019-12-09T01:53:27.162+0000][1][safepoint    ] Application time: 1.0000762 seconds
[2019-12-09T01:53:27.162+0000][1][safepoint    ] Entering safepoint region: Cleanup
[2019-12-09T01:53:27.162+0000][1][safepoint    ] Leaving safepoint region
[2019-12-09T01:53:27.162+0000][1][safepoint    ] Total time for which application threads were stopped: 0.0000906 seconds, Stopping threads took: 0.0000177 seconds
[2019-12-09T01:53:28.163+0000][1][safepoint    ] Application time: 1.0000743 seconds
[2019-12-09T01:53:28.163+0000][1][safepoint    ] Entering safepoint region: Cleanup
[2019-12-09T01:53:28.163+0000][1][safepoint    ] Leaving safepoint region
[2019-12-09T01:53:28.163+0000][1][safepoint    ] Total time for which application threads were stopped: 0.0001066 seconds, Stopping threads took: 0.0000177 seconds
[2019-12-09T01:53:29.163+0000][1][safepoint    ] Application time: 1.0000770 seconds
[2019-12-09T01:53:29.163+0000][1][safepoint    ] Entering safepoint region: Cleanup
[2019-12-09T01:53:29.163+0000][1][safepoint    ] Leaving safepoint region
[2019-12-09T01:53:29.163+0000][1][safepoint    ] Total time for which application threads were stopped: 0.0000929 seconds, Stopping threads took: 0.0000202 seconds
[2019-12-09T01:53:30.163+0000][1][safepoint    ] Application time: 1.0000784 seconds
[2019-12-09T01:53:30.163+0000][1][safepoint    ] Entering safepoint region: Cleanup
[2019-12-09T01:53:30.163+0000][1][safepoint    ] Leaving safepoint region
[2019-12-09T01:53:30.163+0000][1][safepoint    ] Total time for which application threads were stopped: 0.0000924 seconds, Stopping threads took: 0.0000188 seconds
[2019-12-09T01:53:31.163+0000][1][safepoint    ] Application time: 1.0000763 seconds
[2019-12-09T01:53:31.163+0000][1][safepoint    ] Entering safepoint region: Cleanup
[2019-12-09T01:53:31.163+0000][1][safepoint    ] Leaving safepoint region
[2019-12-09T01:53:31.163+0000][1][safepoint    ] Total time for which application threads were stopped: 0.0000830 seconds, Stopping threads took: 0.0000172 seconds
[2019-12-09T01:53:32.163+0000][1][safepoint    ] Application time: 1.0000770 seconds
[2019-12-09T01:53:32.163+0000][1][safepoint    ] Entering safepoint region: Cleanup
[2019-12-09T01:53:32.164+0000][1][safepoint    ] Leaving safepoint region
[2019-12-09T01:53:32.164+0000][1][safepoint    ] Total time for which application threads were stopped: 0.0000840 seconds, Stopping threads took: 0.0000168 seconds
[2019-12-09T01:53:33.164+0000][1][safepoint    ] Application time: 1.0000762 seconds
[2019-12-09T01:53:33.164+0000][1][safepoint    ] Entering safepoint region: Cleanup
[2019-12-09T01:53:33.164+0000][1][safepoint    ] Leaving safepoint region
[2019-12-09T01:53:33.164+0000][1][safepoint    ] Total time for which application threads were stopped: 0.0000964 seconds, Stopping threads took: 0.0000274 seconds
[2019-12-09T01:53:34.164+0000][1][safepoint    ] Application time: 1.0000778 seconds
[2019-12-09T01:53:34.164+0000][1][safepoint    ] Entering safepoint region: Cleanup
[2019-12-09T01:53:34.164+0000][1][safepoint    ] Leaving safepoint region
[2019-12-09T01:53:34.164+0000][1][safepoint    ] Total time for which application threads were stopped: 0.0000950 seconds, Stopping threads took: 0.0000269 seconds
[2019-12-09T01:53:35.164+0000][1][safepoint    ] Application time: 1.0000737 seconds
[2019-12-09T01:53:35.164+0000][1][safepoint    ] Entering safepoint region: Cleanup
[2019-12-09T01:53:35.164+0000][1][safepoint    ] Leaving safepoint region
[2019-12-09T01:53:35.164+0000][1][safepoint    ] Total time for which application threads were stopped: 0.0000925 seconds, Stopping threads took: 0.0000166 seconds
[2019-12-09T01:53:36.164+0000][1][safepoint    ] Application time: 1.0000784 seconds
[2019-12-09T01:53:36.164+0000][1][safepoint    ] Entering safepoint region: Cleanup
[2019-12-09T01:53:36.164+0000][1][safepoint    ] Leaving safepoint region
[2019-12-09T01:53:36.164+0000][1][safepoint    ] Total time for which application threads were stopped: 0.0000970 seconds, Stopping threads took: 0.0000184 seconds
[2019-12-09T01:53:37.164+0000][1][safepoint    ] Application time: 1.0000755 seconds
[2019-12-09T01:53:37.165+0000][1][safepoint    ] Entering safepoint region: Cleanup
[2019-12-09T01:53:37.165+0000][1][safepoint    ] Leaving safepoint region
[2019-12-09T01:53:37.165+0000][1][safepoint    ] Total time for which application threads were stopped: 0.0000877 seconds, Stopping threads took: 0.0000176 seconds
[2019-12-09T01:53:38.165+0000][1][safepoint    ] Application time: 1.0000844 seconds
[2019-12-09T01:53:38.165+0000][1][safepoint    ] Entering safepoint region: Cleanup
[2019-12-09T01:53:38.165+0000][1][safepoint    ] Leaving safepoint region
[2019-12-09T01:53:38.165+0000][1][safepoint    ] Total time for which application threads were stopped: 0.0000926 seconds, Stopping threads took: 0.0000178 seconds
[2019-12-09T01:53:39.165+0000][1][safepoint    ] Application time: 1.0000758 seconds
[2019-12-09T01:53:39.165+0000][1][safepoint    ] Entering safepoint region: Cleanup
[2019-12-09T01:53:39.165+0000][1][safepoint    ] Leaving safepoint region
[2019-12-09T01:53:39.165+0000][1][safepoint    ] Total time for which application threads were stopped: 0.0000888 seconds, Stopping threads took: 0.0000188 seconds
[2019-12-09T01:53:40.165+0000][1][safepoint    ] Application time: 1.0000772 seconds
[2019-12-09T01:53:40.165+0000][1][safepoint    ] Entering safepoint region: Cleanup
[2019-12-09T01:53:40.165+0000][1][safepoint    ] Leaving safepoint region
[2019-12-09T01:53:40.165+0000][1][safepoint    ] Total time for which application threads were stopped: 0.0000856 seconds, Stopping threads took: 0.0000178 seconds
[2019-12-09T01:53:41.165+0000][1][safepoint    ] Application time: 1.0000770 seconds
[2019-12-09T01:53:41.165+0000][1][safepoint    ] Entering safepoint region: Cleanup
[2019-12-09T01:53:41.165+0000][1][safepoint    ] Leaving safepoint region
[2019-12-09T01:53:41.165+0000][1][safepoint    ] Total time for which application threads were stopped: 0.0000941 seconds, Stopping threads took: 0.0000173 seconds
[2019-12-09T01:53:42.166+0000][1][safepoint    ] Application time: 1.0000773 seconds
[2019-12-09T01:53:42.166+0000][1][safepoint    ] Entering safepoint region: Cleanup
[2019-12-09T01:53:42.166+0000][1][safepoint    ] Leaving safepoint region
[2019-12-09T01:53:42.166+0000][1][safepoint    ] Total time for which application threads were stopped: 0.0000901 seconds, Stopping threads took: 0.0000173 seconds
[2019-12-09T01:53:43.166+0000][1][safepoint    ] Application time: 1.0000846 seconds
[2019-12-09T01:53:43.166+0000][1][safepoint    ] Entering safepoint region: Cleanup
[2019-12-09T01:53:43.166+0000][1][safepoint    ] Leaving safepoint region
[2019-12-09T01:53:43.166+0000][1][safepoint    ] Total time for which application threads were stopped: 0.0000893 seconds, Stopping threads took: 0.0000179 seconds
[2019-12-09T01:53:44.166+0000][1][safepoint    ] Application time: 1.0000768 seconds
[2019-12-09T01:53:44.166+0000][1][safepoint    ] Entering safepoint region: Cleanup
[2019-12-09T01:53:44.166+0000][1][safepoint    ] Leaving safepoint region
[2019-12-09T01:53:44.166+0000][1][safepoint    ] Total time for which application threads were stopped: 0.0000876 seconds, Stopping threads took: 0.0000192 seconds
[2019-12-09T01:53:45.166+0000][1][safepoint    ] Application time: 1.0000769 seconds
[2019-12-09T01:53:45.166+0000][1][safepoint    ] Entering safepoint region: Cleanup
[2019-12-09T01:53:45.166+0000][1][safepoint    ] Leaving safepoint region
[2019-12-09T01:53:45.166+0000][1][safepoint    ] Total time for which application threads were stopped: 0.0000859 seconds, Stopping threads took: 0.0000185 seconds
[2019-12-09T01:53:46.166+0000][1][safepoint    ] Application time: 1.0000755 seconds
[2019-12-09T01:53:46.166+0000][1][safepoint    ] Entering safepoint region: Cleanup
[2019-12-09T01:53:46.167+0000][1][safepoint    ] Leaving safepoint region
[2019-12-09T01:53:46.167+0000][1][safepoint    ] Total time for which application threads were stopped: 0.0000945 seconds, Stopping threads took: 0.0000192 seconds
[2019-12-09T01:53:47.167+0000][1][safepoint    ] Application time: 1.0000761 seconds
[2019-12-09T01:53:47.167+0000][1][safepoint    ] Entering safepoint region: Cleanup
[2019-12-09T01:53:47.167+0000][1][safepoint    ] Leaving safepoint region
[2019-12-09T01:53:47.167+0000][1][safepoint    ] Total time for which application threads were stopped: 0.0000944 seconds, Stopping threads took: 0.0000161 seconds
[2019-12-09T01:53:48.167+0000][1][safepoint    ] Application time: 1.0000767 seconds
[2019-12-09T01:53:48.167+0000][1][safepoint    ] Entering safepoint region: Cleanup
[2019-12-09T01:53:48.167+0000][1][safepoint    ] Leaving safepoint region
[2019-12-09T01:53:48.167+0000][1][safepoint    ] Total time for which application threads were stopped: 0.0000854 seconds, Stopping threads took: 0.0000189 seconds
[2019-12-09T01:53:49.167+0000][1][safepoint    ] Application time: 1.0000754 seconds
[2019-12-09T01:53:49.167+0000][1][safepoint    ] Entering safepoint region: Cleanup
[2019-12-09T01:53:49.167+0000][1][safepoint    ] Leaving safepoint region
[2019-12-09T01:53:49.167+0000][1][safepoint    ] Total time for which application threads were stopped: 0.0000906 seconds, Stopping threads took: 0.0000175 seconds
[2019-12-09T01:53:50.167+0000][1][safepoint    ] Application time: 1.0000753 seconds
[2019-12-09T01:53:50.167+0000][1][safepoint    ] Entering safepoint region: Cleanup
[2019-12-09T01:53:50.167+0000][1][safepoint    ] Leaving safepoint region
[2019-12-09T01:53:50.167+0000][1][safepoint    ] Total time for which application threads were stopped: 0.0000897 seconds, Stopping threads took: 0.0000174 seconds
[2019-12-09T01:53:51.167+0000][1][safepoint    ] Application time: 1.0000764 seconds
[2019-12-09T01:53:51.167+0000][1][safepoint    ] Entering safepoint region: Cleanup
[2019-12-09T01:53:51.168+0000][1][safepoint    ] Leaving safepoint region
[2019-12-09T01:53:51.168+0000][1][safepoint    ] Total time for which application threads were stopped: 0.0000918 seconds, Stopping threads took: 0.0000179 seconds
[2019-12-09T01:53:52.168+0000][1][safepoint    ] Application time: 1.0000749 seconds
[2019-12-09T01:53:52.168+0000][1][safepoint    ] Entering safepoint region: Cleanup
[2019-12-09T01:53:52.168+0000][1][safepoint    ] Leaving safepoint region
[2019-12-09T01:53:52.168+0000][1][safepoint    ] Total time for which application threads were stopped: 0.0001001 seconds, Stopping threads took: 0.0000206 seconds
[2019-12-09T01:53:53.168+0000][1][safepoint    ] Application time: 1.0000755 seconds
[2019-12-09T01:53:53.168+0000][1][safepoint    ] Entering safepoint region: Cleanup
[2019-12-09T01:53:53.168+0000][1][safepoint    ] Leaving safepoint region
[2019-12-09T01:53:53.168+0000][1][safepoint    ] Total time for which application threads were stopped: 0.0000863 seconds, Stopping threads took: 0.0000195 seconds
[2019-12-09T01:53:54.241+0000][1][safepoint    ] Application time: 1.0730887 seconds
[2019-12-09T01:53:54.241+0000][1][safepoint    ] Entering safepoint region: Cleanup
[2019-12-09T01:53:54.241+0000][1][safepoint    ] Leaving safepoint region
[2019-12-09T01:53:54.241+0000][1][safepoint    ] Total time for which application threads were stopped: 0.0001420 seconds, Stopping threads took: 0.0000190 seconds
[2019-12-09T01:53:55.241+0000][1][safepoint    ] Application time: 1.0000744 seconds
[2019-12-09T01:53:55.241+0000][1][safepoint    ] Entering safepoint region: Cleanup
[2019-12-09T01:53:55.241+0000][1][safepoint    ] Leaving safepoint region
[2019-12-09T01:53:55.241+0000][1][safepoint    ] Total time for which application threads were stopped: 0.0000738 seconds, Stopping threads took: 0.0000164 seconds
[2019-12-09T01:53:56.242+0000][1][safepoint    ] Application time: 1.0000744 seconds
[2019-12-09T01:53:56.242+0000][1][safepoint    ] Entering safepoint region: Cleanup
[2019-12-09T01:53:56.242+0000][1][safepoint    ] Leaving safepoint region
[2019-12-09T01:53:56.242+0000][1][safepoint    ] Total time for which application threads were stopped: 0.0000756 seconds, Stopping threads took: 0.0000157 seconds
[2019-12-09T01:53:57.242+0000][1][safepoint    ] Application time: 1.0000560 seconds
[2019-12-09T01:53:57.242+0000][1][safepoint    ] Entering safepoint region: Cleanup
[2019-12-09T01:53:57.242+0000][1][safepoint    ] Leaving safepoint region
[2019-12-09T01:53:57.242+0000][1][safepoint    ] Total time for which application threads were stopped: 0.0001054 seconds, Stopping threads took: 0.0000245 seconds
[2019-12-09T01:53:58.242+0000][1][safepoint    ] Application time: 1.0000746 seconds
[2019-12-09T01:53:58.242+0000][1][safepoint    ] Entering safepoint region: Cleanup
[2019-12-09T01:53:58.242+0000][1][safepoint    ] Leaving safepoint region
[2019-12-09T01:53:58.242+0000][1][safepoint    ] Total time for which application threads were stopped: 0.0000752 seconds, Stopping threads took: 0.0000168 seconds
[2019-12-09T01:53:59.242+0000][1][safepoint    ] Application time: 1.0000883 seconds
[2019-12-09T01:53:59.242+0000][1][safepoint    ] Entering safepoint region: Cleanup
[2019-12-09T01:53:59.242+0000][1][safepoint    ] Leaving safepoint region
[2019-12-09T01:53:59.242+0000][1][safepoint    ] Total time for which application threads were stopped: 0.0001177 seconds, Stopping threads took: 0.0000248 seconds
[2019-12-09T01:54:00.242+0000][1][safepoint    ] Application time: 1.0000753 seconds
[2019-12-09T01:54:00.242+0000][1][safepoint    ] Entering safepoint region: Cleanup
[2019-12-09T01:54:00.242+0000][1][safepoint    ] Leaving safepoint region
[2019-12-09T01:54:00.242+0000][1][safepoint    ] Total time for which application threads were stopped: 0.0000788 seconds, Stopping threads took: 0.0000189 seconds
[2019-12-09T01:54:01.243+0000][1][safepoint    ] Application time: 1.0000737 seconds
[2019-12-09T01:54:01.243+0000][1][safepoint    ] Entering safepoint region: Cleanup
[2019-12-09T01:54:01.243+0000][1][safepoint    ] Leaving safepoint region
[2019-12-09T01:54:01.243+0000][1][safepoint    ] Total time for which application threads were stopped: 0.0000966 seconds, Stopping threads took: 0.0000156 seconds
[2019-12-09T01:54:02.243+0000][1][safepoint    ] Application time: 1.0000748 seconds
[2019-12-09T01:54:02.243+0000][1][safepoint    ] Entering safepoint region: Cleanup
[2019-12-09T01:54:02.243+0000][1][safepoint    ] Leaving safepoint region
[2019-12-09T01:54:02.243+0000][1][safepoint    ] Total time for which application threads were stopped: 0.0000761 seconds, Stopping threads took: 0.0000175 seconds
[2019-12-09T01:54:03.243+0000][1][safepoint    ] Application time: 1.0000796 seconds
[2019-12-09T01:54:03.243+0000][1][safepoint    ] Entering safepoint region: Cleanup
[2019-12-09T01:54:03.243+0000][1][safepoint    ] Leaving safepoint region
[2019-12-09T01:54:03.243+0000][1][safepoint    ] Total time for which application threads were stopped: 0.0000792 seconds, Stopping threads took: 0.0000150 seconds
[2019-12-09T01:54:04.243+0000][1][safepoint    ] Application time: 1.0000750 seconds
[2019-12-09T01:54:04.243+0000][1][safepoint    ] Entering safepoint region: Cleanup
[2019-12-09T01:54:04.243+0000][1][safepoint    ] Leaving safepoint region
[2019-12-09T01:54:04.243+0000][1][safepoint    ] Total time for which application threads were stopped: 0.0000800 seconds, Stopping threads took: 0.0000156 seconds
[2019-12-09T01:54:05.243+0000][1][safepoint    ] Application time: 1.0000742 seconds
[2019-12-09T01:54:05.243+0000][1][safepoint    ] Entering safepoint region: Cleanup
[2019-12-09T01:54:05.243+0000][1][safepoint    ] Leaving safepoint region
[2019-12-09T01:54:05.243+0000][1][safepoint    ] Total time for which application threads were stopped: 0.0000782 seconds, Stopping threads took: 0.0000215 seconds
[2019-12-09T01:54:06.244+0000][1][safepoint    ] Application time: 1.0000738 seconds
[2019-12-09T01:54:06.244+0000][1][safepoint    ] Entering safepoint region: Cleanup
[2019-12-09T01:54:06.244+0000][1][safepoint    ] Leaving safepoint region
[2019-12-09T01:54:06.244+0000][1][safepoint    ] Total time for which application threads were stopped: 0.0000898 seconds, Stopping threads took: 0.0000158 seconds
[2019-12-09T01:54:07.244+0000][1][safepoint    ] Application time: 1.0000749 seconds
[2019-12-09T01:54:07.244+0000][1][safepoint    ] Entering safepoint region: Cleanup
[2019-12-09T01:54:07.244+0000][1][safepoint    ] Leaving safepoint region
[2019-12-09T01:54:07.244+0000][1][safepoint    ] Total time for which application threads were stopped: 0.0000767 seconds, Stopping threads took: 0.0000154 seconds
[2019-12-09T01:54:08.244+0000][1][safepoint    ] Application time: 1.0000751 seconds
[2019-12-09T01:54:08.244+0000][1][safepoint    ] Entering safepoint region: Cleanup
[2019-12-09T01:54:08.244+0000][1][safepoint    ] Leaving safepoint region
[2019-12-09T01:54:08.244+0000][1][safepoint    ] Total time for which application threads were stopped: 0.0000811 seconds, Stopping threads took: 0.0000187 seconds
[2019-12-09T01:54:09.244+0000][1][safepoint    ] Application time: 1.0000751 seconds
[2019-12-09T01:54:09.244+0000][1][safepoint    ] Entering safepoint region: Cleanup
[2019-12-09T01:54:09.244+0000][1][safepoint    ] Leaving safepoint region
[2019-12-09T01:54:09.244+0000][1][safepoint    ] Total time for which application threads were stopped: 0.0000763 seconds, Stopping threads took: 0.0000174 seconds
[2019-12-09T01:54:10.244+0000][1][safepoint    ] Application time: 1.0000747 seconds
[2019-12-09T01:54:10.244+0000][1][safepoint    ] Entering safepoint region: Cleanup
[2019-12-09T01:54:10.244+0000][1][safepoint    ] Leaving safepoint region
[2019-12-09T01:54:10.244+0000][1][safepoint    ] Total time for which application threads were stopped: 0.0000787 seconds, Stopping threads took: 0.0000167 seconds
[2019-12-09T01:54:11.245+0000][1][safepoint    ] Application time: 1.0000709 seconds
[2019-12-09T01:54:11.245+0000][1][safepoint    ] Entering safepoint region: Cleanup
[2019-12-09T01:54:11.245+0000][1][safepoint    ] Leaving safepoint region
[2019-12-09T01:54:11.245+0000][1][safepoint    ] Total time for which application threads were stopped: 0.0000759 seconds, Stopping threads took: 0.0000175 seconds
[2019-12-09T01:54:12.245+0000][1][safepoint    ] Application time: 1.0000741 seconds
[2019-12-09T01:54:12.245+0000][1][safepoint    ] Entering safepoint region: Cleanup
[2019-12-09T01:54:12.245+0000][1][safepoint    ] Leaving safepoint region
[2019-12-09T01:54:12.245+0000][1][safepoint    ] Total time for which application threads were stopped: 0.0000933 seconds, Stopping threads took: 0.0000161 seconds
[2019-12-09T01:54:13.245+0000][1][safepoint    ] Application time: 1.0000747 seconds
[2019-12-09T01:54:13.245+0000][1][safepoint    ] Entering safepoint region: Cleanup
[2019-12-09T01:54:13.245+0000][1][safepoint    ] Leaving safepoint region
[2019-12-09T01:54:13.245+0000][1][safepoint    ] Total time for which application threads were stopped: 0.0000724 seconds, Stopping threads took: 0.0000153 seconds
[2019-12-09T01:54:14.245+0000][1][safepoint    ] Application time: 1.0000744 seconds
[2019-12-09T01:54:14.245+0000][1][safepoint    ] Entering safepoint region: Cleanup
[2019-12-09T01:54:14.245+0000][1][safepoint    ] Leaving safepoint region
[2019-12-09T01:54:14.245+0000][1][safepoint    ] Total time for which application threads were stopped: 0.0000760 seconds, Stopping threads took: 0.0000145 seconds
[2019-12-09T01:54:15.245+0000][1][safepoint    ] Application time: 1.0000828 seconds
[2019-12-09T01:54:15.245+0000][1][safepoint    ] Entering safepoint region: Cleanup
[2019-12-09T01:54:15.245+0000][1][safepoint    ] Leaving safepoint region
[2019-12-09T01:54:15.245+0000][1][safepoint    ] Total time for which application threads were stopped: 0.0000809 seconds, Stopping threads took: 0.0000149 seconds
[2019-12-09T01:54:16.246+0000][1][safepoint    ] Application time: 1.0000792 seconds
[2019-12-09T01:54:16.246+0000][1][safepoint    ] Entering safepoint region: Cleanup
[2019-12-09T01:54:16.246+0000][1][safepoint    ] Leaving safepoint region
[2019-12-09T01:54:16.246+0000][1][safepoint    ] Total time for which application threads were stopped: 0.0000816 seconds, Stopping threads took: 0.0000176 seconds
[2019-12-09T01:54:17.246+0000][1][safepoint    ] Application time: 1.0000484 seconds
[2019-12-09T01:54:17.246+0000][1][safepoint    ] Entering safepoint region: Cleanup
[2019-12-09T01:54:17.246+0000][1][safepoint    ] Leaving safepoint region
[2019-12-09T01:54:17.246+0000][1][safepoint    ] Total time for which application threads were stopped: 0.0000857 seconds, Stopping threads took: 0.0000192 seconds
[2019-12-09T01:54:18.246+0000][1][safepoint    ] Application time: 1.0000737 seconds
[2019-12-09T01:54:18.246+0000][1][safepoint    ] Entering safepoint region: Cleanup
[2019-12-09T01:54:18.246+0000][1][safepoint    ] Leaving safepoint region
[2019-12-09T01:54:18.246+0000][1][safepoint    ] Total time for which application threads were stopped: 0.0000718 seconds, Stopping threads took: 0.0000158 seconds
[2019-12-09T01:54:19.246+0000][1][safepoint    ] Application time: 1.0000753 seconds
[2019-12-09T01:54:19.246+0000][1][safepoint    ] Entering safepoint region: Cleanup
[2019-12-09T01:54:19.246+0000][1][safepoint    ] Leaving safepoint region
[2019-12-09T01:54:19.246+0000][1][safepoint    ] Total time for which application threads were stopped: 0.0000803 seconds, Stopping threads took: 0.0000166 seconds
[2019-12-09T01:54:20.246+0000][1][safepoint    ] Application time: 1.0000754 seconds
[2019-12-09T01:54:20.246+0000][1][safepoint    ] Entering safepoint region: Cleanup
[2019-12-09T01:54:20.246+0000][1][safepoint    ] Leaving safepoint region
[2019-12-09T01:54:20.246+0000][1][safepoint    ] Total time for which application threads were stopped: 0.0000756 seconds, Stopping threads took: 0.0000167 seconds
[2019-12-09T01:54:21.246+0000][1][safepoint    ] Application time: 1.0000748 seconds
[2019-12-09T01:54:21.247+0000][1][safepoint    ] Entering safepoint region: Cleanup
[2019-12-09T01:54:21.247+0000][1][safepoint    ] Leaving safepoint region
[2019-12-09T01:54:21.247+0000][1][safepoint    ] Total time for which application threads were stopped: 0.0000753 seconds, Stopping threads took: 0.0000163 seconds
[2019-12-09T01:54:22.247+0000][1][safepoint    ] Application time: 1.0000751 seconds
[2019-12-09T01:54:22.247+0000][1][safepoint    ] Entering safepoint region: Cleanup
[2019-12-09T01:54:22.247+0000][1][safepoint    ] Leaving safepoint region
[2019-12-09T01:54:22.247+0000][1][safepoint    ] Total time for which application threads were stopped: 0.0000771 seconds, Stopping threads took: 0.0000169 seconds
[2019-12-09T01:54:23.247+0000][1][safepoint    ] Application time: 1.0000736 seconds
[2019-12-09T01:54:23.247+0000][1][safepoint    ] Entering safepoint region: Cleanup
[2019-12-09T01:54:23.247+0000][1][safepoint    ] Leaving safepoint region
[2019-12-09T01:54:23.247+0000][1][safepoint    ] Total time for which application threads were stopped: 0.0000753 seconds, Stopping threads took: 0.0000163 seconds
[2019-12-09T01:54:24.247+0000][1][safepoint    ] Application time: 1.0000780 seconds
[2019-12-09T01:54:24.247+0000][1][safepoint    ] Entering safepoint region: Cleanup
[2019-12-09T01:54:24.247+0000][1][safepoint    ] Leaving safepoint region
[2019-12-09T01:54:24.247+0000][1][safepoint    ] Total time for which application threads were stopped: 0.0000747 seconds, Stopping threads took: 0.0000156 seconds
[2019-12-09T01:54:25.247+0000][1][safepoint    ] Application time: 1.0000751 seconds
[2019-12-09T01:54:25.247+0000][1][safepoint    ] Entering safepoint region: Cleanup
[2019-12-09T01:54:25.247+0000][1][safepoint    ] Leaving safepoint region
[2019-12-09T01:54:25.247+0000][1][safepoint    ] Total time for which application threads were stopped: 0.0000785 seconds, Stopping threads took: 0.0000228 seconds
[2019-12-09T01:54:26.248+0000][1][safepoint    ] Application time: 1.0007936 seconds
[2019-12-09T01:54:26.248+0000][1][safepoint    ] Entering safepoint region: Cleanup
[2019-12-09T01:54:26.248+0000][1][safepoint    ] Leaving safepoint region
[2019-12-09T01:54:26.248+0000][1][safepoint    ] Total time for which application threads were stopped: 0.0001097 seconds, Stopping threads took: 0.0000222 seconds
[2019-12-09T01:54:27.248+0000][1][safepoint    ] Application time: 1.0000780 seconds
[2019-12-09T01:54:27.248+0000][1][safepoint    ] Entering safepoint region: Cleanup
[2019-12-09T01:54:27.249+0000][1][safepoint    ] Leaving safepoint region
[2019-12-09T01:54:27.249+0000][1][safepoint    ] Total time for which application threads were stopped: 0.0000751 seconds, Stopping threads took: 0.0000172 seconds
[2019-12-09T01:54:28.249+0000][1][safepoint    ] Application time: 1.0000771 seconds
[2019-12-09T01:54:28.249+0000][1][safepoint    ] Entering safepoint region: Cleanup
[2019-12-09T01:54:28.249+0000][1][safepoint    ] Leaving safepoint region
[2019-12-09T01:54:28.249+0000][1][safepoint    ] Total time for which application threads were stopped: 0.0000893 seconds, Stopping threads took: 0.0000183 seconds
[2019-12-09T01:54:29.249+0000][1][safepoint    ] Application time: 1.0000774 seconds
[2019-12-09T01:54:29.249+0000][1][safepoint    ] Entering safepoint region: Cleanup
[2019-12-09T01:54:29.249+0000][1][safepoint    ] Leaving safepoint region
[2019-12-09T01:54:29.249+0000][1][safepoint    ] Total time for which application threads were stopped: 0.0000869 seconds, Stopping threads took: 0.0000195 seconds
[2019-12-09T01:54:30.249+0000][1][safepoint    ] Application time: 1.0000829 seconds
[2019-12-09T01:54:30.249+0000][1][safepoint    ] Entering safepoint region: Cleanup
[2019-12-09T01:54:30.249+0000][1][safepoint    ] Leaving safepoint region
[2019-12-09T01:54:30.249+0000][1][safepoint    ] Total time for which application threads were stopped: 0.0000893 seconds, Stopping threads took: 0.0000279 seconds
[2019-12-09T01:54:31.249+0000][1][safepoint    ] Application time: 1.0000824 seconds
[2019-12-09T01:54:31.249+0000][1][safepoint    ] Entering safepoint region: Cleanup
[2019-12-09T01:54:31.249+0000][1][safepoint    ] Leaving safepoint region
[2019-12-09T01:54:31.249+0000][1][safepoint    ] Total time for which application threads were stopped: 0.0000783 seconds, Stopping threads took: 0.0000159 seconds
[2019-12-09T01:54:32.249+0000][1][safepoint    ] Application time: 1.0000750 seconds
[2019-12-09T01:54:32.249+0000][1][safepoint    ] Entering safepoint region: Cleanup
[2019-12-09T01:54:32.250+0000][1][safepoint    ] Leaving safepoint region
[2019-12-09T01:54:32.250+0000][1][safepoint    ] Total time for which application threads were stopped: 0.0000781 seconds, Stopping threads took: 0.0000171 seconds
[2019-12-09T01:54:33.250+0000][1][safepoint    ] Application time: 1.0000746 seconds
[2019-12-09T01:54:33.250+0000][1][safepoint    ] Entering safepoint region: Cleanup
[2019-12-09T01:54:33.250+0000][1][safepoint    ] Leaving safepoint region
[2019-12-09T01:54:33.250+0000][1][safepoint    ] Total time for which application threads were stopped: 0.0000951 seconds, Stopping threads took: 0.0000271 seconds
[2019-12-09T01:54:34.250+0000][1][safepoint    ] Application time: 1.0000719 seconds
[2019-12-09T01:54:34.250+0000][1][safepoint    ] Entering safepoint region: Cleanup
[2019-12-09T01:54:34.250+0000][1][safepoint    ] Leaving safepoint region
[2019-12-09T01:54:34.250+0000][1][safepoint    ] Total time for which application threads were stopped: 0.0000777 seconds, Stopping threads took: 0.0000172 seconds
[2019-12-09T01:54:35.250+0000][1][safepoint    ] Application time: 1.0000788 seconds
[2019-12-09T01:54:35.250+0000][1][safepoint    ] Entering safepoint region: Cleanup
[2019-12-09T01:54:35.250+0000][1][safepoint    ] Leaving safepoint region
[2019-12-09T01:54:35.250+0000][1][safepoint    ] Total time for which application threads were stopped: 0.0000806 seconds, Stopping threads took: 0.0000228 seconds
[2019-12-09T01:54:36.250+0000][1][safepoint    ] Application time: 1.0000755 seconds
[2019-12-09T01:54:36.250+0000][1][safepoint    ] Entering safepoint region: Cleanup
[2019-12-09T01:54:36.250+0000][1][safepoint    ] Leaving safepoint region
[2019-12-09T01:54:36.250+0000][1][safepoint    ] Total time for which application threads were stopped: 0.0000760 seconds, Stopping threads took: 0.0000160 seconds
[2019-12-09T01:54:37.250+0000][1][safepoint    ] Application time: 1.0000731 seconds
[2019-12-09T01:54:37.250+0000][1][safepoint    ] Entering safepoint region: Cleanup
[2019-12-09T01:54:37.251+0000][1][safepoint    ] Leaving safepoint region
[2019-12-09T01:54:37.251+0000][1][safepoint    ] Total time for which application threads were stopped: 0.0000706 seconds, Stopping threads took: 0.0000153 seconds
[2019-12-09T01:54:38.251+0000][1][safepoint    ] Application time: 1.0000764 seconds
[2019-12-09T01:54:38.251+0000][1][safepoint    ] Entering safepoint region: Cleanup
[2019-12-09T01:54:38.251+0000][1][safepoint    ] Leaving safepoint region
[2019-12-09T01:54:38.251+0000][1][safepoint    ] Total time for which application threads were stopped: 0.0000921 seconds, Stopping threads took: 0.0000151 seconds
[2019-12-09T01:54:39.048+0000][1][safepoint    ] Application time: 0.7973835 seconds
[2019-12-09T01:54:39.048+0000][1][safepoint    ] Entering safepoint region: GenCollectForAllocation
[2019-12-09T01:54:39.048+0000][1][gc,start     ] GC(22) Pause Young (Allocation Failure)
[2019-12-09T01:54:39.048+0000][1][gc,task      ] GC(22) Using 2 workers of 2 for evacuation
[2019-12-09T01:54:39.067+0000][1][gc,age       ] GC(22) Desired survivor size 4456448 bytes, new threshold 6 (max threshold 6)
[2019-12-09T01:54:39.067+0000][1][gc,age       ] GC(22) Age table with threshold 6 (max threshold 6)
[2019-12-09T01:54:39.067+0000][1][gc,age       ] GC(22) - age   1:    1036360 bytes,    1036360 total
[2019-12-09T01:54:39.067+0000][1][gc,age       ] GC(22) - age   2:    2492824 bytes,    3529184 total
[2019-12-09T01:54:39.067+0000][1][gc,heap      ] GC(22) ParNew: 78656K->5267K(78656K)
[2019-12-09T01:54:39.067+0000][1][gc,heap      ] GC(22) CMS: 63414K->66374K(174784K)
[2019-12-09T01:54:39.067+0000][1][gc,metaspace ] GC(22) Metaspace: 68537K->68537K(1112064K)
[2019-12-09T01:54:39.067+0000][1][gc           ] GC(22) Pause Young (Allocation Failure) 138M->69M(247M) 18.960ms
[2019-12-09T01:54:39.067+0000][1][gc,cpu       ] GC(22) User=0.04s Sys=0.00s Real=0.02s
[2019-12-09T01:54:39.067+0000][1][safepoint    ] Leaving safepoint region
[2019-12-09T01:54:39.067+0000][1][safepoint    ] Total time for which application threads were stopped: 0.0191429 seconds, Stopping threads took: 0.0000261 seconds
[2019-12-09T01:54:40.067+0000][1][safepoint    ] Application time: 1.0000957 seconds
[2019-12-09T01:54:40.067+0000][1][safepoint    ] Entering safepoint region: Cleanup
[2019-12-09T01:54:40.068+0000][1][safepoint    ] Leaving safepoint region
[2019-12-09T01:54:40.068+0000][1][safepoint    ] Total time for which application threads were stopped: 0.0000931 seconds, Stopping threads took: 0.0000266 seconds
[2019-12-09T01:54:41.068+0000][1][safepoint    ] Application time: 1.0001315 seconds
[2019-12-09T01:54:41.068+0000][1][safepoint    ] Entering safepoint region: Cleanup
[2019-12-09T01:54:41.068+0000][1][safepoint    ] Leaving safepoint region
[2019-12-09T01:54:41.068+0000][1][safepoint    ] Total time for which application threads were stopped: 0.0001146 seconds, Stopping threads took: 0.0000328 seconds
[2019-12-09T01:54:42.068+0000][1][safepoint    ] Application time: 1.0001405 seconds
[2019-12-09T01:54:42.068+0000][1][safepoint    ] Entering safepoint region: Cleanup
[2019-12-09T01:54:42.068+0000][1][safepoint    ] Leaving safepoint region
[2019-12-09T01:54:42.068+0000][1][safepoint    ] Total time for which application threads were stopped: 0.0001193 seconds, Stopping threads took: 0.0000256 seconds
[2019-12-09T01:54:43.068+0000][1][safepoint    ] Application time: 1.0000717 seconds
[2019-12-09T01:54:43.068+0000][1][safepoint    ] Entering safepoint region: Cleanup
[2019-12-09T01:54:43.068+0000][1][safepoint    ] Leaving safepoint region
[2019-12-09T01:54:43.068+0000][1][safepoint    ] Total time for which application threads were stopped: 0.0000848 seconds, Stopping threads took: 0.0000193 seconds
[2019-12-09T01:54:44.068+0000][1][safepoint    ] Application time: 1.0000780 seconds
[2019-12-09T01:54:44.068+0000][1][safepoint    ] Entering safepoint region: Cleanup
[2019-12-09T01:54:44.069+0000][1][safepoint    ] Leaving safepoint region
[2019-12-09T01:54:44.069+0000][1][safepoint    ] Total time for which application threads were stopped: 0.0000879 seconds, Stopping threads took: 0.0000206 seconds
[2019-12-09T01:54:45.069+0000][1][safepoint    ] Application time: 1.0000784 seconds
[2019-12-09T01:54:45.069+0000][1][safepoint    ] Entering safepoint region: Cleanup
[2019-12-09T01:54:45.069+0000][1][safepoint    ] Leaving safepoint region
[2019-12-09T01:54:45.069+0000][1][safepoint    ] Total time for which application threads were stopped: 0.0000877 seconds, Stopping threads took: 0.0000253 seconds
[2019-12-09T01:54:46.069+0000][1][safepoint    ] Application time: 1.0000768 seconds
[2019-12-09T01:54:46.069+0000][1][safepoint    ] Entering safepoint region: Cleanup
[2019-12-09T01:54:46.069+0000][1][safepoint    ] Leaving safepoint region
[2019-12-09T01:54:46.069+0000][1][safepoint    ] Total time for which application threads were stopped: 0.0000805 seconds, Stopping threads took: 0.0000187 seconds
[2019-12-09T01:54:47.069+0000][1][safepoint    ] Application time: 1.0000853 seconds
[2019-12-09T01:54:47.069+0000][1][safepoint    ] Entering safepoint region: Cleanup
[2019-12-09T01:54:47.069+0000][1][safepoint    ] Leaving safepoint region
[2019-12-09T01:54:47.069+0000][1][safepoint    ] Total time for which application threads were stopped: 0.0001079 seconds, Stopping threads took: 0.0000243 seconds
[2019-12-09T01:54:48.069+0000][1][safepoint    ] Application time: 1.0000871 seconds
[2019-12-09T01:54:48.069+0000][1][safepoint    ] Entering safepoint region: Cleanup
[2019-12-09T01:54:48.069+0000][1][safepoint    ] Leaving safepoint region
[2019-12-09T01:54:48.069+0000][1][safepoint    ] Total time for which application threads were stopped: 0.0000911 seconds, Stopping threads took: 0.0000258 seconds
[2019-12-09T01:54:49.070+0000][1][safepoint    ] Application time: 1.0000804 seconds
[2019-12-09T01:54:49.070+0000][1][safepoint    ] Entering safepoint region: Cleanup
[2019-12-09T01:54:49.070+0000][1][safepoint    ] Leaving safepoint region
[2019-12-09T01:54:49.070+0000][1][safepoint    ] Total time for which application threads were stopped: 0.0000828 seconds, Stopping threads took: 0.0000183 seconds
[2019-12-09T01:54:50.070+0000][1][safepoint    ] Application time: 1.0000912 seconds
[2019-12-09T01:54:50.070+0000][1][safepoint    ] Entering safepoint region: Cleanup
[2019-12-09T01:54:50.070+0000][1][safepoint    ] Leaving safepoint region
[2019-12-09T01:54:50.070+0000][1][safepoint    ] Total time for which application threads were stopped: 0.0000955 seconds, Stopping threads took: 0.0000196 seconds
[2019-12-09T01:54:51.070+0000][1][safepoint    ] Application time: 1.0000801 seconds
[2019-12-09T01:54:51.070+0000][1][safepoint    ] Entering safepoint region: Cleanup
[2019-12-09T01:54:51.070+0000][1][safepoint    ] Leaving safepoint region
[2019-12-09T01:54:51.070+0000][1][safepoint    ] Total time for which application threads were stopped: 0.0000906 seconds, Stopping threads took: 0.0000195 seconds
[2019-12-09T01:54:52.070+0000][1][safepoint    ] Application time: 1.0000828 seconds
[2019-12-09T01:54:52.070+0000][1][safepoint    ] Entering safepoint region: Cleanup
[2019-12-09T01:54:52.070+0000][1][safepoint    ] Leaving safepoint region
[2019-12-09T01:54:52.070+0000][1][safepoint    ] Total time for which application threads were stopped: 0.0000860 seconds, Stopping threads took: 0.0000212 seconds
[2019-12-09T01:54:53.070+0000][1][safepoint    ] Application time: 1.0000862 seconds
[2019-12-09T01:54:53.070+0000][1][safepoint    ] Entering safepoint region: Cleanup
[2019-12-09T01:54:53.071+0000][1][safepoint    ] Leaving safepoint region
[2019-12-09T01:54:53.071+0000][1][safepoint    ] Total time for which application threads were stopped: 0.0001171 seconds, Stopping threads took: 0.0000251 seconds
[2019-12-09T01:54:54.071+0000][1][safepoint    ] Application time: 1.0001412 seconds
[2019-12-09T01:54:54.071+0000][1][safepoint    ] Entering safepoint region: Cleanup
[2019-12-09T01:54:54.071+0000][1][safepoint    ] Leaving safepoint region
[2019-12-09T01:54:54.071+0000][1][safepoint    ] Total time for which application threads were stopped: 0.0001143 seconds, Stopping threads took: 0.0000234 seconds
[2019-12-09T01:54:55.071+0000][1][safepoint    ] Application time: 1.0000838 seconds
[2019-12-09T01:54:55.071+0000][1][safepoint    ] Entering safepoint region: Cleanup
[2019-12-09T01:54:55.071+0000][1][safepoint    ] Leaving safepoint region
[2019-12-09T01:54:55.071+0000][1][safepoint    ] Total time for which application threads were stopped: 0.0001177 seconds, Stopping threads took: 0.0000244 seconds
[2019-12-09T01:54:56.071+0000][1][safepoint    ] Application time: 1.0000822 seconds
[2019-12-09T01:54:56.071+0000][1][safepoint    ] Entering safepoint region: Cleanup
[2019-12-09T01:54:56.071+0000][1][safepoint    ] Leaving safepoint region
[2019-12-09T01:54:56.071+0000][1][safepoint    ] Total time for which application threads were stopped: 0.0001120 seconds, Stopping threads took: 0.0000217 seconds
[2019-12-09T01:54:57.071+0000][1][safepoint    ] Application time: 1.0000751 seconds
[2019-12-09T01:54:57.072+0000][1][safepoint    ] Entering safepoint region: Cleanup
[2019-12-09T01:54:57.072+0000][1][safepoint    ] Leaving safepoint region
[2019-12-09T01:54:57.072+0000][1][safepoint    ] Total time for which application threads were stopped: 0.0001004 seconds, Stopping threads took: 0.0000174 seconds
[2019-12-09T01:54:58.072+0000][1][safepoint    ] Application time: 1.0000739 seconds
[2019-12-09T01:54:58.072+0000][1][safepoint    ] Entering safepoint region: Cleanup
[2019-12-09T01:54:58.072+0000][1][safepoint    ] Leaving safepoint region
[2019-12-09T01:54:58.072+0000][1][safepoint    ] Total time for which application threads were stopped: 0.0000872 seconds, Stopping threads took: 0.0000207 seconds
[2019-12-09T01:54:59.102+0000][1][safepoint    ] Application time: 1.0297337 seconds
[2019-12-09T01:54:59.102+0000][1][safepoint    ] Entering safepoint region: Cleanup
[2019-12-09T01:54:59.102+0000][1][safepoint    ] Leaving safepoint region
[2019-12-09T01:54:59.102+0000][1][safepoint    ] Total time for which application threads were stopped: 0.0001037 seconds, Stopping threads took: 0.0000157 seconds
[2019-12-09T01:55:00.102+0000][1][safepoint    ] Application time: 1.0000775 seconds
[2019-12-09T01:55:00.102+0000][1][safepoint    ] Entering safepoint region: Cleanup
[2019-12-09T01:55:00.102+0000][1][safepoint    ] Leaving safepoint region
[2019-12-09T01:55:00.102+0000][1][safepoint    ] Total time for which application threads were stopped: 0.0000803 seconds, Stopping threads took: 0.0000223 seconds
[2019-12-09T01:55:01.102+0000][1][safepoint    ] Application time: 1.0000775 seconds
[2019-12-09T01:55:01.102+0000][1][safepoint    ] Entering safepoint region: Cleanup
[2019-12-09T01:55:01.102+0000][1][safepoint    ] Leaving safepoint region
[2019-12-09T01:55:01.102+0000][1][safepoint    ] Total time for which application threads were stopped: 0.0000739 seconds, Stopping threads took: 0.0000159 seconds
[2019-12-09T01:55:02.102+0000][1][safepoint    ] Application time: 1.0000843 seconds
[2019-12-09T01:55:02.102+0000][1][safepoint    ] Entering safepoint region: Cleanup
[2019-12-09T01:55:02.102+0000][1][safepoint    ] Leaving safepoint region
[2019-12-09T01:55:02.102+0000][1][safepoint    ] Total time for which application threads were stopped: 0.0001093 seconds, Stopping threads took: 0.0000241 seconds
[2019-12-09T01:55:03.102+0000][1][safepoint    ] Application time: 1.0000774 seconds
[2019-12-09T01:55:03.102+0000][1][safepoint    ] Entering safepoint region: Cleanup
[2019-12-09T01:55:03.103+0000][1][safepoint    ] Leaving safepoint region
[2019-12-09T01:55:03.103+0000][1][safepoint    ] Total time for which application threads were stopped: 0.0000744 seconds, Stopping threads took: 0.0000167 seconds
[2019-12-09T01:55:04.103+0000][1][safepoint    ] Application time: 1.0000883 seconds
[2019-12-09T01:55:04.103+0000][1][safepoint    ] Entering safepoint region: Cleanup
[2019-12-09T01:55:04.103+0000][1][safepoint    ] Leaving safepoint region
[2019-12-09T01:55:04.103+0000][1][safepoint    ] Total time for which application threads were stopped: 0.0000975 seconds, Stopping threads took: 0.0000380 seconds
[2019-12-09T01:55:05.103+0000][1][safepoint    ] Application time: 1.0000876 seconds
[2019-12-09T01:55:05.103+0000][1][safepoint    ] Entering safepoint region: Cleanup
[2019-12-09T01:55:05.103+0000][1][safepoint    ] Leaving safepoint region
[2019-12-09T01:55:05.103+0000][1][safepoint    ] Total time for which application threads were stopped: 0.0001261 seconds, Stopping threads took: 0.0000594 seconds
[2019-12-09T01:55:06.103+0000][1][safepoint    ] Application time: 1.0000819 seconds
[2019-12-09T01:55:06.103+0000][1][safepoint    ] Entering safepoint region: Cleanup
[2019-12-09T01:55:06.103+0000][1][safepoint    ] Leaving safepoint region
[2019-12-09T01:55:06.103+0000][1][safepoint    ] Total time for which application threads were stopped: 0.0000784 seconds, Stopping threads took: 0.0000148 seconds
[2019-12-09T01:55:07.103+0000][1][safepoint    ] Application time: 1.0000784 seconds
[2019-12-09T01:55:07.103+0000][1][safepoint    ] Entering safepoint region: Cleanup
[2019-12-09T01:55:07.103+0000][1][safepoint    ] Leaving safepoint region
[2019-12-09T01:55:07.103+0000][1][safepoint    ] Total time for which application threads were stopped: 0.0000742 seconds, Stopping threads took: 0.0000168 seconds
[2019-12-09T01:55:08.104+0000][1][safepoint    ] Application time: 1.0000788 seconds
[2019-12-09T01:55:08.104+0000][1][safepoint    ] Entering safepoint region: Cleanup
[2019-12-09T01:55:08.104+0000][1][safepoint    ] Leaving safepoint region
[2019-12-09T01:55:08.104+0000][1][safepoint    ] Total time for which application threads were stopped: 0.0000759 seconds, Stopping threads took: 0.0000164 seconds
[2019-12-09T01:55:09.104+0000][1][safepoint    ] Application time: 1.0000775 seconds
[2019-12-09T01:55:09.104+0000][1][safepoint    ] Entering safepoint region: Cleanup
[2019-12-09T01:55:09.104+0000][1][safepoint    ] Leaving safepoint region
[2019-12-09T01:55:09.104+0000][1][safepoint    ] Total time for which application threads were stopped: 0.0000848 seconds, Stopping threads took: 0.0000148 seconds
[2019-12-09T01:55:10.104+0000][1][safepoint    ] Application time: 1.0000731 seconds
[2019-12-09T01:55:10.104+0000][1][safepoint    ] Entering safepoint region: Cleanup
[2019-12-09T01:55:10.104+0000][1][safepoint    ] Leaving safepoint region
[2019-12-09T01:55:10.104+0000][1][safepoint    ] Total time for which application threads were stopped: 0.0000758 seconds, Stopping threads took: 0.0000162 seconds
[2019-12-09T01:55:11.104+0000][1][safepoint    ] Application time: 1.0000811 seconds
[2019-12-09T01:55:11.104+0000][1][safepoint    ] Entering safepoint region: Cleanup
[2019-12-09T01:55:11.104+0000][1][safepoint    ] Leaving safepoint region
[2019-12-09T01:55:11.104+0000][1][safepoint    ] Total time for which application threads were stopped: 0.0000815 seconds, Stopping threads took: 0.0000179 seconds
[2019-12-09T01:55:12.104+0000][1][safepoint    ] Application time: 1.0000823 seconds
[2019-12-09T01:55:12.104+0000][1][safepoint    ] Entering safepoint region: Cleanup
[2019-12-09T01:55:12.104+0000][1][safepoint    ] Leaving safepoint region
[2019-12-09T01:55:12.104+0000][1][safepoint    ] Total time for which application threads were stopped: 0.0001386 seconds, Stopping threads took: 0.0000438 seconds
[2019-12-09T01:55:13.105+0000][1][safepoint    ] Application time: 1.0000848 seconds
[2019-12-09T01:55:13.105+0000][1][safepoint    ] Entering safepoint region: Cleanup
[2019-12-09T01:55:13.105+0000][1][safepoint    ] Leaving safepoint region
[2019-12-09T01:55:13.105+0000][1][safepoint    ] Total time for which application threads were stopped: 0.0000898 seconds, Stopping threads took: 0.0000175 seconds
[2019-12-09T01:55:14.105+0000][1][safepoint    ] Application time: 1.0000783 seconds
[2019-12-09T01:55:14.105+0000][1][safepoint    ] Entering safepoint region: Cleanup
[2019-12-09T01:55:14.105+0000][1][safepoint    ] Leaving safepoint region
[2019-12-09T01:55:14.105+0000][1][safepoint    ] Total time for which application threads were stopped: 0.0001035 seconds, Stopping threads took: 0.0000221 seconds
[2019-12-09T01:55:15.105+0000][1][safepoint    ] Application time: 1.0000745 seconds
[2019-12-09T01:55:15.105+0000][1][safepoint    ] Entering safepoint region: Cleanup
[2019-12-09T01:55:15.105+0000][1][safepoint    ] Leaving safepoint region
[2019-12-09T01:55:15.105+0000][1][safepoint    ] Total time for which application threads were stopped: 0.0000796 seconds, Stopping threads took: 0.0000172 seconds
[2019-12-09T01:55:16.105+0000][1][safepoint    ] Application time: 1.0000879 seconds
[2019-12-09T01:55:16.105+0000][1][safepoint    ] Entering safepoint region: Cleanup
[2019-12-09T01:55:16.105+0000][1][safepoint    ] Leaving safepoint region
[2019-12-09T01:55:16.105+0000][1][safepoint    ] Total time for which application threads were stopped: 0.0001675 seconds, Stopping threads took: 0.0000852 seconds
[2019-12-09T01:55:17.106+0000][1][safepoint    ] Application time: 1.0000924 seconds
[2019-12-09T01:55:17.106+0000][1][safepoint    ] Entering safepoint region: Cleanup
[2019-12-09T01:55:17.106+0000][1][safepoint    ] Leaving safepoint region
[2019-12-09T01:55:17.106+0000][1][safepoint    ] Total time for which application threads were stopped: 0.0001274 seconds, Stopping threads took: 0.0000245 seconds
[2019-12-09T01:55:18.106+0000][1][safepoint    ] Application time: 1.0000336 seconds
[2019-12-09T01:55:18.106+0000][1][safepoint    ] Entering safepoint region: Cleanup
[2019-12-09T01:55:18.106+0000][1][safepoint    ] Leaving safepoint region
[2019-12-09T01:55:18.106+0000][1][safepoint    ] Total time for which application threads were stopped: 0.0000808 seconds, Stopping threads took: 0.0000193 seconds
[2019-12-09T01:55:19.106+0000][1][safepoint    ] Application time: 1.0000755 seconds
[2019-12-09T01:55:19.106+0000][1][safepoint    ] Entering safepoint region: Cleanup
[2019-12-09T01:55:19.106+0000][1][safepoint    ] Leaving safepoint region
[2019-12-09T01:55:19.106+0000][1][safepoint    ] Total time for which application threads were stopped: 0.0000798 seconds, Stopping threads took: 0.0000188 seconds
[2019-12-09T01:55:20.106+0000][1][safepoint    ] Application time: 1.0000785 seconds
[2019-12-09T01:55:20.106+0000][1][safepoint    ] Entering safepoint region: Cleanup
[2019-12-09T01:55:20.106+0000][1][safepoint    ] Leaving safepoint region
[2019-12-09T01:55:20.106+0000][1][safepoint    ] Total time for which application threads were stopped: 0.0000822 seconds, Stopping threads took: 0.0000208 seconds
[2019-12-09T01:55:21.106+0000][1][safepoint    ] Application time: 1.0000781 seconds
[2019-12-09T01:55:21.106+0000][1][safepoint    ] Entering safepoint region: Cleanup
[2019-12-09T01:55:21.106+0000][1][safepoint    ] Leaving safepoint region
[2019-12-09T01:55:21.106+0000][1][safepoint    ] Total time for which application threads were stopped: 0.0000807 seconds, Stopping threads took: 0.0000185 seconds
[2019-12-09T01:55:22.107+0000][1][safepoint    ] Application time: 1.0000849 seconds
[2019-12-09T01:55:22.107+0000][1][safepoint    ] Entering safepoint region: Cleanup
[2019-12-09T01:55:22.107+0000][1][safepoint    ] Leaving safepoint region
[2019-12-09T01:55:22.107+0000][1][safepoint    ] Total time for which application threads were stopped: 0.0000848 seconds, Stopping threads took: 0.0000196 seconds
[2019-12-09T01:55:23.107+0000][1][safepoint    ] Application time: 1.0000850 seconds
[2019-12-09T01:55:23.107+0000][1][safepoint    ] Entering safepoint region: Cleanup
[2019-12-09T01:55:23.107+0000][1][safepoint    ] Leaving safepoint region
[2019-12-09T01:55:23.107+0000][1][safepoint    ] Total time for which application threads were stopped: 0.0001154 seconds, Stopping threads took: 0.0000259 seconds
[2019-12-09T01:55:24.107+0000][1][safepoint    ] Application time: 1.0000814 seconds
[2019-12-09T01:55:24.107+0000][1][safepoint    ] Entering safepoint region: Cleanup
[2019-12-09T01:55:24.107+0000][1][safepoint    ] Leaving safepoint region
[2019-12-09T01:55:24.107+0000][1][safepoint    ] Total time for which application threads were stopped: 0.0000811 seconds, Stopping threads took: 0.0000189 seconds
[2019-12-09T01:55:25.107+0000][1][safepoint    ] Application time: 1.0000760 seconds
[2019-12-09T01:55:25.107+0000][1][safepoint    ] Entering safepoint region: Cleanup
[2019-12-09T01:55:25.107+0000][1][safepoint    ] Leaving safepoint region
[2019-12-09T01:55:25.107+0000][1][safepoint    ] Total time for which application threads were stopped: 0.0000823 seconds, Stopping threads took: 0.0000210 seconds
[2019-12-09T01:55:26.107+0000][1][safepoint    ] Application time: 1.0000765 seconds
[2019-12-09T01:55:26.107+0000][1][safepoint    ] Entering safepoint region: Cleanup
[2019-12-09T01:55:26.108+0000][1][safepoint    ] Leaving safepoint region
[2019-12-09T01:55:26.108+0000][1][safepoint    ] Total time for which application threads were stopped: 0.0000797 seconds, Stopping threads took: 0.0000178 seconds
[2019-12-09T01:55:27.108+0000][1][safepoint    ] Application time: 1.0000800 seconds
[2019-12-09T01:55:27.108+0000][1][safepoint    ] Entering safepoint region: Cleanup
[2019-12-09T01:55:27.108+0000][1][safepoint    ] Leaving safepoint region
[2019-12-09T01:55:27.108+0000][1][safepoint    ] Total time for which application threads were stopped: 0.0000882 seconds, Stopping threads took: 0.0000195 seconds
[2019-12-09T01:55:28.108+0000][1][safepoint    ] Application time: 1.0000768 seconds
[2019-12-09T01:55:28.108+0000][1][safepoint    ] Entering safepoint region: Cleanup
[2019-12-09T01:55:28.108+0000][1][safepoint    ] Leaving safepoint region
[2019-12-09T01:55:28.108+0000][1][safepoint    ] Total time for which application threads were stopped: 0.0000899 seconds, Stopping threads took: 0.0000202 seconds
[2019-12-09T01:55:29.108+0000][1][safepoint    ] Application time: 1.0000911 seconds
[2019-12-09T01:55:29.108+0000][1][safepoint    ] Entering safepoint region: Cleanup
[2019-12-09T01:55:29.108+0000][1][safepoint    ] Leaving safepoint region
[2019-12-09T01:55:29.108+0000][1][safepoint    ] Total time for which application threads were stopped: 0.0001109 seconds, Stopping threads took: 0.0000249 seconds
[2019-12-09T01:55:30.263+0000][1][safepoint    ] Application time: 1.1546391 seconds
[2019-12-09T01:55:30.263+0000][1][safepoint    ] Entering safepoint region: Cleanup
[2019-12-09T01:55:30.263+0000][1][safepoint    ] Leaving safepoint region
[2019-12-09T01:55:30.263+0000][1][safepoint    ] Total time for which application threads were stopped: 0.0000881 seconds, Stopping threads took: 0.0000232 seconds
[2019-12-09T01:55:31.263+0000][1][safepoint    ] Application time: 1.0000860 seconds
[2019-12-09T01:55:31.263+0000][1][safepoint    ] Entering safepoint region: Cleanup
[2019-12-09T01:55:31.263+0000][1][safepoint    ] Leaving safepoint region
[2019-12-09T01:55:31.263+0000][1][safepoint    ] Total time for which application threads were stopped: 0.0001235 seconds, Stopping threads took: 0.0000228 seconds
[2019-12-09T01:55:32.263+0000][1][safepoint    ] Application time: 1.0000749 seconds
[2019-12-09T01:55:32.263+0000][1][safepoint    ] Entering safepoint region: Cleanup
[2019-12-09T01:55:32.263+0000][1][safepoint    ] Leaving safepoint region
[2019-12-09T01:55:32.263+0000][1][safepoint    ] Total time for which application threads were stopped: 0.0000742 seconds, Stopping threads took: 0.0000133 seconds
[2019-12-09T01:55:33.264+0000][1][safepoint    ] Application time: 1.0000740 seconds
[2019-12-09T01:55:33.264+0000][1][safepoint    ] Entering safepoint region: Cleanup
[2019-12-09T01:55:33.264+0000][1][safepoint    ] Leaving safepoint region
[2019-12-09T01:55:33.264+0000][1][safepoint    ] Total time for which application threads were stopped: 0.0000752 seconds, Stopping threads took: 0.0000151 seconds
[2019-12-09T01:55:34.264+0000][1][safepoint    ] Application time: 1.0000430 seconds
[2019-12-09T01:55:34.264+0000][1][safepoint    ] Entering safepoint region: Cleanup
[2019-12-09T01:55:34.264+0000][1][safepoint    ] Leaving safepoint region
[2019-12-09T01:55:34.264+0000][1][safepoint    ] Total time for which application threads were stopped: 0.0001113 seconds, Stopping threads took: 0.0000260 seconds
[2019-12-09T01:55:35.264+0000][1][safepoint    ] Application time: 1.0000764 seconds
[2019-12-09T01:55:35.264+0000][1][safepoint    ] Entering safepoint region: Cleanup
[2019-12-09T01:55:35.264+0000][1][safepoint    ] Leaving safepoint region
[2019-12-09T01:55:35.264+0000][1][safepoint    ] Total time for which application threads were stopped: 0.0000707 seconds, Stopping threads took: 0.0000143 seconds
[2019-12-09T01:55:36.264+0000][1][safepoint    ] Application time: 1.0000747 seconds
[2019-12-09T01:55:36.264+0000][1][safepoint    ] Entering safepoint region: Cleanup
[2019-12-09T01:55:36.264+0000][1][safepoint    ] Leaving safepoint region
[2019-12-09T01:55:36.264+0000][1][safepoint    ] Total time for which application threads were stopped: 0.0000817 seconds, Stopping threads took: 0.0000152 seconds
[2019-12-09T01:55:37.264+0000][1][safepoint    ] Application time: 1.0000753 seconds
[2019-12-09T01:55:37.264+0000][1][safepoint    ] Entering safepoint region: Cleanup
[2019-12-09T01:55:37.264+0000][1][safepoint    ] Leaving safepoint region
[2019-12-09T01:55:37.264+0000][1][safepoint    ] Total time for which application threads were stopped: 0.0000757 seconds, Stopping threads took: 0.0000164 seconds
[2019-12-09T01:55:38.265+0000][1][safepoint    ] Application time: 1.0000745 seconds
[2019-12-09T01:55:38.265+0000][1][safepoint    ] Entering safepoint region: Cleanup
[2019-12-09T01:55:38.265+0000][1][safepoint    ] Leaving safepoint region
[2019-12-09T01:55:38.265+0000][1][safepoint    ] Total time for which application threads were stopped: 0.0000720 seconds, Stopping threads took: 0.0000140 seconds
[2019-12-09T01:55:39.265+0000][1][safepoint    ] Application time: 1.0001004 seconds
[2019-12-09T01:55:39.265+0000][1][safepoint    ] Entering safepoint region: Cleanup
[2019-12-09T01:55:39.265+0000][1][safepoint    ] Leaving safepoint region
[2019-12-09T01:55:39.265+0000][1][safepoint    ] Total time for which application threads were stopped: 0.0001074 seconds, Stopping threads took: 0.0000247 seconds
[2019-12-09T01:55:40.265+0000][1][safepoint    ] Application time: 1.0000752 seconds
[2019-12-09T01:55:40.265+0000][1][safepoint    ] Entering safepoint region: Cleanup
[2019-12-09T01:55:40.265+0000][1][safepoint    ] Leaving safepoint region
[2019-12-09T01:55:40.265+0000][1][safepoint    ] Total time for which application threads were stopped: 0.0000843 seconds, Stopping threads took: 0.0000154 seconds
[2019-12-09T01:55:41.265+0000][1][safepoint    ] Application time: 1.0000781 seconds
[2019-12-09T01:55:41.265+0000][1][safepoint    ] Entering safepoint region: Cleanup
[2019-12-09T01:55:41.265+0000][1][safepoint    ] Leaving safepoint region
[2019-12-09T01:55:41.265+0000][1][safepoint    ] Total time for which application threads were stopped: 0.0001046 seconds, Stopping threads took: 0.0000233 seconds
[2019-12-09T01:55:42.265+0000][1][safepoint    ] Application time: 1.0000754 seconds
[2019-12-09T01:55:42.265+0000][1][safepoint    ] Entering safepoint region: Cleanup
[2019-12-09T01:55:42.266+0000][1][safepoint    ] Leaving safepoint region
[2019-12-09T01:55:42.266+0000][1][safepoint    ] Total time for which application threads were stopped: 0.0000765 seconds, Stopping threads took: 0.0000157 seconds
[2019-12-09T01:55:43.266+0000][1][safepoint    ] Application time: 1.0000765 seconds
[2019-12-09T01:55:43.266+0000][1][safepoint    ] Entering safepoint region: Cleanup
[2019-12-09T01:55:43.266+0000][1][safepoint    ] Leaving safepoint region
[2019-12-09T01:55:43.266+0000][1][safepoint    ] Total time for which application threads were stopped: 0.0000963 seconds, Stopping threads took: 0.0000316 seconds
[2019-12-09T01:55:44.266+0000][1][safepoint    ] Application time: 1.0000846 seconds
[2019-12-09T01:55:44.266+0000][1][safepoint    ] Entering safepoint region: Cleanup
[2019-12-09T01:55:44.266+0000][1][safepoint    ] Leaving safepoint region
[2019-12-09T01:55:44.266+0000][1][safepoint    ] Total time for which application threads were stopped: 0.0001071 seconds, Stopping threads took: 0.0000248 seconds
[2019-12-09T01:55:45.266+0000][1][safepoint    ] Application time: 1.0000750 seconds
[2019-12-09T01:55:45.266+0000][1][safepoint    ] Entering safepoint region: Cleanup
[2019-12-09T01:55:45.266+0000][1][safepoint    ] Leaving safepoint region
[2019-12-09T01:55:45.266+0000][1][safepoint    ] Total time for which application threads were stopped: 0.0000759 seconds, Stopping threads took: 0.0000167 seconds
[2019-12-09T01:55:46.266+0000][1][safepoint    ] Application time: 1.0000763 seconds
[2019-12-09T01:55:46.266+0000][1][safepoint    ] Entering safepoint region: Cleanup
[2019-12-09T01:55:46.266+0000][1][safepoint    ] Leaving safepoint region
[2019-12-09T01:55:46.266+0000][1][safepoint    ] Total time for which application threads were stopped: 0.0000814 seconds, Stopping threads took: 0.0000183 seconds
[2019-12-09T01:55:47.266+0000][1][safepoint    ] Application time: 1.0000753 seconds
[2019-12-09T01:55:47.267+0000][1][safepoint    ] Entering safepoint region: Cleanup
[2019-12-09T01:55:47.267+0000][1][safepoint    ] Leaving safepoint region
[2019-12-09T01:55:47.267+0000][1][safepoint    ] Total time for which application threads were stopped: 0.0000753 seconds, Stopping threads took: 0.0000170 seconds
[2019-12-09T01:55:48.267+0000][1][safepoint    ] Application time: 1.0000745 seconds
[2019-12-09T01:55:48.267+0000][1][safepoint    ] Entering safepoint region: Cleanup
[2019-12-09T01:55:48.267+0000][1][safepoint    ] Leaving safepoint region
[2019-12-09T01:55:48.267+0000][1][safepoint    ] Total time for which application threads were stopped: 0.0000764 seconds, Stopping threads took: 0.0000175 seconds
[2019-12-09T01:55:49.267+0000][1][safepoint    ] Application time: 1.0000863 seconds
[2019-12-09T01:55:49.267+0000][1][safepoint    ] Entering safepoint region: Cleanup
[2019-12-09T01:55:49.267+0000][1][safepoint    ] Leaving safepoint region
[2019-12-09T01:55:49.267+0000][1][safepoint    ] Total time for which application threads were stopped: 0.0000828 seconds, Stopping threads took: 0.0000179 seconds
[2019-12-09T01:55:50.267+0000][1][safepoint    ] Application time: 1.0000781 seconds
[2019-12-09T01:55:50.267+0000][1][safepoint    ] Entering safepoint region: Cleanup
[2019-12-09T01:55:50.267+0000][1][safepoint    ] Leaving safepoint region
[2019-12-09T01:55:50.267+0000][1][safepoint    ] Total time for which application threads were stopped: 0.0000817 seconds, Stopping threads took: 0.0000225 seconds
[2019-12-09T01:55:51.267+0000][1][safepoint    ] Application time: 1.0000756 seconds
[2019-12-09T01:55:51.267+0000][1][safepoint    ] Entering safepoint region: Cleanup
[2019-12-09T01:55:51.267+0000][1][safepoint    ] Leaving safepoint region
[2019-12-09T01:55:51.267+0000][1][safepoint    ] Total time for which application threads were stopped: 0.0000743 seconds, Stopping threads took: 0.0000161 seconds
[2019-12-09T01:55:52.267+0000][1][safepoint    ] Application time: 1.0000739 seconds
[2019-12-09T01:55:52.268+0000][1][safepoint    ] Entering safepoint region: Cleanup
[2019-12-09T01:55:52.268+0000][1][safepoint    ] Leaving safepoint region
[2019-12-09T01:55:52.268+0000][1][safepoint    ] Total time for which application threads were stopped: 0.0000768 seconds, Stopping threads took: 0.0000145 seconds
[2019-12-09T01:55:53.268+0000][1][safepoint    ] Application time: 1.0000854 seconds
[2019-12-09T01:55:53.268+0000][1][safepoint    ] Entering safepoint region: Cleanup
[2019-12-09T01:55:53.268+0000][1][safepoint    ] Leaving safepoint region
[2019-12-09T01:55:53.268+0000][1][safepoint    ] Total time for which application threads were stopped: 0.0000719 seconds, Stopping threads took: 0.0000147 seconds
[2019-12-09T01:55:54.268+0000][1][safepoint    ] Application time: 1.0000838 seconds
[2019-12-09T01:55:54.268+0000][1][safepoint    ] Entering safepoint region: Cleanup
[2019-12-09T01:55:54.268+0000][1][safepoint    ] Leaving safepoint region
[2019-12-09T01:55:54.268+0000][1][safepoint    ] Total time for which application threads were stopped: 0.0000915 seconds, Stopping threads took: 0.0000194 seconds
[2019-12-09T01:55:55.268+0000][1][safepoint    ] Application time: 1.0000761 seconds
[2019-12-09T01:55:55.268+0000][1][safepoint    ] Entering safepoint region: Cleanup
[2019-12-09T01:55:55.268+0000][1][safepoint    ] Leaving safepoint region
[2019-12-09T01:55:55.268+0000][1][safepoint    ] Total time for which application threads were stopped: 0.0000822 seconds, Stopping threads took: 0.0000233 seconds
[2019-12-09T01:55:56.268+0000][1][safepoint    ] Application time: 1.0000734 seconds
[2019-12-09T01:55:56.268+0000][1][safepoint    ] Entering safepoint region: Cleanup
[2019-12-09T01:55:56.268+0000][1][safepoint    ] Leaving safepoint region
[2019-12-09T01:55:56.268+0000][1][safepoint    ] Total time for which application threads were stopped: 0.0000836 seconds, Stopping threads took: 0.0000176 seconds
[2019-12-09T01:55:57.269+0000][1][safepoint    ] Application time: 1.0000758 seconds
[2019-12-09T01:55:57.269+0000][1][safepoint    ] Entering safepoint region: Cleanup
[2019-12-09T01:55:57.269+0000][1][safepoint    ] Leaving safepoint region
[2019-12-09T01:55:57.269+0000][1][safepoint    ] Total time for which application threads were stopped: 0.0000804 seconds, Stopping threads took: 0.0000158 seconds
[2019-12-09T01:55:58.269+0000][1][safepoint    ] Application time: 1.0000769 seconds
[2019-12-09T01:55:58.269+0000][1][safepoint    ] Entering safepoint region: Cleanup
[2019-12-09T01:55:58.269+0000][1][safepoint    ] Leaving safepoint region
[2019-12-09T01:55:58.269+0000][1][safepoint    ] Total time for which application threads were stopped: 0.0000742 seconds, Stopping threads took: 0.0000171 seconds
[2019-12-09T01:55:59.269+0000][1][safepoint    ] Application time: 1.0000888 seconds
[2019-12-09T01:55:59.269+0000][1][safepoint    ] Entering safepoint region: Cleanup
[2019-12-09T01:55:59.269+0000][1][safepoint    ] Leaving safepoint region
[2019-12-09T01:55:59.269+0000][1][safepoint    ] Total time for which application threads were stopped: 0.0001198 seconds, Stopping threads took: 0.0000261 seconds
[2019-12-09T01:56:00.269+0000][1][safepoint    ] Application time: 1.0000792 seconds
[2019-12-09T01:56:00.269+0000][1][safepoint    ] Entering safepoint region: Cleanup
[2019-12-09T01:56:00.269+0000][1][safepoint    ] Leaving safepoint region
[2019-12-09T01:56:00.269+0000][1][safepoint    ] Total time for which application threads were stopped: 0.0000738 seconds, Stopping threads took: 0.0000170 seconds
[2019-12-09T01:56:01.269+0000][1][safepoint    ] Application time: 1.0000843 seconds
[2019-12-09T01:56:01.269+0000][1][safepoint    ] Entering safepoint region: Cleanup
[2019-12-09T01:56:01.270+0000][1][safepoint    ] Leaving safepoint region
[2019-12-09T01:56:01.270+0000][1][safepoint    ] Total time for which application threads were stopped: 0.0001201 seconds, Stopping threads took: 0.0000255 seconds
[2019-12-09T01:56:02.270+0000][1][safepoint    ] Application time: 1.0000769 seconds
[2019-12-09T01:56:02.270+0000][1][safepoint    ] Entering safepoint region: Cleanup
[2019-12-09T01:56:02.270+0000][1][safepoint    ] Leaving safepoint region
[2019-12-09T01:56:02.270+0000][1][safepoint    ] Total time for which application threads were stopped: 0.0000894 seconds, Stopping threads took: 0.0000144 seconds
[2019-12-09T01:56:03.270+0000][1][safepoint    ] Application time: 1.0000757 seconds
[2019-12-09T01:56:03.270+0000][1][safepoint    ] Entering safepoint region: Cleanup
[2019-12-09T01:56:03.270+0000][1][safepoint    ] Leaving safepoint region
[2019-12-09T01:56:03.270+0000][1][safepoint    ] Total time for which application threads were stopped: 0.0000748 seconds, Stopping threads took: 0.0000156 seconds
[2019-12-09T01:56:04.270+0000][1][safepoint    ] Application time: 1.0000817 seconds
[2019-12-09T01:56:04.270+0000][1][safepoint    ] Entering safepoint region: Cleanup
[2019-12-09T01:56:04.270+0000][1][safepoint    ] Leaving safepoint region
[2019-12-09T01:56:04.270+0000][1][safepoint    ] Total time for which application threads were stopped: 0.0001095 seconds, Stopping threads took: 0.0000270 seconds
[2019-12-09T01:56:05.270+0000][1][safepoint    ] Application time: 1.0000779 seconds
[2019-12-09T01:56:05.270+0000][1][safepoint    ] Entering safepoint region: Cleanup
[2019-12-09T01:56:05.270+0000][1][safepoint    ] Leaving safepoint region
[2019-12-09T01:56:05.270+0000][1][safepoint    ] Total time for which application threads were stopped: 0.0000786 seconds, Stopping threads took: 0.0000143 seconds
[2019-12-09T01:56:06.270+0000][1][safepoint    ] Application time: 1.0000763 seconds
[2019-12-09T01:56:06.271+0000][1][safepoint    ] Entering safepoint region: Cleanup
[2019-12-09T01:56:06.271+0000][1][safepoint    ] Leaving safepoint region
[2019-12-09T01:56:06.271+0000][1][safepoint    ] Total time for which application threads were stopped: 0.0000742 seconds, Stopping threads took: 0.0000152 seconds
[2019-12-09T01:56:07.271+0000][1][safepoint    ] Application time: 1.0000747 seconds
[2019-12-09T01:56:07.271+0000][1][safepoint    ] Entering safepoint region: Cleanup
[2019-12-09T01:56:07.271+0000][1][safepoint    ] Leaving safepoint region
[2019-12-09T01:56:07.271+0000][1][safepoint    ] Total time for which application threads were stopped: 0.0000712 seconds, Stopping threads took: 0.0000137 seconds
[2019-12-09T01:56:08.271+0000][1][safepoint    ] Application time: 1.0000744 seconds
[2019-12-09T01:56:08.271+0000][1][safepoint    ] Entering safepoint region: Cleanup
[2019-12-09T01:56:08.271+0000][1][safepoint    ] Leaving safepoint region
[2019-12-09T01:56:08.271+0000][1][safepoint    ] Total time for which application threads were stopped: 0.0000783 seconds, Stopping threads took: 0.0000136 seconds
[2019-12-09T01:56:09.271+0000][1][safepoint    ] Application time: 1.0000787 seconds
[2019-12-09T01:56:09.271+0000][1][safepoint    ] Entering safepoint region: Cleanup
[2019-12-09T01:56:09.271+0000][1][safepoint    ] Leaving safepoint region
[2019-12-09T01:56:09.271+0000][1][safepoint    ] Total time for which application threads were stopped: 0.0000972 seconds, Stopping threads took: 0.0000187 seconds
[2019-12-09T01:56:10.271+0000][1][safepoint    ] Application time: 1.0000755 seconds
[2019-12-09T01:56:10.271+0000][1][safepoint    ] Entering safepoint region: Cleanup
[2019-12-09T01:56:10.271+0000][1][safepoint    ] Leaving safepoint region
[2019-12-09T01:56:10.271+0000][1][safepoint    ] Total time for which application threads were stopped: 0.0000788 seconds, Stopping threads took: 0.0000139 seconds
[2019-12-09T01:56:11.271+0000][1][safepoint    ] Application time: 1.0000762 seconds
[2019-12-09T01:56:11.272+0000][1][safepoint    ] Entering safepoint region: Cleanup
[2019-12-09T01:56:11.272+0000][1][safepoint    ] Leaving safepoint region
[2019-12-09T01:56:11.272+0000][1][safepoint    ] Total time for which application threads were stopped: 0.0000759 seconds, Stopping threads took: 0.0000166 seconds
[2019-12-09T01:56:12.272+0000][1][safepoint    ] Application time: 1.0000746 seconds
[2019-12-09T01:56:12.272+0000][1][safepoint    ] Entering safepoint region: Cleanup
[2019-12-09T01:56:12.272+0000][1][safepoint    ] Leaving safepoint region
[2019-12-09T01:56:12.272+0000][1][safepoint    ] Total time for which application threads were stopped: 0.0000795 seconds, Stopping threads took: 0.0000153 seconds
[2019-12-09T01:56:13.272+0000][1][safepoint    ] Application time: 1.0000758 seconds
[2019-12-09T01:56:13.272+0000][1][safepoint    ] Entering safepoint region: Cleanup
[2019-12-09T01:56:13.272+0000][1][safepoint    ] Leaving safepoint region
[2019-12-09T01:56:13.272+0000][1][safepoint    ] Total time for which application threads were stopped: 0.0000714 seconds, Stopping threads took: 0.0000156 seconds
[2019-12-09T01:56:14.272+0000][1][safepoint    ] Application time: 1.0000751 seconds
[2019-12-09T01:56:14.272+0000][1][safepoint    ] Entering safepoint region: Cleanup
[2019-12-09T01:56:14.272+0000][1][safepoint    ] Leaving safepoint region
[2019-12-09T01:56:14.272+0000][1][safepoint    ] Total time for which application threads were stopped: 0.0000838 seconds, Stopping threads took: 0.0000167 seconds
[2019-12-09T01:56:15.272+0000][1][safepoint    ] Application time: 1.0000731 seconds
[2019-12-09T01:56:15.272+0000][1][safepoint    ] Entering safepoint region: Cleanup
[2019-12-09T01:56:15.272+0000][1][safepoint    ] Leaving safepoint region
[2019-12-09T01:56:15.272+0000][1][safepoint    ] Total time for which application threads were stopped: 0.0000757 seconds, Stopping threads took: 0.0000174 seconds
[2019-12-09T01:56:16.272+0000][1][safepoint    ] Application time: 1.0000751 seconds
[2019-12-09T01:56:16.272+0000][1][safepoint    ] Entering safepoint region: Cleanup
[2019-12-09T01:56:16.273+0000][1][safepoint    ] Leaving safepoint region
[2019-12-09T01:56:16.273+0000][1][safepoint    ] Total time for which application threads were stopped: 0.0000765 seconds, Stopping threads took: 0.0000149 seconds
[2019-12-09T01:56:17.273+0000][1][safepoint    ] Application time: 1.0000738 seconds
[2019-12-09T01:56:17.273+0000][1][safepoint    ] Entering safepoint region: Cleanup
[2019-12-09T01:56:17.273+0000][1][safepoint    ] Leaving safepoint region
[2019-12-09T01:56:17.273+0000][1][safepoint    ] Total time for which application threads were stopped: 0.0000886 seconds, Stopping threads took: 0.0000280 seconds
[2019-12-09T01:56:18.273+0000][1][safepoint    ] Application time: 1.0000734 seconds
[2019-12-09T01:56:18.273+0000][1][safepoint    ] Entering safepoint region: Cleanup
[2019-12-09T01:56:18.273+0000][1][safepoint    ] Leaving safepoint region
[2019-12-09T01:56:18.273+0000][1][safepoint    ] Total time for which application threads were stopped: 0.0000737 seconds, Stopping threads took: 0.0000148 seconds
[2019-12-09T01:56:19.273+0000][1][safepoint    ] Application time: 1.0000795 seconds
[2019-12-09T01:56:19.273+0000][1][safepoint    ] Entering safepoint region: Cleanup
[2019-12-09T01:56:19.273+0000][1][safepoint    ] Leaving safepoint region
[2019-12-09T01:56:19.273+0000][1][safepoint    ] Total time for which application threads were stopped: 0.0000790 seconds, Stopping threads took: 0.0000188 seconds
[2019-12-09T01:56:20.273+0000][1][safepoint    ] Application time: 1.0000763 seconds
[2019-12-09T01:56:20.273+0000][1][safepoint    ] Entering safepoint region: Cleanup
[2019-12-09T01:56:20.273+0000][1][safepoint    ] Leaving safepoint region
[2019-12-09T01:56:20.273+0000][1][safepoint    ] Total time for which application threads were stopped: 0.0000757 seconds, Stopping threads took: 0.0000145 seconds
[2019-12-09T01:56:21.273+0000][1][safepoint    ] Application time: 1.0000761 seconds
[2019-12-09T01:56:21.273+0000][1][safepoint    ] Entering safepoint region: Cleanup
[2019-12-09T01:56:21.274+0000][1][safepoint    ] Leaving safepoint region
[2019-12-09T01:56:21.274+0000][1][safepoint    ] Total time for which application threads were stopped: 0.0000802 seconds, Stopping threads took: 0.0000165 seconds
[2019-12-09T01:56:22.274+0000][1][safepoint    ] Application time: 1.0000742 seconds
[2019-12-09T01:56:22.274+0000][1][safepoint    ] Entering safepoint region: Cleanup
[2019-12-09T01:56:22.274+0000][1][safepoint    ] Leaving safepoint region
[2019-12-09T01:56:22.274+0000][1][safepoint    ] Total time for which application threads were stopped: 0.0000857 seconds, Stopping threads took: 0.0000263 seconds
[2019-12-09T01:56:23.274+0000][1][safepoint    ] Application time: 1.0000755 seconds
[2019-12-09T01:56:23.274+0000][1][safepoint    ] Entering safepoint region: Cleanup
[2019-12-09T01:56:23.274+0000][1][safepoint    ] Leaving safepoint region
[2019-12-09T01:56:23.274+0000][1][safepoint    ] Total time for which application threads were stopped: 0.0000843 seconds, Stopping threads took: 0.0000246 seconds
[2019-12-09T01:56:24.274+0000][1][safepoint    ] Application time: 1.0000773 seconds
[2019-12-09T01:56:24.274+0000][1][safepoint    ] Entering safepoint region: Cleanup
[2019-12-09T01:56:24.274+0000][1][safepoint    ] Leaving safepoint region
[2019-12-09T01:56:24.274+0000][1][safepoint    ] Total time for which application threads were stopped: 0.0000784 seconds, Stopping threads took: 0.0000185 seconds
[2019-12-09T01:56:25.274+0000][1][safepoint    ] Application time: 1.0000739 seconds
[2019-12-09T01:56:25.274+0000][1][safepoint    ] Entering safepoint region: Cleanup
[2019-12-09T01:56:25.274+0000][1][safepoint    ] Leaving safepoint region
[2019-12-09T01:56:25.274+0000][1][safepoint    ] Total time for which application threads were stopped: 0.0000842 seconds, Stopping threads took: 0.0000248 seconds
[2019-12-09T01:56:26.274+0000][1][safepoint    ] Application time: 1.0000745 seconds
[2019-12-09T01:56:26.274+0000][1][safepoint    ] Entering safepoint region: Cleanup
[2019-12-09T01:56:26.275+0000][1][safepoint    ] Leaving safepoint region
[2019-12-09T01:56:26.275+0000][1][safepoint    ] Total time for which application threads were stopped: 0.0000748 seconds, Stopping threads took: 0.0000159 seconds
[2019-12-09T01:56:27.275+0000][1][safepoint    ] Application time: 1.0000757 seconds
[2019-12-09T01:56:27.275+0000][1][safepoint    ] Entering safepoint region: Cleanup
[2019-12-09T01:56:27.275+0000][1][safepoint    ] Leaving safepoint region
[2019-12-09T01:56:27.275+0000][1][safepoint    ] Total time for which application threads were stopped: 0.0000895 seconds, Stopping threads took: 0.0000173 seconds
[2019-12-09T01:56:28.275+0000][1][safepoint    ] Application time: 1.0000755 seconds
[2019-12-09T01:56:28.275+0000][1][safepoint    ] Entering safepoint region: Cleanup
[2019-12-09T01:56:28.275+0000][1][safepoint    ] Leaving safepoint region
[2019-12-09T01:56:28.275+0000][1][safepoint    ] Total time for which application threads were stopped: 0.0000762 seconds, Stopping threads took: 0.0000158 seconds
[2019-12-09T01:56:29.275+0000][1][safepoint    ] Application time: 1.0000772 seconds
[2019-12-09T01:56:29.275+0000][1][safepoint    ] Entering safepoint region: Cleanup
[2019-12-09T01:56:29.275+0000][1][safepoint    ] Leaving safepoint region
[2019-12-09T01:56:29.275+0000][1][safepoint    ] Total time for which application threads were stopped: 0.0000802 seconds, Stopping threads took: 0.0000178 seconds
[2019-12-09T01:56:30.275+0000][1][safepoint    ] Application time: 1.0000753 seconds
[2019-12-09T01:56:30.275+0000][1][safepoint    ] Entering safepoint region: Cleanup
[2019-12-09T01:56:30.275+0000][1][safepoint    ] Leaving safepoint region
[2019-12-09T01:56:30.275+0000][1][safepoint    ] Total time for which application threads were stopped: 0.0000744 seconds, Stopping threads took: 0.0000168 seconds
[2019-12-09T01:56:31.275+0000][1][safepoint    ] Application time: 1.0000747 seconds
[2019-12-09T01:56:31.275+0000][1][safepoint    ] Entering safepoint region: Cleanup
[2019-12-09T01:56:31.276+0000][1][safepoint    ] Leaving safepoint region
[2019-12-09T01:56:31.276+0000][1][safepoint    ] Total time for which application threads were stopped: 0.0000879 seconds, Stopping threads took: 0.0000162 seconds
[2019-12-09T01:56:32.276+0000][1][safepoint    ] Application time: 1.0000738 seconds
[2019-12-09T01:56:32.276+0000][1][safepoint    ] Entering safepoint region: Cleanup
[2019-12-09T01:56:32.276+0000][1][safepoint    ] Leaving safepoint region
[2019-12-09T01:56:32.276+0000][1][safepoint    ] Total time for which application threads were stopped: 0.0000854 seconds, Stopping threads took: 0.0000173 seconds
[2019-12-09T01:56:33.276+0000][1][safepoint    ] Application time: 1.0000761 seconds
[2019-12-09T01:56:33.276+0000][1][safepoint    ] Entering safepoint region: Cleanup
[2019-12-09T01:56:33.276+0000][1][safepoint    ] Leaving safepoint region
[2019-12-09T01:56:33.276+0000][1][safepoint    ] Total time for which application threads were stopped: 0.0000850 seconds, Stopping threads took: 0.0000231 seconds
[2019-12-09T01:56:34.276+0000][1][safepoint    ] Application time: 1.0000763 seconds
[2019-12-09T01:56:34.276+0000][1][safepoint    ] Entering safepoint region: Cleanup
[2019-12-09T01:56:34.276+0000][1][safepoint    ] Leaving safepoint region
[2019-12-09T01:56:34.276+0000][1][safepoint    ] Total time for which application threads were stopped: 0.0000831 seconds, Stopping threads took: 0.0000179 seconds
[2019-12-09T01:56:35.276+0000][1][safepoint    ] Application time: 1.0000758 seconds
[2019-12-09T01:56:35.276+0000][1][safepoint    ] Entering safepoint region: Cleanup
[2019-12-09T01:56:35.276+0000][1][safepoint    ] Leaving safepoint region
[2019-12-09T01:56:35.276+0000][1][safepoint    ] Total time for which application threads were stopped: 0.0000735 seconds, Stopping threads took: 0.0000164 seconds
[2019-12-09T01:56:36.276+0000][1][safepoint    ] Application time: 1.0000767 seconds
[2019-12-09T01:56:36.276+0000][1][safepoint    ] Entering safepoint region: Cleanup
[2019-12-09T01:56:36.277+0000][1][safepoint    ] Leaving safepoint region
[2019-12-09T01:56:36.277+0000][1][safepoint    ] Total time for which application threads were stopped: 0.0000786 seconds, Stopping threads took: 0.0000173 seconds
[2019-12-09T01:56:37.277+0000][1][safepoint    ] Application time: 1.0000755 seconds
[2019-12-09T01:56:37.277+0000][1][safepoint    ] Entering safepoint region: Cleanup
[2019-12-09T01:56:37.277+0000][1][safepoint    ] Leaving safepoint region
[2019-12-09T01:56:37.277+0000][1][safepoint    ] Total time for which application threads were stopped: 0.0000854 seconds, Stopping threads took: 0.0000173 seconds
[2019-12-09T01:56:38.277+0000][1][safepoint    ] Application time: 1.0000736 seconds
[2019-12-09T01:56:38.277+0000][1][safepoint    ] Entering safepoint region: Cleanup
[2019-12-09T01:56:38.277+0000][1][safepoint    ] Leaving safepoint region
[2019-12-09T01:56:38.277+0000][1][safepoint    ] Total time for which application threads were stopped: 0.0000773 seconds, Stopping threads took: 0.0000156 seconds
[2019-12-09T01:56:39.277+0000][1][safepoint    ] Application time: 1.0000745 seconds
[2019-12-09T01:56:39.277+0000][1][safepoint    ] Entering safepoint region: Cleanup
[2019-12-09T01:56:39.277+0000][1][safepoint    ] Leaving safepoint region
[2019-12-09T01:56:39.277+0000][1][safepoint    ] Total time for which application threads were stopped: 0.0000792 seconds, Stopping threads took: 0.0000192 seconds
[2019-12-09T01:56:40.277+0000][1][safepoint    ] Application time: 1.0000789 seconds
[2019-12-09T01:56:40.277+0000][1][safepoint    ] Entering safepoint region: Cleanup
[2019-12-09T01:56:40.277+0000][1][safepoint    ] Leaving safepoint region
[2019-12-09T01:56:40.277+0000][1][safepoint    ] Total time for which application threads were stopped: 0.0000811 seconds, Stopping threads took: 0.0000176 seconds
[2019-12-09T01:56:41.277+0000][1][safepoint    ] Application time: 1.0000326 seconds
[2019-12-09T01:56:41.277+0000][1][safepoint    ] Entering safepoint region: Cleanup
[2019-12-09T01:56:41.277+0000][1][safepoint    ] Leaving safepoint region
[2019-12-09T01:56:41.277+0000][1][safepoint    ] Total time for which application threads were stopped: 0.0000759 seconds, Stopping threads took: 0.0000151 seconds
[2019-12-09T01:56:42.278+0000][1][safepoint    ] Application time: 1.0000759 seconds
[2019-12-09T01:56:42.278+0000][1][safepoint    ] Entering safepoint region: Cleanup
[2019-12-09T01:56:42.278+0000][1][safepoint    ] Leaving safepoint region
[2019-12-09T01:56:42.278+0000][1][safepoint    ] Total time for which application threads were stopped: 0.0000781 seconds, Stopping threads took: 0.0000166 seconds
[2019-12-09T01:56:43.278+0000][1][safepoint    ] Application time: 1.0000756 seconds
[2019-12-09T01:56:43.278+0000][1][safepoint    ] Entering safepoint region: Cleanup
[2019-12-09T01:56:43.278+0000][1][safepoint    ] Leaving safepoint region
[2019-12-09T01:56:43.278+0000][1][safepoint    ] Total time for which application threads were stopped: 0.0000816 seconds, Stopping threads took: 0.0000223 seconds
[2019-12-09T01:56:44.278+0000][1][safepoint    ] Application time: 1.0000888 seconds
[2019-12-09T01:56:44.278+0000][1][safepoint    ] Entering safepoint region: Cleanup
[2019-12-09T01:56:44.278+0000][1][safepoint    ] Leaving safepoint region
[2019-12-09T01:56:44.278+0000][1][safepoint    ] Total time for which application threads were stopped: 0.0001219 seconds, Stopping threads took: 0.0000237 seconds
[2019-12-09T01:56:45.278+0000][1][safepoint    ] Application time: 1.0000766 seconds
[2019-12-09T01:56:45.278+0000][1][safepoint    ] Entering safepoint region: Cleanup
[2019-12-09T01:56:45.278+0000][1][safepoint    ] Leaving safepoint region
[2019-12-09T01:56:45.278+0000][1][safepoint    ] Total time for which application threads were stopped: 0.0000757 seconds, Stopping threads took: 0.0000162 seconds
[2019-12-09T01:56:46.278+0000][1][safepoint    ] Application time: 1.0000749 seconds
[2019-12-09T01:56:46.278+0000][1][safepoint    ] Entering safepoint region: Cleanup
[2019-12-09T01:56:46.278+0000][1][safepoint    ] Leaving safepoint region
[2019-12-09T01:56:46.279+0000][1][safepoint    ] Total time for which application threads were stopped: 0.0000776 seconds, Stopping threads took: 0.0000177 seconds
[2019-12-09T01:56:47.279+0000][1][safepoint    ] Application time: 1.0000759 seconds
[2019-12-09T01:56:47.279+0000][1][safepoint    ] Entering safepoint region: Cleanup
[2019-12-09T01:56:47.279+0000][1][safepoint    ] Leaving safepoint region
[2019-12-09T01:56:47.279+0000][1][safepoint    ] Total time for which application threads were stopped: 0.0000867 seconds, Stopping threads took: 0.0000167 seconds
[2019-12-09T01:56:48.279+0000][1][safepoint    ] Application time: 1.0000736 seconds
[2019-12-09T01:56:48.279+0000][1][safepoint    ] Entering safepoint region: Cleanup
[2019-12-09T01:56:48.279+0000][1][safepoint    ] Leaving safepoint region
[2019-12-09T01:56:48.279+0000][1][safepoint    ] Total time for which application threads were stopped: 0.0000726 seconds, Stopping threads took: 0.0000142 seconds
[2019-12-09T01:56:49.279+0000][1][safepoint    ] Application time: 1.0000803 seconds
[2019-12-09T01:56:49.279+0000][1][safepoint    ] Entering safepoint region: Cleanup
[2019-12-09T01:56:49.279+0000][1][safepoint    ] Leaving safepoint region
[2019-12-09T01:56:49.279+0000][1][safepoint    ] Total time for which application threads were stopped: 0.0000792 seconds, Stopping threads took: 0.0000158 seconds
[2019-12-09T01:56:50.279+0000][1][safepoint    ] Application time: 1.0000765 seconds
[2019-12-09T01:56:50.279+0000][1][safepoint    ] Entering safepoint region: Cleanup
[2019-12-09T01:56:50.279+0000][1][safepoint    ] Leaving safepoint region
[2019-12-09T01:56:50.279+0000][1][safepoint    ] Total time for which application threads were stopped: 0.0000727 seconds, Stopping threads took: 0.0000154 seconds
[2019-12-09T01:56:51.279+0000][1][safepoint    ] Application time: 1.0000757 seconds
[2019-12-09T01:56:51.279+0000][1][safepoint    ] Entering safepoint region: Cleanup
[2019-12-09T01:56:51.279+0000][1][safepoint    ] Leaving safepoint region
[2019-12-09T01:56:51.279+0000][1][safepoint    ] Total time for which application threads were stopped: 0.0000744 seconds, Stopping threads took: 0.0000140 seconds
[2019-12-09T01:56:52.942+0000][1][safepoint    ] Application time: 1.6628467 seconds
[2019-12-09T01:56:52.942+0000][1][safepoint    ] Entering safepoint region: Cleanup
[2019-12-09T01:56:52.942+0000][1][safepoint    ] Leaving safepoint region
[2019-12-09T01:56:52.942+0000][1][safepoint    ] Total time for which application threads were stopped: 0.0000958 seconds, Stopping threads took: 0.0000181 seconds
[2019-12-09T01:56:53.943+0000][1][safepoint    ] Application time: 1.0000759 seconds
[2019-12-09T01:56:53.943+0000][1][safepoint    ] Entering safepoint region: Cleanup
[2019-12-09T01:56:53.943+0000][1][safepoint    ] Leaving safepoint region
[2019-12-09T01:56:53.943+0000][1][safepoint    ] Total time for which application threads were stopped: 0.0000881 seconds, Stopping threads took: 0.0000175 seconds
[2019-12-09T01:56:54.943+0000][1][safepoint    ] Application time: 1.0000880 seconds
[2019-12-09T01:56:54.943+0000][1][safepoint    ] Entering safepoint region: Cleanup
[2019-12-09T01:56:54.943+0000][1][safepoint    ] Leaving safepoint region
[2019-12-09T01:56:54.943+0000][1][safepoint    ] Total time for which application threads were stopped: 0.0000882 seconds, Stopping threads took: 0.0000255 seconds
[2019-12-09T01:56:55.943+0000][1][safepoint    ] Application time: 1.0000356 seconds
[2019-12-09T01:56:55.943+0000][1][safepoint    ] Entering safepoint region: Cleanup
[2019-12-09T01:56:55.943+0000][1][safepoint    ] Leaving safepoint region
[2019-12-09T01:56:55.943+0000][1][safepoint    ] Total time for which application threads were stopped: 0.0000805 seconds, Stopping threads took: 0.0000184 seconds
[2019-12-09T01:56:56.943+0000][1][safepoint    ] Application time: 1.0000774 seconds
[2019-12-09T01:56:56.943+0000][1][safepoint    ] Entering safepoint region: Cleanup
[2019-12-09T01:56:56.943+0000][1][safepoint    ] Leaving safepoint region
[2019-12-09T01:56:56.943+0000][1][safepoint    ] Total time for which application threads were stopped: 0.0000805 seconds, Stopping threads took: 0.0000200 seconds
[2019-12-09T01:56:57.943+0000][1][safepoint    ] Application time: 1.0000769 seconds
[2019-12-09T01:56:57.943+0000][1][safepoint    ] Entering safepoint region: Cleanup
[2019-12-09T01:56:57.943+0000][1][safepoint    ] Leaving safepoint region
[2019-12-09T01:56:57.943+0000][1][safepoint    ] Total time for which application threads were stopped: 0.0000786 seconds, Stopping threads took: 0.0000194 seconds
[2019-12-09T01:56:58.944+0000][1][safepoint    ] Application time: 1.0000789 seconds
[2019-12-09T01:56:58.944+0000][1][safepoint    ] Entering safepoint region: Cleanup
[2019-12-09T01:56:58.944+0000][1][safepoint    ] Leaving safepoint region
[2019-12-09T01:56:58.944+0000][1][safepoint    ] Total time for which application threads were stopped: 0.0000836 seconds, Stopping threads took: 0.0000195 seconds
[2019-12-09T01:56:59.944+0000][1][safepoint    ] Application time: 1.0000821 seconds
[2019-12-09T01:56:59.944+0000][1][safepoint    ] Entering safepoint region: Cleanup
[2019-12-09T01:56:59.944+0000][1][safepoint    ] Leaving safepoint region
[2019-12-09T01:56:59.944+0000][1][safepoint    ] Total time for which application threads were stopped: 0.0000899 seconds, Stopping threads took: 0.0000165 seconds
[2019-12-09T01:57:00.944+0000][1][safepoint    ] Application time: 1.0000750 seconds
[2019-12-09T01:57:00.944+0000][1][safepoint    ] Entering safepoint region: Cleanup
[2019-12-09T01:57:00.944+0000][1][safepoint    ] Leaving safepoint region
[2019-12-09T01:57:00.944+0000][1][safepoint    ] Total time for which application threads were stopped: 0.0000747 seconds, Stopping threads took: 0.0000186 seconds
[2019-12-09T01:57:01.944+0000][1][safepoint    ] Application time: 1.0000832 seconds
[2019-12-09T01:57:01.944+0000][1][safepoint    ] Entering safepoint region: Cleanup
[2019-12-09T01:57:01.944+0000][1][safepoint    ] Leaving safepoint region
[2019-12-09T01:57:01.944+0000][1][safepoint    ] Total time for which application threads were stopped: 0.0000943 seconds, Stopping threads took: 0.0000195 seconds
[2019-12-09T01:57:02.944+0000][1][safepoint    ] Application time: 1.0000760 seconds
[2019-12-09T01:57:02.944+0000][1][safepoint    ] Entering safepoint region: Cleanup
[2019-12-09T01:57:02.944+0000][1][safepoint    ] Leaving safepoint region
[2019-12-09T01:57:02.944+0000][1][safepoint    ] Total time for which application threads were stopped: 0.0000827 seconds, Stopping threads took: 0.0000175 seconds
[2019-12-09T01:57:03.944+0000][1][safepoint    ] Application time: 1.0000761 seconds
[2019-12-09T01:57:03.945+0000][1][safepoint    ] Entering safepoint region: Cleanup
[2019-12-09T01:57:03.945+0000][1][safepoint    ] Leaving safepoint region
[2019-12-09T01:57:03.945+0000][1][safepoint    ] Total time for which application threads were stopped: 0.0000872 seconds, Stopping threads took: 0.0000175 seconds
[2019-12-09T01:57:04.945+0000][1][safepoint    ] Application time: 1.0000900 seconds
[2019-12-09T01:57:04.945+0000][1][safepoint    ] Entering safepoint region: Cleanup
[2019-12-09T01:57:04.945+0000][1][safepoint    ] Leaving safepoint region
[2019-12-09T01:57:04.945+0000][1][safepoint    ] Total time for which application threads were stopped: 0.0000993 seconds, Stopping threads took: 0.0000211 seconds
[2019-12-09T01:57:05.945+0000][1][safepoint    ] Application time: 1.0000765 seconds
[2019-12-09T01:57:05.945+0000][1][safepoint    ] Entering safepoint region: Cleanup
[2019-12-09T01:57:05.945+0000][1][safepoint    ] Leaving safepoint region
[2019-12-09T01:57:05.945+0000][1][safepoint    ] Total time for which application threads were stopped: 0.0000833 seconds, Stopping threads took: 0.0000185 seconds
[2019-12-09T01:57:06.945+0000][1][safepoint    ] Application time: 1.0000781 seconds
[2019-12-09T01:57:06.945+0000][1][safepoint    ] Entering safepoint region: Cleanup
[2019-12-09T01:57:06.945+0000][1][safepoint    ] Leaving safepoint region
[2019-12-09T01:57:06.945+0000][1][safepoint    ] Total time for which application threads were stopped: 0.0000799 seconds, Stopping threads took: 0.0000198 seconds
[2019-12-09T01:57:07.945+0000][1][safepoint    ] Application time: 1.0000753 seconds
[2019-12-09T01:57:07.945+0000][1][safepoint    ] Entering safepoint region: Cleanup
[2019-12-09T01:57:07.945+0000][1][safepoint    ] Leaving safepoint region
[2019-12-09T01:57:07.945+0000][1][safepoint    ] Total time for which application threads were stopped: 0.0000789 seconds, Stopping threads took: 0.0000192 seconds
[2019-12-09T01:57:08.945+0000][1][safepoint    ] Application time: 1.0000741 seconds
[2019-12-09T01:57:08.946+0000][1][safepoint    ] Entering safepoint region: Cleanup
[2019-12-09T01:57:08.946+0000][1][safepoint    ] Leaving safepoint region
[2019-12-09T01:57:08.946+0000][1][safepoint    ] Total time for which application threads were stopped: 0.0000757 seconds, Stopping threads took: 0.0000153 seconds
[2019-12-09T01:57:09.946+0000][1][safepoint    ] Application time: 1.0000843 seconds
[2019-12-09T01:57:09.946+0000][1][safepoint    ] Entering safepoint region: Cleanup
[2019-12-09T01:57:09.946+0000][1][safepoint    ] Leaving safepoint region
[2019-12-09T01:57:09.946+0000][1][safepoint    ] Total time for which application threads were stopped: 0.0000786 seconds, Stopping threads took: 0.0000168 seconds
[2019-12-09T01:57:10.946+0000][1][safepoint    ] Application time: 1.0000747 seconds
[2019-12-09T01:57:10.946+0000][1][safepoint    ] Entering safepoint region: Cleanup
[2019-12-09T01:57:10.946+0000][1][safepoint    ] Leaving safepoint region
[2019-12-09T01:57:10.946+0000][1][safepoint    ] Total time for which application threads were stopped: 0.0000867 seconds, Stopping threads took: 0.0000179 seconds
[2019-12-09T01:57:11.946+0000][1][safepoint    ] Application time: 1.0000746 seconds
[2019-12-09T01:57:11.946+0000][1][safepoint    ] Entering safepoint region: Cleanup
[2019-12-09T01:57:11.946+0000][1][safepoint    ] Leaving safepoint region
[2019-12-09T01:57:11.946+0000][1][safepoint    ] Total time for which application threads were stopped: 0.0000920 seconds, Stopping threads took: 0.0000189 seconds
[2019-12-09T01:57:12.946+0000][1][safepoint    ] Application time: 1.0000753 seconds
[2019-12-09T01:57:12.946+0000][1][safepoint    ] Entering safepoint region: Cleanup
[2019-12-09T01:57:12.946+0000][1][safepoint    ] Leaving safepoint region
[2019-12-09T01:57:12.946+0000][1][safepoint    ] Total time for which application threads were stopped: 0.0000886 seconds, Stopping threads took: 0.0000198 seconds
[2019-12-09T01:57:13.946+0000][1][safepoint    ] Application time: 1.0000752 seconds
[2019-12-09T01:57:13.947+0000][1][safepoint    ] Entering safepoint region: Cleanup
[2019-12-09T01:57:13.947+0000][1][safepoint    ] Leaving safepoint region
[2019-12-09T01:57:13.947+0000][1][safepoint    ] Total time for which application threads were stopped: 0.0000943 seconds, Stopping threads took: 0.0000188 seconds
[2019-12-09T01:57:14.947+0000][1][safepoint    ] Application time: 1.0000857 seconds
[2019-12-09T01:57:14.947+0000][1][safepoint    ] Entering safepoint region: Cleanup
[2019-12-09T01:57:14.947+0000][1][safepoint    ] Leaving safepoint region
[2019-12-09T01:57:14.947+0000][1][safepoint    ] Total time for which application threads were stopped: 0.0000771 seconds, Stopping threads took: 0.0000175 seconds
[2019-12-09T01:57:15.947+0000][1][safepoint    ] Application time: 1.0000754 seconds
[2019-12-09T01:57:15.947+0000][1][safepoint    ] Entering safepoint region: Cleanup
[2019-12-09T01:57:15.947+0000][1][safepoint    ] Leaving safepoint region
[2019-12-09T01:57:15.947+0000][1][safepoint    ] Total time for which application threads were stopped: 0.0000788 seconds, Stopping threads took: 0.0000188 seconds
[2019-12-09T01:57:16.947+0000][1][safepoint    ] Application time: 1.0000748 seconds
[2019-12-09T01:57:16.947+0000][1][safepoint    ] Entering safepoint region: Cleanup
[2019-12-09T01:57:16.947+0000][1][safepoint    ] Leaving safepoint region
[2019-12-09T01:57:16.947+0000][1][safepoint    ] Total time for which application threads were stopped: 0.0000800 seconds, Stopping threads took: 0.0000178 seconds
[2019-12-09T01:57:17.947+0000][1][safepoint    ] Application time: 1.0000763 seconds
[2019-12-09T01:57:17.947+0000][1][safepoint    ] Entering safepoint region: Cleanup
[2019-12-09T01:57:17.947+0000][1][safepoint    ] Leaving safepoint region
[2019-12-09T01:57:17.947+0000][1][safepoint    ] Total time for which application threads were stopped: 0.0000839 seconds, Stopping threads took: 0.0000191 seconds
[2019-12-09T01:57:18.947+0000][1][safepoint    ] Application time: 1.0000741 seconds
[2019-12-09T01:57:18.947+0000][1][safepoint    ] Entering safepoint region: Cleanup
[2019-12-09T01:57:18.948+0000][1][safepoint    ] Leaving safepoint region
[2019-12-09T01:57:18.948+0000][1][safepoint    ] Total time for which application threads were stopped: 0.0000787 seconds, Stopping threads took: 0.0000195 seconds
[2019-12-09T01:57:19.948+0000][1][safepoint    ] Application time: 1.0000754 seconds
[2019-12-09T01:57:19.948+0000][1][safepoint    ] Entering safepoint region: Cleanup
[2019-12-09T01:57:19.948+0000][1][safepoint    ] Leaving safepoint region
[2019-12-09T01:57:19.948+0000][1][safepoint    ] Total time for which application threads were stopped: 0.0000833 seconds, Stopping threads took: 0.0000208 seconds
[2019-12-09T01:57:20.948+0000][1][safepoint    ] Application time: 1.0000530 seconds
[2019-12-09T01:57:20.948+0000][1][safepoint    ] Entering safepoint region: Cleanup
[2019-12-09T01:57:20.948+0000][1][safepoint    ] Leaving safepoint region
[2019-12-09T01:57:20.948+0000][1][safepoint    ] Total time for which application threads were stopped: 0.0000768 seconds, Stopping threads took: 0.0000177 seconds
[2019-12-09T01:57:21.948+0000][1][safepoint    ] Application time: 1.0000772 seconds
[2019-12-09T01:57:21.948+0000][1][safepoint    ] Entering safepoint region: Cleanup
[2019-12-09T01:57:21.948+0000][1][safepoint    ] Leaving safepoint region
[2019-12-09T01:57:21.948+0000][1][safepoint    ] Total time for which application threads were stopped: 0.0000774 seconds, Stopping threads took: 0.0000165 seconds
[2019-12-09T01:57:22.948+0000][1][safepoint    ] Application time: 1.0000741 seconds
[2019-12-09T01:57:22.948+0000][1][safepoint    ] Entering safepoint region: Cleanup
[2019-12-09T01:57:22.948+0000][1][safepoint    ] Leaving safepoint region
[2019-12-09T01:57:22.948+0000][1][safepoint    ] Total time for which application threads were stopped: 0.0000789 seconds, Stopping threads took: 0.0000180 seconds
[2019-12-09T01:57:23.948+0000][1][safepoint    ] Application time: 1.0000742 seconds
[2019-12-09T01:57:23.948+0000][1][safepoint    ] Entering safepoint region: Cleanup
[2019-12-09T01:57:23.949+0000][1][safepoint    ] Leaving safepoint region
[2019-12-09T01:57:23.949+0000][1][safepoint    ] Total time for which application threads were stopped: 0.0000802 seconds, Stopping threads took: 0.0000189 seconds
[2019-12-09T01:57:24.949+0000][1][safepoint    ] Application time: 1.0000763 seconds
[2019-12-09T01:57:24.949+0000][1][safepoint    ] Entering safepoint region: Cleanup
[2019-12-09T01:57:24.949+0000][1][safepoint    ] Leaving safepoint region
[2019-12-09T01:57:24.949+0000][1][safepoint    ] Total time for which application threads were stopped: 0.0001052 seconds, Stopping threads took: 0.0000274 seconds
[2019-12-09T01:57:25.949+0000][1][safepoint    ] Application time: 1.0000733 seconds
[2019-12-09T01:57:25.949+0000][1][safepoint    ] Entering safepoint region: Cleanup
[2019-12-09T01:57:25.949+0000][1][safepoint    ] Leaving safepoint region
[2019-12-09T01:57:25.949+0000][1][safepoint    ] Total time for which application threads were stopped: 0.0000756 seconds, Stopping threads took: 0.0000174 seconds
[2019-12-09T01:57:26.949+0000][1][safepoint    ] Application time: 1.0000761 seconds
[2019-12-09T01:57:26.949+0000][1][safepoint    ] Entering safepoint region: Cleanup
[2019-12-09T01:57:26.949+0000][1][safepoint    ] Leaving safepoint region
[2019-12-09T01:57:26.949+0000][1][safepoint    ] Total time for which application threads were stopped: 0.0000743 seconds, Stopping threads took: 0.0000171 seconds
[2019-12-09T01:57:27.949+0000][1][safepoint    ] Application time: 1.0000755 seconds
[2019-12-09T01:57:27.949+0000][1][safepoint    ] Entering safepoint region: Cleanup
[2019-12-09T01:57:27.949+0000][1][safepoint    ] Leaving safepoint region
[2019-12-09T01:57:27.949+0000][1][safepoint    ] Total time for which application threads were stopped: 0.0000812 seconds, Stopping threads took: 0.0000170 seconds
[2019-12-09T01:57:28.949+0000][1][safepoint    ] Application time: 1.0000759 seconds
[2019-12-09T01:57:28.949+0000][1][safepoint    ] Entering safepoint region: Cleanup
[2019-12-09T01:57:28.950+0000][1][safepoint    ] Leaving safepoint region
[2019-12-09T01:57:28.950+0000][1][safepoint    ] Total time for which application threads were stopped: 0.0000813 seconds, Stopping threads took: 0.0000201 seconds
[2019-12-09T01:57:29.950+0000][1][safepoint    ] Application time: 1.0000763 seconds
[2019-12-09T01:57:29.950+0000][1][safepoint    ] Entering safepoint region: Cleanup
[2019-12-09T01:57:29.950+0000][1][safepoint    ] Leaving safepoint region
[2019-12-09T01:57:29.950+0000][1][safepoint    ] Total time for which application threads were stopped: 0.0000912 seconds, Stopping threads took: 0.0000170 seconds
[2019-12-09T01:57:30.950+0000][1][safepoint    ] Application time: 1.0000799 seconds
[2019-12-09T01:57:30.950+0000][1][safepoint    ] Entering safepoint region: Cleanup
[2019-12-09T01:57:30.950+0000][1][safepoint    ] Leaving safepoint region
[2019-12-09T01:57:30.950+0000][1][safepoint    ] Total time for which application threads were stopped: 0.0000759 seconds, Stopping threads took: 0.0000166 seconds
[2019-12-09T01:57:32.227+0000][1][safepoint    ] Application time: 1.2767002 seconds
[2019-12-09T01:57:32.227+0000][1][safepoint    ] Entering safepoint region: Cleanup
[2019-12-09T01:57:32.227+0000][1][safepoint    ] Leaving safepoint region
[2019-12-09T01:57:32.227+0000][1][safepoint    ] Total time for which application threads were stopped: 0.0001194 seconds, Stopping threads took: 0.0000412 seconds
[2019-12-09T01:57:33.227+0000][1][safepoint    ] Application time: 1.0000821 seconds
[2019-12-09T01:57:33.227+0000][1][safepoint    ] Entering safepoint region: Cleanup
[2019-12-09T01:57:33.227+0000][1][safepoint    ] Leaving safepoint region
[2019-12-09T01:57:33.227+0000][1][safepoint    ] Total time for which application threads were stopped: 0.0000801 seconds, Stopping threads took: 0.0000181 seconds
[2019-12-09T01:57:34.227+0000][1][safepoint    ] Application time: 1.0000825 seconds
[2019-12-09T01:57:34.227+0000][1][safepoint    ] Entering safepoint region: Cleanup
[2019-12-09T01:57:34.227+0000][1][safepoint    ] Leaving safepoint region
[2019-12-09T01:57:34.227+0000][1][safepoint    ] Total time for which application threads were stopped: 0.0001797 seconds, Stopping threads took: 0.0000818 seconds
[2019-12-09T01:57:35.227+0000][1][safepoint    ] Application time: 1.0000891 seconds
[2019-12-09T01:57:35.227+0000][1][safepoint    ] Entering safepoint region: Cleanup
[2019-12-09T01:57:35.228+0000][1][safepoint    ] Leaving safepoint region
[2019-12-09T01:57:35.228+0000][1][safepoint    ] Total time for which application threads were stopped: 0.0000898 seconds, Stopping threads took: 0.0000186 seconds
[2019-12-09T01:57:36.228+0000][1][safepoint    ] Application time: 1.0000928 seconds
[2019-12-09T01:57:36.228+0000][1][safepoint    ] Entering safepoint region: Cleanup
[2019-12-09T01:57:36.228+0000][1][safepoint    ] Leaving safepoint region
[2019-12-09T01:57:36.228+0000][1][safepoint    ] Total time for which application threads were stopped: 0.0001264 seconds, Stopping threads took: 0.0000536 seconds
[2019-12-09T01:57:37.228+0000][1][safepoint    ] Application time: 1.0000848 seconds
[2019-12-09T01:57:37.228+0000][1][safepoint    ] Entering safepoint region: Cleanup
[2019-12-09T01:57:37.228+0000][1][safepoint    ] Leaving safepoint region
[2019-12-09T01:57:37.228+0000][1][safepoint    ] Total time for which application threads were stopped: 0.0001134 seconds, Stopping threads took: 0.0000195 seconds
[2019-12-09T01:57:38.228+0000][1][safepoint    ] Application time: 1.0000901 seconds
[2019-12-09T01:57:38.228+0000][1][safepoint    ] Entering safepoint region: Cleanup
[2019-12-09T01:57:38.228+0000][1][safepoint    ] Leaving safepoint region
[2019-12-09T01:57:38.228+0000][1][safepoint    ] Total time for which application threads were stopped: 0.0001149 seconds, Stopping threads took: 0.0000257 seconds
[2019-12-09T01:57:39.228+0000][1][safepoint    ] Application time: 1.0000773 seconds
[2019-12-09T01:57:39.228+0000][1][safepoint    ] Entering safepoint region: Cleanup
[2019-12-09T01:57:39.229+0000][1][safepoint    ] Leaving safepoint region
[2019-12-09T01:57:39.229+0000][1][safepoint    ] Total time for which application threads were stopped: 0.0000862 seconds, Stopping threads took: 0.0000175 seconds
[2019-12-09T01:57:40.229+0000][1][safepoint    ] Application time: 1.0000763 seconds
[2019-12-09T01:57:40.229+0000][1][safepoint    ] Entering safepoint region: Cleanup
[2019-12-09T01:57:40.229+0000][1][safepoint    ] Leaving safepoint region
[2019-12-09T01:57:40.229+0000][1][safepoint    ] Total time for which application threads were stopped: 0.0000928 seconds, Stopping threads took: 0.0000299 seconds
[2019-12-09T01:57:41.229+0000][1][safepoint    ] Application time: 1.0000742 seconds
[2019-12-09T01:57:41.229+0000][1][safepoint    ] Entering safepoint region: Cleanup
[2019-12-09T01:57:41.229+0000][1][safepoint    ] Leaving safepoint region
[2019-12-09T01:57:41.229+0000][1][safepoint    ] Total time for which application threads were stopped: 0.0000811 seconds, Stopping threads took: 0.0000188 seconds
[2019-12-09T01:57:42.229+0000][1][safepoint    ] Application time: 1.0000769 seconds
[2019-12-09T01:57:42.229+0000][1][safepoint    ] Entering safepoint region: Cleanup
[2019-12-09T01:57:42.229+0000][1][safepoint    ] Leaving safepoint region
[2019-12-09T01:57:42.229+0000][1][safepoint    ] Total time for which application threads were stopped: 0.0000824 seconds, Stopping threads took: 0.0000197 seconds
[2019-12-09T01:57:43.229+0000][1][safepoint    ] Application time: 1.0000757 seconds
[2019-12-09T01:57:43.229+0000][1][safepoint    ] Entering safepoint region: Cleanup
[2019-12-09T01:57:43.229+0000][1][safepoint    ] Leaving safepoint region
[2019-12-09T01:57:43.229+0000][1][safepoint    ] Total time for which application threads were stopped: 0.0000847 seconds, Stopping threads took: 0.0000187 seconds
[2019-12-09T01:57:44.229+0000][1][safepoint    ] Application time: 1.0000774 seconds
[2019-12-09T01:57:44.229+0000][1][safepoint    ] Entering safepoint region: Cleanup
[2019-12-09T01:57:44.230+0000][1][safepoint    ] Leaving safepoint region
[2019-12-09T01:57:44.230+0000][1][safepoint    ] Total time for which application threads were stopped: 0.0000829 seconds, Stopping threads took: 0.0000192 seconds
[2019-12-09T01:57:45.230+0000][1][safepoint    ] Application time: 1.0000885 seconds
[2019-12-09T01:57:45.230+0000][1][safepoint    ] Entering safepoint region: Cleanup
[2019-12-09T01:57:45.230+0000][1][safepoint    ] Leaving safepoint region
[2019-12-09T01:57:45.230+0000][1][safepoint    ] Total time for which application threads were stopped: 0.0001211 seconds, Stopping threads took: 0.0000237 seconds
[2019-12-09T01:57:46.230+0000][1][safepoint    ] Application time: 1.0000781 seconds
[2019-12-09T01:57:46.230+0000][1][safepoint    ] Entering safepoint region: Cleanup
[2019-12-09T01:57:46.230+0000][1][safepoint    ] Leaving safepoint region
[2019-12-09T01:57:46.230+0000][1][safepoint    ] Total time for which application threads were stopped: 0.0000794 seconds, Stopping threads took: 0.0000182 seconds
[2019-12-09T01:57:47.230+0000][1][safepoint    ] Application time: 1.0000779 seconds
[2019-12-09T01:57:47.230+0000][1][safepoint    ] Entering safepoint region: Cleanup
[2019-12-09T01:57:47.230+0000][1][safepoint    ] Leaving safepoint region
[2019-12-09T01:57:47.230+0000][1][safepoint    ] Total time for which application threads were stopped: 0.0000806 seconds, Stopping threads took: 0.0000190 seconds
[2019-12-09T01:57:48.230+0000][1][safepoint    ] Application time: 1.0000766 seconds
[2019-12-09T01:57:48.230+0000][1][safepoint    ] Entering safepoint region: Cleanup
[2019-12-09T01:57:48.230+0000][1][safepoint    ] Leaving safepoint region
[2019-12-09T01:57:48.230+0000][1][safepoint    ] Total time for which application threads were stopped: 0.0000815 seconds, Stopping threads took: 0.0000194 seconds
[2019-12-09T01:57:49.231+0000][1][safepoint    ] Application time: 1.0000799 seconds
[2019-12-09T01:57:49.231+0000][1][safepoint    ] Entering safepoint region: Cleanup
[2019-12-09T01:57:49.231+0000][1][safepoint    ] Leaving safepoint region
[2019-12-09T01:57:49.231+0000][1][safepoint    ] Total time for which application threads were stopped: 0.0000872 seconds, Stopping threads took: 0.0000199 seconds
[2019-12-09T01:57:50.231+0000][1][safepoint    ] Application time: 1.0000798 seconds
[2019-12-09T01:57:50.231+0000][1][safepoint    ] Entering safepoint region: Cleanup
[2019-12-09T01:57:50.231+0000][1][safepoint    ] Leaving safepoint region
[2019-12-09T01:57:50.231+0000][1][safepoint    ] Total time for which application threads were stopped: 0.0000871 seconds, Stopping threads took: 0.0000196 seconds
[2019-12-09T01:57:51.231+0000][1][safepoint    ] Application time: 1.0000779 seconds
[2019-12-09T01:57:51.231+0000][1][safepoint    ] Entering safepoint region: Cleanup
[2019-12-09T01:57:51.231+0000][1][safepoint    ] Leaving safepoint region
[2019-12-09T01:57:51.231+0000][1][safepoint    ] Total time for which application threads were stopped: 0.0000825 seconds, Stopping threads took: 0.0000202 seconds
[2019-12-09T01:57:52.231+0000][1][safepoint    ] Application time: 1.0000747 seconds
[2019-12-09T01:57:52.231+0000][1][safepoint    ] Entering safepoint region: Cleanup
[2019-12-09T01:57:52.231+0000][1][safepoint    ] Leaving safepoint region
[2019-12-09T01:57:52.231+0000][1][safepoint    ] Total time for which application threads were stopped: 0.0000832 seconds, Stopping threads took: 0.0000196 seconds
[2019-12-09T01:57:53.231+0000][1][safepoint    ] Application time: 1.0000791 seconds
[2019-12-09T01:57:53.231+0000][1][safepoint    ] Entering safepoint region: Cleanup
[2019-12-09T01:57:53.231+0000][1][safepoint    ] Leaving safepoint region
[2019-12-09T01:57:53.231+0000][1][safepoint    ] Total time for which application threads were stopped: 0.0000806 seconds, Stopping threads took: 0.0000202 seconds
[2019-12-09T01:57:54.232+0000][1][safepoint    ] Application time: 1.0001046 seconds
[2019-12-09T01:57:54.232+0000][1][safepoint    ] Entering safepoint region: Cleanup
[2019-12-09T01:57:54.232+0000][1][safepoint    ] Leaving safepoint region
[2019-12-09T01:57:54.232+0000][1][safepoint    ] Total time for which application threads were stopped: 0.0001322 seconds, Stopping threads took: 0.0000251 seconds
[2019-12-09T01:57:55.232+0000][1][safepoint    ] Application time: 1.0000746 seconds
[2019-12-09T01:57:55.232+0000][1][safepoint    ] Entering safepoint region: Cleanup
[2019-12-09T01:57:55.232+0000][1][safepoint    ] Leaving safepoint region
[2019-12-09T01:57:55.232+0000][1][safepoint    ] Total time for which application threads were stopped: 0.0000895 seconds, Stopping threads took: 0.0000259 seconds
[2019-12-09T01:57:56.232+0000][1][safepoint    ] Application time: 1.0000756 seconds
[2019-12-09T01:57:56.232+0000][1][safepoint    ] Entering safepoint region: Cleanup
[2019-12-09T01:57:56.232+0000][1][safepoint    ] Leaving safepoint region
[2019-12-09T01:57:56.232+0000][1][safepoint    ] Total time for which application threads were stopped: 0.0000790 seconds, Stopping threads took: 0.0000183 seconds
[2019-12-09T01:57:56.244+0000][1][safepoint    ] Application time: 0.0116704 seconds
[2019-12-09T01:57:56.244+0000][1][safepoint    ] Entering safepoint region: GenCollectForAllocation
[2019-12-09T01:57:56.244+0000][1][gc,start     ] GC(23) Pause Young (Allocation Failure)
[2019-12-09T01:57:56.244+0000][1][gc,task      ] GC(23) Using 2 workers of 2 for evacuation
[2019-12-09T01:57:56.253+0000][1][gc,age       ] GC(23) Desired survivor size 4456448 bytes, new threshold 6 (max threshold 6)
[2019-12-09T01:57:56.253+0000][1][gc,age       ] GC(23) Age table with threshold 6 (max threshold 6)
[2019-12-09T01:57:56.253+0000][1][gc,age       ] GC(23) - age   1:      18952 bytes,      18952 total
[2019-12-09T01:57:56.253+0000][1][gc,age       ] GC(23) - age   2:    1025728 bytes,    1044680 total
[2019-12-09T01:57:56.253+0000][1][gc,age       ] GC(23) - age   3:    2492824 bytes,    3537504 total
[2019-12-09T01:57:56.253+0000][1][gc,heap      ] GC(23) ParNew: 75219K->5852K(78656K)
[2019-12-09T01:57:56.253+0000][1][gc,heap      ] GC(23) CMS: 66374K->66374K(174784K)
[2019-12-09T01:57:56.253+0000][1][gc,metaspace ] GC(23) Metaspace: 68851K->68851K(1112064K)
[2019-12-09T01:57:56.253+0000][1][gc           ] GC(23) Pause Young (Allocation Failure) 138M->70M(247M) 9.421ms
[2019-12-09T01:57:56.253+0000][1][gc,cpu       ] GC(23) User=0.02s Sys=0.00s Real=0.01s
[2019-12-09T01:57:56.253+0000][1][safepoint    ] Leaving safepoint region
[2019-12-09T01:57:56.253+0000][1][safepoint    ] Total time for which application threads were stopped: 0.0095664 seconds, Stopping threads took: 0.0000184 seconds
[2019-12-09T01:57:57.254+0000][1][safepoint    ] Application time: 1.0000851 seconds
[2019-12-09T01:57:57.254+0000][1][safepoint    ] Entering safepoint region: Cleanup
[2019-12-09T01:57:57.254+0000][1][safepoint    ] Leaving safepoint region
[2019-12-09T01:57:57.254+0000][1][safepoint    ] Total time for which application threads were stopped: 0.0000779 seconds, Stopping threads took: 0.0000181 seconds
[2019-12-09T01:57:58.254+0000][1][safepoint    ] Application time: 1.0000818 seconds
[2019-12-09T01:57:58.254+0000][1][safepoint    ] Entering safepoint region: Cleanup
[2019-12-09T01:57:58.254+0000][1][safepoint    ] Leaving safepoint region
[2019-12-09T01:57:58.254+0000][1][safepoint    ] Total time for which application threads were stopped: 0.0000765 seconds, Stopping threads took: 0.0000161 seconds
[2019-12-09T01:57:59.254+0000][1][safepoint    ] Application time: 1.0000755 seconds
[2019-12-09T01:57:59.254+0000][1][safepoint    ] Entering safepoint region: Cleanup
[2019-12-09T01:57:59.254+0000][1][safepoint    ] Leaving safepoint region
[2019-12-09T01:57:59.254+0000][1][safepoint    ] Total time for which application threads were stopped: 0.0000793 seconds, Stopping threads took: 0.0000191 seconds
[2019-12-09T01:58:00.289+0000][1][safepoint    ] Application time: 1.0345473 seconds
[2019-12-09T01:58:00.289+0000][1][safepoint    ] Entering safepoint region: Cleanup
[2019-12-09T01:58:00.289+0000][1][safepoint    ] Leaving safepoint region
[2019-12-09T01:58:00.289+0000][1][safepoint    ] Total time for which application threads were stopped: 0.0000949 seconds, Stopping threads took: 0.0000153 seconds
[2019-12-09T01:58:01.289+0000][1][safepoint    ] Application time: 1.0000788 seconds
[2019-12-09T01:58:01.289+0000][1][safepoint    ] Entering safepoint region: Cleanup
[2019-12-09T01:58:01.289+0000][1][safepoint    ] Leaving safepoint region
[2019-12-09T01:58:01.289+0000][1][safepoint    ] Total time for which application threads were stopped: 0.0000877 seconds, Stopping threads took: 0.0000214 seconds
[2019-12-09T01:58:02.289+0000][1][safepoint    ] Application time: 1.0000812 seconds
[2019-12-09T01:58:02.289+0000][1][safepoint    ] Entering safepoint region: Cleanup
[2019-12-09T01:58:02.289+0000][1][safepoint    ] Leaving safepoint region
[2019-12-09T01:58:02.289+0000][1][safepoint    ] Total time for which application threads were stopped: 0.0000701 seconds, Stopping threads took: 0.0000144 seconds
[2019-12-09T01:58:03.289+0000][1][safepoint    ] Application time: 1.0000767 seconds
[2019-12-09T01:58:03.289+0000][1][safepoint    ] Entering safepoint region: Cleanup
[2019-12-09T01:58:03.289+0000][1][safepoint    ] Leaving safepoint region
[2019-12-09T01:58:03.289+0000][1][safepoint    ] Total time for which application threads were stopped: 0.0000746 seconds, Stopping threads took: 0.0000142 seconds
[2019-12-09T01:58:04.289+0000][1][safepoint    ] Application time: 1.0000758 seconds
[2019-12-09T01:58:04.289+0000][1][safepoint    ] Entering safepoint region: Cleanup
[2019-12-09T01:58:04.290+0000][1][safepoint    ] Leaving safepoint region
[2019-12-09T01:58:04.290+0000][1][safepoint    ] Total time for which application threads were stopped: 0.0000778 seconds, Stopping threads took: 0.0000147 seconds
[2019-12-09T01:58:05.290+0000][1][safepoint    ] Application time: 1.0000875 seconds
[2019-12-09T01:58:05.290+0000][1][safepoint    ] Entering safepoint region: Cleanup
[2019-12-09T01:58:05.290+0000][1][safepoint    ] Leaving safepoint region
[2019-12-09T01:58:05.290+0000][1][safepoint    ] Total time for which application threads were stopped: 0.0000834 seconds, Stopping threads took: 0.0000261 seconds
[2019-12-09T01:58:06.290+0000][1][safepoint    ] Application time: 1.0000775 seconds
[2019-12-09T01:58:06.290+0000][1][safepoint    ] Entering safepoint region: Cleanup
[2019-12-09T01:58:06.290+0000][1][safepoint    ] Leaving safepoint region
[2019-12-09T01:58:06.290+0000][1][safepoint    ] Total time for which application threads were stopped: 0.0000737 seconds, Stopping threads took: 0.0000142 seconds
[2019-12-09T01:58:07.290+0000][1][safepoint    ] Application time: 1.0000759 seconds
[2019-12-09T01:58:07.290+0000][1][safepoint    ] Entering safepoint region: Cleanup
[2019-12-09T01:58:07.290+0000][1][safepoint    ] Leaving safepoint region
[2019-12-09T01:58:07.290+0000][1][safepoint    ] Total time for which application threads were stopped: 0.0000825 seconds, Stopping threads took: 0.0000250 seconds
[2019-12-09T01:58:08.290+0000][1][safepoint    ] Application time: 1.0000760 seconds
[2019-12-09T01:58:08.290+0000][1][safepoint    ] Entering safepoint region: Cleanup
[2019-12-09T01:58:08.290+0000][1][safepoint    ] Leaving safepoint region
[2019-12-09T01:58:08.290+0000][1][safepoint    ] Total time for which application threads were stopped: 0.0000868 seconds, Stopping threads took: 0.0000153 seconds
[2019-12-09T01:58:09.290+0000][1][safepoint    ] Application time: 1.0000753 seconds
[2019-12-09T01:58:09.290+0000][1][safepoint    ] Entering safepoint region: Cleanup
[2019-12-09T01:58:09.291+0000][1][safepoint    ] Leaving safepoint region
[2019-12-09T01:58:09.291+0000][1][safepoint    ] Total time for which application threads were stopped: 0.0000779 seconds, Stopping threads took: 0.0000169 seconds
[2019-12-09T01:58:10.291+0000][1][safepoint    ] Application time: 1.0000769 seconds
[2019-12-09T01:58:10.291+0000][1][safepoint    ] Entering safepoint region: Cleanup
[2019-12-09T01:58:10.291+0000][1][safepoint    ] Leaving safepoint region
[2019-12-09T01:58:10.291+0000][1][safepoint    ] Total time for which application threads were stopped: 0.0000873 seconds, Stopping threads took: 0.0000285 seconds
[2019-12-09T01:58:11.291+0000][1][safepoint    ] Application time: 1.0000830 seconds
[2019-12-09T01:58:11.291+0000][1][safepoint    ] Entering safepoint region: Cleanup
[2019-12-09T01:58:11.291+0000][1][safepoint    ] Leaving safepoint region
[2019-12-09T01:58:11.291+0000][1][safepoint    ] Total time for which application threads were stopped: 0.0000802 seconds, Stopping threads took: 0.0000161 seconds
[2019-12-09T01:58:12.291+0000][1][safepoint    ] Application time: 1.0000779 seconds
[2019-12-09T01:58:12.291+0000][1][safepoint    ] Entering safepoint region: Cleanup
[2019-12-09T01:58:12.291+0000][1][safepoint    ] Leaving safepoint region
[2019-12-09T01:58:12.291+0000][1][safepoint    ] Total time for which application threads were stopped: 0.0000794 seconds, Stopping threads took: 0.0000170 seconds
[2019-12-09T01:58:13.291+0000][1][safepoint    ] Application time: 1.0000768 seconds
[2019-12-09T01:58:13.291+0000][1][safepoint    ] Entering safepoint region: Cleanup
[2019-12-09T01:58:13.291+0000][1][safepoint    ] Leaving safepoint region
[2019-12-09T01:58:13.291+0000][1][safepoint    ] Total time for which application threads were stopped: 0.0000762 seconds, Stopping threads took: 0.0000145 seconds
[2019-12-09T01:58:14.291+0000][1][safepoint    ] Application time: 1.0000860 seconds
[2019-12-09T01:58:14.292+0000][1][safepoint    ] Entering safepoint region: Cleanup
[2019-12-09T01:58:14.292+0000][1][safepoint    ] Leaving safepoint region
[2019-12-09T01:58:14.292+0000][1][safepoint    ] Total time for which application threads were stopped: 0.0001112 seconds, Stopping threads took: 0.0000214 seconds
[2019-12-09T01:58:15.292+0000][1][safepoint    ] Application time: 1.0000786 seconds
[2019-12-09T01:58:15.292+0000][1][safepoint    ] Entering safepoint region: Cleanup
[2019-12-09T01:58:15.292+0000][1][safepoint    ] Leaving safepoint region
[2019-12-09T01:58:15.292+0000][1][safepoint    ] Total time for which application threads were stopped: 0.0000807 seconds, Stopping threads took: 0.0000145 seconds
[2019-12-09T01:58:16.292+0000][1][safepoint    ] Application time: 1.0000784 seconds
[2019-12-09T01:58:16.292+0000][1][safepoint    ] Entering safepoint region: Cleanup
[2019-12-09T01:58:16.292+0000][1][safepoint    ] Leaving safepoint region
[2019-12-09T01:58:16.292+0000][1][safepoint    ] Total time for which application threads were stopped: 0.0000809 seconds, Stopping threads took: 0.0000170 seconds
[2019-12-09T01:58:17.292+0000][1][safepoint    ] Application time: 1.0000781 seconds
[2019-12-09T01:58:17.292+0000][1][safepoint    ] Entering safepoint region: Cleanup
[2019-12-09T01:58:17.292+0000][1][safepoint    ] Leaving safepoint region
[2019-12-09T01:58:17.292+0000][1][safepoint    ] Total time for which application threads were stopped: 0.0000791 seconds, Stopping threads took: 0.0000146 seconds
[2019-12-09T01:58:18.292+0000][1][safepoint    ] Application time: 1.0000796 seconds
[2019-12-09T01:58:18.292+0000][1][safepoint    ] Entering safepoint region: Cleanup
[2019-12-09T01:58:18.292+0000][1][safepoint    ] Leaving safepoint region
[2019-12-09T01:58:18.292+0000][1][safepoint    ] Total time for which application threads were stopped: 0.0000745 seconds, Stopping threads took: 0.0000158 seconds
[2019-12-09T01:58:19.292+0000][1][safepoint    ] Application time: 1.0000783 seconds
[2019-12-09T01:58:19.293+0000][1][safepoint    ] Entering safepoint region: Cleanup
[2019-12-09T01:58:19.293+0000][1][safepoint    ] Leaving safepoint region
[2019-12-09T01:58:19.293+0000][1][safepoint    ] Total time for which application threads were stopped: 0.0000803 seconds, Stopping threads took: 0.0000178 seconds
[2019-12-09T01:58:20.293+0000][1][safepoint    ] Application time: 1.0000894 seconds
[2019-12-09T01:58:20.293+0000][1][safepoint    ] Entering safepoint region: Cleanup
[2019-12-09T01:58:20.293+0000][1][safepoint    ] Leaving safepoint region
[2019-12-09T01:58:20.293+0000][1][safepoint    ] Total time for which application threads were stopped: 0.0000781 seconds, Stopping threads took: 0.0000163 seconds
[2019-12-09T01:58:21.293+0000][1][safepoint    ] Application time: 1.0000791 seconds
[2019-12-09T01:58:21.293+0000][1][safepoint    ] Entering safepoint region: Cleanup
[2019-12-09T01:58:21.293+0000][1][safepoint    ] Leaving safepoint region
[2019-12-09T01:58:21.293+0000][1][safepoint    ] Total time for which application threads were stopped: 0.0000732 seconds, Stopping threads took: 0.0000144 seconds
[2019-12-09T01:58:22.293+0000][1][safepoint    ] Application time: 1.0000842 seconds
[2019-12-09T01:58:22.293+0000][1][safepoint    ] Entering safepoint region: Cleanup
[2019-12-09T01:58:22.293+0000][1][safepoint    ] Leaving safepoint region
[2019-12-09T01:58:22.293+0000][1][safepoint    ] Total time for which application threads were stopped: 0.0000806 seconds, Stopping threads took: 0.0000186 seconds
[2019-12-09T01:58:23.293+0000][1][safepoint    ] Application time: 1.0000825 seconds
[2019-12-09T01:58:23.293+0000][1][safepoint    ] Entering safepoint region: Cleanup
[2019-12-09T01:58:23.293+0000][1][safepoint    ] Leaving safepoint region
[2019-12-09T01:58:23.293+0000][1][safepoint    ] Total time for which application threads were stopped: 0.0001068 seconds, Stopping threads took: 0.0000470 seconds
[2019-12-09T01:58:24.294+0000][1][safepoint    ] Application time: 1.0000872 seconds
[2019-12-09T01:58:24.294+0000][1][safepoint    ] Entering safepoint region: Cleanup
[2019-12-09T01:58:24.294+0000][1][safepoint    ] Leaving safepoint region
[2019-12-09T01:58:24.294+0000][1][safepoint    ] Total time for which application threads were stopped: 0.0001064 seconds, Stopping threads took: 0.0000229 seconds
[2019-12-09T01:58:25.294+0000][1][safepoint    ] Application time: 1.0000898 seconds
[2019-12-09T01:58:25.294+0000][1][safepoint    ] Entering safepoint region: Cleanup
[2019-12-09T01:58:25.294+0000][1][safepoint    ] Leaving safepoint region
[2019-12-09T01:58:25.294+0000][1][safepoint    ] Total time for which application threads were stopped: 0.0000975 seconds, Stopping threads took: 0.0000299 seconds
[2019-12-09T01:58:26.294+0000][1][safepoint    ] Application time: 1.0000897 seconds
[2019-12-09T01:58:26.294+0000][1][safepoint    ] Entering safepoint region: Cleanup
[2019-12-09T01:58:26.294+0000][1][safepoint    ] Leaving safepoint region
[2019-12-09T01:58:26.294+0000][1][safepoint    ] Total time for which application threads were stopped: 0.0001315 seconds, Stopping threads took: 0.0000630 seconds
[2019-12-09T01:58:27.294+0000][1][safepoint    ] Application time: 1.0000857 seconds
[2019-12-09T01:58:27.294+0000][1][safepoint    ] Entering safepoint region: Cleanup
[2019-12-09T01:58:27.294+0000][1][safepoint    ] Leaving safepoint region
[2019-12-09T01:58:27.294+0000][1][safepoint    ] Total time for which application threads were stopped: 0.0001121 seconds, Stopping threads took: 0.0000515 seconds
[2019-12-09T01:58:28.295+0000][1][safepoint    ] Application time: 1.0000782 seconds
[2019-12-09T01:58:28.295+0000][1][safepoint    ] Entering safepoint region: Cleanup
[2019-12-09T01:58:28.295+0000][1][safepoint    ] Leaving safepoint region
[2019-12-09T01:58:28.295+0000][1][safepoint    ] Total time for which application threads were stopped: 0.0000720 seconds, Stopping threads took: 0.0000166 seconds
[2019-12-09T01:58:29.295+0000][1][safepoint    ] Application time: 1.0000823 seconds
[2019-12-09T01:58:29.295+0000][1][safepoint    ] Entering safepoint region: Cleanup
[2019-12-09T01:58:29.295+0000][1][safepoint    ] Leaving safepoint region
[2019-12-09T01:58:29.295+0000][1][safepoint    ] Total time for which application threads were stopped: 0.0001044 seconds, Stopping threads took: 0.0000234 seconds
[2019-12-09T01:58:30.295+0000][1][safepoint    ] Application time: 1.0000757 seconds
[2019-12-09T01:58:30.295+0000][1][safepoint    ] Entering safepoint region: Cleanup
[2019-12-09T01:58:30.295+0000][1][safepoint    ] Leaving safepoint region
[2019-12-09T01:58:30.295+0000][1][safepoint    ] Total time for which application threads were stopped: 0.0000754 seconds, Stopping threads took: 0.0000179 seconds
[2019-12-09T01:58:31.295+0000][1][safepoint    ] Application time: 1.0000752 seconds
[2019-12-09T01:58:31.295+0000][1][safepoint    ] Entering safepoint region: Cleanup
[2019-12-09T01:58:31.295+0000][1][safepoint    ] Leaving safepoint region
[2019-12-09T01:58:31.295+0000][1][safepoint    ] Total time for which application threads were stopped: 0.0000819 seconds, Stopping threads took: 0.0000181 seconds
[2019-12-09T01:58:32.295+0000][1][safepoint    ] Application time: 1.0000752 seconds
[2019-12-09T01:58:32.295+0000][1][safepoint    ] Entering safepoint region: Cleanup
[2019-12-09T01:58:32.295+0000][1][safepoint    ] Leaving safepoint region
[2019-12-09T01:58:32.295+0000][1][safepoint    ] Total time for which application threads were stopped: 0.0000793 seconds, Stopping threads took: 0.0000186 seconds
[2019-12-09T01:58:33.296+0000][1][safepoint    ] Application time: 1.0000764 seconds
[2019-12-09T01:58:33.296+0000][1][safepoint    ] Entering safepoint region: Cleanup
[2019-12-09T01:58:33.296+0000][1][safepoint    ] Leaving safepoint region
[2019-12-09T01:58:33.296+0000][1][safepoint    ] Total time for which application threads were stopped: 0.0000771 seconds, Stopping threads took: 0.0000183 seconds
[2019-12-09T01:58:34.296+0000][1][safepoint    ] Application time: 1.0001275 seconds
[2019-12-09T01:58:34.296+0000][1][safepoint    ] Entering safepoint region: Cleanup
[2019-12-09T01:58:34.296+0000][1][safepoint    ] Leaving safepoint region
[2019-12-09T01:58:34.296+0000][1][safepoint    ] Total time for which application threads were stopped: 0.0001069 seconds, Stopping threads took: 0.0000237 seconds
[2019-12-09T01:58:35.296+0000][1][safepoint    ] Application time: 1.0000806 seconds
[2019-12-09T01:58:35.296+0000][1][safepoint    ] Entering safepoint region: Cleanup
[2019-12-09T01:58:35.296+0000][1][safepoint    ] Leaving safepoint region
[2019-12-09T01:58:35.296+0000][1][safepoint    ] Total time for which application threads were stopped: 0.0000786 seconds, Stopping threads took: 0.0000186 seconds
[2019-12-09T01:58:36.296+0000][1][safepoint    ] Application time: 1.0000775 seconds
[2019-12-09T01:58:36.296+0000][1][safepoint    ] Entering safepoint region: Cleanup
[2019-12-09T01:58:36.296+0000][1][safepoint    ] Leaving safepoint region
[2019-12-09T01:58:36.296+0000][1][safepoint    ] Total time for which application threads were stopped: 0.0000783 seconds, Stopping threads took: 0.0000187 seconds
[2019-12-09T01:58:37.296+0000][1][safepoint    ] Application time: 1.0000763 seconds
[2019-12-09T01:58:37.296+0000][1][safepoint    ] Entering safepoint region: Cleanup
[2019-12-09T01:58:37.296+0000][1][safepoint    ] Leaving safepoint region
[2019-12-09T01:58:37.296+0000][1][safepoint    ] Total time for which application threads were stopped: 0.0000755 seconds, Stopping threads took: 0.0000177 seconds
[2019-12-09T01:58:38.297+0000][1][safepoint    ] Application time: 1.0000756 seconds
[2019-12-09T01:58:38.297+0000][1][safepoint    ] Entering safepoint region: Cleanup
[2019-12-09T01:58:38.297+0000][1][safepoint    ] Leaving safepoint region
[2019-12-09T01:58:38.297+0000][1][safepoint    ] Total time for which application threads were stopped: 0.0000758 seconds, Stopping threads took: 0.0000176 seconds
[2019-12-09T01:58:39.299+0000][1][safepoint    ] Application time: 1.0020204 seconds
[2019-12-09T01:58:39.301+0000][1][safepoint    ] Entering safepoint region: Cleanup
[2019-12-09T01:58:39.301+0000][1][safepoint    ] Leaving safepoint region
[2019-12-09T01:58:39.301+0000][1][safepoint    ] Total time for which application threads were stopped: 0.0018842 seconds, Stopping threads took: 0.0017870 seconds
[2019-12-09T01:58:40.301+0000][1][safepoint    ] Application time: 1.0000845 seconds
[2019-12-09T01:58:40.301+0000][1][safepoint    ] Entering safepoint region: Cleanup
[2019-12-09T01:58:40.301+0000][1][safepoint    ] Leaving safepoint region
[2019-12-09T01:58:40.301+0000][1][safepoint    ] Total time for which application threads were stopped: 0.0000805 seconds, Stopping threads took: 0.0000175 seconds
[2019-12-09T01:58:41.301+0000][1][safepoint    ] Application time: 1.0000759 seconds
[2019-12-09T01:58:41.301+0000][1][safepoint    ] Entering safepoint region: Cleanup
[2019-12-09T01:58:41.301+0000][1][safepoint    ] Leaving safepoint region
[2019-12-09T01:58:41.301+0000][1][safepoint    ] Total time for which application threads were stopped: 0.0000819 seconds, Stopping threads took: 0.0000233 seconds
[2019-12-09T01:58:42.301+0000][1][safepoint    ] Application time: 1.0000752 seconds
[2019-12-09T01:58:42.301+0000][1][safepoint    ] Entering safepoint region: Cleanup
[2019-12-09T01:58:42.301+0000][1][safepoint    ] Leaving safepoint region
[2019-12-09T01:58:42.301+0000][1][safepoint    ] Total time for which application threads were stopped: 0.0000764 seconds, Stopping threads took: 0.0000181 seconds
[2019-12-09T01:58:43.301+0000][1][safepoint    ] Application time: 1.0000767 seconds
[2019-12-09T01:58:43.301+0000][1][safepoint    ] Entering safepoint region: Cleanup
[2019-12-09T01:58:43.301+0000][1][safepoint    ] Leaving safepoint region
[2019-12-09T01:58:43.301+0000][1][safepoint    ] Total time for which application threads were stopped: 0.0000743 seconds, Stopping threads took: 0.0000171 seconds
[2019-12-09T01:58:44.302+0000][1][safepoint    ] Application time: 1.0000758 seconds
[2019-12-09T01:58:44.302+0000][1][safepoint    ] Entering safepoint region: Cleanup
[2019-12-09T01:58:44.302+0000][1][safepoint    ] Leaving safepoint region
[2019-12-09T01:58:44.302+0000][1][safepoint    ] Total time for which application threads were stopped: 0.0000777 seconds, Stopping threads took: 0.0000188 seconds
[2019-12-09T01:58:45.302+0000][1][safepoint    ] Application time: 1.0000853 seconds
[2019-12-09T01:58:45.302+0000][1][safepoint    ] Entering safepoint region: Cleanup
[2019-12-09T01:58:45.302+0000][1][safepoint    ] Leaving safepoint region
[2019-12-09T01:58:45.302+0000][1][safepoint    ] Total time for which application threads were stopped: 0.0000773 seconds, Stopping threads took: 0.0000181 seconds
[2019-12-09T01:58:46.302+0000][1][safepoint    ] Application time: 1.0000789 seconds
[2019-12-09T01:58:46.302+0000][1][safepoint    ] Entering safepoint region: Cleanup
[2019-12-09T01:58:46.302+0000][1][safepoint    ] Leaving safepoint region
[2019-12-09T01:58:46.302+0000][1][safepoint    ] Total time for which application threads were stopped: 0.0000780 seconds, Stopping threads took: 0.0000159 seconds
[2019-12-09T01:58:47.302+0000][1][safepoint    ] Application time: 1.0000739 seconds
[2019-12-09T01:58:47.302+0000][1][safepoint    ] Entering safepoint region: Cleanup
[2019-12-09T01:58:47.302+0000][1][safepoint    ] Leaving safepoint region
[2019-12-09T01:58:47.302+0000][1][safepoint    ] Total time for which application threads were stopped: 0.0000737 seconds, Stopping threads took: 0.0000167 seconds
[2019-12-09T01:58:48.302+0000][1][safepoint    ] Application time: 1.0000721 seconds
[2019-12-09T01:58:48.302+0000][1][safepoint    ] Entering safepoint region: Cleanup
[2019-12-09T01:58:48.302+0000][1][safepoint    ] Leaving safepoint region
[2019-12-09T01:58:48.302+0000][1][safepoint    ] Total time for which application threads were stopped: 0.0000761 seconds, Stopping threads took: 0.0000170 seconds
[2019-12-09T01:58:49.302+0000][1][safepoint    ] Application time: 1.0000774 seconds
[2019-12-09T01:58:49.302+0000][1][safepoint    ] Entering safepoint region: Cleanup
[2019-12-09T01:58:49.303+0000][1][safepoint    ] Leaving safepoint region
[2019-12-09T01:58:49.303+0000][1][safepoint    ] Total time for which application threads were stopped: 0.0000801 seconds, Stopping threads took: 0.0000166 seconds
[2019-12-09T01:58:50.303+0000][1][safepoint    ] Application time: 1.0000771 seconds
[2019-12-09T01:58:50.303+0000][1][safepoint    ] Entering safepoint region: Cleanup
[2019-12-09T01:58:50.303+0000][1][safepoint    ] Leaving safepoint region
[2019-12-09T01:58:50.303+0000][1][safepoint    ] Total time for which application threads were stopped: 0.0000873 seconds, Stopping threads took: 0.0000276 seconds
[2019-12-09T01:58:51.303+0000][1][safepoint    ] Application time: 1.0000779 seconds
[2019-12-09T01:58:51.303+0000][1][safepoint    ] Entering safepoint region: Cleanup
[2019-12-09T01:58:51.303+0000][1][safepoint    ] Leaving safepoint region
[2019-12-09T01:58:51.303+0000][1][safepoint    ] Total time for which application threads were stopped: 0.0000826 seconds, Stopping threads took: 0.0000221 seconds
[2019-12-09T01:58:52.303+0000][1][safepoint    ] Application time: 1.0000751 seconds
[2019-12-09T01:58:52.303+0000][1][safepoint    ] Entering safepoint region: Cleanup
[2019-12-09T01:58:52.303+0000][1][safepoint    ] Leaving safepoint region
[2019-12-09T01:58:52.303+0000][1][safepoint    ] Total time for which application threads were stopped: 0.0000837 seconds, Stopping threads took: 0.0000166 seconds
[2019-12-09T01:58:53.303+0000][1][safepoint    ] Application time: 1.0000836 seconds
[2019-12-09T01:58:53.303+0000][1][safepoint    ] Entering safepoint region: Cleanup
[2019-12-09T01:58:53.303+0000][1][safepoint    ] Leaving safepoint region
[2019-12-09T01:58:53.303+0000][1][safepoint    ] Total time for which application threads were stopped: 0.0001020 seconds, Stopping threads took: 0.0000225 seconds
[2019-12-09T01:58:54.303+0000][1][safepoint    ] Application time: 1.0000744 seconds
[2019-12-09T01:58:54.303+0000][1][safepoint    ] Entering safepoint region: Cleanup
[2019-12-09T01:58:54.304+0000][1][safepoint    ] Leaving safepoint region
[2019-12-09T01:58:54.304+0000][1][safepoint    ] Total time for which application threads were stopped: 0.0000779 seconds, Stopping threads took: 0.0000187 seconds
[2019-12-09T01:58:55.305+0000][1][safepoint    ] Application time: 1.0014828 seconds
[2019-12-09T01:58:55.305+0000][1][safepoint    ] Entering safepoint region: Cleanup
[2019-12-09T01:58:55.306+0000][1][safepoint    ] Leaving safepoint region
[2019-12-09T01:58:55.306+0000][1][safepoint    ] Total time for which application threads were stopped: 0.0004607 seconds, Stopping threads took: 0.0001263 seconds
[2019-12-09T01:58:56.306+0000][1][safepoint    ] Application time: 1.0001789 seconds
[2019-12-09T01:58:56.306+0000][1][safepoint    ] Entering safepoint region: Cleanup
[2019-12-09T01:58:56.306+0000][1][safepoint    ] Leaving safepoint region
[2019-12-09T01:58:56.306+0000][1][safepoint    ] Total time for which application threads were stopped: 0.0001076 seconds, Stopping threads took: 0.0000225 seconds
[2019-12-09T01:58:57.306+0000][1][safepoint    ] Application time: 1.0000737 seconds
[2019-12-09T01:58:57.306+0000][1][safepoint    ] Entering safepoint region: Cleanup
[2019-12-09T01:58:57.306+0000][1][safepoint    ] Leaving safepoint region
[2019-12-09T01:58:57.306+0000][1][safepoint    ] Total time for which application threads were stopped: 0.0000733 seconds, Stopping threads took: 0.0000166 seconds
[2019-12-09T01:58:58.306+0000][1][safepoint    ] Application time: 1.0000839 seconds
[2019-12-09T01:58:58.306+0000][1][safepoint    ] Entering safepoint region: Cleanup
[2019-12-09T01:58:58.306+0000][1][safepoint    ] Leaving safepoint region
[2019-12-09T01:58:58.306+0000][1][safepoint    ] Total time for which application threads were stopped: 0.0000794 seconds, Stopping threads took: 0.0000182 seconds
[2019-12-09T01:58:59.306+0000][1][safepoint    ] Application time: 1.0000867 seconds
[2019-12-09T01:58:59.307+0000][1][safepoint    ] Entering safepoint region: Cleanup
[2019-12-09T01:58:59.307+0000][1][safepoint    ] Leaving safepoint region
[2019-12-09T01:58:59.307+0000][1][safepoint    ] Total time for which application threads were stopped: 0.0001310 seconds, Stopping threads took: 0.0000496 seconds
[2019-12-09T01:59:00.307+0000][1][safepoint    ] Application time: 1.0000817 seconds
[2019-12-09T01:59:00.307+0000][1][safepoint    ] Entering safepoint region: Cleanup
[2019-12-09T01:59:00.307+0000][1][safepoint    ] Leaving safepoint region
[2019-12-09T01:59:00.307+0000][1][safepoint    ] Total time for which application threads were stopped: 0.0000797 seconds, Stopping threads took: 0.0000189 seconds
[2019-12-09T01:59:01.949+0000][1][safepoint    ] Application time: 1.6416891 seconds
[2019-12-09T01:59:01.949+0000][1][safepoint    ] Entering safepoint region: Cleanup
[2019-12-09T01:59:01.949+0000][1][safepoint    ] Leaving safepoint region
[2019-12-09T01:59:01.949+0000][1][safepoint    ] Total time for which application threads were stopped: 0.0000928 seconds, Stopping threads took: 0.0000243 seconds
[2019-12-09T01:59:02.949+0000][1][safepoint    ] Application time: 1.0000760 seconds
[2019-12-09T01:59:02.949+0000][1][safepoint    ] Entering safepoint region: Cleanup
[2019-12-09T01:59:02.949+0000][1][safepoint    ] Leaving safepoint region
[2019-12-09T01:59:02.949+0000][1][safepoint    ] Total time for which application threads were stopped: 0.0000781 seconds, Stopping threads took: 0.0000170 seconds
[2019-12-09T01:59:03.949+0000][1][safepoint    ] Application time: 1.0000746 seconds
[2019-12-09T01:59:03.949+0000][1][safepoint    ] Entering safepoint region: Cleanup
[2019-12-09T01:59:03.949+0000][1][safepoint    ] Leaving safepoint region
[2019-12-09T01:59:03.949+0000][1][safepoint    ] Total time for which application threads were stopped: 0.0000771 seconds, Stopping threads took: 0.0000171 seconds
[2019-12-09T01:59:04.949+0000][1][safepoint    ] Application time: 1.0000733 seconds
[2019-12-09T01:59:04.949+0000][1][safepoint    ] Entering safepoint region: Cleanup
[2019-12-09T01:59:04.949+0000][1][safepoint    ] Leaving safepoint region
[2019-12-09T01:59:04.949+0000][1][safepoint    ] Total time for which application threads were stopped: 0.0000794 seconds, Stopping threads took: 0.0000185 seconds
[2019-12-09T01:59:05.949+0000][1][safepoint    ] Application time: 1.0000754 seconds
[2019-12-09T01:59:05.949+0000][1][safepoint    ] Entering safepoint region: Cleanup
[2019-12-09T01:59:05.949+0000][1][safepoint    ] Leaving safepoint region
[2019-12-09T01:59:05.949+0000][1][safepoint    ] Total time for which application threads were stopped: 0.0000765 seconds, Stopping threads took: 0.0000162 seconds
[2019-12-09T01:59:06.950+0000][1][safepoint    ] Application time: 1.0000736 seconds
[2019-12-09T01:59:06.950+0000][1][safepoint    ] Entering safepoint region: Cleanup
[2019-12-09T01:59:06.950+0000][1][safepoint    ] Leaving safepoint region
[2019-12-09T01:59:06.950+0000][1][safepoint    ] Total time for which application threads were stopped: 0.0000756 seconds, Stopping threads took: 0.0000180 seconds
[2019-12-09T01:59:07.950+0000][1][safepoint    ] Application time: 1.0000757 seconds
[2019-12-09T01:59:07.950+0000][1][safepoint    ] Entering safepoint region: Cleanup
[2019-12-09T01:59:07.950+0000][1][safepoint    ] Leaving safepoint region
[2019-12-09T01:59:07.950+0000][1][safepoint    ] Total time for which application threads were stopped: 0.0000744 seconds, Stopping threads took: 0.0000168 seconds
[2019-12-09T01:59:08.950+0000][1][safepoint    ] Application time: 1.0000732 seconds
[2019-12-09T01:59:08.950+0000][1][safepoint    ] Entering safepoint region: Cleanup
[2019-12-09T01:59:08.950+0000][1][safepoint    ] Leaving safepoint region
[2019-12-09T01:59:08.950+0000][1][safepoint    ] Total time for which application threads were stopped: 0.0000708 seconds, Stopping threads took: 0.0000158 seconds
[2019-12-09T01:59:09.950+0000][1][safepoint    ] Application time: 1.0000757 seconds
[2019-12-09T01:59:09.950+0000][1][safepoint    ] Entering safepoint region: Cleanup
[2019-12-09T01:59:09.950+0000][1][safepoint    ] Leaving safepoint region
[2019-12-09T01:59:09.950+0000][1][safepoint    ] Total time for which application threads were stopped: 0.0000754 seconds, Stopping threads took: 0.0000175 seconds
[2019-12-09T01:59:10.950+0000][1][safepoint    ] Application time: 1.0000734 seconds
[2019-12-09T01:59:10.950+0000][1][safepoint    ] Entering safepoint region: Cleanup
[2019-12-09T01:59:10.950+0000][1][safepoint    ] Leaving safepoint region
[2019-12-09T01:59:10.950+0000][1][safepoint    ] Total time for which application threads were stopped: 0.0000743 seconds, Stopping threads took: 0.0000170 seconds
[2019-12-09T01:59:11.950+0000][1][safepoint    ] Application time: 1.0000755 seconds
[2019-12-09T01:59:11.950+0000][1][safepoint    ] Entering safepoint region: Cleanup
[2019-12-09T01:59:11.951+0000][1][safepoint    ] Leaving safepoint region
[2019-12-09T01:59:11.951+0000][1][safepoint    ] Total time for which application threads were stopped: 0.0000845 seconds, Stopping threads took: 0.0000257 seconds
[2019-12-09T01:59:12.951+0000][1][safepoint    ] Application time: 1.0000751 seconds
[2019-12-09T01:59:12.951+0000][1][safepoint    ] Entering safepoint region: Cleanup
[2019-12-09T01:59:12.951+0000][1][safepoint    ] Leaving safepoint region
[2019-12-09T01:59:12.951+0000][1][safepoint    ] Total time for which application threads were stopped: 0.0000890 seconds, Stopping threads took: 0.0000191 seconds
[2019-12-09T01:59:13.951+0000][1][safepoint    ] Application time: 1.0000751 seconds
[2019-12-09T01:59:13.951+0000][1][safepoint    ] Entering safepoint region: Cleanup
[2019-12-09T01:59:13.951+0000][1][safepoint    ] Leaving safepoint region
[2019-12-09T01:59:13.951+0000][1][safepoint    ] Total time for which application threads were stopped: 0.0000760 seconds, Stopping threads took: 0.0000180 seconds
[2019-12-09T01:59:14.951+0000][1][safepoint    ] Application time: 1.0000752 seconds
[2019-12-09T01:59:14.951+0000][1][safepoint    ] Entering safepoint region: Cleanup
[2019-12-09T01:59:14.951+0000][1][safepoint    ] Leaving safepoint region
[2019-12-09T01:59:14.951+0000][1][safepoint    ] Total time for which application threads were stopped: 0.0000812 seconds, Stopping threads took: 0.0000189 seconds
[2019-12-09T01:59:15.951+0000][1][safepoint    ] Application time: 1.0000754 seconds
[2019-12-09T01:59:15.951+0000][1][safepoint    ] Entering safepoint region: Cleanup
[2019-12-09T01:59:15.951+0000][1][safepoint    ] Leaving safepoint region
[2019-12-09T01:59:15.951+0000][1][safepoint    ] Total time for which application threads were stopped: 0.0000757 seconds, Stopping threads took: 0.0000161 seconds
[2019-12-09T01:59:16.951+0000][1][safepoint    ] Application time: 1.0000755 seconds
[2019-12-09T01:59:16.951+0000][1][safepoint    ] Entering safepoint region: Cleanup
[2019-12-09T01:59:16.951+0000][1][safepoint    ] Leaving safepoint region
[2019-12-09T01:59:16.951+0000][1][safepoint    ] Total time for which application threads were stopped: 0.0000782 seconds, Stopping threads took: 0.0000172 seconds
[2019-12-09T01:59:18.360+0000][1][safepoint    ] Application time: 1.4088003 seconds
[2019-12-09T01:59:18.360+0000][1][safepoint    ] Entering safepoint region: Cleanup
[2019-12-09T01:59:18.360+0000][1][safepoint    ] Leaving safepoint region
[2019-12-09T01:59:18.360+0000][1][safepoint    ] Total time for which application threads were stopped: 0.0000859 seconds, Stopping threads took: 0.0000171 seconds
[2019-12-09T01:59:19.361+0000][1][safepoint    ] Application time: 1.0000756 seconds
[2019-12-09T01:59:19.361+0000][1][safepoint    ] Entering safepoint region: Cleanup
[2019-12-09T01:59:19.361+0000][1][safepoint    ] Leaving safepoint region
[2019-12-09T01:59:19.361+0000][1][safepoint    ] Total time for which application threads were stopped: 0.0000797 seconds, Stopping threads took: 0.0000195 seconds
[2019-12-09T01:59:20.361+0000][1][safepoint    ] Application time: 1.0000752 seconds
[2019-12-09T01:59:20.361+0000][1][safepoint    ] Entering safepoint region: Cleanup
[2019-12-09T01:59:20.361+0000][1][safepoint    ] Leaving safepoint region
[2019-12-09T01:59:20.361+0000][1][safepoint    ] Total time for which application threads were stopped: 0.0000752 seconds, Stopping threads took: 0.0000172 seconds
[2019-12-09T01:59:21.361+0000][1][safepoint    ] Application time: 1.0000739 seconds
[2019-12-09T01:59:21.361+0000][1][safepoint    ] Entering safepoint region: Cleanup
[2019-12-09T01:59:21.361+0000][1][safepoint    ] Leaving safepoint region
[2019-12-09T01:59:21.361+0000][1][safepoint    ] Total time for which application threads were stopped: 0.0000771 seconds, Stopping threads took: 0.0000167 seconds
[2019-12-09T01:59:22.361+0000][1][safepoint    ] Application time: 1.0000747 seconds
[2019-12-09T01:59:22.361+0000][1][safepoint    ] Entering safepoint region: Cleanup
[2019-12-09T01:59:22.361+0000][1][safepoint    ] Leaving safepoint region
[2019-12-09T01:59:22.361+0000][1][safepoint    ] Total time for which application threads were stopped: 0.0000797 seconds, Stopping threads took: 0.0000167 seconds
[2019-12-09T01:59:23.361+0000][1][safepoint    ] Application time: 1.0000768 seconds
[2019-12-09T01:59:23.361+0000][1][safepoint    ] Entering safepoint region: Cleanup
[2019-12-09T01:59:23.361+0000][1][safepoint    ] Leaving safepoint region
[2019-12-09T01:59:23.361+0000][1][safepoint    ] Total time for which application threads were stopped: 0.0000773 seconds, Stopping threads took: 0.0000194 seconds
[2019-12-09T01:59:24.361+0000][1][safepoint    ] Application time: 1.0000769 seconds
[2019-12-09T01:59:24.362+0000][1][safepoint    ] Entering safepoint region: Cleanup
[2019-12-09T01:59:24.362+0000][1][safepoint    ] Leaving safepoint region
[2019-12-09T01:59:24.362+0000][1][safepoint    ] Total time for which application threads were stopped: 0.0000768 seconds, Stopping threads took: 0.0000177 seconds
[2019-12-09T01:59:25.362+0000][1][safepoint    ] Application time: 1.0000758 seconds
[2019-12-09T01:59:25.362+0000][1][safepoint    ] Entering safepoint region: Cleanup
[2019-12-09T01:59:25.362+0000][1][safepoint    ] Leaving safepoint region
[2019-12-09T01:59:25.362+0000][1][safepoint    ] Total time for which application threads were stopped: 0.0000823 seconds, Stopping threads took: 0.0000238 seconds
[2019-12-09T01:59:26.362+0000][1][safepoint    ] Application time: 1.0000771 seconds
[2019-12-09T01:59:26.362+0000][1][safepoint    ] Entering safepoint region: Cleanup
[2019-12-09T01:59:26.362+0000][1][safepoint    ] Leaving safepoint region
[2019-12-09T01:59:26.362+0000][1][safepoint    ] Total time for which application threads were stopped: 0.0000761 seconds, Stopping threads took: 0.0000171 seconds
[2019-12-09T01:59:27.362+0000][1][safepoint    ] Application time: 1.0000746 seconds
[2019-12-09T01:59:27.362+0000][1][safepoint    ] Entering safepoint region: Cleanup
[2019-12-09T01:59:27.362+0000][1][safepoint    ] Leaving safepoint region
[2019-12-09T01:59:27.362+0000][1][safepoint    ] Total time for which application threads were stopped: 0.0000736 seconds, Stopping threads took: 0.0000149 seconds
[2019-12-09T01:59:28.362+0000][1][safepoint    ] Application time: 1.0000748 seconds
[2019-12-09T01:59:28.362+0000][1][safepoint    ] Entering safepoint region: Cleanup
[2019-12-09T01:59:28.362+0000][1][safepoint    ] Leaving safepoint region
[2019-12-09T01:59:28.362+0000][1][safepoint    ] Total time for which application threads were stopped: 0.0000784 seconds, Stopping threads took: 0.0000181 seconds
[2019-12-09T01:59:29.362+0000][1][safepoint    ] Application time: 1.0000739 seconds
[2019-12-09T01:59:29.362+0000][1][safepoint    ] Entering safepoint region: Cleanup
[2019-12-09T01:59:29.363+0000][1][safepoint    ] Leaving safepoint region
[2019-12-09T01:59:29.363+0000][1][safepoint    ] Total time for which application threads were stopped: 0.0000794 seconds, Stopping threads took: 0.0000181 seconds
[2019-12-09T01:59:30.363+0000][1][safepoint    ] Application time: 1.0000761 seconds
[2019-12-09T01:59:30.363+0000][1][safepoint    ] Entering safepoint region: Cleanup
[2019-12-09T01:59:30.363+0000][1][safepoint    ] Leaving safepoint region
[2019-12-09T01:59:30.363+0000][1][safepoint    ] Total time for which application threads were stopped: 0.0000845 seconds, Stopping threads took: 0.0000175 seconds
[2019-12-09T01:59:31.363+0000][1][safepoint    ] Application time: 1.0000753 seconds
[2019-12-09T01:59:31.363+0000][1][safepoint    ] Entering safepoint region: Cleanup
[2019-12-09T01:59:31.363+0000][1][safepoint    ] Leaving safepoint region
[2019-12-09T01:59:31.363+0000][1][safepoint    ] Total time for which application threads were stopped: 0.0000777 seconds, Stopping threads took: 0.0000185 seconds
[2019-12-09T01:59:32.363+0000][1][safepoint    ] Application time: 1.0000747 seconds
[2019-12-09T01:59:32.363+0000][1][safepoint    ] Entering safepoint region: Cleanup
[2019-12-09T01:59:32.363+0000][1][safepoint    ] Leaving safepoint region
[2019-12-09T01:59:32.363+0000][1][safepoint    ] Total time for which application threads were stopped: 0.0000833 seconds, Stopping threads took: 0.0000177 seconds
[2019-12-09T01:59:33.363+0000][1][safepoint    ] Application time: 1.0000750 seconds
[2019-12-09T01:59:33.363+0000][1][safepoint    ] Entering safepoint region: Cleanup
[2019-12-09T01:59:33.363+0000][1][safepoint    ] Leaving safepoint region
[2019-12-09T01:59:33.363+0000][1][safepoint    ] Total time for which application threads were stopped: 0.0000732 seconds, Stopping threads took: 0.0000159 seconds
[2019-12-09T01:59:34.363+0000][1][safepoint    ] Application time: 1.0000752 seconds
[2019-12-09T01:59:34.363+0000][1][safepoint    ] Entering safepoint region: Cleanup
[2019-12-09T01:59:34.364+0000][1][safepoint    ] Leaving safepoint region
[2019-12-09T01:59:34.364+0000][1][safepoint    ] Total time for which application threads were stopped: 0.0000824 seconds, Stopping threads took: 0.0000175 seconds
[2019-12-09T01:59:35.364+0000][1][safepoint    ] Application time: 1.0000749 seconds
[2019-12-09T01:59:35.364+0000][1][safepoint    ] Entering safepoint region: Cleanup
[2019-12-09T01:59:35.364+0000][1][safepoint    ] Leaving safepoint region
[2019-12-09T01:59:35.364+0000][1][safepoint    ] Total time for which application threads were stopped: 0.0000858 seconds, Stopping threads took: 0.0000170 seconds
[2019-12-09T01:59:36.364+0000][1][safepoint    ] Application time: 1.0000748 seconds
[2019-12-09T01:59:36.364+0000][1][safepoint    ] Entering safepoint region: Cleanup
[2019-12-09T01:59:36.364+0000][1][safepoint    ] Leaving safepoint region
[2019-12-09T01:59:36.364+0000][1][safepoint    ] Total time for which application threads were stopped: 0.0000775 seconds, Stopping threads took: 0.0000180 seconds
[2019-12-09T01:59:37.364+0000][1][safepoint    ] Application time: 1.0000758 seconds
[2019-12-09T01:59:37.364+0000][1][safepoint    ] Entering safepoint region: Cleanup
[2019-12-09T01:59:37.364+0000][1][safepoint    ] Leaving safepoint region
[2019-12-09T01:59:37.364+0000][1][safepoint    ] Total time for which application threads were stopped: 0.0000755 seconds, Stopping threads took: 0.0000176 seconds
[2019-12-09T01:59:38.364+0000][1][safepoint    ] Application time: 1.0000740 seconds
[2019-12-09T01:59:38.364+0000][1][safepoint    ] Entering safepoint region: Cleanup
[2019-12-09T01:59:38.364+0000][1][safepoint    ] Leaving safepoint region
[2019-12-09T01:59:38.364+0000][1][safepoint    ] Total time for which application threads were stopped: 0.0000769 seconds, Stopping threads took: 0.0000188 seconds
[2019-12-09T01:59:39.364+0000][1][safepoint    ] Application time: 1.0000748 seconds
[2019-12-09T01:59:39.364+0000][1][safepoint    ] Entering safepoint region: Cleanup
[2019-12-09T01:59:39.364+0000][1][safepoint    ] Leaving safepoint region
[2019-12-09T01:59:39.364+0000][1][safepoint    ] Total time for which application threads were stopped: 0.0000794 seconds, Stopping threads took: 0.0000195 seconds
[2019-12-09T01:59:40.365+0000][1][safepoint    ] Application time: 1.0000760 seconds
[2019-12-09T01:59:40.365+0000][1][safepoint    ] Entering safepoint region: Cleanup
[2019-12-09T01:59:40.365+0000][1][safepoint    ] Leaving safepoint region
[2019-12-09T01:59:40.365+0000][1][safepoint    ] Total time for which application threads were stopped: 0.0000786 seconds, Stopping threads took: 0.0000185 seconds
[2019-12-09T01:59:41.365+0000][1][safepoint    ] Application time: 1.0000863 seconds
[2019-12-09T01:59:41.365+0000][1][safepoint    ] Entering safepoint region: Cleanup
[2019-12-09T01:59:41.365+0000][1][safepoint    ] Leaving safepoint region
[2019-12-09T01:59:41.365+0000][1][safepoint    ] Total time for which application threads were stopped: 0.0000820 seconds, Stopping threads took: 0.0000184 seconds
[2019-12-09T01:59:42.365+0000][1][safepoint    ] Application time: 1.0000748 seconds
[2019-12-09T01:59:42.365+0000][1][safepoint    ] Entering safepoint region: Cleanup
[2019-12-09T01:59:42.365+0000][1][safepoint    ] Leaving safepoint region
[2019-12-09T01:59:42.365+0000][1][safepoint    ] Total time for which application threads were stopped: 0.0000781 seconds, Stopping threads took: 0.0000164 seconds
[2019-12-09T01:59:43.365+0000][1][safepoint    ] Application time: 1.0000755 seconds
[2019-12-09T01:59:43.365+0000][1][safepoint    ] Entering safepoint region: Cleanup
[2019-12-09T01:59:43.365+0000][1][safepoint    ] Leaving safepoint region
[2019-12-09T01:59:43.365+0000][1][safepoint    ] Total time for which application threads were stopped: 0.0000750 seconds, Stopping threads took: 0.0000172 seconds
[2019-12-09T01:59:44.365+0000][1][safepoint    ] Application time: 1.0000786 seconds
[2019-12-09T01:59:44.365+0000][1][safepoint    ] Entering safepoint region: Cleanup
[2019-12-09T01:59:44.365+0000][1][safepoint    ] Leaving safepoint region
[2019-12-09T01:59:44.365+0000][1][safepoint    ] Total time for which application threads were stopped: 0.0000784 seconds, Stopping threads took: 0.0000168 seconds
[2019-12-09T01:59:45.366+0000][1][safepoint    ] Application time: 1.0000762 seconds
[2019-12-09T01:59:45.366+0000][1][safepoint    ] Entering safepoint region: Cleanup
[2019-12-09T01:59:45.366+0000][1][safepoint    ] Leaving safepoint region
[2019-12-09T01:59:45.366+0000][1][safepoint    ] Total time for which application threads were stopped: 0.0000775 seconds, Stopping threads took: 0.0000170 seconds
[2019-12-09T01:59:46.366+0000][1][safepoint    ] Application time: 1.0000731 seconds
[2019-12-09T01:59:46.366+0000][1][safepoint    ] Entering safepoint region: Cleanup
[2019-12-09T01:59:46.366+0000][1][safepoint    ] Leaving safepoint region
[2019-12-09T01:59:46.366+0000][1][safepoint    ] Total time for which application threads were stopped: 0.0000782 seconds, Stopping threads took: 0.0000182 seconds
[2019-12-09T01:59:47.366+0000][1][safepoint    ] Application time: 1.0000745 seconds
[2019-12-09T01:59:47.366+0000][1][safepoint    ] Entering safepoint region: Cleanup
[2019-12-09T01:59:47.366+0000][1][safepoint    ] Leaving safepoint region
[2019-12-09T01:59:47.366+0000][1][safepoint    ] Total time for which application threads were stopped: 0.0000744 seconds, Stopping threads took: 0.0000166 seconds
[2019-12-09T01:59:48.366+0000][1][safepoint    ] Application time: 1.0000780 seconds
[2019-12-09T01:59:48.366+0000][1][safepoint    ] Entering safepoint region: Cleanup
[2019-12-09T01:59:48.366+0000][1][safepoint    ] Leaving safepoint region
[2019-12-09T01:59:48.366+0000][1][safepoint    ] Total time for which application threads were stopped: 0.0000770 seconds, Stopping threads took: 0.0000170 seconds
[2019-12-09T01:59:49.366+0000][1][safepoint    ] Application time: 1.0000748 seconds
[2019-12-09T01:59:49.366+0000][1][safepoint    ] Entering safepoint region: Cleanup
[2019-12-09T01:59:49.366+0000][1][safepoint    ] Leaving safepoint region
[2019-12-09T01:59:49.366+0000][1][safepoint    ] Total time for which application threads were stopped: 0.0000771 seconds, Stopping threads took: 0.0000190 seconds
[2019-12-09T01:59:50.366+0000][1][safepoint    ] Application time: 1.0000768 seconds
[2019-12-09T01:59:50.367+0000][1][safepoint    ] Entering safepoint region: Cleanup
[2019-12-09T01:59:50.367+0000][1][safepoint    ] Leaving safepoint region
[2019-12-09T01:59:50.367+0000][1][safepoint    ] Total time for which application threads were stopped: 0.0000778 seconds, Stopping threads took: 0.0000185 seconds
[2019-12-09T01:59:51.367+0000][1][safepoint    ] Application time: 1.0000752 seconds
[2019-12-09T01:59:51.367+0000][1][safepoint    ] Entering safepoint region: Cleanup
[2019-12-09T01:59:51.367+0000][1][safepoint    ] Leaving safepoint region
[2019-12-09T01:59:51.367+0000][1][safepoint    ] Total time for which application threads were stopped: 0.0000796 seconds, Stopping threads took: 0.0000175 seconds
[2019-12-09T01:59:52.367+0000][1][safepoint    ] Application time: 1.0000773 seconds
[2019-12-09T01:59:52.367+0000][1][safepoint    ] Entering safepoint region: Cleanup
[2019-12-09T01:59:52.367+0000][1][safepoint    ] Leaving safepoint region
[2019-12-09T01:59:52.367+0000][1][safepoint    ] Total time for which application threads were stopped: 0.0000770 seconds, Stopping threads took: 0.0000165 seconds
[2019-12-09T01:59:53.367+0000][1][safepoint    ] Application time: 1.0000759 seconds
[2019-12-09T01:59:53.367+0000][1][safepoint    ] Entering safepoint region: Cleanup
[2019-12-09T01:59:53.367+0000][1][safepoint    ] Leaving safepoint region
[2019-12-09T01:59:53.367+0000][1][safepoint    ] Total time for which application threads were stopped: 0.0000766 seconds, Stopping threads took: 0.0000180 seconds
[2019-12-09T01:59:54.368+0000][1][safepoint    ] Application time: 1.0005807 seconds
[2019-12-09T01:59:54.368+0000][1][safepoint    ] Entering safepoint region: Cleanup
[2019-12-09T01:59:54.368+0000][1][safepoint    ] Leaving safepoint region
[2019-12-09T01:59:54.368+0000][1][safepoint    ] Total time for which application threads were stopped: 0.0001150 seconds, Stopping threads took: 0.0000346 seconds
[2019-12-09T01:59:55.368+0000][1][safepoint    ] Application time: 1.0000772 seconds
[2019-12-09T01:59:55.368+0000][1][safepoint    ] Entering safepoint region: Cleanup
[2019-12-09T01:59:55.368+0000][1][safepoint    ] Leaving safepoint region
[2019-12-09T01:59:55.368+0000][1][safepoint    ] Total time for which application threads were stopped: 0.0000839 seconds, Stopping threads took: 0.0000260 seconds
[2019-12-09T01:59:56.368+0000][1][safepoint    ] Application time: 1.0000762 seconds
[2019-12-09T01:59:56.368+0000][1][safepoint    ] Entering safepoint region: Cleanup
[2019-12-09T01:59:56.368+0000][1][safepoint    ] Leaving safepoint region
[2019-12-09T01:59:56.368+0000][1][safepoint    ] Total time for which application threads were stopped: 0.0000751 seconds, Stopping threads took: 0.0000157 seconds
[2019-12-09T01:59:57.368+0000][1][safepoint    ] Application time: 1.0000788 seconds
[2019-12-09T01:59:57.368+0000][1][safepoint    ] Entering safepoint region: Cleanup
[2019-12-09T01:59:57.369+0000][1][safepoint    ] Leaving safepoint region
[2019-12-09T01:59:57.369+0000][1][safepoint    ] Total time for which application threads were stopped: 0.0000743 seconds, Stopping threads took: 0.0000172 seconds
[2019-12-09T01:59:58.369+0000][1][safepoint    ] Application time: 1.0000770 seconds
[2019-12-09T01:59:58.369+0000][1][safepoint    ] Entering safepoint region: Cleanup
[2019-12-09T01:59:58.369+0000][1][safepoint    ] Leaving safepoint region
[2019-12-09T01:59:58.369+0000][1][safepoint    ] Total time for which application threads were stopped: 0.0000900 seconds, Stopping threads took: 0.0000153 seconds
[2019-12-09T01:59:59.369+0000][1][safepoint    ] Application time: 1.0000765 seconds
[2019-12-09T01:59:59.369+0000][1][safepoint    ] Entering safepoint region: Cleanup
[2019-12-09T01:59:59.369+0000][1][safepoint    ] Leaving safepoint region
[2019-12-09T01:59:59.369+0000][1][safepoint    ] Total time for which application threads were stopped: 0.0000759 seconds, Stopping threads took: 0.0000165 seconds
[2019-12-09T02:00:00.369+0000][1][safepoint    ] Application time: 1.0000758 seconds
[2019-12-09T02:00:00.369+0000][1][safepoint    ] Entering safepoint region: Cleanup
[2019-12-09T02:00:00.369+0000][1][safepoint    ] Leaving safepoint region
[2019-12-09T02:00:00.369+0000][1][safepoint    ] Total time for which application threads were stopped: 0.0000774 seconds, Stopping threads took: 0.0000173 seconds
[2019-12-09T02:00:01.369+0000][1][safepoint    ] Application time: 1.0000786 seconds
[2019-12-09T02:00:01.369+0000][1][safepoint    ] Entering safepoint region: Cleanup
[2019-12-09T02:00:01.369+0000][1][safepoint    ] Leaving safepoint region
[2019-12-09T02:00:01.369+0000][1][safepoint    ] Total time for which application threads were stopped: 0.0000816 seconds, Stopping threads took: 0.0000183 seconds
[2019-12-09T02:00:02.369+0000][1][safepoint    ] Application time: 1.0000832 seconds
[2019-12-09T02:00:02.369+0000][1][safepoint    ] Entering safepoint region: Cleanup
[2019-12-09T02:00:02.370+0000][1][safepoint    ] Leaving safepoint region
[2019-12-09T02:00:02.370+0000][1][safepoint    ] Total time for which application threads were stopped: 0.0000920 seconds, Stopping threads took: 0.0000199 seconds
[2019-12-09T02:00:03.370+0000][1][safepoint    ] Application time: 1.0000906 seconds
[2019-12-09T02:00:03.370+0000][1][safepoint    ] Entering safepoint region: Cleanup
[2019-12-09T02:00:03.370+0000][1][safepoint    ] Leaving safepoint region
[2019-12-09T02:00:03.370+0000][1][safepoint    ] Total time for which application threads were stopped: 0.0000946 seconds, Stopping threads took: 0.0000310 seconds
[2019-12-09T02:00:04.370+0000][1][safepoint    ] Application time: 1.0000840 seconds
[2019-12-09T02:00:04.370+0000][1][safepoint    ] Entering safepoint region: Cleanup
[2019-12-09T02:00:04.370+0000][1][safepoint    ] Leaving safepoint region
[2019-12-09T02:00:04.370+0000][1][safepoint    ] Total time for which application threads were stopped: 0.0001115 seconds, Stopping threads took: 0.0000241 seconds
[2019-12-09T02:00:05.370+0000][1][safepoint    ] Application time: 1.0000838 seconds
[2019-12-09T02:00:05.370+0000][1][safepoint    ] Entering safepoint region: Cleanup
[2019-12-09T02:00:05.370+0000][1][safepoint    ] Leaving safepoint region
[2019-12-09T02:00:05.370+0000][1][safepoint    ] Total time for which application threads were stopped: 0.0001073 seconds, Stopping threads took: 0.0000234 seconds
[2019-12-09T02:00:07.326+0000][1][safepoint    ] Application time: 1.9556057 seconds
[2019-12-09T02:00:07.326+0000][1][safepoint    ] Entering safepoint region: Cleanup
[2019-12-09T02:00:07.326+0000][1][safepoint    ] Leaving safepoint region
[2019-12-09T02:00:07.326+0000][1][safepoint    ] Total time for which application threads were stopped: 0.0000803 seconds, Stopping threads took: 0.0000167 seconds
[2019-12-09T02:00:08.326+0000][1][safepoint    ] Application time: 1.0000774 seconds
[2019-12-09T02:00:08.326+0000][1][safepoint    ] Entering safepoint region: Cleanup
[2019-12-09T02:00:08.326+0000][1][safepoint    ] Leaving safepoint region
[2019-12-09T02:00:08.326+0000][1][safepoint    ] Total time for which application threads were stopped: 0.0000809 seconds, Stopping threads took: 0.0000173 seconds
[2019-12-09T02:00:09.326+0000][1][safepoint    ] Application time: 1.0000764 seconds
[2019-12-09T02:00:09.326+0000][1][safepoint    ] Entering safepoint region: Cleanup
[2019-12-09T02:00:09.326+0000][1][safepoint    ] Leaving safepoint region
[2019-12-09T02:00:09.326+0000][1][safepoint    ] Total time for which application threads were stopped: 0.0000895 seconds, Stopping threads took: 0.0000286 seconds
[2019-12-09T02:00:10.327+0000][1][safepoint    ] Application time: 1.0000829 seconds
[2019-12-09T02:00:10.327+0000][1][safepoint    ] Entering safepoint region: Cleanup
[2019-12-09T02:00:10.327+0000][1][safepoint    ] Leaving safepoint region
[2019-12-09T02:00:10.327+0000][1][safepoint    ] Total time for which application threads were stopped: 0.0000919 seconds, Stopping threads took: 0.0000325 seconds
[2019-12-09T02:00:11.327+0000][1][safepoint    ] Application time: 1.0000752 seconds
[2019-12-09T02:00:11.327+0000][1][safepoint    ] Entering safepoint region: Cleanup
[2019-12-09T02:00:11.327+0000][1][safepoint    ] Leaving safepoint region
[2019-12-09T02:00:11.327+0000][1][safepoint    ] Total time for which application threads were stopped: 0.0000897 seconds, Stopping threads took: 0.0000178 seconds
[2019-12-09T02:00:12.327+0000][1][safepoint    ] Application time: 1.0000747 seconds
[2019-12-09T02:00:12.327+0000][1][safepoint    ] Entering safepoint region: Cleanup
[2019-12-09T02:00:12.327+0000][1][safepoint    ] Leaving safepoint region
[2019-12-09T02:00:12.327+0000][1][safepoint    ] Total time for which application threads were stopped: 0.0000810 seconds, Stopping threads took: 0.0000175 seconds
[2019-12-09T02:00:13.327+0000][1][safepoint    ] Application time: 1.0000868 seconds
[2019-12-09T02:00:13.327+0000][1][safepoint    ] Entering safepoint region: Cleanup
[2019-12-09T02:00:13.327+0000][1][safepoint    ] Leaving safepoint region
[2019-12-09T02:00:13.327+0000][1][safepoint    ] Total time for which application threads were stopped: 0.0000801 seconds, Stopping threads took: 0.0000170 seconds
[2019-12-09T02:00:14.327+0000][1][safepoint    ] Application time: 1.0000766 seconds
[2019-12-09T02:00:14.327+0000][1][safepoint    ] Entering safepoint region: Cleanup
[2019-12-09T02:00:14.327+0000][1][safepoint    ] Leaving safepoint region
[2019-12-09T02:00:14.327+0000][1][safepoint    ] Total time for which application threads were stopped: 0.0000815 seconds, Stopping threads took: 0.0000184 seconds
[2019-12-09T02:00:15.328+0000][1][safepoint    ] Application time: 1.0000774 seconds
[2019-12-09T02:00:15.328+0000][1][safepoint    ] Entering safepoint region: Cleanup
[2019-12-09T02:00:15.328+0000][1][safepoint    ] Leaving safepoint region
[2019-12-09T02:00:15.328+0000][1][safepoint    ] Total time for which application threads were stopped: 0.0000819 seconds, Stopping threads took: 0.0000182 seconds
[2019-12-09T02:00:16.328+0000][1][safepoint    ] Application time: 1.0000838 seconds
[2019-12-09T02:00:16.328+0000][1][safepoint    ] Entering safepoint region: Cleanup
[2019-12-09T02:00:16.328+0000][1][safepoint    ] Leaving safepoint region
[2019-12-09T02:00:16.328+0000][1][safepoint    ] Total time for which application threads were stopped: 0.0001072 seconds, Stopping threads took: 0.0000231 seconds
[2019-12-09T02:00:17.328+0000][1][safepoint    ] Application time: 1.0000768 seconds
[2019-12-09T02:00:17.328+0000][1][safepoint    ] Entering safepoint region: Cleanup
[2019-12-09T02:00:17.328+0000][1][safepoint    ] Leaving safepoint region
[2019-12-09T02:00:17.328+0000][1][safepoint    ] Total time for which application threads were stopped: 0.0000807 seconds, Stopping threads took: 0.0000149 seconds
[2019-12-09T02:00:18.328+0000][1][safepoint    ] Application time: 1.0000787 seconds
[2019-12-09T02:00:18.328+0000][1][safepoint    ] Entering safepoint region: Cleanup
[2019-12-09T02:00:18.328+0000][1][safepoint    ] Leaving safepoint region
[2019-12-09T02:00:18.328+0000][1][safepoint    ] Total time for which application threads were stopped: 0.0000776 seconds, Stopping threads took: 0.0000158 seconds
[2019-12-09T02:00:19.328+0000][1][safepoint    ] Application time: 1.0000776 seconds
[2019-12-09T02:00:19.328+0000][1][safepoint    ] Entering safepoint region: Cleanup
[2019-12-09T02:00:19.328+0000][1][safepoint    ] Leaving safepoint region
[2019-12-09T02:00:19.329+0000][1][safepoint    ] Total time for which application threads were stopped: 0.0000778 seconds, Stopping threads took: 0.0000146 seconds
[2019-12-09T02:00:20.329+0000][1][safepoint    ] Application time: 1.0000771 seconds
[2019-12-09T02:00:20.329+0000][1][safepoint    ] Entering safepoint region: Cleanup
[2019-12-09T02:00:20.329+0000][1][safepoint    ] Leaving safepoint region
[2019-12-09T02:00:20.329+0000][1][safepoint    ] Total time for which application threads were stopped: 0.0000931 seconds, Stopping threads took: 0.0000195 seconds
[2019-12-09T02:00:21.329+0000][1][safepoint    ] Application time: 1.0000767 seconds
[2019-12-09T02:00:21.329+0000][1][safepoint    ] Entering safepoint region: Cleanup
[2019-12-09T02:00:21.329+0000][1][safepoint    ] Leaving safepoint region
[2019-12-09T02:00:21.329+0000][1][safepoint    ] Total time for which application threads were stopped: 0.0000855 seconds, Stopping threads took: 0.0000167 seconds
[2019-12-09T02:00:22.329+0000][1][safepoint    ] Application time: 1.0000811 seconds
[2019-12-09T02:00:22.329+0000][1][safepoint    ] Entering safepoint region: Cleanup
[2019-12-09T02:00:22.329+0000][1][safepoint    ] Leaving safepoint region
[2019-12-09T02:00:22.329+0000][1][safepoint    ] Total time for which application threads were stopped: 0.0000833 seconds, Stopping threads took: 0.0000159 seconds
[2019-12-09T02:00:23.329+0000][1][safepoint    ] Application time: 1.0000875 seconds
[2019-12-09T02:00:23.329+0000][1][safepoint    ] Entering safepoint region: Cleanup
[2019-12-09T02:00:23.329+0000][1][safepoint    ] Leaving safepoint region
[2019-12-09T02:00:23.329+0000][1][safepoint    ] Total time for which application threads were stopped: 0.0000885 seconds, Stopping threads took: 0.0000229 seconds
[2019-12-09T02:00:24.330+0000][1][safepoint    ] Application time: 1.0003196 seconds
[2019-12-09T02:00:24.330+0000][1][safepoint    ] Entering safepoint region: Cleanup
[2019-12-09T02:00:24.330+0000][1][safepoint    ] Leaving safepoint region
[2019-12-09T02:00:24.330+0000][1][safepoint    ] Total time for which application threads were stopped: 0.0000808 seconds, Stopping threads took: 0.0000172 seconds
[2019-12-09T02:00:25.330+0000][1][safepoint    ] Application time: 1.0000790 seconds
[2019-12-09T02:00:25.330+0000][1][safepoint    ] Entering safepoint region: Cleanup
[2019-12-09T02:00:25.330+0000][1][safepoint    ] Leaving safepoint region
[2019-12-09T02:00:25.330+0000][1][safepoint    ] Total time for which application threads were stopped: 0.0000900 seconds, Stopping threads took: 0.0000264 seconds
[2019-12-09T02:00:26.330+0000][1][safepoint    ] Application time: 1.0000795 seconds
[2019-12-09T02:00:26.330+0000][1][safepoint    ] Entering safepoint region: Cleanup
[2019-12-09T02:00:26.330+0000][1][safepoint    ] Leaving safepoint region
[2019-12-09T02:00:26.330+0000][1][safepoint    ] Total time for which application threads were stopped: 0.0000824 seconds, Stopping threads took: 0.0000186 seconds
[2019-12-09T02:00:27.330+0000][1][safepoint    ] Application time: 1.0000794 seconds
[2019-12-09T02:00:27.330+0000][1][safepoint    ] Entering safepoint region: Cleanup
[2019-12-09T02:00:27.330+0000][1][safepoint    ] Leaving safepoint region
[2019-12-09T02:00:27.330+0000][1][safepoint    ] Total time for which application threads were stopped: 0.0000840 seconds, Stopping threads took: 0.0000171 seconds
[2019-12-09T02:00:28.331+0000][1][safepoint    ] Application time: 1.0001440 seconds
[2019-12-09T02:00:28.331+0000][1][safepoint    ] Entering safepoint region: Cleanup
[2019-12-09T02:00:28.331+0000][1][safepoint    ] Leaving safepoint region
[2019-12-09T02:00:28.331+0000][1][safepoint    ] Total time for which application threads were stopped: 0.0001343 seconds, Stopping threads took: 0.0000215 seconds
[2019-12-09T02:00:29.331+0000][1][safepoint    ] Application time: 1.0000757 seconds
[2019-12-09T02:00:29.331+0000][1][safepoint    ] Entering safepoint region: Cleanup
[2019-12-09T02:00:29.331+0000][1][safepoint    ] Leaving safepoint region
[2019-12-09T02:00:29.331+0000][1][safepoint    ] Total time for which application threads were stopped: 0.0001032 seconds, Stopping threads took: 0.0000163 seconds
[2019-12-09T02:00:30.331+0000][1][safepoint    ] Application time: 1.0000802 seconds
[2019-12-09T02:00:30.331+0000][1][safepoint    ] Entering safepoint region: Cleanup
[2019-12-09T02:00:30.331+0000][1][safepoint    ] Leaving safepoint region
[2019-12-09T02:00:30.331+0000][1][safepoint    ] Total time for which application threads were stopped: 0.0000782 seconds, Stopping threads took: 0.0000154 seconds
[2019-12-09T02:00:31.331+0000][1][safepoint    ] Application time: 1.0000792 seconds
[2019-12-09T02:00:31.331+0000][1][safepoint    ] Entering safepoint region: Cleanup
[2019-12-09T02:00:31.331+0000][1][safepoint    ] Leaving safepoint region
[2019-12-09T02:00:31.331+0000][1][safepoint    ] Total time for which application threads were stopped: 0.0000792 seconds, Stopping threads took: 0.0000162 seconds
[2019-12-09T02:00:32.332+0000][1][safepoint    ] Application time: 1.0001543 seconds
[2019-12-09T02:00:32.332+0000][1][safepoint    ] Entering safepoint region: Cleanup
[2019-12-09T02:00:32.332+0000][1][safepoint    ] Leaving safepoint region
[2019-12-09T02:00:32.332+0000][1][safepoint    ] Total time for which application threads were stopped: 0.0000977 seconds, Stopping threads took: 0.0000212 seconds
[2019-12-09T02:00:33.399+0000][1][safepoint    ] Application time: 1.0673626 seconds
[2019-12-09T02:00:33.399+0000][1][safepoint    ] Entering safepoint region: Cleanup
[2019-12-09T02:00:33.399+0000][1][safepoint    ] Leaving safepoint region
[2019-12-09T02:00:33.399+0000][1][safepoint    ] Total time for which application threads were stopped: 0.0001341 seconds, Stopping threads took: 0.0000232 seconds
[2019-12-09T02:00:34.400+0000][1][safepoint    ] Application time: 1.0002968 seconds
[2019-12-09T02:00:34.400+0000][1][safepoint    ] Entering safepoint region: Cleanup
[2019-12-09T02:00:34.400+0000][1][safepoint    ] Leaving safepoint region
[2019-12-09T02:00:34.400+0000][1][safepoint    ] Total time for which application threads were stopped: 0.0001358 seconds, Stopping threads took: 0.0000227 seconds
[2019-12-09T02:00:35.400+0000][1][safepoint    ] Application time: 1.0000321 seconds
[2019-12-09T02:00:35.400+0000][1][safepoint    ] Entering safepoint region: Cleanup
[2019-12-09T02:00:35.400+0000][1][safepoint    ] Leaving safepoint region
[2019-12-09T02:00:35.400+0000][1][safepoint    ] Total time for which application threads were stopped: 0.0000807 seconds, Stopping threads took: 0.0000195 seconds
[2019-12-09T02:00:36.400+0000][1][safepoint    ] Application time: 1.0000764 seconds
[2019-12-09T02:00:36.400+0000][1][safepoint    ] Entering safepoint region: Cleanup
[2019-12-09T02:00:36.400+0000][1][safepoint    ] Leaving safepoint region
[2019-12-09T02:00:36.400+0000][1][safepoint    ] Total time for which application threads were stopped: 0.0000778 seconds, Stopping threads took: 0.0000167 seconds
[2019-12-09T02:00:37.400+0000][1][safepoint    ] Application time: 1.0000780 seconds
[2019-12-09T02:00:37.400+0000][1][safepoint    ] Entering safepoint region: Cleanup
[2019-12-09T02:00:37.400+0000][1][safepoint    ] Leaving safepoint region
[2019-12-09T02:00:37.400+0000][1][safepoint    ] Total time for which application threads were stopped: 0.0000755 seconds, Stopping threads took: 0.0000163 seconds
[2019-12-09T02:00:38.400+0000][1][safepoint    ] Application time: 1.0000771 seconds
[2019-12-09T02:00:38.400+0000][1][safepoint    ] Entering safepoint region: Cleanup
[2019-12-09T02:00:38.401+0000][1][safepoint    ] Leaving safepoint region
[2019-12-09T02:00:38.401+0000][1][safepoint    ] Total time for which application threads were stopped: 0.0000789 seconds, Stopping threads took: 0.0000184 seconds
[2019-12-09T02:00:39.401+0000][1][safepoint    ] Application time: 1.0000784 seconds
[2019-12-09T02:00:39.401+0000][1][safepoint    ] Entering safepoint region: Cleanup
[2019-12-09T02:00:39.401+0000][1][safepoint    ] Leaving safepoint region
[2019-12-09T02:00:39.401+0000][1][safepoint    ] Total time for which application threads were stopped: 0.0000899 seconds, Stopping threads took: 0.0000181 seconds
[2019-12-09T02:00:40.401+0000][1][safepoint    ] Application time: 1.0000781 seconds
[2019-12-09T02:00:40.401+0000][1][safepoint    ] Entering safepoint region: Cleanup
[2019-12-09T02:00:40.401+0000][1][safepoint    ] Leaving safepoint region
[2019-12-09T02:00:40.401+0000][1][safepoint    ] Total time for which application threads were stopped: 0.0000792 seconds, Stopping threads took: 0.0000196 seconds
[2019-12-09T02:00:41.401+0000][1][safepoint    ] Application time: 1.0000766 seconds
[2019-12-09T02:00:41.401+0000][1][safepoint    ] Entering safepoint region: Cleanup
[2019-12-09T02:00:41.401+0000][1][safepoint    ] Leaving safepoint region
[2019-12-09T02:00:41.401+0000][1][safepoint    ] Total time for which application threads were stopped: 0.0000794 seconds, Stopping threads took: 0.0000178 seconds
[2019-12-09T02:00:42.401+0000][1][safepoint    ] Application time: 1.0000740 seconds
[2019-12-09T02:00:42.401+0000][1][safepoint    ] Entering safepoint region: Cleanup
[2019-12-09T02:00:42.401+0000][1][safepoint    ] Leaving safepoint region
[2019-12-09T02:00:42.401+0000][1][safepoint    ] Total time for which application threads were stopped: 0.0000781 seconds, Stopping threads took: 0.0000190 seconds
[2019-12-09T02:00:43.403+0000][1][safepoint    ] Application time: 1.0013869 seconds
[2019-12-09T02:00:43.403+0000][1][safepoint    ] Entering safepoint region: Cleanup
[2019-12-09T02:00:43.403+0000][1][safepoint    ] Leaving safepoint region
[2019-12-09T02:00:43.403+0000][1][safepoint    ] Total time for which application threads were stopped: 0.0001312 seconds, Stopping threads took: 0.0000503 seconds
[2019-12-09T02:00:44.406+0000][1][safepoint    ] Application time: 1.0028030 seconds
[2019-12-09T02:00:44.406+0000][1][safepoint    ] Entering safepoint region: Cleanup
[2019-12-09T02:00:44.406+0000][1][safepoint    ] Leaving safepoint region
[2019-12-09T02:00:44.406+0000][1][safepoint    ] Total time for which application threads were stopped: 0.0001090 seconds, Stopping threads took: 0.0000249 seconds
[2019-12-09T02:00:45.413+0000][1][safepoint    ] Application time: 1.0072909 seconds
[2019-12-09T02:00:45.413+0000][1][safepoint    ] Entering safepoint region: Cleanup
[2019-12-09T02:00:45.413+0000][1][safepoint    ] Leaving safepoint region
[2019-12-09T02:00:45.413+0000][1][safepoint    ] Total time for which application threads were stopped: 0.0001163 seconds, Stopping threads took: 0.0000261 seconds
[2019-12-09T02:00:46.415+0000][1][safepoint    ] Application time: 1.0013819 seconds
[2019-12-09T02:00:46.415+0000][1][safepoint    ] Entering safepoint region: Cleanup
[2019-12-09T02:00:46.415+0000][1][safepoint    ] Leaving safepoint region
[2019-12-09T02:00:46.415+0000][1][safepoint    ] Total time for which application threads were stopped: 0.0001190 seconds, Stopping threads took: 0.0000268 seconds
[2019-12-09T02:00:47.422+0000][1][safepoint    ] Application time: 1.0074037 seconds
[2019-12-09T02:00:47.422+0000][1][safepoint    ] Entering safepoint region: Cleanup
[2019-12-09T02:00:47.422+0000][1][safepoint    ] Leaving safepoint region
[2019-12-09T02:00:47.422+0000][1][safepoint    ] Total time for which application threads were stopped: 0.0001145 seconds, Stopping threads took: 0.0000271 seconds
[2019-12-09T02:00:48.425+0000][1][safepoint    ] Application time: 1.0026819 seconds
[2019-12-09T02:00:48.425+0000][1][safepoint    ] Entering safepoint region: Cleanup
[2019-12-09T02:00:48.425+0000][1][safepoint    ] Leaving safepoint region
[2019-12-09T02:00:48.425+0000][1][safepoint    ] Total time for which application threads were stopped: 0.0001067 seconds, Stopping threads took: 0.0000239 seconds
[2019-12-09T02:00:49.425+0000][1][safepoint    ] Application time: 1.0001604 seconds
[2019-12-09T02:00:49.426+0000][1][safepoint    ] Entering safepoint region: Cleanup
[2019-12-09T02:00:49.426+0000][1][safepoint    ] Leaving safepoint region
[2019-12-09T02:00:49.426+0000][1][safepoint    ] Total time for which application threads were stopped: 0.0001120 seconds, Stopping threads took: 0.0000239 seconds
[2019-12-09T02:00:50.427+0000][1][safepoint    ] Application time: 1.0010843 seconds
[2019-12-09T02:00:50.427+0000][1][safepoint    ] Entering safepoint region: Cleanup
[2019-12-09T02:00:50.427+0000][1][safepoint    ] Leaving safepoint region
[2019-12-09T02:00:50.427+0000][1][safepoint    ] Total time for which application threads were stopped: 0.0001086 seconds, Stopping threads took: 0.0000242 seconds
[2019-12-09T02:00:51.428+0000][1][safepoint    ] Application time: 1.0008472 seconds
[2019-12-09T02:00:51.428+0000][1][safepoint    ] Entering safepoint region: Cleanup
[2019-12-09T02:00:51.428+0000][1][safepoint    ] Leaving safepoint region
[2019-12-09T02:00:51.428+0000][1][safepoint    ] Total time for which application threads were stopped: 0.0001072 seconds, Stopping threads took: 0.0000240 seconds
[2019-12-09T02:00:52.436+0000][1][safepoint    ] Application time: 1.0078655 seconds
[2019-12-09T02:00:52.436+0000][1][safepoint    ] Entering safepoint region: Cleanup
[2019-12-09T02:00:52.436+0000][1][safepoint    ] Leaving safepoint region
[2019-12-09T02:00:52.436+0000][1][safepoint    ] Total time for which application threads were stopped: 0.0001129 seconds, Stopping threads took: 0.0000233 seconds
[2019-12-09T02:00:53.437+0000][1][safepoint    ] Application time: 1.0008008 seconds
[2019-12-09T02:00:53.437+0000][1][safepoint    ] Entering safepoint region: Cleanup
[2019-12-09T02:00:53.437+0000][1][safepoint    ] Leaving safepoint region
[2019-12-09T02:00:53.437+0000][1][safepoint    ] Total time for which application threads were stopped: 0.0001082 seconds, Stopping threads took: 0.0000253 seconds
[2019-12-09T02:00:54.440+0000][1][safepoint    ] Application time: 1.0029226 seconds
[2019-12-09T02:00:54.440+0000][1][safepoint    ] Entering safepoint region: Cleanup
[2019-12-09T02:00:54.440+0000][1][safepoint    ] Leaving safepoint region
[2019-12-09T02:00:54.440+0000][1][safepoint    ] Total time for which application threads were stopped: 0.0001197 seconds, Stopping threads took: 0.0000292 seconds
[2019-12-09T02:00:55.441+0000][1][safepoint    ] Application time: 1.0007679 seconds
[2019-12-09T02:00:55.441+0000][1][safepoint    ] Entering safepoint region: Cleanup
[2019-12-09T02:00:55.441+0000][1][safepoint    ] Leaving safepoint region
[2019-12-09T02:00:55.441+0000][1][safepoint    ] Total time for which application threads were stopped: 0.0001302 seconds, Stopping threads took: 0.0000387 seconds
[2019-12-09T02:00:56.442+0000][1][safepoint    ] Application time: 1.0007454 seconds
[2019-12-09T02:00:56.442+0000][1][safepoint    ] Entering safepoint region: Cleanup
[2019-12-09T02:00:56.442+0000][1][safepoint    ] Leaving safepoint region
[2019-12-09T02:00:56.442+0000][1][safepoint    ] Total time for which application threads were stopped: 0.0001136 seconds, Stopping threads took: 0.0000274 seconds
[2019-12-09T02:00:57.444+0000][1][safepoint    ] Application time: 1.0018305 seconds
[2019-12-09T02:00:57.444+0000][1][safepoint    ] Entering safepoint region: Cleanup
[2019-12-09T02:00:57.444+0000][1][safepoint    ] Leaving safepoint region
[2019-12-09T02:00:57.444+0000][1][safepoint    ] Total time for which application threads were stopped: 0.0001068 seconds, Stopping threads took: 0.0000246 seconds
[2019-12-09T02:00:58.445+0000][1][safepoint    ] Application time: 1.0008349 seconds
[2019-12-09T02:00:58.445+0000][1][safepoint    ] Entering safepoint region: Cleanup
[2019-12-09T02:00:58.445+0000][1][safepoint    ] Leaving safepoint region
[2019-12-09T02:00:58.445+0000][1][safepoint    ] Total time for which application threads were stopped: 0.0001268 seconds, Stopping threads took: 0.0000352 seconds
[2019-12-09T02:00:59.449+0000][1][safepoint    ] Application time: 1.0038168 seconds
[2019-12-09T02:00:59.449+0000][1][safepoint    ] Entering safepoint region: Cleanup
[2019-12-09T02:00:59.449+0000][1][safepoint    ] Leaving safepoint region
[2019-12-09T02:00:59.449+0000][1][safepoint    ] Total time for which application threads were stopped: 0.0001082 seconds, Stopping threads took: 0.0000255 seconds
[2019-12-09T02:01:00.453+0000][1][safepoint    ] Application time: 1.0038343 seconds
[2019-12-09T02:01:00.453+0000][1][safepoint    ] Entering safepoint region: Cleanup
[2019-12-09T02:01:00.453+0000][1][safepoint    ] Leaving safepoint region
[2019-12-09T02:01:00.453+0000][1][safepoint    ] Total time for which application threads were stopped: 0.0001065 seconds, Stopping threads took: 0.0000239 seconds
[2019-12-09T02:01:01.458+0000][1][safepoint    ] Application time: 1.0048851 seconds
[2019-12-09T02:01:01.458+0000][1][safepoint    ] Entering safepoint region: Cleanup
[2019-12-09T02:01:01.458+0000][1][safepoint    ] Leaving safepoint region
[2019-12-09T02:01:01.458+0000][1][safepoint    ] Total time for which application threads were stopped: 0.0001077 seconds, Stopping threads took: 0.0000248 seconds
[2019-12-09T02:01:02.459+0000][1][safepoint    ] Application time: 1.0008019 seconds
[2019-12-09T02:01:02.459+0000][1][safepoint    ] Entering safepoint region: Cleanup
[2019-12-09T02:01:02.459+0000][1][safepoint    ] Leaving safepoint region
[2019-12-09T02:01:02.459+0000][1][safepoint    ] Total time for which application threads were stopped: 0.0001153 seconds, Stopping threads took: 0.0000278 seconds
[2019-12-09T02:01:03.461+0000][1][safepoint    ] Application time: 1.0018896 seconds
[2019-12-09T02:01:03.461+0000][1][safepoint    ] Entering safepoint region: Cleanup
[2019-12-09T02:01:03.461+0000][1][safepoint    ] Leaving safepoint region
[2019-12-09T02:01:03.461+0000][1][safepoint    ] Total time for which application threads were stopped: 0.0001262 seconds, Stopping threads took: 0.0000300 seconds
[2019-12-09T02:01:04.467+0000][1][safepoint    ] Application time: 1.0057680 seconds
[2019-12-09T02:01:04.467+0000][1][safepoint    ] Entering safepoint region: Cleanup
[2019-12-09T02:01:04.467+0000][1][safepoint    ] Leaving safepoint region
[2019-12-09T02:01:04.467+0000][1][safepoint    ] Total time for which application threads were stopped: 0.0001397 seconds, Stopping threads took: 0.0000273 seconds
[2019-12-09T02:01:05.468+0000][1][safepoint    ] Application time: 1.0008091 seconds
[2019-12-09T02:01:05.468+0000][1][safepoint    ] Entering safepoint region: Cleanup
[2019-12-09T02:01:05.468+0000][1][safepoint    ] Leaving safepoint region
[2019-12-09T02:01:05.468+0000][1][safepoint    ] Total time for which application threads were stopped: 0.0001280 seconds, Stopping threads took: 0.0000256 seconds
[2019-12-09T02:01:06.474+0000][1][safepoint    ] Application time: 1.0058125 seconds
[2019-12-09T02:01:06.474+0000][1][safepoint    ] Entering safepoint region: Cleanup
[2019-12-09T02:01:06.474+0000][1][safepoint    ] Leaving safepoint region
[2019-12-09T02:01:06.474+0000][1][safepoint    ] Total time for which application threads were stopped: 0.0001113 seconds, Stopping threads took: 0.0000239 seconds
[2019-12-09T02:01:07.475+0000][1][safepoint    ] Application time: 1.0008155 seconds
[2019-12-09T02:01:07.475+0000][1][safepoint    ] Entering safepoint region: Cleanup
[2019-12-09T02:01:07.475+0000][1][safepoint    ] Leaving safepoint region
[2019-12-09T02:01:07.475+0000][1][safepoint    ] Total time for which application threads were stopped: 0.0001233 seconds, Stopping threads took: 0.0000359 seconds
[2019-12-09T02:01:08.476+0000][1][safepoint    ] Application time: 1.0008102 seconds
[2019-12-09T02:01:08.476+0000][1][safepoint    ] Entering safepoint region: Cleanup
[2019-12-09T02:01:08.476+0000][1][safepoint    ] Leaving safepoint region
[2019-12-09T02:01:08.476+0000][1][safepoint    ] Total time for which application threads were stopped: 0.0001156 seconds, Stopping threads took: 0.0000228 seconds
[2019-12-09T02:01:09.477+0000][1][safepoint    ] Application time: 1.0008306 seconds
[2019-12-09T02:01:09.477+0000][1][safepoint    ] Entering safepoint region: Cleanup
[2019-12-09T02:01:09.477+0000][1][safepoint    ] Leaving safepoint region
[2019-12-09T02:01:09.477+0000][1][safepoint    ] Total time for which application threads were stopped: 0.0001260 seconds, Stopping threads took: 0.0000261 seconds
[2019-12-09T02:01:10.478+0000][1][safepoint    ] Application time: 1.0008825 seconds
[2019-12-09T02:01:10.478+0000][1][safepoint    ] Entering safepoint region: Cleanup
[2019-12-09T02:01:10.478+0000][1][safepoint    ] Leaving safepoint region
[2019-12-09T02:01:10.478+0000][1][safepoint    ] Total time for which application threads were stopped: 0.0001100 seconds, Stopping threads took: 0.0000251 seconds
[2019-12-09T02:01:11.483+0000][1][safepoint    ] Application time: 1.0048623 seconds
[2019-12-09T02:01:11.483+0000][1][safepoint    ] Entering safepoint region: Cleanup
[2019-12-09T02:01:11.483+0000][1][safepoint    ] Leaving safepoint region
[2019-12-09T02:01:11.483+0000][1][safepoint    ] Total time for which application threads were stopped: 0.0001057 seconds, Stopping threads took: 0.0000246 seconds
[2019-12-09T02:01:12.487+0000][1][safepoint    ] Application time: 1.0037867 seconds
[2019-12-09T02:01:12.487+0000][1][safepoint    ] Entering safepoint region: Cleanup
[2019-12-09T02:01:12.487+0000][1][safepoint    ] Leaving safepoint region
[2019-12-09T02:01:12.487+0000][1][safepoint    ] Total time for which application threads were stopped: 0.0000980 seconds, Stopping threads took: 0.0000214 seconds
[2019-12-09T02:01:13.488+0000][1][safepoint    ] Application time: 1.0008437 seconds
[2019-12-09T02:01:13.488+0000][1][safepoint    ] Entering safepoint region: Cleanup
[2019-12-09T02:01:13.488+0000][1][safepoint    ] Leaving safepoint region
[2019-12-09T02:01:13.488+0000][1][safepoint    ] Total time for which application threads were stopped: 0.0001162 seconds, Stopping threads took: 0.0000276 seconds
[2019-12-09T02:01:14.496+0000][1][safepoint    ] Application time: 1.0078259 seconds
[2019-12-09T02:01:14.496+0000][1][safepoint    ] Entering safepoint region: Cleanup
[2019-12-09T02:01:14.496+0000][1][safepoint    ] Leaving safepoint region
[2019-12-09T02:01:14.496+0000][1][safepoint    ] Total time for which application threads were stopped: 0.0001090 seconds, Stopping threads took: 0.0000261 seconds
[2019-12-09T02:01:15.497+0000][1][safepoint    ] Application time: 1.0007888 seconds
[2019-12-09T02:01:15.497+0000][1][safepoint    ] Entering safepoint region: Cleanup
[2019-12-09T02:01:15.497+0000][1][safepoint    ] Leaving safepoint region
[2019-12-09T02:01:15.497+0000][1][safepoint    ] Total time for which application threads were stopped: 0.0001089 seconds, Stopping threads took: 0.0000252 seconds
[2019-12-09T02:01:16.501+0000][1][safepoint    ] Application time: 1.0038588 seconds
[2019-12-09T02:01:16.501+0000][1][safepoint    ] Entering safepoint region: Cleanup
[2019-12-09T02:01:16.501+0000][1][safepoint    ] Leaving safepoint region
[2019-12-09T02:01:16.501+0000][1][safepoint    ] Total time for which application threads were stopped: 0.0001123 seconds, Stopping threads took: 0.0000258 seconds
[2019-12-09T02:01:16.533+0000][1][safepoint    ] Application time: 0.0321429 seconds
[2019-12-09T02:01:16.533+0000][1][safepoint    ] Entering safepoint region: GenCollectForAllocation
[2019-12-09T02:01:16.533+0000][1][gc,start     ] GC(24) Pause Young (Allocation Failure)
[2019-12-09T02:01:16.533+0000][1][gc,task      ] GC(24) Using 2 workers of 2 for evacuation
[2019-12-09T02:01:16.548+0000][1][gc,age       ] GC(24) Desired survivor size 4456448 bytes, new threshold 6 (max threshold 6)
[2019-12-09T02:01:16.548+0000][1][gc,age       ] GC(24) Age table with threshold 6 (max threshold 6)
[2019-12-09T02:01:16.548+0000][1][gc,age       ] GC(24) - age   1:       9776 bytes,       9776 total
[2019-12-09T02:01:16.548+0000][1][gc,age       ] GC(24) - age   2:      14512 bytes,      24288 total
[2019-12-09T02:01:16.548+0000][1][gc,age       ] GC(24) - age   3:     996920 bytes,    1021208 total
[2019-12-09T02:01:16.548+0000][1][gc,age       ] GC(24) - age   4:    2296832 bytes,    3318040 total
[2019-12-09T02:01:16.548+0000][1][gc,heap      ] GC(24) ParNew: 75804K->4541K(78656K)
[2019-12-09T02:01:16.548+0000][1][gc,heap      ] GC(24) CMS: 66374K->66374K(174784K)
[2019-12-09T02:01:16.548+0000][1][gc,metaspace ] GC(24) Metaspace: 68961K->68961K(1112064K)
[2019-12-09T02:01:16.548+0000][1][gc           ] GC(24) Pause Young (Allocation Failure) 138M->69M(247M) 15.186ms
[2019-12-09T02:01:16.548+0000][1][gc,cpu       ] GC(24) User=0.02s Sys=0.00s Real=0.02s
[2019-12-09T02:01:16.548+0000][1][safepoint    ] Leaving safepoint region
[2019-12-09T02:01:16.548+0000][1][safepoint    ] Total time for which application threads were stopped: 0.0153945 seconds, Stopping threads took: 0.0000269 seconds
[2019-12-09T02:01:17.553+0000][1][safepoint    ] Application time: 1.0042685 seconds
[2019-12-09T02:01:17.553+0000][1][safepoint    ] Entering safepoint region: Cleanup
[2019-12-09T02:01:17.553+0000][1][safepoint    ] Leaving safepoint region
[2019-12-09T02:01:17.553+0000][1][safepoint    ] Total time for which application threads were stopped: 0.0001038 seconds, Stopping threads took: 0.0000250 seconds
[2019-12-09T02:01:18.557+0000][1][safepoint    ] Application time: 1.0038098 seconds
[2019-12-09T02:01:18.557+0000][1][safepoint    ] Entering safepoint region: Cleanup
[2019-12-09T02:01:18.557+0000][1][safepoint    ] Leaving safepoint region
[2019-12-09T02:01:18.557+0000][1][safepoint    ] Total time for which application threads were stopped: 0.0001137 seconds, Stopping threads took: 0.0000252 seconds
[2019-12-09T02:01:19.559+0000][1][safepoint    ] Application time: 1.0018281 seconds
[2019-12-09T02:01:19.559+0000][1][safepoint    ] Entering safepoint region: Cleanup
[2019-12-09T02:01:19.559+0000][1][safepoint    ] Leaving safepoint region
[2019-12-09T02:01:19.559+0000][1][safepoint    ] Total time for which application threads were stopped: 0.0001064 seconds, Stopping threads took: 0.0000240 seconds
[2019-12-09T02:01:20.561+0000][1][safepoint    ] Application time: 1.0018877 seconds
[2019-12-09T02:01:20.561+0000][1][safepoint    ] Entering safepoint region: Cleanup
[2019-12-09T02:01:20.561+0000][1][safepoint    ] Leaving safepoint region
[2019-12-09T02:01:20.561+0000][1][safepoint    ] Total time for which application threads were stopped: 0.0001118 seconds, Stopping threads took: 0.0000233 seconds
[2019-12-09T02:01:21.567+0000][1][safepoint    ] Application time: 1.0057960 seconds
[2019-12-09T02:01:21.567+0000][1][safepoint    ] Entering safepoint region: Cleanup
[2019-12-09T02:01:21.567+0000][1][safepoint    ] Leaving safepoint region
[2019-12-09T02:01:21.567+0000][1][safepoint    ] Total time for which application threads were stopped: 0.0001172 seconds, Stopping threads took: 0.0000270 seconds
[2019-12-09T02:01:22.572+0000][1][safepoint    ] Application time: 1.0048188 seconds
[2019-12-09T02:01:22.572+0000][1][safepoint    ] Entering safepoint region: Cleanup
[2019-12-09T02:01:22.572+0000][1][safepoint    ] Leaving safepoint region
[2019-12-09T02:01:22.572+0000][1][safepoint    ] Total time for which application threads were stopped: 0.0001087 seconds, Stopping threads took: 0.0000270 seconds
[2019-12-09T02:01:23.583+0000][1][safepoint    ] Application time: 1.0108343 seconds
[2019-12-09T02:01:23.583+0000][1][safepoint    ] Entering safepoint region: Cleanup
[2019-12-09T02:01:23.583+0000][1][safepoint    ] Leaving safepoint region
[2019-12-09T02:01:23.583+0000][1][safepoint    ] Total time for which application threads were stopped: 0.0001075 seconds, Stopping threads took: 0.0000243 seconds
[2019-12-09T02:01:24.586+0000][1][safepoint    ] Application time: 1.0029422 seconds
[2019-12-09T02:01:24.586+0000][1][safepoint    ] Entering safepoint region: Cleanup
[2019-12-09T02:01:24.586+0000][1][safepoint    ] Leaving safepoint region
[2019-12-09T02:01:24.586+0000][1][safepoint    ] Total time for which application threads were stopped: 0.0001248 seconds, Stopping threads took: 0.0000284 seconds
[2019-12-09T02:01:25.588+0000][1][safepoint    ] Application time: 1.0017297 seconds
[2019-12-09T02:01:25.588+0000][1][safepoint    ] Entering safepoint region: Cleanup
[2019-12-09T02:01:25.588+0000][1][safepoint    ] Leaving safepoint region
[2019-12-09T02:01:25.588+0000][1][safepoint    ] Total time for which application threads were stopped: 0.0001102 seconds, Stopping threads took: 0.0000260 seconds
[2019-12-09T02:01:26.592+0000][1][safepoint    ] Application time: 1.0038893 seconds
[2019-12-09T02:01:26.592+0000][1][safepoint    ] Entering safepoint region: Cleanup
[2019-12-09T02:01:26.592+0000][1][safepoint    ] Leaving safepoint region
[2019-12-09T02:01:26.592+0000][1][safepoint    ] Total time for which application threads were stopped: 0.0001240 seconds, Stopping threads took: 0.0000247 seconds
[2019-12-09T02:01:27.592+0000][1][safepoint    ] Application time: 1.0000812 seconds
[2019-12-09T02:01:27.592+0000][1][safepoint    ] Entering safepoint region: Cleanup
[2019-12-09T02:01:27.592+0000][1][safepoint    ] Leaving safepoint region
[2019-12-09T02:01:27.592+0000][1][safepoint    ] Total time for which application threads were stopped: 0.0001064 seconds, Stopping threads took: 0.0000237 seconds
[2019-12-09T02:01:28.595+0000][1][safepoint    ] Application time: 1.0025467 seconds
[2019-12-09T02:01:28.595+0000][1][safepoint    ] Entering safepoint region: Cleanup
[2019-12-09T02:01:28.595+0000][1][safepoint    ] Leaving safepoint region
[2019-12-09T02:01:28.595+0000][1][safepoint    ] Total time for which application threads were stopped: 0.0001161 seconds, Stopping threads took: 0.0000333 seconds
[2019-12-09T02:01:29.597+0000][1][safepoint    ] Application time: 1.0018320 seconds
[2019-12-09T02:01:29.597+0000][1][safepoint    ] Entering safepoint region: Cleanup
[2019-12-09T02:01:29.597+0000][1][safepoint    ] Leaving safepoint region
[2019-12-09T02:01:29.597+0000][1][safepoint    ] Total time for which application threads were stopped: 0.0001081 seconds, Stopping threads took: 0.0000246 seconds
[2019-12-09T02:01:30.601+0000][1][safepoint    ] Application time: 1.0038769 seconds
[2019-12-09T02:01:30.601+0000][1][safepoint    ] Entering safepoint region: Cleanup
[2019-12-09T02:01:30.601+0000][1][safepoint    ] Leaving safepoint region
[2019-12-09T02:01:30.601+0000][1][safepoint    ] Total time for which application threads were stopped: 0.0001062 seconds, Stopping threads took: 0.0000260 seconds
[2019-12-09T02:01:31.602+0000][1][safepoint    ] Application time: 1.0010400 seconds
[2019-12-09T02:01:31.602+0000][1][safepoint    ] Entering safepoint region: Cleanup
[2019-12-09T02:01:31.602+0000][1][safepoint    ] Leaving safepoint region
[2019-12-09T02:01:31.602+0000][1][safepoint    ] Total time for which application threads were stopped: 0.0001214 seconds, Stopping threads took: 0.0000261 seconds
[2019-12-09T02:01:32.603+0000][1][safepoint    ] Application time: 1.0005817 seconds
[2019-12-09T02:01:32.603+0000][1][safepoint    ] Entering safepoint region: Cleanup
[2019-12-09T02:01:32.603+0000][1][safepoint    ] Leaving safepoint region
[2019-12-09T02:01:32.603+0000][1][safepoint    ] Total time for which application threads were stopped: 0.0001186 seconds, Stopping threads took: 0.0000274 seconds
[2019-12-09T02:01:33.604+0000][1][safepoint    ] Application time: 1.0008317 seconds
[2019-12-09T02:01:33.604+0000][1][safepoint    ] Entering safepoint region: Cleanup
[2019-12-09T02:01:33.604+0000][1][safepoint    ] Leaving safepoint region
[2019-12-09T02:01:33.604+0000][1][safepoint    ] Total time for which application threads were stopped: 0.0001222 seconds, Stopping threads took: 0.0000285 seconds
[2019-12-09T02:01:34.604+0000][1][safepoint    ] Application time: 1.0000882 seconds
[2019-12-09T02:01:34.604+0000][1][safepoint    ] Entering safepoint region: Cleanup
[2019-12-09T02:01:34.604+0000][1][safepoint    ] Leaving safepoint region
[2019-12-09T02:01:34.604+0000][1][safepoint    ] Total time for which application threads were stopped: 0.0001111 seconds, Stopping threads took: 0.0000253 seconds
[2019-12-09T02:01:35.604+0000][1][safepoint    ] Application time: 1.0000811 seconds
[2019-12-09T02:01:35.604+0000][1][safepoint    ] Entering safepoint region: Cleanup
[2019-12-09T02:01:35.604+0000][1][safepoint    ] Leaving safepoint region
[2019-12-09T02:01:35.604+0000][1][safepoint    ] Total time for which application threads were stopped: 0.0000765 seconds, Stopping threads took: 0.0000180 seconds
[2019-12-09T02:01:36.604+0000][1][safepoint    ] Application time: 1.0000802 seconds
[2019-12-09T02:01:36.604+0000][1][safepoint    ] Entering safepoint region: Cleanup
[2019-12-09T02:01:36.605+0000][1][safepoint    ] Leaving safepoint region
[2019-12-09T02:01:36.605+0000][1][safepoint    ] Total time for which application threads were stopped: 0.0001078 seconds, Stopping threads took: 0.0000218 seconds
[2019-12-09T02:01:37.605+0000][1][safepoint    ] Application time: 1.0000791 seconds
[2019-12-09T02:01:37.605+0000][1][safepoint    ] Entering safepoint region: Cleanup
[2019-12-09T02:01:37.605+0000][1][safepoint    ] Leaving safepoint region
[2019-12-09T02:01:37.605+0000][1][safepoint    ] Total time for which application threads were stopped: 0.0001032 seconds, Stopping threads took: 0.0000235 seconds
[2019-12-09T02:01:38.605+0000][1][safepoint    ] Application time: 1.0000751 seconds
[2019-12-09T02:01:38.605+0000][1][safepoint    ] Entering safepoint region: Cleanup
[2019-12-09T02:01:38.605+0000][1][safepoint    ] Leaving safepoint region
[2019-12-09T02:01:38.605+0000][1][safepoint    ] Total time for which application threads were stopped: 0.0000785 seconds, Stopping threads took: 0.0000180 seconds
[2019-12-09T02:01:39.605+0000][1][safepoint    ] Application time: 1.0000759 seconds
[2019-12-09T02:01:39.605+0000][1][safepoint    ] Entering safepoint region: Cleanup
[2019-12-09T02:01:39.605+0000][1][safepoint    ] Leaving safepoint region
[2019-12-09T02:01:39.605+0000][1][safepoint    ] Total time for which application threads were stopped: 0.0000783 seconds, Stopping threads took: 0.0000184 seconds
[2019-12-09T02:01:40.605+0000][1][safepoint    ] Application time: 1.0000812 seconds
[2019-12-09T02:01:40.605+0000][1][safepoint    ] Entering safepoint region: Cleanup
[2019-12-09T02:01:40.605+0000][1][safepoint    ] Leaving safepoint region
[2019-12-09T02:01:40.605+0000][1][safepoint    ] Total time for which application threads were stopped: 0.0000817 seconds, Stopping threads took: 0.0000200 seconds
[2019-12-09T02:01:41.605+0000][1][safepoint    ] Application time: 1.0000776 seconds
[2019-12-09T02:01:41.606+0000][1][safepoint    ] Entering safepoint region: Cleanup
[2019-12-09T02:01:41.606+0000][1][safepoint    ] Leaving safepoint region
[2019-12-09T02:01:41.606+0000][1][safepoint    ] Total time for which application threads were stopped: 0.0000800 seconds, Stopping threads took: 0.0000194 seconds
[2019-12-09T02:01:42.606+0000][1][safepoint    ] Application time: 1.0000773 seconds
[2019-12-09T02:01:42.606+0000][1][safepoint    ] Entering safepoint region: Cleanup
[2019-12-09T02:01:42.606+0000][1][safepoint    ] Leaving safepoint region
[2019-12-09T02:01:42.606+0000][1][safepoint    ] Total time for which application threads were stopped: 0.0000838 seconds, Stopping threads took: 0.0000192 seconds
[2019-12-09T02:01:43.606+0000][1][safepoint    ] Application time: 1.0000767 seconds
[2019-12-09T02:01:43.606+0000][1][safepoint    ] Entering safepoint region: Cleanup
[2019-12-09T02:01:43.606+0000][1][safepoint    ] Leaving safepoint region
[2019-12-09T02:01:43.606+0000][1][safepoint    ] Total time for which application threads were stopped: 0.0000790 seconds, Stopping threads took: 0.0000181 seconds
[2019-12-09T02:01:44.609+0000][1][safepoint    ] Application time: 1.0027136 seconds
[2019-12-09T02:01:44.609+0000][1][safepoint    ] Entering safepoint region: Cleanup
[2019-12-09T02:01:44.609+0000][1][safepoint    ] Leaving safepoint region
[2019-12-09T02:01:44.609+0000][1][safepoint    ] Total time for which application threads were stopped: 0.0001168 seconds, Stopping threads took: 0.0000266 seconds
[2019-12-09T02:01:45.609+0000][1][safepoint    ] Application time: 1.0000803 seconds
[2019-12-09T02:01:45.609+0000][1][safepoint    ] Entering safepoint region: Cleanup
[2019-12-09T02:01:45.609+0000][1][safepoint    ] Leaving safepoint region
[2019-12-09T02:01:45.609+0000][1][safepoint    ] Total time for which application threads were stopped: 0.0000781 seconds, Stopping threads took: 0.0000178 seconds
[2019-12-09T02:01:46.609+0000][1][safepoint    ] Application time: 1.0000770 seconds
[2019-12-09T02:01:46.609+0000][1][safepoint    ] Entering safepoint region: Cleanup
[2019-12-09T02:01:46.609+0000][1][safepoint    ] Leaving safepoint region
[2019-12-09T02:01:46.609+0000][1][safepoint    ] Total time for which application threads were stopped: 0.0000756 seconds, Stopping threads took: 0.0000162 seconds
[2019-12-09T02:01:47.609+0000][1][safepoint    ] Application time: 1.0000758 seconds
[2019-12-09T02:01:47.609+0000][1][safepoint    ] Entering safepoint region: Cleanup
[2019-12-09T02:01:47.609+0000][1][safepoint    ] Leaving safepoint region
[2019-12-09T02:01:47.609+0000][1][safepoint    ] Total time for which application threads were stopped: 0.0000794 seconds, Stopping threads took: 0.0000184 seconds
[2019-12-09T02:01:48.610+0000][1][safepoint    ] Application time: 1.0000772 seconds
[2019-12-09T02:01:48.610+0000][1][safepoint    ] Entering safepoint region: Cleanup
[2019-12-09T02:01:48.610+0000][1][safepoint    ] Leaving safepoint region
[2019-12-09T02:01:48.610+0000][1][safepoint    ] Total time for which application threads were stopped: 0.0000805 seconds, Stopping threads took: 0.0000203 seconds
[2019-12-09T02:01:49.610+0000][1][safepoint    ] Application time: 1.0000777 seconds
[2019-12-09T02:01:49.610+0000][1][safepoint    ] Entering safepoint region: Cleanup
[2019-12-09T02:01:49.610+0000][1][safepoint    ] Leaving safepoint region
[2019-12-09T02:01:49.610+0000][1][safepoint    ] Total time for which application threads were stopped: 0.0000776 seconds, Stopping threads took: 0.0000166 seconds
[2019-12-09T02:01:50.610+0000][1][safepoint    ] Application time: 1.0000757 seconds
[2019-12-09T02:01:50.610+0000][1][safepoint    ] Entering safepoint region: Cleanup
[2019-12-09T02:01:50.610+0000][1][safepoint    ] Leaving safepoint region
[2019-12-09T02:01:50.610+0000][1][safepoint    ] Total time for which application threads were stopped: 0.0000894 seconds, Stopping threads took: 0.0000250 seconds
[2019-12-09T02:01:51.610+0000][1][safepoint    ] Application time: 1.0000765 seconds
[2019-12-09T02:01:51.610+0000][1][safepoint    ] Entering safepoint region: Cleanup
[2019-12-09T02:01:51.610+0000][1][safepoint    ] Leaving safepoint region
[2019-12-09T02:01:51.610+0000][1][safepoint    ] Total time for which application threads were stopped: 0.0000788 seconds, Stopping threads took: 0.0000180 seconds
[2019-12-09T02:01:52.610+0000][1][safepoint    ] Application time: 1.0000753 seconds
[2019-12-09T02:01:52.610+0000][1][safepoint    ] Entering safepoint region: Cleanup
[2019-12-09T02:01:52.610+0000][1][safepoint    ] Leaving safepoint region
[2019-12-09T02:01:52.610+0000][1][safepoint    ] Total time for which application threads were stopped: 0.0000781 seconds, Stopping threads took: 0.0000188 seconds
[2019-12-09T02:01:53.610+0000][1][safepoint    ] Application time: 1.0000745 seconds
[2019-12-09T02:01:53.611+0000][1][safepoint    ] Entering safepoint region: Cleanup
[2019-12-09T02:01:53.611+0000][1][safepoint    ] Leaving safepoint region
[2019-12-09T02:01:53.611+0000][1][safepoint    ] Total time for which application threads were stopped: 0.0000825 seconds, Stopping threads took: 0.0000185 seconds
[2019-12-09T02:01:54.611+0000][1][safepoint    ] Application time: 1.0000744 seconds
[2019-12-09T02:01:54.611+0000][1][safepoint    ] Entering safepoint region: Cleanup
[2019-12-09T02:01:54.611+0000][1][safepoint    ] Leaving safepoint region
[2019-12-09T02:01:54.611+0000][1][safepoint    ] Total time for which application threads were stopped: 0.0000857 seconds, Stopping threads took: 0.0000187 seconds
[2019-12-09T02:01:55.611+0000][1][safepoint    ] Application time: 1.0000758 seconds
[2019-12-09T02:01:55.611+0000][1][safepoint    ] Entering safepoint region: Cleanup
[2019-12-09T02:01:55.611+0000][1][safepoint    ] Leaving safepoint region
[2019-12-09T02:01:55.611+0000][1][safepoint    ] Total time for which application threads were stopped: 0.0000796 seconds, Stopping threads took: 0.0000191 seconds
[2019-12-09T02:01:56.611+0000][1][safepoint    ] Application time: 1.0000752 seconds
[2019-12-09T02:01:56.611+0000][1][safepoint    ] Entering safepoint region: Cleanup
[2019-12-09T02:01:56.611+0000][1][safepoint    ] Leaving safepoint region
[2019-12-09T02:01:56.611+0000][1][safepoint    ] Total time for which application threads were stopped: 0.0000791 seconds, Stopping threads took: 0.0000190 seconds
[2019-12-09T02:01:57.611+0000][1][safepoint    ] Application time: 1.0000754 seconds
[2019-12-09T02:01:57.611+0000][1][safepoint    ] Entering safepoint region: Cleanup
[2019-12-09T02:01:57.611+0000][1][safepoint    ] Leaving safepoint region
[2019-12-09T02:01:57.611+0000][1][safepoint    ] Total time for which application threads were stopped: 0.0000784 seconds, Stopping threads took: 0.0000188 seconds
[2019-12-09T02:01:58.611+0000][1][safepoint    ] Application time: 1.0000763 seconds
[2019-12-09T02:01:58.611+0000][1][safepoint    ] Entering safepoint region: Cleanup
[2019-12-09T02:01:58.612+0000][1][safepoint    ] Leaving safepoint region
[2019-12-09T02:01:58.612+0000][1][safepoint    ] Total time for which application threads were stopped: 0.0000807 seconds, Stopping threads took: 0.0000200 seconds
[2019-12-09T02:01:59.612+0000][1][safepoint    ] Application time: 1.0000756 seconds
[2019-12-09T02:01:59.612+0000][1][safepoint    ] Entering safepoint region: Cleanup
[2019-12-09T02:01:59.612+0000][1][safepoint    ] Leaving safepoint region
[2019-12-09T02:01:59.612+0000][1][safepoint    ] Total time for which application threads were stopped: 0.0000916 seconds, Stopping threads took: 0.0000324 seconds
[2019-12-09T02:02:00.612+0000][1][safepoint    ] Application time: 1.0000767 seconds
[2019-12-09T02:02:00.612+0000][1][safepoint    ] Entering safepoint region: Cleanup
[2019-12-09T02:02:00.612+0000][1][safepoint    ] Leaving safepoint region
[2019-12-09T02:02:00.612+0000][1][safepoint    ] Total time for which application threads were stopped: 0.0000829 seconds, Stopping threads took: 0.0000233 seconds
[2019-12-09T02:02:01.612+0000][1][safepoint    ] Application time: 1.0000763 seconds
[2019-12-09T02:02:01.612+0000][1][safepoint    ] Entering safepoint region: Cleanup
[2019-12-09T02:02:01.612+0000][1][safepoint    ] Leaving safepoint region
[2019-12-09T02:02:01.612+0000][1][safepoint    ] Total time for which application threads were stopped: 0.0000788 seconds, Stopping threads took: 0.0000193 seconds
[2019-12-09T02:02:02.612+0000][1][safepoint    ] Application time: 1.0000756 seconds
[2019-12-09T02:02:02.612+0000][1][safepoint    ] Entering safepoint region: Cleanup
[2019-12-09T02:02:02.612+0000][1][safepoint    ] Leaving safepoint region
[2019-12-09T02:02:02.612+0000][1][safepoint    ] Total time for which application threads were stopped: 0.0000792 seconds, Stopping threads took: 0.0000191 seconds
[2019-12-09T02:02:03.612+0000][1][safepoint    ] Application time: 1.0000756 seconds
[2019-12-09T02:02:03.612+0000][1][safepoint    ] Entering safepoint region: Cleanup
[2019-12-09T02:02:03.613+0000][1][safepoint    ] Leaving safepoint region
[2019-12-09T02:02:03.613+0000][1][safepoint    ] Total time for which application threads were stopped: 0.0000824 seconds, Stopping threads took: 0.0000185 seconds
[2019-12-09T02:02:04.613+0000][1][safepoint    ] Application time: 1.0000722 seconds
[2019-12-09T02:02:04.613+0000][1][safepoint    ] Entering safepoint region: Cleanup
[2019-12-09T02:02:04.613+0000][1][safepoint    ] Leaving safepoint region
[2019-12-09T02:02:04.613+0000][1][safepoint    ] Total time for which application threads were stopped: 0.0000901 seconds, Stopping threads took: 0.0000175 seconds
[2019-12-09T02:02:05.613+0000][1][safepoint    ] Application time: 1.0000767 seconds
[2019-12-09T02:02:05.613+0000][1][safepoint    ] Entering safepoint region: Cleanup
[2019-12-09T02:02:05.613+0000][1][safepoint    ] Leaving safepoint region
[2019-12-09T02:02:05.613+0000][1][safepoint    ] Total time for which application threads were stopped: 0.0000767 seconds, Stopping threads took: 0.0000185 seconds
[2019-12-09T02:02:06.613+0000][1][safepoint    ] Application time: 1.0000764 seconds
[2019-12-09T02:02:06.613+0000][1][safepoint    ] Entering safepoint region: Cleanup
[2019-12-09T02:02:06.613+0000][1][safepoint    ] Leaving safepoint region
[2019-12-09T02:02:06.613+0000][1][safepoint    ] Total time for which application threads were stopped: 0.0000813 seconds, Stopping threads took: 0.0000187 seconds
[2019-12-09T02:02:07.613+0000][1][safepoint    ] Application time: 1.0000753 seconds
[2019-12-09T02:02:07.613+0000][1][safepoint    ] Entering safepoint region: Cleanup
[2019-12-09T02:02:07.613+0000][1][safepoint    ] Leaving safepoint region
[2019-12-09T02:02:07.613+0000][1][safepoint    ] Total time for which application threads were stopped: 0.0000753 seconds, Stopping threads took: 0.0000177 seconds
[2019-12-09T02:02:08.613+0000][1][safepoint    ] Application time: 1.0000756 seconds
[2019-12-09T02:02:08.613+0000][1][safepoint    ] Entering safepoint region: Cleanup
[2019-12-09T02:02:08.613+0000][1][safepoint    ] Leaving safepoint region
[2019-12-09T02:02:08.613+0000][1][safepoint    ] Total time for which application threads were stopped: 0.0000766 seconds, Stopping threads took: 0.0000179 seconds
[2019-12-09T02:02:09.614+0000][1][safepoint    ] Application time: 1.0000756 seconds
[2019-12-09T02:02:09.614+0000][1][safepoint    ] Entering safepoint region: Cleanup
[2019-12-09T02:02:09.614+0000][1][safepoint    ] Leaving safepoint region
[2019-12-09T02:02:09.614+0000][1][safepoint    ] Total time for which application threads were stopped: 0.0000797 seconds, Stopping threads took: 0.0000192 seconds
[2019-12-09T02:02:10.614+0000][1][safepoint    ] Application time: 1.0000759 seconds
[2019-12-09T02:02:10.614+0000][1][safepoint    ] Entering safepoint region: Cleanup
[2019-12-09T02:02:10.614+0000][1][safepoint    ] Leaving safepoint region
[2019-12-09T02:02:10.614+0000][1][safepoint    ] Total time for which application threads were stopped: 0.0000851 seconds, Stopping threads took: 0.0000261 seconds
[2019-12-09T02:02:11.614+0000][1][safepoint    ] Application time: 1.0000768 seconds
[2019-12-09T02:02:11.614+0000][1][safepoint    ] Entering safepoint region: Cleanup
[2019-12-09T02:02:11.614+0000][1][safepoint    ] Leaving safepoint region
[2019-12-09T02:02:11.614+0000][1][safepoint    ] Total time for which application threads were stopped: 0.0000859 seconds, Stopping threads took: 0.0000189 seconds
[2019-12-09T02:02:12.614+0000][1][safepoint    ] Application time: 1.0000829 seconds
[2019-12-09T02:02:12.614+0000][1][safepoint    ] Entering safepoint region: Cleanup
[2019-12-09T02:02:12.614+0000][1][safepoint    ] Leaving safepoint region
[2019-12-09T02:02:12.614+0000][1][safepoint    ] Total time for which application threads were stopped: 0.0000763 seconds, Stopping threads took: 0.0000163 seconds
[2019-12-09T02:02:13.614+0000][1][safepoint    ] Application time: 1.0000782 seconds
[2019-12-09T02:02:13.614+0000][1][safepoint    ] Entering safepoint region: Cleanup
[2019-12-09T02:02:13.614+0000][1][safepoint    ] Leaving safepoint region
[2019-12-09T02:02:13.614+0000][1][safepoint    ] Total time for which application threads were stopped: 0.0000789 seconds, Stopping threads took: 0.0000182 seconds
[2019-12-09T02:02:14.615+0000][1][safepoint    ] Application time: 1.0000778 seconds
[2019-12-09T02:02:14.615+0000][1][safepoint    ] Entering safepoint region: Cleanup
[2019-12-09T02:02:14.615+0000][1][safepoint    ] Leaving safepoint region
[2019-12-09T02:02:14.615+0000][1][safepoint    ] Total time for which application threads were stopped: 0.0000758 seconds, Stopping threads took: 0.0000174 seconds
[2019-12-09T02:02:15.615+0000][1][safepoint    ] Application time: 1.0000860 seconds
[2019-12-09T02:02:15.615+0000][1][safepoint    ] Entering safepoint region: Cleanup
[2019-12-09T02:02:15.615+0000][1][safepoint    ] Leaving safepoint region
[2019-12-09T02:02:15.615+0000][1][safepoint    ] Total time for which application threads were stopped: 0.0000769 seconds, Stopping threads took: 0.0000177 seconds
[2019-12-09T02:02:17.497+0000][1][safepoint    ] Application time: 1.8823060 seconds
[2019-12-09T02:02:17.497+0000][1][safepoint    ] Entering safepoint region: Cleanup
[2019-12-09T02:02:17.497+0000][1][safepoint    ] Leaving safepoint region
[2019-12-09T02:02:17.497+0000][1][safepoint    ] Total time for which application threads were stopped: 0.0000829 seconds, Stopping threads took: 0.0000183 seconds
[2019-12-09T02:02:18.497+0000][1][safepoint    ] Application time: 1.0000767 seconds
[2019-12-09T02:02:18.497+0000][1][safepoint    ] Entering safepoint region: Cleanup
[2019-12-09T02:02:18.497+0000][1][safepoint    ] Leaving safepoint region
[2019-12-09T02:02:18.497+0000][1][safepoint    ] Total time for which application threads were stopped: 0.0000765 seconds, Stopping threads took: 0.0000168 seconds
[2019-12-09T02:02:19.498+0000][1][safepoint    ] Application time: 1.0000763 seconds
[2019-12-09T02:02:19.498+0000][1][safepoint    ] Entering safepoint region: Cleanup
[2019-12-09T02:02:19.498+0000][1][safepoint    ] Leaving safepoint region
[2019-12-09T02:02:19.498+0000][1][safepoint    ] Total time for which application threads were stopped: 0.0000846 seconds, Stopping threads took: 0.0000184 seconds
[2019-12-09T02:02:20.498+0000][1][safepoint    ] Application time: 1.0000771 seconds
[2019-12-09T02:02:20.498+0000][1][safepoint    ] Entering safepoint region: Cleanup
[2019-12-09T02:02:20.498+0000][1][safepoint    ] Leaving safepoint region
[2019-12-09T02:02:20.498+0000][1][safepoint    ] Total time for which application threads were stopped: 0.0000809 seconds, Stopping threads took: 0.0000186 seconds
[2019-12-09T02:02:21.498+0000][1][safepoint    ] Application time: 1.0000857 seconds
[2019-12-09T02:02:21.498+0000][1][safepoint    ] Entering safepoint region: Cleanup
[2019-12-09T02:02:21.498+0000][1][safepoint    ] Leaving safepoint region
[2019-12-09T02:02:21.498+0000][1][safepoint    ] Total time for which application threads were stopped: 0.0001138 seconds, Stopping threads took: 0.0000244 seconds
[2019-12-09T02:02:22.498+0000][1][safepoint    ] Application time: 1.0000777 seconds
[2019-12-09T02:02:22.498+0000][1][safepoint    ] Entering safepoint region: Cleanup
[2019-12-09T02:02:22.498+0000][1][safepoint    ] Leaving safepoint region
[2019-12-09T02:02:22.498+0000][1][safepoint    ] Total time for which application threads were stopped: 0.0000796 seconds, Stopping threads took: 0.0000182 seconds
[2019-12-09T02:02:23.498+0000][1][safepoint    ] Application time: 1.0000759 seconds
[2019-12-09T02:02:23.498+0000][1][safepoint    ] Entering safepoint region: Cleanup
[2019-12-09T02:02:23.498+0000][1][safepoint    ] Leaving safepoint region
[2019-12-09T02:02:23.498+0000][1][safepoint    ] Total time for which application threads were stopped: 0.0000785 seconds, Stopping threads took: 0.0000184 seconds
[2019-12-09T02:02:24.499+0000][1][safepoint    ] Application time: 1.0000750 seconds
[2019-12-09T02:02:24.499+0000][1][safepoint    ] Entering safepoint region: Cleanup
[2019-12-09T02:02:24.499+0000][1][safepoint    ] Leaving safepoint region
[2019-12-09T02:02:24.499+0000][1][safepoint    ] Total time for which application threads were stopped: 0.0000783 seconds, Stopping threads took: 0.0000188 seconds
[2019-12-09T02:02:25.499+0000][1][safepoint    ] Application time: 1.0000764 seconds
[2019-12-09T02:02:25.499+0000][1][safepoint    ] Entering safepoint region: Cleanup
[2019-12-09T02:02:25.499+0000][1][safepoint    ] Leaving safepoint region
[2019-12-09T02:02:25.499+0000][1][safepoint    ] Total time for which application threads were stopped: 0.0000794 seconds, Stopping threads took: 0.0000179 seconds
[2019-12-09T02:02:26.499+0000][1][safepoint    ] Application time: 1.0000779 seconds
[2019-12-09T02:02:26.499+0000][1][safepoint    ] Entering safepoint region: Cleanup
[2019-12-09T02:02:26.499+0000][1][safepoint    ] Leaving safepoint region
[2019-12-09T02:02:26.499+0000][1][safepoint    ] Total time for which application threads were stopped: 0.0000818 seconds, Stopping threads took: 0.0000203 seconds
[2019-12-09T02:02:27.499+0000][1][safepoint    ] Application time: 1.0000758 seconds
[2019-12-09T02:02:27.499+0000][1][safepoint    ] Entering safepoint region: Cleanup
[2019-12-09T02:02:27.499+0000][1][safepoint    ] Leaving safepoint region
[2019-12-09T02:02:27.499+0000][1][safepoint    ] Total time for which application threads were stopped: 0.0000778 seconds, Stopping threads took: 0.0000174 seconds
[2019-12-09T02:02:28.499+0000][1][safepoint    ] Application time: 1.0000751 seconds
[2019-12-09T02:02:28.499+0000][1][safepoint    ] Entering safepoint region: Cleanup
[2019-12-09T02:02:28.499+0000][1][safepoint    ] Leaving safepoint region
[2019-12-09T02:02:28.499+0000][1][safepoint    ] Total time for which application threads were stopped: 0.0000777 seconds, Stopping threads took: 0.0000163 seconds
[2019-12-09T02:02:29.500+0000][1][safepoint    ] Application time: 1.0000758 seconds
[2019-12-09T02:02:29.500+0000][1][safepoint    ] Entering safepoint region: Cleanup
[2019-12-09T02:02:29.500+0000][1][safepoint    ] Leaving safepoint region
[2019-12-09T02:02:29.500+0000][1][safepoint    ] Total time for which application threads were stopped: 0.0000874 seconds, Stopping threads took: 0.0000268 seconds
[2019-12-09T02:02:30.501+0000][1][safepoint    ] Application time: 1.0010719 seconds
[2019-12-09T02:02:30.501+0000][1][safepoint    ] Entering safepoint region: Cleanup
[2019-12-09T02:02:30.501+0000][1][safepoint    ] Leaving safepoint region
[2019-12-09T02:02:30.501+0000][1][safepoint    ] Total time for which application threads were stopped: 0.0001140 seconds, Stopping threads took: 0.0000253 seconds
[2019-12-09T02:02:31.501+0000][1][safepoint    ] Application time: 1.0000791 seconds
[2019-12-09T02:02:31.501+0000][1][safepoint    ] Entering safepoint region: Cleanup
[2019-12-09T02:02:31.501+0000][1][safepoint    ] Leaving safepoint region
[2019-12-09T02:02:31.501+0000][1][safepoint    ] Total time for which application threads were stopped: 0.0000907 seconds, Stopping threads took: 0.0000161 seconds
[2019-12-09T02:02:32.501+0000][1][safepoint    ] Application time: 1.0000913 seconds
[2019-12-09T02:02:32.501+0000][1][safepoint    ] Entering safepoint region: Cleanup
[2019-12-09T02:02:32.501+0000][1][safepoint    ] Leaving safepoint region
[2019-12-09T02:02:32.501+0000][1][safepoint    ] Total time for which application threads were stopped: 0.0001479 seconds, Stopping threads took: 0.0000360 seconds
[2019-12-09T02:02:33.502+0000][1][safepoint    ] Application time: 1.0000811 seconds
[2019-12-09T02:02:33.502+0000][1][safepoint    ] Entering safepoint region: Cleanup
[2019-12-09T02:02:33.502+0000][1][safepoint    ] Leaving safepoint region
[2019-12-09T02:02:33.502+0000][1][safepoint    ] Total time for which application threads were stopped: 0.0000788 seconds, Stopping threads took: 0.0000168 seconds
[2019-12-09T02:02:34.502+0000][1][safepoint    ] Application time: 1.0000753 seconds
[2019-12-09T02:02:34.502+0000][1][safepoint    ] Entering safepoint region: Cleanup
[2019-12-09T02:02:34.502+0000][1][safepoint    ] Leaving safepoint region
[2019-12-09T02:02:34.502+0000][1][safepoint    ] Total time for which application threads were stopped: 0.0001001 seconds, Stopping threads took: 0.0000150 seconds
[2019-12-09T02:02:35.502+0000][1][safepoint    ] Application time: 1.0000748 seconds
[2019-12-09T02:02:35.502+0000][1][safepoint    ] Entering safepoint region: Cleanup
[2019-12-09T02:02:35.502+0000][1][safepoint    ] Leaving safepoint region
[2019-12-09T02:02:35.502+0000][1][safepoint    ] Total time for which application threads were stopped: 0.0000766 seconds, Stopping threads took: 0.0000173 seconds
[2019-12-09T02:02:36.502+0000][1][safepoint    ] Application time: 1.0000786 seconds
[2019-12-09T02:02:36.502+0000][1][safepoint    ] Entering safepoint region: Cleanup
[2019-12-09T02:02:36.502+0000][1][safepoint    ] Leaving safepoint region
[2019-12-09T02:02:36.502+0000][1][safepoint    ] Total time for which application threads were stopped: 0.0000753 seconds, Stopping threads took: 0.0000152 seconds
[2019-12-09T02:02:37.502+0000][1][safepoint    ] Application time: 1.0000892 seconds
[2019-12-09T02:02:37.502+0000][1][safepoint    ] Entering safepoint region: Cleanup
[2019-12-09T02:02:37.502+0000][1][safepoint    ] Leaving safepoint region
[2019-12-09T02:02:37.502+0000][1][safepoint    ] Total time for which application threads were stopped: 0.0001041 seconds, Stopping threads took: 0.0000227 seconds
[2019-12-09T02:02:38.503+0000][1][safepoint    ] Application time: 1.0000747 seconds
[2019-12-09T02:02:38.503+0000][1][safepoint    ] Entering safepoint region: Cleanup
[2019-12-09T02:02:38.503+0000][1][safepoint    ] Leaving safepoint region
[2019-12-09T02:02:38.503+0000][1][safepoint    ] Total time for which application threads were stopped: 0.0000786 seconds, Stopping threads took: 0.0000178 seconds
[2019-12-09T02:02:39.503+0000][1][safepoint    ] Application time: 1.0000377 seconds
[2019-12-09T02:02:39.503+0000][1][safepoint    ] Entering safepoint region: Cleanup
[2019-12-09T02:02:39.503+0000][1][safepoint    ] Leaving safepoint region
[2019-12-09T02:02:39.503+0000][1][safepoint    ] Total time for which application threads were stopped: 0.0000888 seconds, Stopping threads took: 0.0000247 seconds
[2019-12-09T02:02:40.504+0000][1][safepoint    ] Application time: 1.0009641 seconds
[2019-12-09T02:02:40.504+0000][1][safepoint    ] Entering safepoint region: Cleanup
[2019-12-09T02:02:40.504+0000][1][safepoint    ] Leaving safepoint region
[2019-12-09T02:02:40.504+0000][1][safepoint    ] Total time for which application threads were stopped: 0.0001171 seconds, Stopping threads took: 0.0000247 seconds
[2019-12-09T02:02:40.853+0000][1][safepoint    ] Application time: 0.3490212 seconds
[2019-12-09T02:02:40.853+0000][1][safepoint    ] Entering safepoint region: RevokeBias
[2019-12-09T02:02:40.853+0000][1][safepoint    ] Leaving safepoint region
[2019-12-09T02:02:40.853+0000][1][safepoint    ] Total time for which application threads were stopped: 0.0001221 seconds, Stopping threads took: 0.0000237 seconds
[2019-12-09T02:02:40.853+0000][1][safepoint    ] Application time: 0.0000999 seconds
[2019-12-09T02:02:40.853+0000][1][safepoint    ] Entering safepoint region: RevokeBias
[2019-12-09T02:02:40.853+0000][1][safepoint    ] Leaving safepoint region
[2019-12-09T02:02:40.853+0000][1][safepoint    ] Total time for which application threads were stopped: 0.0000716 seconds, Stopping threads took: 0.0000116 seconds
[2019-12-09T02:02:40.854+0000][1][safepoint    ] Application time: 0.0008941 seconds
[2019-12-09T02:02:40.858+0000][1][safepoint    ] Entering safepoint region: RevokeBias
[2019-12-09T02:02:40.858+0000][1][safepoint    ] Leaving safepoint region
[2019-12-09T02:02:40.858+0000][1][safepoint    ] Total time for which application threads were stopped: 0.0033421 seconds, Stopping threads took: 0.0032654 seconds
[2019-12-09T02:02:40.858+0000][1][safepoint    ] Application time: 0.0007473 seconds
[2019-12-09T02:02:40.858+0000][1][safepoint    ] Entering safepoint region: RevokeBias
[2019-12-09T02:02:40.858+0000][1][safepoint    ] Leaving safepoint region
[2019-12-09T02:02:40.858+0000][1][safepoint    ] Total time for which application threads were stopped: 0.0000821 seconds, Stopping threads took: 0.0000182 seconds
[2019-12-09T02:02:40.859+0000][1][safepoint    ] Application time: 0.0001028 seconds
[2019-12-09T02:02:40.859+0000][1][safepoint    ] Entering safepoint region: RevokeBias
[2019-12-09T02:02:40.859+0000][1][safepoint    ] Leaving safepoint region
[2019-12-09T02:02:40.859+0000][1][safepoint    ] Total time for which application threads were stopped: 0.0000574 seconds, Stopping threads took: 0.0000106 seconds
[2019-12-09T02:02:40.859+0000][1][safepoint    ] Application time: 0.0004205 seconds
[2019-12-09T02:02:40.859+0000][1][safepoint    ] Entering safepoint region: RevokeBias
[2019-12-09T02:02:40.859+0000][1][safepoint    ] Leaving safepoint region
[2019-12-09T02:02:40.859+0000][1][safepoint    ] Total time for which application threads were stopped: 0.0000728 seconds, Stopping threads took: 0.0000128 seconds
[2019-12-09T02:02:40.869+0000][1][safepoint    ] Application time: 0.0099345 seconds
[2019-12-09T02:02:40.873+0000][1][safepoint    ] Entering safepoint region: RevokeBias
[2019-12-09T02:02:40.873+0000][1][safepoint    ] Leaving safepoint region
[2019-12-09T02:02:40.873+0000][1][safepoint    ] Total time for which application threads were stopped: 0.0040104 seconds, Stopping threads took: 0.0039315 seconds
[2019-12-09T02:02:40.885+0000][1][safepoint    ] Application time: 0.0116808 seconds
[2019-12-09T02:02:40.887+0000][1][safepoint    ] Entering safepoint region: RevokeBias
[2019-12-09T02:02:40.887+0000][1][safepoint    ] Leaving safepoint region
[2019-12-09T02:02:40.887+0000][1][safepoint    ] Total time for which application threads were stopped: 0.0026222 seconds, Stopping threads took: 0.0025499 seconds
[2019-12-09T02:02:40.891+0000][1][safepoint    ] Application time: 0.0033406 seconds
[2019-12-09T02:02:40.893+0000][1][safepoint    ] Entering safepoint region: RevokeBias
[2019-12-09T02:02:40.893+0000][1][safepoint    ] Leaving safepoint region
[2019-12-09T02:02:40.893+0000][1][safepoint    ] Total time for which application threads were stopped: 0.0023588 seconds, Stopping threads took: 0.0022805 seconds
[2019-12-09T02:02:40.894+0000][1][safepoint    ] Application time: 0.0005907 seconds
[2019-12-09T02:02:40.894+0000][1][safepoint    ] Entering safepoint region: RevokeBias
[2019-12-09T02:02:40.894+0000][1][safepoint    ] Leaving safepoint region
[2019-12-09T02:02:40.894+0000][1][safepoint    ] Total time for which application threads were stopped: 0.0000653 seconds, Stopping threads took: 0.0000135 seconds
[2019-12-09T02:02:40.894+0000][1][safepoint    ] Application time: 0.0000736 seconds
[2019-12-09T02:02:40.894+0000][1][safepoint    ] Entering safepoint region: RevokeBias
[2019-12-09T02:02:40.894+0000][1][safepoint    ] Leaving safepoint region
[2019-12-09T02:02:40.894+0000][1][safepoint    ] Total time for which application threads were stopped: 0.0000636 seconds, Stopping threads took: 0.0000094 seconds
[2019-12-09T02:02:40.894+0000][1][safepoint    ] Application time: 0.0000675 seconds
[2019-12-09T02:02:40.894+0000][1][safepoint    ] Entering safepoint region: RevokeBias
[2019-12-09T02:02:40.894+0000][1][safepoint    ] Leaving safepoint region
[2019-12-09T02:02:40.894+0000][1][safepoint    ] Total time for which application threads were stopped: 0.0000471 seconds, Stopping threads took: 0.0000092 seconds
[2019-12-09T02:02:40.894+0000][1][safepoint    ] Application time: 0.0001138 seconds
[2019-12-09T02:02:40.894+0000][1][safepoint    ] Entering safepoint region: RevokeBias
[2019-12-09T02:02:40.894+0000][1][safepoint    ] Leaving safepoint region
[2019-12-09T02:02:40.894+0000][1][safepoint    ] Total time for which application threads were stopped: 0.0000522 seconds, Stopping threads took: 0.0000097 seconds
[2019-12-09T02:02:40.894+0000][1][safepoint    ] Application time: 0.0000600 seconds
[2019-12-09T02:02:40.894+0000][1][safepoint    ] Entering safepoint region: RevokeBias
[2019-12-09T02:02:40.894+0000][1][safepoint    ] Leaving safepoint region
[2019-12-09T02:02:40.894+0000][1][safepoint    ] Total time for which application threads were stopped: 0.0000504 seconds, Stopping threads took: 0.0000087 seconds
[2019-12-09T02:02:40.895+0000][1][safepoint    ] Application time: 0.0002011 seconds
[2019-12-09T02:02:40.895+0000][1][safepoint    ] Entering safepoint region: RevokeBias
[2019-12-09T02:02:40.895+0000][1][safepoint    ] Leaving safepoint region
[2019-12-09T02:02:40.895+0000][1][safepoint    ] Total time for which application threads were stopped: 0.0000627 seconds, Stopping threads took: 0.0000121 seconds
[2019-12-09T02:02:40.895+0000][1][safepoint    ] Application time: 0.0000705 seconds
[2019-12-09T02:02:40.895+0000][1][safepoint    ] Entering safepoint region: RevokeBias
[2019-12-09T02:02:40.895+0000][1][safepoint    ] Leaving safepoint region
[2019-12-09T02:02:40.895+0000][1][safepoint    ] Total time for which application threads were stopped: 0.0000486 seconds, Stopping threads took: 0.0000091 seconds
[2019-12-09T02:02:40.896+0000][1][safepoint    ] Application time: 0.0011595 seconds
[2019-12-09T02:02:40.896+0000][1][safepoint    ] Entering safepoint region: RevokeBias
[2019-12-09T02:02:40.896+0000][1][safepoint    ] Leaving safepoint region
[2019-12-09T02:02:40.896+0000][1][safepoint    ] Total time for which application threads were stopped: 0.0000728 seconds, Stopping threads took: 0.0000136 seconds
[2019-12-09T02:02:40.984+0000][1][safepoint    ] Application time: 0.0880171 seconds
[2019-12-09T02:02:40.984+0000][1][safepoint    ] Entering safepoint region: RevokeBias
[2019-12-09T02:02:40.984+0000][1][safepoint    ] Leaving safepoint region
[2019-12-09T02:02:40.984+0000][1][safepoint    ] Total time for which application threads were stopped: 0.0001758 seconds, Stopping threads took: 0.0000636 seconds
[2019-12-09T02:02:40.985+0000][1][safepoint    ] Application time: 0.0001468 seconds
[2019-12-09T02:02:40.985+0000][1][safepoint    ] Entering safepoint region: RevokeBias
[2019-12-09T02:02:40.985+0000][1][safepoint    ] Leaving safepoint region
[2019-12-09T02:02:40.985+0000][1][safepoint    ] Total time for which application threads were stopped: 0.0000831 seconds, Stopping threads took: 0.0000129 seconds
[2019-12-09T02:02:40.985+0000][1][safepoint    ] Application time: 0.0002259 seconds
[2019-12-09T02:02:40.985+0000][1][safepoint    ] Entering safepoint region: RevokeBias
[2019-12-09T02:02:40.985+0000][1][safepoint    ] Leaving safepoint region
[2019-12-09T02:02:40.985+0000][1][safepoint    ] Total time for which application threads were stopped: 0.0000844 seconds, Stopping threads took: 0.0000127 seconds
[2019-12-09T02:02:40.985+0000][1][safepoint    ] Application time: 0.0001368 seconds
[2019-12-09T02:02:40.985+0000][1][safepoint    ] Entering safepoint region: RevokeBias
[2019-12-09T02:02:40.985+0000][1][safepoint    ] Leaving safepoint region
[2019-12-09T02:02:40.985+0000][1][safepoint    ] Total time for which application threads were stopped: 0.0000791 seconds, Stopping threads took: 0.0000110 seconds
[2019-12-09T02:02:40.996+0000][1][safepoint    ] Application time: 0.0104744 seconds
[2019-12-09T02:02:41.003+0000][1][safepoint    ] Entering safepoint region: RevokeBias
[2019-12-09T02:02:41.003+0000][1][safepoint    ] Leaving safepoint region
[2019-12-09T02:02:41.003+0000][1][safepoint    ] Total time for which application threads were stopped: 0.0072270 seconds, Stopping threads took: 0.0071058 seconds
[2019-12-09T02:02:41.007+0000][1][safepoint    ] Application time: 0.0040340 seconds
[2019-12-09T02:02:41.007+0000][1][safepoint    ] Entering safepoint region: RevokeBias
[2019-12-09T02:02:41.007+0000][1][safepoint    ] Leaving safepoint region
[2019-12-09T02:02:41.007+0000][1][safepoint    ] Total time for which application threads were stopped: 0.0001620 seconds, Stopping threads took: 0.0000572 seconds
[2019-12-09T02:02:41.008+0000][1][safepoint    ] Application time: 0.0005007 seconds
[2019-12-09T02:02:41.008+0000][1][safepoint    ] Entering safepoint region: RevokeBias
[2019-12-09T02:02:41.008+0000][1][safepoint    ] Leaving safepoint region
[2019-12-09T02:02:41.008+0000][1][safepoint    ] Total time for which application threads were stopped: 0.0000995 seconds, Stopping threads took: 0.0000132 seconds
[2019-12-09T02:02:41.008+0000][1][safepoint    ] Application time: 0.0002999 seconds
[2019-12-09T02:02:41.008+0000][1][safepoint    ] Entering safepoint region: RevokeBias
[2019-12-09T02:02:41.008+0000][1][safepoint    ] Leaving safepoint region
[2019-12-09T02:02:41.008+0000][1][safepoint    ] Total time for which application threads were stopped: 0.0000868 seconds, Stopping threads took: 0.0000116 seconds
[2019-12-09T02:02:41.018+0000][1][safepoint    ] Application time: 0.0096308 seconds
[2019-12-09T02:02:41.018+0000][1][safepoint    ] Entering safepoint region: RevokeBias
[2019-12-09T02:02:41.018+0000][1][safepoint    ] Leaving safepoint region
[2019-12-09T02:02:41.018+0000][1][safepoint    ] Total time for which application threads were stopped: 0.0000881 seconds, Stopping threads took: 0.0000132 seconds
[2019-12-09T02:02:41.018+0000][1][safepoint    ] Application time: 0.0001987 seconds
[2019-12-09T02:02:41.018+0000][1][safepoint    ] Entering safepoint region: RevokeBias
[2019-12-09T02:02:41.018+0000][1][safepoint    ] Leaving safepoint region
[2019-12-09T02:02:41.018+0000][1][safepoint    ] Total time for which application threads were stopped: 0.0000813 seconds, Stopping threads took: 0.0000125 seconds
[2019-12-09T02:02:41.020+0000][1][safepoint    ] Application time: 0.0012260 seconds
[2019-12-09T02:02:41.020+0000][1][safepoint    ] Entering safepoint region: RevokeBias
[2019-12-09T02:02:41.020+0000][1][safepoint    ] Leaving safepoint region
[2019-12-09T02:02:41.020+0000][1][safepoint    ] Total time for which application threads were stopped: 0.0000986 seconds, Stopping threads took: 0.0000134 seconds
[2019-12-09T02:02:41.020+0000][1][safepoint    ] Application time: 0.0001780 seconds
[2019-12-09T02:02:41.020+0000][1][safepoint    ] Entering safepoint region: RevokeBias
[2019-12-09T02:02:41.020+0000][1][safepoint    ] Leaving safepoint region
[2019-12-09T02:02:41.020+0000][1][safepoint    ] Total time for which application threads were stopped: 0.0000793 seconds, Stopping threads took: 0.0000109 seconds
[2019-12-09T02:02:41.020+0000][1][safepoint    ] Application time: 0.0001326 seconds
[2019-12-09T02:02:41.020+0000][1][safepoint    ] Entering safepoint region: RevokeBias
[2019-12-09T02:02:41.020+0000][1][safepoint    ] Leaving safepoint region
[2019-12-09T02:02:41.020+0000][1][safepoint    ] Total time for which application threads were stopped: 0.0000727 seconds, Stopping threads took: 0.0000106 seconds
[2019-12-09T02:02:41.021+0000][1][safepoint    ] Application time: 0.0004072 seconds
[2019-12-09T02:02:41.021+0000][1][safepoint    ] Entering safepoint region: RevokeBias
[2019-12-09T02:02:41.021+0000][1][safepoint    ] Leaving safepoint region
[2019-12-09T02:02:41.021+0000][1][safepoint    ] Total time for which application threads were stopped: 0.0000917 seconds, Stopping threads took: 0.0000113 seconds
[2019-12-09T02:02:41.039+0000][1][safepoint    ] Application time: 0.0185358 seconds
[2019-12-09T02:02:41.039+0000][1][safepoint    ] Entering safepoint region: RevokeBias
[2019-12-09T02:02:41.040+0000][1][safepoint    ] Leaving safepoint region
[2019-12-09T02:02:41.040+0000][1][safepoint    ] Total time for which application threads were stopped: 0.0004917 seconds, Stopping threads took: 0.0000883 seconds
[2019-12-09T02:02:41.052+0000][1][safepoint    ] Application time: 0.0121529 seconds
[2019-12-09T02:02:41.052+0000][1][safepoint    ] Entering safepoint region: RevokeBias
[2019-12-09T02:02:41.052+0000][1][safepoint    ] Leaving safepoint region
[2019-12-09T02:02:41.052+0000][1][safepoint    ] Total time for which application threads were stopped: 0.0001852 seconds, Stopping threads took: 0.0000135 seconds
[2019-12-09T02:02:41.052+0000][1][safepoint    ] Application time: 0.0003180 seconds
[2019-12-09T02:02:41.052+0000][1][safepoint    ] Entering safepoint region: RevokeBias
[2019-12-09T02:02:41.053+0000][1][safepoint    ] Leaving safepoint region
[2019-12-09T02:02:41.053+0000][1][safepoint    ] Total time for which application threads were stopped: 0.0001129 seconds, Stopping threads took: 0.0000378 seconds
[2019-12-09T02:02:41.053+0000][1][safepoint    ] Application time: 0.0005660 seconds
[2019-12-09T02:02:41.057+0000][1][safepoint    ] Entering safepoint region: RevokeBias
[2019-12-09T02:02:41.057+0000][1][safepoint    ] Leaving safepoint region
[2019-12-09T02:02:41.057+0000][1][safepoint    ] Total time for which application threads were stopped: 0.0037728 seconds, Stopping threads took: 0.0036132 seconds
[2019-12-09T02:02:41.074+0000][1][safepoint    ] Application time: 0.0165852 seconds
[2019-12-09T02:02:41.074+0000][1][safepoint    ] Entering safepoint region: RevokeBias
[2019-12-09T02:02:41.074+0000][1][safepoint    ] Leaving safepoint region
[2019-12-09T02:02:41.074+0000][1][safepoint    ] Total time for which application threads were stopped: 0.0008658 seconds, Stopping threads took: 0.0007427 seconds
[2019-12-09T02:02:41.147+0000][1][safepoint    ] Application time: 0.0728301 seconds
[2019-12-09T02:02:41.147+0000][1][safepoint    ] Entering safepoint region: RevokeBias
[2019-12-09T02:02:41.147+0000][1][safepoint    ] Leaving safepoint region
[2019-12-09T02:02:41.147+0000][1][safepoint    ] Total time for which application threads were stopped: 0.0001093 seconds, Stopping threads took: 0.0000194 seconds
[2019-12-09T02:02:41.161+0000][1][safepoint    ] Application time: 0.0134976 seconds
[2019-12-09T02:02:41.161+0000][1][safepoint    ] Entering safepoint region: RevokeBias
[2019-12-09T02:02:41.161+0000][1][safepoint    ] Leaving safepoint region
[2019-12-09T02:02:41.161+0000][1][safepoint    ] Total time for which application threads were stopped: 0.0001149 seconds, Stopping threads took: 0.0000158 seconds
[2019-12-09T02:02:41.162+0000][1][safepoint    ] Application time: 0.0006767 seconds
[2019-12-09T02:02:41.162+0000][1][safepoint    ] Entering safepoint region: RevokeBias
[2019-12-09T02:02:41.162+0000][1][safepoint    ] Leaving safepoint region
[2019-12-09T02:02:41.162+0000][1][safepoint    ] Total time for which application threads were stopped: 0.0000940 seconds, Stopping threads took: 0.0000142 seconds
[2019-12-09T02:02:41.162+0000][1][safepoint    ] Application time: 0.0001075 seconds
[2019-12-09T02:02:41.162+0000][1][safepoint    ] Entering safepoint region: RevokeBias
[2019-12-09T02:02:41.162+0000][1][safepoint    ] Leaving safepoint region
[2019-12-09T02:02:41.162+0000][1][safepoint    ] Total time for which application threads were stopped: 0.0000590 seconds, Stopping threads took: 0.0000106 seconds
[2019-12-09T02:02:41.162+0000][1][safepoint    ] Application time: 0.0002077 seconds
[2019-12-09T02:02:41.162+0000][1][safepoint    ] Entering safepoint region: RevokeBias
[2019-12-09T02:02:41.162+0000][1][safepoint    ] Leaving safepoint region
[2019-12-09T02:02:41.162+0000][1][safepoint    ] Total time for which application threads were stopped: 0.0000659 seconds, Stopping threads took: 0.0000111 seconds
[2019-12-09T02:02:41.162+0000][1][safepoint    ] Application time: 0.0000607 seconds
[2019-12-09T02:02:41.162+0000][1][safepoint    ] Entering safepoint region: RevokeBias
[2019-12-09T02:02:41.162+0000][1][safepoint    ] Leaving safepoint region
[2019-12-09T02:02:41.162+0000][1][safepoint    ] Total time for which application threads were stopped: 0.0000509 seconds, Stopping threads took: 0.0000094 seconds
[2019-12-09T02:02:41.164+0000][1][safepoint    ] Application time: 0.0018489 seconds
[2019-12-09T02:02:41.164+0000][1][safepoint    ] Entering safepoint region: RevokeBias
[2019-12-09T02:02:41.164+0000][1][safepoint    ] Leaving safepoint region
[2019-12-09T02:02:41.164+0000][1][safepoint    ] Total time for which application threads were stopped: 0.0000635 seconds, Stopping threads took: 0.0000131 seconds
[2019-12-09T02:02:41.164+0000][1][safepoint    ] Application time: 0.0000654 seconds
[2019-12-09T02:02:41.164+0000][1][safepoint    ] Entering safepoint region: RevokeBias
[2019-12-09T02:02:41.165+0000][1][safepoint    ] Leaving safepoint region
[2019-12-09T02:02:41.165+0000][1][safepoint    ] Total time for which application threads were stopped: 0.0000498 seconds, Stopping threads took: 0.0000094 seconds
[2019-12-09T02:02:41.165+0000][1][safepoint    ] Application time: 0.0000563 seconds
[2019-12-09T02:02:41.165+0000][1][safepoint    ] Entering safepoint region: RevokeBias
[2019-12-09T02:02:41.165+0000][1][safepoint    ] Leaving safepoint region
[2019-12-09T02:02:41.165+0000][1][safepoint    ] Total time for which application threads were stopped: 0.0000486 seconds, Stopping threads took: 0.0000091 seconds
[2019-12-09T02:02:41.165+0000][1][safepoint    ] Application time: 0.0000913 seconds
[2019-12-09T02:02:41.165+0000][1][safepoint    ] Entering safepoint region: RevokeBias
[2019-12-09T02:02:41.165+0000][1][safepoint    ] Leaving safepoint region
[2019-12-09T02:02:41.165+0000][1][safepoint    ] Total time for which application threads were stopped: 0.0000568 seconds, Stopping threads took: 0.0000094 seconds
[2019-12-09T02:02:41.165+0000][1][safepoint    ] Application time: 0.0000646 seconds
[2019-12-09T02:02:41.165+0000][1][safepoint    ] Entering safepoint region: RevokeBias
[2019-12-09T02:02:41.165+0000][1][safepoint    ] Leaving safepoint region
[2019-12-09T02:02:41.165+0000][1][safepoint    ] Total time for which application threads were stopped: 0.0000435 seconds, Stopping threads took: 0.0000080 seconds
[2019-12-09T02:02:41.165+0000][1][safepoint    ] Application time: 0.0000711 seconds
[2019-12-09T02:02:41.165+0000][1][safepoint    ] Entering safepoint region: RevokeBias
[2019-12-09T02:02:41.165+0000][1][safepoint    ] Leaving safepoint region
[2019-12-09T02:02:41.165+0000][1][safepoint    ] Total time for which application threads were stopped: 0.0000411 seconds, Stopping threads took: 0.0000079 seconds
[2019-12-09T02:02:41.166+0000][1][safepoint    ] Application time: 0.0009121 seconds
[2019-12-09T02:02:41.166+0000][1][safepoint    ] Entering safepoint region: RevokeBias
[2019-12-09T02:02:41.166+0000][1][safepoint    ] Leaving safepoint region
[2019-12-09T02:02:41.166+0000][1][safepoint    ] Total time for which application threads were stopped: 0.0000612 seconds, Stopping threads took: 0.0000121 seconds
[2019-12-09T02:02:41.170+0000][1][safepoint    ] Application time: 0.0035232 seconds
[2019-12-09T02:02:41.170+0000][1][safepoint    ] Entering safepoint region: BulkRevokeBias
[2019-12-09T02:02:41.170+0000][1][safepoint    ] Leaving safepoint region
[2019-12-09T02:02:41.170+0000][1][safepoint    ] Total time for which application threads were stopped: 0.0003297 seconds, Stopping threads took: 0.0000113 seconds
[2019-12-09T02:02:41.223+0000][1][safepoint    ] Application time: 0.0527650 seconds
[2019-12-09T02:02:41.223+0000][1][safepoint    ] Entering safepoint region: RevokeBias
[2019-12-09T02:02:41.223+0000][1][safepoint    ] Leaving safepoint region
[2019-12-09T02:02:41.223+0000][1][safepoint    ] Total time for which application threads were stopped: 0.0001825 seconds, Stopping threads took: 0.0001176 seconds
[2019-12-09T02:02:41.243+0000][1][safepoint    ] Application time: 0.0196338 seconds
[2019-12-09T02:02:41.243+0000][1][safepoint    ] Entering safepoint region: RevokeBias
[2019-12-09T02:02:41.243+0000][1][safepoint    ] Leaving safepoint region
[2019-12-09T02:02:41.243+0000][1][safepoint    ] Total time for which application threads were stopped: 0.0000657 seconds, Stopping threads took: 0.0000130 seconds
[2019-12-09T02:02:41.243+0000][1][safepoint    ] Application time: 0.0004990 seconds
[2019-12-09T02:02:41.243+0000][1][safepoint    ] Entering safepoint region: RevokeBias
[2019-12-09T02:02:41.243+0000][1][safepoint    ] Leaving safepoint region
[2019-12-09T02:02:41.243+0000][1][safepoint    ] Total time for which application threads were stopped: 0.0000607 seconds, Stopping threads took: 0.0000107 seconds
[2019-12-09T02:02:41.248+0000][1][safepoint    ] Application time: 0.0050932 seconds
[2019-12-09T02:02:41.248+0000][1][safepoint    ] Entering safepoint region: RevokeBias
[2019-12-09T02:02:41.248+0000][1][safepoint    ] Leaving safepoint region
[2019-12-09T02:02:41.248+0000][1][safepoint    ] Total time for which application threads were stopped: 0.0000590 seconds, Stopping threads took: 0.0000127 seconds
[2019-12-09T02:02:41.254+0000][1][safepoint    ] Application time: 0.0060022 seconds
[2019-12-09T02:02:41.254+0000][1][safepoint    ] Entering safepoint region: RevokeBias
[2019-12-09T02:02:41.254+0000][1][safepoint    ] Leaving safepoint region
[2019-12-09T02:02:41.254+0000][1][safepoint    ] Total time for which application threads were stopped: 0.0000479 seconds, Stopping threads took: 0.0000102 seconds
[2019-12-09T02:02:41.258+0000][1][safepoint    ] Application time: 0.0037369 seconds
[2019-12-09T02:02:41.258+0000][1][safepoint    ] Entering safepoint region: RevokeBias
[2019-12-09T02:02:41.258+0000][1][safepoint    ] Leaving safepoint region
[2019-12-09T02:02:41.258+0000][1][safepoint    ] Total time for which application threads were stopped: 0.0000448 seconds, Stopping threads took: 0.0000102 seconds
[2019-12-09T02:02:41.260+0000][1][safepoint    ] Application time: 0.0015397 seconds
[2019-12-09T02:02:41.260+0000][1][safepoint    ] Entering safepoint region: RevokeBias
[2019-12-09T02:02:41.260+0000][1][safepoint    ] Leaving safepoint region
[2019-12-09T02:02:41.260+0000][1][safepoint    ] Total time for which application threads were stopped: 0.0000507 seconds, Stopping threads took: 0.0000194 seconds
[2019-12-09T02:02:41.263+0000][1][gc,heap,exit ] Heap
[2019-12-09T02:02:41.263+0000][1][gc,heap,exit ]  par new generation   total 78656K, used 44124K [0x00000000f0000000, 0x00000000f5550000, 0x00000000f5550000)
[2019-12-09T02:02:41.263+0000][1][gc,heap,exit ]   eden space 69952K,  56% used [0x00000000f0000000, 0x00000000f26a78c8, 0x00000000f4450000)
[2019-12-09T02:02:41.263+0000][1][gc,heap,exit ]   from space 8704K,  52% used [0x00000000f4cd0000, 0x00000000f513f760, 0x00000000f5550000)
[2019-12-09T02:02:41.263+0000][1][gc,heap,exit ]   to   space 8704K,   0% used [0x00000000f4450000, 0x00000000f4450000, 0x00000000f4cd0000)
[2019-12-09T02:02:41.263+0000][1][gc,heap,exit ]  concurrent mark-sweep generation total 174784K, used 66374K [0x00000000f5550000, 0x0000000100000000, 0x0000000100000000)
[2019-12-09T02:02:41.263+0000][1][gc,heap,exit ]  Metaspace       used 69233K, capacity 74333K, committed 74404K, reserved 1112064K
[2019-12-09T02:02:41.263+0000][1][gc,heap,exit ]   class space    used 9334K, capacity 11525K, committed 11540K, reserved 1048576K
[2019-12-09T02:02:41.263+0000][1][safepoint    ] Application time: 0.0035180 seconds
[2019-12-09T02:02:41.263+0000][1][safepoint    ] Entering safepoint region: Exit
