[2019-12-09T02:31:56.188+0000][1][gc] Using Concurrent Mark Sweep
[2019-12-09T02:31:56.188+0000][1][gc,heap,coops] Heap address: 0x00000000f0000000, size: 256 MB, Compressed Oops mode: 32-bit
[2019-12-09T02:31:56.599+0000][1][safepoint    ] Entering safepoint region: EnableBiasedLocking
[2019-12-09T02:31:56.599+0000][1][safepoint    ] Leaving safepoint region
[2019-12-09T02:31:56.599+0000][1][safepoint    ] Total time for which application threads were stopped: 0.0249260 seconds, Stopping threads took: 0.0248020 seconds
[2019-12-09T02:31:56.608+0000][1][safepoint    ] Application time: 0.0059267 seconds
[2019-12-09T02:31:56.620+0000][1][safepoint    ] Entering safepoint region: RevokeBias
[2019-12-09T02:31:56.620+0000][1][safepoint    ] Leaving safepoint region
[2019-12-09T02:31:56.620+0000][1][safepoint    ] Total time for which application threads were stopped: 0.0121120 seconds, Stopping threads took: 0.0120008 seconds
[2019-12-09T02:31:56.724+0000][1][safepoint    ] Application time: 0.1043312 seconds
[2019-12-09T02:31:56.724+0000][1][safepoint    ] Entering safepoint region: Deoptimize
[2019-12-09T02:31:56.724+0000][1][safepoint    ] Leaving safepoint region
[2019-12-09T02:31:56.724+0000][1][safepoint    ] Total time for which application threads were stopped: 0.0000609 seconds, Stopping threads took: 0.0000113 seconds
[2019-12-09T02:31:57.523+0000][1][safepoint    ] Application time: 0.7982583 seconds
[2019-12-09T02:31:57.523+0000][1][safepoint    ] Entering safepoint region: Deoptimize
[2019-12-09T02:31:57.523+0000][1][safepoint    ] Leaving safepoint region
[2019-12-09T02:31:57.523+0000][1][safepoint    ] Total time for which application threads were stopped: 0.0001107 seconds, Stopping threads took: 0.0000104 seconds
[2019-12-09T02:31:58.531+0000][1][safepoint    ] Application time: 1.0080634 seconds
[2019-12-09T02:31:58.533+0000][1][safepoint    ] Entering safepoint region: Cleanup
[2019-12-09T02:31:58.533+0000][1][safepoint    ] Leaving safepoint region
[2019-12-09T02:31:58.533+0000][1][safepoint    ] Total time for which application threads were stopped: 0.0025406 seconds, Stopping threads took: 0.0024659 seconds
[2019-12-09T02:31:58.613+0000][1][safepoint    ] Application time: 0.0794829 seconds
[2019-12-09T02:31:58.613+0000][1][safepoint    ] Entering safepoint region: Deoptimize
[2019-12-09T02:31:58.613+0000][1][safepoint    ] Leaving safepoint region
[2019-12-09T02:31:58.613+0000][1][safepoint    ] Total time for which application threads were stopped: 0.0001465 seconds, Stopping threads took: 0.0000122 seconds
[2019-12-09T02:31:58.927+0000][1][safepoint    ] Application time: 0.3143775 seconds
[2019-12-09T02:31:58.927+0000][1][safepoint    ] Entering safepoint region: Deoptimize
[2019-12-09T02:31:58.928+0000][1][safepoint    ] Leaving safepoint region
[2019-12-09T02:31:58.928+0000][1][safepoint    ] Total time for which application threads were stopped: 0.0001475 seconds, Stopping threads took: 0.0000109 seconds
[2019-12-09T02:31:59.363+0000][1][safepoint    ] Application time: 0.4357401 seconds
[2019-12-09T02:31:59.363+0000][1][safepoint    ] Entering safepoint region: Deoptimize
[2019-12-09T02:31:59.364+0000][1][safepoint    ] Leaving safepoint region
[2019-12-09T02:31:59.364+0000][1][safepoint    ] Total time for which application threads were stopped: 0.0001706 seconds, Stopping threads took: 0.0000113 seconds
[2019-12-09T02:31:59.434+0000][1][safepoint    ] Application time: 0.0708907 seconds
[2019-12-09T02:31:59.434+0000][1][safepoint    ] Entering safepoint region: Deoptimize
[2019-12-09T02:31:59.435+0000][1][safepoint    ] Leaving safepoint region
[2019-12-09T02:31:59.435+0000][1][safepoint    ] Total time for which application threads were stopped: 0.0001552 seconds, Stopping threads took: 0.0000117 seconds
[2019-12-09T02:32:00.466+0000][1][safepoint    ] Application time: 1.0310744 seconds
[2019-12-09T02:32:00.466+0000][1][safepoint    ] Entering safepoint region: Cleanup
[2019-12-09T02:32:00.466+0000][1][safepoint    ] Leaving safepoint region
[2019-12-09T02:32:00.466+0000][1][safepoint    ] Total time for which application threads were stopped: 0.0000790 seconds, Stopping threads took: 0.0000391 seconds
[2019-12-09T02:32:01.470+0000][1][safepoint    ] Application time: 1.0042468 seconds
[2019-12-09T02:32:01.484+0000][1][safepoint    ] Entering safepoint region: Cleanup
[2019-12-09T02:32:01.484+0000][1][safepoint    ] Leaving safepoint region
[2019-12-09T02:32:01.484+0000][1][safepoint    ] Total time for which application threads were stopped: 0.0136951 seconds, Stopping threads took: 0.0136378 seconds
[2019-12-09T02:32:02.490+0000][1][safepoint    ] Application time: 1.0058907 seconds
[2019-12-09T02:32:02.490+0000][1][safepoint    ] Entering safepoint region: Cleanup
[2019-12-09T02:32:02.490+0000][1][safepoint    ] Leaving safepoint region
[2019-12-09T02:32:02.490+0000][1][safepoint    ] Total time for which application threads were stopped: 0.0000711 seconds, Stopping threads took: 0.0000133 seconds
[2019-12-09T02:32:02.744+0000][1][safepoint    ] Application time: 0.2542623 seconds
[2019-12-09T02:32:02.744+0000][1][safepoint    ] Entering safepoint region: Deoptimize
[2019-12-09T02:32:02.744+0000][1][safepoint    ] Leaving safepoint region
[2019-12-09T02:32:02.744+0000][1][safepoint    ] Total time for which application threads were stopped: 0.0001965 seconds, Stopping threads took: 0.0000112 seconds
[2019-12-09T02:32:03.764+0000][1][safepoint    ] Application time: 1.0193739 seconds
[2019-12-09T02:32:03.764+0000][1][safepoint    ] Entering safepoint region: Cleanup
[2019-12-09T02:32:03.764+0000][1][safepoint    ] Leaving safepoint region
[2019-12-09T02:32:03.764+0000][1][safepoint    ] Total time for which application threads were stopped: 0.0000502 seconds, Stopping threads took: 0.0000142 seconds
[2019-12-09T02:32:04.772+0000][1][safepoint    ] Application time: 1.0079007 seconds
[2019-12-09T02:32:04.772+0000][1][safepoint    ] Entering safepoint region: Cleanup
[2019-12-09T02:32:04.772+0000][1][safepoint    ] Leaving safepoint region
[2019-12-09T02:32:04.772+0000][1][safepoint    ] Total time for which application threads were stopped: 0.0000618 seconds, Stopping threads took: 0.0000165 seconds
[2019-12-09T02:32:05.774+0000][1][safepoint    ] Application time: 1.0018872 seconds
[2019-12-09T02:32:05.816+0000][1][safepoint    ] Entering safepoint region: Cleanup
[2019-12-09T02:32:05.817+0000][1][safepoint    ] Leaving safepoint region
[2019-12-09T02:32:05.817+0000][1][safepoint    ] Total time for which application threads were stopped: 0.0427821 seconds, Stopping threads took: 0.0427015 seconds
[2019-12-09T02:32:06.232+0000][1][safepoint    ] Application time: 0.4149848 seconds
[2019-12-09T02:32:06.232+0000][1][safepoint    ] Entering safepoint region: Deoptimize
[2019-12-09T02:32:06.232+0000][1][safepoint    ] Leaving safepoint region
[2019-12-09T02:32:06.232+0000][1][safepoint    ] Total time for which application threads were stopped: 0.0002432 seconds, Stopping threads took: 0.0000107 seconds
[2019-12-09T02:32:07.242+0000][1][safepoint    ] Application time: 1.0104444 seconds
[2019-12-09T02:32:07.305+0000][1][safepoint    ] Entering safepoint region: Cleanup
[2019-12-09T02:32:07.305+0000][1][safepoint    ] Leaving safepoint region
[2019-12-09T02:32:07.305+0000][1][safepoint    ] Total time for which application threads were stopped: 0.0626314 seconds, Stopping threads took: 0.0625645 seconds
[2019-12-09T02:32:07.395+0000][1][safepoint    ] Application time: 0.0897764 seconds
[2019-12-09T02:32:07.395+0000][1][safepoint    ] Entering safepoint region: Deoptimize
[2019-12-09T02:32:07.395+0000][1][safepoint    ] Leaving safepoint region
[2019-12-09T02:32:07.395+0000][1][safepoint    ] Total time for which application threads were stopped: 0.0002456 seconds, Stopping threads took: 0.0000125 seconds
[2019-12-09T02:32:07.395+0000][1][safepoint    ] Application time: 0.0001922 seconds
[2019-12-09T02:32:07.395+0000][1][safepoint    ] Entering safepoint region: Deoptimize
[2019-12-09T02:32:07.395+0000][1][safepoint    ] Leaving safepoint region
[2019-12-09T02:32:07.395+0000][1][safepoint    ] Total time for which application threads were stopped: 0.0001359 seconds, Stopping threads took: 0.0000091 seconds
[2019-12-09T02:32:07.664+0000][1][safepoint    ] Application time: 0.2690046 seconds
[2019-12-09T02:32:07.664+0000][1][safepoint    ] Entering safepoint region: Deoptimize
[2019-12-09T02:32:07.665+0000][1][safepoint    ] Leaving safepoint region
[2019-12-09T02:32:07.665+0000][1][safepoint    ] Total time for which application threads were stopped: 0.0002558 seconds, Stopping threads took: 0.0000123 seconds
[2019-12-09T02:32:07.738+0000][1][safepoint    ] Application time: 0.0735901 seconds
[2019-12-09T02:32:07.738+0000][1][safepoint    ] Entering safepoint region: RevokeBias
[2019-12-09T02:32:07.739+0000][1][safepoint    ] Leaving safepoint region
[2019-12-09T02:32:07.739+0000][1][safepoint    ] Total time for which application threads were stopped: 0.0002499 seconds, Stopping threads took: 0.0002077 seconds
[2019-12-09T02:32:07.739+0000][1][safepoint    ] Application time: 0.0002193 seconds
[2019-12-09T02:32:07.739+0000][1][safepoint    ] Entering safepoint region: RevokeBias
[2019-12-09T02:32:07.739+0000][1][safepoint    ] Leaving safepoint region
[2019-12-09T02:32:07.739+0000][1][safepoint    ] Total time for which application threads were stopped: 0.0000321 seconds, Stopping threads took: 0.0000087 seconds
[2019-12-09T02:32:07.739+0000][1][safepoint    ] Application time: 0.0000461 seconds
[2019-12-09T02:32:07.739+0000][1][safepoint    ] Entering safepoint region: RevokeBias
[2019-12-09T02:32:07.739+0000][1][safepoint    ] Leaving safepoint region
[2019-12-09T02:32:07.739+0000][1][safepoint    ] Total time for which application threads were stopped: 0.0000245 seconds, Stopping threads took: 0.0000067 seconds
[2019-12-09T02:32:07.739+0000][1][safepoint    ] Application time: 0.0000609 seconds
[2019-12-09T02:32:07.739+0000][1][safepoint    ] Entering safepoint region: RevokeBias
[2019-12-09T02:32:07.739+0000][1][safepoint    ] Leaving safepoint region
[2019-12-09T02:32:07.739+0000][1][safepoint    ] Total time for which application threads were stopped: 0.0000247 seconds, Stopping threads took: 0.0000067 seconds
[2019-12-09T02:32:07.739+0000][1][safepoint    ] Application time: 0.0001272 seconds
[2019-12-09T02:32:07.739+0000][1][safepoint    ] Entering safepoint region: RevokeBias
[2019-12-09T02:32:07.739+0000][1][safepoint    ] Leaving safepoint region
[2019-12-09T02:32:07.739+0000][1][safepoint    ] Total time for which application threads were stopped: 0.0000277 seconds, Stopping threads took: 0.0000072 seconds
[2019-12-09T02:32:08.764+0000][1][safepoint    ] Application time: 1.0245755 seconds
[2019-12-09T02:32:08.829+0000][1][safepoint    ] Entering safepoint region: Cleanup
[2019-12-09T02:32:08.829+0000][1][safepoint    ] Leaving safepoint region
[2019-12-09T02:32:08.829+0000][1][safepoint    ] Total time for which application threads were stopped: 0.0657093 seconds, Stopping threads took: 0.0656415 seconds
[2019-12-09T02:32:09.642+0000][1][safepoint    ] Application time: 0.8121871 seconds
[2019-12-09T02:32:09.642+0000][1][safepoint    ] Entering safepoint region: GenCollectForAllocation
[2019-12-09T02:32:09.642+0000][1][gc,start     ] GC(0) Pause Young (Allocation Failure)
[2019-12-09T02:32:09.670+0000][1][gc,task      ] GC(0) Using 2 workers of 2 for evacuation
[2019-12-09T02:32:09.806+0000][1][gc,age       ] GC(0) Desired survivor size 4456448 bytes, new threshold 1 (max threshold 6)
[2019-12-09T02:32:09.806+0000][1][gc,age       ] GC(0) Age table with threshold 1 (max threshold 6)
[2019-12-09T02:32:09.806+0000][1][gc,age       ] GC(0) - age   1:    6706992 bytes,    6706992 total
[2019-12-09T02:32:09.806+0000][1][gc,heap      ] GC(0) ParNew: 69952K->6598K(78656K)
[2019-12-09T02:32:09.806+0000][1][gc,heap      ] GC(0) CMS: 0K->0K(174784K)
[2019-12-09T02:32:09.806+0000][1][gc,metaspace ] GC(0) Metaspace: 12922K->12922K(1060864K)
[2019-12-09T02:32:09.806+0000][1][gc           ] GC(0) Pause Young (Allocation Failure) 68M->6M(247M) 164.273ms
[2019-12-09T02:32:09.806+0000][1][gc,cpu       ] GC(0) User=0.02s Sys=0.00s Real=0.17s
[2019-12-09T02:32:09.806+0000][1][safepoint    ] Leaving safepoint region
[2019-12-09T02:32:09.806+0000][1][safepoint    ] Total time for which application threads were stopped: 0.1644688 seconds, Stopping threads took: 0.0000481 seconds
[2019-12-09T02:32:09.808+0000][1][safepoint    ] Application time: 0.0020876 seconds
[2019-12-09T02:32:09.808+0000][1][safepoint    ] Entering safepoint region: RevokeBias
[2019-12-09T02:32:09.809+0000][1][safepoint    ] Leaving safepoint region
[2019-12-09T02:32:09.809+0000][1][safepoint    ] Total time for which application threads were stopped: 0.0003226 seconds, Stopping threads took: 0.0002093 seconds
[2019-12-09T02:32:09.809+0000][1][safepoint    ] Application time: 0.0001374 seconds
[2019-12-09T02:32:09.809+0000][1][safepoint    ] Entering safepoint region: RevokeBias
[2019-12-09T02:32:09.809+0000][1][safepoint    ] Leaving safepoint region
[2019-12-09T02:32:09.809+0000][1][safepoint    ] Total time for which application threads were stopped: 0.0000689 seconds, Stopping threads took: 0.0000088 seconds
[2019-12-09T02:32:09.809+0000][1][safepoint    ] Application time: 0.0000612 seconds
[2019-12-09T02:32:09.809+0000][1][safepoint    ] Entering safepoint region: RevokeBias
[2019-12-09T02:32:09.809+0000][1][safepoint    ] Leaving safepoint region
[2019-12-09T02:32:09.809+0000][1][safepoint    ] Total time for which application threads were stopped: 0.0000567 seconds, Stopping threads took: 0.0000078 seconds
[2019-12-09T02:32:09.809+0000][1][safepoint    ] Application time: 0.0000479 seconds
[2019-12-09T02:32:09.809+0000][1][safepoint    ] Entering safepoint region: RevokeBias
[2019-12-09T02:32:09.809+0000][1][safepoint    ] Leaving safepoint region
[2019-12-09T02:32:09.809+0000][1][safepoint    ] Total time for which application threads were stopped: 0.0000519 seconds, Stopping threads took: 0.0000070 seconds
[2019-12-09T02:32:09.809+0000][1][safepoint    ] Application time: 0.0000538 seconds
[2019-12-09T02:32:09.809+0000][1][safepoint    ] Entering safepoint region: RevokeBias
[2019-12-09T02:32:09.809+0000][1][safepoint    ] Leaving safepoint region
[2019-12-09T02:32:09.809+0000][1][safepoint    ] Total time for which application threads were stopped: 0.0000513 seconds, Stopping threads took: 0.0000076 seconds
[2019-12-09T02:32:09.809+0000][1][safepoint    ] Application time: 0.0000458 seconds
[2019-12-09T02:32:09.809+0000][1][safepoint    ] Entering safepoint region: RevokeBias
[2019-12-09T02:32:09.809+0000][1][safepoint    ] Leaving safepoint region
[2019-12-09T02:32:09.809+0000][1][safepoint    ] Total time for which application threads were stopped: 0.0000513 seconds, Stopping threads took: 0.0000069 seconds
[2019-12-09T02:32:09.809+0000][1][safepoint    ] Application time: 0.0000532 seconds
[2019-12-09T02:32:09.809+0000][1][safepoint    ] Entering safepoint region: RevokeBias
[2019-12-09T02:32:09.809+0000][1][safepoint    ] Leaving safepoint region
[2019-12-09T02:32:09.809+0000][1][safepoint    ] Total time for which application threads were stopped: 0.0000535 seconds, Stopping threads took: 0.0000072 seconds
[2019-12-09T02:32:09.810+0000][1][safepoint    ] Application time: 0.0000479 seconds
[2019-12-09T02:32:09.810+0000][1][safepoint    ] Entering safepoint region: RevokeBias
[2019-12-09T02:32:09.810+0000][1][safepoint    ] Leaving safepoint region
[2019-12-09T02:32:09.810+0000][1][safepoint    ] Total time for which application threads were stopped: 0.0000505 seconds, Stopping threads took: 0.0000073 seconds
[2019-12-09T02:32:09.810+0000][1][safepoint    ] Application time: 0.0000523 seconds
[2019-12-09T02:32:09.810+0000][1][safepoint    ] Entering safepoint region: RevokeBias
[2019-12-09T02:32:09.810+0000][1][safepoint    ] Leaving safepoint region
[2019-12-09T02:32:09.810+0000][1][safepoint    ] Total time for which application threads were stopped: 0.0000703 seconds, Stopping threads took: 0.0000069 seconds
[2019-12-09T02:32:09.810+0000][1][safepoint    ] Application time: 0.0000473 seconds
[2019-12-09T02:32:09.810+0000][1][safepoint    ] Entering safepoint region: RevokeBias
[2019-12-09T02:32:09.810+0000][1][safepoint    ] Leaving safepoint region
[2019-12-09T02:32:09.810+0000][1][safepoint    ] Total time for which application threads were stopped: 0.0000621 seconds, Stopping threads took: 0.0000132 seconds
[2019-12-09T02:32:09.810+0000][1][safepoint    ] Application time: 0.0000548 seconds
[2019-12-09T02:32:09.810+0000][1][safepoint    ] Entering safepoint region: RevokeBias
[2019-12-09T02:32:09.810+0000][1][safepoint    ] Leaving safepoint region
[2019-12-09T02:32:09.810+0000][1][safepoint    ] Total time for which application threads were stopped: 0.0000534 seconds, Stopping threads took: 0.0000072 seconds
[2019-12-09T02:32:09.810+0000][1][safepoint    ] Application time: 0.0000458 seconds
[2019-12-09T02:32:09.810+0000][1][safepoint    ] Entering safepoint region: RevokeBias
[2019-12-09T02:32:09.810+0000][1][safepoint    ] Leaving safepoint region
[2019-12-09T02:32:09.810+0000][1][safepoint    ] Total time for which application threads were stopped: 0.0000499 seconds, Stopping threads took: 0.0000069 seconds
[2019-12-09T02:32:09.810+0000][1][safepoint    ] Application time: 0.0000546 seconds
[2019-12-09T02:32:09.810+0000][1][safepoint    ] Entering safepoint region: RevokeBias
[2019-12-09T02:32:09.810+0000][1][safepoint    ] Leaving safepoint region
[2019-12-09T02:32:09.810+0000][1][safepoint    ] Total time for which application threads were stopped: 0.0000542 seconds, Stopping threads took: 0.0000069 seconds
[2019-12-09T02:32:09.810+0000][1][safepoint    ] Application time: 0.0000485 seconds
[2019-12-09T02:32:09.810+0000][1][safepoint    ] Entering safepoint region: RevokeBias
[2019-12-09T02:32:09.810+0000][1][safepoint    ] Leaving safepoint region
[2019-12-09T02:32:09.810+0000][1][safepoint    ] Total time for which application threads were stopped: 0.0000498 seconds, Stopping threads took: 0.0000072 seconds
[2019-12-09T02:32:09.810+0000][1][safepoint    ] Application time: 0.0000519 seconds
[2019-12-09T02:32:09.810+0000][1][safepoint    ] Entering safepoint region: RevokeBias
[2019-12-09T02:32:09.810+0000][1][safepoint    ] Leaving safepoint region
[2019-12-09T02:32:09.810+0000][1][safepoint    ] Total time for which application threads were stopped: 0.0000496 seconds, Stopping threads took: 0.0000067 seconds
[2019-12-09T02:32:09.810+0000][1][safepoint    ] Application time: 0.0000444 seconds
[2019-12-09T02:32:09.810+0000][1][safepoint    ] Entering safepoint region: RevokeBias
[2019-12-09T02:32:09.811+0000][1][safepoint    ] Leaving safepoint region
[2019-12-09T02:32:09.811+0000][1][safepoint    ] Total time for which application threads were stopped: 0.0000477 seconds, Stopping threads took: 0.0000065 seconds
[2019-12-09T02:32:09.811+0000][1][safepoint    ] Application time: 0.0000560 seconds
[2019-12-09T02:32:09.811+0000][1][safepoint    ] Entering safepoint region: RevokeBias
[2019-12-09T02:32:09.811+0000][1][safepoint    ] Leaving safepoint region
[2019-12-09T02:32:09.811+0000][1][safepoint    ] Total time for which application threads were stopped: 0.0000513 seconds, Stopping threads took: 0.0000076 seconds
[2019-12-09T02:32:09.811+0000][1][safepoint    ] Application time: 0.0000586 seconds
[2019-12-09T02:32:09.811+0000][1][safepoint    ] Entering safepoint region: RevokeBias
[2019-12-09T02:32:09.811+0000][1][safepoint    ] Leaving safepoint region
[2019-12-09T02:32:09.811+0000][1][safepoint    ] Total time for which application threads were stopped: 0.0000507 seconds, Stopping threads took: 0.0000074 seconds
[2019-12-09T02:32:09.811+0000][1][safepoint    ] Application time: 0.0000724 seconds
[2019-12-09T02:32:09.811+0000][1][safepoint    ] Entering safepoint region: RevokeBias
[2019-12-09T02:32:09.811+0000][1][safepoint    ] Leaving safepoint region
[2019-12-09T02:32:09.811+0000][1][safepoint    ] Total time for which application threads were stopped: 0.0000502 seconds, Stopping threads took: 0.0000073 seconds
[2019-12-09T02:32:09.811+0000][1][safepoint    ] Application time: 0.0000453 seconds
[2019-12-09T02:32:09.811+0000][1][safepoint    ] Entering safepoint region: RevokeBias
[2019-12-09T02:32:09.811+0000][1][safepoint    ] Leaving safepoint region
[2019-12-09T02:32:09.811+0000][1][safepoint    ] Total time for which application threads were stopped: 0.0000537 seconds, Stopping threads took: 0.0000124 seconds
[2019-12-09T02:32:09.811+0000][1][safepoint    ] Application time: 0.0000522 seconds
[2019-12-09T02:32:09.811+0000][1][safepoint    ] Entering safepoint region: RevokeBias
[2019-12-09T02:32:09.811+0000][1][safepoint    ] Leaving safepoint region
[2019-12-09T02:32:09.811+0000][1][safepoint    ] Total time for which application threads were stopped: 0.0000513 seconds, Stopping threads took: 0.0000074 seconds
[2019-12-09T02:32:09.811+0000][1][safepoint    ] Application time: 0.0000461 seconds
[2019-12-09T02:32:09.811+0000][1][safepoint    ] Entering safepoint region: RevokeBias
[2019-12-09T02:32:09.811+0000][1][safepoint    ] Leaving safepoint region
[2019-12-09T02:32:09.811+0000][1][safepoint    ] Total time for which application threads were stopped: 0.0000659 seconds, Stopping threads took: 0.0000165 seconds
[2019-12-09T02:32:09.811+0000][1][safepoint    ] Application time: 0.0000613 seconds
[2019-12-09T02:32:09.811+0000][1][safepoint    ] Entering safepoint region: RevokeBias
[2019-12-09T02:32:09.811+0000][1][safepoint    ] Leaving safepoint region
[2019-12-09T02:32:09.811+0000][1][safepoint    ] Total time for which application threads were stopped: 0.0000565 seconds, Stopping threads took: 0.0000081 seconds
[2019-12-09T02:32:09.811+0000][1][safepoint    ] Application time: 0.0000525 seconds
[2019-12-09T02:32:09.811+0000][1][safepoint    ] Entering safepoint region: RevokeBias
[2019-12-09T02:32:09.812+0000][1][safepoint    ] Leaving safepoint region
[2019-12-09T02:32:09.812+0000][1][safepoint    ] Total time for which application threads were stopped: 0.0000595 seconds, Stopping threads took: 0.0000083 seconds
[2019-12-09T02:32:09.812+0000][1][safepoint    ] Application time: 0.0000814 seconds
[2019-12-09T02:32:09.812+0000][1][safepoint    ] Entering safepoint region: RevokeBias
[2019-12-09T02:32:09.812+0000][1][safepoint    ] Leaving safepoint region
[2019-12-09T02:32:09.812+0000][1][safepoint    ] Total time for which application threads were stopped: 0.0000750 seconds, Stopping threads took: 0.0000082 seconds
[2019-12-09T02:32:09.812+0000][1][safepoint    ] Application time: 0.0000533 seconds
[2019-12-09T02:32:09.812+0000][1][safepoint    ] Entering safepoint region: RevokeBias
[2019-12-09T02:32:09.812+0000][1][safepoint    ] Leaving safepoint region
[2019-12-09T02:32:09.812+0000][1][safepoint    ] Total time for which application threads were stopped: 0.0000537 seconds, Stopping threads took: 0.0000077 seconds
[2019-12-09T02:32:09.812+0000][1][safepoint    ] Application time: 0.0003211 seconds
[2019-12-09T02:32:09.812+0000][1][safepoint    ] Entering safepoint region: RevokeBias
[2019-12-09T02:32:09.812+0000][1][safepoint    ] Leaving safepoint region
[2019-12-09T02:32:09.812+0000][1][safepoint    ] Total time for which application threads were stopped: 0.0000645 seconds, Stopping threads took: 0.0000086 seconds
[2019-12-09T02:32:09.812+0000][1][safepoint    ] Application time: 0.0000547 seconds
[2019-12-09T02:32:09.812+0000][1][safepoint    ] Entering safepoint region: RevokeBias
[2019-12-09T02:32:09.812+0000][1][safepoint    ] Leaving safepoint region
[2019-12-09T02:32:09.812+0000][1][safepoint    ] Total time for which application threads were stopped: 0.0000571 seconds, Stopping threads took: 0.0000084 seconds
[2019-12-09T02:32:09.812+0000][1][safepoint    ] Application time: 0.0000665 seconds
[2019-12-09T02:32:09.812+0000][1][safepoint    ] Entering safepoint region: RevokeBias
[2019-12-09T02:32:09.812+0000][1][safepoint    ] Leaving safepoint region
[2019-12-09T02:32:09.813+0000][1][safepoint    ] Total time for which application threads were stopped: 0.0000513 seconds, Stopping threads took: 0.0000072 seconds
[2019-12-09T02:32:09.813+0000][1][safepoint    ] Application time: 0.0000446 seconds
[2019-12-09T02:32:09.813+0000][1][safepoint    ] Entering safepoint region: RevokeBias
[2019-12-09T02:32:09.813+0000][1][safepoint    ] Leaving safepoint region
[2019-12-09T02:32:09.813+0000][1][safepoint    ] Total time for which application threads were stopped: 0.0000567 seconds, Stopping threads took: 0.0000129 seconds
[2019-12-09T02:32:10.856+0000][1][safepoint    ] Application time: 1.0430930 seconds
[2019-12-09T02:32:10.871+0000][1][safepoint    ] Entering safepoint region: Cleanup
[2019-12-09T02:32:10.871+0000][1][safepoint    ] Leaving safepoint region
[2019-12-09T02:32:10.871+0000][1][safepoint    ] Total time for which application threads were stopped: 0.0150717 seconds, Stopping threads took: 0.0149875 seconds
[2019-12-09T02:32:11.075+0000][1][safepoint    ] Application time: 0.2039073 seconds
[2019-12-09T02:32:11.075+0000][1][safepoint    ] Entering safepoint region: Deoptimize
[2019-12-09T02:32:11.075+0000][1][safepoint    ] Leaving safepoint region
[2019-12-09T02:32:11.075+0000][1][safepoint    ] Total time for which application threads were stopped: 0.0003844 seconds, Stopping threads took: 0.0000126 seconds
[2019-12-09T02:32:12.078+0000][1][safepoint    ] Application time: 1.0025969 seconds
[2019-12-09T02:32:12.147+0000][1][safepoint    ] Entering safepoint region: Cleanup
[2019-12-09T02:32:12.147+0000][1][safepoint    ] Leaving safepoint region
[2019-12-09T02:32:12.147+0000][1][safepoint    ] Total time for which application threads were stopped: 0.0693209 seconds, Stopping threads took: 0.0692297 seconds
[2019-12-09T02:32:12.445+0000][1][safepoint    ] Application time: 0.2974646 seconds
[2019-12-09T02:32:12.445+0000][1][safepoint    ] Entering safepoint region: RevokeBias
[2019-12-09T02:32:12.445+0000][1][safepoint    ] Leaving safepoint region
[2019-12-09T02:32:12.445+0000][1][safepoint    ] Total time for which application threads were stopped: 0.0001014 seconds, Stopping threads took: 0.0000141 seconds
[2019-12-09T02:32:13.452+0000][1][safepoint    ] Application time: 1.0069624 seconds
[2019-12-09T02:32:13.453+0000][1][safepoint    ] Entering safepoint region: Cleanup
[2019-12-09T02:32:13.453+0000][1][safepoint    ] Leaving safepoint region
[2019-12-09T02:32:13.453+0000][1][safepoint    ] Total time for which application threads were stopped: 0.0010281 seconds, Stopping threads took: 0.0009716 seconds
[2019-12-09T02:32:13.887+0000][1][safepoint    ] Application time: 0.4344985 seconds
[2019-12-09T02:32:13.887+0000][1][safepoint    ] Entering safepoint region: GenCollectForAllocation
[2019-12-09T02:32:13.887+0000][1][gc,start     ] GC(1) Pause Young (Allocation Failure)
[2019-12-09T02:32:13.887+0000][1][gc,task      ] GC(1) Using 2 workers of 2 for evacuation
[2019-12-09T02:32:14.254+0000][1][gc,age       ] GC(1) Desired survivor size 4456448 bytes, new threshold 6 (max threshold 6)
[2019-12-09T02:32:14.254+0000][1][gc,age       ] GC(1) Age table with threshold 6 (max threshold 6)
[2019-12-09T02:32:14.254+0000][1][gc,age       ] GC(1) - age   1:    1193576 bytes,    1193576 total
[2019-12-09T02:32:14.254+0000][1][gc,heap      ] GC(1) ParNew: 76550K->4263K(78656K)
[2019-12-09T02:32:14.254+0000][1][gc,heap      ] GC(1) CMS: 0K->7033K(174784K)
[2019-12-09T02:32:14.254+0000][1][gc,metaspace ] GC(1) Metaspace: 14852K->14852K(1062912K)
[2019-12-09T02:32:14.254+0000][1][gc           ] GC(1) Pause Young (Allocation Failure) 74M->11M(247M) 366.480ms
[2019-12-09T02:32:14.254+0000][1][gc,cpu       ] GC(1) User=0.06s Sys=0.00s Real=0.36s
[2019-12-09T02:32:14.254+0000][1][safepoint    ] Leaving safepoint region
[2019-12-09T02:32:14.254+0000][1][safepoint    ] Total time for which application threads were stopped: 0.3666232 seconds, Stopping threads took: 0.0000138 seconds
[2019-12-09T02:32:14.260+0000][1][safepoint    ] Application time: 0.0059816 seconds
[2019-12-09T02:32:14.260+0000][1][safepoint    ] Entering safepoint region: BulkRevokeBias
[2019-12-09T02:32:14.260+0000][1][safepoint    ] Leaving safepoint region
[2019-12-09T02:32:14.260+0000][1][safepoint    ] Total time for which application threads were stopped: 0.0001819 seconds, Stopping threads took: 0.0000665 seconds
[2019-12-09T02:32:14.260+0000][1][safepoint    ] Application time: 0.0001182 seconds
[2019-12-09T02:32:14.260+0000][1][safepoint    ] Entering safepoint region: RevokeBias
[2019-12-09T02:32:14.260+0000][1][safepoint    ] Leaving safepoint region
[2019-12-09T02:32:14.260+0000][1][safepoint    ] Total time for which application threads were stopped: 0.0000472 seconds, Stopping threads took: 0.0000088 seconds
[2019-12-09T02:32:14.260+0000][1][safepoint    ] Application time: 0.0000694 seconds
[2019-12-09T02:32:14.260+0000][1][safepoint    ] Entering safepoint region: RevokeBias
[2019-12-09T02:32:14.260+0000][1][safepoint    ] Leaving safepoint region
[2019-12-09T02:32:14.260+0000][1][safepoint    ] Total time for which application threads were stopped: 0.0000430 seconds, Stopping threads took: 0.0000081 seconds
[2019-12-09T02:32:14.261+0000][1][safepoint    ] Application time: 0.0000538 seconds
[2019-12-09T02:32:14.261+0000][1][safepoint    ] Entering safepoint region: RevokeBias
[2019-12-09T02:32:14.261+0000][1][safepoint    ] Leaving safepoint region
[2019-12-09T02:32:14.261+0000][1][safepoint    ] Total time for which application threads were stopped: 0.0000415 seconds, Stopping threads took: 0.0000077 seconds
[2019-12-09T02:32:14.261+0000][1][safepoint    ] Application time: 0.0000604 seconds
[2019-12-09T02:32:14.261+0000][1][safepoint    ] Entering safepoint region: RevokeBias
[2019-12-09T02:32:14.261+0000][1][safepoint    ] Leaving safepoint region
[2019-12-09T02:32:14.261+0000][1][safepoint    ] Total time for which application threads were stopped: 0.0000597 seconds, Stopping threads took: 0.0000081 seconds
[2019-12-09T02:32:14.261+0000][1][safepoint    ] Application time: 0.0000539 seconds
[2019-12-09T02:32:14.261+0000][1][safepoint    ] Entering safepoint region: RevokeBias
[2019-12-09T02:32:14.261+0000][1][safepoint    ] Leaving safepoint region
[2019-12-09T02:32:14.261+0000][1][safepoint    ] Total time for which application threads were stopped: 0.0000411 seconds, Stopping threads took: 0.0000083 seconds
[2019-12-09T02:32:14.261+0000][1][safepoint    ] Application time: 0.0000620 seconds
[2019-12-09T02:32:14.261+0000][1][safepoint    ] Entering safepoint region: BulkRevokeBias
[2019-12-09T02:32:14.261+0000][1][safepoint    ] Leaving safepoint region
[2019-12-09T02:32:14.261+0000][1][safepoint    ] Total time for which application threads were stopped: 0.0000630 seconds, Stopping threads took: 0.0000080 seconds
[2019-12-09T02:32:14.261+0000][1][safepoint    ] Application time: 0.0000565 seconds
[2019-12-09T02:32:14.261+0000][1][safepoint    ] Entering safepoint region: RevokeBias
[2019-12-09T02:32:14.261+0000][1][safepoint    ] Leaving safepoint region
[2019-12-09T02:32:14.261+0000][1][safepoint    ] Total time for which application threads were stopped: 0.0000409 seconds, Stopping threads took: 0.0000080 seconds
[2019-12-09T02:32:14.261+0000][1][safepoint    ] Application time: 0.0000608 seconds
[2019-12-09T02:32:14.261+0000][1][safepoint    ] Entering safepoint region: BulkRevokeBias
[2019-12-09T02:32:14.261+0000][1][safepoint    ] Leaving safepoint region
[2019-12-09T02:32:14.261+0000][1][safepoint    ] Total time for which application threads were stopped: 0.0000671 seconds, Stopping threads took: 0.0000084 seconds
[2019-12-09T02:32:15.263+0000][1][safepoint    ] Application time: 1.0012707 seconds
[2019-12-09T02:32:15.320+0000][1][safepoint    ] Entering safepoint region: Cleanup
[2019-12-09T02:32:15.320+0000][1][safepoint    ] Leaving safepoint region
[2019-12-09T02:32:15.320+0000][1][safepoint    ] Total time for which application threads were stopped: 0.0573882 seconds, Stopping threads took: 0.0573142 seconds
[2019-12-09T02:32:15.647+0000][1][safepoint    ] Application time: 0.3272627 seconds
[2019-12-09T02:32:15.647+0000][1][safepoint    ] Entering safepoint region: GenCollectForAllocation
[2019-12-09T02:32:15.647+0000][1][gc,start     ] GC(2) Pause Young (Allocation Failure)
[2019-12-09T02:32:15.647+0000][1][gc,task      ] GC(2) Using 2 workers of 2 for evacuation
[2019-12-09T02:32:15.809+0000][1][gc,age       ] GC(2) Desired survivor size 4456448 bytes, new threshold 6 (max threshold 6)
[2019-12-09T02:32:15.809+0000][1][gc,age       ] GC(2) Age table with threshold 6 (max threshold 6)
[2019-12-09T02:32:15.809+0000][1][gc,age       ] GC(2) - age   1:    1082032 bytes,    1082032 total
[2019-12-09T02:32:15.809+0000][1][gc,age       ] GC(2) - age   2:     924168 bytes,    2006200 total
[2019-12-09T02:32:15.809+0000][1][gc,heap      ] GC(2) ParNew: 74215K->2336K(78656K)
[2019-12-09T02:32:15.809+0000][1][gc,heap      ] GC(2) CMS: 7033K->7033K(174784K)
[2019-12-09T02:32:15.809+0000][1][gc,metaspace ] GC(2) Metaspace: 14960K->14960K(1062912K)
[2019-12-09T02:32:15.809+0000][1][gc           ] GC(2) Pause Young (Allocation Failure) 79M->9M(247M) 161.665ms
[2019-12-09T02:32:15.809+0000][1][gc,cpu       ] GC(2) User=0.05s Sys=0.00s Real=0.16s
[2019-12-09T02:32:15.809+0000][1][safepoint    ] Leaving safepoint region
[2019-12-09T02:32:15.809+0000][1][safepoint    ] Total time for which application threads were stopped: 0.1617911 seconds, Stopping threads took: 0.0000144 seconds
[2019-12-09T02:32:15.810+0000][1][safepoint    ] Application time: 0.0008460 seconds
[2019-12-09T02:32:15.810+0000][1][safepoint    ] Entering safepoint region: RevokeBias
[2019-12-09T02:32:15.810+0000][1][safepoint    ] Leaving safepoint region
[2019-12-09T02:32:15.810+0000][1][safepoint    ] Total time for which application threads were stopped: 0.0000747 seconds, Stopping threads took: 0.0000118 seconds
[2019-12-09T02:32:15.810+0000][1][safepoint    ] Application time: 0.0000550 seconds
[2019-12-09T02:32:15.810+0000][1][safepoint    ] Entering safepoint region: RevokeBias
[2019-12-09T02:32:15.810+0000][1][safepoint    ] Leaving safepoint region
[2019-12-09T02:32:15.810+0000][1][safepoint    ] Total time for which application threads were stopped: 0.0000392 seconds, Stopping threads took: 0.0000081 seconds
[2019-12-09T02:32:15.810+0000][1][safepoint    ] Application time: 0.0000590 seconds
[2019-12-09T02:32:15.810+0000][1][safepoint    ] Entering safepoint region: RevokeBias
[2019-12-09T02:32:15.810+0000][1][safepoint    ] Leaving safepoint region
[2019-12-09T02:32:15.810+0000][1][safepoint    ] Total time for which application threads were stopped: 0.0000366 seconds, Stopping threads took: 0.0000073 seconds
[2019-12-09T02:32:15.810+0000][1][safepoint    ] Application time: 0.0000596 seconds
[2019-12-09T02:32:15.810+0000][1][safepoint    ] Entering safepoint region: RevokeBias
[2019-12-09T02:32:15.810+0000][1][safepoint    ] Leaving safepoint region
[2019-12-09T02:32:15.810+0000][1][safepoint    ] Total time for which application threads were stopped: 0.0000388 seconds, Stopping threads took: 0.0000072 seconds
[2019-12-09T02:32:15.810+0000][1][safepoint    ] Application time: 0.0000535 seconds
[2019-12-09T02:32:15.810+0000][1][safepoint    ] Entering safepoint region: RevokeBias
[2019-12-09T02:32:15.810+0000][1][safepoint    ] Leaving safepoint region
[2019-12-09T02:32:15.810+0000][1][safepoint    ] Total time for which application threads were stopped: 0.0000358 seconds, Stopping threads took: 0.0000064 seconds
[2019-12-09T02:32:15.810+0000][1][safepoint    ] Application time: 0.0000449 seconds
[2019-12-09T02:32:15.810+0000][1][safepoint    ] Entering safepoint region: RevokeBias
[2019-12-09T02:32:15.810+0000][1][safepoint    ] Leaving safepoint region
[2019-12-09T02:32:15.811+0000][1][safepoint    ] Total time for which application threads were stopped: 0.0000339 seconds, Stopping threads took: 0.0000067 seconds
[2019-12-09T02:32:15.811+0000][1][safepoint    ] Application time: 0.0000478 seconds
[2019-12-09T02:32:15.811+0000][1][safepoint    ] Entering safepoint region: RevokeBias
[2019-12-09T02:32:15.811+0000][1][safepoint    ] Leaving safepoint region
[2019-12-09T02:32:15.811+0000][1][safepoint    ] Total time for which application threads were stopped: 0.0000341 seconds, Stopping threads took: 0.0000065 seconds
[2019-12-09T02:32:15.811+0000][1][safepoint    ] Application time: 0.0000438 seconds
[2019-12-09T02:32:15.811+0000][1][safepoint    ] Entering safepoint region: RevokeBias
[2019-12-09T02:32:15.811+0000][1][safepoint    ] Leaving safepoint region
[2019-12-09T02:32:15.811+0000][1][safepoint    ] Total time for which application threads were stopped: 0.0000584 seconds, Stopping threads took: 0.0000126 seconds
[2019-12-09T02:32:15.811+0000][1][safepoint    ] Application time: 0.0000597 seconds
[2019-12-09T02:32:15.811+0000][1][safepoint    ] Entering safepoint region: RevokeBias
[2019-12-09T02:32:15.811+0000][1][safepoint    ] Leaving safepoint region
[2019-12-09T02:32:15.811+0000][1][safepoint    ] Total time for which application threads were stopped: 0.0000697 seconds, Stopping threads took: 0.0000079 seconds
[2019-12-09T02:32:15.811+0000][1][safepoint    ] Application time: 0.0000496 seconds
[2019-12-09T02:32:15.811+0000][1][safepoint    ] Entering safepoint region: RevokeBias
[2019-12-09T02:32:15.811+0000][1][safepoint    ] Leaving safepoint region
[2019-12-09T02:32:15.811+0000][1][safepoint    ] Total time for which application threads were stopped: 0.0000601 seconds, Stopping threads took: 0.0000072 seconds
[2019-12-09T02:32:15.811+0000][1][safepoint    ] Application time: 0.0000502 seconds
[2019-12-09T02:32:15.811+0000][1][safepoint    ] Entering safepoint region: RevokeBias
[2019-12-09T02:32:15.811+0000][1][safepoint    ] Leaving safepoint region
[2019-12-09T02:32:15.811+0000][1][safepoint    ] Total time for which application threads were stopped: 0.0000350 seconds, Stopping threads took: 0.0000063 seconds
[2019-12-09T02:32:15.811+0000][1][safepoint    ] Application time: 0.0000434 seconds
[2019-12-09T02:32:15.811+0000][1][safepoint    ] Entering safepoint region: RevokeBias
[2019-12-09T02:32:15.811+0000][1][safepoint    ] Leaving safepoint region
[2019-12-09T02:32:15.811+0000][1][safepoint    ] Total time for which application threads were stopped: 0.0000325 seconds, Stopping threads took: 0.0000066 seconds
[2019-12-09T02:32:15.811+0000][1][safepoint    ] Application time: 0.0000459 seconds
[2019-12-09T02:32:15.811+0000][1][safepoint    ] Entering safepoint region: RevokeBias
[2019-12-09T02:32:15.811+0000][1][safepoint    ] Leaving safepoint region
[2019-12-09T02:32:15.811+0000][1][safepoint    ] Total time for which application threads were stopped: 0.0000335 seconds, Stopping threads took: 0.0000066 seconds
[2019-12-09T02:32:15.811+0000][1][safepoint    ] Application time: 0.0000428 seconds
[2019-12-09T02:32:15.811+0000][1][safepoint    ] Entering safepoint region: RevokeBias
[2019-12-09T02:32:15.811+0000][1][safepoint    ] Leaving safepoint region
[2019-12-09T02:32:15.811+0000][1][safepoint    ] Total time for which application threads were stopped: 0.0000324 seconds, Stopping threads took: 0.0000064 seconds
[2019-12-09T02:32:15.811+0000][1][safepoint    ] Application time: 0.0000464 seconds
[2019-12-09T02:32:15.811+0000][1][safepoint    ] Entering safepoint region: RevokeBias
[2019-12-09T02:32:15.811+0000][1][safepoint    ] Leaving safepoint region
[2019-12-09T02:32:15.811+0000][1][safepoint    ] Total time for which application threads were stopped: 0.0000339 seconds, Stopping threads took: 0.0000064 seconds
[2019-12-09T02:32:15.811+0000][1][safepoint    ] Application time: 0.0000423 seconds
[2019-12-09T02:32:15.811+0000][1][safepoint    ] Entering safepoint region: RevokeBias
[2019-12-09T02:32:15.812+0000][1][safepoint    ] Leaving safepoint region
[2019-12-09T02:32:15.812+0000][1][safepoint    ] Total time for which application threads were stopped: 0.0000328 seconds, Stopping threads took: 0.0000064 seconds
[2019-12-09T02:32:15.812+0000][1][safepoint    ] Application time: 0.0000462 seconds
[2019-12-09T02:32:15.812+0000][1][safepoint    ] Entering safepoint region: RevokeBias
[2019-12-09T02:32:15.812+0000][1][safepoint    ] Leaving safepoint region
[2019-12-09T02:32:15.812+0000][1][safepoint    ] Total time for which application threads were stopped: 0.0000331 seconds, Stopping threads took: 0.0000062 seconds
[2019-12-09T02:32:15.812+0000][1][safepoint    ] Application time: 0.0000427 seconds
[2019-12-09T02:32:15.812+0000][1][safepoint    ] Entering safepoint region: RevokeBias
[2019-12-09T02:32:15.812+0000][1][safepoint    ] Leaving safepoint region
[2019-12-09T02:32:15.812+0000][1][safepoint    ] Total time for which application threads were stopped: 0.0000406 seconds, Stopping threads took: 0.0000120 seconds
[2019-12-09T02:32:17.084+0000][1][safepoint    ] Application time: 1.2719667 seconds
[2019-12-09T02:32:17.084+0000][1][safepoint    ] Entering safepoint region: Deoptimize
[2019-12-09T02:32:17.084+0000][1][safepoint    ] Leaving safepoint region
[2019-12-09T02:32:17.084+0000][1][safepoint    ] Total time for which application threads were stopped: 0.0004753 seconds, Stopping threads took: 0.0000140 seconds
[2019-12-09T02:32:17.087+0000][1][safepoint    ] Application time: 0.0024717 seconds
[2019-12-09T02:32:17.087+0000][1][safepoint    ] Entering safepoint region: Deoptimize
[2019-12-09T02:32:17.087+0000][1][safepoint    ] Leaving safepoint region
[2019-12-09T02:32:17.087+0000][1][safepoint    ] Total time for which application threads were stopped: 0.0003388 seconds, Stopping threads took: 0.0000122 seconds
[2019-12-09T02:32:18.102+0000][1][safepoint    ] Application time: 1.0146192 seconds
[2019-12-09T02:32:18.137+0000][1][safepoint    ] Entering safepoint region: Cleanup
[2019-12-09T02:32:18.137+0000][1][safepoint    ] Leaving safepoint region
[2019-12-09T02:32:18.137+0000][1][safepoint    ] Total time for which application threads were stopped: 0.0350946 seconds, Stopping threads took: 0.0350259 seconds
[2019-12-09T02:32:19.141+0000][1][safepoint    ] Application time: 1.0039119 seconds
[2019-12-09T02:32:19.141+0000][1][safepoint    ] Entering safepoint region: Cleanup
[2019-12-09T02:32:19.141+0000][1][safepoint    ] Leaving safepoint region
[2019-12-09T02:32:19.141+0000][1][safepoint    ] Total time for which application threads were stopped: 0.0002199 seconds, Stopping threads took: 0.0001528 seconds
[2019-12-09T02:32:19.247+0000][1][safepoint    ] Application time: 0.1057118 seconds
[2019-12-09T02:32:19.247+0000][1][safepoint    ] Entering safepoint region: GenCollectForAllocation
[2019-12-09T02:32:19.247+0000][1][gc,start     ] GC(3) Pause Young (Allocation Failure)
[2019-12-09T02:32:19.247+0000][1][gc,task      ] GC(3) Using 2 workers of 2 for evacuation
[2019-12-09T02:32:19.332+0000][1][gc,age       ] GC(3) Desired survivor size 4456448 bytes, new threshold 3 (max threshold 6)
[2019-12-09T02:32:19.332+0000][1][gc,age       ] GC(3) Age table with threshold 3 (max threshold 6)
[2019-12-09T02:32:19.332+0000][1][gc,age       ] GC(3) - age   1:    3235512 bytes,    3235512 total
[2019-12-09T02:32:19.332+0000][1][gc,age       ] GC(3) - age   2:    1064920 bytes,    4300432 total
[2019-12-09T02:32:19.332+0000][1][gc,age       ] GC(3) - age   3:     921864 bytes,    5222296 total
[2019-12-09T02:32:19.332+0000][1][gc,heap      ] GC(3) ParNew: 72288K->6021K(78656K)
[2019-12-09T02:32:19.332+0000][1][gc,heap      ] GC(3) CMS: 7033K->7033K(174784K)
[2019-12-09T02:32:19.332+0000][1][gc,metaspace ] GC(3) Metaspace: 18501K->18501K(1067008K)
[2019-12-09T02:32:19.332+0000][1][gc           ] GC(3) Pause Young (Allocation Failure) 77M->12M(247M) 85.151ms
[2019-12-09T02:32:19.332+0000][1][gc,cpu       ] GC(3) User=0.03s Sys=0.00s Real=0.08s
[2019-12-09T02:32:19.332+0000][1][safepoint    ] Leaving safepoint region
[2019-12-09T02:32:19.332+0000][1][safepoint    ] Total time for which application threads were stopped: 0.0852718 seconds, Stopping threads took: 0.0000130 seconds
[2019-12-09T02:32:19.343+0000][1][safepoint    ] Application time: 0.0109396 seconds
[2019-12-09T02:32:19.359+0000][1][safepoint    ] Entering safepoint region: BulkRevokeBias
[2019-12-09T02:32:19.359+0000][1][safepoint    ] Leaving safepoint region
[2019-12-09T02:32:19.359+0000][1][safepoint    ] Total time for which application threads were stopped: 0.0159543 seconds, Stopping threads took: 0.0157938 seconds
[2019-12-09T02:32:19.360+0000][1][safepoint    ] Application time: 0.0007624 seconds
[2019-12-09T02:32:19.360+0000][1][safepoint    ] Entering safepoint region: RevokeBias
[2019-12-09T02:32:19.360+0000][1][safepoint    ] Leaving safepoint region
[2019-12-09T02:32:19.360+0000][1][safepoint    ] Total time for which application threads were stopped: 0.0000833 seconds, Stopping threads took: 0.0000109 seconds
[2019-12-09T02:32:19.360+0000][1][safepoint    ] Application time: 0.0002192 seconds
[2019-12-09T02:32:19.360+0000][1][safepoint    ] Entering safepoint region: RevokeBias
[2019-12-09T02:32:19.360+0000][1][safepoint    ] Leaving safepoint region
[2019-12-09T02:32:19.360+0000][1][safepoint    ] Total time for which application threads were stopped: 0.0000605 seconds, Stopping threads took: 0.0000089 seconds
[2019-12-09T02:32:19.360+0000][1][safepoint    ] Application time: 0.0000580 seconds
[2019-12-09T02:32:19.360+0000][1][safepoint    ] Entering safepoint region: RevokeBias
[2019-12-09T02:32:19.360+0000][1][safepoint    ] Leaving safepoint region
[2019-12-09T02:32:19.360+0000][1][safepoint    ] Total time for which application threads were stopped: 0.0000526 seconds, Stopping threads took: 0.0000088 seconds
[2019-12-09T02:32:19.360+0000][1][safepoint    ] Application time: 0.0000627 seconds
[2019-12-09T02:32:19.360+0000][1][safepoint    ] Entering safepoint region: RevokeBias
[2019-12-09T02:32:19.360+0000][1][safepoint    ] Leaving safepoint region
[2019-12-09T02:32:19.360+0000][1][safepoint    ] Total time for which application threads were stopped: 0.0000508 seconds, Stopping threads took: 0.0000083 seconds
[2019-12-09T02:32:19.360+0000][1][safepoint    ] Application time: 0.0000568 seconds
[2019-12-09T02:32:19.360+0000][1][safepoint    ] Entering safepoint region: RevokeBias
[2019-12-09T02:32:19.361+0000][1][safepoint    ] Leaving safepoint region
[2019-12-09T02:32:19.361+0000][1][safepoint    ] Total time for which application threads were stopped: 0.0000499 seconds, Stopping threads took: 0.0000084 seconds
[2019-12-09T02:32:20.281+0000][1][safepoint    ] Application time: 0.9202975 seconds
[2019-12-09T02:32:20.281+0000][1][safepoint    ] Entering safepoint region: GenCollectForAllocation
[2019-12-09T02:32:20.281+0000][1][gc,start     ] GC(4) Pause Young (Allocation Failure)
[2019-12-09T02:32:20.281+0000][1][gc,task      ] GC(4) Using 2 workers of 2 for evacuation
[2019-12-09T02:32:20.403+0000][1][gc,age       ] GC(4) Desired survivor size 4456448 bytes, new threshold 2 (max threshold 6)
[2019-12-09T02:32:20.403+0000][1][gc,age       ] GC(4) Age table with threshold 2 (max threshold 6)
[2019-12-09T02:32:20.403+0000][1][gc,age       ] GC(4) - age   1:    1982856 bytes,    1982856 total
[2019-12-09T02:32:20.403+0000][1][gc,age       ] GC(4) - age   2:    2674240 bytes,    4657096 total
[2019-12-09T02:32:20.403+0000][1][gc,age       ] GC(4) - age   3:    1064920 bytes,    5722016 total
[2019-12-09T02:32:20.403+0000][1][gc,heap      ] GC(4) ParNew: 75973K->7722K(78656K)
[2019-12-09T02:32:20.403+0000][1][gc,heap      ] GC(4) CMS: 7033K->7947K(174784K)
[2019-12-09T02:32:20.403+0000][1][gc,metaspace ] GC(4) Metaspace: 18715K->18715K(1067008K)
[2019-12-09T02:32:20.403+0000][1][gc           ] GC(4) Pause Young (Allocation Failure) 81M->15M(247M) 122.150ms
[2019-12-09T02:32:20.403+0000][1][gc,cpu       ] GC(4) User=0.04s Sys=0.00s Real=0.12s
[2019-12-09T02:32:20.403+0000][1][safepoint    ] Leaving safepoint region
[2019-12-09T02:32:20.403+0000][1][safepoint    ] Total time for which application threads were stopped: 0.1222977 seconds, Stopping threads took: 0.0000152 seconds
[2019-12-09T02:32:20.421+0000][1][safepoint    ] Application time: 0.0176240 seconds
[2019-12-09T02:32:20.464+0000][1][safepoint    ] Entering safepoint region: RevokeBias
[2019-12-09T02:32:20.464+0000][1][safepoint    ] Leaving safepoint region
[2019-12-09T02:32:20.464+0000][1][safepoint    ] Total time for which application threads were stopped: 0.0430671 seconds, Stopping threads took: 0.0429660 seconds
[2019-12-09T02:32:20.464+0000][1][safepoint    ] Application time: 0.0000646 seconds
[2019-12-09T02:32:20.464+0000][1][safepoint    ] Entering safepoint region: RevokeBias
[2019-12-09T02:32:20.464+0000][1][safepoint    ] Leaving safepoint region
[2019-12-09T02:32:20.464+0000][1][safepoint    ] Total time for which application threads were stopped: 0.0000549 seconds, Stopping threads took: 0.0000074 seconds
[2019-12-09T02:32:20.464+0000][1][safepoint    ] Application time: 0.0000672 seconds
[2019-12-09T02:32:20.464+0000][1][safepoint    ] Entering safepoint region: RevokeBias
[2019-12-09T02:32:20.464+0000][1][safepoint    ] Leaving safepoint region
[2019-12-09T02:32:20.464+0000][1][safepoint    ] Total time for which application threads were stopped: 0.0000445 seconds, Stopping threads took: 0.0000065 seconds
[2019-12-09T02:32:20.464+0000][1][safepoint    ] Application time: 0.0000422 seconds
[2019-12-09T02:32:20.464+0000][1][safepoint    ] Entering safepoint region: RevokeBias
[2019-12-09T02:32:20.464+0000][1][safepoint    ] Leaving safepoint region
[2019-12-09T02:32:20.464+0000][1][safepoint    ] Total time for which application threads were stopped: 0.0000427 seconds, Stopping threads took: 0.0000064 seconds
[2019-12-09T02:32:20.485+0000][1][safepoint    ] Application time: 0.0211366 seconds
[2019-12-09T02:32:20.485+0000][1][safepoint    ] Entering safepoint region: Deoptimize
[2019-12-09T02:32:20.486+0000][1][safepoint    ] Leaving safepoint region
[2019-12-09T02:32:20.486+0000][1][safepoint    ] Total time for which application threads were stopped: 0.0004046 seconds, Stopping threads took: 0.0000101 seconds
[2019-12-09T02:32:20.898+0000][1][safepoint    ] Application time: 0.4124093 seconds
[2019-12-09T02:32:20.898+0000][1][safepoint    ] Entering safepoint region: Deoptimize
[2019-12-09T02:32:20.899+0000][1][safepoint    ] Leaving safepoint region
[2019-12-09T02:32:20.899+0000][1][safepoint    ] Total time for which application threads were stopped: 0.0004349 seconds, Stopping threads took: 0.0000137 seconds
[2019-12-09T02:32:20.969+0000][1][safepoint    ] Application time: 0.0704686 seconds
[2019-12-09T02:32:20.969+0000][1][safepoint    ] Entering safepoint region: RevokeBias
[2019-12-09T02:32:20.969+0000][1][safepoint    ] Leaving safepoint region
[2019-12-09T02:32:20.969+0000][1][safepoint    ] Total time for which application threads were stopped: 0.0000801 seconds, Stopping threads took: 0.0000119 seconds
[2019-12-09T02:32:20.983+0000][1][safepoint    ] Application time: 0.0135126 seconds
[2019-12-09T02:32:20.983+0000][1][safepoint    ] Entering safepoint region: RevokeBias
[2019-12-09T02:32:20.983+0000][1][safepoint    ] Leaving safepoint region
[2019-12-09T02:32:20.983+0000][1][safepoint    ] Total time for which application threads were stopped: 0.0000710 seconds, Stopping threads took: 0.0000126 seconds
[2019-12-09T02:32:21.971+0000][1][safepoint    ] Application time: 0.9883513 seconds
[2019-12-09T02:32:21.971+0000][1][safepoint    ] Entering safepoint region: GenCollectForAllocation
[2019-12-09T02:32:21.971+0000][1][gc,start     ] GC(5) Pause Young (Allocation Failure)
[2019-12-09T02:32:21.971+0000][1][gc,task      ] GC(5) Using 2 workers of 2 for evacuation
[2019-12-09T02:32:22.125+0000][1][gc,age       ] GC(5) Desired survivor size 4456448 bytes, new threshold 6 (max threshold 6)
[2019-12-09T02:32:22.125+0000][1][gc,age       ] GC(5) Age table with threshold 6 (max threshold 6)
[2019-12-09T02:32:22.125+0000][1][gc,age       ] GC(5) - age   1:    2874024 bytes,    2874024 total
[2019-12-09T02:32:22.125+0000][1][gc,age       ] GC(5) - age   2:     442360 bytes,    3316384 total
[2019-12-09T02:32:22.125+0000][1][gc,heap      ] GC(5) ParNew: 77674K->5156K(78656K)
[2019-12-09T02:32:22.125+0000][1][gc,heap      ] GC(5) CMS: 7947K->11628K(174784K)
[2019-12-09T02:32:22.125+0000][1][gc,metaspace ] GC(5) Metaspace: 19049K->19049K(1067008K)
[2019-12-09T02:32:22.125+0000][1][gc           ] GC(5) Pause Young (Allocation Failure) 83M->16M(247M) 153.980ms
[2019-12-09T02:32:22.125+0000][1][gc,cpu       ] GC(5) User=0.03s Sys=0.00s Real=0.16s
[2019-12-09T02:32:22.125+0000][1][safepoint    ] Leaving safepoint region
[2019-12-09T02:32:22.125+0000][1][safepoint    ] Total time for which application threads were stopped: 0.1541522 seconds, Stopping threads took: 0.0000148 seconds
[2019-12-09T02:32:22.127+0000][1][safepoint    ] Application time: 0.0013237 seconds
[2019-12-09T02:32:22.127+0000][1][safepoint    ] Entering safepoint region: RevokeBias
[2019-12-09T02:32:22.127+0000][1][safepoint    ] Leaving safepoint region
[2019-12-09T02:32:22.127+0000][1][safepoint    ] Total time for which application threads were stopped: 0.0001459 seconds, Stopping threads took: 0.0000466 seconds
[2019-12-09T02:32:22.127+0000][1][safepoint    ] Application time: 0.0000667 seconds
[2019-12-09T02:32:22.127+0000][1][safepoint    ] Entering safepoint region: RevokeBias
[2019-12-09T02:32:22.127+0000][1][safepoint    ] Leaving safepoint region
[2019-12-09T02:32:22.127+0000][1][safepoint    ] Total time for which application threads were stopped: 0.0000780 seconds, Stopping threads took: 0.0000090 seconds
[2019-12-09T02:32:22.127+0000][1][safepoint    ] Application time: 0.0000612 seconds
[2019-12-09T02:32:22.127+0000][1][safepoint    ] Entering safepoint region: RevokeBias
[2019-12-09T02:32:22.127+0000][1][safepoint    ] Leaving safepoint region
[2019-12-09T02:32:22.127+0000][1][safepoint    ] Total time for which application threads were stopped: 0.0000738 seconds, Stopping threads took: 0.0000083 seconds
[2019-12-09T02:32:22.127+0000][1][safepoint    ] Application time: 0.0000531 seconds
[2019-12-09T02:32:22.127+0000][1][safepoint    ] Entering safepoint region: RevokeBias
[2019-12-09T02:32:22.127+0000][1][safepoint    ] Leaving safepoint region
[2019-12-09T02:32:22.127+0000][1][safepoint    ] Total time for which application threads were stopped: 0.0000695 seconds, Stopping threads took: 0.0000081 seconds
[2019-12-09T02:32:22.128+0000][1][safepoint    ] Application time: 0.0000637 seconds
[2019-12-09T02:32:22.128+0000][1][safepoint    ] Entering safepoint region: RevokeBias
[2019-12-09T02:32:22.128+0000][1][safepoint    ] Leaving safepoint region
[2019-12-09T02:32:22.128+0000][1][safepoint    ] Total time for which application threads were stopped: 0.0000616 seconds, Stopping threads took: 0.0000069 seconds
[2019-12-09T02:32:22.128+0000][1][safepoint    ] Application time: 0.0000455 seconds
[2019-12-09T02:32:22.128+0000][1][safepoint    ] Entering safepoint region: RevokeBias
[2019-12-09T02:32:22.128+0000][1][safepoint    ] Leaving safepoint region
[2019-12-09T02:32:22.128+0000][1][safepoint    ] Total time for which application threads were stopped: 0.0000810 seconds, Stopping threads took: 0.0000069 seconds
[2019-12-09T02:32:22.789+0000][1][safepoint    ] Application time: 0.6607448 seconds
[2019-12-09T02:32:22.789+0000][1][safepoint    ] Entering safepoint region: RevokeBias
[2019-12-09T02:32:22.789+0000][1][safepoint    ] Leaving safepoint region
[2019-12-09T02:32:22.789+0000][1][safepoint    ] Total time for which application threads were stopped: 0.0000716 seconds, Stopping threads took: 0.0000129 seconds
[2019-12-09T02:32:22.799+0000][1][safepoint    ] Application time: 0.0102782 seconds
[2019-12-09T02:32:22.799+0000][1][safepoint    ] Entering safepoint region: RevokeBias
[2019-12-09T02:32:22.799+0000][1][safepoint    ] Leaving safepoint region
[2019-12-09T02:32:22.799+0000][1][safepoint    ] Total time for which application threads were stopped: 0.0000600 seconds, Stopping threads took: 0.0000129 seconds
[2019-12-09T02:32:23.066+0000][1][safepoint    ] Application time: 0.2672908 seconds
[2019-12-09T02:32:23.066+0000][1][safepoint    ] Entering safepoint region: GenCollectForAllocation
[2019-12-09T02:32:23.066+0000][1][gc,start     ] GC(6) Pause Young (Allocation Failure)
[2019-12-09T02:32:23.066+0000][1][gc,task      ] GC(6) Using 2 workers of 2 for evacuation
[2019-12-09T02:32:23.168+0000][1][gc,age       ] GC(6) Desired survivor size 4456448 bytes, new threshold 6 (max threshold 6)
[2019-12-09T02:32:23.168+0000][1][gc,age       ] GC(6) Age table with threshold 6 (max threshold 6)
[2019-12-09T02:32:23.168+0000][1][gc,age       ] GC(6) - age   1:    1488352 bytes,    1488352 total
[2019-12-09T02:32:23.168+0000][1][gc,age       ] GC(6) - age   2:    2191320 bytes,    3679672 total
[2019-12-09T02:32:23.168+0000][1][gc,age       ] GC(6) - age   3:     442360 bytes,    4122032 total
[2019-12-09T02:32:23.168+0000][1][gc,heap      ] GC(6) ParNew: 75108K->5577K(78656K)
[2019-12-09T02:32:23.168+0000][1][gc,heap      ] GC(6) CMS: 11628K->11628K(174784K)
[2019-12-09T02:32:23.168+0000][1][gc,metaspace ] GC(6) Metaspace: 19349K->19349K(1067008K)
[2019-12-09T02:32:23.168+0000][1][gc           ] GC(6) Pause Young (Allocation Failure) 84M->16M(247M) 101.534ms
[2019-12-09T02:32:23.168+0000][1][gc,cpu       ] GC(6) User=0.03s Sys=0.00s Real=0.10s
[2019-12-09T02:32:23.168+0000][1][safepoint    ] Leaving safepoint region
[2019-12-09T02:32:23.168+0000][1][safepoint    ] Total time for which application threads were stopped: 0.1016627 seconds, Stopping threads took: 0.0000134 seconds
[2019-12-09T02:32:23.180+0000][1][safepoint    ] Application time: 0.0118201 seconds
[2019-12-09T02:32:23.240+0000][1][safepoint    ] Entering safepoint region: RevokeBias
[2019-12-09T02:32:23.240+0000][1][safepoint    ] Leaving safepoint region
[2019-12-09T02:32:23.240+0000][1][safepoint    ] Total time for which application threads were stopped: 0.0600043 seconds, Stopping threads took: 0.0599217 seconds
[2019-12-09T02:32:23.240+0000][1][safepoint    ] Application time: 0.0000766 seconds
[2019-12-09T02:32:23.240+0000][1][safepoint    ] Entering safepoint region: RevokeBias
[2019-12-09T02:32:23.240+0000][1][safepoint    ] Leaving safepoint region
[2019-12-09T02:32:23.240+0000][1][safepoint    ] Total time for which application threads were stopped: 0.0000639 seconds, Stopping threads took: 0.0000100 seconds
[2019-12-09T02:32:23.240+0000][1][safepoint    ] Application time: 0.0000682 seconds
[2019-12-09T02:32:23.240+0000][1][safepoint    ] Entering safepoint region: BulkRevokeBias
[2019-12-09T02:32:23.240+0000][1][safepoint    ] Leaving safepoint region
[2019-12-09T02:32:23.240+0000][1][safepoint    ] Total time for which application threads were stopped: 0.0000868 seconds, Stopping threads took: 0.0000089 seconds
[2019-12-09T02:32:23.240+0000][1][safepoint    ] Application time: 0.0000578 seconds
[2019-12-09T02:32:23.240+0000][1][safepoint    ] Entering safepoint region: BulkRevokeBias
[2019-12-09T02:32:23.240+0000][1][safepoint    ] Leaving safepoint region
[2019-12-09T02:32:23.240+0000][1][safepoint    ] Total time for which application threads were stopped: 0.0000804 seconds, Stopping threads took: 0.0000088 seconds
[2019-12-09T02:32:24.236+0000][1][safepoint    ] Application time: 0.9959888 seconds
[2019-12-09T02:32:24.236+0000][1][safepoint    ] Entering safepoint region: GenCollectForAllocation
[2019-12-09T02:32:24.236+0000][1][gc,start     ] GC(7) Pause Young (Allocation Failure)
[2019-12-09T02:32:24.237+0000][1][gc,task      ] GC(7) Using 2 workers of 2 for evacuation
[2019-12-09T02:32:24.329+0000][1][gc,age       ] GC(7) Desired survivor size 4456448 bytes, new threshold 6 (max threshold 6)
[2019-12-09T02:32:24.329+0000][1][gc,age       ] GC(7) Age table with threshold 6 (max threshold 6)
[2019-12-09T02:32:24.329+0000][1][gc,age       ] GC(7) - age   1:     389008 bytes,     389008 total
[2019-12-09T02:32:24.329+0000][1][gc,age       ] GC(7) - age   2:    1128824 bytes,    1517832 total
[2019-12-09T02:32:24.329+0000][1][gc,age       ] GC(7) - age   3:    2191240 bytes,    3709072 total
[2019-12-09T02:32:24.329+0000][1][gc,age       ] GC(7) - age   4:     442360 bytes,    4151432 total
[2019-12-09T02:32:24.329+0000][1][gc,heap      ] GC(7) ParNew: 75529K->5922K(78656K)
[2019-12-09T02:32:24.329+0000][1][gc,heap      ] GC(7) CMS: 11628K->11628K(174784K)
[2019-12-09T02:32:24.329+0000][1][gc,metaspace ] GC(7) Metaspace: 19628K->19628K(1067008K)
[2019-12-09T02:32:24.329+0000][1][gc           ] GC(7) Pause Young (Allocation Failure) 85M->17M(247M) 92.190ms
[2019-12-09T02:32:24.329+0000][1][gc,cpu       ] GC(7) User=0.02s Sys=0.00s Real=0.09s
[2019-12-09T02:32:24.329+0000][1][safepoint    ] Leaving safepoint region
[2019-12-09T02:32:24.329+0000][1][safepoint    ] Total time for which application threads were stopped: 0.0923556 seconds, Stopping threads took: 0.0000149 seconds
[2019-12-09T02:32:25.039+0000][1][safepoint    ] Application time: 0.7098005 seconds
[2019-12-09T02:32:25.039+0000][1][safepoint    ] Entering safepoint region: CollectForMetadataAllocation
[2019-12-09T02:32:25.039+0000][1][safepoint    ] Leaving safepoint region
[2019-12-09T02:32:25.039+0000][1][safepoint    ] Total time for which application threads were stopped: 0.0002547 seconds, Stopping threads took: 0.0000127 seconds
[2019-12-09T02:32:25.267+0000][1][safepoint    ] Application time: 0.2285764 seconds
[2019-12-09T02:32:25.267+0000][1][safepoint    ] Entering safepoint region: CollectForMetadataAllocation
[2019-12-09T02:32:25.268+0000][1][safepoint    ] Leaving safepoint region
[2019-12-09T02:32:25.268+0000][1][safepoint    ] Total time for which application threads were stopped: 0.0002555 seconds, Stopping threads took: 0.0000131 seconds
[2019-12-09T02:32:26.020+0000][1][safepoint    ] Application time: 0.7526270 seconds
[2019-12-09T02:32:26.020+0000][1][safepoint    ] Entering safepoint region: GenCollectForAllocation
[2019-12-09T02:32:26.020+0000][1][gc,start     ] GC(8) Pause Young (Allocation Failure)
[2019-12-09T02:32:26.021+0000][1][gc,task      ] GC(8) Using 2 workers of 2 for evacuation
[2019-12-09T02:32:26.121+0000][1][gc,age       ] GC(8) Desired survivor size 4456448 bytes, new threshold 4 (max threshold 6)
[2019-12-09T02:32:26.121+0000][1][gc,age       ] GC(8) Age table with threshold 4 (max threshold 6)
[2019-12-09T02:32:26.121+0000][1][gc,age       ] GC(8) - age   1:     889744 bytes,     889744 total
[2019-12-09T02:32:26.121+0000][1][gc,age       ] GC(8) - age   2:     361000 bytes,    1250744 total
[2019-12-09T02:32:26.121+0000][1][gc,age       ] GC(8) - age   3:    1128680 bytes,    2379424 total
[2019-12-09T02:32:26.121+0000][1][gc,age       ] GC(8) - age   4:    2189024 bytes,    4568448 total
[2019-12-09T02:32:26.121+0000][1][gc,age       ] GC(8) - age   5:     442360 bytes,    5010808 total
[2019-12-09T02:32:26.121+0000][1][gc,heap      ] GC(8) ParNew: 75874K->6041K(78656K)
[2019-12-09T02:32:26.121+0000][1][gc,heap      ] GC(8) CMS: 11628K->11628K(174784K)
[2019-12-09T02:32:26.121+0000][1][gc,metaspace ] GC(8) Metaspace: 20429K->20429K(1069056K)
[2019-12-09T02:32:26.121+0000][1][gc           ] GC(8) Pause Young (Allocation Failure) 85M->17M(247M) 100.858ms
[2019-12-09T02:32:26.121+0000][1][gc,cpu       ] GC(8) User=0.02s Sys=0.00s Real=0.10s
[2019-12-09T02:32:26.121+0000][1][safepoint    ] Leaving safepoint region
[2019-12-09T02:32:26.121+0000][1][safepoint    ] Total time for which application threads were stopped: 0.1009969 seconds, Stopping threads took: 0.0000148 seconds
[2019-12-09T02:32:26.128+0000][1][safepoint    ] Application time: 0.0064276 seconds
[2019-12-09T02:32:26.128+0000][1][safepoint    ] Entering safepoint region: CMS_Initial_Mark
[2019-12-09T02:32:26.128+0000][1][gc,start     ] GC(9) Pause Initial Mark
[2019-12-09T02:32:26.134+0000][1][gc           ] GC(9) Pause Initial Mark 18M->18M(247M) 5.753ms
[2019-12-09T02:32:26.134+0000][1][gc,cpu       ] GC(9) User=0.01s Sys=0.00s Real=0.00s
[2019-12-09T02:32:26.134+0000][1][safepoint    ] Leaving safepoint region
[2019-12-09T02:32:26.134+0000][1][safepoint    ] Total time for which application threads were stopped: 0.0058941 seconds, Stopping threads took: 0.0000321 seconds
[2019-12-09T02:32:26.134+0000][1][gc           ] GC(9) Concurrent Mark
[2019-12-09T02:32:26.304+0000][1][gc           ] GC(9) Concurrent Mark 170.142ms
[2019-12-09T02:32:26.304+0000][1][gc,cpu       ] GC(9) User=0.05s Sys=0.01s Real=0.17s
[2019-12-09T02:32:26.304+0000][1][gc           ] GC(9) Concurrent Preclean
[2019-12-09T02:32:26.305+0000][1][gc           ] GC(9) Concurrent Preclean 0.527ms
[2019-12-09T02:32:26.305+0000][1][gc,cpu       ] GC(9) User=0.00s Sys=0.00s Real=0.00s
[2019-12-09T02:32:26.305+0000][1][gc           ] GC(9) Concurrent Abortable Preclean
[2019-12-09T02:32:27.079+0000][1][safepoint    ] Application time: 0.9452007 seconds
[2019-12-09T02:32:27.079+0000][1][safepoint    ] Entering safepoint region: GenCollectForAllocation
[2019-12-09T02:32:27.079+0000][1][gc,start     ] GC(10) Pause Young (Allocation Failure)
[2019-12-09T02:32:27.079+0000][1][gc,task      ] GC(10) Using 2 workers of 2 for evacuation
[2019-12-09T02:32:27.303+0000][1][gc,age       ] GC(10) Desired survivor size 4456448 bytes, new threshold 6 (max threshold 6)
[2019-12-09T02:32:27.303+0000][1][gc,age       ] GC(10) Age table with threshold 6 (max threshold 6)
[2019-12-09T02:32:27.303+0000][1][gc,age       ] GC(10) - age   1:     999136 bytes,     999136 total
[2019-12-09T02:32:27.303+0000][1][gc,age       ] GC(10) - age   2:     650032 bytes,    1649168 total
[2019-12-09T02:32:27.303+0000][1][gc,age       ] GC(10) - age   3:     361000 bytes,    2010168 total
[2019-12-09T02:32:27.303+0000][1][gc,age       ] GC(10) - age   4:    1128680 bytes,    3138848 total
[2019-12-09T02:32:27.303+0000][1][gc,heap      ] GC(10) ParNew: 75993K->4676K(78656K)
[2019-12-09T02:32:27.303+0000][1][gc,heap      ] GC(10) CMS: 11628K->14216K(174784K)
[2019-12-09T02:32:27.303+0000][1][gc,metaspace ] GC(10) Metaspace: 20535K->20535K(1069056K)
[2019-12-09T02:32:27.303+0000][1][gc           ] GC(10) Pause Young (Allocation Failure) 85M->18M(247M) 223.693ms
[2019-12-09T02:32:27.303+0000][1][gc,cpu       ] GC(10) User=0.02s Sys=0.00s Real=0.22s
[2019-12-09T02:32:27.303+0000][1][safepoint    ] Leaving safepoint region
[2019-12-09T02:32:27.303+0000][1][safepoint    ] Total time for which application threads were stopped: 0.2238367 seconds, Stopping threads took: 0.0000252 seconds
[2019-12-09T02:32:27.994+0000][1][gc           ] GC(9) Concurrent Abortable Preclean 1689.108ms
[2019-12-09T02:32:27.994+0000][1][gc,cpu       ] GC(9) User=0.48s Sys=0.01s Real=1.69s
[2019-12-09T02:32:27.994+0000][1][safepoint    ] Application time: 0.6909256 seconds
[2019-12-09T02:32:28.002+0000][1][safepoint    ] Entering safepoint region: CMS_Final_Remark
[2019-12-09T02:32:28.002+0000][1][gc,start     ] GC(9) Pause Remark
[2019-12-09T02:32:28.174+0000][1][gc           ] GC(9) Pause Remark 64M->64M(247M) 172.688ms
[2019-12-09T02:32:28.175+0000][1][gc,cpu       ] GC(9) User=0.06s Sys=0.00s Real=0.17s
[2019-12-09T02:32:28.175+0000][1][safepoint    ] Leaving safepoint region
[2019-12-09T02:32:28.175+0000][1][safepoint    ] Total time for which application threads were stopped: 0.1807427 seconds, Stopping threads took: 0.0079351 seconds
[2019-12-09T02:32:28.176+0000][1][gc           ] GC(9) Concurrent Sweep
[2019-12-09T02:32:28.211+0000][1][gc           ] GC(9) Concurrent Sweep 34.821ms
[2019-12-09T02:32:28.211+0000][1][gc,cpu       ] GC(9) User=0.01s Sys=0.00s Real=0.03s
[2019-12-09T02:32:28.211+0000][1][gc           ] GC(9) Concurrent Reset
[2019-12-09T02:32:28.211+0000][1][gc           ] GC(9) Concurrent Reset 0.309ms
[2019-12-09T02:32:28.211+0000][1][gc,cpu       ] GC(9) User=0.00s Sys=0.00s Real=0.00s
[2019-12-09T02:32:28.211+0000][1][gc,heap      ] GC(9) Old: 11628K->14191K(174784K)
[2019-12-09T02:32:28.649+0000][1][safepoint    ] Application time: 0.4741601 seconds
[2019-12-09T02:32:28.649+0000][1][safepoint    ] Entering safepoint region: GenCollectForAllocation
[2019-12-09T02:32:28.649+0000][1][gc,start     ] GC(11) Pause Young (Allocation Failure)
[2019-12-09T02:32:28.649+0000][1][gc,task      ] GC(11) Using 2 workers of 2 for evacuation
[2019-12-09T02:32:28.755+0000][1][gc,age       ] GC(11) Desired survivor size 4456448 bytes, new threshold 6 (max threshold 6)
[2019-12-09T02:32:28.755+0000][1][gc,age       ] GC(11) Age table with threshold 6 (max threshold 6)
[2019-12-09T02:32:28.755+0000][1][gc,age       ] GC(11) - age   1:     856672 bytes,     856672 total
[2019-12-09T02:32:28.755+0000][1][gc,age       ] GC(11) - age   2:      97424 bytes,     954096 total
[2019-12-09T02:32:28.755+0000][1][gc,age       ] GC(11) - age   3:     649984 bytes,    1604080 total
[2019-12-09T02:32:28.755+0000][1][gc,age       ] GC(11) - age   4:     360896 bytes,    1964976 total
[2019-12-09T02:32:28.755+0000][1][gc,age       ] GC(11) - age   5:    1128392 bytes,    3093368 total
[2019-12-09T02:32:28.755+0000][1][gc,heap      ] GC(11) ParNew: 74628K->3468K(78656K)
[2019-12-09T02:32:28.755+0000][1][gc,heap      ] GC(11) CMS: 14191K->14191K(174784K)
[2019-12-09T02:32:28.755+0000][1][gc,metaspace ] GC(11) Metaspace: 20624K->20624K(1069056K)
[2019-12-09T02:32:28.755+0000][1][gc           ] GC(11) Pause Young (Allocation Failure) 86M->17M(247M) 105.811ms
[2019-12-09T02:32:28.755+0000][1][gc,cpu       ] GC(11) User=0.03s Sys=0.00s Real=0.11s
[2019-12-09T02:32:28.755+0000][1][safepoint    ] Leaving safepoint region
[2019-12-09T02:32:28.755+0000][1][safepoint    ] Total time for which application threads were stopped: 0.1063454 seconds, Stopping threads took: 0.0000133 seconds
[2019-12-09T02:32:29.632+0000][1][safepoint    ] Application time: 0.8766198 seconds
[2019-12-09T02:32:29.632+0000][1][safepoint    ] Entering safepoint region: Deoptimize
[2019-12-09T02:32:29.632+0000][1][safepoint    ] Leaving safepoint region
[2019-12-09T02:32:29.632+0000][1][safepoint    ] Total time for which application threads were stopped: 0.0004088 seconds, Stopping threads took: 0.0000117 seconds
[2019-12-09T02:32:30.642+0000][1][safepoint    ] Application time: 1.0095442 seconds
[2019-12-09T02:32:30.647+0000][1][safepoint    ] Entering safepoint region: Cleanup
[2019-12-09T02:32:30.647+0000][1][safepoint    ] Leaving safepoint region
[2019-12-09T02:32:30.647+0000][1][safepoint    ] Total time for which application threads were stopped: 0.0050528 seconds, Stopping threads took: 0.0049885 seconds
[2019-12-09T02:32:31.580+0000][1][safepoint    ] Application time: 0.9329044 seconds
[2019-12-09T02:32:31.580+0000][1][safepoint    ] Entering safepoint region: GenCollectForAllocation
[2019-12-09T02:32:31.580+0000][1][gc,start     ] GC(12) Pause Young (Allocation Failure)
[2019-12-09T02:32:31.580+0000][1][gc,task      ] GC(12) Using 2 workers of 2 for evacuation
[2019-12-09T02:32:31.723+0000][1][gc,age       ] GC(12) Desired survivor size 4456448 bytes, new threshold 6 (max threshold 6)
[2019-12-09T02:32:31.723+0000][1][gc,age       ] GC(12) Age table with threshold 6 (max threshold 6)
[2019-12-09T02:32:31.723+0000][1][gc,age       ] GC(12) - age   1:    1043408 bytes,    1043408 total
[2019-12-09T02:32:31.723+0000][1][gc,age       ] GC(12) - age   2:     305920 bytes,    1349328 total
[2019-12-09T02:32:31.723+0000][1][gc,age       ] GC(12) - age   3:      97424 bytes,    1446752 total
[2019-12-09T02:32:31.723+0000][1][gc,age       ] GC(12) - age   4:     649920 bytes,    2096672 total
[2019-12-09T02:32:31.723+0000][1][gc,age       ] GC(12) - age   5:     360896 bytes,    2457568 total
[2019-12-09T02:32:31.723+0000][1][gc,age       ] GC(12) - age   6:    1128392 bytes,    3585960 total
[2019-12-09T02:32:31.723+0000][1][gc,heap      ] GC(12) ParNew: 73420K->4699K(78656K)
[2019-12-09T02:32:31.723+0000][1][gc,heap      ] GC(12) CMS: 14191K->14191K(174784K)
[2019-12-09T02:32:31.723+0000][1][gc,metaspace ] GC(12) Metaspace: 22757K->22757K(1071104K)
[2019-12-09T02:32:31.723+0000][1][gc           ] GC(12) Pause Young (Allocation Failure) 85M->18M(247M) 142.837ms
[2019-12-09T02:32:31.723+0000][1][gc,cpu       ] GC(12) User=0.02s Sys=0.00s Real=0.14s
[2019-12-09T02:32:31.723+0000][1][safepoint    ] Leaving safepoint region
[2019-12-09T02:32:31.723+0000][1][safepoint    ] Total time for which application threads were stopped: 0.1430059 seconds, Stopping threads took: 0.0000218 seconds
[2019-12-09T02:32:32.671+0000][1][safepoint    ] Application time: 0.9479441 seconds
[2019-12-09T02:32:32.671+0000][1][safepoint    ] Entering safepoint region: Deoptimize
[2019-12-09T02:32:32.671+0000][1][safepoint    ] Leaving safepoint region
[2019-12-09T02:32:32.671+0000][1][safepoint    ] Total time for which application threads were stopped: 0.0006205 seconds, Stopping threads took: 0.0000139 seconds
[2019-12-09T02:32:33.015+0000][1][safepoint    ] Application time: 0.3439960 seconds
[2019-12-09T02:32:33.015+0000][1][safepoint    ] Entering safepoint region: Deoptimize
[2019-12-09T02:32:33.016+0000][1][safepoint    ] Leaving safepoint region
[2019-12-09T02:32:33.016+0000][1][safepoint    ] Total time for which application threads were stopped: 0.0004390 seconds, Stopping threads took: 0.0000140 seconds
[2019-12-09T02:32:33.072+0000][1][safepoint    ] Application time: 0.0562791 seconds
[2019-12-09T02:32:33.072+0000][1][safepoint    ] Entering safepoint region: Deoptimize
[2019-12-09T02:32:33.073+0000][1][safepoint    ] Leaving safepoint region
[2019-12-09T02:32:33.073+0000][1][safepoint    ] Total time for which application threads were stopped: 0.0004231 seconds, Stopping threads took: 0.0000133 seconds
[2019-12-09T02:32:33.103+0000][1][safepoint    ] Application time: 0.0301162 seconds
[2019-12-09T02:32:33.103+0000][1][safepoint    ] Entering safepoint region: Deoptimize
[2019-12-09T02:32:33.103+0000][1][safepoint    ] Leaving safepoint region
[2019-12-09T02:32:33.103+0000][1][safepoint    ] Total time for which application threads were stopped: 0.0004397 seconds, Stopping threads took: 0.0000236 seconds
[2019-12-09T02:32:33.131+0000][1][safepoint    ] Application time: 0.0279093 seconds
[2019-12-09T02:32:33.131+0000][1][safepoint    ] Entering safepoint region: RevokeBias
[2019-12-09T02:32:33.131+0000][1][safepoint    ] Leaving safepoint region
[2019-12-09T02:32:33.131+0000][1][safepoint    ] Total time for which application threads were stopped: 0.0000683 seconds, Stopping threads took: 0.0000134 seconds
[2019-12-09T02:32:33.138+0000][1][safepoint    ] Application time: 0.0065843 seconds
[2019-12-09T02:32:33.138+0000][1][safepoint    ] Entering safepoint region: RevokeBias
[2019-12-09T02:32:33.138+0000][1][safepoint    ] Leaving safepoint region
[2019-12-09T02:32:33.138+0000][1][safepoint    ] Total time for which application threads were stopped: 0.0000527 seconds, Stopping threads took: 0.0000122 seconds
[2019-12-09T02:32:34.146+0000][1][safepoint    ] Application time: 1.0078128 seconds
[2019-12-09T02:32:34.190+0000][1][safepoint    ] Entering safepoint region: Cleanup
[2019-12-09T02:32:34.190+0000][1][safepoint    ] Leaving safepoint region
[2019-12-09T02:32:34.190+0000][1][safepoint    ] Total time for which application threads were stopped: 0.0440451 seconds, Stopping threads took: 0.0440039 seconds
[2019-12-09T02:32:35.192+0000][1][safepoint    ] Application time: 1.0018900 seconds
[2019-12-09T02:32:35.198+0000][1][safepoint    ] Entering safepoint region: Cleanup
[2019-12-09T02:32:35.198+0000][1][safepoint    ] Leaving safepoint region
[2019-12-09T02:32:35.198+0000][1][safepoint    ] Total time for which application threads were stopped: 0.0063387 seconds, Stopping threads took: 0.0060282 seconds
[2019-12-09T02:32:36.201+0000][1][safepoint    ] Application time: 1.0025999 seconds
[2019-12-09T02:32:36.230+0000][1][safepoint    ] Entering safepoint region: Cleanup
[2019-12-09T02:32:36.230+0000][1][safepoint    ] Leaving safepoint region
[2019-12-09T02:32:36.230+0000][1][safepoint    ] Total time for which application threads were stopped: 0.0291172 seconds, Stopping threads took: 0.0290603 seconds
[2019-12-09T02:32:37.254+0000][1][safepoint    ] Application time: 1.0238331 seconds
[2019-12-09T02:32:37.341+0000][1][safepoint    ] Entering safepoint region: Cleanup
[2019-12-09T02:32:37.341+0000][1][safepoint    ] Leaving safepoint region
[2019-12-09T02:32:37.341+0000][1][safepoint    ] Total time for which application threads were stopped: 0.0871216 seconds, Stopping threads took: 0.0870776 seconds
[2019-12-09T02:32:37.991+0000][1][safepoint    ] Application time: 0.6505683 seconds
[2019-12-09T02:32:38.005+0000][1][safepoint    ] Entering safepoint region: GenCollectForAllocation
[2019-12-09T02:32:38.005+0000][1][gc,start     ] GC(13) Pause Young (Allocation Failure)
[2019-12-09T02:32:38.005+0000][1][gc,task      ] GC(13) Using 2 workers of 2 for evacuation
[2019-12-09T02:32:38.407+0000][1][gc,age       ] GC(13) Desired survivor size 4456448 bytes, new threshold 1 (max threshold 6)
[2019-12-09T02:32:38.407+0000][1][gc,age       ] GC(13) Age table with threshold 1 (max threshold 6)
[2019-12-09T02:32:38.407+0000][1][gc,age       ] GC(13) - age   1:    6781752 bytes,    6781752 total
[2019-12-09T02:32:38.407+0000][1][gc,age       ] GC(13) - age   2:     722448 bytes,    7504200 total
[2019-12-09T02:32:38.407+0000][1][gc,age       ] GC(13) - age   3:     305688 bytes,    7809888 total
[2019-12-09T02:32:38.407+0000][1][gc,age       ] GC(13) - age   4:      97272 bytes,    7907160 total
[2019-12-09T02:32:38.407+0000][1][gc,age       ] GC(13) - age   5:     646880 bytes,    8554040 total
[2019-12-09T02:32:38.407+0000][1][gc,age       ] GC(13) - age   6:     358704 bytes,    8912744 total
[2019-12-09T02:32:38.407+0000][1][gc,heap      ] GC(13) ParNew: 74651K->8704K(78656K)
[2019-12-09T02:32:38.407+0000][1][gc,heap      ] GC(13) CMS: 14191K->21351K(174784K)
[2019-12-09T02:32:38.407+0000][1][gc,metaspace ] GC(13) Metaspace: 27065K->27065K(1075200K)
[2019-12-09T02:32:38.407+0000][1][gc           ] GC(13) Pause Young (Allocation Failure) 86M->29M(247M) 402.591ms
[2019-12-09T02:32:38.407+0000][1][gc,cpu       ] GC(13) User=0.07s Sys=0.00s Real=0.40s
[2019-12-09T02:32:38.407+0000][1][safepoint    ] Leaving safepoint region
[2019-12-09T02:32:38.407+0000][1][safepoint    ] Total time for which application threads were stopped: 0.4159828 seconds, Stopping threads took: 0.0132681 seconds
[2019-12-09T02:32:39.419+0000][1][safepoint    ] Application time: 1.0112328 seconds
[2019-12-09T02:32:39.499+0000][1][safepoint    ] Entering safepoint region: Cleanup
[2019-12-09T02:32:39.499+0000][1][safepoint    ] Leaving safepoint region
[2019-12-09T02:32:39.499+0000][1][safepoint    ] Total time for which application threads were stopped: 0.0800684 seconds, Stopping threads took: 0.0800258 seconds
[2019-12-09T02:32:40.507+0000][1][safepoint    ] Application time: 1.0078758 seconds
[2019-12-09T02:32:40.591+0000][1][safepoint    ] Entering safepoint region: Cleanup
[2019-12-09T02:32:40.591+0000][1][safepoint    ] Leaving safepoint region
[2019-12-09T02:32:40.591+0000][1][safepoint    ] Total time for which application threads were stopped: 0.0841108 seconds, Stopping threads took: 0.0840513 seconds
[2019-12-09T02:32:41.592+0000][1][safepoint    ] Application time: 1.0008410 seconds
[2019-12-09T02:32:41.729+0000][1][safepoint    ] Entering safepoint region: Cleanup
[2019-12-09T02:32:41.729+0000][1][safepoint    ] Leaving safepoint region
[2019-12-09T02:32:41.729+0000][1][safepoint    ] Total time for which application threads were stopped: 0.1370566 seconds, Stopping threads took: 0.1370087 seconds
[2019-12-09T02:32:42.368+0000][1][safepoint    ] Application time: 0.6392221 seconds
[2019-12-09T02:32:42.368+0000][1][safepoint    ] Entering safepoint region: GenCollectForAllocation
[2019-12-09T02:32:42.368+0000][1][gc,start     ] GC(14) Pause Young (Allocation Failure)
[2019-12-09T02:32:42.368+0000][1][gc,task      ] GC(14) Using 2 workers of 2 for evacuation
[2019-12-09T02:32:42.763+0000][1][gc,age       ] GC(14) Desired survivor size 4456448 bytes, new threshold 1 (max threshold 6)
[2019-12-09T02:32:42.763+0000][1][gc,age       ] GC(14) Age table with threshold 1 (max threshold 6)
[2019-12-09T02:32:42.763+0000][1][gc,age       ] GC(14) - age   1:    7869832 bytes,    7869832 total
[2019-12-09T02:32:42.763+0000][1][gc,heap      ] GC(14) ParNew: 78656K->8704K(78656K)
[2019-12-09T02:32:42.763+0000][1][gc,heap      ] GC(14) CMS: 21351K->35738K(174784K)
[2019-12-09T02:32:42.763+0000][1][gc,metaspace ] GC(14) Metaspace: 27219K->27219K(1075200K)
[2019-12-09T02:32:42.763+0000][1][gc           ] GC(14) Pause Young (Allocation Failure) 97M->43M(247M) 395.092ms
[2019-12-09T02:32:42.763+0000][1][gc,cpu       ] GC(14) User=0.19s Sys=0.00s Real=0.39s
[2019-12-09T02:32:42.763+0000][1][safepoint    ] Leaving safepoint region
[2019-12-09T02:32:42.763+0000][1][safepoint    ] Total time for which application threads were stopped: 0.3952205 seconds, Stopping threads took: 0.0000139 seconds
[2019-12-09T02:32:43.326+0000][1][safepoint    ] Application time: 0.5629980 seconds
[2019-12-09T02:32:43.326+0000][1][safepoint    ] Entering safepoint region: RevokeBias
[2019-12-09T02:32:43.326+0000][1][safepoint    ] Leaving safepoint region
[2019-12-09T02:32:43.326+0000][1][safepoint    ] Total time for which application threads were stopped: 0.0000820 seconds, Stopping threads took: 0.0000138 seconds
[2019-12-09T02:32:44.347+0000][1][safepoint    ] Application time: 1.0202914 seconds
[2019-12-09T02:32:44.347+0000][1][safepoint    ] Entering safepoint region: Cleanup
[2019-12-09T02:32:44.347+0000][1][safepoint    ] Leaving safepoint region
[2019-12-09T02:32:44.347+0000][1][safepoint    ] Total time for which application threads were stopped: 0.0000880 seconds, Stopping threads took: 0.0000489 seconds
[2019-12-09T02:32:45.348+0000][1][safepoint    ] Application time: 1.0008684 seconds
[2019-12-09T02:32:45.361+0000][1][safepoint    ] Entering safepoint region: Cleanup
[2019-12-09T02:32:45.361+0000][1][safepoint    ] Leaving safepoint region
[2019-12-09T02:32:45.361+0000][1][safepoint    ] Total time for which application threads were stopped: 0.0132735 seconds, Stopping threads took: 0.0132333 seconds
[2019-12-09T02:32:46.366+0000][1][safepoint    ] Application time: 1.0046834 seconds
[2019-12-09T02:32:46.376+0000][1][safepoint    ] Entering safepoint region: Cleanup
[2019-12-09T02:32:46.376+0000][1][safepoint    ] Leaving safepoint region
[2019-12-09T02:32:46.376+0000][1][safepoint    ] Total time for which application threads were stopped: 0.0100615 seconds, Stopping threads took: 0.0100174 seconds
[2019-12-09T02:32:46.834+0000][1][safepoint    ] Application time: 0.4579028 seconds
[2019-12-09T02:32:46.834+0000][1][safepoint    ] Entering safepoint region: RevokeBias
[2019-12-09T02:32:46.834+0000][1][safepoint    ] Leaving safepoint region
[2019-12-09T02:32:46.834+0000][1][safepoint    ] Total time for which application threads were stopped: 0.0001079 seconds, Stopping threads took: 0.0000138 seconds
[2019-12-09T02:32:47.922+0000][1][safepoint    ] Application time: 1.0878662 seconds
[2019-12-09T02:32:47.922+0000][1][safepoint    ] Entering safepoint region: GenCollectForAllocation
[2019-12-09T02:32:47.922+0000][1][gc,start     ] GC(15) Pause Young (Allocation Failure)
[2019-12-09T02:32:47.922+0000][1][gc,task      ] GC(15) Using 2 workers of 2 for evacuation
[2019-12-09T02:32:48.447+0000][1][gc,age       ] GC(15) Desired survivor size 4456448 bytes, new threshold 1 (max threshold 6)
[2019-12-09T02:32:48.447+0000][1][gc,age       ] GC(15) Age table with threshold 1 (max threshold 6)
[2019-12-09T02:32:48.447+0000][1][gc,age       ] GC(15) - age   1:    8912640 bytes,    8912640 total
[2019-12-09T02:32:48.447+0000][1][gc,heap      ] GC(15) ParNew: 78656K->8704K(78656K)
[2019-12-09T02:32:48.447+0000][1][gc,heap      ] GC(15) CMS: 35738K->46578K(174784K)
[2019-12-09T02:32:48.447+0000][1][gc,metaspace ] GC(15) Metaspace: 29353K->29353K(1077248K)
[2019-12-09T02:32:48.447+0000][1][gc           ] GC(15) Pause Young (Allocation Failure) 111M->53M(247M) 525.049ms
[2019-12-09T02:32:48.447+0000][1][gc,cpu       ] GC(15) User=0.13s Sys=0.00s Real=0.53s
[2019-12-09T02:32:48.447+0000][1][safepoint    ] Leaving safepoint region
[2019-12-09T02:32:48.447+0000][1][safepoint    ] Total time for which application threads were stopped: 0.5252338 seconds, Stopping threads took: 0.0000127 seconds
[2019-12-09T02:32:49.452+0000][1][safepoint    ] Application time: 1.0046918 seconds
[2019-12-09T02:32:49.452+0000][1][safepoint    ] Entering safepoint region: Cleanup
[2019-12-09T02:32:49.452+0000][1][safepoint    ] Leaving safepoint region
[2019-12-09T02:32:49.452+0000][1][safepoint    ] Total time for which application threads were stopped: 0.0001736 seconds, Stopping threads took: 0.0001247 seconds
[2019-12-09T02:32:50.463+0000][1][safepoint    ] Application time: 1.0107757 seconds
[2019-12-09T02:32:50.463+0000][1][safepoint    ] Entering safepoint region: Cleanup
[2019-12-09T02:32:50.463+0000][1][safepoint    ] Leaving safepoint region
[2019-12-09T02:32:50.463+0000][1][safepoint    ] Total time for which application threads were stopped: 0.0002572 seconds, Stopping threads took: 0.0002075 seconds
[2019-12-09T02:32:51.464+0000][1][safepoint    ] Application time: 1.0007123 seconds
[2019-12-09T02:32:51.537+0000][1][safepoint    ] Entering safepoint region: Cleanup
[2019-12-09T02:32:51.537+0000][1][safepoint    ] Leaving safepoint region
[2019-12-09T02:32:51.537+0000][1][safepoint    ] Total time for which application threads were stopped: 0.0736939 seconds, Stopping threads took: 0.0736239 seconds
[2019-12-09T02:32:51.861+0000][1][safepoint    ] Application time: 0.3237292 seconds
[2019-12-09T02:32:51.861+0000][1][safepoint    ] Entering safepoint region: GenCollectForAllocation
[2019-12-09T02:32:51.861+0000][1][gc,start     ] GC(16) Pause Young (Allocation Failure)
[2019-12-09T02:32:51.861+0000][1][gc,task      ] GC(16) Using 2 workers of 2 for evacuation
[2019-12-09T02:32:52.134+0000][1][gc,age       ] GC(16) Desired survivor size 4456448 bytes, new threshold 6 (max threshold 6)
[2019-12-09T02:32:52.134+0000][1][gc,age       ] GC(16) Age table with threshold 6 (max threshold 6)
[2019-12-09T02:32:52.134+0000][1][gc,age       ] GC(16) - age   1:    1295776 bytes,    1295776 total
[2019-12-09T02:32:52.134+0000][1][gc,heap      ] GC(16) ParNew: 78656K->8430K(78656K)
[2019-12-09T02:32:52.134+0000][1][gc,heap      ] GC(16) CMS: 46578K->55339K(174784K)
[2019-12-09T02:32:52.134+0000][1][gc,metaspace ] GC(16) Metaspace: 32943K->32943K(1079296K)
[2019-12-09T02:32:52.134+0000][1][gc           ] GC(16) Pause Young (Allocation Failure) 122M->62M(247M) 272.765ms
[2019-12-09T02:32:52.134+0000][1][gc,cpu       ] GC(16) User=0.06s Sys=0.00s Real=0.27s
[2019-12-09T02:32:52.134+0000][1][safepoint    ] Leaving safepoint region
[2019-12-09T02:32:52.134+0000][1][safepoint    ] Total time for which application threads were stopped: 0.2729094 seconds, Stopping threads took: 0.0000130 seconds
[2019-12-09T02:32:53.161+0000][1][safepoint    ] Application time: 1.0265516 seconds
[2019-12-09T02:32:53.240+0000][1][safepoint    ] Entering safepoint region: Cleanup
[2019-12-09T02:32:53.240+0000][1][safepoint    ] Leaving safepoint region
[2019-12-09T02:32:53.240+0000][1][safepoint    ] Total time for which application threads were stopped: 0.0790749 seconds, Stopping threads took: 0.0789834 seconds
[2019-12-09T02:32:54.020+0000][1][safepoint    ] Application time: 0.7798767 seconds
[2019-12-09T02:32:54.020+0000][1][safepoint    ] Entering safepoint region: CollectForMetadataAllocation
[2019-12-09T02:32:54.020+0000][1][safepoint    ] Leaving safepoint region
[2019-12-09T02:32:54.020+0000][1][safepoint    ] Total time for which application threads were stopped: 0.0002282 seconds, Stopping threads took: 0.0000121 seconds
[2019-12-09T02:32:54.042+0000][1][safepoint    ] Application time: 0.0217187 seconds
[2019-12-09T02:32:54.047+0000][1][safepoint    ] Entering safepoint region: CollectForMetadataAllocation
[2019-12-09T02:32:54.047+0000][1][safepoint    ] Leaving safepoint region
[2019-12-09T02:32:54.047+0000][1][safepoint    ] Total time for which application threads were stopped: 0.0050295 seconds, Stopping threads took: 0.0049891 seconds
[2019-12-09T02:32:54.151+0000][1][safepoint    ] Application time: 0.1039264 seconds
[2019-12-09T02:32:54.152+0000][1][safepoint    ] Entering safepoint region: CMS_Initial_Mark
[2019-12-09T02:32:54.152+0000][1][gc,start     ] GC(17) Pause Initial Mark
[2019-12-09T02:32:54.327+0000][1][gc           ] GC(17) Pause Initial Mark 125M->125M(247M) 175.665ms
[2019-12-09T02:32:54.327+0000][1][gc,cpu       ] GC(17) User=0.03s Sys=0.00s Real=0.18s
[2019-12-09T02:32:54.327+0000][1][safepoint    ] Leaving safepoint region
[2019-12-09T02:32:54.327+0000][1][safepoint    ] Total time for which application threads were stopped: 0.1767497 seconds, Stopping threads took: 0.0009804 seconds
[2019-12-09T02:32:54.334+0000][1][gc           ] GC(17) Concurrent Mark
[2019-12-09T02:32:54.665+0000][1][safepoint    ] Application time: 0.3371983 seconds
[2019-12-09T02:32:54.665+0000][1][safepoint    ] Entering safepoint region: CollectForMetadataAllocation
[2019-12-09T02:32:54.665+0000][1][safepoint    ] Leaving safepoint region
[2019-12-09T02:32:54.665+0000][1][safepoint    ] Total time for which application threads were stopped: 0.0002166 seconds, Stopping threads took: 0.0000131 seconds
[2019-12-09T02:32:54.956+0000][1][safepoint    ] Application time: 0.2907360 seconds
[2019-12-09T02:32:54.956+0000][1][safepoint    ] Entering safepoint region: CollectForMetadataAllocation
[2019-12-09T02:32:54.956+0000][1][safepoint    ] Leaving safepoint region
[2019-12-09T02:32:54.956+0000][1][safepoint    ] Total time for which application threads were stopped: 0.0002380 seconds, Stopping threads took: 0.0000143 seconds
[2019-12-09T02:32:55.149+0000][1][safepoint    ] Application time: 0.1925807 seconds
[2019-12-09T02:32:55.184+0000][1][safepoint    ] Entering safepoint region: CollectForMetadataAllocation
[2019-12-09T02:32:55.184+0000][1][safepoint    ] Leaving safepoint region
[2019-12-09T02:32:55.184+0000][1][safepoint    ] Total time for which application threads were stopped: 0.0353886 seconds, Stopping threads took: 0.0351472 seconds
[2019-12-09T02:32:55.358+0000][1][safepoint    ] Application time: 0.1735255 seconds
[2019-12-09T02:32:55.358+0000][1][safepoint    ] Entering safepoint region: CollectForMetadataAllocation
[2019-12-09T02:32:55.358+0000][1][safepoint    ] Leaving safepoint region
[2019-12-09T02:32:55.358+0000][1][safepoint    ] Total time for which application threads were stopped: 0.0002631 seconds, Stopping threads took: 0.0000147 seconds
[2019-12-09T02:32:55.360+0000][1][gc           ] GC(17) Concurrent Mark 1026.250ms
[2019-12-09T02:32:55.360+0000][1][gc,cpu       ] GC(17) User=0.28s Sys=0.01s Real=1.03s
[2019-12-09T02:32:55.360+0000][1][gc           ] GC(17) Concurrent Preclean
[2019-12-09T02:32:55.376+0000][1][gc           ] GC(17) Concurrent Preclean 15.702ms
[2019-12-09T02:32:55.376+0000][1][gc,cpu       ] GC(17) User=0.00s Sys=0.00s Real=0.02s
[2019-12-09T02:32:55.376+0000][1][gc           ] GC(17) Concurrent Abortable Preclean
[2019-12-09T02:32:55.578+0000][1][safepoint    ] Application time: 0.2198862 seconds
[2019-12-09T02:32:55.578+0000][1][safepoint    ] Entering safepoint region: GenCollectForAllocation
[2019-12-09T02:32:55.578+0000][1][gc,start     ] GC(18) Pause Young (Allocation Failure)
[2019-12-09T02:32:55.578+0000][1][gc,task      ] GC(18) Using 2 workers of 2 for evacuation
[2019-12-09T02:32:55.629+0000][1][gc,age       ] GC(18) Desired survivor size 4456448 bytes, new threshold 6 (max threshold 6)
[2019-12-09T02:32:55.629+0000][1][gc,age       ] GC(18) Age table with threshold 6 (max threshold 6)
[2019-12-09T02:32:55.629+0000][1][gc,age       ] GC(18) - age   1:    1919648 bytes,    1919648 total
[2019-12-09T02:32:55.629+0000][1][gc,age       ] GC(18) - age   2:    1228992 bytes,    3148640 total
[2019-12-09T02:32:55.629+0000][1][gc,heap      ] GC(18) ParNew: 78382K->3517K(78656K)
[2019-12-09T02:32:55.629+0000][1][gc,heap      ] GC(18) CMS: 55339K->55339K(174784K)
[2019-12-09T02:32:55.629+0000][1][gc,metaspace ] GC(18) Metaspace: 35026K->35026K(1081344K)
[2019-12-09T02:32:55.629+0000][1][gc           ] GC(18) Pause Young (Allocation Failure) 130M->57M(247M) 51.556ms
[2019-12-09T02:32:55.629+0000][1][gc,cpu       ] GC(18) User=0.02s Sys=0.00s Real=0.05s
[2019-12-09T02:32:55.629+0000][1][safepoint    ] Leaving safepoint region
[2019-12-09T02:32:55.629+0000][1][safepoint    ] Total time for which application threads were stopped: 0.0516902 seconds, Stopping threads took: 0.0000144 seconds
[2019-12-09T02:32:55.716+0000][1][safepoint    ] Application time: 0.0863938 seconds
[2019-12-09T02:32:55.716+0000][1][safepoint    ] Entering safepoint region: CollectForMetadataAllocation
[2019-12-09T02:32:55.716+0000][1][safepoint    ] Leaving safepoint region
[2019-12-09T02:32:55.716+0000][1][safepoint    ] Total time for which application threads were stopped: 0.0002494 seconds, Stopping threads took: 0.0000156 seconds
[2019-12-09T02:32:55.913+0000][1][safepoint    ] Application time: 0.1965786 seconds
[2019-12-09T02:32:55.913+0000][1][safepoint    ] Entering safepoint region: CollectForMetadataAllocation
[2019-12-09T02:32:55.913+0000][1][safepoint    ] Leaving safepoint region
[2019-12-09T02:32:55.913+0000][1][safepoint    ] Total time for which application threads were stopped: 0.0002240 seconds, Stopping threads took: 0.0000140 seconds
[2019-12-09T02:32:56.189+0000][1][safepoint    ] Application time: 0.2757739 seconds
[2019-12-09T02:32:56.189+0000][1][safepoint    ] Entering safepoint region: CollectForMetadataAllocation
[2019-12-09T02:32:56.189+0000][1][safepoint    ] Leaving safepoint region
[2019-12-09T02:32:56.189+0000][1][safepoint    ] Total time for which application threads were stopped: 0.0002511 seconds, Stopping threads took: 0.0000168 seconds
[2019-12-09T02:32:56.349+0000][1][safepoint    ] Application time: 0.1597992 seconds
[2019-12-09T02:32:56.349+0000][1][safepoint    ] Entering safepoint region: CollectForMetadataAllocation
[2019-12-09T02:32:56.349+0000][1][safepoint    ] Leaving safepoint region
[2019-12-09T02:32:56.349+0000][1][safepoint    ] Total time for which application threads were stopped: 0.0002304 seconds, Stopping threads took: 0.0000139 seconds
[2019-12-09T02:32:56.716+0000][1][safepoint    ] Application time: 0.3665821 seconds
[2019-12-09T02:32:56.716+0000][1][safepoint    ] Entering safepoint region: CollectForMetadataAllocation
[2019-12-09T02:32:56.716+0000][1][safepoint    ] Leaving safepoint region
[2019-12-09T02:32:56.716+0000][1][safepoint    ] Total time for which application threads were stopped: 0.0001559 seconds, Stopping threads took: 0.0000162 seconds
[2019-12-09T02:32:57.062+0000][1][safepoint    ] Application time: 0.3461409 seconds
[2019-12-09T02:32:57.062+0000][1][safepoint    ] Entering safepoint region: CollectForMetadataAllocation
[2019-12-09T02:32:57.062+0000][1][safepoint    ] Leaving safepoint region
[2019-12-09T02:32:57.062+0000][1][safepoint    ] Total time for which application threads were stopped: 0.0002489 seconds, Stopping threads took: 0.0000156 seconds
[2019-12-09T02:32:57.086+0000][1][safepoint    ] Application time: 0.0233742 seconds
[2019-12-09T02:32:57.086+0000][1][safepoint    ] Entering safepoint region: RevokeBias
[2019-12-09T02:32:57.086+0000][1][safepoint    ] Leaving safepoint region
[2019-12-09T02:32:57.086+0000][1][safepoint    ] Total time for which application threads were stopped: 0.0001268 seconds, Stopping threads took: 0.0000132 seconds
[2019-12-09T02:32:57.327+0000][1][safepoint    ] Application time: 0.2408872 seconds
[2019-12-09T02:32:57.352+0000][1][safepoint    ] Entering safepoint region: CollectForMetadataAllocation
[2019-12-09T02:32:57.352+0000][1][safepoint    ] Leaving safepoint region
[2019-12-09T02:32:57.352+0000][1][safepoint    ] Total time for which application threads were stopped: 0.0250113 seconds, Stopping threads took: 0.0247711 seconds
[2019-12-09T02:32:57.586+0000][1][safepoint    ] Application time: 0.2338720 seconds
[2019-12-09T02:32:57.586+0000][1][safepoint    ] Entering safepoint region: CollectForMetadataAllocation
[2019-12-09T02:32:57.586+0000][1][safepoint    ] Leaving safepoint region
[2019-12-09T02:32:57.586+0000][1][safepoint    ] Total time for which application threads were stopped: 0.0002419 seconds, Stopping threads took: 0.0000145 seconds
[2019-12-09T02:32:57.881+0000][1][safepoint    ] Application time: 0.2947280 seconds
[2019-12-09T02:32:57.881+0000][1][safepoint    ] Entering safepoint region: CollectForMetadataAllocation
[2019-12-09T02:32:57.881+0000][1][safepoint    ] Leaving safepoint region
[2019-12-09T02:32:57.881+0000][1][safepoint    ] Total time for which application threads were stopped: 0.0002246 seconds, Stopping threads took: 0.0000137 seconds
[2019-12-09T02:32:58.167+0000][1][safepoint    ] Application time: 0.2861693 seconds
[2019-12-09T02:32:58.167+0000][1][safepoint    ] Entering safepoint region: CollectForMetadataAllocation
[2019-12-09T02:32:58.167+0000][1][safepoint    ] Leaving safepoint region
[2019-12-09T02:32:58.167+0000][1][safepoint    ] Total time for which application threads were stopped: 0.0001488 seconds, Stopping threads took: 0.0000136 seconds
[2019-12-09T02:32:58.527+0000][1][safepoint    ] Application time: 0.3599530 seconds
[2019-12-09T02:32:58.527+0000][1][safepoint    ] Entering safepoint region: CollectForMetadataAllocation
[2019-12-09T02:32:58.528+0000][1][safepoint    ] Leaving safepoint region
[2019-12-09T02:32:58.528+0000][1][safepoint    ] Total time for which application threads were stopped: 0.0002337 seconds, Stopping threads took: 0.0000190 seconds
[2019-12-09T02:32:58.838+0000][1][safepoint    ] Application time: 0.3103045 seconds
[2019-12-09T02:32:58.838+0000][1][safepoint    ] Entering safepoint region: CollectForMetadataAllocation
[2019-12-09T02:32:58.838+0000][1][safepoint    ] Leaving safepoint region
[2019-12-09T02:32:58.838+0000][1][safepoint    ] Total time for which application threads were stopped: 0.0002375 seconds, Stopping threads took: 0.0000161 seconds
[2019-12-09T02:32:59.141+0000][1][safepoint    ] Application time: 0.3024513 seconds
[2019-12-09T02:32:59.141+0000][1][safepoint    ] Entering safepoint region: CollectForMetadataAllocation
[2019-12-09T02:32:59.141+0000][1][safepoint    ] Leaving safepoint region
[2019-12-09T02:32:59.141+0000][1][safepoint    ] Total time for which application threads were stopped: 0.0002415 seconds, Stopping threads took: 0.0000189 seconds
[2019-12-09T02:32:59.455+0000][1][safepoint    ] Application time: 0.3137903 seconds
[2019-12-09T02:32:59.455+0000][1][safepoint    ] Entering safepoint region: CollectForMetadataAllocation
[2019-12-09T02:32:59.455+0000][1][safepoint    ] Leaving safepoint region
[2019-12-09T02:32:59.455+0000][1][safepoint    ] Total time for which application threads were stopped: 0.0002434 seconds, Stopping threads took: 0.0000146 seconds
[2019-12-09T02:32:59.727+0000][1][safepoint    ] Application time: 0.2716755 seconds
[2019-12-09T02:32:59.727+0000][1][safepoint    ] Entering safepoint region: CollectForMetadataAllocation
[2019-12-09T02:32:59.727+0000][1][safepoint    ] Leaving safepoint region
[2019-12-09T02:32:59.727+0000][1][safepoint    ] Total time for which application threads were stopped: 0.0002098 seconds, Stopping threads took: 0.0000119 seconds
[2019-12-09T02:33:00.033+0000][1][safepoint    ] Application time: 0.3057968 seconds
[2019-12-09T02:33:00.033+0000][1][safepoint    ] Entering safepoint region: CollectForMetadataAllocation
[2019-12-09T02:33:00.033+0000][1][safepoint    ] Leaving safepoint region
[2019-12-09T02:33:00.033+0000][1][safepoint    ] Total time for which application threads were stopped: 0.0002556 seconds, Stopping threads took: 0.0000176 seconds
[2019-12-09T02:33:00.300+0000][1][safepoint    ] Application time: 0.2669744 seconds
[2019-12-09T02:33:00.300+0000][1][safepoint    ] Entering safepoint region: CollectForMetadataAllocation
[2019-12-09T02:33:00.300+0000][1][safepoint    ] Leaving safepoint region
[2019-12-09T02:33:00.300+0000][1][safepoint    ] Total time for which application threads were stopped: 0.0002432 seconds, Stopping threads took: 0.0000146 seconds
[2019-12-09T02:33:00.390+0000][1][gc           ] GC(17) Concurrent Abortable Preclean 5014.552ms
[2019-12-09T02:33:00.390+0000][1][gc,cpu       ] GC(17) User=1.38s Sys=0.02s Real=5.01s
[2019-12-09T02:33:00.390+0000][1][safepoint    ] Application time: 0.0900752 seconds
[2019-12-09T02:33:00.390+0000][1][safepoint    ] Entering safepoint region: CMS_Final_Remark
[2019-12-09T02:33:00.390+0000][1][gc,start     ] GC(17) Pause Remark
[2019-12-09T02:33:00.544+0000][1][gc           ] GC(17) Pause Remark 79M->79M(247M) 153.326ms
[2019-12-09T02:33:00.544+0000][1][gc,cpu       ] GC(17) User=0.04s Sys=0.00s Real=0.15s
[2019-12-09T02:33:00.544+0000][1][safepoint    ] Leaving safepoint region
[2019-12-09T02:33:00.544+0000][1][safepoint    ] Total time for which application threads were stopped: 0.1534578 seconds, Stopping threads took: 0.0000126 seconds
[2019-12-09T02:33:00.563+0000][1][gc           ] GC(17) Concurrent Sweep
[2019-12-09T02:33:00.692+0000][1][safepoint    ] Application time: 0.1478673 seconds
[2019-12-09T02:33:00.692+0000][1][safepoint    ] Entering safepoint region: CollectForMetadataAllocation
[2019-12-09T02:33:00.693+0000][1][safepoint    ] Leaving safepoint region
[2019-12-09T02:33:00.693+0000][1][safepoint    ] Total time for which application threads were stopped: 0.0008065 seconds, Stopping threads took: 0.0000214 seconds
[2019-12-09T02:33:00.848+0000][1][safepoint    ] Application time: 0.1550893 seconds
[2019-12-09T02:33:00.848+0000][1][safepoint    ] Entering safepoint region: CollectForMetadataAllocation
[2019-12-09T02:33:00.848+0000][1][safepoint    ] Leaving safepoint region
[2019-12-09T02:33:00.848+0000][1][safepoint    ] Total time for which application threads were stopped: 0.0002328 seconds, Stopping threads took: 0.0000161 seconds
[2019-12-09T02:33:00.962+0000][1][gc           ] GC(17) Concurrent Sweep 398.881ms
[2019-12-09T02:33:00.962+0000][1][gc,cpu       ] GC(17) User=0.13s Sys=0.01s Real=0.40s
[2019-12-09T02:33:00.962+0000][1][gc           ] GC(17) Concurrent Reset
[2019-12-09T02:33:00.962+0000][1][gc           ] GC(17) Concurrent Reset 0.364ms
[2019-12-09T02:33:00.962+0000][1][gc,cpu       ] GC(17) User=0.00s Sys=0.00s Real=0.00s
[2019-12-09T02:33:00.962+0000][1][gc,heap      ] GC(17) Old: 55339K->55117K(174784K)
[2019-12-09T02:33:01.850+0000][1][safepoint    ] Application time: 1.0022343 seconds
[2019-12-09T02:33:01.911+0000][1][safepoint    ] Entering safepoint region: Cleanup
[2019-12-09T02:33:01.911+0000][1][safepoint    ] Leaving safepoint region
[2019-12-09T02:33:01.911+0000][1][safepoint    ] Total time for which application threads were stopped: 0.0605598 seconds, Stopping threads took: 0.0604867 seconds
[2019-12-09T02:33:02.082+0000][1][safepoint    ] Application time: 0.1708954 seconds
[2019-12-09T02:33:02.121+0000][1][safepoint    ] Entering safepoint region: RevokeBias
[2019-12-09T02:33:02.121+0000][1][safepoint    ] Leaving safepoint region
[2019-12-09T02:33:02.121+0000][1][safepoint    ] Total time for which application threads were stopped: 0.0390947 seconds, Stopping threads took: 0.0390115 seconds
[2019-12-09T02:33:02.121+0000][1][safepoint    ] Application time: 0.0001220 seconds
[2019-12-09T02:33:02.121+0000][1][safepoint    ] Entering safepoint region: RevokeBias
[2019-12-09T02:33:02.121+0000][1][safepoint    ] Leaving safepoint region
[2019-12-09T02:33:02.121+0000][1][safepoint    ] Total time for which application threads were stopped: 0.0000429 seconds, Stopping threads took: 0.0000096 seconds
[2019-12-09T02:33:02.121+0000][1][safepoint    ] Application time: 0.0001649 seconds
[2019-12-09T02:33:02.121+0000][1][safepoint    ] Entering safepoint region: RevokeBias
[2019-12-09T02:33:02.121+0000][1][safepoint    ] Leaving safepoint region
[2019-12-09T02:33:02.121+0000][1][safepoint    ] Total time for which application threads were stopped: 0.0000459 seconds, Stopping threads took: 0.0000086 seconds
[2019-12-09T02:33:03.124+0000][1][safepoint    ] Application time: 1.0024494 seconds
[2019-12-09T02:33:03.196+0000][1][safepoint    ] Entering safepoint region: Cleanup
[2019-12-09T02:33:03.196+0000][1][safepoint    ] Leaving safepoint region
[2019-12-09T02:33:03.196+0000][1][safepoint    ] Total time for which application threads were stopped: 0.0721318 seconds, Stopping threads took: 0.0720769 seconds
[2019-12-09T02:33:05.203+0000][1][safepoint    ] Application time: 2.0067941 seconds
[2019-12-09T02:33:05.240+0000][1][safepoint    ] Entering safepoint region: Cleanup
[2019-12-09T02:33:05.240+0000][1][safepoint    ] Leaving safepoint region
[2019-12-09T02:33:05.240+0000][1][safepoint    ] Total time for which application threads were stopped: 0.0371433 seconds, Stopping threads took: 0.0370945 seconds
[2019-12-09T02:33:07.100+0000][1][safepoint    ] Application time: 1.8600459 seconds
[2019-12-09T02:33:07.169+0000][1][safepoint    ] Entering safepoint region: RevokeBias
[2019-12-09T02:33:07.169+0000][1][safepoint    ] Leaving safepoint region
[2019-12-09T02:33:07.169+0000][1][safepoint    ] Total time for which application threads were stopped: 0.0688833 seconds, Stopping threads took: 0.0687770 seconds
[2019-12-09T02:33:07.169+0000][1][safepoint    ] Application time: 0.0004226 seconds
[2019-12-09T02:33:07.169+0000][1][safepoint    ] Entering safepoint region: RevokeBias
[2019-12-09T02:33:07.169+0000][1][safepoint    ] Leaving safepoint region
[2019-12-09T02:33:07.169+0000][1][safepoint    ] Total time for which application threads were stopped: 0.0001098 seconds, Stopping threads took: 0.0000113 seconds
[2019-12-09T02:33:07.170+0000][1][safepoint    ] Application time: 0.0000913 seconds
[2019-12-09T02:33:07.170+0000][1][safepoint    ] Entering safepoint region: RevokeBias
[2019-12-09T02:33:07.170+0000][1][safepoint    ] Leaving safepoint region
[2019-12-09T02:33:07.170+0000][1][safepoint    ] Total time for which application threads were stopped: 0.0000754 seconds, Stopping threads took: 0.0000093 seconds
[2019-12-09T02:33:07.170+0000][1][safepoint    ] Application time: 0.0000703 seconds
[2019-12-09T02:33:07.170+0000][1][safepoint    ] Entering safepoint region: RevokeBias
[2019-12-09T02:33:07.170+0000][1][safepoint    ] Leaving safepoint region
[2019-12-09T02:33:07.170+0000][1][safepoint    ] Total time for which application threads were stopped: 0.0000692 seconds, Stopping threads took: 0.0000085 seconds
[2019-12-09T02:33:07.170+0000][1][safepoint    ] Application time: 0.0000906 seconds
[2019-12-09T02:33:07.170+0000][1][safepoint    ] Entering safepoint region: RevokeBias
[2019-12-09T02:33:07.170+0000][1][safepoint    ] Leaving safepoint region
[2019-12-09T02:33:07.170+0000][1][safepoint    ] Total time for which application threads were stopped: 0.0000703 seconds, Stopping threads took: 0.0000086 seconds
[2019-12-09T02:33:07.170+0000][1][safepoint    ] Application time: 0.0000643 seconds
[2019-12-09T02:33:07.170+0000][1][safepoint    ] Entering safepoint region: RevokeBias
[2019-12-09T02:33:07.170+0000][1][safepoint    ] Leaving safepoint region
[2019-12-09T02:33:07.170+0000][1][safepoint    ] Total time for which application threads were stopped: 0.0000667 seconds, Stopping threads took: 0.0000078 seconds
[2019-12-09T02:33:07.171+0000][1][safepoint    ] Application time: 0.0012892 seconds
[2019-12-09T02:33:07.171+0000][1][safepoint    ] Entering safepoint region: RevokeBias
[2019-12-09T02:33:07.172+0000][1][safepoint    ] Leaving safepoint region
[2019-12-09T02:33:07.172+0000][1][safepoint    ] Total time for which application threads were stopped: 0.0000811 seconds, Stopping threads took: 0.0000116 seconds
[2019-12-09T02:33:07.172+0000][1][safepoint    ] Application time: 0.0000915 seconds
[2019-12-09T02:33:07.172+0000][1][safepoint    ] Entering safepoint region: RevokeBias
[2019-12-09T02:33:07.172+0000][1][safepoint    ] Leaving safepoint region
[2019-12-09T02:33:07.172+0000][1][safepoint    ] Total time for which application threads were stopped: 0.0000936 seconds, Stopping threads took: 0.0000091 seconds
[2019-12-09T02:33:07.172+0000][1][safepoint    ] Application time: 0.0002473 seconds
[2019-12-09T02:33:07.172+0000][1][safepoint    ] Entering safepoint region: RevokeBias
[2019-12-09T02:33:07.172+0000][1][safepoint    ] Leaving safepoint region
[2019-12-09T02:33:07.172+0000][1][safepoint    ] Total time for which application threads were stopped: 0.0000681 seconds, Stopping threads took: 0.0000083 seconds
[2019-12-09T02:33:07.172+0000][1][safepoint    ] Application time: 0.0000635 seconds
[2019-12-09T02:33:07.172+0000][1][safepoint    ] Entering safepoint region: RevokeBias
[2019-12-09T02:33:07.172+0000][1][safepoint    ] Leaving safepoint region
[2019-12-09T02:33:07.172+0000][1][safepoint    ] Total time for which application threads were stopped: 0.0000592 seconds, Stopping threads took: 0.0000073 seconds
[2019-12-09T02:33:07.173+0000][1][safepoint    ] Application time: 0.0003206 seconds
[2019-12-09T02:33:07.173+0000][1][safepoint    ] Entering safepoint region: RevokeBias
[2019-12-09T02:33:07.173+0000][1][safepoint    ] Leaving safepoint region
[2019-12-09T02:33:07.173+0000][1][safepoint    ] Total time for which application threads were stopped: 0.0000687 seconds, Stopping threads took: 0.0000087 seconds
[2019-12-09T02:33:07.753+0000][1][safepoint    ] Application time: 0.5803606 seconds
[2019-12-09T02:33:07.793+0000][1][safepoint    ] Entering safepoint region: RevokeBias
[2019-12-09T02:33:07.793+0000][1][safepoint    ] Leaving safepoint region
[2019-12-09T02:33:07.793+0000][1][safepoint    ] Total time for which application threads were stopped: 0.0398690 seconds, Stopping threads took: 0.0397661 seconds
[2019-12-09T02:33:08.796+0000][1][safepoint    ] Application time: 1.0028223 seconds
[2019-12-09T02:33:08.797+0000][1][safepoint    ] Entering safepoint region: Cleanup
[2019-12-09T02:33:08.797+0000][1][safepoint    ] Leaving safepoint region
[2019-12-09T02:33:08.798+0000][1][safepoint    ] Total time for which application threads were stopped: 0.0017578 seconds, Stopping threads took: 0.0017026 seconds
[2019-12-09T02:33:09.799+0000][1][safepoint    ] Application time: 1.0013604 seconds
[2019-12-09T02:33:09.820+0000][1][safepoint    ] Entering safepoint region: Cleanup
[2019-12-09T02:33:09.820+0000][1][safepoint    ] Leaving safepoint region
[2019-12-09T02:33:09.820+0000][1][safepoint    ] Total time for which application threads were stopped: 0.0209030 seconds, Stopping threads took: 0.0208357 seconds
[2019-12-09T02:33:09.893+0000][1][safepoint    ] Application time: 0.0735196 seconds
[2019-12-09T02:33:09.893+0000][1][safepoint    ] Entering safepoint region: GenCollectForAllocation
[2019-12-09T02:33:09.893+0000][1][gc,start     ] GC(19) Pause Young (Allocation Failure)
[2019-12-09T02:33:09.893+0000][1][gc,task      ] GC(19) Using 2 workers of 2 for evacuation
[2019-12-09T02:33:10.096+0000][1][gc,age       ] GC(19) Desired survivor size 4456448 bytes, new threshold 2 (max threshold 6)
[2019-12-09T02:33:10.096+0000][1][gc,age       ] GC(19) Age table with threshold 2 (max threshold 6)
[2019-12-09T02:33:10.096+0000][1][gc,age       ] GC(19) - age   1:    2833824 bytes,    2833824 total
[2019-12-09T02:33:10.096+0000][1][gc,age       ] GC(19) - age   2:    1892776 bytes,    4726600 total
[2019-12-09T02:33:10.096+0000][1][gc,age       ] GC(19) - age   3:    1226720 bytes,    5953320 total
[2019-12-09T02:33:10.096+0000][1][gc,heap      ] GC(19) ParNew: 73469K->7230K(78656K)
[2019-12-09T02:33:10.096+0000][1][gc,heap      ] GC(19) CMS: 55117K->55117K(174784K)
[2019-12-09T02:33:10.096+0000][1][gc,metaspace ] GC(19) Metaspace: 42927K->42927K(1089536K)
[2019-12-09T02:33:10.096+0000][1][gc           ] GC(19) Pause Young (Allocation Failure) 125M->60M(247M) 202.875ms
[2019-12-09T02:33:10.096+0000][1][gc,cpu       ] GC(19) User=0.08s Sys=0.00s Real=0.21s
[2019-12-09T02:33:10.096+0000][1][safepoint    ] Leaving safepoint region
[2019-12-09T02:33:10.096+0000][1][safepoint    ] Total time for which application threads were stopped: 0.2030108 seconds, Stopping threads took: 0.0000122 seconds
[2019-12-09T02:33:10.174+0000][1][safepoint    ] Application time: 0.0770998 seconds
[2019-12-09T02:33:10.174+0000][1][safepoint    ] Entering safepoint region: RevokeBias
[2019-12-09T02:33:10.174+0000][1][safepoint    ] Leaving safepoint region
[2019-12-09T02:33:10.174+0000][1][safepoint    ] Total time for which application threads were stopped: 0.0000749 seconds, Stopping threads took: 0.0000137 seconds
[2019-12-09T02:33:11.175+0000][1][safepoint    ] Application time: 1.0011086 seconds
[2019-12-09T02:33:11.237+0000][1][safepoint    ] Entering safepoint region: Cleanup
[2019-12-09T02:33:11.237+0000][1][safepoint    ] Leaving safepoint region
[2019-12-09T02:33:11.237+0000][1][safepoint    ] Total time for which application threads were stopped: 0.0620676 seconds, Stopping threads took: 0.0620036 seconds
[2019-12-09T02:33:11.627+0000][1][safepoint    ] Application time: 0.3902220 seconds
[2019-12-09T02:33:11.627+0000][1][safepoint    ] Entering safepoint region: RevokeBias
[2019-12-09T02:33:11.627+0000][1][safepoint    ] Leaving safepoint region
[2019-12-09T02:33:11.627+0000][1][safepoint    ] Total time for which application threads were stopped: 0.0001081 seconds, Stopping threads took: 0.0000119 seconds
[2019-12-09T02:33:11.657+0000][1][safepoint    ] Application time: 0.0296635 seconds
[2019-12-09T02:33:11.657+0000][1][safepoint    ] Entering safepoint region: RevokeBias
[2019-12-09T02:33:11.657+0000][1][safepoint    ] Leaving safepoint region
[2019-12-09T02:33:11.657+0000][1][safepoint    ] Total time for which application threads were stopped: 0.0000997 seconds, Stopping threads took: 0.0000122 seconds
[2019-12-09T02:33:12.676+0000][1][safepoint    ] Application time: 1.0187484 seconds
[2019-12-09T02:33:12.683+0000][1][safepoint    ] Entering safepoint region: Cleanup
[2019-12-09T02:33:12.683+0000][1][safepoint    ] Leaving safepoint region
[2019-12-09T02:33:12.683+0000][1][safepoint    ] Total time for which application threads were stopped: 0.0070804 seconds, Stopping threads took: 0.0070283 seconds
[2019-12-09T02:33:13.196+0000][1][safepoint    ] Application time: 0.5129957 seconds
[2019-12-09T02:33:13.196+0000][1][safepoint    ] Entering safepoint region: RevokeBias
[2019-12-09T02:33:13.197+0000][1][safepoint    ] Leaving safepoint region
[2019-12-09T02:33:13.197+0000][1][safepoint    ] Total time for which application threads were stopped: 0.0009232 seconds, Stopping threads took: 0.0004396 seconds
[2019-12-09T02:33:13.197+0000][1][safepoint    ] Application time: 0.0002034 seconds
[2019-12-09T02:33:13.197+0000][1][safepoint    ] Entering safepoint region: RevokeBias
[2019-12-09T02:33:13.197+0000][1][safepoint    ] Leaving safepoint region
[2019-12-09T02:33:13.197+0000][1][safepoint    ] Total time for which application threads were stopped: 0.0000719 seconds, Stopping threads took: 0.0000101 seconds
[2019-12-09T02:33:13.197+0000][1][safepoint    ] Application time: 0.0000574 seconds
[2019-12-09T02:33:13.197+0000][1][safepoint    ] Entering safepoint region: RevokeBias
[2019-12-09T02:33:13.197+0000][1][safepoint    ] Leaving safepoint region
[2019-12-09T02:33:13.197+0000][1][safepoint    ] Total time for which application threads were stopped: 0.0000465 seconds, Stopping threads took: 0.0000077 seconds
[2019-12-09T02:33:13.198+0000][1][safepoint    ] Application time: 0.0010693 seconds
[2019-12-09T02:33:13.198+0000][1][safepoint    ] Entering safepoint region: RevokeBias
[2019-12-09T02:33:13.198+0000][1][safepoint    ] Leaving safepoint region
[2019-12-09T02:33:13.198+0000][1][safepoint    ] Total time for which application threads were stopped: 0.0000445 seconds, Stopping threads took: 0.0000097 seconds
[2019-12-09T02:33:13.727+0000][1][safepoint    ] Application time: 0.5283006 seconds
[2019-12-09T02:33:13.727+0000][1][safepoint    ] Entering safepoint region: RevokeBias
[2019-12-09T02:33:13.727+0000][1][safepoint    ] Leaving safepoint region
[2019-12-09T02:33:13.727+0000][1][safepoint    ] Total time for which application threads were stopped: 0.0001267 seconds, Stopping threads took: 0.0000142 seconds
[2019-12-09T02:33:13.728+0000][1][safepoint    ] Application time: 0.0014306 seconds
[2019-12-09T02:33:13.728+0000][1][safepoint    ] Entering safepoint region: RevokeBias
[2019-12-09T02:33:13.728+0000][1][safepoint    ] Leaving safepoint region
[2019-12-09T02:33:13.728+0000][1][safepoint    ] Total time for which application threads were stopped: 0.0000722 seconds, Stopping threads took: 0.0000116 seconds
[2019-12-09T02:33:13.737+0000][1][safepoint    ] Application time: 0.0082943 seconds
[2019-12-09T02:33:13.737+0000][1][safepoint    ] Entering safepoint region: RevokeBias
[2019-12-09T02:33:13.737+0000][1][safepoint    ] Leaving safepoint region
[2019-12-09T02:33:13.737+0000][1][safepoint    ] Total time for which application threads were stopped: 0.0000752 seconds, Stopping threads took: 0.0000129 seconds
[2019-12-09T02:33:13.738+0000][1][safepoint    ] Application time: 0.0013673 seconds
[2019-12-09T02:33:13.738+0000][1][safepoint    ] Entering safepoint region: RevokeBias
[2019-12-09T02:33:13.738+0000][1][safepoint    ] Leaving safepoint region
[2019-12-09T02:33:13.738+0000][1][safepoint    ] Total time for which application threads were stopped: 0.0000800 seconds, Stopping threads took: 0.0000114 seconds
[2019-12-09T02:33:13.738+0000][1][safepoint    ] Application time: 0.0001842 seconds
[2019-12-09T02:33:13.738+0000][1][safepoint    ] Entering safepoint region: RevokeBias
[2019-12-09T02:33:13.739+0000][1][safepoint    ] Leaving safepoint region
[2019-12-09T02:33:13.739+0000][1][safepoint    ] Total time for which application threads were stopped: 0.0000606 seconds, Stopping threads took: 0.0000090 seconds
[2019-12-09T02:33:13.739+0000][1][safepoint    ] Application time: 0.0004800 seconds
[2019-12-09T02:33:13.739+0000][1][safepoint    ] Entering safepoint region: RevokeBias
[2019-12-09T02:33:13.739+0000][1][safepoint    ] Leaving safepoint region
[2019-12-09T02:33:13.739+0000][1][safepoint    ] Total time for which application threads were stopped: 0.0000835 seconds, Stopping threads took: 0.0000104 seconds
[2019-12-09T02:33:13.739+0000][1][safepoint    ] Application time: 0.0001822 seconds
[2019-12-09T02:33:13.739+0000][1][safepoint    ] Entering safepoint region: RevokeBias
[2019-12-09T02:33:13.739+0000][1][safepoint    ] Leaving safepoint region
[2019-12-09T02:33:13.739+0000][1][safepoint    ] Total time for which application threads were stopped: 0.0000684 seconds, Stopping threads took: 0.0000090 seconds
[2019-12-09T02:33:13.739+0000][1][safepoint    ] Application time: 0.0000540 seconds
[2019-12-09T02:33:13.739+0000][1][safepoint    ] Entering safepoint region: RevokeBias
[2019-12-09T02:33:13.740+0000][1][safepoint    ] Leaving safepoint region
[2019-12-09T02:33:13.740+0000][1][safepoint    ] Total time for which application threads were stopped: 0.0000548 seconds, Stopping threads took: 0.0000085 seconds
[2019-12-09T02:33:13.740+0000][1][safepoint    ] Application time: 0.0000529 seconds
[2019-12-09T02:33:13.740+0000][1][safepoint    ] Entering safepoint region: RevokeBias
[2019-12-09T02:33:13.740+0000][1][safepoint    ] Leaving safepoint region
[2019-12-09T02:33:13.740+0000][1][safepoint    ] Total time for which application threads were stopped: 0.0000532 seconds, Stopping threads took: 0.0000084 seconds
[2019-12-09T02:33:13.740+0000][1][safepoint    ] Application time: 0.0000767 seconds
[2019-12-09T02:33:13.740+0000][1][safepoint    ] Entering safepoint region: RevokeBias
[2019-12-09T02:33:13.740+0000][1][safepoint    ] Leaving safepoint region
[2019-12-09T02:33:13.740+0000][1][safepoint    ] Total time for which application threads were stopped: 0.0000573 seconds, Stopping threads took: 0.0000087 seconds
[2019-12-09T02:33:13.740+0000][1][safepoint    ] Application time: 0.0000543 seconds
[2019-12-09T02:33:13.740+0000][1][safepoint    ] Entering safepoint region: RevokeBias
[2019-12-09T02:33:13.740+0000][1][safepoint    ] Leaving safepoint region
[2019-12-09T02:33:13.740+0000][1][safepoint    ] Total time for which application threads were stopped: 0.0000558 seconds, Stopping threads took: 0.0000084 seconds
[2019-12-09T02:33:13.740+0000][1][safepoint    ] Application time: 0.0000523 seconds
[2019-12-09T02:33:13.740+0000][1][safepoint    ] Entering safepoint region: RevokeBias
[2019-12-09T02:33:13.740+0000][1][safepoint    ] Leaving safepoint region
[2019-12-09T02:33:13.740+0000][1][safepoint    ] Total time for which application threads were stopped: 0.0000541 seconds, Stopping threads took: 0.0000080 seconds
[2019-12-09T02:33:13.740+0000][1][safepoint    ] Application time: 0.0000523 seconds
[2019-12-09T02:33:13.740+0000][1][safepoint    ] Entering safepoint region: RevokeBias
[2019-12-09T02:33:13.740+0000][1][safepoint    ] Leaving safepoint region
[2019-12-09T02:33:13.740+0000][1][safepoint    ] Total time for which application threads were stopped: 0.0000531 seconds, Stopping threads took: 0.0000078 seconds
[2019-12-09T02:33:13.740+0000][1][safepoint    ] Application time: 0.0000547 seconds
[2019-12-09T02:33:13.740+0000][1][safepoint    ] Entering safepoint region: RevokeBias
[2019-12-09T02:33:13.740+0000][1][safepoint    ] Leaving safepoint region
[2019-12-09T02:33:13.740+0000][1][safepoint    ] Total time for which application threads were stopped: 0.0000560 seconds, Stopping threads took: 0.0000084 seconds
[2019-12-09T02:33:13.740+0000][1][safepoint    ] Application time: 0.0000543 seconds
[2019-12-09T02:33:13.740+0000][1][safepoint    ] Entering safepoint region: RevokeBias
[2019-12-09T02:33:13.740+0000][1][safepoint    ] Leaving safepoint region
[2019-12-09T02:33:13.740+0000][1][safepoint    ] Total time for which application threads were stopped: 0.0000539 seconds, Stopping threads took: 0.0000078 seconds
[2019-12-09T02:33:13.741+0000][1][safepoint    ] Application time: 0.0000524 seconds
[2019-12-09T02:33:13.741+0000][1][safepoint    ] Entering safepoint region: RevokeBias
[2019-12-09T02:33:13.741+0000][1][safepoint    ] Leaving safepoint region
[2019-12-09T02:33:13.741+0000][1][safepoint    ] Total time for which application threads were stopped: 0.0000522 seconds, Stopping threads took: 0.0000086 seconds
[2019-12-09T02:33:13.741+0000][1][safepoint    ] Application time: 0.0000515 seconds
[2019-12-09T02:33:13.741+0000][1][safepoint    ] Entering safepoint region: RevokeBias
[2019-12-09T02:33:13.741+0000][1][safepoint    ] Leaving safepoint region
[2019-12-09T02:33:13.741+0000][1][safepoint    ] Total time for which application threads were stopped: 0.0000744 seconds, Stopping threads took: 0.0000083 seconds
[2019-12-09T02:33:13.741+0000][1][safepoint    ] Application time: 0.0000528 seconds
[2019-12-09T02:33:13.741+0000][1][safepoint    ] Entering safepoint region: RevokeBias
[2019-12-09T02:33:13.741+0000][1][safepoint    ] Leaving safepoint region
[2019-12-09T02:33:13.741+0000][1][safepoint    ] Total time for which application threads were stopped: 0.0000517 seconds, Stopping threads took: 0.0000083 seconds
[2019-12-09T02:33:13.741+0000][1][safepoint    ] Application time: 0.0000521 seconds
[2019-12-09T02:33:13.741+0000][1][safepoint    ] Entering safepoint region: RevokeBias
[2019-12-09T02:33:13.741+0000][1][safepoint    ] Leaving safepoint region
[2019-12-09T02:33:13.741+0000][1][safepoint    ] Total time for which application threads were stopped: 0.0000517 seconds, Stopping threads took: 0.0000078 seconds
[2019-12-09T02:33:13.741+0000][1][safepoint    ] Application time: 0.0000526 seconds
[2019-12-09T02:33:13.741+0000][1][safepoint    ] Entering safepoint region: RevokeBias
[2019-12-09T02:33:13.741+0000][1][safepoint    ] Leaving safepoint region
[2019-12-09T02:33:13.741+0000][1][safepoint    ] Total time for which application threads were stopped: 0.0000528 seconds, Stopping threads took: 0.0000078 seconds
[2019-12-09T02:33:13.741+0000][1][safepoint    ] Application time: 0.0000529 seconds
[2019-12-09T02:33:13.741+0000][1][safepoint    ] Entering safepoint region: RevokeBias
[2019-12-09T02:33:13.741+0000][1][safepoint    ] Leaving safepoint region
[2019-12-09T02:33:13.741+0000][1][safepoint    ] Total time for which application threads were stopped: 0.0000512 seconds, Stopping threads took: 0.0000082 seconds
[2019-12-09T02:33:13.741+0000][1][safepoint    ] Application time: 0.0000511 seconds
[2019-12-09T02:33:13.741+0000][1][safepoint    ] Entering safepoint region: RevokeBias
[2019-12-09T02:33:13.741+0000][1][safepoint    ] Leaving safepoint region
[2019-12-09T02:33:13.741+0000][1][safepoint    ] Total time for which application threads were stopped: 0.0000481 seconds, Stopping threads took: 0.0000082 seconds
[2019-12-09T02:33:13.741+0000][1][safepoint    ] Application time: 0.0000508 seconds
[2019-12-09T02:33:13.741+0000][1][safepoint    ] Entering safepoint region: RevokeBias
[2019-12-09T02:33:13.741+0000][1][safepoint    ] Leaving safepoint region
[2019-12-09T02:33:13.741+0000][1][safepoint    ] Total time for which application threads were stopped: 0.0000482 seconds, Stopping threads took: 0.0000080 seconds
[2019-12-09T02:33:13.741+0000][1][safepoint    ] Application time: 0.0000514 seconds
[2019-12-09T02:33:13.741+0000][1][safepoint    ] Entering safepoint region: BulkRevokeBias
[2019-12-09T02:33:13.742+0000][1][safepoint    ] Leaving safepoint region
[2019-12-09T02:33:13.742+0000][1][safepoint    ] Total time for which application threads were stopped: 0.0001098 seconds, Stopping threads took: 0.0000083 seconds
[2019-12-09T02:33:13.742+0000][1][safepoint    ] Application time: 0.0001770 seconds
[2019-12-09T02:33:13.742+0000][1][safepoint    ] Entering safepoint region: RevokeBias
[2019-12-09T02:33:13.742+0000][1][safepoint    ] Leaving safepoint region
[2019-12-09T02:33:13.742+0000][1][safepoint    ] Total time for which application threads were stopped: 0.0000740 seconds, Stopping threads took: 0.0000088 seconds
[2019-12-09T02:33:13.762+0000][1][safepoint    ] Application time: 0.0199127 seconds
[2019-12-09T02:33:13.762+0000][1][safepoint    ] Entering safepoint region: RevokeBias
[2019-12-09T02:33:13.762+0000][1][safepoint    ] Leaving safepoint region
[2019-12-09T02:33:13.762+0000][1][safepoint    ] Total time for which application threads were stopped: 0.0000841 seconds, Stopping threads took: 0.0000115 seconds
[2019-12-09T02:33:13.762+0000][1][safepoint    ] Application time: 0.0001414 seconds
[2019-12-09T02:33:13.762+0000][1][safepoint    ] Entering safepoint region: RevokeBias
[2019-12-09T02:33:13.762+0000][1][safepoint    ] Leaving safepoint region
[2019-12-09T02:33:13.762+0000][1][safepoint    ] Total time for which application threads were stopped: 0.0000683 seconds, Stopping threads took: 0.0000092 seconds
[2019-12-09T02:33:13.762+0000][1][safepoint    ] Application time: 0.0000760 seconds
[2019-12-09T02:33:13.762+0000][1][safepoint    ] Entering safepoint region: RevokeBias
[2019-12-09T02:33:13.762+0000][1][safepoint    ] Leaving safepoint region
[2019-12-09T02:33:13.762+0000][1][safepoint    ] Total time for which application threads were stopped: 0.0000606 seconds, Stopping threads took: 0.0000091 seconds
[2019-12-09T02:33:13.762+0000][1][safepoint    ] Application time: 0.0000810 seconds
[2019-12-09T02:33:13.762+0000][1][safepoint    ] Entering safepoint region: RevokeBias
[2019-12-09T02:33:13.762+0000][1][safepoint    ] Leaving safepoint region
[2019-12-09T02:33:13.762+0000][1][safepoint    ] Total time for which application threads were stopped: 0.0000629 seconds, Stopping threads took: 0.0000088 seconds
[2019-12-09T02:33:13.763+0000][1][safepoint    ] Application time: 0.0000624 seconds
[2019-12-09T02:33:13.763+0000][1][safepoint    ] Entering safepoint region: RevokeBias
[2019-12-09T02:33:13.763+0000][1][safepoint    ] Leaving safepoint region
[2019-12-09T02:33:13.763+0000][1][safepoint    ] Total time for which application threads were stopped: 0.0000584 seconds, Stopping threads took: 0.0000083 seconds
[2019-12-09T02:33:13.763+0000][1][safepoint    ] Application time: 0.0001857 seconds
[2019-12-09T02:33:13.763+0000][1][safepoint    ] Entering safepoint region: RevokeBias
[2019-12-09T02:33:13.763+0000][1][safepoint    ] Leaving safepoint region
[2019-12-09T02:33:13.763+0000][1][safepoint    ] Total time for which application threads were stopped: 0.0000705 seconds, Stopping threads took: 0.0000089 seconds
[2019-12-09T02:33:13.763+0000][1][safepoint    ] Application time: 0.0005777 seconds
[2019-12-09T02:33:13.763+0000][1][safepoint    ] Entering safepoint region: RevokeBias
[2019-12-09T02:33:13.764+0000][1][safepoint    ] Leaving safepoint region
[2019-12-09T02:33:13.764+0000][1][safepoint    ] Total time for which application threads were stopped: 0.0000554 seconds, Stopping threads took: 0.0000095 seconds
[2019-12-09T02:33:13.764+0000][1][safepoint    ] Application time: 0.0000583 seconds
[2019-12-09T02:33:13.764+0000][1][safepoint    ] Entering safepoint region: BulkRevokeBias
[2019-12-09T02:33:13.764+0000][1][safepoint    ] Leaving safepoint region
[2019-12-09T02:33:13.764+0000][1][safepoint    ] Total time for which application threads were stopped: 0.0001327 seconds, Stopping threads took: 0.0000078 seconds
[2019-12-09T02:33:13.764+0000][1][safepoint    ] Application time: 0.0001365 seconds
[2019-12-09T02:33:13.764+0000][1][safepoint    ] Entering safepoint region: RevokeBias
[2019-12-09T02:33:13.764+0000][1][safepoint    ] Leaving safepoint region
[2019-12-09T02:33:13.764+0000][1][safepoint    ] Total time for which application threads were stopped: 0.0000513 seconds, Stopping threads took: 0.0000082 seconds
[2019-12-09T02:33:13.764+0000][1][safepoint    ] Application time: 0.0002908 seconds
[2019-12-09T02:33:13.764+0000][1][safepoint    ] Entering safepoint region: RevokeBias
[2019-12-09T02:33:13.764+0000][1][safepoint    ] Leaving safepoint region
[2019-12-09T02:33:13.764+0000][1][safepoint    ] Total time for which application threads were stopped: 0.0000573 seconds, Stopping threads took: 0.0000083 seconds
[2019-12-09T02:33:13.764+0000][1][safepoint    ] Application time: 0.0000560 seconds
[2019-12-09T02:33:13.764+0000][1][safepoint    ] Entering safepoint region: RevokeBias
[2019-12-09T02:33:13.764+0000][1][safepoint    ] Leaving safepoint region
[2019-12-09T02:33:13.764+0000][1][safepoint    ] Total time for which application threads were stopped: 0.0000440 seconds, Stopping threads took: 0.0000076 seconds
[2019-12-09T02:33:13.764+0000][1][safepoint    ] Application time: 0.0000500 seconds
[2019-12-09T02:33:13.764+0000][1][safepoint    ] Entering safepoint region: RevokeBias
[2019-12-09T02:33:13.765+0000][1][safepoint    ] Leaving safepoint region
[2019-12-09T02:33:13.765+0000][1][safepoint    ] Total time for which application threads were stopped: 0.0000418 seconds, Stopping threads took: 0.0000075 seconds
[2019-12-09T02:33:13.765+0000][1][safepoint    ] Application time: 0.0000495 seconds
[2019-12-09T02:33:13.765+0000][1][safepoint    ] Entering safepoint region: RevokeBias
[2019-12-09T02:33:13.765+0000][1][safepoint    ] Leaving safepoint region
[2019-12-09T02:33:13.765+0000][1][safepoint    ] Total time for which application threads were stopped: 0.0000409 seconds, Stopping threads took: 0.0000074 seconds
[2019-12-09T02:33:13.765+0000][1][safepoint    ] Application time: 0.0000700 seconds
[2019-12-09T02:33:13.765+0000][1][safepoint    ] Entering safepoint region: RevokeBias
[2019-12-09T02:33:13.765+0000][1][safepoint    ] Leaving safepoint region
[2019-12-09T02:33:13.765+0000][1][safepoint    ] Total time for which application threads were stopped: 0.0000455 seconds, Stopping threads took: 0.0000078 seconds
[2019-12-09T02:33:13.765+0000][1][safepoint    ] Application time: 0.0000510 seconds
[2019-12-09T02:33:13.765+0000][1][safepoint    ] Entering safepoint region: RevokeBias
[2019-12-09T02:33:13.765+0000][1][safepoint    ] Leaving safepoint region
[2019-12-09T02:33:13.765+0000][1][safepoint    ] Total time for which application threads were stopped: 0.0000417 seconds, Stopping threads took: 0.0000081 seconds
[2019-12-09T02:33:13.765+0000][1][safepoint    ] Application time: 0.0000517 seconds
[2019-12-09T02:33:13.765+0000][1][safepoint    ] Entering safepoint region: RevokeBias
[2019-12-09T02:33:13.765+0000][1][safepoint    ] Leaving safepoint region
[2019-12-09T02:33:13.765+0000][1][safepoint    ] Total time for which application threads were stopped: 0.0000455 seconds, Stopping threads took: 0.0000077 seconds
[2019-12-09T02:33:13.765+0000][1][safepoint    ] Application time: 0.0000523 seconds
[2019-12-09T02:33:13.765+0000][1][safepoint    ] Entering safepoint region: RevokeBias
[2019-12-09T02:33:13.765+0000][1][safepoint    ] Leaving safepoint region
[2019-12-09T02:33:13.765+0000][1][safepoint    ] Total time for which application threads were stopped: 0.0000449 seconds, Stopping threads took: 0.0000077 seconds
[2019-12-09T02:33:13.765+0000][1][safepoint    ] Application time: 0.0000546 seconds
[2019-12-09T02:33:13.765+0000][1][safepoint    ] Entering safepoint region: RevokeBias
[2019-12-09T02:33:13.765+0000][1][safepoint    ] Leaving safepoint region
[2019-12-09T02:33:13.765+0000][1][safepoint    ] Total time for which application threads were stopped: 0.0000459 seconds, Stopping threads took: 0.0000078 seconds
[2019-12-09T02:33:13.765+0000][1][safepoint    ] Application time: 0.0000834 seconds
[2019-12-09T02:33:13.765+0000][1][safepoint    ] Entering safepoint region: RevokeBias
[2019-12-09T02:33:13.765+0000][1][safepoint    ] Leaving safepoint region
[2019-12-09T02:33:13.765+0000][1][safepoint    ] Total time for which application threads were stopped: 0.0000465 seconds, Stopping threads took: 0.0000084 seconds
[2019-12-09T02:33:13.765+0000][1][safepoint    ] Application time: 0.0000533 seconds
[2019-12-09T02:33:13.765+0000][1][safepoint    ] Entering safepoint region: RevokeBias
[2019-12-09T02:33:13.765+0000][1][safepoint    ] Leaving safepoint region
[2019-12-09T02:33:13.765+0000][1][safepoint    ] Total time for which application threads were stopped: 0.0000503 seconds, Stopping threads took: 0.0000076 seconds
[2019-12-09T02:33:13.766+0000][1][safepoint    ] Application time: 0.0000529 seconds
[2019-12-09T02:33:13.766+0000][1][safepoint    ] Entering safepoint region: RevokeBias
[2019-12-09T02:33:13.766+0000][1][safepoint    ] Leaving safepoint region
[2019-12-09T02:33:13.766+0000][1][safepoint    ] Total time for which application threads were stopped: 0.0000465 seconds, Stopping threads took: 0.0000087 seconds
[2019-12-09T02:33:13.766+0000][1][safepoint    ] Application time: 0.0000540 seconds
[2019-12-09T02:33:13.766+0000][1][safepoint    ] Entering safepoint region: RevokeBias
[2019-12-09T02:33:13.766+0000][1][safepoint    ] Leaving safepoint region
[2019-12-09T02:33:13.766+0000][1][safepoint    ] Total time for which application threads were stopped: 0.0000456 seconds, Stopping threads took: 0.0000086 seconds
[2019-12-09T02:33:13.766+0000][1][safepoint    ] Application time: 0.0000508 seconds
[2019-12-09T02:33:13.766+0000][1][safepoint    ] Entering safepoint region: RevokeBias
[2019-12-09T02:33:13.766+0000][1][safepoint    ] Leaving safepoint region
[2019-12-09T02:33:13.766+0000][1][safepoint    ] Total time for which application threads were stopped: 0.0000434 seconds, Stopping threads took: 0.0000080 seconds
[2019-12-09T02:33:13.766+0000][1][safepoint    ] Application time: 0.0000507 seconds
[2019-12-09T02:33:13.766+0000][1][safepoint    ] Entering safepoint region: RevokeBias
[2019-12-09T02:33:13.766+0000][1][safepoint    ] Leaving safepoint region
[2019-12-09T02:33:13.766+0000][1][safepoint    ] Total time for which application threads were stopped: 0.0000421 seconds, Stopping threads took: 0.0000075 seconds
[2019-12-09T02:33:13.766+0000][1][safepoint    ] Application time: 0.0000531 seconds
[2019-12-09T02:33:13.766+0000][1][safepoint    ] Entering safepoint region: RevokeBias
[2019-12-09T02:33:13.766+0000][1][safepoint    ] Leaving safepoint region
[2019-12-09T02:33:13.766+0000][1][safepoint    ] Total time for which application threads were stopped: 0.0000434 seconds, Stopping threads took: 0.0000082 seconds
[2019-12-09T02:33:13.766+0000][1][safepoint    ] Application time: 0.0000530 seconds
[2019-12-09T02:33:13.766+0000][1][safepoint    ] Entering safepoint region: RevokeBias
[2019-12-09T02:33:13.766+0000][1][safepoint    ] Leaving safepoint region
[2019-12-09T02:33:13.766+0000][1][safepoint    ] Total time for which application threads were stopped: 0.0000443 seconds, Stopping threads took: 0.0000081 seconds
[2019-12-09T02:33:13.766+0000][1][safepoint    ] Application time: 0.0000510 seconds
[2019-12-09T02:33:13.766+0000][1][safepoint    ] Entering safepoint region: RevokeBias
[2019-12-09T02:33:13.766+0000][1][safepoint    ] Leaving safepoint region
[2019-12-09T02:33:13.766+0000][1][safepoint    ] Total time for which application threads were stopped: 0.0000444 seconds, Stopping threads took: 0.0000084 seconds
[2019-12-09T02:33:13.766+0000][1][safepoint    ] Application time: 0.0000520 seconds
[2019-12-09T02:33:13.766+0000][1][safepoint    ] Entering safepoint region: BulkRevokeBias
[2019-12-09T02:33:13.766+0000][1][safepoint    ] Leaving safepoint region
[2019-12-09T02:33:13.766+0000][1][safepoint    ] Total time for which application threads were stopped: 0.0001103 seconds, Stopping threads took: 0.0000072 seconds
[2019-12-09T02:33:13.769+0000][1][safepoint    ] Application time: 0.0022466 seconds
[2019-12-09T02:33:13.769+0000][1][safepoint    ] Entering safepoint region: RevokeBias
[2019-12-09T02:33:13.769+0000][1][safepoint    ] Leaving safepoint region
[2019-12-09T02:33:13.769+0000][1][safepoint    ] Total time for which application threads were stopped: 0.0000676 seconds, Stopping threads took: 0.0000107 seconds
[2019-12-09T02:33:13.769+0000][1][safepoint    ] Application time: 0.0000658 seconds
[2019-12-09T02:33:13.769+0000][1][safepoint    ] Entering safepoint region: RevokeBias
[2019-12-09T02:33:13.769+0000][1][safepoint    ] Leaving safepoint region
[2019-12-09T02:33:13.769+0000][1][safepoint    ] Total time for which application threads were stopped: 0.0000688 seconds, Stopping threads took: 0.0000083 seconds
[2019-12-09T02:33:13.796+0000][1][safepoint    ] Application time: 0.0266686 seconds
[2019-12-09T02:33:13.796+0000][1][safepoint    ] Entering safepoint region: RevokeBias
[2019-12-09T02:33:13.796+0000][1][safepoint    ] Leaving safepoint region
[2019-12-09T02:33:13.796+0000][1][safepoint    ] Total time for which application threads were stopped: 0.0000970 seconds, Stopping threads took: 0.0000239 seconds
[2019-12-09T02:33:13.796+0000][1][safepoint    ] Application time: 0.0001910 seconds
[2019-12-09T02:33:13.796+0000][1][safepoint    ] Entering safepoint region: RevokeBias
[2019-12-09T02:33:13.796+0000][1][safepoint    ] Leaving safepoint region
[2019-12-09T02:33:13.796+0000][1][safepoint    ] Total time for which application threads were stopped: 0.0000651 seconds, Stopping threads took: 0.0000098 seconds
[2019-12-09T02:33:13.796+0000][1][safepoint    ] Application time: 0.0000661 seconds
[2019-12-09T02:33:13.796+0000][1][safepoint    ] Entering safepoint region: RevokeBias
[2019-12-09T02:33:13.796+0000][1][safepoint    ] Leaving safepoint region
[2019-12-09T02:33:13.796+0000][1][safepoint    ] Total time for which application threads were stopped: 0.0000454 seconds, Stopping threads took: 0.0000082 seconds
[2019-12-09T02:33:13.796+0000][1][safepoint    ] Application time: 0.0000519 seconds
[2019-12-09T02:33:13.796+0000][1][safepoint    ] Entering safepoint region: RevokeBias
[2019-12-09T02:33:13.796+0000][1][safepoint    ] Leaving safepoint region
[2019-12-09T02:33:13.796+0000][1][safepoint    ] Total time for which application threads were stopped: 0.0000442 seconds, Stopping threads took: 0.0000086 seconds
[2019-12-09T02:33:13.796+0000][1][safepoint    ] Application time: 0.0000530 seconds
[2019-12-09T02:33:13.796+0000][1][safepoint    ] Entering safepoint region: RevokeBias
[2019-12-09T02:33:13.796+0000][1][safepoint    ] Leaving safepoint region
[2019-12-09T02:33:13.796+0000][1][safepoint    ] Total time for which application threads were stopped: 0.0000450 seconds, Stopping threads took: 0.0000079 seconds
[2019-12-09T02:33:13.797+0000][1][safepoint    ] Application time: 0.0003844 seconds
[2019-12-09T02:33:13.797+0000][1][safepoint    ] Entering safepoint region: RevokeBias
[2019-12-09T02:33:13.797+0000][1][safepoint    ] Leaving safepoint region
[2019-12-09T02:33:13.797+0000][1][safepoint    ] Total time for which application threads were stopped: 0.0000612 seconds, Stopping threads took: 0.0000106 seconds
[2019-12-09T02:33:13.797+0000][1][safepoint    ] Application time: 0.0001317 seconds
[2019-12-09T02:33:13.797+0000][1][safepoint    ] Entering safepoint region: RevokeBias
[2019-12-09T02:33:13.797+0000][1][safepoint    ] Leaving safepoint region
[2019-12-09T02:33:13.797+0000][1][safepoint    ] Total time for which application threads were stopped: 0.0000520 seconds, Stopping threads took: 0.0000091 seconds
[2019-12-09T02:33:13.797+0000][1][safepoint    ] Application time: 0.0001488 seconds
[2019-12-09T02:33:13.797+0000][1][safepoint    ] Entering safepoint region: RevokeBias
[2019-12-09T02:33:13.797+0000][1][safepoint    ] Leaving safepoint region
[2019-12-09T02:33:13.797+0000][1][safepoint    ] Total time for which application threads were stopped: 0.0000581 seconds, Stopping threads took: 0.0000088 seconds
[2019-12-09T02:33:13.797+0000][1][safepoint    ] Application time: 0.0000480 seconds
[2019-12-09T02:33:13.797+0000][1][safepoint    ] Entering safepoint region: RevokeBias
[2019-12-09T02:33:13.797+0000][1][safepoint    ] Leaving safepoint region
[2019-12-09T02:33:13.797+0000][1][safepoint    ] Total time for which application threads were stopped: 0.0000405 seconds, Stopping threads took: 0.0000076 seconds
[2019-12-09T02:33:13.815+0000][1][safepoint    ] Application time: 0.0171851 seconds
[2019-12-09T02:33:13.828+0000][1][safepoint    ] Entering safepoint region: RevokeBias
[2019-12-09T02:33:13.828+0000][1][safepoint    ] Leaving safepoint region
[2019-12-09T02:33:13.828+0000][1][safepoint    ] Total time for which application threads were stopped: 0.0132633 seconds, Stopping threads took: 0.0131859 seconds
[2019-12-09T02:33:13.828+0000][1][safepoint    ] Application time: 0.0005043 seconds
[2019-12-09T02:33:13.828+0000][1][safepoint    ] Entering safepoint region: RevokeBias
[2019-12-09T02:33:13.828+0000][1][safepoint    ] Leaving safepoint region
[2019-12-09T02:33:13.828+0000][1][safepoint    ] Total time for which application threads were stopped: 0.0000706 seconds, Stopping threads took: 0.0000099 seconds
[2019-12-09T02:33:13.829+0000][1][safepoint    ] Application time: 0.0001335 seconds
[2019-12-09T02:33:13.829+0000][1][safepoint    ] Entering safepoint region: RevokeBias
[2019-12-09T02:33:13.829+0000][1][safepoint    ] Leaving safepoint region
[2019-12-09T02:33:13.829+0000][1][safepoint    ] Total time for which application threads were stopped: 0.0000788 seconds, Stopping threads took: 0.0000091 seconds
[2019-12-09T02:33:13.829+0000][1][safepoint    ] Application time: 0.0000623 seconds
[2019-12-09T02:33:13.829+0000][1][safepoint    ] Entering safepoint region: RevokeBias
[2019-12-09T02:33:13.829+0000][1][safepoint    ] Leaving safepoint region
[2019-12-09T02:33:13.829+0000][1][safepoint    ] Total time for which application threads were stopped: 0.0000582 seconds, Stopping threads took: 0.0000082 seconds
[2019-12-09T02:33:13.829+0000][1][safepoint    ] Application time: 0.0002513 seconds
[2019-12-09T02:33:13.829+0000][1][safepoint    ] Entering safepoint region: RevokeBias
[2019-12-09T02:33:13.829+0000][1][safepoint    ] Leaving safepoint region
[2019-12-09T02:33:13.829+0000][1][safepoint    ] Total time for which application threads were stopped: 0.0000615 seconds, Stopping threads took: 0.0000089 seconds
[2019-12-09T02:33:13.836+0000][1][safepoint    ] Application time: 0.0067285 seconds
[2019-12-09T02:33:13.836+0000][1][safepoint    ] Entering safepoint region: RevokeBias
[2019-12-09T02:33:13.836+0000][1][safepoint    ] Leaving safepoint region
[2019-12-09T02:33:13.836+0000][1][safepoint    ] Total time for which application threads were stopped: 0.0000761 seconds, Stopping threads took: 0.0000101 seconds
[2019-12-09T02:33:13.836+0000][1][safepoint    ] Application time: 0.0000633 seconds
[2019-12-09T02:33:13.836+0000][1][safepoint    ] Entering safepoint region: RevokeBias
[2019-12-09T02:33:13.836+0000][1][safepoint    ] Leaving safepoint region
[2019-12-09T02:33:13.836+0000][1][safepoint    ] Total time for which application threads were stopped: 0.0000536 seconds, Stopping threads took: 0.0000078 seconds
[2019-12-09T02:33:13.841+0000][1][safepoint    ] Application time: 0.0047830 seconds
[2019-12-09T02:33:13.841+0000][1][safepoint    ] Entering safepoint region: RevokeBias
[2019-12-09T02:33:13.841+0000][1][safepoint    ] Leaving safepoint region
[2019-12-09T02:33:13.841+0000][1][safepoint    ] Total time for which application threads were stopped: 0.0000818 seconds, Stopping threads took: 0.0000101 seconds
[2019-12-09T02:33:13.841+0000][1][safepoint    ] Application time: 0.0000591 seconds
[2019-12-09T02:33:13.841+0000][1][safepoint    ] Entering safepoint region: RevokeBias
[2019-12-09T02:33:13.841+0000][1][safepoint    ] Leaving safepoint region
[2019-12-09T02:33:13.841+0000][1][safepoint    ] Total time for which application threads were stopped: 0.0000544 seconds, Stopping threads took: 0.0000077 seconds
[2019-12-09T02:33:13.841+0000][1][safepoint    ] Application time: 0.0002215 seconds
[2019-12-09T02:33:13.841+0000][1][safepoint    ] Entering safepoint region: RevokeBias
[2019-12-09T02:33:13.841+0000][1][safepoint    ] Leaving safepoint region
[2019-12-09T02:33:13.841+0000][1][safepoint    ] Total time for which application threads were stopped: 0.0000554 seconds, Stopping threads took: 0.0000085 seconds
[2019-12-09T02:33:14.122+0000][1][safepoint    ] Application time: 0.2809093 seconds
[2019-12-09T02:33:14.127+0000][1][safepoint    ] Entering safepoint region: RevokeBias
[2019-12-09T02:33:14.127+0000][1][safepoint    ] Leaving safepoint region
[2019-12-09T02:33:14.127+0000][1][safepoint    ] Total time for which application threads were stopped: 0.0044547 seconds, Stopping threads took: 0.0043425 seconds
[2019-12-09T02:33:14.127+0000][1][safepoint    ] Application time: 0.0000703 seconds
[2019-12-09T02:33:14.127+0000][1][safepoint    ] Entering safepoint region: RevokeBias
[2019-12-09T02:33:14.127+0000][1][safepoint    ] Leaving safepoint region
[2019-12-09T02:33:14.127+0000][1][safepoint    ] Total time for which application threads were stopped: 0.0000337 seconds, Stopping threads took: 0.0000086 seconds
[2019-12-09T02:33:14.128+0000][1][safepoint    ] Application time: 0.0005989 seconds
[2019-12-09T02:33:14.128+0000][1][safepoint    ] Entering safepoint region: RevokeBias
[2019-12-09T02:33:14.128+0000][1][safepoint    ] Leaving safepoint region
[2019-12-09T02:33:14.128+0000][1][safepoint    ] Total time for which application threads were stopped: 0.0001013 seconds, Stopping threads took: 0.0000106 seconds
[2019-12-09T02:33:14.982+0000][1][safepoint    ] Application time: 0.8544294 seconds
[2019-12-09T02:33:14.982+0000][1][safepoint    ] Entering safepoint region: GenCollectForAllocation
[2019-12-09T02:33:14.982+0000][1][gc,start     ] GC(20) Pause Young (Allocation Failure)
[2019-12-09T02:33:14.982+0000][1][gc,task      ] GC(20) Using 2 workers of 2 for evacuation
[2019-12-09T02:33:15.314+0000][1][gc,age       ] GC(20) Desired survivor size 4456448 bytes, new threshold 2 (max threshold 6)
[2019-12-09T02:33:15.314+0000][1][gc,age       ] GC(20) Age table with threshold 2 (max threshold 6)
[2019-12-09T02:33:15.314+0000][1][gc,age       ] GC(20) - age   1:    2829688 bytes,    2829688 total
[2019-12-09T02:33:15.314+0000][1][gc,age       ] GC(20) - age   2:    2467336 bytes,    5297024 total
[2019-12-09T02:33:15.314+0000][1][gc,heap      ] GC(20) ParNew: 77182K->7625K(78656K)
[2019-12-09T02:33:15.314+0000][1][gc,heap      ] GC(20) CMS: 55117K->58251K(174784K)
[2019-12-09T02:33:15.314+0000][1][gc,metaspace ] GC(20) Metaspace: 48226K->48226K(1093632K)
[2019-12-09T02:33:15.314+0000][1][gc           ] GC(20) Pause Young (Allocation Failure) 129M->64M(247M) 332.058ms
[2019-12-09T02:33:15.314+0000][1][gc,cpu       ] GC(20) User=0.06s Sys=0.00s Real=0.33s
[2019-12-09T02:33:15.314+0000][1][safepoint    ] Leaving safepoint region
[2019-12-09T02:33:15.314+0000][1][safepoint    ] Total time for which application threads were stopped: 0.3321965 seconds, Stopping threads took: 0.0000141 seconds
[2019-12-09T02:33:15.315+0000][1][safepoint    ] Application time: 0.0005364 seconds
[2019-12-09T02:33:15.315+0000][1][safepoint    ] Entering safepoint region: RevokeBias
[2019-12-09T02:33:15.315+0000][1][safepoint    ] Leaving safepoint region
[2019-12-09T02:33:15.315+0000][1][safepoint    ] Total time for which application threads were stopped: 0.0000954 seconds, Stopping threads took: 0.0000423 seconds
[2019-12-09T02:33:15.450+0000][1][safepoint    ] Application time: 0.1350344 seconds
[2019-12-09T02:33:15.450+0000][1][safepoint    ] Entering safepoint region: RevokeBias
[2019-12-09T02:33:15.450+0000][1][safepoint    ] Leaving safepoint region
[2019-12-09T02:33:15.450+0000][1][safepoint    ] Total time for which application threads were stopped: 0.0002427 seconds, Stopping threads took: 0.0001837 seconds
[2019-12-09T02:33:15.450+0000][1][safepoint    ] Application time: 0.0000797 seconds
[2019-12-09T02:33:15.450+0000][1][safepoint    ] Entering safepoint region: RevokeBias
[2019-12-09T02:33:15.451+0000][1][safepoint    ] Leaving safepoint region
[2019-12-09T02:33:15.451+0000][1][safepoint    ] Total time for which application threads were stopped: 0.0000318 seconds, Stopping threads took: 0.0000076 seconds
[2019-12-09T02:33:16.446+0000][1][safepoint    ] Application time: 0.9956719 seconds
[2019-12-09T02:33:16.446+0000][1][safepoint    ] Entering safepoint region: RevokeBias
[2019-12-09T02:33:16.447+0000][1][safepoint    ] Leaving safepoint region
[2019-12-09T02:33:16.447+0000][1][safepoint    ] Total time for which application threads were stopped: 0.0004816 seconds, Stopping threads took: 0.0000138 seconds
[2019-12-09T02:33:16.480+0000][1][safepoint    ] Application time: 0.0332579 seconds
[2019-12-09T02:33:16.480+0000][1][safepoint    ] Entering safepoint region: RevokeBias
[2019-12-09T02:33:16.480+0000][1][safepoint    ] Leaving safepoint region
[2019-12-09T02:33:16.480+0000][1][safepoint    ] Total time for which application threads were stopped: 0.0000706 seconds, Stopping threads took: 0.0000172 seconds
[2019-12-09T02:33:17.488+0000][1][safepoint    ] Application time: 1.0077011 seconds
[2019-12-09T02:33:17.488+0000][1][safepoint    ] Entering safepoint region: Cleanup
[2019-12-09T02:33:17.488+0000][1][safepoint    ] Leaving safepoint region
[2019-12-09T02:33:17.488+0000][1][safepoint    ] Total time for which application threads were stopped: 0.0001390 seconds, Stopping threads took: 0.0000882 seconds
[2019-12-09T02:33:17.513+0000][1][safepoint    ] Application time: 0.0249481 seconds
[2019-12-09T02:33:17.513+0000][1][safepoint    ] Entering safepoint region: RevokeBias
[2019-12-09T02:33:17.513+0000][1][safepoint    ] Leaving safepoint region
[2019-12-09T02:33:17.513+0000][1][safepoint    ] Total time for which application threads were stopped: 0.0003651 seconds, Stopping threads took: 0.0003118 seconds
[2019-12-09T02:33:18.526+0000][1][safepoint    ] Application time: 1.0123748 seconds
[2019-12-09T02:33:18.527+0000][1][safepoint    ] Entering safepoint region: Cleanup
[2019-12-09T02:33:18.527+0000][1][safepoint    ] Leaving safepoint region
[2019-12-09T02:33:18.527+0000][1][safepoint    ] Total time for which application threads were stopped: 0.0013970 seconds, Stopping threads took: 0.0009073 seconds
[2019-12-09T02:33:19.534+0000][1][safepoint    ] Application time: 1.0065818 seconds
[2019-12-09T02:33:19.544+0000][1][safepoint    ] Entering safepoint region: Cleanup
[2019-12-09T02:33:19.544+0000][1][safepoint    ] Leaving safepoint region
[2019-12-09T02:33:19.544+0000][1][safepoint    ] Total time for which application threads were stopped: 0.0101256 seconds, Stopping threads took: 0.0100552 seconds
[2019-12-09T02:33:20.548+0000][1][safepoint    ] Application time: 1.0038278 seconds
[2019-12-09T02:33:20.551+0000][1][safepoint    ] Entering safepoint region: Cleanup
[2019-12-09T02:33:20.551+0000][1][safepoint    ] Leaving safepoint region
[2019-12-09T02:33:20.551+0000][1][safepoint    ] Total time for which application threads were stopped: 0.0030613 seconds, Stopping threads took: 0.0029683 seconds
[2019-12-09T02:33:21.553+0000][1][safepoint    ] Application time: 1.0018872 seconds
[2019-12-09T02:33:21.603+0000][1][safepoint    ] Entering safepoint region: Cleanup
[2019-12-09T02:33:21.603+0000][1][safepoint    ] Leaving safepoint region
[2019-12-09T02:33:21.603+0000][1][safepoint    ] Total time for which application threads were stopped: 0.0500489 seconds, Stopping threads took: 0.0499869 seconds
[2019-12-09T02:33:21.713+0000][1][safepoint    ] Application time: 0.1105094 seconds
[2019-12-09T02:33:21.713+0000][1][safepoint    ] Entering safepoint region: GenCollectForAllocation
[2019-12-09T02:33:21.713+0000][1][gc,start     ] GC(21) Pause Young (Allocation Failure)
[2019-12-09T02:33:21.713+0000][1][gc,task      ] GC(21) Using 2 workers of 2 for evacuation
[2019-12-09T02:33:21.875+0000][1][gc,age       ] GC(21) Desired survivor size 4456448 bytes, new threshold 6 (max threshold 6)
[2019-12-09T02:33:21.875+0000][1][gc,age       ] GC(21) Age table with threshold 6 (max threshold 6)
[2019-12-09T02:33:21.875+0000][1][gc,age       ] GC(21) - age   1:    1603576 bytes,    1603576 total
[2019-12-09T02:33:21.875+0000][1][gc,age       ] GC(21) - age   2:    2752952 bytes,    4356528 total
[2019-12-09T02:33:21.875+0000][1][gc,heap      ] GC(21) ParNew: 77577K->5150K(78656K)
[2019-12-09T02:33:21.875+0000][1][gc,heap      ] GC(21) CMS: 58251K->60725K(174784K)
[2019-12-09T02:33:21.875+0000][1][gc,metaspace ] GC(21) Metaspace: 55831K->55831K(1099776K)
[2019-12-09T02:33:21.875+0000][1][gc           ] GC(21) Pause Young (Allocation Failure) 132M->64M(247M) 161.950ms
[2019-12-09T02:33:21.875+0000][1][gc,cpu       ] GC(21) User=0.05s Sys=0.00s Real=0.17s
[2019-12-09T02:33:21.875+0000][1][safepoint    ] Leaving safepoint region
[2019-12-09T02:33:21.875+0000][1][safepoint    ] Total time for which application threads were stopped: 0.1621039 seconds, Stopping threads took: 0.0000163 seconds
[2019-12-09T02:33:22.275+0000][1][safepoint    ] Application time: 0.3999606 seconds
[2019-12-09T02:33:22.276+0000][1][safepoint    ] Entering safepoint region: RevokeBias
[2019-12-09T02:33:22.276+0000][1][safepoint    ] Leaving safepoint region
[2019-12-09T02:33:22.276+0000][1][safepoint    ] Total time for which application threads were stopped: 0.0001623 seconds, Stopping threads took: 0.0000629 seconds
[2019-12-09T02:33:22.276+0000][1][safepoint    ] Application time: 0.0002198 seconds
[2019-12-09T02:33:22.276+0000][1][safepoint    ] Entering safepoint region: RevokeBias
[2019-12-09T02:33:22.276+0000][1][safepoint    ] Leaving safepoint region
[2019-12-09T02:33:22.276+0000][1][safepoint    ] Total time for which application threads were stopped: 0.0000645 seconds, Stopping threads took: 0.0000110 seconds
[2019-12-09T02:33:22.276+0000][1][safepoint    ] Application time: 0.0000649 seconds
[2019-12-09T02:33:22.276+0000][1][safepoint    ] Entering safepoint region: RevokeBias
[2019-12-09T02:33:22.276+0000][1][safepoint    ] Leaving safepoint region
[2019-12-09T02:33:22.276+0000][1][safepoint    ] Total time for which application threads were stopped: 0.0000530 seconds, Stopping threads took: 0.0000088 seconds
[2019-12-09T02:33:22.276+0000][1][safepoint    ] Application time: 0.0001949 seconds
[2019-12-09T02:33:22.276+0000][1][safepoint    ] Entering safepoint region: RevokeBias
[2019-12-09T02:33:22.276+0000][1][safepoint    ] Leaving safepoint region
[2019-12-09T02:33:22.276+0000][1][safepoint    ] Total time for which application threads were stopped: 0.0000609 seconds, Stopping threads took: 0.0000104 seconds
[2019-12-09T02:33:23.167+0000][1][safepoint    ] Application time: 0.8905467 seconds
[2019-12-09T02:33:23.167+0000][1][safepoint    ] Entering safepoint region: Deoptimize
[2019-12-09T02:33:23.168+0000][1][safepoint    ] Leaving safepoint region
[2019-12-09T02:33:23.168+0000][1][safepoint    ] Total time for which application threads were stopped: 0.0006237 seconds, Stopping threads took: 0.0000148 seconds
[2019-12-09T02:33:23.582+0000][1][safepoint    ] Application time: 0.4141152 seconds
[2019-12-09T02:33:23.582+0000][1][safepoint    ] Entering safepoint region: RevokeBias
[2019-12-09T02:33:23.582+0000][1][safepoint    ] Leaving safepoint region
[2019-12-09T02:33:23.582+0000][1][safepoint    ] Total time for which application threads were stopped: 0.0001180 seconds, Stopping threads took: 0.0000156 seconds
[2019-12-09T02:33:23.611+0000][1][safepoint    ] Application time: 0.0288859 seconds
[2019-12-09T02:33:23.611+0000][1][safepoint    ] Entering safepoint region: RevokeBias
[2019-12-09T02:33:23.611+0000][1][safepoint    ] Leaving safepoint region
[2019-12-09T02:33:23.611+0000][1][safepoint    ] Total time for which application threads were stopped: 0.0000899 seconds, Stopping threads took: 0.0000163 seconds
[2019-12-09T02:33:23.625+0000][1][safepoint    ] Application time: 0.0138097 seconds
[2019-12-09T02:33:23.625+0000][1][safepoint    ] Entering safepoint region: RevokeBias
[2019-12-09T02:33:23.625+0000][1][safepoint    ] Leaving safepoint region
[2019-12-09T02:33:23.625+0000][1][safepoint    ] Total time for which application threads were stopped: 0.0000871 seconds, Stopping threads took: 0.0000145 seconds
[2019-12-09T02:33:23.628+0000][1][safepoint    ] Application time: 0.0031763 seconds
[2019-12-09T02:33:23.628+0000][1][safepoint    ] Entering safepoint region: RevokeBias
[2019-12-09T02:33:23.628+0000][1][safepoint    ] Leaving safepoint region
[2019-12-09T02:33:23.628+0000][1][safepoint    ] Total time for which application threads were stopped: 0.0000753 seconds, Stopping threads took: 0.0000133 seconds
[2019-12-09T02:33:24.645+0000][1][safepoint    ] Application time: 1.0166392 seconds
[2019-12-09T02:33:24.680+0000][1][safepoint    ] Entering safepoint region: Cleanup
[2019-12-09T02:33:24.681+0000][1][safepoint    ] Leaving safepoint region
[2019-12-09T02:33:24.681+0000][1][safepoint    ] Total time for which application threads were stopped: 0.0364289 seconds, Stopping threads took: 0.0352358 seconds
[2019-12-09T02:33:25.633+0000][1][safepoint    ] Application time: 0.9518913 seconds
[2019-12-09T02:33:25.633+0000][1][safepoint    ] Entering safepoint region: Deoptimize
[2019-12-09T02:33:25.634+0000][1][safepoint    ] Leaving safepoint region
[2019-12-09T02:33:25.634+0000][1][safepoint    ] Total time for which application threads were stopped: 0.0006563 seconds, Stopping threads took: 0.0000157 seconds
[2019-12-09T02:33:26.641+0000][1][safepoint    ] Application time: 1.0070558 seconds
[2019-12-09T02:33:26.645+0000][1][safepoint    ] Entering safepoint region: Cleanup
[2019-12-09T02:33:26.645+0000][1][safepoint    ] Leaving safepoint region
[2019-12-09T02:33:26.645+0000][1][safepoint    ] Total time for which application threads were stopped: 0.0037957 seconds, Stopping threads took: 0.0037075 seconds
[2019-12-09T02:33:27.373+0000][1][safepoint    ] Application time: 0.7278232 seconds
[2019-12-09T02:33:27.373+0000][1][safepoint    ] Entering safepoint region: RevokeBias
[2019-12-09T02:33:27.373+0000][1][safepoint    ] Leaving safepoint region
[2019-12-09T02:33:27.373+0000][1][safepoint    ] Total time for which application threads were stopped: 0.0001164 seconds, Stopping threads took: 0.0000157 seconds
[2019-12-09T02:33:27.380+0000][1][safepoint    ] Application time: 0.0070429 seconds
[2019-12-09T02:33:27.380+0000][1][safepoint    ] Entering safepoint region: RevokeBias
[2019-12-09T02:33:27.380+0000][1][safepoint    ] Leaving safepoint region
[2019-12-09T02:33:27.380+0000][1][safepoint    ] Total time for which application threads were stopped: 0.0000681 seconds, Stopping threads took: 0.0000127 seconds
[2019-12-09T02:33:27.380+0000][1][safepoint    ] Application time: 0.0002588 seconds
[2019-12-09T02:33:27.380+0000][1][safepoint    ] Entering safepoint region: RevokeBias
[2019-12-09T02:33:27.380+0000][1][safepoint    ] Leaving safepoint region
[2019-12-09T02:33:27.380+0000][1][safepoint    ] Total time for which application threads were stopped: 0.0000396 seconds, Stopping threads took: 0.0000091 seconds
[2019-12-09T02:33:27.380+0000][1][safepoint    ] Application time: 0.0000526 seconds
[2019-12-09T02:33:27.380+0000][1][safepoint    ] Entering safepoint region: RevokeBias
[2019-12-09T02:33:27.380+0000][1][safepoint    ] Leaving safepoint region
[2019-12-09T02:33:27.380+0000][1][safepoint    ] Total time for which application threads were stopped: 0.0000347 seconds, Stopping threads took: 0.0000073 seconds
[2019-12-09T02:33:27.380+0000][1][safepoint    ] Application time: 0.0001159 seconds
[2019-12-09T02:33:27.380+0000][1][safepoint    ] Entering safepoint region: RevokeBias
[2019-12-09T02:33:27.380+0000][1][safepoint    ] Leaving safepoint region
[2019-12-09T02:33:27.380+0000][1][safepoint    ] Total time for which application threads were stopped: 0.0000346 seconds, Stopping threads took: 0.0000077 seconds
[2019-12-09T02:33:27.381+0000][1][safepoint    ] Application time: 0.0000786 seconds
[2019-12-09T02:33:27.381+0000][1][safepoint    ] Entering safepoint region: RevokeBias
[2019-12-09T02:33:27.381+0000][1][safepoint    ] Leaving safepoint region
[2019-12-09T02:33:27.381+0000][1][safepoint    ] Total time for which application threads were stopped: 0.0000324 seconds, Stopping threads took: 0.0000078 seconds
[2019-12-09T02:33:27.381+0000][1][safepoint    ] Application time: 0.0000536 seconds
[2019-12-09T02:33:27.381+0000][1][safepoint    ] Entering safepoint region: RevokeBias
[2019-12-09T02:33:27.381+0000][1][safepoint    ] Leaving safepoint region
[2019-12-09T02:33:27.381+0000][1][safepoint    ] Total time for which application threads were stopped: 0.0000315 seconds, Stopping threads took: 0.0000075 seconds
[2019-12-09T02:33:27.381+0000][1][safepoint    ] Application time: 0.0001418 seconds
[2019-12-09T02:33:27.381+0000][1][safepoint    ] Entering safepoint region: RevokeBias
[2019-12-09T02:33:27.381+0000][1][safepoint    ] Leaving safepoint region
[2019-12-09T02:33:27.381+0000][1][safepoint    ] Total time for which application threads were stopped: 0.0000423 seconds, Stopping threads took: 0.0000144 seconds
[2019-12-09T02:33:27.381+0000][1][safepoint    ] Application time: 0.0000777 seconds
[2019-12-09T02:33:27.381+0000][1][safepoint    ] Entering safepoint region: RevokeBias
[2019-12-09T02:33:27.381+0000][1][safepoint    ] Leaving safepoint region
[2019-12-09T02:33:27.381+0000][1][safepoint    ] Total time for which application threads were stopped: 0.0000325 seconds, Stopping threads took: 0.0000075 seconds
[2019-12-09T02:33:27.381+0000][1][safepoint    ] Application time: 0.0000535 seconds
[2019-12-09T02:33:27.381+0000][1][safepoint    ] Entering safepoint region: RevokeBias
[2019-12-09T02:33:27.381+0000][1][safepoint    ] Leaving safepoint region
[2019-12-09T02:33:27.381+0000][1][safepoint    ] Total time for which application threads were stopped: 0.0000316 seconds, Stopping threads took: 0.0000069 seconds
[2019-12-09T02:33:28.392+0000][1][safepoint    ] Application time: 1.0105758 seconds
[2019-12-09T02:33:28.392+0000][1][safepoint    ] Entering safepoint region: Cleanup
[2019-12-09T02:33:28.392+0000][1][safepoint    ] Leaving safepoint region
[2019-12-09T02:33:28.392+0000][1][safepoint    ] Total time for which application threads were stopped: 0.0001423 seconds, Stopping threads took: 0.0000708 seconds
[2019-12-09T02:33:28.848+0000][1][safepoint    ] Application time: 0.4565346 seconds
[2019-12-09T02:33:28.848+0000][1][safepoint    ] Entering safepoint region: BulkRevokeBias
[2019-12-09T02:33:28.849+0000][1][safepoint    ] Leaving safepoint region
[2019-12-09T02:33:28.849+0000][1][safepoint    ] Total time for which application threads were stopped: 0.0002175 seconds, Stopping threads took: 0.0000169 seconds
[2019-12-09T02:33:29.173+0000][1][safepoint    ] Application time: 0.3244960 seconds
[2019-12-09T02:33:29.173+0000][1][safepoint    ] Entering safepoint region: GenCollectForAllocation
[2019-12-09T02:33:29.173+0000][1][gc,start     ] GC(22) Pause Young (Allocation Failure)
[2019-12-09T02:33:29.173+0000][1][gc,task      ] GC(22) Using 2 workers of 2 for evacuation
[2019-12-09T02:33:29.427+0000][1][gc,age       ] GC(22) Desired survivor size 4456448 bytes, new threshold 2 (max threshold 6)
[2019-12-09T02:33:29.427+0000][1][gc,age       ] GC(22) Age table with threshold 2 (max threshold 6)
[2019-12-09T02:33:29.427+0000][1][gc,age       ] GC(22) - age   1:    3656240 bytes,    3656240 total
[2019-12-09T02:33:29.427+0000][1][gc,age       ] GC(22) - age   2:    1535168 bytes,    5191408 total
[2019-12-09T02:33:29.427+0000][1][gc,age       ] GC(22) - age   3:    2737536 bytes,    7928944 total
[2019-12-09T02:33:29.427+0000][1][gc,heap      ] GC(22) ParNew: 75102K->8704K(78656K)
[2019-12-09T02:33:29.427+0000][1][gc,heap      ] GC(22) CMS: 60725K->60725K(174784K)
[2019-12-09T02:33:29.427+0000][1][gc,metaspace ] GC(22) Metaspace: 63069K->63069K(1107968K)
[2019-12-09T02:33:29.427+0000][1][gc           ] GC(22) Pause Young (Allocation Failure) 132M->67M(247M) 254.117ms
[2019-12-09T02:33:29.427+0000][1][gc,cpu       ] GC(22) User=0.06s Sys=0.00s Real=0.26s
[2019-12-09T02:33:29.427+0000][1][safepoint    ] Leaving safepoint region
[2019-12-09T02:33:29.427+0000][1][safepoint    ] Total time for which application threads were stopped: 0.2542611 seconds, Stopping threads took: 0.0000150 seconds
[2019-12-09T02:33:29.780+0000][1][safepoint    ] Application time: 0.3530030 seconds
[2019-12-09T02:33:29.781+0000][1][safepoint    ] Entering safepoint region: RevokeBias
[2019-12-09T02:33:29.781+0000][1][safepoint    ] Leaving safepoint region
[2019-12-09T02:33:29.781+0000][1][safepoint    ] Total time for which application threads were stopped: 0.0002156 seconds, Stopping threads took: 0.0000442 seconds
[2019-12-09T02:33:29.781+0000][1][safepoint    ] Application time: 0.0000918 seconds
[2019-12-09T02:33:29.781+0000][1][safepoint    ] Entering safepoint region: RevokeBias
[2019-12-09T02:33:29.781+0000][1][safepoint    ] Leaving safepoint region
[2019-12-09T02:33:29.781+0000][1][safepoint    ] Total time for which application threads were stopped: 0.0001234 seconds, Stopping threads took: 0.0000178 seconds
[2019-12-09T02:33:29.781+0000][1][safepoint    ] Application time: 0.0000674 seconds
[2019-12-09T02:33:29.781+0000][1][safepoint    ] Entering safepoint region: RevokeBias
[2019-12-09T02:33:29.781+0000][1][safepoint    ] Leaving safepoint region
[2019-12-09T02:33:29.781+0000][1][safepoint    ] Total time for which application threads were stopped: 0.0000964 seconds, Stopping threads took: 0.0000095 seconds
[2019-12-09T02:33:29.781+0000][1][safepoint    ] Application time: 0.0000683 seconds
[2019-12-09T02:33:29.781+0000][1][safepoint    ] Entering safepoint region: RevokeBias
[2019-12-09T02:33:29.781+0000][1][safepoint    ] Leaving safepoint region
[2019-12-09T02:33:29.781+0000][1][safepoint    ] Total time for which application threads were stopped: 0.0000757 seconds, Stopping threads took: 0.0000079 seconds
[2019-12-09T02:33:29.781+0000][1][safepoint    ] Application time: 0.0000548 seconds
[2019-12-09T02:33:29.781+0000][1][safepoint    ] Entering safepoint region: RevokeBias
[2019-12-09T02:33:29.781+0000][1][safepoint    ] Leaving safepoint region
[2019-12-09T02:33:29.781+0000][1][safepoint    ] Total time for which application threads were stopped: 0.0000860 seconds, Stopping threads took: 0.0000073 seconds
[2019-12-09T02:33:29.782+0000][1][safepoint    ] Application time: 0.0000627 seconds
[2019-12-09T02:33:29.782+0000][1][safepoint    ] Entering safepoint region: RevokeBias
[2019-12-09T02:33:29.782+0000][1][safepoint    ] Leaving safepoint region
[2019-12-09T02:33:29.782+0000][1][safepoint    ] Total time for which application threads were stopped: 0.0000789 seconds, Stopping threads took: 0.0000080 seconds
[2019-12-09T02:33:29.782+0000][1][safepoint    ] Application time: 0.0000716 seconds
[2019-12-09T02:33:29.782+0000][1][safepoint    ] Entering safepoint region: RevokeBias
[2019-12-09T02:33:29.782+0000][1][safepoint    ] Leaving safepoint region
[2019-12-09T02:33:29.782+0000][1][safepoint    ] Total time for which application threads were stopped: 0.0000873 seconds, Stopping threads took: 0.0000074 seconds
[2019-12-09T02:33:29.782+0000][1][safepoint    ] Application time: 0.0000621 seconds
[2019-12-09T02:33:29.782+0000][1][safepoint    ] Entering safepoint region: RevokeBias
[2019-12-09T02:33:29.782+0000][1][safepoint    ] Leaving safepoint region
[2019-12-09T02:33:29.782+0000][1][safepoint    ] Total time for which application threads were stopped: 0.0000732 seconds, Stopping threads took: 0.0000081 seconds
[2019-12-09T02:33:29.974+0000][1][safepoint    ] Application time: 0.1916953 seconds
[2019-12-09T02:33:29.974+0000][1][safepoint    ] Entering safepoint region: Deoptimize
[2019-12-09T02:33:29.974+0000][1][safepoint    ] Leaving safepoint region
[2019-12-09T02:33:29.974+0000][1][safepoint    ] Total time for which application threads were stopped: 0.0006658 seconds, Stopping threads took: 0.0000193 seconds
[2019-12-09T02:33:30.059+0000][1][safepoint    ] Application time: 0.0847009 seconds
[2019-12-09T02:33:30.059+0000][1][safepoint    ] Entering safepoint region: RevokeBias
[2019-12-09T02:33:30.059+0000][1][safepoint    ] Leaving safepoint region
[2019-12-09T02:33:30.059+0000][1][safepoint    ] Total time for which application threads were stopped: 0.0001055 seconds, Stopping threads took: 0.0000147 seconds
[2019-12-09T02:33:30.060+0000][1][safepoint    ] Application time: 0.0004382 seconds
[2019-12-09T02:33:30.060+0000][1][safepoint    ] Entering safepoint region: RevokeBias
[2019-12-09T02:33:30.060+0000][1][safepoint    ] Leaving safepoint region
[2019-12-09T02:33:30.060+0000][1][safepoint    ] Total time for which application threads were stopped: 0.0000624 seconds, Stopping threads took: 0.0000131 seconds
[2019-12-09T02:33:30.060+0000][1][safepoint    ] Application time: 0.0006555 seconds
[2019-12-09T02:33:30.060+0000][1][safepoint    ] Entering safepoint region: RevokeBias
[2019-12-09T02:33:30.061+0000][1][safepoint    ] Leaving safepoint region
[2019-12-09T02:33:30.061+0000][1][safepoint    ] Total time for which application threads were stopped: 0.0000666 seconds, Stopping threads took: 0.0000158 seconds
[2019-12-09T02:33:30.061+0000][1][safepoint    ] Application time: 0.0001351 seconds
[2019-12-09T02:33:30.061+0000][1][safepoint    ] Entering safepoint region: RevokeBias
[2019-12-09T02:33:30.061+0000][1][safepoint    ] Leaving safepoint region
[2019-12-09T02:33:30.061+0000][1][safepoint    ] Total time for which application threads were stopped: 0.0000486 seconds, Stopping threads took: 0.0000116 seconds
[2019-12-09T02:33:30.061+0000][1][safepoint    ] Application time: 0.0004079 seconds
[2019-12-09T02:33:30.061+0000][1][safepoint    ] Entering safepoint region: RevokeBias
[2019-12-09T02:33:30.061+0000][1][safepoint    ] Leaving safepoint region
[2019-12-09T02:33:30.061+0000][1][safepoint    ] Total time for which application threads were stopped: 0.0000649 seconds, Stopping threads took: 0.0000097 seconds
[2019-12-09T02:33:30.061+0000][1][safepoint    ] Application time: 0.0000586 seconds
[2019-12-09T02:33:30.061+0000][1][safepoint    ] Entering safepoint region: RevokeBias
[2019-12-09T02:33:30.061+0000][1][safepoint    ] Leaving safepoint region
[2019-12-09T02:33:30.061+0000][1][safepoint    ] Total time for which application threads were stopped: 0.0000455 seconds, Stopping threads took: 0.0000076 seconds
[2019-12-09T02:33:30.061+0000][1][safepoint    ] Application time: 0.0000970 seconds
[2019-12-09T02:33:30.061+0000][1][safepoint    ] Entering safepoint region: RevokeBias
[2019-12-09T02:33:30.062+0000][1][safepoint    ] Leaving safepoint region
[2019-12-09T02:33:30.062+0000][1][safepoint    ] Total time for which application threads were stopped: 0.0000463 seconds, Stopping threads took: 0.0000077 seconds
[2019-12-09T02:33:30.062+0000][1][safepoint    ] Application time: 0.0003125 seconds
[2019-12-09T02:33:30.062+0000][1][safepoint    ] Entering safepoint region: RevokeBias
[2019-12-09T02:33:30.062+0000][1][safepoint    ] Leaving safepoint region
[2019-12-09T02:33:30.062+0000][1][safepoint    ] Total time for which application threads were stopped: 0.0000554 seconds, Stopping threads took: 0.0000102 seconds
[2019-12-09T02:33:30.062+0000][1][safepoint    ] Application time: 0.0002008 seconds
[2019-12-09T02:33:30.062+0000][1][safepoint    ] Entering safepoint region: RevokeBias
[2019-12-09T02:33:30.062+0000][1][safepoint    ] Leaving safepoint region
[2019-12-09T02:33:30.062+0000][1][safepoint    ] Total time for which application threads were stopped: 0.0000556 seconds, Stopping threads took: 0.0000097 seconds
[2019-12-09T02:33:30.062+0000][1][safepoint    ] Application time: 0.0000614 seconds
[2019-12-09T02:33:30.062+0000][1][safepoint    ] Entering safepoint region: RevokeBias
[2019-12-09T02:33:30.062+0000][1][safepoint    ] Leaving safepoint region
[2019-12-09T02:33:30.062+0000][1][safepoint    ] Total time for which application threads were stopped: 0.0000476 seconds, Stopping threads took: 0.0000081 seconds
[2019-12-09T02:33:30.062+0000][1][safepoint    ] Application time: 0.0001085 seconds
[2019-12-09T02:33:30.062+0000][1][safepoint    ] Entering safepoint region: BulkRevokeBias
[2019-12-09T02:33:30.063+0000][1][safepoint    ] Leaving safepoint region
[2019-12-09T02:33:30.063+0000][1][safepoint    ] Total time for which application threads were stopped: 0.0001668 seconds, Stopping threads took: 0.0000096 seconds
[2019-12-09T02:33:30.063+0000][1][safepoint    ] Application time: 0.0005766 seconds
[2019-12-09T02:33:30.063+0000][1][safepoint    ] Entering safepoint region: RevokeBias
[2019-12-09T02:33:30.063+0000][1][safepoint    ] Leaving safepoint region
[2019-12-09T02:33:30.063+0000][1][safepoint    ] Total time for which application threads were stopped: 0.0000655 seconds, Stopping threads took: 0.0000115 seconds
[2019-12-09T02:33:30.075+0000][1][safepoint    ] Application time: 0.0119418 seconds
[2019-12-09T02:33:30.075+0000][1][safepoint    ] Entering safepoint region: RevokeBias
[2019-12-09T02:33:30.075+0000][1][safepoint    ] Leaving safepoint region
[2019-12-09T02:33:30.075+0000][1][safepoint    ] Total time for which application threads were stopped: 0.0000811 seconds, Stopping threads took: 0.0000169 seconds
[2019-12-09T02:33:30.078+0000][1][safepoint    ] Application time: 0.0024531 seconds
[2019-12-09T02:33:30.078+0000][1][safepoint    ] Entering safepoint region: RevokeBias
[2019-12-09T02:33:30.078+0000][1][safepoint    ] Leaving safepoint region
[2019-12-09T02:33:30.078+0000][1][safepoint    ] Total time for which application threads were stopped: 0.0000697 seconds, Stopping threads took: 0.0000117 seconds
[2019-12-09T02:33:30.082+0000][1][safepoint    ] Application time: 0.0041261 seconds
[2019-12-09T02:33:30.082+0000][1][safepoint    ] Entering safepoint region: Deoptimize
[2019-12-09T02:33:30.083+0000][1][safepoint    ] Leaving safepoint region
[2019-12-09T02:33:30.083+0000][1][safepoint    ] Total time for which application threads were stopped: 0.0006245 seconds, Stopping threads took: 0.0000128 seconds
[2019-12-09T02:33:30.473+0000][1][safepoint    ] Application time: 0.3900224 seconds
[2019-12-09T02:33:30.483+0000][1][safepoint    ] Entering safepoint region: RevokeBias
[2019-12-09T02:33:30.483+0000][1][safepoint    ] Leaving safepoint region
[2019-12-09T02:33:30.483+0000][1][safepoint    ] Total time for which application threads were stopped: 0.0101083 seconds, Stopping threads took: 0.0099275 seconds
[2019-12-09T02:33:30.483+0000][1][safepoint    ] Application time: 0.0001760 seconds
[2019-12-09T02:33:30.483+0000][1][safepoint    ] Entering safepoint region: RevokeBias
[2019-12-09T02:33:30.483+0000][1][safepoint    ] Leaving safepoint region
[2019-12-09T02:33:30.483+0000][1][safepoint    ] Total time for which application threads were stopped: 0.0000576 seconds, Stopping threads took: 0.0000106 seconds
[2019-12-09T02:33:30.483+0000][1][safepoint    ] Application time: 0.0000882 seconds
[2019-12-09T02:33:30.483+0000][1][safepoint    ] Entering safepoint region: RevokeBias
[2019-12-09T02:33:30.483+0000][1][safepoint    ] Leaving safepoint region
[2019-12-09T02:33:30.483+0000][1][safepoint    ] Total time for which application threads were stopped: 0.0000444 seconds, Stopping threads took: 0.0000080 seconds
[2019-12-09T02:33:30.484+0000][1][safepoint    ] Application time: 0.0002817 seconds
[2019-12-09T02:33:30.484+0000][1][safepoint    ] Entering safepoint region: RevokeBias
[2019-12-09T02:33:30.484+0000][1][safepoint    ] Leaving safepoint region
[2019-12-09T02:33:30.484+0000][1][safepoint    ] Total time for which application threads were stopped: 0.0000579 seconds, Stopping threads took: 0.0000099 seconds
[2019-12-09T02:33:30.484+0000][1][safepoint    ] Application time: 0.0000592 seconds
[2019-12-09T02:33:30.484+0000][1][safepoint    ] Entering safepoint region: RevokeBias
[2019-12-09T02:33:30.484+0000][1][safepoint    ] Leaving safepoint region
[2019-12-09T02:33:30.484+0000][1][safepoint    ] Total time for which application threads were stopped: 0.0000640 seconds, Stopping threads took: 0.0000270 seconds
[2019-12-09T02:33:30.486+0000][1][safepoint    ] Application time: 0.0023700 seconds
[2019-12-09T02:33:30.486+0000][1][safepoint    ] Entering safepoint region: RevokeBias
[2019-12-09T02:33:30.486+0000][1][safepoint    ] Leaving safepoint region
[2019-12-09T02:33:30.486+0000][1][safepoint    ] Total time for which application threads were stopped: 0.0000978 seconds, Stopping threads took: 0.0000525 seconds
[2019-12-09T02:33:30.490+0000][1][safepoint    ] Application time: 0.0035156 seconds
[2019-12-09T02:33:30.490+0000][1][safepoint    ] Entering safepoint region: RevokeBias
[2019-12-09T02:33:30.490+0000][1][safepoint    ] Leaving safepoint region
[2019-12-09T02:33:30.490+0000][1][safepoint    ] Total time for which application threads were stopped: 0.0000835 seconds, Stopping threads took: 0.0000461 seconds
[2019-12-09T02:33:30.493+0000][1][safepoint    ] Application time: 0.0034184 seconds
[2019-12-09T02:33:30.498+0000][1][safepoint    ] Entering safepoint region: RevokeBias
[2019-12-09T02:33:30.498+0000][1][safepoint    ] Leaving safepoint region
[2019-12-09T02:33:30.498+0000][1][safepoint    ] Total time for which application threads were stopped: 0.0045460 seconds, Stopping threads took: 0.0045002 seconds
[2019-12-09T02:33:30.499+0000][1][safepoint    ] Application time: 0.0015641 seconds
[2019-12-09T02:33:30.499+0000][1][safepoint    ] Entering safepoint region: RevokeBias
[2019-12-09T02:33:30.500+0000][1][safepoint    ] Leaving safepoint region
[2019-12-09T02:33:30.500+0000][1][safepoint    ] Total time for which application threads were stopped: 0.0000938 seconds, Stopping threads took: 0.0000505 seconds
[2019-12-09T02:33:30.507+0000][1][safepoint    ] Application time: 0.0072761 seconds
[2019-12-09T02:33:30.507+0000][1][safepoint    ] Entering safepoint region: RevokeBias
[2019-12-09T02:33:30.507+0000][1][safepoint    ] Leaving safepoint region
[2019-12-09T02:33:30.507+0000][1][safepoint    ] Total time for which application threads were stopped: 0.0001081 seconds, Stopping threads took: 0.0000545 seconds
[2019-12-09T02:33:30.583+0000][1][safepoint    ] Application time: 0.0763112 seconds
[2019-12-09T02:33:30.589+0000][1][safepoint    ] Entering safepoint region: RevokeBias
[2019-12-09T02:33:30.589+0000][1][safepoint    ] Leaving safepoint region
[2019-12-09T02:33:30.589+0000][1][safepoint    ] Total time for which application threads were stopped: 0.0056896 seconds, Stopping threads took: 0.0055999 seconds
[2019-12-09T02:33:30.590+0000][1][safepoint    ] Application time: 0.0009946 seconds
[2019-12-09T02:33:30.590+0000][1][safepoint    ] Entering safepoint region: RevokeBias
[2019-12-09T02:33:30.590+0000][1][safepoint    ] Leaving safepoint region
[2019-12-09T02:33:30.590+0000][1][safepoint    ] Total time for which application threads were stopped: 0.0000789 seconds, Stopping threads took: 0.0000141 seconds
[2019-12-09T02:33:30.590+0000][1][safepoint    ] Application time: 0.0002175 seconds
[2019-12-09T02:33:30.590+0000][1][safepoint    ] Entering safepoint region: RevokeBias
[2019-12-09T02:33:30.590+0000][1][safepoint    ] Leaving safepoint region
[2019-12-09T02:33:30.590+0000][1][safepoint    ] Total time for which application threads were stopped: 0.0000806 seconds, Stopping threads took: 0.0000106 seconds
[2019-12-09T02:33:30.605+0000][1][safepoint    ] Application time: 0.0145770 seconds
[2019-12-09T02:33:30.605+0000][1][safepoint    ] Entering safepoint region: RevokeBias
[2019-12-09T02:33:30.605+0000][1][safepoint    ] Leaving safepoint region
[2019-12-09T02:33:30.605+0000][1][safepoint    ] Total time for which application threads were stopped: 0.0001783 seconds, Stopping threads took: 0.0001026 seconds
[2019-12-09T02:33:30.627+0000][1][safepoint    ] Application time: 0.0217232 seconds
[2019-12-09T02:33:30.627+0000][1][safepoint    ] Entering safepoint region: RevokeBias
[2019-12-09T02:33:30.627+0000][1][safepoint    ] Leaving safepoint region
[2019-12-09T02:33:30.627+0000][1][safepoint    ] Total time for which application threads were stopped: 0.0001569 seconds, Stopping threads took: 0.0000739 seconds
[2019-12-09T02:33:30.631+0000][1][safepoint    ] Application time: 0.0034741 seconds
[2019-12-09T02:33:30.631+0000][1][safepoint    ] Entering safepoint region: RevokeBias
[2019-12-09T02:33:30.631+0000][1][safepoint    ] Leaving safepoint region
[2019-12-09T02:33:30.631+0000][1][safepoint    ] Total time for which application threads were stopped: 0.0001479 seconds, Stopping threads took: 0.0000821 seconds
[2019-12-09T02:33:30.632+0000][1][safepoint    ] Application time: 0.0012435 seconds
[2019-12-09T02:33:30.632+0000][1][safepoint    ] Entering safepoint region: RevokeBias
[2019-12-09T02:33:30.632+0000][1][safepoint    ] Leaving safepoint region
[2019-12-09T02:33:30.632+0000][1][safepoint    ] Total time for which application threads were stopped: 0.0000758 seconds, Stopping threads took: 0.0000120 seconds
[2019-12-09T02:33:30.632+0000][1][safepoint    ] Application time: 0.0001394 seconds
[2019-12-09T02:33:30.632+0000][1][safepoint    ] Entering safepoint region: RevokeBias
[2019-12-09T02:33:30.632+0000][1][safepoint    ] Leaving safepoint region
[2019-12-09T02:33:30.632+0000][1][safepoint    ] Total time for which application threads were stopped: 0.0000670 seconds, Stopping threads took: 0.0000158 seconds
[2019-12-09T02:33:30.632+0000][1][safepoint    ] Application time: 0.0000645 seconds
[2019-12-09T02:33:30.632+0000][1][safepoint    ] Entering safepoint region: RevokeBias
[2019-12-09T02:33:30.632+0000][1][safepoint    ] Leaving safepoint region
[2019-12-09T02:33:30.632+0000][1][safepoint    ] Total time for which application threads were stopped: 0.0000553 seconds, Stopping threads took: 0.0000092 seconds
[2019-12-09T02:33:30.637+0000][1][safepoint    ] Application time: 0.0044787 seconds
[2019-12-09T02:33:30.637+0000][1][safepoint    ] Entering safepoint region: RevokeBias
[2019-12-09T02:33:30.637+0000][1][safepoint    ] Leaving safepoint region
[2019-12-09T02:33:30.637+0000][1][safepoint    ] Total time for which application threads were stopped: 0.0004558 seconds, Stopping threads took: 0.0003700 seconds
[2019-12-09T02:33:30.642+0000][1][safepoint    ] Application time: 0.0044769 seconds
[2019-12-09T02:33:30.666+0000][1][safepoint    ] Entering safepoint region: RevokeBias
[2019-12-09T02:33:30.666+0000][1][safepoint    ] Leaving safepoint region
[2019-12-09T02:33:30.666+0000][1][safepoint    ] Total time for which application threads were stopped: 0.0243052 seconds, Stopping threads took: 0.0241974 seconds
[2019-12-09T02:33:30.669+0000][1][safepoint    ] Application time: 0.0028136 seconds
[2019-12-09T02:33:30.669+0000][1][safepoint    ] Entering safepoint region: RevokeBias
[2019-12-09T02:33:30.669+0000][1][safepoint    ] Leaving safepoint region
[2019-12-09T02:33:30.669+0000][1][safepoint    ] Total time for which application threads were stopped: 0.0000763 seconds, Stopping threads took: 0.0000138 seconds
[2019-12-09T02:33:30.675+0000][1][safepoint    ] Application time: 0.0056921 seconds
[2019-12-09T02:33:30.675+0000][1][safepoint    ] Entering safepoint region: RevokeBias
[2019-12-09T02:33:30.675+0000][1][safepoint    ] Leaving safepoint region
[2019-12-09T02:33:30.675+0000][1][safepoint    ] Total time for which application threads were stopped: 0.0001364 seconds, Stopping threads took: 0.0000853 seconds
[2019-12-09T02:33:30.675+0000][1][safepoint    ] Application time: 0.0001151 seconds
[2019-12-09T02:33:30.675+0000][1][safepoint    ] Entering safepoint region: RevokeBias
[2019-12-09T02:33:30.675+0000][1][safepoint    ] Leaving safepoint region
[2019-12-09T02:33:30.675+0000][1][safepoint    ] Total time for which application threads were stopped: 0.0000525 seconds, Stopping threads took: 0.0000107 seconds
[2019-12-09T02:33:30.675+0000][1][safepoint    ] Application time: 0.0000909 seconds
[2019-12-09T02:33:30.675+0000][1][safepoint    ] Entering safepoint region: RevokeBias
[2019-12-09T02:33:30.675+0000][1][safepoint    ] Leaving safepoint region
[2019-12-09T02:33:30.675+0000][1][safepoint    ] Total time for which application threads were stopped: 0.0000460 seconds, Stopping threads took: 0.0000100 seconds
[2019-12-09T02:33:30.675+0000][1][safepoint    ] Application time: 0.0000824 seconds
[2019-12-09T02:33:30.675+0000][1][safepoint    ] Entering safepoint region: RevokeBias
[2019-12-09T02:33:30.676+0000][1][safepoint    ] Leaving safepoint region
[2019-12-09T02:33:30.676+0000][1][safepoint    ] Total time for which application threads were stopped: 0.0000505 seconds, Stopping threads took: 0.0000092 seconds
[2019-12-09T02:33:30.676+0000][1][safepoint    ] Application time: 0.0000676 seconds
[2019-12-09T02:33:30.676+0000][1][safepoint    ] Entering safepoint region: RevokeBias
[2019-12-09T02:33:30.676+0000][1][safepoint    ] Leaving safepoint region
[2019-12-09T02:33:30.676+0000][1][safepoint    ] Total time for which application threads were stopped: 0.0000431 seconds, Stopping threads took: 0.0000088 seconds
[2019-12-09T02:33:30.728+0000][1][safepoint    ] Application time: 0.0521820 seconds
[2019-12-09T02:33:30.728+0000][1][safepoint    ] Entering safepoint region: RevokeBias
[2019-12-09T02:33:30.728+0000][1][safepoint    ] Leaving safepoint region
[2019-12-09T02:33:30.728+0000][1][safepoint    ] Total time for which application threads were stopped: 0.0005233 seconds, Stopping threads took: 0.0004471 seconds
[2019-12-09T02:33:30.733+0000][1][safepoint    ] Application time: 0.0043569 seconds
[2019-12-09T02:33:30.740+0000][1][safepoint    ] Entering safepoint region: RevokeBias
[2019-12-09T02:33:30.740+0000][1][safepoint    ] Leaving safepoint region
[2019-12-09T02:33:30.740+0000][1][safepoint    ] Total time for which application threads were stopped: 0.0074110 seconds, Stopping threads took: 0.0073417 seconds
[2019-12-09T02:33:30.743+0000][1][safepoint    ] Application time: 0.0032522 seconds
[2019-12-09T02:33:30.744+0000][1][safepoint    ] Entering safepoint region: RevokeBias
[2019-12-09T02:33:30.744+0000][1][safepoint    ] Leaving safepoint region
[2019-12-09T02:33:30.744+0000][1][safepoint    ] Total time for which application threads were stopped: 0.0001291 seconds, Stopping threads took: 0.0000124 seconds
[2019-12-09T02:33:30.744+0000][1][safepoint    ] Application time: 0.0002532 seconds
[2019-12-09T02:33:30.744+0000][1][safepoint    ] Entering safepoint region: BulkRevokeBias
[2019-12-09T02:33:30.744+0000][1][safepoint    ] Leaving safepoint region
[2019-12-09T02:33:30.744+0000][1][safepoint    ] Total time for which application threads were stopped: 0.0004046 seconds, Stopping threads took: 0.0000115 seconds
[2019-12-09T02:33:30.751+0000][1][safepoint    ] Application time: 0.0064538 seconds
[2019-12-09T02:33:30.751+0000][1][safepoint    ] Entering safepoint region: RevokeBias
[2019-12-09T02:33:30.751+0000][1][safepoint    ] Leaving safepoint region
[2019-12-09T02:33:30.751+0000][1][safepoint    ] Total time for which application threads were stopped: 0.0001289 seconds, Stopping threads took: 0.0000453 seconds
[2019-12-09T02:33:30.751+0000][1][safepoint    ] Application time: 0.0001213 seconds
[2019-12-09T02:33:30.751+0000][1][safepoint    ] Entering safepoint region: RevokeBias
[2019-12-09T02:33:30.751+0000][1][safepoint    ] Leaving safepoint region
[2019-12-09T02:33:30.751+0000][1][safepoint    ] Total time for which application threads were stopped: 0.0000649 seconds, Stopping threads took: 0.0000100 seconds
[2019-12-09T02:33:30.772+0000][1][safepoint    ] Application time: 0.0210714 seconds
[2019-12-09T02:33:30.772+0000][1][safepoint    ] Entering safepoint region: RevokeBias
[2019-12-09T02:33:30.772+0000][1][safepoint    ] Leaving safepoint region
[2019-12-09T02:33:30.772+0000][1][safepoint    ] Total time for which application threads were stopped: 0.0001589 seconds, Stopping threads took: 0.0000804 seconds
[2019-12-09T02:33:30.772+0000][1][safepoint    ] Application time: 0.0000687 seconds
[2019-12-09T02:33:30.772+0000][1][safepoint    ] Entering safepoint region: RevokeBias
[2019-12-09T02:33:30.773+0000][1][safepoint    ] Leaving safepoint region
[2019-12-09T02:33:30.773+0000][1][safepoint    ] Total time for which application threads were stopped: 0.0000651 seconds, Stopping threads took: 0.0000101 seconds
[2019-12-09T02:33:30.805+0000][1][safepoint    ] Application time: 0.0322996 seconds
[2019-12-09T02:33:30.805+0000][1][safepoint    ] Entering safepoint region: RevokeBias
[2019-12-09T02:33:30.805+0000][1][safepoint    ] Leaving safepoint region
[2019-12-09T02:33:30.805+0000][1][safepoint    ] Total time for which application threads were stopped: 0.0001848 seconds, Stopping threads took: 0.0001072 seconds
[2019-12-09T02:33:30.808+0000][1][safepoint    ] Application time: 0.0024800 seconds
[2019-12-09T02:33:30.808+0000][1][safepoint    ] Entering safepoint region: RevokeBias
[2019-12-09T02:33:30.808+0000][1][safepoint    ] Leaving safepoint region
[2019-12-09T02:33:30.808+0000][1][safepoint    ] Total time for which application threads were stopped: 0.0000759 seconds, Stopping threads took: 0.0000133 seconds
[2019-12-09T02:33:30.808+0000][1][safepoint    ] Application time: 0.0000641 seconds
[2019-12-09T02:33:30.808+0000][1][safepoint    ] Entering safepoint region: RevokeBias
[2019-12-09T02:33:30.808+0000][1][safepoint    ] Leaving safepoint region
[2019-12-09T02:33:30.808+0000][1][safepoint    ] Total time for which application threads were stopped: 0.0000666 seconds, Stopping threads took: 0.0000135 seconds
[2019-12-09T02:33:30.808+0000][1][safepoint    ] Application time: 0.0000602 seconds
[2019-12-09T02:33:30.808+0000][1][safepoint    ] Entering safepoint region: RevokeBias
[2019-12-09T02:33:30.808+0000][1][safepoint    ] Leaving safepoint region
[2019-12-09T02:33:30.808+0000][1][safepoint    ] Total time for which application threads were stopped: 0.0000563 seconds, Stopping threads took: 0.0000095 seconds
[2019-12-09T02:33:30.840+0000][1][safepoint    ] Application time: 0.0323138 seconds
[2019-12-09T02:33:30.840+0000][1][safepoint    ] Entering safepoint region: RevokeBias
[2019-12-09T02:33:30.840+0000][1][safepoint    ] Leaving safepoint region
[2019-12-09T02:33:30.840+0000][1][safepoint    ] Total time for which application threads were stopped: 0.0001703 seconds, Stopping threads took: 0.0000838 seconds
[2019-12-09T02:33:30.841+0000][1][safepoint    ] Application time: 0.0000928 seconds
[2019-12-09T02:33:30.841+0000][1][safepoint    ] Entering safepoint region: RevokeBias
[2019-12-09T02:33:30.841+0000][1][safepoint    ] Leaving safepoint region
[2019-12-09T02:33:30.841+0000][1][safepoint    ] Total time for which application threads were stopped: 0.0000503 seconds, Stopping threads took: 0.0000090 seconds
[2019-12-09T02:33:30.842+0000][1][safepoint    ] Application time: 0.0010867 seconds
[2019-12-09T02:33:30.842+0000][1][safepoint    ] Entering safepoint region: RevokeBias
[2019-12-09T02:33:30.842+0000][1][safepoint    ] Leaving safepoint region
[2019-12-09T02:33:30.842+0000][1][safepoint    ] Total time for which application threads were stopped: 0.0000718 seconds, Stopping threads took: 0.0000126 seconds
[2019-12-09T02:33:30.853+0000][1][safepoint    ] Application time: 0.0108994 seconds
[2019-12-09T02:33:30.873+0000][1][safepoint    ] Entering safepoint region: RevokeBias
[2019-12-09T02:33:30.873+0000][1][safepoint    ] Leaving safepoint region
[2019-12-09T02:33:30.873+0000][1][safepoint    ] Total time for which application threads were stopped: 0.0201907 seconds, Stopping threads took: 0.0201218 seconds
[2019-12-09T02:33:30.878+0000][1][safepoint    ] Application time: 0.0047723 seconds
[2019-12-09T02:33:30.878+0000][1][safepoint    ] Entering safepoint region: RevokeBias
[2019-12-09T02:33:30.878+0000][1][safepoint    ] Leaving safepoint region
[2019-12-09T02:33:30.878+0000][1][safepoint    ] Total time for which application threads were stopped: 0.0000841 seconds, Stopping threads took: 0.0000131 seconds
[2019-12-09T02:33:30.878+0000][1][safepoint    ] Application time: 0.0004536 seconds
[2019-12-09T02:33:30.878+0000][1][safepoint    ] Entering safepoint region: RevokeBias
[2019-12-09T02:33:30.878+0000][1][safepoint    ] Leaving safepoint region
[2019-12-09T02:33:30.878+0000][1][safepoint    ] Total time for which application threads were stopped: 0.0000860 seconds, Stopping threads took: 0.0000123 seconds
[2019-12-09T02:33:30.880+0000][1][safepoint    ] Application time: 0.0014178 seconds
[2019-12-09T02:33:30.880+0000][1][safepoint    ] Entering safepoint region: RevokeBias
[2019-12-09T02:33:30.880+0000][1][safepoint    ] Leaving safepoint region
[2019-12-09T02:33:30.880+0000][1][safepoint    ] Total time for which application threads were stopped: 0.0000710 seconds, Stopping threads took: 0.0000118 seconds
[2019-12-09T02:33:30.881+0000][1][safepoint    ] Application time: 0.0012334 seconds
[2019-12-09T02:33:30.881+0000][1][safepoint    ] Entering safepoint region: RevokeBias
[2019-12-09T02:33:30.881+0000][1][safepoint    ] Leaving safepoint region
[2019-12-09T02:33:30.881+0000][1][safepoint    ] Total time for which application threads were stopped: 0.0000877 seconds, Stopping threads took: 0.0000124 seconds
[2019-12-09T02:33:30.884+0000][1][safepoint    ] Application time: 0.0031248 seconds
[2019-12-09T02:33:30.885+0000][1][safepoint    ] Entering safepoint region: RevokeBias
[2019-12-09T02:33:30.885+0000][1][safepoint    ] Leaving safepoint region
[2019-12-09T02:33:30.885+0000][1][safepoint    ] Total time for which application threads were stopped: 0.0001680 seconds, Stopping threads took: 0.0000630 seconds
[2019-12-09T02:33:30.894+0000][1][safepoint    ] Application time: 0.0091794 seconds
[2019-12-09T02:33:30.898+0000][1][safepoint    ] Entering safepoint region: RevokeBias
[2019-12-09T02:33:30.898+0000][1][safepoint    ] Leaving safepoint region
[2019-12-09T02:33:30.898+0000][1][safepoint    ] Total time for which application threads were stopped: 0.0040051 seconds, Stopping threads took: 0.0039454 seconds
[2019-12-09T02:33:30.898+0000][1][safepoint    ] Application time: 0.0001547 seconds
[2019-12-09T02:33:30.898+0000][1][safepoint    ] Entering safepoint region: RevokeBias
[2019-12-09T02:33:30.898+0000][1][safepoint    ] Leaving safepoint region
[2019-12-09T02:33:30.898+0000][1][safepoint    ] Total time for which application threads were stopped: 0.0000739 seconds, Stopping threads took: 0.0000093 seconds
[2019-12-09T02:33:30.898+0000][1][safepoint    ] Application time: 0.0002572 seconds
[2019-12-09T02:33:30.898+0000][1][safepoint    ] Entering safepoint region: RevokeBias
[2019-12-09T02:33:30.898+0000][1][safepoint    ] Leaving safepoint region
[2019-12-09T02:33:30.898+0000][1][safepoint    ] Total time for which application threads were stopped: 0.0000700 seconds, Stopping threads took: 0.0000111 seconds
[2019-12-09T02:33:30.899+0000][1][safepoint    ] Application time: 0.0000854 seconds
[2019-12-09T02:33:30.899+0000][1][safepoint    ] Entering safepoint region: RevokeBias
[2019-12-09T02:33:30.899+0000][1][safepoint    ] Leaving safepoint region
[2019-12-09T02:33:30.899+0000][1][safepoint    ] Total time for which application threads were stopped: 0.0000638 seconds, Stopping threads took: 0.0000089 seconds
[2019-12-09T02:33:30.899+0000][1][safepoint    ] Application time: 0.0003165 seconds
[2019-12-09T02:33:30.899+0000][1][safepoint    ] Entering safepoint region: RevokeBias
[2019-12-09T02:33:30.899+0000][1][safepoint    ] Leaving safepoint region
[2019-12-09T02:33:30.899+0000][1][safepoint    ] Total time for which application threads were stopped: 0.0000717 seconds, Stopping threads took: 0.0000122 seconds
[2019-12-09T02:33:30.899+0000][1][safepoint    ] Application time: 0.0002646 seconds
[2019-12-09T02:33:30.899+0000][1][safepoint    ] Entering safepoint region: RevokeBias
[2019-12-09T02:33:30.899+0000][1][safepoint    ] Leaving safepoint region
[2019-12-09T02:33:30.899+0000][1][safepoint    ] Total time for which application threads were stopped: 0.0001022 seconds, Stopping threads took: 0.0000119 seconds
[2019-12-09T02:33:30.929+0000][1][safepoint    ] Application time: 0.0297114 seconds
[2019-12-09T02:33:30.929+0000][1][safepoint    ] Entering safepoint region: RevokeBias
[2019-12-09T02:33:30.929+0000][1][safepoint    ] Leaving safepoint region
[2019-12-09T02:33:30.929+0000][1][safepoint    ] Total time for which application threads were stopped: 0.0001046 seconds, Stopping threads took: 0.0000133 seconds
[2019-12-09T02:33:30.929+0000][1][safepoint    ] Application time: 0.0000713 seconds
[2019-12-09T02:33:30.929+0000][1][safepoint    ] Entering safepoint region: RevokeBias
[2019-12-09T02:33:30.929+0000][1][safepoint    ] Leaving safepoint region
[2019-12-09T02:33:30.929+0000][1][safepoint    ] Total time for which application threads were stopped: 0.0000771 seconds, Stopping threads took: 0.0000097 seconds
[2019-12-09T02:33:30.974+0000][1][safepoint    ] Application time: 0.0442690 seconds
[2019-12-09T02:33:30.980+0000][1][safepoint    ] Entering safepoint region: RevokeBias
[2019-12-09T02:33:30.980+0000][1][safepoint    ] Leaving safepoint region
[2019-12-09T02:33:30.980+0000][1][safepoint    ] Total time for which application threads were stopped: 0.0061387 seconds, Stopping threads took: 0.0060442 seconds
[2019-12-09T02:33:30.980+0000][1][safepoint    ] Application time: 0.0001744 seconds
[2019-12-09T02:33:30.980+0000][1][safepoint    ] Entering safepoint region: RevokeBias
[2019-12-09T02:33:30.980+0000][1][safepoint    ] Leaving safepoint region
[2019-12-09T02:33:30.980+0000][1][safepoint    ] Total time for which application threads were stopped: 0.0000770 seconds, Stopping threads took: 0.0000144 seconds
[2019-12-09T02:33:30.980+0000][1][safepoint    ] Application time: 0.0000890 seconds
[2019-12-09T02:33:30.980+0000][1][safepoint    ] Entering safepoint region: RevokeBias
[2019-12-09T02:33:30.980+0000][1][safepoint    ] Leaving safepoint region
[2019-12-09T02:33:30.980+0000][1][safepoint    ] Total time for which application threads were stopped: 0.0000561 seconds, Stopping threads took: 0.0000099 seconds
[2019-12-09T02:33:31.080+0000][1][safepoint    ] Application time: 0.0996830 seconds
[2019-12-09T02:33:31.080+0000][1][safepoint    ] Entering safepoint region: RevokeBias
[2019-12-09T02:33:31.080+0000][1][safepoint    ] Leaving safepoint region
[2019-12-09T02:33:31.080+0000][1][safepoint    ] Total time for which application threads were stopped: 0.0000959 seconds, Stopping threads took: 0.0000177 seconds
[2019-12-09T02:33:31.094+0000][1][safepoint    ] Application time: 0.0140711 seconds
[2019-12-09T02:33:31.094+0000][1][safepoint    ] Entering safepoint region: RevokeBias
[2019-12-09T02:33:31.094+0000][1][safepoint    ] Leaving safepoint region
[2019-12-09T02:33:31.094+0000][1][safepoint    ] Total time for which application threads were stopped: 0.0000876 seconds, Stopping threads took: 0.0000257 seconds
[2019-12-09T02:33:31.095+0000][1][safepoint    ] Application time: 0.0004322 seconds
[2019-12-09T02:33:31.095+0000][1][safepoint    ] Entering safepoint region: RevokeBias
[2019-12-09T02:33:31.095+0000][1][safepoint    ] Leaving safepoint region
[2019-12-09T02:33:31.095+0000][1][safepoint    ] Total time for which application threads were stopped: 0.0000741 seconds, Stopping threads took: 0.0000131 seconds
[2019-12-09T02:33:31.415+0000][1][safepoint    ] Application time: 0.3201535 seconds
[2019-12-09T02:33:31.455+0000][1][safepoint    ] Entering safepoint region: RevokeBias
[2019-12-09T02:33:31.455+0000][1][safepoint    ] Leaving safepoint region
[2019-12-09T02:33:31.455+0000][1][safepoint    ] Total time for which application threads were stopped: 0.0401591 seconds, Stopping threads took: 0.0400601 seconds
[2019-12-09T02:33:31.459+0000][1][safepoint    ] Application time: 0.0034882 seconds
[2019-12-09T02:33:31.491+0000][1][safepoint    ] Entering safepoint region: RevokeBias
[2019-12-09T02:33:31.491+0000][1][safepoint    ] Leaving safepoint region
[2019-12-09T02:33:31.491+0000][1][safepoint    ] Total time for which application threads were stopped: 0.0319727 seconds, Stopping threads took: 0.0318584 seconds
[2019-12-09T02:33:31.491+0000][1][safepoint    ] Application time: 0.0006845 seconds
[2019-12-09T02:33:31.491+0000][1][safepoint    ] Entering safepoint region: RevokeBias
[2019-12-09T02:33:31.492+0000][1][safepoint    ] Leaving safepoint region
[2019-12-09T02:33:31.492+0000][1][safepoint    ] Total time for which application threads were stopped: 0.0001052 seconds, Stopping threads took: 0.0000337 seconds
[2019-12-09T02:33:31.492+0000][1][safepoint    ] Application time: 0.0004446 seconds
[2019-12-09T02:33:31.492+0000][1][safepoint    ] Entering safepoint region: RevokeBias
[2019-12-09T02:33:31.492+0000][1][safepoint    ] Leaving safepoint region
[2019-12-09T02:33:31.492+0000][1][safepoint    ] Total time for which application threads were stopped: 0.0000652 seconds, Stopping threads took: 0.0000107 seconds
[2019-12-09T02:33:31.492+0000][1][safepoint    ] Application time: 0.0002971 seconds
[2019-12-09T02:33:31.492+0000][1][safepoint    ] Entering safepoint region: RevokeBias
[2019-12-09T02:33:31.492+0000][1][safepoint    ] Leaving safepoint region
[2019-12-09T02:33:31.492+0000][1][safepoint    ] Total time for which application threads were stopped: 0.0000493 seconds, Stopping threads took: 0.0000094 seconds
[2019-12-09T02:33:31.492+0000][1][safepoint    ] Application time: 0.0000419 seconds
[2019-12-09T02:33:31.492+0000][1][safepoint    ] Entering safepoint region: RevokeBias
[2019-12-09T02:33:31.493+0000][1][safepoint    ] Leaving safepoint region
[2019-12-09T02:33:31.493+0000][1][safepoint    ] Total time for which application threads were stopped: 0.0000415 seconds, Stopping threads took: 0.0000082 seconds
[2019-12-09T02:33:31.493+0000][1][safepoint    ] Application time: 0.0000356 seconds
[2019-12-09T02:33:31.493+0000][1][safepoint    ] Entering safepoint region: RevokeBias
[2019-12-09T02:33:31.493+0000][1][safepoint    ] Leaving safepoint region
[2019-12-09T02:33:31.493+0000][1][safepoint    ] Total time for which application threads were stopped: 0.0000389 seconds, Stopping threads took: 0.0000078 seconds
[2019-12-09T02:33:31.496+0000][1][safepoint    ] Application time: 0.0032176 seconds
[2019-12-09T02:33:31.496+0000][1][safepoint    ] Entering safepoint region: RevokeBias
[2019-12-09T02:33:31.496+0000][1][safepoint    ] Leaving safepoint region
[2019-12-09T02:33:31.496+0000][1][safepoint    ] Total time for which application threads were stopped: 0.0000834 seconds, Stopping threads took: 0.0000250 seconds
[2019-12-09T02:33:31.518+0000][1][safepoint    ] Application time: 0.0218559 seconds
[2019-12-09T02:33:31.518+0000][1][safepoint    ] Entering safepoint region: RevokeBias
[2019-12-09T02:33:31.518+0000][1][safepoint    ] Leaving safepoint region
[2019-12-09T02:33:31.518+0000][1][safepoint    ] Total time for which application threads were stopped: 0.0000814 seconds, Stopping threads took: 0.0000143 seconds
[2019-12-09T02:33:31.518+0000][1][safepoint    ] Application time: 0.0003083 seconds
[2019-12-09T02:33:31.518+0000][1][safepoint    ] Entering safepoint region: RevokeBias
[2019-12-09T02:33:31.518+0000][1][safepoint    ] Leaving safepoint region
[2019-12-09T02:33:31.518+0000][1][safepoint    ] Total time for which application threads were stopped: 0.0000665 seconds, Stopping threads took: 0.0000104 seconds
[2019-12-09T02:33:31.519+0000][1][safepoint    ] Application time: 0.0003427 seconds
[2019-12-09T02:33:31.519+0000][1][safepoint    ] Entering safepoint region: RevokeBias
[2019-12-09T02:33:31.519+0000][1][safepoint    ] Leaving safepoint region
[2019-12-09T02:33:31.519+0000][1][safepoint    ] Total time for which application threads were stopped: 0.0000830 seconds, Stopping threads took: 0.0000286 seconds
[2019-12-09T02:33:31.530+0000][1][safepoint    ] Application time: 0.0109425 seconds
[2019-12-09T02:33:31.536+0000][1][safepoint    ] Entering safepoint region: RevokeBias
[2019-12-09T02:33:31.536+0000][1][safepoint    ] Leaving safepoint region
[2019-12-09T02:33:31.536+0000][1][safepoint    ] Total time for which application threads were stopped: 0.0062367 seconds, Stopping threads took: 0.0061696 seconds
[2019-12-09T02:33:31.540+0000][1][safepoint    ] Application time: 0.0038734 seconds
[2019-12-09T02:33:31.540+0000][1][safepoint    ] Entering safepoint region: RevokeBias
[2019-12-09T02:33:31.540+0000][1][safepoint    ] Leaving safepoint region
[2019-12-09T02:33:31.540+0000][1][safepoint    ] Total time for which application threads were stopped: 0.0001551 seconds, Stopping threads took: 0.0001042 seconds
[2019-12-09T02:33:31.541+0000][1][safepoint    ] Application time: 0.0007295 seconds
[2019-12-09T02:33:31.541+0000][1][safepoint    ] Entering safepoint region: RevokeBias
[2019-12-09T02:33:31.541+0000][1][safepoint    ] Leaving safepoint region
[2019-12-09T02:33:31.541+0000][1][safepoint    ] Total time for which application threads were stopped: 0.0000518 seconds, Stopping threads took: 0.0000116 seconds
[2019-12-09T02:33:31.610+0000][1][safepoint    ] Application time: 0.0688776 seconds
[2019-12-09T02:33:31.610+0000][1][safepoint    ] Entering safepoint region: RevokeBias
[2019-12-09T02:33:31.610+0000][1][safepoint    ] Leaving safepoint region
[2019-12-09T02:33:31.610+0000][1][safepoint    ] Total time for which application threads were stopped: 0.0000989 seconds, Stopping threads took: 0.0000179 seconds
[2019-12-09T02:33:31.643+0000][1][safepoint    ] Application time: 0.0328540 seconds
[2019-12-09T02:33:31.643+0000][1][safepoint    ] Entering safepoint region: RevokeBias
[2019-12-09T02:33:31.643+0000][1][safepoint    ] Leaving safepoint region
[2019-12-09T02:33:31.643+0000][1][safepoint    ] Total time for which application threads were stopped: 0.0001204 seconds, Stopping threads took: 0.0000553 seconds
[2019-12-09T02:33:31.673+0000][1][safepoint    ] Application time: 0.0304752 seconds
[2019-12-09T02:33:31.673+0000][1][safepoint    ] Entering safepoint region: RevokeBias
[2019-12-09T02:33:31.673+0000][1][safepoint    ] Leaving safepoint region
[2019-12-09T02:33:31.673+0000][1][safepoint    ] Total time for which application threads were stopped: 0.0000791 seconds, Stopping threads took: 0.0000155 seconds
[2019-12-09T02:33:31.674+0000][1][safepoint    ] Application time: 0.0003792 seconds
[2019-12-09T02:33:31.674+0000][1][safepoint    ] Entering safepoint region: RevokeBias
[2019-12-09T02:33:31.674+0000][1][safepoint    ] Leaving safepoint region
[2019-12-09T02:33:31.674+0000][1][safepoint    ] Total time for which application threads were stopped: 0.0000611 seconds, Stopping threads took: 0.0000140 seconds
[2019-12-09T02:33:31.834+0000][1][safepoint    ] Application time: 0.1598837 seconds
[2019-12-09T02:33:31.834+0000][1][safepoint    ] Entering safepoint region: RevokeBias
[2019-12-09T02:33:31.834+0000][1][safepoint    ] Leaving safepoint region
[2019-12-09T02:33:31.834+0000][1][safepoint    ] Total time for which application threads were stopped: 0.0001132 seconds, Stopping threads took: 0.0000160 seconds
[2019-12-09T02:33:31.834+0000][1][safepoint    ] Application time: 0.0003734 seconds
[2019-12-09T02:33:31.834+0000][1][safepoint    ] Entering safepoint region: RevokeBias
[2019-12-09T02:33:31.834+0000][1][safepoint    ] Leaving safepoint region
[2019-12-09T02:33:31.834+0000][1][safepoint    ] Total time for which application threads were stopped: 0.0000697 seconds, Stopping threads took: 0.0000140 seconds
[2019-12-09T02:33:31.931+0000][1][safepoint    ] Application time: 0.0964963 seconds
[2019-12-09T02:33:31.931+0000][1][safepoint    ] Entering safepoint region: RevokeBias
[2019-12-09T02:33:31.931+0000][1][safepoint    ] Leaving safepoint region
[2019-12-09T02:33:31.931+0000][1][safepoint    ] Total time for which application threads were stopped: 0.0001073 seconds, Stopping threads took: 0.0000159 seconds
[2019-12-09T02:33:32.478+0000][1][safepoint    ] Application time: 0.5466391 seconds
[2019-12-09T02:33:32.486+0000][1][safepoint    ] Entering safepoint region: RevokeBias
[2019-12-09T02:33:32.486+0000][1][safepoint    ] Leaving safepoint region
[2019-12-09T02:33:32.486+0000][1][safepoint    ] Total time for which application threads were stopped: 0.0080759 seconds, Stopping threads took: 0.0079339 seconds
[2019-12-09T02:33:32.503+0000][1][safepoint    ] Application time: 0.0172975 seconds
[2019-12-09T02:33:32.503+0000][1][safepoint    ] Entering safepoint region: RevokeBias
[2019-12-09T02:33:32.503+0000][1][safepoint    ] Leaving safepoint region
[2019-12-09T02:33:32.503+0000][1][safepoint    ] Total time for which application threads were stopped: 0.0001518 seconds, Stopping threads took: 0.0000683 seconds
[2019-12-09T02:33:32.504+0000][1][safepoint    ] Application time: 0.0006726 seconds
[2019-12-09T02:33:32.504+0000][1][safepoint    ] Entering safepoint region: RevokeBias
[2019-12-09T02:33:32.504+0000][1][safepoint    ] Leaving safepoint region
[2019-12-09T02:33:32.504+0000][1][safepoint    ] Total time for which application threads were stopped: 0.0000843 seconds, Stopping threads took: 0.0000146 seconds
[2019-12-09T02:33:32.505+0000][1][safepoint    ] Application time: 0.0006716 seconds
[2019-12-09T02:33:32.505+0000][1][safepoint    ] Entering safepoint region: RevokeBias
[2019-12-09T02:33:32.505+0000][1][safepoint    ] Leaving safepoint region
[2019-12-09T02:33:32.505+0000][1][safepoint    ] Total time for which application threads were stopped: 0.0000753 seconds, Stopping threads took: 0.0000133 seconds
[2019-12-09T02:33:32.506+0000][1][safepoint    ] Application time: 0.0009787 seconds
[2019-12-09T02:33:32.506+0000][1][safepoint    ] Entering safepoint region: RevokeBias
[2019-12-09T02:33:32.506+0000][1][safepoint    ] Leaving safepoint region
[2019-12-09T02:33:32.506+0000][1][safepoint    ] Total time for which application threads were stopped: 0.0000606 seconds, Stopping threads took: 0.0000131 seconds
[2019-12-09T02:33:32.506+0000][1][safepoint    ] Application time: 0.0000499 seconds
[2019-12-09T02:33:32.506+0000][1][safepoint    ] Entering safepoint region: RevokeBias
[2019-12-09T02:33:32.506+0000][1][safepoint    ] Leaving safepoint region
[2019-12-09T02:33:32.506+0000][1][safepoint    ] Total time for which application threads were stopped: 0.0000416 seconds, Stopping threads took: 0.0000084 seconds
[2019-12-09T02:33:32.506+0000][1][safepoint    ] Application time: 0.0000371 seconds
[2019-12-09T02:33:32.506+0000][1][safepoint    ] Entering safepoint region: RevokeBias
[2019-12-09T02:33:32.506+0000][1][safepoint    ] Leaving safepoint region
[2019-12-09T02:33:32.506+0000][1][safepoint    ] Total time for which application threads were stopped: 0.0000404 seconds, Stopping threads took: 0.0000088 seconds
[2019-12-09T02:33:32.510+0000][1][safepoint    ] Application time: 0.0036579 seconds
[2019-12-09T02:33:32.510+0000][1][safepoint    ] Entering safepoint region: RevokeBias
[2019-12-09T02:33:32.510+0000][1][safepoint    ] Leaving safepoint region
[2019-12-09T02:33:32.510+0000][1][safepoint    ] Total time for which application threads were stopped: 0.0000644 seconds, Stopping threads took: 0.0000124 seconds
[2019-12-09T02:33:32.513+0000][1][safepoint    ] Application time: 0.0028105 seconds
[2019-12-09T02:33:32.554+0000][1][safepoint    ] Entering safepoint region: RevokeBias
[2019-12-09T02:33:32.554+0000][1][safepoint    ] Leaving safepoint region
[2019-12-09T02:33:32.554+0000][1][safepoint    ] Total time for which application threads were stopped: 0.0411285 seconds, Stopping threads took: 0.0410502 seconds
[2019-12-09T02:33:32.557+0000][1][safepoint    ] Application time: 0.0027646 seconds
[2019-12-09T02:33:32.557+0000][1][safepoint    ] Entering safepoint region: RevokeBias
[2019-12-09T02:33:32.557+0000][1][safepoint    ] Leaving safepoint region
[2019-12-09T02:33:32.557+0000][1][safepoint    ] Total time for which application threads were stopped: 0.0000923 seconds, Stopping threads took: 0.0000131 seconds
[2019-12-09T02:33:32.557+0000][1][safepoint    ] Application time: 0.0001775 seconds
[2019-12-09T02:33:32.557+0000][1][safepoint    ] Entering safepoint region: RevokeBias
[2019-12-09T02:33:32.557+0000][1][safepoint    ] Leaving safepoint region
[2019-12-09T02:33:32.557+0000][1][safepoint    ] Total time for which application threads were stopped: 0.0000533 seconds, Stopping threads took: 0.0000098 seconds
[2019-12-09T02:33:32.557+0000][1][safepoint    ] Application time: 0.0003163 seconds
[2019-12-09T02:33:32.557+0000][1][safepoint    ] Entering safepoint region: RevokeBias
[2019-12-09T02:33:32.557+0000][1][safepoint    ] Leaving safepoint region
[2019-12-09T02:33:32.557+0000][1][safepoint    ] Total time for which application threads were stopped: 0.0000602 seconds, Stopping threads took: 0.0000114 seconds
[2019-12-09T02:33:32.560+0000][1][safepoint    ] Application time: 0.0024039 seconds
[2019-12-09T02:33:32.560+0000][1][safepoint    ] Entering safepoint region: RevokeBias
[2019-12-09T02:33:32.560+0000][1][safepoint    ] Leaving safepoint region
[2019-12-09T02:33:32.560+0000][1][safepoint    ] Total time for which application threads were stopped: 0.0000561 seconds, Stopping threads took: 0.0000125 seconds
[2019-12-09T02:33:32.561+0000][1][safepoint    ] Application time: 0.0007458 seconds
[2019-12-09T02:33:32.561+0000][1][safepoint    ] Entering safepoint region: RevokeBias
[2019-12-09T02:33:32.561+0000][1][safepoint    ] Leaving safepoint region
[2019-12-09T02:33:32.561+0000][1][safepoint    ] Total time for which application threads were stopped: 0.0000824 seconds, Stopping threads took: 0.0000117 seconds
[2019-12-09T02:33:32.561+0000][1][safepoint    ] Application time: 0.0007112 seconds
[2019-12-09T02:33:32.561+0000][1][safepoint    ] Entering safepoint region: RevokeBias
[2019-12-09T02:33:32.562+0000][1][safepoint    ] Leaving safepoint region
[2019-12-09T02:33:32.562+0000][1][safepoint    ] Total time for which application threads were stopped: 0.0000725 seconds, Stopping threads took: 0.0000124 seconds
[2019-12-09T02:33:32.562+0000][1][safepoint    ] Application time: 0.0008405 seconds
[2019-12-09T02:33:32.562+0000][1][safepoint    ] Entering safepoint region: RevokeBias
[2019-12-09T02:33:32.562+0000][1][safepoint    ] Leaving safepoint region
[2019-12-09T02:33:32.562+0000][1][safepoint    ] Total time for which application threads were stopped: 0.0000541 seconds, Stopping threads took: 0.0000130 seconds
[2019-12-09T02:33:32.563+0000][1][safepoint    ] Application time: 0.0000517 seconds
[2019-12-09T02:33:32.563+0000][1][safepoint    ] Entering safepoint region: RevokeBias
[2019-12-09T02:33:32.563+0000][1][safepoint    ] Leaving safepoint region
[2019-12-09T02:33:32.563+0000][1][safepoint    ] Total time for which application threads were stopped: 0.0000435 seconds, Stopping threads took: 0.0000092 seconds
[2019-12-09T02:33:32.563+0000][1][safepoint    ] Application time: 0.0000395 seconds
[2019-12-09T02:33:32.563+0000][1][safepoint    ] Entering safepoint region: RevokeBias
[2019-12-09T02:33:32.563+0000][1][safepoint    ] Leaving safepoint region
[2019-12-09T02:33:32.563+0000][1][safepoint    ] Total time for which application threads were stopped: 0.0000598 seconds, Stopping threads took: 0.0000095 seconds
[2019-12-09T02:33:32.622+0000][1][safepoint    ] Application time: 0.0597743 seconds
[2019-12-09T02:33:32.623+0000][1][safepoint    ] Entering safepoint region: BulkRevokeBias
[2019-12-09T02:33:32.623+0000][1][safepoint    ] Leaving safepoint region
[2019-12-09T02:33:32.623+0000][1][safepoint    ] Total time for which application threads were stopped: 0.0003266 seconds, Stopping threads took: 0.0000160 seconds
[2019-12-09T02:33:32.623+0000][1][safepoint    ] Application time: 0.0001719 seconds
[2019-12-09T02:33:32.623+0000][1][safepoint    ] Entering safepoint region: RevokeBias
[2019-12-09T02:33:32.623+0000][1][safepoint    ] Leaving safepoint region
[2019-12-09T02:33:32.623+0000][1][safepoint    ] Total time for which application threads were stopped: 0.0000623 seconds, Stopping threads took: 0.0000118 seconds
[2019-12-09T02:33:32.641+0000][1][safepoint    ] Application time: 0.0175640 seconds
[2019-12-09T02:33:32.641+0000][1][safepoint    ] Entering safepoint region: RevokeBias
[2019-12-09T02:33:32.641+0000][1][safepoint    ] Leaving safepoint region
[2019-12-09T02:33:32.641+0000][1][safepoint    ] Total time for which application threads were stopped: 0.0000984 seconds, Stopping threads took: 0.0000483 seconds
[2019-12-09T02:33:33.522+0000][1][safepoint    ] Application time: 0.8808994 seconds
[2019-12-09T02:33:33.594+0000][1][safepoint    ] Entering safepoint region: RevokeBias
[2019-12-09T02:33:33.594+0000][1][safepoint    ] Leaving safepoint region
[2019-12-09T02:33:33.594+0000][1][safepoint    ] Total time for which application threads were stopped: 0.0726437 seconds, Stopping threads took: 0.0725412 seconds
[2019-12-09T02:33:33.595+0000][1][safepoint    ] Application time: 0.0004329 seconds
[2019-12-09T02:33:33.595+0000][1][safepoint    ] Entering safepoint region: RevokeBias
[2019-12-09T02:33:33.595+0000][1][safepoint    ] Leaving safepoint region
[2019-12-09T02:33:33.595+0000][1][safepoint    ] Total time for which application threads were stopped: 0.0000848 seconds, Stopping threads took: 0.0000149 seconds
[2019-12-09T02:33:33.640+0000][1][safepoint    ] Application time: 0.0448810 seconds
[2019-12-09T02:33:33.640+0000][1][safepoint    ] Entering safepoint region: RevokeBias
[2019-12-09T02:33:33.640+0000][1][safepoint    ] Leaving safepoint region
[2019-12-09T02:33:33.640+0000][1][safepoint    ] Total time for which application threads were stopped: 0.0001293 seconds, Stopping threads took: 0.0000553 seconds
[2019-12-09T02:33:33.643+0000][1][safepoint    ] Application time: 0.0033234 seconds
[2019-12-09T02:33:33.649+0000][1][safepoint    ] Entering safepoint region: RevokeBias
[2019-12-09T02:33:33.649+0000][1][safepoint    ] Leaving safepoint region
[2019-12-09T02:33:33.649+0000][1][safepoint    ] Total time for which application threads were stopped: 0.0055471 seconds, Stopping threads took: 0.0054698 seconds
[2019-12-09T02:33:33.658+0000][1][safepoint    ] Application time: 0.0093247 seconds
[2019-12-09T02:33:33.658+0000][1][safepoint    ] Entering safepoint region: BulkRevokeBias
[2019-12-09T02:33:33.659+0000][1][safepoint    ] Leaving safepoint region
[2019-12-09T02:33:33.659+0000][1][safepoint    ] Total time for which application threads were stopped: 0.0003879 seconds, Stopping threads took: 0.0000449 seconds
[2019-12-09T02:33:33.660+0000][1][safepoint    ] Application time: 0.0009785 seconds
[2019-12-09T02:33:33.660+0000][1][safepoint    ] Entering safepoint region: RevokeBias
[2019-12-09T02:33:33.660+0000][1][safepoint    ] Leaving safepoint region
[2019-12-09T02:33:33.660+0000][1][safepoint    ] Total time for which application threads were stopped: 0.0000828 seconds, Stopping threads took: 0.0000115 seconds
[2019-12-09T02:33:33.667+0000][1][safepoint    ] Application time: 0.0072439 seconds
[2019-12-09T02:33:33.668+0000][1][safepoint    ] Entering safepoint region: RevokeBias
[2019-12-09T02:33:33.669+0000][1][safepoint    ] Leaving safepoint region
[2019-12-09T02:33:33.669+0000][1][safepoint    ] Total time for which application threads were stopped: 0.0015548 seconds, Stopping threads took: 0.0014891 seconds
[2019-12-09T02:33:33.691+0000][1][safepoint    ] Application time: 0.0221616 seconds
[2019-12-09T02:33:33.693+0000][1][safepoint    ] Entering safepoint region: RevokeBias
[2019-12-09T02:33:33.693+0000][1][safepoint    ] Leaving safepoint region
[2019-12-09T02:33:33.693+0000][1][safepoint    ] Total time for which application threads were stopped: 0.0020790 seconds, Stopping threads took: 0.0019873 seconds
[2019-12-09T02:33:33.693+0000][1][safepoint    ] Application time: 0.0006098 seconds
[2019-12-09T02:33:33.693+0000][1][safepoint    ] Entering safepoint region: RevokeBias
[2019-12-09T02:33:33.694+0000][1][safepoint    ] Leaving safepoint region
[2019-12-09T02:33:33.694+0000][1][safepoint    ] Total time for which application threads were stopped: 0.0000801 seconds, Stopping threads took: 0.0000114 seconds
[2019-12-09T02:33:33.704+0000][1][safepoint    ] Application time: 0.0105920 seconds
[2019-12-09T02:33:33.704+0000][1][safepoint    ] Entering safepoint region: RevokeBias
[2019-12-09T02:33:33.704+0000][1][safepoint    ] Leaving safepoint region
[2019-12-09T02:33:33.704+0000][1][safepoint    ] Total time for which application threads were stopped: 0.0001614 seconds, Stopping threads took: 0.0000978 seconds
[2019-12-09T02:33:33.719+0000][1][safepoint    ] Application time: 0.0149098 seconds
[2019-12-09T02:33:33.724+0000][1][safepoint    ] Entering safepoint region: RevokeBias
[2019-12-09T02:33:33.724+0000][1][safepoint    ] Leaving safepoint region
[2019-12-09T02:33:33.724+0000][1][safepoint    ] Total time for which application threads were stopped: 0.0045358 seconds, Stopping threads took: 0.0044881 seconds
[2019-12-09T02:33:33.725+0000][1][safepoint    ] Application time: 0.0010731 seconds
[2019-12-09T02:33:33.725+0000][1][safepoint    ] Entering safepoint region: RevokeBias
[2019-12-09T02:33:33.725+0000][1][safepoint    ] Leaving safepoint region
[2019-12-09T02:33:33.725+0000][1][safepoint    ] Total time for which application threads were stopped: 0.0000659 seconds, Stopping threads took: 0.0000120 seconds
[2019-12-09T02:33:33.725+0000][1][safepoint    ] Application time: 0.0000470 seconds
[2019-12-09T02:33:33.725+0000][1][safepoint    ] Entering safepoint region: RevokeBias
[2019-12-09T02:33:33.725+0000][1][safepoint    ] Leaving safepoint region
[2019-12-09T02:33:33.725+0000][1][safepoint    ] Total time for which application threads were stopped: 0.0000423 seconds, Stopping threads took: 0.0000085 seconds
[2019-12-09T02:33:33.725+0000][1][safepoint    ] Application time: 0.0003909 seconds
[2019-12-09T02:33:33.725+0000][1][safepoint    ] Entering safepoint region: RevokeBias
[2019-12-09T02:33:33.726+0000][1][safepoint    ] Leaving safepoint region
[2019-12-09T02:33:33.726+0000][1][safepoint    ] Total time for which application threads were stopped: 0.0000518 seconds, Stopping threads took: 0.0000111 seconds
[2019-12-09T02:33:33.892+0000][1][safepoint    ] Application time: 0.1661097 seconds
[2019-12-09T02:33:33.892+0000][1][safepoint    ] Entering safepoint region: RevokeBias
[2019-12-09T02:33:33.892+0000][1][safepoint    ] Leaving safepoint region
[2019-12-09T02:33:33.892+0000][1][safepoint    ] Total time for which application threads were stopped: 0.0001171 seconds, Stopping threads took: 0.0000332 seconds
[2019-12-09T02:33:33.892+0000][1][safepoint    ] Application time: 0.0003453 seconds
[2019-12-09T02:33:33.892+0000][1][safepoint    ] Entering safepoint region: RevokeBias
[2019-12-09T02:33:33.892+0000][1][safepoint    ] Leaving safepoint region
[2019-12-09T02:33:33.892+0000][1][safepoint    ] Total time for which application threads were stopped: 0.0000612 seconds, Stopping threads took: 0.0000124 seconds
[2019-12-09T02:33:34.479+0000][1][safepoint    ] Application time: 0.5869859 seconds
[2019-12-09T02:33:34.488+0000][1][safepoint    ] Entering safepoint region: RevokeBias
[2019-12-09T02:33:34.488+0000][1][safepoint    ] Leaving safepoint region
[2019-12-09T02:33:34.488+0000][1][safepoint    ] Total time for which application threads were stopped: 0.0085951 seconds, Stopping threads took: 0.0084970 seconds
[2019-12-09T02:33:34.488+0000][1][safepoint    ] Application time: 0.0003912 seconds
[2019-12-09T02:33:34.488+0000][1][safepoint    ] Entering safepoint region: RevokeBias
[2019-12-09T02:33:34.488+0000][1][safepoint    ] Leaving safepoint region
[2019-12-09T02:33:34.488+0000][1][safepoint    ] Total time for which application threads were stopped: 0.0000865 seconds, Stopping threads took: 0.0000134 seconds
[2019-12-09T02:33:34.489+0000][1][safepoint    ] Application time: 0.0006073 seconds
[2019-12-09T02:33:34.489+0000][1][safepoint    ] Entering safepoint region: RevokeBias
[2019-12-09T02:33:34.489+0000][1][safepoint    ] Leaving safepoint region
[2019-12-09T02:33:34.489+0000][1][safepoint    ] Total time for which application threads were stopped: 0.0000739 seconds, Stopping threads took: 0.0000129 seconds
[2019-12-09T02:33:34.491+0000][1][safepoint    ] Application time: 0.0018090 seconds
[2019-12-09T02:33:34.491+0000][1][safepoint    ] Entering safepoint region: RevokeBias
[2019-12-09T02:33:34.491+0000][1][safepoint    ] Leaving safepoint region
[2019-12-09T02:33:34.491+0000][1][safepoint    ] Total time for which application threads were stopped: 0.0000696 seconds, Stopping threads took: 0.0000132 seconds
[2019-12-09T02:33:34.492+0000][1][safepoint    ] Application time: 0.0007843 seconds
[2019-12-09T02:33:34.492+0000][1][safepoint    ] Entering safepoint region: RevokeBias
[2019-12-09T02:33:34.492+0000][1][safepoint    ] Leaving safepoint region
[2019-12-09T02:33:34.492+0000][1][safepoint    ] Total time for which application threads were stopped: 0.0000545 seconds, Stopping threads took: 0.0000105 seconds
[2019-12-09T02:33:34.492+0000][1][safepoint    ] Application time: 0.0002087 seconds
[2019-12-09T02:33:34.492+0000][1][safepoint    ] Entering safepoint region: RevokeBias
[2019-12-09T02:33:34.492+0000][1][safepoint    ] Leaving safepoint region
[2019-12-09T02:33:34.492+0000][1][safepoint    ] Total time for which application threads were stopped: 0.0000572 seconds, Stopping threads took: 0.0000102 seconds
[2019-12-09T02:33:34.492+0000][1][safepoint    ] Application time: 0.0003169 seconds
[2019-12-09T02:33:34.492+0000][1][safepoint    ] Entering safepoint region: RevokeBias
[2019-12-09T02:33:34.493+0000][1][safepoint    ] Leaving safepoint region
[2019-12-09T02:33:34.493+0000][1][safepoint    ] Total time for which application threads were stopped: 0.0000596 seconds, Stopping threads took: 0.0000103 seconds
[2019-12-09T02:33:34.493+0000][1][safepoint    ] Application time: 0.0003189 seconds
[2019-12-09T02:33:34.493+0000][1][safepoint    ] Entering safepoint region: RevokeBias
[2019-12-09T02:33:34.493+0000][1][safepoint    ] Leaving safepoint region
[2019-12-09T02:33:34.493+0000][1][safepoint    ] Total time for which application threads were stopped: 0.0000526 seconds, Stopping threads took: 0.0000108 seconds
[2019-12-09T02:33:34.493+0000][1][safepoint    ] Application time: 0.0000427 seconds
[2019-12-09T02:33:34.493+0000][1][safepoint    ] Entering safepoint region: RevokeBias
[2019-12-09T02:33:34.493+0000][1][safepoint    ] Leaving safepoint region
[2019-12-09T02:33:34.493+0000][1][safepoint    ] Total time for which application threads were stopped: 0.0000413 seconds, Stopping threads took: 0.0000084 seconds
[2019-12-09T02:33:34.493+0000][1][safepoint    ] Application time: 0.0000357 seconds
[2019-12-09T02:33:34.493+0000][1][safepoint    ] Entering safepoint region: RevokeBias
[2019-12-09T02:33:34.493+0000][1][safepoint    ] Leaving safepoint region
[2019-12-09T02:33:34.493+0000][1][safepoint    ] Total time for which application threads were stopped: 0.0000405 seconds, Stopping threads took: 0.0000084 seconds
[2019-12-09T02:33:34.517+0000][1][safepoint    ] Application time: 0.0237416 seconds
[2019-12-09T02:33:34.517+0000][1][safepoint    ] Entering safepoint region: RevokeBias
[2019-12-09T02:33:34.517+0000][1][safepoint    ] Leaving safepoint region
[2019-12-09T02:33:34.517+0000][1][safepoint    ] Total time for which application threads were stopped: 0.0000685 seconds, Stopping threads took: 0.0000112 seconds
[2019-12-09T02:33:34.517+0000][1][safepoint    ] Application time: 0.0001605 seconds
[2019-12-09T02:33:34.517+0000][1][safepoint    ] Entering safepoint region: RevokeBias
[2019-12-09T02:33:34.517+0000][1][safepoint    ] Leaving safepoint region
[2019-12-09T02:33:34.517+0000][1][safepoint    ] Total time for which application threads were stopped: 0.0000539 seconds, Stopping threads took: 0.0000087 seconds
[2019-12-09T02:33:34.551+0000][1][safepoint    ] Application time: 0.0336477 seconds
[2019-12-09T02:33:34.551+0000][1][safepoint    ] Entering safepoint region: RevokeBias
[2019-12-09T02:33:34.551+0000][1][safepoint    ] Leaving safepoint region
[2019-12-09T02:33:34.551+0000][1][safepoint    ] Total time for which application threads were stopped: 0.0000648 seconds, Stopping threads took: 0.0000127 seconds
[2019-12-09T02:33:34.618+0000][1][safepoint    ] Application time: 0.0669387 seconds
[2019-12-09T02:33:34.618+0000][1][safepoint    ] Entering safepoint region: RevokeBias
[2019-12-09T02:33:34.618+0000][1][safepoint    ] Leaving safepoint region
[2019-12-09T02:33:34.618+0000][1][safepoint    ] Total time for which application threads were stopped: 0.0000851 seconds, Stopping threads took: 0.0000180 seconds
[2019-12-09T02:33:34.664+0000][1][safepoint    ] Application time: 0.0463888 seconds
[2019-12-09T02:33:34.664+0000][1][safepoint    ] Entering safepoint region: RevokeBias
[2019-12-09T02:33:34.664+0000][1][safepoint    ] Leaving safepoint region
[2019-12-09T02:33:34.664+0000][1][safepoint    ] Total time for which application threads were stopped: 0.0000805 seconds, Stopping threads took: 0.0000178 seconds
[2019-12-09T02:33:34.665+0000][1][safepoint    ] Application time: 0.0003742 seconds
[2019-12-09T02:33:34.665+0000][1][safepoint    ] Entering safepoint region: RevokeBias
[2019-12-09T02:33:34.665+0000][1][safepoint    ] Leaving safepoint region
[2019-12-09T02:33:34.665+0000][1][safepoint    ] Total time for which application threads were stopped: 0.0000729 seconds, Stopping threads took: 0.0000135 seconds
[2019-12-09T02:33:34.729+0000][1][safepoint    ] Application time: 0.0641032 seconds
[2019-12-09T02:33:34.729+0000][1][safepoint    ] Entering safepoint region: RevokeBias
[2019-12-09T02:33:34.729+0000][1][safepoint    ] Leaving safepoint region
[2019-12-09T02:33:34.729+0000][1][safepoint    ] Total time for which application threads were stopped: 0.0000801 seconds, Stopping threads took: 0.0000178 seconds
[2019-12-09T02:33:34.729+0000][1][safepoint    ] Application time: 0.0002543 seconds
[2019-12-09T02:33:34.729+0000][1][safepoint    ] Entering safepoint region: RevokeBias
[2019-12-09T02:33:34.730+0000][1][safepoint    ] Leaving safepoint region
[2019-12-09T02:33:34.730+0000][1][safepoint    ] Total time for which application threads were stopped: 0.0000579 seconds, Stopping threads took: 0.0000121 seconds
[2019-12-09T02:33:34.882+0000][1][safepoint    ] Application time: 0.1527313 seconds
[2019-12-09T02:33:34.882+0000][1][safepoint    ] Entering safepoint region: RevokeBias
[2019-12-09T02:33:34.882+0000][1][safepoint    ] Leaving safepoint region
[2019-12-09T02:33:34.882+0000][1][safepoint    ] Total time for which application threads were stopped: 0.0000880 seconds, Stopping threads took: 0.0000173 seconds
[2019-12-09T02:33:34.883+0000][1][safepoint    ] Application time: 0.0003817 seconds
[2019-12-09T02:33:34.883+0000][1][safepoint    ] Entering safepoint region: RevokeBias
[2019-12-09T02:33:34.883+0000][1][safepoint    ] Leaving safepoint region
[2019-12-09T02:33:34.883+0000][1][safepoint    ] Total time for which application threads were stopped: 0.0000615 seconds, Stopping threads took: 0.0000121 seconds
[2019-12-09T02:33:35.557+0000][1][safepoint    ] Application time: 0.6738382 seconds
[2019-12-09T02:33:35.569+0000][1][safepoint    ] Entering safepoint region: RevokeBias
[2019-12-09T02:33:35.569+0000][1][safepoint    ] Leaving safepoint region
[2019-12-09T02:33:35.569+0000][1][safepoint    ] Total time for which application threads were stopped: 0.0121035 seconds, Stopping threads took: 0.0119990 seconds
[2019-12-09T02:33:35.578+0000][1][safepoint    ] Application time: 0.0093308 seconds
[2019-12-09T02:33:35.617+0000][1][safepoint    ] Entering safepoint region: RevokeBias
[2019-12-09T02:33:35.618+0000][1][safepoint    ] Leaving safepoint region
[2019-12-09T02:33:35.618+0000][1][safepoint    ] Total time for which application threads were stopped: 0.0394044 seconds, Stopping threads took: 0.0392627 seconds
[2019-12-09T02:33:35.619+0000][1][safepoint    ] Application time: 0.0012041 seconds
[2019-12-09T02:33:35.619+0000][1][safepoint    ] Entering safepoint region: RevokeBias
[2019-12-09T02:33:35.619+0000][1][safepoint    ] Leaving safepoint region
[2019-12-09T02:33:35.619+0000][1][safepoint    ] Total time for which application threads were stopped: 0.0000812 seconds, Stopping threads took: 0.0000147 seconds
[2019-12-09T02:33:35.620+0000][1][safepoint    ] Application time: 0.0010687 seconds
[2019-12-09T02:33:35.620+0000][1][safepoint    ] Entering safepoint region: RevokeBias
[2019-12-09T02:33:35.620+0000][1][safepoint    ] Leaving safepoint region
[2019-12-09T02:33:35.620+0000][1][safepoint    ] Total time for which application threads were stopped: 0.0000592 seconds, Stopping threads took: 0.0000113 seconds
[2019-12-09T02:33:35.620+0000][1][safepoint    ] Application time: 0.0000962 seconds
[2019-12-09T02:33:35.620+0000][1][safepoint    ] Entering safepoint region: RevokeBias
[2019-12-09T02:33:35.620+0000][1][safepoint    ] Leaving safepoint region
[2019-12-09T02:33:35.620+0000][1][safepoint    ] Total time for which application threads were stopped: 0.0000513 seconds, Stopping threads took: 0.0000095 seconds
[2019-12-09T02:33:35.631+0000][1][safepoint    ] Application time: 0.0104806 seconds
[2019-12-09T02:33:35.631+0000][1][safepoint    ] Entering safepoint region: RevokeBias
[2019-12-09T02:33:35.631+0000][1][safepoint    ] Leaving safepoint region
[2019-12-09T02:33:35.631+0000][1][safepoint    ] Total time for which application threads were stopped: 0.0001256 seconds, Stopping threads took: 0.0000753 seconds
[2019-12-09T02:33:35.674+0000][1][safepoint    ] Application time: 0.0428498 seconds
[2019-12-09T02:33:35.674+0000][1][safepoint    ] Entering safepoint region: RevokeBias
[2019-12-09T02:33:35.674+0000][1][safepoint    ] Leaving safepoint region
[2019-12-09T02:33:35.674+0000][1][safepoint    ] Total time for which application threads were stopped: 0.0001495 seconds, Stopping threads took: 0.0000709 seconds
[2019-12-09T02:33:35.675+0000][1][safepoint    ] Application time: 0.0008343 seconds
[2019-12-09T02:33:35.675+0000][1][safepoint    ] Entering safepoint region: RevokeBias
[2019-12-09T02:33:35.675+0000][1][safepoint    ] Leaving safepoint region
[2019-12-09T02:33:35.675+0000][1][safepoint    ] Total time for which application threads were stopped: 0.0000744 seconds, Stopping threads took: 0.0000135 seconds
[2019-12-09T02:33:35.675+0000][1][safepoint    ] Application time: 0.0001872 seconds
[2019-12-09T02:33:35.675+0000][1][safepoint    ] Entering safepoint region: RevokeBias
[2019-12-09T02:33:35.675+0000][1][safepoint    ] Leaving safepoint region
[2019-12-09T02:33:35.675+0000][1][safepoint    ] Total time for which application threads were stopped: 0.0000622 seconds, Stopping threads took: 0.0000106 seconds
[2019-12-09T02:33:35.676+0000][1][safepoint    ] Application time: 0.0007263 seconds
[2019-12-09T02:33:35.676+0000][1][safepoint    ] Entering safepoint region: BulkRevokeBias
[2019-12-09T02:33:35.676+0000][1][safepoint    ] Leaving safepoint region
[2019-12-09T02:33:35.676+0000][1][safepoint    ] Total time for which application threads were stopped: 0.0004029 seconds, Stopping threads took: 0.0000163 seconds
[2019-12-09T02:33:35.678+0000][1][safepoint    ] Application time: 0.0018822 seconds
[2019-12-09T02:33:35.678+0000][1][safepoint    ] Entering safepoint region: RevokeBias
[2019-12-09T02:33:35.678+0000][1][safepoint    ] Leaving safepoint region
[2019-12-09T02:33:35.678+0000][1][safepoint    ] Total time for which application threads were stopped: 0.0000641 seconds, Stopping threads took: 0.0000124 seconds
[2019-12-09T02:33:35.679+0000][1][safepoint    ] Application time: 0.0004282 seconds
[2019-12-09T02:33:35.679+0000][1][safepoint    ] Entering safepoint region: BulkRevokeBias
[2019-12-09T02:33:35.679+0000][1][safepoint    ] Leaving safepoint region
[2019-12-09T02:33:35.679+0000][1][safepoint    ] Total time for which application threads were stopped: 0.0003115 seconds, Stopping threads took: 0.0000124 seconds
[2019-12-09T02:33:35.713+0000][1][safepoint    ] Application time: 0.0343974 seconds
[2019-12-09T02:33:35.713+0000][1][safepoint    ] Entering safepoint region: RevokeBias
[2019-12-09T02:33:35.714+0000][1][safepoint    ] Leaving safepoint region
[2019-12-09T02:33:35.714+0000][1][safepoint    ] Total time for which application threads were stopped: 0.0000758 seconds, Stopping threads took: 0.0000148 seconds
[2019-12-09T02:33:35.749+0000][1][safepoint    ] Application time: 0.0353768 seconds
[2019-12-09T02:33:35.749+0000][1][safepoint    ] Entering safepoint region: RevokeBias
[2019-12-09T02:33:35.749+0000][1][safepoint    ] Leaving safepoint region
[2019-12-09T02:33:35.749+0000][1][safepoint    ] Total time for which application threads were stopped: 0.0000851 seconds, Stopping threads took: 0.0000182 seconds
[2019-12-09T02:33:35.755+0000][1][safepoint    ] Application time: 0.0055793 seconds
[2019-12-09T02:33:35.755+0000][1][safepoint    ] Entering safepoint region: BulkRevokeBias
[2019-12-09T02:33:35.755+0000][1][safepoint    ] Leaving safepoint region
[2019-12-09T02:33:35.755+0000][1][safepoint    ] Total time for which application threads were stopped: 0.0008182 seconds, Stopping threads took: 0.0000151 seconds
[2019-12-09T02:33:35.834+0000][1][safepoint    ] Application time: 0.0782965 seconds
[2019-12-09T02:33:35.834+0000][1][safepoint    ] Entering safepoint region: RevokeBias
[2019-12-09T02:33:35.834+0000][1][safepoint    ] Leaving safepoint region
[2019-12-09T02:33:35.834+0000][1][safepoint    ] Total time for which application threads were stopped: 0.0000984 seconds, Stopping threads took: 0.0000180 seconds
[2019-12-09T02:33:36.499+0000][1][safepoint    ] Application time: 0.6646787 seconds
[2019-12-09T02:33:36.513+0000][1][safepoint    ] Entering safepoint region: RevokeBias
[2019-12-09T02:33:36.513+0000][1][safepoint    ] Leaving safepoint region
[2019-12-09T02:33:36.513+0000][1][safepoint    ] Total time for which application threads were stopped: 0.0141884 seconds, Stopping threads took: 0.0141044 seconds
[2019-12-09T02:33:36.513+0000][1][safepoint    ] Application time: 0.0005448 seconds
[2019-12-09T02:33:36.513+0000][1][safepoint    ] Entering safepoint region: RevokeBias
[2019-12-09T02:33:36.513+0000][1][safepoint    ] Leaving safepoint region
[2019-12-09T02:33:36.513+0000][1][safepoint    ] Total time for which application threads were stopped: 0.0000828 seconds, Stopping threads took: 0.0000165 seconds
[2019-12-09T02:33:36.523+0000][1][safepoint    ] Application time: 0.0093517 seconds
[2019-12-09T02:33:36.525+0000][1][safepoint    ] Entering safepoint region: RevokeBias
[2019-12-09T02:33:36.525+0000][1][safepoint    ] Leaving safepoint region
[2019-12-09T02:33:36.525+0000][1][safepoint    ] Total time for which application threads were stopped: 0.0019624 seconds, Stopping threads took: 0.0018837 seconds
[2019-12-09T02:33:36.525+0000][1][safepoint    ] Application time: 0.0004985 seconds
[2019-12-09T02:33:36.525+0000][1][safepoint    ] Entering safepoint region: RevokeBias
[2019-12-09T02:33:36.525+0000][1][safepoint    ] Leaving safepoint region
[2019-12-09T02:33:36.525+0000][1][safepoint    ] Total time for which application threads were stopped: 0.0000826 seconds, Stopping threads took: 0.0000142 seconds
[2019-12-09T02:33:36.531+0000][1][safepoint    ] Application time: 0.0057781 seconds
[2019-12-09T02:33:36.531+0000][1][safepoint    ] Entering safepoint region: RevokeBias
[2019-12-09T02:33:36.531+0000][1][safepoint    ] Leaving safepoint region
[2019-12-09T02:33:36.531+0000][1][safepoint    ] Total time for which application threads were stopped: 0.0001105 seconds, Stopping threads took: 0.0000553 seconds
[2019-12-09T02:33:36.532+0000][1][safepoint    ] Application time: 0.0004227 seconds
[2019-12-09T02:33:36.532+0000][1][safepoint    ] Entering safepoint region: RevokeBias
[2019-12-09T02:33:36.532+0000][1][safepoint    ] Leaving safepoint region
[2019-12-09T02:33:36.532+0000][1][safepoint    ] Total time for which application threads were stopped: 0.0000642 seconds, Stopping threads took: 0.0000135 seconds
[2019-12-09T02:33:36.541+0000][1][safepoint    ] Application time: 0.0092398 seconds
[2019-12-09T02:33:36.541+0000][1][safepoint    ] Entering safepoint region: RevokeBias
[2019-12-09T02:33:36.541+0000][1][safepoint    ] Leaving safepoint region
[2019-12-09T02:33:36.541+0000][1][safepoint    ] Total time for which application threads were stopped: 0.0001040 seconds, Stopping threads took: 0.0000564 seconds
[2019-12-09T02:33:36.555+0000][1][safepoint    ] Application time: 0.0135242 seconds
[2019-12-09T02:33:36.555+0000][1][safepoint    ] Entering safepoint region: RevokeBias
[2019-12-09T02:33:36.555+0000][1][safepoint    ] Leaving safepoint region
[2019-12-09T02:33:36.555+0000][1][safepoint    ] Total time for which application threads were stopped: 0.0001662 seconds, Stopping threads took: 0.0000974 seconds
[2019-12-09T02:33:36.561+0000][1][safepoint    ] Application time: 0.0063859 seconds
[2019-12-09T02:33:36.561+0000][1][safepoint    ] Entering safepoint region: RevokeBias
[2019-12-09T02:33:36.561+0000][1][safepoint    ] Leaving safepoint region
[2019-12-09T02:33:36.561+0000][1][safepoint    ] Total time for which application threads were stopped: 0.0001047 seconds, Stopping threads took: 0.0000544 seconds
[2019-12-09T02:33:36.715+0000][1][safepoint    ] Application time: 0.1534373 seconds
[2019-12-09T02:33:36.715+0000][1][safepoint    ] Entering safepoint region: RevokeBias
[2019-12-09T02:33:36.715+0000][1][safepoint    ] Leaving safepoint region
[2019-12-09T02:33:36.715+0000][1][safepoint    ] Total time for which application threads were stopped: 0.0003949 seconds, Stopping threads took: 0.0000705 seconds
[2019-12-09T02:33:36.717+0000][1][safepoint    ] Application time: 0.0019064 seconds
[2019-12-09T02:33:36.717+0000][1][safepoint    ] Entering safepoint region: RevokeBias
[2019-12-09T02:33:36.717+0000][1][safepoint    ] Leaving safepoint region
[2019-12-09T02:33:36.717+0000][1][safepoint    ] Total time for which application threads were stopped: 0.0001019 seconds, Stopping threads took: 0.0000153 seconds
[2019-12-09T02:33:36.718+0000][1][safepoint    ] Application time: 0.0003776 seconds
[2019-12-09T02:33:36.718+0000][1][safepoint    ] Entering safepoint region: RevokeBias
[2019-12-09T02:33:36.718+0000][1][safepoint    ] Leaving safepoint region
[2019-12-09T02:33:36.718+0000][1][safepoint    ] Total time for which application threads were stopped: 0.0000789 seconds, Stopping threads took: 0.0000130 seconds
[2019-12-09T02:33:36.718+0000][1][safepoint    ] Application time: 0.0002008 seconds
[2019-12-09T02:33:36.718+0000][1][safepoint    ] Entering safepoint region: RevokeBias
[2019-12-09T02:33:36.718+0000][1][safepoint    ] Leaving safepoint region
[2019-12-09T02:33:36.718+0000][1][safepoint    ] Total time for which application threads were stopped: 0.0000705 seconds, Stopping threads took: 0.0000108 seconds
[2019-12-09T02:33:36.719+0000][1][safepoint    ] Application time: 0.0004308 seconds
[2019-12-09T02:33:36.719+0000][1][safepoint    ] Entering safepoint region: RevokeBias
[2019-12-09T02:33:36.719+0000][1][safepoint    ] Leaving safepoint region
[2019-12-09T02:33:36.719+0000][1][safepoint    ] Total time for which application threads were stopped: 0.0001017 seconds, Stopping threads took: 0.0000127 seconds
[2019-12-09T02:33:36.720+0000][1][safepoint    ] Application time: 0.0012730 seconds
[2019-12-09T02:33:36.720+0000][1][safepoint    ] Entering safepoint region: RevokeBias
[2019-12-09T02:33:36.720+0000][1][safepoint    ] Leaving safepoint region
[2019-12-09T02:33:36.720+0000][1][safepoint    ] Total time for which application threads were stopped: 0.0000661 seconds, Stopping threads took: 0.0000120 seconds
[2019-12-09T02:33:36.720+0000][1][safepoint    ] Application time: 0.0002007 seconds
[2019-12-09T02:33:36.720+0000][1][safepoint    ] Entering safepoint region: RevokeBias
[2019-12-09T02:33:36.720+0000][1][safepoint    ] Leaving safepoint region
[2019-12-09T02:33:36.720+0000][1][safepoint    ] Total time for which application threads were stopped: 0.0000645 seconds, Stopping threads took: 0.0000106 seconds
[2019-12-09T02:33:36.738+0000][1][safepoint    ] Application time: 0.0172505 seconds
[2019-12-09T02:33:36.738+0000][1][safepoint    ] Entering safepoint region: RevokeBias
[2019-12-09T02:33:36.738+0000][1][safepoint    ] Leaving safepoint region
[2019-12-09T02:33:36.738+0000][1][safepoint    ] Total time for which application threads were stopped: 0.0000850 seconds, Stopping threads took: 0.0000306 seconds
[2019-12-09T02:33:37.490+0000][1][safepoint    ] Application time: 0.7520630 seconds
[2019-12-09T02:33:37.490+0000][1][safepoint    ] Entering safepoint region: RevokeBias
[2019-12-09T02:33:37.490+0000][1][safepoint    ] Leaving safepoint region
[2019-12-09T02:33:37.490+0000][1][safepoint    ] Total time for which application threads were stopped: 0.0002289 seconds, Stopping threads took: 0.0001119 seconds
[2019-12-09T02:33:37.518+0000][1][safepoint    ] Application time: 0.0279726 seconds
[2019-12-09T02:33:37.518+0000][1][safepoint    ] Entering safepoint region: RevokeBias
[2019-12-09T02:33:37.518+0000][1][safepoint    ] Leaving safepoint region
[2019-12-09T02:33:37.518+0000][1][safepoint    ] Total time for which application threads were stopped: 0.0001674 seconds, Stopping threads took: 0.0000882 seconds
[2019-12-09T02:33:37.522+0000][1][safepoint    ] Application time: 0.0036981 seconds
[2019-12-09T02:33:37.522+0000][1][safepoint    ] Entering safepoint region: BulkRevokeBias
[2019-12-09T02:33:37.522+0000][1][safepoint    ] Leaving safepoint region
[2019-12-09T02:33:37.522+0000][1][safepoint    ] Total time for which application threads were stopped: 0.0002996 seconds, Stopping threads took: 0.0000140 seconds
[2019-12-09T02:33:37.534+0000][1][safepoint    ] Application time: 0.0114260 seconds
[2019-12-09T02:33:37.534+0000][1][safepoint    ] Entering safepoint region: RevokeBias
[2019-12-09T02:33:37.534+0000][1][safepoint    ] Leaving safepoint region
[2019-12-09T02:33:37.534+0000][1][safepoint    ] Total time for which application threads were stopped: 0.0000746 seconds, Stopping threads took: 0.0000138 seconds
[2019-12-09T02:33:37.540+0000][1][safepoint    ] Application time: 0.0065473 seconds
[2019-12-09T02:33:37.540+0000][1][safepoint    ] Entering safepoint region: RevokeBias
[2019-12-09T02:33:37.540+0000][1][safepoint    ] Leaving safepoint region
[2019-12-09T02:33:37.540+0000][1][safepoint    ] Total time for which application threads were stopped: 0.0000730 seconds, Stopping threads took: 0.0000127 seconds
[2019-12-09T02:33:37.541+0000][1][safepoint    ] Application time: 0.0003004 seconds
[2019-12-09T02:33:37.541+0000][1][safepoint    ] Entering safepoint region: RevokeBias
[2019-12-09T02:33:37.541+0000][1][safepoint    ] Leaving safepoint region
[2019-12-09T02:33:37.541+0000][1][safepoint    ] Total time for which application threads were stopped: 0.0000588 seconds, Stopping threads took: 0.0000105 seconds
[2019-12-09T02:33:38.530+0000][1][safepoint    ] Application time: 0.9887611 seconds
[2019-12-09T02:33:38.530+0000][1][safepoint    ] Entering safepoint region: RevokeBias
[2019-12-09T02:33:38.530+0000][1][safepoint    ] Leaving safepoint region
[2019-12-09T02:33:38.530+0000][1][safepoint    ] Total time for which application threads were stopped: 0.0002139 seconds, Stopping threads took: 0.0001200 seconds
[2019-12-09T02:33:38.534+0000][1][safepoint    ] Application time: 0.0043169 seconds
[2019-12-09T02:33:38.534+0000][1][safepoint    ] Entering safepoint region: RevokeBias
[2019-12-09T02:33:38.534+0000][1][safepoint    ] Leaving safepoint region
[2019-12-09T02:33:38.534+0000][1][safepoint    ] Total time for which application threads were stopped: 0.0001755 seconds, Stopping threads took: 0.0000975 seconds
[2019-12-09T02:33:38.537+0000][1][safepoint    ] Application time: 0.0022308 seconds
[2019-12-09T02:33:38.537+0000][1][safepoint    ] Entering safepoint region: RevokeBias
[2019-12-09T02:33:38.537+0000][1][safepoint    ] Leaving safepoint region
[2019-12-09T02:33:38.537+0000][1][safepoint    ] Total time for which application threads were stopped: 0.0000851 seconds, Stopping threads took: 0.0000308 seconds
[2019-12-09T02:33:38.606+0000][1][safepoint    ] Application time: 0.0697165 seconds
[2019-12-09T02:33:38.607+0000][1][safepoint    ] Entering safepoint region: RevokeBias
[2019-12-09T02:33:38.607+0000][1][safepoint    ] Leaving safepoint region
[2019-12-09T02:33:38.607+0000][1][safepoint    ] Total time for which application threads were stopped: 0.0000901 seconds, Stopping threads took: 0.0000166 seconds
[2019-12-09T02:33:38.648+0000][1][safepoint    ] Application time: 0.0417600 seconds
[2019-12-09T02:33:38.648+0000][1][safepoint    ] Entering safepoint region: RevokeBias
[2019-12-09T02:33:38.648+0000][1][safepoint    ] Leaving safepoint region
[2019-12-09T02:33:38.649+0000][1][safepoint    ] Total time for which application threads were stopped: 0.0001025 seconds, Stopping threads took: 0.0000167 seconds
[2019-12-09T02:33:38.649+0000][1][safepoint    ] Application time: 0.0000850 seconds
[2019-12-09T02:33:38.649+0000][1][safepoint    ] Entering safepoint region: RevokeBias
[2019-12-09T02:33:38.649+0000][1][safepoint    ] Leaving safepoint region
[2019-12-09T02:33:38.649+0000][1][safepoint    ] Total time for which application threads were stopped: 0.0000957 seconds, Stopping threads took: 0.0000111 seconds
[2019-12-09T02:33:39.343+0000][1][safepoint    ] Application time: 0.6943443 seconds
[2019-12-09T02:33:39.391+0000][1][safepoint    ] Entering safepoint region: RevokeBias
[2019-12-09T02:33:39.391+0000][1][safepoint    ] Leaving safepoint region
[2019-12-09T02:33:39.391+0000][1][safepoint    ] Total time for which application threads were stopped: 0.0479116 seconds, Stopping threads took: 0.0477773 seconds
[2019-12-09T02:33:39.391+0000][1][safepoint    ] Application time: 0.0004783 seconds
[2019-12-09T02:33:39.392+0000][1][safepoint    ] Entering safepoint region: RevokeBias
[2019-12-09T02:33:39.392+0000][1][safepoint    ] Leaving safepoint region
[2019-12-09T02:33:39.392+0000][1][safepoint    ] Total time for which application threads were stopped: 0.0000999 seconds, Stopping threads took: 0.0000164 seconds
[2019-12-09T02:33:39.392+0000][1][safepoint    ] Application time: 0.0002102 seconds
[2019-12-09T02:33:39.392+0000][1][safepoint    ] Entering safepoint region: RevokeBias
[2019-12-09T02:33:39.392+0000][1][safepoint    ] Leaving safepoint region
[2019-12-09T02:33:39.392+0000][1][safepoint    ] Total time for which application threads were stopped: 0.0001161 seconds, Stopping threads took: 0.0000500 seconds
[2019-12-09T02:33:39.396+0000][1][safepoint    ] Application time: 0.0036699 seconds
[2019-12-09T02:33:39.397+0000][1][safepoint    ] Entering safepoint region: BulkRevokeBias
[2019-12-09T02:33:39.397+0000][1][safepoint    ] Leaving safepoint region
[2019-12-09T02:33:39.397+0000][1][safepoint    ] Total time for which application threads were stopped: 0.0012969 seconds, Stopping threads took: 0.0009105 seconds
[2019-12-09T02:33:39.407+0000][1][safepoint    ] Application time: 0.0098039 seconds
[2019-12-09T02:33:39.451+0000][1][safepoint    ] Entering safepoint region: RevokeBias
[2019-12-09T02:33:39.451+0000][1][safepoint    ] Leaving safepoint region
[2019-12-09T02:33:39.451+0000][1][safepoint    ] Total time for which application threads were stopped: 0.0441253 seconds, Stopping threads took: 0.0440073 seconds
[2019-12-09T02:33:39.528+0000][1][safepoint    ] Application time: 0.0773391 seconds
[2019-12-09T02:33:39.559+0000][1][safepoint    ] Entering safepoint region: RevokeBias
[2019-12-09T02:33:39.559+0000][1][safepoint    ] Leaving safepoint region
[2019-12-09T02:33:39.559+0000][1][safepoint    ] Total time for which application threads were stopped: 0.0305251 seconds, Stopping threads took: 0.0304297 seconds
[2019-12-09T02:33:39.561+0000][1][safepoint    ] Application time: 0.0023405 seconds
[2019-12-09T02:33:39.561+0000][1][safepoint    ] Entering safepoint region: RevokeBias
[2019-12-09T02:33:39.561+0000][1][safepoint    ] Leaving safepoint region
[2019-12-09T02:33:39.561+0000][1][safepoint    ] Total time for which application threads were stopped: 0.0001243 seconds, Stopping threads took: 0.0000476 seconds
[2019-12-09T02:33:39.772+0000][1][safepoint    ] Application time: 0.2106163 seconds
[2019-12-09T02:33:39.772+0000][1][safepoint    ] Entering safepoint region: RevokeBias
[2019-12-09T02:33:39.772+0000][1][safepoint    ] Leaving safepoint region
[2019-12-09T02:33:39.772+0000][1][safepoint    ] Total time for which application threads were stopped: 0.0001137 seconds, Stopping threads took: 0.0000196 seconds
[2019-12-09T02:33:39.788+0000][1][safepoint    ] Application time: 0.0154232 seconds
[2019-12-09T02:33:39.788+0000][1][safepoint    ] Entering safepoint region: RevokeBias
[2019-12-09T02:33:39.788+0000][1][safepoint    ] Leaving safepoint region
[2019-12-09T02:33:39.788+0000][1][safepoint    ] Total time for which application threads were stopped: 0.0001181 seconds, Stopping threads took: 0.0000174 seconds
[2019-12-09T02:33:39.816+0000][1][safepoint    ] Application time: 0.0280621 seconds
[2019-12-09T02:33:39.816+0000][1][safepoint    ] Entering safepoint region: RevokeBias
[2019-12-09T02:33:39.816+0000][1][safepoint    ] Leaving safepoint region
[2019-12-09T02:33:39.816+0000][1][safepoint    ] Total time for which application threads were stopped: 0.0001151 seconds, Stopping threads took: 0.0000189 seconds
[2019-12-09T02:33:39.816+0000][1][safepoint    ] Application time: 0.0000624 seconds
[2019-12-09T02:33:39.816+0000][1][safepoint    ] Entering safepoint region: RevokeBias
[2019-12-09T02:33:39.816+0000][1][safepoint    ] Leaving safepoint region
[2019-12-09T02:33:39.816+0000][1][safepoint    ] Total time for which application threads were stopped: 0.0000692 seconds, Stopping threads took: 0.0000096 seconds
[2019-12-09T02:33:39.817+0000][1][safepoint    ] Application time: 0.0011936 seconds
[2019-12-09T02:33:39.817+0000][1][safepoint    ] Entering safepoint region: RevokeBias
[2019-12-09T02:33:39.817+0000][1][safepoint    ] Leaving safepoint region
[2019-12-09T02:33:39.817+0000][1][safepoint    ] Total time for which application threads were stopped: 0.0000888 seconds, Stopping threads took: 0.0000147 seconds
[2019-12-09T02:33:39.818+0000][1][safepoint    ] Application time: 0.0001734 seconds
[2019-12-09T02:33:39.818+0000][1][safepoint    ] Entering safepoint region: RevokeBias
[2019-12-09T02:33:39.818+0000][1][safepoint    ] Leaving safepoint region
[2019-12-09T02:33:39.818+0000][1][safepoint    ] Total time for which application threads were stopped: 0.0000643 seconds, Stopping threads took: 0.0000091 seconds
[2019-12-09T02:33:39.818+0000][1][safepoint    ] Application time: 0.0000559 seconds
[2019-12-09T02:33:39.818+0000][1][safepoint    ] Entering safepoint region: RevokeBias
[2019-12-09T02:33:39.818+0000][1][safepoint    ] Leaving safepoint region
[2019-12-09T02:33:39.818+0000][1][safepoint    ] Total time for which application threads were stopped: 0.0000737 seconds, Stopping threads took: 0.0000262 seconds
[2019-12-09T02:33:40.427+0000][1][safepoint    ] Application time: 0.6089197 seconds
[2019-12-09T02:33:40.427+0000][1][safepoint    ] Entering safepoint region: RevokeBias
[2019-12-09T02:33:40.427+0000][1][safepoint    ] Leaving safepoint region
[2019-12-09T02:33:40.427+0000][1][safepoint    ] Total time for which application threads were stopped: 0.0002192 seconds, Stopping threads took: 0.0001266 seconds
[2019-12-09T02:33:40.474+0000][1][safepoint    ] Application time: 0.0469320 seconds
[2019-12-09T02:33:40.474+0000][1][safepoint    ] Entering safepoint region: RevokeBias
[2019-12-09T02:33:40.474+0000][1][safepoint    ] Leaving safepoint region
[2019-12-09T02:33:40.474+0000][1][safepoint    ] Total time for which application threads were stopped: 0.0001387 seconds, Stopping threads took: 0.0000496 seconds
[2019-12-09T02:33:40.475+0000][1][safepoint    ] Application time: 0.0007849 seconds
[2019-12-09T02:33:40.475+0000][1][safepoint    ] Entering safepoint region: RevokeBias
[2019-12-09T02:33:40.475+0000][1][safepoint    ] Leaving safepoint region
[2019-12-09T02:33:40.475+0000][1][safepoint    ] Total time for which application threads were stopped: 0.0000676 seconds, Stopping threads took: 0.0000128 seconds
[2019-12-09T02:33:40.475+0000][1][safepoint    ] Application time: 0.0002596 seconds
[2019-12-09T02:33:40.475+0000][1][safepoint    ] Entering safepoint region: RevokeBias
[2019-12-09T02:33:40.475+0000][1][safepoint    ] Leaving safepoint region
[2019-12-09T02:33:40.475+0000][1][safepoint    ] Total time for which application threads were stopped: 0.0000673 seconds, Stopping threads took: 0.0000105 seconds
[2019-12-09T02:33:40.476+0000][1][safepoint    ] Application time: 0.0004876 seconds
[2019-12-09T02:33:40.517+0000][1][safepoint    ] Entering safepoint region: RevokeBias
[2019-12-09T02:33:40.517+0000][1][safepoint    ] Leaving safepoint region
[2019-12-09T02:33:40.517+0000][1][safepoint    ] Total time for which application threads were stopped: 0.0411398 seconds, Stopping threads took: 0.0410419 seconds
[2019-12-09T02:33:40.519+0000][1][safepoint    ] Application time: 0.0023917 seconds
[2019-12-09T02:33:40.519+0000][1][safepoint    ] Entering safepoint region: RevokeBias
[2019-12-09T02:33:40.519+0000][1][safepoint    ] Leaving safepoint region
[2019-12-09T02:33:40.519+0000][1][safepoint    ] Total time for which application threads were stopped: 0.0000908 seconds, Stopping threads took: 0.0000169 seconds
[2019-12-09T02:33:40.521+0000][1][safepoint    ] Application time: 0.0016134 seconds
[2019-12-09T02:33:40.521+0000][1][safepoint    ] Entering safepoint region: RevokeBias
[2019-12-09T02:33:40.521+0000][1][safepoint    ] Leaving safepoint region
[2019-12-09T02:33:40.521+0000][1][safepoint    ] Total time for which application threads were stopped: 0.0000683 seconds, Stopping threads took: 0.0000139 seconds
[2019-12-09T02:33:40.521+0000][1][safepoint    ] Application time: 0.0002677 seconds
[2019-12-09T02:33:40.521+0000][1][safepoint    ] Entering safepoint region: RevokeBias
[2019-12-09T02:33:40.521+0000][1][safepoint    ] Leaving safepoint region
[2019-12-09T02:33:40.521+0000][1][safepoint    ] Total time for which application threads were stopped: 0.0000576 seconds, Stopping threads took: 0.0000115 seconds
[2019-12-09T02:33:40.527+0000][1][safepoint    ] Application time: 0.0057516 seconds
[2019-12-09T02:33:40.527+0000][1][safepoint    ] Entering safepoint region: RevokeBias
[2019-12-09T02:33:40.527+0000][1][safepoint    ] Leaving safepoint region
[2019-12-09T02:33:40.527+0000][1][safepoint    ] Total time for which application threads were stopped: 0.0000755 seconds, Stopping threads took: 0.0000134 seconds
[2019-12-09T02:33:40.527+0000][1][safepoint    ] Application time: 0.0000699 seconds
[2019-12-09T02:33:40.527+0000][1][safepoint    ] Entering safepoint region: RevokeBias
[2019-12-09T02:33:40.528+0000][1][safepoint    ] Leaving safepoint region
[2019-12-09T02:33:40.528+0000][1][safepoint    ] Total time for which application threads were stopped: 0.0000661 seconds, Stopping threads took: 0.0000103 seconds
[2019-12-09T02:33:41.185+0000][1][safepoint    ] Application time: 0.6572094 seconds
[2019-12-09T02:33:41.185+0000][1][safepoint    ] Entering safepoint region: Deoptimize
[2019-12-09T02:33:41.186+0000][1][safepoint    ] Leaving safepoint region
[2019-12-09T02:33:41.186+0000][1][safepoint    ] Total time for which application threads were stopped: 0.0007931 seconds, Stopping threads took: 0.0000204 seconds
[2019-12-09T02:33:41.663+0000][1][safepoint    ] Application time: 0.4776060 seconds
[2019-12-09T02:33:41.663+0000][1][safepoint    ] Entering safepoint region: CollectForMetadataAllocation
[2019-12-09T02:33:41.663+0000][1][safepoint    ] Leaving safepoint region
[2019-12-09T02:33:41.663+0000][1][safepoint    ] Total time for which application threads were stopped: 0.0002353 seconds, Stopping threads took: 0.0000196 seconds
[2019-12-09T02:33:41.699+0000][1][safepoint    ] Application time: 0.0355902 seconds
[2019-12-09T02:33:41.699+0000][1][safepoint    ] Entering safepoint region: BulkRevokeBias
[2019-12-09T02:33:41.699+0000][1][safepoint    ] Leaving safepoint region
[2019-12-09T02:33:41.700+0000][1][safepoint    ] Total time for which application threads were stopped: 0.0004423 seconds, Stopping threads took: 0.0000193 seconds
[2019-12-09T02:33:41.701+0000][1][safepoint    ] Application time: 0.0016391 seconds
[2019-12-09T02:33:41.701+0000][1][safepoint    ] Entering safepoint region: RevokeBias
[2019-12-09T02:33:41.701+0000][1][safepoint    ] Leaving safepoint region
[2019-12-09T02:33:41.701+0000][1][safepoint    ] Total time for which application threads were stopped: 0.0000843 seconds, Stopping threads took: 0.0000171 seconds
[2019-12-09T02:33:41.801+0000][1][safepoint    ] Application time: 0.0997994 seconds
[2019-12-09T02:33:41.801+0000][1][safepoint    ] Entering safepoint region: RevokeBias
[2019-12-09T02:33:41.801+0000][1][safepoint    ] Leaving safepoint region
[2019-12-09T02:33:41.801+0000][1][safepoint    ] Total time for which application threads were stopped: 0.0001049 seconds, Stopping threads took: 0.0000196 seconds
[2019-12-09T02:33:41.801+0000][1][safepoint    ] Application time: 0.0001024 seconds
[2019-12-09T02:33:41.801+0000][1][safepoint    ] Entering safepoint region: BulkRevokeBias
[2019-12-09T02:33:41.802+0000][1][safepoint    ] Leaving safepoint region
[2019-12-09T02:33:41.802+0000][1][safepoint    ] Total time for which application threads were stopped: 0.0004039 seconds, Stopping threads took: 0.0000114 seconds
[2019-12-09T02:33:41.802+0000][1][safepoint    ] Application time: 0.0003055 seconds
[2019-12-09T02:33:41.802+0000][1][safepoint    ] Entering safepoint region: RevokeBias
[2019-12-09T02:33:41.802+0000][1][safepoint    ] Leaving safepoint region
[2019-12-09T02:33:41.802+0000][1][safepoint    ] Total time for which application threads were stopped: 0.0000760 seconds, Stopping threads took: 0.0000150 seconds
[2019-12-09T02:33:42.089+0000][1][safepoint    ] Application time: 0.2870122 seconds
[2019-12-09T02:33:42.089+0000][1][safepoint    ] Entering safepoint region: RevokeBias
[2019-12-09T02:33:42.089+0000][1][safepoint    ] Leaving safepoint region
[2019-12-09T02:33:42.089+0000][1][safepoint    ] Total time for which application threads were stopped: 0.0001702 seconds, Stopping threads took: 0.0000639 seconds
[2019-12-09T02:33:42.090+0000][1][safepoint    ] Application time: 0.0001665 seconds
[2019-12-09T02:33:42.090+0000][1][safepoint    ] Entering safepoint region: CollectForMetadataAllocation
[2019-12-09T02:33:42.090+0000][1][safepoint    ] Leaving safepoint region
[2019-12-09T02:33:42.090+0000][1][safepoint    ] Total time for which application threads were stopped: 0.0002805 seconds, Stopping threads took: 0.0000132 seconds
[2019-12-09T02:33:42.090+0000][1][safepoint    ] Application time: 0.0001303 seconds
[2019-12-09T02:33:42.090+0000][1][safepoint    ] Entering safepoint region: RevokeBias
[2019-12-09T02:33:42.090+0000][1][safepoint    ] Leaving safepoint region
[2019-12-09T02:33:42.090+0000][1][safepoint    ] Total time for which application threads were stopped: 0.0000775 seconds, Stopping threads took: 0.0000129 seconds
[2019-12-09T02:33:42.092+0000][1][safepoint    ] Application time: 0.0015430 seconds
[2019-12-09T02:33:42.092+0000][1][safepoint    ] Entering safepoint region: RevokeBias
[2019-12-09T02:33:42.092+0000][1][safepoint    ] Leaving safepoint region
[2019-12-09T02:33:42.092+0000][1][safepoint    ] Total time for which application threads were stopped: 0.0000963 seconds, Stopping threads took: 0.0000168 seconds
[2019-12-09T02:33:42.112+0000][1][safepoint    ] Application time: 0.0197859 seconds
[2019-12-09T02:33:42.112+0000][1][safepoint    ] Entering safepoint region: RevokeBias
[2019-12-09T02:33:42.112+0000][1][safepoint    ] Leaving safepoint region
[2019-12-09T02:33:42.112+0000][1][safepoint    ] Total time for which application threads were stopped: 0.0000759 seconds, Stopping threads took: 0.0000162 seconds
[2019-12-09T02:33:42.112+0000][1][safepoint    ] Application time: 0.0000478 seconds
[2019-12-09T02:33:42.112+0000][1][safepoint    ] Entering safepoint region: RevokeBias
[2019-12-09T02:33:42.112+0000][1][safepoint    ] Leaving safepoint region
[2019-12-09T02:33:42.112+0000][1][safepoint    ] Total time for which application threads were stopped: 0.0000497 seconds, Stopping threads took: 0.0000093 seconds
[2019-12-09T02:33:42.112+0000][1][safepoint    ] Application time: 0.0000401 seconds
[2019-12-09T02:33:42.112+0000][1][safepoint    ] Entering safepoint region: RevokeBias
[2019-12-09T02:33:42.112+0000][1][safepoint    ] Leaving safepoint region
[2019-12-09T02:33:42.112+0000][1][safepoint    ] Total time for which application threads were stopped: 0.0000487 seconds, Stopping threads took: 0.0000099 seconds
[2019-12-09T02:33:42.112+0000][1][safepoint    ] Application time: 0.0000381 seconds
[2019-12-09T02:33:42.112+0000][1][safepoint    ] Entering safepoint region: RevokeBias
[2019-12-09T02:33:42.112+0000][1][safepoint    ] Leaving safepoint region
[2019-12-09T02:33:42.112+0000][1][safepoint    ] Total time for which application threads were stopped: 0.0000483 seconds, Stopping threads took: 0.0000091 seconds
[2019-12-09T02:33:42.112+0000][1][safepoint    ] Application time: 0.0000391 seconds
[2019-12-09T02:33:42.112+0000][1][safepoint    ] Entering safepoint region: RevokeBias
[2019-12-09T02:33:42.112+0000][1][safepoint    ] Leaving safepoint region
[2019-12-09T02:33:42.112+0000][1][safepoint    ] Total time for which application threads were stopped: 0.0000485 seconds, Stopping threads took: 0.0000093 seconds
[2019-12-09T02:33:42.112+0000][1][safepoint    ] Application time: 0.0000368 seconds
[2019-12-09T02:33:42.112+0000][1][safepoint    ] Entering safepoint region: RevokeBias
[2019-12-09T02:33:42.112+0000][1][safepoint    ] Leaving safepoint region
[2019-12-09T02:33:42.112+0000][1][safepoint    ] Total time for which application threads were stopped: 0.0000486 seconds, Stopping threads took: 0.0000094 seconds
[2019-12-09T02:33:42.112+0000][1][safepoint    ] Application time: 0.0000318 seconds
[2019-12-09T02:33:42.112+0000][1][safepoint    ] Entering safepoint region: RevokeBias
[2019-12-09T02:33:42.112+0000][1][safepoint    ] Leaving safepoint region
[2019-12-09T02:33:42.112+0000][1][safepoint    ] Total time for which application threads were stopped: 0.0000412 seconds, Stopping threads took: 0.0000078 seconds
[2019-12-09T02:33:42.276+0000][1][safepoint    ] Application time: 0.1638959 seconds
[2019-12-09T02:33:42.276+0000][1][safepoint    ] Entering safepoint region: RevokeBias
[2019-12-09T02:33:42.276+0000][1][safepoint    ] Leaving safepoint region
[2019-12-09T02:33:42.276+0000][1][safepoint    ] Total time for which application threads were stopped: 0.0001069 seconds, Stopping threads took: 0.0000214 seconds
[2019-12-09T02:33:42.368+0000][1][safepoint    ] Application time: 0.0919698 seconds
[2019-12-09T02:33:42.368+0000][1][safepoint    ] Entering safepoint region: RevokeBias
[2019-12-09T02:33:42.368+0000][1][safepoint    ] Leaving safepoint region
[2019-12-09T02:33:42.368+0000][1][safepoint    ] Total time for which application threads were stopped: 0.0001317 seconds, Stopping threads took: 0.0000206 seconds
[2019-12-09T02:33:42.369+0000][1][safepoint    ] Application time: 0.0009838 seconds
[2019-12-09T02:33:42.369+0000][1][safepoint    ] Entering safepoint region: RevokeBias
[2019-12-09T02:33:42.370+0000][1][safepoint    ] Leaving safepoint region
[2019-12-09T02:33:42.370+0000][1][safepoint    ] Total time for which application threads were stopped: 0.0000924 seconds, Stopping threads took: 0.0000175 seconds
[2019-12-09T02:33:43.542+0000][1][safepoint    ] Application time: 1.1721439 seconds
[2019-12-09T02:33:43.554+0000][1][safepoint    ] Entering safepoint region: CMS_Initial_Mark
[2019-12-09T02:33:43.554+0000][1][gc,start     ] GC(23) Pause Initial Mark
[2019-12-09T02:33:43.651+0000][1][gc           ] GC(23) Pause Initial Mark 126M->126M(247M) 96.742ms
[2019-12-09T02:33:43.651+0000][1][gc,cpu       ] GC(23) User=0.04s Sys=0.00s Real=0.10s
[2019-12-09T02:33:43.651+0000][1][safepoint    ] Leaving safepoint region
[2019-12-09T02:33:43.651+0000][1][safepoint    ] Total time for which application threads were stopped: 0.1090779 seconds, Stopping threads took: 0.0121076 seconds
[2019-12-09T02:33:43.654+0000][1][gc           ] GC(23) Concurrent Mark
[2019-12-09T02:33:43.739+0000][1][safepoint    ] Application time: 0.0878905 seconds
[2019-12-09T02:33:43.739+0000][1][safepoint    ] Entering safepoint region: RevokeBias
[2019-12-09T02:33:43.739+0000][1][safepoint    ] Leaving safepoint region
[2019-12-09T02:33:43.739+0000][1][safepoint    ] Total time for which application threads were stopped: 0.0002035 seconds, Stopping threads took: 0.0001126 seconds
[2019-12-09T02:33:43.755+0000][1][safepoint    ] Application time: 0.0158411 seconds
[2019-12-09T02:33:43.755+0000][1][safepoint    ] Entering safepoint region: RevokeBias
[2019-12-09T02:33:43.755+0000][1][safepoint    ] Leaving safepoint region
[2019-12-09T02:33:43.755+0000][1][safepoint    ] Total time for which application threads were stopped: 0.0001475 seconds, Stopping threads took: 0.0000712 seconds
[2019-12-09T02:33:43.756+0000][1][safepoint    ] Application time: 0.0005195 seconds
[2019-12-09T02:33:43.756+0000][1][safepoint    ] Entering safepoint region: RevokeBias
[2019-12-09T02:33:43.756+0000][1][safepoint    ] Leaving safepoint region
[2019-12-09T02:33:43.756+0000][1][safepoint    ] Total time for which application threads were stopped: 0.0000723 seconds, Stopping threads took: 0.0000140 seconds
[2019-12-09T02:33:44.577+0000][1][gc           ] GC(23) Concurrent Mark 923.601ms
[2019-12-09T02:33:44.577+0000][1][gc,cpu       ] GC(23) User=0.28s Sys=0.01s Real=0.93s
[2019-12-09T02:33:44.577+0000][1][gc           ] GC(23) Concurrent Preclean
[2019-12-09T02:33:44.600+0000][1][gc           ] GC(23) Concurrent Preclean 22.284ms
[2019-12-09T02:33:44.600+0000][1][gc,cpu       ] GC(23) User=0.00s Sys=0.00s Real=0.02s
[2019-12-09T02:33:44.600+0000][1][gc           ] GC(23) Concurrent Abortable Preclean
[2019-12-09T02:33:44.781+0000][1][safepoint    ] Application time: 1.0250944 seconds
[2019-12-09T02:33:44.781+0000][1][safepoint    ] Entering safepoint region: Cleanup
[2019-12-09T02:33:44.781+0000][1][safepoint    ] Leaving safepoint region
[2019-12-09T02:33:44.781+0000][1][safepoint    ] Total time for which application threads were stopped: 0.0001500 seconds, Stopping threads took: 0.0000492 seconds
[2019-12-09T02:33:45.277+0000][1][safepoint    ] Application time: 0.4963678 seconds
[2019-12-09T02:33:45.277+0000][1][safepoint    ] Entering safepoint region: GenCollectForAllocation
[2019-12-09T02:33:45.277+0000][1][gc,start     ] GC(24) Pause Young (Allocation Failure)
[2019-12-09T02:33:45.277+0000][1][gc,task      ] GC(24) Using 2 workers of 2 for evacuation
[2019-12-09T02:33:45.358+0000][1][gc,age       ] GC(24) Desired survivor size 4456448 bytes, new threshold 2 (max threshold 6)
[2019-12-09T02:33:45.358+0000][1][gc,age       ] GC(24) Age table with threshold 2 (max threshold 6)
[2019-12-09T02:33:45.358+0000][1][gc,age       ] GC(24) - age   1:    1891816 bytes,    1891816 total
[2019-12-09T02:33:45.358+0000][1][gc,age       ] GC(24) - age   2:    3600856 bytes,    5492672 total
[2019-12-09T02:33:45.358+0000][1][gc,heap      ] GC(24) ParNew: 78656K->8704K(78656K)
[2019-12-09T02:33:45.358+0000][1][gc,heap      ] GC(24) CMS: 60725K->64919K(174784K)
[2019-12-09T02:33:45.358+0000][1][gc,metaspace ] GC(24) Metaspace: 68265K->68265K(1112064K)
[2019-12-09T02:33:45.358+0000][1][gc           ] GC(24) Pause Young (Allocation Failure) 136M->71M(247M) 80.829ms
[2019-12-09T02:33:45.358+0000][1][gc,cpu       ] GC(24) User=0.05s Sys=0.00s Real=0.08s
[2019-12-09T02:33:45.358+0000][1][safepoint    ] Leaving safepoint region
[2019-12-09T02:33:45.358+0000][1][safepoint    ] Total time for which application threads were stopped: 0.0810406 seconds, Stopping threads took: 0.0000249 seconds
[2019-12-09T02:33:46.369+0000][1][safepoint    ] Application time: 1.0103996 seconds
[2019-12-09T02:33:46.369+0000][1][safepoint    ] Entering safepoint region: Cleanup
[2019-12-09T02:33:46.369+0000][1][safepoint    ] Leaving safepoint region
[2019-12-09T02:33:46.369+0000][1][safepoint    ] Total time for which application threads were stopped: 0.0001224 seconds, Stopping threads took: 0.0000235 seconds
[2019-12-09T02:33:47.370+0000][1][safepoint    ] Application time: 1.0007774 seconds
[2019-12-09T02:33:47.370+0000][1][safepoint    ] Entering safepoint region: Cleanup
[2019-12-09T02:33:47.370+0000][1][safepoint    ] Leaving safepoint region
[2019-12-09T02:33:47.370+0000][1][safepoint    ] Total time for which application threads were stopped: 0.0001206 seconds, Stopping threads took: 0.0000248 seconds
[2019-12-09T02:33:48.371+0000][1][safepoint    ] Application time: 1.0008240 seconds
[2019-12-09T02:33:48.371+0000][1][safepoint    ] Entering safepoint region: Cleanup
[2019-12-09T02:33:48.371+0000][1][safepoint    ] Leaving safepoint region
[2019-12-09T02:33:48.371+0000][1][safepoint    ] Total time for which application threads were stopped: 0.0001188 seconds, Stopping threads took: 0.0000246 seconds
[2019-12-09T02:33:49.375+0000][1][safepoint    ] Application time: 1.0038553 seconds
[2019-12-09T02:33:49.375+0000][1][safepoint    ] Entering safepoint region: Cleanup
[2019-12-09T02:33:49.375+0000][1][safepoint    ] Leaving safepoint region
[2019-12-09T02:33:49.375+0000][1][safepoint    ] Total time for which application threads were stopped: 0.0001210 seconds, Stopping threads took: 0.0000246 seconds
[2019-12-09T02:33:49.645+0000][1][gc           ] GC(23) Concurrent Abortable Preclean 5044.947ms
[2019-12-09T02:33:49.645+0000][1][gc,cpu       ] GC(23) User=1.63s Sys=0.00s Real=5.05s
[2019-12-09T02:33:49.645+0000][1][safepoint    ] Application time: 0.2698824 seconds
[2019-12-09T02:33:49.645+0000][1][safepoint    ] Entering safepoint region: CMS_Final_Remark
[2019-12-09T02:33:49.645+0000][1][gc,start     ] GC(23) Pause Remark
[2019-12-09T02:33:49.739+0000][1][gc           ] GC(23) Pause Remark 76M->76M(247M) 94.083ms
[2019-12-09T02:33:49.739+0000][1][gc,cpu       ] GC(23) User=0.03s Sys=0.00s Real=0.09s
[2019-12-09T02:33:49.739+0000][1][safepoint    ] Leaving safepoint region
[2019-12-09T02:33:49.739+0000][1][safepoint    ] Total time for which application threads were stopped: 0.0942984 seconds, Stopping threads took: 0.0000226 seconds
[2019-12-09T02:33:49.753+0000][1][gc           ] GC(23) Concurrent Sweep
[2019-12-09T02:33:49.892+0000][1][gc           ] GC(23) Concurrent Sweep 139.131ms
[2019-12-09T02:33:49.892+0000][1][gc,cpu       ] GC(23) User=0.05s Sys=0.00s Real=0.14s
[2019-12-09T02:33:49.892+0000][1][gc           ] GC(23) Concurrent Reset
[2019-12-09T02:33:49.892+0000][1][gc           ] GC(23) Concurrent Reset 0.323ms
[2019-12-09T02:33:49.892+0000][1][gc,cpu       ] GC(23) User=0.00s Sys=0.00s Real=0.00s
[2019-12-09T02:33:49.892+0000][1][gc,heap      ] GC(23) Old: 60725K->64551K(174784K)
[2019-12-09T02:33:50.742+0000][1][safepoint    ] Application time: 1.0025978 seconds
[2019-12-09T02:33:50.742+0000][1][safepoint    ] Entering safepoint region: Cleanup
[2019-12-09T02:33:50.743+0000][1][safepoint    ] Leaving safepoint region
[2019-12-09T02:33:50.743+0000][1][safepoint    ] Total time for which application threads were stopped: 0.0007951 seconds, Stopping threads took: 0.0000265 seconds
[2019-12-09T02:33:51.743+0000][1][safepoint    ] Application time: 1.0001654 seconds
[2019-12-09T02:33:51.743+0000][1][safepoint    ] Entering safepoint region: Cleanup
[2019-12-09T02:33:51.743+0000][1][safepoint    ] Leaving safepoint region
[2019-12-09T02:33:51.743+0000][1][safepoint    ] Total time for which application threads were stopped: 0.0001146 seconds, Stopping threads took: 0.0000261 seconds
[2019-12-09T02:33:52.749+0000][1][safepoint    ] Application time: 1.0058161 seconds
[2019-12-09T02:33:52.749+0000][1][safepoint    ] Entering safepoint region: Cleanup
[2019-12-09T02:33:52.749+0000][1][safepoint    ] Leaving safepoint region
[2019-12-09T02:33:52.749+0000][1][safepoint    ] Total time for which application threads were stopped: 0.0001055 seconds, Stopping threads took: 0.0000243 seconds
[2019-12-09T02:33:53.750+0000][1][safepoint    ] Application time: 1.0008440 seconds
[2019-12-09T02:33:53.750+0000][1][safepoint    ] Entering safepoint region: Cleanup
[2019-12-09T02:33:53.750+0000][1][safepoint    ] Leaving safepoint region
[2019-12-09T02:33:53.750+0000][1][safepoint    ] Total time for which application threads were stopped: 0.0001151 seconds, Stopping threads took: 0.0000245 seconds
[2019-12-09T02:33:54.751+0000][1][safepoint    ] Application time: 1.0008595 seconds
[2019-12-09T02:33:54.751+0000][1][safepoint    ] Entering safepoint region: Cleanup
[2019-12-09T02:33:54.751+0000][1][safepoint    ] Leaving safepoint region
[2019-12-09T02:33:54.751+0000][1][safepoint    ] Total time for which application threads were stopped: 0.0001166 seconds, Stopping threads took: 0.0000243 seconds
[2019-12-09T02:33:55.754+0000][1][safepoint    ] Application time: 1.0028477 seconds
[2019-12-09T02:33:55.754+0000][1][safepoint    ] Entering safepoint region: Cleanup
[2019-12-09T02:33:55.754+0000][1][safepoint    ] Leaving safepoint region
[2019-12-09T02:33:55.754+0000][1][safepoint    ] Total time for which application threads were stopped: 0.0001261 seconds, Stopping threads took: 0.0000263 seconds
[2019-12-09T02:33:56.756+0000][1][safepoint    ] Application time: 1.0017802 seconds
[2019-12-09T02:33:56.756+0000][1][safepoint    ] Entering safepoint region: Cleanup
[2019-12-09T02:33:56.756+0000][1][safepoint    ] Leaving safepoint region
[2019-12-09T02:33:56.756+0000][1][safepoint    ] Total time for which application threads were stopped: 0.0001049 seconds, Stopping threads took: 0.0000242 seconds
[2019-12-09T02:33:57.757+0000][1][safepoint    ] Application time: 1.0009686 seconds
[2019-12-09T02:33:57.757+0000][1][safepoint    ] Entering safepoint region: Cleanup
[2019-12-09T02:33:57.757+0000][1][safepoint    ] Leaving safepoint region
[2019-12-09T02:33:57.757+0000][1][safepoint    ] Total time for which application threads were stopped: 0.0001143 seconds, Stopping threads took: 0.0000259 seconds
[2019-12-09T02:33:58.759+0000][1][safepoint    ] Application time: 1.0017358 seconds
[2019-12-09T02:33:58.759+0000][1][safepoint    ] Entering safepoint region: Cleanup
[2019-12-09T02:33:58.759+0000][1][safepoint    ] Leaving safepoint region
[2019-12-09T02:33:58.759+0000][1][safepoint    ] Total time for which application threads were stopped: 0.0001186 seconds, Stopping threads took: 0.0000329 seconds
[2019-12-09T02:33:59.763+0000][1][safepoint    ] Application time: 1.0038312 seconds
[2019-12-09T02:33:59.763+0000][1][safepoint    ] Entering safepoint region: Cleanup
[2019-12-09T02:33:59.763+0000][1][safepoint    ] Leaving safepoint region
[2019-12-09T02:33:59.763+0000][1][safepoint    ] Total time for which application threads were stopped: 0.0001164 seconds, Stopping threads took: 0.0000248 seconds
[2019-12-09T02:34:00.764+0000][1][safepoint    ] Application time: 1.0008158 seconds
[2019-12-09T02:34:00.764+0000][1][safepoint    ] Entering safepoint region: Cleanup
[2019-12-09T02:34:00.764+0000][1][safepoint    ] Leaving safepoint region
[2019-12-09T02:34:00.764+0000][1][safepoint    ] Total time for which application threads were stopped: 0.0001360 seconds, Stopping threads took: 0.0000258 seconds
[2019-12-09T02:34:01.773+0000][1][safepoint    ] Application time: 1.0088212 seconds
[2019-12-09T02:34:01.773+0000][1][safepoint    ] Entering safepoint region: Cleanup
[2019-12-09T02:34:01.773+0000][1][safepoint    ] Leaving safepoint region
[2019-12-09T02:34:01.773+0000][1][safepoint    ] Total time for which application threads were stopped: 0.0001231 seconds, Stopping threads took: 0.0000282 seconds
[2019-12-09T02:34:02.775+0000][1][safepoint    ] Application time: 1.0018207 seconds
[2019-12-09T02:34:02.775+0000][1][safepoint    ] Entering safepoint region: Cleanup
[2019-12-09T02:34:02.775+0000][1][safepoint    ] Leaving safepoint region
[2019-12-09T02:34:02.775+0000][1][safepoint    ] Total time for which application threads were stopped: 0.0001069 seconds, Stopping threads took: 0.0000241 seconds
[2019-12-09T02:34:03.776+0000][1][safepoint    ] Application time: 1.0008255 seconds
[2019-12-09T02:34:03.776+0000][1][safepoint    ] Entering safepoint region: Cleanup
[2019-12-09T02:34:03.776+0000][1][safepoint    ] Leaving safepoint region
[2019-12-09T02:34:03.776+0000][1][safepoint    ] Total time for which application threads were stopped: 0.0001257 seconds, Stopping threads took: 0.0000278 seconds
[2019-12-09T02:34:04.779+0000][1][safepoint    ] Application time: 1.0027984 seconds
[2019-12-09T02:34:04.779+0000][1][safepoint    ] Entering safepoint region: Cleanup
[2019-12-09T02:34:04.779+0000][1][safepoint    ] Leaving safepoint region
[2019-12-09T02:34:04.779+0000][1][safepoint    ] Total time for which application threads were stopped: 0.0001238 seconds, Stopping threads took: 0.0000251 seconds
[2019-12-09T02:34:05.780+0000][1][safepoint    ] Application time: 1.0008907 seconds
[2019-12-09T02:34:05.780+0000][1][safepoint    ] Entering safepoint region: Cleanup
[2019-12-09T02:34:05.780+0000][1][safepoint    ] Leaving safepoint region
[2019-12-09T02:34:05.780+0000][1][safepoint    ] Total time for which application threads were stopped: 0.0001217 seconds, Stopping threads took: 0.0000239 seconds
[2019-12-09T02:34:06.782+0000][1][safepoint    ] Application time: 1.0017662 seconds
[2019-12-09T02:34:06.782+0000][1][safepoint    ] Entering safepoint region: Cleanup
[2019-12-09T02:34:06.782+0000][1][safepoint    ] Leaving safepoint region
[2019-12-09T02:34:06.782+0000][1][safepoint    ] Total time for which application threads were stopped: 0.0001096 seconds, Stopping threads took: 0.0000235 seconds
[2019-12-09T02:34:07.786+0000][1][safepoint    ] Application time: 1.0038385 seconds
[2019-12-09T02:34:07.786+0000][1][safepoint    ] Entering safepoint region: Cleanup
[2019-12-09T02:34:07.786+0000][1][safepoint    ] Leaving safepoint region
[2019-12-09T02:34:07.786+0000][1][safepoint    ] Total time for which application threads were stopped: 0.0001063 seconds, Stopping threads took: 0.0000226 seconds
[2019-12-09T02:34:08.789+0000][1][safepoint    ] Application time: 1.0028707 seconds
[2019-12-09T02:34:08.789+0000][1][safepoint    ] Entering safepoint region: Cleanup
[2019-12-09T02:34:08.789+0000][1][safepoint    ] Leaving safepoint region
[2019-12-09T02:34:08.789+0000][1][safepoint    ] Total time for which application threads were stopped: 0.0001135 seconds, Stopping threads took: 0.0000215 seconds
[2019-12-09T02:34:09.789+0000][1][safepoint    ] Application time: 1.0000747 seconds
[2019-12-09T02:34:09.789+0000][1][safepoint    ] Entering safepoint region: Cleanup
[2019-12-09T02:34:09.789+0000][1][safepoint    ] Leaving safepoint region
[2019-12-09T02:34:09.789+0000][1][safepoint    ] Total time for which application threads were stopped: 0.0000897 seconds, Stopping threads took: 0.0000161 seconds
[2019-12-09T02:34:10.789+0000][1][safepoint    ] Application time: 1.0000776 seconds
[2019-12-09T02:34:10.789+0000][1][safepoint    ] Entering safepoint region: Cleanup
[2019-12-09T02:34:10.789+0000][1][safepoint    ] Leaving safepoint region
[2019-12-09T02:34:10.789+0000][1][safepoint    ] Total time for which application threads were stopped: 0.0000866 seconds, Stopping threads took: 0.0000171 seconds
[2019-12-09T02:34:11.790+0000][1][safepoint    ] Application time: 1.0003904 seconds
[2019-12-09T02:34:11.790+0000][1][safepoint    ] Entering safepoint region: Cleanup
[2019-12-09T02:34:11.790+0000][1][safepoint    ] Leaving safepoint region
[2019-12-09T02:34:11.790+0000][1][safepoint    ] Total time for which application threads were stopped: 0.0001156 seconds, Stopping threads took: 0.0000236 seconds
[2019-12-09T02:34:12.790+0000][1][safepoint    ] Application time: 1.0000760 seconds
[2019-12-09T02:34:12.790+0000][1][safepoint    ] Entering safepoint region: Cleanup
[2019-12-09T02:34:12.790+0000][1][safepoint    ] Leaving safepoint region
[2019-12-09T02:34:12.790+0000][1][safepoint    ] Total time for which application threads were stopped: 0.0000834 seconds, Stopping threads took: 0.0000155 seconds
[2019-12-09T02:34:13.790+0000][1][safepoint    ] Application time: 1.0000756 seconds
[2019-12-09T02:34:13.790+0000][1][safepoint    ] Entering safepoint region: Cleanup
[2019-12-09T02:34:13.790+0000][1][safepoint    ] Leaving safepoint region
[2019-12-09T02:34:13.790+0000][1][safepoint    ] Total time for which application threads were stopped: 0.0000857 seconds, Stopping threads took: 0.0000166 seconds
[2019-12-09T02:34:14.790+0000][1][safepoint    ] Application time: 1.0000784 seconds
[2019-12-09T02:34:14.790+0000][1][safepoint    ] Entering safepoint region: Cleanup
[2019-12-09T02:34:14.790+0000][1][safepoint    ] Leaving safepoint region
[2019-12-09T02:34:14.790+0000][1][safepoint    ] Total time for which application threads were stopped: 0.0000904 seconds, Stopping threads took: 0.0000179 seconds
[2019-12-09T02:34:15.791+0000][1][safepoint    ] Application time: 1.0000779 seconds
[2019-12-09T02:34:15.791+0000][1][safepoint    ] Entering safepoint region: Cleanup
[2019-12-09T02:34:15.791+0000][1][safepoint    ] Leaving safepoint region
[2019-12-09T02:34:15.791+0000][1][safepoint    ] Total time for which application threads were stopped: 0.0000833 seconds, Stopping threads took: 0.0000165 seconds
[2019-12-09T02:34:16.791+0000][1][safepoint    ] Application time: 1.0000780 seconds
[2019-12-09T02:34:16.791+0000][1][safepoint    ] Entering safepoint region: Cleanup
[2019-12-09T02:34:16.791+0000][1][safepoint    ] Leaving safepoint region
[2019-12-09T02:34:16.791+0000][1][safepoint    ] Total time for which application threads were stopped: 0.0000892 seconds, Stopping threads took: 0.0000169 seconds
[2019-12-09T02:34:17.792+0000][1][safepoint    ] Application time: 1.0008408 seconds
[2019-12-09T02:34:17.792+0000][1][safepoint    ] Entering safepoint region: Cleanup
[2019-12-09T02:34:17.792+0000][1][safepoint    ] Leaving safepoint region
[2019-12-09T02:34:17.792+0000][1][safepoint    ] Total time for which application threads were stopped: 0.0001142 seconds, Stopping threads took: 0.0000249 seconds
[2019-12-09T02:34:18.792+0000][1][safepoint    ] Application time: 1.0000762 seconds
[2019-12-09T02:34:18.792+0000][1][safepoint    ] Entering safepoint region: Cleanup
[2019-12-09T02:34:18.792+0000][1][safepoint    ] Leaving safepoint region
[2019-12-09T02:34:18.792+0000][1][safepoint    ] Total time for which application threads were stopped: 0.0000826 seconds, Stopping threads took: 0.0000152 seconds
[2019-12-09T02:34:19.792+0000][1][safepoint    ] Application time: 1.0000772 seconds
[2019-12-09T02:34:19.792+0000][1][safepoint    ] Entering safepoint region: Cleanup
[2019-12-09T02:34:19.792+0000][1][safepoint    ] Leaving safepoint region
[2019-12-09T02:34:19.792+0000][1][safepoint    ] Total time for which application threads were stopped: 0.0000779 seconds, Stopping threads took: 0.0000169 seconds
[2019-12-09T02:34:20.792+0000][1][safepoint    ] Application time: 1.0000764 seconds
[2019-12-09T02:34:20.792+0000][1][safepoint    ] Entering safepoint region: Cleanup
[2019-12-09T02:34:20.792+0000][1][safepoint    ] Leaving safepoint region
[2019-12-09T02:34:20.792+0000][1][safepoint    ] Total time for which application threads were stopped: 0.0000823 seconds, Stopping threads took: 0.0000169 seconds
[2019-12-09T02:34:21.793+0000][1][safepoint    ] Application time: 1.0000745 seconds
[2019-12-09T02:34:21.793+0000][1][safepoint    ] Entering safepoint region: Cleanup
[2019-12-09T02:34:21.793+0000][1][safepoint    ] Leaving safepoint region
[2019-12-09T02:34:21.793+0000][1][safepoint    ] Total time for which application threads were stopped: 0.0000851 seconds, Stopping threads took: 0.0000169 seconds
[2019-12-09T02:34:22.793+0000][1][safepoint    ] Application time: 1.0000753 seconds
[2019-12-09T02:34:22.793+0000][1][safepoint    ] Entering safepoint region: Cleanup
[2019-12-09T02:34:22.793+0000][1][safepoint    ] Leaving safepoint region
[2019-12-09T02:34:22.793+0000][1][safepoint    ] Total time for which application threads were stopped: 0.0000782 seconds, Stopping threads took: 0.0000152 seconds
[2019-12-09T02:34:23.793+0000][1][safepoint    ] Application time: 1.0000755 seconds
[2019-12-09T02:34:23.793+0000][1][safepoint    ] Entering safepoint region: Cleanup
[2019-12-09T02:34:23.793+0000][1][safepoint    ] Leaving safepoint region
[2019-12-09T02:34:23.793+0000][1][safepoint    ] Total time for which application threads were stopped: 0.0000835 seconds, Stopping threads took: 0.0000162 seconds
[2019-12-09T02:34:24.793+0000][1][safepoint    ] Application time: 1.0000746 seconds
[2019-12-09T02:34:24.793+0000][1][safepoint    ] Entering safepoint region: Cleanup
[2019-12-09T02:34:24.793+0000][1][safepoint    ] Leaving safepoint region
[2019-12-09T02:34:24.793+0000][1][safepoint    ] Total time for which application threads were stopped: 0.0000831 seconds, Stopping threads took: 0.0000155 seconds
[2019-12-09T02:34:25.793+0000][1][safepoint    ] Application time: 1.0000782 seconds
[2019-12-09T02:34:25.793+0000][1][safepoint    ] Entering safepoint region: Cleanup
[2019-12-09T02:34:25.793+0000][1][safepoint    ] Leaving safepoint region
[2019-12-09T02:34:25.793+0000][1][safepoint    ] Total time for which application threads were stopped: 0.0000840 seconds, Stopping threads took: 0.0000172 seconds
[2019-12-09T02:34:26.794+0000][1][safepoint    ] Application time: 1.0000888 seconds
[2019-12-09T02:34:26.794+0000][1][safepoint    ] Entering safepoint region: Cleanup
[2019-12-09T02:34:26.794+0000][1][safepoint    ] Leaving safepoint region
[2019-12-09T02:34:26.794+0000][1][safepoint    ] Total time for which application threads were stopped: 0.0001251 seconds, Stopping threads took: 0.0000220 seconds
[2019-12-09T02:34:27.794+0000][1][safepoint    ] Application time: 1.0000866 seconds
[2019-12-09T02:34:27.794+0000][1][safepoint    ] Entering safepoint region: Cleanup
[2019-12-09T02:34:27.794+0000][1][safepoint    ] Leaving safepoint region
[2019-12-09T02:34:27.794+0000][1][safepoint    ] Total time for which application threads were stopped: 0.0001164 seconds, Stopping threads took: 0.0000243 seconds
[2019-12-09T02:34:28.794+0000][1][safepoint    ] Application time: 1.0000770 seconds
[2019-12-09T02:34:28.794+0000][1][safepoint    ] Entering safepoint region: Cleanup
[2019-12-09T02:34:28.794+0000][1][safepoint    ] Leaving safepoint region
[2019-12-09T02:34:28.794+0000][1][safepoint    ] Total time for which application threads were stopped: 0.0000852 seconds, Stopping threads took: 0.0000214 seconds
[2019-12-09T02:34:29.794+0000][1][safepoint    ] Application time: 1.0000758 seconds
[2019-12-09T02:34:29.794+0000][1][safepoint    ] Entering safepoint region: Cleanup
[2019-12-09T02:34:29.794+0000][1][safepoint    ] Leaving safepoint region
[2019-12-09T02:34:29.794+0000][1][safepoint    ] Total time for which application threads were stopped: 0.0000818 seconds, Stopping threads took: 0.0000171 seconds
[2019-12-09T02:34:30.794+0000][1][safepoint    ] Application time: 1.0000744 seconds
[2019-12-09T02:34:30.795+0000][1][safepoint    ] Entering safepoint region: Cleanup
[2019-12-09T02:34:30.795+0000][1][safepoint    ] Leaving safepoint region
[2019-12-09T02:34:30.795+0000][1][safepoint    ] Total time for which application threads were stopped: 0.0000799 seconds, Stopping threads took: 0.0000165 seconds
[2019-12-09T02:34:32.709+0000][1][safepoint    ] Application time: 1.9146860 seconds
[2019-12-09T02:34:32.709+0000][1][safepoint    ] Entering safepoint region: Cleanup
[2019-12-09T02:34:32.709+0000][1][safepoint    ] Leaving safepoint region
[2019-12-09T02:34:32.709+0000][1][safepoint    ] Total time for which application threads were stopped: 0.0001121 seconds, Stopping threads took: 0.0000203 seconds
[2019-12-09T02:34:33.710+0000][1][safepoint    ] Application time: 1.0000838 seconds
[2019-12-09T02:34:33.710+0000][1][safepoint    ] Entering safepoint region: Cleanup
[2019-12-09T02:34:33.710+0000][1][safepoint    ] Leaving safepoint region
[2019-12-09T02:34:33.710+0000][1][safepoint    ] Total time for which application threads were stopped: 0.0000782 seconds, Stopping threads took: 0.0000165 seconds
[2019-12-09T02:34:34.710+0000][1][safepoint    ] Application time: 1.0000794 seconds
[2019-12-09T02:34:34.710+0000][1][safepoint    ] Entering safepoint region: Cleanup
[2019-12-09T02:34:34.710+0000][1][safepoint    ] Leaving safepoint region
[2019-12-09T02:34:34.710+0000][1][safepoint    ] Total time for which application threads were stopped: 0.0000798 seconds, Stopping threads took: 0.0000155 seconds
[2019-12-09T02:34:35.711+0000][1][safepoint    ] Application time: 1.0016548 seconds
[2019-12-09T02:34:35.712+0000][1][safepoint    ] Entering safepoint region: Cleanup
[2019-12-09T02:34:35.712+0000][1][safepoint    ] Leaving safepoint region
[2019-12-09T02:34:35.712+0000][1][safepoint    ] Total time for which application threads were stopped: 0.0001110 seconds, Stopping threads took: 0.0000225 seconds
[2019-12-09T02:34:36.712+0000][1][safepoint    ] Application time: 1.0001359 seconds
[2019-12-09T02:34:36.712+0000][1][safepoint    ] Entering safepoint region: Cleanup
[2019-12-09T02:34:36.712+0000][1][safepoint    ] Leaving safepoint region
[2019-12-09T02:34:36.712+0000][1][safepoint    ] Total time for which application threads were stopped: 0.0001266 seconds, Stopping threads took: 0.0000247 seconds
[2019-12-09T02:34:37.712+0000][1][safepoint    ] Application time: 1.0000993 seconds
[2019-12-09T02:34:37.712+0000][1][safepoint    ] Entering safepoint region: Cleanup
[2019-12-09T02:34:37.712+0000][1][safepoint    ] Leaving safepoint region
[2019-12-09T02:34:37.712+0000][1][safepoint    ] Total time for which application threads were stopped: 0.0001145 seconds, Stopping threads took: 0.0000211 seconds
[2019-12-09T02:34:38.712+0000][1][safepoint    ] Application time: 1.0000755 seconds
[2019-12-09T02:34:38.712+0000][1][safepoint    ] Entering safepoint region: Cleanup
[2019-12-09T02:34:38.712+0000][1][safepoint    ] Leaving safepoint region
[2019-12-09T02:34:38.712+0000][1][safepoint    ] Total time for which application threads were stopped: 0.0000761 seconds, Stopping threads took: 0.0000155 seconds
[2019-12-09T02:34:39.712+0000][1][safepoint    ] Application time: 1.0000767 seconds
[2019-12-09T02:34:39.713+0000][1][safepoint    ] Entering safepoint region: Cleanup
[2019-12-09T02:34:39.713+0000][1][safepoint    ] Leaving safepoint region
[2019-12-09T02:34:39.713+0000][1][safepoint    ] Total time for which application threads were stopped: 0.0000914 seconds, Stopping threads took: 0.0000151 seconds
[2019-12-09T02:34:40.713+0000][1][safepoint    ] Application time: 1.0000843 seconds
[2019-12-09T02:34:40.713+0000][1][safepoint    ] Entering safepoint region: Cleanup
[2019-12-09T02:34:40.713+0000][1][safepoint    ] Leaving safepoint region
[2019-12-09T02:34:40.713+0000][1][safepoint    ] Total time for which application threads were stopped: 0.0000693 seconds, Stopping threads took: 0.0000155 seconds
[2019-12-09T02:34:41.713+0000][1][safepoint    ] Application time: 1.0000759 seconds
[2019-12-09T02:34:41.713+0000][1][safepoint    ] Entering safepoint region: Cleanup
[2019-12-09T02:34:41.713+0000][1][safepoint    ] Leaving safepoint region
[2019-12-09T02:34:41.713+0000][1][safepoint    ] Total time for which application threads were stopped: 0.0000799 seconds, Stopping threads took: 0.0000159 seconds
[2019-12-09T02:34:42.713+0000][1][safepoint    ] Application time: 1.0000752 seconds
[2019-12-09T02:34:42.713+0000][1][safepoint    ] Entering safepoint region: Cleanup
[2019-12-09T02:34:42.713+0000][1][safepoint    ] Leaving safepoint region
[2019-12-09T02:34:42.713+0000][1][safepoint    ] Total time for which application threads were stopped: 0.0000760 seconds, Stopping threads took: 0.0000167 seconds
[2019-12-09T02:34:43.713+0000][1][safepoint    ] Application time: 1.0000784 seconds
[2019-12-09T02:34:43.713+0000][1][safepoint    ] Entering safepoint region: Cleanup
[2019-12-09T02:34:43.713+0000][1][safepoint    ] Leaving safepoint region
[2019-12-09T02:34:43.713+0000][1][safepoint    ] Total time for which application threads were stopped: 0.0000733 seconds, Stopping threads took: 0.0000162 seconds
[2019-12-09T02:34:44.713+0000][1][safepoint    ] Application time: 1.0000757 seconds
[2019-12-09T02:34:44.713+0000][1][safepoint    ] Entering safepoint region: Cleanup
[2019-12-09T02:34:44.714+0000][1][safepoint    ] Leaving safepoint region
[2019-12-09T02:34:44.714+0000][1][safepoint    ] Total time for which application threads were stopped: 0.0000739 seconds, Stopping threads took: 0.0000154 seconds
[2019-12-09T02:34:45.714+0000][1][safepoint    ] Application time: 1.0000783 seconds
[2019-12-09T02:34:45.714+0000][1][safepoint    ] Entering safepoint region: Cleanup
[2019-12-09T02:34:45.714+0000][1][safepoint    ] Leaving safepoint region
[2019-12-09T02:34:45.714+0000][1][safepoint    ] Total time for which application threads were stopped: 0.0000804 seconds, Stopping threads took: 0.0000258 seconds
[2019-12-09T02:34:46.714+0000][1][safepoint    ] Application time: 1.0000760 seconds
[2019-12-09T02:34:46.714+0000][1][safepoint    ] Entering safepoint region: Cleanup
[2019-12-09T02:34:46.714+0000][1][safepoint    ] Leaving safepoint region
[2019-12-09T02:34:46.714+0000][1][safepoint    ] Total time for which application threads were stopped: 0.0000738 seconds, Stopping threads took: 0.0000155 seconds
[2019-12-09T02:34:47.714+0000][1][safepoint    ] Application time: 1.0000796 seconds
[2019-12-09T02:34:47.714+0000][1][safepoint    ] Entering safepoint region: Cleanup
[2019-12-09T02:34:47.714+0000][1][safepoint    ] Leaving safepoint region
[2019-12-09T02:34:47.714+0000][1][safepoint    ] Total time for which application threads were stopped: 0.0001150 seconds, Stopping threads took: 0.0000207 seconds
[2019-12-09T02:34:48.714+0000][1][safepoint    ] Application time: 1.0000754 seconds
[2019-12-09T02:34:48.714+0000][1][safepoint    ] Entering safepoint region: Cleanup
[2019-12-09T02:34:48.714+0000][1][safepoint    ] Leaving safepoint region
[2019-12-09T02:34:48.714+0000][1][safepoint    ] Total time for which application threads were stopped: 0.0000725 seconds, Stopping threads took: 0.0000161 seconds
[2019-12-09T02:34:49.714+0000][1][safepoint    ] Application time: 1.0000768 seconds
[2019-12-09T02:34:49.714+0000][1][safepoint    ] Entering safepoint region: Cleanup
[2019-12-09T02:34:49.715+0000][1][safepoint    ] Leaving safepoint region
[2019-12-09T02:34:49.715+0000][1][safepoint    ] Total time for which application threads were stopped: 0.0000787 seconds, Stopping threads took: 0.0000164 seconds
[2019-12-09T02:34:50.715+0000][1][safepoint    ] Application time: 1.0000745 seconds
[2019-12-09T02:34:50.715+0000][1][safepoint    ] Entering safepoint region: Cleanup
[2019-12-09T02:34:50.715+0000][1][safepoint    ] Leaving safepoint region
[2019-12-09T02:34:50.715+0000][1][safepoint    ] Total time for which application threads were stopped: 0.0000794 seconds, Stopping threads took: 0.0000147 seconds
[2019-12-09T02:34:51.715+0000][1][safepoint    ] Application time: 1.0000755 seconds
[2019-12-09T02:34:51.715+0000][1][safepoint    ] Entering safepoint region: Cleanup
[2019-12-09T02:34:51.715+0000][1][safepoint    ] Leaving safepoint region
[2019-12-09T02:34:51.715+0000][1][safepoint    ] Total time for which application threads were stopped: 0.0000713 seconds, Stopping threads took: 0.0000141 seconds
[2019-12-09T02:34:52.715+0000][1][safepoint    ] Application time: 1.0000737 seconds
[2019-12-09T02:34:52.715+0000][1][safepoint    ] Entering safepoint region: Cleanup
[2019-12-09T02:34:52.715+0000][1][safepoint    ] Leaving safepoint region
[2019-12-09T02:34:52.715+0000][1][safepoint    ] Total time for which application threads were stopped: 0.0000737 seconds, Stopping threads took: 0.0000143 seconds
[2019-12-09T02:34:53.715+0000][1][safepoint    ] Application time: 1.0000723 seconds
[2019-12-09T02:34:53.715+0000][1][safepoint    ] Entering safepoint region: Cleanup
[2019-12-09T02:34:53.715+0000][1][safepoint    ] Leaving safepoint region
[2019-12-09T02:34:53.715+0000][1][safepoint    ] Total time for which application threads were stopped: 0.0000698 seconds, Stopping threads took: 0.0000141 seconds
[2019-12-09T02:34:54.715+0000][1][safepoint    ] Application time: 1.0000750 seconds
[2019-12-09T02:34:54.715+0000][1][safepoint    ] Entering safepoint region: Cleanup
[2019-12-09T02:34:54.715+0000][1][safepoint    ] Leaving safepoint region
[2019-12-09T02:34:54.715+0000][1][safepoint    ] Total time for which application threads were stopped: 0.0000759 seconds, Stopping threads took: 0.0000139 seconds
[2019-12-09T02:34:55.716+0000][1][safepoint    ] Application time: 1.0000752 seconds
[2019-12-09T02:34:55.716+0000][1][safepoint    ] Entering safepoint region: Cleanup
[2019-12-09T02:34:55.716+0000][1][safepoint    ] Leaving safepoint region
[2019-12-09T02:34:55.716+0000][1][safepoint    ] Total time for which application threads were stopped: 0.0000740 seconds, Stopping threads took: 0.0000152 seconds
[2019-12-09T02:34:56.716+0000][1][safepoint    ] Application time: 1.0000765 seconds
[2019-12-09T02:34:56.716+0000][1][safepoint    ] Entering safepoint region: Cleanup
[2019-12-09T02:34:56.716+0000][1][safepoint    ] Leaving safepoint region
[2019-12-09T02:34:56.716+0000][1][safepoint    ] Total time for which application threads were stopped: 0.0000784 seconds, Stopping threads took: 0.0000152 seconds
[2019-12-09T02:34:57.716+0000][1][safepoint    ] Application time: 1.0000831 seconds
[2019-12-09T02:34:57.716+0000][1][safepoint    ] Entering safepoint region: Cleanup
[2019-12-09T02:34:57.716+0000][1][safepoint    ] Leaving safepoint region
[2019-12-09T02:34:57.716+0000][1][safepoint    ] Total time for which application threads were stopped: 0.0001049 seconds, Stopping threads took: 0.0000239 seconds
[2019-12-09T02:34:58.716+0000][1][safepoint    ] Application time: 1.0000771 seconds
[2019-12-09T02:34:58.716+0000][1][safepoint    ] Entering safepoint region: Cleanup
[2019-12-09T02:34:58.716+0000][1][safepoint    ] Leaving safepoint region
[2019-12-09T02:34:58.716+0000][1][safepoint    ] Total time for which application threads were stopped: 0.0000821 seconds, Stopping threads took: 0.0000198 seconds
[2019-12-09T02:34:59.716+0000][1][safepoint    ] Application time: 1.0000773 seconds
[2019-12-09T02:34:59.716+0000][1][safepoint    ] Entering safepoint region: Cleanup
[2019-12-09T02:34:59.716+0000][1][safepoint    ] Leaving safepoint region
[2019-12-09T02:34:59.716+0000][1][safepoint    ] Total time for which application threads were stopped: 0.0000750 seconds, Stopping threads took: 0.0000135 seconds
[2019-12-09T02:35:00.717+0000][1][safepoint    ] Application time: 1.0000758 seconds
[2019-12-09T02:35:00.717+0000][1][safepoint    ] Entering safepoint region: Cleanup
[2019-12-09T02:35:00.717+0000][1][safepoint    ] Leaving safepoint region
[2019-12-09T02:35:00.717+0000][1][safepoint    ] Total time for which application threads were stopped: 0.0000710 seconds, Stopping threads took: 0.0000151 seconds
[2019-12-09T02:35:01.717+0000][1][safepoint    ] Application time: 1.0000807 seconds
[2019-12-09T02:35:01.717+0000][1][safepoint    ] Entering safepoint region: Cleanup
[2019-12-09T02:35:01.717+0000][1][safepoint    ] Leaving safepoint region
[2019-12-09T02:35:01.717+0000][1][safepoint    ] Total time for which application threads were stopped: 0.0000798 seconds, Stopping threads took: 0.0000177 seconds
[2019-12-09T02:35:02.717+0000][1][safepoint    ] Application time: 1.0000796 seconds
[2019-12-09T02:35:02.717+0000][1][safepoint    ] Entering safepoint region: Cleanup
[2019-12-09T02:35:02.717+0000][1][safepoint    ] Leaving safepoint region
[2019-12-09T02:35:02.717+0000][1][safepoint    ] Total time for which application threads were stopped: 0.0000703 seconds, Stopping threads took: 0.0000147 seconds
[2019-12-09T02:35:03.717+0000][1][safepoint    ] Application time: 1.0000855 seconds
[2019-12-09T02:35:03.717+0000][1][safepoint    ] Entering safepoint region: Cleanup
[2019-12-09T02:35:03.717+0000][1][safepoint    ] Leaving safepoint region
[2019-12-09T02:35:03.717+0000][1][safepoint    ] Total time for which application threads were stopped: 0.0000827 seconds, Stopping threads took: 0.0000239 seconds
[2019-12-09T02:35:04.718+0000][1][safepoint    ] Application time: 1.0004390 seconds
[2019-12-09T02:35:04.718+0000][1][safepoint    ] Entering safepoint region: Cleanup
[2019-12-09T02:35:04.718+0000][1][safepoint    ] Leaving safepoint region
[2019-12-09T02:35:04.718+0000][1][safepoint    ] Total time for which application threads were stopped: 0.0000975 seconds, Stopping threads took: 0.0000199 seconds
[2019-12-09T02:35:05.718+0000][1][safepoint    ] Application time: 1.0000752 seconds
[2019-12-09T02:35:05.718+0000][1][safepoint    ] Entering safepoint region: Cleanup
[2019-12-09T02:35:05.718+0000][1][safepoint    ] Leaving safepoint region
[2019-12-09T02:35:05.718+0000][1][safepoint    ] Total time for which application threads were stopped: 0.0000768 seconds, Stopping threads took: 0.0000155 seconds
[2019-12-09T02:35:06.718+0000][1][safepoint    ] Application time: 1.0000794 seconds
[2019-12-09T02:35:06.718+0000][1][safepoint    ] Entering safepoint region: Cleanup
[2019-12-09T02:35:06.718+0000][1][safepoint    ] Leaving safepoint region
[2019-12-09T02:35:06.718+0000][1][safepoint    ] Total time for which application threads were stopped: 0.0000784 seconds, Stopping threads took: 0.0000170 seconds
[2019-12-09T02:35:07.719+0000][1][safepoint    ] Application time: 1.0012573 seconds
[2019-12-09T02:35:07.720+0000][1][safepoint    ] Entering safepoint region: Cleanup
[2019-12-09T02:35:07.720+0000][1][safepoint    ] Leaving safepoint region
[2019-12-09T02:35:07.720+0000][1][safepoint    ] Total time for which application threads were stopped: 0.0001248 seconds, Stopping threads took: 0.0000243 seconds
[2019-12-09T02:35:08.720+0000][1][safepoint    ] Application time: 1.0000990 seconds
[2019-12-09T02:35:08.720+0000][1][safepoint    ] Entering safepoint region: Cleanup
[2019-12-09T02:35:08.720+0000][1][safepoint    ] Leaving safepoint region
[2019-12-09T02:35:08.720+0000][1][safepoint    ] Total time for which application threads were stopped: 0.0000922 seconds, Stopping threads took: 0.0000227 seconds
[2019-12-09T02:35:09.720+0000][1][safepoint    ] Application time: 1.0000912 seconds
[2019-12-09T02:35:09.720+0000][1][safepoint    ] Entering safepoint region: Cleanup
[2019-12-09T02:35:09.720+0000][1][safepoint    ] Leaving safepoint region
[2019-12-09T02:35:09.720+0000][1][safepoint    ] Total time for which application threads were stopped: 0.0000840 seconds, Stopping threads took: 0.0000177 seconds
[2019-12-09T02:35:10.721+0000][1][safepoint    ] Application time: 1.0008560 seconds
[2019-12-09T02:35:10.721+0000][1][safepoint    ] Entering safepoint region: Cleanup
[2019-12-09T02:35:10.721+0000][1][safepoint    ] Leaving safepoint region
[2019-12-09T02:35:10.721+0000][1][safepoint    ] Total time for which application threads were stopped: 0.0001240 seconds, Stopping threads took: 0.0000244 seconds
[2019-12-09T02:35:11.721+0000][1][safepoint    ] Application time: 1.0000761 seconds
[2019-12-09T02:35:11.721+0000][1][safepoint    ] Entering safepoint region: Cleanup
[2019-12-09T02:35:11.721+0000][1][safepoint    ] Leaving safepoint region
[2019-12-09T02:35:11.721+0000][1][safepoint    ] Total time for which application threads were stopped: 0.0000770 seconds, Stopping threads took: 0.0000178 seconds
[2019-12-09T02:35:12.721+0000][1][safepoint    ] Application time: 1.0000766 seconds
[2019-12-09T02:35:12.721+0000][1][safepoint    ] Entering safepoint region: Cleanup
[2019-12-09T02:35:12.722+0000][1][safepoint    ] Leaving safepoint region
[2019-12-09T02:35:12.722+0000][1][safepoint    ] Total time for which application threads were stopped: 0.0000777 seconds, Stopping threads took: 0.0000177 seconds
[2019-12-09T02:35:13.722+0000][1][safepoint    ] Application time: 1.0000769 seconds
[2019-12-09T02:35:13.722+0000][1][safepoint    ] Entering safepoint region: Cleanup
[2019-12-09T02:35:13.722+0000][1][safepoint    ] Leaving safepoint region
[2019-12-09T02:35:13.722+0000][1][safepoint    ] Total time for which application threads were stopped: 0.0000878 seconds, Stopping threads took: 0.0000269 seconds
[2019-12-09T02:35:14.722+0000][1][safepoint    ] Application time: 1.0000753 seconds
[2019-12-09T02:35:14.722+0000][1][safepoint    ] Entering safepoint region: Cleanup
[2019-12-09T02:35:14.722+0000][1][safepoint    ] Leaving safepoint region
[2019-12-09T02:35:14.722+0000][1][safepoint    ] Total time for which application threads were stopped: 0.0000794 seconds, Stopping threads took: 0.0000173 seconds
[2019-12-09T02:35:15.722+0000][1][safepoint    ] Application time: 1.0000765 seconds
[2019-12-09T02:35:15.722+0000][1][safepoint    ] Entering safepoint region: Cleanup
[2019-12-09T02:35:15.722+0000][1][safepoint    ] Leaving safepoint region
[2019-12-09T02:35:15.722+0000][1][safepoint    ] Total time for which application threads were stopped: 0.0000783 seconds, Stopping threads took: 0.0000194 seconds
[2019-12-09T02:35:16.722+0000][1][safepoint    ] Application time: 1.0000766 seconds
[2019-12-09T02:35:16.722+0000][1][safepoint    ] Entering safepoint region: Cleanup
[2019-12-09T02:35:16.722+0000][1][safepoint    ] Leaving safepoint region
[2019-12-09T02:35:16.722+0000][1][safepoint    ] Total time for which application threads were stopped: 0.0000758 seconds, Stopping threads took: 0.0000167 seconds
[2019-12-09T02:35:17.722+0000][1][safepoint    ] Application time: 1.0000765 seconds
[2019-12-09T02:35:17.722+0000][1][safepoint    ] Entering safepoint region: Cleanup
[2019-12-09T02:35:17.723+0000][1][safepoint    ] Leaving safepoint region
[2019-12-09T02:35:17.723+0000][1][safepoint    ] Total time for which application threads were stopped: 0.0000750 seconds, Stopping threads took: 0.0000165 seconds
[2019-12-09T02:35:18.723+0000][1][safepoint    ] Application time: 1.0000759 seconds
[2019-12-09T02:35:18.723+0000][1][safepoint    ] Entering safepoint region: Cleanup
[2019-12-09T02:35:18.723+0000][1][safepoint    ] Leaving safepoint region
[2019-12-09T02:35:18.723+0000][1][safepoint    ] Total time for which application threads were stopped: 0.0001010 seconds, Stopping threads took: 0.0000178 seconds
[2019-12-09T02:35:19.723+0000][1][safepoint    ] Application time: 1.0000763 seconds
[2019-12-09T02:35:19.723+0000][1][safepoint    ] Entering safepoint region: Cleanup
[2019-12-09T02:35:19.723+0000][1][safepoint    ] Leaving safepoint region
[2019-12-09T02:35:19.723+0000][1][safepoint    ] Total time for which application threads were stopped: 0.0000744 seconds, Stopping threads took: 0.0000162 seconds
[2019-12-09T02:35:20.723+0000][1][safepoint    ] Application time: 1.0000766 seconds
[2019-12-09T02:35:20.723+0000][1][safepoint    ] Entering safepoint region: Cleanup
[2019-12-09T02:35:20.723+0000][1][safepoint    ] Leaving safepoint region
[2019-12-09T02:35:20.723+0000][1][safepoint    ] Total time for which application threads were stopped: 0.0000905 seconds, Stopping threads took: 0.0000260 seconds
[2019-12-09T02:35:21.723+0000][1][safepoint    ] Application time: 1.0000756 seconds
[2019-12-09T02:35:21.723+0000][1][safepoint    ] Entering safepoint region: Cleanup
[2019-12-09T02:35:21.723+0000][1][safepoint    ] Leaving safepoint region
[2019-12-09T02:35:21.723+0000][1][safepoint    ] Total time for which application threads were stopped: 0.0000720 seconds, Stopping threads took: 0.0000148 seconds
[2019-12-09T02:35:22.723+0000][1][safepoint    ] Application time: 1.0000764 seconds
[2019-12-09T02:35:22.723+0000][1][safepoint    ] Entering safepoint region: Cleanup
[2019-12-09T02:35:22.724+0000][1][safepoint    ] Leaving safepoint region
[2019-12-09T02:35:22.724+0000][1][safepoint    ] Total time for which application threads were stopped: 0.0000804 seconds, Stopping threads took: 0.0000169 seconds
[2019-12-09T02:35:23.724+0000][1][safepoint    ] Application time: 1.0000761 seconds
[2019-12-09T02:35:23.724+0000][1][safepoint    ] Entering safepoint region: Cleanup
[2019-12-09T02:35:23.724+0000][1][safepoint    ] Leaving safepoint region
[2019-12-09T02:35:23.724+0000][1][safepoint    ] Total time for which application threads were stopped: 0.0000868 seconds, Stopping threads took: 0.0000158 seconds
[2019-12-09T02:35:24.724+0000][1][safepoint    ] Application time: 1.0000752 seconds
[2019-12-09T02:35:24.724+0000][1][safepoint    ] Entering safepoint region: Cleanup
[2019-12-09T02:35:24.724+0000][1][safepoint    ] Leaving safepoint region
[2019-12-09T02:35:24.724+0000][1][safepoint    ] Total time for which application threads were stopped: 0.0000747 seconds, Stopping threads took: 0.0000168 seconds
[2019-12-09T02:35:25.724+0000][1][safepoint    ] Application time: 1.0000749 seconds
[2019-12-09T02:35:25.724+0000][1][safepoint    ] Entering safepoint region: Cleanup
[2019-12-09T02:35:25.724+0000][1][safepoint    ] Leaving safepoint region
[2019-12-09T02:35:25.724+0000][1][safepoint    ] Total time for which application threads were stopped: 0.0000781 seconds, Stopping threads took: 0.0000180 seconds
[2019-12-09T02:35:26.724+0000][1][safepoint    ] Application time: 1.0000770 seconds
[2019-12-09T02:35:26.724+0000][1][safepoint    ] Entering safepoint region: Cleanup
[2019-12-09T02:35:26.724+0000][1][safepoint    ] Leaving safepoint region
[2019-12-09T02:35:26.724+0000][1][safepoint    ] Total time for which application threads were stopped: 0.0000790 seconds, Stopping threads took: 0.0000165 seconds
[2019-12-09T02:35:27.724+0000][1][safepoint    ] Application time: 1.0000775 seconds
[2019-12-09T02:35:27.724+0000][1][safepoint    ] Entering safepoint region: Cleanup
[2019-12-09T02:35:27.725+0000][1][safepoint    ] Leaving safepoint region
[2019-12-09T02:35:27.725+0000][1][safepoint    ] Total time for which application threads were stopped: 0.0000829 seconds, Stopping threads took: 0.0000178 seconds
[2019-12-09T02:35:28.725+0000][1][safepoint    ] Application time: 1.0000760 seconds
[2019-12-09T02:35:28.725+0000][1][safepoint    ] Entering safepoint region: Cleanup
[2019-12-09T02:35:28.725+0000][1][safepoint    ] Leaving safepoint region
[2019-12-09T02:35:28.725+0000][1][safepoint    ] Total time for which application threads were stopped: 0.0001036 seconds, Stopping threads took: 0.0000251 seconds
[2019-12-09T02:35:29.725+0000][1][safepoint    ] Application time: 1.0000777 seconds
[2019-12-09T02:35:29.725+0000][1][safepoint    ] Entering safepoint region: Cleanup
[2019-12-09T02:35:29.725+0000][1][safepoint    ] Leaving safepoint region
[2019-12-09T02:35:29.725+0000][1][safepoint    ] Total time for which application threads were stopped: 0.0000779 seconds, Stopping threads took: 0.0000162 seconds
[2019-12-09T02:35:30.725+0000][1][safepoint    ] Application time: 1.0000781 seconds
[2019-12-09T02:35:30.725+0000][1][safepoint    ] Entering safepoint region: Cleanup
[2019-12-09T02:35:30.725+0000][1][safepoint    ] Leaving safepoint region
[2019-12-09T02:35:30.725+0000][1][safepoint    ] Total time for which application threads were stopped: 0.0000879 seconds, Stopping threads took: 0.0000251 seconds
[2019-12-09T02:35:31.750+0000][1][safepoint    ] Application time: 1.0245629 seconds
[2019-12-09T02:35:31.750+0000][1][safepoint    ] Entering safepoint region: Cleanup
[2019-12-09T02:35:31.750+0000][1][safepoint    ] Leaving safepoint region
[2019-12-09T02:35:31.750+0000][1][safepoint    ] Total time for which application threads were stopped: 0.0001196 seconds, Stopping threads took: 0.0000459 seconds
[2019-12-09T02:35:32.750+0000][1][safepoint    ] Application time: 1.0000856 seconds
[2019-12-09T02:35:32.750+0000][1][safepoint    ] Entering safepoint region: Cleanup
[2019-12-09T02:35:32.750+0000][1][safepoint    ] Leaving safepoint region
[2019-12-09T02:35:32.750+0000][1][safepoint    ] Total time for which application threads were stopped: 0.0000881 seconds, Stopping threads took: 0.0000185 seconds
[2019-12-09T02:35:33.750+0000][1][safepoint    ] Application time: 1.0000788 seconds
[2019-12-09T02:35:33.750+0000][1][safepoint    ] Entering safepoint region: Cleanup
[2019-12-09T02:35:33.750+0000][1][safepoint    ] Leaving safepoint region
[2019-12-09T02:35:33.750+0000][1][safepoint    ] Total time for which application threads were stopped: 0.0000800 seconds, Stopping threads took: 0.0000174 seconds
[2019-12-09T02:35:34.751+0000][1][safepoint    ] Application time: 1.0004909 seconds
[2019-12-09T02:35:34.751+0000][1][safepoint    ] Entering safepoint region: Cleanup
[2019-12-09T02:35:34.751+0000][1][safepoint    ] Leaving safepoint region
[2019-12-09T02:35:34.751+0000][1][safepoint    ] Total time for which application threads were stopped: 0.0001100 seconds, Stopping threads took: 0.0000251 seconds
[2019-12-09T02:35:35.751+0000][1][safepoint    ] Application time: 1.0000752 seconds
[2019-12-09T02:35:35.751+0000][1][safepoint    ] Entering safepoint region: Cleanup
[2019-12-09T02:35:35.751+0000][1][safepoint    ] Leaving safepoint region
[2019-12-09T02:35:35.751+0000][1][safepoint    ] Total time for which application threads were stopped: 0.0000786 seconds, Stopping threads took: 0.0000173 seconds
[2019-12-09T02:35:36.751+0000][1][safepoint    ] Application time: 1.0000757 seconds
[2019-12-09T02:35:36.751+0000][1][safepoint    ] Entering safepoint region: Cleanup
[2019-12-09T02:35:36.751+0000][1][safepoint    ] Leaving safepoint region
[2019-12-09T02:35:36.751+0000][1][safepoint    ] Total time for which application threads were stopped: 0.0000803 seconds, Stopping threads took: 0.0000165 seconds
[2019-12-09T02:35:37.751+0000][1][safepoint    ] Application time: 1.0000747 seconds
[2019-12-09T02:35:37.751+0000][1][safepoint    ] Entering safepoint region: Cleanup
[2019-12-09T02:35:37.752+0000][1][safepoint    ] Leaving safepoint region
[2019-12-09T02:35:37.752+0000][1][safepoint    ] Total time for which application threads were stopped: 0.0000778 seconds, Stopping threads took: 0.0000182 seconds
[2019-12-09T02:35:38.752+0000][1][safepoint    ] Application time: 1.0000757 seconds
[2019-12-09T02:35:38.752+0000][1][safepoint    ] Entering safepoint region: Cleanup
[2019-12-09T02:35:38.752+0000][1][safepoint    ] Leaving safepoint region
[2019-12-09T02:35:38.752+0000][1][safepoint    ] Total time for which application threads were stopped: 0.0000969 seconds, Stopping threads took: 0.0000244 seconds
[2019-12-09T02:35:39.752+0000][1][safepoint    ] Application time: 1.0000760 seconds
[2019-12-09T02:35:39.752+0000][1][safepoint    ] Entering safepoint region: Cleanup
[2019-12-09T02:35:39.752+0000][1][safepoint    ] Leaving safepoint region
[2019-12-09T02:35:39.752+0000][1][safepoint    ] Total time for which application threads were stopped: 0.0000826 seconds, Stopping threads took: 0.0000173 seconds
[2019-12-09T02:35:40.752+0000][1][safepoint    ] Application time: 1.0000757 seconds
[2019-12-09T02:35:40.752+0000][1][safepoint    ] Entering safepoint region: Cleanup
[2019-12-09T02:35:40.752+0000][1][safepoint    ] Leaving safepoint region
[2019-12-09T02:35:40.752+0000][1][safepoint    ] Total time for which application threads were stopped: 0.0000808 seconds, Stopping threads took: 0.0000225 seconds
[2019-12-09T02:35:41.752+0000][1][safepoint    ] Application time: 1.0000769 seconds
[2019-12-09T02:35:41.752+0000][1][safepoint    ] Entering safepoint region: Cleanup
[2019-12-09T02:35:41.752+0000][1][safepoint    ] Leaving safepoint region
[2019-12-09T02:35:41.752+0000][1][safepoint    ] Total time for which application threads were stopped: 0.0000781 seconds, Stopping threads took: 0.0000174 seconds
[2019-12-09T02:35:42.752+0000][1][safepoint    ] Application time: 1.0000761 seconds
[2019-12-09T02:35:42.752+0000][1][safepoint    ] Entering safepoint region: Cleanup
[2019-12-09T02:35:42.753+0000][1][safepoint    ] Leaving safepoint region
[2019-12-09T02:35:42.753+0000][1][safepoint    ] Total time for which application threads were stopped: 0.0000836 seconds, Stopping threads took: 0.0000174 seconds
[2019-12-09T02:35:43.753+0000][1][safepoint    ] Application time: 1.0000759 seconds
[2019-12-09T02:35:43.753+0000][1][safepoint    ] Entering safepoint region: Cleanup
[2019-12-09T02:35:43.753+0000][1][safepoint    ] Leaving safepoint region
[2019-12-09T02:35:43.753+0000][1][safepoint    ] Total time for which application threads were stopped: 0.0000971 seconds, Stopping threads took: 0.0000168 seconds
[2019-12-09T02:35:44.753+0000][1][safepoint    ] Application time: 1.0000744 seconds
[2019-12-09T02:35:44.753+0000][1][safepoint    ] Entering safepoint region: Cleanup
[2019-12-09T02:35:44.753+0000][1][safepoint    ] Leaving safepoint region
[2019-12-09T02:35:44.753+0000][1][safepoint    ] Total time for which application threads were stopped: 0.0000801 seconds, Stopping threads took: 0.0000164 seconds
[2019-12-09T02:35:45.753+0000][1][safepoint    ] Application time: 1.0000782 seconds
[2019-12-09T02:35:45.753+0000][1][safepoint    ] Entering safepoint region: Cleanup
[2019-12-09T02:35:45.753+0000][1][safepoint    ] Leaving safepoint region
[2019-12-09T02:35:45.753+0000][1][safepoint    ] Total time for which application threads were stopped: 0.0000792 seconds, Stopping threads took: 0.0000175 seconds
[2019-12-09T02:35:46.753+0000][1][safepoint    ] Application time: 1.0000762 seconds
[2019-12-09T02:35:46.753+0000][1][safepoint    ] Entering safepoint region: Cleanup
[2019-12-09T02:35:46.753+0000][1][safepoint    ] Leaving safepoint region
[2019-12-09T02:35:46.753+0000][1][safepoint    ] Total time for which application threads were stopped: 0.0000733 seconds, Stopping threads took: 0.0000163 seconds
[2019-12-09T02:35:47.753+0000][1][safepoint    ] Application time: 1.0000821 seconds
[2019-12-09T02:35:47.753+0000][1][safepoint    ] Entering safepoint region: Cleanup
[2019-12-09T02:35:47.754+0000][1][safepoint    ] Leaving safepoint region
[2019-12-09T02:35:47.754+0000][1][safepoint    ] Total time for which application threads were stopped: 0.0000773 seconds, Stopping threads took: 0.0000177 seconds
[2019-12-09T02:35:48.754+0000][1][safepoint    ] Application time: 1.0000767 seconds
[2019-12-09T02:35:48.754+0000][1][safepoint    ] Entering safepoint region: Cleanup
[2019-12-09T02:35:48.754+0000][1][safepoint    ] Leaving safepoint region
[2019-12-09T02:35:48.754+0000][1][safepoint    ] Total time for which application threads were stopped: 0.0000869 seconds, Stopping threads took: 0.0000170 seconds
[2019-12-09T02:35:48.863+0000][1][safepoint    ] Application time: 0.1096089 seconds
[2019-12-09T02:35:48.863+0000][1][safepoint    ] Entering safepoint region: GenCollectForAllocation
[2019-12-09T02:35:48.863+0000][1][gc,start     ] GC(25) Pause Young (Allocation Failure)
[2019-12-09T02:35:48.864+0000][1][gc,task      ] GC(25) Using 2 workers of 2 for evacuation
[2019-12-09T02:35:48.880+0000][1][gc,age       ] GC(25) Desired survivor size 4456448 bytes, new threshold 6 (max threshold 6)
[2019-12-09T02:35:48.880+0000][1][gc,age       ] GC(25) Age table with threshold 6 (max threshold 6)
[2019-12-09T02:35:48.880+0000][1][gc,age       ] GC(25) - age   1:      37032 bytes,      37032 total
[2019-12-09T02:35:48.880+0000][1][gc,age       ] GC(25) - age   2:    1849960 bytes,    1886992 total
[2019-12-09T02:35:48.880+0000][1][gc,heap      ] GC(25) ParNew: 78656K->5754K(78656K)
[2019-12-09T02:35:48.880+0000][1][gc,heap      ] GC(25) CMS: 64551K->68201K(174784K)
[2019-12-09T02:35:48.880+0000][1][gc,metaspace ] GC(25) Metaspace: 68534K->68534K(1112064K)
[2019-12-09T02:35:48.880+0000][1][gc           ] GC(25) Pause Young (Allocation Failure) 139M->72M(247M) 16.298ms
[2019-12-09T02:35:48.880+0000][1][gc,cpu       ] GC(25) User=0.03s Sys=0.00s Real=0.02s
[2019-12-09T02:35:48.880+0000][1][safepoint    ] Leaving safepoint region
[2019-12-09T02:35:48.880+0000][1][safepoint    ] Total time for which application threads were stopped: 0.0164410 seconds, Stopping threads took: 0.0000159 seconds
[2019-12-09T02:35:49.880+0000][1][safepoint    ] Application time: 1.0000854 seconds
[2019-12-09T02:35:49.880+0000][1][safepoint    ] Entering safepoint region: Cleanup
[2019-12-09T02:35:49.880+0000][1][safepoint    ] Leaving safepoint region
[2019-12-09T02:35:49.880+0000][1][safepoint    ] Total time for which application threads were stopped: 0.0000749 seconds, Stopping threads took: 0.0000157 seconds
[2019-12-09T02:35:50.880+0000][1][safepoint    ] Application time: 1.0000779 seconds
[2019-12-09T02:35:50.880+0000][1][safepoint    ] Entering safepoint region: Cleanup
[2019-12-09T02:35:50.880+0000][1][safepoint    ] Leaving safepoint region
[2019-12-09T02:35:50.880+0000][1][safepoint    ] Total time for which application threads were stopped: 0.0000911 seconds, Stopping threads took: 0.0000186 seconds
[2019-12-09T02:35:51.880+0000][1][safepoint    ] Application time: 1.0000772 seconds
[2019-12-09T02:35:51.880+0000][1][safepoint    ] Entering safepoint region: Cleanup
[2019-12-09T02:35:51.880+0000][1][safepoint    ] Leaving safepoint region
[2019-12-09T02:35:51.880+0000][1][safepoint    ] Total time for which application threads were stopped: 0.0000766 seconds, Stopping threads took: 0.0000149 seconds
[2019-12-09T02:35:52.881+0000][1][safepoint    ] Application time: 1.0000758 seconds
[2019-12-09T02:35:52.881+0000][1][safepoint    ] Entering safepoint region: Cleanup
[2019-12-09T02:35:52.881+0000][1][safepoint    ] Leaving safepoint region
[2019-12-09T02:35:52.881+0000][1][safepoint    ] Total time for which application threads were stopped: 0.0000772 seconds, Stopping threads took: 0.0000163 seconds
[2019-12-09T02:35:53.881+0000][1][safepoint    ] Application time: 1.0000725 seconds
[2019-12-09T02:35:53.881+0000][1][safepoint    ] Entering safepoint region: Cleanup
[2019-12-09T02:35:53.881+0000][1][safepoint    ] Leaving safepoint region
[2019-12-09T02:35:53.881+0000][1][safepoint    ] Total time for which application threads were stopped: 0.0000762 seconds, Stopping threads took: 0.0000170 seconds
[2019-12-09T02:35:54.881+0000][1][safepoint    ] Application time: 1.0000810 seconds
[2019-12-09T02:35:54.881+0000][1][safepoint    ] Entering safepoint region: Cleanup
[2019-12-09T02:35:54.881+0000][1][safepoint    ] Leaving safepoint region
[2019-12-09T02:35:54.881+0000][1][safepoint    ] Total time for which application threads were stopped: 0.0000801 seconds, Stopping threads took: 0.0000189 seconds
[2019-12-09T02:35:55.881+0000][1][safepoint    ] Application time: 1.0000742 seconds
[2019-12-09T02:35:55.881+0000][1][safepoint    ] Entering safepoint region: Cleanup
[2019-12-09T02:35:55.881+0000][1][safepoint    ] Leaving safepoint region
[2019-12-09T02:35:55.881+0000][1][safepoint    ] Total time for which application threads were stopped: 0.0000759 seconds, Stopping threads took: 0.0000172 seconds
[2019-12-09T02:35:56.881+0000][1][safepoint    ] Application time: 1.0000780 seconds
[2019-12-09T02:35:56.881+0000][1][safepoint    ] Entering safepoint region: Cleanup
[2019-12-09T02:35:56.881+0000][1][safepoint    ] Leaving safepoint region
[2019-12-09T02:35:56.881+0000][1][safepoint    ] Total time for which application threads were stopped: 0.0000724 seconds, Stopping threads took: 0.0000155 seconds
[2019-12-09T02:35:57.882+0000][1][safepoint    ] Application time: 1.0000825 seconds
[2019-12-09T02:35:57.882+0000][1][safepoint    ] Entering safepoint region: Cleanup
[2019-12-09T02:35:57.882+0000][1][safepoint    ] Leaving safepoint region
[2019-12-09T02:35:57.882+0000][1][safepoint    ] Total time for which application threads were stopped: 0.0001096 seconds, Stopping threads took: 0.0000261 seconds
[2019-12-09T02:35:58.882+0000][1][safepoint    ] Application time: 1.0000775 seconds
[2019-12-09T02:35:58.882+0000][1][safepoint    ] Entering safepoint region: Cleanup
[2019-12-09T02:35:58.882+0000][1][safepoint    ] Leaving safepoint region
[2019-12-09T02:35:58.882+0000][1][safepoint    ] Total time for which application threads were stopped: 0.0000754 seconds, Stopping threads took: 0.0000157 seconds
[2019-12-09T02:35:59.882+0000][1][safepoint    ] Application time: 1.0000763 seconds
[2019-12-09T02:35:59.882+0000][1][safepoint    ] Entering safepoint region: Cleanup
[2019-12-09T02:35:59.882+0000][1][safepoint    ] Leaving safepoint region
[2019-12-09T02:35:59.882+0000][1][safepoint    ] Total time for which application threads were stopped: 0.0000801 seconds, Stopping threads took: 0.0000179 seconds
[2019-12-09T02:36:00.882+0000][1][safepoint    ] Application time: 1.0000780 seconds
[2019-12-09T02:36:00.882+0000][1][safepoint    ] Entering safepoint region: Cleanup
[2019-12-09T02:36:00.882+0000][1][safepoint    ] Leaving safepoint region
[2019-12-09T02:36:00.882+0000][1][safepoint    ] Total time for which application threads were stopped: 0.0000820 seconds, Stopping threads took: 0.0000176 seconds
[2019-12-09T02:36:01.882+0000][1][safepoint    ] Application time: 1.0000803 seconds
[2019-12-09T02:36:01.882+0000][1][safepoint    ] Entering safepoint region: Cleanup
[2019-12-09T02:36:01.882+0000][1][safepoint    ] Leaving safepoint region
[2019-12-09T02:36:01.882+0000][1][safepoint    ] Total time for which application threads were stopped: 0.0000799 seconds, Stopping threads took: 0.0000184 seconds
[2019-12-09T02:36:02.883+0000][1][safepoint    ] Application time: 1.0000740 seconds
[2019-12-09T02:36:02.883+0000][1][safepoint    ] Entering safepoint region: Cleanup
[2019-12-09T02:36:02.883+0000][1][safepoint    ] Leaving safepoint region
[2019-12-09T02:36:02.883+0000][1][safepoint    ] Total time for which application threads were stopped: 0.0000963 seconds, Stopping threads took: 0.0000159 seconds
[2019-12-09T02:36:03.883+0000][1][safepoint    ] Application time: 1.0000745 seconds
[2019-12-09T02:36:03.883+0000][1][safepoint    ] Entering safepoint region: Cleanup
[2019-12-09T02:36:03.883+0000][1][safepoint    ] Leaving safepoint region
[2019-12-09T02:36:03.883+0000][1][safepoint    ] Total time for which application threads were stopped: 0.0000753 seconds, Stopping threads took: 0.0000157 seconds
[2019-12-09T02:36:04.883+0000][1][safepoint    ] Application time: 1.0000737 seconds
[2019-12-09T02:36:04.883+0000][1][safepoint    ] Entering safepoint region: Cleanup
[2019-12-09T02:36:04.883+0000][1][safepoint    ] Leaving safepoint region
[2019-12-09T02:36:04.883+0000][1][safepoint    ] Total time for which application threads were stopped: 0.0000802 seconds, Stopping threads took: 0.0000169 seconds
[2019-12-09T02:36:05.883+0000][1][safepoint    ] Application time: 1.0000779 seconds
[2019-12-09T02:36:05.883+0000][1][safepoint    ] Entering safepoint region: Cleanup
[2019-12-09T02:36:05.883+0000][1][safepoint    ] Leaving safepoint region
[2019-12-09T02:36:05.883+0000][1][safepoint    ] Total time for which application threads were stopped: 0.0000858 seconds, Stopping threads took: 0.0000175 seconds
[2019-12-09T02:36:06.883+0000][1][safepoint    ] Application time: 1.0000768 seconds
[2019-12-09T02:36:06.883+0000][1][safepoint    ] Entering safepoint region: Cleanup
[2019-12-09T02:36:06.883+0000][1][safepoint    ] Leaving safepoint region
[2019-12-09T02:36:06.883+0000][1][safepoint    ] Total time for which application threads were stopped: 0.0000746 seconds, Stopping threads took: 0.0000164 seconds
[2019-12-09T02:36:07.884+0000][1][safepoint    ] Application time: 1.0000790 seconds
[2019-12-09T02:36:07.884+0000][1][safepoint    ] Entering safepoint region: Cleanup
[2019-12-09T02:36:07.884+0000][1][safepoint    ] Leaving safepoint region
[2019-12-09T02:36:07.884+0000][1][safepoint    ] Total time for which application threads were stopped: 0.0000923 seconds, Stopping threads took: 0.0000180 seconds
[2019-12-09T02:36:08.884+0000][1][safepoint    ] Application time: 1.0000762 seconds
[2019-12-09T02:36:08.884+0000][1][safepoint    ] Entering safepoint region: Cleanup
[2019-12-09T02:36:08.884+0000][1][safepoint    ] Leaving safepoint region
[2019-12-09T02:36:08.884+0000][1][safepoint    ] Total time for which application threads were stopped: 0.0000850 seconds, Stopping threads took: 0.0000229 seconds
[2019-12-09T02:36:09.884+0000][1][safepoint    ] Application time: 1.0000341 seconds
[2019-12-09T02:36:09.884+0000][1][safepoint    ] Entering safepoint region: Cleanup
[2019-12-09T02:36:09.884+0000][1][safepoint    ] Leaving safepoint region
[2019-12-09T02:36:09.884+0000][1][safepoint    ] Total time for which application threads were stopped: 0.0000780 seconds, Stopping threads took: 0.0000213 seconds
[2019-12-09T02:36:10.884+0000][1][safepoint    ] Application time: 1.0000750 seconds
[2019-12-09T02:36:10.884+0000][1][safepoint    ] Entering safepoint region: Cleanup
[2019-12-09T02:36:10.884+0000][1][safepoint    ] Leaving safepoint region
[2019-12-09T02:36:10.884+0000][1][safepoint    ] Total time for which application threads were stopped: 0.0000733 seconds, Stopping threads took: 0.0000151 seconds
[2019-12-09T02:36:11.884+0000][1][safepoint    ] Application time: 1.0000781 seconds
[2019-12-09T02:36:11.884+0000][1][safepoint    ] Entering safepoint region: Cleanup
[2019-12-09T02:36:11.884+0000][1][safepoint    ] Leaving safepoint region
[2019-12-09T02:36:11.884+0000][1][safepoint    ] Total time for which application threads were stopped: 0.0000749 seconds, Stopping threads took: 0.0000166 seconds
[2019-12-09T02:36:12.885+0000][1][safepoint    ] Application time: 1.0000756 seconds
[2019-12-09T02:36:12.885+0000][1][safepoint    ] Entering safepoint region: Cleanup
[2019-12-09T02:36:12.885+0000][1][safepoint    ] Leaving safepoint region
[2019-12-09T02:36:12.885+0000][1][safepoint    ] Total time for which application threads were stopped: 0.0000747 seconds, Stopping threads took: 0.0000157 seconds
[2019-12-09T02:36:13.885+0000][1][safepoint    ] Application time: 1.0000915 seconds
[2019-12-09T02:36:13.885+0000][1][safepoint    ] Entering safepoint region: Cleanup
[2019-12-09T02:36:13.885+0000][1][safepoint    ] Leaving safepoint region
[2019-12-09T02:36:13.885+0000][1][safepoint    ] Total time for which application threads were stopped: 0.0000774 seconds, Stopping threads took: 0.0000165 seconds
[2019-12-09T02:36:14.885+0000][1][safepoint    ] Application time: 1.0000751 seconds
[2019-12-09T02:36:14.885+0000][1][safepoint    ] Entering safepoint region: Cleanup
[2019-12-09T02:36:14.885+0000][1][safepoint    ] Leaving safepoint region
[2019-12-09T02:36:14.885+0000][1][safepoint    ] Total time for which application threads were stopped: 0.0000763 seconds, Stopping threads took: 0.0000154 seconds
[2019-12-09T02:36:15.885+0000][1][safepoint    ] Application time: 1.0000743 seconds
[2019-12-09T02:36:15.885+0000][1][safepoint    ] Entering safepoint region: Cleanup
[2019-12-09T02:36:15.885+0000][1][safepoint    ] Leaving safepoint region
[2019-12-09T02:36:15.885+0000][1][safepoint    ] Total time for which application threads were stopped: 0.0000749 seconds, Stopping threads took: 0.0000157 seconds
[2019-12-09T02:36:16.885+0000][1][safepoint    ] Application time: 1.0000756 seconds
[2019-12-09T02:36:16.885+0000][1][safepoint    ] Entering safepoint region: Cleanup
[2019-12-09T02:36:16.885+0000][1][safepoint    ] Leaving safepoint region
[2019-12-09T02:36:16.885+0000][1][safepoint    ] Total time for which application threads were stopped: 0.0000736 seconds, Stopping threads took: 0.0000158 seconds
[2019-12-09T02:36:17.885+0000][1][safepoint    ] Application time: 1.0000744 seconds
[2019-12-09T02:36:17.885+0000][1][safepoint    ] Entering safepoint region: Cleanup
[2019-12-09T02:36:17.886+0000][1][safepoint    ] Leaving safepoint region
[2019-12-09T02:36:17.886+0000][1][safepoint    ] Total time for which application threads were stopped: 0.0000783 seconds, Stopping threads took: 0.0000158 seconds
[2019-12-09T02:36:18.886+0000][1][safepoint    ] Application time: 1.0000757 seconds
[2019-12-09T02:36:18.886+0000][1][safepoint    ] Entering safepoint region: Cleanup
[2019-12-09T02:36:18.886+0000][1][safepoint    ] Leaving safepoint region
[2019-12-09T02:36:18.886+0000][1][safepoint    ] Total time for which application threads were stopped: 0.0000895 seconds, Stopping threads took: 0.0000255 seconds
[2019-12-09T02:36:19.886+0000][1][safepoint    ] Application time: 1.0000746 seconds
[2019-12-09T02:36:19.886+0000][1][safepoint    ] Entering safepoint region: Cleanup
[2019-12-09T02:36:19.886+0000][1][safepoint    ] Leaving safepoint region
[2019-12-09T02:36:19.886+0000][1][safepoint    ] Total time for which application threads were stopped: 0.0000869 seconds, Stopping threads took: 0.0000176 seconds
[2019-12-09T02:36:20.886+0000][1][safepoint    ] Application time: 1.0000752 seconds
[2019-12-09T02:36:20.886+0000][1][safepoint    ] Entering safepoint region: Cleanup
[2019-12-09T02:36:20.886+0000][1][safepoint    ] Leaving safepoint region
[2019-12-09T02:36:20.886+0000][1][safepoint    ] Total time for which application threads were stopped: 0.0000805 seconds, Stopping threads took: 0.0000184 seconds
[2019-12-09T02:36:21.886+0000][1][safepoint    ] Application time: 1.0000761 seconds
[2019-12-09T02:36:21.886+0000][1][safepoint    ] Entering safepoint region: Cleanup
[2019-12-09T02:36:21.886+0000][1][safepoint    ] Leaving safepoint region
[2019-12-09T02:36:21.886+0000][1][safepoint    ] Total time for which application threads were stopped: 0.0000798 seconds, Stopping threads took: 0.0000169 seconds
[2019-12-09T02:36:22.886+0000][1][safepoint    ] Application time: 1.0000749 seconds
[2019-12-09T02:36:22.886+0000][1][safepoint    ] Entering safepoint region: Cleanup
[2019-12-09T02:36:22.887+0000][1][safepoint    ] Leaving safepoint region
[2019-12-09T02:36:22.887+0000][1][safepoint    ] Total time for which application threads were stopped: 0.0000738 seconds, Stopping threads took: 0.0000157 seconds
[2019-12-09T02:36:23.887+0000][1][safepoint    ] Application time: 1.0000745 seconds
[2019-12-09T02:36:23.887+0000][1][safepoint    ] Entering safepoint region: Cleanup
[2019-12-09T02:36:23.887+0000][1][safepoint    ] Leaving safepoint region
[2019-12-09T02:36:23.887+0000][1][safepoint    ] Total time for which application threads were stopped: 0.0000925 seconds, Stopping threads took: 0.0000155 seconds
[2019-12-09T02:36:24.887+0000][1][safepoint    ] Application time: 1.0000764 seconds
[2019-12-09T02:36:24.887+0000][1][safepoint    ] Entering safepoint region: Cleanup
[2019-12-09T02:36:24.887+0000][1][safepoint    ] Leaving safepoint region
[2019-12-09T02:36:24.887+0000][1][safepoint    ] Total time for which application threads were stopped: 0.0000725 seconds, Stopping threads took: 0.0000145 seconds
[2019-12-09T02:36:25.887+0000][1][safepoint    ] Application time: 1.0000778 seconds
[2019-12-09T02:36:25.887+0000][1][safepoint    ] Entering safepoint region: Cleanup
[2019-12-09T02:36:25.887+0000][1][safepoint    ] Leaving safepoint region
[2019-12-09T02:36:25.887+0000][1][safepoint    ] Total time for which application threads were stopped: 0.0000720 seconds, Stopping threads took: 0.0000155 seconds
[2019-12-09T02:36:26.887+0000][1][safepoint    ] Application time: 1.0000775 seconds
[2019-12-09T02:36:26.887+0000][1][safepoint    ] Entering safepoint region: Cleanup
[2019-12-09T02:36:26.887+0000][1][safepoint    ] Leaving safepoint region
[2019-12-09T02:36:26.887+0000][1][safepoint    ] Total time for which application threads were stopped: 0.0000751 seconds, Stopping threads took: 0.0000148 seconds
[2019-12-09T02:36:27.887+0000][1][safepoint    ] Application time: 1.0000745 seconds
[2019-12-09T02:36:27.887+0000][1][safepoint    ] Entering safepoint region: Cleanup
[2019-12-09T02:36:27.887+0000][1][safepoint    ] Leaving safepoint region
[2019-12-09T02:36:27.887+0000][1][safepoint    ] Total time for which application threads were stopped: 0.0000764 seconds, Stopping threads took: 0.0000170 seconds
[2019-12-09T02:36:28.888+0000][1][safepoint    ] Application time: 1.0000726 seconds
[2019-12-09T02:36:28.888+0000][1][safepoint    ] Entering safepoint region: Cleanup
[2019-12-09T02:36:28.888+0000][1][safepoint    ] Leaving safepoint region
[2019-12-09T02:36:28.888+0000][1][safepoint    ] Total time for which application threads were stopped: 0.0000713 seconds, Stopping threads took: 0.0000152 seconds
[2019-12-09T02:36:29.888+0000][1][safepoint    ] Application time: 1.0000849 seconds
[2019-12-09T02:36:29.888+0000][1][safepoint    ] Entering safepoint region: Cleanup
[2019-12-09T02:36:29.888+0000][1][safepoint    ] Leaving safepoint region
[2019-12-09T02:36:29.888+0000][1][safepoint    ] Total time for which application threads were stopped: 0.0000737 seconds, Stopping threads took: 0.0000151 seconds
[2019-12-09T02:36:30.888+0000][1][safepoint    ] Application time: 1.0000755 seconds
[2019-12-09T02:36:30.888+0000][1][safepoint    ] Entering safepoint region: Cleanup
[2019-12-09T02:36:30.888+0000][1][safepoint    ] Leaving safepoint region
[2019-12-09T02:36:30.888+0000][1][safepoint    ] Total time for which application threads were stopped: 0.0000734 seconds, Stopping threads took: 0.0000150 seconds
[2019-12-09T02:36:31.888+0000][1][safepoint    ] Application time: 1.0000772 seconds
[2019-12-09T02:36:31.888+0000][1][safepoint    ] Entering safepoint region: Cleanup
[2019-12-09T02:36:31.888+0000][1][safepoint    ] Leaving safepoint region
[2019-12-09T02:36:31.888+0000][1][safepoint    ] Total time for which application threads were stopped: 0.0000807 seconds, Stopping threads took: 0.0000166 seconds
[2019-12-09T02:36:32.888+0000][1][safepoint    ] Application time: 1.0000759 seconds
[2019-12-09T02:36:32.888+0000][1][safepoint    ] Entering safepoint region: Cleanup
[2019-12-09T02:36:32.888+0000][1][safepoint    ] Leaving safepoint region
[2019-12-09T02:36:32.888+0000][1][safepoint    ] Total time for which application threads were stopped: 0.0000732 seconds, Stopping threads took: 0.0000159 seconds
[2019-12-09T02:36:33.889+0000][1][safepoint    ] Application time: 1.0000768 seconds
[2019-12-09T02:36:33.889+0000][1][safepoint    ] Entering safepoint region: Cleanup
[2019-12-09T02:36:33.889+0000][1][safepoint    ] Leaving safepoint region
[2019-12-09T02:36:33.889+0000][1][safepoint    ] Total time for which application threads were stopped: 0.0000769 seconds, Stopping threads took: 0.0000157 seconds
[2019-12-09T02:36:34.889+0000][1][safepoint    ] Application time: 1.0000767 seconds
[2019-12-09T02:36:34.889+0000][1][safepoint    ] Entering safepoint region: Cleanup
[2019-12-09T02:36:34.889+0000][1][safepoint    ] Leaving safepoint region
[2019-12-09T02:36:34.889+0000][1][safepoint    ] Total time for which application threads were stopped: 0.0000761 seconds, Stopping threads took: 0.0000146 seconds
[2019-12-09T02:36:35.889+0000][1][safepoint    ] Application time: 1.0000766 seconds
[2019-12-09T02:36:35.889+0000][1][safepoint    ] Entering safepoint region: Cleanup
[2019-12-09T02:36:35.889+0000][1][safepoint    ] Leaving safepoint region
[2019-12-09T02:36:35.889+0000][1][safepoint    ] Total time for which application threads were stopped: 0.0000739 seconds, Stopping threads took: 0.0000168 seconds
[2019-12-09T02:36:36.889+0000][1][safepoint    ] Application time: 1.0000762 seconds
[2019-12-09T02:36:36.889+0000][1][safepoint    ] Entering safepoint region: Cleanup
[2019-12-09T02:36:36.889+0000][1][safepoint    ] Leaving safepoint region
[2019-12-09T02:36:36.889+0000][1][safepoint    ] Total time for which application threads were stopped: 0.0000727 seconds, Stopping threads took: 0.0000157 seconds
[2019-12-09T02:36:37.889+0000][1][safepoint    ] Application time: 1.0000755 seconds
[2019-12-09T02:36:37.889+0000][1][safepoint    ] Entering safepoint region: Cleanup
[2019-12-09T02:36:37.889+0000][1][safepoint    ] Leaving safepoint region
[2019-12-09T02:36:37.889+0000][1][safepoint    ] Total time for which application threads were stopped: 0.0000771 seconds, Stopping threads took: 0.0000166 seconds
[2019-12-09T02:36:38.889+0000][1][safepoint    ] Application time: 1.0000765 seconds
[2019-12-09T02:36:38.889+0000][1][safepoint    ] Entering safepoint region: Cleanup
[2019-12-09T02:36:38.890+0000][1][safepoint    ] Leaving safepoint region
[2019-12-09T02:36:38.890+0000][1][safepoint    ] Total time for which application threads were stopped: 0.0000766 seconds, Stopping threads took: 0.0000216 seconds
[2019-12-09T02:36:39.890+0000][1][safepoint    ] Application time: 1.0000769 seconds
[2019-12-09T02:36:39.890+0000][1][safepoint    ] Entering safepoint region: Cleanup
[2019-12-09T02:36:39.890+0000][1][safepoint    ] Leaving safepoint region
[2019-12-09T02:36:39.890+0000][1][safepoint    ] Total time for which application threads were stopped: 0.0000804 seconds, Stopping threads took: 0.0000147 seconds
[2019-12-09T02:36:40.890+0000][1][safepoint    ] Application time: 1.0000758 seconds
[2019-12-09T02:36:40.890+0000][1][safepoint    ] Entering safepoint region: Cleanup
[2019-12-09T02:36:40.890+0000][1][safepoint    ] Leaving safepoint region
[2019-12-09T02:36:40.890+0000][1][safepoint    ] Total time for which application threads were stopped: 0.0000721 seconds, Stopping threads took: 0.0000162 seconds
[2019-12-09T02:36:41.890+0000][1][safepoint    ] Application time: 1.0000778 seconds
[2019-12-09T02:36:41.890+0000][1][safepoint    ] Entering safepoint region: Cleanup
[2019-12-09T02:36:41.890+0000][1][safepoint    ] Leaving safepoint region
[2019-12-09T02:36:41.890+0000][1][safepoint    ] Total time for which application threads were stopped: 0.0000790 seconds, Stopping threads took: 0.0000160 seconds
[2019-12-09T02:36:42.890+0000][1][safepoint    ] Application time: 1.0000793 seconds
[2019-12-09T02:36:42.890+0000][1][safepoint    ] Entering safepoint region: Cleanup
[2019-12-09T02:36:42.890+0000][1][safepoint    ] Leaving safepoint region
[2019-12-09T02:36:42.890+0000][1][safepoint    ] Total time for which application threads were stopped: 0.0000759 seconds, Stopping threads took: 0.0000174 seconds
[2019-12-09T02:36:45.891+0000][1][safepoint    ] Application time: 3.0002158 seconds
[2019-12-09T02:36:45.891+0000][1][safepoint    ] Entering safepoint region: Cleanup
[2019-12-09T02:36:45.891+0000][1][safepoint    ] Leaving safepoint region
[2019-12-09T02:36:45.891+0000][1][safepoint    ] Total time for which application threads were stopped: 0.0000790 seconds, Stopping threads took: 0.0000160 seconds
[2019-12-09T02:36:52.868+0000][1][safepoint    ] Application time: 6.9773120 seconds
[2019-12-09T02:36:52.868+0000][1][safepoint    ] Entering safepoint region: Cleanup
[2019-12-09T02:36:52.868+0000][1][safepoint    ] Leaving safepoint region
[2019-12-09T02:36:52.868+0000][1][safepoint    ] Total time for which application threads were stopped: 0.0000936 seconds, Stopping threads took: 0.0000164 seconds
[2019-12-09T02:36:53.868+0000][1][safepoint    ] Application time: 1.0000829 seconds
[2019-12-09T02:36:53.868+0000][1][safepoint    ] Entering safepoint region: Cleanup
[2019-12-09T02:36:53.868+0000][1][safepoint    ] Leaving safepoint region
[2019-12-09T02:36:53.868+0000][1][safepoint    ] Total time for which application threads were stopped: 0.0001081 seconds, Stopping threads took: 0.0000231 seconds
[2019-12-09T02:36:54.868+0000][1][safepoint    ] Application time: 1.0000781 seconds
[2019-12-09T02:36:54.868+0000][1][safepoint    ] Entering safepoint region: Cleanup
[2019-12-09T02:36:54.869+0000][1][safepoint    ] Leaving safepoint region
[2019-12-09T02:36:54.869+0000][1][safepoint    ] Total time for which application threads were stopped: 0.0000858 seconds, Stopping threads took: 0.0000181 seconds
[2019-12-09T02:36:55.869+0000][1][safepoint    ] Application time: 1.0004983 seconds
[2019-12-09T02:36:55.869+0000][1][safepoint    ] Entering safepoint region: Cleanup
[2019-12-09T02:36:55.869+0000][1][safepoint    ] Leaving safepoint region
[2019-12-09T02:36:55.869+0000][1][safepoint    ] Total time for which application threads were stopped: 0.0001108 seconds, Stopping threads took: 0.0000229 seconds
[2019-12-09T02:36:59.871+0000][1][safepoint    ] Application time: 4.0014517 seconds
[2019-12-09T02:36:59.871+0000][1][safepoint    ] Entering safepoint region: Cleanup
[2019-12-09T02:36:59.871+0000][1][safepoint    ] Leaving safepoint region
[2019-12-09T02:36:59.871+0000][1][safepoint    ] Total time for which application threads were stopped: 0.0000845 seconds, Stopping threads took: 0.0000173 seconds
[2019-12-09T02:37:00.871+0000][1][safepoint    ] Application time: 1.0000749 seconds
[2019-12-09T02:37:00.871+0000][1][safepoint    ] Entering safepoint region: Cleanup
[2019-12-09T02:37:00.871+0000][1][safepoint    ] Leaving safepoint region
[2019-12-09T02:37:00.871+0000][1][safepoint    ] Total time for which application threads were stopped: 0.0000740 seconds, Stopping threads took: 0.0000177 seconds
[2019-12-09T02:37:01.872+0000][1][safepoint    ] Application time: 1.0007910 seconds
[2019-12-09T02:37:01.872+0000][1][safepoint    ] Entering safepoint region: Cleanup
[2019-12-09T02:37:01.872+0000][1][safepoint    ] Leaving safepoint region
[2019-12-09T02:37:01.872+0000][1][safepoint    ] Total time for which application threads were stopped: 0.0001200 seconds, Stopping threads took: 0.0000265 seconds
[2019-12-09T02:37:02.872+0000][1][safepoint    ] Application time: 1.0000772 seconds
[2019-12-09T02:37:02.872+0000][1][safepoint    ] Entering safepoint region: Cleanup
[2019-12-09T02:37:02.872+0000][1][safepoint    ] Leaving safepoint region
[2019-12-09T02:37:02.872+0000][1][safepoint    ] Total time for which application threads were stopped: 0.0000807 seconds, Stopping threads took: 0.0000180 seconds
[2019-12-09T02:37:03.872+0000][1][safepoint    ] Application time: 1.0000762 seconds
[2019-12-09T02:37:03.872+0000][1][safepoint    ] Entering safepoint region: Cleanup
[2019-12-09T02:37:03.872+0000][1][safepoint    ] Leaving safepoint region
[2019-12-09T02:37:03.872+0000][1][safepoint    ] Total time for which application threads were stopped: 0.0000789 seconds, Stopping threads took: 0.0000180 seconds
[2019-12-09T02:37:04.872+0000][1][safepoint    ] Application time: 1.0000767 seconds
[2019-12-09T02:37:04.872+0000][1][safepoint    ] Entering safepoint region: Cleanup
[2019-12-09T02:37:04.872+0000][1][safepoint    ] Leaving safepoint region
[2019-12-09T02:37:04.873+0000][1][safepoint    ] Total time for which application threads were stopped: 0.0000960 seconds, Stopping threads took: 0.0000176 seconds
[2019-12-09T02:37:05.873+0000][1][safepoint    ] Application time: 1.0000761 seconds
[2019-12-09T02:37:05.873+0000][1][safepoint    ] Entering safepoint region: Cleanup
[2019-12-09T02:37:05.873+0000][1][safepoint    ] Leaving safepoint region
[2019-12-09T02:37:05.873+0000][1][safepoint    ] Total time for which application threads were stopped: 0.0000911 seconds, Stopping threads took: 0.0000174 seconds
[2019-12-09T02:37:06.873+0000][1][safepoint    ] Application time: 1.0000788 seconds
[2019-12-09T02:37:06.873+0000][1][safepoint    ] Entering safepoint region: Cleanup
[2019-12-09T02:37:06.873+0000][1][safepoint    ] Leaving safepoint region
[2019-12-09T02:37:06.873+0000][1][safepoint    ] Total time for which application threads were stopped: 0.0000834 seconds, Stopping threads took: 0.0000175 seconds
[2019-12-09T02:37:07.873+0000][1][safepoint    ] Application time: 1.0000780 seconds
[2019-12-09T02:37:07.873+0000][1][safepoint    ] Entering safepoint region: Cleanup
[2019-12-09T02:37:07.873+0000][1][safepoint    ] Leaving safepoint region
[2019-12-09T02:37:07.873+0000][1][safepoint    ] Total time for which application threads were stopped: 0.0000793 seconds, Stopping threads took: 0.0000179 seconds
[2019-12-09T02:37:08.873+0000][1][safepoint    ] Application time: 1.0000753 seconds
[2019-12-09T02:37:08.873+0000][1][safepoint    ] Entering safepoint region: Cleanup
[2019-12-09T02:37:08.873+0000][1][safepoint    ] Leaving safepoint region
[2019-12-09T02:37:08.873+0000][1][safepoint    ] Total time for which application threads were stopped: 0.0000854 seconds, Stopping threads took: 0.0000230 seconds
[2019-12-09T02:37:09.873+0000][1][safepoint    ] Application time: 1.0000762 seconds
[2019-12-09T02:37:09.873+0000][1][safepoint    ] Entering safepoint region: Cleanup
[2019-12-09T02:37:09.873+0000][1][safepoint    ] Leaving safepoint region
[2019-12-09T02:37:09.874+0000][1][safepoint    ] Total time for which application threads were stopped: 0.0000801 seconds, Stopping threads took: 0.0000166 seconds
[2019-12-09T02:37:10.874+0000][1][safepoint    ] Application time: 1.0000746 seconds
[2019-12-09T02:37:10.874+0000][1][safepoint    ] Entering safepoint region: Cleanup
[2019-12-09T02:37:10.874+0000][1][safepoint    ] Leaving safepoint region
[2019-12-09T02:37:10.874+0000][1][safepoint    ] Total time for which application threads were stopped: 0.0000862 seconds, Stopping threads took: 0.0000177 seconds
[2019-12-09T02:37:11.874+0000][1][safepoint    ] Application time: 1.0000760 seconds
[2019-12-09T02:37:11.874+0000][1][safepoint    ] Entering safepoint region: Cleanup
[2019-12-09T02:37:11.874+0000][1][safepoint    ] Leaving safepoint region
[2019-12-09T02:37:11.874+0000][1][safepoint    ] Total time for which application threads were stopped: 0.0000756 seconds, Stopping threads took: 0.0000172 seconds
[2019-12-09T02:37:12.874+0000][1][safepoint    ] Application time: 1.0000768 seconds
[2019-12-09T02:37:12.874+0000][1][safepoint    ] Entering safepoint region: Cleanup
[2019-12-09T02:37:12.874+0000][1][safepoint    ] Leaving safepoint region
[2019-12-09T02:37:12.874+0000][1][safepoint    ] Total time for which application threads were stopped: 0.0000749 seconds, Stopping threads took: 0.0000163 seconds
[2019-12-09T02:37:13.874+0000][1][safepoint    ] Application time: 1.0000759 seconds
[2019-12-09T02:37:13.874+0000][1][safepoint    ] Entering safepoint region: Cleanup
[2019-12-09T02:37:13.874+0000][1][safepoint    ] Leaving safepoint region
[2019-12-09T02:37:13.874+0000][1][safepoint    ] Total time for which application threads were stopped: 0.0000796 seconds, Stopping threads took: 0.0000165 seconds
[2019-12-09T02:37:14.874+0000][1][safepoint    ] Application time: 1.0000765 seconds
[2019-12-09T02:37:14.874+0000][1][safepoint    ] Entering safepoint region: Cleanup
[2019-12-09T02:37:14.874+0000][1][safepoint    ] Leaving safepoint region
[2019-12-09T02:37:14.874+0000][1][safepoint    ] Total time for which application threads were stopped: 0.0000765 seconds, Stopping threads took: 0.0000173 seconds
[2019-12-09T02:37:15.875+0000][1][safepoint    ] Application time: 1.0000758 seconds
[2019-12-09T02:37:15.875+0000][1][safepoint    ] Entering safepoint region: Cleanup
[2019-12-09T02:37:15.875+0000][1][safepoint    ] Leaving safepoint region
[2019-12-09T02:37:15.875+0000][1][safepoint    ] Total time for which application threads were stopped: 0.0000744 seconds, Stopping threads took: 0.0000168 seconds
[2019-12-09T02:37:16.875+0000][1][safepoint    ] Application time: 1.0000755 seconds
[2019-12-09T02:37:16.875+0000][1][safepoint    ] Entering safepoint region: Cleanup
[2019-12-09T02:37:16.875+0000][1][safepoint    ] Leaving safepoint region
[2019-12-09T02:37:16.875+0000][1][safepoint    ] Total time for which application threads were stopped: 0.0000774 seconds, Stopping threads took: 0.0000176 seconds
[2019-12-09T02:37:17.875+0000][1][safepoint    ] Application time: 1.0000768 seconds
[2019-12-09T02:37:17.875+0000][1][safepoint    ] Entering safepoint region: Cleanup
[2019-12-09T02:37:17.875+0000][1][safepoint    ] Leaving safepoint region
[2019-12-09T02:37:17.875+0000][1][safepoint    ] Total time for which application threads were stopped: 0.0000824 seconds, Stopping threads took: 0.0000159 seconds
[2019-12-09T02:37:18.875+0000][1][safepoint    ] Application time: 1.0000738 seconds
[2019-12-09T02:37:18.875+0000][1][safepoint    ] Entering safepoint region: Cleanup
[2019-12-09T02:37:18.875+0000][1][safepoint    ] Leaving safepoint region
[2019-12-09T02:37:18.875+0000][1][safepoint    ] Total time for which application threads were stopped: 0.0000835 seconds, Stopping threads took: 0.0000242 seconds
[2019-12-09T02:37:19.875+0000][1][safepoint    ] Application time: 1.0000757 seconds
[2019-12-09T02:37:19.875+0000][1][safepoint    ] Entering safepoint region: Cleanup
[2019-12-09T02:37:19.875+0000][1][safepoint    ] Leaving safepoint region
[2019-12-09T02:37:19.875+0000][1][safepoint    ] Total time for which application threads were stopped: 0.0000784 seconds, Stopping threads took: 0.0000175 seconds
[2019-12-09T02:37:20.876+0000][1][safepoint    ] Application time: 1.0000772 seconds
[2019-12-09T02:37:20.876+0000][1][safepoint    ] Entering safepoint region: Cleanup
[2019-12-09T02:37:20.876+0000][1][safepoint    ] Leaving safepoint region
[2019-12-09T02:37:20.876+0000][1][safepoint    ] Total time for which application threads were stopped: 0.0000780 seconds, Stopping threads took: 0.0000178 seconds
[2019-12-09T02:37:21.876+0000][1][safepoint    ] Application time: 1.0000831 seconds
[2019-12-09T02:37:21.876+0000][1][safepoint    ] Entering safepoint region: Cleanup
[2019-12-09T02:37:21.876+0000][1][safepoint    ] Leaving safepoint region
[2019-12-09T02:37:21.876+0000][1][safepoint    ] Total time for which application threads were stopped: 0.0000813 seconds, Stopping threads took: 0.0000174 seconds
[2019-12-09T02:37:22.876+0000][1][safepoint    ] Application time: 1.0000744 seconds
[2019-12-09T02:37:22.876+0000][1][safepoint    ] Entering safepoint region: Cleanup
[2019-12-09T02:37:22.876+0000][1][safepoint    ] Leaving safepoint region
[2019-12-09T02:37:22.876+0000][1][safepoint    ] Total time for which application threads were stopped: 0.0000859 seconds, Stopping threads took: 0.0000174 seconds
[2019-12-09T02:37:23.876+0000][1][safepoint    ] Application time: 1.0000728 seconds
[2019-12-09T02:37:23.876+0000][1][safepoint    ] Entering safepoint region: Cleanup
[2019-12-09T02:37:23.876+0000][1][safepoint    ] Leaving safepoint region
[2019-12-09T02:37:23.876+0000][1][safepoint    ] Total time for which application threads were stopped: 0.0000795 seconds, Stopping threads took: 0.0000171 seconds
[2019-12-09T02:37:24.876+0000][1][safepoint    ] Application time: 1.0000766 seconds
[2019-12-09T02:37:24.876+0000][1][safepoint    ] Entering safepoint region: Cleanup
[2019-12-09T02:37:24.876+0000][1][safepoint    ] Leaving safepoint region
[2019-12-09T02:37:24.876+0000][1][safepoint    ] Total time for which application threads were stopped: 0.0000781 seconds, Stopping threads took: 0.0000191 seconds
[2019-12-09T02:37:25.876+0000][1][safepoint    ] Application time: 1.0000763 seconds
[2019-12-09T02:37:25.877+0000][1][safepoint    ] Entering safepoint region: Cleanup
[2019-12-09T02:37:25.877+0000][1][safepoint    ] Leaving safepoint region
[2019-12-09T02:37:25.877+0000][1][safepoint    ] Total time for which application threads were stopped: 0.0000862 seconds, Stopping threads took: 0.0000175 seconds
[2019-12-09T02:37:26.877+0000][1][safepoint    ] Application time: 1.0000858 seconds
[2019-12-09T02:37:26.877+0000][1][safepoint    ] Entering safepoint region: Cleanup
[2019-12-09T02:37:26.877+0000][1][safepoint    ] Leaving safepoint region
[2019-12-09T02:37:26.877+0000][1][safepoint    ] Total time for which application threads were stopped: 0.0000817 seconds, Stopping threads took: 0.0000180 seconds
[2019-12-09T02:37:27.877+0000][1][safepoint    ] Application time: 1.0000776 seconds
[2019-12-09T02:37:27.877+0000][1][safepoint    ] Entering safepoint region: Cleanup
[2019-12-09T02:37:27.877+0000][1][safepoint    ] Leaving safepoint region
[2019-12-09T02:37:27.877+0000][1][safepoint    ] Total time for which application threads were stopped: 0.0000844 seconds, Stopping threads took: 0.0000190 seconds
[2019-12-09T02:37:28.877+0000][1][safepoint    ] Application time: 1.0000756 seconds
[2019-12-09T02:37:28.877+0000][1][safepoint    ] Entering safepoint region: Cleanup
[2019-12-09T02:37:28.877+0000][1][safepoint    ] Leaving safepoint region
[2019-12-09T02:37:28.877+0000][1][safepoint    ] Total time for which application threads were stopped: 0.0000827 seconds, Stopping threads took: 0.0000228 seconds
[2019-12-09T02:37:29.877+0000][1][safepoint    ] Application time: 1.0000759 seconds
[2019-12-09T02:37:29.877+0000][1][safepoint    ] Entering safepoint region: Cleanup
[2019-12-09T02:37:29.877+0000][1][safepoint    ] Leaving safepoint region
[2019-12-09T02:37:29.877+0000][1][safepoint    ] Total time for which application threads were stopped: 0.0000793 seconds, Stopping threads took: 0.0000179 seconds
[2019-12-09T02:37:30.877+0000][1][safepoint    ] Application time: 1.0000751 seconds
[2019-12-09T02:37:30.878+0000][1][safepoint    ] Entering safepoint region: Cleanup
[2019-12-09T02:37:30.878+0000][1][safepoint    ] Leaving safepoint region
[2019-12-09T02:37:30.878+0000][1][safepoint    ] Total time for which application threads were stopped: 0.0000769 seconds, Stopping threads took: 0.0000164 seconds
[2019-12-09T02:37:31.878+0000][1][safepoint    ] Application time: 1.0000816 seconds
[2019-12-09T02:37:31.878+0000][1][safepoint    ] Entering safepoint region: Cleanup
[2019-12-09T02:37:31.878+0000][1][safepoint    ] Leaving safepoint region
[2019-12-09T02:37:31.878+0000][1][safepoint    ] Total time for which application threads were stopped: 0.0000847 seconds, Stopping threads took: 0.0000168 seconds
[2019-12-09T02:37:32.878+0000][1][safepoint    ] Application time: 1.0000773 seconds
[2019-12-09T02:37:32.878+0000][1][safepoint    ] Entering safepoint region: Cleanup
[2019-12-09T02:37:32.878+0000][1][safepoint    ] Leaving safepoint region
[2019-12-09T02:37:32.878+0000][1][safepoint    ] Total time for which application threads were stopped: 0.0000756 seconds, Stopping threads took: 0.0000160 seconds
[2019-12-09T02:37:33.878+0000][1][safepoint    ] Application time: 1.0000758 seconds
[2019-12-09T02:37:33.878+0000][1][safepoint    ] Entering safepoint region: Cleanup
[2019-12-09T02:37:33.878+0000][1][safepoint    ] Leaving safepoint region
[2019-12-09T02:37:33.878+0000][1][safepoint    ] Total time for which application threads were stopped: 0.0000789 seconds, Stopping threads took: 0.0000171 seconds
[2019-12-09T02:37:34.878+0000][1][safepoint    ] Application time: 1.0000770 seconds
[2019-12-09T02:37:34.878+0000][1][safepoint    ] Entering safepoint region: Cleanup
[2019-12-09T02:37:34.878+0000][1][safepoint    ] Leaving safepoint region
[2019-12-09T02:37:34.878+0000][1][safepoint    ] Total time for which application threads were stopped: 0.0000787 seconds, Stopping threads took: 0.0000174 seconds
[2019-12-09T02:37:35.878+0000][1][safepoint    ] Application time: 1.0000768 seconds
[2019-12-09T02:37:35.879+0000][1][safepoint    ] Entering safepoint region: Cleanup
[2019-12-09T02:37:35.879+0000][1][safepoint    ] Leaving safepoint region
[2019-12-09T02:37:35.879+0000][1][safepoint    ] Total time for which application threads were stopped: 0.0001018 seconds, Stopping threads took: 0.0000188 seconds
[2019-12-09T02:37:36.879+0000][1][safepoint    ] Application time: 1.0000762 seconds
[2019-12-09T02:37:36.879+0000][1][safepoint    ] Entering safepoint region: Cleanup
[2019-12-09T02:37:36.879+0000][1][safepoint    ] Leaving safepoint region
[2019-12-09T02:37:36.879+0000][1][safepoint    ] Total time for which application threads were stopped: 0.0000793 seconds, Stopping threads took: 0.0000171 seconds
[2019-12-09T02:37:37.879+0000][1][safepoint    ] Application time: 1.0000814 seconds
[2019-12-09T02:37:37.879+0000][1][safepoint    ] Entering safepoint region: Cleanup
[2019-12-09T02:37:37.879+0000][1][safepoint    ] Leaving safepoint region
[2019-12-09T02:37:37.879+0000][1][safepoint    ] Total time for which application threads were stopped: 0.0001058 seconds, Stopping threads took: 0.0000245 seconds
[2019-12-09T02:37:38.879+0000][1][safepoint    ] Application time: 1.0000781 seconds
[2019-12-09T02:37:38.879+0000][1][safepoint    ] Entering safepoint region: Cleanup
[2019-12-09T02:37:38.879+0000][1][safepoint    ] Leaving safepoint region
[2019-12-09T02:37:38.879+0000][1][safepoint    ] Total time for which application threads were stopped: 0.0000919 seconds, Stopping threads took: 0.0000317 seconds
[2019-12-09T02:37:39.927+0000][1][safepoint    ] Application time: 1.0474573 seconds
[2019-12-09T02:37:39.927+0000][1][safepoint    ] Entering safepoint region: Cleanup
[2019-12-09T02:37:39.927+0000][1][safepoint    ] Leaving safepoint region
[2019-12-09T02:37:39.927+0000][1][safepoint    ] Total time for which application threads were stopped: 0.0001254 seconds, Stopping threads took: 0.0000497 seconds
[2019-12-09T02:37:40.927+0000][1][safepoint    ] Application time: 1.0000822 seconds
[2019-12-09T02:37:40.927+0000][1][safepoint    ] Entering safepoint region: Cleanup
[2019-12-09T02:37:40.927+0000][1][safepoint    ] Leaving safepoint region
[2019-12-09T02:37:40.927+0000][1][safepoint    ] Total time for which application threads were stopped: 0.0000866 seconds, Stopping threads took: 0.0000243 seconds
[2019-12-09T02:37:41.927+0000][1][safepoint    ] Application time: 1.0000817 seconds
[2019-12-09T02:37:41.927+0000][1][safepoint    ] Entering safepoint region: Cleanup
[2019-12-09T02:37:41.927+0000][1][safepoint    ] Leaving safepoint region
[2019-12-09T02:37:41.927+0000][1][safepoint    ] Total time for which application threads were stopped: 0.0000776 seconds, Stopping threads took: 0.0000170 seconds
[2019-12-09T02:37:42.927+0000][1][safepoint    ] Application time: 1.0000783 seconds
[2019-12-09T02:37:42.927+0000][1][safepoint    ] Entering safepoint region: Cleanup
[2019-12-09T02:37:42.928+0000][1][safepoint    ] Leaving safepoint region
[2019-12-09T02:37:42.928+0000][1][safepoint    ] Total time for which application threads were stopped: 0.0000997 seconds, Stopping threads took: 0.0000217 seconds
[2019-12-09T02:37:43.928+0000][1][safepoint    ] Application time: 1.0000795 seconds
[2019-12-09T02:37:43.928+0000][1][safepoint    ] Entering safepoint region: Cleanup
[2019-12-09T02:37:43.928+0000][1][safepoint    ] Leaving safepoint region
[2019-12-09T02:37:43.928+0000][1][safepoint    ] Total time for which application threads were stopped: 0.0000869 seconds, Stopping threads took: 0.0000144 seconds
[2019-12-09T02:37:44.928+0000][1][safepoint    ] Application time: 1.0000772 seconds
[2019-12-09T02:37:44.928+0000][1][safepoint    ] Entering safepoint region: Cleanup
[2019-12-09T02:37:44.928+0000][1][safepoint    ] Leaving safepoint region
[2019-12-09T02:37:44.928+0000][1][safepoint    ] Total time for which application threads were stopped: 0.0000792 seconds, Stopping threads took: 0.0000154 seconds
[2019-12-09T02:37:45.928+0000][1][safepoint    ] Application time: 1.0000767 seconds
[2019-12-09T02:37:45.928+0000][1][safepoint    ] Entering safepoint region: Cleanup
[2019-12-09T02:37:45.928+0000][1][safepoint    ] Leaving safepoint region
[2019-12-09T02:37:45.928+0000][1][safepoint    ] Total time for which application threads were stopped: 0.0000769 seconds, Stopping threads took: 0.0000157 seconds
[2019-12-09T02:37:46.928+0000][1][safepoint    ] Application time: 1.0000765 seconds
[2019-12-09T02:37:46.928+0000][1][safepoint    ] Entering safepoint region: Cleanup
[2019-12-09T02:37:46.928+0000][1][safepoint    ] Leaving safepoint region
[2019-12-09T02:37:46.928+0000][1][safepoint    ] Total time for which application threads were stopped: 0.0000812 seconds, Stopping threads took: 0.0000157 seconds
[2019-12-09T02:37:47.928+0000][1][safepoint    ] Application time: 1.0000848 seconds
[2019-12-09T02:37:47.928+0000][1][safepoint    ] Entering safepoint region: Cleanup
[2019-12-09T02:37:47.929+0000][1][safepoint    ] Leaving safepoint region
[2019-12-09T02:37:47.929+0000][1][safepoint    ] Total time for which application threads were stopped: 0.0001067 seconds, Stopping threads took: 0.0000229 seconds
[2019-12-09T02:37:48.929+0000][1][safepoint    ] Application time: 1.0001267 seconds
[2019-12-09T02:37:48.929+0000][1][safepoint    ] Entering safepoint region: Cleanup
[2019-12-09T02:37:48.929+0000][1][safepoint    ] Leaving safepoint region
[2019-12-09T02:37:48.929+0000][1][safepoint    ] Total time for which application threads were stopped: 0.0001210 seconds, Stopping threads took: 0.0000442 seconds
[2019-12-09T02:37:49.929+0000][1][safepoint    ] Application time: 1.0000859 seconds
[2019-12-09T02:37:49.929+0000][1][safepoint    ] Entering safepoint region: Cleanup
[2019-12-09T02:37:49.929+0000][1][safepoint    ] Leaving safepoint region
[2019-12-09T02:37:49.929+0000][1][safepoint    ] Total time for which application threads were stopped: 0.0000754 seconds, Stopping threads took: 0.0000156 seconds
[2019-12-09T02:37:50.929+0000][1][safepoint    ] Application time: 1.0000801 seconds
[2019-12-09T02:37:50.929+0000][1][safepoint    ] Entering safepoint region: Cleanup
[2019-12-09T02:37:50.929+0000][1][safepoint    ] Leaving safepoint region
[2019-12-09T02:37:50.929+0000][1][safepoint    ] Total time for which application threads were stopped: 0.0001022 seconds, Stopping threads took: 0.0000227 seconds
[2019-12-09T02:37:51.930+0000][1][safepoint    ] Application time: 1.0005212 seconds
[2019-12-09T02:37:51.930+0000][1][safepoint    ] Entering safepoint region: Cleanup
[2019-12-09T02:37:51.930+0000][1][safepoint    ] Leaving safepoint region
[2019-12-09T02:37:51.930+0000][1][safepoint    ] Total time for which application threads were stopped: 0.0000980 seconds, Stopping threads took: 0.0000200 seconds
[2019-12-09T02:37:52.930+0000][1][safepoint    ] Application time: 1.0000742 seconds
[2019-12-09T02:37:52.930+0000][1][safepoint    ] Entering safepoint region: Cleanup
[2019-12-09T02:37:52.930+0000][1][safepoint    ] Leaving safepoint region
[2019-12-09T02:37:52.930+0000][1][safepoint    ] Total time for which application threads were stopped: 0.0000921 seconds, Stopping threads took: 0.0000164 seconds
[2019-12-09T02:37:53.930+0000][1][safepoint    ] Application time: 1.0000867 seconds
[2019-12-09T02:37:53.930+0000][1][safepoint    ] Entering safepoint region: Cleanup
[2019-12-09T02:37:53.930+0000][1][safepoint    ] Leaving safepoint region
[2019-12-09T02:37:53.930+0000][1][safepoint    ] Total time for which application threads were stopped: 0.0000897 seconds, Stopping threads took: 0.0000237 seconds
[2019-12-09T02:37:53.932+0000][1][safepoint    ] Application time: 0.0011215 seconds
[2019-12-09T02:37:53.932+0000][1][safepoint    ] Entering safepoint region: GenCollectForAllocation
[2019-12-09T02:37:53.932+0000][1][gc,start     ] GC(26) Pause Young (Allocation Failure)
[2019-12-09T02:37:53.932+0000][1][gc,task      ] GC(26) Using 2 workers of 2 for evacuation
[2019-12-09T02:37:53.939+0000][1][gc,age       ] GC(26) Desired survivor size 4456448 bytes, new threshold 6 (max threshold 6)
[2019-12-09T02:37:53.939+0000][1][gc,age       ] GC(26) Age table with threshold 6 (max threshold 6)
[2019-12-09T02:37:53.939+0000][1][gc,age       ] GC(26) - age   1:       6200 bytes,       6200 total
[2019-12-09T02:37:53.939+0000][1][gc,age       ] GC(26) - age   2:      32072 bytes,      38272 total
[2019-12-09T02:37:53.939+0000][1][gc,age       ] GC(26) - age   3:    1849520 bytes,    1887792 total
[2019-12-09T02:37:53.939+0000][1][gc,heap      ] GC(26) ParNew: 75706K->2849K(78656K)
[2019-12-09T02:37:53.939+0000][1][gc,heap      ] GC(26) CMS: 68201K->68201K(174784K)
[2019-12-09T02:37:53.939+0000][1][gc,metaspace ] GC(26) Metaspace: 68763K->68763K(1112064K)
[2019-12-09T02:37:53.939+0000][1][gc           ] GC(26) Pause Young (Allocation Failure) 140M->69M(247M) 6.954ms
[2019-12-09T02:37:53.939+0000][1][gc,cpu       ] GC(26) User=0.01s Sys=0.00s Real=0.01s
[2019-12-09T02:37:53.939+0000][1][safepoint    ] Leaving safepoint region
[2019-12-09T02:37:53.939+0000][1][safepoint    ] Total time for which application threads were stopped: 0.0071111 seconds, Stopping threads took: 0.0000172 seconds
[2019-12-09T02:37:54.939+0000][1][safepoint    ] Application time: 1.0001151 seconds
[2019-12-09T02:37:54.939+0000][1][safepoint    ] Entering safepoint region: Cleanup
[2019-12-09T02:37:54.939+0000][1][safepoint    ] Leaving safepoint region
[2019-12-09T02:37:54.939+0000][1][safepoint    ] Total time for which application threads were stopped: 0.0000927 seconds, Stopping threads took: 0.0000182 seconds
[2019-12-09T02:37:55.939+0000][1][safepoint    ] Application time: 1.0000807 seconds
[2019-12-09T02:37:55.939+0000][1][safepoint    ] Entering safepoint region: Cleanup
[2019-12-09T02:37:55.939+0000][1][safepoint    ] Leaving safepoint region
[2019-12-09T02:37:55.939+0000][1][safepoint    ] Total time for which application threads were stopped: 0.0000774 seconds, Stopping threads took: 0.0000173 seconds
[2019-12-09T02:37:56.939+0000][1][safepoint    ] Application time: 1.0000744 seconds
[2019-12-09T02:37:56.939+0000][1][safepoint    ] Entering safepoint region: Cleanup
[2019-12-09T02:37:56.939+0000][1][safepoint    ] Leaving safepoint region
[2019-12-09T02:37:56.939+0000][1][safepoint    ] Total time for which application threads were stopped: 0.0000945 seconds, Stopping threads took: 0.0000178 seconds
[2019-12-09T02:37:57.940+0000][1][safepoint    ] Application time: 1.0004393 seconds
[2019-12-09T02:37:57.940+0000][1][safepoint    ] Entering safepoint region: Cleanup
[2019-12-09T02:37:57.940+0000][1][safepoint    ] Leaving safepoint region
[2019-12-09T02:37:57.940+0000][1][safepoint    ] Total time for which application threads were stopped: 0.0001243 seconds, Stopping threads took: 0.0000223 seconds
[2019-12-09T02:37:58.940+0000][1][safepoint    ] Application time: 1.0001789 seconds
[2019-12-09T02:37:58.940+0000][1][safepoint    ] Entering safepoint region: Cleanup
[2019-12-09T02:37:58.940+0000][1][safepoint    ] Leaving safepoint region
[2019-12-09T02:37:58.940+0000][1][safepoint    ] Total time for which application threads were stopped: 0.0001810 seconds, Stopping threads took: 0.0000845 seconds
[2019-12-09T02:37:59.940+0000][1][safepoint    ] Application time: 1.0000855 seconds
[2019-12-09T02:37:59.940+0000][1][safepoint    ] Entering safepoint region: Cleanup
[2019-12-09T02:37:59.941+0000][1][safepoint    ] Leaving safepoint region
[2019-12-09T02:37:59.941+0000][1][safepoint    ] Total time for which application threads were stopped: 0.0001137 seconds, Stopping threads took: 0.0000228 seconds
[2019-12-09T02:38:00.941+0000][1][safepoint    ] Application time: 1.0000762 seconds
[2019-12-09T02:38:00.941+0000][1][safepoint    ] Entering safepoint region: Cleanup
[2019-12-09T02:38:00.941+0000][1][safepoint    ] Leaving safepoint region
[2019-12-09T02:38:00.941+0000][1][safepoint    ] Total time for which application threads were stopped: 0.0000802 seconds, Stopping threads took: 0.0000188 seconds
[2019-12-09T02:38:01.941+0000][1][safepoint    ] Application time: 1.0000767 seconds
[2019-12-09T02:38:01.941+0000][1][safepoint    ] Entering safepoint region: Cleanup
[2019-12-09T02:38:01.941+0000][1][safepoint    ] Leaving safepoint region
[2019-12-09T02:38:01.941+0000][1][safepoint    ] Total time for which application threads were stopped: 0.0000814 seconds, Stopping threads took: 0.0000193 seconds
[2019-12-09T02:38:02.941+0000][1][safepoint    ] Application time: 1.0000750 seconds
[2019-12-09T02:38:02.941+0000][1][safepoint    ] Entering safepoint region: Cleanup
[2019-12-09T02:38:02.941+0000][1][safepoint    ] Leaving safepoint region
[2019-12-09T02:38:02.941+0000][1][safepoint    ] Total time for which application threads were stopped: 0.0000833 seconds, Stopping threads took: 0.0000171 seconds
[2019-12-09T02:38:03.941+0000][1][safepoint    ] Application time: 1.0000750 seconds
[2019-12-09T02:38:03.941+0000][1][safepoint    ] Entering safepoint region: Cleanup
[2019-12-09T02:38:03.941+0000][1][safepoint    ] Leaving safepoint region
[2019-12-09T02:38:03.941+0000][1][safepoint    ] Total time for which application threads were stopped: 0.0000840 seconds, Stopping threads took: 0.0000173 seconds
[2019-12-09T02:38:04.941+0000][1][safepoint    ] Application time: 1.0000732 seconds
[2019-12-09T02:38:04.942+0000][1][safepoint    ] Entering safepoint region: Cleanup
[2019-12-09T02:38:04.942+0000][1][safepoint    ] Leaving safepoint region
[2019-12-09T02:38:04.942+0000][1][safepoint    ] Total time for which application threads were stopped: 0.0000760 seconds, Stopping threads took: 0.0000171 seconds
[2019-12-09T02:38:05.942+0000][1][safepoint    ] Application time: 1.0000754 seconds
[2019-12-09T02:38:05.942+0000][1][safepoint    ] Entering safepoint region: Cleanup
[2019-12-09T02:38:05.942+0000][1][safepoint    ] Leaving safepoint region
[2019-12-09T02:38:05.942+0000][1][safepoint    ] Total time for which application threads were stopped: 0.0000792 seconds, Stopping threads took: 0.0000182 seconds
[2019-12-09T02:38:06.942+0000][1][safepoint    ] Application time: 1.0000735 seconds
[2019-12-09T02:38:06.942+0000][1][safepoint    ] Entering safepoint region: Cleanup
[2019-12-09T02:38:06.942+0000][1][safepoint    ] Leaving safepoint region
[2019-12-09T02:38:06.942+0000][1][safepoint    ] Total time for which application threads were stopped: 0.0000744 seconds, Stopping threads took: 0.0000159 seconds
[2019-12-09T02:38:07.942+0000][1][safepoint    ] Application time: 1.0000757 seconds
[2019-12-09T02:38:07.942+0000][1][safepoint    ] Entering safepoint region: Cleanup
[2019-12-09T02:38:07.942+0000][1][safepoint    ] Leaving safepoint region
[2019-12-09T02:38:07.942+0000][1][safepoint    ] Total time for which application threads were stopped: 0.0000792 seconds, Stopping threads took: 0.0000176 seconds
[2019-12-09T02:38:08.942+0000][1][safepoint    ] Application time: 1.0000751 seconds
[2019-12-09T02:38:08.942+0000][1][safepoint    ] Entering safepoint region: Cleanup
[2019-12-09T02:38:08.942+0000][1][safepoint    ] Leaving safepoint region
[2019-12-09T02:38:08.942+0000][1][safepoint    ] Total time for which application threads were stopped: 0.0000819 seconds, Stopping threads took: 0.0000237 seconds
[2019-12-09T02:38:09.942+0000][1][safepoint    ] Application time: 1.0000741 seconds
[2019-12-09T02:38:09.942+0000][1][safepoint    ] Entering safepoint region: Cleanup
[2019-12-09T02:38:09.943+0000][1][safepoint    ] Leaving safepoint region
[2019-12-09T02:38:09.943+0000][1][safepoint    ] Total time for which application threads were stopped: 0.0000755 seconds, Stopping threads took: 0.0000166 seconds
[2019-12-09T02:38:10.943+0000][1][safepoint    ] Application time: 1.0000746 seconds
[2019-12-09T02:38:10.943+0000][1][safepoint    ] Entering safepoint region: Cleanup
[2019-12-09T02:38:10.943+0000][1][safepoint    ] Leaving safepoint region
[2019-12-09T02:38:10.943+0000][1][safepoint    ] Total time for which application threads were stopped: 0.0000906 seconds, Stopping threads took: 0.0000162 seconds
[2019-12-09T02:38:11.943+0000][1][safepoint    ] Application time: 1.0000744 seconds
[2019-12-09T02:38:11.943+0000][1][safepoint    ] Entering safepoint region: Cleanup
[2019-12-09T02:38:11.943+0000][1][safepoint    ] Leaving safepoint region
[2019-12-09T02:38:11.943+0000][1][safepoint    ] Total time for which application threads were stopped: 0.0000778 seconds, Stopping threads took: 0.0000171 seconds
[2019-12-09T02:38:12.943+0000][1][safepoint    ] Application time: 1.0000757 seconds
[2019-12-09T02:38:12.943+0000][1][safepoint    ] Entering safepoint region: Cleanup
[2019-12-09T02:38:12.943+0000][1][safepoint    ] Leaving safepoint region
[2019-12-09T02:38:12.943+0000][1][safepoint    ] Total time for which application threads were stopped: 0.0000830 seconds, Stopping threads took: 0.0000175 seconds
[2019-12-09T02:38:13.943+0000][1][safepoint    ] Application time: 1.0000758 seconds
[2019-12-09T02:38:13.943+0000][1][safepoint    ] Entering safepoint region: Cleanup
[2019-12-09T02:38:13.943+0000][1][safepoint    ] Leaving safepoint region
[2019-12-09T02:38:13.943+0000][1][safepoint    ] Total time for which application threads were stopped: 0.0000789 seconds, Stopping threads took: 0.0000169 seconds
[2019-12-09T02:38:14.943+0000][1][safepoint    ] Application time: 1.0000749 seconds
[2019-12-09T02:38:14.943+0000][1][safepoint    ] Entering safepoint region: Cleanup
[2019-12-09T02:38:14.943+0000][1][safepoint    ] Leaving safepoint region
[2019-12-09T02:38:14.944+0000][1][safepoint    ] Total time for which application threads were stopped: 0.0000810 seconds, Stopping threads took: 0.0000167 seconds
[2019-12-09T02:38:15.944+0000][1][safepoint    ] Application time: 1.0000544 seconds
[2019-12-09T02:38:15.944+0000][1][safepoint    ] Entering safepoint region: Cleanup
[2019-12-09T02:38:15.944+0000][1][safepoint    ] Leaving safepoint region
[2019-12-09T02:38:15.944+0000][1][safepoint    ] Total time for which application threads were stopped: 0.0000853 seconds, Stopping threads took: 0.0000162 seconds
[2019-12-09T02:38:16.944+0000][1][safepoint    ] Application time: 1.0000745 seconds
[2019-12-09T02:38:16.944+0000][1][safepoint    ] Entering safepoint region: Cleanup
[2019-12-09T02:38:16.944+0000][1][safepoint    ] Leaving safepoint region
[2019-12-09T02:38:16.944+0000][1][safepoint    ] Total time for which application threads were stopped: 0.0000776 seconds, Stopping threads took: 0.0000175 seconds
[2019-12-09T02:38:17.944+0000][1][safepoint    ] Application time: 1.0000756 seconds
[2019-12-09T02:38:17.944+0000][1][safepoint    ] Entering safepoint region: Cleanup
[2019-12-09T02:38:17.944+0000][1][safepoint    ] Leaving safepoint region
[2019-12-09T02:38:17.944+0000][1][safepoint    ] Total time for which application threads were stopped: 0.0000793 seconds, Stopping threads took: 0.0000170 seconds
[2019-12-09T02:38:18.944+0000][1][safepoint    ] Application time: 1.0000767 seconds
[2019-12-09T02:38:18.944+0000][1][safepoint    ] Entering safepoint region: Cleanup
[2019-12-09T02:38:18.944+0000][1][safepoint    ] Leaving safepoint region
[2019-12-09T02:38:18.944+0000][1][safepoint    ] Total time for which application threads were stopped: 0.0000782 seconds, Stopping threads took: 0.0000175 seconds
[2019-12-09T02:38:19.944+0000][1][safepoint    ] Application time: 1.0000755 seconds
[2019-12-09T02:38:19.944+0000][1][safepoint    ] Entering safepoint region: Cleanup
[2019-12-09T02:38:19.944+0000][1][safepoint    ] Leaving safepoint region
[2019-12-09T02:38:19.944+0000][1][safepoint    ] Total time for which application threads were stopped: 0.0000755 seconds, Stopping threads took: 0.0000166 seconds
[2019-12-09T02:38:20.945+0000][1][safepoint    ] Application time: 1.0000747 seconds
[2019-12-09T02:38:20.945+0000][1][safepoint    ] Entering safepoint region: Cleanup
[2019-12-09T02:38:20.945+0000][1][safepoint    ] Leaving safepoint region
[2019-12-09T02:38:20.945+0000][1][safepoint    ] Total time for which application threads were stopped: 0.0000793 seconds, Stopping threads took: 0.0000167 seconds
[2019-12-09T02:38:21.945+0000][1][safepoint    ] Application time: 1.0000804 seconds
[2019-12-09T02:38:21.945+0000][1][safepoint    ] Entering safepoint region: Cleanup
[2019-12-09T02:38:21.945+0000][1][safepoint    ] Leaving safepoint region
[2019-12-09T02:38:21.945+0000][1][safepoint    ] Total time for which application threads were stopped: 0.0001038 seconds, Stopping threads took: 0.0000240 seconds
[2019-12-09T02:38:22.945+0000][1][safepoint    ] Application time: 1.0000773 seconds
[2019-12-09T02:38:22.945+0000][1][safepoint    ] Entering safepoint region: Cleanup
[2019-12-09T02:38:22.945+0000][1][safepoint    ] Leaving safepoint region
[2019-12-09T02:38:22.945+0000][1][safepoint    ] Total time for which application threads were stopped: 0.0000755 seconds, Stopping threads took: 0.0000168 seconds
[2019-12-09T02:38:23.945+0000][1][safepoint    ] Application time: 1.0000754 seconds
[2019-12-09T02:38:23.945+0000][1][safepoint    ] Entering safepoint region: Cleanup
[2019-12-09T02:38:23.945+0000][1][safepoint    ] Leaving safepoint region
[2019-12-09T02:38:23.945+0000][1][safepoint    ] Total time for which application threads were stopped: 0.0000874 seconds, Stopping threads took: 0.0000180 seconds
[2019-12-09T02:38:25.120+0000][1][safepoint    ] Application time: 1.1751727 seconds
[2019-12-09T02:38:25.121+0000][1][safepoint    ] Entering safepoint region: Cleanup
[2019-12-09T02:38:25.121+0000][1][safepoint    ] Leaving safepoint region
[2019-12-09T02:38:25.121+0000][1][safepoint    ] Total time for which application threads were stopped: 0.0000830 seconds, Stopping threads took: 0.0000140 seconds
[2019-12-09T02:38:26.121+0000][1][safepoint    ] Application time: 1.0000992 seconds
[2019-12-09T02:38:26.121+0000][1][safepoint    ] Entering safepoint region: Cleanup
[2019-12-09T02:38:26.121+0000][1][safepoint    ] Leaving safepoint region
[2019-12-09T02:38:26.121+0000][1][safepoint    ] Total time for which application threads were stopped: 0.0001339 seconds, Stopping threads took: 0.0000662 seconds
[2019-12-09T02:38:27.121+0000][1][safepoint    ] Application time: 1.0000857 seconds
[2019-12-09T02:38:27.121+0000][1][safepoint    ] Entering safepoint region: Cleanup
[2019-12-09T02:38:27.121+0000][1][safepoint    ] Leaving safepoint region
[2019-12-09T02:38:27.121+0000][1][safepoint    ] Total time for which application threads were stopped: 0.0000773 seconds, Stopping threads took: 0.0000148 seconds
[2019-12-09T02:38:28.121+0000][1][safepoint    ] Application time: 1.0000801 seconds
[2019-12-09T02:38:28.121+0000][1][safepoint    ] Entering safepoint region: Cleanup
[2019-12-09T02:38:28.121+0000][1][safepoint    ] Leaving safepoint region
[2019-12-09T02:38:28.121+0000][1][safepoint    ] Total time for which application threads were stopped: 0.0000803 seconds, Stopping threads took: 0.0000191 seconds
[2019-12-09T02:38:29.121+0000][1][safepoint    ] Application time: 1.0000795 seconds
[2019-12-09T02:38:29.121+0000][1][safepoint    ] Entering safepoint region: Cleanup
[2019-12-09T02:38:29.121+0000][1][safepoint    ] Leaving safepoint region
[2019-12-09T02:38:29.121+0000][1][safepoint    ] Total time for which application threads were stopped: 0.0000776 seconds, Stopping threads took: 0.0000159 seconds
[2019-12-09T02:38:30.122+0000][1][safepoint    ] Application time: 1.0000817 seconds
[2019-12-09T02:38:30.122+0000][1][safepoint    ] Entering safepoint region: Cleanup
[2019-12-09T02:38:30.122+0000][1][safepoint    ] Leaving safepoint region
[2019-12-09T02:38:30.122+0000][1][safepoint    ] Total time for which application threads were stopped: 0.0000951 seconds, Stopping threads took: 0.0000160 seconds
[2019-12-09T02:38:31.122+0000][1][safepoint    ] Application time: 1.0001524 seconds
[2019-12-09T02:38:31.122+0000][1][safepoint    ] Entering safepoint region: Cleanup
[2019-12-09T02:38:31.122+0000][1][safepoint    ] Leaving safepoint region
[2019-12-09T02:38:31.122+0000][1][safepoint    ] Total time for which application threads were stopped: 0.0000943 seconds, Stopping threads took: 0.0000213 seconds
[2019-12-09T02:38:32.122+0000][1][safepoint    ] Application time: 1.0001786 seconds
[2019-12-09T02:38:32.122+0000][1][safepoint    ] Entering safepoint region: Cleanup
[2019-12-09T02:38:32.122+0000][1][safepoint    ] Leaving safepoint region
[2019-12-09T02:38:32.122+0000][1][safepoint    ] Total time for which application threads were stopped: 0.0001174 seconds, Stopping threads took: 0.0000548 seconds
[2019-12-09T02:38:33.122+0000][1][safepoint    ] Application time: 1.0000924 seconds
[2019-12-09T02:38:33.122+0000][1][safepoint    ] Entering safepoint region: Cleanup
[2019-12-09T02:38:33.123+0000][1][safepoint    ] Leaving safepoint region
[2019-12-09T02:38:33.123+0000][1][safepoint    ] Total time for which application threads were stopped: 0.0000799 seconds, Stopping threads took: 0.0000168 seconds
[2019-12-09T02:38:34.123+0000][1][safepoint    ] Application time: 1.0000834 seconds
[2019-12-09T02:38:34.123+0000][1][safepoint    ] Entering safepoint region: Cleanup
[2019-12-09T02:38:34.123+0000][1][safepoint    ] Leaving safepoint region
[2019-12-09T02:38:34.123+0000][1][safepoint    ] Total time for which application threads were stopped: 0.0000868 seconds, Stopping threads took: 0.0000242 seconds
[2019-12-09T02:38:35.123+0000][1][safepoint    ] Application time: 1.0001007 seconds
[2019-12-09T02:38:35.123+0000][1][safepoint    ] Entering safepoint region: Cleanup
[2019-12-09T02:38:35.123+0000][1][safepoint    ] Leaving safepoint region
[2019-12-09T02:38:35.123+0000][1][safepoint    ] Total time for which application threads were stopped: 0.0001209 seconds, Stopping threads took: 0.0000485 seconds
[2019-12-09T02:38:36.123+0000][1][safepoint    ] Application time: 1.0000877 seconds
[2019-12-09T02:38:36.123+0000][1][safepoint    ] Entering safepoint region: Cleanup
[2019-12-09T02:38:36.123+0000][1][safepoint    ] Leaving safepoint region
[2019-12-09T02:38:36.123+0000][1][safepoint    ] Total time for which application threads were stopped: 0.0001223 seconds, Stopping threads took: 0.0000615 seconds
[2019-12-09T02:38:37.123+0000][1][safepoint    ] Application time: 1.0000830 seconds
[2019-12-09T02:38:37.123+0000][1][safepoint    ] Entering safepoint region: Cleanup
[2019-12-09T02:38:37.124+0000][1][safepoint    ] Leaving safepoint region
[2019-12-09T02:38:37.124+0000][1][safepoint    ] Total time for which application threads were stopped: 0.0000773 seconds, Stopping threads took: 0.0000178 seconds
[2019-12-09T02:38:38.124+0000][1][safepoint    ] Application time: 1.0000779 seconds
[2019-12-09T02:38:38.124+0000][1][safepoint    ] Entering safepoint region: Cleanup
[2019-12-09T02:38:38.124+0000][1][safepoint    ] Leaving safepoint region
[2019-12-09T02:38:38.124+0000][1][safepoint    ] Total time for which application threads were stopped: 0.0000916 seconds, Stopping threads took: 0.0000185 seconds
[2019-12-09T02:38:39.124+0000][1][safepoint    ] Application time: 1.0000774 seconds
[2019-12-09T02:38:39.124+0000][1][safepoint    ] Entering safepoint region: Cleanup
[2019-12-09T02:38:39.124+0000][1][safepoint    ] Leaving safepoint region
[2019-12-09T02:38:39.124+0000][1][safepoint    ] Total time for which application threads were stopped: 0.0000841 seconds, Stopping threads took: 0.0000250 seconds
[2019-12-09T02:38:40.124+0000][1][safepoint    ] Application time: 1.0000834 seconds
[2019-12-09T02:38:40.124+0000][1][safepoint    ] Entering safepoint region: Cleanup
[2019-12-09T02:38:40.124+0000][1][safepoint    ] Leaving safepoint region
[2019-12-09T02:38:40.124+0000][1][safepoint    ] Total time for which application threads were stopped: 0.0001070 seconds, Stopping threads took: 0.0000244 seconds
[2019-12-09T02:38:41.124+0000][1][safepoint    ] Application time: 1.0000838 seconds
[2019-12-09T02:38:41.124+0000][1][safepoint    ] Entering safepoint region: Cleanup
[2019-12-09T02:38:41.124+0000][1][safepoint    ] Leaving safepoint region
[2019-12-09T02:38:41.124+0000][1][safepoint    ] Total time for which application threads were stopped: 0.0000757 seconds, Stopping threads took: 0.0000176 seconds
[2019-12-09T02:38:42.124+0000][1][safepoint    ] Application time: 1.0000766 seconds
[2019-12-09T02:38:42.125+0000][1][safepoint    ] Entering safepoint region: Cleanup
[2019-12-09T02:38:42.125+0000][1][safepoint    ] Leaving safepoint region
[2019-12-09T02:38:42.125+0000][1][safepoint    ] Total time for which application threads were stopped: 0.0000808 seconds, Stopping threads took: 0.0000176 seconds
[2019-12-09T02:38:43.125+0000][1][safepoint    ] Application time: 1.0000798 seconds
[2019-12-09T02:38:43.125+0000][1][safepoint    ] Entering safepoint region: Cleanup
[2019-12-09T02:38:43.125+0000][1][safepoint    ] Leaving safepoint region
[2019-12-09T02:38:43.125+0000][1][safepoint    ] Total time for which application threads were stopped: 0.0000792 seconds, Stopping threads took: 0.0000176 seconds
[2019-12-09T02:38:44.125+0000][1][safepoint    ] Application time: 1.0000743 seconds
[2019-12-09T02:38:44.125+0000][1][safepoint    ] Entering safepoint region: Cleanup
[2019-12-09T02:38:44.125+0000][1][safepoint    ] Leaving safepoint region
[2019-12-09T02:38:44.125+0000][1][safepoint    ] Total time for which application threads were stopped: 0.0001025 seconds, Stopping threads took: 0.0000228 seconds
[2019-12-09T02:38:45.125+0000][1][safepoint    ] Application time: 1.0000785 seconds
[2019-12-09T02:38:45.125+0000][1][safepoint    ] Entering safepoint region: Cleanup
[2019-12-09T02:38:45.125+0000][1][safepoint    ] Leaving safepoint region
[2019-12-09T02:38:45.125+0000][1][safepoint    ] Total time for which application threads were stopped: 0.0000797 seconds, Stopping threads took: 0.0000166 seconds
[2019-12-09T02:38:46.125+0000][1][safepoint    ] Application time: 1.0000766 seconds
[2019-12-09T02:38:46.125+0000][1][safepoint    ] Entering safepoint region: Cleanup
[2019-12-09T02:38:46.125+0000][1][safepoint    ] Leaving safepoint region
[2019-12-09T02:38:46.125+0000][1][safepoint    ] Total time for which application threads were stopped: 0.0000770 seconds, Stopping threads took: 0.0000171 seconds
[2019-12-09T02:38:47.126+0000][1][safepoint    ] Application time: 1.0000771 seconds
[2019-12-09T02:38:47.126+0000][1][safepoint    ] Entering safepoint region: Cleanup
[2019-12-09T02:38:47.126+0000][1][safepoint    ] Leaving safepoint region
[2019-12-09T02:38:47.126+0000][1][safepoint    ] Total time for which application threads were stopped: 0.0000793 seconds, Stopping threads took: 0.0000171 seconds
[2019-12-09T02:38:48.126+0000][1][safepoint    ] Application time: 1.0000763 seconds
[2019-12-09T02:38:48.126+0000][1][safepoint    ] Entering safepoint region: Cleanup
[2019-12-09T02:38:48.126+0000][1][safepoint    ] Leaving safepoint region
[2019-12-09T02:38:48.126+0000][1][safepoint    ] Total time for which application threads were stopped: 0.0000784 seconds, Stopping threads took: 0.0000163 seconds
[2019-12-09T02:38:49.126+0000][1][safepoint    ] Application time: 1.0000768 seconds
[2019-12-09T02:38:49.126+0000][1][safepoint    ] Entering safepoint region: Cleanup
[2019-12-09T02:38:49.126+0000][1][safepoint    ] Leaving safepoint region
[2019-12-09T02:38:49.126+0000][1][safepoint    ] Total time for which application threads were stopped: 0.0000791 seconds, Stopping threads took: 0.0000172 seconds
[2019-12-09T02:38:50.126+0000][1][safepoint    ] Application time: 1.0000766 seconds
[2019-12-09T02:38:50.126+0000][1][safepoint    ] Entering safepoint region: Cleanup
[2019-12-09T02:38:50.126+0000][1][safepoint    ] Leaving safepoint region
[2019-12-09T02:38:50.126+0000][1][safepoint    ] Total time for which application threads were stopped: 0.0000828 seconds, Stopping threads took: 0.0000175 seconds
[2019-12-09T02:38:51.126+0000][1][safepoint    ] Application time: 1.0000762 seconds
[2019-12-09T02:38:51.126+0000][1][safepoint    ] Entering safepoint region: Cleanup
[2019-12-09T02:38:51.126+0000][1][safepoint    ] Leaving safepoint region
[2019-12-09T02:38:51.126+0000][1][safepoint    ] Total time for which application threads were stopped: 0.0000769 seconds, Stopping threads took: 0.0000165 seconds
[2019-12-09T02:38:52.127+0000][1][safepoint    ] Application time: 1.0000779 seconds
[2019-12-09T02:38:52.127+0000][1][safepoint    ] Entering safepoint region: Cleanup
[2019-12-09T02:38:52.127+0000][1][safepoint    ] Leaving safepoint region
[2019-12-09T02:38:52.127+0000][1][safepoint    ] Total time for which application threads were stopped: 0.0000772 seconds, Stopping threads took: 0.0000173 seconds
[2019-12-09T02:38:53.127+0000][1][safepoint    ] Application time: 1.0000758 seconds
[2019-12-09T02:38:53.127+0000][1][safepoint    ] Entering safepoint region: Cleanup
[2019-12-09T02:38:53.127+0000][1][safepoint    ] Leaving safepoint region
[2019-12-09T02:38:53.127+0000][1][safepoint    ] Total time for which application threads were stopped: 0.0000754 seconds, Stopping threads took: 0.0000176 seconds
[2019-12-09T02:38:54.127+0000][1][safepoint    ] Application time: 1.0000751 seconds
[2019-12-09T02:38:54.127+0000][1][safepoint    ] Entering safepoint region: Cleanup
[2019-12-09T02:38:54.127+0000][1][safepoint    ] Leaving safepoint region
[2019-12-09T02:38:54.127+0000][1][safepoint    ] Total time for which application threads were stopped: 0.0000762 seconds, Stopping threads took: 0.0000158 seconds
[2019-12-09T02:38:55.127+0000][1][safepoint    ] Application time: 1.0000765 seconds
[2019-12-09T02:38:55.127+0000][1][safepoint    ] Entering safepoint region: Cleanup
[2019-12-09T02:38:55.127+0000][1][safepoint    ] Leaving safepoint region
[2019-12-09T02:38:55.127+0000][1][safepoint    ] Total time for which application threads were stopped: 0.0000816 seconds, Stopping threads took: 0.0000169 seconds
[2019-12-09T02:38:56.127+0000][1][safepoint    ] Application time: 1.0000771 seconds
[2019-12-09T02:38:56.127+0000][1][safepoint    ] Entering safepoint region: Cleanup
[2019-12-09T02:38:56.127+0000][1][safepoint    ] Leaving safepoint region
[2019-12-09T02:38:56.127+0000][1][safepoint    ] Total time for which application threads were stopped: 0.0000763 seconds, Stopping threads took: 0.0000161 seconds
[2019-12-09T02:38:57.127+0000][1][safepoint    ] Application time: 1.0000757 seconds
[2019-12-09T02:38:57.128+0000][1][safepoint    ] Entering safepoint region: Cleanup
[2019-12-09T02:38:57.128+0000][1][safepoint    ] Leaving safepoint region
[2019-12-09T02:38:57.128+0000][1][safepoint    ] Total time for which application threads were stopped: 0.0000831 seconds, Stopping threads took: 0.0000180 seconds
[2019-12-09T02:38:58.128+0000][1][safepoint    ] Application time: 1.0000763 seconds
[2019-12-09T02:38:58.128+0000][1][safepoint    ] Entering safepoint region: Cleanup
[2019-12-09T02:38:58.128+0000][1][safepoint    ] Leaving safepoint region
[2019-12-09T02:38:58.128+0000][1][safepoint    ] Total time for which application threads were stopped: 0.0000757 seconds, Stopping threads took: 0.0000170 seconds
[2019-12-09T02:38:59.128+0000][1][safepoint    ] Application time: 1.0000771 seconds
[2019-12-09T02:38:59.128+0000][1][safepoint    ] Entering safepoint region: Cleanup
[2019-12-09T02:38:59.128+0000][1][safepoint    ] Leaving safepoint region
[2019-12-09T02:38:59.128+0000][1][safepoint    ] Total time for which application threads were stopped: 0.0000803 seconds, Stopping threads took: 0.0000181 seconds
[2019-12-09T02:39:00.128+0000][1][safepoint    ] Application time: 1.0000776 seconds
[2019-12-09T02:39:00.128+0000][1][safepoint    ] Entering safepoint region: Cleanup
[2019-12-09T02:39:00.128+0000][1][safepoint    ] Leaving safepoint region
[2019-12-09T02:39:00.128+0000][1][safepoint    ] Total time for which application threads were stopped: 0.0000886 seconds, Stopping threads took: 0.0000176 seconds
[2019-12-09T02:39:01.128+0000][1][safepoint    ] Application time: 1.0000769 seconds
[2019-12-09T02:39:01.128+0000][1][safepoint    ] Entering safepoint region: Cleanup
[2019-12-09T02:39:01.128+0000][1][safepoint    ] Leaving safepoint region
[2019-12-09T02:39:01.128+0000][1][safepoint    ] Total time for which application threads were stopped: 0.0000760 seconds, Stopping threads took: 0.0000171 seconds
[2019-12-09T02:39:02.128+0000][1][safepoint    ] Application time: 1.0000762 seconds
[2019-12-09T02:39:02.129+0000][1][safepoint    ] Entering safepoint region: Cleanup
[2019-12-09T02:39:02.129+0000][1][safepoint    ] Leaving safepoint region
[2019-12-09T02:39:02.129+0000][1][safepoint    ] Total time for which application threads were stopped: 0.0000773 seconds, Stopping threads took: 0.0000171 seconds
[2019-12-09T02:39:03.129+0000][1][safepoint    ] Application time: 1.0000845 seconds
[2019-12-09T02:39:03.129+0000][1][safepoint    ] Entering safepoint region: Cleanup
[2019-12-09T02:39:03.129+0000][1][safepoint    ] Leaving safepoint region
[2019-12-09T02:39:03.129+0000][1][safepoint    ] Total time for which application threads were stopped: 0.0000787 seconds, Stopping threads took: 0.0000172 seconds
[2019-12-09T02:39:04.129+0000][1][safepoint    ] Application time: 1.0000763 seconds
[2019-12-09T02:39:04.129+0000][1][safepoint    ] Entering safepoint region: Cleanup
[2019-12-09T02:39:04.129+0000][1][safepoint    ] Leaving safepoint region
[2019-12-09T02:39:04.129+0000][1][safepoint    ] Total time for which application threads were stopped: 0.0000797 seconds, Stopping threads took: 0.0000163 seconds
[2019-12-09T02:39:05.129+0000][1][safepoint    ] Application time: 1.0000769 seconds
[2019-12-09T02:39:05.129+0000][1][safepoint    ] Entering safepoint region: Cleanup
[2019-12-09T02:39:05.129+0000][1][safepoint    ] Leaving safepoint region
[2019-12-09T02:39:05.129+0000][1][safepoint    ] Total time for which application threads were stopped: 0.0000756 seconds, Stopping threads took: 0.0000160 seconds
[2019-12-09T02:39:06.129+0000][1][safepoint    ] Application time: 1.0000763 seconds
[2019-12-09T02:39:06.129+0000][1][safepoint    ] Entering safepoint region: Cleanup
[2019-12-09T02:39:06.129+0000][1][safepoint    ] Leaving safepoint region
[2019-12-09T02:39:06.129+0000][1][safepoint    ] Total time for which application threads were stopped: 0.0000789 seconds, Stopping threads took: 0.0000185 seconds
[2019-12-09T02:39:07.129+0000][1][safepoint    ] Application time: 1.0000775 seconds
[2019-12-09T02:39:07.130+0000][1][safepoint    ] Entering safepoint region: Cleanup
[2019-12-09T02:39:07.130+0000][1][safepoint    ] Leaving safepoint region
[2019-12-09T02:39:07.130+0000][1][safepoint    ] Total time for which application threads were stopped: 0.0000768 seconds, Stopping threads took: 0.0000169 seconds
[2019-12-09T02:39:08.130+0000][1][safepoint    ] Application time: 1.0000874 seconds
[2019-12-09T02:39:08.130+0000][1][safepoint    ] Entering safepoint region: Cleanup
[2019-12-09T02:39:08.130+0000][1][safepoint    ] Leaving safepoint region
[2019-12-09T02:39:08.130+0000][1][safepoint    ] Total time for which application threads were stopped: 0.0000775 seconds, Stopping threads took: 0.0000176 seconds
[2019-12-09T02:39:09.130+0000][1][safepoint    ] Application time: 1.0000780 seconds
[2019-12-09T02:39:09.130+0000][1][safepoint    ] Entering safepoint region: Cleanup
[2019-12-09T02:39:09.130+0000][1][safepoint    ] Leaving safepoint region
[2019-12-09T02:39:09.130+0000][1][safepoint    ] Total time for which application threads were stopped: 0.0000920 seconds, Stopping threads took: 0.0000250 seconds
[2019-12-09T02:39:10.130+0000][1][safepoint    ] Application time: 1.0000781 seconds
[2019-12-09T02:39:10.130+0000][1][safepoint    ] Entering safepoint region: Cleanup
[2019-12-09T02:39:10.130+0000][1][safepoint    ] Leaving safepoint region
[2019-12-09T02:39:10.130+0000][1][safepoint    ] Total time for which application threads were stopped: 0.0000753 seconds, Stopping threads took: 0.0000163 seconds
[2019-12-09T02:39:11.130+0000][1][safepoint    ] Application time: 1.0000774 seconds
[2019-12-09T02:39:11.130+0000][1][safepoint    ] Entering safepoint region: Cleanup
[2019-12-09T02:39:11.130+0000][1][safepoint    ] Leaving safepoint region
[2019-12-09T02:39:11.130+0000][1][safepoint    ] Total time for which application threads were stopped: 0.0000819 seconds, Stopping threads took: 0.0000162 seconds
[2019-12-09T02:39:12.131+0000][1][safepoint    ] Application time: 1.0000791 seconds
[2019-12-09T02:39:12.131+0000][1][safepoint    ] Entering safepoint region: Cleanup
[2019-12-09T02:39:12.131+0000][1][safepoint    ] Leaving safepoint region
[2019-12-09T02:39:12.131+0000][1][safepoint    ] Total time for which application threads were stopped: 0.0000788 seconds, Stopping threads took: 0.0000177 seconds
[2019-12-09T02:39:13.131+0000][1][safepoint    ] Application time: 1.0000792 seconds
[2019-12-09T02:39:13.131+0000][1][safepoint    ] Entering safepoint region: Cleanup
[2019-12-09T02:39:13.131+0000][1][safepoint    ] Leaving safepoint region
[2019-12-09T02:39:13.131+0000][1][safepoint    ] Total time for which application threads were stopped: 0.0000792 seconds, Stopping threads took: 0.0000173 seconds
[2019-12-09T02:39:14.131+0000][1][safepoint    ] Application time: 1.0000789 seconds
[2019-12-09T02:39:14.131+0000][1][safepoint    ] Entering safepoint region: Cleanup
[2019-12-09T02:39:14.131+0000][1][safepoint    ] Leaving safepoint region
[2019-12-09T02:39:14.131+0000][1][safepoint    ] Total time for which application threads were stopped: 0.0000817 seconds, Stopping threads took: 0.0000174 seconds
[2019-12-09T02:39:15.131+0000][1][safepoint    ] Application time: 1.0000777 seconds
[2019-12-09T02:39:15.131+0000][1][safepoint    ] Entering safepoint region: Cleanup
[2019-12-09T02:39:15.131+0000][1][safepoint    ] Leaving safepoint region
[2019-12-09T02:39:15.131+0000][1][safepoint    ] Total time for which application threads were stopped: 0.0000863 seconds, Stopping threads took: 0.0000177 seconds
[2019-12-09T02:39:16.131+0000][1][safepoint    ] Application time: 1.0000765 seconds
[2019-12-09T02:39:16.131+0000][1][safepoint    ] Entering safepoint region: Cleanup
[2019-12-09T02:39:16.131+0000][1][safepoint    ] Leaving safepoint region
[2019-12-09T02:39:16.131+0000][1][safepoint    ] Total time for which application threads were stopped: 0.0000771 seconds, Stopping threads took: 0.0000175 seconds
[2019-12-09T02:39:17.132+0000][1][safepoint    ] Application time: 1.0000762 seconds
[2019-12-09T02:39:17.132+0000][1][safepoint    ] Entering safepoint region: Cleanup
[2019-12-09T02:39:17.132+0000][1][safepoint    ] Leaving safepoint region
[2019-12-09T02:39:17.132+0000][1][safepoint    ] Total time for which application threads were stopped: 0.0000758 seconds, Stopping threads took: 0.0000170 seconds
[2019-12-09T02:39:18.132+0000][1][safepoint    ] Application time: 1.0000758 seconds
[2019-12-09T02:39:18.132+0000][1][safepoint    ] Entering safepoint region: Cleanup
[2019-12-09T02:39:18.132+0000][1][safepoint    ] Leaving safepoint region
[2019-12-09T02:39:18.132+0000][1][safepoint    ] Total time for which application threads were stopped: 0.0000757 seconds, Stopping threads took: 0.0000172 seconds
[2019-12-09T02:39:19.132+0000][1][safepoint    ] Application time: 1.0000781 seconds
[2019-12-09T02:39:19.132+0000][1][safepoint    ] Entering safepoint region: Cleanup
[2019-12-09T02:39:19.132+0000][1][safepoint    ] Leaving safepoint region
[2019-12-09T02:39:19.132+0000][1][safepoint    ] Total time for which application threads were stopped: 0.0000791 seconds, Stopping threads took: 0.0000165 seconds
[2019-12-09T02:39:20.132+0000][1][safepoint    ] Application time: 1.0000780 seconds
[2019-12-09T02:39:20.132+0000][1][safepoint    ] Entering safepoint region: Cleanup
[2019-12-09T02:39:20.132+0000][1][safepoint    ] Leaving safepoint region
[2019-12-09T02:39:20.132+0000][1][safepoint    ] Total time for which application threads were stopped: 0.0000772 seconds, Stopping threads took: 0.0000180 seconds
[2019-12-09T02:39:21.132+0000][1][safepoint    ] Application time: 1.0000424 seconds
[2019-12-09T02:39:21.132+0000][1][safepoint    ] Entering safepoint region: Cleanup
[2019-12-09T02:39:21.132+0000][1][safepoint    ] Leaving safepoint region
[2019-12-09T02:39:21.132+0000][1][safepoint    ] Total time for which application threads were stopped: 0.0000771 seconds, Stopping threads took: 0.0000165 seconds
[2019-12-09T02:39:22.136+0000][1][safepoint    ] Application time: 1.0037809 seconds
[2019-12-09T02:39:22.136+0000][1][safepoint    ] Entering safepoint region: Cleanup
[2019-12-09T02:39:22.136+0000][1][safepoint    ] Leaving safepoint region
[2019-12-09T02:39:22.136+0000][1][safepoint    ] Total time for which application threads were stopped: 0.0000899 seconds, Stopping threads took: 0.0000183 seconds
[2019-12-09T02:39:23.136+0000][1][safepoint    ] Application time: 1.0000787 seconds
[2019-12-09T02:39:23.136+0000][1][safepoint    ] Entering safepoint region: Cleanup
[2019-12-09T02:39:23.136+0000][1][safepoint    ] Leaving safepoint region
[2019-12-09T02:39:23.136+0000][1][safepoint    ] Total time for which application threads were stopped: 0.0000732 seconds, Stopping threads took: 0.0000148 seconds
[2019-12-09T02:39:24.137+0000][1][safepoint    ] Application time: 1.0000774 seconds
[2019-12-09T02:39:24.137+0000][1][safepoint    ] Entering safepoint region: Cleanup
[2019-12-09T02:39:24.137+0000][1][safepoint    ] Leaving safepoint region
[2019-12-09T02:39:24.137+0000][1][safepoint    ] Total time for which application threads were stopped: 0.0000763 seconds, Stopping threads took: 0.0000142 seconds
[2019-12-09T02:39:25.137+0000][1][safepoint    ] Application time: 1.0000785 seconds
[2019-12-09T02:39:25.137+0000][1][safepoint    ] Entering safepoint region: Cleanup
[2019-12-09T02:39:25.137+0000][1][safepoint    ] Leaving safepoint region
[2019-12-09T02:39:25.137+0000][1][safepoint    ] Total time for which application threads were stopped: 0.0000728 seconds, Stopping threads took: 0.0000137 seconds
[2019-12-09T02:39:26.137+0000][1][safepoint    ] Application time: 1.0000782 seconds
[2019-12-09T02:39:26.137+0000][1][safepoint    ] Entering safepoint region: Cleanup
[2019-12-09T02:39:26.137+0000][1][safepoint    ] Leaving safepoint region
[2019-12-09T02:39:26.137+0000][1][safepoint    ] Total time for which application threads were stopped: 0.0000843 seconds, Stopping threads took: 0.0000168 seconds
[2019-12-09T02:39:27.137+0000][1][safepoint    ] Application time: 1.0000778 seconds
[2019-12-09T02:39:27.137+0000][1][safepoint    ] Entering safepoint region: Cleanup
[2019-12-09T02:39:27.137+0000][1][safepoint    ] Leaving safepoint region
[2019-12-09T02:39:27.137+0000][1][safepoint    ] Total time for which application threads were stopped: 0.0000876 seconds, Stopping threads took: 0.0000151 seconds
[2019-12-09T02:39:28.137+0000][1][safepoint    ] Application time: 1.0000790 seconds
[2019-12-09T02:39:28.137+0000][1][safepoint    ] Entering safepoint region: Cleanup
[2019-12-09T02:39:28.138+0000][1][safepoint    ] Leaving safepoint region
[2019-12-09T02:39:28.138+0000][1][safepoint    ] Total time for which application threads were stopped: 0.0000795 seconds, Stopping threads took: 0.0000160 seconds
[2019-12-09T02:39:29.138+0000][1][safepoint    ] Application time: 1.0000861 seconds
[2019-12-09T02:39:29.138+0000][1][safepoint    ] Entering safepoint region: Cleanup
[2019-12-09T02:39:29.138+0000][1][safepoint    ] Leaving safepoint region
[2019-12-09T02:39:29.138+0000][1][safepoint    ] Total time for which application threads were stopped: 0.0001235 seconds, Stopping threads took: 0.0000226 seconds
[2019-12-09T02:39:30.138+0000][1][safepoint    ] Application time: 1.0000766 seconds
[2019-12-09T02:39:30.138+0000][1][safepoint    ] Entering safepoint region: Cleanup
[2019-12-09T02:39:30.138+0000][1][safepoint    ] Leaving safepoint region
[2019-12-09T02:39:30.138+0000][1][safepoint    ] Total time for which application threads were stopped: 0.0000776 seconds, Stopping threads took: 0.0000150 seconds
[2019-12-09T02:39:31.138+0000][1][safepoint    ] Application time: 1.0000816 seconds
[2019-12-09T02:39:31.138+0000][1][safepoint    ] Entering safepoint region: Cleanup
[2019-12-09T02:39:31.138+0000][1][safepoint    ] Leaving safepoint region
[2019-12-09T02:39:31.138+0000][1][safepoint    ] Total time for which application threads were stopped: 0.0000779 seconds, Stopping threads took: 0.0000161 seconds
[2019-12-09T02:39:32.138+0000][1][safepoint    ] Application time: 1.0000792 seconds
[2019-12-09T02:39:32.138+0000][1][safepoint    ] Entering safepoint region: Cleanup
[2019-12-09T02:39:32.138+0000][1][safepoint    ] Leaving safepoint region
[2019-12-09T02:39:32.138+0000][1][safepoint    ] Total time for which application threads were stopped: 0.0000747 seconds, Stopping threads took: 0.0000156 seconds
[2019-12-09T02:39:33.138+0000][1][safepoint    ] Application time: 1.0000781 seconds
[2019-12-09T02:39:33.139+0000][1][safepoint    ] Entering safepoint region: Cleanup
[2019-12-09T02:39:33.139+0000][1][safepoint    ] Leaving safepoint region
[2019-12-09T02:39:33.139+0000][1][safepoint    ] Total time for which application threads were stopped: 0.0000750 seconds, Stopping threads took: 0.0000154 seconds
[2019-12-09T02:39:34.139+0000][1][safepoint    ] Application time: 1.0000774 seconds
[2019-12-09T02:39:34.139+0000][1][safepoint    ] Entering safepoint region: Cleanup
[2019-12-09T02:39:34.139+0000][1][safepoint    ] Leaving safepoint region
[2019-12-09T02:39:34.139+0000][1][safepoint    ] Total time for which application threads were stopped: 0.0000853 seconds, Stopping threads took: 0.0000189 seconds
[2019-12-09T02:39:35.139+0000][1][safepoint    ] Application time: 1.0000784 seconds
[2019-12-09T02:39:35.139+0000][1][safepoint    ] Entering safepoint region: Cleanup
[2019-12-09T02:39:35.139+0000][1][safepoint    ] Leaving safepoint region
[2019-12-09T02:39:35.139+0000][1][safepoint    ] Total time for which application threads were stopped: 0.0000832 seconds, Stopping threads took: 0.0000159 seconds
[2019-12-09T02:39:36.139+0000][1][safepoint    ] Application time: 1.0000804 seconds
[2019-12-09T02:39:36.139+0000][1][safepoint    ] Entering safepoint region: Cleanup
[2019-12-09T02:39:36.139+0000][1][safepoint    ] Leaving safepoint region
[2019-12-09T02:39:36.139+0000][1][safepoint    ] Total time for which application threads were stopped: 0.0000868 seconds, Stopping threads took: 0.0000258 seconds
[2019-12-09T02:39:37.139+0000][1][safepoint    ] Application time: 1.0000807 seconds
[2019-12-09T02:39:37.139+0000][1][safepoint    ] Entering safepoint region: Cleanup
[2019-12-09T02:39:37.139+0000][1][safepoint    ] Leaving safepoint region
[2019-12-09T02:39:37.139+0000][1][safepoint    ] Total time for which application threads were stopped: 0.0000798 seconds, Stopping threads took: 0.0000159 seconds
[2019-12-09T02:39:38.140+0000][1][safepoint    ] Application time: 1.0000928 seconds
[2019-12-09T02:39:38.140+0000][1][safepoint    ] Entering safepoint region: Cleanup
[2019-12-09T02:39:38.140+0000][1][safepoint    ] Leaving safepoint region
[2019-12-09T02:39:38.140+0000][1][safepoint    ] Total time for which application threads were stopped: 0.0001138 seconds, Stopping threads took: 0.0000517 seconds
[2019-12-09T02:39:39.140+0000][1][safepoint    ] Application time: 1.0001048 seconds
[2019-12-09T02:39:39.140+0000][1][safepoint    ] Entering safepoint region: Cleanup
[2019-12-09T02:39:39.140+0000][1][safepoint    ] Leaving safepoint region
[2019-12-09T02:39:39.140+0000][1][safepoint    ] Total time for which application threads were stopped: 0.0001487 seconds, Stopping threads took: 0.0000764 seconds
[2019-12-09T02:39:40.140+0000][1][safepoint    ] Application time: 1.0000921 seconds
[2019-12-09T02:39:40.140+0000][1][safepoint    ] Entering safepoint region: Cleanup
[2019-12-09T02:39:40.140+0000][1][safepoint    ] Leaving safepoint region
[2019-12-09T02:39:40.140+0000][1][safepoint    ] Total time for which application threads were stopped: 0.0000777 seconds, Stopping threads took: 0.0000161 seconds
[2019-12-09T02:39:41.140+0000][1][safepoint    ] Application time: 1.0000850 seconds
[2019-12-09T02:39:41.140+0000][1][safepoint    ] Entering safepoint region: Cleanup
[2019-12-09T02:39:41.140+0000][1][safepoint    ] Leaving safepoint region
[2019-12-09T02:39:41.140+0000][1][safepoint    ] Total time for which application threads were stopped: 0.0001299 seconds, Stopping threads took: 0.0000625 seconds
[2019-12-09T02:39:42.141+0000][1][safepoint    ] Application time: 1.0000910 seconds
[2019-12-09T02:39:42.141+0000][1][safepoint    ] Entering safepoint region: Cleanup
[2019-12-09T02:39:42.141+0000][1][safepoint    ] Leaving safepoint region
[2019-12-09T02:39:42.141+0000][1][safepoint    ] Total time for which application threads were stopped: 0.0001200 seconds, Stopping threads took: 0.0000462 seconds
[2019-12-09T02:39:43.141+0000][1][safepoint    ] Application time: 1.0000843 seconds
[2019-12-09T02:39:43.141+0000][1][safepoint    ] Entering safepoint region: Cleanup
[2019-12-09T02:39:43.141+0000][1][safepoint    ] Leaving safepoint region
[2019-12-09T02:39:43.141+0000][1][safepoint    ] Total time for which application threads were stopped: 0.0000785 seconds, Stopping threads took: 0.0000177 seconds
[2019-12-09T02:39:44.141+0000][1][safepoint    ] Application time: 1.0000777 seconds
[2019-12-09T02:39:44.141+0000][1][safepoint    ] Entering safepoint region: Cleanup
[2019-12-09T02:39:44.141+0000][1][safepoint    ] Leaving safepoint region
[2019-12-09T02:39:44.141+0000][1][safepoint    ] Total time for which application threads were stopped: 0.0000856 seconds, Stopping threads took: 0.0000169 seconds
[2019-12-09T02:39:45.141+0000][1][safepoint    ] Application time: 1.0000797 seconds
[2019-12-09T02:39:45.141+0000][1][safepoint    ] Entering safepoint region: Cleanup
[2019-12-09T02:39:45.141+0000][1][safepoint    ] Leaving safepoint region
[2019-12-09T02:39:45.141+0000][1][safepoint    ] Total time for which application threads were stopped: 0.0000784 seconds, Stopping threads took: 0.0000170 seconds
[2019-12-09T02:39:46.141+0000][1][safepoint    ] Application time: 1.0000885 seconds
[2019-12-09T02:39:46.141+0000][1][safepoint    ] Entering safepoint region: Cleanup
[2019-12-09T02:39:46.142+0000][1][safepoint    ] Leaving safepoint region
[2019-12-09T02:39:46.142+0000][1][safepoint    ] Total time for which application threads were stopped: 0.0001193 seconds, Stopping threads took: 0.0000306 seconds
[2019-12-09T02:39:47.142+0000][1][safepoint    ] Application time: 1.0000856 seconds
[2019-12-09T02:39:47.142+0000][1][safepoint    ] Entering safepoint region: Cleanup
[2019-12-09T02:39:47.142+0000][1][safepoint    ] Leaving safepoint region
[2019-12-09T02:39:47.142+0000][1][safepoint    ] Total time for which application threads were stopped: 0.0000778 seconds, Stopping threads took: 0.0000164 seconds
[2019-12-09T02:39:48.142+0000][1][safepoint    ] Application time: 1.0000770 seconds
[2019-12-09T02:39:48.142+0000][1][safepoint    ] Entering safepoint region: Cleanup
[2019-12-09T02:39:48.142+0000][1][safepoint    ] Leaving safepoint region
[2019-12-09T02:39:48.142+0000][1][safepoint    ] Total time for which application threads were stopped: 0.0000788 seconds, Stopping threads took: 0.0000168 seconds
[2019-12-09T02:39:49.142+0000][1][safepoint    ] Application time: 1.0000865 seconds
[2019-12-09T02:39:49.142+0000][1][safepoint    ] Entering safepoint region: Cleanup
[2019-12-09T02:39:49.142+0000][1][safepoint    ] Leaving safepoint region
[2019-12-09T02:39:49.142+0000][1][safepoint    ] Total time for which application threads were stopped: 0.0000779 seconds, Stopping threads took: 0.0000171 seconds
[2019-12-09T02:39:50.142+0000][1][safepoint    ] Application time: 1.0000793 seconds
[2019-12-09T02:39:50.142+0000][1][safepoint    ] Entering safepoint region: Cleanup
[2019-12-09T02:39:50.142+0000][1][safepoint    ] Leaving safepoint region
[2019-12-09T02:39:50.142+0000][1][safepoint    ] Total time for which application threads were stopped: 0.0000760 seconds, Stopping threads took: 0.0000161 seconds
[2019-12-09T02:39:51.143+0000][1][safepoint    ] Application time: 1.0000812 seconds
[2019-12-09T02:39:51.143+0000][1][safepoint    ] Entering safepoint region: Cleanup
[2019-12-09T02:39:51.143+0000][1][safepoint    ] Leaving safepoint region
[2019-12-09T02:39:51.143+0000][1][safepoint    ] Total time for which application threads were stopped: 0.0000755 seconds, Stopping threads took: 0.0000160 seconds
[2019-12-09T02:39:52.143+0000][1][safepoint    ] Application time: 1.0000894 seconds
[2019-12-09T02:39:52.143+0000][1][safepoint    ] Entering safepoint region: Cleanup
[2019-12-09T02:39:52.143+0000][1][safepoint    ] Leaving safepoint region
[2019-12-09T02:39:52.143+0000][1][safepoint    ] Total time for which application threads were stopped: 0.0000769 seconds, Stopping threads took: 0.0000156 seconds
[2019-12-09T02:39:53.143+0000][1][safepoint    ] Application time: 1.0000839 seconds
[2019-12-09T02:39:53.143+0000][1][safepoint    ] Entering safepoint region: Cleanup
[2019-12-09T02:39:53.143+0000][1][safepoint    ] Leaving safepoint region
[2019-12-09T02:39:53.143+0000][1][safepoint    ] Total time for which application threads were stopped: 0.0001022 seconds, Stopping threads took: 0.0000213 seconds
[2019-12-09T02:39:54.143+0000][1][safepoint    ] Application time: 1.0000774 seconds
[2019-12-09T02:39:54.143+0000][1][safepoint    ] Entering safepoint region: Cleanup
[2019-12-09T02:39:54.143+0000][1][safepoint    ] Leaving safepoint region
[2019-12-09T02:39:54.143+0000][1][safepoint    ] Total time for which application threads were stopped: 0.0000791 seconds, Stopping threads took: 0.0000160 seconds
[2019-12-09T02:39:55.143+0000][1][safepoint    ] Application time: 1.0000762 seconds
[2019-12-09T02:39:55.143+0000][1][safepoint    ] Entering safepoint region: Cleanup
[2019-12-09T02:39:55.143+0000][1][safepoint    ] Leaving safepoint region
[2019-12-09T02:39:55.143+0000][1][safepoint    ] Total time for which application threads were stopped: 0.0000790 seconds, Stopping threads took: 0.0000174 seconds
[2019-12-09T02:39:56.144+0000][1][safepoint    ] Application time: 1.0000779 seconds
[2019-12-09T02:39:56.144+0000][1][safepoint    ] Entering safepoint region: Cleanup
[2019-12-09T02:39:56.144+0000][1][safepoint    ] Leaving safepoint region
[2019-12-09T02:39:56.144+0000][1][safepoint    ] Total time for which application threads were stopped: 0.0000867 seconds, Stopping threads took: 0.0000250 seconds
[2019-12-09T02:39:57.144+0000][1][safepoint    ] Application time: 1.0000763 seconds
[2019-12-09T02:39:57.144+0000][1][safepoint    ] Entering safepoint region: Cleanup
[2019-12-09T02:39:57.144+0000][1][safepoint    ] Leaving safepoint region
[2019-12-09T02:39:57.144+0000][1][safepoint    ] Total time for which application threads were stopped: 0.0000762 seconds, Stopping threads took: 0.0000176 seconds
[2019-12-09T02:39:58.144+0000][1][safepoint    ] Application time: 1.0000764 seconds
[2019-12-09T02:39:58.144+0000][1][safepoint    ] Entering safepoint region: Cleanup
[2019-12-09T02:39:58.144+0000][1][safepoint    ] Leaving safepoint region
[2019-12-09T02:39:58.144+0000][1][safepoint    ] Total time for which application threads were stopped: 0.0000773 seconds, Stopping threads took: 0.0000173 seconds
[2019-12-09T02:39:59.045+0000][1][safepoint    ] Application time: 0.9009244 seconds
[2019-12-09T02:39:59.045+0000][1][safepoint    ] Entering safepoint region: GenCollectForAllocation
[2019-12-09T02:39:59.045+0000][1][gc,start     ] GC(27) Pause Young (Allocation Failure)
[2019-12-09T02:39:59.045+0000][1][gc,task      ] GC(27) Using 2 workers of 2 for evacuation
[2019-12-09T02:39:59.050+0000][1][gc,age       ] GC(27) Desired survivor size 4456448 bytes, new threshold 6 (max threshold 6)
[2019-12-09T02:39:59.050+0000][1][gc,age       ] GC(27) Age table with threshold 6 (max threshold 6)
[2019-12-09T02:39:59.050+0000][1][gc,age       ] GC(27) - age   1:       7992 bytes,       7992 total
[2019-12-09T02:39:59.050+0000][1][gc,age       ] GC(27) - age   2:       1448 bytes,       9440 total
[2019-12-09T02:39:59.050+0000][1][gc,age       ] GC(27) - age   3:      31856 bytes,      41296 total
[2019-12-09T02:39:59.051+0000][1][gc,age       ] GC(27) - age   4:    1752048 bytes,    1793344 total
[2019-12-09T02:39:59.051+0000][1][gc,heap      ] GC(27) ParNew: 72801K->2786K(78656K)
[2019-12-09T02:39:59.051+0000][1][gc,heap      ] GC(27) CMS: 68201K->68201K(174784K)
[2019-12-09T02:39:59.051+0000][1][gc,metaspace ] GC(27) Metaspace: 68880K->68880K(1112064K)
[2019-12-09T02:39:59.051+0000][1][gc           ] GC(27) Pause Young (Allocation Failure) 137M->69M(247M) 5.432ms
[2019-12-09T02:39:59.051+0000][1][gc,cpu       ] GC(27) User=0.01s Sys=0.00s Real=0.00s
[2019-12-09T02:39:59.051+0000][1][safepoint    ] Leaving safepoint region
[2019-12-09T02:39:59.051+0000][1][safepoint    ] Total time for which application threads were stopped: 0.0055738 seconds, Stopping threads took: 0.0000159 seconds
[2019-12-09T02:40:00.051+0000][1][safepoint    ] Application time: 1.0001062 seconds
[2019-12-09T02:40:00.051+0000][1][safepoint    ] Entering safepoint region: Cleanup
[2019-12-09T02:40:00.051+0000][1][safepoint    ] Leaving safepoint region
[2019-12-09T02:40:00.051+0000][1][safepoint    ] Total time for which application threads were stopped: 0.0000799 seconds, Stopping threads took: 0.0000178 seconds
[2019-12-09T02:40:01.051+0000][1][safepoint    ] Application time: 1.0000769 seconds
[2019-12-09T02:40:01.051+0000][1][safepoint    ] Entering safepoint region: Cleanup
[2019-12-09T02:40:01.051+0000][1][safepoint    ] Leaving safepoint region
[2019-12-09T02:40:01.051+0000][1][safepoint    ] Total time for which application threads were stopped: 0.0000779 seconds, Stopping threads took: 0.0000177 seconds
[2019-12-09T02:40:02.051+0000][1][safepoint    ] Application time: 1.0000796 seconds
[2019-12-09T02:40:02.051+0000][1][safepoint    ] Entering safepoint region: Cleanup
[2019-12-09T02:40:02.051+0000][1][safepoint    ] Leaving safepoint region
[2019-12-09T02:40:02.051+0000][1][safepoint    ] Total time for which application threads were stopped: 0.0000790 seconds, Stopping threads took: 0.0000176 seconds
[2019-12-09T02:40:03.051+0000][1][safepoint    ] Application time: 1.0000817 seconds
[2019-12-09T02:40:03.051+0000][1][safepoint    ] Entering safepoint region: Cleanup
[2019-12-09T02:40:03.051+0000][1][safepoint    ] Leaving safepoint region
[2019-12-09T02:40:03.051+0000][1][safepoint    ] Total time for which application threads were stopped: 0.0000934 seconds, Stopping threads took: 0.0000248 seconds
[2019-12-09T02:40:04.052+0000][1][safepoint    ] Application time: 1.0000774 seconds
[2019-12-09T02:40:04.052+0000][1][safepoint    ] Entering safepoint region: Cleanup
[2019-12-09T02:40:04.052+0000][1][safepoint    ] Leaving safepoint region
[2019-12-09T02:40:04.052+0000][1][safepoint    ] Total time for which application threads were stopped: 0.0000894 seconds, Stopping threads took: 0.0000174 seconds
[2019-12-09T02:40:05.052+0000][1][safepoint    ] Application time: 1.0000782 seconds
[2019-12-09T02:40:05.052+0000][1][safepoint    ] Entering safepoint region: Cleanup
[2019-12-09T02:40:05.052+0000][1][safepoint    ] Leaving safepoint region
[2019-12-09T02:40:05.052+0000][1][safepoint    ] Total time for which application threads were stopped: 0.0000830 seconds, Stopping threads took: 0.0000175 seconds
[2019-12-09T02:40:06.052+0000][1][safepoint    ] Application time: 1.0000758 seconds
[2019-12-09T02:40:06.052+0000][1][safepoint    ] Entering safepoint region: Cleanup
[2019-12-09T02:40:06.052+0000][1][safepoint    ] Leaving safepoint region
[2019-12-09T02:40:06.052+0000][1][safepoint    ] Total time for which application threads were stopped: 0.0000800 seconds, Stopping threads took: 0.0000175 seconds
[2019-12-09T02:40:07.052+0000][1][safepoint    ] Application time: 1.0000758 seconds
[2019-12-09T02:40:07.052+0000][1][safepoint    ] Entering safepoint region: Cleanup
[2019-12-09T02:40:07.052+0000][1][safepoint    ] Leaving safepoint region
[2019-12-09T02:40:07.052+0000][1][safepoint    ] Total time for which application threads were stopped: 0.0000806 seconds, Stopping threads took: 0.0000182 seconds
[2019-12-09T02:40:08.052+0000][1][safepoint    ] Application time: 1.0000757 seconds
[2019-12-09T02:40:08.052+0000][1][safepoint    ] Entering safepoint region: Cleanup
[2019-12-09T02:40:08.052+0000][1][safepoint    ] Leaving safepoint region
[2019-12-09T02:40:08.052+0000][1][safepoint    ] Total time for which application threads were stopped: 0.0000786 seconds, Stopping threads took: 0.0000179 seconds
[2019-12-09T02:40:09.053+0000][1][safepoint    ] Application time: 1.0000764 seconds
[2019-12-09T02:40:09.053+0000][1][safepoint    ] Entering safepoint region: Cleanup
[2019-12-09T02:40:09.053+0000][1][safepoint    ] Leaving safepoint region
[2019-12-09T02:40:09.053+0000][1][safepoint    ] Total time for which application threads were stopped: 0.0000816 seconds, Stopping threads took: 0.0000229 seconds
[2019-12-09T02:40:10.053+0000][1][safepoint    ] Application time: 1.0000752 seconds
[2019-12-09T02:40:10.053+0000][1][safepoint    ] Entering safepoint region: Cleanup
[2019-12-09T02:40:10.053+0000][1][safepoint    ] Leaving safepoint region
[2019-12-09T02:40:10.053+0000][1][safepoint    ] Total time for which application threads were stopped: 0.0000782 seconds, Stopping threads took: 0.0000169 seconds
[2019-12-09T02:40:11.053+0000][1][safepoint    ] Application time: 1.0000753 seconds
[2019-12-09T02:40:11.053+0000][1][safepoint    ] Entering safepoint region: Cleanup
[2019-12-09T02:40:11.053+0000][1][safepoint    ] Leaving safepoint region
[2019-12-09T02:40:11.053+0000][1][safepoint    ] Total time for which application threads were stopped: 0.0000779 seconds, Stopping threads took: 0.0000172 seconds
[2019-12-09T02:40:12.053+0000][1][safepoint    ] Application time: 1.0000757 seconds
[2019-12-09T02:40:12.053+0000][1][safepoint    ] Entering safepoint region: Cleanup
[2019-12-09T02:40:12.053+0000][1][safepoint    ] Leaving safepoint region
[2019-12-09T02:40:12.053+0000][1][safepoint    ] Total time for which application threads were stopped: 0.0000778 seconds, Stopping threads took: 0.0000179 seconds
[2019-12-09T02:40:13.053+0000][1][safepoint    ] Application time: 1.0000760 seconds
[2019-12-09T02:40:13.053+0000][1][safepoint    ] Entering safepoint region: Cleanup
[2019-12-09T02:40:13.053+0000][1][safepoint    ] Leaving safepoint region
[2019-12-09T02:40:13.053+0000][1][safepoint    ] Total time for which application threads were stopped: 0.0000817 seconds, Stopping threads took: 0.0000226 seconds
[2019-12-09T02:40:14.997+0000][1][safepoint    ] Application time: 1.9432227 seconds
[2019-12-09T02:40:14.997+0000][1][safepoint    ] Entering safepoint region: Cleanup
[2019-12-09T02:40:14.997+0000][1][safepoint    ] Leaving safepoint region
[2019-12-09T02:40:14.997+0000][1][safepoint    ] Total time for which application threads were stopped: 0.0000881 seconds, Stopping threads took: 0.0000174 seconds
[2019-12-09T02:40:15.997+0000][1][safepoint    ] Application time: 1.0000789 seconds
[2019-12-09T02:40:15.997+0000][1][safepoint    ] Entering safepoint region: Cleanup
[2019-12-09T02:40:15.997+0000][1][safepoint    ] Leaving safepoint region
[2019-12-09T02:40:15.997+0000][1][safepoint    ] Total time for which application threads were stopped: 0.0000757 seconds, Stopping threads took: 0.0000167 seconds
[2019-12-09T02:40:16.997+0000][1][safepoint    ] Application time: 1.0000754 seconds
[2019-12-09T02:40:16.997+0000][1][safepoint    ] Entering safepoint region: Cleanup
[2019-12-09T02:40:16.997+0000][1][safepoint    ] Leaving safepoint region
[2019-12-09T02:40:16.997+0000][1][safepoint    ] Total time for which application threads were stopped: 0.0000773 seconds, Stopping threads took: 0.0000179 seconds
[2019-12-09T02:40:17.997+0000][1][safepoint    ] Application time: 1.0000794 seconds
[2019-12-09T02:40:17.997+0000][1][safepoint    ] Entering safepoint region: Cleanup
[2019-12-09T02:40:17.997+0000][1][safepoint    ] Leaving safepoint region
[2019-12-09T02:40:17.997+0000][1][safepoint    ] Total time for which application threads were stopped: 0.0000774 seconds, Stopping threads took: 0.0000184 seconds
[2019-12-09T02:40:18.998+0000][1][safepoint    ] Application time: 1.0000923 seconds
[2019-12-09T02:40:18.998+0000][1][safepoint    ] Entering safepoint region: Cleanup
[2019-12-09T02:40:18.998+0000][1][safepoint    ] Leaving safepoint region
[2019-12-09T02:40:18.998+0000][1][safepoint    ] Total time for which application threads were stopped: 0.0001431 seconds, Stopping threads took: 0.0000635 seconds
[2019-12-09T02:40:19.998+0000][1][safepoint    ] Application time: 1.0000851 seconds
[2019-12-09T02:40:19.998+0000][1][safepoint    ] Entering safepoint region: Cleanup
[2019-12-09T02:40:19.998+0000][1][safepoint    ] Leaving safepoint region
[2019-12-09T02:40:19.998+0000][1][safepoint    ] Total time for which application threads were stopped: 0.0000764 seconds, Stopping threads took: 0.0000163 seconds
[2019-12-09T02:40:20.998+0000][1][safepoint    ] Application time: 1.0000788 seconds
[2019-12-09T02:40:20.998+0000][1][safepoint    ] Entering safepoint region: Cleanup
[2019-12-09T02:40:20.998+0000][1][safepoint    ] Leaving safepoint region
[2019-12-09T02:40:20.998+0000][1][safepoint    ] Total time for which application threads were stopped: 0.0000774 seconds, Stopping threads took: 0.0000179 seconds
[2019-12-09T02:40:21.998+0000][1][safepoint    ] Application time: 1.0000760 seconds
[2019-12-09T02:40:21.998+0000][1][safepoint    ] Entering safepoint region: Cleanup
[2019-12-09T02:40:21.998+0000][1][safepoint    ] Leaving safepoint region
[2019-12-09T02:40:21.998+0000][1][safepoint    ] Total time for which application threads were stopped: 0.0000774 seconds, Stopping threads took: 0.0000168 seconds
[2019-12-09T02:40:22.998+0000][1][safepoint    ] Application time: 1.0000759 seconds
[2019-12-09T02:40:22.998+0000][1][safepoint    ] Entering safepoint region: Cleanup
[2019-12-09T02:40:22.998+0000][1][safepoint    ] Leaving safepoint region
[2019-12-09T02:40:22.998+0000][1][safepoint    ] Total time for which application threads were stopped: 0.0000790 seconds, Stopping threads took: 0.0000175 seconds
[2019-12-09T02:40:23.999+0000][1][safepoint    ] Application time: 1.0000761 seconds
[2019-12-09T02:40:23.999+0000][1][safepoint    ] Entering safepoint region: Cleanup
[2019-12-09T02:40:23.999+0000][1][safepoint    ] Leaving safepoint region
[2019-12-09T02:40:23.999+0000][1][safepoint    ] Total time for which application threads were stopped: 0.0000949 seconds, Stopping threads took: 0.0000252 seconds
[2019-12-09T02:40:24.999+0000][1][safepoint    ] Application time: 1.0000739 seconds
[2019-12-09T02:40:24.999+0000][1][safepoint    ] Entering safepoint region: Cleanup
[2019-12-09T02:40:24.999+0000][1][safepoint    ] Leaving safepoint region
[2019-12-09T02:40:24.999+0000][1][safepoint    ] Total time for which application threads were stopped: 0.0000814 seconds, Stopping threads took: 0.0000169 seconds
[2019-12-09T02:40:25.999+0000][1][safepoint    ] Application time: 1.0000742 seconds
[2019-12-09T02:40:25.999+0000][1][safepoint    ] Entering safepoint region: Cleanup
[2019-12-09T02:40:25.999+0000][1][safepoint    ] Leaving safepoint region
[2019-12-09T02:40:25.999+0000][1][safepoint    ] Total time for which application threads were stopped: 0.0000755 seconds, Stopping threads took: 0.0000162 seconds
[2019-12-09T02:40:26.999+0000][1][safepoint    ] Application time: 1.0000788 seconds
[2019-12-09T02:40:26.999+0000][1][safepoint    ] Entering safepoint region: Cleanup
[2019-12-09T02:40:26.999+0000][1][safepoint    ] Leaving safepoint region
[2019-12-09T02:40:26.999+0000][1][safepoint    ] Total time for which application threads were stopped: 0.0000752 seconds, Stopping threads took: 0.0000171 seconds
[2019-12-09T02:40:27.999+0000][1][safepoint    ] Application time: 1.0000773 seconds
[2019-12-09T02:40:27.999+0000][1][safepoint    ] Entering safepoint region: Cleanup
[2019-12-09T02:40:27.999+0000][1][safepoint    ] Leaving safepoint region
[2019-12-09T02:40:27.999+0000][1][safepoint    ] Total time for which application threads were stopped: 0.0000790 seconds, Stopping threads took: 0.0000177 seconds
[2019-12-09T02:40:29.000+0000][1][safepoint    ] Application time: 1.0000779 seconds
[2019-12-09T02:40:29.000+0000][1][safepoint    ] Entering safepoint region: Cleanup
[2019-12-09T02:40:29.000+0000][1][safepoint    ] Leaving safepoint region
[2019-12-09T02:40:29.000+0000][1][safepoint    ] Total time for which application threads were stopped: 0.0001036 seconds, Stopping threads took: 0.0000227 seconds
[2019-12-09T02:40:30.000+0000][1][safepoint    ] Application time: 1.0002226 seconds
[2019-12-09T02:40:30.000+0000][1][safepoint    ] Entering safepoint region: Cleanup
[2019-12-09T02:40:30.000+0000][1][safepoint    ] Leaving safepoint region
[2019-12-09T02:40:30.000+0000][1][safepoint    ] Total time for which application threads were stopped: 0.0001081 seconds, Stopping threads took: 0.0000234 seconds
[2019-12-09T02:40:31.000+0000][1][safepoint    ] Application time: 1.0000875 seconds
[2019-12-09T02:40:31.000+0000][1][safepoint    ] Entering safepoint region: Cleanup
[2019-12-09T02:40:31.000+0000][1][safepoint    ] Leaving safepoint region
[2019-12-09T02:40:31.000+0000][1][safepoint    ] Total time for which application threads were stopped: 0.0001104 seconds, Stopping threads took: 0.0000226 seconds
[2019-12-09T02:40:32.000+0000][1][safepoint    ] Application time: 1.0000892 seconds
[2019-12-09T02:40:32.000+0000][1][safepoint    ] Entering safepoint region: Cleanup
[2019-12-09T02:40:32.001+0000][1][safepoint    ] Leaving safepoint region
[2019-12-09T02:40:32.001+0000][1][safepoint    ] Total time for which application threads were stopped: 0.0001134 seconds, Stopping threads took: 0.0000250 seconds
[2019-12-09T02:40:33.001+0000][1][safepoint    ] Application time: 1.0000896 seconds
[2019-12-09T02:40:33.001+0000][1][safepoint    ] Entering safepoint region: Cleanup
[2019-12-09T02:40:33.001+0000][1][safepoint    ] Leaving safepoint region
[2019-12-09T02:40:33.001+0000][1][safepoint    ] Total time for which application threads were stopped: 0.0001208 seconds, Stopping threads took: 0.0000402 seconds
[2019-12-09T02:40:34.001+0000][1][safepoint    ] Application time: 1.0000850 seconds
[2019-12-09T02:40:34.001+0000][1][safepoint    ] Entering safepoint region: Cleanup
[2019-12-09T02:40:34.001+0000][1][safepoint    ] Leaving safepoint region
[2019-12-09T02:40:34.001+0000][1][safepoint    ] Total time for which application threads were stopped: 0.0001066 seconds, Stopping threads took: 0.0000304 seconds
[2019-12-09T02:40:35.001+0000][1][safepoint    ] Application time: 1.0000893 seconds
[2019-12-09T02:40:35.001+0000][1][safepoint    ] Entering safepoint region: Cleanup
[2019-12-09T02:40:35.001+0000][1][safepoint    ] Leaving safepoint region
[2019-12-09T02:40:35.001+0000][1][safepoint    ] Total time for which application threads were stopped: 0.0001080 seconds, Stopping threads took: 0.0000245 seconds
[2019-12-09T02:40:36.001+0000][1][safepoint    ] Application time: 1.0000843 seconds
[2019-12-09T02:40:36.001+0000][1][safepoint    ] Entering safepoint region: Cleanup
[2019-12-09T02:40:36.001+0000][1][safepoint    ] Leaving safepoint region
[2019-12-09T02:40:36.001+0000][1][safepoint    ] Total time for which application threads were stopped: 0.0000826 seconds, Stopping threads took: 0.0000189 seconds
[2019-12-09T02:40:37.002+0000][1][safepoint    ] Application time: 1.0000866 seconds
[2019-12-09T02:40:37.002+0000][1][safepoint    ] Entering safepoint region: Cleanup
[2019-12-09T02:40:37.002+0000][1][safepoint    ] Leaving safepoint region
[2019-12-09T02:40:37.002+0000][1][safepoint    ] Total time for which application threads were stopped: 0.0001018 seconds, Stopping threads took: 0.0000183 seconds
[2019-12-09T02:40:38.002+0000][1][safepoint    ] Application time: 1.0000773 seconds
[2019-12-09T02:40:38.002+0000][1][safepoint    ] Entering safepoint region: Cleanup
[2019-12-09T02:40:38.002+0000][1][safepoint    ] Leaving safepoint region
[2019-12-09T02:40:38.002+0000][1][safepoint    ] Total time for which application threads were stopped: 0.0000826 seconds, Stopping threads took: 0.0000191 seconds
[2019-12-09T02:40:39.002+0000][1][safepoint    ] Application time: 1.0000781 seconds
[2019-12-09T02:40:39.002+0000][1][safepoint    ] Entering safepoint region: Cleanup
[2019-12-09T02:40:39.002+0000][1][safepoint    ] Leaving safepoint region
[2019-12-09T02:40:39.002+0000][1][safepoint    ] Total time for which application threads were stopped: 0.0000871 seconds, Stopping threads took: 0.0000246 seconds
[2019-12-09T02:40:40.002+0000][1][safepoint    ] Application time: 1.0000797 seconds
[2019-12-09T02:40:40.002+0000][1][safepoint    ] Entering safepoint region: Cleanup
[2019-12-09T02:40:40.002+0000][1][safepoint    ] Leaving safepoint region
[2019-12-09T02:40:40.002+0000][1][safepoint    ] Total time for which application threads were stopped: 0.0000853 seconds, Stopping threads took: 0.0000175 seconds
[2019-12-09T02:40:41.002+0000][1][safepoint    ] Application time: 1.0000832 seconds
[2019-12-09T02:40:41.002+0000][1][safepoint    ] Entering safepoint region: Cleanup
[2019-12-09T02:40:41.003+0000][1][safepoint    ] Leaving safepoint region
[2019-12-09T02:40:41.003+0000][1][safepoint    ] Total time for which application threads were stopped: 0.0000785 seconds, Stopping threads took: 0.0000173 seconds
[2019-12-09T02:40:42.003+0000][1][safepoint    ] Application time: 1.0000810 seconds
[2019-12-09T02:40:42.003+0000][1][safepoint    ] Entering safepoint region: Cleanup
[2019-12-09T02:40:42.003+0000][1][safepoint    ] Leaving safepoint region
[2019-12-09T02:40:42.003+0000][1][safepoint    ] Total time for which application threads were stopped: 0.0000987 seconds, Stopping threads took: 0.0000359 seconds
[2019-12-09T02:40:43.003+0000][1][safepoint    ] Application time: 1.0000771 seconds
[2019-12-09T02:40:43.003+0000][1][safepoint    ] Entering safepoint region: Cleanup
[2019-12-09T02:40:43.003+0000][1][safepoint    ] Leaving safepoint region
[2019-12-09T02:40:43.003+0000][1][safepoint    ] Total time for which application threads were stopped: 0.0000794 seconds, Stopping threads took: 0.0000187 seconds
[2019-12-09T02:40:44.003+0000][1][safepoint    ] Application time: 1.0000835 seconds
[2019-12-09T02:40:44.003+0000][1][safepoint    ] Entering safepoint region: Cleanup
[2019-12-09T02:40:44.003+0000][1][safepoint    ] Leaving safepoint region
[2019-12-09T02:40:44.003+0000][1][safepoint    ] Total time for which application threads were stopped: 0.0000998 seconds, Stopping threads took: 0.0000173 seconds
[2019-12-09T02:40:45.003+0000][1][safepoint    ] Application time: 1.0000812 seconds
[2019-12-09T02:40:45.003+0000][1][safepoint    ] Entering safepoint region: Cleanup
[2019-12-09T02:40:45.003+0000][1][safepoint    ] Leaving safepoint region
[2019-12-09T02:40:45.003+0000][1][safepoint    ] Total time for which application threads were stopped: 0.0000806 seconds, Stopping threads took: 0.0000181 seconds
[2019-12-09T02:40:46.003+0000][1][safepoint    ] Application time: 1.0000784 seconds
[2019-12-09T02:40:46.004+0000][1][safepoint    ] Entering safepoint region: Cleanup
[2019-12-09T02:40:46.004+0000][1][safepoint    ] Leaving safepoint region
[2019-12-09T02:40:46.004+0000][1][safepoint    ] Total time for which application threads were stopped: 0.0000887 seconds, Stopping threads took: 0.0000275 seconds
[2019-12-09T02:40:47.004+0000][1][safepoint    ] Application time: 1.0000885 seconds
[2019-12-09T02:40:47.004+0000][1][safepoint    ] Entering safepoint region: Cleanup
[2019-12-09T02:40:47.004+0000][1][safepoint    ] Leaving safepoint region
[2019-12-09T02:40:47.004+0000][1][safepoint    ] Total time for which application threads were stopped: 0.0000786 seconds, Stopping threads took: 0.0000175 seconds
[2019-12-09T02:40:48.004+0000][1][safepoint    ] Application time: 1.0000813 seconds
[2019-12-09T02:40:48.004+0000][1][safepoint    ] Entering safepoint region: Cleanup
[2019-12-09T02:40:48.004+0000][1][safepoint    ] Leaving safepoint region
[2019-12-09T02:40:48.004+0000][1][safepoint    ] Total time for which application threads were stopped: 0.0000807 seconds, Stopping threads took: 0.0000181 seconds
[2019-12-09T02:40:49.004+0000][1][safepoint    ] Application time: 1.0000808 seconds
[2019-12-09T02:40:49.004+0000][1][safepoint    ] Entering safepoint region: Cleanup
[2019-12-09T02:40:49.004+0000][1][safepoint    ] Leaving safepoint region
[2019-12-09T02:40:49.004+0000][1][safepoint    ] Total time for which application threads were stopped: 0.0000799 seconds, Stopping threads took: 0.0000174 seconds
[2019-12-09T02:40:50.004+0000][1][safepoint    ] Application time: 1.0000764 seconds
[2019-12-09T02:40:50.004+0000][1][safepoint    ] Entering safepoint region: Cleanup
[2019-12-09T02:40:50.004+0000][1][safepoint    ] Leaving safepoint region
[2019-12-09T02:40:50.004+0000][1][safepoint    ] Total time for which application threads were stopped: 0.0000807 seconds, Stopping threads took: 0.0000185 seconds
[2019-12-09T02:40:51.005+0000][1][safepoint    ] Application time: 1.0000753 seconds
[2019-12-09T02:40:51.005+0000][1][safepoint    ] Entering safepoint region: Cleanup
[2019-12-09T02:40:51.005+0000][1][safepoint    ] Leaving safepoint region
[2019-12-09T02:40:51.005+0000][1][safepoint    ] Total time for which application threads were stopped: 0.0000797 seconds, Stopping threads took: 0.0000184 seconds
[2019-12-09T02:40:52.005+0000][1][safepoint    ] Application time: 1.0000792 seconds
[2019-12-09T02:40:52.005+0000][1][safepoint    ] Entering safepoint region: Cleanup
[2019-12-09T02:40:52.005+0000][1][safepoint    ] Leaving safepoint region
[2019-12-09T02:40:52.005+0000][1][safepoint    ] Total time for which application threads were stopped: 0.0000801 seconds, Stopping threads took: 0.0000179 seconds
[2019-12-09T02:40:53.005+0000][1][safepoint    ] Application time: 1.0000760 seconds
[2019-12-09T02:40:53.005+0000][1][safepoint    ] Entering safepoint region: Cleanup
[2019-12-09T02:40:53.005+0000][1][safepoint    ] Leaving safepoint region
[2019-12-09T02:40:53.005+0000][1][safepoint    ] Total time for which application threads were stopped: 0.0000805 seconds, Stopping threads took: 0.0000197 seconds
[2019-12-09T02:40:54.104+0000][1][safepoint    ] Application time: 1.0988743 seconds
[2019-12-09T02:40:54.104+0000][1][safepoint    ] Entering safepoint region: Cleanup
[2019-12-09T02:40:54.104+0000][1][safepoint    ] Leaving safepoint region
[2019-12-09T02:40:54.104+0000][1][safepoint    ] Total time for which application threads were stopped: 0.0000796 seconds, Stopping threads took: 0.0000143 seconds
[2019-12-09T02:40:55.104+0000][1][safepoint    ] Application time: 1.0000796 seconds
[2019-12-09T02:40:55.104+0000][1][safepoint    ] Entering safepoint region: Cleanup
[2019-12-09T02:40:55.104+0000][1][safepoint    ] Leaving safepoint region
[2019-12-09T02:40:55.104+0000][1][safepoint    ] Total time for which application threads were stopped: 0.0000743 seconds, Stopping threads took: 0.0000170 seconds
[2019-12-09T02:40:56.104+0000][1][safepoint    ] Application time: 1.0000787 seconds
[2019-12-09T02:40:56.104+0000][1][safepoint    ] Entering safepoint region: Cleanup
[2019-12-09T02:40:56.104+0000][1][safepoint    ] Leaving safepoint region
[2019-12-09T02:40:56.104+0000][1][safepoint    ] Total time for which application threads were stopped: 0.0000783 seconds, Stopping threads took: 0.0000155 seconds
[2019-12-09T02:40:57.104+0000][1][safepoint    ] Application time: 1.0000825 seconds
[2019-12-09T02:40:57.105+0000][1][safepoint    ] Entering safepoint region: Cleanup
[2019-12-09T02:40:57.105+0000][1][safepoint    ] Leaving safepoint region
[2019-12-09T02:40:57.105+0000][1][safepoint    ] Total time for which application threads were stopped: 0.0000767 seconds, Stopping threads took: 0.0000159 seconds
[2019-12-09T02:40:58.105+0000][1][safepoint    ] Application time: 1.0000953 seconds
[2019-12-09T02:40:58.105+0000][1][safepoint    ] Entering safepoint region: Cleanup
[2019-12-09T02:40:58.105+0000][1][safepoint    ] Leaving safepoint region
[2019-12-09T02:40:58.105+0000][1][safepoint    ] Total time for which application threads were stopped: 0.0001257 seconds, Stopping threads took: 0.0000460 seconds
[2019-12-09T02:40:59.105+0000][1][safepoint    ] Application time: 1.0000853 seconds
[2019-12-09T02:40:59.105+0000][1][safepoint    ] Entering safepoint region: Cleanup
[2019-12-09T02:40:59.105+0000][1][safepoint    ] Leaving safepoint region
[2019-12-09T02:40:59.105+0000][1][safepoint    ] Total time for which application threads were stopped: 0.0000747 seconds, Stopping threads took: 0.0000159 seconds
[2019-12-09T02:41:00.105+0000][1][safepoint    ] Application time: 1.0000767 seconds
[2019-12-09T02:41:00.105+0000][1][safepoint    ] Entering safepoint region: Cleanup
[2019-12-09T02:41:00.105+0000][1][safepoint    ] Leaving safepoint region
[2019-12-09T02:41:00.105+0000][1][safepoint    ] Total time for which application threads were stopped: 0.0000772 seconds, Stopping threads took: 0.0000179 seconds
[2019-12-09T02:41:01.105+0000][1][safepoint    ] Application time: 1.0000765 seconds
[2019-12-09T02:41:01.105+0000][1][safepoint    ] Entering safepoint region: Cleanup
[2019-12-09T02:41:01.105+0000][1][safepoint    ] Leaving safepoint region
[2019-12-09T02:41:01.105+0000][1][safepoint    ] Total time for which application threads were stopped: 0.0000779 seconds, Stopping threads took: 0.0000176 seconds
[2019-12-09T02:41:02.106+0000][1][safepoint    ] Application time: 1.0000771 seconds
[2019-12-09T02:41:02.106+0000][1][safepoint    ] Entering safepoint region: Cleanup
[2019-12-09T02:41:02.106+0000][1][safepoint    ] Leaving safepoint region
[2019-12-09T02:41:02.106+0000][1][safepoint    ] Total time for which application threads were stopped: 0.0000778 seconds, Stopping threads took: 0.0000173 seconds
[2019-12-09T02:41:03.106+0000][1][safepoint    ] Application time: 1.0000742 seconds
[2019-12-09T02:41:03.106+0000][1][safepoint    ] Entering safepoint region: Cleanup
[2019-12-09T02:41:03.106+0000][1][safepoint    ] Leaving safepoint region
[2019-12-09T02:41:03.106+0000][1][safepoint    ] Total time for which application threads were stopped: 0.0000790 seconds, Stopping threads took: 0.0000172 seconds
[2019-12-09T02:41:04.106+0000][1][safepoint    ] Application time: 1.0000742 seconds
[2019-12-09T02:41:04.106+0000][1][safepoint    ] Entering safepoint region: Cleanup
[2019-12-09T02:41:04.106+0000][1][safepoint    ] Leaving safepoint region
[2019-12-09T02:41:04.106+0000][1][safepoint    ] Total time for which application threads were stopped: 0.0000778 seconds, Stopping threads took: 0.0000166 seconds
[2019-12-09T02:41:05.106+0000][1][safepoint    ] Application time: 1.0000759 seconds
[2019-12-09T02:41:05.106+0000][1][safepoint    ] Entering safepoint region: Cleanup
[2019-12-09T02:41:05.106+0000][1][safepoint    ] Leaving safepoint region
[2019-12-09T02:41:05.106+0000][1][safepoint    ] Total time for which application threads were stopped: 0.0000726 seconds, Stopping threads took: 0.0000159 seconds
[2019-12-09T02:41:06.106+0000][1][safepoint    ] Application time: 1.0000736 seconds
[2019-12-09T02:41:06.106+0000][1][safepoint    ] Entering safepoint region: Cleanup
[2019-12-09T02:41:06.106+0000][1][safepoint    ] Leaving safepoint region
[2019-12-09T02:41:06.106+0000][1][safepoint    ] Total time for which application threads were stopped: 0.0000829 seconds, Stopping threads took: 0.0000180 seconds
[2019-12-09T02:41:07.107+0000][1][safepoint    ] Application time: 1.0000844 seconds
[2019-12-09T02:41:07.107+0000][1][safepoint    ] Entering safepoint region: Cleanup
[2019-12-09T02:41:07.107+0000][1][safepoint    ] Leaving safepoint region
[2019-12-09T02:41:07.107+0000][1][safepoint    ] Total time for which application threads were stopped: 0.0000904 seconds, Stopping threads took: 0.0000174 seconds
[2019-12-09T02:41:08.107+0000][1][safepoint    ] Application time: 1.0000768 seconds
[2019-12-09T02:41:08.107+0000][1][safepoint    ] Entering safepoint region: Cleanup
[2019-12-09T02:41:08.107+0000][1][safepoint    ] Leaving safepoint region
[2019-12-09T02:41:08.107+0000][1][safepoint    ] Total time for which application threads were stopped: 0.0000841 seconds, Stopping threads took: 0.0000170 seconds
[2019-12-09T02:41:09.107+0000][1][safepoint    ] Application time: 1.0000777 seconds
[2019-12-09T02:41:09.107+0000][1][safepoint    ] Entering safepoint region: Cleanup
[2019-12-09T02:41:09.107+0000][1][safepoint    ] Leaving safepoint region
[2019-12-09T02:41:09.107+0000][1][safepoint    ] Total time for which application threads were stopped: 0.0000829 seconds, Stopping threads took: 0.0000216 seconds
[2019-12-09T02:41:10.107+0000][1][safepoint    ] Application time: 1.0000774 seconds
[2019-12-09T02:41:10.107+0000][1][safepoint    ] Entering safepoint region: Cleanup
[2019-12-09T02:41:10.107+0000][1][safepoint    ] Leaving safepoint region
[2019-12-09T02:41:10.107+0000][1][safepoint    ] Total time for which application threads were stopped: 0.0000771 seconds, Stopping threads took: 0.0000165 seconds
[2019-12-09T02:41:11.107+0000][1][safepoint    ] Application time: 1.0000794 seconds
[2019-12-09T02:41:11.107+0000][1][safepoint    ] Entering safepoint region: Cleanup
[2019-12-09T02:41:11.107+0000][1][safepoint    ] Leaving safepoint region
[2019-12-09T02:41:11.107+0000][1][safepoint    ] Total time for which application threads were stopped: 0.0000762 seconds, Stopping threads took: 0.0000174 seconds
[2019-12-09T02:41:12.108+0000][1][safepoint    ] Application time: 1.0000770 seconds
[2019-12-09T02:41:12.108+0000][1][safepoint    ] Entering safepoint region: Cleanup
[2019-12-09T02:41:12.108+0000][1][safepoint    ] Leaving safepoint region
[2019-12-09T02:41:12.108+0000][1][safepoint    ] Total time for which application threads were stopped: 0.0000780 seconds, Stopping threads took: 0.0000174 seconds
[2019-12-09T02:41:13.108+0000][1][safepoint    ] Application time: 1.0000760 seconds
[2019-12-09T02:41:13.108+0000][1][safepoint    ] Entering safepoint region: Cleanup
[2019-12-09T02:41:13.108+0000][1][safepoint    ] Leaving safepoint region
[2019-12-09T02:41:13.108+0000][1][safepoint    ] Total time for which application threads were stopped: 0.0000790 seconds, Stopping threads took: 0.0000182 seconds
[2019-12-09T02:41:14.108+0000][1][safepoint    ] Application time: 1.0000772 seconds
[2019-12-09T02:41:14.108+0000][1][safepoint    ] Entering safepoint region: Cleanup
[2019-12-09T02:41:14.108+0000][1][safepoint    ] Leaving safepoint region
[2019-12-09T02:41:14.108+0000][1][safepoint    ] Total time for which application threads were stopped: 0.0000771 seconds, Stopping threads took: 0.0000162 seconds
[2019-12-09T02:41:15.108+0000][1][safepoint    ] Application time: 1.0000808 seconds
[2019-12-09T02:41:15.108+0000][1][safepoint    ] Entering safepoint region: Cleanup
[2019-12-09T02:41:15.108+0000][1][safepoint    ] Leaving safepoint region
[2019-12-09T02:41:15.108+0000][1][safepoint    ] Total time for which application threads were stopped: 0.0000862 seconds, Stopping threads took: 0.0000186 seconds
[2019-12-09T02:41:16.108+0000][1][safepoint    ] Application time: 1.0000784 seconds
[2019-12-09T02:41:16.108+0000][1][safepoint    ] Entering safepoint region: Cleanup
[2019-12-09T02:41:16.108+0000][1][safepoint    ] Leaving safepoint region
[2019-12-09T02:41:16.108+0000][1][safepoint    ] Total time for which application threads were stopped: 0.0000864 seconds, Stopping threads took: 0.0000184 seconds
[2019-12-09T02:41:17.109+0000][1][safepoint    ] Application time: 1.0000780 seconds
[2019-12-09T02:41:17.109+0000][1][safepoint    ] Entering safepoint region: Cleanup
[2019-12-09T02:41:17.109+0000][1][safepoint    ] Leaving safepoint region
[2019-12-09T02:41:17.109+0000][1][safepoint    ] Total time for which application threads were stopped: 0.0000770 seconds, Stopping threads took: 0.0000185 seconds
[2019-12-09T02:41:18.109+0000][1][safepoint    ] Application time: 1.0000801 seconds
[2019-12-09T02:41:18.109+0000][1][safepoint    ] Entering safepoint region: Cleanup
[2019-12-09T02:41:18.109+0000][1][safepoint    ] Leaving safepoint region
[2019-12-09T02:41:18.109+0000][1][safepoint    ] Total time for which application threads were stopped: 0.0000771 seconds, Stopping threads took: 0.0000170 seconds
[2019-12-09T02:41:19.109+0000][1][safepoint    ] Application time: 1.0000780 seconds
[2019-12-09T02:41:19.109+0000][1][safepoint    ] Entering safepoint region: Cleanup
[2019-12-09T02:41:19.109+0000][1][safepoint    ] Leaving safepoint region
[2019-12-09T02:41:19.109+0000][1][safepoint    ] Total time for which application threads were stopped: 0.0000790 seconds, Stopping threads took: 0.0000171 seconds
[2019-12-09T02:41:20.109+0000][1][safepoint    ] Application time: 1.0000780 seconds
[2019-12-09T02:41:20.109+0000][1][safepoint    ] Entering safepoint region: Cleanup
[2019-12-09T02:41:20.109+0000][1][safepoint    ] Leaving safepoint region
[2019-12-09T02:41:20.109+0000][1][safepoint    ] Total time for which application threads were stopped: 0.0000769 seconds, Stopping threads took: 0.0000176 seconds
[2019-12-09T02:41:21.109+0000][1][safepoint    ] Application time: 1.0000769 seconds
[2019-12-09T02:41:21.109+0000][1][safepoint    ] Entering safepoint region: Cleanup
[2019-12-09T02:41:21.109+0000][1][safepoint    ] Leaving safepoint region
[2019-12-09T02:41:21.109+0000][1][safepoint    ] Total time for which application threads were stopped: 0.0000778 seconds, Stopping threads took: 0.0000171 seconds
[2019-12-09T02:41:22.110+0000][1][safepoint    ] Application time: 1.0000778 seconds
[2019-12-09T02:41:22.110+0000][1][safepoint    ] Entering safepoint region: Cleanup
[2019-12-09T02:41:22.110+0000][1][safepoint    ] Leaving safepoint region
[2019-12-09T02:41:22.110+0000][1][safepoint    ] Total time for which application threads were stopped: 0.0000814 seconds, Stopping threads took: 0.0000177 seconds
[2019-12-09T02:41:23.110+0000][1][safepoint    ] Application time: 1.0000834 seconds
[2019-12-09T02:41:23.110+0000][1][safepoint    ] Entering safepoint region: Cleanup
[2019-12-09T02:41:23.110+0000][1][safepoint    ] Leaving safepoint region
[2019-12-09T02:41:23.110+0000][1][safepoint    ] Total time for which application threads were stopped: 0.0001016 seconds, Stopping threads took: 0.0000219 seconds
[2019-12-09T02:41:24.110+0000][1][safepoint    ] Application time: 1.0000741 seconds
[2019-12-09T02:41:24.110+0000][1][safepoint    ] Entering safepoint region: Cleanup
[2019-12-09T02:41:24.110+0000][1][safepoint    ] Leaving safepoint region
[2019-12-09T02:41:24.110+0000][1][safepoint    ] Total time for which application threads were stopped: 0.0000769 seconds, Stopping threads took: 0.0000155 seconds
[2019-12-09T02:41:25.110+0000][1][safepoint    ] Application time: 1.0000780 seconds
[2019-12-09T02:41:25.110+0000][1][safepoint    ] Entering safepoint region: Cleanup
[2019-12-09T02:41:25.110+0000][1][safepoint    ] Leaving safepoint region
[2019-12-09T02:41:25.110+0000][1][safepoint    ] Total time for which application threads were stopped: 0.0000750 seconds, Stopping threads took: 0.0000177 seconds
[2019-12-09T02:41:26.110+0000][1][safepoint    ] Application time: 1.0000757 seconds
[2019-12-09T02:41:26.110+0000][1][safepoint    ] Entering safepoint region: Cleanup
[2019-12-09T02:41:26.110+0000][1][safepoint    ] Leaving safepoint region
[2019-12-09T02:41:26.110+0000][1][safepoint    ] Total time for which application threads were stopped: 0.0000783 seconds, Stopping threads took: 0.0000174 seconds
[2019-12-09T02:41:27.111+0000][1][safepoint    ] Application time: 1.0000753 seconds
[2019-12-09T02:41:27.111+0000][1][safepoint    ] Entering safepoint region: Cleanup
[2019-12-09T02:41:27.111+0000][1][safepoint    ] Leaving safepoint region
[2019-12-09T02:41:27.111+0000][1][safepoint    ] Total time for which application threads were stopped: 0.0000748 seconds, Stopping threads took: 0.0000159 seconds
[2019-12-09T02:41:28.111+0000][1][safepoint    ] Application time: 1.0000803 seconds
[2019-12-09T02:41:28.111+0000][1][safepoint    ] Entering safepoint region: Cleanup
[2019-12-09T02:41:28.111+0000][1][safepoint    ] Leaving safepoint region
[2019-12-09T02:41:28.111+0000][1][safepoint    ] Total time for which application threads were stopped: 0.0000805 seconds, Stopping threads took: 0.0000209 seconds
[2019-12-09T02:41:29.111+0000][1][safepoint    ] Application time: 1.0000770 seconds
[2019-12-09T02:41:29.111+0000][1][safepoint    ] Entering safepoint region: Cleanup
[2019-12-09T02:41:29.111+0000][1][safepoint    ] Leaving safepoint region
[2019-12-09T02:41:29.111+0000][1][safepoint    ] Total time for which application threads were stopped: 0.0000728 seconds, Stopping threads took: 0.0000165 seconds
[2019-12-09T02:41:30.111+0000][1][safepoint    ] Application time: 1.0000792 seconds
[2019-12-09T02:41:30.111+0000][1][safepoint    ] Entering safepoint region: Cleanup
[2019-12-09T02:41:30.111+0000][1][safepoint    ] Leaving safepoint region
[2019-12-09T02:41:30.111+0000][1][safepoint    ] Total time for which application threads were stopped: 0.0000765 seconds, Stopping threads took: 0.0000176 seconds
[2019-12-09T02:41:31.111+0000][1][safepoint    ] Application time: 1.0000781 seconds
[2019-12-09T02:41:31.111+0000][1][safepoint    ] Entering safepoint region: Cleanup
[2019-12-09T02:41:31.111+0000][1][safepoint    ] Leaving safepoint region
[2019-12-09T02:41:31.111+0000][1][safepoint    ] Total time for which application threads were stopped: 0.0000738 seconds, Stopping threads took: 0.0000160 seconds
[2019-12-09T02:41:32.111+0000][1][safepoint    ] Application time: 1.0000746 seconds
[2019-12-09T02:41:32.112+0000][1][safepoint    ] Entering safepoint region: Cleanup
[2019-12-09T02:41:32.112+0000][1][safepoint    ] Leaving safepoint region
[2019-12-09T02:41:32.112+0000][1][safepoint    ] Total time for which application threads were stopped: 0.0000766 seconds, Stopping threads took: 0.0000180 seconds
[2019-12-09T02:41:33.112+0000][1][safepoint    ] Application time: 1.0000742 seconds
[2019-12-09T02:41:33.112+0000][1][safepoint    ] Entering safepoint region: Cleanup
[2019-12-09T02:41:33.112+0000][1][safepoint    ] Leaving safepoint region
[2019-12-09T02:41:33.112+0000][1][safepoint    ] Total time for which application threads were stopped: 0.0000809 seconds, Stopping threads took: 0.0000179 seconds
[2019-12-09T02:41:34.112+0000][1][safepoint    ] Application time: 1.0000737 seconds
[2019-12-09T02:41:34.112+0000][1][safepoint    ] Entering safepoint region: Cleanup
[2019-12-09T02:41:34.112+0000][1][safepoint    ] Leaving safepoint region
[2019-12-09T02:41:34.112+0000][1][safepoint    ] Total time for which application threads were stopped: 0.0000739 seconds, Stopping threads took: 0.0000164 seconds
[2019-12-09T02:41:35.112+0000][1][safepoint    ] Application time: 1.0000866 seconds
[2019-12-09T02:41:35.112+0000][1][safepoint    ] Entering safepoint region: Cleanup
[2019-12-09T02:41:35.112+0000][1][safepoint    ] Leaving safepoint region
[2019-12-09T02:41:35.112+0000][1][safepoint    ] Total time for which application threads were stopped: 0.0001077 seconds, Stopping threads took: 0.0000229 seconds
[2019-12-09T02:41:36.112+0000][1][safepoint    ] Application time: 1.0000759 seconds
[2019-12-09T02:41:36.112+0000][1][safepoint    ] Entering safepoint region: Cleanup
[2019-12-09T02:41:36.112+0000][1][safepoint    ] Leaving safepoint region
[2019-12-09T02:41:36.112+0000][1][safepoint    ] Total time for which application threads were stopped: 0.0000789 seconds, Stopping threads took: 0.0000170 seconds
[2019-12-09T02:41:37.113+0000][1][safepoint    ] Application time: 1.0000786 seconds
[2019-12-09T02:41:37.113+0000][1][safepoint    ] Entering safepoint region: Cleanup
[2019-12-09T02:41:37.113+0000][1][safepoint    ] Leaving safepoint region
[2019-12-09T02:41:37.113+0000][1][safepoint    ] Total time for which application threads were stopped: 0.0000787 seconds, Stopping threads took: 0.0000169 seconds
[2019-12-09T02:41:38.113+0000][1][safepoint    ] Application time: 1.0000776 seconds
[2019-12-09T02:41:38.113+0000][1][safepoint    ] Entering safepoint region: Cleanup
[2019-12-09T02:41:38.113+0000][1][safepoint    ] Leaving safepoint region
[2019-12-09T02:41:38.113+0000][1][safepoint    ] Total time for which application threads were stopped: 0.0000766 seconds, Stopping threads took: 0.0000164 seconds
[2019-12-09T02:41:39.113+0000][1][safepoint    ] Application time: 1.0000811 seconds
[2019-12-09T02:41:39.113+0000][1][safepoint    ] Entering safepoint region: Cleanup
[2019-12-09T02:41:39.113+0000][1][safepoint    ] Leaving safepoint region
[2019-12-09T02:41:39.113+0000][1][safepoint    ] Total time for which application threads were stopped: 0.0000881 seconds, Stopping threads took: 0.0000232 seconds
[2019-12-09T02:41:40.113+0000][1][safepoint    ] Application time: 1.0000765 seconds
[2019-12-09T02:41:40.113+0000][1][safepoint    ] Entering safepoint region: Cleanup
[2019-12-09T02:41:40.113+0000][1][safepoint    ] Leaving safepoint region
[2019-12-09T02:41:40.113+0000][1][safepoint    ] Total time for which application threads were stopped: 0.0000781 seconds, Stopping threads took: 0.0000177 seconds
[2019-12-09T02:41:41.113+0000][1][safepoint    ] Application time: 1.0000748 seconds
[2019-12-09T02:41:41.113+0000][1][safepoint    ] Entering safepoint region: Cleanup
[2019-12-09T02:41:41.113+0000][1][safepoint    ] Leaving safepoint region
[2019-12-09T02:41:41.113+0000][1][safepoint    ] Total time for which application threads were stopped: 0.0000768 seconds, Stopping threads took: 0.0000169 seconds
[2019-12-09T02:41:42.113+0000][1][safepoint    ] Application time: 1.0000761 seconds
[2019-12-09T02:41:42.114+0000][1][safepoint    ] Entering safepoint region: Cleanup
[2019-12-09T02:41:42.114+0000][1][safepoint    ] Leaving safepoint region
[2019-12-09T02:41:42.114+0000][1][safepoint    ] Total time for which application threads were stopped: 0.0000763 seconds, Stopping threads took: 0.0000160 seconds
[2019-12-09T02:41:43.114+0000][1][safepoint    ] Application time: 1.0000857 seconds
[2019-12-09T02:41:43.114+0000][1][safepoint    ] Entering safepoint region: Cleanup
[2019-12-09T02:41:43.114+0000][1][safepoint    ] Leaving safepoint region
[2019-12-09T02:41:43.114+0000][1][safepoint    ] Total time for which application threads were stopped: 0.0000796 seconds, Stopping threads took: 0.0000169 seconds
[2019-12-09T02:41:44.114+0000][1][safepoint    ] Application time: 1.0000749 seconds
[2019-12-09T02:41:44.114+0000][1][safepoint    ] Entering safepoint region: Cleanup
[2019-12-09T02:41:44.114+0000][1][safepoint    ] Leaving safepoint region
[2019-12-09T02:41:44.114+0000][1][safepoint    ] Total time for which application threads were stopped: 0.0000790 seconds, Stopping threads took: 0.0000163 seconds
[2019-12-09T02:41:45.114+0000][1][safepoint    ] Application time: 1.0000553 seconds
[2019-12-09T02:41:45.114+0000][1][safepoint    ] Entering safepoint region: Cleanup
[2019-12-09T02:41:45.114+0000][1][safepoint    ] Leaving safepoint region
[2019-12-09T02:41:45.114+0000][1][safepoint    ] Total time for which application threads were stopped: 0.0000789 seconds, Stopping threads took: 0.0000177 seconds
[2019-12-09T02:41:46.114+0000][1][safepoint    ] Application time: 1.0000745 seconds
[2019-12-09T02:41:46.114+0000][1][safepoint    ] Entering safepoint region: Cleanup
[2019-12-09T02:41:46.114+0000][1][safepoint    ] Leaving safepoint region
[2019-12-09T02:41:46.114+0000][1][safepoint    ] Total time for which application threads were stopped: 0.0000771 seconds, Stopping threads took: 0.0000172 seconds
[2019-12-09T02:41:47.114+0000][1][safepoint    ] Application time: 1.0000825 seconds
[2019-12-09T02:41:47.114+0000][1][safepoint    ] Entering safepoint region: Cleanup
[2019-12-09T02:41:47.115+0000][1][safepoint    ] Leaving safepoint region
[2019-12-09T02:41:47.115+0000][1][safepoint    ] Total time for which application threads were stopped: 0.0000795 seconds, Stopping threads took: 0.0000174 seconds
[2019-12-09T02:41:48.115+0000][1][safepoint    ] Application time: 1.0000879 seconds
[2019-12-09T02:41:48.115+0000][1][safepoint    ] Entering safepoint region: Cleanup
[2019-12-09T02:41:48.115+0000][1][safepoint    ] Leaving safepoint region
[2019-12-09T02:41:48.115+0000][1][safepoint    ] Total time for which application threads were stopped: 0.0001158 seconds, Stopping threads took: 0.0000357 seconds
[2019-12-09T02:41:49.115+0000][1][safepoint    ] Application time: 1.0000774 seconds
[2019-12-09T02:41:49.115+0000][1][safepoint    ] Entering safepoint region: Cleanup
[2019-12-09T02:41:49.115+0000][1][safepoint    ] Leaving safepoint region
[2019-12-09T02:41:49.115+0000][1][safepoint    ] Total time for which application threads were stopped: 0.0000769 seconds, Stopping threads took: 0.0000175 seconds
[2019-12-09T02:41:50.115+0000][1][safepoint    ] Application time: 1.0000779 seconds
[2019-12-09T02:41:50.115+0000][1][safepoint    ] Entering safepoint region: Cleanup
[2019-12-09T02:41:50.115+0000][1][safepoint    ] Leaving safepoint region
[2019-12-09T02:41:50.115+0000][1][safepoint    ] Total time for which application threads were stopped: 0.0000745 seconds, Stopping threads took: 0.0000171 seconds
[2019-12-09T02:41:51.115+0000][1][safepoint    ] Application time: 1.0000768 seconds
[2019-12-09T02:41:51.115+0000][1][safepoint    ] Entering safepoint region: Cleanup
[2019-12-09T02:41:51.115+0000][1][safepoint    ] Leaving safepoint region
[2019-12-09T02:41:51.115+0000][1][safepoint    ] Total time for which application threads were stopped: 0.0000795 seconds, Stopping threads took: 0.0000155 seconds
[2019-12-09T02:41:52.115+0000][1][safepoint    ] Application time: 1.0000785 seconds
[2019-12-09T02:41:52.115+0000][1][safepoint    ] Entering safepoint region: Cleanup
[2019-12-09T02:41:52.116+0000][1][safepoint    ] Leaving safepoint region
[2019-12-09T02:41:52.116+0000][1][safepoint    ] Total time for which application threads were stopped: 0.0000823 seconds, Stopping threads took: 0.0000187 seconds
[2019-12-09T02:41:53.116+0000][1][safepoint    ] Application time: 1.0000770 seconds
[2019-12-09T02:41:53.116+0000][1][safepoint    ] Entering safepoint region: Cleanup
[2019-12-09T02:41:53.116+0000][1][safepoint    ] Leaving safepoint region
[2019-12-09T02:41:53.116+0000][1][safepoint    ] Total time for which application threads were stopped: 0.0000882 seconds, Stopping threads took: 0.0000272 seconds
[2019-12-09T02:41:54.116+0000][1][safepoint    ] Application time: 1.0000781 seconds
[2019-12-09T02:41:54.116+0000][1][safepoint    ] Entering safepoint region: Cleanup
[2019-12-09T02:41:54.116+0000][1][safepoint    ] Leaving safepoint region
[2019-12-09T02:41:54.116+0000][1][safepoint    ] Total time for which application threads were stopped: 0.0000772 seconds, Stopping threads took: 0.0000171 seconds
[2019-12-09T02:41:55.116+0000][1][safepoint    ] Application time: 1.0000751 seconds
[2019-12-09T02:41:55.116+0000][1][safepoint    ] Entering safepoint region: Cleanup
[2019-12-09T02:41:55.116+0000][1][safepoint    ] Leaving safepoint region
[2019-12-09T02:41:55.116+0000][1][safepoint    ] Total time for which application threads were stopped: 0.0000778 seconds, Stopping threads took: 0.0000167 seconds
[2019-12-09T02:41:56.116+0000][1][safepoint    ] Application time: 1.0000752 seconds
[2019-12-09T02:41:56.116+0000][1][safepoint    ] Entering safepoint region: Cleanup
[2019-12-09T02:41:56.116+0000][1][safepoint    ] Leaving safepoint region
[2019-12-09T02:41:56.116+0000][1][safepoint    ] Total time for which application threads were stopped: 0.0000765 seconds, Stopping threads took: 0.0000155 seconds
[2019-12-09T02:41:57.116+0000][1][safepoint    ] Application time: 1.0000765 seconds
[2019-12-09T02:41:57.116+0000][1][safepoint    ] Entering safepoint region: Cleanup
[2019-12-09T02:41:57.117+0000][1][safepoint    ] Leaving safepoint region
[2019-12-09T02:41:57.117+0000][1][safepoint    ] Total time for which application threads were stopped: 0.0000761 seconds, Stopping threads took: 0.0000180 seconds
[2019-12-09T02:41:58.117+0000][1][safepoint    ] Application time: 1.0000860 seconds
[2019-12-09T02:41:58.117+0000][1][safepoint    ] Entering safepoint region: Cleanup
[2019-12-09T02:41:58.117+0000][1][safepoint    ] Leaving safepoint region
[2019-12-09T02:41:58.117+0000][1][safepoint    ] Total time for which application threads were stopped: 0.0001250 seconds, Stopping threads took: 0.0000235 seconds
[2019-12-09T02:41:59.117+0000][1][safepoint    ] Application time: 1.0000778 seconds
[2019-12-09T02:41:59.117+0000][1][safepoint    ] Entering safepoint region: Cleanup
[2019-12-09T02:41:59.117+0000][1][safepoint    ] Leaving safepoint region
[2019-12-09T02:41:59.117+0000][1][safepoint    ] Total time for which application threads were stopped: 0.0000745 seconds, Stopping threads took: 0.0000152 seconds
[2019-12-09T02:42:00.117+0000][1][safepoint    ] Application time: 1.0000798 seconds
[2019-12-09T02:42:00.117+0000][1][safepoint    ] Entering safepoint region: Cleanup
[2019-12-09T02:42:00.117+0000][1][safepoint    ] Leaving safepoint region
[2019-12-09T02:42:00.117+0000][1][safepoint    ] Total time for which application threads were stopped: 0.0000767 seconds, Stopping threads took: 0.0000173 seconds
[2019-12-09T02:42:01.117+0000][1][safepoint    ] Application time: 1.0000767 seconds
[2019-12-09T02:42:01.117+0000][1][safepoint    ] Entering safepoint region: Cleanup
[2019-12-09T02:42:01.117+0000][1][safepoint    ] Leaving safepoint region
[2019-12-09T02:42:01.117+0000][1][safepoint    ] Total time for which application threads were stopped: 0.0000804 seconds, Stopping threads took: 0.0000163 seconds
[2019-12-09T02:42:02.117+0000][1][safepoint    ] Application time: 1.0000828 seconds
[2019-12-09T02:42:02.118+0000][1][safepoint    ] Entering safepoint region: Cleanup
[2019-12-09T02:42:02.118+0000][1][safepoint    ] Leaving safepoint region
[2019-12-09T02:42:02.118+0000][1][safepoint    ] Total time for which application threads were stopped: 0.0000780 seconds, Stopping threads took: 0.0000175 seconds
[2019-12-09T02:42:03.118+0000][1][safepoint    ] Application time: 1.0000771 seconds
[2019-12-09T02:42:03.118+0000][1][safepoint    ] Entering safepoint region: Cleanup
[2019-12-09T02:42:03.118+0000][1][safepoint    ] Leaving safepoint region
[2019-12-09T02:42:03.118+0000][1][safepoint    ] Total time for which application threads were stopped: 0.0000785 seconds, Stopping threads took: 0.0000177 seconds
[2019-12-09T02:42:04.118+0000][1][safepoint    ] Application time: 1.0000808 seconds
[2019-12-09T02:42:04.118+0000][1][safepoint    ] Entering safepoint region: Cleanup
[2019-12-09T02:42:04.118+0000][1][safepoint    ] Leaving safepoint region
[2019-12-09T02:42:04.118+0000][1][safepoint    ] Total time for which application threads were stopped: 0.0000976 seconds, Stopping threads took: 0.0000185 seconds
[2019-12-09T02:42:05.118+0000][1][safepoint    ] Application time: 1.0000793 seconds
[2019-12-09T02:42:05.118+0000][1][safepoint    ] Entering safepoint region: Cleanup
[2019-12-09T02:42:05.118+0000][1][safepoint    ] Leaving safepoint region
[2019-12-09T02:42:05.118+0000][1][safepoint    ] Total time for which application threads were stopped: 0.0000775 seconds, Stopping threads took: 0.0000174 seconds
[2019-12-09T02:42:06.118+0000][1][safepoint    ] Application time: 1.0000772 seconds
[2019-12-09T02:42:06.118+0000][1][safepoint    ] Entering safepoint region: Cleanup
[2019-12-09T02:42:06.118+0000][1][safepoint    ] Leaving safepoint region
[2019-12-09T02:42:06.118+0000][1][safepoint    ] Total time for which application threads were stopped: 0.0000793 seconds, Stopping threads took: 0.0000180 seconds
[2019-12-09T02:42:07.119+0000][1][safepoint    ] Application time: 1.0000761 seconds
[2019-12-09T02:42:07.119+0000][1][safepoint    ] Entering safepoint region: Cleanup
[2019-12-09T02:42:07.119+0000][1][safepoint    ] Leaving safepoint region
[2019-12-09T02:42:07.119+0000][1][safepoint    ] Total time for which application threads were stopped: 0.0000767 seconds, Stopping threads took: 0.0000182 seconds
[2019-12-09T02:42:08.119+0000][1][safepoint    ] Application time: 1.0000755 seconds
[2019-12-09T02:42:08.119+0000][1][safepoint    ] Entering safepoint region: Cleanup
[2019-12-09T02:42:08.119+0000][1][safepoint    ] Leaving safepoint region
[2019-12-09T02:42:08.119+0000][1][safepoint    ] Total time for which application threads were stopped: 0.0000783 seconds, Stopping threads took: 0.0000170 seconds
[2019-12-09T02:42:09.041+0000][1][safepoint    ] Application time: 0.9225254 seconds
[2019-12-09T02:42:09.041+0000][1][safepoint    ] Entering safepoint region: GenCollectForAllocation
[2019-12-09T02:42:09.041+0000][1][gc,start     ] GC(28) Pause Young (Allocation Failure)
[2019-12-09T02:42:09.042+0000][1][gc,task      ] GC(28) Using 2 workers of 2 for evacuation
[2019-12-09T02:42:09.047+0000][1][gc,age       ] GC(28) Desired survivor size 4456448 bytes, new threshold 6 (max threshold 6)
[2019-12-09T02:42:09.047+0000][1][gc,age       ] GC(28) Age table with threshold 6 (max threshold 6)
[2019-12-09T02:42:09.047+0000][1][gc,age       ] GC(28) - age   1:      11360 bytes,      11360 total
[2019-12-09T02:42:09.047+0000][1][gc,age       ] GC(28) - age   2:       4288 bytes,      15648 total
[2019-12-09T02:42:09.047+0000][1][gc,age       ] GC(28) - age   3:       1232 bytes,      16880 total
[2019-12-09T02:42:09.047+0000][1][gc,age       ] GC(28) - age   4:      31856 bytes,      48736 total
[2019-12-09T02:42:09.047+0000][1][gc,age       ] GC(28) - age   5:    1752048 bytes,    1800784 total
[2019-12-09T02:42:09.047+0000][1][gc,heap      ] GC(28) ParNew: 72738K->2666K(78656K)
[2019-12-09T02:42:09.047+0000][1][gc,heap      ] GC(28) CMS: 68201K->68201K(174784K)
[2019-12-09T02:42:09.047+0000][1][gc,metaspace ] GC(28) Metaspace: 68930K->68930K(1112064K)
[2019-12-09T02:42:09.047+0000][1][gc           ] GC(28) Pause Young (Allocation Failure) 137M->69M(247M) 5.574ms
[2019-12-09T02:42:09.047+0000][1][gc,cpu       ] GC(28) User=0.01s Sys=0.00s Real=0.01s
[2019-12-09T02:42:09.047+0000][1][safepoint    ] Leaving safepoint region
[2019-12-09T02:42:09.047+0000][1][safepoint    ] Total time for which application threads were stopped: 0.0057300 seconds, Stopping threads took: 0.0000243 seconds
[2019-12-09T02:42:10.047+0000][1][safepoint    ] Application time: 1.0000874 seconds
[2019-12-09T02:42:10.047+0000][1][safepoint    ] Entering safepoint region: Cleanup
[2019-12-09T02:42:10.047+0000][1][safepoint    ] Leaving safepoint region
[2019-12-09T02:42:10.047+0000][1][safepoint    ] Total time for which application threads were stopped: 0.0000770 seconds, Stopping threads took: 0.0000171 seconds
[2019-12-09T02:42:11.047+0000][1][safepoint    ] Application time: 1.0000740 seconds
[2019-12-09T02:42:11.047+0000][1][safepoint    ] Entering safepoint region: Cleanup
[2019-12-09T02:42:11.047+0000][1][safepoint    ] Leaving safepoint region
[2019-12-09T02:42:11.048+0000][1][safepoint    ] Total time for which application threads were stopped: 0.0000793 seconds, Stopping threads took: 0.0000171 seconds
[2019-12-09T02:42:12.048+0000][1][safepoint    ] Application time: 1.0000776 seconds
[2019-12-09T02:42:12.048+0000][1][safepoint    ] Entering safepoint region: Cleanup
[2019-12-09T02:42:12.048+0000][1][safepoint    ] Leaving safepoint region
[2019-12-09T02:42:12.048+0000][1][safepoint    ] Total time for which application threads were stopped: 0.0000894 seconds, Stopping threads took: 0.0000172 seconds
[2019-12-09T02:42:13.048+0000][1][safepoint    ] Application time: 1.0000791 seconds
[2019-12-09T02:42:13.048+0000][1][safepoint    ] Entering safepoint region: Cleanup
[2019-12-09T02:42:13.048+0000][1][safepoint    ] Leaving safepoint region
[2019-12-09T02:42:13.048+0000][1][safepoint    ] Total time for which application threads were stopped: 0.0000777 seconds, Stopping threads took: 0.0000175 seconds
[2019-12-09T02:42:14.048+0000][1][safepoint    ] Application time: 1.0000776 seconds
[2019-12-09T02:42:14.048+0000][1][safepoint    ] Entering safepoint region: Cleanup
[2019-12-09T02:42:14.048+0000][1][safepoint    ] Leaving safepoint region
[2019-12-09T02:42:14.048+0000][1][safepoint    ] Total time for which application threads were stopped: 0.0000774 seconds, Stopping threads took: 0.0000177 seconds
[2019-12-09T02:42:15.048+0000][1][safepoint    ] Application time: 1.0000771 seconds
[2019-12-09T02:42:15.048+0000][1][safepoint    ] Entering safepoint region: Cleanup
[2019-12-09T02:42:15.048+0000][1][safepoint    ] Leaving safepoint region
[2019-12-09T02:42:15.048+0000][1][safepoint    ] Total time for which application threads were stopped: 0.0000847 seconds, Stopping threads took: 0.0000171 seconds
[2019-12-09T02:42:16.048+0000][1][safepoint    ] Application time: 1.0000798 seconds
[2019-12-09T02:42:16.048+0000][1][safepoint    ] Entering safepoint region: Cleanup
[2019-12-09T02:42:16.049+0000][1][safepoint    ] Leaving safepoint region
[2019-12-09T02:42:16.049+0000][1][safepoint    ] Total time for which application threads were stopped: 0.0000789 seconds, Stopping threads took: 0.0000175 seconds
[2019-12-09T02:42:17.049+0000][1][safepoint    ] Application time: 1.0000773 seconds
[2019-12-09T02:42:17.049+0000][1][safepoint    ] Entering safepoint region: Cleanup
[2019-12-09T02:42:17.049+0000][1][safepoint    ] Leaving safepoint region
[2019-12-09T02:42:17.049+0000][1][safepoint    ] Total time for which application threads were stopped: 0.0000910 seconds, Stopping threads took: 0.0000174 seconds
[2019-12-09T02:42:18.049+0000][1][safepoint    ] Application time: 1.0000792 seconds
[2019-12-09T02:42:18.049+0000][1][safepoint    ] Entering safepoint region: Cleanup
[2019-12-09T02:42:18.049+0000][1][safepoint    ] Leaving safepoint region
[2019-12-09T02:42:18.049+0000][1][safepoint    ] Total time for which application threads were stopped: 0.0000799 seconds, Stopping threads took: 0.0000176 seconds
[2019-12-09T02:42:19.049+0000][1][safepoint    ] Application time: 1.0000759 seconds
[2019-12-09T02:42:19.049+0000][1][safepoint    ] Entering safepoint region: Cleanup
[2019-12-09T02:42:19.049+0000][1][safepoint    ] Leaving safepoint region
[2019-12-09T02:42:19.049+0000][1][safepoint    ] Total time for which application threads were stopped: 0.0000833 seconds, Stopping threads took: 0.0000171 seconds
[2019-12-09T02:42:20.049+0000][1][safepoint    ] Application time: 1.0000781 seconds
[2019-12-09T02:42:20.049+0000][1][safepoint    ] Entering safepoint region: Cleanup
[2019-12-09T02:42:20.049+0000][1][safepoint    ] Leaving safepoint region
[2019-12-09T02:42:20.049+0000][1][safepoint    ] Total time for which application threads were stopped: 0.0000790 seconds, Stopping threads took: 0.0000177 seconds
[2019-12-09T02:42:21.049+0000][1][safepoint    ] Application time: 1.0000847 seconds
[2019-12-09T02:42:21.049+0000][1][safepoint    ] Entering safepoint region: Cleanup
[2019-12-09T02:42:21.050+0000][1][safepoint    ] Leaving safepoint region
[2019-12-09T02:42:21.050+0000][1][safepoint    ] Total time for which application threads were stopped: 0.0001126 seconds, Stopping threads took: 0.0000244 seconds
[2019-12-09T02:42:22.050+0000][1][safepoint    ] Application time: 1.0000845 seconds
[2019-12-09T02:42:22.050+0000][1][safepoint    ] Entering safepoint region: Cleanup
[2019-12-09T02:42:22.050+0000][1][safepoint    ] Leaving safepoint region
[2019-12-09T02:42:22.050+0000][1][safepoint    ] Total time for which application threads were stopped: 0.0000946 seconds, Stopping threads took: 0.0000186 seconds
[2019-12-09T02:42:23.050+0000][1][safepoint    ] Application time: 1.0000856 seconds
[2019-12-09T02:42:23.050+0000][1][safepoint    ] Entering safepoint region: Cleanup
[2019-12-09T02:42:23.050+0000][1][safepoint    ] Leaving safepoint region
[2019-12-09T02:42:23.050+0000][1][safepoint    ] Total time for which application threads were stopped: 0.0001132 seconds, Stopping threads took: 0.0000246 seconds
[2019-12-09T02:42:24.050+0000][1][safepoint    ] Application time: 1.0000798 seconds
[2019-12-09T02:42:24.050+0000][1][safepoint    ] Entering safepoint region: Cleanup
[2019-12-09T02:42:24.050+0000][1][safepoint    ] Leaving safepoint region
[2019-12-09T02:42:24.050+0000][1][safepoint    ] Total time for which application threads were stopped: 0.0001073 seconds, Stopping threads took: 0.0000249 seconds
[2019-12-09T02:42:25.050+0000][1][safepoint    ] Application time: 1.0000742 seconds
[2019-12-09T02:42:25.050+0000][1][safepoint    ] Entering safepoint region: Cleanup
[2019-12-09T02:42:25.050+0000][1][safepoint    ] Leaving safepoint region
[2019-12-09T02:42:25.050+0000][1][safepoint    ] Total time for which application threads were stopped: 0.0000799 seconds, Stopping threads took: 0.0000167 seconds
[2019-12-09T02:42:26.051+0000][1][safepoint    ] Application time: 1.0000755 seconds
[2019-12-09T02:42:26.051+0000][1][safepoint    ] Entering safepoint region: Cleanup
[2019-12-09T02:42:26.051+0000][1][safepoint    ] Leaving safepoint region
[2019-12-09T02:42:26.051+0000][1][safepoint    ] Total time for which application threads were stopped: 0.0000951 seconds, Stopping threads took: 0.0000170 seconds
[2019-12-09T02:42:27.051+0000][1][safepoint    ] Application time: 1.0000769 seconds
[2019-12-09T02:42:27.051+0000][1][safepoint    ] Entering safepoint region: Cleanup
[2019-12-09T02:42:27.051+0000][1][safepoint    ] Leaving safepoint region
[2019-12-09T02:42:27.051+0000][1][safepoint    ] Total time for which application threads were stopped: 0.0000786 seconds, Stopping threads took: 0.0000175 seconds
[2019-12-09T02:42:28.051+0000][1][safepoint    ] Application time: 1.0000785 seconds
[2019-12-09T02:42:28.051+0000][1][safepoint    ] Entering safepoint region: Cleanup
[2019-12-09T02:42:28.051+0000][1][safepoint    ] Leaving safepoint region
[2019-12-09T02:42:28.051+0000][1][safepoint    ] Total time for which application threads were stopped: 0.0000804 seconds, Stopping threads took: 0.0000175 seconds
[2019-12-09T02:42:29.051+0000][1][safepoint    ] Application time: 1.0000812 seconds
[2019-12-09T02:42:29.051+0000][1][safepoint    ] Entering safepoint region: Cleanup
[2019-12-09T02:42:29.051+0000][1][safepoint    ] Leaving safepoint region
[2019-12-09T02:42:29.051+0000][1][safepoint    ] Total time for which application threads were stopped: 0.0000793 seconds, Stopping threads took: 0.0000165 seconds
[2019-12-09T02:42:30.051+0000][1][safepoint    ] Application time: 1.0000782 seconds
[2019-12-09T02:42:30.051+0000][1][safepoint    ] Entering safepoint region: Cleanup
[2019-12-09T02:42:30.052+0000][1][safepoint    ] Leaving safepoint region
[2019-12-09T02:42:30.052+0000][1][safepoint    ] Total time for which application threads were stopped: 0.0000786 seconds, Stopping threads took: 0.0000171 seconds
[2019-12-09T02:42:31.052+0000][1][safepoint    ] Application time: 1.0000773 seconds
[2019-12-09T02:42:31.052+0000][1][safepoint    ] Entering safepoint region: Cleanup
[2019-12-09T02:42:31.052+0000][1][safepoint    ] Leaving safepoint region
[2019-12-09T02:42:31.052+0000][1][safepoint    ] Total time for which application threads were stopped: 0.0000894 seconds, Stopping threads took: 0.0000173 seconds
[2019-12-09T02:42:32.052+0000][1][safepoint    ] Application time: 1.0000750 seconds
[2019-12-09T02:42:32.052+0000][1][safepoint    ] Entering safepoint region: Cleanup
[2019-12-09T02:42:32.052+0000][1][safepoint    ] Leaving safepoint region
[2019-12-09T02:42:32.052+0000][1][safepoint    ] Total time for which application threads were stopped: 0.0000760 seconds, Stopping threads took: 0.0000171 seconds
[2019-12-09T02:42:33.052+0000][1][safepoint    ] Application time: 1.0000737 seconds
[2019-12-09T02:42:33.052+0000][1][safepoint    ] Entering safepoint region: Cleanup
[2019-12-09T02:42:33.052+0000][1][safepoint    ] Leaving safepoint region
[2019-12-09T02:42:33.052+0000][1][safepoint    ] Total time for which application threads were stopped: 0.0000772 seconds, Stopping threads took: 0.0000172 seconds
[2019-12-09T02:42:34.052+0000][1][safepoint    ] Application time: 1.0000757 seconds
[2019-12-09T02:42:34.052+0000][1][safepoint    ] Entering safepoint region: Cleanup
[2019-12-09T02:42:34.052+0000][1][safepoint    ] Leaving safepoint region
[2019-12-09T02:42:34.052+0000][1][safepoint    ] Total time for which application threads were stopped: 0.0000805 seconds, Stopping threads took: 0.0000185 seconds
[2019-12-09T02:42:35.052+0000][1][safepoint    ] Application time: 1.0000762 seconds
[2019-12-09T02:42:35.052+0000][1][safepoint    ] Entering safepoint region: Cleanup
[2019-12-09T02:42:35.052+0000][1][safepoint    ] Leaving safepoint region
[2019-12-09T02:42:35.052+0000][1][safepoint    ] Total time for which application threads were stopped: 0.0000768 seconds, Stopping threads took: 0.0000174 seconds
[2019-12-09T02:42:36.053+0000][1][safepoint    ] Application time: 1.0000780 seconds
[2019-12-09T02:42:36.053+0000][1][safepoint    ] Entering safepoint region: Cleanup
[2019-12-09T02:42:36.053+0000][1][safepoint    ] Leaving safepoint region
[2019-12-09T02:42:36.053+0000][1][safepoint    ] Total time for which application threads were stopped: 0.0000917 seconds, Stopping threads took: 0.0000166 seconds
[2019-12-09T02:42:37.053+0000][1][safepoint    ] Application time: 1.0000788 seconds
[2019-12-09T02:42:37.053+0000][1][safepoint    ] Entering safepoint region: Cleanup
[2019-12-09T02:42:37.053+0000][1][safepoint    ] Leaving safepoint region
[2019-12-09T02:42:37.053+0000][1][safepoint    ] Total time for which application threads were stopped: 0.0000850 seconds, Stopping threads took: 0.0000227 seconds
[2019-12-09T02:42:38.053+0000][1][safepoint    ] Application time: 1.0000781 seconds
[2019-12-09T02:42:38.053+0000][1][safepoint    ] Entering safepoint region: Cleanup
[2019-12-09T02:42:38.053+0000][1][safepoint    ] Leaving safepoint region
[2019-12-09T02:42:38.053+0000][1][safepoint    ] Total time for which application threads were stopped: 0.0000788 seconds, Stopping threads took: 0.0000174 seconds
[2019-12-09T02:42:39.053+0000][1][safepoint    ] Application time: 1.0000777 seconds
[2019-12-09T02:42:39.053+0000][1][safepoint    ] Entering safepoint region: Cleanup
[2019-12-09T02:42:39.053+0000][1][safepoint    ] Leaving safepoint region
[2019-12-09T02:42:39.053+0000][1][safepoint    ] Total time for which application threads were stopped: 0.0000834 seconds, Stopping threads took: 0.0000212 seconds
[2019-12-09T02:42:40.053+0000][1][safepoint    ] Application time: 1.0000755 seconds
[2019-12-09T02:42:40.053+0000][1][safepoint    ] Entering safepoint region: Cleanup
[2019-12-09T02:42:40.054+0000][1][safepoint    ] Leaving safepoint region
[2019-12-09T02:42:40.054+0000][1][safepoint    ] Total time for which application threads were stopped: 0.0000787 seconds, Stopping threads took: 0.0000178 seconds
[2019-12-09T02:42:41.054+0000][1][safepoint    ] Application time: 1.0000773 seconds
[2019-12-09T02:42:41.054+0000][1][safepoint    ] Entering safepoint region: Cleanup
[2019-12-09T02:42:41.054+0000][1][safepoint    ] Leaving safepoint region
[2019-12-09T02:42:41.054+0000][1][safepoint    ] Total time for which application threads were stopped: 0.0000885 seconds, Stopping threads took: 0.0000165 seconds
[2019-12-09T02:42:42.054+0000][1][safepoint    ] Application time: 1.0000761 seconds
[2019-12-09T02:42:42.054+0000][1][safepoint    ] Entering safepoint region: Cleanup
[2019-12-09T02:42:42.054+0000][1][safepoint    ] Leaving safepoint region
[2019-12-09T02:42:42.054+0000][1][safepoint    ] Total time for which application threads were stopped: 0.0000784 seconds, Stopping threads took: 0.0000185 seconds
[2019-12-09T02:42:43.054+0000][1][safepoint    ] Application time: 1.0000751 seconds
[2019-12-09T02:42:43.054+0000][1][safepoint    ] Entering safepoint region: Cleanup
[2019-12-09T02:42:43.054+0000][1][safepoint    ] Leaving safepoint region
[2019-12-09T02:42:43.054+0000][1][safepoint    ] Total time for which application threads were stopped: 0.0000819 seconds, Stopping threads took: 0.0000176 seconds
[2019-12-09T02:42:44.054+0000][1][safepoint    ] Application time: 1.0000779 seconds
[2019-12-09T02:42:44.054+0000][1][safepoint    ] Entering safepoint region: Cleanup
[2019-12-09T02:42:44.054+0000][1][safepoint    ] Leaving safepoint region
[2019-12-09T02:42:44.054+0000][1][safepoint    ] Total time for which application threads were stopped: 0.0000787 seconds, Stopping threads took: 0.0000181 seconds
[2019-12-09T02:42:45.054+0000][1][safepoint    ] Application time: 1.0000752 seconds
[2019-12-09T02:42:45.054+0000][1][safepoint    ] Entering safepoint region: Cleanup
[2019-12-09T02:42:45.055+0000][1][safepoint    ] Leaving safepoint region
[2019-12-09T02:42:45.055+0000][1][safepoint    ] Total time for which application threads were stopped: 0.0000766 seconds, Stopping threads took: 0.0000178 seconds
[2019-12-09T02:42:46.055+0000][1][safepoint    ] Application time: 1.0000776 seconds
[2019-12-09T02:42:46.055+0000][1][safepoint    ] Entering safepoint region: Cleanup
[2019-12-09T02:42:46.055+0000][1][safepoint    ] Leaving safepoint region
[2019-12-09T02:42:46.055+0000][1][safepoint    ] Total time for which application threads were stopped: 0.0000886 seconds, Stopping threads took: 0.0000183 seconds
[2019-12-09T02:42:47.055+0000][1][safepoint    ] Application time: 1.0000769 seconds
[2019-12-09T02:42:47.055+0000][1][safepoint    ] Entering safepoint region: Cleanup
[2019-12-09T02:42:47.055+0000][1][safepoint    ] Leaving safepoint region
[2019-12-09T02:42:47.055+0000][1][safepoint    ] Total time for which application threads were stopped: 0.0000785 seconds, Stopping threads took: 0.0000177 seconds
[2019-12-09T02:42:48.055+0000][1][safepoint    ] Application time: 1.0000873 seconds
[2019-12-09T02:42:48.055+0000][1][safepoint    ] Entering safepoint region: Cleanup
[2019-12-09T02:42:48.055+0000][1][safepoint    ] Leaving safepoint region
[2019-12-09T02:42:48.055+0000][1][safepoint    ] Total time for which application threads were stopped: 0.0001048 seconds, Stopping threads took: 0.0000237 seconds
[2019-12-09T02:42:49.055+0000][1][safepoint    ] Application time: 1.0000759 seconds
[2019-12-09T02:42:49.055+0000][1][safepoint    ] Entering safepoint region: Cleanup
[2019-12-09T02:42:49.055+0000][1][safepoint    ] Leaving safepoint region
[2019-12-09T02:42:49.055+0000][1][safepoint    ] Total time for which application threads were stopped: 0.0000826 seconds, Stopping threads took: 0.0000216 seconds
[2019-12-09T02:42:50.055+0000][1][safepoint    ] Application time: 1.0000800 seconds
[2019-12-09T02:42:50.056+0000][1][safepoint    ] Entering safepoint region: Cleanup
[2019-12-09T02:42:50.056+0000][1][safepoint    ] Leaving safepoint region
[2019-12-09T02:42:50.056+0000][1][safepoint    ] Total time for which application threads were stopped: 0.0000766 seconds, Stopping threads took: 0.0000168 seconds
[2019-12-09T02:42:51.056+0000][1][safepoint    ] Application time: 1.0000780 seconds
[2019-12-09T02:42:51.056+0000][1][safepoint    ] Entering safepoint region: Cleanup
[2019-12-09T02:42:51.056+0000][1][safepoint    ] Leaving safepoint region
[2019-12-09T02:42:51.056+0000][1][safepoint    ] Total time for which application threads were stopped: 0.0000819 seconds, Stopping threads took: 0.0000201 seconds
[2019-12-09T02:42:52.056+0000][1][safepoint    ] Application time: 1.0000777 seconds
[2019-12-09T02:42:52.056+0000][1][safepoint    ] Entering safepoint region: Cleanup
[2019-12-09T02:42:52.056+0000][1][safepoint    ] Leaving safepoint region
[2019-12-09T02:42:52.056+0000][1][safepoint    ] Total time for which application threads were stopped: 0.0000805 seconds, Stopping threads took: 0.0000184 seconds
[2019-12-09T02:42:53.056+0000][1][safepoint    ] Application time: 1.0000768 seconds
[2019-12-09T02:42:53.056+0000][1][safepoint    ] Entering safepoint region: Cleanup
[2019-12-09T02:42:53.056+0000][1][safepoint    ] Leaving safepoint region
[2019-12-09T02:42:53.056+0000][1][safepoint    ] Total time for which application threads were stopped: 0.0000845 seconds, Stopping threads took: 0.0000179 seconds
[2019-12-09T02:42:54.056+0000][1][safepoint    ] Application time: 1.0000767 seconds
[2019-12-09T02:42:54.056+0000][1][safepoint    ] Entering safepoint region: Cleanup
[2019-12-09T02:42:54.056+0000][1][safepoint    ] Leaving safepoint region
[2019-12-09T02:42:54.056+0000][1][safepoint    ] Total time for which application threads were stopped: 0.0000789 seconds, Stopping threads took: 0.0000172 seconds
[2019-12-09T02:42:55.056+0000][1][safepoint    ] Application time: 1.0000856 seconds
[2019-12-09T02:42:55.057+0000][1][safepoint    ] Entering safepoint region: Cleanup
[2019-12-09T02:42:55.057+0000][1][safepoint    ] Leaving safepoint region
[2019-12-09T02:42:55.057+0000][1][safepoint    ] Total time for which application threads were stopped: 0.0000777 seconds, Stopping threads took: 0.0000174 seconds
[2019-12-09T02:42:56.057+0000][1][safepoint    ] Application time: 1.0000863 seconds
[2019-12-09T02:42:56.057+0000][1][safepoint    ] Entering safepoint region: Cleanup
[2019-12-09T02:42:56.057+0000][1][safepoint    ] Leaving safepoint region
[2019-12-09T02:42:56.057+0000][1][safepoint    ] Total time for which application threads were stopped: 0.0000795 seconds, Stopping threads took: 0.0000173 seconds
[2019-12-09T02:42:57.057+0000][1][safepoint    ] Application time: 1.0000774 seconds
[2019-12-09T02:42:57.057+0000][1][safepoint    ] Entering safepoint region: Cleanup
[2019-12-09T02:42:57.057+0000][1][safepoint    ] Leaving safepoint region
[2019-12-09T02:42:57.057+0000][1][safepoint    ] Total time for which application threads were stopped: 0.0000787 seconds, Stopping threads took: 0.0000175 seconds
[2019-12-09T02:42:58.057+0000][1][safepoint    ] Application time: 1.0000918 seconds
[2019-12-09T02:42:58.057+0000][1][safepoint    ] Entering safepoint region: Cleanup
[2019-12-09T02:42:58.057+0000][1][safepoint    ] Leaving safepoint region
[2019-12-09T02:42:58.057+0000][1][safepoint    ] Total time for which application threads were stopped: 0.0001077 seconds, Stopping threads took: 0.0000233 seconds
[2019-12-09T02:42:59.057+0000][1][safepoint    ] Application time: 1.0000783 seconds
[2019-12-09T02:42:59.057+0000][1][safepoint    ] Entering safepoint region: Cleanup
[2019-12-09T02:42:59.057+0000][1][safepoint    ] Leaving safepoint region
[2019-12-09T02:42:59.057+0000][1][safepoint    ] Total time for which application threads were stopped: 0.0000831 seconds, Stopping threads took: 0.0000184 seconds
[2019-12-09T02:43:00.058+0000][1][safepoint    ] Application time: 1.0000810 seconds
[2019-12-09T02:43:00.058+0000][1][safepoint    ] Entering safepoint region: Cleanup
[2019-12-09T02:43:00.058+0000][1][safepoint    ] Leaving safepoint region
[2019-12-09T02:43:00.058+0000][1][safepoint    ] Total time for which application threads were stopped: 0.0000965 seconds, Stopping threads took: 0.0000182 seconds
[2019-12-09T02:43:01.058+0000][1][safepoint    ] Application time: 1.0000800 seconds
[2019-12-09T02:43:01.058+0000][1][safepoint    ] Entering safepoint region: Cleanup
[2019-12-09T02:43:01.058+0000][1][safepoint    ] Leaving safepoint region
[2019-12-09T02:43:01.058+0000][1][safepoint    ] Total time for which application threads were stopped: 0.0000779 seconds, Stopping threads took: 0.0000169 seconds
[2019-12-09T02:43:02.058+0000][1][safepoint    ] Application time: 1.0000812 seconds
[2019-12-09T02:43:02.058+0000][1][safepoint    ] Entering safepoint region: Cleanup
[2019-12-09T02:43:02.058+0000][1][safepoint    ] Leaving safepoint region
[2019-12-09T02:43:02.058+0000][1][safepoint    ] Total time for which application threads were stopped: 0.0001083 seconds, Stopping threads took: 0.0000247 seconds
[2019-12-09T02:43:03.058+0000][1][safepoint    ] Application time: 1.0000780 seconds
[2019-12-09T02:43:03.058+0000][1][safepoint    ] Entering safepoint region: Cleanup
[2019-12-09T02:43:03.058+0000][1][safepoint    ] Leaving safepoint region
[2019-12-09T02:43:03.058+0000][1][safepoint    ] Total time for which application threads were stopped: 0.0000824 seconds, Stopping threads took: 0.0000168 seconds
[2019-12-09T02:43:04.058+0000][1][safepoint    ] Application time: 1.0000788 seconds
[2019-12-09T02:43:04.058+0000][1][safepoint    ] Entering safepoint region: Cleanup
[2019-12-09T02:43:04.059+0000][1][safepoint    ] Leaving safepoint region
[2019-12-09T02:43:04.059+0000][1][safepoint    ] Total time for which application threads were stopped: 0.0000791 seconds, Stopping threads took: 0.0000181 seconds
[2019-12-09T02:43:05.059+0000][1][safepoint    ] Application time: 1.0000775 seconds
[2019-12-09T02:43:05.059+0000][1][safepoint    ] Entering safepoint region: Cleanup
[2019-12-09T02:43:05.059+0000][1][safepoint    ] Leaving safepoint region
[2019-12-09T02:43:05.059+0000][1][safepoint    ] Total time for which application threads were stopped: 0.0001000 seconds, Stopping threads took: 0.0000292 seconds
[2019-12-09T02:43:06.059+0000][1][safepoint    ] Application time: 1.0000784 seconds
[2019-12-09T02:43:06.059+0000][1][safepoint    ] Entering safepoint region: Cleanup
[2019-12-09T02:43:06.059+0000][1][safepoint    ] Leaving safepoint region
[2019-12-09T02:43:06.059+0000][1][safepoint    ] Total time for which application threads were stopped: 0.0000803 seconds, Stopping threads took: 0.0000174 seconds
[2019-12-09T02:43:07.059+0000][1][safepoint    ] Application time: 1.0000778 seconds
[2019-12-09T02:43:07.059+0000][1][safepoint    ] Entering safepoint region: Cleanup
[2019-12-09T02:43:07.059+0000][1][safepoint    ] Leaving safepoint region
[2019-12-09T02:43:07.059+0000][1][safepoint    ] Total time for which application threads were stopped: 0.0000790 seconds, Stopping threads took: 0.0000179 seconds
[2019-12-09T02:43:08.059+0000][1][safepoint    ] Application time: 1.0000908 seconds
[2019-12-09T02:43:08.059+0000][1][safepoint    ] Entering safepoint region: Cleanup
[2019-12-09T02:43:08.059+0000][1][safepoint    ] Leaving safepoint region
[2019-12-09T02:43:08.059+0000][1][safepoint    ] Total time for which application threads were stopped: 0.0001093 seconds, Stopping threads took: 0.0000249 seconds
[2019-12-09T02:43:09.060+0000][1][safepoint    ] Application time: 1.0000771 seconds
[2019-12-09T02:43:09.060+0000][1][safepoint    ] Entering safepoint region: Cleanup
[2019-12-09T02:43:09.060+0000][1][safepoint    ] Leaving safepoint region
[2019-12-09T02:43:09.060+0000][1][safepoint    ] Total time for which application threads were stopped: 0.0000792 seconds, Stopping threads took: 0.0000171 seconds
[2019-12-09T02:43:10.060+0000][1][safepoint    ] Application time: 1.0000772 seconds
[2019-12-09T02:43:10.060+0000][1][safepoint    ] Entering safepoint region: Cleanup
[2019-12-09T02:43:10.060+0000][1][safepoint    ] Leaving safepoint region
[2019-12-09T02:43:10.060+0000][1][safepoint    ] Total time for which application threads were stopped: 0.0000797 seconds, Stopping threads took: 0.0000181 seconds
[2019-12-09T02:43:11.060+0000][1][safepoint    ] Application time: 1.0000774 seconds
[2019-12-09T02:43:11.060+0000][1][safepoint    ] Entering safepoint region: Cleanup
[2019-12-09T02:43:11.060+0000][1][safepoint    ] Leaving safepoint region
[2019-12-09T02:43:11.060+0000][1][safepoint    ] Total time for which application threads were stopped: 0.0000779 seconds, Stopping threads took: 0.0000170 seconds
[2019-12-09T02:43:12.060+0000][1][safepoint    ] Application time: 1.0000779 seconds
[2019-12-09T02:43:12.060+0000][1][safepoint    ] Entering safepoint region: Cleanup
[2019-12-09T02:43:12.060+0000][1][safepoint    ] Leaving safepoint region
[2019-12-09T02:43:12.060+0000][1][safepoint    ] Total time for which application threads were stopped: 0.0000786 seconds, Stopping threads took: 0.0000179 seconds
[2019-12-09T02:43:13.060+0000][1][safepoint    ] Application time: 1.0000764 seconds
[2019-12-09T02:43:13.060+0000][1][safepoint    ] Entering safepoint region: Cleanup
[2019-12-09T02:43:13.060+0000][1][safepoint    ] Leaving safepoint region
[2019-12-09T02:43:13.060+0000][1][safepoint    ] Total time for which application threads were stopped: 0.0000805 seconds, Stopping threads took: 0.0000168 seconds
[2019-12-09T02:43:14.061+0000][1][safepoint    ] Application time: 1.0000751 seconds
[2019-12-09T02:43:14.061+0000][1][safepoint    ] Entering safepoint region: Cleanup
[2019-12-09T02:43:14.061+0000][1][safepoint    ] Leaving safepoint region
[2019-12-09T02:43:14.061+0000][1][safepoint    ] Total time for which application threads were stopped: 0.0000772 seconds, Stopping threads took: 0.0000168 seconds
[2019-12-09T02:43:15.221+0000][1][safepoint    ] Application time: 1.1602741 seconds
[2019-12-09T02:43:15.221+0000][1][safepoint    ] Entering safepoint region: Cleanup
[2019-12-09T02:43:15.221+0000][1][safepoint    ] Leaving safepoint region
[2019-12-09T02:43:15.221+0000][1][safepoint    ] Total time for which application threads were stopped: 0.0001277 seconds, Stopping threads took: 0.0000236 seconds
[2019-12-09T02:43:16.222+0000][1][safepoint    ] Application time: 1.0004622 seconds
[2019-12-09T02:43:16.222+0000][1][safepoint    ] Entering safepoint region: Cleanup
[2019-12-09T02:43:16.222+0000][1][safepoint    ] Leaving safepoint region
[2019-12-09T02:43:16.222+0000][1][safepoint    ] Total time for which application threads were stopped: 0.0001599 seconds, Stopping threads took: 0.0000243 seconds
[2019-12-09T02:43:17.222+0000][1][safepoint    ] Application time: 1.0004731 seconds
[2019-12-09T02:43:17.222+0000][1][safepoint    ] Entering safepoint region: Cleanup
[2019-12-09T02:43:17.222+0000][1][safepoint    ] Leaving safepoint region
[2019-12-09T02:43:17.222+0000][1][safepoint    ] Total time for which application threads were stopped: 0.0001002 seconds, Stopping threads took: 0.0000262 seconds
[2019-12-09T02:43:18.223+0000][1][safepoint    ] Application time: 1.0006998 seconds
[2019-12-09T02:43:18.223+0000][1][safepoint    ] Entering safepoint region: Cleanup
[2019-12-09T02:43:18.223+0000][1][safepoint    ] Leaving safepoint region
[2019-12-09T02:43:18.223+0000][1][safepoint    ] Total time for which application threads were stopped: 0.0001234 seconds, Stopping threads took: 0.0000381 seconds
[2019-12-09T02:43:19.223+0000][1][safepoint    ] Application time: 1.0000755 seconds
[2019-12-09T02:43:19.223+0000][1][safepoint    ] Entering safepoint region: Cleanup
[2019-12-09T02:43:19.223+0000][1][safepoint    ] Leaving safepoint region
[2019-12-09T02:43:19.223+0000][1][safepoint    ] Total time for which application threads were stopped: 0.0000927 seconds, Stopping threads took: 0.0000229 seconds
[2019-12-09T02:43:20.224+0000][1][safepoint    ] Application time: 1.0000759 seconds
[2019-12-09T02:43:20.224+0000][1][safepoint    ] Entering safepoint region: Cleanup
[2019-12-09T02:43:20.224+0000][1][safepoint    ] Leaving safepoint region
[2019-12-09T02:43:20.224+0000][1][safepoint    ] Total time for which application threads were stopped: 0.0000764 seconds, Stopping threads took: 0.0000163 seconds
[2019-12-09T02:43:21.224+0000][1][safepoint    ] Application time: 1.0000802 seconds
[2019-12-09T02:43:21.224+0000][1][safepoint    ] Entering safepoint region: Cleanup
[2019-12-09T02:43:21.224+0000][1][safepoint    ] Leaving safepoint region
[2019-12-09T02:43:21.224+0000][1][safepoint    ] Total time for which application threads were stopped: 0.0000768 seconds, Stopping threads took: 0.0000176 seconds
[2019-12-09T02:43:22.224+0000][1][safepoint    ] Application time: 1.0000763 seconds
[2019-12-09T02:43:22.224+0000][1][safepoint    ] Entering safepoint region: Cleanup
[2019-12-09T02:43:22.224+0000][1][safepoint    ] Leaving safepoint region
[2019-12-09T02:43:22.224+0000][1][safepoint    ] Total time for which application threads were stopped: 0.0000773 seconds, Stopping threads took: 0.0000149 seconds
[2019-12-09T02:43:23.224+0000][1][safepoint    ] Application time: 1.0000781 seconds
[2019-12-09T02:43:23.224+0000][1][safepoint    ] Entering safepoint region: Cleanup
[2019-12-09T02:43:23.224+0000][1][safepoint    ] Leaving safepoint region
[2019-12-09T02:43:23.224+0000][1][safepoint    ] Total time for which application threads were stopped: 0.0000793 seconds, Stopping threads took: 0.0000169 seconds
[2019-12-09T02:43:24.224+0000][1][safepoint    ] Application time: 1.0000780 seconds
[2019-12-09T02:43:24.224+0000][1][safepoint    ] Entering safepoint region: Cleanup
[2019-12-09T02:43:24.224+0000][1][safepoint    ] Leaving safepoint region
[2019-12-09T02:43:24.224+0000][1][safepoint    ] Total time for which application threads were stopped: 0.0000764 seconds, Stopping threads took: 0.0000173 seconds
[2019-12-09T02:43:25.225+0000][1][safepoint    ] Application time: 1.0000793 seconds
[2019-12-09T02:43:25.225+0000][1][safepoint    ] Entering safepoint region: Cleanup
[2019-12-09T02:43:25.225+0000][1][safepoint    ] Leaving safepoint region
[2019-12-09T02:43:25.225+0000][1][safepoint    ] Total time for which application threads were stopped: 0.0000802 seconds, Stopping threads took: 0.0000183 seconds
[2019-12-09T02:43:26.225+0000][1][safepoint    ] Application time: 1.0000446 seconds
[2019-12-09T02:43:26.225+0000][1][safepoint    ] Entering safepoint region: Cleanup
[2019-12-09T02:43:26.225+0000][1][safepoint    ] Leaving safepoint region
[2019-12-09T02:43:26.225+0000][1][safepoint    ] Total time for which application threads were stopped: 0.0000991 seconds, Stopping threads took: 0.0000152 seconds
[2019-12-09T02:43:27.225+0000][1][safepoint    ] Application time: 1.0000737 seconds
[2019-12-09T02:43:27.225+0000][1][safepoint    ] Entering safepoint region: Cleanup
[2019-12-09T02:43:27.225+0000][1][safepoint    ] Leaving safepoint region
[2019-12-09T02:43:27.225+0000][1][safepoint    ] Total time for which application threads were stopped: 0.0000769 seconds, Stopping threads took: 0.0000161 seconds
[2019-12-09T02:43:28.225+0000][1][safepoint    ] Application time: 1.0000754 seconds
[2019-12-09T02:43:28.225+0000][1][safepoint    ] Entering safepoint region: Cleanup
[2019-12-09T02:43:28.225+0000][1][safepoint    ] Leaving safepoint region
[2019-12-09T02:43:28.225+0000][1][safepoint    ] Total time for which application threads were stopped: 0.0000766 seconds, Stopping threads took: 0.0000164 seconds
[2019-12-09T02:43:29.225+0000][1][safepoint    ] Application time: 1.0000768 seconds
[2019-12-09T02:43:29.225+0000][1][safepoint    ] Entering safepoint region: Cleanup
[2019-12-09T02:43:29.225+0000][1][safepoint    ] Leaving safepoint region
[2019-12-09T02:43:29.225+0000][1][safepoint    ] Total time for which application threads were stopped: 0.0000805 seconds, Stopping threads took: 0.0000165 seconds
[2019-12-09T02:43:30.226+0000][1][safepoint    ] Application time: 1.0000807 seconds
[2019-12-09T02:43:30.226+0000][1][safepoint    ] Entering safepoint region: Cleanup
[2019-12-09T02:43:30.226+0000][1][safepoint    ] Leaving safepoint region
[2019-12-09T02:43:30.226+0000][1][safepoint    ] Total time for which application threads were stopped: 0.0000734 seconds, Stopping threads took: 0.0000154 seconds
[2019-12-09T02:43:31.226+0000][1][safepoint    ] Application time: 1.0000762 seconds
[2019-12-09T02:43:31.226+0000][1][safepoint    ] Entering safepoint region: Cleanup
[2019-12-09T02:43:31.226+0000][1][safepoint    ] Leaving safepoint region
[2019-12-09T02:43:31.226+0000][1][safepoint    ] Total time for which application threads were stopped: 0.0000717 seconds, Stopping threads took: 0.0000149 seconds
[2019-12-09T02:43:32.226+0000][1][safepoint    ] Application time: 1.0000741 seconds
[2019-12-09T02:43:32.226+0000][1][safepoint    ] Entering safepoint region: Cleanup
[2019-12-09T02:43:32.226+0000][1][safepoint    ] Leaving safepoint region
[2019-12-09T02:43:32.226+0000][1][safepoint    ] Total time for which application threads were stopped: 0.0000771 seconds, Stopping threads took: 0.0000167 seconds
[2019-12-09T02:43:33.226+0000][1][safepoint    ] Application time: 1.0000735 seconds
[2019-12-09T02:43:33.226+0000][1][safepoint    ] Entering safepoint region: Cleanup
[2019-12-09T02:43:33.226+0000][1][safepoint    ] Leaving safepoint region
[2019-12-09T02:43:33.226+0000][1][safepoint    ] Total time for which application threads were stopped: 0.0000771 seconds, Stopping threads took: 0.0000161 seconds
[2019-12-09T02:43:34.226+0000][1][safepoint    ] Application time: 1.0000727 seconds
[2019-12-09T02:43:34.226+0000][1][safepoint    ] Entering safepoint region: Cleanup
[2019-12-09T02:43:34.226+0000][1][safepoint    ] Leaving safepoint region
[2019-12-09T02:43:34.226+0000][1][safepoint    ] Total time for which application threads were stopped: 0.0000761 seconds, Stopping threads took: 0.0000169 seconds
[2019-12-09T02:43:35.226+0000][1][safepoint    ] Application time: 1.0000736 seconds
[2019-12-09T02:43:35.226+0000][1][safepoint    ] Entering safepoint region: Cleanup
[2019-12-09T02:43:35.227+0000][1][safepoint    ] Leaving safepoint region
[2019-12-09T02:43:35.227+0000][1][safepoint    ] Total time for which application threads were stopped: 0.0000744 seconds, Stopping threads took: 0.0000154 seconds
[2019-12-09T02:43:36.227+0000][1][safepoint    ] Application time: 1.0000743 seconds
[2019-12-09T02:43:36.227+0000][1][safepoint    ] Entering safepoint region: Cleanup
[2019-12-09T02:43:36.227+0000][1][safepoint    ] Leaving safepoint region
[2019-12-09T02:43:36.227+0000][1][safepoint    ] Total time for which application threads were stopped: 0.0000817 seconds, Stopping threads took: 0.0000146 seconds
[2019-12-09T02:43:37.227+0000][1][safepoint    ] Application time: 1.0000704 seconds
[2019-12-09T02:43:37.227+0000][1][safepoint    ] Entering safepoint region: Cleanup
[2019-12-09T02:43:37.227+0000][1][safepoint    ] Leaving safepoint region
[2019-12-09T02:43:37.227+0000][1][safepoint    ] Total time for which application threads were stopped: 0.0000706 seconds, Stopping threads took: 0.0000156 seconds
[2019-12-09T02:43:38.227+0000][1][safepoint    ] Application time: 1.0000757 seconds
[2019-12-09T02:43:38.227+0000][1][safepoint    ] Entering safepoint region: Cleanup
[2019-12-09T02:43:38.227+0000][1][safepoint    ] Leaving safepoint region
[2019-12-09T02:43:38.227+0000][1][safepoint    ] Total time for which application threads were stopped: 0.0000785 seconds, Stopping threads took: 0.0000160 seconds
[2019-12-09T02:43:39.227+0000][1][safepoint    ] Application time: 1.0000744 seconds
[2019-12-09T02:43:39.227+0000][1][safepoint    ] Entering safepoint region: Cleanup
[2019-12-09T02:43:39.227+0000][1][safepoint    ] Leaving safepoint region
[2019-12-09T02:43:39.227+0000][1][safepoint    ] Total time for which application threads were stopped: 0.0000792 seconds, Stopping threads took: 0.0000157 seconds
[2019-12-09T02:43:40.227+0000][1][safepoint    ] Application time: 1.0000744 seconds
[2019-12-09T02:43:40.227+0000][1][safepoint    ] Entering safepoint region: Cleanup
[2019-12-09T02:43:40.227+0000][1][safepoint    ] Leaving safepoint region
[2019-12-09T02:43:40.227+0000][1][safepoint    ] Total time for which application threads were stopped: 0.0000723 seconds, Stopping threads took: 0.0000157 seconds
[2019-12-09T02:43:41.228+0000][1][safepoint    ] Application time: 1.0000764 seconds
[2019-12-09T02:43:41.228+0000][1][safepoint    ] Entering safepoint region: Cleanup
[2019-12-09T02:43:41.228+0000][1][safepoint    ] Leaving safepoint region
[2019-12-09T02:43:41.228+0000][1][safepoint    ] Total time for which application threads were stopped: 0.0000753 seconds, Stopping threads took: 0.0000149 seconds
[2019-12-09T02:43:42.228+0000][1][safepoint    ] Application time: 1.0000741 seconds
[2019-12-09T02:43:42.228+0000][1][safepoint    ] Entering safepoint region: Cleanup
[2019-12-09T02:43:42.228+0000][1][safepoint    ] Leaving safepoint region
[2019-12-09T02:43:42.228+0000][1][safepoint    ] Total time for which application threads were stopped: 0.0000968 seconds, Stopping threads took: 0.0000215 seconds
[2019-12-09T02:43:43.228+0000][1][safepoint    ] Application time: 1.0000409 seconds
[2019-12-09T02:43:43.228+0000][1][safepoint    ] Entering safepoint region: Cleanup
[2019-12-09T02:43:43.228+0000][1][safepoint    ] Leaving safepoint region
[2019-12-09T02:43:43.228+0000][1][safepoint    ] Total time for which application threads were stopped: 0.0000906 seconds, Stopping threads took: 0.0000226 seconds
[2019-12-09T02:43:44.228+0000][1][safepoint    ] Application time: 1.0000797 seconds
[2019-12-09T02:43:44.228+0000][1][safepoint    ] Entering safepoint region: Cleanup
[2019-12-09T02:43:44.228+0000][1][safepoint    ] Leaving safepoint region
[2019-12-09T02:43:44.228+0000][1][safepoint    ] Total time for which application threads were stopped: 0.0000749 seconds, Stopping threads took: 0.0000165 seconds
[2019-12-09T02:43:45.228+0000][1][safepoint    ] Application time: 1.0000851 seconds
[2019-12-09T02:43:45.228+0000][1][safepoint    ] Entering safepoint region: Cleanup
[2019-12-09T02:43:45.228+0000][1][safepoint    ] Leaving safepoint region
[2019-12-09T02:43:45.228+0000][1][safepoint    ] Total time for which application threads were stopped: 0.0001056 seconds, Stopping threads took: 0.0000227 seconds
[2019-12-09T02:43:46.229+0000][1][safepoint    ] Application time: 1.0000762 seconds
[2019-12-09T02:43:46.229+0000][1][safepoint    ] Entering safepoint region: Cleanup
[2019-12-09T02:43:46.229+0000][1][safepoint    ] Leaving safepoint region
[2019-12-09T02:43:46.229+0000][1][safepoint    ] Total time for which application threads were stopped: 0.0000787 seconds, Stopping threads took: 0.0000172 seconds
[2019-12-09T02:43:47.229+0000][1][safepoint    ] Application time: 1.0000755 seconds
[2019-12-09T02:43:47.229+0000][1][safepoint    ] Entering safepoint region: Cleanup
[2019-12-09T02:43:47.229+0000][1][safepoint    ] Leaving safepoint region
[2019-12-09T02:43:47.229+0000][1][safepoint    ] Total time for which application threads were stopped: 0.0000765 seconds, Stopping threads took: 0.0000163 seconds
[2019-12-09T02:43:48.229+0000][1][safepoint    ] Application time: 1.0000759 seconds
[2019-12-09T02:43:48.229+0000][1][safepoint    ] Entering safepoint region: Cleanup
[2019-12-09T02:43:48.229+0000][1][safepoint    ] Leaving safepoint region
[2019-12-09T02:43:48.229+0000][1][safepoint    ] Total time for which application threads were stopped: 0.0000805 seconds, Stopping threads took: 0.0000156 seconds
[2019-12-09T02:43:49.229+0000][1][safepoint    ] Application time: 1.0000745 seconds
[2019-12-09T02:43:49.229+0000][1][safepoint    ] Entering safepoint region: Cleanup
[2019-12-09T02:43:49.229+0000][1][safepoint    ] Leaving safepoint region
[2019-12-09T02:43:49.229+0000][1][safepoint    ] Total time for which application threads were stopped: 0.0000784 seconds, Stopping threads took: 0.0000210 seconds
[2019-12-09T02:43:50.229+0000][1][safepoint    ] Application time: 1.0000765 seconds
[2019-12-09T02:43:50.229+0000][1][safepoint    ] Entering safepoint region: Cleanup
[2019-12-09T02:43:50.229+0000][1][safepoint    ] Leaving safepoint region
[2019-12-09T02:43:50.229+0000][1][safepoint    ] Total time for which application threads were stopped: 0.0000771 seconds, Stopping threads took: 0.0000156 seconds
[2019-12-09T02:43:51.230+0000][1][safepoint    ] Application time: 1.0000750 seconds
[2019-12-09T02:43:51.230+0000][1][safepoint    ] Entering safepoint region: Cleanup
[2019-12-09T02:43:51.230+0000][1][safepoint    ] Leaving safepoint region
[2019-12-09T02:43:51.230+0000][1][safepoint    ] Total time for which application threads were stopped: 0.0000723 seconds, Stopping threads took: 0.0000158 seconds
[2019-12-09T02:43:52.230+0000][1][safepoint    ] Application time: 1.0000735 seconds
[2019-12-09T02:43:52.230+0000][1][safepoint    ] Entering safepoint region: Cleanup
[2019-12-09T02:43:52.230+0000][1][safepoint    ] Leaving safepoint region
[2019-12-09T02:43:52.230+0000][1][safepoint    ] Total time for which application threads were stopped: 0.0000823 seconds, Stopping threads took: 0.0000229 seconds
[2019-12-09T02:43:53.230+0000][1][safepoint    ] Application time: 1.0000759 seconds
[2019-12-09T02:43:53.230+0000][1][safepoint    ] Entering safepoint region: Cleanup
[2019-12-09T02:43:53.230+0000][1][safepoint    ] Leaving safepoint region
[2019-12-09T02:43:53.230+0000][1][safepoint    ] Total time for which application threads were stopped: 0.0000774 seconds, Stopping threads took: 0.0000166 seconds
[2019-12-09T02:43:54.230+0000][1][safepoint    ] Application time: 1.0000759 seconds
[2019-12-09T02:43:54.230+0000][1][safepoint    ] Entering safepoint region: Cleanup
[2019-12-09T02:43:54.230+0000][1][safepoint    ] Leaving safepoint region
[2019-12-09T02:43:54.230+0000][1][safepoint    ] Total time for which application threads were stopped: 0.0000804 seconds, Stopping threads took: 0.0000152 seconds
[2019-12-09T02:43:55.230+0000][1][safepoint    ] Application time: 1.0000760 seconds
[2019-12-09T02:43:55.230+0000][1][safepoint    ] Entering safepoint region: Cleanup
[2019-12-09T02:43:55.230+0000][1][safepoint    ] Leaving safepoint region
[2019-12-09T02:43:55.230+0000][1][safepoint    ] Total time for which application threads were stopped: 0.0000693 seconds, Stopping threads took: 0.0000146 seconds
[2019-12-09T02:43:56.230+0000][1][safepoint    ] Application time: 1.0000774 seconds
[2019-12-09T02:43:56.231+0000][1][safepoint    ] Entering safepoint region: Cleanup
[2019-12-09T02:43:56.231+0000][1][safepoint    ] Leaving safepoint region
[2019-12-09T02:43:56.231+0000][1][safepoint    ] Total time for which application threads were stopped: 0.0000800 seconds, Stopping threads took: 0.0000160 seconds
[2019-12-09T02:43:57.231+0000][1][safepoint    ] Application time: 1.0000755 seconds
[2019-12-09T02:43:57.231+0000][1][safepoint    ] Entering safepoint region: Cleanup
[2019-12-09T02:43:57.231+0000][1][safepoint    ] Leaving safepoint region
[2019-12-09T02:43:57.231+0000][1][safepoint    ] Total time for which application threads were stopped: 0.0000763 seconds, Stopping threads took: 0.0000172 seconds
[2019-12-09T02:43:58.231+0000][1][safepoint    ] Application time: 1.0000768 seconds
[2019-12-09T02:43:58.231+0000][1][safepoint    ] Entering safepoint region: Cleanup
[2019-12-09T02:43:58.231+0000][1][safepoint    ] Leaving safepoint region
[2019-12-09T02:43:58.231+0000][1][safepoint    ] Total time for which application threads were stopped: 0.0000764 seconds, Stopping threads took: 0.0000175 seconds
[2019-12-09T02:43:59.231+0000][1][safepoint    ] Application time: 1.0000767 seconds
[2019-12-09T02:43:59.231+0000][1][safepoint    ] Entering safepoint region: Cleanup
[2019-12-09T02:43:59.231+0000][1][safepoint    ] Leaving safepoint region
[2019-12-09T02:43:59.231+0000][1][safepoint    ] Total time for which application threads were stopped: 0.0000775 seconds, Stopping threads took: 0.0000165 seconds
[2019-12-09T02:44:00.231+0000][1][safepoint    ] Application time: 1.0000773 seconds
[2019-12-09T02:44:00.231+0000][1][safepoint    ] Entering safepoint region: Cleanup
[2019-12-09T02:44:00.231+0000][1][safepoint    ] Leaving safepoint region
[2019-12-09T02:44:00.231+0000][1][safepoint    ] Total time for which application threads were stopped: 0.0000720 seconds, Stopping threads took: 0.0000158 seconds
[2019-12-09T02:44:01.231+0000][1][safepoint    ] Application time: 1.0000880 seconds
[2019-12-09T02:44:01.232+0000][1][safepoint    ] Entering safepoint region: Cleanup
[2019-12-09T02:44:01.232+0000][1][safepoint    ] Leaving safepoint region
[2019-12-09T02:44:01.232+0000][1][safepoint    ] Total time for which application threads were stopped: 0.0001234 seconds, Stopping threads took: 0.0000279 seconds
[2019-12-09T02:44:02.232+0000][1][safepoint    ] Application time: 1.0000791 seconds
[2019-12-09T02:44:02.232+0000][1][safepoint    ] Entering safepoint region: Cleanup
[2019-12-09T02:44:02.232+0000][1][safepoint    ] Leaving safepoint region
[2019-12-09T02:44:02.232+0000][1][safepoint    ] Total time for which application threads were stopped: 0.0000874 seconds, Stopping threads took: 0.0000257 seconds
[2019-12-09T02:44:03.232+0000][1][safepoint    ] Application time: 1.0000767 seconds
[2019-12-09T02:44:03.232+0000][1][safepoint    ] Entering safepoint region: Cleanup
[2019-12-09T02:44:03.232+0000][1][safepoint    ] Leaving safepoint region
[2019-12-09T02:44:03.232+0000][1][safepoint    ] Total time for which application threads were stopped: 0.0000778 seconds, Stopping threads took: 0.0000177 seconds
[2019-12-09T02:44:04.232+0000][1][safepoint    ] Application time: 1.0000750 seconds
[2019-12-09T02:44:04.232+0000][1][safepoint    ] Entering safepoint region: Cleanup
[2019-12-09T02:44:04.232+0000][1][safepoint    ] Leaving safepoint region
[2019-12-09T02:44:04.232+0000][1][safepoint    ] Total time for which application threads were stopped: 0.0000917 seconds, Stopping threads took: 0.0000291 seconds
[2019-12-09T02:44:05.232+0000][1][safepoint    ] Application time: 1.0000761 seconds
[2019-12-09T02:44:05.232+0000][1][safepoint    ] Entering safepoint region: Cleanup
[2019-12-09T02:44:05.232+0000][1][safepoint    ] Leaving safepoint region
[2019-12-09T02:44:05.232+0000][1][safepoint    ] Total time for which application threads were stopped: 0.0000930 seconds, Stopping threads took: 0.0000155 seconds
[2019-12-09T02:44:06.233+0000][1][safepoint    ] Application time: 1.0000758 seconds
[2019-12-09T02:44:06.233+0000][1][safepoint    ] Entering safepoint region: Cleanup
[2019-12-09T02:44:06.233+0000][1][safepoint    ] Leaving safepoint region
[2019-12-09T02:44:06.233+0000][1][safepoint    ] Total time for which application threads were stopped: 0.0000777 seconds, Stopping threads took: 0.0000161 seconds
[2019-12-09T02:44:07.233+0000][1][safepoint    ] Application time: 1.0000759 seconds
[2019-12-09T02:44:07.233+0000][1][safepoint    ] Entering safepoint region: Cleanup
[2019-12-09T02:44:07.233+0000][1][safepoint    ] Leaving safepoint region
[2019-12-09T02:44:07.233+0000][1][safepoint    ] Total time for which application threads were stopped: 0.0000732 seconds, Stopping threads took: 0.0000151 seconds
[2019-12-09T02:44:08.233+0000][1][safepoint    ] Application time: 1.0000781 seconds
[2019-12-09T02:44:08.233+0000][1][safepoint    ] Entering safepoint region: Cleanup
[2019-12-09T02:44:08.233+0000][1][safepoint    ] Leaving safepoint region
[2019-12-09T02:44:08.233+0000][1][safepoint    ] Total time for which application threads were stopped: 0.0000720 seconds, Stopping threads took: 0.0000161 seconds
[2019-12-09T02:44:09.233+0000][1][safepoint    ] Application time: 1.0000762 seconds
[2019-12-09T02:44:09.233+0000][1][safepoint    ] Entering safepoint region: Cleanup
[2019-12-09T02:44:09.233+0000][1][safepoint    ] Leaving safepoint region
[2019-12-09T02:44:09.233+0000][1][safepoint    ] Total time for which application threads were stopped: 0.0000809 seconds, Stopping threads took: 0.0000173 seconds
[2019-12-09T02:44:10.233+0000][1][safepoint    ] Application time: 1.0000741 seconds
[2019-12-09T02:44:10.233+0000][1][safepoint    ] Entering safepoint region: Cleanup
[2019-12-09T02:44:10.233+0000][1][safepoint    ] Leaving safepoint region
[2019-12-09T02:44:10.233+0000][1][safepoint    ] Total time for which application threads were stopped: 0.0000719 seconds, Stopping threads took: 0.0000156 seconds
[2019-12-09T02:44:11.233+0000][1][safepoint    ] Application time: 1.0000744 seconds
[2019-12-09T02:44:11.234+0000][1][safepoint    ] Entering safepoint region: Cleanup
[2019-12-09T02:44:11.234+0000][1][safepoint    ] Leaving safepoint region
[2019-12-09T02:44:11.234+0000][1][safepoint    ] Total time for which application threads were stopped: 0.0000756 seconds, Stopping threads took: 0.0000157 seconds
[2019-12-09T02:44:12.234+0000][1][safepoint    ] Application time: 1.0000746 seconds
[2019-12-09T02:44:12.234+0000][1][safepoint    ] Entering safepoint region: Cleanup
[2019-12-09T02:44:12.234+0000][1][safepoint    ] Leaving safepoint region
[2019-12-09T02:44:12.234+0000][1][safepoint    ] Total time for which application threads were stopped: 0.0000848 seconds, Stopping threads took: 0.0000265 seconds
[2019-12-09T02:44:13.234+0000][1][safepoint    ] Application time: 1.0000750 seconds
[2019-12-09T02:44:13.234+0000][1][safepoint    ] Entering safepoint region: Cleanup
[2019-12-09T02:44:13.234+0000][1][safepoint    ] Leaving safepoint region
[2019-12-09T02:44:13.234+0000][1][safepoint    ] Total time for which application threads were stopped: 0.0000777 seconds, Stopping threads took: 0.0000161 seconds
[2019-12-09T02:44:14.097+0000][1][safepoint    ] Application time: 0.8633378 seconds
[2019-12-09T02:44:14.097+0000][1][safepoint    ] Entering safepoint region: GenCollectForAllocation
[2019-12-09T02:44:14.097+0000][1][gc,start     ] GC(29) Pause Young (Allocation Failure)
[2019-12-09T02:44:14.097+0000][1][gc,task      ] GC(29) Using 2 workers of 2 for evacuation
[2019-12-09T02:44:14.103+0000][1][gc,age       ] GC(29) Desired survivor size 4456448 bytes, new threshold 6 (max threshold 6)
[2019-12-09T02:44:14.103+0000][1][gc,age       ] GC(29) Age table with threshold 6 (max threshold 6)
[2019-12-09T02:44:14.103+0000][1][gc,age       ] GC(29) - age   1:       7656 bytes,       7656 total
[2019-12-09T02:44:14.103+0000][1][gc,age       ] GC(29) - age   2:       6480 bytes,      14136 total
[2019-12-09T02:44:14.103+0000][1][gc,age       ] GC(29) - age   3:       4040 bytes,      18176 total
[2019-12-09T02:44:14.103+0000][1][gc,age       ] GC(29) - age   4:       1232 bytes,      19408 total
[2019-12-09T02:44:14.103+0000][1][gc,age       ] GC(29) - age   5:      31856 bytes,      51264 total
[2019-12-09T02:44:14.103+0000][1][gc,age       ] GC(29) - age   6:    1752048 bytes,    1803312 total
[2019-12-09T02:44:14.103+0000][1][gc,heap      ] GC(29) ParNew: 72618K->2645K(78656K)
[2019-12-09T02:44:14.103+0000][1][gc,heap      ] GC(29) CMS: 68201K->68201K(174784K)
[2019-12-09T02:44:14.103+0000][1][gc,metaspace ] GC(29) Metaspace: 68947K->68947K(1112064K)
[2019-12-09T02:44:14.103+0000][1][gc           ] GC(29) Pause Young (Allocation Failure) 137M->69M(247M) 5.576ms
[2019-12-09T02:44:14.103+0000][1][gc,cpu       ] GC(29) User=0.01s Sys=0.00s Real=0.00s
[2019-12-09T02:44:14.103+0000][1][safepoint    ] Leaving safepoint region
[2019-12-09T02:44:14.103+0000][1][safepoint    ] Total time for which application threads were stopped: 0.0057264 seconds, Stopping threads took: 0.0000171 seconds
[2019-12-09T02:44:15.103+0000][1][safepoint    ] Application time: 1.0000948 seconds
[2019-12-09T02:44:15.103+0000][1][safepoint    ] Entering safepoint region: Cleanup
[2019-12-09T02:44:15.103+0000][1][safepoint    ] Leaving safepoint region
[2019-12-09T02:44:15.103+0000][1][safepoint    ] Total time for which application threads were stopped: 0.0000800 seconds, Stopping threads took: 0.0000165 seconds
[2019-12-09T02:44:16.103+0000][1][safepoint    ] Application time: 1.0000780 seconds
[2019-12-09T02:44:16.103+0000][1][safepoint    ] Entering safepoint region: Cleanup
[2019-12-09T02:44:16.104+0000][1][safepoint    ] Leaving safepoint region
[2019-12-09T02:44:16.104+0000][1][safepoint    ] Total time for which application threads were stopped: 0.0000782 seconds, Stopping threads took: 0.0000176 seconds
[2019-12-09T02:44:17.104+0000][1][safepoint    ] Application time: 1.0000770 seconds
[2019-12-09T02:44:17.104+0000][1][safepoint    ] Entering safepoint region: Cleanup
[2019-12-09T02:44:17.104+0000][1][safepoint    ] Leaving safepoint region
[2019-12-09T02:44:17.104+0000][1][safepoint    ] Total time for which application threads were stopped: 0.0000872 seconds, Stopping threads took: 0.0000169 seconds
[2019-12-09T02:44:18.107+0000][1][safepoint    ] Application time: 1.0029782 seconds
[2019-12-09T02:44:18.107+0000][1][safepoint    ] Entering safepoint region: Cleanup
[2019-12-09T02:44:18.107+0000][1][safepoint    ] Leaving safepoint region
[2019-12-09T02:44:18.107+0000][1][safepoint    ] Total time for which application threads were stopped: 0.0001049 seconds, Stopping threads took: 0.0000242 seconds
[2019-12-09T02:44:19.107+0000][1][safepoint    ] Application time: 1.0000838 seconds
[2019-12-09T02:44:19.107+0000][1][safepoint    ] Entering safepoint region: Cleanup
[2019-12-09T02:44:19.107+0000][1][safepoint    ] Leaving safepoint region
[2019-12-09T02:44:19.107+0000][1][safepoint    ] Total time for which application threads were stopped: 0.0000770 seconds, Stopping threads took: 0.0000169 seconds
[2019-12-09T02:44:20.107+0000][1][safepoint    ] Application time: 1.0000753 seconds
[2019-12-09T02:44:20.107+0000][1][safepoint    ] Entering safepoint region: Cleanup
[2019-12-09T02:44:20.107+0000][1][safepoint    ] Leaving safepoint region
[2019-12-09T02:44:20.107+0000][1][safepoint    ] Total time for which application threads were stopped: 0.0000911 seconds, Stopping threads took: 0.0000271 seconds
[2019-12-09T02:44:21.107+0000][1][safepoint    ] Application time: 1.0000759 seconds
[2019-12-09T02:44:21.107+0000][1][safepoint    ] Entering safepoint region: Cleanup
[2019-12-09T02:44:21.107+0000][1][safepoint    ] Leaving safepoint region
[2019-12-09T02:44:21.107+0000][1][safepoint    ] Total time for which application threads were stopped: 0.0000775 seconds, Stopping threads took: 0.0000161 seconds
[2019-12-09T02:44:22.108+0000][1][safepoint    ] Application time: 1.0000762 seconds
[2019-12-09T02:44:22.108+0000][1][safepoint    ] Entering safepoint region: Cleanup
[2019-12-09T02:44:22.108+0000][1][safepoint    ] Leaving safepoint region
[2019-12-09T02:44:22.108+0000][1][safepoint    ] Total time for which application threads were stopped: 0.0000854 seconds, Stopping threads took: 0.0000155 seconds
[2019-12-09T02:44:23.277+0000][1][safepoint    ] Application time: 1.1689086 seconds
[2019-12-09T02:44:23.277+0000][1][safepoint    ] Entering safepoint region: Cleanup
[2019-12-09T02:44:23.277+0000][1][safepoint    ] Leaving safepoint region
[2019-12-09T02:44:23.277+0000][1][safepoint    ] Total time for which application threads were stopped: 0.0001287 seconds, Stopping threads took: 0.0000226 seconds
[2019-12-09T02:44:24.277+0000][1][safepoint    ] Application time: 1.0000751 seconds
[2019-12-09T02:44:24.277+0000][1][safepoint    ] Entering safepoint region: Cleanup
[2019-12-09T02:44:24.277+0000][1][safepoint    ] Leaving safepoint region
[2019-12-09T02:44:24.277+0000][1][safepoint    ] Total time for which application threads were stopped: 0.0000757 seconds, Stopping threads took: 0.0000158 seconds
[2019-12-09T02:44:25.277+0000][1][safepoint    ] Application time: 1.0000765 seconds
[2019-12-09T02:44:25.277+0000][1][safepoint    ] Entering safepoint region: Cleanup
[2019-12-09T02:44:25.277+0000][1][safepoint    ] Leaving safepoint region
[2019-12-09T02:44:25.277+0000][1][safepoint    ] Total time for which application threads were stopped: 0.0000741 seconds, Stopping threads took: 0.0000155 seconds
[2019-12-09T02:44:26.277+0000][1][safepoint    ] Application time: 1.0000771 seconds
[2019-12-09T02:44:26.277+0000][1][safepoint    ] Entering safepoint region: Cleanup
[2019-12-09T02:44:26.277+0000][1][safepoint    ] Leaving safepoint region
[2019-12-09T02:44:26.277+0000][1][safepoint    ] Total time for which application threads were stopped: 0.0000815 seconds, Stopping threads took: 0.0000183 seconds
[2019-12-09T02:44:27.277+0000][1][safepoint    ] Application time: 1.0000761 seconds
[2019-12-09T02:44:27.277+0000][1][safepoint    ] Entering safepoint region: Cleanup
[2019-12-09T02:44:27.278+0000][1][safepoint    ] Leaving safepoint region
[2019-12-09T02:44:27.278+0000][1][safepoint    ] Total time for which application threads were stopped: 0.0000761 seconds, Stopping threads took: 0.0000152 seconds
[2019-12-09T02:44:28.278+0000][1][safepoint    ] Application time: 1.0000771 seconds
[2019-12-09T02:44:28.278+0000][1][safepoint    ] Entering safepoint region: Cleanup
[2019-12-09T02:44:28.278+0000][1][safepoint    ] Leaving safepoint region
[2019-12-09T02:44:28.278+0000][1][safepoint    ] Total time for which application threads were stopped: 0.0000788 seconds, Stopping threads took: 0.0000180 seconds
[2019-12-09T02:44:29.278+0000][1][safepoint    ] Application time: 1.0000753 seconds
[2019-12-09T02:44:29.278+0000][1][safepoint    ] Entering safepoint region: Cleanup
[2019-12-09T02:44:29.278+0000][1][safepoint    ] Leaving safepoint region
[2019-12-09T02:44:29.278+0000][1][safepoint    ] Total time for which application threads were stopped: 0.0000742 seconds, Stopping threads took: 0.0000161 seconds
[2019-12-09T02:44:30.278+0000][1][safepoint    ] Application time: 1.0000752 seconds
[2019-12-09T02:44:30.278+0000][1][safepoint    ] Entering safepoint region: Cleanup
[2019-12-09T02:44:30.278+0000][1][safepoint    ] Leaving safepoint region
[2019-12-09T02:44:30.278+0000][1][safepoint    ] Total time for which application threads were stopped: 0.0000739 seconds, Stopping threads took: 0.0000156 seconds
[2019-12-09T02:44:31.278+0000][1][safepoint    ] Application time: 1.0000760 seconds
[2019-12-09T02:44:31.278+0000][1][safepoint    ] Entering safepoint region: Cleanup
[2019-12-09T02:44:31.278+0000][1][safepoint    ] Leaving safepoint region
[2019-12-09T02:44:31.278+0000][1][safepoint    ] Total time for which application threads were stopped: 0.0000794 seconds, Stopping threads took: 0.0000164 seconds
[2019-12-09T02:44:32.278+0000][1][safepoint    ] Application time: 1.0000754 seconds
[2019-12-09T02:44:32.278+0000][1][safepoint    ] Entering safepoint region: Cleanup
[2019-12-09T02:44:32.279+0000][1][safepoint    ] Leaving safepoint region
[2019-12-09T02:44:32.279+0000][1][safepoint    ] Total time for which application threads were stopped: 0.0000745 seconds, Stopping threads took: 0.0000168 seconds
[2019-12-09T02:44:33.279+0000][1][safepoint    ] Application time: 1.0000604 seconds
[2019-12-09T02:44:33.279+0000][1][safepoint    ] Entering safepoint region: Cleanup
[2019-12-09T02:44:33.279+0000][1][safepoint    ] Leaving safepoint region
[2019-12-09T02:44:33.279+0000][1][safepoint    ] Total time for which application threads were stopped: 0.0000861 seconds, Stopping threads took: 0.0000158 seconds
[2019-12-09T02:44:34.279+0000][1][safepoint    ] Application time: 1.0000756 seconds
[2019-12-09T02:44:34.279+0000][1][safepoint    ] Entering safepoint region: Cleanup
[2019-12-09T02:44:34.279+0000][1][safepoint    ] Leaving safepoint region
[2019-12-09T02:44:34.279+0000][1][safepoint    ] Total time for which application threads were stopped: 0.0000801 seconds, Stopping threads took: 0.0000152 seconds
[2019-12-09T02:44:35.279+0000][1][safepoint    ] Application time: 1.0000502 seconds
[2019-12-09T02:44:35.279+0000][1][safepoint    ] Entering safepoint region: Cleanup
[2019-12-09T02:44:35.279+0000][1][safepoint    ] Leaving safepoint region
[2019-12-09T02:44:35.279+0000][1][safepoint    ] Total time for which application threads were stopped: 0.0000781 seconds, Stopping threads took: 0.0000161 seconds
[2019-12-09T02:44:36.279+0000][1][safepoint    ] Application time: 1.0000776 seconds
[2019-12-09T02:44:36.279+0000][1][safepoint    ] Entering safepoint region: Cleanup
[2019-12-09T02:44:36.279+0000][1][safepoint    ] Leaving safepoint region
[2019-12-09T02:44:36.279+0000][1][safepoint    ] Total time for which application threads were stopped: 0.0000800 seconds, Stopping threads took: 0.0000176 seconds
[2019-12-09T02:44:37.279+0000][1][safepoint    ] Application time: 1.0000753 seconds
[2019-12-09T02:44:37.279+0000][1][safepoint    ] Entering safepoint region: Cleanup
[2019-12-09T02:44:37.279+0000][1][safepoint    ] Leaving safepoint region
[2019-12-09T02:44:37.279+0000][1][safepoint    ] Total time for which application threads were stopped: 0.0000751 seconds, Stopping threads took: 0.0000170 seconds
[2019-12-09T02:44:38.280+0000][1][safepoint    ] Application time: 1.0000752 seconds
[2019-12-09T02:44:38.280+0000][1][safepoint    ] Entering safepoint region: Cleanup
[2019-12-09T02:44:38.280+0000][1][safepoint    ] Leaving safepoint region
[2019-12-09T02:44:38.280+0000][1][safepoint    ] Total time for which application threads were stopped: 0.0000729 seconds, Stopping threads took: 0.0000155 seconds
[2019-12-09T02:44:39.280+0000][1][safepoint    ] Application time: 1.0000863 seconds
[2019-12-09T02:44:39.280+0000][1][safepoint    ] Entering safepoint region: Cleanup
[2019-12-09T02:44:39.280+0000][1][safepoint    ] Leaving safepoint region
[2019-12-09T02:44:39.280+0000][1][safepoint    ] Total time for which application threads were stopped: 0.0000725 seconds, Stopping threads took: 0.0000155 seconds
[2019-12-09T02:44:40.280+0000][1][safepoint    ] Application time: 1.0000750 seconds
[2019-12-09T02:44:40.280+0000][1][safepoint    ] Entering safepoint region: Cleanup
[2019-12-09T02:44:40.280+0000][1][safepoint    ] Leaving safepoint region
[2019-12-09T02:44:40.280+0000][1][safepoint    ] Total time for which application threads were stopped: 0.0000763 seconds, Stopping threads took: 0.0000170 seconds
[2019-12-09T02:44:41.280+0000][1][safepoint    ] Application time: 1.0000756 seconds
[2019-12-09T02:44:41.280+0000][1][safepoint    ] Entering safepoint region: Cleanup
[2019-12-09T02:44:41.280+0000][1][safepoint    ] Leaving safepoint region
[2019-12-09T02:44:41.280+0000][1][safepoint    ] Total time for which application threads were stopped: 0.0000799 seconds, Stopping threads took: 0.0000159 seconds
[2019-12-09T02:44:42.280+0000][1][safepoint    ] Application time: 1.0000745 seconds
[2019-12-09T02:44:42.280+0000][1][safepoint    ] Entering safepoint region: Cleanup
[2019-12-09T02:44:42.280+0000][1][safepoint    ] Leaving safepoint region
[2019-12-09T02:44:42.280+0000][1][safepoint    ] Total time for which application threads were stopped: 0.0000775 seconds, Stopping threads took: 0.0000172 seconds
[2019-12-09T02:44:43.281+0000][1][safepoint    ] Application time: 1.0000765 seconds
[2019-12-09T02:44:43.281+0000][1][safepoint    ] Entering safepoint region: Cleanup
[2019-12-09T02:44:43.281+0000][1][safepoint    ] Leaving safepoint region
[2019-12-09T02:44:43.281+0000][1][safepoint    ] Total time for which application threads were stopped: 0.0000776 seconds, Stopping threads took: 0.0000175 seconds
[2019-12-09T02:44:44.281+0000][1][safepoint    ] Application time: 1.0000754 seconds
[2019-12-09T02:44:44.281+0000][1][safepoint    ] Entering safepoint region: Cleanup
[2019-12-09T02:44:44.281+0000][1][safepoint    ] Leaving safepoint region
[2019-12-09T02:44:44.281+0000][1][safepoint    ] Total time for which application threads were stopped: 0.0000723 seconds, Stopping threads took: 0.0000153 seconds
[2019-12-09T02:44:45.281+0000][1][safepoint    ] Application time: 1.0000759 seconds
[2019-12-09T02:44:45.281+0000][1][safepoint    ] Entering safepoint region: Cleanup
[2019-12-09T02:44:45.281+0000][1][safepoint    ] Leaving safepoint region
[2019-12-09T02:44:45.281+0000][1][safepoint    ] Total time for which application threads were stopped: 0.0000742 seconds, Stopping threads took: 0.0000158 seconds
[2019-12-09T02:44:46.281+0000][1][safepoint    ] Application time: 1.0000767 seconds
[2019-12-09T02:44:46.281+0000][1][safepoint    ] Entering safepoint region: Cleanup
[2019-12-09T02:44:46.281+0000][1][safepoint    ] Leaving safepoint region
[2019-12-09T02:44:46.281+0000][1][safepoint    ] Total time for which application threads were stopped: 0.0000821 seconds, Stopping threads took: 0.0000187 seconds
[2019-12-09T02:44:47.281+0000][1][safepoint    ] Application time: 1.0000813 seconds
[2019-12-09T02:44:47.281+0000][1][safepoint    ] Entering safepoint region: Cleanup
[2019-12-09T02:44:47.281+0000][1][safepoint    ] Leaving safepoint region
[2019-12-09T02:44:47.281+0000][1][safepoint    ] Total time for which application threads were stopped: 0.0000739 seconds, Stopping threads took: 0.0000161 seconds
[2019-12-09T02:44:48.281+0000][1][safepoint    ] Application time: 1.0000745 seconds
[2019-12-09T02:44:48.282+0000][1][safepoint    ] Entering safepoint region: Cleanup
[2019-12-09T02:44:48.282+0000][1][safepoint    ] Leaving safepoint region
[2019-12-09T02:44:48.282+0000][1][safepoint    ] Total time for which application threads were stopped: 0.0000752 seconds, Stopping threads took: 0.0000166 seconds
[2019-12-09T02:44:49.282+0000][1][safepoint    ] Application time: 1.0000845 seconds
[2019-12-09T02:44:49.282+0000][1][safepoint    ] Entering safepoint region: Cleanup
[2019-12-09T02:44:49.282+0000][1][safepoint    ] Leaving safepoint region
[2019-12-09T02:44:49.282+0000][1][safepoint    ] Total time for which application threads were stopped: 0.0000770 seconds, Stopping threads took: 0.0000212 seconds
[2019-12-09T02:44:50.282+0000][1][safepoint    ] Application time: 1.0000757 seconds
[2019-12-09T02:44:50.282+0000][1][safepoint    ] Entering safepoint region: Cleanup
[2019-12-09T02:44:50.282+0000][1][safepoint    ] Leaving safepoint region
[2019-12-09T02:44:50.282+0000][1][safepoint    ] Total time for which application threads were stopped: 0.0000768 seconds, Stopping threads took: 0.0000173 seconds
[2019-12-09T02:44:51.282+0000][1][safepoint    ] Application time: 1.0000753 seconds
[2019-12-09T02:44:51.282+0000][1][safepoint    ] Entering safepoint region: Cleanup
[2019-12-09T02:44:51.282+0000][1][safepoint    ] Leaving safepoint region
[2019-12-09T02:44:51.282+0000][1][safepoint    ] Total time for which application threads were stopped: 0.0000937 seconds, Stopping threads took: 0.0000217 seconds
[2019-12-09T02:44:52.282+0000][1][safepoint    ] Application time: 1.0000475 seconds
[2019-12-09T02:44:52.282+0000][1][safepoint    ] Entering safepoint region: Cleanup
[2019-12-09T02:44:52.282+0000][1][safepoint    ] Leaving safepoint region
[2019-12-09T02:44:52.282+0000][1][safepoint    ] Total time for which application threads were stopped: 0.0000732 seconds, Stopping threads took: 0.0000151 seconds
[2019-12-09T02:44:53.282+0000][1][safepoint    ] Application time: 1.0000761 seconds
[2019-12-09T02:44:53.282+0000][1][safepoint    ] Entering safepoint region: Cleanup
[2019-12-09T02:44:53.283+0000][1][safepoint    ] Leaving safepoint region
[2019-12-09T02:44:53.283+0000][1][safepoint    ] Total time for which application threads were stopped: 0.0000751 seconds, Stopping threads took: 0.0000153 seconds
[2019-12-09T02:44:55.233+0000][1][safepoint    ] Application time: 1.9506505 seconds
[2019-12-09T02:44:55.233+0000][1][safepoint    ] Entering safepoint region: Cleanup
[2019-12-09T02:44:55.233+0000][1][safepoint    ] Leaving safepoint region
[2019-12-09T02:44:55.233+0000][1][safepoint    ] Total time for which application threads were stopped: 0.0001155 seconds, Stopping threads took: 0.0000305 seconds
[2019-12-09T02:44:56.233+0000][1][safepoint    ] Application time: 1.0000756 seconds
[2019-12-09T02:44:56.233+0000][1][safepoint    ] Entering safepoint region: Cleanup
[2019-12-09T02:44:56.234+0000][1][safepoint    ] Leaving safepoint region
[2019-12-09T02:44:56.234+0000][1][safepoint    ] Total time for which application threads were stopped: 0.0000732 seconds, Stopping threads took: 0.0000154 seconds
[2019-12-09T02:44:57.234+0000][1][safepoint    ] Application time: 1.0000742 seconds
[2019-12-09T02:44:57.234+0000][1][safepoint    ] Entering safepoint region: Cleanup
[2019-12-09T02:44:57.234+0000][1][safepoint    ] Leaving safepoint region
[2019-12-09T02:44:57.234+0000][1][safepoint    ] Total time for which application threads were stopped: 0.0000841 seconds, Stopping threads took: 0.0000148 seconds
[2019-12-09T02:44:58.234+0000][1][safepoint    ] Application time: 1.0000742 seconds
[2019-12-09T02:44:58.234+0000][1][safepoint    ] Entering safepoint region: Cleanup
[2019-12-09T02:44:58.234+0000][1][safepoint    ] Leaving safepoint region
[2019-12-09T02:44:58.234+0000][1][safepoint    ] Total time for which application threads were stopped: 0.0000747 seconds, Stopping threads took: 0.0000160 seconds
[2019-12-09T02:44:59.234+0000][1][safepoint    ] Application time: 1.0000768 seconds
[2019-12-09T02:44:59.234+0000][1][safepoint    ] Entering safepoint region: Cleanup
[2019-12-09T02:44:59.234+0000][1][safepoint    ] Leaving safepoint region
[2019-12-09T02:44:59.234+0000][1][safepoint    ] Total time for which application threads were stopped: 0.0000750 seconds, Stopping threads took: 0.0000155 seconds
[2019-12-09T02:45:00.234+0000][1][safepoint    ] Application time: 1.0000894 seconds
[2019-12-09T02:45:00.234+0000][1][safepoint    ] Entering safepoint region: Cleanup
[2019-12-09T02:45:00.234+0000][1][safepoint    ] Leaving safepoint region
[2019-12-09T02:45:00.234+0000][1][safepoint    ] Total time for which application threads were stopped: 0.0001175 seconds, Stopping threads took: 0.0000335 seconds
[2019-12-09T02:45:01.234+0000][1][safepoint    ] Application time: 1.0000773 seconds
[2019-12-09T02:45:01.235+0000][1][safepoint    ] Entering safepoint region: Cleanup
[2019-12-09T02:45:01.235+0000][1][safepoint    ] Leaving safepoint region
[2019-12-09T02:45:01.235+0000][1][safepoint    ] Total time for which application threads were stopped: 0.0000770 seconds, Stopping threads took: 0.0000168 seconds
[2019-12-09T02:45:02.235+0000][1][safepoint    ] Application time: 1.0000865 seconds
[2019-12-09T02:45:02.235+0000][1][safepoint    ] Entering safepoint region: Cleanup
[2019-12-09T02:45:02.235+0000][1][safepoint    ] Leaving safepoint region
[2019-12-09T02:45:02.235+0000][1][safepoint    ] Total time for which application threads were stopped: 0.0000761 seconds, Stopping threads took: 0.0000160 seconds
[2019-12-09T02:45:03.235+0000][1][safepoint    ] Application time: 1.0000748 seconds
[2019-12-09T02:45:03.235+0000][1][safepoint    ] Entering safepoint region: Cleanup
[2019-12-09T02:45:03.235+0000][1][safepoint    ] Leaving safepoint region
[2019-12-09T02:45:03.235+0000][1][safepoint    ] Total time for which application threads were stopped: 0.0000779 seconds, Stopping threads took: 0.0000167 seconds
[2019-12-09T02:45:04.235+0000][1][safepoint    ] Application time: 1.0000763 seconds
[2019-12-09T02:45:04.235+0000][1][safepoint    ] Entering safepoint region: Cleanup
[2019-12-09T02:45:04.235+0000][1][safepoint    ] Leaving safepoint region
[2019-12-09T02:45:04.235+0000][1][safepoint    ] Total time for which application threads were stopped: 0.0000714 seconds, Stopping threads took: 0.0000149 seconds
[2019-12-09T02:45:05.235+0000][1][safepoint    ] Application time: 1.0000818 seconds
[2019-12-09T02:45:05.235+0000][1][safepoint    ] Entering safepoint region: Cleanup
[2019-12-09T02:45:05.235+0000][1][safepoint    ] Leaving safepoint region
[2019-12-09T02:45:05.235+0000][1][safepoint    ] Total time for which application threads were stopped: 0.0001194 seconds, Stopping threads took: 0.0000347 seconds
[2019-12-09T02:45:06.236+0000][1][safepoint    ] Application time: 1.0000787 seconds
[2019-12-09T02:45:06.236+0000][1][safepoint    ] Entering safepoint region: Cleanup
[2019-12-09T02:45:06.236+0000][1][safepoint    ] Leaving safepoint region
[2019-12-09T02:45:06.236+0000][1][safepoint    ] Total time for which application threads were stopped: 0.0000771 seconds, Stopping threads took: 0.0000157 seconds
[2019-12-09T02:45:07.236+0000][1][safepoint    ] Application time: 1.0000742 seconds
[2019-12-09T02:45:07.236+0000][1][safepoint    ] Entering safepoint region: Cleanup
[2019-12-09T02:45:07.236+0000][1][safepoint    ] Leaving safepoint region
[2019-12-09T02:45:07.236+0000][1][safepoint    ] Total time for which application threads were stopped: 0.0000737 seconds, Stopping threads took: 0.0000152 seconds
[2019-12-09T02:45:08.236+0000][1][safepoint    ] Application time: 1.0000760 seconds
[2019-12-09T02:45:08.236+0000][1][safepoint    ] Entering safepoint region: Cleanup
[2019-12-09T02:45:08.236+0000][1][safepoint    ] Leaving safepoint region
[2019-12-09T02:45:08.236+0000][1][safepoint    ] Total time for which application threads were stopped: 0.0000767 seconds, Stopping threads took: 0.0000165 seconds
[2019-12-09T02:45:09.236+0000][1][safepoint    ] Application time: 1.0000764 seconds
[2019-12-09T02:45:09.236+0000][1][safepoint    ] Entering safepoint region: Cleanup
[2019-12-09T02:45:09.236+0000][1][safepoint    ] Leaving safepoint region
[2019-12-09T02:45:09.236+0000][1][safepoint    ] Total time for which application threads were stopped: 0.0000738 seconds, Stopping threads took: 0.0000146 seconds
[2019-12-09T02:45:10.236+0000][1][safepoint    ] Application time: 1.0000758 seconds
[2019-12-09T02:45:10.236+0000][1][safepoint    ] Entering safepoint region: Cleanup
[2019-12-09T02:45:10.236+0000][1][safepoint    ] Leaving safepoint region
[2019-12-09T02:45:10.236+0000][1][safepoint    ] Total time for which application threads were stopped: 0.0000753 seconds, Stopping threads took: 0.0000160 seconds
[2019-12-09T02:45:11.236+0000][1][safepoint    ] Application time: 1.0000748 seconds
[2019-12-09T02:45:11.237+0000][1][safepoint    ] Entering safepoint region: Cleanup
[2019-12-09T02:45:11.237+0000][1][safepoint    ] Leaving safepoint region
[2019-12-09T02:45:11.237+0000][1][safepoint    ] Total time for which application threads were stopped: 0.0000751 seconds, Stopping threads took: 0.0000152 seconds
[2019-12-09T02:45:12.237+0000][1][safepoint    ] Application time: 1.0000823 seconds
[2019-12-09T02:45:12.237+0000][1][safepoint    ] Entering safepoint region: Cleanup
[2019-12-09T02:45:12.237+0000][1][safepoint    ] Leaving safepoint region
[2019-12-09T02:45:12.237+0000][1][safepoint    ] Total time for which application threads were stopped: 0.0000773 seconds, Stopping threads took: 0.0000166 seconds
[2019-12-09T02:45:13.237+0000][1][safepoint    ] Application time: 1.0000742 seconds
[2019-12-09T02:45:13.237+0000][1][safepoint    ] Entering safepoint region: Cleanup
[2019-12-09T02:45:13.237+0000][1][safepoint    ] Leaving safepoint region
[2019-12-09T02:45:13.237+0000][1][safepoint    ] Total time for which application threads were stopped: 0.0000788 seconds, Stopping threads took: 0.0000215 seconds
[2019-12-09T02:45:14.237+0000][1][safepoint    ] Application time: 1.0000761 seconds
[2019-12-09T02:45:14.237+0000][1][safepoint    ] Entering safepoint region: Cleanup
[2019-12-09T02:45:14.237+0000][1][safepoint    ] Leaving safepoint region
[2019-12-09T02:45:14.237+0000][1][safepoint    ] Total time for which application threads were stopped: 0.0000733 seconds, Stopping threads took: 0.0000145 seconds
[2019-12-09T02:45:15.237+0000][1][safepoint    ] Application time: 1.0000744 seconds
[2019-12-09T02:45:15.237+0000][1][safepoint    ] Entering safepoint region: Cleanup
[2019-12-09T02:45:15.237+0000][1][safepoint    ] Leaving safepoint region
[2019-12-09T02:45:15.237+0000][1][safepoint    ] Total time for which application threads were stopped: 0.0000821 seconds, Stopping threads took: 0.0000230 seconds
[2019-12-09T02:45:16.237+0000][1][safepoint    ] Application time: 1.0000774 seconds
[2019-12-09T02:45:16.238+0000][1][safepoint    ] Entering safepoint region: Cleanup
[2019-12-09T02:45:16.238+0000][1][safepoint    ] Leaving safepoint region
[2019-12-09T02:45:16.238+0000][1][safepoint    ] Total time for which application threads were stopped: 0.0000748 seconds, Stopping threads took: 0.0000160 seconds
[2019-12-09T02:45:17.238+0000][1][safepoint    ] Application time: 1.0000741 seconds
[2019-12-09T02:45:17.238+0000][1][safepoint    ] Entering safepoint region: Cleanup
[2019-12-09T02:45:17.238+0000][1][safepoint    ] Leaving safepoint region
[2019-12-09T02:45:17.238+0000][1][safepoint    ] Total time for which application threads were stopped: 0.0000772 seconds, Stopping threads took: 0.0000182 seconds
[2019-12-09T02:45:18.238+0000][1][safepoint    ] Application time: 1.0000815 seconds
[2019-12-09T02:45:18.238+0000][1][safepoint    ] Entering safepoint region: Cleanup
[2019-12-09T02:45:18.238+0000][1][safepoint    ] Leaving safepoint region
[2019-12-09T02:45:18.238+0000][1][safepoint    ] Total time for which application threads were stopped: 0.0001007 seconds, Stopping threads took: 0.0000210 seconds
[2019-12-09T02:45:19.238+0000][1][safepoint    ] Application time: 1.0000733 seconds
[2019-12-09T02:45:19.238+0000][1][safepoint    ] Entering safepoint region: Cleanup
[2019-12-09T02:45:19.238+0000][1][safepoint    ] Leaving safepoint region
[2019-12-09T02:45:19.238+0000][1][safepoint    ] Total time for which application threads were stopped: 0.0000728 seconds, Stopping threads took: 0.0000155 seconds
[2019-12-09T02:45:20.238+0000][1][safepoint    ] Application time: 1.0000765 seconds
[2019-12-09T02:45:20.238+0000][1][safepoint    ] Entering safepoint region: Cleanup
[2019-12-09T02:45:20.238+0000][1][safepoint    ] Leaving safepoint region
[2019-12-09T02:45:20.238+0000][1][safepoint    ] Total time for which application threads were stopped: 0.0000821 seconds, Stopping threads took: 0.0000219 seconds
[2019-12-09T02:45:21.238+0000][1][safepoint    ] Application time: 1.0000768 seconds
[2019-12-09T02:45:21.239+0000][1][safepoint    ] Entering safepoint region: Cleanup
[2019-12-09T02:45:21.239+0000][1][safepoint    ] Leaving safepoint region
[2019-12-09T02:45:21.239+0000][1][safepoint    ] Total time for which application threads were stopped: 0.0000743 seconds, Stopping threads took: 0.0000159 seconds
[2019-12-09T02:45:22.239+0000][1][safepoint    ] Application time: 1.0000754 seconds
[2019-12-09T02:45:22.239+0000][1][safepoint    ] Entering safepoint region: Cleanup
[2019-12-09T02:45:22.239+0000][1][safepoint    ] Leaving safepoint region
[2019-12-09T02:45:22.239+0000][1][safepoint    ] Total time for which application threads were stopped: 0.0000774 seconds, Stopping threads took: 0.0000156 seconds
[2019-12-09T02:45:23.239+0000][1][safepoint    ] Application time: 1.0000741 seconds
[2019-12-09T02:45:23.239+0000][1][safepoint    ] Entering safepoint region: Cleanup
[2019-12-09T02:45:23.239+0000][1][safepoint    ] Leaving safepoint region
[2019-12-09T02:45:23.239+0000][1][safepoint    ] Total time for which application threads were stopped: 0.0000677 seconds, Stopping threads took: 0.0000136 seconds
[2019-12-09T02:45:24.239+0000][1][safepoint    ] Application time: 1.0000747 seconds
[2019-12-09T02:45:24.239+0000][1][safepoint    ] Entering safepoint region: Cleanup
[2019-12-09T02:45:24.239+0000][1][safepoint    ] Leaving safepoint region
[2019-12-09T02:45:24.239+0000][1][safepoint    ] Total time for which application threads were stopped: 0.0000725 seconds, Stopping threads took: 0.0000152 seconds
[2019-12-09T02:45:25.239+0000][1][safepoint    ] Application time: 1.0000749 seconds
[2019-12-09T02:45:25.239+0000][1][safepoint    ] Entering safepoint region: Cleanup
[2019-12-09T02:45:25.239+0000][1][safepoint    ] Leaving safepoint region
[2019-12-09T02:45:25.239+0000][1][safepoint    ] Total time for which application threads were stopped: 0.0000722 seconds, Stopping threads took: 0.0000152 seconds
[2019-12-09T02:45:26.239+0000][1][safepoint    ] Application time: 1.0000755 seconds
[2019-12-09T02:45:26.239+0000][1][safepoint    ] Entering safepoint region: Cleanup
[2019-12-09T02:45:26.240+0000][1][safepoint    ] Leaving safepoint region
[2019-12-09T02:45:26.240+0000][1][safepoint    ] Total time for which application threads were stopped: 0.0000736 seconds, Stopping threads took: 0.0000149 seconds
[2019-12-09T02:45:27.240+0000][1][safepoint    ] Application time: 1.0000739 seconds
[2019-12-09T02:45:27.240+0000][1][safepoint    ] Entering safepoint region: Cleanup
[2019-12-09T02:45:27.240+0000][1][safepoint    ] Leaving safepoint region
[2019-12-09T02:45:27.240+0000][1][safepoint    ] Total time for which application threads were stopped: 0.0000872 seconds, Stopping threads took: 0.0000160 seconds
[2019-12-09T02:45:28.240+0000][1][safepoint    ] Application time: 1.0000743 seconds
[2019-12-09T02:45:28.240+0000][1][safepoint    ] Entering safepoint region: Cleanup
[2019-12-09T02:45:28.240+0000][1][safepoint    ] Leaving safepoint region
[2019-12-09T02:45:28.240+0000][1][safepoint    ] Total time for which application threads were stopped: 0.0000785 seconds, Stopping threads took: 0.0000168 seconds
[2019-12-09T02:45:29.240+0000][1][safepoint    ] Application time: 1.0000749 seconds
[2019-12-09T02:45:29.240+0000][1][safepoint    ] Entering safepoint region: Cleanup
[2019-12-09T02:45:29.240+0000][1][safepoint    ] Leaving safepoint region
[2019-12-09T02:45:29.240+0000][1][safepoint    ] Total time for which application threads were stopped: 0.0000771 seconds, Stopping threads took: 0.0000153 seconds
[2019-12-09T02:45:30.240+0000][1][safepoint    ] Application time: 1.0000746 seconds
[2019-12-09T02:45:30.240+0000][1][safepoint    ] Entering safepoint region: Cleanup
[2019-12-09T02:45:30.240+0000][1][safepoint    ] Leaving safepoint region
[2019-12-09T02:45:30.240+0000][1][safepoint    ] Total time for which application threads were stopped: 0.0000754 seconds, Stopping threads took: 0.0000176 seconds
[2019-12-09T02:45:31.240+0000][1][safepoint    ] Application time: 1.0000762 seconds
[2019-12-09T02:45:31.240+0000][1][safepoint    ] Entering safepoint region: Cleanup
[2019-12-09T02:45:31.241+0000][1][safepoint    ] Leaving safepoint region
[2019-12-09T02:45:31.241+0000][1][safepoint    ] Total time for which application threads were stopped: 0.0000764 seconds, Stopping threads took: 0.0000158 seconds
[2019-12-09T02:45:32.241+0000][1][safepoint    ] Application time: 1.0000745 seconds
[2019-12-09T02:45:32.241+0000][1][safepoint    ] Entering safepoint region: Cleanup
[2019-12-09T02:45:32.241+0000][1][safepoint    ] Leaving safepoint region
[2019-12-09T02:45:32.241+0000][1][safepoint    ] Total time for which application threads were stopped: 0.0000832 seconds, Stopping threads took: 0.0000147 seconds
[2019-12-09T02:45:33.241+0000][1][safepoint    ] Application time: 1.0000731 seconds
[2019-12-09T02:45:33.241+0000][1][safepoint    ] Entering safepoint region: Cleanup
[2019-12-09T02:45:33.241+0000][1][safepoint    ] Leaving safepoint region
[2019-12-09T02:45:33.241+0000][1][safepoint    ] Total time for which application threads were stopped: 0.0000764 seconds, Stopping threads took: 0.0000161 seconds
[2019-12-09T02:45:34.241+0000][1][safepoint    ] Application time: 1.0000758 seconds
[2019-12-09T02:45:34.241+0000][1][safepoint    ] Entering safepoint region: Cleanup
[2019-12-09T02:45:34.241+0000][1][safepoint    ] Leaving safepoint region
[2019-12-09T02:45:34.241+0000][1][safepoint    ] Total time for which application threads were stopped: 0.0000735 seconds, Stopping threads took: 0.0000160 seconds
[2019-12-09T02:45:35.241+0000][1][safepoint    ] Application time: 1.0000743 seconds
[2019-12-09T02:45:35.241+0000][1][safepoint    ] Entering safepoint region: Cleanup
[2019-12-09T02:45:35.241+0000][1][safepoint    ] Leaving safepoint region
[2019-12-09T02:45:35.241+0000][1][safepoint    ] Total time for which application threads were stopped: 0.0000836 seconds, Stopping threads took: 0.0000236 seconds
[2019-12-09T02:45:36.241+0000][1][safepoint    ] Application time: 1.0000776 seconds
[2019-12-09T02:45:36.241+0000][1][safepoint    ] Entering safepoint region: Cleanup
[2019-12-09T02:45:36.241+0000][1][safepoint    ] Leaving safepoint region
[2019-12-09T02:45:36.241+0000][1][safepoint    ] Total time for which application threads were stopped: 0.0000774 seconds, Stopping threads took: 0.0000167 seconds
[2019-12-09T02:45:37.242+0000][1][safepoint    ] Application time: 1.0000762 seconds
[2019-12-09T02:45:37.242+0000][1][safepoint    ] Entering safepoint region: Cleanup
[2019-12-09T02:45:37.242+0000][1][safepoint    ] Leaving safepoint region
[2019-12-09T02:45:37.242+0000][1][safepoint    ] Total time for which application threads were stopped: 0.0000744 seconds, Stopping threads took: 0.0000158 seconds
[2019-12-09T02:45:38.242+0000][1][safepoint    ] Application time: 1.0000762 seconds
[2019-12-09T02:45:38.242+0000][1][safepoint    ] Entering safepoint region: Cleanup
[2019-12-09T02:45:38.242+0000][1][safepoint    ] Leaving safepoint region
[2019-12-09T02:45:38.242+0000][1][safepoint    ] Total time for which application threads were stopped: 0.0000725 seconds, Stopping threads took: 0.0000151 seconds
[2019-12-09T02:45:40.141+0000][1][safepoint    ] Application time: 1.8989787 seconds
[2019-12-09T02:45:40.141+0000][1][safepoint    ] Entering safepoint region: Cleanup
[2019-12-09T02:45:40.141+0000][1][safepoint    ] Leaving safepoint region
[2019-12-09T02:45:40.141+0000][1][safepoint    ] Total time for which application threads were stopped: 0.0000759 seconds, Stopping threads took: 0.0000155 seconds
[2019-12-09T02:45:41.141+0000][1][safepoint    ] Application time: 1.0000743 seconds
[2019-12-09T02:45:41.141+0000][1][safepoint    ] Entering safepoint region: Cleanup
[2019-12-09T02:45:41.141+0000][1][safepoint    ] Leaving safepoint region
[2019-12-09T02:45:41.141+0000][1][safepoint    ] Total time for which application threads were stopped: 0.0000854 seconds, Stopping threads took: 0.0000254 seconds
[2019-12-09T02:45:42.141+0000][1][safepoint    ] Application time: 1.0000746 seconds
[2019-12-09T02:45:42.141+0000][1][safepoint    ] Entering safepoint region: Cleanup
[2019-12-09T02:45:42.141+0000][1][safepoint    ] Leaving safepoint region
[2019-12-09T02:45:42.141+0000][1][safepoint    ] Total time for which application threads were stopped: 0.0000752 seconds, Stopping threads took: 0.0000158 seconds
[2019-12-09T02:45:43.141+0000][1][safepoint    ] Application time: 1.0000739 seconds
[2019-12-09T02:45:43.141+0000][1][safepoint    ] Entering safepoint region: Cleanup
[2019-12-09T02:45:43.142+0000][1][safepoint    ] Leaving safepoint region
[2019-12-09T02:45:43.142+0000][1][safepoint    ] Total time for which application threads were stopped: 0.0000723 seconds, Stopping threads took: 0.0000144 seconds
[2019-12-09T02:45:44.142+0000][1][safepoint    ] Application time: 1.0000713 seconds
[2019-12-09T02:45:44.142+0000][1][safepoint    ] Entering safepoint region: Cleanup
[2019-12-09T02:45:44.142+0000][1][safepoint    ] Leaving safepoint region
[2019-12-09T02:45:44.142+0000][1][safepoint    ] Total time for which application threads were stopped: 0.0000876 seconds, Stopping threads took: 0.0000312 seconds
[2019-12-09T02:45:45.142+0000][1][safepoint    ] Application time: 1.0000752 seconds
[2019-12-09T02:45:45.142+0000][1][safepoint    ] Entering safepoint region: Cleanup
[2019-12-09T02:45:45.142+0000][1][safepoint    ] Leaving safepoint region
[2019-12-09T02:45:45.142+0000][1][safepoint    ] Total time for which application threads were stopped: 0.0000827 seconds, Stopping threads took: 0.0000246 seconds
[2019-12-09T02:45:46.142+0000][1][safepoint    ] Application time: 1.0000767 seconds
[2019-12-09T02:45:46.142+0000][1][safepoint    ] Entering safepoint region: Cleanup
[2019-12-09T02:45:46.142+0000][1][safepoint    ] Leaving safepoint region
[2019-12-09T02:45:46.142+0000][1][safepoint    ] Total time for which application threads were stopped: 0.0000985 seconds, Stopping threads took: 0.0000158 seconds
[2019-12-09T02:45:47.142+0000][1][safepoint    ] Application time: 1.0000746 seconds
[2019-12-09T02:45:47.142+0000][1][safepoint    ] Entering safepoint region: Cleanup
[2019-12-09T02:45:47.142+0000][1][safepoint    ] Leaving safepoint region
[2019-12-09T02:45:47.142+0000][1][safepoint    ] Total time for which application threads were stopped: 0.0000744 seconds, Stopping threads took: 0.0000164 seconds
[2019-12-09T02:45:48.142+0000][1][safepoint    ] Application time: 1.0000930 seconds
[2019-12-09T02:45:48.143+0000][1][safepoint    ] Entering safepoint region: Cleanup
[2019-12-09T02:45:48.143+0000][1][safepoint    ] Leaving safepoint region
[2019-12-09T02:45:48.143+0000][1][safepoint    ] Total time for which application threads were stopped: 0.0001090 seconds, Stopping threads took: 0.0000244 seconds
[2019-12-09T02:45:49.143+0000][1][safepoint    ] Application time: 1.0000558 seconds
[2019-12-09T02:45:49.143+0000][1][safepoint    ] Entering safepoint region: Cleanup
[2019-12-09T02:45:49.143+0000][1][safepoint    ] Leaving safepoint region
[2019-12-09T02:45:49.143+0000][1][safepoint    ] Total time for which application threads were stopped: 0.0000725 seconds, Stopping threads took: 0.0000149 seconds
[2019-12-09T02:45:50.143+0000][1][safepoint    ] Application time: 1.0000790 seconds
[2019-12-09T02:45:50.143+0000][1][safepoint    ] Entering safepoint region: Cleanup
[2019-12-09T02:45:50.143+0000][1][safepoint    ] Leaving safepoint region
[2019-12-09T02:45:50.143+0000][1][safepoint    ] Total time for which application threads were stopped: 0.0000826 seconds, Stopping threads took: 0.0000235 seconds
[2019-12-09T02:45:51.143+0000][1][safepoint    ] Application time: 1.0000755 seconds
[2019-12-09T02:45:51.143+0000][1][safepoint    ] Entering safepoint region: Cleanup
[2019-12-09T02:45:51.143+0000][1][safepoint    ] Leaving safepoint region
[2019-12-09T02:45:51.143+0000][1][safepoint    ] Total time for which application threads were stopped: 0.0000813 seconds, Stopping threads took: 0.0000235 seconds
[2019-12-09T02:45:52.143+0000][1][safepoint    ] Application time: 1.0000745 seconds
[2019-12-09T02:45:52.143+0000][1][safepoint    ] Entering safepoint region: Cleanup
[2019-12-09T02:45:52.143+0000][1][safepoint    ] Leaving safepoint region
[2019-12-09T02:45:52.143+0000][1][safepoint    ] Total time for which application threads were stopped: 0.0000725 seconds, Stopping threads took: 0.0000143 seconds
[2019-12-09T02:45:53.143+0000][1][safepoint    ] Application time: 1.0000756 seconds
[2019-12-09T02:45:53.144+0000][1][safepoint    ] Entering safepoint region: Cleanup
[2019-12-09T02:45:53.144+0000][1][safepoint    ] Leaving safepoint region
[2019-12-09T02:45:53.144+0000][1][safepoint    ] Total time for which application threads were stopped: 0.0000750 seconds, Stopping threads took: 0.0000163 seconds
[2019-12-09T02:45:54.144+0000][1][safepoint    ] Application time: 1.0000917 seconds
[2019-12-09T02:45:54.144+0000][1][safepoint    ] Entering safepoint region: Cleanup
[2019-12-09T02:45:54.144+0000][1][safepoint    ] Leaving safepoint region
[2019-12-09T02:45:54.144+0000][1][safepoint    ] Total time for which application threads were stopped: 0.0000709 seconds, Stopping threads took: 0.0000147 seconds
[2019-12-09T02:45:55.144+0000][1][safepoint    ] Application time: 1.0000745 seconds
[2019-12-09T02:45:55.144+0000][1][safepoint    ] Entering safepoint region: Cleanup
[2019-12-09T02:45:55.144+0000][1][safepoint    ] Leaving safepoint region
[2019-12-09T02:45:55.144+0000][1][safepoint    ] Total time for which application threads were stopped: 0.0000759 seconds, Stopping threads took: 0.0000168 seconds
[2019-12-09T02:45:56.144+0000][1][safepoint    ] Application time: 1.0000755 seconds
[2019-12-09T02:45:56.144+0000][1][safepoint    ] Entering safepoint region: Cleanup
[2019-12-09T02:45:56.144+0000][1][safepoint    ] Leaving safepoint region
[2019-12-09T02:45:56.144+0000][1][safepoint    ] Total time for which application threads were stopped: 0.0000749 seconds, Stopping threads took: 0.0000157 seconds
[2019-12-09T02:45:57.144+0000][1][safepoint    ] Application time: 1.0000746 seconds
[2019-12-09T02:45:57.144+0000][1][safepoint    ] Entering safepoint region: Cleanup
[2019-12-09T02:45:57.144+0000][1][safepoint    ] Leaving safepoint region
[2019-12-09T02:45:57.144+0000][1][safepoint    ] Total time for which application threads were stopped: 0.0000727 seconds, Stopping threads took: 0.0000148 seconds
[2019-12-09T02:45:58.144+0000][1][safepoint    ] Application time: 1.0000752 seconds
[2019-12-09T02:45:58.145+0000][1][safepoint    ] Entering safepoint region: Cleanup
[2019-12-09T02:45:58.145+0000][1][safepoint    ] Leaving safepoint region
[2019-12-09T02:45:58.145+0000][1][safepoint    ] Total time for which application threads were stopped: 0.0000757 seconds, Stopping threads took: 0.0000159 seconds
[2019-12-09T02:45:59.145+0000][1][safepoint    ] Application time: 1.0000733 seconds
[2019-12-09T02:45:59.145+0000][1][safepoint    ] Entering safepoint region: Cleanup
[2019-12-09T02:45:59.145+0000][1][safepoint    ] Leaving safepoint region
[2019-12-09T02:45:59.145+0000][1][safepoint    ] Total time for which application threads were stopped: 0.0000803 seconds, Stopping threads took: 0.0000160 seconds
[2019-12-09T02:46:00.145+0000][1][safepoint    ] Application time: 1.0000756 seconds
[2019-12-09T02:46:00.145+0000][1][safepoint    ] Entering safepoint region: Cleanup
[2019-12-09T02:46:00.145+0000][1][safepoint    ] Leaving safepoint region
[2019-12-09T02:46:00.145+0000][1][safepoint    ] Total time for which application threads were stopped: 0.0000834 seconds, Stopping threads took: 0.0000234 seconds
[2019-12-09T02:46:01.145+0000][1][safepoint    ] Application time: 1.0000748 seconds
[2019-12-09T02:46:01.145+0000][1][safepoint    ] Entering safepoint region: Cleanup
[2019-12-09T02:46:01.145+0000][1][safepoint    ] Leaving safepoint region
[2019-12-09T02:46:01.145+0000][1][safepoint    ] Total time for which application threads were stopped: 0.0000835 seconds, Stopping threads took: 0.0000253 seconds
[2019-12-09T02:46:02.145+0000][1][safepoint    ] Application time: 1.0000765 seconds
[2019-12-09T02:46:02.145+0000][1][safepoint    ] Entering safepoint region: Cleanup
[2019-12-09T02:46:02.145+0000][1][safepoint    ] Leaving safepoint region
[2019-12-09T02:46:02.145+0000][1][safepoint    ] Total time for which application threads were stopped: 0.0000765 seconds, Stopping threads took: 0.0000162 seconds
[2019-12-09T02:46:03.145+0000][1][safepoint    ] Application time: 1.0000740 seconds
[2019-12-09T02:46:03.146+0000][1][safepoint    ] Entering safepoint region: Cleanup
[2019-12-09T02:46:03.146+0000][1][safepoint    ] Leaving safepoint region
[2019-12-09T02:46:03.146+0000][1][safepoint    ] Total time for which application threads were stopped: 0.0000750 seconds, Stopping threads took: 0.0000156 seconds
[2019-12-09T02:46:04.146+0000][1][safepoint    ] Application time: 1.0001070 seconds
[2019-12-09T02:46:04.146+0000][1][safepoint    ] Entering safepoint region: Cleanup
[2019-12-09T02:46:04.146+0000][1][safepoint    ] Leaving safepoint region
[2019-12-09T02:46:04.146+0000][1][safepoint    ] Total time for which application threads were stopped: 0.0001278 seconds, Stopping threads took: 0.0000634 seconds
[2019-12-09T02:46:05.146+0000][1][safepoint    ] Application time: 1.0000888 seconds
[2019-12-09T02:46:05.146+0000][1][safepoint    ] Entering safepoint region: Cleanup
[2019-12-09T02:46:05.146+0000][1][safepoint    ] Leaving safepoint region
[2019-12-09T02:46:05.146+0000][1][safepoint    ] Total time for which application threads were stopped: 0.0001166 seconds, Stopping threads took: 0.0000581 seconds
[2019-12-09T02:46:06.146+0000][1][safepoint    ] Application time: 1.0000821 seconds
[2019-12-09T02:46:06.146+0000][1][safepoint    ] Entering safepoint region: Cleanup
[2019-12-09T02:46:06.146+0000][1][safepoint    ] Leaving safepoint region
[2019-12-09T02:46:06.146+0000][1][safepoint    ] Total time for which application threads were stopped: 0.0001197 seconds, Stopping threads took: 0.0000573 seconds
[2019-12-09T02:46:07.146+0000][1][safepoint    ] Application time: 1.0000818 seconds
[2019-12-09T02:46:07.147+0000][1][safepoint    ] Entering safepoint region: Cleanup
[2019-12-09T02:46:07.147+0000][1][safepoint    ] Leaving safepoint region
[2019-12-09T02:46:07.147+0000][1][safepoint    ] Total time for which application threads were stopped: 0.0001190 seconds, Stopping threads took: 0.0000580 seconds
[2019-12-09T02:46:08.147+0000][1][safepoint    ] Application time: 1.0000818 seconds
[2019-12-09T02:46:08.147+0000][1][safepoint    ] Entering safepoint region: Cleanup
[2019-12-09T02:46:08.147+0000][1][safepoint    ] Leaving safepoint region
[2019-12-09T02:46:08.147+0000][1][safepoint    ] Total time for which application threads were stopped: 0.0000823 seconds, Stopping threads took: 0.0000222 seconds
[2019-12-09T02:46:09.147+0000][1][safepoint    ] Application time: 1.0000914 seconds
[2019-12-09T02:46:09.147+0000][1][safepoint    ] Entering safepoint region: Cleanup
[2019-12-09T02:46:09.147+0000][1][safepoint    ] Leaving safepoint region
[2019-12-09T02:46:09.147+0000][1][safepoint    ] Total time for which application threads were stopped: 0.0001530 seconds, Stopping threads took: 0.0000845 seconds
[2019-12-09T02:46:10.147+0000][1][safepoint    ] Application time: 1.0000835 seconds
[2019-12-09T02:46:10.147+0000][1][safepoint    ] Entering safepoint region: Cleanup
[2019-12-09T02:46:10.147+0000][1][safepoint    ] Leaving safepoint region
[2019-12-09T02:46:10.147+0000][1][safepoint    ] Total time for which application threads were stopped: 0.0000768 seconds, Stopping threads took: 0.0000171 seconds
[2019-12-09T02:46:11.147+0000][1][safepoint    ] Application time: 1.0000761 seconds
[2019-12-09T02:46:11.147+0000][1][safepoint    ] Entering safepoint region: Cleanup
[2019-12-09T02:46:11.148+0000][1][safepoint    ] Leaving safepoint region
[2019-12-09T02:46:11.148+0000][1][safepoint    ] Total time for which application threads were stopped: 0.0000863 seconds, Stopping threads took: 0.0000176 seconds
[2019-12-09T02:46:12.148+0000][1][safepoint    ] Application time: 1.0000760 seconds
[2019-12-09T02:46:12.148+0000][1][safepoint    ] Entering safepoint region: Cleanup
[2019-12-09T02:46:12.148+0000][1][safepoint    ] Leaving safepoint region
[2019-12-09T02:46:12.148+0000][1][safepoint    ] Total time for which application threads were stopped: 0.0000917 seconds, Stopping threads took: 0.0000300 seconds
[2019-12-09T02:46:13.148+0000][1][safepoint    ] Application time: 1.0000761 seconds
[2019-12-09T02:46:13.148+0000][1][safepoint    ] Entering safepoint region: Cleanup
[2019-12-09T02:46:13.148+0000][1][safepoint    ] Leaving safepoint region
[2019-12-09T02:46:13.148+0000][1][safepoint    ] Total time for which application threads were stopped: 0.0000753 seconds, Stopping threads took: 0.0000160 seconds
[2019-12-09T02:46:14.148+0000][1][safepoint    ] Application time: 1.0000794 seconds
[2019-12-09T02:46:14.148+0000][1][safepoint    ] Entering safepoint region: Cleanup
[2019-12-09T02:46:14.148+0000][1][safepoint    ] Leaving safepoint region
[2019-12-09T02:46:14.148+0000][1][safepoint    ] Total time for which application threads were stopped: 0.0001339 seconds, Stopping threads took: 0.0000663 seconds
[2019-12-09T02:46:15.148+0000][1][safepoint    ] Application time: 1.0000833 seconds
[2019-12-09T02:46:15.148+0000][1][safepoint    ] Entering safepoint region: Cleanup
[2019-12-09T02:46:15.148+0000][1][safepoint    ] Leaving safepoint region
[2019-12-09T02:46:15.148+0000][1][safepoint    ] Total time for which application threads were stopped: 0.0000865 seconds, Stopping threads took: 0.0000254 seconds
[2019-12-09T02:46:16.149+0000][1][safepoint    ] Application time: 1.0000779 seconds
[2019-12-09T02:46:16.149+0000][1][safepoint    ] Entering safepoint region: Cleanup
[2019-12-09T02:46:16.149+0000][1][safepoint    ] Leaving safepoint region
[2019-12-09T02:46:16.149+0000][1][safepoint    ] Total time for which application threads were stopped: 0.0000774 seconds, Stopping threads took: 0.0000176 seconds
[2019-12-09T02:46:17.149+0000][1][safepoint    ] Application time: 1.0000776 seconds
[2019-12-09T02:46:17.149+0000][1][safepoint    ] Entering safepoint region: Cleanup
[2019-12-09T02:46:17.149+0000][1][safepoint    ] Leaving safepoint region
[2019-12-09T02:46:17.149+0000][1][safepoint    ] Total time for which application threads were stopped: 0.0000813 seconds, Stopping threads took: 0.0000175 seconds
[2019-12-09T02:46:18.149+0000][1][safepoint    ] Application time: 1.0000763 seconds
[2019-12-09T02:46:18.149+0000][1][safepoint    ] Entering safepoint region: Cleanup
[2019-12-09T02:46:18.149+0000][1][safepoint    ] Leaving safepoint region
[2019-12-09T02:46:18.149+0000][1][safepoint    ] Total time for which application threads were stopped: 0.0000767 seconds, Stopping threads took: 0.0000179 seconds
[2019-12-09T02:46:19.149+0000][1][safepoint    ] Application time: 1.0000757 seconds
[2019-12-09T02:46:19.149+0000][1][safepoint    ] Entering safepoint region: Cleanup
[2019-12-09T02:46:19.149+0000][1][safepoint    ] Leaving safepoint region
[2019-12-09T02:46:19.149+0000][1][safepoint    ] Total time for which application threads were stopped: 0.0000766 seconds, Stopping threads took: 0.0000172 seconds
[2019-12-09T02:46:20.149+0000][1][safepoint    ] Application time: 1.0000764 seconds
[2019-12-09T02:46:20.149+0000][1][safepoint    ] Entering safepoint region: Cleanup
[2019-12-09T02:46:20.149+0000][1][safepoint    ] Leaving safepoint region
[2019-12-09T02:46:20.149+0000][1][safepoint    ] Total time for which application threads were stopped: 0.0000880 seconds, Stopping threads took: 0.0000257 seconds
[2019-12-09T02:46:21.150+0000][1][safepoint    ] Application time: 1.0000756 seconds
[2019-12-09T02:46:21.150+0000][1][safepoint    ] Entering safepoint region: Cleanup
[2019-12-09T02:46:21.150+0000][1][safepoint    ] Leaving safepoint region
[2019-12-09T02:46:21.150+0000][1][safepoint    ] Total time for which application threads were stopped: 0.0000857 seconds, Stopping threads took: 0.0000166 seconds
[2019-12-09T02:46:21.722+0000][1][safepoint    ] Application time: 0.5723443 seconds
[2019-12-09T02:46:21.722+0000][1][safepoint    ] Entering safepoint region: GenCollectForAllocation
[2019-12-09T02:46:21.722+0000][1][gc,start     ] GC(30) Pause Young (Allocation Failure)
[2019-12-09T02:46:21.722+0000][1][gc,task      ] GC(30) Using 2 workers of 2 for evacuation
[2019-12-09T02:46:21.729+0000][1][gc,age       ] GC(30) Desired survivor size 4456448 bytes, new threshold 6 (max threshold 6)
[2019-12-09T02:46:21.729+0000][1][gc,age       ] GC(30) Age table with threshold 6 (max threshold 6)
[2019-12-09T02:46:21.729+0000][1][gc,age       ] GC(30) - age   1:       4200 bytes,       4200 total
[2019-12-09T02:46:21.729+0000][1][gc,age       ] GC(30) - age   2:       2744 bytes,       6944 total
[2019-12-09T02:46:21.729+0000][1][gc,age       ] GC(30) - age   3:       6448 bytes,      13392 total
[2019-12-09T02:46:21.729+0000][1][gc,age       ] GC(30) - age   4:       4040 bytes,      17432 total
[2019-12-09T02:46:21.729+0000][1][gc,age       ] GC(30) - age   5:       1232 bytes,      18664 total
[2019-12-09T02:46:21.729+0000][1][gc,age       ] GC(30) - age   6:      31856 bytes,      50520 total
[2019-12-09T02:46:21.729+0000][1][gc,heap      ] GC(30) ParNew: 72597K->1761K(78656K)
[2019-12-09T02:46:21.729+0000][1][gc,heap      ] GC(30) CMS: 68201K->69961K(174784K)
[2019-12-09T02:46:21.729+0000][1][gc,metaspace ] GC(30) Metaspace: 68947K->68947K(1112064K)
[2019-12-09T02:46:21.729+0000][1][gc           ] GC(30) Pause Young (Allocation Failure) 137M->70M(247M) 7.130ms
[2019-12-09T02:46:21.729+0000][1][gc,cpu       ] GC(30) User=0.01s Sys=0.00s Real=0.01s
[2019-12-09T02:46:21.729+0000][1][safepoint    ] Leaving safepoint region
[2019-12-09T02:46:21.729+0000][1][safepoint    ] Total time for which application threads were stopped: 0.0072683 seconds, Stopping threads took: 0.0000155 seconds
[2019-12-09T02:46:22.729+0000][1][safepoint    ] Application time: 1.0000866 seconds
[2019-12-09T02:46:22.730+0000][1][safepoint    ] Entering safepoint region: Cleanup
[2019-12-09T02:46:22.730+0000][1][safepoint    ] Leaving safepoint region
[2019-12-09T02:46:22.730+0000][1][safepoint    ] Total time for which application threads were stopped: 0.0001455 seconds, Stopping threads took: 0.0000866 seconds
[2019-12-09T02:46:23.730+0000][1][safepoint    ] Application time: 1.0000792 seconds
[2019-12-09T02:46:23.730+0000][1][safepoint    ] Entering safepoint region: Cleanup
[2019-12-09T02:46:23.730+0000][1][safepoint    ] Leaving safepoint region
[2019-12-09T02:46:23.730+0000][1][safepoint    ] Total time for which application threads were stopped: 0.0000819 seconds, Stopping threads took: 0.0000229 seconds
[2019-12-09T02:46:24.730+0000][1][safepoint    ] Application time: 1.0000821 seconds
[2019-12-09T02:46:24.730+0000][1][safepoint    ] Entering safepoint region: Cleanup
[2019-12-09T02:46:24.730+0000][1][safepoint    ] Leaving safepoint region
[2019-12-09T02:46:24.730+0000][1][safepoint    ] Total time for which application threads were stopped: 0.0000858 seconds, Stopping threads took: 0.0000172 seconds
[2019-12-09T02:46:25.730+0000][1][safepoint    ] Application time: 1.0000798 seconds
[2019-12-09T02:46:25.730+0000][1][safepoint    ] Entering safepoint region: Cleanup
[2019-12-09T02:46:25.730+0000][1][safepoint    ] Leaving safepoint region
[2019-12-09T02:46:25.730+0000][1][safepoint    ] Total time for which application threads were stopped: 0.0000941 seconds, Stopping threads took: 0.0000170 seconds
[2019-12-09T02:46:26.730+0000][1][safepoint    ] Application time: 1.0000787 seconds
[2019-12-09T02:46:26.730+0000][1][safepoint    ] Entering safepoint region: Cleanup
[2019-12-09T02:46:26.730+0000][1][safepoint    ] Leaving safepoint region
[2019-12-09T02:46:26.730+0000][1][safepoint    ] Total time for which application threads were stopped: 0.0000932 seconds, Stopping threads took: 0.0000176 seconds
[2019-12-09T02:46:27.731+0000][1][safepoint    ] Application time: 1.0000783 seconds
[2019-12-09T02:46:27.731+0000][1][safepoint    ] Entering safepoint region: Cleanup
[2019-12-09T02:46:27.731+0000][1][safepoint    ] Leaving safepoint region
[2019-12-09T02:46:27.731+0000][1][safepoint    ] Total time for which application threads were stopped: 0.0000865 seconds, Stopping threads took: 0.0000167 seconds
[2019-12-09T02:46:28.731+0000][1][safepoint    ] Application time: 1.0000732 seconds
[2019-12-09T02:46:28.731+0000][1][safepoint    ] Entering safepoint region: Cleanup
[2019-12-09T02:46:28.731+0000][1][safepoint    ] Leaving safepoint region
[2019-12-09T02:46:28.731+0000][1][safepoint    ] Total time for which application threads were stopped: 0.0000876 seconds, Stopping threads took: 0.0000224 seconds
[2019-12-09T02:46:29.731+0000][1][safepoint    ] Application time: 1.0000798 seconds
[2019-12-09T02:46:29.731+0000][1][safepoint    ] Entering safepoint region: Cleanup
[2019-12-09T02:46:29.731+0000][1][safepoint    ] Leaving safepoint region
[2019-12-09T02:46:29.731+0000][1][safepoint    ] Total time for which application threads were stopped: 0.0000947 seconds, Stopping threads took: 0.0000388 seconds
[2019-12-09T02:46:30.731+0000][1][safepoint    ] Application time: 1.0000798 seconds
[2019-12-09T02:46:30.731+0000][1][safepoint    ] Entering safepoint region: Cleanup
[2019-12-09T02:46:30.731+0000][1][safepoint    ] Leaving safepoint region
[2019-12-09T02:46:30.731+0000][1][safepoint    ] Total time for which application threads were stopped: 0.0000914 seconds, Stopping threads took: 0.0000334 seconds
[2019-12-09T02:46:31.731+0000][1][safepoint    ] Application time: 1.0000803 seconds
[2019-12-09T02:46:31.731+0000][1][safepoint    ] Entering safepoint region: Cleanup
[2019-12-09T02:46:31.732+0000][1][safepoint    ] Leaving safepoint region
[2019-12-09T02:46:31.732+0000][1][safepoint    ] Total time for which application threads were stopped: 0.0000926 seconds, Stopping threads took: 0.0000314 seconds
[2019-12-09T02:46:32.732+0000][1][safepoint    ] Application time: 1.0000798 seconds
[2019-12-09T02:46:32.732+0000][1][safepoint    ] Entering safepoint region: Cleanup
[2019-12-09T02:46:32.732+0000][1][safepoint    ] Leaving safepoint region
[2019-12-09T02:46:32.732+0000][1][safepoint    ] Total time for which application threads were stopped: 0.0001009 seconds, Stopping threads took: 0.0000420 seconds
[2019-12-09T02:46:33.732+0000][1][safepoint    ] Application time: 1.0000810 seconds
[2019-12-09T02:46:33.732+0000][1][safepoint    ] Entering safepoint region: Cleanup
[2019-12-09T02:46:33.732+0000][1][safepoint    ] Leaving safepoint region
[2019-12-09T02:46:33.732+0000][1][safepoint    ] Total time for which application threads were stopped: 0.0000878 seconds, Stopping threads took: 0.0000288 seconds
[2019-12-09T02:46:34.732+0000][1][safepoint    ] Application time: 1.0000803 seconds
[2019-12-09T02:46:34.732+0000][1][safepoint    ] Entering safepoint region: Cleanup
[2019-12-09T02:46:34.732+0000][1][safepoint    ] Leaving safepoint region
[2019-12-09T02:46:34.732+0000][1][safepoint    ] Total time for which application threads were stopped: 0.0000865 seconds, Stopping threads took: 0.0000303 seconds
[2019-12-09T02:46:35.732+0000][1][safepoint    ] Application time: 1.0000835 seconds
[2019-12-09T02:46:35.732+0000][1][safepoint    ] Entering safepoint region: Cleanup
[2019-12-09T02:46:35.732+0000][1][safepoint    ] Leaving safepoint region
[2019-12-09T02:46:35.732+0000][1][safepoint    ] Total time for which application threads were stopped: 0.0000847 seconds, Stopping threads took: 0.0000230 seconds
[2019-12-09T02:46:36.732+0000][1][safepoint    ] Application time: 1.0000818 seconds
[2019-12-09T02:46:36.733+0000][1][safepoint    ] Entering safepoint region: Cleanup
[2019-12-09T02:46:36.733+0000][1][safepoint    ] Leaving safepoint region
[2019-12-09T02:46:36.733+0000][1][safepoint    ] Total time for which application threads were stopped: 0.0000833 seconds, Stopping threads took: 0.0000213 seconds
[2019-12-09T02:46:37.733+0000][1][safepoint    ] Application time: 1.0000795 seconds
[2019-12-09T02:46:37.733+0000][1][safepoint    ] Entering safepoint region: Cleanup
[2019-12-09T02:46:37.733+0000][1][safepoint    ] Leaving safepoint region
[2019-12-09T02:46:37.733+0000][1][safepoint    ] Total time for which application threads were stopped: 0.0000833 seconds, Stopping threads took: 0.0000185 seconds
[2019-12-09T02:46:38.733+0000][1][safepoint    ] Application time: 1.0000829 seconds
[2019-12-09T02:46:38.733+0000][1][safepoint    ] Entering safepoint region: Cleanup
[2019-12-09T02:46:38.733+0000][1][safepoint    ] Leaving safepoint region
[2019-12-09T02:46:38.733+0000][1][safepoint    ] Total time for which application threads were stopped: 0.0000830 seconds, Stopping threads took: 0.0000232 seconds
[2019-12-09T02:46:39.733+0000][1][safepoint    ] Application time: 1.0000811 seconds
[2019-12-09T02:46:39.733+0000][1][safepoint    ] Entering safepoint region: Cleanup
[2019-12-09T02:46:39.733+0000][1][safepoint    ] Leaving safepoint region
[2019-12-09T02:46:39.733+0000][1][safepoint    ] Total time for which application threads were stopped: 0.0000855 seconds, Stopping threads took: 0.0000239 seconds
[2019-12-09T02:46:40.733+0000][1][safepoint    ] Application time: 1.0000824 seconds
[2019-12-09T02:46:40.733+0000][1][safepoint    ] Entering safepoint region: Cleanup
[2019-12-09T02:46:40.733+0000][1][safepoint    ] Leaving safepoint region
[2019-12-09T02:46:40.733+0000][1][safepoint    ] Total time for which application threads were stopped: 0.0000837 seconds, Stopping threads took: 0.0000232 seconds
[2019-12-09T02:46:41.734+0000][1][safepoint    ] Application time: 1.0000819 seconds
[2019-12-09T02:46:41.734+0000][1][safepoint    ] Entering safepoint region: Cleanup
[2019-12-09T02:46:41.734+0000][1][safepoint    ] Leaving safepoint region
[2019-12-09T02:46:41.734+0000][1][safepoint    ] Total time for which application threads were stopped: 0.0000805 seconds, Stopping threads took: 0.0000201 seconds
[2019-12-09T02:46:42.734+0000][1][safepoint    ] Application time: 1.0000806 seconds
[2019-12-09T02:46:42.734+0000][1][safepoint    ] Entering safepoint region: Cleanup
[2019-12-09T02:46:42.734+0000][1][safepoint    ] Leaving safepoint region
[2019-12-09T02:46:42.734+0000][1][safepoint    ] Total time for which application threads were stopped: 0.0000902 seconds, Stopping threads took: 0.0000259 seconds
[2019-12-09T02:46:43.734+0000][1][safepoint    ] Application time: 1.0000794 seconds
[2019-12-09T02:46:43.734+0000][1][safepoint    ] Entering safepoint region: Cleanup
[2019-12-09T02:46:43.734+0000][1][safepoint    ] Leaving safepoint region
[2019-12-09T02:46:43.734+0000][1][safepoint    ] Total time for which application threads were stopped: 0.0000899 seconds, Stopping threads took: 0.0000325 seconds
[2019-12-09T02:46:44.734+0000][1][safepoint    ] Application time: 1.0000809 seconds
[2019-12-09T02:46:44.734+0000][1][safepoint    ] Entering safepoint region: Cleanup
[2019-12-09T02:46:44.734+0000][1][safepoint    ] Leaving safepoint region
[2019-12-09T02:46:44.734+0000][1][safepoint    ] Total time for which application threads were stopped: 0.0000990 seconds, Stopping threads took: 0.0000384 seconds
[2019-12-09T02:46:45.734+0000][1][safepoint    ] Application time: 1.0000804 seconds
[2019-12-09T02:46:45.734+0000][1][safepoint    ] Entering safepoint region: Cleanup
[2019-12-09T02:46:45.735+0000][1][safepoint    ] Leaving safepoint region
[2019-12-09T02:46:45.735+0000][1][safepoint    ] Total time for which application threads were stopped: 0.0000900 seconds, Stopping threads took: 0.0000319 seconds
[2019-12-09T02:46:46.735+0000][1][safepoint    ] Application time: 1.0000797 seconds
[2019-12-09T02:46:46.735+0000][1][safepoint    ] Entering safepoint region: Cleanup
[2019-12-09T02:46:46.735+0000][1][safepoint    ] Leaving safepoint region
[2019-12-09T02:46:46.735+0000][1][safepoint    ] Total time for which application threads were stopped: 0.0000981 seconds, Stopping threads took: 0.0000307 seconds
[2019-12-09T02:46:47.735+0000][1][safepoint    ] Application time: 1.0000793 seconds
[2019-12-09T02:46:47.735+0000][1][safepoint    ] Entering safepoint region: Cleanup
[2019-12-09T02:46:47.735+0000][1][safepoint    ] Leaving safepoint region
[2019-12-09T02:46:47.735+0000][1][safepoint    ] Total time for which application threads were stopped: 0.0000882 seconds, Stopping threads took: 0.0000334 seconds
[2019-12-09T02:46:48.735+0000][1][safepoint    ] Application time: 1.0000839 seconds
[2019-12-09T02:46:48.735+0000][1][safepoint    ] Entering safepoint region: Cleanup
[2019-12-09T02:46:48.735+0000][1][safepoint    ] Leaving safepoint region
[2019-12-09T02:46:48.735+0000][1][safepoint    ] Total time for which application threads were stopped: 0.0000805 seconds, Stopping threads took: 0.0000228 seconds
[2019-12-09T02:46:49.735+0000][1][safepoint    ] Application time: 1.0000800 seconds
[2019-12-09T02:46:49.735+0000][1][safepoint    ] Entering safepoint region: Cleanup
[2019-12-09T02:46:49.735+0000][1][safepoint    ] Leaving safepoint region
[2019-12-09T02:46:49.735+0000][1][safepoint    ] Total time for which application threads were stopped: 0.0000980 seconds, Stopping threads took: 0.0000416 seconds
[2019-12-09T02:46:50.735+0000][1][safepoint    ] Application time: 1.0000790 seconds
[2019-12-09T02:46:50.736+0000][1][safepoint    ] Entering safepoint region: Cleanup
[2019-12-09T02:46:50.736+0000][1][safepoint    ] Leaving safepoint region
[2019-12-09T02:46:50.736+0000][1][safepoint    ] Total time for which application threads were stopped: 0.0000919 seconds, Stopping threads took: 0.0000344 seconds
[2019-12-09T02:46:51.736+0000][1][safepoint    ] Application time: 1.0000899 seconds
[2019-12-09T02:46:51.736+0000][1][safepoint    ] Entering safepoint region: Cleanup
[2019-12-09T02:46:51.736+0000][1][safepoint    ] Leaving safepoint region
[2019-12-09T02:46:51.736+0000][1][safepoint    ] Total time for which application threads were stopped: 0.0000795 seconds, Stopping threads took: 0.0000198 seconds
[2019-12-09T02:46:52.736+0000][1][safepoint    ] Application time: 1.0000806 seconds
[2019-12-09T02:46:52.736+0000][1][safepoint    ] Entering safepoint region: Cleanup
[2019-12-09T02:46:52.736+0000][1][safepoint    ] Leaving safepoint region
[2019-12-09T02:46:52.736+0000][1][safepoint    ] Total time for which application threads were stopped: 0.0000788 seconds, Stopping threads took: 0.0000227 seconds
[2019-12-09T02:46:53.736+0000][1][safepoint    ] Application time: 1.0000823 seconds
[2019-12-09T02:46:53.736+0000][1][safepoint    ] Entering safepoint region: Cleanup
[2019-12-09T02:46:53.736+0000][1][safepoint    ] Leaving safepoint region
[2019-12-09T02:46:53.736+0000][1][safepoint    ] Total time for which application threads were stopped: 0.0000811 seconds, Stopping threads took: 0.0000221 seconds
[2019-12-09T02:46:54.736+0000][1][safepoint    ] Application time: 1.0000805 seconds
[2019-12-09T02:46:54.736+0000][1][safepoint    ] Entering safepoint region: Cleanup
[2019-12-09T02:46:54.736+0000][1][safepoint    ] Leaving safepoint region
[2019-12-09T02:46:54.736+0000][1][safepoint    ] Total time for which application threads were stopped: 0.0000950 seconds, Stopping threads took: 0.0000309 seconds
[2019-12-09T02:46:55.737+0000][1][safepoint    ] Application time: 1.0000815 seconds
[2019-12-09T02:46:55.737+0000][1][safepoint    ] Entering safepoint region: Cleanup
[2019-12-09T02:46:55.737+0000][1][safepoint    ] Leaving safepoint region
[2019-12-09T02:46:55.737+0000][1][safepoint    ] Total time for which application threads were stopped: 0.0000858 seconds, Stopping threads took: 0.0000239 seconds
[2019-12-09T02:46:56.737+0000][1][safepoint    ] Application time: 1.0000460 seconds
[2019-12-09T02:46:56.737+0000][1][safepoint    ] Entering safepoint region: Cleanup
[2019-12-09T02:46:56.737+0000][1][safepoint    ] Leaving safepoint region
[2019-12-09T02:46:56.737+0000][1][safepoint    ] Total time for which application threads were stopped: 0.0000954 seconds, Stopping threads took: 0.0000177 seconds
[2019-12-09T02:46:57.737+0000][1][safepoint    ] Application time: 1.0000802 seconds
[2019-12-09T02:46:57.737+0000][1][safepoint    ] Entering safepoint region: Cleanup
[2019-12-09T02:46:57.737+0000][1][safepoint    ] Leaving safepoint region
[2019-12-09T02:46:57.737+0000][1][safepoint    ] Total time for which application threads were stopped: 0.0000802 seconds, Stopping threads took: 0.0000241 seconds
[2019-12-09T02:46:58.737+0000][1][safepoint    ] Application time: 1.0000800 seconds
[2019-12-09T02:46:58.737+0000][1][safepoint    ] Entering safepoint region: Cleanup
[2019-12-09T02:46:58.737+0000][1][safepoint    ] Leaving safepoint region
[2019-12-09T02:46:58.737+0000][1][safepoint    ] Total time for which application threads were stopped: 0.0000886 seconds, Stopping threads took: 0.0000313 seconds
[2019-12-09T02:46:59.737+0000][1][safepoint    ] Application time: 1.0000843 seconds
[2019-12-09T02:46:59.737+0000][1][safepoint    ] Entering safepoint region: Cleanup
[2019-12-09T02:46:59.737+0000][1][safepoint    ] Leaving safepoint region
[2019-12-09T02:46:59.737+0000][1][safepoint    ] Total time for which application threads were stopped: 0.0000936 seconds, Stopping threads took: 0.0000309 seconds
[2019-12-09T02:47:00.738+0000][1][safepoint    ] Application time: 1.0000853 seconds
[2019-12-09T02:47:00.738+0000][1][safepoint    ] Entering safepoint region: Cleanup
[2019-12-09T02:47:00.738+0000][1][safepoint    ] Leaving safepoint region
[2019-12-09T02:47:00.738+0000][1][safepoint    ] Total time for which application threads were stopped: 0.0000984 seconds, Stopping threads took: 0.0000234 seconds
[2019-12-09T02:47:01.738+0000][1][safepoint    ] Application time: 1.0000591 seconds
[2019-12-09T02:47:01.738+0000][1][safepoint    ] Entering safepoint region: Cleanup
[2019-12-09T02:47:01.738+0000][1][safepoint    ] Leaving safepoint region
[2019-12-09T02:47:01.738+0000][1][safepoint    ] Total time for which application threads were stopped: 0.0001080 seconds, Stopping threads took: 0.0000258 seconds
[2019-12-09T02:47:02.738+0000][1][safepoint    ] Application time: 1.0000755 seconds
[2019-12-09T02:47:02.738+0000][1][safepoint    ] Entering safepoint region: Cleanup
[2019-12-09T02:47:02.738+0000][1][safepoint    ] Leaving safepoint region
[2019-12-09T02:47:02.738+0000][1][safepoint    ] Total time for which application threads were stopped: 0.0000840 seconds, Stopping threads took: 0.0000174 seconds
[2019-12-09T02:47:03.738+0000][1][safepoint    ] Application time: 1.0000744 seconds
[2019-12-09T02:47:03.738+0000][1][safepoint    ] Entering safepoint region: Cleanup
[2019-12-09T02:47:03.738+0000][1][safepoint    ] Leaving safepoint region
[2019-12-09T02:47:03.738+0000][1][safepoint    ] Total time for which application threads were stopped: 0.0001110 seconds, Stopping threads took: 0.0000566 seconds
[2019-12-09T02:47:04.738+0000][1][safepoint    ] Application time: 1.0000802 seconds
[2019-12-09T02:47:04.739+0000][1][safepoint    ] Entering safepoint region: Cleanup
[2019-12-09T02:47:04.739+0000][1][safepoint    ] Leaving safepoint region
[2019-12-09T02:47:04.739+0000][1][safepoint    ] Total time for which application threads were stopped: 0.0000869 seconds, Stopping threads took: 0.0000305 seconds
[2019-12-09T02:47:05.739+0000][1][safepoint    ] Application time: 1.0000923 seconds
[2019-12-09T02:47:05.739+0000][1][safepoint    ] Entering safepoint region: Cleanup
[2019-12-09T02:47:05.739+0000][1][safepoint    ] Leaving safepoint region
[2019-12-09T02:47:05.739+0000][1][safepoint    ] Total time for which application threads were stopped: 0.0000815 seconds, Stopping threads took: 0.0000226 seconds
[2019-12-09T02:47:06.739+0000][1][safepoint    ] Application time: 1.0000796 seconds
[2019-12-09T02:47:06.739+0000][1][safepoint    ] Entering safepoint region: Cleanup
[2019-12-09T02:47:06.739+0000][1][safepoint    ] Leaving safepoint region
[2019-12-09T02:47:06.739+0000][1][safepoint    ] Total time for which application threads were stopped: 0.0000882 seconds, Stopping threads took: 0.0000311 seconds
[2019-12-09T02:47:07.739+0000][1][safepoint    ] Application time: 1.0000839 seconds
[2019-12-09T02:47:07.739+0000][1][safepoint    ] Entering safepoint region: Cleanup
[2019-12-09T02:47:07.739+0000][1][safepoint    ] Leaving safepoint region
[2019-12-09T02:47:07.739+0000][1][safepoint    ] Total time for which application threads were stopped: 0.0000791 seconds, Stopping threads took: 0.0000184 seconds
[2019-12-09T02:47:08.739+0000][1][safepoint    ] Application time: 1.0000841 seconds
[2019-12-09T02:47:08.739+0000][1][safepoint    ] Entering safepoint region: Cleanup
[2019-12-09T02:47:08.739+0000][1][safepoint    ] Leaving safepoint region
[2019-12-09T02:47:08.739+0000][1][safepoint    ] Total time for which application threads were stopped: 0.0000787 seconds, Stopping threads took: 0.0000237 seconds
[2019-12-09T02:47:09.740+0000][1][safepoint    ] Application time: 1.0000839 seconds
[2019-12-09T02:47:09.740+0000][1][safepoint    ] Entering safepoint region: Cleanup
[2019-12-09T02:47:09.740+0000][1][safepoint    ] Leaving safepoint region
[2019-12-09T02:47:09.740+0000][1][safepoint    ] Total time for which application threads were stopped: 0.0000827 seconds, Stopping threads took: 0.0000224 seconds
[2019-12-09T02:47:10.740+0000][1][safepoint    ] Application time: 1.0000924 seconds
[2019-12-09T02:47:10.740+0000][1][safepoint    ] Entering safepoint region: Cleanup
[2019-12-09T02:47:10.740+0000][1][safepoint    ] Leaving safepoint region
[2019-12-09T02:47:10.740+0000][1][safepoint    ] Total time for which application threads were stopped: 0.0000916 seconds, Stopping threads took: 0.0000335 seconds
[2019-12-09T02:47:11.740+0000][1][safepoint    ] Application time: 1.0000804 seconds
[2019-12-09T02:47:11.740+0000][1][safepoint    ] Entering safepoint region: Cleanup
[2019-12-09T02:47:11.740+0000][1][safepoint    ] Leaving safepoint region
[2019-12-09T02:47:11.740+0000][1][safepoint    ] Total time for which application threads were stopped: 0.0000818 seconds, Stopping threads took: 0.0000219 seconds
[2019-12-09T02:47:12.740+0000][1][safepoint    ] Application time: 1.0000824 seconds
[2019-12-09T02:47:12.740+0000][1][safepoint    ] Entering safepoint region: Cleanup
[2019-12-09T02:47:12.740+0000][1][safepoint    ] Leaving safepoint region
[2019-12-09T02:47:12.740+0000][1][safepoint    ] Total time for which application threads were stopped: 0.0000790 seconds, Stopping threads took: 0.0000233 seconds
[2019-12-09T02:47:13.740+0000][1][safepoint    ] Application time: 1.0000823 seconds
[2019-12-09T02:47:13.740+0000][1][safepoint    ] Entering safepoint region: Cleanup
[2019-12-09T02:47:13.740+0000][1][safepoint    ] Leaving safepoint region
[2019-12-09T02:47:13.741+0000][1][safepoint    ] Total time for which application threads were stopped: 0.0000799 seconds, Stopping threads took: 0.0000207 seconds
[2019-12-09T02:47:14.741+0000][1][safepoint    ] Application time: 1.0000846 seconds
[2019-12-09T02:47:14.741+0000][1][safepoint    ] Entering safepoint region: Cleanup
[2019-12-09T02:47:14.741+0000][1][safepoint    ] Leaving safepoint region
[2019-12-09T02:47:14.741+0000][1][safepoint    ] Total time for which application threads were stopped: 0.0000912 seconds, Stopping threads took: 0.0000230 seconds
[2019-12-09T02:47:15.741+0000][1][safepoint    ] Application time: 1.0000798 seconds
[2019-12-09T02:47:15.741+0000][1][safepoint    ] Entering safepoint region: Cleanup
[2019-12-09T02:47:15.741+0000][1][safepoint    ] Leaving safepoint region
[2019-12-09T02:47:15.741+0000][1][safepoint    ] Total time for which application threads were stopped: 0.0000906 seconds, Stopping threads took: 0.0000336 seconds
[2019-12-09T02:47:16.741+0000][1][safepoint    ] Application time: 1.0000809 seconds
[2019-12-09T02:47:16.741+0000][1][safepoint    ] Entering safepoint region: Cleanup
[2019-12-09T02:47:16.741+0000][1][safepoint    ] Leaving safepoint region
[2019-12-09T02:47:16.741+0000][1][safepoint    ] Total time for which application threads were stopped: 0.0000834 seconds, Stopping threads took: 0.0000201 seconds
[2019-12-09T02:47:17.741+0000][1][safepoint    ] Application time: 1.0000812 seconds
[2019-12-09T02:47:17.741+0000][1][safepoint    ] Entering safepoint region: Cleanup
[2019-12-09T02:47:17.741+0000][1][safepoint    ] Leaving safepoint region
[2019-12-09T02:47:17.741+0000][1][safepoint    ] Total time for which application threads were stopped: 0.0000920 seconds, Stopping threads took: 0.0000382 seconds
[2019-12-09T02:47:18.741+0000][1][safepoint    ] Application time: 1.0000825 seconds
[2019-12-09T02:47:18.742+0000][1][safepoint    ] Entering safepoint region: Cleanup
[2019-12-09T02:47:18.742+0000][1][safepoint    ] Leaving safepoint region
[2019-12-09T02:47:18.742+0000][1][safepoint    ] Total time for which application threads were stopped: 0.0000853 seconds, Stopping threads took: 0.0000306 seconds
[2019-12-09T02:47:19.742+0000][1][safepoint    ] Application time: 1.0000805 seconds
[2019-12-09T02:47:19.742+0000][1][safepoint    ] Entering safepoint region: Cleanup
[2019-12-09T02:47:19.742+0000][1][safepoint    ] Leaving safepoint region
[2019-12-09T02:47:19.742+0000][1][safepoint    ] Total time for which application threads were stopped: 0.0001221 seconds, Stopping threads took: 0.0000642 seconds
[2019-12-09T02:47:20.742+0000][1][safepoint    ] Application time: 1.0000887 seconds
[2019-12-09T02:47:20.742+0000][1][safepoint    ] Entering safepoint region: Cleanup
[2019-12-09T02:47:20.742+0000][1][safepoint    ] Leaving safepoint region
[2019-12-09T02:47:20.742+0000][1][safepoint    ] Total time for which application threads were stopped: 0.0000828 seconds, Stopping threads took: 0.0000230 seconds
[2019-12-09T02:47:21.742+0000][1][safepoint    ] Application time: 1.0000829 seconds
[2019-12-09T02:47:21.742+0000][1][safepoint    ] Entering safepoint region: Cleanup
[2019-12-09T02:47:21.742+0000][1][safepoint    ] Leaving safepoint region
[2019-12-09T02:47:21.742+0000][1][safepoint    ] Total time for which application threads were stopped: 0.0001229 seconds, Stopping threads took: 0.0000633 seconds
[2019-12-09T02:47:22.742+0000][1][safepoint    ] Application time: 1.0000812 seconds
[2019-12-09T02:47:22.742+0000][1][safepoint    ] Entering safepoint region: Cleanup
[2019-12-09T02:47:22.743+0000][1][safepoint    ] Leaving safepoint region
[2019-12-09T02:47:22.743+0000][1][safepoint    ] Total time for which application threads were stopped: 0.0001002 seconds, Stopping threads took: 0.0000452 seconds
[2019-12-09T02:47:23.743+0000][1][safepoint    ] Application time: 1.0000826 seconds
[2019-12-09T02:47:23.743+0000][1][safepoint    ] Entering safepoint region: Cleanup
[2019-12-09T02:47:23.743+0000][1][safepoint    ] Leaving safepoint region
[2019-12-09T02:47:23.743+0000][1][safepoint    ] Total time for which application threads were stopped: 0.0000786 seconds, Stopping threads took: 0.0000233 seconds
[2019-12-09T02:47:24.743+0000][1][safepoint    ] Application time: 1.0000827 seconds
[2019-12-09T02:47:24.743+0000][1][safepoint    ] Entering safepoint region: Cleanup
[2019-12-09T02:47:24.743+0000][1][safepoint    ] Leaving safepoint region
[2019-12-09T02:47:24.743+0000][1][safepoint    ] Total time for which application threads were stopped: 0.0000800 seconds, Stopping threads took: 0.0000225 seconds
[2019-12-09T02:47:25.743+0000][1][safepoint    ] Application time: 1.0000811 seconds
[2019-12-09T02:47:25.743+0000][1][safepoint    ] Entering safepoint region: Cleanup
[2019-12-09T02:47:25.743+0000][1][safepoint    ] Leaving safepoint region
[2019-12-09T02:47:25.743+0000][1][safepoint    ] Total time for which application threads were stopped: 0.0000798 seconds, Stopping threads took: 0.0000237 seconds
[2019-12-09T02:47:26.743+0000][1][safepoint    ] Application time: 1.0000820 seconds
[2019-12-09T02:47:26.743+0000][1][safepoint    ] Entering safepoint region: Cleanup
[2019-12-09T02:47:26.743+0000][1][safepoint    ] Leaving safepoint region
[2019-12-09T02:47:26.743+0000][1][safepoint    ] Total time for which application threads were stopped: 0.0000861 seconds, Stopping threads took: 0.0000282 seconds
[2019-12-09T02:47:27.743+0000][1][safepoint    ] Application time: 1.0000808 seconds
[2019-12-09T02:47:27.744+0000][1][safepoint    ] Entering safepoint region: Cleanup
[2019-12-09T02:47:27.744+0000][1][safepoint    ] Leaving safepoint region
[2019-12-09T02:47:27.744+0000][1][safepoint    ] Total time for which application threads were stopped: 0.0000933 seconds, Stopping threads took: 0.0000320 seconds
[2019-12-09T02:47:28.744+0000][1][safepoint    ] Application time: 1.0000818 seconds
[2019-12-09T02:47:28.744+0000][1][safepoint    ] Entering safepoint region: Cleanup
[2019-12-09T02:47:28.744+0000][1][safepoint    ] Leaving safepoint region
[2019-12-09T02:47:28.744+0000][1][safepoint    ] Total time for which application threads were stopped: 0.0000888 seconds, Stopping threads took: 0.0000209 seconds
[2019-12-09T02:47:29.744+0000][1][safepoint    ] Application time: 1.0000807 seconds
[2019-12-09T02:47:29.744+0000][1][safepoint    ] Entering safepoint region: Cleanup
[2019-12-09T02:47:29.744+0000][1][safepoint    ] Leaving safepoint region
[2019-12-09T02:47:29.744+0000][1][safepoint    ] Total time for which application threads were stopped: 0.0000808 seconds, Stopping threads took: 0.0000234 seconds
[2019-12-09T02:47:30.744+0000][1][safepoint    ] Application time: 1.0000827 seconds
[2019-12-09T02:47:30.744+0000][1][safepoint    ] Entering safepoint region: Cleanup
[2019-12-09T02:47:30.744+0000][1][safepoint    ] Leaving safepoint region
[2019-12-09T02:47:30.744+0000][1][safepoint    ] Total time for which application threads were stopped: 0.0000795 seconds, Stopping threads took: 0.0000206 seconds
[2019-12-09T02:47:31.744+0000][1][safepoint    ] Application time: 1.0000819 seconds
[2019-12-09T02:47:31.744+0000][1][safepoint    ] Entering safepoint region: Cleanup
[2019-12-09T02:47:31.744+0000][1][safepoint    ] Leaving safepoint region
[2019-12-09T02:47:31.744+0000][1][safepoint    ] Total time for which application threads were stopped: 0.0000861 seconds, Stopping threads took: 0.0000292 seconds
[2019-12-09T02:47:32.745+0000][1][safepoint    ] Application time: 1.0000820 seconds
[2019-12-09T02:47:32.745+0000][1][safepoint    ] Entering safepoint region: Cleanup
[2019-12-09T02:47:32.745+0000][1][safepoint    ] Leaving safepoint region
[2019-12-09T02:47:32.745+0000][1][safepoint    ] Total time for which application threads were stopped: 0.0000815 seconds, Stopping threads took: 0.0000251 seconds
[2019-12-09T02:47:33.745+0000][1][safepoint    ] Application time: 1.0000813 seconds
[2019-12-09T02:47:33.745+0000][1][safepoint    ] Entering safepoint region: Cleanup
[2019-12-09T02:47:33.745+0000][1][safepoint    ] Leaving safepoint region
[2019-12-09T02:47:33.745+0000][1][safepoint    ] Total time for which application threads were stopped: 0.0000902 seconds, Stopping threads took: 0.0000290 seconds
[2019-12-09T02:47:34.745+0000][1][safepoint    ] Application time: 1.0000794 seconds
[2019-12-09T02:47:34.745+0000][1][safepoint    ] Entering safepoint region: Cleanup
[2019-12-09T02:47:34.745+0000][1][safepoint    ] Leaving safepoint region
[2019-12-09T02:47:34.745+0000][1][safepoint    ] Total time for which application threads were stopped: 0.0000967 seconds, Stopping threads took: 0.0000389 seconds
[2019-12-09T02:47:35.745+0000][1][safepoint    ] Application time: 1.0000803 seconds
[2019-12-09T02:47:35.745+0000][1][safepoint    ] Entering safepoint region: Cleanup
[2019-12-09T02:47:35.745+0000][1][safepoint    ] Leaving safepoint region
[2019-12-09T02:47:35.745+0000][1][safepoint    ] Total time for which application threads were stopped: 0.0000876 seconds, Stopping threads took: 0.0000327 seconds
[2019-12-09T02:47:36.745+0000][1][safepoint    ] Application time: 1.0000825 seconds
[2019-12-09T02:47:36.745+0000][1][safepoint    ] Entering safepoint region: Cleanup
[2019-12-09T02:47:36.746+0000][1][safepoint    ] Leaving safepoint region
[2019-12-09T02:47:36.746+0000][1][safepoint    ] Total time for which application threads were stopped: 0.0000801 seconds, Stopping threads took: 0.0000206 seconds
[2019-12-09T02:47:37.746+0000][1][safepoint    ] Application time: 1.0000820 seconds
[2019-12-09T02:47:37.746+0000][1][safepoint    ] Entering safepoint region: Cleanup
[2019-12-09T02:47:37.746+0000][1][safepoint    ] Leaving safepoint region
[2019-12-09T02:47:37.746+0000][1][safepoint    ] Total time for which application threads were stopped: 0.0000945 seconds, Stopping threads took: 0.0000315 seconds
[2019-12-09T02:47:38.746+0000][1][safepoint    ] Application time: 1.0000818 seconds
[2019-12-09T02:47:38.746+0000][1][safepoint    ] Entering safepoint region: Cleanup
[2019-12-09T02:47:38.746+0000][1][safepoint    ] Leaving safepoint region
[2019-12-09T02:47:38.746+0000][1][safepoint    ] Total time for which application threads were stopped: 0.0000895 seconds, Stopping threads took: 0.0000322 seconds
[2019-12-09T02:47:39.746+0000][1][safepoint    ] Application time: 1.0000803 seconds
[2019-12-09T02:47:39.746+0000][1][safepoint    ] Entering safepoint region: Cleanup
[2019-12-09T02:47:39.746+0000][1][safepoint    ] Leaving safepoint region
[2019-12-09T02:47:39.746+0000][1][safepoint    ] Total time for which application threads were stopped: 0.0000871 seconds, Stopping threads took: 0.0000298 seconds
[2019-12-09T02:47:40.746+0000][1][safepoint    ] Application time: 1.0000803 seconds
[2019-12-09T02:47:40.746+0000][1][safepoint    ] Entering safepoint region: Cleanup
[2019-12-09T02:47:40.746+0000][1][safepoint    ] Leaving safepoint region
[2019-12-09T02:47:40.746+0000][1][safepoint    ] Total time for which application threads were stopped: 0.0000905 seconds, Stopping threads took: 0.0000331 seconds
[2019-12-09T02:47:41.746+0000][1][safepoint    ] Application time: 1.0000802 seconds
[2019-12-09T02:47:41.747+0000][1][safepoint    ] Entering safepoint region: Cleanup
[2019-12-09T02:47:41.747+0000][1][safepoint    ] Leaving safepoint region
[2019-12-09T02:47:41.747+0000][1][safepoint    ] Total time for which application threads were stopped: 0.0000846 seconds, Stopping threads took: 0.0000161 seconds
[2019-12-09T02:47:42.747+0000][1][safepoint    ] Application time: 1.0000814 seconds
[2019-12-09T02:47:42.747+0000][1][safepoint    ] Entering safepoint region: Cleanup
[2019-12-09T02:47:42.747+0000][1][safepoint    ] Leaving safepoint region
[2019-12-09T02:47:42.747+0000][1][safepoint    ] Total time for which application threads were stopped: 0.0001208 seconds, Stopping threads took: 0.0000624 seconds
[2019-12-09T02:47:43.747+0000][1][safepoint    ] Application time: 1.0000860 seconds
[2019-12-09T02:47:43.747+0000][1][safepoint    ] Entering safepoint region: Cleanup
[2019-12-09T02:47:43.747+0000][1][safepoint    ] Leaving safepoint region
[2019-12-09T02:47:43.747+0000][1][safepoint    ] Total time for which application threads were stopped: 0.0000762 seconds, Stopping threads took: 0.0000223 seconds
[2019-12-09T02:47:44.747+0000][1][safepoint    ] Application time: 1.0000826 seconds
[2019-12-09T02:47:44.747+0000][1][safepoint    ] Entering safepoint region: Cleanup
[2019-12-09T02:47:44.747+0000][1][safepoint    ] Leaving safepoint region
[2019-12-09T02:47:44.747+0000][1][safepoint    ] Total time for which application threads were stopped: 0.0001228 seconds, Stopping threads took: 0.0000684 seconds
[2019-12-09T02:47:45.747+0000][1][safepoint    ] Application time: 1.0000718 seconds
[2019-12-09T02:47:45.747+0000][1][safepoint    ] Entering safepoint region: Cleanup
[2019-12-09T02:47:45.748+0000][1][safepoint    ] Leaving safepoint region
[2019-12-09T02:47:45.748+0000][1][safepoint    ] Total time for which application threads were stopped: 0.0001151 seconds, Stopping threads took: 0.0000474 seconds
[2019-12-09T02:47:47.398+0000][1][safepoint    ] Application time: 1.6505936 seconds
[2019-12-09T02:47:47.398+0000][1][safepoint    ] Entering safepoint region: Cleanup
[2019-12-09T02:47:47.398+0000][1][safepoint    ] Leaving safepoint region
[2019-12-09T02:47:47.398+0000][1][safepoint    ] Total time for which application threads were stopped: 0.0001259 seconds, Stopping threads took: 0.0000528 seconds
[2019-12-09T02:47:48.398+0000][1][safepoint    ] Application time: 1.0000833 seconds
[2019-12-09T02:47:48.398+0000][1][safepoint    ] Entering safepoint region: Cleanup
[2019-12-09T02:47:48.399+0000][1][safepoint    ] Leaving safepoint region
[2019-12-09T02:47:48.399+0000][1][safepoint    ] Total time for which application threads were stopped: 0.0000740 seconds, Stopping threads took: 0.0000234 seconds
[2019-12-09T02:47:49.399+0000][1][safepoint    ] Application time: 1.0000746 seconds
[2019-12-09T02:47:49.399+0000][1][safepoint    ] Entering safepoint region: Cleanup
[2019-12-09T02:47:49.399+0000][1][safepoint    ] Leaving safepoint region
[2019-12-09T02:47:49.399+0000][1][safepoint    ] Total time for which application threads were stopped: 0.0000810 seconds, Stopping threads took: 0.0000163 seconds
[2019-12-09T02:47:50.399+0000][1][safepoint    ] Application time: 1.0000735 seconds
[2019-12-09T02:47:50.399+0000][1][safepoint    ] Entering safepoint region: Cleanup
[2019-12-09T02:47:50.399+0000][1][safepoint    ] Leaving safepoint region
[2019-12-09T02:47:50.399+0000][1][safepoint    ] Total time for which application threads were stopped: 0.0000681 seconds, Stopping threads took: 0.0000171 seconds
[2019-12-09T02:47:51.399+0000][1][safepoint    ] Application time: 1.0000726 seconds
[2019-12-09T02:47:51.399+0000][1][safepoint    ] Entering safepoint region: Cleanup
[2019-12-09T02:47:51.399+0000][1][safepoint    ] Leaving safepoint region
[2019-12-09T02:47:51.399+0000][1][safepoint    ] Total time for which application threads were stopped: 0.0000697 seconds, Stopping threads took: 0.0000170 seconds
[2019-12-09T02:47:52.399+0000][1][safepoint    ] Application time: 1.0000721 seconds
[2019-12-09T02:47:52.399+0000][1][safepoint    ] Entering safepoint region: Cleanup
[2019-12-09T02:47:52.399+0000][1][safepoint    ] Leaving safepoint region
[2019-12-09T02:47:52.399+0000][1][safepoint    ] Total time for which application threads were stopped: 0.0000701 seconds, Stopping threads took: 0.0000160 seconds
[2019-12-09T02:47:53.399+0000][1][safepoint    ] Application time: 1.0000737 seconds
[2019-12-09T02:47:53.399+0000][1][safepoint    ] Entering safepoint region: Cleanup
[2019-12-09T02:47:53.399+0000][1][safepoint    ] Leaving safepoint region
[2019-12-09T02:47:53.399+0000][1][safepoint    ] Total time for which application threads were stopped: 0.0000778 seconds, Stopping threads took: 0.0000171 seconds
[2019-12-09T02:47:54.400+0000][1][safepoint    ] Application time: 1.0000732 seconds
[2019-12-09T02:47:54.400+0000][1][safepoint    ] Entering safepoint region: Cleanup
[2019-12-09T02:47:54.400+0000][1][safepoint    ] Leaving safepoint region
[2019-12-09T02:47:54.400+0000][1][safepoint    ] Total time for which application threads were stopped: 0.0000691 seconds, Stopping threads took: 0.0000156 seconds
[2019-12-09T02:47:55.400+0000][1][safepoint    ] Application time: 1.0000734 seconds
[2019-12-09T02:47:55.400+0000][1][safepoint    ] Entering safepoint region: Cleanup
[2019-12-09T02:47:55.400+0000][1][safepoint    ] Leaving safepoint region
[2019-12-09T02:47:55.400+0000][1][safepoint    ] Total time for which application threads were stopped: 0.0000676 seconds, Stopping threads took: 0.0000167 seconds
[2019-12-09T02:47:56.400+0000][1][safepoint    ] Application time: 1.0000742 seconds
[2019-12-09T02:47:56.400+0000][1][safepoint    ] Entering safepoint region: Cleanup
[2019-12-09T02:47:56.400+0000][1][safepoint    ] Leaving safepoint region
[2019-12-09T02:47:56.400+0000][1][safepoint    ] Total time for which application threads were stopped: 0.0000722 seconds, Stopping threads took: 0.0000181 seconds
[2019-12-09T02:47:57.400+0000][1][safepoint    ] Application time: 1.0000740 seconds
[2019-12-09T02:47:57.400+0000][1][safepoint    ] Entering safepoint region: Cleanup
[2019-12-09T02:47:57.400+0000][1][safepoint    ] Leaving safepoint region
[2019-12-09T02:47:57.400+0000][1][safepoint    ] Total time for which application threads were stopped: 0.0000778 seconds, Stopping threads took: 0.0000170 seconds
[2019-12-09T02:47:58.400+0000][1][safepoint    ] Application time: 1.0000756 seconds
[2019-12-09T02:47:58.400+0000][1][safepoint    ] Entering safepoint region: Cleanup
[2019-12-09T02:47:58.400+0000][1][safepoint    ] Leaving safepoint region
[2019-12-09T02:47:58.400+0000][1][safepoint    ] Total time for which application threads were stopped: 0.0000908 seconds, Stopping threads took: 0.0000166 seconds
[2019-12-09T02:47:59.401+0000][1][safepoint    ] Application time: 1.0000812 seconds
[2019-12-09T02:47:59.401+0000][1][safepoint    ] Entering safepoint region: Cleanup
[2019-12-09T02:47:59.401+0000][1][safepoint    ] Leaving safepoint region
[2019-12-09T02:47:59.401+0000][1][safepoint    ] Total time for which application threads were stopped: 0.0000726 seconds, Stopping threads took: 0.0000158 seconds
[2019-12-09T02:48:00.401+0000][1][safepoint    ] Application time: 1.0000845 seconds
[2019-12-09T02:48:00.401+0000][1][safepoint    ] Entering safepoint region: Cleanup
[2019-12-09T02:48:00.401+0000][1][safepoint    ] Leaving safepoint region
[2019-12-09T02:48:00.401+0000][1][safepoint    ] Total time for which application threads were stopped: 0.0000698 seconds, Stopping threads took: 0.0000169 seconds
[2019-12-09T02:48:01.401+0000][1][safepoint    ] Application time: 1.0000769 seconds
[2019-12-09T02:48:01.401+0000][1][safepoint    ] Entering safepoint region: Cleanup
[2019-12-09T02:48:01.401+0000][1][safepoint    ] Leaving safepoint region
[2019-12-09T02:48:01.401+0000][1][safepoint    ] Total time for which application threads were stopped: 0.0000709 seconds, Stopping threads took: 0.0000169 seconds
[2019-12-09T02:48:02.401+0000][1][safepoint    ] Application time: 1.0000776 seconds
[2019-12-09T02:48:02.401+0000][1][safepoint    ] Entering safepoint region: Cleanup
[2019-12-09T02:48:02.401+0000][1][safepoint    ] Leaving safepoint region
[2019-12-09T02:48:02.401+0000][1][safepoint    ] Total time for which application threads were stopped: 0.0000649 seconds, Stopping threads took: 0.0000155 seconds
[2019-12-09T02:48:03.401+0000][1][safepoint    ] Application time: 1.0000782 seconds
[2019-12-09T02:48:03.401+0000][1][safepoint    ] Entering safepoint region: Cleanup
[2019-12-09T02:48:03.401+0000][1][safepoint    ] Leaving safepoint region
[2019-12-09T02:48:03.401+0000][1][safepoint    ] Total time for which application threads were stopped: 0.0000688 seconds, Stopping threads took: 0.0000163 seconds
[2019-12-09T02:48:04.401+0000][1][safepoint    ] Application time: 1.0000781 seconds
[2019-12-09T02:48:04.401+0000][1][safepoint    ] Entering safepoint region: Cleanup
[2019-12-09T02:48:04.402+0000][1][safepoint    ] Leaving safepoint region
[2019-12-09T02:48:04.402+0000][1][safepoint    ] Total time for which application threads were stopped: 0.0000741 seconds, Stopping threads took: 0.0000182 seconds
[2019-12-09T02:48:05.402+0000][1][safepoint    ] Application time: 1.0000803 seconds
[2019-12-09T02:48:05.402+0000][1][safepoint    ] Entering safepoint region: Cleanup
[2019-12-09T02:48:05.402+0000][1][safepoint    ] Leaving safepoint region
[2019-12-09T02:48:05.402+0000][1][safepoint    ] Total time for which application threads were stopped: 0.0000929 seconds, Stopping threads took: 0.0000265 seconds
[2019-12-09T02:48:06.402+0000][1][safepoint    ] Application time: 1.0000758 seconds
[2019-12-09T02:48:06.402+0000][1][safepoint    ] Entering safepoint region: Cleanup
[2019-12-09T02:48:06.402+0000][1][safepoint    ] Leaving safepoint region
[2019-12-09T02:48:06.402+0000][1][safepoint    ] Total time for which application threads were stopped: 0.0000721 seconds, Stopping threads took: 0.0000172 seconds
[2019-12-09T02:48:07.402+0000][1][safepoint    ] Application time: 1.0000747 seconds
[2019-12-09T02:48:07.402+0000][1][safepoint    ] Entering safepoint region: Cleanup
[2019-12-09T02:48:07.402+0000][1][safepoint    ] Leaving safepoint region
[2019-12-09T02:48:07.402+0000][1][safepoint    ] Total time for which application threads were stopped: 0.0000779 seconds, Stopping threads took: 0.0000168 seconds
[2019-12-09T02:48:08.402+0000][1][safepoint    ] Application time: 1.0000776 seconds
[2019-12-09T02:48:08.402+0000][1][safepoint    ] Entering safepoint region: Cleanup
[2019-12-09T02:48:08.402+0000][1][safepoint    ] Leaving safepoint region
[2019-12-09T02:48:08.402+0000][1][safepoint    ] Total time for which application threads were stopped: 0.0000802 seconds, Stopping threads took: 0.0000172 seconds
[2019-12-09T02:48:09.402+0000][1][safepoint    ] Application time: 1.0000757 seconds
[2019-12-09T02:48:09.402+0000][1][safepoint    ] Entering safepoint region: Cleanup
[2019-12-09T02:48:09.403+0000][1][safepoint    ] Leaving safepoint region
[2019-12-09T02:48:09.403+0000][1][safepoint    ] Total time for which application threads were stopped: 0.0000728 seconds, Stopping threads took: 0.0000174 seconds
[2019-12-09T02:48:10.403+0000][1][safepoint    ] Application time: 1.0000756 seconds
[2019-12-09T02:48:10.403+0000][1][safepoint    ] Entering safepoint region: Cleanup
[2019-12-09T02:48:10.403+0000][1][safepoint    ] Leaving safepoint region
[2019-12-09T02:48:10.403+0000][1][safepoint    ] Total time for which application threads were stopped: 0.0000915 seconds, Stopping threads took: 0.0000233 seconds
[2019-12-09T02:48:11.403+0000][1][safepoint    ] Application time: 1.0000745 seconds
[2019-12-09T02:48:11.403+0000][1][safepoint    ] Entering safepoint region: Cleanup
[2019-12-09T02:48:11.403+0000][1][safepoint    ] Leaving safepoint region
[2019-12-09T02:48:11.403+0000][1][safepoint    ] Total time for which application threads were stopped: 0.0000719 seconds, Stopping threads took: 0.0000170 seconds
[2019-12-09T02:48:12.403+0000][1][safepoint    ] Application time: 1.0000753 seconds
[2019-12-09T02:48:12.403+0000][1][safepoint    ] Entering safepoint region: Cleanup
[2019-12-09T02:48:12.403+0000][1][safepoint    ] Leaving safepoint region
[2019-12-09T02:48:12.403+0000][1][safepoint    ] Total time for which application threads were stopped: 0.0000698 seconds, Stopping threads took: 0.0000160 seconds
[2019-12-09T02:48:13.403+0000][1][safepoint    ] Application time: 1.0000773 seconds
[2019-12-09T02:48:13.403+0000][1][safepoint    ] Entering safepoint region: Cleanup
[2019-12-09T02:48:13.403+0000][1][safepoint    ] Leaving safepoint region
[2019-12-09T02:48:13.403+0000][1][safepoint    ] Total time for which application threads were stopped: 0.0000708 seconds, Stopping threads took: 0.0000176 seconds
[2019-12-09T02:48:14.403+0000][1][safepoint    ] Application time: 1.0000744 seconds
[2019-12-09T02:48:14.403+0000][1][safepoint    ] Entering safepoint region: Cleanup
[2019-12-09T02:48:14.403+0000][1][safepoint    ] Leaving safepoint region
[2019-12-09T02:48:14.403+0000][1][safepoint    ] Total time for which application threads were stopped: 0.0000852 seconds, Stopping threads took: 0.0000163 seconds
[2019-12-09T02:48:15.404+0000][1][safepoint    ] Application time: 1.0000772 seconds
[2019-12-09T02:48:15.404+0000][1][safepoint    ] Entering safepoint region: Cleanup
[2019-12-09T02:48:15.404+0000][1][safepoint    ] Leaving safepoint region
[2019-12-09T02:48:15.404+0000][1][safepoint    ] Total time for which application threads were stopped: 0.0000785 seconds, Stopping threads took: 0.0000175 seconds
[2019-12-09T02:48:16.404+0000][1][safepoint    ] Application time: 1.0000747 seconds
[2019-12-09T02:48:16.404+0000][1][safepoint    ] Entering safepoint region: Cleanup
[2019-12-09T02:48:16.404+0000][1][safepoint    ] Leaving safepoint region
[2019-12-09T02:48:16.404+0000][1][safepoint    ] Total time for which application threads were stopped: 0.0000688 seconds, Stopping threads took: 0.0000161 seconds
[2019-12-09T02:48:17.404+0000][1][safepoint    ] Application time: 1.0000749 seconds
[2019-12-09T02:48:17.404+0000][1][safepoint    ] Entering safepoint region: Cleanup
[2019-12-09T02:48:17.404+0000][1][safepoint    ] Leaving safepoint region
[2019-12-09T02:48:17.404+0000][1][safepoint    ] Total time for which application threads were stopped: 0.0000695 seconds, Stopping threads took: 0.0000174 seconds
[2019-12-09T02:48:18.404+0000][1][safepoint    ] Application time: 1.0000763 seconds
[2019-12-09T02:48:18.404+0000][1][safepoint    ] Entering safepoint region: Cleanup
[2019-12-09T02:48:18.404+0000][1][safepoint    ] Leaving safepoint region
[2019-12-09T02:48:18.404+0000][1][safepoint    ] Total time for which application threads were stopped: 0.0000706 seconds, Stopping threads took: 0.0000177 seconds
[2019-12-09T02:48:19.404+0000][1][safepoint    ] Application time: 1.0000765 seconds
[2019-12-09T02:48:19.404+0000][1][safepoint    ] Entering safepoint region: Cleanup
[2019-12-09T02:48:19.404+0000][1][safepoint    ] Leaving safepoint region
[2019-12-09T02:48:19.404+0000][1][safepoint    ] Total time for which application threads were stopped: 0.0000687 seconds, Stopping threads took: 0.0000168 seconds
[2019-12-09T02:48:20.405+0000][1][safepoint    ] Application time: 1.0000754 seconds
[2019-12-09T02:48:20.405+0000][1][safepoint    ] Entering safepoint region: Cleanup
[2019-12-09T02:48:20.405+0000][1][safepoint    ] Leaving safepoint region
[2019-12-09T02:48:20.405+0000][1][safepoint    ] Total time for which application threads were stopped: 0.0000725 seconds, Stopping threads took: 0.0000174 seconds
[2019-12-09T02:48:21.405+0000][1][safepoint    ] Application time: 1.0000742 seconds
[2019-12-09T02:48:21.405+0000][1][safepoint    ] Entering safepoint region: Cleanup
[2019-12-09T02:48:21.405+0000][1][safepoint    ] Leaving safepoint region
[2019-12-09T02:48:21.405+0000][1][safepoint    ] Total time for which application threads were stopped: 0.0000710 seconds, Stopping threads took: 0.0000172 seconds
[2019-12-09T02:48:22.405+0000][1][safepoint    ] Application time: 1.0000740 seconds
[2019-12-09T02:48:22.405+0000][1][safepoint    ] Entering safepoint region: Cleanup
[2019-12-09T02:48:22.405+0000][1][safepoint    ] Leaving safepoint region
[2019-12-09T02:48:22.405+0000][1][safepoint    ] Total time for which application threads were stopped: 0.0000679 seconds, Stopping threads took: 0.0000157 seconds
[2019-12-09T02:48:23.405+0000][1][safepoint    ] Application time: 1.0000749 seconds
[2019-12-09T02:48:23.405+0000][1][safepoint    ] Entering safepoint region: Cleanup
[2019-12-09T02:48:23.405+0000][1][safepoint    ] Leaving safepoint region
[2019-12-09T02:48:23.405+0000][1][safepoint    ] Total time for which application threads were stopped: 0.0000736 seconds, Stopping threads took: 0.0000185 seconds
[2019-12-09T02:48:24.405+0000][1][safepoint    ] Application time: 1.0000805 seconds
[2019-12-09T02:48:24.405+0000][1][safepoint    ] Entering safepoint region: Cleanup
[2019-12-09T02:48:24.405+0000][1][safepoint    ] Leaving safepoint region
[2019-12-09T02:48:24.405+0000][1][safepoint    ] Total time for which application threads were stopped: 0.0000697 seconds, Stopping threads took: 0.0000182 seconds
[2019-12-09T02:48:25.405+0000][1][safepoint    ] Application time: 1.0000747 seconds
[2019-12-09T02:48:25.405+0000][1][safepoint    ] Entering safepoint region: Cleanup
[2019-12-09T02:48:25.406+0000][1][safepoint    ] Leaving safepoint region
[2019-12-09T02:48:25.406+0000][1][safepoint    ] Total time for which application threads were stopped: 0.0000704 seconds, Stopping threads took: 0.0000171 seconds
[2019-12-09T02:48:26.406+0000][1][safepoint    ] Application time: 1.0000777 seconds
[2019-12-09T02:48:26.406+0000][1][safepoint    ] Entering safepoint region: Cleanup
[2019-12-09T02:48:26.406+0000][1][safepoint    ] Leaving safepoint region
[2019-12-09T02:48:26.406+0000][1][safepoint    ] Total time for which application threads were stopped: 0.0000807 seconds, Stopping threads took: 0.0000258 seconds
[2019-12-09T02:48:27.406+0000][1][safepoint    ] Application time: 1.0000738 seconds
[2019-12-09T02:48:27.406+0000][1][safepoint    ] Entering safepoint region: Cleanup
[2019-12-09T02:48:27.406+0000][1][safepoint    ] Leaving safepoint region
[2019-12-09T02:48:27.406+0000][1][safepoint    ] Total time for which application threads were stopped: 0.0000709 seconds, Stopping threads took: 0.0000172 seconds
[2019-12-09T02:48:28.406+0000][1][safepoint    ] Application time: 1.0000757 seconds
[2019-12-09T02:48:28.406+0000][1][safepoint    ] Entering safepoint region: Cleanup
[2019-12-09T02:48:28.406+0000][1][safepoint    ] Leaving safepoint region
[2019-12-09T02:48:28.406+0000][1][safepoint    ] Total time for which application threads were stopped: 0.0000692 seconds, Stopping threads took: 0.0000170 seconds
[2019-12-09T02:48:29.197+0000][1][safepoint    ] Application time: 0.7911831 seconds
[2019-12-09T02:48:29.197+0000][1][safepoint    ] Entering safepoint region: GenCollectForAllocation
[2019-12-09T02:48:29.197+0000][1][gc,start     ] GC(31) Pause Young (Allocation Failure)
[2019-12-09T02:48:29.197+0000][1][gc,task      ] GC(31) Using 2 workers of 2 for evacuation
[2019-12-09T02:48:29.199+0000][1][gc,age       ] GC(31) Desired survivor size 4456448 bytes, new threshold 6 (max threshold 6)
[2019-12-09T02:48:29.199+0000][1][gc,age       ] GC(31) Age table with threshold 6 (max threshold 6)
[2019-12-09T02:48:29.199+0000][1][gc,age       ] GC(31) - age   1:       7000 bytes,       7000 total
[2019-12-09T02:48:29.199+0000][1][gc,age       ] GC(31) - age   2:        648 bytes,       7648 total
[2019-12-09T02:48:29.199+0000][1][gc,age       ] GC(31) - age   3:       2496 bytes,      10144 total
[2019-12-09T02:48:29.199+0000][1][gc,age       ] GC(31) - age   4:       6448 bytes,      16592 total
[2019-12-09T02:48:29.199+0000][1][gc,age       ] GC(31) - age   5:       4040 bytes,      20632 total
[2019-12-09T02:48:29.199+0000][1][gc,age       ] GC(31) - age   6:       1232 bytes,      21864 total
[2019-12-09T02:48:29.199+0000][1][gc,heap      ] GC(31) ParNew: 71713K->449K(78656K)
[2019-12-09T02:48:29.199+0000][1][gc,heap      ] GC(31) CMS: 69961K->69992K(174784K)
[2019-12-09T02:48:29.199+0000][1][gc,metaspace ] GC(31) Metaspace: 68949K->68949K(1112064K)
[2019-12-09T02:48:29.199+0000][1][gc           ] GC(31) Pause Young (Allocation Failure) 138M->68M(247M) 1.975ms
[2019-12-09T02:48:29.199+0000][1][gc,cpu       ] GC(31) User=0.00s Sys=0.00s Real=0.00s
[2019-12-09T02:48:29.199+0000][1][safepoint    ] Leaving safepoint region
[2019-12-09T02:48:29.199+0000][1][safepoint    ] Total time for which application threads were stopped: 0.0021192 seconds, Stopping threads took: 0.0000173 seconds
[2019-12-09T02:48:30.200+0000][1][safepoint    ] Application time: 1.0000888 seconds
[2019-12-09T02:48:30.200+0000][1][safepoint    ] Entering safepoint region: Cleanup
[2019-12-09T02:48:30.200+0000][1][safepoint    ] Leaving safepoint region
[2019-12-09T02:48:30.200+0000][1][safepoint    ] Total time for which application threads were stopped: 0.0000855 seconds, Stopping threads took: 0.0000179 seconds
[2019-12-09T02:48:31.200+0000][1][safepoint    ] Application time: 1.0000754 seconds
[2019-12-09T02:48:31.200+0000][1][safepoint    ] Entering safepoint region: Cleanup
[2019-12-09T02:48:31.200+0000][1][safepoint    ] Leaving safepoint region
[2019-12-09T02:48:31.200+0000][1][safepoint    ] Total time for which application threads were stopped: 0.0000713 seconds, Stopping threads took: 0.0000167 seconds
[2019-12-09T02:48:32.200+0000][1][safepoint    ] Application time: 1.0000762 seconds
[2019-12-09T02:48:32.200+0000][1][safepoint    ] Entering safepoint region: Cleanup
[2019-12-09T02:48:32.200+0000][1][safepoint    ] Leaving safepoint region
[2019-12-09T02:48:32.200+0000][1][safepoint    ] Total time for which application threads were stopped: 0.0000700 seconds, Stopping threads took: 0.0000166 seconds
[2019-12-09T02:48:33.200+0000][1][safepoint    ] Application time: 1.0000767 seconds
[2019-12-09T02:48:33.200+0000][1][safepoint    ] Entering safepoint region: Cleanup
[2019-12-09T02:48:33.200+0000][1][safepoint    ] Leaving safepoint region
[2019-12-09T02:48:33.200+0000][1][safepoint    ] Total time for which application threads were stopped: 0.0000706 seconds, Stopping threads took: 0.0000168 seconds
[2019-12-09T02:48:34.200+0000][1][safepoint    ] Application time: 1.0000813 seconds
[2019-12-09T02:48:34.200+0000][1][safepoint    ] Entering safepoint region: Cleanup
[2019-12-09T02:48:34.200+0000][1][safepoint    ] Leaving safepoint region
[2019-12-09T02:48:34.200+0000][1][safepoint    ] Total time for which application threads were stopped: 0.0001161 seconds, Stopping threads took: 0.0000589 seconds
[2019-12-09T02:48:35.201+0000][1][safepoint    ] Application time: 1.0000823 seconds
[2019-12-09T02:48:35.201+0000][1][safepoint    ] Entering safepoint region: Cleanup
[2019-12-09T02:48:35.201+0000][1][safepoint    ] Leaving safepoint region
[2019-12-09T02:48:35.201+0000][1][safepoint    ] Total time for which application threads were stopped: 0.0000818 seconds, Stopping threads took: 0.0000168 seconds
[2019-12-09T02:48:36.201+0000][1][safepoint    ] Application time: 1.0000784 seconds
[2019-12-09T02:48:36.201+0000][1][safepoint    ] Entering safepoint region: Cleanup
[2019-12-09T02:48:36.201+0000][1][safepoint    ] Leaving safepoint region
[2019-12-09T02:48:36.201+0000][1][safepoint    ] Total time for which application threads were stopped: 0.0000720 seconds, Stopping threads took: 0.0000177 seconds
[2019-12-09T02:48:37.201+0000][1][safepoint    ] Application time: 1.0000770 seconds
[2019-12-09T02:48:37.201+0000][1][safepoint    ] Entering safepoint region: Cleanup
[2019-12-09T02:48:37.201+0000][1][safepoint    ] Leaving safepoint region
[2019-12-09T02:48:37.201+0000][1][safepoint    ] Total time for which application threads were stopped: 0.0000703 seconds, Stopping threads took: 0.0000171 seconds
[2019-12-09T02:48:38.201+0000][1][safepoint    ] Application time: 1.0000778 seconds
[2019-12-09T02:48:38.201+0000][1][safepoint    ] Entering safepoint region: Cleanup
[2019-12-09T02:48:38.201+0000][1][safepoint    ] Leaving safepoint region
[2019-12-09T02:48:38.201+0000][1][safepoint    ] Total time for which application threads were stopped: 0.0000718 seconds, Stopping threads took: 0.0000172 seconds
[2019-12-09T02:48:40.129+0000][1][safepoint    ] Application time: 1.9275732 seconds
[2019-12-09T02:48:40.129+0000][1][safepoint    ] Entering safepoint region: Cleanup
[2019-12-09T02:48:40.129+0000][1][safepoint    ] Leaving safepoint region
[2019-12-09T02:48:40.129+0000][1][safepoint    ] Total time for which application threads were stopped: 0.0000849 seconds, Stopping threads took: 0.0000243 seconds
[2019-12-09T02:48:41.129+0000][1][safepoint    ] Application time: 1.0000741 seconds
[2019-12-09T02:48:41.129+0000][1][safepoint    ] Entering safepoint region: Cleanup
[2019-12-09T02:48:41.129+0000][1][safepoint    ] Leaving safepoint region
[2019-12-09T02:48:41.129+0000][1][safepoint    ] Total time for which application threads were stopped: 0.0000678 seconds, Stopping threads took: 0.0000176 seconds
[2019-12-09T02:48:42.129+0000][1][safepoint    ] Application time: 1.0000763 seconds
[2019-12-09T02:48:42.129+0000][1][safepoint    ] Entering safepoint region: Cleanup
[2019-12-09T02:48:42.129+0000][1][safepoint    ] Leaving safepoint region
[2019-12-09T02:48:42.129+0000][1][safepoint    ] Total time for which application threads were stopped: 0.0000684 seconds, Stopping threads took: 0.0000166 seconds
[2019-12-09T02:48:43.129+0000][1][safepoint    ] Application time: 1.0000771 seconds
[2019-12-09T02:48:43.129+0000][1][safepoint    ] Entering safepoint region: Cleanup
[2019-12-09T02:48:43.130+0000][1][safepoint    ] Leaving safepoint region
[2019-12-09T02:48:43.130+0000][1][safepoint    ] Total time for which application threads were stopped: 0.0000678 seconds, Stopping threads took: 0.0000169 seconds
[2019-12-09T02:48:44.130+0000][1][safepoint    ] Application time: 1.0000762 seconds
[2019-12-09T02:48:44.130+0000][1][safepoint    ] Entering safepoint region: Cleanup
[2019-12-09T02:48:44.130+0000][1][safepoint    ] Leaving safepoint region
[2019-12-09T02:48:44.130+0000][1][safepoint    ] Total time for which application threads were stopped: 0.0000793 seconds, Stopping threads took: 0.0000277 seconds
[2019-12-09T02:48:45.130+0000][1][safepoint    ] Application time: 1.0000759 seconds
[2019-12-09T02:48:45.130+0000][1][safepoint    ] Entering safepoint region: Cleanup
[2019-12-09T02:48:45.130+0000][1][safepoint    ] Leaving safepoint region
[2019-12-09T02:48:45.130+0000][1][safepoint    ] Total time for which application threads were stopped: 0.0000704 seconds, Stopping threads took: 0.0000190 seconds
[2019-12-09T02:48:46.130+0000][1][safepoint    ] Application time: 1.0000777 seconds
[2019-12-09T02:48:46.130+0000][1][safepoint    ] Entering safepoint region: Cleanup
[2019-12-09T02:48:46.130+0000][1][safepoint    ] Leaving safepoint region
[2019-12-09T02:48:46.130+0000][1][safepoint    ] Total time for which application threads were stopped: 0.0000694 seconds, Stopping threads took: 0.0000178 seconds
[2019-12-09T02:48:47.130+0000][1][safepoint    ] Application time: 1.0000752 seconds
[2019-12-09T02:48:47.130+0000][1][safepoint    ] Entering safepoint region: Cleanup
[2019-12-09T02:48:47.130+0000][1][safepoint    ] Leaving safepoint region
[2019-12-09T02:48:47.130+0000][1][safepoint    ] Total time for which application threads were stopped: 0.0000685 seconds, Stopping threads took: 0.0000171 seconds
[2019-12-09T02:48:48.130+0000][1][safepoint    ] Application time: 1.0000804 seconds
[2019-12-09T02:48:48.130+0000][1][safepoint    ] Entering safepoint region: Cleanup
[2019-12-09T02:48:48.131+0000][1][safepoint    ] Leaving safepoint region
[2019-12-09T02:48:48.131+0000][1][safepoint    ] Total time for which application threads were stopped: 0.0000700 seconds, Stopping threads took: 0.0000189 seconds
[2019-12-09T02:48:49.131+0000][1][safepoint    ] Application time: 1.0000753 seconds
[2019-12-09T02:48:49.131+0000][1][safepoint    ] Entering safepoint region: Cleanup
[2019-12-09T02:48:49.131+0000][1][safepoint    ] Leaving safepoint region
[2019-12-09T02:48:49.131+0000][1][safepoint    ] Total time for which application threads were stopped: 0.0000818 seconds, Stopping threads took: 0.0000174 seconds
[2019-12-09T02:48:50.131+0000][1][safepoint    ] Application time: 1.0000789 seconds
[2019-12-09T02:48:50.131+0000][1][safepoint    ] Entering safepoint region: Cleanup
[2019-12-09T02:48:50.131+0000][1][safepoint    ] Leaving safepoint region
[2019-12-09T02:48:50.131+0000][1][safepoint    ] Total time for which application threads were stopped: 0.0000687 seconds, Stopping threads took: 0.0000174 seconds
[2019-12-09T02:48:51.131+0000][1][safepoint    ] Application time: 1.0000800 seconds
[2019-12-09T02:48:51.131+0000][1][safepoint    ] Entering safepoint region: Cleanup
[2019-12-09T02:48:51.131+0000][1][safepoint    ] Leaving safepoint region
[2019-12-09T02:48:51.131+0000][1][safepoint    ] Total time for which application threads were stopped: 0.0000702 seconds, Stopping threads took: 0.0000178 seconds
[2019-12-09T02:48:52.131+0000][1][safepoint    ] Application time: 1.0000808 seconds
[2019-12-09T02:48:52.131+0000][1][safepoint    ] Entering safepoint region: Cleanup
[2019-12-09T02:48:52.131+0000][1][safepoint    ] Leaving safepoint region
[2019-12-09T02:48:52.131+0000][1][safepoint    ] Total time for which application threads were stopped: 0.0000664 seconds, Stopping threads took: 0.0000161 seconds
[2019-12-09T02:48:53.131+0000][1][safepoint    ] Application time: 1.0000782 seconds
[2019-12-09T02:48:53.131+0000][1][safepoint    ] Entering safepoint region: Cleanup
[2019-12-09T02:48:53.131+0000][1][safepoint    ] Leaving safepoint region
[2019-12-09T02:48:53.131+0000][1][safepoint    ] Total time for which application threads were stopped: 0.0000647 seconds, Stopping threads took: 0.0000159 seconds
[2019-12-09T02:48:54.132+0000][1][safepoint    ] Application time: 1.0000745 seconds
[2019-12-09T02:48:54.132+0000][1][safepoint    ] Entering safepoint region: Cleanup
[2019-12-09T02:48:54.132+0000][1][safepoint    ] Leaving safepoint region
[2019-12-09T02:48:54.132+0000][1][safepoint    ] Total time for which application threads were stopped: 0.0000618 seconds, Stopping threads took: 0.0000157 seconds
[2019-12-09T02:48:55.132+0000][1][safepoint    ] Application time: 1.0000765 seconds
[2019-12-09T02:48:55.132+0000][1][safepoint    ] Entering safepoint region: Cleanup
[2019-12-09T02:48:55.132+0000][1][safepoint    ] Leaving safepoint region
[2019-12-09T02:48:55.132+0000][1][safepoint    ] Total time for which application threads were stopped: 0.0000625 seconds, Stopping threads took: 0.0000156 seconds
[2019-12-09T02:48:56.132+0000][1][safepoint    ] Application time: 1.0000798 seconds
[2019-12-09T02:48:56.132+0000][1][safepoint    ] Entering safepoint region: Cleanup
[2019-12-09T02:48:56.132+0000][1][safepoint    ] Leaving safepoint region
[2019-12-09T02:48:56.132+0000][1][safepoint    ] Total time for which application threads were stopped: 0.0000656 seconds, Stopping threads took: 0.0000174 seconds
[2019-12-09T02:48:57.132+0000][1][safepoint    ] Application time: 1.0000774 seconds
[2019-12-09T02:48:57.132+0000][1][safepoint    ] Entering safepoint region: Cleanup
[2019-12-09T02:48:57.132+0000][1][safepoint    ] Leaving safepoint region
[2019-12-09T02:48:57.132+0000][1][safepoint    ] Total time for which application threads were stopped: 0.0000670 seconds, Stopping threads took: 0.0000175 seconds
[2019-12-09T02:48:58.132+0000][1][safepoint    ] Application time: 1.0000784 seconds
[2019-12-09T02:48:58.132+0000][1][safepoint    ] Entering safepoint region: Cleanup
[2019-12-09T02:48:58.132+0000][1][safepoint    ] Leaving safepoint region
[2019-12-09T02:48:58.132+0000][1][safepoint    ] Total time for which application threads were stopped: 0.0000637 seconds, Stopping threads took: 0.0000158 seconds
[2019-12-09T02:48:59.132+0000][1][safepoint    ] Application time: 1.0000761 seconds
[2019-12-09T02:48:59.132+0000][1][safepoint    ] Entering safepoint region: Cleanup
[2019-12-09T02:48:59.132+0000][1][safepoint    ] Leaving safepoint region
[2019-12-09T02:48:59.132+0000][1][safepoint    ] Total time for which application threads were stopped: 0.0000633 seconds, Stopping threads took: 0.0000170 seconds
[2019-12-09T02:49:00.203+0000][1][safepoint    ] Application time: 1.0708621 seconds
[2019-12-09T02:49:00.203+0000][1][safepoint    ] Entering safepoint region: Cleanup
[2019-12-09T02:49:00.203+0000][1][safepoint    ] Leaving safepoint region
[2019-12-09T02:49:00.203+0000][1][safepoint    ] Total time for which application threads were stopped: 0.0000674 seconds, Stopping threads took: 0.0000172 seconds
[2019-12-09T02:49:01.204+0000][1][safepoint    ] Application time: 1.0000808 seconds
[2019-12-09T02:49:01.204+0000][1][safepoint    ] Entering safepoint region: Cleanup
[2019-12-09T02:49:01.204+0000][1][safepoint    ] Leaving safepoint region
[2019-12-09T02:49:01.204+0000][1][safepoint    ] Total time for which application threads were stopped: 0.0000933 seconds, Stopping threads took: 0.0000229 seconds
[2019-12-09T02:49:02.204+0000][1][safepoint    ] Application time: 1.0000893 seconds
[2019-12-09T02:49:02.204+0000][1][safepoint    ] Entering safepoint region: Cleanup
[2019-12-09T02:49:02.204+0000][1][safepoint    ] Leaving safepoint region
[2019-12-09T02:49:02.204+0000][1][safepoint    ] Total time for which application threads were stopped: 0.0000686 seconds, Stopping threads took: 0.0000167 seconds
[2019-12-09T02:49:03.204+0000][1][safepoint    ] Application time: 1.0000766 seconds
[2019-12-09T02:49:03.204+0000][1][safepoint    ] Entering safepoint region: Cleanup
[2019-12-09T02:49:03.204+0000][1][safepoint    ] Leaving safepoint region
[2019-12-09T02:49:03.204+0000][1][safepoint    ] Total time for which application threads were stopped: 0.0000667 seconds, Stopping threads took: 0.0000168 seconds
[2019-12-09T02:49:04.204+0000][1][safepoint    ] Application time: 1.0000747 seconds
[2019-12-09T02:49:04.204+0000][1][safepoint    ] Entering safepoint region: Cleanup
[2019-12-09T02:49:04.204+0000][1][safepoint    ] Leaving safepoint region
[2019-12-09T02:49:04.204+0000][1][safepoint    ] Total time for which application threads were stopped: 0.0000811 seconds, Stopping threads took: 0.0000161 seconds
[2019-12-09T02:49:05.204+0000][1][safepoint    ] Application time: 1.0000769 seconds
[2019-12-09T02:49:05.204+0000][1][safepoint    ] Entering safepoint region: Cleanup
[2019-12-09T02:49:05.204+0000][1][safepoint    ] Leaving safepoint region
[2019-12-09T02:49:05.204+0000][1][safepoint    ] Total time for which application threads were stopped: 0.0000664 seconds, Stopping threads took: 0.0000163 seconds
[2019-12-09T02:49:06.204+0000][1][safepoint    ] Application time: 1.0000769 seconds
[2019-12-09T02:49:06.205+0000][1][safepoint    ] Entering safepoint region: Cleanup
[2019-12-09T02:49:06.205+0000][1][safepoint    ] Leaving safepoint region
[2019-12-09T02:49:06.205+0000][1][safepoint    ] Total time for which application threads were stopped: 0.0000772 seconds, Stopping threads took: 0.0000224 seconds
[2019-12-09T02:49:07.205+0000][1][safepoint    ] Application time: 1.0000867 seconds
[2019-12-09T02:49:07.205+0000][1][safepoint    ] Entering safepoint region: Cleanup
[2019-12-09T02:49:07.205+0000][1][safepoint    ] Leaving safepoint region
[2019-12-09T02:49:07.205+0000][1][safepoint    ] Total time for which application threads were stopped: 0.0000675 seconds, Stopping threads took: 0.0000166 seconds
[2019-12-09T02:49:08.205+0000][1][safepoint    ] Application time: 1.0000771 seconds
[2019-12-09T02:49:08.205+0000][1][safepoint    ] Entering safepoint region: Cleanup
[2019-12-09T02:49:08.205+0000][1][safepoint    ] Leaving safepoint region
[2019-12-09T02:49:08.205+0000][1][safepoint    ] Total time for which application threads were stopped: 0.0000639 seconds, Stopping threads took: 0.0000159 seconds
[2019-12-09T02:49:09.205+0000][1][safepoint    ] Application time: 1.0000774 seconds
[2019-12-09T02:49:09.205+0000][1][safepoint    ] Entering safepoint region: Cleanup
[2019-12-09T02:49:09.205+0000][1][safepoint    ] Leaving safepoint region
[2019-12-09T02:49:09.205+0000][1][safepoint    ] Total time for which application threads were stopped: 0.0000689 seconds, Stopping threads took: 0.0000164 seconds
[2019-12-09T02:49:10.205+0000][1][safepoint    ] Application time: 1.0000803 seconds
[2019-12-09T02:49:10.205+0000][1][safepoint    ] Entering safepoint region: Cleanup
[2019-12-09T02:49:10.205+0000][1][safepoint    ] Leaving safepoint region
[2019-12-09T02:49:10.205+0000][1][safepoint    ] Total time for which application threads were stopped: 0.0000688 seconds, Stopping threads took: 0.0000164 seconds
[2019-12-09T02:49:11.205+0000][1][safepoint    ] Application time: 1.0000767 seconds
[2019-12-09T02:49:11.205+0000][1][safepoint    ] Entering safepoint region: Cleanup
[2019-12-09T02:49:11.206+0000][1][safepoint    ] Leaving safepoint region
[2019-12-09T02:49:11.206+0000][1][safepoint    ] Total time for which application threads were stopped: 0.0000654 seconds, Stopping threads took: 0.0000167 seconds
[2019-12-09T02:49:12.206+0000][1][safepoint    ] Application time: 1.0000801 seconds
[2019-12-09T02:49:12.206+0000][1][safepoint    ] Entering safepoint region: Cleanup
[2019-12-09T02:49:12.206+0000][1][safepoint    ] Leaving safepoint region
[2019-12-09T02:49:12.206+0000][1][safepoint    ] Total time for which application threads were stopped: 0.0000878 seconds, Stopping threads took: 0.0000183 seconds
[2019-12-09T02:49:13.206+0000][1][safepoint    ] Application time: 1.0000785 seconds
[2019-12-09T02:49:13.206+0000][1][safepoint    ] Entering safepoint region: Cleanup
[2019-12-09T02:49:13.206+0000][1][safepoint    ] Leaving safepoint region
[2019-12-09T02:49:13.206+0000][1][safepoint    ] Total time for which application threads were stopped: 0.0000643 seconds, Stopping threads took: 0.0000160 seconds
[2019-12-09T02:49:14.206+0000][1][safepoint    ] Application time: 1.0000791 seconds
[2019-12-09T02:49:14.206+0000][1][safepoint    ] Entering safepoint region: Cleanup
[2019-12-09T02:49:14.206+0000][1][safepoint    ] Leaving safepoint region
[2019-12-09T02:49:14.206+0000][1][safepoint    ] Total time for which application threads were stopped: 0.0000711 seconds, Stopping threads took: 0.0000162 seconds
[2019-12-09T02:49:15.206+0000][1][safepoint    ] Application time: 1.0000796 seconds
[2019-12-09T02:49:15.206+0000][1][safepoint    ] Entering safepoint region: Cleanup
[2019-12-09T02:49:15.206+0000][1][safepoint    ] Leaving safepoint region
[2019-12-09T02:49:15.206+0000][1][safepoint    ] Total time for which application threads were stopped: 0.0000747 seconds, Stopping threads took: 0.0000234 seconds
[2019-12-09T02:49:16.206+0000][1][safepoint    ] Application time: 1.0000810 seconds
[2019-12-09T02:49:16.206+0000][1][safepoint    ] Entering safepoint region: Cleanup
[2019-12-09T02:49:16.206+0000][1][safepoint    ] Leaving safepoint region
[2019-12-09T02:49:16.207+0000][1][safepoint    ] Total time for which application threads were stopped: 0.0000782 seconds, Stopping threads took: 0.0000272 seconds
[2019-12-09T02:49:17.207+0000][1][safepoint    ] Application time: 1.0000814 seconds
[2019-12-09T02:49:17.207+0000][1][safepoint    ] Entering safepoint region: Cleanup
[2019-12-09T02:49:17.207+0000][1][safepoint    ] Leaving safepoint region
[2019-12-09T02:49:17.207+0000][1][safepoint    ] Total time for which application threads were stopped: 0.0000860 seconds, Stopping threads took: 0.0000163 seconds
[2019-12-09T02:49:18.207+0000][1][safepoint    ] Application time: 1.0000780 seconds
[2019-12-09T02:49:18.207+0000][1][safepoint    ] Entering safepoint region: Cleanup
[2019-12-09T02:49:18.207+0000][1][safepoint    ] Leaving safepoint region
[2019-12-09T02:49:18.207+0000][1][safepoint    ] Total time for which application threads were stopped: 0.0000684 seconds, Stopping threads took: 0.0000175 seconds
[2019-12-09T02:49:19.207+0000][1][safepoint    ] Application time: 1.0000783 seconds
[2019-12-09T02:49:19.207+0000][1][safepoint    ] Entering safepoint region: Cleanup
[2019-12-09T02:49:19.207+0000][1][safepoint    ] Leaving safepoint region
[2019-12-09T02:49:19.207+0000][1][safepoint    ] Total time for which application threads were stopped: 0.0000686 seconds, Stopping threads took: 0.0000178 seconds
[2019-12-09T02:49:20.207+0000][1][safepoint    ] Application time: 1.0000773 seconds
[2019-12-09T02:49:20.207+0000][1][safepoint    ] Entering safepoint region: Cleanup
[2019-12-09T02:49:20.207+0000][1][safepoint    ] Leaving safepoint region
[2019-12-09T02:49:20.207+0000][1][safepoint    ] Total time for which application threads were stopped: 0.0000674 seconds, Stopping threads took: 0.0000172 seconds
[2019-12-09T02:49:21.207+0000][1][safepoint    ] Application time: 1.0000792 seconds
[2019-12-09T02:49:21.207+0000][1][safepoint    ] Entering safepoint region: Cleanup
[2019-12-09T02:49:21.207+0000][1][safepoint    ] Leaving safepoint region
[2019-12-09T02:49:21.207+0000][1][safepoint    ] Total time for which application threads were stopped: 0.0000671 seconds, Stopping threads took: 0.0000173 seconds
[2019-12-09T02:49:22.208+0000][1][safepoint    ] Application time: 1.0000780 seconds
[2019-12-09T02:49:22.208+0000][1][safepoint    ] Entering safepoint region: Cleanup
[2019-12-09T02:49:22.208+0000][1][safepoint    ] Leaving safepoint region
[2019-12-09T02:49:22.208+0000][1][safepoint    ] Total time for which application threads were stopped: 0.0000685 seconds, Stopping threads took: 0.0000176 seconds
[2019-12-09T02:49:23.208+0000][1][safepoint    ] Application time: 1.0000526 seconds
[2019-12-09T02:49:23.208+0000][1][safepoint    ] Entering safepoint region: Cleanup
[2019-12-09T02:49:23.208+0000][1][safepoint    ] Leaving safepoint region
[2019-12-09T02:49:23.208+0000][1][safepoint    ] Total time for which application threads were stopped: 0.0000643 seconds, Stopping threads took: 0.0000153 seconds
[2019-12-09T02:49:24.208+0000][1][safepoint    ] Application time: 1.0000786 seconds
[2019-12-09T02:49:24.208+0000][1][safepoint    ] Entering safepoint region: Cleanup
[2019-12-09T02:49:24.208+0000][1][safepoint    ] Leaving safepoint region
[2019-12-09T02:49:24.208+0000][1][safepoint    ] Total time for which application threads were stopped: 0.0000685 seconds, Stopping threads took: 0.0000162 seconds
[2019-12-09T02:49:25.208+0000][1][safepoint    ] Application time: 1.0000771 seconds
[2019-12-09T02:49:25.208+0000][1][safepoint    ] Entering safepoint region: Cleanup
[2019-12-09T02:49:25.208+0000][1][safepoint    ] Leaving safepoint region
[2019-12-09T02:49:25.208+0000][1][safepoint    ] Total time for which application threads were stopped: 0.0000686 seconds, Stopping threads took: 0.0000168 seconds
[2019-12-09T02:49:26.208+0000][1][safepoint    ] Application time: 1.0000784 seconds
[2019-12-09T02:49:26.208+0000][1][safepoint    ] Entering safepoint region: Cleanup
[2019-12-09T02:49:26.208+0000][1][safepoint    ] Leaving safepoint region
[2019-12-09T02:49:26.208+0000][1][safepoint    ] Total time for which application threads were stopped: 0.0000789 seconds, Stopping threads took: 0.0000278 seconds
[2019-12-09T02:49:27.208+0000][1][safepoint    ] Application time: 1.0000779 seconds
[2019-12-09T02:49:27.208+0000][1][safepoint    ] Entering safepoint region: Cleanup
[2019-12-09T02:49:27.209+0000][1][safepoint    ] Leaving safepoint region
[2019-12-09T02:49:27.209+0000][1][safepoint    ] Total time for which application threads were stopped: 0.0000651 seconds, Stopping threads took: 0.0000169 seconds
[2019-12-09T02:49:28.209+0000][1][safepoint    ] Application time: 1.0000813 seconds
[2019-12-09T02:49:28.209+0000][1][safepoint    ] Entering safepoint region: Cleanup
[2019-12-09T02:49:28.209+0000][1][safepoint    ] Leaving safepoint region
[2019-12-09T02:49:28.209+0000][1][safepoint    ] Total time for which application threads were stopped: 0.0000791 seconds, Stopping threads took: 0.0000268 seconds
[2019-12-09T02:49:29.209+0000][1][safepoint    ] Application time: 1.0000829 seconds
[2019-12-09T02:49:29.209+0000][1][safepoint    ] Entering safepoint region: Cleanup
[2019-12-09T02:49:29.209+0000][1][safepoint    ] Leaving safepoint region
[2019-12-09T02:49:29.209+0000][1][safepoint    ] Total time for which application threads were stopped: 0.0000717 seconds, Stopping threads took: 0.0000181 seconds
[2019-12-09T02:49:30.209+0000][1][safepoint    ] Application time: 1.0000888 seconds
[2019-12-09T02:49:30.209+0000][1][safepoint    ] Entering safepoint region: Cleanup
[2019-12-09T02:49:30.209+0000][1][safepoint    ] Leaving safepoint region
[2019-12-09T02:49:30.209+0000][1][safepoint    ] Total time for which application threads were stopped: 0.0000976 seconds, Stopping threads took: 0.0000245 seconds
[2019-12-09T02:49:31.209+0000][1][safepoint    ] Application time: 1.0000840 seconds
[2019-12-09T02:49:31.209+0000][1][safepoint    ] Entering safepoint region: Cleanup
[2019-12-09T02:49:31.209+0000][1][safepoint    ] Leaving safepoint region
[2019-12-09T02:49:31.209+0000][1][safepoint    ] Total time for which application threads were stopped: 0.0000998 seconds, Stopping threads took: 0.0000216 seconds
[2019-12-09T02:49:32.210+0000][1][safepoint    ] Application time: 1.0000775 seconds
[2019-12-09T02:49:32.210+0000][1][safepoint    ] Entering safepoint region: Cleanup
[2019-12-09T02:49:32.210+0000][1][safepoint    ] Leaving safepoint region
[2019-12-09T02:49:32.210+0000][1][safepoint    ] Total time for which application threads were stopped: 0.0000680 seconds, Stopping threads took: 0.0000174 seconds
[2019-12-09T02:49:33.210+0000][1][safepoint    ] Application time: 1.0000740 seconds
[2019-12-09T02:49:33.210+0000][1][safepoint    ] Entering safepoint region: Cleanup
[2019-12-09T02:49:33.210+0000][1][safepoint    ] Leaving safepoint region
[2019-12-09T02:49:33.210+0000][1][safepoint    ] Total time for which application threads were stopped: 0.0000676 seconds, Stopping threads took: 0.0000174 seconds
[2019-12-09T02:49:34.210+0000][1][safepoint    ] Application time: 1.0000755 seconds
[2019-12-09T02:49:34.210+0000][1][safepoint    ] Entering safepoint region: Cleanup
[2019-12-09T02:49:34.210+0000][1][safepoint    ] Leaving safepoint region
[2019-12-09T02:49:34.210+0000][1][safepoint    ] Total time for which application threads were stopped: 0.0000639 seconds, Stopping threads took: 0.0000159 seconds
[2019-12-09T02:49:34.223+0000][1][safepoint    ] Application time: 0.0126226 seconds
[2019-12-09T02:49:34.223+0000][1][safepoint    ] Entering safepoint region: RevokeBias
[2019-12-09T02:49:34.223+0000][1][safepoint    ] Leaving safepoint region
[2019-12-09T02:49:34.223+0000][1][safepoint    ] Total time for which application threads were stopped: 0.0001162 seconds, Stopping threads took: 0.0000126 seconds
[2019-12-09T02:49:35.223+0000][1][safepoint    ] Application time: 1.0000881 seconds
[2019-12-09T02:49:35.223+0000][1][safepoint    ] Entering safepoint region: Cleanup
[2019-12-09T02:49:35.223+0000][1][safepoint    ] Leaving safepoint region
[2019-12-09T02:49:35.223+0000][1][safepoint    ] Total time for which application threads were stopped: 0.0000784 seconds, Stopping threads took: 0.0000161 seconds
[2019-12-09T02:49:36.223+0000][1][safepoint    ] Application time: 1.0000786 seconds
[2019-12-09T02:49:36.223+0000][1][safepoint    ] Entering safepoint region: Cleanup
[2019-12-09T02:49:36.223+0000][1][safepoint    ] Leaving safepoint region
[2019-12-09T02:49:36.223+0000][1][safepoint    ] Total time for which application threads were stopped: 0.0000690 seconds, Stopping threads took: 0.0000177 seconds
[2019-12-09T02:49:37.223+0000][1][safepoint    ] Application time: 1.0000792 seconds
[2019-12-09T02:49:37.223+0000][1][safepoint    ] Entering safepoint region: Cleanup
[2019-12-09T02:49:37.223+0000][1][safepoint    ] Leaving safepoint region
[2019-12-09T02:49:37.223+0000][1][safepoint    ] Total time for which application threads were stopped: 0.0000688 seconds, Stopping threads took: 0.0000176 seconds
[2019-12-09T02:49:38.223+0000][1][safepoint    ] Application time: 1.0000790 seconds
[2019-12-09T02:49:38.223+0000][1][safepoint    ] Entering safepoint region: Cleanup
[2019-12-09T02:49:38.224+0000][1][safepoint    ] Leaving safepoint region
[2019-12-09T02:49:38.224+0000][1][safepoint    ] Total time for which application threads were stopped: 0.0000683 seconds, Stopping threads took: 0.0000166 seconds
[2019-12-09T02:49:39.224+0000][1][safepoint    ] Application time: 1.0000745 seconds
[2019-12-09T02:49:39.224+0000][1][safepoint    ] Entering safepoint region: Cleanup
[2019-12-09T02:49:39.224+0000][1][safepoint    ] Leaving safepoint region
[2019-12-09T02:49:39.224+0000][1][safepoint    ] Total time for which application threads were stopped: 0.0000837 seconds, Stopping threads took: 0.0000169 seconds
[2019-12-09T02:49:40.224+0000][1][safepoint    ] Application time: 1.0000772 seconds
[2019-12-09T02:49:40.224+0000][1][safepoint    ] Entering safepoint region: Cleanup
[2019-12-09T02:49:40.224+0000][1][safepoint    ] Leaving safepoint region
[2019-12-09T02:49:40.224+0000][1][safepoint    ] Total time for which application threads were stopped: 0.0000674 seconds, Stopping threads took: 0.0000166 seconds
[2019-12-09T02:49:41.224+0000][1][safepoint    ] Application time: 1.0000764 seconds
[2019-12-09T02:49:41.224+0000][1][safepoint    ] Entering safepoint region: Cleanup
[2019-12-09T02:49:41.224+0000][1][safepoint    ] Leaving safepoint region
[2019-12-09T02:49:41.224+0000][1][safepoint    ] Total time for which application threads were stopped: 0.0000670 seconds, Stopping threads took: 0.0000170 seconds
[2019-12-09T02:49:42.224+0000][1][safepoint    ] Application time: 1.0000781 seconds
[2019-12-09T02:49:42.224+0000][1][safepoint    ] Entering safepoint region: Cleanup
[2019-12-09T02:49:42.224+0000][1][safepoint    ] Leaving safepoint region
[2019-12-09T02:49:42.224+0000][1][safepoint    ] Total time for which application threads were stopped: 0.0000685 seconds, Stopping threads took: 0.0000164 seconds
[2019-12-09T02:49:43.224+0000][1][safepoint    ] Application time: 1.0000772 seconds
[2019-12-09T02:49:43.224+0000][1][safepoint    ] Entering safepoint region: Cleanup
[2019-12-09T02:49:43.224+0000][1][safepoint    ] Leaving safepoint region
[2019-12-09T02:49:43.224+0000][1][safepoint    ] Total time for which application threads were stopped: 0.0000669 seconds, Stopping threads took: 0.0000171 seconds
[2019-12-09T02:49:44.225+0000][1][safepoint    ] Application time: 1.0000768 seconds
[2019-12-09T02:49:44.225+0000][1][safepoint    ] Entering safepoint region: Cleanup
[2019-12-09T02:49:44.225+0000][1][safepoint    ] Leaving safepoint region
[2019-12-09T02:49:44.225+0000][1][safepoint    ] Total time for which application threads were stopped: 0.0000690 seconds, Stopping threads took: 0.0000177 seconds
[2019-12-09T02:49:45.225+0000][1][safepoint    ] Application time: 1.0000787 seconds
[2019-12-09T02:49:45.225+0000][1][safepoint    ] Entering safepoint region: Cleanup
[2019-12-09T02:49:45.225+0000][1][safepoint    ] Leaving safepoint region
[2019-12-09T02:49:45.225+0000][1][safepoint    ] Total time for which application threads were stopped: 0.0000798 seconds, Stopping threads took: 0.0000231 seconds
[2019-12-09T02:49:46.225+0000][1][safepoint    ] Application time: 1.0000785 seconds
[2019-12-09T02:49:46.225+0000][1][safepoint    ] Entering safepoint region: Cleanup
[2019-12-09T02:49:46.225+0000][1][safepoint    ] Leaving safepoint region
[2019-12-09T02:49:46.225+0000][1][safepoint    ] Total time for which application threads were stopped: 0.0000673 seconds, Stopping threads took: 0.0000172 seconds
[2019-12-09T02:49:47.225+0000][1][safepoint    ] Application time: 1.0000757 seconds
[2019-12-09T02:49:47.225+0000][1][safepoint    ] Entering safepoint region: Cleanup
[2019-12-09T02:49:47.225+0000][1][safepoint    ] Leaving safepoint region
[2019-12-09T02:49:47.225+0000][1][safepoint    ] Total time for which application threads were stopped: 0.0000806 seconds, Stopping threads took: 0.0000212 seconds
[2019-12-09T02:49:48.225+0000][1][safepoint    ] Application time: 1.0000771 seconds
[2019-12-09T02:49:48.225+0000][1][safepoint    ] Entering safepoint region: Cleanup
[2019-12-09T02:49:48.225+0000][1][safepoint    ] Leaving safepoint region
[2019-12-09T02:49:48.225+0000][1][safepoint    ] Total time for which application threads were stopped: 0.0000673 seconds, Stopping threads took: 0.0000175 seconds
[2019-12-09T02:49:49.226+0000][1][safepoint    ] Application time: 1.0000749 seconds
[2019-12-09T02:49:49.226+0000][1][safepoint    ] Entering safepoint region: Cleanup
[2019-12-09T02:49:49.226+0000][1][safepoint    ] Leaving safepoint region
[2019-12-09T02:49:49.226+0000][1][safepoint    ] Total time for which application threads were stopped: 0.0000659 seconds, Stopping threads took: 0.0000162 seconds
[2019-12-09T02:49:50.226+0000][1][safepoint    ] Application time: 1.0000837 seconds
[2019-12-09T02:49:50.226+0000][1][safepoint    ] Entering safepoint region: Cleanup
[2019-12-09T02:49:50.226+0000][1][safepoint    ] Leaving safepoint region
[2019-12-09T02:49:50.226+0000][1][safepoint    ] Total time for which application threads were stopped: 0.0000667 seconds, Stopping threads took: 0.0000161 seconds
[2019-12-09T02:49:51.226+0000][1][safepoint    ] Application time: 1.0000750 seconds
[2019-12-09T02:49:51.226+0000][1][safepoint    ] Entering safepoint region: Cleanup
[2019-12-09T02:49:51.226+0000][1][safepoint    ] Leaving safepoint region
[2019-12-09T02:49:51.226+0000][1][safepoint    ] Total time for which application threads were stopped: 0.0000675 seconds, Stopping threads took: 0.0000161 seconds
[2019-12-09T02:49:52.226+0000][1][safepoint    ] Application time: 1.0000763 seconds
[2019-12-09T02:49:52.226+0000][1][safepoint    ] Entering safepoint region: Cleanup
[2019-12-09T02:49:52.226+0000][1][safepoint    ] Leaving safepoint region
[2019-12-09T02:49:52.226+0000][1][safepoint    ] Total time for which application threads were stopped: 0.0000665 seconds, Stopping threads took: 0.0000169 seconds
[2019-12-09T02:49:53.226+0000][1][safepoint    ] Application time: 1.0000834 seconds
[2019-12-09T02:49:53.226+0000][1][safepoint    ] Entering safepoint region: Cleanup
[2019-12-09T02:49:53.226+0000][1][safepoint    ] Leaving safepoint region
[2019-12-09T02:49:53.226+0000][1][safepoint    ] Total time for which application threads were stopped: 0.0000911 seconds, Stopping threads took: 0.0000223 seconds
[2019-12-09T02:49:54.226+0000][1][safepoint    ] Application time: 1.0000768 seconds
[2019-12-09T02:49:54.227+0000][1][safepoint    ] Entering safepoint region: Cleanup
[2019-12-09T02:49:54.227+0000][1][safepoint    ] Leaving safepoint region
[2019-12-09T02:49:54.227+0000][1][safepoint    ] Total time for which application threads were stopped: 0.0000698 seconds, Stopping threads took: 0.0000169 seconds
[2019-12-09T02:49:55.227+0000][1][safepoint    ] Application time: 1.0000794 seconds
[2019-12-09T02:49:55.227+0000][1][safepoint    ] Entering safepoint region: Cleanup
[2019-12-09T02:49:55.227+0000][1][safepoint    ] Leaving safepoint region
[2019-12-09T02:49:55.227+0000][1][safepoint    ] Total time for which application threads were stopped: 0.0000755 seconds, Stopping threads took: 0.0000173 seconds
[2019-12-09T02:49:56.227+0000][1][safepoint    ] Application time: 1.0000768 seconds
[2019-12-09T02:49:56.227+0000][1][safepoint    ] Entering safepoint region: Cleanup
[2019-12-09T02:49:56.227+0000][1][safepoint    ] Leaving safepoint region
[2019-12-09T02:49:56.227+0000][1][safepoint    ] Total time for which application threads were stopped: 0.0000690 seconds, Stopping threads took: 0.0000192 seconds
[2019-12-09T02:49:57.227+0000][1][safepoint    ] Application time: 1.0000777 seconds
[2019-12-09T02:49:57.227+0000][1][safepoint    ] Entering safepoint region: Cleanup
[2019-12-09T02:49:57.227+0000][1][safepoint    ] Leaving safepoint region
[2019-12-09T02:49:57.227+0000][1][safepoint    ] Total time for which application threads were stopped: 0.0000667 seconds, Stopping threads took: 0.0000172 seconds
[2019-12-09T02:49:58.227+0000][1][safepoint    ] Application time: 1.0000775 seconds
[2019-12-09T02:49:58.227+0000][1][safepoint    ] Entering safepoint region: Cleanup
[2019-12-09T02:49:58.227+0000][1][safepoint    ] Leaving safepoint region
[2019-12-09T02:49:58.227+0000][1][safepoint    ] Total time for which application threads were stopped: 0.0000658 seconds, Stopping threads took: 0.0000163 seconds
[2019-12-09T02:49:59.227+0000][1][safepoint    ] Application time: 1.0000765 seconds
[2019-12-09T02:49:59.227+0000][1][safepoint    ] Entering safepoint region: Cleanup
[2019-12-09T02:49:59.228+0000][1][safepoint    ] Leaving safepoint region
[2019-12-09T02:49:59.228+0000][1][safepoint    ] Total time for which application threads were stopped: 0.0000669 seconds, Stopping threads took: 0.0000166 seconds
[2019-12-09T02:50:00.228+0000][1][safepoint    ] Application time: 1.0000768 seconds
[2019-12-09T02:50:00.228+0000][1][safepoint    ] Entering safepoint region: Cleanup
[2019-12-09T02:50:00.228+0000][1][safepoint    ] Leaving safepoint region
[2019-12-09T02:50:00.228+0000][1][safepoint    ] Total time for which application threads were stopped: 0.0000893 seconds, Stopping threads took: 0.0000157 seconds
[2019-12-09T02:50:01.228+0000][1][safepoint    ] Application time: 1.0000820 seconds
[2019-12-09T02:50:01.228+0000][1][safepoint    ] Entering safepoint region: Cleanup
[2019-12-09T02:50:01.228+0000][1][safepoint    ] Leaving safepoint region
[2019-12-09T02:50:01.228+0000][1][safepoint    ] Total time for which application threads were stopped: 0.0000699 seconds, Stopping threads took: 0.0000167 seconds
[2019-12-09T02:50:02.228+0000][1][safepoint    ] Application time: 1.0000853 seconds
[2019-12-09T02:50:02.228+0000][1][safepoint    ] Entering safepoint region: Cleanup
[2019-12-09T02:50:02.228+0000][1][safepoint    ] Leaving safepoint region
[2019-12-09T02:50:02.228+0000][1][safepoint    ] Total time for which application threads were stopped: 0.0001118 seconds, Stopping threads took: 0.0000351 seconds
[2019-12-09T02:50:02.255+0000][1][safepoint    ] Application time: 0.0272224 seconds
[2019-12-09T02:50:02.255+0000][1][safepoint    ] Entering safepoint region: RevokeBias
[2019-12-09T02:50:02.256+0000][1][safepoint    ] Leaving safepoint region
[2019-12-09T02:50:02.256+0000][1][safepoint    ] Total time for which application threads were stopped: 0.0000972 seconds, Stopping threads took: 0.0000194 seconds
[2019-12-09T02:50:02.256+0000][1][safepoint    ] Application time: 0.0000947 seconds
[2019-12-09T02:50:02.256+0000][1][safepoint    ] Entering safepoint region: RevokeBias
[2019-12-09T02:50:02.256+0000][1][safepoint    ] Leaving safepoint region
[2019-12-09T02:50:02.256+0000][1][safepoint    ] Total time for which application threads were stopped: 0.0000725 seconds, Stopping threads took: 0.0000098 seconds
[2019-12-09T02:50:02.259+0000][1][safepoint    ] Application time: 0.0034402 seconds
[2019-12-09T02:50:02.274+0000][1][safepoint    ] Entering safepoint region: RevokeBias
[2019-12-09T02:50:02.274+0000][1][safepoint    ] Leaving safepoint region
[2019-12-09T02:50:02.274+0000][1][safepoint    ] Total time for which application threads were stopped: 0.0152059 seconds, Stopping threads took: 0.0151216 seconds
[2019-12-09T02:50:02.275+0000][1][safepoint    ] Application time: 0.0010419 seconds
[2019-12-09T02:50:02.275+0000][1][safepoint    ] Entering safepoint region: RevokeBias
[2019-12-09T02:50:02.276+0000][1][safepoint    ] Leaving safepoint region
[2019-12-09T02:50:02.276+0000][1][safepoint    ] Total time for which application threads were stopped: 0.0000711 seconds, Stopping threads took: 0.0000175 seconds
[2019-12-09T02:50:02.276+0000][1][safepoint    ] Application time: 0.0002579 seconds
[2019-12-09T02:50:02.276+0000][1][safepoint    ] Entering safepoint region: RevokeBias
[2019-12-09T02:50:02.276+0000][1][safepoint    ] Leaving safepoint region
[2019-12-09T02:50:02.276+0000][1][safepoint    ] Total time for which application threads were stopped: 0.0000564 seconds, Stopping threads took: 0.0000126 seconds
[2019-12-09T02:50:02.280+0000][1][safepoint    ] Application time: 0.0041195 seconds
[2019-12-09T02:50:02.280+0000][1][safepoint    ] Entering safepoint region: RevokeBias
[2019-12-09T02:50:02.280+0000][1][safepoint    ] Leaving safepoint region
[2019-12-09T02:50:02.280+0000][1][safepoint    ] Total time for which application threads were stopped: 0.0000581 seconds, Stopping threads took: 0.0000135 seconds
[2019-12-09T02:50:02.280+0000][1][safepoint    ] Application time: 0.0001343 seconds
[2019-12-09T02:50:02.280+0000][1][safepoint    ] Entering safepoint region: RevokeBias
[2019-12-09T02:50:02.280+0000][1][safepoint    ] Leaving safepoint region
[2019-12-09T02:50:02.280+0000][1][safepoint    ] Total time for which application threads were stopped: 0.0000507 seconds, Stopping threads took: 0.0000114 seconds
[2019-12-09T02:50:02.281+0000][1][safepoint    ] Application time: 0.0004305 seconds
[2019-12-09T02:50:02.281+0000][1][safepoint    ] Entering safepoint region: RevokeBias
[2019-12-09T02:50:02.281+0000][1][safepoint    ] Leaving safepoint region
[2019-12-09T02:50:02.281+0000][1][safepoint    ] Total time for which application threads were stopped: 0.0000581 seconds, Stopping threads took: 0.0000110 seconds
[2019-12-09T02:50:02.284+0000][1][safepoint    ] Application time: 0.0027795 seconds
[2019-12-09T02:50:02.284+0000][1][safepoint    ] Entering safepoint region: RevokeBias
[2019-12-09T02:50:02.284+0000][1][safepoint    ] Leaving safepoint region
[2019-12-09T02:50:02.284+0000][1][safepoint    ] Total time for which application threads were stopped: 0.0000889 seconds, Stopping threads took: 0.0000114 seconds
[2019-12-09T02:50:02.318+0000][1][safepoint    ] Application time: 0.0340144 seconds
[2019-12-09T02:50:02.318+0000][1][safepoint    ] Entering safepoint region: RevokeBias
[2019-12-09T02:50:02.318+0000][1][safepoint    ] Leaving safepoint region
[2019-12-09T02:50:02.318+0000][1][safepoint    ] Total time for which application threads were stopped: 0.0001434 seconds, Stopping threads took: 0.0000200 seconds
[2019-12-09T02:50:02.318+0000][1][safepoint    ] Application time: 0.0004639 seconds
[2019-12-09T02:50:02.318+0000][1][safepoint    ] Entering safepoint region: RevokeBias
[2019-12-09T02:50:02.318+0000][1][safepoint    ] Leaving safepoint region
[2019-12-09T02:50:02.318+0000][1][safepoint    ] Total time for which application threads were stopped: 0.0000834 seconds, Stopping threads took: 0.0000170 seconds
[2019-12-09T02:50:02.319+0000][1][safepoint    ] Application time: 0.0002071 seconds
[2019-12-09T02:50:02.319+0000][1][safepoint    ] Entering safepoint region: RevokeBias
[2019-12-09T02:50:02.319+0000][1][safepoint    ] Leaving safepoint region
[2019-12-09T02:50:02.319+0000][1][safepoint    ] Total time for which application threads were stopped: 0.0000572 seconds, Stopping threads took: 0.0000114 seconds
[2019-12-09T02:50:02.319+0000][1][safepoint    ] Application time: 0.0001549 seconds
[2019-12-09T02:50:02.319+0000][1][safepoint    ] Entering safepoint region: RevokeBias
[2019-12-09T02:50:02.319+0000][1][safepoint    ] Leaving safepoint region
[2019-12-09T02:50:02.319+0000][1][safepoint    ] Total time for which application threads were stopped: 0.0000558 seconds, Stopping threads took: 0.0000091 seconds
[2019-12-09T02:50:02.331+0000][1][safepoint    ] Application time: 0.0120532 seconds
[2019-12-09T02:50:02.367+0000][1][safepoint    ] Entering safepoint region: RevokeBias
[2019-12-09T02:50:02.367+0000][1][safepoint    ] Leaving safepoint region
[2019-12-09T02:50:02.367+0000][1][safepoint    ] Total time for which application threads were stopped: 0.0361027 seconds, Stopping threads took: 0.0359757 seconds
[2019-12-09T02:50:02.367+0000][1][safepoint    ] Application time: 0.0002392 seconds
[2019-12-09T02:50:02.367+0000][1][safepoint    ] Entering safepoint region: RevokeBias
[2019-12-09T02:50:02.368+0000][1][safepoint    ] Leaving safepoint region
[2019-12-09T02:50:02.368+0000][1][safepoint    ] Total time for which application threads were stopped: 0.0000738 seconds, Stopping threads took: 0.0000145 seconds
[2019-12-09T02:50:02.370+0000][1][safepoint    ] Application time: 0.0023803 seconds
[2019-12-09T02:50:02.370+0000][1][safepoint    ] Entering safepoint region: RevokeBias
[2019-12-09T02:50:02.370+0000][1][safepoint    ] Leaving safepoint region
[2019-12-09T02:50:02.370+0000][1][safepoint    ] Total time for which application threads were stopped: 0.0000953 seconds, Stopping threads took: 0.0000141 seconds
[2019-12-09T02:50:02.371+0000][1][safepoint    ] Application time: 0.0005894 seconds
[2019-12-09T02:50:02.371+0000][1][safepoint    ] Entering safepoint region: RevokeBias
[2019-12-09T02:50:02.371+0000][1][safepoint    ] Leaving safepoint region
[2019-12-09T02:50:02.371+0000][1][safepoint    ] Total time for which application threads were stopped: 0.0000993 seconds, Stopping threads took: 0.0000126 seconds
[2019-12-09T02:50:02.371+0000][1][safepoint    ] Application time: 0.0007240 seconds
[2019-12-09T02:50:02.372+0000][1][safepoint    ] Entering safepoint region: RevokeBias
[2019-12-09T02:50:02.372+0000][1][safepoint    ] Leaving safepoint region
[2019-12-09T02:50:02.372+0000][1][safepoint    ] Total time for which application threads were stopped: 0.0000821 seconds, Stopping threads took: 0.0000119 seconds
[2019-12-09T02:50:02.373+0000][1][safepoint    ] Application time: 0.0014733 seconds
[2019-12-09T02:50:02.373+0000][1][safepoint    ] Entering safepoint region: RevokeBias
[2019-12-09T02:50:02.373+0000][1][safepoint    ] Leaving safepoint region
[2019-12-09T02:50:02.373+0000][1][safepoint    ] Total time for which application threads were stopped: 0.0000656 seconds, Stopping threads took: 0.0000144 seconds
[2019-12-09T02:50:02.373+0000][1][safepoint    ] Application time: 0.0000702 seconds
[2019-12-09T02:50:02.373+0000][1][safepoint    ] Entering safepoint region: RevokeBias
[2019-12-09T02:50:02.373+0000][1][safepoint    ] Leaving safepoint region
[2019-12-09T02:50:02.373+0000][1][safepoint    ] Total time for which application threads were stopped: 0.0000422 seconds, Stopping threads took: 0.0000088 seconds
[2019-12-09T02:50:02.373+0000][1][safepoint    ] Application time: 0.0002128 seconds
[2019-12-09T02:50:02.374+0000][1][safepoint    ] Entering safepoint region: RevokeBias
[2019-12-09T02:50:02.374+0000][1][safepoint    ] Leaving safepoint region
[2019-12-09T02:50:02.374+0000][1][safepoint    ] Total time for which application threads were stopped: 0.0000597 seconds, Stopping threads took: 0.0000114 seconds
[2019-12-09T02:50:02.374+0000][1][safepoint    ] Application time: 0.0000631 seconds
[2019-12-09T02:50:02.374+0000][1][safepoint    ] Entering safepoint region: RevokeBias
[2019-12-09T02:50:02.374+0000][1][safepoint    ] Leaving safepoint region
[2019-12-09T02:50:02.374+0000][1][safepoint    ] Total time for which application threads were stopped: 0.0000593 seconds, Stopping threads took: 0.0000088 seconds
[2019-12-09T02:50:02.374+0000][1][safepoint    ] Application time: 0.0003648 seconds
[2019-12-09T02:50:02.374+0000][1][safepoint    ] Entering safepoint region: RevokeBias
[2019-12-09T02:50:02.374+0000][1][safepoint    ] Leaving safepoint region
[2019-12-09T02:50:02.374+0000][1][safepoint    ] Total time for which application threads were stopped: 0.0000670 seconds, Stopping threads took: 0.0000121 seconds
[2019-12-09T02:50:02.442+0000][1][safepoint    ] Application time: 0.0679952 seconds
[2019-12-09T02:50:02.442+0000][1][safepoint    ] Entering safepoint region: RevokeBias
[2019-12-09T02:50:02.442+0000][1][safepoint    ] Leaving safepoint region
[2019-12-09T02:50:02.442+0000][1][safepoint    ] Total time for which application threads were stopped: 0.0001776 seconds, Stopping threads took: 0.0000652 seconds
[2019-12-09T02:50:02.450+0000][1][safepoint    ] Application time: 0.0073438 seconds
[2019-12-09T02:50:02.450+0000][1][safepoint    ] Entering safepoint region: RevokeBias
[2019-12-09T02:50:02.450+0000][1][safepoint    ] Leaving safepoint region
[2019-12-09T02:50:02.450+0000][1][safepoint    ] Total time for which application threads were stopped: 0.0004526 seconds, Stopping threads took: 0.0000667 seconds
[2019-12-09T02:50:02.502+0000][1][safepoint    ] Application time: 0.0514644 seconds
[2019-12-09T02:50:02.502+0000][1][safepoint    ] Entering safepoint region: RevokeBias
[2019-12-09T02:50:02.502+0000][1][safepoint    ] Leaving safepoint region
[2019-12-09T02:50:02.502+0000][1][safepoint    ] Total time for which application threads were stopped: 0.0001748 seconds, Stopping threads took: 0.0000378 seconds
[2019-12-09T02:50:02.503+0000][1][safepoint    ] Application time: 0.0006598 seconds
[2019-12-09T02:50:02.503+0000][1][safepoint    ] Entering safepoint region: RevokeBias
[2019-12-09T02:50:02.503+0000][1][safepoint    ] Leaving safepoint region
[2019-12-09T02:50:02.503+0000][1][safepoint    ] Total time for which application threads were stopped: 0.0000837 seconds, Stopping threads took: 0.0000159 seconds
[2019-12-09T02:50:02.503+0000][1][safepoint    ] Application time: 0.0001333 seconds
[2019-12-09T02:50:02.503+0000][1][safepoint    ] Entering safepoint region: RevokeBias
[2019-12-09T02:50:02.503+0000][1][safepoint    ] Leaving safepoint region
[2019-12-09T02:50:02.503+0000][1][safepoint    ] Total time for which application threads were stopped: 0.0000572 seconds, Stopping threads took: 0.0000099 seconds
[2019-12-09T02:50:02.503+0000][1][safepoint    ] Application time: 0.0000461 seconds
[2019-12-09T02:50:02.503+0000][1][safepoint    ] Entering safepoint region: RevokeBias
[2019-12-09T02:50:02.503+0000][1][safepoint    ] Leaving safepoint region
[2019-12-09T02:50:02.503+0000][1][safepoint    ] Total time for which application threads were stopped: 0.0000468 seconds, Stopping threads took: 0.0000086 seconds
[2019-12-09T02:50:02.513+0000][1][safepoint    ] Application time: 0.0103296 seconds
[2019-12-09T02:50:02.569+0000][1][safepoint    ] Entering safepoint region: RevokeBias
[2019-12-09T02:50:02.569+0000][1][safepoint    ] Leaving safepoint region
[2019-12-09T02:50:02.569+0000][1][safepoint    ] Total time for which application threads were stopped: 0.0554508 seconds, Stopping threads took: 0.0552837 seconds
[2019-12-09T02:50:02.569+0000][1][safepoint    ] Application time: 0.0003277 seconds
[2019-12-09T02:50:02.569+0000][1][safepoint    ] Entering safepoint region: RevokeBias
[2019-12-09T02:50:02.569+0000][1][safepoint    ] Leaving safepoint region
[2019-12-09T02:50:02.569+0000][1][safepoint    ] Total time for which application threads were stopped: 0.0001027 seconds, Stopping threads took: 0.0000145 seconds
[2019-12-09T02:50:02.581+0000][1][safepoint    ] Application time: 0.0113594 seconds
[2019-12-09T02:50:02.581+0000][1][safepoint    ] Entering safepoint region: RevokeBias
[2019-12-09T02:50:02.581+0000][1][safepoint    ] Leaving safepoint region
[2019-12-09T02:50:02.581+0000][1][safepoint    ] Total time for which application threads were stopped: 0.0001185 seconds, Stopping threads took: 0.0000169 seconds
[2019-12-09T02:50:02.582+0000][1][safepoint    ] Application time: 0.0015567 seconds
[2019-12-09T02:50:02.582+0000][1][safepoint    ] Entering safepoint region: RevokeBias
[2019-12-09T02:50:02.582+0000][1][safepoint    ] Leaving safepoint region
[2019-12-09T02:50:02.582+0000][1][safepoint    ] Total time for which application threads were stopped: 0.0000917 seconds, Stopping threads took: 0.0000147 seconds
[2019-12-09T02:50:02.583+0000][1][safepoint    ] Application time: 0.0000661 seconds
[2019-12-09T02:50:02.583+0000][1][safepoint    ] Entering safepoint region: RevokeBias
[2019-12-09T02:50:02.583+0000][1][safepoint    ] Leaving safepoint region
[2019-12-09T02:50:02.583+0000][1][safepoint    ] Total time for which application threads were stopped: 0.0000514 seconds, Stopping threads took: 0.0000087 seconds
[2019-12-09T02:50:02.583+0000][1][safepoint    ] Application time: 0.0000699 seconds
[2019-12-09T02:50:02.583+0000][1][safepoint    ] Entering safepoint region: RevokeBias
[2019-12-09T02:50:02.583+0000][1][safepoint    ] Leaving safepoint region
[2019-12-09T02:50:02.583+0000][1][safepoint    ] Total time for which application threads were stopped: 0.0000948 seconds, Stopping threads took: 0.0000081 seconds
[2019-12-09T02:50:02.583+0000][1][safepoint    ] Application time: 0.0001235 seconds
[2019-12-09T02:50:02.583+0000][1][safepoint    ] Entering safepoint region: RevokeBias
[2019-12-09T02:50:02.583+0000][1][safepoint    ] Leaving safepoint region
[2019-12-09T02:50:02.583+0000][1][safepoint    ] Total time for which application threads were stopped: 0.0000497 seconds, Stopping threads took: 0.0000080 seconds
[2019-12-09T02:50:02.583+0000][1][safepoint    ] Application time: 0.0000469 seconds
[2019-12-09T02:50:02.583+0000][1][safepoint    ] Entering safepoint region: RevokeBias
[2019-12-09T02:50:02.583+0000][1][safepoint    ] Leaving safepoint region
[2019-12-09T02:50:02.583+0000][1][safepoint    ] Total time for which application threads were stopped: 0.0000433 seconds, Stopping threads took: 0.0000075 seconds
[2019-12-09T02:50:02.602+0000][1][safepoint    ] Application time: 0.0190553 seconds
[2019-12-09T02:50:02.624+0000][1][safepoint    ] Entering safepoint region: RevokeBias
[2019-12-09T02:50:02.625+0000][1][safepoint    ] Leaving safepoint region
[2019-12-09T02:50:02.625+0000][1][safepoint    ] Total time for which application threads were stopped: 0.0225271 seconds, Stopping threads took: 0.0223544 seconds
[2019-12-09T02:50:02.626+0000][1][safepoint    ] Application time: 0.0011426 seconds
[2019-12-09T02:50:02.626+0000][1][safepoint    ] Entering safepoint region: RevokeBias
[2019-12-09T02:50:02.626+0000][1][safepoint    ] Leaving safepoint region
[2019-12-09T02:50:02.626+0000][1][safepoint    ] Total time for which application threads were stopped: 0.0001387 seconds, Stopping threads took: 0.0000409 seconds
[2019-12-09T02:50:02.639+0000][1][safepoint    ] Application time: 0.0129598 seconds
[2019-12-09T02:50:02.639+0000][1][safepoint    ] Entering safepoint region: RevokeBias
[2019-12-09T02:50:02.639+0000][1][safepoint    ] Leaving safepoint region
[2019-12-09T02:50:02.639+0000][1][safepoint    ] Total time for which application threads were stopped: 0.0001312 seconds, Stopping threads took: 0.0000139 seconds
[2019-12-09T02:50:02.639+0000][1][safepoint    ] Application time: 0.0001679 seconds
[2019-12-09T02:50:02.639+0000][1][safepoint    ] Entering safepoint region: RevokeBias
[2019-12-09T02:50:02.639+0000][1][safepoint    ] Leaving safepoint region
[2019-12-09T02:50:02.639+0000][1][safepoint    ] Total time for which application threads were stopped: 0.0000722 seconds, Stopping threads took: 0.0000088 seconds
[2019-12-09T02:50:02.640+0000][1][safepoint    ] Application time: 0.0001862 seconds
[2019-12-09T02:50:02.640+0000][1][safepoint    ] Entering safepoint region: RevokeBias
[2019-12-09T02:50:02.640+0000][1][safepoint    ] Leaving safepoint region
[2019-12-09T02:50:02.640+0000][1][safepoint    ] Total time for which application threads were stopped: 0.0000838 seconds, Stopping threads took: 0.0000093 seconds
[2019-12-09T02:50:02.640+0000][1][safepoint    ] Application time: 0.0001347 seconds
[2019-12-09T02:50:02.640+0000][1][safepoint    ] Entering safepoint region: RevokeBias
[2019-12-09T02:50:02.640+0000][1][safepoint    ] Leaving safepoint region
[2019-12-09T02:50:02.640+0000][1][safepoint    ] Total time for which application threads were stopped: 0.0000893 seconds, Stopping threads took: 0.0000093 seconds
[2019-12-09T02:50:02.642+0000][1][safepoint    ] Application time: 0.0018694 seconds
[2019-12-09T02:50:02.642+0000][1][safepoint    ] Entering safepoint region: RevokeBias
[2019-12-09T02:50:02.642+0000][1][safepoint    ] Leaving safepoint region
[2019-12-09T02:50:02.642+0000][1][safepoint    ] Total time for which application threads were stopped: 0.0001456 seconds, Stopping threads took: 0.0000403 seconds
[2019-12-09T02:50:02.671+0000][1][safepoint    ] Application time: 0.0288117 seconds
[2019-12-09T02:50:02.671+0000][1][safepoint    ] Entering safepoint region: RevokeBias
[2019-12-09T02:50:02.671+0000][1][safepoint    ] Leaving safepoint region
[2019-12-09T02:50:02.671+0000][1][safepoint    ] Total time for which application threads were stopped: 0.0001882 seconds, Stopping threads took: 0.0000151 seconds
[2019-12-09T02:50:02.680+0000][1][safepoint    ] Application time: 0.0087323 seconds
[2019-12-09T02:50:02.680+0000][1][safepoint    ] Entering safepoint region: BulkRevokeBias
[2019-12-09T02:50:02.680+0000][1][safepoint    ] Leaving safepoint region
[2019-12-09T02:50:02.680+0000][1][safepoint    ] Total time for which application threads were stopped: 0.0005908 seconds, Stopping threads took: 0.0000145 seconds
[2019-12-09T02:50:02.680+0000][1][safepoint    ] Application time: 0.0001357 seconds
[2019-12-09T02:50:02.680+0000][1][safepoint    ] Entering safepoint region: RevokeBias
[2019-12-09T02:50:02.681+0000][1][safepoint    ] Leaving safepoint region
[2019-12-09T02:50:02.681+0000][1][safepoint    ] Total time for which application threads were stopped: 0.0001673 seconds, Stopping threads took: 0.0000111 seconds
[2019-12-09T02:50:02.699+0000][1][safepoint    ] Application time: 0.0180450 seconds
[2019-12-09T02:50:02.700+0000][1][safepoint    ] Entering safepoint region: RevokeBias
[2019-12-09T02:50:02.700+0000][1][safepoint    ] Leaving safepoint region
[2019-12-09T02:50:02.700+0000][1][safepoint    ] Total time for which application threads were stopped: 0.0009151 seconds, Stopping threads took: 0.0008279 seconds
[2019-12-09T02:50:02.702+0000][1][safepoint    ] Application time: 0.0023842 seconds
[2019-12-09T02:50:02.702+0000][1][safepoint    ] Entering safepoint region: RevokeBias
[2019-12-09T02:50:02.702+0000][1][safepoint    ] Leaving safepoint region
[2019-12-09T02:50:02.702+0000][1][safepoint    ] Total time for which application threads were stopped: 0.0000772 seconds, Stopping threads took: 0.0000133 seconds
[2019-12-09T02:50:02.707+0000][1][safepoint    ] Application time: 0.0046141 seconds
[2019-12-09T02:50:02.707+0000][1][safepoint    ] Entering safepoint region: RevokeBias
[2019-12-09T02:50:02.707+0000][1][safepoint    ] Leaving safepoint region
[2019-12-09T02:50:02.707+0000][1][safepoint    ] Total time for which application threads were stopped: 0.0000919 seconds, Stopping threads took: 0.0000232 seconds
[2019-12-09T02:50:02.713+0000][1][safepoint    ] Application time: 0.0064889 seconds
[2019-12-09T02:50:02.764+0000][1][safepoint    ] Entering safepoint region: RevokeBias
[2019-12-09T02:50:02.765+0000][1][safepoint    ] Leaving safepoint region
[2019-12-09T02:50:02.765+0000][1][safepoint    ] Total time for which application threads were stopped: 0.0513304 seconds, Stopping threads took: 0.0510943 seconds
[2019-12-09T02:50:02.777+0000][1][safepoint    ] Application time: 0.0121491 seconds
[2019-12-09T02:50:02.777+0000][1][safepoint    ] Entering safepoint region: RevokeBias
[2019-12-09T02:50:02.777+0000][1][safepoint    ] Leaving safepoint region
[2019-12-09T02:50:02.777+0000][1][safepoint    ] Total time for which application threads were stopped: 0.0001072 seconds, Stopping threads took: 0.0000152 seconds
[2019-12-09T02:50:02.779+0000][1][safepoint    ] Application time: 0.0016189 seconds
[2019-12-09T02:50:02.779+0000][1][safepoint    ] Entering safepoint region: RevokeBias
[2019-12-09T02:50:02.779+0000][1][safepoint    ] Leaving safepoint region
[2019-12-09T02:50:02.779+0000][1][safepoint    ] Total time for which application threads were stopped: 0.0001461 seconds, Stopping threads took: 0.0000139 seconds
[2019-12-09T02:50:02.806+0000][1][safepoint    ] Application time: 0.0270114 seconds
[2019-12-09T02:50:02.806+0000][1][safepoint    ] Entering safepoint region: RevokeBias
[2019-12-09T02:50:02.806+0000][1][safepoint    ] Leaving safepoint region
[2019-12-09T02:50:02.806+0000][1][safepoint    ] Total time for which application threads were stopped: 0.0001350 seconds, Stopping threads took: 0.0000514 seconds
[2019-12-09T02:50:02.807+0000][1][safepoint    ] Application time: 0.0005593 seconds
[2019-12-09T02:50:02.807+0000][1][safepoint    ] Entering safepoint region: BulkRevokeBias
[2019-12-09T02:50:02.807+0000][1][safepoint    ] Leaving safepoint region
[2019-12-09T02:50:02.807+0000][1][safepoint    ] Total time for which application threads were stopped: 0.0005026 seconds, Stopping threads took: 0.0000151 seconds
[2019-12-09T02:50:02.810+0000][1][safepoint    ] Application time: 0.0032209 seconds
[2019-12-09T02:50:02.810+0000][1][safepoint    ] Entering safepoint region: RevokeBias
[2019-12-09T02:50:02.810+0000][1][safepoint    ] Leaving safepoint region
[2019-12-09T02:50:02.810+0000][1][safepoint    ] Total time for which application threads were stopped: 0.0001091 seconds, Stopping threads took: 0.0000217 seconds
[2019-12-09T02:50:02.812+0000][1][safepoint    ] Application time: 0.0010695 seconds
[2019-12-09T02:50:02.812+0000][1][safepoint    ] Entering safepoint region: RevokeBias
[2019-12-09T02:50:02.812+0000][1][safepoint    ] Leaving safepoint region
[2019-12-09T02:50:02.812+0000][1][safepoint    ] Total time for which application threads were stopped: 0.0000633 seconds, Stopping threads took: 0.0000119 seconds
[2019-12-09T02:50:02.861+0000][1][safepoint    ] Application time: 0.0497495 seconds
[2019-12-09T02:50:02.861+0000][1][safepoint    ] Entering safepoint region: RevokeBias
[2019-12-09T02:50:02.861+0000][1][safepoint    ] Leaving safepoint region
[2019-12-09T02:50:02.861+0000][1][safepoint    ] Total time for which application threads were stopped: 0.0000806 seconds, Stopping threads took: 0.0000161 seconds
[2019-12-09T02:50:02.866+0000][1][safepoint    ] Application time: 0.0047525 seconds
[2019-12-09T02:50:02.866+0000][1][safepoint    ] Entering safepoint region: RevokeBias
[2019-12-09T02:50:02.866+0000][1][safepoint    ] Leaving safepoint region
[2019-12-09T02:50:02.866+0000][1][safepoint    ] Total time for which application threads were stopped: 0.0000808 seconds, Stopping threads took: 0.0000146 seconds
[2019-12-09T02:50:02.871+0000][1][safepoint    ] Application time: 0.0050822 seconds
[2019-12-09T02:50:02.871+0000][1][safepoint    ] Entering safepoint region: RevokeBias
[2019-12-09T02:50:02.872+0000][1][safepoint    ] Leaving safepoint region
[2019-12-09T02:50:02.872+0000][1][safepoint    ] Total time for which application threads were stopped: 0.0000633 seconds, Stopping threads took: 0.0000138 seconds
[2019-12-09T02:50:02.877+0000][1][safepoint    ] Application time: 0.0056390 seconds
[2019-12-09T02:50:02.877+0000][1][safepoint    ] Entering safepoint region: RevokeBias
[2019-12-09T02:50:02.877+0000][1][safepoint    ] Leaving safepoint region
[2019-12-09T02:50:02.877+0000][1][safepoint    ] Total time for which application threads were stopped: 0.0000389 seconds, Stopping threads took: 0.0000115 seconds
[2019-12-09T02:50:02.877+0000][1][safepoint    ] Application time: 0.0000882 seconds
[2019-12-09T02:50:02.877+0000][1][safepoint    ] Entering safepoint region: RevokeBias
[2019-12-09T02:50:02.877+0000][1][safepoint    ] Leaving safepoint region
[2019-12-09T02:50:02.877+0000][1][safepoint    ] Total time for which application threads were stopped: 0.0000251 seconds, Stopping threads took: 0.0000080 seconds
[2019-12-09T02:50:02.878+0000][1][safepoint    ] Application time: 0.0001514 seconds
[2019-12-09T02:50:02.878+0000][1][safepoint    ] Entering safepoint region: RevokeBias
[2019-12-09T02:50:02.878+0000][1][safepoint    ] Leaving safepoint region
[2019-12-09T02:50:02.878+0000][1][safepoint    ] Total time for which application threads were stopped: 0.0000355 seconds, Stopping threads took: 0.0000082 seconds
[2019-12-09T02:50:02.879+0000][1][safepoint    ] Application time: 0.0012413 seconds
[2019-12-09T02:50:02.879+0000][1][safepoint    ] Entering safepoint region: RevokeBias
[2019-12-09T02:50:02.879+0000][1][safepoint    ] Leaving safepoint region
[2019-12-09T02:50:02.879+0000][1][safepoint    ] Total time for which application threads were stopped: 0.0000512 seconds, Stopping threads took: 0.0000112 seconds
[2019-12-09T02:50:02.898+0000][1][gc,heap,exit ] Heap
[2019-12-09T02:50:02.898+0000][1][gc,heap,exit ]  par new generation   total 78656K, used 66746K [0x00000000f0000000, 0x00000000f5550000, 0x00000000f5550000)
[2019-12-09T02:50:02.898+0000][1][gc,heap,exit ]   eden space 69952K,  94% used [0x00000000f0000000, 0x00000000f40be4f8, 0x00000000f4450000)
[2019-12-09T02:50:02.898+0000][1][gc,heap,exit ]   from space 8704K,   5% used [0x00000000f4cd0000, 0x00000000f4d40690, 0x00000000f5550000)
[2019-12-09T02:50:02.898+0000][1][gc,heap,exit ]   to   space 8704K,   0% used [0x00000000f4450000, 0x00000000f4450000, 0x00000000f4cd0000)
[2019-12-09T02:50:02.898+0000][1][gc,heap,exit ]  concurrent mark-sweep generation total 174784K, used 69992K [0x00000000f5550000, 0x0000000100000000, 0x0000000100000000)
[2019-12-09T02:50:02.898+0000][1][gc,heap,exit ]  Metaspace       used 69233K, capacity 74450K, committed 74788K, reserved 1112064K
[2019-12-09T02:50:02.898+0000][1][gc,heap,exit ]   class space    used 9341K, capacity 11563K, committed 11660K, reserved 1048576K
[2019-12-09T02:50:02.898+0000][1][safepoint    ] Application time: 0.0191137 seconds
[2019-12-09T02:50:02.898+0000][1][safepoint    ] Entering safepoint region: Exit
