[2019-12-09T02:51:20.295+0000][1][gc] Using Concurrent Mark Sweep
[2019-12-09T02:51:20.295+0000][1][gc,heap,coops] Heap address: 0x00000000f0000000, size: 256 MB, Compressed Oops mode: 32-bit
[2019-12-09T02:51:20.768+0000][1][safepoint    ] Entering safepoint region: EnableBiasedLocking
[2019-12-09T02:51:20.768+0000][1][safepoint    ] Leaving safepoint region
[2019-12-09T02:51:20.768+0000][1][safepoint    ] Total time for which application threads were stopped: 0.0843861 seconds, Stopping threads took: 0.0842851 seconds
[2019-12-09T02:51:20.782+0000][1][safepoint    ] Application time: 0.0138026 seconds
[2019-12-09T02:51:20.822+0000][1][safepoint    ] Entering safepoint region: RevokeBias
[2019-12-09T02:51:20.822+0000][1][safepoint    ] Leaving safepoint region
[2019-12-09T02:51:20.822+0000][1][safepoint    ] Total time for which application threads were stopped: 0.0400026 seconds, Stopping threads took: 0.0399145 seconds
[2019-12-09T02:51:20.855+0000][1][safepoint    ] Application time: 0.0323250 seconds
[2019-12-09T02:51:20.855+0000][1][safepoint    ] Entering safepoint region: Deoptimize
[2019-12-09T02:51:20.855+0000][1][safepoint    ] Leaving safepoint region
[2019-12-09T02:51:20.855+0000][1][safepoint    ] Total time for which application threads were stopped: 0.0000684 seconds, Stopping threads took: 0.0000101 seconds
[2019-12-09T02:51:21.620+0000][1][safepoint    ] Application time: 0.7655804 seconds
[2019-12-09T02:51:21.620+0000][1][safepoint    ] Entering safepoint region: Deoptimize
[2019-12-09T02:51:21.620+0000][1][safepoint    ] Leaving safepoint region
[2019-12-09T02:51:21.620+0000][1][safepoint    ] Total time for which application threads were stopped: 0.0001041 seconds, Stopping threads took: 0.0000118 seconds
[2019-12-09T02:51:22.632+0000][1][safepoint    ] Application time: 1.0112504 seconds
[2019-12-09T02:51:22.632+0000][1][safepoint    ] Entering safepoint region: Cleanup
[2019-12-09T02:51:22.632+0000][1][safepoint    ] Leaving safepoint region
[2019-12-09T02:51:22.632+0000][1][safepoint    ] Total time for which application threads were stopped: 0.0004999 seconds, Stopping threads took: 0.0004299 seconds
[2019-12-09T02:51:23.633+0000][1][safepoint    ] Application time: 1.0008697 seconds
[2019-12-09T02:51:23.633+0000][1][safepoint    ] Entering safepoint region: Cleanup
[2019-12-09T02:51:23.633+0000][1][safepoint    ] Leaving safepoint region
[2019-12-09T02:51:23.633+0000][1][safepoint    ] Total time for which application threads were stopped: 0.0001345 seconds, Stopping threads took: 0.0000833 seconds
[2019-12-09T02:51:23.702+0000][1][safepoint    ] Application time: 0.0689855 seconds
[2019-12-09T02:51:23.702+0000][1][safepoint    ] Entering safepoint region: Deoptimize
[2019-12-09T02:51:23.702+0000][1][safepoint    ] Leaving safepoint region
[2019-12-09T02:51:23.702+0000][1][safepoint    ] Total time for which application threads were stopped: 0.0001455 seconds, Stopping threads took: 0.0000113 seconds
[2019-12-09T02:51:23.941+0000][1][safepoint    ] Application time: 0.2389575 seconds
[2019-12-09T02:51:23.942+0000][1][safepoint    ] Entering safepoint region: Deoptimize
[2019-12-09T02:51:23.942+0000][1][safepoint    ] Leaving safepoint region
[2019-12-09T02:51:23.942+0000][1][safepoint    ] Total time for which application threads were stopped: 0.0001979 seconds, Stopping threads took: 0.0000699 seconds
[2019-12-09T02:51:24.623+0000][1][safepoint    ] Application time: 0.6808121 seconds
[2019-12-09T02:51:24.623+0000][1][safepoint    ] Entering safepoint region: Deoptimize
[2019-12-09T02:51:24.623+0000][1][safepoint    ] Leaving safepoint region
[2019-12-09T02:51:24.623+0000][1][safepoint    ] Total time for which application threads were stopped: 0.0002654 seconds, Stopping threads took: 0.0001091 seconds
[2019-12-09T02:51:24.698+0000][1][safepoint    ] Application time: 0.0750286 seconds
[2019-12-09T02:51:24.698+0000][1][safepoint    ] Entering safepoint region: Deoptimize
[2019-12-09T02:51:24.698+0000][1][safepoint    ] Leaving safepoint region
[2019-12-09T02:51:24.698+0000][1][safepoint    ] Total time for which application threads were stopped: 0.0001490 seconds, Stopping threads took: 0.0000115 seconds
[2019-12-09T02:51:25.718+0000][1][safepoint    ] Application time: 1.0203892 seconds
[2019-12-09T02:51:25.772+0000][1][safepoint    ] Entering safepoint region: Cleanup
[2019-12-09T02:51:25.772+0000][1][safepoint    ] Leaving safepoint region
[2019-12-09T02:51:25.772+0000][1][safepoint    ] Total time for which application threads were stopped: 0.0533635 seconds, Stopping threads took: 0.0533066 seconds
[2019-12-09T02:51:26.777+0000][1][safepoint    ] Application time: 1.0048998 seconds
[2019-12-09T02:51:26.777+0000][1][safepoint    ] Entering safepoint region: Cleanup
[2019-12-09T02:51:26.777+0000][1][safepoint    ] Leaving safepoint region
[2019-12-09T02:51:26.777+0000][1][safepoint    ] Total time for which application threads were stopped: 0.0000560 seconds, Stopping threads took: 0.0000123 seconds
[2019-12-09T02:51:27.785+0000][1][safepoint    ] Application time: 1.0078916 seconds
[2019-12-09T02:51:27.785+0000][1][safepoint    ] Entering safepoint region: Cleanup
[2019-12-09T02:51:27.785+0000][1][safepoint    ] Leaving safepoint region
[2019-12-09T02:51:27.785+0000][1][safepoint    ] Total time for which application threads were stopped: 0.0001331 seconds, Stopping threads took: 0.0000856 seconds
[2019-12-09T02:51:28.807+0000][1][safepoint    ] Application time: 1.0218142 seconds
[2019-12-09T02:51:28.807+0000][1][safepoint    ] Entering safepoint region: Cleanup
[2019-12-09T02:51:28.807+0000][1][safepoint    ] Leaving safepoint region
[2019-12-09T02:51:28.807+0000][1][safepoint    ] Total time for which application threads were stopped: 0.0000546 seconds, Stopping threads took: 0.0000141 seconds
[2019-12-09T02:51:29.060+0000][1][safepoint    ] Application time: 0.2534421 seconds
[2019-12-09T02:51:29.060+0000][1][safepoint    ] Entering safepoint region: Deoptimize
[2019-12-09T02:51:29.060+0000][1][safepoint    ] Leaving safepoint region
[2019-12-09T02:51:29.061+0000][1][safepoint    ] Total time for which application threads were stopped: 0.0001920 seconds, Stopping threads took: 0.0000113 seconds
[2019-12-09T02:51:30.066+0000][1][safepoint    ] Application time: 1.0051926 seconds
[2019-12-09T02:51:30.109+0000][1][safepoint    ] Entering safepoint region: Cleanup
[2019-12-09T02:51:30.109+0000][1][safepoint    ] Leaving safepoint region
[2019-12-09T02:51:30.109+0000][1][safepoint    ] Total time for which application threads were stopped: 0.0431509 seconds, Stopping threads took: 0.0430933 seconds
[2019-12-09T02:51:31.124+0000][1][safepoint    ] Application time: 1.0147999 seconds
[2019-12-09T02:51:31.189+0000][1][safepoint    ] Entering safepoint region: Cleanup
[2019-12-09T02:51:31.189+0000][1][safepoint    ] Leaving safepoint region
[2019-12-09T02:51:31.189+0000][1][safepoint    ] Total time for which application threads were stopped: 0.0650919 seconds, Stopping threads took: 0.0650247 seconds
[2019-12-09T02:51:32.215+0000][1][safepoint    ] Application time: 1.0258659 seconds
[2019-12-09T02:51:32.215+0000][1][safepoint    ] Entering safepoint region: Deoptimize
[2019-12-09T02:51:32.215+0000][1][safepoint    ] Leaving safepoint region
[2019-12-09T02:51:32.215+0000][1][safepoint    ] Total time for which application threads were stopped: 0.0002937 seconds, Stopping threads took: 0.0000128 seconds
[2019-12-09T02:51:33.193+0000][1][safepoint    ] Application time: 0.9776569 seconds
[2019-12-09T02:51:33.193+0000][1][safepoint    ] Entering safepoint region: Deoptimize
[2019-12-09T02:51:33.193+0000][1][safepoint    ] Leaving safepoint region
[2019-12-09T02:51:33.193+0000][1][safepoint    ] Total time for which application threads were stopped: 0.0003131 seconds, Stopping threads took: 0.0000114 seconds
[2019-12-09T02:51:33.193+0000][1][safepoint    ] Application time: 0.0002058 seconds
[2019-12-09T02:51:33.193+0000][1][safepoint    ] Entering safepoint region: Deoptimize
[2019-12-09T02:51:33.193+0000][1][safepoint    ] Leaving safepoint region
[2019-12-09T02:51:33.193+0000][1][safepoint    ] Total time for which application threads were stopped: 0.0001987 seconds, Stopping threads took: 0.0000076 seconds
[2019-12-09T02:51:33.376+0000][1][safepoint    ] Application time: 0.1826778 seconds
[2019-12-09T02:51:33.376+0000][1][safepoint    ] Entering safepoint region: Deoptimize
[2019-12-09T02:51:33.376+0000][1][safepoint    ] Leaving safepoint region
[2019-12-09T02:51:33.376+0000][1][safepoint    ] Total time for which application threads were stopped: 0.0002742 seconds, Stopping threads took: 0.0000132 seconds
[2019-12-09T02:51:33.414+0000][1][safepoint    ] Application time: 0.0377650 seconds
[2019-12-09T02:51:33.414+0000][1][safepoint    ] Entering safepoint region: RevokeBias
[2019-12-09T02:51:33.414+0000][1][safepoint    ] Leaving safepoint region
[2019-12-09T02:51:33.414+0000][1][safepoint    ] Total time for which application threads were stopped: 0.0001625 seconds, Stopping threads took: 0.0000781 seconds
[2019-12-09T02:51:33.420+0000][1][safepoint    ] Application time: 0.0054538 seconds
[2019-12-09T02:51:33.420+0000][1][safepoint    ] Entering safepoint region: RevokeBias
[2019-12-09T02:51:33.420+0000][1][safepoint    ] Leaving safepoint region
[2019-12-09T02:51:33.420+0000][1][safepoint    ] Total time for which application threads were stopped: 0.0003126 seconds, Stopping threads took: 0.0002672 seconds
[2019-12-09T02:51:33.420+0000][1][safepoint    ] Application time: 0.0000799 seconds
[2019-12-09T02:51:33.420+0000][1][safepoint    ] Entering safepoint region: RevokeBias
[2019-12-09T02:51:33.420+0000][1][safepoint    ] Leaving safepoint region
[2019-12-09T02:51:33.420+0000][1][safepoint    ] Total time for which application threads were stopped: 0.0000380 seconds, Stopping threads took: 0.0000078 seconds
[2019-12-09T02:51:33.421+0000][1][safepoint    ] Application time: 0.0001329 seconds
[2019-12-09T02:51:33.421+0000][1][safepoint    ] Entering safepoint region: RevokeBias
[2019-12-09T02:51:33.421+0000][1][safepoint    ] Leaving safepoint region
[2019-12-09T02:51:33.421+0000][1][safepoint    ] Total time for which application threads were stopped: 0.0000382 seconds, Stopping threads took: 0.0000074 seconds
[2019-12-09T02:51:34.423+0000][1][safepoint    ] Application time: 1.0021615 seconds
[2019-12-09T02:51:34.423+0000][1][safepoint    ] Entering safepoint region: Cleanup
[2019-12-09T02:51:34.423+0000][1][safepoint    ] Leaving safepoint region
[2019-12-09T02:51:34.423+0000][1][safepoint    ] Total time for which application threads were stopped: 0.0001162 seconds, Stopping threads took: 0.0000608 seconds
[2019-12-09T02:51:34.990+0000][1][safepoint    ] Application time: 0.5666282 seconds
[2019-12-09T02:51:34.990+0000][1][safepoint    ] Entering safepoint region: GenCollectForAllocation
[2019-12-09T02:51:34.990+0000][1][gc,start     ] GC(0) Pause Young (Allocation Failure)
[2019-12-09T02:51:34.991+0000][1][gc,task      ] GC(0) Using 2 workers of 2 for evacuation
[2019-12-09T02:51:35.170+0000][1][gc,age       ] GC(0) Desired survivor size 4456448 bytes, new threshold 1 (max threshold 6)
[2019-12-09T02:51:35.171+0000][1][gc,age       ] GC(0) Age table with threshold 1 (max threshold 6)
[2019-12-09T02:51:35.171+0000][1][gc,age       ] GC(0) - age   1:    6718432 bytes,    6718432 total
[2019-12-09T02:51:35.171+0000][1][gc,heap      ] GC(0) ParNew: 69952K->6608K(78656K)
[2019-12-09T02:51:35.171+0000][1][gc,heap      ] GC(0) CMS: 0K->0K(174784K)
[2019-12-09T02:51:35.171+0000][1][gc,metaspace ] GC(0) Metaspace: 12965K->12965K(1060864K)
[2019-12-09T02:51:35.171+0000][1][gc           ] GC(0) Pause Young (Allocation Failure) 68M->6M(247M) 180.878ms
[2019-12-09T02:51:35.171+0000][1][gc,cpu       ] GC(0) User=0.02s Sys=0.00s Real=0.18s
[2019-12-09T02:51:35.171+0000][1][safepoint    ] Leaving safepoint region
[2019-12-09T02:51:35.171+0000][1][safepoint    ] Total time for which application threads were stopped: 0.1810972 seconds, Stopping threads took: 0.0000713 seconds
[2019-12-09T02:51:35.177+0000][1][safepoint    ] Application time: 0.0060910 seconds
[2019-12-09T02:51:35.177+0000][1][safepoint    ] Entering safepoint region: RevokeBias
[2019-12-09T02:51:35.177+0000][1][safepoint    ] Leaving safepoint region
[2019-12-09T02:51:35.177+0000][1][safepoint    ] Total time for which application threads were stopped: 0.0001363 seconds, Stopping threads took: 0.0000849 seconds
[2019-12-09T02:51:35.177+0000][1][safepoint    ] Application time: 0.0001316 seconds
[2019-12-09T02:51:35.177+0000][1][safepoint    ] Entering safepoint region: RevokeBias
[2019-12-09T02:51:35.177+0000][1][safepoint    ] Leaving safepoint region
[2019-12-09T02:51:35.177+0000][1][safepoint    ] Total time for which application threads were stopped: 0.0000400 seconds, Stopping threads took: 0.0000108 seconds
[2019-12-09T02:51:35.177+0000][1][safepoint    ] Application time: 0.0000685 seconds
[2019-12-09T02:51:35.177+0000][1][safepoint    ] Entering safepoint region: RevokeBias
[2019-12-09T02:51:35.177+0000][1][safepoint    ] Leaving safepoint region
[2019-12-09T02:51:35.177+0000][1][safepoint    ] Total time for which application threads were stopped: 0.0000299 seconds, Stopping threads took: 0.0000082 seconds
[2019-12-09T02:51:35.177+0000][1][safepoint    ] Application time: 0.0000509 seconds
[2019-12-09T02:51:35.177+0000][1][safepoint    ] Entering safepoint region: RevokeBias
[2019-12-09T02:51:35.177+0000][1][safepoint    ] Leaving safepoint region
[2019-12-09T02:51:35.177+0000][1][safepoint    ] Total time for which application threads were stopped: 0.0000385 seconds, Stopping threads took: 0.0000082 seconds
[2019-12-09T02:51:35.177+0000][1][safepoint    ] Application time: 0.0000472 seconds
[2019-12-09T02:51:35.177+0000][1][safepoint    ] Entering safepoint region: RevokeBias
[2019-12-09T02:51:35.177+0000][1][safepoint    ] Leaving safepoint region
[2019-12-09T02:51:35.177+0000][1][safepoint    ] Total time for which application threads were stopped: 0.0000243 seconds, Stopping threads took: 0.0000065 seconds
[2019-12-09T02:51:35.177+0000][1][safepoint    ] Application time: 0.0000441 seconds
[2019-12-09T02:51:35.177+0000][1][safepoint    ] Entering safepoint region: RevokeBias
[2019-12-09T02:51:35.177+0000][1][safepoint    ] Leaving safepoint region
[2019-12-09T02:51:35.177+0000][1][safepoint    ] Total time for which application threads were stopped: 0.0000260 seconds, Stopping threads took: 0.0000067 seconds
[2019-12-09T02:51:35.178+0000][1][safepoint    ] Application time: 0.0000497 seconds
[2019-12-09T02:51:35.178+0000][1][safepoint    ] Entering safepoint region: RevokeBias
[2019-12-09T02:51:35.178+0000][1][safepoint    ] Leaving safepoint region
[2019-12-09T02:51:35.178+0000][1][safepoint    ] Total time for which application threads were stopped: 0.0000371 seconds, Stopping threads took: 0.0000074 seconds
[2019-12-09T02:51:35.178+0000][1][safepoint    ] Application time: 0.0000529 seconds
[2019-12-09T02:51:35.178+0000][1][safepoint    ] Entering safepoint region: RevokeBias
[2019-12-09T02:51:35.178+0000][1][safepoint    ] Leaving safepoint region
[2019-12-09T02:51:35.178+0000][1][safepoint    ] Total time for which application threads were stopped: 0.0000535 seconds, Stopping threads took: 0.0000078 seconds
[2019-12-09T02:51:35.178+0000][1][safepoint    ] Application time: 0.0000592 seconds
[2019-12-09T02:51:35.178+0000][1][safepoint    ] Entering safepoint region: RevokeBias
[2019-12-09T02:51:35.178+0000][1][safepoint    ] Leaving safepoint region
[2019-12-09T02:51:35.178+0000][1][safepoint    ] Total time for which application threads were stopped: 0.0000301 seconds, Stopping threads took: 0.0000092 seconds
[2019-12-09T02:51:35.178+0000][1][safepoint    ] Application time: 0.0000496 seconds
[2019-12-09T02:51:35.178+0000][1][safepoint    ] Entering safepoint region: RevokeBias
[2019-12-09T02:51:35.178+0000][1][safepoint    ] Leaving safepoint region
[2019-12-09T02:51:35.178+0000][1][safepoint    ] Total time for which application threads were stopped: 0.0000269 seconds, Stopping threads took: 0.0000076 seconds
[2019-12-09T02:51:35.178+0000][1][safepoint    ] Application time: 0.0000529 seconds
[2019-12-09T02:51:35.178+0000][1][safepoint    ] Entering safepoint region: RevokeBias
[2019-12-09T02:51:35.178+0000][1][safepoint    ] Leaving safepoint region
[2019-12-09T02:51:35.178+0000][1][safepoint    ] Total time for which application threads were stopped: 0.0000345 seconds, Stopping threads took: 0.0000142 seconds
[2019-12-09T02:51:35.178+0000][1][safepoint    ] Application time: 0.0000494 seconds
[2019-12-09T02:51:35.178+0000][1][safepoint    ] Entering safepoint region: RevokeBias
[2019-12-09T02:51:35.178+0000][1][safepoint    ] Leaving safepoint region
[2019-12-09T02:51:35.178+0000][1][safepoint    ] Total time for which application threads were stopped: 0.0000260 seconds, Stopping threads took: 0.0000076 seconds
[2019-12-09T02:51:35.178+0000][1][safepoint    ] Application time: 0.0000537 seconds
[2019-12-09T02:51:35.178+0000][1][safepoint    ] Entering safepoint region: RevokeBias
[2019-12-09T02:51:35.178+0000][1][safepoint    ] Leaving safepoint region
[2019-12-09T02:51:35.178+0000][1][safepoint    ] Total time for which application threads were stopped: 0.0000269 seconds, Stopping threads took: 0.0000077 seconds
[2019-12-09T02:51:35.178+0000][1][safepoint    ] Application time: 0.0000487 seconds
[2019-12-09T02:51:35.178+0000][1][safepoint    ] Entering safepoint region: RevokeBias
[2019-12-09T02:51:35.178+0000][1][safepoint    ] Leaving safepoint region
[2019-12-09T02:51:35.178+0000][1][safepoint    ] Total time for which application threads were stopped: 0.0000253 seconds, Stopping threads took: 0.0000071 seconds
[2019-12-09T02:51:35.178+0000][1][safepoint    ] Application time: 0.0000535 seconds
[2019-12-09T02:51:35.178+0000][1][safepoint    ] Entering safepoint region: RevokeBias
[2019-12-09T02:51:35.178+0000][1][safepoint    ] Leaving safepoint region
[2019-12-09T02:51:35.178+0000][1][safepoint    ] Total time for which application threads were stopped: 0.0000286 seconds, Stopping threads took: 0.0000080 seconds
[2019-12-09T02:51:35.178+0000][1][safepoint    ] Application time: 0.0000504 seconds
[2019-12-09T02:51:35.178+0000][1][safepoint    ] Entering safepoint region: RevokeBias
[2019-12-09T02:51:35.178+0000][1][safepoint    ] Leaving safepoint region
[2019-12-09T02:51:35.178+0000][1][safepoint    ] Total time for which application threads were stopped: 0.0000287 seconds, Stopping threads took: 0.0000079 seconds
[2019-12-09T02:51:35.179+0000][1][safepoint    ] Application time: 0.0000576 seconds
[2019-12-09T02:51:35.179+0000][1][safepoint    ] Entering safepoint region: RevokeBias
[2019-12-09T02:51:35.179+0000][1][safepoint    ] Leaving safepoint region
[2019-12-09T02:51:35.179+0000][1][safepoint    ] Total time for which application threads were stopped: 0.0000290 seconds, Stopping threads took: 0.0000081 seconds
[2019-12-09T02:51:35.179+0000][1][safepoint    ] Application time: 0.0000500 seconds
[2019-12-09T02:51:35.179+0000][1][safepoint    ] Entering safepoint region: RevokeBias
[2019-12-09T02:51:35.179+0000][1][safepoint    ] Leaving safepoint region
[2019-12-09T02:51:35.179+0000][1][safepoint    ] Total time for which application threads were stopped: 0.0000463 seconds, Stopping threads took: 0.0000081 seconds
[2019-12-09T02:51:35.179+0000][1][safepoint    ] Application time: 0.0000846 seconds
[2019-12-09T02:51:35.179+0000][1][safepoint    ] Entering safepoint region: RevokeBias
[2019-12-09T02:51:35.179+0000][1][safepoint    ] Leaving safepoint region
[2019-12-09T02:51:35.179+0000][1][safepoint    ] Total time for which application threads were stopped: 0.0000298 seconds, Stopping threads took: 0.0000070 seconds
[2019-12-09T02:51:35.179+0000][1][safepoint    ] Application time: 0.0000560 seconds
[2019-12-09T02:51:35.179+0000][1][safepoint    ] Entering safepoint region: RevokeBias
[2019-12-09T02:51:35.179+0000][1][safepoint    ] Leaving safepoint region
[2019-12-09T02:51:35.179+0000][1][safepoint    ] Total time for which application threads were stopped: 0.0000317 seconds, Stopping threads took: 0.0000077 seconds
[2019-12-09T02:51:35.179+0000][1][safepoint    ] Application time: 0.0000569 seconds
[2019-12-09T02:51:35.179+0000][1][safepoint    ] Entering safepoint region: RevokeBias
[2019-12-09T02:51:35.179+0000][1][safepoint    ] Leaving safepoint region
[2019-12-09T02:51:35.179+0000][1][safepoint    ] Total time for which application threads were stopped: 0.0000343 seconds, Stopping threads took: 0.0000135 seconds
[2019-12-09T02:51:35.179+0000][1][safepoint    ] Application time: 0.0000494 seconds
[2019-12-09T02:51:35.179+0000][1][safepoint    ] Entering safepoint region: RevokeBias
[2019-12-09T02:51:35.179+0000][1][safepoint    ] Leaving safepoint region
[2019-12-09T02:51:35.179+0000][1][safepoint    ] Total time for which application threads were stopped: 0.0000258 seconds, Stopping threads took: 0.0000071 seconds
[2019-12-09T02:51:35.179+0000][1][safepoint    ] Application time: 0.0000533 seconds
[2019-12-09T02:51:35.179+0000][1][safepoint    ] Entering safepoint region: RevokeBias
[2019-12-09T02:51:35.179+0000][1][safepoint    ] Leaving safepoint region
[2019-12-09T02:51:35.179+0000][1][safepoint    ] Total time for which application threads were stopped: 0.0000287 seconds, Stopping threads took: 0.0000079 seconds
[2019-12-09T02:51:35.179+0000][1][safepoint    ] Application time: 0.0000504 seconds
[2019-12-09T02:51:35.179+0000][1][safepoint    ] Entering safepoint region: RevokeBias
[2019-12-09T02:51:35.179+0000][1][safepoint    ] Leaving safepoint region
[2019-12-09T02:51:35.179+0000][1][safepoint    ] Total time for which application threads were stopped: 0.0000285 seconds, Stopping threads took: 0.0000081 seconds
[2019-12-09T02:51:35.179+0000][1][safepoint    ] Application time: 0.0000750 seconds
[2019-12-09T02:51:35.179+0000][1][safepoint    ] Entering safepoint region: RevokeBias
[2019-12-09T02:51:35.179+0000][1][safepoint    ] Leaving safepoint region
[2019-12-09T02:51:35.179+0000][1][safepoint    ] Total time for which application threads were stopped: 0.0000303 seconds, Stopping threads took: 0.0000079 seconds
[2019-12-09T02:51:35.180+0000][1][safepoint    ] Application time: 0.0000516 seconds
[2019-12-09T02:51:35.180+0000][1][safepoint    ] Entering safepoint region: RevokeBias
[2019-12-09T02:51:35.180+0000][1][safepoint    ] Leaving safepoint region
[2019-12-09T02:51:35.180+0000][1][safepoint    ] Total time for which application threads were stopped: 0.0000291 seconds, Stopping threads took: 0.0000083 seconds
[2019-12-09T02:51:35.180+0000][1][safepoint    ] Application time: 0.0003802 seconds
[2019-12-09T02:51:35.180+0000][1][safepoint    ] Entering safepoint region: RevokeBias
[2019-12-09T02:51:35.180+0000][1][safepoint    ] Leaving safepoint region
[2019-12-09T02:51:35.180+0000][1][safepoint    ] Total time for which application threads were stopped: 0.0000433 seconds, Stopping threads took: 0.0000101 seconds
[2019-12-09T02:51:35.180+0000][1][safepoint    ] Application time: 0.0000572 seconds
[2019-12-09T02:51:35.180+0000][1][safepoint    ] Entering safepoint region: RevokeBias
[2019-12-09T02:51:35.180+0000][1][safepoint    ] Leaving safepoint region
[2019-12-09T02:51:35.180+0000][1][safepoint    ] Total time for which application threads were stopped: 0.0000330 seconds, Stopping threads took: 0.0000081 seconds
[2019-12-09T02:51:35.180+0000][1][safepoint    ] Application time: 0.0000680 seconds
[2019-12-09T02:51:35.180+0000][1][safepoint    ] Entering safepoint region: RevokeBias
[2019-12-09T02:51:35.180+0000][1][safepoint    ] Leaving safepoint region
[2019-12-09T02:51:35.180+0000][1][safepoint    ] Total time for which application threads were stopped: 0.0000327 seconds, Stopping threads took: 0.0000082 seconds
[2019-12-09T02:51:35.180+0000][1][safepoint    ] Application time: 0.0000542 seconds
[2019-12-09T02:51:35.180+0000][1][safepoint    ] Entering safepoint region: RevokeBias
[2019-12-09T02:51:35.180+0000][1][safepoint    ] Leaving safepoint region
[2019-12-09T02:51:35.180+0000][1][safepoint    ] Total time for which application threads were stopped: 0.0000308 seconds, Stopping threads took: 0.0000082 seconds
[2019-12-09T02:51:36.422+0000][1][safepoint    ] Application time: 1.2412792 seconds
[2019-12-09T02:51:36.422+0000][1][safepoint    ] Entering safepoint region: Deoptimize
[2019-12-09T02:51:36.422+0000][1][safepoint    ] Leaving safepoint region
[2019-12-09T02:51:36.422+0000][1][safepoint    ] Total time for which application threads were stopped: 0.0005194 seconds, Stopping threads took: 0.0000229 seconds
[2019-12-09T02:51:37.426+0000][1][safepoint    ] Application time: 1.0035605 seconds
[2019-12-09T02:51:37.465+0000][1][safepoint    ] Entering safepoint region: Cleanup
[2019-12-09T02:51:37.465+0000][1][safepoint    ] Leaving safepoint region
[2019-12-09T02:51:37.465+0000][1][safepoint    ] Total time for which application threads were stopped: 0.0395266 seconds, Stopping threads took: 0.0394393 seconds
[2019-12-09T02:51:37.519+0000][1][safepoint    ] Application time: 0.0539847 seconds
[2019-12-09T02:51:37.519+0000][1][safepoint    ] Entering safepoint region: RevokeBias
[2019-12-09T02:51:37.519+0000][1][safepoint    ] Leaving safepoint region
[2019-12-09T02:51:37.519+0000][1][safepoint    ] Total time for which application threads were stopped: 0.0000761 seconds, Stopping threads took: 0.0000139 seconds
[2019-12-09T02:51:38.547+0000][1][safepoint    ] Application time: 1.0272947 seconds
[2019-12-09T02:51:38.595+0000][1][safepoint    ] Entering safepoint region: Cleanup
[2019-12-09T02:51:38.596+0000][1][safepoint    ] Leaving safepoint region
[2019-12-09T02:51:38.596+0000][1][safepoint    ] Total time for which application threads were stopped: 0.0488376 seconds, Stopping threads took: 0.0487831 seconds
[2019-12-09T02:51:39.179+0000][1][safepoint    ] Application time: 0.5829922 seconds
[2019-12-09T02:51:39.179+0000][1][safepoint    ] Entering safepoint region: GenCollectForAllocation
[2019-12-09T02:51:39.179+0000][1][gc,start     ] GC(1) Pause Young (Allocation Failure)
[2019-12-09T02:51:39.179+0000][1][gc,task      ] GC(1) Using 2 workers of 2 for evacuation
[2019-12-09T02:51:39.501+0000][1][gc,age       ] GC(1) Desired survivor size 4456448 bytes, new threshold 6 (max threshold 6)
[2019-12-09T02:51:39.501+0000][1][gc,age       ] GC(1) Age table with threshold 6 (max threshold 6)
[2019-12-09T02:51:39.501+0000][1][gc,age       ] GC(1) - age   1:    1239568 bytes,    1239568 total
[2019-12-09T02:51:39.501+0000][1][gc,heap      ] GC(1) ParNew: 76560K->4284K(78656K)
[2019-12-09T02:51:39.501+0000][1][gc,heap      ] GC(1) CMS: 0K->7025K(174784K)
[2019-12-09T02:51:39.501+0000][1][gc,metaspace ] GC(1) Metaspace: 14894K->14894K(1062912K)
[2019-12-09T02:51:39.501+0000][1][gc           ] GC(1) Pause Young (Allocation Failure) 74M->11M(247M) 322.102ms
[2019-12-09T02:51:39.501+0000][1][gc,cpu       ] GC(1) User=0.07s Sys=0.00s Real=0.32s
[2019-12-09T02:51:39.501+0000][1][safepoint    ] Leaving safepoint region
[2019-12-09T02:51:39.501+0000][1][safepoint    ] Total time for which application threads were stopped: 0.3222746 seconds, Stopping threads took: 0.0000136 seconds
[2019-12-09T02:51:39.508+0000][1][safepoint    ] Application time: 0.0069897 seconds
[2019-12-09T02:51:39.510+0000][1][safepoint    ] Entering safepoint region: BulkRevokeBias
[2019-12-09T02:51:39.510+0000][1][safepoint    ] Leaving safepoint region
[2019-12-09T02:51:39.510+0000][1][safepoint    ] Total time for which application threads were stopped: 0.0019604 seconds, Stopping threads took: 0.0018492 seconds
[2019-12-09T02:51:39.510+0000][1][safepoint    ] Application time: 0.0001098 seconds
[2019-12-09T02:51:39.510+0000][1][safepoint    ] Entering safepoint region: RevokeBias
[2019-12-09T02:51:39.510+0000][1][safepoint    ] Leaving safepoint region
[2019-12-09T02:51:39.510+0000][1][safepoint    ] Total time for which application threads were stopped: 0.0000498 seconds, Stopping threads took: 0.0000100 seconds
[2019-12-09T02:51:39.510+0000][1][safepoint    ] Application time: 0.0000480 seconds
[2019-12-09T02:51:39.510+0000][1][safepoint    ] Entering safepoint region: RevokeBias
[2019-12-09T02:51:39.510+0000][1][safepoint    ] Leaving safepoint region
[2019-12-09T02:51:39.510+0000][1][safepoint    ] Total time for which application threads were stopped: 0.0000341 seconds, Stopping threads took: 0.0000074 seconds
[2019-12-09T02:51:39.510+0000][1][safepoint    ] Application time: 0.0000323 seconds
[2019-12-09T02:51:39.510+0000][1][safepoint    ] Entering safepoint region: RevokeBias
[2019-12-09T02:51:39.510+0000][1][safepoint    ] Leaving safepoint region
[2019-12-09T02:51:39.510+0000][1][safepoint    ] Total time for which application threads were stopped: 0.0000331 seconds, Stopping threads took: 0.0000071 seconds
[2019-12-09T02:51:39.510+0000][1][safepoint    ] Application time: 0.0000377 seconds
[2019-12-09T02:51:39.510+0000][1][safepoint    ] Entering safepoint region: RevokeBias
[2019-12-09T02:51:39.510+0000][1][safepoint    ] Leaving safepoint region
[2019-12-09T02:51:39.510+0000][1][safepoint    ] Total time for which application threads were stopped: 0.0000357 seconds, Stopping threads took: 0.0000067 seconds
[2019-12-09T02:51:39.510+0000][1][safepoint    ] Application time: 0.0000324 seconds
[2019-12-09T02:51:39.510+0000][1][safepoint    ] Entering safepoint region: RevokeBias
[2019-12-09T02:51:39.510+0000][1][safepoint    ] Leaving safepoint region
[2019-12-09T02:51:39.510+0000][1][safepoint    ] Total time for which application threads were stopped: 0.0000325 seconds, Stopping threads took: 0.0000069 seconds
[2019-12-09T02:51:39.510+0000][1][safepoint    ] Application time: 0.0000417 seconds
[2019-12-09T02:51:39.510+0000][1][safepoint    ] Entering safepoint region: BulkRevokeBias
[2019-12-09T02:51:39.511+0000][1][safepoint    ] Leaving safepoint region
[2019-12-09T02:51:39.511+0000][1][safepoint    ] Total time for which application threads were stopped: 0.0000611 seconds, Stopping threads took: 0.0000075 seconds
[2019-12-09T02:51:39.511+0000][1][safepoint    ] Application time: 0.0000326 seconds
[2019-12-09T02:51:39.511+0000][1][safepoint    ] Entering safepoint region: RevokeBias
[2019-12-09T02:51:39.511+0000][1][safepoint    ] Leaving safepoint region
[2019-12-09T02:51:39.511+0000][1][safepoint    ] Total time for which application threads were stopped: 0.0000336 seconds, Stopping threads took: 0.0000073 seconds
[2019-12-09T02:51:39.511+0000][1][safepoint    ] Application time: 0.0000362 seconds
[2019-12-09T02:51:39.511+0000][1][safepoint    ] Entering safepoint region: BulkRevokeBias
[2019-12-09T02:51:39.511+0000][1][safepoint    ] Leaving safepoint region
[2019-12-09T02:51:39.511+0000][1][safepoint    ] Total time for which application threads were stopped: 0.0000692 seconds, Stopping threads took: 0.0000074 seconds
[2019-12-09T02:51:40.529+0000][1][safepoint    ] Application time: 1.0179826 seconds
[2019-12-09T02:51:40.601+0000][1][safepoint    ] Entering safepoint region: Cleanup
[2019-12-09T02:51:40.601+0000][1][safepoint    ] Leaving safepoint region
[2019-12-09T02:51:40.601+0000][1][safepoint    ] Total time for which application threads were stopped: 0.0721175 seconds, Stopping threads took: 0.0720400 seconds
[2019-12-09T02:51:41.066+0000][1][safepoint    ] Application time: 0.4647751 seconds
[2019-12-09T02:51:41.066+0000][1][safepoint    ] Entering safepoint region: GenCollectForAllocation
[2019-12-09T02:51:41.066+0000][1][gc,start     ] GC(2) Pause Young (Allocation Failure)
[2019-12-09T02:51:41.066+0000][1][gc,task      ] GC(2) Using 2 workers of 2 for evacuation
[2019-12-09T02:51:41.157+0000][1][gc,age       ] GC(2) Desired survivor size 4456448 bytes, new threshold 6 (max threshold 6)
[2019-12-09T02:51:41.157+0000][1][gc,age       ] GC(2) Age table with threshold 6 (max threshold 6)
[2019-12-09T02:51:41.157+0000][1][gc,age       ] GC(2) - age   1:    1082296 bytes,    1082296 total
[2019-12-09T02:51:41.157+0000][1][gc,age       ] GC(2) - age   2:     970848 bytes,    2053144 total
[2019-12-09T02:51:41.157+0000][1][gc,heap      ] GC(2) ParNew: 74236K->2361K(78656K)
[2019-12-09T02:51:41.157+0000][1][gc,heap      ] GC(2) CMS: 7025K->7025K(174784K)
[2019-12-09T02:51:41.157+0000][1][gc,metaspace ] GC(2) Metaspace: 15011K->15011K(1062912K)
[2019-12-09T02:51:41.157+0000][1][gc           ] GC(2) Pause Young (Allocation Failure) 79M->9M(247M) 91.247ms
[2019-12-09T02:51:41.157+0000][1][gc,cpu       ] GC(2) User=0.01s Sys=0.00s Real=0.09s
[2019-12-09T02:51:41.157+0000][1][safepoint    ] Leaving safepoint region
[2019-12-09T02:51:41.157+0000][1][safepoint    ] Total time for which application threads were stopped: 0.0913975 seconds, Stopping threads took: 0.0000144 seconds
[2019-12-09T02:51:41.161+0000][1][safepoint    ] Application time: 0.0036885 seconds
[2019-12-09T02:51:41.214+0000][1][safepoint    ] Entering safepoint region: RevokeBias
[2019-12-09T02:51:41.214+0000][1][safepoint    ] Leaving safepoint region
[2019-12-09T02:51:41.214+0000][1][safepoint    ] Total time for which application threads were stopped: 0.0530721 seconds, Stopping threads took: 0.0529640 seconds
[2019-12-09T02:51:41.214+0000][1][safepoint    ] Application time: 0.0000739 seconds
[2019-12-09T02:51:41.214+0000][1][safepoint    ] Entering safepoint region: RevokeBias
[2019-12-09T02:51:41.214+0000][1][safepoint    ] Leaving safepoint region
[2019-12-09T02:51:41.214+0000][1][safepoint    ] Total time for which application threads were stopped: 0.0000682 seconds, Stopping threads took: 0.0000106 seconds
[2019-12-09T02:51:41.214+0000][1][safepoint    ] Application time: 0.0000740 seconds
[2019-12-09T02:51:41.214+0000][1][safepoint    ] Entering safepoint region: RevokeBias
[2019-12-09T02:51:41.214+0000][1][safepoint    ] Leaving safepoint region
[2019-12-09T02:51:41.214+0000][1][safepoint    ] Total time for which application threads were stopped: 0.0000657 seconds, Stopping threads took: 0.0000090 seconds
[2019-12-09T02:51:41.214+0000][1][safepoint    ] Application time: 0.0000469 seconds
[2019-12-09T02:51:41.214+0000][1][safepoint    ] Entering safepoint region: RevokeBias
[2019-12-09T02:51:41.214+0000][1][safepoint    ] Leaving safepoint region
[2019-12-09T02:51:41.214+0000][1][safepoint    ] Total time for which application threads were stopped: 0.0000503 seconds, Stopping threads took: 0.0000073 seconds
[2019-12-09T02:51:41.214+0000][1][safepoint    ] Application time: 0.0000520 seconds
[2019-12-09T02:51:41.214+0000][1][safepoint    ] Entering safepoint region: RevokeBias
[2019-12-09T02:51:41.214+0000][1][safepoint    ] Leaving safepoint region
[2019-12-09T02:51:41.214+0000][1][safepoint    ] Total time for which application threads were stopped: 0.0000460 seconds, Stopping threads took: 0.0000069 seconds
[2019-12-09T02:51:41.214+0000][1][safepoint    ] Application time: 0.0000449 seconds
[2019-12-09T02:51:41.215+0000][1][safepoint    ] Entering safepoint region: RevokeBias
[2019-12-09T02:51:41.215+0000][1][safepoint    ] Leaving safepoint region
[2019-12-09T02:51:41.215+0000][1][safepoint    ] Total time for which application threads were stopped: 0.0000489 seconds, Stopping threads took: 0.0000070 seconds
[2019-12-09T02:51:41.215+0000][1][safepoint    ] Application time: 0.0000499 seconds
[2019-12-09T02:51:41.215+0000][1][safepoint    ] Entering safepoint region: RevokeBias
[2019-12-09T02:51:41.215+0000][1][safepoint    ] Leaving safepoint region
[2019-12-09T02:51:41.215+0000][1][safepoint    ] Total time for which application threads were stopped: 0.0000472 seconds, Stopping threads took: 0.0000071 seconds
[2019-12-09T02:51:41.215+0000][1][safepoint    ] Application time: 0.0000580 seconds
[2019-12-09T02:51:41.215+0000][1][safepoint    ] Entering safepoint region: RevokeBias
[2019-12-09T02:51:41.215+0000][1][safepoint    ] Leaving safepoint region
[2019-12-09T02:51:41.215+0000][1][safepoint    ] Total time for which application threads were stopped: 0.0000477 seconds, Stopping threads took: 0.0000075 seconds
[2019-12-09T02:51:41.215+0000][1][safepoint    ] Application time: 0.0000493 seconds
[2019-12-09T02:51:41.215+0000][1][safepoint    ] Entering safepoint region: RevokeBias
[2019-12-09T02:51:41.215+0000][1][safepoint    ] Leaving safepoint region
[2019-12-09T02:51:41.215+0000][1][safepoint    ] Total time for which application threads were stopped: 0.0000471 seconds, Stopping threads took: 0.0000070 seconds
[2019-12-09T02:51:41.215+0000][1][safepoint    ] Application time: 0.0000441 seconds
[2019-12-09T02:51:41.215+0000][1][safepoint    ] Entering safepoint region: RevokeBias
[2019-12-09T02:51:41.215+0000][1][safepoint    ] Leaving safepoint region
[2019-12-09T02:51:41.215+0000][1][safepoint    ] Total time for which application threads were stopped: 0.0000557 seconds, Stopping threads took: 0.0000151 seconds
[2019-12-09T02:51:41.215+0000][1][safepoint    ] Application time: 0.0000500 seconds
[2019-12-09T02:51:41.215+0000][1][safepoint    ] Entering safepoint region: RevokeBias
[2019-12-09T02:51:41.215+0000][1][safepoint    ] Leaving safepoint region
[2019-12-09T02:51:41.215+0000][1][safepoint    ] Total time for which application threads were stopped: 0.0000451 seconds, Stopping threads took: 0.0000069 seconds
[2019-12-09T02:51:41.215+0000][1][safepoint    ] Application time: 0.0000450 seconds
[2019-12-09T02:51:41.215+0000][1][safepoint    ] Entering safepoint region: RevokeBias
[2019-12-09T02:51:41.215+0000][1][safepoint    ] Leaving safepoint region
[2019-12-09T02:51:41.215+0000][1][safepoint    ] Total time for which application threads were stopped: 0.0000423 seconds, Stopping threads took: 0.0000066 seconds
[2019-12-09T02:51:41.215+0000][1][safepoint    ] Application time: 0.0000492 seconds
[2019-12-09T02:51:41.215+0000][1][safepoint    ] Entering safepoint region: RevokeBias
[2019-12-09T02:51:41.215+0000][1][safepoint    ] Leaving safepoint region
[2019-12-09T02:51:41.215+0000][1][safepoint    ] Total time for which application threads were stopped: 0.0000476 seconds, Stopping threads took: 0.0000062 seconds
[2019-12-09T02:51:41.215+0000][1][safepoint    ] Application time: 0.0000445 seconds
[2019-12-09T02:51:41.215+0000][1][safepoint    ] Entering safepoint region: RevokeBias
[2019-12-09T02:51:41.215+0000][1][safepoint    ] Leaving safepoint region
[2019-12-09T02:51:41.215+0000][1][safepoint    ] Total time for which application threads were stopped: 0.0000434 seconds, Stopping threads took: 0.0000061 seconds
[2019-12-09T02:51:41.215+0000][1][safepoint    ] Application time: 0.0000494 seconds
[2019-12-09T02:51:41.215+0000][1][safepoint    ] Entering safepoint region: RevokeBias
[2019-12-09T02:51:41.216+0000][1][safepoint    ] Leaving safepoint region
[2019-12-09T02:51:41.216+0000][1][safepoint    ] Total time for which application threads were stopped: 0.0000474 seconds, Stopping threads took: 0.0000069 seconds
[2019-12-09T02:51:41.216+0000][1][safepoint    ] Application time: 0.0000460 seconds
[2019-12-09T02:51:41.216+0000][1][safepoint    ] Entering safepoint region: RevokeBias
[2019-12-09T02:51:41.216+0000][1][safepoint    ] Leaving safepoint region
[2019-12-09T02:51:41.216+0000][1][safepoint    ] Total time for which application threads were stopped: 0.0000609 seconds, Stopping threads took: 0.0000071 seconds
[2019-12-09T02:51:41.216+0000][1][safepoint    ] Application time: 0.0000623 seconds
[2019-12-09T02:51:41.216+0000][1][safepoint    ] Entering safepoint region: RevokeBias
[2019-12-09T02:51:41.216+0000][1][safepoint    ] Leaving safepoint region
[2019-12-09T02:51:41.216+0000][1][safepoint    ] Total time for which application threads were stopped: 0.0000435 seconds, Stopping threads took: 0.0000065 seconds
[2019-12-09T02:51:41.216+0000][1][safepoint    ] Application time: 0.0000447 seconds
[2019-12-09T02:51:41.216+0000][1][safepoint    ] Entering safepoint region: RevokeBias
[2019-12-09T02:51:41.216+0000][1][safepoint    ] Leaving safepoint region
[2019-12-09T02:51:41.216+0000][1][safepoint    ] Total time for which application threads were stopped: 0.0000421 seconds, Stopping threads took: 0.0000064 seconds
[2019-12-09T02:51:42.516+0000][1][safepoint    ] Application time: 1.2998142 seconds
[2019-12-09T02:51:42.516+0000][1][safepoint    ] Entering safepoint region: Deoptimize
[2019-12-09T02:51:42.516+0000][1][safepoint    ] Leaving safepoint region
[2019-12-09T02:51:42.516+0000][1][safepoint    ] Total time for which application threads were stopped: 0.0004543 seconds, Stopping threads took: 0.0000134 seconds
[2019-12-09T02:51:42.523+0000][1][safepoint    ] Application time: 0.0065176 seconds
[2019-12-09T02:51:42.523+0000][1][safepoint    ] Entering safepoint region: Deoptimize
[2019-12-09T02:51:42.523+0000][1][safepoint    ] Leaving safepoint region
[2019-12-09T02:51:42.523+0000][1][safepoint    ] Total time for which application threads were stopped: 0.0003362 seconds, Stopping threads took: 0.0000209 seconds
[2019-12-09T02:51:43.539+0000][1][safepoint    ] Application time: 1.0156217 seconds
[2019-12-09T02:51:43.540+0000][1][safepoint    ] Entering safepoint region: Cleanup
[2019-12-09T02:51:43.540+0000][1][safepoint    ] Leaving safepoint region
[2019-12-09T02:51:43.540+0000][1][safepoint    ] Total time for which application threads were stopped: 0.0011809 seconds, Stopping threads took: 0.0011123 seconds
[2019-12-09T02:51:44.555+0000][1][safepoint    ] Application time: 1.0147795 seconds
[2019-12-09T02:51:44.635+0000][1][safepoint    ] Entering safepoint region: Cleanup
[2019-12-09T02:51:44.635+0000][1][safepoint    ] Leaving safepoint region
[2019-12-09T02:51:44.635+0000][1][safepoint    ] Total time for which application threads were stopped: 0.0800870 seconds, Stopping threads took: 0.0799955 seconds
[2019-12-09T02:51:45.075+0000][1][safepoint    ] Application time: 0.4398748 seconds
[2019-12-09T02:51:45.075+0000][1][safepoint    ] Entering safepoint region: GenCollectForAllocation
[2019-12-09T02:51:45.075+0000][1][gc,start     ] GC(3) Pause Young (Allocation Failure)
[2019-12-09T02:51:45.075+0000][1][gc,task      ] GC(3) Using 2 workers of 2 for evacuation
[2019-12-09T02:51:45.163+0000][1][gc,age       ] GC(3) Desired survivor size 4456448 bytes, new threshold 3 (max threshold 6)
[2019-12-09T02:51:45.163+0000][1][gc,age       ] GC(3) Age table with threshold 3 (max threshold 6)
[2019-12-09T02:51:45.163+0000][1][gc,age       ] GC(3) - age   1:    3165480 bytes,    3165480 total
[2019-12-09T02:51:45.163+0000][1][gc,age       ] GC(3) - age   2:    1064960 bytes,    4230440 total
[2019-12-09T02:51:45.163+0000][1][gc,age       ] GC(3) - age   3:     968800 bytes,    5199240 total
[2019-12-09T02:51:45.163+0000][1][gc,heap      ] GC(3) ParNew: 72313K->6028K(78656K)
[2019-12-09T02:51:45.163+0000][1][gc,heap      ] GC(3) CMS: 7025K->7025K(174784K)
[2019-12-09T02:51:45.163+0000][1][gc,metaspace ] GC(3) Metaspace: 18513K->18513K(1067008K)
[2019-12-09T02:51:45.163+0000][1][gc           ] GC(3) Pause Young (Allocation Failure) 77M->12M(247M) 88.193ms
[2019-12-09T02:51:45.163+0000][1][gc,cpu       ] GC(3) User=0.04s Sys=0.00s Real=0.08s
[2019-12-09T02:51:45.163+0000][1][safepoint    ] Leaving safepoint region
[2019-12-09T02:51:45.163+0000][1][safepoint    ] Total time for which application threads were stopped: 0.0883139 seconds, Stopping threads took: 0.0000128 seconds
[2019-12-09T02:51:45.172+0000][1][safepoint    ] Application time: 0.0089563 seconds
[2019-12-09T02:51:45.172+0000][1][safepoint    ] Entering safepoint region: BulkRevokeBias
[2019-12-09T02:51:45.172+0000][1][safepoint    ] Leaving safepoint region
[2019-12-09T02:51:45.172+0000][1][safepoint    ] Total time for which application threads were stopped: 0.0001628 seconds, Stopping threads took: 0.0000132 seconds
[2019-12-09T02:51:45.173+0000][1][safepoint    ] Application time: 0.0007367 seconds
[2019-12-09T02:51:45.173+0000][1][safepoint    ] Entering safepoint region: RevokeBias
[2019-12-09T02:51:45.173+0000][1][safepoint    ] Leaving safepoint region
[2019-12-09T02:51:45.173+0000][1][safepoint    ] Total time for which application threads were stopped: 0.0000700 seconds, Stopping threads took: 0.0000103 seconds
[2019-12-09T02:51:45.181+0000][1][safepoint    ] Application time: 0.0080022 seconds
[2019-12-09T02:51:45.181+0000][1][safepoint    ] Entering safepoint region: RevokeBias
[2019-12-09T02:51:45.181+0000][1][safepoint    ] Leaving safepoint region
[2019-12-09T02:51:45.181+0000][1][safepoint    ] Total time for which application threads were stopped: 0.0000567 seconds, Stopping threads took: 0.0000100 seconds
[2019-12-09T02:51:45.181+0000][1][safepoint    ] Application time: 0.0000433 seconds
[2019-12-09T02:51:45.181+0000][1][safepoint    ] Entering safepoint region: RevokeBias
[2019-12-09T02:51:45.181+0000][1][safepoint    ] Leaving safepoint region
[2019-12-09T02:51:45.181+0000][1][safepoint    ] Total time for which application threads were stopped: 0.0000430 seconds, Stopping threads took: 0.0000067 seconds
[2019-12-09T02:51:45.181+0000][1][safepoint    ] Application time: 0.0000476 seconds
[2019-12-09T02:51:45.181+0000][1][safepoint    ] Entering safepoint region: RevokeBias
[2019-12-09T02:51:45.181+0000][1][safepoint    ] Leaving safepoint region
[2019-12-09T02:51:45.181+0000][1][safepoint    ] Total time for which application threads were stopped: 0.0000336 seconds, Stopping threads took: 0.0000064 seconds
[2019-12-09T02:51:45.181+0000][1][safepoint    ] Application time: 0.0000299 seconds
[2019-12-09T02:51:45.181+0000][1][safepoint    ] Entering safepoint region: RevokeBias
[2019-12-09T02:51:45.181+0000][1][safepoint    ] Leaving safepoint region
[2019-12-09T02:51:45.181+0000][1][safepoint    ] Total time for which application threads were stopped: 0.0000320 seconds, Stopping threads took: 0.0000067 seconds
[2019-12-09T02:51:46.221+0000][1][safepoint    ] Application time: 1.0398037 seconds
[2019-12-09T02:51:46.297+0000][1][safepoint    ] Entering safepoint region: Cleanup
[2019-12-09T02:51:46.297+0000][1][safepoint    ] Leaving safepoint region
[2019-12-09T02:51:46.297+0000][1][safepoint    ] Total time for which application threads were stopped: 0.0756533 seconds, Stopping threads took: 0.0756019 seconds
[2019-12-09T02:51:46.311+0000][1][safepoint    ] Application time: 0.0143068 seconds
[2019-12-09T02:51:46.311+0000][1][safepoint    ] Entering safepoint region: GenCollectForAllocation
[2019-12-09T02:51:46.311+0000][1][gc,start     ] GC(4) Pause Young (Allocation Failure)
[2019-12-09T02:51:46.311+0000][1][gc,task      ] GC(4) Using 2 workers of 2 for evacuation
[2019-12-09T02:51:46.452+0000][1][gc,age       ] GC(4) Desired survivor size 4456448 bytes, new threshold 3 (max threshold 6)
[2019-12-09T02:51:46.452+0000][1][gc,age       ] GC(4) Age table with threshold 3 (max threshold 6)
[2019-12-09T02:51:46.452+0000][1][gc,age       ] GC(4) - age   1:    1493400 bytes,    1493400 total
[2019-12-09T02:51:46.452+0000][1][gc,age       ] GC(4) - age   2:    2648080 bytes,    4141480 total
[2019-12-09T02:51:46.452+0000][1][gc,age       ] GC(4) - age   3:    1064960 bytes,    5206440 total
[2019-12-09T02:51:46.452+0000][1][gc,heap      ] GC(4) ParNew: 75980K->7898K(78656K)
[2019-12-09T02:51:46.452+0000][1][gc,heap      ] GC(4) CMS: 7025K->7984K(174784K)
[2019-12-09T02:51:46.452+0000][1][gc,metaspace ] GC(4) Metaspace: 18732K->18732K(1067008K)
[2019-12-09T02:51:46.452+0000][1][gc           ] GC(4) Pause Young (Allocation Failure) 81M->15M(247M) 141.062ms
[2019-12-09T02:51:46.452+0000][1][gc,cpu       ] GC(4) User=0.04s Sys=0.00s Real=0.14s
[2019-12-09T02:51:46.452+0000][1][safepoint    ] Leaving safepoint region
[2019-12-09T02:51:46.452+0000][1][safepoint    ] Total time for which application threads were stopped: 0.1411798 seconds, Stopping threads took: 0.0000125 seconds
[2019-12-09T02:51:46.464+0000][1][safepoint    ] Application time: 0.0113476 seconds
[2019-12-09T02:51:46.464+0000][1][safepoint    ] Entering safepoint region: RevokeBias
[2019-12-09T02:51:46.464+0000][1][safepoint    ] Leaving safepoint region
[2019-12-09T02:51:46.464+0000][1][safepoint    ] Total time for which application threads were stopped: 0.0001118 seconds, Stopping threads took: 0.0000448 seconds
[2019-12-09T02:51:46.464+0000][1][safepoint    ] Application time: 0.0000674 seconds
[2019-12-09T02:51:46.464+0000][1][safepoint    ] Entering safepoint region: RevokeBias
[2019-12-09T02:51:46.464+0000][1][safepoint    ] Leaving safepoint region
[2019-12-09T02:51:46.464+0000][1][safepoint    ] Total time for which application threads were stopped: 0.0000597 seconds, Stopping threads took: 0.0000081 seconds
[2019-12-09T02:51:46.464+0000][1][safepoint    ] Application time: 0.0000595 seconds
[2019-12-09T02:51:46.464+0000][1][safepoint    ] Entering safepoint region: RevokeBias
[2019-12-09T02:51:46.464+0000][1][safepoint    ] Leaving safepoint region
[2019-12-09T02:51:46.464+0000][1][safepoint    ] Total time for which application threads were stopped: 0.0000610 seconds, Stopping threads took: 0.0000096 seconds
[2019-12-09T02:51:46.464+0000][1][safepoint    ] Application time: 0.0000546 seconds
[2019-12-09T02:51:46.464+0000][1][safepoint    ] Entering safepoint region: RevokeBias
[2019-12-09T02:51:46.464+0000][1][safepoint    ] Leaving safepoint region
[2019-12-09T02:51:46.464+0000][1][safepoint    ] Total time for which application threads were stopped: 0.0000486 seconds, Stopping threads took: 0.0000083 seconds
[2019-12-09T02:51:46.634+0000][1][safepoint    ] Application time: 0.1698532 seconds
[2019-12-09T02:51:46.634+0000][1][safepoint    ] Entering safepoint region: Deoptimize
[2019-12-09T02:51:46.635+0000][1][safepoint    ] Leaving safepoint region
[2019-12-09T02:51:46.635+0000][1][safepoint    ] Total time for which application threads were stopped: 0.0004140 seconds, Stopping threads took: 0.0000118 seconds
[2019-12-09T02:51:47.060+0000][1][safepoint    ] Application time: 0.4257523 seconds
[2019-12-09T02:51:47.060+0000][1][safepoint    ] Entering safepoint region: Deoptimize
[2019-12-09T02:51:47.061+0000][1][safepoint    ] Leaving safepoint region
[2019-12-09T02:51:47.061+0000][1][safepoint    ] Total time for which application threads were stopped: 0.0004209 seconds, Stopping threads took: 0.0000125 seconds
[2019-12-09T02:51:47.080+0000][1][safepoint    ] Application time: 0.0190399 seconds
[2019-12-09T02:51:47.080+0000][1][safepoint    ] Entering safepoint region: RevokeBias
[2019-12-09T02:51:47.080+0000][1][safepoint    ] Leaving safepoint region
[2019-12-09T02:51:47.080+0000][1][safepoint    ] Total time for which application threads were stopped: 0.0000786 seconds, Stopping threads took: 0.0000120 seconds
[2019-12-09T02:51:47.870+0000][1][safepoint    ] Application time: 0.7901899 seconds
[2019-12-09T02:51:47.870+0000][1][safepoint    ] Entering safepoint region: GenCollectForAllocation
[2019-12-09T02:51:47.870+0000][1][gc,start     ] GC(5) Pause Young (Allocation Failure)
[2019-12-09T02:51:47.870+0000][1][gc,task      ] GC(5) Using 2 workers of 2 for evacuation
[2019-12-09T02:51:48.035+0000][1][gc,age       ] GC(5) Desired survivor size 4456448 bytes, new threshold 3 (max threshold 6)
[2019-12-09T02:51:48.035+0000][1][gc,age       ] GC(5) Age table with threshold 3 (max threshold 6)
[2019-12-09T02:51:48.035+0000][1][gc,age       ] GC(5) - age   1:    2525960 bytes,    2525960 total
[2019-12-09T02:51:48.035+0000][1][gc,age       ] GC(5) - age   2:     442376 bytes,    2968336 total
[2019-12-09T02:51:48.035+0000][1][gc,age       ] GC(5) - age   3:    2643192 bytes,    5611528 total
[2019-12-09T02:51:48.035+0000][1][gc,heap      ] GC(5) ParNew: 77850K->7200K(78656K)
[2019-12-09T02:51:48.035+0000][1][gc,heap      ] GC(5) CMS: 7984K->9028K(174784K)
[2019-12-09T02:51:48.035+0000][1][gc,metaspace ] GC(5) Metaspace: 19069K->19069K(1067008K)
[2019-12-09T02:51:48.035+0000][1][gc           ] GC(5) Pause Young (Allocation Failure) 83M->15M(247M) 164.887ms
[2019-12-09T02:51:48.035+0000][1][gc,cpu       ] GC(5) User=0.02s Sys=0.00s Real=0.17s
[2019-12-09T02:51:48.035+0000][1][safepoint    ] Leaving safepoint region
[2019-12-09T02:51:48.035+0000][1][safepoint    ] Total time for which application threads were stopped: 0.1650316 seconds, Stopping threads took: 0.0000137 seconds
[2019-12-09T02:51:48.043+0000][1][safepoint    ] Application time: 0.0074799 seconds
[2019-12-09T02:51:48.043+0000][1][safepoint    ] Entering safepoint region: RevokeBias
[2019-12-09T02:51:48.043+0000][1][safepoint    ] Leaving safepoint region
[2019-12-09T02:51:48.043+0000][1][safepoint    ] Total time for which application threads were stopped: 0.0001585 seconds, Stopping threads took: 0.0000893 seconds
[2019-12-09T02:51:48.043+0000][1][safepoint    ] Application time: 0.0000689 seconds
[2019-12-09T02:51:48.043+0000][1][safepoint    ] Entering safepoint region: RevokeBias
[2019-12-09T02:51:48.043+0000][1][safepoint    ] Leaving safepoint region
[2019-12-09T02:51:48.043+0000][1][safepoint    ] Total time for which application threads were stopped: 0.0000555 seconds, Stopping threads took: 0.0000087 seconds
[2019-12-09T02:51:48.043+0000][1][safepoint    ] Application time: 0.0000613 seconds
[2019-12-09T02:51:48.043+0000][1][safepoint    ] Entering safepoint region: RevokeBias
[2019-12-09T02:51:48.043+0000][1][safepoint    ] Leaving safepoint region
[2019-12-09T02:51:48.043+0000][1][safepoint    ] Total time for which application threads were stopped: 0.0000531 seconds, Stopping threads took: 0.0000083 seconds
[2019-12-09T02:51:48.043+0000][1][safepoint    ] Application time: 0.0000536 seconds
[2019-12-09T02:51:48.043+0000][1][safepoint    ] Entering safepoint region: RevokeBias
[2019-12-09T02:51:48.043+0000][1][safepoint    ] Leaving safepoint region
[2019-12-09T02:51:48.043+0000][1][safepoint    ] Total time for which application threads were stopped: 0.0000512 seconds, Stopping threads took: 0.0000082 seconds
[2019-12-09T02:51:48.043+0000][1][safepoint    ] Application time: 0.0000594 seconds
[2019-12-09T02:51:48.043+0000][1][safepoint    ] Entering safepoint region: RevokeBias
[2019-12-09T02:51:48.043+0000][1][safepoint    ] Leaving safepoint region
[2019-12-09T02:51:48.043+0000][1][safepoint    ] Total time for which application threads were stopped: 0.0000519 seconds, Stopping threads took: 0.0000084 seconds
[2019-12-09T02:51:48.044+0000][1][safepoint    ] Application time: 0.0000580 seconds
[2019-12-09T02:51:48.044+0000][1][safepoint    ] Entering safepoint region: RevokeBias
[2019-12-09T02:51:48.044+0000][1][safepoint    ] Leaving safepoint region
[2019-12-09T02:51:48.044+0000][1][safepoint    ] Total time for which application threads were stopped: 0.0000433 seconds, Stopping threads took: 0.0000070 seconds
[2019-12-09T02:51:48.226+0000][1][safepoint    ] Application time: 0.1825833 seconds
[2019-12-09T02:51:48.226+0000][1][safepoint    ] Entering safepoint region: RevokeBias
[2019-12-09T02:51:48.226+0000][1][safepoint    ] Leaving safepoint region
[2019-12-09T02:51:48.226+0000][1][safepoint    ] Total time for which application threads were stopped: 0.0000831 seconds, Stopping threads took: 0.0000131 seconds
[2019-12-09T02:51:48.957+0000][1][safepoint    ] Application time: 0.7304134 seconds
[2019-12-09T02:51:48.957+0000][1][safepoint    ] Entering safepoint region: RevokeBias
[2019-12-09T02:51:48.957+0000][1][safepoint    ] Leaving safepoint region
[2019-12-09T02:51:48.957+0000][1][safepoint    ] Total time for which application threads were stopped: 0.0000777 seconds, Stopping threads took: 0.0000132 seconds
[2019-12-09T02:51:48.962+0000][1][safepoint    ] Application time: 0.0051199 seconds
[2019-12-09T02:51:48.962+0000][1][safepoint    ] Entering safepoint region: RevokeBias
[2019-12-09T02:51:48.962+0000][1][safepoint    ] Leaving safepoint region
[2019-12-09T02:51:48.962+0000][1][safepoint    ] Total time for which application threads were stopped: 0.0000586 seconds, Stopping threads took: 0.0000117 seconds
[2019-12-09T02:51:49.099+0000][1][safepoint    ] Application time: 0.1365531 seconds
[2019-12-09T02:51:49.099+0000][1][safepoint    ] Entering safepoint region: GenCollectForAllocation
[2019-12-09T02:51:49.099+0000][1][gc,start     ] GC(6) Pause Young (Allocation Failure)
[2019-12-09T02:51:49.099+0000][1][gc,task      ] GC(6) Using 2 workers of 2 for evacuation
[2019-12-09T02:51:49.287+0000][1][gc,age       ] GC(6) Desired survivor size 4456448 bytes, new threshold 6 (max threshold 6)
[2019-12-09T02:51:49.287+0000][1][gc,age       ] GC(6) Age table with threshold 6 (max threshold 6)
[2019-12-09T02:51:49.287+0000][1][gc,age       ] GC(6) - age   1:    1675328 bytes,    1675328 total
[2019-12-09T02:51:49.287+0000][1][gc,age       ] GC(6) - age   2:    2191176 bytes,    3866504 total
[2019-12-09T02:51:49.287+0000][1][gc,age       ] GC(6) - age   3:     442376 bytes,    4308880 total
[2019-12-09T02:51:49.287+0000][1][gc,heap      ] GC(6) ParNew: 77152K->7965K(78656K)
[2019-12-09T02:51:49.287+0000][1][gc,heap      ] GC(6) CMS: 9028K->11641K(174784K)
[2019-12-09T02:51:49.287+0000][1][gc,metaspace ] GC(6) Metaspace: 19371K->19371K(1067008K)
[2019-12-09T02:51:49.287+0000][1][gc           ] GC(6) Pause Young (Allocation Failure) 84M->19M(247M) 188.260ms
[2019-12-09T02:51:49.287+0000][1][gc,cpu       ] GC(6) User=0.06s Sys=0.00s Real=0.19s
[2019-12-09T02:51:49.287+0000][1][safepoint    ] Leaving safepoint region
[2019-12-09T02:51:49.287+0000][1][safepoint    ] Total time for which application threads were stopped: 0.1884127 seconds, Stopping threads took: 0.0000146 seconds
[2019-12-09T02:51:49.307+0000][1][safepoint    ] Application time: 0.0197267 seconds
[2019-12-09T02:51:49.307+0000][1][safepoint    ] Entering safepoint region: RevokeBias
[2019-12-09T02:51:49.307+0000][1][safepoint    ] Leaving safepoint region
[2019-12-09T02:51:49.307+0000][1][safepoint    ] Total time for which application threads were stopped: 0.0000799 seconds, Stopping threads took: 0.0000147 seconds
[2019-12-09T02:51:49.307+0000][1][safepoint    ] Application time: 0.0000503 seconds
[2019-12-09T02:51:49.307+0000][1][safepoint    ] Entering safepoint region: RevokeBias
[2019-12-09T02:51:49.307+0000][1][safepoint    ] Leaving safepoint region
[2019-12-09T02:51:49.307+0000][1][safepoint    ] Total time for which application threads were stopped: 0.0000359 seconds, Stopping threads took: 0.0000074 seconds
[2019-12-09T02:51:49.307+0000][1][safepoint    ] Application time: 0.0000514 seconds
[2019-12-09T02:51:49.307+0000][1][safepoint    ] Entering safepoint region: BulkRevokeBias
[2019-12-09T02:51:49.307+0000][1][safepoint    ] Leaving safepoint region
[2019-12-09T02:51:49.307+0000][1][safepoint    ] Total time for which application threads were stopped: 0.0000655 seconds, Stopping threads took: 0.0000076 seconds
[2019-12-09T02:51:49.307+0000][1][safepoint    ] Application time: 0.0000640 seconds
[2019-12-09T02:51:49.307+0000][1][safepoint    ] Entering safepoint region: BulkRevokeBias
[2019-12-09T02:51:49.307+0000][1][safepoint    ] Leaving safepoint region
[2019-12-09T02:51:49.307+0000][1][safepoint    ] Total time for which application threads were stopped: 0.0000712 seconds, Stopping threads took: 0.0000089 seconds
[2019-12-09T02:51:50.186+0000][1][safepoint    ] Application time: 0.8790709 seconds
[2019-12-09T02:51:50.186+0000][1][safepoint    ] Entering safepoint region: GenCollectForAllocation
[2019-12-09T02:51:50.187+0000][1][gc,start     ] GC(7) Pause Young (Allocation Failure)
[2019-12-09T02:51:50.187+0000][1][gc,task      ] GC(7) Using 2 workers of 2 for evacuation
[2019-12-09T02:51:50.365+0000][1][gc,age       ] GC(7) Desired survivor size 4456448 bytes, new threshold 3 (max threshold 6)
[2019-12-09T02:51:50.365+0000][1][gc,age       ] GC(7) Age table with threshold 3 (max threshold 6)
[2019-12-09T02:51:50.365+0000][1][gc,age       ] GC(7) - age   1:    2194888 bytes,    2194888 total
[2019-12-09T02:51:50.365+0000][1][gc,age       ] GC(7) - age   2:    1128816 bytes,    3323704 total
[2019-12-09T02:51:50.365+0000][1][gc,age       ] GC(7) - age   3:    2191096 bytes,    5514800 total
[2019-12-09T02:51:50.365+0000][1][gc,age       ] GC(7) - age   4:     442376 bytes,    5957176 total
[2019-12-09T02:51:50.365+0000][1][gc,heap      ] GC(7) ParNew: 77917K->7263K(78656K)
[2019-12-09T02:51:50.365+0000][1][gc,heap      ] GC(7) CMS: 11641K->11641K(174784K)
[2019-12-09T02:51:50.365+0000][1][gc,metaspace ] GC(7) Metaspace: 19641K->19641K(1067008K)
[2019-12-09T02:51:50.365+0000][1][gc           ] GC(7) Pause Young (Allocation Failure) 87M->18M(247M) 178.416ms
[2019-12-09T02:51:50.365+0000][1][gc,cpu       ] GC(7) User=0.05s Sys=0.00s Real=0.18s
[2019-12-09T02:51:50.365+0000][1][safepoint    ] Leaving safepoint region
[2019-12-09T02:51:50.365+0000][1][safepoint    ] Total time for which application threads were stopped: 0.1785536 seconds, Stopping threads took: 0.0000141 seconds
[2019-12-09T02:51:51.087+0000][1][safepoint    ] Application time: 0.7217312 seconds
[2019-12-09T02:51:51.087+0000][1][safepoint    ] Entering safepoint region: CollectForMetadataAllocation
[2019-12-09T02:51:51.087+0000][1][safepoint    ] Leaving safepoint region
[2019-12-09T02:51:51.087+0000][1][safepoint    ] Total time for which application threads were stopped: 0.0002442 seconds, Stopping threads took: 0.0000127 seconds
[2019-12-09T02:51:51.282+0000][1][safepoint    ] Application time: 0.1948365 seconds
[2019-12-09T02:51:51.282+0000][1][safepoint    ] Entering safepoint region: CollectForMetadataAllocation
[2019-12-09T02:51:51.282+0000][1][safepoint    ] Leaving safepoint region
[2019-12-09T02:51:51.282+0000][1][safepoint    ] Total time for which application threads were stopped: 0.0002466 seconds, Stopping threads took: 0.0000119 seconds
[2019-12-09T02:51:51.955+0000][1][safepoint    ] Application time: 0.6730982 seconds
[2019-12-09T02:51:51.955+0000][1][safepoint    ] Entering safepoint region: GenCollectForAllocation
[2019-12-09T02:51:51.955+0000][1][gc,start     ] GC(8) Pause Young (Allocation Failure)
[2019-12-09T02:51:51.955+0000][1][gc,task      ] GC(8) Using 2 workers of 2 for evacuation
[2019-12-09T02:51:52.069+0000][1][gc,age       ] GC(8) Desired survivor size 4456448 bytes, new threshold 6 (max threshold 6)
[2019-12-09T02:51:52.069+0000][1][gc,age       ] GC(8) Age table with threshold 6 (max threshold 6)
[2019-12-09T02:51:52.069+0000][1][gc,age       ] GC(8) - age   1:    1188184 bytes,    1188184 total
[2019-12-09T02:51:52.069+0000][1][gc,age       ] GC(8) - age   2:     354424 bytes,    1542608 total
[2019-12-09T02:51:52.069+0000][1][gc,age       ] GC(8) - age   3:    1128672 bytes,    2671280 total
[2019-12-09T02:51:52.069+0000][1][gc,heap      ] GC(8) ParNew: 77215K->5089K(78656K)
[2019-12-09T02:51:52.069+0000][1][gc,heap      ] GC(8) CMS: 11641K->14228K(174784K)
[2019-12-09T02:51:52.069+0000][1][gc,metaspace ] GC(8) Metaspace: 20452K->20452K(1069056K)
[2019-12-09T02:51:52.069+0000][1][gc           ] GC(8) Pause Young (Allocation Failure) 86M->18M(247M) 114.161ms
[2019-12-09T02:51:52.070+0000][1][gc,cpu       ] GC(8) User=0.03s Sys=0.00s Real=0.11s
[2019-12-09T02:51:52.070+0000][1][safepoint    ] Leaving safepoint region
[2019-12-09T02:51:52.070+0000][1][safepoint    ] Total time for which application threads were stopped: 0.1142924 seconds, Stopping threads took: 0.0000130 seconds
[2019-12-09T02:51:52.075+0000][1][safepoint    ] Application time: 0.0052864 seconds
[2019-12-09T02:51:52.113+0000][1][safepoint    ] Entering safepoint region: CMS_Initial_Mark
[2019-12-09T02:51:52.113+0000][1][gc,start     ] GC(9) Pause Initial Mark
[2019-12-09T02:51:52.115+0000][1][gc           ] GC(9) Pause Initial Mark 22M->22M(247M) 2.226ms
[2019-12-09T02:51:52.115+0000][1][gc,cpu       ] GC(9) User=0.01s Sys=0.00s Real=0.01s
[2019-12-09T02:51:52.115+0000][1][safepoint    ] Leaving safepoint region
[2019-12-09T02:51:52.115+0000][1][safepoint    ] Total time for which application threads were stopped: 0.0404495 seconds, Stopping threads took: 0.0381131 seconds
[2019-12-09T02:51:52.115+0000][1][gc           ] GC(9) Concurrent Mark
[2019-12-09T02:51:52.170+0000][1][gc           ] GC(9) Concurrent Mark 54.206ms
[2019-12-09T02:51:52.170+0000][1][gc,cpu       ] GC(9) User=0.03s Sys=0.00s Real=0.05s
[2019-12-09T02:51:52.170+0000][1][gc           ] GC(9) Concurrent Preclean
[2019-12-09T02:51:52.194+0000][1][gc           ] GC(9) Concurrent Preclean 24.455ms
[2019-12-09T02:51:52.194+0000][1][gc,cpu       ] GC(9) User=0.00s Sys=0.00s Real=0.02s
[2019-12-09T02:51:52.194+0000][1][gc           ] GC(9) Concurrent Abortable Preclean
[2019-12-09T02:51:53.006+0000][1][safepoint    ] Application time: 0.8904012 seconds
[2019-12-09T02:51:53.006+0000][1][safepoint    ] Entering safepoint region: GenCollectForAllocation
[2019-12-09T02:51:53.006+0000][1][gc,start     ] GC(10) Pause Young (Allocation Failure)
[2019-12-09T02:51:53.006+0000][1][gc,task      ] GC(10) Using 2 workers of 2 for evacuation
[2019-12-09T02:51:53.065+0000][1][gc           ] GC(9) Concurrent Abortable Preclean 870.578ms
[2019-12-09T02:51:53.065+0000][1][gc,cpu       ] GC(9) User=0.25s Sys=0.00s Real=0.88s
[2019-12-09T02:51:53.077+0000][1][gc,age       ] GC(10) Desired survivor size 4456448 bytes, new threshold 6 (max threshold 6)
[2019-12-09T02:51:53.077+0000][1][gc,age       ] GC(10) Age table with threshold 6 (max threshold 6)
[2019-12-09T02:51:53.077+0000][1][gc,age       ] GC(10) - age   1:     367712 bytes,     367712 total
[2019-12-09T02:51:53.077+0000][1][gc,age       ] GC(10) - age   2:     656568 bytes,    1024280 total
[2019-12-09T02:51:53.077+0000][1][gc,age       ] GC(10) - age   3:     354424 bytes,    1378704 total
[2019-12-09T02:51:53.077+0000][1][gc,age       ] GC(10) - age   4:    1128672 bytes,    2507376 total
[2019-12-09T02:51:53.077+0000][1][gc,heap      ] GC(10) ParNew: 75041K->4501K(78656K)
[2019-12-09T02:51:53.077+0000][1][gc,heap      ] GC(10) CMS: 14228K->14228K(174784K)
[2019-12-09T02:51:53.077+0000][1][gc,metaspace ] GC(10) Metaspace: 20557K->20557K(1069056K)
[2019-12-09T02:51:53.077+0000][1][gc           ] GC(10) Pause Young (Allocation Failure) 87M->18M(247M) 71.094ms
[2019-12-09T02:51:53.077+0000][1][gc,cpu       ] GC(10) User=0.02s Sys=0.00s Real=0.07s
[2019-12-09T02:51:53.077+0000][1][safepoint    ] Leaving safepoint region
[2019-12-09T02:51:53.077+0000][1][safepoint    ] Total time for which application threads were stopped: 0.0712298 seconds, Stopping threads took: 0.0000154 seconds
[2019-12-09T02:51:53.083+0000][1][safepoint    ] Application time: 0.0058189 seconds
[2019-12-09T02:51:53.117+0000][1][safepoint    ] Entering safepoint region: CMS_Final_Remark
[2019-12-09T02:51:53.117+0000][1][gc,start     ] GC(9) Pause Remark
[2019-12-09T02:51:53.142+0000][1][gc           ] GC(9) Pause Remark 21M->21M(247M) 24.789ms
[2019-12-09T02:51:53.146+0000][1][gc,cpu       ] GC(9) User=0.01s Sys=0.00s Real=0.03s
[2019-12-09T02:51:53.146+0000][1][safepoint    ] Leaving safepoint region
[2019-12-09T02:51:53.146+0000][1][safepoint    ] Total time for which application threads were stopped: 0.0627262 seconds, Stopping threads took: 0.0339679 seconds
[2019-12-09T02:51:53.148+0000][1][gc           ] GC(9) Concurrent Sweep
[2019-12-09T02:51:53.184+0000][1][gc           ] GC(9) Concurrent Sweep 36.763ms
[2019-12-09T02:51:53.185+0000][1][gc,cpu       ] GC(9) User=0.02s Sys=0.00s Real=0.03s
[2019-12-09T02:51:53.185+0000][1][gc           ] GC(9) Concurrent Reset
[2019-12-09T02:51:53.185+0000][1][gc           ] GC(9) Concurrent Reset 0.316ms
[2019-12-09T02:51:53.185+0000][1][gc,cpu       ] GC(9) User=0.00s Sys=0.00s Real=0.01s
[2019-12-09T02:51:53.185+0000][1][gc,heap      ] GC(9) Old: 14228K->14217K(174784K)
[2019-12-09T02:51:54.050+0000][1][safepoint    ] Application time: 0.9040467 seconds
[2019-12-09T02:51:54.050+0000][1][safepoint    ] Entering safepoint region: GenCollectForAllocation
[2019-12-09T02:51:54.050+0000][1][gc,start     ] GC(11) Pause Young (Allocation Failure)
[2019-12-09T02:51:54.050+0000][1][gc,task      ] GC(11) Using 2 workers of 2 for evacuation
[2019-12-09T02:51:54.132+0000][1][gc,age       ] GC(11) Desired survivor size 4456448 bytes, new threshold 6 (max threshold 6)
[2019-12-09T02:51:54.132+0000][1][gc,age       ] GC(11) Age table with threshold 6 (max threshold 6)
[2019-12-09T02:51:54.132+0000][1][gc,age       ] GC(11) - age   1:     311576 bytes,     311576 total
[2019-12-09T02:51:54.132+0000][1][gc,age       ] GC(11) - age   2:      97456 bytes,     409032 total
[2019-12-09T02:51:54.132+0000][1][gc,age       ] GC(11) - age   3:     656424 bytes,    1065456 total
[2019-12-09T02:51:54.132+0000][1][gc,age       ] GC(11) - age   4:     354320 bytes,    1419776 total
[2019-12-09T02:51:54.132+0000][1][gc,age       ] GC(11) - age   5:    1128528 bytes,    2548304 total
[2019-12-09T02:51:54.132+0000][1][gc,heap      ] GC(11) ParNew: 74453K->3702K(78656K)
[2019-12-09T02:51:54.132+0000][1][gc,heap      ] GC(11) CMS: 14217K->14217K(174784K)
[2019-12-09T02:51:54.132+0000][1][gc,metaspace ] GC(11) Metaspace: 20639K->20639K(1069056K)
[2019-12-09T02:51:54.132+0000][1][gc           ] GC(11) Pause Young (Allocation Failure) 86M->17M(247M) 81.797ms
[2019-12-09T02:51:54.132+0000][1][gc,cpu       ] GC(11) User=0.02s Sys=0.00s Real=0.08s
[2019-12-09T02:51:54.132+0000][1][safepoint    ] Leaving safepoint region
[2019-12-09T02:51:54.132+0000][1][safepoint    ] Total time for which application threads were stopped: 0.0823431 seconds, Stopping threads took: 0.0000127 seconds
[2019-12-09T02:51:55.072+0000][1][safepoint    ] Application time: 0.9397266 seconds
[2019-12-09T02:51:55.072+0000][1][safepoint    ] Entering safepoint region: Deoptimize
[2019-12-09T02:51:55.072+0000][1][safepoint    ] Leaving safepoint region
[2019-12-09T02:51:55.072+0000][1][safepoint    ] Total time for which application threads were stopped: 0.0004638 seconds, Stopping threads took: 0.0000144 seconds
[2019-12-09T02:51:55.927+0000][1][safepoint    ] Application time: 0.8543734 seconds
[2019-12-09T02:51:55.927+0000][1][safepoint    ] Entering safepoint region: GenCollectForAllocation
[2019-12-09T02:51:55.927+0000][1][gc,start     ] GC(12) Pause Young (Allocation Failure)
[2019-12-09T02:51:55.927+0000][1][gc,task      ] GC(12) Using 2 workers of 2 for evacuation
[2019-12-09T02:51:55.996+0000][1][gc,age       ] GC(12) Desired survivor size 4456448 bytes, new threshold 6 (max threshold 6)
[2019-12-09T02:51:55.996+0000][1][gc,age       ] GC(12) Age table with threshold 6 (max threshold 6)
[2019-12-09T02:51:55.996+0000][1][gc,age       ] GC(12) - age   1:     480640 bytes,     480640 total
[2019-12-09T02:51:55.996+0000][1][gc,age       ] GC(12) - age   2:     297848 bytes,     778488 total
[2019-12-09T02:51:55.996+0000][1][gc,age       ] GC(12) - age   3:      97456 bytes,     875944 total
[2019-12-09T02:51:55.996+0000][1][gc,age       ] GC(12) - age   4:     656424 bytes,    1532368 total
[2019-12-09T02:51:55.996+0000][1][gc,age       ] GC(12) - age   5:     354320 bytes,    1886688 total
[2019-12-09T02:51:55.996+0000][1][gc,age       ] GC(12) - age   6:    1128384 bytes,    3015072 total
[2019-12-09T02:51:55.996+0000][1][gc,heap      ] GC(12) ParNew: 73654K->3354K(78656K)
[2019-12-09T02:51:55.996+0000][1][gc,heap      ] GC(12) CMS: 14217K->14217K(174784K)
[2019-12-09T02:51:55.996+0000][1][gc,metaspace ] GC(12) Metaspace: 22199K->22199K(1069056K)
[2019-12-09T02:51:55.996+0000][1][gc           ] GC(12) Pause Young (Allocation Failure) 85M->17M(247M) 68.854ms
[2019-12-09T02:51:55.996+0000][1][gc,cpu       ] GC(12) User=0.02s Sys=0.00s Real=0.07s
[2019-12-09T02:51:55.996+0000][1][safepoint    ] Leaving safepoint region
[2019-12-09T02:51:55.996+0000][1][safepoint    ] Total time for which application threads were stopped: 0.0690684 seconds, Stopping threads took: 0.0000323 seconds
[2019-12-09T02:51:57.024+0000][1][safepoint    ] Application time: 1.0279599 seconds
[2019-12-09T02:51:57.041+0000][1][safepoint    ] Entering safepoint region: Cleanup
[2019-12-09T02:51:57.041+0000][1][safepoint    ] Leaving safepoint region
[2019-12-09T02:51:57.041+0000][1][safepoint    ] Total time for which application threads were stopped: 0.0172047 seconds, Stopping threads took: 0.0170025 seconds
[2019-12-09T02:51:57.976+0000][1][safepoint    ] Application time: 0.9347493 seconds
[2019-12-09T02:51:57.976+0000][1][safepoint    ] Entering safepoint region: Deoptimize
[2019-12-09T02:51:57.976+0000][1][safepoint    ] Leaving safepoint region
[2019-12-09T02:51:57.976+0000][1][safepoint    ] Total time for which application threads were stopped: 0.0004414 seconds, Stopping threads took: 0.0000142 seconds
[2019-12-09T02:51:58.665+0000][1][safepoint    ] Application time: 0.6884024 seconds
[2019-12-09T02:51:58.665+0000][1][safepoint    ] Entering safepoint region: Deoptimize
[2019-12-09T02:51:58.665+0000][1][safepoint    ] Leaving safepoint region
[2019-12-09T02:51:58.665+0000][1][safepoint    ] Total time for which application threads were stopped: 0.0004297 seconds, Stopping threads took: 0.0000121 seconds
[2019-12-09T02:51:58.718+0000][1][safepoint    ] Application time: 0.0534124 seconds
[2019-12-09T02:51:58.719+0000][1][safepoint    ] Entering safepoint region: Deoptimize
[2019-12-09T02:51:58.719+0000][1][safepoint    ] Leaving safepoint region
[2019-12-09T02:51:58.719+0000][1][safepoint    ] Total time for which application threads were stopped: 0.0004396 seconds, Stopping threads took: 0.0000123 seconds
[2019-12-09T02:51:58.732+0000][1][safepoint    ] Application time: 0.0127648 seconds
[2019-12-09T02:51:58.732+0000][1][safepoint    ] Entering safepoint region: Deoptimize
[2019-12-09T02:51:58.732+0000][1][safepoint    ] Leaving safepoint region
[2019-12-09T02:51:58.732+0000][1][safepoint    ] Total time for which application threads were stopped: 0.0004070 seconds, Stopping threads took: 0.0000135 seconds
[2019-12-09T02:51:58.813+0000][1][safepoint    ] Application time: 0.0808673 seconds
[2019-12-09T02:51:58.813+0000][1][safepoint    ] Entering safepoint region: RevokeBias
[2019-12-09T02:51:58.813+0000][1][safepoint    ] Leaving safepoint region
[2019-12-09T02:51:58.813+0000][1][safepoint    ] Total time for which application threads were stopped: 0.0000668 seconds, Stopping threads took: 0.0000138 seconds
[2019-12-09T02:51:58.817+0000][1][safepoint    ] Application time: 0.0036126 seconds
[2019-12-09T02:51:58.817+0000][1][safepoint    ] Entering safepoint region: RevokeBias
[2019-12-09T02:51:58.817+0000][1][safepoint    ] Leaving safepoint region
[2019-12-09T02:51:58.817+0000][1][safepoint    ] Total time for which application threads were stopped: 0.0000509 seconds, Stopping threads took: 0.0000119 seconds
[2019-12-09T02:51:58.817+0000][1][safepoint    ] Application time: 0.0000831 seconds
[2019-12-09T02:51:58.817+0000][1][safepoint    ] Entering safepoint region: RevokeBias
[2019-12-09T02:51:58.817+0000][1][safepoint    ] Leaving safepoint region
[2019-12-09T02:51:58.817+0000][1][safepoint    ] Total time for which application threads were stopped: 0.0000291 seconds, Stopping threads took: 0.0000075 seconds
[2019-12-09T02:51:59.822+0000][1][safepoint    ] Application time: 1.0047352 seconds
[2019-12-09T02:51:59.824+0000][1][safepoint    ] Entering safepoint region: Cleanup
[2019-12-09T02:51:59.824+0000][1][safepoint    ] Leaving safepoint region
[2019-12-09T02:51:59.824+0000][1][safepoint    ] Total time for which application threads were stopped: 0.0020388 seconds, Stopping threads took: 0.0019989 seconds
[2019-12-09T02:52:00.835+0000][1][safepoint    ] Application time: 1.0110059 seconds
[2019-12-09T02:52:00.835+0000][1][safepoint    ] Entering safepoint region: Cleanup
[2019-12-09T02:52:00.835+0000][1][safepoint    ] Leaving safepoint region
[2019-12-09T02:52:00.835+0000][1][safepoint    ] Total time for which application threads were stopped: 0.0002667 seconds, Stopping threads took: 0.0000393 seconds
[2019-12-09T02:52:01.860+0000][1][safepoint    ] Application time: 1.0245953 seconds
[2019-12-09T02:52:01.940+0000][1][safepoint    ] Entering safepoint region: Cleanup
[2019-12-09T02:52:01.940+0000][1][safepoint    ] Leaving safepoint region
[2019-12-09T02:52:01.940+0000][1][safepoint    ] Total time for which application threads were stopped: 0.0800933 seconds, Stopping threads took: 0.0800387 seconds
[2019-12-09T02:52:02.954+0000][1][safepoint    ] Application time: 1.0138331 seconds
[2019-12-09T02:52:02.954+0000][1][safepoint    ] Entering safepoint region: Cleanup
[2019-12-09T02:52:02.954+0000][1][safepoint    ] Leaving safepoint region
[2019-12-09T02:52:02.954+0000][1][safepoint    ] Total time for which application threads were stopped: 0.0001217 seconds, Stopping threads took: 0.0000558 seconds
[2019-12-09T02:52:03.957+0000][1][safepoint    ] Application time: 1.0028670 seconds
[2019-12-09T02:52:04.020+0000][1][safepoint    ] Entering safepoint region: Cleanup
[2019-12-09T02:52:04.020+0000][1][safepoint    ] Leaving safepoint region
[2019-12-09T02:52:04.020+0000][1][safepoint    ] Total time for which application threads were stopped: 0.0628660 seconds, Stopping threads took: 0.0628183 seconds
[2019-12-09T02:52:04.870+0000][1][safepoint    ] Application time: 0.8500563 seconds
[2019-12-09T02:52:04.870+0000][1][safepoint    ] Entering safepoint region: GenCollectForAllocation
[2019-12-09T02:52:04.870+0000][1][gc,start     ] GC(13) Pause Young (Allocation Failure)
[2019-12-09T02:52:04.870+0000][1][gc,task      ] GC(13) Using 2 workers of 2 for evacuation
[2019-12-09T02:52:05.324+0000][1][gc,age       ] GC(13) Desired survivor size 4456448 bytes, new threshold 1 (max threshold 6)
[2019-12-09T02:52:05.324+0000][1][gc,age       ] GC(13) Age table with threshold 1 (max threshold 6)
[2019-12-09T02:52:05.324+0000][1][gc,age       ] GC(13) - age   1:    7047264 bytes,    7047264 total
[2019-12-09T02:52:05.324+0000][1][gc,age       ] GC(13) - age   2:     465160 bytes,    7512424 total
[2019-12-09T02:52:05.324+0000][1][gc,age       ] GC(13) - age   3:     297584 bytes,    7810008 total
[2019-12-09T02:52:05.324+0000][1][gc,age       ] GC(13) - age   4:      97304 bytes,    7907312 total
[2019-12-09T02:52:05.324+0000][1][gc,age       ] GC(13) - age   5:     653176 bytes,    8560488 total
[2019-12-09T02:52:05.324+0000][1][gc,age       ] GC(13) - age   6:     352128 bytes,    8912616 total
[2019-12-09T02:52:05.324+0000][1][gc,heap      ] GC(13) ParNew: 73306K->8704K(78656K)
[2019-12-09T02:52:05.324+0000][1][gc,heap      ] GC(13) CMS: 14217K->20139K(174784K)
[2019-12-09T02:52:05.324+0000][1][gc,metaspace ] GC(13) Metaspace: 27209K->27209K(1075200K)
[2019-12-09T02:52:05.324+0000][1][gc           ] GC(13) Pause Young (Allocation Failure) 85M->28M(247M) 454.339ms
[2019-12-09T02:52:05.324+0000][1][gc,cpu       ] GC(13) User=0.08s Sys=0.00s Real=0.45s
[2019-12-09T02:52:05.324+0000][1][safepoint    ] Leaving safepoint region
[2019-12-09T02:52:05.324+0000][1][safepoint    ] Total time for which application threads were stopped: 0.4545162 seconds, Stopping threads took: 0.0000620 seconds
[2019-12-09T02:52:06.325+0000][1][safepoint    ] Application time: 1.0004298 seconds
[2019-12-09T02:52:06.379+0000][1][safepoint    ] Entering safepoint region: Cleanup
[2019-12-09T02:52:06.379+0000][1][safepoint    ] Leaving safepoint region
[2019-12-09T02:52:06.379+0000][1][safepoint    ] Total time for which application threads were stopped: 0.0540743 seconds, Stopping threads took: 0.0540243 seconds
[2019-12-09T02:52:07.390+0000][1][safepoint    ] Application time: 1.0108759 seconds
[2019-12-09T02:52:07.424+0000][1][safepoint    ] Entering safepoint region: Cleanup
[2019-12-09T02:52:07.424+0000][1][safepoint    ] Leaving safepoint region
[2019-12-09T02:52:07.424+0000][1][safepoint    ] Total time for which application threads were stopped: 0.0340489 seconds, Stopping threads took: 0.0339932 seconds
[2019-12-09T02:52:08.425+0000][1][safepoint    ] Application time: 1.0009240 seconds
[2019-12-09T02:52:08.440+0000][1][safepoint    ] Entering safepoint region: Cleanup
[2019-12-09T02:52:08.440+0000][1][safepoint    ] Leaving safepoint region
[2019-12-09T02:52:08.440+0000][1][safepoint    ] Total time for which application threads were stopped: 0.0150419 seconds, Stopping threads took: 0.0149909 seconds
[2019-12-09T02:52:09.438+0000][1][safepoint    ] Application time: 0.9979334 seconds
[2019-12-09T02:52:09.438+0000][1][safepoint    ] Entering safepoint region: RevokeBias
[2019-12-09T02:52:09.438+0000][1][safepoint    ] Leaving safepoint region
[2019-12-09T02:52:09.438+0000][1][safepoint    ] Total time for which application threads were stopped: 0.0001210 seconds, Stopping threads took: 0.0000136 seconds
[2019-12-09T02:52:10.443+0000][1][safepoint    ] Application time: 1.0047965 seconds
[2019-12-09T02:52:10.473+0000][1][safepoint    ] Entering safepoint region: Cleanup
[2019-12-09T02:52:10.473+0000][1][safepoint    ] Leaving safepoint region
[2019-12-09T02:52:10.473+0000][1][safepoint    ] Total time for which application threads were stopped: 0.0300417 seconds, Stopping threads took: 0.0299842 seconds
[2019-12-09T02:52:10.628+0000][1][safepoint    ] Application time: 0.1556779 seconds
[2019-12-09T02:52:10.629+0000][1][safepoint    ] Entering safepoint region: GenCollectForAllocation
[2019-12-09T02:52:10.629+0000][1][gc,start     ] GC(14) Pause Young (Allocation Failure)
[2019-12-09T02:52:10.629+0000][1][gc,task      ] GC(14) Using 2 workers of 2 for evacuation
[2019-12-09T02:52:11.044+0000][1][gc,age       ] GC(14) Desired survivor size 4456448 bytes, new threshold 1 (max threshold 6)
[2019-12-09T02:52:11.044+0000][1][gc,age       ] GC(14) Age table with threshold 1 (max threshold 6)
[2019-12-09T02:52:11.044+0000][1][gc,age       ] GC(14) - age   1:    8912832 bytes,    8912832 total
[2019-12-09T02:52:11.044+0000][1][gc,heap      ] GC(14) ParNew: 78656K->8704K(78656K)
[2019-12-09T02:52:11.044+0000][1][gc,heap      ] GC(14) CMS: 20139K->33877K(174784K)
[2019-12-09T02:52:11.044+0000][1][gc,metaspace ] GC(14) Metaspace: 27302K->27302K(1075200K)
[2019-12-09T02:52:11.044+0000][1][gc           ] GC(14) Pause Young (Allocation Failure) 96M->41M(247M) 415.645ms
[2019-12-09T02:52:11.044+0000][1][gc,cpu       ] GC(14) User=0.11s Sys=0.00s Real=0.41s
[2019-12-09T02:52:11.044+0000][1][safepoint    ] Leaving safepoint region
[2019-12-09T02:52:11.044+0000][1][safepoint    ] Total time for which application threads were stopped: 0.4157703 seconds, Stopping threads took: 0.0000144 seconds
[2019-12-09T02:52:14.085+0000][1][safepoint    ] Application time: 3.0403955 seconds
[2019-12-09T02:52:14.113+0000][1][safepoint    ] Entering safepoint region: Cleanup
[2019-12-09T02:52:14.113+0000][1][safepoint    ] Leaving safepoint region
[2019-12-09T02:52:14.113+0000][1][safepoint    ] Total time for which application threads were stopped: 0.0283167 seconds, Stopping threads took: 0.0282744 seconds
[2019-12-09T02:52:15.145+0000][1][safepoint    ] Application time: 1.0316368 seconds
[2019-12-09T02:52:15.145+0000][1][safepoint    ] Entering safepoint region: Cleanup
[2019-12-09T02:52:15.145+0000][1][safepoint    ] Leaving safepoint region
[2019-12-09T02:52:15.145+0000][1][safepoint    ] Total time for which application threads were stopped: 0.0003300 seconds, Stopping threads took: 0.0002439 seconds
[2019-12-09T02:52:15.147+0000][1][safepoint    ] Application time: 0.0015094 seconds
[2019-12-09T02:52:15.147+0000][1][safepoint    ] Entering safepoint region: GenCollectForAllocation
[2019-12-09T02:52:15.147+0000][1][gc,start     ] GC(15) Pause Young (Allocation Failure)
[2019-12-09T02:52:15.147+0000][1][gc,task      ] GC(15) Using 2 workers of 2 for evacuation
[2019-12-09T02:52:15.565+0000][1][gc,age       ] GC(15) Desired survivor size 4456448 bytes, new threshold 1 (max threshold 6)
[2019-12-09T02:52:15.565+0000][1][gc,age       ] GC(15) Age table with threshold 1 (max threshold 6)
[2019-12-09T02:52:15.565+0000][1][gc,age       ] GC(15) - age   1:    6855360 bytes,    6855360 total
[2019-12-09T02:52:15.565+0000][1][gc,heap      ] GC(15) ParNew: 78656K->8704K(78656K)
[2019-12-09T02:52:15.565+0000][1][gc,heap      ] GC(15) CMS: 33877K->48429K(174784K)
[2019-12-09T02:52:15.565+0000][1][gc,metaspace ] GC(15) Metaspace: 28632K->28632K(1075200K)
[2019-12-09T02:52:15.565+0000][1][gc           ] GC(15) Pause Young (Allocation Failure) 109M->55M(247M) 418.275ms
[2019-12-09T02:52:15.565+0000][1][gc,cpu       ] GC(15) User=0.11s Sys=0.00s Real=0.42s
[2019-12-09T02:52:15.565+0000][1][safepoint    ] Leaving safepoint region
[2019-12-09T02:52:15.565+0000][1][safepoint    ] Total time for which application threads were stopped: 0.4184208 seconds, Stopping threads took: 0.0000123 seconds
[2019-12-09T02:52:16.567+0000][1][safepoint    ] Application time: 1.0016511 seconds
[2019-12-09T02:52:16.640+0000][1][safepoint    ] Entering safepoint region: Cleanup
[2019-12-09T02:52:16.640+0000][1][safepoint    ] Leaving safepoint region
[2019-12-09T02:52:16.640+0000][1][safepoint    ] Total time for which application threads were stopped: 0.0736505 seconds, Stopping threads took: 0.0735881 seconds
[2019-12-09T02:52:17.694+0000][1][safepoint    ] Application time: 1.0532957 seconds
[2019-12-09T02:52:17.757+0000][1][safepoint    ] Entering safepoint region: Cleanup
[2019-12-09T02:52:17.757+0000][1][safepoint    ] Leaving safepoint region
[2019-12-09T02:52:17.757+0000][1][safepoint    ] Total time for which application threads were stopped: 0.0630741 seconds, Stopping threads took: 0.0630253 seconds
[2019-12-09T02:52:18.770+0000][1][safepoint    ] Application time: 1.0128882 seconds
[2019-12-09T02:52:18.823+0000][1][safepoint    ] Entering safepoint region: Cleanup
[2019-12-09T02:52:18.823+0000][1][safepoint    ] Leaving safepoint region
[2019-12-09T02:52:18.823+0000][1][safepoint    ] Total time for which application threads were stopped: 0.0531151 seconds, Stopping threads took: 0.0530517 seconds
[2019-12-09T02:52:19.259+0000][1][safepoint    ] Application time: 0.4361959 seconds
[2019-12-09T02:52:19.259+0000][1][safepoint    ] Entering safepoint region: GenCollectForAllocation
[2019-12-09T02:52:19.259+0000][1][gc,start     ] GC(16) Pause Young (Allocation Failure)
[2019-12-09T02:52:19.259+0000][1][gc,task      ] GC(16) Using 2 workers of 2 for evacuation
[2019-12-09T02:52:19.531+0000][1][gc,age       ] GC(16) Desired survivor size 4456448 bytes, new threshold 6 (max threshold 6)
[2019-12-09T02:52:19.531+0000][1][gc,age       ] GC(16) Age table with threshold 6 (max threshold 6)
[2019-12-09T02:52:19.531+0000][1][gc,age       ] GC(16) - age   1:    1482280 bytes,    1482280 total
[2019-12-09T02:52:19.531+0000][1][gc,heap      ] GC(16) ParNew: 78656K->7104K(78656K)
[2019-12-09T02:52:19.531+0000][1][gc,heap      ] GC(16) CMS: 48429K->55180K(174784K)
[2019-12-09T02:52:19.531+0000][1][gc,metaspace ] GC(16) Metaspace: 33058K->33058K(1079296K)
[2019-12-09T02:52:19.531+0000][1][gc           ] GC(16) Pause Young (Allocation Failure) 124M->60M(247M) 271.420ms
[2019-12-09T02:52:19.531+0000][1][gc,cpu       ] GC(16) User=0.05s Sys=0.00s Real=0.27s
[2019-12-09T02:52:19.531+0000][1][safepoint    ] Leaving safepoint region
[2019-12-09T02:52:19.531+0000][1][safepoint    ] Total time for which application threads were stopped: 0.2715510 seconds, Stopping threads took: 0.0000135 seconds
[2019-12-09T02:52:20.538+0000][1][safepoint    ] Application time: 1.0070402 seconds
[2019-12-09T02:52:20.580+0000][1][safepoint    ] Entering safepoint region: Cleanup
[2019-12-09T02:52:20.580+0000][1][safepoint    ] Leaving safepoint region
[2019-12-09T02:52:20.580+0000][1][safepoint    ] Total time for which application threads were stopped: 0.0419087 seconds, Stopping threads took: 0.0418340 seconds
[2019-12-09T02:52:21.430+0000][1][safepoint    ] Application time: 0.8498525 seconds
[2019-12-09T02:52:21.430+0000][1][safepoint    ] Entering safepoint region: CollectForMetadataAllocation
[2019-12-09T02:52:21.430+0000][1][safepoint    ] Leaving safepoint region
[2019-12-09T02:52:21.430+0000][1][safepoint    ] Total time for which application threads were stopped: 0.0002629 seconds, Stopping threads took: 0.0000133 seconds
[2019-12-09T02:52:21.551+0000][1][safepoint    ] Application time: 0.1209655 seconds
[2019-12-09T02:52:21.551+0000][1][safepoint    ] Entering safepoint region: CMS_Initial_Mark
[2019-12-09T02:52:21.551+0000][1][gc,start     ] GC(17) Pause Initial Mark
[2019-12-09T02:52:21.667+0000][1][gc           ] GC(17) Pause Initial Mark 129M->129M(247M) 115.818ms
[2019-12-09T02:52:21.667+0000][1][gc,cpu       ] GC(17) User=0.05s Sys=0.00s Real=0.12s
[2019-12-09T02:52:21.667+0000][1][safepoint    ] Leaving safepoint region
[2019-12-09T02:52:21.667+0000][1][safepoint    ] Total time for which application threads were stopped: 0.1159882 seconds, Stopping threads took: 0.0000529 seconds
[2019-12-09T02:52:21.667+0000][1][gc           ] GC(17) Concurrent Mark
[2019-12-09T02:52:21.774+0000][1][safepoint    ] Application time: 0.1074679 seconds
[2019-12-09T02:52:21.774+0000][1][safepoint    ] Entering safepoint region: GenCollectForAllocation
[2019-12-09T02:52:21.774+0000][1][gc,start     ] GC(18) Pause Young (Allocation Failure)
[2019-12-09T02:52:21.774+0000][1][gc,task      ] GC(18) Using 2 workers of 2 for evacuation
[2019-12-09T02:52:21.874+0000][1][gc,age       ] GC(18) Desired survivor size 4456448 bytes, new threshold 6 (max threshold 6)
[2019-12-09T02:52:21.874+0000][1][gc,age       ] GC(18) Age table with threshold 6 (max threshold 6)
[2019-12-09T02:52:21.874+0000][1][gc,age       ] GC(18) - age   1:    1634976 bytes,    1634976 total
[2019-12-09T02:52:21.874+0000][1][gc,age       ] GC(18) - age   2:    1410808 bytes,    3045784 total
[2019-12-09T02:52:21.874+0000][1][gc,heap      ] GC(18) ParNew: 77056K->4275K(78656K)
[2019-12-09T02:52:21.874+0000][1][gc,heap      ] GC(18) CMS: 55180K->55180K(174784K)
[2019-12-09T02:52:21.874+0000][1][gc,metaspace ] GC(18) Metaspace: 33832K->33832K(1081344K)
[2019-12-09T02:52:21.874+0000][1][gc           ] GC(18) Pause Young (Allocation Failure) 129M->58M(247M) 99.694ms
[2019-12-09T02:52:21.874+0000][1][gc,cpu       ] GC(18) User=0.03s Sys=0.00s Real=0.10s
[2019-12-09T02:52:21.874+0000][1][safepoint    ] Leaving safepoint region
[2019-12-09T02:52:21.874+0000][1][safepoint    ] Total time for which application threads were stopped: 0.0998334 seconds, Stopping threads took: 0.0000138 seconds
[2019-12-09T02:52:21.977+0000][1][safepoint    ] Application time: 0.1025475 seconds
[2019-12-09T02:52:21.977+0000][1][safepoint    ] Entering safepoint region: RevokeBias
[2019-12-09T02:52:21.977+0000][1][safepoint    ] Leaving safepoint region
[2019-12-09T02:52:21.977+0000][1][safepoint    ] Total time for which application threads were stopped: 0.0001116 seconds, Stopping threads took: 0.0000150 seconds
[2019-12-09T02:52:22.078+0000][1][safepoint    ] Application time: 0.1006935 seconds
[2019-12-09T02:52:22.078+0000][1][safepoint    ] Entering safepoint region: CollectForMetadataAllocation
[2019-12-09T02:52:22.078+0000][1][safepoint    ] Leaving safepoint region
[2019-12-09T02:52:22.078+0000][1][safepoint    ] Total time for which application threads were stopped: 0.0002543 seconds, Stopping threads took: 0.0000137 seconds
[2019-12-09T02:52:22.565+0000][1][safepoint    ] Application time: 0.4873273 seconds
[2019-12-09T02:52:22.565+0000][1][safepoint    ] Entering safepoint region: CollectForMetadataAllocation
[2019-12-09T02:52:22.565+0000][1][safepoint    ] Leaving safepoint region
[2019-12-09T02:52:22.565+0000][1][safepoint    ] Total time for which application threads were stopped: 0.0002200 seconds, Stopping threads took: 0.0000135 seconds
[2019-12-09T02:52:22.662+0000][1][gc           ] GC(17) Concurrent Mark 994.689ms
[2019-12-09T02:52:22.662+0000][1][gc,cpu       ] GC(17) User=0.27s Sys=0.00s Real=0.99s
[2019-12-09T02:52:22.662+0000][1][gc           ] GC(17) Concurrent Preclean
[2019-12-09T02:52:22.663+0000][1][gc           ] GC(17) Concurrent Preclean 1.487ms
[2019-12-09T02:52:22.663+0000][1][gc,cpu       ] GC(17) User=0.00s Sys=0.00s Real=0.00s
[2019-12-09T02:52:22.663+0000][1][gc           ] GC(17) Concurrent Abortable Preclean
[2019-12-09T02:52:22.959+0000][1][safepoint    ] Application time: 0.3935982 seconds
[2019-12-09T02:52:22.959+0000][1][safepoint    ] Entering safepoint region: CollectForMetadataAllocation
[2019-12-09T02:52:22.959+0000][1][safepoint    ] Leaving safepoint region
[2019-12-09T02:52:22.959+0000][1][safepoint    ] Total time for which application threads were stopped: 0.0002613 seconds, Stopping threads took: 0.0000143 seconds
[2019-12-09T02:52:23.180+0000][1][safepoint    ] Application time: 0.2204181 seconds
[2019-12-09T02:52:23.180+0000][1][safepoint    ] Entering safepoint region: CollectForMetadataAllocation
[2019-12-09T02:52:23.180+0000][1][safepoint    ] Leaving safepoint region
[2019-12-09T02:52:23.180+0000][1][safepoint    ] Total time for which application threads were stopped: 0.0002286 seconds, Stopping threads took: 0.0000145 seconds
[2019-12-09T02:52:23.443+0000][1][safepoint    ] Application time: 0.2626961 seconds
[2019-12-09T02:52:23.443+0000][1][safepoint    ] Entering safepoint region: CollectForMetadataAllocation
[2019-12-09T02:52:23.443+0000][1][safepoint    ] Leaving safepoint region
[2019-12-09T02:52:23.443+0000][1][safepoint    ] Total time for which application threads were stopped: 0.0002217 seconds, Stopping threads took: 0.0000143 seconds
[2019-12-09T02:52:23.657+0000][1][safepoint    ] Application time: 0.2139436 seconds
[2019-12-09T02:52:23.657+0000][1][safepoint    ] Entering safepoint region: CollectForMetadataAllocation
[2019-12-09T02:52:23.657+0000][1][safepoint    ] Leaving safepoint region
[2019-12-09T02:52:23.657+0000][1][safepoint    ] Total time for which application threads were stopped: 0.0002771 seconds, Stopping threads took: 0.0000608 seconds
[2019-12-09T02:52:24.083+0000][1][safepoint    ] Application time: 0.4254401 seconds
[2019-12-09T02:52:24.083+0000][1][safepoint    ] Entering safepoint region: CollectForMetadataAllocation
[2019-12-09T02:52:24.083+0000][1][safepoint    ] Leaving safepoint region
[2019-12-09T02:52:24.083+0000][1][safepoint    ] Total time for which application threads were stopped: 0.0001599 seconds, Stopping threads took: 0.0000231 seconds
[2019-12-09T02:52:24.246+0000][1][safepoint    ] Application time: 0.1630142 seconds
[2019-12-09T02:52:24.246+0000][1][safepoint    ] Entering safepoint region: CollectForMetadataAllocation
[2019-12-09T02:52:24.246+0000][1][safepoint    ] Leaving safepoint region
[2019-12-09T02:52:24.246+0000][1][safepoint    ] Total time for which application threads were stopped: 0.0002093 seconds, Stopping threads took: 0.0000134 seconds
[2019-12-09T02:52:24.524+0000][1][safepoint    ] Application time: 0.2782746 seconds
[2019-12-09T02:52:24.524+0000][1][safepoint    ] Entering safepoint region: CollectForMetadataAllocation
[2019-12-09T02:52:24.525+0000][1][safepoint    ] Leaving safepoint region
[2019-12-09T02:52:24.525+0000][1][safepoint    ] Total time for which application threads were stopped: 0.0002438 seconds, Stopping threads took: 0.0000139 seconds
[2019-12-09T02:52:24.863+0000][1][safepoint    ] Application time: 0.3383275 seconds
[2019-12-09T02:52:24.863+0000][1][safepoint    ] Entering safepoint region: CollectForMetadataAllocation
[2019-12-09T02:52:24.863+0000][1][safepoint    ] Leaving safepoint region
[2019-12-09T02:52:24.863+0000][1][safepoint    ] Total time for which application threads were stopped: 0.0001772 seconds, Stopping threads took: 0.0000129 seconds
[2019-12-09T02:52:25.091+0000][1][safepoint    ] Application time: 0.2277493 seconds
[2019-12-09T02:52:25.091+0000][1][safepoint    ] Entering safepoint region: RevokeBias
[2019-12-09T02:52:25.091+0000][1][safepoint    ] Leaving safepoint region
[2019-12-09T02:52:25.091+0000][1][safepoint    ] Total time for which application threads were stopped: 0.0001438 seconds, Stopping threads took: 0.0000131 seconds
[2019-12-09T02:52:25.359+0000][1][safepoint    ] Application time: 0.2674803 seconds
[2019-12-09T02:52:25.359+0000][1][safepoint    ] Entering safepoint region: CollectForMetadataAllocation
[2019-12-09T02:52:25.359+0000][1][safepoint    ] Leaving safepoint region
[2019-12-09T02:52:25.359+0000][1][safepoint    ] Total time for which application threads were stopped: 0.0002416 seconds, Stopping threads took: 0.0000143 seconds
[2019-12-09T02:52:25.669+0000][1][safepoint    ] Application time: 0.3097386 seconds
[2019-12-09T02:52:25.669+0000][1][safepoint    ] Entering safepoint region: CollectForMetadataAllocation
[2019-12-09T02:52:25.669+0000][1][safepoint    ] Leaving safepoint region
[2019-12-09T02:52:25.669+0000][1][safepoint    ] Total time for which application threads were stopped: 0.0002510 seconds, Stopping threads took: 0.0000128 seconds
[2019-12-09T02:52:25.944+0000][1][safepoint    ] Application time: 0.2749028 seconds
[2019-12-09T02:52:25.944+0000][1][safepoint    ] Entering safepoint region: CollectForMetadataAllocation
[2019-12-09T02:52:25.944+0000][1][safepoint    ] Leaving safepoint region
[2019-12-09T02:52:25.944+0000][1][safepoint    ] Total time for which application threads were stopped: 0.0002202 seconds, Stopping threads took: 0.0000134 seconds
[2019-12-09T02:52:26.140+0000][1][safepoint    ] Application time: 0.1955692 seconds
[2019-12-09T02:52:26.140+0000][1][safepoint    ] Entering safepoint region: CollectForMetadataAllocation
[2019-12-09T02:52:26.140+0000][1][safepoint    ] Leaving safepoint region
[2019-12-09T02:52:26.140+0000][1][safepoint    ] Total time for which application threads were stopped: 0.0002628 seconds, Stopping threads took: 0.0000143 seconds
[2019-12-09T02:52:26.446+0000][1][safepoint    ] Application time: 0.3063968 seconds
[2019-12-09T02:52:26.447+0000][1][safepoint    ] Entering safepoint region: CollectForMetadataAllocation
[2019-12-09T02:52:26.447+0000][1][safepoint    ] Leaving safepoint region
[2019-12-09T02:52:26.447+0000][1][safepoint    ] Total time for which application threads were stopped: 0.0002707 seconds, Stopping threads took: 0.0000152 seconds
[2019-12-09T02:52:26.797+0000][1][safepoint    ] Application time: 0.3505875 seconds
[2019-12-09T02:52:26.797+0000][1][safepoint    ] Entering safepoint region: CollectForMetadataAllocation
[2019-12-09T02:52:26.798+0000][1][safepoint    ] Leaving safepoint region
[2019-12-09T02:52:26.798+0000][1][safepoint    ] Total time for which application threads were stopped: 0.0002563 seconds, Stopping threads took: 0.0000149 seconds
[2019-12-09T02:52:27.210+0000][1][safepoint    ] Application time: 0.4120876 seconds
[2019-12-09T02:52:27.210+0000][1][safepoint    ] Entering safepoint region: CollectForMetadataAllocation
[2019-12-09T02:52:27.210+0000][1][safepoint    ] Leaving safepoint region
[2019-12-09T02:52:27.210+0000][1][safepoint    ] Total time for which application threads were stopped: 0.0002439 seconds, Stopping threads took: 0.0000162 seconds
[2019-12-09T02:52:27.458+0000][1][safepoint    ] Application time: 0.2476710 seconds
[2019-12-09T02:52:27.458+0000][1][safepoint    ] Entering safepoint region: CollectForMetadataAllocation
[2019-12-09T02:52:27.458+0000][1][safepoint    ] Leaving safepoint region
[2019-12-09T02:52:27.458+0000][1][safepoint    ] Total time for which application threads were stopped: 0.0002396 seconds, Stopping threads took: 0.0000134 seconds
[2019-12-09T02:52:27.740+0000][1][safepoint    ] Application time: 0.2817347 seconds
[2019-12-09T02:52:27.740+0000][1][safepoint    ] Entering safepoint region: CollectForMetadataAllocation
[2019-12-09T02:52:27.740+0000][1][safepoint    ] Leaving safepoint region
[2019-12-09T02:52:27.740+0000][1][safepoint    ] Total time for which application threads were stopped: 0.0002300 seconds, Stopping threads took: 0.0000135 seconds
[2019-12-09T02:52:27.939+0000][1][gc           ] GC(17) Concurrent Abortable Preclean 5275.821ms
[2019-12-09T02:52:27.939+0000][1][gc,cpu       ] GC(17) User=1.46s Sys=0.02s Real=5.28s
[2019-12-09T02:52:27.945+0000][1][safepoint    ] Application time: 0.2047647 seconds
[2019-12-09T02:52:27.945+0000][1][safepoint    ] Entering safepoint region: CMS_Final_Remark
[2019-12-09T02:52:27.945+0000][1][gc,start     ] GC(17) Pause Remark
[2019-12-09T02:52:28.140+0000][1][gc           ] GC(17) Pause Remark 84M->84M(247M) 194.600ms
[2019-12-09T02:52:28.140+0000][1][gc,cpu       ] GC(17) User=0.03s Sys=0.00s Real=0.19s
[2019-12-09T02:52:28.140+0000][1][safepoint    ] Leaving safepoint region
[2019-12-09T02:52:28.140+0000][1][safepoint    ] Total time for which application threads were stopped: 0.1947368 seconds, Stopping threads took: 0.0000143 seconds
[2019-12-09T02:52:28.168+0000][1][gc           ] GC(17) Concurrent Sweep
[2019-12-09T02:52:28.278+0000][1][safepoint    ] Application time: 0.1381268 seconds
[2019-12-09T02:52:28.278+0000][1][safepoint    ] Entering safepoint region: CollectForMetadataAllocation
[2019-12-09T02:52:28.279+0000][1][safepoint    ] Leaving safepoint region
[2019-12-09T02:52:28.279+0000][1][safepoint    ] Total time for which application threads were stopped: 0.0007539 seconds, Stopping threads took: 0.0000166 seconds
[2019-12-09T02:52:28.279+0000][1][safepoint    ] Application time: 0.0007661 seconds
[2019-12-09T02:52:28.279+0000][1][safepoint    ] Entering safepoint region: CollectForMetadataAllocation
[2019-12-09T02:52:28.280+0000][1][safepoint    ] Leaving safepoint region
[2019-12-09T02:52:28.280+0000][1][safepoint    ] Total time for which application threads were stopped: 0.0002301 seconds, Stopping threads took: 0.0000128 seconds
[2019-12-09T02:52:28.524+0000][1][gc           ] GC(17) Concurrent Sweep 356.660ms
[2019-12-09T02:52:28.524+0000][1][gc,cpu       ] GC(17) User=0.11s Sys=0.00s Real=0.35s
[2019-12-09T02:52:28.524+0000][1][gc           ] GC(17) Concurrent Reset
[2019-12-09T02:52:28.547+0000][1][gc           ] GC(17) Concurrent Reset 22.584ms
[2019-12-09T02:52:28.547+0000][1][gc,cpu       ] GC(17) User=0.00s Sys=0.00s Real=0.03s
[2019-12-09T02:52:28.547+0000][1][gc,heap      ] GC(17) Old: 55180K->54993K(174784K)
[2019-12-09T02:52:29.286+0000][1][safepoint    ] Application time: 1.0061642 seconds
[2019-12-09T02:52:29.286+0000][1][safepoint    ] Entering safepoint region: Cleanup
[2019-12-09T02:52:29.286+0000][1][safepoint    ] Leaving safepoint region
[2019-12-09T02:52:29.286+0000][1][safepoint    ] Total time for which application threads were stopped: 0.0002053 seconds, Stopping threads took: 0.0001609 seconds
[2019-12-09T02:52:29.939+0000][1][safepoint    ] Application time: 0.6530641 seconds
[2019-12-09T02:52:29.939+0000][1][safepoint    ] Entering safepoint region: RevokeBias
[2019-12-09T02:52:29.939+0000][1][safepoint    ] Leaving safepoint region
[2019-12-09T02:52:29.939+0000][1][safepoint    ] Total time for which application threads were stopped: 0.0004122 seconds, Stopping threads took: 0.0003562 seconds
[2019-12-09T02:52:29.940+0000][1][safepoint    ] Application time: 0.0001438 seconds
[2019-12-09T02:52:29.940+0000][1][safepoint    ] Entering safepoint region: RevokeBias
[2019-12-09T02:52:29.940+0000][1][safepoint    ] Leaving safepoint region
[2019-12-09T02:52:29.940+0000][1][safepoint    ] Total time for which application threads were stopped: 0.0000595 seconds, Stopping threads took: 0.0000089 seconds
[2019-12-09T02:52:30.954+0000][1][safepoint    ] Application time: 1.0139777 seconds
[2019-12-09T02:52:31.002+0000][1][safepoint    ] Entering safepoint region: Cleanup
[2019-12-09T02:52:31.002+0000][1][safepoint    ] Leaving safepoint region
[2019-12-09T02:52:31.002+0000][1][safepoint    ] Total time for which application threads were stopped: 0.0478794 seconds, Stopping threads took: 0.0478213 seconds
[2019-12-09T02:52:33.425+0000][1][safepoint    ] Application time: 2.4232034 seconds
[2019-12-09T02:52:33.465+0000][1][safepoint    ] Entering safepoint region: RevokeBias
[2019-12-09T02:52:33.465+0000][1][safepoint    ] Leaving safepoint region
[2019-12-09T02:52:33.465+0000][1][safepoint    ] Total time for which application threads were stopped: 0.0400448 seconds, Stopping threads took: 0.0398986 seconds
[2019-12-09T02:52:33.465+0000][1][safepoint    ] Application time: 0.0002409 seconds
[2019-12-09T02:52:33.465+0000][1][safepoint    ] Entering safepoint region: RevokeBias
[2019-12-09T02:52:33.465+0000][1][safepoint    ] Leaving safepoint region
[2019-12-09T02:52:33.465+0000][1][safepoint    ] Total time for which application threads were stopped: 0.0000819 seconds, Stopping threads took: 0.0000104 seconds
[2019-12-09T02:52:34.933+0000][1][safepoint    ] Application time: 1.4676317 seconds
[2019-12-09T02:52:34.969+0000][1][safepoint    ] Entering safepoint region: RevokeBias
[2019-12-09T02:52:34.969+0000][1][safepoint    ] Leaving safepoint region
[2019-12-09T02:52:34.969+0000][1][safepoint    ] Total time for which application threads were stopped: 0.0359600 seconds, Stopping threads took: 0.0358618 seconds
[2019-12-09T02:52:34.969+0000][1][safepoint    ] Application time: 0.0003083 seconds
[2019-12-09T02:52:34.969+0000][1][safepoint    ] Entering safepoint region: RevokeBias
[2019-12-09T02:52:34.969+0000][1][safepoint    ] Leaving safepoint region
[2019-12-09T02:52:34.969+0000][1][safepoint    ] Total time for which application threads were stopped: 0.0000897 seconds, Stopping threads took: 0.0000119 seconds
[2019-12-09T02:52:34.970+0000][1][safepoint    ] Application time: 0.0001759 seconds
[2019-12-09T02:52:34.970+0000][1][safepoint    ] Entering safepoint region: RevokeBias
[2019-12-09T02:52:34.970+0000][1][safepoint    ] Leaving safepoint region
[2019-12-09T02:52:34.970+0000][1][safepoint    ] Total time for which application threads were stopped: 0.0000772 seconds, Stopping threads took: 0.0000096 seconds
[2019-12-09T02:52:34.970+0000][1][safepoint    ] Application time: 0.0001987 seconds
[2019-12-09T02:52:34.970+0000][1][safepoint    ] Entering safepoint region: RevokeBias
[2019-12-09T02:52:34.970+0000][1][safepoint    ] Leaving safepoint region
[2019-12-09T02:52:34.970+0000][1][safepoint    ] Total time for which application threads were stopped: 0.0000767 seconds, Stopping threads took: 0.0000087 seconds
[2019-12-09T02:52:34.970+0000][1][safepoint    ] Application time: 0.0000556 seconds
[2019-12-09T02:52:34.970+0000][1][safepoint    ] Entering safepoint region: RevokeBias
[2019-12-09T02:52:34.970+0000][1][safepoint    ] Leaving safepoint region
[2019-12-09T02:52:34.970+0000][1][safepoint    ] Total time for which application threads were stopped: 0.0000598 seconds, Stopping threads took: 0.0000079 seconds
[2019-12-09T02:52:34.970+0000][1][safepoint    ] Application time: 0.0000919 seconds
[2019-12-09T02:52:34.970+0000][1][safepoint    ] Entering safepoint region: RevokeBias
[2019-12-09T02:52:34.970+0000][1][safepoint    ] Leaving safepoint region
[2019-12-09T02:52:34.970+0000][1][safepoint    ] Total time for which application threads were stopped: 0.0000670 seconds, Stopping threads took: 0.0000085 seconds
[2019-12-09T02:52:34.970+0000][1][safepoint    ] Application time: 0.0000621 seconds
[2019-12-09T02:52:34.970+0000][1][safepoint    ] Entering safepoint region: RevokeBias
[2019-12-09T02:52:34.970+0000][1][safepoint    ] Leaving safepoint region
[2019-12-09T02:52:34.970+0000][1][safepoint    ] Total time for which application threads were stopped: 0.0000688 seconds, Stopping threads took: 0.0000083 seconds
[2019-12-09T02:52:34.971+0000][1][safepoint    ] Application time: 0.0005145 seconds
[2019-12-09T02:52:34.971+0000][1][safepoint    ] Entering safepoint region: RevokeBias
[2019-12-09T02:52:34.971+0000][1][safepoint    ] Leaving safepoint region
[2019-12-09T02:52:34.971+0000][1][safepoint    ] Total time for which application threads were stopped: 0.0000793 seconds, Stopping threads took: 0.0000115 seconds
[2019-12-09T02:52:34.972+0000][1][safepoint    ] Application time: 0.0007502 seconds
[2019-12-09T02:52:34.972+0000][1][safepoint    ] Entering safepoint region: RevokeBias
[2019-12-09T02:52:34.972+0000][1][safepoint    ] Leaving safepoint region
[2019-12-09T02:52:34.972+0000][1][safepoint    ] Total time for which application threads were stopped: 0.0000783 seconds, Stopping threads took: 0.0000115 seconds
[2019-12-09T02:52:34.972+0000][1][safepoint    ] Application time: 0.0000707 seconds
[2019-12-09T02:52:34.972+0000][1][safepoint    ] Entering safepoint region: RevokeBias
[2019-12-09T02:52:34.972+0000][1][safepoint    ] Leaving safepoint region
[2019-12-09T02:52:34.972+0000][1][safepoint    ] Total time for which application threads were stopped: 0.0000652 seconds, Stopping threads took: 0.0000083 seconds
[2019-12-09T02:52:35.974+0000][1][safepoint    ] Application time: 1.0017090 seconds
[2019-12-09T02:52:35.996+0000][1][safepoint    ] Entering safepoint region: Cleanup
[2019-12-09T02:52:35.997+0000][1][safepoint    ] Leaving safepoint region
[2019-12-09T02:52:35.997+0000][1][safepoint    ] Total time for which application threads were stopped: 0.0228328 seconds, Stopping threads took: 0.0227654 seconds
[2019-12-09T02:52:36.827+0000][1][safepoint    ] Application time: 0.8301336 seconds
[2019-12-09T02:52:36.827+0000][1][safepoint    ] Entering safepoint region: GenCollectForAllocation
[2019-12-09T02:52:36.827+0000][1][gc,start     ] GC(19) Pause Young (Allocation Failure)
[2019-12-09T02:52:36.827+0000][1][gc,task      ] GC(19) Using 2 workers of 2 for evacuation
[2019-12-09T02:52:36.995+0000][1][gc,age       ] GC(19) Desired survivor size 4456448 bytes, new threshold 3 (max threshold 6)
[2019-12-09T02:52:36.995+0000][1][gc,age       ] GC(19) Age table with threshold 3 (max threshold 6)
[2019-12-09T02:52:36.995+0000][1][gc,age       ] GC(19) - age   1:    2706312 bytes,    2706312 total
[2019-12-09T02:52:36.995+0000][1][gc,age       ] GC(19) - age   2:    1623384 bytes,    4329696 total
[2019-12-09T02:52:36.995+0000][1][gc,age       ] GC(19) - age   3:    1408304 bytes,    5738000 total
[2019-12-09T02:52:36.995+0000][1][gc,heap      ] GC(19) ParNew: 74227K->6913K(78656K)
[2019-12-09T02:52:36.995+0000][1][gc,heap      ] GC(19) CMS: 54993K->54993K(174784K)
[2019-12-09T02:52:36.995+0000][1][gc,metaspace ] GC(19) Metaspace: 42969K->42969K(1089536K)
[2019-12-09T02:52:36.995+0000][1][gc           ] GC(19) Pause Young (Allocation Failure) 126M->60M(247M) 168.257ms
[2019-12-09T02:52:36.995+0000][1][gc,cpu       ] GC(19) User=0.04s Sys=0.00s Real=0.17s
[2019-12-09T02:52:36.995+0000][1][safepoint    ] Leaving safepoint region
[2019-12-09T02:52:36.995+0000][1][safepoint    ] Total time for which application threads were stopped: 0.1684208 seconds, Stopping threads took: 0.0000151 seconds
[2019-12-09T02:52:37.996+0000][1][safepoint    ] Application time: 1.0005226 seconds
[2019-12-09T02:52:38.066+0000][1][safepoint    ] Entering safepoint region: Cleanup
[2019-12-09T02:52:38.066+0000][1][safepoint    ] Leaving safepoint region
[2019-12-09T02:52:38.066+0000][1][safepoint    ] Total time for which application threads were stopped: 0.0700537 seconds, Stopping threads took: 0.0699920 seconds
[2019-12-09T02:52:39.003+0000][1][safepoint    ] Application time: 0.9370835 seconds
[2019-12-09T02:52:39.003+0000][1][safepoint    ] Entering safepoint region: RevokeBias
[2019-12-09T02:52:39.003+0000][1][safepoint    ] Leaving safepoint region
[2019-12-09T02:52:39.003+0000][1][safepoint    ] Total time for which application threads were stopped: 0.0001111 seconds, Stopping threads took: 0.0000126 seconds
[2019-12-09T02:52:39.005+0000][1][safepoint    ] Application time: 0.0017474 seconds
[2019-12-09T02:52:39.005+0000][1][safepoint    ] Entering safepoint region: RevokeBias
[2019-12-09T02:52:39.005+0000][1][safepoint    ] Leaving safepoint region
[2019-12-09T02:52:39.005+0000][1][safepoint    ] Total time for which application threads were stopped: 0.0000714 seconds, Stopping threads took: 0.0000111 seconds
[2019-12-09T02:52:39.007+0000][1][safepoint    ] Application time: 0.0020230 seconds
[2019-12-09T02:52:39.007+0000][1][safepoint    ] Entering safepoint region: RevokeBias
[2019-12-09T02:52:39.007+0000][1][safepoint    ] Leaving safepoint region
[2019-12-09T02:52:39.007+0000][1][safepoint    ] Total time for which application threads were stopped: 0.0000648 seconds, Stopping threads took: 0.0000109 seconds
[2019-12-09T02:52:39.412+0000][1][safepoint    ] Application time: 0.4047712 seconds
[2019-12-09T02:52:39.412+0000][1][safepoint    ] Entering safepoint region: RevokeBias
[2019-12-09T02:52:39.412+0000][1][safepoint    ] Leaving safepoint region
[2019-12-09T02:52:39.412+0000][1][safepoint    ] Total time for which application threads were stopped: 0.0000976 seconds, Stopping threads took: 0.0000129 seconds
[2019-12-09T02:52:39.588+0000][1][safepoint    ] Application time: 0.1756845 seconds
[2019-12-09T02:52:39.588+0000][1][safepoint    ] Entering safepoint region: RevokeBias
[2019-12-09T02:52:39.588+0000][1][safepoint    ] Leaving safepoint region
[2019-12-09T02:52:39.588+0000][1][safepoint    ] Total time for which application threads were stopped: 0.0001056 seconds, Stopping threads took: 0.0000138 seconds
[2019-12-09T02:52:39.640+0000][1][safepoint    ] Application time: 0.0527255 seconds
[2019-12-09T02:52:39.641+0000][1][safepoint    ] Entering safepoint region: RevokeBias
[2019-12-09T02:52:39.641+0000][1][safepoint    ] Leaving safepoint region
[2019-12-09T02:52:39.641+0000][1][safepoint    ] Total time for which application threads were stopped: 0.0000804 seconds, Stopping threads took: 0.0000119 seconds
[2019-12-09T02:52:40.643+0000][1][safepoint    ] Application time: 1.0021113 seconds
[2019-12-09T02:52:40.671+0000][1][safepoint    ] Entering safepoint region: Cleanup
[2019-12-09T02:52:40.671+0000][1][safepoint    ] Leaving safepoint region
[2019-12-09T02:52:40.671+0000][1][safepoint    ] Total time for which application threads were stopped: 0.0280378 seconds, Stopping threads took: 0.0279762 seconds
[2019-12-09T02:52:41.075+0000][1][safepoint    ] Application time: 0.4040689 seconds
[2019-12-09T02:52:41.075+0000][1][safepoint    ] Entering safepoint region: RevokeBias
[2019-12-09T02:52:41.076+0000][1][safepoint    ] Leaving safepoint region
[2019-12-09T02:52:41.076+0000][1][safepoint    ] Total time for which application threads were stopped: 0.0006727 seconds, Stopping threads took: 0.0002416 seconds
[2019-12-09T02:52:41.076+0000][1][safepoint    ] Application time: 0.0002162 seconds
[2019-12-09T02:52:41.076+0000][1][safepoint    ] Entering safepoint region: RevokeBias
[2019-12-09T02:52:41.076+0000][1][safepoint    ] Leaving safepoint region
[2019-12-09T02:52:41.076+0000][1][safepoint    ] Total time for which application threads were stopped: 0.0000620 seconds, Stopping threads took: 0.0000118 seconds
[2019-12-09T02:52:41.076+0000][1][safepoint    ] Application time: 0.0000642 seconds
[2019-12-09T02:52:41.076+0000][1][safepoint    ] Entering safepoint region: RevokeBias
[2019-12-09T02:52:41.076+0000][1][safepoint    ] Leaving safepoint region
[2019-12-09T02:52:41.076+0000][1][safepoint    ] Total time for which application threads were stopped: 0.0000410 seconds, Stopping threads took: 0.0000083 seconds
[2019-12-09T02:52:41.079+0000][1][safepoint    ] Application time: 0.0032444 seconds
[2019-12-09T02:52:41.079+0000][1][safepoint    ] Entering safepoint region: RevokeBias
[2019-12-09T02:52:41.079+0000][1][safepoint    ] Leaving safepoint region
[2019-12-09T02:52:41.079+0000][1][safepoint    ] Total time for which application threads were stopped: 0.0000475 seconds, Stopping threads took: 0.0000108 seconds
[2019-12-09T02:52:41.748+0000][1][safepoint    ] Application time: 0.6683342 seconds
[2019-12-09T02:52:41.748+0000][1][safepoint    ] Entering safepoint region: RevokeBias
[2019-12-09T02:52:41.748+0000][1][safepoint    ] Leaving safepoint region
[2019-12-09T02:52:41.748+0000][1][safepoint    ] Total time for which application threads were stopped: 0.0000978 seconds, Stopping threads took: 0.0000154 seconds
[2019-12-09T02:52:41.751+0000][1][safepoint    ] Application time: 0.0028633 seconds
[2019-12-09T02:52:41.751+0000][1][safepoint    ] Entering safepoint region: RevokeBias
[2019-12-09T02:52:41.751+0000][1][safepoint    ] Leaving safepoint region
[2019-12-09T02:52:41.751+0000][1][safepoint    ] Total time for which application threads were stopped: 0.0000892 seconds, Stopping threads took: 0.0000126 seconds
[2019-12-09T02:52:41.762+0000][1][safepoint    ] Application time: 0.0109163 seconds
[2019-12-09T02:52:41.785+0000][1][safepoint    ] Entering safepoint region: RevokeBias
[2019-12-09T02:52:41.785+0000][1][safepoint    ] Leaving safepoint region
[2019-12-09T02:52:41.785+0000][1][safepoint    ] Total time for which application threads were stopped: 0.0230824 seconds, Stopping threads took: 0.0229744 seconds
[2019-12-09T02:52:41.790+0000][1][safepoint    ] Application time: 0.0048471 seconds
[2019-12-09T02:52:41.790+0000][1][safepoint    ] Entering safepoint region: RevokeBias
[2019-12-09T02:52:41.790+0000][1][safepoint    ] Leaving safepoint region
[2019-12-09T02:52:41.790+0000][1][safepoint    ] Total time for which application threads were stopped: 0.0000970 seconds, Stopping threads took: 0.0000126 seconds
[2019-12-09T02:52:41.790+0000][1][safepoint    ] Application time: 0.0002345 seconds
[2019-12-09T02:52:41.790+0000][1][safepoint    ] Entering safepoint region: RevokeBias
[2019-12-09T02:52:41.790+0000][1][safepoint    ] Leaving safepoint region
[2019-12-09T02:52:41.790+0000][1][safepoint    ] Total time for which application threads were stopped: 0.0000758 seconds, Stopping threads took: 0.0000087 seconds
[2019-12-09T02:52:41.790+0000][1][safepoint    ] Application time: 0.0000919 seconds
[2019-12-09T02:52:41.790+0000][1][safepoint    ] Entering safepoint region: RevokeBias
[2019-12-09T02:52:41.790+0000][1][safepoint    ] Leaving safepoint region
[2019-12-09T02:52:41.790+0000][1][safepoint    ] Total time for which application threads were stopped: 0.0000609 seconds, Stopping threads took: 0.0000081 seconds
[2019-12-09T02:52:41.791+0000][1][safepoint    ] Application time: 0.0001990 seconds
[2019-12-09T02:52:41.791+0000][1][safepoint    ] Entering safepoint region: RevokeBias
[2019-12-09T02:52:41.791+0000][1][safepoint    ] Leaving safepoint region
[2019-12-09T02:52:41.791+0000][1][safepoint    ] Total time for which application threads were stopped: 0.0000660 seconds, Stopping threads took: 0.0000094 seconds
[2019-12-09T02:52:41.791+0000][1][safepoint    ] Application time: 0.0000697 seconds
[2019-12-09T02:52:41.791+0000][1][safepoint    ] Entering safepoint region: RevokeBias
[2019-12-09T02:52:41.791+0000][1][safepoint    ] Leaving safepoint region
[2019-12-09T02:52:41.791+0000][1][safepoint    ] Total time for which application threads were stopped: 0.0000574 seconds, Stopping threads took: 0.0000085 seconds
[2019-12-09T02:52:41.791+0000][1][safepoint    ] Application time: 0.0000559 seconds
[2019-12-09T02:52:41.791+0000][1][safepoint    ] Entering safepoint region: RevokeBias
[2019-12-09T02:52:41.791+0000][1][safepoint    ] Leaving safepoint region
[2019-12-09T02:52:41.791+0000][1][safepoint    ] Total time for which application threads were stopped: 0.0000504 seconds, Stopping threads took: 0.0000081 seconds
[2019-12-09T02:52:41.791+0000][1][safepoint    ] Application time: 0.0000524 seconds
[2019-12-09T02:52:41.791+0000][1][safepoint    ] Entering safepoint region: RevokeBias
[2019-12-09T02:52:41.791+0000][1][safepoint    ] Leaving safepoint region
[2019-12-09T02:52:41.791+0000][1][safepoint    ] Total time for which application threads were stopped: 0.0000509 seconds, Stopping threads took: 0.0000077 seconds
[2019-12-09T02:52:41.791+0000][1][safepoint    ] Application time: 0.0000522 seconds
[2019-12-09T02:52:41.791+0000][1][safepoint    ] Entering safepoint region: RevokeBias
[2019-12-09T02:52:41.791+0000][1][safepoint    ] Leaving safepoint region
[2019-12-09T02:52:41.791+0000][1][safepoint    ] Total time for which application threads were stopped: 0.0000519 seconds, Stopping threads took: 0.0000081 seconds
[2019-12-09T02:52:41.791+0000][1][safepoint    ] Application time: 0.0000519 seconds
[2019-12-09T02:52:41.791+0000][1][safepoint    ] Entering safepoint region: RevokeBias
[2019-12-09T02:52:41.791+0000][1][safepoint    ] Leaving safepoint region
[2019-12-09T02:52:41.791+0000][1][safepoint    ] Total time for which application threads were stopped: 0.0000477 seconds, Stopping threads took: 0.0000086 seconds
[2019-12-09T02:52:41.791+0000][1][safepoint    ] Application time: 0.0000536 seconds
[2019-12-09T02:52:41.791+0000][1][safepoint    ] Entering safepoint region: RevokeBias
[2019-12-09T02:52:41.791+0000][1][safepoint    ] Leaving safepoint region
[2019-12-09T02:52:41.791+0000][1][safepoint    ] Total time for which application threads were stopped: 0.0000494 seconds, Stopping threads took: 0.0000080 seconds
[2019-12-09T02:52:41.791+0000][1][safepoint    ] Application time: 0.0000519 seconds
[2019-12-09T02:52:41.791+0000][1][safepoint    ] Entering safepoint region: RevokeBias
[2019-12-09T02:52:41.791+0000][1][safepoint    ] Leaving safepoint region
[2019-12-09T02:52:41.791+0000][1][safepoint    ] Total time for which application threads were stopped: 0.0000507 seconds, Stopping threads took: 0.0000075 seconds
[2019-12-09T02:52:41.792+0000][1][safepoint    ] Application time: 0.0000513 seconds
[2019-12-09T02:52:41.792+0000][1][safepoint    ] Entering safepoint region: RevokeBias
[2019-12-09T02:52:41.792+0000][1][safepoint    ] Leaving safepoint region
[2019-12-09T02:52:41.792+0000][1][safepoint    ] Total time for which application threads were stopped: 0.0000505 seconds, Stopping threads took: 0.0000083 seconds
[2019-12-09T02:52:41.792+0000][1][safepoint    ] Application time: 0.0000518 seconds
[2019-12-09T02:52:41.792+0000][1][safepoint    ] Entering safepoint region: RevokeBias
[2019-12-09T02:52:41.792+0000][1][safepoint    ] Leaving safepoint region
[2019-12-09T02:52:41.792+0000][1][safepoint    ] Total time for which application threads were stopped: 0.0000692 seconds, Stopping threads took: 0.0000273 seconds
[2019-12-09T02:52:41.792+0000][1][safepoint    ] Application time: 0.0000527 seconds
[2019-12-09T02:52:41.792+0000][1][safepoint    ] Entering safepoint region: RevokeBias
[2019-12-09T02:52:41.792+0000][1][safepoint    ] Leaving safepoint region
[2019-12-09T02:52:41.792+0000][1][safepoint    ] Total time for which application threads were stopped: 0.0000527 seconds, Stopping threads took: 0.0000076 seconds
[2019-12-09T02:52:41.792+0000][1][safepoint    ] Application time: 0.0000538 seconds
[2019-12-09T02:52:41.792+0000][1][safepoint    ] Entering safepoint region: RevokeBias
[2019-12-09T02:52:41.792+0000][1][safepoint    ] Leaving safepoint region
[2019-12-09T02:52:41.792+0000][1][safepoint    ] Total time for which application threads were stopped: 0.0000514 seconds, Stopping threads took: 0.0000084 seconds
[2019-12-09T02:52:41.792+0000][1][safepoint    ] Application time: 0.0000509 seconds
[2019-12-09T02:52:41.792+0000][1][safepoint    ] Entering safepoint region: RevokeBias
[2019-12-09T02:52:41.792+0000][1][safepoint    ] Leaving safepoint region
[2019-12-09T02:52:41.792+0000][1][safepoint    ] Total time for which application threads were stopped: 0.0000466 seconds, Stopping threads took: 0.0000068 seconds
[2019-12-09T02:52:41.792+0000][1][safepoint    ] Application time: 0.0000532 seconds
[2019-12-09T02:52:41.792+0000][1][safepoint    ] Entering safepoint region: RevokeBias
[2019-12-09T02:52:41.792+0000][1][safepoint    ] Leaving safepoint region
[2019-12-09T02:52:41.792+0000][1][safepoint    ] Total time for which application threads were stopped: 0.0000492 seconds, Stopping threads took: 0.0000074 seconds
[2019-12-09T02:52:41.792+0000][1][safepoint    ] Application time: 0.0000525 seconds
[2019-12-09T02:52:41.792+0000][1][safepoint    ] Entering safepoint region: RevokeBias
[2019-12-09T02:52:41.792+0000][1][safepoint    ] Leaving safepoint region
[2019-12-09T02:52:41.792+0000][1][safepoint    ] Total time for which application threads were stopped: 0.0000514 seconds, Stopping threads took: 0.0000084 seconds
[2019-12-09T02:52:41.792+0000][1][safepoint    ] Application time: 0.0000532 seconds
[2019-12-09T02:52:41.792+0000][1][safepoint    ] Entering safepoint region: RevokeBias
[2019-12-09T02:52:41.792+0000][1][safepoint    ] Leaving safepoint region
[2019-12-09T02:52:41.792+0000][1][safepoint    ] Total time for which application threads were stopped: 0.0000514 seconds, Stopping threads took: 0.0000080 seconds
[2019-12-09T02:52:41.793+0000][1][safepoint    ] Application time: 0.0000513 seconds
[2019-12-09T02:52:41.793+0000][1][safepoint    ] Entering safepoint region: RevokeBias
[2019-12-09T02:52:41.793+0000][1][safepoint    ] Leaving safepoint region
[2019-12-09T02:52:41.793+0000][1][safepoint    ] Total time for which application threads were stopped: 0.0000493 seconds, Stopping threads took: 0.0000081 seconds
[2019-12-09T02:52:41.793+0000][1][safepoint    ] Application time: 0.0000505 seconds
[2019-12-09T02:52:41.793+0000][1][safepoint    ] Entering safepoint region: BulkRevokeBias
[2019-12-09T02:52:41.793+0000][1][safepoint    ] Leaving safepoint region
[2019-12-09T02:52:41.793+0000][1][safepoint    ] Total time for which application threads were stopped: 0.0001404 seconds, Stopping threads took: 0.0000083 seconds
[2019-12-09T02:52:41.793+0000][1][safepoint    ] Application time: 0.0001875 seconds
[2019-12-09T02:52:41.793+0000][1][safepoint    ] Entering safepoint region: RevokeBias
[2019-12-09T02:52:41.793+0000][1][safepoint    ] Leaving safepoint region
[2019-12-09T02:52:41.793+0000][1][safepoint    ] Total time for which application threads were stopped: 0.0000745 seconds, Stopping threads took: 0.0000085 seconds
[2019-12-09T02:52:41.793+0000][1][safepoint    ] Application time: 0.0000956 seconds
[2019-12-09T02:52:41.793+0000][1][safepoint    ] Entering safepoint region: RevokeBias
[2019-12-09T02:52:41.793+0000][1][safepoint    ] Leaving safepoint region
[2019-12-09T02:52:41.793+0000][1][safepoint    ] Total time for which application threads were stopped: 0.0000656 seconds, Stopping threads took: 0.0000088 seconds
[2019-12-09T02:52:41.793+0000][1][safepoint    ] Application time: 0.0001321 seconds
[2019-12-09T02:52:41.793+0000][1][safepoint    ] Entering safepoint region: RevokeBias
[2019-12-09T02:52:41.793+0000][1][safepoint    ] Leaving safepoint region
[2019-12-09T02:52:41.793+0000][1][safepoint    ] Total time for which application threads were stopped: 0.0000625 seconds, Stopping threads took: 0.0000084 seconds
[2019-12-09T02:52:41.794+0000][1][safepoint    ] Application time: 0.0006981 seconds
[2019-12-09T02:52:41.794+0000][1][safepoint    ] Entering safepoint region: RevokeBias
[2019-12-09T02:52:41.794+0000][1][safepoint    ] Leaving safepoint region
[2019-12-09T02:52:41.794+0000][1][safepoint    ] Total time for which application threads were stopped: 0.0000795 seconds, Stopping threads took: 0.0000104 seconds
[2019-12-09T02:52:41.794+0000][1][safepoint    ] Application time: 0.0001985 seconds
[2019-12-09T02:52:41.794+0000][1][safepoint    ] Entering safepoint region: RevokeBias
[2019-12-09T02:52:41.795+0000][1][safepoint    ] Leaving safepoint region
[2019-12-09T02:52:41.795+0000][1][safepoint    ] Total time for which application threads were stopped: 0.0000816 seconds, Stopping threads took: 0.0000083 seconds
[2019-12-09T02:52:41.795+0000][1][safepoint    ] Application time: 0.0000832 seconds
[2019-12-09T02:52:41.795+0000][1][safepoint    ] Entering safepoint region: RevokeBias
[2019-12-09T02:52:41.795+0000][1][safepoint    ] Leaving safepoint region
[2019-12-09T02:52:41.795+0000][1][safepoint    ] Total time for which application threads were stopped: 0.0001002 seconds, Stopping threads took: 0.0000294 seconds
[2019-12-09T02:52:41.795+0000][1][safepoint    ] Application time: 0.0002158 seconds
[2019-12-09T02:52:41.795+0000][1][safepoint    ] Entering safepoint region: RevokeBias
[2019-12-09T02:52:41.795+0000][1][safepoint    ] Leaving safepoint region
[2019-12-09T02:52:41.795+0000][1][safepoint    ] Total time for which application threads were stopped: 0.0000757 seconds, Stopping threads took: 0.0000093 seconds
[2019-12-09T02:52:41.795+0000][1][safepoint    ] Application time: 0.0000786 seconds
[2019-12-09T02:52:41.795+0000][1][safepoint    ] Entering safepoint region: RevokeBias
[2019-12-09T02:52:41.795+0000][1][safepoint    ] Leaving safepoint region
[2019-12-09T02:52:41.795+0000][1][safepoint    ] Total time for which application threads were stopped: 0.0000750 seconds, Stopping threads took: 0.0000087 seconds
[2019-12-09T02:52:41.796+0000][1][safepoint    ] Application time: 0.0003189 seconds
[2019-12-09T02:52:41.796+0000][1][safepoint    ] Entering safepoint region: RevokeBias
[2019-12-09T02:52:41.796+0000][1][safepoint    ] Leaving safepoint region
[2019-12-09T02:52:41.796+0000][1][safepoint    ] Total time for which application threads were stopped: 0.0000598 seconds, Stopping threads took: 0.0000104 seconds
[2019-12-09T02:52:41.796+0000][1][safepoint    ] Application time: 0.0000771 seconds
[2019-12-09T02:52:41.796+0000][1][safepoint    ] Entering safepoint region: RevokeBias
[2019-12-09T02:52:41.796+0000][1][safepoint    ] Leaving safepoint region
[2019-12-09T02:52:41.796+0000][1][safepoint    ] Total time for which application threads were stopped: 0.0000498 seconds, Stopping threads took: 0.0000087 seconds
[2019-12-09T02:52:41.796+0000][1][safepoint    ] Application time: 0.0000539 seconds
[2019-12-09T02:52:41.796+0000][1][safepoint    ] Entering safepoint region: RevokeBias
[2019-12-09T02:52:41.796+0000][1][safepoint    ] Leaving safepoint region
[2019-12-09T02:52:41.796+0000][1][safepoint    ] Total time for which application threads were stopped: 0.0000453 seconds, Stopping threads took: 0.0000084 seconds
[2019-12-09T02:52:41.796+0000][1][safepoint    ] Application time: 0.0000528 seconds
[2019-12-09T02:52:41.796+0000][1][safepoint    ] Entering safepoint region: RevokeBias
[2019-12-09T02:52:41.796+0000][1][safepoint    ] Leaving safepoint region
[2019-12-09T02:52:41.796+0000][1][safepoint    ] Total time for which application threads were stopped: 0.0000451 seconds, Stopping threads took: 0.0000085 seconds
[2019-12-09T02:52:41.796+0000][1][safepoint    ] Application time: 0.0000533 seconds
[2019-12-09T02:52:41.796+0000][1][safepoint    ] Entering safepoint region: RevokeBias
[2019-12-09T02:52:41.796+0000][1][safepoint    ] Leaving safepoint region
[2019-12-09T02:52:41.796+0000][1][safepoint    ] Total time for which application threads were stopped: 0.0000453 seconds, Stopping threads took: 0.0000083 seconds
[2019-12-09T02:52:41.796+0000][1][safepoint    ] Application time: 0.0000556 seconds
[2019-12-09T02:52:41.796+0000][1][safepoint    ] Entering safepoint region: RevokeBias
[2019-12-09T02:52:41.796+0000][1][safepoint    ] Leaving safepoint region
[2019-12-09T02:52:41.796+0000][1][safepoint    ] Total time for which application threads were stopped: 0.0000444 seconds, Stopping threads took: 0.0000084 seconds
[2019-12-09T02:52:41.796+0000][1][safepoint    ] Application time: 0.0000556 seconds
[2019-12-09T02:52:41.796+0000][1][safepoint    ] Entering safepoint region: RevokeBias
[2019-12-09T02:52:41.796+0000][1][safepoint    ] Leaving safepoint region
[2019-12-09T02:52:41.796+0000][1][safepoint    ] Total time for which application threads were stopped: 0.0000456 seconds, Stopping threads took: 0.0000083 seconds
[2019-12-09T02:52:41.796+0000][1][safepoint    ] Application time: 0.0000518 seconds
[2019-12-09T02:52:41.796+0000][1][safepoint    ] Entering safepoint region: RevokeBias
[2019-12-09T02:52:41.797+0000][1][safepoint    ] Leaving safepoint region
[2019-12-09T02:52:41.797+0000][1][safepoint    ] Total time for which application threads were stopped: 0.0000451 seconds, Stopping threads took: 0.0000085 seconds
[2019-12-09T02:52:41.797+0000][1][safepoint    ] Application time: 0.0000530 seconds
[2019-12-09T02:52:41.797+0000][1][safepoint    ] Entering safepoint region: RevokeBias
[2019-12-09T02:52:41.797+0000][1][safepoint    ] Leaving safepoint region
[2019-12-09T02:52:41.797+0000][1][safepoint    ] Total time for which application threads were stopped: 0.0000559 seconds, Stopping threads took: 0.0000081 seconds
[2019-12-09T02:52:41.797+0000][1][safepoint    ] Application time: 0.0000811 seconds
[2019-12-09T02:52:41.797+0000][1][safepoint    ] Entering safepoint region: RevokeBias
[2019-12-09T02:52:41.797+0000][1][safepoint    ] Leaving safepoint region
[2019-12-09T02:52:41.797+0000][1][safepoint    ] Total time for which application threads were stopped: 0.0000424 seconds, Stopping threads took: 0.0000079 seconds
[2019-12-09T02:52:41.797+0000][1][safepoint    ] Application time: 0.0000523 seconds
[2019-12-09T02:52:41.797+0000][1][safepoint    ] Entering safepoint region: RevokeBias
[2019-12-09T02:52:41.797+0000][1][safepoint    ] Leaving safepoint region
[2019-12-09T02:52:41.797+0000][1][safepoint    ] Total time for which application threads were stopped: 0.0000404 seconds, Stopping threads took: 0.0000071 seconds
[2019-12-09T02:52:41.797+0000][1][safepoint    ] Application time: 0.0000641 seconds
[2019-12-09T02:52:41.797+0000][1][safepoint    ] Entering safepoint region: RevokeBias
[2019-12-09T02:52:41.797+0000][1][safepoint    ] Leaving safepoint region
[2019-12-09T02:52:41.797+0000][1][safepoint    ] Total time for which application threads were stopped: 0.0000425 seconds, Stopping threads took: 0.0000083 seconds
[2019-12-09T02:52:41.797+0000][1][safepoint    ] Application time: 0.0000507 seconds
[2019-12-09T02:52:41.797+0000][1][safepoint    ] Entering safepoint region: RevokeBias
[2019-12-09T02:52:41.797+0000][1][safepoint    ] Leaving safepoint region
[2019-12-09T02:52:41.797+0000][1][safepoint    ] Total time for which application threads were stopped: 0.0000417 seconds, Stopping threads took: 0.0000077 seconds
[2019-12-09T02:52:41.797+0000][1][safepoint    ] Application time: 0.0000521 seconds
[2019-12-09T02:52:41.797+0000][1][safepoint    ] Entering safepoint region: RevokeBias
[2019-12-09T02:52:41.797+0000][1][safepoint    ] Leaving safepoint region
[2019-12-09T02:52:41.797+0000][1][safepoint    ] Total time for which application threads were stopped: 0.0000434 seconds, Stopping threads took: 0.0000076 seconds
[2019-12-09T02:52:41.797+0000][1][safepoint    ] Application time: 0.0000515 seconds
[2019-12-09T02:52:41.797+0000][1][safepoint    ] Entering safepoint region: RevokeBias
[2019-12-09T02:52:41.797+0000][1][safepoint    ] Leaving safepoint region
[2019-12-09T02:52:41.797+0000][1][safepoint    ] Total time for which application threads were stopped: 0.0000389 seconds, Stopping threads took: 0.0000072 seconds
[2019-12-09T02:52:41.797+0000][1][safepoint    ] Application time: 0.0000521 seconds
[2019-12-09T02:52:41.797+0000][1][safepoint    ] Entering safepoint region: BulkRevokeBias
[2019-12-09T02:52:41.797+0000][1][safepoint    ] Leaving safepoint region
[2019-12-09T02:52:41.798+0000][1][safepoint    ] Total time for which application threads were stopped: 0.0000957 seconds, Stopping threads took: 0.0000078 seconds
[2019-12-09T02:52:41.821+0000][1][safepoint    ] Application time: 0.0238125 seconds
[2019-12-09T02:52:41.821+0000][1][safepoint    ] Entering safepoint region: RevokeBias
[2019-12-09T02:52:41.821+0000][1][safepoint    ] Leaving safepoint region
[2019-12-09T02:52:41.821+0000][1][safepoint    ] Total time for which application threads were stopped: 0.0000700 seconds, Stopping threads took: 0.0000122 seconds
[2019-12-09T02:52:41.822+0000][1][safepoint    ] Application time: 0.0001117 seconds
[2019-12-09T02:52:41.822+0000][1][safepoint    ] Entering safepoint region: RevokeBias
[2019-12-09T02:52:41.822+0000][1][safepoint    ] Leaving safepoint region
[2019-12-09T02:52:41.822+0000][1][safepoint    ] Total time for which application threads were stopped: 0.0000534 seconds, Stopping threads took: 0.0000087 seconds
[2019-12-09T02:52:41.829+0000][1][safepoint    ] Application time: 0.0070944 seconds
[2019-12-09T02:52:41.829+0000][1][safepoint    ] Entering safepoint region: RevokeBias
[2019-12-09T02:52:41.829+0000][1][safepoint    ] Leaving safepoint region
[2019-12-09T02:52:41.829+0000][1][safepoint    ] Total time for which application threads were stopped: 0.0001490 seconds, Stopping threads took: 0.0000861 seconds
[2019-12-09T02:52:41.829+0000][1][safepoint    ] Application time: 0.0000716 seconds
[2019-12-09T02:52:41.829+0000][1][safepoint    ] Entering safepoint region: RevokeBias
[2019-12-09T02:52:41.829+0000][1][safepoint    ] Leaving safepoint region
[2019-12-09T02:52:41.829+0000][1][safepoint    ] Total time for which application threads were stopped: 0.0000543 seconds, Stopping threads took: 0.0000084 seconds
[2019-12-09T02:52:41.829+0000][1][safepoint    ] Application time: 0.0000547 seconds
[2019-12-09T02:52:41.829+0000][1][safepoint    ] Entering safepoint region: RevokeBias
[2019-12-09T02:52:41.829+0000][1][safepoint    ] Leaving safepoint region
[2019-12-09T02:52:41.829+0000][1][safepoint    ] Total time for which application threads were stopped: 0.0000497 seconds, Stopping threads took: 0.0000082 seconds
[2019-12-09T02:52:41.829+0000][1][safepoint    ] Application time: 0.0000530 seconds
[2019-12-09T02:52:41.829+0000][1][safepoint    ] Entering safepoint region: RevokeBias
[2019-12-09T02:52:41.829+0000][1][safepoint    ] Leaving safepoint region
[2019-12-09T02:52:41.829+0000][1][safepoint    ] Total time for which application threads were stopped: 0.0000467 seconds, Stopping threads took: 0.0000075 seconds
[2019-12-09T02:52:41.830+0000][1][safepoint    ] Application time: 0.0003508 seconds
[2019-12-09T02:52:41.830+0000][1][safepoint    ] Entering safepoint region: RevokeBias
[2019-12-09T02:52:41.830+0000][1][safepoint    ] Leaving safepoint region
[2019-12-09T02:52:41.830+0000][1][safepoint    ] Total time for which application threads were stopped: 0.0000944 seconds, Stopping threads took: 0.0000116 seconds
[2019-12-09T02:52:41.842+0000][1][safepoint    ] Application time: 0.0122102 seconds
[2019-12-09T02:52:41.842+0000][1][safepoint    ] Entering safepoint region: RevokeBias
[2019-12-09T02:52:41.842+0000][1][safepoint    ] Leaving safepoint region
[2019-12-09T02:52:41.842+0000][1][safepoint    ] Total time for which application threads were stopped: 0.0000688 seconds, Stopping threads took: 0.0000115 seconds
[2019-12-09T02:52:41.842+0000][1][safepoint    ] Application time: 0.0004293 seconds
[2019-12-09T02:52:41.843+0000][1][safepoint    ] Entering safepoint region: RevokeBias
[2019-12-09T02:52:41.843+0000][1][safepoint    ] Leaving safepoint region
[2019-12-09T02:52:41.843+0000][1][safepoint    ] Total time for which application threads were stopped: 0.0000635 seconds, Stopping threads took: 0.0000102 seconds
[2019-12-09T02:52:41.896+0000][1][safepoint    ] Application time: 0.0531282 seconds
[2019-12-09T02:52:41.896+0000][1][safepoint    ] Entering safepoint region: BulkRevokeBias
[2019-12-09T02:52:41.896+0000][1][safepoint    ] Leaving safepoint region
[2019-12-09T02:52:41.896+0000][1][safepoint    ] Total time for which application threads were stopped: 0.0003215 seconds, Stopping threads took: 0.0001968 seconds
[2019-12-09T02:52:41.896+0000][1][safepoint    ] Application time: 0.0003091 seconds
[2019-12-09T02:52:41.896+0000][1][safepoint    ] Entering safepoint region: RevokeBias
[2019-12-09T02:52:41.896+0000][1][safepoint    ] Leaving safepoint region
[2019-12-09T02:52:41.896+0000][1][safepoint    ] Total time for which application threads were stopped: 0.0000615 seconds, Stopping threads took: 0.0000107 seconds
[2019-12-09T02:52:41.897+0000][1][safepoint    ] Application time: 0.0001332 seconds
[2019-12-09T02:52:41.897+0000][1][safepoint    ] Entering safepoint region: RevokeBias
[2019-12-09T02:52:41.897+0000][1][safepoint    ] Leaving safepoint region
[2019-12-09T02:52:41.897+0000][1][safepoint    ] Total time for which application threads were stopped: 0.0000463 seconds, Stopping threads took: 0.0000087 seconds
[2019-12-09T02:52:41.897+0000][1][safepoint    ] Application time: 0.0002308 seconds
[2019-12-09T02:52:41.897+0000][1][safepoint    ] Entering safepoint region: RevokeBias
[2019-12-09T02:52:41.897+0000][1][safepoint    ] Leaving safepoint region
[2019-12-09T02:52:41.897+0000][1][safepoint    ] Total time for which application threads were stopped: 0.0000533 seconds, Stopping threads took: 0.0000098 seconds
[2019-12-09T02:52:41.899+0000][1][safepoint    ] Application time: 0.0015792 seconds
[2019-12-09T02:52:41.899+0000][1][safepoint    ] Entering safepoint region: RevokeBias
[2019-12-09T02:52:41.899+0000][1][safepoint    ] Leaving safepoint region
[2019-12-09T02:52:41.899+0000][1][safepoint    ] Total time for which application threads were stopped: 0.0000631 seconds, Stopping threads took: 0.0000105 seconds
[2019-12-09T02:52:41.899+0000][1][safepoint    ] Application time: 0.0000796 seconds
[2019-12-09T02:52:41.899+0000][1][safepoint    ] Entering safepoint region: RevokeBias
[2019-12-09T02:52:41.899+0000][1][safepoint    ] Leaving safepoint region
[2019-12-09T02:52:41.899+0000][1][safepoint    ] Total time for which application threads were stopped: 0.0000524 seconds, Stopping threads took: 0.0000094 seconds
[2019-12-09T02:52:41.922+0000][1][safepoint    ] Application time: 0.0230549 seconds
[2019-12-09T02:52:41.922+0000][1][safepoint    ] Entering safepoint region: RevokeBias
[2019-12-09T02:52:41.922+0000][1][safepoint    ] Leaving safepoint region
[2019-12-09T02:52:41.922+0000][1][safepoint    ] Total time for which application threads were stopped: 0.0000673 seconds, Stopping threads took: 0.0000112 seconds
[2019-12-09T02:52:41.922+0000][1][safepoint    ] Application time: 0.0000602 seconds
[2019-12-09T02:52:41.922+0000][1][safepoint    ] Entering safepoint region: RevokeBias
[2019-12-09T02:52:41.922+0000][1][safepoint    ] Leaving safepoint region
[2019-12-09T02:52:41.922+0000][1][safepoint    ] Total time for which application threads were stopped: 0.0000457 seconds, Stopping threads took: 0.0000087 seconds
[2019-12-09T02:52:41.922+0000][1][safepoint    ] Application time: 0.0002872 seconds
[2019-12-09T02:52:41.922+0000][1][safepoint    ] Entering safepoint region: RevokeBias
[2019-12-09T02:52:41.922+0000][1][safepoint    ] Leaving safepoint region
[2019-12-09T02:52:41.922+0000][1][safepoint    ] Total time for which application threads were stopped: 0.0000515 seconds, Stopping threads took: 0.0000104 seconds
[2019-12-09T02:52:41.994+0000][1][safepoint    ] Application time: 0.0719541 seconds
[2019-12-09T02:52:41.994+0000][1][safepoint    ] Entering safepoint region: RevokeBias
[2019-12-09T02:52:41.995+0000][1][safepoint    ] Leaving safepoint region
[2019-12-09T02:52:41.995+0000][1][safepoint    ] Total time for which application threads were stopped: 0.0001090 seconds, Stopping threads took: 0.0000140 seconds
[2019-12-09T02:52:41.995+0000][1][safepoint    ] Application time: 0.0000525 seconds
[2019-12-09T02:52:41.995+0000][1][safepoint    ] Entering safepoint region: RevokeBias
[2019-12-09T02:52:41.995+0000][1][safepoint    ] Leaving safepoint region
[2019-12-09T02:52:41.995+0000][1][safepoint    ] Total time for which application threads were stopped: 0.0000414 seconds, Stopping threads took: 0.0000089 seconds
[2019-12-09T02:52:42.768+0000][1][safepoint    ] Application time: 0.7735564 seconds
[2019-12-09T02:52:42.768+0000][1][safepoint    ] Entering safepoint region: GenCollectForAllocation
[2019-12-09T02:52:42.768+0000][1][gc,start     ] GC(20) Pause Young (Allocation Failure)
[2019-12-09T02:52:42.768+0000][1][gc,task      ] GC(20) Using 2 workers of 2 for evacuation
[2019-12-09T02:52:43.058+0000][1][gc,age       ] GC(20) Desired survivor size 4456448 bytes, new threshold 2 (max threshold 6)
[2019-12-09T02:52:43.058+0000][1][gc,age       ] GC(20) Age table with threshold 2 (max threshold 6)
[2019-12-09T02:52:43.058+0000][1][gc,age       ] GC(20) - age   1:    2930896 bytes,    2930896 total
[2019-12-09T02:52:43.058+0000][1][gc,age       ] GC(20) - age   2:    2543776 bytes,    5474672 total
[2019-12-09T02:52:43.058+0000][1][gc,age       ] GC(20) - age   3:    1622992 bytes,    7097664 total
[2019-12-09T02:52:43.058+0000][1][gc,heap      ] GC(20) ParNew: 76865K->8704K(78656K)
[2019-12-09T02:52:43.058+0000][1][gc,heap      ] GC(20) CMS: 54993K->56399K(174784K)
[2019-12-09T02:52:43.058+0000][1][gc,metaspace ] GC(20) Metaspace: 48000K->48000K(1093632K)
[2019-12-09T02:52:43.058+0000][1][gc           ] GC(20) Pause Young (Allocation Failure) 128M->63M(247M) 289.465ms
[2019-12-09T02:52:43.058+0000][1][gc,cpu       ] GC(20) User=0.06s Sys=0.00s Real=0.29s
[2019-12-09T02:52:43.058+0000][1][safepoint    ] Leaving safepoint region
[2019-12-09T02:52:43.058+0000][1][safepoint    ] Total time for which application threads were stopped: 0.2896307 seconds, Stopping threads took: 0.0000143 seconds
[2019-12-09T02:52:43.077+0000][1][safepoint    ] Application time: 0.0190704 seconds
[2019-12-09T02:52:43.136+0000][1][safepoint    ] Entering safepoint region: RevokeBias
[2019-12-09T02:52:43.136+0000][1][safepoint    ] Leaving safepoint region
[2019-12-09T02:52:43.136+0000][1][safepoint    ] Total time for which application threads were stopped: 0.0587913 seconds, Stopping threads took: 0.0587226 seconds
[2019-12-09T02:52:43.136+0000][1][safepoint    ] Application time: 0.0001157 seconds
[2019-12-09T02:52:43.136+0000][1][safepoint    ] Entering safepoint region: RevokeBias
[2019-12-09T02:52:43.136+0000][1][safepoint    ] Leaving safepoint region
[2019-12-09T02:52:43.136+0000][1][safepoint    ] Total time for which application threads were stopped: 0.0000382 seconds, Stopping threads took: 0.0000092 seconds
[2019-12-09T02:52:44.142+0000][1][safepoint    ] Application time: 1.0057161 seconds
[2019-12-09T02:52:44.142+0000][1][safepoint    ] Entering safepoint region: Cleanup
[2019-12-09T02:52:44.142+0000][1][safepoint    ] Leaving safepoint region
[2019-12-09T02:52:44.142+0000][1][safepoint    ] Total time for which application threads were stopped: 0.0004590 seconds, Stopping threads took: 0.0000162 seconds
[2019-12-09T02:52:44.169+0000][1][safepoint    ] Application time: 0.0266714 seconds
[2019-12-09T02:52:44.169+0000][1][safepoint    ] Entering safepoint region: RevokeBias
[2019-12-09T02:52:44.169+0000][1][safepoint    ] Leaving safepoint region
[2019-12-09T02:52:44.169+0000][1][safepoint    ] Total time for which application threads were stopped: 0.0001087 seconds, Stopping threads took: 0.0000534 seconds
[2019-12-09T02:52:44.385+0000][1][safepoint    ] Application time: 0.2158690 seconds
[2019-12-09T02:52:44.385+0000][1][safepoint    ] Entering safepoint region: RevokeBias
[2019-12-09T02:52:44.385+0000][1][safepoint    ] Leaving safepoint region
[2019-12-09T02:52:44.385+0000][1][safepoint    ] Total time for which application threads were stopped: 0.0000648 seconds, Stopping threads took: 0.0000142 seconds
[2019-12-09T02:52:45.209+0000][1][safepoint    ] Application time: 0.8239470 seconds
[2019-12-09T02:52:45.256+0000][1][safepoint    ] Entering safepoint region: RevokeBias
[2019-12-09T02:52:45.256+0000][1][safepoint    ] Leaving safepoint region
[2019-12-09T02:52:45.256+0000][1][safepoint    ] Total time for which application threads were stopped: 0.0469011 seconds, Stopping threads took: 0.0468186 seconds
[2019-12-09T02:52:46.257+0000][1][safepoint    ] Application time: 1.0008048 seconds
[2019-12-09T02:52:46.296+0000][1][safepoint    ] Entering safepoint region: Cleanup
[2019-12-09T02:52:46.296+0000][1][safepoint    ] Leaving safepoint region
[2019-12-09T02:52:46.296+0000][1][safepoint    ] Total time for which application threads were stopped: 0.0394861 seconds, Stopping threads took: 0.0390072 seconds
[2019-12-09T02:52:46.317+0000][1][safepoint    ] Application time: 0.0206176 seconds
[2019-12-09T02:52:46.317+0000][1][safepoint    ] Entering safepoint region: RevokeBias
[2019-12-09T02:52:46.317+0000][1][safepoint    ] Leaving safepoint region
[2019-12-09T02:52:46.317+0000][1][safepoint    ] Total time for which application threads were stopped: 0.0001627 seconds, Stopping threads took: 0.0000156 seconds
[2019-12-09T02:52:47.354+0000][1][safepoint    ] Application time: 1.0366414 seconds
[2019-12-09T02:52:47.431+0000][1][safepoint    ] Entering safepoint region: Cleanup
[2019-12-09T02:52:47.431+0000][1][safepoint    ] Leaving safepoint region
[2019-12-09T02:52:47.431+0000][1][safepoint    ] Total time for which application threads were stopped: 0.0771194 seconds, Stopping threads took: 0.0770127 seconds
[2019-12-09T02:52:48.444+0000][1][safepoint    ] Application time: 1.0128377 seconds
[2019-12-09T02:52:48.452+0000][1][safepoint    ] Entering safepoint region: Cleanup
[2019-12-09T02:52:48.452+0000][1][safepoint    ] Leaving safepoint region
[2019-12-09T02:52:48.452+0000][1][safepoint    ] Total time for which application threads were stopped: 0.0081039 seconds, Stopping threads took: 0.0080260 seconds
[2019-12-09T02:52:48.861+0000][1][safepoint    ] Application time: 0.4089044 seconds
[2019-12-09T02:52:48.861+0000][1][safepoint    ] Entering safepoint region: GenCollectForAllocation
[2019-12-09T02:52:48.861+0000][1][gc,start     ] GC(21) Pause Young (Allocation Failure)
[2019-12-09T02:52:48.861+0000][1][gc,task      ] GC(21) Using 2 workers of 2 for evacuation
[2019-12-09T02:52:49.297+0000][1][gc,age       ] GC(21) Desired survivor size 4456448 bytes, new threshold 6 (max threshold 6)
[2019-12-09T02:52:49.297+0000][1][gc,age       ] GC(21) Age table with threshold 6 (max threshold 6)
[2019-12-09T02:52:49.297+0000][1][gc,age       ] GC(21) - age   1:    1470576 bytes,    1470576 total
[2019-12-09T02:52:49.297+0000][1][gc,age       ] GC(21) - age   2:    2862184 bytes,    4332760 total
[2019-12-09T02:52:49.297+0000][1][gc,heap      ] GC(21) ParNew: 78656K->6421K(78656K)
[2019-12-09T02:52:49.297+0000][1][gc,heap      ] GC(21) CMS: 56399K->60591K(174784K)
[2019-12-09T02:52:49.297+0000][1][gc,metaspace ] GC(21) Metaspace: 54821K->54821K(1099776K)
[2019-12-09T02:52:49.297+0000][1][gc           ] GC(21) Pause Young (Allocation Failure) 131M->65M(247M) 436.352ms
[2019-12-09T02:52:49.297+0000][1][gc,cpu       ] GC(21) User=0.13s Sys=0.00s Real=0.44s
[2019-12-09T02:52:49.297+0000][1][safepoint    ] Leaving safepoint region
[2019-12-09T02:52:49.297+0000][1][safepoint    ] Total time for which application threads were stopped: 0.4365292 seconds, Stopping threads took: 0.0000158 seconds
[2019-12-09T02:52:50.246+0000][1][safepoint    ] Application time: 0.9483700 seconds
[2019-12-09T02:52:50.246+0000][1][safepoint    ] Entering safepoint region: RevokeBias
[2019-12-09T02:52:50.246+0000][1][safepoint    ] Leaving safepoint region
[2019-12-09T02:52:50.246+0000][1][safepoint    ] Total time for which application threads were stopped: 0.0001964 seconds, Stopping threads took: 0.0000877 seconds
[2019-12-09T02:52:50.262+0000][1][safepoint    ] Application time: 0.0157556 seconds
[2019-12-09T02:52:50.355+0000][1][safepoint    ] Entering safepoint region: RevokeBias
[2019-12-09T02:52:50.355+0000][1][safepoint    ] Leaving safepoint region
[2019-12-09T02:52:50.355+0000][1][safepoint    ] Total time for which application threads were stopped: 0.0933063 seconds, Stopping threads took: 0.0931821 seconds
[2019-12-09T02:52:50.355+0000][1][safepoint    ] Application time: 0.0000793 seconds
[2019-12-09T02:52:50.355+0000][1][safepoint    ] Entering safepoint region: RevokeBias
[2019-12-09T02:52:50.355+0000][1][safepoint    ] Leaving safepoint region
[2019-12-09T02:52:50.355+0000][1][safepoint    ] Total time for which application threads were stopped: 0.0000641 seconds, Stopping threads took: 0.0000088 seconds
[2019-12-09T02:52:50.355+0000][1][safepoint    ] Application time: 0.0002253 seconds
[2019-12-09T02:52:50.355+0000][1][safepoint    ] Entering safepoint region: RevokeBias
[2019-12-09T02:52:50.356+0000][1][safepoint    ] Leaving safepoint region
[2019-12-09T02:52:50.356+0000][1][safepoint    ] Total time for which application threads were stopped: 0.0000844 seconds, Stopping threads took: 0.0000107 seconds
[2019-12-09T02:52:51.359+0000][1][safepoint    ] Application time: 1.0031589 seconds
[2019-12-09T02:52:51.359+0000][1][safepoint    ] Entering safepoint region: Cleanup
[2019-12-09T02:52:51.359+0000][1][safepoint    ] Leaving safepoint region
[2019-12-09T02:52:51.359+0000][1][safepoint    ] Total time for which application threads were stopped: 0.0004861 seconds, Stopping threads took: 0.0003941 seconds
[2019-12-09T02:52:51.582+0000][1][safepoint    ] Application time: 0.2224735 seconds
[2019-12-09T02:52:51.582+0000][1][safepoint    ] Entering safepoint region: Deoptimize
[2019-12-09T02:52:51.582+0000][1][safepoint    ] Leaving safepoint region
[2019-12-09T02:52:51.582+0000][1][safepoint    ] Total time for which application threads were stopped: 0.0006741 seconds, Stopping threads took: 0.0000168 seconds
[2019-12-09T02:52:51.960+0000][1][safepoint    ] Application time: 0.3778072 seconds
[2019-12-09T02:52:51.963+0000][1][safepoint    ] Entering safepoint region: RevokeBias
[2019-12-09T02:52:51.963+0000][1][safepoint    ] Leaving safepoint region
[2019-12-09T02:52:51.963+0000][1][safepoint    ] Total time for which application threads were stopped: 0.0025606 seconds, Stopping threads took: 0.0024516 seconds
[2019-12-09T02:52:51.963+0000][1][safepoint    ] Application time: 0.0001128 seconds
[2019-12-09T02:52:51.963+0000][1][safepoint    ] Entering safepoint region: RevokeBias
[2019-12-09T02:52:51.963+0000][1][safepoint    ] Leaving safepoint region
[2019-12-09T02:52:51.963+0000][1][safepoint    ] Total time for which application threads were stopped: 0.0000495 seconds, Stopping threads took: 0.0000098 seconds
[2019-12-09T02:52:51.963+0000][1][safepoint    ] Application time: 0.0001364 seconds
[2019-12-09T02:52:51.963+0000][1][safepoint    ] Entering safepoint region: RevokeBias
[2019-12-09T02:52:51.963+0000][1][safepoint    ] Leaving safepoint region
[2019-12-09T02:52:51.963+0000][1][safepoint    ] Total time for which application threads were stopped: 0.0000521 seconds, Stopping threads took: 0.0000092 seconds
[2019-12-09T02:52:51.996+0000][1][safepoint    ] Application time: 0.0330876 seconds
[2019-12-09T02:52:51.996+0000][1][safepoint    ] Entering safepoint region: RevokeBias
[2019-12-09T02:52:51.996+0000][1][safepoint    ] Leaving safepoint region
[2019-12-09T02:52:51.996+0000][1][safepoint    ] Total time for which application threads were stopped: 0.0000882 seconds, Stopping threads took: 0.0000147 seconds
[2019-12-09T02:52:52.999+0000][1][safepoint    ] Application time: 1.0022704 seconds
[2019-12-09T02:52:53.016+0000][1][safepoint    ] Entering safepoint region: Cleanup
[2019-12-09T02:52:53.017+0000][1][safepoint    ] Leaving safepoint region
[2019-12-09T02:52:53.017+0000][1][safepoint    ] Total time for which application threads were stopped: 0.0182039 seconds, Stopping threads took: 0.0170031 seconds
[2019-12-09T02:52:53.564+0000][1][safepoint    ] Application time: 0.5471650 seconds
[2019-12-09T02:52:53.564+0000][1][safepoint    ] Entering safepoint region: RevokeBias
[2019-12-09T02:52:53.564+0000][1][safepoint    ] Leaving safepoint region
[2019-12-09T02:52:53.564+0000][1][safepoint    ] Total time for which application threads were stopped: 0.0001005 seconds, Stopping threads took: 0.0000207 seconds
[2019-12-09T02:52:54.099+0000][1][safepoint    ] Application time: 0.5349570 seconds
[2019-12-09T02:52:54.099+0000][1][safepoint    ] Entering safepoint region: Deoptimize
[2019-12-09T02:52:54.100+0000][1][safepoint    ] Leaving safepoint region
[2019-12-09T02:52:54.100+0000][1][safepoint    ] Total time for which application threads were stopped: 0.0006331 seconds, Stopping threads took: 0.0000156 seconds
[2019-12-09T02:52:55.104+0000][1][safepoint    ] Application time: 1.0037808 seconds
[2019-12-09T02:52:55.104+0000][1][safepoint    ] Entering safepoint region: Cleanup
[2019-12-09T02:52:55.104+0000][1][safepoint    ] Leaving safepoint region
[2019-12-09T02:52:55.104+0000][1][safepoint    ] Total time for which application threads were stopped: 0.0001677 seconds, Stopping threads took: 0.0000899 seconds
[2019-12-09T02:52:55.233+0000][1][safepoint    ] Application time: 0.1287930 seconds
[2019-12-09T02:52:55.233+0000][1][safepoint    ] Entering safepoint region: RevokeBias
[2019-12-09T02:52:55.233+0000][1][safepoint    ] Leaving safepoint region
[2019-12-09T02:52:55.233+0000][1][safepoint    ] Total time for which application threads were stopped: 0.0000843 seconds, Stopping threads took: 0.0000153 seconds
[2019-12-09T02:52:55.233+0000][1][safepoint    ] Application time: 0.0001600 seconds
[2019-12-09T02:52:55.233+0000][1][safepoint    ] Entering safepoint region: RevokeBias
[2019-12-09T02:52:55.233+0000][1][safepoint    ] Leaving safepoint region
[2019-12-09T02:52:55.233+0000][1][safepoint    ] Total time for which application threads were stopped: 0.0000385 seconds, Stopping threads took: 0.0000081 seconds
[2019-12-09T02:52:55.233+0000][1][safepoint    ] Application time: 0.0001070 seconds
[2019-12-09T02:52:55.233+0000][1][safepoint    ] Entering safepoint region: RevokeBias
[2019-12-09T02:52:55.233+0000][1][safepoint    ] Leaving safepoint region
[2019-12-09T02:52:55.233+0000][1][safepoint    ] Total time for which application threads were stopped: 0.0000333 seconds, Stopping threads took: 0.0000075 seconds
[2019-12-09T02:52:55.233+0000][1][safepoint    ] Application time: 0.0000728 seconds
[2019-12-09T02:52:55.233+0000][1][safepoint    ] Entering safepoint region: RevokeBias
[2019-12-09T02:52:55.233+0000][1][safepoint    ] Leaving safepoint region
[2019-12-09T02:52:55.233+0000][1][safepoint    ] Total time for which application threads were stopped: 0.0000338 seconds, Stopping threads took: 0.0000078 seconds
[2019-12-09T02:52:55.234+0000][1][safepoint    ] Application time: 0.0004433 seconds
[2019-12-09T02:52:55.234+0000][1][safepoint    ] Entering safepoint region: RevokeBias
[2019-12-09T02:52:55.234+0000][1][safepoint    ] Leaving safepoint region
[2019-12-09T02:52:55.234+0000][1][safepoint    ] Total time for which application threads were stopped: 0.0000606 seconds, Stopping threads took: 0.0000135 seconds
[2019-12-09T02:52:55.234+0000][1][safepoint    ] Application time: 0.0000604 seconds
[2019-12-09T02:52:55.234+0000][1][safepoint    ] Entering safepoint region: RevokeBias
[2019-12-09T02:52:55.234+0000][1][safepoint    ] Leaving safepoint region
[2019-12-09T02:52:55.234+0000][1][safepoint    ] Total time for which application threads were stopped: 0.0000351 seconds, Stopping threads took: 0.0000074 seconds
[2019-12-09T02:52:55.234+0000][1][safepoint    ] Application time: 0.0000885 seconds
[2019-12-09T02:52:55.234+0000][1][safepoint    ] Entering safepoint region: RevokeBias
[2019-12-09T02:52:55.234+0000][1][safepoint    ] Leaving safepoint region
[2019-12-09T02:52:55.234+0000][1][safepoint    ] Total time for which application threads were stopped: 0.0000334 seconds, Stopping threads took: 0.0000075 seconds
[2019-12-09T02:52:55.234+0000][1][safepoint    ] Application time: 0.0001371 seconds
[2019-12-09T02:52:55.234+0000][1][safepoint    ] Entering safepoint region: RevokeBias
[2019-12-09T02:52:55.234+0000][1][safepoint    ] Leaving safepoint region
[2019-12-09T02:52:55.234+0000][1][safepoint    ] Total time for which application threads were stopped: 0.0000402 seconds, Stopping threads took: 0.0000134 seconds
[2019-12-09T02:52:55.234+0000][1][safepoint    ] Application time: 0.0001376 seconds
[2019-12-09T02:52:55.234+0000][1][safepoint    ] Entering safepoint region: RevokeBias
[2019-12-09T02:52:55.234+0000][1][safepoint    ] Leaving safepoint region
[2019-12-09T02:52:55.234+0000][1][safepoint    ] Total time for which application threads were stopped: 0.0000329 seconds, Stopping threads took: 0.0000077 seconds
[2019-12-09T02:52:55.235+0000][1][safepoint    ] Application time: 0.0000684 seconds
[2019-12-09T02:52:55.235+0000][1][safepoint    ] Entering safepoint region: RevokeBias
[2019-12-09T02:52:55.235+0000][1][safepoint    ] Leaving safepoint region
[2019-12-09T02:52:55.235+0000][1][safepoint    ] Total time for which application threads were stopped: 0.0000319 seconds, Stopping threads took: 0.0000074 seconds
[2019-12-09T02:52:55.235+0000][1][safepoint    ] Application time: 0.0000598 seconds
[2019-12-09T02:52:55.235+0000][1][safepoint    ] Entering safepoint region: RevokeBias
[2019-12-09T02:52:55.235+0000][1][safepoint    ] Leaving safepoint region
[2019-12-09T02:52:55.235+0000][1][safepoint    ] Total time for which application threads were stopped: 0.0000452 seconds, Stopping threads took: 0.0000074 seconds
[2019-12-09T02:52:55.235+0000][1][safepoint    ] Application time: 0.0001326 seconds
[2019-12-09T02:52:55.235+0000][1][safepoint    ] Entering safepoint region: RevokeBias
[2019-12-09T02:52:55.235+0000][1][safepoint    ] Leaving safepoint region
[2019-12-09T02:52:55.235+0000][1][safepoint    ] Total time for which application threads were stopped: 0.0000346 seconds, Stopping threads took: 0.0000079 seconds
[2019-12-09T02:52:56.250+0000][1][safepoint    ] Application time: 1.0148508 seconds
[2019-12-09T02:52:56.253+0000][1][safepoint    ] Entering safepoint region: Cleanup
[2019-12-09T02:52:56.253+0000][1][safepoint    ] Leaving safepoint region
[2019-12-09T02:52:56.253+0000][1][safepoint    ] Total time for which application threads were stopped: 0.0035480 seconds, Stopping threads took: 0.0034705 seconds
[2019-12-09T02:52:56.599+0000][1][safepoint    ] Application time: 0.3461119 seconds
[2019-12-09T02:52:56.599+0000][1][safepoint    ] Entering safepoint region: GenCollectForAllocation
[2019-12-09T02:52:56.600+0000][1][gc,start     ] GC(22) Pause Young (Allocation Failure)
[2019-12-09T02:52:56.600+0000][1][gc,task      ] GC(22) Using 2 workers of 2 for evacuation
[2019-12-09T02:52:56.730+0000][1][gc,age       ] GC(22) Desired survivor size 4456448 bytes, new threshold 2 (max threshold 6)
[2019-12-09T02:52:56.730+0000][1][gc,age       ] GC(22) Age table with threshold 2 (max threshold 6)
[2019-12-09T02:52:56.730+0000][1][gc,age       ] GC(22) - age   1:    3652064 bytes,    3652064 total
[2019-12-09T02:52:56.730+0000][1][gc,age       ] GC(22) - age   2:    1415496 bytes,    5067560 total
[2019-12-09T02:52:56.730+0000][1][gc,age       ] GC(22) - age   3:    2847456 bytes,    7915016 total
[2019-12-09T02:52:56.730+0000][1][gc,heap      ] GC(22) ParNew: 76373K->8704K(78656K)
[2019-12-09T02:52:56.730+0000][1][gc,heap      ] GC(22) CMS: 60591K->60591K(174784K)
[2019-12-09T02:52:56.730+0000][1][gc,metaspace ] GC(22) Metaspace: 62210K->62210K(1105920K)
[2019-12-09T02:52:56.730+0000][1][gc           ] GC(22) Pause Young (Allocation Failure) 133M->67M(247M) 130.772ms
[2019-12-09T02:52:56.730+0000][1][gc,cpu       ] GC(22) User=0.05s Sys=0.00s Real=0.13s
[2019-12-09T02:52:56.730+0000][1][safepoint    ] Leaving safepoint region
[2019-12-09T02:52:56.730+0000][1][safepoint    ] Total time for which application threads were stopped: 0.1309149 seconds, Stopping threads took: 0.0000140 seconds
[2019-12-09T02:52:57.050+0000][1][safepoint    ] Application time: 0.3199463 seconds
[2019-12-09T02:52:57.050+0000][1][safepoint    ] Entering safepoint region: RevokeBias
[2019-12-09T02:52:57.050+0000][1][safepoint    ] Leaving safepoint region
[2019-12-09T02:52:57.050+0000][1][safepoint    ] Total time for which application threads were stopped: 0.0000843 seconds, Stopping threads took: 0.0000151 seconds
[2019-12-09T02:52:57.916+0000][1][safepoint    ] Application time: 0.8654928 seconds
[2019-12-09T02:52:57.967+0000][1][safepoint    ] Entering safepoint region: RevokeBias
[2019-12-09T02:52:57.967+0000][1][safepoint    ] Leaving safepoint region
[2019-12-09T02:52:57.967+0000][1][safepoint    ] Total time for which application threads were stopped: 0.0510776 seconds, Stopping threads took: 0.0507937 seconds
[2019-12-09T02:52:57.967+0000][1][safepoint    ] Application time: 0.0000951 seconds
[2019-12-09T02:52:57.967+0000][1][safepoint    ] Entering safepoint region: RevokeBias
[2019-12-09T02:52:57.967+0000][1][safepoint    ] Leaving safepoint region
[2019-12-09T02:52:57.967+0000][1][safepoint    ] Total time for which application threads were stopped: 0.0001025 seconds, Stopping threads took: 0.0000119 seconds
[2019-12-09T02:52:57.967+0000][1][safepoint    ] Application time: 0.0000553 seconds
[2019-12-09T02:52:57.967+0000][1][safepoint    ] Entering safepoint region: RevokeBias
[2019-12-09T02:52:57.967+0000][1][safepoint    ] Leaving safepoint region
[2019-12-09T02:52:57.967+0000][1][safepoint    ] Total time for which application threads were stopped: 0.0000760 seconds, Stopping threads took: 0.0000085 seconds
[2019-12-09T02:52:57.967+0000][1][safepoint    ] Application time: 0.0000435 seconds
[2019-12-09T02:52:57.968+0000][1][safepoint    ] Entering safepoint region: RevokeBias
[2019-12-09T02:52:57.968+0000][1][safepoint    ] Leaving safepoint region
[2019-12-09T02:52:57.968+0000][1][safepoint    ] Total time for which application threads were stopped: 0.0000701 seconds, Stopping threads took: 0.0000076 seconds
[2019-12-09T02:52:57.968+0000][1][safepoint    ] Application time: 0.0000431 seconds
[2019-12-09T02:52:57.968+0000][1][safepoint    ] Entering safepoint region: RevokeBias
[2019-12-09T02:52:57.968+0000][1][safepoint    ] Leaving safepoint region
[2019-12-09T02:52:57.968+0000][1][safepoint    ] Total time for which application threads were stopped: 0.0000883 seconds, Stopping threads took: 0.0000078 seconds
[2019-12-09T02:52:57.968+0000][1][safepoint    ] Application time: 0.0000501 seconds
[2019-12-09T02:52:57.968+0000][1][safepoint    ] Entering safepoint region: RevokeBias
[2019-12-09T02:52:57.968+0000][1][safepoint    ] Leaving safepoint region
[2019-12-09T02:52:57.968+0000][1][safepoint    ] Total time for which application threads were stopped: 0.0000689 seconds, Stopping threads took: 0.0000086 seconds
[2019-12-09T02:52:57.968+0000][1][safepoint    ] Application time: 0.0000458 seconds
[2019-12-09T02:52:57.968+0000][1][safepoint    ] Entering safepoint region: RevokeBias
[2019-12-09T02:52:57.968+0000][1][safepoint    ] Leaving safepoint region
[2019-12-09T02:52:57.968+0000][1][safepoint    ] Total time for which application threads were stopped: 0.0000687 seconds, Stopping threads took: 0.0000083 seconds
[2019-12-09T02:52:57.968+0000][1][safepoint    ] Application time: 0.0000444 seconds
[2019-12-09T02:52:57.968+0000][1][safepoint    ] Entering safepoint region: RevokeBias
[2019-12-09T02:52:57.968+0000][1][safepoint    ] Leaving safepoint region
[2019-12-09T02:52:57.968+0000][1][safepoint    ] Total time for which application threads were stopped: 0.0000639 seconds, Stopping threads took: 0.0000079 seconds
[2019-12-09T02:52:58.057+0000][1][safepoint    ] Application time: 0.0891588 seconds
[2019-12-09T02:52:58.057+0000][1][safepoint    ] Entering safepoint region: Deoptimize
[2019-12-09T02:52:58.058+0000][1][safepoint    ] Leaving safepoint region
[2019-12-09T02:52:58.058+0000][1][safepoint    ] Total time for which application threads were stopped: 0.0007374 seconds, Stopping threads took: 0.0000143 seconds
[2019-12-09T02:52:58.211+0000][1][safepoint    ] Application time: 0.1526558 seconds
[2019-12-09T02:52:58.211+0000][1][safepoint    ] Entering safepoint region: BulkRevokeBias
[2019-12-09T02:52:58.211+0000][1][safepoint    ] Leaving safepoint region
[2019-12-09T02:52:58.211+0000][1][safepoint    ] Total time for which application threads were stopped: 0.0002104 seconds, Stopping threads took: 0.0000165 seconds
[2019-12-09T02:52:58.229+0000][1][safepoint    ] Application time: 0.0177783 seconds
[2019-12-09T02:52:58.229+0000][1][safepoint    ] Entering safepoint region: RevokeBias
[2019-12-09T02:52:58.229+0000][1][safepoint    ] Leaving safepoint region
[2019-12-09T02:52:58.229+0000][1][safepoint    ] Total time for which application threads were stopped: 0.0000818 seconds, Stopping threads took: 0.0000147 seconds
[2019-12-09T02:52:58.230+0000][1][safepoint    ] Application time: 0.0010321 seconds
[2019-12-09T02:52:58.230+0000][1][safepoint    ] Entering safepoint region: RevokeBias
[2019-12-09T02:52:58.230+0000][1][safepoint    ] Leaving safepoint region
[2019-12-09T02:52:58.230+0000][1][safepoint    ] Total time for which application threads were stopped: 0.0000714 seconds, Stopping threads took: 0.0000121 seconds
[2019-12-09T02:52:58.230+0000][1][safepoint    ] Application time: 0.0001606 seconds
[2019-12-09T02:52:58.230+0000][1][safepoint    ] Entering safepoint region: RevokeBias
[2019-12-09T02:52:58.230+0000][1][safepoint    ] Leaving safepoint region
[2019-12-09T02:52:58.230+0000][1][safepoint    ] Total time for which application threads were stopped: 0.0000516 seconds, Stopping threads took: 0.0000096 seconds
[2019-12-09T02:52:58.231+0000][1][safepoint    ] Application time: 0.0005020 seconds
[2019-12-09T02:52:58.231+0000][1][safepoint    ] Entering safepoint region: RevokeBias
[2019-12-09T02:52:58.231+0000][1][safepoint    ] Leaving safepoint region
[2019-12-09T02:52:58.231+0000][1][safepoint    ] Total time for which application threads were stopped: 0.0000633 seconds, Stopping threads took: 0.0000111 seconds
[2019-12-09T02:52:58.231+0000][1][safepoint    ] Application time: 0.0000617 seconds
[2019-12-09T02:52:58.231+0000][1][safepoint    ] Entering safepoint region: RevokeBias
[2019-12-09T02:52:58.231+0000][1][safepoint    ] Leaving safepoint region
[2019-12-09T02:52:58.231+0000][1][safepoint    ] Total time for which application threads were stopped: 0.0000452 seconds, Stopping threads took: 0.0000078 seconds
[2019-12-09T02:52:58.231+0000][1][safepoint    ] Application time: 0.0001028 seconds
[2019-12-09T02:52:58.231+0000][1][safepoint    ] Entering safepoint region: RevokeBias
[2019-12-09T02:52:58.231+0000][1][safepoint    ] Leaving safepoint region
[2019-12-09T02:52:58.231+0000][1][safepoint    ] Total time for which application threads were stopped: 0.0000457 seconds, Stopping threads took: 0.0000082 seconds
[2019-12-09T02:52:58.231+0000][1][safepoint    ] Application time: 0.0003197 seconds
[2019-12-09T02:52:58.231+0000][1][safepoint    ] Entering safepoint region: RevokeBias
[2019-12-09T02:52:58.231+0000][1][safepoint    ] Leaving safepoint region
[2019-12-09T02:52:58.231+0000][1][safepoint    ] Total time for which application threads were stopped: 0.0000553 seconds, Stopping threads took: 0.0000102 seconds
[2019-12-09T02:52:58.232+0000][1][safepoint    ] Application time: 0.0002284 seconds
[2019-12-09T02:52:58.232+0000][1][safepoint    ] Entering safepoint region: RevokeBias
[2019-12-09T02:52:58.232+0000][1][safepoint    ] Leaving safepoint region
[2019-12-09T02:52:58.232+0000][1][safepoint    ] Total time for which application threads were stopped: 0.0000565 seconds, Stopping threads took: 0.0000101 seconds
[2019-12-09T02:52:58.232+0000][1][safepoint    ] Application time: 0.0000591 seconds
[2019-12-09T02:52:58.232+0000][1][safepoint    ] Entering safepoint region: RevokeBias
[2019-12-09T02:52:58.232+0000][1][safepoint    ] Leaving safepoint region
[2019-12-09T02:52:58.232+0000][1][safepoint    ] Total time for which application threads were stopped: 0.0000456 seconds, Stopping threads took: 0.0000084 seconds
[2019-12-09T02:52:58.232+0000][1][safepoint    ] Application time: 0.0001045 seconds
[2019-12-09T02:52:58.232+0000][1][safepoint    ] Entering safepoint region: BulkRevokeBias
[2019-12-09T02:52:58.232+0000][1][safepoint    ] Leaving safepoint region
[2019-12-09T02:52:58.232+0000][1][safepoint    ] Total time for which application threads were stopped: 0.0001563 seconds, Stopping threads took: 0.0000136 seconds
[2019-12-09T02:52:58.234+0000][1][safepoint    ] Application time: 0.0017372 seconds
[2019-12-09T02:52:58.234+0000][1][safepoint    ] Entering safepoint region: RevokeBias
[2019-12-09T02:52:58.234+0000][1][safepoint    ] Leaving safepoint region
[2019-12-09T02:52:58.234+0000][1][safepoint    ] Total time for which application threads were stopped: 0.0000734 seconds, Stopping threads took: 0.0000114 seconds
[2019-12-09T02:52:58.234+0000][1][safepoint    ] Application time: 0.0000999 seconds
[2019-12-09T02:52:58.234+0000][1][safepoint    ] Entering safepoint region: RevokeBias
[2019-12-09T02:52:58.234+0000][1][safepoint    ] Leaving safepoint region
[2019-12-09T02:52:58.234+0000][1][safepoint    ] Total time for which application threads were stopped: 0.0000527 seconds, Stopping threads took: 0.0000092 seconds
[2019-12-09T02:52:58.287+0000][1][safepoint    ] Application time: 0.0528740 seconds
[2019-12-09T02:52:58.287+0000][1][safepoint    ] Entering safepoint region: Deoptimize
[2019-12-09T02:52:58.288+0000][1][safepoint    ] Leaving safepoint region
[2019-12-09T02:52:58.288+0000][1][safepoint    ] Total time for which application threads were stopped: 0.0006912 seconds, Stopping threads took: 0.0000461 seconds
[2019-12-09T02:52:58.288+0000][1][safepoint    ] Application time: 0.0005854 seconds
[2019-12-09T02:52:58.288+0000][1][safepoint    ] Entering safepoint region: RevokeBias
[2019-12-09T02:52:58.288+0000][1][safepoint    ] Leaving safepoint region
[2019-12-09T02:52:58.288+0000][1][safepoint    ] Total time for which application threads were stopped: 0.0000561 seconds, Stopping threads took: 0.0000124 seconds
[2019-12-09T02:52:58.490+0000][1][safepoint    ] Application time: 0.2015966 seconds
[2019-12-09T02:52:58.566+0000][1][safepoint    ] Entering safepoint region: RevokeBias
[2019-12-09T02:52:58.566+0000][1][safepoint    ] Leaving safepoint region
[2019-12-09T02:52:58.566+0000][1][safepoint    ] Total time for which application threads were stopped: 0.0758283 seconds, Stopping threads took: 0.0757161 seconds
[2019-12-09T02:52:58.566+0000][1][safepoint    ] Application time: 0.0001645 seconds
[2019-12-09T02:52:58.566+0000][1][safepoint    ] Entering safepoint region: RevokeBias
[2019-12-09T02:52:58.566+0000][1][safepoint    ] Leaving safepoint region
[2019-12-09T02:52:58.566+0000][1][safepoint    ] Total time for which application threads were stopped: 0.0000527 seconds, Stopping threads took: 0.0000107 seconds
[2019-12-09T02:52:58.566+0000][1][safepoint    ] Application time: 0.0000842 seconds
[2019-12-09T02:52:58.566+0000][1][safepoint    ] Entering safepoint region: RevokeBias
[2019-12-09T02:52:58.566+0000][1][safepoint    ] Leaving safepoint region
[2019-12-09T02:52:58.566+0000][1][safepoint    ] Total time for which application threads were stopped: 0.0000412 seconds, Stopping threads took: 0.0000087 seconds
[2019-12-09T02:52:58.568+0000][1][safepoint    ] Application time: 0.0013639 seconds
[2019-12-09T02:52:58.568+0000][1][safepoint    ] Entering safepoint region: RevokeBias
[2019-12-09T02:52:58.568+0000][1][safepoint    ] Leaving safepoint region
[2019-12-09T02:52:58.568+0000][1][safepoint    ] Total time for which application threads were stopped: 0.0001045 seconds, Stopping threads took: 0.0000153 seconds
[2019-12-09T02:52:58.571+0000][1][safepoint    ] Application time: 0.0029098 seconds
[2019-12-09T02:52:58.573+0000][1][safepoint    ] Entering safepoint region: RevokeBias
[2019-12-09T02:52:58.573+0000][1][safepoint    ] Leaving safepoint region
[2019-12-09T02:52:58.573+0000][1][safepoint    ] Total time for which application threads were stopped: 0.0019673 seconds, Stopping threads took: 0.0018976 seconds
[2019-12-09T02:52:58.573+0000][1][safepoint    ] Application time: 0.0002976 seconds
[2019-12-09T02:52:58.573+0000][1][safepoint    ] Entering safepoint region: RevokeBias
[2019-12-09T02:52:58.573+0000][1][safepoint    ] Leaving safepoint region
[2019-12-09T02:52:58.573+0000][1][safepoint    ] Total time for which application threads were stopped: 0.0000591 seconds, Stopping threads took: 0.0000162 seconds
[2019-12-09T02:52:58.573+0000][1][safepoint    ] Application time: 0.0000565 seconds
[2019-12-09T02:52:58.573+0000][1][safepoint    ] Entering safepoint region: RevokeBias
[2019-12-09T02:52:58.573+0000][1][safepoint    ] Leaving safepoint region
[2019-12-09T02:52:58.573+0000][1][safepoint    ] Total time for which application threads were stopped: 0.0000391 seconds, Stopping threads took: 0.0000085 seconds
[2019-12-09T02:52:58.573+0000][1][safepoint    ] Application time: 0.0000544 seconds
[2019-12-09T02:52:58.573+0000][1][safepoint    ] Entering safepoint region: RevokeBias
[2019-12-09T02:52:58.573+0000][1][safepoint    ] Leaving safepoint region
[2019-12-09T02:52:58.573+0000][1][safepoint    ] Total time for which application threads were stopped: 0.0000392 seconds, Stopping threads took: 0.0000083 seconds
[2019-12-09T02:52:58.577+0000][1][safepoint    ] Application time: 0.0038956 seconds
[2019-12-09T02:52:58.577+0000][1][safepoint    ] Entering safepoint region: RevokeBias
[2019-12-09T02:52:58.577+0000][1][safepoint    ] Leaving safepoint region
[2019-12-09T02:52:58.577+0000][1][safepoint    ] Total time for which application threads were stopped: 0.0000662 seconds, Stopping threads took: 0.0000117 seconds
[2019-12-09T02:52:58.579+0000][1][safepoint    ] Application time: 0.0014302 seconds
[2019-12-09T02:52:58.579+0000][1][safepoint    ] Entering safepoint region: RevokeBias
[2019-12-09T02:52:58.579+0000][1][safepoint    ] Leaving safepoint region
[2019-12-09T02:52:58.579+0000][1][safepoint    ] Total time for which application threads were stopped: 0.0000816 seconds, Stopping threads took: 0.0000104 seconds
[2019-12-09T02:52:58.595+0000][1][safepoint    ] Application time: 0.0159064 seconds
[2019-12-09T02:52:58.595+0000][1][safepoint    ] Entering safepoint region: RevokeBias
[2019-12-09T02:52:58.595+0000][1][safepoint    ] Leaving safepoint region
[2019-12-09T02:52:58.595+0000][1][safepoint    ] Total time for which application threads were stopped: 0.0001284 seconds, Stopping threads took: 0.0000700 seconds
[2019-12-09T02:52:58.614+0000][1][safepoint    ] Application time: 0.0188732 seconds
[2019-12-09T02:52:58.614+0000][1][safepoint    ] Entering safepoint region: RevokeBias
[2019-12-09T02:52:58.614+0000][1][safepoint    ] Leaving safepoint region
[2019-12-09T02:52:58.614+0000][1][safepoint    ] Total time for which application threads were stopped: 0.0000891 seconds, Stopping threads took: 0.0000119 seconds
[2019-12-09T02:52:58.659+0000][1][safepoint    ] Application time: 0.0445546 seconds
[2019-12-09T02:52:58.702+0000][1][safepoint    ] Entering safepoint region: RevokeBias
[2019-12-09T02:52:58.702+0000][1][safepoint    ] Leaving safepoint region
[2019-12-09T02:52:58.702+0000][1][safepoint    ] Total time for which application threads were stopped: 0.0434066 seconds, Stopping threads took: 0.0432988 seconds
[2019-12-09T02:52:58.702+0000][1][safepoint    ] Application time: 0.0001293 seconds
[2019-12-09T02:52:58.702+0000][1][safepoint    ] Entering safepoint region: RevokeBias
[2019-12-09T02:52:58.702+0000][1][safepoint    ] Leaving safepoint region
[2019-12-09T02:52:58.702+0000][1][safepoint    ] Total time for which application threads were stopped: 0.0000771 seconds, Stopping threads took: 0.0000096 seconds
[2019-12-09T02:52:58.702+0000][1][safepoint    ] Application time: 0.0000606 seconds
[2019-12-09T02:52:58.702+0000][1][safepoint    ] Entering safepoint region: RevokeBias
[2019-12-09T02:52:58.702+0000][1][safepoint    ] Leaving safepoint region
[2019-12-09T02:52:58.702+0000][1][safepoint    ] Total time for which application threads were stopped: 0.0000689 seconds, Stopping threads took: 0.0000078 seconds
[2019-12-09T02:52:58.703+0000][1][safepoint    ] Application time: 0.0006794 seconds
[2019-12-09T02:52:58.703+0000][1][safepoint    ] Entering safepoint region: RevokeBias
[2019-12-09T02:52:58.703+0000][1][safepoint    ] Leaving safepoint region
[2019-12-09T02:52:58.703+0000][1][safepoint    ] Total time for which application threads were stopped: 0.0001082 seconds, Stopping threads took: 0.0000193 seconds
[2019-12-09T02:52:58.704+0000][1][safepoint    ] Application time: 0.0006597 seconds
[2019-12-09T02:52:58.704+0000][1][safepoint    ] Entering safepoint region: RevokeBias
[2019-12-09T02:52:58.704+0000][1][safepoint    ] Leaving safepoint region
[2019-12-09T02:52:58.704+0000][1][safepoint    ] Total time for which application threads were stopped: 0.0000537 seconds, Stopping threads took: 0.0000115 seconds
[2019-12-09T02:52:58.704+0000][1][safepoint    ] Application time: 0.0001325 seconds
[2019-12-09T02:52:58.704+0000][1][safepoint    ] Entering safepoint region: RevokeBias
[2019-12-09T02:52:58.704+0000][1][safepoint    ] Leaving safepoint region
[2019-12-09T02:52:58.704+0000][1][safepoint    ] Total time for which application threads were stopped: 0.0000443 seconds, Stopping threads took: 0.0000094 seconds
[2019-12-09T02:52:58.704+0000][1][safepoint    ] Application time: 0.0001163 seconds
[2019-12-09T02:52:58.704+0000][1][safepoint    ] Entering safepoint region: RevokeBias
[2019-12-09T02:52:58.704+0000][1][safepoint    ] Leaving safepoint region
[2019-12-09T02:52:58.704+0000][1][safepoint    ] Total time for which application threads were stopped: 0.0000858 seconds, Stopping threads took: 0.0000091 seconds
[2019-12-09T02:52:58.705+0000][1][safepoint    ] Application time: 0.0010431 seconds
[2019-12-09T02:52:58.705+0000][1][safepoint    ] Entering safepoint region: RevokeBias
[2019-12-09T02:52:58.705+0000][1][safepoint    ] Leaving safepoint region
[2019-12-09T02:52:58.705+0000][1][safepoint    ] Total time for which application threads were stopped: 0.0000888 seconds, Stopping threads took: 0.0000113 seconds
[2019-12-09T02:52:58.707+0000][1][safepoint    ] Application time: 0.0010734 seconds
[2019-12-09T02:52:58.707+0000][1][safepoint    ] Entering safepoint region: RevokeBias
[2019-12-09T02:52:58.707+0000][1][safepoint    ] Leaving safepoint region
[2019-12-09T02:52:58.707+0000][1][safepoint    ] Total time for which application threads were stopped: 0.0000835 seconds, Stopping threads took: 0.0000391 seconds
[2019-12-09T02:52:58.707+0000][1][safepoint    ] Application time: 0.0000787 seconds
[2019-12-09T02:52:58.707+0000][1][safepoint    ] Entering safepoint region: RevokeBias
[2019-12-09T02:52:58.707+0000][1][safepoint    ] Leaving safepoint region
[2019-12-09T02:52:58.707+0000][1][safepoint    ] Total time for which application threads were stopped: 0.0000840 seconds, Stopping threads took: 0.0000100 seconds
[2019-12-09T02:52:58.707+0000][1][safepoint    ] Application time: 0.0000935 seconds
[2019-12-09T02:52:58.707+0000][1][safepoint    ] Entering safepoint region: RevokeBias
[2019-12-09T02:52:58.707+0000][1][safepoint    ] Leaving safepoint region
[2019-12-09T02:52:58.707+0000][1][safepoint    ] Total time for which application threads were stopped: 0.0000527 seconds, Stopping threads took: 0.0000100 seconds
[2019-12-09T02:52:58.710+0000][1][safepoint    ] Application time: 0.0027732 seconds
[2019-12-09T02:52:58.710+0000][1][safepoint    ] Entering safepoint region: RevokeBias
[2019-12-09T02:52:58.710+0000][1][safepoint    ] Leaving safepoint region
[2019-12-09T02:52:58.710+0000][1][safepoint    ] Total time for which application threads were stopped: 0.0005657 seconds, Stopping threads took: 0.0005223 seconds
[2019-12-09T02:52:58.711+0000][1][safepoint    ] Application time: 0.0006710 seconds
[2019-12-09T02:52:58.711+0000][1][safepoint    ] Entering safepoint region: RevokeBias
[2019-12-09T02:52:58.711+0000][1][safepoint    ] Leaving safepoint region
[2019-12-09T02:52:58.711+0000][1][safepoint    ] Total time for which application threads were stopped: 0.0000511 seconds, Stopping threads took: 0.0000106 seconds
[2019-12-09T02:52:58.711+0000][1][safepoint    ] Application time: 0.0000644 seconds
[2019-12-09T02:52:58.711+0000][1][safepoint    ] Entering safepoint region: RevokeBias
[2019-12-09T02:52:58.711+0000][1][safepoint    ] Leaving safepoint region
[2019-12-09T02:52:58.711+0000][1][safepoint    ] Total time for which application threads were stopped: 0.0000474 seconds, Stopping threads took: 0.0000128 seconds
[2019-12-09T02:52:58.792+0000][1][safepoint    ] Application time: 0.0807402 seconds
[2019-12-09T02:52:58.872+0000][1][safepoint    ] Entering safepoint region: RevokeBias
[2019-12-09T02:52:58.872+0000][1][safepoint    ] Leaving safepoint region
[2019-12-09T02:52:58.872+0000][1][safepoint    ] Total time for which application threads were stopped: 0.0798567 seconds, Stopping threads took: 0.0797231 seconds
[2019-12-09T02:52:58.889+0000][1][safepoint    ] Application time: 0.0166819 seconds
[2019-12-09T02:52:58.903+0000][1][safepoint    ] Entering safepoint region: RevokeBias
[2019-12-09T02:52:58.903+0000][1][safepoint    ] Leaving safepoint region
[2019-12-09T02:52:58.903+0000][1][safepoint    ] Total time for which application threads were stopped: 0.0143405 seconds, Stopping threads took: 0.0142774 seconds
[2019-12-09T02:52:58.914+0000][1][safepoint    ] Application time: 0.0108740 seconds
[2019-12-09T02:52:58.924+0000][1][safepoint    ] Entering safepoint region: RevokeBias
[2019-12-09T02:52:58.924+0000][1][safepoint    ] Leaving safepoint region
[2019-12-09T02:52:58.924+0000][1][safepoint    ] Total time for which application threads were stopped: 0.0103085 seconds, Stopping threads took: 0.0102482 seconds
[2019-12-09T02:52:58.994+0000][1][safepoint    ] Application time: 0.0698556 seconds
[2019-12-09T02:52:58.994+0000][1][safepoint    ] Entering safepoint region: RevokeBias
[2019-12-09T02:52:58.994+0000][1][safepoint    ] Leaving safepoint region
[2019-12-09T02:52:58.994+0000][1][safepoint    ] Total time for which application threads were stopped: 0.0001307 seconds, Stopping threads took: 0.0000472 seconds
[2019-12-09T02:52:58.994+0000][1][safepoint    ] Application time: 0.0001102 seconds
[2019-12-09T02:52:58.994+0000][1][safepoint    ] Entering safepoint region: RevokeBias
[2019-12-09T02:52:58.994+0000][1][safepoint    ] Leaving safepoint region
[2019-12-09T02:52:58.994+0000][1][safepoint    ] Total time for which application threads were stopped: 0.0000532 seconds, Stopping threads took: 0.0000105 seconds
[2019-12-09T02:52:58.994+0000][1][safepoint    ] Application time: 0.0000657 seconds
[2019-12-09T02:52:58.994+0000][1][safepoint    ] Entering safepoint region: RevokeBias
[2019-12-09T02:52:58.994+0000][1][safepoint    ] Leaving safepoint region
[2019-12-09T02:52:58.994+0000][1][safepoint    ] Total time for which application threads were stopped: 0.0000451 seconds, Stopping threads took: 0.0000089 seconds
[2019-12-09T02:52:58.995+0000][1][safepoint    ] Application time: 0.0007074 seconds
[2019-12-09T02:52:58.995+0000][1][safepoint    ] Entering safepoint region: RevokeBias
[2019-12-09T02:52:58.995+0000][1][safepoint    ] Leaving safepoint region
[2019-12-09T02:52:58.995+0000][1][safepoint    ] Total time for which application threads were stopped: 0.0000597 seconds, Stopping threads took: 0.0000123 seconds
[2019-12-09T02:52:59.055+0000][1][safepoint    ] Application time: 0.0595244 seconds
[2019-12-09T02:52:59.098+0000][1][safepoint    ] Entering safepoint region: RevokeBias
[2019-12-09T02:52:59.098+0000][1][safepoint    ] Leaving safepoint region
[2019-12-09T02:52:59.098+0000][1][safepoint    ] Total time for which application threads were stopped: 0.0431214 seconds, Stopping threads took: 0.0430491 seconds
[2019-12-09T02:52:59.099+0000][1][safepoint    ] Application time: 0.0005795 seconds
[2019-12-09T02:52:59.099+0000][1][safepoint    ] Entering safepoint region: RevokeBias
[2019-12-09T02:52:59.099+0000][1][safepoint    ] Leaving safepoint region
[2019-12-09T02:52:59.099+0000][1][safepoint    ] Total time for which application threads were stopped: 0.0000710 seconds, Stopping threads took: 0.0000140 seconds
[2019-12-09T02:52:59.111+0000][1][safepoint    ] Application time: 0.0122109 seconds
[2019-12-09T02:52:59.138+0000][1][safepoint    ] Entering safepoint region: RevokeBias
[2019-12-09T02:52:59.139+0000][1][safepoint    ] Leaving safepoint region
[2019-12-09T02:52:59.139+0000][1][safepoint    ] Total time for which application threads were stopped: 0.0276776 seconds, Stopping threads took: 0.0275391 seconds
[2019-12-09T02:52:59.145+0000][1][safepoint    ] Application time: 0.0068982 seconds
[2019-12-09T02:52:59.146+0000][1][safepoint    ] Entering safepoint region: RevokeBias
[2019-12-09T02:52:59.146+0000][1][safepoint    ] Leaving safepoint region
[2019-12-09T02:52:59.146+0000][1][safepoint    ] Total time for which application threads were stopped: 0.0005003 seconds, Stopping threads took: 0.0003921 seconds
[2019-12-09T02:52:59.151+0000][1][safepoint    ] Application time: 0.0050596 seconds
[2019-12-09T02:52:59.151+0000][1][safepoint    ] Entering safepoint region: RevokeBias
[2019-12-09T02:52:59.151+0000][1][safepoint    ] Leaving safepoint region
[2019-12-09T02:52:59.151+0000][1][safepoint    ] Total time for which application threads were stopped: 0.0000884 seconds, Stopping threads took: 0.0000131 seconds
[2019-12-09T02:52:59.164+0000][1][safepoint    ] Application time: 0.0132900 seconds
[2019-12-09T02:52:59.164+0000][1][safepoint    ] Entering safepoint region: RevokeBias
[2019-12-09T02:52:59.165+0000][1][safepoint    ] Leaving safepoint region
[2019-12-09T02:52:59.165+0000][1][safepoint    ] Total time for which application threads were stopped: 0.0000955 seconds, Stopping threads took: 0.0000128 seconds
[2019-12-09T02:52:59.216+0000][1][safepoint    ] Application time: 0.0509647 seconds
[2019-12-09T02:52:59.356+0000][1][safepoint    ] Entering safepoint region: RevokeBias
[2019-12-09T02:52:59.356+0000][1][safepoint    ] Leaving safepoint region
[2019-12-09T02:52:59.356+0000][1][safepoint    ] Total time for which application threads were stopped: 0.1403804 seconds, Stopping threads took: 0.1402837 seconds
[2019-12-09T02:52:59.358+0000][1][safepoint    ] Application time: 0.0019681 seconds
[2019-12-09T02:52:59.358+0000][1][safepoint    ] Entering safepoint region: RevokeBias
[2019-12-09T02:52:59.358+0000][1][safepoint    ] Leaving safepoint region
[2019-12-09T02:52:59.358+0000][1][safepoint    ] Total time for which application threads were stopped: 0.0002189 seconds, Stopping threads took: 0.0001288 seconds
[2019-12-09T02:52:59.358+0000][1][safepoint    ] Application time: 0.0000764 seconds
[2019-12-09T02:52:59.358+0000][1][safepoint    ] Entering safepoint region: RevokeBias
[2019-12-09T02:52:59.358+0000][1][safepoint    ] Leaving safepoint region
[2019-12-09T02:52:59.358+0000][1][safepoint    ] Total time for which application threads were stopped: 0.0000580 seconds, Stopping threads took: 0.0000086 seconds
[2019-12-09T02:52:59.359+0000][1][safepoint    ] Application time: 0.0003052 seconds
[2019-12-09T02:52:59.359+0000][1][safepoint    ] Entering safepoint region: RevokeBias
[2019-12-09T02:52:59.359+0000][1][safepoint    ] Leaving safepoint region
[2019-12-09T02:52:59.359+0000][1][safepoint    ] Total time for which application threads were stopped: 0.0000863 seconds, Stopping threads took: 0.0000175 seconds
[2019-12-09T02:52:59.359+0000][1][safepoint    ] Application time: 0.0000693 seconds
[2019-12-09T02:52:59.359+0000][1][safepoint    ] Entering safepoint region: RevokeBias
[2019-12-09T02:52:59.359+0000][1][safepoint    ] Leaving safepoint region
[2019-12-09T02:52:59.359+0000][1][safepoint    ] Total time for which application threads were stopped: 0.0000586 seconds, Stopping threads took: 0.0000085 seconds
[2019-12-09T02:52:59.410+0000][1][safepoint    ] Application time: 0.0515257 seconds
[2019-12-09T02:52:59.446+0000][1][safepoint    ] Entering safepoint region: RevokeBias
[2019-12-09T02:52:59.446+0000][1][safepoint    ] Leaving safepoint region
[2019-12-09T02:52:59.446+0000][1][safepoint    ] Total time for which application threads were stopped: 0.0353540 seconds, Stopping threads took: 0.0352790 seconds
[2019-12-09T02:52:59.474+0000][1][safepoint    ] Application time: 0.0279345 seconds
[2019-12-09T02:52:59.476+0000][1][safepoint    ] Entering safepoint region: RevokeBias
[2019-12-09T02:52:59.476+0000][1][safepoint    ] Leaving safepoint region
[2019-12-09T02:52:59.476+0000][1][safepoint    ] Total time for which application threads were stopped: 0.0020388 seconds, Stopping threads took: 0.0019723 seconds
[2019-12-09T02:52:59.478+0000][1][safepoint    ] Application time: 0.0018795 seconds
[2019-12-09T02:52:59.486+0000][1][safepoint    ] Entering safepoint region: RevokeBias
[2019-12-09T02:52:59.486+0000][1][safepoint    ] Leaving safepoint region
[2019-12-09T02:52:59.486+0000][1][safepoint    ] Total time for which application threads were stopped: 0.0080576 seconds, Stopping threads took: 0.0079936 seconds
[2019-12-09T02:52:59.495+0000][1][safepoint    ] Application time: 0.0094469 seconds
[2019-12-09T02:52:59.495+0000][1][safepoint    ] Entering safepoint region: RevokeBias
[2019-12-09T02:52:59.495+0000][1][safepoint    ] Leaving safepoint region
[2019-12-09T02:52:59.495+0000][1][safepoint    ] Total time for which application threads were stopped: 0.0001249 seconds, Stopping threads took: 0.0000706 seconds
[2019-12-09T02:52:59.505+0000][1][safepoint    ] Application time: 0.0100202 seconds
[2019-12-09T02:52:59.506+0000][1][safepoint    ] Entering safepoint region: RevokeBias
[2019-12-09T02:52:59.506+0000][1][safepoint    ] Leaving safepoint region
[2019-12-09T02:52:59.506+0000][1][safepoint    ] Total time for which application threads were stopped: 0.0004046 seconds, Stopping threads took: 0.0003459 seconds
[2019-12-09T02:52:59.508+0000][1][safepoint    ] Application time: 0.0022602 seconds
[2019-12-09T02:52:59.508+0000][1][safepoint    ] Entering safepoint region: RevokeBias
[2019-12-09T02:52:59.508+0000][1][safepoint    ] Leaving safepoint region
[2019-12-09T02:52:59.508+0000][1][safepoint    ] Total time for which application threads were stopped: 0.0000606 seconds, Stopping threads took: 0.0000119 seconds
[2019-12-09T02:52:59.508+0000][1][safepoint    ] Application time: 0.0002416 seconds
[2019-12-09T02:52:59.508+0000][1][safepoint    ] Entering safepoint region: RevokeBias
[2019-12-09T02:52:59.509+0000][1][safepoint    ] Leaving safepoint region
[2019-12-09T02:52:59.509+0000][1][safepoint    ] Total time for which application threads were stopped: 0.0000573 seconds, Stopping threads took: 0.0000099 seconds
[2019-12-09T02:52:59.509+0000][1][safepoint    ] Application time: 0.0000579 seconds
[2019-12-09T02:52:59.509+0000][1][safepoint    ] Entering safepoint region: RevokeBias
[2019-12-09T02:52:59.509+0000][1][safepoint    ] Leaving safepoint region
[2019-12-09T02:52:59.509+0000][1][safepoint    ] Total time for which application threads were stopped: 0.0000464 seconds, Stopping threads took: 0.0000086 seconds
[2019-12-09T02:52:59.511+0000][1][safepoint    ] Application time: 0.0019457 seconds
[2019-12-09T02:52:59.534+0000][1][safepoint    ] Entering safepoint region: RevokeBias
[2019-12-09T02:52:59.534+0000][1][safepoint    ] Leaving safepoint region
[2019-12-09T02:52:59.534+0000][1][safepoint    ] Total time for which application threads were stopped: 0.0236715 seconds, Stopping threads took: 0.0235987 seconds
[2019-12-09T02:52:59.572+0000][1][safepoint    ] Application time: 0.0374420 seconds
[2019-12-09T02:52:59.572+0000][1][safepoint    ] Entering safepoint region: RevokeBias
[2019-12-09T02:52:59.572+0000][1][safepoint    ] Leaving safepoint region
[2019-12-09T02:52:59.572+0000][1][safepoint    ] Total time for which application threads were stopped: 0.0001332 seconds, Stopping threads took: 0.0000452 seconds
[2019-12-09T02:52:59.598+0000][1][safepoint    ] Application time: 0.0259724 seconds
[2019-12-09T02:52:59.598+0000][1][safepoint    ] Entering safepoint region: BulkRevokeBias
[2019-12-09T02:52:59.598+0000][1][safepoint    ] Leaving safepoint region
[2019-12-09T02:52:59.598+0000][1][safepoint    ] Total time for which application threads were stopped: 0.0003250 seconds, Stopping threads took: 0.0000570 seconds
[2019-12-09T02:52:59.598+0000][1][safepoint    ] Application time: 0.0001331 seconds
[2019-12-09T02:52:59.598+0000][1][safepoint    ] Entering safepoint region: RevokeBias
[2019-12-09T02:52:59.598+0000][1][safepoint    ] Leaving safepoint region
[2019-12-09T02:52:59.598+0000][1][safepoint    ] Total time for which application threads were stopped: 0.0000679 seconds, Stopping threads took: 0.0000221 seconds
[2019-12-09T02:52:59.599+0000][1][safepoint    ] Application time: 0.0006905 seconds
[2019-12-09T02:52:59.599+0000][1][safepoint    ] Entering safepoint region: RevokeBias
[2019-12-09T02:52:59.599+0000][1][safepoint    ] Leaving safepoint region
[2019-12-09T02:52:59.599+0000][1][safepoint    ] Total time for which application threads were stopped: 0.0000812 seconds, Stopping threads took: 0.0000126 seconds
[2019-12-09T02:52:59.600+0000][1][safepoint    ] Application time: 0.0006519 seconds
[2019-12-09T02:52:59.600+0000][1][safepoint    ] Entering safepoint region: RevokeBias
[2019-12-09T02:52:59.600+0000][1][safepoint    ] Leaving safepoint region
[2019-12-09T02:52:59.600+0000][1][safepoint    ] Total time for which application threads were stopped: 0.0001187 seconds, Stopping threads took: 0.0000120 seconds
[2019-12-09T02:52:59.600+0000][1][safepoint    ] Application time: 0.0001454 seconds
[2019-12-09T02:52:59.600+0000][1][safepoint    ] Entering safepoint region: RevokeBias
[2019-12-09T02:52:59.600+0000][1][safepoint    ] Leaving safepoint region
[2019-12-09T02:52:59.600+0000][1][safepoint    ] Total time for which application threads were stopped: 0.0000627 seconds, Stopping threads took: 0.0000094 seconds
[2019-12-09T02:52:59.608+0000][1][safepoint    ] Application time: 0.0079489 seconds
[2019-12-09T02:52:59.608+0000][1][safepoint    ] Entering safepoint region: RevokeBias
[2019-12-09T02:52:59.608+0000][1][safepoint    ] Leaving safepoint region
[2019-12-09T02:52:59.608+0000][1][safepoint    ] Total time for which application threads were stopped: 0.0000630 seconds, Stopping threads took: 0.0000128 seconds
[2019-12-09T02:52:59.611+0000][1][safepoint    ] Application time: 0.0023272 seconds
[2019-12-09T02:52:59.611+0000][1][safepoint    ] Entering safepoint region: RevokeBias
[2019-12-09T02:52:59.611+0000][1][safepoint    ] Leaving safepoint region
[2019-12-09T02:52:59.611+0000][1][safepoint    ] Total time for which application threads were stopped: 0.0000748 seconds, Stopping threads took: 0.0000135 seconds
[2019-12-09T02:52:59.612+0000][1][safepoint    ] Application time: 0.0012125 seconds
[2019-12-09T02:52:59.612+0000][1][safepoint    ] Entering safepoint region: RevokeBias
[2019-12-09T02:52:59.612+0000][1][safepoint    ] Leaving safepoint region
[2019-12-09T02:52:59.612+0000][1][safepoint    ] Total time for which application threads were stopped: 0.0000754 seconds, Stopping threads took: 0.0000130 seconds
[2019-12-09T02:52:59.613+0000][1][safepoint    ] Application time: 0.0005920 seconds
[2019-12-09T02:52:59.613+0000][1][safepoint    ] Entering safepoint region: RevokeBias
[2019-12-09T02:52:59.613+0000][1][safepoint    ] Leaving safepoint region
[2019-12-09T02:52:59.613+0000][1][safepoint    ] Total time for which application threads were stopped: 0.0000757 seconds, Stopping threads took: 0.0000128 seconds
[2019-12-09T02:52:59.613+0000][1][safepoint    ] Application time: 0.0005171 seconds
[2019-12-09T02:52:59.613+0000][1][safepoint    ] Entering safepoint region: RevokeBias
[2019-12-09T02:52:59.613+0000][1][safepoint    ] Leaving safepoint region
[2019-12-09T02:52:59.613+0000][1][safepoint    ] Total time for which application threads were stopped: 0.0000698 seconds, Stopping threads took: 0.0000129 seconds
[2019-12-09T02:52:59.615+0000][1][safepoint    ] Application time: 0.0014455 seconds
[2019-12-09T02:52:59.615+0000][1][safepoint    ] Entering safepoint region: RevokeBias
[2019-12-09T02:52:59.615+0000][1][safepoint    ] Leaving safepoint region
[2019-12-09T02:52:59.615+0000][1][safepoint    ] Total time for which application threads were stopped: 0.0000664 seconds, Stopping threads took: 0.0000127 seconds
[2019-12-09T02:52:59.912+0000][1][safepoint    ] Application time: 0.2968129 seconds
[2019-12-09T02:52:59.917+0000][1][safepoint    ] Entering safepoint region: RevokeBias
[2019-12-09T02:52:59.917+0000][1][safepoint    ] Leaving safepoint region
[2019-12-09T02:52:59.917+0000][1][safepoint    ] Total time for which application threads were stopped: 0.0052190 seconds, Stopping threads took: 0.0050347 seconds
[2019-12-09T02:52:59.919+0000][1][safepoint    ] Application time: 0.0020147 seconds
[2019-12-09T02:52:59.919+0000][1][safepoint    ] Entering safepoint region: RevokeBias
[2019-12-09T02:52:59.919+0000][1][safepoint    ] Leaving safepoint region
[2019-12-09T02:52:59.919+0000][1][safepoint    ] Total time for which application threads were stopped: 0.0001039 seconds, Stopping threads took: 0.0000240 seconds
[2019-12-09T02:52:59.946+0000][1][safepoint    ] Application time: 0.0272387 seconds
[2019-12-09T02:52:59.947+0000][1][safepoint    ] Entering safepoint region: RevokeBias
[2019-12-09T02:52:59.947+0000][1][safepoint    ] Leaving safepoint region
[2019-12-09T02:52:59.947+0000][1][safepoint    ] Total time for which application threads were stopped: 0.0001340 seconds, Stopping threads took: 0.0000735 seconds
[2019-12-09T02:52:59.956+0000][1][safepoint    ] Application time: 0.0094361 seconds
[2019-12-09T02:52:59.956+0000][1][safepoint    ] Entering safepoint region: RevokeBias
[2019-12-09T02:52:59.956+0000][1][safepoint    ] Leaving safepoint region
[2019-12-09T02:52:59.956+0000][1][safepoint    ] Total time for which application threads were stopped: 0.0001068 seconds, Stopping threads took: 0.0000144 seconds
[2019-12-09T02:52:59.957+0000][1][safepoint    ] Application time: 0.0007427 seconds
[2019-12-09T02:52:59.957+0000][1][safepoint    ] Entering safepoint region: RevokeBias
[2019-12-09T02:52:59.957+0000][1][safepoint    ] Leaving safepoint region
[2019-12-09T02:52:59.957+0000][1][safepoint    ] Total time for which application threads were stopped: 0.0000841 seconds, Stopping threads took: 0.0000130 seconds
[2019-12-09T02:52:59.957+0000][1][safepoint    ] Application time: 0.0003388 seconds
[2019-12-09T02:52:59.957+0000][1][safepoint    ] Entering safepoint region: RevokeBias
[2019-12-09T02:52:59.957+0000][1][safepoint    ] Leaving safepoint region
[2019-12-09T02:52:59.957+0000][1][safepoint    ] Total time for which application threads were stopped: 0.0000936 seconds, Stopping threads took: 0.0000127 seconds
[2019-12-09T02:52:59.964+0000][1][safepoint    ] Application time: 0.0066983 seconds
[2019-12-09T02:52:59.964+0000][1][safepoint    ] Entering safepoint region: RevokeBias
[2019-12-09T02:52:59.964+0000][1][safepoint    ] Leaving safepoint region
[2019-12-09T02:52:59.964+0000][1][safepoint    ] Total time for which application threads were stopped: 0.0001071 seconds, Stopping threads took: 0.0000130 seconds
[2019-12-09T02:52:59.965+0000][1][safepoint    ] Application time: 0.0005463 seconds
[2019-12-09T02:52:59.965+0000][1][safepoint    ] Entering safepoint region: RevokeBias
[2019-12-09T02:52:59.965+0000][1][safepoint    ] Leaving safepoint region
[2019-12-09T02:52:59.965+0000][1][safepoint    ] Total time for which application threads were stopped: 0.0000817 seconds, Stopping threads took: 0.0000120 seconds
[2019-12-09T02:52:59.972+0000][1][safepoint    ] Application time: 0.0072723 seconds
[2019-12-09T02:53:00.120+0000][1][safepoint    ] Entering safepoint region: RevokeBias
[2019-12-09T02:53:00.120+0000][1][safepoint    ] Leaving safepoint region
[2019-12-09T02:53:00.120+0000][1][safepoint    ] Total time for which application threads were stopped: 0.1475905 seconds, Stopping threads took: 0.1475106 seconds
[2019-12-09T02:53:00.121+0000][1][safepoint    ] Application time: 0.0010944 seconds
[2019-12-09T02:53:00.121+0000][1][safepoint    ] Entering safepoint region: RevokeBias
[2019-12-09T02:53:00.121+0000][1][safepoint    ] Leaving safepoint region
[2019-12-09T02:53:00.121+0000][1][safepoint    ] Total time for which application threads were stopped: 0.0000866 seconds, Stopping threads took: 0.0000162 seconds
[2019-12-09T02:53:00.121+0000][1][safepoint    ] Application time: 0.0001718 seconds
[2019-12-09T02:53:00.121+0000][1][safepoint    ] Entering safepoint region: RevokeBias
[2019-12-09T02:53:00.121+0000][1][safepoint    ] Leaving safepoint region
[2019-12-09T02:53:00.121+0000][1][safepoint    ] Total time for which application threads were stopped: 0.0000762 seconds, Stopping threads took: 0.0000186 seconds
[2019-12-09T02:53:00.122+0000][1][safepoint    ] Application time: 0.0002123 seconds
[2019-12-09T02:53:00.122+0000][1][safepoint    ] Entering safepoint region: RevokeBias
[2019-12-09T02:53:00.122+0000][1][safepoint    ] Leaving safepoint region
[2019-12-09T02:53:00.122+0000][1][safepoint    ] Total time for which application threads were stopped: 0.0000600 seconds, Stopping threads took: 0.0000110 seconds
[2019-12-09T02:53:00.122+0000][1][safepoint    ] Application time: 0.0003246 seconds
[2019-12-09T02:53:00.122+0000][1][safepoint    ] Entering safepoint region: RevokeBias
[2019-12-09T02:53:00.122+0000][1][safepoint    ] Leaving safepoint region
[2019-12-09T02:53:00.122+0000][1][safepoint    ] Total time for which application threads were stopped: 0.0000645 seconds, Stopping threads took: 0.0000121 seconds
[2019-12-09T02:53:00.122+0000][1][safepoint    ] Application time: 0.0002592 seconds
[2019-12-09T02:53:00.122+0000][1][safepoint    ] Entering safepoint region: RevokeBias
[2019-12-09T02:53:00.122+0000][1][safepoint    ] Leaving safepoint region
[2019-12-09T02:53:00.122+0000][1][safepoint    ] Total time for which application threads were stopped: 0.0000630 seconds, Stopping threads took: 0.0000111 seconds
[2019-12-09T02:53:00.123+0000][1][safepoint    ] Application time: 0.0001129 seconds
[2019-12-09T02:53:00.123+0000][1][safepoint    ] Entering safepoint region: RevokeBias
[2019-12-09T02:53:00.123+0000][1][safepoint    ] Leaving safepoint region
[2019-12-09T02:53:00.123+0000][1][safepoint    ] Total time for which application threads were stopped: 0.0000541 seconds, Stopping threads took: 0.0000096 seconds
[2019-12-09T02:53:00.123+0000][1][safepoint    ] Application time: 0.0001636 seconds
[2019-12-09T02:53:00.123+0000][1][safepoint    ] Entering safepoint region: RevokeBias
[2019-12-09T02:53:00.123+0000][1][safepoint    ] Leaving safepoint region
[2019-12-09T02:53:00.123+0000][1][safepoint    ] Total time for which application threads were stopped: 0.0001150 seconds, Stopping threads took: 0.0000430 seconds
[2019-12-09T02:53:00.123+0000][1][safepoint    ] Application time: 0.0004786 seconds
[2019-12-09T02:53:00.123+0000][1][safepoint    ] Entering safepoint region: RevokeBias
[2019-12-09T02:53:00.123+0000][1][safepoint    ] Leaving safepoint region
[2019-12-09T02:53:00.123+0000][1][safepoint    ] Total time for which application threads were stopped: 0.0000784 seconds, Stopping threads took: 0.0000114 seconds
[2019-12-09T02:53:00.124+0000][1][safepoint    ] Application time: 0.0001715 seconds
[2019-12-09T02:53:00.124+0000][1][safepoint    ] Entering safepoint region: RevokeBias
[2019-12-09T02:53:00.124+0000][1][safepoint    ] Leaving safepoint region
[2019-12-09T02:53:00.124+0000][1][safepoint    ] Total time for which application threads were stopped: 0.0000815 seconds, Stopping threads took: 0.0000116 seconds
[2019-12-09T02:53:00.124+0000][1][safepoint    ] Application time: 0.0001871 seconds
[2019-12-09T02:53:00.124+0000][1][safepoint    ] Entering safepoint region: RevokeBias
[2019-12-09T02:53:00.124+0000][1][safepoint    ] Leaving safepoint region
[2019-12-09T02:53:00.124+0000][1][safepoint    ] Total time for which application threads were stopped: 0.0000754 seconds, Stopping threads took: 0.0000107 seconds
[2019-12-09T02:53:00.124+0000][1][safepoint    ] Application time: 0.0002808 seconds
[2019-12-09T02:53:00.124+0000][1][safepoint    ] Entering safepoint region: RevokeBias
[2019-12-09T02:53:00.125+0000][1][safepoint    ] Leaving safepoint region
[2019-12-09T02:53:00.125+0000][1][safepoint    ] Total time for which application threads were stopped: 0.0003693 seconds, Stopping threads took: 0.0000113 seconds
[2019-12-09T02:53:00.125+0000][1][safepoint    ] Application time: 0.0005497 seconds
[2019-12-09T02:53:00.125+0000][1][safepoint    ] Entering safepoint region: RevokeBias
[2019-12-09T02:53:00.125+0000][1][safepoint    ] Leaving safepoint region
[2019-12-09T02:53:00.125+0000][1][safepoint    ] Total time for which application threads were stopped: 0.0000981 seconds, Stopping threads took: 0.0000169 seconds
[2019-12-09T02:53:00.126+0000][1][safepoint    ] Application time: 0.0003827 seconds
[2019-12-09T02:53:00.126+0000][1][safepoint    ] Entering safepoint region: RevokeBias
[2019-12-09T02:53:00.126+0000][1][safepoint    ] Leaving safepoint region
[2019-12-09T02:53:00.126+0000][1][safepoint    ] Total time for which application threads were stopped: 0.0001020 seconds, Stopping threads took: 0.0000242 seconds
[2019-12-09T02:53:00.136+0000][1][safepoint    ] Application time: 0.0103292 seconds
[2019-12-09T02:53:00.136+0000][1][safepoint    ] Entering safepoint region: RevokeBias
[2019-12-09T02:53:00.136+0000][1][safepoint    ] Leaving safepoint region
[2019-12-09T02:53:00.136+0000][1][safepoint    ] Total time for which application threads were stopped: 0.0000792 seconds, Stopping threads took: 0.0000137 seconds
[2019-12-09T02:53:00.136+0000][1][safepoint    ] Application time: 0.0000911 seconds
[2019-12-09T02:53:00.136+0000][1][safepoint    ] Entering safepoint region: RevokeBias
[2019-12-09T02:53:00.136+0000][1][safepoint    ] Leaving safepoint region
[2019-12-09T02:53:00.137+0000][1][safepoint    ] Total time for which application threads were stopped: 0.0000498 seconds, Stopping threads took: 0.0000099 seconds
[2019-12-09T02:53:00.137+0000][1][safepoint    ] Application time: 0.0001398 seconds
[2019-12-09T02:53:00.137+0000][1][safepoint    ] Entering safepoint region: BulkRevokeBias
[2019-12-09T02:53:00.137+0000][1][safepoint    ] Leaving safepoint region
[2019-12-09T02:53:00.137+0000][1][safepoint    ] Total time for which application threads were stopped: 0.0002432 seconds, Stopping threads took: 0.0000087 seconds
[2019-12-09T02:53:00.137+0000][1][safepoint    ] Application time: 0.0002596 seconds
[2019-12-09T02:53:00.137+0000][1][safepoint    ] Entering safepoint region: RevokeBias
[2019-12-09T02:53:00.137+0000][1][safepoint    ] Leaving safepoint region
[2019-12-09T02:53:00.137+0000][1][safepoint    ] Total time for which application threads were stopped: 0.0000692 seconds, Stopping threads took: 0.0000107 seconds
[2019-12-09T02:53:00.138+0000][1][safepoint    ] Application time: 0.0004519 seconds
[2019-12-09T02:53:00.138+0000][1][safepoint    ] Entering safepoint region: RevokeBias
[2019-12-09T02:53:00.138+0000][1][safepoint    ] Leaving safepoint region
[2019-12-09T02:53:00.138+0000][1][safepoint    ] Total time for which application threads were stopped: 0.0000705 seconds, Stopping threads took: 0.0000115 seconds
[2019-12-09T02:53:00.138+0000][1][safepoint    ] Application time: 0.0004231 seconds
[2019-12-09T02:53:00.138+0000][1][safepoint    ] Entering safepoint region: RevokeBias
[2019-12-09T02:53:00.138+0000][1][safepoint    ] Leaving safepoint region
[2019-12-09T02:53:00.138+0000][1][safepoint    ] Total time for which application threads were stopped: 0.0000576 seconds, Stopping threads took: 0.0000127 seconds
[2019-12-09T02:53:00.139+0000][1][safepoint    ] Application time: 0.0009080 seconds
[2019-12-09T02:53:00.139+0000][1][safepoint    ] Entering safepoint region: RevokeBias
[2019-12-09T02:53:00.139+0000][1][safepoint    ] Leaving safepoint region
[2019-12-09T02:53:00.139+0000][1][safepoint    ] Total time for which application threads were stopped: 0.0000551 seconds, Stopping threads took: 0.0000134 seconds
[2019-12-09T02:53:00.269+0000][1][safepoint    ] Application time: 0.1293170 seconds
[2019-12-09T02:53:00.283+0000][1][safepoint    ] Entering safepoint region: RevokeBias
[2019-12-09T02:53:00.283+0000][1][safepoint    ] Leaving safepoint region
[2019-12-09T02:53:00.283+0000][1][safepoint    ] Total time for which application threads were stopped: 0.0142030 seconds, Stopping threads took: 0.0140932 seconds
[2019-12-09T02:53:00.284+0000][1][safepoint    ] Application time: 0.0013514 seconds
[2019-12-09T02:53:00.290+0000][1][safepoint    ] Entering safepoint region: RevokeBias
[2019-12-09T02:53:00.290+0000][1][safepoint    ] Leaving safepoint region
[2019-12-09T02:53:00.290+0000][1][safepoint    ] Total time for which application threads were stopped: 0.0056165 seconds, Stopping threads took: 0.0055264 seconds
[2019-12-09T02:53:00.291+0000][1][safepoint    ] Application time: 0.0012842 seconds
[2019-12-09T02:53:00.291+0000][1][safepoint    ] Entering safepoint region: RevokeBias
[2019-12-09T02:53:00.291+0000][1][safepoint    ] Leaving safepoint region
[2019-12-09T02:53:00.291+0000][1][safepoint    ] Total time for which application threads were stopped: 0.0000708 seconds, Stopping threads took: 0.0000139 seconds
[2019-12-09T02:53:00.292+0000][1][safepoint    ] Application time: 0.0008014 seconds
[2019-12-09T02:53:00.292+0000][1][safepoint    ] Entering safepoint region: RevokeBias
[2019-12-09T02:53:00.292+0000][1][safepoint    ] Leaving safepoint region
[2019-12-09T02:53:00.292+0000][1][safepoint    ] Total time for which application threads were stopped: 0.0000725 seconds, Stopping threads took: 0.0000143 seconds
[2019-12-09T02:53:00.292+0000][1][safepoint    ] Application time: 0.0003174 seconds
[2019-12-09T02:53:00.292+0000][1][safepoint    ] Entering safepoint region: RevokeBias
[2019-12-09T02:53:00.293+0000][1][safepoint    ] Leaving safepoint region
[2019-12-09T02:53:00.293+0000][1][safepoint    ] Total time for which application threads were stopped: 0.0000660 seconds, Stopping threads took: 0.0000119 seconds
[2019-12-09T02:53:00.293+0000][1][safepoint    ] Application time: 0.0002871 seconds
[2019-12-09T02:53:00.293+0000][1][safepoint    ] Entering safepoint region: BulkRevokeBias
[2019-12-09T02:53:00.293+0000][1][safepoint    ] Leaving safepoint region
[2019-12-09T02:53:00.293+0000][1][safepoint    ] Total time for which application threads were stopped: 0.0003867 seconds, Stopping threads took: 0.0000126 seconds
[2019-12-09T02:53:00.323+0000][1][safepoint    ] Application time: 0.0295596 seconds
[2019-12-09T02:53:00.323+0000][1][safepoint    ] Entering safepoint region: RevokeBias
[2019-12-09T02:53:00.323+0000][1][safepoint    ] Leaving safepoint region
[2019-12-09T02:53:00.323+0000][1][safepoint    ] Total time for which application threads were stopped: 0.0000901 seconds, Stopping threads took: 0.0000162 seconds
[2019-12-09T02:53:00.323+0000][1][safepoint    ] Application time: 0.0002159 seconds
[2019-12-09T02:53:00.323+0000][1][safepoint    ] Entering safepoint region: RevokeBias
[2019-12-09T02:53:00.323+0000][1][safepoint    ] Leaving safepoint region
[2019-12-09T02:53:00.323+0000][1][safepoint    ] Total time for which application threads were stopped: 0.0000576 seconds, Stopping threads took: 0.0000098 seconds
[2019-12-09T02:53:00.324+0000][1][safepoint    ] Application time: 0.0007660 seconds
[2019-12-09T02:53:00.324+0000][1][safepoint    ] Entering safepoint region: RevokeBias
[2019-12-09T02:53:00.324+0000][1][safepoint    ] Leaving safepoint region
[2019-12-09T02:53:00.324+0000][1][safepoint    ] Total time for which application threads were stopped: 0.0000554 seconds, Stopping threads took: 0.0000111 seconds
[2019-12-09T02:53:00.327+0000][1][safepoint    ] Application time: 0.0027914 seconds
[2019-12-09T02:53:00.327+0000][1][safepoint    ] Entering safepoint region: RevokeBias
[2019-12-09T02:53:00.327+0000][1][safepoint    ] Leaving safepoint region
[2019-12-09T02:53:00.327+0000][1][safepoint    ] Total time for which application threads were stopped: 0.0000620 seconds, Stopping threads took: 0.0000138 seconds
[2019-12-09T02:53:00.373+0000][1][safepoint    ] Application time: 0.0462429 seconds
[2019-12-09T02:53:00.373+0000][1][safepoint    ] Entering safepoint region: RevokeBias
[2019-12-09T02:53:00.373+0000][1][safepoint    ] Leaving safepoint region
[2019-12-09T02:53:00.373+0000][1][safepoint    ] Total time for which application threads were stopped: 0.0001112 seconds, Stopping threads took: 0.0000484 seconds
[2019-12-09T02:53:00.377+0000][1][safepoint    ] Application time: 0.0035344 seconds
[2019-12-09T02:53:00.377+0000][1][safepoint    ] Entering safepoint region: RevokeBias
[2019-12-09T02:53:00.377+0000][1][safepoint    ] Leaving safepoint region
[2019-12-09T02:53:00.377+0000][1][safepoint    ] Total time for which application threads were stopped: 0.0000722 seconds, Stopping threads took: 0.0000204 seconds
[2019-12-09T02:53:00.381+0000][1][safepoint    ] Application time: 0.0038137 seconds
[2019-12-09T02:53:00.381+0000][1][safepoint    ] Entering safepoint region: RevokeBias
[2019-12-09T02:53:00.381+0000][1][safepoint    ] Leaving safepoint region
[2019-12-09T02:53:00.381+0000][1][safepoint    ] Total time for which application threads were stopped: 0.0000607 seconds, Stopping threads took: 0.0000130 seconds
[2019-12-09T02:53:00.410+0000][1][safepoint    ] Application time: 0.0295447 seconds
[2019-12-09T02:53:00.410+0000][1][safepoint    ] Entering safepoint region: RevokeBias
[2019-12-09T02:53:00.411+0000][1][safepoint    ] Leaving safepoint region
[2019-12-09T02:53:00.411+0000][1][safepoint    ] Total time for which application threads were stopped: 0.0000822 seconds, Stopping threads took: 0.0000175 seconds
[2019-12-09T02:53:00.411+0000][1][safepoint    ] Application time: 0.0003124 seconds
[2019-12-09T02:53:00.411+0000][1][safepoint    ] Entering safepoint region: RevokeBias
[2019-12-09T02:53:00.411+0000][1][safepoint    ] Leaving safepoint region
[2019-12-09T02:53:00.411+0000][1][safepoint    ] Total time for which application threads were stopped: 0.0000559 seconds, Stopping threads took: 0.0000133 seconds
[2019-12-09T02:53:00.411+0000][1][safepoint    ] Application time: 0.0001124 seconds
[2019-12-09T02:53:00.411+0000][1][safepoint    ] Entering safepoint region: RevokeBias
[2019-12-09T02:53:00.411+0000][1][safepoint    ] Leaving safepoint region
[2019-12-09T02:53:00.411+0000][1][safepoint    ] Total time for which application threads were stopped: 0.0000465 seconds, Stopping threads took: 0.0000104 seconds
[2019-12-09T02:53:00.412+0000][1][safepoint    ] Application time: 0.0003628 seconds
[2019-12-09T02:53:00.412+0000][1][safepoint    ] Entering safepoint region: RevokeBias
[2019-12-09T02:53:00.412+0000][1][safepoint    ] Leaving safepoint region
[2019-12-09T02:53:00.412+0000][1][safepoint    ] Total time for which application threads were stopped: 0.0000569 seconds, Stopping threads took: 0.0000211 seconds
[2019-12-09T02:53:00.419+0000][1][safepoint    ] Application time: 0.0074809 seconds
[2019-12-09T02:53:00.419+0000][1][safepoint    ] Entering safepoint region: RevokeBias
[2019-12-09T02:53:00.419+0000][1][safepoint    ] Leaving safepoint region
[2019-12-09T02:53:00.419+0000][1][safepoint    ] Total time for which application threads were stopped: 0.0000563 seconds, Stopping threads took: 0.0000132 seconds
[2019-12-09T02:53:00.419+0000][1][safepoint    ] Application time: 0.0002450 seconds
[2019-12-09T02:53:00.419+0000][1][safepoint    ] Entering safepoint region: RevokeBias
[2019-12-09T02:53:00.419+0000][1][safepoint    ] Leaving safepoint region
[2019-12-09T02:53:00.419+0000][1][safepoint    ] Total time for which application threads were stopped: 0.0000502 seconds, Stopping threads took: 0.0000110 seconds
[2019-12-09T02:53:00.435+0000][1][safepoint    ] Application time: 0.0158610 seconds
[2019-12-09T02:53:00.435+0000][1][safepoint    ] Entering safepoint region: RevokeBias
[2019-12-09T02:53:00.435+0000][1][safepoint    ] Leaving safepoint region
[2019-12-09T02:53:00.435+0000][1][safepoint    ] Total time for which application threads were stopped: 0.0000573 seconds, Stopping threads took: 0.0000138 seconds
[2019-12-09T02:53:00.436+0000][1][safepoint    ] Application time: 0.0002631 seconds
[2019-12-09T02:53:00.436+0000][1][safepoint    ] Entering safepoint region: RevokeBias
[2019-12-09T02:53:00.436+0000][1][safepoint    ] Leaving safepoint region
[2019-12-09T02:53:00.436+0000][1][safepoint    ] Total time for which application threads were stopped: 0.0000518 seconds, Stopping threads took: 0.0000114 seconds
[2019-12-09T02:53:00.440+0000][1][safepoint    ] Application time: 0.0043091 seconds
[2019-12-09T02:53:00.440+0000][1][safepoint    ] Entering safepoint region: RevokeBias
[2019-12-09T02:53:00.440+0000][1][safepoint    ] Leaving safepoint region
[2019-12-09T02:53:00.440+0000][1][safepoint    ] Total time for which application threads were stopped: 0.0000610 seconds, Stopping threads took: 0.0000191 seconds
[2019-12-09T02:53:00.440+0000][1][safepoint    ] Application time: 0.0002514 seconds
[2019-12-09T02:53:00.440+0000][1][safepoint    ] Entering safepoint region: RevokeBias
[2019-12-09T02:53:00.440+0000][1][safepoint    ] Leaving safepoint region
[2019-12-09T02:53:00.440+0000][1][safepoint    ] Total time for which application threads were stopped: 0.0000526 seconds, Stopping threads took: 0.0000118 seconds
[2019-12-09T02:53:00.443+0000][1][safepoint    ] Application time: 0.0023523 seconds
[2019-12-09T02:53:00.443+0000][1][safepoint    ] Entering safepoint region: RevokeBias
[2019-12-09T02:53:00.443+0000][1][safepoint    ] Leaving safepoint region
[2019-12-09T02:53:00.443+0000][1][safepoint    ] Total time for which application threads were stopped: 0.0000501 seconds, Stopping threads took: 0.0000119 seconds
[2019-12-09T02:53:00.443+0000][1][safepoint    ] Application time: 0.0001457 seconds
[2019-12-09T02:53:00.443+0000][1][safepoint    ] Entering safepoint region: RevokeBias
[2019-12-09T02:53:00.443+0000][1][safepoint    ] Leaving safepoint region
[2019-12-09T02:53:00.443+0000][1][safepoint    ] Total time for which application threads were stopped: 0.0000405 seconds, Stopping threads took: 0.0000089 seconds
[2019-12-09T02:53:00.443+0000][1][safepoint    ] Application time: 0.0001921 seconds
[2019-12-09T02:53:00.443+0000][1][safepoint    ] Entering safepoint region: RevokeBias
[2019-12-09T02:53:00.443+0000][1][safepoint    ] Leaving safepoint region
[2019-12-09T02:53:00.443+0000][1][safepoint    ] Total time for which application threads were stopped: 0.0000406 seconds, Stopping threads took: 0.0000089 seconds
[2019-12-09T02:53:00.443+0000][1][safepoint    ] Application time: 0.0000930 seconds
[2019-12-09T02:53:00.443+0000][1][safepoint    ] Entering safepoint region: RevokeBias
[2019-12-09T02:53:00.444+0000][1][safepoint    ] Leaving safepoint region
[2019-12-09T02:53:00.444+0000][1][safepoint    ] Total time for which application threads were stopped: 0.0000370 seconds, Stopping threads took: 0.0000083 seconds
[2019-12-09T02:53:00.444+0000][1][safepoint    ] Application time: 0.0001814 seconds
[2019-12-09T02:53:00.444+0000][1][safepoint    ] Entering safepoint region: RevokeBias
[2019-12-09T02:53:00.444+0000][1][safepoint    ] Leaving safepoint region
[2019-12-09T02:53:00.444+0000][1][safepoint    ] Total time for which application threads were stopped: 0.0000661 seconds, Stopping threads took: 0.0000322 seconds
[2019-12-09T02:53:00.466+0000][1][safepoint    ] Application time: 0.0223097 seconds
[2019-12-09T02:53:00.466+0000][1][safepoint    ] Entering safepoint region: RevokeBias
[2019-12-09T02:53:00.466+0000][1][safepoint    ] Leaving safepoint region
[2019-12-09T02:53:00.466+0000][1][safepoint    ] Total time for which application threads were stopped: 0.0000596 seconds, Stopping threads took: 0.0000142 seconds
[2019-12-09T02:53:00.466+0000][1][safepoint    ] Application time: 0.0002580 seconds
[2019-12-09T02:53:00.466+0000][1][safepoint    ] Entering safepoint region: BulkRevokeBias
[2019-12-09T02:53:00.467+0000][1][safepoint    ] Leaving safepoint region
[2019-12-09T02:53:00.467+0000][1][safepoint    ] Total time for which application threads were stopped: 0.0002602 seconds, Stopping threads took: 0.0000113 seconds
[2019-12-09T02:53:00.550+0000][1][safepoint    ] Application time: 0.0828526 seconds
[2019-12-09T02:53:00.550+0000][1][safepoint    ] Entering safepoint region: RevokeBias
[2019-12-09T02:53:00.550+0000][1][safepoint    ] Leaving safepoint region
[2019-12-09T02:53:00.550+0000][1][safepoint    ] Total time for which application threads were stopped: 0.0001246 seconds, Stopping threads took: 0.0000192 seconds
[2019-12-09T02:53:00.550+0000][1][safepoint    ] Application time: 0.0000664 seconds
[2019-12-09T02:53:00.550+0000][1][safepoint    ] Entering safepoint region: RevokeBias
[2019-12-09T02:53:00.550+0000][1][safepoint    ] Leaving safepoint region
[2019-12-09T02:53:00.550+0000][1][safepoint    ] Total time for which application threads were stopped: 0.0000607 seconds, Stopping threads took: 0.0000152 seconds
[2019-12-09T02:53:00.829+0000][1][safepoint    ] Application time: 0.2786797 seconds
[2019-12-09T02:53:00.855+0000][1][safepoint    ] Entering safepoint region: RevokeBias
[2019-12-09T02:53:00.855+0000][1][safepoint    ] Leaving safepoint region
[2019-12-09T02:53:00.855+0000][1][safepoint    ] Total time for which application threads were stopped: 0.0264102 seconds, Stopping threads took: 0.0263009 seconds
[2019-12-09T02:53:00.856+0000][1][safepoint    ] Application time: 0.0009000 seconds
[2019-12-09T02:53:00.856+0000][1][safepoint    ] Entering safepoint region: RevokeBias
[2019-12-09T02:53:00.856+0000][1][safepoint    ] Leaving safepoint region
[2019-12-09T02:53:00.856+0000][1][safepoint    ] Total time for which application threads were stopped: 0.0000962 seconds, Stopping threads took: 0.0000178 seconds
[2019-12-09T02:53:00.863+0000][1][safepoint    ] Application time: 0.0066920 seconds
[2019-12-09T02:53:00.863+0000][1][safepoint    ] Entering safepoint region: RevokeBias
[2019-12-09T02:53:00.863+0000][1][safepoint    ] Leaving safepoint region
[2019-12-09T02:53:00.863+0000][1][safepoint    ] Total time for which application threads were stopped: 0.0001085 seconds, Stopping threads took: 0.0000519 seconds
[2019-12-09T02:53:00.865+0000][1][safepoint    ] Application time: 0.0024227 seconds
[2019-12-09T02:53:00.866+0000][1][safepoint    ] Entering safepoint region: RevokeBias
[2019-12-09T02:53:00.866+0000][1][safepoint    ] Leaving safepoint region
[2019-12-09T02:53:00.866+0000][1][safepoint    ] Total time for which application threads were stopped: 0.0005162 seconds, Stopping threads took: 0.0003952 seconds
[2019-12-09T02:53:00.867+0000][1][safepoint    ] Application time: 0.0013706 seconds
[2019-12-09T02:53:00.867+0000][1][safepoint    ] Entering safepoint region: RevokeBias
[2019-12-09T02:53:00.867+0000][1][safepoint    ] Leaving safepoint region
[2019-12-09T02:53:00.867+0000][1][safepoint    ] Total time for which application threads were stopped: 0.0001668 seconds, Stopping threads took: 0.0000127 seconds
[2019-12-09T02:53:00.868+0000][1][safepoint    ] Application time: 0.0010114 seconds
[2019-12-09T02:53:00.868+0000][1][safepoint    ] Entering safepoint region: RevokeBias
[2019-12-09T02:53:00.869+0000][1][safepoint    ] Leaving safepoint region
[2019-12-09T02:53:00.869+0000][1][safepoint    ] Total time for which application threads were stopped: 0.0001717 seconds, Stopping threads took: 0.0000128 seconds
[2019-12-09T02:53:00.869+0000][1][safepoint    ] Application time: 0.0007121 seconds
[2019-12-09T02:53:00.869+0000][1][safepoint    ] Entering safepoint region: RevokeBias
[2019-12-09T02:53:00.870+0000][1][safepoint    ] Leaving safepoint region
[2019-12-09T02:53:00.870+0000][1][safepoint    ] Total time for which application threads were stopped: 0.0001670 seconds, Stopping threads took: 0.0000132 seconds
[2019-12-09T02:53:00.874+0000][1][safepoint    ] Application time: 0.0046583 seconds
[2019-12-09T02:53:00.874+0000][1][safepoint    ] Entering safepoint region: RevokeBias
[2019-12-09T02:53:00.874+0000][1][safepoint    ] Leaving safepoint region
[2019-12-09T02:53:00.874+0000][1][safepoint    ] Total time for which application threads were stopped: 0.0001007 seconds, Stopping threads took: 0.0000128 seconds
[2019-12-09T02:53:00.877+0000][1][safepoint    ] Application time: 0.0029180 seconds
[2019-12-09T02:53:00.877+0000][1][safepoint    ] Entering safepoint region: RevokeBias
[2019-12-09T02:53:00.877+0000][1][safepoint    ] Leaving safepoint region
[2019-12-09T02:53:00.877+0000][1][safepoint    ] Total time for which application threads were stopped: 0.0001585 seconds, Stopping threads took: 0.0000696 seconds
[2019-12-09T02:53:00.878+0000][1][safepoint    ] Application time: 0.0002824 seconds
[2019-12-09T02:53:00.878+0000][1][safepoint    ] Entering safepoint region: RevokeBias
[2019-12-09T02:53:00.878+0000][1][safepoint    ] Leaving safepoint region
[2019-12-09T02:53:00.878+0000][1][safepoint    ] Total time for which application threads were stopped: 0.0001036 seconds, Stopping threads took: 0.0000183 seconds
[2019-12-09T02:53:00.878+0000][1][safepoint    ] Application time: 0.0003584 seconds
[2019-12-09T02:53:00.878+0000][1][safepoint    ] Entering safepoint region: RevokeBias
[2019-12-09T02:53:00.878+0000][1][safepoint    ] Leaving safepoint region
[2019-12-09T02:53:00.878+0000][1][safepoint    ] Total time for which application threads were stopped: 0.0000963 seconds, Stopping threads took: 0.0000120 seconds
[2019-12-09T02:53:00.879+0000][1][safepoint    ] Application time: 0.0002162 seconds
[2019-12-09T02:53:00.879+0000][1][safepoint    ] Entering safepoint region: RevokeBias
[2019-12-09T02:53:00.879+0000][1][safepoint    ] Leaving safepoint region
[2019-12-09T02:53:00.879+0000][1][safepoint    ] Total time for which application threads were stopped: 0.0001180 seconds, Stopping threads took: 0.0000121 seconds
[2019-12-09T02:53:00.886+0000][1][safepoint    ] Application time: 0.0068710 seconds
[2019-12-09T02:53:00.918+0000][1][safepoint    ] Entering safepoint region: BulkRevokeBias
[2019-12-09T02:53:00.918+0000][1][safepoint    ] Leaving safepoint region
[2019-12-09T02:53:00.918+0000][1][safepoint    ] Total time for which application threads were stopped: 0.0326170 seconds, Stopping threads took: 0.0322257 seconds
[2019-12-09T02:53:00.933+0000][1][safepoint    ] Application time: 0.0151309 seconds
[2019-12-09T02:53:00.959+0000][1][safepoint    ] Entering safepoint region: RevokeBias
[2019-12-09T02:53:00.959+0000][1][safepoint    ] Leaving safepoint region
[2019-12-09T02:53:00.959+0000][1][safepoint    ] Total time for which application threads were stopped: 0.0260564 seconds, Stopping threads took: 0.0259684 seconds
[2019-12-09T02:53:00.960+0000][1][safepoint    ] Application time: 0.0001818 seconds
[2019-12-09T02:53:00.960+0000][1][safepoint    ] Entering safepoint region: RevokeBias
[2019-12-09T02:53:00.960+0000][1][safepoint    ] Leaving safepoint region
[2019-12-09T02:53:00.960+0000][1][safepoint    ] Total time for which application threads were stopped: 0.0000871 seconds, Stopping threads took: 0.0000094 seconds
[2019-12-09T02:53:00.960+0000][1][safepoint    ] Application time: 0.0001133 seconds
[2019-12-09T02:53:00.960+0000][1][safepoint    ] Entering safepoint region: RevokeBias
[2019-12-09T02:53:00.960+0000][1][safepoint    ] Leaving safepoint region
[2019-12-09T02:53:00.960+0000][1][safepoint    ] Total time for which application threads were stopped: 0.0000701 seconds, Stopping threads took: 0.0000092 seconds
[2019-12-09T02:53:00.962+0000][1][safepoint    ] Application time: 0.0020496 seconds
[2019-12-09T02:53:00.962+0000][1][safepoint    ] Entering safepoint region: BulkRevokeBias
[2019-12-09T02:53:00.963+0000][1][safepoint    ] Leaving safepoint region
[2019-12-09T02:53:00.963+0000][1][safepoint    ] Total time for which application threads were stopped: 0.0005063 seconds, Stopping threads took: 0.0000125 seconds
[2019-12-09T02:53:00.966+0000][1][safepoint    ] Application time: 0.0037998 seconds
[2019-12-09T02:53:00.966+0000][1][safepoint    ] Entering safepoint region: RevokeBias
[2019-12-09T02:53:00.966+0000][1][safepoint    ] Leaving safepoint region
[2019-12-09T02:53:00.966+0000][1][safepoint    ] Total time for which application threads were stopped: 0.0000843 seconds, Stopping threads took: 0.0000132 seconds
[2019-12-09T02:53:00.971+0000][1][safepoint    ] Application time: 0.0048496 seconds
[2019-12-09T02:53:00.971+0000][1][safepoint    ] Entering safepoint region: RevokeBias
[2019-12-09T02:53:00.971+0000][1][safepoint    ] Leaving safepoint region
[2019-12-09T02:53:00.971+0000][1][safepoint    ] Total time for which application threads were stopped: 0.0001044 seconds, Stopping threads took: 0.0000128 seconds
[2019-12-09T02:53:00.972+0000][1][safepoint    ] Application time: 0.0007930 seconds
[2019-12-09T02:53:00.986+0000][1][safepoint    ] Entering safepoint region: RevokeBias
[2019-12-09T02:53:00.986+0000][1][safepoint    ] Leaving safepoint region
[2019-12-09T02:53:00.986+0000][1][safepoint    ] Total time for which application threads were stopped: 0.0138499 seconds, Stopping threads took: 0.0137426 seconds
[2019-12-09T02:53:00.992+0000][1][safepoint    ] Application time: 0.0057887 seconds
[2019-12-09T02:53:00.992+0000][1][safepoint    ] Entering safepoint region: RevokeBias
[2019-12-09T02:53:00.992+0000][1][safepoint    ] Leaving safepoint region
[2019-12-09T02:53:00.992+0000][1][safepoint    ] Total time for which application threads were stopped: 0.0000919 seconds, Stopping threads took: 0.0000139 seconds
[2019-12-09T02:53:00.994+0000][1][safepoint    ] Application time: 0.0023682 seconds
[2019-12-09T02:53:00.994+0000][1][safepoint    ] Entering safepoint region: RevokeBias
[2019-12-09T02:53:00.995+0000][1][safepoint    ] Leaving safepoint region
[2019-12-09T02:53:00.995+0000][1][safepoint    ] Total time for which application threads were stopped: 0.0003966 seconds, Stopping threads took: 0.0000134 seconds
[2019-12-09T02:53:01.065+0000][1][safepoint    ] Application time: 0.0704091 seconds
[2019-12-09T02:53:01.101+0000][1][safepoint    ] Entering safepoint region: RevokeBias
[2019-12-09T02:53:01.102+0000][1][safepoint    ] Leaving safepoint region
[2019-12-09T02:53:01.102+0000][1][safepoint    ] Total time for which application threads were stopped: 0.0363455 seconds, Stopping threads took: 0.0362552 seconds
[2019-12-09T02:53:01.113+0000][1][safepoint    ] Application time: 0.0117547 seconds
[2019-12-09T02:53:01.299+0000][1][safepoint    ] Entering safepoint region: RevokeBias
[2019-12-09T02:53:01.299+0000][1][safepoint    ] Leaving safepoint region
[2019-12-09T02:53:01.299+0000][1][safepoint    ] Total time for which application threads were stopped: 0.1854610 seconds, Stopping threads took: 0.1853540 seconds
[2019-12-09T02:53:01.318+0000][1][safepoint    ] Application time: 0.0188616 seconds
[2019-12-09T02:53:01.371+0000][1][safepoint    ] Entering safepoint region: RevokeBias
[2019-12-09T02:53:01.372+0000][1][safepoint    ] Leaving safepoint region
[2019-12-09T02:53:01.372+0000][1][safepoint    ] Total time for which application threads were stopped: 0.0538181 seconds, Stopping threads took: 0.0537145 seconds
[2019-12-09T02:53:01.456+0000][1][safepoint    ] Application time: 0.0845159 seconds
[2019-12-09T02:53:01.456+0000][1][safepoint    ] Entering safepoint region: RevokeBias
[2019-12-09T02:53:01.456+0000][1][safepoint    ] Leaving safepoint region
[2019-12-09T02:53:01.456+0000][1][safepoint    ] Total time for which application threads were stopped: 0.0002560 seconds, Stopping threads took: 0.0001580 seconds
[2019-12-09T02:53:01.456+0000][1][safepoint    ] Application time: 0.0000543 seconds
[2019-12-09T02:53:01.456+0000][1][safepoint    ] Entering safepoint region: RevokeBias
[2019-12-09T02:53:01.457+0000][1][safepoint    ] Leaving safepoint region
[2019-12-09T02:53:01.457+0000][1][safepoint    ] Total time for which application threads were stopped: 0.0000539 seconds, Stopping threads took: 0.0000092 seconds
[2019-12-09T02:53:01.457+0000][1][safepoint    ] Application time: 0.0000412 seconds
[2019-12-09T02:53:01.457+0000][1][safepoint    ] Entering safepoint region: RevokeBias
[2019-12-09T02:53:01.457+0000][1][safepoint    ] Leaving safepoint region
[2019-12-09T02:53:01.457+0000][1][safepoint    ] Total time for which application threads were stopped: 0.0000452 seconds, Stopping threads took: 0.0000079 seconds
[2019-12-09T02:53:01.458+0000][1][safepoint    ] Application time: 0.0010832 seconds
[2019-12-09T02:53:01.458+0000][1][safepoint    ] Entering safepoint region: RevokeBias
[2019-12-09T02:53:01.458+0000][1][safepoint    ] Leaving safepoint region
[2019-12-09T02:53:01.458+0000][1][safepoint    ] Total time for which application threads were stopped: 0.0000859 seconds, Stopping threads took: 0.0000155 seconds
[2019-12-09T02:53:01.458+0000][1][safepoint    ] Application time: 0.0001261 seconds
[2019-12-09T02:53:01.458+0000][1][safepoint    ] Entering safepoint region: RevokeBias
[2019-12-09T02:53:01.458+0000][1][safepoint    ] Leaving safepoint region
[2019-12-09T02:53:01.458+0000][1][safepoint    ] Total time for which application threads were stopped: 0.0000618 seconds, Stopping threads took: 0.0000107 seconds
[2019-12-09T02:53:01.458+0000][1][safepoint    ] Application time: 0.0000398 seconds
[2019-12-09T02:53:01.458+0000][1][safepoint    ] Entering safepoint region: RevokeBias
[2019-12-09T02:53:01.458+0000][1][safepoint    ] Leaving safepoint region
[2019-12-09T02:53:01.458+0000][1][safepoint    ] Total time for which application threads were stopped: 0.0000469 seconds, Stopping threads took: 0.0000090 seconds
[2019-12-09T02:53:01.763+0000][1][safepoint    ] Application time: 0.3051163 seconds
[2019-12-09T02:53:01.825+0000][1][safepoint    ] Entering safepoint region: RevokeBias
[2019-12-09T02:53:01.825+0000][1][safepoint    ] Leaving safepoint region
[2019-12-09T02:53:01.825+0000][1][safepoint    ] Total time for which application threads were stopped: 0.0616784 seconds, Stopping threads took: 0.0615802 seconds
[2019-12-09T02:53:01.825+0000][1][safepoint    ] Application time: 0.0000883 seconds
[2019-12-09T02:53:01.825+0000][1][safepoint    ] Entering safepoint region: RevokeBias
[2019-12-09T02:53:01.825+0000][1][safepoint    ] Leaving safepoint region
[2019-12-09T02:53:01.825+0000][1][safepoint    ] Total time for which application threads were stopped: 0.0000609 seconds, Stopping threads took: 0.0000110 seconds
[2019-12-09T02:53:01.827+0000][1][safepoint    ] Application time: 0.0019936 seconds
[2019-12-09T02:53:01.827+0000][1][safepoint    ] Entering safepoint region: RevokeBias
[2019-12-09T02:53:01.827+0000][1][safepoint    ] Leaving safepoint region
[2019-12-09T02:53:01.827+0000][1][safepoint    ] Total time for which application threads were stopped: 0.0001313 seconds, Stopping threads took: 0.0000620 seconds
[2019-12-09T02:53:01.963+0000][1][safepoint    ] Application time: 0.1356540 seconds
[2019-12-09T02:53:01.963+0000][1][safepoint    ] Entering safepoint region: RevokeBias
[2019-12-09T02:53:01.963+0000][1][safepoint    ] Leaving safepoint region
[2019-12-09T02:53:01.963+0000][1][safepoint    ] Total time for which application threads were stopped: 0.0002002 seconds, Stopping threads took: 0.0001368 seconds
[2019-12-09T02:53:01.986+0000][1][safepoint    ] Application time: 0.0227786 seconds
[2019-12-09T02:53:01.986+0000][1][safepoint    ] Entering safepoint region: RevokeBias
[2019-12-09T02:53:01.986+0000][1][safepoint    ] Leaving safepoint region
[2019-12-09T02:53:01.986+0000][1][safepoint    ] Total time for which application threads were stopped: 0.0001506 seconds, Stopping threads took: 0.0000699 seconds
[2019-12-09T02:53:01.987+0000][1][safepoint    ] Application time: 0.0006579 seconds
[2019-12-09T02:53:01.987+0000][1][safepoint    ] Entering safepoint region: RevokeBias
[2019-12-09T02:53:01.987+0000][1][safepoint    ] Leaving safepoint region
[2019-12-09T02:53:01.987+0000][1][safepoint    ] Total time for which application threads were stopped: 0.0000716 seconds, Stopping threads took: 0.0000152 seconds
[2019-12-09T02:53:01.987+0000][1][safepoint    ] Application time: 0.0000458 seconds
[2019-12-09T02:53:01.987+0000][1][safepoint    ] Entering safepoint region: RevokeBias
[2019-12-09T02:53:01.987+0000][1][safepoint    ] Leaving safepoint region
[2019-12-09T02:53:01.987+0000][1][safepoint    ] Total time for which application threads were stopped: 0.0000400 seconds, Stopping threads took: 0.0000084 seconds
[2019-12-09T02:53:01.987+0000][1][safepoint    ] Application time: 0.0001644 seconds
[2019-12-09T02:53:01.987+0000][1][safepoint    ] Entering safepoint region: RevokeBias
[2019-12-09T02:53:01.987+0000][1][safepoint    ] Leaving safepoint region
[2019-12-09T02:53:01.987+0000][1][safepoint    ] Total time for which application threads were stopped: 0.0000497 seconds, Stopping threads took: 0.0000098 seconds
[2019-12-09T02:53:01.999+0000][1][safepoint    ] Application time: 0.0114251 seconds
[2019-12-09T02:53:01.999+0000][1][safepoint    ] Entering safepoint region: RevokeBias
[2019-12-09T02:53:01.999+0000][1][safepoint    ] Leaving safepoint region
[2019-12-09T02:53:01.999+0000][1][safepoint    ] Total time for which application threads were stopped: 0.0001224 seconds, Stopping threads took: 0.0000551 seconds
[2019-12-09T02:53:01.999+0000][1][safepoint    ] Application time: 0.0003514 seconds
[2019-12-09T02:53:01.999+0000][1][safepoint    ] Entering safepoint region: RevokeBias
[2019-12-09T02:53:01.999+0000][1][safepoint    ] Leaving safepoint region
[2019-12-09T02:53:01.999+0000][1][safepoint    ] Total time for which application threads were stopped: 0.0000637 seconds, Stopping threads took: 0.0000148 seconds
[2019-12-09T02:53:02.038+0000][1][safepoint    ] Application time: 0.0381819 seconds
[2019-12-09T02:53:02.038+0000][1][safepoint    ] Entering safepoint region: RevokeBias
[2019-12-09T02:53:02.038+0000][1][safepoint    ] Leaving safepoint region
[2019-12-09T02:53:02.038+0000][1][safepoint    ] Total time for which application threads were stopped: 0.0001021 seconds, Stopping threads took: 0.0000193 seconds
[2019-12-09T02:53:02.038+0000][1][safepoint    ] Application time: 0.0000874 seconds
[2019-12-09T02:53:02.038+0000][1][safepoint    ] Entering safepoint region: RevokeBias
[2019-12-09T02:53:02.038+0000][1][safepoint    ] Leaving safepoint region
[2019-12-09T02:53:02.038+0000][1][safepoint    ] Total time for which application threads were stopped: 0.0000591 seconds, Stopping threads took: 0.0000096 seconds
[2019-12-09T02:53:02.257+0000][1][safepoint    ] Application time: 0.2190589 seconds
[2019-12-09T02:53:02.257+0000][1][safepoint    ] Entering safepoint region: CollectForMetadataAllocation
[2019-12-09T02:53:02.257+0000][1][safepoint    ] Leaving safepoint region
[2019-12-09T02:53:02.257+0000][1][safepoint    ] Total time for which application threads were stopped: 0.0001986 seconds, Stopping threads took: 0.0000197 seconds
[2019-12-09T02:53:02.351+0000][1][safepoint    ] Application time: 0.0940575 seconds
[2019-12-09T02:53:02.351+0000][1][safepoint    ] Entering safepoint region: Deoptimize
[2019-12-09T02:53:02.352+0000][1][safepoint    ] Leaving safepoint region
[2019-12-09T02:53:02.352+0000][1][safepoint    ] Total time for which application threads were stopped: 0.0007105 seconds, Stopping threads took: 0.0000187 seconds
[2019-12-09T02:53:02.353+0000][1][safepoint    ] Application time: 0.0013626 seconds
[2019-12-09T02:53:02.353+0000][1][safepoint    ] Entering safepoint region: CollectForMetadataAllocation
[2019-12-09T02:53:02.354+0000][1][safepoint    ] Leaving safepoint region
[2019-12-09T02:53:02.354+0000][1][safepoint    ] Total time for which application threads were stopped: 0.0002595 seconds, Stopping threads took: 0.0000157 seconds
[2019-12-09T02:53:02.494+0000][1][safepoint    ] Application time: 0.1406153 seconds
[2019-12-09T02:53:02.494+0000][1][safepoint    ] Entering safepoint region: CollectForMetadataAllocation
[2019-12-09T02:53:02.494+0000][1][safepoint    ] Leaving safepoint region
[2019-12-09T02:53:02.494+0000][1][safepoint    ] Total time for which application threads were stopped: 0.0002009 seconds, Stopping threads took: 0.0000189 seconds
[2019-12-09T02:53:02.850+0000][1][safepoint    ] Application time: 0.3552513 seconds
[2019-12-09T02:53:02.864+0000][1][safepoint    ] Entering safepoint region: CMS_Initial_Mark
[2019-12-09T02:53:02.864+0000][1][gc,start     ] GC(23) Pause Initial Mark
[2019-12-09T02:53:03.013+0000][1][gc           ] GC(23) Pause Initial Mark 115M->115M(247M) 148.468ms
[2019-12-09T02:53:03.013+0000][1][gc,cpu       ] GC(23) User=0.04s Sys=0.00s Real=0.15s
[2019-12-09T02:53:03.013+0000][1][safepoint    ] Leaving safepoint region
[2019-12-09T02:53:03.013+0000][1][safepoint    ] Total time for which application threads were stopped: 0.1631577 seconds, Stopping threads took: 0.0144916 seconds
[2019-12-09T02:53:03.013+0000][1][gc           ] GC(23) Concurrent Mark
[2019-12-09T02:53:03.059+0000][1][safepoint    ] Application time: 0.0458729 seconds
[2019-12-09T02:53:03.059+0000][1][safepoint    ] Entering safepoint region: CollectForMetadataAllocation
[2019-12-09T02:53:03.059+0000][1][safepoint    ] Leaving safepoint region
[2019-12-09T02:53:03.059+0000][1][safepoint    ] Total time for which application threads were stopped: 0.0002228 seconds, Stopping threads took: 0.0000400 seconds
[2019-12-09T02:53:03.060+0000][1][safepoint    ] Application time: 0.0012641 seconds
[2019-12-09T02:53:03.060+0000][1][safepoint    ] Entering safepoint region: BulkRevokeBias
[2019-12-09T02:53:03.061+0000][1][safepoint    ] Leaving safepoint region
[2019-12-09T02:53:03.061+0000][1][safepoint    ] Total time for which application threads were stopped: 0.0008935 seconds, Stopping threads took: 0.0000182 seconds
[2019-12-09T02:53:03.061+0000][1][safepoint    ] Application time: 0.0000600 seconds
[2019-12-09T02:53:03.061+0000][1][safepoint    ] Entering safepoint region: RevokeBias
[2019-12-09T02:53:03.061+0000][1][safepoint    ] Leaving safepoint region
[2019-12-09T02:53:03.061+0000][1][safepoint    ] Total time for which application threads were stopped: 0.0000522 seconds, Stopping threads took: 0.0000098 seconds
[2019-12-09T02:53:03.158+0000][1][safepoint    ] Application time: 0.0963593 seconds
[2019-12-09T02:53:03.158+0000][1][safepoint    ] Entering safepoint region: RevokeBias
[2019-12-09T02:53:03.158+0000][1][safepoint    ] Leaving safepoint region
[2019-12-09T02:53:03.158+0000][1][safepoint    ] Total time for which application threads were stopped: 0.0000925 seconds, Stopping threads took: 0.0000193 seconds
[2019-12-09T02:53:03.158+0000][1][safepoint    ] Application time: 0.0000913 seconds
[2019-12-09T02:53:03.158+0000][1][safepoint    ] Entering safepoint region: BulkRevokeBias
[2019-12-09T02:53:03.158+0000][1][safepoint    ] Leaving safepoint region
[2019-12-09T02:53:03.158+0000][1][safepoint    ] Total time for which application threads were stopped: 0.0003712 seconds, Stopping threads took: 0.0000091 seconds
[2019-12-09T02:53:03.159+0000][1][safepoint    ] Application time: 0.0002686 seconds
[2019-12-09T02:53:03.159+0000][1][safepoint    ] Entering safepoint region: RevokeBias
[2019-12-09T02:53:03.159+0000][1][safepoint    ] Leaving safepoint region
[2019-12-09T02:53:03.159+0000][1][safepoint    ] Total time for which application threads were stopped: 0.0000890 seconds, Stopping threads took: 0.0000164 seconds
[2019-12-09T02:53:03.498+0000][1][safepoint    ] Application time: 0.3390132 seconds
[2019-12-09T02:53:03.498+0000][1][safepoint    ] Entering safepoint region: RevokeBias
[2019-12-09T02:53:03.498+0000][1][safepoint    ] Leaving safepoint region
[2019-12-09T02:53:03.498+0000][1][safepoint    ] Total time for which application threads were stopped: 0.0001174 seconds, Stopping threads took: 0.0000191 seconds
[2019-12-09T02:53:03.500+0000][1][safepoint    ] Application time: 0.0020934 seconds
[2019-12-09T02:53:03.500+0000][1][safepoint    ] Entering safepoint region: RevokeBias
[2019-12-09T02:53:03.500+0000][1][safepoint    ] Leaving safepoint region
[2019-12-09T02:53:03.500+0000][1][safepoint    ] Total time for which application threads were stopped: 0.0000840 seconds, Stopping threads took: 0.0000192 seconds
[2019-12-09T02:53:03.519+0000][1][safepoint    ] Application time: 0.0188641 seconds
[2019-12-09T02:53:03.519+0000][1][safepoint    ] Entering safepoint region: RevokeBias
[2019-12-09T02:53:03.519+0000][1][safepoint    ] Leaving safepoint region
[2019-12-09T02:53:03.519+0000][1][safepoint    ] Total time for which application threads were stopped: 0.0000811 seconds, Stopping threads took: 0.0000181 seconds
[2019-12-09T02:53:03.519+0000][1][safepoint    ] Application time: 0.0000496 seconds
[2019-12-09T02:53:03.519+0000][1][safepoint    ] Entering safepoint region: RevokeBias
[2019-12-09T02:53:03.519+0000][1][safepoint    ] Leaving safepoint region
[2019-12-09T02:53:03.519+0000][1][safepoint    ] Total time for which application threads were stopped: 0.0000415 seconds, Stopping threads took: 0.0000094 seconds
[2019-12-09T02:53:03.519+0000][1][safepoint    ] Application time: 0.0000369 seconds
[2019-12-09T02:53:03.519+0000][1][safepoint    ] Entering safepoint region: RevokeBias
[2019-12-09T02:53:03.519+0000][1][safepoint    ] Leaving safepoint region
[2019-12-09T02:53:03.519+0000][1][safepoint    ] Total time for which application threads were stopped: 0.0000405 seconds, Stopping threads took: 0.0000090 seconds
[2019-12-09T02:53:03.519+0000][1][safepoint    ] Application time: 0.0000359 seconds
[2019-12-09T02:53:03.519+0000][1][safepoint    ] Entering safepoint region: RevokeBias
[2019-12-09T02:53:03.519+0000][1][safepoint    ] Leaving safepoint region
[2019-12-09T02:53:03.519+0000][1][safepoint    ] Total time for which application threads were stopped: 0.0000392 seconds, Stopping threads took: 0.0000090 seconds
[2019-12-09T02:53:03.519+0000][1][safepoint    ] Application time: 0.0000346 seconds
[2019-12-09T02:53:03.519+0000][1][safepoint    ] Entering safepoint region: RevokeBias
[2019-12-09T02:53:03.519+0000][1][safepoint    ] Leaving safepoint region
[2019-12-09T02:53:03.519+0000][1][safepoint    ] Total time for which application threads were stopped: 0.0000376 seconds, Stopping threads took: 0.0000088 seconds
[2019-12-09T02:53:03.519+0000][1][safepoint    ] Application time: 0.0000346 seconds
[2019-12-09T02:53:03.519+0000][1][safepoint    ] Entering safepoint region: RevokeBias
[2019-12-09T02:53:03.520+0000][1][safepoint    ] Leaving safepoint region
[2019-12-09T02:53:03.520+0000][1][safepoint    ] Total time for which application threads were stopped: 0.0000468 seconds, Stopping threads took: 0.0000089 seconds
[2019-12-09T02:53:03.520+0000][1][safepoint    ] Application time: 0.0000307 seconds
[2019-12-09T02:53:03.520+0000][1][safepoint    ] Entering safepoint region: RevokeBias
[2019-12-09T02:53:03.520+0000][1][safepoint    ] Leaving safepoint region
[2019-12-09T02:53:03.520+0000][1][safepoint    ] Total time for which application threads were stopped: 0.0000324 seconds, Stopping threads took: 0.0000073 seconds
[2019-12-09T02:53:03.520+0000][1][safepoint    ] Application time: 0.0000300 seconds
[2019-12-09T02:53:03.520+0000][1][safepoint    ] Entering safepoint region: RevokeBias
[2019-12-09T02:53:03.520+0000][1][safepoint    ] Leaving safepoint region
[2019-12-09T02:53:03.520+0000][1][safepoint    ] Total time for which application threads were stopped: 0.0000528 seconds, Stopping threads took: 0.0000074 seconds
[2019-12-09T02:53:03.844+0000][1][safepoint    ] Application time: 0.3246047 seconds
[2019-12-09T02:53:03.844+0000][1][safepoint    ] Entering safepoint region: RevokeBias
[2019-12-09T02:53:03.844+0000][1][safepoint    ] Leaving safepoint region
[2019-12-09T02:53:03.844+0000][1][safepoint    ] Total time for which application threads were stopped: 0.0000910 seconds, Stopping threads took: 0.0000205 seconds
[2019-12-09T02:53:03.917+0000][1][safepoint    ] Application time: 0.0722790 seconds
[2019-12-09T02:53:03.917+0000][1][safepoint    ] Entering safepoint region: RevokeBias
[2019-12-09T02:53:03.917+0000][1][safepoint    ] Leaving safepoint region
[2019-12-09T02:53:03.917+0000][1][safepoint    ] Total time for which application threads were stopped: 0.0000926 seconds, Stopping threads took: 0.0000187 seconds
[2019-12-09T02:53:03.964+0000][1][safepoint    ] Application time: 0.0468850 seconds
[2019-12-09T02:53:03.964+0000][1][safepoint    ] Entering safepoint region: RevokeBias
[2019-12-09T02:53:03.964+0000][1][safepoint    ] Leaving safepoint region
[2019-12-09T02:53:03.964+0000][1][safepoint    ] Total time for which application threads were stopped: 0.0001119 seconds, Stopping threads took: 0.0000221 seconds
[2019-12-09T02:53:04.173+0000][1][gc           ] GC(23) Concurrent Mark 1160.110ms
[2019-12-09T02:53:04.173+0000][1][gc,cpu       ] GC(23) User=0.41s Sys=0.00s Real=1.16s
[2019-12-09T02:53:04.173+0000][1][gc           ] GC(23) Concurrent Preclean
[2019-12-09T02:53:04.175+0000][1][gc           ] GC(23) Concurrent Preclean 2.242ms
[2019-12-09T02:53:04.175+0000][1][gc,cpu       ] GC(23) User=0.00s Sys=0.00s Real=0.01s
[2019-12-09T02:53:04.175+0000][1][gc           ] GC(23) Concurrent Abortable Preclean
[2019-12-09T02:53:04.965+0000][1][safepoint    ] Application time: 1.0007842 seconds
[2019-12-09T02:53:04.965+0000][1][safepoint    ] Entering safepoint region: Cleanup
[2019-12-09T02:53:04.965+0000][1][safepoint    ] Leaving safepoint region
[2019-12-09T02:53:04.965+0000][1][safepoint    ] Total time for which application threads were stopped: 0.0001031 seconds, Stopping threads took: 0.0000343 seconds
[2019-12-09T02:53:05.973+0000][1][safepoint    ] Application time: 1.0077868 seconds
[2019-12-09T02:53:05.973+0000][1][safepoint    ] Entering safepoint region: Cleanup
[2019-12-09T02:53:05.973+0000][1][safepoint    ] Leaving safepoint region
[2019-12-09T02:53:05.973+0000][1][safepoint    ] Total time for which application threads were stopped: 0.0001262 seconds, Stopping threads took: 0.0000473 seconds
[2019-12-09T02:53:06.120+0000][1][safepoint    ] Application time: 0.1469598 seconds
[2019-12-09T02:53:06.120+0000][1][safepoint    ] Entering safepoint region: CollectForMetadataAllocation
[2019-12-09T02:53:06.120+0000][1][safepoint    ] Leaving safepoint region
[2019-12-09T02:53:06.120+0000][1][safepoint    ] Total time for which application threads were stopped: 0.0002780 seconds, Stopping threads took: 0.0000233 seconds
[2019-12-09T02:53:06.213+0000][1][safepoint    ] Application time: 0.0928122 seconds
[2019-12-09T02:53:06.213+0000][1][safepoint    ] Entering safepoint region: RevokeBias
[2019-12-09T02:53:06.213+0000][1][safepoint    ] Leaving safepoint region
[2019-12-09T02:53:06.213+0000][1][safepoint    ] Total time for which application threads were stopped: 0.0001192 seconds, Stopping threads took: 0.0000479 seconds
[2019-12-09T02:53:06.213+0000][1][safepoint    ] Application time: 0.0001309 seconds
[2019-12-09T02:53:06.213+0000][1][safepoint    ] Entering safepoint region: RevokeBias
[2019-12-09T02:53:06.213+0000][1][safepoint    ] Leaving safepoint region
[2019-12-09T02:53:06.213+0000][1][safepoint    ] Total time for which application threads were stopped: 0.0000414 seconds, Stopping threads took: 0.0000088 seconds
[2019-12-09T02:53:06.214+0000][1][safepoint    ] Application time: 0.0005549 seconds
[2019-12-09T02:53:06.214+0000][1][safepoint    ] Entering safepoint region: RevokeBias
[2019-12-09T02:53:06.214+0000][1][safepoint    ] Leaving safepoint region
[2019-12-09T02:53:06.214+0000][1][safepoint    ] Total time for which application threads were stopped: 0.0000662 seconds, Stopping threads took: 0.0000168 seconds
[2019-12-09T02:53:07.240+0000][1][safepoint    ] Application time: 1.0263333 seconds
[2019-12-09T02:53:07.297+0000][1][safepoint    ] Entering safepoint region: Cleanup
[2019-12-09T02:53:07.297+0000][1][safepoint    ] Leaving safepoint region
[2019-12-09T02:53:07.297+0000][1][safepoint    ] Total time for which application threads were stopped: 0.0566336 seconds, Stopping threads took: 0.0565507 seconds
[2019-12-09T02:53:08.984+0000][1][safepoint    ] Application time: 1.6868049 seconds
[2019-12-09T02:53:08.984+0000][1][safepoint    ] Entering safepoint region: Cleanup
[2019-12-09T02:53:08.984+0000][1][safepoint    ] Leaving safepoint region
[2019-12-09T02:53:08.984+0000][1][safepoint    ] Total time for which application threads were stopped: 0.0001309 seconds, Stopping threads took: 0.0000242 seconds
[2019-12-09T02:53:09.397+0000][1][gc           ] GC(23) Concurrent Abortable Preclean 5221.347ms
[2019-12-09T02:53:09.397+0000][1][gc,cpu       ] GC(23) User=2.02s Sys=0.01s Real=5.22s
[2019-12-09T02:53:09.397+0000][1][safepoint    ] Application time: 0.4129851 seconds
[2019-12-09T02:53:09.397+0000][1][safepoint    ] Entering safepoint region: CMS_Final_Remark
[2019-12-09T02:53:09.397+0000][1][gc,start     ] GC(23) Pause Remark
[2019-12-09T02:53:09.483+0000][1][gc           ] GC(23) Pause Remark 134M->134M(247M) 86.236ms
[2019-12-09T02:53:09.483+0000][1][gc,cpu       ] GC(23) User=0.06s Sys=0.00s Real=0.08s
[2019-12-09T02:53:09.483+0000][1][safepoint    ] Leaving safepoint region
[2019-12-09T02:53:09.483+0000][1][safepoint    ] Total time for which application threads were stopped: 0.0864278 seconds, Stopping threads took: 0.0000218 seconds
[2019-12-09T02:53:09.503+0000][1][gc           ] GC(23) Concurrent Sweep
[2019-12-09T02:53:09.600+0000][1][gc           ] GC(23) Concurrent Sweep 97.379ms
[2019-12-09T02:53:09.600+0000][1][gc,cpu       ] GC(23) User=0.04s Sys=0.00s Real=0.10s
[2019-12-09T02:53:09.600+0000][1][gc           ] GC(23) Concurrent Reset
[2019-12-09T02:53:09.601+0000][1][gc           ] GC(23) Concurrent Reset 0.314ms
[2019-12-09T02:53:09.601+0000][1][gc,cpu       ] GC(23) User=0.00s Sys=0.00s Real=0.00s
[2019-12-09T02:53:09.601+0000][1][gc,heap      ] GC(23) Old: 60591K->60229K(174784K)
[2019-12-09T02:53:10.485+0000][1][safepoint    ] Application time: 1.0013808 seconds
[2019-12-09T02:53:10.485+0000][1][safepoint    ] Entering safepoint region: Cleanup
[2019-12-09T02:53:10.486+0000][1][safepoint    ] Leaving safepoint region
[2019-12-09T02:53:10.486+0000][1][safepoint    ] Total time for which application threads were stopped: 0.0008587 seconds, Stopping threads took: 0.0000243 seconds
[2019-12-09T02:53:11.489+0000][1][safepoint    ] Application time: 1.0030960 seconds
[2019-12-09T02:53:11.489+0000][1][safepoint    ] Entering safepoint region: Cleanup
[2019-12-09T02:53:11.489+0000][1][safepoint    ] Leaving safepoint region
[2019-12-09T02:53:11.489+0000][1][safepoint    ] Total time for which application threads were stopped: 0.0001078 seconds, Stopping threads took: 0.0000280 seconds
[2019-12-09T02:53:12.021+0000][1][safepoint    ] Application time: 0.5318406 seconds
[2019-12-09T02:53:12.021+0000][1][safepoint    ] Entering safepoint region: GenCollectForAllocation
[2019-12-09T02:53:12.021+0000][1][gc,start     ] GC(24) Pause Young (Allocation Failure)
[2019-12-09T02:53:12.021+0000][1][gc,task      ] GC(24) Using 2 workers of 2 for evacuation
[2019-12-09T02:53:12.113+0000][1][gc,age       ] GC(24) Desired survivor size 4456448 bytes, new threshold 2 (max threshold 6)
[2019-12-09T02:53:12.113+0000][1][gc,age       ] GC(24) Age table with threshold 2 (max threshold 6)
[2019-12-09T02:53:12.113+0000][1][gc,age       ] GC(24) - age   1:    2087328 bytes,    2087328 total
[2019-12-09T02:53:12.113+0000][1][gc,age       ] GC(24) - age   2:    3578336 bytes,    5665664 total
[2019-12-09T02:53:12.113+0000][1][gc,heap      ] GC(24) ParNew: 78656K->8704K(78656K)
[2019-12-09T02:53:12.113+0000][1][gc,heap      ] GC(24) CMS: 60229K->64354K(174784K)
[2019-12-09T02:53:12.113+0000][1][gc,metaspace ] GC(24) Metaspace: 68208K->68208K(1112064K)
[2019-12-09T02:53:12.113+0000][1][gc           ] GC(24) Pause Young (Allocation Failure) 135M->71M(247M) 92.152ms
[2019-12-09T02:53:12.113+0000][1][gc,cpu       ] GC(24) User=0.04s Sys=0.00s Real=0.09s
[2019-12-09T02:53:12.113+0000][1][safepoint    ] Leaving safepoint region
[2019-12-09T02:53:12.113+0000][1][safepoint    ] Total time for which application threads were stopped: 0.0923488 seconds, Stopping threads took: 0.0000235 seconds
[2019-12-09T02:53:13.114+0000][1][safepoint    ] Application time: 1.0006883 seconds
[2019-12-09T02:53:13.114+0000][1][safepoint    ] Entering safepoint region: Cleanup
[2019-12-09T02:53:13.114+0000][1][safepoint    ] Leaving safepoint region
[2019-12-09T02:53:13.114+0000][1][safepoint    ] Total time for which application threads were stopped: 0.0001069 seconds, Stopping threads took: 0.0000255 seconds
[2019-12-09T02:53:14.116+0000][1][safepoint    ] Application time: 1.0017613 seconds
[2019-12-09T02:53:14.116+0000][1][safepoint    ] Entering safepoint region: Cleanup
[2019-12-09T02:53:14.116+0000][1][safepoint    ] Leaving safepoint region
[2019-12-09T02:53:14.116+0000][1][safepoint    ] Total time for which application threads were stopped: 0.0000931 seconds, Stopping threads took: 0.0000237 seconds
[2019-12-09T02:53:15.118+0000][1][safepoint    ] Application time: 1.0018729 seconds
[2019-12-09T02:53:15.118+0000][1][safepoint    ] Entering safepoint region: Cleanup
[2019-12-09T02:53:15.118+0000][1][safepoint    ] Leaving safepoint region
[2019-12-09T02:53:15.118+0000][1][safepoint    ] Total time for which application threads were stopped: 0.0000907 seconds, Stopping threads took: 0.0000251 seconds
[2019-12-09T02:53:16.121+0000][1][safepoint    ] Application time: 1.0026508 seconds
[2019-12-09T02:53:16.121+0000][1][safepoint    ] Entering safepoint region: Cleanup
[2019-12-09T02:53:16.121+0000][1][safepoint    ] Leaving safepoint region
[2019-12-09T02:53:16.121+0000][1][safepoint    ] Total time for which application threads were stopped: 0.0001147 seconds, Stopping threads took: 0.0000257 seconds
[2019-12-09T02:53:17.128+0000][1][safepoint    ] Application time: 1.0069853 seconds
[2019-12-09T02:53:17.135+0000][1][safepoint    ] Entering safepoint region: Cleanup
[2019-12-09T02:53:17.135+0000][1][safepoint    ] Leaving safepoint region
[2019-12-09T02:53:17.135+0000][1][safepoint    ] Total time for which application threads were stopped: 0.0070736 seconds, Stopping threads took: 0.0069988 seconds
[2019-12-09T02:53:18.137+0000][1][safepoint    ] Application time: 1.0018877 seconds
[2019-12-09T02:53:18.137+0000][1][safepoint    ] Entering safepoint region: Cleanup
[2019-12-09T02:53:18.137+0000][1][safepoint    ] Leaving safepoint region
[2019-12-09T02:53:18.137+0000][1][safepoint    ] Total time for which application threads were stopped: 0.0001057 seconds, Stopping threads took: 0.0000265 seconds
[2019-12-09T02:53:19.142+0000][1][safepoint    ] Application time: 1.0048379 seconds
[2019-12-09T02:53:19.142+0000][1][safepoint    ] Entering safepoint region: Cleanup
[2019-12-09T02:53:19.142+0000][1][safepoint    ] Leaving safepoint region
[2019-12-09T02:53:19.142+0000][1][safepoint    ] Total time for which application threads were stopped: 0.0001052 seconds, Stopping threads took: 0.0000254 seconds
[2019-12-09T02:53:20.143+0000][1][safepoint    ] Application time: 1.0013320 seconds
[2019-12-09T02:53:20.143+0000][1][safepoint    ] Entering safepoint region: Cleanup
[2019-12-09T02:53:20.143+0000][1][safepoint    ] Leaving safepoint region
[2019-12-09T02:53:20.143+0000][1][safepoint    ] Total time for which application threads were stopped: 0.0000909 seconds, Stopping threads took: 0.0000232 seconds
[2019-12-09T02:53:21.146+0000][1][safepoint    ] Application time: 1.0023750 seconds
[2019-12-09T02:53:21.146+0000][1][safepoint    ] Entering safepoint region: Cleanup
[2019-12-09T02:53:21.146+0000][1][safepoint    ] Leaving safepoint region
[2019-12-09T02:53:21.146+0000][1][safepoint    ] Total time for which application threads were stopped: 0.0000884 seconds, Stopping threads took: 0.0000229 seconds
[2019-12-09T02:53:22.149+0000][1][safepoint    ] Application time: 1.0030649 seconds
[2019-12-09T02:53:22.149+0000][1][safepoint    ] Entering safepoint region: Cleanup
[2019-12-09T02:53:22.149+0000][1][safepoint    ] Leaving safepoint region
[2019-12-09T02:53:22.149+0000][1][safepoint    ] Total time for which application threads were stopped: 0.0001193 seconds, Stopping threads took: 0.0000361 seconds
[2019-12-09T02:53:23.150+0000][1][safepoint    ] Application time: 1.0007507 seconds
[2019-12-09T02:53:23.150+0000][1][safepoint    ] Entering safepoint region: Cleanup
[2019-12-09T02:53:23.150+0000][1][safepoint    ] Leaving safepoint region
[2019-12-09T02:53:23.150+0000][1][safepoint    ] Total time for which application threads were stopped: 0.0001205 seconds, Stopping threads took: 0.0000282 seconds
[2019-12-09T02:53:24.151+0000][1][safepoint    ] Application time: 1.0007294 seconds
[2019-12-09T02:53:24.151+0000][1][safepoint    ] Entering safepoint region: Cleanup
[2019-12-09T02:53:24.151+0000][1][safepoint    ] Leaving safepoint region
[2019-12-09T02:53:24.151+0000][1][safepoint    ] Total time for which application threads were stopped: 0.0000991 seconds, Stopping threads took: 0.0000244 seconds
[2019-12-09T02:53:25.152+0000][1][safepoint    ] Application time: 1.0008329 seconds
[2019-12-09T02:53:25.152+0000][1][safepoint    ] Entering safepoint region: Cleanup
[2019-12-09T02:53:25.152+0000][1][safepoint    ] Leaving safepoint region
[2019-12-09T02:53:25.152+0000][1][safepoint    ] Total time for which application threads were stopped: 0.0001081 seconds, Stopping threads took: 0.0000270 seconds
[2019-12-09T02:53:26.154+0000][1][safepoint    ] Application time: 1.0018208 seconds
[2019-12-09T02:53:26.154+0000][1][safepoint    ] Entering safepoint region: Cleanup
[2019-12-09T02:53:26.154+0000][1][safepoint    ] Leaving safepoint region
[2019-12-09T02:53:26.154+0000][1][safepoint    ] Total time for which application threads were stopped: 0.0001058 seconds, Stopping threads took: 0.0000248 seconds
[2019-12-09T02:53:27.155+0000][1][safepoint    ] Application time: 1.0011610 seconds
[2019-12-09T02:53:27.155+0000][1][safepoint    ] Entering safepoint region: Cleanup
[2019-12-09T02:53:27.155+0000][1][safepoint    ] Leaving safepoint region
[2019-12-09T02:53:27.155+0000][1][safepoint    ] Total time for which application threads were stopped: 0.0001059 seconds, Stopping threads took: 0.0000313 seconds
[2019-12-09T02:53:28.159+0000][1][safepoint    ] Application time: 1.0036580 seconds
[2019-12-09T02:53:28.159+0000][1][safepoint    ] Entering safepoint region: Cleanup
[2019-12-09T02:53:28.159+0000][1][safepoint    ] Leaving safepoint region
[2019-12-09T02:53:28.159+0000][1][safepoint    ] Total time for which application threads were stopped: 0.0001043 seconds, Stopping threads took: 0.0000237 seconds
[2019-12-09T02:53:29.162+0000][1][safepoint    ] Application time: 1.0027172 seconds
[2019-12-09T02:53:29.162+0000][1][safepoint    ] Entering safepoint region: Cleanup
[2019-12-09T02:53:29.162+0000][1][safepoint    ] Leaving safepoint region
[2019-12-09T02:53:29.162+0000][1][safepoint    ] Total time for which application threads were stopped: 0.0001191 seconds, Stopping threads took: 0.0000273 seconds
[2019-12-09T02:53:30.164+0000][1][safepoint    ] Application time: 1.0018199 seconds
[2019-12-09T02:53:30.164+0000][1][safepoint    ] Entering safepoint region: Cleanup
[2019-12-09T02:53:30.164+0000][1][safepoint    ] Leaving safepoint region
[2019-12-09T02:53:30.164+0000][1][safepoint    ] Total time for which application threads were stopped: 0.0000965 seconds, Stopping threads took: 0.0000241 seconds
[2019-12-09T02:53:31.167+0000][1][safepoint    ] Application time: 1.0028552 seconds
[2019-12-09T02:53:31.167+0000][1][safepoint    ] Entering safepoint region: Cleanup
[2019-12-09T02:53:31.167+0000][1][safepoint    ] Leaving safepoint region
[2019-12-09T02:53:31.167+0000][1][safepoint    ] Total time for which application threads were stopped: 0.0001200 seconds, Stopping threads took: 0.0000352 seconds
[2019-12-09T02:53:32.167+0000][1][safepoint    ] Application time: 1.0000763 seconds
[2019-12-09T02:53:32.167+0000][1][safepoint    ] Entering safepoint region: Cleanup
[2019-12-09T02:53:32.167+0000][1][safepoint    ] Leaving safepoint region
[2019-12-09T02:53:32.167+0000][1][safepoint    ] Total time for which application threads were stopped: 0.0000785 seconds, Stopping threads took: 0.0000154 seconds
[2019-12-09T02:53:33.167+0000][1][safepoint    ] Application time: 1.0000784 seconds
[2019-12-09T02:53:33.167+0000][1][safepoint    ] Entering safepoint region: Cleanup
[2019-12-09T02:53:33.167+0000][1][safepoint    ] Leaving safepoint region
[2019-12-09T02:53:33.167+0000][1][safepoint    ] Total time for which application threads were stopped: 0.0000753 seconds, Stopping threads took: 0.0000189 seconds
[2019-12-09T02:53:34.167+0000][1][safepoint    ] Application time: 1.0000797 seconds
[2019-12-09T02:53:34.167+0000][1][safepoint    ] Entering safepoint region: Cleanup
[2019-12-09T02:53:34.167+0000][1][safepoint    ] Leaving safepoint region
[2019-12-09T02:53:34.167+0000][1][safepoint    ] Total time for which application threads were stopped: 0.0000849 seconds, Stopping threads took: 0.0000190 seconds
[2019-12-09T02:53:35.168+0000][1][safepoint    ] Application time: 1.0000769 seconds
[2019-12-09T02:53:35.168+0000][1][safepoint    ] Entering safepoint region: Cleanup
[2019-12-09T02:53:35.168+0000][1][safepoint    ] Leaving safepoint region
[2019-12-09T02:53:35.168+0000][1][safepoint    ] Total time for which application threads were stopped: 0.0000736 seconds, Stopping threads took: 0.0000169 seconds
[2019-12-09T02:53:36.168+0000][1][safepoint    ] Application time: 1.0000989 seconds
[2019-12-09T02:53:36.168+0000][1][safepoint    ] Entering safepoint region: Cleanup
[2019-12-09T02:53:36.168+0000][1][safepoint    ] Leaving safepoint region
[2019-12-09T02:53:36.168+0000][1][safepoint    ] Total time for which application threads were stopped: 0.0000813 seconds, Stopping threads took: 0.0000186 seconds
[2019-12-09T02:53:37.168+0000][1][safepoint    ] Application time: 1.0000759 seconds
[2019-12-09T02:53:37.168+0000][1][safepoint    ] Entering safepoint region: Cleanup
[2019-12-09T02:53:37.168+0000][1][safepoint    ] Leaving safepoint region
[2019-12-09T02:53:37.168+0000][1][safepoint    ] Total time for which application threads were stopped: 0.0000873 seconds, Stopping threads took: 0.0000175 seconds
[2019-12-09T02:53:38.168+0000][1][safepoint    ] Application time: 1.0000792 seconds
[2019-12-09T02:53:38.168+0000][1][safepoint    ] Entering safepoint region: Cleanup
[2019-12-09T02:53:38.168+0000][1][safepoint    ] Leaving safepoint region
[2019-12-09T02:53:38.168+0000][1][safepoint    ] Total time for which application threads were stopped: 0.0000760 seconds, Stopping threads took: 0.0000167 seconds
[2019-12-09T02:53:39.168+0000][1][safepoint    ] Application time: 1.0000770 seconds
[2019-12-09T02:53:39.168+0000][1][safepoint    ] Entering safepoint region: Cleanup
[2019-12-09T02:53:39.168+0000][1][safepoint    ] Leaving safepoint region
[2019-12-09T02:53:39.168+0000][1][safepoint    ] Total time for which application threads were stopped: 0.0000783 seconds, Stopping threads took: 0.0000173 seconds
[2019-12-09T02:53:40.169+0000][1][safepoint    ] Application time: 1.0000769 seconds
[2019-12-09T02:53:40.169+0000][1][safepoint    ] Entering safepoint region: Cleanup
[2019-12-09T02:53:40.169+0000][1][safepoint    ] Leaving safepoint region
[2019-12-09T02:53:40.169+0000][1][safepoint    ] Total time for which application threads were stopped: 0.0000881 seconds, Stopping threads took: 0.0000167 seconds
[2019-12-09T02:53:41.170+0000][1][safepoint    ] Application time: 1.0010031 seconds
[2019-12-09T02:53:41.170+0000][1][safepoint    ] Entering safepoint region: Cleanup
[2019-12-09T02:53:41.170+0000][1][safepoint    ] Leaving safepoint region
[2019-12-09T02:53:41.170+0000][1][safepoint    ] Total time for which application threads were stopped: 0.0000933 seconds, Stopping threads took: 0.0000247 seconds
[2019-12-09T02:53:42.170+0000][1][safepoint    ] Application time: 1.0000730 seconds
[2019-12-09T02:53:42.170+0000][1][safepoint    ] Entering safepoint region: Cleanup
[2019-12-09T02:53:42.170+0000][1][safepoint    ] Leaving safepoint region
[2019-12-09T02:53:42.170+0000][1][safepoint    ] Total time for which application threads were stopped: 0.0000686 seconds, Stopping threads took: 0.0000145 seconds
[2019-12-09T02:53:43.170+0000][1][safepoint    ] Application time: 1.0000746 seconds
[2019-12-09T02:53:43.170+0000][1][safepoint    ] Entering safepoint region: Cleanup
[2019-12-09T02:53:43.170+0000][1][safepoint    ] Leaving safepoint region
[2019-12-09T02:53:43.170+0000][1][safepoint    ] Total time for which application threads were stopped: 0.0000782 seconds, Stopping threads took: 0.0000183 seconds
[2019-12-09T02:53:44.170+0000][1][safepoint    ] Application time: 1.0000732 seconds
[2019-12-09T02:53:44.170+0000][1][safepoint    ] Entering safepoint region: Cleanup
[2019-12-09T02:53:44.170+0000][1][safepoint    ] Leaving safepoint region
[2019-12-09T02:53:44.170+0000][1][safepoint    ] Total time for which application threads were stopped: 0.0000780 seconds, Stopping threads took: 0.0000185 seconds
[2019-12-09T02:53:45.170+0000][1][safepoint    ] Application time: 1.0000755 seconds
[2019-12-09T02:53:45.171+0000][1][safepoint    ] Entering safepoint region: Cleanup
[2019-12-09T02:53:45.171+0000][1][safepoint    ] Leaving safepoint region
[2019-12-09T02:53:45.171+0000][1][safepoint    ] Total time for which application threads were stopped: 0.0000857 seconds, Stopping threads took: 0.0000184 seconds
[2019-12-09T02:53:46.171+0000][1][safepoint    ] Application time: 1.0000850 seconds
[2019-12-09T02:53:46.171+0000][1][safepoint    ] Entering safepoint region: Cleanup
[2019-12-09T02:53:46.171+0000][1][safepoint    ] Leaving safepoint region
[2019-12-09T02:53:46.171+0000][1][safepoint    ] Total time for which application threads were stopped: 0.0000870 seconds, Stopping threads took: 0.0000182 seconds
[2019-12-09T02:53:47.171+0000][1][safepoint    ] Application time: 1.0000755 seconds
[2019-12-09T02:53:47.171+0000][1][safepoint    ] Entering safepoint region: Cleanup
[2019-12-09T02:53:47.171+0000][1][safepoint    ] Leaving safepoint region
[2019-12-09T02:53:47.171+0000][1][safepoint    ] Total time for which application threads were stopped: 0.0000761 seconds, Stopping threads took: 0.0000148 seconds
[2019-12-09T02:53:48.171+0000][1][safepoint    ] Application time: 1.0000742 seconds
[2019-12-09T02:53:48.171+0000][1][safepoint    ] Entering safepoint region: Cleanup
[2019-12-09T02:53:48.171+0000][1][safepoint    ] Leaving safepoint region
[2019-12-09T02:53:48.171+0000][1][safepoint    ] Total time for which application threads were stopped: 0.0000763 seconds, Stopping threads took: 0.0000182 seconds
[2019-12-09T02:53:49.171+0000][1][safepoint    ] Application time: 1.0000748 seconds
[2019-12-09T02:53:49.171+0000][1][safepoint    ] Entering safepoint region: Cleanup
[2019-12-09T02:53:49.171+0000][1][safepoint    ] Leaving safepoint region
[2019-12-09T02:53:49.171+0000][1][safepoint    ] Total time for which application threads were stopped: 0.0000730 seconds, Stopping threads took: 0.0000168 seconds
[2019-12-09T02:53:50.171+0000][1][safepoint    ] Application time: 1.0000766 seconds
[2019-12-09T02:53:50.171+0000][1][safepoint    ] Entering safepoint region: Cleanup
[2019-12-09T02:53:50.172+0000][1][safepoint    ] Leaving safepoint region
[2019-12-09T02:53:50.172+0000][1][safepoint    ] Total time for which application threads were stopped: 0.0000752 seconds, Stopping threads took: 0.0000180 seconds
[2019-12-09T02:53:51.172+0000][1][safepoint    ] Application time: 1.0000751 seconds
[2019-12-09T02:53:51.172+0000][1][safepoint    ] Entering safepoint region: Cleanup
[2019-12-09T02:53:51.172+0000][1][safepoint    ] Leaving safepoint region
[2019-12-09T02:53:51.172+0000][1][safepoint    ] Total time for which application threads were stopped: 0.0000876 seconds, Stopping threads took: 0.0000278 seconds
[2019-12-09T02:53:52.172+0000][1][safepoint    ] Application time: 1.0000754 seconds
[2019-12-09T02:53:52.172+0000][1][safepoint    ] Entering safepoint region: Cleanup
[2019-12-09T02:53:52.172+0000][1][safepoint    ] Leaving safepoint region
[2019-12-09T02:53:52.172+0000][1][safepoint    ] Total time for which application threads were stopped: 0.0000841 seconds, Stopping threads took: 0.0000223 seconds
[2019-12-09T02:53:53.172+0000][1][safepoint    ] Application time: 1.0000778 seconds
[2019-12-09T02:53:53.172+0000][1][safepoint    ] Entering safepoint region: Cleanup
[2019-12-09T02:53:53.172+0000][1][safepoint    ] Leaving safepoint region
[2019-12-09T02:53:53.172+0000][1][safepoint    ] Total time for which application threads were stopped: 0.0000805 seconds, Stopping threads took: 0.0000168 seconds
[2019-12-09T02:53:54.172+0000][1][safepoint    ] Application time: 1.0000787 seconds
[2019-12-09T02:53:54.172+0000][1][safepoint    ] Entering safepoint region: Cleanup
[2019-12-09T02:53:54.172+0000][1][safepoint    ] Leaving safepoint region
[2019-12-09T02:53:54.172+0000][1][safepoint    ] Total time for which application threads were stopped: 0.0000851 seconds, Stopping threads took: 0.0000171 seconds
[2019-12-09T02:53:55.172+0000][1][safepoint    ] Application time: 1.0000788 seconds
[2019-12-09T02:53:55.172+0000][1][safepoint    ] Entering safepoint region: Cleanup
[2019-12-09T02:53:55.173+0000][1][safepoint    ] Leaving safepoint region
[2019-12-09T02:53:55.173+0000][1][safepoint    ] Total time for which application threads were stopped: 0.0000794 seconds, Stopping threads took: 0.0000176 seconds
[2019-12-09T02:53:56.173+0000][1][safepoint    ] Application time: 1.0000784 seconds
[2019-12-09T02:53:56.173+0000][1][safepoint    ] Entering safepoint region: Cleanup
[2019-12-09T02:53:56.173+0000][1][safepoint    ] Leaving safepoint region
[2019-12-09T02:53:56.173+0000][1][safepoint    ] Total time for which application threads were stopped: 0.0000749 seconds, Stopping threads took: 0.0000172 seconds
[2019-12-09T02:53:57.173+0000][1][safepoint    ] Application time: 1.0000754 seconds
[2019-12-09T02:53:57.173+0000][1][safepoint    ] Entering safepoint region: Cleanup
[2019-12-09T02:53:57.173+0000][1][safepoint    ] Leaving safepoint region
[2019-12-09T02:53:57.173+0000][1][safepoint    ] Total time for which application threads were stopped: 0.0000728 seconds, Stopping threads took: 0.0000162 seconds
[2019-12-09T02:53:58.173+0000][1][safepoint    ] Application time: 1.0000756 seconds
[2019-12-09T02:53:58.173+0000][1][safepoint    ] Entering safepoint region: Cleanup
[2019-12-09T02:53:58.173+0000][1][safepoint    ] Leaving safepoint region
[2019-12-09T02:53:58.173+0000][1][safepoint    ] Total time for which application threads were stopped: 0.0000761 seconds, Stopping threads took: 0.0000166 seconds
[2019-12-09T02:53:59.173+0000][1][safepoint    ] Application time: 1.0000751 seconds
[2019-12-09T02:53:59.173+0000][1][safepoint    ] Entering safepoint region: Cleanup
[2019-12-09T02:53:59.173+0000][1][safepoint    ] Leaving safepoint region
[2019-12-09T02:53:59.173+0000][1][safepoint    ] Total time for which application threads were stopped: 0.0000795 seconds, Stopping threads took: 0.0000159 seconds
[2019-12-09T02:54:00.173+0000][1][safepoint    ] Application time: 1.0000842 seconds
[2019-12-09T02:54:00.173+0000][1][safepoint    ] Entering safepoint region: Cleanup
[2019-12-09T02:54:00.174+0000][1][safepoint    ] Leaving safepoint region
[2019-12-09T02:54:00.174+0000][1][safepoint    ] Total time for which application threads were stopped: 0.0000788 seconds, Stopping threads took: 0.0000159 seconds
[2019-12-09T02:54:02.150+0000][1][safepoint    ] Application time: 1.9762036 seconds
[2019-12-09T02:54:02.151+0000][1][safepoint    ] Entering safepoint region: Cleanup
[2019-12-09T02:54:02.151+0000][1][safepoint    ] Leaving safepoint region
[2019-12-09T02:54:02.151+0000][1][safepoint    ] Total time for which application threads were stopped: 0.0010627 seconds, Stopping threads took: 0.0009428 seconds
[2019-12-09T02:54:03.151+0000][1][safepoint    ] Application time: 1.0000828 seconds
[2019-12-09T02:54:03.151+0000][1][safepoint    ] Entering safepoint region: Cleanup
[2019-12-09T02:54:03.151+0000][1][safepoint    ] Leaving safepoint region
[2019-12-09T02:54:03.151+0000][1][safepoint    ] Total time for which application threads were stopped: 0.0000777 seconds, Stopping threads took: 0.0000175 seconds
[2019-12-09T02:54:04.151+0000][1][safepoint    ] Application time: 1.0000782 seconds
[2019-12-09T02:54:04.151+0000][1][safepoint    ] Entering safepoint region: Cleanup
[2019-12-09T02:54:04.151+0000][1][safepoint    ] Leaving safepoint region
[2019-12-09T02:54:04.151+0000][1][safepoint    ] Total time for which application threads were stopped: 0.0000774 seconds, Stopping threads took: 0.0000175 seconds
[2019-12-09T02:54:05.151+0000][1][safepoint    ] Application time: 1.0000790 seconds
[2019-12-09T02:54:05.151+0000][1][safepoint    ] Entering safepoint region: Cleanup
[2019-12-09T02:54:05.151+0000][1][safepoint    ] Leaving safepoint region
[2019-12-09T02:54:05.151+0000][1][safepoint    ] Total time for which application threads were stopped: 0.0000661 seconds, Stopping threads took: 0.0000158 seconds
[2019-12-09T02:54:06.152+0000][1][safepoint    ] Application time: 1.0000803 seconds
[2019-12-09T02:54:06.152+0000][1][safepoint    ] Entering safepoint region: Cleanup
[2019-12-09T02:54:06.152+0000][1][safepoint    ] Leaving safepoint region
[2019-12-09T02:54:06.152+0000][1][safepoint    ] Total time for which application threads were stopped: 0.0000785 seconds, Stopping threads took: 0.0000176 seconds
[2019-12-09T02:54:07.152+0000][1][safepoint    ] Application time: 1.0000725 seconds
[2019-12-09T02:54:07.152+0000][1][safepoint    ] Entering safepoint region: Cleanup
[2019-12-09T02:54:07.152+0000][1][safepoint    ] Leaving safepoint region
[2019-12-09T02:54:07.152+0000][1][safepoint    ] Total time for which application threads were stopped: 0.0001250 seconds, Stopping threads took: 0.0000577 seconds
[2019-12-09T02:54:08.152+0000][1][safepoint    ] Application time: 1.0000882 seconds
[2019-12-09T02:54:08.152+0000][1][safepoint    ] Entering safepoint region: Cleanup
[2019-12-09T02:54:08.152+0000][1][safepoint    ] Leaving safepoint region
[2019-12-09T02:54:08.152+0000][1][safepoint    ] Total time for which application threads were stopped: 0.0000767 seconds, Stopping threads took: 0.0000176 seconds
[2019-12-09T02:54:09.152+0000][1][safepoint    ] Application time: 1.0000782 seconds
[2019-12-09T02:54:09.152+0000][1][safepoint    ] Entering safepoint region: Cleanup
[2019-12-09T02:54:09.152+0000][1][safepoint    ] Leaving safepoint region
[2019-12-09T02:54:09.152+0000][1][safepoint    ] Total time for which application threads were stopped: 0.0000737 seconds, Stopping threads took: 0.0000170 seconds
[2019-12-09T02:54:10.152+0000][1][safepoint    ] Application time: 1.0000787 seconds
[2019-12-09T02:54:10.152+0000][1][safepoint    ] Entering safepoint region: Cleanup
[2019-12-09T02:54:10.152+0000][1][safepoint    ] Leaving safepoint region
[2019-12-09T02:54:10.152+0000][1][safepoint    ] Total time for which application threads were stopped: 0.0000732 seconds, Stopping threads took: 0.0000146 seconds
[2019-12-09T02:54:11.153+0000][1][safepoint    ] Application time: 1.0000804 seconds
[2019-12-09T02:54:11.153+0000][1][safepoint    ] Entering safepoint region: Cleanup
[2019-12-09T02:54:11.153+0000][1][safepoint    ] Leaving safepoint region
[2019-12-09T02:54:11.153+0000][1][safepoint    ] Total time for which application threads were stopped: 0.0000766 seconds, Stopping threads took: 0.0000174 seconds
[2019-12-09T02:54:12.153+0000][1][safepoint    ] Application time: 1.0000841 seconds
[2019-12-09T02:54:12.153+0000][1][safepoint    ] Entering safepoint region: Cleanup
[2019-12-09T02:54:12.153+0000][1][safepoint    ] Leaving safepoint region
[2019-12-09T02:54:12.153+0000][1][safepoint    ] Total time for which application threads were stopped: 0.0000814 seconds, Stopping threads took: 0.0000163 seconds
[2019-12-09T02:54:13.153+0000][1][safepoint    ] Application time: 1.0000746 seconds
[2019-12-09T02:54:13.153+0000][1][safepoint    ] Entering safepoint region: Cleanup
[2019-12-09T02:54:13.153+0000][1][safepoint    ] Leaving safepoint region
[2019-12-09T02:54:13.153+0000][1][safepoint    ] Total time for which application threads were stopped: 0.0000818 seconds, Stopping threads took: 0.0000164 seconds
[2019-12-09T02:54:14.153+0000][1][safepoint    ] Application time: 1.0000755 seconds
[2019-12-09T02:54:14.153+0000][1][safepoint    ] Entering safepoint region: Cleanup
[2019-12-09T02:54:14.153+0000][1][safepoint    ] Leaving safepoint region
[2019-12-09T02:54:14.153+0000][1][safepoint    ] Total time for which application threads were stopped: 0.0000758 seconds, Stopping threads took: 0.0000173 seconds
[2019-12-09T02:54:15.153+0000][1][safepoint    ] Application time: 1.0000760 seconds
[2019-12-09T02:54:15.153+0000][1][safepoint    ] Entering safepoint region: Cleanup
[2019-12-09T02:54:15.153+0000][1][safepoint    ] Leaving safepoint region
[2019-12-09T02:54:15.153+0000][1][safepoint    ] Total time for which application threads were stopped: 0.0000797 seconds, Stopping threads took: 0.0000169 seconds
[2019-12-09T02:54:16.154+0000][1][safepoint    ] Application time: 1.0000782 seconds
[2019-12-09T02:54:16.154+0000][1][safepoint    ] Entering safepoint region: Cleanup
[2019-12-09T02:54:16.154+0000][1][safepoint    ] Leaving safepoint region
[2019-12-09T02:54:16.154+0000][1][safepoint    ] Total time for which application threads were stopped: 0.0000811 seconds, Stopping threads took: 0.0000172 seconds
[2019-12-09T02:54:17.154+0000][1][safepoint    ] Application time: 1.0000918 seconds
[2019-12-09T02:54:17.154+0000][1][safepoint    ] Entering safepoint region: Cleanup
[2019-12-09T02:54:17.154+0000][1][safepoint    ] Leaving safepoint region
[2019-12-09T02:54:17.154+0000][1][safepoint    ] Total time for which application threads were stopped: 0.0000795 seconds, Stopping threads took: 0.0000170 seconds
[2019-12-09T02:54:18.154+0000][1][safepoint    ] Application time: 1.0000762 seconds
[2019-12-09T02:54:18.154+0000][1][safepoint    ] Entering safepoint region: Cleanup
[2019-12-09T02:54:18.154+0000][1][safepoint    ] Leaving safepoint region
[2019-12-09T02:54:18.154+0000][1][safepoint    ] Total time for which application threads were stopped: 0.0000713 seconds, Stopping threads took: 0.0000169 seconds
[2019-12-09T02:54:19.154+0000][1][safepoint    ] Application time: 1.0000769 seconds
[2019-12-09T02:54:19.154+0000][1][safepoint    ] Entering safepoint region: Cleanup
[2019-12-09T02:54:19.154+0000][1][safepoint    ] Leaving safepoint region
[2019-12-09T02:54:19.154+0000][1][safepoint    ] Total time for which application threads were stopped: 0.0000736 seconds, Stopping threads took: 0.0000171 seconds
[2019-12-09T02:54:20.154+0000][1][safepoint    ] Application time: 1.0000761 seconds
[2019-12-09T02:54:20.154+0000][1][safepoint    ] Entering safepoint region: Cleanup
[2019-12-09T02:54:20.154+0000][1][safepoint    ] Leaving safepoint region
[2019-12-09T02:54:20.154+0000][1][safepoint    ] Total time for which application threads were stopped: 0.0000692 seconds, Stopping threads took: 0.0000148 seconds
[2019-12-09T02:54:21.155+0000][1][safepoint    ] Application time: 1.0000788 seconds
[2019-12-09T02:54:21.155+0000][1][safepoint    ] Entering safepoint region: Cleanup
[2019-12-09T02:54:21.155+0000][1][safepoint    ] Leaving safepoint region
[2019-12-09T02:54:21.155+0000][1][safepoint    ] Total time for which application threads were stopped: 0.0000729 seconds, Stopping threads took: 0.0000191 seconds
[2019-12-09T02:54:22.155+0000][1][safepoint    ] Application time: 1.0000755 seconds
[2019-12-09T02:54:22.155+0000][1][safepoint    ] Entering safepoint region: Cleanup
[2019-12-09T02:54:22.155+0000][1][safepoint    ] Leaving safepoint region
[2019-12-09T02:54:22.155+0000][1][safepoint    ] Total time for which application threads were stopped: 0.0000824 seconds, Stopping threads took: 0.0000176 seconds
[2019-12-09T02:54:23.497+0000][1][safepoint    ] Application time: 1.3421076 seconds
[2019-12-09T02:54:23.497+0000][1][safepoint    ] Entering safepoint region: Cleanup
[2019-12-09T02:54:23.497+0000][1][safepoint    ] Leaving safepoint region
[2019-12-09T02:54:23.497+0000][1][safepoint    ] Total time for which application threads were stopped: 0.0001535 seconds, Stopping threads took: 0.0000306 seconds
[2019-12-09T02:54:24.497+0000][1][safepoint    ] Application time: 1.0000768 seconds
[2019-12-09T02:54:24.497+0000][1][safepoint    ] Entering safepoint region: Cleanup
[2019-12-09T02:54:24.497+0000][1][safepoint    ] Leaving safepoint region
[2019-12-09T02:54:24.497+0000][1][safepoint    ] Total time for which application threads were stopped: 0.0000726 seconds, Stopping threads took: 0.0000181 seconds
[2019-12-09T02:54:25.497+0000][1][safepoint    ] Application time: 1.0000770 seconds
[2019-12-09T02:54:25.497+0000][1][safepoint    ] Entering safepoint region: Cleanup
[2019-12-09T02:54:25.498+0000][1][safepoint    ] Leaving safepoint region
[2019-12-09T02:54:25.498+0000][1][safepoint    ] Total time for which application threads were stopped: 0.0000782 seconds, Stopping threads took: 0.0000166 seconds
[2019-12-09T02:54:26.498+0000][1][safepoint    ] Application time: 1.0000760 seconds
[2019-12-09T02:54:26.498+0000][1][safepoint    ] Entering safepoint region: Cleanup
[2019-12-09T02:54:26.498+0000][1][safepoint    ] Leaving safepoint region
[2019-12-09T02:54:26.498+0000][1][safepoint    ] Total time for which application threads were stopped: 0.0000919 seconds, Stopping threads took: 0.0000156 seconds
[2019-12-09T02:54:27.498+0000][1][safepoint    ] Application time: 1.0000895 seconds
[2019-12-09T02:54:27.498+0000][1][safepoint    ] Entering safepoint region: Cleanup
[2019-12-09T02:54:27.498+0000][1][safepoint    ] Leaving safepoint region
[2019-12-09T02:54:27.498+0000][1][safepoint    ] Total time for which application threads were stopped: 0.0001167 seconds, Stopping threads took: 0.0000292 seconds
[2019-12-09T02:54:28.505+0000][1][safepoint    ] Application time: 1.0066912 seconds
[2019-12-09T02:54:28.505+0000][1][safepoint    ] Entering safepoint region: Cleanup
[2019-12-09T02:54:28.505+0000][1][safepoint    ] Leaving safepoint region
[2019-12-09T02:54:28.505+0000][1][safepoint    ] Total time for which application threads were stopped: 0.0000945 seconds, Stopping threads took: 0.0000197 seconds
[2019-12-09T02:54:29.505+0000][1][safepoint    ] Application time: 1.0000789 seconds
[2019-12-09T02:54:29.505+0000][1][safepoint    ] Entering safepoint region: Cleanup
[2019-12-09T02:54:29.505+0000][1][safepoint    ] Leaving safepoint region
[2019-12-09T02:54:29.505+0000][1][safepoint    ] Total time for which application threads were stopped: 0.0001129 seconds, Stopping threads took: 0.0000446 seconds
[2019-12-09T02:54:30.505+0000][1][safepoint    ] Application time: 1.0000857 seconds
[2019-12-09T02:54:30.505+0000][1][safepoint    ] Entering safepoint region: Cleanup
[2019-12-09T02:54:30.505+0000][1][safepoint    ] Leaving safepoint region
[2019-12-09T02:54:30.505+0000][1][safepoint    ] Total time for which application threads were stopped: 0.0001166 seconds, Stopping threads took: 0.0000278 seconds
[2019-12-09T02:54:31.505+0000][1][safepoint    ] Application time: 1.0000788 seconds
[2019-12-09T02:54:31.505+0000][1][safepoint    ] Entering safepoint region: Cleanup
[2019-12-09T02:54:31.505+0000][1][safepoint    ] Leaving safepoint region
[2019-12-09T02:54:31.506+0000][1][safepoint    ] Total time for which application threads were stopped: 0.0000806 seconds, Stopping threads took: 0.0000196 seconds
[2019-12-09T02:54:32.506+0000][1][safepoint    ] Application time: 1.0000758 seconds
[2019-12-09T02:54:32.506+0000][1][safepoint    ] Entering safepoint region: Cleanup
[2019-12-09T02:54:32.506+0000][1][safepoint    ] Leaving safepoint region
[2019-12-09T02:54:32.506+0000][1][safepoint    ] Total time for which application threads were stopped: 0.0000970 seconds, Stopping threads took: 0.0000169 seconds
[2019-12-09T02:54:33.506+0000][1][safepoint    ] Application time: 1.0000788 seconds
[2019-12-09T02:54:33.506+0000][1][safepoint    ] Entering safepoint region: Cleanup
[2019-12-09T02:54:33.506+0000][1][safepoint    ] Leaving safepoint region
[2019-12-09T02:54:33.506+0000][1][safepoint    ] Total time for which application threads were stopped: 0.0000711 seconds, Stopping threads took: 0.0000161 seconds
[2019-12-09T02:54:34.506+0000][1][safepoint    ] Application time: 1.0000832 seconds
[2019-12-09T02:54:34.506+0000][1][safepoint    ] Entering safepoint region: Cleanup
[2019-12-09T02:54:34.506+0000][1][safepoint    ] Leaving safepoint region
[2019-12-09T02:54:34.506+0000][1][safepoint    ] Total time for which application threads were stopped: 0.0001016 seconds, Stopping threads took: 0.0000246 seconds
[2019-12-09T02:54:35.506+0000][1][safepoint    ] Application time: 1.0000894 seconds
[2019-12-09T02:54:35.506+0000][1][safepoint    ] Entering safepoint region: Cleanup
[2019-12-09T02:54:35.506+0000][1][safepoint    ] Leaving safepoint region
[2019-12-09T02:54:35.506+0000][1][safepoint    ] Total time for which application threads were stopped: 0.0001048 seconds, Stopping threads took: 0.0000215 seconds
[2019-12-09T02:54:36.506+0000][1][safepoint    ] Application time: 1.0000614 seconds
[2019-12-09T02:54:36.506+0000][1][safepoint    ] Entering safepoint region: Cleanup
[2019-12-09T02:54:36.507+0000][1][safepoint    ] Leaving safepoint region
[2019-12-09T02:54:36.507+0000][1][safepoint    ] Total time for which application threads were stopped: 0.0000742 seconds, Stopping threads took: 0.0000158 seconds
[2019-12-09T02:54:37.507+0000][1][safepoint    ] Application time: 1.0000799 seconds
[2019-12-09T02:54:37.507+0000][1][safepoint    ] Entering safepoint region: Cleanup
[2019-12-09T02:54:37.507+0000][1][safepoint    ] Leaving safepoint region
[2019-12-09T02:54:37.507+0000][1][safepoint    ] Total time for which application threads were stopped: 0.0000951 seconds, Stopping threads took: 0.0000330 seconds
[2019-12-09T02:54:38.507+0000][1][safepoint    ] Application time: 1.0000785 seconds
[2019-12-09T02:54:38.507+0000][1][safepoint    ] Entering safepoint region: Cleanup
[2019-12-09T02:54:38.507+0000][1][safepoint    ] Leaving safepoint region
[2019-12-09T02:54:38.507+0000][1][safepoint    ] Total time for which application threads were stopped: 0.0000780 seconds, Stopping threads took: 0.0000172 seconds
[2019-12-09T02:54:39.507+0000][1][safepoint    ] Application time: 1.0000763 seconds
[2019-12-09T02:54:39.507+0000][1][safepoint    ] Entering safepoint region: Cleanup
[2019-12-09T02:54:39.507+0000][1][safepoint    ] Leaving safepoint region
[2019-12-09T02:54:39.507+0000][1][safepoint    ] Total time for which application threads were stopped: 0.0000851 seconds, Stopping threads took: 0.0000180 seconds
[2019-12-09T02:54:40.507+0000][1][safepoint    ] Application time: 1.0000501 seconds
[2019-12-09T02:54:40.507+0000][1][safepoint    ] Entering safepoint region: Cleanup
[2019-12-09T02:54:40.507+0000][1][safepoint    ] Leaving safepoint region
[2019-12-09T02:54:40.507+0000][1][safepoint    ] Total time for which application threads were stopped: 0.0000786 seconds, Stopping threads took: 0.0000160 seconds
[2019-12-09T02:54:41.507+0000][1][safepoint    ] Application time: 1.0000785 seconds
[2019-12-09T02:54:41.507+0000][1][safepoint    ] Entering safepoint region: Cleanup
[2019-12-09T02:54:41.508+0000][1][safepoint    ] Leaving safepoint region
[2019-12-09T02:54:41.508+0000][1][safepoint    ] Total time for which application threads were stopped: 0.0000761 seconds, Stopping threads took: 0.0000156 seconds
[2019-12-09T02:54:42.508+0000][1][safepoint    ] Application time: 1.0000783 seconds
[2019-12-09T02:54:42.508+0000][1][safepoint    ] Entering safepoint region: Cleanup
[2019-12-09T02:54:42.508+0000][1][safepoint    ] Leaving safepoint region
[2019-12-09T02:54:42.508+0000][1][safepoint    ] Total time for which application threads were stopped: 0.0000956 seconds, Stopping threads took: 0.0000287 seconds
[2019-12-09T02:54:43.508+0000][1][safepoint    ] Application time: 1.0000802 seconds
[2019-12-09T02:54:43.508+0000][1][safepoint    ] Entering safepoint region: Cleanup
[2019-12-09T02:54:43.508+0000][1][safepoint    ] Leaving safepoint region
[2019-12-09T02:54:43.508+0000][1][safepoint    ] Total time for which application threads were stopped: 0.0000814 seconds, Stopping threads took: 0.0000168 seconds
[2019-12-09T02:54:44.508+0000][1][safepoint    ] Application time: 1.0000783 seconds
[2019-12-09T02:54:44.508+0000][1][safepoint    ] Entering safepoint region: Cleanup
[2019-12-09T02:54:44.508+0000][1][safepoint    ] Leaving safepoint region
[2019-12-09T02:54:44.508+0000][1][safepoint    ] Total time for which application threads were stopped: 0.0000728 seconds, Stopping threads took: 0.0000161 seconds
[2019-12-09T02:54:45.508+0000][1][safepoint    ] Application time: 1.0000791 seconds
[2019-12-09T02:54:45.508+0000][1][safepoint    ] Entering safepoint region: Cleanup
[2019-12-09T02:54:45.508+0000][1][safepoint    ] Leaving safepoint region
[2019-12-09T02:54:45.508+0000][1][safepoint    ] Total time for which application threads were stopped: 0.0000769 seconds, Stopping threads took: 0.0000164 seconds
[2019-12-09T02:54:46.508+0000][1][safepoint    ] Application time: 1.0000808 seconds
[2019-12-09T02:54:46.508+0000][1][safepoint    ] Entering safepoint region: Cleanup
[2019-12-09T02:54:46.509+0000][1][safepoint    ] Leaving safepoint region
[2019-12-09T02:54:46.509+0000][1][safepoint    ] Total time for which application threads were stopped: 0.0000703 seconds, Stopping threads took: 0.0000168 seconds
[2019-12-09T02:54:47.509+0000][1][safepoint    ] Application time: 1.0000784 seconds
[2019-12-09T02:54:47.509+0000][1][safepoint    ] Entering safepoint region: Cleanup
[2019-12-09T02:54:47.509+0000][1][safepoint    ] Leaving safepoint region
[2019-12-09T02:54:47.509+0000][1][safepoint    ] Total time for which application threads were stopped: 0.0000910 seconds, Stopping threads took: 0.0000224 seconds
[2019-12-09T02:54:48.509+0000][1][safepoint    ] Application time: 1.0000776 seconds
[2019-12-09T02:54:48.509+0000][1][safepoint    ] Entering safepoint region: Cleanup
[2019-12-09T02:54:48.509+0000][1][safepoint    ] Leaving safepoint region
[2019-12-09T02:54:48.509+0000][1][safepoint    ] Total time for which application threads were stopped: 0.0000802 seconds, Stopping threads took: 0.0000179 seconds
[2019-12-09T02:54:49.509+0000][1][safepoint    ] Application time: 1.0000860 seconds
[2019-12-09T02:54:49.509+0000][1][safepoint    ] Entering safepoint region: Cleanup
[2019-12-09T02:54:49.509+0000][1][safepoint    ] Leaving safepoint region
[2019-12-09T02:54:49.509+0000][1][safepoint    ] Total time for which application threads were stopped: 0.0000982 seconds, Stopping threads took: 0.0000236 seconds
[2019-12-09T02:54:50.509+0000][1][safepoint    ] Application time: 1.0000774 seconds
[2019-12-09T02:54:50.509+0000][1][safepoint    ] Entering safepoint region: Cleanup
[2019-12-09T02:54:50.509+0000][1][safepoint    ] Leaving safepoint region
[2019-12-09T02:54:50.509+0000][1][safepoint    ] Total time for which application threads were stopped: 0.0000796 seconds, Stopping threads took: 0.0000160 seconds
[2019-12-09T02:54:51.509+0000][1][safepoint    ] Application time: 1.0000788 seconds
[2019-12-09T02:54:51.510+0000][1][safepoint    ] Entering safepoint region: Cleanup
[2019-12-09T02:54:51.510+0000][1][safepoint    ] Leaving safepoint region
[2019-12-09T02:54:51.510+0000][1][safepoint    ] Total time for which application threads were stopped: 0.0000739 seconds, Stopping threads took: 0.0000177 seconds
[2019-12-09T02:54:52.510+0000][1][safepoint    ] Application time: 1.0000769 seconds
[2019-12-09T02:54:52.510+0000][1][safepoint    ] Entering safepoint region: Cleanup
[2019-12-09T02:54:52.510+0000][1][safepoint    ] Leaving safepoint region
[2019-12-09T02:54:52.510+0000][1][safepoint    ] Total time for which application threads were stopped: 0.0000807 seconds, Stopping threads took: 0.0000232 seconds
[2019-12-09T02:54:53.510+0000][1][safepoint    ] Application time: 1.0000775 seconds
[2019-12-09T02:54:53.510+0000][1][safepoint    ] Entering safepoint region: Cleanup
[2019-12-09T02:54:53.510+0000][1][safepoint    ] Leaving safepoint region
[2019-12-09T02:54:53.510+0000][1][safepoint    ] Total time for which application threads were stopped: 0.0000741 seconds, Stopping threads took: 0.0000173 seconds
[2019-12-09T02:54:54.510+0000][1][safepoint    ] Application time: 1.0000749 seconds
[2019-12-09T02:54:54.510+0000][1][safepoint    ] Entering safepoint region: Cleanup
[2019-12-09T02:54:54.510+0000][1][safepoint    ] Leaving safepoint region
[2019-12-09T02:54:54.510+0000][1][safepoint    ] Total time for which application threads were stopped: 0.0000772 seconds, Stopping threads took: 0.0000180 seconds
[2019-12-09T02:54:55.510+0000][1][safepoint    ] Application time: 1.0000764 seconds
[2019-12-09T02:54:55.510+0000][1][safepoint    ] Entering safepoint region: Cleanup
[2019-12-09T02:54:55.510+0000][1][safepoint    ] Leaving safepoint region
[2019-12-09T02:54:55.510+0000][1][safepoint    ] Total time for which application threads were stopped: 0.0000715 seconds, Stopping threads took: 0.0000166 seconds
[2019-12-09T02:54:56.510+0000][1][safepoint    ] Application time: 1.0000762 seconds
[2019-12-09T02:54:56.510+0000][1][safepoint    ] Entering safepoint region: Cleanup
[2019-12-09T02:54:56.511+0000][1][safepoint    ] Leaving safepoint region
[2019-12-09T02:54:56.511+0000][1][safepoint    ] Total time for which application threads were stopped: 0.0000738 seconds, Stopping threads took: 0.0000183 seconds
[2019-12-09T02:54:57.511+0000][1][safepoint    ] Application time: 1.0000769 seconds
[2019-12-09T02:54:57.511+0000][1][safepoint    ] Entering safepoint region: Cleanup
[2019-12-09T02:54:57.511+0000][1][safepoint    ] Leaving safepoint region
[2019-12-09T02:54:57.511+0000][1][safepoint    ] Total time for which application threads were stopped: 0.0000905 seconds, Stopping threads took: 0.0000333 seconds
[2019-12-09T02:54:58.511+0000][1][safepoint    ] Application time: 1.0000773 seconds
[2019-12-09T02:54:58.511+0000][1][safepoint    ] Entering safepoint region: Cleanup
[2019-12-09T02:54:58.511+0000][1][safepoint    ] Leaving safepoint region
[2019-12-09T02:54:58.511+0000][1][safepoint    ] Total time for which application threads were stopped: 0.0000808 seconds, Stopping threads took: 0.0000186 seconds
[2019-12-09T02:54:59.511+0000][1][safepoint    ] Application time: 1.0000790 seconds
[2019-12-09T02:54:59.511+0000][1][safepoint    ] Entering safepoint region: Cleanup
[2019-12-09T02:54:59.511+0000][1][safepoint    ] Leaving safepoint region
[2019-12-09T02:54:59.511+0000][1][safepoint    ] Total time for which application threads were stopped: 0.0000743 seconds, Stopping threads took: 0.0000180 seconds
[2019-12-09T02:55:00.511+0000][1][safepoint    ] Application time: 1.0000775 seconds
[2019-12-09T02:55:00.511+0000][1][safepoint    ] Entering safepoint region: Cleanup
[2019-12-09T02:55:00.511+0000][1][safepoint    ] Leaving safepoint region
[2019-12-09T02:55:00.511+0000][1][safepoint    ] Total time for which application threads were stopped: 0.0000726 seconds, Stopping threads took: 0.0000177 seconds
[2019-12-09T02:55:01.511+0000][1][safepoint    ] Application time: 1.0000787 seconds
[2019-12-09T02:55:01.511+0000][1][safepoint    ] Entering safepoint region: Cleanup
[2019-12-09T02:55:01.512+0000][1][safepoint    ] Leaving safepoint region
[2019-12-09T02:55:01.512+0000][1][safepoint    ] Total time for which application threads were stopped: 0.0000766 seconds, Stopping threads took: 0.0000175 seconds
[2019-12-09T02:55:02.512+0000][1][safepoint    ] Application time: 1.0000787 seconds
[2019-12-09T02:55:02.512+0000][1][safepoint    ] Entering safepoint region: Cleanup
[2019-12-09T02:55:02.512+0000][1][safepoint    ] Leaving safepoint region
[2019-12-09T02:55:02.512+0000][1][safepoint    ] Total time for which application threads were stopped: 0.0000779 seconds, Stopping threads took: 0.0000177 seconds
[2019-12-09T02:55:03.512+0000][1][safepoint    ] Application time: 1.0000778 seconds
[2019-12-09T02:55:03.512+0000][1][safepoint    ] Entering safepoint region: Cleanup
[2019-12-09T02:55:03.512+0000][1][safepoint    ] Leaving safepoint region
[2019-12-09T02:55:03.512+0000][1][safepoint    ] Total time for which application threads were stopped: 0.0000721 seconds, Stopping threads took: 0.0000166 seconds
[2019-12-09T02:55:04.512+0000][1][safepoint    ] Application time: 1.0000773 seconds
[2019-12-09T02:55:04.512+0000][1][safepoint    ] Entering safepoint region: Cleanup
[2019-12-09T02:55:04.512+0000][1][safepoint    ] Leaving safepoint region
[2019-12-09T02:55:04.512+0000][1][safepoint    ] Total time for which application threads were stopped: 0.0000787 seconds, Stopping threads took: 0.0000171 seconds
[2019-12-09T02:55:05.512+0000][1][safepoint    ] Application time: 1.0000780 seconds
[2019-12-09T02:55:05.512+0000][1][safepoint    ] Entering safepoint region: Cleanup
[2019-12-09T02:55:05.512+0000][1][safepoint    ] Leaving safepoint region
[2019-12-09T02:55:05.512+0000][1][safepoint    ] Total time for which application threads were stopped: 0.0000736 seconds, Stopping threads took: 0.0000176 seconds
[2019-12-09T02:55:06.512+0000][1][safepoint    ] Application time: 1.0000868 seconds
[2019-12-09T02:55:06.513+0000][1][safepoint    ] Entering safepoint region: Cleanup
[2019-12-09T02:55:06.513+0000][1][safepoint    ] Leaving safepoint region
[2019-12-09T02:55:06.513+0000][1][safepoint    ] Total time for which application threads were stopped: 0.0000984 seconds, Stopping threads took: 0.0000241 seconds
[2019-12-09T02:55:07.513+0000][1][safepoint    ] Application time: 1.0000857 seconds
[2019-12-09T02:55:07.513+0000][1][safepoint    ] Entering safepoint region: Cleanup
[2019-12-09T02:55:07.513+0000][1][safepoint    ] Leaving safepoint region
[2019-12-09T02:55:07.513+0000][1][safepoint    ] Total time for which application threads were stopped: 0.0000887 seconds, Stopping threads took: 0.0000169 seconds
[2019-12-09T02:55:08.513+0000][1][safepoint    ] Application time: 1.0000782 seconds
[2019-12-09T02:55:08.513+0000][1][safepoint    ] Entering safepoint region: Cleanup
[2019-12-09T02:55:08.513+0000][1][safepoint    ] Leaving safepoint region
[2019-12-09T02:55:08.513+0000][1][safepoint    ] Total time for which application threads were stopped: 0.0000766 seconds, Stopping threads took: 0.0000183 seconds
[2019-12-09T02:55:09.513+0000][1][safepoint    ] Application time: 1.0000787 seconds
[2019-12-09T02:55:09.513+0000][1][safepoint    ] Entering safepoint region: Cleanup
[2019-12-09T02:55:09.513+0000][1][safepoint    ] Leaving safepoint region
[2019-12-09T02:55:09.513+0000][1][safepoint    ] Total time for which application threads were stopped: 0.0000752 seconds, Stopping threads took: 0.0000170 seconds
[2019-12-09T02:55:10.513+0000][1][safepoint    ] Application time: 1.0000781 seconds
[2019-12-09T02:55:10.513+0000][1][safepoint    ] Entering safepoint region: Cleanup
[2019-12-09T02:55:10.513+0000][1][safepoint    ] Leaving safepoint region
[2019-12-09T02:55:10.513+0000][1][safepoint    ] Total time for which application threads were stopped: 0.0000714 seconds, Stopping threads took: 0.0000158 seconds
[2019-12-09T02:55:11.514+0000][1][safepoint    ] Application time: 1.0000772 seconds
[2019-12-09T02:55:11.514+0000][1][safepoint    ] Entering safepoint region: Cleanup
[2019-12-09T02:55:11.514+0000][1][safepoint    ] Leaving safepoint region
[2019-12-09T02:55:11.514+0000][1][safepoint    ] Total time for which application threads were stopped: 0.0000706 seconds, Stopping threads took: 0.0000167 seconds
[2019-12-09T02:55:12.514+0000][1][safepoint    ] Application time: 1.0000779 seconds
[2019-12-09T02:55:12.514+0000][1][safepoint    ] Entering safepoint region: Cleanup
[2019-12-09T02:55:12.514+0000][1][safepoint    ] Leaving safepoint region
[2019-12-09T02:55:12.514+0000][1][safepoint    ] Total time for which application threads were stopped: 0.0000730 seconds, Stopping threads took: 0.0000158 seconds
[2019-12-09T02:55:13.514+0000][1][safepoint    ] Application time: 1.0000777 seconds
[2019-12-09T02:55:13.514+0000][1][safepoint    ] Entering safepoint region: Cleanup
[2019-12-09T02:55:13.514+0000][1][safepoint    ] Leaving safepoint region
[2019-12-09T02:55:13.514+0000][1][safepoint    ] Total time for which application threads were stopped: 0.0000717 seconds, Stopping threads took: 0.0000164 seconds
[2019-12-09T02:55:14.514+0000][1][safepoint    ] Application time: 1.0000765 seconds
[2019-12-09T02:55:14.514+0000][1][safepoint    ] Entering safepoint region: Cleanup
[2019-12-09T02:55:14.514+0000][1][safepoint    ] Leaving safepoint region
[2019-12-09T02:55:14.514+0000][1][safepoint    ] Total time for which application threads were stopped: 0.0000757 seconds, Stopping threads took: 0.0000169 seconds
[2019-12-09T02:55:15.514+0000][1][safepoint    ] Application time: 1.0000773 seconds
[2019-12-09T02:55:15.514+0000][1][safepoint    ] Entering safepoint region: Cleanup
[2019-12-09T02:55:15.514+0000][1][safepoint    ] Leaving safepoint region
[2019-12-09T02:55:15.514+0000][1][safepoint    ] Total time for which application threads were stopped: 0.0000816 seconds, Stopping threads took: 0.0000175 seconds
[2019-12-09T02:55:16.514+0000][1][safepoint    ] Application time: 1.0000791 seconds
[2019-12-09T02:55:16.515+0000][1][safepoint    ] Entering safepoint region: Cleanup
[2019-12-09T02:55:16.515+0000][1][safepoint    ] Leaving safepoint region
[2019-12-09T02:55:16.515+0000][1][safepoint    ] Total time for which application threads were stopped: 0.0000746 seconds, Stopping threads took: 0.0000175 seconds
[2019-12-09T02:55:17.515+0000][1][safepoint    ] Application time: 1.0000766 seconds
[2019-12-09T02:55:17.515+0000][1][safepoint    ] Entering safepoint region: Cleanup
[2019-12-09T02:55:17.515+0000][1][safepoint    ] Leaving safepoint region
[2019-12-09T02:55:17.515+0000][1][safepoint    ] Total time for which application threads were stopped: 0.0000807 seconds, Stopping threads took: 0.0000184 seconds
[2019-12-09T02:55:18.515+0000][1][safepoint    ] Application time: 1.0000786 seconds
[2019-12-09T02:55:18.515+0000][1][safepoint    ] Entering safepoint region: Cleanup
[2019-12-09T02:55:18.515+0000][1][safepoint    ] Leaving safepoint region
[2019-12-09T02:55:18.515+0000][1][safepoint    ] Total time for which application threads were stopped: 0.0000750 seconds, Stopping threads took: 0.0000168 seconds
[2019-12-09T02:55:18.565+0000][1][safepoint    ] Application time: 0.0496298 seconds
[2019-12-09T02:55:18.565+0000][1][safepoint    ] Entering safepoint region: GenCollectForAllocation
[2019-12-09T02:55:18.565+0000][1][gc,start     ] GC(25) Pause Young (Allocation Failure)
[2019-12-09T02:55:18.565+0000][1][gc,task      ] GC(25) Using 2 workers of 2 for evacuation
[2019-12-09T02:55:18.581+0000][1][gc,age       ] GC(25) Desired survivor size 4456448 bytes, new threshold 6 (max threshold 6)
[2019-12-09T02:55:18.581+0000][1][gc,age       ] GC(25) Age table with threshold 6 (max threshold 6)
[2019-12-09T02:55:18.581+0000][1][gc,age       ] GC(25) - age   1:      29352 bytes,      29352 total
[2019-12-09T02:55:18.581+0000][1][gc,age       ] GC(25) - age   2:    2057952 bytes,    2087304 total
[2019-12-09T02:55:18.581+0000][1][gc,heap      ] GC(25) ParNew: 78656K->5897K(78656K)
[2019-12-09T02:55:18.581+0000][1][gc,heap      ] GC(25) CMS: 64354K->67984K(174784K)
[2019-12-09T02:55:18.581+0000][1][gc,metaspace ] GC(25) Metaspace: 68540K->68540K(1112064K)
[2019-12-09T02:55:18.581+0000][1][gc           ] GC(25) Pause Young (Allocation Failure) 139M->72M(247M) 16.406ms
[2019-12-09T02:55:18.581+0000][1][gc,cpu       ] GC(25) User=0.03s Sys=0.00s Real=0.01s
[2019-12-09T02:55:18.581+0000][1][safepoint    ] Leaving safepoint region
[2019-12-09T02:55:18.581+0000][1][safepoint    ] Total time for which application threads were stopped: 0.0165479 seconds, Stopping threads took: 0.0000134 seconds
[2019-12-09T02:55:19.581+0000][1][safepoint    ] Application time: 1.0000876 seconds
[2019-12-09T02:55:19.581+0000][1][safepoint    ] Entering safepoint region: Cleanup
[2019-12-09T02:55:19.581+0000][1][safepoint    ] Leaving safepoint region
[2019-12-09T02:55:19.581+0000][1][safepoint    ] Total time for which application threads were stopped: 0.0000715 seconds, Stopping threads took: 0.0000169 seconds
[2019-12-09T02:55:20.581+0000][1][safepoint    ] Application time: 1.0000814 seconds
[2019-12-09T02:55:20.582+0000][1][safepoint    ] Entering safepoint region: Cleanup
[2019-12-09T02:55:20.582+0000][1][safepoint    ] Leaving safepoint region
[2019-12-09T02:55:20.582+0000][1][safepoint    ] Total time for which application threads were stopped: 0.0000799 seconds, Stopping threads took: 0.0000177 seconds
[2019-12-09T02:55:21.582+0000][1][safepoint    ] Application time: 1.0000867 seconds
[2019-12-09T02:55:21.582+0000][1][safepoint    ] Entering safepoint region: Cleanup
[2019-12-09T02:55:21.582+0000][1][safepoint    ] Leaving safepoint region
[2019-12-09T02:55:21.582+0000][1][safepoint    ] Total time for which application threads were stopped: 0.0000735 seconds, Stopping threads took: 0.0000168 seconds
[2019-12-09T02:55:22.582+0000][1][safepoint    ] Application time: 1.0000766 seconds
[2019-12-09T02:55:22.582+0000][1][safepoint    ] Entering safepoint region: Cleanup
[2019-12-09T02:55:22.582+0000][1][safepoint    ] Leaving safepoint region
[2019-12-09T02:55:22.582+0000][1][safepoint    ] Total time for which application threads were stopped: 0.0000793 seconds, Stopping threads took: 0.0000237 seconds
[2019-12-09T02:55:23.582+0000][1][safepoint    ] Application time: 1.0000772 seconds
[2019-12-09T02:55:23.582+0000][1][safepoint    ] Entering safepoint region: Cleanup
[2019-12-09T02:55:23.582+0000][1][safepoint    ] Leaving safepoint region
[2019-12-09T02:55:23.582+0000][1][safepoint    ] Total time for which application threads were stopped: 0.0000740 seconds, Stopping threads took: 0.0000166 seconds
[2019-12-09T02:55:24.582+0000][1][safepoint    ] Application time: 1.0000759 seconds
[2019-12-09T02:55:24.582+0000][1][safepoint    ] Entering safepoint region: Cleanup
[2019-12-09T02:55:24.582+0000][1][safepoint    ] Leaving safepoint region
[2019-12-09T02:55:24.582+0000][1][safepoint    ] Total time for which application threads were stopped: 0.0000739 seconds, Stopping threads took: 0.0000173 seconds
[2019-12-09T02:55:25.582+0000][1][safepoint    ] Application time: 1.0000774 seconds
[2019-12-09T02:55:25.583+0000][1][safepoint    ] Entering safepoint region: Cleanup
[2019-12-09T02:55:25.583+0000][1][safepoint    ] Leaving safepoint region
[2019-12-09T02:55:25.583+0000][1][safepoint    ] Total time for which application threads were stopped: 0.0000725 seconds, Stopping threads took: 0.0000173 seconds
[2019-12-09T02:55:26.583+0000][1][safepoint    ] Application time: 1.0000777 seconds
[2019-12-09T02:55:26.583+0000][1][safepoint    ] Entering safepoint region: Cleanup
[2019-12-09T02:55:26.583+0000][1][safepoint    ] Leaving safepoint region
[2019-12-09T02:55:26.583+0000][1][safepoint    ] Total time for which application threads were stopped: 0.0000822 seconds, Stopping threads took: 0.0000177 seconds
[2019-12-09T02:55:27.583+0000][1][safepoint    ] Application time: 1.0000785 seconds
[2019-12-09T02:55:27.583+0000][1][safepoint    ] Entering safepoint region: Cleanup
[2019-12-09T02:55:27.583+0000][1][safepoint    ] Leaving safepoint region
[2019-12-09T02:55:27.583+0000][1][safepoint    ] Total time for which application threads were stopped: 0.0000769 seconds, Stopping threads took: 0.0000219 seconds
[2019-12-09T02:55:28.583+0000][1][safepoint    ] Application time: 1.0000761 seconds
[2019-12-09T02:55:28.583+0000][1][safepoint    ] Entering safepoint region: Cleanup
[2019-12-09T02:55:28.583+0000][1][safepoint    ] Leaving safepoint region
[2019-12-09T02:55:28.583+0000][1][safepoint    ] Total time for which application threads were stopped: 0.0000730 seconds, Stopping threads took: 0.0000166 seconds
[2019-12-09T02:55:29.583+0000][1][safepoint    ] Application time: 1.0000796 seconds
[2019-12-09T02:55:29.583+0000][1][safepoint    ] Entering safepoint region: Cleanup
[2019-12-09T02:55:29.583+0000][1][safepoint    ] Leaving safepoint region
[2019-12-09T02:55:29.583+0000][1][safepoint    ] Total time for which application threads were stopped: 0.0000981 seconds, Stopping threads took: 0.0000246 seconds
[2019-12-09T02:55:30.583+0000][1][safepoint    ] Application time: 1.0000789 seconds
[2019-12-09T02:55:30.584+0000][1][safepoint    ] Entering safepoint region: Cleanup
[2019-12-09T02:55:30.584+0000][1][safepoint    ] Leaving safepoint region
[2019-12-09T02:55:30.584+0000][1][safepoint    ] Total time for which application threads were stopped: 0.0000746 seconds, Stopping threads took: 0.0000170 seconds
[2019-12-09T02:55:31.584+0000][1][safepoint    ] Application time: 1.0000799 seconds
[2019-12-09T02:55:31.584+0000][1][safepoint    ] Entering safepoint region: Cleanup
[2019-12-09T02:55:31.584+0000][1][safepoint    ] Leaving safepoint region
[2019-12-09T02:55:31.584+0000][1][safepoint    ] Total time for which application threads were stopped: 0.0000797 seconds, Stopping threads took: 0.0000167 seconds
[2019-12-09T02:55:32.584+0000][1][safepoint    ] Application time: 1.0000780 seconds
[2019-12-09T02:55:32.584+0000][1][safepoint    ] Entering safepoint region: Cleanup
[2019-12-09T02:55:32.584+0000][1][safepoint    ] Leaving safepoint region
[2019-12-09T02:55:32.584+0000][1][safepoint    ] Total time for which application threads were stopped: 0.0000744 seconds, Stopping threads took: 0.0000163 seconds
[2019-12-09T02:55:33.584+0000][1][safepoint    ] Application time: 1.0000775 seconds
[2019-12-09T02:55:33.584+0000][1][safepoint    ] Entering safepoint region: Cleanup
[2019-12-09T02:55:33.584+0000][1][safepoint    ] Leaving safepoint region
[2019-12-09T02:55:33.584+0000][1][safepoint    ] Total time for which application threads were stopped: 0.0000812 seconds, Stopping threads took: 0.0000157 seconds
[2019-12-09T02:55:34.584+0000][1][safepoint    ] Application time: 1.0000808 seconds
[2019-12-09T02:55:34.584+0000][1][safepoint    ] Entering safepoint region: Cleanup
[2019-12-09T02:55:34.584+0000][1][safepoint    ] Leaving safepoint region
[2019-12-09T02:55:34.584+0000][1][safepoint    ] Total time for which application threads were stopped: 0.0000779 seconds, Stopping threads took: 0.0000176 seconds
[2019-12-09T02:55:35.584+0000][1][safepoint    ] Application time: 1.0000769 seconds
[2019-12-09T02:55:35.585+0000][1][safepoint    ] Entering safepoint region: Cleanup
[2019-12-09T02:55:35.585+0000][1][safepoint    ] Leaving safepoint region
[2019-12-09T02:55:35.585+0000][1][safepoint    ] Total time for which application threads were stopped: 0.0000724 seconds, Stopping threads took: 0.0000163 seconds
[2019-12-09T02:55:36.585+0000][1][safepoint    ] Application time: 1.0000786 seconds
[2019-12-09T02:55:36.585+0000][1][safepoint    ] Entering safepoint region: Cleanup
[2019-12-09T02:55:36.585+0000][1][safepoint    ] Leaving safepoint region
[2019-12-09T02:55:36.585+0000][1][safepoint    ] Total time for which application threads were stopped: 0.0000790 seconds, Stopping threads took: 0.0000160 seconds
[2019-12-09T02:55:37.585+0000][1][safepoint    ] Application time: 1.0000783 seconds
[2019-12-09T02:55:37.585+0000][1][safepoint    ] Entering safepoint region: Cleanup
[2019-12-09T02:55:37.585+0000][1][safepoint    ] Leaving safepoint region
[2019-12-09T02:55:37.585+0000][1][safepoint    ] Total time for which application threads were stopped: 0.0000796 seconds, Stopping threads took: 0.0000168 seconds
[2019-12-09T02:55:38.585+0000][1][safepoint    ] Application time: 1.0000779 seconds
[2019-12-09T02:55:38.585+0000][1][safepoint    ] Entering safepoint region: Cleanup
[2019-12-09T02:55:38.585+0000][1][safepoint    ] Leaving safepoint region
[2019-12-09T02:55:38.585+0000][1][safepoint    ] Total time for which application threads were stopped: 0.0000736 seconds, Stopping threads took: 0.0000166 seconds
[2019-12-09T02:55:39.585+0000][1][safepoint    ] Application time: 1.0000845 seconds
[2019-12-09T02:55:39.585+0000][1][safepoint    ] Entering safepoint region: Cleanup
[2019-12-09T02:55:39.585+0000][1][safepoint    ] Leaving safepoint region
[2019-12-09T02:55:39.585+0000][1][safepoint    ] Total time for which application threads were stopped: 0.0001065 seconds, Stopping threads took: 0.0000219 seconds
[2019-12-09T02:55:40.586+0000][1][safepoint    ] Application time: 1.0000758 seconds
[2019-12-09T02:55:40.586+0000][1][safepoint    ] Entering safepoint region: Cleanup
[2019-12-09T02:55:40.586+0000][1][safepoint    ] Leaving safepoint region
[2019-12-09T02:55:40.586+0000][1][safepoint    ] Total time for which application threads were stopped: 0.0000764 seconds, Stopping threads took: 0.0000165 seconds
[2019-12-09T02:55:41.586+0000][1][safepoint    ] Application time: 1.0000869 seconds
[2019-12-09T02:55:41.586+0000][1][safepoint    ] Entering safepoint region: Cleanup
[2019-12-09T02:55:41.586+0000][1][safepoint    ] Leaving safepoint region
[2019-12-09T02:55:41.586+0000][1][safepoint    ] Total time for which application threads were stopped: 0.0000720 seconds, Stopping threads took: 0.0000159 seconds
[2019-12-09T02:55:42.586+0000][1][safepoint    ] Application time: 1.0000774 seconds
[2019-12-09T02:55:42.586+0000][1][safepoint    ] Entering safepoint region: Cleanup
[2019-12-09T02:55:42.586+0000][1][safepoint    ] Leaving safepoint region
[2019-12-09T02:55:42.586+0000][1][safepoint    ] Total time for which application threads were stopped: 0.0000717 seconds, Stopping threads took: 0.0000155 seconds
[2019-12-09T02:55:43.586+0000][1][safepoint    ] Application time: 1.0000785 seconds
[2019-12-09T02:55:43.586+0000][1][safepoint    ] Entering safepoint region: Cleanup
[2019-12-09T02:55:43.586+0000][1][safepoint    ] Leaving safepoint region
[2019-12-09T02:55:43.586+0000][1][safepoint    ] Total time for which application threads were stopped: 0.0000781 seconds, Stopping threads took: 0.0000162 seconds
[2019-12-09T02:55:44.586+0000][1][safepoint    ] Application time: 1.0000815 seconds
[2019-12-09T02:55:44.586+0000][1][safepoint    ] Entering safepoint region: Cleanup
[2019-12-09T02:55:44.586+0000][1][safepoint    ] Leaving safepoint region
[2019-12-09T02:55:44.586+0000][1][safepoint    ] Total time for which application threads were stopped: 0.0001084 seconds, Stopping threads took: 0.0000226 seconds
[2019-12-09T02:55:45.587+0000][1][safepoint    ] Application time: 1.0000819 seconds
[2019-12-09T02:55:45.587+0000][1][safepoint    ] Entering safepoint region: Cleanup
[2019-12-09T02:55:45.587+0000][1][safepoint    ] Leaving safepoint region
[2019-12-09T02:55:45.587+0000][1][safepoint    ] Total time for which application threads were stopped: 0.0001347 seconds, Stopping threads took: 0.0000233 seconds
[2019-12-09T02:55:46.587+0000][1][safepoint    ] Application time: 1.0000758 seconds
[2019-12-09T02:55:46.587+0000][1][safepoint    ] Entering safepoint region: Cleanup
[2019-12-09T02:55:46.587+0000][1][safepoint    ] Leaving safepoint region
[2019-12-09T02:55:46.587+0000][1][safepoint    ] Total time for which application threads were stopped: 0.0000940 seconds, Stopping threads took: 0.0000173 seconds
[2019-12-09T02:55:47.587+0000][1][safepoint    ] Application time: 1.0000754 seconds
[2019-12-09T02:55:47.587+0000][1][safepoint    ] Entering safepoint region: Cleanup
[2019-12-09T02:55:47.587+0000][1][safepoint    ] Leaving safepoint region
[2019-12-09T02:55:47.587+0000][1][safepoint    ] Total time for which application threads were stopped: 0.0000918 seconds, Stopping threads took: 0.0000180 seconds
[2019-12-09T02:55:48.587+0000][1][safepoint    ] Application time: 1.0000768 seconds
[2019-12-09T02:55:48.587+0000][1][safepoint    ] Entering safepoint region: Cleanup
[2019-12-09T02:55:48.587+0000][1][safepoint    ] Leaving safepoint region
[2019-12-09T02:55:48.587+0000][1][safepoint    ] Total time for which application threads were stopped: 0.0000741 seconds, Stopping threads took: 0.0000178 seconds
[2019-12-09T02:55:49.587+0000][1][safepoint    ] Application time: 1.0000793 seconds
[2019-12-09T02:55:49.587+0000][1][safepoint    ] Entering safepoint region: Cleanup
[2019-12-09T02:55:49.588+0000][1][safepoint    ] Leaving safepoint region
[2019-12-09T02:55:49.588+0000][1][safepoint    ] Total time for which application threads were stopped: 0.0000836 seconds, Stopping threads took: 0.0000185 seconds
[2019-12-09T02:55:50.588+0000][1][safepoint    ] Application time: 1.0000768 seconds
[2019-12-09T02:55:50.588+0000][1][safepoint    ] Entering safepoint region: Cleanup
[2019-12-09T02:55:50.588+0000][1][safepoint    ] Leaving safepoint region
[2019-12-09T02:55:50.588+0000][1][safepoint    ] Total time for which application threads were stopped: 0.0000854 seconds, Stopping threads took: 0.0000175 seconds
[2019-12-09T02:55:51.588+0000][1][safepoint    ] Application time: 1.0000787 seconds
[2019-12-09T02:55:51.588+0000][1][safepoint    ] Entering safepoint region: Cleanup
[2019-12-09T02:55:51.588+0000][1][safepoint    ] Leaving safepoint region
[2019-12-09T02:55:51.588+0000][1][safepoint    ] Total time for which application threads were stopped: 0.0000769 seconds, Stopping threads took: 0.0000171 seconds
[2019-12-09T02:55:52.588+0000][1][safepoint    ] Application time: 1.0002772 seconds
[2019-12-09T02:55:52.588+0000][1][safepoint    ] Entering safepoint region: Cleanup
[2019-12-09T02:55:52.588+0000][1][safepoint    ] Leaving safepoint region
[2019-12-09T02:55:52.588+0000][1][safepoint    ] Total time for which application threads were stopped: 0.0000892 seconds, Stopping threads took: 0.0000250 seconds
[2019-12-09T02:55:53.588+0000][1][safepoint    ] Application time: 1.0000780 seconds
[2019-12-09T02:55:53.588+0000][1][safepoint    ] Entering safepoint region: Cleanup
[2019-12-09T02:55:53.589+0000][1][safepoint    ] Leaving safepoint region
[2019-12-09T02:55:53.589+0000][1][safepoint    ] Total time for which application threads were stopped: 0.0000743 seconds, Stopping threads took: 0.0000181 seconds
[2019-12-09T02:55:54.589+0000][1][safepoint    ] Application time: 1.0000783 seconds
[2019-12-09T02:55:54.589+0000][1][safepoint    ] Entering safepoint region: Cleanup
[2019-12-09T02:55:54.589+0000][1][safepoint    ] Leaving safepoint region
[2019-12-09T02:55:54.589+0000][1][safepoint    ] Total time for which application threads were stopped: 0.0000767 seconds, Stopping threads took: 0.0000185 seconds
[2019-12-09T02:55:55.589+0000][1][safepoint    ] Application time: 1.0000811 seconds
[2019-12-09T02:55:55.589+0000][1][safepoint    ] Entering safepoint region: Cleanup
[2019-12-09T02:55:55.589+0000][1][safepoint    ] Leaving safepoint region
[2019-12-09T02:55:55.589+0000][1][safepoint    ] Total time for which application threads were stopped: 0.0000980 seconds, Stopping threads took: 0.0000232 seconds
[2019-12-09T02:55:56.589+0000][1][safepoint    ] Application time: 1.0000743 seconds
[2019-12-09T02:55:56.589+0000][1][safepoint    ] Entering safepoint region: Cleanup
[2019-12-09T02:55:56.589+0000][1][safepoint    ] Leaving safepoint region
[2019-12-09T02:55:56.589+0000][1][safepoint    ] Total time for which application threads were stopped: 0.0000735 seconds, Stopping threads took: 0.0000167 seconds
[2019-12-09T02:55:57.589+0000][1][safepoint    ] Application time: 1.0000765 seconds
[2019-12-09T02:55:57.589+0000][1][safepoint    ] Entering safepoint region: Cleanup
[2019-12-09T02:55:57.589+0000][1][safepoint    ] Leaving safepoint region
[2019-12-09T02:55:57.589+0000][1][safepoint    ] Total time for which application threads were stopped: 0.0000744 seconds, Stopping threads took: 0.0000178 seconds
[2019-12-09T02:55:58.589+0000][1][safepoint    ] Application time: 1.0000741 seconds
[2019-12-09T02:55:58.590+0000][1][safepoint    ] Entering safepoint region: Cleanup
[2019-12-09T02:55:58.590+0000][1][safepoint    ] Leaving safepoint region
[2019-12-09T02:55:58.590+0000][1][safepoint    ] Total time for which application threads were stopped: 0.0000775 seconds, Stopping threads took: 0.0000180 seconds
[2019-12-09T02:55:59.590+0000][1][safepoint    ] Application time: 1.0000748 seconds
[2019-12-09T02:55:59.590+0000][1][safepoint    ] Entering safepoint region: Cleanup
[2019-12-09T02:55:59.590+0000][1][safepoint    ] Leaving safepoint region
[2019-12-09T02:55:59.590+0000][1][safepoint    ] Total time for which application threads were stopped: 0.0000861 seconds, Stopping threads took: 0.0000180 seconds
[2019-12-09T02:56:00.590+0000][1][safepoint    ] Application time: 1.0000754 seconds
[2019-12-09T02:56:00.590+0000][1][safepoint    ] Entering safepoint region: Cleanup
[2019-12-09T02:56:00.590+0000][1][safepoint    ] Leaving safepoint region
[2019-12-09T02:56:00.590+0000][1][safepoint    ] Total time for which application threads were stopped: 0.0000714 seconds, Stopping threads took: 0.0000159 seconds
[2019-12-09T02:56:01.590+0000][1][safepoint    ] Application time: 1.0000786 seconds
[2019-12-09T02:56:01.590+0000][1][safepoint    ] Entering safepoint region: Cleanup
[2019-12-09T02:56:01.590+0000][1][safepoint    ] Leaving safepoint region
[2019-12-09T02:56:01.590+0000][1][safepoint    ] Total time for which application threads were stopped: 0.0000899 seconds, Stopping threads took: 0.0000180 seconds
[2019-12-09T02:56:02.590+0000][1][safepoint    ] Application time: 1.0000761 seconds
[2019-12-09T02:56:02.590+0000][1][safepoint    ] Entering safepoint region: Cleanup
[2019-12-09T02:56:02.590+0000][1][safepoint    ] Leaving safepoint region
[2019-12-09T02:56:02.590+0000][1][safepoint    ] Total time for which application threads were stopped: 0.0000980 seconds, Stopping threads took: 0.0000240 seconds
[2019-12-09T02:56:03.591+0000][1][safepoint    ] Application time: 1.0000760 seconds
[2019-12-09T02:56:03.591+0000][1][safepoint    ] Entering safepoint region: Cleanup
[2019-12-09T02:56:03.591+0000][1][safepoint    ] Leaving safepoint region
[2019-12-09T02:56:03.591+0000][1][safepoint    ] Total time for which application threads were stopped: 0.0000771 seconds, Stopping threads took: 0.0000186 seconds
[2019-12-09T02:56:04.591+0000][1][safepoint    ] Application time: 1.0000762 seconds
[2019-12-09T02:56:04.591+0000][1][safepoint    ] Entering safepoint region: Cleanup
[2019-12-09T02:56:04.591+0000][1][safepoint    ] Leaving safepoint region
[2019-12-09T02:56:04.591+0000][1][safepoint    ] Total time for which application threads were stopped: 0.0000866 seconds, Stopping threads took: 0.0000184 seconds
[2019-12-09T02:56:05.591+0000][1][safepoint    ] Application time: 1.0000761 seconds
[2019-12-09T02:56:05.591+0000][1][safepoint    ] Entering safepoint region: Cleanup
[2019-12-09T02:56:05.591+0000][1][safepoint    ] Leaving safepoint region
[2019-12-09T02:56:05.591+0000][1][safepoint    ] Total time for which application threads were stopped: 0.0000772 seconds, Stopping threads took: 0.0000172 seconds
[2019-12-09T02:56:06.591+0000][1][safepoint    ] Application time: 1.0000756 seconds
[2019-12-09T02:56:06.591+0000][1][safepoint    ] Entering safepoint region: Cleanup
[2019-12-09T02:56:06.591+0000][1][safepoint    ] Leaving safepoint region
[2019-12-09T02:56:06.591+0000][1][safepoint    ] Total time for which application threads were stopped: 0.0000772 seconds, Stopping threads took: 0.0000170 seconds
[2019-12-09T02:56:07.591+0000][1][safepoint    ] Application time: 1.0000767 seconds
[2019-12-09T02:56:07.591+0000][1][safepoint    ] Entering safepoint region: Cleanup
[2019-12-09T02:56:07.591+0000][1][safepoint    ] Leaving safepoint region
[2019-12-09T02:56:07.591+0000][1][safepoint    ] Total time for which application threads were stopped: 0.0000760 seconds, Stopping threads took: 0.0000172 seconds
[2019-12-09T02:56:08.592+0000][1][safepoint    ] Application time: 1.0000765 seconds
[2019-12-09T02:56:08.592+0000][1][safepoint    ] Entering safepoint region: Cleanup
[2019-12-09T02:56:08.592+0000][1][safepoint    ] Leaving safepoint region
[2019-12-09T02:56:08.592+0000][1][safepoint    ] Total time for which application threads were stopped: 0.0000835 seconds, Stopping threads took: 0.0000184 seconds
[2019-12-09T02:56:09.592+0000][1][safepoint    ] Application time: 1.0000751 seconds
[2019-12-09T02:56:09.592+0000][1][safepoint    ] Entering safepoint region: Cleanup
[2019-12-09T02:56:09.592+0000][1][safepoint    ] Leaving safepoint region
[2019-12-09T02:56:09.592+0000][1][safepoint    ] Total time for which application threads were stopped: 0.0000761 seconds, Stopping threads took: 0.0000177 seconds
[2019-12-09T02:56:10.592+0000][1][safepoint    ] Application time: 1.0000759 seconds
[2019-12-09T02:56:10.592+0000][1][safepoint    ] Entering safepoint region: Cleanup
[2019-12-09T02:56:10.592+0000][1][safepoint    ] Leaving safepoint region
[2019-12-09T02:56:10.592+0000][1][safepoint    ] Total time for which application threads were stopped: 0.0000749 seconds, Stopping threads took: 0.0000175 seconds
[2019-12-09T02:56:11.592+0000][1][safepoint    ] Application time: 1.0000753 seconds
[2019-12-09T02:56:11.592+0000][1][safepoint    ] Entering safepoint region: Cleanup
[2019-12-09T02:56:11.592+0000][1][safepoint    ] Leaving safepoint region
[2019-12-09T02:56:11.592+0000][1][safepoint    ] Total time for which application threads were stopped: 0.0000762 seconds, Stopping threads took: 0.0000186 seconds
[2019-12-09T02:56:12.592+0000][1][safepoint    ] Application time: 1.0000745 seconds
[2019-12-09T02:56:12.592+0000][1][safepoint    ] Entering safepoint region: Cleanup
[2019-12-09T02:56:12.592+0000][1][safepoint    ] Leaving safepoint region
[2019-12-09T02:56:12.592+0000][1][safepoint    ] Total time for which application threads were stopped: 0.0000778 seconds, Stopping threads took: 0.0000159 seconds
[2019-12-09T02:56:13.592+0000][1][safepoint    ] Application time: 1.0000737 seconds
[2019-12-09T02:56:13.593+0000][1][safepoint    ] Entering safepoint region: Cleanup
[2019-12-09T02:56:13.593+0000][1][safepoint    ] Leaving safepoint region
[2019-12-09T02:56:13.593+0000][1][safepoint    ] Total time for which application threads were stopped: 0.0000737 seconds, Stopping threads took: 0.0000175 seconds
[2019-12-09T02:56:14.593+0000][1][safepoint    ] Application time: 1.0000746 seconds
[2019-12-09T02:56:14.593+0000][1][safepoint    ] Entering safepoint region: Cleanup
[2019-12-09T02:56:14.593+0000][1][safepoint    ] Leaving safepoint region
[2019-12-09T02:56:14.593+0000][1][safepoint    ] Total time for which application threads were stopped: 0.0000840 seconds, Stopping threads took: 0.0000255 seconds
[2019-12-09T02:56:15.593+0000][1][safepoint    ] Application time: 1.0000806 seconds
[2019-12-09T02:56:15.593+0000][1][safepoint    ] Entering safepoint region: Cleanup
[2019-12-09T02:56:15.593+0000][1][safepoint    ] Leaving safepoint region
[2019-12-09T02:56:15.593+0000][1][safepoint    ] Total time for which application threads were stopped: 0.0000759 seconds, Stopping threads took: 0.0000182 seconds
[2019-12-09T02:56:16.593+0000][1][safepoint    ] Application time: 1.0000845 seconds
[2019-12-09T02:56:16.593+0000][1][safepoint    ] Entering safepoint region: Cleanup
[2019-12-09T02:56:16.593+0000][1][safepoint    ] Leaving safepoint region
[2019-12-09T02:56:16.593+0000][1][safepoint    ] Total time for which application threads were stopped: 0.0000733 seconds, Stopping threads took: 0.0000162 seconds
[2019-12-09T02:56:17.593+0000][1][safepoint    ] Application time: 1.0000771 seconds
[2019-12-09T02:56:17.593+0000][1][safepoint    ] Entering safepoint region: Cleanup
[2019-12-09T02:56:17.593+0000][1][safepoint    ] Leaving safepoint region
[2019-12-09T02:56:17.593+0000][1][safepoint    ] Total time for which application threads were stopped: 0.0000746 seconds, Stopping threads took: 0.0000159 seconds
[2019-12-09T02:56:18.593+0000][1][safepoint    ] Application time: 1.0000782 seconds
[2019-12-09T02:56:18.594+0000][1][safepoint    ] Entering safepoint region: Cleanup
[2019-12-09T02:56:18.594+0000][1][safepoint    ] Leaving safepoint region
[2019-12-09T02:56:18.594+0000][1][safepoint    ] Total time for which application threads were stopped: 0.0000740 seconds, Stopping threads took: 0.0000173 seconds
[2019-12-09T02:56:19.594+0000][1][safepoint    ] Application time: 1.0000869 seconds
[2019-12-09T02:56:19.594+0000][1][safepoint    ] Entering safepoint region: Cleanup
[2019-12-09T02:56:19.594+0000][1][safepoint    ] Leaving safepoint region
[2019-12-09T02:56:19.594+0000][1][safepoint    ] Total time for which application threads were stopped: 0.0000752 seconds, Stopping threads took: 0.0000157 seconds
[2019-12-09T02:56:20.594+0000][1][safepoint    ] Application time: 1.0000760 seconds
[2019-12-09T02:56:20.594+0000][1][safepoint    ] Entering safepoint region: Cleanup
[2019-12-09T02:56:20.594+0000][1][safepoint    ] Leaving safepoint region
[2019-12-09T02:56:20.594+0000][1][safepoint    ] Total time for which application threads were stopped: 0.0000806 seconds, Stopping threads took: 0.0000181 seconds
[2019-12-09T02:56:21.594+0000][1][safepoint    ] Application time: 1.0000752 seconds
[2019-12-09T02:56:21.594+0000][1][safepoint    ] Entering safepoint region: Cleanup
[2019-12-09T02:56:21.594+0000][1][safepoint    ] Leaving safepoint region
[2019-12-09T02:56:21.594+0000][1][safepoint    ] Total time for which application threads were stopped: 0.0000729 seconds, Stopping threads took: 0.0000161 seconds
[2019-12-09T02:56:22.594+0000][1][safepoint    ] Application time: 1.0000784 seconds
[2019-12-09T02:56:22.594+0000][1][safepoint    ] Entering safepoint region: Cleanup
[2019-12-09T02:56:22.594+0000][1][safepoint    ] Leaving safepoint region
[2019-12-09T02:56:22.594+0000][1][safepoint    ] Total time for which application threads were stopped: 0.0000808 seconds, Stopping threads took: 0.0000173 seconds
[2019-12-09T02:56:23.594+0000][1][safepoint    ] Application time: 1.0000780 seconds
[2019-12-09T02:56:23.595+0000][1][safepoint    ] Entering safepoint region: Cleanup
[2019-12-09T02:56:23.595+0000][1][safepoint    ] Leaving safepoint region
[2019-12-09T02:56:23.595+0000][1][safepoint    ] Total time for which application threads were stopped: 0.0000747 seconds, Stopping threads took: 0.0000172 seconds
[2019-12-09T02:56:24.595+0000][1][safepoint    ] Application time: 1.0000878 seconds
[2019-12-09T02:56:24.595+0000][1][safepoint    ] Entering safepoint region: Cleanup
[2019-12-09T02:56:24.595+0000][1][safepoint    ] Leaving safepoint region
[2019-12-09T02:56:24.595+0000][1][safepoint    ] Total time for which application threads were stopped: 0.0000809 seconds, Stopping threads took: 0.0000243 seconds
[2019-12-09T02:56:25.595+0000][1][safepoint    ] Application time: 1.0000761 seconds
[2019-12-09T02:56:25.595+0000][1][safepoint    ] Entering safepoint region: Cleanup
[2019-12-09T02:56:25.595+0000][1][safepoint    ] Leaving safepoint region
[2019-12-09T02:56:25.595+0000][1][safepoint    ] Total time for which application threads were stopped: 0.0000736 seconds, Stopping threads took: 0.0000173 seconds
[2019-12-09T02:56:26.595+0000][1][safepoint    ] Application time: 1.0000795 seconds
[2019-12-09T02:56:26.595+0000][1][safepoint    ] Entering safepoint region: Cleanup
[2019-12-09T02:56:26.595+0000][1][safepoint    ] Leaving safepoint region
[2019-12-09T02:56:26.595+0000][1][safepoint    ] Total time for which application threads were stopped: 0.0000735 seconds, Stopping threads took: 0.0000168 seconds
[2019-12-09T02:56:27.595+0000][1][safepoint    ] Application time: 1.0000785 seconds
[2019-12-09T02:56:27.595+0000][1][safepoint    ] Entering safepoint region: Cleanup
[2019-12-09T02:56:27.595+0000][1][safepoint    ] Leaving safepoint region
[2019-12-09T02:56:27.595+0000][1][safepoint    ] Total time for which application threads were stopped: 0.0000733 seconds, Stopping threads took: 0.0000166 seconds
[2019-12-09T02:56:28.595+0000][1][safepoint    ] Application time: 1.0000748 seconds
[2019-12-09T02:56:28.596+0000][1][safepoint    ] Entering safepoint region: Cleanup
[2019-12-09T02:56:28.596+0000][1][safepoint    ] Leaving safepoint region
[2019-12-09T02:56:28.596+0000][1][safepoint    ] Total time for which application threads were stopped: 0.0000766 seconds, Stopping threads took: 0.0000187 seconds
[2019-12-09T02:56:29.596+0000][1][safepoint    ] Application time: 1.0000780 seconds
[2019-12-09T02:56:29.596+0000][1][safepoint    ] Entering safepoint region: Cleanup
[2019-12-09T02:56:29.596+0000][1][safepoint    ] Leaving safepoint region
[2019-12-09T02:56:29.596+0000][1][safepoint    ] Total time for which application threads were stopped: 0.0000816 seconds, Stopping threads took: 0.0000184 seconds
[2019-12-09T02:56:30.596+0000][1][safepoint    ] Application time: 1.0000772 seconds
[2019-12-09T02:56:30.596+0000][1][safepoint    ] Entering safepoint region: Cleanup
[2019-12-09T02:56:30.596+0000][1][safepoint    ] Leaving safepoint region
[2019-12-09T02:56:30.596+0000][1][safepoint    ] Total time for which application threads were stopped: 0.0000783 seconds, Stopping threads took: 0.0000194 seconds
[2019-12-09T02:56:31.596+0000][1][safepoint    ] Application time: 1.0000790 seconds
[2019-12-09T02:56:31.596+0000][1][safepoint    ] Entering safepoint region: Cleanup
[2019-12-09T02:56:31.596+0000][1][safepoint    ] Leaving safepoint region
[2019-12-09T02:56:31.596+0000][1][safepoint    ] Total time for which application threads were stopped: 0.0000751 seconds, Stopping threads took: 0.0000177 seconds
[2019-12-09T02:56:32.596+0000][1][safepoint    ] Application time: 1.0000774 seconds
[2019-12-09T02:56:32.596+0000][1][safepoint    ] Entering safepoint region: Cleanup
[2019-12-09T02:56:32.596+0000][1][safepoint    ] Leaving safepoint region
[2019-12-09T02:56:32.596+0000][1][safepoint    ] Total time for which application threads were stopped: 0.0000812 seconds, Stopping threads took: 0.0000243 seconds
[2019-12-09T02:56:33.596+0000][1][safepoint    ] Application time: 1.0000775 seconds
[2019-12-09T02:56:33.597+0000][1][safepoint    ] Entering safepoint region: Cleanup
[2019-12-09T02:56:33.597+0000][1][safepoint    ] Leaving safepoint region
[2019-12-09T02:56:33.597+0000][1][safepoint    ] Total time for which application threads were stopped: 0.0000775 seconds, Stopping threads took: 0.0000190 seconds
[2019-12-09T02:56:34.597+0000][1][safepoint    ] Application time: 1.0000867 seconds
[2019-12-09T02:56:34.597+0000][1][safepoint    ] Entering safepoint region: Cleanup
[2019-12-09T02:56:34.597+0000][1][safepoint    ] Leaving safepoint region
[2019-12-09T02:56:34.597+0000][1][safepoint    ] Total time for which application threads were stopped: 0.0000835 seconds, Stopping threads took: 0.0000252 seconds
[2019-12-09T02:56:35.597+0000][1][safepoint    ] Application time: 1.0000769 seconds
[2019-12-09T02:56:35.597+0000][1][safepoint    ] Entering safepoint region: Cleanup
[2019-12-09T02:56:35.597+0000][1][safepoint    ] Leaving safepoint region
[2019-12-09T02:56:35.597+0000][1][safepoint    ] Total time for which application threads were stopped: 0.0000756 seconds, Stopping threads took: 0.0000189 seconds
[2019-12-09T02:56:36.597+0000][1][safepoint    ] Application time: 1.0000776 seconds
[2019-12-09T02:56:36.597+0000][1][safepoint    ] Entering safepoint region: Cleanup
[2019-12-09T02:56:36.597+0000][1][safepoint    ] Leaving safepoint region
[2019-12-09T02:56:36.597+0000][1][safepoint    ] Total time for which application threads were stopped: 0.0000717 seconds, Stopping threads took: 0.0000166 seconds
[2019-12-09T02:56:37.597+0000][1][safepoint    ] Application time: 1.0000754 seconds
[2019-12-09T02:56:37.597+0000][1][safepoint    ] Entering safepoint region: Cleanup
[2019-12-09T02:56:37.597+0000][1][safepoint    ] Leaving safepoint region
[2019-12-09T02:56:37.597+0000][1][safepoint    ] Total time for which application threads were stopped: 0.0000731 seconds, Stopping threads took: 0.0000173 seconds
[2019-12-09T02:56:38.597+0000][1][safepoint    ] Application time: 1.0000755 seconds
[2019-12-09T02:56:38.598+0000][1][safepoint    ] Entering safepoint region: Cleanup
[2019-12-09T02:56:38.598+0000][1][safepoint    ] Leaving safepoint region
[2019-12-09T02:56:38.598+0000][1][safepoint    ] Total time for which application threads were stopped: 0.0000728 seconds, Stopping threads took: 0.0000166 seconds
[2019-12-09T02:56:39.598+0000][1][safepoint    ] Application time: 1.0000764 seconds
[2019-12-09T02:56:39.598+0000][1][safepoint    ] Entering safepoint region: Cleanup
[2019-12-09T02:56:39.598+0000][1][safepoint    ] Leaving safepoint region
[2019-12-09T02:56:39.598+0000][1][safepoint    ] Total time for which application threads were stopped: 0.0000740 seconds, Stopping threads took: 0.0000167 seconds
[2019-12-09T02:56:41.331+0000][1][safepoint    ] Application time: 1.7331356 seconds
[2019-12-09T02:56:41.331+0000][1][safepoint    ] Entering safepoint region: Cleanup
[2019-12-09T02:56:41.331+0000][1][safepoint    ] Leaving safepoint region
[2019-12-09T02:56:41.331+0000][1][safepoint    ] Total time for which application threads were stopped: 0.0001087 seconds, Stopping threads took: 0.0000202 seconds
[2019-12-09T02:56:42.331+0000][1][safepoint    ] Application time: 1.0002036 seconds
[2019-12-09T02:56:42.331+0000][1][safepoint    ] Entering safepoint region: Cleanup
[2019-12-09T02:56:42.331+0000][1][safepoint    ] Leaving safepoint region
[2019-12-09T02:56:42.331+0000][1][safepoint    ] Total time for which application threads were stopped: 0.0001191 seconds, Stopping threads took: 0.0000547 seconds
[2019-12-09T02:56:43.332+0000][1][safepoint    ] Application time: 1.0000820 seconds
[2019-12-09T02:56:43.332+0000][1][safepoint    ] Entering safepoint region: Cleanup
[2019-12-09T02:56:43.332+0000][1][safepoint    ] Leaving safepoint region
[2019-12-09T02:56:43.332+0000][1][safepoint    ] Total time for which application threads were stopped: 0.0000923 seconds, Stopping threads took: 0.0000222 seconds
[2019-12-09T02:56:44.332+0000][1][safepoint    ] Application time: 1.0000742 seconds
[2019-12-09T02:56:44.332+0000][1][safepoint    ] Entering safepoint region: Cleanup
[2019-12-09T02:56:44.332+0000][1][safepoint    ] Leaving safepoint region
[2019-12-09T02:56:44.332+0000][1][safepoint    ] Total time for which application threads were stopped: 0.0000734 seconds, Stopping threads took: 0.0000179 seconds
[2019-12-09T02:56:45.332+0000][1][safepoint    ] Application time: 1.0000792 seconds
[2019-12-09T02:56:45.332+0000][1][safepoint    ] Entering safepoint region: Cleanup
[2019-12-09T02:56:45.332+0000][1][safepoint    ] Leaving safepoint region
[2019-12-09T02:56:45.332+0000][1][safepoint    ] Total time for which application threads were stopped: 0.0000764 seconds, Stopping threads took: 0.0000160 seconds
[2019-12-09T02:56:46.332+0000][1][safepoint    ] Application time: 1.0000777 seconds
[2019-12-09T02:56:46.332+0000][1][safepoint    ] Entering safepoint region: Cleanup
[2019-12-09T02:56:46.332+0000][1][safepoint    ] Leaving safepoint region
[2019-12-09T02:56:46.332+0000][1][safepoint    ] Total time for which application threads were stopped: 0.0000711 seconds, Stopping threads took: 0.0000164 seconds
[2019-12-09T02:56:47.332+0000][1][safepoint    ] Application time: 1.0000795 seconds
[2019-12-09T02:56:47.332+0000][1][safepoint    ] Entering safepoint region: Cleanup
[2019-12-09T02:56:47.332+0000][1][safepoint    ] Leaving safepoint region
[2019-12-09T02:56:47.332+0000][1][safepoint    ] Total time for which application threads were stopped: 0.0000754 seconds, Stopping threads took: 0.0000150 seconds
[2019-12-09T02:56:48.332+0000][1][safepoint    ] Application time: 1.0000758 seconds
[2019-12-09T02:56:48.332+0000][1][safepoint    ] Entering safepoint region: Cleanup
[2019-12-09T02:56:48.333+0000][1][safepoint    ] Leaving safepoint region
[2019-12-09T02:56:48.333+0000][1][safepoint    ] Total time for which application threads were stopped: 0.0000857 seconds, Stopping threads took: 0.0000220 seconds
[2019-12-09T02:56:49.333+0000][1][safepoint    ] Application time: 1.0000786 seconds
[2019-12-09T02:56:49.333+0000][1][safepoint    ] Entering safepoint region: Cleanup
[2019-12-09T02:56:49.333+0000][1][safepoint    ] Leaving safepoint region
[2019-12-09T02:56:49.333+0000][1][safepoint    ] Total time for which application threads were stopped: 0.0000839 seconds, Stopping threads took: 0.0000261 seconds
[2019-12-09T02:56:50.333+0000][1][safepoint    ] Application time: 1.0000771 seconds
[2019-12-09T02:56:50.333+0000][1][safepoint    ] Entering safepoint region: Cleanup
[2019-12-09T02:56:50.333+0000][1][safepoint    ] Leaving safepoint region
[2019-12-09T02:56:50.333+0000][1][safepoint    ] Total time for which application threads were stopped: 0.0000801 seconds, Stopping threads took: 0.0000168 seconds
[2019-12-09T02:56:51.333+0000][1][safepoint    ] Application time: 1.0000745 seconds
[2019-12-09T02:56:51.333+0000][1][safepoint    ] Entering safepoint region: Cleanup
[2019-12-09T02:56:51.333+0000][1][safepoint    ] Leaving safepoint region
[2019-12-09T02:56:51.333+0000][1][safepoint    ] Total time for which application threads were stopped: 0.0000791 seconds, Stopping threads took: 0.0000165 seconds
[2019-12-09T02:56:52.333+0000][1][safepoint    ] Application time: 1.0000760 seconds
[2019-12-09T02:56:52.333+0000][1][safepoint    ] Entering safepoint region: Cleanup
[2019-12-09T02:56:52.333+0000][1][safepoint    ] Leaving safepoint region
[2019-12-09T02:56:52.333+0000][1][safepoint    ] Total time for which application threads were stopped: 0.0000649 seconds, Stopping threads took: 0.0000145 seconds
[2019-12-09T02:56:53.333+0000][1][safepoint    ] Application time: 1.0000745 seconds
[2019-12-09T02:56:53.333+0000][1][safepoint    ] Entering safepoint region: Cleanup
[2019-12-09T02:56:53.333+0000][1][safepoint    ] Leaving safepoint region
[2019-12-09T02:56:53.333+0000][1][safepoint    ] Total time for which application threads were stopped: 0.0000748 seconds, Stopping threads took: 0.0000163 seconds
[2019-12-09T02:56:54.334+0000][1][safepoint    ] Application time: 1.0000773 seconds
[2019-12-09T02:56:54.334+0000][1][safepoint    ] Entering safepoint region: Cleanup
[2019-12-09T02:56:54.334+0000][1][safepoint    ] Leaving safepoint region
[2019-12-09T02:56:54.334+0000][1][safepoint    ] Total time for which application threads were stopped: 0.0000763 seconds, Stopping threads took: 0.0000176 seconds
[2019-12-09T02:56:55.334+0000][1][safepoint    ] Application time: 1.0000787 seconds
[2019-12-09T02:56:55.334+0000][1][safepoint    ] Entering safepoint region: Cleanup
[2019-12-09T02:56:55.334+0000][1][safepoint    ] Leaving safepoint region
[2019-12-09T02:56:55.334+0000][1][safepoint    ] Total time for which application threads were stopped: 0.0000792 seconds, Stopping threads took: 0.0000168 seconds
[2019-12-09T02:56:56.334+0000][1][safepoint    ] Application time: 1.0000767 seconds
[2019-12-09T02:56:56.334+0000][1][safepoint    ] Entering safepoint region: Cleanup
[2019-12-09T02:56:56.334+0000][1][safepoint    ] Leaving safepoint region
[2019-12-09T02:56:56.334+0000][1][safepoint    ] Total time for which application threads were stopped: 0.0000703 seconds, Stopping threads took: 0.0000166 seconds
[2019-12-09T02:56:57.334+0000][1][safepoint    ] Application time: 1.0000739 seconds
[2019-12-09T02:56:57.334+0000][1][safepoint    ] Entering safepoint region: Cleanup
[2019-12-09T02:56:57.334+0000][1][safepoint    ] Leaving safepoint region
[2019-12-09T02:56:57.334+0000][1][safepoint    ] Total time for which application threads were stopped: 0.0000746 seconds, Stopping threads took: 0.0000165 seconds
[2019-12-09T02:56:58.334+0000][1][safepoint    ] Application time: 1.0000779 seconds
[2019-12-09T02:56:58.334+0000][1][safepoint    ] Entering safepoint region: Cleanup
[2019-12-09T02:56:58.334+0000][1][safepoint    ] Leaving safepoint region
[2019-12-09T02:56:58.334+0000][1][safepoint    ] Total time for which application threads were stopped: 0.0000779 seconds, Stopping threads took: 0.0000235 seconds
[2019-12-09T02:56:59.334+0000][1][safepoint    ] Application time: 1.0000759 seconds
[2019-12-09T02:56:59.334+0000][1][safepoint    ] Entering safepoint region: Cleanup
[2019-12-09T02:56:59.335+0000][1][safepoint    ] Leaving safepoint region
[2019-12-09T02:56:59.335+0000][1][safepoint    ] Total time for which application threads were stopped: 0.0000817 seconds, Stopping threads took: 0.0000150 seconds
[2019-12-09T02:57:00.335+0000][1][safepoint    ] Application time: 1.0000765 seconds
[2019-12-09T02:57:00.335+0000][1][safepoint    ] Entering safepoint region: Cleanup
[2019-12-09T02:57:00.335+0000][1][safepoint    ] Leaving safepoint region
[2019-12-09T02:57:00.335+0000][1][safepoint    ] Total time for which application threads were stopped: 0.0000785 seconds, Stopping threads took: 0.0000162 seconds
[2019-12-09T02:57:01.335+0000][1][safepoint    ] Application time: 1.0000770 seconds
[2019-12-09T02:57:01.335+0000][1][safepoint    ] Entering safepoint region: Cleanup
[2019-12-09T02:57:01.335+0000][1][safepoint    ] Leaving safepoint region
[2019-12-09T02:57:01.335+0000][1][safepoint    ] Total time for which application threads were stopped: 0.0000715 seconds, Stopping threads took: 0.0000166 seconds
[2019-12-09T02:57:02.335+0000][1][safepoint    ] Application time: 1.0000771 seconds
[2019-12-09T02:57:02.335+0000][1][safepoint    ] Entering safepoint region: Cleanup
[2019-12-09T02:57:02.335+0000][1][safepoint    ] Leaving safepoint region
[2019-12-09T02:57:02.335+0000][1][safepoint    ] Total time for which application threads were stopped: 0.0000713 seconds, Stopping threads took: 0.0000168 seconds
[2019-12-09T02:57:03.335+0000][1][safepoint    ] Application time: 1.0000770 seconds
[2019-12-09T02:57:03.335+0000][1][safepoint    ] Entering safepoint region: Cleanup
[2019-12-09T02:57:03.335+0000][1][safepoint    ] Leaving safepoint region
[2019-12-09T02:57:03.335+0000][1][safepoint    ] Total time for which application threads were stopped: 0.0000724 seconds, Stopping threads took: 0.0000169 seconds
[2019-12-09T02:57:04.335+0000][1][safepoint    ] Application time: 1.0000784 seconds
[2019-12-09T02:57:04.335+0000][1][safepoint    ] Entering safepoint region: Cleanup
[2019-12-09T02:57:04.335+0000][1][safepoint    ] Leaving safepoint region
[2019-12-09T02:57:04.335+0000][1][safepoint    ] Total time for which application threads were stopped: 0.0000758 seconds, Stopping threads took: 0.0000159 seconds
[2019-12-09T02:57:05.336+0000][1][safepoint    ] Application time: 1.0000780 seconds
[2019-12-09T02:57:05.336+0000][1][safepoint    ] Entering safepoint region: Cleanup
[2019-12-09T02:57:05.336+0000][1][safepoint    ] Leaving safepoint region
[2019-12-09T02:57:05.336+0000][1][safepoint    ] Total time for which application threads were stopped: 0.0000779 seconds, Stopping threads took: 0.0000167 seconds
[2019-12-09T02:57:06.336+0000][1][safepoint    ] Application time: 1.0000778 seconds
[2019-12-09T02:57:06.336+0000][1][safepoint    ] Entering safepoint region: Cleanup
[2019-12-09T02:57:06.336+0000][1][safepoint    ] Leaving safepoint region
[2019-12-09T02:57:06.336+0000][1][safepoint    ] Total time for which application threads were stopped: 0.0000740 seconds, Stopping threads took: 0.0000164 seconds
[2019-12-09T02:57:07.336+0000][1][safepoint    ] Application time: 1.0000771 seconds
[2019-12-09T02:57:07.336+0000][1][safepoint    ] Entering safepoint region: Cleanup
[2019-12-09T02:57:07.336+0000][1][safepoint    ] Leaving safepoint region
[2019-12-09T02:57:07.336+0000][1][safepoint    ] Total time for which application threads were stopped: 0.0000808 seconds, Stopping threads took: 0.0000168 seconds
[2019-12-09T02:57:08.336+0000][1][safepoint    ] Application time: 1.0000782 seconds
[2019-12-09T02:57:08.336+0000][1][safepoint    ] Entering safepoint region: Cleanup
[2019-12-09T02:57:08.336+0000][1][safepoint    ] Leaving safepoint region
[2019-12-09T02:57:08.336+0000][1][safepoint    ] Total time for which application threads were stopped: 0.0000710 seconds, Stopping threads took: 0.0000165 seconds
[2019-12-09T02:57:09.336+0000][1][safepoint    ] Application time: 1.0000755 seconds
[2019-12-09T02:57:09.336+0000][1][safepoint    ] Entering safepoint region: Cleanup
[2019-12-09T02:57:09.336+0000][1][safepoint    ] Leaving safepoint region
[2019-12-09T02:57:09.336+0000][1][safepoint    ] Total time for which application threads were stopped: 0.0000702 seconds, Stopping threads took: 0.0000165 seconds
[2019-12-09T02:57:10.336+0000][1][safepoint    ] Application time: 1.0000767 seconds
[2019-12-09T02:57:10.336+0000][1][safepoint    ] Entering safepoint region: Cleanup
[2019-12-09T02:57:10.337+0000][1][safepoint    ] Leaving safepoint region
[2019-12-09T02:57:10.337+0000][1][safepoint    ] Total time for which application threads were stopped: 0.0000765 seconds, Stopping threads took: 0.0000172 seconds
[2019-12-09T02:57:11.337+0000][1][safepoint    ] Application time: 1.0000762 seconds
[2019-12-09T02:57:11.337+0000][1][safepoint    ] Entering safepoint region: Cleanup
[2019-12-09T02:57:11.337+0000][1][safepoint    ] Leaving safepoint region
[2019-12-09T02:57:11.337+0000][1][safepoint    ] Total time for which application threads were stopped: 0.0000801 seconds, Stopping threads took: 0.0000159 seconds
[2019-12-09T02:57:12.337+0000][1][safepoint    ] Application time: 1.0000742 seconds
[2019-12-09T02:57:12.337+0000][1][safepoint    ] Entering safepoint region: Cleanup
[2019-12-09T02:57:12.337+0000][1][safepoint    ] Leaving safepoint region
[2019-12-09T02:57:12.337+0000][1][safepoint    ] Total time for which application threads were stopped: 0.0000677 seconds, Stopping threads took: 0.0000160 seconds
[2019-12-09T02:57:13.337+0000][1][safepoint    ] Application time: 1.0000769 seconds
[2019-12-09T02:57:13.337+0000][1][safepoint    ] Entering safepoint region: Cleanup
[2019-12-09T02:57:13.337+0000][1][safepoint    ] Leaving safepoint region
[2019-12-09T02:57:13.337+0000][1][safepoint    ] Total time for which application threads were stopped: 0.0000723 seconds, Stopping threads took: 0.0000171 seconds
[2019-12-09T02:57:14.337+0000][1][safepoint    ] Application time: 1.0000770 seconds
[2019-12-09T02:57:14.337+0000][1][safepoint    ] Entering safepoint region: Cleanup
[2019-12-09T02:57:14.337+0000][1][safepoint    ] Leaving safepoint region
[2019-12-09T02:57:14.337+0000][1][safepoint    ] Total time for which application threads were stopped: 0.0000698 seconds, Stopping threads took: 0.0000160 seconds
[2019-12-09T02:57:15.337+0000][1][safepoint    ] Application time: 1.0000791 seconds
[2019-12-09T02:57:15.337+0000][1][safepoint    ] Entering safepoint region: Cleanup
[2019-12-09T02:57:15.337+0000][1][safepoint    ] Leaving safepoint region
[2019-12-09T02:57:15.337+0000][1][safepoint    ] Total time for which application threads were stopped: 0.0000713 seconds, Stopping threads took: 0.0000156 seconds
[2019-12-09T02:57:16.337+0000][1][safepoint    ] Application time: 1.0000786 seconds
[2019-12-09T02:57:16.338+0000][1][safepoint    ] Entering safepoint region: Cleanup
[2019-12-09T02:57:16.338+0000][1][safepoint    ] Leaving safepoint region
[2019-12-09T02:57:16.338+0000][1][safepoint    ] Total time for which application threads were stopped: 0.0000702 seconds, Stopping threads took: 0.0000164 seconds
[2019-12-09T02:57:17.338+0000][1][safepoint    ] Application time: 1.0000794 seconds
[2019-12-09T02:57:17.338+0000][1][safepoint    ] Entering safepoint region: Cleanup
[2019-12-09T02:57:17.338+0000][1][safepoint    ] Leaving safepoint region
[2019-12-09T02:57:17.338+0000][1][safepoint    ] Total time for which application threads were stopped: 0.0000713 seconds, Stopping threads took: 0.0000170 seconds
[2019-12-09T02:57:18.338+0000][1][safepoint    ] Application time: 1.0000781 seconds
[2019-12-09T02:57:18.338+0000][1][safepoint    ] Entering safepoint region: Cleanup
[2019-12-09T02:57:18.338+0000][1][safepoint    ] Leaving safepoint region
[2019-12-09T02:57:18.338+0000][1][safepoint    ] Total time for which application threads were stopped: 0.0000764 seconds, Stopping threads took: 0.0000167 seconds
[2019-12-09T02:57:19.338+0000][1][safepoint    ] Application time: 1.0000754 seconds
[2019-12-09T02:57:19.338+0000][1][safepoint    ] Entering safepoint region: Cleanup
[2019-12-09T02:57:19.338+0000][1][safepoint    ] Leaving safepoint region
[2019-12-09T02:57:19.338+0000][1][safepoint    ] Total time for which application threads were stopped: 0.0000729 seconds, Stopping threads took: 0.0000175 seconds
[2019-12-09T02:57:20.338+0000][1][safepoint    ] Application time: 1.0000760 seconds
[2019-12-09T02:57:20.338+0000][1][safepoint    ] Entering safepoint region: Cleanup
[2019-12-09T02:57:20.338+0000][1][safepoint    ] Leaving safepoint region
[2019-12-09T02:57:20.338+0000][1][safepoint    ] Total time for which application threads were stopped: 0.0000699 seconds, Stopping threads took: 0.0000155 seconds
[2019-12-09T02:57:21.338+0000][1][safepoint    ] Application time: 1.0000770 seconds
[2019-12-09T02:57:21.338+0000][1][safepoint    ] Entering safepoint region: Cleanup
[2019-12-09T02:57:21.338+0000][1][safepoint    ] Leaving safepoint region
[2019-12-09T02:57:21.338+0000][1][safepoint    ] Total time for which application threads were stopped: 0.0000713 seconds, Stopping threads took: 0.0000168 seconds
[2019-12-09T02:57:22.339+0000][1][safepoint    ] Application time: 1.0000775 seconds
[2019-12-09T02:57:22.339+0000][1][safepoint    ] Entering safepoint region: Cleanup
[2019-12-09T02:57:22.339+0000][1][safepoint    ] Leaving safepoint region
[2019-12-09T02:57:22.339+0000][1][safepoint    ] Total time for which application threads were stopped: 0.0000688 seconds, Stopping threads took: 0.0000153 seconds
[2019-12-09T02:57:23.339+0000][1][safepoint    ] Application time: 1.0000900 seconds
[2019-12-09T02:57:23.339+0000][1][safepoint    ] Entering safepoint region: Cleanup
[2019-12-09T02:57:23.339+0000][1][safepoint    ] Leaving safepoint region
[2019-12-09T02:57:23.339+0000][1][safepoint    ] Total time for which application threads were stopped: 0.0000713 seconds, Stopping threads took: 0.0000168 seconds
[2019-12-09T02:57:24.339+0000][1][safepoint    ] Application time: 1.0000769 seconds
[2019-12-09T02:57:24.339+0000][1][safepoint    ] Entering safepoint region: Cleanup
[2019-12-09T02:57:24.339+0000][1][safepoint    ] Leaving safepoint region
[2019-12-09T02:57:24.339+0000][1][safepoint    ] Total time for which application threads were stopped: 0.0000685 seconds, Stopping threads took: 0.0000160 seconds
[2019-12-09T02:57:25.339+0000][1][safepoint    ] Application time: 1.0000765 seconds
[2019-12-09T02:57:25.339+0000][1][safepoint    ] Entering safepoint region: Cleanup
[2019-12-09T02:57:25.339+0000][1][safepoint    ] Leaving safepoint region
[2019-12-09T02:57:25.339+0000][1][safepoint    ] Total time for which application threads were stopped: 0.0000709 seconds, Stopping threads took: 0.0000166 seconds
[2019-12-09T02:57:26.339+0000][1][safepoint    ] Application time: 1.0000759 seconds
[2019-12-09T02:57:26.339+0000][1][safepoint    ] Entering safepoint region: Cleanup
[2019-12-09T02:57:26.339+0000][1][safepoint    ] Leaving safepoint region
[2019-12-09T02:57:26.339+0000][1][safepoint    ] Total time for which application threads were stopped: 0.0000726 seconds, Stopping threads took: 0.0000175 seconds
[2019-12-09T02:57:27.237+0000][1][safepoint    ] Application time: 0.8978993 seconds
[2019-12-09T02:57:27.237+0000][1][safepoint    ] Entering safepoint region: GenCollectForAllocation
[2019-12-09T02:57:27.237+0000][1][gc,start     ] GC(26) Pause Young (Allocation Failure)
[2019-12-09T02:57:27.237+0000][1][gc,task      ] GC(26) Using 2 workers of 2 for evacuation
[2019-12-09T02:57:27.243+0000][1][gc,age       ] GC(26) Desired survivor size 4456448 bytes, new threshold 6 (max threshold 6)
[2019-12-09T02:57:27.243+0000][1][gc,age       ] GC(26) Age table with threshold 6 (max threshold 6)
[2019-12-09T02:57:27.243+0000][1][gc,age       ] GC(26) - age   1:      14704 bytes,      14704 total
[2019-12-09T02:57:27.243+0000][1][gc,age       ] GC(26) - age   2:      25440 bytes,      40144 total
[2019-12-09T02:57:27.243+0000][1][gc,age       ] GC(26) - age   3:    1949624 bytes,    1989768 total
[2019-12-09T02:57:27.243+0000][1][gc,heap      ] GC(26) ParNew: 75849K->2976K(78656K)
[2019-12-09T02:57:27.243+0000][1][gc,heap      ] GC(26) CMS: 67984K->67984K(174784K)
[2019-12-09T02:57:27.243+0000][1][gc,metaspace ] GC(26) Metaspace: 68822K->68822K(1112064K)
[2019-12-09T02:57:27.243+0000][1][gc           ] GC(26) Pause Young (Allocation Failure) 140M->69M(247M) 5.790ms
[2019-12-09T02:57:27.243+0000][1][gc,cpu       ] GC(26) User=0.02s Sys=0.00s Real=0.00s
[2019-12-09T02:57:27.243+0000][1][safepoint    ] Leaving safepoint region
[2019-12-09T02:57:27.243+0000][1][safepoint    ] Total time for which application threads were stopped: 0.0059399 seconds, Stopping threads took: 0.0000208 seconds
[2019-12-09T02:57:28.243+0000][1][safepoint    ] Application time: 1.0000971 seconds
[2019-12-09T02:57:28.243+0000][1][safepoint    ] Entering safepoint region: Cleanup
[2019-12-09T02:57:28.243+0000][1][safepoint    ] Leaving safepoint region
[2019-12-09T02:57:28.244+0000][1][safepoint    ] Total time for which application threads were stopped: 0.0000835 seconds, Stopping threads took: 0.0000262 seconds
[2019-12-09T02:57:29.244+0000][1][safepoint    ] Application time: 1.0000780 seconds
[2019-12-09T02:57:29.244+0000][1][safepoint    ] Entering safepoint region: Cleanup
[2019-12-09T02:57:29.244+0000][1][safepoint    ] Leaving safepoint region
[2019-12-09T02:57:29.244+0000][1][safepoint    ] Total time for which application threads were stopped: 0.0000946 seconds, Stopping threads took: 0.0000169 seconds
[2019-12-09T02:57:30.244+0000][1][safepoint    ] Application time: 1.0000771 seconds
[2019-12-09T02:57:30.244+0000][1][safepoint    ] Entering safepoint region: Cleanup
[2019-12-09T02:57:30.244+0000][1][safepoint    ] Leaving safepoint region
[2019-12-09T02:57:30.244+0000][1][safepoint    ] Total time for which application threads were stopped: 0.0000723 seconds, Stopping threads took: 0.0000163 seconds
[2019-12-09T02:57:31.244+0000][1][safepoint    ] Application time: 1.0000770 seconds
[2019-12-09T02:57:31.244+0000][1][safepoint    ] Entering safepoint region: Cleanup
[2019-12-09T02:57:31.244+0000][1][safepoint    ] Leaving safepoint region
[2019-12-09T02:57:31.244+0000][1][safepoint    ] Total time for which application threads were stopped: 0.0000740 seconds, Stopping threads took: 0.0000169 seconds
[2019-12-09T02:57:32.244+0000][1][safepoint    ] Application time: 1.0000786 seconds
[2019-12-09T02:57:32.244+0000][1][safepoint    ] Entering safepoint region: Cleanup
[2019-12-09T02:57:32.244+0000][1][safepoint    ] Leaving safepoint region
[2019-12-09T02:57:32.244+0000][1][safepoint    ] Total time for which application threads were stopped: 0.0000702 seconds, Stopping threads took: 0.0000166 seconds
[2019-12-09T02:57:33.244+0000][1][safepoint    ] Application time: 1.0000765 seconds
[2019-12-09T02:57:33.244+0000][1][safepoint    ] Entering safepoint region: Cleanup
[2019-12-09T02:57:33.244+0000][1][safepoint    ] Leaving safepoint region
[2019-12-09T02:57:33.245+0000][1][safepoint    ] Total time for which application threads were stopped: 0.0000750 seconds, Stopping threads took: 0.0000169 seconds
[2019-12-09T02:57:34.245+0000][1][safepoint    ] Application time: 1.0000785 seconds
[2019-12-09T02:57:34.245+0000][1][safepoint    ] Entering safepoint region: Cleanup
[2019-12-09T02:57:34.245+0000][1][safepoint    ] Leaving safepoint region
[2019-12-09T02:57:34.245+0000][1][safepoint    ] Total time for which application threads were stopped: 0.0000868 seconds, Stopping threads took: 0.0000171 seconds
[2019-12-09T02:57:35.245+0000][1][safepoint    ] Application time: 1.0000772 seconds
[2019-12-09T02:57:35.245+0000][1][safepoint    ] Entering safepoint region: Cleanup
[2019-12-09T02:57:35.245+0000][1][safepoint    ] Leaving safepoint region
[2019-12-09T02:57:35.245+0000][1][safepoint    ] Total time for which application threads were stopped: 0.0000750 seconds, Stopping threads took: 0.0000177 seconds
[2019-12-09T02:57:36.245+0000][1][safepoint    ] Application time: 1.0000808 seconds
[2019-12-09T02:57:36.245+0000][1][safepoint    ] Entering safepoint region: Cleanup
[2019-12-09T02:57:36.245+0000][1][safepoint    ] Leaving safepoint region
[2019-12-09T02:57:36.245+0000][1][safepoint    ] Total time for which application threads were stopped: 0.0000743 seconds, Stopping threads took: 0.0000176 seconds
[2019-12-09T02:57:37.245+0000][1][safepoint    ] Application time: 1.0000837 seconds
[2019-12-09T02:57:37.245+0000][1][safepoint    ] Entering safepoint region: Cleanup
[2019-12-09T02:57:37.245+0000][1][safepoint    ] Leaving safepoint region
[2019-12-09T02:57:37.245+0000][1][safepoint    ] Total time for which application threads were stopped: 0.0000737 seconds, Stopping threads took: 0.0000176 seconds
[2019-12-09T02:57:38.245+0000][1][safepoint    ] Application time: 1.0000771 seconds
[2019-12-09T02:57:38.245+0000][1][safepoint    ] Entering safepoint region: Cleanup
[2019-12-09T02:57:38.246+0000][1][safepoint    ] Leaving safepoint region
[2019-12-09T02:57:38.246+0000][1][safepoint    ] Total time for which application threads were stopped: 0.0000742 seconds, Stopping threads took: 0.0000170 seconds
[2019-12-09T02:57:39.246+0000][1][safepoint    ] Application time: 1.0000775 seconds
[2019-12-09T02:57:39.246+0000][1][safepoint    ] Entering safepoint region: Cleanup
[2019-12-09T02:57:39.246+0000][1][safepoint    ] Leaving safepoint region
[2019-12-09T02:57:39.246+0000][1][safepoint    ] Total time for which application threads were stopped: 0.0000991 seconds, Stopping threads took: 0.0000175 seconds
[2019-12-09T02:57:40.246+0000][1][safepoint    ] Application time: 1.0000780 seconds
[2019-12-09T02:57:40.246+0000][1][safepoint    ] Entering safepoint region: Cleanup
[2019-12-09T02:57:40.246+0000][1][safepoint    ] Leaving safepoint region
[2019-12-09T02:57:40.246+0000][1][safepoint    ] Total time for which application threads were stopped: 0.0000743 seconds, Stopping threads took: 0.0000176 seconds
[2019-12-09T02:57:41.246+0000][1][safepoint    ] Application time: 1.0000776 seconds
[2019-12-09T02:57:41.246+0000][1][safepoint    ] Entering safepoint region: Cleanup
[2019-12-09T02:57:41.246+0000][1][safepoint    ] Leaving safepoint region
[2019-12-09T02:57:41.246+0000][1][safepoint    ] Total time for which application threads were stopped: 0.0000777 seconds, Stopping threads took: 0.0000185 seconds
[2019-12-09T02:57:42.246+0000][1][safepoint    ] Application time: 1.0000788 seconds
[2019-12-09T02:57:42.246+0000][1][safepoint    ] Entering safepoint region: Cleanup
[2019-12-09T02:57:42.246+0000][1][safepoint    ] Leaving safepoint region
[2019-12-09T02:57:42.246+0000][1][safepoint    ] Total time for which application threads were stopped: 0.0000755 seconds, Stopping threads took: 0.0000177 seconds
[2019-12-09T02:57:43.246+0000][1][safepoint    ] Application time: 1.0000788 seconds
[2019-12-09T02:57:43.246+0000][1][safepoint    ] Entering safepoint region: Cleanup
[2019-12-09T02:57:43.247+0000][1][safepoint    ] Leaving safepoint region
[2019-12-09T02:57:43.247+0000][1][safepoint    ] Total time for which application threads were stopped: 0.0000737 seconds, Stopping threads took: 0.0000169 seconds
[2019-12-09T02:57:44.247+0000][1][safepoint    ] Application time: 1.0000784 seconds
[2019-12-09T02:57:44.247+0000][1][safepoint    ] Entering safepoint region: Cleanup
[2019-12-09T02:57:44.247+0000][1][safepoint    ] Leaving safepoint region
[2019-12-09T02:57:44.247+0000][1][safepoint    ] Total time for which application threads were stopped: 0.0000854 seconds, Stopping threads took: 0.0000168 seconds
[2019-12-09T02:57:45.247+0000][1][safepoint    ] Application time: 1.0000769 seconds
[2019-12-09T02:57:45.247+0000][1][safepoint    ] Entering safepoint region: Cleanup
[2019-12-09T02:57:45.247+0000][1][safepoint    ] Leaving safepoint region
[2019-12-09T02:57:45.247+0000][1][safepoint    ] Total time for which application threads were stopped: 0.0000761 seconds, Stopping threads took: 0.0000177 seconds
[2019-12-09T02:57:46.247+0000][1][safepoint    ] Application time: 1.0000791 seconds
[2019-12-09T02:57:46.247+0000][1][safepoint    ] Entering safepoint region: Cleanup
[2019-12-09T02:57:46.247+0000][1][safepoint    ] Leaving safepoint region
[2019-12-09T02:57:46.247+0000][1][safepoint    ] Total time for which application threads were stopped: 0.0000753 seconds, Stopping threads took: 0.0000172 seconds
[2019-12-09T02:57:47.247+0000][1][safepoint    ] Application time: 1.0000776 seconds
[2019-12-09T02:57:47.247+0000][1][safepoint    ] Entering safepoint region: Cleanup
[2019-12-09T02:57:47.247+0000][1][safepoint    ] Leaving safepoint region
[2019-12-09T02:57:47.247+0000][1][safepoint    ] Total time for which application threads were stopped: 0.0000747 seconds, Stopping threads took: 0.0000176 seconds
[2019-12-09T02:57:48.247+0000][1][safepoint    ] Application time: 1.0000782 seconds
[2019-12-09T02:57:48.247+0000][1][safepoint    ] Entering safepoint region: Cleanup
[2019-12-09T02:57:48.248+0000][1][safepoint    ] Leaving safepoint region
[2019-12-09T02:57:48.248+0000][1][safepoint    ] Total time for which application threads were stopped: 0.0000772 seconds, Stopping threads took: 0.0000184 seconds
[2019-12-09T02:57:49.248+0000][1][safepoint    ] Application time: 1.0000770 seconds
[2019-12-09T02:57:49.248+0000][1][safepoint    ] Entering safepoint region: Cleanup
[2019-12-09T02:57:49.248+0000][1][safepoint    ] Leaving safepoint region
[2019-12-09T02:57:49.248+0000][1][safepoint    ] Total time for which application threads were stopped: 0.0000912 seconds, Stopping threads took: 0.0000266 seconds
[2019-12-09T02:57:50.248+0000][1][safepoint    ] Application time: 1.0000767 seconds
[2019-12-09T02:57:50.248+0000][1][safepoint    ] Entering safepoint region: Cleanup
[2019-12-09T02:57:50.248+0000][1][safepoint    ] Leaving safepoint region
[2019-12-09T02:57:50.248+0000][1][safepoint    ] Total time for which application threads were stopped: 0.0000731 seconds, Stopping threads took: 0.0000166 seconds
[2019-12-09T02:57:51.248+0000][1][safepoint    ] Application time: 1.0000779 seconds
[2019-12-09T02:57:51.248+0000][1][safepoint    ] Entering safepoint region: Cleanup
[2019-12-09T02:57:51.248+0000][1][safepoint    ] Leaving safepoint region
[2019-12-09T02:57:51.248+0000][1][safepoint    ] Total time for which application threads were stopped: 0.0000747 seconds, Stopping threads took: 0.0000171 seconds
[2019-12-09T02:57:52.248+0000][1][safepoint    ] Application time: 1.0000753 seconds
[2019-12-09T02:57:52.248+0000][1][safepoint    ] Entering safepoint region: Cleanup
[2019-12-09T02:57:52.248+0000][1][safepoint    ] Leaving safepoint region
[2019-12-09T02:57:52.248+0000][1][safepoint    ] Total time for which application threads were stopped: 0.0000756 seconds, Stopping threads took: 0.0000169 seconds
[2019-12-09T02:57:53.248+0000][1][safepoint    ] Application time: 1.0000759 seconds
[2019-12-09T02:57:53.248+0000][1][safepoint    ] Entering safepoint region: Cleanup
[2019-12-09T02:57:53.249+0000][1][safepoint    ] Leaving safepoint region
[2019-12-09T02:57:53.249+0000][1][safepoint    ] Total time for which application threads were stopped: 0.0000817 seconds, Stopping threads took: 0.0000166 seconds
[2019-12-09T02:57:54.249+0000][1][safepoint    ] Application time: 1.0000772 seconds
[2019-12-09T02:57:54.249+0000][1][safepoint    ] Entering safepoint region: Cleanup
[2019-12-09T02:57:54.249+0000][1][safepoint    ] Leaving safepoint region
[2019-12-09T02:57:54.249+0000][1][safepoint    ] Total time for which application threads were stopped: 0.0000965 seconds, Stopping threads took: 0.0000264 seconds
[2019-12-09T02:57:55.249+0000][1][safepoint    ] Application time: 1.0000756 seconds
[2019-12-09T02:57:55.249+0000][1][safepoint    ] Entering safepoint region: Cleanup
[2019-12-09T02:57:55.249+0000][1][safepoint    ] Leaving safepoint region
[2019-12-09T02:57:55.249+0000][1][safepoint    ] Total time for which application threads were stopped: 0.0000814 seconds, Stopping threads took: 0.0000164 seconds
[2019-12-09T02:57:56.249+0000][1][safepoint    ] Application time: 1.0000792 seconds
[2019-12-09T02:57:56.249+0000][1][safepoint    ] Entering safepoint region: Cleanup
[2019-12-09T02:57:56.249+0000][1][safepoint    ] Leaving safepoint region
[2019-12-09T02:57:56.249+0000][1][safepoint    ] Total time for which application threads were stopped: 0.0000838 seconds, Stopping threads took: 0.0000165 seconds
[2019-12-09T02:57:57.249+0000][1][safepoint    ] Application time: 1.0000574 seconds
[2019-12-09T02:57:57.249+0000][1][safepoint    ] Entering safepoint region: Cleanup
[2019-12-09T02:57:57.249+0000][1][safepoint    ] Leaving safepoint region
[2019-12-09T02:57:57.249+0000][1][safepoint    ] Total time for which application threads were stopped: 0.0000944 seconds, Stopping threads took: 0.0000162 seconds
[2019-12-09T02:57:58.249+0000][1][safepoint    ] Application time: 1.0000759 seconds
[2019-12-09T02:57:58.250+0000][1][safepoint    ] Entering safepoint region: Cleanup
[2019-12-09T02:57:58.250+0000][1][safepoint    ] Leaving safepoint region
[2019-12-09T02:57:58.250+0000][1][safepoint    ] Total time for which application threads were stopped: 0.0000954 seconds, Stopping threads took: 0.0000253 seconds
[2019-12-09T02:57:59.250+0000][1][safepoint    ] Application time: 1.0000829 seconds
[2019-12-09T02:57:59.250+0000][1][safepoint    ] Entering safepoint region: Cleanup
[2019-12-09T02:57:59.250+0000][1][safepoint    ] Leaving safepoint region
[2019-12-09T02:57:59.250+0000][1][safepoint    ] Total time for which application threads were stopped: 0.0000928 seconds, Stopping threads took: 0.0000173 seconds
[2019-12-09T02:58:00.250+0000][1][safepoint    ] Application time: 1.0000831 seconds
[2019-12-09T02:58:00.250+0000][1][safepoint    ] Entering safepoint region: Cleanup
[2019-12-09T02:58:00.250+0000][1][safepoint    ] Leaving safepoint region
[2019-12-09T02:58:00.250+0000][1][safepoint    ] Total time for which application threads were stopped: 0.0000834 seconds, Stopping threads took: 0.0000177 seconds
[2019-12-09T02:58:01.250+0000][1][safepoint    ] Application time: 1.0000821 seconds
[2019-12-09T02:58:01.250+0000][1][safepoint    ] Entering safepoint region: Cleanup
[2019-12-09T02:58:01.250+0000][1][safepoint    ] Leaving safepoint region
[2019-12-09T02:58:01.250+0000][1][safepoint    ] Total time for which application threads were stopped: 0.0000806 seconds, Stopping threads took: 0.0000155 seconds
[2019-12-09T02:58:02.250+0000][1][safepoint    ] Application time: 1.0000864 seconds
[2019-12-09T02:58:02.250+0000][1][safepoint    ] Entering safepoint region: Cleanup
[2019-12-09T02:58:02.250+0000][1][safepoint    ] Leaving safepoint region
[2019-12-09T02:58:02.250+0000][1][safepoint    ] Total time for which application threads were stopped: 0.0000845 seconds, Stopping threads took: 0.0000176 seconds
[2019-12-09T02:58:03.251+0000][1][safepoint    ] Application time: 1.0000770 seconds
[2019-12-09T02:58:03.251+0000][1][safepoint    ] Entering safepoint region: Cleanup
[2019-12-09T02:58:03.251+0000][1][safepoint    ] Leaving safepoint region
[2019-12-09T02:58:03.251+0000][1][safepoint    ] Total time for which application threads were stopped: 0.0000909 seconds, Stopping threads took: 0.0000183 seconds
[2019-12-09T02:58:04.251+0000][1][safepoint    ] Application time: 1.0000939 seconds
[2019-12-09T02:58:04.251+0000][1][safepoint    ] Entering safepoint region: Cleanup
[2019-12-09T02:58:04.251+0000][1][safepoint    ] Leaving safepoint region
[2019-12-09T02:58:04.251+0000][1][safepoint    ] Total time for which application threads were stopped: 0.0000843 seconds, Stopping threads took: 0.0000182 seconds
[2019-12-09T02:58:05.251+0000][1][safepoint    ] Application time: 1.0000855 seconds
[2019-12-09T02:58:05.251+0000][1][safepoint    ] Entering safepoint region: Cleanup
[2019-12-09T02:58:05.251+0000][1][safepoint    ] Leaving safepoint region
[2019-12-09T02:58:05.251+0000][1][safepoint    ] Total time for which application threads were stopped: 0.0000849 seconds, Stopping threads took: 0.0000164 seconds
[2019-12-09T02:58:06.251+0000][1][safepoint    ] Application time: 1.0000848 seconds
[2019-12-09T02:58:06.251+0000][1][safepoint    ] Entering safepoint region: Cleanup
[2019-12-09T02:58:06.251+0000][1][safepoint    ] Leaving safepoint region
[2019-12-09T02:58:06.251+0000][1][safepoint    ] Total time for which application threads were stopped: 0.0000867 seconds, Stopping threads took: 0.0000186 seconds
[2019-12-09T02:58:07.251+0000][1][safepoint    ] Application time: 1.0000857 seconds
[2019-12-09T02:58:07.251+0000][1][safepoint    ] Entering safepoint region: Cleanup
[2019-12-09T02:58:07.252+0000][1][safepoint    ] Leaving safepoint region
[2019-12-09T02:58:07.252+0000][1][safepoint    ] Total time for which application threads were stopped: 0.0000819 seconds, Stopping threads took: 0.0000172 seconds
[2019-12-09T02:58:08.252+0000][1][safepoint    ] Application time: 1.0000859 seconds
[2019-12-09T02:58:08.252+0000][1][safepoint    ] Entering safepoint region: Cleanup
[2019-12-09T02:58:08.252+0000][1][safepoint    ] Leaving safepoint region
[2019-12-09T02:58:08.252+0000][1][safepoint    ] Total time for which application threads were stopped: 0.0000944 seconds, Stopping threads took: 0.0000289 seconds
[2019-12-09T02:58:09.252+0000][1][safepoint    ] Application time: 1.0000841 seconds
[2019-12-09T02:58:09.252+0000][1][safepoint    ] Entering safepoint region: Cleanup
[2019-12-09T02:58:09.252+0000][1][safepoint    ] Leaving safepoint region
[2019-12-09T02:58:09.252+0000][1][safepoint    ] Total time for which application threads were stopped: 0.0000840 seconds, Stopping threads took: 0.0000176 seconds
[2019-12-09T02:58:10.252+0000][1][safepoint    ] Application time: 1.0000832 seconds
[2019-12-09T02:58:10.252+0000][1][safepoint    ] Entering safepoint region: Cleanup
[2019-12-09T02:58:10.252+0000][1][safepoint    ] Leaving safepoint region
[2019-12-09T02:58:10.252+0000][1][safepoint    ] Total time for which application threads were stopped: 0.0000834 seconds, Stopping threads took: 0.0000182 seconds
[2019-12-09T02:58:11.252+0000][1][safepoint    ] Application time: 1.0000945 seconds
[2019-12-09T02:58:11.252+0000][1][safepoint    ] Entering safepoint region: Cleanup
[2019-12-09T02:58:11.252+0000][1][safepoint    ] Leaving safepoint region
[2019-12-09T02:58:11.252+0000][1][safepoint    ] Total time for which application threads were stopped: 0.0000998 seconds, Stopping threads took: 0.0000242 seconds
[2019-12-09T02:58:12.253+0000][1][safepoint    ] Application time: 1.0000761 seconds
[2019-12-09T02:58:12.253+0000][1][safepoint    ] Entering safepoint region: Cleanup
[2019-12-09T02:58:12.253+0000][1][safepoint    ] Leaving safepoint region
[2019-12-09T02:58:12.253+0000][1][safepoint    ] Total time for which application threads were stopped: 0.0000758 seconds, Stopping threads took: 0.0000174 seconds
[2019-12-09T02:58:13.253+0000][1][safepoint    ] Application time: 1.0000748 seconds
[2019-12-09T02:58:13.253+0000][1][safepoint    ] Entering safepoint region: Cleanup
[2019-12-09T02:58:13.253+0000][1][safepoint    ] Leaving safepoint region
[2019-12-09T02:58:13.253+0000][1][safepoint    ] Total time for which application threads were stopped: 0.0000844 seconds, Stopping threads took: 0.0000182 seconds
[2019-12-09T02:58:14.253+0000][1][safepoint    ] Application time: 1.0000840 seconds
[2019-12-09T02:58:14.253+0000][1][safepoint    ] Entering safepoint region: Cleanup
[2019-12-09T02:58:14.253+0000][1][safepoint    ] Leaving safepoint region
[2019-12-09T02:58:14.253+0000][1][safepoint    ] Total time for which application threads were stopped: 0.0000809 seconds, Stopping threads took: 0.0000164 seconds
[2019-12-09T02:58:15.253+0000][1][safepoint    ] Application time: 1.0000840 seconds
[2019-12-09T02:58:15.253+0000][1][safepoint    ] Entering safepoint region: Cleanup
[2019-12-09T02:58:15.253+0000][1][safepoint    ] Leaving safepoint region
[2019-12-09T02:58:15.253+0000][1][safepoint    ] Total time for which application threads were stopped: 0.0000825 seconds, Stopping threads took: 0.0000171 seconds
[2019-12-09T02:58:16.253+0000][1][safepoint    ] Application time: 1.0000844 seconds
[2019-12-09T02:58:16.253+0000][1][safepoint    ] Entering safepoint region: Cleanup
[2019-12-09T02:58:16.253+0000][1][safepoint    ] Leaving safepoint region
[2019-12-09T02:58:16.253+0000][1][safepoint    ] Total time for which application threads were stopped: 0.0000857 seconds, Stopping threads took: 0.0000177 seconds
[2019-12-09T02:58:17.254+0000][1][safepoint    ] Application time: 1.0000829 seconds
[2019-12-09T02:58:17.254+0000][1][safepoint    ] Entering safepoint region: Cleanup
[2019-12-09T02:58:17.254+0000][1][safepoint    ] Leaving safepoint region
[2019-12-09T02:58:17.254+0000][1][safepoint    ] Total time for which application threads were stopped: 0.0000890 seconds, Stopping threads took: 0.0000165 seconds
[2019-12-09T02:58:18.254+0000][1][safepoint    ] Application time: 1.0000848 seconds
[2019-12-09T02:58:18.254+0000][1][safepoint    ] Entering safepoint region: Cleanup
[2019-12-09T02:58:18.254+0000][1][safepoint    ] Leaving safepoint region
[2019-12-09T02:58:18.254+0000][1][safepoint    ] Total time for which application threads were stopped: 0.0000836 seconds, Stopping threads took: 0.0000173 seconds
[2019-12-09T02:58:19.254+0000][1][safepoint    ] Application time: 1.0000832 seconds
[2019-12-09T02:58:19.254+0000][1][safepoint    ] Entering safepoint region: Cleanup
[2019-12-09T02:58:19.254+0000][1][safepoint    ] Leaving safepoint region
[2019-12-09T02:58:19.254+0000][1][safepoint    ] Total time for which application threads were stopped: 0.0000814 seconds, Stopping threads took: 0.0000169 seconds
[2019-12-09T02:58:20.254+0000][1][safepoint    ] Application time: 1.0000837 seconds
[2019-12-09T02:58:20.254+0000][1][safepoint    ] Entering safepoint region: Cleanup
[2019-12-09T02:58:20.254+0000][1][safepoint    ] Leaving safepoint region
[2019-12-09T02:58:20.254+0000][1][safepoint    ] Total time for which application threads were stopped: 0.0000813 seconds, Stopping threads took: 0.0000170 seconds
[2019-12-09T02:58:21.254+0000][1][safepoint    ] Application time: 1.0000839 seconds
[2019-12-09T02:58:21.254+0000][1][safepoint    ] Entering safepoint region: Cleanup
[2019-12-09T02:58:21.255+0000][1][safepoint    ] Leaving safepoint region
[2019-12-09T02:58:21.255+0000][1][safepoint    ] Total time for which application threads were stopped: 0.0000828 seconds, Stopping threads took: 0.0000174 seconds
[2019-12-09T02:58:22.255+0000][1][safepoint    ] Application time: 1.0000817 seconds
[2019-12-09T02:58:22.255+0000][1][safepoint    ] Entering safepoint region: Cleanup
[2019-12-09T02:58:22.255+0000][1][safepoint    ] Leaving safepoint region
[2019-12-09T02:58:22.255+0000][1][safepoint    ] Total time for which application threads were stopped: 0.0000826 seconds, Stopping threads took: 0.0000173 seconds
[2019-12-09T02:58:23.255+0000][1][safepoint    ] Application time: 1.0000807 seconds
[2019-12-09T02:58:23.255+0000][1][safepoint    ] Entering safepoint region: Cleanup
[2019-12-09T02:58:23.255+0000][1][safepoint    ] Leaving safepoint region
[2019-12-09T02:58:23.255+0000][1][safepoint    ] Total time for which application threads were stopped: 0.0000876 seconds, Stopping threads took: 0.0000171 seconds
[2019-12-09T02:58:24.255+0000][1][safepoint    ] Application time: 1.0000824 seconds
[2019-12-09T02:58:24.255+0000][1][safepoint    ] Entering safepoint region: Cleanup
[2019-12-09T02:58:24.255+0000][1][safepoint    ] Leaving safepoint region
[2019-12-09T02:58:24.255+0000][1][safepoint    ] Total time for which application threads were stopped: 0.0000836 seconds, Stopping threads took: 0.0000171 seconds
[2019-12-09T02:58:25.255+0000][1][safepoint    ] Application time: 1.0000817 seconds
[2019-12-09T02:58:25.255+0000][1][safepoint    ] Entering safepoint region: Cleanup
[2019-12-09T02:58:25.255+0000][1][safepoint    ] Leaving safepoint region
[2019-12-09T02:58:25.255+0000][1][safepoint    ] Total time for which application threads were stopped: 0.0000809 seconds, Stopping threads took: 0.0000168 seconds
[2019-12-09T02:58:26.256+0000][1][safepoint    ] Application time: 1.0000830 seconds
[2019-12-09T02:58:26.256+0000][1][safepoint    ] Entering safepoint region: Cleanup
[2019-12-09T02:58:26.256+0000][1][safepoint    ] Leaving safepoint region
[2019-12-09T02:58:26.256+0000][1][safepoint    ] Total time for which application threads were stopped: 0.0000844 seconds, Stopping threads took: 0.0000173 seconds
[2019-12-09T02:58:27.256+0000][1][safepoint    ] Application time: 1.0000824 seconds
[2019-12-09T02:58:27.256+0000][1][safepoint    ] Entering safepoint region: Cleanup
[2019-12-09T02:58:27.256+0000][1][safepoint    ] Leaving safepoint region
[2019-12-09T02:58:27.256+0000][1][safepoint    ] Total time for which application threads were stopped: 0.0000750 seconds, Stopping threads took: 0.0000171 seconds
[2019-12-09T02:58:28.256+0000][1][safepoint    ] Application time: 1.0000731 seconds
[2019-12-09T02:58:28.256+0000][1][safepoint    ] Entering safepoint region: Cleanup
[2019-12-09T02:58:28.256+0000][1][safepoint    ] Leaving safepoint region
[2019-12-09T02:58:28.256+0000][1][safepoint    ] Total time for which application threads were stopped: 0.0000826 seconds, Stopping threads took: 0.0000173 seconds
[2019-12-09T02:58:29.256+0000][1][safepoint    ] Application time: 1.0000831 seconds
[2019-12-09T02:58:29.256+0000][1][safepoint    ] Entering safepoint region: Cleanup
[2019-12-09T02:58:29.256+0000][1][safepoint    ] Leaving safepoint region
[2019-12-09T02:58:29.256+0000][1][safepoint    ] Total time for which application threads were stopped: 0.0000812 seconds, Stopping threads took: 0.0000167 seconds
[2019-12-09T02:58:30.256+0000][1][safepoint    ] Application time: 1.0000824 seconds
[2019-12-09T02:58:30.256+0000][1][safepoint    ] Entering safepoint region: Cleanup
[2019-12-09T02:58:30.256+0000][1][safepoint    ] Leaving safepoint region
[2019-12-09T02:58:30.256+0000][1][safepoint    ] Total time for which application threads were stopped: 0.0000836 seconds, Stopping threads took: 0.0000169 seconds
[2019-12-09T02:58:31.257+0000][1][safepoint    ] Application time: 1.0000840 seconds
[2019-12-09T02:58:31.257+0000][1][safepoint    ] Entering safepoint region: Cleanup
[2019-12-09T02:58:31.257+0000][1][safepoint    ] Leaving safepoint region
[2019-12-09T02:58:31.257+0000][1][safepoint    ] Total time for which application threads were stopped: 0.0000850 seconds, Stopping threads took: 0.0000168 seconds
[2019-12-09T02:58:32.257+0000][1][safepoint    ] Application time: 1.0000826 seconds
[2019-12-09T02:58:32.257+0000][1][safepoint    ] Entering safepoint region: Cleanup
[2019-12-09T02:58:32.257+0000][1][safepoint    ] Leaving safepoint region
[2019-12-09T02:58:32.257+0000][1][safepoint    ] Total time for which application threads were stopped: 0.0000797 seconds, Stopping threads took: 0.0000169 seconds
[2019-12-09T02:58:33.257+0000][1][safepoint    ] Application time: 1.0000823 seconds
[2019-12-09T02:58:33.257+0000][1][safepoint    ] Entering safepoint region: Cleanup
[2019-12-09T02:58:33.257+0000][1][safepoint    ] Leaving safepoint region
[2019-12-09T02:58:33.257+0000][1][safepoint    ] Total time for which application threads were stopped: 0.0000917 seconds, Stopping threads took: 0.0000260 seconds
[2019-12-09T02:58:34.257+0000][1][safepoint    ] Application time: 1.0000830 seconds
[2019-12-09T02:58:34.257+0000][1][safepoint    ] Entering safepoint region: Cleanup
[2019-12-09T02:58:34.257+0000][1][safepoint    ] Leaving safepoint region
[2019-12-09T02:58:34.257+0000][1][safepoint    ] Total time for which application threads were stopped: 0.0000756 seconds, Stopping threads took: 0.0000186 seconds
[2019-12-09T02:58:35.257+0000][1][safepoint    ] Application time: 1.0000774 seconds
[2019-12-09T02:58:35.257+0000][1][safepoint    ] Entering safepoint region: Cleanup
[2019-12-09T02:58:35.258+0000][1][safepoint    ] Leaving safepoint region
[2019-12-09T02:58:35.258+0000][1][safepoint    ] Total time for which application threads were stopped: 0.0000816 seconds, Stopping threads took: 0.0000167 seconds
[2019-12-09T02:58:36.258+0000][1][safepoint    ] Application time: 1.0000856 seconds
[2019-12-09T02:58:36.258+0000][1][safepoint    ] Entering safepoint region: Cleanup
[2019-12-09T02:58:36.258+0000][1][safepoint    ] Leaving safepoint region
[2019-12-09T02:58:36.258+0000][1][safepoint    ] Total time for which application threads were stopped: 0.0000959 seconds, Stopping threads took: 0.0000175 seconds
[2019-12-09T02:58:37.994+0000][1][safepoint    ] Application time: 1.7363521 seconds
[2019-12-09T02:58:37.994+0000][1][safepoint    ] Entering safepoint region: Cleanup
[2019-12-09T02:58:37.994+0000][1][safepoint    ] Leaving safepoint region
[2019-12-09T02:58:37.994+0000][1][safepoint    ] Total time for which application threads were stopped: 0.0000806 seconds, Stopping threads took: 0.0000190 seconds
[2019-12-09T02:58:38.994+0000][1][safepoint    ] Application time: 1.0000763 seconds
[2019-12-09T02:58:38.994+0000][1][safepoint    ] Entering safepoint region: Cleanup
[2019-12-09T02:58:38.994+0000][1][safepoint    ] Leaving safepoint region
[2019-12-09T02:58:38.994+0000][1][safepoint    ] Total time for which application threads were stopped: 0.0000703 seconds, Stopping threads took: 0.0000159 seconds
[2019-12-09T02:58:39.994+0000][1][safepoint    ] Application time: 1.0000750 seconds
[2019-12-09T02:58:39.994+0000][1][safepoint    ] Entering safepoint region: Cleanup
[2019-12-09T02:58:39.995+0000][1][safepoint    ] Leaving safepoint region
[2019-12-09T02:58:39.995+0000][1][safepoint    ] Total time for which application threads were stopped: 0.0000659 seconds, Stopping threads took: 0.0000145 seconds
[2019-12-09T02:58:40.995+0000][1][safepoint    ] Application time: 1.0000748 seconds
[2019-12-09T02:58:40.995+0000][1][safepoint    ] Entering safepoint region: Cleanup
[2019-12-09T02:58:40.995+0000][1][safepoint    ] Leaving safepoint region
[2019-12-09T02:58:40.995+0000][1][safepoint    ] Total time for which application threads were stopped: 0.0000879 seconds, Stopping threads took: 0.0000201 seconds
[2019-12-09T02:58:41.995+0000][1][safepoint    ] Application time: 1.0000771 seconds
[2019-12-09T02:58:41.995+0000][1][safepoint    ] Entering safepoint region: Cleanup
[2019-12-09T02:58:41.995+0000][1][safepoint    ] Leaving safepoint region
[2019-12-09T02:58:41.995+0000][1][safepoint    ] Total time for which application threads were stopped: 0.0000718 seconds, Stopping threads took: 0.0000165 seconds
[2019-12-09T02:58:42.995+0000][1][safepoint    ] Application time: 1.0000770 seconds
[2019-12-09T02:58:42.995+0000][1][safepoint    ] Entering safepoint region: Cleanup
[2019-12-09T02:58:42.995+0000][1][safepoint    ] Leaving safepoint region
[2019-12-09T02:58:42.995+0000][1][safepoint    ] Total time for which application threads were stopped: 0.0000729 seconds, Stopping threads took: 0.0000163 seconds
[2019-12-09T02:58:43.995+0000][1][safepoint    ] Application time: 1.0000763 seconds
[2019-12-09T02:58:43.995+0000][1][safepoint    ] Entering safepoint region: Cleanup
[2019-12-09T02:58:43.995+0000][1][safepoint    ] Leaving safepoint region
[2019-12-09T02:58:43.995+0000][1][safepoint    ] Total time for which application threads were stopped: 0.0000801 seconds, Stopping threads took: 0.0000243 seconds
[2019-12-09T02:58:44.995+0000][1][safepoint    ] Application time: 1.0000766 seconds
[2019-12-09T02:58:44.995+0000][1][safepoint    ] Entering safepoint region: Cleanup
[2019-12-09T02:58:44.995+0000][1][safepoint    ] Leaving safepoint region
[2019-12-09T02:58:44.995+0000][1][safepoint    ] Total time for which application threads were stopped: 0.0000733 seconds, Stopping threads took: 0.0000170 seconds
[2019-12-09T02:58:45.996+0000][1][safepoint    ] Application time: 1.0000766 seconds
[2019-12-09T02:58:45.996+0000][1][safepoint    ] Entering safepoint region: Cleanup
[2019-12-09T02:58:45.996+0000][1][safepoint    ] Leaving safepoint region
[2019-12-09T02:58:45.996+0000][1][safepoint    ] Total time for which application threads were stopped: 0.0000713 seconds, Stopping threads took: 0.0000163 seconds
[2019-12-09T02:58:46.996+0000][1][safepoint    ] Application time: 1.0000883 seconds
[2019-12-09T02:58:46.996+0000][1][safepoint    ] Entering safepoint region: Cleanup
[2019-12-09T02:58:46.996+0000][1][safepoint    ] Leaving safepoint region
[2019-12-09T02:58:46.996+0000][1][safepoint    ] Total time for which application threads were stopped: 0.0000727 seconds, Stopping threads took: 0.0000172 seconds
[2019-12-09T02:58:47.996+0000][1][safepoint    ] Application time: 1.0000752 seconds
[2019-12-09T02:58:47.996+0000][1][safepoint    ] Entering safepoint region: Cleanup
[2019-12-09T02:58:47.996+0000][1][safepoint    ] Leaving safepoint region
[2019-12-09T02:58:47.996+0000][1][safepoint    ] Total time for which application threads were stopped: 0.0000716 seconds, Stopping threads took: 0.0000178 seconds
[2019-12-09T02:58:48.996+0000][1][safepoint    ] Application time: 1.0000766 seconds
[2019-12-09T02:58:48.996+0000][1][safepoint    ] Entering safepoint region: Cleanup
[2019-12-09T02:58:48.996+0000][1][safepoint    ] Leaving safepoint region
[2019-12-09T02:58:48.996+0000][1][safepoint    ] Total time for which application threads were stopped: 0.0000694 seconds, Stopping threads took: 0.0000158 seconds
[2019-12-09T02:58:49.996+0000][1][safepoint    ] Application time: 1.0000777 seconds
[2019-12-09T02:58:49.996+0000][1][safepoint    ] Entering safepoint region: Cleanup
[2019-12-09T02:58:49.996+0000][1][safepoint    ] Leaving safepoint region
[2019-12-09T02:58:49.996+0000][1][safepoint    ] Total time for which application threads were stopped: 0.0000705 seconds, Stopping threads took: 0.0000160 seconds
[2019-12-09T02:58:50.997+0000][1][safepoint    ] Application time: 1.0000757 seconds
[2019-12-09T02:58:50.997+0000][1][safepoint    ] Entering safepoint region: Cleanup
[2019-12-09T02:58:50.997+0000][1][safepoint    ] Leaving safepoint region
[2019-12-09T02:58:50.997+0000][1][safepoint    ] Total time for which application threads were stopped: 0.0000801 seconds, Stopping threads took: 0.0000175 seconds
[2019-12-09T02:58:51.997+0000][1][safepoint    ] Application time: 1.0000752 seconds
[2019-12-09T02:58:51.997+0000][1][safepoint    ] Entering safepoint region: Cleanup
[2019-12-09T02:58:51.997+0000][1][safepoint    ] Leaving safepoint region
[2019-12-09T02:58:51.997+0000][1][safepoint    ] Total time for which application threads were stopped: 0.0000727 seconds, Stopping threads took: 0.0000168 seconds
[2019-12-09T02:58:52.997+0000][1][safepoint    ] Application time: 1.0000750 seconds
[2019-12-09T02:58:52.997+0000][1][safepoint    ] Entering safepoint region: Cleanup
[2019-12-09T02:58:52.997+0000][1][safepoint    ] Leaving safepoint region
[2019-12-09T02:58:52.997+0000][1][safepoint    ] Total time for which application threads were stopped: 0.0000748 seconds, Stopping threads took: 0.0000175 seconds
[2019-12-09T02:58:53.997+0000][1][safepoint    ] Application time: 1.0000766 seconds
[2019-12-09T02:58:53.997+0000][1][safepoint    ] Entering safepoint region: Cleanup
[2019-12-09T02:58:53.997+0000][1][safepoint    ] Leaving safepoint region
[2019-12-09T02:58:53.997+0000][1][safepoint    ] Total time for which application threads were stopped: 0.0000761 seconds, Stopping threads took: 0.0000221 seconds
[2019-12-09T02:58:54.997+0000][1][safepoint    ] Application time: 1.0000775 seconds
[2019-12-09T02:58:54.997+0000][1][safepoint    ] Entering safepoint region: Cleanup
[2019-12-09T02:58:54.997+0000][1][safepoint    ] Leaving safepoint region
[2019-12-09T02:58:54.997+0000][1][safepoint    ] Total time for which application threads were stopped: 0.0000743 seconds, Stopping threads took: 0.0000182 seconds
[2019-12-09T02:58:55.997+0000][1][safepoint    ] Application time: 1.0000788 seconds
[2019-12-09T02:58:55.998+0000][1][safepoint    ] Entering safepoint region: Cleanup
[2019-12-09T02:58:55.998+0000][1][safepoint    ] Leaving safepoint region
[2019-12-09T02:58:55.998+0000][1][safepoint    ] Total time for which application threads were stopped: 0.0000780 seconds, Stopping threads took: 0.0000159 seconds
[2019-12-09T02:58:56.998+0000][1][safepoint    ] Application time: 1.0000789 seconds
[2019-12-09T02:58:56.998+0000][1][safepoint    ] Entering safepoint region: Cleanup
[2019-12-09T02:58:56.998+0000][1][safepoint    ] Leaving safepoint region
[2019-12-09T02:58:56.998+0000][1][safepoint    ] Total time for which application threads were stopped: 0.0000759 seconds, Stopping threads took: 0.0000164 seconds
[2019-12-09T02:58:57.998+0000][1][safepoint    ] Application time: 1.0000784 seconds
[2019-12-09T02:58:57.998+0000][1][safepoint    ] Entering safepoint region: Cleanup
[2019-12-09T02:58:57.998+0000][1][safepoint    ] Leaving safepoint region
[2019-12-09T02:58:57.998+0000][1][safepoint    ] Total time for which application threads were stopped: 0.0000751 seconds, Stopping threads took: 0.0000173 seconds
[2019-12-09T02:58:58.998+0000][1][safepoint    ] Application time: 1.0000751 seconds
[2019-12-09T02:58:58.998+0000][1][safepoint    ] Entering safepoint region: Cleanup
[2019-12-09T02:58:58.998+0000][1][safepoint    ] Leaving safepoint region
[2019-12-09T02:58:58.998+0000][1][safepoint    ] Total time for which application threads were stopped: 0.0000715 seconds, Stopping threads took: 0.0000139 seconds
[2019-12-09T02:58:59.998+0000][1][safepoint    ] Application time: 1.0000763 seconds
[2019-12-09T02:58:59.998+0000][1][safepoint    ] Entering safepoint region: Cleanup
[2019-12-09T02:58:59.998+0000][1][safepoint    ] Leaving safepoint region
[2019-12-09T02:58:59.998+0000][1][safepoint    ] Total time for which application threads were stopped: 0.0000768 seconds, Stopping threads took: 0.0000166 seconds
[2019-12-09T02:59:00.998+0000][1][safepoint    ] Application time: 1.0000761 seconds
[2019-12-09T02:59:00.998+0000][1][safepoint    ] Entering safepoint region: Cleanup
[2019-12-09T02:59:00.999+0000][1][safepoint    ] Leaving safepoint region
[2019-12-09T02:59:00.999+0000][1][safepoint    ] Total time for which application threads were stopped: 0.0000687 seconds, Stopping threads took: 0.0000160 seconds
[2019-12-09T02:59:01.999+0000][1][safepoint    ] Application time: 1.0000810 seconds
[2019-12-09T02:59:01.999+0000][1][safepoint    ] Entering safepoint region: Cleanup
[2019-12-09T02:59:01.999+0000][1][safepoint    ] Leaving safepoint region
[2019-12-09T02:59:01.999+0000][1][safepoint    ] Total time for which application threads were stopped: 0.0001248 seconds, Stopping threads took: 0.0000383 seconds
[2019-12-09T02:59:02.999+0000][1][safepoint    ] Application time: 1.0000758 seconds
[2019-12-09T02:59:02.999+0000][1][safepoint    ] Entering safepoint region: Cleanup
[2019-12-09T02:59:02.999+0000][1][safepoint    ] Leaving safepoint region
[2019-12-09T02:59:02.999+0000][1][safepoint    ] Total time for which application threads were stopped: 0.0000780 seconds, Stopping threads took: 0.0000239 seconds
[2019-12-09T02:59:03.999+0000][1][safepoint    ] Application time: 1.0000750 seconds
[2019-12-09T02:59:03.999+0000][1][safepoint    ] Entering safepoint region: Cleanup
[2019-12-09T02:59:03.999+0000][1][safepoint    ] Leaving safepoint region
[2019-12-09T02:59:03.999+0000][1][safepoint    ] Total time for which application threads were stopped: 0.0000795 seconds, Stopping threads took: 0.0000244 seconds
[2019-12-09T02:59:04.999+0000][1][safepoint    ] Application time: 1.0000750 seconds
[2019-12-09T02:59:04.999+0000][1][safepoint    ] Entering safepoint region: Cleanup
[2019-12-09T02:59:04.999+0000][1][safepoint    ] Leaving safepoint region
[2019-12-09T02:59:04.999+0000][1][safepoint    ] Total time for which application threads were stopped: 0.0000708 seconds, Stopping threads took: 0.0000166 seconds
[2019-12-09T02:59:05.999+0000][1][safepoint    ] Application time: 1.0000745 seconds
[2019-12-09T02:59:05.999+0000][1][safepoint    ] Entering safepoint region: Cleanup
[2019-12-09T02:59:06.000+0000][1][safepoint    ] Leaving safepoint region
[2019-12-09T02:59:06.000+0000][1][safepoint    ] Total time for which application threads were stopped: 0.0000870 seconds, Stopping threads took: 0.0000170 seconds
[2019-12-09T02:59:07.000+0000][1][safepoint    ] Application time: 1.0000793 seconds
[2019-12-09T02:59:07.000+0000][1][safepoint    ] Entering safepoint region: Cleanup
[2019-12-09T02:59:07.000+0000][1][safepoint    ] Leaving safepoint region
[2019-12-09T02:59:07.000+0000][1][safepoint    ] Total time for which application threads were stopped: 0.0000947 seconds, Stopping threads took: 0.0000229 seconds
[2019-12-09T02:59:08.000+0000][1][safepoint    ] Application time: 1.0000802 seconds
[2019-12-09T02:59:08.000+0000][1][safepoint    ] Entering safepoint region: Cleanup
[2019-12-09T02:59:08.000+0000][1][safepoint    ] Leaving safepoint region
[2019-12-09T02:59:08.000+0000][1][safepoint    ] Total time for which application threads were stopped: 0.0001059 seconds, Stopping threads took: 0.0000300 seconds
[2019-12-09T02:59:09.000+0000][1][safepoint    ] Application time: 1.0000908 seconds
[2019-12-09T02:59:09.000+0000][1][safepoint    ] Entering safepoint region: Cleanup
[2019-12-09T02:59:09.000+0000][1][safepoint    ] Leaving safepoint region
[2019-12-09T02:59:09.000+0000][1][safepoint    ] Total time for which application threads were stopped: 0.0001073 seconds, Stopping threads took: 0.0000237 seconds
[2019-12-09T02:59:10.000+0000][1][safepoint    ] Application time: 1.0000812 seconds
[2019-12-09T02:59:10.000+0000][1][safepoint    ] Entering safepoint region: Cleanup
[2019-12-09T02:59:10.001+0000][1][safepoint    ] Leaving safepoint region
[2019-12-09T02:59:10.001+0000][1][safepoint    ] Total time for which application threads were stopped: 0.0001071 seconds, Stopping threads took: 0.0000235 seconds
[2019-12-09T02:59:11.001+0000][1][safepoint    ] Application time: 1.0000898 seconds
[2019-12-09T02:59:11.001+0000][1][safepoint    ] Entering safepoint region: Cleanup
[2019-12-09T02:59:11.001+0000][1][safepoint    ] Leaving safepoint region
[2019-12-09T02:59:11.001+0000][1][safepoint    ] Total time for which application threads were stopped: 0.0001159 seconds, Stopping threads took: 0.0000407 seconds
[2019-12-09T02:59:12.001+0000][1][safepoint    ] Application time: 1.0000856 seconds
[2019-12-09T02:59:12.001+0000][1][safepoint    ] Entering safepoint region: Cleanup
[2019-12-09T02:59:12.001+0000][1][safepoint    ] Leaving safepoint region
[2019-12-09T02:59:12.001+0000][1][safepoint    ] Total time for which application threads were stopped: 0.0001124 seconds, Stopping threads took: 0.0000231 seconds
[2019-12-09T02:59:13.001+0000][1][safepoint    ] Application time: 1.0000880 seconds
[2019-12-09T02:59:13.001+0000][1][safepoint    ] Entering safepoint region: Cleanup
[2019-12-09T02:59:13.001+0000][1][safepoint    ] Leaving safepoint region
[2019-12-09T02:59:13.001+0000][1][safepoint    ] Total time for which application threads were stopped: 0.0000835 seconds, Stopping threads took: 0.0000170 seconds
[2019-12-09T02:59:14.001+0000][1][safepoint    ] Application time: 1.0000832 seconds
[2019-12-09T02:59:14.001+0000][1][safepoint    ] Entering safepoint region: Cleanup
[2019-12-09T02:59:14.001+0000][1][safepoint    ] Leaving safepoint region
[2019-12-09T02:59:14.001+0000][1][safepoint    ] Total time for which application threads were stopped: 0.0000875 seconds, Stopping threads took: 0.0000187 seconds
[2019-12-09T02:59:15.002+0000][1][safepoint    ] Application time: 1.0000974 seconds
[2019-12-09T02:59:15.002+0000][1][safepoint    ] Entering safepoint region: Cleanup
[2019-12-09T02:59:15.002+0000][1][safepoint    ] Leaving safepoint region
[2019-12-09T02:59:15.002+0000][1][safepoint    ] Total time for which application threads were stopped: 0.0001262 seconds, Stopping threads took: 0.0000248 seconds
[2019-12-09T02:59:16.002+0000][1][safepoint    ] Application time: 1.0000825 seconds
[2019-12-09T02:59:16.002+0000][1][safepoint    ] Entering safepoint region: Cleanup
[2019-12-09T02:59:16.002+0000][1][safepoint    ] Leaving safepoint region
[2019-12-09T02:59:16.002+0000][1][safepoint    ] Total time for which application threads were stopped: 0.0000719 seconds, Stopping threads took: 0.0000162 seconds
[2019-12-09T02:59:17.002+0000][1][safepoint    ] Application time: 1.0000804 seconds
[2019-12-09T02:59:17.002+0000][1][safepoint    ] Entering safepoint region: Cleanup
[2019-12-09T02:59:17.002+0000][1][safepoint    ] Leaving safepoint region
[2019-12-09T02:59:17.002+0000][1][safepoint    ] Total time for which application threads were stopped: 0.0000730 seconds, Stopping threads took: 0.0000171 seconds
[2019-12-09T02:59:18.002+0000][1][safepoint    ] Application time: 1.0000804 seconds
[2019-12-09T02:59:18.002+0000][1][safepoint    ] Entering safepoint region: Cleanup
[2019-12-09T02:59:18.002+0000][1][safepoint    ] Leaving safepoint region
[2019-12-09T02:59:18.002+0000][1][safepoint    ] Total time for which application threads were stopped: 0.0000761 seconds, Stopping threads took: 0.0000186 seconds
[2019-12-09T02:59:19.002+0000][1][safepoint    ] Application time: 1.0000810 seconds
[2019-12-09T02:59:19.002+0000][1][safepoint    ] Entering safepoint region: Cleanup
[2019-12-09T02:59:19.003+0000][1][safepoint    ] Leaving safepoint region
[2019-12-09T02:59:19.003+0000][1][safepoint    ] Total time for which application threads were stopped: 0.0000746 seconds, Stopping threads took: 0.0000171 seconds
[2019-12-09T02:59:20.003+0000][1][safepoint    ] Application time: 1.0000769 seconds
[2019-12-09T02:59:20.003+0000][1][safepoint    ] Entering safepoint region: Cleanup
[2019-12-09T02:59:20.003+0000][1][safepoint    ] Leaving safepoint region
[2019-12-09T02:59:20.003+0000][1][safepoint    ] Total time for which application threads were stopped: 0.0000866 seconds, Stopping threads took: 0.0000165 seconds
[2019-12-09T02:59:21.003+0000][1][safepoint    ] Application time: 1.0000802 seconds
[2019-12-09T02:59:21.003+0000][1][safepoint    ] Entering safepoint region: Cleanup
[2019-12-09T02:59:21.003+0000][1][safepoint    ] Leaving safepoint region
[2019-12-09T02:59:21.003+0000][1][safepoint    ] Total time for which application threads were stopped: 0.0000767 seconds, Stopping threads took: 0.0000184 seconds
[2019-12-09T02:59:22.003+0000][1][safepoint    ] Application time: 1.0000787 seconds
[2019-12-09T02:59:22.003+0000][1][safepoint    ] Entering safepoint region: Cleanup
[2019-12-09T02:59:22.003+0000][1][safepoint    ] Leaving safepoint region
[2019-12-09T02:59:22.003+0000][1][safepoint    ] Total time for which application threads were stopped: 0.0000755 seconds, Stopping threads took: 0.0000169 seconds
[2019-12-09T02:59:23.305+0000][1][safepoint    ] Application time: 1.3018193 seconds
[2019-12-09T02:59:23.305+0000][1][safepoint    ] Entering safepoint region: Cleanup
[2019-12-09T02:59:23.305+0000][1][safepoint    ] Leaving safepoint region
[2019-12-09T02:59:23.305+0000][1][safepoint    ] Total time for which application threads were stopped: 0.0000836 seconds, Stopping threads took: 0.0000171 seconds
[2019-12-09T02:59:24.305+0000][1][safepoint    ] Application time: 1.0000759 seconds
[2019-12-09T02:59:24.305+0000][1][safepoint    ] Entering safepoint region: Cleanup
[2019-12-09T02:59:24.305+0000][1][safepoint    ] Leaving safepoint region
[2019-12-09T02:59:24.305+0000][1][safepoint    ] Total time for which application threads were stopped: 0.0000836 seconds, Stopping threads took: 0.0000178 seconds
[2019-12-09T02:59:25.305+0000][1][safepoint    ] Application time: 1.0000783 seconds
[2019-12-09T02:59:25.305+0000][1][safepoint    ] Entering safepoint region: Cleanup
[2019-12-09T02:59:25.305+0000][1][safepoint    ] Leaving safepoint region
[2019-12-09T02:59:25.305+0000][1][safepoint    ] Total time for which application threads were stopped: 0.0000727 seconds, Stopping threads took: 0.0000170 seconds
[2019-12-09T02:59:26.306+0000][1][safepoint    ] Application time: 1.0000763 seconds
[2019-12-09T02:59:26.306+0000][1][safepoint    ] Entering safepoint region: Cleanup
[2019-12-09T02:59:26.306+0000][1][safepoint    ] Leaving safepoint region
[2019-12-09T02:59:26.306+0000][1][safepoint    ] Total time for which application threads were stopped: 0.0000815 seconds, Stopping threads took: 0.0000174 seconds
[2019-12-09T02:59:27.306+0000][1][safepoint    ] Application time: 1.0000870 seconds
[2019-12-09T02:59:27.306+0000][1][safepoint    ] Entering safepoint region: Cleanup
[2019-12-09T02:59:27.306+0000][1][safepoint    ] Leaving safepoint region
[2019-12-09T02:59:27.306+0000][1][safepoint    ] Total time for which application threads were stopped: 0.0000737 seconds, Stopping threads took: 0.0000161 seconds
[2019-12-09T02:59:28.306+0000][1][safepoint    ] Application time: 1.0000759 seconds
[2019-12-09T02:59:28.306+0000][1][safepoint    ] Entering safepoint region: Cleanup
[2019-12-09T02:59:28.306+0000][1][safepoint    ] Leaving safepoint region
[2019-12-09T02:59:28.306+0000][1][safepoint    ] Total time for which application threads were stopped: 0.0000724 seconds, Stopping threads took: 0.0000171 seconds
[2019-12-09T02:59:29.306+0000][1][safepoint    ] Application time: 1.0000783 seconds
[2019-12-09T02:59:29.306+0000][1][safepoint    ] Entering safepoint region: Cleanup
[2019-12-09T02:59:29.306+0000][1][safepoint    ] Leaving safepoint region
[2019-12-09T02:59:29.306+0000][1][safepoint    ] Total time for which application threads were stopped: 0.0000712 seconds, Stopping threads took: 0.0000165 seconds
[2019-12-09T02:59:30.306+0000][1][safepoint    ] Application time: 1.0000749 seconds
[2019-12-09T02:59:30.306+0000][1][safepoint    ] Entering safepoint region: Cleanup
[2019-12-09T02:59:30.306+0000][1][safepoint    ] Leaving safepoint region
[2019-12-09T02:59:30.306+0000][1][safepoint    ] Total time for which application threads were stopped: 0.0000718 seconds, Stopping threads took: 0.0000171 seconds
[2019-12-09T02:59:31.307+0000][1][safepoint    ] Application time: 1.0000756 seconds
[2019-12-09T02:59:31.307+0000][1][safepoint    ] Entering safepoint region: Cleanup
[2019-12-09T02:59:31.307+0000][1][safepoint    ] Leaving safepoint region
[2019-12-09T02:59:31.307+0000][1][safepoint    ] Total time for which application threads were stopped: 0.0000752 seconds, Stopping threads took: 0.0000174 seconds
[2019-12-09T02:59:32.295+0000][1][safepoint    ] Application time: 0.9885659 seconds
[2019-12-09T02:59:32.295+0000][1][safepoint    ] Entering safepoint region: GenCollectForAllocation
[2019-12-09T02:59:32.295+0000][1][gc,start     ] GC(27) Pause Young (Allocation Failure)
[2019-12-09T02:59:32.295+0000][1][gc,task      ] GC(27) Using 2 workers of 2 for evacuation
[2019-12-09T02:59:32.301+0000][1][gc,age       ] GC(27) Desired survivor size 4456448 bytes, new threshold 6 (max threshold 6)
[2019-12-09T02:59:32.301+0000][1][gc,age       ] GC(27) Age table with threshold 6 (max threshold 6)
[2019-12-09T02:59:32.301+0000][1][gc,age       ] GC(27) - age   1:      10208 bytes,      10208 total
[2019-12-09T02:59:32.301+0000][1][gc,age       ] GC(27) - age   2:       9960 bytes,      20168 total
[2019-12-09T02:59:32.301+0000][1][gc,age       ] GC(27) - age   3:      25184 bytes,      45352 total
[2019-12-09T02:59:32.301+0000][1][gc,age       ] GC(27) - age   4:    1949624 bytes,    1994976 total
[2019-12-09T02:59:32.301+0000][1][gc,heap      ] GC(27) ParNew: 72928K->2930K(78656K)
[2019-12-09T02:59:32.301+0000][1][gc,heap      ] GC(27) CMS: 67984K->67984K(174784K)
[2019-12-09T02:59:32.301+0000][1][gc,metaspace ] GC(27) Metaspace: 68916K->68916K(1112064K)
[2019-12-09T02:59:32.301+0000][1][gc           ] GC(27) Pause Young (Allocation Failure) 137M->69M(247M) 5.727ms
[2019-12-09T02:59:32.301+0000][1][gc,cpu       ] GC(27) User=0.01s Sys=0.00s Real=0.00s
[2019-12-09T02:59:32.301+0000][1][safepoint    ] Leaving safepoint region
[2019-12-09T02:59:32.301+0000][1][safepoint    ] Total time for which application threads were stopped: 0.0058603 seconds, Stopping threads took: 0.0000145 seconds
[2019-12-09T02:59:33.301+0000][1][safepoint    ] Application time: 1.0000882 seconds
[2019-12-09T02:59:33.301+0000][1][safepoint    ] Entering safepoint region: Cleanup
[2019-12-09T02:59:33.301+0000][1][safepoint    ] Leaving safepoint region
[2019-12-09T02:59:33.301+0000][1][safepoint    ] Total time for which application threads were stopped: 0.0000719 seconds, Stopping threads took: 0.0000175 seconds
[2019-12-09T02:59:34.301+0000][1][safepoint    ] Application time: 1.0000750 seconds
[2019-12-09T02:59:34.301+0000][1][safepoint    ] Entering safepoint region: Cleanup
[2019-12-09T02:59:34.302+0000][1][safepoint    ] Leaving safepoint region
[2019-12-09T02:59:34.302+0000][1][safepoint    ] Total time for which application threads were stopped: 0.0000923 seconds, Stopping threads took: 0.0000236 seconds
[2019-12-09T02:59:35.302+0000][1][safepoint    ] Application time: 1.0000747 seconds
[2019-12-09T02:59:35.302+0000][1][safepoint    ] Entering safepoint region: Cleanup
[2019-12-09T02:59:35.302+0000][1][safepoint    ] Leaving safepoint region
[2019-12-09T02:59:35.302+0000][1][safepoint    ] Total time for which application threads were stopped: 0.0000849 seconds, Stopping threads took: 0.0000174 seconds
[2019-12-09T02:59:36.302+0000][1][safepoint    ] Application time: 1.0000743 seconds
[2019-12-09T02:59:36.302+0000][1][safepoint    ] Entering safepoint region: Cleanup
[2019-12-09T02:59:36.302+0000][1][safepoint    ] Leaving safepoint region
[2019-12-09T02:59:36.302+0000][1][safepoint    ] Total time for which application threads were stopped: 0.0000739 seconds, Stopping threads took: 0.0000181 seconds
[2019-12-09T02:59:37.302+0000][1][safepoint    ] Application time: 1.0000775 seconds
[2019-12-09T02:59:37.302+0000][1][safepoint    ] Entering safepoint region: Cleanup
[2019-12-09T02:59:37.302+0000][1][safepoint    ] Leaving safepoint region
[2019-12-09T02:59:37.302+0000][1][safepoint    ] Total time for which application threads were stopped: 0.0000753 seconds, Stopping threads took: 0.0000204 seconds
[2019-12-09T02:59:38.302+0000][1][safepoint    ] Application time: 1.0000811 seconds
[2019-12-09T02:59:38.302+0000][1][safepoint    ] Entering safepoint region: Cleanup
[2019-12-09T02:59:38.302+0000][1][safepoint    ] Leaving safepoint region
[2019-12-09T02:59:38.302+0000][1][safepoint    ] Total time for which application threads were stopped: 0.0000843 seconds, Stopping threads took: 0.0000237 seconds
[2019-12-09T02:59:39.302+0000][1][safepoint    ] Application time: 1.0000757 seconds
[2019-12-09T02:59:39.302+0000][1][safepoint    ] Entering safepoint region: Cleanup
[2019-12-09T02:59:39.303+0000][1][safepoint    ] Leaving safepoint region
[2019-12-09T02:59:39.303+0000][1][safepoint    ] Total time for which application threads were stopped: 0.0000820 seconds, Stopping threads took: 0.0000178 seconds
[2019-12-09T02:59:40.303+0000][1][safepoint    ] Application time: 1.0000749 seconds
[2019-12-09T02:59:40.303+0000][1][safepoint    ] Entering safepoint region: Cleanup
[2019-12-09T02:59:40.303+0000][1][safepoint    ] Leaving safepoint region
[2019-12-09T02:59:40.303+0000][1][safepoint    ] Total time for which application threads were stopped: 0.0000809 seconds, Stopping threads took: 0.0000169 seconds
[2019-12-09T02:59:41.303+0000][1][safepoint    ] Application time: 1.0000775 seconds
[2019-12-09T02:59:41.303+0000][1][safepoint    ] Entering safepoint region: Cleanup
[2019-12-09T02:59:41.303+0000][1][safepoint    ] Leaving safepoint region
[2019-12-09T02:59:41.303+0000][1][safepoint    ] Total time for which application threads were stopped: 0.0000766 seconds, Stopping threads took: 0.0000170 seconds
[2019-12-09T02:59:42.303+0000][1][safepoint    ] Application time: 1.0000759 seconds
[2019-12-09T02:59:42.303+0000][1][safepoint    ] Entering safepoint region: Cleanup
[2019-12-09T02:59:42.303+0000][1][safepoint    ] Leaving safepoint region
[2019-12-09T02:59:42.303+0000][1][safepoint    ] Total time for which application threads were stopped: 0.0000735 seconds, Stopping threads took: 0.0000174 seconds
[2019-12-09T02:59:43.303+0000][1][safepoint    ] Application time: 1.0000754 seconds
[2019-12-09T02:59:43.303+0000][1][safepoint    ] Entering safepoint region: Cleanup
[2019-12-09T02:59:43.303+0000][1][safepoint    ] Leaving safepoint region
[2019-12-09T02:59:43.303+0000][1][safepoint    ] Total time for which application threads were stopped: 0.0000777 seconds, Stopping threads took: 0.0000175 seconds
[2019-12-09T02:59:44.303+0000][1][safepoint    ] Application time: 1.0000768 seconds
[2019-12-09T02:59:44.303+0000][1][safepoint    ] Entering safepoint region: Cleanup
[2019-12-09T02:59:44.303+0000][1][safepoint    ] Leaving safepoint region
[2019-12-09T02:59:44.303+0000][1][safepoint    ] Total time for which application threads were stopped: 0.0000744 seconds, Stopping threads took: 0.0000181 seconds
[2019-12-09T02:59:45.304+0000][1][safepoint    ] Application time: 1.0000827 seconds
[2019-12-09T02:59:45.304+0000][1][safepoint    ] Entering safepoint region: Cleanup
[2019-12-09T02:59:45.304+0000][1][safepoint    ] Leaving safepoint region
[2019-12-09T02:59:45.304+0000][1][safepoint    ] Total time for which application threads were stopped: 0.0000831 seconds, Stopping threads took: 0.0000166 seconds
[2019-12-09T02:59:46.304+0000][1][safepoint    ] Application time: 1.0000759 seconds
[2019-12-09T02:59:46.304+0000][1][safepoint    ] Entering safepoint region: Cleanup
[2019-12-09T02:59:46.304+0000][1][safepoint    ] Leaving safepoint region
[2019-12-09T02:59:46.304+0000][1][safepoint    ] Total time for which application threads were stopped: 0.0000741 seconds, Stopping threads took: 0.0000174 seconds
[2019-12-09T02:59:47.304+0000][1][safepoint    ] Application time: 1.0000751 seconds
[2019-12-09T02:59:47.304+0000][1][safepoint    ] Entering safepoint region: Cleanup
[2019-12-09T02:59:47.304+0000][1][safepoint    ] Leaving safepoint region
[2019-12-09T02:59:47.304+0000][1][safepoint    ] Total time for which application threads were stopped: 0.0000711 seconds, Stopping threads took: 0.0000162 seconds
[2019-12-09T02:59:48.304+0000][1][safepoint    ] Application time: 1.0000754 seconds
[2019-12-09T02:59:48.304+0000][1][safepoint    ] Entering safepoint region: Cleanup
[2019-12-09T02:59:48.304+0000][1][safepoint    ] Leaving safepoint region
[2019-12-09T02:59:48.304+0000][1][safepoint    ] Total time for which application threads were stopped: 0.0000762 seconds, Stopping threads took: 0.0000173 seconds
[2019-12-09T02:59:49.304+0000][1][safepoint    ] Application time: 1.0000761 seconds
[2019-12-09T02:59:49.304+0000][1][safepoint    ] Entering safepoint region: Cleanup
[2019-12-09T02:59:49.304+0000][1][safepoint    ] Leaving safepoint region
[2019-12-09T02:59:49.304+0000][1][safepoint    ] Total time for which application threads were stopped: 0.0000704 seconds, Stopping threads took: 0.0000152 seconds
[2019-12-09T02:59:50.305+0000][1][safepoint    ] Application time: 1.0000769 seconds
[2019-12-09T02:59:50.305+0000][1][safepoint    ] Entering safepoint region: Cleanup
[2019-12-09T02:59:50.305+0000][1][safepoint    ] Leaving safepoint region
[2019-12-09T02:59:50.305+0000][1][safepoint    ] Total time for which application threads were stopped: 0.0000701 seconds, Stopping threads took: 0.0000158 seconds
[2019-12-09T02:59:51.305+0000][1][safepoint    ] Application time: 1.0000765 seconds
[2019-12-09T02:59:51.305+0000][1][safepoint    ] Entering safepoint region: Cleanup
[2019-12-09T02:59:51.305+0000][1][safepoint    ] Leaving safepoint region
[2019-12-09T02:59:51.305+0000][1][safepoint    ] Total time for which application threads were stopped: 0.0000807 seconds, Stopping threads took: 0.0000165 seconds
[2019-12-09T02:59:52.305+0000][1][safepoint    ] Application time: 1.0000759 seconds
[2019-12-09T02:59:52.305+0000][1][safepoint    ] Entering safepoint region: Cleanup
[2019-12-09T02:59:52.305+0000][1][safepoint    ] Leaving safepoint region
[2019-12-09T02:59:52.305+0000][1][safepoint    ] Total time for which application threads were stopped: 0.0000765 seconds, Stopping threads took: 0.0000202 seconds
[2019-12-09T02:59:53.305+0000][1][safepoint    ] Application time: 1.0000747 seconds
[2019-12-09T02:59:53.305+0000][1][safepoint    ] Entering safepoint region: Cleanup
[2019-12-09T02:59:53.305+0000][1][safepoint    ] Leaving safepoint region
[2019-12-09T02:59:53.305+0000][1][safepoint    ] Total time for which application threads were stopped: 0.0000749 seconds, Stopping threads took: 0.0000184 seconds
[2019-12-09T02:59:54.305+0000][1][safepoint    ] Application time: 1.0000727 seconds
[2019-12-09T02:59:54.305+0000][1][safepoint    ] Entering safepoint region: Cleanup
[2019-12-09T02:59:54.305+0000][1][safepoint    ] Leaving safepoint region
[2019-12-09T02:59:54.305+0000][1][safepoint    ] Total time for which application threads were stopped: 0.0000732 seconds, Stopping threads took: 0.0000168 seconds
[2019-12-09T02:59:55.306+0000][1][safepoint    ] Application time: 1.0000781 seconds
[2019-12-09T02:59:55.306+0000][1][safepoint    ] Entering safepoint region: Cleanup
[2019-12-09T02:59:55.306+0000][1][safepoint    ] Leaving safepoint region
[2019-12-09T02:59:55.306+0000][1][safepoint    ] Total time for which application threads were stopped: 0.0000708 seconds, Stopping threads took: 0.0000162 seconds
[2019-12-09T02:59:56.306+0000][1][safepoint    ] Application time: 1.0000871 seconds
[2019-12-09T02:59:56.306+0000][1][safepoint    ] Entering safepoint region: Cleanup
[2019-12-09T02:59:56.306+0000][1][safepoint    ] Leaving safepoint region
[2019-12-09T02:59:56.306+0000][1][safepoint    ] Total time for which application threads were stopped: 0.0000736 seconds, Stopping threads took: 0.0000170 seconds
[2019-12-09T02:59:57.306+0000][1][safepoint    ] Application time: 1.0000797 seconds
[2019-12-09T02:59:57.306+0000][1][safepoint    ] Entering safepoint region: Cleanup
[2019-12-09T02:59:57.306+0000][1][safepoint    ] Leaving safepoint region
[2019-12-09T02:59:57.306+0000][1][safepoint    ] Total time for which application threads were stopped: 0.0000723 seconds, Stopping threads took: 0.0000169 seconds
[2019-12-09T02:59:58.306+0000][1][safepoint    ] Application time: 1.0000793 seconds
[2019-12-09T02:59:58.306+0000][1][safepoint    ] Entering safepoint region: Cleanup
[2019-12-09T02:59:58.306+0000][1][safepoint    ] Leaving safepoint region
[2019-12-09T02:59:58.306+0000][1][safepoint    ] Total time for which application threads were stopped: 0.0000760 seconds, Stopping threads took: 0.0000177 seconds
[2019-12-09T03:00:00.009+0000][1][safepoint    ] Application time: 1.7023068 seconds
[2019-12-09T03:00:00.009+0000][1][safepoint    ] Entering safepoint region: Cleanup
[2019-12-09T03:00:00.009+0000][1][safepoint    ] Leaving safepoint region
[2019-12-09T03:00:00.009+0000][1][safepoint    ] Total time for which application threads were stopped: 0.0000877 seconds, Stopping threads took: 0.0000193 seconds
[2019-12-09T03:00:01.009+0000][1][safepoint    ] Application time: 1.0000779 seconds
[2019-12-09T03:00:01.009+0000][1][safepoint    ] Entering safepoint region: Cleanup
[2019-12-09T03:00:01.009+0000][1][safepoint    ] Leaving safepoint region
[2019-12-09T03:00:01.009+0000][1][safepoint    ] Total time for which application threads were stopped: 0.0000755 seconds, Stopping threads took: 0.0000188 seconds
[2019-12-09T03:00:02.009+0000][1][safepoint    ] Application time: 1.0000766 seconds
[2019-12-09T03:00:02.009+0000][1][safepoint    ] Entering safepoint region: Cleanup
[2019-12-09T03:00:02.009+0000][1][safepoint    ] Leaving safepoint region
[2019-12-09T03:00:02.009+0000][1][safepoint    ] Total time for which application threads were stopped: 0.0000829 seconds, Stopping threads took: 0.0000176 seconds
[2019-12-09T03:00:03.009+0000][1][safepoint    ] Application time: 1.0000772 seconds
[2019-12-09T03:00:03.009+0000][1][safepoint    ] Entering safepoint region: Cleanup
[2019-12-09T03:00:03.009+0000][1][safepoint    ] Leaving safepoint region
[2019-12-09T03:00:03.009+0000][1][safepoint    ] Total time for which application threads were stopped: 0.0000745 seconds, Stopping threads took: 0.0000172 seconds
[2019-12-09T03:00:04.009+0000][1][safepoint    ] Application time: 1.0000755 seconds
[2019-12-09T03:00:04.009+0000][1][safepoint    ] Entering safepoint region: Cleanup
[2019-12-09T03:00:04.009+0000][1][safepoint    ] Leaving safepoint region
[2019-12-09T03:00:04.009+0000][1][safepoint    ] Total time for which application threads were stopped: 0.0000741 seconds, Stopping threads took: 0.0000178 seconds
[2019-12-09T03:00:05.010+0000][1][safepoint    ] Application time: 1.0000754 seconds
[2019-12-09T03:00:05.010+0000][1][safepoint    ] Entering safepoint region: Cleanup
[2019-12-09T03:00:05.010+0000][1][safepoint    ] Leaving safepoint region
[2019-12-09T03:00:05.010+0000][1][safepoint    ] Total time for which application threads were stopped: 0.0000782 seconds, Stopping threads took: 0.0000205 seconds
[2019-12-09T03:00:06.010+0000][1][safepoint    ] Application time: 1.0000715 seconds
[2019-12-09T03:00:06.010+0000][1][safepoint    ] Entering safepoint region: Cleanup
[2019-12-09T03:00:06.010+0000][1][safepoint    ] Leaving safepoint region
[2019-12-09T03:00:06.010+0000][1][safepoint    ] Total time for which application threads were stopped: 0.0000729 seconds, Stopping threads took: 0.0000181 seconds
[2019-12-09T03:00:07.010+0000][1][safepoint    ] Application time: 1.0000773 seconds
[2019-12-09T03:00:07.010+0000][1][safepoint    ] Entering safepoint region: Cleanup
[2019-12-09T03:00:07.010+0000][1][safepoint    ] Leaving safepoint region
[2019-12-09T03:00:07.010+0000][1][safepoint    ] Total time for which application threads were stopped: 0.0000721 seconds, Stopping threads took: 0.0000161 seconds
[2019-12-09T03:00:08.010+0000][1][safepoint    ] Application time: 1.0000753 seconds
[2019-12-09T03:00:08.010+0000][1][safepoint    ] Entering safepoint region: Cleanup
[2019-12-09T03:00:08.010+0000][1][safepoint    ] Leaving safepoint region
[2019-12-09T03:00:08.010+0000][1][safepoint    ] Total time for which application threads were stopped: 0.0000968 seconds, Stopping threads took: 0.0000263 seconds
[2019-12-09T03:00:09.010+0000][1][safepoint    ] Application time: 1.0000843 seconds
[2019-12-09T03:00:09.010+0000][1][safepoint    ] Entering safepoint region: Cleanup
[2019-12-09T03:00:09.010+0000][1][safepoint    ] Leaving safepoint region
[2019-12-09T03:00:09.010+0000][1][safepoint    ] Total time for which application threads were stopped: 0.0000751 seconds, Stopping threads took: 0.0000184 seconds
[2019-12-09T03:00:10.011+0000][1][safepoint    ] Application time: 1.0000765 seconds
[2019-12-09T03:00:10.011+0000][1][safepoint    ] Entering safepoint region: Cleanup
[2019-12-09T03:00:10.011+0000][1][safepoint    ] Leaving safepoint region
[2019-12-09T03:00:10.011+0000][1][safepoint    ] Total time for which application threads were stopped: 0.0000750 seconds, Stopping threads took: 0.0000169 seconds
[2019-12-09T03:00:11.011+0000][1][safepoint    ] Application time: 1.0000787 seconds
[2019-12-09T03:00:11.011+0000][1][safepoint    ] Entering safepoint region: Cleanup
[2019-12-09T03:00:11.011+0000][1][safepoint    ] Leaving safepoint region
[2019-12-09T03:00:11.011+0000][1][safepoint    ] Total time for which application threads were stopped: 0.0000753 seconds, Stopping threads took: 0.0000177 seconds
[2019-12-09T03:00:12.011+0000][1][safepoint    ] Application time: 1.0000781 seconds
[2019-12-09T03:00:12.011+0000][1][safepoint    ] Entering safepoint region: Cleanup
[2019-12-09T03:00:12.011+0000][1][safepoint    ] Leaving safepoint region
[2019-12-09T03:00:12.011+0000][1][safepoint    ] Total time for which application threads were stopped: 0.0000768 seconds, Stopping threads took: 0.0000169 seconds
[2019-12-09T03:00:13.011+0000][1][safepoint    ] Application time: 1.0000888 seconds
[2019-12-09T03:00:13.011+0000][1][safepoint    ] Entering safepoint region: Cleanup
[2019-12-09T03:00:13.011+0000][1][safepoint    ] Leaving safepoint region
[2019-12-09T03:00:13.011+0000][1][safepoint    ] Total time for which application threads were stopped: 0.0001055 seconds, Stopping threads took: 0.0000255 seconds
[2019-12-09T03:00:14.011+0000][1][safepoint    ] Application time: 1.0000799 seconds
[2019-12-09T03:00:14.011+0000][1][safepoint    ] Entering safepoint region: Cleanup
[2019-12-09T03:00:14.011+0000][1][safepoint    ] Leaving safepoint region
[2019-12-09T03:00:14.011+0000][1][safepoint    ] Total time for which application threads were stopped: 0.0000726 seconds, Stopping threads took: 0.0000171 seconds
[2019-12-09T03:00:15.012+0000][1][safepoint    ] Application time: 1.0000773 seconds
[2019-12-09T03:00:15.012+0000][1][safepoint    ] Entering safepoint region: Cleanup
[2019-12-09T03:00:15.012+0000][1][safepoint    ] Leaving safepoint region
[2019-12-09T03:00:15.012+0000][1][safepoint    ] Total time for which application threads were stopped: 0.0000978 seconds, Stopping threads took: 0.0000178 seconds
[2019-12-09T03:00:16.012+0000][1][safepoint    ] Application time: 1.0000783 seconds
[2019-12-09T03:00:16.012+0000][1][safepoint    ] Entering safepoint region: Cleanup
[2019-12-09T03:00:16.012+0000][1][safepoint    ] Leaving safepoint region
[2019-12-09T03:00:16.012+0000][1][safepoint    ] Total time for which application threads were stopped: 0.0000743 seconds, Stopping threads took: 0.0000169 seconds
[2019-12-09T03:00:17.012+0000][1][safepoint    ] Application time: 1.0000792 seconds
[2019-12-09T03:00:17.012+0000][1][safepoint    ] Entering safepoint region: Cleanup
[2019-12-09T03:00:17.012+0000][1][safepoint    ] Leaving safepoint region
[2019-12-09T03:00:17.012+0000][1][safepoint    ] Total time for which application threads were stopped: 0.0000733 seconds, Stopping threads took: 0.0000166 seconds
[2019-12-09T03:00:18.012+0000][1][safepoint    ] Application time: 1.0000915 seconds
[2019-12-09T03:00:18.012+0000][1][safepoint    ] Entering safepoint region: Cleanup
[2019-12-09T03:00:18.012+0000][1][safepoint    ] Leaving safepoint region
[2019-12-09T03:00:18.012+0000][1][safepoint    ] Total time for which application threads were stopped: 0.0001073 seconds, Stopping threads took: 0.0000257 seconds
[2019-12-09T03:00:19.012+0000][1][safepoint    ] Application time: 1.0000806 seconds
[2019-12-09T03:00:19.013+0000][1][safepoint    ] Entering safepoint region: Cleanup
[2019-12-09T03:00:19.013+0000][1][safepoint    ] Leaving safepoint region
[2019-12-09T03:00:19.013+0000][1][safepoint    ] Total time for which application threads were stopped: 0.0000768 seconds, Stopping threads took: 0.0000178 seconds
[2019-12-09T03:00:20.013+0000][1][safepoint    ] Application time: 1.0000826 seconds
[2019-12-09T03:00:20.013+0000][1][safepoint    ] Entering safepoint region: Cleanup
[2019-12-09T03:00:20.013+0000][1][safepoint    ] Leaving safepoint region
[2019-12-09T03:00:20.013+0000][1][safepoint    ] Total time for which application threads were stopped: 0.0000769 seconds, Stopping threads took: 0.0000188 seconds
[2019-12-09T03:00:21.013+0000][1][safepoint    ] Application time: 1.0000784 seconds
[2019-12-09T03:00:21.013+0000][1][safepoint    ] Entering safepoint region: Cleanup
[2019-12-09T03:00:21.013+0000][1][safepoint    ] Leaving safepoint region
[2019-12-09T03:00:21.013+0000][1][safepoint    ] Total time for which application threads were stopped: 0.0000744 seconds, Stopping threads took: 0.0000176 seconds
[2019-12-09T03:00:22.515+0000][1][safepoint    ] Application time: 1.5020638 seconds
[2019-12-09T03:00:22.515+0000][1][safepoint    ] Entering safepoint region: Cleanup
[2019-12-09T03:00:22.515+0000][1][safepoint    ] Leaving safepoint region
[2019-12-09T03:00:22.515+0000][1][safepoint    ] Total time for which application threads were stopped: 0.0001390 seconds, Stopping threads took: 0.0000815 seconds
[2019-12-09T03:00:23.515+0000][1][safepoint    ] Application time: 1.0000841 seconds
[2019-12-09T03:00:23.515+0000][1][safepoint    ] Entering safepoint region: Cleanup
[2019-12-09T03:00:23.515+0000][1][safepoint    ] Leaving safepoint region
[2019-12-09T03:00:23.515+0000][1][safepoint    ] Total time for which application threads were stopped: 0.0000750 seconds, Stopping threads took: 0.0000189 seconds
[2019-12-09T03:00:24.516+0000][1][safepoint    ] Application time: 1.0000825 seconds
[2019-12-09T03:00:24.516+0000][1][safepoint    ] Entering safepoint region: Cleanup
[2019-12-09T03:00:24.516+0000][1][safepoint    ] Leaving safepoint region
[2019-12-09T03:00:24.516+0000][1][safepoint    ] Total time for which application threads were stopped: 0.0000833 seconds, Stopping threads took: 0.0000195 seconds
[2019-12-09T03:00:25.516+0000][1][safepoint    ] Application time: 1.0000924 seconds
[2019-12-09T03:00:25.516+0000][1][safepoint    ] Entering safepoint region: Cleanup
[2019-12-09T03:00:25.516+0000][1][safepoint    ] Leaving safepoint region
[2019-12-09T03:00:25.516+0000][1][safepoint    ] Total time for which application threads were stopped: 0.0001313 seconds, Stopping threads took: 0.0000611 seconds
[2019-12-09T03:00:26.516+0000][1][safepoint    ] Application time: 1.0000834 seconds
[2019-12-09T03:00:26.516+0000][1][safepoint    ] Entering safepoint region: Cleanup
[2019-12-09T03:00:26.516+0000][1][safepoint    ] Leaving safepoint region
[2019-12-09T03:00:26.516+0000][1][safepoint    ] Total time for which application threads were stopped: 0.0000776 seconds, Stopping threads took: 0.0000181 seconds
[2019-12-09T03:00:27.516+0000][1][safepoint    ] Application time: 1.0000774 seconds
[2019-12-09T03:00:27.516+0000][1][safepoint    ] Entering safepoint region: Cleanup
[2019-12-09T03:00:27.516+0000][1][safepoint    ] Leaving safepoint region
[2019-12-09T03:00:27.516+0000][1][safepoint    ] Total time for which application threads were stopped: 0.0000748 seconds, Stopping threads took: 0.0000173 seconds
[2019-12-09T03:00:28.516+0000][1][safepoint    ] Application time: 1.0000774 seconds
[2019-12-09T03:00:28.516+0000][1][safepoint    ] Entering safepoint region: Cleanup
[2019-12-09T03:00:28.517+0000][1][safepoint    ] Leaving safepoint region
[2019-12-09T03:00:28.517+0000][1][safepoint    ] Total time for which application threads were stopped: 0.0000765 seconds, Stopping threads took: 0.0000179 seconds
[2019-12-09T03:00:29.517+0000][1][safepoint    ] Application time: 1.0000788 seconds
[2019-12-09T03:00:29.517+0000][1][safepoint    ] Entering safepoint region: Cleanup
[2019-12-09T03:00:29.517+0000][1][safepoint    ] Leaving safepoint region
[2019-12-09T03:00:29.517+0000][1][safepoint    ] Total time for which application threads were stopped: 0.0000859 seconds, Stopping threads took: 0.0000180 seconds
[2019-12-09T03:00:30.517+0000][1][safepoint    ] Application time: 1.0000844 seconds
[2019-12-09T03:00:30.517+0000][1][safepoint    ] Entering safepoint region: Cleanup
[2019-12-09T03:00:30.517+0000][1][safepoint    ] Leaving safepoint region
[2019-12-09T03:00:30.517+0000][1][safepoint    ] Total time for which application threads were stopped: 0.0000778 seconds, Stopping threads took: 0.0000181 seconds
[2019-12-09T03:00:31.517+0000][1][safepoint    ] Application time: 1.0000780 seconds
[2019-12-09T03:00:31.517+0000][1][safepoint    ] Entering safepoint region: Cleanup
[2019-12-09T03:00:31.517+0000][1][safepoint    ] Leaving safepoint region
[2019-12-09T03:00:31.517+0000][1][safepoint    ] Total time for which application threads were stopped: 0.0000764 seconds, Stopping threads took: 0.0000176 seconds
[2019-12-09T03:00:32.517+0000][1][safepoint    ] Application time: 1.0000766 seconds
[2019-12-09T03:00:32.517+0000][1][safepoint    ] Entering safepoint region: Cleanup
[2019-12-09T03:00:32.517+0000][1][safepoint    ] Leaving safepoint region
[2019-12-09T03:00:32.517+0000][1][safepoint    ] Total time for which application threads were stopped: 0.0000712 seconds, Stopping threads took: 0.0000169 seconds
[2019-12-09T03:00:33.517+0000][1][safepoint    ] Application time: 1.0000764 seconds
[2019-12-09T03:00:33.517+0000][1][safepoint    ] Entering safepoint region: Cleanup
[2019-12-09T03:00:33.518+0000][1][safepoint    ] Leaving safepoint region
[2019-12-09T03:00:33.518+0000][1][safepoint    ] Total time for which application threads were stopped: 0.0000778 seconds, Stopping threads took: 0.0000181 seconds
[2019-12-09T03:00:34.518+0000][1][safepoint    ] Application time: 1.0000784 seconds
[2019-12-09T03:00:34.518+0000][1][safepoint    ] Entering safepoint region: Cleanup
[2019-12-09T03:00:34.518+0000][1][safepoint    ] Leaving safepoint region
[2019-12-09T03:00:34.518+0000][1][safepoint    ] Total time for which application threads were stopped: 0.0000878 seconds, Stopping threads took: 0.0000295 seconds
[2019-12-09T03:00:35.518+0000][1][safepoint    ] Application time: 1.0000769 seconds
[2019-12-09T03:00:35.518+0000][1][safepoint    ] Entering safepoint region: Cleanup
[2019-12-09T03:00:35.518+0000][1][safepoint    ] Leaving safepoint region
[2019-12-09T03:00:35.518+0000][1][safepoint    ] Total time for which application threads were stopped: 0.0000757 seconds, Stopping threads took: 0.0000184 seconds
[2019-12-09T03:00:36.518+0000][1][safepoint    ] Application time: 1.0000778 seconds
[2019-12-09T03:00:36.518+0000][1][safepoint    ] Entering safepoint region: Cleanup
[2019-12-09T03:00:36.518+0000][1][safepoint    ] Leaving safepoint region
[2019-12-09T03:00:36.518+0000][1][safepoint    ] Total time for which application threads were stopped: 0.0000782 seconds, Stopping threads took: 0.0000170 seconds
[2019-12-09T03:00:37.518+0000][1][safepoint    ] Application time: 1.0000767 seconds
[2019-12-09T03:00:37.518+0000][1][safepoint    ] Entering safepoint region: Cleanup
[2019-12-09T03:00:37.518+0000][1][safepoint    ] Leaving safepoint region
[2019-12-09T03:00:37.518+0000][1][safepoint    ] Total time for which application threads were stopped: 0.0000710 seconds, Stopping threads took: 0.0000164 seconds
[2019-12-09T03:00:38.518+0000][1][safepoint    ] Application time: 1.0000756 seconds
[2019-12-09T03:00:38.518+0000][1][safepoint    ] Entering safepoint region: Cleanup
[2019-12-09T03:00:38.519+0000][1][safepoint    ] Leaving safepoint region
[2019-12-09T03:00:38.519+0000][1][safepoint    ] Total time for which application threads were stopped: 0.0000831 seconds, Stopping threads took: 0.0000258 seconds
[2019-12-09T03:00:39.519+0000][1][safepoint    ] Application time: 1.0000763 seconds
[2019-12-09T03:00:39.519+0000][1][safepoint    ] Entering safepoint region: Cleanup
[2019-12-09T03:00:39.519+0000][1][safepoint    ] Leaving safepoint region
[2019-12-09T03:00:39.519+0000][1][safepoint    ] Total time for which application threads were stopped: 0.0000824 seconds, Stopping threads took: 0.0000165 seconds
[2019-12-09T03:00:40.519+0000][1][safepoint    ] Application time: 1.0000775 seconds
[2019-12-09T03:00:40.519+0000][1][safepoint    ] Entering safepoint region: Cleanup
[2019-12-09T03:00:40.519+0000][1][safepoint    ] Leaving safepoint region
[2019-12-09T03:00:40.519+0000][1][safepoint    ] Total time for which application threads were stopped: 0.0000743 seconds, Stopping threads took: 0.0000177 seconds
[2019-12-09T03:00:41.519+0000][1][safepoint    ] Application time: 1.0000762 seconds
[2019-12-09T03:00:41.519+0000][1][safepoint    ] Entering safepoint region: Cleanup
[2019-12-09T03:00:41.519+0000][1][safepoint    ] Leaving safepoint region
[2019-12-09T03:00:41.519+0000][1][safepoint    ] Total time for which application threads were stopped: 0.0000733 seconds, Stopping threads took: 0.0000178 seconds
[2019-12-09T03:00:42.519+0000][1][safepoint    ] Application time: 1.0000791 seconds
[2019-12-09T03:00:42.519+0000][1][safepoint    ] Entering safepoint region: Cleanup
[2019-12-09T03:00:42.519+0000][1][safepoint    ] Leaving safepoint region
[2019-12-09T03:00:42.519+0000][1][safepoint    ] Total time for which application threads were stopped: 0.0000740 seconds, Stopping threads took: 0.0000177 seconds
[2019-12-09T03:00:43.519+0000][1][safepoint    ] Application time: 1.0000772 seconds
[2019-12-09T03:00:43.519+0000][1][safepoint    ] Entering safepoint region: Cleanup
[2019-12-09T03:00:43.520+0000][1][safepoint    ] Leaving safepoint region
[2019-12-09T03:00:43.520+0000][1][safepoint    ] Total time for which application threads were stopped: 0.0000739 seconds, Stopping threads took: 0.0000173 seconds
[2019-12-09T03:00:44.520+0000][1][safepoint    ] Application time: 1.0000772 seconds
[2019-12-09T03:00:44.520+0000][1][safepoint    ] Entering safepoint region: Cleanup
[2019-12-09T03:00:44.520+0000][1][safepoint    ] Leaving safepoint region
[2019-12-09T03:00:44.520+0000][1][safepoint    ] Total time for which application threads were stopped: 0.0000831 seconds, Stopping threads took: 0.0000165 seconds
[2019-12-09T03:00:45.520+0000][1][safepoint    ] Application time: 1.0000770 seconds
[2019-12-09T03:00:45.520+0000][1][safepoint    ] Entering safepoint region: Cleanup
[2019-12-09T03:00:45.520+0000][1][safepoint    ] Leaving safepoint region
[2019-12-09T03:00:45.520+0000][1][safepoint    ] Total time for which application threads were stopped: 0.0000768 seconds, Stopping threads took: 0.0000170 seconds
[2019-12-09T03:00:46.520+0000][1][safepoint    ] Application time: 1.0000765 seconds
[2019-12-09T03:00:46.520+0000][1][safepoint    ] Entering safepoint region: Cleanup
[2019-12-09T03:00:46.520+0000][1][safepoint    ] Leaving safepoint region
[2019-12-09T03:00:46.520+0000][1][safepoint    ] Total time for which application threads were stopped: 0.0000765 seconds, Stopping threads took: 0.0000180 seconds
[2019-12-09T03:00:47.520+0000][1][safepoint    ] Application time: 1.0000770 seconds
[2019-12-09T03:00:47.520+0000][1][safepoint    ] Entering safepoint region: Cleanup
[2019-12-09T03:00:47.520+0000][1][safepoint    ] Leaving safepoint region
[2019-12-09T03:00:47.520+0000][1][safepoint    ] Total time for which application threads were stopped: 0.0000750 seconds, Stopping threads took: 0.0000170 seconds
[2019-12-09T03:00:48.520+0000][1][safepoint    ] Application time: 1.0000758 seconds
[2019-12-09T03:00:48.520+0000][1][safepoint    ] Entering safepoint region: Cleanup
[2019-12-09T03:00:48.521+0000][1][safepoint    ] Leaving safepoint region
[2019-12-09T03:00:48.521+0000][1][safepoint    ] Total time for which application threads were stopped: 0.0000852 seconds, Stopping threads took: 0.0000264 seconds
[2019-12-09T03:00:49.521+0000][1][safepoint    ] Application time: 1.0000778 seconds
[2019-12-09T03:00:49.521+0000][1][safepoint    ] Entering safepoint region: Cleanup
[2019-12-09T03:00:49.521+0000][1][safepoint    ] Leaving safepoint region
[2019-12-09T03:00:49.521+0000][1][safepoint    ] Total time for which application threads were stopped: 0.0000965 seconds, Stopping threads took: 0.0000166 seconds
[2019-12-09T03:00:50.521+0000][1][safepoint    ] Application time: 1.0000774 seconds
[2019-12-09T03:00:50.521+0000][1][safepoint    ] Entering safepoint region: Cleanup
[2019-12-09T03:00:50.521+0000][1][safepoint    ] Leaving safepoint region
[2019-12-09T03:00:50.521+0000][1][safepoint    ] Total time for which application threads were stopped: 0.0000751 seconds, Stopping threads took: 0.0000172 seconds
[2019-12-09T03:00:51.521+0000][1][safepoint    ] Application time: 1.0000776 seconds
[2019-12-09T03:00:51.521+0000][1][safepoint    ] Entering safepoint region: Cleanup
[2019-12-09T03:00:51.521+0000][1][safepoint    ] Leaving safepoint region
[2019-12-09T03:00:51.521+0000][1][safepoint    ] Total time for which application threads were stopped: 0.0000716 seconds, Stopping threads took: 0.0000168 seconds
[2019-12-09T03:00:52.521+0000][1][safepoint    ] Application time: 1.0000762 seconds
[2019-12-09T03:00:52.521+0000][1][safepoint    ] Entering safepoint region: Cleanup
[2019-12-09T03:00:52.521+0000][1][safepoint    ] Leaving safepoint region
[2019-12-09T03:00:52.521+0000][1][safepoint    ] Total time for which application threads were stopped: 0.0000720 seconds, Stopping threads took: 0.0000167 seconds
[2019-12-09T03:00:53.521+0000][1][safepoint    ] Application time: 1.0000774 seconds
[2019-12-09T03:00:53.521+0000][1][safepoint    ] Entering safepoint region: Cleanup
[2019-12-09T03:00:53.521+0000][1][safepoint    ] Leaving safepoint region
[2019-12-09T03:00:53.521+0000][1][safepoint    ] Total time for which application threads were stopped: 0.0000743 seconds, Stopping threads took: 0.0000169 seconds
[2019-12-09T03:00:54.522+0000][1][safepoint    ] Application time: 1.0000795 seconds
[2019-12-09T03:00:54.522+0000][1][safepoint    ] Entering safepoint region: Cleanup
[2019-12-09T03:00:54.522+0000][1][safepoint    ] Leaving safepoint region
[2019-12-09T03:00:54.522+0000][1][safepoint    ] Total time for which application threads were stopped: 0.0000844 seconds, Stopping threads took: 0.0000181 seconds
[2019-12-09T03:00:55.522+0000][1][safepoint    ] Application time: 1.0000769 seconds
[2019-12-09T03:00:55.522+0000][1][safepoint    ] Entering safepoint region: Cleanup
[2019-12-09T03:00:55.522+0000][1][safepoint    ] Leaving safepoint region
[2019-12-09T03:00:55.522+0000][1][safepoint    ] Total time for which application threads were stopped: 0.0000773 seconds, Stopping threads took: 0.0000179 seconds
[2019-12-09T03:00:56.522+0000][1][safepoint    ] Application time: 1.0000764 seconds
[2019-12-09T03:00:56.522+0000][1][safepoint    ] Entering safepoint region: Cleanup
[2019-12-09T03:00:56.522+0000][1][safepoint    ] Leaving safepoint region
[2019-12-09T03:00:56.522+0000][1][safepoint    ] Total time for which application threads were stopped: 0.0000753 seconds, Stopping threads took: 0.0000174 seconds
[2019-12-09T03:00:57.522+0000][1][safepoint    ] Application time: 1.0000778 seconds
[2019-12-09T03:00:57.522+0000][1][safepoint    ] Entering safepoint region: Cleanup
[2019-12-09T03:00:57.522+0000][1][safepoint    ] Leaving safepoint region
[2019-12-09T03:00:57.522+0000][1][safepoint    ] Total time for which application threads were stopped: 0.0000804 seconds, Stopping threads took: 0.0000184 seconds
[2019-12-09T03:00:58.522+0000][1][safepoint    ] Application time: 1.0000803 seconds
[2019-12-09T03:00:58.522+0000][1][safepoint    ] Entering safepoint region: Cleanup
[2019-12-09T03:00:58.522+0000][1][safepoint    ] Leaving safepoint region
[2019-12-09T03:00:58.523+0000][1][safepoint    ] Total time for which application threads were stopped: 0.0000840 seconds, Stopping threads took: 0.0000180 seconds
[2019-12-09T03:00:59.523+0000][1][safepoint    ] Application time: 1.0000771 seconds
[2019-12-09T03:00:59.523+0000][1][safepoint    ] Entering safepoint region: Cleanup
[2019-12-09T03:00:59.523+0000][1][safepoint    ] Leaving safepoint region
[2019-12-09T03:00:59.523+0000][1][safepoint    ] Total time for which application threads were stopped: 0.0000832 seconds, Stopping threads took: 0.0000167 seconds
[2019-12-09T03:01:00.541+0000][1][safepoint    ] Application time: 1.0183717 seconds
[2019-12-09T03:01:00.541+0000][1][safepoint    ] Entering safepoint region: Cleanup
[2019-12-09T03:01:00.541+0000][1][safepoint    ] Leaving safepoint region
[2019-12-09T03:01:00.541+0000][1][safepoint    ] Total time for which application threads were stopped: 0.0001065 seconds, Stopping threads took: 0.0000481 seconds
[2019-12-09T03:01:01.541+0000][1][safepoint    ] Application time: 1.0000949 seconds
[2019-12-09T03:01:01.541+0000][1][safepoint    ] Entering safepoint region: Cleanup
[2019-12-09T03:01:01.541+0000][1][safepoint    ] Leaving safepoint region
[2019-12-09T03:01:01.542+0000][1][safepoint    ] Total time for which application threads were stopped: 0.0001357 seconds, Stopping threads took: 0.0000230 seconds
[2019-12-09T03:01:02.542+0000][1][safepoint    ] Application time: 1.0000889 seconds
[2019-12-09T03:01:02.542+0000][1][safepoint    ] Entering safepoint region: Cleanup
[2019-12-09T03:01:02.542+0000][1][safepoint    ] Leaving safepoint region
[2019-12-09T03:01:02.542+0000][1][safepoint    ] Total time for which application threads were stopped: 0.0001265 seconds, Stopping threads took: 0.0000371 seconds
[2019-12-09T03:01:03.542+0000][1][safepoint    ] Application time: 1.0000769 seconds
[2019-12-09T03:01:03.542+0000][1][safepoint    ] Entering safepoint region: Cleanup
[2019-12-09T03:01:03.542+0000][1][safepoint    ] Leaving safepoint region
[2019-12-09T03:01:03.542+0000][1][safepoint    ] Total time for which application threads were stopped: 0.0000752 seconds, Stopping threads took: 0.0000181 seconds
[2019-12-09T03:01:04.542+0000][1][safepoint    ] Application time: 1.0000796 seconds
[2019-12-09T03:01:04.542+0000][1][safepoint    ] Entering safepoint region: Cleanup
[2019-12-09T03:01:04.542+0000][1][safepoint    ] Leaving safepoint region
[2019-12-09T03:01:04.542+0000][1][safepoint    ] Total time for which application threads were stopped: 0.0000749 seconds, Stopping threads took: 0.0000185 seconds
[2019-12-09T03:01:05.542+0000][1][safepoint    ] Application time: 1.0000762 seconds
[2019-12-09T03:01:05.542+0000][1][safepoint    ] Entering safepoint region: Cleanup
[2019-12-09T03:01:05.542+0000][1][safepoint    ] Leaving safepoint region
[2019-12-09T03:01:05.542+0000][1][safepoint    ] Total time for which application threads were stopped: 0.0000750 seconds, Stopping threads took: 0.0000168 seconds
[2019-12-09T03:01:06.542+0000][1][safepoint    ] Application time: 1.0000786 seconds
[2019-12-09T03:01:06.543+0000][1][safepoint    ] Entering safepoint region: Cleanup
[2019-12-09T03:01:06.543+0000][1][safepoint    ] Leaving safepoint region
[2019-12-09T03:01:06.543+0000][1][safepoint    ] Total time for which application threads were stopped: 0.0000748 seconds, Stopping threads took: 0.0000165 seconds
[2019-12-09T03:01:07.543+0000][1][safepoint    ] Application time: 1.0000774 seconds
[2019-12-09T03:01:07.543+0000][1][safepoint    ] Entering safepoint region: Cleanup
[2019-12-09T03:01:07.543+0000][1][safepoint    ] Leaving safepoint region
[2019-12-09T03:01:07.543+0000][1][safepoint    ] Total time for which application threads were stopped: 0.0000744 seconds, Stopping threads took: 0.0000182 seconds
[2019-12-09T03:01:08.543+0000][1][safepoint    ] Application time: 1.0000775 seconds
[2019-12-09T03:01:08.543+0000][1][safepoint    ] Entering safepoint region: Cleanup
[2019-12-09T03:01:08.543+0000][1][safepoint    ] Leaving safepoint region
[2019-12-09T03:01:08.543+0000][1][safepoint    ] Total time for which application threads were stopped: 0.0000731 seconds, Stopping threads took: 0.0000166 seconds
[2019-12-09T03:01:09.543+0000][1][safepoint    ] Application time: 1.0000772 seconds
[2019-12-09T03:01:09.543+0000][1][safepoint    ] Entering safepoint region: Cleanup
[2019-12-09T03:01:09.543+0000][1][safepoint    ] Leaving safepoint region
[2019-12-09T03:01:09.543+0000][1][safepoint    ] Total time for which application threads were stopped: 0.0000756 seconds, Stopping threads took: 0.0000173 seconds
[2019-12-09T03:01:10.543+0000][1][safepoint    ] Application time: 1.0000770 seconds
[2019-12-09T03:01:10.543+0000][1][safepoint    ] Entering safepoint region: Cleanup
[2019-12-09T03:01:10.543+0000][1][safepoint    ] Leaving safepoint region
[2019-12-09T03:01:10.543+0000][1][safepoint    ] Total time for which application threads were stopped: 0.0000878 seconds, Stopping threads took: 0.0000226 seconds
[2019-12-09T03:01:11.543+0000][1][safepoint    ] Application time: 1.0000777 seconds
[2019-12-09T03:01:11.544+0000][1][safepoint    ] Entering safepoint region: Cleanup
[2019-12-09T03:01:11.544+0000][1][safepoint    ] Leaving safepoint region
[2019-12-09T03:01:11.544+0000][1][safepoint    ] Total time for which application threads were stopped: 0.0000740 seconds, Stopping threads took: 0.0000167 seconds
[2019-12-09T03:01:12.544+0000][1][safepoint    ] Application time: 1.0000767 seconds
[2019-12-09T03:01:12.544+0000][1][safepoint    ] Entering safepoint region: Cleanup
[2019-12-09T03:01:12.544+0000][1][safepoint    ] Leaving safepoint region
[2019-12-09T03:01:12.544+0000][1][safepoint    ] Total time for which application threads were stopped: 0.0000782 seconds, Stopping threads took: 0.0000190 seconds
[2019-12-09T03:01:13.544+0000][1][safepoint    ] Application time: 1.0000817 seconds
[2019-12-09T03:01:13.544+0000][1][safepoint    ] Entering safepoint region: Cleanup
[2019-12-09T03:01:13.544+0000][1][safepoint    ] Leaving safepoint region
[2019-12-09T03:01:13.544+0000][1][safepoint    ] Total time for which application threads were stopped: 0.0000806 seconds, Stopping threads took: 0.0000189 seconds
[2019-12-09T03:01:14.544+0000][1][safepoint    ] Application time: 1.0000781 seconds
[2019-12-09T03:01:14.544+0000][1][safepoint    ] Entering safepoint region: Cleanup
[2019-12-09T03:01:14.544+0000][1][safepoint    ] Leaving safepoint region
[2019-12-09T03:01:14.544+0000][1][safepoint    ] Total time for which application threads were stopped: 0.0000760 seconds, Stopping threads took: 0.0000183 seconds
[2019-12-09T03:01:15.544+0000][1][safepoint    ] Application time: 1.0000771 seconds
[2019-12-09T03:01:15.544+0000][1][safepoint    ] Entering safepoint region: Cleanup
[2019-12-09T03:01:15.544+0000][1][safepoint    ] Leaving safepoint region
[2019-12-09T03:01:15.544+0000][1][safepoint    ] Total time for which application threads were stopped: 0.0000757 seconds, Stopping threads took: 0.0000191 seconds
[2019-12-09T03:01:16.544+0000][1][safepoint    ] Application time: 1.0000772 seconds
[2019-12-09T03:01:16.545+0000][1][safepoint    ] Entering safepoint region: Cleanup
[2019-12-09T03:01:16.545+0000][1][safepoint    ] Leaving safepoint region
[2019-12-09T03:01:16.545+0000][1][safepoint    ] Total time for which application threads were stopped: 0.0000724 seconds, Stopping threads took: 0.0000166 seconds
[2019-12-09T03:01:17.947+0000][1][safepoint    ] Application time: 1.4024327 seconds
[2019-12-09T03:01:17.947+0000][1][safepoint    ] Entering safepoint region: Cleanup
[2019-12-09T03:01:17.947+0000][1][safepoint    ] Leaving safepoint region
[2019-12-09T03:01:17.947+0000][1][safepoint    ] Total time for which application threads were stopped: 0.0000734 seconds, Stopping threads took: 0.0000160 seconds
[2019-12-09T03:01:18.947+0000][1][safepoint    ] Application time: 1.0000768 seconds
[2019-12-09T03:01:18.947+0000][1][safepoint    ] Entering safepoint region: Cleanup
[2019-12-09T03:01:18.947+0000][1][safepoint    ] Leaving safepoint region
[2019-12-09T03:01:18.947+0000][1][safepoint    ] Total time for which application threads were stopped: 0.0000827 seconds, Stopping threads took: 0.0000248 seconds
[2019-12-09T03:01:19.947+0000][1][safepoint    ] Application time: 1.0000776 seconds
[2019-12-09T03:01:19.947+0000][1][safepoint    ] Entering safepoint region: Cleanup
[2019-12-09T03:01:19.948+0000][1][safepoint    ] Leaving safepoint region
[2019-12-09T03:01:19.948+0000][1][safepoint    ] Total time for which application threads were stopped: 0.0000695 seconds, Stopping threads took: 0.0000152 seconds
[2019-12-09T03:01:20.948+0000][1][safepoint    ] Application time: 1.0000758 seconds
[2019-12-09T03:01:20.948+0000][1][safepoint    ] Entering safepoint region: Cleanup
[2019-12-09T03:01:20.948+0000][1][safepoint    ] Leaving safepoint region
[2019-12-09T03:01:20.948+0000][1][safepoint    ] Total time for which application threads were stopped: 0.0000956 seconds, Stopping threads took: 0.0000167 seconds
[2019-12-09T03:01:21.948+0000][1][safepoint    ] Application time: 1.0000771 seconds
[2019-12-09T03:01:21.948+0000][1][safepoint    ] Entering safepoint region: Cleanup
[2019-12-09T03:01:21.948+0000][1][safepoint    ] Leaving safepoint region
[2019-12-09T03:01:21.948+0000][1][safepoint    ] Total time for which application threads were stopped: 0.0000699 seconds, Stopping threads took: 0.0000154 seconds
[2019-12-09T03:01:22.948+0000][1][safepoint    ] Application time: 1.0000767 seconds
[2019-12-09T03:01:22.948+0000][1][safepoint    ] Entering safepoint region: Cleanup
[2019-12-09T03:01:22.948+0000][1][safepoint    ] Leaving safepoint region
[2019-12-09T03:01:22.948+0000][1][safepoint    ] Total time for which application threads were stopped: 0.0000730 seconds, Stopping threads took: 0.0000164 seconds
[2019-12-09T03:01:23.948+0000][1][safepoint    ] Application time: 1.0000770 seconds
[2019-12-09T03:01:23.948+0000][1][safepoint    ] Entering safepoint region: Cleanup
[2019-12-09T03:01:23.948+0000][1][safepoint    ] Leaving safepoint region
[2019-12-09T03:01:23.948+0000][1][safepoint    ] Total time for which application threads were stopped: 0.0000714 seconds, Stopping threads took: 0.0000170 seconds
[2019-12-09T03:01:24.948+0000][1][safepoint    ] Application time: 1.0000764 seconds
[2019-12-09T03:01:24.948+0000][1][safepoint    ] Entering safepoint region: Cleanup
[2019-12-09T03:01:24.948+0000][1][safepoint    ] Leaving safepoint region
[2019-12-09T03:01:24.948+0000][1][safepoint    ] Total time for which application threads were stopped: 0.0000705 seconds, Stopping threads took: 0.0000160 seconds
[2019-12-09T03:01:25.949+0000][1][safepoint    ] Application time: 1.0000786 seconds
[2019-12-09T03:01:25.949+0000][1][safepoint    ] Entering safepoint region: Cleanup
[2019-12-09T03:01:25.949+0000][1][safepoint    ] Leaving safepoint region
[2019-12-09T03:01:25.949+0000][1][safepoint    ] Total time for which application threads were stopped: 0.0000870 seconds, Stopping threads took: 0.0000161 seconds
[2019-12-09T03:01:26.949+0000][1][safepoint    ] Application time: 1.0000776 seconds
[2019-12-09T03:01:26.949+0000][1][safepoint    ] Entering safepoint region: Cleanup
[2019-12-09T03:01:26.949+0000][1][safepoint    ] Leaving safepoint region
[2019-12-09T03:01:26.949+0000][1][safepoint    ] Total time for which application threads were stopped: 0.0000757 seconds, Stopping threads took: 0.0000181 seconds
[2019-12-09T03:01:27.949+0000][1][safepoint    ] Application time: 1.0000750 seconds
[2019-12-09T03:01:27.949+0000][1][safepoint    ] Entering safepoint region: Cleanup
[2019-12-09T03:01:27.949+0000][1][safepoint    ] Leaving safepoint region
[2019-12-09T03:01:27.949+0000][1][safepoint    ] Total time for which application threads were stopped: 0.0000761 seconds, Stopping threads took: 0.0000173 seconds
[2019-12-09T03:01:28.949+0000][1][safepoint    ] Application time: 1.0000756 seconds
[2019-12-09T03:01:28.949+0000][1][safepoint    ] Entering safepoint region: Cleanup
[2019-12-09T03:01:28.949+0000][1][safepoint    ] Leaving safepoint region
[2019-12-09T03:01:28.949+0000][1][safepoint    ] Total time for which application threads were stopped: 0.0000895 seconds, Stopping threads took: 0.0000154 seconds
[2019-12-09T03:01:29.949+0000][1][safepoint    ] Application time: 1.0000769 seconds
[2019-12-09T03:01:29.949+0000][1][safepoint    ] Entering safepoint region: Cleanup
[2019-12-09T03:01:29.950+0000][1][safepoint    ] Leaving safepoint region
[2019-12-09T03:01:29.950+0000][1][safepoint    ] Total time for which application threads were stopped: 0.0000851 seconds, Stopping threads took: 0.0000175 seconds
[2019-12-09T03:01:30.950+0000][1][safepoint    ] Application time: 1.0000795 seconds
[2019-12-09T03:01:30.950+0000][1][safepoint    ] Entering safepoint region: Cleanup
[2019-12-09T03:01:30.950+0000][1][safepoint    ] Leaving safepoint region
[2019-12-09T03:01:30.950+0000][1][safepoint    ] Total time for which application threads were stopped: 0.0000888 seconds, Stopping threads took: 0.0000179 seconds
[2019-12-09T03:01:31.950+0000][1][safepoint    ] Application time: 1.0000766 seconds
[2019-12-09T03:01:31.950+0000][1][safepoint    ] Entering safepoint region: Cleanup
[2019-12-09T03:01:31.950+0000][1][safepoint    ] Leaving safepoint region
[2019-12-09T03:01:31.950+0000][1][safepoint    ] Total time for which application threads were stopped: 0.0000709 seconds, Stopping threads took: 0.0000155 seconds
[2019-12-09T03:01:32.950+0000][1][safepoint    ] Application time: 1.0000768 seconds
[2019-12-09T03:01:32.950+0000][1][safepoint    ] Entering safepoint region: Cleanup
[2019-12-09T03:01:32.950+0000][1][safepoint    ] Leaving safepoint region
[2019-12-09T03:01:32.950+0000][1][safepoint    ] Total time for which application threads were stopped: 0.0000765 seconds, Stopping threads took: 0.0000156 seconds
[2019-12-09T03:01:33.950+0000][1][safepoint    ] Application time: 1.0000770 seconds
[2019-12-09T03:01:33.950+0000][1][safepoint    ] Entering safepoint region: Cleanup
[2019-12-09T03:01:33.950+0000][1][safepoint    ] Leaving safepoint region
[2019-12-09T03:01:33.950+0000][1][safepoint    ] Total time for which application threads were stopped: 0.0000729 seconds, Stopping threads took: 0.0000159 seconds
[2019-12-09T03:01:34.950+0000][1][safepoint    ] Application time: 1.0000752 seconds
[2019-12-09T03:01:34.950+0000][1][safepoint    ] Entering safepoint region: Cleanup
[2019-12-09T03:01:34.950+0000][1][safepoint    ] Leaving safepoint region
[2019-12-09T03:01:34.950+0000][1][safepoint    ] Total time for which application threads were stopped: 0.0000694 seconds, Stopping threads took: 0.0000151 seconds
[2019-12-09T03:01:35.951+0000][1][safepoint    ] Application time: 1.0000762 seconds
[2019-12-09T03:01:35.951+0000][1][safepoint    ] Entering safepoint region: Cleanup
[2019-12-09T03:01:35.951+0000][1][safepoint    ] Leaving safepoint region
[2019-12-09T03:01:35.951+0000][1][safepoint    ] Total time for which application threads were stopped: 0.0000736 seconds, Stopping threads took: 0.0000170 seconds
[2019-12-09T03:01:36.951+0000][1][safepoint    ] Application time: 1.0000879 seconds
[2019-12-09T03:01:36.951+0000][1][safepoint    ] Entering safepoint region: Cleanup
[2019-12-09T03:01:36.951+0000][1][safepoint    ] Leaving safepoint region
[2019-12-09T03:01:36.951+0000][1][safepoint    ] Total time for which application threads were stopped: 0.0000700 seconds, Stopping threads took: 0.0000165 seconds
[2019-12-09T03:01:37.951+0000][1][safepoint    ] Application time: 1.0000750 seconds
[2019-12-09T03:01:37.951+0000][1][safepoint    ] Entering safepoint region: Cleanup
[2019-12-09T03:01:37.951+0000][1][safepoint    ] Leaving safepoint region
[2019-12-09T03:01:37.951+0000][1][safepoint    ] Total time for which application threads were stopped: 0.0000728 seconds, Stopping threads took: 0.0000155 seconds
[2019-12-09T03:01:38.951+0000][1][safepoint    ] Application time: 1.0000753 seconds
[2019-12-09T03:01:38.951+0000][1][safepoint    ] Entering safepoint region: Cleanup
[2019-12-09T03:01:38.951+0000][1][safepoint    ] Leaving safepoint region
[2019-12-09T03:01:38.951+0000][1][safepoint    ] Total time for which application threads were stopped: 0.0000727 seconds, Stopping threads took: 0.0000162 seconds
[2019-12-09T03:01:39.951+0000][1][safepoint    ] Application time: 1.0000742 seconds
[2019-12-09T03:01:39.951+0000][1][safepoint    ] Entering safepoint region: Cleanup
[2019-12-09T03:01:39.951+0000][1][safepoint    ] Leaving safepoint region
[2019-12-09T03:01:39.951+0000][1][safepoint    ] Total time for which application threads were stopped: 0.0000706 seconds, Stopping threads took: 0.0000165 seconds
[2019-12-09T03:01:40.952+0000][1][safepoint    ] Application time: 1.0000737 seconds
[2019-12-09T03:01:40.952+0000][1][safepoint    ] Entering safepoint region: Cleanup
[2019-12-09T03:01:40.952+0000][1][safepoint    ] Leaving safepoint region
[2019-12-09T03:01:40.952+0000][1][safepoint    ] Total time for which application threads were stopped: 0.0000721 seconds, Stopping threads took: 0.0000176 seconds
[2019-12-09T03:01:41.890+0000][1][safepoint    ] Application time: 0.9384180 seconds
[2019-12-09T03:01:41.890+0000][1][safepoint    ] Entering safepoint region: GenCollectForAllocation
[2019-12-09T03:01:41.890+0000][1][gc,start     ] GC(28) Pause Young (Allocation Failure)
[2019-12-09T03:01:41.890+0000][1][gc,task      ] GC(28) Using 2 workers of 2 for evacuation
[2019-12-09T03:01:41.896+0000][1][gc,age       ] GC(28) Desired survivor size 4456448 bytes, new threshold 6 (max threshold 6)
[2019-12-09T03:01:41.896+0000][1][gc,age       ] GC(28) Age table with threshold 6 (max threshold 6)
[2019-12-09T03:01:41.896+0000][1][gc,age       ] GC(28) - age   1:       5472 bytes,       5472 total
[2019-12-09T03:01:41.896+0000][1][gc,age       ] GC(28) - age   2:       5432 bytes,      10904 total
[2019-12-09T03:01:41.896+0000][1][gc,age       ] GC(28) - age   3:       9928 bytes,      20832 total
[2019-12-09T03:01:41.896+0000][1][gc,age       ] GC(28) - age   4:      25088 bytes,      45920 total
[2019-12-09T03:01:41.896+0000][1][gc,age       ] GC(28) - age   5:    1949624 bytes,    1995544 total
[2019-12-09T03:01:41.896+0000][1][gc,heap      ] GC(28) ParNew: 72882K->2924K(78656K)
[2019-12-09T03:01:41.896+0000][1][gc,heap      ] GC(28) CMS: 67984K->67984K(174784K)
[2019-12-09T03:01:41.896+0000][1][gc,metaspace ] GC(28) Metaspace: 68959K->68959K(1112064K)
[2019-12-09T03:01:41.896+0000][1][gc           ] GC(28) Pause Young (Allocation Failure) 137M->69M(247M) 5.910ms
[2019-12-09T03:01:41.896+0000][1][gc,cpu       ] GC(28) User=0.01s Sys=0.00s Real=0.01s
[2019-12-09T03:01:41.896+0000][1][safepoint    ] Leaving safepoint region
[2019-12-09T03:01:41.896+0000][1][safepoint    ] Total time for which application threads were stopped: 0.0060506 seconds, Stopping threads took: 0.0000167 seconds
[2019-12-09T03:01:42.896+0000][1][safepoint    ] Application time: 1.0000851 seconds
[2019-12-09T03:01:42.896+0000][1][safepoint    ] Entering safepoint region: Cleanup
[2019-12-09T03:01:42.896+0000][1][safepoint    ] Leaving safepoint region
[2019-12-09T03:01:42.896+0000][1][safepoint    ] Total time for which application threads were stopped: 0.0000821 seconds, Stopping threads took: 0.0000174 seconds
[2019-12-09T03:01:43.896+0000][1][safepoint    ] Application time: 1.0000750 seconds
[2019-12-09T03:01:43.896+0000][1][safepoint    ] Entering safepoint region: Cleanup
[2019-12-09T03:01:43.896+0000][1][safepoint    ] Leaving safepoint region
[2019-12-09T03:01:43.896+0000][1][safepoint    ] Total time for which application threads were stopped: 0.0000702 seconds, Stopping threads took: 0.0000168 seconds
[2019-12-09T03:01:44.897+0000][1][safepoint    ] Application time: 1.0000802 seconds
[2019-12-09T03:01:44.897+0000][1][safepoint    ] Entering safepoint region: Cleanup
[2019-12-09T03:01:44.897+0000][1][safepoint    ] Leaving safepoint region
[2019-12-09T03:01:44.897+0000][1][safepoint    ] Total time for which application threads were stopped: 0.0000737 seconds, Stopping threads took: 0.0000179 seconds
[2019-12-09T03:01:45.897+0000][1][safepoint    ] Application time: 1.0000741 seconds
[2019-12-09T03:01:45.897+0000][1][safepoint    ] Entering safepoint region: Cleanup
[2019-12-09T03:01:45.897+0000][1][safepoint    ] Leaving safepoint region
[2019-12-09T03:01:45.897+0000][1][safepoint    ] Total time for which application threads were stopped: 0.0000701 seconds, Stopping threads took: 0.0000167 seconds
[2019-12-09T03:01:46.897+0000][1][safepoint    ] Application time: 1.0000882 seconds
[2019-12-09T03:01:46.897+0000][1][safepoint    ] Entering safepoint region: Cleanup
[2019-12-09T03:01:46.897+0000][1][safepoint    ] Leaving safepoint region
[2019-12-09T03:01:46.897+0000][1][safepoint    ] Total time for which application threads were stopped: 0.0000982 seconds, Stopping threads took: 0.0000227 seconds
[2019-12-09T03:01:47.897+0000][1][safepoint    ] Application time: 1.0000758 seconds
[2019-12-09T03:01:47.897+0000][1][safepoint    ] Entering safepoint region: Cleanup
[2019-12-09T03:01:47.897+0000][1][safepoint    ] Leaving safepoint region
[2019-12-09T03:01:47.897+0000][1][safepoint    ] Total time for which application threads were stopped: 0.0000724 seconds, Stopping threads took: 0.0000161 seconds
[2019-12-09T03:01:48.897+0000][1][safepoint    ] Application time: 1.0000763 seconds
[2019-12-09T03:01:48.897+0000][1][safepoint    ] Entering safepoint region: Cleanup
[2019-12-09T03:01:48.897+0000][1][safepoint    ] Leaving safepoint region
[2019-12-09T03:01:48.897+0000][1][safepoint    ] Total time for which application threads were stopped: 0.0000792 seconds, Stopping threads took: 0.0000216 seconds
[2019-12-09T03:01:49.898+0000][1][safepoint    ] Application time: 1.0000765 seconds
[2019-12-09T03:01:49.898+0000][1][safepoint    ] Entering safepoint region: Cleanup
[2019-12-09T03:01:49.898+0000][1][safepoint    ] Leaving safepoint region
[2019-12-09T03:01:49.898+0000][1][safepoint    ] Total time for which application threads were stopped: 0.0000684 seconds, Stopping threads took: 0.0000158 seconds
[2019-12-09T03:01:50.898+0000][1][safepoint    ] Application time: 1.0000769 seconds
[2019-12-09T03:01:50.898+0000][1][safepoint    ] Entering safepoint region: Cleanup
[2019-12-09T03:01:50.898+0000][1][safepoint    ] Leaving safepoint region
[2019-12-09T03:01:50.898+0000][1][safepoint    ] Total time for which application threads were stopped: 0.0000722 seconds, Stopping threads took: 0.0000167 seconds
[2019-12-09T03:01:51.898+0000][1][safepoint    ] Application time: 1.0000763 seconds
[2019-12-09T03:01:51.898+0000][1][safepoint    ] Entering safepoint region: Cleanup
[2019-12-09T03:01:51.898+0000][1][safepoint    ] Leaving safepoint region
[2019-12-09T03:01:51.898+0000][1][safepoint    ] Total time for which application threads were stopped: 0.0000695 seconds, Stopping threads took: 0.0000164 seconds
[2019-12-09T03:01:52.898+0000][1][safepoint    ] Application time: 1.0000792 seconds
[2019-12-09T03:01:52.898+0000][1][safepoint    ] Entering safepoint region: Cleanup
[2019-12-09T03:01:52.898+0000][1][safepoint    ] Leaving safepoint region
[2019-12-09T03:01:52.898+0000][1][safepoint    ] Total time for which application threads were stopped: 0.0000774 seconds, Stopping threads took: 0.0000176 seconds
[2019-12-09T03:01:53.898+0000][1][safepoint    ] Application time: 1.0000750 seconds
[2019-12-09T03:01:53.898+0000][1][safepoint    ] Entering safepoint region: Cleanup
[2019-12-09T03:01:53.898+0000][1][safepoint    ] Leaving safepoint region
[2019-12-09T03:01:53.898+0000][1][safepoint    ] Total time for which application threads were stopped: 0.0000719 seconds, Stopping threads took: 0.0000171 seconds
[2019-12-09T03:01:54.898+0000][1][safepoint    ] Application time: 1.0000769 seconds
[2019-12-09T03:01:54.898+0000][1][safepoint    ] Entering safepoint region: Cleanup
[2019-12-09T03:01:54.899+0000][1][safepoint    ] Leaving safepoint region
[2019-12-09T03:01:54.899+0000][1][safepoint    ] Total time for which application threads were stopped: 0.0000697 seconds, Stopping threads took: 0.0000162 seconds
[2019-12-09T03:01:55.899+0000][1][safepoint    ] Application time: 1.0000774 seconds
[2019-12-09T03:01:55.899+0000][1][safepoint    ] Entering safepoint region: Cleanup
[2019-12-09T03:01:55.899+0000][1][safepoint    ] Leaving safepoint region
[2019-12-09T03:01:55.899+0000][1][safepoint    ] Total time for which application threads were stopped: 0.0000806 seconds, Stopping threads took: 0.0000175 seconds
[2019-12-09T03:01:56.899+0000][1][safepoint    ] Application time: 1.0000757 seconds
[2019-12-09T03:01:56.899+0000][1][safepoint    ] Entering safepoint region: Cleanup
[2019-12-09T03:01:56.899+0000][1][safepoint    ] Leaving safepoint region
[2019-12-09T03:01:56.899+0000][1][safepoint    ] Total time for which application threads were stopped: 0.0000720 seconds, Stopping threads took: 0.0000167 seconds
[2019-12-09T03:01:57.899+0000][1][safepoint    ] Application time: 1.0000743 seconds
[2019-12-09T03:01:57.899+0000][1][safepoint    ] Entering safepoint region: Cleanup
[2019-12-09T03:01:57.899+0000][1][safepoint    ] Leaving safepoint region
[2019-12-09T03:01:57.899+0000][1][safepoint    ] Total time for which application threads were stopped: 0.0000739 seconds, Stopping threads took: 0.0000179 seconds
[2019-12-09T03:01:58.899+0000][1][safepoint    ] Application time: 1.0000748 seconds
[2019-12-09T03:01:58.899+0000][1][safepoint    ] Entering safepoint region: Cleanup
[2019-12-09T03:01:58.899+0000][1][safepoint    ] Leaving safepoint region
[2019-12-09T03:01:58.899+0000][1][safepoint    ] Total time for which application threads were stopped: 0.0000721 seconds, Stopping threads took: 0.0000170 seconds
[2019-12-09T03:01:59.899+0000][1][safepoint    ] Application time: 1.0000759 seconds
[2019-12-09T03:01:59.899+0000][1][safepoint    ] Entering safepoint region: Cleanup
[2019-12-09T03:01:59.899+0000][1][safepoint    ] Leaving safepoint region
[2019-12-09T03:01:59.899+0000][1][safepoint    ] Total time for which application threads were stopped: 0.0000712 seconds, Stopping threads took: 0.0000168 seconds
[2019-12-09T03:02:00.900+0000][1][safepoint    ] Application time: 1.0000769 seconds
[2019-12-09T03:02:00.900+0000][1][safepoint    ] Entering safepoint region: Cleanup
[2019-12-09T03:02:00.900+0000][1][safepoint    ] Leaving safepoint region
[2019-12-09T03:02:00.900+0000][1][safepoint    ] Total time for which application threads were stopped: 0.0000689 seconds, Stopping threads took: 0.0000161 seconds
[2019-12-09T03:02:01.900+0000][1][safepoint    ] Application time: 1.0000777 seconds
[2019-12-09T03:02:01.900+0000][1][safepoint    ] Entering safepoint region: Cleanup
[2019-12-09T03:02:01.900+0000][1][safepoint    ] Leaving safepoint region
[2019-12-09T03:02:01.900+0000][1][safepoint    ] Total time for which application threads were stopped: 0.0000755 seconds, Stopping threads took: 0.0000178 seconds
[2019-12-09T03:02:02.900+0000][1][safepoint    ] Application time: 1.0000743 seconds
[2019-12-09T03:02:02.900+0000][1][safepoint    ] Entering safepoint region: Cleanup
[2019-12-09T03:02:02.900+0000][1][safepoint    ] Leaving safepoint region
[2019-12-09T03:02:02.900+0000][1][safepoint    ] Total time for which application threads were stopped: 0.0000693 seconds, Stopping threads took: 0.0000160 seconds
[2019-12-09T03:02:03.900+0000][1][safepoint    ] Application time: 1.0000743 seconds
[2019-12-09T03:02:03.900+0000][1][safepoint    ] Entering safepoint region: Cleanup
[2019-12-09T03:02:03.900+0000][1][safepoint    ] Leaving safepoint region
[2019-12-09T03:02:03.900+0000][1][safepoint    ] Total time for which application threads were stopped: 0.0000728 seconds, Stopping threads took: 0.0000176 seconds
[2019-12-09T03:02:04.900+0000][1][safepoint    ] Application time: 1.0000757 seconds
[2019-12-09T03:02:04.900+0000][1][safepoint    ] Entering safepoint region: Cleanup
[2019-12-09T03:02:04.900+0000][1][safepoint    ] Leaving safepoint region
[2019-12-09T03:02:04.900+0000][1][safepoint    ] Total time for which application threads were stopped: 0.0000876 seconds, Stopping threads took: 0.0000174 seconds
[2019-12-09T03:02:05.900+0000][1][safepoint    ] Application time: 1.0000765 seconds
[2019-12-09T03:02:05.900+0000][1][safepoint    ] Entering safepoint region: Cleanup
[2019-12-09T03:02:05.901+0000][1][safepoint    ] Leaving safepoint region
[2019-12-09T03:02:05.901+0000][1][safepoint    ] Total time for which application threads were stopped: 0.0000738 seconds, Stopping threads took: 0.0000160 seconds
[2019-12-09T03:02:06.901+0000][1][safepoint    ] Application time: 1.0000750 seconds
[2019-12-09T03:02:06.901+0000][1][safepoint    ] Entering safepoint region: Cleanup
[2019-12-09T03:02:06.901+0000][1][safepoint    ] Leaving safepoint region
[2019-12-09T03:02:06.901+0000][1][safepoint    ] Total time for which application threads were stopped: 0.0000852 seconds, Stopping threads took: 0.0000299 seconds
[2019-12-09T03:02:07.901+0000][1][safepoint    ] Application time: 1.0000745 seconds
[2019-12-09T03:02:07.901+0000][1][safepoint    ] Entering safepoint region: Cleanup
[2019-12-09T03:02:07.901+0000][1][safepoint    ] Leaving safepoint region
[2019-12-09T03:02:07.901+0000][1][safepoint    ] Total time for which application threads were stopped: 0.0000723 seconds, Stopping threads took: 0.0000164 seconds
[2019-12-09T03:02:08.901+0000][1][safepoint    ] Application time: 1.0000781 seconds
[2019-12-09T03:02:08.901+0000][1][safepoint    ] Entering safepoint region: Cleanup
[2019-12-09T03:02:08.901+0000][1][safepoint    ] Leaving safepoint region
[2019-12-09T03:02:08.901+0000][1][safepoint    ] Total time for which application threads were stopped: 0.0000715 seconds, Stopping threads took: 0.0000163 seconds
[2019-12-09T03:02:09.901+0000][1][safepoint    ] Application time: 1.0000771 seconds
[2019-12-09T03:02:09.901+0000][1][safepoint    ] Entering safepoint region: Cleanup
[2019-12-09T03:02:09.901+0000][1][safepoint    ] Leaving safepoint region
[2019-12-09T03:02:09.901+0000][1][safepoint    ] Total time for which application threads were stopped: 0.0000717 seconds, Stopping threads took: 0.0000164 seconds
[2019-12-09T03:02:10.901+0000][1][safepoint    ] Application time: 1.0000854 seconds
[2019-12-09T03:02:10.901+0000][1][safepoint    ] Entering safepoint region: Cleanup
[2019-12-09T03:02:10.902+0000][1][safepoint    ] Leaving safepoint region
[2019-12-09T03:02:10.902+0000][1][safepoint    ] Total time for which application threads were stopped: 0.0000817 seconds, Stopping threads took: 0.0000221 seconds
[2019-12-09T03:02:11.902+0000][1][safepoint    ] Application time: 1.0000794 seconds
[2019-12-09T03:02:11.902+0000][1][safepoint    ] Entering safepoint region: Cleanup
[2019-12-09T03:02:11.902+0000][1][safepoint    ] Leaving safepoint region
[2019-12-09T03:02:11.902+0000][1][safepoint    ] Total time for which application threads were stopped: 0.0000862 seconds, Stopping threads took: 0.0000172 seconds
[2019-12-09T03:02:12.902+0000][1][safepoint    ] Application time: 1.0000762 seconds
[2019-12-09T03:02:12.902+0000][1][safepoint    ] Entering safepoint region: Cleanup
[2019-12-09T03:02:12.902+0000][1][safepoint    ] Leaving safepoint region
[2019-12-09T03:02:12.902+0000][1][safepoint    ] Total time for which application threads were stopped: 0.0000781 seconds, Stopping threads took: 0.0000168 seconds
[2019-12-09T03:02:13.902+0000][1][safepoint    ] Application time: 1.0000813 seconds
[2019-12-09T03:02:13.902+0000][1][safepoint    ] Entering safepoint region: Cleanup
[2019-12-09T03:02:13.902+0000][1][safepoint    ] Leaving safepoint region
[2019-12-09T03:02:13.902+0000][1][safepoint    ] Total time for which application threads were stopped: 0.0000765 seconds, Stopping threads took: 0.0000166 seconds
[2019-12-09T03:02:14.902+0000][1][safepoint    ] Application time: 1.0000784 seconds
[2019-12-09T03:02:14.902+0000][1][safepoint    ] Entering safepoint region: Cleanup
[2019-12-09T03:02:14.902+0000][1][safepoint    ] Leaving safepoint region
[2019-12-09T03:02:14.902+0000][1][safepoint    ] Total time for which application threads were stopped: 0.0000701 seconds, Stopping threads took: 0.0000166 seconds
[2019-12-09T03:02:15.902+0000][1][safepoint    ] Application time: 1.0000792 seconds
[2019-12-09T03:02:15.902+0000][1][safepoint    ] Entering safepoint region: Cleanup
[2019-12-09T03:02:15.902+0000][1][safepoint    ] Leaving safepoint region
[2019-12-09T03:02:15.902+0000][1][safepoint    ] Total time for which application threads were stopped: 0.0000697 seconds, Stopping threads took: 0.0000176 seconds
[2019-12-09T03:02:16.903+0000][1][safepoint    ] Application time: 1.0000793 seconds
[2019-12-09T03:02:16.903+0000][1][safepoint    ] Entering safepoint region: Cleanup
[2019-12-09T03:02:16.903+0000][1][safepoint    ] Leaving safepoint region
[2019-12-09T03:02:16.903+0000][1][safepoint    ] Total time for which application threads were stopped: 0.0000724 seconds, Stopping threads took: 0.0000164 seconds
[2019-12-09T03:02:17.903+0000][1][safepoint    ] Application time: 1.0000783 seconds
[2019-12-09T03:02:17.903+0000][1][safepoint    ] Entering safepoint region: Cleanup
[2019-12-09T03:02:17.903+0000][1][safepoint    ] Leaving safepoint region
[2019-12-09T03:02:17.903+0000][1][safepoint    ] Total time for which application threads were stopped: 0.0000697 seconds, Stopping threads took: 0.0000157 seconds
[2019-12-09T03:02:18.903+0000][1][safepoint    ] Application time: 1.0000794 seconds
[2019-12-09T03:02:18.903+0000][1][safepoint    ] Entering safepoint region: Cleanup
[2019-12-09T03:02:18.903+0000][1][safepoint    ] Leaving safepoint region
[2019-12-09T03:02:18.903+0000][1][safepoint    ] Total time for which application threads were stopped: 0.0000766 seconds, Stopping threads took: 0.0000238 seconds
[2019-12-09T03:02:19.903+0000][1][safepoint    ] Application time: 1.0001464 seconds
[2019-12-09T03:02:19.903+0000][1][safepoint    ] Entering safepoint region: Cleanup
[2019-12-09T03:02:19.903+0000][1][safepoint    ] Leaving safepoint region
[2019-12-09T03:02:19.903+0000][1][safepoint    ] Total time for which application threads were stopped: 0.0000777 seconds, Stopping threads took: 0.0000168 seconds
[2019-12-09T03:02:20.903+0000][1][safepoint    ] Application time: 1.0000829 seconds
[2019-12-09T03:02:20.903+0000][1][safepoint    ] Entering safepoint region: Cleanup
[2019-12-09T03:02:20.903+0000][1][safepoint    ] Leaving safepoint region
[2019-12-09T03:02:20.904+0000][1][safepoint    ] Total time for which application threads were stopped: 0.0000982 seconds, Stopping threads took: 0.0000171 seconds
[2019-12-09T03:02:21.904+0000][1][safepoint    ] Application time: 1.0000801 seconds
[2019-12-09T03:02:21.904+0000][1][safepoint    ] Entering safepoint region: Cleanup
[2019-12-09T03:02:21.904+0000][1][safepoint    ] Leaving safepoint region
[2019-12-09T03:02:21.904+0000][1][safepoint    ] Total time for which application threads were stopped: 0.0000813 seconds, Stopping threads took: 0.0000167 seconds
[2019-12-09T03:02:23.082+0000][1][safepoint    ] Application time: 1.1782592 seconds
[2019-12-09T03:02:23.082+0000][1][safepoint    ] Entering safepoint region: Cleanup
[2019-12-09T03:02:23.082+0000][1][safepoint    ] Leaving safepoint region
[2019-12-09T03:02:23.082+0000][1][safepoint    ] Total time for which application threads were stopped: 0.0000826 seconds, Stopping threads took: 0.0000168 seconds
[2019-12-09T03:02:24.082+0000][1][safepoint    ] Application time: 1.0000739 seconds
[2019-12-09T03:02:24.082+0000][1][safepoint    ] Entering safepoint region: Cleanup
[2019-12-09T03:02:24.082+0000][1][safepoint    ] Leaving safepoint region
[2019-12-09T03:02:24.082+0000][1][safepoint    ] Total time for which application threads were stopped: 0.0000707 seconds, Stopping threads took: 0.0000158 seconds
[2019-12-09T03:02:25.082+0000][1][safepoint    ] Application time: 1.0000757 seconds
[2019-12-09T03:02:25.082+0000][1][safepoint    ] Entering safepoint region: Cleanup
[2019-12-09T03:02:25.082+0000][1][safepoint    ] Leaving safepoint region
[2019-12-09T03:02:25.082+0000][1][safepoint    ] Total time for which application threads were stopped: 0.0000755 seconds, Stopping threads took: 0.0000166 seconds
[2019-12-09T03:02:26.083+0000][1][safepoint    ] Application time: 1.0000736 seconds
[2019-12-09T03:02:26.083+0000][1][safepoint    ] Entering safepoint region: Cleanup
[2019-12-09T03:02:26.083+0000][1][safepoint    ] Leaving safepoint region
[2019-12-09T03:02:26.083+0000][1][safepoint    ] Total time for which application threads were stopped: 0.0000728 seconds, Stopping threads took: 0.0000164 seconds
[2019-12-09T03:02:27.083+0000][1][safepoint    ] Application time: 1.0000802 seconds
[2019-12-09T03:02:27.083+0000][1][safepoint    ] Entering safepoint region: Cleanup
[2019-12-09T03:02:27.083+0000][1][safepoint    ] Leaving safepoint region
[2019-12-09T03:02:27.083+0000][1][safepoint    ] Total time for which application threads were stopped: 0.0000841 seconds, Stopping threads took: 0.0000172 seconds
[2019-12-09T03:02:28.083+0000][1][safepoint    ] Application time: 1.0000762 seconds
[2019-12-09T03:02:28.083+0000][1][safepoint    ] Entering safepoint region: Cleanup
[2019-12-09T03:02:28.083+0000][1][safepoint    ] Leaving safepoint region
[2019-12-09T03:02:28.083+0000][1][safepoint    ] Total time for which application threads were stopped: 0.0000737 seconds, Stopping threads took: 0.0000177 seconds
[2019-12-09T03:02:29.083+0000][1][safepoint    ] Application time: 1.0000770 seconds
[2019-12-09T03:02:29.083+0000][1][safepoint    ] Entering safepoint region: Cleanup
[2019-12-09T03:02:29.083+0000][1][safepoint    ] Leaving safepoint region
[2019-12-09T03:02:29.083+0000][1][safepoint    ] Total time for which application threads were stopped: 0.0000693 seconds, Stopping threads took: 0.0000161 seconds
[2019-12-09T03:02:30.083+0000][1][safepoint    ] Application time: 1.0000764 seconds
[2019-12-09T03:02:30.083+0000][1][safepoint    ] Entering safepoint region: Cleanup
[2019-12-09T03:02:30.083+0000][1][safepoint    ] Leaving safepoint region
[2019-12-09T03:02:30.083+0000][1][safepoint    ] Total time for which application threads were stopped: 0.0000801 seconds, Stopping threads took: 0.0000224 seconds
[2019-12-09T03:02:31.084+0000][1][safepoint    ] Application time: 1.0000785 seconds
[2019-12-09T03:02:31.084+0000][1][safepoint    ] Entering safepoint region: Cleanup
[2019-12-09T03:02:31.084+0000][1][safepoint    ] Leaving safepoint region
[2019-12-09T03:02:31.084+0000][1][safepoint    ] Total time for which application threads were stopped: 0.0000914 seconds, Stopping threads took: 0.0000333 seconds
[2019-12-09T03:02:32.084+0000][1][safepoint    ] Application time: 1.0000866 seconds
[2019-12-09T03:02:32.084+0000][1][safepoint    ] Entering safepoint region: Cleanup
[2019-12-09T03:02:32.084+0000][1][safepoint    ] Leaving safepoint region
[2019-12-09T03:02:32.084+0000][1][safepoint    ] Total time for which application threads were stopped: 0.0000735 seconds, Stopping threads took: 0.0000168 seconds
[2019-12-09T03:02:33.084+0000][1][safepoint    ] Application time: 1.0000776 seconds
[2019-12-09T03:02:33.084+0000][1][safepoint    ] Entering safepoint region: Cleanup
[2019-12-09T03:02:33.084+0000][1][safepoint    ] Leaving safepoint region
[2019-12-09T03:02:33.084+0000][1][safepoint    ] Total time for which application threads were stopped: 0.0000731 seconds, Stopping threads took: 0.0000174 seconds
[2019-12-09T03:02:34.084+0000][1][safepoint    ] Application time: 1.0000775 seconds
[2019-12-09T03:02:34.084+0000][1][safepoint    ] Entering safepoint region: Cleanup
[2019-12-09T03:02:34.084+0000][1][safepoint    ] Leaving safepoint region
[2019-12-09T03:02:34.084+0000][1][safepoint    ] Total time for which application threads were stopped: 0.0000736 seconds, Stopping threads took: 0.0000175 seconds
[2019-12-09T03:02:35.084+0000][1][safepoint    ] Application time: 1.0000796 seconds
[2019-12-09T03:02:35.084+0000][1][safepoint    ] Entering safepoint region: Cleanup
[2019-12-09T03:02:35.084+0000][1][safepoint    ] Leaving safepoint region
[2019-12-09T03:02:35.084+0000][1][safepoint    ] Total time for which application threads were stopped: 0.0000774 seconds, Stopping threads took: 0.0000181 seconds
[2019-12-09T03:02:36.085+0000][1][safepoint    ] Application time: 1.0000864 seconds
[2019-12-09T03:02:36.085+0000][1][safepoint    ] Entering safepoint region: Cleanup
[2019-12-09T03:02:36.085+0000][1][safepoint    ] Leaving safepoint region
[2019-12-09T03:02:36.085+0000][1][safepoint    ] Total time for which application threads were stopped: 0.0000868 seconds, Stopping threads took: 0.0000174 seconds
[2019-12-09T03:02:37.085+0000][1][safepoint    ] Application time: 1.0000769 seconds
[2019-12-09T03:02:37.085+0000][1][safepoint    ] Entering safepoint region: Cleanup
[2019-12-09T03:02:37.085+0000][1][safepoint    ] Leaving safepoint region
[2019-12-09T03:02:37.085+0000][1][safepoint    ] Total time for which application threads were stopped: 0.0000717 seconds, Stopping threads took: 0.0000154 seconds
[2019-12-09T03:02:38.085+0000][1][safepoint    ] Application time: 1.0000778 seconds
[2019-12-09T03:02:38.085+0000][1][safepoint    ] Entering safepoint region: Cleanup
[2019-12-09T03:02:38.085+0000][1][safepoint    ] Leaving safepoint region
[2019-12-09T03:02:38.085+0000][1][safepoint    ] Total time for which application threads were stopped: 0.0000736 seconds, Stopping threads took: 0.0000180 seconds
[2019-12-09T03:02:39.085+0000][1][safepoint    ] Application time: 1.0000771 seconds
[2019-12-09T03:02:39.085+0000][1][safepoint    ] Entering safepoint region: Cleanup
[2019-12-09T03:02:39.085+0000][1][safepoint    ] Leaving safepoint region
[2019-12-09T03:02:39.085+0000][1][safepoint    ] Total time for which application threads were stopped: 0.0000750 seconds, Stopping threads took: 0.0000172 seconds
[2019-12-09T03:02:40.085+0000][1][safepoint    ] Application time: 1.0000778 seconds
[2019-12-09T03:02:40.085+0000][1][safepoint    ] Entering safepoint region: Cleanup
[2019-12-09T03:02:40.085+0000][1][safepoint    ] Leaving safepoint region
[2019-12-09T03:02:40.085+0000][1][safepoint    ] Total time for which application threads were stopped: 0.0000738 seconds, Stopping threads took: 0.0000181 seconds
[2019-12-09T03:02:41.086+0000][1][safepoint    ] Application time: 1.0000781 seconds
[2019-12-09T03:02:41.086+0000][1][safepoint    ] Entering safepoint region: Cleanup
[2019-12-09T03:02:41.086+0000][1][safepoint    ] Leaving safepoint region
[2019-12-09T03:02:41.086+0000][1][safepoint    ] Total time for which application threads were stopped: 0.0000815 seconds, Stopping threads took: 0.0000178 seconds
[2019-12-09T03:02:42.086+0000][1][safepoint    ] Application time: 1.0000771 seconds
[2019-12-09T03:02:42.086+0000][1][safepoint    ] Entering safepoint region: Cleanup
[2019-12-09T03:02:42.086+0000][1][safepoint    ] Leaving safepoint region
[2019-12-09T03:02:42.086+0000][1][safepoint    ] Total time for which application threads were stopped: 0.0000726 seconds, Stopping threads took: 0.0000172 seconds
[2019-12-09T03:02:43.086+0000][1][safepoint    ] Application time: 1.0000768 seconds
[2019-12-09T03:02:43.086+0000][1][safepoint    ] Entering safepoint region: Cleanup
[2019-12-09T03:02:43.086+0000][1][safepoint    ] Leaving safepoint region
[2019-12-09T03:02:43.086+0000][1][safepoint    ] Total time for which application threads were stopped: 0.0000718 seconds, Stopping threads took: 0.0000171 seconds
[2019-12-09T03:02:44.086+0000][1][safepoint    ] Application time: 1.0000766 seconds
[2019-12-09T03:02:44.086+0000][1][safepoint    ] Entering safepoint region: Cleanup
[2019-12-09T03:02:44.086+0000][1][safepoint    ] Leaving safepoint region
[2019-12-09T03:02:44.086+0000][1][safepoint    ] Total time for which application threads were stopped: 0.0000745 seconds, Stopping threads took: 0.0000169 seconds
[2019-12-09T03:02:45.086+0000][1][safepoint    ] Application time: 1.0000775 seconds
[2019-12-09T03:02:45.086+0000][1][safepoint    ] Entering safepoint region: Cleanup
[2019-12-09T03:02:45.086+0000][1][safepoint    ] Leaving safepoint region
[2019-12-09T03:02:45.086+0000][1][safepoint    ] Total time for which application threads were stopped: 0.0000757 seconds, Stopping threads took: 0.0000167 seconds
[2019-12-09T03:02:46.087+0000][1][safepoint    ] Application time: 1.0000767 seconds
[2019-12-09T03:02:46.087+0000][1][safepoint    ] Entering safepoint region: Cleanup
[2019-12-09T03:02:46.087+0000][1][safepoint    ] Leaving safepoint region
[2019-12-09T03:02:46.087+0000][1][safepoint    ] Total time for which application threads were stopped: 0.0000749 seconds, Stopping threads took: 0.0000186 seconds
[2019-12-09T03:02:47.087+0000][1][safepoint    ] Application time: 1.0000640 seconds
[2019-12-09T03:02:47.087+0000][1][safepoint    ] Entering safepoint region: Cleanup
[2019-12-09T03:02:47.087+0000][1][safepoint    ] Leaving safepoint region
[2019-12-09T03:02:47.087+0000][1][safepoint    ] Total time for which application threads were stopped: 0.0000739 seconds, Stopping threads took: 0.0000168 seconds
[2019-12-09T03:02:48.374+0000][1][safepoint    ] Application time: 1.2867296 seconds
[2019-12-09T03:02:48.374+0000][1][safepoint    ] Entering safepoint region: Cleanup
[2019-12-09T03:02:48.374+0000][1][safepoint    ] Leaving safepoint region
[2019-12-09T03:02:48.374+0000][1][safepoint    ] Total time for which application threads were stopped: 0.0000875 seconds, Stopping threads took: 0.0000222 seconds
[2019-12-09T03:02:49.374+0000][1][safepoint    ] Application time: 1.0000749 seconds
[2019-12-09T03:02:49.374+0000][1][safepoint    ] Entering safepoint region: Cleanup
[2019-12-09T03:02:49.374+0000][1][safepoint    ] Leaving safepoint region
[2019-12-09T03:02:49.374+0000][1][safepoint    ] Total time for which application threads were stopped: 0.0000738 seconds, Stopping threads took: 0.0000170 seconds
[2019-12-09T03:02:50.374+0000][1][safepoint    ] Application time: 1.0000754 seconds
[2019-12-09T03:02:50.374+0000][1][safepoint    ] Entering safepoint region: Cleanup
[2019-12-09T03:02:50.374+0000][1][safepoint    ] Leaving safepoint region
[2019-12-09T03:02:50.374+0000][1][safepoint    ] Total time for which application threads were stopped: 0.0000717 seconds, Stopping threads took: 0.0000159 seconds
[2019-12-09T03:02:51.374+0000][1][safepoint    ] Application time: 1.0000834 seconds
[2019-12-09T03:02:51.374+0000][1][safepoint    ] Entering safepoint region: Cleanup
[2019-12-09T03:02:51.374+0000][1][safepoint    ] Leaving safepoint region
[2019-12-09T03:02:51.374+0000][1][safepoint    ] Total time for which application threads were stopped: 0.0001062 seconds, Stopping threads took: 0.0000307 seconds
[2019-12-09T03:02:52.374+0000][1][safepoint    ] Application time: 1.0000736 seconds
[2019-12-09T03:02:52.374+0000][1][safepoint    ] Entering safepoint region: Cleanup
[2019-12-09T03:02:52.374+0000][1][safepoint    ] Leaving safepoint region
[2019-12-09T03:02:52.374+0000][1][safepoint    ] Total time for which application threads were stopped: 0.0000691 seconds, Stopping threads took: 0.0000144 seconds
[2019-12-09T03:02:53.375+0000][1][safepoint    ] Application time: 1.0000762 seconds
[2019-12-09T03:02:53.375+0000][1][safepoint    ] Entering safepoint region: Cleanup
[2019-12-09T03:02:53.375+0000][1][safepoint    ] Leaving safepoint region
[2019-12-09T03:02:53.375+0000][1][safepoint    ] Total time for which application threads were stopped: 0.0000814 seconds, Stopping threads took: 0.0000170 seconds
[2019-12-09T03:02:54.375+0000][1][safepoint    ] Application time: 1.0000772 seconds
[2019-12-09T03:02:54.375+0000][1][safepoint    ] Entering safepoint region: Cleanup
[2019-12-09T03:02:54.375+0000][1][safepoint    ] Leaving safepoint region
[2019-12-09T03:02:54.375+0000][1][safepoint    ] Total time for which application threads were stopped: 0.0000702 seconds, Stopping threads took: 0.0000159 seconds
[2019-12-09T03:02:55.375+0000][1][safepoint    ] Application time: 1.0000771 seconds
[2019-12-09T03:02:55.375+0000][1][safepoint    ] Entering safepoint region: Cleanup
[2019-12-09T03:02:55.375+0000][1][safepoint    ] Leaving safepoint region
[2019-12-09T03:02:55.375+0000][1][safepoint    ] Total time for which application threads were stopped: 0.0000724 seconds, Stopping threads took: 0.0000159 seconds
[2019-12-09T03:02:56.375+0000][1][safepoint    ] Application time: 1.0000763 seconds
[2019-12-09T03:02:56.375+0000][1][safepoint    ] Entering safepoint region: Cleanup
[2019-12-09T03:02:56.375+0000][1][safepoint    ] Leaving safepoint region
[2019-12-09T03:02:56.375+0000][1][safepoint    ] Total time for which application threads were stopped: 0.0000742 seconds, Stopping threads took: 0.0000167 seconds
[2019-12-09T03:02:57.375+0000][1][safepoint    ] Application time: 1.0000822 seconds
[2019-12-09T03:02:57.375+0000][1][safepoint    ] Entering safepoint region: Cleanup
[2019-12-09T03:02:57.375+0000][1][safepoint    ] Leaving safepoint region
[2019-12-09T03:02:57.375+0000][1][safepoint    ] Total time for which application threads were stopped: 0.0000737 seconds, Stopping threads took: 0.0000154 seconds
[2019-12-09T03:02:58.376+0000][1][safepoint    ] Application time: 1.0000761 seconds
[2019-12-09T03:02:58.376+0000][1][safepoint    ] Entering safepoint region: Cleanup
[2019-12-09T03:02:58.376+0000][1][safepoint    ] Leaving safepoint region
[2019-12-09T03:02:58.376+0000][1][safepoint    ] Total time for which application threads were stopped: 0.0000699 seconds, Stopping threads took: 0.0000166 seconds
[2019-12-09T03:02:59.376+0000][1][safepoint    ] Application time: 1.0000763 seconds
[2019-12-09T03:02:59.376+0000][1][safepoint    ] Entering safepoint region: Cleanup
[2019-12-09T03:02:59.376+0000][1][safepoint    ] Leaving safepoint region
[2019-12-09T03:02:59.376+0000][1][safepoint    ] Total time for which application threads were stopped: 0.0000745 seconds, Stopping threads took: 0.0000171 seconds
[2019-12-09T03:03:00.376+0000][1][safepoint    ] Application time: 1.0000748 seconds
[2019-12-09T03:03:00.376+0000][1][safepoint    ] Entering safepoint region: Cleanup
[2019-12-09T03:03:00.376+0000][1][safepoint    ] Leaving safepoint region
[2019-12-09T03:03:00.376+0000][1][safepoint    ] Total time for which application threads were stopped: 0.0000740 seconds, Stopping threads took: 0.0000168 seconds
[2019-12-09T03:03:01.376+0000][1][safepoint    ] Application time: 1.0000754 seconds
[2019-12-09T03:03:01.376+0000][1][safepoint    ] Entering safepoint region: Cleanup
[2019-12-09T03:03:01.376+0000][1][safepoint    ] Leaving safepoint region
[2019-12-09T03:03:01.376+0000][1][safepoint    ] Total time for which application threads were stopped: 0.0000837 seconds, Stopping threads took: 0.0000248 seconds
[2019-12-09T03:03:02.376+0000][1][safepoint    ] Application time: 1.0000884 seconds
[2019-12-09T03:03:02.376+0000][1][safepoint    ] Entering safepoint region: Cleanup
[2019-12-09T03:03:02.376+0000][1][safepoint    ] Leaving safepoint region
[2019-12-09T03:03:02.376+0000][1][safepoint    ] Total time for which application threads were stopped: 0.0001133 seconds, Stopping threads took: 0.0000508 seconds
[2019-12-09T03:03:03.377+0000][1][safepoint    ] Application time: 1.0000846 seconds
[2019-12-09T03:03:03.377+0000][1][safepoint    ] Entering safepoint region: Cleanup
[2019-12-09T03:03:03.377+0000][1][safepoint    ] Leaving safepoint region
[2019-12-09T03:03:03.377+0000][1][safepoint    ] Total time for which application threads were stopped: 0.0000788 seconds, Stopping threads took: 0.0000174 seconds
[2019-12-09T03:03:04.377+0000][1][safepoint    ] Application time: 1.0000771 seconds
[2019-12-09T03:03:04.377+0000][1][safepoint    ] Entering safepoint region: Cleanup
[2019-12-09T03:03:04.377+0000][1][safepoint    ] Leaving safepoint region
[2019-12-09T03:03:04.377+0000][1][safepoint    ] Total time for which application threads were stopped: 0.0000747 seconds, Stopping threads took: 0.0000163 seconds
[2019-12-09T03:03:05.377+0000][1][safepoint    ] Application time: 1.0000758 seconds
[2019-12-09T03:03:05.377+0000][1][safepoint    ] Entering safepoint region: Cleanup
[2019-12-09T03:03:05.377+0000][1][safepoint    ] Leaving safepoint region
[2019-12-09T03:03:05.377+0000][1][safepoint    ] Total time for which application threads were stopped: 0.0000704 seconds, Stopping threads took: 0.0000166 seconds
[2019-12-09T03:03:06.377+0000][1][safepoint    ] Application time: 1.0000758 seconds
[2019-12-09T03:03:06.377+0000][1][safepoint    ] Entering safepoint region: Cleanup
[2019-12-09T03:03:06.377+0000][1][safepoint    ] Leaving safepoint region
[2019-12-09T03:03:06.377+0000][1][safepoint    ] Total time for which application threads were stopped: 0.0000739 seconds, Stopping threads took: 0.0000176 seconds
[2019-12-09T03:03:07.377+0000][1][safepoint    ] Application time: 1.0000885 seconds
[2019-12-09T03:03:07.377+0000][1][safepoint    ] Entering safepoint region: Cleanup
[2019-12-09T03:03:07.377+0000][1][safepoint    ] Leaving safepoint region
[2019-12-09T03:03:07.377+0000][1][safepoint    ] Total time for which application threads were stopped: 0.0001025 seconds, Stopping threads took: 0.0000436 seconds
[2019-12-09T03:03:08.378+0000][1][safepoint    ] Application time: 1.0000844 seconds
[2019-12-09T03:03:08.378+0000][1][safepoint    ] Entering safepoint region: Cleanup
[2019-12-09T03:03:08.378+0000][1][safepoint    ] Leaving safepoint region
[2019-12-09T03:03:08.378+0000][1][safepoint    ] Total time for which application threads were stopped: 0.0000849 seconds, Stopping threads took: 0.0000176 seconds
[2019-12-09T03:03:09.378+0000][1][safepoint    ] Application time: 1.0000864 seconds
[2019-12-09T03:03:09.378+0000][1][safepoint    ] Entering safepoint region: Cleanup
[2019-12-09T03:03:09.378+0000][1][safepoint    ] Leaving safepoint region
[2019-12-09T03:03:09.378+0000][1][safepoint    ] Total time for which application threads were stopped: 0.0000750 seconds, Stopping threads took: 0.0000169 seconds
[2019-12-09T03:03:10.378+0000][1][safepoint    ] Application time: 1.0000744 seconds
[2019-12-09T03:03:10.378+0000][1][safepoint    ] Entering safepoint region: Cleanup
[2019-12-09T03:03:10.378+0000][1][safepoint    ] Leaving safepoint region
[2019-12-09T03:03:10.378+0000][1][safepoint    ] Total time for which application threads were stopped: 0.0000719 seconds, Stopping threads took: 0.0000162 seconds
[2019-12-09T03:03:11.378+0000][1][safepoint    ] Application time: 1.0000763 seconds
[2019-12-09T03:03:11.378+0000][1][safepoint    ] Entering safepoint region: Cleanup
[2019-12-09T03:03:11.378+0000][1][safepoint    ] Leaving safepoint region
[2019-12-09T03:03:11.378+0000][1][safepoint    ] Total time for which application threads were stopped: 0.0000843 seconds, Stopping threads took: 0.0000231 seconds
[2019-12-09T03:03:12.378+0000][1][safepoint    ] Application time: 1.0000768 seconds
[2019-12-09T03:03:12.378+0000][1][safepoint    ] Entering safepoint region: Cleanup
[2019-12-09T03:03:12.378+0000][1][safepoint    ] Leaving safepoint region
[2019-12-09T03:03:12.378+0000][1][safepoint    ] Total time for which application threads were stopped: 0.0000832 seconds, Stopping threads took: 0.0000243 seconds
[2019-12-09T03:03:13.379+0000][1][safepoint    ] Application time: 1.0000942 seconds
[2019-12-09T03:03:13.379+0000][1][safepoint    ] Entering safepoint region: Cleanup
[2019-12-09T03:03:13.379+0000][1][safepoint    ] Leaving safepoint region
[2019-12-09T03:03:13.379+0000][1][safepoint    ] Total time for which application threads were stopped: 0.0001387 seconds, Stopping threads took: 0.0000267 seconds
[2019-12-09T03:03:14.379+0000][1][safepoint    ] Application time: 1.0000775 seconds
[2019-12-09T03:03:14.379+0000][1][safepoint    ] Entering safepoint region: Cleanup
[2019-12-09T03:03:14.379+0000][1][safepoint    ] Leaving safepoint region
[2019-12-09T03:03:14.379+0000][1][safepoint    ] Total time for which application threads were stopped: 0.0000719 seconds, Stopping threads took: 0.0000170 seconds
[2019-12-09T03:03:15.379+0000][1][safepoint    ] Application time: 1.0000775 seconds
[2019-12-09T03:03:15.379+0000][1][safepoint    ] Entering safepoint region: Cleanup
[2019-12-09T03:03:15.379+0000][1][safepoint    ] Leaving safepoint region
[2019-12-09T03:03:15.379+0000][1][safepoint    ] Total time for which application threads were stopped: 0.0000736 seconds, Stopping threads took: 0.0000175 seconds
[2019-12-09T03:03:16.379+0000][1][safepoint    ] Application time: 1.0000765 seconds
[2019-12-09T03:03:16.379+0000][1][safepoint    ] Entering safepoint region: Cleanup
[2019-12-09T03:03:16.379+0000][1][safepoint    ] Leaving safepoint region
[2019-12-09T03:03:16.379+0000][1][safepoint    ] Total time for which application threads were stopped: 0.0000731 seconds, Stopping threads took: 0.0000162 seconds
[2019-12-09T03:03:17.379+0000][1][safepoint    ] Application time: 1.0000791 seconds
[2019-12-09T03:03:17.379+0000][1][safepoint    ] Entering safepoint region: Cleanup
[2019-12-09T03:03:17.380+0000][1][safepoint    ] Leaving safepoint region
[2019-12-09T03:03:17.380+0000][1][safepoint    ] Total time for which application threads were stopped: 0.0000784 seconds, Stopping threads took: 0.0000176 seconds
[2019-12-09T03:03:18.380+0000][1][safepoint    ] Application time: 1.0000823 seconds
[2019-12-09T03:03:18.380+0000][1][safepoint    ] Entering safepoint region: Cleanup
[2019-12-09T03:03:18.380+0000][1][safepoint    ] Leaving safepoint region
[2019-12-09T03:03:18.380+0000][1][safepoint    ] Total time for which application threads were stopped: 0.0001263 seconds, Stopping threads took: 0.0000302 seconds
[2019-12-09T03:03:19.381+0000][1][safepoint    ] Application time: 1.0009335 seconds
[2019-12-09T03:03:19.381+0000][1][safepoint    ] Entering safepoint region: Cleanup
[2019-12-09T03:03:19.381+0000][1][safepoint    ] Leaving safepoint region
[2019-12-09T03:03:19.381+0000][1][safepoint    ] Total time for which application threads were stopped: 0.0000748 seconds, Stopping threads took: 0.0000179 seconds
[2019-12-09T03:03:20.381+0000][1][safepoint    ] Application time: 1.0000797 seconds
[2019-12-09T03:03:20.381+0000][1][safepoint    ] Entering safepoint region: Cleanup
[2019-12-09T03:03:20.381+0000][1][safepoint    ] Leaving safepoint region
[2019-12-09T03:03:20.381+0000][1][safepoint    ] Total time for which application threads were stopped: 0.0000770 seconds, Stopping threads took: 0.0000177 seconds
[2019-12-09T03:03:21.384+0000][1][safepoint    ] Application time: 1.0027510 seconds
[2019-12-09T03:03:21.384+0000][1][safepoint    ] Entering safepoint region: Cleanup
[2019-12-09T03:03:21.384+0000][1][safepoint    ] Leaving safepoint region
[2019-12-09T03:03:21.384+0000][1][safepoint    ] Total time for which application threads were stopped: 0.0001190 seconds, Stopping threads took: 0.0000310 seconds
[2019-12-09T03:03:22.384+0000][1][safepoint    ] Application time: 1.0000861 seconds
[2019-12-09T03:03:22.384+0000][1][safepoint    ] Entering safepoint region: Cleanup
[2019-12-09T03:03:22.384+0000][1][safepoint    ] Leaving safepoint region
[2019-12-09T03:03:22.384+0000][1][safepoint    ] Total time for which application threads were stopped: 0.0001355 seconds, Stopping threads took: 0.0000731 seconds
[2019-12-09T03:03:23.384+0000][1][safepoint    ] Application time: 1.0000807 seconds
[2019-12-09T03:03:23.384+0000][1][safepoint    ] Entering safepoint region: Cleanup
[2019-12-09T03:03:23.384+0000][1][safepoint    ] Leaving safepoint region
[2019-12-09T03:03:23.384+0000][1][safepoint    ] Total time for which application threads were stopped: 0.0000717 seconds, Stopping threads took: 0.0000176 seconds
[2019-12-09T03:03:24.384+0000][1][safepoint    ] Application time: 1.0000771 seconds
[2019-12-09T03:03:24.385+0000][1][safepoint    ] Entering safepoint region: Cleanup
[2019-12-09T03:03:24.385+0000][1][safepoint    ] Leaving safepoint region
[2019-12-09T03:03:24.385+0000][1][safepoint    ] Total time for which application threads were stopped: 0.0000780 seconds, Stopping threads took: 0.0000225 seconds
[2019-12-09T03:03:25.385+0000][1][safepoint    ] Application time: 1.0000803 seconds
[2019-12-09T03:03:25.385+0000][1][safepoint    ] Entering safepoint region: Cleanup
[2019-12-09T03:03:25.385+0000][1][safepoint    ] Leaving safepoint region
[2019-12-09T03:03:25.385+0000][1][safepoint    ] Total time for which application threads were stopped: 0.0000909 seconds, Stopping threads took: 0.0000246 seconds
[2019-12-09T03:03:26.385+0000][1][safepoint    ] Application time: 1.0000770 seconds
[2019-12-09T03:03:26.385+0000][1][safepoint    ] Entering safepoint region: Cleanup
[2019-12-09T03:03:26.385+0000][1][safepoint    ] Leaving safepoint region
[2019-12-09T03:03:26.385+0000][1][safepoint    ] Total time for which application threads were stopped: 0.0000740 seconds, Stopping threads took: 0.0000170 seconds
[2019-12-09T03:03:27.385+0000][1][safepoint    ] Application time: 1.0000753 seconds
[2019-12-09T03:03:27.385+0000][1][safepoint    ] Entering safepoint region: Cleanup
[2019-12-09T03:03:27.385+0000][1][safepoint    ] Leaving safepoint region
[2019-12-09T03:03:27.385+0000][1][safepoint    ] Total time for which application threads were stopped: 0.0000737 seconds, Stopping threads took: 0.0000159 seconds
[2019-12-09T03:03:28.385+0000][1][safepoint    ] Application time: 1.0000786 seconds
[2019-12-09T03:03:28.385+0000][1][safepoint    ] Entering safepoint region: Cleanup
[2019-12-09T03:03:28.385+0000][1][safepoint    ] Leaving safepoint region
[2019-12-09T03:03:28.385+0000][1][safepoint    ] Total time for which application threads were stopped: 0.0000703 seconds, Stopping threads took: 0.0000167 seconds
[2019-12-09T03:03:29.385+0000][1][safepoint    ] Application time: 1.0000762 seconds
[2019-12-09T03:03:29.385+0000][1][safepoint    ] Entering safepoint region: Cleanup
[2019-12-09T03:03:29.386+0000][1][safepoint    ] Leaving safepoint region
[2019-12-09T03:03:29.386+0000][1][safepoint    ] Total time for which application threads were stopped: 0.0000715 seconds, Stopping threads took: 0.0000158 seconds
[2019-12-09T03:03:30.386+0000][1][safepoint    ] Application time: 1.0000752 seconds
[2019-12-09T03:03:30.386+0000][1][safepoint    ] Entering safepoint region: Cleanup
[2019-12-09T03:03:30.386+0000][1][safepoint    ] Leaving safepoint region
[2019-12-09T03:03:30.386+0000][1][safepoint    ] Total time for which application threads were stopped: 0.0000781 seconds, Stopping threads took: 0.0000152 seconds
[2019-12-09T03:03:31.386+0000][1][safepoint    ] Application time: 1.0000763 seconds
[2019-12-09T03:03:31.386+0000][1][safepoint    ] Entering safepoint region: Cleanup
[2019-12-09T03:03:31.386+0000][1][safepoint    ] Leaving safepoint region
[2019-12-09T03:03:31.386+0000][1][safepoint    ] Total time for which application threads were stopped: 0.0000783 seconds, Stopping threads took: 0.0000160 seconds
[2019-12-09T03:03:32.386+0000][1][safepoint    ] Application time: 1.0000773 seconds
[2019-12-09T03:03:32.386+0000][1][safepoint    ] Entering safepoint region: Cleanup
[2019-12-09T03:03:32.386+0000][1][safepoint    ] Leaving safepoint region
[2019-12-09T03:03:32.386+0000][1][safepoint    ] Total time for which application threads were stopped: 0.0000695 seconds, Stopping threads took: 0.0000167 seconds
[2019-12-09T03:03:33.386+0000][1][safepoint    ] Application time: 1.0000777 seconds
[2019-12-09T03:03:33.386+0000][1][safepoint    ] Entering safepoint region: Cleanup
[2019-12-09T03:03:33.386+0000][1][safepoint    ] Leaving safepoint region
[2019-12-09T03:03:33.386+0000][1][safepoint    ] Total time for which application threads were stopped: 0.0000767 seconds, Stopping threads took: 0.0000157 seconds
[2019-12-09T03:03:34.386+0000][1][safepoint    ] Application time: 1.0000764 seconds
[2019-12-09T03:03:34.386+0000][1][safepoint    ] Entering safepoint region: Cleanup
[2019-12-09T03:03:34.386+0000][1][safepoint    ] Leaving safepoint region
[2019-12-09T03:03:34.386+0000][1][safepoint    ] Total time for which application threads were stopped: 0.0000726 seconds, Stopping threads took: 0.0000171 seconds
[2019-12-09T03:03:35.387+0000][1][safepoint    ] Application time: 1.0000758 seconds
[2019-12-09T03:03:35.387+0000][1][safepoint    ] Entering safepoint region: Cleanup
[2019-12-09T03:03:35.387+0000][1][safepoint    ] Leaving safepoint region
[2019-12-09T03:03:35.387+0000][1][safepoint    ] Total time for which application threads were stopped: 0.0000700 seconds, Stopping threads took: 0.0000170 seconds
[2019-12-09T03:03:36.387+0000][1][safepoint    ] Application time: 1.0000772 seconds
[2019-12-09T03:03:36.387+0000][1][safepoint    ] Entering safepoint region: Cleanup
[2019-12-09T03:03:36.387+0000][1][safepoint    ] Leaving safepoint region
[2019-12-09T03:03:36.387+0000][1][safepoint    ] Total time for which application threads were stopped: 0.0000716 seconds, Stopping threads took: 0.0000171 seconds
[2019-12-09T03:03:37.387+0000][1][safepoint    ] Application time: 1.0000775 seconds
[2019-12-09T03:03:37.387+0000][1][safepoint    ] Entering safepoint region: Cleanup
[2019-12-09T03:03:37.387+0000][1][safepoint    ] Leaving safepoint region
[2019-12-09T03:03:37.387+0000][1][safepoint    ] Total time for which application threads were stopped: 0.0000678 seconds, Stopping threads took: 0.0000150 seconds
[2019-12-09T03:03:38.387+0000][1][safepoint    ] Application time: 1.0000765 seconds
[2019-12-09T03:03:38.387+0000][1][safepoint    ] Entering safepoint region: Cleanup
[2019-12-09T03:03:38.387+0000][1][safepoint    ] Leaving safepoint region
[2019-12-09T03:03:38.387+0000][1][safepoint    ] Total time for which application threads were stopped: 0.0000705 seconds, Stopping threads took: 0.0000173 seconds
[2019-12-09T03:03:39.387+0000][1][safepoint    ] Application time: 1.0000752 seconds
[2019-12-09T03:03:39.387+0000][1][safepoint    ] Entering safepoint region: Cleanup
[2019-12-09T03:03:39.387+0000][1][safepoint    ] Leaving safepoint region
[2019-12-09T03:03:39.387+0000][1][safepoint    ] Total time for which application threads were stopped: 0.0000753 seconds, Stopping threads took: 0.0000165 seconds
[2019-12-09T03:03:40.387+0000][1][safepoint    ] Application time: 1.0000749 seconds
[2019-12-09T03:03:40.387+0000][1][safepoint    ] Entering safepoint region: Cleanup
[2019-12-09T03:03:40.388+0000][1][safepoint    ] Leaving safepoint region
[2019-12-09T03:03:40.388+0000][1][safepoint    ] Total time for which application threads were stopped: 0.0000734 seconds, Stopping threads took: 0.0000156 seconds
[2019-12-09T03:03:41.388+0000][1][safepoint    ] Application time: 1.0000785 seconds
[2019-12-09T03:03:41.388+0000][1][safepoint    ] Entering safepoint region: Cleanup
[2019-12-09T03:03:41.388+0000][1][safepoint    ] Leaving safepoint region
[2019-12-09T03:03:41.388+0000][1][safepoint    ] Total time for which application threads were stopped: 0.0000895 seconds, Stopping threads took: 0.0000283 seconds
[2019-12-09T03:03:42.388+0000][1][safepoint    ] Application time: 1.0000781 seconds
[2019-12-09T03:03:42.388+0000][1][safepoint    ] Entering safepoint region: Cleanup
[2019-12-09T03:03:42.388+0000][1][safepoint    ] Leaving safepoint region
[2019-12-09T03:03:42.388+0000][1][safepoint    ] Total time for which application threads were stopped: 0.0000791 seconds, Stopping threads took: 0.0000174 seconds
[2019-12-09T03:03:43.388+0000][1][safepoint    ] Application time: 1.0000775 seconds
[2019-12-09T03:03:43.388+0000][1][safepoint    ] Entering safepoint region: Cleanup
[2019-12-09T03:03:43.388+0000][1][safepoint    ] Leaving safepoint region
[2019-12-09T03:03:43.388+0000][1][safepoint    ] Total time for which application threads were stopped: 0.0000782 seconds, Stopping threads took: 0.0000165 seconds
[2019-12-09T03:03:44.388+0000][1][safepoint    ] Application time: 1.0000775 seconds
[2019-12-09T03:03:44.388+0000][1][safepoint    ] Entering safepoint region: Cleanup
[2019-12-09T03:03:44.388+0000][1][safepoint    ] Leaving safepoint region
[2019-12-09T03:03:44.388+0000][1][safepoint    ] Total time for which application threads were stopped: 0.0000720 seconds, Stopping threads took: 0.0000168 seconds
[2019-12-09T03:03:45.388+0000][1][safepoint    ] Application time: 1.0000782 seconds
[2019-12-09T03:03:45.388+0000][1][safepoint    ] Entering safepoint region: Cleanup
[2019-12-09T03:03:45.389+0000][1][safepoint    ] Leaving safepoint region
[2019-12-09T03:03:45.389+0000][1][safepoint    ] Total time for which application threads were stopped: 0.0000727 seconds, Stopping threads took: 0.0000184 seconds
[2019-12-09T03:03:46.389+0000][1][safepoint    ] Application time: 1.0000772 seconds
[2019-12-09T03:03:46.389+0000][1][safepoint    ] Entering safepoint region: Cleanup
[2019-12-09T03:03:46.389+0000][1][safepoint    ] Leaving safepoint region
[2019-12-09T03:03:46.389+0000][1][safepoint    ] Total time for which application threads were stopped: 0.0000797 seconds, Stopping threads took: 0.0000155 seconds
[2019-12-09T03:03:47.389+0000][1][safepoint    ] Application time: 1.0000769 seconds
[2019-12-09T03:03:47.389+0000][1][safepoint    ] Entering safepoint region: Cleanup
[2019-12-09T03:03:47.389+0000][1][safepoint    ] Leaving safepoint region
[2019-12-09T03:03:47.389+0000][1][safepoint    ] Total time for which application threads were stopped: 0.0000722 seconds, Stopping threads took: 0.0000179 seconds
[2019-12-09T03:03:47.393+0000][1][safepoint    ] Application time: 0.0040352 seconds
[2019-12-09T03:03:47.393+0000][1][safepoint    ] Entering safepoint region: GenCollectForAllocation
[2019-12-09T03:03:47.393+0000][1][gc,start     ] GC(29) Pause Young (Allocation Failure)
[2019-12-09T03:03:47.393+0000][1][gc,task      ] GC(29) Using 2 workers of 2 for evacuation
[2019-12-09T03:03:47.399+0000][1][gc,age       ] GC(29) Desired survivor size 4456448 bytes, new threshold 6 (max threshold 6)
[2019-12-09T03:03:47.399+0000][1][gc,age       ] GC(29) Age table with threshold 6 (max threshold 6)
[2019-12-09T03:03:47.399+0000][1][gc,age       ] GC(29) - age   1:       9632 bytes,       9632 total
[2019-12-09T03:03:47.399+0000][1][gc,age       ] GC(29) - age   2:       1656 bytes,      11288 total
[2019-12-09T03:03:47.399+0000][1][gc,age       ] GC(29) - age   3:       5216 bytes,      16504 total
[2019-12-09T03:03:47.399+0000][1][gc,age       ] GC(29) - age   4:       9928 bytes,      26432 total
[2019-12-09T03:03:47.399+0000][1][gc,age       ] GC(29) - age   5:      24952 bytes,      51384 total
[2019-12-09T03:03:47.399+0000][1][gc,age       ] GC(29) - age   6:    1949624 bytes,    2001008 total
[2019-12-09T03:03:47.399+0000][1][gc,heap      ] GC(29) ParNew: 72876K->2923K(78656K)
[2019-12-09T03:03:47.399+0000][1][gc,heap      ] GC(29) CMS: 67984K->67984K(174784K)
[2019-12-09T03:03:47.399+0000][1][gc,metaspace ] GC(29) Metaspace: 68979K->68979K(1112064K)
[2019-12-09T03:03:47.399+0000][1][gc           ] GC(29) Pause Young (Allocation Failure) 137M->69M(247M) 5.868ms
[2019-12-09T03:03:47.399+0000][1][gc,cpu       ] GC(29) User=0.01s Sys=0.00s Real=0.01s
[2019-12-09T03:03:47.399+0000][1][safepoint    ] Leaving safepoint region
[2019-12-09T03:03:47.399+0000][1][safepoint    ] Total time for which application threads were stopped: 0.0059907 seconds, Stopping threads took: 0.0000130 seconds
[2019-12-09T03:03:48.399+0000][1][safepoint    ] Application time: 1.0000871 seconds
[2019-12-09T03:03:48.399+0000][1][safepoint    ] Entering safepoint region: Cleanup
[2019-12-09T03:03:48.399+0000][1][safepoint    ] Leaving safepoint region
[2019-12-09T03:03:48.399+0000][1][safepoint    ] Total time for which application threads were stopped: 0.0000732 seconds, Stopping threads took: 0.0000172 seconds
[2019-12-09T03:03:49.399+0000][1][safepoint    ] Application time: 1.0000781 seconds
[2019-12-09T03:03:49.399+0000][1][safepoint    ] Entering safepoint region: Cleanup
[2019-12-09T03:03:49.399+0000][1][safepoint    ] Leaving safepoint region
[2019-12-09T03:03:49.399+0000][1][safepoint    ] Total time for which application threads were stopped: 0.0000713 seconds, Stopping threads took: 0.0000169 seconds
[2019-12-09T03:03:50.399+0000][1][safepoint    ] Application time: 1.0000755 seconds
[2019-12-09T03:03:50.399+0000][1][safepoint    ] Entering safepoint region: Cleanup
[2019-12-09T03:03:50.400+0000][1][safepoint    ] Leaving safepoint region
[2019-12-09T03:03:50.400+0000][1][safepoint    ] Total time for which application threads were stopped: 0.0000681 seconds, Stopping threads took: 0.0000156 seconds
[2019-12-09T03:03:51.400+0000][1][safepoint    ] Application time: 1.0000764 seconds
[2019-12-09T03:03:51.400+0000][1][safepoint    ] Entering safepoint region: Cleanup
[2019-12-09T03:03:51.400+0000][1][safepoint    ] Leaving safepoint region
[2019-12-09T03:03:51.400+0000][1][safepoint    ] Total time for which application threads were stopped: 0.0000827 seconds, Stopping threads took: 0.0000168 seconds
[2019-12-09T03:03:52.400+0000][1][safepoint    ] Application time: 1.0000769 seconds
[2019-12-09T03:03:52.400+0000][1][safepoint    ] Entering safepoint region: Cleanup
[2019-12-09T03:03:52.400+0000][1][safepoint    ] Leaving safepoint region
[2019-12-09T03:03:52.400+0000][1][safepoint    ] Total time for which application threads were stopped: 0.0000781 seconds, Stopping threads took: 0.0000217 seconds
[2019-12-09T03:03:53.400+0000][1][safepoint    ] Application time: 1.0000805 seconds
[2019-12-09T03:03:53.400+0000][1][safepoint    ] Entering safepoint region: Cleanup
[2019-12-09T03:03:53.400+0000][1][safepoint    ] Leaving safepoint region
[2019-12-09T03:03:53.400+0000][1][safepoint    ] Total time for which application threads were stopped: 0.0000721 seconds, Stopping threads took: 0.0000164 seconds
[2019-12-09T03:03:54.400+0000][1][safepoint    ] Application time: 1.0000804 seconds
[2019-12-09T03:03:54.400+0000][1][safepoint    ] Entering safepoint region: Cleanup
[2019-12-09T03:03:54.400+0000][1][safepoint    ] Leaving safepoint region
[2019-12-09T03:03:54.400+0000][1][safepoint    ] Total time for which application threads were stopped: 0.0001028 seconds, Stopping threads took: 0.0000228 seconds
[2019-12-09T03:03:55.400+0000][1][safepoint    ] Application time: 1.0000750 seconds
[2019-12-09T03:03:55.400+0000][1][safepoint    ] Entering safepoint region: Cleanup
[2019-12-09T03:03:55.400+0000][1][safepoint    ] Leaving safepoint region
[2019-12-09T03:03:55.400+0000][1][safepoint    ] Total time for which application threads were stopped: 0.0000703 seconds, Stopping threads took: 0.0000163 seconds
[2019-12-09T03:03:56.401+0000][1][safepoint    ] Application time: 1.0000754 seconds
[2019-12-09T03:03:56.401+0000][1][safepoint    ] Entering safepoint region: Cleanup
[2019-12-09T03:03:56.401+0000][1][safepoint    ] Leaving safepoint region
[2019-12-09T03:03:56.401+0000][1][safepoint    ] Total time for which application threads were stopped: 0.0000834 seconds, Stopping threads took: 0.0000169 seconds
[2019-12-09T03:03:57.401+0000][1][safepoint    ] Application time: 1.0000743 seconds
[2019-12-09T03:03:57.401+0000][1][safepoint    ] Entering safepoint region: Cleanup
[2019-12-09T03:03:57.401+0000][1][safepoint    ] Leaving safepoint region
[2019-12-09T03:03:57.401+0000][1][safepoint    ] Total time for which application threads were stopped: 0.0000765 seconds, Stopping threads took: 0.0000172 seconds
[2019-12-09T03:03:58.401+0000][1][safepoint    ] Application time: 1.0000758 seconds
[2019-12-09T03:03:58.401+0000][1][safepoint    ] Entering safepoint region: Cleanup
[2019-12-09T03:03:58.401+0000][1][safepoint    ] Leaving safepoint region
[2019-12-09T03:03:58.401+0000][1][safepoint    ] Total time for which application threads were stopped: 0.0000708 seconds, Stopping threads took: 0.0000165 seconds
[2019-12-09T03:03:59.401+0000][1][safepoint    ] Application time: 1.0000816 seconds
[2019-12-09T03:03:59.401+0000][1][safepoint    ] Entering safepoint region: Cleanup
[2019-12-09T03:03:59.401+0000][1][safepoint    ] Leaving safepoint region
[2019-12-09T03:03:59.401+0000][1][safepoint    ] Total time for which application threads were stopped: 0.0000856 seconds, Stopping threads took: 0.0000227 seconds
[2019-12-09T03:04:00.401+0000][1][safepoint    ] Application time: 1.0000734 seconds
[2019-12-09T03:04:00.401+0000][1][safepoint    ] Entering safepoint region: Cleanup
[2019-12-09T03:04:00.401+0000][1][safepoint    ] Leaving safepoint region
[2019-12-09T03:04:00.401+0000][1][safepoint    ] Total time for which application threads were stopped: 0.0000882 seconds, Stopping threads took: 0.0000229 seconds
[2019-12-09T03:04:01.402+0000][1][safepoint    ] Application time: 1.0000767 seconds
[2019-12-09T03:04:01.402+0000][1][safepoint    ] Entering safepoint region: Cleanup
[2019-12-09T03:04:01.402+0000][1][safepoint    ] Leaving safepoint region
[2019-12-09T03:04:01.402+0000][1][safepoint    ] Total time for which application threads were stopped: 0.0000864 seconds, Stopping threads took: 0.0000170 seconds
[2019-12-09T03:04:02.402+0000][1][safepoint    ] Application time: 1.0000753 seconds
[2019-12-09T03:04:02.402+0000][1][safepoint    ] Entering safepoint region: Cleanup
[2019-12-09T03:04:02.402+0000][1][safepoint    ] Leaving safepoint region
[2019-12-09T03:04:02.402+0000][1][safepoint    ] Total time for which application threads were stopped: 0.0000769 seconds, Stopping threads took: 0.0000170 seconds
[2019-12-09T03:04:03.402+0000][1][safepoint    ] Application time: 1.0000740 seconds
[2019-12-09T03:04:03.402+0000][1][safepoint    ] Entering safepoint region: Cleanup
[2019-12-09T03:04:03.402+0000][1][safepoint    ] Leaving safepoint region
[2019-12-09T03:04:03.402+0000][1][safepoint    ] Total time for which application threads were stopped: 0.0000717 seconds, Stopping threads took: 0.0000178 seconds
[2019-12-09T03:04:04.402+0000][1][safepoint    ] Application time: 1.0000781 seconds
[2019-12-09T03:04:04.402+0000][1][safepoint    ] Entering safepoint region: Cleanup
[2019-12-09T03:04:04.402+0000][1][safepoint    ] Leaving safepoint region
[2019-12-09T03:04:04.402+0000][1][safepoint    ] Total time for which application threads were stopped: 0.0000707 seconds, Stopping threads took: 0.0000165 seconds
[2019-12-09T03:04:05.303+0000][1][safepoint    ] Application time: 0.9002511 seconds
[2019-12-09T03:04:05.303+0000][1][safepoint    ] Entering safepoint region: RevokeBias
[2019-12-09T03:04:05.303+0000][1][safepoint    ] Leaving safepoint region
[2019-12-09T03:04:05.303+0000][1][safepoint    ] Total time for which application threads were stopped: 0.0001031 seconds, Stopping threads took: 0.0000185 seconds
[2019-12-09T03:04:05.303+0000][1][safepoint    ] Application time: 0.0001088 seconds
[2019-12-09T03:04:05.303+0000][1][safepoint    ] Entering safepoint region: RevokeBias
[2019-12-09T03:04:05.303+0000][1][safepoint    ] Leaving safepoint region
[2019-12-09T03:04:05.303+0000][1][safepoint    ] Total time for which application threads were stopped: 0.0000726 seconds, Stopping threads took: 0.0000128 seconds
[2019-12-09T03:04:05.304+0000][1][safepoint    ] Application time: 0.0010264 seconds
[2019-12-09T03:04:05.305+0000][1][safepoint    ] Entering safepoint region: RevokeBias
[2019-12-09T03:04:05.305+0000][1][safepoint    ] Leaving safepoint region
[2019-12-09T03:04:05.305+0000][1][safepoint    ] Total time for which application threads were stopped: 0.0010552 seconds, Stopping threads took: 0.0009897 seconds
[2019-12-09T03:04:05.305+0000][1][safepoint    ] Application time: 0.0002875 seconds
[2019-12-09T03:04:05.305+0000][1][safepoint    ] Entering safepoint region: RevokeBias
[2019-12-09T03:04:05.305+0000][1][safepoint    ] Leaving safepoint region
[2019-12-09T03:04:05.305+0000][1][safepoint    ] Total time for which application threads were stopped: 0.0000551 seconds, Stopping threads took: 0.0000124 seconds
[2019-12-09T03:04:05.306+0000][1][safepoint    ] Application time: 0.0003380 seconds
[2019-12-09T03:04:05.306+0000][1][safepoint    ] Entering safepoint region: RevokeBias
[2019-12-09T03:04:05.306+0000][1][safepoint    ] Leaving safepoint region
[2019-12-09T03:04:05.306+0000][1][safepoint    ] Total time for which application threads were stopped: 0.0000583 seconds, Stopping threads took: 0.0000122 seconds
[2019-12-09T03:04:05.307+0000][1][safepoint    ] Application time: 0.0015625 seconds
[2019-12-09T03:04:05.307+0000][1][safepoint    ] Entering safepoint region: RevokeBias
[2019-12-09T03:04:05.307+0000][1][safepoint    ] Leaving safepoint region
[2019-12-09T03:04:05.307+0000][1][safepoint    ] Total time for which application threads were stopped: 0.0000656 seconds, Stopping threads took: 0.0000132 seconds
[2019-12-09T03:04:05.308+0000][1][safepoint    ] Application time: 0.0001034 seconds
[2019-12-09T03:04:05.308+0000][1][safepoint    ] Entering safepoint region: RevokeBias
[2019-12-09T03:04:05.308+0000][1][safepoint    ] Leaving safepoint region
[2019-12-09T03:04:05.308+0000][1][safepoint    ] Total time for which application threads were stopped: 0.0000452 seconds, Stopping threads took: 0.0000094 seconds
[2019-12-09T03:04:05.308+0000][1][safepoint    ] Application time: 0.0003583 seconds
[2019-12-09T03:04:05.308+0000][1][safepoint    ] Entering safepoint region: RevokeBias
[2019-12-09T03:04:05.308+0000][1][safepoint    ] Leaving safepoint region
[2019-12-09T03:04:05.308+0000][1][safepoint    ] Total time for which application threads were stopped: 0.0000571 seconds, Stopping threads took: 0.0000117 seconds
[2019-12-09T03:04:05.308+0000][1][safepoint    ] Application time: 0.0001736 seconds
[2019-12-09T03:04:05.308+0000][1][safepoint    ] Entering safepoint region: RevokeBias
[2019-12-09T03:04:05.308+0000][1][safepoint    ] Leaving safepoint region
[2019-12-09T03:04:05.308+0000][1][safepoint    ] Total time for which application threads were stopped: 0.0000665 seconds, Stopping threads took: 0.0000100 seconds
[2019-12-09T03:04:05.310+0000][1][safepoint    ] Application time: 0.0019952 seconds
[2019-12-09T03:04:05.320+0000][1][safepoint    ] Entering safepoint region: RevokeBias
[2019-12-09T03:04:05.320+0000][1][safepoint    ] Leaving safepoint region
[2019-12-09T03:04:05.320+0000][1][safepoint    ] Total time for which application threads were stopped: 0.0097328 seconds, Stopping threads took: 0.0096676 seconds
[2019-12-09T03:04:05.326+0000][1][safepoint    ] Application time: 0.0064169 seconds
[2019-12-09T03:04:05.330+0000][1][safepoint    ] Entering safepoint region: RevokeBias
[2019-12-09T03:04:05.330+0000][1][safepoint    ] Leaving safepoint region
[2019-12-09T03:04:05.330+0000][1][safepoint    ] Total time for which application threads were stopped: 0.0037736 seconds, Stopping threads took: 0.0036882 seconds
[2019-12-09T03:04:05.331+0000][1][safepoint    ] Application time: 0.0005398 seconds
[2019-12-09T03:04:05.331+0000][1][safepoint    ] Entering safepoint region: RevokeBias
[2019-12-09T03:04:05.331+0000][1][safepoint    ] Leaving safepoint region
[2019-12-09T03:04:05.331+0000][1][safepoint    ] Total time for which application threads were stopped: 0.0000580 seconds, Stopping threads took: 0.0000116 seconds
[2019-12-09T03:04:05.331+0000][1][safepoint    ] Application time: 0.0003382 seconds
[2019-12-09T03:04:05.332+0000][1][safepoint    ] Entering safepoint region: RevokeBias
[2019-12-09T03:04:05.332+0000][1][safepoint    ] Leaving safepoint region
[2019-12-09T03:04:05.332+0000][1][safepoint    ] Total time for which application threads were stopped: 0.0004789 seconds, Stopping threads took: 0.0003874 seconds
[2019-12-09T03:04:05.332+0000][1][safepoint    ] Application time: 0.0004938 seconds
[2019-12-09T03:04:05.332+0000][1][safepoint    ] Entering safepoint region: RevokeBias
[2019-12-09T03:04:05.332+0000][1][safepoint    ] Leaving safepoint region
[2019-12-09T03:04:05.332+0000][1][safepoint    ] Total time for which application threads were stopped: 0.0000540 seconds, Stopping threads took: 0.0000122 seconds
[2019-12-09T03:04:05.332+0000][1][safepoint    ] Application time: 0.0000653 seconds
[2019-12-09T03:04:05.332+0000][1][safepoint    ] Entering safepoint region: RevokeBias
[2019-12-09T03:04:05.332+0000][1][safepoint    ] Leaving safepoint region
[2019-12-09T03:04:05.332+0000][1][safepoint    ] Total time for which application threads were stopped: 0.0000417 seconds, Stopping threads took: 0.0000093 seconds
[2019-12-09T03:04:05.333+0000][1][safepoint    ] Application time: 0.0000584 seconds
[2019-12-09T03:04:05.333+0000][1][safepoint    ] Entering safepoint region: RevokeBias
[2019-12-09T03:04:05.333+0000][1][safepoint    ] Leaving safepoint region
[2019-12-09T03:04:05.333+0000][1][safepoint    ] Total time for which application threads were stopped: 0.0000424 seconds, Stopping threads took: 0.0000085 seconds
[2019-12-09T03:04:05.333+0000][1][safepoint    ] Application time: 0.0000983 seconds
[2019-12-09T03:04:05.333+0000][1][safepoint    ] Entering safepoint region: RevokeBias
[2019-12-09T03:04:05.333+0000][1][safepoint    ] Leaving safepoint region
[2019-12-09T03:04:05.333+0000][1][safepoint    ] Total time for which application threads were stopped: 0.0000632 seconds, Stopping threads took: 0.0000277 seconds
[2019-12-09T03:04:05.333+0000][1][safepoint    ] Application time: 0.0000649 seconds
[2019-12-09T03:04:05.333+0000][1][safepoint    ] Entering safepoint region: RevokeBias
[2019-12-09T03:04:05.333+0000][1][safepoint    ] Leaving safepoint region
[2019-12-09T03:04:05.333+0000][1][safepoint    ] Total time for which application threads were stopped: 0.0000434 seconds, Stopping threads took: 0.0000094 seconds
[2019-12-09T03:04:05.333+0000][1][safepoint    ] Application time: 0.0002234 seconds
[2019-12-09T03:04:05.333+0000][1][safepoint    ] Entering safepoint region: RevokeBias
[2019-12-09T03:04:05.333+0000][1][safepoint    ] Leaving safepoint region
[2019-12-09T03:04:05.333+0000][1][safepoint    ] Total time for which application threads were stopped: 0.0000487 seconds, Stopping threads took: 0.0000099 seconds
[2019-12-09T03:04:05.333+0000][1][safepoint    ] Application time: 0.0000635 seconds
[2019-12-09T03:04:05.333+0000][1][safepoint    ] Entering safepoint region: RevokeBias
[2019-12-09T03:04:05.333+0000][1][safepoint    ] Leaving safepoint region
[2019-12-09T03:04:05.333+0000][1][safepoint    ] Total time for which application threads were stopped: 0.0000412 seconds, Stopping threads took: 0.0000080 seconds
[2019-12-09T03:04:05.334+0000][1][safepoint    ] Application time: 0.0003458 seconds
[2019-12-09T03:04:05.334+0000][1][safepoint    ] Entering safepoint region: RevokeBias
[2019-12-09T03:04:05.334+0000][1][safepoint    ] Leaving safepoint region
[2019-12-09T03:04:05.334+0000][1][safepoint    ] Total time for which application threads were stopped: 0.0000914 seconds, Stopping threads took: 0.0000120 seconds
[2019-12-09T03:04:05.373+0000][1][safepoint    ] Application time: 0.0397221 seconds
[2019-12-09T03:04:05.373+0000][1][safepoint    ] Entering safepoint region: RevokeBias
[2019-12-09T03:04:05.374+0000][1][safepoint    ] Leaving safepoint region
[2019-12-09T03:04:05.374+0000][1][safepoint    ] Total time for which application threads were stopped: 0.0001086 seconds, Stopping threads took: 0.0000150 seconds
[2019-12-09T03:04:05.410+0000][1][safepoint    ] Application time: 0.0363074 seconds
[2019-12-09T03:04:05.415+0000][1][safepoint    ] Entering safepoint region: RevokeBias
[2019-12-09T03:04:05.416+0000][1][safepoint    ] Leaving safepoint region
[2019-12-09T03:04:05.416+0000][1][safepoint    ] Total time for which application threads were stopped: 0.0056373 seconds, Stopping threads took: 0.0055337 seconds
[2019-12-09T03:04:05.416+0000][1][safepoint    ] Application time: 0.0006535 seconds
[2019-12-09T03:04:05.416+0000][1][safepoint    ] Entering safepoint region: RevokeBias
[2019-12-09T03:04:05.416+0000][1][safepoint    ] Leaving safepoint region
[2019-12-09T03:04:05.416+0000][1][safepoint    ] Total time for which application threads were stopped: 0.0001055 seconds, Stopping threads took: 0.0000151 seconds
[2019-12-09T03:04:05.417+0000][1][safepoint    ] Application time: 0.0004064 seconds
[2019-12-09T03:04:05.417+0000][1][safepoint    ] Entering safepoint region: RevokeBias
[2019-12-09T03:04:05.417+0000][1][safepoint    ] Leaving safepoint region
[2019-12-09T03:04:05.417+0000][1][safepoint    ] Total time for which application threads were stopped: 0.0000724 seconds, Stopping threads took: 0.0000108 seconds
[2019-12-09T03:04:05.417+0000][1][safepoint    ] Application time: 0.0001533 seconds
[2019-12-09T03:04:05.417+0000][1][safepoint    ] Entering safepoint region: RevokeBias
[2019-12-09T03:04:05.417+0000][1][safepoint    ] Leaving safepoint region
[2019-12-09T03:04:05.417+0000][1][safepoint    ] Total time for which application threads were stopped: 0.0000721 seconds, Stopping threads took: 0.0000112 seconds
[2019-12-09T03:04:05.423+0000][1][safepoint    ] Application time: 0.0060490 seconds
[2019-12-09T03:04:05.428+0000][1][safepoint    ] Entering safepoint region: RevokeBias
[2019-12-09T03:04:05.428+0000][1][safepoint    ] Leaving safepoint region
[2019-12-09T03:04:05.428+0000][1][safepoint    ] Total time for which application threads were stopped: 0.0046598 seconds, Stopping threads took: 0.0045817 seconds
[2019-12-09T03:04:05.431+0000][1][safepoint    ] Application time: 0.0031417 seconds
[2019-12-09T03:04:05.431+0000][1][safepoint    ] Entering safepoint region: RevokeBias
[2019-12-09T03:04:05.431+0000][1][safepoint    ] Leaving safepoint region
[2019-12-09T03:04:05.431+0000][1][safepoint    ] Total time for which application threads were stopped: 0.0001070 seconds, Stopping threads took: 0.0000278 seconds
[2019-12-09T03:04:05.433+0000][1][safepoint    ] Application time: 0.0017795 seconds
[2019-12-09T03:04:05.433+0000][1][safepoint    ] Entering safepoint region: RevokeBias
[2019-12-09T03:04:05.433+0000][1][safepoint    ] Leaving safepoint region
[2019-12-09T03:04:05.433+0000][1][safepoint    ] Total time for which application threads were stopped: 0.0001184 seconds, Stopping threads took: 0.0000519 seconds
[2019-12-09T03:04:05.437+0000][1][safepoint    ] Application time: 0.0035341 seconds
[2019-12-09T03:04:05.437+0000][1][safepoint    ] Entering safepoint region: BulkRevokeBias
[2019-12-09T03:04:05.437+0000][1][safepoint    ] Leaving safepoint region
[2019-12-09T03:04:05.437+0000][1][safepoint    ] Total time for which application threads were stopped: 0.0005489 seconds, Stopping threads took: 0.0001280 seconds
[2019-12-09T03:04:05.450+0000][1][safepoint    ] Application time: 0.0131864 seconds
[2019-12-09T03:04:05.450+0000][1][safepoint    ] Entering safepoint region: RevokeBias
[2019-12-09T03:04:05.451+0000][1][safepoint    ] Leaving safepoint region
[2019-12-09T03:04:05.451+0000][1][safepoint    ] Total time for which application threads were stopped: 0.0001263 seconds, Stopping threads took: 0.0000244 seconds
[2019-12-09T03:04:05.451+0000][1][safepoint    ] Application time: 0.0005036 seconds
[2019-12-09T03:04:05.451+0000][1][safepoint    ] Entering safepoint region: RevokeBias
[2019-12-09T03:04:05.451+0000][1][safepoint    ] Leaving safepoint region
[2019-12-09T03:04:05.451+0000][1][safepoint    ] Total time for which application threads were stopped: 0.0000758 seconds, Stopping threads took: 0.0000132 seconds
[2019-12-09T03:04:05.451+0000][1][safepoint    ] Application time: 0.0001010 seconds
[2019-12-09T03:04:05.451+0000][1][safepoint    ] Entering safepoint region: RevokeBias
[2019-12-09T03:04:05.451+0000][1][safepoint    ] Leaving safepoint region
[2019-12-09T03:04:05.451+0000][1][safepoint    ] Total time for which application threads were stopped: 0.0000659 seconds, Stopping threads took: 0.0000107 seconds
[2019-12-09T03:04:05.451+0000][1][safepoint    ] Application time: 0.0000588 seconds
[2019-12-09T03:04:05.451+0000][1][safepoint    ] Entering safepoint region: RevokeBias
[2019-12-09T03:04:05.451+0000][1][safepoint    ] Leaving safepoint region
[2019-12-09T03:04:05.451+0000][1][safepoint    ] Total time for which application threads were stopped: 0.0000572 seconds, Stopping threads took: 0.0000097 seconds
[2019-12-09T03:04:05.478+0000][1][safepoint    ] Application time: 0.0264074 seconds
[2019-12-09T03:04:05.517+0000][1][safepoint    ] Entering safepoint region: RevokeBias
[2019-12-09T03:04:05.517+0000][1][safepoint    ] Leaving safepoint region
[2019-12-09T03:04:05.517+0000][1][safepoint    ] Total time for which application threads were stopped: 0.0391870 seconds, Stopping threads took: 0.0389658 seconds
[2019-12-09T03:04:05.518+0000][1][safepoint    ] Application time: 0.0004726 seconds
[2019-12-09T03:04:05.518+0000][1][safepoint    ] Entering safepoint region: RevokeBias
[2019-12-09T03:04:05.518+0000][1][safepoint    ] Leaving safepoint region
[2019-12-09T03:04:05.518+0000][1][safepoint    ] Total time for which application threads were stopped: 0.0001480 seconds, Stopping threads took: 0.0000161 seconds
[2019-12-09T03:04:05.518+0000][1][safepoint    ] Application time: 0.0003263 seconds
[2019-12-09T03:04:05.518+0000][1][safepoint    ] Entering safepoint region: RevokeBias
[2019-12-09T03:04:05.518+0000][1][safepoint    ] Leaving safepoint region
[2019-12-09T03:04:05.518+0000][1][safepoint    ] Total time for which application threads were stopped: 0.0000853 seconds, Stopping threads took: 0.0000120 seconds
[2019-12-09T03:04:05.544+0000][1][safepoint    ] Application time: 0.0260656 seconds
[2019-12-09T03:04:05.544+0000][1][safepoint    ] Entering safepoint region: RevokeBias
[2019-12-09T03:04:05.544+0000][1][safepoint    ] Leaving safepoint region
[2019-12-09T03:04:05.544+0000][1][safepoint    ] Total time for which application threads were stopped: 0.0001869 seconds, Stopping threads took: 0.0000735 seconds
[2019-12-09T03:04:05.547+0000][1][safepoint    ] Application time: 0.0023727 seconds
[2019-12-09T03:04:05.547+0000][1][safepoint    ] Entering safepoint region: RevokeBias
[2019-12-09T03:04:05.547+0000][1][safepoint    ] Leaving safepoint region
[2019-12-09T03:04:05.547+0000][1][safepoint    ] Total time for which application threads were stopped: 0.0002154 seconds, Stopping threads took: 0.0001160 seconds
[2019-12-09T03:04:05.552+0000][1][safepoint    ] Application time: 0.0044205 seconds
[2019-12-09T03:04:05.552+0000][1][safepoint    ] Entering safepoint region: RevokeBias
[2019-12-09T03:04:05.552+0000][1][safepoint    ] Leaving safepoint region
[2019-12-09T03:04:05.552+0000][1][safepoint    ] Total time for which application threads were stopped: 0.0001179 seconds, Stopping threads took: 0.0000140 seconds
[2019-12-09T03:04:05.561+0000][1][safepoint    ] Application time: 0.0090637 seconds
[2019-12-09T03:04:05.563+0000][1][safepoint    ] Entering safepoint region: RevokeBias
[2019-12-09T03:04:05.563+0000][1][safepoint    ] Leaving safepoint region
[2019-12-09T03:04:05.563+0000][1][safepoint    ] Total time for which application threads were stopped: 0.0018736 seconds, Stopping threads took: 0.0017784 seconds
[2019-12-09T03:04:05.565+0000][1][safepoint    ] Application time: 0.0021172 seconds
[2019-12-09T03:04:05.565+0000][1][safepoint    ] Entering safepoint region: RevokeBias
[2019-12-09T03:04:05.565+0000][1][safepoint    ] Leaving safepoint region
[2019-12-09T03:04:05.565+0000][1][safepoint    ] Total time for which application threads were stopped: 0.0001329 seconds, Stopping threads took: 0.0000615 seconds
[2019-12-09T03:04:05.570+0000][1][safepoint    ] Application time: 0.0050746 seconds
[2019-12-09T03:04:05.570+0000][1][safepoint    ] Entering safepoint region: RevokeBias
[2019-12-09T03:04:05.570+0000][1][safepoint    ] Leaving safepoint region
[2019-12-09T03:04:05.570+0000][1][safepoint    ] Total time for which application threads were stopped: 0.0001241 seconds, Stopping threads took: 0.0000402 seconds
[2019-12-09T03:04:05.604+0000][1][safepoint    ] Application time: 0.0340470 seconds
[2019-12-09T03:04:05.654+0000][1][safepoint    ] Entering safepoint region: RevokeBias
[2019-12-09T03:04:05.655+0000][1][safepoint    ] Leaving safepoint region
[2019-12-09T03:04:05.655+0000][1][safepoint    ] Total time for which application threads were stopped: 0.0503495 seconds, Stopping threads took: 0.0501427 seconds
[2019-12-09T03:04:05.662+0000][1][safepoint    ] Application time: 0.0072083 seconds
[2019-12-09T03:04:05.664+0000][1][safepoint    ] Entering safepoint region: RevokeBias
[2019-12-09T03:04:05.665+0000][1][safepoint    ] Leaving safepoint region
[2019-12-09T03:04:05.665+0000][1][safepoint    ] Total time for which application threads were stopped: 0.0029822 seconds, Stopping threads took: 0.0023867 seconds
[2019-12-09T03:04:05.673+0000][1][safepoint    ] Application time: 0.0084182 seconds
[2019-12-09T03:04:05.698+0000][1][safepoint    ] Entering safepoint region: RevokeBias
[2019-12-09T03:04:05.698+0000][1][safepoint    ] Leaving safepoint region
[2019-12-09T03:04:05.698+0000][1][safepoint    ] Total time for which application threads were stopped: 0.0247640 seconds, Stopping threads took: 0.0246579 seconds
[2019-12-09T03:04:05.698+0000][1][safepoint    ] Application time: 0.0001059 seconds
[2019-12-09T03:04:05.698+0000][1][safepoint    ] Entering safepoint region: RevokeBias
[2019-12-09T03:04:05.698+0000][1][safepoint    ] Leaving safepoint region
[2019-12-09T03:04:05.698+0000][1][safepoint    ] Total time for which application threads were stopped: 0.0000794 seconds, Stopping threads took: 0.0000120 seconds
[2019-12-09T03:04:05.698+0000][1][safepoint    ] Application time: 0.0000574 seconds
[2019-12-09T03:04:05.698+0000][1][safepoint    ] Entering safepoint region: RevokeBias
[2019-12-09T03:04:05.698+0000][1][safepoint    ] Leaving safepoint region
[2019-12-09T03:04:05.698+0000][1][safepoint    ] Total time for which application threads were stopped: 0.0000603 seconds, Stopping threads took: 0.0000098 seconds
[2019-12-09T03:04:05.824+0000][1][safepoint    ] Application time: 0.1259125 seconds
[2019-12-09T03:04:05.824+0000][1][safepoint    ] Entering safepoint region: RevokeBias
[2019-12-09T03:04:05.824+0000][1][safepoint    ] Leaving safepoint region
[2019-12-09T03:04:05.824+0000][1][safepoint    ] Total time for which application threads were stopped: 0.0001127 seconds, Stopping threads took: 0.0000209 seconds
[2019-12-09T03:04:05.832+0000][1][safepoint    ] Application time: 0.0074174 seconds
[2019-12-09T03:04:05.832+0000][1][safepoint    ] Entering safepoint region: RevokeBias
[2019-12-09T03:04:05.832+0000][1][safepoint    ] Leaving safepoint region
[2019-12-09T03:04:05.832+0000][1][safepoint    ] Total time for which application threads were stopped: 0.0000863 seconds, Stopping threads took: 0.0000198 seconds
[2019-12-09T03:04:05.832+0000][1][safepoint    ] Application time: 0.0000814 seconds
[2019-12-09T03:04:05.832+0000][1][safepoint    ] Entering safepoint region: RevokeBias
[2019-12-09T03:04:05.832+0000][1][safepoint    ] Leaving safepoint region
[2019-12-09T03:04:05.832+0000][1][safepoint    ] Total time for which application threads were stopped: 0.0000551 seconds, Stopping threads took: 0.0000110 seconds
[2019-12-09T03:04:05.832+0000][1][safepoint    ] Application time: 0.0000600 seconds
[2019-12-09T03:04:05.832+0000][1][safepoint    ] Entering safepoint region: RevokeBias
[2019-12-09T03:04:05.832+0000][1][safepoint    ] Leaving safepoint region
[2019-12-09T03:04:05.832+0000][1][safepoint    ] Total time for which application threads were stopped: 0.0000463 seconds, Stopping threads took: 0.0000097 seconds
[2019-12-09T03:04:05.832+0000][1][safepoint    ] Application time: 0.0001402 seconds
[2019-12-09T03:04:05.832+0000][1][safepoint    ] Entering safepoint region: RevokeBias
[2019-12-09T03:04:05.832+0000][1][safepoint    ] Leaving safepoint region
[2019-12-09T03:04:05.832+0000][1][safepoint    ] Total time for which application threads were stopped: 0.0000562 seconds, Stopping threads took: 0.0000107 seconds
[2019-12-09T03:04:05.833+0000][1][safepoint    ] Application time: 0.0000508 seconds
[2019-12-09T03:04:05.833+0000][1][safepoint    ] Entering safepoint region: RevokeBias
[2019-12-09T03:04:05.833+0000][1][safepoint    ] Leaving safepoint region
[2019-12-09T03:04:05.833+0000][1][safepoint    ] Total time for which application threads were stopped: 0.0000410 seconds, Stopping threads took: 0.0000081 seconds
[2019-12-09T03:04:05.836+0000][1][safepoint    ] Application time: 0.0037679 seconds
[2019-12-09T03:04:05.836+0000][1][safepoint    ] Entering safepoint region: RevokeBias
[2019-12-09T03:04:05.836+0000][1][safepoint    ] Leaving safepoint region
[2019-12-09T03:04:05.836+0000][1][safepoint    ] Total time for which application threads were stopped: 0.0000737 seconds, Stopping threads took: 0.0000143 seconds
[2019-12-09T03:04:05.837+0000][1][safepoint    ] Application time: 0.0000788 seconds
[2019-12-09T03:04:05.837+0000][1][safepoint    ] Entering safepoint region: RevokeBias
[2019-12-09T03:04:05.837+0000][1][safepoint    ] Leaving safepoint region
[2019-12-09T03:04:05.837+0000][1][safepoint    ] Total time for which application threads were stopped: 0.0000460 seconds, Stopping threads took: 0.0000094 seconds
[2019-12-09T03:04:05.837+0000][1][safepoint    ] Application time: 0.0000550 seconds
[2019-12-09T03:04:05.837+0000][1][safepoint    ] Entering safepoint region: RevokeBias
[2019-12-09T03:04:05.837+0000][1][safepoint    ] Leaving safepoint region
[2019-12-09T03:04:05.837+0000][1][safepoint    ] Total time for which application threads were stopped: 0.0000672 seconds, Stopping threads took: 0.0000092 seconds
[2019-12-09T03:04:05.837+0000][1][safepoint    ] Application time: 0.0000799 seconds
[2019-12-09T03:04:05.837+0000][1][safepoint    ] Entering safepoint region: RevokeBias
[2019-12-09T03:04:05.837+0000][1][safepoint    ] Leaving safepoint region
[2019-12-09T03:04:05.837+0000][1][safepoint    ] Total time for which application threads were stopped: 0.0000403 seconds, Stopping threads took: 0.0000082 seconds
[2019-12-09T03:04:05.837+0000][1][safepoint    ] Application time: 0.0000615 seconds
[2019-12-09T03:04:05.837+0000][1][safepoint    ] Entering safepoint region: RevokeBias
[2019-12-09T03:04:05.837+0000][1][safepoint    ] Leaving safepoint region
[2019-12-09T03:04:05.837+0000][1][safepoint    ] Total time for which application threads were stopped: 0.0000390 seconds, Stopping threads took: 0.0000081 seconds
[2019-12-09T03:04:05.837+0000][1][safepoint    ] Application time: 0.0000708 seconds
[2019-12-09T03:04:05.837+0000][1][safepoint    ] Entering safepoint region: RevokeBias
[2019-12-09T03:04:05.837+0000][1][safepoint    ] Leaving safepoint region
[2019-12-09T03:04:05.837+0000][1][safepoint    ] Total time for which application threads were stopped: 0.0000396 seconds, Stopping threads took: 0.0000082 seconds
[2019-12-09T03:04:05.838+0000][1][safepoint    ] Application time: 0.0007626 seconds
[2019-12-09T03:04:05.838+0000][1][safepoint    ] Entering safepoint region: RevokeBias
[2019-12-09T03:04:05.838+0000][1][safepoint    ] Leaving safepoint region
[2019-12-09T03:04:05.838+0000][1][safepoint    ] Total time for which application threads were stopped: 0.0000670 seconds, Stopping threads took: 0.0000154 seconds
[2019-12-09T03:04:05.848+0000][1][safepoint    ] Application time: 0.0098095 seconds
[2019-12-09T03:04:05.848+0000][1][safepoint    ] Entering safepoint region: BulkRevokeBias
[2019-12-09T03:04:05.848+0000][1][safepoint    ] Leaving safepoint region
[2019-12-09T03:04:05.848+0000][1][safepoint    ] Total time for which application threads were stopped: 0.0005193 seconds, Stopping threads took: 0.0000141 seconds
[2019-12-09T03:04:05.849+0000][1][safepoint    ] Application time: 0.0009289 seconds
[2019-12-09T03:04:05.849+0000][1][safepoint    ] Entering safepoint region: RevokeBias
[2019-12-09T03:04:05.849+0000][1][safepoint    ] Leaving safepoint region
[2019-12-09T03:04:05.849+0000][1][safepoint    ] Total time for which application threads were stopped: 0.0000678 seconds, Stopping threads took: 0.0000127 seconds
[2019-12-09T03:04:05.857+0000][1][safepoint    ] Application time: 0.0072528 seconds
[2019-12-09T03:04:05.857+0000][1][safepoint    ] Entering safepoint region: RevokeBias
[2019-12-09T03:04:05.857+0000][1][safepoint    ] Leaving safepoint region
[2019-12-09T03:04:05.857+0000][1][safepoint    ] Total time for which application threads were stopped: 0.0000874 seconds, Stopping threads took: 0.0000131 seconds
[2019-12-09T03:04:05.876+0000][1][safepoint    ] Application time: 0.0190996 seconds
[2019-12-09T03:04:05.876+0000][1][safepoint    ] Entering safepoint region: RevokeBias
[2019-12-09T03:04:05.876+0000][1][safepoint    ] Leaving safepoint region
[2019-12-09T03:04:05.876+0000][1][safepoint    ] Total time for which application threads were stopped: 0.0000609 seconds, Stopping threads took: 0.0000127 seconds
[2019-12-09T03:04:05.891+0000][1][safepoint    ] Application time: 0.0152329 seconds
[2019-12-09T03:04:05.891+0000][1][safepoint    ] Entering safepoint region: RevokeBias
[2019-12-09T03:04:05.891+0000][1][safepoint    ] Leaving safepoint region
[2019-12-09T03:04:05.891+0000][1][safepoint    ] Total time for which application threads were stopped: 0.0000982 seconds, Stopping threads took: 0.0000486 seconds
[2019-12-09T03:04:05.894+0000][1][safepoint    ] Application time: 0.0029377 seconds
[2019-12-09T03:04:05.894+0000][1][safepoint    ] Entering safepoint region: RevokeBias
[2019-12-09T03:04:05.894+0000][1][safepoint    ] Leaving safepoint region
[2019-12-09T03:04:05.894+0000][1][safepoint    ] Total time for which application threads were stopped: 0.0000617 seconds, Stopping threads took: 0.0000119 seconds
[2019-12-09T03:04:05.896+0000][1][safepoint    ] Application time: 0.0014773 seconds
[2019-12-09T03:04:05.896+0000][1][safepoint    ] Entering safepoint region: RevokeBias
[2019-12-09T03:04:05.896+0000][1][safepoint    ] Leaving safepoint region
[2019-12-09T03:04:05.896+0000][1][safepoint    ] Total time for which application threads were stopped: 0.0000539 seconds, Stopping threads took: 0.0000113 seconds
[2019-12-09T03:04:05.911+0000][1][safepoint    ] Application time: 0.0146642 seconds
[2019-12-09T03:04:05.911+0000][1][safepoint    ] Entering safepoint region: RevokeBias
[2019-12-09T03:04:05.911+0000][1][safepoint    ] Leaving safepoint region
[2019-12-09T03:04:05.911+0000][1][safepoint    ] Total time for which application threads were stopped: 0.0000325 seconds, Stopping threads took: 0.0000091 seconds
[2019-12-09T03:04:05.931+0000][1][safepoint    ] Application time: 0.0203029 seconds
[2019-12-09T03:04:05.931+0000][1][safepoint    ] Entering safepoint region: RevokeBias
[2019-12-09T03:04:05.931+0000][1][safepoint    ] Leaving safepoint region
[2019-12-09T03:04:05.931+0000][1][safepoint    ] Total time for which application threads were stopped: 0.0000325 seconds, Stopping threads took: 0.0000083 seconds
[2019-12-09T03:04:05.932+0000][1][safepoint    ] Application time: 0.0011321 seconds
[2019-12-09T03:04:05.932+0000][1][safepoint    ] Entering safepoint region: RevokeBias
[2019-12-09T03:04:05.932+0000][1][safepoint    ] Leaving safepoint region
[2019-12-09T03:04:05.932+0000][1][safepoint    ] Total time for which application threads were stopped: 0.0000450 seconds, Stopping threads took: 0.0000102 seconds
[2019-12-09T03:04:05.957+0000][1][gc,heap,exit ] Heap
[2019-12-09T03:04:05.957+0000][1][gc,heap,exit ]  par new generation   total 78656K, used 25728K [0x00000000f0000000, 0x00000000f5550000, 0x00000000f5550000)
[2019-12-09T03:04:05.957+0000][1][gc,heap,exit ]   eden space 69952K,  32% used [0x00000000f0000000, 0x00000000f16452f0, 0x00000000f4450000)
[2019-12-09T03:04:05.957+0000][1][gc,heap,exit ]   from space 8704K,  33% used [0x00000000f4cd0000, 0x00000000f4faadb8, 0x00000000f5550000)
[2019-12-09T03:04:05.957+0000][1][gc,heap,exit ]   to   space 8704K,   0% used [0x00000000f4450000, 0x00000000f4450000, 0x00000000f4cd0000)
[2019-12-09T03:04:05.957+0000][1][gc,heap,exit ]  concurrent mark-sweep generation total 174784K, used 67984K [0x00000000f5550000, 0x0000000100000000, 0x0000000100000000)
[2019-12-09T03:04:05.957+0000][1][gc,heap,exit ]  Metaspace       used 69272K, capacity 74446K, committed 74804K, reserved 1112064K
[2019-12-09T03:04:05.957+0000][1][gc,heap,exit ]   class space    used 9352K, capacity 11557K, committed 11684K, reserved 1048576K
[2019-12-09T03:04:05.957+0000][1][safepoint    ] Application time: 0.0247275 seconds
[2019-12-09T03:04:05.957+0000][1][safepoint    ] Entering safepoint region: Exit
