[2019-12-09T03:05:01.657+0000][1][gc] Using Concurrent Mark Sweep
[2019-12-09T03:05:01.657+0000][1][gc,heap,coops] Heap address: 0x00000000f0000000, size: 256 MB, Compressed Oops mode: 32-bit
[2019-12-09T03:05:02.156+0000][1][safepoint    ] Entering safepoint region: EnableBiasedLocking
[2019-12-09T03:05:02.156+0000][1][safepoint    ] Leaving safepoint region
[2019-12-09T03:05:02.156+0000][1][safepoint    ] Total time for which application threads were stopped: 0.0001398 seconds, Stopping threads took: 0.0000459 seconds
[2019-12-09T03:05:02.191+0000][1][safepoint    ] Application time: 0.0338619 seconds
[2019-12-09T03:05:02.408+0000][1][safepoint    ] Entering safepoint region: RevokeBias
[2019-12-09T03:05:02.408+0000][1][safepoint    ] Leaving safepoint region
[2019-12-09T03:05:02.408+0000][1][safepoint    ] Total time for which application threads were stopped: 0.2171137 seconds, Stopping threads took: 0.2170273 seconds
[2019-12-09T03:05:02.453+0000][1][safepoint    ] Application time: 0.0455447 seconds
[2019-12-09T03:05:02.453+0000][1][safepoint    ] Entering safepoint region: Deoptimize
[2019-12-09T03:05:02.453+0000][1][safepoint    ] Leaving safepoint region
[2019-12-09T03:05:02.453+0000][1][safepoint    ] Total time for which application threads were stopped: 0.0000524 seconds, Stopping threads took: 0.0000106 seconds
[2019-12-09T03:05:03.339+0000][1][safepoint    ] Application time: 0.8851179 seconds
[2019-12-09T03:05:03.339+0000][1][safepoint    ] Entering safepoint region: Deoptimize
[2019-12-09T03:05:03.339+0000][1][safepoint    ] Leaving safepoint region
[2019-12-09T03:05:03.339+0000][1][safepoint    ] Total time for which application threads were stopped: 0.0001177 seconds, Stopping threads took: 0.0000104 seconds
[2019-12-09T03:05:04.341+0000][1][safepoint    ] Application time: 1.0019338 seconds
[2019-12-09T03:05:04.349+0000][1][safepoint    ] Entering safepoint region: Cleanup
[2019-12-09T03:05:04.349+0000][1][safepoint    ] Leaving safepoint region
[2019-12-09T03:05:04.349+0000][1][safepoint    ] Total time for which application threads were stopped: 0.0080499 seconds, Stopping threads took: 0.0079864 seconds
[2019-12-09T03:05:05.357+0000][1][safepoint    ] Application time: 1.0079205 seconds
[2019-12-09T03:05:05.370+0000][1][safepoint    ] Entering safepoint region: Cleanup
[2019-12-09T03:05:05.370+0000][1][safepoint    ] Leaving safepoint region
[2019-12-09T03:05:05.370+0000][1][safepoint    ] Total time for which application threads were stopped: 0.0130221 seconds, Stopping threads took: 0.0129652 seconds
[2019-12-09T03:05:05.846+0000][1][safepoint    ] Application time: 0.4759177 seconds
[2019-12-09T03:05:05.846+0000][1][safepoint    ] Entering safepoint region: Deoptimize
[2019-12-09T03:05:05.846+0000][1][safepoint    ] Leaving safepoint region
[2019-12-09T03:05:05.846+0000][1][safepoint    ] Total time for which application threads were stopped: 0.0001640 seconds, Stopping threads took: 0.0000113 seconds
[2019-12-09T03:05:06.175+0000][1][safepoint    ] Application time: 0.3287867 seconds
[2019-12-09T03:05:06.175+0000][1][safepoint    ] Entering safepoint region: Deoptimize
[2019-12-09T03:05:06.175+0000][1][safepoint    ] Leaving safepoint region
[2019-12-09T03:05:06.175+0000][1][safepoint    ] Total time for which application threads were stopped: 0.0001432 seconds, Stopping threads took: 0.0000116 seconds
[2019-12-09T03:05:06.686+0000][1][safepoint    ] Application time: 0.5113505 seconds
[2019-12-09T03:05:06.686+0000][1][safepoint    ] Entering safepoint region: Deoptimize
[2019-12-09T03:05:06.686+0000][1][safepoint    ] Leaving safepoint region
[2019-12-09T03:05:06.686+0000][1][safepoint    ] Total time for which application threads were stopped: 0.0001712 seconds, Stopping threads took: 0.0000127 seconds
[2019-12-09T03:05:06.815+0000][1][safepoint    ] Application time: 0.1289820 seconds
[2019-12-09T03:05:06.815+0000][1][safepoint    ] Entering safepoint region: Deoptimize
[2019-12-09T03:05:06.816+0000][1][safepoint    ] Leaving safepoint region
[2019-12-09T03:05:06.816+0000][1][safepoint    ] Total time for which application threads were stopped: 0.0001661 seconds, Stopping threads took: 0.0000113 seconds
[2019-12-09T03:05:07.818+0000][1][safepoint    ] Application time: 1.0020378 seconds
[2019-12-09T03:05:07.892+0000][1][safepoint    ] Entering safepoint region: Cleanup
[2019-12-09T03:05:07.892+0000][1][safepoint    ] Leaving safepoint region
[2019-12-09T03:05:07.892+0000][1][safepoint    ] Total time for which application threads were stopped: 0.0740484 seconds, Stopping threads took: 0.0739958 seconds
[2019-12-09T03:05:08.894+0000][1][safepoint    ] Application time: 1.0019081 seconds
[2019-12-09T03:05:08.894+0000][1][safepoint    ] Entering safepoint region: Cleanup
[2019-12-09T03:05:08.894+0000][1][safepoint    ] Leaving safepoint region
[2019-12-09T03:05:08.894+0000][1][safepoint    ] Total time for which application threads were stopped: 0.0000718 seconds, Stopping threads took: 0.0000105 seconds
[2019-12-09T03:05:09.905+0000][1][safepoint    ] Application time: 1.0108923 seconds
[2019-12-09T03:05:09.905+0000][1][safepoint    ] Entering safepoint region: Cleanup
[2019-12-09T03:05:09.905+0000][1][safepoint    ] Leaving safepoint region
[2019-12-09T03:05:09.905+0000][1][safepoint    ] Total time for which application threads were stopped: 0.0000676 seconds, Stopping threads took: 0.0000133 seconds
[2019-12-09T03:05:10.177+0000][1][safepoint    ] Application time: 0.2722112 seconds
[2019-12-09T03:05:10.177+0000][1][safepoint    ] Entering safepoint region: Deoptimize
[2019-12-09T03:05:10.177+0000][1][safepoint    ] Leaving safepoint region
[2019-12-09T03:05:10.177+0000][1][safepoint    ] Total time for which application threads were stopped: 0.0002044 seconds, Stopping threads took: 0.0000109 seconds
[2019-12-09T03:05:11.182+0000][1][safepoint    ] Application time: 1.0044193 seconds
[2019-12-09T03:05:11.182+0000][1][safepoint    ] Entering safepoint region: Cleanup
[2019-12-09T03:05:11.182+0000][1][safepoint    ] Leaving safepoint region
[2019-12-09T03:05:11.182+0000][1][safepoint    ] Total time for which application threads were stopped: 0.0000493 seconds, Stopping threads took: 0.0000134 seconds
[2019-12-09T03:05:12.183+0000][1][safepoint    ] Application time: 1.0009361 seconds
[2019-12-09T03:05:12.183+0000][1][safepoint    ] Entering safepoint region: Cleanup
[2019-12-09T03:05:12.183+0000][1][safepoint    ] Leaving safepoint region
[2019-12-09T03:05:12.183+0000][1][safepoint    ] Total time for which application threads were stopped: 0.0000531 seconds, Stopping threads took: 0.0000150 seconds
[2019-12-09T03:05:13.184+0000][1][safepoint    ] Application time: 1.0008743 seconds
[2019-12-09T03:05:13.271+0000][1][safepoint    ] Entering safepoint region: Cleanup
[2019-12-09T03:05:13.271+0000][1][safepoint    ] Leaving safepoint region
[2019-12-09T03:05:13.271+0000][1][safepoint    ] Total time for which application threads were stopped: 0.0871505 seconds, Stopping threads took: 0.0870501 seconds
[2019-12-09T03:05:13.606+0000][1][safepoint    ] Application time: 0.3348114 seconds
[2019-12-09T03:05:13.606+0000][1][safepoint    ] Entering safepoint region: Deoptimize
[2019-12-09T03:05:13.606+0000][1][safepoint    ] Leaving safepoint region
[2019-12-09T03:05:13.606+0000][1][safepoint    ] Total time for which application threads were stopped: 0.0002335 seconds, Stopping threads took: 0.0000108 seconds
[2019-12-09T03:05:14.593+0000][1][safepoint    ] Application time: 0.9873512 seconds
[2019-12-09T03:05:14.593+0000][1][safepoint    ] Entering safepoint region: Deoptimize
[2019-12-09T03:05:14.594+0000][1][safepoint    ] Leaving safepoint region
[2019-12-09T03:05:14.594+0000][1][safepoint    ] Total time for which application threads were stopped: 0.0003648 seconds, Stopping threads took: 0.0000662 seconds
[2019-12-09T03:05:14.618+0000][1][safepoint    ] Application time: 0.0240962 seconds
[2019-12-09T03:05:14.618+0000][1][safepoint    ] Entering safepoint region: Deoptimize
[2019-12-09T03:05:14.618+0000][1][safepoint    ] Leaving safepoint region
[2019-12-09T03:05:14.618+0000][1][safepoint    ] Total time for which application threads were stopped: 0.0002430 seconds, Stopping threads took: 0.0000124 seconds
[2019-12-09T03:05:14.936+0000][1][safepoint    ] Application time: 0.3175790 seconds
[2019-12-09T03:05:14.936+0000][1][safepoint    ] Entering safepoint region: Deoptimize
[2019-12-09T03:05:14.936+0000][1][safepoint    ] Leaving safepoint region
[2019-12-09T03:05:14.936+0000][1][safepoint    ] Total time for which application threads were stopped: 0.0002602 seconds, Stopping threads took: 0.0000120 seconds
[2019-12-09T03:05:14.970+0000][1][safepoint    ] Application time: 0.0339703 seconds
[2019-12-09T03:05:14.970+0000][1][safepoint    ] Entering safepoint region: RevokeBias
[2019-12-09T03:05:14.970+0000][1][safepoint    ] Leaving safepoint region
[2019-12-09T03:05:14.970+0000][1][safepoint    ] Total time for which application threads were stopped: 0.0000890 seconds, Stopping threads took: 0.0000134 seconds
[2019-12-09T03:05:14.970+0000][1][safepoint    ] Application time: 0.0002500 seconds
[2019-12-09T03:05:14.970+0000][1][safepoint    ] Entering safepoint region: RevokeBias
[2019-12-09T03:05:14.970+0000][1][safepoint    ] Leaving safepoint region
[2019-12-09T03:05:14.970+0000][1][safepoint    ] Total time for which application threads were stopped: 0.0000562 seconds, Stopping threads took: 0.0000097 seconds
[2019-12-09T03:05:14.970+0000][1][safepoint    ] Application time: 0.0000491 seconds
[2019-12-09T03:05:14.970+0000][1][safepoint    ] Entering safepoint region: RevokeBias
[2019-12-09T03:05:14.971+0000][1][safepoint    ] Leaving safepoint region
[2019-12-09T03:05:14.971+0000][1][safepoint    ] Total time for which application threads were stopped: 0.0000421 seconds, Stopping threads took: 0.0000076 seconds
[2019-12-09T03:05:14.971+0000][1][safepoint    ] Application time: 0.0000662 seconds
[2019-12-09T03:05:14.971+0000][1][safepoint    ] Entering safepoint region: RevokeBias
[2019-12-09T03:05:14.971+0000][1][safepoint    ] Leaving safepoint region
[2019-12-09T03:05:14.971+0000][1][safepoint    ] Total time for which application threads were stopped: 0.0000425 seconds, Stopping threads took: 0.0000073 seconds
[2019-12-09T03:05:14.971+0000][1][safepoint    ] Application time: 0.0001516 seconds
[2019-12-09T03:05:14.971+0000][1][safepoint    ] Entering safepoint region: RevokeBias
[2019-12-09T03:05:14.971+0000][1][safepoint    ] Leaving safepoint region
[2019-12-09T03:05:14.971+0000][1][safepoint    ] Total time for which application threads were stopped: 0.0000606 seconds, Stopping threads took: 0.0000085 seconds
[2019-12-09T03:05:14.994+0000][1][safepoint    ] Application time: 0.0227537 seconds
[2019-12-09T03:05:14.994+0000][1][safepoint    ] Entering safepoint region: Deoptimize
[2019-12-09T03:05:14.994+0000][1][safepoint    ] Leaving safepoint region
[2019-12-09T03:05:14.994+0000][1][safepoint    ] Total time for which application threads were stopped: 0.0002456 seconds, Stopping threads took: 0.0000161 seconds
[2019-12-09T03:05:16.008+0000][1][safepoint    ] Application time: 1.0138474 seconds
[2019-12-09T03:05:16.008+0000][1][safepoint    ] Entering safepoint region: Cleanup
[2019-12-09T03:05:16.008+0000][1][safepoint    ] Leaving safepoint region
[2019-12-09T03:05:16.008+0000][1][safepoint    ] Total time for which application threads were stopped: 0.0000967 seconds, Stopping threads took: 0.0000168 seconds
[2019-12-09T03:05:16.880+0000][1][safepoint    ] Application time: 0.8723591 seconds
[2019-12-09T03:05:16.880+0000][1][safepoint    ] Entering safepoint region: GenCollectForAllocation
[2019-12-09T03:05:16.880+0000][1][gc,start     ] GC(0) Pause Young (Allocation Failure)
[2019-12-09T03:05:16.895+0000][1][gc,task      ] GC(0) Using 2 workers of 2 for evacuation
[2019-12-09T03:05:16.946+0000][1][gc,age       ] GC(0) Desired survivor size 4456448 bytes, new threshold 1 (max threshold 6)
[2019-12-09T03:05:16.946+0000][1][gc,age       ] GC(0) Age table with threshold 1 (max threshold 6)
[2019-12-09T03:05:16.946+0000][1][gc,age       ] GC(0) - age   1:    6677720 bytes,    6677720 total
[2019-12-09T03:05:16.946+0000][1][gc,heap      ] GC(0) ParNew: 69952K->6572K(78656K)
[2019-12-09T03:05:16.946+0000][1][gc,heap      ] GC(0) CMS: 0K->0K(174784K)
[2019-12-09T03:05:16.946+0000][1][gc,metaspace ] GC(0) Metaspace: 12928K->12928K(1060864K)
[2019-12-09T03:05:16.946+0000][1][gc           ] GC(0) Pause Young (Allocation Failure) 68M->6M(247M) 65.526ms
[2019-12-09T03:05:16.946+0000][1][gc,cpu       ] GC(0) User=0.02s Sys=0.00s Real=0.07s
[2019-12-09T03:05:16.946+0000][1][safepoint    ] Leaving safepoint region
[2019-12-09T03:05:16.946+0000][1][safepoint    ] Total time for which application threads were stopped: 0.0656610 seconds, Stopping threads took: 0.0000133 seconds
[2019-12-09T03:05:16.968+0000][1][safepoint    ] Application time: 0.0222670 seconds
[2019-12-09T03:05:17.007+0000][1][safepoint    ] Entering safepoint region: RevokeBias
[2019-12-09T03:05:17.007+0000][1][safepoint    ] Leaving safepoint region
[2019-12-09T03:05:17.007+0000][1][safepoint    ] Total time for which application threads were stopped: 0.0386147 seconds, Stopping threads took: 0.0385229 seconds
[2019-12-09T03:05:17.015+0000][1][safepoint    ] Application time: 0.0079381 seconds
[2019-12-09T03:05:17.052+0000][1][safepoint    ] Entering safepoint region: RevokeBias
[2019-12-09T03:05:17.052+0000][1][safepoint    ] Leaving safepoint region
[2019-12-09T03:05:17.052+0000][1][safepoint    ] Total time for which application threads were stopped: 0.0369825 seconds, Stopping threads took: 0.0368758 seconds
[2019-12-09T03:05:17.052+0000][1][safepoint    ] Application time: 0.0000656 seconds
[2019-12-09T03:05:17.052+0000][1][safepoint    ] Entering safepoint region: RevokeBias
[2019-12-09T03:05:17.052+0000][1][safepoint    ] Leaving safepoint region
[2019-12-09T03:05:17.052+0000][1][safepoint    ] Total time for which application threads were stopped: 0.0000685 seconds, Stopping threads took: 0.0000086 seconds
[2019-12-09T03:05:17.052+0000][1][safepoint    ] Application time: 0.0000679 seconds
[2019-12-09T03:05:17.052+0000][1][safepoint    ] Entering safepoint region: RevokeBias
[2019-12-09T03:05:17.052+0000][1][safepoint    ] Leaving safepoint region
[2019-12-09T03:05:17.052+0000][1][safepoint    ] Total time for which application threads were stopped: 0.0000602 seconds, Stopping threads took: 0.0000074 seconds
[2019-12-09T03:05:17.052+0000][1][safepoint    ] Application time: 0.0000446 seconds
[2019-12-09T03:05:17.052+0000][1][safepoint    ] Entering safepoint region: RevokeBias
[2019-12-09T03:05:17.052+0000][1][safepoint    ] Leaving safepoint region
[2019-12-09T03:05:17.052+0000][1][safepoint    ] Total time for which application threads were stopped: 0.0000555 seconds, Stopping threads took: 0.0000073 seconds
[2019-12-09T03:05:17.052+0000][1][safepoint    ] Application time: 0.0000492 seconds
[2019-12-09T03:05:17.052+0000][1][safepoint    ] Entering safepoint region: RevokeBias
[2019-12-09T03:05:17.052+0000][1][safepoint    ] Leaving safepoint region
[2019-12-09T03:05:17.052+0000][1][safepoint    ] Total time for which application threads were stopped: 0.0000555 seconds, Stopping threads took: 0.0000073 seconds
[2019-12-09T03:05:17.052+0000][1][safepoint    ] Application time: 0.0000452 seconds
[2019-12-09T03:05:17.052+0000][1][safepoint    ] Entering safepoint region: RevokeBias
[2019-12-09T03:05:17.053+0000][1][safepoint    ] Leaving safepoint region
[2019-12-09T03:05:17.053+0000][1][safepoint    ] Total time for which application threads were stopped: 0.0000569 seconds, Stopping threads took: 0.0000068 seconds
[2019-12-09T03:05:17.053+0000][1][safepoint    ] Application time: 0.0000491 seconds
[2019-12-09T03:05:17.053+0000][1][safepoint    ] Entering safepoint region: RevokeBias
[2019-12-09T03:05:17.053+0000][1][safepoint    ] Leaving safepoint region
[2019-12-09T03:05:17.053+0000][1][safepoint    ] Total time for which application threads were stopped: 0.0000565 seconds, Stopping threads took: 0.0000075 seconds
[2019-12-09T03:05:17.053+0000][1][safepoint    ] Application time: 0.0000604 seconds
[2019-12-09T03:05:17.053+0000][1][safepoint    ] Entering safepoint region: RevokeBias
[2019-12-09T03:05:17.053+0000][1][safepoint    ] Leaving safepoint region
[2019-12-09T03:05:17.053+0000][1][safepoint    ] Total time for which application threads were stopped: 0.0000790 seconds, Stopping threads took: 0.0000168 seconds
[2019-12-09T03:05:17.053+0000][1][safepoint    ] Application time: 0.0000543 seconds
[2019-12-09T03:05:17.053+0000][1][safepoint    ] Entering safepoint region: RevokeBias
[2019-12-09T03:05:17.053+0000][1][safepoint    ] Leaving safepoint region
[2019-12-09T03:05:17.053+0000][1][safepoint    ] Total time for which application threads were stopped: 0.0000584 seconds, Stopping threads took: 0.0000073 seconds
[2019-12-09T03:05:17.053+0000][1][safepoint    ] Application time: 0.0000448 seconds
[2019-12-09T03:05:17.053+0000][1][safepoint    ] Entering safepoint region: RevokeBias
[2019-12-09T03:05:17.053+0000][1][safepoint    ] Leaving safepoint region
[2019-12-09T03:05:17.053+0000][1][safepoint    ] Total time for which application threads were stopped: 0.0000572 seconds, Stopping threads took: 0.0000072 seconds
[2019-12-09T03:05:17.053+0000][1][safepoint    ] Application time: 0.0000501 seconds
[2019-12-09T03:05:17.053+0000][1][safepoint    ] Entering safepoint region: RevokeBias
[2019-12-09T03:05:17.053+0000][1][safepoint    ] Leaving safepoint region
[2019-12-09T03:05:17.053+0000][1][safepoint    ] Total time for which application threads were stopped: 0.0000575 seconds, Stopping threads took: 0.0000075 seconds
[2019-12-09T03:05:17.053+0000][1][safepoint    ] Application time: 0.0000436 seconds
[2019-12-09T03:05:17.053+0000][1][safepoint    ] Entering safepoint region: RevokeBias
[2019-12-09T03:05:17.053+0000][1][safepoint    ] Leaving safepoint region
[2019-12-09T03:05:17.053+0000][1][safepoint    ] Total time for which application threads were stopped: 0.0000555 seconds, Stopping threads took: 0.0000071 seconds
[2019-12-09T03:05:17.053+0000][1][safepoint    ] Application time: 0.0000477 seconds
[2019-12-09T03:05:17.053+0000][1][safepoint    ] Entering safepoint region: RevokeBias
[2019-12-09T03:05:17.053+0000][1][safepoint    ] Leaving safepoint region
[2019-12-09T03:05:17.053+0000][1][safepoint    ] Total time for which application threads were stopped: 0.0000555 seconds, Stopping threads took: 0.0000074 seconds
[2019-12-09T03:05:17.053+0000][1][safepoint    ] Application time: 0.0000448 seconds
[2019-12-09T03:05:17.053+0000][1][safepoint    ] Entering safepoint region: RevokeBias
[2019-12-09T03:05:17.054+0000][1][safepoint    ] Leaving safepoint region
[2019-12-09T03:05:17.054+0000][1][safepoint    ] Total time for which application threads were stopped: 0.0000561 seconds, Stopping threads took: 0.0000073 seconds
[2019-12-09T03:05:17.054+0000][1][safepoint    ] Application time: 0.0000489 seconds
[2019-12-09T03:05:17.054+0000][1][safepoint    ] Entering safepoint region: RevokeBias
[2019-12-09T03:05:17.054+0000][1][safepoint    ] Leaving safepoint region
[2019-12-09T03:05:17.054+0000][1][safepoint    ] Total time for which application threads were stopped: 0.0000549 seconds, Stopping threads took: 0.0000072 seconds
[2019-12-09T03:05:17.054+0000][1][safepoint    ] Application time: 0.0000583 seconds
[2019-12-09T03:05:17.054+0000][1][safepoint    ] Entering safepoint region: RevokeBias
[2019-12-09T03:05:17.054+0000][1][safepoint    ] Leaving safepoint region
[2019-12-09T03:05:17.054+0000][1][safepoint    ] Total time for which application threads were stopped: 0.0000617 seconds, Stopping threads took: 0.0000071 seconds
[2019-12-09T03:05:17.054+0000][1][safepoint    ] Application time: 0.0000595 seconds
[2019-12-09T03:05:17.054+0000][1][safepoint    ] Entering safepoint region: RevokeBias
[2019-12-09T03:05:17.054+0000][1][safepoint    ] Leaving safepoint region
[2019-12-09T03:05:17.054+0000][1][safepoint    ] Total time for which application threads were stopped: 0.0000589 seconds, Stopping threads took: 0.0000074 seconds
[2019-12-09T03:05:17.054+0000][1][safepoint    ] Application time: 0.0000456 seconds
[2019-12-09T03:05:17.054+0000][1][safepoint    ] Entering safepoint region: RevokeBias
[2019-12-09T03:05:17.054+0000][1][safepoint    ] Leaving safepoint region
[2019-12-09T03:05:17.054+0000][1][safepoint    ] Total time for which application threads were stopped: 0.0000621 seconds, Stopping threads took: 0.0000123 seconds
[2019-12-09T03:05:17.054+0000][1][safepoint    ] Application time: 0.0000808 seconds
[2019-12-09T03:05:17.054+0000][1][safepoint    ] Entering safepoint region: RevokeBias
[2019-12-09T03:05:17.054+0000][1][safepoint    ] Leaving safepoint region
[2019-12-09T03:05:17.054+0000][1][safepoint    ] Total time for which application threads were stopped: 0.0000633 seconds, Stopping threads took: 0.0000071 seconds
[2019-12-09T03:05:17.054+0000][1][safepoint    ] Application time: 0.0000468 seconds
[2019-12-09T03:05:17.054+0000][1][safepoint    ] Entering safepoint region: RevokeBias
[2019-12-09T03:05:17.054+0000][1][safepoint    ] Leaving safepoint region
[2019-12-09T03:05:17.054+0000][1][safepoint    ] Total time for which application threads were stopped: 0.0000583 seconds, Stopping threads took: 0.0000075 seconds
[2019-12-09T03:05:17.054+0000][1][safepoint    ] Application time: 0.0000522 seconds
[2019-12-09T03:05:17.054+0000][1][safepoint    ] Entering safepoint region: RevokeBias
[2019-12-09T03:05:17.054+0000][1][safepoint    ] Leaving safepoint region
[2019-12-09T03:05:17.054+0000][1][safepoint    ] Total time for which application threads were stopped: 0.0000580 seconds, Stopping threads took: 0.0000072 seconds
[2019-12-09T03:05:17.054+0000][1][safepoint    ] Application time: 0.0000457 seconds
[2019-12-09T03:05:17.055+0000][1][safepoint    ] Entering safepoint region: RevokeBias
[2019-12-09T03:05:17.055+0000][1][safepoint    ] Leaving safepoint region
[2019-12-09T03:05:17.055+0000][1][safepoint    ] Total time for which application threads were stopped: 0.0000571 seconds, Stopping threads took: 0.0000073 seconds
[2019-12-09T03:05:17.055+0000][1][safepoint    ] Application time: 0.0000512 seconds
[2019-12-09T03:05:17.055+0000][1][safepoint    ] Entering safepoint region: RevokeBias
[2019-12-09T03:05:17.055+0000][1][safepoint    ] Leaving safepoint region
[2019-12-09T03:05:17.055+0000][1][safepoint    ] Total time for which application threads were stopped: 0.0000763 seconds, Stopping threads took: 0.0000073 seconds
[2019-12-09T03:05:17.055+0000][1][safepoint    ] Application time: 0.0000467 seconds
[2019-12-09T03:05:17.055+0000][1][safepoint    ] Entering safepoint region: RevokeBias
[2019-12-09T03:05:17.055+0000][1][safepoint    ] Leaving safepoint region
[2019-12-09T03:05:17.055+0000][1][safepoint    ] Total time for which application threads were stopped: 0.0000593 seconds, Stopping threads took: 0.0000075 seconds
[2019-12-09T03:05:17.055+0000][1][safepoint    ] Application time: 0.0000707 seconds
[2019-12-09T03:05:17.055+0000][1][safepoint    ] Entering safepoint region: RevokeBias
[2019-12-09T03:05:17.055+0000][1][safepoint    ] Leaving safepoint region
[2019-12-09T03:05:17.055+0000][1][safepoint    ] Total time for which application threads were stopped: 0.0000577 seconds, Stopping threads took: 0.0000076 seconds
[2019-12-09T03:05:17.055+0000][1][safepoint    ] Application time: 0.0000468 seconds
[2019-12-09T03:05:17.055+0000][1][safepoint    ] Entering safepoint region: RevokeBias
[2019-12-09T03:05:17.055+0000][1][safepoint    ] Leaving safepoint region
[2019-12-09T03:05:17.055+0000][1][safepoint    ] Total time for which application threads were stopped: 0.0000574 seconds, Stopping threads took: 0.0000076 seconds
[2019-12-09T03:05:17.055+0000][1][safepoint    ] Application time: 0.0002850 seconds
[2019-12-09T03:05:17.055+0000][1][safepoint    ] Entering safepoint region: RevokeBias
[2019-12-09T03:05:17.055+0000][1][safepoint    ] Leaving safepoint region
[2019-12-09T03:05:17.055+0000][1][safepoint    ] Total time for which application threads were stopped: 0.0000699 seconds, Stopping threads took: 0.0000081 seconds
[2019-12-09T03:05:17.056+0000][1][safepoint    ] Application time: 0.0000466 seconds
[2019-12-09T03:05:17.056+0000][1][safepoint    ] Entering safepoint region: RevokeBias
[2019-12-09T03:05:17.056+0000][1][safepoint    ] Leaving safepoint region
[2019-12-09T03:05:17.056+0000][1][safepoint    ] Total time for which application threads were stopped: 0.0000635 seconds, Stopping threads took: 0.0000133 seconds
[2019-12-09T03:05:17.063+0000][1][safepoint    ] Application time: 0.0071152 seconds
[2019-12-09T03:05:17.063+0000][1][safepoint    ] Entering safepoint region: RevokeBias
[2019-12-09T03:05:17.063+0000][1][safepoint    ] Leaving safepoint region
[2019-12-09T03:05:17.063+0000][1][safepoint    ] Total time for which application threads were stopped: 0.0001051 seconds, Stopping threads took: 0.0000129 seconds
[2019-12-09T03:05:17.063+0000][1][safepoint    ] Application time: 0.0000635 seconds
[2019-12-09T03:05:17.063+0000][1][safepoint    ] Entering safepoint region: RevokeBias
[2019-12-09T03:05:17.063+0000][1][safepoint    ] Leaving safepoint region
[2019-12-09T03:05:17.063+0000][1][safepoint    ] Total time for which application threads were stopped: 0.0000743 seconds, Stopping threads took: 0.0000088 seconds
[2019-12-09T03:05:17.763+0000][1][safepoint    ] Application time: 0.7002715 seconds
[2019-12-09T03:05:17.763+0000][1][safepoint    ] Entering safepoint region: RevokeBias
[2019-12-09T03:05:17.763+0000][1][safepoint    ] Leaving safepoint region
[2019-12-09T03:05:17.763+0000][1][safepoint    ] Total time for which application threads were stopped: 0.0000577 seconds, Stopping threads took: 0.0000116 seconds
[2019-12-09T03:05:18.237+0000][1][safepoint    ] Application time: 0.4738811 seconds
[2019-12-09T03:05:18.237+0000][1][safepoint    ] Entering safepoint region: Deoptimize
[2019-12-09T03:05:18.238+0000][1][safepoint    ] Leaving safepoint region
[2019-12-09T03:05:18.238+0000][1][safepoint    ] Total time for which application threads were stopped: 0.0004497 seconds, Stopping threads took: 0.0000139 seconds
[2019-12-09T03:05:19.240+0000][1][safepoint    ] Application time: 1.0019519 seconds
[2019-12-09T03:05:19.255+0000][1][safepoint    ] Entering safepoint region: Cleanup
[2019-12-09T03:05:19.255+0000][1][safepoint    ] Leaving safepoint region
[2019-12-09T03:05:19.255+0000][1][safepoint    ] Total time for which application threads were stopped: 0.0150842 seconds, Stopping threads took: 0.0149960 seconds
[2019-12-09T03:05:19.343+0000][1][safepoint    ] Application time: 0.0878930 seconds
[2019-12-09T03:05:19.343+0000][1][safepoint    ] Entering safepoint region: RevokeBias
[2019-12-09T03:05:19.343+0000][1][safepoint    ] Leaving safepoint region
[2019-12-09T03:05:19.343+0000][1][safepoint    ] Total time for which application threads were stopped: 0.0001163 seconds, Stopping threads took: 0.0000563 seconds
[2019-12-09T03:05:20.345+0000][1][safepoint    ] Application time: 1.0018215 seconds
[2019-12-09T03:05:20.356+0000][1][safepoint    ] Entering safepoint region: Cleanup
[2019-12-09T03:05:20.356+0000][1][safepoint    ] Leaving safepoint region
[2019-12-09T03:05:20.356+0000][1][safepoint    ] Total time for which application threads were stopped: 0.0110514 seconds, Stopping threads took: 0.0109956 seconds
[2019-12-09T03:05:20.768+0000][1][safepoint    ] Application time: 0.4124162 seconds
[2019-12-09T03:05:20.777+0000][1][safepoint    ] Entering safepoint region: GenCollectForAllocation
[2019-12-09T03:05:20.777+0000][1][gc,start     ] GC(1) Pause Young (Allocation Failure)
[2019-12-09T03:05:20.777+0000][1][gc,task      ] GC(1) Using 2 workers of 2 for evacuation
[2019-12-09T03:05:21.006+0000][1][gc,age       ] GC(1) Desired survivor size 4456448 bytes, new threshold 6 (max threshold 6)
[2019-12-09T03:05:21.006+0000][1][gc,age       ] GC(1) Age table with threshold 6 (max threshold 6)
[2019-12-09T03:05:21.006+0000][1][gc,age       ] GC(1) - age   1:    1220328 bytes,    1220328 total
[2019-12-09T03:05:21.006+0000][1][gc,heap      ] GC(1) ParNew: 76524K->4264K(78656K)
[2019-12-09T03:05:21.006+0000][1][gc,heap      ] GC(1) CMS: 0K->7025K(174784K)
[2019-12-09T03:05:21.006+0000][1][gc,metaspace ] GC(1) Metaspace: 14841K->14841K(1062912K)
[2019-12-09T03:05:21.006+0000][1][gc           ] GC(1) Pause Young (Allocation Failure) 74M->11M(247M) 229.191ms
[2019-12-09T03:05:21.006+0000][1][gc,cpu       ] GC(1) User=0.06s Sys=0.00s Real=0.23s
[2019-12-09T03:05:21.006+0000][1][safepoint    ] Leaving safepoint region
[2019-12-09T03:05:21.006+0000][1][safepoint    ] Total time for which application threads were stopped: 0.2378023 seconds, Stopping threads took: 0.0084793 seconds
[2019-12-09T03:05:21.007+0000][1][safepoint    ] Application time: 0.0007738 seconds
[2019-12-09T03:05:21.007+0000][1][safepoint    ] Entering safepoint region: BulkRevokeBias
[2019-12-09T03:05:21.007+0000][1][safepoint    ] Leaving safepoint region
[2019-12-09T03:05:21.007+0000][1][safepoint    ] Total time for which application threads were stopped: 0.0001546 seconds, Stopping threads took: 0.0000406 seconds
[2019-12-09T03:05:21.007+0000][1][safepoint    ] Application time: 0.0001215 seconds
[2019-12-09T03:05:21.007+0000][1][safepoint    ] Entering safepoint region: RevokeBias
[2019-12-09T03:05:21.007+0000][1][safepoint    ] Leaving safepoint region
[2019-12-09T03:05:21.007+0000][1][safepoint    ] Total time for which application threads were stopped: 0.0000425 seconds, Stopping threads took: 0.0000093 seconds
[2019-12-09T03:05:21.007+0000][1][safepoint    ] Application time: 0.0000669 seconds
[2019-12-09T03:05:21.007+0000][1][safepoint    ] Entering safepoint region: RevokeBias
[2019-12-09T03:05:21.007+0000][1][safepoint    ] Leaving safepoint region
[2019-12-09T03:05:21.007+0000][1][safepoint    ] Total time for which application threads were stopped: 0.0000367 seconds, Stopping threads took: 0.0000083 seconds
[2019-12-09T03:05:21.007+0000][1][safepoint    ] Application time: 0.0000501 seconds
[2019-12-09T03:05:21.007+0000][1][safepoint    ] Entering safepoint region: RevokeBias
[2019-12-09T03:05:21.007+0000][1][safepoint    ] Leaving safepoint region
[2019-12-09T03:05:21.007+0000][1][safepoint    ] Total time for which application threads were stopped: 0.0000353 seconds, Stopping threads took: 0.0000082 seconds
[2019-12-09T03:05:21.007+0000][1][safepoint    ] Application time: 0.0000538 seconds
[2019-12-09T03:05:21.007+0000][1][safepoint    ] Entering safepoint region: RevokeBias
[2019-12-09T03:05:21.008+0000][1][safepoint    ] Leaving safepoint region
[2019-12-09T03:05:21.008+0000][1][safepoint    ] Total time for which application threads were stopped: 0.0000365 seconds, Stopping threads took: 0.0000083 seconds
[2019-12-09T03:05:21.008+0000][1][safepoint    ] Application time: 0.0000509 seconds
[2019-12-09T03:05:21.008+0000][1][safepoint    ] Entering safepoint region: RevokeBias
[2019-12-09T03:05:21.008+0000][1][safepoint    ] Leaving safepoint region
[2019-12-09T03:05:21.008+0000][1][safepoint    ] Total time for which application threads were stopped: 0.0000343 seconds, Stopping threads took: 0.0000080 seconds
[2019-12-09T03:05:21.008+0000][1][safepoint    ] Application time: 0.0000753 seconds
[2019-12-09T03:05:21.008+0000][1][safepoint    ] Entering safepoint region: BulkRevokeBias
[2019-12-09T03:05:21.008+0000][1][safepoint    ] Leaving safepoint region
[2019-12-09T03:05:21.008+0000][1][safepoint    ] Total time for which application threads were stopped: 0.0000692 seconds, Stopping threads took: 0.0000088 seconds
[2019-12-09T03:05:21.008+0000][1][safepoint    ] Application time: 0.0000523 seconds
[2019-12-09T03:05:21.008+0000][1][safepoint    ] Entering safepoint region: RevokeBias
[2019-12-09T03:05:21.008+0000][1][safepoint    ] Leaving safepoint region
[2019-12-09T03:05:21.008+0000][1][safepoint    ] Total time for which application threads were stopped: 0.0000352 seconds, Stopping threads took: 0.0000083 seconds
[2019-12-09T03:05:21.008+0000][1][safepoint    ] Application time: 0.0000549 seconds
[2019-12-09T03:05:21.008+0000][1][safepoint    ] Entering safepoint region: BulkRevokeBias
[2019-12-09T03:05:21.008+0000][1][safepoint    ] Leaving safepoint region
[2019-12-09T03:05:21.008+0000][1][safepoint    ] Total time for which application threads were stopped: 0.0000552 seconds, Stopping threads took: 0.0000083 seconds
[2019-12-09T03:05:22.012+0000][1][safepoint    ] Application time: 1.0036622 seconds
[2019-12-09T03:05:22.034+0000][1][safepoint    ] Entering safepoint region: Cleanup
[2019-12-09T03:05:22.034+0000][1][safepoint    ] Leaving safepoint region
[2019-12-09T03:05:22.034+0000][1][safepoint    ] Total time for which application threads were stopped: 0.0221247 seconds, Stopping threads took: 0.0220559 seconds
[2019-12-09T03:05:22.289+0000][1][safepoint    ] Application time: 0.2553914 seconds
[2019-12-09T03:05:22.289+0000][1][safepoint    ] Entering safepoint region: GenCollectForAllocation
[2019-12-09T03:05:22.289+0000][1][gc,start     ] GC(2) Pause Young (Allocation Failure)
[2019-12-09T03:05:22.289+0000][1][gc,task      ] GC(2) Using 2 workers of 2 for evacuation
[2019-12-09T03:05:22.383+0000][1][gc,age       ] GC(2) Desired survivor size 4456448 bytes, new threshold 6 (max threshold 6)
[2019-12-09T03:05:22.383+0000][1][gc,age       ] GC(2) Age table with threshold 6 (max threshold 6)
[2019-12-09T03:05:22.383+0000][1][gc,age       ] GC(2) - age   1:    1106824 bytes,    1106824 total
[2019-12-09T03:05:22.383+0000][1][gc,age       ] GC(2) - age   2:     951280 bytes,    2058104 total
[2019-12-09T03:05:22.383+0000][1][gc,heap      ] GC(2) ParNew: 74216K->2346K(78656K)
[2019-12-09T03:05:22.383+0000][1][gc,heap      ] GC(2) CMS: 7025K->7025K(174784K)
[2019-12-09T03:05:22.383+0000][1][gc,metaspace ] GC(2) Metaspace: 14955K->14955K(1062912K)
[2019-12-09T03:05:22.383+0000][1][gc           ] GC(2) Pause Young (Allocation Failure) 79M->9M(247M) 93.509ms
[2019-12-09T03:05:22.383+0000][1][gc,cpu       ] GC(2) User=0.01s Sys=0.00s Real=0.09s
[2019-12-09T03:05:22.383+0000][1][safepoint    ] Leaving safepoint region
[2019-12-09T03:05:22.383+0000][1][safepoint    ] Total time for which application threads were stopped: 0.0936591 seconds, Stopping threads took: 0.0000332 seconds
[2019-12-09T03:05:22.393+0000][1][safepoint    ] Application time: 0.0098651 seconds
[2019-12-09T03:05:22.451+0000][1][safepoint    ] Entering safepoint region: RevokeBias
[2019-12-09T03:05:22.451+0000][1][safepoint    ] Leaving safepoint region
[2019-12-09T03:05:22.451+0000][1][safepoint    ] Total time for which application threads were stopped: 0.0580013 seconds, Stopping threads took: 0.0579273 seconds
[2019-12-09T03:05:22.451+0000][1][safepoint    ] Application time: 0.0000680 seconds
[2019-12-09T03:05:22.451+0000][1][safepoint    ] Entering safepoint region: RevokeBias
[2019-12-09T03:05:22.451+0000][1][safepoint    ] Leaving safepoint region
[2019-12-09T03:05:22.451+0000][1][safepoint    ] Total time for which application threads were stopped: 0.0000615 seconds, Stopping threads took: 0.0000085 seconds
[2019-12-09T03:05:22.451+0000][1][safepoint    ] Application time: 0.0000697 seconds
[2019-12-09T03:05:22.451+0000][1][safepoint    ] Entering safepoint region: RevokeBias
[2019-12-09T03:05:22.451+0000][1][safepoint    ] Leaving safepoint region
[2019-12-09T03:05:22.451+0000][1][safepoint    ] Total time for which application threads were stopped: 0.0000527 seconds, Stopping threads took: 0.0000077 seconds
[2019-12-09T03:05:22.451+0000][1][safepoint    ] Application time: 0.0000467 seconds
[2019-12-09T03:05:22.451+0000][1][safepoint    ] Entering safepoint region: RevokeBias
[2019-12-09T03:05:22.451+0000][1][safepoint    ] Leaving safepoint region
[2019-12-09T03:05:22.451+0000][1][safepoint    ] Total time for which application threads were stopped: 0.0000485 seconds, Stopping threads took: 0.0000069 seconds
[2019-12-09T03:05:22.451+0000][1][safepoint    ] Application time: 0.0000537 seconds
[2019-12-09T03:05:22.451+0000][1][safepoint    ] Entering safepoint region: RevokeBias
[2019-12-09T03:05:22.451+0000][1][safepoint    ] Leaving safepoint region
[2019-12-09T03:05:22.451+0000][1][safepoint    ] Total time for which application threads were stopped: 0.0000491 seconds, Stopping threads took: 0.0000074 seconds
[2019-12-09T03:05:22.451+0000][1][safepoint    ] Application time: 0.0000446 seconds
[2019-12-09T03:05:22.451+0000][1][safepoint    ] Entering safepoint region: RevokeBias
[2019-12-09T03:05:22.452+0000][1][safepoint    ] Leaving safepoint region
[2019-12-09T03:05:22.452+0000][1][safepoint    ] Total time for which application threads were stopped: 0.0000548 seconds, Stopping threads took: 0.0000167 seconds
[2019-12-09T03:05:22.452+0000][1][safepoint    ] Application time: 0.0000499 seconds
[2019-12-09T03:05:22.452+0000][1][safepoint    ] Entering safepoint region: RevokeBias
[2019-12-09T03:05:22.452+0000][1][safepoint    ] Leaving safepoint region
[2019-12-09T03:05:22.452+0000][1][safepoint    ] Total time for which application threads were stopped: 0.0000449 seconds, Stopping threads took: 0.0000066 seconds
[2019-12-09T03:05:22.452+0000][1][safepoint    ] Application time: 0.0000450 seconds
[2019-12-09T03:05:22.452+0000][1][safepoint    ] Entering safepoint region: RevokeBias
[2019-12-09T03:05:22.452+0000][1][safepoint    ] Leaving safepoint region
[2019-12-09T03:05:22.452+0000][1][safepoint    ] Total time for which application threads were stopped: 0.0000576 seconds, Stopping threads took: 0.0000125 seconds
[2019-12-09T03:05:22.452+0000][1][safepoint    ] Application time: 0.0000561 seconds
[2019-12-09T03:05:22.452+0000][1][safepoint    ] Entering safepoint region: RevokeBias
[2019-12-09T03:05:22.452+0000][1][safepoint    ] Leaving safepoint region
[2019-12-09T03:05:22.452+0000][1][safepoint    ] Total time for which application threads were stopped: 0.0000485 seconds, Stopping threads took: 0.0000072 seconds
[2019-12-09T03:05:22.452+0000][1][safepoint    ] Application time: 0.0000453 seconds
[2019-12-09T03:05:22.452+0000][1][safepoint    ] Entering safepoint region: RevokeBias
[2019-12-09T03:05:22.452+0000][1][safepoint    ] Leaving safepoint region
[2019-12-09T03:05:22.452+0000][1][safepoint    ] Total time for which application threads were stopped: 0.0000447 seconds, Stopping threads took: 0.0000069 seconds
[2019-12-09T03:05:22.452+0000][1][safepoint    ] Application time: 0.0000529 seconds
[2019-12-09T03:05:22.452+0000][1][safepoint    ] Entering safepoint region: RevokeBias
[2019-12-09T03:05:22.452+0000][1][safepoint    ] Leaving safepoint region
[2019-12-09T03:05:22.452+0000][1][safepoint    ] Total time for which application threads were stopped: 0.0000463 seconds, Stopping threads took: 0.0000075 seconds
[2019-12-09T03:05:22.452+0000][1][safepoint    ] Application time: 0.0000459 seconds
[2019-12-09T03:05:22.452+0000][1][safepoint    ] Entering safepoint region: RevokeBias
[2019-12-09T03:05:22.452+0000][1][safepoint    ] Leaving safepoint region
[2019-12-09T03:05:22.452+0000][1][safepoint    ] Total time for which application threads were stopped: 0.0000455 seconds, Stopping threads took: 0.0000067 seconds
[2019-12-09T03:05:22.452+0000][1][safepoint    ] Application time: 0.0000509 seconds
[2019-12-09T03:05:22.452+0000][1][safepoint    ] Entering safepoint region: RevokeBias
[2019-12-09T03:05:22.452+0000][1][safepoint    ] Leaving safepoint region
[2019-12-09T03:05:22.452+0000][1][safepoint    ] Total time for which application threads were stopped: 0.0000501 seconds, Stopping threads took: 0.0000072 seconds
[2019-12-09T03:05:22.452+0000][1][safepoint    ] Application time: 0.0000468 seconds
[2019-12-09T03:05:22.452+0000][1][safepoint    ] Entering safepoint region: RevokeBias
[2019-12-09T03:05:22.452+0000][1][safepoint    ] Leaving safepoint region
[2019-12-09T03:05:22.452+0000][1][safepoint    ] Total time for which application threads were stopped: 0.0000461 seconds, Stopping threads took: 0.0000068 seconds
[2019-12-09T03:05:22.452+0000][1][safepoint    ] Application time: 0.0000494 seconds
[2019-12-09T03:05:22.452+0000][1][safepoint    ] Entering safepoint region: RevokeBias
[2019-12-09T03:05:22.453+0000][1][safepoint    ] Leaving safepoint region
[2019-12-09T03:05:22.453+0000][1][safepoint    ] Total time for which application threads were stopped: 0.0000466 seconds, Stopping threads took: 0.0000072 seconds
[2019-12-09T03:05:22.453+0000][1][safepoint    ] Application time: 0.0000443 seconds
[2019-12-09T03:05:22.453+0000][1][safepoint    ] Entering safepoint region: RevokeBias
[2019-12-09T03:05:22.453+0000][1][safepoint    ] Leaving safepoint region
[2019-12-09T03:05:22.453+0000][1][safepoint    ] Total time for which application threads were stopped: 0.0000507 seconds, Stopping threads took: 0.0000133 seconds
[2019-12-09T03:05:22.453+0000][1][safepoint    ] Application time: 0.0000626 seconds
[2019-12-09T03:05:22.453+0000][1][safepoint    ] Entering safepoint region: RevokeBias
[2019-12-09T03:05:22.453+0000][1][safepoint    ] Leaving safepoint region
[2019-12-09T03:05:22.453+0000][1][safepoint    ] Total time for which application threads were stopped: 0.0000471 seconds, Stopping threads took: 0.0000075 seconds
[2019-12-09T03:05:22.453+0000][1][safepoint    ] Application time: 0.0000458 seconds
[2019-12-09T03:05:22.453+0000][1][safepoint    ] Entering safepoint region: RevokeBias
[2019-12-09T03:05:22.453+0000][1][safepoint    ] Leaving safepoint region
[2019-12-09T03:05:22.453+0000][1][safepoint    ] Total time for which application threads were stopped: 0.0000459 seconds, Stopping threads took: 0.0000074 seconds
[2019-12-09T03:05:23.372+0000][1][safepoint    ] Application time: 0.9189480 seconds
[2019-12-09T03:05:23.372+0000][1][safepoint    ] Entering safepoint region: Deoptimize
[2019-12-09T03:05:23.372+0000][1][safepoint    ] Leaving safepoint region
[2019-12-09T03:05:23.372+0000][1][safepoint    ] Total time for which application threads were stopped: 0.0004442 seconds, Stopping threads took: 0.0000133 seconds
[2019-12-09T03:05:23.374+0000][1][safepoint    ] Application time: 0.0014329 seconds
[2019-12-09T03:05:23.374+0000][1][safepoint    ] Entering safepoint region: Deoptimize
[2019-12-09T03:05:23.374+0000][1][safepoint    ] Leaving safepoint region
[2019-12-09T03:05:23.374+0000][1][safepoint    ] Total time for which application threads were stopped: 0.0003323 seconds, Stopping threads took: 0.0000116 seconds
[2019-12-09T03:05:24.375+0000][1][safepoint    ] Application time: 1.0006200 seconds
[2019-12-09T03:05:24.456+0000][1][safepoint    ] Entering safepoint region: Cleanup
[2019-12-09T03:05:24.457+0000][1][safepoint    ] Leaving safepoint region
[2019-12-09T03:05:24.457+0000][1][safepoint    ] Total time for which application threads were stopped: 0.0817695 seconds, Stopping threads took: 0.0816969 seconds
[2019-12-09T03:05:24.984+0000][1][safepoint    ] Application time: 0.5270150 seconds
[2019-12-09T03:05:24.984+0000][1][safepoint    ] Entering safepoint region: RevokeBias
[2019-12-09T03:05:24.984+0000][1][safepoint    ] Leaving safepoint region
[2019-12-09T03:05:24.984+0000][1][safepoint    ] Total time for which application threads were stopped: 0.0001174 seconds, Stopping threads took: 0.0000141 seconds
[2019-12-09T03:05:25.107+0000][1][safepoint    ] Application time: 0.1228225 seconds
[2019-12-09T03:05:25.107+0000][1][safepoint    ] Entering safepoint region: RevokeBias
[2019-12-09T03:05:25.107+0000][1][safepoint    ] Leaving safepoint region
[2019-12-09T03:05:25.107+0000][1][safepoint    ] Total time for which application threads were stopped: 0.0000883 seconds, Stopping threads took: 0.0000141 seconds
[2019-12-09T03:05:25.538+0000][1][safepoint    ] Application time: 0.4316385 seconds
[2019-12-09T03:05:25.538+0000][1][safepoint    ] Entering safepoint region: RevokeBias
[2019-12-09T03:05:25.538+0000][1][safepoint    ] Leaving safepoint region
[2019-12-09T03:05:25.538+0000][1][safepoint    ] Total time for which application threads were stopped: 0.0000728 seconds, Stopping threads took: 0.0000121 seconds
[2019-12-09T03:05:25.655+0000][1][safepoint    ] Application time: 0.1166135 seconds
[2019-12-09T03:05:25.655+0000][1][safepoint    ] Entering safepoint region: GenCollectForAllocation
[2019-12-09T03:05:25.655+0000][1][gc,start     ] GC(3) Pause Young (Allocation Failure)
[2019-12-09T03:05:25.655+0000][1][gc,task      ] GC(3) Using 2 workers of 2 for evacuation
[2019-12-09T03:05:25.788+0000][1][gc,age       ] GC(3) Desired survivor size 4456448 bytes, new threshold 3 (max threshold 6)
[2019-12-09T03:05:25.788+0000][1][gc,age       ] GC(3) Age table with threshold 3 (max threshold 6)
[2019-12-09T03:05:25.788+0000][1][gc,age       ] GC(3) - age   1:    3206432 bytes,    3206432 total
[2019-12-09T03:05:25.789+0000][1][gc,age       ] GC(3) - age   2:    1089456 bytes,    4295888 total
[2019-12-09T03:05:25.789+0000][1][gc,age       ] GC(3) - age   3:     949232 bytes,    5245120 total
[2019-12-09T03:05:25.789+0000][1][gc,heap      ] GC(3) ParNew: 72298K->5800K(78656K)
[2019-12-09T03:05:25.789+0000][1][gc,heap      ] GC(3) CMS: 7025K->7025K(174784K)
[2019-12-09T03:05:25.789+0000][1][gc,metaspace ] GC(3) Metaspace: 18503K->18503K(1067008K)
[2019-12-09T03:05:25.789+0000][1][gc           ] GC(3) Pause Young (Allocation Failure) 77M->12M(247M) 133.394ms
[2019-12-09T03:05:25.789+0000][1][gc,cpu       ] GC(3) User=0.01s Sys=0.00s Real=0.13s
[2019-12-09T03:05:25.789+0000][1][safepoint    ] Leaving safepoint region
[2019-12-09T03:05:25.789+0000][1][safepoint    ] Total time for which application threads were stopped: 0.1335198 seconds, Stopping threads took: 0.0000147 seconds
[2019-12-09T03:05:25.790+0000][1][safepoint    ] Application time: 0.0014478 seconds
[2019-12-09T03:05:25.790+0000][1][safepoint    ] Entering safepoint region: BulkRevokeBias
[2019-12-09T03:05:25.790+0000][1][safepoint    ] Leaving safepoint region
[2019-12-09T03:05:25.790+0000][1][safepoint    ] Total time for which application threads were stopped: 0.0003936 seconds, Stopping threads took: 0.0002315 seconds
[2019-12-09T03:05:25.791+0000][1][safepoint    ] Application time: 0.0006674 seconds
[2019-12-09T03:05:25.791+0000][1][safepoint    ] Entering safepoint region: RevokeBias
[2019-12-09T03:05:25.791+0000][1][safepoint    ] Leaving safepoint region
[2019-12-09T03:05:25.791+0000][1][safepoint    ] Total time for which application threads were stopped: 0.0000724 seconds, Stopping threads took: 0.0000095 seconds
[2019-12-09T03:05:25.791+0000][1][safepoint    ] Application time: 0.0001849 seconds
[2019-12-09T03:05:25.791+0000][1][safepoint    ] Entering safepoint region: RevokeBias
[2019-12-09T03:05:25.792+0000][1][safepoint    ] Leaving safepoint region
[2019-12-09T03:05:25.792+0000][1][safepoint    ] Total time for which application threads were stopped: 0.0000522 seconds, Stopping threads took: 0.0000075 seconds
[2019-12-09T03:05:25.792+0000][1][safepoint    ] Application time: 0.0000464 seconds
[2019-12-09T03:05:25.792+0000][1][safepoint    ] Entering safepoint region: RevokeBias
[2019-12-09T03:05:25.792+0000][1][safepoint    ] Leaving safepoint region
[2019-12-09T03:05:25.792+0000][1][safepoint    ] Total time for which application threads were stopped: 0.0000464 seconds, Stopping threads took: 0.0000067 seconds
[2019-12-09T03:05:25.792+0000][1][safepoint    ] Application time: 0.0000460 seconds
[2019-12-09T03:05:25.792+0000][1][safepoint    ] Entering safepoint region: RevokeBias
[2019-12-09T03:05:25.792+0000][1][safepoint    ] Leaving safepoint region
[2019-12-09T03:05:25.792+0000][1][safepoint    ] Total time for which application threads were stopped: 0.0000911 seconds, Stopping threads took: 0.0000451 seconds
[2019-12-09T03:05:25.809+0000][1][safepoint    ] Application time: 0.0170233 seconds
[2019-12-09T03:05:25.836+0000][1][safepoint    ] Entering safepoint region: RevokeBias
[2019-12-09T03:05:25.836+0000][1][safepoint    ] Leaving safepoint region
[2019-12-09T03:05:25.836+0000][1][safepoint    ] Total time for which application threads were stopped: 0.0269632 seconds, Stopping threads took: 0.0268888 seconds
[2019-12-09T03:05:26.119+0000][1][safepoint    ] Application time: 0.2829171 seconds
[2019-12-09T03:05:26.119+0000][1][safepoint    ] Entering safepoint region: RevokeBias
[2019-12-09T03:05:26.119+0000][1][safepoint    ] Leaving safepoint region
[2019-12-09T03:05:26.119+0000][1][safepoint    ] Total time for which application threads were stopped: 0.0000869 seconds, Stopping threads took: 0.0000126 seconds
[2019-12-09T03:05:26.187+0000][1][safepoint    ] Application time: 0.0678567 seconds
[2019-12-09T03:05:26.187+0000][1][safepoint    ] Entering safepoint region: RevokeBias
[2019-12-09T03:05:26.187+0000][1][safepoint    ] Leaving safepoint region
[2019-12-09T03:05:26.187+0000][1][safepoint    ] Total time for which application threads were stopped: 0.0000980 seconds, Stopping threads took: 0.0000241 seconds
[2019-12-09T03:05:26.202+0000][1][safepoint    ] Application time: 0.0148690 seconds
[2019-12-09T03:05:26.202+0000][1][safepoint    ] Entering safepoint region: RevokeBias
[2019-12-09T03:05:26.202+0000][1][safepoint    ] Leaving safepoint region
[2019-12-09T03:05:26.202+0000][1][safepoint    ] Total time for which application threads were stopped: 0.0000803 seconds, Stopping threads took: 0.0000140 seconds
[2019-12-09T03:05:26.649+0000][1][safepoint    ] Application time: 0.4475207 seconds
[2019-12-09T03:05:26.649+0000][1][safepoint    ] Entering safepoint region: RevokeBias
[2019-12-09T03:05:26.650+0000][1][safepoint    ] Leaving safepoint region
[2019-12-09T03:05:26.650+0000][1][safepoint    ] Total time for which application threads were stopped: 0.0001067 seconds, Stopping threads took: 0.0000324 seconds
[2019-12-09T03:05:26.674+0000][1][safepoint    ] Application time: 0.0247603 seconds
[2019-12-09T03:05:26.674+0000][1][safepoint    ] Entering safepoint region: RevokeBias
[2019-12-09T03:05:26.674+0000][1][safepoint    ] Leaving safepoint region
[2019-12-09T03:05:26.674+0000][1][safepoint    ] Total time for which application threads were stopped: 0.0000811 seconds, Stopping threads took: 0.0000127 seconds
[2019-12-09T03:05:26.901+0000][1][safepoint    ] Application time: 0.2270775 seconds
[2019-12-09T03:05:26.902+0000][1][safepoint    ] Entering safepoint region: GenCollectForAllocation
[2019-12-09T03:05:26.902+0000][1][gc,start     ] GC(4) Pause Young (Allocation Failure)
[2019-12-09T03:05:26.902+0000][1][gc,task      ] GC(4) Using 2 workers of 2 for evacuation
[2019-12-09T03:05:27.021+0000][1][gc,age       ] GC(4) Desired survivor size 4456448 bytes, new threshold 2 (max threshold 6)
[2019-12-09T03:05:27.021+0000][1][gc,age       ] GC(4) Age table with threshold 2 (max threshold 6)
[2019-12-09T03:05:27.021+0000][1][gc,age       ] GC(4) - age   1:    1882184 bytes,    1882184 total
[2019-12-09T03:05:27.021+0000][1][gc,age       ] GC(4) - age   2:    2646816 bytes,    4529000 total
[2019-12-09T03:05:27.021+0000][1][gc,age       ] GC(4) - age   3:    1089456 bytes,    5618456 total
[2019-12-09T03:05:27.021+0000][1][gc,heap      ] GC(4) ParNew: 75752K->6236K(78656K)
[2019-12-09T03:05:27.021+0000][1][gc,heap      ] GC(4) CMS: 7025K->7966K(174784K)
[2019-12-09T03:05:27.021+0000][1][gc,metaspace ] GC(4) Metaspace: 18720K->18720K(1067008K)
[2019-12-09T03:05:27.021+0000][1][gc           ] GC(4) Pause Young (Allocation Failure) 80M->13M(247M) 119.764ms
[2019-12-09T03:05:27.021+0000][1][gc,cpu       ] GC(4) User=0.03s Sys=0.00s Real=0.12s
[2019-12-09T03:05:27.021+0000][1][safepoint    ] Leaving safepoint region
[2019-12-09T03:05:27.021+0000][1][safepoint    ] Total time for which application threads were stopped: 0.1198861 seconds, Stopping threads took: 0.0000138 seconds
[2019-12-09T03:05:27.023+0000][1][safepoint    ] Application time: 0.0014186 seconds
[2019-12-09T03:05:27.023+0000][1][safepoint    ] Entering safepoint region: RevokeBias
[2019-12-09T03:05:27.023+0000][1][safepoint    ] Leaving safepoint region
[2019-12-09T03:05:27.023+0000][1][safepoint    ] Total time for which application threads were stopped: 0.0001172 seconds, Stopping threads took: 0.0000508 seconds
[2019-12-09T03:05:27.023+0000][1][safepoint    ] Application time: 0.0000653 seconds
[2019-12-09T03:05:27.023+0000][1][safepoint    ] Entering safepoint region: RevokeBias
[2019-12-09T03:05:27.023+0000][1][safepoint    ] Leaving safepoint region
[2019-12-09T03:05:27.023+0000][1][safepoint    ] Total time for which application threads were stopped: 0.0000514 seconds, Stopping threads took: 0.0000094 seconds
[2019-12-09T03:05:27.023+0000][1][safepoint    ] Application time: 0.0000610 seconds
[2019-12-09T03:05:27.023+0000][1][safepoint    ] Entering safepoint region: RevokeBias
[2019-12-09T03:05:27.023+0000][1][safepoint    ] Leaving safepoint region
[2019-12-09T03:05:27.023+0000][1][safepoint    ] Total time for which application threads were stopped: 0.0000529 seconds, Stopping threads took: 0.0000088 seconds
[2019-12-09T03:05:27.023+0000][1][safepoint    ] Application time: 0.0000592 seconds
[2019-12-09T03:05:27.023+0000][1][safepoint    ] Entering safepoint region: RevokeBias
[2019-12-09T03:05:27.023+0000][1][safepoint    ] Leaving safepoint region
[2019-12-09T03:05:27.023+0000][1][safepoint    ] Total time for which application threads were stopped: 0.0000378 seconds, Stopping threads took: 0.0000073 seconds
[2019-12-09T03:05:27.083+0000][1][safepoint    ] Application time: 0.0592754 seconds
[2019-12-09T03:05:27.083+0000][1][safepoint    ] Entering safepoint region: RevokeBias
[2019-12-09T03:05:27.083+0000][1][safepoint    ] Leaving safepoint region
[2019-12-09T03:05:27.083+0000][1][safepoint    ] Total time for which application threads were stopped: 0.0001016 seconds, Stopping threads took: 0.0000136 seconds
[2019-12-09T03:05:27.084+0000][1][safepoint    ] Application time: 0.0010394 seconds
[2019-12-09T03:05:27.084+0000][1][safepoint    ] Entering safepoint region: RevokeBias
[2019-12-09T03:05:27.084+0000][1][safepoint    ] Leaving safepoint region
[2019-12-09T03:05:27.084+0000][1][safepoint    ] Total time for which application threads were stopped: 0.0000715 seconds, Stopping threads took: 0.0000113 seconds
[2019-12-09T03:05:27.090+0000][1][safepoint    ] Application time: 0.0062659 seconds
[2019-12-09T03:05:27.090+0000][1][safepoint    ] Entering safepoint region: Deoptimize
[2019-12-09T03:05:27.091+0000][1][safepoint    ] Leaving safepoint region
[2019-12-09T03:05:27.091+0000][1][safepoint    ] Total time for which application threads were stopped: 0.0003913 seconds, Stopping threads took: 0.0000089 seconds
[2019-12-09T03:05:27.456+0000][1][safepoint    ] Application time: 0.3652642 seconds
[2019-12-09T03:05:27.456+0000][1][safepoint    ] Entering safepoint region: Deoptimize
[2019-12-09T03:05:27.456+0000][1][safepoint    ] Leaving safepoint region
[2019-12-09T03:05:27.456+0000][1][safepoint    ] Total time for which application threads were stopped: 0.0004149 seconds, Stopping threads took: 0.0000145 seconds
[2019-12-09T03:05:28.544+0000][1][safepoint    ] Application time: 1.0872200 seconds
[2019-12-09T03:05:28.544+0000][1][safepoint    ] Entering safepoint region: GenCollectForAllocation
[2019-12-09T03:05:28.544+0000][1][gc,start     ] GC(5) Pause Young (Allocation Failure)
[2019-12-09T03:05:28.544+0000][1][gc,task      ] GC(5) Using 2 workers of 2 for evacuation
[2019-12-09T03:05:28.655+0000][1][gc,age       ] GC(5) Desired survivor size 4456448 bytes, new threshold 6 (max threshold 6)
[2019-12-09T03:05:28.655+0000][1][gc,age       ] GC(5) Age table with threshold 6 (max threshold 6)
[2019-12-09T03:05:28.655+0000][1][gc,age       ] GC(5) - age   1:    2846640 bytes,    2846640 total
[2019-12-09T03:05:28.655+0000][1][gc,age       ] GC(5) - age   2:     442776 bytes,    3289416 total
[2019-12-09T03:05:28.655+0000][1][gc,heap      ] GC(5) ParNew: 76188K->5154K(78656K)
[2019-12-09T03:05:28.655+0000][1][gc,heap      ] GC(5) CMS: 7966K->11645K(174784K)
[2019-12-09T03:05:28.655+0000][1][gc,metaspace ] GC(5) Metaspace: 19056K->19056K(1067008K)
[2019-12-09T03:05:28.655+0000][1][gc           ] GC(5) Pause Young (Allocation Failure) 82M->16M(247M) 111.425ms
[2019-12-09T03:05:28.655+0000][1][gc,cpu       ] GC(5) User=0.02s Sys=0.00s Real=0.12s
[2019-12-09T03:05:28.655+0000][1][safepoint    ] Leaving safepoint region
[2019-12-09T03:05:28.655+0000][1][safepoint    ] Total time for which application threads were stopped: 0.1115790 seconds, Stopping threads took: 0.0000149 seconds
[2019-12-09T03:05:28.657+0000][1][safepoint    ] Application time: 0.0016660 seconds
[2019-12-09T03:05:28.663+0000][1][safepoint    ] Entering safepoint region: RevokeBias
[2019-12-09T03:05:28.663+0000][1][safepoint    ] Leaving safepoint region
[2019-12-09T03:05:28.663+0000][1][safepoint    ] Total time for which application threads were stopped: 0.0060539 seconds, Stopping threads took: 0.0059580 seconds
[2019-12-09T03:05:28.663+0000][1][safepoint    ] Application time: 0.0000734 seconds
[2019-12-09T03:05:28.663+0000][1][safepoint    ] Entering safepoint region: RevokeBias
[2019-12-09T03:05:28.663+0000][1][safepoint    ] Leaving safepoint region
[2019-12-09T03:05:28.663+0000][1][safepoint    ] Total time for which application threads were stopped: 0.0000723 seconds, Stopping threads took: 0.0000099 seconds
[2019-12-09T03:05:28.663+0000][1][safepoint    ] Application time: 0.0000625 seconds
[2019-12-09T03:05:28.663+0000][1][safepoint    ] Entering safepoint region: RevokeBias
[2019-12-09T03:05:28.663+0000][1][safepoint    ] Leaving safepoint region
[2019-12-09T03:05:28.663+0000][1][safepoint    ] Total time for which application threads were stopped: 0.0000654 seconds, Stopping threads took: 0.0000089 seconds
[2019-12-09T03:05:28.663+0000][1][safepoint    ] Application time: 0.0000540 seconds
[2019-12-09T03:05:28.663+0000][1][safepoint    ] Entering safepoint region: RevokeBias
[2019-12-09T03:05:28.663+0000][1][safepoint    ] Leaving safepoint region
[2019-12-09T03:05:28.663+0000][1][safepoint    ] Total time for which application threads were stopped: 0.0000573 seconds, Stopping threads took: 0.0000082 seconds
[2019-12-09T03:05:28.663+0000][1][safepoint    ] Application time: 0.0000583 seconds
[2019-12-09T03:05:28.663+0000][1][safepoint    ] Entering safepoint region: RevokeBias
[2019-12-09T03:05:28.663+0000][1][safepoint    ] Leaving safepoint region
[2019-12-09T03:05:28.664+0000][1][safepoint    ] Total time for which application threads were stopped: 0.0000598 seconds, Stopping threads took: 0.0000083 seconds
[2019-12-09T03:05:28.664+0000][1][safepoint    ] Application time: 0.0000535 seconds
[2019-12-09T03:05:28.664+0000][1][safepoint    ] Entering safepoint region: RevokeBias
[2019-12-09T03:05:28.664+0000][1][safepoint    ] Leaving safepoint region
[2019-12-09T03:05:28.664+0000][1][safepoint    ] Total time for which application threads were stopped: 0.0000583 seconds, Stopping threads took: 0.0000078 seconds
[2019-12-09T03:05:29.627+0000][1][safepoint    ] Application time: 0.9630207 seconds
[2019-12-09T03:05:29.627+0000][1][safepoint    ] Entering safepoint region: RevokeBias
[2019-12-09T03:05:29.627+0000][1][safepoint    ] Leaving safepoint region
[2019-12-09T03:05:29.627+0000][1][safepoint    ] Total time for which application threads were stopped: 0.0000768 seconds, Stopping threads took: 0.0000144 seconds
[2019-12-09T03:05:29.643+0000][1][safepoint    ] Application time: 0.0166950 seconds
[2019-12-09T03:05:29.644+0000][1][safepoint    ] Entering safepoint region: RevokeBias
[2019-12-09T03:05:29.644+0000][1][safepoint    ] Leaving safepoint region
[2019-12-09T03:05:29.644+0000][1][safepoint    ] Total time for which application threads were stopped: 0.0000581 seconds, Stopping threads took: 0.0000120 seconds
[2019-12-09T03:05:29.824+0000][1][safepoint    ] Application time: 0.1802563 seconds
[2019-12-09T03:05:29.824+0000][1][safepoint    ] Entering safepoint region: GenCollectForAllocation
[2019-12-09T03:05:29.824+0000][1][gc,start     ] GC(6) Pause Young (Allocation Failure)
[2019-12-09T03:05:29.824+0000][1][gc,task      ] GC(6) Using 2 workers of 2 for evacuation
[2019-12-09T03:05:29.878+0000][1][gc,age       ] GC(6) Desired survivor size 4456448 bytes, new threshold 6 (max threshold 6)
[2019-12-09T03:05:29.878+0000][1][gc,age       ] GC(6) Age table with threshold 6 (max threshold 6)
[2019-12-09T03:05:29.878+0000][1][gc,age       ] GC(6) - age   1:    1417136 bytes,    1417136 total
[2019-12-09T03:05:29.878+0000][1][gc,age       ] GC(6) - age   2:    2191320 bytes,    3608456 total
[2019-12-09T03:05:29.878+0000][1][gc,age       ] GC(6) - age   3:     442776 bytes,    4051232 total
[2019-12-09T03:05:29.878+0000][1][gc,heap      ] GC(6) ParNew: 75106K->5546K(78656K)
[2019-12-09T03:05:29.878+0000][1][gc,heap      ] GC(6) CMS: 11645K->11645K(174784K)
[2019-12-09T03:05:29.878+0000][1][gc,metaspace ] GC(6) Metaspace: 19356K->19356K(1067008K)
[2019-12-09T03:05:29.878+0000][1][gc           ] GC(6) Pause Young (Allocation Failure) 84M->16M(247M) 54.026ms
[2019-12-09T03:05:29.878+0000][1][gc,cpu       ] GC(6) User=0.03s Sys=0.00s Real=0.06s
[2019-12-09T03:05:29.878+0000][1][safepoint    ] Leaving safepoint region
[2019-12-09T03:05:29.878+0000][1][safepoint    ] Total time for which application threads were stopped: 0.0541615 seconds, Stopping threads took: 0.0000140 seconds
[2019-12-09T03:05:29.887+0000][1][safepoint    ] Application time: 0.0086879 seconds
[2019-12-09T03:05:29.920+0000][1][safepoint    ] Entering safepoint region: RevokeBias
[2019-12-09T03:05:29.920+0000][1][safepoint    ] Leaving safepoint region
[2019-12-09T03:05:29.920+0000][1][safepoint    ] Total time for which application threads were stopped: 0.0331550 seconds, Stopping threads took: 0.0330692 seconds
[2019-12-09T03:05:29.930+0000][1][safepoint    ] Application time: 0.0098023 seconds
[2019-12-09T03:05:29.958+0000][1][safepoint    ] Entering safepoint region: RevokeBias
[2019-12-09T03:05:29.958+0000][1][safepoint    ] Leaving safepoint region
[2019-12-09T03:05:29.958+0000][1][safepoint    ] Total time for which application threads were stopped: 0.0283018 seconds, Stopping threads took: 0.0281823 seconds
[2019-12-09T03:05:29.960+0000][1][safepoint    ] Application time: 0.0016706 seconds
[2019-12-09T03:05:29.960+0000][1][safepoint    ] Entering safepoint region: BulkRevokeBias
[2019-12-09T03:05:29.960+0000][1][safepoint    ] Leaving safepoint region
[2019-12-09T03:05:29.960+0000][1][safepoint    ] Total time for which application threads were stopped: 0.0001526 seconds, Stopping threads took: 0.0000513 seconds
[2019-12-09T03:05:29.960+0000][1][safepoint    ] Application time: 0.0000534 seconds
[2019-12-09T03:05:29.960+0000][1][safepoint    ] Entering safepoint region: BulkRevokeBias
[2019-12-09T03:05:29.960+0000][1][safepoint    ] Leaving safepoint region
[2019-12-09T03:05:29.960+0000][1][safepoint    ] Total time for which application threads were stopped: 0.0000675 seconds, Stopping threads took: 0.0000087 seconds
[2019-12-09T03:05:30.814+0000][1][safepoint    ] Application time: 0.8536321 seconds
[2019-12-09T03:05:30.814+0000][1][safepoint    ] Entering safepoint region: GenCollectForAllocation
[2019-12-09T03:05:30.814+0000][1][gc,start     ] GC(7) Pause Young (Allocation Failure)
[2019-12-09T03:05:30.814+0000][1][gc,task      ] GC(7) Using 2 workers of 2 for evacuation
[2019-12-09T03:05:30.890+0000][1][gc,age       ] GC(7) Desired survivor size 4456448 bytes, new threshold 6 (max threshold 6)
[2019-12-09T03:05:30.890+0000][1][gc,age       ] GC(7) Age table with threshold 6 (max threshold 6)
[2019-12-09T03:05:30.890+0000][1][gc,age       ] GC(7) - age   1:     378208 bytes,     378208 total
[2019-12-09T03:05:30.890+0000][1][gc,age       ] GC(7) - age   2:    1128824 bytes,    1507032 total
[2019-12-09T03:05:30.890+0000][1][gc,age       ] GC(7) - age   3:    2191240 bytes,    3698272 total
[2019-12-09T03:05:30.890+0000][1][gc,age       ] GC(7) - age   4:     442776 bytes,    4141048 total
[2019-12-09T03:05:30.890+0000][1][gc,heap      ] GC(7) ParNew: 75498K->5837K(78656K)
[2019-12-09T03:05:30.890+0000][1][gc,heap      ] GC(7) CMS: 11645K->11645K(174784K)
[2019-12-09T03:05:30.890+0000][1][gc,metaspace ] GC(7) Metaspace: 19633K->19633K(1067008K)
[2019-12-09T03:05:30.890+0000][1][gc           ] GC(7) Pause Young (Allocation Failure) 85M->17M(247M) 76.157ms
[2019-12-09T03:05:30.890+0000][1][gc,cpu       ] GC(7) User=0.02s Sys=0.00s Real=0.08s
[2019-12-09T03:05:30.890+0000][1][safepoint    ] Leaving safepoint region
[2019-12-09T03:05:30.890+0000][1][safepoint    ] Total time for which application threads were stopped: 0.0762895 seconds, Stopping threads took: 0.0000125 seconds
[2019-12-09T03:05:31.697+0000][1][safepoint    ] Application time: 0.8066713 seconds
[2019-12-09T03:05:31.697+0000][1][safepoint    ] Entering safepoint region: CollectForMetadataAllocation
[2019-12-09T03:05:31.697+0000][1][safepoint    ] Leaving safepoint region
[2019-12-09T03:05:31.697+0000][1][safepoint    ] Total time for which application threads were stopped: 0.0002588 seconds, Stopping threads took: 0.0000141 seconds
[2019-12-09T03:05:31.949+0000][1][safepoint    ] Application time: 0.2520524 seconds
[2019-12-09T03:05:31.949+0000][1][safepoint    ] Entering safepoint region: CollectForMetadataAllocation
[2019-12-09T03:05:31.949+0000][1][safepoint    ] Leaving safepoint region
[2019-12-09T03:05:31.949+0000][1][safepoint    ] Total time for which application threads were stopped: 0.0002409 seconds, Stopping threads took: 0.0000146 seconds
[2019-12-09T03:05:32.049+0000][1][safepoint    ] Application time: 0.0996343 seconds
[2019-12-09T03:05:32.051+0000][1][safepoint    ] Entering safepoint region: RevokeBias
[2019-12-09T03:05:32.051+0000][1][safepoint    ] Leaving safepoint region
[2019-12-09T03:05:32.051+0000][1][safepoint    ] Total time for which application threads were stopped: 0.0017616 seconds, Stopping threads took: 0.0016937 seconds
[2019-12-09T03:05:32.052+0000][1][safepoint    ] Application time: 0.0016281 seconds
[2019-12-09T03:05:32.052+0000][1][safepoint    ] Entering safepoint region: RevokeBias
[2019-12-09T03:05:32.053+0000][1][safepoint    ] Leaving safepoint region
[2019-12-09T03:05:32.053+0000][1][safepoint    ] Total time for which application threads were stopped: 0.0000714 seconds, Stopping threads took: 0.0000113 seconds
[2019-12-09T03:05:32.054+0000][1][safepoint    ] Application time: 0.0010269 seconds
[2019-12-09T03:05:32.054+0000][1][safepoint    ] Entering safepoint region: RevokeBias
[2019-12-09T03:05:32.054+0000][1][safepoint    ] Leaving safepoint region
[2019-12-09T03:05:32.054+0000][1][safepoint    ] Total time for which application threads were stopped: 0.0000690 seconds, Stopping threads took: 0.0000149 seconds
[2019-12-09T03:05:32.098+0000][1][safepoint    ] Application time: 0.0438558 seconds
[2019-12-09T03:05:32.098+0000][1][safepoint    ] Entering safepoint region: RevokeBias
[2019-12-09T03:05:32.098+0000][1][safepoint    ] Leaving safepoint region
[2019-12-09T03:05:32.098+0000][1][safepoint    ] Total time for which application threads were stopped: 0.0000736 seconds, Stopping threads took: 0.0000126 seconds
[2019-12-09T03:05:32.119+0000][1][safepoint    ] Application time: 0.0209016 seconds
[2019-12-09T03:05:32.119+0000][1][safepoint    ] Entering safepoint region: RevokeBias
[2019-12-09T03:05:32.119+0000][1][safepoint    ] Leaving safepoint region
[2019-12-09T03:05:32.119+0000][1][safepoint    ] Total time for which application threads were stopped: 0.0000700 seconds, Stopping threads took: 0.0000121 seconds
[2019-12-09T03:05:32.147+0000][1][safepoint    ] Application time: 0.0283938 seconds
[2019-12-09T03:05:32.147+0000][1][safepoint    ] Entering safepoint region: RevokeBias
[2019-12-09T03:05:32.147+0000][1][safepoint    ] Leaving safepoint region
[2019-12-09T03:05:32.147+0000][1][safepoint    ] Total time for which application threads were stopped: 0.0000773 seconds, Stopping threads took: 0.0000125 seconds
[2019-12-09T03:05:32.148+0000][1][safepoint    ] Application time: 0.0007065 seconds
[2019-12-09T03:05:32.148+0000][1][safepoint    ] Entering safepoint region: RevokeBias
[2019-12-09T03:05:32.148+0000][1][safepoint    ] Leaving safepoint region
[2019-12-09T03:05:32.148+0000][1][safepoint    ] Total time for which application threads were stopped: 0.0000678 seconds, Stopping threads took: 0.0000109 seconds
[2019-12-09T03:05:32.211+0000][1][safepoint    ] Application time: 0.0627577 seconds
[2019-12-09T03:05:32.211+0000][1][safepoint    ] Entering safepoint region: RevokeBias
[2019-12-09T03:05:32.211+0000][1][safepoint    ] Leaving safepoint region
[2019-12-09T03:05:32.211+0000][1][safepoint    ] Total time for which application threads were stopped: 0.0000791 seconds, Stopping threads took: 0.0000138 seconds
[2019-12-09T03:05:32.468+0000][1][safepoint    ] Application time: 0.2568959 seconds
[2019-12-09T03:05:32.468+0000][1][safepoint    ] Entering safepoint region: RevokeBias
[2019-12-09T03:05:32.468+0000][1][safepoint    ] Leaving safepoint region
[2019-12-09T03:05:32.468+0000][1][safepoint    ] Total time for which application threads were stopped: 0.0000723 seconds, Stopping threads took: 0.0000129 seconds
[2019-12-09T03:05:32.484+0000][1][safepoint    ] Application time: 0.0166022 seconds
[2019-12-09T03:05:32.484+0000][1][safepoint    ] Entering safepoint region: RevokeBias
[2019-12-09T03:05:32.485+0000][1][safepoint    ] Leaving safepoint region
[2019-12-09T03:05:32.485+0000][1][safepoint    ] Total time for which application threads were stopped: 0.0000674 seconds, Stopping threads took: 0.0000125 seconds
[2019-12-09T03:05:32.485+0000][1][safepoint    ] Application time: 0.0004502 seconds
[2019-12-09T03:05:32.485+0000][1][safepoint    ] Entering safepoint region: RevokeBias
[2019-12-09T03:05:32.485+0000][1][safepoint    ] Leaving safepoint region
[2019-12-09T03:05:32.485+0000][1][safepoint    ] Total time for which application threads were stopped: 0.0000853 seconds, Stopping threads took: 0.0000100 seconds
[2019-12-09T03:05:32.502+0000][1][safepoint    ] Application time: 0.0163732 seconds
[2019-12-09T03:05:32.502+0000][1][safepoint    ] Entering safepoint region: RevokeBias
[2019-12-09T03:05:32.502+0000][1][safepoint    ] Leaving safepoint region
[2019-12-09T03:05:32.502+0000][1][safepoint    ] Total time for which application threads were stopped: 0.0000698 seconds, Stopping threads took: 0.0000139 seconds
[2019-12-09T03:05:32.508+0000][1][safepoint    ] Application time: 0.0065950 seconds
[2019-12-09T03:05:32.508+0000][1][safepoint    ] Entering safepoint region: RevokeBias
[2019-12-09T03:05:32.508+0000][1][safepoint    ] Leaving safepoint region
[2019-12-09T03:05:32.508+0000][1][safepoint    ] Total time for which application threads were stopped: 0.0000583 seconds, Stopping threads took: 0.0000109 seconds
[2019-12-09T03:05:32.509+0000][1][safepoint    ] Application time: 0.0004176 seconds
[2019-12-09T03:05:32.509+0000][1][safepoint    ] Entering safepoint region: RevokeBias
[2019-12-09T03:05:32.509+0000][1][safepoint    ] Leaving safepoint region
[2019-12-09T03:05:32.509+0000][1][safepoint    ] Total time for which application threads were stopped: 0.0000503 seconds, Stopping threads took: 0.0000103 seconds
[2019-12-09T03:05:32.509+0000][1][safepoint    ] Application time: 0.0004915 seconds
[2019-12-09T03:05:32.509+0000][1][safepoint    ] Entering safepoint region: RevokeBias
[2019-12-09T03:05:32.509+0000][1][safepoint    ] Leaving safepoint region
[2019-12-09T03:05:32.509+0000][1][safepoint    ] Total time for which application threads were stopped: 0.0000443 seconds, Stopping threads took: 0.0000097 seconds
[2019-12-09T03:05:32.510+0000][1][safepoint    ] Application time: 0.0006442 seconds
[2019-12-09T03:05:32.510+0000][1][safepoint    ] Entering safepoint region: RevokeBias
[2019-12-09T03:05:32.510+0000][1][safepoint    ] Leaving safepoint region
[2019-12-09T03:05:32.510+0000][1][safepoint    ] Total time for which application threads were stopped: 0.0000447 seconds, Stopping threads took: 0.0000090 seconds
[2019-12-09T03:05:32.545+0000][1][safepoint    ] Application time: 0.0350023 seconds
[2019-12-09T03:05:32.545+0000][1][safepoint    ] Entering safepoint region: RevokeBias
[2019-12-09T03:05:32.545+0000][1][safepoint    ] Leaving safepoint region
[2019-12-09T03:05:32.545+0000][1][safepoint    ] Total time for which application threads were stopped: 0.0000553 seconds, Stopping threads took: 0.0000111 seconds
[2019-12-09T03:05:32.546+0000][1][safepoint    ] Application time: 0.0005064 seconds
[2019-12-09T03:05:32.546+0000][1][safepoint    ] Entering safepoint region: RevokeBias
[2019-12-09T03:05:32.546+0000][1][safepoint    ] Leaving safepoint region
[2019-12-09T03:05:32.546+0000][1][safepoint    ] Total time for which application threads were stopped: 0.0000514 seconds, Stopping threads took: 0.0000109 seconds
[2019-12-09T03:05:32.730+0000][1][safepoint    ] Application time: 0.1837570 seconds
[2019-12-09T03:05:32.730+0000][1][safepoint    ] Entering safepoint region: RevokeBias
[2019-12-09T03:05:32.730+0000][1][safepoint    ] Leaving safepoint region
[2019-12-09T03:05:32.730+0000][1][safepoint    ] Total time for which application threads were stopped: 0.0000720 seconds, Stopping threads took: 0.0000140 seconds
[2019-12-09T03:05:32.865+0000][1][safepoint    ] Application time: 0.1349595 seconds
[2019-12-09T03:05:32.865+0000][1][safepoint    ] Entering safepoint region: GenCollectForAllocation
[2019-12-09T03:05:32.865+0000][1][gc,start     ] GC(8) Pause Young (Allocation Failure)
[2019-12-09T03:05:32.865+0000][1][gc,task      ] GC(8) Using 2 workers of 2 for evacuation
[2019-12-09T03:05:32.984+0000][1][gc,age       ] GC(8) Desired survivor size 4456448 bytes, new threshold 4 (max threshold 6)
[2019-12-09T03:05:32.984+0000][1][gc,age       ] GC(8) Age table with threshold 4 (max threshold 6)
[2019-12-09T03:05:32.984+0000][1][gc,age       ] GC(8) - age   1:     819312 bytes,     819312 total
[2019-12-09T03:05:32.984+0000][1][gc,age       ] GC(8) - age   2:     360760 bytes,    1180072 total
[2019-12-09T03:05:32.984+0000][1][gc,age       ] GC(8) - age   3:    1128680 bytes,    2308752 total
[2019-12-09T03:05:32.984+0000][1][gc,age       ] GC(8) - age   4:    2189024 bytes,    4497776 total
[2019-12-09T03:05:32.984+0000][1][gc,age       ] GC(8) - age   5:     442776 bytes,    4940552 total
[2019-12-09T03:05:32.984+0000][1][gc,heap      ] GC(8) ParNew: 75789K->6008K(78656K)
[2019-12-09T03:05:32.984+0000][1][gc,heap      ] GC(8) CMS: 11645K->11645K(174784K)
[2019-12-09T03:05:32.984+0000][1][gc,metaspace ] GC(8) Metaspace: 20437K->20437K(1069056K)
[2019-12-09T03:05:32.984+0000][1][gc           ] GC(8) Pause Young (Allocation Failure) 85M->17M(247M) 119.360ms
[2019-12-09T03:05:32.984+0000][1][gc,cpu       ] GC(8) User=0.01s Sys=0.00s Real=0.11s
[2019-12-09T03:05:32.984+0000][1][safepoint    ] Leaving safepoint region
[2019-12-09T03:05:32.984+0000][1][safepoint    ] Total time for which application threads were stopped: 0.1195066 seconds, Stopping threads took: 0.0000172 seconds
[2019-12-09T03:05:32.985+0000][1][safepoint    ] Application time: 0.0006721 seconds
[2019-12-09T03:05:32.985+0000][1][safepoint    ] Entering safepoint region: CMS_Initial_Mark
[2019-12-09T03:05:32.985+0000][1][gc,start     ] GC(9) Pause Initial Mark
[2019-12-09T03:05:32.992+0000][1][gc           ] GC(9) Pause Initial Mark 18M->18M(247M) 6.780ms
[2019-12-09T03:05:32.992+0000][1][gc,cpu       ] GC(9) User=0.00s Sys=0.00s Real=0.00s
[2019-12-09T03:05:32.992+0000][1][safepoint    ] Leaving safepoint region
[2019-12-09T03:05:32.992+0000][1][safepoint    ] Total time for which application threads were stopped: 0.0069329 seconds, Stopping threads took: 0.0000569 seconds
[2019-12-09T03:05:32.992+0000][1][gc           ] GC(9) Concurrent Mark
[2019-12-09T03:05:33.134+0000][1][gc           ] GC(9) Concurrent Mark 142.490ms
[2019-12-09T03:05:33.134+0000][1][gc,cpu       ] GC(9) User=0.04s Sys=0.00s Real=0.14s
[2019-12-09T03:05:33.134+0000][1][gc           ] GC(9) Concurrent Preclean
[2019-12-09T03:05:33.135+0000][1][gc           ] GC(9) Concurrent Preclean 0.411ms
[2019-12-09T03:05:33.135+0000][1][gc,cpu       ] GC(9) User=0.00s Sys=0.00s Real=0.01s
[2019-12-09T03:05:33.135+0000][1][gc           ] GC(9) Concurrent Abortable Preclean
[2019-12-09T03:05:34.021+0000][1][safepoint    ] Application time: 1.0295509 seconds
[2019-12-09T03:05:34.034+0000][1][safepoint    ] Entering safepoint region: Cleanup
[2019-12-09T03:05:34.034+0000][1][safepoint    ] Leaving safepoint region
[2019-12-09T03:05:34.034+0000][1][safepoint    ] Total time for which application threads were stopped: 0.0124168 seconds, Stopping threads took: 0.0123762 seconds
[2019-12-09T03:05:34.463+0000][1][safepoint    ] Application time: 0.4289341 seconds
[2019-12-09T03:05:34.463+0000][1][safepoint    ] Entering safepoint region: GenCollectForAllocation
[2019-12-09T03:05:34.463+0000][1][gc,start     ] GC(10) Pause Young (Allocation Failure)
[2019-12-09T03:05:34.463+0000][1][gc,task      ] GC(10) Using 2 workers of 2 for evacuation
[2019-12-09T03:05:34.641+0000][1][gc,age       ] GC(10) Desired survivor size 4456448 bytes, new threshold 6 (max threshold 6)
[2019-12-09T03:05:34.641+0000][1][gc,age       ] GC(10) Age table with threshold 6 (max threshold 6)
[2019-12-09T03:05:34.641+0000][1][gc,age       ] GC(10) - age   1:     902712 bytes,     902712 total
[2019-12-09T03:05:34.641+0000][1][gc,age       ] GC(10) - age   2:     650256 bytes,    1552968 total
[2019-12-09T03:05:34.641+0000][1][gc,age       ] GC(10) - age   3:     360760 bytes,    1913728 total
[2019-12-09T03:05:34.641+0000][1][gc,age       ] GC(10) - age   4:    1128680 bytes,    3042408 total
[2019-12-09T03:05:34.641+0000][1][gc,heap      ] GC(10) ParNew: 75960K->4620K(78656K)
[2019-12-09T03:05:34.641+0000][1][gc,heap      ] GC(10) CMS: 11645K->14233K(174784K)
[2019-12-09T03:05:34.641+0000][1][gc,metaspace ] GC(10) Metaspace: 20543K->20543K(1069056K)
[2019-12-09T03:05:34.641+0000][1][gc           ] GC(10) Pause Young (Allocation Failure) 85M->18M(247M) 178.046ms
[2019-12-09T03:05:34.641+0000][1][gc,cpu       ] GC(10) User=0.03s Sys=0.00s Real=0.18s
[2019-12-09T03:05:34.641+0000][1][safepoint    ] Leaving safepoint region
[2019-12-09T03:05:34.641+0000][1][safepoint    ] Total time for which application threads were stopped: 0.1781732 seconds, Stopping threads took: 0.0000161 seconds
[2019-12-09T03:05:35.382+0000][1][gc           ] GC(9) Concurrent Abortable Preclean 2246.898ms
[2019-12-09T03:05:35.382+0000][1][gc,cpu       ] GC(9) User=0.53s Sys=0.01s Real=2.24s
[2019-12-09T03:05:35.382+0000][1][safepoint    ] Application time: 0.7408667 seconds
[2019-12-09T03:05:35.432+0000][1][safepoint    ] Entering safepoint region: CMS_Final_Remark
[2019-12-09T03:05:35.432+0000][1][gc,start     ] GC(9) Pause Remark
[2019-12-09T03:05:35.478+0000][1][gc           ] GC(9) Pause Remark 56M->56M(247M) 45.691ms
[2019-12-09T03:05:35.478+0000][1][gc,cpu       ] GC(9) User=0.03s Sys=0.00s Real=0.05s
[2019-12-09T03:05:35.478+0000][1][safepoint    ] Leaving safepoint region
[2019-12-09T03:05:35.478+0000][1][safepoint    ] Total time for which application threads were stopped: 0.0958339 seconds, Stopping threads took: 0.0500316 seconds
[2019-12-09T03:05:35.480+0000][1][gc           ] GC(9) Concurrent Sweep
[2019-12-09T03:05:35.486+0000][1][gc           ] GC(9) Concurrent Sweep 6.026ms
[2019-12-09T03:05:35.486+0000][1][gc,cpu       ] GC(9) User=0.00s Sys=0.00s Real=0.01s
[2019-12-09T03:05:35.486+0000][1][gc           ] GC(9) Concurrent Reset
[2019-12-09T03:05:35.486+0000][1][gc           ] GC(9) Concurrent Reset 0.378ms
[2019-12-09T03:05:35.486+0000][1][gc,cpu       ] GC(9) User=0.00s Sys=0.00s Real=0.00s
[2019-12-09T03:05:35.486+0000][1][gc,heap      ] GC(9) Old: 11645K->14207K(174784K)
[2019-12-09T03:05:36.118+0000][1][safepoint    ] Application time: 0.6400141 seconds
[2019-12-09T03:05:36.118+0000][1][safepoint    ] Entering safepoint region: GenCollectForAllocation
[2019-12-09T03:05:36.118+0000][1][gc,start     ] GC(11) Pause Young (Allocation Failure)
[2019-12-09T03:05:36.118+0000][1][gc,task      ] GC(11) Using 2 workers of 2 for evacuation
[2019-12-09T03:05:36.311+0000][1][gc,age       ] GC(11) Desired survivor size 4456448 bytes, new threshold 6 (max threshold 6)
[2019-12-09T03:05:36.311+0000][1][gc,age       ] GC(11) Age table with threshold 6 (max threshold 6)
[2019-12-09T03:05:36.311+0000][1][gc,age       ] GC(11) - age   1:     765016 bytes,     765016 total
[2019-12-09T03:05:36.311+0000][1][gc,age       ] GC(11) - age   2:      97424 bytes,     862440 total
[2019-12-09T03:05:36.311+0000][1][gc,age       ] GC(11) - age   3:     650208 bytes,    1512648 total
[2019-12-09T03:05:36.311+0000][1][gc,age       ] GC(11) - age   4:     360656 bytes,    1873304 total
[2019-12-09T03:05:36.311+0000][1][gc,age       ] GC(11) - age   5:    1128392 bytes,    3001696 total
[2019-12-09T03:05:36.311+0000][1][gc,heap      ] GC(11) ParNew: 74572K->3383K(78656K)
[2019-12-09T03:05:36.311+0000][1][gc,heap      ] GC(11) CMS: 14207K->14207K(174784K)
[2019-12-09T03:05:36.311+0000][1][gc,metaspace ] GC(11) Metaspace: 20633K->20633K(1069056K)
[2019-12-09T03:05:36.311+0000][1][gc           ] GC(11) Pause Young (Allocation Failure) 86M->17M(247M) 192.678ms
[2019-12-09T03:05:36.311+0000][1][gc,cpu       ] GC(11) User=0.06s Sys=0.00s Real=0.19s
[2019-12-09T03:05:36.311+0000][1][safepoint    ] Leaving safepoint region
[2019-12-09T03:05:36.311+0000][1][safepoint    ] Total time for which application threads were stopped: 0.1932445 seconds, Stopping threads took: 0.0000136 seconds
[2019-12-09T03:05:37.325+0000][1][safepoint    ] Application time: 1.0137554 seconds
[2019-12-09T03:05:37.325+0000][1][safepoint    ] Entering safepoint region: Deoptimize
[2019-12-09T03:05:37.325+0000][1][safepoint    ] Leaving safepoint region
[2019-12-09T03:05:37.325+0000][1][safepoint    ] Total time for which application threads were stopped: 0.0004439 seconds, Stopping threads took: 0.0000128 seconds
[2019-12-09T03:05:38.332+0000][1][safepoint    ] Application time: 1.0064649 seconds
[2019-12-09T03:05:38.336+0000][1][safepoint    ] Entering safepoint region: Cleanup
[2019-12-09T03:05:38.336+0000][1][safepoint    ] Leaving safepoint region
[2019-12-09T03:05:38.336+0000][1][safepoint    ] Total time for which application threads were stopped: 0.0042043 seconds, Stopping threads took: 0.0041416 seconds
[2019-12-09T03:05:39.105+0000][1][safepoint    ] Application time: 0.7687474 seconds
[2019-12-09T03:05:39.105+0000][1][safepoint    ] Entering safepoint region: GenCollectForAllocation
[2019-12-09T03:05:39.105+0000][1][gc,start     ] GC(12) Pause Young (Allocation Failure)
[2019-12-09T03:05:39.105+0000][1][gc,task      ] GC(12) Using 2 workers of 2 for evacuation
[2019-12-09T03:05:39.223+0000][1][gc,age       ] GC(12) Desired survivor size 4456448 bytes, new threshold 6 (max threshold 6)
[2019-12-09T03:05:39.223+0000][1][gc,age       ] GC(12) Age table with threshold 6 (max threshold 6)
[2019-12-09T03:05:39.223+0000][1][gc,age       ] GC(12) - age   1:    1023768 bytes,    1023768 total
[2019-12-09T03:05:39.223+0000][1][gc,age       ] GC(12) - age   2:     305568 bytes,    1329336 total
[2019-12-09T03:05:39.223+0000][1][gc,age       ] GC(12) - age   3:      97424 bytes,    1426760 total
[2019-12-09T03:05:39.223+0000][1][gc,age       ] GC(12) - age   4:     650144 bytes,    2076904 total
[2019-12-09T03:05:39.223+0000][1][gc,age       ] GC(12) - age   5:     360656 bytes,    2437560 total
[2019-12-09T03:05:39.223+0000][1][gc,age       ] GC(12) - age   6:    1128392 bytes,    3565952 total
[2019-12-09T03:05:39.223+0000][1][gc,heap      ] GC(12) ParNew: 73335K->4566K(78656K)
[2019-12-09T03:05:39.223+0000][1][gc,heap      ] GC(12) CMS: 14207K->14207K(174784K)
[2019-12-09T03:05:39.223+0000][1][gc,metaspace ] GC(12) Metaspace: 22734K->22734K(1071104K)
[2019-12-09T03:05:39.223+0000][1][gc           ] GC(12) Pause Young (Allocation Failure) 85M->18M(247M) 118.232ms
[2019-12-09T03:05:39.223+0000][1][gc,cpu       ] GC(12) User=0.01s Sys=0.00s Real=0.11s
[2019-12-09T03:05:39.223+0000][1][safepoint    ] Leaving safepoint region
[2019-12-09T03:05:39.223+0000][1][safepoint    ] Total time for which application threads were stopped: 0.1184006 seconds, Stopping threads took: 0.0000132 seconds
[2019-12-09T03:05:40.176+0000][1][safepoint    ] Application time: 0.9525835 seconds
[2019-12-09T03:05:40.176+0000][1][safepoint    ] Entering safepoint region: Deoptimize
[2019-12-09T03:05:40.176+0000][1][safepoint    ] Leaving safepoint region
[2019-12-09T03:05:40.176+0000][1][safepoint    ] Total time for which application threads were stopped: 0.0006696 seconds, Stopping threads took: 0.0000150 seconds
[2019-12-09T03:05:40.879+0000][1][safepoint    ] Application time: 0.7021083 seconds
[2019-12-09T03:05:40.879+0000][1][safepoint    ] Entering safepoint region: Deoptimize
[2019-12-09T03:05:40.879+0000][1][safepoint    ] Leaving safepoint region
[2019-12-09T03:05:40.879+0000][1][safepoint    ] Total time for which application threads were stopped: 0.0004411 seconds, Stopping threads took: 0.0000136 seconds
[2019-12-09T03:05:40.985+0000][1][safepoint    ] Application time: 0.1063965 seconds
[2019-12-09T03:05:40.985+0000][1][safepoint    ] Entering safepoint region: Deoptimize
[2019-12-09T03:05:40.986+0000][1][safepoint    ] Leaving safepoint region
[2019-12-09T03:05:40.986+0000][1][safepoint    ] Total time for which application threads were stopped: 0.0004442 seconds, Stopping threads took: 0.0000140 seconds
[2019-12-09T03:05:41.031+0000][1][safepoint    ] Application time: 0.0455025 seconds
[2019-12-09T03:05:41.031+0000][1][safepoint    ] Entering safepoint region: Deoptimize
[2019-12-09T03:05:41.032+0000][1][safepoint    ] Leaving safepoint region
[2019-12-09T03:05:41.032+0000][1][safepoint    ] Total time for which application threads were stopped: 0.0004830 seconds, Stopping threads took: 0.0000138 seconds
[2019-12-09T03:05:42.052+0000][1][safepoint    ] Application time: 1.0195804 seconds
[2019-12-09T03:05:42.052+0000][1][safepoint    ] Entering safepoint region: Cleanup
[2019-12-09T03:05:42.052+0000][1][safepoint    ] Leaving safepoint region
[2019-12-09T03:05:42.052+0000][1][safepoint    ] Total time for which application threads were stopped: 0.0001255 seconds, Stopping threads took: 0.0000533 seconds
[2019-12-09T03:05:43.069+0000][1][safepoint    ] Application time: 1.0169770 seconds
[2019-12-09T03:05:43.096+0000][1][safepoint    ] Entering safepoint region: Cleanup
[2019-12-09T03:05:43.096+0000][1][safepoint    ] Leaving safepoint region
[2019-12-09T03:05:43.096+0000][1][safepoint    ] Total time for which application threads were stopped: 0.0270640 seconds, Stopping threads took: 0.0270229 seconds
[2019-12-09T03:05:44.097+0000][1][safepoint    ] Application time: 1.0009218 seconds
[2019-12-09T03:05:44.150+0000][1][safepoint    ] Entering safepoint region: Cleanup
[2019-12-09T03:05:44.150+0000][1][safepoint    ] Leaving safepoint region
[2019-12-09T03:05:44.150+0000][1][safepoint    ] Total time for which application threads were stopped: 0.0532238 seconds, Stopping threads took: 0.0529755 seconds
[2019-12-09T03:05:44.327+0000][1][safepoint    ] Application time: 0.1765111 seconds
[2019-12-09T03:05:44.327+0000][1][safepoint    ] Entering safepoint region: RevokeBias
[2019-12-09T03:05:44.327+0000][1][safepoint    ] Leaving safepoint region
[2019-12-09T03:05:44.327+0000][1][safepoint    ] Total time for which application threads were stopped: 0.0000876 seconds, Stopping threads took: 0.0000139 seconds
[2019-12-09T03:05:45.350+0000][1][safepoint    ] Application time: 1.0230666 seconds
[2019-12-09T03:05:45.414+0000][1][safepoint    ] Entering safepoint region: Cleanup
[2019-12-09T03:05:45.414+0000][1][safepoint    ] Leaving safepoint region
[2019-12-09T03:05:45.414+0000][1][safepoint    ] Total time for which application threads were stopped: 0.0644491 seconds, Stopping threads took: 0.0643980 seconds
[2019-12-09T03:05:46.432+0000][1][safepoint    ] Application time: 1.0174982 seconds
[2019-12-09T03:05:46.445+0000][1][safepoint    ] Entering safepoint region: Cleanup
[2019-12-09T03:05:46.445+0000][1][safepoint    ] Leaving safepoint region
[2019-12-09T03:05:46.445+0000][1][safepoint    ] Total time for which application threads were stopped: 0.0131125 seconds, Stopping threads took: 0.0130647 seconds
[2019-12-09T03:05:47.375+0000][1][safepoint    ] Application time: 0.9297483 seconds
[2019-12-09T03:05:47.388+0000][1][safepoint    ] Entering safepoint region: GenCollectForAllocation
[2019-12-09T03:05:47.388+0000][1][gc,start     ] GC(13) Pause Young (Allocation Failure)
[2019-12-09T03:05:47.388+0000][1][gc,task      ] GC(13) Using 2 workers of 2 for evacuation
[2019-12-09T03:05:47.805+0000][1][gc,age       ] GC(13) Desired survivor size 4456448 bytes, new threshold 1 (max threshold 6)
[2019-12-09T03:05:47.805+0000][1][gc,age       ] GC(13) Age table with threshold 1 (max threshold 6)
[2019-12-09T03:05:47.805+0000][1][gc,age       ] GC(13) - age   1:    6797872 bytes,    6797872 total
[2019-12-09T03:05:47.805+0000][1][gc,age       ] GC(13) - age   2:     708416 bytes,    7506288 total
[2019-12-09T03:05:47.805+0000][1][gc,age       ] GC(13) - age   3:     304520 bytes,    7810808 total
[2019-12-09T03:05:47.805+0000][1][gc,age       ] GC(13) - age   4:      97192 bytes,    7908000 total
[2019-12-09T03:05:47.805+0000][1][gc,age       ] GC(13) - age   5:     646344 bytes,    8554344 total
[2019-12-09T03:05:47.805+0000][1][gc,age       ] GC(13) - age   6:     358352 bytes,    8912696 total
[2019-12-09T03:05:47.805+0000][1][gc,heap      ] GC(13) ParNew: 74518K->8704K(78656K)
[2019-12-09T03:05:47.805+0000][1][gc,heap      ] GC(13) CMS: 14207K->21790K(174784K)
[2019-12-09T03:05:47.805+0000][1][gc,metaspace ] GC(13) Metaspace: 27151K->27151K(1075200K)
[2019-12-09T03:05:47.805+0000][1][gc           ] GC(13) Pause Young (Allocation Failure) 86M->29M(247M) 417.209ms
[2019-12-09T03:05:47.805+0000][1][gc,cpu       ] GC(13) User=0.12s Sys=0.00s Real=0.42s
[2019-12-09T03:05:47.805+0000][1][safepoint    ] Leaving safepoint region
[2019-12-09T03:05:47.805+0000][1][safepoint    ] Total time for which application threads were stopped: 0.4306283 seconds, Stopping threads took: 0.0132899 seconds
[2019-12-09T03:05:48.808+0000][1][safepoint    ] Application time: 1.0023698 seconds
[2019-12-09T03:05:48.822+0000][1][safepoint    ] Entering safepoint region: Cleanup
[2019-12-09T03:05:48.822+0000][1][safepoint    ] Leaving safepoint region
[2019-12-09T03:05:48.823+0000][1][safepoint    ] Total time for which application threads were stopped: 0.0147586 seconds, Stopping threads took: 0.0147142 seconds
[2019-12-09T03:05:49.835+0000][1][safepoint    ] Application time: 1.0122007 seconds
[2019-12-09T03:05:49.893+0000][1][safepoint    ] Entering safepoint region: Cleanup
[2019-12-09T03:05:49.893+0000][1][safepoint    ] Leaving safepoint region
[2019-12-09T03:05:49.893+0000][1][safepoint    ] Total time for which application threads were stopped: 0.0583147 seconds, Stopping threads took: 0.0582708 seconds
[2019-12-09T03:05:50.896+0000][1][safepoint    ] Application time: 1.0026220 seconds
[2019-12-09T03:05:50.896+0000][1][safepoint    ] Entering safepoint region: Cleanup
[2019-12-09T03:05:50.896+0000][1][safepoint    ] Leaving safepoint region
[2019-12-09T03:05:50.896+0000][1][safepoint    ] Total time for which application threads were stopped: 0.0001063 seconds, Stopping threads took: 0.0000476 seconds
[2019-12-09T03:05:51.591+0000][1][safepoint    ] Application time: 0.6955443 seconds
[2019-12-09T03:05:51.591+0000][1][safepoint    ] Entering safepoint region: GenCollectForAllocation
[2019-12-09T03:05:51.592+0000][1][gc,start     ] GC(14) Pause Young (Allocation Failure)
[2019-12-09T03:05:51.592+0000][1][gc,task      ] GC(14) Using 2 workers of 2 for evacuation
[2019-12-09T03:05:52.296+0000][1][gc,age       ] GC(14) Desired survivor size 4456448 bytes, new threshold 1 (max threshold 6)
[2019-12-09T03:05:52.296+0000][1][gc,age       ] GC(14) Age table with threshold 1 (max threshold 6)
[2019-12-09T03:05:52.296+0000][1][gc,age       ] GC(14) - age   1:    8912808 bytes,    8912808 total
[2019-12-09T03:05:52.296+0000][1][gc,heap      ] GC(14) ParNew: 78656K->8704K(78656K)
[2019-12-09T03:05:52.296+0000][1][gc,heap      ] GC(14) CMS: 21790K->34765K(174784K)
[2019-12-09T03:05:52.296+0000][1][gc,metaspace ] GC(14) Metaspace: 27279K->27279K(1075200K)
[2019-12-09T03:05:52.296+0000][1][gc           ] GC(14) Pause Young (Allocation Failure) 98M->42M(247M) 704.787ms
[2019-12-09T03:05:52.296+0000][1][gc,cpu       ] GC(14) User=0.18s Sys=0.00s Real=0.71s
[2019-12-09T03:05:52.296+0000][1][safepoint    ] Leaving safepoint region
[2019-12-09T03:05:52.296+0000][1][safepoint    ] Total time for which application threads were stopped: 0.7049120 seconds, Stopping threads took: 0.0000136 seconds
[2019-12-09T03:05:54.339+0000][1][safepoint    ] Application time: 2.0423435 seconds
[2019-12-09T03:05:54.355+0000][1][safepoint    ] Entering safepoint region: Cleanup
[2019-12-09T03:05:54.355+0000][1][safepoint    ] Leaving safepoint region
[2019-12-09T03:05:54.355+0000][1][safepoint    ] Total time for which application threads were stopped: 0.0160572 seconds, Stopping threads took: 0.0159933 seconds
[2019-12-09T03:05:55.516+0000][1][safepoint    ] Application time: 1.1608839 seconds
[2019-12-09T03:05:55.558+0000][1][safepoint    ] Entering safepoint region: Cleanup
[2019-12-09T03:05:55.558+0000][1][safepoint    ] Leaving safepoint region
[2019-12-09T03:05:55.558+0000][1][safepoint    ] Total time for which application threads were stopped: 0.0419575 seconds, Stopping threads took: 0.0418480 seconds
[2019-12-09T03:05:56.043+0000][1][safepoint    ] Application time: 0.4853300 seconds
[2019-12-09T03:05:56.043+0000][1][safepoint    ] Entering safepoint region: RevokeBias
[2019-12-09T03:05:56.043+0000][1][safepoint    ] Leaving safepoint region
[2019-12-09T03:05:56.043+0000][1][safepoint    ] Total time for which application threads were stopped: 0.0001619 seconds, Stopping threads took: 0.0000517 seconds
[2019-12-09T03:05:57.057+0000][1][safepoint    ] Application time: 1.0134623 seconds
[2019-12-09T03:05:57.057+0000][1][safepoint    ] Entering safepoint region: Cleanup
[2019-12-09T03:05:57.057+0000][1][safepoint    ] Leaving safepoint region
[2019-12-09T03:05:57.057+0000][1][safepoint    ] Total time for which application threads were stopped: 0.0001239 seconds, Stopping threads took: 0.0000493 seconds
[2019-12-09T03:05:57.376+0000][1][safepoint    ] Application time: 0.3194140 seconds
[2019-12-09T03:05:57.376+0000][1][safepoint    ] Entering safepoint region: GenCollectForAllocation
[2019-12-09T03:05:57.376+0000][1][gc,start     ] GC(15) Pause Young (Allocation Failure)
[2019-12-09T03:05:57.376+0000][1][gc,task      ] GC(15) Using 2 workers of 2 for evacuation
[2019-12-09T03:05:57.890+0000][1][gc,age       ] GC(15) Desired survivor size 4456448 bytes, new threshold 1 (max threshold 6)
[2019-12-09T03:05:57.890+0000][1][gc,age       ] GC(15) Age table with threshold 1 (max threshold 6)
[2019-12-09T03:05:57.890+0000][1][gc,age       ] GC(15) - age   1:    8912704 bytes,    8912704 total
[2019-12-09T03:05:57.890+0000][1][gc,heap      ] GC(15) ParNew: 78656K->8704K(78656K)
[2019-12-09T03:05:57.890+0000][1][gc,heap      ] GC(15) CMS: 34765K->45853K(174784K)
[2019-12-09T03:05:57.890+0000][1][gc,metaspace ] GC(15) Metaspace: 29283K->29283K(1077248K)
[2019-12-09T03:05:57.890+0000][1][gc           ] GC(15) Pause Young (Allocation Failure) 110M->53M(247M) 513.973ms
[2019-12-09T03:05:57.890+0000][1][gc,cpu       ] GC(15) User=0.14s Sys=0.00s Real=0.51s
[2019-12-09T03:05:57.890+0000][1][safepoint    ] Leaving safepoint region
[2019-12-09T03:05:57.890+0000][1][safepoint    ] Total time for which application threads were stopped: 0.5141229 seconds, Stopping threads took: 0.0000152 seconds
[2019-12-09T03:05:58.911+0000][1][safepoint    ] Application time: 1.0202721 seconds
[2019-12-09T03:05:58.911+0000][1][safepoint    ] Entering safepoint region: Cleanup
[2019-12-09T03:05:58.911+0000][1][safepoint    ] Leaving safepoint region
[2019-12-09T03:05:58.911+0000][1][safepoint    ] Total time for which application threads were stopped: 0.0000671 seconds, Stopping threads took: 0.0000172 seconds
[2019-12-09T03:06:00.916+0000][1][safepoint    ] Application time: 2.0048507 seconds
[2019-12-09T03:06:00.998+0000][1][safepoint    ] Entering safepoint region: Cleanup
[2019-12-09T03:06:00.998+0000][1][safepoint    ] Leaving safepoint region
[2019-12-09T03:06:00.998+0000][1][safepoint    ] Total time for which application threads were stopped: 0.0820581 seconds, Stopping threads took: 0.0819921 seconds
[2019-12-09T03:06:01.450+0000][1][safepoint    ] Application time: 0.4524520 seconds
[2019-12-09T03:06:01.450+0000][1][safepoint    ] Entering safepoint region: GenCollectForAllocation
[2019-12-09T03:06:01.450+0000][1][gc,start     ] GC(16) Pause Young (Allocation Failure)
[2019-12-09T03:06:01.450+0000][1][gc,task      ] GC(16) Using 2 workers of 2 for evacuation
[2019-12-09T03:06:01.708+0000][1][gc,age       ] GC(16) Desired survivor size 4456448 bytes, new threshold 6 (max threshold 6)
[2019-12-09T03:06:01.708+0000][1][gc,age       ] GC(16) Age table with threshold 6 (max threshold 6)
[2019-12-09T03:06:01.708+0000][1][gc,age       ] GC(16) - age   1:    1301712 bytes,    1301712 total
[2019-12-09T03:06:01.708+0000][1][gc,heap      ] GC(16) ParNew: 78656K->8620K(78656K)
[2019-12-09T03:06:01.708+0000][1][gc,heap      ] GC(16) CMS: 45853K->54897K(174784K)
[2019-12-09T03:06:01.708+0000][1][gc,metaspace ] GC(16) Metaspace: 33009K->33009K(1079296K)
[2019-12-09T03:06:01.708+0000][1][gc           ] GC(16) Pause Young (Allocation Failure) 121M->62M(247M) 257.703ms
[2019-12-09T03:06:01.708+0000][1][gc,cpu       ] GC(16) User=0.12s Sys=0.00s Real=0.26s
[2019-12-09T03:06:01.708+0000][1][safepoint    ] Leaving safepoint region
[2019-12-09T03:06:01.708+0000][1][safepoint    ] Total time for which application threads were stopped: 0.2578540 seconds, Stopping threads took: 0.0000154 seconds
[2019-12-09T03:06:03.718+0000][1][safepoint    ] Application time: 2.0095408 seconds
[2019-12-09T03:06:03.785+0000][1][safepoint    ] Entering safepoint region: Cleanup
[2019-12-09T03:06:03.785+0000][1][safepoint    ] Leaving safepoint region
[2019-12-09T03:06:03.785+0000][1][safepoint    ] Total time for which application threads were stopped: 0.0670619 seconds, Stopping threads took: 0.0669836 seconds
[2019-12-09T03:06:04.442+0000][1][safepoint    ] Application time: 0.6568901 seconds
[2019-12-09T03:06:04.442+0000][1][safepoint    ] Entering safepoint region: CollectForMetadataAllocation
[2019-12-09T03:06:04.442+0000][1][safepoint    ] Leaving safepoint region
[2019-12-09T03:06:04.442+0000][1][safepoint    ] Total time for which application threads were stopped: 0.0002186 seconds, Stopping threads took: 0.0000121 seconds
[2019-12-09T03:06:04.795+0000][1][safepoint    ] Application time: 0.3527503 seconds
[2019-12-09T03:06:04.795+0000][1][safepoint    ] Entering safepoint region: CollectForMetadataAllocation
[2019-12-09T03:06:04.795+0000][1][safepoint    ] Leaving safepoint region
[2019-12-09T03:06:04.795+0000][1][safepoint    ] Total time for which application threads were stopped: 0.0002394 seconds, Stopping threads took: 0.0000135 seconds
[2019-12-09T03:06:05.004+0000][1][safepoint    ] Application time: 0.2092853 seconds
[2019-12-09T03:06:05.004+0000][1][safepoint    ] Entering safepoint region: CollectForMetadataAllocation
[2019-12-09T03:06:05.005+0000][1][safepoint    ] Leaving safepoint region
[2019-12-09T03:06:05.005+0000][1][safepoint    ] Total time for which application threads were stopped: 0.0002338 seconds, Stopping threads took: 0.0000138 seconds
[2019-12-09T03:06:05.248+0000][1][safepoint    ] Application time: 0.2431484 seconds
[2019-12-09T03:06:05.248+0000][1][safepoint    ] Entering safepoint region: CollectForMetadataAllocation
[2019-12-09T03:06:05.248+0000][1][safepoint    ] Leaving safepoint region
[2019-12-09T03:06:05.248+0000][1][safepoint    ] Total time for which application threads were stopped: 0.0002133 seconds, Stopping threads took: 0.0000123 seconds
[2019-12-09T03:06:05.364+0000][1][safepoint    ] Application time: 0.1157485 seconds
[2019-12-09T03:06:05.364+0000][1][safepoint    ] Entering safepoint region: CollectForMetadataAllocation
[2019-12-09T03:06:05.364+0000][1][safepoint    ] Leaving safepoint region
[2019-12-09T03:06:05.364+0000][1][safepoint    ] Total time for which application threads were stopped: 0.0002261 seconds, Stopping threads took: 0.0000150 seconds
[2019-12-09T03:06:05.456+0000][1][safepoint    ] Application time: 0.0920354 seconds
[2019-12-09T03:06:05.456+0000][1][safepoint    ] Entering safepoint region: GenCollectForAllocation
[2019-12-09T03:06:05.456+0000][1][gc,start     ] GC(17) Pause Young (Allocation Failure)
[2019-12-09T03:06:05.456+0000][1][gc,task      ] GC(17) Using 2 workers of 2 for evacuation
[2019-12-09T03:06:05.531+0000][1][gc,age       ] GC(17) Desired survivor size 4456448 bytes, new threshold 6 (max threshold 6)
[2019-12-09T03:06:05.531+0000][1][gc,age       ] GC(17) Age table with threshold 6 (max threshold 6)
[2019-12-09T03:06:05.531+0000][1][gc,age       ] GC(17) - age   1:    1897464 bytes,    1897464 total
[2019-12-09T03:06:05.531+0000][1][gc,age       ] GC(17) - age   2:    1234680 bytes,    3132144 total
[2019-12-09T03:06:05.531+0000][1][gc,heap      ] GC(17) ParNew: 78572K->4786K(78656K)
[2019-12-09T03:06:05.531+0000][1][gc,heap      ] GC(17) CMS: 54897K->54897K(174784K)
[2019-12-09T03:06:05.531+0000][1][gc,metaspace ] GC(17) Metaspace: 34990K->34990K(1081344K)
[2019-12-09T03:06:05.531+0000][1][gc           ] GC(17) Pause Young (Allocation Failure) 130M->58M(247M) 75.143ms
[2019-12-09T03:06:05.531+0000][1][gc,cpu       ] GC(17) User=0.04s Sys=0.00s Real=0.07s
[2019-12-09T03:06:05.531+0000][1][safepoint    ] Leaving safepoint region
[2019-12-09T03:06:05.531+0000][1][safepoint    ] Total time for which application threads were stopped: 0.0752813 seconds, Stopping threads took: 0.0000131 seconds
[2019-12-09T03:06:05.539+0000][1][safepoint    ] Application time: 0.0077126 seconds
[2019-12-09T03:06:05.552+0000][1][safepoint    ] Entering safepoint region: CMS_Initial_Mark
[2019-12-09T03:06:05.552+0000][1][gc,start     ] GC(18) Pause Initial Mark
[2019-12-09T03:06:05.557+0000][1][gc           ] GC(18) Pause Initial Mark 59M->59M(247M) 4.676ms
[2019-12-09T03:06:05.557+0000][1][gc,cpu       ] GC(18) User=0.00s Sys=0.00s Real=0.01s
[2019-12-09T03:06:05.557+0000][1][safepoint    ] Leaving safepoint region
[2019-12-09T03:06:05.557+0000][1][safepoint    ] Total time for which application threads were stopped: 0.0175182 seconds, Stopping threads took: 0.0127519 seconds
[2019-12-09T03:06:05.557+0000][1][gc           ] GC(18) Concurrent Mark
[2019-12-09T03:06:05.596+0000][1][safepoint    ] Application time: 0.0395331 seconds
[2019-12-09T03:06:05.596+0000][1][safepoint    ] Entering safepoint region: CollectForMetadataAllocation
[2019-12-09T03:06:05.596+0000][1][safepoint    ] Leaving safepoint region
[2019-12-09T03:06:05.596+0000][1][safepoint    ] Total time for which application threads were stopped: 0.0002164 seconds, Stopping threads took: 0.0000123 seconds
[2019-12-09T03:06:05.753+0000][1][safepoint    ] Application time: 0.1563655 seconds
[2019-12-09T03:06:05.753+0000][1][safepoint    ] Entering safepoint region: CollectForMetadataAllocation
[2019-12-09T03:06:05.753+0000][1][safepoint    ] Leaving safepoint region
[2019-12-09T03:06:05.753+0000][1][safepoint    ] Total time for which application threads were stopped: 0.0002121 seconds, Stopping threads took: 0.0000138 seconds
[2019-12-09T03:06:06.074+0000][1][safepoint    ] Application time: 0.3207227 seconds
[2019-12-09T03:06:06.074+0000][1][safepoint    ] Entering safepoint region: CollectForMetadataAllocation
[2019-12-09T03:06:06.074+0000][1][safepoint    ] Leaving safepoint region
[2019-12-09T03:06:06.074+0000][1][safepoint    ] Total time for which application threads were stopped: 0.0001618 seconds, Stopping threads took: 0.0000155 seconds
[2019-12-09T03:06:06.216+0000][1][gc           ] GC(18) Concurrent Mark 659.127ms
[2019-12-09T03:06:06.216+0000][1][gc,cpu       ] GC(18) User=0.21s Sys=0.00s Real=0.66s
[2019-12-09T03:06:06.216+0000][1][gc           ] GC(18) Concurrent Preclean
[2019-12-09T03:06:06.246+0000][1][gc           ] GC(18) Concurrent Preclean 30.190ms
[2019-12-09T03:06:06.246+0000][1][gc,cpu       ] GC(18) User=0.01s Sys=0.00s Real=0.03s
[2019-12-09T03:06:06.246+0000][1][gc           ] GC(18) Concurrent Abortable Preclean
[2019-12-09T03:06:06.328+0000][1][safepoint    ] Application time: 0.2542842 seconds
[2019-12-09T03:06:06.328+0000][1][safepoint    ] Entering safepoint region: CollectForMetadataAllocation
[2019-12-09T03:06:06.328+0000][1][safepoint    ] Leaving safepoint region
[2019-12-09T03:06:06.328+0000][1][safepoint    ] Total time for which application threads were stopped: 0.0002235 seconds, Stopping threads took: 0.0000137 seconds
[2019-12-09T03:06:06.565+0000][1][safepoint    ] Application time: 0.2362519 seconds
[2019-12-09T03:06:06.565+0000][1][safepoint    ] Entering safepoint region: CollectForMetadataAllocation
[2019-12-09T03:06:06.565+0000][1][safepoint    ] Leaving safepoint region
[2019-12-09T03:06:06.565+0000][1][safepoint    ] Total time for which application threads were stopped: 0.0002289 seconds, Stopping threads took: 0.0000152 seconds
[2019-12-09T03:06:06.776+0000][1][safepoint    ] Application time: 0.2113679 seconds
[2019-12-09T03:06:06.776+0000][1][safepoint    ] Entering safepoint region: CollectForMetadataAllocation
[2019-12-09T03:06:06.777+0000][1][safepoint    ] Leaving safepoint region
[2019-12-09T03:06:06.777+0000][1][safepoint    ] Total time for which application threads were stopped: 0.0002393 seconds, Stopping threads took: 0.0000127 seconds
[2019-12-09T03:06:06.813+0000][1][safepoint    ] Application time: 0.0360998 seconds
[2019-12-09T03:06:06.863+0000][1][safepoint    ] Entering safepoint region: CollectForMetadataAllocation
[2019-12-09T03:06:06.863+0000][1][safepoint    ] Leaving safepoint region
[2019-12-09T03:06:06.863+0000][1][safepoint    ] Total time for which application threads were stopped: 0.0500731 seconds, Stopping threads took: 0.0500174 seconds
[2019-12-09T03:06:06.903+0000][1][safepoint    ] Application time: 0.0400118 seconds
[2019-12-09T03:06:06.903+0000][1][safepoint    ] Entering safepoint region: RevokeBias
[2019-12-09T03:06:06.903+0000][1][safepoint    ] Leaving safepoint region
[2019-12-09T03:06:06.903+0000][1][safepoint    ] Total time for which application threads were stopped: 0.0001111 seconds, Stopping threads took: 0.0000120 seconds
[2019-12-09T03:06:06.969+0000][1][safepoint    ] Application time: 0.0658719 seconds
[2019-12-09T03:06:06.969+0000][1][safepoint    ] Entering safepoint region: CollectForMetadataAllocation
[2019-12-09T03:06:06.969+0000][1][safepoint    ] Leaving safepoint region
[2019-12-09T03:06:06.969+0000][1][safepoint    ] Total time for which application threads were stopped: 0.0002184 seconds, Stopping threads took: 0.0000125 seconds
[2019-12-09T03:06:06.978+0000][1][safepoint    ] Application time: 0.0085743 seconds
[2019-12-09T03:06:07.027+0000][1][safepoint    ] Entering safepoint region: CollectForMetadataAllocation
[2019-12-09T03:06:07.027+0000][1][safepoint    ] Leaving safepoint region
[2019-12-09T03:06:07.027+0000][1][safepoint    ] Total time for which application threads were stopped: 0.0490335 seconds, Stopping threads took: 0.0489892 seconds
[2019-12-09T03:06:07.318+0000][1][safepoint    ] Application time: 0.2913278 seconds
[2019-12-09T03:06:07.318+0000][1][safepoint    ] Entering safepoint region: CollectForMetadataAllocation
[2019-12-09T03:06:07.318+0000][1][safepoint    ] Leaving safepoint region
[2019-12-09T03:06:07.318+0000][1][safepoint    ] Total time for which application threads were stopped: 0.0001532 seconds, Stopping threads took: 0.0000130 seconds
[2019-12-09T03:06:07.786+0000][1][safepoint    ] Application time: 0.4673620 seconds
[2019-12-09T03:06:07.786+0000][1][safepoint    ] Entering safepoint region: CollectForMetadataAllocation
[2019-12-09T03:06:07.786+0000][1][safepoint    ] Leaving safepoint region
[2019-12-09T03:06:07.786+0000][1][safepoint    ] Total time for which application threads were stopped: 0.0002699 seconds, Stopping threads took: 0.0000147 seconds
[2019-12-09T03:06:08.134+0000][1][safepoint    ] Application time: 0.3482942 seconds
[2019-12-09T03:06:08.134+0000][1][safepoint    ] Entering safepoint region: CollectForMetadataAllocation
[2019-12-09T03:06:08.135+0000][1][safepoint    ] Leaving safepoint region
[2019-12-09T03:06:08.135+0000][1][safepoint    ] Total time for which application threads were stopped: 0.0002587 seconds, Stopping threads took: 0.0000156 seconds
[2019-12-09T03:06:08.389+0000][1][safepoint    ] Application time: 0.2540852 seconds
[2019-12-09T03:06:08.389+0000][1][safepoint    ] Entering safepoint region: CollectForMetadataAllocation
[2019-12-09T03:06:08.389+0000][1][safepoint    ] Leaving safepoint region
[2019-12-09T03:06:08.389+0000][1][safepoint    ] Total time for which application threads were stopped: 0.0002093 seconds, Stopping threads took: 0.0000137 seconds
[2019-12-09T03:06:08.685+0000][1][safepoint    ] Application time: 0.2957843 seconds
[2019-12-09T03:06:08.685+0000][1][safepoint    ] Entering safepoint region: CollectForMetadataAllocation
[2019-12-09T03:06:08.685+0000][1][safepoint    ] Leaving safepoint region
[2019-12-09T03:06:08.685+0000][1][safepoint    ] Total time for which application threads were stopped: 0.0002365 seconds, Stopping threads took: 0.0000132 seconds
[2019-12-09T03:06:08.971+0000][1][safepoint    ] Application time: 0.2857133 seconds
[2019-12-09T03:06:08.971+0000][1][safepoint    ] Entering safepoint region: CollectForMetadataAllocation
[2019-12-09T03:06:08.971+0000][1][safepoint    ] Leaving safepoint region
[2019-12-09T03:06:08.971+0000][1][safepoint    ] Total time for which application threads were stopped: 0.0002325 seconds, Stopping threads took: 0.0000202 seconds
[2019-12-09T03:06:09.369+0000][1][safepoint    ] Application time: 0.3976959 seconds
[2019-12-09T03:06:09.369+0000][1][safepoint    ] Entering safepoint region: CollectForMetadataAllocation
[2019-12-09T03:06:09.369+0000][1][safepoint    ] Leaving safepoint region
[2019-12-09T03:06:09.369+0000][1][safepoint    ] Total time for which application threads were stopped: 0.0002522 seconds, Stopping threads took: 0.0000172 seconds
[2019-12-09T03:06:09.590+0000][1][safepoint    ] Application time: 0.2207106 seconds
[2019-12-09T03:06:09.590+0000][1][safepoint    ] Entering safepoint region: CollectForMetadataAllocation
[2019-12-09T03:06:09.590+0000][1][safepoint    ] Leaving safepoint region
[2019-12-09T03:06:09.590+0000][1][safepoint    ] Total time for which application threads were stopped: 0.0002153 seconds, Stopping threads took: 0.0000155 seconds
[2019-12-09T03:06:09.944+0000][1][safepoint    ] Application time: 0.3537558 seconds
[2019-12-09T03:06:09.944+0000][1][safepoint    ] Entering safepoint region: CollectForMetadataAllocation
[2019-12-09T03:06:09.944+0000][1][safepoint    ] Leaving safepoint region
[2019-12-09T03:06:09.944+0000][1][safepoint    ] Total time for which application threads were stopped: 0.0002491 seconds, Stopping threads took: 0.0000184 seconds
[2019-12-09T03:06:10.200+0000][1][safepoint    ] Application time: 0.2554992 seconds
[2019-12-09T03:06:10.200+0000][1][safepoint    ] Entering safepoint region: CollectForMetadataAllocation
[2019-12-09T03:06:10.200+0000][1][safepoint    ] Leaving safepoint region
[2019-12-09T03:06:10.200+0000][1][safepoint    ] Total time for which application threads were stopped: 0.0002518 seconds, Stopping threads took: 0.0000157 seconds
[2019-12-09T03:06:10.617+0000][1][safepoint    ] Application time: 0.4168504 seconds
[2019-12-09T03:06:10.617+0000][1][safepoint    ] Entering safepoint region: CollectForMetadataAllocation
[2019-12-09T03:06:10.617+0000][1][safepoint    ] Leaving safepoint region
[2019-12-09T03:06:10.617+0000][1][safepoint    ] Total time for which application threads were stopped: 0.0001600 seconds, Stopping threads took: 0.0000150 seconds
[2019-12-09T03:06:11.139+0000][1][safepoint    ] Application time: 0.5218019 seconds
[2019-12-09T03:06:11.139+0000][1][safepoint    ] Entering safepoint region: CollectForMetadataAllocation
[2019-12-09T03:06:11.139+0000][1][safepoint    ] Leaving safepoint region
[2019-12-09T03:06:11.139+0000][1][safepoint    ] Total time for which application threads were stopped: 0.0002561 seconds, Stopping threads took: 0.0000180 seconds
[2019-12-09T03:06:11.452+0000][1][gc           ] GC(18) Concurrent Abortable Preclean 5206.200ms
[2019-12-09T03:06:11.452+0000][1][gc,cpu       ] GC(18) User=1.46s Sys=0.02s Real=5.20s
[2019-12-09T03:06:11.455+0000][1][safepoint    ] Application time: 0.3160686 seconds
[2019-12-09T03:06:11.455+0000][1][safepoint    ] Entering safepoint region: CMS_Final_Remark
[2019-12-09T03:06:11.455+0000][1][gc,start     ] GC(18) Pause Remark
[2019-12-09T03:06:11.486+0000][1][gc           ] GC(18) Pause Remark 84M->84M(247M) 30.320ms
[2019-12-09T03:06:11.486+0000][1][gc,cpu       ] GC(18) User=0.03s Sys=0.00s Real=0.03s
[2019-12-09T03:06:11.486+0000][1][safepoint    ] Leaving safepoint region
[2019-12-09T03:06:11.486+0000][1][safepoint    ] Total time for which application threads were stopped: 0.0306519 seconds, Stopping threads took: 0.0002400 seconds
[2019-12-09T03:06:11.513+0000][1][gc           ] GC(18) Concurrent Sweep
[2019-12-09T03:06:11.532+0000][1][safepoint    ] Application time: 0.0465340 seconds
[2019-12-09T03:06:11.532+0000][1][safepoint    ] Entering safepoint region: CollectForMetadataAllocation
[2019-12-09T03:06:11.533+0000][1][safepoint    ] Leaving safepoint region
[2019-12-09T03:06:11.533+0000][1][safepoint    ] Total time for which application threads were stopped: 0.0009434 seconds, Stopping threads took: 0.0000136 seconds
[2019-12-09T03:06:11.802+0000][1][safepoint    ] Application time: 0.2684227 seconds
[2019-12-09T03:06:11.802+0000][1][safepoint    ] Entering safepoint region: CollectForMetadataAllocation
[2019-12-09T03:06:11.802+0000][1][safepoint    ] Leaving safepoint region
[2019-12-09T03:06:11.802+0000][1][safepoint    ] Total time for which application threads were stopped: 0.0002487 seconds, Stopping threads took: 0.0000241 seconds
[2019-12-09T03:06:11.814+0000][1][gc           ] GC(18) Concurrent Sweep 301.705ms
[2019-12-09T03:06:11.814+0000][1][gc,cpu       ] GC(18) User=0.10s Sys=0.00s Real=0.30s
[2019-12-09T03:06:11.815+0000][1][gc           ] GC(18) Concurrent Reset
[2019-12-09T03:06:11.815+0000][1][gc           ] GC(18) Concurrent Reset 0.333ms
[2019-12-09T03:06:11.815+0000][1][gc,cpu       ] GC(18) User=0.00s Sys=0.00s Real=0.01s
[2019-12-09T03:06:11.815+0000][1][gc,heap      ] GC(18) Old: 54897K->54640K(174784K)
[2019-12-09T03:06:12.301+0000][1][safepoint    ] Application time: 0.4987606 seconds
[2019-12-09T03:06:12.322+0000][1][safepoint    ] Entering safepoint region: RevokeBias
[2019-12-09T03:06:12.322+0000][1][safepoint    ] Leaving safepoint region
[2019-12-09T03:06:12.322+0000][1][safepoint    ] Total time for which application threads were stopped: 0.0212307 seconds, Stopping threads took: 0.0211603 seconds
[2019-12-09T03:06:12.322+0000][1][safepoint    ] Application time: 0.0000797 seconds
[2019-12-09T03:06:12.322+0000][1][safepoint    ] Entering safepoint region: RevokeBias
[2019-12-09T03:06:12.322+0000][1][safepoint    ] Leaving safepoint region
[2019-12-09T03:06:12.322+0000][1][safepoint    ] Total time for which application threads were stopped: 0.0000278 seconds, Stopping threads took: 0.0000082 seconds
[2019-12-09T03:06:12.322+0000][1][safepoint    ] Application time: 0.0001378 seconds
[2019-12-09T03:06:12.322+0000][1][safepoint    ] Entering safepoint region: RevokeBias
[2019-12-09T03:06:12.322+0000][1][safepoint    ] Leaving safepoint region
[2019-12-09T03:06:12.322+0000][1][safepoint    ] Total time for which application threads were stopped: 0.0000281 seconds, Stopping threads took: 0.0000077 seconds
[2019-12-09T03:06:12.322+0000][1][safepoint    ] Application time: 0.0000497 seconds
[2019-12-09T03:06:12.322+0000][1][safepoint    ] Entering safepoint region: RevokeBias
[2019-12-09T03:06:12.322+0000][1][safepoint    ] Leaving safepoint region
[2019-12-09T03:06:12.322+0000][1][safepoint    ] Total time for which application threads were stopped: 0.0000248 seconds, Stopping threads took: 0.0000071 seconds
[2019-12-09T03:06:13.326+0000][1][safepoint    ] Application time: 1.0032804 seconds
[2019-12-09T03:06:13.356+0000][1][safepoint    ] Entering safepoint region: Cleanup
[2019-12-09T03:06:13.356+0000][1][safepoint    ] Leaving safepoint region
[2019-12-09T03:06:13.356+0000][1][safepoint    ] Total time for which application threads were stopped: 0.0300287 seconds, Stopping threads took: 0.0299715 seconds
[2019-12-09T03:06:14.989+0000][1][safepoint    ] Application time: 1.6329066 seconds
[2019-12-09T03:06:15.044+0000][1][safepoint    ] Entering safepoint region: RevokeBias
[2019-12-09T03:06:15.044+0000][1][safepoint    ] Leaving safepoint region
[2019-12-09T03:06:15.044+0000][1][safepoint    ] Total time for which application threads were stopped: 0.0551862 seconds, Stopping threads took: 0.0550175 seconds
[2019-12-09T03:06:17.314+0000][1][safepoint    ] Application time: 2.2699016 seconds
[2019-12-09T03:06:17.354+0000][1][safepoint    ] Entering safepoint region: RevokeBias
[2019-12-09T03:06:17.354+0000][1][safepoint    ] Leaving safepoint region
[2019-12-09T03:06:17.354+0000][1][safepoint    ] Total time for which application threads were stopped: 0.0400458 seconds, Stopping threads took: 0.0399157 seconds
[2019-12-09T03:06:17.354+0000][1][safepoint    ] Application time: 0.0003110 seconds
[2019-12-09T03:06:17.354+0000][1][safepoint    ] Entering safepoint region: RevokeBias
[2019-12-09T03:06:17.354+0000][1][safepoint    ] Leaving safepoint region
[2019-12-09T03:06:17.354+0000][1][safepoint    ] Total time for which application threads were stopped: 0.0001106 seconds, Stopping threads took: 0.0000151 seconds
[2019-12-09T03:06:17.355+0000][1][safepoint    ] Application time: 0.0001474 seconds
[2019-12-09T03:06:17.355+0000][1][safepoint    ] Entering safepoint region: RevokeBias
[2019-12-09T03:06:17.355+0000][1][safepoint    ] Leaving safepoint region
[2019-12-09T03:06:17.355+0000][1][safepoint    ] Total time for which application threads were stopped: 0.0000796 seconds, Stopping threads took: 0.0000070 seconds
[2019-12-09T03:06:17.355+0000][1][safepoint    ] Application time: 0.0000847 seconds
[2019-12-09T03:06:17.355+0000][1][safepoint    ] Entering safepoint region: RevokeBias
[2019-12-09T03:06:17.355+0000][1][safepoint    ] Leaving safepoint region
[2019-12-09T03:06:17.355+0000][1][safepoint    ] Total time for which application threads were stopped: 0.0000925 seconds, Stopping threads took: 0.0000170 seconds
[2019-12-09T03:06:17.355+0000][1][safepoint    ] Application time: 0.0000535 seconds
[2019-12-09T03:06:17.355+0000][1][safepoint    ] Entering safepoint region: RevokeBias
[2019-12-09T03:06:17.355+0000][1][safepoint    ] Leaving safepoint region
[2019-12-09T03:06:17.355+0000][1][safepoint    ] Total time for which application threads were stopped: 0.0000730 seconds, Stopping threads took: 0.0000074 seconds
[2019-12-09T03:06:17.355+0000][1][safepoint    ] Application time: 0.0000906 seconds
[2019-12-09T03:06:17.355+0000][1][safepoint    ] Entering safepoint region: RevokeBias
[2019-12-09T03:06:17.355+0000][1][safepoint    ] Leaving safepoint region
[2019-12-09T03:06:17.355+0000][1][safepoint    ] Total time for which application threads were stopped: 0.0000870 seconds, Stopping threads took: 0.0000077 seconds
[2019-12-09T03:06:17.355+0000][1][safepoint    ] Application time: 0.0000652 seconds
[2019-12-09T03:06:17.355+0000][1][safepoint    ] Entering safepoint region: RevokeBias
[2019-12-09T03:06:17.355+0000][1][safepoint    ] Leaving safepoint region
[2019-12-09T03:06:17.355+0000][1][safepoint    ] Total time for which application threads were stopped: 0.0000851 seconds, Stopping threads took: 0.0000077 seconds
[2019-12-09T03:06:17.356+0000][1][safepoint    ] Application time: 0.0010830 seconds
[2019-12-09T03:06:17.356+0000][1][safepoint    ] Entering safepoint region: RevokeBias
[2019-12-09T03:06:17.357+0000][1][safepoint    ] Leaving safepoint region
[2019-12-09T03:06:17.357+0000][1][safepoint    ] Total time for which application threads were stopped: 0.0001011 seconds, Stopping threads took: 0.0000105 seconds
[2019-12-09T03:06:17.357+0000][1][safepoint    ] Application time: 0.0002618 seconds
[2019-12-09T03:06:17.357+0000][1][safepoint    ] Entering safepoint region: RevokeBias
[2019-12-09T03:06:17.357+0000][1][safepoint    ] Leaving safepoint region
[2019-12-09T03:06:17.357+0000][1][safepoint    ] Total time for which application threads were stopped: 0.0000885 seconds, Stopping threads took: 0.0000097 seconds
[2019-12-09T03:06:17.357+0000][1][safepoint    ] Application time: 0.0000929 seconds
[2019-12-09T03:06:17.357+0000][1][safepoint    ] Entering safepoint region: RevokeBias
[2019-12-09T03:06:17.357+0000][1][safepoint    ] Leaving safepoint region
[2019-12-09T03:06:17.357+0000][1][safepoint    ] Total time for which application threads were stopped: 0.0000946 seconds, Stopping threads took: 0.0000082 seconds
[2019-12-09T03:06:17.357+0000][1][safepoint    ] Application time: 0.0003463 seconds
[2019-12-09T03:06:17.357+0000][1][safepoint    ] Entering safepoint region: RevokeBias
[2019-12-09T03:06:17.358+0000][1][safepoint    ] Leaving safepoint region
[2019-12-09T03:06:17.358+0000][1][safepoint    ] Total time for which application threads were stopped: 0.0000889 seconds, Stopping threads took: 0.0000095 seconds
[2019-12-09T03:06:17.358+0000][1][safepoint    ] Application time: 0.0001363 seconds
[2019-12-09T03:06:17.358+0000][1][safepoint    ] Entering safepoint region: RevokeBias
[2019-12-09T03:06:17.358+0000][1][safepoint    ] Leaving safepoint region
[2019-12-09T03:06:17.358+0000][1][safepoint    ] Total time for which application threads were stopped: 0.0000904 seconds, Stopping threads took: 0.0000139 seconds
[2019-12-09T03:06:20.364+0000][1][safepoint    ] Application time: 3.0058616 seconds
[2019-12-09T03:06:20.422+0000][1][safepoint    ] Entering safepoint region: Cleanup
[2019-12-09T03:06:20.422+0000][1][safepoint    ] Leaving safepoint region
[2019-12-09T03:06:20.422+0000][1][safepoint    ] Total time for which application threads were stopped: 0.0580593 seconds, Stopping threads took: 0.0580142 seconds
[2019-12-09T03:06:21.429+0000][1][safepoint    ] Application time: 1.0068975 seconds
[2019-12-09T03:06:21.429+0000][1][safepoint    ] Entering safepoint region: Cleanup
[2019-12-09T03:06:21.429+0000][1][safepoint    ] Leaving safepoint region
[2019-12-09T03:06:21.429+0000][1][safepoint    ] Total time for which application threads were stopped: 0.0000968 seconds, Stopping threads took: 0.0000550 seconds
[2019-12-09T03:06:23.835+0000][1][safepoint    ] Application time: 2.4058580 seconds
[2019-12-09T03:06:23.845+0000][1][safepoint    ] Entering safepoint region: Cleanup
[2019-12-09T03:06:23.845+0000][1][safepoint    ] Leaving safepoint region
[2019-12-09T03:06:23.845+0000][1][safepoint    ] Total time for which application threads were stopped: 0.0100876 seconds, Stopping threads took: 0.0100338 seconds
[2019-12-09T03:06:24.822+0000][1][safepoint    ] Application time: 0.9775133 seconds
[2019-12-09T03:06:24.822+0000][1][safepoint    ] Entering safepoint region: GenCollectForAllocation
[2019-12-09T03:06:24.823+0000][1][gc,start     ] GC(19) Pause Young (Allocation Failure)
[2019-12-09T03:06:24.823+0000][1][gc,task      ] GC(19) Using 2 workers of 2 for evacuation
[2019-12-09T03:06:24.944+0000][1][gc,age       ] GC(19) Desired survivor size 4456448 bytes, new threshold 2 (max threshold 6)
[2019-12-09T03:06:24.944+0000][1][gc,age       ] GC(19) Age table with threshold 2 (max threshold 6)
[2019-12-09T03:06:24.944+0000][1][gc,age       ] GC(19) - age   1:    2780136 bytes,    2780136 total
[2019-12-09T03:06:24.944+0000][1][gc,age       ] GC(19) - age   2:    1871888 bytes,    4652024 total
[2019-12-09T03:06:24.944+0000][1][gc,age       ] GC(19) - age   3:    1232280 bytes,    5884304 total
[2019-12-09T03:06:24.944+0000][1][gc,heap      ] GC(19) ParNew: 74738K->7231K(78656K)
[2019-12-09T03:06:24.944+0000][1][gc,heap      ] GC(19) CMS: 54640K->54640K(174784K)
[2019-12-09T03:06:24.944+0000][1][gc,metaspace ] GC(19) Metaspace: 42975K->42975K(1089536K)
[2019-12-09T03:06:24.944+0000][1][gc           ] GC(19) Pause Young (Allocation Failure) 126M->60M(247M) 121.231ms
[2019-12-09T03:06:24.944+0000][1][gc,cpu       ] GC(19) User=0.03s Sys=0.00s Real=0.12s
[2019-12-09T03:06:24.944+0000][1][safepoint    ] Leaving safepoint region
[2019-12-09T03:06:24.944+0000][1][safepoint    ] Total time for which application threads were stopped: 0.1213906 seconds, Stopping threads took: 0.0000146 seconds
[2019-12-09T03:06:25.953+0000][1][safepoint    ] Application time: 1.0089190 seconds
[2019-12-09T03:06:25.958+0000][1][safepoint    ] Entering safepoint region: Cleanup
[2019-12-09T03:06:25.958+0000][1][safepoint    ] Leaving safepoint region
[2019-12-09T03:06:25.958+0000][1][safepoint    ] Total time for which application threads were stopped: 0.0055338 seconds, Stopping threads took: 0.0054686 seconds
[2019-12-09T03:06:26.416+0000][1][safepoint    ] Application time: 0.4575458 seconds
[2019-12-09T03:06:26.416+0000][1][safepoint    ] Entering safepoint region: RevokeBias
[2019-12-09T03:06:26.416+0000][1][safepoint    ] Leaving safepoint region
[2019-12-09T03:06:26.416+0000][1][safepoint    ] Total time for which application threads were stopped: 0.0001151 seconds, Stopping threads took: 0.0000146 seconds
[2019-12-09T03:06:26.448+0000][1][safepoint    ] Application time: 0.0320999 seconds
[2019-12-09T03:06:26.448+0000][1][safepoint    ] Entering safepoint region: RevokeBias
[2019-12-09T03:06:26.448+0000][1][safepoint    ] Leaving safepoint region
[2019-12-09T03:06:26.448+0000][1][safepoint    ] Total time for which application threads were stopped: 0.0001124 seconds, Stopping threads took: 0.0000129 seconds
[2019-12-09T03:06:27.453+0000][1][safepoint    ] Application time: 1.0044554 seconds
[2019-12-09T03:06:27.453+0000][1][safepoint    ] Entering safepoint region: Cleanup
[2019-12-09T03:06:27.453+0000][1][safepoint    ] Leaving safepoint region
[2019-12-09T03:06:27.453+0000][1][safepoint    ] Total time for which application threads were stopped: 0.0001405 seconds, Stopping threads took: 0.0000803 seconds
[2019-12-09T03:06:28.249+0000][1][safepoint    ] Application time: 0.7963543 seconds
[2019-12-09T03:06:28.249+0000][1][safepoint    ] Entering safepoint region: RevokeBias
[2019-12-09T03:06:28.250+0000][1][safepoint    ] Leaving safepoint region
[2019-12-09T03:06:28.250+0000][1][safepoint    ] Total time for which application threads were stopped: 0.0005128 seconds, Stopping threads took: 0.0000172 seconds
[2019-12-09T03:06:28.258+0000][1][safepoint    ] Application time: 0.0081098 seconds
[2019-12-09T03:06:28.260+0000][1][safepoint    ] Entering safepoint region: RevokeBias
[2019-12-09T03:06:28.260+0000][1][safepoint    ] Leaving safepoint region
[2019-12-09T03:06:28.260+0000][1][safepoint    ] Total time for which application threads were stopped: 0.0018828 seconds, Stopping threads took: 0.0018241 seconds
[2019-12-09T03:06:28.260+0000][1][safepoint    ] Application time: 0.0002192 seconds
[2019-12-09T03:06:28.260+0000][1][safepoint    ] Entering safepoint region: RevokeBias
[2019-12-09T03:06:28.260+0000][1][safepoint    ] Leaving safepoint region
[2019-12-09T03:06:28.260+0000][1][safepoint    ] Total time for which application threads were stopped: 0.0000575 seconds, Stopping threads took: 0.0000097 seconds
[2019-12-09T03:06:28.260+0000][1][safepoint    ] Application time: 0.0000683 seconds
[2019-12-09T03:06:28.260+0000][1][safepoint    ] Entering safepoint region: RevokeBias
[2019-12-09T03:06:28.260+0000][1][safepoint    ] Leaving safepoint region
[2019-12-09T03:06:28.260+0000][1][safepoint    ] Total time for which application threads were stopped: 0.0000451 seconds, Stopping threads took: 0.0000090 seconds
[2019-12-09T03:06:28.429+0000][1][safepoint    ] Application time: 0.1686651 seconds
[2019-12-09T03:06:28.429+0000][1][safepoint    ] Entering safepoint region: RevokeBias
[2019-12-09T03:06:28.429+0000][1][safepoint    ] Leaving safepoint region
[2019-12-09T03:06:28.429+0000][1][safepoint    ] Total time for which application threads were stopped: 0.0001343 seconds, Stopping threads took: 0.0000454 seconds
[2019-12-09T03:06:28.429+0000][1][safepoint    ] Application time: 0.0000999 seconds
[2019-12-09T03:06:28.429+0000][1][safepoint    ] Entering safepoint region: RevokeBias
[2019-12-09T03:06:28.429+0000][1][safepoint    ] Leaving safepoint region
[2019-12-09T03:06:28.429+0000][1][safepoint    ] Total time for which application threads were stopped: 0.0000711 seconds, Stopping threads took: 0.0000114 seconds
[2019-12-09T03:06:28.429+0000][1][safepoint    ] Application time: 0.0000649 seconds
[2019-12-09T03:06:28.429+0000][1][safepoint    ] Entering safepoint region: RevokeBias
[2019-12-09T03:06:28.429+0000][1][safepoint    ] Leaving safepoint region
[2019-12-09T03:06:28.429+0000][1][safepoint    ] Total time for which application threads were stopped: 0.0000528 seconds, Stopping threads took: 0.0000075 seconds
[2019-12-09T03:06:28.429+0000][1][safepoint    ] Application time: 0.0000470 seconds
[2019-12-09T03:06:28.429+0000][1][safepoint    ] Entering safepoint region: BulkRevokeBias
[2019-12-09T03:06:28.430+0000][1][safepoint    ] Leaving safepoint region
[2019-12-09T03:06:28.430+0000][1][safepoint    ] Total time for which application threads were stopped: 0.0001377 seconds, Stopping threads took: 0.0000074 seconds
[2019-12-09T03:06:28.430+0000][1][safepoint    ] Application time: 0.0001723 seconds
[2019-12-09T03:06:28.430+0000][1][safepoint    ] Entering safepoint region: RevokeBias
[2019-12-09T03:06:28.430+0000][1][safepoint    ] Leaving safepoint region
[2019-12-09T03:06:28.430+0000][1][safepoint    ] Total time for which application threads were stopped: 0.0000846 seconds, Stopping threads took: 0.0000102 seconds
[2019-12-09T03:06:28.430+0000][1][safepoint    ] Application time: 0.0001459 seconds
[2019-12-09T03:06:28.430+0000][1][safepoint    ] Entering safepoint region: RevokeBias
[2019-12-09T03:06:28.430+0000][1][safepoint    ] Leaving safepoint region
[2019-12-09T03:06:28.430+0000][1][safepoint    ] Total time for which application threads were stopped: 0.0000666 seconds, Stopping threads took: 0.0000090 seconds
[2019-12-09T03:06:28.431+0000][1][safepoint    ] Application time: 0.0005719 seconds
[2019-12-09T03:06:28.431+0000][1][safepoint    ] Entering safepoint region: RevokeBias
[2019-12-09T03:06:28.431+0000][1][safepoint    ] Leaving safepoint region
[2019-12-09T03:06:28.431+0000][1][safepoint    ] Total time for which application threads were stopped: 0.0000705 seconds, Stopping threads took: 0.0000100 seconds
[2019-12-09T03:06:28.431+0000][1][safepoint    ] Application time: 0.0000900 seconds
[2019-12-09T03:06:28.431+0000][1][safepoint    ] Entering safepoint region: RevokeBias
[2019-12-09T03:06:28.431+0000][1][safepoint    ] Leaving safepoint region
[2019-12-09T03:06:28.431+0000][1][safepoint    ] Total time for which application threads were stopped: 0.0000548 seconds, Stopping threads took: 0.0000074 seconds
[2019-12-09T03:06:28.431+0000][1][safepoint    ] Application time: 0.0001680 seconds
[2019-12-09T03:06:28.431+0000][1][safepoint    ] Entering safepoint region: RevokeBias
[2019-12-09T03:06:28.431+0000][1][safepoint    ] Leaving safepoint region
[2019-12-09T03:06:28.431+0000][1][safepoint    ] Total time for which application threads were stopped: 0.0000703 seconds, Stopping threads took: 0.0000166 seconds
[2019-12-09T03:06:28.431+0000][1][safepoint    ] Application time: 0.0000506 seconds
[2019-12-09T03:06:28.431+0000][1][safepoint    ] Entering safepoint region: RevokeBias
[2019-12-09T03:06:28.431+0000][1][safepoint    ] Leaving safepoint region
[2019-12-09T03:06:28.431+0000][1][safepoint    ] Total time for which application threads were stopped: 0.0000464 seconds, Stopping threads took: 0.0000067 seconds
[2019-12-09T03:06:28.431+0000][1][safepoint    ] Application time: 0.0000493 seconds
[2019-12-09T03:06:28.431+0000][1][safepoint    ] Entering safepoint region: RevokeBias
[2019-12-09T03:06:28.431+0000][1][safepoint    ] Leaving safepoint region
[2019-12-09T03:06:28.431+0000][1][safepoint    ] Total time for which application threads were stopped: 0.0000453 seconds, Stopping threads took: 0.0000066 seconds
[2019-12-09T03:06:28.431+0000][1][safepoint    ] Application time: 0.0000490 seconds
[2019-12-09T03:06:28.432+0000][1][safepoint    ] Entering safepoint region: RevokeBias
[2019-12-09T03:06:28.432+0000][1][safepoint    ] Leaving safepoint region
[2019-12-09T03:06:28.432+0000][1][safepoint    ] Total time for which application threads were stopped: 0.0000454 seconds, Stopping threads took: 0.0000070 seconds
[2019-12-09T03:06:28.432+0000][1][safepoint    ] Application time: 0.0000481 seconds
[2019-12-09T03:06:28.432+0000][1][safepoint    ] Entering safepoint region: RevokeBias
[2019-12-09T03:06:28.432+0000][1][safepoint    ] Leaving safepoint region
[2019-12-09T03:06:28.432+0000][1][safepoint    ] Total time for which application threads were stopped: 0.0000532 seconds, Stopping threads took: 0.0000076 seconds
[2019-12-09T03:06:28.432+0000][1][safepoint    ] Application time: 0.0000672 seconds
[2019-12-09T03:06:28.432+0000][1][safepoint    ] Entering safepoint region: RevokeBias
[2019-12-09T03:06:28.432+0000][1][safepoint    ] Leaving safepoint region
[2019-12-09T03:06:28.432+0000][1][safepoint    ] Total time for which application threads were stopped: 0.0000580 seconds, Stopping threads took: 0.0000086 seconds
[2019-12-09T03:06:28.432+0000][1][safepoint    ] Application time: 0.0000531 seconds
[2019-12-09T03:06:28.432+0000][1][safepoint    ] Entering safepoint region: RevokeBias
[2019-12-09T03:06:28.432+0000][1][safepoint    ] Leaving safepoint region
[2019-12-09T03:06:28.432+0000][1][safepoint    ] Total time for which application threads were stopped: 0.0000601 seconds, Stopping threads took: 0.0000084 seconds
[2019-12-09T03:06:28.432+0000][1][safepoint    ] Application time: 0.0000533 seconds
[2019-12-09T03:06:28.432+0000][1][safepoint    ] Entering safepoint region: RevokeBias
[2019-12-09T03:06:28.432+0000][1][safepoint    ] Leaving safepoint region
[2019-12-09T03:06:28.432+0000][1][safepoint    ] Total time for which application threads were stopped: 0.0000561 seconds, Stopping threads took: 0.0000085 seconds
[2019-12-09T03:06:28.432+0000][1][safepoint    ] Application time: 0.0000517 seconds
[2019-12-09T03:06:28.432+0000][1][safepoint    ] Entering safepoint region: RevokeBias
[2019-12-09T03:06:28.432+0000][1][safepoint    ] Leaving safepoint region
[2019-12-09T03:06:28.432+0000][1][safepoint    ] Total time for which application threads were stopped: 0.0000544 seconds, Stopping threads took: 0.0000083 seconds
[2019-12-09T03:06:28.432+0000][1][safepoint    ] Application time: 0.0000519 seconds
[2019-12-09T03:06:28.432+0000][1][safepoint    ] Entering safepoint region: RevokeBias
[2019-12-09T03:06:28.432+0000][1][safepoint    ] Leaving safepoint region
[2019-12-09T03:06:28.432+0000][1][safepoint    ] Total time for which application threads were stopped: 0.0000552 seconds, Stopping threads took: 0.0000083 seconds
[2019-12-09T03:06:28.432+0000][1][safepoint    ] Application time: 0.0000547 seconds
[2019-12-09T03:06:28.432+0000][1][safepoint    ] Entering safepoint region: RevokeBias
[2019-12-09T03:06:28.432+0000][1][safepoint    ] Leaving safepoint region
[2019-12-09T03:06:28.432+0000][1][safepoint    ] Total time for which application threads were stopped: 0.0000572 seconds, Stopping threads took: 0.0000076 seconds
[2019-12-09T03:06:28.433+0000][1][safepoint    ] Application time: 0.0000541 seconds
[2019-12-09T03:06:28.433+0000][1][safepoint    ] Entering safepoint region: RevokeBias
[2019-12-09T03:06:28.433+0000][1][safepoint    ] Leaving safepoint region
[2019-12-09T03:06:28.433+0000][1][safepoint    ] Total time for which application threads were stopped: 0.0000546 seconds, Stopping threads took: 0.0000074 seconds
[2019-12-09T03:06:28.433+0000][1][safepoint    ] Application time: 0.0000514 seconds
[2019-12-09T03:06:28.433+0000][1][safepoint    ] Entering safepoint region: RevokeBias
[2019-12-09T03:06:28.433+0000][1][safepoint    ] Leaving safepoint region
[2019-12-09T03:06:28.433+0000][1][safepoint    ] Total time for which application threads were stopped: 0.0000751 seconds, Stopping threads took: 0.0000082 seconds
[2019-12-09T03:06:28.433+0000][1][safepoint    ] Application time: 0.0000520 seconds
[2019-12-09T03:06:28.433+0000][1][safepoint    ] Entering safepoint region: RevokeBias
[2019-12-09T03:06:28.433+0000][1][safepoint    ] Leaving safepoint region
[2019-12-09T03:06:28.433+0000][1][safepoint    ] Total time for which application threads were stopped: 0.0000521 seconds, Stopping threads took: 0.0000072 seconds
[2019-12-09T03:06:28.433+0000][1][safepoint    ] Application time: 0.0000523 seconds
[2019-12-09T03:06:28.433+0000][1][safepoint    ] Entering safepoint region: RevokeBias
[2019-12-09T03:06:28.433+0000][1][safepoint    ] Leaving safepoint region
[2019-12-09T03:06:28.433+0000][1][safepoint    ] Total time for which application threads were stopped: 0.0000501 seconds, Stopping threads took: 0.0000077 seconds
[2019-12-09T03:06:28.433+0000][1][safepoint    ] Application time: 0.0000506 seconds
[2019-12-09T03:06:28.433+0000][1][safepoint    ] Entering safepoint region: RevokeBias
[2019-12-09T03:06:28.433+0000][1][safepoint    ] Leaving safepoint region
[2019-12-09T03:06:28.433+0000][1][safepoint    ] Total time for which application threads were stopped: 0.0000599 seconds, Stopping threads took: 0.0000070 seconds
[2019-12-09T03:06:28.433+0000][1][safepoint    ] Application time: 0.0000615 seconds
[2019-12-09T03:06:28.433+0000][1][safepoint    ] Entering safepoint region: RevokeBias
[2019-12-09T03:06:28.433+0000][1][safepoint    ] Leaving safepoint region
[2019-12-09T03:06:28.433+0000][1][safepoint    ] Total time for which application threads were stopped: 0.0000716 seconds, Stopping threads took: 0.0000083 seconds
[2019-12-09T03:06:28.433+0000][1][safepoint    ] Application time: 0.0000540 seconds
[2019-12-09T03:06:28.433+0000][1][safepoint    ] Entering safepoint region: BulkRevokeBias
[2019-12-09T03:06:28.433+0000][1][safepoint    ] Leaving safepoint region
[2019-12-09T03:06:28.433+0000][1][safepoint    ] Total time for which application threads were stopped: 0.0001669 seconds, Stopping threads took: 0.0000083 seconds
[2019-12-09T03:06:28.434+0000][1][safepoint    ] Application time: 0.0001571 seconds
[2019-12-09T03:06:28.434+0000][1][safepoint    ] Entering safepoint region: RevokeBias
[2019-12-09T03:06:28.434+0000][1][safepoint    ] Leaving safepoint region
[2019-12-09T03:06:28.434+0000][1][safepoint    ] Total time for which application threads were stopped: 0.0000893 seconds, Stopping threads took: 0.0000084 seconds
[2019-12-09T03:06:28.434+0000][1][safepoint    ] Application time: 0.0001400 seconds
[2019-12-09T03:06:28.434+0000][1][safepoint    ] Entering safepoint region: RevokeBias
[2019-12-09T03:06:28.434+0000][1][safepoint    ] Leaving safepoint region
[2019-12-09T03:06:28.434+0000][1][safepoint    ] Total time for which application threads were stopped: 0.0000633 seconds, Stopping threads took: 0.0000083 seconds
[2019-12-09T03:06:28.434+0000][1][safepoint    ] Application time: 0.0000695 seconds
[2019-12-09T03:06:28.434+0000][1][safepoint    ] Entering safepoint region: RevokeBias
[2019-12-09T03:06:28.434+0000][1][safepoint    ] Leaving safepoint region
[2019-12-09T03:06:28.434+0000][1][safepoint    ] Total time for which application threads were stopped: 0.0000591 seconds, Stopping threads took: 0.0000082 seconds
[2019-12-09T03:06:28.434+0000][1][safepoint    ] Application time: 0.0000746 seconds
[2019-12-09T03:06:28.434+0000][1][safepoint    ] Entering safepoint region: RevokeBias
[2019-12-09T03:06:28.434+0000][1][safepoint    ] Leaving safepoint region
[2019-12-09T03:06:28.434+0000][1][safepoint    ] Total time for which application threads were stopped: 0.0000649 seconds, Stopping threads took: 0.0000087 seconds
[2019-12-09T03:06:28.434+0000][1][safepoint    ] Application time: 0.0000611 seconds
[2019-12-09T03:06:28.434+0000][1][safepoint    ] Entering safepoint region: RevokeBias
[2019-12-09T03:06:28.434+0000][1][safepoint    ] Leaving safepoint region
[2019-12-09T03:06:28.434+0000][1][safepoint    ] Total time for which application threads were stopped: 0.0000643 seconds, Stopping threads took: 0.0000085 seconds
[2019-12-09T03:06:28.435+0000][1][safepoint    ] Application time: 0.0001775 seconds
[2019-12-09T03:06:28.435+0000][1][safepoint    ] Entering safepoint region: RevokeBias
[2019-12-09T03:06:28.435+0000][1][safepoint    ] Leaving safepoint region
[2019-12-09T03:06:28.435+0000][1][safepoint    ] Total time for which application threads were stopped: 0.0000660 seconds, Stopping threads took: 0.0000096 seconds
[2019-12-09T03:06:28.435+0000][1][safepoint    ] Application time: 0.0004110 seconds
[2019-12-09T03:06:28.435+0000][1][safepoint    ] Entering safepoint region: RevokeBias
[2019-12-09T03:06:28.435+0000][1][safepoint    ] Leaving safepoint region
[2019-12-09T03:06:28.435+0000][1][safepoint    ] Total time for which application threads were stopped: 0.0000582 seconds, Stopping threads took: 0.0000112 seconds
[2019-12-09T03:06:28.435+0000][1][safepoint    ] Application time: 0.0002930 seconds
[2019-12-09T03:06:28.435+0000][1][safepoint    ] Entering safepoint region: RevokeBias
[2019-12-09T03:06:28.436+0000][1][safepoint    ] Leaving safepoint region
[2019-12-09T03:06:28.436+0000][1][safepoint    ] Total time for which application threads were stopped: 0.0000625 seconds, Stopping threads took: 0.0000103 seconds
[2019-12-09T03:06:28.436+0000][1][safepoint    ] Application time: 0.0000593 seconds
[2019-12-09T03:06:28.436+0000][1][safepoint    ] Entering safepoint region: RevokeBias
[2019-12-09T03:06:28.436+0000][1][safepoint    ] Leaving safepoint region
[2019-12-09T03:06:28.436+0000][1][safepoint    ] Total time for which application threads were stopped: 0.0000553 seconds, Stopping threads took: 0.0000089 seconds
[2019-12-09T03:06:28.436+0000][1][safepoint    ] Application time: 0.0000672 seconds
[2019-12-09T03:06:28.436+0000][1][safepoint    ] Entering safepoint region: RevokeBias
[2019-12-09T03:06:28.436+0000][1][safepoint    ] Leaving safepoint region
[2019-12-09T03:06:28.436+0000][1][safepoint    ] Total time for which application threads were stopped: 0.0000512 seconds, Stopping threads took: 0.0000086 seconds
[2019-12-09T03:06:28.436+0000][1][safepoint    ] Application time: 0.0000529 seconds
[2019-12-09T03:06:28.436+0000][1][safepoint    ] Entering safepoint region: RevokeBias
[2019-12-09T03:06:28.436+0000][1][safepoint    ] Leaving safepoint region
[2019-12-09T03:06:28.436+0000][1][safepoint    ] Total time for which application threads were stopped: 0.0000461 seconds, Stopping threads took: 0.0000082 seconds
[2019-12-09T03:06:28.436+0000][1][safepoint    ] Application time: 0.0000565 seconds
[2019-12-09T03:06:28.436+0000][1][safepoint    ] Entering safepoint region: RevokeBias
[2019-12-09T03:06:28.436+0000][1][safepoint    ] Leaving safepoint region
[2019-12-09T03:06:28.436+0000][1][safepoint    ] Total time for which application threads were stopped: 0.0000449 seconds, Stopping threads took: 0.0000076 seconds
[2019-12-09T03:06:28.436+0000][1][safepoint    ] Application time: 0.0000533 seconds
[2019-12-09T03:06:28.436+0000][1][safepoint    ] Entering safepoint region: RevokeBias
[2019-12-09T03:06:28.436+0000][1][safepoint    ] Leaving safepoint region
[2019-12-09T03:06:28.436+0000][1][safepoint    ] Total time for which application threads were stopped: 0.0000478 seconds, Stopping threads took: 0.0000081 seconds
[2019-12-09T03:06:28.436+0000][1][safepoint    ] Application time: 0.0000527 seconds
[2019-12-09T03:06:28.436+0000][1][safepoint    ] Entering safepoint region: RevokeBias
[2019-12-09T03:06:28.436+0000][1][safepoint    ] Leaving safepoint region
[2019-12-09T03:06:28.436+0000][1][safepoint    ] Total time for which application threads were stopped: 0.0000467 seconds, Stopping threads took: 0.0000079 seconds
[2019-12-09T03:06:28.436+0000][1][safepoint    ] Application time: 0.0000535 seconds
[2019-12-09T03:06:28.436+0000][1][safepoint    ] Entering safepoint region: RevokeBias
[2019-12-09T03:06:28.436+0000][1][safepoint    ] Leaving safepoint region
[2019-12-09T03:06:28.436+0000][1][safepoint    ] Total time for which application threads were stopped: 0.0000471 seconds, Stopping threads took: 0.0000083 seconds
[2019-12-09T03:06:28.436+0000][1][safepoint    ] Application time: 0.0000554 seconds
[2019-12-09T03:06:28.436+0000][1][safepoint    ] Entering safepoint region: RevokeBias
[2019-12-09T03:06:28.437+0000][1][safepoint    ] Leaving safepoint region
[2019-12-09T03:06:28.437+0000][1][safepoint    ] Total time for which application threads were stopped: 0.0000623 seconds, Stopping threads took: 0.0000209 seconds
[2019-12-09T03:06:28.437+0000][1][safepoint    ] Application time: 0.0000670 seconds
[2019-12-09T03:06:28.437+0000][1][safepoint    ] Entering safepoint region: RevokeBias
[2019-12-09T03:06:28.437+0000][1][safepoint    ] Leaving safepoint region
[2019-12-09T03:06:28.437+0000][1][safepoint    ] Total time for which application threads were stopped: 0.0000489 seconds, Stopping threads took: 0.0000084 seconds
[2019-12-09T03:06:28.437+0000][1][safepoint    ] Application time: 0.0000685 seconds
[2019-12-09T03:06:28.437+0000][1][safepoint    ] Entering safepoint region: RevokeBias
[2019-12-09T03:06:28.437+0000][1][safepoint    ] Leaving safepoint region
[2019-12-09T03:06:28.437+0000][1][safepoint    ] Total time for which application threads were stopped: 0.0000468 seconds, Stopping threads took: 0.0000079 seconds
[2019-12-09T03:06:28.437+0000][1][safepoint    ] Application time: 0.0000516 seconds
[2019-12-09T03:06:28.437+0000][1][safepoint    ] Entering safepoint region: RevokeBias
[2019-12-09T03:06:28.437+0000][1][safepoint    ] Leaving safepoint region
[2019-12-09T03:06:28.437+0000][1][safepoint    ] Total time for which application threads were stopped: 0.0000471 seconds, Stopping threads took: 0.0000080 seconds
[2019-12-09T03:06:28.437+0000][1][safepoint    ] Application time: 0.0000525 seconds
[2019-12-09T03:06:28.437+0000][1][safepoint    ] Entering safepoint region: RevokeBias
[2019-12-09T03:06:28.437+0000][1][safepoint    ] Leaving safepoint region
[2019-12-09T03:06:28.437+0000][1][safepoint    ] Total time for which application threads were stopped: 0.0000435 seconds, Stopping threads took: 0.0000082 seconds
[2019-12-09T03:06:28.437+0000][1][safepoint    ] Application time: 0.0000501 seconds
[2019-12-09T03:06:28.437+0000][1][safepoint    ] Entering safepoint region: RevokeBias
[2019-12-09T03:06:28.437+0000][1][safepoint    ] Leaving safepoint region
[2019-12-09T03:06:28.437+0000][1][safepoint    ] Total time for which application threads were stopped: 0.0000441 seconds, Stopping threads took: 0.0000079 seconds
[2019-12-09T03:06:28.437+0000][1][safepoint    ] Application time: 0.0000507 seconds
[2019-12-09T03:06:28.437+0000][1][safepoint    ] Entering safepoint region: RevokeBias
[2019-12-09T03:06:28.437+0000][1][safepoint    ] Leaving safepoint region
[2019-12-09T03:06:28.437+0000][1][safepoint    ] Total time for which application threads were stopped: 0.0000451 seconds, Stopping threads took: 0.0000079 seconds
[2019-12-09T03:06:28.437+0000][1][safepoint    ] Application time: 0.0000499 seconds
[2019-12-09T03:06:28.437+0000][1][safepoint    ] Entering safepoint region: RevokeBias
[2019-12-09T03:06:28.437+0000][1][safepoint    ] Leaving safepoint region
[2019-12-09T03:06:28.437+0000][1][safepoint    ] Total time for which application threads were stopped: 0.0000426 seconds, Stopping threads took: 0.0000081 seconds
[2019-12-09T03:06:28.437+0000][1][safepoint    ] Application time: 0.0000489 seconds
[2019-12-09T03:06:28.437+0000][1][safepoint    ] Entering safepoint region: RevokeBias
[2019-12-09T03:06:28.437+0000][1][safepoint    ] Leaving safepoint region
[2019-12-09T03:06:28.437+0000][1][safepoint    ] Total time for which application threads were stopped: 0.0000408 seconds, Stopping threads took: 0.0000077 seconds
[2019-12-09T03:06:28.438+0000][1][safepoint    ] Application time: 0.0000506 seconds
[2019-12-09T03:06:28.438+0000][1][safepoint    ] Entering safepoint region: RevokeBias
[2019-12-09T03:06:28.438+0000][1][safepoint    ] Leaving safepoint region
[2019-12-09T03:06:28.438+0000][1][safepoint    ] Total time for which application threads were stopped: 0.0000430 seconds, Stopping threads took: 0.0000081 seconds
[2019-12-09T03:06:28.438+0000][1][safepoint    ] Application time: 0.0000511 seconds
[2019-12-09T03:06:28.438+0000][1][safepoint    ] Entering safepoint region: BulkRevokeBias
[2019-12-09T03:06:28.438+0000][1][safepoint    ] Leaving safepoint region
[2019-12-09T03:06:28.438+0000][1][safepoint    ] Total time for which application threads were stopped: 0.0001443 seconds, Stopping threads took: 0.0000080 seconds
[2019-12-09T03:06:28.440+0000][1][safepoint    ] Application time: 0.0019834 seconds
[2019-12-09T03:06:28.442+0000][1][safepoint    ] Entering safepoint region: RevokeBias
[2019-12-09T03:06:28.442+0000][1][safepoint    ] Leaving safepoint region
[2019-12-09T03:06:28.442+0000][1][safepoint    ] Total time for which application threads were stopped: 0.0020438 seconds, Stopping threads took: 0.0019809 seconds
[2019-12-09T03:06:28.442+0000][1][safepoint    ] Application time: 0.0000986 seconds
[2019-12-09T03:06:28.442+0000][1][safepoint    ] Entering safepoint region: RevokeBias
[2019-12-09T03:06:28.442+0000][1][safepoint    ] Leaving safepoint region
[2019-12-09T03:06:28.442+0000][1][safepoint    ] Total time for which application threads were stopped: 0.0000583 seconds, Stopping threads took: 0.0000093 seconds
[2019-12-09T03:06:28.442+0000][1][safepoint    ] Application time: 0.0001822 seconds
[2019-12-09T03:06:28.442+0000][1][safepoint    ] Entering safepoint region: RevokeBias
[2019-12-09T03:06:28.442+0000][1][safepoint    ] Leaving safepoint region
[2019-12-09T03:06:28.442+0000][1][safepoint    ] Total time for which application threads were stopped: 0.0000698 seconds, Stopping threads took: 0.0000147 seconds
[2019-12-09T03:06:28.442+0000][1][safepoint    ] Application time: 0.0000687 seconds
[2019-12-09T03:06:28.442+0000][1][safepoint    ] Entering safepoint region: RevokeBias
[2019-12-09T03:06:28.442+0000][1][safepoint    ] Leaving safepoint region
[2019-12-09T03:06:28.442+0000][1][safepoint    ] Total time for which application threads were stopped: 0.0000542 seconds, Stopping threads took: 0.0000090 seconds
[2019-12-09T03:06:28.442+0000][1][safepoint    ] Application time: 0.0000546 seconds
[2019-12-09T03:06:28.443+0000][1][safepoint    ] Entering safepoint region: RevokeBias
[2019-12-09T03:06:28.443+0000][1][safepoint    ] Leaving safepoint region
[2019-12-09T03:06:28.443+0000][1][safepoint    ] Total time for which application threads were stopped: 0.0000526 seconds, Stopping threads took: 0.0000086 seconds
[2019-12-09T03:06:28.443+0000][1][safepoint    ] Application time: 0.0000599 seconds
[2019-12-09T03:06:28.443+0000][1][safepoint    ] Entering safepoint region: RevokeBias
[2019-12-09T03:06:28.443+0000][1][safepoint    ] Leaving safepoint region
[2019-12-09T03:06:28.443+0000][1][safepoint    ] Total time for which application threads were stopped: 0.0000449 seconds, Stopping threads took: 0.0000077 seconds
[2019-12-09T03:06:28.443+0000][1][safepoint    ] Application time: 0.0003054 seconds
[2019-12-09T03:06:28.443+0000][1][safepoint    ] Entering safepoint region: RevokeBias
[2019-12-09T03:06:28.443+0000][1][safepoint    ] Leaving safepoint region
[2019-12-09T03:06:28.443+0000][1][safepoint    ] Total time for which application threads were stopped: 0.0000683 seconds, Stopping threads took: 0.0000204 seconds
[2019-12-09T03:06:28.443+0000][1][safepoint    ] Application time: 0.0001229 seconds
[2019-12-09T03:06:28.443+0000][1][safepoint    ] Entering safepoint region: RevokeBias
[2019-12-09T03:06:28.443+0000][1][safepoint    ] Leaving safepoint region
[2019-12-09T03:06:28.443+0000][1][safepoint    ] Total time for which application threads were stopped: 0.0000523 seconds, Stopping threads took: 0.0000077 seconds
[2019-12-09T03:06:28.444+0000][1][safepoint    ] Application time: 0.0003342 seconds
[2019-12-09T03:06:28.444+0000][1][safepoint    ] Entering safepoint region: RevokeBias
[2019-12-09T03:06:28.444+0000][1][safepoint    ] Leaving safepoint region
[2019-12-09T03:06:28.444+0000][1][safepoint    ] Total time for which application threads were stopped: 0.0000844 seconds, Stopping threads took: 0.0000098 seconds
[2019-12-09T03:06:28.444+0000][1][safepoint    ] Application time: 0.0004287 seconds
[2019-12-09T03:06:28.444+0000][1][safepoint    ] Entering safepoint region: RevokeBias
[2019-12-09T03:06:28.444+0000][1][safepoint    ] Leaving safepoint region
[2019-12-09T03:06:28.444+0000][1][safepoint    ] Total time for which application threads were stopped: 0.0000620 seconds, Stopping threads took: 0.0000095 seconds
[2019-12-09T03:06:28.444+0000][1][safepoint    ] Application time: 0.0001331 seconds
[2019-12-09T03:06:28.444+0000][1][safepoint    ] Entering safepoint region: RevokeBias
[2019-12-09T03:06:28.444+0000][1][safepoint    ] Leaving safepoint region
[2019-12-09T03:06:28.444+0000][1][safepoint    ] Total time for which application threads were stopped: 0.0000579 seconds, Stopping threads took: 0.0000086 seconds
[2019-12-09T03:06:28.445+0000][1][safepoint    ] Application time: 0.0002055 seconds
[2019-12-09T03:06:28.445+0000][1][safepoint    ] Entering safepoint region: RevokeBias
[2019-12-09T03:06:28.445+0000][1][safepoint    ] Leaving safepoint region
[2019-12-09T03:06:28.445+0000][1][safepoint    ] Total time for which application threads were stopped: 0.0000654 seconds, Stopping threads took: 0.0000142 seconds
[2019-12-09T03:06:28.446+0000][1][safepoint    ] Application time: 0.0015312 seconds
[2019-12-09T03:06:28.446+0000][1][safepoint    ] Entering safepoint region: RevokeBias
[2019-12-09T03:06:28.446+0000][1][safepoint    ] Leaving safepoint region
[2019-12-09T03:06:28.446+0000][1][safepoint    ] Total time for which application threads were stopped: 0.0000768 seconds, Stopping threads took: 0.0000151 seconds
[2019-12-09T03:06:28.447+0000][1][safepoint    ] Application time: 0.0003122 seconds
[2019-12-09T03:06:28.447+0000][1][safepoint    ] Entering safepoint region: RevokeBias
[2019-12-09T03:06:28.447+0000][1][safepoint    ] Leaving safepoint region
[2019-12-09T03:06:28.447+0000][1][safepoint    ] Total time for which application threads were stopped: 0.0000683 seconds, Stopping threads took: 0.0000100 seconds
[2019-12-09T03:06:28.450+0000][1][safepoint    ] Application time: 0.0029290 seconds
[2019-12-09T03:06:28.450+0000][1][safepoint    ] Entering safepoint region: RevokeBias
[2019-12-09T03:06:28.450+0000][1][safepoint    ] Leaving safepoint region
[2019-12-09T03:06:28.450+0000][1][safepoint    ] Total time for which application threads were stopped: 0.0000693 seconds, Stopping threads took: 0.0000114 seconds
[2019-12-09T03:06:28.452+0000][1][safepoint    ] Application time: 0.0024352 seconds
[2019-12-09T03:06:28.452+0000][1][safepoint    ] Entering safepoint region: RevokeBias
[2019-12-09T03:06:28.452+0000][1][safepoint    ] Leaving safepoint region
[2019-12-09T03:06:28.452+0000][1][safepoint    ] Total time for which application threads were stopped: 0.0000469 seconds, Stopping threads took: 0.0000098 seconds
[2019-12-09T03:06:28.454+0000][1][safepoint    ] Application time: 0.0013516 seconds
[2019-12-09T03:06:28.454+0000][1][safepoint    ] Entering safepoint region: RevokeBias
[2019-12-09T03:06:28.454+0000][1][safepoint    ] Leaving safepoint region
[2019-12-09T03:06:28.454+0000][1][safepoint    ] Total time for which application threads were stopped: 0.0000873 seconds, Stopping threads took: 0.0000107 seconds
[2019-12-09T03:06:28.456+0000][1][safepoint    ] Application time: 0.0019318 seconds
[2019-12-09T03:06:28.457+0000][1][safepoint    ] Entering safepoint region: RevokeBias
[2019-12-09T03:06:28.457+0000][1][safepoint    ] Leaving safepoint region
[2019-12-09T03:06:28.457+0000][1][safepoint    ] Total time for which application threads were stopped: 0.0010480 seconds, Stopping threads took: 0.0009805 seconds
[2019-12-09T03:06:28.457+0000][1][safepoint    ] Application time: 0.0002378 seconds
[2019-12-09T03:06:28.457+0000][1][safepoint    ] Entering safepoint region: RevokeBias
[2019-12-09T03:06:28.457+0000][1][safepoint    ] Leaving safepoint region
[2019-12-09T03:06:28.457+0000][1][safepoint    ] Total time for which application threads were stopped: 0.0000642 seconds, Stopping threads took: 0.0000094 seconds
[2019-12-09T03:06:28.460+0000][1][safepoint    ] Application time: 0.0030628 seconds
[2019-12-09T03:06:28.460+0000][1][safepoint    ] Entering safepoint region: RevokeBias
[2019-12-09T03:06:28.460+0000][1][safepoint    ] Leaving safepoint region
[2019-12-09T03:06:28.460+0000][1][safepoint    ] Total time for which application threads were stopped: 0.0000430 seconds, Stopping threads took: 0.0000115 seconds
[2019-12-09T03:06:29.115+0000][1][safepoint    ] Application time: 0.6547177 seconds
[2019-12-09T03:06:29.115+0000][1][safepoint    ] Entering safepoint region: RevokeBias
[2019-12-09T03:06:29.115+0000][1][safepoint    ] Leaving safepoint region
[2019-12-09T03:06:29.115+0000][1][safepoint    ] Total time for which application threads were stopped: 0.0001444 seconds, Stopping threads took: 0.0000488 seconds
[2019-12-09T03:06:29.115+0000][1][safepoint    ] Application time: 0.0000705 seconds
[2019-12-09T03:06:29.115+0000][1][safepoint    ] Entering safepoint region: RevokeBias
[2019-12-09T03:06:29.115+0000][1][safepoint    ] Leaving safepoint region
[2019-12-09T03:06:29.115+0000][1][safepoint    ] Total time for which application threads were stopped: 0.0000370 seconds, Stopping threads took: 0.0000093 seconds
[2019-12-09T03:06:29.263+0000][1][safepoint    ] Application time: 0.1479358 seconds
[2019-12-09T03:06:29.263+0000][1][safepoint    ] Entering safepoint region: GenCollectForAllocation
[2019-12-09T03:06:29.263+0000][1][gc,start     ] GC(20) Pause Young (Allocation Failure)
[2019-12-09T03:06:29.263+0000][1][gc,task      ] GC(20) Using 2 workers of 2 for evacuation
[2019-12-09T03:06:29.477+0000][1][gc,age       ] GC(20) Desired survivor size 4456448 bytes, new threshold 2 (max threshold 6)
[2019-12-09T03:06:29.477+0000][1][gc,age       ] GC(20) Age table with threshold 2 (max threshold 6)
[2019-12-09T03:06:29.477+0000][1][gc,age       ] GC(20) - age   1:    2817168 bytes,    2817168 total
[2019-12-09T03:06:29.477+0000][1][gc,age       ] GC(20) - age   2:    2485872 bytes,    5303040 total
[2019-12-09T03:06:29.477+0000][1][gc,heap      ] GC(20) ParNew: 77183K->7549K(78656K)
[2019-12-09T03:06:29.477+0000][1][gc,heap      ] GC(20) CMS: 54640K->57759K(174784K)
[2019-12-09T03:06:29.477+0000][1][gc,metaspace ] GC(20) Metaspace: 48259K->48259K(1093632K)
[2019-12-09T03:06:29.477+0000][1][gc           ] GC(20) Pause Young (Allocation Failure) 128M->63M(247M) 213.412ms
[2019-12-09T03:06:29.477+0000][1][gc,cpu       ] GC(20) User=0.07s Sys=0.00s Real=0.22s
[2019-12-09T03:06:29.477+0000][1][safepoint    ] Leaving safepoint region
[2019-12-09T03:06:29.477+0000][1][safepoint    ] Total time for which application threads were stopped: 0.2135579 seconds, Stopping threads took: 0.0000224 seconds
[2019-12-09T03:06:30.149+0000][1][safepoint    ] Application time: 0.6721186 seconds
[2019-12-09T03:06:30.149+0000][1][safepoint    ] Entering safepoint region: RevokeBias
[2019-12-09T03:06:30.150+0000][1][safepoint    ] Leaving safepoint region
[2019-12-09T03:06:30.150+0000][1][safepoint    ] Total time for which application threads were stopped: 0.0009180 seconds, Stopping threads took: 0.0004492 seconds
[2019-12-09T03:06:30.150+0000][1][safepoint    ] Application time: 0.0000978 seconds
[2019-12-09T03:06:30.150+0000][1][safepoint    ] Entering safepoint region: RevokeBias
[2019-12-09T03:06:30.150+0000][1][safepoint    ] Leaving safepoint region
[2019-12-09T03:06:30.150+0000][1][safepoint    ] Total time for which application threads were stopped: 0.0000451 seconds, Stopping threads took: 0.0000100 seconds
[2019-12-09T03:06:30.389+0000][1][safepoint    ] Application time: 0.2392809 seconds
[2019-12-09T03:06:30.389+0000][1][safepoint    ] Entering safepoint region: RevokeBias
[2019-12-09T03:06:30.389+0000][1][safepoint    ] Leaving safepoint region
[2019-12-09T03:06:30.390+0000][1][safepoint    ] Total time for which application threads were stopped: 0.0000789 seconds, Stopping threads took: 0.0000164 seconds
[2019-12-09T03:06:31.179+0000][1][safepoint    ] Application time: 0.7894859 seconds
[2019-12-09T03:06:31.219+0000][1][safepoint    ] Entering safepoint region: RevokeBias
[2019-12-09T03:06:31.219+0000][1][safepoint    ] Leaving safepoint region
[2019-12-09T03:06:31.219+0000][1][safepoint    ] Total time for which application threads were stopped: 0.0397986 seconds, Stopping threads took: 0.0397293 seconds
[2019-12-09T03:06:31.246+0000][1][safepoint    ] Application time: 0.0271512 seconds
[2019-12-09T03:06:31.246+0000][1][safepoint    ] Entering safepoint region: RevokeBias
[2019-12-09T03:06:31.246+0000][1][safepoint    ] Leaving safepoint region
[2019-12-09T03:06:31.246+0000][1][safepoint    ] Total time for which application threads were stopped: 0.0000637 seconds, Stopping threads took: 0.0000126 seconds
[2019-12-09T03:06:31.263+0000][1][safepoint    ] Application time: 0.0166811 seconds
[2019-12-09T03:06:31.263+0000][1][safepoint    ] Entering safepoint region: RevokeBias
[2019-12-09T03:06:31.263+0000][1][safepoint    ] Leaving safepoint region
[2019-12-09T03:06:31.263+0000][1][safepoint    ] Total time for which application threads were stopped: 0.0000668 seconds, Stopping threads took: 0.0000138 seconds
[2019-12-09T03:06:31.298+0000][1][safepoint    ] Application time: 0.0354190 seconds
[2019-12-09T03:06:31.298+0000][1][safepoint    ] Entering safepoint region: RevokeBias
[2019-12-09T03:06:31.298+0000][1][safepoint    ] Leaving safepoint region
[2019-12-09T03:06:31.298+0000][1][safepoint    ] Total time for which application threads were stopped: 0.0000682 seconds, Stopping threads took: 0.0000146 seconds
[2019-12-09T03:06:31.307+0000][1][safepoint    ] Application time: 0.0082535 seconds
[2019-12-09T03:06:31.307+0000][1][safepoint    ] Entering safepoint region: RevokeBias
[2019-12-09T03:06:31.307+0000][1][safepoint    ] Leaving safepoint region
[2019-12-09T03:06:31.307+0000][1][safepoint    ] Total time for which application threads were stopped: 0.0000535 seconds, Stopping threads took: 0.0000130 seconds
[2019-12-09T03:06:31.362+0000][1][safepoint    ] Application time: 0.0548167 seconds
[2019-12-09T03:06:31.362+0000][1][safepoint    ] Entering safepoint region: RevokeBias
[2019-12-09T03:06:31.362+0000][1][safepoint    ] Leaving safepoint region
[2019-12-09T03:06:31.362+0000][1][safepoint    ] Total time for which application threads were stopped: 0.0000832 seconds, Stopping threads took: 0.0000140 seconds
[2019-12-09T03:06:31.431+0000][1][safepoint    ] Application time: 0.0689953 seconds
[2019-12-09T03:06:31.431+0000][1][safepoint    ] Entering safepoint region: RevokeBias
[2019-12-09T03:06:31.431+0000][1][safepoint    ] Leaving safepoint region
[2019-12-09T03:06:31.431+0000][1][safepoint    ] Total time for which application threads were stopped: 0.0000687 seconds, Stopping threads took: 0.0000154 seconds
[2019-12-09T03:06:31.456+0000][1][safepoint    ] Application time: 0.0250528 seconds
[2019-12-09T03:06:31.456+0000][1][safepoint    ] Entering safepoint region: RevokeBias
[2019-12-09T03:06:31.456+0000][1][safepoint    ] Leaving safepoint region
[2019-12-09T03:06:31.456+0000][1][safepoint    ] Total time for which application threads were stopped: 0.0000689 seconds, Stopping threads took: 0.0000161 seconds
[2019-12-09T03:06:31.557+0000][1][safepoint    ] Application time: 0.1010279 seconds
[2019-12-09T03:06:31.557+0000][1][safepoint    ] Entering safepoint region: RevokeBias
[2019-12-09T03:06:31.557+0000][1][safepoint    ] Leaving safepoint region
[2019-12-09T03:06:31.557+0000][1][safepoint    ] Total time for which application threads were stopped: 0.0000689 seconds, Stopping threads took: 0.0000151 seconds
[2019-12-09T03:06:32.271+0000][1][safepoint    ] Application time: 0.7139051 seconds
[2019-12-09T03:06:32.271+0000][1][safepoint    ] Entering safepoint region: RevokeBias
[2019-12-09T03:06:32.272+0000][1][safepoint    ] Leaving safepoint region
[2019-12-09T03:06:32.272+0000][1][safepoint    ] Total time for which application threads were stopped: 0.0005475 seconds, Stopping threads took: 0.0000743 seconds
[2019-12-09T03:06:33.046+0000][1][safepoint    ] Application time: 0.7743272 seconds
[2019-12-09T03:06:33.046+0000][1][safepoint    ] Entering safepoint region: RevokeBias
[2019-12-09T03:06:33.046+0000][1][safepoint    ] Leaving safepoint region
[2019-12-09T03:06:33.046+0000][1][safepoint    ] Total time for which application threads were stopped: 0.0000915 seconds, Stopping threads took: 0.0000162 seconds
[2019-12-09T03:06:34.056+0000][1][safepoint    ] Application time: 1.0096611 seconds
[2019-12-09T03:06:34.056+0000][1][safepoint    ] Entering safepoint region: Cleanup
[2019-12-09T03:06:34.056+0000][1][safepoint    ] Leaving safepoint region
[2019-12-09T03:06:34.056+0000][1][safepoint    ] Total time for which application threads were stopped: 0.0001017 seconds, Stopping threads took: 0.0000166 seconds
[2019-12-09T03:06:34.790+0000][1][safepoint    ] Application time: 0.7345018 seconds
[2019-12-09T03:06:34.790+0000][1][safepoint    ] Entering safepoint region: RevokeBias
[2019-12-09T03:06:34.791+0000][1][safepoint    ] Leaving safepoint region
[2019-12-09T03:06:34.791+0000][1][safepoint    ] Total time for which application threads were stopped: 0.0000796 seconds, Stopping threads took: 0.0000164 seconds
[2019-12-09T03:06:34.807+0000][1][safepoint    ] Application time: 0.0168866 seconds
[2019-12-09T03:06:34.807+0000][1][safepoint    ] Entering safepoint region: RevokeBias
[2019-12-09T03:06:34.807+0000][1][safepoint    ] Leaving safepoint region
[2019-12-09T03:06:34.808+0000][1][safepoint    ] Total time for which application threads were stopped: 0.0000608 seconds, Stopping threads took: 0.0000141 seconds
[2019-12-09T03:06:34.985+0000][1][safepoint    ] Application time: 0.1769902 seconds
[2019-12-09T03:06:34.985+0000][1][safepoint    ] Entering safepoint region: GenCollectForAllocation
[2019-12-09T03:06:34.985+0000][1][gc,start     ] GC(21) Pause Young (Allocation Failure)
[2019-12-09T03:06:34.985+0000][1][gc,task      ] GC(21) Using 2 workers of 2 for evacuation
[2019-12-09T03:06:35.097+0000][1][gc,age       ] GC(21) Desired survivor size 4456448 bytes, new threshold 6 (max threshold 6)
[2019-12-09T03:06:35.097+0000][1][gc,age       ] GC(21) Age table with threshold 6 (max threshold 6)
[2019-12-09T03:06:35.097+0000][1][gc,age       ] GC(21) - age   1:    1594800 bytes,    1594800 total
[2019-12-09T03:06:35.097+0000][1][gc,age       ] GC(21) - age   2:    2750072 bytes,    4344872 total
[2019-12-09T03:06:35.097+0000][1][gc,heap      ] GC(21) ParNew: 77501K->5142K(78656K)
[2019-12-09T03:06:35.097+0000][1][gc,heap      ] GC(21) CMS: 57759K->60252K(174784K)
[2019-12-09T03:06:35.097+0000][1][gc,metaspace ] GC(21) Metaspace: 55768K->55768K(1099776K)
[2019-12-09T03:06:35.097+0000][1][gc           ] GC(21) Pause Young (Allocation Failure) 132M->63M(247M) 112.791ms
[2019-12-09T03:06:35.097+0000][1][gc,cpu       ] GC(21) User=0.03s Sys=0.01s Real=0.12s
[2019-12-09T03:06:35.097+0000][1][safepoint    ] Leaving safepoint region
[2019-12-09T03:06:35.097+0000][1][safepoint    ] Total time for which application threads were stopped: 0.1129365 seconds, Stopping threads took: 0.0000147 seconds
[2019-12-09T03:06:36.100+0000][1][safepoint    ] Application time: 1.0024410 seconds
[2019-12-09T03:06:36.143+0000][1][safepoint    ] Entering safepoint region: Cleanup
[2019-12-09T03:06:36.143+0000][1][safepoint    ] Leaving safepoint region
[2019-12-09T03:06:36.143+0000][1][safepoint    ] Total time for which application threads were stopped: 0.0428953 seconds, Stopping threads took: 0.0428265 seconds
[2019-12-09T03:06:36.352+0000][1][safepoint    ] Application time: 0.2088938 seconds
[2019-12-09T03:06:36.352+0000][1][safepoint    ] Entering safepoint region: Deoptimize
[2019-12-09T03:06:36.352+0000][1][safepoint    ] Leaving safepoint region
[2019-12-09T03:06:36.352+0000][1][safepoint    ] Total time for which application threads were stopped: 0.0006653 seconds, Stopping threads took: 0.0000138 seconds
[2019-12-09T03:06:36.417+0000][1][safepoint    ] Application time: 0.0644875 seconds
[2019-12-09T03:06:36.417+0000][1][safepoint    ] Entering safepoint region: RevokeBias
[2019-12-09T03:06:36.417+0000][1][safepoint    ] Leaving safepoint region
[2019-12-09T03:06:36.417+0000][1][safepoint    ] Total time for which application threads were stopped: 0.0000952 seconds, Stopping threads took: 0.0000156 seconds
[2019-12-09T03:06:36.419+0000][1][safepoint    ] Application time: 0.0021932 seconds
[2019-12-09T03:06:36.419+0000][1][safepoint    ] Entering safepoint region: RevokeBias
[2019-12-09T03:06:36.419+0000][1][safepoint    ] Leaving safepoint region
[2019-12-09T03:06:36.419+0000][1][safepoint    ] Total time for which application threads were stopped: 0.0000614 seconds, Stopping threads took: 0.0000137 seconds
[2019-12-09T03:06:36.420+0000][1][safepoint    ] Application time: 0.0004669 seconds
[2019-12-09T03:06:36.420+0000][1][safepoint    ] Entering safepoint region: RevokeBias
[2019-12-09T03:06:36.420+0000][1][safepoint    ] Leaving safepoint region
[2019-12-09T03:06:36.420+0000][1][safepoint    ] Total time for which application threads were stopped: 0.0000602 seconds, Stopping threads took: 0.0000118 seconds
[2019-12-09T03:06:36.420+0000][1][safepoint    ] Application time: 0.0002738 seconds
[2019-12-09T03:06:36.420+0000][1][safepoint    ] Entering safepoint region: RevokeBias
[2019-12-09T03:06:36.420+0000][1][safepoint    ] Leaving safepoint region
[2019-12-09T03:06:36.420+0000][1][safepoint    ] Total time for which application threads were stopped: 0.0000433 seconds, Stopping threads took: 0.0000094 seconds
[2019-12-09T03:06:36.422+0000][1][safepoint    ] Application time: 0.0021481 seconds
[2019-12-09T03:06:36.422+0000][1][safepoint    ] Entering safepoint region: BulkRevokeBias
[2019-12-09T03:06:36.423+0000][1][safepoint    ] Leaving safepoint region
[2019-12-09T03:06:36.423+0000][1][safepoint    ] Total time for which application threads were stopped: 0.0002051 seconds, Stopping threads took: 0.0000122 seconds
[2019-12-09T03:06:36.737+0000][1][safepoint    ] Application time: 0.3141682 seconds
[2019-12-09T03:06:36.737+0000][1][safepoint    ] Entering safepoint region: RevokeBias
[2019-12-09T03:06:36.737+0000][1][safepoint    ] Leaving safepoint region
[2019-12-09T03:06:36.737+0000][1][safepoint    ] Total time for which application threads were stopped: 0.0001062 seconds, Stopping threads took: 0.0000150 seconds
[2019-12-09T03:06:36.737+0000][1][safepoint    ] Application time: 0.0001116 seconds
[2019-12-09T03:06:36.737+0000][1][safepoint    ] Entering safepoint region: RevokeBias
[2019-12-09T03:06:36.737+0000][1][safepoint    ] Leaving safepoint region
[2019-12-09T03:06:36.737+0000][1][safepoint    ] Total time for which application threads were stopped: 0.0000480 seconds, Stopping threads took: 0.0000093 seconds
[2019-12-09T03:06:36.737+0000][1][safepoint    ] Application time: 0.0001239 seconds
[2019-12-09T03:06:36.737+0000][1][safepoint    ] Entering safepoint region: RevokeBias
[2019-12-09T03:06:36.737+0000][1][safepoint    ] Leaving safepoint region
[2019-12-09T03:06:36.737+0000][1][safepoint    ] Total time for which application threads were stopped: 0.0000490 seconds, Stopping threads took: 0.0000093 seconds
[2019-12-09T03:06:36.752+0000][1][safepoint    ] Application time: 0.0146985 seconds
[2019-12-09T03:06:36.752+0000][1][safepoint    ] Entering safepoint region: RevokeBias
[2019-12-09T03:06:36.752+0000][1][safepoint    ] Leaving safepoint region
[2019-12-09T03:06:36.752+0000][1][safepoint    ] Total time for which application threads were stopped: 0.0000727 seconds, Stopping threads took: 0.0000138 seconds
[2019-12-09T03:06:37.055+0000][1][safepoint    ] Application time: 0.3028271 seconds
[2019-12-09T03:06:37.068+0000][1][safepoint    ] Entering safepoint region: RevokeBias
[2019-12-09T03:06:37.069+0000][1][safepoint    ] Leaving safepoint region
[2019-12-09T03:06:37.069+0000][1][safepoint    ] Total time for which application threads were stopped: 0.0138745 seconds, Stopping threads took: 0.0128024 seconds
[2019-12-09T03:06:37.069+0000][1][safepoint    ] Application time: 0.0000729 seconds
[2019-12-09T03:06:37.069+0000][1][safepoint    ] Entering safepoint region: RevokeBias
[2019-12-09T03:06:37.069+0000][1][safepoint    ] Leaving safepoint region
[2019-12-09T03:06:37.069+0000][1][safepoint    ] Total time for which application threads were stopped: 0.0000625 seconds, Stopping threads took: 0.0000085 seconds
[2019-12-09T03:06:37.069+0000][1][safepoint    ] Application time: 0.0001875 seconds
[2019-12-09T03:06:37.069+0000][1][safepoint    ] Entering safepoint region: RevokeBias
[2019-12-09T03:06:37.069+0000][1][safepoint    ] Leaving safepoint region
[2019-12-09T03:06:37.069+0000][1][safepoint    ] Total time for which application threads were stopped: 0.0000647 seconds, Stopping threads took: 0.0000098 seconds
[2019-12-09T03:06:38.112+0000][1][safepoint    ] Application time: 1.0424438 seconds
[2019-12-09T03:06:38.123+0000][1][safepoint    ] Entering safepoint region: Cleanup
[2019-12-09T03:06:38.123+0000][1][safepoint    ] Leaving safepoint region
[2019-12-09T03:06:38.123+0000][1][safepoint    ] Total time for which application threads were stopped: 0.0116449 seconds, Stopping threads took: 0.0110602 seconds
[2019-12-09T03:06:38.896+0000][1][safepoint    ] Application time: 0.7730017 seconds
[2019-12-09T03:06:38.896+0000][1][safepoint    ] Entering safepoint region: Deoptimize
[2019-12-09T03:06:38.897+0000][1][safepoint    ] Leaving safepoint region
[2019-12-09T03:06:38.897+0000][1][safepoint    ] Total time for which application threads were stopped: 0.0006969 seconds, Stopping threads took: 0.0000145 seconds
[2019-12-09T03:06:39.898+0000][1][safepoint    ] Application time: 1.0006453 seconds
[2019-12-09T03:06:39.898+0000][1][safepoint    ] Entering safepoint region: Cleanup
[2019-12-09T03:06:39.898+0000][1][safepoint    ] Leaving safepoint region
[2019-12-09T03:06:39.898+0000][1][safepoint    ] Total time for which application threads were stopped: 0.0002280 seconds, Stopping threads took: 0.0001411 seconds
[2019-12-09T03:06:40.901+0000][1][safepoint    ] Application time: 1.0026536 seconds
[2019-12-09T03:06:40.927+0000][1][safepoint    ] Entering safepoint region: Cleanup
[2019-12-09T03:06:40.927+0000][1][safepoint    ] Leaving safepoint region
[2019-12-09T03:06:40.927+0000][1][safepoint    ] Total time for which application threads were stopped: 0.0260934 seconds, Stopping threads took: 0.0259876 seconds
[2019-12-09T03:06:41.928+0000][1][safepoint    ] Application time: 1.0008681 seconds
[2019-12-09T03:06:41.961+0000][1][safepoint    ] Entering safepoint region: Cleanup
[2019-12-09T03:06:41.961+0000][1][safepoint    ] Leaving safepoint region
[2019-12-09T03:06:41.961+0000][1][safepoint    ] Total time for which application threads were stopped: 0.0330886 seconds, Stopping threads took: 0.0329929 seconds
[2019-12-09T03:06:42.424+0000][1][safepoint    ] Application time: 0.4631226 seconds
[2019-12-09T03:06:42.424+0000][1][safepoint    ] Entering safepoint region: RevokeBias
[2019-12-09T03:06:42.424+0000][1][safepoint    ] Leaving safepoint region
[2019-12-09T03:06:42.424+0000][1][safepoint    ] Total time for which application threads were stopped: 0.0000884 seconds, Stopping threads took: 0.0000163 seconds
[2019-12-09T03:06:42.598+0000][1][safepoint    ] Application time: 0.1735972 seconds
[2019-12-09T03:06:42.598+0000][1][safepoint    ] Entering safepoint region: GenCollectForAllocation
[2019-12-09T03:06:42.598+0000][1][gc,start     ] GC(22) Pause Young (Allocation Failure)
[2019-12-09T03:06:42.598+0000][1][gc,task      ] GC(22) Using 2 workers of 2 for evacuation
[2019-12-09T03:06:42.780+0000][1][gc,age       ] GC(22) Desired survivor size 4456448 bytes, new threshold 2 (max threshold 6)
[2019-12-09T03:06:42.780+0000][1][gc,age       ] GC(22) Age table with threshold 2 (max threshold 6)
[2019-12-09T03:06:42.780+0000][1][gc,age       ] GC(22) - age   1:    3635304 bytes,    3635304 total
[2019-12-09T03:06:42.780+0000][1][gc,age       ] GC(22) - age   2:    1503344 bytes,    5138648 total
[2019-12-09T03:06:42.780+0000][1][gc,age       ] GC(22) - age   3:    2727744 bytes,    7866392 total
[2019-12-09T03:06:42.780+0000][1][gc,heap      ] GC(22) ParNew: 75094K->8704K(78656K)
[2019-12-09T03:06:42.780+0000][1][gc,heap      ] GC(22) CMS: 60252K->60252K(174784K)
[2019-12-09T03:06:42.780+0000][1][gc,metaspace ] GC(22) Metaspace: 62931K->62931K(1105920K)
[2019-12-09T03:06:42.780+0000][1][gc           ] GC(22) Pause Young (Allocation Failure) 132M->67M(247M) 182.478ms
[2019-12-09T03:06:42.780+0000][1][gc,cpu       ] GC(22) User=0.04s Sys=0.00s Real=0.18s
[2019-12-09T03:06:42.780+0000][1][safepoint    ] Leaving safepoint region
[2019-12-09T03:06:42.780+0000][1][safepoint    ] Total time for which application threads were stopped: 0.1826461 seconds, Stopping threads took: 0.0000269 seconds
[2019-12-09T03:06:43.329+0000][1][safepoint    ] Application time: 0.5483157 seconds
[2019-12-09T03:06:43.329+0000][1][safepoint    ] Entering safepoint region: RevokeBias
[2019-12-09T03:06:43.329+0000][1][safepoint    ] Leaving safepoint region
[2019-12-09T03:06:43.329+0000][1][safepoint    ] Total time for which application threads were stopped: 0.0002687 seconds, Stopping threads took: 0.0001750 seconds
[2019-12-09T03:06:43.329+0000][1][safepoint    ] Application time: 0.0000771 seconds
[2019-12-09T03:06:43.329+0000][1][safepoint    ] Entering safepoint region: RevokeBias
[2019-12-09T03:06:43.329+0000][1][safepoint    ] Leaving safepoint region
[2019-12-09T03:06:43.329+0000][1][safepoint    ] Total time for which application threads were stopped: 0.0000440 seconds, Stopping threads took: 0.0000081 seconds
[2019-12-09T03:06:43.329+0000][1][safepoint    ] Application time: 0.0000486 seconds
[2019-12-09T03:06:43.329+0000][1][safepoint    ] Entering safepoint region: RevokeBias
[2019-12-09T03:06:43.329+0000][1][safepoint    ] Leaving safepoint region
[2019-12-09T03:06:43.329+0000][1][safepoint    ] Total time for which application threads were stopped: 0.0000402 seconds, Stopping threads took: 0.0000071 seconds
[2019-12-09T03:06:43.329+0000][1][safepoint    ] Application time: 0.0000479 seconds
[2019-12-09T03:06:43.329+0000][1][safepoint    ] Entering safepoint region: RevokeBias
[2019-12-09T03:06:43.329+0000][1][safepoint    ] Leaving safepoint region
[2019-12-09T03:06:43.329+0000][1][safepoint    ] Total time for which application threads were stopped: 0.0000379 seconds, Stopping threads took: 0.0000067 seconds
[2019-12-09T03:06:43.329+0000][1][safepoint    ] Application time: 0.0000476 seconds
[2019-12-09T03:06:43.329+0000][1][safepoint    ] Entering safepoint region: RevokeBias
[2019-12-09T03:06:43.329+0000][1][safepoint    ] Leaving safepoint region
[2019-12-09T03:06:43.329+0000][1][safepoint    ] Total time for which application threads were stopped: 0.0000378 seconds, Stopping threads took: 0.0000066 seconds
[2019-12-09T03:06:43.330+0000][1][safepoint    ] Application time: 0.0000523 seconds
[2019-12-09T03:06:43.330+0000][1][safepoint    ] Entering safepoint region: RevokeBias
[2019-12-09T03:06:43.330+0000][1][safepoint    ] Leaving safepoint region
[2019-12-09T03:06:43.330+0000][1][safepoint    ] Total time for which application threads were stopped: 0.0000376 seconds, Stopping threads took: 0.0000066 seconds
[2019-12-09T03:06:43.330+0000][1][safepoint    ] Application time: 0.0000481 seconds
[2019-12-09T03:06:43.330+0000][1][safepoint    ] Entering safepoint region: RevokeBias
[2019-12-09T03:06:43.330+0000][1][safepoint    ] Leaving safepoint region
[2019-12-09T03:06:43.330+0000][1][safepoint    ] Total time for which application threads were stopped: 0.0000375 seconds, Stopping threads took: 0.0000067 seconds
[2019-12-09T03:06:43.330+0000][1][safepoint    ] Application time: 0.0000642 seconds
[2019-12-09T03:06:43.330+0000][1][safepoint    ] Entering safepoint region: RevokeBias
[2019-12-09T03:06:43.330+0000][1][safepoint    ] Leaving safepoint region
[2019-12-09T03:06:43.330+0000][1][safepoint    ] Total time for which application threads were stopped: 0.0000434 seconds, Stopping threads took: 0.0000070 seconds
[2019-12-09T03:06:43.577+0000][1][safepoint    ] Application time: 0.2469425 seconds
[2019-12-09T03:06:43.577+0000][1][safepoint    ] Entering safepoint region: Deoptimize
[2019-12-09T03:06:43.577+0000][1][safepoint    ] Leaving safepoint region
[2019-12-09T03:06:43.577+0000][1][safepoint    ] Total time for which application threads were stopped: 0.0006432 seconds, Stopping threads took: 0.0000166 seconds
[2019-12-09T03:06:43.641+0000][1][safepoint    ] Application time: 0.0636090 seconds
[2019-12-09T03:06:43.641+0000][1][safepoint    ] Entering safepoint region: BulkRevokeBias
[2019-12-09T03:06:43.641+0000][1][safepoint    ] Leaving safepoint region
[2019-12-09T03:06:43.641+0000][1][safepoint    ] Total time for which application threads were stopped: 0.0001767 seconds, Stopping threads took: 0.0000254 seconds
[2019-12-09T03:06:43.643+0000][1][safepoint    ] Application time: 0.0013150 seconds
[2019-12-09T03:06:43.643+0000][1][safepoint    ] Entering safepoint region: RevokeBias
[2019-12-09T03:06:43.643+0000][1][safepoint    ] Leaving safepoint region
[2019-12-09T03:06:43.643+0000][1][safepoint    ] Total time for which application threads were stopped: 0.0000700 seconds, Stopping threads took: 0.0000126 seconds
[2019-12-09T03:06:43.643+0000][1][safepoint    ] Application time: 0.0004468 seconds
[2019-12-09T03:06:43.643+0000][1][safepoint    ] Entering safepoint region: RevokeBias
[2019-12-09T03:06:43.643+0000][1][safepoint    ] Leaving safepoint region
[2019-12-09T03:06:43.643+0000][1][safepoint    ] Total time for which application threads were stopped: 0.0000828 seconds, Stopping threads took: 0.0000112 seconds
[2019-12-09T03:06:43.643+0000][1][safepoint    ] Application time: 0.0000610 seconds
[2019-12-09T03:06:43.643+0000][1][safepoint    ] Entering safepoint region: RevokeBias
[2019-12-09T03:06:43.643+0000][1][safepoint    ] Leaving safepoint region
[2019-12-09T03:06:43.643+0000][1][safepoint    ] Total time for which application threads were stopped: 0.0000516 seconds, Stopping threads took: 0.0000086 seconds
[2019-12-09T03:06:43.644+0000][1][safepoint    ] Application time: 0.0003628 seconds
[2019-12-09T03:06:43.644+0000][1][safepoint    ] Entering safepoint region: RevokeBias
[2019-12-09T03:06:43.644+0000][1][safepoint    ] Leaving safepoint region
[2019-12-09T03:06:43.644+0000][1][safepoint    ] Total time for which application threads were stopped: 0.0000554 seconds, Stopping threads took: 0.0000101 seconds
[2019-12-09T03:06:43.644+0000][1][safepoint    ] Application time: 0.0001934 seconds
[2019-12-09T03:06:43.644+0000][1][safepoint    ] Entering safepoint region: RevokeBias
[2019-12-09T03:06:43.644+0000][1][safepoint    ] Leaving safepoint region
[2019-12-09T03:06:43.644+0000][1][safepoint    ] Total time for which application threads were stopped: 0.0000533 seconds, Stopping threads took: 0.0000090 seconds
[2019-12-09T03:06:43.644+0000][1][safepoint    ] Application time: 0.0000567 seconds
[2019-12-09T03:06:43.644+0000][1][safepoint    ] Entering safepoint region: RevokeBias
[2019-12-09T03:06:43.644+0000][1][safepoint    ] Leaving safepoint region
[2019-12-09T03:06:43.644+0000][1][safepoint    ] Total time for which application threads were stopped: 0.0000462 seconds, Stopping threads took: 0.0000080 seconds
[2019-12-09T03:06:43.646+0000][1][safepoint    ] Application time: 0.0016904 seconds
[2019-12-09T03:06:43.646+0000][1][safepoint    ] Entering safepoint region: RevokeBias
[2019-12-09T03:06:43.646+0000][1][safepoint    ] Leaving safepoint region
[2019-12-09T03:06:43.646+0000][1][safepoint    ] Total time for which application threads were stopped: 0.0000641 seconds, Stopping threads took: 0.0000111 seconds
[2019-12-09T03:06:43.655+0000][1][safepoint    ] Application time: 0.0089034 seconds
[2019-12-09T03:06:43.655+0000][1][safepoint    ] Entering safepoint region: RevokeBias
[2019-12-09T03:06:43.655+0000][1][safepoint    ] Leaving safepoint region
[2019-12-09T03:06:43.655+0000][1][safepoint    ] Total time for which application threads were stopped: 0.0000741 seconds, Stopping threads took: 0.0000116 seconds
[2019-12-09T03:06:43.669+0000][1][safepoint    ] Application time: 0.0143455 seconds
[2019-12-09T03:06:43.669+0000][1][safepoint    ] Entering safepoint region: Deoptimize
[2019-12-09T03:06:43.670+0000][1][safepoint    ] Leaving safepoint region
[2019-12-09T03:06:43.670+0000][1][safepoint    ] Total time for which application threads were stopped: 0.0006770 seconds, Stopping threads took: 0.0000119 seconds
[2019-12-09T03:06:43.671+0000][1][safepoint    ] Application time: 0.0005001 seconds
[2019-12-09T03:06:43.671+0000][1][safepoint    ] Entering safepoint region: RevokeBias
[2019-12-09T03:06:43.671+0000][1][safepoint    ] Leaving safepoint region
[2019-12-09T03:06:43.671+0000][1][safepoint    ] Total time for which application threads were stopped: 0.0000430 seconds, Stopping threads took: 0.0000107 seconds
[2019-12-09T03:06:44.043+0000][1][safepoint    ] Application time: 0.3726131 seconds
[2019-12-09T03:06:44.058+0000][1][safepoint    ] Entering safepoint region: RevokeBias
[2019-12-09T03:06:44.058+0000][1][safepoint    ] Leaving safepoint region
[2019-12-09T03:06:44.058+0000][1][safepoint    ] Total time for which application threads were stopped: 0.0147217 seconds, Stopping threads took: 0.0146392 seconds
[2019-12-09T03:06:44.060+0000][1][safepoint    ] Application time: 0.0024097 seconds
[2019-12-09T03:06:44.065+0000][1][safepoint    ] Entering safepoint region: RevokeBias
[2019-12-09T03:06:44.065+0000][1][safepoint    ] Leaving safepoint region
[2019-12-09T03:06:44.065+0000][1][safepoint    ] Total time for which application threads were stopped: 0.0044435 seconds, Stopping threads took: 0.0043726 seconds
[2019-12-09T03:06:44.065+0000][1][safepoint    ] Application time: 0.0001846 seconds
[2019-12-09T03:06:44.065+0000][1][safepoint    ] Entering safepoint region: RevokeBias
[2019-12-09T03:06:44.065+0000][1][safepoint    ] Leaving safepoint region
[2019-12-09T03:06:44.065+0000][1][safepoint    ] Total time for which application threads were stopped: 0.0000691 seconds, Stopping threads took: 0.0000124 seconds
[2019-12-09T03:06:44.066+0000][1][safepoint    ] Application time: 0.0005866 seconds
[2019-12-09T03:06:44.066+0000][1][safepoint    ] Entering safepoint region: RevokeBias
[2019-12-09T03:06:44.066+0000][1][safepoint    ] Leaving safepoint region
[2019-12-09T03:06:44.066+0000][1][safepoint    ] Total time for which application threads were stopped: 0.0000627 seconds, Stopping threads took: 0.0000127 seconds
[2019-12-09T03:06:44.066+0000][1][safepoint    ] Application time: 0.0000657 seconds
[2019-12-09T03:06:44.066+0000][1][safepoint    ] Entering safepoint region: RevokeBias
[2019-12-09T03:06:44.066+0000][1][safepoint    ] Leaving safepoint region
[2019-12-09T03:06:44.066+0000][1][safepoint    ] Total time for which application threads were stopped: 0.0000458 seconds, Stopping threads took: 0.0000089 seconds
[2019-12-09T03:06:44.079+0000][1][safepoint    ] Application time: 0.0128856 seconds
[2019-12-09T03:06:44.079+0000][1][safepoint    ] Entering safepoint region: RevokeBias
[2019-12-09T03:06:44.079+0000][1][safepoint    ] Leaving safepoint region
[2019-12-09T03:06:44.079+0000][1][safepoint    ] Total time for which application threads were stopped: 0.0000538 seconds, Stopping threads took: 0.0000121 seconds
[2019-12-09T03:06:44.079+0000][1][safepoint    ] Application time: 0.0004621 seconds
[2019-12-09T03:06:44.079+0000][1][safepoint    ] Entering safepoint region: RevokeBias
[2019-12-09T03:06:44.079+0000][1][safepoint    ] Leaving safepoint region
[2019-12-09T03:06:44.079+0000][1][safepoint    ] Total time for which application threads were stopped: 0.0000560 seconds, Stopping threads took: 0.0000121 seconds
[2019-12-09T03:06:44.093+0000][1][safepoint    ] Application time: 0.0137204 seconds
[2019-12-09T03:06:44.096+0000][1][safepoint    ] Entering safepoint region: RevokeBias
[2019-12-09T03:06:44.096+0000][1][safepoint    ] Leaving safepoint region
[2019-12-09T03:06:44.096+0000][1][safepoint    ] Total time for which application threads were stopped: 0.0029439 seconds, Stopping threads took: 0.0028891 seconds
[2019-12-09T03:06:44.096+0000][1][safepoint    ] Application time: 0.0003196 seconds
[2019-12-09T03:06:44.097+0000][1][safepoint    ] Entering safepoint region: RevokeBias
[2019-12-09T03:06:44.097+0000][1][safepoint    ] Leaving safepoint region
[2019-12-09T03:06:44.097+0000][1][safepoint    ] Total time for which application threads were stopped: 0.0000794 seconds, Stopping threads took: 0.0000102 seconds
[2019-12-09T03:06:44.100+0000][1][safepoint    ] Application time: 0.0038328 seconds
[2019-12-09T03:06:44.100+0000][1][safepoint    ] Entering safepoint region: RevokeBias
[2019-12-09T03:06:44.101+0000][1][safepoint    ] Leaving safepoint region
[2019-12-09T03:06:44.101+0000][1][safepoint    ] Total time for which application threads were stopped: 0.0001336 seconds, Stopping threads took: 0.0000530 seconds
[2019-12-09T03:06:44.101+0000][1][safepoint    ] Application time: 0.0004849 seconds
[2019-12-09T03:06:44.101+0000][1][safepoint    ] Entering safepoint region: RevokeBias
[2019-12-09T03:06:44.101+0000][1][safepoint    ] Leaving safepoint region
[2019-12-09T03:06:44.101+0000][1][safepoint    ] Total time for which application threads were stopped: 0.0000576 seconds, Stopping threads took: 0.0000111 seconds
[2019-12-09T03:06:44.101+0000][1][safepoint    ] Application time: 0.0000595 seconds
[2019-12-09T03:06:44.101+0000][1][safepoint    ] Entering safepoint region: RevokeBias
[2019-12-09T03:06:44.101+0000][1][safepoint    ] Leaving safepoint region
[2019-12-09T03:06:44.101+0000][1][safepoint    ] Total time for which application threads were stopped: 0.0000488 seconds, Stopping threads took: 0.0000094 seconds
[2019-12-09T03:06:44.111+0000][1][safepoint    ] Application time: 0.0096971 seconds
[2019-12-09T03:06:44.117+0000][1][safepoint    ] Entering safepoint region: RevokeBias
[2019-12-09T03:06:44.117+0000][1][safepoint    ] Leaving safepoint region
[2019-12-09T03:06:44.117+0000][1][safepoint    ] Total time for which application threads were stopped: 0.0058289 seconds, Stopping threads took: 0.0057730 seconds
[2019-12-09T03:06:44.117+0000][1][safepoint    ] Application time: 0.0000725 seconds
[2019-12-09T03:06:44.117+0000][1][safepoint    ] Entering safepoint region: RevokeBias
[2019-12-09T03:06:44.117+0000][1][safepoint    ] Leaving safepoint region
[2019-12-09T03:06:44.117+0000][1][safepoint    ] Total time for which application threads were stopped: 0.0000503 seconds, Stopping threads took: 0.0000102 seconds
[2019-12-09T03:06:44.121+0000][1][safepoint    ] Application time: 0.0039006 seconds
[2019-12-09T03:06:44.121+0000][1][safepoint    ] Entering safepoint region: RevokeBias
[2019-12-09T03:06:44.121+0000][1][safepoint    ] Leaving safepoint region
[2019-12-09T03:06:44.121+0000][1][safepoint    ] Total time for which application threads were stopped: 0.0000557 seconds, Stopping threads took: 0.0000127 seconds
[2019-12-09T03:06:44.121+0000][1][safepoint    ] Application time: 0.0005272 seconds
[2019-12-09T03:06:44.122+0000][1][safepoint    ] Entering safepoint region: RevokeBias
[2019-12-09T03:06:44.122+0000][1][safepoint    ] Leaving safepoint region
[2019-12-09T03:06:44.122+0000][1][safepoint    ] Total time for which application threads were stopped: 0.0000521 seconds, Stopping threads took: 0.0000105 seconds
[2019-12-09T03:06:44.122+0000][1][safepoint    ] Application time: 0.0002825 seconds
[2019-12-09T03:06:44.122+0000][1][safepoint    ] Entering safepoint region: RevokeBias
[2019-12-09T03:06:44.122+0000][1][safepoint    ] Leaving safepoint region
[2019-12-09T03:06:44.122+0000][1][safepoint    ] Total time for which application threads were stopped: 0.0000521 seconds, Stopping threads took: 0.0000100 seconds
[2019-12-09T03:06:44.122+0000][1][safepoint    ] Application time: 0.0000764 seconds
[2019-12-09T03:06:44.122+0000][1][safepoint    ] Entering safepoint region: RevokeBias
[2019-12-09T03:06:44.122+0000][1][safepoint    ] Leaving safepoint region
[2019-12-09T03:06:44.122+0000][1][safepoint    ] Total time for which application threads were stopped: 0.0000433 seconds, Stopping threads took: 0.0000088 seconds
[2019-12-09T03:06:44.122+0000][1][safepoint    ] Application time: 0.0003874 seconds
[2019-12-09T03:06:44.122+0000][1][safepoint    ] Entering safepoint region: RevokeBias
[2019-12-09T03:06:44.123+0000][1][safepoint    ] Leaving safepoint region
[2019-12-09T03:06:44.123+0000][1][safepoint    ] Total time for which application threads were stopped: 0.0000693 seconds, Stopping threads took: 0.0000098 seconds
[2019-12-09T03:06:44.123+0000][1][safepoint    ] Application time: 0.0000554 seconds
[2019-12-09T03:06:44.123+0000][1][safepoint    ] Entering safepoint region: RevokeBias
[2019-12-09T03:06:44.123+0000][1][safepoint    ] Leaving safepoint region
[2019-12-09T03:06:44.123+0000][1][safepoint    ] Total time for which application threads were stopped: 0.0000471 seconds, Stopping threads took: 0.0000085 seconds
[2019-12-09T03:06:44.123+0000][1][safepoint    ] Application time: 0.0000663 seconds
[2019-12-09T03:06:44.123+0000][1][safepoint    ] Entering safepoint region: RevokeBias
[2019-12-09T03:06:44.123+0000][1][safepoint    ] Leaving safepoint region
[2019-12-09T03:06:44.123+0000][1][safepoint    ] Total time for which application threads were stopped: 0.0000457 seconds, Stopping threads took: 0.0000083 seconds
[2019-12-09T03:06:44.128+0000][1][safepoint    ] Application time: 0.0051884 seconds
[2019-12-09T03:06:44.128+0000][1][safepoint    ] Entering safepoint region: RevokeBias
[2019-12-09T03:06:44.128+0000][1][safepoint    ] Leaving safepoint region
[2019-12-09T03:06:44.128+0000][1][safepoint    ] Total time for which application threads were stopped: 0.0000638 seconds, Stopping threads took: 0.0000120 seconds
[2019-12-09T03:06:44.128+0000][1][safepoint    ] Application time: 0.0000617 seconds
[2019-12-09T03:06:44.128+0000][1][safepoint    ] Entering safepoint region: RevokeBias
[2019-12-09T03:06:44.128+0000][1][safepoint    ] Leaving safepoint region
[2019-12-09T03:06:44.128+0000][1][safepoint    ] Total time for which application threads were stopped: 0.0000529 seconds, Stopping threads took: 0.0000090 seconds
[2019-12-09T03:06:44.132+0000][1][safepoint    ] Application time: 0.0038633 seconds
[2019-12-09T03:06:44.132+0000][1][safepoint    ] Entering safepoint region: RevokeBias
[2019-12-09T03:06:44.132+0000][1][safepoint    ] Leaving safepoint region
[2019-12-09T03:06:44.132+0000][1][safepoint    ] Total time for which application threads were stopped: 0.0000646 seconds, Stopping threads took: 0.0000129 seconds
[2019-12-09T03:06:44.135+0000][1][safepoint    ] Application time: 0.0027760 seconds
[2019-12-09T03:06:44.143+0000][1][safepoint    ] Entering safepoint region: RevokeBias
[2019-12-09T03:06:44.143+0000][1][safepoint    ] Leaving safepoint region
[2019-12-09T03:06:44.143+0000][1][safepoint    ] Total time for which application threads were stopped: 0.0078665 seconds, Stopping threads took: 0.0077874 seconds
[2019-12-09T03:06:44.143+0000][1][safepoint    ] Application time: 0.0001192 seconds
[2019-12-09T03:06:44.143+0000][1][safepoint    ] Entering safepoint region: RevokeBias
[2019-12-09T03:06:44.143+0000][1][safepoint    ] Leaving safepoint region
[2019-12-09T03:06:44.143+0000][1][safepoint    ] Total time for which application threads were stopped: 0.0000642 seconds, Stopping threads took: 0.0000196 seconds
[2019-12-09T03:06:44.143+0000][1][safepoint    ] Application time: 0.0000581 seconds
[2019-12-09T03:06:44.143+0000][1][safepoint    ] Entering safepoint region: RevokeBias
[2019-12-09T03:06:44.143+0000][1][safepoint    ] Leaving safepoint region
[2019-12-09T03:06:44.143+0000][1][safepoint    ] Total time for which application threads were stopped: 0.0000478 seconds, Stopping threads took: 0.0000081 seconds
[2019-12-09T03:06:44.143+0000][1][safepoint    ] Application time: 0.0000795 seconds
[2019-12-09T03:06:44.143+0000][1][safepoint    ] Entering safepoint region: RevokeBias
[2019-12-09T03:06:44.143+0000][1][safepoint    ] Leaving safepoint region
[2019-12-09T03:06:44.143+0000][1][safepoint    ] Total time for which application threads were stopped: 0.0000478 seconds, Stopping threads took: 0.0000084 seconds
[2019-12-09T03:06:44.147+0000][1][safepoint    ] Application time: 0.0032114 seconds
[2019-12-09T03:06:44.147+0000][1][safepoint    ] Entering safepoint region: RevokeBias
[2019-12-09T03:06:44.147+0000][1][safepoint    ] Leaving safepoint region
[2019-12-09T03:06:44.147+0000][1][safepoint    ] Total time for which application threads were stopped: 0.0000619 seconds, Stopping threads took: 0.0000128 seconds
[2019-12-09T03:06:44.147+0000][1][safepoint    ] Application time: 0.0001063 seconds
[2019-12-09T03:06:44.147+0000][1][safepoint    ] Entering safepoint region: RevokeBias
[2019-12-09T03:06:44.147+0000][1][safepoint    ] Leaving safepoint region
[2019-12-09T03:06:44.147+0000][1][safepoint    ] Total time for which application threads were stopped: 0.0000541 seconds, Stopping threads took: 0.0000103 seconds
[2019-12-09T03:06:44.179+0000][1][safepoint    ] Application time: 0.0320533 seconds
[2019-12-09T03:06:44.179+0000][1][safepoint    ] Entering safepoint region: RevokeBias
[2019-12-09T03:06:44.179+0000][1][safepoint    ] Leaving safepoint region
[2019-12-09T03:06:44.179+0000][1][safepoint    ] Total time for which application threads were stopped: 0.0001011 seconds, Stopping threads took: 0.0000404 seconds
[2019-12-09T03:06:44.192+0000][1][safepoint    ] Application time: 0.0130990 seconds
[2019-12-09T03:06:44.192+0000][1][safepoint    ] Entering safepoint region: RevokeBias
[2019-12-09T03:06:44.192+0000][1][safepoint    ] Leaving safepoint region
[2019-12-09T03:06:44.192+0000][1][safepoint    ] Total time for which application threads were stopped: 0.0000811 seconds, Stopping threads took: 0.0000140 seconds
[2019-12-09T03:06:44.192+0000][1][safepoint    ] Application time: 0.0000883 seconds
[2019-12-09T03:06:44.192+0000][1][safepoint    ] Entering safepoint region: RevokeBias
[2019-12-09T03:06:44.192+0000][1][safepoint    ] Leaving safepoint region
[2019-12-09T03:06:44.192+0000][1][safepoint    ] Total time for which application threads were stopped: 0.0000498 seconds, Stopping threads took: 0.0000091 seconds
[2019-12-09T03:06:44.199+0000][1][safepoint    ] Application time: 0.0061570 seconds
[2019-12-09T03:06:44.199+0000][1][safepoint    ] Entering safepoint region: RevokeBias
[2019-12-09T03:06:44.199+0000][1][safepoint    ] Leaving safepoint region
[2019-12-09T03:06:44.199+0000][1][safepoint    ] Total time for which application threads were stopped: 0.0000738 seconds, Stopping threads took: 0.0000138 seconds
[2019-12-09T03:06:44.199+0000][1][safepoint    ] Application time: 0.0001271 seconds
[2019-12-09T03:06:44.199+0000][1][safepoint    ] Entering safepoint region: RevokeBias
[2019-12-09T03:06:44.199+0000][1][safepoint    ] Leaving safepoint region
[2019-12-09T03:06:44.199+0000][1][safepoint    ] Total time for which application threads were stopped: 0.0000538 seconds, Stopping threads took: 0.0000093 seconds
[2019-12-09T03:06:44.201+0000][1][safepoint    ] Application time: 0.0020558 seconds
[2019-12-09T03:06:44.201+0000][1][safepoint    ] Entering safepoint region: RevokeBias
[2019-12-09T03:06:44.201+0000][1][safepoint    ] Leaving safepoint region
[2019-12-09T03:06:44.201+0000][1][safepoint    ] Total time for which application threads were stopped: 0.0000622 seconds, Stopping threads took: 0.0000115 seconds
[2019-12-09T03:06:44.201+0000][1][safepoint    ] Application time: 0.0000782 seconds
[2019-12-09T03:06:44.201+0000][1][safepoint    ] Entering safepoint region: RevokeBias
[2019-12-09T03:06:44.201+0000][1][safepoint    ] Leaving safepoint region
[2019-12-09T03:06:44.201+0000][1][safepoint    ] Total time for which application threads were stopped: 0.0000425 seconds, Stopping threads took: 0.0000080 seconds
[2019-12-09T03:06:44.211+0000][1][safepoint    ] Application time: 0.0101609 seconds
[2019-12-09T03:06:44.211+0000][1][safepoint    ] Entering safepoint region: RevokeBias
[2019-12-09T03:06:44.211+0000][1][safepoint    ] Leaving safepoint region
[2019-12-09T03:06:44.211+0000][1][safepoint    ] Total time for which application threads were stopped: 0.0000713 seconds, Stopping threads took: 0.0000135 seconds
[2019-12-09T03:06:44.212+0000][1][safepoint    ] Application time: 0.0005236 seconds
[2019-12-09T03:06:44.212+0000][1][safepoint    ] Entering safepoint region: RevokeBias
[2019-12-09T03:06:44.212+0000][1][safepoint    ] Leaving safepoint region
[2019-12-09T03:06:44.212+0000][1][safepoint    ] Total time for which application threads were stopped: 0.0000610 seconds, Stopping threads took: 0.0000111 seconds
[2019-12-09T03:06:44.253+0000][1][safepoint    ] Application time: 0.0411442 seconds
[2019-12-09T03:06:44.254+0000][1][safepoint    ] Entering safepoint region: RevokeBias
[2019-12-09T03:06:44.255+0000][1][safepoint    ] Leaving safepoint region
[2019-12-09T03:06:44.255+0000][1][safepoint    ] Total time for which application threads were stopped: 0.0013909 seconds, Stopping threads took: 0.0012670 seconds
[2019-12-09T03:06:44.286+0000][1][safepoint    ] Application time: 0.0317505 seconds
[2019-12-09T03:06:44.337+0000][1][safepoint    ] Entering safepoint region: RevokeBias
[2019-12-09T03:06:44.337+0000][1][safepoint    ] Leaving safepoint region
[2019-12-09T03:06:44.337+0000][1][safepoint    ] Total time for which application threads were stopped: 0.0503019 seconds, Stopping threads took: 0.0501926 seconds
[2019-12-09T03:06:44.381+0000][1][safepoint    ] Application time: 0.0447090 seconds
[2019-12-09T03:06:44.390+0000][1][safepoint    ] Entering safepoint region: RevokeBias
[2019-12-09T03:06:44.390+0000][1][safepoint    ] Leaving safepoint region
[2019-12-09T03:06:44.390+0000][1][safepoint    ] Total time for which application threads were stopped: 0.0084903 seconds, Stopping threads took: 0.0083482 seconds
[2019-12-09T03:06:44.390+0000][1][safepoint    ] Application time: 0.0004956 seconds
[2019-12-09T03:06:44.390+0000][1][safepoint    ] Entering safepoint region: RevokeBias
[2019-12-09T03:06:44.391+0000][1][safepoint    ] Leaving safepoint region
[2019-12-09T03:06:44.391+0000][1][safepoint    ] Total time for which application threads were stopped: 0.0001014 seconds, Stopping threads took: 0.0000119 seconds
[2019-12-09T03:06:44.391+0000][1][safepoint    ] Application time: 0.0005494 seconds
[2019-12-09T03:06:44.391+0000][1][safepoint    ] Entering safepoint region: RevokeBias
[2019-12-09T03:06:44.391+0000][1][safepoint    ] Leaving safepoint region
[2019-12-09T03:06:44.391+0000][1][safepoint    ] Total time for which application threads were stopped: 0.0000873 seconds, Stopping threads took: 0.0000113 seconds
[2019-12-09T03:06:44.397+0000][1][safepoint    ] Application time: 0.0057625 seconds
[2019-12-09T03:06:44.397+0000][1][safepoint    ] Entering safepoint region: RevokeBias
[2019-12-09T03:06:44.397+0000][1][safepoint    ] Leaving safepoint region
[2019-12-09T03:06:44.397+0000][1][safepoint    ] Total time for which application threads were stopped: 0.0003700 seconds, Stopping threads took: 0.0002458 seconds
[2019-12-09T03:06:44.431+0000][1][safepoint    ] Application time: 0.0337052 seconds
[2019-12-09T03:06:44.460+0000][1][safepoint    ] Entering safepoint region: RevokeBias
[2019-12-09T03:06:44.460+0000][1][safepoint    ] Leaving safepoint region
[2019-12-09T03:06:44.460+0000][1][safepoint    ] Total time for which application threads were stopped: 0.0287992 seconds, Stopping threads took: 0.0286901 seconds
[2019-12-09T03:06:44.470+0000][1][safepoint    ] Application time: 0.0104856 seconds
[2019-12-09T03:06:44.470+0000][1][safepoint    ] Entering safepoint region: RevokeBias
[2019-12-09T03:06:44.471+0000][1][safepoint    ] Leaving safepoint region
[2019-12-09T03:06:44.471+0000][1][safepoint    ] Total time for which application threads were stopped: 0.0001681 seconds, Stopping threads took: 0.0000803 seconds
[2019-12-09T03:06:44.472+0000][1][safepoint    ] Application time: 0.0012095 seconds
[2019-12-09T03:06:44.532+0000][1][safepoint    ] Entering safepoint region: RevokeBias
[2019-12-09T03:06:44.532+0000][1][safepoint    ] Leaving safepoint region
[2019-12-09T03:06:44.532+0000][1][safepoint    ] Total time for which application threads were stopped: 0.0601594 seconds, Stopping threads took: 0.0600418 seconds
[2019-12-09T03:06:44.539+0000][1][safepoint    ] Application time: 0.0071048 seconds
[2019-12-09T03:06:44.539+0000][1][safepoint    ] Entering safepoint region: RevokeBias
[2019-12-09T03:06:44.539+0000][1][safepoint    ] Leaving safepoint region
[2019-12-09T03:06:44.539+0000][1][safepoint    ] Total time for which application threads were stopped: 0.0001208 seconds, Stopping threads took: 0.0000444 seconds
[2019-12-09T03:06:44.555+0000][1][safepoint    ] Application time: 0.0157537 seconds
[2019-12-09T03:06:44.555+0000][1][safepoint    ] Entering safepoint region: RevokeBias
[2019-12-09T03:06:44.555+0000][1][safepoint    ] Leaving safepoint region
[2019-12-09T03:06:44.555+0000][1][safepoint    ] Total time for which application threads were stopped: 0.0001223 seconds, Stopping threads took: 0.0000397 seconds
[2019-12-09T03:06:44.570+0000][1][safepoint    ] Application time: 0.0151699 seconds
[2019-12-09T03:06:44.570+0000][1][safepoint    ] Entering safepoint region: BulkRevokeBias
[2019-12-09T03:06:44.571+0000][1][safepoint    ] Leaving safepoint region
[2019-12-09T03:06:44.571+0000][1][safepoint    ] Total time for which application threads were stopped: 0.0003976 seconds, Stopping threads took: 0.0000141 seconds
[2019-12-09T03:06:44.598+0000][1][safepoint    ] Application time: 0.0277242 seconds
[2019-12-09T03:06:44.599+0000][1][safepoint    ] Entering safepoint region: RevokeBias
[2019-12-09T03:06:44.599+0000][1][safepoint    ] Leaving safepoint region
[2019-12-09T03:06:44.599+0000][1][safepoint    ] Total time for which application threads were stopped: 0.0001117 seconds, Stopping threads took: 0.0000284 seconds
[2019-12-09T03:06:44.629+0000][1][safepoint    ] Application time: 0.0300702 seconds
[2019-12-09T03:06:44.629+0000][1][safepoint    ] Entering safepoint region: RevokeBias
[2019-12-09T03:06:44.629+0000][1][safepoint    ] Leaving safepoint region
[2019-12-09T03:06:44.629+0000][1][safepoint    ] Total time for which application threads were stopped: 0.0000720 seconds, Stopping threads took: 0.0000143 seconds
[2019-12-09T03:06:44.644+0000][1][safepoint    ] Application time: 0.0153141 seconds
[2019-12-09T03:06:44.644+0000][1][safepoint    ] Entering safepoint region: RevokeBias
[2019-12-09T03:06:44.644+0000][1][safepoint    ] Leaving safepoint region
[2019-12-09T03:06:44.644+0000][1][safepoint    ] Total time for which application threads were stopped: 0.0000738 seconds, Stopping threads took: 0.0000141 seconds
[2019-12-09T03:06:44.644+0000][1][safepoint    ] Application time: 0.0001038 seconds
[2019-12-09T03:06:44.644+0000][1][safepoint    ] Entering safepoint region: RevokeBias
[2019-12-09T03:06:44.644+0000][1][safepoint    ] Leaving safepoint region
[2019-12-09T03:06:44.644+0000][1][safepoint    ] Total time for which application threads were stopped: 0.0000551 seconds, Stopping threads took: 0.0000104 seconds
[2019-12-09T03:06:44.644+0000][1][safepoint    ] Application time: 0.0000588 seconds
[2019-12-09T03:06:44.644+0000][1][safepoint    ] Entering safepoint region: RevokeBias
[2019-12-09T03:06:44.645+0000][1][safepoint    ] Leaving safepoint region
[2019-12-09T03:06:44.645+0000][1][safepoint    ] Total time for which application threads were stopped: 0.0000521 seconds, Stopping threads took: 0.0000097 seconds
[2019-12-09T03:06:44.645+0000][1][safepoint    ] Application time: 0.0003290 seconds
[2019-12-09T03:06:44.645+0000][1][safepoint    ] Entering safepoint region: RevokeBias
[2019-12-09T03:06:44.645+0000][1][safepoint    ] Leaving safepoint region
[2019-12-09T03:06:44.645+0000][1][safepoint    ] Total time for which application threads were stopped: 0.0000667 seconds, Stopping threads took: 0.0000135 seconds
[2019-12-09T03:06:44.843+0000][1][safepoint    ] Application time: 0.1985082 seconds
[2019-12-09T03:06:44.844+0000][1][safepoint    ] Entering safepoint region: RevokeBias
[2019-12-09T03:06:44.844+0000][1][safepoint    ] Leaving safepoint region
[2019-12-09T03:06:44.844+0000][1][safepoint    ] Total time for which application threads were stopped: 0.0000978 seconds, Stopping threads took: 0.0000179 seconds
[2019-12-09T03:06:44.846+0000][1][safepoint    ] Application time: 0.0026987 seconds
[2019-12-09T03:06:44.846+0000][1][safepoint    ] Entering safepoint region: RevokeBias
[2019-12-09T03:06:44.846+0000][1][safepoint    ] Leaving safepoint region
[2019-12-09T03:06:44.846+0000][1][safepoint    ] Total time for which application threads were stopped: 0.0000907 seconds, Stopping threads took: 0.0000239 seconds
[2019-12-09T03:06:44.868+0000][1][safepoint    ] Application time: 0.0214455 seconds
[2019-12-09T03:06:44.944+0000][1][safepoint    ] Entering safepoint region: RevokeBias
[2019-12-09T03:06:44.944+0000][1][safepoint    ] Leaving safepoint region
[2019-12-09T03:06:44.944+0000][1][safepoint    ] Total time for which application threads were stopped: 0.0759127 seconds, Stopping threads took: 0.0758205 seconds
[2019-12-09T03:06:45.046+0000][1][safepoint    ] Application time: 0.1025303 seconds
[2019-12-09T03:06:45.046+0000][1][safepoint    ] Entering safepoint region: RevokeBias
[2019-12-09T03:06:45.047+0000][1][safepoint    ] Leaving safepoint region
[2019-12-09T03:06:45.047+0000][1][safepoint    ] Total time for which application threads were stopped: 0.0001729 seconds, Stopping threads took: 0.0000963 seconds
[2019-12-09T03:06:45.054+0000][1][safepoint    ] Application time: 0.0076500 seconds
[2019-12-09T03:06:45.054+0000][1][safepoint    ] Entering safepoint region: RevokeBias
[2019-12-09T03:06:45.054+0000][1][safepoint    ] Leaving safepoint region
[2019-12-09T03:06:45.054+0000][1][safepoint    ] Total time for which application threads were stopped: 0.0000766 seconds, Stopping threads took: 0.0000159 seconds
[2019-12-09T03:06:45.080+0000][1][safepoint    ] Application time: 0.0255082 seconds
[2019-12-09T03:06:45.111+0000][1][safepoint    ] Entering safepoint region: RevokeBias
[2019-12-09T03:06:45.111+0000][1][safepoint    ] Leaving safepoint region
[2019-12-09T03:06:45.111+0000][1][safepoint    ] Total time for which application threads were stopped: 0.0314302 seconds, Stopping threads took: 0.0313373 seconds
[2019-12-09T03:06:45.174+0000][1][safepoint    ] Application time: 0.0623464 seconds
[2019-12-09T03:06:45.174+0000][1][safepoint    ] Entering safepoint region: RevokeBias
[2019-12-09T03:06:45.174+0000][1][safepoint    ] Leaving safepoint region
[2019-12-09T03:06:45.174+0000][1][safepoint    ] Total time for which application threads were stopped: 0.0001139 seconds, Stopping threads took: 0.0000175 seconds
[2019-12-09T03:06:45.174+0000][1][safepoint    ] Application time: 0.0002687 seconds
[2019-12-09T03:06:45.174+0000][1][safepoint    ] Entering safepoint region: RevokeBias
[2019-12-09T03:06:45.174+0000][1][safepoint    ] Leaving safepoint region
[2019-12-09T03:06:45.174+0000][1][safepoint    ] Total time for which application threads were stopped: 0.0000668 seconds, Stopping threads took: 0.0000120 seconds
[2019-12-09T03:06:45.175+0000][1][safepoint    ] Application time: 0.0007520 seconds
[2019-12-09T03:06:45.175+0000][1][safepoint    ] Entering safepoint region: RevokeBias
[2019-12-09T03:06:45.175+0000][1][safepoint    ] Leaving safepoint region
[2019-12-09T03:06:45.175+0000][1][safepoint    ] Total time for which application threads were stopped: 0.0000913 seconds, Stopping threads took: 0.0000275 seconds
[2019-12-09T03:06:45.175+0000][1][safepoint    ] Application time: 0.0002243 seconds
[2019-12-09T03:06:45.175+0000][1][safepoint    ] Entering safepoint region: RevokeBias
[2019-12-09T03:06:45.175+0000][1][safepoint    ] Leaving safepoint region
[2019-12-09T03:06:45.175+0000][1][safepoint    ] Total time for which application threads were stopped: 0.0000515 seconds, Stopping threads took: 0.0000095 seconds
[2019-12-09T03:06:45.176+0000][1][safepoint    ] Application time: 0.0001587 seconds
[2019-12-09T03:06:45.176+0000][1][safepoint    ] Entering safepoint region: RevokeBias
[2019-12-09T03:06:45.176+0000][1][safepoint    ] Leaving safepoint region
[2019-12-09T03:06:45.176+0000][1][safepoint    ] Total time for which application threads were stopped: 0.0000480 seconds, Stopping threads took: 0.0000090 seconds
[2019-12-09T03:06:45.176+0000][1][safepoint    ] Application time: 0.0001529 seconds
[2019-12-09T03:06:45.176+0000][1][safepoint    ] Entering safepoint region: RevokeBias
[2019-12-09T03:06:45.176+0000][1][safepoint    ] Leaving safepoint region
[2019-12-09T03:06:45.176+0000][1][safepoint    ] Total time for which application threads were stopped: 0.0000631 seconds, Stopping threads took: 0.0000216 seconds
[2019-12-09T03:06:45.176+0000][1][safepoint    ] Application time: 0.0003384 seconds
[2019-12-09T03:06:45.176+0000][1][safepoint    ] Entering safepoint region: RevokeBias
[2019-12-09T03:06:45.176+0000][1][safepoint    ] Leaving safepoint region
[2019-12-09T03:06:45.176+0000][1][safepoint    ] Total time for which application threads were stopped: 0.0000659 seconds, Stopping threads took: 0.0000105 seconds
[2019-12-09T03:06:45.176+0000][1][safepoint    ] Application time: 0.0001517 seconds
[2019-12-09T03:06:45.176+0000][1][safepoint    ] Entering safepoint region: RevokeBias
[2019-12-09T03:06:45.176+0000][1][safepoint    ] Leaving safepoint region
[2019-12-09T03:06:45.176+0000][1][safepoint    ] Total time for which application threads were stopped: 0.0000506 seconds, Stopping threads took: 0.0000094 seconds
[2019-12-09T03:06:45.177+0000][1][safepoint    ] Application time: 0.0001004 seconds
[2019-12-09T03:06:45.177+0000][1][safepoint    ] Entering safepoint region: RevokeBias
[2019-12-09T03:06:45.177+0000][1][safepoint    ] Leaving safepoint region
[2019-12-09T03:06:45.177+0000][1][safepoint    ] Total time for which application threads were stopped: 0.0000478 seconds, Stopping threads took: 0.0000091 seconds
[2019-12-09T03:06:45.177+0000][1][safepoint    ] Application time: 0.0001003 seconds
[2019-12-09T03:06:45.177+0000][1][safepoint    ] Entering safepoint region: RevokeBias
[2019-12-09T03:06:45.177+0000][1][safepoint    ] Leaving safepoint region
[2019-12-09T03:06:45.177+0000][1][safepoint    ] Total time for which application threads were stopped: 0.0000528 seconds, Stopping threads took: 0.0000121 seconds
[2019-12-09T03:06:45.177+0000][1][safepoint    ] Application time: 0.0001990 seconds
[2019-12-09T03:06:45.177+0000][1][safepoint    ] Entering safepoint region: RevokeBias
[2019-12-09T03:06:45.177+0000][1][safepoint    ] Leaving safepoint region
[2019-12-09T03:06:45.177+0000][1][safepoint    ] Total time for which application threads were stopped: 0.0000577 seconds, Stopping threads took: 0.0000098 seconds
[2019-12-09T03:06:45.177+0000][1][safepoint    ] Application time: 0.0001619 seconds
[2019-12-09T03:06:45.177+0000][1][safepoint    ] Entering safepoint region: RevokeBias
[2019-12-09T03:06:45.177+0000][1][safepoint    ] Leaving safepoint region
[2019-12-09T03:06:45.177+0000][1][safepoint    ] Total time for which application threads were stopped: 0.0000485 seconds, Stopping threads took: 0.0000094 seconds
[2019-12-09T03:06:45.177+0000][1][safepoint    ] Application time: 0.0001356 seconds
[2019-12-09T03:06:45.177+0000][1][safepoint    ] Entering safepoint region: RevokeBias
[2019-12-09T03:06:45.178+0000][1][safepoint    ] Leaving safepoint region
[2019-12-09T03:06:45.178+0000][1][safepoint    ] Total time for which application threads were stopped: 0.0000485 seconds, Stopping threads took: 0.0000092 seconds
[2019-12-09T03:06:45.178+0000][1][safepoint    ] Application time: 0.0000901 seconds
[2019-12-09T03:06:45.178+0000][1][safepoint    ] Entering safepoint region: RevokeBias
[2019-12-09T03:06:45.178+0000][1][safepoint    ] Leaving safepoint region
[2019-12-09T03:06:45.178+0000][1][safepoint    ] Total time for which application threads were stopped: 0.0000647 seconds, Stopping threads took: 0.0000093 seconds
[2019-12-09T03:06:45.178+0000][1][safepoint    ] Application time: 0.0002557 seconds
[2019-12-09T03:06:45.178+0000][1][safepoint    ] Entering safepoint region: RevokeBias
[2019-12-09T03:06:45.178+0000][1][safepoint    ] Leaving safepoint region
[2019-12-09T03:06:45.178+0000][1][safepoint    ] Total time for which application threads were stopped: 0.0000597 seconds, Stopping threads took: 0.0000098 seconds
[2019-12-09T03:06:45.178+0000][1][safepoint    ] Application time: 0.0001259 seconds
[2019-12-09T03:06:45.178+0000][1][safepoint    ] Entering safepoint region: RevokeBias
[2019-12-09T03:06:45.178+0000][1][safepoint    ] Leaving safepoint region
[2019-12-09T03:06:45.178+0000][1][safepoint    ] Total time for which application threads were stopped: 0.0000488 seconds, Stopping threads took: 0.0000096 seconds
[2019-12-09T03:06:45.178+0000][1][safepoint    ] Application time: 0.0000965 seconds
[2019-12-09T03:06:45.178+0000][1][safepoint    ] Entering safepoint region: RevokeBias
[2019-12-09T03:06:45.178+0000][1][safepoint    ] Leaving safepoint region
[2019-12-09T03:06:45.178+0000][1][safepoint    ] Total time for which application threads were stopped: 0.0000474 seconds, Stopping threads took: 0.0000090 seconds
[2019-12-09T03:06:45.179+0000][1][safepoint    ] Application time: 0.0002616 seconds
[2019-12-09T03:06:45.179+0000][1][safepoint    ] Entering safepoint region: RevokeBias
[2019-12-09T03:06:45.179+0000][1][safepoint    ] Leaving safepoint region
[2019-12-09T03:06:45.179+0000][1][safepoint    ] Total time for which application threads were stopped: 0.0000549 seconds, Stopping threads took: 0.0000108 seconds
[2019-12-09T03:06:45.179+0000][1][safepoint    ] Application time: 0.0001621 seconds
[2019-12-09T03:06:45.179+0000][1][safepoint    ] Entering safepoint region: RevokeBias
[2019-12-09T03:06:45.179+0000][1][safepoint    ] Leaving safepoint region
[2019-12-09T03:06:45.179+0000][1][safepoint    ] Total time for which application threads were stopped: 0.0000580 seconds, Stopping threads took: 0.0000097 seconds
[2019-12-09T03:06:45.179+0000][1][safepoint    ] Application time: 0.0002584 seconds
[2019-12-09T03:06:45.179+0000][1][safepoint    ] Entering safepoint region: RevokeBias
[2019-12-09T03:06:45.179+0000][1][safepoint    ] Leaving safepoint region
[2019-12-09T03:06:45.179+0000][1][safepoint    ] Total time for which application threads were stopped: 0.0000555 seconds, Stopping threads took: 0.0000112 seconds
[2019-12-09T03:06:45.180+0000][1][safepoint    ] Application time: 0.0001625 seconds
[2019-12-09T03:06:45.180+0000][1][safepoint    ] Entering safepoint region: BulkRevokeBias
[2019-12-09T03:06:45.180+0000][1][safepoint    ] Leaving safepoint region
[2019-12-09T03:06:45.180+0000][1][safepoint    ] Total time for which application threads were stopped: 0.0003117 seconds, Stopping threads took: 0.0000096 seconds
[2019-12-09T03:06:45.181+0000][1][safepoint    ] Application time: 0.0007185 seconds
[2019-12-09T03:06:45.181+0000][1][safepoint    ] Entering safepoint region: RevokeBias
[2019-12-09T03:06:45.181+0000][1][safepoint    ] Leaving safepoint region
[2019-12-09T03:06:45.181+0000][1][safepoint    ] Total time for which application threads were stopped: 0.0000839 seconds, Stopping threads took: 0.0000118 seconds
[2019-12-09T03:06:45.181+0000][1][safepoint    ] Application time: 0.0002133 seconds
[2019-12-09T03:06:45.181+0000][1][safepoint    ] Entering safepoint region: RevokeBias
[2019-12-09T03:06:45.181+0000][1][safepoint    ] Leaving safepoint region
[2019-12-09T03:06:45.181+0000][1][safepoint    ] Total time for which application threads were stopped: 0.0000592 seconds, Stopping threads took: 0.0000105 seconds
[2019-12-09T03:06:45.182+0000][1][safepoint    ] Application time: 0.0005961 seconds
[2019-12-09T03:06:45.182+0000][1][safepoint    ] Entering safepoint region: RevokeBias
[2019-12-09T03:06:45.182+0000][1][safepoint    ] Leaving safepoint region
[2019-12-09T03:06:45.182+0000][1][safepoint    ] Total time for which application threads were stopped: 0.0000796 seconds, Stopping threads took: 0.0000114 seconds
[2019-12-09T03:06:45.182+0000][1][safepoint    ] Application time: 0.0002002 seconds
[2019-12-09T03:06:45.182+0000][1][safepoint    ] Entering safepoint region: RevokeBias
[2019-12-09T03:06:45.182+0000][1][safepoint    ] Leaving safepoint region
[2019-12-09T03:06:45.182+0000][1][safepoint    ] Total time for which application threads were stopped: 0.0000618 seconds, Stopping threads took: 0.0000119 seconds
[2019-12-09T03:06:45.183+0000][1][safepoint    ] Application time: 0.0009269 seconds
[2019-12-09T03:06:45.183+0000][1][safepoint    ] Entering safepoint region: RevokeBias
[2019-12-09T03:06:45.183+0000][1][safepoint    ] Leaving safepoint region
[2019-12-09T03:06:45.183+0000][1][safepoint    ] Total time for which application threads were stopped: 0.0000720 seconds, Stopping threads took: 0.0000126 seconds
[2019-12-09T03:06:45.184+0000][1][safepoint    ] Application time: 0.0008465 seconds
[2019-12-09T03:06:45.184+0000][1][safepoint    ] Entering safepoint region: RevokeBias
[2019-12-09T03:06:45.184+0000][1][safepoint    ] Leaving safepoint region
[2019-12-09T03:06:45.184+0000][1][safepoint    ] Total time for which application threads were stopped: 0.0000754 seconds, Stopping threads took: 0.0000126 seconds
[2019-12-09T03:06:45.185+0000][1][safepoint    ] Application time: 0.0005969 seconds
[2019-12-09T03:06:45.185+0000][1][safepoint    ] Entering safepoint region: RevokeBias
[2019-12-09T03:06:45.185+0000][1][safepoint    ] Leaving safepoint region
[2019-12-09T03:06:45.185+0000][1][safepoint    ] Total time for which application threads were stopped: 0.0000656 seconds, Stopping threads took: 0.0000124 seconds
[2019-12-09T03:06:45.268+0000][1][safepoint    ] Application time: 0.0831251 seconds
[2019-12-09T03:06:45.268+0000][1][safepoint    ] Entering safepoint region: BulkRevokeBias
[2019-12-09T03:06:45.268+0000][1][safepoint    ] Leaving safepoint region
[2019-12-09T03:06:45.268+0000][1][safepoint    ] Total time for which application threads were stopped: 0.0002994 seconds, Stopping threads took: 0.0000152 seconds
[2019-12-09T03:06:45.319+0000][1][safepoint    ] Application time: 0.0506377 seconds
[2019-12-09T03:06:45.319+0000][1][safepoint    ] Entering safepoint region: RevokeBias
[2019-12-09T03:06:45.319+0000][1][safepoint    ] Leaving safepoint region
[2019-12-09T03:06:45.319+0000][1][safepoint    ] Total time for which application threads were stopped: 0.0001319 seconds, Stopping threads took: 0.0000461 seconds
[2019-12-09T03:06:45.338+0000][1][safepoint    ] Application time: 0.0189375 seconds
[2019-12-09T03:06:45.338+0000][1][safepoint    ] Entering safepoint region: BulkRevokeBias
[2019-12-09T03:06:45.338+0000][1][safepoint    ] Leaving safepoint region
[2019-12-09T03:06:45.338+0000][1][safepoint    ] Total time for which application threads were stopped: 0.0005084 seconds, Stopping threads took: 0.0001165 seconds
[2019-12-09T03:06:45.375+0000][1][safepoint    ] Application time: 0.0369715 seconds
[2019-12-09T03:06:45.375+0000][1][safepoint    ] Entering safepoint region: RevokeBias
[2019-12-09T03:06:45.375+0000][1][safepoint    ] Leaving safepoint region
[2019-12-09T03:06:45.376+0000][1][safepoint    ] Total time for which application threads were stopped: 0.0001429 seconds, Stopping threads took: 0.0000493 seconds
[2019-12-09T03:06:45.377+0000][1][safepoint    ] Application time: 0.0012541 seconds
[2019-12-09T03:06:45.377+0000][1][safepoint    ] Entering safepoint region: RevokeBias
[2019-12-09T03:06:45.377+0000][1][safepoint    ] Leaving safepoint region
[2019-12-09T03:06:45.377+0000][1][safepoint    ] Total time for which application threads were stopped: 0.0000604 seconds, Stopping threads took: 0.0000130 seconds
[2019-12-09T03:06:45.380+0000][1][safepoint    ] Application time: 0.0034478 seconds
[2019-12-09T03:06:45.380+0000][1][safepoint    ] Entering safepoint region: RevokeBias
[2019-12-09T03:06:45.380+0000][1][safepoint    ] Leaving safepoint region
[2019-12-09T03:06:45.380+0000][1][safepoint    ] Total time for which application threads were stopped: 0.0000527 seconds, Stopping threads took: 0.0000126 seconds
[2019-12-09T03:06:45.411+0000][1][safepoint    ] Application time: 0.0305411 seconds
[2019-12-09T03:06:45.411+0000][1][safepoint    ] Entering safepoint region: RevokeBias
[2019-12-09T03:06:45.411+0000][1][safepoint    ] Leaving safepoint region
[2019-12-09T03:06:45.411+0000][1][safepoint    ] Total time for which application threads were stopped: 0.0000788 seconds, Stopping threads took: 0.0000159 seconds
[2019-12-09T03:06:45.411+0000][1][safepoint    ] Application time: 0.0003020 seconds
[2019-12-09T03:06:45.411+0000][1][safepoint    ] Entering safepoint region: RevokeBias
[2019-12-09T03:06:45.411+0000][1][safepoint    ] Leaving safepoint region
[2019-12-09T03:06:45.411+0000][1][safepoint    ] Total time for which application threads were stopped: 0.0000629 seconds, Stopping threads took: 0.0000130 seconds
[2019-12-09T03:06:45.485+0000][1][safepoint    ] Application time: 0.0733005 seconds
[2019-12-09T03:06:45.485+0000][1][safepoint    ] Entering safepoint region: RevokeBias
[2019-12-09T03:06:45.485+0000][1][safepoint    ] Leaving safepoint region
[2019-12-09T03:06:45.485+0000][1][safepoint    ] Total time for which application threads were stopped: 0.0001053 seconds, Stopping threads took: 0.0000186 seconds
[2019-12-09T03:06:45.487+0000][1][safepoint    ] Application time: 0.0023426 seconds
[2019-12-09T03:06:45.487+0000][1][safepoint    ] Entering safepoint region: RevokeBias
[2019-12-09T03:06:45.487+0000][1][safepoint    ] Leaving safepoint region
[2019-12-09T03:06:45.487+0000][1][safepoint    ] Total time for which application threads were stopped: 0.0000844 seconds, Stopping threads took: 0.0000158 seconds
[2019-12-09T03:06:45.488+0000][1][safepoint    ] Application time: 0.0002604 seconds
[2019-12-09T03:06:45.488+0000][1][safepoint    ] Entering safepoint region: RevokeBias
[2019-12-09T03:06:45.488+0000][1][safepoint    ] Leaving safepoint region
[2019-12-09T03:06:45.488+0000][1][safepoint    ] Total time for which application threads were stopped: 0.0000781 seconds, Stopping threads took: 0.0000114 seconds
[2019-12-09T03:06:45.488+0000][1][safepoint    ] Application time: 0.0002181 seconds
[2019-12-09T03:06:45.488+0000][1][safepoint    ] Entering safepoint region: RevokeBias
[2019-12-09T03:06:45.488+0000][1][safepoint    ] Leaving safepoint region
[2019-12-09T03:06:45.488+0000][1][safepoint    ] Total time for which application threads were stopped: 0.0000544 seconds, Stopping threads took: 0.0000090 seconds
[2019-12-09T03:06:45.488+0000][1][safepoint    ] Application time: 0.0004351 seconds
[2019-12-09T03:06:45.488+0000][1][safepoint    ] Entering safepoint region: RevokeBias
[2019-12-09T03:06:45.489+0000][1][safepoint    ] Leaving safepoint region
[2019-12-09T03:06:45.489+0000][1][safepoint    ] Total time for which application threads were stopped: 0.0000532 seconds, Stopping threads took: 0.0000096 seconds
[2019-12-09T03:06:45.490+0000][1][safepoint    ] Application time: 0.0019361 seconds
[2019-12-09T03:06:45.490+0000][1][safepoint    ] Entering safepoint region: RevokeBias
[2019-12-09T03:06:45.491+0000][1][safepoint    ] Leaving safepoint region
[2019-12-09T03:06:45.491+0000][1][safepoint    ] Total time for which application threads were stopped: 0.0000530 seconds, Stopping threads took: 0.0000112 seconds
[2019-12-09T03:06:45.491+0000][1][safepoint    ] Application time: 0.0003464 seconds
[2019-12-09T03:06:45.491+0000][1][safepoint    ] Entering safepoint region: RevokeBias
[2019-12-09T03:06:45.491+0000][1][safepoint    ] Leaving safepoint region
[2019-12-09T03:06:45.491+0000][1][safepoint    ] Total time for which application threads were stopped: 0.0000511 seconds, Stopping threads took: 0.0000097 seconds
[2019-12-09T03:06:45.550+0000][1][safepoint    ] Application time: 0.0590681 seconds
[2019-12-09T03:06:45.550+0000][1][safepoint    ] Entering safepoint region: RevokeBias
[2019-12-09T03:06:45.550+0000][1][safepoint    ] Leaving safepoint region
[2019-12-09T03:06:45.550+0000][1][safepoint    ] Total time for which application threads were stopped: 0.0000756 seconds, Stopping threads took: 0.0000147 seconds
[2019-12-09T03:06:45.550+0000][1][safepoint    ] Application time: 0.0000628 seconds
[2019-12-09T03:06:45.550+0000][1][safepoint    ] Entering safepoint region: RevokeBias
[2019-12-09T03:06:45.550+0000][1][safepoint    ] Leaving safepoint region
[2019-12-09T03:06:45.550+0000][1][safepoint    ] Total time for which application threads were stopped: 0.0000498 seconds, Stopping threads took: 0.0000089 seconds
[2019-12-09T03:06:45.553+0000][1][safepoint    ] Application time: 0.0025303 seconds
[2019-12-09T03:06:45.553+0000][1][safepoint    ] Entering safepoint region: RevokeBias
[2019-12-09T03:06:45.553+0000][1][safepoint    ] Leaving safepoint region
[2019-12-09T03:06:45.553+0000][1][safepoint    ] Total time for which application threads were stopped: 0.0000655 seconds, Stopping threads took: 0.0000140 seconds
[2019-12-09T03:06:46.070+0000][1][safepoint    ] Application time: 0.5174316 seconds
[2019-12-09T03:06:46.070+0000][1][safepoint    ] Entering safepoint region: RevokeBias
[2019-12-09T03:06:46.070+0000][1][safepoint    ] Leaving safepoint region
[2019-12-09T03:06:46.070+0000][1][safepoint    ] Total time for which application threads were stopped: 0.0000869 seconds, Stopping threads took: 0.0000173 seconds
[2019-12-09T03:06:46.073+0000][1][safepoint    ] Application time: 0.0024160 seconds
[2019-12-09T03:06:46.073+0000][1][safepoint    ] Entering safepoint region: RevokeBias
[2019-12-09T03:06:46.073+0000][1][safepoint    ] Leaving safepoint region
[2019-12-09T03:06:46.073+0000][1][safepoint    ] Total time for which application threads were stopped: 0.0000655 seconds, Stopping threads took: 0.0000136 seconds
[2019-12-09T03:06:46.073+0000][1][safepoint    ] Application time: 0.0002317 seconds
[2019-12-09T03:06:46.073+0000][1][safepoint    ] Entering safepoint region: RevokeBias
[2019-12-09T03:06:46.073+0000][1][safepoint    ] Leaving safepoint region
[2019-12-09T03:06:46.073+0000][1][safepoint    ] Total time for which application threads were stopped: 0.0000520 seconds, Stopping threads took: 0.0000094 seconds
[2019-12-09T03:06:46.074+0000][1][safepoint    ] Application time: 0.0002787 seconds
[2019-12-09T03:06:46.074+0000][1][safepoint    ] Entering safepoint region: RevokeBias
[2019-12-09T03:06:46.074+0000][1][safepoint    ] Leaving safepoint region
[2019-12-09T03:06:46.074+0000][1][safepoint    ] Total time for which application threads were stopped: 0.0000602 seconds, Stopping threads took: 0.0000106 seconds
[2019-12-09T03:06:46.075+0000][1][safepoint    ] Application time: 0.0009625 seconds
[2019-12-09T03:06:46.075+0000][1][safepoint    ] Entering safepoint region: RevokeBias
[2019-12-09T03:06:46.075+0000][1][safepoint    ] Leaving safepoint region
[2019-12-09T03:06:46.075+0000][1][safepoint    ] Total time for which application threads were stopped: 0.0000607 seconds, Stopping threads took: 0.0000128 seconds
[2019-12-09T03:06:46.075+0000][1][safepoint    ] Application time: 0.0002011 seconds
[2019-12-09T03:06:46.075+0000][1][safepoint    ] Entering safepoint region: RevokeBias
[2019-12-09T03:06:46.075+0000][1][safepoint    ] Leaving safepoint region
[2019-12-09T03:06:46.075+0000][1][safepoint    ] Total time for which application threads were stopped: 0.0000516 seconds, Stopping threads took: 0.0000106 seconds
[2019-12-09T03:06:46.075+0000][1][safepoint    ] Application time: 0.0002591 seconds
[2019-12-09T03:06:46.075+0000][1][safepoint    ] Entering safepoint region: RevokeBias
[2019-12-09T03:06:46.075+0000][1][safepoint    ] Leaving safepoint region
[2019-12-09T03:06:46.075+0000][1][safepoint    ] Total time for which application threads were stopped: 0.0000596 seconds, Stopping threads took: 0.0000122 seconds
[2019-12-09T03:06:46.077+0000][1][safepoint    ] Application time: 0.0021143 seconds
[2019-12-09T03:06:46.077+0000][1][safepoint    ] Entering safepoint region: RevokeBias
[2019-12-09T03:06:46.077+0000][1][safepoint    ] Leaving safepoint region
[2019-12-09T03:06:46.077+0000][1][safepoint    ] Total time for which application threads were stopped: 0.0000574 seconds, Stopping threads took: 0.0000115 seconds
[2019-12-09T03:06:46.078+0000][1][safepoint    ] Application time: 0.0002006 seconds
[2019-12-09T03:06:46.078+0000][1][safepoint    ] Entering safepoint region: BulkRevokeBias
[2019-12-09T03:06:46.078+0000][1][safepoint    ] Leaving safepoint region
[2019-12-09T03:06:46.078+0000][1][safepoint    ] Total time for which application threads were stopped: 0.0005367 seconds, Stopping threads took: 0.0000113 seconds
[2019-12-09T03:06:46.079+0000][1][safepoint    ] Application time: 0.0002624 seconds
[2019-12-09T03:06:46.079+0000][1][safepoint    ] Entering safepoint region: RevokeBias
[2019-12-09T03:06:46.079+0000][1][safepoint    ] Leaving safepoint region
[2019-12-09T03:06:46.079+0000][1][safepoint    ] Total time for which application threads were stopped: 0.0000570 seconds, Stopping threads took: 0.0000109 seconds
[2019-12-09T03:06:46.107+0000][1][safepoint    ] Application time: 0.0288074 seconds
[2019-12-09T03:06:46.107+0000][1][safepoint    ] Entering safepoint region: RevokeBias
[2019-12-09T03:06:46.108+0000][1][safepoint    ] Leaving safepoint region
[2019-12-09T03:06:46.108+0000][1][safepoint    ] Total time for which application threads were stopped: 0.0000843 seconds, Stopping threads took: 0.0000185 seconds
[2019-12-09T03:06:46.134+0000][1][safepoint    ] Application time: 0.0266400 seconds
[2019-12-09T03:06:46.134+0000][1][safepoint    ] Entering safepoint region: RevokeBias
[2019-12-09T03:06:46.134+0000][1][safepoint    ] Leaving safepoint region
[2019-12-09T03:06:46.134+0000][1][safepoint    ] Total time for which application threads were stopped: 0.0000844 seconds, Stopping threads took: 0.0000182 seconds
[2019-12-09T03:06:46.135+0000][1][safepoint    ] Application time: 0.0004160 seconds
[2019-12-09T03:06:46.135+0000][1][safepoint    ] Entering safepoint region: RevokeBias
[2019-12-09T03:06:46.135+0000][1][safepoint    ] Leaving safepoint region
[2019-12-09T03:06:46.135+0000][1][safepoint    ] Total time for which application threads were stopped: 0.0000562 seconds, Stopping threads took: 0.0000124 seconds
[2019-12-09T03:06:46.150+0000][1][safepoint    ] Application time: 0.0150965 seconds
[2019-12-09T03:06:46.150+0000][1][safepoint    ] Entering safepoint region: RevokeBias
[2019-12-09T03:06:46.150+0000][1][safepoint    ] Leaving safepoint region
[2019-12-09T03:06:46.150+0000][1][safepoint    ] Total time for which application threads were stopped: 0.0000638 seconds, Stopping threads took: 0.0000146 seconds
[2019-12-09T03:06:46.451+0000][1][safepoint    ] Application time: 0.3007173 seconds
[2019-12-09T03:06:46.502+0000][1][safepoint    ] Entering safepoint region: RevokeBias
[2019-12-09T03:06:46.502+0000][1][safepoint    ] Leaving safepoint region
[2019-12-09T03:06:46.502+0000][1][safepoint    ] Total time for which application threads were stopped: 0.0511984 seconds, Stopping threads took: 0.0510652 seconds
[2019-12-09T03:06:46.513+0000][1][safepoint    ] Application time: 0.0109330 seconds
[2019-12-09T03:06:46.513+0000][1][safepoint    ] Entering safepoint region: RevokeBias
[2019-12-09T03:06:46.513+0000][1][safepoint    ] Leaving safepoint region
[2019-12-09T03:06:46.513+0000][1][safepoint    ] Total time for which application threads were stopped: 0.0000928 seconds, Stopping threads took: 0.0000167 seconds
[2019-12-09T03:06:46.559+0000][1][safepoint    ] Application time: 0.0457755 seconds
[2019-12-09T03:06:46.559+0000][1][safepoint    ] Entering safepoint region: RevokeBias
[2019-12-09T03:06:46.559+0000][1][safepoint    ] Leaving safepoint region
[2019-12-09T03:06:46.559+0000][1][safepoint    ] Total time for which application threads were stopped: 0.0001668 seconds, Stopping threads took: 0.0000862 seconds
[2019-12-09T03:06:46.560+0000][1][safepoint    ] Application time: 0.0008032 seconds
[2019-12-09T03:06:46.560+0000][1][safepoint    ] Entering safepoint region: RevokeBias
[2019-12-09T03:06:46.560+0000][1][safepoint    ] Leaving safepoint region
[2019-12-09T03:06:46.560+0000][1][safepoint    ] Total time for which application threads were stopped: 0.0000799 seconds, Stopping threads took: 0.0000145 seconds
[2019-12-09T03:06:46.560+0000][1][safepoint    ] Application time: 0.0000867 seconds
[2019-12-09T03:06:46.560+0000][1][safepoint    ] Entering safepoint region: RevokeBias
[2019-12-09T03:06:46.560+0000][1][safepoint    ] Leaving safepoint region
[2019-12-09T03:06:46.560+0000][1][safepoint    ] Total time for which application threads were stopped: 0.0000437 seconds, Stopping threads took: 0.0000082 seconds
[2019-12-09T03:06:46.561+0000][1][safepoint    ] Application time: 0.0005628 seconds
[2019-12-09T03:06:46.561+0000][1][safepoint    ] Entering safepoint region: RevokeBias
[2019-12-09T03:06:46.561+0000][1][safepoint    ] Leaving safepoint region
[2019-12-09T03:06:46.561+0000][1][safepoint    ] Total time for which application threads were stopped: 0.0000593 seconds, Stopping threads took: 0.0000133 seconds
[2019-12-09T03:06:46.577+0000][1][safepoint    ] Application time: 0.0160719 seconds
[2019-12-09T03:06:46.605+0000][1][safepoint    ] Entering safepoint region: RevokeBias
[2019-12-09T03:06:46.605+0000][1][safepoint    ] Leaving safepoint region
[2019-12-09T03:06:46.605+0000][1][safepoint    ] Total time for which application threads were stopped: 0.0281222 seconds, Stopping threads took: 0.0280271 seconds
[2019-12-09T03:06:46.605+0000][1][safepoint    ] Application time: 0.0004370 seconds
[2019-12-09T03:06:46.605+0000][1][safepoint    ] Entering safepoint region: RevokeBias
[2019-12-09T03:06:46.605+0000][1][safepoint    ] Leaving safepoint region
[2019-12-09T03:06:46.605+0000][1][safepoint    ] Total time for which application threads were stopped: 0.0000975 seconds, Stopping threads took: 0.0000135 seconds
[2019-12-09T03:06:46.606+0000][1][safepoint    ] Application time: 0.0003351 seconds
[2019-12-09T03:06:46.606+0000][1][safepoint    ] Entering safepoint region: BulkRevokeBias
[2019-12-09T03:06:46.606+0000][1][safepoint    ] Leaving safepoint region
[2019-12-09T03:06:46.606+0000][1][safepoint    ] Total time for which application threads were stopped: 0.0004917 seconds, Stopping threads took: 0.0000123 seconds
[2019-12-09T03:06:46.653+0000][1][safepoint    ] Application time: 0.0463093 seconds
[2019-12-09T03:06:46.708+0000][1][safepoint    ] Entering safepoint region: RevokeBias
[2019-12-09T03:06:46.708+0000][1][safepoint    ] Leaving safepoint region
[2019-12-09T03:06:46.708+0000][1][safepoint    ] Total time for which application threads were stopped: 0.0552482 seconds, Stopping threads took: 0.0551572 seconds
[2019-12-09T03:06:46.709+0000][1][safepoint    ] Application time: 0.0014247 seconds
[2019-12-09T03:06:46.709+0000][1][safepoint    ] Entering safepoint region: RevokeBias
[2019-12-09T03:06:46.709+0000][1][safepoint    ] Leaving safepoint region
[2019-12-09T03:06:46.709+0000][1][safepoint    ] Total time for which application threads were stopped: 0.0000988 seconds, Stopping threads took: 0.0000159 seconds
[2019-12-09T03:06:46.710+0000][1][safepoint    ] Application time: 0.0004798 seconds
[2019-12-09T03:06:46.710+0000][1][safepoint    ] Entering safepoint region: RevokeBias
[2019-12-09T03:06:46.710+0000][1][safepoint    ] Leaving safepoint region
[2019-12-09T03:06:46.710+0000][1][safepoint    ] Total time for which application threads were stopped: 0.0000755 seconds, Stopping threads took: 0.0000145 seconds
[2019-12-09T03:06:46.710+0000][1][safepoint    ] Application time: 0.0000491 seconds
[2019-12-09T03:06:46.710+0000][1][safepoint    ] Entering safepoint region: BulkRevokeBias
[2019-12-09T03:06:46.711+0000][1][safepoint    ] Leaving safepoint region
[2019-12-09T03:06:46.711+0000][1][safepoint    ] Total time for which application threads were stopped: 0.0004415 seconds, Stopping threads took: 0.0000082 seconds
[2019-12-09T03:06:46.711+0000][1][safepoint    ] Application time: 0.0001766 seconds
[2019-12-09T03:06:46.711+0000][1][safepoint    ] Entering safepoint region: RevokeBias
[2019-12-09T03:06:46.711+0000][1][safepoint    ] Leaving safepoint region
[2019-12-09T03:06:46.711+0000][1][safepoint    ] Total time for which application threads were stopped: 0.0000680 seconds, Stopping threads took: 0.0000119 seconds
[2019-12-09T03:06:46.726+0000][1][safepoint    ] Application time: 0.0156008 seconds
[2019-12-09T03:06:46.726+0000][1][safepoint    ] Entering safepoint region: RevokeBias
[2019-12-09T03:06:46.727+0000][1][safepoint    ] Leaving safepoint region
[2019-12-09T03:06:46.727+0000][1][safepoint    ] Total time for which application threads were stopped: 0.0000966 seconds, Stopping threads took: 0.0000277 seconds
[2019-12-09T03:06:46.727+0000][1][safepoint    ] Application time: 0.0001578 seconds
[2019-12-09T03:06:46.727+0000][1][safepoint    ] Entering safepoint region: RevokeBias
[2019-12-09T03:06:46.727+0000][1][safepoint    ] Leaving safepoint region
[2019-12-09T03:06:46.727+0000][1][safepoint    ] Total time for which application threads were stopped: 0.0000604 seconds, Stopping threads took: 0.0000107 seconds
[2019-12-09T03:06:46.732+0000][1][safepoint    ] Application time: 0.0054911 seconds
[2019-12-09T03:06:46.781+0000][1][safepoint    ] Entering safepoint region: RevokeBias
[2019-12-09T03:06:46.781+0000][1][safepoint    ] Leaving safepoint region
[2019-12-09T03:06:46.781+0000][1][safepoint    ] Total time for which application threads were stopped: 0.0486178 seconds, Stopping threads took: 0.0485139 seconds
[2019-12-09T03:06:46.795+0000][1][safepoint    ] Application time: 0.0137859 seconds
[2019-12-09T03:06:46.795+0000][1][safepoint    ] Entering safepoint region: RevokeBias
[2019-12-09T03:06:46.795+0000][1][safepoint    ] Leaving safepoint region
[2019-12-09T03:06:46.795+0000][1][safepoint    ] Total time for which application threads were stopped: 0.0001130 seconds, Stopping threads took: 0.0000179 seconds
[2019-12-09T03:06:46.795+0000][1][safepoint    ] Application time: 0.0005310 seconds
[2019-12-09T03:06:46.795+0000][1][safepoint    ] Entering safepoint region: RevokeBias
[2019-12-09T03:06:46.796+0000][1][safepoint    ] Leaving safepoint region
[2019-12-09T03:06:46.796+0000][1][safepoint    ] Total time for which application threads were stopped: 0.0000819 seconds, Stopping threads took: 0.0000137 seconds
[2019-12-09T03:06:46.796+0000][1][safepoint    ] Application time: 0.0007149 seconds
[2019-12-09T03:06:46.796+0000][1][safepoint    ] Entering safepoint region: RevokeBias
[2019-12-09T03:06:46.796+0000][1][safepoint    ] Leaving safepoint region
[2019-12-09T03:06:46.796+0000][1][safepoint    ] Total time for which application threads were stopped: 0.0001067 seconds, Stopping threads took: 0.0000146 seconds
[2019-12-09T03:06:46.797+0000][1][safepoint    ] Application time: 0.0006540 seconds
[2019-12-09T03:06:46.797+0000][1][safepoint    ] Entering safepoint region: RevokeBias
[2019-12-09T03:06:46.797+0000][1][safepoint    ] Leaving safepoint region
[2019-12-09T03:06:46.797+0000][1][safepoint    ] Total time for which application threads were stopped: 0.0000907 seconds, Stopping threads took: 0.0000124 seconds
[2019-12-09T03:06:46.799+0000][1][safepoint    ] Application time: 0.0014933 seconds
[2019-12-09T03:06:46.799+0000][1][safepoint    ] Entering safepoint region: RevokeBias
[2019-12-09T03:06:46.799+0000][1][safepoint    ] Leaving safepoint region
[2019-12-09T03:06:46.799+0000][1][safepoint    ] Total time for which application threads were stopped: 0.0006360 seconds, Stopping threads took: 0.0000292 seconds
[2019-12-09T03:06:46.896+0000][1][safepoint    ] Application time: 0.0970833 seconds
[2019-12-09T03:06:46.896+0000][1][safepoint    ] Entering safepoint region: RevokeBias
[2019-12-09T03:06:46.897+0000][1][safepoint    ] Leaving safepoint region
[2019-12-09T03:06:46.897+0000][1][safepoint    ] Total time for which application threads were stopped: 0.0000947 seconds, Stopping threads took: 0.0000187 seconds
[2019-12-09T03:06:46.912+0000][1][safepoint    ] Application time: 0.0156392 seconds
[2019-12-09T03:06:46.912+0000][1][safepoint    ] Entering safepoint region: RevokeBias
[2019-12-09T03:06:46.912+0000][1][safepoint    ] Leaving safepoint region
[2019-12-09T03:06:46.912+0000][1][safepoint    ] Total time for which application threads were stopped: 0.0000864 seconds, Stopping threads took: 0.0000177 seconds
[2019-12-09T03:06:46.921+0000][1][safepoint    ] Application time: 0.0088935 seconds
[2019-12-09T03:06:46.921+0000][1][safepoint    ] Entering safepoint region: RevokeBias
[2019-12-09T03:06:46.921+0000][1][safepoint    ] Leaving safepoint region
[2019-12-09T03:06:46.921+0000][1][safepoint    ] Total time for which application threads were stopped: 0.0000812 seconds, Stopping threads took: 0.0000142 seconds
[2019-12-09T03:06:46.921+0000][1][safepoint    ] Application time: 0.0001976 seconds
[2019-12-09T03:06:46.922+0000][1][safepoint    ] Entering safepoint region: RevokeBias
[2019-12-09T03:06:46.922+0000][1][safepoint    ] Leaving safepoint region
[2019-12-09T03:06:46.922+0000][1][safepoint    ] Total time for which application threads were stopped: 0.0000515 seconds, Stopping threads took: 0.0000088 seconds
[2019-12-09T03:06:46.951+0000][1][safepoint    ] Application time: 0.0291403 seconds
[2019-12-09T03:06:46.951+0000][1][safepoint    ] Entering safepoint region: RevokeBias
[2019-12-09T03:06:46.951+0000][1][safepoint    ] Leaving safepoint region
[2019-12-09T03:06:46.951+0000][1][safepoint    ] Total time for which application threads were stopped: 0.0000959 seconds, Stopping threads took: 0.0000176 seconds
[2019-12-09T03:06:46.951+0000][1][safepoint    ] Application time: 0.0002597 seconds
[2019-12-09T03:06:46.951+0000][1][safepoint    ] Entering safepoint region: RevokeBias
[2019-12-09T03:06:46.951+0000][1][safepoint    ] Leaving safepoint region
[2019-12-09T03:06:46.951+0000][1][safepoint    ] Total time for which application threads were stopped: 0.0000888 seconds, Stopping threads took: 0.0000151 seconds
[2019-12-09T03:06:46.952+0000][1][safepoint    ] Application time: 0.0005060 seconds
[2019-12-09T03:06:46.952+0000][1][safepoint    ] Entering safepoint region: RevokeBias
[2019-12-09T03:06:46.952+0000][1][safepoint    ] Leaving safepoint region
[2019-12-09T03:06:46.952+0000][1][safepoint    ] Total time for which application threads were stopped: 0.0000793 seconds, Stopping threads took: 0.0000225 seconds
[2019-12-09T03:06:46.952+0000][1][safepoint    ] Application time: 0.0001720 seconds
[2019-12-09T03:06:46.952+0000][1][safepoint    ] Entering safepoint region: RevokeBias
[2019-12-09T03:06:46.952+0000][1][safepoint    ] Leaving safepoint region
[2019-12-09T03:06:46.952+0000][1][safepoint    ] Total time for which application threads were stopped: 0.0000586 seconds, Stopping threads took: 0.0000100 seconds
[2019-12-09T03:06:46.954+0000][1][safepoint    ] Application time: 0.0014607 seconds
[2019-12-09T03:06:46.954+0000][1][safepoint    ] Entering safepoint region: RevokeBias
[2019-12-09T03:06:46.954+0000][1][safepoint    ] Leaving safepoint region
[2019-12-09T03:06:46.954+0000][1][safepoint    ] Total time for which application threads were stopped: 0.0000651 seconds, Stopping threads took: 0.0000130 seconds
[2019-12-09T03:06:46.954+0000][1][safepoint    ] Application time: 0.0003072 seconds
[2019-12-09T03:06:46.954+0000][1][safepoint    ] Entering safepoint region: RevokeBias
[2019-12-09T03:06:46.954+0000][1][safepoint    ] Leaving safepoint region
[2019-12-09T03:06:46.954+0000][1][safepoint    ] Total time for which application threads were stopped: 0.0000633 seconds, Stopping threads took: 0.0000114 seconds
[2019-12-09T03:06:46.996+0000][1][safepoint    ] Application time: 0.0415605 seconds
[2019-12-09T03:06:46.996+0000][1][safepoint    ] Entering safepoint region: RevokeBias
[2019-12-09T03:06:46.996+0000][1][safepoint    ] Leaving safepoint region
[2019-12-09T03:06:46.996+0000][1][safepoint    ] Total time for which application threads were stopped: 0.0001253 seconds, Stopping threads took: 0.0000194 seconds
[2019-12-09T03:06:46.996+0000][1][safepoint    ] Application time: 0.0000582 seconds
[2019-12-09T03:06:46.996+0000][1][safepoint    ] Entering safepoint region: RevokeBias
[2019-12-09T03:06:46.996+0000][1][safepoint    ] Leaving safepoint region
[2019-12-09T03:06:46.996+0000][1][safepoint    ] Total time for which application threads were stopped: 0.0000749 seconds, Stopping threads took: 0.0000105 seconds
[2019-12-09T03:06:47.312+0000][1][safepoint    ] Application time: 0.3160329 seconds
[2019-12-09T03:06:47.312+0000][1][safepoint    ] Entering safepoint region: Deoptimize
[2019-12-09T03:06:47.313+0000][1][safepoint    ] Leaving safepoint region
[2019-12-09T03:06:47.313+0000][1][safepoint    ] Total time for which application threads were stopped: 0.0006917 seconds, Stopping threads took: 0.0000195 seconds
[2019-12-09T03:06:47.684+0000][1][safepoint    ] Application time: 0.3716767 seconds
[2019-12-09T03:06:47.684+0000][1][safepoint    ] Entering safepoint region: RevokeBias
[2019-12-09T03:06:47.685+0000][1][safepoint    ] Leaving safepoint region
[2019-12-09T03:06:47.685+0000][1][safepoint    ] Total time for which application threads were stopped: 0.0001552 seconds, Stopping threads took: 0.0000188 seconds
[2019-12-09T03:06:47.685+0000][1][safepoint    ] Application time: 0.0000539 seconds
[2019-12-09T03:06:47.685+0000][1][safepoint    ] Entering safepoint region: RevokeBias
[2019-12-09T03:06:47.685+0000][1][safepoint    ] Leaving safepoint region
[2019-12-09T03:06:47.685+0000][1][safepoint    ] Total time for which application threads were stopped: 0.0000621 seconds, Stopping threads took: 0.0000103 seconds
[2019-12-09T03:06:47.742+0000][1][safepoint    ] Application time: 0.0570302 seconds
[2019-12-09T03:06:47.742+0000][1][safepoint    ] Entering safepoint region: RevokeBias
[2019-12-09T03:06:47.742+0000][1][safepoint    ] Leaving safepoint region
[2019-12-09T03:06:47.742+0000][1][safepoint    ] Total time for which application threads were stopped: 0.0001848 seconds, Stopping threads took: 0.0000956 seconds
[2019-12-09T03:06:47.746+0000][1][safepoint    ] Application time: 0.0038166 seconds
[2019-12-09T03:06:47.746+0000][1][safepoint    ] Entering safepoint region: BulkRevokeBias
[2019-12-09T03:06:47.746+0000][1][safepoint    ] Leaving safepoint region
[2019-12-09T03:06:47.746+0000][1][safepoint    ] Total time for which application threads were stopped: 0.0003725 seconds, Stopping threads took: 0.0000176 seconds
[2019-12-09T03:06:47.746+0000][1][safepoint    ] Application time: 0.0000810 seconds
[2019-12-09T03:06:47.746+0000][1][safepoint    ] Entering safepoint region: BulkRevokeBias
[2019-12-09T03:06:47.747+0000][1][safepoint    ] Leaving safepoint region
[2019-12-09T03:06:47.747+0000][1][safepoint    ] Total time for which application threads were stopped: 0.0003076 seconds, Stopping threads took: 0.0000123 seconds
[2019-12-09T03:06:47.747+0000][1][safepoint    ] Application time: 0.0002768 seconds
[2019-12-09T03:06:47.747+0000][1][safepoint    ] Entering safepoint region: RevokeBias
[2019-12-09T03:06:47.747+0000][1][safepoint    ] Leaving safepoint region
[2019-12-09T03:06:47.747+0000][1][safepoint    ] Total time for which application threads were stopped: 0.0000702 seconds, Stopping threads took: 0.0000149 seconds
[2019-12-09T03:06:47.749+0000][1][safepoint    ] Application time: 0.0024268 seconds
[2019-12-09T03:06:47.749+0000][1][safepoint    ] Entering safepoint region: RevokeBias
[2019-12-09T03:06:47.749+0000][1][safepoint    ] Leaving safepoint region
[2019-12-09T03:06:47.749+0000][1][safepoint    ] Total time for which application threads were stopped: 0.0000634 seconds, Stopping threads took: 0.0000131 seconds
[2019-12-09T03:06:47.750+0000][1][safepoint    ] Application time: 0.0000512 seconds
[2019-12-09T03:06:47.750+0000][1][safepoint    ] Entering safepoint region: RevokeBias
[2019-12-09T03:06:47.750+0000][1][safepoint    ] Leaving safepoint region
[2019-12-09T03:06:47.750+0000][1][safepoint    ] Total time for which application threads were stopped: 0.0000697 seconds, Stopping threads took: 0.0000096 seconds
[2019-12-09T03:06:48.057+0000][1][safepoint    ] Application time: 0.3070926 seconds
[2019-12-09T03:06:48.057+0000][1][safepoint    ] Entering safepoint region: RevokeBias
[2019-12-09T03:06:48.057+0000][1][safepoint    ] Leaving safepoint region
[2019-12-09T03:06:48.057+0000][1][safepoint    ] Total time for which application threads were stopped: 0.0001570 seconds, Stopping threads took: 0.0000499 seconds
[2019-12-09T03:06:48.057+0000][1][safepoint    ] Application time: 0.0005710 seconds
[2019-12-09T03:06:48.057+0000][1][safepoint    ] Entering safepoint region: RevokeBias
[2019-12-09T03:06:48.058+0000][1][safepoint    ] Leaving safepoint region
[2019-12-09T03:06:48.058+0000][1][safepoint    ] Total time for which application threads were stopped: 0.0000748 seconds, Stopping threads took: 0.0000151 seconds
[2019-12-09T03:06:48.058+0000][1][safepoint    ] Application time: 0.0005881 seconds
[2019-12-09T03:06:48.058+0000][1][safepoint    ] Entering safepoint region: RevokeBias
[2019-12-09T03:06:48.058+0000][1][safepoint    ] Leaving safepoint region
[2019-12-09T03:06:48.058+0000][1][safepoint    ] Total time for which application threads were stopped: 0.0000722 seconds, Stopping threads took: 0.0000147 seconds
[2019-12-09T03:06:48.059+0000][1][safepoint    ] Application time: 0.0002451 seconds
[2019-12-09T03:06:48.059+0000][1][safepoint    ] Entering safepoint region: RevokeBias
[2019-12-09T03:06:48.059+0000][1][safepoint    ] Leaving safepoint region
[2019-12-09T03:06:48.059+0000][1][safepoint    ] Total time for which application threads were stopped: 0.0000666 seconds, Stopping threads took: 0.0000117 seconds
[2019-12-09T03:06:48.059+0000][1][safepoint    ] Application time: 0.0000773 seconds
[2019-12-09T03:06:48.059+0000][1][safepoint    ] Entering safepoint region: RevokeBias
[2019-12-09T03:06:48.059+0000][1][safepoint    ] Leaving safepoint region
[2019-12-09T03:06:48.059+0000][1][safepoint    ] Total time for which application threads were stopped: 0.0000686 seconds, Stopping threads took: 0.0000114 seconds
[2019-12-09T03:06:48.059+0000][1][safepoint    ] Application time: 0.0000577 seconds
[2019-12-09T03:06:48.059+0000][1][safepoint    ] Entering safepoint region: RevokeBias
[2019-12-09T03:06:48.059+0000][1][safepoint    ] Leaving safepoint region
[2019-12-09T03:06:48.059+0000][1][safepoint    ] Total time for which application threads were stopped: 0.0000488 seconds, Stopping threads took: 0.0000086 seconds
[2019-12-09T03:06:48.059+0000][1][safepoint    ] Application time: 0.0000543 seconds
[2019-12-09T03:06:48.059+0000][1][safepoint    ] Entering safepoint region: RevokeBias
[2019-12-09T03:06:48.059+0000][1][safepoint    ] Leaving safepoint region
[2019-12-09T03:06:48.059+0000][1][safepoint    ] Total time for which application threads were stopped: 0.0000455 seconds, Stopping threads took: 0.0000082 seconds
[2019-12-09T03:06:48.059+0000][1][safepoint    ] Application time: 0.0000456 seconds
[2019-12-09T03:06:48.059+0000][1][safepoint    ] Entering safepoint region: RevokeBias
[2019-12-09T03:06:48.059+0000][1][safepoint    ] Leaving safepoint region
[2019-12-09T03:06:48.059+0000][1][safepoint    ] Total time for which application threads were stopped: 0.0000414 seconds, Stopping threads took: 0.0000072 seconds
[2019-12-09T03:06:48.059+0000][1][safepoint    ] Application time: 0.0000469 seconds
[2019-12-09T03:06:48.059+0000][1][safepoint    ] Entering safepoint region: RevokeBias
[2019-12-09T03:06:48.059+0000][1][safepoint    ] Leaving safepoint region
[2019-12-09T03:06:48.059+0000][1][safepoint    ] Total time for which application threads were stopped: 0.0000402 seconds, Stopping threads took: 0.0000074 seconds
[2019-12-09T03:06:48.059+0000][1][safepoint    ] Application time: 0.0000461 seconds
[2019-12-09T03:06:48.059+0000][1][safepoint    ] Entering safepoint region: RevokeBias
[2019-12-09T03:06:48.059+0000][1][safepoint    ] Leaving safepoint region
[2019-12-09T03:06:48.059+0000][1][safepoint    ] Total time for which application threads were stopped: 0.0000421 seconds, Stopping threads took: 0.0000072 seconds
[2019-12-09T03:06:48.059+0000][1][safepoint    ] Application time: 0.0000475 seconds
[2019-12-09T03:06:48.059+0000][1][safepoint    ] Entering safepoint region: RevokeBias
[2019-12-09T03:06:48.059+0000][1][safepoint    ] Leaving safepoint region
[2019-12-09T03:06:48.059+0000][1][safepoint    ] Total time for which application threads were stopped: 0.0000403 seconds, Stopping threads took: 0.0000071 seconds
[2019-12-09T03:06:49.064+0000][1][safepoint    ] Application time: 1.0042774 seconds
[2019-12-09T03:06:49.085+0000][1][safepoint    ] Entering safepoint region: Cleanup
[2019-12-09T03:06:49.085+0000][1][safepoint    ] Leaving safepoint region
[2019-12-09T03:06:49.085+0000][1][safepoint    ] Total time for which application threads were stopped: 0.0211402 seconds, Stopping threads took: 0.0210586 seconds
[2019-12-09T03:06:49.101+0000][1][safepoint    ] Application time: 0.0163965 seconds
[2019-12-09T03:06:49.101+0000][1][safepoint    ] Entering safepoint region: RevokeBias
[2019-12-09T03:06:49.101+0000][1][safepoint    ] Leaving safepoint region
[2019-12-09T03:06:49.101+0000][1][safepoint    ] Total time for which application threads were stopped: 0.0001048 seconds, Stopping threads took: 0.0000174 seconds
[2019-12-09T03:06:49.103+0000][1][safepoint    ] Application time: 0.0015659 seconds
[2019-12-09T03:06:49.103+0000][1][safepoint    ] Entering safepoint region: RevokeBias
[2019-12-09T03:06:49.103+0000][1][safepoint    ] Leaving safepoint region
[2019-12-09T03:06:49.103+0000][1][safepoint    ] Total time for which application threads were stopped: 0.0000845 seconds, Stopping threads took: 0.0000158 seconds
[2019-12-09T03:06:49.228+0000][1][safepoint    ] Application time: 0.1251638 seconds
[2019-12-09T03:06:49.228+0000][1][safepoint    ] Entering safepoint region: RevokeBias
[2019-12-09T03:06:49.228+0000][1][safepoint    ] Leaving safepoint region
[2019-12-09T03:06:49.228+0000][1][safepoint    ] Total time for which application threads were stopped: 0.0001091 seconds, Stopping threads took: 0.0000189 seconds
[2019-12-09T03:06:49.247+0000][1][safepoint    ] Application time: 0.0184800 seconds
[2019-12-09T03:06:49.256+0000][1][safepoint    ] Entering safepoint region: RevokeBias
[2019-12-09T03:06:49.256+0000][1][safepoint    ] Leaving safepoint region
[2019-12-09T03:06:49.256+0000][1][safepoint    ] Total time for which application threads were stopped: 0.0088582 seconds, Stopping threads took: 0.0087497 seconds
[2019-12-09T03:06:49.256+0000][1][safepoint    ] Application time: 0.0001828 seconds
[2019-12-09T03:06:49.256+0000][1][safepoint    ] Entering safepoint region: RevokeBias
[2019-12-09T03:06:49.256+0000][1][safepoint    ] Leaving safepoint region
[2019-12-09T03:06:49.256+0000][1][safepoint    ] Total time for which application threads were stopped: 0.0000690 seconds, Stopping threads took: 0.0000116 seconds
[2019-12-09T03:06:49.256+0000][1][safepoint    ] Application time: 0.0000526 seconds
[2019-12-09T03:06:49.256+0000][1][safepoint    ] Entering safepoint region: RevokeBias
[2019-12-09T03:06:49.256+0000][1][safepoint    ] Leaving safepoint region
[2019-12-09T03:06:49.256+0000][1][safepoint    ] Total time for which application threads were stopped: 0.0000478 seconds, Stopping threads took: 0.0000079 seconds
[2019-12-09T03:06:49.257+0000][1][safepoint    ] Application time: 0.0009330 seconds
[2019-12-09T03:06:49.257+0000][1][safepoint    ] Entering safepoint region: RevokeBias
[2019-12-09T03:06:49.257+0000][1][safepoint    ] Leaving safepoint region
[2019-12-09T03:06:49.257+0000][1][safepoint    ] Total time for which application threads were stopped: 0.0000934 seconds, Stopping threads took: 0.0000167 seconds
[2019-12-09T03:06:49.257+0000][1][safepoint    ] Application time: 0.0001610 seconds
[2019-12-09T03:06:49.257+0000][1][safepoint    ] Entering safepoint region: RevokeBias
[2019-12-09T03:06:49.258+0000][1][safepoint    ] Leaving safepoint region
[2019-12-09T03:06:49.258+0000][1][safepoint    ] Total time for which application threads were stopped: 0.0000574 seconds, Stopping threads took: 0.0000103 seconds
[2019-12-09T03:06:49.267+0000][1][safepoint    ] Application time: 0.0095416 seconds
[2019-12-09T03:06:49.267+0000][1][safepoint    ] Entering safepoint region: RevokeBias
[2019-12-09T03:06:49.267+0000][1][safepoint    ] Leaving safepoint region
[2019-12-09T03:06:49.267+0000][1][safepoint    ] Total time for which application threads were stopped: 0.0000767 seconds, Stopping threads took: 0.0000141 seconds
[2019-12-09T03:06:49.268+0000][1][safepoint    ] Application time: 0.0009376 seconds
[2019-12-09T03:06:49.268+0000][1][safepoint    ] Entering safepoint region: RevokeBias
[2019-12-09T03:06:49.268+0000][1][safepoint    ] Leaving safepoint region
[2019-12-09T03:06:49.268+0000][1][safepoint    ] Total time for which application threads were stopped: 0.0000756 seconds, Stopping threads took: 0.0000138 seconds
[2019-12-09T03:06:50.352+0000][1][safepoint    ] Application time: 1.0834869 seconds
[2019-12-09T03:06:50.352+0000][1][safepoint    ] Entering safepoint region: Cleanup
[2019-12-09T03:06:50.352+0000][1][safepoint    ] Leaving safepoint region
[2019-12-09T03:06:50.352+0000][1][safepoint    ] Total time for which application threads were stopped: 0.0001038 seconds, Stopping threads took: 0.0000239 seconds
[2019-12-09T03:06:51.353+0000][1][safepoint    ] Application time: 1.0008499 seconds
[2019-12-09T03:06:51.353+0000][1][safepoint    ] Entering safepoint region: Cleanup
[2019-12-09T03:06:51.353+0000][1][safepoint    ] Leaving safepoint region
[2019-12-09T03:06:51.353+0000][1][safepoint    ] Total time for which application threads were stopped: 0.0000974 seconds, Stopping threads took: 0.0000245 seconds
[2019-12-09T03:06:53.355+0000][1][safepoint    ] Application time: 2.0018656 seconds
[2019-12-09T03:06:53.355+0000][1][safepoint    ] Entering safepoint region: Cleanup
[2019-12-09T03:06:53.355+0000][1][safepoint    ] Leaving safepoint region
[2019-12-09T03:06:53.355+0000][1][safepoint    ] Total time for which application threads were stopped: 0.0000984 seconds, Stopping threads took: 0.0000236 seconds
[2019-12-09T03:06:54.357+0000][1][safepoint    ] Application time: 1.0018520 seconds
[2019-12-09T03:06:54.357+0000][1][safepoint    ] Entering safepoint region: Cleanup
[2019-12-09T03:06:54.357+0000][1][safepoint    ] Leaving safepoint region
[2019-12-09T03:06:54.357+0000][1][safepoint    ] Total time for which application threads were stopped: 0.0001038 seconds, Stopping threads took: 0.0000238 seconds
[2019-12-09T03:06:55.359+0000][1][safepoint    ] Application time: 1.0018558 seconds
[2019-12-09T03:06:55.359+0000][1][safepoint    ] Entering safepoint region: Cleanup
[2019-12-09T03:06:55.359+0000][1][safepoint    ] Leaving safepoint region
[2019-12-09T03:06:55.359+0000][1][safepoint    ] Total time for which application threads were stopped: 0.0001049 seconds, Stopping threads took: 0.0000238 seconds
[2019-12-09T03:06:56.360+0000][1][safepoint    ] Application time: 1.0008471 seconds
[2019-12-09T03:06:56.360+0000][1][safepoint    ] Entering safepoint region: Cleanup
[2019-12-09T03:06:56.360+0000][1][safepoint    ] Leaving safepoint region
[2019-12-09T03:06:56.360+0000][1][safepoint    ] Total time for which application threads were stopped: 0.0000964 seconds, Stopping threads took: 0.0000245 seconds
[2019-12-09T03:06:57.360+0000][1][safepoint    ] Application time: 1.0002309 seconds
[2019-12-09T03:06:57.360+0000][1][safepoint    ] Entering safepoint region: Cleanup
[2019-12-09T03:06:57.360+0000][1][safepoint    ] Leaving safepoint region
[2019-12-09T03:06:57.360+0000][1][safepoint    ] Total time for which application threads were stopped: 0.0001015 seconds, Stopping threads took: 0.0000229 seconds
[2019-12-09T03:06:58.364+0000][1][safepoint    ] Application time: 1.0037045 seconds
[2019-12-09T03:06:58.364+0000][1][safepoint    ] Entering safepoint region: Cleanup
[2019-12-09T03:06:58.364+0000][1][safepoint    ] Leaving safepoint region
[2019-12-09T03:06:58.364+0000][1][safepoint    ] Total time for which application threads were stopped: 0.0000927 seconds, Stopping threads took: 0.0000235 seconds
[2019-12-09T03:06:59.365+0000][1][safepoint    ] Application time: 1.0006765 seconds
[2019-12-09T03:06:59.365+0000][1][safepoint    ] Entering safepoint region: Cleanup
[2019-12-09T03:06:59.365+0000][1][safepoint    ] Leaving safepoint region
[2019-12-09T03:06:59.365+0000][1][safepoint    ] Total time for which application threads were stopped: 0.0000968 seconds, Stopping threads took: 0.0000241 seconds
[2019-12-09T03:07:00.367+0000][1][safepoint    ] Application time: 1.0018365 seconds
[2019-12-09T03:07:00.367+0000][1][safepoint    ] Entering safepoint region: Cleanup
[2019-12-09T03:07:00.367+0000][1][safepoint    ] Leaving safepoint region
[2019-12-09T03:07:00.367+0000][1][safepoint    ] Total time for which application threads were stopped: 0.0000997 seconds, Stopping threads took: 0.0000227 seconds
[2019-12-09T03:07:01.368+0000][1][safepoint    ] Application time: 1.0011880 seconds
[2019-12-09T03:07:01.368+0000][1][safepoint    ] Entering safepoint region: Cleanup
[2019-12-09T03:07:01.368+0000][1][safepoint    ] Leaving safepoint region
[2019-12-09T03:07:01.368+0000][1][safepoint    ] Total time for which application threads were stopped: 0.0001015 seconds, Stopping threads took: 0.0000248 seconds
[2019-12-09T03:07:02.370+0000][1][safepoint    ] Application time: 1.0015199 seconds
[2019-12-09T03:07:02.370+0000][1][safepoint    ] Entering safepoint region: Cleanup
[2019-12-09T03:07:02.370+0000][1][safepoint    ] Leaving safepoint region
[2019-12-09T03:07:02.370+0000][1][safepoint    ] Total time for which application threads were stopped: 0.0001071 seconds, Stopping threads took: 0.0000259 seconds
[2019-12-09T03:07:03.376+0000][1][safepoint    ] Application time: 1.0064393 seconds
[2019-12-09T03:07:03.376+0000][1][safepoint    ] Entering safepoint region: Cleanup
[2019-12-09T03:07:03.376+0000][1][safepoint    ] Leaving safepoint region
[2019-12-09T03:07:03.376+0000][1][safepoint    ] Total time for which application threads were stopped: 0.0001145 seconds, Stopping threads took: 0.0000335 seconds
[2019-12-09T03:07:07.385+0000][1][safepoint    ] Application time: 4.0082581 seconds
[2019-12-09T03:07:07.385+0000][1][safepoint    ] Entering safepoint region: Cleanup
[2019-12-09T03:07:07.385+0000][1][safepoint    ] Leaving safepoint region
[2019-12-09T03:07:07.385+0000][1][safepoint    ] Total time for which application threads were stopped: 0.0001080 seconds, Stopping threads took: 0.0000261 seconds
[2019-12-09T03:07:08.386+0000][1][safepoint    ] Application time: 1.0008370 seconds
[2019-12-09T03:07:08.386+0000][1][safepoint    ] Entering safepoint region: Cleanup
[2019-12-09T03:07:08.386+0000][1][safepoint    ] Leaving safepoint region
[2019-12-09T03:07:08.386+0000][1][safepoint    ] Total time for which application threads were stopped: 0.0001097 seconds, Stopping threads took: 0.0000248 seconds
[2019-12-09T03:07:10.388+0000][1][safepoint    ] Application time: 2.0018382 seconds
[2019-12-09T03:07:10.388+0000][1][safepoint    ] Entering safepoint region: Cleanup
[2019-12-09T03:07:10.388+0000][1][safepoint    ] Leaving safepoint region
[2019-12-09T03:07:10.388+0000][1][safepoint    ] Total time for which application threads were stopped: 0.0001048 seconds, Stopping threads took: 0.0000240 seconds
[2019-12-09T03:07:11.389+0000][1][safepoint    ] Application time: 1.0008591 seconds
[2019-12-09T03:07:11.389+0000][1][safepoint    ] Entering safepoint region: Cleanup
[2019-12-09T03:07:11.389+0000][1][safepoint    ] Leaving safepoint region
[2019-12-09T03:07:11.389+0000][1][safepoint    ] Total time for which application threads were stopped: 0.0001154 seconds, Stopping threads took: 0.0000267 seconds
[2019-12-09T03:07:12.390+0000][1][safepoint    ] Application time: 1.0008298 seconds
[2019-12-09T03:07:12.390+0000][1][safepoint    ] Entering safepoint region: Cleanup
[2019-12-09T03:07:12.390+0000][1][safepoint    ] Leaving safepoint region
[2019-12-09T03:07:12.390+0000][1][safepoint    ] Total time for which application threads were stopped: 0.0001152 seconds, Stopping threads took: 0.0000273 seconds
[2019-12-09T03:07:12.394+0000][1][safepoint    ] Application time: 0.0038450 seconds
[2019-12-09T03:07:12.394+0000][1][safepoint    ] Entering safepoint region: GenCollectForAllocation
[2019-12-09T03:07:12.394+0000][1][gc,start     ] GC(23) Pause Young (Allocation Failure)
[2019-12-09T03:07:12.394+0000][1][gc,task      ] GC(23) Using 2 workers of 2 for evacuation
[2019-12-09T03:07:12.452+0000][1][gc,age       ] GC(23) Desired survivor size 4456448 bytes, new threshold 2 (max threshold 6)
[2019-12-09T03:07:12.452+0000][1][gc,age       ] GC(23) Age table with threshold 2 (max threshold 6)
[2019-12-09T03:07:12.452+0000][1][gc,age       ] GC(23) - age   1:    1932464 bytes,    1932464 total
[2019-12-09T03:07:12.452+0000][1][gc,age       ] GC(23) - age   2:    3582936 bytes,    5515400 total
[2019-12-09T03:07:12.452+0000][1][gc,heap      ] GC(23) ParNew: 78656K->6878K(78656K)
[2019-12-09T03:07:12.452+0000][1][gc,heap      ] GC(23) CMS: 60252K->64391K(174784K)
[2019-12-09T03:07:12.452+0000][1][gc,metaspace ] GC(23) Metaspace: 68151K->68151K(1112064K)
[2019-12-09T03:07:12.452+0000][1][gc           ] GC(23) Pause Young (Allocation Failure) 135M->69M(247M) 58.106ms
[2019-12-09T03:07:12.452+0000][1][gc,cpu       ] GC(23) User=0.05s Sys=0.00s Real=0.06s
[2019-12-09T03:07:12.452+0000][1][safepoint    ] Leaving safepoint region
[2019-12-09T03:07:12.452+0000][1][safepoint    ] Total time for which application threads were stopped: 0.0583041 seconds, Stopping threads took: 0.0000198 seconds
[2019-12-09T03:07:13.452+0000][1][safepoint    ] Application time: 1.0000873 seconds
[2019-12-09T03:07:13.452+0000][1][safepoint    ] Entering safepoint region: Cleanup
[2019-12-09T03:07:13.452+0000][1][safepoint    ] Leaving safepoint region
[2019-12-09T03:07:13.452+0000][1][safepoint    ] Total time for which application threads were stopped: 0.0000906 seconds, Stopping threads took: 0.0000238 seconds
[2019-12-09T03:07:14.452+0000][1][safepoint    ] Application time: 1.0000808 seconds
[2019-12-09T03:07:14.452+0000][1][safepoint    ] Entering safepoint region: Cleanup
[2019-12-09T03:07:14.452+0000][1][safepoint    ] Leaving safepoint region
[2019-12-09T03:07:14.452+0000][1][safepoint    ] Total time for which application threads were stopped: 0.0000797 seconds, Stopping threads took: 0.0000180 seconds
[2019-12-09T03:07:15.453+0000][1][safepoint    ] Application time: 1.0000766 seconds
[2019-12-09T03:07:15.453+0000][1][safepoint    ] Entering safepoint region: Cleanup
[2019-12-09T03:07:15.453+0000][1][safepoint    ] Leaving safepoint region
[2019-12-09T03:07:15.453+0000][1][safepoint    ] Total time for which application threads were stopped: 0.0000870 seconds, Stopping threads took: 0.0000232 seconds
[2019-12-09T03:07:16.453+0000][1][safepoint    ] Application time: 1.0000847 seconds
[2019-12-09T03:07:16.453+0000][1][safepoint    ] Entering safepoint region: Cleanup
[2019-12-09T03:07:16.453+0000][1][safepoint    ] Leaving safepoint region
[2019-12-09T03:07:16.453+0000][1][safepoint    ] Total time for which application threads were stopped: 0.0000782 seconds, Stopping threads took: 0.0000179 seconds
[2019-12-09T03:07:18.453+0000][1][safepoint    ] Application time: 2.0001677 seconds
[2019-12-09T03:07:18.453+0000][1][safepoint    ] Entering safepoint region: Cleanup
[2019-12-09T03:07:18.453+0000][1][safepoint    ] Leaving safepoint region
[2019-12-09T03:07:18.453+0000][1][safepoint    ] Total time for which application threads were stopped: 0.0001093 seconds, Stopping threads took: 0.0000312 seconds
[2019-12-09T03:07:19.453+0000][1][safepoint    ] Application time: 1.0000755 seconds
[2019-12-09T03:07:19.453+0000][1][safepoint    ] Entering safepoint region: Cleanup
[2019-12-09T03:07:19.453+0000][1][safepoint    ] Leaving safepoint region
[2019-12-09T03:07:19.453+0000][1][safepoint    ] Total time for which application threads were stopped: 0.0000741 seconds, Stopping threads took: 0.0000175 seconds
[2019-12-09T03:07:22.454+0000][1][safepoint    ] Application time: 3.0002118 seconds
[2019-12-09T03:07:22.454+0000][1][safepoint    ] Entering safepoint region: Cleanup
[2019-12-09T03:07:22.454+0000][1][safepoint    ] Leaving safepoint region
[2019-12-09T03:07:22.454+0000][1][safepoint    ] Total time for which application threads were stopped: 0.0000856 seconds, Stopping threads took: 0.0000170 seconds
[2019-12-09T03:07:23.454+0000][1][safepoint    ] Application time: 1.0000752 seconds
[2019-12-09T03:07:23.454+0000][1][safepoint    ] Entering safepoint region: Cleanup
[2019-12-09T03:07:23.454+0000][1][safepoint    ] Leaving safepoint region
[2019-12-09T03:07:23.454+0000][1][safepoint    ] Total time for which application threads were stopped: 0.0000831 seconds, Stopping threads took: 0.0000170 seconds
[2019-12-09T03:07:24.454+0000][1][safepoint    ] Application time: 1.0000746 seconds
[2019-12-09T03:07:24.454+0000][1][safepoint    ] Entering safepoint region: Cleanup
[2019-12-09T03:07:24.454+0000][1][safepoint    ] Leaving safepoint region
[2019-12-09T03:07:24.454+0000][1][safepoint    ] Total time for which application threads were stopped: 0.0000762 seconds, Stopping threads took: 0.0000173 seconds
[2019-12-09T03:07:25.454+0000][1][safepoint    ] Application time: 1.0000770 seconds
[2019-12-09T03:07:25.454+0000][1][safepoint    ] Entering safepoint region: Cleanup
[2019-12-09T03:07:25.454+0000][1][safepoint    ] Leaving safepoint region
[2019-12-09T03:07:25.454+0000][1][safepoint    ] Total time for which application threads were stopped: 0.0000748 seconds, Stopping threads took: 0.0000166 seconds
[2019-12-09T03:07:27.454+0000][1][safepoint    ] Application time: 2.0001308 seconds
[2019-12-09T03:07:27.454+0000][1][safepoint    ] Entering safepoint region: Cleanup
[2019-12-09T03:07:27.454+0000][1][safepoint    ] Leaving safepoint region
[2019-12-09T03:07:27.454+0000][1][safepoint    ] Total time for which application threads were stopped: 0.0000743 seconds, Stopping threads took: 0.0000169 seconds
[2019-12-09T03:07:28.455+0000][1][safepoint    ] Application time: 1.0000712 seconds
[2019-12-09T03:07:28.455+0000][1][safepoint    ] Entering safepoint region: Cleanup
[2019-12-09T03:07:28.455+0000][1][safepoint    ] Leaving safepoint region
[2019-12-09T03:07:28.455+0000][1][safepoint    ] Total time for which application threads were stopped: 0.0000947 seconds, Stopping threads took: 0.0000177 seconds
[2019-12-09T03:07:29.455+0000][1][safepoint    ] Application time: 1.0000733 seconds
[2019-12-09T03:07:29.455+0000][1][safepoint    ] Entering safepoint region: Cleanup
[2019-12-09T03:07:29.455+0000][1][safepoint    ] Leaving safepoint region
[2019-12-09T03:07:29.455+0000][1][safepoint    ] Total time for which application threads were stopped: 0.0000831 seconds, Stopping threads took: 0.0000224 seconds
[2019-12-09T03:07:30.455+0000][1][safepoint    ] Application time: 1.0000741 seconds
[2019-12-09T03:07:30.455+0000][1][safepoint    ] Entering safepoint region: Cleanup
[2019-12-09T03:07:30.455+0000][1][safepoint    ] Leaving safepoint region
[2019-12-09T03:07:30.455+0000][1][safepoint    ] Total time for which application threads were stopped: 0.0000878 seconds, Stopping threads took: 0.0000177 seconds
[2019-12-09T03:07:32.455+0000][1][safepoint    ] Application time: 2.0001468 seconds
[2019-12-09T03:07:32.455+0000][1][safepoint    ] Entering safepoint region: Cleanup
[2019-12-09T03:07:32.455+0000][1][safepoint    ] Leaving safepoint region
[2019-12-09T03:07:32.455+0000][1][safepoint    ] Total time for which application threads were stopped: 0.0000779 seconds, Stopping threads took: 0.0000175 seconds
[2019-12-09T03:07:33.455+0000][1][safepoint    ] Application time: 1.0000772 seconds
[2019-12-09T03:07:33.455+0000][1][safepoint    ] Entering safepoint region: Cleanup
[2019-12-09T03:07:33.456+0000][1][safepoint    ] Leaving safepoint region
[2019-12-09T03:07:33.456+0000][1][safepoint    ] Total time for which application threads were stopped: 0.0000795 seconds, Stopping threads took: 0.0000186 seconds
[2019-12-09T03:07:34.456+0000][1][safepoint    ] Application time: 1.0000774 seconds
[2019-12-09T03:07:34.456+0000][1][safepoint    ] Entering safepoint region: Cleanup
[2019-12-09T03:07:34.456+0000][1][safepoint    ] Leaving safepoint region
[2019-12-09T03:07:34.456+0000][1][safepoint    ] Total time for which application threads were stopped: 0.0000896 seconds, Stopping threads took: 0.0000274 seconds
[2019-12-09T03:07:36.456+0000][1][safepoint    ] Application time: 2.0001469 seconds
[2019-12-09T03:07:36.456+0000][1][safepoint    ] Entering safepoint region: Cleanup
[2019-12-09T03:07:36.456+0000][1][safepoint    ] Leaving safepoint region
[2019-12-09T03:07:36.456+0000][1][safepoint    ] Total time for which application threads were stopped: 0.0000770 seconds, Stopping threads took: 0.0000172 seconds
[2019-12-09T03:07:37.456+0000][1][safepoint    ] Application time: 1.0000792 seconds
[2019-12-09T03:07:37.456+0000][1][safepoint    ] Entering safepoint region: Cleanup
[2019-12-09T03:07:37.456+0000][1][safepoint    ] Leaving safepoint region
[2019-12-09T03:07:37.456+0000][1][safepoint    ] Total time for which application threads were stopped: 0.0000856 seconds, Stopping threads took: 0.0000181 seconds
[2019-12-09T03:07:38.456+0000][1][safepoint    ] Application time: 1.0000804 seconds
[2019-12-09T03:07:38.456+0000][1][safepoint    ] Entering safepoint region: Cleanup
[2019-12-09T03:07:38.456+0000][1][safepoint    ] Leaving safepoint region
[2019-12-09T03:07:38.456+0000][1][safepoint    ] Total time for which application threads were stopped: 0.0000832 seconds, Stopping threads took: 0.0000170 seconds
[2019-12-09T03:07:39.461+0000][1][safepoint    ] Application time: 1.0042305 seconds
[2019-12-09T03:07:39.461+0000][1][safepoint    ] Entering safepoint region: Cleanup
[2019-12-09T03:07:39.461+0000][1][safepoint    ] Leaving safepoint region
[2019-12-09T03:07:39.461+0000][1][safepoint    ] Total time for which application threads were stopped: 0.0001203 seconds, Stopping threads took: 0.0000261 seconds
[2019-12-09T03:07:41.461+0000][1][safepoint    ] Application time: 2.0001416 seconds
[2019-12-09T03:07:41.461+0000][1][safepoint    ] Entering safepoint region: Cleanup
[2019-12-09T03:07:41.461+0000][1][safepoint    ] Leaving safepoint region
[2019-12-09T03:07:41.461+0000][1][safepoint    ] Total time for which application threads were stopped: 0.0000769 seconds, Stopping threads took: 0.0000159 seconds
[2019-12-09T03:07:46.461+0000][1][safepoint    ] Application time: 5.0003588 seconds
[2019-12-09T03:07:46.461+0000][1][safepoint    ] Entering safepoint region: Cleanup
[2019-12-09T03:07:46.462+0000][1][safepoint    ] Leaving safepoint region
[2019-12-09T03:07:46.462+0000][1][safepoint    ] Total time for which application threads were stopped: 0.0000812 seconds, Stopping threads took: 0.0000174 seconds
[2019-12-09T03:07:47.462+0000][1][safepoint    ] Application time: 1.0000798 seconds
[2019-12-09T03:07:47.462+0000][1][safepoint    ] Entering safepoint region: Cleanup
[2019-12-09T03:07:47.462+0000][1][safepoint    ] Leaving safepoint region
[2019-12-09T03:07:47.462+0000][1][safepoint    ] Total time for which application threads were stopped: 0.0001182 seconds, Stopping threads took: 0.0000342 seconds
[2019-12-09T03:07:48.462+0000][1][safepoint    ] Application time: 1.0000770 seconds
[2019-12-09T03:07:48.462+0000][1][safepoint    ] Entering safepoint region: Cleanup
[2019-12-09T03:07:48.462+0000][1][safepoint    ] Leaving safepoint region
[2019-12-09T03:07:48.462+0000][1][safepoint    ] Total time for which application threads were stopped: 0.0000772 seconds, Stopping threads took: 0.0000164 seconds
[2019-12-09T03:07:50.462+0000][1][safepoint    ] Application time: 2.0001410 seconds
[2019-12-09T03:07:50.462+0000][1][safepoint    ] Entering safepoint region: Cleanup
[2019-12-09T03:07:50.462+0000][1][safepoint    ] Leaving safepoint region
[2019-12-09T03:07:50.462+0000][1][safepoint    ] Total time for which application threads were stopped: 0.0000796 seconds, Stopping threads took: 0.0000180 seconds
[2019-12-09T03:07:53.462+0000][1][safepoint    ] Application time: 3.0002095 seconds
[2019-12-09T03:07:53.463+0000][1][safepoint    ] Entering safepoint region: Cleanup
[2019-12-09T03:07:53.463+0000][1][safepoint    ] Leaving safepoint region
[2019-12-09T03:07:53.463+0000][1][safepoint    ] Total time for which application threads were stopped: 0.0000804 seconds, Stopping threads took: 0.0000174 seconds
[2019-12-09T03:07:57.463+0000][1][safepoint    ] Application time: 4.0002446 seconds
[2019-12-09T03:07:57.463+0000][1][safepoint    ] Entering safepoint region: Cleanup
[2019-12-09T03:07:57.463+0000][1][safepoint    ] Leaving safepoint region
[2019-12-09T03:07:57.463+0000][1][safepoint    ] Total time for which application threads were stopped: 0.0000795 seconds, Stopping threads took: 0.0000171 seconds
[2019-12-09T03:07:58.463+0000][1][safepoint    ] Application time: 1.0000789 seconds
[2019-12-09T03:07:58.463+0000][1][safepoint    ] Entering safepoint region: Cleanup
[2019-12-09T03:07:58.463+0000][1][safepoint    ] Leaving safepoint region
[2019-12-09T03:07:58.463+0000][1][safepoint    ] Total time for which application threads were stopped: 0.0000782 seconds, Stopping threads took: 0.0000167 seconds
[2019-12-09T03:07:59.463+0000][1][safepoint    ] Application time: 1.0000797 seconds
[2019-12-09T03:07:59.463+0000][1][safepoint    ] Entering safepoint region: Cleanup
[2019-12-09T03:07:59.463+0000][1][safepoint    ] Leaving safepoint region
[2019-12-09T03:07:59.463+0000][1][safepoint    ] Total time for which application threads were stopped: 0.0000741 seconds, Stopping threads took: 0.0000171 seconds
[2019-12-09T03:08:00.463+0000][1][safepoint    ] Application time: 1.0000801 seconds
[2019-12-09T03:08:00.463+0000][1][safepoint    ] Entering safepoint region: Cleanup
[2019-12-09T03:08:00.464+0000][1][safepoint    ] Leaving safepoint region
[2019-12-09T03:08:00.464+0000][1][safepoint    ] Total time for which application threads were stopped: 0.0000821 seconds, Stopping threads took: 0.0000177 seconds
[2019-12-09T03:08:01.464+0000][1][safepoint    ] Application time: 1.0000785 seconds
[2019-12-09T03:08:01.464+0000][1][safepoint    ] Entering safepoint region: Cleanup
[2019-12-09T03:08:01.464+0000][1][safepoint    ] Leaving safepoint region
[2019-12-09T03:08:01.464+0000][1][safepoint    ] Total time for which application threads were stopped: 0.0000901 seconds, Stopping threads took: 0.0000179 seconds
[2019-12-09T03:08:03.464+0000][1][safepoint    ] Application time: 2.0001499 seconds
[2019-12-09T03:08:03.464+0000][1][safepoint    ] Entering safepoint region: Cleanup
[2019-12-09T03:08:03.464+0000][1][safepoint    ] Leaving safepoint region
[2019-12-09T03:08:03.464+0000][1][safepoint    ] Total time for which application threads were stopped: 0.0000872 seconds, Stopping threads took: 0.0000171 seconds
[2019-12-09T03:08:04.464+0000][1][safepoint    ] Application time: 1.0000810 seconds
[2019-12-09T03:08:04.464+0000][1][safepoint    ] Entering safepoint region: Cleanup
[2019-12-09T03:08:04.464+0000][1][safepoint    ] Leaving safepoint region
[2019-12-09T03:08:04.464+0000][1][safepoint    ] Total time for which application threads were stopped: 0.0000799 seconds, Stopping threads took: 0.0000168 seconds
[2019-12-09T03:08:05.464+0000][1][safepoint    ] Application time: 1.0000783 seconds
[2019-12-09T03:08:05.464+0000][1][safepoint    ] Entering safepoint region: Cleanup
[2019-12-09T03:08:05.464+0000][1][safepoint    ] Leaving safepoint region
[2019-12-09T03:08:05.464+0000][1][safepoint    ] Total time for which application threads were stopped: 0.0000858 seconds, Stopping threads took: 0.0000181 seconds
[2019-12-09T03:08:06.465+0000][1][safepoint    ] Application time: 1.0000840 seconds
[2019-12-09T03:08:06.465+0000][1][safepoint    ] Entering safepoint region: Cleanup
[2019-12-09T03:08:06.465+0000][1][safepoint    ] Leaving safepoint region
[2019-12-09T03:08:06.465+0000][1][safepoint    ] Total time for which application threads were stopped: 0.0000769 seconds, Stopping threads took: 0.0000170 seconds
[2019-12-09T03:08:07.465+0000][1][safepoint    ] Application time: 1.0000786 seconds
[2019-12-09T03:08:07.465+0000][1][safepoint    ] Entering safepoint region: Cleanup
[2019-12-09T03:08:07.465+0000][1][safepoint    ] Leaving safepoint region
[2019-12-09T03:08:07.465+0000][1][safepoint    ] Total time for which application threads were stopped: 0.0000754 seconds, Stopping threads took: 0.0000162 seconds
[2019-12-09T03:08:08.465+0000][1][safepoint    ] Application time: 1.0000816 seconds
[2019-12-09T03:08:08.465+0000][1][safepoint    ] Entering safepoint region: Cleanup
[2019-12-09T03:08:08.465+0000][1][safepoint    ] Leaving safepoint region
[2019-12-09T03:08:08.465+0000][1][safepoint    ] Total time for which application threads were stopped: 0.0000813 seconds, Stopping threads took: 0.0000173 seconds
[2019-12-09T03:08:09.468+0000][1][safepoint    ] Application time: 1.0026721 seconds
[2019-12-09T03:08:09.468+0000][1][safepoint    ] Entering safepoint region: Cleanup
[2019-12-09T03:08:09.468+0000][1][safepoint    ] Leaving safepoint region
[2019-12-09T03:08:09.468+0000][1][safepoint    ] Total time for which application threads were stopped: 0.0001032 seconds, Stopping threads took: 0.0000201 seconds
[2019-12-09T03:08:10.468+0000][1][safepoint    ] Application time: 1.0000753 seconds
[2019-12-09T03:08:10.468+0000][1][safepoint    ] Entering safepoint region: Cleanup
[2019-12-09T03:08:10.468+0000][1][safepoint    ] Leaving safepoint region
[2019-12-09T03:08:10.468+0000][1][safepoint    ] Total time for which application threads were stopped: 0.0000854 seconds, Stopping threads took: 0.0000164 seconds
[2019-12-09T03:08:12.468+0000][1][safepoint    ] Application time: 2.0001457 seconds
[2019-12-09T03:08:12.468+0000][1][safepoint    ] Entering safepoint region: Cleanup
[2019-12-09T03:08:12.468+0000][1][safepoint    ] Leaving safepoint region
[2019-12-09T03:08:12.468+0000][1][safepoint    ] Total time for which application threads were stopped: 0.0000823 seconds, Stopping threads took: 0.0000169 seconds
[2019-12-09T03:08:14.468+0000][1][safepoint    ] Application time: 2.0001502 seconds
[2019-12-09T03:08:14.469+0000][1][safepoint    ] Entering safepoint region: Cleanup
[2019-12-09T03:08:14.469+0000][1][safepoint    ] Leaving safepoint region
[2019-12-09T03:08:14.469+0000][1][safepoint    ] Total time for which application threads were stopped: 0.0000876 seconds, Stopping threads took: 0.0000243 seconds
[2019-12-09T03:08:15.470+0000][1][safepoint    ] Application time: 1.0011102 seconds
[2019-12-09T03:08:15.470+0000][1][safepoint    ] Entering safepoint region: Cleanup
[2019-12-09T03:08:15.470+0000][1][safepoint    ] Leaving safepoint region
[2019-12-09T03:08:15.470+0000][1][safepoint    ] Total time for which application threads were stopped: 0.0001055 seconds, Stopping threads took: 0.0000208 seconds
[2019-12-09T03:08:16.470+0000][1][safepoint    ] Application time: 1.0000757 seconds
[2019-12-09T03:08:16.470+0000][1][safepoint    ] Entering safepoint region: Cleanup
[2019-12-09T03:08:16.470+0000][1][safepoint    ] Leaving safepoint region
[2019-12-09T03:08:16.470+0000][1][safepoint    ] Total time for which application threads were stopped: 0.0000799 seconds, Stopping threads took: 0.0000170 seconds
[2019-12-09T03:08:18.470+0000][1][safepoint    ] Application time: 2.0001565 seconds
[2019-12-09T03:08:18.470+0000][1][safepoint    ] Entering safepoint region: Cleanup
[2019-12-09T03:08:18.470+0000][1][safepoint    ] Leaving safepoint region
[2019-12-09T03:08:18.470+0000][1][safepoint    ] Total time for which application threads were stopped: 0.0001332 seconds, Stopping threads took: 0.0000226 seconds
[2019-12-09T03:08:20.471+0000][1][safepoint    ] Application time: 2.0001444 seconds
[2019-12-09T03:08:20.471+0000][1][safepoint    ] Entering safepoint region: Cleanup
[2019-12-09T03:08:20.471+0000][1][safepoint    ] Leaving safepoint region
[2019-12-09T03:08:20.471+0000][1][safepoint    ] Total time for which application threads were stopped: 0.0000851 seconds, Stopping threads took: 0.0000167 seconds
[2019-12-09T03:08:21.471+0000][1][safepoint    ] Application time: 1.0000870 seconds
[2019-12-09T03:08:21.471+0000][1][safepoint    ] Entering safepoint region: Cleanup
[2019-12-09T03:08:21.471+0000][1][safepoint    ] Leaving safepoint region
[2019-12-09T03:08:21.471+0000][1][safepoint    ] Total time for which application threads were stopped: 0.0000826 seconds, Stopping threads took: 0.0000178 seconds
[2019-12-09T03:08:22.471+0000][1][safepoint    ] Application time: 1.0000779 seconds
[2019-12-09T03:08:22.471+0000][1][safepoint    ] Entering safepoint region: Cleanup
[2019-12-09T03:08:22.471+0000][1][safepoint    ] Leaving safepoint region
[2019-12-09T03:08:22.471+0000][1][safepoint    ] Total time for which application threads were stopped: 0.0000815 seconds, Stopping threads took: 0.0000191 seconds
[2019-12-09T03:08:23.471+0000][1][safepoint    ] Application time: 1.0000782 seconds
[2019-12-09T03:08:23.471+0000][1][safepoint    ] Entering safepoint region: Cleanup
[2019-12-09T03:08:23.471+0000][1][safepoint    ] Leaving safepoint region
[2019-12-09T03:08:23.471+0000][1][safepoint    ] Total time for which application threads were stopped: 0.0001001 seconds, Stopping threads took: 0.0000159 seconds
[2019-12-09T03:08:25.471+0000][1][safepoint    ] Application time: 2.0001503 seconds
[2019-12-09T03:08:25.471+0000][1][safepoint    ] Entering safepoint region: Cleanup
[2019-12-09T03:08:25.472+0000][1][safepoint    ] Leaving safepoint region
[2019-12-09T03:08:25.472+0000][1][safepoint    ] Total time for which application threads were stopped: 0.0000800 seconds, Stopping threads took: 0.0000159 seconds
[2019-12-09T03:08:26.472+0000][1][safepoint    ] Application time: 1.0000873 seconds
[2019-12-09T03:08:26.472+0000][1][safepoint    ] Entering safepoint region: Cleanup
[2019-12-09T03:08:26.472+0000][1][safepoint    ] Leaving safepoint region
[2019-12-09T03:08:26.472+0000][1][safepoint    ] Total time for which application threads were stopped: 0.0001166 seconds, Stopping threads took: 0.0000242 seconds
[2019-12-09T03:08:27.472+0000][1][safepoint    ] Application time: 1.0000782 seconds
[2019-12-09T03:08:27.472+0000][1][safepoint    ] Entering safepoint region: Cleanup
[2019-12-09T03:08:27.472+0000][1][safepoint    ] Leaving safepoint region
[2019-12-09T03:08:27.472+0000][1][safepoint    ] Total time for which application threads were stopped: 0.0000836 seconds, Stopping threads took: 0.0000174 seconds
[2019-12-09T03:08:31.472+0000][1][safepoint    ] Application time: 4.0002989 seconds
[2019-12-09T03:08:31.472+0000][1][safepoint    ] Entering safepoint region: Cleanup
[2019-12-09T03:08:31.472+0000][1][safepoint    ] Leaving safepoint region
[2019-12-09T03:08:31.472+0000][1][safepoint    ] Total time for which application threads were stopped: 0.0000776 seconds, Stopping threads took: 0.0000165 seconds
[2019-12-09T03:08:32.473+0000][1][safepoint    ] Application time: 1.0000787 seconds
[2019-12-09T03:08:32.473+0000][1][safepoint    ] Entering safepoint region: Cleanup
[2019-12-09T03:08:32.473+0000][1][safepoint    ] Leaving safepoint region
[2019-12-09T03:08:32.473+0000][1][safepoint    ] Total time for which application threads were stopped: 0.0001026 seconds, Stopping threads took: 0.0000178 seconds
[2019-12-09T03:08:33.473+0000][1][safepoint    ] Application time: 1.0000752 seconds
[2019-12-09T03:08:33.473+0000][1][safepoint    ] Entering safepoint region: Cleanup
[2019-12-09T03:08:33.473+0000][1][safepoint    ] Leaving safepoint region
[2019-12-09T03:08:33.473+0000][1][safepoint    ] Total time for which application threads were stopped: 0.0000864 seconds, Stopping threads took: 0.0000169 seconds
[2019-12-09T03:08:39.473+0000][1][safepoint    ] Application time: 6.0004162 seconds
[2019-12-09T03:08:39.473+0000][1][safepoint    ] Entering safepoint region: Cleanup
[2019-12-09T03:08:39.473+0000][1][safepoint    ] Leaving safepoint region
[2019-12-09T03:08:39.473+0000][1][safepoint    ] Total time for which application threads were stopped: 0.0000811 seconds, Stopping threads took: 0.0000189 seconds
[2019-12-09T03:08:40.474+0000][1][safepoint    ] Application time: 1.0000769 seconds
[2019-12-09T03:08:40.474+0000][1][safepoint    ] Entering safepoint region: Cleanup
[2019-12-09T03:08:40.474+0000][1][safepoint    ] Leaving safepoint region
[2019-12-09T03:08:40.474+0000][1][safepoint    ] Total time for which application threads were stopped: 0.0000778 seconds, Stopping threads took: 0.0000163 seconds
[2019-12-09T03:08:42.474+0000][1][safepoint    ] Application time: 2.0001022 seconds
[2019-12-09T03:08:42.474+0000][1][safepoint    ] Entering safepoint region: Cleanup
[2019-12-09T03:08:42.474+0000][1][safepoint    ] Leaving safepoint region
[2019-12-09T03:08:42.474+0000][1][safepoint    ] Total time for which application threads were stopped: 0.0000798 seconds, Stopping threads took: 0.0000162 seconds
[2019-12-09T03:08:43.474+0000][1][safepoint    ] Application time: 1.0000760 seconds
[2019-12-09T03:08:43.474+0000][1][safepoint    ] Entering safepoint region: Cleanup
[2019-12-09T03:08:43.474+0000][1][safepoint    ] Leaving safepoint region
[2019-12-09T03:08:43.474+0000][1][safepoint    ] Total time for which application threads were stopped: 0.0000836 seconds, Stopping threads took: 0.0000180 seconds
[2019-12-09T03:08:44.474+0000][1][safepoint    ] Application time: 1.0000778 seconds
[2019-12-09T03:08:44.474+0000][1][safepoint    ] Entering safepoint region: Cleanup
[2019-12-09T03:08:44.474+0000][1][safepoint    ] Leaving safepoint region
[2019-12-09T03:08:44.474+0000][1][safepoint    ] Total time for which application threads were stopped: 0.0000940 seconds, Stopping threads took: 0.0000264 seconds
[2019-12-09T03:08:45.474+0000][1][safepoint    ] Application time: 1.0000773 seconds
[2019-12-09T03:08:45.474+0000][1][safepoint    ] Entering safepoint region: Cleanup
[2019-12-09T03:08:45.474+0000][1][safepoint    ] Leaving safepoint region
[2019-12-09T03:08:45.474+0000][1][safepoint    ] Total time for which application threads were stopped: 0.0000859 seconds, Stopping threads took: 0.0000185 seconds
[2019-12-09T03:08:50.475+0000][1][safepoint    ] Application time: 5.0003496 seconds
[2019-12-09T03:08:50.475+0000][1][safepoint    ] Entering safepoint region: Cleanup
[2019-12-09T03:08:50.475+0000][1][safepoint    ] Leaving safepoint region
[2019-12-09T03:08:50.475+0000][1][safepoint    ] Total time for which application threads were stopped: 0.0000786 seconds, Stopping threads took: 0.0000166 seconds
[2019-12-09T03:08:53.475+0000][1][safepoint    ] Application time: 3.0002085 seconds
[2019-12-09T03:08:53.475+0000][1][safepoint    ] Entering safepoint region: Cleanup
[2019-12-09T03:08:53.475+0000][1][safepoint    ] Leaving safepoint region
[2019-12-09T03:08:53.475+0000][1][safepoint    ] Total time for which application threads were stopped: 0.0000805 seconds, Stopping threads took: 0.0000181 seconds
[2019-12-09T03:08:54.475+0000][1][safepoint    ] Application time: 1.0000769 seconds
[2019-12-09T03:08:54.475+0000][1][safepoint    ] Entering safepoint region: Cleanup
[2019-12-09T03:08:54.475+0000][1][safepoint    ] Leaving safepoint region
[2019-12-09T03:08:54.475+0000][1][safepoint    ] Total time for which application threads were stopped: 0.0000766 seconds, Stopping threads took: 0.0000157 seconds
[2019-12-09T03:08:59.476+0000][1][safepoint    ] Application time: 5.0003828 seconds
[2019-12-09T03:08:59.476+0000][1][safepoint    ] Entering safepoint region: Cleanup
[2019-12-09T03:08:59.476+0000][1][safepoint    ] Leaving safepoint region
[2019-12-09T03:08:59.476+0000][1][safepoint    ] Total time for which application threads were stopped: 0.0000800 seconds, Stopping threads took: 0.0000165 seconds
[2019-12-09T03:09:03.476+0000][1][safepoint    ] Application time: 4.0002837 seconds
[2019-12-09T03:09:03.476+0000][1][safepoint    ] Entering safepoint region: Cleanup
[2019-12-09T03:09:03.476+0000][1][safepoint    ] Leaving safepoint region
[2019-12-09T03:09:03.476+0000][1][safepoint    ] Total time for which application threads were stopped: 0.0000847 seconds, Stopping threads took: 0.0000178 seconds
[2019-12-09T03:09:15.477+0000][1][safepoint    ] Application time: 12.0008039 seconds
[2019-12-09T03:09:15.477+0000][1][safepoint    ] Entering safepoint region: Cleanup
[2019-12-09T03:09:15.477+0000][1][safepoint    ] Leaving safepoint region
[2019-12-09T03:09:15.477+0000][1][safepoint    ] Total time for which application threads were stopped: 0.0000891 seconds, Stopping threads took: 0.0000259 seconds
[2019-12-09T03:09:17.477+0000][1][safepoint    ] Application time: 2.0001403 seconds
[2019-12-09T03:09:17.478+0000][1][safepoint    ] Entering safepoint region: Cleanup
[2019-12-09T03:09:17.478+0000][1][safepoint    ] Leaving safepoint region
[2019-12-09T03:09:17.478+0000][1][safepoint    ] Total time for which application threads were stopped: 0.0000816 seconds, Stopping threads took: 0.0000169 seconds
[2019-12-09T03:09:17.517+0000][1][safepoint    ] Application time: 0.0391105 seconds
[2019-12-09T03:09:17.517+0000][1][safepoint    ] Entering safepoint region: GenCollectForAllocation
[2019-12-09T03:09:17.517+0000][1][gc,start     ] GC(24) Pause Young (Allocation Failure)
[2019-12-09T03:09:17.517+0000][1][gc,task      ] GC(24) Using 2 workers of 2 for evacuation
[2019-12-09T03:09:17.533+0000][1][gc,age       ] GC(24) Desired survivor size 4456448 bytes, new threshold 6 (max threshold 6)
[2019-12-09T03:09:17.533+0000][1][gc,age       ] GC(24) Age table with threshold 6 (max threshold 6)
[2019-12-09T03:09:17.533+0000][1][gc,age       ] GC(24) - age   1:      26944 bytes,      26944 total
[2019-12-09T03:09:17.533+0000][1][gc,age       ] GC(24) - age   2:    1904216 bytes,    1931160 total
[2019-12-09T03:09:17.533+0000][1][gc,heap      ] GC(24) ParNew: 76830K->5759K(78656K)
[2019-12-09T03:09:17.533+0000][1][gc,heap      ] GC(24) CMS: 64391K->68025K(174784K)
[2019-12-09T03:09:17.533+0000][1][gc,metaspace ] GC(24) Metaspace: 68465K->68465K(1112064K)
[2019-12-09T03:09:17.533+0000][1][gc           ] GC(24) Pause Young (Allocation Failure) 137M->72M(247M) 16.555ms
[2019-12-09T03:09:17.533+0000][1][gc,cpu       ] GC(24) User=0.03s Sys=0.00s Real=0.01s
[2019-12-09T03:09:17.533+0000][1][safepoint    ] Leaving safepoint region
[2019-12-09T03:09:17.533+0000][1][safepoint    ] Total time for which application threads were stopped: 0.0166910 seconds, Stopping threads took: 0.0000136 seconds
[2019-12-09T03:09:18.534+0000][1][safepoint    ] Application time: 1.0000963 seconds
[2019-12-09T03:09:18.534+0000][1][safepoint    ] Entering safepoint region: Cleanup
[2019-12-09T03:09:18.534+0000][1][safepoint    ] Leaving safepoint region
[2019-12-09T03:09:18.534+0000][1][safepoint    ] Total time for which application threads were stopped: 0.0000844 seconds, Stopping threads took: 0.0000180 seconds
[2019-12-09T03:09:19.534+0000][1][safepoint    ] Application time: 1.0000755 seconds
[2019-12-09T03:09:19.534+0000][1][safepoint    ] Entering safepoint region: Cleanup
[2019-12-09T03:09:19.534+0000][1][safepoint    ] Leaving safepoint region
[2019-12-09T03:09:19.534+0000][1][safepoint    ] Total time for which application threads were stopped: 0.0000819 seconds, Stopping threads took: 0.0000173 seconds
[2019-12-09T03:09:22.534+0000][1][safepoint    ] Application time: 3.0002349 seconds
[2019-12-09T03:09:22.534+0000][1][safepoint    ] Entering safepoint region: Cleanup
[2019-12-09T03:09:22.534+0000][1][safepoint    ] Leaving safepoint region
[2019-12-09T03:09:22.534+0000][1][safepoint    ] Total time for which application threads were stopped: 0.0001283 seconds, Stopping threads took: 0.0000608 seconds
[2019-12-09T03:09:24.534+0000][1][safepoint    ] Application time: 2.0001467 seconds
[2019-12-09T03:09:24.534+0000][1][safepoint    ] Entering safepoint region: Cleanup
[2019-12-09T03:09:24.535+0000][1][safepoint    ] Leaving safepoint region
[2019-12-09T03:09:24.535+0000][1][safepoint    ] Total time for which application threads were stopped: 0.0000768 seconds, Stopping threads took: 0.0000159 seconds
[2019-12-09T03:09:28.535+0000][1][safepoint    ] Application time: 4.0002773 seconds
[2019-12-09T03:09:28.535+0000][1][safepoint    ] Entering safepoint region: Cleanup
[2019-12-09T03:09:28.535+0000][1][safepoint    ] Leaving safepoint region
[2019-12-09T03:09:28.535+0000][1][safepoint    ] Total time for which application threads were stopped: 0.0000831 seconds, Stopping threads took: 0.0000177 seconds
[2019-12-09T03:09:30.535+0000][1][safepoint    ] Application time: 2.0001410 seconds
[2019-12-09T03:09:30.535+0000][1][safepoint    ] Entering safepoint region: Cleanup
[2019-12-09T03:09:30.535+0000][1][safepoint    ] Leaving safepoint region
[2019-12-09T03:09:30.535+0000][1][safepoint    ] Total time for which application threads were stopped: 0.0000805 seconds, Stopping threads took: 0.0000160 seconds
[2019-12-09T03:09:31.535+0000][1][safepoint    ] Application time: 1.0000751 seconds
[2019-12-09T03:09:31.535+0000][1][safepoint    ] Entering safepoint region: Cleanup
[2019-12-09T03:09:31.535+0000][1][safepoint    ] Leaving safepoint region
[2019-12-09T03:09:31.535+0000][1][safepoint    ] Total time for which application threads were stopped: 0.0000818 seconds, Stopping threads took: 0.0000157 seconds
[2019-12-09T03:09:32.535+0000][1][safepoint    ] Application time: 1.0000744 seconds
[2019-12-09T03:09:32.535+0000][1][safepoint    ] Entering safepoint region: Cleanup
[2019-12-09T03:09:32.536+0000][1][safepoint    ] Leaving safepoint region
[2019-12-09T03:09:32.536+0000][1][safepoint    ] Total time for which application threads were stopped: 0.0000905 seconds, Stopping threads took: 0.0000174 seconds
[2019-12-09T03:09:33.536+0000][1][safepoint    ] Application time: 1.0000756 seconds
[2019-12-09T03:09:33.536+0000][1][safepoint    ] Entering safepoint region: Cleanup
[2019-12-09T03:09:33.536+0000][1][safepoint    ] Leaving safepoint region
[2019-12-09T03:09:33.536+0000][1][safepoint    ] Total time for which application threads were stopped: 0.0000935 seconds, Stopping threads took: 0.0000258 seconds
[2019-12-09T03:09:34.536+0000][1][safepoint    ] Application time: 1.0000761 seconds
[2019-12-09T03:09:34.536+0000][1][safepoint    ] Entering safepoint region: Cleanup
[2019-12-09T03:09:34.536+0000][1][safepoint    ] Leaving safepoint region
[2019-12-09T03:09:34.536+0000][1][safepoint    ] Total time for which application threads were stopped: 0.0000824 seconds, Stopping threads took: 0.0000175 seconds
[2019-12-09T03:09:35.536+0000][1][safepoint    ] Application time: 1.0000744 seconds
[2019-12-09T03:09:35.536+0000][1][safepoint    ] Entering safepoint region: Cleanup
[2019-12-09T03:09:35.536+0000][1][safepoint    ] Leaving safepoint region
[2019-12-09T03:09:35.536+0000][1][safepoint    ] Total time for which application threads were stopped: 0.0000877 seconds, Stopping threads took: 0.0000201 seconds
[2019-12-09T03:09:36.536+0000][1][safepoint    ] Application time: 1.0000762 seconds
[2019-12-09T03:09:36.536+0000][1][safepoint    ] Entering safepoint region: Cleanup
[2019-12-09T03:09:36.536+0000][1][safepoint    ] Leaving safepoint region
[2019-12-09T03:09:36.536+0000][1][safepoint    ] Total time for which application threads were stopped: 0.0000810 seconds, Stopping threads took: 0.0000167 seconds
[2019-12-09T03:09:39.537+0000][1][safepoint    ] Application time: 3.0002069 seconds
[2019-12-09T03:09:39.537+0000][1][safepoint    ] Entering safepoint region: Cleanup
[2019-12-09T03:09:39.537+0000][1][safepoint    ] Leaving safepoint region
[2019-12-09T03:09:39.537+0000][1][safepoint    ] Total time for which application threads were stopped: 0.0000732 seconds, Stopping threads took: 0.0000148 seconds
[2019-12-09T03:09:42.537+0000][1][safepoint    ] Application time: 3.0002176 seconds
[2019-12-09T03:09:42.537+0000][1][safepoint    ] Entering safepoint region: Cleanup
[2019-12-09T03:09:42.537+0000][1][safepoint    ] Leaving safepoint region
[2019-12-09T03:09:42.537+0000][1][safepoint    ] Total time for which application threads were stopped: 0.0000809 seconds, Stopping threads took: 0.0000167 seconds
[2019-12-09T03:09:43.537+0000][1][safepoint    ] Application time: 1.0000747 seconds
[2019-12-09T03:09:43.537+0000][1][safepoint    ] Entering safepoint region: Cleanup
[2019-12-09T03:09:43.537+0000][1][safepoint    ] Leaving safepoint region
[2019-12-09T03:09:43.537+0000][1][safepoint    ] Total time for which application threads were stopped: 0.0000897 seconds, Stopping threads took: 0.0000210 seconds
[2019-12-09T03:09:53.538+0000][1][safepoint    ] Application time: 10.0006796 seconds
[2019-12-09T03:09:53.538+0000][1][safepoint    ] Entering safepoint region: Cleanup
[2019-12-09T03:09:53.538+0000][1][safepoint    ] Leaving safepoint region
[2019-12-09T03:09:53.538+0000][1][safepoint    ] Total time for which application threads were stopped: 0.0000786 seconds, Stopping threads took: 0.0000161 seconds
[2019-12-09T03:09:54.538+0000][1][safepoint    ] Application time: 1.0000764 seconds
[2019-12-09T03:09:54.538+0000][1][safepoint    ] Entering safepoint region: Cleanup
[2019-12-09T03:09:54.538+0000][1][safepoint    ] Leaving safepoint region
[2019-12-09T03:09:54.538+0000][1][safepoint    ] Total time for which application threads were stopped: 0.0000763 seconds, Stopping threads took: 0.0000166 seconds
[2019-12-09T03:09:56.538+0000][1][safepoint    ] Application time: 2.0001429 seconds
[2019-12-09T03:09:56.538+0000][1][safepoint    ] Entering safepoint region: Cleanup
[2019-12-09T03:09:56.538+0000][1][safepoint    ] Leaving safepoint region
[2019-12-09T03:09:56.538+0000][1][safepoint    ] Total time for which application threads were stopped: 0.0000755 seconds, Stopping threads took: 0.0000160 seconds
[2019-12-09T03:10:00.539+0000][1][safepoint    ] Application time: 4.0002763 seconds
[2019-12-09T03:10:00.539+0000][1][safepoint    ] Entering safepoint region: Cleanup
[2019-12-09T03:10:00.539+0000][1][safepoint    ] Leaving safepoint region
[2019-12-09T03:10:00.539+0000][1][safepoint    ] Total time for which application threads were stopped: 0.0000808 seconds, Stopping threads took: 0.0000167 seconds
[2019-12-09T03:10:01.539+0000][1][safepoint    ] Application time: 1.0000788 seconds
[2019-12-09T03:10:01.539+0000][1][safepoint    ] Entering safepoint region: Cleanup
[2019-12-09T03:10:01.539+0000][1][safepoint    ] Leaving safepoint region
[2019-12-09T03:10:01.539+0000][1][safepoint    ] Total time for which application threads were stopped: 0.0000789 seconds, Stopping threads took: 0.0000173 seconds
[2019-12-09T03:10:13.540+0000][1][safepoint    ] Application time: 12.0009307 seconds
[2019-12-09T03:10:13.540+0000][1][safepoint    ] Entering safepoint region: Cleanup
[2019-12-09T03:10:13.540+0000][1][safepoint    ] Leaving safepoint region
[2019-12-09T03:10:13.540+0000][1][safepoint    ] Total time for which application threads were stopped: 0.0000846 seconds, Stopping threads took: 0.0000194 seconds
[2019-12-09T03:10:19.540+0000][1][safepoint    ] Application time: 6.0004107 seconds
[2019-12-09T03:10:19.541+0000][1][safepoint    ] Entering safepoint region: Cleanup
[2019-12-09T03:10:19.541+0000][1][safepoint    ] Leaving safepoint region
[2019-12-09T03:10:19.541+0000][1][safepoint    ] Total time for which application threads were stopped: 0.0001004 seconds, Stopping threads took: 0.0000311 seconds
[2019-12-09T03:10:26.541+0000][1][safepoint    ] Application time: 7.0004680 seconds
[2019-12-09T03:10:26.541+0000][1][safepoint    ] Entering safepoint region: Cleanup
[2019-12-09T03:10:26.541+0000][1][safepoint    ] Leaving safepoint region
[2019-12-09T03:10:26.541+0000][1][safepoint    ] Total time for which application threads were stopped: 0.0000785 seconds, Stopping threads took: 0.0000179 seconds
[2019-12-09T03:10:32.542+0000][1][safepoint    ] Application time: 6.0003932 seconds
[2019-12-09T03:10:32.542+0000][1][safepoint    ] Entering safepoint region: Cleanup
[2019-12-09T03:10:32.542+0000][1][safepoint    ] Leaving safepoint region
[2019-12-09T03:10:32.542+0000][1][safepoint    ] Total time for which application threads were stopped: 0.0000896 seconds, Stopping threads took: 0.0000169 seconds
[2019-12-09T03:10:33.542+0000][1][safepoint    ] Application time: 1.0000772 seconds
[2019-12-09T03:10:33.542+0000][1][safepoint    ] Entering safepoint region: Cleanup
[2019-12-09T03:10:33.542+0000][1][safepoint    ] Leaving safepoint region
[2019-12-09T03:10:33.542+0000][1][safepoint    ] Total time for which application threads were stopped: 0.0000786 seconds, Stopping threads took: 0.0000162 seconds
[2019-12-09T03:10:35.542+0000][1][safepoint    ] Application time: 2.0001562 seconds
[2019-12-09T03:10:35.542+0000][1][safepoint    ] Entering safepoint region: Cleanup
[2019-12-09T03:10:35.542+0000][1][safepoint    ] Leaving safepoint region
[2019-12-09T03:10:35.542+0000][1][safepoint    ] Total time for which application threads were stopped: 0.0000802 seconds, Stopping threads took: 0.0000167 seconds
[2019-12-09T03:10:36.542+0000][1][safepoint    ] Application time: 1.0000783 seconds
[2019-12-09T03:10:36.542+0000][1][safepoint    ] Entering safepoint region: Cleanup
[2019-12-09T03:10:36.542+0000][1][safepoint    ] Leaving safepoint region
[2019-12-09T03:10:36.542+0000][1][safepoint    ] Total time for which application threads were stopped: 0.0000817 seconds, Stopping threads took: 0.0000170 seconds
[2019-12-09T03:10:38.543+0000][1][safepoint    ] Application time: 2.0001416 seconds
[2019-12-09T03:10:38.543+0000][1][safepoint    ] Entering safepoint region: Cleanup
[2019-12-09T03:10:38.543+0000][1][safepoint    ] Leaving safepoint region
[2019-12-09T03:10:38.543+0000][1][safepoint    ] Total time for which application threads were stopped: 0.0000972 seconds, Stopping threads took: 0.0000166 seconds
[2019-12-09T03:10:39.543+0000][1][safepoint    ] Application time: 1.0000770 seconds
[2019-12-09T03:10:39.543+0000][1][safepoint    ] Entering safepoint region: Cleanup
[2019-12-09T03:10:39.543+0000][1][safepoint    ] Leaving safepoint region
[2019-12-09T03:10:39.543+0000][1][safepoint    ] Total time for which application threads were stopped: 0.0000764 seconds, Stopping threads took: 0.0000145 seconds
[2019-12-09T03:10:40.543+0000][1][safepoint    ] Application time: 1.0000730 seconds
[2019-12-09T03:10:40.543+0000][1][safepoint    ] Entering safepoint region: Cleanup
[2019-12-09T03:10:40.543+0000][1][safepoint    ] Leaving safepoint region
[2019-12-09T03:10:40.543+0000][1][safepoint    ] Total time for which application threads were stopped: 0.0000751 seconds, Stopping threads took: 0.0000155 seconds
[2019-12-09T03:10:41.543+0000][1][safepoint    ] Application time: 1.0000758 seconds
[2019-12-09T03:10:41.543+0000][1][safepoint    ] Entering safepoint region: Cleanup
[2019-12-09T03:10:41.543+0000][1][safepoint    ] Leaving safepoint region
[2019-12-09T03:10:41.543+0000][1][safepoint    ] Total time for which application threads were stopped: 0.0000797 seconds, Stopping threads took: 0.0000159 seconds
[2019-12-09T03:10:42.543+0000][1][safepoint    ] Application time: 1.0000826 seconds
[2019-12-09T03:10:42.543+0000][1][safepoint    ] Entering safepoint region: Cleanup
[2019-12-09T03:10:42.543+0000][1][safepoint    ] Leaving safepoint region
[2019-12-09T03:10:42.543+0000][1][safepoint    ] Total time for which application threads were stopped: 0.0000870 seconds, Stopping threads took: 0.0000248 seconds
[2019-12-09T03:10:45.544+0000][1][safepoint    ] Application time: 3.0002082 seconds
[2019-12-09T03:10:45.544+0000][1][safepoint    ] Entering safepoint region: Cleanup
[2019-12-09T03:10:45.544+0000][1][safepoint    ] Leaving safepoint region
[2019-12-09T03:10:45.544+0000][1][safepoint    ] Total time for which application threads were stopped: 0.0001024 seconds, Stopping threads took: 0.0000160 seconds
[2019-12-09T03:10:46.544+0000][1][safepoint    ] Application time: 1.0000735 seconds
[2019-12-09T03:10:46.544+0000][1][safepoint    ] Entering safepoint region: Cleanup
[2019-12-09T03:10:46.544+0000][1][safepoint    ] Leaving safepoint region
[2019-12-09T03:10:46.544+0000][1][safepoint    ] Total time for which application threads were stopped: 0.0000794 seconds, Stopping threads took: 0.0000180 seconds
[2019-12-09T03:10:50.544+0000][1][safepoint    ] Application time: 4.0002743 seconds
[2019-12-09T03:10:50.544+0000][1][safepoint    ] Entering safepoint region: Cleanup
[2019-12-09T03:10:50.544+0000][1][safepoint    ] Leaving safepoint region
[2019-12-09T03:10:50.544+0000][1][safepoint    ] Total time for which application threads were stopped: 0.0000917 seconds, Stopping threads took: 0.0000258 seconds
[2019-12-09T03:11:00.545+0000][1][safepoint    ] Application time: 10.0006757 seconds
[2019-12-09T03:11:00.545+0000][1][safepoint    ] Entering safepoint region: Cleanup
[2019-12-09T03:11:00.545+0000][1][safepoint    ] Leaving safepoint region
[2019-12-09T03:11:00.545+0000][1][safepoint    ] Total time for which application threads were stopped: 0.0000832 seconds, Stopping threads took: 0.0000187 seconds
[2019-12-09T03:11:03.545+0000][1][safepoint    ] Application time: 3.0002302 seconds
[2019-12-09T03:11:03.546+0000][1][safepoint    ] Entering safepoint region: Cleanup
[2019-12-09T03:11:03.546+0000][1][safepoint    ] Leaving safepoint region
[2019-12-09T03:11:03.546+0000][1][safepoint    ] Total time for which application threads were stopped: 0.0000819 seconds, Stopping threads took: 0.0000180 seconds
[2019-12-09T03:11:11.546+0000][1][safepoint    ] Application time: 8.0005529 seconds
[2019-12-09T03:11:11.546+0000][1][safepoint    ] Entering safepoint region: Cleanup
[2019-12-09T03:11:11.546+0000][1][safepoint    ] Leaving safepoint region
[2019-12-09T03:11:11.546+0000][1][safepoint    ] Total time for which application threads were stopped: 0.0000777 seconds, Stopping threads took: 0.0000171 seconds
[2019-12-09T03:11:23.547+0000][1][safepoint    ] Application time: 12.0008159 seconds
[2019-12-09T03:11:23.547+0000][1][safepoint    ] Entering safepoint region: Cleanup
[2019-12-09T03:11:23.547+0000][1][safepoint    ] Leaving safepoint region
[2019-12-09T03:11:23.547+0000][1][safepoint    ] Total time for which application threads were stopped: 0.0000839 seconds, Stopping threads took: 0.0000259 seconds
[2019-12-09T03:11:27.590+0000][1][safepoint    ] Application time: 4.0431726 seconds
[2019-12-09T03:11:27.590+0000][1][safepoint    ] Entering safepoint region: GenCollectForAllocation
[2019-12-09T03:11:27.590+0000][1][gc,start     ] GC(25) Pause Young (Allocation Failure)
[2019-12-09T03:11:27.590+0000][1][gc,task      ] GC(25) Using 2 workers of 2 for evacuation
[2019-12-09T03:11:27.596+0000][1][gc,age       ] GC(25) Desired survivor size 4456448 bytes, new threshold 6 (max threshold 6)
[2019-12-09T03:11:27.596+0000][1][gc,age       ] GC(25) Age table with threshold 6 (max threshold 6)
[2019-12-09T03:11:27.596+0000][1][gc,age       ] GC(25) - age   1:      12912 bytes,      12912 total
[2019-12-09T03:11:27.596+0000][1][gc,age       ] GC(25) - age   2:      22288 bytes,      35200 total
[2019-12-09T03:11:27.596+0000][1][gc,age       ] GC(25) - age   3:    1899168 bytes,    1934368 total
[2019-12-09T03:11:27.596+0000][1][gc,heap      ] GC(25) ParNew: 75711K->1911K(78656K)
[2019-12-09T03:11:27.596+0000][1][gc,heap      ] GC(25) CMS: 68025K->68025K(174784K)
[2019-12-09T03:11:27.596+0000][1][gc,metaspace ] GC(25) Metaspace: 68736K->68736K(1112064K)
[2019-12-09T03:11:27.596+0000][1][gc           ] GC(25) Pause Young (Allocation Failure) 140M->68M(247M) 5.692ms
[2019-12-09T03:11:27.596+0000][1][gc,cpu       ] GC(25) User=0.01s Sys=0.00s Real=0.01s
[2019-12-09T03:11:27.596+0000][1][safepoint    ] Leaving safepoint region
[2019-12-09T03:11:27.596+0000][1][safepoint    ] Total time for which application threads were stopped: 0.0058338 seconds, Stopping threads took: 0.0000152 seconds
[2019-12-09T03:11:39.597+0000][1][safepoint    ] Application time: 12.0007995 seconds
[2019-12-09T03:11:39.597+0000][1][safepoint    ] Entering safepoint region: Cleanup
[2019-12-09T03:11:39.597+0000][1][safepoint    ] Leaving safepoint region
[2019-12-09T03:11:39.597+0000][1][safepoint    ] Total time for which application threads were stopped: 0.0000830 seconds, Stopping threads took: 0.0000208 seconds
[2019-12-09T03:11:40.597+0000][1][safepoint    ] Application time: 1.0000824 seconds
[2019-12-09T03:11:40.597+0000][1][safepoint    ] Entering safepoint region: Cleanup
[2019-12-09T03:11:40.597+0000][1][safepoint    ] Leaving safepoint region
[2019-12-09T03:11:40.597+0000][1][safepoint    ] Total time for which application threads were stopped: 0.0000863 seconds, Stopping threads took: 0.0000176 seconds
[2019-12-09T03:11:41.597+0000][1][safepoint    ] Application time: 1.0000790 seconds
[2019-12-09T03:11:41.597+0000][1][safepoint    ] Entering safepoint region: Cleanup
[2019-12-09T03:11:41.598+0000][1][safepoint    ] Leaving safepoint region
[2019-12-09T03:11:41.598+0000][1][safepoint    ] Total time for which application threads were stopped: 0.0000906 seconds, Stopping threads took: 0.0000215 seconds
[2019-12-09T03:11:42.598+0000][1][safepoint    ] Application time: 1.0000757 seconds
[2019-12-09T03:11:42.598+0000][1][safepoint    ] Entering safepoint region: Cleanup
[2019-12-09T03:11:42.598+0000][1][safepoint    ] Leaving safepoint region
[2019-12-09T03:11:42.598+0000][1][safepoint    ] Total time for which application threads were stopped: 0.0000935 seconds, Stopping threads took: 0.0000281 seconds
[2019-12-09T03:11:44.598+0000][1][safepoint    ] Application time: 2.0001435 seconds
[2019-12-09T03:11:44.598+0000][1][safepoint    ] Entering safepoint region: Cleanup
[2019-12-09T03:11:44.598+0000][1][safepoint    ] Leaving safepoint region
[2019-12-09T03:11:44.598+0000][1][safepoint    ] Total time for which application threads were stopped: 0.0000806 seconds, Stopping threads took: 0.0000167 seconds
[2019-12-09T03:11:46.598+0000][1][safepoint    ] Application time: 2.0001212 seconds
[2019-12-09T03:11:46.598+0000][1][safepoint    ] Entering safepoint region: Cleanup
[2019-12-09T03:11:46.598+0000][1][safepoint    ] Leaving safepoint region
[2019-12-09T03:11:46.598+0000][1][safepoint    ] Total time for which application threads were stopped: 0.0000965 seconds, Stopping threads took: 0.0000215 seconds
[2019-12-09T03:11:47.598+0000][1][safepoint    ] Application time: 1.0000743 seconds
[2019-12-09T03:11:47.598+0000][1][safepoint    ] Entering safepoint region: Cleanup
[2019-12-09T03:11:47.598+0000][1][safepoint    ] Leaving safepoint region
[2019-12-09T03:11:47.599+0000][1][safepoint    ] Total time for which application threads were stopped: 0.0000837 seconds, Stopping threads took: 0.0000143 seconds
[2019-12-09T03:11:48.599+0000][1][safepoint    ] Application time: 1.0000875 seconds
[2019-12-09T03:11:48.599+0000][1][safepoint    ] Entering safepoint region: Cleanup
[2019-12-09T03:11:48.599+0000][1][safepoint    ] Leaving safepoint region
[2019-12-09T03:11:48.599+0000][1][safepoint    ] Total time for which application threads were stopped: 0.0000942 seconds, Stopping threads took: 0.0000193 seconds
[2019-12-09T03:11:52.599+0000][1][safepoint    ] Application time: 4.0002923 seconds
[2019-12-09T03:11:52.599+0000][1][safepoint    ] Entering safepoint region: Cleanup
[2019-12-09T03:11:52.599+0000][1][safepoint    ] Leaving safepoint region
[2019-12-09T03:11:52.599+0000][1][safepoint    ] Total time for which application threads were stopped: 0.0000994 seconds, Stopping threads took: 0.0000269 seconds
[2019-12-09T03:11:59.600+0000][1][safepoint    ] Application time: 7.0004750 seconds
[2019-12-09T03:11:59.600+0000][1][safepoint    ] Entering safepoint region: Cleanup
[2019-12-09T03:11:59.600+0000][1][safepoint    ] Leaving safepoint region
[2019-12-09T03:11:59.600+0000][1][safepoint    ] Total time for which application threads were stopped: 0.0000928 seconds, Stopping threads took: 0.0000302 seconds
[2019-12-09T03:12:09.600+0000][1][safepoint    ] Application time: 10.0006782 seconds
[2019-12-09T03:12:09.601+0000][1][safepoint    ] Entering safepoint region: Cleanup
[2019-12-09T03:12:09.601+0000][1][safepoint    ] Leaving safepoint region
[2019-12-09T03:12:09.601+0000][1][safepoint    ] Total time for which application threads were stopped: 0.0000845 seconds, Stopping threads took: 0.0000173 seconds
[2019-12-09T03:12:18.601+0000][1][safepoint    ] Application time: 9.0006187 seconds
[2019-12-09T03:12:18.601+0000][1][safepoint    ] Entering safepoint region: Cleanup
[2019-12-09T03:12:18.601+0000][1][safepoint    ] Leaving safepoint region
[2019-12-09T03:12:18.601+0000][1][safepoint    ] Total time for which application threads were stopped: 0.0000886 seconds, Stopping threads took: 0.0000187 seconds
[2019-12-09T03:12:28.602+0000][1][safepoint    ] Application time: 10.0006837 seconds
[2019-12-09T03:12:28.602+0000][1][safepoint    ] Entering safepoint region: Cleanup
[2019-12-09T03:12:28.602+0000][1][safepoint    ] Leaving safepoint region
[2019-12-09T03:12:28.602+0000][1][safepoint    ] Total time for which application threads were stopped: 0.0000920 seconds, Stopping threads took: 0.0000258 seconds
[2019-12-09T03:12:33.603+0000][1][safepoint    ] Application time: 5.0003422 seconds
[2019-12-09T03:12:33.603+0000][1][safepoint    ] Entering safepoint region: Cleanup
[2019-12-09T03:12:33.603+0000][1][safepoint    ] Leaving safepoint region
[2019-12-09T03:12:33.603+0000][1][safepoint    ] Total time for which application threads were stopped: 0.0000800 seconds, Stopping threads took: 0.0000174 seconds
[2019-12-09T03:12:34.603+0000][1][safepoint    ] Application time: 1.0000765 seconds
[2019-12-09T03:12:34.603+0000][1][safepoint    ] Entering safepoint region: Cleanup
[2019-12-09T03:12:34.603+0000][1][safepoint    ] Leaving safepoint region
[2019-12-09T03:12:34.603+0000][1][safepoint    ] Total time for which application threads were stopped: 0.0000833 seconds, Stopping threads took: 0.0000177 seconds
[2019-12-09T03:12:36.603+0000][1][safepoint    ] Application time: 2.0001420 seconds
[2019-12-09T03:12:36.603+0000][1][safepoint    ] Entering safepoint region: Cleanup
[2019-12-09T03:12:36.603+0000][1][safepoint    ] Leaving safepoint region
[2019-12-09T03:12:36.603+0000][1][safepoint    ] Total time for which application threads were stopped: 0.0000858 seconds, Stopping threads took: 0.0000179 seconds
[2019-12-09T03:12:41.603+0000][1][safepoint    ] Application time: 5.0003448 seconds
[2019-12-09T03:12:41.603+0000][1][safepoint    ] Entering safepoint region: Cleanup
[2019-12-09T03:12:41.604+0000][1][safepoint    ] Leaving safepoint region
[2019-12-09T03:12:41.604+0000][1][safepoint    ] Total time for which application threads were stopped: 0.0000834 seconds, Stopping threads took: 0.0000177 seconds
[2019-12-09T03:12:43.604+0000][1][safepoint    ] Application time: 2.0001452 seconds
[2019-12-09T03:12:43.604+0000][1][safepoint    ] Entering safepoint region: Cleanup
[2019-12-09T03:12:43.604+0000][1][safepoint    ] Leaving safepoint region
[2019-12-09T03:12:43.604+0000][1][safepoint    ] Total time for which application threads were stopped: 0.0000818 seconds, Stopping threads took: 0.0000181 seconds
[2019-12-09T03:12:44.604+0000][1][safepoint    ] Application time: 1.0000768 seconds
[2019-12-09T03:12:44.604+0000][1][safepoint    ] Entering safepoint region: Cleanup
[2019-12-09T03:12:44.604+0000][1][safepoint    ] Leaving safepoint region
[2019-12-09T03:12:44.604+0000][1][safepoint    ] Total time for which application threads were stopped: 0.0001036 seconds, Stopping threads took: 0.0000179 seconds
[2019-12-09T03:12:45.604+0000][1][safepoint    ] Application time: 1.0000774 seconds
[2019-12-09T03:12:45.604+0000][1][safepoint    ] Entering safepoint region: Cleanup
[2019-12-09T03:12:45.604+0000][1][safepoint    ] Leaving safepoint region
[2019-12-09T03:12:45.604+0000][1][safepoint    ] Total time for which application threads were stopped: 0.0000881 seconds, Stopping threads took: 0.0000169 seconds
[2019-12-09T03:12:47.604+0000][1][safepoint    ] Application time: 2.0001439 seconds
[2019-12-09T03:12:47.604+0000][1][safepoint    ] Entering safepoint region: Cleanup
[2019-12-09T03:12:47.605+0000][1][safepoint    ] Leaving safepoint region
[2019-12-09T03:12:47.605+0000][1][safepoint    ] Total time for which application threads were stopped: 0.0000806 seconds, Stopping threads took: 0.0000171 seconds
[2019-12-09T03:12:48.605+0000][1][safepoint    ] Application time: 1.0000782 seconds
[2019-12-09T03:12:48.605+0000][1][safepoint    ] Entering safepoint region: Cleanup
[2019-12-09T03:12:48.605+0000][1][safepoint    ] Leaving safepoint region
[2019-12-09T03:12:48.605+0000][1][safepoint    ] Total time for which application threads were stopped: 0.0000921 seconds, Stopping threads took: 0.0000180 seconds
[2019-12-09T03:12:50.605+0000][1][safepoint    ] Application time: 2.0001469 seconds
[2019-12-09T03:12:50.605+0000][1][safepoint    ] Entering safepoint region: Cleanup
[2019-12-09T03:12:50.605+0000][1][safepoint    ] Leaving safepoint region
[2019-12-09T03:12:50.605+0000][1][safepoint    ] Total time for which application threads were stopped: 0.0000828 seconds, Stopping threads took: 0.0000197 seconds
[2019-12-09T03:12:51.605+0000][1][safepoint    ] Application time: 1.0000768 seconds
[2019-12-09T03:12:51.605+0000][1][safepoint    ] Entering safepoint region: Cleanup
[2019-12-09T03:12:51.605+0000][1][safepoint    ] Leaving safepoint region
[2019-12-09T03:12:51.605+0000][1][safepoint    ] Total time for which application threads were stopped: 0.0000825 seconds, Stopping threads took: 0.0000186 seconds
[2019-12-09T03:12:52.605+0000][1][safepoint    ] Application time: 1.0000783 seconds
[2019-12-09T03:12:52.605+0000][1][safepoint    ] Entering safepoint region: Cleanup
[2019-12-09T03:12:52.605+0000][1][safepoint    ] Leaving safepoint region
[2019-12-09T03:12:52.605+0000][1][safepoint    ] Total time for which application threads were stopped: 0.0000836 seconds, Stopping threads took: 0.0000184 seconds
[2019-12-09T03:12:53.606+0000][1][safepoint    ] Application time: 1.0000788 seconds
[2019-12-09T03:12:53.606+0000][1][safepoint    ] Entering safepoint region: Cleanup
[2019-12-09T03:12:53.606+0000][1][safepoint    ] Leaving safepoint region
[2019-12-09T03:12:53.606+0000][1][safepoint    ] Total time for which application threads were stopped: 0.0000841 seconds, Stopping threads took: 0.0000183 seconds
[2019-12-09T03:12:54.606+0000][1][safepoint    ] Application time: 1.0000769 seconds
[2019-12-09T03:12:54.606+0000][1][safepoint    ] Entering safepoint region: Cleanup
[2019-12-09T03:12:54.606+0000][1][safepoint    ] Leaving safepoint region
[2019-12-09T03:12:54.606+0000][1][safepoint    ] Total time for which application threads were stopped: 0.0000940 seconds, Stopping threads took: 0.0000263 seconds
[2019-12-09T03:13:00.606+0000][1][safepoint    ] Application time: 6.0004348 seconds
[2019-12-09T03:13:00.606+0000][1][safepoint    ] Entering safepoint region: Cleanup
[2019-12-09T03:13:00.606+0000][1][safepoint    ] Leaving safepoint region
[2019-12-09T03:13:00.606+0000][1][safepoint    ] Total time for which application threads were stopped: 0.0001152 seconds, Stopping threads took: 0.0000230 seconds
[2019-12-09T03:13:09.607+0000][1][safepoint    ] Application time: 9.0005957 seconds
[2019-12-09T03:13:09.607+0000][1][safepoint    ] Entering safepoint region: Cleanup
[2019-12-09T03:13:09.607+0000][1][safepoint    ] Leaving safepoint region
[2019-12-09T03:13:09.607+0000][1][safepoint    ] Total time for which application threads were stopped: 0.0000865 seconds, Stopping threads took: 0.0000159 seconds
[2019-12-09T03:13:11.607+0000][1][safepoint    ] Application time: 2.0001422 seconds
[2019-12-09T03:13:11.607+0000][1][safepoint    ] Entering safepoint region: Cleanup
[2019-12-09T03:13:11.607+0000][1][safepoint    ] Leaving safepoint region
[2019-12-09T03:13:11.607+0000][1][safepoint    ] Total time for which application threads were stopped: 0.0000865 seconds, Stopping threads took: 0.0000181 seconds
[2019-12-09T03:13:18.608+0000][1][safepoint    ] Application time: 7.0004754 seconds
[2019-12-09T03:13:18.608+0000][1][safepoint    ] Entering safepoint region: Cleanup
[2019-12-09T03:13:18.608+0000][1][safepoint    ] Leaving safepoint region
[2019-12-09T03:13:18.608+0000][1][safepoint    ] Total time for which application threads were stopped: 0.0000810 seconds, Stopping threads took: 0.0000171 seconds
[2019-12-09T03:13:22.608+0000][1][safepoint    ] Application time: 4.0002817 seconds
[2019-12-09T03:13:22.608+0000][1][safepoint    ] Entering safepoint region: Cleanup
[2019-12-09T03:13:22.608+0000][1][safepoint    ] Leaving safepoint region
[2019-12-09T03:13:22.608+0000][1][safepoint    ] Total time for which application threads were stopped: 0.0000843 seconds, Stopping threads took: 0.0000180 seconds
[2019-12-09T03:13:25.609+0000][1][safepoint    ] Application time: 3.0002147 seconds
[2019-12-09T03:13:25.609+0000][1][safepoint    ] Entering safepoint region: Cleanup
[2019-12-09T03:13:25.609+0000][1][safepoint    ] Leaving safepoint region
[2019-12-09T03:13:25.609+0000][1][safepoint    ] Total time for which application threads were stopped: 0.0000914 seconds, Stopping threads took: 0.0000254 seconds
[2019-12-09T03:13:30.609+0000][1][safepoint    ] Application time: 5.0003417 seconds
[2019-12-09T03:13:30.609+0000][1][safepoint    ] Entering safepoint region: Cleanup
[2019-12-09T03:13:30.609+0000][1][safepoint    ] Leaving safepoint region
[2019-12-09T03:13:30.609+0000][1][safepoint    ] Total time for which application threads were stopped: 0.0000819 seconds, Stopping threads took: 0.0000170 seconds
[2019-12-09T03:13:32.649+0000][1][safepoint    ] Application time: 2.0399041 seconds
[2019-12-09T03:13:32.649+0000][1][safepoint    ] Entering safepoint region: GenCollectForAllocation
[2019-12-09T03:13:32.649+0000][1][gc,start     ] GC(26) Pause Young (Allocation Failure)
[2019-12-09T03:13:32.649+0000][1][gc,task      ] GC(26) Using 2 workers of 2 for evacuation
[2019-12-09T03:13:32.655+0000][1][gc,age       ] GC(26) Desired survivor size 4456448 bytes, new threshold 6 (max threshold 6)
[2019-12-09T03:13:32.655+0000][1][gc,age       ] GC(26) Age table with threshold 6 (max threshold 6)
[2019-12-09T03:13:32.655+0000][1][gc,age       ] GC(26) - age   1:       9256 bytes,       9256 total
[2019-12-09T03:13:32.655+0000][1][gc,age       ] GC(26) - age   2:       8272 bytes,      17528 total
[2019-12-09T03:13:32.655+0000][1][gc,age       ] GC(26) - age   3:      22072 bytes,      39600 total
[2019-12-09T03:13:32.655+0000][1][gc,age       ] GC(26) - age   4:    1802264 bytes,    1841864 total
[2019-12-09T03:13:32.655+0000][1][gc,heap      ] GC(26) ParNew: 71863K->2841K(78656K)
[2019-12-09T03:13:32.655+0000][1][gc,heap      ] GC(26) CMS: 68025K->68025K(174784K)
[2019-12-09T03:13:32.655+0000][1][gc,metaspace ] GC(26) Metaspace: 68856K->68856K(1112064K)
[2019-12-09T03:13:32.655+0000][1][gc           ] GC(26) Pause Young (Allocation Failure) 136M->69M(247M) 5.592ms
[2019-12-09T03:13:32.655+0000][1][gc,cpu       ] GC(26) User=0.01s Sys=0.00s Real=0.01s
[2019-12-09T03:13:32.655+0000][1][safepoint    ] Leaving safepoint region
[2019-12-09T03:13:32.655+0000][1][safepoint    ] Total time for which application threads were stopped: 0.0057463 seconds, Stopping threads took: 0.0000172 seconds
[2019-12-09T03:13:38.655+0000][1][safepoint    ] Application time: 6.0004257 seconds
[2019-12-09T03:13:38.655+0000][1][safepoint    ] Entering safepoint region: Cleanup
[2019-12-09T03:13:38.656+0000][1][safepoint    ] Leaving safepoint region
[2019-12-09T03:13:38.656+0000][1][safepoint    ] Total time for which application threads were stopped: 0.0000959 seconds, Stopping threads took: 0.0000222 seconds
[2019-12-09T03:13:41.656+0000][1][safepoint    ] Application time: 3.0001848 seconds
[2019-12-09T03:13:41.656+0000][1][safepoint    ] Entering safepoint region: Cleanup
[2019-12-09T03:13:41.656+0000][1][safepoint    ] Leaving safepoint region
[2019-12-09T03:13:41.656+0000][1][safepoint    ] Total time for which application threads were stopped: 0.0000845 seconds, Stopping threads took: 0.0000179 seconds
[2019-12-09T03:13:47.656+0000][1][safepoint    ] Application time: 6.0004167 seconds
[2019-12-09T03:13:47.656+0000][1][safepoint    ] Entering safepoint region: Cleanup
[2019-12-09T03:13:47.656+0000][1][safepoint    ] Leaving safepoint region
[2019-12-09T03:13:47.656+0000][1][safepoint    ] Total time for which application threads were stopped: 0.0000880 seconds, Stopping threads took: 0.0000177 seconds
[2019-12-09T03:13:48.656+0000][1][safepoint    ] Application time: 1.0000764 seconds
[2019-12-09T03:13:48.657+0000][1][safepoint    ] Entering safepoint region: Cleanup
[2019-12-09T03:13:48.657+0000][1][safepoint    ] Leaving safepoint region
[2019-12-09T03:13:48.657+0000][1][safepoint    ] Total time for which application threads were stopped: 0.0000912 seconds, Stopping threads took: 0.0000207 seconds
[2019-12-09T03:13:49.657+0000][1][safepoint    ] Application time: 1.0000758 seconds
[2019-12-09T03:13:49.657+0000][1][safepoint    ] Entering safepoint region: Cleanup
[2019-12-09T03:13:49.657+0000][1][safepoint    ] Leaving safepoint region
[2019-12-09T03:13:49.657+0000][1][safepoint    ] Total time for which application threads were stopped: 0.0000839 seconds, Stopping threads took: 0.0000177 seconds
[2019-12-09T03:13:53.657+0000][1][safepoint    ] Application time: 4.0002763 seconds
[2019-12-09T03:13:53.657+0000][1][safepoint    ] Entering safepoint region: Cleanup
[2019-12-09T03:13:53.657+0000][1][safepoint    ] Leaving safepoint region
[2019-12-09T03:13:53.657+0000][1][safepoint    ] Total time for which application threads were stopped: 0.0000835 seconds, Stopping threads took: 0.0000193 seconds
[2019-12-09T03:14:09.658+0000][1][safepoint    ] Application time: 16.0010884 seconds
[2019-12-09T03:14:09.658+0000][1][safepoint    ] Entering safepoint region: Cleanup
[2019-12-09T03:14:09.658+0000][1][safepoint    ] Leaving safepoint region
[2019-12-09T03:14:09.658+0000][1][safepoint    ] Total time for which application threads were stopped: 0.0000894 seconds, Stopping threads took: 0.0000260 seconds
[2019-12-09T03:14:31.660+0000][1][safepoint    ] Application time: 22.0014764 seconds
[2019-12-09T03:14:31.660+0000][1][safepoint    ] Entering safepoint region: Cleanup
[2019-12-09T03:14:31.660+0000][1][safepoint    ] Leaving safepoint region
[2019-12-09T03:14:31.660+0000][1][safepoint    ] Total time for which application threads were stopped: 0.0000847 seconds, Stopping threads took: 0.0000185 seconds
[2019-12-09T03:14:39.661+0000][1][safepoint    ] Application time: 8.0005421 seconds
[2019-12-09T03:14:39.661+0000][1][safepoint    ] Entering safepoint region: Cleanup
[2019-12-09T03:14:39.661+0000][1][safepoint    ] Leaving safepoint region
[2019-12-09T03:14:39.661+0000][1][safepoint    ] Total time for which application threads were stopped: 0.0000974 seconds, Stopping threads took: 0.0000183 seconds
[2019-12-09T03:14:51.662+0000][1][safepoint    ] Application time: 12.0008010 seconds
[2019-12-09T03:14:51.662+0000][1][safepoint    ] Entering safepoint region: Cleanup
[2019-12-09T03:14:51.662+0000][1][safepoint    ] Leaving safepoint region
[2019-12-09T03:14:51.662+0000][1][safepoint    ] Total time for which application threads were stopped: 0.0000857 seconds, Stopping threads took: 0.0000185 seconds
[2019-12-09T03:14:55.662+0000][1][safepoint    ] Application time: 4.0002795 seconds
[2019-12-09T03:14:55.662+0000][1][safepoint    ] Entering safepoint region: Cleanup
[2019-12-09T03:14:55.662+0000][1][safepoint    ] Leaving safepoint region
[2019-12-09T03:14:55.662+0000][1][safepoint    ] Total time for which application threads were stopped: 0.0001002 seconds, Stopping threads took: 0.0000257 seconds
[2019-12-09T03:15:02.663+0000][1][safepoint    ] Application time: 7.0004814 seconds
[2019-12-09T03:15:02.663+0000][1][safepoint    ] Entering safepoint region: Cleanup
[2019-12-09T03:15:02.663+0000][1][safepoint    ] Leaving safepoint region
[2019-12-09T03:15:02.663+0000][1][safepoint    ] Total time for which application threads were stopped: 0.0000842 seconds, Stopping threads took: 0.0000183 seconds
[2019-12-09T03:15:09.663+0000][1][safepoint    ] Application time: 7.0004794 seconds
[2019-12-09T03:15:09.663+0000][1][safepoint    ] Entering safepoint region: Cleanup
[2019-12-09T03:15:09.663+0000][1][safepoint    ] Leaving safepoint region
[2019-12-09T03:15:09.663+0000][1][safepoint    ] Total time for which application threads were stopped: 0.0000782 seconds, Stopping threads took: 0.0000167 seconds
[2019-12-09T03:15:19.664+0000][1][safepoint    ] Application time: 10.0006990 seconds
[2019-12-09T03:15:19.664+0000][1][safepoint    ] Entering safepoint region: Cleanup
[2019-12-09T03:15:19.664+0000][1][safepoint    ] Leaving safepoint region
[2019-12-09T03:15:19.664+0000][1][safepoint    ] Total time for which application threads were stopped: 0.0000816 seconds, Stopping threads took: 0.0000171 seconds
[2019-12-09T03:15:20.664+0000][1][safepoint    ] Application time: 1.0000775 seconds
[2019-12-09T03:15:20.664+0000][1][safepoint    ] Entering safepoint region: Cleanup
[2019-12-09T03:15:20.664+0000][1][safepoint    ] Leaving safepoint region
[2019-12-09T03:15:20.664+0000][1][safepoint    ] Total time for which application threads were stopped: 0.0000844 seconds, Stopping threads took: 0.0000178 seconds
[2019-12-09T03:15:28.665+0000][1][safepoint    ] Application time: 8.0005427 seconds
[2019-12-09T03:15:28.665+0000][1][safepoint    ] Entering safepoint region: Cleanup
[2019-12-09T03:15:28.665+0000][1][safepoint    ] Leaving safepoint region
[2019-12-09T03:15:28.665+0000][1][safepoint    ] Total time for which application threads were stopped: 0.0000898 seconds, Stopping threads took: 0.0000266 seconds
[2019-12-09T03:15:33.665+0000][1][safepoint    ] Application time: 5.0003391 seconds
[2019-12-09T03:15:33.665+0000][1][safepoint    ] Entering safepoint region: Cleanup
[2019-12-09T03:15:33.665+0000][1][safepoint    ] Leaving safepoint region
[2019-12-09T03:15:33.665+0000][1][safepoint    ] Total time for which application threads were stopped: 0.0000810 seconds, Stopping threads took: 0.0000176 seconds
[2019-12-09T03:15:34.666+0000][1][safepoint    ] Application time: 1.0000766 seconds
[2019-12-09T03:15:34.666+0000][1][safepoint    ] Entering safepoint region: Cleanup
[2019-12-09T03:15:34.666+0000][1][safepoint    ] Leaving safepoint region
[2019-12-09T03:15:34.666+0000][1][safepoint    ] Total time for which application threads were stopped: 0.0000826 seconds, Stopping threads took: 0.0000176 seconds
[2019-12-09T03:15:38.350+0000][1][safepoint    ] Application time: 3.6843969 seconds
[2019-12-09T03:15:38.350+0000][1][safepoint    ] Entering safepoint region: GenCollectForAllocation
[2019-12-09T03:15:38.350+0000][1][gc,start     ] GC(27) Pause Young (Allocation Failure)
[2019-12-09T03:15:38.350+0000][1][gc,task      ] GC(27) Using 2 workers of 2 for evacuation
[2019-12-09T03:15:38.356+0000][1][gc,age       ] GC(27) Desired survivor size 4456448 bytes, new threshold 6 (max threshold 6)
[2019-12-09T03:15:38.356+0000][1][gc,age       ] GC(27) Age table with threshold 6 (max threshold 6)
[2019-12-09T03:15:38.356+0000][1][gc,age       ] GC(27) - age   1:       7624 bytes,       7624 total
[2019-12-09T03:15:38.356+0000][1][gc,age       ] GC(27) - age   2:       5456 bytes,      13080 total
[2019-12-09T03:15:38.356+0000][1][gc,age       ] GC(27) - age   3:       8024 bytes,      21104 total
[2019-12-09T03:15:38.356+0000][1][gc,age       ] GC(27) - age   4:      22072 bytes,      43176 total
[2019-12-09T03:15:38.356+0000][1][gc,age       ] GC(27) - age   5:    1802264 bytes,    1845440 total
[2019-12-09T03:15:38.356+0000][1][gc,heap      ] GC(27) ParNew: 72793K->2733K(78656K)
[2019-12-09T03:15:38.356+0000][1][gc,heap      ] GC(27) CMS: 68025K->68025K(174784K)
[2019-12-09T03:15:38.356+0000][1][gc,metaspace ] GC(27) Metaspace: 68893K->68893K(1112064K)
[2019-12-09T03:15:38.356+0000][1][gc           ] GC(27) Pause Young (Allocation Failure) 137M->69M(247M) 5.591ms
[2019-12-09T03:15:38.356+0000][1][gc,cpu       ] GC(27) User=0.01s Sys=0.00s Real=0.01s
[2019-12-09T03:15:38.356+0000][1][safepoint    ] Leaving safepoint region
[2019-12-09T03:15:38.356+0000][1][safepoint    ] Total time for which application threads were stopped: 0.0057445 seconds, Stopping threads took: 0.0000154 seconds
[2019-12-09T03:15:48.356+0000][1][safepoint    ] Application time: 10.0006774 seconds
[2019-12-09T03:15:48.357+0000][1][safepoint    ] Entering safepoint region: Cleanup
[2019-12-09T03:15:48.357+0000][1][safepoint    ] Leaving safepoint region
[2019-12-09T03:15:48.357+0000][1][safepoint    ] Total time for which application threads were stopped: 0.0000804 seconds, Stopping threads took: 0.0000210 seconds
[2019-12-09T03:16:04.358+0000][1][safepoint    ] Application time: 16.0010725 seconds
[2019-12-09T03:16:04.358+0000][1][safepoint    ] Entering safepoint region: Cleanup
[2019-12-09T03:16:04.358+0000][1][safepoint    ] Leaving safepoint region
[2019-12-09T03:16:04.358+0000][1][safepoint    ] Total time for which application threads were stopped: 0.0000888 seconds, Stopping threads took: 0.0000262 seconds
[2019-12-09T03:16:08.358+0000][1][safepoint    ] Application time: 4.0002941 seconds
[2019-12-09T03:16:08.358+0000][1][safepoint    ] Entering safepoint region: Cleanup
[2019-12-09T03:16:08.358+0000][1][safepoint    ] Leaving safepoint region
[2019-12-09T03:16:08.358+0000][1][safepoint    ] Total time for which application threads were stopped: 0.0001174 seconds, Stopping threads took: 0.0000263 seconds
[2019-12-09T03:16:10.358+0000][1][safepoint    ] Application time: 2.0001430 seconds
[2019-12-09T03:16:10.358+0000][1][safepoint    ] Entering safepoint region: Cleanup
[2019-12-09T03:16:10.359+0000][1][safepoint    ] Leaving safepoint region
[2019-12-09T03:16:10.359+0000][1][safepoint    ] Total time for which application threads were stopped: 0.0000823 seconds, Stopping threads took: 0.0000168 seconds
[2019-12-09T03:16:13.359+0000][1][safepoint    ] Application time: 3.0002142 seconds
[2019-12-09T03:16:13.359+0000][1][safepoint    ] Entering safepoint region: Cleanup
[2019-12-09T03:16:13.359+0000][1][safepoint    ] Leaving safepoint region
[2019-12-09T03:16:13.359+0000][1][safepoint    ] Total time for which application threads were stopped: 0.0000804 seconds, Stopping threads took: 0.0000167 seconds
[2019-12-09T03:16:40.361+0000][1][safepoint    ] Application time: 27.0017862 seconds
[2019-12-09T03:16:40.361+0000][1][safepoint    ] Entering safepoint region: Cleanup
[2019-12-09T03:16:40.361+0000][1][safepoint    ] Leaving safepoint region
[2019-12-09T03:16:40.361+0000][1][safepoint    ] Total time for which application threads were stopped: 0.0000831 seconds, Stopping threads took: 0.0000183 seconds
[2019-12-09T03:16:53.362+0000][1][safepoint    ] Application time: 13.0008875 seconds
[2019-12-09T03:16:53.362+0000][1][safepoint    ] Entering safepoint region: Cleanup
[2019-12-09T03:16:53.362+0000][1][safepoint    ] Leaving safepoint region
[2019-12-09T03:16:53.362+0000][1][safepoint    ] Total time for which application threads were stopped: 0.0000820 seconds, Stopping threads took: 0.0000193 seconds
[2019-12-09T03:16:58.362+0000][1][safepoint    ] Application time: 5.0003477 seconds
[2019-12-09T03:16:58.362+0000][1][safepoint    ] Entering safepoint region: Cleanup
[2019-12-09T03:16:58.362+0000][1][safepoint    ] Leaving safepoint region
[2019-12-09T03:16:58.362+0000][1][safepoint    ] Total time for which application threads were stopped: 0.0000937 seconds, Stopping threads took: 0.0000264 seconds
[2019-12-09T03:17:00.362+0000][1][safepoint    ] Application time: 2.0001535 seconds
[2019-12-09T03:17:00.363+0000][1][safepoint    ] Entering safepoint region: Cleanup
[2019-12-09T03:17:00.363+0000][1][safepoint    ] Leaving safepoint region
[2019-12-09T03:17:00.363+0000][1][safepoint    ] Total time for which application threads were stopped: 0.0001087 seconds, Stopping threads took: 0.0000234 seconds
[2019-12-09T03:17:04.363+0000][1][safepoint    ] Application time: 4.0002806 seconds
[2019-12-09T03:17:04.363+0000][1][safepoint    ] Entering safepoint region: Cleanup
[2019-12-09T03:17:04.363+0000][1][safepoint    ] Leaving safepoint region
[2019-12-09T03:17:04.363+0000][1][safepoint    ] Total time for which application threads were stopped: 0.0000829 seconds, Stopping threads took: 0.0000184 seconds
[2019-12-09T03:17:07.363+0000][1][safepoint    ] Application time: 3.0001942 seconds
[2019-12-09T03:17:07.363+0000][1][safepoint    ] Entering safepoint region: Cleanup
[2019-12-09T03:17:07.363+0000][1][safepoint    ] Leaving safepoint region
[2019-12-09T03:17:07.363+0000][1][safepoint    ] Total time for which application threads were stopped: 0.0000843 seconds, Stopping threads took: 0.0000170 seconds
[2019-12-09T03:17:08.363+0000][1][safepoint    ] Application time: 1.0000819 seconds
[2019-12-09T03:17:08.363+0000][1][safepoint    ] Entering safepoint region: Cleanup
[2019-12-09T03:17:08.364+0000][1][safepoint    ] Leaving safepoint region
[2019-12-09T03:17:08.364+0000][1][safepoint    ] Total time for which application threads were stopped: 0.0000886 seconds, Stopping threads took: 0.0000205 seconds
[2019-12-09T03:17:10.364+0000][1][safepoint    ] Application time: 2.0001547 seconds
[2019-12-09T03:17:10.364+0000][1][safepoint    ] Entering safepoint region: Cleanup
[2019-12-09T03:17:10.364+0000][1][safepoint    ] Leaving safepoint region
[2019-12-09T03:17:10.364+0000][1][safepoint    ] Total time for which application threads were stopped: 0.0000794 seconds, Stopping threads took: 0.0000171 seconds
[2019-12-09T03:17:12.364+0000][1][safepoint    ] Application time: 2.0001415 seconds
[2019-12-09T03:17:12.364+0000][1][safepoint    ] Entering safepoint region: Cleanup
[2019-12-09T03:17:12.364+0000][1][safepoint    ] Leaving safepoint region
[2019-12-09T03:17:12.364+0000][1][safepoint    ] Total time for which application threads were stopped: 0.0000838 seconds, Stopping threads took: 0.0000179 seconds
[2019-12-09T03:17:30.365+0000][1][safepoint    ] Application time: 18.0012310 seconds
[2019-12-09T03:17:30.365+0000][1][safepoint    ] Entering safepoint region: Cleanup
[2019-12-09T03:17:30.365+0000][1][safepoint    ] Leaving safepoint region
[2019-12-09T03:17:30.365+0000][1][safepoint    ] Total time for which application threads were stopped: 0.0000885 seconds, Stopping threads took: 0.0000239 seconds
[2019-12-09T03:17:33.366+0000][1][safepoint    ] Application time: 3.0002194 seconds
[2019-12-09T03:17:33.366+0000][1][safepoint    ] Entering safepoint region: Cleanup
[2019-12-09T03:17:33.366+0000][1][safepoint    ] Leaving safepoint region
[2019-12-09T03:17:33.366+0000][1][safepoint    ] Total time for which application threads were stopped: 0.0000868 seconds, Stopping threads took: 0.0000170 seconds
[2019-12-09T03:17:34.366+0000][1][safepoint    ] Application time: 1.0000750 seconds
[2019-12-09T03:17:34.366+0000][1][safepoint    ] Entering safepoint region: Cleanup
[2019-12-09T03:17:34.366+0000][1][safepoint    ] Leaving safepoint region
[2019-12-09T03:17:34.366+0000][1][safepoint    ] Total time for which application threads were stopped: 0.0000799 seconds, Stopping threads took: 0.0000159 seconds
[2019-12-09T03:17:40.366+0000][1][safepoint    ] Application time: 6.0004027 seconds
[2019-12-09T03:17:40.366+0000][1][safepoint    ] Entering safepoint region: Cleanup
[2019-12-09T03:17:40.367+0000][1][safepoint    ] Leaving safepoint region
[2019-12-09T03:17:40.367+0000][1][safepoint    ] Total time for which application threads were stopped: 0.0000709 seconds, Stopping threads took: 0.0000146 seconds
[2019-12-09T03:17:47.762+0000][1][safepoint    ] Application time: 7.3951047 seconds
[2019-12-09T03:17:47.762+0000][1][safepoint    ] Entering safepoint region: GenCollectForAllocation
[2019-12-09T03:17:47.762+0000][1][gc,start     ] GC(28) Pause Young (Allocation Failure)
[2019-12-09T03:17:47.762+0000][1][gc,task      ] GC(28) Using 2 workers of 2 for evacuation
[2019-12-09T03:17:47.767+0000][1][gc,age       ] GC(28) Desired survivor size 4456448 bytes, new threshold 6 (max threshold 6)
[2019-12-09T03:17:47.767+0000][1][gc,age       ] GC(28) Age table with threshold 6 (max threshold 6)
[2019-12-09T03:17:47.767+0000][1][gc,age       ] GC(28) - age   1:       6072 bytes,       6072 total
[2019-12-09T03:17:47.767+0000][1][gc,age       ] GC(28) - age   2:       3704 bytes,       9776 total
[2019-12-09T03:17:47.767+0000][1][gc,age       ] GC(28) - age   3:       5240 bytes,      15016 total
[2019-12-09T03:17:47.767+0000][1][gc,age       ] GC(28) - age   4:       8024 bytes,      23040 total
[2019-12-09T03:17:47.767+0000][1][gc,age       ] GC(28) - age   5:      22072 bytes,      45112 total
[2019-12-09T03:17:47.767+0000][1][gc,age       ] GC(28) - age   6:    1802264 bytes,    1847376 total
[2019-12-09T03:17:47.767+0000][1][gc,heap      ] GC(28) ParNew: 72685K->2710K(78656K)
[2019-12-09T03:17:47.767+0000][1][gc,heap      ] GC(28) CMS: 68025K->68025K(174784K)
[2019-12-09T03:17:47.767+0000][1][gc,metaspace ] GC(28) Metaspace: 68905K->68905K(1112064K)
[2019-12-09T03:17:47.767+0000][1][gc           ] GC(28) Pause Young (Allocation Failure) 137M->69M(247M) 5.545ms
[2019-12-09T03:17:47.767+0000][1][gc,cpu       ] GC(28) User=0.01s Sys=0.00s Real=0.01s
[2019-12-09T03:17:47.767+0000][1][safepoint    ] Leaving safepoint region
[2019-12-09T03:17:47.767+0000][1][safepoint    ] Total time for which application threads were stopped: 0.0057167 seconds, Stopping threads took: 0.0000399 seconds
[2019-12-09T03:18:06.769+0000][1][safepoint    ] Application time: 19.0012927 seconds
[2019-12-09T03:18:06.769+0000][1][safepoint    ] Entering safepoint region: Cleanup
[2019-12-09T03:18:06.769+0000][1][safepoint    ] Leaving safepoint region
[2019-12-09T03:18:06.769+0000][1][safepoint    ] Total time for which application threads were stopped: 0.0000916 seconds, Stopping threads took: 0.0000256 seconds
[2019-12-09T03:18:09.769+0000][1][safepoint    ] Application time: 3.0002105 seconds
[2019-12-09T03:18:09.769+0000][1][safepoint    ] Entering safepoint region: Cleanup
[2019-12-09T03:18:09.769+0000][1][safepoint    ] Leaving safepoint region
[2019-12-09T03:18:09.769+0000][1][safepoint    ] Total time for which application threads were stopped: 0.0000868 seconds, Stopping threads took: 0.0000215 seconds
[2019-12-09T03:18:14.770+0000][1][safepoint    ] Application time: 5.0003431 seconds
[2019-12-09T03:18:14.770+0000][1][safepoint    ] Entering safepoint region: Cleanup
[2019-12-09T03:18:14.770+0000][1][safepoint    ] Leaving safepoint region
[2019-12-09T03:18:14.770+0000][1][safepoint    ] Total time for which application threads were stopped: 0.0000834 seconds, Stopping threads took: 0.0000174 seconds
[2019-12-09T03:18:18.770+0000][1][safepoint    ] Application time: 4.0002767 seconds
[2019-12-09T03:18:18.770+0000][1][safepoint    ] Entering safepoint region: Cleanup
[2019-12-09T03:18:18.770+0000][1][safepoint    ] Leaving safepoint region
[2019-12-09T03:18:18.770+0000][1][safepoint    ] Total time for which application threads were stopped: 0.0000814 seconds, Stopping threads took: 0.0000176 seconds
[2019-12-09T03:19:02.773+0000][1][safepoint    ] Application time: 44.0029398 seconds
[2019-12-09T03:19:02.773+0000][1][safepoint    ] Entering safepoint region: Cleanup
[2019-12-09T03:19:02.773+0000][1][safepoint    ] Leaving safepoint region
[2019-12-09T03:19:02.773+0000][1][safepoint    ] Total time for which application threads were stopped: 0.0000912 seconds, Stopping threads took: 0.0000263 seconds
[2019-12-09T03:19:03.773+0000][1][safepoint    ] Application time: 1.0000772 seconds
[2019-12-09T03:19:03.773+0000][1][safepoint    ] Entering safepoint region: Cleanup
[2019-12-09T03:19:03.773+0000][1][safepoint    ] Leaving safepoint region
[2019-12-09T03:19:03.773+0000][1][safepoint    ] Total time for which application threads were stopped: 0.0000923 seconds, Stopping threads took: 0.0000184 seconds
[2019-12-09T03:19:38.776+0000][1][safepoint    ] Application time: 35.0023704 seconds
[2019-12-09T03:19:38.776+0000][1][safepoint    ] Entering safepoint region: Cleanup
[2019-12-09T03:19:38.776+0000][1][safepoint    ] Leaving safepoint region
[2019-12-09T03:19:38.776+0000][1][safepoint    ] Total time for which application threads were stopped: 0.0000905 seconds, Stopping threads took: 0.0000257 seconds
[2019-12-09T03:19:39.776+0000][1][safepoint    ] Application time: 1.0000786 seconds
[2019-12-09T03:19:39.776+0000][1][safepoint    ] Entering safepoint region: Cleanup
[2019-12-09T03:19:39.776+0000][1][safepoint    ] Leaving safepoint region
[2019-12-09T03:19:39.776+0000][1][safepoint    ] Total time for which application threads were stopped: 0.0000822 seconds, Stopping threads took: 0.0000177 seconds
[2019-12-09T03:19:52.777+0000][1][safepoint    ] Application time: 13.0009955 seconds
[2019-12-09T03:19:52.777+0000][1][safepoint    ] Entering safepoint region: Cleanup
[2019-12-09T03:19:52.777+0000][1][safepoint    ] Leaving safepoint region
[2019-12-09T03:19:52.777+0000][1][safepoint    ] Total time for which application threads were stopped: 0.0000802 seconds, Stopping threads took: 0.0000169 seconds
[2019-12-09T03:19:53.541+0000][1][safepoint    ] Application time: 0.7633825 seconds
[2019-12-09T03:19:53.541+0000][1][safepoint    ] Entering safepoint region: GenCollectForAllocation
[2019-12-09T03:19:53.541+0000][1][gc,start     ] GC(29) Pause Young (Allocation Failure)
[2019-12-09T03:19:53.541+0000][1][gc,task      ] GC(29) Using 2 workers of 2 for evacuation
[2019-12-09T03:19:53.548+0000][1][gc,age       ] GC(29) Desired survivor size 4456448 bytes, new threshold 6 (max threshold 6)
[2019-12-09T03:19:53.548+0000][1][gc,age       ] GC(29) Age table with threshold 6 (max threshold 6)
[2019-12-09T03:19:53.548+0000][1][gc,age       ] GC(29) - age   1:       6064 bytes,       6064 total
[2019-12-09T03:19:53.548+0000][1][gc,age       ] GC(29) - age   2:       2048 bytes,       8112 total
[2019-12-09T03:19:53.548+0000][1][gc,age       ] GC(29) - age   3:       3672 bytes,      11784 total
[2019-12-09T03:19:53.548+0000][1][gc,age       ] GC(29) - age   4:       5240 bytes,      17024 total
[2019-12-09T03:19:53.548+0000][1][gc,age       ] GC(29) - age   5:       8024 bytes,      25048 total
[2019-12-09T03:19:53.548+0000][1][gc,age       ] GC(29) - age   6:      22072 bytes,      47120 total
[2019-12-09T03:19:53.548+0000][1][gc,heap      ] GC(29) ParNew: 72662K->1804K(78656K)
[2019-12-09T03:19:53.548+0000][1][gc,heap      ] GC(29) CMS: 68025K->69835K(174784K)
[2019-12-09T03:19:53.548+0000][1][gc,metaspace ] GC(29) Metaspace: 68908K->68908K(1112064K)
[2019-12-09T03:19:53.548+0000][1][gc           ] GC(29) Pause Young (Allocation Failure) 137M->69M(247M) 7.543ms
[2019-12-09T03:19:53.548+0000][1][gc,cpu       ] GC(29) User=0.02s Sys=0.00s Real=0.01s
[2019-12-09T03:19:53.548+0000][1][safepoint    ] Leaving safepoint region
[2019-12-09T03:19:53.548+0000][1][safepoint    ] Total time for which application threads were stopped: 0.0077243 seconds, Stopping threads took: 0.0000175 seconds
[2019-12-09T03:20:01.549+0000][1][safepoint    ] Application time: 8.0005651 seconds
[2019-12-09T03:20:01.549+0000][1][safepoint    ] Entering safepoint region: Cleanup
[2019-12-09T03:20:01.549+0000][1][safepoint    ] Leaving safepoint region
[2019-12-09T03:20:01.549+0000][1][safepoint    ] Total time for which application threads were stopped: 0.0000863 seconds, Stopping threads took: 0.0000268 seconds
[2019-12-09T03:20:06.380+0000][1][safepoint    ] Application time: 4.8309382 seconds
[2019-12-09T03:20:06.380+0000][1][safepoint    ] Entering safepoint region: RevokeBias
[2019-12-09T03:20:06.380+0000][1][safepoint    ] Leaving safepoint region
[2019-12-09T03:20:06.380+0000][1][safepoint    ] Total time for which application threads were stopped: 0.0001169 seconds, Stopping threads took: 0.0000203 seconds
[2019-12-09T03:20:06.380+0000][1][safepoint    ] Application time: 0.0000829 seconds
[2019-12-09T03:20:06.380+0000][1][safepoint    ] Entering safepoint region: RevokeBias
[2019-12-09T03:20:06.380+0000][1][safepoint    ] Leaving safepoint region
[2019-12-09T03:20:06.380+0000][1][safepoint    ] Total time for which application threads were stopped: 0.0000476 seconds, Stopping threads took: 0.0000102 seconds
[2019-12-09T03:20:06.382+0000][1][safepoint    ] Application time: 0.0019016 seconds
[2019-12-09T03:20:06.382+0000][1][safepoint    ] Entering safepoint region: RevokeBias
[2019-12-09T03:20:06.382+0000][1][safepoint    ] Leaving safepoint region
[2019-12-09T03:20:06.382+0000][1][safepoint    ] Total time for which application threads were stopped: 0.0000781 seconds, Stopping threads took: 0.0000184 seconds
[2019-12-09T03:20:06.383+0000][1][safepoint    ] Application time: 0.0006055 seconds
[2019-12-09T03:20:06.383+0000][1][safepoint    ] Entering safepoint region: RevokeBias
[2019-12-09T03:20:06.383+0000][1][safepoint    ] Leaving safepoint region
[2019-12-09T03:20:06.383+0000][1][safepoint    ] Total time for which application threads were stopped: 0.0001271 seconds, Stopping threads took: 0.0000566 seconds
[2019-12-09T03:20:06.390+0000][1][safepoint    ] Application time: 0.0067069 seconds
[2019-12-09T03:20:06.390+0000][1][safepoint    ] Entering safepoint region: RevokeBias
[2019-12-09T03:20:06.390+0000][1][safepoint    ] Leaving safepoint region
[2019-12-09T03:20:06.390+0000][1][safepoint    ] Total time for which application threads were stopped: 0.0000715 seconds, Stopping threads took: 0.0000149 seconds
[2019-12-09T03:20:06.390+0000][1][safepoint    ] Application time: 0.0001149 seconds
[2019-12-09T03:20:06.390+0000][1][safepoint    ] Entering safepoint region: RevokeBias
[2019-12-09T03:20:06.390+0000][1][safepoint    ] Leaving safepoint region
[2019-12-09T03:20:06.390+0000][1][safepoint    ] Total time for which application threads were stopped: 0.0000481 seconds, Stopping threads took: 0.0000102 seconds
[2019-12-09T03:20:06.390+0000][1][safepoint    ] Application time: 0.0000568 seconds
[2019-12-09T03:20:06.390+0000][1][safepoint    ] Entering safepoint region: RevokeBias
[2019-12-09T03:20:06.390+0000][1][safepoint    ] Leaving safepoint region
[2019-12-09T03:20:06.390+0000][1][safepoint    ] Total time for which application threads were stopped: 0.0000424 seconds, Stopping threads took: 0.0000092 seconds
[2019-12-09T03:20:06.391+0000][1][safepoint    ] Application time: 0.0003977 seconds
[2019-12-09T03:20:06.391+0000][1][safepoint    ] Entering safepoint region: RevokeBias
[2019-12-09T03:20:06.391+0000][1][safepoint    ] Leaving safepoint region
[2019-12-09T03:20:06.391+0000][1][safepoint    ] Total time for which application threads were stopped: 0.0000649 seconds, Stopping threads took: 0.0000124 seconds
[2019-12-09T03:20:06.391+0000][1][safepoint    ] Application time: 0.0002252 seconds
[2019-12-09T03:20:06.391+0000][1][safepoint    ] Entering safepoint region: RevokeBias
[2019-12-09T03:20:06.391+0000][1][safepoint    ] Leaving safepoint region
[2019-12-09T03:20:06.391+0000][1][safepoint    ] Total time for which application threads were stopped: 0.0000747 seconds, Stopping threads took: 0.0000117 seconds
[2019-12-09T03:20:06.418+0000][1][safepoint    ] Application time: 0.0268069 seconds
[2019-12-09T03:20:06.418+0000][1][safepoint    ] Entering safepoint region: RevokeBias
[2019-12-09T03:20:06.418+0000][1][safepoint    ] Leaving safepoint region
[2019-12-09T03:20:06.418+0000][1][safepoint    ] Total time for which application threads were stopped: 0.0001074 seconds, Stopping threads took: 0.0000186 seconds
[2019-12-09T03:20:06.432+0000][1][safepoint    ] Application time: 0.0141647 seconds
[2019-12-09T03:20:06.458+0000][1][safepoint    ] Entering safepoint region: RevokeBias
[2019-12-09T03:20:06.458+0000][1][safepoint    ] Leaving safepoint region
[2019-12-09T03:20:06.458+0000][1][safepoint    ] Total time for which application threads were stopped: 0.0259487 seconds, Stopping threads took: 0.0258245 seconds
[2019-12-09T03:20:06.459+0000][1][safepoint    ] Application time: 0.0013451 seconds
[2019-12-09T03:20:06.459+0000][1][safepoint    ] Entering safepoint region: RevokeBias
[2019-12-09T03:20:06.459+0000][1][safepoint    ] Leaving safepoint region
[2019-12-09T03:20:06.459+0000][1][safepoint    ] Total time for which application threads were stopped: 0.0000842 seconds, Stopping threads took: 0.0000170 seconds
[2019-12-09T03:20:06.462+0000][1][safepoint    ] Application time: 0.0021727 seconds
[2019-12-09T03:20:06.462+0000][1][safepoint    ] Entering safepoint region: RevokeBias
[2019-12-09T03:20:06.462+0000][1][safepoint    ] Leaving safepoint region
[2019-12-09T03:20:06.462+0000][1][safepoint    ] Total time for which application threads were stopped: 0.0000721 seconds, Stopping threads took: 0.0000193 seconds
[2019-12-09T03:20:06.462+0000][1][safepoint    ] Application time: 0.0000663 seconds
[2019-12-09T03:20:06.462+0000][1][safepoint    ] Entering safepoint region: RevokeBias
[2019-12-09T03:20:06.462+0000][1][safepoint    ] Leaving safepoint region
[2019-12-09T03:20:06.462+0000][1][safepoint    ] Total time for which application threads were stopped: 0.0000398 seconds, Stopping threads took: 0.0000081 seconds
[2019-12-09T03:20:06.462+0000][1][safepoint    ] Application time: 0.0001534 seconds
[2019-12-09T03:20:06.462+0000][1][safepoint    ] Entering safepoint region: RevokeBias
[2019-12-09T03:20:06.462+0000][1][safepoint    ] Leaving safepoint region
[2019-12-09T03:20:06.462+0000][1][safepoint    ] Total time for which application threads were stopped: 0.0000524 seconds, Stopping threads took: 0.0000109 seconds
[2019-12-09T03:20:06.462+0000][1][safepoint    ] Application time: 0.0000570 seconds
[2019-12-09T03:20:06.462+0000][1][safepoint    ] Entering safepoint region: RevokeBias
[2019-12-09T03:20:06.462+0000][1][safepoint    ] Leaving safepoint region
[2019-12-09T03:20:06.462+0000][1][safepoint    ] Total time for which application threads were stopped: 0.0000432 seconds, Stopping threads took: 0.0000094 seconds
[2019-12-09T03:20:06.463+0000][1][safepoint    ] Application time: 0.0002830 seconds
[2019-12-09T03:20:06.463+0000][1][safepoint    ] Entering safepoint region: RevokeBias
[2019-12-09T03:20:06.463+0000][1][safepoint    ] Leaving safepoint region
[2019-12-09T03:20:06.463+0000][1][safepoint    ] Total time for which application threads were stopped: 0.0000578 seconds, Stopping threads took: 0.0000124 seconds
[2019-12-09T03:20:06.463+0000][1][safepoint    ] Application time: 0.0000650 seconds
[2019-12-09T03:20:06.463+0000][1][safepoint    ] Entering safepoint region: RevokeBias
[2019-12-09T03:20:06.463+0000][1][safepoint    ] Leaving safepoint region
[2019-12-09T03:20:06.463+0000][1][safepoint    ] Total time for which application threads were stopped: 0.0000415 seconds, Stopping threads took: 0.0000088 seconds
[2019-12-09T03:20:06.463+0000][1][safepoint    ] Application time: 0.0003998 seconds
[2019-12-09T03:20:06.463+0000][1][safepoint    ] Entering safepoint region: RevokeBias
[2019-12-09T03:20:06.463+0000][1][safepoint    ] Leaving safepoint region
[2019-12-09T03:20:06.463+0000][1][safepoint    ] Total time for which application threads were stopped: 0.0000654 seconds, Stopping threads took: 0.0000144 seconds
[2019-12-09T03:20:06.485+0000][1][safepoint    ] Application time: 0.0215802 seconds
[2019-12-09T03:20:06.485+0000][1][safepoint    ] Entering safepoint region: RevokeBias
[2019-12-09T03:20:06.485+0000][1][safepoint    ] Leaving safepoint region
[2019-12-09T03:20:06.485+0000][1][safepoint    ] Total time for which application threads were stopped: 0.0000741 seconds, Stopping threads took: 0.0000162 seconds
[2019-12-09T03:20:06.485+0000][1][safepoint    ] Application time: 0.0005142 seconds
[2019-12-09T03:20:06.485+0000][1][safepoint    ] Entering safepoint region: RevokeBias
[2019-12-09T03:20:06.486+0000][1][safepoint    ] Leaving safepoint region
[2019-12-09T03:20:06.486+0000][1][safepoint    ] Total time for which application threads were stopped: 0.0000649 seconds, Stopping threads took: 0.0000137 seconds
[2019-12-09T03:20:06.488+0000][1][safepoint    ] Application time: 0.0022593 seconds
[2019-12-09T03:20:06.488+0000][1][safepoint    ] Entering safepoint region: RevokeBias
[2019-12-09T03:20:06.488+0000][1][safepoint    ] Leaving safepoint region
[2019-12-09T03:20:06.488+0000][1][safepoint    ] Total time for which application threads were stopped: 0.0000561 seconds, Stopping threads took: 0.0000117 seconds
[2019-12-09T03:20:06.489+0000][1][safepoint    ] Application time: 0.0013797 seconds
[2019-12-09T03:20:06.489+0000][1][safepoint    ] Entering safepoint region: RevokeBias
[2019-12-09T03:20:06.489+0000][1][safepoint    ] Leaving safepoint region
[2019-12-09T03:20:06.489+0000][1][safepoint    ] Total time for which application threads were stopped: 0.0000521 seconds, Stopping threads took: 0.0000112 seconds
[2019-12-09T03:20:06.489+0000][1][safepoint    ] Application time: 0.0000850 seconds
[2019-12-09T03:20:06.489+0000][1][safepoint    ] Entering safepoint region: RevokeBias
[2019-12-09T03:20:06.489+0000][1][safepoint    ] Leaving safepoint region
[2019-12-09T03:20:06.489+0000][1][safepoint    ] Total time for which application threads were stopped: 0.0000412 seconds, Stopping threads took: 0.0000087 seconds
[2019-12-09T03:20:06.490+0000][1][safepoint    ] Application time: 0.0002263 seconds
[2019-12-09T03:20:06.490+0000][1][safepoint    ] Entering safepoint region: RevokeBias
[2019-12-09T03:20:06.490+0000][1][safepoint    ] Leaving safepoint region
[2019-12-09T03:20:06.490+0000][1][safepoint    ] Total time for which application threads were stopped: 0.0000453 seconds, Stopping threads took: 0.0000096 seconds
[2019-12-09T03:20:06.502+0000][1][safepoint    ] Application time: 0.0124959 seconds
[2019-12-09T03:20:06.502+0000][1][safepoint    ] Entering safepoint region: RevokeBias
[2019-12-09T03:20:06.502+0000][1][safepoint    ] Leaving safepoint region
[2019-12-09T03:20:06.502+0000][1][safepoint    ] Total time for which application threads were stopped: 0.0000511 seconds, Stopping threads took: 0.0000118 seconds
[2019-12-09T03:20:06.504+0000][1][safepoint    ] Application time: 0.0019915 seconds
[2019-12-09T03:20:06.504+0000][1][safepoint    ] Entering safepoint region: RevokeBias
[2019-12-09T03:20:06.504+0000][1][safepoint    ] Leaving safepoint region
[2019-12-09T03:20:06.504+0000][1][safepoint    ] Total time for which application threads were stopped: 0.0000588 seconds, Stopping threads took: 0.0000139 seconds
[2019-12-09T03:20:06.504+0000][1][safepoint    ] Application time: 0.0000691 seconds
[2019-12-09T03:20:06.505+0000][1][safepoint    ] Entering safepoint region: RevokeBias
[2019-12-09T03:20:06.505+0000][1][safepoint    ] Leaving safepoint region
[2019-12-09T03:20:06.505+0000][1][safepoint    ] Total time for which application threads were stopped: 0.0000453 seconds, Stopping threads took: 0.0000095 seconds
[2019-12-09T03:20:06.505+0000][1][safepoint    ] Application time: 0.0000595 seconds
[2019-12-09T03:20:06.505+0000][1][safepoint    ] Entering safepoint region: RevokeBias
[2019-12-09T03:20:06.505+0000][1][safepoint    ] Leaving safepoint region
[2019-12-09T03:20:06.505+0000][1][safepoint    ] Total time for which application threads were stopped: 0.0000429 seconds, Stopping threads took: 0.0000092 seconds
[2019-12-09T03:20:06.505+0000][1][safepoint    ] Application time: 0.0000871 seconds
[2019-12-09T03:20:06.505+0000][1][safepoint    ] Entering safepoint region: RevokeBias
[2019-12-09T03:20:06.505+0000][1][safepoint    ] Leaving safepoint region
[2019-12-09T03:20:06.505+0000][1][safepoint    ] Total time for which application threads were stopped: 0.0000517 seconds, Stopping threads took: 0.0000092 seconds
[2019-12-09T03:20:06.505+0000][1][safepoint    ] Application time: 0.0000775 seconds
[2019-12-09T03:20:06.505+0000][1][safepoint    ] Entering safepoint region: RevokeBias
[2019-12-09T03:20:06.505+0000][1][safepoint    ] Leaving safepoint region
[2019-12-09T03:20:06.505+0000][1][safepoint    ] Total time for which application threads were stopped: 0.0000411 seconds, Stopping threads took: 0.0000091 seconds
[2019-12-09T03:20:06.505+0000][1][safepoint    ] Application time: 0.0000856 seconds
[2019-12-09T03:20:06.505+0000][1][safepoint    ] Entering safepoint region: RevokeBias
[2019-12-09T03:20:06.505+0000][1][safepoint    ] Leaving safepoint region
[2019-12-09T03:20:06.505+0000][1][safepoint    ] Total time for which application threads were stopped: 0.0000399 seconds, Stopping threads took: 0.0000079 seconds
[2019-12-09T03:20:06.507+0000][1][safepoint    ] Application time: 0.0016767 seconds
[2019-12-09T03:20:06.507+0000][1][safepoint    ] Entering safepoint region: RevokeBias
[2019-12-09T03:20:06.507+0000][1][safepoint    ] Leaving safepoint region
[2019-12-09T03:20:06.507+0000][1][safepoint    ] Total time for which application threads were stopped: 0.0000662 seconds, Stopping threads took: 0.0000113 seconds
[2019-12-09T03:20:06.511+0000][1][safepoint    ] Application time: 0.0039898 seconds
[2019-12-09T03:20:06.520+0000][1][safepoint    ] Entering safepoint region: RevokeBias
[2019-12-09T03:20:06.520+0000][1][safepoint    ] Leaving safepoint region
[2019-12-09T03:20:06.520+0000][1][safepoint    ] Total time for which application threads were stopped: 0.0089271 seconds, Stopping threads took: 0.0088324 seconds
[2019-12-09T03:20:06.520+0000][1][safepoint    ] Application time: 0.0005936 seconds
[2019-12-09T03:20:06.520+0000][1][safepoint    ] Entering safepoint region: BulkRevokeBias
[2019-12-09T03:20:06.521+0000][1][safepoint    ] Leaving safepoint region
[2019-12-09T03:20:06.521+0000][1][safepoint    ] Total time for which application threads were stopped: 0.0003944 seconds, Stopping threads took: 0.0000112 seconds
[2019-12-09T03:20:06.522+0000][1][safepoint    ] Application time: 0.0011854 seconds
[2019-12-09T03:20:06.522+0000][1][safepoint    ] Entering safepoint region: RevokeBias
[2019-12-09T03:20:06.522+0000][1][safepoint    ] Leaving safepoint region
[2019-12-09T03:20:06.522+0000][1][safepoint    ] Total time for which application threads were stopped: 0.0003646 seconds, Stopping threads took: 0.0000117 seconds
[2019-12-09T03:20:06.533+0000][1][safepoint    ] Application time: 0.0105118 seconds
[2019-12-09T03:20:06.562+0000][1][safepoint    ] Entering safepoint region: RevokeBias
[2019-12-09T03:20:06.563+0000][1][safepoint    ] Leaving safepoint region
[2019-12-09T03:20:06.563+0000][1][safepoint    ] Total time for which application threads were stopped: 0.0296008 seconds, Stopping threads took: 0.0294778 seconds
[2019-12-09T03:20:06.581+0000][1][safepoint    ] Application time: 0.0181396 seconds
[2019-12-09T03:20:06.581+0000][1][safepoint    ] Entering safepoint region: RevokeBias
[2019-12-09T03:20:06.581+0000][1][safepoint    ] Leaving safepoint region
[2019-12-09T03:20:06.581+0000][1][safepoint    ] Total time for which application threads were stopped: 0.0004110 seconds, Stopping threads took: 0.0003365 seconds
[2019-12-09T03:20:06.581+0000][1][safepoint    ] Application time: 0.0002078 seconds
[2019-12-09T03:20:06.581+0000][1][safepoint    ] Entering safepoint region: RevokeBias
[2019-12-09T03:20:06.581+0000][1][safepoint    ] Leaving safepoint region
[2019-12-09T03:20:06.581+0000][1][safepoint    ] Total time for which application threads were stopped: 0.0000573 seconds, Stopping threads took: 0.0000121 seconds
[2019-12-09T03:20:06.588+0000][1][safepoint    ] Application time: 0.0067011 seconds
[2019-12-09T03:20:06.588+0000][1][safepoint    ] Entering safepoint region: RevokeBias
[2019-12-09T03:20:06.588+0000][1][safepoint    ] Leaving safepoint region
[2019-12-09T03:20:06.588+0000][1][safepoint    ] Total time for which application threads were stopped: 0.0000564 seconds, Stopping threads took: 0.0000111 seconds
[2019-12-09T03:20:06.667+0000][1][safepoint    ] Application time: 0.0784823 seconds
[2019-12-09T03:20:06.667+0000][1][safepoint    ] Entering safepoint region: RevokeBias
[2019-12-09T03:20:06.667+0000][1][safepoint    ] Leaving safepoint region
[2019-12-09T03:20:06.667+0000][1][safepoint    ] Total time for which application threads were stopped: 0.0000948 seconds, Stopping threads took: 0.0000173 seconds
[2019-12-09T03:20:06.671+0000][1][safepoint    ] Application time: 0.0042221 seconds
[2019-12-09T03:20:06.671+0000][1][safepoint    ] Entering safepoint region: RevokeBias
[2019-12-09T03:20:06.671+0000][1][safepoint    ] Leaving safepoint region
[2019-12-09T03:20:06.671+0000][1][safepoint    ] Total time for which application threads were stopped: 0.0000744 seconds, Stopping threads took: 0.0000147 seconds
[2019-12-09T03:20:06.678+0000][1][safepoint    ] Application time: 0.0065288 seconds
[2019-12-09T03:20:06.680+0000][1][safepoint    ] Entering safepoint region: RevokeBias
[2019-12-09T03:20:06.680+0000][1][safepoint    ] Leaving safepoint region
[2019-12-09T03:20:06.680+0000][1][safepoint    ] Total time for which application threads were stopped: 0.0020908 seconds, Stopping threads took: 0.0020243 seconds
[2019-12-09T03:20:06.692+0000][1][safepoint    ] Application time: 0.0121032 seconds
[2019-12-09T03:20:06.692+0000][1][safepoint    ] Entering safepoint region: RevokeBias
[2019-12-09T03:20:06.692+0000][1][safepoint    ] Leaving safepoint region
[2019-12-09T03:20:06.692+0000][1][safepoint    ] Total time for which application threads were stopped: 0.0000567 seconds, Stopping threads took: 0.0000212 seconds
[2019-12-09T03:20:06.706+0000][1][safepoint    ] Application time: 0.0143103 seconds
[2019-12-09T03:20:06.706+0000][1][safepoint    ] Entering safepoint region: RevokeBias
[2019-12-09T03:20:06.706+0000][1][safepoint    ] Leaving safepoint region
[2019-12-09T03:20:06.706+0000][1][safepoint    ] Total time for which application threads were stopped: 0.0000393 seconds, Stopping threads took: 0.0000103 seconds
[2019-12-09T03:20:06.708+0000][1][safepoint    ] Application time: 0.0013947 seconds
[2019-12-09T03:20:06.708+0000][1][safepoint    ] Entering safepoint region: RevokeBias
[2019-12-09T03:20:06.708+0000][1][safepoint    ] Leaving safepoint region
[2019-12-09T03:20:06.708+0000][1][safepoint    ] Total time for which application threads were stopped: 0.0000522 seconds, Stopping threads took: 0.0000116 seconds
[2019-12-09T03:20:06.725+0000][1][gc,heap,exit ] Heap
[2019-12-09T03:20:06.725+0000][1][gc,heap,exit ]  par new generation   total 78656K, used 15353K [0x00000000f0000000, 0x00000000f5550000, 0x00000000f5550000)
[2019-12-09T03:20:06.725+0000][1][gc,heap,exit ]   eden space 69952K,  19% used [0x00000000f0000000, 0x00000000f0d3b3e8, 0x00000000f4450000)
[2019-12-09T03:20:06.725+0000][1][gc,heap,exit ]   from space 8704K,  20% used [0x00000000f4450000, 0x00000000f4613380, 0x00000000f4cd0000)
[2019-12-09T03:20:06.725+0000][1][gc,heap,exit ]   to   space 8704K,   0% used [0x00000000f4cd0000, 0x00000000f4cd0000, 0x00000000f5550000)
[2019-12-09T03:20:06.725+0000][1][gc,heap,exit ]  concurrent mark-sweep generation total 174784K, used 69835K [0x00000000f5550000, 0x0000000100000000, 0x0000000100000000)
[2019-12-09T03:20:06.725+0000][1][gc,heap,exit ]  Metaspace       used 69069K, capacity 74239K, committed 74528K, reserved 1112064K
[2019-12-09T03:20:06.725+0000][1][gc,heap,exit ]   class space    used 9318K, capacity 11508K, committed 11584K, reserved 1048576K
[2019-12-09T03:20:06.725+0000][1][safepoint    ] Application time: 0.0172873 seconds
[2019-12-09T03:20:06.725+0000][1][safepoint    ] Entering safepoint region: Exit
