[2019-12-09T01:41:59.214+0000][1][gc] Using Concurrent Mark Sweep
[2019-12-09T01:41:59.214+0000][1][gc,heap,coops] Heap address: 0x00000000f0000000, size: 256 MB, Compressed Oops mode: 32-bit
[2019-12-09T01:41:59.536+0000][1][safepoint    ] Entering safepoint region: EnableBiasedLocking
[2019-12-09T01:41:59.536+0000][1][safepoint    ] Leaving safepoint region
[2019-12-09T01:41:59.536+0000][1][safepoint    ] Total time for which application threads were stopped: 0.0381379 seconds, Stopping threads took: 0.0380490 seconds
[2019-12-09T01:41:59.561+0000][1][safepoint    ] Application time: 0.0251962 seconds
[2019-12-09T01:41:59.561+0000][1][safepoint    ] Entering safepoint region: RevokeBias
[2019-12-09T01:41:59.562+0000][1][safepoint    ] Leaving safepoint region
[2019-12-09T01:41:59.562+0000][1][safepoint    ] Total time for which application threads were stopped: 0.0001308 seconds, Stopping threads took: 0.0000454 seconds
[2019-12-09T01:41:59.641+0000][1][safepoint    ] Application time: 0.0795666 seconds
[2019-12-09T01:41:59.641+0000][1][safepoint    ] Entering safepoint region: Deoptimize
[2019-12-09T01:41:59.641+0000][1][safepoint    ] Leaving safepoint region
[2019-12-09T01:41:59.641+0000][1][safepoint    ] Total time for which application threads were stopped: 0.0000716 seconds, Stopping threads took: 0.0000147 seconds
[2019-12-09T01:42:00.370+0000][1][safepoint    ] Application time: 0.7287450 seconds
[2019-12-09T01:42:00.370+0000][1][safepoint    ] Entering safepoint region: Deoptimize
[2019-12-09T01:42:00.370+0000][1][safepoint    ] Leaving safepoint region
[2019-12-09T01:42:00.370+0000][1][safepoint    ] Total time for which application threads were stopped: 0.0000984 seconds, Stopping threads took: 0.0000108 seconds
[2019-12-09T01:42:01.391+0000][1][safepoint    ] Application time: 1.0206343 seconds
[2019-12-09T01:42:01.391+0000][1][safepoint    ] Entering safepoint region: Cleanup
[2019-12-09T01:42:01.391+0000][1][safepoint    ] Leaving safepoint region
[2019-12-09T01:42:01.391+0000][1][safepoint    ] Total time for which application threads were stopped: 0.0002493 seconds, Stopping threads took: 0.0001739 seconds
[2019-12-09T01:42:02.409+0000][1][safepoint    ] Application time: 1.0177346 seconds
[2019-12-09T01:42:02.409+0000][1][safepoint    ] Entering safepoint region: Cleanup
[2019-12-09T01:42:02.409+0000][1][safepoint    ] Leaving safepoint region
[2019-12-09T01:42:02.409+0000][1][safepoint    ] Total time for which application threads were stopped: 0.0000763 seconds, Stopping threads took: 0.0000139 seconds
[2019-12-09T01:42:03.071+0000][1][safepoint    ] Application time: 0.6625591 seconds
[2019-12-09T01:42:03.071+0000][1][safepoint    ] Entering safepoint region: Deoptimize
[2019-12-09T01:42:03.072+0000][1][safepoint    ] Leaving safepoint region
[2019-12-09T01:42:03.072+0000][1][safepoint    ] Total time for which application threads were stopped: 0.0001518 seconds, Stopping threads took: 0.0000112 seconds
[2019-12-09T01:42:03.314+0000][1][safepoint    ] Application time: 0.2427493 seconds
[2019-12-09T01:42:03.314+0000][1][safepoint    ] Entering safepoint region: Deoptimize
[2019-12-09T01:42:03.315+0000][1][safepoint    ] Leaving safepoint region
[2019-12-09T01:42:03.315+0000][1][safepoint    ] Total time for which application threads were stopped: 0.0001511 seconds, Stopping threads took: 0.0000112 seconds
[2019-12-09T01:42:03.853+0000][1][safepoint    ] Application time: 0.5384637 seconds
[2019-12-09T01:42:03.853+0000][1][safepoint    ] Entering safepoint region: Deoptimize
[2019-12-09T01:42:03.853+0000][1][safepoint    ] Leaving safepoint region
[2019-12-09T01:42:03.853+0000][1][safepoint    ] Total time for which application threads were stopped: 0.0001726 seconds, Stopping threads took: 0.0000133 seconds
[2019-12-09T01:42:04.006+0000][1][safepoint    ] Application time: 0.1530328 seconds
[2019-12-09T01:42:04.006+0000][1][safepoint    ] Entering safepoint region: Deoptimize
[2019-12-09T01:42:04.007+0000][1][safepoint    ] Leaving safepoint region
[2019-12-09T01:42:04.007+0000][1][safepoint    ] Total time for which application threads were stopped: 0.0001720 seconds, Stopping threads took: 0.0000123 seconds
[2019-12-09T01:42:05.018+0000][1][safepoint    ] Application time: 1.0111681 seconds
[2019-12-09T01:42:05.086+0000][1][safepoint    ] Entering safepoint region: Cleanup
[2019-12-09T01:42:05.086+0000][1][safepoint    ] Leaving safepoint region
[2019-12-09T01:42:05.086+0000][1][safepoint    ] Total time for which application threads were stopped: 0.0680762 seconds, Stopping threads took: 0.0680234 seconds
[2019-12-09T01:42:06.088+0000][1][safepoint    ] Application time: 1.0018769 seconds
[2019-12-09T01:42:06.092+0000][1][safepoint    ] Entering safepoint region: Cleanup
[2019-12-09T01:42:06.092+0000][1][safepoint    ] Leaving safepoint region
[2019-12-09T01:42:06.092+0000][1][safepoint    ] Total time for which application threads were stopped: 0.0040522 seconds, Stopping threads took: 0.0039950 seconds
[2019-12-09T01:42:07.094+0000][1][safepoint    ] Application time: 1.0018890 seconds
[2019-12-09T01:42:07.094+0000][1][safepoint    ] Entering safepoint region: Cleanup
[2019-12-09T01:42:07.094+0000][1][safepoint    ] Leaving safepoint region
[2019-12-09T01:42:07.094+0000][1][safepoint    ] Total time for which application threads were stopped: 0.0000675 seconds, Stopping threads took: 0.0000145 seconds
[2019-12-09T01:42:07.815+0000][1][safepoint    ] Application time: 0.7213186 seconds
[2019-12-09T01:42:07.815+0000][1][safepoint    ] Entering safepoint region: Deoptimize
[2019-12-09T01:42:07.815+0000][1][safepoint    ] Leaving safepoint region
[2019-12-09T01:42:07.815+0000][1][safepoint    ] Total time for which application threads were stopped: 0.0001999 seconds, Stopping threads took: 0.0000122 seconds
[2019-12-09T01:42:08.826+0000][1][safepoint    ] Application time: 1.0103180 seconds
[2019-12-09T01:42:08.826+0000][1][safepoint    ] Entering safepoint region: Cleanup
[2019-12-09T01:42:08.826+0000][1][safepoint    ] Leaving safepoint region
[2019-12-09T01:42:08.826+0000][1][safepoint    ] Total time for which application threads were stopped: 0.0000509 seconds, Stopping threads took: 0.0000143 seconds
[2019-12-09T01:42:09.828+0000][1][safepoint    ] Application time: 1.0019020 seconds
[2019-12-09T01:42:09.828+0000][1][safepoint    ] Entering safepoint region: Cleanup
[2019-12-09T01:42:09.828+0000][1][safepoint    ] Leaving safepoint region
[2019-12-09T01:42:09.828+0000][1][safepoint    ] Total time for which application threads were stopped: 0.0000514 seconds, Stopping threads took: 0.0000149 seconds
[2019-12-09T01:42:10.832+0000][1][safepoint    ] Application time: 1.0038969 seconds
[2019-12-09T01:42:10.832+0000][1][safepoint    ] Entering safepoint region: Cleanup
[2019-12-09T01:42:10.832+0000][1][safepoint    ] Leaving safepoint region
[2019-12-09T01:42:10.832+0000][1][safepoint    ] Total time for which application threads were stopped: 0.0001035 seconds, Stopping threads took: 0.0000421 seconds
[2019-12-09T01:42:11.835+0000][1][safepoint    ] Application time: 1.0028586 seconds
[2019-12-09T01:42:11.869+0000][1][safepoint    ] Entering safepoint region: Cleanup
[2019-12-09T01:42:11.869+0000][1][safepoint    ] Leaving safepoint region
[2019-12-09T01:42:11.869+0000][1][safepoint    ] Total time for which application threads were stopped: 0.0342092 seconds, Stopping threads took: 0.0341396 seconds
[2019-12-09T01:42:11.881+0000][1][safepoint    ] Application time: 0.0118538 seconds
[2019-12-09T01:42:11.881+0000][1][safepoint    ] Entering safepoint region: Deoptimize
[2019-12-09T01:42:11.881+0000][1][safepoint    ] Leaving safepoint region
[2019-12-09T01:42:11.881+0000][1][safepoint    ] Total time for which application threads were stopped: 0.0002043 seconds, Stopping threads took: 0.0000103 seconds
[2019-12-09T01:42:12.809+0000][1][safepoint    ] Application time: 0.9276513 seconds
[2019-12-09T01:42:12.809+0000][1][safepoint    ] Entering safepoint region: Deoptimize
[2019-12-09T01:42:12.809+0000][1][safepoint    ] Leaving safepoint region
[2019-12-09T01:42:12.809+0000][1][safepoint    ] Total time for which application threads were stopped: 0.0003199 seconds, Stopping threads took: 0.0000108 seconds
[2019-12-09T01:42:12.809+0000][1][safepoint    ] Application time: 0.0001510 seconds
[2019-12-09T01:42:12.809+0000][1][safepoint    ] Entering safepoint region: Deoptimize
[2019-12-09T01:42:12.809+0000][1][safepoint    ] Leaving safepoint region
[2019-12-09T01:42:12.809+0000][1][safepoint    ] Total time for which application threads were stopped: 0.0002012 seconds, Stopping threads took: 0.0000086 seconds
[2019-12-09T01:42:12.910+0000][1][safepoint    ] Application time: 0.1007711 seconds
[2019-12-09T01:42:12.910+0000][1][safepoint    ] Entering safepoint region: Deoptimize
[2019-12-09T01:42:12.911+0000][1][safepoint    ] Leaving safepoint region
[2019-12-09T01:42:12.911+0000][1][safepoint    ] Total time for which application threads were stopped: 0.0002890 seconds, Stopping threads took: 0.0000116 seconds
[2019-12-09T01:42:12.956+0000][1][safepoint    ] Application time: 0.0458444 seconds
[2019-12-09T01:42:12.975+0000][1][safepoint    ] Entering safepoint region: RevokeBias
[2019-12-09T01:42:12.975+0000][1][safepoint    ] Leaving safepoint region
[2019-12-09T01:42:12.975+0000][1][safepoint    ] Total time for which application threads were stopped: 0.0186072 seconds, Stopping threads took: 0.0185382 seconds
[2019-12-09T01:42:12.975+0000][1][safepoint    ] Application time: 0.0000707 seconds
[2019-12-09T01:42:12.975+0000][1][safepoint    ] Entering safepoint region: RevokeBias
[2019-12-09T01:42:12.975+0000][1][safepoint    ] Leaving safepoint region
[2019-12-09T01:42:12.975+0000][1][safepoint    ] Total time for which application threads were stopped: 0.0000501 seconds, Stopping threads took: 0.0000086 seconds
[2019-12-09T01:42:12.975+0000][1][safepoint    ] Application time: 0.0000822 seconds
[2019-12-09T01:42:12.975+0000][1][safepoint    ] Entering safepoint region: RevokeBias
[2019-12-09T01:42:12.975+0000][1][safepoint    ] Leaving safepoint region
[2019-12-09T01:42:12.975+0000][1][safepoint    ] Total time for which application threads were stopped: 0.0000456 seconds, Stopping threads took: 0.0000076 seconds
[2019-12-09T01:42:12.975+0000][1][safepoint    ] Application time: 0.0001600 seconds
[2019-12-09T01:42:12.975+0000][1][safepoint    ] Entering safepoint region: RevokeBias
[2019-12-09T01:42:12.976+0000][1][safepoint    ] Leaving safepoint region
[2019-12-09T01:42:12.976+0000][1][safepoint    ] Total time for which application threads were stopped: 0.0000417 seconds, Stopping threads took: 0.0000076 seconds
[2019-12-09T01:42:12.976+0000][1][safepoint    ] Application time: 0.0003127 seconds
[2019-12-09T01:42:12.976+0000][1][safepoint    ] Entering safepoint region: RevokeBias
[2019-12-09T01:42:12.976+0000][1][safepoint    ] Leaving safepoint region
[2019-12-09T01:42:12.976+0000][1][safepoint    ] Total time for which application threads were stopped: 0.0000514 seconds, Stopping threads took: 0.0000089 seconds
[2019-12-09T01:42:13.986+0000][1][safepoint    ] Application time: 1.0098090 seconds
[2019-12-09T01:42:13.986+0000][1][safepoint    ] Entering safepoint region: Cleanup
[2019-12-09T01:42:13.986+0000][1][safepoint    ] Leaving safepoint region
[2019-12-09T01:42:13.986+0000][1][safepoint    ] Total time for which application threads were stopped: 0.0000868 seconds, Stopping threads took: 0.0000163 seconds
[2019-12-09T01:42:14.507+0000][1][safepoint    ] Application time: 0.5211953 seconds
[2019-12-09T01:42:14.507+0000][1][safepoint    ] Entering safepoint region: GenCollectForAllocation
[2019-12-09T01:42:14.507+0000][1][gc,start     ] GC(0) Pause Young (Allocation Failure)
[2019-12-09T01:42:14.525+0000][1][gc,task      ] GC(0) Using 2 workers of 2 for evacuation
[2019-12-09T01:42:14.682+0000][1][gc,age       ] GC(0) Desired survivor size 4456448 bytes, new threshold 1 (max threshold 6)
[2019-12-09T01:42:14.682+0000][1][gc,age       ] GC(0) Age table with threshold 1 (max threshold 6)
[2019-12-09T01:42:14.682+0000][1][gc,age       ] GC(0) - age   1:    6735232 bytes,    6735232 total
[2019-12-09T01:42:14.682+0000][1][gc,heap      ] GC(0) ParNew: 69952K->6627K(78656K)
[2019-12-09T01:42:14.682+0000][1][gc,heap      ] GC(0) CMS: 0K->0K(174784K)
[2019-12-09T01:42:14.682+0000][1][gc,metaspace ] GC(0) Metaspace: 12955K->12955K(1060864K)
[2019-12-09T01:42:14.682+0000][1][gc           ] GC(0) Pause Young (Allocation Failure) 68M->6M(247M) 174.948ms
[2019-12-09T01:42:14.682+0000][1][gc,cpu       ] GC(0) User=0.04s Sys=0.00s Real=0.17s
[2019-12-09T01:42:14.682+0000][1][safepoint    ] Leaving safepoint region
[2019-12-09T01:42:14.682+0000][1][safepoint    ] Total time for which application threads were stopped: 0.1750946 seconds, Stopping threads took: 0.0000136 seconds
[2019-12-09T01:42:14.687+0000][1][safepoint    ] Application time: 0.0050619 seconds
[2019-12-09T01:42:14.741+0000][1][safepoint    ] Entering safepoint region: RevokeBias
[2019-12-09T01:42:14.741+0000][1][safepoint    ] Leaving safepoint region
[2019-12-09T01:42:14.741+0000][1][safepoint    ] Total time for which application threads were stopped: 0.0536925 seconds, Stopping threads took: 0.0535935 seconds
[2019-12-09T01:42:14.741+0000][1][safepoint    ] Application time: 0.0000725 seconds
[2019-12-09T01:42:14.741+0000][1][safepoint    ] Entering safepoint region: RevokeBias
[2019-12-09T01:42:14.741+0000][1][safepoint    ] Leaving safepoint region
[2019-12-09T01:42:14.741+0000][1][safepoint    ] Total time for which application threads were stopped: 0.0000638 seconds, Stopping threads took: 0.0000092 seconds
[2019-12-09T01:42:14.741+0000][1][safepoint    ] Application time: 0.0000739 seconds
[2019-12-09T01:42:14.741+0000][1][safepoint    ] Entering safepoint region: RevokeBias
[2019-12-09T01:42:14.741+0000][1][safepoint    ] Leaving safepoint region
[2019-12-09T01:42:14.741+0000][1][safepoint    ] Total time for which application threads were stopped: 0.0000582 seconds, Stopping threads took: 0.0000079 seconds
[2019-12-09T01:42:14.741+0000][1][safepoint    ] Application time: 0.0000498 seconds
[2019-12-09T01:42:14.741+0000][1][safepoint    ] Entering safepoint region: RevokeBias
[2019-12-09T01:42:14.741+0000][1][safepoint    ] Leaving safepoint region
[2019-12-09T01:42:14.741+0000][1][safepoint    ] Total time for which application threads were stopped: 0.0000563 seconds, Stopping threads took: 0.0000078 seconds
[2019-12-09T01:42:14.741+0000][1][safepoint    ] Application time: 0.0000557 seconds
[2019-12-09T01:42:14.741+0000][1][safepoint    ] Entering safepoint region: RevokeBias
[2019-12-09T01:42:14.742+0000][1][safepoint    ] Leaving safepoint region
[2019-12-09T01:42:14.742+0000][1][safepoint    ] Total time for which application threads were stopped: 0.0000589 seconds, Stopping threads took: 0.0000082 seconds
[2019-12-09T01:42:14.742+0000][1][safepoint    ] Application time: 0.0000494 seconds
[2019-12-09T01:42:14.742+0000][1][safepoint    ] Entering safepoint region: RevokeBias
[2019-12-09T01:42:14.742+0000][1][safepoint    ] Leaving safepoint region
[2019-12-09T01:42:14.742+0000][1][safepoint    ] Total time for which application threads were stopped: 0.0000589 seconds, Stopping threads took: 0.0000082 seconds
[2019-12-09T01:42:14.742+0000][1][safepoint    ] Application time: 0.0000811 seconds
[2019-12-09T01:42:14.742+0000][1][safepoint    ] Entering safepoint region: RevokeBias
[2019-12-09T01:42:14.742+0000][1][safepoint    ] Leaving safepoint region
[2019-12-09T01:42:14.742+0000][1][safepoint    ] Total time for which application threads were stopped: 0.0000568 seconds, Stopping threads took: 0.0000071 seconds
[2019-12-09T01:42:14.742+0000][1][safepoint    ] Application time: 0.0000473 seconds
[2019-12-09T01:42:14.742+0000][1][safepoint    ] Entering safepoint region: RevokeBias
[2019-12-09T01:42:14.742+0000][1][safepoint    ] Leaving safepoint region
[2019-12-09T01:42:14.742+0000][1][safepoint    ] Total time for which application threads were stopped: 0.0000561 seconds, Stopping threads took: 0.0000068 seconds
[2019-12-09T01:42:14.742+0000][1][safepoint    ] Application time: 0.0000580 seconds
[2019-12-09T01:42:14.742+0000][1][safepoint    ] Entering safepoint region: RevokeBias
[2019-12-09T01:42:14.742+0000][1][safepoint    ] Leaving safepoint region
[2019-12-09T01:42:14.742+0000][1][safepoint    ] Total time for which application threads were stopped: 0.0000706 seconds, Stopping threads took: 0.0000157 seconds
[2019-12-09T01:42:14.742+0000][1][safepoint    ] Application time: 0.0000492 seconds
[2019-12-09T01:42:14.742+0000][1][safepoint    ] Entering safepoint region: RevokeBias
[2019-12-09T01:42:14.742+0000][1][safepoint    ] Leaving safepoint region
[2019-12-09T01:42:14.742+0000][1][safepoint    ] Total time for which application threads were stopped: 0.0000584 seconds, Stopping threads took: 0.0000072 seconds
[2019-12-09T01:42:14.742+0000][1][safepoint    ] Application time: 0.0000558 seconds
[2019-12-09T01:42:14.742+0000][1][safepoint    ] Entering safepoint region: RevokeBias
[2019-12-09T01:42:14.742+0000][1][safepoint    ] Leaving safepoint region
[2019-12-09T01:42:14.742+0000][1][safepoint    ] Total time for which application threads were stopped: 0.0000553 seconds, Stopping threads took: 0.0000068 seconds
[2019-12-09T01:42:14.742+0000][1][safepoint    ] Application time: 0.0000474 seconds
[2019-12-09T01:42:14.742+0000][1][safepoint    ] Entering safepoint region: RevokeBias
[2019-12-09T01:42:14.742+0000][1][safepoint    ] Leaving safepoint region
[2019-12-09T01:42:14.742+0000][1][safepoint    ] Total time for which application threads were stopped: 0.0000561 seconds, Stopping threads took: 0.0000075 seconds
[2019-12-09T01:42:14.743+0000][1][safepoint    ] Application time: 0.0000540 seconds
[2019-12-09T01:42:14.743+0000][1][safepoint    ] Entering safepoint region: RevokeBias
[2019-12-09T01:42:14.743+0000][1][safepoint    ] Leaving safepoint region
[2019-12-09T01:42:14.743+0000][1][safepoint    ] Total time for which application threads were stopped: 0.0000569 seconds, Stopping threads took: 0.0000074 seconds
[2019-12-09T01:42:14.745+0000][1][safepoint    ] Application time: 0.0021205 seconds
[2019-12-09T01:42:14.782+0000][1][safepoint    ] Entering safepoint region: RevokeBias
[2019-12-09T01:42:14.782+0000][1][safepoint    ] Leaving safepoint region
[2019-12-09T01:42:14.782+0000][1][safepoint    ] Total time for which application threads were stopped: 0.0371438 seconds, Stopping threads took: 0.0370712 seconds
[2019-12-09T01:42:14.782+0000][1][safepoint    ] Application time: 0.0000929 seconds
[2019-12-09T01:42:14.782+0000][1][safepoint    ] Entering safepoint region: RevokeBias
[2019-12-09T01:42:14.782+0000][1][safepoint    ] Leaving safepoint region
[2019-12-09T01:42:14.782+0000][1][safepoint    ] Total time for which application threads were stopped: 0.0000536 seconds, Stopping threads took: 0.0000102 seconds
[2019-12-09T01:42:14.784+0000][1][safepoint    ] Application time: 0.0016542 seconds
[2019-12-09T01:42:14.784+0000][1][safepoint    ] Entering safepoint region: RevokeBias
[2019-12-09T01:42:14.784+0000][1][safepoint    ] Leaving safepoint region
[2019-12-09T01:42:14.784+0000][1][safepoint    ] Total time for which application threads were stopped: 0.0001388 seconds, Stopping threads took: 0.0000119 seconds
[2019-12-09T01:42:14.784+0000][1][safepoint    ] Application time: 0.0000762 seconds
[2019-12-09T01:42:14.784+0000][1][safepoint    ] Entering safepoint region: RevokeBias
[2019-12-09T01:42:14.784+0000][1][safepoint    ] Leaving safepoint region
[2019-12-09T01:42:14.784+0000][1][safepoint    ] Total time for which application threads were stopped: 0.0000475 seconds, Stopping threads took: 0.0000083 seconds
[2019-12-09T01:42:14.784+0000][1][safepoint    ] Application time: 0.0000469 seconds
[2019-12-09T01:42:14.784+0000][1][safepoint    ] Entering safepoint region: RevokeBias
[2019-12-09T01:42:14.784+0000][1][safepoint    ] Leaving safepoint region
[2019-12-09T01:42:14.784+0000][1][safepoint    ] Total time for which application threads were stopped: 0.0000415 seconds, Stopping threads took: 0.0000077 seconds
[2019-12-09T01:42:14.784+0000][1][safepoint    ] Application time: 0.0000790 seconds
[2019-12-09T01:42:14.784+0000][1][safepoint    ] Entering safepoint region: RevokeBias
[2019-12-09T01:42:14.784+0000][1][safepoint    ] Leaving safepoint region
[2019-12-09T01:42:14.784+0000][1][safepoint    ] Total time for which application threads were stopped: 0.0000526 seconds, Stopping threads took: 0.0000156 seconds
[2019-12-09T01:42:14.784+0000][1][safepoint    ] Application time: 0.0000470 seconds
[2019-12-09T01:42:14.784+0000][1][safepoint    ] Entering safepoint region: RevokeBias
[2019-12-09T01:42:14.784+0000][1][safepoint    ] Leaving safepoint region
[2019-12-09T01:42:14.784+0000][1][safepoint    ] Total time for which application threads were stopped: 0.0000381 seconds, Stopping threads took: 0.0000075 seconds
[2019-12-09T01:42:14.784+0000][1][safepoint    ] Application time: 0.0000504 seconds
[2019-12-09T01:42:14.784+0000][1][safepoint    ] Entering safepoint region: RevokeBias
[2019-12-09T01:42:14.784+0000][1][safepoint    ] Leaving safepoint region
[2019-12-09T01:42:14.784+0000][1][safepoint    ] Total time for which application threads were stopped: 0.0000372 seconds, Stopping threads took: 0.0000068 seconds
[2019-12-09T01:42:14.785+0000][1][safepoint    ] Application time: 0.0000459 seconds
[2019-12-09T01:42:14.785+0000][1][safepoint    ] Entering safepoint region: RevokeBias
[2019-12-09T01:42:14.785+0000][1][safepoint    ] Leaving safepoint region
[2019-12-09T01:42:14.785+0000][1][safepoint    ] Total time for which application threads were stopped: 0.0000389 seconds, Stopping threads took: 0.0000074 seconds
[2019-12-09T01:42:14.785+0000][1][safepoint    ] Application time: 0.0000523 seconds
[2019-12-09T01:42:14.785+0000][1][safepoint    ] Entering safepoint region: RevokeBias
[2019-12-09T01:42:14.785+0000][1][safepoint    ] Leaving safepoint region
[2019-12-09T01:42:14.785+0000][1][safepoint    ] Total time for which application threads were stopped: 0.0000381 seconds, Stopping threads took: 0.0000073 seconds
[2019-12-09T01:42:14.785+0000][1][safepoint    ] Application time: 0.0000584 seconds
[2019-12-09T01:42:14.785+0000][1][safepoint    ] Entering safepoint region: RevokeBias
[2019-12-09T01:42:14.785+0000][1][safepoint    ] Leaving safepoint region
[2019-12-09T01:42:14.785+0000][1][safepoint    ] Total time for which application threads were stopped: 0.0000400 seconds, Stopping threads took: 0.0000072 seconds
[2019-12-09T01:42:14.785+0000][1][safepoint    ] Application time: 0.0000713 seconds
[2019-12-09T01:42:14.785+0000][1][safepoint    ] Entering safepoint region: RevokeBias
[2019-12-09T01:42:14.785+0000][1][safepoint    ] Leaving safepoint region
[2019-12-09T01:42:14.785+0000][1][safepoint    ] Total time for which application threads were stopped: 0.0000397 seconds, Stopping threads took: 0.0000066 seconds
[2019-12-09T01:42:14.785+0000][1][safepoint    ] Application time: 0.0000449 seconds
[2019-12-09T01:42:14.785+0000][1][safepoint    ] Entering safepoint region: RevokeBias
[2019-12-09T01:42:14.785+0000][1][safepoint    ] Leaving safepoint region
[2019-12-09T01:42:14.785+0000][1][safepoint    ] Total time for which application threads were stopped: 0.0000369 seconds, Stopping threads took: 0.0000071 seconds
[2019-12-09T01:42:14.785+0000][1][safepoint    ] Application time: 0.0003181 seconds
[2019-12-09T01:42:14.785+0000][1][safepoint    ] Entering safepoint region: RevokeBias
[2019-12-09T01:42:14.785+0000][1][safepoint    ] Leaving safepoint region
[2019-12-09T01:42:14.785+0000][1][safepoint    ] Total time for which application threads were stopped: 0.0000564 seconds, Stopping threads took: 0.0000085 seconds
[2019-12-09T01:42:14.785+0000][1][safepoint    ] Application time: 0.0000486 seconds
[2019-12-09T01:42:14.785+0000][1][safepoint    ] Entering safepoint region: RevokeBias
[2019-12-09T01:42:14.785+0000][1][safepoint    ] Leaving safepoint region
[2019-12-09T01:42:14.785+0000][1][safepoint    ] Total time for which application threads were stopped: 0.0000383 seconds, Stopping threads took: 0.0000065 seconds
[2019-12-09T01:42:14.786+0000][1][safepoint    ] Application time: 0.0000550 seconds
[2019-12-09T01:42:14.786+0000][1][safepoint    ] Entering safepoint region: RevokeBias
[2019-12-09T01:42:14.786+0000][1][safepoint    ] Leaving safepoint region
[2019-12-09T01:42:14.786+0000][1][safepoint    ] Total time for which application threads were stopped: 0.0000426 seconds, Stopping threads took: 0.0000126 seconds
[2019-12-09T01:42:14.786+0000][1][safepoint    ] Application time: 0.0000444 seconds
[2019-12-09T01:42:14.786+0000][1][safepoint    ] Entering safepoint region: RevokeBias
[2019-12-09T01:42:14.786+0000][1][safepoint    ] Leaving safepoint region
[2019-12-09T01:42:14.786+0000][1][safepoint    ] Total time for which application threads were stopped: 0.0000543 seconds, Stopping threads took: 0.0000065 seconds
[2019-12-09T01:42:14.816+0000][1][safepoint    ] Application time: 0.0301038 seconds
[2019-12-09T01:42:14.816+0000][1][safepoint    ] Entering safepoint region: RevokeBias
[2019-12-09T01:42:14.816+0000][1][safepoint    ] Leaving safepoint region
[2019-12-09T01:42:14.816+0000][1][safepoint    ] Total time for which application threads were stopped: 0.0000695 seconds, Stopping threads took: 0.0000107 seconds
[2019-12-09T01:42:15.369+0000][1][safepoint    ] Application time: 0.5532515 seconds
[2019-12-09T01:42:15.369+0000][1][safepoint    ] Entering safepoint region: RevokeBias
[2019-12-09T01:42:15.369+0000][1][safepoint    ] Leaving safepoint region
[2019-12-09T01:42:15.369+0000][1][safepoint    ] Total time for which application threads were stopped: 0.0000998 seconds, Stopping threads took: 0.0000122 seconds
[2019-12-09T01:42:15.369+0000][1][safepoint    ] Application time: 0.0000834 seconds
[2019-12-09T01:42:15.369+0000][1][safepoint    ] Entering safepoint region: RevokeBias
[2019-12-09T01:42:15.369+0000][1][safepoint    ] Leaving safepoint region
[2019-12-09T01:42:15.369+0000][1][safepoint    ] Total time for which application threads were stopped: 0.0000293 seconds, Stopping threads took: 0.0000079 seconds
[2019-12-09T01:42:15.840+0000][1][safepoint    ] Application time: 0.4710209 seconds
[2019-12-09T01:42:15.841+0000][1][safepoint    ] Entering safepoint region: Deoptimize
[2019-12-09T01:42:15.841+0000][1][safepoint    ] Leaving safepoint region
[2019-12-09T01:42:15.841+0000][1][safepoint    ] Total time for which application threads were stopped: 0.0004069 seconds, Stopping threads took: 0.0000152 seconds
[2019-12-09T01:42:16.857+0000][1][safepoint    ] Application time: 1.0157736 seconds
[2019-12-09T01:42:16.914+0000][1][safepoint    ] Entering safepoint region: Cleanup
[2019-12-09T01:42:16.914+0000][1][safepoint    ] Leaving safepoint region
[2019-12-09T01:42:16.914+0000][1][safepoint    ] Total time for which application threads were stopped: 0.0569222 seconds, Stopping threads took: 0.0568438 seconds
[2019-12-09T01:42:17.154+0000][1][safepoint    ] Application time: 0.2398950 seconds
[2019-12-09T01:42:17.154+0000][1][safepoint    ] Entering safepoint region: RevokeBias
[2019-12-09T01:42:17.154+0000][1][safepoint    ] Leaving safepoint region
[2019-12-09T01:42:17.154+0000][1][safepoint    ] Total time for which application threads were stopped: 0.0001134 seconds, Stopping threads took: 0.0000147 seconds
[2019-12-09T01:42:18.155+0000][1][safepoint    ] Application time: 1.0009786 seconds
[2019-12-09T01:42:18.155+0000][1][safepoint    ] Entering safepoint region: Cleanup
[2019-12-09T01:42:18.155+0000][1][safepoint    ] Leaving safepoint region
[2019-12-09T01:42:18.155+0000][1][safepoint    ] Total time for which application threads were stopped: 0.0000601 seconds, Stopping threads took: 0.0000144 seconds
[2019-12-09T01:42:18.892+0000][1][safepoint    ] Application time: 0.7372234 seconds
[2019-12-09T01:42:18.892+0000][1][safepoint    ] Entering safepoint region: GenCollectForAllocation
[2019-12-09T01:42:18.892+0000][1][gc,start     ] GC(1) Pause Young (Allocation Failure)
[2019-12-09T01:42:18.892+0000][1][gc,task      ] GC(1) Using 2 workers of 2 for evacuation
[2019-12-09T01:42:19.120+0000][1][gc,age       ] GC(1) Desired survivor size 4456448 bytes, new threshold 6 (max threshold 6)
[2019-12-09T01:42:19.120+0000][1][gc,age       ] GC(1) Age table with threshold 6 (max threshold 6)
[2019-12-09T01:42:19.120+0000][1][gc,age       ] GC(1) - age   1:    1220544 bytes,    1220544 total
[2019-12-09T01:42:19.120+0000][1][gc,heap      ] GC(1) ParNew: 76579K->4310K(78656K)
[2019-12-09T01:42:19.120+0000][1][gc,heap      ] GC(1) CMS: 0K->7047K(174784K)
[2019-12-09T01:42:19.120+0000][1][gc,metaspace ] GC(1) Metaspace: 14888K->14888K(1062912K)
[2019-12-09T01:42:19.120+0000][1][gc           ] GC(1) Pause Young (Allocation Failure) 74M->11M(247M) 227.878ms
[2019-12-09T01:42:19.120+0000][1][gc,cpu       ] GC(1) User=0.06s Sys=0.00s Real=0.23s
[2019-12-09T01:42:19.120+0000][1][safepoint    ] Leaving safepoint region
[2019-12-09T01:42:19.120+0000][1][safepoint    ] Total time for which application threads were stopped: 0.2280425 seconds, Stopping threads took: 0.0000157 seconds
[2019-12-09T01:42:19.125+0000][1][safepoint    ] Application time: 0.0050019 seconds
[2019-12-09T01:42:19.210+0000][1][safepoint    ] Entering safepoint region: BulkRevokeBias
[2019-12-09T01:42:19.210+0000][1][safepoint    ] Leaving safepoint region
[2019-12-09T01:42:19.210+0000][1][safepoint    ] Total time for which application threads were stopped: 0.0847369 seconds, Stopping threads took: 0.0845790 seconds
[2019-12-09T01:42:19.210+0000][1][safepoint    ] Application time: 0.0001565 seconds
[2019-12-09T01:42:19.210+0000][1][safepoint    ] Entering safepoint region: RevokeBias
[2019-12-09T01:42:19.210+0000][1][safepoint    ] Leaving safepoint region
[2019-12-09T01:42:19.210+0000][1][safepoint    ] Total time for which application threads were stopped: 0.0000658 seconds, Stopping threads took: 0.0000100 seconds
[2019-12-09T01:42:19.210+0000][1][safepoint    ] Application time: 0.0000948 seconds
[2019-12-09T01:42:19.210+0000][1][safepoint    ] Entering safepoint region: RevokeBias
[2019-12-09T01:42:19.210+0000][1][safepoint    ] Leaving safepoint region
[2019-12-09T01:42:19.210+0000][1][safepoint    ] Total time for which application threads were stopped: 0.0000626 seconds, Stopping threads took: 0.0000089 seconds
[2019-12-09T01:42:19.210+0000][1][safepoint    ] Application time: 0.0000540 seconds
[2019-12-09T01:42:19.210+0000][1][safepoint    ] Entering safepoint region: RevokeBias
[2019-12-09T01:42:19.210+0000][1][safepoint    ] Leaving safepoint region
[2019-12-09T01:42:19.210+0000][1][safepoint    ] Total time for which application threads were stopped: 0.0000586 seconds, Stopping threads took: 0.0000085 seconds
[2019-12-09T01:42:19.211+0000][1][safepoint    ] Application time: 0.0000649 seconds
[2019-12-09T01:42:19.211+0000][1][safepoint    ] Entering safepoint region: RevokeBias
[2019-12-09T01:42:19.211+0000][1][safepoint    ] Leaving safepoint region
[2019-12-09T01:42:19.211+0000][1][safepoint    ] Total time for which application threads were stopped: 0.0000599 seconds, Stopping threads took: 0.0000078 seconds
[2019-12-09T01:42:19.211+0000][1][safepoint    ] Application time: 0.0000525 seconds
[2019-12-09T01:42:19.211+0000][1][safepoint    ] Entering safepoint region: RevokeBias
[2019-12-09T01:42:19.211+0000][1][safepoint    ] Leaving safepoint region
[2019-12-09T01:42:19.211+0000][1][safepoint    ] Total time for which application threads were stopped: 0.0000772 seconds, Stopping threads took: 0.0000261 seconds
[2019-12-09T01:42:19.211+0000][1][safepoint    ] Application time: 0.0000696 seconds
[2019-12-09T01:42:19.211+0000][1][safepoint    ] Entering safepoint region: BulkRevokeBias
[2019-12-09T01:42:19.211+0000][1][safepoint    ] Leaving safepoint region
[2019-12-09T01:42:19.211+0000][1][safepoint    ] Total time for which application threads were stopped: 0.0000833 seconds, Stopping threads took: 0.0000084 seconds
[2019-12-09T01:42:19.211+0000][1][safepoint    ] Application time: 0.0000569 seconds
[2019-12-09T01:42:19.211+0000][1][safepoint    ] Entering safepoint region: RevokeBias
[2019-12-09T01:42:19.211+0000][1][safepoint    ] Leaving safepoint region
[2019-12-09T01:42:19.211+0000][1][safepoint    ] Total time for which application threads were stopped: 0.0000573 seconds, Stopping threads took: 0.0000087 seconds
[2019-12-09T01:42:19.211+0000][1][safepoint    ] Application time: 0.0000613 seconds
[2019-12-09T01:42:19.211+0000][1][safepoint    ] Entering safepoint region: BulkRevokeBias
[2019-12-09T01:42:19.211+0000][1][safepoint    ] Leaving safepoint region
[2019-12-09T01:42:19.211+0000][1][safepoint    ] Total time for which application threads were stopped: 0.0000823 seconds, Stopping threads took: 0.0000087 seconds
[2019-12-09T01:42:20.228+0000][1][safepoint    ] Application time: 1.0164816 seconds
[2019-12-09T01:42:20.272+0000][1][safepoint    ] Entering safepoint region: Cleanup
[2019-12-09T01:42:20.272+0000][1][safepoint    ] Leaving safepoint region
[2019-12-09T01:42:20.272+0000][1][safepoint    ] Total time for which application threads were stopped: 0.0442880 seconds, Stopping threads took: 0.0441848 seconds
[2019-12-09T01:42:20.528+0000][1][safepoint    ] Application time: 0.2558371 seconds
[2019-12-09T01:42:20.528+0000][1][safepoint    ] Entering safepoint region: GenCollectForAllocation
[2019-12-09T01:42:20.528+0000][1][gc,start     ] GC(2) Pause Young (Allocation Failure)
[2019-12-09T01:42:20.528+0000][1][gc,task      ] GC(2) Using 2 workers of 2 for evacuation
[2019-12-09T01:42:20.609+0000][1][gc,age       ] GC(2) Desired survivor size 4456448 bytes, new threshold 6 (max threshold 6)
[2019-12-09T01:42:20.609+0000][1][gc,age       ] GC(2) Age table with threshold 6 (max threshold 6)
[2019-12-09T01:42:20.609+0000][1][gc,age       ] GC(2) - age   1:    1082288 bytes,    1082288 total
[2019-12-09T01:42:20.609+0000][1][gc,age       ] GC(2) - age   2:     950720 bytes,    2033008 total
[2019-12-09T01:42:20.609+0000][1][gc,heap      ] GC(2) ParNew: 74262K->2363K(78656K)
[2019-12-09T01:42:20.609+0000][1][gc,heap      ] GC(2) CMS: 7047K->7047K(174784K)
[2019-12-09T01:42:20.609+0000][1][gc,metaspace ] GC(2) Metaspace: 15001K->15001K(1062912K)
[2019-12-09T01:42:20.609+0000][1][gc           ] GC(2) Pause Young (Allocation Failure) 79M->9M(247M) 81.418ms
[2019-12-09T01:42:20.609+0000][1][gc,cpu       ] GC(2) User=0.02s Sys=0.00s Real=0.08s
[2019-12-09T01:42:20.609+0000][1][safepoint    ] Leaving safepoint region
[2019-12-09T01:42:20.609+0000][1][safepoint    ] Total time for which application threads were stopped: 0.0815447 seconds, Stopping threads took: 0.0000131 seconds
[2019-12-09T01:42:20.612+0000][1][safepoint    ] Application time: 0.0024130 seconds
[2019-12-09T01:42:20.632+0000][1][safepoint    ] Entering safepoint region: RevokeBias
[2019-12-09T01:42:20.632+0000][1][safepoint    ] Leaving safepoint region
[2019-12-09T01:42:20.632+0000][1][safepoint    ] Total time for which application threads were stopped: 0.0199782 seconds, Stopping threads took: 0.0199030 seconds
[2019-12-09T01:42:20.632+0000][1][safepoint    ] Application time: 0.0000762 seconds
[2019-12-09T01:42:20.632+0000][1][safepoint    ] Entering safepoint region: RevokeBias
[2019-12-09T01:42:20.632+0000][1][safepoint    ] Leaving safepoint region
[2019-12-09T01:42:20.632+0000][1][safepoint    ] Total time for which application threads were stopped: 0.0000620 seconds, Stopping threads took: 0.0000107 seconds
[2019-12-09T01:42:20.632+0000][1][safepoint    ] Application time: 0.0000696 seconds
[2019-12-09T01:42:20.632+0000][1][safepoint    ] Entering safepoint region: RevokeBias
[2019-12-09T01:42:20.632+0000][1][safepoint    ] Leaving safepoint region
[2019-12-09T01:42:20.632+0000][1][safepoint    ] Total time for which application threads were stopped: 0.0000567 seconds, Stopping threads took: 0.0000092 seconds
[2019-12-09T01:42:20.632+0000][1][safepoint    ] Application time: 0.0000519 seconds
[2019-12-09T01:42:20.632+0000][1][safepoint    ] Entering safepoint region: RevokeBias
[2019-12-09T01:42:20.632+0000][1][safepoint    ] Leaving safepoint region
[2019-12-09T01:42:20.632+0000][1][safepoint    ] Total time for which application threads were stopped: 0.0000500 seconds, Stopping threads took: 0.0000087 seconds
[2019-12-09T01:42:20.632+0000][1][safepoint    ] Application time: 0.0000606 seconds
[2019-12-09T01:42:20.632+0000][1][safepoint    ] Entering safepoint region: RevokeBias
[2019-12-09T01:42:20.632+0000][1][safepoint    ] Leaving safepoint region
[2019-12-09T01:42:20.632+0000][1][safepoint    ] Total time for which application threads were stopped: 0.0000641 seconds, Stopping threads took: 0.0000191 seconds
[2019-12-09T01:42:20.633+0000][1][safepoint    ] Application time: 0.0000540 seconds
[2019-12-09T01:42:20.633+0000][1][safepoint    ] Entering safepoint region: RevokeBias
[2019-12-09T01:42:20.633+0000][1][safepoint    ] Leaving safepoint region
[2019-12-09T01:42:20.633+0000][1][safepoint    ] Total time for which application threads were stopped: 0.0000515 seconds, Stopping threads took: 0.0000079 seconds
[2019-12-09T01:42:20.633+0000][1][safepoint    ] Application time: 0.0000617 seconds
[2019-12-09T01:42:20.633+0000][1][safepoint    ] Entering safepoint region: RevokeBias
[2019-12-09T01:42:20.633+0000][1][safepoint    ] Leaving safepoint region
[2019-12-09T01:42:20.633+0000][1][safepoint    ] Total time for which application threads were stopped: 0.0000726 seconds, Stopping threads took: 0.0000087 seconds
[2019-12-09T01:42:20.633+0000][1][safepoint    ] Application time: 0.0000534 seconds
[2019-12-09T01:42:20.633+0000][1][safepoint    ] Entering safepoint region: RevokeBias
[2019-12-09T01:42:20.633+0000][1][safepoint    ] Leaving safepoint region
[2019-12-09T01:42:20.633+0000][1][safepoint    ] Total time for which application threads were stopped: 0.0000443 seconds, Stopping threads took: 0.0000070 seconds
[2019-12-09T01:42:20.633+0000][1][safepoint    ] Application time: 0.0000575 seconds
[2019-12-09T01:42:20.633+0000][1][safepoint    ] Entering safepoint region: RevokeBias
[2019-12-09T01:42:20.633+0000][1][safepoint    ] Leaving safepoint region
[2019-12-09T01:42:20.633+0000][1][safepoint    ] Total time for which application threads were stopped: 0.0000500 seconds, Stopping threads took: 0.0000074 seconds
[2019-12-09T01:42:20.633+0000][1][safepoint    ] Application time: 0.0000512 seconds
[2019-12-09T01:42:20.633+0000][1][safepoint    ] Entering safepoint region: RevokeBias
[2019-12-09T01:42:20.633+0000][1][safepoint    ] Leaving safepoint region
[2019-12-09T01:42:20.633+0000][1][safepoint    ] Total time for which application threads were stopped: 0.0000497 seconds, Stopping threads took: 0.0000076 seconds
[2019-12-09T01:42:20.633+0000][1][safepoint    ] Application time: 0.0000601 seconds
[2019-12-09T01:42:20.633+0000][1][safepoint    ] Entering safepoint region: RevokeBias
[2019-12-09T01:42:20.633+0000][1][safepoint    ] Leaving safepoint region
[2019-12-09T01:42:20.633+0000][1][safepoint    ] Total time for which application threads were stopped: 0.0000480 seconds, Stopping threads took: 0.0000073 seconds
[2019-12-09T01:42:20.633+0000][1][safepoint    ] Application time: 0.0000505 seconds
[2019-12-09T01:42:20.633+0000][1][safepoint    ] Entering safepoint region: RevokeBias
[2019-12-09T01:42:20.633+0000][1][safepoint    ] Leaving safepoint region
[2019-12-09T01:42:20.633+0000][1][safepoint    ] Total time for which application threads were stopped: 0.0000463 seconds, Stopping threads took: 0.0000075 seconds
[2019-12-09T01:42:20.633+0000][1][safepoint    ] Application time: 0.0000600 seconds
[2019-12-09T01:42:20.633+0000][1][safepoint    ] Entering safepoint region: RevokeBias
[2019-12-09T01:42:20.633+0000][1][safepoint    ] Leaving safepoint region
[2019-12-09T01:42:20.633+0000][1][safepoint    ] Total time for which application threads were stopped: 0.0000467 seconds, Stopping threads took: 0.0000075 seconds
[2019-12-09T01:42:20.633+0000][1][safepoint    ] Application time: 0.0000521 seconds
[2019-12-09T01:42:20.633+0000][1][safepoint    ] Entering safepoint region: RevokeBias
[2019-12-09T01:42:20.634+0000][1][safepoint    ] Leaving safepoint region
[2019-12-09T01:42:20.634+0000][1][safepoint    ] Total time for which application threads were stopped: 0.0000492 seconds, Stopping threads took: 0.0000080 seconds
[2019-12-09T01:42:20.634+0000][1][safepoint    ] Application time: 0.0000586 seconds
[2019-12-09T01:42:20.634+0000][1][safepoint    ] Entering safepoint region: RevokeBias
[2019-12-09T01:42:20.634+0000][1][safepoint    ] Leaving safepoint region
[2019-12-09T01:42:20.634+0000][1][safepoint    ] Total time for which application threads were stopped: 0.0000701 seconds, Stopping threads took: 0.0000141 seconds
[2019-12-09T01:42:20.634+0000][1][safepoint    ] Application time: 0.0000536 seconds
[2019-12-09T01:42:20.634+0000][1][safepoint    ] Entering safepoint region: RevokeBias
[2019-12-09T01:42:20.634+0000][1][safepoint    ] Leaving safepoint region
[2019-12-09T01:42:20.634+0000][1][safepoint    ] Total time for which application threads were stopped: 0.0000524 seconds, Stopping threads took: 0.0000079 seconds
[2019-12-09T01:42:20.634+0000][1][safepoint    ] Application time: 0.0000606 seconds
[2019-12-09T01:42:20.634+0000][1][safepoint    ] Entering safepoint region: RevokeBias
[2019-12-09T01:42:20.634+0000][1][safepoint    ] Leaving safepoint region
[2019-12-09T01:42:20.634+0000][1][safepoint    ] Total time for which application threads were stopped: 0.0000521 seconds, Stopping threads took: 0.0000087 seconds
[2019-12-09T01:42:20.634+0000][1][safepoint    ] Application time: 0.0000537 seconds
[2019-12-09T01:42:20.634+0000][1][safepoint    ] Entering safepoint region: RevokeBias
[2019-12-09T01:42:20.634+0000][1][safepoint    ] Leaving safepoint region
[2019-12-09T01:42:20.634+0000][1][safepoint    ] Total time for which application threads were stopped: 0.0000479 seconds, Stopping threads took: 0.0000080 seconds
[2019-12-09T01:42:21.858+0000][1][safepoint    ] Application time: 1.2236461 seconds
[2019-12-09T01:42:21.858+0000][1][safepoint    ] Entering safepoint region: Cleanup
[2019-12-09T01:42:21.858+0000][1][safepoint    ] Leaving safepoint region
[2019-12-09T01:42:21.858+0000][1][safepoint    ] Total time for which application threads were stopped: 0.0001214 seconds, Stopping threads took: 0.0000138 seconds
[2019-12-09T01:42:21.995+0000][1][safepoint    ] Application time: 0.1368978 seconds
[2019-12-09T01:42:21.995+0000][1][safepoint    ] Entering safepoint region: Deoptimize
[2019-12-09T01:42:21.995+0000][1][safepoint    ] Leaving safepoint region
[2019-12-09T01:42:21.995+0000][1][safepoint    ] Total time for which application threads were stopped: 0.0003721 seconds, Stopping threads took: 0.0000142 seconds
[2019-12-09T01:42:21.996+0000][1][safepoint    ] Application time: 0.0005481 seconds
[2019-12-09T01:42:21.996+0000][1][safepoint    ] Entering safepoint region: Deoptimize
[2019-12-09T01:42:21.996+0000][1][safepoint    ] Leaving safepoint region
[2019-12-09T01:42:21.996+0000][1][safepoint    ] Total time for which application threads were stopped: 0.0003144 seconds, Stopping threads took: 0.0000120 seconds
[2019-12-09T01:42:23.010+0000][1][safepoint    ] Application time: 1.0137267 seconds
[2019-12-09T01:42:23.015+0000][1][safepoint    ] Entering safepoint region: Cleanup
[2019-12-09T01:42:23.015+0000][1][safepoint    ] Leaving safepoint region
[2019-12-09T01:42:23.015+0000][1][safepoint    ] Total time for which application threads were stopped: 0.0052961 seconds, Stopping threads took: 0.0052172 seconds
[2019-12-09T01:42:24.031+0000][1][safepoint    ] Application time: 1.0155362 seconds
[2019-12-09T01:42:24.113+0000][1][safepoint    ] Entering safepoint region: Cleanup
[2019-12-09T01:42:24.113+0000][1][safepoint    ] Leaving safepoint region
[2019-12-09T01:42:24.113+0000][1][safepoint    ] Total time for which application threads were stopped: 0.0826598 seconds, Stopping threads took: 0.0825889 seconds
[2019-12-09T01:42:24.480+0000][1][safepoint    ] Application time: 0.3663027 seconds
[2019-12-09T01:42:24.480+0000][1][safepoint    ] Entering safepoint region: GenCollectForAllocation
[2019-12-09T01:42:24.480+0000][1][gc,start     ] GC(3) Pause Young (Allocation Failure)
[2019-12-09T01:42:24.480+0000][1][gc,task      ] GC(3) Using 2 workers of 2 for evacuation
[2019-12-09T01:42:24.635+0000][1][gc,age       ] GC(3) Desired survivor size 4456448 bytes, new threshold 3 (max threshold 6)
[2019-12-09T01:42:24.635+0000][1][gc,age       ] GC(3) Age table with threshold 3 (max threshold 6)
[2019-12-09T01:42:24.635+0000][1][gc,age       ] GC(3) - age   1:    3211376 bytes,    3211376 total
[2019-12-09T01:42:24.635+0000][1][gc,age       ] GC(3) - age   2:    1065016 bytes,    4276392 total
[2019-12-09T01:42:24.635+0000][1][gc,age       ] GC(3) - age   3:     948544 bytes,    5224936 total
[2019-12-09T01:42:24.635+0000][1][gc,heap      ] GC(3) ParNew: 72315K->6105K(78656K)
[2019-12-09T01:42:24.635+0000][1][gc,heap      ] GC(3) CMS: 7047K->7047K(174784K)
[2019-12-09T01:42:24.635+0000][1][gc,metaspace ] GC(3) Metaspace: 18548K->18548K(1067008K)
[2019-12-09T01:42:24.635+0000][1][gc           ] GC(3) Pause Young (Allocation Failure) 77M->12M(247M) 155.186ms
[2019-12-09T01:42:24.635+0000][1][gc,cpu       ] GC(3) User=0.03s Sys=0.00s Real=0.16s
[2019-12-09T01:42:24.635+0000][1][safepoint    ] Leaving safepoint region
[2019-12-09T01:42:24.635+0000][1][safepoint    ] Total time for which application threads were stopped: 0.1553177 seconds, Stopping threads took: 0.0000158 seconds
[2019-12-09T01:42:24.666+0000][1][safepoint    ] Application time: 0.0308431 seconds
[2019-12-09T01:42:24.742+0000][1][safepoint    ] Entering safepoint region: BulkRevokeBias
[2019-12-09T01:42:24.742+0000][1][safepoint    ] Leaving safepoint region
[2019-12-09T01:42:24.742+0000][1][safepoint    ] Total time for which application threads were stopped: 0.0759182 seconds, Stopping threads took: 0.0757843 seconds
[2019-12-09T01:42:24.742+0000][1][safepoint    ] Application time: 0.0001297 seconds
[2019-12-09T01:42:24.742+0000][1][safepoint    ] Entering safepoint region: RevokeBias
[2019-12-09T01:42:24.742+0000][1][safepoint    ] Leaving safepoint region
[2019-12-09T01:42:24.742+0000][1][safepoint    ] Total time for which application threads were stopped: 0.0000555 seconds, Stopping threads took: 0.0000087 seconds
[2019-12-09T01:42:24.753+0000][1][safepoint    ] Application time: 0.0109152 seconds
[2019-12-09T01:42:24.818+0000][1][safepoint    ] Entering safepoint region: RevokeBias
[2019-12-09T01:42:24.818+0000][1][safepoint    ] Leaving safepoint region
[2019-12-09T01:42:24.818+0000][1][safepoint    ] Total time for which application threads were stopped: 0.0648468 seconds, Stopping threads took: 0.0647540 seconds
[2019-12-09T01:42:24.820+0000][1][safepoint    ] Application time: 0.0025320 seconds
[2019-12-09T01:42:24.820+0000][1][safepoint    ] Entering safepoint region: RevokeBias
[2019-12-09T01:42:24.820+0000][1][safepoint    ] Leaving safepoint region
[2019-12-09T01:42:24.821+0000][1][safepoint    ] Total time for which application threads were stopped: 0.0000709 seconds, Stopping threads took: 0.0000097 seconds
[2019-12-09T01:42:24.821+0000][1][safepoint    ] Application time: 0.0000412 seconds
[2019-12-09T01:42:24.821+0000][1][safepoint    ] Entering safepoint region: RevokeBias
[2019-12-09T01:42:24.821+0000][1][safepoint    ] Leaving safepoint region
[2019-12-09T01:42:24.821+0000][1][safepoint    ] Total time for which application threads were stopped: 0.0000450 seconds, Stopping threads took: 0.0000066 seconds
[2019-12-09T01:42:24.821+0000][1][safepoint    ] Application time: 0.0000340 seconds
[2019-12-09T01:42:24.821+0000][1][safepoint    ] Entering safepoint region: RevokeBias
[2019-12-09T01:42:24.821+0000][1][safepoint    ] Leaving safepoint region
[2019-12-09T01:42:24.821+0000][1][safepoint    ] Total time for which application threads were stopped: 0.0000637 seconds, Stopping threads took: 0.0000069 seconds
[2019-12-09T01:42:24.821+0000][1][safepoint    ] Application time: 0.0000406 seconds
[2019-12-09T01:42:24.821+0000][1][safepoint    ] Entering safepoint region: RevokeBias
[2019-12-09T01:42:24.821+0000][1][safepoint    ] Leaving safepoint region
[2019-12-09T01:42:24.821+0000][1][safepoint    ] Total time for which application threads were stopped: 0.0000445 seconds, Stopping threads took: 0.0000068 seconds
[2019-12-09T01:42:25.823+0000][1][safepoint    ] Application time: 1.0018956 seconds
[2019-12-09T01:42:25.954+0000][1][safepoint    ] Entering safepoint region: Cleanup
[2019-12-09T01:42:25.954+0000][1][safepoint    ] Leaving safepoint region
[2019-12-09T01:42:25.954+0000][1][safepoint    ] Total time for which application threads were stopped: 0.1310915 seconds, Stopping threads took: 0.1310310 seconds
[2019-12-09T01:42:25.972+0000][1][safepoint    ] Application time: 0.0178618 seconds
[2019-12-09T01:42:25.972+0000][1][safepoint    ] Entering safepoint region: GenCollectForAllocation
[2019-12-09T01:42:25.972+0000][1][gc,start     ] GC(4) Pause Young (Allocation Failure)
[2019-12-09T01:42:25.972+0000][1][gc,task      ] GC(4) Using 2 workers of 2 for evacuation
[2019-12-09T01:42:25.988+0000][1][gc,age       ] GC(4) Desired survivor size 4456448 bytes, new threshold 2 (max threshold 6)
[2019-12-09T01:42:25.988+0000][1][gc,age       ] GC(4) Age table with threshold 2 (max threshold 6)
[2019-12-09T01:42:25.988+0000][1][gc,age       ] GC(4) - age   1:    1999472 bytes,    1999472 total
[2019-12-09T01:42:25.988+0000][1][gc,age       ] GC(4) - age   2:    2648592 bytes,    4648064 total
[2019-12-09T01:42:25.988+0000][1][gc,age       ] GC(4) - age   3:    1065016 bytes,    5713080 total
[2019-12-09T01:42:25.988+0000][1][gc,heap      ] GC(4) ParNew: 76057K->7738K(78656K)
[2019-12-09T01:42:25.988+0000][1][gc,heap      ] GC(4) CMS: 7047K->7987K(174784K)
[2019-12-09T01:42:25.988+0000][1][gc,metaspace ] GC(4) Metaspace: 18763K->18763K(1067008K)
[2019-12-09T01:42:25.988+0000][1][gc           ] GC(4) Pause Young (Allocation Failure) 81M->15M(247M) 16.235ms
[2019-12-09T01:42:25.988+0000][1][gc,cpu       ] GC(4) User=0.02s Sys=0.00s Real=0.02s
[2019-12-09T01:42:25.988+0000][1][safepoint    ] Leaving safepoint region
[2019-12-09T01:42:25.988+0000][1][safepoint    ] Total time for which application threads were stopped: 0.0163551 seconds, Stopping threads took: 0.0000132 seconds
[2019-12-09T01:42:25.993+0000][1][safepoint    ] Application time: 0.0046692 seconds
[2019-12-09T01:42:26.045+0000][1][safepoint    ] Entering safepoint region: RevokeBias
[2019-12-09T01:42:26.045+0000][1][safepoint    ] Leaving safepoint region
[2019-12-09T01:42:26.045+0000][1][safepoint    ] Total time for which application threads were stopped: 0.0523743 seconds, Stopping threads took: 0.0522983 seconds
[2019-12-09T01:42:26.045+0000][1][safepoint    ] Application time: 0.0000743 seconds
[2019-12-09T01:42:26.045+0000][1][safepoint    ] Entering safepoint region: RevokeBias
[2019-12-09T01:42:26.045+0000][1][safepoint    ] Leaving safepoint region
[2019-12-09T01:42:26.045+0000][1][safepoint    ] Total time for which application threads were stopped: 0.0000622 seconds, Stopping threads took: 0.0000180 seconds
[2019-12-09T01:42:26.045+0000][1][safepoint    ] Application time: 0.0000822 seconds
[2019-12-09T01:42:26.045+0000][1][safepoint    ] Entering safepoint region: RevokeBias
[2019-12-09T01:42:26.045+0000][1][safepoint    ] Leaving safepoint region
[2019-12-09T01:42:26.045+0000][1][safepoint    ] Total time for which application threads were stopped: 0.0000624 seconds, Stopping threads took: 0.0000073 seconds
[2019-12-09T01:42:26.046+0000][1][safepoint    ] Application time: 0.0000666 seconds
[2019-12-09T01:42:26.046+0000][1][safepoint    ] Entering safepoint region: RevokeBias
[2019-12-09T01:42:26.046+0000][1][safepoint    ] Leaving safepoint region
[2019-12-09T01:42:26.046+0000][1][safepoint    ] Total time for which application threads were stopped: 0.0000408 seconds, Stopping threads took: 0.0000068 seconds
[2019-12-09T01:42:26.146+0000][1][safepoint    ] Application time: 0.1003255 seconds
[2019-12-09T01:42:26.146+0000][1][safepoint    ] Entering safepoint region: Deoptimize
[2019-12-09T01:42:26.146+0000][1][safepoint    ] Leaving safepoint region
[2019-12-09T01:42:26.146+0000][1][safepoint    ] Total time for which application threads were stopped: 0.0003849 seconds, Stopping threads took: 0.0000135 seconds
[2019-12-09T01:42:26.583+0000][1][safepoint    ] Application time: 0.4361210 seconds
[2019-12-09T01:42:26.583+0000][1][safepoint    ] Entering safepoint region: Deoptimize
[2019-12-09T01:42:26.583+0000][1][safepoint    ] Leaving safepoint region
[2019-12-09T01:42:26.583+0000][1][safepoint    ] Total time for which application threads were stopped: 0.0004250 seconds, Stopping threads took: 0.0000122 seconds
[2019-12-09T01:42:26.624+0000][1][safepoint    ] Application time: 0.0411316 seconds
[2019-12-09T01:42:26.624+0000][1][safepoint    ] Entering safepoint region: RevokeBias
[2019-12-09T01:42:26.624+0000][1][safepoint    ] Leaving safepoint region
[2019-12-09T01:42:26.624+0000][1][safepoint    ] Total time for which application threads were stopped: 0.0000772 seconds, Stopping threads took: 0.0000132 seconds
[2019-12-09T01:42:27.222+0000][1][safepoint    ] Application time: 0.5975258 seconds
[2019-12-09T01:42:27.222+0000][1][safepoint    ] Entering safepoint region: RevokeBias
[2019-12-09T01:42:27.222+0000][1][safepoint    ] Leaving safepoint region
[2019-12-09T01:42:27.222+0000][1][safepoint    ] Total time for which application threads were stopped: 0.0000853 seconds, Stopping threads took: 0.0000148 seconds
[2019-12-09T01:42:27.720+0000][1][safepoint    ] Application time: 0.4978385 seconds
[2019-12-09T01:42:27.720+0000][1][safepoint    ] Entering safepoint region: GenCollectForAllocation
[2019-12-09T01:42:27.720+0000][1][gc,start     ] GC(5) Pause Young (Allocation Failure)
[2019-12-09T01:42:27.720+0000][1][gc,task      ] GC(5) Using 2 workers of 2 for evacuation
[2019-12-09T01:42:27.913+0000][1][gc,age       ] GC(5) Desired survivor size 4456448 bytes, new threshold 6 (max threshold 6)
[2019-12-09T01:42:27.913+0000][1][gc,age       ] GC(5) Age table with threshold 6 (max threshold 6)
[2019-12-09T01:42:27.913+0000][1][gc,age       ] GC(5) - age   1:    2880952 bytes,    2880952 total
[2019-12-09T01:42:27.913+0000][1][gc,age       ] GC(5) - age   2:     442424 bytes,    3323376 total
[2019-12-09T01:42:27.913+0000][1][gc,heap      ] GC(5) ParNew: 77690K->5151K(78656K)
[2019-12-09T01:42:27.913+0000][1][gc,heap      ] GC(5) CMS: 7987K->11644K(174784K)
[2019-12-09T01:42:27.913+0000][1][gc,metaspace ] GC(5) Metaspace: 19097K->19097K(1067008K)
[2019-12-09T01:42:27.913+0000][1][gc           ] GC(5) Pause Young (Allocation Failure) 83M->16M(247M) 193.322ms
[2019-12-09T01:42:27.913+0000][1][gc,cpu       ] GC(5) User=0.05s Sys=0.00s Real=0.19s
[2019-12-09T01:42:27.913+0000][1][safepoint    ] Leaving safepoint region
[2019-12-09T01:42:27.913+0000][1][safepoint    ] Total time for which application threads were stopped: 0.1934548 seconds, Stopping threads took: 0.0000135 seconds
[2019-12-09T01:42:27.936+0000][1][safepoint    ] Application time: 0.0225592 seconds
[2019-12-09T01:42:28.040+0000][1][safepoint    ] Entering safepoint region: RevokeBias
[2019-12-09T01:42:28.040+0000][1][safepoint    ] Leaving safepoint region
[2019-12-09T01:42:28.040+0000][1][safepoint    ] Total time for which application threads were stopped: 0.1041992 seconds, Stopping threads took: 0.1041302 seconds
[2019-12-09T01:42:28.042+0000][1][safepoint    ] Application time: 0.0017149 seconds
[2019-12-09T01:42:28.042+0000][1][safepoint    ] Entering safepoint region: RevokeBias
[2019-12-09T01:42:28.042+0000][1][safepoint    ] Leaving safepoint region
[2019-12-09T01:42:28.042+0000][1][safepoint    ] Total time for which application threads were stopped: 0.0001093 seconds, Stopping threads took: 0.0000380 seconds
[2019-12-09T01:42:28.042+0000][1][safepoint    ] Application time: 0.0000698 seconds
[2019-12-09T01:42:28.042+0000][1][safepoint    ] Entering safepoint region: RevokeBias
[2019-12-09T01:42:28.042+0000][1][safepoint    ] Leaving safepoint region
[2019-12-09T01:42:28.042+0000][1][safepoint    ] Total time for which application threads were stopped: 0.0000561 seconds, Stopping threads took: 0.0000076 seconds
[2019-12-09T01:42:28.042+0000][1][safepoint    ] Application time: 0.0000486 seconds
[2019-12-09T01:42:28.042+0000][1][safepoint    ] Entering safepoint region: RevokeBias
[2019-12-09T01:42:28.042+0000][1][safepoint    ] Leaving safepoint region
[2019-12-09T01:42:28.042+0000][1][safepoint    ] Total time for which application threads were stopped: 0.0000516 seconds, Stopping threads took: 0.0000071 seconds
[2019-12-09T01:42:28.042+0000][1][safepoint    ] Application time: 0.0000724 seconds
[2019-12-09T01:42:28.042+0000][1][safepoint    ] Entering safepoint region: RevokeBias
[2019-12-09T01:42:28.042+0000][1][safepoint    ] Leaving safepoint region
[2019-12-09T01:42:28.042+0000][1][safepoint    ] Total time for which application threads were stopped: 0.0000922 seconds, Stopping threads took: 0.0000106 seconds
[2019-12-09T01:42:28.042+0000][1][safepoint    ] Application time: 0.0000701 seconds
[2019-12-09T01:42:28.042+0000][1][safepoint    ] Entering safepoint region: RevokeBias
[2019-12-09T01:42:28.042+0000][1][safepoint    ] Leaving safepoint region
[2019-12-09T01:42:28.042+0000][1][safepoint    ] Total time for which application threads were stopped: 0.0000704 seconds, Stopping threads took: 0.0000081 seconds
[2019-12-09T01:42:28.914+0000][1][safepoint    ] Application time: 0.8716085 seconds
[2019-12-09T01:42:28.914+0000][1][safepoint    ] Entering safepoint region: RevokeBias
[2019-12-09T01:42:28.914+0000][1][safepoint    ] Leaving safepoint region
[2019-12-09T01:42:28.914+0000][1][safepoint    ] Total time for which application threads were stopped: 0.0000703 seconds, Stopping threads took: 0.0000141 seconds
[2019-12-09T01:42:28.925+0000][1][safepoint    ] Application time: 0.0107181 seconds
[2019-12-09T01:42:28.925+0000][1][safepoint    ] Entering safepoint region: RevokeBias
[2019-12-09T01:42:28.925+0000][1][safepoint    ] Leaving safepoint region
[2019-12-09T01:42:28.925+0000][1][safepoint    ] Total time for which application threads were stopped: 0.0000587 seconds, Stopping threads took: 0.0000129 seconds
[2019-12-09T01:42:29.197+0000][1][safepoint    ] Application time: 0.2722585 seconds
[2019-12-09T01:42:29.197+0000][1][safepoint    ] Entering safepoint region: GenCollectForAllocation
[2019-12-09T01:42:29.197+0000][1][gc,start     ] GC(6) Pause Young (Allocation Failure)
[2019-12-09T01:42:29.197+0000][1][gc,task      ] GC(6) Using 2 workers of 2 for evacuation
[2019-12-09T01:42:29.271+0000][1][gc,age       ] GC(6) Desired survivor size 4456448 bytes, new threshold 6 (max threshold 6)
[2019-12-09T01:42:29.271+0000][1][gc,age       ] GC(6) Age table with threshold 6 (max threshold 6)
[2019-12-09T01:42:29.271+0000][1][gc,age       ] GC(6) - age   1:    1578584 bytes,    1578584 total
[2019-12-09T01:42:29.271+0000][1][gc,age       ] GC(6) - age   2:    2191096 bytes,    3769680 total
[2019-12-09T01:42:29.271+0000][1][gc,age       ] GC(6) - age   3:     442424 bytes,    4212104 total
[2019-12-09T01:42:29.271+0000][1][gc,heap      ] GC(6) ParNew: 75103K->5583K(78656K)
[2019-12-09T01:42:29.271+0000][1][gc,heap      ] GC(6) CMS: 11644K->11644K(174784K)
[2019-12-09T01:42:29.271+0000][1][gc,metaspace ] GC(6) Metaspace: 19403K->19403K(1067008K)
[2019-12-09T01:42:29.271+0000][1][gc           ] GC(6) Pause Young (Allocation Failure) 84M->16M(247M) 73.540ms
[2019-12-09T01:42:29.271+0000][1][gc,cpu       ] GC(6) User=0.02s Sys=0.00s Real=0.07s
[2019-12-09T01:42:29.271+0000][1][safepoint    ] Leaving safepoint region
[2019-12-09T01:42:29.271+0000][1][safepoint    ] Total time for which application threads were stopped: 0.0736687 seconds, Stopping threads took: 0.0000153 seconds
[2019-12-09T01:42:29.277+0000][1][safepoint    ] Application time: 0.0057848 seconds
[2019-12-09T01:42:29.277+0000][1][safepoint    ] Entering safepoint region: RevokeBias
[2019-12-09T01:42:29.277+0000][1][safepoint    ] Leaving safepoint region
[2019-12-09T01:42:29.277+0000][1][safepoint    ] Total time for which application threads were stopped: 0.0001364 seconds, Stopping threads took: 0.0000638 seconds
[2019-12-09T01:42:29.277+0000][1][safepoint    ] Application time: 0.0000670 seconds
[2019-12-09T01:42:29.277+0000][1][safepoint    ] Entering safepoint region: RevokeBias
[2019-12-09T01:42:29.277+0000][1][safepoint    ] Leaving safepoint region
[2019-12-09T01:42:29.277+0000][1][safepoint    ] Total time for which application threads were stopped: 0.0000521 seconds, Stopping threads took: 0.0000090 seconds
[2019-12-09T01:42:29.277+0000][1][safepoint    ] Application time: 0.0000740 seconds
[2019-12-09T01:42:29.277+0000][1][safepoint    ] Entering safepoint region: BulkRevokeBias
[2019-12-09T01:42:29.277+0000][1][safepoint    ] Leaving safepoint region
[2019-12-09T01:42:29.277+0000][1][safepoint    ] Total time for which application threads were stopped: 0.0000847 seconds, Stopping threads took: 0.0000089 seconds
[2019-12-09T01:42:29.277+0000][1][safepoint    ] Application time: 0.0000550 seconds
[2019-12-09T01:42:29.277+0000][1][safepoint    ] Entering safepoint region: BulkRevokeBias
[2019-12-09T01:42:29.277+0000][1][safepoint    ] Leaving safepoint region
[2019-12-09T01:42:29.277+0000][1][safepoint    ] Total time for which application threads were stopped: 0.0000699 seconds, Stopping threads took: 0.0000084 seconds
[2019-12-09T01:42:30.302+0000][1][safepoint    ] Application time: 1.0243203 seconds
[2019-12-09T01:42:30.302+0000][1][safepoint    ] Entering safepoint region: GenCollectForAllocation
[2019-12-09T01:42:30.302+0000][1][gc,start     ] GC(7) Pause Young (Allocation Failure)
[2019-12-09T01:42:30.302+0000][1][gc,task      ] GC(7) Using 2 workers of 2 for evacuation
[2019-12-09T01:42:30.477+0000][1][gc,age       ] GC(7) Desired survivor size 4456448 bytes, new threshold 6 (max threshold 6)
[2019-12-09T01:42:30.477+0000][1][gc,age       ] GC(7) Age table with threshold 6 (max threshold 6)
[2019-12-09T01:42:30.477+0000][1][gc,age       ] GC(7) - age   1:     396792 bytes,     396792 total
[2019-12-09T01:42:30.477+0000][1][gc,age       ] GC(7) - age   2:    1128824 bytes,    1525616 total
[2019-12-09T01:42:30.477+0000][1][gc,age       ] GC(7) - age   3:    2191016 bytes,    3716632 total
[2019-12-09T01:42:30.477+0000][1][gc,age       ] GC(7) - age   4:     442424 bytes,    4159056 total
[2019-12-09T01:42:30.477+0000][1][gc,heap      ] GC(7) ParNew: 75535K->6023K(78656K)
[2019-12-09T01:42:30.477+0000][1][gc,heap      ] GC(7) CMS: 11644K->11644K(174784K)
[2019-12-09T01:42:30.477+0000][1][gc,metaspace ] GC(7) Metaspace: 19679K->19679K(1067008K)
[2019-12-09T01:42:30.477+0000][1][gc           ] GC(7) Pause Young (Allocation Failure) 85M->17M(247M) 175.192ms
[2019-12-09T01:42:30.477+0000][1][gc,cpu       ] GC(7) User=0.01s Sys=0.00s Real=0.18s
[2019-12-09T01:42:30.477+0000][1][safepoint    ] Leaving safepoint region
[2019-12-09T01:42:30.477+0000][1][safepoint    ] Total time for which application threads were stopped: 0.1753541 seconds, Stopping threads took: 0.0000143 seconds
[2019-12-09T01:42:31.050+0000][1][safepoint    ] Application time: 0.5727070 seconds
[2019-12-09T01:42:31.050+0000][1][safepoint    ] Entering safepoint region: CollectForMetadataAllocation
[2019-12-09T01:42:31.050+0000][1][safepoint    ] Leaving safepoint region
[2019-12-09T01:42:31.050+0000][1][safepoint    ] Total time for which application threads were stopped: 0.0002624 seconds, Stopping threads took: 0.0000140 seconds
[2019-12-09T01:42:31.267+0000][1][safepoint    ] Application time: 0.2168991 seconds
[2019-12-09T01:42:31.267+0000][1][safepoint    ] Entering safepoint region: CollectForMetadataAllocation
[2019-12-09T01:42:31.267+0000][1][safepoint    ] Leaving safepoint region
[2019-12-09T01:42:31.267+0000][1][safepoint    ] Total time for which application threads were stopped: 0.0002384 seconds, Stopping threads took: 0.0000129 seconds
[2019-12-09T01:42:31.925+0000][1][safepoint    ] Application time: 0.6579421 seconds
[2019-12-09T01:42:31.925+0000][1][safepoint    ] Entering safepoint region: GenCollectForAllocation
[2019-12-09T01:42:31.925+0000][1][gc,start     ] GC(8) Pause Young (Allocation Failure)
[2019-12-09T01:42:31.925+0000][1][gc,task      ] GC(8) Using 2 workers of 2 for evacuation
[2019-12-09T01:42:32.129+0000][1][gc,age       ] GC(8) Desired survivor size 4456448 bytes, new threshold 4 (max threshold 6)
[2019-12-09T01:42:32.129+0000][1][gc,age       ] GC(8) Age table with threshold 4 (max threshold 6)
[2019-12-09T01:42:32.129+0000][1][gc,age       ] GC(8) - age   1:     987472 bytes,     987472 total
[2019-12-09T01:42:32.129+0000][1][gc,age       ] GC(8) - age   2:     378472 bytes,    1365944 total
[2019-12-09T01:42:32.129+0000][1][gc,age       ] GC(8) - age   3:    1128680 bytes,    2494624 total
[2019-12-09T01:42:32.129+0000][1][gc,age       ] GC(8) - age   4:    2188800 bytes,    4683424 total
[2019-12-09T01:42:32.129+0000][1][gc,age       ] GC(8) - age   5:     442424 bytes,    5125848 total
[2019-12-09T01:42:32.129+0000][1][gc,heap      ] GC(8) ParNew: 75975K->6075K(78656K)
[2019-12-09T01:42:32.129+0000][1][gc,heap      ] GC(8) CMS: 11644K->11644K(174784K)
[2019-12-09T01:42:32.129+0000][1][gc,metaspace ] GC(8) Metaspace: 20484K->20484K(1069056K)
[2019-12-09T01:42:32.129+0000][1][gc           ] GC(8) Pause Young (Allocation Failure) 85M->17M(247M) 203.605ms
[2019-12-09T01:42:32.129+0000][1][gc,cpu       ] GC(8) User=0.05s Sys=0.00s Real=0.20s
[2019-12-09T01:42:32.129+0000][1][safepoint    ] Leaving safepoint region
[2019-12-09T01:42:32.129+0000][1][safepoint    ] Total time for which application threads were stopped: 0.2037387 seconds, Stopping threads took: 0.0000142 seconds
[2019-12-09T01:42:32.140+0000][1][safepoint    ] Application time: 0.0108532 seconds
[2019-12-09T01:42:32.185+0000][1][safepoint    ] Entering safepoint region: CMS_Initial_Mark
[2019-12-09T01:42:32.185+0000][1][gc,start     ] GC(9) Pause Initial Mark
[2019-12-09T01:42:32.189+0000][1][gc           ] GC(9) Pause Initial Mark 21M->21M(247M) 4.205ms
[2019-12-09T01:42:32.189+0000][1][gc,cpu       ] GC(9) User=0.00s Sys=0.00s Real=0.00s
[2019-12-09T01:42:32.189+0000][1][safepoint    ] Leaving safepoint region
[2019-12-09T01:42:32.189+0000][1][safepoint    ] Total time for which application threads were stopped: 0.0491838 seconds, Stopping threads took: 0.0448738 seconds
[2019-12-09T01:42:32.189+0000][1][gc           ] GC(9) Concurrent Mark
[2019-12-09T01:42:32.302+0000][1][gc           ] GC(9) Concurrent Mark 113.343ms
[2019-12-09T01:42:32.303+0000][1][gc,cpu       ] GC(9) User=0.05s Sys=0.00s Real=0.11s
[2019-12-09T01:42:32.303+0000][1][gc           ] GC(9) Concurrent Preclean
[2019-12-09T01:42:32.310+0000][1][gc           ] GC(9) Concurrent Preclean 7.580ms
[2019-12-09T01:42:32.310+0000][1][gc,cpu       ] GC(9) User=0.00s Sys=0.00s Real=0.01s
[2019-12-09T01:42:32.310+0000][1][gc           ] GC(9) Concurrent Abortable Preclean
[2019-12-09T01:42:33.349+0000][1][safepoint    ] Application time: 1.1596312 seconds
[2019-12-09T01:42:33.349+0000][1][safepoint    ] Entering safepoint region: GenCollectForAllocation
[2019-12-09T01:42:33.349+0000][1][gc,start     ] GC(10) Pause Young (Allocation Failure)
[2019-12-09T01:42:33.349+0000][1][gc,task      ] GC(10) Using 2 workers of 2 for evacuation
[2019-12-09T01:42:33.419+0000][1][gc,age       ] GC(10) Desired survivor size 4456448 bytes, new threshold 6 (max threshold 6)
[2019-12-09T01:42:33.419+0000][1][gc,age       ] GC(10) Age table with threshold 6 (max threshold 6)
[2019-12-09T01:42:33.419+0000][1][gc,age       ] GC(10) - age   1:    1257296 bytes,    1257296 total
[2019-12-09T01:42:33.419+0000][1][gc,age       ] GC(10) - age   2:     632568 bytes,    1889864 total
[2019-12-09T01:42:33.419+0000][1][gc,age       ] GC(10) - age   3:     378472 bytes,    2268336 total
[2019-12-09T01:42:33.419+0000][1][gc,age       ] GC(10) - age   4:    1128680 bytes,    3397016 total
[2019-12-09T01:42:33.419+0000][1][gc,heap      ] GC(10) ParNew: 76027K->4766K(78656K)
[2019-12-09T01:42:33.419+0000][1][gc,heap      ] GC(10) CMS: 11644K->14232K(174784K)
[2019-12-09T01:42:33.419+0000][1][gc,metaspace ] GC(10) Metaspace: 20596K->20596K(1069056K)
[2019-12-09T01:42:33.419+0000][1][gc           ] GC(10) Pause Young (Allocation Failure) 85M->18M(247M) 70.444ms
[2019-12-09T01:42:33.419+0000][1][gc,cpu       ] GC(10) User=0.04s Sys=0.00s Real=0.07s
[2019-12-09T01:42:33.419+0000][1][safepoint    ] Leaving safepoint region
[2019-12-09T01:42:33.419+0000][1][safepoint    ] Total time for which application threads were stopped: 0.0705811 seconds, Stopping threads took: 0.0000175 seconds
[2019-12-09T01:42:33.846+0000][1][gc           ] GC(9) Concurrent Abortable Preclean 1535.524ms
[2019-12-09T01:42:33.846+0000][1][gc,cpu       ] GC(9) User=0.52s Sys=0.01s Real=1.54s
[2019-12-09T01:42:33.846+0000][1][safepoint    ] Application time: 0.4264405 seconds
[2019-12-09T01:42:33.875+0000][1][safepoint    ] Entering safepoint region: CMS_Final_Remark
[2019-12-09T01:42:33.875+0000][1][gc,start     ] GC(9) Pause Remark
[2019-12-09T01:42:33.946+0000][1][gc           ] GC(9) Pause Remark 64M->64M(247M) 71.015ms
[2019-12-09T01:42:33.946+0000][1][gc,cpu       ] GC(9) User=0.03s Sys=0.00s Real=0.07s
[2019-12-09T01:42:33.946+0000][1][safepoint    ] Leaving safepoint region
[2019-12-09T01:42:33.946+0000][1][safepoint    ] Total time for which application threads were stopped: 0.1004458 seconds, Stopping threads took: 0.0292879 seconds
[2019-12-09T01:42:33.949+0000][1][gc           ] GC(9) Concurrent Sweep
[2019-12-09T01:42:34.049+0000][1][gc           ] GC(9) Concurrent Sweep 99.823ms
[2019-12-09T01:42:34.049+0000][1][gc,cpu       ] GC(9) User=0.02s Sys=0.00s Real=0.10s
[2019-12-09T01:42:34.049+0000][1][gc           ] GC(9) Concurrent Reset
[2019-12-09T01:42:34.049+0000][1][gc           ] GC(9) Concurrent Reset 0.327ms
[2019-12-09T01:42:34.049+0000][1][gc,cpu       ] GC(9) User=0.00s Sys=0.00s Real=0.00s
[2019-12-09T01:42:34.049+0000][1][gc,heap      ] GC(9) Old: 11644K->14222K(174784K)
[2019-12-09T01:42:34.323+0000][1][safepoint    ] Application time: 0.3767491 seconds
[2019-12-09T01:42:34.323+0000][1][safepoint    ] Entering safepoint region: GenCollectForAllocation
[2019-12-09T01:42:34.324+0000][1][gc,start     ] GC(11) Pause Young (Allocation Failure)
[2019-12-09T01:42:34.324+0000][1][gc,task      ] GC(11) Using 2 workers of 2 for evacuation
[2019-12-09T01:42:34.354+0000][1][gc,age       ] GC(11) Desired survivor size 4456448 bytes, new threshold 6 (max threshold 6)
[2019-12-09T01:42:34.354+0000][1][gc,age       ] GC(11) Age table with threshold 6 (max threshold 6)
[2019-12-09T01:42:34.354+0000][1][gc,age       ] GC(11) - age   1:    1005432 bytes,    1005432 total
[2019-12-09T01:42:34.354+0000][1][gc,age       ] GC(11) - age   2:      97480 bytes,    1102912 total
[2019-12-09T01:42:34.354+0000][1][gc,age       ] GC(11) - age   3:     632520 bytes,    1735432 total
[2019-12-09T01:42:34.354+0000][1][gc,age       ] GC(11) - age   4:     378368 bytes,    2113800 total
[2019-12-09T01:42:34.354+0000][1][gc,age       ] GC(11) - age   5:    1128392 bytes,    3242192 total
[2019-12-09T01:42:34.354+0000][1][gc,heap      ] GC(11) ParNew: 74718K->5519K(78656K)
[2019-12-09T01:42:34.354+0000][1][gc,heap      ] GC(11) CMS: 14222K->14222K(174784K)
[2019-12-09T01:42:34.354+0000][1][gc,metaspace ] GC(11) Metaspace: 20685K->20685K(1069056K)
[2019-12-09T01:42:34.354+0000][1][gc           ] GC(11) Pause Young (Allocation Failure) 86M->19M(247M) 30.614ms
[2019-12-09T01:42:34.354+0000][1][gc,cpu       ] GC(11) User=0.00s Sys=0.00s Real=0.03s
[2019-12-09T01:42:34.354+0000][1][safepoint    ] Leaving safepoint region
[2019-12-09T01:42:34.354+0000][1][safepoint    ] Total time for which application threads were stopped: 0.0311349 seconds, Stopping threads took: 0.0000133 seconds
[2019-12-09T01:42:35.057+0000][1][safepoint    ] Application time: 0.7031691 seconds
[2019-12-09T01:42:35.057+0000][1][safepoint    ] Entering safepoint region: Deoptimize
[2019-12-09T01:42:35.058+0000][1][safepoint    ] Leaving safepoint region
[2019-12-09T01:42:35.058+0000][1][safepoint    ] Total time for which application threads were stopped: 0.0005032 seconds, Stopping threads took: 0.0000124 seconds
[2019-12-09T01:42:35.246+0000][1][safepoint    ] Application time: 0.1878185 seconds
[2019-12-09T01:42:35.246+0000][1][safepoint    ] Entering safepoint region: RevokeBias
[2019-12-09T01:42:35.246+0000][1][safepoint    ] Leaving safepoint region
[2019-12-09T01:42:35.246+0000][1][safepoint    ] Total time for which application threads were stopped: 0.0000707 seconds, Stopping threads took: 0.0000134 seconds
[2019-12-09T01:42:36.253+0000][1][safepoint    ] Application time: 1.0071222 seconds
[2019-12-09T01:42:36.313+0000][1][safepoint    ] Entering safepoint region: Cleanup
[2019-12-09T01:42:36.313+0000][1][safepoint    ] Leaving safepoint region
[2019-12-09T01:42:36.313+0000][1][safepoint    ] Total time for which application threads were stopped: 0.0598979 seconds, Stopping threads took: 0.0598423 seconds
[2019-12-09T01:42:36.803+0000][1][safepoint    ] Application time: 0.4904935 seconds
[2019-12-09T01:42:36.803+0000][1][safepoint    ] Entering safepoint region: GenCollectForAllocation
[2019-12-09T01:42:36.804+0000][1][gc,start     ] GC(12) Pause Young (Allocation Failure)
[2019-12-09T01:42:36.804+0000][1][gc,task      ] GC(12) Using 2 workers of 2 for evacuation
[2019-12-09T01:42:36.985+0000][1][gc,age       ] GC(12) Desired survivor size 4456448 bytes, new threshold 6 (max threshold 6)
[2019-12-09T01:42:36.985+0000][1][gc,age       ] GC(12) Age table with threshold 6 (max threshold 6)
[2019-12-09T01:42:36.985+0000][1][gc,age       ] GC(12) - age   1:    1042904 bytes,    1042904 total
[2019-12-09T01:42:36.985+0000][1][gc,age       ] GC(12) - age   2:     305920 bytes,    1348824 total
[2019-12-09T01:42:36.985+0000][1][gc,age       ] GC(12) - age   3:      97480 bytes,    1446304 total
[2019-12-09T01:42:36.985+0000][1][gc,age       ] GC(12) - age   4:     632456 bytes,    2078760 total
[2019-12-09T01:42:36.985+0000][1][gc,age       ] GC(12) - age   5:     378368 bytes,    2457128 total
[2019-12-09T01:42:36.985+0000][1][gc,age       ] GC(12) - age   6:    1128392 bytes,    3585520 total
[2019-12-09T01:42:36.985+0000][1][gc,heap      ] GC(12) ParNew: 75471K->4214K(78656K)
[2019-12-09T01:42:36.985+0000][1][gc,heap      ] GC(12) CMS: 14222K->14222K(174784K)
[2019-12-09T01:42:36.985+0000][1][gc,metaspace ] GC(12) Metaspace: 22953K->22953K(1071104K)
[2019-12-09T01:42:36.985+0000][1][gc           ] GC(12) Pause Young (Allocation Failure) 87M->18M(247M) 181.413ms
[2019-12-09T01:42:36.985+0000][1][gc,cpu       ] GC(12) User=0.05s Sys=0.00s Real=0.19s
[2019-12-09T01:42:36.985+0000][1][safepoint    ] Leaving safepoint region
[2019-12-09T01:42:36.985+0000][1][safepoint    ] Total time for which application threads were stopped: 0.1816921 seconds, Stopping threads took: 0.0000134 seconds
[2019-12-09T01:42:37.789+0000][1][safepoint    ] Application time: 0.8035883 seconds
[2019-12-09T01:42:37.789+0000][1][safepoint    ] Entering safepoint region: Deoptimize
[2019-12-09T01:42:37.789+0000][1][safepoint    ] Leaving safepoint region
[2019-12-09T01:42:37.789+0000][1][safepoint    ] Total time for which application threads were stopped: 0.0004760 seconds, Stopping threads took: 0.0000144 seconds
[2019-12-09T01:42:38.490+0000][1][safepoint    ] Application time: 0.7008533 seconds
[2019-12-09T01:42:38.490+0000][1][safepoint    ] Entering safepoint region: Deoptimize
[2019-12-09T01:42:38.491+0000][1][safepoint    ] Leaving safepoint region
[2019-12-09T01:42:38.491+0000][1][safepoint    ] Total time for which application threads were stopped: 0.0004673 seconds, Stopping threads took: 0.0000213 seconds
[2019-12-09T01:42:38.592+0000][1][safepoint    ] Application time: 0.1010057 seconds
[2019-12-09T01:42:38.592+0000][1][safepoint    ] Entering safepoint region: Deoptimize
[2019-12-09T01:42:38.592+0000][1][safepoint    ] Leaving safepoint region
[2019-12-09T01:42:38.592+0000][1][safepoint    ] Total time for which application threads were stopped: 0.0004731 seconds, Stopping threads took: 0.0000146 seconds
[2019-12-09T01:42:38.630+0000][1][safepoint    ] Application time: 0.0382344 seconds
[2019-12-09T01:42:38.630+0000][1][safepoint    ] Entering safepoint region: Deoptimize
[2019-12-09T01:42:38.631+0000][1][safepoint    ] Leaving safepoint region
[2019-12-09T01:42:38.631+0000][1][safepoint    ] Total time for which application threads were stopped: 0.0005110 seconds, Stopping threads took: 0.0000124 seconds
[2019-12-09T01:42:38.710+0000][1][safepoint    ] Application time: 0.0794808 seconds
[2019-12-09T01:42:38.710+0000][1][safepoint    ] Entering safepoint region: RevokeBias
[2019-12-09T01:42:38.710+0000][1][safepoint    ] Leaving safepoint region
[2019-12-09T01:42:38.710+0000][1][safepoint    ] Total time for which application threads were stopped: 0.0000663 seconds, Stopping threads took: 0.0000132 seconds
[2019-12-09T01:42:39.723+0000][1][safepoint    ] Application time: 1.0122004 seconds
[2019-12-09T01:42:39.723+0000][1][safepoint    ] Entering safepoint region: Cleanup
[2019-12-09T01:42:39.723+0000][1][safepoint    ] Leaving safepoint region
[2019-12-09T01:42:39.723+0000][1][safepoint    ] Total time for which application threads were stopped: 0.0001824 seconds, Stopping threads took: 0.0001426 seconds
[2019-12-09T01:42:40.756+0000][1][safepoint    ] Application time: 1.0327604 seconds
[2019-12-09T01:42:40.780+0000][1][safepoint    ] Entering safepoint region: Cleanup
[2019-12-09T01:42:40.780+0000][1][safepoint    ] Leaving safepoint region
[2019-12-09T01:42:40.780+0000][1][safepoint    ] Total time for which application threads were stopped: 0.0242390 seconds, Stopping threads took: 0.0239944 seconds
[2019-12-09T01:42:41.782+0000][1][safepoint    ] Application time: 1.0017179 seconds
[2019-12-09T01:42:41.816+0000][1][safepoint    ] Entering safepoint region: Cleanup
[2019-12-09T01:42:41.816+0000][1][safepoint    ] Leaving safepoint region
[2019-12-09T01:42:41.816+0000][1][safepoint    ] Total time for which application threads were stopped: 0.0340418 seconds, Stopping threads took: 0.0339857 seconds
[2019-12-09T01:42:42.822+0000][1][safepoint    ] Application time: 1.0059243 seconds
[2019-12-09T01:42:42.892+0000][1][safepoint    ] Entering safepoint region: Cleanup
[2019-12-09T01:42:42.892+0000][1][safepoint    ] Leaving safepoint region
[2019-12-09T01:42:42.892+0000][1][safepoint    ] Total time for which application threads were stopped: 0.0700636 seconds, Stopping threads took: 0.0699841 seconds
[2019-12-09T01:42:43.893+0000][1][safepoint    ] Application time: 1.0010727 seconds
[2019-12-09T01:42:43.943+0000][1][safepoint    ] Entering safepoint region: Cleanup
[2019-12-09T01:42:43.943+0000][1][safepoint    ] Leaving safepoint region
[2019-12-09T01:42:43.943+0000][1][safepoint    ] Total time for which application threads were stopped: 0.0499782 seconds, Stopping threads took: 0.0498814 seconds
[2019-12-09T01:42:44.981+0000][1][safepoint    ] Application time: 1.0377047 seconds
[2019-12-09T01:42:44.981+0000][1][safepoint    ] Entering safepoint region: GenCollectForAllocation
[2019-12-09T01:42:44.981+0000][1][gc,start     ] GC(13) Pause Young (Allocation Failure)
[2019-12-09T01:42:44.981+0000][1][gc,task      ] GC(13) Using 2 workers of 2 for evacuation
[2019-12-09T01:42:45.285+0000][1][gc,age       ] GC(13) Desired survivor size 4456448 bytes, new threshold 1 (max threshold 6)
[2019-12-09T01:42:45.285+0000][1][gc,age       ] GC(13) Age table with threshold 1 (max threshold 6)
[2019-12-09T01:42:45.285+0000][1][gc,age       ] GC(13) - age   1:    6758664 bytes,    6758664 total
[2019-12-09T01:42:45.285+0000][1][gc,age       ] GC(13) - age   2:     738488 bytes,    7497152 total
[2019-12-09T01:42:45.285+0000][1][gc,age       ] GC(13) - age   3:     305656 bytes,    7802808 total
[2019-12-09T01:42:45.285+0000][1][gc,age       ] GC(13) - age   4:      97328 bytes,    7900136 total
[2019-12-09T01:42:45.285+0000][1][gc,age       ] GC(13) - age   5:     629272 bytes,    8529408 total
[2019-12-09T01:42:45.285+0000][1][gc,age       ] GC(13) - age   6:     376176 bytes,    8905584 total
[2019-12-09T01:42:45.285+0000][1][gc,heap      ] GC(13) ParNew: 74166K->8704K(78656K)
[2019-12-09T01:42:45.285+0000][1][gc,heap      ] GC(13) CMS: 14222K->21498K(174784K)
[2019-12-09T01:42:45.285+0000][1][gc,metaspace ] GC(13) Metaspace: 27256K->27256K(1075200K)
[2019-12-09T01:42:45.285+0000][1][gc           ] GC(13) Pause Young (Allocation Failure) 86M->29M(247M) 304.464ms
[2019-12-09T01:42:45.285+0000][1][gc,cpu       ] GC(13) User=0.10s Sys=0.00s Real=0.31s
[2019-12-09T01:42:45.285+0000][1][safepoint    ] Leaving safepoint region
[2019-12-09T01:42:45.285+0000][1][safepoint    ] Total time for which application threads were stopped: 0.3046729 seconds, Stopping threads took: 0.0000881 seconds
[2019-12-09T01:42:46.291+0000][1][safepoint    ] Application time: 1.0053177 seconds
[2019-12-09T01:42:46.332+0000][1][safepoint    ] Entering safepoint region: Cleanup
[2019-12-09T01:42:46.332+0000][1][safepoint    ] Leaving safepoint region
[2019-12-09T01:42:46.332+0000][1][safepoint    ] Total time for which application threads were stopped: 0.0411952 seconds, Stopping threads took: 0.0411450 seconds
[2019-12-09T01:42:48.014+0000][1][safepoint    ] Application time: 1.6817558 seconds
[2019-12-09T01:42:48.014+0000][1][safepoint    ] Entering safepoint region: RevokeBias
[2019-12-09T01:42:48.014+0000][1][safepoint    ] Leaving safepoint region
[2019-12-09T01:42:48.014+0000][1][safepoint    ] Total time for which application threads were stopped: 0.0001365 seconds, Stopping threads took: 0.0000602 seconds
[2019-12-09T01:42:49.021+0000][1][safepoint    ] Application time: 1.0068403 seconds
[2019-12-09T01:42:49.057+0000][1][safepoint    ] Entering safepoint region: Cleanup
[2019-12-09T01:42:49.057+0000][1][safepoint    ] Leaving safepoint region
[2019-12-09T01:42:49.057+0000][1][safepoint    ] Total time for which application threads were stopped: 0.0360172 seconds, Stopping threads took: 0.0359699 seconds
[2019-12-09T01:42:49.245+0000][1][safepoint    ] Application time: 0.1880088 seconds
[2019-12-09T01:42:49.245+0000][1][safepoint    ] Entering safepoint region: GenCollectForAllocation
[2019-12-09T01:42:49.245+0000][1][gc,start     ] GC(14) Pause Young (Allocation Failure)
[2019-12-09T01:42:49.245+0000][1][gc,task      ] GC(14) Using 2 workers of 2 for evacuation
[2019-12-09T01:42:49.608+0000][1][gc,age       ] GC(14) Desired survivor size 4456448 bytes, new threshold 1 (max threshold 6)
[2019-12-09T01:42:49.608+0000][1][gc,age       ] GC(14) Age table with threshold 1 (max threshold 6)
[2019-12-09T01:42:49.608+0000][1][gc,age       ] GC(14) - age   1:    8912784 bytes,    8912784 total
[2019-12-09T01:42:49.608+0000][1][gc,heap      ] GC(14) ParNew: 78656K->8704K(78656K)
[2019-12-09T01:42:49.608+0000][1][gc,heap      ] GC(14) CMS: 21498K->35431K(174784K)
[2019-12-09T01:42:49.608+0000][1][gc,metaspace ] GC(14) Metaspace: 27341K->27341K(1075200K)
[2019-12-09T01:42:49.608+0000][1][gc           ] GC(14) Pause Young (Allocation Failure) 97M->43M(247M) 363.299ms
[2019-12-09T01:42:49.608+0000][1][gc,cpu       ] GC(14) User=0.12s Sys=0.00s Real=0.36s
[2019-12-09T01:42:49.608+0000][1][safepoint    ] Leaving safepoint region
[2019-12-09T01:42:49.608+0000][1][safepoint    ] Total time for which application threads were stopped: 0.3634339 seconds, Stopping threads took: 0.0000143 seconds
[2019-12-09T01:42:51.650+0000][1][safepoint    ] Application time: 2.0412206 seconds
[2019-12-09T01:42:51.659+0000][1][safepoint    ] Entering safepoint region: Cleanup
[2019-12-09T01:42:51.659+0000][1][safepoint    ] Leaving safepoint region
[2019-12-09T01:42:51.659+0000][1][safepoint    ] Total time for which application threads were stopped: 0.0097303 seconds, Stopping threads took: 0.0096868 seconds
[2019-12-09T01:42:52.666+0000][1][safepoint    ] Application time: 1.0064066 seconds
[2019-12-09T01:42:52.721+0000][1][safepoint    ] Entering safepoint region: Cleanup
[2019-12-09T01:42:52.721+0000][1][safepoint    ] Leaving safepoint region
[2019-12-09T01:42:52.721+0000][1][safepoint    ] Total time for which application threads were stopped: 0.0551717 seconds, Stopping threads took: 0.0550950 seconds
[2019-12-09T01:42:53.547+0000][1][safepoint    ] Application time: 0.8262410 seconds
[2019-12-09T01:42:53.547+0000][1][safepoint    ] Entering safepoint region: GenCollectForAllocation
[2019-12-09T01:42:53.547+0000][1][gc,start     ] GC(15) Pause Young (Allocation Failure)
[2019-12-09T01:42:53.547+0000][1][gc,task      ] GC(15) Using 2 workers of 2 for evacuation
[2019-12-09T01:42:54.116+0000][1][gc,age       ] GC(15) Desired survivor size 4456448 bytes, new threshold 1 (max threshold 6)
[2019-12-09T01:42:54.116+0000][1][gc,age       ] GC(15) Age table with threshold 1 (max threshold 6)
[2019-12-09T01:42:54.116+0000][1][gc,age       ] GC(15) - age   1:    6845152 bytes,    6845152 total
[2019-12-09T01:42:54.116+0000][1][gc,heap      ] GC(15) ParNew: 78656K->8704K(78656K)
[2019-12-09T01:42:54.116+0000][1][gc,heap      ] GC(15) CMS: 35431K->48271K(174784K)
[2019-12-09T01:42:54.116+0000][1][gc,metaspace ] GC(15) Metaspace: 29622K->29622K(1077248K)
[2019-12-09T01:42:54.116+0000][1][gc           ] GC(15) Pause Young (Allocation Failure) 111M->55M(247M) 568.723ms
[2019-12-09T01:42:54.116+0000][1][gc,cpu       ] GC(15) User=0.15s Sys=0.00s Real=0.57s
[2019-12-09T01:42:54.116+0000][1][safepoint    ] Leaving safepoint region
[2019-12-09T01:42:54.116+0000][1][safepoint    ] Total time for which application threads were stopped: 0.5688802 seconds, Stopping threads took: 0.0000136 seconds
[2019-12-09T01:42:54.901+0000][1][safepoint    ] Application time: 0.7850849 seconds
[2019-12-09T01:42:54.901+0000][1][safepoint    ] Entering safepoint region: RevokeBias
[2019-12-09T01:42:54.901+0000][1][safepoint    ] Leaving safepoint region
[2019-12-09T01:42:54.901+0000][1][safepoint    ] Total time for which application threads were stopped: 0.0000936 seconds, Stopping threads took: 0.0000143 seconds
[2019-12-09T01:42:55.203+0000][1][safepoint    ] Application time: 0.3020402 seconds
[2019-12-09T01:42:55.203+0000][1][safepoint    ] Entering safepoint region: RevokeBias
[2019-12-09T01:42:55.203+0000][1][safepoint    ] Leaving safepoint region
[2019-12-09T01:42:55.203+0000][1][safepoint    ] Total time for which application threads were stopped: 0.0000901 seconds, Stopping threads took: 0.0000137 seconds
[2019-12-09T01:42:55.292+0000][1][safepoint    ] Application time: 0.0881085 seconds
[2019-12-09T01:42:55.292+0000][1][safepoint    ] Entering safepoint region: RevokeBias
[2019-12-09T01:42:55.292+0000][1][safepoint    ] Leaving safepoint region
[2019-12-09T01:42:55.292+0000][1][safepoint    ] Total time for which application threads were stopped: 0.0001067 seconds, Stopping threads took: 0.0000135 seconds
[2019-12-09T01:42:55.372+0000][1][safepoint    ] Application time: 0.0804982 seconds
[2019-12-09T01:42:55.372+0000][1][safepoint    ] Entering safepoint region: RevokeBias
[2019-12-09T01:42:55.372+0000][1][safepoint    ] Leaving safepoint region
[2019-12-09T01:42:55.372+0000][1][safepoint    ] Total time for which application threads were stopped: 0.0000826 seconds, Stopping threads took: 0.0000149 seconds
[2019-12-09T01:42:56.376+0000][1][safepoint    ] Application time: 1.0033186 seconds
[2019-12-09T01:42:56.405+0000][1][safepoint    ] Entering safepoint region: Cleanup
[2019-12-09T01:42:56.405+0000][1][safepoint    ] Leaving safepoint region
[2019-12-09T01:42:56.405+0000][1][safepoint    ] Total time for which application threads were stopped: 0.0290505 seconds, Stopping threads took: 0.0289990 seconds
[2019-12-09T01:42:57.242+0000][1][safepoint    ] Application time: 0.8369152 seconds
[2019-12-09T01:42:57.242+0000][1][safepoint    ] Entering safepoint region: GenCollectForAllocation
[2019-12-09T01:42:57.242+0000][1][gc,start     ] GC(16) Pause Young (Allocation Failure)
[2019-12-09T01:42:57.242+0000][1][gc,task      ] GC(16) Using 2 workers of 2 for evacuation
[2019-12-09T01:42:57.469+0000][1][gc,age       ] GC(16) Desired survivor size 4456448 bytes, new threshold 6 (max threshold 6)
[2019-12-09T01:42:57.469+0000][1][gc,age       ] GC(16) Age table with threshold 6 (max threshold 6)
[2019-12-09T01:42:57.469+0000][1][gc,age       ] GC(16) - age   1:    1262064 bytes,    1262064 total
[2019-12-09T01:42:57.469+0000][1][gc,heap      ] GC(16) ParNew: 78656K->7102K(78656K)
[2019-12-09T01:42:57.469+0000][1][gc,heap      ] GC(16) CMS: 48271K->55010K(174784K)
[2019-12-09T01:42:57.469+0000][1][gc,metaspace ] GC(16) Metaspace: 33096K->33096K(1079296K)
[2019-12-09T01:42:57.469+0000][1][gc           ] GC(16) Pause Young (Allocation Failure) 123M->60M(247M) 226.882ms
[2019-12-09T01:42:57.469+0000][1][gc,cpu       ] GC(16) User=0.04s Sys=0.00s Real=0.23s
[2019-12-09T01:42:57.469+0000][1][safepoint    ] Leaving safepoint region
[2019-12-09T01:42:57.469+0000][1][safepoint    ] Total time for which application threads were stopped: 0.2270514 seconds, Stopping threads took: 0.0000148 seconds
[2019-12-09T01:42:58.475+0000][1][safepoint    ] Application time: 1.0059081 seconds
[2019-12-09T01:42:58.582+0000][1][safepoint    ] Entering safepoint region: Cleanup
[2019-12-09T01:42:58.582+0000][1][safepoint    ] Leaving safepoint region
[2019-12-09T01:42:58.582+0000][1][safepoint    ] Total time for which application threads were stopped: 0.1073666 seconds, Stopping threads took: 0.1072854 seconds
[2019-12-09T01:42:59.458+0000][1][safepoint    ] Application time: 0.8759801 seconds
[2019-12-09T01:42:59.458+0000][1][safepoint    ] Entering safepoint region: CollectForMetadataAllocation
[2019-12-09T01:42:59.458+0000][1][safepoint    ] Leaving safepoint region
[2019-12-09T01:42:59.458+0000][1][safepoint    ] Total time for which application threads were stopped: 0.0002464 seconds, Stopping threads took: 0.0000138 seconds
[2019-12-09T01:42:59.481+0000][1][safepoint    ] Application time: 0.0222847 seconds
[2019-12-09T01:42:59.481+0000][1][safepoint    ] Entering safepoint region: CMS_Initial_Mark
[2019-12-09T01:42:59.481+0000][1][gc,start     ] GC(17) Pause Initial Mark
[2019-12-09T01:42:59.633+0000][1][gc           ] GC(17) Pause Initial Mark 119M->119M(247M) 151.864ms
[2019-12-09T01:42:59.633+0000][1][gc,cpu       ] GC(17) User=0.03s Sys=0.00s Real=0.15s
[2019-12-09T01:42:59.633+0000][1][safepoint    ] Leaving safepoint region
[2019-12-09T01:42:59.633+0000][1][safepoint    ] Total time for which application threads were stopped: 0.1520117 seconds, Stopping threads took: 0.0000145 seconds
[2019-12-09T01:42:59.634+0000][1][gc           ] GC(17) Concurrent Mark
[2019-12-09T01:43:00.046+0000][1][safepoint    ] Application time: 0.4129443 seconds
[2019-12-09T01:43:00.046+0000][1][safepoint    ] Entering safepoint region: CollectForMetadataAllocation
[2019-12-09T01:43:00.046+0000][1][safepoint    ] Leaving safepoint region
[2019-12-09T01:43:00.046+0000][1][safepoint    ] Total time for which application threads were stopped: 0.0002488 seconds, Stopping threads took: 0.0000161 seconds
[2019-12-09T01:43:00.456+0000][1][gc           ] GC(17) Concurrent Mark 821.945ms
[2019-12-09T01:43:00.456+0000][1][gc,cpu       ] GC(17) User=0.25s Sys=0.00s Real=0.83s
[2019-12-09T01:43:00.456+0000][1][gc           ] GC(17) Concurrent Preclean
[2019-12-09T01:43:00.484+0000][1][gc           ] GC(17) Concurrent Preclean 28.440ms
[2019-12-09T01:43:00.484+0000][1][gc,cpu       ] GC(17) User=0.00s Sys=0.00s Real=0.02s
[2019-12-09T01:43:00.484+0000][1][gc           ] GC(17) Concurrent Abortable Preclean
[2019-12-09T01:43:00.607+0000][1][safepoint    ] Application time: 0.5607309 seconds
[2019-12-09T01:43:00.607+0000][1][safepoint    ] Entering safepoint region: CollectForMetadataAllocation
[2019-12-09T01:43:00.607+0000][1][safepoint    ] Leaving safepoint region
[2019-12-09T01:43:00.607+0000][1][safepoint    ] Total time for which application threads were stopped: 0.0002599 seconds, Stopping threads took: 0.0000177 seconds
[2019-12-09T01:43:00.904+0000][1][safepoint    ] Application time: 0.2967812 seconds
[2019-12-09T01:43:00.904+0000][1][safepoint    ] Entering safepoint region: CollectForMetadataAllocation
[2019-12-09T01:43:00.904+0000][1][safepoint    ] Leaving safepoint region
[2019-12-09T01:43:00.904+0000][1][safepoint    ] Total time for which application threads were stopped: 0.0002313 seconds, Stopping threads took: 0.0000136 seconds
[2019-12-09T01:43:01.101+0000][1][safepoint    ] Application time: 0.1967568 seconds
[2019-12-09T01:43:01.101+0000][1][safepoint    ] Entering safepoint region: CollectForMetadataAllocation
[2019-12-09T01:43:01.101+0000][1][safepoint    ] Leaving safepoint region
[2019-12-09T01:43:01.101+0000][1][safepoint    ] Total time for which application threads were stopped: 0.0002285 seconds, Stopping threads took: 0.0000143 seconds
[2019-12-09T01:43:01.364+0000][1][safepoint    ] Application time: 0.2626304 seconds
[2019-12-09T01:43:01.364+0000][1][safepoint    ] Entering safepoint region: CollectForMetadataAllocation
[2019-12-09T01:43:01.364+0000][1][safepoint    ] Leaving safepoint region
[2019-12-09T01:43:01.364+0000][1][safepoint    ] Total time for which application threads were stopped: 0.0002400 seconds, Stopping threads took: 0.0000130 seconds
[2019-12-09T01:43:01.599+0000][1][safepoint    ] Application time: 0.2344589 seconds
[2019-12-09T01:43:01.599+0000][1][safepoint    ] Entering safepoint region: CollectForMetadataAllocation
[2019-12-09T01:43:01.599+0000][1][safepoint    ] Leaving safepoint region
[2019-12-09T01:43:01.599+0000][1][safepoint    ] Total time for which application threads were stopped: 0.0002498 seconds, Stopping threads took: 0.0000143 seconds
[2019-12-09T01:43:01.840+0000][1][safepoint    ] Application time: 0.2409252 seconds
[2019-12-09T01:43:01.840+0000][1][safepoint    ] Entering safepoint region: GenCollectForAllocation
[2019-12-09T01:43:01.840+0000][1][gc,start     ] GC(18) Pause Young (Allocation Failure)
[2019-12-09T01:43:01.840+0000][1][gc,task      ] GC(18) Using 2 workers of 2 for evacuation
[2019-12-09T01:43:01.933+0000][1][gc           ] GC(17) Concurrent Abortable Preclean 1448.897ms
[2019-12-09T01:43:01.933+0000][1][gc,cpu       ] GC(17) User=0.36s Sys=0.01s Real=1.45s
[2019-12-09T01:43:01.952+0000][1][gc,age       ] GC(18) Desired survivor size 4456448 bytes, new threshold 6 (max threshold 6)
[2019-12-09T01:43:01.952+0000][1][gc,age       ] GC(18) Age table with threshold 6 (max threshold 6)
[2019-12-09T01:43:01.952+0000][1][gc,age       ] GC(18) - age   1:    1964160 bytes,    1964160 total
[2019-12-09T01:43:01.952+0000][1][gc,age       ] GC(18) - age   2:    1195784 bytes,    3159944 total
[2019-12-09T01:43:01.952+0000][1][gc,heap      ] GC(18) ParNew: 77054K->4013K(78656K)
[2019-12-09T01:43:01.952+0000][1][gc,heap      ] GC(18) CMS: 55010K->55010K(174784K)
[2019-12-09T01:43:01.952+0000][1][gc,metaspace ] GC(18) Metaspace: 35525K->35525K(1081344K)
[2019-12-09T01:43:01.952+0000][1][gc           ] GC(18) Pause Young (Allocation Failure) 128M->57M(247M) 112.336ms
[2019-12-09T01:43:01.952+0000][1][gc,cpu       ] GC(18) User=0.02s Sys=0.00s Real=0.11s
[2019-12-09T01:43:01.952+0000][1][safepoint    ] Leaving safepoint region
[2019-12-09T01:43:01.952+0000][1][safepoint    ] Total time for which application threads were stopped: 0.1124788 seconds, Stopping threads took: 0.0000140 seconds
[2019-12-09T01:43:01.959+0000][1][safepoint    ] Application time: 0.0064792 seconds
[2019-12-09T01:43:01.959+0000][1][safepoint    ] Entering safepoint region: CMS_Final_Remark
[2019-12-09T01:43:01.959+0000][1][gc,start     ] GC(17) Pause Remark
[2019-12-09T01:43:02.044+0000][1][gc           ] GC(17) Pause Remark 59M->59M(247M) 85.200ms
[2019-12-09T01:43:02.044+0000][1][gc,cpu       ] GC(17) User=0.02s Sys=0.00s Real=0.08s
[2019-12-09T01:43:02.044+0000][1][safepoint    ] Leaving safepoint region
[2019-12-09T01:43:02.044+0000][1][safepoint    ] Total time for which application threads were stopped: 0.0853915 seconds, Stopping threads took: 0.0000655 seconds
[2019-12-09T01:43:02.064+0000][1][gc           ] GC(17) Concurrent Sweep
[2019-12-09T01:43:02.276+0000][1][safepoint    ] Application time: 0.2314918 seconds
[2019-12-09T01:43:02.276+0000][1][safepoint    ] Entering safepoint region: CollectForMetadataAllocation
[2019-12-09T01:43:02.276+0000][1][safepoint    ] Leaving safepoint region
[2019-12-09T01:43:02.276+0000][1][safepoint    ] Total time for which application threads were stopped: 0.0006091 seconds, Stopping threads took: 0.0000139 seconds
[2019-12-09T01:43:02.343+0000][1][gc           ] GC(17) Concurrent Sweep 279.083ms
[2019-12-09T01:43:02.343+0000][1][gc,cpu       ] GC(17) User=0.09s Sys=0.00s Real=0.28s
[2019-12-09T01:43:02.343+0000][1][gc           ] GC(17) Concurrent Reset
[2019-12-09T01:43:02.364+0000][1][gc           ] GC(17) Concurrent Reset 20.384ms
[2019-12-09T01:43:02.364+0000][1][gc,cpu       ] GC(17) User=0.00s Sys=0.01s Real=0.02s
[2019-12-09T01:43:02.364+0000][1][gc,heap      ] GC(17) Old: 55010K->54822K(174784K)
[2019-12-09T01:43:02.855+0000][1][safepoint    ] Application time: 0.5783649 seconds
[2019-12-09T01:43:02.855+0000][1][safepoint    ] Entering safepoint region: RevokeBias
[2019-12-09T01:43:02.855+0000][1][safepoint    ] Leaving safepoint region
[2019-12-09T01:43:02.855+0000][1][safepoint    ] Total time for which application threads were stopped: 0.0001365 seconds, Stopping threads took: 0.0000199 seconds
[2019-12-09T01:43:03.858+0000][1][safepoint    ] Application time: 1.0029654 seconds
[2019-12-09T01:43:03.858+0000][1][safepoint    ] Entering safepoint region: Cleanup
[2019-12-09T01:43:03.858+0000][1][safepoint    ] Leaving safepoint region
[2019-12-09T01:43:03.858+0000][1][safepoint    ] Total time for which application threads were stopped: 0.0000717 seconds, Stopping threads took: 0.0000150 seconds
[2019-12-09T01:43:04.888+0000][1][safepoint    ] Application time: 1.0297446 seconds
[2019-12-09T01:43:04.888+0000][1][safepoint    ] Entering safepoint region: Cleanup
[2019-12-09T01:43:04.888+0000][1][safepoint    ] Leaving safepoint region
[2019-12-09T01:43:04.888+0000][1][safepoint    ] Total time for which application threads were stopped: 0.0003263 seconds, Stopping threads took: 0.0002884 seconds
[2019-12-09T01:43:05.893+0000][1][safepoint    ] Application time: 1.0046141 seconds
[2019-12-09T01:43:05.893+0000][1][safepoint    ] Entering safepoint region: Cleanup
[2019-12-09T01:43:05.893+0000][1][safepoint    ] Leaving safepoint region
[2019-12-09T01:43:05.893+0000][1][safepoint    ] Total time for which application threads were stopped: 0.0001118 seconds, Stopping threads took: 0.0000640 seconds
[2019-12-09T01:43:06.489+0000][1][safepoint    ] Application time: 0.5961922 seconds
[2019-12-09T01:43:06.498+0000][1][safepoint    ] Entering safepoint region: RevokeBias
[2019-12-09T01:43:06.498+0000][1][safepoint    ] Leaving safepoint region
[2019-12-09T01:43:06.498+0000][1][safepoint    ] Total time for which application threads were stopped: 0.0092140 seconds, Stopping threads took: 0.0091564 seconds
[2019-12-09T01:43:06.498+0000][1][safepoint    ] Application time: 0.0001038 seconds
[2019-12-09T01:43:06.498+0000][1][safepoint    ] Entering safepoint region: RevokeBias
[2019-12-09T01:43:06.498+0000][1][safepoint    ] Leaving safepoint region
[2019-12-09T01:43:06.498+0000][1][safepoint    ] Total time for which application threads were stopped: 0.0000368 seconds, Stopping threads took: 0.0000092 seconds
[2019-12-09T01:43:06.499+0000][1][safepoint    ] Application time: 0.0001413 seconds
[2019-12-09T01:43:06.499+0000][1][safepoint    ] Entering safepoint region: RevokeBias
[2019-12-09T01:43:06.499+0000][1][safepoint    ] Leaving safepoint region
[2019-12-09T01:43:06.499+0000][1][safepoint    ] Total time for which application threads were stopped: 0.0000346 seconds, Stopping threads took: 0.0000092 seconds
[2019-12-09T01:43:07.510+0000][1][safepoint    ] Application time: 1.0110328 seconds
[2019-12-09T01:43:07.545+0000][1][safepoint    ] Entering safepoint region: Cleanup
[2019-12-09T01:43:07.545+0000][1][safepoint    ] Leaving safepoint region
[2019-12-09T01:43:07.545+0000][1][safepoint    ] Total time for which application threads were stopped: 0.0351634 seconds, Stopping threads took: 0.0351107 seconds
[2019-12-09T01:43:09.554+0000][1][safepoint    ] Application time: 2.0087958 seconds
[2019-12-09T01:43:09.610+0000][1][safepoint    ] Entering safepoint region: Cleanup
[2019-12-09T01:43:09.610+0000][1][safepoint    ] Leaving safepoint region
[2019-12-09T01:43:09.610+0000][1][safepoint    ] Total time for which application threads were stopped: 0.0560971 seconds, Stopping threads took: 0.0560492 seconds
[2019-12-09T01:43:11.480+0000][1][safepoint    ] Application time: 1.8700443 seconds
[2019-12-09T01:43:11.480+0000][1][safepoint    ] Entering safepoint region: RevokeBias
[2019-12-09T01:43:11.480+0000][1][safepoint    ] Leaving safepoint region
[2019-12-09T01:43:11.480+0000][1][safepoint    ] Total time for which application threads were stopped: 0.0001399 seconds, Stopping threads took: 0.0000454 seconds
[2019-12-09T01:43:11.480+0000][1][safepoint    ] Application time: 0.0001506 seconds
[2019-12-09T01:43:11.480+0000][1][safepoint    ] Entering safepoint region: RevokeBias
[2019-12-09T01:43:11.480+0000][1][safepoint    ] Leaving safepoint region
[2019-12-09T01:43:11.480+0000][1][safepoint    ] Total time for which application threads were stopped: 0.0000720 seconds, Stopping threads took: 0.0000137 seconds
[2019-12-09T01:43:11.480+0000][1][safepoint    ] Application time: 0.0001393 seconds
[2019-12-09T01:43:11.480+0000][1][safepoint    ] Entering safepoint region: RevokeBias
[2019-12-09T01:43:11.481+0000][1][safepoint    ] Leaving safepoint region
[2019-12-09T01:43:11.481+0000][1][safepoint    ] Total time for which application threads were stopped: 0.0000595 seconds, Stopping threads took: 0.0000080 seconds
[2019-12-09T01:43:11.481+0000][1][safepoint    ] Application time: 0.0001403 seconds
[2019-12-09T01:43:11.481+0000][1][safepoint    ] Entering safepoint region: RevokeBias
[2019-12-09T01:43:11.481+0000][1][safepoint    ] Leaving safepoint region
[2019-12-09T01:43:11.481+0000][1][safepoint    ] Total time for which application threads were stopped: 0.0000706 seconds, Stopping threads took: 0.0000085 seconds
[2019-12-09T01:43:11.481+0000][1][safepoint    ] Application time: 0.0000787 seconds
[2019-12-09T01:43:11.481+0000][1][safepoint    ] Entering safepoint region: RevokeBias
[2019-12-09T01:43:11.481+0000][1][safepoint    ] Leaving safepoint region
[2019-12-09T01:43:11.481+0000][1][safepoint    ] Total time for which application threads were stopped: 0.0000544 seconds, Stopping threads took: 0.0000085 seconds
[2019-12-09T01:43:11.481+0000][1][safepoint    ] Application time: 0.0000512 seconds
[2019-12-09T01:43:11.481+0000][1][safepoint    ] Entering safepoint region: RevokeBias
[2019-12-09T01:43:11.481+0000][1][safepoint    ] Leaving safepoint region
[2019-12-09T01:43:11.481+0000][1][safepoint    ] Total time for which application threads were stopped: 0.0000493 seconds, Stopping threads took: 0.0000083 seconds
[2019-12-09T01:43:11.481+0000][1][safepoint    ] Application time: 0.0000763 seconds
[2019-12-09T01:43:11.481+0000][1][safepoint    ] Entering safepoint region: RevokeBias
[2019-12-09T01:43:11.481+0000][1][safepoint    ] Leaving safepoint region
[2019-12-09T01:43:11.481+0000][1][safepoint    ] Total time for which application threads were stopped: 0.0000539 seconds, Stopping threads took: 0.0000083 seconds
[2019-12-09T01:43:11.481+0000][1][safepoint    ] Application time: 0.0000572 seconds
[2019-12-09T01:43:11.481+0000][1][safepoint    ] Entering safepoint region: RevokeBias
[2019-12-09T01:43:11.481+0000][1][safepoint    ] Leaving safepoint region
[2019-12-09T01:43:11.481+0000][1][safepoint    ] Total time for which application threads were stopped: 0.0000530 seconds, Stopping threads took: 0.0000081 seconds
[2019-12-09T01:43:11.482+0000][1][safepoint    ] Application time: 0.0005889 seconds
[2019-12-09T01:43:11.482+0000][1][safepoint    ] Entering safepoint region: RevokeBias
[2019-12-09T01:43:11.482+0000][1][safepoint    ] Leaving safepoint region
[2019-12-09T01:43:11.482+0000][1][safepoint    ] Total time for which application threads were stopped: 0.0000671 seconds, Stopping threads took: 0.0000105 seconds
[2019-12-09T01:43:11.482+0000][1][safepoint    ] Application time: 0.0003903 seconds
[2019-12-09T01:43:11.482+0000][1][safepoint    ] Entering safepoint region: RevokeBias
[2019-12-09T01:43:11.482+0000][1][safepoint    ] Leaving safepoint region
[2019-12-09T01:43:11.482+0000][1][safepoint    ] Total time for which application threads were stopped: 0.0000642 seconds, Stopping threads took: 0.0000099 seconds
[2019-12-09T01:43:12.493+0000][1][safepoint    ] Application time: 1.0102254 seconds
[2019-12-09T01:43:12.557+0000][1][safepoint    ] Entering safepoint region: Cleanup
[2019-12-09T01:43:12.557+0000][1][safepoint    ] Leaving safepoint region
[2019-12-09T01:43:12.557+0000][1][safepoint    ] Total time for which application threads were stopped: 0.0641388 seconds, Stopping threads took: 0.0640667 seconds
[2019-12-09T01:43:13.059+0000][1][safepoint    ] Application time: 0.5018132 seconds
[2019-12-09T01:43:13.149+0000][1][safepoint    ] Entering safepoint region: RevokeBias
[2019-12-09T01:43:13.149+0000][1][safepoint    ] Leaving safepoint region
[2019-12-09T01:43:13.150+0000][1][safepoint    ] Total time for which application threads were stopped: 0.0907595 seconds, Stopping threads took: 0.0906420 seconds
[2019-12-09T01:43:13.150+0000][1][safepoint    ] Application time: 0.0002727 seconds
[2019-12-09T01:43:13.150+0000][1][safepoint    ] Entering safepoint region: RevokeBias
[2019-12-09T01:43:13.150+0000][1][safepoint    ] Leaving safepoint region
[2019-12-09T01:43:13.150+0000][1][safepoint    ] Total time for which application threads were stopped: 0.0000959 seconds, Stopping threads took: 0.0000115 seconds
[2019-12-09T01:43:14.088+0000][1][safepoint    ] Application time: 0.9377904 seconds
[2019-12-09T01:43:14.088+0000][1][safepoint    ] Entering safepoint region: GenCollectForAllocation
[2019-12-09T01:43:14.088+0000][1][gc,start     ] GC(19) Pause Young (Allocation Failure)
[2019-12-09T01:43:14.088+0000][1][gc,task      ] GC(19) Using 2 workers of 2 for evacuation
[2019-12-09T01:43:14.204+0000][1][gc,age       ] GC(19) Desired survivor size 4456448 bytes, new threshold 2 (max threshold 6)
[2019-12-09T01:43:14.204+0000][1][gc,age       ] GC(19) Age table with threshold 2 (max threshold 6)
[2019-12-09T01:43:14.204+0000][1][gc,age       ] GC(19) - age   1:    2542008 bytes,    2542008 total
[2019-12-09T01:43:14.204+0000][1][gc,age       ] GC(19) - age   2:    1937920 bytes,    4479928 total
[2019-12-09T01:43:14.204+0000][1][gc,age       ] GC(19) - age   3:    1193960 bytes,    5673888 total
[2019-12-09T01:43:14.204+0000][1][gc,heap      ] GC(19) ParNew: 73965K->7040K(78656K)
[2019-12-09T01:43:14.204+0000][1][gc,heap      ] GC(19) CMS: 54822K->54822K(174784K)
[2019-12-09T01:43:14.204+0000][1][gc,metaspace ] GC(19) Metaspace: 43176K->43176K(1089536K)
[2019-12-09T01:43:14.204+0000][1][gc           ] GC(19) Pause Young (Allocation Failure) 125M->60M(247M) 116.120ms
[2019-12-09T01:43:14.204+0000][1][gc,cpu       ] GC(19) User=0.04s Sys=0.00s Real=0.11s
[2019-12-09T01:43:14.204+0000][1][safepoint    ] Leaving safepoint region
[2019-12-09T01:43:14.204+0000][1][safepoint    ] Total time for which application threads were stopped: 0.1163212 seconds, Stopping threads took: 0.0000359 seconds
[2019-12-09T01:43:15.961+0000][1][safepoint    ] Application time: 1.7566203 seconds
[2019-12-09T01:43:15.961+0000][1][safepoint    ] Entering safepoint region: Cleanup
[2019-12-09T01:43:15.961+0000][1][safepoint    ] Leaving safepoint region
[2019-12-09T01:43:15.961+0000][1][safepoint    ] Total time for which application threads were stopped: 0.0001296 seconds, Stopping threads took: 0.0000502 seconds
[2019-12-09T01:43:16.120+0000][1][safepoint    ] Application time: 0.1593717 seconds
[2019-12-09T01:43:16.120+0000][1][safepoint    ] Entering safepoint region: RevokeBias
[2019-12-09T01:43:16.120+0000][1][safepoint    ] Leaving safepoint region
[2019-12-09T01:43:16.120+0000][1][safepoint    ] Total time for which application threads were stopped: 0.0000952 seconds, Stopping threads took: 0.0000136 seconds
[2019-12-09T01:43:16.162+0000][1][safepoint    ] Application time: 0.0419283 seconds
[2019-12-09T01:43:16.162+0000][1][safepoint    ] Entering safepoint region: RevokeBias
[2019-12-09T01:43:16.162+0000][1][safepoint    ] Leaving safepoint region
[2019-12-09T01:43:16.162+0000][1][safepoint    ] Total time for which application threads were stopped: 0.0000858 seconds, Stopping threads took: 0.0000128 seconds
[2019-12-09T01:43:17.189+0000][1][safepoint    ] Application time: 1.0262738 seconds
[2019-12-09T01:43:17.189+0000][1][safepoint    ] Entering safepoint region: Cleanup
[2019-12-09T01:43:17.189+0000][1][safepoint    ] Leaving safepoint region
[2019-12-09T01:43:17.189+0000][1][safepoint    ] Total time for which application threads were stopped: 0.0005403 seconds, Stopping threads took: 0.0004776 seconds
[2019-12-09T01:43:17.524+0000][1][safepoint    ] Application time: 0.3343845 seconds
[2019-12-09T01:43:17.544+0000][1][safepoint    ] Entering safepoint region: RevokeBias
[2019-12-09T01:43:17.544+0000][1][safepoint    ] Leaving safepoint region
[2019-12-09T01:43:17.544+0000][1][safepoint    ] Total time for which application threads were stopped: 0.0204863 seconds, Stopping threads took: 0.0200034 seconds
[2019-12-09T01:43:17.544+0000][1][safepoint    ] Application time: 0.0002381 seconds
[2019-12-09T01:43:17.544+0000][1][safepoint    ] Entering safepoint region: RevokeBias
[2019-12-09T01:43:17.545+0000][1][safepoint    ] Leaving safepoint region
[2019-12-09T01:43:17.545+0000][1][safepoint    ] Total time for which application threads were stopped: 0.0000651 seconds, Stopping threads took: 0.0000108 seconds
[2019-12-09T01:43:17.545+0000][1][safepoint    ] Application time: 0.0000657 seconds
[2019-12-09T01:43:17.545+0000][1][safepoint    ] Entering safepoint region: RevokeBias
[2019-12-09T01:43:17.545+0000][1][safepoint    ] Leaving safepoint region
[2019-12-09T01:43:17.545+0000][1][safepoint    ] Total time for which application threads were stopped: 0.0000598 seconds, Stopping threads took: 0.0000077 seconds
[2019-12-09T01:43:18.046+0000][1][safepoint    ] Application time: 0.5011153 seconds
[2019-12-09T01:43:18.047+0000][1][safepoint    ] Entering safepoint region: RevokeBias
[2019-12-09T01:43:18.047+0000][1][safepoint    ] Leaving safepoint region
[2019-12-09T01:43:18.047+0000][1][safepoint    ] Total time for which application threads were stopped: 0.0009437 seconds, Stopping threads took: 0.0008520 seconds
[2019-12-09T01:43:18.047+0000][1][safepoint    ] Application time: 0.0000970 seconds
[2019-12-09T01:43:18.047+0000][1][safepoint    ] Entering safepoint region: RevokeBias
[2019-12-09T01:43:18.047+0000][1][safepoint    ] Leaving safepoint region
[2019-12-09T01:43:18.047+0000][1][safepoint    ] Total time for which application threads were stopped: 0.0000693 seconds, Stopping threads took: 0.0000090 seconds
[2019-12-09T01:43:18.047+0000][1][safepoint    ] Application time: 0.0000520 seconds
[2019-12-09T01:43:18.047+0000][1][safepoint    ] Entering safepoint region: RevokeBias
[2019-12-09T01:43:18.047+0000][1][safepoint    ] Leaving safepoint region
[2019-12-09T01:43:18.047+0000][1][safepoint    ] Total time for which application threads were stopped: 0.0000440 seconds, Stopping threads took: 0.0000075 seconds
[2019-12-09T01:43:18.047+0000][1][safepoint    ] Application time: 0.0001025 seconds
[2019-12-09T01:43:18.047+0000][1][safepoint    ] Entering safepoint region: RevokeBias
[2019-12-09T01:43:18.047+0000][1][safepoint    ] Leaving safepoint region
[2019-12-09T01:43:18.047+0000][1][safepoint    ] Total time for which application threads were stopped: 0.0000437 seconds, Stopping threads took: 0.0000075 seconds
[2019-12-09T01:43:18.047+0000][1][safepoint    ] Application time: 0.0001563 seconds
[2019-12-09T01:43:18.047+0000][1][safepoint    ] Entering safepoint region: RevokeBias
[2019-12-09T01:43:18.047+0000][1][safepoint    ] Leaving safepoint region
[2019-12-09T01:43:18.047+0000][1][safepoint    ] Total time for which application threads were stopped: 0.0000467 seconds, Stopping threads took: 0.0000076 seconds
[2019-12-09T01:43:18.048+0000][1][safepoint    ] Application time: 0.0000625 seconds
[2019-12-09T01:43:18.048+0000][1][safepoint    ] Entering safepoint region: RevokeBias
[2019-12-09T01:43:18.048+0000][1][safepoint    ] Leaving safepoint region
[2019-12-09T01:43:18.048+0000][1][safepoint    ] Total time for which application threads were stopped: 0.0000424 seconds, Stopping threads took: 0.0000073 seconds
[2019-12-09T01:43:18.082+0000][1][safepoint    ] Application time: 0.0347782 seconds
[2019-12-09T01:43:18.082+0000][1][safepoint    ] Entering safepoint region: RevokeBias
[2019-12-09T01:43:18.083+0000][1][safepoint    ] Leaving safepoint region
[2019-12-09T01:43:18.083+0000][1][safepoint    ] Total time for which application threads were stopped: 0.0001017 seconds, Stopping threads took: 0.0000131 seconds
[2019-12-09T01:43:18.083+0000][1][safepoint    ] Application time: 0.0000619 seconds
[2019-12-09T01:43:18.083+0000][1][safepoint    ] Entering safepoint region: RevokeBias
[2019-12-09T01:43:18.083+0000][1][safepoint    ] Leaving safepoint region
[2019-12-09T01:43:18.083+0000][1][safepoint    ] Total time for which application threads were stopped: 0.0000647 seconds, Stopping threads took: 0.0000153 seconds
[2019-12-09T01:43:18.083+0000][1][safepoint    ] Application time: 0.0000722 seconds
[2019-12-09T01:43:18.083+0000][1][safepoint    ] Entering safepoint region: RevokeBias
[2019-12-09T01:43:18.083+0000][1][safepoint    ] Leaving safepoint region
[2019-12-09T01:43:18.083+0000][1][safepoint    ] Total time for which application threads were stopped: 0.0000685 seconds, Stopping threads took: 0.0000089 seconds
[2019-12-09T01:43:18.083+0000][1][safepoint    ] Application time: 0.0000547 seconds
[2019-12-09T01:43:18.083+0000][1][safepoint    ] Entering safepoint region: RevokeBias
[2019-12-09T01:43:18.083+0000][1][safepoint    ] Leaving safepoint region
[2019-12-09T01:43:18.083+0000][1][safepoint    ] Total time for which application threads were stopped: 0.0000502 seconds, Stopping threads took: 0.0000080 seconds
[2019-12-09T01:43:18.083+0000][1][safepoint    ] Application time: 0.0000525 seconds
[2019-12-09T01:43:18.083+0000][1][safepoint    ] Entering safepoint region: RevokeBias
[2019-12-09T01:43:18.083+0000][1][safepoint    ] Leaving safepoint region
[2019-12-09T01:43:18.083+0000][1][safepoint    ] Total time for which application threads were stopped: 0.0000452 seconds, Stopping threads took: 0.0000075 seconds
[2019-12-09T01:43:18.083+0000][1][safepoint    ] Application time: 0.0000517 seconds
[2019-12-09T01:43:18.083+0000][1][safepoint    ] Entering safepoint region: RevokeBias
[2019-12-09T01:43:18.083+0000][1][safepoint    ] Leaving safepoint region
[2019-12-09T01:43:18.083+0000][1][safepoint    ] Total time for which application threads were stopped: 0.0000453 seconds, Stopping threads took: 0.0000081 seconds
[2019-12-09T01:43:18.083+0000][1][safepoint    ] Application time: 0.0000512 seconds
[2019-12-09T01:43:18.083+0000][1][safepoint    ] Entering safepoint region: RevokeBias
[2019-12-09T01:43:18.083+0000][1][safepoint    ] Leaving safepoint region
[2019-12-09T01:43:18.083+0000][1][safepoint    ] Total time for which application threads were stopped: 0.0000445 seconds, Stopping threads took: 0.0000078 seconds
[2019-12-09T01:43:18.083+0000][1][safepoint    ] Application time: 0.0000518 seconds
[2019-12-09T01:43:18.083+0000][1][safepoint    ] Entering safepoint region: RevokeBias
[2019-12-09T01:43:18.083+0000][1][safepoint    ] Leaving safepoint region
[2019-12-09T01:43:18.083+0000][1][safepoint    ] Total time for which application threads were stopped: 0.0000449 seconds, Stopping threads took: 0.0000085 seconds
[2019-12-09T01:43:18.083+0000][1][safepoint    ] Application time: 0.0000523 seconds
[2019-12-09T01:43:18.083+0000][1][safepoint    ] Entering safepoint region: RevokeBias
[2019-12-09T01:43:18.084+0000][1][safepoint    ] Leaving safepoint region
[2019-12-09T01:43:18.084+0000][1][safepoint    ] Total time for which application threads were stopped: 0.0000452 seconds, Stopping threads took: 0.0000076 seconds
[2019-12-09T01:43:18.084+0000][1][safepoint    ] Application time: 0.0000512 seconds
[2019-12-09T01:43:18.084+0000][1][safepoint    ] Entering safepoint region: RevokeBias
[2019-12-09T01:43:18.084+0000][1][safepoint    ] Leaving safepoint region
[2019-12-09T01:43:18.084+0000][1][safepoint    ] Total time for which application threads were stopped: 0.0000453 seconds, Stopping threads took: 0.0000077 seconds
[2019-12-09T01:43:18.084+0000][1][safepoint    ] Application time: 0.0000626 seconds
[2019-12-09T01:43:18.084+0000][1][safepoint    ] Entering safepoint region: RevokeBias
[2019-12-09T01:43:18.084+0000][1][safepoint    ] Leaving safepoint region
[2019-12-09T01:43:18.084+0000][1][safepoint    ] Total time for which application threads were stopped: 0.0000508 seconds, Stopping threads took: 0.0000081 seconds
[2019-12-09T01:43:18.084+0000][1][safepoint    ] Application time: 0.0000535 seconds
[2019-12-09T01:43:18.084+0000][1][safepoint    ] Entering safepoint region: RevokeBias
[2019-12-09T01:43:18.084+0000][1][safepoint    ] Leaving safepoint region
[2019-12-09T01:43:18.084+0000][1][safepoint    ] Total time for which application threads were stopped: 0.0000513 seconds, Stopping threads took: 0.0000119 seconds
[2019-12-09T01:43:18.084+0000][1][safepoint    ] Application time: 0.0000533 seconds
[2019-12-09T01:43:18.084+0000][1][safepoint    ] Entering safepoint region: RevokeBias
[2019-12-09T01:43:18.084+0000][1][safepoint    ] Leaving safepoint region
[2019-12-09T01:43:18.084+0000][1][safepoint    ] Total time for which application threads were stopped: 0.0000491 seconds, Stopping threads took: 0.0000079 seconds
[2019-12-09T01:43:18.084+0000][1][safepoint    ] Application time: 0.0000547 seconds
[2019-12-09T01:43:18.084+0000][1][safepoint    ] Entering safepoint region: RevokeBias
[2019-12-09T01:43:18.084+0000][1][safepoint    ] Leaving safepoint region
[2019-12-09T01:43:18.084+0000][1][safepoint    ] Total time for which application threads were stopped: 0.0000479 seconds, Stopping threads took: 0.0000081 seconds
[2019-12-09T01:43:18.084+0000][1][safepoint    ] Application time: 0.0000528 seconds
[2019-12-09T01:43:18.084+0000][1][safepoint    ] Entering safepoint region: RevokeBias
[2019-12-09T01:43:18.084+0000][1][safepoint    ] Leaving safepoint region
[2019-12-09T01:43:18.084+0000][1][safepoint    ] Total time for which application threads were stopped: 0.0000467 seconds, Stopping threads took: 0.0000079 seconds
[2019-12-09T01:43:18.084+0000][1][safepoint    ] Application time: 0.0000539 seconds
[2019-12-09T01:43:18.084+0000][1][safepoint    ] Entering safepoint region: RevokeBias
[2019-12-09T01:43:18.084+0000][1][safepoint    ] Leaving safepoint region
[2019-12-09T01:43:18.084+0000][1][safepoint    ] Total time for which application threads were stopped: 0.0000527 seconds, Stopping threads took: 0.0000088 seconds
[2019-12-09T01:43:18.084+0000][1][safepoint    ] Application time: 0.0000551 seconds
[2019-12-09T01:43:18.084+0000][1][safepoint    ] Entering safepoint region: RevokeBias
[2019-12-09T01:43:18.084+0000][1][safepoint    ] Leaving safepoint region
[2019-12-09T01:43:18.084+0000][1][safepoint    ] Total time for which application threads were stopped: 0.0000507 seconds, Stopping threads took: 0.0000082 seconds
[2019-12-09T01:43:18.085+0000][1][safepoint    ] Application time: 0.0000558 seconds
[2019-12-09T01:43:18.085+0000][1][safepoint    ] Entering safepoint region: BulkRevokeBias
[2019-12-09T01:43:18.085+0000][1][safepoint    ] Leaving safepoint region
[2019-12-09T01:43:18.085+0000][1][safepoint    ] Total time for which application threads were stopped: 0.0001194 seconds, Stopping threads took: 0.0000087 seconds
[2019-12-09T01:43:18.085+0000][1][safepoint    ] Application time: 0.0001963 seconds
[2019-12-09T01:43:18.085+0000][1][safepoint    ] Entering safepoint region: RevokeBias
[2019-12-09T01:43:18.085+0000][1][safepoint    ] Leaving safepoint region
[2019-12-09T01:43:18.085+0000][1][safepoint    ] Total time for which application threads were stopped: 0.0000706 seconds, Stopping threads took: 0.0000092 seconds
[2019-12-09T01:43:18.085+0000][1][safepoint    ] Application time: 0.0000929 seconds
[2019-12-09T01:43:18.085+0000][1][safepoint    ] Entering safepoint region: RevokeBias
[2019-12-09T01:43:18.085+0000][1][safepoint    ] Leaving safepoint region
[2019-12-09T01:43:18.085+0000][1][safepoint    ] Total time for which application threads were stopped: 0.0000625 seconds, Stopping threads took: 0.0000081 seconds
[2019-12-09T01:43:18.085+0000][1][safepoint    ] Application time: 0.0001302 seconds
[2019-12-09T01:43:18.085+0000][1][safepoint    ] Entering safepoint region: RevokeBias
[2019-12-09T01:43:18.085+0000][1][safepoint    ] Leaving safepoint region
[2019-12-09T01:43:18.085+0000][1][safepoint    ] Total time for which application threads were stopped: 0.0000645 seconds, Stopping threads took: 0.0000090 seconds
[2019-12-09T01:43:18.085+0000][1][safepoint    ] Application time: 0.0000786 seconds
[2019-12-09T01:43:18.085+0000][1][safepoint    ] Entering safepoint region: RevokeBias
[2019-12-09T01:43:18.085+0000][1][safepoint    ] Leaving safepoint region
[2019-12-09T01:43:18.086+0000][1][safepoint    ] Total time for which application threads were stopped: 0.0000655 seconds, Stopping threads took: 0.0000129 seconds
[2019-12-09T01:43:18.086+0000][1][safepoint    ] Application time: 0.0000893 seconds
[2019-12-09T01:43:18.086+0000][1][safepoint    ] Entering safepoint region: RevokeBias
[2019-12-09T01:43:18.086+0000][1][safepoint    ] Leaving safepoint region
[2019-12-09T01:43:18.086+0000][1][safepoint    ] Total time for which application threads were stopped: 0.0000619 seconds, Stopping threads took: 0.0000090 seconds
[2019-12-09T01:43:18.086+0000][1][safepoint    ] Application time: 0.0000662 seconds
[2019-12-09T01:43:18.086+0000][1][safepoint    ] Entering safepoint region: RevokeBias
[2019-12-09T01:43:18.086+0000][1][safepoint    ] Leaving safepoint region
[2019-12-09T01:43:18.086+0000][1][safepoint    ] Total time for which application threads were stopped: 0.0000536 seconds, Stopping threads took: 0.0000080 seconds
[2019-12-09T01:43:18.086+0000][1][safepoint    ] Application time: 0.0001710 seconds
[2019-12-09T01:43:18.086+0000][1][safepoint    ] Entering safepoint region: RevokeBias
[2019-12-09T01:43:18.086+0000][1][safepoint    ] Leaving safepoint region
[2019-12-09T01:43:18.086+0000][1][safepoint    ] Total time for which application threads were stopped: 0.0000483 seconds, Stopping threads took: 0.0000083 seconds
[2019-12-09T01:43:18.086+0000][1][safepoint    ] Application time: 0.0000559 seconds
[2019-12-09T01:43:18.086+0000][1][safepoint    ] Entering safepoint region: RevokeBias
[2019-12-09T01:43:18.086+0000][1][safepoint    ] Leaving safepoint region
[2019-12-09T01:43:18.086+0000][1][safepoint    ] Total time for which application threads were stopped: 0.0000472 seconds, Stopping threads took: 0.0000080 seconds
[2019-12-09T01:43:18.086+0000][1][safepoint    ] Application time: 0.0002930 seconds
[2019-12-09T01:43:18.086+0000][1][safepoint    ] Entering safepoint region: RevokeBias
[2019-12-09T01:43:18.087+0000][1][safepoint    ] Leaving safepoint region
[2019-12-09T01:43:18.087+0000][1][safepoint    ] Total time for which application threads were stopped: 0.0000536 seconds, Stopping threads took: 0.0000084 seconds
[2019-12-09T01:43:18.087+0000][1][safepoint    ] Application time: 0.0000740 seconds
[2019-12-09T01:43:18.087+0000][1][safepoint    ] Entering safepoint region: BulkRevokeBias
[2019-12-09T01:43:18.087+0000][1][safepoint    ] Leaving safepoint region
[2019-12-09T01:43:18.087+0000][1][safepoint    ] Total time for which application threads were stopped: 0.0001254 seconds, Stopping threads took: 0.0000083 seconds
[2019-12-09T01:43:18.087+0000][1][safepoint    ] Application time: 0.0001539 seconds
[2019-12-09T01:43:18.087+0000][1][safepoint    ] Entering safepoint region: RevokeBias
[2019-12-09T01:43:18.087+0000][1][safepoint    ] Leaving safepoint region
[2019-12-09T01:43:18.087+0000][1][safepoint    ] Total time for which application threads were stopped: 0.0000566 seconds, Stopping threads took: 0.0000083 seconds
[2019-12-09T01:43:18.087+0000][1][safepoint    ] Application time: 0.0001799 seconds
[2019-12-09T01:43:18.087+0000][1][safepoint    ] Entering safepoint region: RevokeBias
[2019-12-09T01:43:18.087+0000][1][safepoint    ] Leaving safepoint region
[2019-12-09T01:43:18.087+0000][1][safepoint    ] Total time for which application threads were stopped: 0.0000439 seconds, Stopping threads took: 0.0000073 seconds
[2019-12-09T01:43:18.087+0000][1][safepoint    ] Application time: 0.0000682 seconds
[2019-12-09T01:43:18.087+0000][1][safepoint    ] Entering safepoint region: RevokeBias
[2019-12-09T01:43:18.087+0000][1][safepoint    ] Leaving safepoint region
[2019-12-09T01:43:18.087+0000][1][safepoint    ] Total time for which application threads were stopped: 0.0000446 seconds, Stopping threads took: 0.0000080 seconds
[2019-12-09T01:43:18.087+0000][1][safepoint    ] Application time: 0.0000493 seconds
[2019-12-09T01:43:18.087+0000][1][safepoint    ] Entering safepoint region: RevokeBias
[2019-12-09T01:43:18.087+0000][1][safepoint    ] Leaving safepoint region
[2019-12-09T01:43:18.087+0000][1][safepoint    ] Total time for which application threads were stopped: 0.0000486 seconds, Stopping threads took: 0.0000120 seconds
[2019-12-09T01:43:18.088+0000][1][safepoint    ] Application time: 0.0000494 seconds
[2019-12-09T01:43:18.088+0000][1][safepoint    ] Entering safepoint region: RevokeBias
[2019-12-09T01:43:18.088+0000][1][safepoint    ] Leaving safepoint region
[2019-12-09T01:43:18.088+0000][1][safepoint    ] Total time for which application threads were stopped: 0.0000431 seconds, Stopping threads took: 0.0000077 seconds
[2019-12-09T01:43:18.088+0000][1][safepoint    ] Application time: 0.0003456 seconds
[2019-12-09T01:43:18.088+0000][1][safepoint    ] Entering safepoint region: RevokeBias
[2019-12-09T01:43:18.088+0000][1][safepoint    ] Leaving safepoint region
[2019-12-09T01:43:18.088+0000][1][safepoint    ] Total time for which application threads were stopped: 0.0000572 seconds, Stopping threads took: 0.0000185 seconds
[2019-12-09T01:43:18.088+0000][1][safepoint    ] Application time: 0.0001069 seconds
[2019-12-09T01:43:18.088+0000][1][safepoint    ] Entering safepoint region: RevokeBias
[2019-12-09T01:43:18.088+0000][1][safepoint    ] Leaving safepoint region
[2019-12-09T01:43:18.088+0000][1][safepoint    ] Total time for which application threads were stopped: 0.0000415 seconds, Stopping threads took: 0.0000071 seconds
[2019-12-09T01:43:18.088+0000][1][safepoint    ] Application time: 0.0001403 seconds
[2019-12-09T01:43:18.088+0000][1][safepoint    ] Entering safepoint region: RevokeBias
[2019-12-09T01:43:18.088+0000][1][safepoint    ] Leaving safepoint region
[2019-12-09T01:43:18.088+0000][1][safepoint    ] Total time for which application threads were stopped: 0.0000455 seconds, Stopping threads took: 0.0000073 seconds
[2019-12-09T01:43:18.089+0000][1][safepoint    ] Application time: 0.0002937 seconds
[2019-12-09T01:43:18.089+0000][1][safepoint    ] Entering safepoint region: RevokeBias
[2019-12-09T01:43:18.089+0000][1][safepoint    ] Leaving safepoint region
[2019-12-09T01:43:18.089+0000][1][safepoint    ] Total time for which application threads were stopped: 0.0000593 seconds, Stopping threads took: 0.0000097 seconds
[2019-12-09T01:43:18.089+0000][1][safepoint    ] Application time: 0.0004231 seconds
[2019-12-09T01:43:18.089+0000][1][safepoint    ] Entering safepoint region: RevokeBias
[2019-12-09T01:43:18.089+0000][1][safepoint    ] Leaving safepoint region
[2019-12-09T01:43:18.089+0000][1][safepoint    ] Total time for which application threads were stopped: 0.0000615 seconds, Stopping threads took: 0.0000101 seconds
[2019-12-09T01:43:18.089+0000][1][safepoint    ] Application time: 0.0001573 seconds
[2019-12-09T01:43:18.089+0000][1][safepoint    ] Entering safepoint region: RevokeBias
[2019-12-09T01:43:18.090+0000][1][safepoint    ] Leaving safepoint region
[2019-12-09T01:43:18.090+0000][1][safepoint    ] Total time for which application threads were stopped: 0.0000644 seconds, Stopping threads took: 0.0000089 seconds
[2019-12-09T01:43:18.090+0000][1][safepoint    ] Application time: 0.0002581 seconds
[2019-12-09T01:43:18.090+0000][1][safepoint    ] Entering safepoint region: RevokeBias
[2019-12-09T01:43:18.090+0000][1][safepoint    ] Leaving safepoint region
[2019-12-09T01:43:18.090+0000][1][safepoint    ] Total time for which application threads were stopped: 0.0000669 seconds, Stopping threads took: 0.0000097 seconds
[2019-12-09T01:43:18.150+0000][1][safepoint    ] Application time: 0.0601651 seconds
[2019-12-09T01:43:18.150+0000][1][safepoint    ] Entering safepoint region: RevokeBias
[2019-12-09T01:43:18.150+0000][1][safepoint    ] Leaving safepoint region
[2019-12-09T01:43:18.150+0000][1][safepoint    ] Total time for which application threads were stopped: 0.0001437 seconds, Stopping threads took: 0.0000477 seconds
[2019-12-09T01:43:18.150+0000][1][safepoint    ] Application time: 0.0000708 seconds
[2019-12-09T01:43:18.150+0000][1][safepoint    ] Entering safepoint region: RevokeBias
[2019-12-09T01:43:18.150+0000][1][safepoint    ] Leaving safepoint region
[2019-12-09T01:43:18.150+0000][1][safepoint    ] Total time for which application threads were stopped: 0.0000552 seconds, Stopping threads took: 0.0000158 seconds
[2019-12-09T01:43:18.150+0000][1][safepoint    ] Application time: 0.0000549 seconds
[2019-12-09T01:43:18.150+0000][1][safepoint    ] Entering safepoint region: RevokeBias
[2019-12-09T01:43:18.150+0000][1][safepoint    ] Leaving safepoint region
[2019-12-09T01:43:18.150+0000][1][safepoint    ] Total time for which application threads were stopped: 0.0000408 seconds, Stopping threads took: 0.0000081 seconds
[2019-12-09T01:43:18.151+0000][1][safepoint    ] Application time: 0.0000522 seconds
[2019-12-09T01:43:18.151+0000][1][safepoint    ] Entering safepoint region: RevokeBias
[2019-12-09T01:43:18.151+0000][1][safepoint    ] Leaving safepoint region
[2019-12-09T01:43:18.151+0000][1][safepoint    ] Total time for which application threads were stopped: 0.0000458 seconds, Stopping threads took: 0.0000087 seconds
[2019-12-09T01:43:18.151+0000][1][safepoint    ] Application time: 0.0000544 seconds
[2019-12-09T01:43:18.151+0000][1][safepoint    ] Entering safepoint region: RevokeBias
[2019-12-09T01:43:18.151+0000][1][safepoint    ] Leaving safepoint region
[2019-12-09T01:43:18.151+0000][1][safepoint    ] Total time for which application threads were stopped: 0.0000693 seconds, Stopping threads took: 0.0000088 seconds
[2019-12-09T01:43:18.151+0000][1][safepoint    ] Application time: 0.0000568 seconds
[2019-12-09T01:43:18.151+0000][1][safepoint    ] Entering safepoint region: RevokeBias
[2019-12-09T01:43:18.151+0000][1][safepoint    ] Leaving safepoint region
[2019-12-09T01:43:18.151+0000][1][safepoint    ] Total time for which application threads were stopped: 0.0000389 seconds, Stopping threads took: 0.0000077 seconds
[2019-12-09T01:43:18.151+0000][1][safepoint    ] Application time: 0.0000491 seconds
[2019-12-09T01:43:18.151+0000][1][safepoint    ] Entering safepoint region: RevokeBias
[2019-12-09T01:43:18.151+0000][1][safepoint    ] Leaving safepoint region
[2019-12-09T01:43:18.151+0000][1][safepoint    ] Total time for which application threads were stopped: 0.0000368 seconds, Stopping threads took: 0.0000071 seconds
[2019-12-09T01:43:18.151+0000][1][safepoint    ] Application time: 0.0000497 seconds
[2019-12-09T01:43:18.151+0000][1][safepoint    ] Entering safepoint region: RevokeBias
[2019-12-09T01:43:18.151+0000][1][safepoint    ] Leaving safepoint region
[2019-12-09T01:43:18.151+0000][1][safepoint    ] Total time for which application threads were stopped: 0.0000355 seconds, Stopping threads took: 0.0000070 seconds
[2019-12-09T01:43:18.151+0000][1][safepoint    ] Application time: 0.0000491 seconds
[2019-12-09T01:43:18.151+0000][1][safepoint    ] Entering safepoint region: RevokeBias
[2019-12-09T01:43:18.151+0000][1][safepoint    ] Leaving safepoint region
[2019-12-09T01:43:18.151+0000][1][safepoint    ] Total time for which application threads were stopped: 0.0000381 seconds, Stopping threads took: 0.0000077 seconds
[2019-12-09T01:43:18.151+0000][1][safepoint    ] Application time: 0.0000516 seconds
[2019-12-09T01:43:18.151+0000][1][safepoint    ] Entering safepoint region: RevokeBias
[2019-12-09T01:43:18.151+0000][1][safepoint    ] Leaving safepoint region
[2019-12-09T01:43:18.151+0000][1][safepoint    ] Total time for which application threads were stopped: 0.0000375 seconds, Stopping threads took: 0.0000075 seconds
[2019-12-09T01:43:18.151+0000][1][safepoint    ] Application time: 0.0000521 seconds
[2019-12-09T01:43:18.151+0000][1][safepoint    ] Entering safepoint region: RevokeBias
[2019-12-09T01:43:18.151+0000][1][safepoint    ] Leaving safepoint region
[2019-12-09T01:43:18.151+0000][1][safepoint    ] Total time for which application threads were stopped: 0.0000375 seconds, Stopping threads took: 0.0000072 seconds
[2019-12-09T01:43:18.151+0000][1][safepoint    ] Application time: 0.0000495 seconds
[2019-12-09T01:43:18.151+0000][1][safepoint    ] Entering safepoint region: RevokeBias
[2019-12-09T01:43:18.151+0000][1][safepoint    ] Leaving safepoint region
[2019-12-09T01:43:18.151+0000][1][safepoint    ] Total time for which application threads were stopped: 0.0000423 seconds, Stopping threads took: 0.0000117 seconds
[2019-12-09T01:43:18.152+0000][1][safepoint    ] Application time: 0.0000504 seconds
[2019-12-09T01:43:18.152+0000][1][safepoint    ] Entering safepoint region: RevokeBias
[2019-12-09T01:43:18.152+0000][1][safepoint    ] Leaving safepoint region
[2019-12-09T01:43:18.152+0000][1][safepoint    ] Total time for which application threads were stopped: 0.0000374 seconds, Stopping threads took: 0.0000072 seconds
[2019-12-09T01:43:18.152+0000][1][safepoint    ] Application time: 0.0000522 seconds
[2019-12-09T01:43:18.152+0000][1][safepoint    ] Entering safepoint region: RevokeBias
[2019-12-09T01:43:18.152+0000][1][safepoint    ] Leaving safepoint region
[2019-12-09T01:43:18.152+0000][1][safepoint    ] Total time for which application threads were stopped: 0.0000378 seconds, Stopping threads took: 0.0000074 seconds
[2019-12-09T01:43:18.152+0000][1][safepoint    ] Application time: 0.0000613 seconds
[2019-12-09T01:43:18.152+0000][1][safepoint    ] Entering safepoint region: RevokeBias
[2019-12-09T01:43:18.152+0000][1][safepoint    ] Leaving safepoint region
[2019-12-09T01:43:18.152+0000][1][safepoint    ] Total time for which application threads were stopped: 0.0000394 seconds, Stopping threads took: 0.0000074 seconds
[2019-12-09T01:43:18.152+0000][1][safepoint    ] Application time: 0.0000501 seconds
[2019-12-09T01:43:18.152+0000][1][safepoint    ] Entering safepoint region: RevokeBias
[2019-12-09T01:43:18.152+0000][1][safepoint    ] Leaving safepoint region
[2019-12-09T01:43:18.152+0000][1][safepoint    ] Total time for which application threads were stopped: 0.0000379 seconds, Stopping threads took: 0.0000076 seconds
[2019-12-09T01:43:18.152+0000][1][safepoint    ] Application time: 0.0000493 seconds
[2019-12-09T01:43:18.152+0000][1][safepoint    ] Entering safepoint region: RevokeBias
[2019-12-09T01:43:18.152+0000][1][safepoint    ] Leaving safepoint region
[2019-12-09T01:43:18.152+0000][1][safepoint    ] Total time for which application threads were stopped: 0.0000376 seconds, Stopping threads took: 0.0000074 seconds
[2019-12-09T01:43:18.152+0000][1][safepoint    ] Application time: 0.0000491 seconds
[2019-12-09T01:43:18.152+0000][1][safepoint    ] Entering safepoint region: RevokeBias
[2019-12-09T01:43:18.152+0000][1][safepoint    ] Leaving safepoint region
[2019-12-09T01:43:18.152+0000][1][safepoint    ] Total time for which application threads were stopped: 0.0000377 seconds, Stopping threads took: 0.0000073 seconds
[2019-12-09T01:43:18.152+0000][1][safepoint    ] Application time: 0.0000489 seconds
[2019-12-09T01:43:18.152+0000][1][safepoint    ] Entering safepoint region: RevokeBias
[2019-12-09T01:43:18.152+0000][1][safepoint    ] Leaving safepoint region
[2019-12-09T01:43:18.152+0000][1][safepoint    ] Total time for which application threads were stopped: 0.0000373 seconds, Stopping threads took: 0.0000073 seconds
[2019-12-09T01:43:18.152+0000][1][safepoint    ] Application time: 0.0000498 seconds
[2019-12-09T01:43:18.152+0000][1][safepoint    ] Entering safepoint region: BulkRevokeBias
[2019-12-09T01:43:18.152+0000][1][safepoint    ] Leaving safepoint region
[2019-12-09T01:43:18.152+0000][1][safepoint    ] Total time for which application threads were stopped: 0.0001374 seconds, Stopping threads took: 0.0000074 seconds
[2019-12-09T01:43:18.153+0000][1][safepoint    ] Application time: 0.0010611 seconds
[2019-12-09T01:43:18.153+0000][1][safepoint    ] Entering safepoint region: RevokeBias
[2019-12-09T01:43:18.154+0000][1][safepoint    ] Leaving safepoint region
[2019-12-09T01:43:18.154+0000][1][safepoint    ] Total time for which application threads were stopped: 0.0000642 seconds, Stopping threads took: 0.0000106 seconds
[2019-12-09T01:43:18.155+0000][1][safepoint    ] Application time: 0.0009789 seconds
[2019-12-09T01:43:18.155+0000][1][safepoint    ] Entering safepoint region: RevokeBias
[2019-12-09T01:43:18.155+0000][1][safepoint    ] Leaving safepoint region
[2019-12-09T01:43:18.155+0000][1][safepoint    ] Total time for which application threads were stopped: 0.0000826 seconds, Stopping threads took: 0.0000146 seconds
[2019-12-09T01:43:18.156+0000][1][safepoint    ] Application time: 0.0010144 seconds
[2019-12-09T01:43:18.156+0000][1][safepoint    ] Entering safepoint region: RevokeBias
[2019-12-09T01:43:18.156+0000][1][safepoint    ] Leaving safepoint region
[2019-12-09T01:43:18.156+0000][1][safepoint    ] Total time for which application threads were stopped: 0.0000840 seconds, Stopping threads took: 0.0000126 seconds
[2019-12-09T01:43:18.237+0000][1][safepoint    ] Application time: 0.0813946 seconds
[2019-12-09T01:43:18.238+0000][1][safepoint    ] Entering safepoint region: RevokeBias
[2019-12-09T01:43:18.238+0000][1][safepoint    ] Leaving safepoint region
[2019-12-09T01:43:18.238+0000][1][safepoint    ] Total time for which application threads were stopped: 0.0004685 seconds, Stopping threads took: 0.0003608 seconds
[2019-12-09T01:43:18.238+0000][1][safepoint    ] Application time: 0.0000840 seconds
[2019-12-09T01:43:18.238+0000][1][safepoint    ] Entering safepoint region: RevokeBias
[2019-12-09T01:43:18.238+0000][1][safepoint    ] Leaving safepoint region
[2019-12-09T01:43:18.238+0000][1][safepoint    ] Total time for which application threads were stopped: 0.0000598 seconds, Stopping threads took: 0.0000088 seconds
[2019-12-09T01:43:18.238+0000][1][safepoint    ] Application time: 0.0002456 seconds
[2019-12-09T01:43:18.238+0000][1][safepoint    ] Entering safepoint region: RevokeBias
[2019-12-09T01:43:18.238+0000][1][safepoint    ] Leaving safepoint region
[2019-12-09T01:43:18.238+0000][1][safepoint    ] Total time for which application threads were stopped: 0.0000497 seconds, Stopping threads took: 0.0000092 seconds
[2019-12-09T01:43:18.259+0000][1][safepoint    ] Application time: 0.0212198 seconds
[2019-12-09T01:43:18.259+0000][1][safepoint    ] Entering safepoint region: RevokeBias
[2019-12-09T01:43:18.259+0000][1][safepoint    ] Leaving safepoint region
[2019-12-09T01:43:18.259+0000][1][safepoint    ] Total time for which application threads were stopped: 0.0000641 seconds, Stopping threads took: 0.0000138 seconds
[2019-12-09T01:43:18.286+0000][1][safepoint    ] Application time: 0.0261436 seconds
[2019-12-09T01:43:18.286+0000][1][safepoint    ] Entering safepoint region: RevokeBias
[2019-12-09T01:43:18.286+0000][1][safepoint    ] Leaving safepoint region
[2019-12-09T01:43:18.286+0000][1][safepoint    ] Total time for which application threads were stopped: 0.0000753 seconds, Stopping threads took: 0.0000165 seconds
[2019-12-09T01:43:18.374+0000][1][safepoint    ] Application time: 0.0879030 seconds
[2019-12-09T01:43:18.374+0000][1][safepoint    ] Entering safepoint region: RevokeBias
[2019-12-09T01:43:18.374+0000][1][safepoint    ] Leaving safepoint region
[2019-12-09T01:43:18.374+0000][1][safepoint    ] Total time for which application threads were stopped: 0.0000611 seconds, Stopping threads took: 0.0000143 seconds
[2019-12-09T01:43:18.405+0000][1][safepoint    ] Application time: 0.0311624 seconds
[2019-12-09T01:43:18.424+0000][1][safepoint    ] Entering safepoint region: RevokeBias
[2019-12-09T01:43:18.424+0000][1][safepoint    ] Leaving safepoint region
[2019-12-09T01:43:18.424+0000][1][safepoint    ] Total time for which application threads were stopped: 0.0188569 seconds, Stopping threads took: 0.0187601 seconds
[2019-12-09T01:43:18.426+0000][1][safepoint    ] Application time: 0.0019229 seconds
[2019-12-09T01:43:18.486+0000][1][safepoint    ] Entering safepoint region: RevokeBias
[2019-12-09T01:43:18.486+0000][1][safepoint    ] Leaving safepoint region
[2019-12-09T01:43:18.486+0000][1][safepoint    ] Total time for which application threads were stopped: 0.0602537 seconds, Stopping threads took: 0.0601766 seconds
[2019-12-09T01:43:19.072+0000][1][safepoint    ] Application time: 0.5858046 seconds
[2019-12-09T01:43:19.072+0000][1][safepoint    ] Entering safepoint region: RevokeBias
[2019-12-09T01:43:19.072+0000][1][safepoint    ] Leaving safepoint region
[2019-12-09T01:43:19.072+0000][1][safepoint    ] Total time for which application threads were stopped: 0.0000837 seconds, Stopping threads took: 0.0000213 seconds
[2019-12-09T01:43:19.494+0000][1][safepoint    ] Application time: 0.4219687 seconds
[2019-12-09T01:43:19.572+0000][1][safepoint    ] Entering safepoint region: RevokeBias
[2019-12-09T01:43:19.572+0000][1][safepoint    ] Leaving safepoint region
[2019-12-09T01:43:19.572+0000][1][safepoint    ] Total time for which application threads were stopped: 0.0783467 seconds, Stopping threads took: 0.0782698 seconds
[2019-12-09T01:43:19.579+0000][1][safepoint    ] Application time: 0.0064020 seconds
[2019-12-09T01:43:19.579+0000][1][safepoint    ] Entering safepoint region: RevokeBias
[2019-12-09T01:43:19.579+0000][1][safepoint    ] Leaving safepoint region
[2019-12-09T01:43:19.579+0000][1][safepoint    ] Total time for which application threads were stopped: 0.0000909 seconds, Stopping threads took: 0.0000483 seconds
[2019-12-09T01:43:19.713+0000][1][safepoint    ] Application time: 0.1336539 seconds
[2019-12-09T01:43:19.713+0000][1][safepoint    ] Entering safepoint region: GenCollectForAllocation
[2019-12-09T01:43:19.713+0000][1][gc,start     ] GC(20) Pause Young (Allocation Failure)
[2019-12-09T01:43:19.713+0000][1][gc,task      ] GC(20) Using 2 workers of 2 for evacuation
[2019-12-09T01:43:19.997+0000][1][gc,age       ] GC(20) Desired survivor size 4456448 bytes, new threshold 2 (max threshold 6)
[2019-12-09T01:43:19.997+0000][1][gc,age       ] GC(20) Age table with threshold 2 (max threshold 6)
[2019-12-09T01:43:19.997+0000][1][gc,age       ] GC(20) - age   1:    2820136 bytes,    2820136 total
[2019-12-09T01:43:19.997+0000][1][gc,age       ] GC(20) - age   2:    2438576 bytes,    5258712 total
[2019-12-09T01:43:19.997+0000][1][gc,heap      ] GC(20) ParNew: 76992K->7289K(78656K)
[2019-12-09T01:43:19.997+0000][1][gc,heap      ] GC(20) CMS: 54822K->57969K(174784K)
[2019-12-09T01:43:19.997+0000][1][gc,metaspace ] GC(20) Metaspace: 48506K->48506K(1093632K)
[2019-12-09T01:43:19.997+0000][1][gc           ] GC(20) Pause Young (Allocation Failure) 128M->63M(247M) 284.150ms
[2019-12-09T01:43:19.997+0000][1][gc,cpu       ] GC(20) User=0.08s Sys=0.00s Real=0.29s
[2019-12-09T01:43:19.997+0000][1][safepoint    ] Leaving safepoint region
[2019-12-09T01:43:19.997+0000][1][safepoint    ] Total time for which application threads were stopped: 0.2842901 seconds, Stopping threads took: 0.0000150 seconds
[2019-12-09T01:43:20.591+0000][1][safepoint    ] Application time: 0.5940980 seconds
[2019-12-09T01:43:20.594+0000][1][safepoint    ] Entering safepoint region: RevokeBias
[2019-12-09T01:43:20.594+0000][1][safepoint    ] Leaving safepoint region
[2019-12-09T01:43:20.594+0000][1][safepoint    ] Total time for which application threads were stopped: 0.0031899 seconds, Stopping threads took: 0.0027633 seconds
[2019-12-09T01:43:20.828+0000][1][safepoint    ] Application time: 0.2338649 seconds
[2019-12-09T01:43:20.828+0000][1][safepoint    ] Entering safepoint region: RevokeBias
[2019-12-09T01:43:20.828+0000][1][safepoint    ] Leaving safepoint region
[2019-12-09T01:43:20.828+0000][1][safepoint    ] Total time for which application threads were stopped: 0.0000620 seconds, Stopping threads took: 0.0000141 seconds
[2019-12-09T01:43:21.630+0000][1][safepoint    ] Application time: 0.8018374 seconds
[2019-12-09T01:43:21.680+0000][1][safepoint    ] Entering safepoint region: RevokeBias
[2019-12-09T01:43:21.680+0000][1][safepoint    ] Leaving safepoint region
[2019-12-09T01:43:21.680+0000][1][safepoint    ] Total time for which application threads were stopped: 0.0500252 seconds, Stopping threads took: 0.0499508 seconds
[2019-12-09T01:43:21.742+0000][1][safepoint    ] Application time: 0.0618850 seconds
[2019-12-09T01:43:21.742+0000][1][safepoint    ] Entering safepoint region: RevokeBias
[2019-12-09T01:43:21.742+0000][1][safepoint    ] Leaving safepoint region
[2019-12-09T01:43:21.742+0000][1][safepoint    ] Total time for which application threads were stopped: 0.0000731 seconds, Stopping threads took: 0.0000147 seconds
[2019-12-09T01:43:21.743+0000][1][safepoint    ] Application time: 0.0011204 seconds
[2019-12-09T01:43:21.743+0000][1][safepoint    ] Entering safepoint region: RevokeBias
[2019-12-09T01:43:21.743+0000][1][safepoint    ] Leaving safepoint region
[2019-12-09T01:43:21.743+0000][1][safepoint    ] Total time for which application threads were stopped: 0.0000575 seconds, Stopping threads took: 0.0000135 seconds
[2019-12-09T01:43:21.757+0000][1][safepoint    ] Application time: 0.0133400 seconds
[2019-12-09T01:43:21.757+0000][1][safepoint    ] Entering safepoint region: RevokeBias
[2019-12-09T01:43:21.757+0000][1][safepoint    ] Leaving safepoint region
[2019-12-09T01:43:21.757+0000][1][safepoint    ] Total time for which application threads were stopped: 0.0000687 seconds, Stopping threads took: 0.0000120 seconds
[2019-12-09T01:43:21.760+0000][1][safepoint    ] Application time: 0.0028290 seconds
[2019-12-09T01:43:21.760+0000][1][safepoint    ] Entering safepoint region: RevokeBias
[2019-12-09T01:43:21.760+0000][1][safepoint    ] Leaving safepoint region
[2019-12-09T01:43:21.760+0000][1][safepoint    ] Total time for which application threads were stopped: 0.0000580 seconds, Stopping threads took: 0.0000116 seconds
[2019-12-09T01:43:21.861+0000][1][safepoint    ] Application time: 0.1017659 seconds
[2019-12-09T01:43:21.861+0000][1][safepoint    ] Entering safepoint region: RevokeBias
[2019-12-09T01:43:21.862+0000][1][safepoint    ] Leaving safepoint region
[2019-12-09T01:43:21.862+0000][1][safepoint    ] Total time for which application threads were stopped: 0.0000712 seconds, Stopping threads took: 0.0000165 seconds
[2019-12-09T01:43:21.904+0000][1][safepoint    ] Application time: 0.0425523 seconds
[2019-12-09T01:43:21.904+0000][1][safepoint    ] Entering safepoint region: RevokeBias
[2019-12-09T01:43:21.904+0000][1][safepoint    ] Leaving safepoint region
[2019-12-09T01:43:21.904+0000][1][safepoint    ] Total time for which application threads were stopped: 0.0000672 seconds, Stopping threads took: 0.0000142 seconds
[2019-12-09T01:43:21.967+0000][1][safepoint    ] Application time: 0.0623609 seconds
[2019-12-09T01:43:21.967+0000][1][safepoint    ] Entering safepoint region: RevokeBias
[2019-12-09T01:43:21.967+0000][1][safepoint    ] Leaving safepoint region
[2019-12-09T01:43:21.967+0000][1][safepoint    ] Total time for which application threads were stopped: 0.0000673 seconds, Stopping threads took: 0.0000157 seconds
[2019-12-09T01:43:22.029+0000][1][safepoint    ] Application time: 0.0625345 seconds
[2019-12-09T01:43:22.029+0000][1][safepoint    ] Entering safepoint region: RevokeBias
[2019-12-09T01:43:22.029+0000][1][safepoint    ] Leaving safepoint region
[2019-12-09T01:43:22.029+0000][1][safepoint    ] Total time for which application threads were stopped: 0.0000804 seconds, Stopping threads took: 0.0000149 seconds
[2019-12-09T01:43:23.031+0000][1][safepoint    ] Application time: 1.0013875 seconds
[2019-12-09T01:43:23.055+0000][1][safepoint    ] Entering safepoint region: Cleanup
[2019-12-09T01:43:23.055+0000][1][safepoint    ] Leaving safepoint region
[2019-12-09T01:43:23.055+0000][1][safepoint    ] Total time for which application threads were stopped: 0.0244613 seconds, Stopping threads took: 0.0239885 seconds
[2019-12-09T01:43:23.297+0000][1][safepoint    ] Application time: 0.2418155 seconds
[2019-12-09T01:43:23.297+0000][1][safepoint    ] Entering safepoint region: RevokeBias
[2019-12-09T01:43:23.297+0000][1][safepoint    ] Leaving safepoint region
[2019-12-09T01:43:23.297+0000][1][safepoint    ] Total time for which application threads were stopped: 0.0000708 seconds, Stopping threads took: 0.0000145 seconds
[2019-12-09T01:43:24.298+0000][1][safepoint    ] Application time: 1.0006526 seconds
[2019-12-09T01:43:24.334+0000][1][safepoint    ] Entering safepoint region: Cleanup
[2019-12-09T01:43:24.334+0000][1][safepoint    ] Leaving safepoint region
[2019-12-09T01:43:24.334+0000][1][safepoint    ] Total time for which application threads were stopped: 0.0365439 seconds, Stopping threads took: 0.0364509 seconds
[2019-12-09T01:43:25.101+0000][1][safepoint    ] Application time: 0.7670281 seconds
[2019-12-09T01:43:25.101+0000][1][safepoint    ] Entering safepoint region: RevokeBias
[2019-12-09T01:43:25.102+0000][1][safepoint    ] Leaving safepoint region
[2019-12-09T01:43:25.102+0000][1][safepoint    ] Total time for which application threads were stopped: 0.0001098 seconds, Stopping threads took: 0.0000166 seconds
[2019-12-09T01:43:25.130+0000][1][safepoint    ] Application time: 0.0280565 seconds
[2019-12-09T01:43:25.130+0000][1][safepoint    ] Entering safepoint region: RevokeBias
[2019-12-09T01:43:25.130+0000][1][safepoint    ] Leaving safepoint region
[2019-12-09T01:43:25.130+0000][1][safepoint    ] Total time for which application threads were stopped: 0.0000776 seconds, Stopping threads took: 0.0000189 seconds
[2019-12-09T01:43:25.571+0000][1][safepoint    ] Application time: 0.4408345 seconds
[2019-12-09T01:43:25.571+0000][1][safepoint    ] Entering safepoint region: GenCollectForAllocation
[2019-12-09T01:43:25.571+0000][1][gc,start     ] GC(21) Pause Young (Allocation Failure)
[2019-12-09T01:43:25.571+0000][1][gc,task      ] GC(21) Using 2 workers of 2 for evacuation
[2019-12-09T01:43:25.741+0000][1][gc,age       ] GC(21) Desired survivor size 4456448 bytes, new threshold 6 (max threshold 6)
[2019-12-09T01:43:25.741+0000][1][gc,age       ] GC(21) Age table with threshold 6 (max threshold 6)
[2019-12-09T01:43:25.741+0000][1][gc,age       ] GC(21) - age   1:    1609272 bytes,    1609272 total
[2019-12-09T01:43:25.741+0000][1][gc,age       ] GC(21) - age   2:    2752344 bytes,    4361616 total
[2019-12-09T01:43:25.741+0000][1][gc,heap      ] GC(21) ParNew: 77241K->7599K(78656K)
[2019-12-09T01:43:25.741+0000][1][gc,heap      ] GC(21) CMS: 57969K->60415K(174784K)
[2019-12-09T01:43:25.741+0000][1][gc,metaspace ] GC(21) Metaspace: 56085K->56085K(1099776K)
[2019-12-09T01:43:25.741+0000][1][gc           ] GC(21) Pause Young (Allocation Failure) 132M->66M(247M) 170.306ms
[2019-12-09T01:43:25.741+0000][1][gc,cpu       ] GC(21) User=0.04s Sys=0.00s Real=0.17s
[2019-12-09T01:43:25.741+0000][1][safepoint    ] Leaving safepoint region
[2019-12-09T01:43:25.741+0000][1][safepoint    ] Total time for which application threads were stopped: 0.1704727 seconds, Stopping threads took: 0.0000342 seconds
[2019-12-09T01:43:26.580+0000][1][safepoint    ] Application time: 0.8385688 seconds
[2019-12-09T01:43:26.580+0000][1][safepoint    ] Entering safepoint region: RevokeBias
[2019-12-09T01:43:26.580+0000][1][safepoint    ] Leaving safepoint region
[2019-12-09T01:43:26.580+0000][1][safepoint    ] Total time for which application threads were stopped: 0.0001280 seconds, Stopping threads took: 0.0000279 seconds
[2019-12-09T01:43:26.580+0000][1][safepoint    ] Application time: 0.0002657 seconds
[2019-12-09T01:43:26.580+0000][1][safepoint    ] Entering safepoint region: RevokeBias
[2019-12-09T01:43:26.580+0000][1][safepoint    ] Leaving safepoint region
[2019-12-09T01:43:26.580+0000][1][safepoint    ] Total time for which application threads were stopped: 0.0000810 seconds, Stopping threads took: 0.0000123 seconds
[2019-12-09T01:43:26.580+0000][1][safepoint    ] Application time: 0.0000667 seconds
[2019-12-09T01:43:26.580+0000][1][safepoint    ] Entering safepoint region: RevokeBias
[2019-12-09T01:43:26.580+0000][1][safepoint    ] Leaving safepoint region
[2019-12-09T01:43:26.580+0000][1][safepoint    ] Total time for which application threads were stopped: 0.0000561 seconds, Stopping threads took: 0.0000094 seconds
[2019-12-09T01:43:26.581+0000][1][safepoint    ] Application time: 0.0001777 seconds
[2019-12-09T01:43:26.581+0000][1][safepoint    ] Entering safepoint region: RevokeBias
[2019-12-09T01:43:26.581+0000][1][safepoint    ] Leaving safepoint region
[2019-12-09T01:43:26.581+0000][1][safepoint    ] Total time for which application threads were stopped: 0.0000643 seconds, Stopping threads took: 0.0000105 seconds
[2019-12-09T01:43:26.837+0000][1][safepoint    ] Application time: 0.2562549 seconds
[2019-12-09T01:43:26.837+0000][1][safepoint    ] Entering safepoint region: Deoptimize
[2019-12-09T01:43:26.838+0000][1][safepoint    ] Leaving safepoint region
[2019-12-09T01:43:26.838+0000][1][safepoint    ] Total time for which application threads were stopped: 0.0006455 seconds, Stopping threads took: 0.0000185 seconds
[2019-12-09T01:43:26.927+0000][1][safepoint    ] Application time: 0.0893599 seconds
[2019-12-09T01:43:26.927+0000][1][safepoint    ] Entering safepoint region: RevokeBias
[2019-12-09T01:43:26.927+0000][1][safepoint    ] Leaving safepoint region
[2019-12-09T01:43:26.927+0000][1][safepoint    ] Total time for which application threads were stopped: 0.0000889 seconds, Stopping threads took: 0.0000169 seconds
[2019-12-09T01:43:26.929+0000][1][safepoint    ] Application time: 0.0021747 seconds
[2019-12-09T01:43:26.929+0000][1][safepoint    ] Entering safepoint region: BulkRevokeBias
[2019-12-09T01:43:26.929+0000][1][safepoint    ] Leaving safepoint region
[2019-12-09T01:43:26.930+0000][1][safepoint    ] Total time for which application threads were stopped: 0.0001836 seconds, Stopping threads took: 0.0000139 seconds
[2019-12-09T01:43:27.196+0000][1][safepoint    ] Application time: 0.2662175 seconds
[2019-12-09T01:43:27.224+0000][1][safepoint    ] Entering safepoint region: RevokeBias
[2019-12-09T01:43:27.224+0000][1][safepoint    ] Leaving safepoint region
[2019-12-09T01:43:27.224+0000][1][safepoint    ] Total time for which application threads were stopped: 0.0281025 seconds, Stopping threads took: 0.0280040 seconds
[2019-12-09T01:43:27.224+0000][1][safepoint    ] Application time: 0.0001221 seconds
[2019-12-09T01:43:27.224+0000][1][safepoint    ] Entering safepoint region: RevokeBias
[2019-12-09T01:43:27.224+0000][1][safepoint    ] Leaving safepoint region
[2019-12-09T01:43:27.224+0000][1][safepoint    ] Total time for which application threads were stopped: 0.0000573 seconds, Stopping threads took: 0.0000113 seconds
[2019-12-09T01:43:27.224+0000][1][safepoint    ] Application time: 0.0001357 seconds
[2019-12-09T01:43:27.224+0000][1][safepoint    ] Entering safepoint region: RevokeBias
[2019-12-09T01:43:27.224+0000][1][safepoint    ] Leaving safepoint region
[2019-12-09T01:43:27.224+0000][1][safepoint    ] Total time for which application threads were stopped: 0.0000575 seconds, Stopping threads took: 0.0000102 seconds
[2019-12-09T01:43:27.233+0000][1][safepoint    ] Application time: 0.0090914 seconds
[2019-12-09T01:43:27.233+0000][1][safepoint    ] Entering safepoint region: RevokeBias
[2019-12-09T01:43:27.233+0000][1][safepoint    ] Leaving safepoint region
[2019-12-09T01:43:27.233+0000][1][safepoint    ] Total time for which application threads were stopped: 0.0000739 seconds, Stopping threads took: 0.0000137 seconds
[2019-12-09T01:43:28.240+0000][1][safepoint    ] Application time: 1.0062349 seconds
[2019-12-09T01:43:28.240+0000][1][safepoint    ] Entering safepoint region: Cleanup
[2019-12-09T01:43:28.241+0000][1][safepoint    ] Leaving safepoint region
[2019-12-09T01:43:28.241+0000][1][safepoint    ] Total time for which application threads were stopped: 0.0012897 seconds, Stopping threads took: 0.0000505 seconds
[2019-12-09T01:43:29.129+0000][1][safepoint    ] Application time: 0.8880222 seconds
[2019-12-09T01:43:29.129+0000][1][safepoint    ] Entering safepoint region: Deoptimize
[2019-12-09T01:43:29.130+0000][1][safepoint    ] Leaving safepoint region
[2019-12-09T01:43:29.130+0000][1][safepoint    ] Total time for which application threads were stopped: 0.0006482 seconds, Stopping threads took: 0.0000164 seconds
[2019-12-09T01:43:30.011+0000][1][safepoint    ] Application time: 0.8814240 seconds
[2019-12-09T01:43:30.011+0000][1][safepoint    ] Entering safepoint region: CollectForMetadataAllocation
[2019-12-09T01:43:30.011+0000][1][safepoint    ] Leaving safepoint region
[2019-12-09T01:43:30.011+0000][1][safepoint    ] Total time for which application threads were stopped: 0.0002125 seconds, Stopping threads took: 0.0000174 seconds
[2019-12-09T01:43:30.458+0000][1][safepoint    ] Application time: 0.4462680 seconds
[2019-12-09T01:43:30.458+0000][1][safepoint    ] Entering safepoint region: CollectForMetadataAllocation
[2019-12-09T01:43:30.458+0000][1][safepoint    ] Leaving safepoint region
[2019-12-09T01:43:30.458+0000][1][safepoint    ] Total time for which application threads were stopped: 0.0002485 seconds, Stopping threads took: 0.0000169 seconds
[2019-12-09T01:43:30.818+0000][1][safepoint    ] Application time: 0.3600490 seconds
[2019-12-09T01:43:30.818+0000][1][safepoint    ] Entering safepoint region: CollectForMetadataAllocation
[2019-12-09T01:43:30.818+0000][1][safepoint    ] Leaving safepoint region
[2019-12-09T01:43:30.818+0000][1][safepoint    ] Total time for which application threads were stopped: 0.0001762 seconds, Stopping threads took: 0.0000154 seconds
[2019-12-09T01:43:30.973+0000][1][safepoint    ] Application time: 0.1549104 seconds
[2019-12-09T01:43:30.973+0000][1][safepoint    ] Entering safepoint region: CollectForMetadataAllocation
[2019-12-09T01:43:30.973+0000][1][safepoint    ] Leaving safepoint region
[2019-12-09T01:43:30.973+0000][1][safepoint    ] Total time for which application threads were stopped: 0.0002539 seconds, Stopping threads took: 0.0000172 seconds
[2019-12-09T01:43:31.328+0000][1][safepoint    ] Application time: 0.3540979 seconds
[2019-12-09T01:43:31.328+0000][1][safepoint    ] Entering safepoint region: CollectForMetadataAllocation
[2019-12-09T01:43:31.328+0000][1][safepoint    ] Leaving safepoint region
[2019-12-09T01:43:31.328+0000][1][safepoint    ] Total time for which application threads were stopped: 0.0002762 seconds, Stopping threads took: 0.0000172 seconds
[2019-12-09T01:43:31.761+0000][1][safepoint    ] Application time: 0.4328702 seconds
[2019-12-09T01:43:31.761+0000][1][safepoint    ] Entering safepoint region: CMS_Initial_Mark
[2019-12-09T01:43:31.761+0000][1][gc,start     ] GC(22) Pause Initial Mark
[2019-12-09T01:43:32.001+0000][1][gc           ] GC(22) Pause Initial Mark 118M->118M(247M) 240.051ms
[2019-12-09T01:43:32.001+0000][1][gc,cpu       ] GC(22) User=0.07s Sys=0.00s Real=0.24s
[2019-12-09T01:43:32.001+0000][1][safepoint    ] Leaving safepoint region
[2019-12-09T01:43:32.001+0000][1][safepoint    ] Total time for which application threads were stopped: 0.2404349 seconds, Stopping threads took: 0.0002456 seconds
[2019-12-09T01:43:32.001+0000][1][gc           ] GC(22) Concurrent Mark
[2019-12-09T01:43:32.474+0000][1][safepoint    ] Application time: 0.4725525 seconds
[2019-12-09T01:43:32.474+0000][1][safepoint    ] Entering safepoint region: CollectForMetadataAllocation
[2019-12-09T01:43:32.474+0000][1][safepoint    ] Leaving safepoint region
[2019-12-09T01:43:32.474+0000][1][safepoint    ] Total time for which application threads were stopped: 0.0002280 seconds, Stopping threads took: 0.0000145 seconds
[2019-12-09T01:43:33.088+0000][1][gc           ] GC(22) Concurrent Mark 1086.656ms
[2019-12-09T01:43:33.088+0000][1][gc,cpu       ] GC(22) User=0.28s Sys=0.00s Real=1.09s
[2019-12-09T01:43:33.088+0000][1][gc           ] GC(22) Concurrent Preclean
[2019-12-09T01:43:33.113+0000][1][gc           ] GC(22) Concurrent Preclean 24.622ms
[2019-12-09T01:43:33.113+0000][1][gc,cpu       ] GC(22) User=0.01s Sys=0.00s Real=0.02s
[2019-12-09T01:43:33.113+0000][1][gc           ] GC(22) Concurrent Abortable Preclean
[2019-12-09T01:43:33.206+0000][1][safepoint    ] Application time: 0.7316656 seconds
[2019-12-09T01:43:33.206+0000][1][safepoint    ] Entering safepoint region: CollectForMetadataAllocation
[2019-12-09T01:43:33.206+0000][1][safepoint    ] Leaving safepoint region
[2019-12-09T01:43:33.206+0000][1][safepoint    ] Total time for which application threads were stopped: 0.0002270 seconds, Stopping threads took: 0.0000156 seconds
[2019-12-09T01:43:33.482+0000][1][safepoint    ] Application time: 0.2757063 seconds
[2019-12-09T01:43:33.482+0000][1][safepoint    ] Entering safepoint region: CollectForMetadataAllocation
[2019-12-09T01:43:33.482+0000][1][safepoint    ] Leaving safepoint region
[2019-12-09T01:43:33.482+0000][1][safepoint    ] Total time for which application threads were stopped: 0.0001757 seconds, Stopping threads took: 0.0000179 seconds
[2019-12-09T01:43:33.891+0000][1][safepoint    ] Application time: 0.4089998 seconds
[2019-12-09T01:43:33.891+0000][1][safepoint    ] Entering safepoint region: CollectForMetadataAllocation
[2019-12-09T01:43:33.891+0000][1][safepoint    ] Leaving safepoint region
[2019-12-09T01:43:33.891+0000][1][safepoint    ] Total time for which application threads were stopped: 0.0002480 seconds, Stopping threads took: 0.0000154 seconds
[2019-12-09T01:43:33.924+0000][1][safepoint    ] Application time: 0.0329421 seconds
[2019-12-09T01:43:33.924+0000][1][safepoint    ] Entering safepoint region: BulkRevokeBias
[2019-12-09T01:43:33.924+0000][1][safepoint    ] Leaving safepoint region
[2019-12-09T01:43:33.924+0000][1][safepoint    ] Total time for which application threads were stopped: 0.0001991 seconds, Stopping threads took: 0.0000174 seconds
[2019-12-09T01:43:34.163+0000][1][safepoint    ] Application time: 0.2382925 seconds
[2019-12-09T01:43:34.163+0000][1][safepoint    ] Entering safepoint region: CollectForMetadataAllocation
[2019-12-09T01:43:34.163+0000][1][safepoint    ] Leaving safepoint region
[2019-12-09T01:43:34.163+0000][1][safepoint    ] Total time for which application threads were stopped: 0.0002319 seconds, Stopping threads took: 0.0000153 seconds
[2019-12-09T01:43:34.292+0000][1][safepoint    ] Application time: 0.1287077 seconds
[2019-12-09T01:43:34.292+0000][1][safepoint    ] Entering safepoint region: CollectForMetadataAllocation
[2019-12-09T01:43:34.292+0000][1][safepoint    ] Leaving safepoint region
[2019-12-09T01:43:34.292+0000][1][safepoint    ] Total time for which application threads were stopped: 0.0002436 seconds, Stopping threads took: 0.0000160 seconds
[2019-12-09T01:43:34.448+0000][1][safepoint    ] Application time: 0.1557555 seconds
[2019-12-09T01:43:34.448+0000][1][safepoint    ] Entering safepoint region: GenCollectForAllocation
[2019-12-09T01:43:34.448+0000][1][gc,start     ] GC(23) Pause Young (Allocation Failure)
[2019-12-09T01:43:34.448+0000][1][gc,task      ] GC(23) Using 2 workers of 2 for evacuation
[2019-12-09T01:43:34.716+0000][1][gc,age       ] GC(23) Desired survivor size 4456448 bytes, new threshold 2 (max threshold 6)
[2019-12-09T01:43:34.716+0000][1][gc,age       ] GC(23) Age table with threshold 2 (max threshold 6)
[2019-12-09T01:43:34.716+0000][1][gc,age       ] GC(23) - age   1:    3714648 bytes,    3714648 total
[2019-12-09T01:43:34.716+0000][1][gc,age       ] GC(23) - age   2:    1507000 bytes,    5221648 total
[2019-12-09T01:43:34.716+0000][1][gc,age       ] GC(23) - age   3:    2729472 bytes,    7951120 total
[2019-12-09T01:43:34.716+0000][1][gc,heap      ] GC(23) ParNew: 77551K->8591K(78656K)
[2019-12-09T01:43:34.716+0000][1][gc,heap      ] GC(23) CMS: 60415K->60415K(174784K)
[2019-12-09T01:43:34.716+0000][1][gc,metaspace ] GC(23) Metaspace: 63174K->63174K(1107968K)
[2019-12-09T01:43:34.716+0000][1][gc           ] GC(23) Pause Young (Allocation Failure) 134M->67M(247M) 268.073ms
[2019-12-09T01:43:34.716+0000][1][gc,cpu       ] GC(23) User=0.08s Sys=0.00s Real=0.27s
[2019-12-09T01:43:34.716+0000][1][safepoint    ] Leaving safepoint region
[2019-12-09T01:43:34.716+0000][1][safepoint    ] Total time for which application threads were stopped: 0.2682238 seconds, Stopping threads took: 0.0000182 seconds
[2019-12-09T01:43:34.717+0000][1][safepoint    ] Application time: 0.0005664 seconds
[2019-12-09T01:43:34.717+0000][1][safepoint    ] Entering safepoint region: RevokeBias
[2019-12-09T01:43:34.717+0000][1][safepoint    ] Leaving safepoint region
[2019-12-09T01:43:34.717+0000][1][safepoint    ] Total time for which application threads were stopped: 0.0001692 seconds, Stopping threads took: 0.0000156 seconds
[2019-12-09T01:43:34.775+0000][1][safepoint    ] Application time: 0.0579162 seconds
[2019-12-09T01:43:34.781+0000][1][safepoint    ] Entering safepoint region: RevokeBias
[2019-12-09T01:43:34.781+0000][1][safepoint    ] Leaving safepoint region
[2019-12-09T01:43:34.781+0000][1][safepoint    ] Total time for which application threads were stopped: 0.0060883 seconds, Stopping threads took: 0.0059890 seconds
[2019-12-09T01:43:34.781+0000][1][safepoint    ] Application time: 0.0000803 seconds
[2019-12-09T01:43:34.781+0000][1][safepoint    ] Entering safepoint region: RevokeBias
[2019-12-09T01:43:34.781+0000][1][safepoint    ] Leaving safepoint region
[2019-12-09T01:43:34.781+0000][1][safepoint    ] Total time for which application threads were stopped: 0.0000537 seconds, Stopping threads took: 0.0000098 seconds
[2019-12-09T01:43:34.781+0000][1][safepoint    ] Application time: 0.0000410 seconds
[2019-12-09T01:43:34.781+0000][1][safepoint    ] Entering safepoint region: RevokeBias
[2019-12-09T01:43:34.781+0000][1][safepoint    ] Leaving safepoint region
[2019-12-09T01:43:34.781+0000][1][safepoint    ] Total time for which application threads were stopped: 0.0000530 seconds, Stopping threads took: 0.0000083 seconds
[2019-12-09T01:43:34.781+0000][1][safepoint    ] Application time: 0.0000344 seconds
[2019-12-09T01:43:34.781+0000][1][safepoint    ] Entering safepoint region: RevokeBias
[2019-12-09T01:43:34.781+0000][1][safepoint    ] Leaving safepoint region
[2019-12-09T01:43:34.781+0000][1][safepoint    ] Total time for which application threads were stopped: 0.0000403 seconds, Stopping threads took: 0.0000074 seconds
[2019-12-09T01:43:34.781+0000][1][safepoint    ] Application time: 0.0000395 seconds
[2019-12-09T01:43:34.781+0000][1][safepoint    ] Entering safepoint region: RevokeBias
[2019-12-09T01:43:34.781+0000][1][safepoint    ] Leaving safepoint region
[2019-12-09T01:43:34.781+0000][1][safepoint    ] Total time for which application threads were stopped: 0.0000385 seconds, Stopping threads took: 0.0000073 seconds
[2019-12-09T01:43:34.781+0000][1][safepoint    ] Application time: 0.0000352 seconds
[2019-12-09T01:43:34.781+0000][1][safepoint    ] Entering safepoint region: RevokeBias
[2019-12-09T01:43:34.781+0000][1][safepoint    ] Leaving safepoint region
[2019-12-09T01:43:34.781+0000][1][safepoint    ] Total time for which application threads were stopped: 0.0000383 seconds, Stopping threads took: 0.0000067 seconds
[2019-12-09T01:43:34.781+0000][1][safepoint    ] Application time: 0.0000369 seconds
[2019-12-09T01:43:34.781+0000][1][safepoint    ] Entering safepoint region: RevokeBias
[2019-12-09T01:43:34.781+0000][1][safepoint    ] Leaving safepoint region
[2019-12-09T01:43:34.781+0000][1][safepoint    ] Total time for which application threads were stopped: 0.0000390 seconds, Stopping threads took: 0.0000070 seconds
[2019-12-09T01:43:34.941+0000][1][safepoint    ] Application time: 0.1593948 seconds
[2019-12-09T01:43:34.941+0000][1][safepoint    ] Entering safepoint region: CollectForMetadataAllocation
[2019-12-09T01:43:34.941+0000][1][safepoint    ] Leaving safepoint region
[2019-12-09T01:43:34.941+0000][1][safepoint    ] Total time for which application threads were stopped: 0.0002358 seconds, Stopping threads took: 0.0000155 seconds
[2019-12-09T01:43:34.943+0000][1][safepoint    ] Application time: 0.0015915 seconds
[2019-12-09T01:43:34.943+0000][1][safepoint    ] Entering safepoint region: CollectForMetadataAllocation
[2019-12-09T01:43:34.943+0000][1][safepoint    ] Leaving safepoint region
[2019-12-09T01:43:34.943+0000][1][safepoint    ] Total time for which application threads were stopped: 0.0002427 seconds, Stopping threads took: 0.0002004 seconds
[2019-12-09T01:43:35.472+0000][1][safepoint    ] Application time: 0.5286955 seconds
[2019-12-09T01:43:35.472+0000][1][safepoint    ] Entering safepoint region: CollectForMetadataAllocation
[2019-12-09T01:43:35.472+0000][1][safepoint    ] Leaving safepoint region
[2019-12-09T01:43:35.472+0000][1][safepoint    ] Total time for which application threads were stopped: 0.0003332 seconds, Stopping threads took: 0.0000158 seconds
[2019-12-09T01:43:35.641+0000][1][safepoint    ] Application time: 0.1693462 seconds
[2019-12-09T01:43:35.641+0000][1][safepoint    ] Entering safepoint region: CollectForMetadataAllocation
[2019-12-09T01:43:35.642+0000][1][safepoint    ] Leaving safepoint region
[2019-12-09T01:43:35.642+0000][1][safepoint    ] Total time for which application threads were stopped: 0.0002671 seconds, Stopping threads took: 0.0000250 seconds
[2019-12-09T01:43:35.750+0000][1][safepoint    ] Application time: 0.1079844 seconds
[2019-12-09T01:43:35.750+0000][1][safepoint    ] Entering safepoint region: Deoptimize
[2019-12-09T01:43:35.750+0000][1][safepoint    ] Leaving safepoint region
[2019-12-09T01:43:35.750+0000][1][safepoint    ] Total time for which application threads were stopped: 0.0006404 seconds, Stopping threads took: 0.0000157 seconds
[2019-12-09T01:43:35.904+0000][1][safepoint    ] Application time: 0.1532662 seconds
[2019-12-09T01:43:35.904+0000][1][safepoint    ] Entering safepoint region: CollectForMetadataAllocation
[2019-12-09T01:43:35.904+0000][1][safepoint    ] Leaving safepoint region
[2019-12-09T01:43:35.904+0000][1][safepoint    ] Total time for which application threads were stopped: 0.0002560 seconds, Stopping threads took: 0.0000162 seconds
[2019-12-09T01:43:35.904+0000][1][safepoint    ] Application time: 0.0003366 seconds
[2019-12-09T01:43:35.904+0000][1][safepoint    ] Entering safepoint region: CollectForMetadataAllocation
[2019-12-09T01:43:35.904+0000][1][safepoint    ] Leaving safepoint region
[2019-12-09T01:43:35.904+0000][1][safepoint    ] Total time for which application threads were stopped: 0.0000470 seconds, Stopping threads took: 0.0000134 seconds
[2019-12-09T01:43:35.905+0000][1][safepoint    ] Application time: 0.0002601 seconds
[2019-12-09T01:43:35.905+0000][1][safepoint    ] Entering safepoint region: RevokeBias
[2019-12-09T01:43:35.905+0000][1][safepoint    ] Leaving safepoint region
[2019-12-09T01:43:35.905+0000][1][safepoint    ] Total time for which application threads were stopped: 0.0000870 seconds, Stopping threads took: 0.0000323 seconds
[2019-12-09T01:43:35.905+0000][1][safepoint    ] Application time: 0.0004790 seconds
[2019-12-09T01:43:35.905+0000][1][safepoint    ] Entering safepoint region: RevokeBias
[2019-12-09T01:43:35.905+0000][1][safepoint    ] Leaving safepoint region
[2019-12-09T01:43:35.905+0000][1][safepoint    ] Total time for which application threads were stopped: 0.0000611 seconds, Stopping threads took: 0.0000120 seconds
[2019-12-09T01:43:35.906+0000][1][safepoint    ] Application time: 0.0009767 seconds
[2019-12-09T01:43:35.906+0000][1][safepoint    ] Entering safepoint region: RevokeBias
[2019-12-09T01:43:35.906+0000][1][safepoint    ] Leaving safepoint region
[2019-12-09T01:43:35.906+0000][1][safepoint    ] Total time for which application threads were stopped: 0.0000606 seconds, Stopping threads took: 0.0000116 seconds
[2019-12-09T01:43:35.907+0000][1][safepoint    ] Application time: 0.0004878 seconds
[2019-12-09T01:43:35.907+0000][1][safepoint    ] Entering safepoint region: RevokeBias
[2019-12-09T01:43:35.907+0000][1][safepoint    ] Leaving safepoint region
[2019-12-09T01:43:35.907+0000][1][safepoint    ] Total time for which application threads were stopped: 0.0000754 seconds, Stopping threads took: 0.0000116 seconds
[2019-12-09T01:43:35.943+0000][1][safepoint    ] Application time: 0.0357460 seconds
[2019-12-09T01:43:35.943+0000][1][safepoint    ] Entering safepoint region: RevokeBias
[2019-12-09T01:43:35.943+0000][1][safepoint    ] Leaving safepoint region
[2019-12-09T01:43:35.943+0000][1][safepoint    ] Total time for which application threads were stopped: 0.0000987 seconds, Stopping threads took: 0.0000169 seconds
[2019-12-09T01:43:35.943+0000][1][safepoint    ] Application time: 0.0004445 seconds
[2019-12-09T01:43:35.943+0000][1][safepoint    ] Entering safepoint region: RevokeBias
[2019-12-09T01:43:35.943+0000][1][safepoint    ] Leaving safepoint region
[2019-12-09T01:43:35.943+0000][1][safepoint    ] Total time for which application threads were stopped: 0.0000747 seconds, Stopping threads took: 0.0000123 seconds
[2019-12-09T01:43:35.944+0000][1][safepoint    ] Application time: 0.0002315 seconds
[2019-12-09T01:43:35.944+0000][1][safepoint    ] Entering safepoint region: RevokeBias
[2019-12-09T01:43:35.944+0000][1][safepoint    ] Leaving safepoint region
[2019-12-09T01:43:35.944+0000][1][safepoint    ] Total time for which application threads were stopped: 0.0000913 seconds, Stopping threads took: 0.0000184 seconds
[2019-12-09T01:43:35.944+0000][1][safepoint    ] Application time: 0.0000495 seconds
[2019-12-09T01:43:35.944+0000][1][safepoint    ] Entering safepoint region: RevokeBias
[2019-12-09T01:43:35.944+0000][1][safepoint    ] Leaving safepoint region
[2019-12-09T01:43:35.944+0000][1][safepoint    ] Total time for which application threads were stopped: 0.0000540 seconds, Stopping threads took: 0.0000088 seconds
[2019-12-09T01:43:35.945+0000][1][safepoint    ] Application time: 0.0006654 seconds
[2019-12-09T01:43:35.945+0000][1][safepoint    ] Entering safepoint region: RevokeBias
[2019-12-09T01:43:35.945+0000][1][safepoint    ] Leaving safepoint region
[2019-12-09T01:43:35.945+0000][1][safepoint    ] Total time for which application threads were stopped: 0.0000581 seconds, Stopping threads took: 0.0000115 seconds
[2019-12-09T01:43:35.946+0000][1][safepoint    ] Application time: 0.0013510 seconds
[2019-12-09T01:43:35.946+0000][1][safepoint    ] Entering safepoint region: RevokeBias
[2019-12-09T01:43:35.946+0000][1][safepoint    ] Leaving safepoint region
[2019-12-09T01:43:35.946+0000][1][safepoint    ] Total time for which application threads were stopped: 0.0000643 seconds, Stopping threads took: 0.0000115 seconds
[2019-12-09T01:43:35.946+0000][1][safepoint    ] Application time: 0.0000773 seconds
[2019-12-09T01:43:35.946+0000][1][safepoint    ] Entering safepoint region: RevokeBias
[2019-12-09T01:43:35.946+0000][1][safepoint    ] Leaving safepoint region
[2019-12-09T01:43:35.946+0000][1][safepoint    ] Total time for which application threads were stopped: 0.0000468 seconds, Stopping threads took: 0.0000087 seconds
[2019-12-09T01:43:35.988+0000][1][safepoint    ] Application time: 0.0414969 seconds
[2019-12-09T01:43:35.988+0000][1][safepoint    ] Entering safepoint region: Deoptimize
[2019-12-09T01:43:35.988+0000][1][safepoint    ] Leaving safepoint region
[2019-12-09T01:43:35.989+0000][1][safepoint    ] Total time for which application threads were stopped: 0.0007083 seconds, Stopping threads took: 0.0000153 seconds
[2019-12-09T01:43:36.829+0000][1][safepoint    ] Application time: 0.8401980 seconds
[2019-12-09T01:43:36.829+0000][1][safepoint    ] Entering safepoint region: CollectForMetadataAllocation
[2019-12-09T01:43:36.829+0000][1][safepoint    ] Leaving safepoint region
[2019-12-09T01:43:36.829+0000][1][safepoint    ] Total time for which application threads were stopped: 0.0002848 seconds, Stopping threads took: 0.0000295 seconds
[2019-12-09T01:43:36.831+0000][1][safepoint    ] Application time: 0.0017025 seconds
[2019-12-09T01:43:36.835+0000][1][safepoint    ] Entering safepoint region: CollectForMetadataAllocation
[2019-12-09T01:43:36.835+0000][1][safepoint    ] Leaving safepoint region
[2019-12-09T01:43:36.835+0000][1][safepoint    ] Total time for which application threads were stopped: 0.0040030 seconds, Stopping threads took: 0.0039634 seconds
[2019-12-09T01:43:36.955+0000][1][safepoint    ] Application time: 0.1201320 seconds
[2019-12-09T01:43:36.963+0000][1][safepoint    ] Entering safepoint region: RevokeBias
[2019-12-09T01:43:36.964+0000][1][safepoint    ] Leaving safepoint region
[2019-12-09T01:43:36.964+0000][1][safepoint    ] Total time for which application threads were stopped: 0.0086602 seconds, Stopping threads took: 0.0085845 seconds
[2019-12-09T01:43:36.964+0000][1][safepoint    ] Application time: 0.0001972 seconds
[2019-12-09T01:43:36.964+0000][1][safepoint    ] Entering safepoint region: RevokeBias
[2019-12-09T01:43:36.964+0000][1][safepoint    ] Leaving safepoint region
[2019-12-09T01:43:36.964+0000][1][safepoint    ] Total time for which application threads were stopped: 0.0000746 seconds, Stopping threads took: 0.0000132 seconds
[2019-12-09T01:43:36.964+0000][1][safepoint    ] Application time: 0.0000708 seconds
[2019-12-09T01:43:36.964+0000][1][safepoint    ] Entering safepoint region: RevokeBias
[2019-12-09T01:43:36.964+0000][1][safepoint    ] Leaving safepoint region
[2019-12-09T01:43:36.964+0000][1][safepoint    ] Total time for which application threads were stopped: 0.0000552 seconds, Stopping threads took: 0.0000101 seconds
[2019-12-09T01:43:36.964+0000][1][safepoint    ] Application time: 0.0002813 seconds
[2019-12-09T01:43:36.964+0000][1][safepoint    ] Entering safepoint region: RevokeBias
[2019-12-09T01:43:36.964+0000][1][safepoint    ] Leaving safepoint region
[2019-12-09T01:43:36.964+0000][1][safepoint    ] Total time for which application threads were stopped: 0.0000666 seconds, Stopping threads took: 0.0000114 seconds
[2019-12-09T01:43:36.964+0000][1][safepoint    ] Application time: 0.0000444 seconds
[2019-12-09T01:43:36.964+0000][1][safepoint    ] Entering safepoint region: RevokeBias
[2019-12-09T01:43:36.965+0000][1][safepoint    ] Leaving safepoint region
[2019-12-09T01:43:36.965+0000][1][safepoint    ] Total time for which application threads were stopped: 0.0000452 seconds, Stopping threads took: 0.0000084 seconds
[2019-12-09T01:43:36.979+0000][1][safepoint    ] Application time: 0.0147071 seconds
[2019-12-09T01:43:36.979+0000][1][safepoint    ] Entering safepoint region: RevokeBias
[2019-12-09T01:43:36.979+0000][1][safepoint    ] Leaving safepoint region
[2019-12-09T01:43:36.979+0000][1][safepoint    ] Total time for which application threads were stopped: 0.0001185 seconds, Stopping threads took: 0.0000683 seconds
[2019-12-09T01:43:36.984+0000][1][safepoint    ] Application time: 0.0043150 seconds
[2019-12-09T01:43:36.984+0000][1][safepoint    ] Entering safepoint region: RevokeBias
[2019-12-09T01:43:36.984+0000][1][safepoint    ] Leaving safepoint region
[2019-12-09T01:43:36.984+0000][1][safepoint    ] Total time for which application threads were stopped: 0.0000673 seconds, Stopping threads took: 0.0000135 seconds
[2019-12-09T01:43:37.004+0000][1][safepoint    ] Application time: 0.0197596 seconds
[2019-12-09T01:43:37.017+0000][1][safepoint    ] Entering safepoint region: RevokeBias
[2019-12-09T01:43:37.017+0000][1][safepoint    ] Leaving safepoint region
[2019-12-09T01:43:37.017+0000][1][safepoint    ] Total time for which application threads were stopped: 0.0137989 seconds, Stopping threads took: 0.0137320 seconds
[2019-12-09T01:43:37.031+0000][1][safepoint    ] Application time: 0.0134180 seconds
[2019-12-09T01:43:37.031+0000][1][safepoint    ] Entering safepoint region: RevokeBias
[2019-12-09T01:43:37.031+0000][1][safepoint    ] Leaving safepoint region
[2019-12-09T01:43:37.031+0000][1][safepoint    ] Total time for which application threads were stopped: 0.0001270 seconds, Stopping threads took: 0.0000677 seconds
[2019-12-09T01:43:37.062+0000][1][safepoint    ] Application time: 0.0312392 seconds
[2019-12-09T01:43:37.063+0000][1][safepoint    ] Entering safepoint region: RevokeBias
[2019-12-09T01:43:37.063+0000][1][safepoint    ] Leaving safepoint region
[2019-12-09T01:43:37.063+0000][1][safepoint    ] Total time for which application threads were stopped: 0.0010386 seconds, Stopping threads took: 0.0009585 seconds
[2019-12-09T01:43:37.076+0000][1][safepoint    ] Application time: 0.0131287 seconds
[2019-12-09T01:43:37.077+0000][1][safepoint    ] Entering safepoint region: RevokeBias
[2019-12-09T01:43:37.077+0000][1][safepoint    ] Leaving safepoint region
[2019-12-09T01:43:37.077+0000][1][safepoint    ] Total time for which application threads were stopped: 0.0001658 seconds, Stopping threads took: 0.0000679 seconds
[2019-12-09T01:43:37.110+0000][1][safepoint    ] Application time: 0.0330467 seconds
[2019-12-09T01:43:37.110+0000][1][safepoint    ] Entering safepoint region: RevokeBias
[2019-12-09T01:43:37.110+0000][1][safepoint    ] Leaving safepoint region
[2019-12-09T01:43:37.110+0000][1][safepoint    ] Total time for which application threads were stopped: 0.0002074 seconds, Stopping threads took: 0.0000956 seconds
[2019-12-09T01:43:37.110+0000][1][safepoint    ] Application time: 0.0004460 seconds
[2019-12-09T01:43:37.110+0000][1][safepoint    ] Entering safepoint region: RevokeBias
[2019-12-09T01:43:37.110+0000][1][safepoint    ] Leaving safepoint region
[2019-12-09T01:43:37.110+0000][1][safepoint    ] Total time for which application threads were stopped: 0.0000764 seconds, Stopping threads took: 0.0000135 seconds
[2019-12-09T01:43:37.113+0000][1][safepoint    ] Application time: 0.0021753 seconds
[2019-12-09T01:43:37.113+0000][1][safepoint    ] Entering safepoint region: CollectForMetadataAllocation
[2019-12-09T01:43:37.113+0000][1][safepoint    ] Leaving safepoint region
[2019-12-09T01:43:37.113+0000][1][safepoint    ] Total time for which application threads were stopped: 0.0002286 seconds, Stopping threads took: 0.0000141 seconds
[2019-12-09T01:43:37.113+0000][1][safepoint    ] Application time: 0.0003534 seconds
[2019-12-09T01:43:37.113+0000][1][safepoint    ] Entering safepoint region: RevokeBias
[2019-12-09T01:43:37.113+0000][1][safepoint    ] Leaving safepoint region
[2019-12-09T01:43:37.113+0000][1][safepoint    ] Total time for which application threads were stopped: 0.0000944 seconds, Stopping threads took: 0.0000104 seconds
[2019-12-09T01:43:37.115+0000][1][safepoint    ] Application time: 0.0020809 seconds
[2019-12-09T01:43:37.115+0000][1][safepoint    ] Entering safepoint region: RevokeBias
[2019-12-09T01:43:37.116+0000][1][safepoint    ] Leaving safepoint region
[2019-12-09T01:43:37.116+0000][1][safepoint    ] Total time for which application threads were stopped: 0.0000667 seconds, Stopping threads took: 0.0000102 seconds
[2019-12-09T01:43:37.117+0000][1][safepoint    ] Application time: 0.0011620 seconds
[2019-12-09T01:43:37.117+0000][1][safepoint    ] Entering safepoint region: RevokeBias
[2019-12-09T01:43:37.117+0000][1][safepoint    ] Leaving safepoint region
[2019-12-09T01:43:37.117+0000][1][safepoint    ] Total time for which application threads were stopped: 0.0001281 seconds, Stopping threads took: 0.0000764 seconds
[2019-12-09T01:43:37.117+0000][1][safepoint    ] Application time: 0.0004380 seconds
[2019-12-09T01:43:37.117+0000][1][safepoint    ] Entering safepoint region: RevokeBias
[2019-12-09T01:43:37.117+0000][1][safepoint    ] Leaving safepoint region
[2019-12-09T01:43:37.117+0000][1][safepoint    ] Total time for which application threads were stopped: 0.0000583 seconds, Stopping threads took: 0.0000106 seconds
[2019-12-09T01:43:37.146+0000][1][safepoint    ] Application time: 0.0289931 seconds
[2019-12-09T01:43:37.146+0000][1][safepoint    ] Entering safepoint region: RevokeBias
[2019-12-09T01:43:37.147+0000][1][safepoint    ] Leaving safepoint region
[2019-12-09T01:43:37.147+0000][1][safepoint    ] Total time for which application threads were stopped: 0.0001610 seconds, Stopping threads took: 0.0000155 seconds
[2019-12-09T01:43:37.147+0000][1][safepoint    ] Application time: 0.0000959 seconds
[2019-12-09T01:43:37.147+0000][1][safepoint    ] Entering safepoint region: RevokeBias
[2019-12-09T01:43:37.147+0000][1][safepoint    ] Leaving safepoint region
[2019-12-09T01:43:37.147+0000][1][safepoint    ] Total time for which application threads were stopped: 0.0000529 seconds, Stopping threads took: 0.0000094 seconds
[2019-12-09T01:43:37.147+0000][1][safepoint    ] Application time: 0.0000472 seconds
[2019-12-09T01:43:37.147+0000][1][safepoint    ] Entering safepoint region: RevokeBias
[2019-12-09T01:43:37.147+0000][1][safepoint    ] Leaving safepoint region
[2019-12-09T01:43:37.147+0000][1][safepoint    ] Total time for which application threads were stopped: 0.0000458 seconds, Stopping threads took: 0.0000082 seconds
[2019-12-09T01:43:37.168+0000][1][safepoint    ] Application time: 0.0208806 seconds
[2019-12-09T01:43:37.168+0000][1][safepoint    ] Entering safepoint region: BulkRevokeBias
[2019-12-09T01:43:37.168+0000][1][safepoint    ] Leaving safepoint region
[2019-12-09T01:43:37.168+0000][1][safepoint    ] Total time for which application threads were stopped: 0.0002918 seconds, Stopping threads took: 0.0000131 seconds
[2019-12-09T01:43:37.184+0000][1][safepoint    ] Application time: 0.0156407 seconds
[2019-12-09T01:43:37.184+0000][1][safepoint    ] Entering safepoint region: RevokeBias
[2019-12-09T01:43:37.184+0000][1][safepoint    ] Leaving safepoint region
[2019-12-09T01:43:37.184+0000][1][safepoint    ] Total time for which application threads were stopped: 0.0000974 seconds, Stopping threads took: 0.0000132 seconds
[2019-12-09T01:43:37.199+0000][1][safepoint    ] Application time: 0.0148828 seconds
[2019-12-09T01:43:37.199+0000][1][safepoint    ] Entering safepoint region: RevokeBias
[2019-12-09T01:43:37.199+0000][1][safepoint    ] Leaving safepoint region
[2019-12-09T01:43:37.199+0000][1][safepoint    ] Total time for which application threads were stopped: 0.0000854 seconds, Stopping threads took: 0.0000142 seconds
[2019-12-09T01:43:37.199+0000][1][safepoint    ] Application time: 0.0000565 seconds
[2019-12-09T01:43:37.199+0000][1][safepoint    ] Entering safepoint region: RevokeBias
[2019-12-09T01:43:37.199+0000][1][safepoint    ] Leaving safepoint region
[2019-12-09T01:43:37.199+0000][1][safepoint    ] Total time for which application threads were stopped: 0.0000578 seconds, Stopping threads took: 0.0000090 seconds
[2019-12-09T01:43:37.202+0000][1][safepoint    ] Application time: 0.0028837 seconds
[2019-12-09T01:43:37.202+0000][1][safepoint    ] Entering safepoint region: RevokeBias
[2019-12-09T01:43:37.202+0000][1][safepoint    ] Leaving safepoint region
[2019-12-09T01:43:37.202+0000][1][safepoint    ] Total time for which application threads were stopped: 0.0000746 seconds, Stopping threads took: 0.0000126 seconds
[2019-12-09T01:43:37.202+0000][1][safepoint    ] Application time: 0.0002904 seconds
[2019-12-09T01:43:37.202+0000][1][safepoint    ] Entering safepoint region: RevokeBias
[2019-12-09T01:43:37.202+0000][1][safepoint    ] Leaving safepoint region
[2019-12-09T01:43:37.202+0000][1][safepoint    ] Total time for which application threads were stopped: 0.0000584 seconds, Stopping threads took: 0.0000092 seconds
[2019-12-09T01:43:37.218+0000][1][safepoint    ] Application time: 0.0160307 seconds
[2019-12-09T01:43:37.317+0000][1][safepoint    ] Entering safepoint region: RevokeBias
[2019-12-09T01:43:37.317+0000][1][safepoint    ] Leaving safepoint region
[2019-12-09T01:43:37.317+0000][1][safepoint    ] Total time for which application threads were stopped: 0.0986302 seconds, Stopping threads took: 0.0985425 seconds
[2019-12-09T01:43:37.317+0000][1][safepoint    ] Application time: 0.0003412 seconds
[2019-12-09T01:43:37.317+0000][1][safepoint    ] Entering safepoint region: RevokeBias
[2019-12-09T01:43:37.318+0000][1][safepoint    ] Leaving safepoint region
[2019-12-09T01:43:37.318+0000][1][safepoint    ] Total time for which application threads were stopped: 0.0000924 seconds, Stopping threads took: 0.0000155 seconds
[2019-12-09T01:43:37.318+0000][1][safepoint    ] Application time: 0.0000420 seconds
[2019-12-09T01:43:37.318+0000][1][safepoint    ] Entering safepoint region: RevokeBias
[2019-12-09T01:43:37.318+0000][1][safepoint    ] Leaving safepoint region
[2019-12-09T01:43:37.318+0000][1][safepoint    ] Total time for which application threads were stopped: 0.0000572 seconds, Stopping threads took: 0.0000090 seconds
[2019-12-09T01:43:37.318+0000][1][safepoint    ] Application time: 0.0000587 seconds
[2019-12-09T01:43:37.318+0000][1][safepoint    ] Entering safepoint region: RevokeBias
[2019-12-09T01:43:37.318+0000][1][safepoint    ] Leaving safepoint region
[2019-12-09T01:43:37.318+0000][1][safepoint    ] Total time for which application threads were stopped: 0.0000552 seconds, Stopping threads took: 0.0000083 seconds
[2019-12-09T01:43:37.321+0000][1][safepoint    ] Application time: 0.0035244 seconds
[2019-12-09T01:43:37.321+0000][1][safepoint    ] Entering safepoint region: RevokeBias
[2019-12-09T01:43:37.321+0000][1][safepoint    ] Leaving safepoint region
[2019-12-09T01:43:37.321+0000][1][safepoint    ] Total time for which application threads were stopped: 0.0001369 seconds, Stopping threads took: 0.0000739 seconds
[2019-12-09T01:43:37.322+0000][1][safepoint    ] Application time: 0.0000837 seconds
[2019-12-09T01:43:37.322+0000][1][safepoint    ] Entering safepoint region: RevokeBias
[2019-12-09T01:43:37.322+0000][1][safepoint    ] Leaving safepoint region
[2019-12-09T01:43:37.322+0000][1][safepoint    ] Total time for which application threads were stopped: 0.0000601 seconds, Stopping threads took: 0.0000099 seconds
[2019-12-09T01:43:37.322+0000][1][safepoint    ] Application time: 0.0000420 seconds
[2019-12-09T01:43:37.322+0000][1][safepoint    ] Entering safepoint region: RevokeBias
[2019-12-09T01:43:37.322+0000][1][safepoint    ] Leaving safepoint region
[2019-12-09T01:43:37.322+0000][1][safepoint    ] Total time for which application threads were stopped: 0.0000558 seconds, Stopping threads took: 0.0000094 seconds
[2019-12-09T01:43:37.322+0000][1][safepoint    ] Application time: 0.0005440 seconds
[2019-12-09T01:43:37.322+0000][1][safepoint    ] Entering safepoint region: RevokeBias
[2019-12-09T01:43:37.322+0000][1][safepoint    ] Leaving safepoint region
[2019-12-09T01:43:37.322+0000][1][safepoint    ] Total time for which application threads were stopped: 0.0000723 seconds, Stopping threads took: 0.0000126 seconds
[2019-12-09T01:43:37.323+0000][1][safepoint    ] Application time: 0.0006091 seconds
[2019-12-09T01:43:37.323+0000][1][safepoint    ] Entering safepoint region: RevokeBias
[2019-12-09T01:43:37.323+0000][1][safepoint    ] Leaving safepoint region
[2019-12-09T01:43:37.323+0000][1][safepoint    ] Total time for which application threads were stopped: 0.0001036 seconds, Stopping threads took: 0.0000114 seconds
[2019-12-09T01:43:37.324+0000][1][safepoint    ] Application time: 0.0006041 seconds
[2019-12-09T01:43:37.324+0000][1][safepoint    ] Entering safepoint region: RevokeBias
[2019-12-09T01:43:37.324+0000][1][safepoint    ] Leaving safepoint region
[2019-12-09T01:43:37.324+0000][1][safepoint    ] Total time for which application threads were stopped: 0.0001023 seconds, Stopping threads took: 0.0000391 seconds
[2019-12-09T01:43:37.324+0000][1][safepoint    ] Application time: 0.0004987 seconds
[2019-12-09T01:43:37.324+0000][1][safepoint    ] Entering safepoint region: RevokeBias
[2019-12-09T01:43:37.324+0000][1][safepoint    ] Leaving safepoint region
[2019-12-09T01:43:37.324+0000][1][safepoint    ] Total time for which application threads were stopped: 0.0000652 seconds, Stopping threads took: 0.0000111 seconds
[2019-12-09T01:43:37.325+0000][1][safepoint    ] Application time: 0.0002417 seconds
[2019-12-09T01:43:37.325+0000][1][safepoint    ] Entering safepoint region: RevokeBias
[2019-12-09T01:43:37.325+0000][1][safepoint    ] Leaving safepoint region
[2019-12-09T01:43:37.325+0000][1][safepoint    ] Total time for which application threads were stopped: 0.0000693 seconds, Stopping threads took: 0.0000106 seconds
[2019-12-09T01:43:37.325+0000][1][safepoint    ] Application time: 0.0000441 seconds
[2019-12-09T01:43:37.325+0000][1][safepoint    ] Entering safepoint region: RevokeBias
[2019-12-09T01:43:37.325+0000][1][safepoint    ] Leaving safepoint region
[2019-12-09T01:43:37.325+0000][1][safepoint    ] Total time for which application threads were stopped: 0.0000728 seconds, Stopping threads took: 0.0000079 seconds
[2019-12-09T01:43:37.363+0000][1][safepoint    ] Application time: 0.0377572 seconds
[2019-12-09T01:43:37.363+0000][1][safepoint    ] Entering safepoint region: RevokeBias
[2019-12-09T01:43:37.363+0000][1][safepoint    ] Leaving safepoint region
[2019-12-09T01:43:37.363+0000][1][safepoint    ] Total time for which application threads were stopped: 0.0001565 seconds, Stopping threads took: 0.0000597 seconds
[2019-12-09T01:43:37.365+0000][1][safepoint    ] Application time: 0.0024972 seconds
[2019-12-09T01:43:37.365+0000][1][safepoint    ] Entering safepoint region: RevokeBias
[2019-12-09T01:43:37.365+0000][1][safepoint    ] Leaving safepoint region
[2019-12-09T01:43:37.366+0000][1][safepoint    ] Total time for which application threads were stopped: 0.0000852 seconds, Stopping threads took: 0.0000134 seconds
[2019-12-09T01:43:37.375+0000][1][safepoint    ] Application time: 0.0095458 seconds
[2019-12-09T01:43:37.403+0000][1][safepoint    ] Entering safepoint region: RevokeBias
[2019-12-09T01:43:37.403+0000][1][safepoint    ] Leaving safepoint region
[2019-12-09T01:43:37.403+0000][1][safepoint    ] Total time for which application threads were stopped: 0.0277915 seconds, Stopping threads took: 0.0277081 seconds
[2019-12-09T01:43:37.404+0000][1][safepoint    ] Application time: 0.0008873 seconds
[2019-12-09T01:43:37.404+0000][1][safepoint    ] Entering safepoint region: RevokeBias
[2019-12-09T01:43:37.404+0000][1][safepoint    ] Leaving safepoint region
[2019-12-09T01:43:37.404+0000][1][safepoint    ] Total time for which application threads were stopped: 0.0000847 seconds, Stopping threads took: 0.0000133 seconds
[2019-12-09T01:43:37.405+0000][1][safepoint    ] Application time: 0.0015301 seconds
[2019-12-09T01:43:37.405+0000][1][safepoint    ] Entering safepoint region: RevokeBias
[2019-12-09T01:43:37.406+0000][1][safepoint    ] Leaving safepoint region
[2019-12-09T01:43:37.406+0000][1][safepoint    ] Total time for which application threads were stopped: 0.0000752 seconds, Stopping threads took: 0.0000121 seconds
[2019-12-09T01:43:37.406+0000][1][safepoint    ] Application time: 0.0003737 seconds
[2019-12-09T01:43:37.406+0000][1][safepoint    ] Entering safepoint region: RevokeBias
[2019-12-09T01:43:37.406+0000][1][safepoint    ] Leaving safepoint region
[2019-12-09T01:43:37.406+0000][1][safepoint    ] Total time for which application threads were stopped: 0.0000602 seconds, Stopping threads took: 0.0000105 seconds
[2019-12-09T01:43:37.406+0000][1][safepoint    ] Application time: 0.0000840 seconds
[2019-12-09T01:43:37.406+0000][1][safepoint    ] Entering safepoint region: RevokeBias
[2019-12-09T01:43:37.406+0000][1][safepoint    ] Leaving safepoint region
[2019-12-09T01:43:37.406+0000][1][safepoint    ] Total time for which application threads were stopped: 0.0000505 seconds, Stopping threads took: 0.0000096 seconds
[2019-12-09T01:43:37.407+0000][1][safepoint    ] Application time: 0.0004895 seconds
[2019-12-09T01:43:37.407+0000][1][safepoint    ] Entering safepoint region: RevokeBias
[2019-12-09T01:43:37.407+0000][1][safepoint    ] Leaving safepoint region
[2019-12-09T01:43:37.407+0000][1][safepoint    ] Total time for which application threads were stopped: 0.0000725 seconds, Stopping threads took: 0.0000125 seconds
[2019-12-09T01:43:37.407+0000][1][safepoint    ] Application time: 0.0001329 seconds
[2019-12-09T01:43:37.407+0000][1][safepoint    ] Entering safepoint region: RevokeBias
[2019-12-09T01:43:37.407+0000][1][safepoint    ] Leaving safepoint region
[2019-12-09T01:43:37.407+0000][1][safepoint    ] Total time for which application threads were stopped: 0.0000626 seconds, Stopping threads took: 0.0000098 seconds
[2019-12-09T01:43:37.407+0000][1][safepoint    ] Application time: 0.0002613 seconds
[2019-12-09T01:43:37.407+0000][1][safepoint    ] Entering safepoint region: RevokeBias
[2019-12-09T01:43:37.407+0000][1][safepoint    ] Leaving safepoint region
[2019-12-09T01:43:37.407+0000][1][safepoint    ] Total time for which application threads were stopped: 0.0000652 seconds, Stopping threads took: 0.0000119 seconds
[2019-12-09T01:43:37.408+0000][1][safepoint    ] Application time: 0.0005802 seconds
[2019-12-09T01:43:37.408+0000][1][safepoint    ] Entering safepoint region: RevokeBias
[2019-12-09T01:43:37.408+0000][1][safepoint    ] Leaving safepoint region
[2019-12-09T01:43:37.408+0000][1][safepoint    ] Total time for which application threads were stopped: 0.0000642 seconds, Stopping threads took: 0.0000119 seconds
[2019-12-09T01:43:37.408+0000][1][safepoint    ] Application time: 0.0000454 seconds
[2019-12-09T01:43:37.408+0000][1][safepoint    ] Entering safepoint region: RevokeBias
[2019-12-09T01:43:37.408+0000][1][safepoint    ] Leaving safepoint region
[2019-12-09T01:43:37.408+0000][1][safepoint    ] Total time for which application threads were stopped: 0.0000500 seconds, Stopping threads took: 0.0000090 seconds
[2019-12-09T01:43:37.416+0000][1][safepoint    ] Application time: 0.0082767 seconds
[2019-12-09T01:43:37.416+0000][1][safepoint    ] Entering safepoint region: CollectForMetadataAllocation
[2019-12-09T01:43:37.417+0000][1][safepoint    ] Leaving safepoint region
[2019-12-09T01:43:37.417+0000][1][safepoint    ] Total time for which application threads were stopped: 0.0002132 seconds, Stopping threads took: 0.0000124 seconds
[2019-12-09T01:43:37.429+0000][1][safepoint    ] Application time: 0.0122245 seconds
[2019-12-09T01:43:37.429+0000][1][safepoint    ] Entering safepoint region: RevokeBias
[2019-12-09T01:43:37.429+0000][1][safepoint    ] Leaving safepoint region
[2019-12-09T01:43:37.429+0000][1][safepoint    ] Total time for which application threads were stopped: 0.0001101 seconds, Stopping threads took: 0.0000502 seconds
[2019-12-09T01:43:37.429+0000][1][safepoint    ] Application time: 0.0003382 seconds
[2019-12-09T01:43:37.429+0000][1][safepoint    ] Entering safepoint region: RevokeBias
[2019-12-09T01:43:37.429+0000][1][safepoint    ] Leaving safepoint region
[2019-12-09T01:43:37.429+0000][1][safepoint    ] Total time for which application threads were stopped: 0.0000523 seconds, Stopping threads took: 0.0000111 seconds
[2019-12-09T01:43:37.429+0000][1][safepoint    ] Application time: 0.0000449 seconds
[2019-12-09T01:43:37.429+0000][1][safepoint    ] Entering safepoint region: RevokeBias
[2019-12-09T01:43:37.429+0000][1][safepoint    ] Leaving safepoint region
[2019-12-09T01:43:37.429+0000][1][safepoint    ] Total time for which application threads were stopped: 0.0000431 seconds, Stopping threads took: 0.0000090 seconds
[2019-12-09T01:43:37.430+0000][1][safepoint    ] Application time: 0.0000382 seconds
[2019-12-09T01:43:37.430+0000][1][safepoint    ] Entering safepoint region: RevokeBias
[2019-12-09T01:43:37.430+0000][1][safepoint    ] Leaving safepoint region
[2019-12-09T01:43:37.430+0000][1][safepoint    ] Total time for which application threads were stopped: 0.0000408 seconds, Stopping threads took: 0.0000086 seconds
[2019-12-09T01:43:37.479+0000][1][safepoint    ] Application time: 0.0491339 seconds
[2019-12-09T01:43:37.479+0000][1][safepoint    ] Entering safepoint region: RevokeBias
[2019-12-09T01:43:37.479+0000][1][safepoint    ] Leaving safepoint region
[2019-12-09T01:43:37.479+0000][1][safepoint    ] Total time for which application threads were stopped: 0.0000916 seconds, Stopping threads took: 0.0000280 seconds
[2019-12-09T01:43:37.556+0000][1][safepoint    ] Application time: 0.0773820 seconds
[2019-12-09T01:43:37.556+0000][1][safepoint    ] Entering safepoint region: RevokeBias
[2019-12-09T01:43:37.556+0000][1][safepoint    ] Leaving safepoint region
[2019-12-09T01:43:37.556+0000][1][safepoint    ] Total time for which application threads were stopped: 0.0000880 seconds, Stopping threads took: 0.0000181 seconds
[2019-12-09T01:43:37.625+0000][1][safepoint    ] Application time: 0.0687656 seconds
[2019-12-09T01:43:37.625+0000][1][safepoint    ] Entering safepoint region: CollectForMetadataAllocation
[2019-12-09T01:43:37.625+0000][1][safepoint    ] Leaving safepoint region
[2019-12-09T01:43:37.625+0000][1][safepoint    ] Total time for which application threads were stopped: 0.0001761 seconds, Stopping threads took: 0.0000176 seconds
[2019-12-09T01:43:37.885+0000][1][safepoint    ] Application time: 0.2593535 seconds
[2019-12-09T01:43:37.951+0000][1][safepoint    ] Entering safepoint region: RevokeBias
[2019-12-09T01:43:37.951+0000][1][safepoint    ] Leaving safepoint region
[2019-12-09T01:43:37.951+0000][1][safepoint    ] Total time for which application threads were stopped: 0.0662076 seconds, Stopping threads took: 0.0660869 seconds
[2019-12-09T01:43:38.068+0000][1][safepoint    ] Application time: 0.1167883 seconds
[2019-12-09T01:43:38.068+0000][1][safepoint    ] Entering safepoint region: RevokeBias
[2019-12-09T01:43:38.068+0000][1][safepoint    ] Leaving safepoint region
[2019-12-09T01:43:38.068+0000][1][safepoint    ] Total time for which application threads were stopped: 0.0006776 seconds, Stopping threads took: 0.0005645 seconds
[2019-12-09T01:43:38.075+0000][1][safepoint    ] Application time: 0.0069884 seconds
[2019-12-09T01:43:38.076+0000][1][safepoint    ] Entering safepoint region: RevokeBias
[2019-12-09T01:43:38.076+0000][1][safepoint    ] Leaving safepoint region
[2019-12-09T01:43:38.076+0000][1][safepoint    ] Total time for which application threads were stopped: 0.0001843 seconds, Stopping threads took: 0.0000767 seconds
[2019-12-09T01:43:38.077+0000][1][safepoint    ] Application time: 0.0008880 seconds
[2019-12-09T01:43:38.077+0000][1][safepoint    ] Entering safepoint region: RevokeBias
[2019-12-09T01:43:38.077+0000][1][safepoint    ] Leaving safepoint region
[2019-12-09T01:43:38.077+0000][1][safepoint    ] Total time for which application threads were stopped: 0.0001077 seconds, Stopping threads took: 0.0000117 seconds
[2019-12-09T01:43:38.077+0000][1][safepoint    ] Application time: 0.0007017 seconds
[2019-12-09T01:43:38.077+0000][1][safepoint    ] Entering safepoint region: RevokeBias
[2019-12-09T01:43:38.078+0000][1][safepoint    ] Leaving safepoint region
[2019-12-09T01:43:38.078+0000][1][safepoint    ] Total time for which application threads were stopped: 0.0000675 seconds, Stopping threads took: 0.0000102 seconds
[2019-12-09T01:43:38.078+0000][1][safepoint    ] Application time: 0.0000813 seconds
[2019-12-09T01:43:38.078+0000][1][safepoint    ] Entering safepoint region: RevokeBias
[2019-12-09T01:43:38.078+0000][1][safepoint    ] Leaving safepoint region
[2019-12-09T01:43:38.078+0000][1][safepoint    ] Total time for which application threads were stopped: 0.0000523 seconds, Stopping threads took: 0.0000084 seconds
[2019-12-09T01:43:38.078+0000][1][safepoint    ] Application time: 0.0000819 seconds
[2019-12-09T01:43:38.078+0000][1][safepoint    ] Entering safepoint region: RevokeBias
[2019-12-09T01:43:38.078+0000][1][safepoint    ] Leaving safepoint region
[2019-12-09T01:43:38.078+0000][1][safepoint    ] Total time for which application threads were stopped: 0.0000529 seconds, Stopping threads took: 0.0000086 seconds
[2019-12-09T01:43:38.264+0000][1][safepoint    ] Application time: 0.1862621 seconds
[2019-12-09T01:43:38.264+0000][1][safepoint    ] Entering safepoint region: RevokeBias
[2019-12-09T01:43:38.264+0000][1][safepoint    ] Leaving safepoint region
[2019-12-09T01:43:38.264+0000][1][safepoint    ] Total time for which application threads were stopped: 0.0000984 seconds, Stopping threads took: 0.0000180 seconds
[2019-12-09T01:43:38.307+0000][1][safepoint    ] Application time: 0.0423168 seconds
[2019-12-09T01:43:38.307+0000][1][safepoint    ] Entering safepoint region: RevokeBias
[2019-12-09T01:43:38.307+0000][1][safepoint    ] Leaving safepoint region
[2019-12-09T01:43:38.307+0000][1][safepoint    ] Total time for which application threads were stopped: 0.0000886 seconds, Stopping threads took: 0.0000196 seconds
[2019-12-09T01:43:38.456+0000][1][gc           ] GC(22) Concurrent Abortable Preclean 5343.462ms
[2019-12-09T01:43:38.456+0000][1][gc,cpu       ] GC(22) User=1.49s Sys=0.04s Real=5.35s
[2019-12-09T01:43:38.456+0000][1][safepoint    ] Application time: 0.1495948 seconds
[2019-12-09T01:43:38.456+0000][1][safepoint    ] Entering safepoint region: CMS_Final_Remark
[2019-12-09T01:43:38.456+0000][1][gc,start     ] GC(22) Pause Remark
[2019-12-09T01:43:38.668+0000][1][gc           ] GC(22) Pause Remark 87M->87M(247M) 211.407ms
[2019-12-09T01:43:38.668+0000][1][gc,cpu       ] GC(22) User=0.05s Sys=0.00s Real=0.21s
[2019-12-09T01:43:38.668+0000][1][safepoint    ] Leaving safepoint region
[2019-12-09T01:43:38.668+0000][1][safepoint    ] Total time for which application threads were stopped: 0.2115809 seconds, Stopping threads took: 0.0000190 seconds
[2019-12-09T01:43:38.672+0000][1][gc           ] GC(22) Concurrent Sweep
[2019-12-09T01:43:38.796+0000][1][safepoint    ] Application time: 0.1278102 seconds
[2019-12-09T01:43:38.796+0000][1][safepoint    ] Entering safepoint region: RevokeBias
[2019-12-09T01:43:38.797+0000][1][safepoint    ] Leaving safepoint region
[2019-12-09T01:43:38.797+0000][1][safepoint    ] Total time for which application threads were stopped: 0.0010161 seconds, Stopping threads took: 0.0000184 seconds
[2019-12-09T01:43:38.821+0000][1][safepoint    ] Application time: 0.0239772 seconds
[2019-12-09T01:43:38.821+0000][1][safepoint    ] Entering safepoint region: RevokeBias
[2019-12-09T01:43:38.821+0000][1][safepoint    ] Leaving safepoint region
[2019-12-09T01:43:38.821+0000][1][safepoint    ] Total time for which application threads were stopped: 0.0000886 seconds, Stopping threads took: 0.0000245 seconds
[2019-12-09T01:43:38.995+0000][1][safepoint    ] Application time: 0.1741492 seconds
[2019-12-09T01:43:38.995+0000][1][safepoint    ] Entering safepoint region: RevokeBias
[2019-12-09T01:43:38.995+0000][1][safepoint    ] Leaving safepoint region
[2019-12-09T01:43:38.995+0000][1][safepoint    ] Total time for which application threads were stopped: 0.0001342 seconds, Stopping threads took: 0.0000442 seconds
[2019-12-09T01:43:38.996+0000][1][safepoint    ] Application time: 0.0005395 seconds
[2019-12-09T01:43:38.996+0000][1][safepoint    ] Entering safepoint region: RevokeBias
[2019-12-09T01:43:38.996+0000][1][safepoint    ] Leaving safepoint region
[2019-12-09T01:43:38.996+0000][1][safepoint    ] Total time for which application threads were stopped: 0.0000814 seconds, Stopping threads took: 0.0000126 seconds
[2019-12-09T01:43:39.000+0000][1][safepoint    ] Application time: 0.0046053 seconds
[2019-12-09T01:43:39.001+0000][1][safepoint    ] Entering safepoint region: RevokeBias
[2019-12-09T01:43:39.001+0000][1][safepoint    ] Leaving safepoint region
[2019-12-09T01:43:39.001+0000][1][safepoint    ] Total time for which application threads were stopped: 0.0001643 seconds, Stopping threads took: 0.0000777 seconds
[2019-12-09T01:43:39.002+0000][1][safepoint    ] Application time: 0.0009248 seconds
[2019-12-09T01:43:39.002+0000][1][safepoint    ] Entering safepoint region: RevokeBias
[2019-12-09T01:43:39.002+0000][1][safepoint    ] Leaving safepoint region
[2019-12-09T01:43:39.002+0000][1][safepoint    ] Total time for which application threads were stopped: 0.0000865 seconds, Stopping threads took: 0.0000117 seconds
[2019-12-09T01:43:39.003+0000][1][safepoint    ] Application time: 0.0011594 seconds
[2019-12-09T01:43:39.003+0000][1][safepoint    ] Entering safepoint region: RevokeBias
[2019-12-09T01:43:39.003+0000][1][safepoint    ] Leaving safepoint region
[2019-12-09T01:43:39.003+0000][1][safepoint    ] Total time for which application threads were stopped: 0.0000588 seconds, Stopping threads took: 0.0000106 seconds
[2019-12-09T01:43:39.003+0000][1][safepoint    ] Application time: 0.0000725 seconds
[2019-12-09T01:43:39.003+0000][1][safepoint    ] Entering safepoint region: RevokeBias
[2019-12-09T01:43:39.003+0000][1][safepoint    ] Leaving safepoint region
[2019-12-09T01:43:39.003+0000][1][safepoint    ] Total time for which application threads were stopped: 0.0000503 seconds, Stopping threads took: 0.0000097 seconds
[2019-12-09T01:43:39.003+0000][1][safepoint    ] Application time: 0.0000549 seconds
[2019-12-09T01:43:39.003+0000][1][safepoint    ] Entering safepoint region: RevokeBias
[2019-12-09T01:43:39.003+0000][1][safepoint    ] Leaving safepoint region
[2019-12-09T01:43:39.003+0000][1][safepoint    ] Total time for which application threads were stopped: 0.0000479 seconds, Stopping threads took: 0.0000091 seconds
[2019-12-09T01:43:39.025+0000][1][safepoint    ] Application time: 0.0215572 seconds
[2019-12-09T01:43:39.025+0000][1][safepoint    ] Entering safepoint region: RevokeBias
[2019-12-09T01:43:39.025+0000][1][safepoint    ] Leaving safepoint region
[2019-12-09T01:43:39.025+0000][1][safepoint    ] Total time for which application threads were stopped: 0.0000799 seconds, Stopping threads took: 0.0000156 seconds
[2019-12-09T01:43:39.025+0000][1][safepoint    ] Application time: 0.0003172 seconds
[2019-12-09T01:43:39.025+0000][1][safepoint    ] Entering safepoint region: RevokeBias
[2019-12-09T01:43:39.025+0000][1][safepoint    ] Leaving safepoint region
[2019-12-09T01:43:39.025+0000][1][safepoint    ] Total time for which application threads were stopped: 0.0000724 seconds, Stopping threads took: 0.0000118 seconds
[2019-12-09T01:43:39.026+0000][1][safepoint    ] Application time: 0.0007531 seconds
[2019-12-09T01:43:39.026+0000][1][safepoint    ] Entering safepoint region: RevokeBias
[2019-12-09T01:43:39.026+0000][1][safepoint    ] Leaving safepoint region
[2019-12-09T01:43:39.026+0000][1][safepoint    ] Total time for which application threads were stopped: 0.0000636 seconds, Stopping threads took: 0.0000134 seconds
[2019-12-09T01:43:39.027+0000][1][safepoint    ] Application time: 0.0004005 seconds
[2019-12-09T01:43:39.027+0000][1][safepoint    ] Entering safepoint region: RevokeBias
[2019-12-09T01:43:39.027+0000][1][safepoint    ] Leaving safepoint region
[2019-12-09T01:43:39.027+0000][1][safepoint    ] Total time for which application threads were stopped: 0.0000588 seconds, Stopping threads took: 0.0000113 seconds
[2019-12-09T01:43:39.047+0000][1][safepoint    ] Application time: 0.0206304 seconds
[2019-12-09T01:43:39.047+0000][1][safepoint    ] Entering safepoint region: RevokeBias
[2019-12-09T01:43:39.047+0000][1][safepoint    ] Leaving safepoint region
[2019-12-09T01:43:39.047+0000][1][safepoint    ] Total time for which application threads were stopped: 0.0000797 seconds, Stopping threads took: 0.0000152 seconds
[2019-12-09T01:43:39.050+0000][1][gc           ] GC(22) Concurrent Sweep 378.091ms
[2019-12-09T01:43:39.050+0000][1][gc,cpu       ] GC(22) User=0.11s Sys=0.00s Real=0.38s
[2019-12-09T01:43:39.050+0000][1][gc           ] GC(22) Concurrent Reset
[2019-12-09T01:43:39.050+0000][1][gc           ] GC(22) Concurrent Reset 0.310ms
[2019-12-09T01:43:39.050+0000][1][gc,cpu       ] GC(22) User=0.00s Sys=0.00s Real=0.00s
[2019-12-09T01:43:39.050+0000][1][gc,heap      ] GC(22) Old: 60415K->60133K(174784K)
[2019-12-09T01:43:39.058+0000][1][safepoint    ] Application time: 0.0104364 seconds
[2019-12-09T01:43:39.058+0000][1][safepoint    ] Entering safepoint region: RevokeBias
[2019-12-09T01:43:39.058+0000][1][safepoint    ] Leaving safepoint region
[2019-12-09T01:43:39.058+0000][1][safepoint    ] Total time for which application threads were stopped: 0.0000678 seconds, Stopping threads took: 0.0000148 seconds
[2019-12-09T01:43:39.058+0000][1][safepoint    ] Application time: 0.0000552 seconds
[2019-12-09T01:43:39.058+0000][1][safepoint    ] Entering safepoint region: RevokeBias
[2019-12-09T01:43:39.058+0000][1][safepoint    ] Leaving safepoint region
[2019-12-09T01:43:39.058+0000][1][safepoint    ] Total time for which application threads were stopped: 0.0000423 seconds, Stopping threads took: 0.0000095 seconds
[2019-12-09T01:43:39.058+0000][1][safepoint    ] Application time: 0.0000377 seconds
[2019-12-09T01:43:39.058+0000][1][safepoint    ] Entering safepoint region: RevokeBias
[2019-12-09T01:43:39.058+0000][1][safepoint    ] Leaving safepoint region
[2019-12-09T01:43:39.058+0000][1][safepoint    ] Total time for which application threads were stopped: 0.0000382 seconds, Stopping threads took: 0.0000088 seconds
[2019-12-09T01:43:39.078+0000][1][safepoint    ] Application time: 0.0200633 seconds
[2019-12-09T01:43:39.078+0000][1][safepoint    ] Entering safepoint region: RevokeBias
[2019-12-09T01:43:39.078+0000][1][safepoint    ] Leaving safepoint region
[2019-12-09T01:43:39.078+0000][1][safepoint    ] Total time for which application threads were stopped: 0.0000776 seconds, Stopping threads took: 0.0000162 seconds
[2019-12-09T01:43:39.908+0000][1][safepoint    ] Application time: 0.8301041 seconds
[2019-12-09T01:43:39.908+0000][1][safepoint    ] Entering safepoint region: RevokeBias
[2019-12-09T01:43:39.908+0000][1][safepoint    ] Leaving safepoint region
[2019-12-09T01:43:39.908+0000][1][safepoint    ] Total time for which application threads were stopped: 0.0000844 seconds, Stopping threads took: 0.0000177 seconds
[2019-12-09T01:43:39.909+0000][1][safepoint    ] Application time: 0.0004109 seconds
[2019-12-09T01:43:39.909+0000][1][safepoint    ] Entering safepoint region: RevokeBias
[2019-12-09T01:43:39.909+0000][1][safepoint    ] Leaving safepoint region
[2019-12-09T01:43:39.909+0000][1][safepoint    ] Total time for which application threads were stopped: 0.0000682 seconds, Stopping threads took: 0.0000178 seconds
[2019-12-09T01:43:39.909+0000][1][safepoint    ] Application time: 0.0004414 seconds
[2019-12-09T01:43:39.909+0000][1][safepoint    ] Entering safepoint region: RevokeBias
[2019-12-09T01:43:39.909+0000][1][safepoint    ] Leaving safepoint region
[2019-12-09T01:43:39.909+0000][1][safepoint    ] Total time for which application threads were stopped: 0.0000512 seconds, Stopping threads took: 0.0000096 seconds
[2019-12-09T01:43:40.006+0000][1][safepoint    ] Application time: 0.0961197 seconds
[2019-12-09T01:43:40.006+0000][1][safepoint    ] Entering safepoint region: RevokeBias
[2019-12-09T01:43:40.006+0000][1][safepoint    ] Leaving safepoint region
[2019-12-09T01:43:40.006+0000][1][safepoint    ] Total time for which application threads were stopped: 0.0001647 seconds, Stopping threads took: 0.0000814 seconds
[2019-12-09T01:43:40.006+0000][1][safepoint    ] Application time: 0.0002503 seconds
[2019-12-09T01:43:40.006+0000][1][safepoint    ] Entering safepoint region: RevokeBias
[2019-12-09T01:43:40.006+0000][1][safepoint    ] Leaving safepoint region
[2019-12-09T01:43:40.006+0000][1][safepoint    ] Total time for which application threads were stopped: 0.0000585 seconds, Stopping threads took: 0.0000097 seconds
[2019-12-09T01:43:40.052+0000][1][safepoint    ] Application time: 0.0458675 seconds
[2019-12-09T01:43:40.052+0000][1][safepoint    ] Entering safepoint region: RevokeBias
[2019-12-09T01:43:40.052+0000][1][safepoint    ] Leaving safepoint region
[2019-12-09T01:43:40.052+0000][1][safepoint    ] Total time for which application threads were stopped: 0.0001227 seconds, Stopping threads took: 0.0000454 seconds
[2019-12-09T01:43:40.053+0000][1][safepoint    ] Application time: 0.0004673 seconds
[2019-12-09T01:43:40.053+0000][1][safepoint    ] Entering safepoint region: RevokeBias
[2019-12-09T01:43:40.053+0000][1][safepoint    ] Leaving safepoint region
[2019-12-09T01:43:40.053+0000][1][safepoint    ] Total time for which application threads were stopped: 0.0000875 seconds, Stopping threads took: 0.0000111 seconds
[2019-12-09T01:43:40.135+0000][1][safepoint    ] Application time: 0.0819764 seconds
[2019-12-09T01:43:40.135+0000][1][safepoint    ] Entering safepoint region: RevokeBias
[2019-12-09T01:43:40.135+0000][1][safepoint    ] Leaving safepoint region
[2019-12-09T01:43:40.135+0000][1][safepoint    ] Total time for which application threads were stopped: 0.0001008 seconds, Stopping threads took: 0.0000184 seconds
[2019-12-09T01:43:40.136+0000][1][safepoint    ] Application time: 0.0007757 seconds
[2019-12-09T01:43:40.136+0000][1][safepoint    ] Entering safepoint region: RevokeBias
[2019-12-09T01:43:40.136+0000][1][safepoint    ] Leaving safepoint region
[2019-12-09T01:43:40.136+0000][1][safepoint    ] Total time for which application threads were stopped: 0.0005990 seconds, Stopping threads took: 0.0000144 seconds
[2019-12-09T01:43:40.155+0000][1][safepoint    ] Application time: 0.0188287 seconds
[2019-12-09T01:43:40.155+0000][1][safepoint    ] Entering safepoint region: RevokeBias
[2019-12-09T01:43:40.155+0000][1][safepoint    ] Leaving safepoint region
[2019-12-09T01:43:40.155+0000][1][safepoint    ] Total time for which application threads were stopped: 0.0001249 seconds, Stopping threads took: 0.0000711 seconds
[2019-12-09T01:43:40.156+0000][1][safepoint    ] Application time: 0.0011384 seconds
[2019-12-09T01:43:40.156+0000][1][safepoint    ] Entering safepoint region: RevokeBias
[2019-12-09T01:43:40.156+0000][1][safepoint    ] Leaving safepoint region
[2019-12-09T01:43:40.156+0000][1][safepoint    ] Total time for which application threads were stopped: 0.0000769 seconds, Stopping threads took: 0.0000149 seconds
[2019-12-09T01:43:40.157+0000][1][safepoint    ] Application time: 0.0007313 seconds
[2019-12-09T01:43:40.157+0000][1][safepoint    ] Entering safepoint region: RevokeBias
[2019-12-09T01:43:40.157+0000][1][safepoint    ] Leaving safepoint region
[2019-12-09T01:43:40.157+0000][1][safepoint    ] Total time for which application threads were stopped: 0.0000861 seconds, Stopping threads took: 0.0000193 seconds
[2019-12-09T01:43:40.159+0000][1][safepoint    ] Application time: 0.0018468 seconds
[2019-12-09T01:43:40.159+0000][1][safepoint    ] Entering safepoint region: RevokeBias
[2019-12-09T01:43:40.159+0000][1][safepoint    ] Leaving safepoint region
[2019-12-09T01:43:40.159+0000][1][safepoint    ] Total time for which application threads were stopped: 0.0000680 seconds, Stopping threads took: 0.0000138 seconds
[2019-12-09T01:43:40.160+0000][1][safepoint    ] Application time: 0.0002881 seconds
[2019-12-09T01:43:40.160+0000][1][safepoint    ] Entering safepoint region: RevokeBias
[2019-12-09T01:43:40.160+0000][1][safepoint    ] Leaving safepoint region
[2019-12-09T01:43:40.160+0000][1][safepoint    ] Total time for which application threads were stopped: 0.0000473 seconds, Stopping threads took: 0.0000100 seconds
[2019-12-09T01:43:40.160+0000][1][safepoint    ] Application time: 0.0000751 seconds
[2019-12-09T01:43:40.160+0000][1][safepoint    ] Entering safepoint region: RevokeBias
[2019-12-09T01:43:40.160+0000][1][safepoint    ] Leaving safepoint region
[2019-12-09T01:43:40.160+0000][1][safepoint    ] Total time for which application threads were stopped: 0.0000414 seconds, Stopping threads took: 0.0000090 seconds
[2019-12-09T01:43:40.160+0000][1][safepoint    ] Application time: 0.0000537 seconds
[2019-12-09T01:43:40.160+0000][1][safepoint    ] Entering safepoint region: RevokeBias
[2019-12-09T01:43:40.160+0000][1][safepoint    ] Leaving safepoint region
[2019-12-09T01:43:40.160+0000][1][safepoint    ] Total time for which application threads were stopped: 0.0000394 seconds, Stopping threads took: 0.0000088 seconds
[2019-12-09T01:43:40.168+0000][1][safepoint    ] Application time: 0.0079131 seconds
[2019-12-09T01:43:40.168+0000][1][safepoint    ] Entering safepoint region: RevokeBias
[2019-12-09T01:43:40.168+0000][1][safepoint    ] Leaving safepoint region
[2019-12-09T01:43:40.168+0000][1][safepoint    ] Total time for which application threads were stopped: 0.0000618 seconds, Stopping threads took: 0.0000130 seconds
[2019-12-09T01:43:40.183+0000][1][safepoint    ] Application time: 0.0147081 seconds
[2019-12-09T01:43:40.183+0000][1][safepoint    ] Entering safepoint region: RevokeBias
[2019-12-09T01:43:40.183+0000][1][safepoint    ] Leaving safepoint region
[2019-12-09T01:43:40.183+0000][1][safepoint    ] Total time for which application threads were stopped: 0.0000787 seconds, Stopping threads took: 0.0000137 seconds
[2019-12-09T01:43:40.215+0000][1][safepoint    ] Application time: 0.0320841 seconds
[2019-12-09T01:43:40.216+0000][1][safepoint    ] Entering safepoint region: RevokeBias
[2019-12-09T01:43:40.216+0000][1][safepoint    ] Leaving safepoint region
[2019-12-09T01:43:40.216+0000][1][safepoint    ] Total time for which application threads were stopped: 0.0015937 seconds, Stopping threads took: 0.0015485 seconds
[2019-12-09T01:43:40.217+0000][1][safepoint    ] Application time: 0.0002345 seconds
[2019-12-09T01:43:40.217+0000][1][safepoint    ] Entering safepoint region: RevokeBias
[2019-12-09T01:43:40.217+0000][1][safepoint    ] Leaving safepoint region
[2019-12-09T01:43:40.217+0000][1][safepoint    ] Total time for which application threads were stopped: 0.0000888 seconds, Stopping threads took: 0.0000488 seconds
[2019-12-09T01:43:40.294+0000][1][safepoint    ] Application time: 0.0769351 seconds
[2019-12-09T01:43:40.294+0000][1][safepoint    ] Entering safepoint region: RevokeBias
[2019-12-09T01:43:40.294+0000][1][safepoint    ] Leaving safepoint region
[2019-12-09T01:43:40.294+0000][1][safepoint    ] Total time for which application threads were stopped: 0.0000847 seconds, Stopping threads took: 0.0000184 seconds
[2019-12-09T01:43:40.294+0000][1][safepoint    ] Application time: 0.0001477 seconds
[2019-12-09T01:43:40.294+0000][1][safepoint    ] Entering safepoint region: RevokeBias
[2019-12-09T01:43:40.294+0000][1][safepoint    ] Leaving safepoint region
[2019-12-09T01:43:40.294+0000][1][safepoint    ] Total time for which application threads were stopped: 0.0000552 seconds, Stopping threads took: 0.0000142 seconds
[2019-12-09T01:43:40.670+0000][1][safepoint    ] Application time: 0.3762821 seconds
[2019-12-09T01:43:40.670+0000][1][safepoint    ] Entering safepoint region: BulkRevokeBias
[2019-12-09T01:43:40.671+0000][1][safepoint    ] Leaving safepoint region
[2019-12-09T01:43:40.671+0000][1][safepoint    ] Total time for which application threads were stopped: 0.0003187 seconds, Stopping threads took: 0.0000176 seconds
[2019-12-09T01:43:40.671+0000][1][safepoint    ] Application time: 0.0004698 seconds
[2019-12-09T01:43:40.671+0000][1][safepoint    ] Entering safepoint region: RevokeBias
[2019-12-09T01:43:40.671+0000][1][safepoint    ] Leaving safepoint region
[2019-12-09T01:43:40.671+0000][1][safepoint    ] Total time for which application threads were stopped: 0.0000620 seconds, Stopping threads took: 0.0000134 seconds
[2019-12-09T01:43:41.025+0000][1][safepoint    ] Application time: 0.3537721 seconds
[2019-12-09T01:43:41.035+0000][1][safepoint    ] Entering safepoint region: RevokeBias
[2019-12-09T01:43:41.035+0000][1][safepoint    ] Leaving safepoint region
[2019-12-09T01:43:41.035+0000][1][safepoint    ] Total time for which application threads were stopped: 0.0098126 seconds, Stopping threads took: 0.0097162 seconds
[2019-12-09T01:43:41.035+0000][1][safepoint    ] Application time: 0.0004750 seconds
[2019-12-09T01:43:41.035+0000][1][safepoint    ] Entering safepoint region: RevokeBias
[2019-12-09T01:43:41.035+0000][1][safepoint    ] Leaving safepoint region
[2019-12-09T01:43:41.035+0000][1][safepoint    ] Total time for which application threads were stopped: 0.0000821 seconds, Stopping threads took: 0.0000142 seconds
[2019-12-09T01:43:41.036+0000][1][safepoint    ] Application time: 0.0005634 seconds
[2019-12-09T01:43:41.036+0000][1][safepoint    ] Entering safepoint region: RevokeBias
[2019-12-09T01:43:41.036+0000][1][safepoint    ] Leaving safepoint region
[2019-12-09T01:43:41.036+0000][1][safepoint    ] Total time for which application threads were stopped: 0.0000744 seconds, Stopping threads took: 0.0000132 seconds
[2019-12-09T01:43:41.037+0000][1][safepoint    ] Application time: 0.0011137 seconds
[2019-12-09T01:43:41.037+0000][1][safepoint    ] Entering safepoint region: RevokeBias
[2019-12-09T01:43:41.037+0000][1][safepoint    ] Leaving safepoint region
[2019-12-09T01:43:41.037+0000][1][safepoint    ] Total time for which application threads were stopped: 0.0000680 seconds, Stopping threads took: 0.0000138 seconds
[2019-12-09T01:43:41.038+0000][1][safepoint    ] Application time: 0.0002997 seconds
[2019-12-09T01:43:41.038+0000][1][safepoint    ] Entering safepoint region: RevokeBias
[2019-12-09T01:43:41.038+0000][1][safepoint    ] Leaving safepoint region
[2019-12-09T01:43:41.038+0000][1][safepoint    ] Total time for which application threads were stopped: 0.0000741 seconds, Stopping threads took: 0.0000120 seconds
[2019-12-09T01:43:41.038+0000][1][safepoint    ] Application time: 0.0000687 seconds
[2019-12-09T01:43:41.038+0000][1][safepoint    ] Entering safepoint region: RevokeBias
[2019-12-09T01:43:41.038+0000][1][safepoint    ] Leaving safepoint region
[2019-12-09T01:43:41.038+0000][1][safepoint    ] Total time for which application threads were stopped: 0.0000454 seconds, Stopping threads took: 0.0000093 seconds
[2019-12-09T01:43:41.038+0000][1][safepoint    ] Application time: 0.0000537 seconds
[2019-12-09T01:43:41.038+0000][1][safepoint    ] Entering safepoint region: RevokeBias
[2019-12-09T01:43:41.038+0000][1][safepoint    ] Leaving safepoint region
[2019-12-09T01:43:41.038+0000][1][safepoint    ] Total time for which application threads were stopped: 0.0000422 seconds, Stopping threads took: 0.0000088 seconds
[2019-12-09T01:43:41.042+0000][1][safepoint    ] Application time: 0.0039417 seconds
[2019-12-09T01:43:41.042+0000][1][safepoint    ] Entering safepoint region: RevokeBias
[2019-12-09T01:43:41.042+0000][1][safepoint    ] Leaving safepoint region
[2019-12-09T01:43:41.042+0000][1][safepoint    ] Total time for which application threads were stopped: 0.0000695 seconds, Stopping threads took: 0.0000192 seconds
[2019-12-09T01:43:41.042+0000][1][safepoint    ] Application time: 0.0002007 seconds
[2019-12-09T01:43:41.042+0000][1][safepoint    ] Entering safepoint region: RevokeBias
[2019-12-09T01:43:41.042+0000][1][safepoint    ] Leaving safepoint region
[2019-12-09T01:43:41.042+0000][1][safepoint    ] Total time for which application threads were stopped: 0.0000513 seconds, Stopping threads took: 0.0000102 seconds
[2019-12-09T01:43:41.043+0000][1][safepoint    ] Application time: 0.0002513 seconds
[2019-12-09T01:43:41.043+0000][1][safepoint    ] Entering safepoint region: RevokeBias
[2019-12-09T01:43:41.043+0000][1][safepoint    ] Leaving safepoint region
[2019-12-09T01:43:41.043+0000][1][safepoint    ] Total time for which application threads were stopped: 0.0000553 seconds, Stopping threads took: 0.0000106 seconds
[2019-12-09T01:43:41.050+0000][1][safepoint    ] Application time: 0.0071191 seconds
[2019-12-09T01:43:41.050+0000][1][safepoint    ] Entering safepoint region: RevokeBias
[2019-12-09T01:43:41.050+0000][1][safepoint    ] Leaving safepoint region
[2019-12-09T01:43:41.050+0000][1][safepoint    ] Total time for which application threads were stopped: 0.0001072 seconds, Stopping threads took: 0.0000536 seconds
[2019-12-09T01:43:41.058+0000][1][safepoint    ] Application time: 0.0077687 seconds
[2019-12-09T01:43:41.058+0000][1][safepoint    ] Entering safepoint region: RevokeBias
[2019-12-09T01:43:41.058+0000][1][safepoint    ] Leaving safepoint region
[2019-12-09T01:43:41.058+0000][1][safepoint    ] Total time for which application threads were stopped: 0.0000812 seconds, Stopping threads took: 0.0000313 seconds
[2019-12-09T01:43:41.178+0000][1][safepoint    ] Application time: 0.1205348 seconds
[2019-12-09T01:43:41.178+0000][1][safepoint    ] Entering safepoint region: RevokeBias
[2019-12-09T01:43:41.178+0000][1][safepoint    ] Leaving safepoint region
[2019-12-09T01:43:41.178+0000][1][safepoint    ] Total time for which application threads were stopped: 0.0001075 seconds, Stopping threads took: 0.0000177 seconds
[2019-12-09T01:43:41.994+0000][1][safepoint    ] Application time: 0.8157117 seconds
[2019-12-09T01:43:41.994+0000][1][safepoint    ] Entering safepoint region: RevokeBias
[2019-12-09T01:43:41.994+0000][1][safepoint    ] Leaving safepoint region
[2019-12-09T01:43:41.994+0000][1][safepoint    ] Total time for which application threads were stopped: 0.0001679 seconds, Stopping threads took: 0.0000855 seconds
[2019-12-09T01:43:41.995+0000][1][safepoint    ] Application time: 0.0004066 seconds
[2019-12-09T01:43:41.995+0000][1][safepoint    ] Entering safepoint region: RevokeBias
[2019-12-09T01:43:41.995+0000][1][safepoint    ] Leaving safepoint region
[2019-12-09T01:43:41.995+0000][1][safepoint    ] Total time for which application threads were stopped: 0.0000713 seconds, Stopping threads took: 0.0000156 seconds
[2019-12-09T01:43:42.000+0000][1][safepoint    ] Application time: 0.0051761 seconds
[2019-12-09T01:43:42.032+0000][1][safepoint    ] Entering safepoint region: RevokeBias
[2019-12-09T01:43:42.032+0000][1][safepoint    ] Leaving safepoint region
[2019-12-09T01:43:42.032+0000][1][safepoint    ] Total time for which application threads were stopped: 0.0318668 seconds, Stopping threads took: 0.0317550 seconds
[2019-12-09T01:43:42.063+0000][1][safepoint    ] Application time: 0.0308482 seconds
[2019-12-09T01:43:42.167+0000][1][safepoint    ] Entering safepoint region: RevokeBias
[2019-12-09T01:43:42.167+0000][1][safepoint    ] Leaving safepoint region
[2019-12-09T01:43:42.167+0000][1][safepoint    ] Total time for which application threads were stopped: 0.1040896 seconds, Stopping threads took: 0.1039785 seconds
[2019-12-09T01:43:42.168+0000][1][safepoint    ] Application time: 0.0010366 seconds
[2019-12-09T01:43:42.168+0000][1][safepoint    ] Entering safepoint region: RevokeBias
[2019-12-09T01:43:42.168+0000][1][safepoint    ] Leaving safepoint region
[2019-12-09T01:43:42.168+0000][1][safepoint    ] Total time for which application threads were stopped: 0.0004131 seconds, Stopping threads took: 0.0000217 seconds
[2019-12-09T01:43:42.198+0000][1][safepoint    ] Application time: 0.0294561 seconds
[2019-12-09T01:43:42.245+0000][1][safepoint    ] Entering safepoint region: RevokeBias
[2019-12-09T01:43:42.245+0000][1][safepoint    ] Leaving safepoint region
[2019-12-09T01:43:42.245+0000][1][safepoint    ] Total time for which application threads were stopped: 0.0473729 seconds, Stopping threads took: 0.0472529 seconds
[2019-12-09T01:43:42.256+0000][1][safepoint    ] Application time: 0.0110621 seconds
[2019-12-09T01:43:42.256+0000][1][safepoint    ] Entering safepoint region: RevokeBias
[2019-12-09T01:43:42.256+0000][1][safepoint    ] Leaving safepoint region
[2019-12-09T01:43:42.256+0000][1][safepoint    ] Total time for which application threads were stopped: 0.0001539 seconds, Stopping threads took: 0.0000691 seconds
[2019-12-09T01:43:42.257+0000][1][safepoint    ] Application time: 0.0003143 seconds
[2019-12-09T01:43:42.257+0000][1][safepoint    ] Entering safepoint region: RevokeBias
[2019-12-09T01:43:42.257+0000][1][safepoint    ] Leaving safepoint region
[2019-12-09T01:43:42.257+0000][1][safepoint    ] Total time for which application threads were stopped: 0.0001085 seconds, Stopping threads took: 0.0000129 seconds
[2019-12-09T01:43:42.257+0000][1][safepoint    ] Application time: 0.0000665 seconds
[2019-12-09T01:43:42.257+0000][1][safepoint    ] Entering safepoint region: RevokeBias
[2019-12-09T01:43:42.257+0000][1][safepoint    ] Leaving safepoint region
[2019-12-09T01:43:42.257+0000][1][safepoint    ] Total time for which application threads were stopped: 0.0000718 seconds, Stopping threads took: 0.0000098 seconds
[2019-12-09T01:43:42.257+0000][1][safepoint    ] Application time: 0.0000537 seconds
[2019-12-09T01:43:42.257+0000][1][safepoint    ] Entering safepoint region: RevokeBias
[2019-12-09T01:43:42.257+0000][1][safepoint    ] Leaving safepoint region
[2019-12-09T01:43:42.257+0000][1][safepoint    ] Total time for which application threads were stopped: 0.0000649 seconds, Stopping threads took: 0.0000082 seconds
[2019-12-09T01:43:42.263+0000][1][safepoint    ] Application time: 0.0059156 seconds
[2019-12-09T01:43:42.263+0000][1][safepoint    ] Entering safepoint region: RevokeBias
[2019-12-09T01:43:42.263+0000][1][safepoint    ] Leaving safepoint region
[2019-12-09T01:43:42.263+0000][1][safepoint    ] Total time for which application threads were stopped: 0.0000842 seconds, Stopping threads took: 0.0000153 seconds
[2019-12-09T01:43:42.264+0000][1][safepoint    ] Application time: 0.0004762 seconds
[2019-12-09T01:43:42.264+0000][1][safepoint    ] Entering safepoint region: RevokeBias
[2019-12-09T01:43:42.264+0000][1][safepoint    ] Leaving safepoint region
[2019-12-09T01:43:42.264+0000][1][safepoint    ] Total time for which application threads were stopped: 0.0000774 seconds, Stopping threads took: 0.0000114 seconds
[2019-12-09T01:43:42.266+0000][1][safepoint    ] Application time: 0.0018469 seconds
[2019-12-09T01:43:42.266+0000][1][safepoint    ] Entering safepoint region: RevokeBias
[2019-12-09T01:43:42.266+0000][1][safepoint    ] Leaving safepoint region
[2019-12-09T01:43:42.266+0000][1][safepoint    ] Total time for which application threads were stopped: 0.0001512 seconds, Stopping threads took: 0.0000673 seconds
[2019-12-09T01:43:42.266+0000][1][safepoint    ] Application time: 0.0004773 seconds
[2019-12-09T01:43:42.266+0000][1][safepoint    ] Entering safepoint region: RevokeBias
[2019-12-09T01:43:42.266+0000][1][safepoint    ] Leaving safepoint region
[2019-12-09T01:43:42.266+0000][1][safepoint    ] Total time for which application threads were stopped: 0.0000928 seconds, Stopping threads took: 0.0000116 seconds
[2019-12-09T01:43:42.267+0000][1][safepoint    ] Application time: 0.0004254 seconds
[2019-12-09T01:43:42.267+0000][1][safepoint    ] Entering safepoint region: RevokeBias
[2019-12-09T01:43:42.267+0000][1][safepoint    ] Leaving safepoint region
[2019-12-09T01:43:42.267+0000][1][safepoint    ] Total time for which application threads were stopped: 0.0000895 seconds, Stopping threads took: 0.0000177 seconds
[2019-12-09T01:43:42.267+0000][1][safepoint    ] Application time: 0.0004099 seconds
[2019-12-09T01:43:42.267+0000][1][safepoint    ] Entering safepoint region: RevokeBias
[2019-12-09T01:43:42.268+0000][1][safepoint    ] Leaving safepoint region
[2019-12-09T01:43:42.268+0000][1][safepoint    ] Total time for which application threads were stopped: 0.0003229 seconds, Stopping threads took: 0.0000120 seconds
[2019-12-09T01:43:42.269+0000][1][safepoint    ] Application time: 0.0009711 seconds
[2019-12-09T01:43:42.269+0000][1][safepoint    ] Entering safepoint region: RevokeBias
[2019-12-09T01:43:42.269+0000][1][safepoint    ] Leaving safepoint region
[2019-12-09T01:43:42.269+0000][1][safepoint    ] Total time for which application threads were stopped: 0.0001019 seconds, Stopping threads took: 0.0000139 seconds
[2019-12-09T01:43:42.270+0000][1][safepoint    ] Application time: 0.0009849 seconds
[2019-12-09T01:43:42.270+0000][1][safepoint    ] Entering safepoint region: RevokeBias
[2019-12-09T01:43:42.270+0000][1][safepoint    ] Leaving safepoint region
[2019-12-09T01:43:42.270+0000][1][safepoint    ] Total time for which application threads were stopped: 0.0000866 seconds, Stopping threads took: 0.0000114 seconds
[2019-12-09T01:43:42.271+0000][1][safepoint    ] Application time: 0.0005305 seconds
[2019-12-09T01:43:42.271+0000][1][safepoint    ] Entering safepoint region: RevokeBias
[2019-12-09T01:43:42.271+0000][1][safepoint    ] Leaving safepoint region
[2019-12-09T01:43:42.271+0000][1][safepoint    ] Total time for which application threads were stopped: 0.0000875 seconds, Stopping threads took: 0.0000117 seconds
[2019-12-09T01:43:42.272+0000][1][safepoint    ] Application time: 0.0010151 seconds
[2019-12-09T01:43:42.272+0000][1][safepoint    ] Entering safepoint region: RevokeBias
[2019-12-09T01:43:42.272+0000][1][safepoint    ] Leaving safepoint region
[2019-12-09T01:43:42.272+0000][1][safepoint    ] Total time for which application threads were stopped: 0.0000742 seconds, Stopping threads took: 0.0000279 seconds
[2019-12-09T01:43:42.294+0000][1][safepoint    ] Application time: 0.0220654 seconds
[2019-12-09T01:43:42.294+0000][1][safepoint    ] Entering safepoint region: BulkRevokeBias
[2019-12-09T01:43:42.294+0000][1][safepoint    ] Leaving safepoint region
[2019-12-09T01:43:42.294+0000][1][safepoint    ] Total time for which application threads were stopped: 0.0002818 seconds, Stopping threads took: 0.0000147 seconds
[2019-12-09T01:43:42.616+0000][1][safepoint    ] Application time: 0.3215840 seconds
[2019-12-09T01:43:42.616+0000][1][safepoint    ] Entering safepoint region: BulkRevokeBias
[2019-12-09T01:43:42.616+0000][1][safepoint    ] Leaving safepoint region
[2019-12-09T01:43:42.616+0000][1][safepoint    ] Total time for which application threads were stopped: 0.0003479 seconds, Stopping threads took: 0.0000193 seconds
[2019-12-09T01:43:43.018+0000][1][safepoint    ] Application time: 0.4017252 seconds
[2019-12-09T01:43:43.018+0000][1][safepoint    ] Entering safepoint region: RevokeBias
[2019-12-09T01:43:43.018+0000][1][safepoint    ] Leaving safepoint region
[2019-12-09T01:43:43.018+0000][1][safepoint    ] Total time for which application threads were stopped: 0.0001156 seconds, Stopping threads took: 0.0000183 seconds
[2019-12-09T01:43:43.018+0000][1][safepoint    ] Application time: 0.0004026 seconds
[2019-12-09T01:43:43.018+0000][1][safepoint    ] Entering safepoint region: RevokeBias
[2019-12-09T01:43:43.018+0000][1][safepoint    ] Leaving safepoint region
[2019-12-09T01:43:43.018+0000][1][safepoint    ] Total time for which application threads were stopped: 0.0000780 seconds, Stopping threads took: 0.0000145 seconds
[2019-12-09T01:43:43.059+0000][1][safepoint    ] Application time: 0.0407460 seconds
[2019-12-09T01:43:43.059+0000][1][safepoint    ] Entering safepoint region: RevokeBias
[2019-12-09T01:43:43.059+0000][1][safepoint    ] Leaving safepoint region
[2019-12-09T01:43:43.059+0000][1][safepoint    ] Total time for which application threads were stopped: 0.0000958 seconds, Stopping threads took: 0.0000226 seconds
[2019-12-09T01:43:43.135+0000][1][safepoint    ] Application time: 0.0753389 seconds
[2019-12-09T01:43:43.135+0000][1][safepoint    ] Entering safepoint region: RevokeBias
[2019-12-09T01:43:43.135+0000][1][safepoint    ] Leaving safepoint region
[2019-12-09T01:43:43.135+0000][1][safepoint    ] Total time for which application threads were stopped: 0.0000903 seconds, Stopping threads took: 0.0000205 seconds
[2019-12-09T01:43:43.155+0000][1][safepoint    ] Application time: 0.0200043 seconds
[2019-12-09T01:43:43.155+0000][1][safepoint    ] Entering safepoint region: RevokeBias
[2019-12-09T01:43:43.155+0000][1][safepoint    ] Leaving safepoint region
[2019-12-09T01:43:43.155+0000][1][safepoint    ] Total time for which application threads were stopped: 0.0001095 seconds, Stopping threads took: 0.0000365 seconds
[2019-12-09T01:43:43.965+0000][1][safepoint    ] Application time: 0.8099280 seconds
[2019-12-09T01:43:43.965+0000][1][safepoint    ] Entering safepoint region: RevokeBias
[2019-12-09T01:43:43.965+0000][1][safepoint    ] Leaving safepoint region
[2019-12-09T01:43:43.965+0000][1][safepoint    ] Total time for which application threads were stopped: 0.0001037 seconds, Stopping threads took: 0.0000189 seconds
[2019-12-09T01:43:44.016+0000][1][safepoint    ] Application time: 0.0506077 seconds
[2019-12-09T01:43:44.016+0000][1][safepoint    ] Entering safepoint region: RevokeBias
[2019-12-09T01:43:44.016+0000][1][safepoint    ] Leaving safepoint region
[2019-12-09T01:43:44.016+0000][1][safepoint    ] Total time for which application threads were stopped: 0.0001213 seconds, Stopping threads took: 0.0000189 seconds
[2019-12-09T01:43:44.077+0000][1][safepoint    ] Application time: 0.0606706 seconds
[2019-12-09T01:43:44.091+0000][1][safepoint    ] Entering safepoint region: RevokeBias
[2019-12-09T01:43:44.091+0000][1][safepoint    ] Leaving safepoint region
[2019-12-09T01:43:44.091+0000][1][safepoint    ] Total time for which application threads were stopped: 0.0142990 seconds, Stopping threads took: 0.0142091 seconds
[2019-12-09T01:43:44.135+0000][1][safepoint    ] Application time: 0.0437953 seconds
[2019-12-09T01:43:44.135+0000][1][safepoint    ] Entering safepoint region: RevokeBias
[2019-12-09T01:43:44.135+0000][1][safepoint    ] Leaving safepoint region
[2019-12-09T01:43:44.135+0000][1][safepoint    ] Total time for which application threads were stopped: 0.0001370 seconds, Stopping threads took: 0.0000198 seconds
[2019-12-09T01:43:44.148+0000][1][safepoint    ] Application time: 0.0130913 seconds
[2019-12-09T01:43:44.148+0000][1][safepoint    ] Entering safepoint region: RevokeBias
[2019-12-09T01:43:44.148+0000][1][safepoint    ] Leaving safepoint region
[2019-12-09T01:43:44.148+0000][1][safepoint    ] Total time for which application threads were stopped: 0.0001301 seconds, Stopping threads took: 0.0000163 seconds
[2019-12-09T01:43:44.342+0000][1][safepoint    ] Application time: 0.1936261 seconds
[2019-12-09T01:43:44.342+0000][1][safepoint    ] Entering safepoint region: RevokeBias
[2019-12-09T01:43:44.342+0000][1][safepoint    ] Leaving safepoint region
[2019-12-09T01:43:44.342+0000][1][safepoint    ] Total time for which application threads were stopped: 0.0001474 seconds, Stopping threads took: 0.0000313 seconds
[2019-12-09T01:43:44.359+0000][1][safepoint    ] Application time: 0.0168106 seconds
[2019-12-09T01:43:44.359+0000][1][safepoint    ] Entering safepoint region: RevokeBias
[2019-12-09T01:43:44.359+0000][1][safepoint    ] Leaving safepoint region
[2019-12-09T01:43:44.359+0000][1][safepoint    ] Total time for which application threads were stopped: 0.0000998 seconds, Stopping threads took: 0.0000176 seconds
[2019-12-09T01:43:44.391+0000][1][safepoint    ] Application time: 0.0320129 seconds
[2019-12-09T01:43:44.391+0000][1][safepoint    ] Entering safepoint region: RevokeBias
[2019-12-09T01:43:44.391+0000][1][safepoint    ] Leaving safepoint region
[2019-12-09T01:43:44.391+0000][1][safepoint    ] Total time for which application threads were stopped: 0.0000976 seconds, Stopping threads took: 0.0000242 seconds
[2019-12-09T01:43:45.054+0000][1][safepoint    ] Application time: 0.6625953 seconds
[2019-12-09T01:43:45.054+0000][1][safepoint    ] Entering safepoint region: RevokeBias
[2019-12-09T01:43:45.054+0000][1][safepoint    ] Leaving safepoint region
[2019-12-09T01:43:45.054+0000][1][safepoint    ] Total time for which application threads were stopped: 0.0002226 seconds, Stopping threads took: 0.0001191 seconds
[2019-12-09T01:43:45.070+0000][1][safepoint    ] Application time: 0.0162288 seconds
[2019-12-09T01:43:45.070+0000][1][safepoint    ] Entering safepoint region: BulkRevokeBias
[2019-12-09T01:43:45.071+0000][1][safepoint    ] Leaving safepoint region
[2019-12-09T01:43:45.071+0000][1][safepoint    ] Total time for which application threads were stopped: 0.0005910 seconds, Stopping threads took: 0.0001013 seconds
[2019-12-09T01:43:45.084+0000][1][safepoint    ] Application time: 0.0129217 seconds
[2019-12-09T01:43:45.088+0000][1][safepoint    ] Entering safepoint region: RevokeBias
[2019-12-09T01:43:45.088+0000][1][safepoint    ] Leaving safepoint region
[2019-12-09T01:43:45.088+0000][1][safepoint    ] Total time for which application threads were stopped: 0.0044019 seconds, Stopping threads took: 0.0043078 seconds
[2019-12-09T01:43:45.103+0000][1][safepoint    ] Application time: 0.0153658 seconds
[2019-12-09T01:43:45.104+0000][1][safepoint    ] Entering safepoint region: RevokeBias
[2019-12-09T01:43:45.104+0000][1][safepoint    ] Leaving safepoint region
[2019-12-09T01:43:45.104+0000][1][safepoint    ] Total time for which application threads were stopped: 0.0001430 seconds, Stopping threads took: 0.0000610 seconds
[2019-12-09T01:43:45.154+0000][1][safepoint    ] Application time: 0.0505493 seconds
[2019-12-09T01:43:45.178+0000][1][safepoint    ] Entering safepoint region: RevokeBias
[2019-12-09T01:43:45.178+0000][1][safepoint    ] Leaving safepoint region
[2019-12-09T01:43:45.178+0000][1][safepoint    ] Total time for which application threads were stopped: 0.0236223 seconds, Stopping threads took: 0.0235259 seconds
[2019-12-09T01:43:45.311+0000][1][safepoint    ] Application time: 0.1328832 seconds
[2019-12-09T01:43:45.328+0000][1][safepoint    ] Entering safepoint region: RevokeBias
[2019-12-09T01:43:45.328+0000][1][safepoint    ] Leaving safepoint region
[2019-12-09T01:43:45.328+0000][1][safepoint    ] Total time for which application threads were stopped: 0.0175678 seconds, Stopping threads took: 0.0174553 seconds
[2019-12-09T01:43:45.329+0000][1][safepoint    ] Application time: 0.0004851 seconds
[2019-12-09T01:43:45.329+0000][1][safepoint    ] Entering safepoint region: RevokeBias
[2019-12-09T01:43:45.329+0000][1][safepoint    ] Leaving safepoint region
[2019-12-09T01:43:45.329+0000][1][safepoint    ] Total time for which application threads were stopped: 0.0000918 seconds, Stopping threads took: 0.0000153 seconds
[2019-12-09T01:43:45.332+0000][1][safepoint    ] Application time: 0.0027852 seconds
[2019-12-09T01:43:45.332+0000][1][safepoint    ] Entering safepoint region: BulkRevokeBias
[2019-12-09T01:43:45.332+0000][1][safepoint    ] Leaving safepoint region
[2019-12-09T01:43:45.332+0000][1][safepoint    ] Total time for which application threads were stopped: 0.0004198 seconds, Stopping threads took: 0.0000546 seconds
[2019-12-09T01:43:45.332+0000][1][safepoint    ] Application time: 0.0001486 seconds
[2019-12-09T01:43:45.332+0000][1][safepoint    ] Entering safepoint region: RevokeBias
[2019-12-09T01:43:45.332+0000][1][safepoint    ] Leaving safepoint region
[2019-12-09T01:43:45.332+0000][1][safepoint    ] Total time for which application threads were stopped: 0.0000687 seconds, Stopping threads took: 0.0000107 seconds
[2019-12-09T01:43:45.572+0000][1][safepoint    ] Application time: 0.2397418 seconds
[2019-12-09T01:43:45.572+0000][1][safepoint    ] Entering safepoint region: RevokeBias
[2019-12-09T01:43:45.572+0000][1][safepoint    ] Leaving safepoint region
[2019-12-09T01:43:45.572+0000][1][safepoint    ] Total time for which application threads were stopped: 0.0001136 seconds, Stopping threads took: 0.0000264 seconds
[2019-12-09T01:43:45.587+0000][1][safepoint    ] Application time: 0.0144032 seconds
[2019-12-09T01:43:45.587+0000][1][safepoint    ] Entering safepoint region: RevokeBias
[2019-12-09T01:43:45.587+0000][1][safepoint    ] Leaving safepoint region
[2019-12-09T01:43:45.587+0000][1][safepoint    ] Total time for which application threads were stopped: 0.0000983 seconds, Stopping threads took: 0.0000206 seconds
[2019-12-09T01:43:45.621+0000][1][safepoint    ] Application time: 0.0338525 seconds
[2019-12-09T01:43:45.621+0000][1][safepoint    ] Entering safepoint region: RevokeBias
[2019-12-09T01:43:45.621+0000][1][safepoint    ] Leaving safepoint region
[2019-12-09T01:43:45.621+0000][1][safepoint    ] Total time for which application threads were stopped: 0.0001053 seconds, Stopping threads took: 0.0000180 seconds
[2019-12-09T01:43:45.623+0000][1][safepoint    ] Application time: 0.0018778 seconds
[2019-12-09T01:43:45.623+0000][1][safepoint    ] Entering safepoint region: RevokeBias
[2019-12-09T01:43:45.623+0000][1][safepoint    ] Leaving safepoint region
[2019-12-09T01:43:45.623+0000][1][safepoint    ] Total time for which application threads were stopped: 0.0001028 seconds, Stopping threads took: 0.0000162 seconds
[2019-12-09T01:43:45.623+0000][1][safepoint    ] Application time: 0.0000596 seconds
[2019-12-09T01:43:45.623+0000][1][safepoint    ] Entering safepoint region: RevokeBias
[2019-12-09T01:43:45.623+0000][1][safepoint    ] Leaving safepoint region
[2019-12-09T01:43:45.623+0000][1][safepoint    ] Total time for which application threads were stopped: 0.0000545 seconds, Stopping threads took: 0.0000086 seconds
[2019-12-09T01:43:45.624+0000][1][safepoint    ] Application time: 0.0011282 seconds
[2019-12-09T01:43:45.624+0000][1][safepoint    ] Entering safepoint region: RevokeBias
[2019-12-09T01:43:45.624+0000][1][safepoint    ] Leaving safepoint region
[2019-12-09T01:43:45.624+0000][1][safepoint    ] Total time for which application threads were stopped: 0.0000899 seconds, Stopping threads took: 0.0000153 seconds
[2019-12-09T01:43:45.624+0000][1][safepoint    ] Application time: 0.0001688 seconds
[2019-12-09T01:43:45.624+0000][1][safepoint    ] Entering safepoint region: RevokeBias
[2019-12-09T01:43:45.624+0000][1][safepoint    ] Leaving safepoint region
[2019-12-09T01:43:45.625+0000][1][safepoint    ] Total time for which application threads were stopped: 0.0000700 seconds, Stopping threads took: 0.0000111 seconds
[2019-12-09T01:43:45.625+0000][1][safepoint    ] Application time: 0.0000601 seconds
[2019-12-09T01:43:45.625+0000][1][safepoint    ] Entering safepoint region: RevokeBias
[2019-12-09T01:43:45.625+0000][1][safepoint    ] Leaving safepoint region
[2019-12-09T01:43:45.625+0000][1][safepoint    ] Total time for which application threads were stopped: 0.0000572 seconds, Stopping threads took: 0.0000093 seconds
[2019-12-09T01:43:46.071+0000][1][safepoint    ] Application time: 0.4468094 seconds
[2019-12-09T01:43:46.071+0000][1][safepoint    ] Entering safepoint region: RevokeBias
[2019-12-09T01:43:46.072+0000][1][safepoint    ] Leaving safepoint region
[2019-12-09T01:43:46.072+0000][1][safepoint    ] Total time for which application threads were stopped: 0.0001049 seconds, Stopping threads took: 0.0000173 seconds
[2019-12-09T01:43:46.072+0000][1][safepoint    ] Application time: 0.0000634 seconds
[2019-12-09T01:43:46.072+0000][1][safepoint    ] Entering safepoint region: RevokeBias
[2019-12-09T01:43:46.072+0000][1][safepoint    ] Leaving safepoint region
[2019-12-09T01:43:46.072+0000][1][safepoint    ] Total time for which application threads were stopped: 0.0000614 seconds, Stopping threads took: 0.0000084 seconds
[2019-12-09T01:43:46.316+0000][1][safepoint    ] Application time: 0.2439745 seconds
[2019-12-09T01:43:46.316+0000][1][safepoint    ] Entering safepoint region: RevokeBias
[2019-12-09T01:43:46.316+0000][1][safepoint    ] Leaving safepoint region
[2019-12-09T01:43:46.316+0000][1][safepoint    ] Total time for which application threads were stopped: 0.0001431 seconds, Stopping threads took: 0.0000261 seconds
[2019-12-09T01:43:47.014+0000][1][safepoint    ] Application time: 0.6980468 seconds
[2019-12-09T01:43:47.014+0000][1][safepoint    ] Entering safepoint region: RevokeBias
[2019-12-09T01:43:47.014+0000][1][safepoint    ] Leaving safepoint region
[2019-12-09T01:43:47.014+0000][1][safepoint    ] Total time for which application threads were stopped: 0.0002437 seconds, Stopping threads took: 0.0001395 seconds
[2019-12-09T01:43:47.029+0000][1][safepoint    ] Application time: 0.0147822 seconds
[2019-12-09T01:43:47.029+0000][1][safepoint    ] Entering safepoint region: RevokeBias
[2019-12-09T01:43:47.029+0000][1][safepoint    ] Leaving safepoint region
[2019-12-09T01:43:47.029+0000][1][safepoint    ] Total time for which application threads were stopped: 0.0001476 seconds, Stopping threads took: 0.0000630 seconds
[2019-12-09T01:43:47.032+0000][1][safepoint    ] Application time: 0.0030349 seconds
[2019-12-09T01:43:47.032+0000][1][safepoint    ] Entering safepoint region: RevokeBias
[2019-12-09T01:43:47.032+0000][1][safepoint    ] Leaving safepoint region
[2019-12-09T01:43:47.032+0000][1][safepoint    ] Total time for which application threads were stopped: 0.0000804 seconds, Stopping threads took: 0.0000152 seconds
[2019-12-09T01:43:47.032+0000][1][safepoint    ] Application time: 0.0000664 seconds
[2019-12-09T01:43:47.032+0000][1][safepoint    ] Entering safepoint region: RevokeBias
[2019-12-09T01:43:47.032+0000][1][safepoint    ] Leaving safepoint region
[2019-12-09T01:43:47.032+0000][1][safepoint    ] Total time for which application threads were stopped: 0.0000518 seconds, Stopping threads took: 0.0000089 seconds
[2019-12-09T01:43:47.033+0000][1][safepoint    ] Application time: 0.0001842 seconds
[2019-12-09T01:43:47.033+0000][1][safepoint    ] Entering safepoint region: RevokeBias
[2019-12-09T01:43:47.033+0000][1][safepoint    ] Leaving safepoint region
[2019-12-09T01:43:47.033+0000][1][safepoint    ] Total time for which application threads were stopped: 0.0000786 seconds, Stopping threads took: 0.0000112 seconds
[2019-12-09T01:43:47.036+0000][1][safepoint    ] Application time: 0.0034235 seconds
[2019-12-09T01:43:47.036+0000][1][safepoint    ] Entering safepoint region: RevokeBias
[2019-12-09T01:43:47.036+0000][1][safepoint    ] Leaving safepoint region
[2019-12-09T01:43:47.036+0000][1][safepoint    ] Total time for which application threads were stopped: 0.0000674 seconds, Stopping threads took: 0.0000136 seconds
[2019-12-09T01:43:47.037+0000][1][safepoint    ] Application time: 0.0002878 seconds
[2019-12-09T01:43:47.037+0000][1][safepoint    ] Entering safepoint region: RevokeBias
[2019-12-09T01:43:47.037+0000][1][safepoint    ] Leaving safepoint region
[2019-12-09T01:43:47.037+0000][1][safepoint    ] Total time for which application threads were stopped: 0.0000602 seconds, Stopping threads took: 0.0000129 seconds
[2019-12-09T01:43:47.049+0000][1][safepoint    ] Application time: 0.0122911 seconds
[2019-12-09T01:43:47.049+0000][1][safepoint    ] Entering safepoint region: RevokeBias
[2019-12-09T01:43:47.049+0000][1][safepoint    ] Leaving safepoint region
[2019-12-09T01:43:47.049+0000][1][safepoint    ] Total time for which application threads were stopped: 0.0000716 seconds, Stopping threads took: 0.0000134 seconds
[2019-12-09T01:43:47.049+0000][1][safepoint    ] Application time: 0.0000690 seconds
[2019-12-09T01:43:47.049+0000][1][safepoint    ] Entering safepoint region: RevokeBias
[2019-12-09T01:43:47.049+0000][1][safepoint    ] Leaving safepoint region
[2019-12-09T01:43:47.049+0000][1][safepoint    ] Total time for which application threads were stopped: 0.0000592 seconds, Stopping threads took: 0.0000091 seconds
[2019-12-09T01:43:47.832+0000][1][safepoint    ] Application time: 0.7826574 seconds
[2019-12-09T01:43:47.832+0000][1][safepoint    ] Entering safepoint region: BulkRevokeBias
[2019-12-09T01:43:47.832+0000][1][safepoint    ] Leaving safepoint region
[2019-12-09T01:43:47.832+0000][1][safepoint    ] Total time for which application threads were stopped: 0.0004809 seconds, Stopping threads took: 0.0000269 seconds
[2019-12-09T01:43:47.832+0000][1][safepoint    ] Application time: 0.0000769 seconds
[2019-12-09T01:43:47.832+0000][1][safepoint    ] Entering safepoint region: RevokeBias
[2019-12-09T01:43:47.833+0000][1][safepoint    ] Leaving safepoint region
[2019-12-09T01:43:47.833+0000][1][safepoint    ] Total time for which application threads were stopped: 0.0000786 seconds, Stopping threads took: 0.0000131 seconds
[2019-12-09T01:43:47.874+0000][1][safepoint    ] Application time: 0.0418816 seconds
[2019-12-09T01:43:47.874+0000][1][safepoint    ] Entering safepoint region: RevokeBias
[2019-12-09T01:43:47.875+0000][1][safepoint    ] Leaving safepoint region
[2019-12-09T01:43:47.875+0000][1][safepoint    ] Total time for which application threads were stopped: 0.0000929 seconds, Stopping threads took: 0.0000181 seconds
[2019-12-09T01:43:47.875+0000][1][safepoint    ] Application time: 0.0000977 seconds
[2019-12-09T01:43:47.875+0000][1][safepoint    ] Entering safepoint region: BulkRevokeBias
[2019-12-09T01:43:47.875+0000][1][safepoint    ] Leaving safepoint region
[2019-12-09T01:43:47.875+0000][1][safepoint    ] Total time for which application threads were stopped: 0.0003337 seconds, Stopping threads took: 0.0000097 seconds
[2019-12-09T01:43:47.875+0000][1][safepoint    ] Application time: 0.0002557 seconds
[2019-12-09T01:43:47.875+0000][1][safepoint    ] Entering safepoint region: RevokeBias
[2019-12-09T01:43:47.875+0000][1][safepoint    ] Leaving safepoint region
[2019-12-09T01:43:47.875+0000][1][safepoint    ] Total time for which application threads were stopped: 0.0000741 seconds, Stopping threads took: 0.0000147 seconds
[2019-12-09T01:43:48.178+0000][1][safepoint    ] Application time: 0.3030372 seconds
[2019-12-09T01:43:48.178+0000][1][safepoint    ] Entering safepoint region: RevokeBias
[2019-12-09T01:43:48.179+0000][1][safepoint    ] Leaving safepoint region
[2019-12-09T01:43:48.179+0000][1][safepoint    ] Total time for which application threads were stopped: 0.0001632 seconds, Stopping threads took: 0.0000199 seconds
[2019-12-09T01:43:48.179+0000][1][safepoint    ] Application time: 0.0002865 seconds
[2019-12-09T01:43:48.179+0000][1][safepoint    ] Entering safepoint region: RevokeBias
[2019-12-09T01:43:48.179+0000][1][safepoint    ] Leaving safepoint region
[2019-12-09T01:43:48.179+0000][1][safepoint    ] Total time for which application threads were stopped: 0.0000935 seconds, Stopping threads took: 0.0000199 seconds
[2019-12-09T01:43:48.181+0000][1][safepoint    ] Application time: 0.0016082 seconds
[2019-12-09T01:43:48.181+0000][1][safepoint    ] Entering safepoint region: RevokeBias
[2019-12-09T01:43:48.181+0000][1][safepoint    ] Leaving safepoint region
[2019-12-09T01:43:48.181+0000][1][safepoint    ] Total time for which application threads were stopped: 0.0000698 seconds, Stopping threads took: 0.0000149 seconds
[2019-12-09T01:43:48.191+0000][1][safepoint    ] Application time: 0.0100645 seconds
[2019-12-09T01:43:48.191+0000][1][safepoint    ] Entering safepoint region: RevokeBias
[2019-12-09T01:43:48.191+0000][1][safepoint    ] Leaving safepoint region
[2019-12-09T01:43:48.191+0000][1][safepoint    ] Total time for which application threads were stopped: 0.0000608 seconds, Stopping threads took: 0.0000136 seconds
[2019-12-09T01:43:48.191+0000][1][safepoint    ] Application time: 0.0000529 seconds
[2019-12-09T01:43:48.191+0000][1][safepoint    ] Entering safepoint region: RevokeBias
[2019-12-09T01:43:48.191+0000][1][safepoint    ] Leaving safepoint region
[2019-12-09T01:43:48.191+0000][1][safepoint    ] Total time for which application threads were stopped: 0.0000464 seconds, Stopping threads took: 0.0000086 seconds
[2019-12-09T01:43:48.191+0000][1][safepoint    ] Application time: 0.0000475 seconds
[2019-12-09T01:43:48.191+0000][1][safepoint    ] Entering safepoint region: RevokeBias
[2019-12-09T01:43:48.191+0000][1][safepoint    ] Leaving safepoint region
[2019-12-09T01:43:48.191+0000][1][safepoint    ] Total time for which application threads were stopped: 0.0000459 seconds, Stopping threads took: 0.0000089 seconds
[2019-12-09T01:43:48.191+0000][1][safepoint    ] Application time: 0.0000463 seconds
[2019-12-09T01:43:48.191+0000][1][safepoint    ] Entering safepoint region: RevokeBias
[2019-12-09T01:43:48.191+0000][1][safepoint    ] Leaving safepoint region
[2019-12-09T01:43:48.191+0000][1][safepoint    ] Total time for which application threads were stopped: 0.0000417 seconds, Stopping threads took: 0.0000082 seconds
[2019-12-09T01:43:48.191+0000][1][safepoint    ] Application time: 0.0000463 seconds
[2019-12-09T01:43:48.191+0000][1][safepoint    ] Entering safepoint region: RevokeBias
[2019-12-09T01:43:48.191+0000][1][safepoint    ] Leaving safepoint region
[2019-12-09T01:43:48.191+0000][1][safepoint    ] Total time for which application threads were stopped: 0.0000446 seconds, Stopping threads took: 0.0000085 seconds
[2019-12-09T01:43:48.191+0000][1][safepoint    ] Application time: 0.0000469 seconds
[2019-12-09T01:43:48.191+0000][1][safepoint    ] Entering safepoint region: RevokeBias
[2019-12-09T01:43:48.191+0000][1][safepoint    ] Leaving safepoint region
[2019-12-09T01:43:48.191+0000][1][safepoint    ] Total time for which application threads were stopped: 0.0000443 seconds, Stopping threads took: 0.0000080 seconds
[2019-12-09T01:43:48.191+0000][1][safepoint    ] Application time: 0.0000458 seconds
[2019-12-09T01:43:48.191+0000][1][safepoint    ] Entering safepoint region: RevokeBias
[2019-12-09T01:43:48.191+0000][1][safepoint    ] Leaving safepoint region
[2019-12-09T01:43:48.191+0000][1][safepoint    ] Total time for which application threads were stopped: 0.0000450 seconds, Stopping threads took: 0.0000085 seconds
[2019-12-09T01:43:48.379+0000][1][safepoint    ] Application time: 0.1879296 seconds
[2019-12-09T01:43:48.379+0000][1][safepoint    ] Entering safepoint region: RevokeBias
[2019-12-09T01:43:48.380+0000][1][safepoint    ] Leaving safepoint region
[2019-12-09T01:43:48.380+0000][1][safepoint    ] Total time for which application threads were stopped: 0.0001115 seconds, Stopping threads took: 0.0000211 seconds
[2019-12-09T01:43:48.466+0000][1][safepoint    ] Application time: 0.0861126 seconds
[2019-12-09T01:43:48.466+0000][1][safepoint    ] Entering safepoint region: RevokeBias
[2019-12-09T01:43:48.466+0000][1][safepoint    ] Leaving safepoint region
[2019-12-09T01:43:48.466+0000][1][safepoint    ] Total time for which application threads were stopped: 0.0001307 seconds, Stopping threads took: 0.0000221 seconds
[2019-12-09T01:43:48.487+0000][1][safepoint    ] Application time: 0.0207922 seconds
[2019-12-09T01:43:48.487+0000][1][safepoint    ] Entering safepoint region: RevokeBias
[2019-12-09T01:43:48.487+0000][1][safepoint    ] Leaving safepoint region
[2019-12-09T01:43:48.487+0000][1][safepoint    ] Total time for which application threads were stopped: 0.0001039 seconds, Stopping threads took: 0.0000209 seconds
[2019-12-09T01:43:50.190+0000][1][safepoint    ] Application time: 1.7036793 seconds
[2019-12-09T01:43:50.210+0000][1][safepoint    ] Entering safepoint region: RevokeBias
[2019-12-09T01:43:50.210+0000][1][safepoint    ] Leaving safepoint region
[2019-12-09T01:43:50.210+0000][1][safepoint    ] Total time for which application threads were stopped: 0.0196457 seconds, Stopping threads took: 0.0195125 seconds
[2019-12-09T01:43:50.210+0000][1][safepoint    ] Application time: 0.0001649 seconds
[2019-12-09T01:43:50.210+0000][1][safepoint    ] Entering safepoint region: RevokeBias
[2019-12-09T01:43:50.210+0000][1][safepoint    ] Leaving safepoint region
[2019-12-09T01:43:50.210+0000][1][safepoint    ] Total time for which application threads were stopped: 0.0000574 seconds, Stopping threads took: 0.0000113 seconds
[2019-12-09T01:43:50.211+0000][1][safepoint    ] Application time: 0.0005572 seconds
[2019-12-09T01:43:50.211+0000][1][safepoint    ] Entering safepoint region: RevokeBias
[2019-12-09T01:43:50.211+0000][1][safepoint    ] Leaving safepoint region
[2019-12-09T01:43:50.211+0000][1][safepoint    ] Total time for which application threads were stopped: 0.0000820 seconds, Stopping threads took: 0.0000156 seconds
[2019-12-09T01:43:51.225+0000][1][safepoint    ] Application time: 1.0136489 seconds
[2019-12-09T01:43:51.262+0000][1][safepoint    ] Entering safepoint region: Cleanup
[2019-12-09T01:43:51.262+0000][1][safepoint    ] Leaving safepoint region
[2019-12-09T01:43:51.262+0000][1][safepoint    ] Total time for which application threads were stopped: 0.0371480 seconds, Stopping threads took: 0.0370422 seconds
[2019-12-09T01:43:52.263+0000][1][safepoint    ] Application time: 1.0007891 seconds
[2019-12-09T01:43:52.263+0000][1][safepoint    ] Entering safepoint region: Cleanup
[2019-12-09T01:43:52.263+0000][1][safepoint    ] Leaving safepoint region
[2019-12-09T01:43:52.263+0000][1][safepoint    ] Total time for which application threads were stopped: 0.0001270 seconds, Stopping threads took: 0.0000271 seconds
[2019-12-09T01:43:53.272+0000][1][safepoint    ] Application time: 1.0088328 seconds
[2019-12-09T01:43:53.272+0000][1][safepoint    ] Entering safepoint region: Cleanup
[2019-12-09T01:43:53.272+0000][1][safepoint    ] Leaving safepoint region
[2019-12-09T01:43:53.272+0000][1][safepoint    ] Total time for which application threads were stopped: 0.0001190 seconds, Stopping threads took: 0.0000327 seconds
[2019-12-09T01:43:53.794+0000][1][safepoint    ] Application time: 0.5223714 seconds
[2019-12-09T01:43:53.794+0000][1][safepoint    ] Entering safepoint region: GenCollectForAllocation
[2019-12-09T01:43:53.794+0000][1][gc,start     ] GC(24) Pause Young (Allocation Failure)
[2019-12-09T01:43:53.795+0000][1][gc,task      ] GC(24) Using 2 workers of 2 for evacuation
[2019-12-09T01:43:53.950+0000][1][gc,age       ] GC(24) Desired survivor size 4456448 bytes, new threshold 2 (max threshold 6)
[2019-12-09T01:43:53.950+0000][1][gc,age       ] GC(24) Age table with threshold 2 (max threshold 6)
[2019-12-09T01:43:53.950+0000][1][gc,age       ] GC(24) - age   1:    1903936 bytes,    1903936 total
[2019-12-09T01:43:53.950+0000][1][gc,age       ] GC(24) - age   2:    3610280 bytes,    5514216 total
[2019-12-09T01:43:53.950+0000][1][gc,heap      ] GC(24) ParNew: 78543K->6539K(78656K)
[2019-12-09T01:43:53.950+0000][1][gc,heap      ] GC(24) CMS: 60133K->64256K(174784K)
[2019-12-09T01:43:53.950+0000][1][gc,metaspace ] GC(24) Metaspace: 68328K->68328K(1112064K)
[2019-12-09T01:43:53.950+0000][1][gc           ] GC(24) Pause Young (Allocation Failure) 135M->69M(247M) 155.915ms
[2019-12-09T01:43:53.950+0000][1][gc,cpu       ] GC(24) User=0.05s Sys=0.00s Real=0.16s
[2019-12-09T01:43:53.950+0000][1][safepoint    ] Leaving safepoint region
[2019-12-09T01:43:53.950+0000][1][safepoint    ] Total time for which application threads were stopped: 0.1561399 seconds, Stopping threads took: 0.0000211 seconds
[2019-12-09T01:43:55.955+0000][1][safepoint    ] Application time: 2.0042649 seconds
[2019-12-09T01:43:55.955+0000][1][safepoint    ] Entering safepoint region: Cleanup
[2019-12-09T01:43:55.955+0000][1][safepoint    ] Leaving safepoint region
[2019-12-09T01:43:55.955+0000][1][safepoint    ] Total time for which application threads were stopped: 0.0001350 seconds, Stopping threads took: 0.0000371 seconds
[2019-12-09T01:43:56.961+0000][1][safepoint    ] Application time: 1.0058401 seconds
[2019-12-09T01:43:56.961+0000][1][safepoint    ] Entering safepoint region: Cleanup
[2019-12-09T01:43:56.961+0000][1][safepoint    ] Leaving safepoint region
[2019-12-09T01:43:56.961+0000][1][safepoint    ] Total time for which application threads were stopped: 0.0001210 seconds, Stopping threads took: 0.0000260 seconds
[2019-12-09T01:43:57.967+0000][1][safepoint    ] Application time: 1.0057817 seconds
[2019-12-09T01:43:57.967+0000][1][safepoint    ] Entering safepoint region: Cleanup
[2019-12-09T01:43:57.967+0000][1][safepoint    ] Leaving safepoint region
[2019-12-09T01:43:57.967+0000][1][safepoint    ] Total time for which application threads were stopped: 0.0001412 seconds, Stopping threads took: 0.0000263 seconds
[2019-12-09T01:43:58.968+0000][1][safepoint    ] Application time: 1.0008028 seconds
[2019-12-09T01:43:58.968+0000][1][safepoint    ] Entering safepoint region: Cleanup
[2019-12-09T01:43:58.968+0000][1][safepoint    ] Leaving safepoint region
[2019-12-09T01:43:58.968+0000][1][safepoint    ] Total time for which application threads were stopped: 0.0001186 seconds, Stopping threads took: 0.0000279 seconds
[2019-12-09T01:43:59.969+0000][1][safepoint    ] Application time: 1.0008522 seconds
[2019-12-09T01:43:59.969+0000][1][safepoint    ] Entering safepoint region: Cleanup
[2019-12-09T01:43:59.969+0000][1][safepoint    ] Leaving safepoint region
[2019-12-09T01:43:59.969+0000][1][safepoint    ] Total time for which application threads were stopped: 0.0001116 seconds, Stopping threads took: 0.0000227 seconds
[2019-12-09T01:44:00.972+0000][1][safepoint    ] Application time: 1.0028588 seconds
[2019-12-09T01:44:00.972+0000][1][safepoint    ] Entering safepoint region: Cleanup
[2019-12-09T01:44:00.972+0000][1][safepoint    ] Leaving safepoint region
[2019-12-09T01:44:00.972+0000][1][safepoint    ] Total time for which application threads were stopped: 0.0001137 seconds, Stopping threads took: 0.0000239 seconds
[2019-12-09T01:44:01.975+0000][1][safepoint    ] Application time: 1.0029548 seconds
[2019-12-09T01:44:01.975+0000][1][safepoint    ] Entering safepoint region: Cleanup
[2019-12-09T01:44:01.975+0000][1][safepoint    ] Leaving safepoint region
[2019-12-09T01:44:01.975+0000][1][safepoint    ] Total time for which application threads were stopped: 0.0001347 seconds, Stopping threads took: 0.0000370 seconds
[2019-12-09T01:44:05.985+0000][1][safepoint    ] Application time: 4.0096557 seconds
[2019-12-09T01:44:05.985+0000][1][safepoint    ] Entering safepoint region: Cleanup
[2019-12-09T01:44:05.985+0000][1][safepoint    ] Leaving safepoint region
[2019-12-09T01:44:05.985+0000][1][safepoint    ] Total time for which application threads were stopped: 0.0001144 seconds, Stopping threads took: 0.0000248 seconds
[2019-12-09T01:44:10.002+0000][1][safepoint    ] Application time: 4.0166454 seconds
[2019-12-09T01:44:10.002+0000][1][safepoint    ] Entering safepoint region: Cleanup
[2019-12-09T01:44:10.002+0000][1][safepoint    ] Leaving safepoint region
[2019-12-09T01:44:10.002+0000][1][safepoint    ] Total time for which application threads were stopped: 0.0001417 seconds, Stopping threads took: 0.0000270 seconds
[2019-12-09T01:44:12.005+0000][1][safepoint    ] Application time: 2.0029127 seconds
[2019-12-09T01:44:12.005+0000][1][safepoint    ] Entering safepoint region: Cleanup
[2019-12-09T01:44:12.005+0000][1][safepoint    ] Leaving safepoint region
[2019-12-09T01:44:12.005+0000][1][safepoint    ] Total time for which application threads were stopped: 0.0001443 seconds, Stopping threads took: 0.0000337 seconds
[2019-12-09T01:44:13.006+0000][1][safepoint    ] Application time: 1.0008623 seconds
[2019-12-09T01:44:13.006+0000][1][safepoint    ] Entering safepoint region: Cleanup
[2019-12-09T01:44:13.006+0000][1][safepoint    ] Leaving safepoint region
[2019-12-09T01:44:13.006+0000][1][safepoint    ] Total time for which application threads were stopped: 0.0001287 seconds, Stopping threads took: 0.0000254 seconds
[2019-12-09T01:44:15.010+0000][1][safepoint    ] Application time: 2.0038270 seconds
[2019-12-09T01:44:15.010+0000][1][safepoint    ] Entering safepoint region: Cleanup
[2019-12-09T01:44:15.010+0000][1][safepoint    ] Leaving safepoint region
[2019-12-09T01:44:15.010+0000][1][safepoint    ] Total time for which application threads were stopped: 0.0001351 seconds, Stopping threads took: 0.0000413 seconds
[2019-12-09T01:44:16.010+0000][1][safepoint    ] Application time: 1.0000823 seconds
[2019-12-09T01:44:16.010+0000][1][safepoint    ] Entering safepoint region: Cleanup
[2019-12-09T01:44:16.010+0000][1][safepoint    ] Leaving safepoint region
[2019-12-09T01:44:16.010+0000][1][safepoint    ] Total time for which application threads were stopped: 0.0000870 seconds, Stopping threads took: 0.0000183 seconds
[2019-12-09T01:44:17.010+0000][1][safepoint    ] Application time: 1.0000822 seconds
[2019-12-09T01:44:17.010+0000][1][safepoint    ] Entering safepoint region: Cleanup
[2019-12-09T01:44:17.010+0000][1][safepoint    ] Leaving safepoint region
[2019-12-09T01:44:17.010+0000][1][safepoint    ] Total time for which application threads were stopped: 0.0001196 seconds, Stopping threads took: 0.0000240 seconds
[2019-12-09T01:44:19.011+0000][1][safepoint    ] Application time: 2.0003937 seconds
[2019-12-09T01:44:19.011+0000][1][safepoint    ] Entering safepoint region: Cleanup
[2019-12-09T01:44:19.011+0000][1][safepoint    ] Leaving safepoint region
[2019-12-09T01:44:19.011+0000][1][safepoint    ] Total time for which application threads were stopped: 0.0001453 seconds, Stopping threads took: 0.0000267 seconds
[2019-12-09T01:44:21.011+0000][1][safepoint    ] Application time: 2.0001322 seconds
[2019-12-09T01:44:21.011+0000][1][safepoint    ] Entering safepoint region: Cleanup
[2019-12-09T01:44:21.011+0000][1][safepoint    ] Leaving safepoint region
[2019-12-09T01:44:21.011+0000][1][safepoint    ] Total time for which application threads were stopped: 0.0000955 seconds, Stopping threads took: 0.0000215 seconds
[2019-12-09T01:44:22.011+0000][1][safepoint    ] Application time: 1.0000805 seconds
[2019-12-09T01:44:22.011+0000][1][safepoint    ] Entering safepoint region: Cleanup
[2019-12-09T01:44:22.011+0000][1][safepoint    ] Leaving safepoint region
[2019-12-09T01:44:22.011+0000][1][safepoint    ] Total time for which application threads were stopped: 0.0000955 seconds, Stopping threads took: 0.0000187 seconds
[2019-12-09T01:44:25.012+0000][1][safepoint    ] Application time: 3.0002308 seconds
[2019-12-09T01:44:25.012+0000][1][safepoint    ] Entering safepoint region: Cleanup
[2019-12-09T01:44:25.012+0000][1][safepoint    ] Leaving safepoint region
[2019-12-09T01:44:25.012+0000][1][safepoint    ] Total time for which application threads were stopped: 0.0000889 seconds, Stopping threads took: 0.0000188 seconds
[2019-12-09T01:44:27.012+0000][1][safepoint    ] Application time: 2.0001471 seconds
[2019-12-09T01:44:27.012+0000][1][safepoint    ] Entering safepoint region: Cleanup
[2019-12-09T01:44:27.012+0000][1][safepoint    ] Leaving safepoint region
[2019-12-09T01:44:27.012+0000][1][safepoint    ] Total time for which application threads were stopped: 0.0000938 seconds, Stopping threads took: 0.0000201 seconds
[2019-12-09T01:44:28.012+0000][1][safepoint    ] Application time: 1.0000783 seconds
[2019-12-09T01:44:28.012+0000][1][safepoint    ] Entering safepoint region: Cleanup
[2019-12-09T01:44:28.012+0000][1][safepoint    ] Leaving safepoint region
[2019-12-09T01:44:28.012+0000][1][safepoint    ] Total time for which application threads were stopped: 0.0000906 seconds, Stopping threads took: 0.0000190 seconds
[2019-12-09T01:44:29.012+0000][1][safepoint    ] Application time: 1.0000784 seconds
[2019-12-09T01:44:29.012+0000][1][safepoint    ] Entering safepoint region: Cleanup
[2019-12-09T01:44:29.013+0000][1][safepoint    ] Leaving safepoint region
[2019-12-09T01:44:29.013+0000][1][safepoint    ] Total time for which application threads were stopped: 0.0000882 seconds, Stopping threads took: 0.0000170 seconds
[2019-12-09T01:44:32.013+0000][1][safepoint    ] Application time: 3.0002307 seconds
[2019-12-09T01:44:32.013+0000][1][safepoint    ] Entering safepoint region: Cleanup
[2019-12-09T01:44:32.013+0000][1][safepoint    ] Leaving safepoint region
[2019-12-09T01:44:32.013+0000][1][safepoint    ] Total time for which application threads were stopped: 0.0001010 seconds, Stopping threads took: 0.0000273 seconds
[2019-12-09T01:44:35.013+0000][1][safepoint    ] Application time: 3.0002130 seconds
[2019-12-09T01:44:35.013+0000][1][safepoint    ] Entering safepoint region: Cleanup
[2019-12-09T01:44:35.013+0000][1][safepoint    ] Leaving safepoint region
[2019-12-09T01:44:35.013+0000][1][safepoint    ] Total time for which application threads were stopped: 0.0000996 seconds, Stopping threads took: 0.0000271 seconds
[2019-12-09T01:44:36.013+0000][1][safepoint    ] Application time: 1.0000778 seconds
[2019-12-09T01:44:36.013+0000][1][safepoint    ] Entering safepoint region: Cleanup
[2019-12-09T01:44:36.013+0000][1][safepoint    ] Leaving safepoint region
[2019-12-09T01:44:36.013+0000][1][safepoint    ] Total time for which application threads were stopped: 0.0000910 seconds, Stopping threads took: 0.0000187 seconds
[2019-12-09T01:44:38.014+0000][1][safepoint    ] Application time: 2.0001447 seconds
[2019-12-09T01:44:38.014+0000][1][safepoint    ] Entering safepoint region: Cleanup
[2019-12-09T01:44:38.014+0000][1][safepoint    ] Leaving safepoint region
[2019-12-09T01:44:38.014+0000][1][safepoint    ] Total time for which application threads were stopped: 0.0001040 seconds, Stopping threads took: 0.0000316 seconds
[2019-12-09T01:44:41.014+0000][1][safepoint    ] Application time: 3.0002154 seconds
[2019-12-09T01:44:41.014+0000][1][safepoint    ] Entering safepoint region: Cleanup
[2019-12-09T01:44:41.014+0000][1][safepoint    ] Leaving safepoint region
[2019-12-09T01:44:41.014+0000][1][safepoint    ] Total time for which application threads were stopped: 0.0000911 seconds, Stopping threads took: 0.0000179 seconds
[2019-12-09T01:44:42.014+0000][1][safepoint    ] Application time: 1.0000782 seconds
[2019-12-09T01:44:42.014+0000][1][safepoint    ] Entering safepoint region: Cleanup
[2019-12-09T01:44:42.014+0000][1][safepoint    ] Leaving safepoint region
[2019-12-09T01:44:42.014+0000][1][safepoint    ] Total time for which application threads were stopped: 0.0000916 seconds, Stopping threads took: 0.0000175 seconds
[2019-12-09T01:44:44.014+0000][1][safepoint    ] Application time: 2.0001457 seconds
[2019-12-09T01:44:44.015+0000][1][safepoint    ] Entering safepoint region: Cleanup
[2019-12-09T01:44:44.015+0000][1][safepoint    ] Leaving safepoint region
[2019-12-09T01:44:44.015+0000][1][safepoint    ] Total time for which application threads were stopped: 0.0000914 seconds, Stopping threads took: 0.0000184 seconds
[2019-12-09T01:44:45.015+0000][1][safepoint    ] Application time: 1.0000776 seconds
[2019-12-09T01:44:45.015+0000][1][safepoint    ] Entering safepoint region: Cleanup
[2019-12-09T01:44:45.015+0000][1][safepoint    ] Leaving safepoint region
[2019-12-09T01:44:45.015+0000][1][safepoint    ] Total time for which application threads were stopped: 0.0000911 seconds, Stopping threads took: 0.0000143 seconds
[2019-12-09T01:44:46.015+0000][1][safepoint    ] Application time: 1.0000869 seconds
[2019-12-09T01:44:46.015+0000][1][safepoint    ] Entering safepoint region: Cleanup
[2019-12-09T01:44:46.015+0000][1][safepoint    ] Leaving safepoint region
[2019-12-09T01:44:46.015+0000][1][safepoint    ] Total time for which application threads were stopped: 0.0000882 seconds, Stopping threads took: 0.0000188 seconds
[2019-12-09T01:44:47.015+0000][1][safepoint    ] Application time: 1.0000795 seconds
[2019-12-09T01:44:47.015+0000][1][safepoint    ] Entering safepoint region: Cleanup
[2019-12-09T01:44:47.015+0000][1][safepoint    ] Leaving safepoint region
[2019-12-09T01:44:47.015+0000][1][safepoint    ] Total time for which application threads were stopped: 0.0000851 seconds, Stopping threads took: 0.0000177 seconds
[2019-12-09T01:44:52.016+0000][1][safepoint    ] Application time: 5.0005234 seconds
[2019-12-09T01:44:52.016+0000][1][safepoint    ] Entering safepoint region: Cleanup
[2019-12-09T01:44:52.016+0000][1][safepoint    ] Leaving safepoint region
[2019-12-09T01:44:52.016+0000][1][safepoint    ] Total time for which application threads were stopped: 0.0001158 seconds, Stopping threads took: 0.0000244 seconds
[2019-12-09T01:44:53.016+0000][1][safepoint    ] Application time: 1.0000794 seconds
[2019-12-09T01:44:53.016+0000][1][safepoint    ] Entering safepoint region: Cleanup
[2019-12-09T01:44:53.016+0000][1][safepoint    ] Leaving safepoint region
[2019-12-09T01:44:53.016+0000][1][safepoint    ] Total time for which application threads were stopped: 0.0000886 seconds, Stopping threads took: 0.0000185 seconds
[2019-12-09T01:44:54.016+0000][1][safepoint    ] Application time: 1.0000888 seconds
[2019-12-09T01:44:54.016+0000][1][safepoint    ] Entering safepoint region: Cleanup
[2019-12-09T01:44:54.016+0000][1][safepoint    ] Leaving safepoint region
[2019-12-09T01:44:54.016+0000][1][safepoint    ] Total time for which application threads were stopped: 0.0001234 seconds, Stopping threads took: 0.0000265 seconds
[2019-12-09T01:44:55.017+0000][1][safepoint    ] Application time: 1.0000797 seconds
[2019-12-09T01:44:55.017+0000][1][safepoint    ] Entering safepoint region: Cleanup
[2019-12-09T01:44:55.017+0000][1][safepoint    ] Leaving safepoint region
[2019-12-09T01:44:55.017+0000][1][safepoint    ] Total time for which application threads were stopped: 0.0000976 seconds, Stopping threads took: 0.0000268 seconds
[2019-12-09T01:44:58.017+0000][1][safepoint    ] Application time: 3.0002158 seconds
[2019-12-09T01:44:58.017+0000][1][safepoint    ] Entering safepoint region: Cleanup
[2019-12-09T01:44:58.017+0000][1][safepoint    ] Leaving safepoint region
[2019-12-09T01:44:58.017+0000][1][safepoint    ] Total time for which application threads were stopped: 0.0000914 seconds, Stopping threads took: 0.0000183 seconds
[2019-12-09T01:45:00.017+0000][1][safepoint    ] Application time: 2.0001464 seconds
[2019-12-09T01:45:00.017+0000][1][safepoint    ] Entering safepoint region: Cleanup
[2019-12-09T01:45:00.017+0000][1][safepoint    ] Leaving safepoint region
[2019-12-09T01:45:00.017+0000][1][safepoint    ] Total time for which application threads were stopped: 0.0000875 seconds, Stopping threads took: 0.0000192 seconds
[2019-12-09T01:45:02.017+0000][1][safepoint    ] Application time: 2.0001544 seconds
[2019-12-09T01:45:02.017+0000][1][safepoint    ] Entering safepoint region: Cleanup
[2019-12-09T01:45:02.018+0000][1][safepoint    ] Leaving safepoint region
[2019-12-09T01:45:02.018+0000][1][safepoint    ] Total time for which application threads were stopped: 0.0000843 seconds, Stopping threads took: 0.0000174 seconds
[2019-12-09T01:45:03.018+0000][1][safepoint    ] Application time: 1.0000784 seconds
[2019-12-09T01:45:03.018+0000][1][safepoint    ] Entering safepoint region: Cleanup
[2019-12-09T01:45:03.018+0000][1][safepoint    ] Leaving safepoint region
[2019-12-09T01:45:03.018+0000][1][safepoint    ] Total time for which application threads were stopped: 0.0000870 seconds, Stopping threads took: 0.0000193 seconds
[2019-12-09T01:45:04.018+0000][1][safepoint    ] Application time: 1.0000791 seconds
[2019-12-09T01:45:04.018+0000][1][safepoint    ] Entering safepoint region: Cleanup
[2019-12-09T01:45:04.018+0000][1][safepoint    ] Leaving safepoint region
[2019-12-09T01:45:04.018+0000][1][safepoint    ] Total time for which application threads were stopped: 0.0000866 seconds, Stopping threads took: 0.0000177 seconds
[2019-12-09T01:45:07.018+0000][1][safepoint    ] Application time: 3.0001775 seconds
[2019-12-09T01:45:07.018+0000][1][safepoint    ] Entering safepoint region: Cleanup
[2019-12-09T01:45:07.018+0000][1][safepoint    ] Leaving safepoint region
[2019-12-09T01:45:07.018+0000][1][safepoint    ] Total time for which application threads were stopped: 0.0000856 seconds, Stopping threads took: 0.0000184 seconds
[2019-12-09T01:45:10.019+0000][1][safepoint    ] Application time: 3.0002215 seconds
[2019-12-09T01:45:10.019+0000][1][safepoint    ] Entering safepoint region: Cleanup
[2019-12-09T01:45:10.019+0000][1][safepoint    ] Leaving safepoint region
[2019-12-09T01:45:10.019+0000][1][safepoint    ] Total time for which application threads were stopped: 0.0000863 seconds, Stopping threads took: 0.0000180 seconds
[2019-12-09T01:45:13.019+0000][1][safepoint    ] Application time: 3.0002193 seconds
[2019-12-09T01:45:13.019+0000][1][safepoint    ] Entering safepoint region: Cleanup
[2019-12-09T01:45:13.019+0000][1][safepoint    ] Leaving safepoint region
[2019-12-09T01:45:13.019+0000][1][safepoint    ] Total time for which application threads were stopped: 0.0000841 seconds, Stopping threads took: 0.0000176 seconds
[2019-12-09T01:45:14.019+0000][1][safepoint    ] Application time: 1.0000813 seconds
[2019-12-09T01:45:14.019+0000][1][safepoint    ] Entering safepoint region: Cleanup
[2019-12-09T01:45:14.019+0000][1][safepoint    ] Leaving safepoint region
[2019-12-09T01:45:14.019+0000][1][safepoint    ] Total time for which application threads were stopped: 0.0000861 seconds, Stopping threads took: 0.0000169 seconds
[2019-12-09T01:45:15.019+0000][1][safepoint    ] Application time: 1.0000780 seconds
[2019-12-09T01:45:15.019+0000][1][safepoint    ] Entering safepoint region: Cleanup
[2019-12-09T01:45:15.019+0000][1][safepoint    ] Leaving safepoint region
[2019-12-09T01:45:15.019+0000][1][safepoint    ] Total time for which application threads were stopped: 0.0000880 seconds, Stopping threads took: 0.0000178 seconds
[2019-12-09T01:45:17.020+0000][1][safepoint    ] Application time: 2.0002537 seconds
[2019-12-09T01:45:17.020+0000][1][safepoint    ] Entering safepoint region: Cleanup
[2019-12-09T01:45:17.020+0000][1][safepoint    ] Leaving safepoint region
[2019-12-09T01:45:17.020+0000][1][safepoint    ] Total time for which application threads were stopped: 0.0001231 seconds, Stopping threads took: 0.0000265 seconds
[2019-12-09T01:45:19.020+0000][1][safepoint    ] Application time: 2.0001495 seconds
[2019-12-09T01:45:19.020+0000][1][safepoint    ] Entering safepoint region: Cleanup
[2019-12-09T01:45:19.020+0000][1][safepoint    ] Leaving safepoint region
[2019-12-09T01:45:19.020+0000][1][safepoint    ] Total time for which application threads were stopped: 0.0000875 seconds, Stopping threads took: 0.0000198 seconds
[2019-12-09T01:45:21.020+0000][1][safepoint    ] Application time: 2.0001487 seconds
[2019-12-09T01:45:21.020+0000][1][safepoint    ] Entering safepoint region: Cleanup
[2019-12-09T01:45:21.020+0000][1][safepoint    ] Leaving safepoint region
[2019-12-09T01:45:21.020+0000][1][safepoint    ] Total time for which application threads were stopped: 0.0001019 seconds, Stopping threads took: 0.0000180 seconds
[2019-12-09T01:45:23.021+0000][1][safepoint    ] Application time: 2.0001429 seconds
[2019-12-09T01:45:23.021+0000][1][safepoint    ] Entering safepoint region: Cleanup
[2019-12-09T01:45:23.021+0000][1][safepoint    ] Leaving safepoint region
[2019-12-09T01:45:23.021+0000][1][safepoint    ] Total time for which application threads were stopped: 0.0000952 seconds, Stopping threads took: 0.0000175 seconds
[2019-12-09T01:45:26.023+0000][1][safepoint    ] Application time: 3.0020540 seconds
[2019-12-09T01:45:26.023+0000][1][safepoint    ] Entering safepoint region: Cleanup
[2019-12-09T01:45:26.023+0000][1][safepoint    ] Leaving safepoint region
[2019-12-09T01:45:26.023+0000][1][safepoint    ] Total time for which application threads were stopped: 0.0000937 seconds, Stopping threads took: 0.0000247 seconds
[2019-12-09T01:45:27.023+0000][1][safepoint    ] Application time: 1.0000817 seconds
[2019-12-09T01:45:27.023+0000][1][safepoint    ] Entering safepoint region: Cleanup
[2019-12-09T01:45:27.023+0000][1][safepoint    ] Leaving safepoint region
[2019-12-09T01:45:27.023+0000][1][safepoint    ] Total time for which application threads were stopped: 0.0000850 seconds, Stopping threads took: 0.0000182 seconds
[2019-12-09T01:45:28.023+0000][1][safepoint    ] Application time: 1.0000790 seconds
[2019-12-09T01:45:28.023+0000][1][safepoint    ] Entering safepoint region: Cleanup
[2019-12-09T01:45:28.023+0000][1][safepoint    ] Leaving safepoint region
[2019-12-09T01:45:28.023+0000][1][safepoint    ] Total time for which application threads were stopped: 0.0000922 seconds, Stopping threads took: 0.0000179 seconds
[2019-12-09T01:45:32.024+0000][1][safepoint    ] Application time: 4.0002854 seconds
[2019-12-09T01:45:32.024+0000][1][safepoint    ] Entering safepoint region: Cleanup
[2019-12-09T01:45:32.024+0000][1][safepoint    ] Leaving safepoint region
[2019-12-09T01:45:32.024+0000][1][safepoint    ] Total time for which application threads were stopped: 0.0000955 seconds, Stopping threads took: 0.0000282 seconds
[2019-12-09T01:45:35.024+0000][1][safepoint    ] Application time: 3.0002156 seconds
[2019-12-09T01:45:35.024+0000][1][safepoint    ] Entering safepoint region: Cleanup
[2019-12-09T01:45:35.024+0000][1][safepoint    ] Leaving safepoint region
[2019-12-09T01:45:35.024+0000][1][safepoint    ] Total time for which application threads were stopped: 0.0000926 seconds, Stopping threads took: 0.0000250 seconds
[2019-12-09T01:45:37.024+0000][1][safepoint    ] Application time: 2.0001460 seconds
[2019-12-09T01:45:37.024+0000][1][safepoint    ] Entering safepoint region: Cleanup
[2019-12-09T01:45:37.024+0000][1][safepoint    ] Leaving safepoint region
[2019-12-09T01:45:37.024+0000][1][safepoint    ] Total time for which application threads were stopped: 0.0000882 seconds, Stopping threads took: 0.0000190 seconds
[2019-12-09T01:45:42.025+0000][1][safepoint    ] Application time: 5.0003572 seconds
[2019-12-09T01:45:42.025+0000][1][safepoint    ] Entering safepoint region: Cleanup
[2019-12-09T01:45:42.025+0000][1][safepoint    ] Leaving safepoint region
[2019-12-09T01:45:42.025+0000][1][safepoint    ] Total time for which application threads were stopped: 0.0000879 seconds, Stopping threads took: 0.0000173 seconds
[2019-12-09T01:45:43.025+0000][1][safepoint    ] Application time: 1.0000779 seconds
[2019-12-09T01:45:43.025+0000][1][safepoint    ] Entering safepoint region: Cleanup
[2019-12-09T01:45:43.025+0000][1][safepoint    ] Leaving safepoint region
[2019-12-09T01:45:43.025+0000][1][safepoint    ] Total time for which application threads were stopped: 0.0000830 seconds, Stopping threads took: 0.0000175 seconds
[2019-12-09T01:45:44.025+0000][1][safepoint    ] Application time: 1.0000798 seconds
[2019-12-09T01:45:44.025+0000][1][safepoint    ] Entering safepoint region: Cleanup
[2019-12-09T01:45:44.025+0000][1][safepoint    ] Leaving safepoint region
[2019-12-09T01:45:44.025+0000][1][safepoint    ] Total time for which application threads were stopped: 0.0000806 seconds, Stopping threads took: 0.0000165 seconds
[2019-12-09T01:45:45.025+0000][1][safepoint    ] Application time: 1.0000785 seconds
[2019-12-09T01:45:45.025+0000][1][safepoint    ] Entering safepoint region: Cleanup
[2019-12-09T01:45:45.025+0000][1][safepoint    ] Leaving safepoint region
[2019-12-09T01:45:45.026+0000][1][safepoint    ] Total time for which application threads were stopped: 0.0000901 seconds, Stopping threads took: 0.0000174 seconds
[2019-12-09T01:45:50.026+0000][1][safepoint    ] Application time: 5.0003448 seconds
[2019-12-09T01:45:50.026+0000][1][safepoint    ] Entering safepoint region: Cleanup
[2019-12-09T01:45:50.026+0000][1][safepoint    ] Leaving safepoint region
[2019-12-09T01:45:50.026+0000][1][safepoint    ] Total time for which application threads were stopped: 0.0000859 seconds, Stopping threads took: 0.0000180 seconds
[2019-12-09T01:45:53.026+0000][1][safepoint    ] Application time: 3.0002116 seconds
[2019-12-09T01:45:53.026+0000][1][safepoint    ] Entering safepoint region: Cleanup
[2019-12-09T01:45:53.026+0000][1][safepoint    ] Leaving safepoint region
[2019-12-09T01:45:53.026+0000][1][safepoint    ] Total time for which application threads were stopped: 0.0000832 seconds, Stopping threads took: 0.0000176 seconds
[2019-12-09T01:45:58.027+0000][1][safepoint    ] Application time: 5.0003603 seconds
[2019-12-09T01:45:58.027+0000][1][safepoint    ] Entering safepoint region: Cleanup
[2019-12-09T01:45:58.027+0000][1][safepoint    ] Leaving safepoint region
[2019-12-09T01:45:58.027+0000][1][safepoint    ] Total time for which application threads were stopped: 0.0000915 seconds, Stopping threads took: 0.0000244 seconds
[2019-12-09T01:45:59.020+0000][1][safepoint    ] Application time: 0.9934076 seconds
[2019-12-09T01:45:59.020+0000][1][safepoint    ] Entering safepoint region: GenCollectForAllocation
[2019-12-09T01:45:59.020+0000][1][gc,start     ] GC(25) Pause Young (Allocation Failure)
[2019-12-09T01:45:59.020+0000][1][gc,task      ] GC(25) Using 2 workers of 2 for evacuation
[2019-12-09T01:45:59.036+0000][1][gc,age       ] GC(25) Desired survivor size 4456448 bytes, new threshold 6 (max threshold 6)
[2019-12-09T01:45:59.037+0000][1][gc,age       ] GC(25) Age table with threshold 6 (max threshold 6)
[2019-12-09T01:45:59.037+0000][1][gc,age       ] GC(25) - age   1:      27072 bytes,      27072 total
[2019-12-09T01:45:59.037+0000][1][gc,age       ] GC(25) - age   2:    1876856 bytes,    1903928 total
[2019-12-09T01:45:59.037+0000][1][gc,heap      ] GC(25) ParNew: 76491K->5673K(78656K)
[2019-12-09T01:45:59.037+0000][1][gc,heap      ] GC(25) CMS: 64256K->67916K(174784K)
[2019-12-09T01:45:59.037+0000][1][gc,metaspace ] GC(25) Metaspace: 68650K->68650K(1112064K)
[2019-12-09T01:45:59.037+0000][1][gc           ] GC(25) Pause Young (Allocation Failure) 137M->71M(247M) 16.216ms
[2019-12-09T01:45:59.037+0000][1][gc,cpu       ] GC(25) User=0.04s Sys=0.00s Real=0.02s
[2019-12-09T01:45:59.037+0000][1][safepoint    ] Leaving safepoint region
[2019-12-09T01:45:59.037+0000][1][safepoint    ] Total time for which application threads were stopped: 0.0163740 seconds, Stopping threads took: 0.0000165 seconds
[2019-12-09T01:46:05.037+0000][1][safepoint    ] Application time: 6.0004273 seconds
[2019-12-09T01:46:05.037+0000][1][safepoint    ] Entering safepoint region: Cleanup
[2019-12-09T01:46:05.037+0000][1][safepoint    ] Leaving safepoint region
[2019-12-09T01:46:05.037+0000][1][safepoint    ] Total time for which application threads were stopped: 0.0000817 seconds, Stopping threads took: 0.0000161 seconds
[2019-12-09T01:46:07.037+0000][1][safepoint    ] Application time: 2.0001432 seconds
[2019-12-09T01:46:07.037+0000][1][safepoint    ] Entering safepoint region: Cleanup
[2019-12-09T01:46:07.037+0000][1][safepoint    ] Leaving safepoint region
[2019-12-09T01:46:07.037+0000][1][safepoint    ] Total time for which application threads were stopped: 0.0000884 seconds, Stopping threads took: 0.0000180 seconds
[2019-12-09T01:46:14.038+0000][1][safepoint    ] Application time: 7.0004896 seconds
[2019-12-09T01:46:14.038+0000][1][safepoint    ] Entering safepoint region: Cleanup
[2019-12-09T01:46:14.038+0000][1][safepoint    ] Leaving safepoint region
[2019-12-09T01:46:14.038+0000][1][safepoint    ] Total time for which application threads were stopped: 0.0000879 seconds, Stopping threads took: 0.0000180 seconds
[2019-12-09T01:46:22.039+0000][1][safepoint    ] Application time: 8.0005396 seconds
[2019-12-09T01:46:22.039+0000][1][safepoint    ] Entering safepoint region: Cleanup
[2019-12-09T01:46:22.039+0000][1][safepoint    ] Leaving safepoint region
[2019-12-09T01:46:22.039+0000][1][safepoint    ] Total time for which application threads were stopped: 0.0000954 seconds, Stopping threads took: 0.0000285 seconds
[2019-12-09T01:46:25.039+0000][1][safepoint    ] Application time: 3.0002149 seconds
[2019-12-09T01:46:25.039+0000][1][safepoint    ] Entering safepoint region: Cleanup
[2019-12-09T01:46:25.039+0000][1][safepoint    ] Leaving safepoint region
[2019-12-09T01:46:25.039+0000][1][safepoint    ] Total time for which application threads were stopped: 0.0000928 seconds, Stopping threads took: 0.0000187 seconds
[2019-12-09T01:46:27.039+0000][1][safepoint    ] Application time: 2.0001554 seconds
[2019-12-09T01:46:27.039+0000][1][safepoint    ] Entering safepoint region: Cleanup
[2019-12-09T01:46:27.039+0000][1][safepoint    ] Leaving safepoint region
[2019-12-09T01:46:27.039+0000][1][safepoint    ] Total time for which application threads were stopped: 0.0000888 seconds, Stopping threads took: 0.0000175 seconds
[2019-12-09T01:46:30.040+0000][1][safepoint    ] Application time: 3.0002238 seconds
[2019-12-09T01:46:30.040+0000][1][safepoint    ] Entering safepoint region: Cleanup
[2019-12-09T01:46:30.040+0000][1][safepoint    ] Leaving safepoint region
[2019-12-09T01:46:30.040+0000][1][safepoint    ] Total time for which application threads were stopped: 0.0001080 seconds, Stopping threads took: 0.0000316 seconds
[2019-12-09T01:46:40.040+0000][1][safepoint    ] Application time: 10.0006818 seconds
[2019-12-09T01:46:40.041+0000][1][safepoint    ] Entering safepoint region: Cleanup
[2019-12-09T01:46:40.041+0000][1][safepoint    ] Leaving safepoint region
[2019-12-09T01:46:40.041+0000][1][safepoint    ] Total time for which application threads were stopped: 0.0001102 seconds, Stopping threads took: 0.0000320 seconds
[2019-12-09T01:46:45.041+0000][1][safepoint    ] Application time: 5.0003447 seconds
[2019-12-09T01:46:45.041+0000][1][safepoint    ] Entering safepoint region: Cleanup
[2019-12-09T01:46:45.041+0000][1][safepoint    ] Leaving safepoint region
[2019-12-09T01:46:45.041+0000][1][safepoint    ] Total time for which application threads were stopped: 0.0000867 seconds, Stopping threads took: 0.0000176 seconds
[2019-12-09T01:46:46.041+0000][1][safepoint    ] Application time: 1.0000759 seconds
[2019-12-09T01:46:46.041+0000][1][safepoint    ] Entering safepoint region: Cleanup
[2019-12-09T01:46:46.041+0000][1][safepoint    ] Leaving safepoint region
[2019-12-09T01:46:46.041+0000][1][safepoint    ] Total time for which application threads were stopped: 0.0000869 seconds, Stopping threads took: 0.0000173 seconds
[2019-12-09T01:46:47.041+0000][1][safepoint    ] Application time: 1.0000764 seconds
[2019-12-09T01:46:47.041+0000][1][safepoint    ] Entering safepoint region: Cleanup
[2019-12-09T01:46:47.041+0000][1][safepoint    ] Leaving safepoint region
[2019-12-09T01:46:47.041+0000][1][safepoint    ] Total time for which application threads were stopped: 0.0000877 seconds, Stopping threads took: 0.0000180 seconds
[2019-12-09T01:46:50.042+0000][1][safepoint    ] Application time: 3.0001922 seconds
[2019-12-09T01:46:50.042+0000][1][safepoint    ] Entering safepoint region: Cleanup
[2019-12-09T01:46:50.042+0000][1][safepoint    ] Leaving safepoint region
[2019-12-09T01:46:50.042+0000][1][safepoint    ] Total time for which application threads were stopped: 0.0000865 seconds, Stopping threads took: 0.0000182 seconds
[2019-12-09T01:46:55.042+0000][1][safepoint    ] Application time: 5.0003572 seconds
[2019-12-09T01:46:55.042+0000][1][safepoint    ] Entering safepoint region: Cleanup
[2019-12-09T01:46:55.042+0000][1][safepoint    ] Leaving safepoint region
[2019-12-09T01:46:55.042+0000][1][safepoint    ] Total time for which application threads were stopped: 0.0001208 seconds, Stopping threads took: 0.0000266 seconds
[2019-12-09T01:46:57.043+0000][1][safepoint    ] Application time: 2.0001513 seconds
[2019-12-09T01:46:57.043+0000][1][safepoint    ] Entering safepoint region: Cleanup
[2019-12-09T01:46:57.043+0000][1][safepoint    ] Leaving safepoint region
[2019-12-09T01:46:57.043+0000][1][safepoint    ] Total time for which application threads were stopped: 0.0000959 seconds, Stopping threads took: 0.0000263 seconds
[2019-12-09T01:46:58.043+0000][1][safepoint    ] Application time: 1.0000784 seconds
[2019-12-09T01:46:58.043+0000][1][safepoint    ] Entering safepoint region: Cleanup
[2019-12-09T01:46:58.043+0000][1][safepoint    ] Leaving safepoint region
[2019-12-09T01:46:58.043+0000][1][safepoint    ] Total time for which application threads were stopped: 0.0000879 seconds, Stopping threads took: 0.0000180 seconds
[2019-12-09T01:47:01.043+0000][1][safepoint    ] Application time: 3.0002187 seconds
[2019-12-09T01:47:01.043+0000][1][safepoint    ] Entering safepoint region: Cleanup
[2019-12-09T01:47:01.043+0000][1][safepoint    ] Leaving safepoint region
[2019-12-09T01:47:01.043+0000][1][safepoint    ] Total time for which application threads were stopped: 0.0000864 seconds, Stopping threads took: 0.0000177 seconds
[2019-12-09T01:47:02.043+0000][1][safepoint    ] Application time: 1.0000582 seconds
[2019-12-09T01:47:02.043+0000][1][safepoint    ] Entering safepoint region: Cleanup
[2019-12-09T01:47:02.043+0000][1][safepoint    ] Leaving safepoint region
[2019-12-09T01:47:02.043+0000][1][safepoint    ] Total time for which application threads were stopped: 0.0001130 seconds, Stopping threads took: 0.0000244 seconds
[2019-12-09T01:47:03.044+0000][1][safepoint    ] Application time: 1.0000795 seconds
[2019-12-09T01:47:03.044+0000][1][safepoint    ] Entering safepoint region: Cleanup
[2019-12-09T01:47:03.044+0000][1][safepoint    ] Leaving safepoint region
[2019-12-09T01:47:03.044+0000][1][safepoint    ] Total time for which application threads were stopped: 0.0001017 seconds, Stopping threads took: 0.0000254 seconds
[2019-12-09T01:47:04.044+0000][1][safepoint    ] Application time: 1.0000930 seconds
[2019-12-09T01:47:04.044+0000][1][safepoint    ] Entering safepoint region: Cleanup
[2019-12-09T01:47:04.044+0000][1][safepoint    ] Leaving safepoint region
[2019-12-09T01:47:04.044+0000][1][safepoint    ] Total time for which application threads were stopped: 0.0001044 seconds, Stopping threads took: 0.0000329 seconds
[2019-12-09T01:47:09.044+0000][1][safepoint    ] Application time: 5.0003456 seconds
[2019-12-09T01:47:09.044+0000][1][safepoint    ] Entering safepoint region: Cleanup
[2019-12-09T01:47:09.044+0000][1][safepoint    ] Leaving safepoint region
[2019-12-09T01:47:09.044+0000][1][safepoint    ] Total time for which application threads were stopped: 0.0000923 seconds, Stopping threads took: 0.0000178 seconds
[2019-12-09T01:47:10.044+0000][1][safepoint    ] Application time: 1.0000786 seconds
[2019-12-09T01:47:10.045+0000][1][safepoint    ] Entering safepoint region: Cleanup
[2019-12-09T01:47:10.045+0000][1][safepoint    ] Leaving safepoint region
[2019-12-09T01:47:10.045+0000][1][safepoint    ] Total time for which application threads were stopped: 0.0000872 seconds, Stopping threads took: 0.0000173 seconds
[2019-12-09T01:47:15.045+0000][1][safepoint    ] Application time: 5.0003515 seconds
[2019-12-09T01:47:15.045+0000][1][safepoint    ] Entering safepoint region: Cleanup
[2019-12-09T01:47:15.045+0000][1][safepoint    ] Leaving safepoint region
[2019-12-09T01:47:15.045+0000][1][safepoint    ] Total time for which application threads were stopped: 0.0000910 seconds, Stopping threads took: 0.0000178 seconds
[2019-12-09T01:47:16.045+0000][1][safepoint    ] Application time: 1.0000769 seconds
[2019-12-09T01:47:16.045+0000][1][safepoint    ] Entering safepoint region: Cleanup
[2019-12-09T01:47:16.045+0000][1][safepoint    ] Leaving safepoint region
[2019-12-09T01:47:16.045+0000][1][safepoint    ] Total time for which application threads were stopped: 0.0000831 seconds, Stopping threads took: 0.0000176 seconds
[2019-12-09T01:47:18.045+0000][1][safepoint    ] Application time: 2.0001465 seconds
[2019-12-09T01:47:18.045+0000][1][safepoint    ] Entering safepoint region: Cleanup
[2019-12-09T01:47:18.046+0000][1][safepoint    ] Leaving safepoint region
[2019-12-09T01:47:18.046+0000][1][safepoint    ] Total time for which application threads were stopped: 0.0000853 seconds, Stopping threads took: 0.0000186 seconds
[2019-12-09T01:47:21.046+0000][1][safepoint    ] Application time: 3.0002177 seconds
[2019-12-09T01:47:21.046+0000][1][safepoint    ] Entering safepoint region: Cleanup
[2019-12-09T01:47:21.046+0000][1][safepoint    ] Leaving safepoint region
[2019-12-09T01:47:21.046+0000][1][safepoint    ] Total time for which application threads were stopped: 0.0000871 seconds, Stopping threads took: 0.0000175 seconds
[2019-12-09T01:47:23.046+0000][1][safepoint    ] Application time: 2.0001457 seconds
[2019-12-09T01:47:23.046+0000][1][safepoint    ] Entering safepoint region: Cleanup
[2019-12-09T01:47:23.046+0000][1][safepoint    ] Leaving safepoint region
[2019-12-09T01:47:23.046+0000][1][safepoint    ] Total time for which application threads were stopped: 0.0000866 seconds, Stopping threads took: 0.0000180 seconds
[2019-12-09T01:47:30.047+0000][1][safepoint    ] Application time: 7.0004896 seconds
[2019-12-09T01:47:30.047+0000][1][safepoint    ] Entering safepoint region: Cleanup
[2019-12-09T01:47:30.047+0000][1][safepoint    ] Leaving safepoint region
[2019-12-09T01:47:30.047+0000][1][safepoint    ] Total time for which application threads were stopped: 0.0000861 seconds, Stopping threads took: 0.0000185 seconds
[2019-12-09T01:47:32.047+0000][1][safepoint    ] Application time: 2.0001389 seconds
[2019-12-09T01:47:32.047+0000][1][safepoint    ] Entering safepoint region: Cleanup
[2019-12-09T01:47:32.047+0000][1][safepoint    ] Leaving safepoint region
[2019-12-09T01:47:32.047+0000][1][safepoint    ] Total time for which application threads were stopped: 0.0001027 seconds, Stopping threads took: 0.0000253 seconds
[2019-12-09T01:47:33.048+0000][1][safepoint    ] Application time: 1.0008820 seconds
[2019-12-09T01:47:33.048+0000][1][safepoint    ] Entering safepoint region: Cleanup
[2019-12-09T01:47:33.048+0000][1][safepoint    ] Leaving safepoint region
[2019-12-09T01:47:33.048+0000][1][safepoint    ] Total time for which application threads were stopped: 0.0001272 seconds, Stopping threads took: 0.0000249 seconds
[2019-12-09T01:47:36.048+0000][1][safepoint    ] Application time: 3.0002083 seconds
[2019-12-09T01:47:36.048+0000][1][safepoint    ] Entering safepoint region: Cleanup
[2019-12-09T01:47:36.049+0000][1][safepoint    ] Leaving safepoint region
[2019-12-09T01:47:36.049+0000][1][safepoint    ] Total time for which application threads were stopped: 0.0000958 seconds, Stopping threads took: 0.0000254 seconds
[2019-12-09T01:47:37.049+0000][1][safepoint    ] Application time: 1.0000755 seconds
[2019-12-09T01:47:37.049+0000][1][safepoint    ] Entering safepoint region: Cleanup
[2019-12-09T01:47:37.049+0000][1][safepoint    ] Leaving safepoint region
[2019-12-09T01:47:37.049+0000][1][safepoint    ] Total time for which application threads were stopped: 0.0000956 seconds, Stopping threads took: 0.0000186 seconds
[2019-12-09T01:47:46.049+0000][1][safepoint    ] Application time: 9.0006236 seconds
[2019-12-09T01:47:46.049+0000][1][safepoint    ] Entering safepoint region: Cleanup
[2019-12-09T01:47:46.049+0000][1][safepoint    ] Leaving safepoint region
[2019-12-09T01:47:46.049+0000][1][safepoint    ] Total time for which application threads were stopped: 0.0000867 seconds, Stopping threads took: 0.0000178 seconds
[2019-12-09T01:47:50.050+0000][1][safepoint    ] Application time: 4.0002872 seconds
[2019-12-09T01:47:50.050+0000][1][safepoint    ] Entering safepoint region: Cleanup
[2019-12-09T01:47:50.050+0000][1][safepoint    ] Leaving safepoint region
[2019-12-09T01:47:50.050+0000][1][safepoint    ] Total time for which application threads were stopped: 0.0000871 seconds, Stopping threads took: 0.0000183 seconds
[2019-12-09T01:47:57.050+0000][1][safepoint    ] Application time: 7.0004855 seconds
[2019-12-09T01:47:57.050+0000][1][safepoint    ] Entering safepoint region: Cleanup
[2019-12-09T01:47:57.051+0000][1][safepoint    ] Leaving safepoint region
[2019-12-09T01:47:57.051+0000][1][safepoint    ] Total time for which application threads were stopped: 0.0000940 seconds, Stopping threads took: 0.0000266 seconds
[2019-12-09T01:47:58.051+0000][1][safepoint    ] Application time: 1.0000788 seconds
[2019-12-09T01:47:58.051+0000][1][safepoint    ] Entering safepoint region: Cleanup
[2019-12-09T01:47:58.051+0000][1][safepoint    ] Leaving safepoint region
[2019-12-09T01:47:58.051+0000][1][safepoint    ] Total time for which application threads were stopped: 0.0001121 seconds, Stopping threads took: 0.0000223 seconds
[2019-12-09T01:48:00.051+0000][1][safepoint    ] Application time: 2.0001479 seconds
[2019-12-09T01:48:00.051+0000][1][safepoint    ] Entering safepoint region: Cleanup
[2019-12-09T01:48:00.051+0000][1][safepoint    ] Leaving safepoint region
[2019-12-09T01:48:00.051+0000][1][safepoint    ] Total time for which application threads were stopped: 0.0000868 seconds, Stopping threads took: 0.0000174 seconds
[2019-12-09T01:48:02.052+0000][1][safepoint    ] Application time: 2.0007452 seconds
[2019-12-09T01:48:02.052+0000][1][safepoint    ] Entering safepoint region: Cleanup
[2019-12-09T01:48:02.052+0000][1][safepoint    ] Leaving safepoint region
[2019-12-09T01:48:02.052+0000][1][safepoint    ] Total time for which application threads were stopped: 0.0001384 seconds, Stopping threads took: 0.0000287 seconds
[2019-12-09T01:48:04.094+0000][1][safepoint    ] Application time: 2.0421152 seconds
[2019-12-09T01:48:04.094+0000][1][safepoint    ] Entering safepoint region: GenCollectForAllocation
[2019-12-09T01:48:04.094+0000][1][gc,start     ] GC(26) Pause Young (Allocation Failure)
[2019-12-09T01:48:04.094+0000][1][gc,task      ] GC(26) Using 2 workers of 2 for evacuation
[2019-12-09T01:48:04.100+0000][1][gc,age       ] GC(26) Desired survivor size 4456448 bytes, new threshold 6 (max threshold 6)
[2019-12-09T01:48:04.100+0000][1][gc,age       ] GC(26) Age table with threshold 6 (max threshold 6)
[2019-12-09T01:48:04.100+0000][1][gc,age       ] GC(26) - age   1:      14208 bytes,      14208 total
[2019-12-09T01:48:04.100+0000][1][gc,age       ] GC(26) - age   2:      23248 bytes,      37456 total
[2019-12-09T01:48:04.100+0000][1][gc,age       ] GC(26) - age   3:    1872312 bytes,    1909768 total
[2019-12-09T01:48:04.100+0000][1][gc,heap      ] GC(26) ParNew: 75625K->2824K(78656K)
[2019-12-09T01:48:04.100+0000][1][gc,heap      ] GC(26) CMS: 67916K->67916K(174784K)
[2019-12-09T01:48:04.100+0000][1][gc,metaspace ] GC(26) Metaspace: 68902K->68902K(1112064K)
[2019-12-09T01:48:04.100+0000][1][gc           ] GC(26) Pause Young (Allocation Failure) 140M->69M(247M) 5.655ms
[2019-12-09T01:48:04.100+0000][1][gc,cpu       ] GC(26) User=0.01s Sys=0.00s Real=0.01s
[2019-12-09T01:48:04.100+0000][1][safepoint    ] Leaving safepoint region
[2019-12-09T01:48:04.100+0000][1][safepoint    ] Total time for which application threads were stopped: 0.0058050 seconds, Stopping threads took: 0.0000160 seconds
[2019-12-09T01:48:05.100+0000][1][safepoint    ] Application time: 1.0000904 seconds
[2019-12-09T01:48:05.100+0000][1][safepoint    ] Entering safepoint region: Cleanup
[2019-12-09T01:48:05.100+0000][1][safepoint    ] Leaving safepoint region
[2019-12-09T01:48:05.100+0000][1][safepoint    ] Total time for which application threads were stopped: 0.0000877 seconds, Stopping threads took: 0.0000176 seconds
[2019-12-09T01:48:12.103+0000][1][safepoint    ] Application time: 7.0027374 seconds
[2019-12-09T01:48:12.103+0000][1][safepoint    ] Entering safepoint region: Cleanup
[2019-12-09T01:48:12.103+0000][1][safepoint    ] Leaving safepoint region
[2019-12-09T01:48:12.103+0000][1][safepoint    ] Total time for which application threads were stopped: 0.0001088 seconds, Stopping threads took: 0.0000229 seconds
[2019-12-09T01:48:13.103+0000][1][safepoint    ] Application time: 1.0000761 seconds
[2019-12-09T01:48:13.103+0000][1][safepoint    ] Entering safepoint region: Cleanup
[2019-12-09T01:48:13.103+0000][1][safepoint    ] Leaving safepoint region
[2019-12-09T01:48:13.103+0000][1][safepoint    ] Total time for which application threads were stopped: 0.0000986 seconds, Stopping threads took: 0.0000172 seconds
[2019-12-09T01:48:14.103+0000][1][safepoint    ] Application time: 1.0000903 seconds
[2019-12-09T01:48:14.103+0000][1][safepoint    ] Entering safepoint region: Cleanup
[2019-12-09T01:48:14.104+0000][1][safepoint    ] Leaving safepoint region
[2019-12-09T01:48:14.104+0000][1][safepoint    ] Total time for which application threads were stopped: 0.0001139 seconds, Stopping threads took: 0.0000241 seconds
[2019-12-09T01:48:16.104+0000][1][safepoint    ] Application time: 2.0001502 seconds
[2019-12-09T01:48:16.104+0000][1][safepoint    ] Entering safepoint region: Cleanup
[2019-12-09T01:48:16.104+0000][1][safepoint    ] Leaving safepoint region
[2019-12-09T01:48:16.104+0000][1][safepoint    ] Total time for which application threads were stopped: 0.0000850 seconds, Stopping threads took: 0.0000175 seconds
[2019-12-09T01:48:22.055+0000][1][safepoint    ] Application time: 5.9513345 seconds
[2019-12-09T01:48:22.055+0000][1][safepoint    ] Entering safepoint region: RevokeBias
[2019-12-09T01:48:22.055+0000][1][safepoint    ] Leaving safepoint region
[2019-12-09T01:48:22.055+0000][1][safepoint    ] Total time for which application threads were stopped: 0.0001199 seconds, Stopping threads took: 0.0000227 seconds
[2019-12-09T01:48:22.055+0000][1][safepoint    ] Application time: 0.0000786 seconds
[2019-12-09T01:48:22.055+0000][1][safepoint    ] Entering safepoint region: RevokeBias
[2019-12-09T01:48:22.055+0000][1][safepoint    ] Leaving safepoint region
[2019-12-09T01:48:22.055+0000][1][safepoint    ] Total time for which application threads were stopped: 0.0000636 seconds, Stopping threads took: 0.0000110 seconds
[2019-12-09T01:48:22.060+0000][1][safepoint    ] Application time: 0.0040836 seconds
[2019-12-09T01:48:22.063+0000][1][safepoint    ] Entering safepoint region: RevokeBias
[2019-12-09T01:48:22.063+0000][1][safepoint    ] Leaving safepoint region
[2019-12-09T01:48:22.063+0000][1][safepoint    ] Total time for which application threads were stopped: 0.0032458 seconds, Stopping threads took: 0.0031782 seconds
[2019-12-09T01:48:22.063+0000][1][safepoint    ] Application time: 0.0002522 seconds
[2019-12-09T01:48:22.063+0000][1][safepoint    ] Entering safepoint region: RevokeBias
[2019-12-09T01:48:22.063+0000][1][safepoint    ] Leaving safepoint region
[2019-12-09T01:48:22.063+0000][1][safepoint    ] Total time for which application threads were stopped: 0.0000616 seconds, Stopping threads took: 0.0000115 seconds
[2019-12-09T01:48:22.064+0000][1][safepoint    ] Application time: 0.0007020 seconds
[2019-12-09T01:48:22.064+0000][1][safepoint    ] Entering safepoint region: RevokeBias
[2019-12-09T01:48:22.064+0000][1][safepoint    ] Leaving safepoint region
[2019-12-09T01:48:22.064+0000][1][safepoint    ] Total time for which application threads were stopped: 0.0000650 seconds, Stopping threads took: 0.0000135 seconds
[2019-12-09T01:48:22.065+0000][1][safepoint    ] Application time: 0.0012506 seconds
[2019-12-09T01:48:22.065+0000][1][safepoint    ] Entering safepoint region: RevokeBias
[2019-12-09T01:48:22.065+0000][1][safepoint    ] Leaving safepoint region
[2019-12-09T01:48:22.065+0000][1][safepoint    ] Total time for which application threads were stopped: 0.0000657 seconds, Stopping threads took: 0.0000132 seconds
[2019-12-09T01:48:22.066+0000][1][safepoint    ] Application time: 0.0011903 seconds
[2019-12-09T01:48:22.067+0000][1][safepoint    ] Entering safepoint region: RevokeBias
[2019-12-09T01:48:22.067+0000][1][safepoint    ] Leaving safepoint region
[2019-12-09T01:48:22.067+0000][1][safepoint    ] Total time for which application threads were stopped: 0.0000605 seconds, Stopping threads took: 0.0000138 seconds
[2019-12-09T01:48:22.067+0000][1][safepoint    ] Application time: 0.0003458 seconds
[2019-12-09T01:48:22.067+0000][1][safepoint    ] Entering safepoint region: RevokeBias
[2019-12-09T01:48:22.067+0000][1][safepoint    ] Leaving safepoint region
[2019-12-09T01:48:22.067+0000][1][safepoint    ] Total time for which application threads were stopped: 0.0000613 seconds, Stopping threads took: 0.0000106 seconds
[2019-12-09T01:48:22.081+0000][1][safepoint    ] Application time: 0.0143453 seconds
[2019-12-09T01:48:22.081+0000][1][safepoint    ] Entering safepoint region: RevokeBias
[2019-12-09T01:48:22.081+0000][1][safepoint    ] Leaving safepoint region
[2019-12-09T01:48:22.081+0000][1][safepoint    ] Total time for which application threads were stopped: 0.0000767 seconds, Stopping threads took: 0.0000140 seconds
[2019-12-09T01:48:22.094+0000][1][safepoint    ] Application time: 0.0121313 seconds
[2019-12-09T01:48:22.111+0000][1][safepoint    ] Entering safepoint region: RevokeBias
[2019-12-09T01:48:22.111+0000][1][safepoint    ] Leaving safepoint region
[2019-12-09T01:48:22.111+0000][1][safepoint    ] Total time for which application threads were stopped: 0.0173177 seconds, Stopping threads took: 0.0172167 seconds
[2019-12-09T01:48:22.115+0000][1][safepoint    ] Application time: 0.0037307 seconds
[2019-12-09T01:48:22.115+0000][1][safepoint    ] Entering safepoint region: RevokeBias
[2019-12-09T01:48:22.115+0000][1][safepoint    ] Leaving safepoint region
[2019-12-09T01:48:22.115+0000][1][safepoint    ] Total time for which application threads were stopped: 0.0000669 seconds, Stopping threads took: 0.0000130 seconds
[2019-12-09T01:48:22.115+0000][1][safepoint    ] Application time: 0.0002267 seconds
[2019-12-09T01:48:22.115+0000][1][safepoint    ] Entering safepoint region: RevokeBias
[2019-12-09T01:48:22.115+0000][1][safepoint    ] Leaving safepoint region
[2019-12-09T01:48:22.115+0000][1][safepoint    ] Total time for which application threads were stopped: 0.0000497 seconds, Stopping threads took: 0.0000094 seconds
[2019-12-09T01:48:22.123+0000][1][safepoint    ] Application time: 0.0080597 seconds
[2019-12-09T01:48:22.123+0000][1][safepoint    ] Entering safepoint region: RevokeBias
[2019-12-09T01:48:22.123+0000][1][safepoint    ] Leaving safepoint region
[2019-12-09T01:48:22.123+0000][1][safepoint    ] Total time for which application threads were stopped: 0.0000572 seconds, Stopping threads took: 0.0000115 seconds
[2019-12-09T01:48:22.123+0000][1][safepoint    ] Application time: 0.0000690 seconds
[2019-12-09T01:48:22.123+0000][1][safepoint    ] Entering safepoint region: RevokeBias
[2019-12-09T01:48:22.123+0000][1][safepoint    ] Leaving safepoint region
[2019-12-09T01:48:22.123+0000][1][safepoint    ] Total time for which application threads were stopped: 0.0000482 seconds, Stopping threads took: 0.0000084 seconds
[2019-12-09T01:48:22.123+0000][1][safepoint    ] Application time: 0.0001106 seconds
[2019-12-09T01:48:22.123+0000][1][safepoint    ] Entering safepoint region: RevokeBias
[2019-12-09T01:48:22.124+0000][1][safepoint    ] Leaving safepoint region
[2019-12-09T01:48:22.124+0000][1][safepoint    ] Total time for which application threads were stopped: 0.0000508 seconds, Stopping threads took: 0.0000098 seconds
[2019-12-09T01:48:22.124+0000][1][safepoint    ] Application time: 0.0000570 seconds
[2019-12-09T01:48:22.124+0000][1][safepoint    ] Entering safepoint region: RevokeBias
[2019-12-09T01:48:22.124+0000][1][safepoint    ] Leaving safepoint region
[2019-12-09T01:48:22.124+0000][1][safepoint    ] Total time for which application threads were stopped: 0.0000459 seconds, Stopping threads took: 0.0000084 seconds
[2019-12-09T01:48:22.124+0000][1][safepoint    ] Application time: 0.0002330 seconds
[2019-12-09T01:48:22.124+0000][1][safepoint    ] Entering safepoint region: RevokeBias
[2019-12-09T01:48:22.124+0000][1][safepoint    ] Leaving safepoint region
[2019-12-09T01:48:22.124+0000][1][safepoint    ] Total time for which application threads were stopped: 0.0000636 seconds, Stopping threads took: 0.0000128 seconds
[2019-12-09T01:48:22.124+0000][1][safepoint    ] Application time: 0.0000721 seconds
[2019-12-09T01:48:22.124+0000][1][safepoint    ] Entering safepoint region: RevokeBias
[2019-12-09T01:48:22.124+0000][1][safepoint    ] Leaving safepoint region
[2019-12-09T01:48:22.124+0000][1][safepoint    ] Total time for which application threads were stopped: 0.0000516 seconds, Stopping threads took: 0.0000098 seconds
[2019-12-09T01:48:22.124+0000][1][safepoint    ] Application time: 0.0003752 seconds
[2019-12-09T01:48:22.125+0000][1][safepoint    ] Entering safepoint region: RevokeBias
[2019-12-09T01:48:22.125+0000][1][safepoint    ] Leaving safepoint region
[2019-12-09T01:48:22.125+0000][1][safepoint    ] Total time for which application threads were stopped: 0.0000675 seconds, Stopping threads took: 0.0000120 seconds
[2019-12-09T01:48:22.126+0000][1][safepoint    ] Application time: 0.0012386 seconds
[2019-12-09T01:48:22.126+0000][1][safepoint    ] Entering safepoint region: RevokeBias
[2019-12-09T01:48:22.126+0000][1][safepoint    ] Leaving safepoint region
[2019-12-09T01:48:22.126+0000][1][safepoint    ] Total time for which application threads were stopped: 0.0000920 seconds, Stopping threads took: 0.0000124 seconds
[2019-12-09T01:48:22.126+0000][1][safepoint    ] Application time: 0.0003339 seconds
[2019-12-09T01:48:22.126+0000][1][safepoint    ] Entering safepoint region: RevokeBias
[2019-12-09T01:48:22.126+0000][1][safepoint    ] Leaving safepoint region
[2019-12-09T01:48:22.126+0000][1][safepoint    ] Total time for which application threads were stopped: 0.0000819 seconds, Stopping threads took: 0.0000113 seconds
[2019-12-09T01:48:22.127+0000][1][safepoint    ] Application time: 0.0004524 seconds
[2019-12-09T01:48:22.127+0000][1][safepoint    ] Entering safepoint region: RevokeBias
[2019-12-09T01:48:22.127+0000][1][safepoint    ] Leaving safepoint region
[2019-12-09T01:48:22.127+0000][1][safepoint    ] Total time for which application threads were stopped: 0.0000945 seconds, Stopping threads took: 0.0000113 seconds
[2019-12-09T01:48:22.149+0000][1][safepoint    ] Application time: 0.0224491 seconds
[2019-12-09T01:48:22.149+0000][1][safepoint    ] Entering safepoint region: RevokeBias
[2019-12-09T01:48:22.150+0000][1][safepoint    ] Leaving safepoint region
[2019-12-09T01:48:22.150+0000][1][safepoint    ] Total time for which application threads were stopped: 0.0001113 seconds, Stopping threads took: 0.0000161 seconds
[2019-12-09T01:48:22.152+0000][1][safepoint    ] Application time: 0.0021723 seconds
[2019-12-09T01:48:22.152+0000][1][safepoint    ] Entering safepoint region: RevokeBias
[2019-12-09T01:48:22.152+0000][1][safepoint    ] Leaving safepoint region
[2019-12-09T01:48:22.152+0000][1][safepoint    ] Total time for which application threads were stopped: 0.0000962 seconds, Stopping threads took: 0.0000159 seconds
[2019-12-09T01:48:22.185+0000][1][safepoint    ] Application time: 0.0333098 seconds
[2019-12-09T01:48:22.185+0000][1][safepoint    ] Entering safepoint region: RevokeBias
[2019-12-09T01:48:22.185+0000][1][safepoint    ] Leaving safepoint region
[2019-12-09T01:48:22.185+0000][1][safepoint    ] Total time for which application threads were stopped: 0.0001159 seconds, Stopping threads took: 0.0000160 seconds
[2019-12-09T01:48:22.186+0000][1][safepoint    ] Application time: 0.0005987 seconds
[2019-12-09T01:48:22.186+0000][1][safepoint    ] Entering safepoint region: RevokeBias
[2019-12-09T01:48:22.186+0000][1][safepoint    ] Leaving safepoint region
[2019-12-09T01:48:22.186+0000][1][safepoint    ] Total time for which application threads were stopped: 0.0000978 seconds, Stopping threads took: 0.0000142 seconds
[2019-12-09T01:48:22.186+0000][1][safepoint    ] Application time: 0.0001545 seconds
[2019-12-09T01:48:22.186+0000][1][safepoint    ] Entering safepoint region: RevokeBias
[2019-12-09T01:48:22.186+0000][1][safepoint    ] Leaving safepoint region
[2019-12-09T01:48:22.186+0000][1][safepoint    ] Total time for which application threads were stopped: 0.0000855 seconds, Stopping threads took: 0.0000120 seconds
[2019-12-09T01:48:22.187+0000][1][safepoint    ] Application time: 0.0006985 seconds
[2019-12-09T01:48:22.187+0000][1][safepoint    ] Entering safepoint region: RevokeBias
[2019-12-09T01:48:22.187+0000][1][safepoint    ] Leaving safepoint region
[2019-12-09T01:48:22.187+0000][1][safepoint    ] Total time for which application threads were stopped: 0.0000720 seconds, Stopping threads took: 0.0000128 seconds
[2019-12-09T01:48:22.187+0000][1][safepoint    ] Application time: 0.0002545 seconds
[2019-12-09T01:48:22.187+0000][1][safepoint    ] Entering safepoint region: RevokeBias
[2019-12-09T01:48:22.188+0000][1][safepoint    ] Leaving safepoint region
[2019-12-09T01:48:22.188+0000][1][safepoint    ] Total time for which application threads were stopped: 0.0004024 seconds, Stopping threads took: 0.0000126 seconds
[2019-12-09T01:48:22.239+0000][1][safepoint    ] Application time: 0.0511555 seconds
[2019-12-09T01:48:22.264+0000][1][safepoint    ] Entering safepoint region: RevokeBias
[2019-12-09T01:48:22.264+0000][1][safepoint    ] Leaving safepoint region
[2019-12-09T01:48:22.264+0000][1][safepoint    ] Total time for which application threads were stopped: 0.0250430 seconds, Stopping threads took: 0.0248137 seconds
[2019-12-09T01:48:22.265+0000][1][safepoint    ] Application time: 0.0006448 seconds
[2019-12-09T01:48:22.265+0000][1][safepoint    ] Entering safepoint region: RevokeBias
[2019-12-09T01:48:22.265+0000][1][safepoint    ] Leaving safepoint region
[2019-12-09T01:48:22.265+0000][1][safepoint    ] Total time for which application threads were stopped: 0.0001581 seconds, Stopping threads took: 0.0000170 seconds
[2019-12-09T01:48:22.266+0000][1][safepoint    ] Application time: 0.0006992 seconds
[2019-12-09T01:48:22.266+0000][1][safepoint    ] Entering safepoint region: RevokeBias
[2019-12-09T01:48:22.266+0000][1][safepoint    ] Leaving safepoint region
[2019-12-09T01:48:22.266+0000][1][safepoint    ] Total time for which application threads were stopped: 0.0001228 seconds, Stopping threads took: 0.0000128 seconds
[2019-12-09T01:48:22.266+0000][1][safepoint    ] Application time: 0.0002259 seconds
[2019-12-09T01:48:22.266+0000][1][safepoint    ] Entering safepoint region: RevokeBias
[2019-12-09T01:48:22.266+0000][1][safepoint    ] Leaving safepoint region
[2019-12-09T01:48:22.266+0000][1][safepoint    ] Total time for which application threads were stopped: 0.0000929 seconds, Stopping threads took: 0.0000125 seconds
[2019-12-09T01:48:22.267+0000][1][safepoint    ] Application time: 0.0004828 seconds
[2019-12-09T01:48:22.267+0000][1][safepoint    ] Entering safepoint region: RevokeBias
[2019-12-09T01:48:22.267+0000][1][safepoint    ] Leaving safepoint region
[2019-12-09T01:48:22.267+0000][1][safepoint    ] Total time for which application threads were stopped: 0.0000969 seconds, Stopping threads took: 0.0000113 seconds
[2019-12-09T01:48:22.267+0000][1][safepoint    ] Application time: 0.0002076 seconds
[2019-12-09T01:48:22.267+0000][1][safepoint    ] Entering safepoint region: RevokeBias
[2019-12-09T01:48:22.267+0000][1][safepoint    ] Leaving safepoint region
[2019-12-09T01:48:22.267+0000][1][safepoint    ] Total time for which application threads were stopped: 0.0001243 seconds, Stopping threads took: 0.0000404 seconds
[2019-12-09T01:48:22.271+0000][1][safepoint    ] Application time: 0.0037243 seconds
[2019-12-09T01:48:22.289+0000][1][safepoint    ] Entering safepoint region: RevokeBias
[2019-12-09T01:48:22.289+0000][1][safepoint    ] Leaving safepoint region
[2019-12-09T01:48:22.289+0000][1][safepoint    ] Total time for which application threads were stopped: 0.0184271 seconds, Stopping threads took: 0.0183484 seconds
[2019-12-09T01:48:22.290+0000][1][safepoint    ] Application time: 0.0005896 seconds
[2019-12-09T01:48:22.290+0000][1][safepoint    ] Entering safepoint region: RevokeBias
[2019-12-09T01:48:22.290+0000][1][safepoint    ] Leaving safepoint region
[2019-12-09T01:48:22.290+0000][1][safepoint    ] Total time for which application threads were stopped: 0.0000762 seconds, Stopping threads took: 0.0000128 seconds
[2019-12-09T01:48:22.290+0000][1][safepoint    ] Application time: 0.0002297 seconds
[2019-12-09T01:48:22.292+0000][1][safepoint    ] Entering safepoint region: RevokeBias
[2019-12-09T01:48:22.292+0000][1][safepoint    ] Leaving safepoint region
[2019-12-09T01:48:22.292+0000][1][safepoint    ] Total time for which application threads were stopped: 0.0017074 seconds, Stopping threads took: 0.0016234 seconds
[2019-12-09T01:48:22.292+0000][1][safepoint    ] Application time: 0.0002650 seconds
[2019-12-09T01:48:22.292+0000][1][safepoint    ] Entering safepoint region: RevokeBias
[2019-12-09T01:48:22.292+0000][1][safepoint    ] Leaving safepoint region
[2019-12-09T01:48:22.292+0000][1][safepoint    ] Total time for which application threads were stopped: 0.0000814 seconds, Stopping threads took: 0.0000111 seconds
[2019-12-09T01:48:22.384+0000][1][safepoint    ] Application time: 0.0922040 seconds
[2019-12-09T01:48:22.384+0000][1][safepoint    ] Entering safepoint region: RevokeBias
[2019-12-09T01:48:22.385+0000][1][safepoint    ] Leaving safepoint region
[2019-12-09T01:48:22.385+0000][1][safepoint    ] Total time for which application threads were stopped: 0.0001139 seconds, Stopping threads took: 0.0000186 seconds
[2019-12-09T01:48:22.389+0000][1][safepoint    ] Application time: 0.0043646 seconds
[2019-12-09T01:48:22.389+0000][1][safepoint    ] Entering safepoint region: RevokeBias
[2019-12-09T01:48:22.389+0000][1][safepoint    ] Leaving safepoint region
[2019-12-09T01:48:22.389+0000][1][safepoint    ] Total time for which application threads were stopped: 0.0000788 seconds, Stopping threads took: 0.0000182 seconds
[2019-12-09T01:48:22.391+0000][1][safepoint    ] Application time: 0.0019096 seconds
[2019-12-09T01:48:22.391+0000][1][safepoint    ] Entering safepoint region: RevokeBias
[2019-12-09T01:48:22.391+0000][1][safepoint    ] Leaving safepoint region
[2019-12-09T01:48:22.391+0000][1][safepoint    ] Total time for which application threads were stopped: 0.0000817 seconds, Stopping threads took: 0.0000157 seconds
[2019-12-09T01:48:22.391+0000][1][safepoint    ] Application time: 0.0000756 seconds
[2019-12-09T01:48:22.391+0000][1][safepoint    ] Entering safepoint region: RevokeBias
[2019-12-09T01:48:22.391+0000][1][safepoint    ] Leaving safepoint region
[2019-12-09T01:48:22.391+0000][1][safepoint    ] Total time for which application threads were stopped: 0.0000581 seconds, Stopping threads took: 0.0000098 seconds
[2019-12-09T01:48:22.391+0000][1][safepoint    ] Application time: 0.0000658 seconds
[2019-12-09T01:48:22.391+0000][1][safepoint    ] Entering safepoint region: RevokeBias
[2019-12-09T01:48:22.391+0000][1][safepoint    ] Leaving safepoint region
[2019-12-09T01:48:22.391+0000][1][safepoint    ] Total time for which application threads were stopped: 0.0000495 seconds, Stopping threads took: 0.0000089 seconds
[2019-12-09T01:48:22.391+0000][1][safepoint    ] Application time: 0.0001767 seconds
[2019-12-09T01:48:22.391+0000][1][safepoint    ] Entering safepoint region: RevokeBias
[2019-12-09T01:48:22.392+0000][1][safepoint    ] Leaving safepoint region
[2019-12-09T01:48:22.392+0000][1][safepoint    ] Total time for which application threads were stopped: 0.0000572 seconds, Stopping threads took: 0.0000106 seconds
[2019-12-09T01:48:22.392+0000][1][safepoint    ] Application time: 0.0000373 seconds
[2019-12-09T01:48:22.392+0000][1][safepoint    ] Entering safepoint region: RevokeBias
[2019-12-09T01:48:22.392+0000][1][safepoint    ] Leaving safepoint region
[2019-12-09T01:48:22.392+0000][1][safepoint    ] Total time for which application threads were stopped: 0.0000410 seconds, Stopping threads took: 0.0000074 seconds
[2019-12-09T01:48:22.392+0000][1][safepoint    ] Application time: 0.0002068 seconds
[2019-12-09T01:48:22.392+0000][1][safepoint    ] Entering safepoint region: RevokeBias
[2019-12-09T01:48:22.392+0000][1][safepoint    ] Leaving safepoint region
[2019-12-09T01:48:22.392+0000][1][safepoint    ] Total time for which application threads were stopped: 0.0000545 seconds, Stopping threads took: 0.0000102 seconds
[2019-12-09T01:48:22.413+0000][1][safepoint    ] Application time: 0.0211933 seconds
[2019-12-09T01:48:22.413+0000][1][safepoint    ] Entering safepoint region: RevokeBias
[2019-12-09T01:48:22.413+0000][1][safepoint    ] Leaving safepoint region
[2019-12-09T01:48:22.413+0000][1][safepoint    ] Total time for which application threads were stopped: 0.0000822 seconds, Stopping threads took: 0.0000159 seconds
[2019-12-09T01:48:22.413+0000][1][safepoint    ] Application time: 0.0000570 seconds
[2019-12-09T01:48:22.413+0000][1][safepoint    ] Entering safepoint region: RevokeBias
[2019-12-09T01:48:22.413+0000][1][safepoint    ] Leaving safepoint region
[2019-12-09T01:48:22.413+0000][1][safepoint    ] Total time for which application threads were stopped: 0.0000472 seconds, Stopping threads took: 0.0000099 seconds
[2019-12-09T01:48:22.413+0000][1][safepoint    ] Application time: 0.0000423 seconds
[2019-12-09T01:48:22.420+0000][1][safepoint    ] Entering safepoint region: RevokeBias
[2019-12-09T01:48:22.420+0000][1][safepoint    ] Leaving safepoint region
[2019-12-09T01:48:22.420+0000][1][safepoint    ] Total time for which application threads were stopped: 0.0069099 seconds, Stopping threads took: 0.0068454 seconds
[2019-12-09T01:48:22.422+0000][1][safepoint    ] Application time: 0.0019726 seconds
[2019-12-09T01:48:22.422+0000][1][safepoint    ] Entering safepoint region: RevokeBias
[2019-12-09T01:48:22.422+0000][1][safepoint    ] Leaving safepoint region
[2019-12-09T01:48:22.422+0000][1][safepoint    ] Total time for which application threads were stopped: 0.0000580 seconds, Stopping threads took: 0.0000126 seconds
[2019-12-09T01:48:22.422+0000][1][safepoint    ] Application time: 0.0000625 seconds
[2019-12-09T01:48:22.422+0000][1][safepoint    ] Entering safepoint region: RevokeBias
[2019-12-09T01:48:22.423+0000][1][safepoint    ] Leaving safepoint region
[2019-12-09T01:48:22.423+0000][1][safepoint    ] Total time for which application threads were stopped: 0.0000465 seconds, Stopping threads took: 0.0000080 seconds
[2019-12-09T01:48:22.423+0000][1][safepoint    ] Application time: 0.0000662 seconds
[2019-12-09T01:48:22.423+0000][1][safepoint    ] Entering safepoint region: RevokeBias
[2019-12-09T01:48:22.423+0000][1][safepoint    ] Leaving safepoint region
[2019-12-09T01:48:22.423+0000][1][safepoint    ] Total time for which application threads were stopped: 0.0000407 seconds, Stopping threads took: 0.0000079 seconds
[2019-12-09T01:48:22.427+0000][1][safepoint    ] Application time: 0.0042394 seconds
[2019-12-09T01:48:22.427+0000][1][safepoint    ] Entering safepoint region: RevokeBias
[2019-12-09T01:48:22.427+0000][1][safepoint    ] Leaving safepoint region
[2019-12-09T01:48:22.427+0000][1][safepoint    ] Total time for which application threads were stopped: 0.0000623 seconds, Stopping threads took: 0.0000134 seconds
[2019-12-09T01:48:22.427+0000][1][safepoint    ] Application time: 0.0003784 seconds
[2019-12-09T01:48:22.427+0000][1][safepoint    ] Entering safepoint region: BulkRevokeBias
[2019-12-09T01:48:22.428+0000][1][safepoint    ] Leaving safepoint region
[2019-12-09T01:48:22.428+0000][1][safepoint    ] Total time for which application threads were stopped: 0.0003362 seconds, Stopping threads took: 0.0000117 seconds
[2019-12-09T01:48:22.478+0000][1][safepoint    ] Application time: 0.0500180 seconds
[2019-12-09T01:48:22.478+0000][1][safepoint    ] Entering safepoint region: RevokeBias
[2019-12-09T01:48:22.478+0000][1][safepoint    ] Leaving safepoint region
[2019-12-09T01:48:22.478+0000][1][safepoint    ] Total time for which application threads were stopped: 0.0001588 seconds, Stopping threads took: 0.0000723 seconds
[2019-12-09T01:48:22.515+0000][1][safepoint    ] Application time: 0.0367328 seconds
[2019-12-09T01:48:22.515+0000][1][safepoint    ] Entering safepoint region: RevokeBias
[2019-12-09T01:48:22.515+0000][1][safepoint    ] Leaving safepoint region
[2019-12-09T01:48:22.515+0000][1][safepoint    ] Total time for which application threads were stopped: 0.0001100 seconds, Stopping threads took: 0.0000200 seconds
[2019-12-09T01:48:22.517+0000][1][safepoint    ] Application time: 0.0018332 seconds
[2019-12-09T01:48:22.517+0000][1][safepoint    ] Entering safepoint region: RevokeBias
[2019-12-09T01:48:22.517+0000][1][safepoint    ] Leaving safepoint region
[2019-12-09T01:48:22.517+0000][1][safepoint    ] Total time for which application threads were stopped: 0.0001052 seconds, Stopping threads took: 0.0000203 seconds
[2019-12-09T01:48:22.523+0000][1][safepoint    ] Application time: 0.0057921 seconds
[2019-12-09T01:48:22.523+0000][1][safepoint    ] Entering safepoint region: RevokeBias
[2019-12-09T01:48:22.523+0000][1][safepoint    ] Leaving safepoint region
[2019-12-09T01:48:22.523+0000][1][safepoint    ] Total time for which application threads were stopped: 0.0000943 seconds, Stopping threads took: 0.0000147 seconds
[2019-12-09T01:48:22.524+0000][1][safepoint    ] Application time: 0.0017080 seconds
[2019-12-09T01:48:22.525+0000][1][safepoint    ] Entering safepoint region: RevokeBias
[2019-12-09T01:48:22.525+0000][1][safepoint    ] Leaving safepoint region
[2019-12-09T01:48:22.525+0000][1][safepoint    ] Total time for which application threads were stopped: 0.0003538 seconds, Stopping threads took: 0.0003159 seconds
[2019-12-09T01:48:22.533+0000][1][safepoint    ] Application time: 0.0080058 seconds
[2019-12-09T01:48:22.533+0000][1][safepoint    ] Entering safepoint region: RevokeBias
[2019-12-09T01:48:22.533+0000][1][safepoint    ] Leaving safepoint region
[2019-12-09T01:48:22.533+0000][1][safepoint    ] Total time for which application threads were stopped: 0.0001005 seconds, Stopping threads took: 0.0000720 seconds
[2019-12-09T01:48:22.545+0000][1][safepoint    ] Application time: 0.0117458 seconds
[2019-12-09T01:48:22.545+0000][1][safepoint    ] Entering safepoint region: RevokeBias
[2019-12-09T01:48:22.545+0000][1][safepoint    ] Leaving safepoint region
[2019-12-09T01:48:22.545+0000][1][safepoint    ] Total time for which application threads were stopped: 0.0000509 seconds, Stopping threads took: 0.0000099 seconds
[2019-12-09T01:48:22.550+0000][1][gc,heap,exit ] Heap
[2019-12-09T01:48:22.550+0000][1][gc,heap,exit ]  par new generation   total 78656K, used 24808K [0x00000000f0000000, 0x00000000f5550000, 0x00000000f5550000)
[2019-12-09T01:48:22.550+0000][1][gc,heap,exit ]   eden space 69952K,  31% used [0x00000000f0000000, 0x00000000f1577e50, 0x00000000f4450000)
[2019-12-09T01:48:22.550+0000][1][gc,heap,exit ]   from space 8704K,  32% used [0x00000000f4450000, 0x00000000f4712350, 0x00000000f4cd0000)
[2019-12-09T01:48:22.550+0000][1][gc,heap,exit ]   to   space 8704K,   0% used [0x00000000f4cd0000, 0x00000000f4cd0000, 0x00000000f5550000)
[2019-12-09T01:48:22.550+0000][1][gc,heap,exit ]  concurrent mark-sweep generation total 174784K, used 67916K [0x00000000f5550000, 0x0000000100000000, 0x0000000100000000)
[2019-12-09T01:48:22.550+0000][1][gc,heap,exit ]  Metaspace       used 69202K, capacity 74425K, committed 74540K, reserved 1112064K
[2019-12-09T01:48:22.550+0000][1][gc,heap,exit ]   class space    used 9351K, capacity 11558K, committed 11580K, reserved 1048576K
[2019-12-09T01:48:22.550+0000][1][safepoint    ] Application time: 0.0055888 seconds
[2019-12-09T01:48:22.550+0000][1][safepoint    ] Entering safepoint region: Exit
