[2019-12-09T03:21:55.558+0000][1][gc] Using Concurrent Mark Sweep
[2019-12-09T03:21:55.558+0000][1][gc,heap,coops] Heap address: 0x00000000f0000000, size: 256 MB, Compressed Oops mode: 32-bit
[2019-12-09T03:21:55.943+0000][1][safepoint    ] Entering safepoint region: EnableBiasedLocking
[2019-12-09T03:21:55.943+0000][1][safepoint    ] Leaving safepoint region
[2019-12-09T03:21:55.943+0000][1][safepoint    ] Total time for which application threads were stopped: 0.0149948 seconds, Stopping threads took: 0.0148991 seconds
[2019-12-09T03:21:55.959+0000][1][safepoint    ] Application time: 0.0146530 seconds
[2019-12-09T03:21:55.959+0000][1][safepoint    ] Entering safepoint region: RevokeBias
[2019-12-09T03:21:55.960+0000][1][safepoint    ] Leaving safepoint region
[2019-12-09T03:21:55.960+0000][1][safepoint    ] Total time for which application threads were stopped: 0.0000836 seconds, Stopping threads took: 0.0000104 seconds
[2019-12-09T03:21:56.054+0000][1][safepoint    ] Application time: 0.0946021 seconds
[2019-12-09T03:21:56.054+0000][1][safepoint    ] Entering safepoint region: Deoptimize
[2019-12-09T03:21:56.054+0000][1][safepoint    ] Leaving safepoint region
[2019-12-09T03:21:56.054+0000][1][safepoint    ] Total time for which application threads were stopped: 0.0000569 seconds, Stopping threads took: 0.0000101 seconds
[2019-12-09T03:21:57.079+0000][1][safepoint    ] Application time: 1.0244691 seconds
[2019-12-09T03:21:57.079+0000][1][safepoint    ] Entering safepoint region: Cleanup
[2019-12-09T03:21:57.079+0000][1][safepoint    ] Leaving safepoint region
[2019-12-09T03:21:57.079+0000][1][safepoint    ] Total time for which application threads were stopped: 0.0002621 seconds, Stopping threads took: 0.0002217 seconds
[2019-12-09T03:21:57.110+0000][1][safepoint    ] Application time: 0.0311710 seconds
[2019-12-09T03:21:57.110+0000][1][safepoint    ] Entering safepoint region: Deoptimize
[2019-12-09T03:21:57.110+0000][1][safepoint    ] Leaving safepoint region
[2019-12-09T03:21:57.110+0000][1][safepoint    ] Total time for which application threads were stopped: 0.0001191 seconds, Stopping threads took: 0.0000517 seconds
[2019-12-09T03:21:58.115+0000][1][safepoint    ] Application time: 1.0043723 seconds
[2019-12-09T03:21:58.162+0000][1][safepoint    ] Entering safepoint region: Cleanup
[2019-12-09T03:21:58.162+0000][1][safepoint    ] Leaving safepoint region
[2019-12-09T03:21:58.162+0000][1][safepoint    ] Total time for which application threads were stopped: 0.0470879 seconds, Stopping threads took: 0.0470224 seconds
[2019-12-09T03:21:59.167+0000][1][safepoint    ] Application time: 1.0047638 seconds
[2019-12-09T03:21:59.168+0000][1][safepoint    ] Entering safepoint region: Cleanup
[2019-12-09T03:21:59.168+0000][1][safepoint    ] Leaving safepoint region
[2019-12-09T03:21:59.168+0000][1][safepoint    ] Total time for which application threads were stopped: 0.0017474 seconds, Stopping threads took: 0.0016904 seconds
[2019-12-09T03:21:59.694+0000][1][safepoint    ] Application time: 0.5259066 seconds
[2019-12-09T03:21:59.694+0000][1][safepoint    ] Entering safepoint region: Deoptimize
[2019-12-09T03:21:59.695+0000][1][safepoint    ] Leaving safepoint region
[2019-12-09T03:21:59.695+0000][1][safepoint    ] Total time for which application threads were stopped: 0.0001708 seconds, Stopping threads took: 0.0000113 seconds
[2019-12-09T03:21:59.898+0000][1][safepoint    ] Application time: 0.2038691 seconds
[2019-12-09T03:21:59.898+0000][1][safepoint    ] Entering safepoint region: Deoptimize
[2019-12-09T03:21:59.899+0000][1][safepoint    ] Leaving safepoint region
[2019-12-09T03:21:59.899+0000][1][safepoint    ] Total time for which application threads were stopped: 0.0001620 seconds, Stopping threads took: 0.0000122 seconds
[2019-12-09T03:22:00.018+0000][1][safepoint    ] Application time: 0.1191656 seconds
[2019-12-09T03:22:00.018+0000][1][safepoint    ] Entering safepoint region: Deoptimize
[2019-12-09T03:22:00.018+0000][1][safepoint    ] Leaving safepoint region
[2019-12-09T03:22:00.018+0000][1][safepoint    ] Total time for which application threads were stopped: 0.0001606 seconds, Stopping threads took: 0.0000115 seconds
[2019-12-09T03:22:01.022+0000][1][safepoint    ] Application time: 1.0037505 seconds
[2019-12-09T03:22:01.034+0000][1][safepoint    ] Entering safepoint region: Cleanup
[2019-12-09T03:22:01.034+0000][1][safepoint    ] Leaving safepoint region
[2019-12-09T03:22:01.034+0000][1][safepoint    ] Total time for which application threads were stopped: 0.0120299 seconds, Stopping threads took: 0.0119715 seconds
[2019-12-09T03:22:02.042+0000][1][safepoint    ] Application time: 1.0079106 seconds
[2019-12-09T03:22:02.055+0000][1][safepoint    ] Entering safepoint region: Cleanup
[2019-12-09T03:22:02.055+0000][1][safepoint    ] Leaving safepoint region
[2019-12-09T03:22:02.055+0000][1][safepoint    ] Total time for which application threads were stopped: 0.0130625 seconds, Stopping threads took: 0.0129991 seconds
[2019-12-09T03:22:03.057+0000][1][safepoint    ] Application time: 1.0018844 seconds
[2019-12-09T03:22:03.058+0000][1][safepoint    ] Entering safepoint region: Cleanup
[2019-12-09T03:22:03.058+0000][1][safepoint    ] Leaving safepoint region
[2019-12-09T03:22:03.058+0000][1][safepoint    ] Total time for which application threads were stopped: 0.0010278 seconds, Stopping threads took: 0.0009818 seconds
[2019-12-09T03:22:04.053+0000][1][safepoint    ] Application time: 0.9949261 seconds
[2019-12-09T03:22:04.053+0000][1][safepoint    ] Entering safepoint region: Deoptimize
[2019-12-09T03:22:04.053+0000][1][safepoint    ] Leaving safepoint region
[2019-12-09T03:22:04.053+0000][1][safepoint    ] Total time for which application threads were stopped: 0.0002123 seconds, Stopping threads took: 0.0000106 seconds
[2019-12-09T03:22:05.062+0000][1][safepoint    ] Application time: 1.0087433 seconds
[2019-12-09T03:22:05.062+0000][1][safepoint    ] Entering safepoint region: Cleanup
[2019-12-09T03:22:05.062+0000][1][safepoint    ] Leaving safepoint region
[2019-12-09T03:22:05.062+0000][1][safepoint    ] Total time for which application threads were stopped: 0.0000598 seconds, Stopping threads took: 0.0000145 seconds
[2019-12-09T03:22:06.066+0000][1][safepoint    ] Application time: 1.0039042 seconds
[2019-12-09T03:22:06.078+0000][1][safepoint    ] Entering safepoint region: Cleanup
[2019-12-09T03:22:06.078+0000][1][safepoint    ] Leaving safepoint region
[2019-12-09T03:22:06.078+0000][1][safepoint    ] Total time for which application threads were stopped: 0.0120718 seconds, Stopping threads took: 0.0120140 seconds
[2019-12-09T03:22:06.357+0000][1][safepoint    ] Application time: 0.2793145 seconds
[2019-12-09T03:22:06.357+0000][1][safepoint    ] Entering safepoint region: Deoptimize
[2019-12-09T03:22:06.357+0000][1][safepoint    ] Leaving safepoint region
[2019-12-09T03:22:06.357+0000][1][safepoint    ] Total time for which application threads were stopped: 0.0002648 seconds, Stopping threads took: 0.0000118 seconds
[2019-12-09T03:22:07.360+0000][1][safepoint    ] Application time: 1.0028213 seconds
[2019-12-09T03:22:07.360+0000][1][safepoint    ] Entering safepoint region: Cleanup
[2019-12-09T03:22:07.360+0000][1][safepoint    ] Leaving safepoint region
[2019-12-09T03:22:07.360+0000][1][safepoint    ] Total time for which application threads were stopped: 0.0001171 seconds, Stopping threads took: 0.0000544 seconds
[2019-12-09T03:22:07.512+0000][1][safepoint    ] Application time: 0.1512591 seconds
[2019-12-09T03:22:07.512+0000][1][safepoint    ] Entering safepoint region: Deoptimize
[2019-12-09T03:22:07.512+0000][1][safepoint    ] Leaving safepoint region
[2019-12-09T03:22:07.512+0000][1][safepoint    ] Total time for which application threads were stopped: 0.0002572 seconds, Stopping threads took: 0.0000117 seconds
[2019-12-09T03:22:07.512+0000][1][safepoint    ] Application time: 0.0001540 seconds
[2019-12-09T03:22:07.512+0000][1][safepoint    ] Entering safepoint region: Deoptimize
[2019-12-09T03:22:07.512+0000][1][safepoint    ] Leaving safepoint region
[2019-12-09T03:22:07.512+0000][1][safepoint    ] Total time for which application threads were stopped: 0.0001959 seconds, Stopping threads took: 0.0000086 seconds
[2019-12-09T03:22:07.760+0000][1][safepoint    ] Application time: 0.2480072 seconds
[2019-12-09T03:22:07.760+0000][1][safepoint    ] Entering safepoint region: Deoptimize
[2019-12-09T03:22:07.761+0000][1][safepoint    ] Leaving safepoint region
[2019-12-09T03:22:07.761+0000][1][safepoint    ] Total time for which application threads were stopped: 0.0002777 seconds, Stopping threads took: 0.0000132 seconds
[2019-12-09T03:22:07.812+0000][1][safepoint    ] Application time: 0.0513201 seconds
[2019-12-09T03:22:07.864+0000][1][safepoint    ] Entering safepoint region: RevokeBias
[2019-12-09T03:22:07.864+0000][1][safepoint    ] Leaving safepoint region
[2019-12-09T03:22:07.864+0000][1][safepoint    ] Total time for which application threads were stopped: 0.0517258 seconds, Stopping threads took: 0.0516143 seconds
[2019-12-09T03:22:07.864+0000][1][safepoint    ] Application time: 0.0002690 seconds
[2019-12-09T03:22:07.864+0000][1][safepoint    ] Entering safepoint region: RevokeBias
[2019-12-09T03:22:07.864+0000][1][safepoint    ] Leaving safepoint region
[2019-12-09T03:22:07.864+0000][1][safepoint    ] Total time for which application threads were stopped: 0.0000757 seconds, Stopping threads took: 0.0000102 seconds
[2019-12-09T03:22:07.864+0000][1][safepoint    ] Application time: 0.0000486 seconds
[2019-12-09T03:22:07.864+0000][1][safepoint    ] Entering safepoint region: RevokeBias
[2019-12-09T03:22:07.864+0000][1][safepoint    ] Leaving safepoint region
[2019-12-09T03:22:07.864+0000][1][safepoint    ] Total time for which application threads were stopped: 0.0000533 seconds, Stopping threads took: 0.0000070 seconds
[2019-12-09T03:22:07.864+0000][1][safepoint    ] Application time: 0.0000678 seconds
[2019-12-09T03:22:07.864+0000][1][safepoint    ] Entering safepoint region: RevokeBias
[2019-12-09T03:22:07.864+0000][1][safepoint    ] Leaving safepoint region
[2019-12-09T03:22:07.864+0000][1][safepoint    ] Total time for which application threads were stopped: 0.0000533 seconds, Stopping threads took: 0.0000068 seconds
[2019-12-09T03:22:07.865+0000][1][safepoint    ] Application time: 0.0001584 seconds
[2019-12-09T03:22:07.865+0000][1][safepoint    ] Entering safepoint region: RevokeBias
[2019-12-09T03:22:07.865+0000][1][safepoint    ] Leaving safepoint region
[2019-12-09T03:22:07.865+0000][1][safepoint    ] Total time for which application threads were stopped: 0.0000612 seconds, Stopping threads took: 0.0000076 seconds
[2019-12-09T03:22:08.868+0000][1][safepoint    ] Application time: 1.0030486 seconds
[2019-12-09T03:22:08.929+0000][1][safepoint    ] Entering safepoint region: Cleanup
[2019-12-09T03:22:08.929+0000][1][safepoint    ] Leaving safepoint region
[2019-12-09T03:22:08.929+0000][1][safepoint    ] Total time for which application threads were stopped: 0.0610885 seconds, Stopping threads took: 0.0610160 seconds
[2019-12-09T03:22:09.066+0000][1][safepoint    ] Application time: 0.1366995 seconds
[2019-12-09T03:22:09.066+0000][1][safepoint    ] Entering safepoint region: GenCollectForAllocation
[2019-12-09T03:22:09.066+0000][1][gc,start     ] GC(0) Pause Young (Allocation Failure)
[2019-12-09T03:22:09.066+0000][1][gc,task      ] GC(0) Using 2 workers of 2 for evacuation
[2019-12-09T03:22:09.182+0000][1][gc,age       ] GC(0) Desired survivor size 4456448 bytes, new threshold 1 (max threshold 6)
[2019-12-09T03:22:09.182+0000][1][gc,age       ] GC(0) Age table with threshold 1 (max threshold 6)
[2019-12-09T03:22:09.182+0000][1][gc,age       ] GC(0) - age   1:    6512088 bytes,    6512088 total
[2019-12-09T03:22:09.182+0000][1][gc,heap      ] GC(0) ParNew: 69952K->6407K(78656K)
[2019-12-09T03:22:09.182+0000][1][gc,heap      ] GC(0) CMS: 0K->0K(174784K)
[2019-12-09T03:22:09.182+0000][1][gc,metaspace ] GC(0) Metaspace: 12814K->12814K(1060864K)
[2019-12-09T03:22:09.183+0000][1][gc           ] GC(0) Pause Young (Allocation Failure) 68M->6M(247M) 116.854ms
[2019-12-09T03:22:09.183+0000][1][gc,cpu       ] GC(0) User=0.02s Sys=0.00s Real=0.11s
[2019-12-09T03:22:09.183+0000][1][safepoint    ] Leaving safepoint region
[2019-12-09T03:22:09.183+0000][1][safepoint    ] Total time for which application threads were stopped: 0.1169975 seconds, Stopping threads took: 0.0000128 seconds
[2019-12-09T03:22:09.183+0000][1][safepoint    ] Application time: 0.0009033 seconds
[2019-12-09T03:22:09.184+0000][1][safepoint    ] Entering safepoint region: RevokeBias
[2019-12-09T03:22:09.184+0000][1][safepoint    ] Leaving safepoint region
[2019-12-09T03:22:09.184+0000][1][safepoint    ] Total time for which application threads were stopped: 0.0000635 seconds, Stopping threads took: 0.0000115 seconds
[2019-12-09T03:22:09.184+0000][1][safepoint    ] Application time: 0.0000541 seconds
[2019-12-09T03:22:09.184+0000][1][safepoint    ] Entering safepoint region: RevokeBias
[2019-12-09T03:22:09.184+0000][1][safepoint    ] Leaving safepoint region
[2019-12-09T03:22:09.184+0000][1][safepoint    ] Total time for which application threads were stopped: 0.0000526 seconds, Stopping threads took: 0.0000081 seconds
[2019-12-09T03:22:09.184+0000][1][safepoint    ] Application time: 0.0000584 seconds
[2019-12-09T03:22:09.184+0000][1][safepoint    ] Entering safepoint region: RevokeBias
[2019-12-09T03:22:09.184+0000][1][safepoint    ] Leaving safepoint region
[2019-12-09T03:22:09.184+0000][1][safepoint    ] Total time for which application threads were stopped: 0.0000349 seconds, Stopping threads took: 0.0000081 seconds
[2019-12-09T03:22:09.184+0000][1][safepoint    ] Application time: 0.0000503 seconds
[2019-12-09T03:22:09.184+0000][1][safepoint    ] Entering safepoint region: RevokeBias
[2019-12-09T03:22:09.184+0000][1][safepoint    ] Leaving safepoint region
[2019-12-09T03:22:09.184+0000][1][safepoint    ] Total time for which application threads were stopped: 0.0000323 seconds, Stopping threads took: 0.0000082 seconds
[2019-12-09T03:22:09.184+0000][1][safepoint    ] Application time: 0.0000532 seconds
[2019-12-09T03:22:09.184+0000][1][safepoint    ] Entering safepoint region: RevokeBias
[2019-12-09T03:22:09.184+0000][1][safepoint    ] Leaving safepoint region
[2019-12-09T03:22:09.184+0000][1][safepoint    ] Total time for which application threads were stopped: 0.0000320 seconds, Stopping threads took: 0.0000081 seconds
[2019-12-09T03:22:09.184+0000][1][safepoint    ] Application time: 0.0000504 seconds
[2019-12-09T03:22:09.184+0000][1][safepoint    ] Entering safepoint region: RevokeBias
[2019-12-09T03:22:09.184+0000][1][safepoint    ] Leaving safepoint region
[2019-12-09T03:22:09.184+0000][1][safepoint    ] Total time for which application threads were stopped: 0.0000317 seconds, Stopping threads took: 0.0000077 seconds
[2019-12-09T03:22:09.184+0000][1][safepoint    ] Application time: 0.0000571 seconds
[2019-12-09T03:22:09.184+0000][1][safepoint    ] Entering safepoint region: RevokeBias
[2019-12-09T03:22:09.184+0000][1][safepoint    ] Leaving safepoint region
[2019-12-09T03:22:09.184+0000][1][safepoint    ] Total time for which application threads were stopped: 0.0000354 seconds, Stopping threads took: 0.0000080 seconds
[2019-12-09T03:22:09.184+0000][1][safepoint    ] Application time: 0.0000536 seconds
[2019-12-09T03:22:09.184+0000][1][safepoint    ] Entering safepoint region: RevokeBias
[2019-12-09T03:22:09.184+0000][1][safepoint    ] Leaving safepoint region
[2019-12-09T03:22:09.184+0000][1][safepoint    ] Total time for which application threads were stopped: 0.0000344 seconds, Stopping threads took: 0.0000082 seconds
[2019-12-09T03:22:09.184+0000][1][safepoint    ] Application time: 0.0000582 seconds
[2019-12-09T03:22:09.184+0000][1][safepoint    ] Entering safepoint region: RevokeBias
[2019-12-09T03:22:09.184+0000][1][safepoint    ] Leaving safepoint region
[2019-12-09T03:22:09.184+0000][1][safepoint    ] Total time for which application threads were stopped: 0.0000347 seconds, Stopping threads took: 0.0000080 seconds
[2019-12-09T03:22:09.184+0000][1][safepoint    ] Application time: 0.0000509 seconds
[2019-12-09T03:22:09.184+0000][1][safepoint    ] Entering safepoint region: RevokeBias
[2019-12-09T03:22:09.185+0000][1][safepoint    ] Leaving safepoint region
[2019-12-09T03:22:09.185+0000][1][safepoint    ] Total time for which application threads were stopped: 0.0000404 seconds, Stopping threads took: 0.0000151 seconds
[2019-12-09T03:22:09.185+0000][1][safepoint    ] Application time: 0.0000583 seconds
[2019-12-09T03:22:09.185+0000][1][safepoint    ] Entering safepoint region: RevokeBias
[2019-12-09T03:22:09.185+0000][1][safepoint    ] Leaving safepoint region
[2019-12-09T03:22:09.185+0000][1][safepoint    ] Total time for which application threads were stopped: 0.0000341 seconds, Stopping threads took: 0.0000080 seconds
[2019-12-09T03:22:09.185+0000][1][safepoint    ] Application time: 0.0000667 seconds
[2019-12-09T03:22:09.185+0000][1][safepoint    ] Entering safepoint region: RevokeBias
[2019-12-09T03:22:09.185+0000][1][safepoint    ] Leaving safepoint region
[2019-12-09T03:22:09.185+0000][1][safepoint    ] Total time for which application threads were stopped: 0.0000366 seconds, Stopping threads took: 0.0000086 seconds
[2019-12-09T03:22:09.185+0000][1][safepoint    ] Application time: 0.0000588 seconds
[2019-12-09T03:22:09.185+0000][1][safepoint    ] Entering safepoint region: RevokeBias
[2019-12-09T03:22:09.185+0000][1][safepoint    ] Leaving safepoint region
[2019-12-09T03:22:09.185+0000][1][safepoint    ] Total time for which application threads were stopped: 0.0000308 seconds, Stopping threads took: 0.0000073 seconds
[2019-12-09T03:22:09.185+0000][1][safepoint    ] Application time: 0.0000504 seconds
[2019-12-09T03:22:09.185+0000][1][safepoint    ] Entering safepoint region: RevokeBias
[2019-12-09T03:22:09.185+0000][1][safepoint    ] Leaving safepoint region
[2019-12-09T03:22:09.185+0000][1][safepoint    ] Total time for which application threads were stopped: 0.0000313 seconds, Stopping threads took: 0.0000083 seconds
[2019-12-09T03:22:09.185+0000][1][safepoint    ] Application time: 0.0000551 seconds
[2019-12-09T03:22:09.185+0000][1][safepoint    ] Entering safepoint region: RevokeBias
[2019-12-09T03:22:09.185+0000][1][safepoint    ] Leaving safepoint region
[2019-12-09T03:22:09.185+0000][1][safepoint    ] Total time for which application threads were stopped: 0.0000305 seconds, Stopping threads took: 0.0000072 seconds
[2019-12-09T03:22:09.185+0000][1][safepoint    ] Application time: 0.0000505 seconds
[2019-12-09T03:22:09.185+0000][1][safepoint    ] Entering safepoint region: RevokeBias
[2019-12-09T03:22:09.185+0000][1][safepoint    ] Leaving safepoint region
[2019-12-09T03:22:09.185+0000][1][safepoint    ] Total time for which application threads were stopped: 0.0000314 seconds, Stopping threads took: 0.0000082 seconds
[2019-12-09T03:22:09.185+0000][1][safepoint    ] Application time: 0.0000645 seconds
[2019-12-09T03:22:09.185+0000][1][safepoint    ] Entering safepoint region: RevokeBias
[2019-12-09T03:22:09.185+0000][1][safepoint    ] Leaving safepoint region
[2019-12-09T03:22:09.185+0000][1][safepoint    ] Total time for which application threads were stopped: 0.0000356 seconds, Stopping threads took: 0.0000082 seconds
[2019-12-09T03:22:09.185+0000][1][safepoint    ] Application time: 0.0000522 seconds
[2019-12-09T03:22:09.185+0000][1][safepoint    ] Entering safepoint region: RevokeBias
[2019-12-09T03:22:09.185+0000][1][safepoint    ] Leaving safepoint region
[2019-12-09T03:22:09.185+0000][1][safepoint    ] Total time for which application threads were stopped: 0.0000315 seconds, Stopping threads took: 0.0000082 seconds
[2019-12-09T03:22:09.185+0000][1][safepoint    ] Application time: 0.0000815 seconds
[2019-12-09T03:22:09.185+0000][1][safepoint    ] Entering safepoint region: RevokeBias
[2019-12-09T03:22:09.186+0000][1][safepoint    ] Leaving safepoint region
[2019-12-09T03:22:09.186+0000][1][safepoint    ] Total time for which application threads were stopped: 0.0000321 seconds, Stopping threads took: 0.0000079 seconds
[2019-12-09T03:22:09.186+0000][1][safepoint    ] Application time: 0.0000501 seconds
[2019-12-09T03:22:09.186+0000][1][safepoint    ] Entering safepoint region: RevokeBias
[2019-12-09T03:22:09.186+0000][1][safepoint    ] Leaving safepoint region
[2019-12-09T03:22:09.186+0000][1][safepoint    ] Total time for which application threads were stopped: 0.0000367 seconds, Stopping threads took: 0.0000131 seconds
[2019-12-09T03:22:09.186+0000][1][safepoint    ] Application time: 0.0000675 seconds
[2019-12-09T03:22:09.186+0000][1][safepoint    ] Entering safepoint region: RevokeBias
[2019-12-09T03:22:09.186+0000][1][safepoint    ] Leaving safepoint region
[2019-12-09T03:22:09.186+0000][1][safepoint    ] Total time for which application threads were stopped: 0.0000335 seconds, Stopping threads took: 0.0000078 seconds
[2019-12-09T03:22:09.186+0000][1][safepoint    ] Application time: 0.0000512 seconds
[2019-12-09T03:22:09.186+0000][1][safepoint    ] Entering safepoint region: RevokeBias
[2019-12-09T03:22:09.186+0000][1][safepoint    ] Leaving safepoint region
[2019-12-09T03:22:09.186+0000][1][safepoint    ] Total time for which application threads were stopped: 0.0000312 seconds, Stopping threads took: 0.0000079 seconds
[2019-12-09T03:22:09.186+0000][1][safepoint    ] Application time: 0.0000536 seconds
[2019-12-09T03:22:09.186+0000][1][safepoint    ] Entering safepoint region: RevokeBias
[2019-12-09T03:22:09.186+0000][1][safepoint    ] Leaving safepoint region
[2019-12-09T03:22:09.186+0000][1][safepoint    ] Total time for which application threads were stopped: 0.0000337 seconds, Stopping threads took: 0.0000080 seconds
[2019-12-09T03:22:09.186+0000][1][safepoint    ] Application time: 0.0000565 seconds
[2019-12-09T03:22:09.186+0000][1][safepoint    ] Entering safepoint region: RevokeBias
[2019-12-09T03:22:09.186+0000][1][safepoint    ] Leaving safepoint region
[2019-12-09T03:22:09.186+0000][1][safepoint    ] Total time for which application threads were stopped: 0.0000275 seconds, Stopping threads took: 0.0000071 seconds
[2019-12-09T03:22:09.186+0000][1][safepoint    ] Application time: 0.0000657 seconds
[2019-12-09T03:22:09.186+0000][1][safepoint    ] Entering safepoint region: RevokeBias
[2019-12-09T03:22:09.186+0000][1][safepoint    ] Leaving safepoint region
[2019-12-09T03:22:09.186+0000][1][safepoint    ] Total time for which application threads were stopped: 0.0000316 seconds, Stopping threads took: 0.0000066 seconds
[2019-12-09T03:22:09.186+0000][1][safepoint    ] Application time: 0.0000444 seconds
[2019-12-09T03:22:09.186+0000][1][safepoint    ] Entering safepoint region: RevokeBias
[2019-12-09T03:22:09.186+0000][1][safepoint    ] Leaving safepoint region
[2019-12-09T03:22:09.186+0000][1][safepoint    ] Total time for which application threads were stopped: 0.0000261 seconds, Stopping threads took: 0.0000064 seconds
[2019-12-09T03:22:09.187+0000][1][safepoint    ] Application time: 0.0003197 seconds
[2019-12-09T03:22:09.187+0000][1][safepoint    ] Entering safepoint region: RevokeBias
[2019-12-09T03:22:09.187+0000][1][safepoint    ] Leaving safepoint region
[2019-12-09T03:22:09.187+0000][1][safepoint    ] Total time for which application threads were stopped: 0.0000586 seconds, Stopping threads took: 0.0000095 seconds
[2019-12-09T03:22:09.187+0000][1][safepoint    ] Application time: 0.0000735 seconds
[2019-12-09T03:22:09.187+0000][1][safepoint    ] Entering safepoint region: RevokeBias
[2019-12-09T03:22:09.187+0000][1][safepoint    ] Leaving safepoint region
[2019-12-09T03:22:09.187+0000][1][safepoint    ] Total time for which application threads were stopped: 0.0000376 seconds, Stopping threads took: 0.0000081 seconds
[2019-12-09T03:22:09.187+0000][1][safepoint    ] Application time: 0.0000694 seconds
[2019-12-09T03:22:09.187+0000][1][safepoint    ] Entering safepoint region: RevokeBias
[2019-12-09T03:22:09.187+0000][1][safepoint    ] Leaving safepoint region
[2019-12-09T03:22:09.187+0000][1][safepoint    ] Total time for which application threads were stopped: 0.0000379 seconds, Stopping threads took: 0.0000086 seconds
[2019-12-09T03:22:09.187+0000][1][safepoint    ] Application time: 0.0000535 seconds
[2019-12-09T03:22:09.187+0000][1][safepoint    ] Entering safepoint region: RevokeBias
[2019-12-09T03:22:09.187+0000][1][safepoint    ] Leaving safepoint region
[2019-12-09T03:22:09.187+0000][1][safepoint    ] Total time for which application threads were stopped: 0.0000401 seconds, Stopping threads took: 0.0000143 seconds
[2019-12-09T03:22:09.195+0000][1][safepoint    ] Application time: 0.0077011 seconds
[2019-12-09T03:22:09.195+0000][1][safepoint    ] Entering safepoint region: RevokeBias
[2019-12-09T03:22:09.195+0000][1][safepoint    ] Leaving safepoint region
[2019-12-09T03:22:09.195+0000][1][safepoint    ] Total time for which application threads were stopped: 0.0000998 seconds, Stopping threads took: 0.0000611 seconds
[2019-12-09T03:22:10.269+0000][1][safepoint    ] Application time: 1.0738691 seconds
[2019-12-09T03:22:10.381+0000][1][safepoint    ] Entering safepoint region: Cleanup
[2019-12-09T03:22:10.381+0000][1][safepoint    ] Leaving safepoint region
[2019-12-09T03:22:10.381+0000][1][safepoint    ] Total time for which application threads were stopped: 0.1120888 seconds, Stopping threads took: 0.1119977 seconds
[2019-12-09T03:22:11.199+0000][1][safepoint    ] Application time: 0.8178689 seconds
[2019-12-09T03:22:11.199+0000][1][safepoint    ] Entering safepoint region: Deoptimize
[2019-12-09T03:22:11.199+0000][1][safepoint    ] Leaving safepoint region
[2019-12-09T03:22:11.199+0000][1][safepoint    ] Total time for which application threads were stopped: 0.0003982 seconds, Stopping threads took: 0.0000134 seconds
[2019-12-09T03:22:12.211+0000][1][safepoint    ] Application time: 1.0115493 seconds
[2019-12-09T03:22:12.217+0000][1][safepoint    ] Entering safepoint region: Cleanup
[2019-12-09T03:22:12.217+0000][1][safepoint    ] Leaving safepoint region
[2019-12-09T03:22:12.217+0000][1][safepoint    ] Total time for which application threads were stopped: 0.0062166 seconds, Stopping threads took: 0.0061449 seconds
[2019-12-09T03:22:12.254+0000][1][safepoint    ] Application time: 0.0370002 seconds
[2019-12-09T03:22:12.254+0000][1][safepoint    ] Entering safepoint region: RevokeBias
[2019-12-09T03:22:12.254+0000][1][safepoint    ] Leaving safepoint region
[2019-12-09T03:22:12.254+0000][1][safepoint    ] Total time for which application threads were stopped: 0.0000754 seconds, Stopping threads took: 0.0000128 seconds
[2019-12-09T03:22:13.255+0000][1][safepoint    ] Application time: 1.0006239 seconds
[2019-12-09T03:22:13.323+0000][1][safepoint    ] Entering safepoint region: Cleanup
[2019-12-09T03:22:13.323+0000][1][safepoint    ] Leaving safepoint region
[2019-12-09T03:22:13.323+0000][1][safepoint    ] Total time for which application threads were stopped: 0.0680958 seconds, Stopping threads took: 0.0680248 seconds
[2019-12-09T03:22:13.871+0000][1][safepoint    ] Application time: 0.5482902 seconds
[2019-12-09T03:22:13.871+0000][1][safepoint    ] Entering safepoint region: GenCollectForAllocation
[2019-12-09T03:22:13.871+0000][1][gc,start     ] GC(1) Pause Young (Allocation Failure)
[2019-12-09T03:22:13.871+0000][1][gc,task      ] GC(1) Using 2 workers of 2 for evacuation
[2019-12-09T03:22:14.199+0000][1][gc,age       ] GC(1) Desired survivor size 4456448 bytes, new threshold 6 (max threshold 6)
[2019-12-09T03:22:14.199+0000][1][gc,age       ] GC(1) Age table with threshold 6 (max threshold 6)
[2019-12-09T03:22:14.199+0000][1][gc,age       ] GC(1) - age   1:    1354248 bytes,    1354248 total
[2019-12-09T03:22:14.199+0000][1][gc,heap      ] GC(1) ParNew: 76359K->4120K(78656K)
[2019-12-09T03:22:14.199+0000][1][gc,heap      ] GC(1) CMS: 0K->6838K(174784K)
[2019-12-09T03:22:14.199+0000][1][gc,metaspace ] GC(1) Metaspace: 14920K->14920K(1062912K)
[2019-12-09T03:22:14.199+0000][1][gc           ] GC(1) Pause Young (Allocation Failure) 74M->10M(247M) 327.585ms
[2019-12-09T03:22:14.199+0000][1][gc,cpu       ] GC(1) User=0.08s Sys=0.00s Real=0.33s
[2019-12-09T03:22:14.199+0000][1][safepoint    ] Leaving safepoint region
[2019-12-09T03:22:14.199+0000][1][safepoint    ] Total time for which application threads were stopped: 0.3277479 seconds, Stopping threads took: 0.0000142 seconds
[2019-12-09T03:22:14.206+0000][1][safepoint    ] Application time: 0.0069596 seconds
[2019-12-09T03:22:14.206+0000][1][safepoint    ] Entering safepoint region: BulkRevokeBias
[2019-12-09T03:22:14.206+0000][1][safepoint    ] Leaving safepoint region
[2019-12-09T03:22:14.206+0000][1][safepoint    ] Total time for which application threads were stopped: 0.0001180 seconds, Stopping threads took: 0.0000122 seconds
[2019-12-09T03:22:14.206+0000][1][safepoint    ] Application time: 0.0001086 seconds
[2019-12-09T03:22:14.206+0000][1][safepoint    ] Entering safepoint region: RevokeBias
[2019-12-09T03:22:14.206+0000][1][safepoint    ] Leaving safepoint region
[2019-12-09T03:22:14.206+0000][1][safepoint    ] Total time for which application threads were stopped: 0.0000371 seconds, Stopping threads took: 0.0000082 seconds
[2019-12-09T03:22:14.206+0000][1][safepoint    ] Application time: 0.0000665 seconds
[2019-12-09T03:22:14.206+0000][1][safepoint    ] Entering safepoint region: RevokeBias
[2019-12-09T03:22:14.206+0000][1][safepoint    ] Leaving safepoint region
[2019-12-09T03:22:14.206+0000][1][safepoint    ] Total time for which application threads were stopped: 0.0000360 seconds, Stopping threads took: 0.0000079 seconds
[2019-12-09T03:22:14.206+0000][1][safepoint    ] Application time: 0.0000459 seconds
[2019-12-09T03:22:14.206+0000][1][safepoint    ] Entering safepoint region: RevokeBias
[2019-12-09T03:22:14.206+0000][1][safepoint    ] Leaving safepoint region
[2019-12-09T03:22:14.206+0000][1][safepoint    ] Total time for which application threads were stopped: 0.0000335 seconds, Stopping threads took: 0.0000074 seconds
[2019-12-09T03:22:14.207+0000][1][safepoint    ] Application time: 0.0000543 seconds
[2019-12-09T03:22:14.207+0000][1][safepoint    ] Entering safepoint region: RevokeBias
[2019-12-09T03:22:14.207+0000][1][safepoint    ] Leaving safepoint region
[2019-12-09T03:22:14.207+0000][1][safepoint    ] Total time for which application threads were stopped: 0.0000353 seconds, Stopping threads took: 0.0000074 seconds
[2019-12-09T03:22:14.207+0000][1][safepoint    ] Application time: 0.0000553 seconds
[2019-12-09T03:22:14.207+0000][1][safepoint    ] Entering safepoint region: RevokeBias
[2019-12-09T03:22:14.207+0000][1][safepoint    ] Leaving safepoint region
[2019-12-09T03:22:14.207+0000][1][safepoint    ] Total time for which application threads were stopped: 0.0000430 seconds, Stopping threads took: 0.0000075 seconds
[2019-12-09T03:22:14.207+0000][1][safepoint    ] Application time: 0.0000654 seconds
[2019-12-09T03:22:14.207+0000][1][safepoint    ] Entering safepoint region: BulkRevokeBias
[2019-12-09T03:22:14.207+0000][1][safepoint    ] Leaving safepoint region
[2019-12-09T03:22:14.207+0000][1][safepoint    ] Total time for which application threads were stopped: 0.0000622 seconds, Stopping threads took: 0.0000076 seconds
[2019-12-09T03:22:14.207+0000][1][safepoint    ] Application time: 0.0000462 seconds
[2019-12-09T03:22:14.207+0000][1][safepoint    ] Entering safepoint region: RevokeBias
[2019-12-09T03:22:14.207+0000][1][safepoint    ] Leaving safepoint region
[2019-12-09T03:22:14.207+0000][1][safepoint    ] Total time for which application threads were stopped: 0.0000333 seconds, Stopping threads took: 0.0000072 seconds
[2019-12-09T03:22:14.207+0000][1][safepoint    ] Application time: 0.0001081 seconds
[2019-12-09T03:22:14.207+0000][1][safepoint    ] Entering safepoint region: BulkRevokeBias
[2019-12-09T03:22:14.207+0000][1][safepoint    ] Leaving safepoint region
[2019-12-09T03:22:14.207+0000][1][safepoint    ] Total time for which application threads were stopped: 0.0000559 seconds, Stopping threads took: 0.0000071 seconds
[2019-12-09T03:22:14.296+0000][1][safepoint    ] Application time: 0.0886842 seconds
[2019-12-09T03:22:14.296+0000][1][safepoint    ] Entering safepoint region: RevokeBias
[2019-12-09T03:22:14.296+0000][1][safepoint    ] Leaving safepoint region
[2019-12-09T03:22:14.296+0000][1][safepoint    ] Total time for which application threads were stopped: 0.0000904 seconds, Stopping threads took: 0.0000124 seconds
[2019-12-09T03:22:14.307+0000][1][safepoint    ] Application time: 0.0107867 seconds
[2019-12-09T03:22:14.307+0000][1][safepoint    ] Entering safepoint region: RevokeBias
[2019-12-09T03:22:14.307+0000][1][safepoint    ] Leaving safepoint region
[2019-12-09T03:22:14.307+0000][1][safepoint    ] Total time for which application threads were stopped: 0.0000872 seconds, Stopping threads took: 0.0000126 seconds
[2019-12-09T03:22:14.356+0000][1][safepoint    ] Application time: 0.0494910 seconds
[2019-12-09T03:22:14.356+0000][1][safepoint    ] Entering safepoint region: RevokeBias
[2019-12-09T03:22:14.356+0000][1][safepoint    ] Leaving safepoint region
[2019-12-09T03:22:14.356+0000][1][safepoint    ] Total time for which application threads were stopped: 0.0000798 seconds, Stopping threads took: 0.0000118 seconds
[2019-12-09T03:22:14.362+0000][1][safepoint    ] Application time: 0.0051651 seconds
[2019-12-09T03:22:14.362+0000][1][safepoint    ] Entering safepoint region: RevokeBias
[2019-12-09T03:22:14.362+0000][1][safepoint    ] Leaving safepoint region
[2019-12-09T03:22:14.362+0000][1][safepoint    ] Total time for which application threads were stopped: 0.0000895 seconds, Stopping threads took: 0.0000106 seconds
[2019-12-09T03:22:14.378+0000][1][safepoint    ] Application time: 0.0161779 seconds
[2019-12-09T03:22:14.378+0000][1][safepoint    ] Entering safepoint region: RevokeBias
[2019-12-09T03:22:14.378+0000][1][safepoint    ] Leaving safepoint region
[2019-12-09T03:22:14.378+0000][1][safepoint    ] Total time for which application threads were stopped: 0.0000727 seconds, Stopping threads took: 0.0000115 seconds
[2019-12-09T03:22:14.563+0000][1][safepoint    ] Application time: 0.1850638 seconds
[2019-12-09T03:22:14.563+0000][1][safepoint    ] Entering safepoint region: GenCollectForAllocation
[2019-12-09T03:22:14.563+0000][1][gc,start     ] GC(2) Pause Young (Allocation Failure)
[2019-12-09T03:22:14.563+0000][1][gc,task      ] GC(2) Using 2 workers of 2 for evacuation
[2019-12-09T03:22:14.602+0000][1][gc,age       ] GC(2) Desired survivor size 4456448 bytes, new threshold 6 (max threshold 6)
[2019-12-09T03:22:14.602+0000][1][gc,age       ] GC(2) Age table with threshold 6 (max threshold 6)
[2019-12-09T03:22:14.602+0000][1][gc,age       ] GC(2) - age   1:     499528 bytes,     499528 total
[2019-12-09T03:22:14.602+0000][1][gc,age       ] GC(2) - age   2:    1156640 bytes,    1656168 total
[2019-12-09T03:22:14.602+0000][1][gc,heap      ] GC(2) ParNew: 74072K->2721K(78656K)
[2019-12-09T03:22:14.602+0000][1][gc,heap      ] GC(2) CMS: 6838K->6838K(174784K)
[2019-12-09T03:22:14.602+0000][1][gc,metaspace ] GC(2) Metaspace: 15027K->15027K(1062912K)
[2019-12-09T03:22:14.602+0000][1][gc           ] GC(2) Pause Young (Allocation Failure) 79M->9M(247M) 38.648ms
[2019-12-09T03:22:14.602+0000][1][gc,cpu       ] GC(2) User=0.02s Sys=0.00s Real=0.04s
[2019-12-09T03:22:14.602+0000][1][safepoint    ] Leaving safepoint region
[2019-12-09T03:22:14.602+0000][1][safepoint    ] Total time for which application threads were stopped: 0.0388643 seconds, Stopping threads took: 0.0000857 seconds
[2019-12-09T03:22:14.609+0000][1][safepoint    ] Application time: 0.0068524 seconds
[2019-12-09T03:22:14.609+0000][1][safepoint    ] Entering safepoint region: RevokeBias
[2019-12-09T03:22:14.609+0000][1][safepoint    ] Leaving safepoint region
[2019-12-09T03:22:14.609+0000][1][safepoint    ] Total time for which application threads were stopped: 0.0000954 seconds, Stopping threads took: 0.0000126 seconds
[2019-12-09T03:22:14.609+0000][1][safepoint    ] Application time: 0.0000544 seconds
[2019-12-09T03:22:14.609+0000][1][safepoint    ] Entering safepoint region: RevokeBias
[2019-12-09T03:22:14.609+0000][1][safepoint    ] Leaving safepoint region
[2019-12-09T03:22:14.609+0000][1][safepoint    ] Total time for which application threads were stopped: 0.0000560 seconds, Stopping threads took: 0.0000078 seconds
[2019-12-09T03:22:14.609+0000][1][safepoint    ] Application time: 0.0000603 seconds
[2019-12-09T03:22:14.609+0000][1][safepoint    ] Entering safepoint region: RevokeBias
[2019-12-09T03:22:14.609+0000][1][safepoint    ] Leaving safepoint region
[2019-12-09T03:22:14.609+0000][1][safepoint    ] Total time for which application threads were stopped: 0.0000775 seconds, Stopping threads took: 0.0000190 seconds
[2019-12-09T03:22:14.609+0000][1][safepoint    ] Application time: 0.0000458 seconds
[2019-12-09T03:22:14.609+0000][1][safepoint    ] Entering safepoint region: RevokeBias
[2019-12-09T03:22:14.609+0000][1][safepoint    ] Leaving safepoint region
[2019-12-09T03:22:14.609+0000][1][safepoint    ] Total time for which application threads were stopped: 0.0000495 seconds, Stopping threads took: 0.0000076 seconds
[2019-12-09T03:22:14.609+0000][1][safepoint    ] Application time: 0.0000481 seconds
[2019-12-09T03:22:14.609+0000][1][safepoint    ] Entering safepoint region: RevokeBias
[2019-12-09T03:22:14.609+0000][1][safepoint    ] Leaving safepoint region
[2019-12-09T03:22:14.609+0000][1][safepoint    ] Total time for which application threads were stopped: 0.0000494 seconds, Stopping threads took: 0.0000074 seconds
[2019-12-09T03:22:14.610+0000][1][safepoint    ] Application time: 0.0000448 seconds
[2019-12-09T03:22:14.610+0000][1][safepoint    ] Entering safepoint region: RevokeBias
[2019-12-09T03:22:14.610+0000][1][safepoint    ] Leaving safepoint region
[2019-12-09T03:22:14.610+0000][1][safepoint    ] Total time for which application threads were stopped: 0.0000483 seconds, Stopping threads took: 0.0000074 seconds
[2019-12-09T03:22:14.610+0000][1][safepoint    ] Application time: 0.0000471 seconds
[2019-12-09T03:22:14.610+0000][1][safepoint    ] Entering safepoint region: RevokeBias
[2019-12-09T03:22:14.610+0000][1][safepoint    ] Leaving safepoint region
[2019-12-09T03:22:14.610+0000][1][safepoint    ] Total time for which application threads were stopped: 0.0000478 seconds, Stopping threads took: 0.0000072 seconds
[2019-12-09T03:22:14.610+0000][1][safepoint    ] Application time: 0.0000464 seconds
[2019-12-09T03:22:14.610+0000][1][safepoint    ] Entering safepoint region: RevokeBias
[2019-12-09T03:22:14.610+0000][1][safepoint    ] Leaving safepoint region
[2019-12-09T03:22:14.610+0000][1][safepoint    ] Total time for which application threads were stopped: 0.0000531 seconds, Stopping threads took: 0.0000067 seconds
[2019-12-09T03:22:14.615+0000][1][safepoint    ] Application time: 0.0051332 seconds
[2019-12-09T03:22:14.615+0000][1][safepoint    ] Entering safepoint region: RevokeBias
[2019-12-09T03:22:14.615+0000][1][safepoint    ] Leaving safepoint region
[2019-12-09T03:22:14.615+0000][1][safepoint    ] Total time for which application threads were stopped: 0.0001002 seconds, Stopping threads took: 0.0000109 seconds
[2019-12-09T03:22:14.624+0000][1][safepoint    ] Application time: 0.0089284 seconds
[2019-12-09T03:22:14.624+0000][1][safepoint    ] Entering safepoint region: RevokeBias
[2019-12-09T03:22:14.624+0000][1][safepoint    ] Leaving safepoint region
[2019-12-09T03:22:14.624+0000][1][safepoint    ] Total time for which application threads were stopped: 0.0000659 seconds, Stopping threads took: 0.0000110 seconds
[2019-12-09T03:22:15.515+0000][1][safepoint    ] Application time: 0.8907206 seconds
[2019-12-09T03:22:15.515+0000][1][safepoint    ] Entering safepoint region: Deoptimize
[2019-12-09T03:22:15.515+0000][1][safepoint    ] Leaving safepoint region
[2019-12-09T03:22:15.515+0000][1][safepoint    ] Total time for which application threads were stopped: 0.0004355 seconds, Stopping threads took: 0.0000152 seconds
[2019-12-09T03:22:15.516+0000][1][safepoint    ] Application time: 0.0005891 seconds
[2019-12-09T03:22:15.516+0000][1][safepoint    ] Entering safepoint region: Deoptimize
[2019-12-09T03:22:15.516+0000][1][safepoint    ] Leaving safepoint region
[2019-12-09T03:22:15.516+0000][1][safepoint    ] Total time for which application threads were stopped: 0.0003105 seconds, Stopping threads took: 0.0000129 seconds
[2019-12-09T03:22:16.520+0000][1][safepoint    ] Application time: 1.0034788 seconds
[2019-12-09T03:22:16.523+0000][1][safepoint    ] Entering safepoint region: Cleanup
[2019-12-09T03:22:16.523+0000][1][safepoint    ] Leaving safepoint region
[2019-12-09T03:22:16.523+0000][1][safepoint    ] Total time for which application threads were stopped: 0.0030341 seconds, Stopping threads took: 0.0029716 seconds
[2019-12-09T03:22:17.525+0000][1][safepoint    ] Application time: 1.0019243 seconds
[2019-12-09T03:22:17.549+0000][1][safepoint    ] Entering safepoint region: Cleanup
[2019-12-09T03:22:17.549+0000][1][safepoint    ] Leaving safepoint region
[2019-12-09T03:22:17.549+0000][1][safepoint    ] Total time for which application threads were stopped: 0.0240895 seconds, Stopping threads took: 0.0240072 seconds
[2019-12-09T03:22:17.781+0000][1][safepoint    ] Application time: 0.2318359 seconds
[2019-12-09T03:22:17.781+0000][1][safepoint    ] Entering safepoint region: GenCollectForAllocation
[2019-12-09T03:22:17.781+0000][1][gc,start     ] GC(3) Pause Young (Allocation Failure)
[2019-12-09T03:22:17.781+0000][1][gc,task      ] GC(3) Using 2 workers of 2 for evacuation
[2019-12-09T03:22:17.901+0000][1][gc,age       ] GC(3) Desired survivor size 4456448 bytes, new threshold 3 (max threshold 6)
[2019-12-09T03:22:17.901+0000][1][gc,age       ] GC(3) Age table with threshold 3 (max threshold 6)
[2019-12-09T03:22:17.901+0000][1][gc,age       ] GC(3) - age   1:    3785072 bytes,    3785072 total
[2019-12-09T03:22:17.901+0000][1][gc,age       ] GC(3) - age   2:     487264 bytes,    4272336 total
[2019-12-09T03:22:17.901+0000][1][gc,age       ] GC(3) - age   3:    1154432 bytes,    5426768 total
[2019-12-09T03:22:17.901+0000][1][gc,heap      ] GC(3) ParNew: 72673K->5558K(78656K)
[2019-12-09T03:22:17.901+0000][1][gc,heap      ] GC(3) CMS: 6838K->6838K(174784K)
[2019-12-09T03:22:17.901+0000][1][gc,metaspace ] GC(3) Metaspace: 18554K->18554K(1067008K)
[2019-12-09T03:22:17.901+0000][1][gc           ] GC(3) Pause Young (Allocation Failure) 77M->12M(247M) 120.171ms
[2019-12-09T03:22:17.901+0000][1][gc,cpu       ] GC(3) User=0.03s Sys=0.00s Real=0.12s
[2019-12-09T03:22:17.901+0000][1][safepoint    ] Leaving safepoint region
[2019-12-09T03:22:17.901+0000][1][safepoint    ] Total time for which application threads were stopped: 0.1203044 seconds, Stopping threads took: 0.0000144 seconds
[2019-12-09T03:22:17.913+0000][1][safepoint    ] Application time: 0.0118673 seconds
[2019-12-09T03:22:17.947+0000][1][safepoint    ] Entering safepoint region: BulkRevokeBias
[2019-12-09T03:22:17.947+0000][1][safepoint    ] Leaving safepoint region
[2019-12-09T03:22:17.947+0000][1][safepoint    ] Total time for which application threads were stopped: 0.0342079 seconds, Stopping threads took: 0.0338987 seconds
[2019-12-09T03:22:17.948+0000][1][safepoint    ] Application time: 0.0007052 seconds
[2019-12-09T03:22:17.948+0000][1][safepoint    ] Entering safepoint region: RevokeBias
[2019-12-09T03:22:17.948+0000][1][safepoint    ] Leaving safepoint region
[2019-12-09T03:22:17.948+0000][1][safepoint    ] Total time for which application threads were stopped: 0.0001411 seconds, Stopping threads took: 0.0000126 seconds
[2019-12-09T03:22:17.948+0000][1][safepoint    ] Application time: 0.0000716 seconds
[2019-12-09T03:22:17.948+0000][1][safepoint    ] Entering safepoint region: RevokeBias
[2019-12-09T03:22:17.948+0000][1][safepoint    ] Leaving safepoint region
[2019-12-09T03:22:17.948+0000][1][safepoint    ] Total time for which application threads were stopped: 0.0000922 seconds, Stopping threads took: 0.0000086 seconds
[2019-12-09T03:22:17.948+0000][1][safepoint    ] Application time: 0.0000482 seconds
[2019-12-09T03:22:17.948+0000][1][safepoint    ] Entering safepoint region: RevokeBias
[2019-12-09T03:22:17.948+0000][1][safepoint    ] Leaving safepoint region
[2019-12-09T03:22:17.948+0000][1][safepoint    ] Total time for which application threads were stopped: 0.0000806 seconds, Stopping threads took: 0.0000073 seconds
[2019-12-09T03:22:17.948+0000][1][safepoint    ] Application time: 0.0000516 seconds
[2019-12-09T03:22:17.948+0000][1][safepoint    ] Entering safepoint region: RevokeBias
[2019-12-09T03:22:17.949+0000][1][safepoint    ] Leaving safepoint region
[2019-12-09T03:22:17.949+0000][1][safepoint    ] Total time for which application threads were stopped: 0.0000879 seconds, Stopping threads took: 0.0000072 seconds
[2019-12-09T03:22:17.949+0000][1][safepoint    ] Application time: 0.0000484 seconds
[2019-12-09T03:22:17.949+0000][1][safepoint    ] Entering safepoint region: RevokeBias
[2019-12-09T03:22:17.949+0000][1][safepoint    ] Leaving safepoint region
[2019-12-09T03:22:17.949+0000][1][safepoint    ] Total time for which application threads were stopped: 0.0000782 seconds, Stopping threads took: 0.0000075 seconds
[2019-12-09T03:22:17.949+0000][1][safepoint    ] Application time: 0.0000522 seconds
[2019-12-09T03:22:17.949+0000][1][safepoint    ] Entering safepoint region: RevokeBias
[2019-12-09T03:22:17.949+0000][1][safepoint    ] Leaving safepoint region
[2019-12-09T03:22:17.949+0000][1][safepoint    ] Total time for which application threads were stopped: 0.0000786 seconds, Stopping threads took: 0.0000077 seconds
[2019-12-09T03:22:17.949+0000][1][safepoint    ] Application time: 0.0000469 seconds
[2019-12-09T03:22:17.949+0000][1][safepoint    ] Entering safepoint region: RevokeBias
[2019-12-09T03:22:17.949+0000][1][safepoint    ] Leaving safepoint region
[2019-12-09T03:22:17.949+0000][1][safepoint    ] Total time for which application threads were stopped: 0.0000752 seconds, Stopping threads took: 0.0000067 seconds
[2019-12-09T03:22:17.949+0000][1][safepoint    ] Application time: 0.0000520 seconds
[2019-12-09T03:22:17.949+0000][1][safepoint    ] Entering safepoint region: RevokeBias
[2019-12-09T03:22:17.949+0000][1][safepoint    ] Leaving safepoint region
[2019-12-09T03:22:17.949+0000][1][safepoint    ] Total time for which application threads were stopped: 0.0000751 seconds, Stopping threads took: 0.0000064 seconds
[2019-12-09T03:22:17.949+0000][1][safepoint    ] Application time: 0.0000497 seconds
[2019-12-09T03:22:17.949+0000][1][safepoint    ] Entering safepoint region: RevokeBias
[2019-12-09T03:22:17.949+0000][1][safepoint    ] Leaving safepoint region
[2019-12-09T03:22:17.949+0000][1][safepoint    ] Total time for which application threads were stopped: 0.0000706 seconds, Stopping threads took: 0.0000073 seconds
[2019-12-09T03:22:17.949+0000][1][safepoint    ] Application time: 0.0000509 seconds
[2019-12-09T03:22:17.949+0000][1][safepoint    ] Entering safepoint region: RevokeBias
[2019-12-09T03:22:17.949+0000][1][safepoint    ] Leaving safepoint region
[2019-12-09T03:22:17.949+0000][1][safepoint    ] Total time for which application threads were stopped: 0.0000722 seconds, Stopping threads took: 0.0000072 seconds
[2019-12-09T03:22:17.949+0000][1][safepoint    ] Application time: 0.0000477 seconds
[2019-12-09T03:22:17.949+0000][1][safepoint    ] Entering safepoint region: RevokeBias
[2019-12-09T03:22:17.950+0000][1][safepoint    ] Leaving safepoint region
[2019-12-09T03:22:17.950+0000][1][safepoint    ] Total time for which application threads were stopped: 0.0000754 seconds, Stopping threads took: 0.0000078 seconds
[2019-12-09T03:22:17.950+0000][1][safepoint    ] Application time: 0.0000516 seconds
[2019-12-09T03:22:17.950+0000][1][safepoint    ] Entering safepoint region: RevokeBias
[2019-12-09T03:22:17.950+0000][1][safepoint    ] Leaving safepoint region
[2019-12-09T03:22:17.950+0000][1][safepoint    ] Total time for which application threads were stopped: 0.0000743 seconds, Stopping threads took: 0.0000069 seconds
[2019-12-09T03:22:17.951+0000][1][safepoint    ] Application time: 0.0012494 seconds
[2019-12-09T03:22:17.951+0000][1][safepoint    ] Entering safepoint region: RevokeBias
[2019-12-09T03:22:17.951+0000][1][safepoint    ] Leaving safepoint region
[2019-12-09T03:22:17.951+0000][1][safepoint    ] Total time for which application threads were stopped: 0.0000956 seconds, Stopping threads took: 0.0000110 seconds
[2019-12-09T03:22:17.951+0000][1][safepoint    ] Application time: 0.0000504 seconds
[2019-12-09T03:22:17.951+0000][1][safepoint    ] Entering safepoint region: RevokeBias
[2019-12-09T03:22:17.951+0000][1][safepoint    ] Leaving safepoint region
[2019-12-09T03:22:17.951+0000][1][safepoint    ] Total time for which application threads were stopped: 0.0000839 seconds, Stopping threads took: 0.0000066 seconds
[2019-12-09T03:22:17.951+0000][1][safepoint    ] Application time: 0.0000552 seconds
[2019-12-09T03:22:17.951+0000][1][safepoint    ] Entering safepoint region: RevokeBias
[2019-12-09T03:22:17.951+0000][1][safepoint    ] Leaving safepoint region
[2019-12-09T03:22:17.951+0000][1][safepoint    ] Total time for which application threads were stopped: 0.0000810 seconds, Stopping threads took: 0.0000079 seconds
[2019-12-09T03:22:17.951+0000][1][safepoint    ] Application time: 0.0000478 seconds
[2019-12-09T03:22:17.951+0000][1][safepoint    ] Entering safepoint region: RevokeBias
[2019-12-09T03:22:17.951+0000][1][safepoint    ] Leaving safepoint region
[2019-12-09T03:22:17.951+0000][1][safepoint    ] Total time for which application threads were stopped: 0.0000776 seconds, Stopping threads took: 0.0000077 seconds
[2019-12-09T03:22:18.917+0000][1][safepoint    ] Application time: 0.9657928 seconds
[2019-12-09T03:22:18.917+0000][1][safepoint    ] Entering safepoint region: GenCollectForAllocation
[2019-12-09T03:22:18.917+0000][1][gc,start     ] GC(4) Pause Young (Allocation Failure)
[2019-12-09T03:22:18.917+0000][1][gc,task      ] GC(4) Using 2 workers of 2 for evacuation
[2019-12-09T03:22:19.075+0000][1][gc,age       ] GC(4) Desired survivor size 4456448 bytes, new threshold 2 (max threshold 6)
[2019-12-09T03:22:19.075+0000][1][gc,age       ] GC(4) Age table with threshold 2 (max threshold 6)
[2019-12-09T03:22:19.075+0000][1][gc,age       ] GC(4) - age   1:    1765328 bytes,    1765328 total
[2019-12-09T03:22:19.075+0000][1][gc,age       ] GC(4) - age   2:    3224696 bytes,    4990024 total
[2019-12-09T03:22:19.075+0000][1][gc,age       ] GC(4) - age   3:     487264 bytes,    5477288 total
[2019-12-09T03:22:19.075+0000][1][gc,heap      ] GC(4) ParNew: 75510K->7894K(78656K)
[2019-12-09T03:22:19.075+0000][1][gc,heap      ] GC(4) CMS: 6838K->7981K(174784K)
[2019-12-09T03:22:19.075+0000][1][gc,metaspace ] GC(4) Metaspace: 18781K->18781K(1067008K)
[2019-12-09T03:22:19.076+0000][1][gc           ] GC(4) Pause Young (Allocation Failure) 80M->15M(247M) 158.107ms
[2019-12-09T03:22:19.076+0000][1][gc,cpu       ] GC(4) User=0.04s Sys=0.00s Real=0.16s
[2019-12-09T03:22:19.076+0000][1][safepoint    ] Leaving safepoint region
[2019-12-09T03:22:19.076+0000][1][safepoint    ] Total time for which application threads were stopped: 0.1582472 seconds, Stopping threads took: 0.0000146 seconds
[2019-12-09T03:22:19.092+0000][1][safepoint    ] Application time: 0.0162613 seconds
[2019-12-09T03:22:19.135+0000][1][safepoint    ] Entering safepoint region: RevokeBias
[2019-12-09T03:22:19.135+0000][1][safepoint    ] Leaving safepoint region
[2019-12-09T03:22:19.135+0000][1][safepoint    ] Total time for which application threads were stopped: 0.0430350 seconds, Stopping threads took: 0.0429658 seconds
[2019-12-09T03:22:19.135+0000][1][safepoint    ] Application time: 0.0000667 seconds
[2019-12-09T03:22:19.135+0000][1][safepoint    ] Entering safepoint region: RevokeBias
[2019-12-09T03:22:19.135+0000][1][safepoint    ] Leaving safepoint region
[2019-12-09T03:22:19.135+0000][1][safepoint    ] Total time for which application threads were stopped: 0.0000449 seconds, Stopping threads took: 0.0000083 seconds
[2019-12-09T03:22:19.135+0000][1][safepoint    ] Application time: 0.0000571 seconds
[2019-12-09T03:22:19.135+0000][1][safepoint    ] Entering safepoint region: RevokeBias
[2019-12-09T03:22:19.135+0000][1][safepoint    ] Leaving safepoint region
[2019-12-09T03:22:19.135+0000][1][safepoint    ] Total time for which application threads were stopped: 0.0000410 seconds, Stopping threads took: 0.0000074 seconds
[2019-12-09T03:22:19.135+0000][1][safepoint    ] Application time: 0.0000452 seconds
[2019-12-09T03:22:19.135+0000][1][safepoint    ] Entering safepoint region: RevokeBias
[2019-12-09T03:22:19.135+0000][1][safepoint    ] Leaving safepoint region
[2019-12-09T03:22:19.135+0000][1][safepoint    ] Total time for which application threads were stopped: 0.0000492 seconds, Stopping threads took: 0.0000069 seconds
[2019-12-09T03:22:19.184+0000][1][safepoint    ] Application time: 0.0483973 seconds
[2019-12-09T03:22:19.184+0000][1][safepoint    ] Entering safepoint region: Deoptimize
[2019-12-09T03:22:19.184+0000][1][safepoint    ] Leaving safepoint region
[2019-12-09T03:22:19.184+0000][1][safepoint    ] Total time for which application threads were stopped: 0.0004134 seconds, Stopping threads took: 0.0000159 seconds
[2019-12-09T03:22:19.604+0000][1][safepoint    ] Application time: 0.4196142 seconds
[2019-12-09T03:22:19.604+0000][1][safepoint    ] Entering safepoint region: Deoptimize
[2019-12-09T03:22:19.604+0000][1][safepoint    ] Leaving safepoint region
[2019-12-09T03:22:19.604+0000][1][safepoint    ] Total time for which application threads were stopped: 0.0004306 seconds, Stopping threads took: 0.0000119 seconds
[2019-12-09T03:22:19.657+0000][1][safepoint    ] Application time: 0.0530274 seconds
[2019-12-09T03:22:19.657+0000][1][safepoint    ] Entering safepoint region: RevokeBias
[2019-12-09T03:22:19.657+0000][1][safepoint    ] Leaving safepoint region
[2019-12-09T03:22:19.657+0000][1][safepoint    ] Total time for which application threads were stopped: 0.0000757 seconds, Stopping threads took: 0.0000121 seconds
[2019-12-09T03:22:20.174+0000][1][safepoint    ] Application time: 0.5163869 seconds
[2019-12-09T03:22:20.174+0000][1][safepoint    ] Entering safepoint region: RevokeBias
[2019-12-09T03:22:20.174+0000][1][safepoint    ] Leaving safepoint region
[2019-12-09T03:22:20.174+0000][1][safepoint    ] Total time for which application threads were stopped: 0.0000788 seconds, Stopping threads took: 0.0000133 seconds
[2019-12-09T03:22:20.547+0000][1][safepoint    ] Application time: 0.3733624 seconds
[2019-12-09T03:22:20.547+0000][1][safepoint    ] Entering safepoint region: GenCollectForAllocation
[2019-12-09T03:22:20.547+0000][1][gc,start     ] GC(5) Pause Young (Allocation Failure)
[2019-12-09T03:22:20.547+0000][1][gc,task      ] GC(5) Using 2 workers of 2 for evacuation
[2019-12-09T03:22:20.631+0000][1][gc,age       ] GC(5) Desired survivor size 4456448 bytes, new threshold 6 (max threshold 6)
[2019-12-09T03:22:20.631+0000][1][gc,age       ] GC(5) Age table with threshold 6 (max threshold 6)
[2019-12-09T03:22:20.631+0000][1][gc,age       ] GC(5) - age   1:    2827592 bytes,    2827592 total
[2019-12-09T03:22:20.631+0000][1][gc,age       ] GC(5) - age   2:     442728 bytes,    3270320 total
[2019-12-09T03:22:20.631+0000][1][gc,heap      ] GC(5) ParNew: 77846K->4998K(78656K)
[2019-12-09T03:22:20.631+0000][1][gc,heap      ] GC(5) CMS: 7981K->11636K(174784K)
[2019-12-09T03:22:20.631+0000][1][gc,metaspace ] GC(5) Metaspace: 19118K->19118K(1067008K)
[2019-12-09T03:22:20.631+0000][1][gc           ] GC(5) Pause Young (Allocation Failure) 83M->16M(247M) 83.957ms
[2019-12-09T03:22:20.631+0000][1][gc,cpu       ] GC(5) User=0.03s Sys=0.00s Real=0.08s
[2019-12-09T03:22:20.631+0000][1][safepoint    ] Leaving safepoint region
[2019-12-09T03:22:20.631+0000][1][safepoint    ] Total time for which application threads were stopped: 0.0840880 seconds, Stopping threads took: 0.0000136 seconds
[2019-12-09T03:22:20.643+0000][1][safepoint    ] Application time: 0.0115683 seconds
[2019-12-09T03:22:20.690+0000][1][safepoint    ] Entering safepoint region: RevokeBias
[2019-12-09T03:22:20.690+0000][1][safepoint    ] Leaving safepoint region
[2019-12-09T03:22:20.690+0000][1][safepoint    ] Total time for which application threads were stopped: 0.0469023 seconds, Stopping threads took: 0.0468238 seconds
[2019-12-09T03:22:20.690+0000][1][safepoint    ] Application time: 0.0000671 seconds
[2019-12-09T03:22:20.690+0000][1][safepoint    ] Entering safepoint region: RevokeBias
[2019-12-09T03:22:20.690+0000][1][safepoint    ] Leaving safepoint region
[2019-12-09T03:22:20.690+0000][1][safepoint    ] Total time for which application threads were stopped: 0.0000538 seconds, Stopping threads took: 0.0000082 seconds
[2019-12-09T03:22:20.690+0000][1][safepoint    ] Application time: 0.0000596 seconds
[2019-12-09T03:22:20.690+0000][1][safepoint    ] Entering safepoint region: RevokeBias
[2019-12-09T03:22:20.690+0000][1][safepoint    ] Leaving safepoint region
[2019-12-09T03:22:20.690+0000][1][safepoint    ] Total time for which application threads were stopped: 0.0000469 seconds, Stopping threads took: 0.0000075 seconds
[2019-12-09T03:22:20.690+0000][1][safepoint    ] Application time: 0.0000465 seconds
[2019-12-09T03:22:20.690+0000][1][safepoint    ] Entering safepoint region: RevokeBias
[2019-12-09T03:22:20.690+0000][1][safepoint    ] Leaving safepoint region
[2019-12-09T03:22:20.690+0000][1][safepoint    ] Total time for which application threads were stopped: 0.0000453 seconds, Stopping threads took: 0.0000073 seconds
[2019-12-09T03:22:20.690+0000][1][safepoint    ] Application time: 0.0000514 seconds
[2019-12-09T03:22:20.690+0000][1][safepoint    ] Entering safepoint region: RevokeBias
[2019-12-09T03:22:20.690+0000][1][safepoint    ] Leaving safepoint region
[2019-12-09T03:22:20.690+0000][1][safepoint    ] Total time for which application threads were stopped: 0.0000455 seconds, Stopping threads took: 0.0000071 seconds
[2019-12-09T03:22:20.690+0000][1][safepoint    ] Application time: 0.0000449 seconds
[2019-12-09T03:22:20.690+0000][1][safepoint    ] Entering safepoint region: RevokeBias
[2019-12-09T03:22:20.690+0000][1][safepoint    ] Leaving safepoint region
[2019-12-09T03:22:20.690+0000][1][safepoint    ] Total time for which application threads were stopped: 0.0000427 seconds, Stopping threads took: 0.0000071 seconds
[2019-12-09T03:22:20.999+0000][1][safepoint    ] Application time: 0.3084424 seconds
[2019-12-09T03:22:20.999+0000][1][safepoint    ] Entering safepoint region: RevokeBias
[2019-12-09T03:22:20.999+0000][1][safepoint    ] Leaving safepoint region
[2019-12-09T03:22:20.999+0000][1][safepoint    ] Total time for which application threads were stopped: 0.0000684 seconds, Stopping threads took: 0.0000128 seconds
[2019-12-09T03:22:20.999+0000][1][safepoint    ] Application time: 0.0001991 seconds
[2019-12-09T03:22:20.999+0000][1][safepoint    ] Entering safepoint region: RevokeBias
[2019-12-09T03:22:20.999+0000][1][safepoint    ] Leaving safepoint region
[2019-12-09T03:22:20.999+0000][1][safepoint    ] Total time for which application threads were stopped: 0.0000414 seconds, Stopping threads took: 0.0000084 seconds
[2019-12-09T03:22:21.125+0000][1][safepoint    ] Application time: 0.1261751 seconds
[2019-12-09T03:22:21.125+0000][1][safepoint    ] Entering safepoint region: GenCollectForAllocation
[2019-12-09T03:22:21.126+0000][1][gc,start     ] GC(6) Pause Young (Allocation Failure)
[2019-12-09T03:22:21.126+0000][1][gc,task      ] GC(6) Using 2 workers of 2 for evacuation
[2019-12-09T03:22:21.194+0000][1][gc,age       ] GC(6) Desired survivor size 4456448 bytes, new threshold 6 (max threshold 6)
[2019-12-09T03:22:21.194+0000][1][gc,age       ] GC(6) Age table with threshold 6 (max threshold 6)
[2019-12-09T03:22:21.194+0000][1][gc,age       ] GC(6) - age   1:    1413272 bytes,    1413272 total
[2019-12-09T03:22:21.194+0000][1][gc,age       ] GC(6) - age   2:    2192464 bytes,    3605736 total
[2019-12-09T03:22:21.194+0000][1][gc,age       ] GC(6) - age   3:     442728 bytes,    4048464 total
[2019-12-09T03:22:21.194+0000][1][gc,heap      ] GC(6) ParNew: 74950K->5467K(78656K)
[2019-12-09T03:22:21.194+0000][1][gc,heap      ] GC(6) CMS: 11636K->11636K(174784K)
[2019-12-09T03:22:21.194+0000][1][gc,metaspace ] GC(6) Metaspace: 19426K->19426K(1067008K)
[2019-12-09T03:22:21.194+0000][1][gc           ] GC(6) Pause Young (Allocation Failure) 84M->16M(247M) 68.421ms
[2019-12-09T03:22:21.194+0000][1][gc,cpu       ] GC(6) User=0.02s Sys=0.00s Real=0.06s
[2019-12-09T03:22:21.194+0000][1][safepoint    ] Leaving safepoint region
[2019-12-09T03:22:21.194+0000][1][safepoint    ] Total time for which application threads were stopped: 0.0685492 seconds, Stopping threads took: 0.0000137 seconds
[2019-12-09T03:22:21.199+0000][1][safepoint    ] Application time: 0.0047698 seconds
[2019-12-09T03:22:21.225+0000][1][safepoint    ] Entering safepoint region: RevokeBias
[2019-12-09T03:22:21.225+0000][1][safepoint    ] Leaving safepoint region
[2019-12-09T03:22:21.225+0000][1][safepoint    ] Total time for which application threads were stopped: 0.0260213 seconds, Stopping threads took: 0.0259406 seconds
[2019-12-09T03:22:21.225+0000][1][safepoint    ] Application time: 0.0000727 seconds
[2019-12-09T03:22:21.225+0000][1][safepoint    ] Entering safepoint region: BulkRevokeBias
[2019-12-09T03:22:21.225+0000][1][safepoint    ] Leaving safepoint region
[2019-12-09T03:22:21.225+0000][1][safepoint    ] Total time for which application threads were stopped: 0.0000900 seconds, Stopping threads took: 0.0000095 seconds
[2019-12-09T03:22:21.225+0000][1][safepoint    ] Application time: 0.0000645 seconds
[2019-12-09T03:22:21.225+0000][1][safepoint    ] Entering safepoint region: BulkRevokeBias
[2019-12-09T03:22:21.225+0000][1][safepoint    ] Leaving safepoint region
[2019-12-09T03:22:21.225+0000][1][safepoint    ] Total time for which application threads were stopped: 0.0000736 seconds, Stopping threads took: 0.0000087 seconds
[2019-12-09T03:22:22.235+0000][1][safepoint    ] Application time: 1.0095076 seconds
[2019-12-09T03:22:22.317+0000][1][safepoint    ] Entering safepoint region: Cleanup
[2019-12-09T03:22:22.317+0000][1][safepoint    ] Leaving safepoint region
[2019-12-09T03:22:22.317+0000][1][safepoint    ] Total time for which application threads were stopped: 0.0820759 seconds, Stopping threads took: 0.0820311 seconds
[2019-12-09T03:22:22.438+0000][1][safepoint    ] Application time: 0.1208795 seconds
[2019-12-09T03:22:22.438+0000][1][safepoint    ] Entering safepoint region: GenCollectForAllocation
[2019-12-09T03:22:22.438+0000][1][gc,start     ] GC(7) Pause Young (Allocation Failure)
[2019-12-09T03:22:22.438+0000][1][gc,task      ] GC(7) Using 2 workers of 2 for evacuation
[2019-12-09T03:22:22.520+0000][1][gc,age       ] GC(7) Desired survivor size 4456448 bytes, new threshold 6 (max threshold 6)
[2019-12-09T03:22:22.520+0000][1][gc,age       ] GC(7) Age table with threshold 6 (max threshold 6)
[2019-12-09T03:22:22.520+0000][1][gc,age       ] GC(7) - age   1:     378808 bytes,     378808 total
[2019-12-09T03:22:22.520+0000][1][gc,age       ] GC(7) - age   2:    1128800 bytes,    1507608 total
[2019-12-09T03:22:22.520+0000][1][gc,age       ] GC(7) - age   3:    2192384 bytes,    3699992 total
[2019-12-09T03:22:22.520+0000][1][gc,age       ] GC(7) - age   4:     442728 bytes,    4142720 total
[2019-12-09T03:22:22.520+0000][1][gc,heap      ] GC(7) ParNew: 75419K->5814K(78656K)
[2019-12-09T03:22:22.520+0000][1][gc,heap      ] GC(7) CMS: 11636K->11636K(174784K)
[2019-12-09T03:22:22.520+0000][1][gc,metaspace ] GC(7) Metaspace: 19707K->19707K(1067008K)
[2019-12-09T03:22:22.520+0000][1][gc           ] GC(7) Pause Young (Allocation Failure) 85M->17M(247M) 82.141ms
[2019-12-09T03:22:22.520+0000][1][gc,cpu       ] GC(7) User=0.02s Sys=0.00s Real=0.08s
[2019-12-09T03:22:22.520+0000][1][safepoint    ] Leaving safepoint region
[2019-12-09T03:22:22.520+0000][1][safepoint    ] Total time for which application threads were stopped: 0.0822822 seconds, Stopping threads took: 0.0000136 seconds
[2019-12-09T03:22:23.062+0000][1][safepoint    ] Application time: 0.5415284 seconds
[2019-12-09T03:22:23.062+0000][1][safepoint    ] Entering safepoint region: CollectForMetadataAllocation
[2019-12-09T03:22:23.062+0000][1][safepoint    ] Leaving safepoint region
[2019-12-09T03:22:23.062+0000][1][safepoint    ] Total time for which application threads were stopped: 0.0002743 seconds, Stopping threads took: 0.0000151 seconds
[2019-12-09T03:22:23.288+0000][1][safepoint    ] Application time: 0.2264839 seconds
[2019-12-09T03:22:23.288+0000][1][safepoint    ] Entering safepoint region: CollectForMetadataAllocation
[2019-12-09T03:22:23.289+0000][1][safepoint    ] Leaving safepoint region
[2019-12-09T03:22:23.289+0000][1][safepoint    ] Total time for which application threads were stopped: 0.0002385 seconds, Stopping threads took: 0.0000133 seconds
[2019-12-09T03:22:24.041+0000][1][safepoint    ] Application time: 0.7524397 seconds
[2019-12-09T03:22:24.041+0000][1][safepoint    ] Entering safepoint region: GenCollectForAllocation
[2019-12-09T03:22:24.041+0000][1][gc,start     ] GC(8) Pause Young (Allocation Failure)
[2019-12-09T03:22:24.041+0000][1][gc,task      ] GC(8) Using 2 workers of 2 for evacuation
[2019-12-09T03:22:24.065+0000][1][gc,age       ] GC(8) Desired survivor size 4456448 bytes, new threshold 4 (max threshold 6)
[2019-12-09T03:22:24.065+0000][1][gc,age       ] GC(8) Age table with threshold 4 (max threshold 6)
[2019-12-09T03:22:24.065+0000][1][gc,age       ] GC(8) - age   1:     839544 bytes,     839544 total
[2019-12-09T03:22:24.065+0000][1][gc,age       ] GC(8) - age   2:     360784 bytes,    1200328 total
[2019-12-09T03:22:24.065+0000][1][gc,age       ] GC(8) - age   3:    1128656 bytes,    2328984 total
[2019-12-09T03:22:24.065+0000][1][gc,age       ] GC(8) - age   4:    2190168 bytes,    4519152 total
[2019-12-09T03:22:24.065+0000][1][gc,age       ] GC(8) - age   5:     442728 bytes,    4961880 total
[2019-12-09T03:22:24.065+0000][1][gc,heap      ] GC(8) ParNew: 75766K->6004K(78656K)
[2019-12-09T03:22:24.065+0000][1][gc,heap      ] GC(8) CMS: 11636K->11636K(174784K)
[2019-12-09T03:22:24.065+0000][1][gc,metaspace ] GC(8) Metaspace: 20516K->20516K(1069056K)
[2019-12-09T03:22:24.065+0000][1][gc           ] GC(8) Pause Young (Allocation Failure) 85M->17M(247M) 23.677ms
[2019-12-09T03:22:24.065+0000][1][gc,cpu       ] GC(8) User=0.02s Sys=0.00s Real=0.03s
[2019-12-09T03:22:24.065+0000][1][safepoint    ] Leaving safepoint region
[2019-12-09T03:22:24.065+0000][1][safepoint    ] Total time for which application threads were stopped: 0.0238088 seconds, Stopping threads took: 0.0000126 seconds
[2019-12-09T03:22:24.127+0000][1][safepoint    ] Application time: 0.0618892 seconds
[2019-12-09T03:22:24.178+0000][1][safepoint    ] Entering safepoint region: CMS_Initial_Mark
[2019-12-09T03:22:24.178+0000][1][gc,start     ] GC(9) Pause Initial Mark
[2019-12-09T03:22:24.182+0000][1][gc           ] GC(9) Pause Initial Mark 18M->18M(247M) 3.284ms
[2019-12-09T03:22:24.182+0000][1][gc,cpu       ] GC(9) User=0.00s Sys=0.00s Real=0.00s
[2019-12-09T03:22:24.182+0000][1][safepoint    ] Leaving safepoint region
[2019-12-09T03:22:24.182+0000][1][safepoint    ] Total time for which application threads were stopped: 0.0548368 seconds, Stopping threads took: 0.0514367 seconds
[2019-12-09T03:22:24.182+0000][1][gc           ] GC(9) Concurrent Mark
[2019-12-09T03:22:24.284+0000][1][gc           ] GC(9) Concurrent Mark 102.412ms
[2019-12-09T03:22:24.284+0000][1][gc,cpu       ] GC(9) User=0.03s Sys=0.00s Real=0.10s
[2019-12-09T03:22:24.284+0000][1][gc           ] GC(9) Concurrent Preclean
[2019-12-09T03:22:24.332+0000][1][gc           ] GC(9) Concurrent Preclean 47.465ms
[2019-12-09T03:22:24.332+0000][1][gc,cpu       ] GC(9) User=0.01s Sys=0.00s Real=0.05s
[2019-12-09T03:22:24.332+0000][1][gc           ] GC(9) Concurrent Abortable Preclean
[2019-12-09T03:22:24.777+0000][1][gc           ] GC(9) Concurrent Abortable Preclean 444.968ms
[2019-12-09T03:22:24.777+0000][1][gc,cpu       ] GC(9) User=0.12s Sys=0.01s Real=0.45s
[2019-12-09T03:22:24.777+0000][1][safepoint    ] Application time: 0.5951016 seconds
[2019-12-09T03:22:24.834+0000][1][safepoint    ] Entering safepoint region: CMS_Final_Remark
[2019-12-09T03:22:24.834+0000][1][gc,start     ] GC(9) Pause Remark
[2019-12-09T03:22:24.983+0000][1][gc           ] GC(9) Pause Remark 62M->62M(247M) 149.120ms
[2019-12-09T03:22:24.983+0000][1][gc,cpu       ] GC(9) User=0.04s Sys=0.00s Real=0.15s
[2019-12-09T03:22:24.983+0000][1][safepoint    ] Leaving safepoint region
[2019-12-09T03:22:24.983+0000][1][safepoint    ] Total time for which application threads were stopped: 0.2065356 seconds, Stopping threads took: 0.0572879 seconds
[2019-12-09T03:22:24.985+0000][1][gc           ] GC(9) Concurrent Sweep
[2019-12-09T03:22:25.042+0000][1][gc           ] GC(9) Concurrent Sweep 57.473ms
[2019-12-09T03:22:25.042+0000][1][gc,cpu       ] GC(9) User=0.03s Sys=0.00s Real=0.05s
[2019-12-09T03:22:25.042+0000][1][gc           ] GC(9) Concurrent Reset
[2019-12-09T03:22:25.043+0000][1][gc           ] GC(9) Concurrent Reset 0.317ms
[2019-12-09T03:22:25.043+0000][1][gc,cpu       ] GC(9) User=0.00s Sys=0.00s Real=0.00s
[2019-12-09T03:22:25.043+0000][1][gc,heap      ] GC(9) Old: 11636K->11626K(174784K)
[2019-12-09T03:22:25.356+0000][1][safepoint    ] Application time: 0.3728490 seconds
[2019-12-09T03:22:25.356+0000][1][safepoint    ] Entering safepoint region: GenCollectForAllocation
[2019-12-09T03:22:25.357+0000][1][gc,start     ] GC(10) Pause Young (Allocation Failure)
[2019-12-09T03:22:25.357+0000][1][gc,task      ] GC(10) Using 2 workers of 2 for evacuation
[2019-12-09T03:22:25.462+0000][1][gc,age       ] GC(10) Desired survivor size 4456448 bytes, new threshold 6 (max threshold 6)
[2019-12-09T03:22:25.462+0000][1][gc,age       ] GC(10) Age table with threshold 6 (max threshold 6)
[2019-12-09T03:22:25.462+0000][1][gc,age       ] GC(10) - age   1:     949976 bytes,     949976 total
[2019-12-09T03:22:25.462+0000][1][gc,age       ] GC(10) - age   2:     650176 bytes,    1600152 total
[2019-12-09T03:22:25.462+0000][1][gc,age       ] GC(10) - age   3:     360784 bytes,    1960936 total
[2019-12-09T03:22:25.462+0000][1][gc,age       ] GC(10) - age   4:    1128656 bytes,    3089592 total
[2019-12-09T03:22:25.462+0000][1][gc,heap      ] GC(10) ParNew: 75956K->4635K(78656K)
[2019-12-09T03:22:25.462+0000][1][gc,heap      ] GC(10) CMS: 11626K->14215K(174784K)
[2019-12-09T03:22:25.462+0000][1][gc,metaspace ] GC(10) Metaspace: 20628K->20628K(1069056K)
[2019-12-09T03:22:25.462+0000][1][gc           ] GC(10) Pause Young (Allocation Failure) 85M->18M(247M) 104.973ms
[2019-12-09T03:22:25.462+0000][1][gc,cpu       ] GC(10) User=0.02s Sys=0.00s Real=0.10s
[2019-12-09T03:22:25.462+0000][1][safepoint    ] Leaving safepoint region
[2019-12-09T03:22:25.462+0000][1][safepoint    ] Total time for which application threads were stopped: 0.1055202 seconds, Stopping threads took: 0.0000137 seconds
[2019-12-09T03:22:26.486+0000][1][safepoint    ] Application time: 1.0239238 seconds
[2019-12-09T03:22:26.523+0000][1][safepoint    ] Entering safepoint region: Cleanup
[2019-12-09T03:22:26.523+0000][1][safepoint    ] Leaving safepoint region
[2019-12-09T03:22:26.523+0000][1][safepoint    ] Total time for which application threads were stopped: 0.0370976 seconds, Stopping threads took: 0.0370326 seconds
[2019-12-09T03:22:26.543+0000][1][safepoint    ] Application time: 0.0198493 seconds
[2019-12-09T03:22:26.543+0000][1][safepoint    ] Entering safepoint region: GenCollectForAllocation
[2019-12-09T03:22:26.543+0000][1][gc,start     ] GC(11) Pause Young (Allocation Failure)
[2019-12-09T03:22:26.543+0000][1][gc,task      ] GC(11) Using 2 workers of 2 for evacuation
[2019-12-09T03:22:26.632+0000][1][gc,age       ] GC(11) Desired survivor size 4456448 bytes, new threshold 6 (max threshold 6)
[2019-12-09T03:22:26.632+0000][1][gc,age       ] GC(11) Age table with threshold 6 (max threshold 6)
[2019-12-09T03:22:26.632+0000][1][gc,age       ] GC(11) - age   1:     831448 bytes,     831448 total
[2019-12-09T03:22:26.632+0000][1][gc,age       ] GC(11) - age   2:      97480 bytes,     928928 total
[2019-12-09T03:22:26.632+0000][1][gc,age       ] GC(11) - age   3:     650128 bytes,    1579056 total
[2019-12-09T03:22:26.632+0000][1][gc,age       ] GC(11) - age   4:     360680 bytes,    1939736 total
[2019-12-09T03:22:26.632+0000][1][gc,age       ] GC(11) - age   5:    1128368 bytes,    3068104 total
[2019-12-09T03:22:26.632+0000][1][gc,heap      ] GC(11) ParNew: 74587K->5132K(78656K)
[2019-12-09T03:22:26.632+0000][1][gc,heap      ] GC(11) CMS: 14215K->14215K(174784K)
[2019-12-09T03:22:26.632+0000][1][gc,metaspace ] GC(11) Metaspace: 20691K->20691K(1069056K)
[2019-12-09T03:22:26.632+0000][1][gc           ] GC(11) Pause Young (Allocation Failure) 86M->18M(247M) 89.168ms
[2019-12-09T03:22:26.632+0000][1][gc,cpu       ] GC(11) User=0.01s Sys=0.00s Real=0.09s
[2019-12-09T03:22:26.632+0000][1][safepoint    ] Leaving safepoint region
[2019-12-09T03:22:26.632+0000][1][safepoint    ] Total time for which application threads were stopped: 0.0892977 seconds, Stopping threads took: 0.0000131 seconds
[2019-12-09T03:22:27.280+0000][1][safepoint    ] Application time: 0.6480382 seconds
[2019-12-09T03:22:27.280+0000][1][safepoint    ] Entering safepoint region: Deoptimize
[2019-12-09T03:22:27.281+0000][1][safepoint    ] Leaving safepoint region
[2019-12-09T03:22:27.281+0000][1][safepoint    ] Total time for which application threads were stopped: 0.0004149 seconds, Stopping threads took: 0.0000134 seconds
[2019-12-09T03:22:28.332+0000][1][safepoint    ] Application time: 1.0512499 seconds
[2019-12-09T03:22:28.332+0000][1][safepoint    ] Entering safepoint region: Cleanup
[2019-12-09T03:22:28.332+0000][1][safepoint    ] Leaving safepoint region
[2019-12-09T03:22:28.332+0000][1][safepoint    ] Total time for which application threads were stopped: 0.0000921 seconds, Stopping threads took: 0.0000266 seconds
[2019-12-09T03:22:28.988+0000][1][safepoint    ] Application time: 0.6557948 seconds
[2019-12-09T03:22:28.988+0000][1][safepoint    ] Entering safepoint region: GenCollectForAllocation
[2019-12-09T03:22:28.988+0000][1][gc,start     ] GC(12) Pause Young (Allocation Failure)
[2019-12-09T03:22:28.988+0000][1][gc,task      ] GC(12) Using 2 workers of 2 for evacuation
[2019-12-09T03:22:29.087+0000][1][gc,age       ] GC(12) Desired survivor size 4456448 bytes, new threshold 6 (max threshold 6)
[2019-12-09T03:22:29.087+0000][1][gc,age       ] GC(12) Age table with threshold 6 (max threshold 6)
[2019-12-09T03:22:29.087+0000][1][gc,age       ] GC(12) - age   1:    1026424 bytes,    1026424 total
[2019-12-09T03:22:29.087+0000][1][gc,age       ] GC(12) - age   2:     305568 bytes,    1331992 total
[2019-12-09T03:22:29.087+0000][1][gc,age       ] GC(12) - age   3:      97480 bytes,    1429472 total
[2019-12-09T03:22:29.087+0000][1][gc,age       ] GC(12) - age   4:     650064 bytes,    2079536 total
[2019-12-09T03:22:29.087+0000][1][gc,age       ] GC(12) - age   5:     360680 bytes,    2440216 total
[2019-12-09T03:22:29.087+0000][1][gc,age       ] GC(12) - age   6:    1128368 bytes,    3568584 total
[2019-12-09T03:22:29.087+0000][1][gc,heap      ] GC(12) ParNew: 75084K->4947K(78656K)
[2019-12-09T03:22:29.087+0000][1][gc,heap      ] GC(12) CMS: 14215K->14215K(174784K)
[2019-12-09T03:22:29.087+0000][1][gc,metaspace ] GC(12) Metaspace: 22831K->22831K(1071104K)
[2019-12-09T03:22:29.087+0000][1][gc           ] GC(12) Pause Young (Allocation Failure) 87M->18M(247M) 98.975ms
[2019-12-09T03:22:29.087+0000][1][gc,cpu       ] GC(12) User=0.02s Sys=0.00s Real=0.10s
[2019-12-09T03:22:29.087+0000][1][safepoint    ] Leaving safepoint region
[2019-12-09T03:22:29.087+0000][1][safepoint    ] Total time for which application threads were stopped: 0.0991262 seconds, Stopping threads took: 0.0000148 seconds
[2019-12-09T03:22:29.555+0000][1][safepoint    ] Application time: 0.4678287 seconds
[2019-12-09T03:22:29.555+0000][1][safepoint    ] Entering safepoint region: Deoptimize
[2019-12-09T03:22:29.555+0000][1][safepoint    ] Leaving safepoint region
[2019-12-09T03:22:29.555+0000][1][safepoint    ] Total time for which application threads were stopped: 0.0005746 seconds, Stopping threads took: 0.0000127 seconds
[2019-12-09T03:22:30.437+0000][1][safepoint    ] Application time: 0.8813823 seconds
[2019-12-09T03:22:30.437+0000][1][safepoint    ] Entering safepoint region: Deoptimize
[2019-12-09T03:22:30.437+0000][1][safepoint    ] Leaving safepoint region
[2019-12-09T03:22:30.437+0000][1][safepoint    ] Total time for which application threads were stopped: 0.0004422 seconds, Stopping threads took: 0.0000145 seconds
[2019-12-09T03:22:30.539+0000][1][safepoint    ] Application time: 0.1019406 seconds
[2019-12-09T03:22:30.539+0000][1][safepoint    ] Entering safepoint region: Deoptimize
[2019-12-09T03:22:30.540+0000][1][safepoint    ] Leaving safepoint region
[2019-12-09T03:22:30.540+0000][1][safepoint    ] Total time for which application threads were stopped: 0.0004269 seconds, Stopping threads took: 0.0000134 seconds
[2019-12-09T03:22:30.668+0000][1][safepoint    ] Application time: 0.1280892 seconds
[2019-12-09T03:22:30.668+0000][1][safepoint    ] Entering safepoint region: RevokeBias
[2019-12-09T03:22:30.668+0000][1][safepoint    ] Leaving safepoint region
[2019-12-09T03:22:30.668+0000][1][safepoint    ] Total time for which application threads were stopped: 0.0000648 seconds, Stopping threads took: 0.0000132 seconds
[2019-12-09T03:22:31.673+0000][1][safepoint    ] Application time: 1.0048865 seconds
[2019-12-09T03:22:31.761+0000][1][safepoint    ] Entering safepoint region: Cleanup
[2019-12-09T03:22:31.761+0000][1][safepoint    ] Leaving safepoint region
[2019-12-09T03:22:31.761+0000][1][safepoint    ] Total time for which application threads were stopped: 0.0881223 seconds, Stopping threads took: 0.0880648 seconds
[2019-12-09T03:22:31.872+0000][1][safepoint    ] Application time: 0.1112035 seconds
[2019-12-09T03:22:31.872+0000][1][safepoint    ] Entering safepoint region: RevokeBias
[2019-12-09T03:22:31.872+0000][1][safepoint    ] Leaving safepoint region
[2019-12-09T03:22:31.872+0000][1][safepoint    ] Total time for which application threads were stopped: 0.0000832 seconds, Stopping threads took: 0.0000137 seconds
[2019-12-09T03:22:32.878+0000][1][safepoint    ] Application time: 1.0055751 seconds
[2019-12-09T03:22:32.909+0000][1][safepoint    ] Entering safepoint region: Cleanup
[2019-12-09T03:22:32.909+0000][1][safepoint    ] Leaving safepoint region
[2019-12-09T03:22:32.909+0000][1][safepoint    ] Total time for which application threads were stopped: 0.0312566 seconds, Stopping threads took: 0.0309967 seconds
[2019-12-09T03:22:33.925+0000][1][safepoint    ] Application time: 1.0156147 seconds
[2019-12-09T03:22:33.961+0000][1][safepoint    ] Entering safepoint region: Cleanup
[2019-12-09T03:22:33.961+0000][1][safepoint    ] Leaving safepoint region
[2019-12-09T03:22:33.961+0000][1][safepoint    ] Total time for which application threads were stopped: 0.0361410 seconds, Stopping threads took: 0.0360822 seconds
[2019-12-09T03:22:34.966+0000][1][safepoint    ] Application time: 1.0048447 seconds
[2019-12-09T03:22:35.009+0000][1][safepoint    ] Entering safepoint region: Cleanup
[2019-12-09T03:22:35.009+0000][1][safepoint    ] Leaving safepoint region
[2019-12-09T03:22:35.009+0000][1][safepoint    ] Total time for which application threads were stopped: 0.0436942 seconds, Stopping threads took: 0.0436442 seconds
[2019-12-09T03:22:35.624+0000][1][safepoint    ] Application time: 0.6149464 seconds
[2019-12-09T03:22:35.624+0000][1][safepoint    ] Entering safepoint region: GenCollectForAllocation
[2019-12-09T03:22:35.625+0000][1][gc,start     ] GC(13) Pause Young (Allocation Failure)
[2019-12-09T03:22:35.625+0000][1][gc,task      ] GC(13) Using 2 workers of 2 for evacuation
[2019-12-09T03:22:36.087+0000][1][gc,age       ] GC(13) Desired survivor size 4456448 bytes, new threshold 1 (max threshold 6)
[2019-12-09T03:22:36.087+0000][1][gc,age       ] GC(13) Age table with threshold 1 (max threshold 6)
[2019-12-09T03:22:36.087+0000][1][gc,age       ] GC(13) - age   1:    6829792 bytes,    6829792 total
[2019-12-09T03:22:36.087+0000][1][gc,age       ] GC(13) - age   2:     693664 bytes,    7523456 total
[2019-12-09T03:22:36.087+0000][1][gc,age       ] GC(13) - age   3:     302368 bytes,    7825824 total
[2019-12-09T03:22:36.087+0000][1][gc,age       ] GC(13) - age   4:      96216 bytes,    7922040 total
[2019-12-09T03:22:36.087+0000][1][gc,age       ] GC(13) - age   5:     633336 bytes,    8555376 total
[2019-12-09T03:22:36.087+0000][1][gc,age       ] GC(13) - age   6:     357328 bytes,    8912704 total
[2019-12-09T03:22:36.087+0000][1][gc,heap      ] GC(13) ParNew: 74899K->8704K(78656K)
[2019-12-09T03:22:36.087+0000][1][gc,heap      ] GC(13) CMS: 14215K->21856K(174784K)
[2019-12-09T03:22:36.087+0000][1][gc,metaspace ] GC(13) Metaspace: 27198K->27198K(1075200K)
[2019-12-09T03:22:36.087+0000][1][gc           ] GC(13) Pause Young (Allocation Failure) 87M->29M(247M) 462.741ms
[2019-12-09T03:22:36.087+0000][1][gc,cpu       ] GC(13) User=0.09s Sys=0.00s Real=0.47s
[2019-12-09T03:22:36.087+0000][1][safepoint    ] Leaving safepoint region
[2019-12-09T03:22:36.087+0000][1][safepoint    ] Total time for which application threads were stopped: 0.4628788 seconds, Stopping threads took: 0.0000146 seconds
[2019-12-09T03:22:37.095+0000][1][safepoint    ] Application time: 1.0073675 seconds
[2019-12-09T03:22:37.095+0000][1][safepoint    ] Entering safepoint region: Cleanup
[2019-12-09T03:22:37.095+0000][1][safepoint    ] Leaving safepoint region
[2019-12-09T03:22:37.095+0000][1][safepoint    ] Total time for which application threads were stopped: 0.0000987 seconds, Stopping threads took: 0.0000497 seconds
[2019-12-09T03:22:39.114+0000][1][safepoint    ] Application time: 2.0188449 seconds
[2019-12-09T03:22:39.114+0000][1][safepoint    ] Entering safepoint region: Cleanup
[2019-12-09T03:22:39.114+0000][1][safepoint    ] Leaving safepoint region
[2019-12-09T03:22:39.114+0000][1][safepoint    ] Total time for which application threads were stopped: 0.0001485 seconds, Stopping threads took: 0.0000644 seconds
[2019-12-09T03:22:39.414+0000][1][safepoint    ] Application time: 0.3005284 seconds
[2019-12-09T03:22:39.414+0000][1][safepoint    ] Entering safepoint region: GenCollectForAllocation
[2019-12-09T03:22:39.415+0000][1][gc,start     ] GC(14) Pause Young (Allocation Failure)
[2019-12-09T03:22:39.415+0000][1][gc,task      ] GC(14) Using 2 workers of 2 for evacuation
[2019-12-09T03:22:40.104+0000][1][gc,age       ] GC(14) Desired survivor size 4456448 bytes, new threshold 1 (max threshold 6)
[2019-12-09T03:22:40.104+0000][1][gc,age       ] GC(14) Age table with threshold 1 (max threshold 6)
[2019-12-09T03:22:40.104+0000][1][gc,age       ] GC(14) - age   1:    8912784 bytes,    8912784 total
[2019-12-09T03:22:40.104+0000][1][gc,heap      ] GC(14) ParNew: 78656K->8704K(78656K)
[2019-12-09T03:22:40.104+0000][1][gc,heap      ] GC(14) CMS: 21856K->34879K(174784K)
[2019-12-09T03:22:40.104+0000][1][gc,metaspace ] GC(14) Metaspace: 27333K->27333K(1075200K)
[2019-12-09T03:22:40.104+0000][1][gc           ] GC(14) Pause Young (Allocation Failure) 98M->42M(247M) 689.212ms
[2019-12-09T03:22:40.104+0000][1][gc,cpu       ] GC(14) User=0.19s Sys=0.00s Real=0.69s
[2019-12-09T03:22:40.104+0000][1][safepoint    ] Leaving safepoint region
[2019-12-09T03:22:40.104+0000][1][safepoint    ] Total time for which application threads were stopped: 0.6893441 seconds, Stopping threads took: 0.0000149 seconds
[2019-12-09T03:22:41.256+0000][1][safepoint    ] Application time: 1.1519001 seconds
[2019-12-09T03:22:41.270+0000][1][safepoint    ] Entering safepoint region: Cleanup
[2019-12-09T03:22:41.270+0000][1][safepoint    ] Leaving safepoint region
[2019-12-09T03:22:41.270+0000][1][safepoint    ] Total time for which application threads were stopped: 0.0144846 seconds, Stopping threads took: 0.0144347 seconds
[2019-12-09T03:22:42.274+0000][1][safepoint    ] Application time: 1.0035570 seconds
[2019-12-09T03:22:42.319+0000][1][safepoint    ] Entering safepoint region: Cleanup
[2019-12-09T03:22:42.319+0000][1][safepoint    ] Leaving safepoint region
[2019-12-09T03:22:42.319+0000][1][safepoint    ] Total time for which application threads were stopped: 0.0450824 seconds, Stopping threads took: 0.0450388 seconds
[2019-12-09T03:22:43.324+0000][1][safepoint    ] Application time: 1.0047744 seconds
[2019-12-09T03:22:43.338+0000][1][safepoint    ] Entering safepoint region: Cleanup
[2019-12-09T03:22:43.338+0000][1][safepoint    ] Leaving safepoint region
[2019-12-09T03:22:43.338+0000][1][safepoint    ] Total time for which application threads were stopped: 0.0141089 seconds, Stopping threads took: 0.0140458 seconds
[2019-12-09T03:22:44.209+0000][1][safepoint    ] Application time: 0.8708281 seconds
[2019-12-09T03:22:44.209+0000][1][safepoint    ] Entering safepoint region: GenCollectForAllocation
[2019-12-09T03:22:44.209+0000][1][gc,start     ] GC(15) Pause Young (Allocation Failure)
[2019-12-09T03:22:44.209+0000][1][gc,task      ] GC(15) Using 2 workers of 2 for evacuation
[2019-12-09T03:22:44.729+0000][1][gc,age       ] GC(15) Desired survivor size 4456448 bytes, new threshold 1 (max threshold 6)
[2019-12-09T03:22:44.729+0000][1][gc,age       ] GC(15) Age table with threshold 1 (max threshold 6)
[2019-12-09T03:22:44.729+0000][1][gc,age       ] GC(15) - age   1:    8912792 bytes,    8912792 total
[2019-12-09T03:22:44.729+0000][1][gc,heap      ] GC(15) ParNew: 78656K->8704K(78656K)
[2019-12-09T03:22:44.729+0000][1][gc,heap      ] GC(15) CMS: 34879K->46180K(174784K)
[2019-12-09T03:22:44.729+0000][1][gc,metaspace ] GC(15) Metaspace: 29480K->29480K(1077248K)
[2019-12-09T03:22:44.729+0000][1][gc           ] GC(15) Pause Young (Allocation Failure) 110M->53M(247M) 520.201ms
[2019-12-09T03:22:44.729+0000][1][gc,cpu       ] GC(15) User=0.22s Sys=0.00s Real=0.52s
[2019-12-09T03:22:44.729+0000][1][safepoint    ] Leaving safepoint region
[2019-12-09T03:22:44.729+0000][1][safepoint    ] Total time for which application threads were stopped: 0.5203612 seconds, Stopping threads took: 0.0000144 seconds
[2019-12-09T03:22:45.737+0000][1][safepoint    ] Application time: 1.0075822 seconds
[2019-12-09T03:22:45.775+0000][1][safepoint    ] Entering safepoint region: Cleanup
[2019-12-09T03:22:45.775+0000][1][safepoint    ] Leaving safepoint region
[2019-12-09T03:22:45.775+0000][1][safepoint    ] Total time for which application threads were stopped: 0.0380757 seconds, Stopping threads took: 0.0380239 seconds
[2019-12-09T03:22:46.776+0000][1][safepoint    ] Application time: 1.0008823 seconds
[2019-12-09T03:22:46.818+0000][1][safepoint    ] Entering safepoint region: Cleanup
[2019-12-09T03:22:46.818+0000][1][safepoint    ] Leaving safepoint region
[2019-12-09T03:22:46.818+0000][1][safepoint    ] Total time for which application threads were stopped: 0.0420446 seconds, Stopping threads took: 0.0419992 seconds
[2019-12-09T03:22:47.788+0000][1][safepoint    ] Application time: 0.9704484 seconds
[2019-12-09T03:22:47.788+0000][1][safepoint    ] Entering safepoint region: GenCollectForAllocation
[2019-12-09T03:22:47.788+0000][1][gc,start     ] GC(16) Pause Young (Allocation Failure)
[2019-12-09T03:22:47.788+0000][1][gc,task      ] GC(16) Using 2 workers of 2 for evacuation
[2019-12-09T03:22:48.040+0000][1][gc,age       ] GC(16) Desired survivor size 4456448 bytes, new threshold 6 (max threshold 6)
[2019-12-09T03:22:48.040+0000][1][gc,age       ] GC(16) Age table with threshold 6 (max threshold 6)
[2019-12-09T03:22:48.040+0000][1][gc,age       ] GC(16) - age   1:    1286128 bytes,    1286128 total
[2019-12-09T03:22:48.040+0000][1][gc,heap      ] GC(16) ParNew: 78656K->8616K(78656K)
[2019-12-09T03:22:48.040+0000][1][gc,heap      ] GC(16) CMS: 46180K->54948K(174784K)
[2019-12-09T03:22:48.040+0000][1][gc,metaspace ] GC(16) Metaspace: 33040K->33040K(1079296K)
[2019-12-09T03:22:48.040+0000][1][gc           ] GC(16) Pause Young (Allocation Failure) 121M->62M(247M) 251.223ms
[2019-12-09T03:22:48.040+0000][1][gc,cpu       ] GC(16) User=0.09s Sys=0.00s Real=0.25s
[2019-12-09T03:22:48.040+0000][1][safepoint    ] Leaving safepoint region
[2019-12-09T03:22:48.040+0000][1][safepoint    ] Total time for which application threads were stopped: 0.2513984 seconds, Stopping threads took: 0.0000155 seconds
[2019-12-09T03:22:49.042+0000][1][safepoint    ] Application time: 1.0019828 seconds
[2019-12-09T03:22:49.097+0000][1][safepoint    ] Entering safepoint region: Cleanup
[2019-12-09T03:22:49.097+0000][1][safepoint    ] Leaving safepoint region
[2019-12-09T03:22:49.097+0000][1][safepoint    ] Total time for which application threads were stopped: 0.0551044 seconds, Stopping threads took: 0.0550425 seconds
[2019-12-09T03:22:49.896+0000][1][safepoint    ] Application time: 0.7992151 seconds
[2019-12-09T03:22:49.896+0000][1][safepoint    ] Entering safepoint region: CollectForMetadataAllocation
[2019-12-09T03:22:49.896+0000][1][safepoint    ] Leaving safepoint region
[2019-12-09T03:22:49.896+0000][1][safepoint    ] Total time for which application threads were stopped: 0.0002466 seconds, Stopping threads took: 0.0000131 seconds
[2019-12-09T03:22:50.077+0000][1][safepoint    ] Application time: 0.1804146 seconds
[2019-12-09T03:22:50.083+0000][1][safepoint    ] Entering safepoint region: CMS_Initial_Mark
[2019-12-09T03:22:50.083+0000][1][gc,start     ] GC(17) Pause Initial Mark
[2019-12-09T03:22:50.184+0000][1][gc           ] GC(17) Pause Initial Mark 123M->123M(247M) 100.758ms
[2019-12-09T03:22:50.184+0000][1][gc,cpu       ] GC(17) User=0.04s Sys=0.00s Real=0.10s
[2019-12-09T03:22:50.184+0000][1][safepoint    ] Leaving safepoint region
[2019-12-09T03:22:50.184+0000][1][safepoint    ] Total time for which application threads were stopped: 0.1073039 seconds, Stopping threads took: 0.0064255 seconds
[2019-12-09T03:22:50.184+0000][1][gc           ] GC(17) Concurrent Mark
[2019-12-09T03:22:50.440+0000][1][safepoint    ] Application time: 0.2555202 seconds
[2019-12-09T03:22:50.440+0000][1][safepoint    ] Entering safepoint region: CollectForMetadataAllocation
[2019-12-09T03:22:50.440+0000][1][safepoint    ] Leaving safepoint region
[2019-12-09T03:22:50.440+0000][1][safepoint    ] Total time for which application threads were stopped: 0.0002454 seconds, Stopping threads took: 0.0000313 seconds
[2019-12-09T03:22:51.052+0000][1][safepoint    ] Application time: 0.6117882 seconds
[2019-12-09T03:22:51.052+0000][1][safepoint    ] Entering safepoint region: CollectForMetadataAllocation
[2019-12-09T03:22:51.052+0000][1][safepoint    ] Leaving safepoint region
[2019-12-09T03:22:51.052+0000][1][safepoint    ] Total time for which application threads were stopped: 0.0002344 seconds, Stopping threads took: 0.0000173 seconds
[2019-12-09T03:22:51.154+0000][1][gc           ] GC(17) Concurrent Mark 970.283ms
[2019-12-09T03:22:51.154+0000][1][gc,cpu       ] GC(17) User=0.26s Sys=0.01s Real=0.97s
[2019-12-09T03:22:51.154+0000][1][gc           ] GC(17) Concurrent Preclean
[2019-12-09T03:22:51.173+0000][1][gc           ] GC(17) Concurrent Preclean 18.683ms
[2019-12-09T03:22:51.173+0000][1][gc,cpu       ] GC(17) User=0.00s Sys=0.00s Real=0.02s
[2019-12-09T03:22:51.173+0000][1][gc           ] GC(17) Concurrent Abortable Preclean
[2019-12-09T03:22:51.217+0000][1][safepoint    ] Application time: 0.1648061 seconds
[2019-12-09T03:22:51.217+0000][1][safepoint    ] Entering safepoint region: CollectForMetadataAllocation
[2019-12-09T03:22:51.217+0000][1][safepoint    ] Leaving safepoint region
[2019-12-09T03:22:51.217+0000][1][safepoint    ] Total time for which application threads were stopped: 0.0002389 seconds, Stopping threads took: 0.0000135 seconds
[2019-12-09T03:22:51.390+0000][1][safepoint    ] Application time: 0.1726741 seconds
[2019-12-09T03:22:51.390+0000][1][safepoint    ] Entering safepoint region: CollectForMetadataAllocation
[2019-12-09T03:22:51.390+0000][1][safepoint    ] Leaving safepoint region
[2019-12-09T03:22:51.390+0000][1][safepoint    ] Total time for which application threads were stopped: 0.0002338 seconds, Stopping threads took: 0.0000149 seconds
[2019-12-09T03:22:51.636+0000][1][safepoint    ] Application time: 0.2456938 seconds
[2019-12-09T03:22:51.636+0000][1][safepoint    ] Entering safepoint region: CollectForMetadataAllocation
[2019-12-09T03:22:51.636+0000][1][safepoint    ] Leaving safepoint region
[2019-12-09T03:22:51.636+0000][1][safepoint    ] Total time for which application threads were stopped: 0.0002591 seconds, Stopping threads took: 0.0000151 seconds
[2019-12-09T03:22:51.664+0000][1][safepoint    ] Application time: 0.0276964 seconds
[2019-12-09T03:22:51.664+0000][1][safepoint    ] Entering safepoint region: GenCollectForAllocation
[2019-12-09T03:22:51.664+0000][1][gc,start     ] GC(18) Pause Young (Allocation Failure)
[2019-12-09T03:22:51.664+0000][1][gc,task      ] GC(18) Using 2 workers of 2 for evacuation
[2019-12-09T03:22:51.879+0000][1][gc,age       ] GC(18) Desired survivor size 4456448 bytes, new threshold 6 (max threshold 6)
[2019-12-09T03:22:51.879+0000][1][gc,age       ] GC(18) Age table with threshold 6 (max threshold 6)
[2019-12-09T03:22:51.879+0000][1][gc,age       ] GC(18) - age   1:    1926112 bytes,    1926112 total
[2019-12-09T03:22:51.879+0000][1][gc,age       ] GC(18) - age   2:    1219248 bytes,    3145360 total
[2019-12-09T03:22:51.879+0000][1][gc,heap      ] GC(18) ParNew: 78568K->3584K(78656K)
[2019-12-09T03:22:51.879+0000][1][gc,heap      ] GC(18) CMS: 54948K->54948K(174784K)
[2019-12-09T03:22:51.879+0000][1][gc,metaspace ] GC(18) Metaspace: 35203K->35203K(1081344K)
[2019-12-09T03:22:51.879+0000][1][gc           ] GC(18) Pause Young (Allocation Failure) 130M->57M(247M) 215.334ms
[2019-12-09T03:22:51.879+0000][1][gc,cpu       ] GC(18) User=0.03s Sys=0.00s Real=0.22s
[2019-12-09T03:22:51.879+0000][1][safepoint    ] Leaving safepoint region
[2019-12-09T03:22:51.879+0000][1][safepoint    ] Total time for which application threads were stopped: 0.2154663 seconds, Stopping threads took: 0.0000140 seconds
[2019-12-09T03:22:52.035+0000][1][safepoint    ] Application time: 0.1556635 seconds
[2019-12-09T03:22:52.035+0000][1][safepoint    ] Entering safepoint region: CollectForMetadataAllocation
[2019-12-09T03:22:52.035+0000][1][safepoint    ] Leaving safepoint region
[2019-12-09T03:22:52.035+0000][1][safepoint    ] Total time for which application threads were stopped: 0.0002370 seconds, Stopping threads took: 0.0000151 seconds
[2019-12-09T03:22:52.384+0000][1][safepoint    ] Application time: 0.3485807 seconds
[2019-12-09T03:22:52.386+0000][1][safepoint    ] Entering safepoint region: CollectForMetadataAllocation
[2019-12-09T03:22:52.386+0000][1][safepoint    ] Leaving safepoint region
[2019-12-09T03:22:52.386+0000][1][safepoint    ] Total time for which application threads were stopped: 0.0020557 seconds, Stopping threads took: 0.0019153 seconds
[2019-12-09T03:22:52.693+0000][1][safepoint    ] Application time: 0.3068318 seconds
[2019-12-09T03:22:52.693+0000][1][safepoint    ] Entering safepoint region: CollectForMetadataAllocation
[2019-12-09T03:22:52.693+0000][1][safepoint    ] Leaving safepoint region
[2019-12-09T03:22:52.693+0000][1][safepoint    ] Total time for which application threads were stopped: 0.0002170 seconds, Stopping threads took: 0.0000143 seconds
[2019-12-09T03:22:52.942+0000][1][safepoint    ] Application time: 0.2488215 seconds
[2019-12-09T03:22:52.942+0000][1][safepoint    ] Entering safepoint region: CollectForMetadataAllocation
[2019-12-09T03:22:52.942+0000][1][safepoint    ] Leaving safepoint region
[2019-12-09T03:22:52.942+0000][1][safepoint    ] Total time for which application threads were stopped: 0.0002400 seconds, Stopping threads took: 0.0000171 seconds
[2019-12-09T03:22:53.221+0000][1][safepoint    ] Application time: 0.2786355 seconds
[2019-12-09T03:22:53.221+0000][1][safepoint    ] Entering safepoint region: CollectForMetadataAllocation
[2019-12-09T03:22:53.221+0000][1][safepoint    ] Leaving safepoint region
[2019-12-09T03:22:53.221+0000][1][safepoint    ] Total time for which application threads were stopped: 0.0002182 seconds, Stopping threads took: 0.0000131 seconds
[2019-12-09T03:22:53.362+0000][1][safepoint    ] Application time: 0.1407641 seconds
[2019-12-09T03:22:53.362+0000][1][safepoint    ] Entering safepoint region: RevokeBias
[2019-12-09T03:22:53.362+0000][1][safepoint    ] Leaving safepoint region
[2019-12-09T03:22:53.362+0000][1][safepoint    ] Total time for which application threads were stopped: 0.0001293 seconds, Stopping threads took: 0.0000125 seconds
[2019-12-09T03:22:53.527+0000][1][safepoint    ] Application time: 0.1655124 seconds
[2019-12-09T03:22:53.527+0000][1][safepoint    ] Entering safepoint region: CollectForMetadataAllocation
[2019-12-09T03:22:53.528+0000][1][safepoint    ] Leaving safepoint region
[2019-12-09T03:22:53.528+0000][1][safepoint    ] Total time for which application threads were stopped: 0.0002344 seconds, Stopping threads took: 0.0000131 seconds
[2019-12-09T03:22:53.588+0000][1][safepoint    ] Application time: 0.0601036 seconds
[2019-12-09T03:22:53.703+0000][1][safepoint    ] Entering safepoint region: CollectForMetadataAllocation
[2019-12-09T03:22:53.703+0000][1][safepoint    ] Leaving safepoint region
[2019-12-09T03:22:53.703+0000][1][safepoint    ] Total time for which application threads were stopped: 0.1149511 seconds, Stopping threads took: 0.1148915 seconds
[2019-12-09T03:22:54.090+0000][1][safepoint    ] Application time: 0.3869231 seconds
[2019-12-09T03:22:54.090+0000][1][safepoint    ] Entering safepoint region: CollectForMetadataAllocation
[2019-12-09T03:22:54.090+0000][1][safepoint    ] Leaving safepoint region
[2019-12-09T03:22:54.090+0000][1][safepoint    ] Total time for which application threads were stopped: 0.0001612 seconds, Stopping threads took: 0.0000148 seconds
[2019-12-09T03:22:54.333+0000][1][safepoint    ] Application time: 0.2427933 seconds
[2019-12-09T03:22:54.333+0000][1][safepoint    ] Entering safepoint region: CollectForMetadataAllocation
[2019-12-09T03:22:54.333+0000][1][safepoint    ] Leaving safepoint region
[2019-12-09T03:22:54.333+0000][1][safepoint    ] Total time for which application threads were stopped: 0.0002094 seconds, Stopping threads took: 0.0000131 seconds
[2019-12-09T03:22:54.492+0000][1][safepoint    ] Application time: 0.1587798 seconds
[2019-12-09T03:22:54.492+0000][1][safepoint    ] Entering safepoint region: CollectForMetadataAllocation
[2019-12-09T03:22:54.492+0000][1][safepoint    ] Leaving safepoint region
[2019-12-09T03:22:54.492+0000][1][safepoint    ] Total time for which application threads were stopped: 0.0002481 seconds, Stopping threads took: 0.0000174 seconds
[2019-12-09T03:22:54.661+0000][1][safepoint    ] Application time: 0.1686795 seconds
[2019-12-09T03:22:54.661+0000][1][safepoint    ] Entering safepoint region: CollectForMetadataAllocation
[2019-12-09T03:22:54.661+0000][1][safepoint    ] Leaving safepoint region
[2019-12-09T03:22:54.661+0000][1][safepoint    ] Total time for which application threads were stopped: 0.0002328 seconds, Stopping threads took: 0.0000144 seconds
[2019-12-09T03:22:55.136+0000][1][safepoint    ] Application time: 0.4747035 seconds
[2019-12-09T03:22:55.136+0000][1][safepoint    ] Entering safepoint region: CollectForMetadataAllocation
[2019-12-09T03:22:55.136+0000][1][safepoint    ] Leaving safepoint region
[2019-12-09T03:22:55.136+0000][1][safepoint    ] Total time for which application threads were stopped: 0.0002385 seconds, Stopping threads took: 0.0000175 seconds
[2019-12-09T03:22:55.483+0000][1][safepoint    ] Application time: 0.3467263 seconds
[2019-12-09T03:22:55.483+0000][1][safepoint    ] Entering safepoint region: CollectForMetadataAllocation
[2019-12-09T03:22:55.483+0000][1][safepoint    ] Leaving safepoint region
[2019-12-09T03:22:55.483+0000][1][safepoint    ] Total time for which application threads were stopped: 0.0002353 seconds, Stopping threads took: 0.0000158 seconds
[2019-12-09T03:22:55.709+0000][1][safepoint    ] Application time: 0.2257077 seconds
[2019-12-09T03:22:55.709+0000][1][safepoint    ] Entering safepoint region: CollectForMetadataAllocation
[2019-12-09T03:22:55.709+0000][1][safepoint    ] Leaving safepoint region
[2019-12-09T03:22:55.709+0000][1][safepoint    ] Total time for which application threads were stopped: 0.0002614 seconds, Stopping threads took: 0.0000425 seconds
[2019-12-09T03:22:55.960+0000][1][safepoint    ] Application time: 0.2514278 seconds
[2019-12-09T03:22:55.960+0000][1][safepoint    ] Entering safepoint region: CollectForMetadataAllocation
[2019-12-09T03:22:55.961+0000][1][safepoint    ] Leaving safepoint region
[2019-12-09T03:22:55.961+0000][1][safepoint    ] Total time for which application threads were stopped: 0.0002528 seconds, Stopping threads took: 0.0000138 seconds
[2019-12-09T03:22:56.272+0000][1][safepoint    ] Application time: 0.3110086 seconds
[2019-12-09T03:22:56.272+0000][1][safepoint    ] Entering safepoint region: CollectForMetadataAllocation
[2019-12-09T03:22:56.272+0000][1][safepoint    ] Leaving safepoint region
[2019-12-09T03:22:56.272+0000][1][safepoint    ] Total time for which application threads were stopped: 0.0001597 seconds, Stopping threads took: 0.0000153 seconds
[2019-12-09T03:22:56.297+0000][1][gc           ] GC(17) Concurrent Abortable Preclean 5124.019ms
[2019-12-09T03:22:56.297+0000][1][gc,cpu       ] GC(17) User=1.33s Sys=0.01s Real=5.13s
[2019-12-09T03:22:56.297+0000][1][safepoint    ] Application time: 0.0253996 seconds
[2019-12-09T03:22:56.297+0000][1][safepoint    ] Entering safepoint region: CMS_Final_Remark
[2019-12-09T03:22:56.297+0000][1][gc,start     ] GC(17) Pause Remark
[2019-12-09T03:22:56.436+0000][1][gc           ] GC(17) Pause Remark 76M->76M(247M) 138.890ms
[2019-12-09T03:22:56.436+0000][1][gc,cpu       ] GC(17) User=0.04s Sys=0.00s Real=0.14s
[2019-12-09T03:22:56.436+0000][1][safepoint    ] Leaving safepoint region
[2019-12-09T03:22:56.436+0000][1][safepoint    ] Total time for which application threads were stopped: 0.1390183 seconds, Stopping threads took: 0.0000123 seconds
[2019-12-09T03:22:56.455+0000][1][gc           ] GC(17) Concurrent Sweep
[2019-12-09T03:22:56.831+0000][1][safepoint    ] Application time: 0.3942731 seconds
[2019-12-09T03:22:56.831+0000][1][safepoint    ] Entering safepoint region: CollectForMetadataAllocation
[2019-12-09T03:22:56.831+0000][1][safepoint    ] Leaving safepoint region
[2019-12-09T03:22:56.831+0000][1][safepoint    ] Total time for which application threads were stopped: 0.0007362 seconds, Stopping threads took: 0.0000137 seconds
[2019-12-09T03:22:56.832+0000][1][gc           ] GC(17) Concurrent Sweep 377.000ms
[2019-12-09T03:22:56.832+0000][1][gc,cpu       ] GC(17) User=0.10s Sys=0.00s Real=0.37s
[2019-12-09T03:22:56.859+0000][1][gc           ] GC(17) Concurrent Reset
[2019-12-09T03:22:56.859+0000][1][gc           ] GC(17) Concurrent Reset 0.340ms
[2019-12-09T03:22:56.859+0000][1][gc,cpu       ] GC(17) User=0.00s Sys=0.00s Real=0.00s
[2019-12-09T03:22:56.859+0000][1][gc,heap      ] GC(17) Old: 54948K->54710K(174784K)
[2019-12-09T03:22:57.834+0000][1][safepoint    ] Application time: 1.0022407 seconds
[2019-12-09T03:22:57.839+0000][1][safepoint    ] Entering safepoint region: Cleanup
[2019-12-09T03:22:57.839+0000][1][safepoint    ] Leaving safepoint region
[2019-12-09T03:22:57.839+0000][1][safepoint    ] Total time for which application threads were stopped: 0.0050300 seconds, Stopping threads took: 0.0049788 seconds
[2019-12-09T03:22:58.295+0000][1][safepoint    ] Application time: 0.4562115 seconds
[2019-12-09T03:22:58.295+0000][1][safepoint    ] Entering safepoint region: RevokeBias
[2019-12-09T03:22:58.295+0000][1][safepoint    ] Leaving safepoint region
[2019-12-09T03:22:58.295+0000][1][safepoint    ] Total time for which application threads were stopped: 0.0000913 seconds, Stopping threads took: 0.0000125 seconds
[2019-12-09T03:22:59.300+0000][1][safepoint    ] Application time: 1.0045936 seconds
[2019-12-09T03:22:59.448+0000][1][safepoint    ] Entering safepoint region: Cleanup
[2019-12-09T03:22:59.448+0000][1][safepoint    ] Leaving safepoint region
[2019-12-09T03:22:59.448+0000][1][safepoint    ] Total time for which application threads were stopped: 0.1480639 seconds, Stopping threads took: 0.1479933 seconds
[2019-12-09T03:23:03.303+0000][1][safepoint    ] Application time: 3.8548842 seconds
[2019-12-09T03:23:03.379+0000][1][safepoint    ] Entering safepoint region: RevokeBias
[2019-12-09T03:23:03.379+0000][1][safepoint    ] Leaving safepoint region
[2019-12-09T03:23:03.379+0000][1][safepoint    ] Total time for which application threads were stopped: 0.0761505 seconds, Stopping threads took: 0.0760541 seconds
[2019-12-09T03:23:03.383+0000][1][safepoint    ] Application time: 0.0037962 seconds
[2019-12-09T03:23:03.408+0000][1][safepoint    ] Entering safepoint region: RevokeBias
[2019-12-09T03:23:03.408+0000][1][safepoint    ] Leaving safepoint region
[2019-12-09T03:23:03.408+0000][1][safepoint    ] Total time for which application threads were stopped: 0.0251824 seconds, Stopping threads took: 0.0250886 seconds
[2019-12-09T03:23:03.437+0000][1][safepoint    ] Application time: 0.0287880 seconds
[2019-12-09T03:23:03.500+0000][1][safepoint    ] Entering safepoint region: RevokeBias
[2019-12-09T03:23:03.500+0000][1][safepoint    ] Leaving safepoint region
[2019-12-09T03:23:03.500+0000][1][safepoint    ] Total time for which application threads were stopped: 0.0631770 seconds, Stopping threads took: 0.0630717 seconds
[2019-12-09T03:23:03.500+0000][1][safepoint    ] Application time: 0.0001817 seconds
[2019-12-09T03:23:03.500+0000][1][safepoint    ] Entering safepoint region: RevokeBias
[2019-12-09T03:23:03.500+0000][1][safepoint    ] Leaving safepoint region
[2019-12-09T03:23:03.500+0000][1][safepoint    ] Total time for which application threads were stopped: 0.0000820 seconds, Stopping threads took: 0.0000100 seconds
[2019-12-09T03:23:03.500+0000][1][safepoint    ] Application time: 0.0002725 seconds
[2019-12-09T03:23:03.501+0000][1][safepoint    ] Entering safepoint region: RevokeBias
[2019-12-09T03:23:03.501+0000][1][safepoint    ] Leaving safepoint region
[2019-12-09T03:23:03.501+0000][1][safepoint    ] Total time for which application threads were stopped: 0.0000809 seconds, Stopping threads took: 0.0000103 seconds
[2019-12-09T03:23:03.501+0000][1][safepoint    ] Application time: 0.0001596 seconds
[2019-12-09T03:23:03.501+0000][1][safepoint    ] Entering safepoint region: RevokeBias
[2019-12-09T03:23:03.501+0000][1][safepoint    ] Leaving safepoint region
[2019-12-09T03:23:03.501+0000][1][safepoint    ] Total time for which application threads were stopped: 0.0000722 seconds, Stopping threads took: 0.0000084 seconds
[2019-12-09T03:23:03.501+0000][1][safepoint    ] Application time: 0.0000548 seconds
[2019-12-09T03:23:03.501+0000][1][safepoint    ] Entering safepoint region: RevokeBias
[2019-12-09T03:23:03.501+0000][1][safepoint    ] Leaving safepoint region
[2019-12-09T03:23:03.501+0000][1][safepoint    ] Total time for which application threads were stopped: 0.0000573 seconds, Stopping threads took: 0.0000072 seconds
[2019-12-09T03:23:03.501+0000][1][safepoint    ] Application time: 0.0000878 seconds
[2019-12-09T03:23:03.501+0000][1][safepoint    ] Entering safepoint region: RevokeBias
[2019-12-09T03:23:03.501+0000][1][safepoint    ] Leaving safepoint region
[2019-12-09T03:23:03.501+0000][1][safepoint    ] Total time for which application threads were stopped: 0.0000618 seconds, Stopping threads took: 0.0000073 seconds
[2019-12-09T03:23:03.501+0000][1][safepoint    ] Application time: 0.0000596 seconds
[2019-12-09T03:23:03.501+0000][1][safepoint    ] Entering safepoint region: RevokeBias
[2019-12-09T03:23:03.501+0000][1][safepoint    ] Leaving safepoint region
[2019-12-09T03:23:03.501+0000][1][safepoint    ] Total time for which application threads were stopped: 0.0000612 seconds, Stopping threads took: 0.0000073 seconds
[2019-12-09T03:23:03.503+0000][1][safepoint    ] Application time: 0.0015168 seconds
[2019-12-09T03:23:03.503+0000][1][safepoint    ] Entering safepoint region: RevokeBias
[2019-12-09T03:23:03.503+0000][1][safepoint    ] Leaving safepoint region
[2019-12-09T03:23:03.503+0000][1][safepoint    ] Total time for which application threads were stopped: 0.0000812 seconds, Stopping threads took: 0.0000106 seconds
[2019-12-09T03:23:03.503+0000][1][safepoint    ] Application time: 0.0000993 seconds
[2019-12-09T03:23:03.503+0000][1][safepoint    ] Entering safepoint region: RevokeBias
[2019-12-09T03:23:03.503+0000][1][safepoint    ] Leaving safepoint region
[2019-12-09T03:23:03.503+0000][1][safepoint    ] Total time for which application threads were stopped: 0.0000683 seconds, Stopping threads took: 0.0000089 seconds
[2019-12-09T03:23:04.519+0000][1][safepoint    ] Application time: 1.0160037 seconds
[2019-12-09T03:23:04.546+0000][1][safepoint    ] Entering safepoint region: Cleanup
[2019-12-09T03:23:04.546+0000][1][safepoint    ] Leaving safepoint region
[2019-12-09T03:23:04.546+0000][1][safepoint    ] Total time for which application threads were stopped: 0.0268577 seconds, Stopping threads took: 0.0267891 seconds
[2019-12-09T03:23:05.547+0000][1][safepoint    ] Application time: 1.0007143 seconds
[2019-12-09T03:23:05.588+0000][1][safepoint    ] Entering safepoint region: Cleanup
[2019-12-09T03:23:05.588+0000][1][safepoint    ] Leaving safepoint region
[2019-12-09T03:23:05.588+0000][1][safepoint    ] Total time for which application threads were stopped: 0.0412297 seconds, Stopping threads took: 0.0411569 seconds
[2019-12-09T03:23:06.356+0000][1][safepoint    ] Application time: 0.7680426 seconds
[2019-12-09T03:23:06.356+0000][1][safepoint    ] Entering safepoint region: GenCollectForAllocation
[2019-12-09T03:23:06.356+0000][1][gc,start     ] GC(19) Pause Young (Allocation Failure)
[2019-12-09T03:23:06.356+0000][1][gc,task      ] GC(19) Using 2 workers of 2 for evacuation
[2019-12-09T03:23:06.486+0000][1][gc,age       ] GC(19) Desired survivor size 4456448 bytes, new threshold 2 (max threshold 6)
[2019-12-09T03:23:06.486+0000][1][gc,age       ] GC(19) Age table with threshold 2 (max threshold 6)
[2019-12-09T03:23:06.486+0000][1][gc,age       ] GC(19) - age   1:    2630000 bytes,    2630000 total
[2019-12-09T03:23:06.486+0000][1][gc,age       ] GC(19) - age   2:    1900248 bytes,    4530248 total
[2019-12-09T03:23:06.486+0000][1][gc,age       ] GC(19) - age   3:    1217328 bytes,    5747576 total
[2019-12-09T03:23:06.486+0000][1][gc,heap      ] GC(19) ParNew: 73536K->7252K(78656K)
[2019-12-09T03:23:06.486+0000][1][gc,heap      ] GC(19) CMS: 54710K->54710K(174784K)
[2019-12-09T03:23:06.486+0000][1][gc,metaspace ] GC(19) Metaspace: 43022K->43022K(1089536K)
[2019-12-09T03:23:06.486+0000][1][gc           ] GC(19) Pause Young (Allocation Failure) 125M->60M(247M) 130.131ms
[2019-12-09T03:23:06.486+0000][1][gc,cpu       ] GC(19) User=0.03s Sys=0.00s Real=0.13s
[2019-12-09T03:23:06.486+0000][1][safepoint    ] Leaving safepoint region
[2019-12-09T03:23:06.486+0000][1][safepoint    ] Total time for which application threads were stopped: 0.1302886 seconds, Stopping threads took: 0.0000138 seconds
[2019-12-09T03:23:06.583+0000][1][safepoint    ] Application time: 0.0963930 seconds
[2019-12-09T03:23:06.583+0000][1][safepoint    ] Entering safepoint region: RevokeBias
[2019-12-09T03:23:06.583+0000][1][safepoint    ] Leaving safepoint region
[2019-12-09T03:23:06.583+0000][1][safepoint    ] Total time for which application threads were stopped: 0.0000728 seconds, Stopping threads took: 0.0000137 seconds
[2019-12-09T03:23:06.583+0000][1][safepoint    ] Application time: 0.0000584 seconds
[2019-12-09T03:23:06.583+0000][1][safepoint    ] Entering safepoint region: RevokeBias
[2019-12-09T03:23:06.583+0000][1][safepoint    ] Leaving safepoint region
[2019-12-09T03:23:06.583+0000][1][safepoint    ] Total time for which application threads were stopped: 0.0000279 seconds, Stopping threads took: 0.0000065 seconds
[2019-12-09T03:23:07.589+0000][1][safepoint    ] Application time: 1.0057352 seconds
[2019-12-09T03:23:07.589+0000][1][safepoint    ] Entering safepoint region: Cleanup
[2019-12-09T03:23:07.589+0000][1][safepoint    ] Leaving safepoint region
[2019-12-09T03:23:07.589+0000][1][safepoint    ] Total time for which application threads were stopped: 0.0001994 seconds, Stopping threads took: 0.0001493 seconds
[2019-12-09T03:23:07.880+0000][1][safepoint    ] Application time: 0.2907516 seconds
[2019-12-09T03:23:07.925+0000][1][safepoint    ] Entering safepoint region: RevokeBias
[2019-12-09T03:23:07.925+0000][1][safepoint    ] Leaving safepoint region
[2019-12-09T03:23:07.925+0000][1][safepoint    ] Total time for which application threads were stopped: 0.0452690 seconds, Stopping threads took: 0.0450838 seconds
[2019-12-09T03:23:08.230+0000][1][safepoint    ] Application time: 0.3047286 seconds
[2019-12-09T03:23:08.230+0000][1][safepoint    ] Entering safepoint region: RevokeBias
[2019-12-09T03:23:08.230+0000][1][safepoint    ] Leaving safepoint region
[2019-12-09T03:23:08.230+0000][1][safepoint    ] Total time for which application threads were stopped: 0.0001037 seconds, Stopping threads took: 0.0000139 seconds
[2019-12-09T03:23:08.260+0000][1][safepoint    ] Application time: 0.0301275 seconds
[2019-12-09T03:23:08.260+0000][1][safepoint    ] Entering safepoint region: RevokeBias
[2019-12-09T03:23:08.260+0000][1][safepoint    ] Leaving safepoint region
[2019-12-09T03:23:08.260+0000][1][safepoint    ] Total time for which application threads were stopped: 0.0001092 seconds, Stopping threads took: 0.0000142 seconds
[2019-12-09T03:23:09.271+0000][1][safepoint    ] Application time: 1.0105256 seconds
[2019-12-09T03:23:09.299+0000][1][safepoint    ] Entering safepoint region: Cleanup
[2019-12-09T03:23:09.299+0000][1][safepoint    ] Leaving safepoint region
[2019-12-09T03:23:09.299+0000][1][safepoint    ] Total time for which application threads were stopped: 0.0281221 seconds, Stopping threads took: 0.0280476 seconds
[2019-12-09T03:23:09.608+0000][1][safepoint    ] Application time: 0.3090816 seconds
[2019-12-09T03:23:09.608+0000][1][safepoint    ] Entering safepoint region: RevokeBias
[2019-12-09T03:23:09.608+0000][1][safepoint    ] Leaving safepoint region
[2019-12-09T03:23:09.609+0000][1][safepoint    ] Total time for which application threads were stopped: 0.0005186 seconds, Stopping threads took: 0.0000124 seconds
[2019-12-09T03:23:09.609+0000][1][safepoint    ] Application time: 0.0002055 seconds
[2019-12-09T03:23:09.609+0000][1][safepoint    ] Entering safepoint region: RevokeBias
[2019-12-09T03:23:09.609+0000][1][safepoint    ] Leaving safepoint region
[2019-12-09T03:23:09.609+0000][1][safepoint    ] Total time for which application threads were stopped: 0.0000723 seconds, Stopping threads took: 0.0000088 seconds
[2019-12-09T03:23:09.609+0000][1][safepoint    ] Application time: 0.0000538 seconds
[2019-12-09T03:23:09.609+0000][1][safepoint    ] Entering safepoint region: RevokeBias
[2019-12-09T03:23:09.609+0000][1][safepoint    ] Leaving safepoint region
[2019-12-09T03:23:09.609+0000][1][safepoint    ] Total time for which application threads were stopped: 0.0000405 seconds, Stopping threads took: 0.0000067 seconds
[2019-12-09T03:23:09.625+0000][1][safepoint    ] Application time: 0.0161712 seconds
[2019-12-09T03:23:09.625+0000][1][safepoint    ] Entering safepoint region: RevokeBias
[2019-12-09T03:23:09.625+0000][1][safepoint    ] Leaving safepoint region
[2019-12-09T03:23:09.625+0000][1][safepoint    ] Total time for which application threads were stopped: 0.0000843 seconds, Stopping threads took: 0.0000100 seconds
[2019-12-09T03:23:09.626+0000][1][safepoint    ] Application time: 0.0003418 seconds
[2019-12-09T03:23:09.626+0000][1][safepoint    ] Entering safepoint region: RevokeBias
[2019-12-09T03:23:09.626+0000][1][safepoint    ] Leaving safepoint region
[2019-12-09T03:23:09.626+0000][1][safepoint    ] Total time for which application threads were stopped: 0.0000342 seconds, Stopping threads took: 0.0000075 seconds
[2019-12-09T03:23:10.319+0000][1][safepoint    ] Application time: 0.6931049 seconds
[2019-12-09T03:23:10.319+0000][1][safepoint    ] Entering safepoint region: RevokeBias
[2019-12-09T03:23:10.319+0000][1][safepoint    ] Leaving safepoint region
[2019-12-09T03:23:10.319+0000][1][safepoint    ] Total time for which application threads were stopped: 0.0001072 seconds, Stopping threads took: 0.0000151 seconds
[2019-12-09T03:23:10.319+0000][1][safepoint    ] Application time: 0.0001028 seconds
[2019-12-09T03:23:10.319+0000][1][safepoint    ] Entering safepoint region: RevokeBias
[2019-12-09T03:23:10.319+0000][1][safepoint    ] Leaving safepoint region
[2019-12-09T03:23:10.319+0000][1][safepoint    ] Total time for which application threads were stopped: 0.0000524 seconds, Stopping threads took: 0.0000076 seconds
[2019-12-09T03:23:10.319+0000][1][safepoint    ] Application time: 0.0000502 seconds
[2019-12-09T03:23:10.319+0000][1][safepoint    ] Entering safepoint region: RevokeBias
[2019-12-09T03:23:10.319+0000][1][safepoint    ] Leaving safepoint region
[2019-12-09T03:23:10.319+0000][1][safepoint    ] Total time for which application threads were stopped: 0.0000431 seconds, Stopping threads took: 0.0000073 seconds
[2019-12-09T03:23:10.319+0000][1][safepoint    ] Application time: 0.0001017 seconds
[2019-12-09T03:23:10.319+0000][1][safepoint    ] Entering safepoint region: RevokeBias
[2019-12-09T03:23:10.319+0000][1][safepoint    ] Leaving safepoint region
[2019-12-09T03:23:10.319+0000][1][safepoint    ] Total time for which application threads were stopped: 0.0000468 seconds, Stopping threads took: 0.0000076 seconds
[2019-12-09T03:23:10.319+0000][1][safepoint    ] Application time: 0.0001548 seconds
[2019-12-09T03:23:10.319+0000][1][safepoint    ] Entering safepoint region: RevokeBias
[2019-12-09T03:23:10.320+0000][1][safepoint    ] Leaving safepoint region
[2019-12-09T03:23:10.320+0000][1][safepoint    ] Total time for which application threads were stopped: 0.0000475 seconds, Stopping threads took: 0.0000074 seconds
[2019-12-09T03:23:10.320+0000][1][safepoint    ] Application time: 0.0000636 seconds
[2019-12-09T03:23:10.320+0000][1][safepoint    ] Entering safepoint region: RevokeBias
[2019-12-09T03:23:10.320+0000][1][safepoint    ] Leaving safepoint region
[2019-12-09T03:23:10.320+0000][1][safepoint    ] Total time for which application threads were stopped: 0.0000434 seconds, Stopping threads took: 0.0000070 seconds
[2019-12-09T03:23:10.320+0000][1][safepoint    ] Application time: 0.0001859 seconds
[2019-12-09T03:23:10.320+0000][1][safepoint    ] Entering safepoint region: RevokeBias
[2019-12-09T03:23:10.320+0000][1][safepoint    ] Leaving safepoint region
[2019-12-09T03:23:10.320+0000][1][safepoint    ] Total time for which application threads were stopped: 0.0001401 seconds, Stopping threads took: 0.0000658 seconds
[2019-12-09T03:23:10.320+0000][1][safepoint    ] Application time: 0.0000642 seconds
[2019-12-09T03:23:10.320+0000][1][safepoint    ] Entering safepoint region: RevokeBias
[2019-12-09T03:23:10.320+0000][1][safepoint    ] Leaving safepoint region
[2019-12-09T03:23:10.320+0000][1][safepoint    ] Total time for which application threads were stopped: 0.0000543 seconds, Stopping threads took: 0.0000079 seconds
[2019-12-09T03:23:10.320+0000][1][safepoint    ] Application time: 0.0000534 seconds
[2019-12-09T03:23:10.320+0000][1][safepoint    ] Entering safepoint region: RevokeBias
[2019-12-09T03:23:10.320+0000][1][safepoint    ] Leaving safepoint region
[2019-12-09T03:23:10.320+0000][1][safepoint    ] Total time for which application threads were stopped: 0.0000500 seconds, Stopping threads took: 0.0000077 seconds
[2019-12-09T03:23:10.320+0000][1][safepoint    ] Application time: 0.0000506 seconds
[2019-12-09T03:23:10.320+0000][1][safepoint    ] Entering safepoint region: RevokeBias
[2019-12-09T03:23:10.320+0000][1][safepoint    ] Leaving safepoint region
[2019-12-09T03:23:10.320+0000][1][safepoint    ] Total time for which application threads were stopped: 0.0000485 seconds, Stopping threads took: 0.0000072 seconds
[2019-12-09T03:23:10.320+0000][1][safepoint    ] Application time: 0.0000501 seconds
[2019-12-09T03:23:10.320+0000][1][safepoint    ] Entering safepoint region: RevokeBias
[2019-12-09T03:23:10.320+0000][1][safepoint    ] Leaving safepoint region
[2019-12-09T03:23:10.320+0000][1][safepoint    ] Total time for which application threads were stopped: 0.0000487 seconds, Stopping threads took: 0.0000073 seconds
[2019-12-09T03:23:10.321+0000][1][safepoint    ] Application time: 0.0000503 seconds
[2019-12-09T03:23:10.321+0000][1][safepoint    ] Entering safepoint region: RevokeBias
[2019-12-09T03:23:10.321+0000][1][safepoint    ] Leaving safepoint region
[2019-12-09T03:23:10.321+0000][1][safepoint    ] Total time for which application threads were stopped: 0.0000484 seconds, Stopping threads took: 0.0000073 seconds
[2019-12-09T03:23:10.321+0000][1][safepoint    ] Application time: 0.0000496 seconds
[2019-12-09T03:23:10.321+0000][1][safepoint    ] Entering safepoint region: RevokeBias
[2019-12-09T03:23:10.321+0000][1][safepoint    ] Leaving safepoint region
[2019-12-09T03:23:10.321+0000][1][safepoint    ] Total time for which application threads were stopped: 0.0000716 seconds, Stopping threads took: 0.0000072 seconds
[2019-12-09T03:23:10.321+0000][1][safepoint    ] Application time: 0.0000526 seconds
[2019-12-09T03:23:10.321+0000][1][safepoint    ] Entering safepoint region: RevokeBias
[2019-12-09T03:23:10.321+0000][1][safepoint    ] Leaving safepoint region
[2019-12-09T03:23:10.321+0000][1][safepoint    ] Total time for which application threads were stopped: 0.0000559 seconds, Stopping threads took: 0.0000075 seconds
[2019-12-09T03:23:10.321+0000][1][safepoint    ] Application time: 0.0000529 seconds
[2019-12-09T03:23:10.321+0000][1][safepoint    ] Entering safepoint region: RevokeBias
[2019-12-09T03:23:10.321+0000][1][safepoint    ] Leaving safepoint region
[2019-12-09T03:23:10.321+0000][1][safepoint    ] Total time for which application threads were stopped: 0.0000560 seconds, Stopping threads took: 0.0000076 seconds
[2019-12-09T03:23:10.321+0000][1][safepoint    ] Application time: 0.0000497 seconds
[2019-12-09T03:23:10.321+0000][1][safepoint    ] Entering safepoint region: RevokeBias
[2019-12-09T03:23:10.321+0000][1][safepoint    ] Leaving safepoint region
[2019-12-09T03:23:10.321+0000][1][safepoint    ] Total time for which application threads were stopped: 0.0000474 seconds, Stopping threads took: 0.0000075 seconds
[2019-12-09T03:23:10.321+0000][1][safepoint    ] Application time: 0.0000495 seconds
[2019-12-09T03:23:10.321+0000][1][safepoint    ] Entering safepoint region: RevokeBias
[2019-12-09T03:23:10.321+0000][1][safepoint    ] Leaving safepoint region
[2019-12-09T03:23:10.321+0000][1][safepoint    ] Total time for which application threads were stopped: 0.0000478 seconds, Stopping threads took: 0.0000075 seconds
[2019-12-09T03:23:10.321+0000][1][safepoint    ] Application time: 0.0000502 seconds
[2019-12-09T03:23:10.321+0000][1][safepoint    ] Entering safepoint region: RevokeBias
[2019-12-09T03:23:10.321+0000][1][safepoint    ] Leaving safepoint region
[2019-12-09T03:23:10.321+0000][1][safepoint    ] Total time for which application threads were stopped: 0.0000473 seconds, Stopping threads took: 0.0000074 seconds
[2019-12-09T03:23:10.321+0000][1][safepoint    ] Application time: 0.0000503 seconds
[2019-12-09T03:23:10.321+0000][1][safepoint    ] Entering safepoint region: RevokeBias
[2019-12-09T03:23:10.321+0000][1][safepoint    ] Leaving safepoint region
[2019-12-09T03:23:10.321+0000][1][safepoint    ] Total time for which application threads were stopped: 0.0000478 seconds, Stopping threads took: 0.0000073 seconds
[2019-12-09T03:23:10.321+0000][1][safepoint    ] Application time: 0.0000502 seconds
[2019-12-09T03:23:10.321+0000][1][safepoint    ] Entering safepoint region: RevokeBias
[2019-12-09T03:23:10.322+0000][1][safepoint    ] Leaving safepoint region
[2019-12-09T03:23:10.322+0000][1][safepoint    ] Total time for which application threads were stopped: 0.0000477 seconds, Stopping threads took: 0.0000074 seconds
[2019-12-09T03:23:10.322+0000][1][safepoint    ] Application time: 0.0000492 seconds
[2019-12-09T03:23:10.322+0000][1][safepoint    ] Entering safepoint region: RevokeBias
[2019-12-09T03:23:10.322+0000][1][safepoint    ] Leaving safepoint region
[2019-12-09T03:23:10.322+0000][1][safepoint    ] Total time for which application threads were stopped: 0.0000480 seconds, Stopping threads took: 0.0000074 seconds
[2019-12-09T03:23:10.322+0000][1][safepoint    ] Application time: 0.0000648 seconds
[2019-12-09T03:23:10.322+0000][1][safepoint    ] Entering safepoint region: RevokeBias
[2019-12-09T03:23:10.322+0000][1][safepoint    ] Leaving safepoint region
[2019-12-09T03:23:10.322+0000][1][safepoint    ] Total time for which application threads were stopped: 0.0000498 seconds, Stopping threads took: 0.0000076 seconds
[2019-12-09T03:23:10.322+0000][1][safepoint    ] Application time: 0.0000503 seconds
[2019-12-09T03:23:10.322+0000][1][safepoint    ] Entering safepoint region: RevokeBias
[2019-12-09T03:23:10.322+0000][1][safepoint    ] Leaving safepoint region
[2019-12-09T03:23:10.322+0000][1][safepoint    ] Total time for which application threads were stopped: 0.0000484 seconds, Stopping threads took: 0.0000074 seconds
[2019-12-09T03:23:10.322+0000][1][safepoint    ] Application time: 0.0000498 seconds
[2019-12-09T03:23:10.322+0000][1][safepoint    ] Entering safepoint region: BulkRevokeBias
[2019-12-09T03:23:10.322+0000][1][safepoint    ] Leaving safepoint region
[2019-12-09T03:23:10.322+0000][1][safepoint    ] Total time for which application threads were stopped: 0.0001163 seconds, Stopping threads took: 0.0000078 seconds
[2019-12-09T03:23:10.322+0000][1][safepoint    ] Application time: 0.0001605 seconds
[2019-12-09T03:23:10.322+0000][1][safepoint    ] Entering safepoint region: RevokeBias
[2019-12-09T03:23:10.322+0000][1][safepoint    ] Leaving safepoint region
[2019-12-09T03:23:10.322+0000][1][safepoint    ] Total time for which application threads were stopped: 0.0000679 seconds, Stopping threads took: 0.0000080 seconds
[2019-12-09T03:23:10.322+0000][1][safepoint    ] Application time: 0.0000766 seconds
[2019-12-09T03:23:10.322+0000][1][safepoint    ] Entering safepoint region: RevokeBias
[2019-12-09T03:23:10.322+0000][1][safepoint    ] Leaving safepoint region
[2019-12-09T03:23:10.322+0000][1][safepoint    ] Total time for which application threads were stopped: 0.0000539 seconds, Stopping threads took: 0.0000077 seconds
[2019-12-09T03:23:10.323+0000][1][safepoint    ] Application time: 0.0001003 seconds
[2019-12-09T03:23:10.323+0000][1][safepoint    ] Entering safepoint region: RevokeBias
[2019-12-09T03:23:10.323+0000][1][safepoint    ] Leaving safepoint region
[2019-12-09T03:23:10.323+0000][1][safepoint    ] Total time for which application threads were stopped: 0.0000544 seconds, Stopping threads took: 0.0000075 seconds
[2019-12-09T03:23:10.323+0000][1][safepoint    ] Application time: 0.0000814 seconds
[2019-12-09T03:23:10.323+0000][1][safepoint    ] Entering safepoint region: RevokeBias
[2019-12-09T03:23:10.323+0000][1][safepoint    ] Leaving safepoint region
[2019-12-09T03:23:10.323+0000][1][safepoint    ] Total time for which application threads were stopped: 0.0000558 seconds, Stopping threads took: 0.0000078 seconds
[2019-12-09T03:23:10.323+0000][1][safepoint    ] Application time: 0.0000801 seconds
[2019-12-09T03:23:10.323+0000][1][safepoint    ] Entering safepoint region: RevokeBias
[2019-12-09T03:23:10.323+0000][1][safepoint    ] Leaving safepoint region
[2019-12-09T03:23:10.323+0000][1][safepoint    ] Total time for which application threads were stopped: 0.0000560 seconds, Stopping threads took: 0.0000075 seconds
[2019-12-09T03:23:10.323+0000][1][safepoint    ] Application time: 0.0000569 seconds
[2019-12-09T03:23:10.323+0000][1][safepoint    ] Entering safepoint region: RevokeBias
[2019-12-09T03:23:10.323+0000][1][safepoint    ] Leaving safepoint region
[2019-12-09T03:23:10.323+0000][1][safepoint    ] Total time for which application threads were stopped: 0.0000530 seconds, Stopping threads took: 0.0000074 seconds
[2019-12-09T03:23:10.323+0000][1][safepoint    ] Application time: 0.0001656 seconds
[2019-12-09T03:23:10.323+0000][1][safepoint    ] Entering safepoint region: RevokeBias
[2019-12-09T03:23:10.323+0000][1][safepoint    ] Leaving safepoint region
[2019-12-09T03:23:10.323+0000][1][safepoint    ] Total time for which application threads were stopped: 0.0000571 seconds, Stopping threads took: 0.0000081 seconds
[2019-12-09T03:23:10.323+0000][1][safepoint    ] Application time: 0.0000554 seconds
[2019-12-09T03:23:10.323+0000][1][safepoint    ] Entering safepoint region: RevokeBias
[2019-12-09T03:23:10.323+0000][1][safepoint    ] Leaving safepoint region
[2019-12-09T03:23:10.323+0000][1][safepoint    ] Total time for which application threads were stopped: 0.0000532 seconds, Stopping threads took: 0.0000074 seconds
[2019-12-09T03:23:10.324+0000][1][safepoint    ] Application time: 0.0003150 seconds
[2019-12-09T03:23:10.324+0000][1][safepoint    ] Entering safepoint region: RevokeBias
[2019-12-09T03:23:10.324+0000][1][safepoint    ] Leaving safepoint region
[2019-12-09T03:23:10.324+0000][1][safepoint    ] Total time for which application threads were stopped: 0.0000764 seconds, Stopping threads took: 0.0000095 seconds
[2019-12-09T03:23:10.324+0000][1][safepoint    ] Application time: 0.0003173 seconds
[2019-12-09T03:23:10.324+0000][1][safepoint    ] Entering safepoint region: BulkRevokeBias
[2019-12-09T03:23:10.324+0000][1][safepoint    ] Leaving safepoint region
[2019-12-09T03:23:10.324+0000][1][safepoint    ] Total time for which application threads were stopped: 0.0001357 seconds, Stopping threads took: 0.0000084 seconds
[2019-12-09T03:23:10.325+0000][1][safepoint    ] Application time: 0.0002546 seconds
[2019-12-09T03:23:10.325+0000][1][safepoint    ] Entering safepoint region: RevokeBias
[2019-12-09T03:23:10.325+0000][1][safepoint    ] Leaving safepoint region
[2019-12-09T03:23:10.325+0000][1][safepoint    ] Total time for which application threads were stopped: 0.0000624 seconds, Stopping threads took: 0.0000081 seconds
[2019-12-09T03:23:10.325+0000][1][safepoint    ] Application time: 0.0000954 seconds
[2019-12-09T03:23:10.325+0000][1][safepoint    ] Entering safepoint region: RevokeBias
[2019-12-09T03:23:10.325+0000][1][safepoint    ] Leaving safepoint region
[2019-12-09T03:23:10.325+0000][1][safepoint    ] Total time for which application threads were stopped: 0.0000537 seconds, Stopping threads took: 0.0000073 seconds
[2019-12-09T03:23:10.325+0000][1][safepoint    ] Application time: 0.0001792 seconds
[2019-12-09T03:23:10.325+0000][1][safepoint    ] Entering safepoint region: RevokeBias
[2019-12-09T03:23:10.325+0000][1][safepoint    ] Leaving safepoint region
[2019-12-09T03:23:10.325+0000][1][safepoint    ] Total time for which application threads were stopped: 0.0000598 seconds, Stopping threads took: 0.0000080 seconds
[2019-12-09T03:23:10.325+0000][1][safepoint    ] Application time: 0.0000736 seconds
[2019-12-09T03:23:10.325+0000][1][safepoint    ] Entering safepoint region: RevokeBias
[2019-12-09T03:23:10.325+0000][1][safepoint    ] Leaving safepoint region
[2019-12-09T03:23:10.325+0000][1][safepoint    ] Total time for which application threads were stopped: 0.0000536 seconds, Stopping threads took: 0.0000086 seconds
[2019-12-09T03:23:10.325+0000][1][safepoint    ] Application time: 0.0000510 seconds
[2019-12-09T03:23:10.325+0000][1][safepoint    ] Entering safepoint region: RevokeBias
[2019-12-09T03:23:10.325+0000][1][safepoint    ] Leaving safepoint region
[2019-12-09T03:23:10.325+0000][1][safepoint    ] Total time for which application threads were stopped: 0.0000502 seconds, Stopping threads took: 0.0000083 seconds
[2019-12-09T03:23:10.325+0000][1][safepoint    ] Application time: 0.0000512 seconds
[2019-12-09T03:23:10.325+0000][1][safepoint    ] Entering safepoint region: RevokeBias
[2019-12-09T03:23:10.325+0000][1][safepoint    ] Leaving safepoint region
[2019-12-09T03:23:10.325+0000][1][safepoint    ] Total time for which application threads were stopped: 0.0000489 seconds, Stopping threads took: 0.0000083 seconds
[2019-12-09T03:23:10.326+0000][1][safepoint    ] Application time: 0.0003861 seconds
[2019-12-09T03:23:10.326+0000][1][safepoint    ] Entering safepoint region: RevokeBias
[2019-12-09T03:23:10.326+0000][1][safepoint    ] Leaving safepoint region
[2019-12-09T03:23:10.326+0000][1][safepoint    ] Total time for which application threads were stopped: 0.0000563 seconds, Stopping threads took: 0.0000089 seconds
[2019-12-09T03:23:10.326+0000][1][safepoint    ] Application time: 0.0001303 seconds
[2019-12-09T03:23:10.326+0000][1][safepoint    ] Entering safepoint region: RevokeBias
[2019-12-09T03:23:10.326+0000][1][safepoint    ] Leaving safepoint region
[2019-12-09T03:23:10.326+0000][1][safepoint    ] Total time for which application threads were stopped: 0.0000505 seconds, Stopping threads took: 0.0000075 seconds
[2019-12-09T03:23:10.326+0000][1][safepoint    ] Application time: 0.0002027 seconds
[2019-12-09T03:23:10.326+0000][1][safepoint    ] Entering safepoint region: RevokeBias
[2019-12-09T03:23:10.326+0000][1][safepoint    ] Leaving safepoint region
[2019-12-09T03:23:10.326+0000][1][safepoint    ] Total time for which application threads were stopped: 0.0000719 seconds, Stopping threads took: 0.0000090 seconds
[2019-12-09T03:23:10.346+0000][1][safepoint    ] Application time: 0.0198209 seconds
[2019-12-09T03:23:10.346+0000][1][safepoint    ] Entering safepoint region: RevokeBias
[2019-12-09T03:23:10.346+0000][1][safepoint    ] Leaving safepoint region
[2019-12-09T03:23:10.346+0000][1][safepoint    ] Total time for which application threads were stopped: 0.0000854 seconds, Stopping threads took: 0.0000501 seconds
[2019-12-09T03:23:10.346+0000][1][safepoint    ] Application time: 0.0000746 seconds
[2019-12-09T03:23:10.346+0000][1][safepoint    ] Entering safepoint region: RevokeBias
[2019-12-09T03:23:10.346+0000][1][safepoint    ] Leaving safepoint region
[2019-12-09T03:23:10.346+0000][1][safepoint    ] Total time for which application threads were stopped: 0.0000323 seconds, Stopping threads took: 0.0000081 seconds
[2019-12-09T03:23:10.347+0000][1][safepoint    ] Application time: 0.0000555 seconds
[2019-12-09T03:23:10.347+0000][1][safepoint    ] Entering safepoint region: RevokeBias
[2019-12-09T03:23:10.347+0000][1][safepoint    ] Leaving safepoint region
[2019-12-09T03:23:10.347+0000][1][safepoint    ] Total time for which application threads were stopped: 0.0000308 seconds, Stopping threads took: 0.0000079 seconds
[2019-12-09T03:23:10.347+0000][1][safepoint    ] Application time: 0.0000503 seconds
[2019-12-09T03:23:10.347+0000][1][safepoint    ] Entering safepoint region: RevokeBias
[2019-12-09T03:23:10.347+0000][1][safepoint    ] Leaving safepoint region
[2019-12-09T03:23:10.347+0000][1][safepoint    ] Total time for which application threads were stopped: 0.0000295 seconds, Stopping threads took: 0.0000076 seconds
[2019-12-09T03:23:10.347+0000][1][safepoint    ] Application time: 0.0000523 seconds
[2019-12-09T03:23:10.347+0000][1][safepoint    ] Entering safepoint region: RevokeBias
[2019-12-09T03:23:10.347+0000][1][safepoint    ] Leaving safepoint region
[2019-12-09T03:23:10.347+0000][1][safepoint    ] Total time for which application threads were stopped: 0.0000300 seconds, Stopping threads took: 0.0000078 seconds
[2019-12-09T03:23:10.347+0000][1][safepoint    ] Application time: 0.0000546 seconds
[2019-12-09T03:23:10.347+0000][1][safepoint    ] Entering safepoint region: RevokeBias
[2019-12-09T03:23:10.347+0000][1][safepoint    ] Leaving safepoint region
[2019-12-09T03:23:10.347+0000][1][safepoint    ] Total time for which application threads were stopped: 0.0000295 seconds, Stopping threads took: 0.0000080 seconds
[2019-12-09T03:23:10.347+0000][1][safepoint    ] Application time: 0.0000504 seconds
[2019-12-09T03:23:10.347+0000][1][safepoint    ] Entering safepoint region: RevokeBias
[2019-12-09T03:23:10.347+0000][1][safepoint    ] Leaving safepoint region
[2019-12-09T03:23:10.347+0000][1][safepoint    ] Total time for which application threads were stopped: 0.0000391 seconds, Stopping threads took: 0.0000080 seconds
[2019-12-09T03:23:10.347+0000][1][safepoint    ] Application time: 0.0000505 seconds
[2019-12-09T03:23:10.347+0000][1][safepoint    ] Entering safepoint region: RevokeBias
[2019-12-09T03:23:10.347+0000][1][safepoint    ] Leaving safepoint region
[2019-12-09T03:23:10.347+0000][1][safepoint    ] Total time for which application threads were stopped: 0.0000291 seconds, Stopping threads took: 0.0000081 seconds
[2019-12-09T03:23:10.347+0000][1][safepoint    ] Application time: 0.0000511 seconds
[2019-12-09T03:23:10.347+0000][1][safepoint    ] Entering safepoint region: RevokeBias
[2019-12-09T03:23:10.347+0000][1][safepoint    ] Leaving safepoint region
[2019-12-09T03:23:10.347+0000][1][safepoint    ] Total time for which application threads were stopped: 0.0000281 seconds, Stopping threads took: 0.0000074 seconds
[2019-12-09T03:23:10.347+0000][1][safepoint    ] Application time: 0.0000523 seconds
[2019-12-09T03:23:10.347+0000][1][safepoint    ] Entering safepoint region: RevokeBias
[2019-12-09T03:23:10.347+0000][1][safepoint    ] Leaving safepoint region
[2019-12-09T03:23:10.347+0000][1][safepoint    ] Total time for which application threads were stopped: 0.0000288 seconds, Stopping threads took: 0.0000078 seconds
[2019-12-09T03:23:10.347+0000][1][safepoint    ] Application time: 0.0000534 seconds
[2019-12-09T03:23:10.347+0000][1][safepoint    ] Entering safepoint region: RevokeBias
[2019-12-09T03:23:10.347+0000][1][safepoint    ] Leaving safepoint region
[2019-12-09T03:23:10.347+0000][1][safepoint    ] Total time for which application threads were stopped: 0.0000301 seconds, Stopping threads took: 0.0000084 seconds
[2019-12-09T03:23:10.347+0000][1][safepoint    ] Application time: 0.0000518 seconds
[2019-12-09T03:23:10.347+0000][1][safepoint    ] Entering safepoint region: RevokeBias
[2019-12-09T03:23:10.347+0000][1][safepoint    ] Leaving safepoint region
[2019-12-09T03:23:10.347+0000][1][safepoint    ] Total time for which application threads were stopped: 0.0000314 seconds, Stopping threads took: 0.0000083 seconds
[2019-12-09T03:23:10.348+0000][1][safepoint    ] Application time: 0.0001574 seconds
[2019-12-09T03:23:10.348+0000][1][safepoint    ] Entering safepoint region: RevokeBias
[2019-12-09T03:23:10.348+0000][1][safepoint    ] Leaving safepoint region
[2019-12-09T03:23:10.348+0000][1][safepoint    ] Total time for which application threads were stopped: 0.0000623 seconds, Stopping threads took: 0.0000085 seconds
[2019-12-09T03:23:10.348+0000][1][safepoint    ] Application time: 0.0000569 seconds
[2019-12-09T03:23:10.348+0000][1][safepoint    ] Entering safepoint region: RevokeBias
[2019-12-09T03:23:10.348+0000][1][safepoint    ] Leaving safepoint region
[2019-12-09T03:23:10.348+0000][1][safepoint    ] Total time for which application threads were stopped: 0.0000356 seconds, Stopping threads took: 0.0000082 seconds
[2019-12-09T03:23:10.348+0000][1][safepoint    ] Application time: 0.0000510 seconds
[2019-12-09T03:23:10.348+0000][1][safepoint    ] Entering safepoint region: RevokeBias
[2019-12-09T03:23:10.348+0000][1][safepoint    ] Leaving safepoint region
[2019-12-09T03:23:10.348+0000][1][safepoint    ] Total time for which application threads were stopped: 0.0000341 seconds, Stopping threads took: 0.0000079 seconds
[2019-12-09T03:23:10.348+0000][1][safepoint    ] Application time: 0.0000514 seconds
[2019-12-09T03:23:10.348+0000][1][safepoint    ] Entering safepoint region: RevokeBias
[2019-12-09T03:23:10.348+0000][1][safepoint    ] Leaving safepoint region
[2019-12-09T03:23:10.348+0000][1][safepoint    ] Total time for which application threads were stopped: 0.0000351 seconds, Stopping threads took: 0.0000084 seconds
[2019-12-09T03:23:10.348+0000][1][safepoint    ] Application time: 0.0000516 seconds
[2019-12-09T03:23:10.348+0000][1][safepoint    ] Entering safepoint region: RevokeBias
[2019-12-09T03:23:10.348+0000][1][safepoint    ] Leaving safepoint region
[2019-12-09T03:23:10.348+0000][1][safepoint    ] Total time for which application threads were stopped: 0.0000336 seconds, Stopping threads took: 0.0000079 seconds
[2019-12-09T03:23:10.348+0000][1][safepoint    ] Application time: 0.0000511 seconds
[2019-12-09T03:23:10.348+0000][1][safepoint    ] Entering safepoint region: RevokeBias
[2019-12-09T03:23:10.348+0000][1][safepoint    ] Leaving safepoint region
[2019-12-09T03:23:10.348+0000][1][safepoint    ] Total time for which application threads were stopped: 0.0000339 seconds, Stopping threads took: 0.0000077 seconds
[2019-12-09T03:23:10.348+0000][1][safepoint    ] Application time: 0.0000510 seconds
[2019-12-09T03:23:10.348+0000][1][safepoint    ] Entering safepoint region: RevokeBias
[2019-12-09T03:23:10.348+0000][1][safepoint    ] Leaving safepoint region
[2019-12-09T03:23:10.348+0000][1][safepoint    ] Total time for which application threads were stopped: 0.0000350 seconds, Stopping threads took: 0.0000083 seconds
[2019-12-09T03:23:10.348+0000][1][safepoint    ] Application time: 0.0000523 seconds
[2019-12-09T03:23:10.348+0000][1][safepoint    ] Entering safepoint region: BulkRevokeBias
[2019-12-09T03:23:10.349+0000][1][safepoint    ] Leaving safepoint region
[2019-12-09T03:23:10.349+0000][1][safepoint    ] Total time for which application threads were stopped: 0.0001060 seconds, Stopping threads took: 0.0000081 seconds
[2019-12-09T03:23:10.350+0000][1][safepoint    ] Application time: 0.0010363 seconds
[2019-12-09T03:23:10.350+0000][1][safepoint    ] Entering safepoint region: RevokeBias
[2019-12-09T03:23:10.350+0000][1][safepoint    ] Leaving safepoint region
[2019-12-09T03:23:10.350+0000][1][safepoint    ] Total time for which application threads were stopped: 0.0000516 seconds, Stopping threads took: 0.0000106 seconds
[2019-12-09T03:23:10.350+0000][1][safepoint    ] Application time: 0.0000773 seconds
[2019-12-09T03:23:10.350+0000][1][safepoint    ] Entering safepoint region: RevokeBias
[2019-12-09T03:23:10.350+0000][1][safepoint    ] Leaving safepoint region
[2019-12-09T03:23:10.350+0000][1][safepoint    ] Total time for which application threads were stopped: 0.0000500 seconds, Stopping threads took: 0.0000083 seconds
[2019-12-09T03:23:10.350+0000][1][safepoint    ] Application time: 0.0004946 seconds
[2019-12-09T03:23:10.350+0000][1][safepoint    ] Entering safepoint region: RevokeBias
[2019-12-09T03:23:10.350+0000][1][safepoint    ] Leaving safepoint region
[2019-12-09T03:23:10.350+0000][1][safepoint    ] Total time for which application threads were stopped: 0.0000560 seconds, Stopping threads took: 0.0000102 seconds
[2019-12-09T03:23:10.350+0000][1][safepoint    ] Application time: 0.0001229 seconds
[2019-12-09T03:23:10.351+0000][1][safepoint    ] Entering safepoint region: RevokeBias
[2019-12-09T03:23:10.351+0000][1][safepoint    ] Leaving safepoint region
[2019-12-09T03:23:10.351+0000][1][safepoint    ] Total time for which application threads were stopped: 0.0000450 seconds, Stopping threads took: 0.0000080 seconds
[2019-12-09T03:23:10.351+0000][1][safepoint    ] Application time: 0.0002254 seconds
[2019-12-09T03:23:10.351+0000][1][safepoint    ] Entering safepoint region: RevokeBias
[2019-12-09T03:23:10.351+0000][1][safepoint    ] Leaving safepoint region
[2019-12-09T03:23:10.351+0000][1][safepoint    ] Total time for which application threads were stopped: 0.0000504 seconds, Stopping threads took: 0.0000089 seconds
[2019-12-09T03:23:10.390+0000][1][safepoint    ] Application time: 0.0394093 seconds
[2019-12-09T03:23:10.473+0000][1][safepoint    ] Entering safepoint region: RevokeBias
[2019-12-09T03:23:10.473+0000][1][safepoint    ] Leaving safepoint region
[2019-12-09T03:23:10.473+0000][1][safepoint    ] Total time for which application threads were stopped: 0.0825362 seconds, Stopping threads took: 0.0824487 seconds
[2019-12-09T03:23:10.475+0000][1][safepoint    ] Application time: 0.0017233 seconds
[2019-12-09T03:23:10.475+0000][1][safepoint    ] Entering safepoint region: RevokeBias
[2019-12-09T03:23:10.475+0000][1][safepoint    ] Leaving safepoint region
[2019-12-09T03:23:10.475+0000][1][safepoint    ] Total time for which application threads were stopped: 0.0000579 seconds, Stopping threads took: 0.0000106 seconds
[2019-12-09T03:23:10.479+0000][1][safepoint    ] Application time: 0.0039495 seconds
[2019-12-09T03:23:10.479+0000][1][safepoint    ] Entering safepoint region: RevokeBias
[2019-12-09T03:23:10.479+0000][1][safepoint    ] Leaving safepoint region
[2019-12-09T03:23:10.479+0000][1][safepoint    ] Total time for which application threads were stopped: 0.0000734 seconds, Stopping threads took: 0.0000109 seconds
[2019-12-09T03:23:10.485+0000][1][safepoint    ] Application time: 0.0058719 seconds
[2019-12-09T03:23:10.485+0000][1][safepoint    ] Entering safepoint region: RevokeBias
[2019-12-09T03:23:10.485+0000][1][safepoint    ] Leaving safepoint region
[2019-12-09T03:23:10.485+0000][1][safepoint    ] Total time for which application threads were stopped: 0.0002504 seconds, Stopping threads took: 0.0001738 seconds
[2019-12-09T03:23:10.494+0000][1][safepoint    ] Application time: 0.0091227 seconds
[2019-12-09T03:23:10.494+0000][1][safepoint    ] Entering safepoint region: RevokeBias
[2019-12-09T03:23:10.494+0000][1][safepoint    ] Leaving safepoint region
[2019-12-09T03:23:10.494+0000][1][safepoint    ] Total time for which application threads were stopped: 0.0000847 seconds, Stopping threads took: 0.0000091 seconds
[2019-12-09T03:23:10.501+0000][1][safepoint    ] Application time: 0.0069372 seconds
[2019-12-09T03:23:10.546+0000][1][safepoint    ] Entering safepoint region: RevokeBias
[2019-12-09T03:23:10.546+0000][1][safepoint    ] Leaving safepoint region
[2019-12-09T03:23:10.546+0000][1][safepoint    ] Total time for which application threads were stopped: 0.0448544 seconds, Stopping threads took: 0.0447454 seconds
[2019-12-09T03:23:10.546+0000][1][safepoint    ] Application time: 0.0001770 seconds
[2019-12-09T03:23:10.546+0000][1][safepoint    ] Entering safepoint region: RevokeBias
[2019-12-09T03:23:10.546+0000][1][safepoint    ] Leaving safepoint region
[2019-12-09T03:23:10.546+0000][1][safepoint    ] Total time for which application threads were stopped: 0.0000761 seconds, Stopping threads took: 0.0000086 seconds
[2019-12-09T03:23:10.584+0000][1][safepoint    ] Application time: 0.0373555 seconds
[2019-12-09T03:23:10.584+0000][1][safepoint    ] Entering safepoint region: RevokeBias
[2019-12-09T03:23:10.584+0000][1][safepoint    ] Leaving safepoint region
[2019-12-09T03:23:10.584+0000][1][safepoint    ] Total time for which application threads were stopped: 0.0001414 seconds, Stopping threads took: 0.0000138 seconds
[2019-12-09T03:23:10.608+0000][1][safepoint    ] Application time: 0.0240189 seconds
[2019-12-09T03:23:10.608+0000][1][safepoint    ] Entering safepoint region: RevokeBias
[2019-12-09T03:23:10.608+0000][1][safepoint    ] Leaving safepoint region
[2019-12-09T03:23:10.608+0000][1][safepoint    ] Total time for which application threads were stopped: 0.0001384 seconds, Stopping threads took: 0.0000800 seconds
[2019-12-09T03:23:10.616+0000][1][safepoint    ] Application time: 0.0080149 seconds
[2019-12-09T03:23:10.671+0000][1][safepoint    ] Entering safepoint region: RevokeBias
[2019-12-09T03:23:10.671+0000][1][safepoint    ] Leaving safepoint region
[2019-12-09T03:23:10.671+0000][1][safepoint    ] Total time for which application threads were stopped: 0.0549338 seconds, Stopping threads took: 0.0548478 seconds
[2019-12-09T03:23:10.931+0000][1][safepoint    ] Application time: 0.2598027 seconds
[2019-12-09T03:23:10.931+0000][1][safepoint    ] Entering safepoint region: RevokeBias
[2019-12-09T03:23:10.931+0000][1][safepoint    ] Leaving safepoint region
[2019-12-09T03:23:10.931+0000][1][safepoint    ] Total time for which application threads were stopped: 0.0001041 seconds, Stopping threads took: 0.0000177 seconds
[2019-12-09T03:23:11.352+0000][1][safepoint    ] Application time: 0.4214724 seconds
[2019-12-09T03:23:11.352+0000][1][safepoint    ] Entering safepoint region: GenCollectForAllocation
[2019-12-09T03:23:11.352+0000][1][gc,start     ] GC(20) Pause Young (Allocation Failure)
[2019-12-09T03:23:11.352+0000][1][gc,task      ] GC(20) Using 2 workers of 2 for evacuation
[2019-12-09T03:23:11.585+0000][1][gc,age       ] GC(20) Desired survivor size 4456448 bytes, new threshold 2 (max threshold 6)
[2019-12-09T03:23:11.585+0000][1][gc,age       ] GC(20) Age table with threshold 2 (max threshold 6)
[2019-12-09T03:23:11.585+0000][1][gc,age       ] GC(20) - age   1:    2815408 bytes,    2815408 total
[2019-12-09T03:23:11.585+0000][1][gc,age       ] GC(20) - age   2:    2474424 bytes,    5289832 total
[2019-12-09T03:23:11.585+0000][1][gc,heap      ] GC(20) ParNew: 77204K->7402K(78656K)
[2019-12-09T03:23:11.585+0000][1][gc,heap      ] GC(20) CMS: 54710K->57842K(174784K)
[2019-12-09T03:23:11.585+0000][1][gc,metaspace ] GC(20) Metaspace: 48358K->48358K(1093632K)
[2019-12-09T03:23:11.585+0000][1][gc           ] GC(20) Pause Young (Allocation Failure) 128M->63M(247M) 232.425ms
[2019-12-09T03:23:11.585+0000][1][gc,cpu       ] GC(20) User=0.06s Sys=0.00s Real=0.24s
[2019-12-09T03:23:11.585+0000][1][safepoint    ] Leaving safepoint region
[2019-12-09T03:23:11.585+0000][1][safepoint    ] Total time for which application threads were stopped: 0.2325697 seconds, Stopping threads took: 0.0000161 seconds
[2019-12-09T03:23:11.775+0000][1][safepoint    ] Application time: 0.1897661 seconds
[2019-12-09T03:23:11.849+0000][1][safepoint    ] Entering safepoint region: RevokeBias
[2019-12-09T03:23:11.849+0000][1][safepoint    ] Leaving safepoint region
[2019-12-09T03:23:11.849+0000][1][safepoint    ] Total time for which application threads were stopped: 0.0740890 seconds, Stopping threads took: 0.0740068 seconds
[2019-12-09T03:23:11.849+0000][1][safepoint    ] Application time: 0.0000987 seconds
[2019-12-09T03:23:11.849+0000][1][safepoint    ] Entering safepoint region: RevokeBias
[2019-12-09T03:23:11.849+0000][1][safepoint    ] Leaving safepoint region
[2019-12-09T03:23:11.849+0000][1][safepoint    ] Total time for which application threads were stopped: 0.0000386 seconds, Stopping threads took: 0.0000084 seconds
[2019-12-09T03:23:11.849+0000][1][safepoint    ] Application time: 0.0002249 seconds
[2019-12-09T03:23:11.849+0000][1][safepoint    ] Entering safepoint region: RevokeBias
[2019-12-09T03:23:11.849+0000][1][safepoint    ] Leaving safepoint region
[2019-12-09T03:23:11.849+0000][1][safepoint    ] Total time for which application threads were stopped: 0.0001132 seconds, Stopping threads took: 0.0000087 seconds
[2019-12-09T03:23:12.452+0000][1][safepoint    ] Application time: 0.6025601 seconds
[2019-12-09T03:23:12.452+0000][1][safepoint    ] Entering safepoint region: RevokeBias
[2019-12-09T03:23:12.452+0000][1][safepoint    ] Leaving safepoint region
[2019-12-09T03:23:12.452+0000][1][safepoint    ] Total time for which application threads were stopped: 0.0004979 seconds, Stopping threads took: 0.0000136 seconds
[2019-12-09T03:23:12.474+0000][1][safepoint    ] Application time: 0.0216454 seconds
[2019-12-09T03:23:12.474+0000][1][safepoint    ] Entering safepoint region: RevokeBias
[2019-12-09T03:23:12.474+0000][1][safepoint    ] Leaving safepoint region
[2019-12-09T03:23:12.474+0000][1][safepoint    ] Total time for which application threads were stopped: 0.0000611 seconds, Stopping threads took: 0.0000129 seconds
[2019-12-09T03:23:12.865+0000][1][safepoint    ] Application time: 0.3907613 seconds
[2019-12-09T03:23:12.865+0000][1][safepoint    ] Entering safepoint region: RevokeBias
[2019-12-09T03:23:12.865+0000][1][safepoint    ] Leaving safepoint region
[2019-12-09T03:23:12.865+0000][1][safepoint    ] Total time for which application threads were stopped: 0.0001093 seconds, Stopping threads took: 0.0000529 seconds
[2019-12-09T03:23:13.155+0000][1][safepoint    ] Application time: 0.2903315 seconds
[2019-12-09T03:23:13.155+0000][1][safepoint    ] Entering safepoint region: RevokeBias
[2019-12-09T03:23:13.156+0000][1][safepoint    ] Leaving safepoint region
[2019-12-09T03:23:13.156+0000][1][safepoint    ] Total time for which application threads were stopped: 0.0000778 seconds, Stopping threads took: 0.0000175 seconds
[2019-12-09T03:23:13.173+0000][1][safepoint    ] Application time: 0.0171320 seconds
[2019-12-09T03:23:13.173+0000][1][safepoint    ] Entering safepoint region: RevokeBias
[2019-12-09T03:23:13.173+0000][1][safepoint    ] Leaving safepoint region
[2019-12-09T03:23:13.173+0000][1][safepoint    ] Total time for which application threads were stopped: 0.0000682 seconds, Stopping threads took: 0.0000145 seconds
[2019-12-09T03:23:13.201+0000][1][safepoint    ] Application time: 0.0282137 seconds
[2019-12-09T03:23:13.201+0000][1][safepoint    ] Entering safepoint region: RevokeBias
[2019-12-09T03:23:13.201+0000][1][safepoint    ] Leaving safepoint region
[2019-12-09T03:23:13.201+0000][1][safepoint    ] Total time for which application threads were stopped: 0.0000613 seconds, Stopping threads took: 0.0000141 seconds
[2019-12-09T03:23:13.226+0000][1][safepoint    ] Application time: 0.0247808 seconds
[2019-12-09T03:23:13.226+0000][1][safepoint    ] Entering safepoint region: RevokeBias
[2019-12-09T03:23:13.226+0000][1][safepoint    ] Leaving safepoint region
[2019-12-09T03:23:13.226+0000][1][safepoint    ] Total time for which application threads were stopped: 0.0000618 seconds, Stopping threads took: 0.0000144 seconds
[2019-12-09T03:23:13.269+0000][1][safepoint    ] Application time: 0.0425892 seconds
[2019-12-09T03:23:13.269+0000][1][safepoint    ] Entering safepoint region: RevokeBias
[2019-12-09T03:23:13.269+0000][1][safepoint    ] Leaving safepoint region
[2019-12-09T03:23:13.269+0000][1][safepoint    ] Total time for which application threads were stopped: 0.0000848 seconds, Stopping threads took: 0.0000151 seconds
[2019-12-09T03:23:13.324+0000][1][safepoint    ] Application time: 0.0553007 seconds
[2019-12-09T03:23:13.324+0000][1][safepoint    ] Entering safepoint region: RevokeBias
[2019-12-09T03:23:13.324+0000][1][safepoint    ] Leaving safepoint region
[2019-12-09T03:23:13.324+0000][1][safepoint    ] Total time for which application threads were stopped: 0.0000688 seconds, Stopping threads took: 0.0000146 seconds
[2019-12-09T03:23:13.383+0000][1][safepoint    ] Application time: 0.0587790 seconds
[2019-12-09T03:23:13.383+0000][1][safepoint    ] Entering safepoint region: RevokeBias
[2019-12-09T03:23:13.383+0000][1][safepoint    ] Leaving safepoint region
[2019-12-09T03:23:13.383+0000][1][safepoint    ] Total time for which application threads were stopped: 0.0000664 seconds, Stopping threads took: 0.0000137 seconds
[2019-12-09T03:23:13.497+0000][1][safepoint    ] Application time: 0.1137509 seconds
[2019-12-09T03:23:13.497+0000][1][safepoint    ] Entering safepoint region: RevokeBias
[2019-12-09T03:23:13.497+0000][1][safepoint    ] Leaving safepoint region
[2019-12-09T03:23:13.497+0000][1][safepoint    ] Total time for which application threads were stopped: 0.0000656 seconds, Stopping threads took: 0.0000144 seconds
[2019-12-09T03:23:13.894+0000][1][safepoint    ] Application time: 0.3970737 seconds
[2019-12-09T03:23:13.894+0000][1][safepoint    ] Entering safepoint region: RevokeBias
[2019-12-09T03:23:13.894+0000][1][safepoint    ] Leaving safepoint region
[2019-12-09T03:23:13.894+0000][1][safepoint    ] Total time for which application threads were stopped: 0.0002696 seconds, Stopping threads took: 0.0002110 seconds
[2019-12-09T03:23:14.898+0000][1][safepoint    ] Application time: 1.0035088 seconds
[2019-12-09T03:23:14.898+0000][1][safepoint    ] Entering safepoint region: Cleanup
[2019-12-09T03:23:14.899+0000][1][safepoint    ] Leaving safepoint region
[2019-12-09T03:23:14.899+0000][1][safepoint    ] Total time for which application threads were stopped: 0.0008250 seconds, Stopping threads took: 0.0003591 seconds
[2019-12-09T03:23:15.322+0000][1][safepoint    ] Application time: 0.4230560 seconds
[2019-12-09T03:23:15.322+0000][1][safepoint    ] Entering safepoint region: RevokeBias
[2019-12-09T03:23:15.322+0000][1][safepoint    ] Leaving safepoint region
[2019-12-09T03:23:15.322+0000][1][safepoint    ] Total time for which application threads were stopped: 0.0000926 seconds, Stopping threads took: 0.0000161 seconds
[2019-12-09T03:23:15.386+0000][1][safepoint    ] Application time: 0.0639345 seconds
[2019-12-09T03:23:15.386+0000][1][safepoint    ] Entering safepoint region: RevokeBias
[2019-12-09T03:23:15.386+0000][1][safepoint    ] Leaving safepoint region
[2019-12-09T03:23:15.386+0000][1][safepoint    ] Total time for which application threads were stopped: 0.0000704 seconds, Stopping threads took: 0.0000155 seconds
[2019-12-09T03:23:16.397+0000][1][safepoint    ] Application time: 1.0108955 seconds
[2019-12-09T03:23:16.460+0000][1][safepoint    ] Entering safepoint region: Cleanup
[2019-12-09T03:23:16.460+0000][1][safepoint    ] Leaving safepoint region
[2019-12-09T03:23:16.460+0000][1][safepoint    ] Total time for which application threads were stopped: 0.0630732 seconds, Stopping threads took: 0.0629645 seconds
[2019-12-09T03:23:17.063+0000][1][safepoint    ] Application time: 0.6035106 seconds
[2019-12-09T03:23:17.063+0000][1][safepoint    ] Entering safepoint region: RevokeBias
[2019-12-09T03:23:17.064+0000][1][safepoint    ] Leaving safepoint region
[2019-12-09T03:23:17.064+0000][1][safepoint    ] Total time for which application threads were stopped: 0.0000868 seconds, Stopping threads took: 0.0000155 seconds
[2019-12-09T03:23:17.090+0000][1][safepoint    ] Application time: 0.0260516 seconds
[2019-12-09T03:23:17.090+0000][1][safepoint    ] Entering safepoint region: BulkRevokeBias
[2019-12-09T03:23:17.090+0000][1][safepoint    ] Leaving safepoint region
[2019-12-09T03:23:17.090+0000][1][safepoint    ] Total time for which application threads were stopped: 0.0004308 seconds, Stopping threads took: 0.0000151 seconds
[2019-12-09T03:23:17.537+0000][1][safepoint    ] Application time: 0.4466613 seconds
[2019-12-09T03:23:17.537+0000][1][safepoint    ] Entering safepoint region: GenCollectForAllocation
[2019-12-09T03:23:17.537+0000][1][gc,start     ] GC(21) Pause Young (Allocation Failure)
[2019-12-09T03:23:17.537+0000][1][gc,task      ] GC(21) Using 2 workers of 2 for evacuation
[2019-12-09T03:23:17.874+0000][1][gc,age       ] GC(21) Desired survivor size 4456448 bytes, new threshold 6 (max threshold 6)
[2019-12-09T03:23:17.874+0000][1][gc,age       ] GC(21) Age table with threshold 6 (max threshold 6)
[2019-12-09T03:23:17.874+0000][1][gc,age       ] GC(21) - age   1:    1620800 bytes,    1620800 total
[2019-12-09T03:23:17.874+0000][1][gc,age       ] GC(21) - age   2:    2747976 bytes,    4368776 total
[2019-12-09T03:23:17.874+0000][1][gc,heap      ] GC(21) ParNew: 77354K->5108K(78656K)
[2019-12-09T03:23:17.874+0000][1][gc,heap      ] GC(21) CMS: 57842K->60324K(174784K)
[2019-12-09T03:23:17.874+0000][1][gc,metaspace ] GC(21) Metaspace: 56055K->56055K(1099776K)
[2019-12-09T03:23:17.874+0000][1][gc           ] GC(21) Pause Young (Allocation Failure) 132M->63M(247M) 337.487ms
[2019-12-09T03:23:17.874+0000][1][gc,cpu       ] GC(21) User=0.06s Sys=0.00s Real=0.33s
[2019-12-09T03:23:17.874+0000][1][safepoint    ] Leaving safepoint region
[2019-12-09T03:23:17.874+0000][1][safepoint    ] Total time for which application threads were stopped: 0.3376414 seconds, Stopping threads took: 0.0000181 seconds
[2019-12-09T03:23:18.785+0000][1][safepoint    ] Application time: 0.9106468 seconds
[2019-12-09T03:23:18.785+0000][1][safepoint    ] Entering safepoint region: RevokeBias
[2019-12-09T03:23:18.785+0000][1][safepoint    ] Leaving safepoint region
[2019-12-09T03:23:18.785+0000][1][safepoint    ] Total time for which application threads were stopped: 0.0003491 seconds, Stopping threads took: 0.0002167 seconds
[2019-12-09T03:23:18.786+0000][1][safepoint    ] Application time: 0.0000842 seconds
[2019-12-09T03:23:18.786+0000][1][safepoint    ] Entering safepoint region: RevokeBias
[2019-12-09T03:23:18.786+0000][1][safepoint    ] Leaving safepoint region
[2019-12-09T03:23:18.786+0000][1][safepoint    ] Total time for which application threads were stopped: 0.0000568 seconds, Stopping threads took: 0.0000110 seconds
[2019-12-09T03:23:18.786+0000][1][safepoint    ] Application time: 0.0002266 seconds
[2019-12-09T03:23:18.786+0000][1][safepoint    ] Entering safepoint region: RevokeBias
[2019-12-09T03:23:18.786+0000][1][safepoint    ] Leaving safepoint region
[2019-12-09T03:23:18.786+0000][1][safepoint    ] Total time for which application threads were stopped: 0.0000553 seconds, Stopping threads took: 0.0000111 seconds
[2019-12-09T03:23:18.931+0000][1][safepoint    ] Application time: 0.1447865 seconds
[2019-12-09T03:23:18.931+0000][1][safepoint    ] Entering safepoint region: Deoptimize
[2019-12-09T03:23:18.931+0000][1][safepoint    ] Leaving safepoint region
[2019-12-09T03:23:18.931+0000][1][safepoint    ] Total time for which application threads were stopped: 0.0006405 seconds, Stopping threads took: 0.0000162 seconds
[2019-12-09T03:23:19.306+0000][1][safepoint    ] Application time: 0.3743123 seconds
[2019-12-09T03:23:19.306+0000][1][safepoint    ] Entering safepoint region: RevokeBias
[2019-12-09T03:23:19.306+0000][1][safepoint    ] Leaving safepoint region
[2019-12-09T03:23:19.306+0000][1][safepoint    ] Total time for which application threads were stopped: 0.0001032 seconds, Stopping threads took: 0.0000143 seconds
[2019-12-09T03:23:19.306+0000][1][safepoint    ] Application time: 0.0001200 seconds
[2019-12-09T03:23:19.306+0000][1][safepoint    ] Entering safepoint region: RevokeBias
[2019-12-09T03:23:19.306+0000][1][safepoint    ] Leaving safepoint region
[2019-12-09T03:23:19.306+0000][1][safepoint    ] Total time for which application threads were stopped: 0.0000586 seconds, Stopping threads took: 0.0000090 seconds
[2019-12-09T03:23:19.306+0000][1][safepoint    ] Application time: 0.0001240 seconds
[2019-12-09T03:23:19.306+0000][1][safepoint    ] Entering safepoint region: RevokeBias
[2019-12-09T03:23:19.306+0000][1][safepoint    ] Leaving safepoint region
[2019-12-09T03:23:19.306+0000][1][safepoint    ] Total time for which application threads were stopped: 0.0000545 seconds, Stopping threads took: 0.0000133 seconds
[2019-12-09T03:23:19.320+0000][1][safepoint    ] Application time: 0.0141052 seconds
[2019-12-09T03:23:19.320+0000][1][safepoint    ] Entering safepoint region: RevokeBias
[2019-12-09T03:23:19.320+0000][1][safepoint    ] Leaving safepoint region
[2019-12-09T03:23:19.320+0000][1][safepoint    ] Total time for which application threads were stopped: 0.0000754 seconds, Stopping threads took: 0.0000134 seconds
[2019-12-09T03:23:20.323+0000][1][safepoint    ] Application time: 1.0022378 seconds
[2019-12-09T03:23:20.323+0000][1][safepoint    ] Entering safepoint region: Cleanup
[2019-12-09T03:23:20.324+0000][1][safepoint    ] Leaving safepoint region
[2019-12-09T03:23:20.324+0000][1][safepoint    ] Total time for which application threads were stopped: 0.0013792 seconds, Stopping threads took: 0.0001565 seconds
[2019-12-09T03:23:21.339+0000][1][safepoint    ] Application time: 1.0145644 seconds
[2019-12-09T03:23:21.350+0000][1][safepoint    ] Entering safepoint region: Cleanup
[2019-12-09T03:23:21.350+0000][1][safepoint    ] Leaving safepoint region
[2019-12-09T03:23:21.350+0000][1][safepoint    ] Total time for which application threads were stopped: 0.0110665 seconds, Stopping threads took: 0.0109980 seconds
[2019-12-09T03:23:21.428+0000][1][safepoint    ] Application time: 0.0778979 seconds
[2019-12-09T03:23:21.428+0000][1][safepoint    ] Entering safepoint region: Deoptimize
[2019-12-09T03:23:21.428+0000][1][safepoint    ] Leaving safepoint region
[2019-12-09T03:23:21.428+0000][1][safepoint    ] Total time for which application threads were stopped: 0.0006525 seconds, Stopping threads took: 0.0000184 seconds
[2019-12-09T03:23:22.453+0000][1][safepoint    ] Application time: 1.0243391 seconds
[2019-12-09T03:23:22.457+0000][1][safepoint    ] Entering safepoint region: Cleanup
[2019-12-09T03:23:22.457+0000][1][safepoint    ] Leaving safepoint region
[2019-12-09T03:23:22.457+0000][1][safepoint    ] Total time for which application threads were stopped: 0.0046625 seconds, Stopping threads took: 0.0045881 seconds
[2019-12-09T03:23:23.471+0000][1][safepoint    ] Application time: 1.0132726 seconds
[2019-12-09T03:23:23.471+0000][1][safepoint    ] Entering safepoint region: Cleanup
[2019-12-09T03:23:23.471+0000][1][safepoint    ] Leaving safepoint region
[2019-12-09T03:23:23.471+0000][1][safepoint    ] Total time for which application threads were stopped: 0.0001767 seconds, Stopping threads took: 0.0000827 seconds
[2019-12-09T03:23:24.479+0000][1][safepoint    ] Application time: 1.0077551 seconds
[2019-12-09T03:23:24.479+0000][1][safepoint    ] Entering safepoint region: Cleanup
[2019-12-09T03:23:24.479+0000][1][safepoint    ] Leaving safepoint region
[2019-12-09T03:23:24.479+0000][1][safepoint    ] Total time for which application threads were stopped: 0.0001363 seconds, Stopping threads took: 0.0000783 seconds
[2019-12-09T03:23:24.808+0000][1][safepoint    ] Application time: 0.3288213 seconds
[2019-12-09T03:23:24.808+0000][1][safepoint    ] Entering safepoint region: BulkRevokeBias
[2019-12-09T03:23:24.808+0000][1][safepoint    ] Leaving safepoint region
[2019-12-09T03:23:24.808+0000][1][safepoint    ] Total time for which application threads were stopped: 0.0002585 seconds, Stopping threads took: 0.0000154 seconds
[2019-12-09T03:23:25.050+0000][1][safepoint    ] Application time: 0.2417218 seconds
[2019-12-09T03:23:25.050+0000][1][safepoint    ] Entering safepoint region: GenCollectForAllocation
[2019-12-09T03:23:25.050+0000][1][gc,start     ] GC(22) Pause Young (Allocation Failure)
[2019-12-09T03:23:25.050+0000][1][gc,task      ] GC(22) Using 2 workers of 2 for evacuation
[2019-12-09T03:23:25.279+0000][1][gc,age       ] GC(22) Desired survivor size 4456448 bytes, new threshold 2 (max threshold 6)
[2019-12-09T03:23:25.279+0000][1][gc,age       ] GC(22) Age table with threshold 2 (max threshold 6)
[2019-12-09T03:23:25.279+0000][1][gc,age       ] GC(22) - age   1:    3655264 bytes,    3655264 total
[2019-12-09T03:23:25.279+0000][1][gc,age       ] GC(22) - age   2:    1522840 bytes,    5178104 total
[2019-12-09T03:23:25.279+0000][1][gc,age       ] GC(22) - age   3:    2725008 bytes,    7903112 total
[2019-12-09T03:23:25.279+0000][1][gc,heap      ] GC(22) ParNew: 75060K->8704K(78656K)
[2019-12-09T03:23:25.279+0000][1][gc,heap      ] GC(22) CMS: 60324K->60324K(174784K)
[2019-12-09T03:23:25.279+0000][1][gc,metaspace ] GC(22) Metaspace: 63081K->63081K(1107968K)
[2019-12-09T03:23:25.279+0000][1][gc           ] GC(22) Pause Young (Allocation Failure) 132M->67M(247M) 228.983ms
[2019-12-09T03:23:25.279+0000][1][gc,cpu       ] GC(22) User=0.05s Sys=0.00s Real=0.23s
[2019-12-09T03:23:25.279+0000][1][safepoint    ] Leaving safepoint region
[2019-12-09T03:23:25.279+0000][1][safepoint    ] Total time for which application threads were stopped: 0.2291398 seconds, Stopping threads took: 0.0000168 seconds
[2019-12-09T03:23:25.727+0000][1][safepoint    ] Application time: 0.4483383 seconds
[2019-12-09T03:23:25.727+0000][1][safepoint    ] Entering safepoint region: RevokeBias
[2019-12-09T03:23:25.728+0000][1][safepoint    ] Leaving safepoint region
[2019-12-09T03:23:25.728+0000][1][safepoint    ] Total time for which application threads were stopped: 0.0003399 seconds, Stopping threads took: 0.0001999 seconds
[2019-12-09T03:23:25.728+0000][1][safepoint    ] Application time: 0.0001039 seconds
[2019-12-09T03:23:25.728+0000][1][safepoint    ] Entering safepoint region: RevokeBias
[2019-12-09T03:23:25.728+0000][1][safepoint    ] Leaving safepoint region
[2019-12-09T03:23:25.728+0000][1][safepoint    ] Total time for which application threads were stopped: 0.0000886 seconds, Stopping threads took: 0.0000107 seconds
[2019-12-09T03:23:25.728+0000][1][safepoint    ] Application time: 0.0000639 seconds
[2019-12-09T03:23:25.728+0000][1][safepoint    ] Entering safepoint region: RevokeBias
[2019-12-09T03:23:25.728+0000][1][safepoint    ] Leaving safepoint region
[2019-12-09T03:23:25.728+0000][1][safepoint    ] Total time for which application threads were stopped: 0.0000646 seconds, Stopping threads took: 0.0000090 seconds
[2019-12-09T03:23:25.728+0000][1][safepoint    ] Application time: 0.0000611 seconds
[2019-12-09T03:23:25.728+0000][1][safepoint    ] Entering safepoint region: RevokeBias
[2019-12-09T03:23:25.728+0000][1][safepoint    ] Leaving safepoint region
[2019-12-09T03:23:25.728+0000][1][safepoint    ] Total time for which application threads were stopped: 0.0000724 seconds, Stopping threads took: 0.0000091 seconds
[2019-12-09T03:23:25.728+0000][1][safepoint    ] Application time: 0.0000644 seconds
[2019-12-09T03:23:25.728+0000][1][safepoint    ] Entering safepoint region: RevokeBias
[2019-12-09T03:23:25.728+0000][1][safepoint    ] Leaving safepoint region
[2019-12-09T03:23:25.728+0000][1][safepoint    ] Total time for which application threads were stopped: 0.0000725 seconds, Stopping threads took: 0.0000179 seconds
[2019-12-09T03:23:25.728+0000][1][safepoint    ] Application time: 0.0000584 seconds
[2019-12-09T03:23:25.728+0000][1][safepoint    ] Entering safepoint region: RevokeBias
[2019-12-09T03:23:25.728+0000][1][safepoint    ] Leaving safepoint region
[2019-12-09T03:23:25.728+0000][1][safepoint    ] Total time for which application threads were stopped: 0.0000631 seconds, Stopping threads took: 0.0000089 seconds
[2019-12-09T03:23:25.729+0000][1][safepoint    ] Application time: 0.0000619 seconds
[2019-12-09T03:23:25.729+0000][1][safepoint    ] Entering safepoint region: RevokeBias
[2019-12-09T03:23:25.729+0000][1][safepoint    ] Leaving safepoint region
[2019-12-09T03:23:25.729+0000][1][safepoint    ] Total time for which application threads were stopped: 0.0000595 seconds, Stopping threads took: 0.0000083 seconds
[2019-12-09T03:23:25.729+0000][1][safepoint    ] Application time: 0.0000679 seconds
[2019-12-09T03:23:25.729+0000][1][safepoint    ] Entering safepoint region: RevokeBias
[2019-12-09T03:23:25.729+0000][1][safepoint    ] Leaving safepoint region
[2019-12-09T03:23:25.729+0000][1][safepoint    ] Total time for which application threads were stopped: 0.0000967 seconds, Stopping threads took: 0.0000303 seconds
[2019-12-09T03:23:25.813+0000][1][safepoint    ] Application time: 0.0840191 seconds
[2019-12-09T03:23:25.813+0000][1][safepoint    ] Entering safepoint region: Deoptimize
[2019-12-09T03:23:25.813+0000][1][safepoint    ] Leaving safepoint region
[2019-12-09T03:23:25.813+0000][1][safepoint    ] Total time for which application threads were stopped: 0.0006266 seconds, Stopping threads took: 0.0000155 seconds
[2019-12-09T03:23:25.890+0000][1][safepoint    ] Application time: 0.0762588 seconds
[2019-12-09T03:23:25.890+0000][1][safepoint    ] Entering safepoint region: RevokeBias
[2019-12-09T03:23:25.890+0000][1][safepoint    ] Leaving safepoint region
[2019-12-09T03:23:25.890+0000][1][safepoint    ] Total time for which application threads were stopped: 0.0000984 seconds, Stopping threads took: 0.0000167 seconds
[2019-12-09T03:23:25.901+0000][1][safepoint    ] Application time: 0.0113556 seconds
[2019-12-09T03:23:25.901+0000][1][safepoint    ] Entering safepoint region: RevokeBias
[2019-12-09T03:23:25.901+0000][1][safepoint    ] Leaving safepoint region
[2019-12-09T03:23:25.901+0000][1][safepoint    ] Total time for which application threads were stopped: 0.0000786 seconds, Stopping threads took: 0.0000148 seconds
[2019-12-09T03:23:25.902+0000][1][safepoint    ] Application time: 0.0008855 seconds
[2019-12-09T03:23:25.902+0000][1][safepoint    ] Entering safepoint region: RevokeBias
[2019-12-09T03:23:25.902+0000][1][safepoint    ] Leaving safepoint region
[2019-12-09T03:23:25.902+0000][1][safepoint    ] Total time for which application threads were stopped: 0.0000713 seconds, Stopping threads took: 0.0000123 seconds
[2019-12-09T03:23:25.916+0000][1][safepoint    ] Application time: 0.0135233 seconds
[2019-12-09T03:23:25.916+0000][1][safepoint    ] Entering safepoint region: RevokeBias
[2019-12-09T03:23:25.916+0000][1][safepoint    ] Leaving safepoint region
[2019-12-09T03:23:25.916+0000][1][safepoint    ] Total time for which application threads were stopped: 0.0000762 seconds, Stopping threads took: 0.0000138 seconds
[2019-12-09T03:23:25.916+0000][1][safepoint    ] Application time: 0.0000659 seconds
[2019-12-09T03:23:25.916+0000][1][safepoint    ] Entering safepoint region: RevokeBias
[2019-12-09T03:23:25.916+0000][1][safepoint    ] Leaving safepoint region
[2019-12-09T03:23:25.916+0000][1][safepoint    ] Total time for which application threads were stopped: 0.0000549 seconds, Stopping threads took: 0.0000092 seconds
[2019-12-09T03:23:25.916+0000][1][safepoint    ] Application time: 0.0004055 seconds
[2019-12-09T03:23:25.917+0000][1][safepoint    ] Entering safepoint region: RevokeBias
[2019-12-09T03:23:25.917+0000][1][safepoint    ] Leaving safepoint region
[2019-12-09T03:23:25.917+0000][1][safepoint    ] Total time for which application threads were stopped: 0.0000677 seconds, Stopping threads took: 0.0000119 seconds
[2019-12-09T03:23:25.917+0000][1][safepoint    ] Application time: 0.0002378 seconds
[2019-12-09T03:23:25.917+0000][1][safepoint    ] Entering safepoint region: RevokeBias
[2019-12-09T03:23:25.917+0000][1][safepoint    ] Leaving safepoint region
[2019-12-09T03:23:25.917+0000][1][safepoint    ] Total time for which application threads were stopped: 0.0000630 seconds, Stopping threads took: 0.0000105 seconds
[2019-12-09T03:23:25.917+0000][1][safepoint    ] Application time: 0.0000636 seconds
[2019-12-09T03:23:25.917+0000][1][safepoint    ] Entering safepoint region: RevokeBias
[2019-12-09T03:23:25.917+0000][1][safepoint    ] Leaving safepoint region
[2019-12-09T03:23:25.917+0000][1][safepoint    ] Total time for which application threads were stopped: 0.0000545 seconds, Stopping threads took: 0.0000089 seconds
[2019-12-09T03:23:25.918+0000][1][safepoint    ] Application time: 0.0006480 seconds
[2019-12-09T03:23:25.918+0000][1][safepoint    ] Entering safepoint region: RevokeBias
[2019-12-09T03:23:25.918+0000][1][safepoint    ] Leaving safepoint region
[2019-12-09T03:23:25.918+0000][1][safepoint    ] Total time for which application threads were stopped: 0.0000635 seconds, Stopping threads took: 0.0000181 seconds
[2019-12-09T03:23:25.919+0000][1][safepoint    ] Application time: 0.0012340 seconds
[2019-12-09T03:23:25.919+0000][1][safepoint    ] Entering safepoint region: RevokeBias
[2019-12-09T03:23:25.919+0000][1][safepoint    ] Leaving safepoint region
[2019-12-09T03:23:25.919+0000][1][safepoint    ] Total time for which application threads were stopped: 0.0000660 seconds, Stopping threads took: 0.0000118 seconds
[2019-12-09T03:23:25.949+0000][1][safepoint    ] Application time: 0.0296959 seconds
[2019-12-09T03:23:25.949+0000][1][safepoint    ] Entering safepoint region: RevokeBias
[2019-12-09T03:23:25.949+0000][1][safepoint    ] Leaving safepoint region
[2019-12-09T03:23:25.949+0000][1][safepoint    ] Total time for which application threads were stopped: 0.0000924 seconds, Stopping threads took: 0.0000161 seconds
[2019-12-09T03:23:25.954+0000][1][safepoint    ] Application time: 0.0046619 seconds
[2019-12-09T03:23:25.954+0000][1][safepoint    ] Entering safepoint region: Deoptimize
[2019-12-09T03:23:25.954+0000][1][safepoint    ] Leaving safepoint region
[2019-12-09T03:23:25.954+0000][1][safepoint    ] Total time for which application threads were stopped: 0.0006363 seconds, Stopping threads took: 0.0000128 seconds
[2019-12-09T03:23:26.614+0000][1][safepoint    ] Application time: 0.6600479 seconds
[2019-12-09T03:23:26.654+0000][1][safepoint    ] Entering safepoint region: RevokeBias
[2019-12-09T03:23:26.654+0000][1][safepoint    ] Leaving safepoint region
[2019-12-09T03:23:26.654+0000][1][safepoint    ] Total time for which application threads were stopped: 0.0398125 seconds, Stopping threads took: 0.0397327 seconds
[2019-12-09T03:23:26.654+0000][1][safepoint    ] Application time: 0.0001924 seconds
[2019-12-09T03:23:26.654+0000][1][safepoint    ] Entering safepoint region: RevokeBias
[2019-12-09T03:23:26.654+0000][1][safepoint    ] Leaving safepoint region
[2019-12-09T03:23:26.654+0000][1][safepoint    ] Total time for which application threads were stopped: 0.0000549 seconds, Stopping threads took: 0.0000104 seconds
[2019-12-09T03:23:26.655+0000][1][safepoint    ] Application time: 0.0000653 seconds
[2019-12-09T03:23:26.655+0000][1][safepoint    ] Entering safepoint region: RevokeBias
[2019-12-09T03:23:26.655+0000][1][safepoint    ] Leaving safepoint region
[2019-12-09T03:23:26.655+0000][1][safepoint    ] Total time for which application threads were stopped: 0.0000381 seconds, Stopping threads took: 0.0000073 seconds
[2019-12-09T03:23:26.655+0000][1][safepoint    ] Application time: 0.0003260 seconds
[2019-12-09T03:23:26.655+0000][1][safepoint    ] Entering safepoint region: RevokeBias
[2019-12-09T03:23:26.655+0000][1][safepoint    ] Leaving safepoint region
[2019-12-09T03:23:26.655+0000][1][safepoint    ] Total time for which application threads were stopped: 0.0000644 seconds, Stopping threads took: 0.0000107 seconds
[2019-12-09T03:23:26.655+0000][1][safepoint    ] Application time: 0.0000655 seconds
[2019-12-09T03:23:26.655+0000][1][safepoint    ] Entering safepoint region: RevokeBias
[2019-12-09T03:23:26.655+0000][1][safepoint    ] Leaving safepoint region
[2019-12-09T03:23:26.655+0000][1][safepoint    ] Total time for which application threads were stopped: 0.0000457 seconds, Stopping threads took: 0.0000090 seconds
[2019-12-09T03:23:26.663+0000][1][safepoint    ] Application time: 0.0082707 seconds
[2019-12-09T03:23:26.663+0000][1][safepoint    ] Entering safepoint region: RevokeBias
[2019-12-09T03:23:26.663+0000][1][safepoint    ] Leaving safepoint region
[2019-12-09T03:23:26.663+0000][1][safepoint    ] Total time for which application threads were stopped: 0.0000966 seconds, Stopping threads took: 0.0000483 seconds
[2019-12-09T03:23:26.671+0000][1][safepoint    ] Application time: 0.0072502 seconds
[2019-12-09T03:23:26.671+0000][1][safepoint    ] Entering safepoint region: RevokeBias
[2019-12-09T03:23:26.671+0000][1][safepoint    ] Leaving safepoint region
[2019-12-09T03:23:26.671+0000][1][safepoint    ] Total time for which application threads were stopped: 0.0001089 seconds, Stopping threads took: 0.0000631 seconds
[2019-12-09T03:23:26.680+0000][1][safepoint    ] Application time: 0.0089471 seconds
[2019-12-09T03:23:26.695+0000][1][safepoint    ] Entering safepoint region: RevokeBias
[2019-12-09T03:23:26.695+0000][1][safepoint    ] Leaving safepoint region
[2019-12-09T03:23:26.695+0000][1][safepoint    ] Total time for which application threads were stopped: 0.0149113 seconds, Stopping threads took: 0.0148525 seconds
[2019-12-09T03:23:26.708+0000][1][safepoint    ] Application time: 0.0134427 seconds
[2019-12-09T03:23:26.708+0000][1][safepoint    ] Entering safepoint region: RevokeBias
[2019-12-09T03:23:26.708+0000][1][safepoint    ] Leaving safepoint region
[2019-12-09T03:23:26.708+0000][1][safepoint    ] Total time for which application threads were stopped: 0.0001111 seconds, Stopping threads took: 0.0000662 seconds
[2019-12-09T03:23:26.712+0000][1][safepoint    ] Application time: 0.0035762 seconds
[2019-12-09T03:23:26.774+0000][1][safepoint    ] Entering safepoint region: RevokeBias
[2019-12-09T03:23:26.774+0000][1][safepoint    ] Leaving safepoint region
[2019-12-09T03:23:26.774+0000][1][safepoint    ] Total time for which application threads were stopped: 0.0620033 seconds, Stopping threads took: 0.0619188 seconds
[2019-12-09T03:23:26.774+0000][1][safepoint    ] Application time: 0.0003941 seconds
[2019-12-09T03:23:26.774+0000][1][safepoint    ] Entering safepoint region: RevokeBias
[2019-12-09T03:23:26.774+0000][1][safepoint    ] Leaving safepoint region
[2019-12-09T03:23:26.775+0000][1][safepoint    ] Total time for which application threads were stopped: 0.0001102 seconds, Stopping threads took: 0.0000146 seconds
[2019-12-09T03:23:26.775+0000][1][safepoint    ] Application time: 0.0001346 seconds
[2019-12-09T03:23:26.775+0000][1][safepoint    ] Entering safepoint region: RevokeBias
[2019-12-09T03:23:26.775+0000][1][safepoint    ] Leaving safepoint region
[2019-12-09T03:23:26.775+0000][1][safepoint    ] Total time for which application threads were stopped: 0.0001143 seconds, Stopping threads took: 0.0000106 seconds
[2019-12-09T03:23:26.775+0000][1][safepoint    ] Application time: 0.0006857 seconds
[2019-12-09T03:23:26.775+0000][1][safepoint    ] Entering safepoint region: RevokeBias
[2019-12-09T03:23:26.776+0000][1][safepoint    ] Leaving safepoint region
[2019-12-09T03:23:26.776+0000][1][safepoint    ] Total time for which application threads were stopped: 0.0000672 seconds, Stopping threads took: 0.0000129 seconds
[2019-12-09T03:23:26.776+0000][1][safepoint    ] Application time: 0.0000640 seconds
[2019-12-09T03:23:26.776+0000][1][safepoint    ] Entering safepoint region: RevokeBias
[2019-12-09T03:23:26.776+0000][1][safepoint    ] Leaving safepoint region
[2019-12-09T03:23:26.776+0000][1][safepoint    ] Total time for which application threads were stopped: 0.0000709 seconds, Stopping threads took: 0.0000093 seconds
[2019-12-09T03:23:26.777+0000][1][safepoint    ] Application time: 0.0014340 seconds
[2019-12-09T03:23:26.777+0000][1][safepoint    ] Entering safepoint region: RevokeBias
[2019-12-09T03:23:26.777+0000][1][safepoint    ] Leaving safepoint region
[2019-12-09T03:23:26.777+0000][1][safepoint    ] Total time for which application threads were stopped: 0.0000581 seconds, Stopping threads took: 0.0000123 seconds
[2019-12-09T03:23:26.787+0000][1][safepoint    ] Application time: 0.0099215 seconds
[2019-12-09T03:23:26.811+0000][1][safepoint    ] Entering safepoint region: RevokeBias
[2019-12-09T03:23:26.812+0000][1][safepoint    ] Leaving safepoint region
[2019-12-09T03:23:26.812+0000][1][safepoint    ] Total time for which application threads were stopped: 0.0243927 seconds, Stopping threads took: 0.0242773 seconds
[2019-12-09T03:23:26.812+0000][1][safepoint    ] Application time: 0.0007191 seconds
[2019-12-09T03:23:26.812+0000][1][safepoint    ] Entering safepoint region: RevokeBias
[2019-12-09T03:23:26.812+0000][1][safepoint    ] Leaving safepoint region
[2019-12-09T03:23:26.812+0000][1][safepoint    ] Total time for which application threads were stopped: 0.0001204 seconds, Stopping threads took: 0.0000576 seconds
[2019-12-09T03:23:26.814+0000][1][safepoint    ] Application time: 0.0018787 seconds
[2019-12-09T03:23:26.814+0000][1][safepoint    ] Entering safepoint region: RevokeBias
[2019-12-09T03:23:26.814+0000][1][safepoint    ] Leaving safepoint region
[2019-12-09T03:23:26.814+0000][1][safepoint    ] Total time for which application threads were stopped: 0.0000809 seconds, Stopping threads took: 0.0000130 seconds
[2019-12-09T03:23:26.830+0000][1][safepoint    ] Application time: 0.0152648 seconds
[2019-12-09T03:23:26.954+0000][1][safepoint    ] Entering safepoint region: RevokeBias
[2019-12-09T03:23:26.954+0000][1][safepoint    ] Leaving safepoint region
[2019-12-09T03:23:26.954+0000][1][safepoint    ] Total time for which application threads were stopped: 0.1241760 seconds, Stopping threads took: 0.1240209 seconds
[2019-12-09T03:23:26.954+0000][1][safepoint    ] Application time: 0.0001425 seconds
[2019-12-09T03:23:26.954+0000][1][safepoint    ] Entering safepoint region: RevokeBias
[2019-12-09T03:23:26.954+0000][1][safepoint    ] Leaving safepoint region
[2019-12-09T03:23:26.954+0000][1][safepoint    ] Total time for which application threads were stopped: 0.0000704 seconds, Stopping threads took: 0.0000117 seconds
[2019-12-09T03:23:26.956+0000][1][safepoint    ] Application time: 0.0013759 seconds
[2019-12-09T03:23:27.002+0000][1][safepoint    ] Entering safepoint region: RevokeBias
[2019-12-09T03:23:27.002+0000][1][safepoint    ] Leaving safepoint region
[2019-12-09T03:23:27.002+0000][1][safepoint    ] Total time for which application threads were stopped: 0.0462413 seconds, Stopping threads took: 0.0460890 seconds
[2019-12-09T03:23:27.005+0000][1][safepoint    ] Application time: 0.0036099 seconds
[2019-12-09T03:23:27.062+0000][1][safepoint    ] Entering safepoint region: RevokeBias
[2019-12-09T03:23:27.062+0000][1][safepoint    ] Leaving safepoint region
[2019-12-09T03:23:27.062+0000][1][safepoint    ] Total time for which application threads were stopped: 0.0564561 seconds, Stopping threads took: 0.0563551 seconds
[2019-12-09T03:23:27.112+0000][1][safepoint    ] Application time: 0.0503843 seconds
[2019-12-09T03:23:27.112+0000][1][safepoint    ] Entering safepoint region: RevokeBias
[2019-12-09T03:23:27.112+0000][1][safepoint    ] Leaving safepoint region
[2019-12-09T03:23:27.112+0000][1][safepoint    ] Total time for which application threads were stopped: 0.0001179 seconds, Stopping threads took: 0.0000181 seconds
[2019-12-09T03:23:27.113+0000][1][safepoint    ] Application time: 0.0000664 seconds
[2019-12-09T03:23:27.113+0000][1][safepoint    ] Entering safepoint region: RevokeBias
[2019-12-09T03:23:27.113+0000][1][safepoint    ] Leaving safepoint region
[2019-12-09T03:23:27.113+0000][1][safepoint    ] Total time for which application threads were stopped: 0.0000509 seconds, Stopping threads took: 0.0000093 seconds
[2019-12-09T03:23:27.113+0000][1][safepoint    ] Application time: 0.0000916 seconds
[2019-12-09T03:23:27.113+0000][1][safepoint    ] Entering safepoint region: RevokeBias
[2019-12-09T03:23:27.113+0000][1][safepoint    ] Leaving safepoint region
[2019-12-09T03:23:27.113+0000][1][safepoint    ] Total time for which application threads were stopped: 0.0000565 seconds, Stopping threads took: 0.0000099 seconds
[2019-12-09T03:23:27.113+0000][1][safepoint    ] Application time: 0.0001179 seconds
[2019-12-09T03:23:27.113+0000][1][safepoint    ] Entering safepoint region: RevokeBias
[2019-12-09T03:23:27.113+0000][1][safepoint    ] Leaving safepoint region
[2019-12-09T03:23:27.113+0000][1][safepoint    ] Total time for which application threads were stopped: 0.0000506 seconds, Stopping threads took: 0.0000083 seconds
[2019-12-09T03:23:27.113+0000][1][safepoint    ] Application time: 0.0001154 seconds
[2019-12-09T03:23:27.113+0000][1][safepoint    ] Entering safepoint region: RevokeBias
[2019-12-09T03:23:27.113+0000][1][safepoint    ] Leaving safepoint region
[2019-12-09T03:23:27.113+0000][1][safepoint    ] Total time for which application threads were stopped: 0.0001057 seconds, Stopping threads took: 0.0000143 seconds
[2019-12-09T03:23:27.113+0000][1][safepoint    ] Application time: 0.0000768 seconds
[2019-12-09T03:23:27.113+0000][1][safepoint    ] Entering safepoint region: RevokeBias
[2019-12-09T03:23:27.113+0000][1][safepoint    ] Leaving safepoint region
[2019-12-09T03:23:27.113+0000][1][safepoint    ] Total time for which application threads were stopped: 0.0000522 seconds, Stopping threads took: 0.0000092 seconds
[2019-12-09T03:23:27.117+0000][1][safepoint    ] Application time: 0.0032934 seconds
[2019-12-09T03:23:27.117+0000][1][safepoint    ] Entering safepoint region: RevokeBias
[2019-12-09T03:23:27.117+0000][1][safepoint    ] Leaving safepoint region
[2019-12-09T03:23:27.117+0000][1][safepoint    ] Total time for which application threads were stopped: 0.0001004 seconds, Stopping threads took: 0.0000304 seconds
[2019-12-09T03:23:27.117+0000][1][safepoint    ] Application time: 0.0003179 seconds
[2019-12-09T03:23:27.117+0000][1][safepoint    ] Entering safepoint region: RevokeBias
[2019-12-09T03:23:27.117+0000][1][safepoint    ] Leaving safepoint region
[2019-12-09T03:23:27.117+0000][1][safepoint    ] Total time for which application threads were stopped: 0.0001169 seconds, Stopping threads took: 0.0000116 seconds
[2019-12-09T03:23:27.117+0000][1][safepoint    ] Application time: 0.0000718 seconds
[2019-12-09T03:23:27.117+0000][1][safepoint    ] Entering safepoint region: RevokeBias
[2019-12-09T03:23:27.117+0000][1][safepoint    ] Leaving safepoint region
[2019-12-09T03:23:27.117+0000][1][safepoint    ] Total time for which application threads were stopped: 0.0000530 seconds, Stopping threads took: 0.0000078 seconds
[2019-12-09T03:23:27.130+0000][1][safepoint    ] Application time: 0.0121707 seconds
[2019-12-09T03:23:27.130+0000][1][safepoint    ] Entering safepoint region: RevokeBias
[2019-12-09T03:23:27.130+0000][1][safepoint    ] Leaving safepoint region
[2019-12-09T03:23:27.130+0000][1][safepoint    ] Total time for which application threads were stopped: 0.0000754 seconds, Stopping threads took: 0.0000141 seconds
[2019-12-09T03:23:27.130+0000][1][safepoint    ] Application time: 0.0003765 seconds
[2019-12-09T03:23:27.130+0000][1][safepoint    ] Entering safepoint region: RevokeBias
[2019-12-09T03:23:27.130+0000][1][safepoint    ] Leaving safepoint region
[2019-12-09T03:23:27.130+0000][1][safepoint    ] Total time for which application threads were stopped: 0.0000670 seconds, Stopping threads took: 0.0000123 seconds
[2019-12-09T03:23:27.131+0000][1][safepoint    ] Application time: 0.0003861 seconds
[2019-12-09T03:23:27.131+0000][1][safepoint    ] Entering safepoint region: RevokeBias
[2019-12-09T03:23:27.131+0000][1][safepoint    ] Leaving safepoint region
[2019-12-09T03:23:27.131+0000][1][safepoint    ] Total time for which application threads were stopped: 0.0000583 seconds, Stopping threads took: 0.0000114 seconds
[2019-12-09T03:23:27.131+0000][1][safepoint    ] Application time: 0.0001760 seconds
[2019-12-09T03:23:27.131+0000][1][safepoint    ] Entering safepoint region: RevokeBias
[2019-12-09T03:23:27.131+0000][1][safepoint    ] Leaving safepoint region
[2019-12-09T03:23:27.131+0000][1][safepoint    ] Total time for which application threads were stopped: 0.0000526 seconds, Stopping threads took: 0.0000102 seconds
[2019-12-09T03:23:27.131+0000][1][safepoint    ] Application time: 0.0001440 seconds
[2019-12-09T03:23:27.131+0000][1][safepoint    ] Entering safepoint region: RevokeBias
[2019-12-09T03:23:27.131+0000][1][safepoint    ] Leaving safepoint region
[2019-12-09T03:23:27.131+0000][1][safepoint    ] Total time for which application threads were stopped: 0.0000593 seconds, Stopping threads took: 0.0000097 seconds
[2019-12-09T03:23:27.131+0000][1][safepoint    ] Application time: 0.0000977 seconds
[2019-12-09T03:23:27.131+0000][1][safepoint    ] Entering safepoint region: BulkRevokeBias
[2019-12-09T03:23:27.131+0000][1][safepoint    ] Leaving safepoint region
[2019-12-09T03:23:27.131+0000][1][safepoint    ] Total time for which application threads were stopped: 0.0002655 seconds, Stopping threads took: 0.0000153 seconds
[2019-12-09T03:23:27.132+0000][1][safepoint    ] Application time: 0.0002669 seconds
[2019-12-09T03:23:27.132+0000][1][safepoint    ] Entering safepoint region: RevokeBias
[2019-12-09T03:23:27.132+0000][1][safepoint    ] Leaving safepoint region
[2019-12-09T03:23:27.132+0000][1][safepoint    ] Total time for which application threads were stopped: 0.0000642 seconds, Stopping threads took: 0.0000109 seconds
[2019-12-09T03:23:27.132+0000][1][safepoint    ] Application time: 0.0000727 seconds
[2019-12-09T03:23:27.132+0000][1][safepoint    ] Entering safepoint region: RevokeBias
[2019-12-09T03:23:27.132+0000][1][safepoint    ] Leaving safepoint region
[2019-12-09T03:23:27.132+0000][1][safepoint    ] Total time for which application threads were stopped: 0.0000751 seconds, Stopping threads took: 0.0000097 seconds
[2019-12-09T03:23:27.132+0000][1][safepoint    ] Application time: 0.0001049 seconds
[2019-12-09T03:23:27.132+0000][1][safepoint    ] Entering safepoint region: RevokeBias
[2019-12-09T03:23:27.132+0000][1][safepoint    ] Leaving safepoint region
[2019-12-09T03:23:27.132+0000][1][safepoint    ] Total time for which application threads were stopped: 0.0000581 seconds, Stopping threads took: 0.0000090 seconds
[2019-12-09T03:23:27.132+0000][1][safepoint    ] Application time: 0.0000837 seconds
[2019-12-09T03:23:27.132+0000][1][safepoint    ] Entering safepoint region: RevokeBias
[2019-12-09T03:23:27.132+0000][1][safepoint    ] Leaving safepoint region
[2019-12-09T03:23:27.132+0000][1][safepoint    ] Total time for which application threads were stopped: 0.0000537 seconds, Stopping threads took: 0.0000092 seconds
[2019-12-09T03:23:27.173+0000][1][safepoint    ] Application time: 0.0403922 seconds
[2019-12-09T03:23:27.173+0000][1][safepoint    ] Entering safepoint region: RevokeBias
[2019-12-09T03:23:27.173+0000][1][safepoint    ] Leaving safepoint region
[2019-12-09T03:23:27.173+0000][1][safepoint    ] Total time for which application threads were stopped: 0.0000861 seconds, Stopping threads took: 0.0000138 seconds
[2019-12-09T03:23:27.191+0000][1][safepoint    ] Application time: 0.0179149 seconds
[2019-12-09T03:23:27.191+0000][1][safepoint    ] Entering safepoint region: RevokeBias
[2019-12-09T03:23:27.191+0000][1][safepoint    ] Leaving safepoint region
[2019-12-09T03:23:27.191+0000][1][safepoint    ] Total time for which application threads were stopped: 0.0001404 seconds, Stopping threads took: 0.0000508 seconds
[2019-12-09T03:23:27.197+0000][1][safepoint    ] Application time: 0.0056977 seconds
[2019-12-09T03:23:27.209+0000][1][safepoint    ] Entering safepoint region: RevokeBias
[2019-12-09T03:23:27.209+0000][1][safepoint    ] Leaving safepoint region
[2019-12-09T03:23:27.209+0000][1][safepoint    ] Total time for which application threads were stopped: 0.0124749 seconds, Stopping threads took: 0.0123446 seconds
[2019-12-09T03:23:27.215+0000][1][safepoint    ] Application time: 0.0056330 seconds
[2019-12-09T03:23:27.215+0000][1][safepoint    ] Entering safepoint region: RevokeBias
[2019-12-09T03:23:27.215+0000][1][safepoint    ] Leaving safepoint region
[2019-12-09T03:23:27.215+0000][1][safepoint    ] Total time for which application threads were stopped: 0.0000871 seconds, Stopping threads took: 0.0000142 seconds
[2019-12-09T03:23:27.217+0000][1][safepoint    ] Application time: 0.0020367 seconds
[2019-12-09T03:23:27.217+0000][1][safepoint    ] Entering safepoint region: RevokeBias
[2019-12-09T03:23:27.217+0000][1][safepoint    ] Leaving safepoint region
[2019-12-09T03:23:27.217+0000][1][safepoint    ] Total time for which application threads were stopped: 0.0000989 seconds, Stopping threads took: 0.0000129 seconds
[2019-12-09T03:23:27.244+0000][1][safepoint    ] Application time: 0.0273176 seconds
[2019-12-09T03:23:27.244+0000][1][safepoint    ] Entering safepoint region: RevokeBias
[2019-12-09T03:23:27.245+0000][1][safepoint    ] Leaving safepoint region
[2019-12-09T03:23:27.245+0000][1][safepoint    ] Total time for which application threads were stopped: 0.0001893 seconds, Stopping threads took: 0.0000266 seconds
[2019-12-09T03:23:27.262+0000][1][safepoint    ] Application time: 0.0178694 seconds
[2019-12-09T03:23:27.269+0000][1][safepoint    ] Entering safepoint region: RevokeBias
[2019-12-09T03:23:27.269+0000][1][safepoint    ] Leaving safepoint region
[2019-12-09T03:23:27.269+0000][1][safepoint    ] Total time for which application threads were stopped: 0.0063796 seconds, Stopping threads took: 0.0063030 seconds
[2019-12-09T03:23:27.269+0000][1][safepoint    ] Application time: 0.0001353 seconds
[2019-12-09T03:23:27.269+0000][1][safepoint    ] Entering safepoint region: RevokeBias
[2019-12-09T03:23:27.269+0000][1][safepoint    ] Leaving safepoint region
[2019-12-09T03:23:27.269+0000][1][safepoint    ] Total time for which application threads were stopped: 0.0000639 seconds, Stopping threads took: 0.0000105 seconds
[2019-12-09T03:23:27.270+0000][1][safepoint    ] Application time: 0.0005523 seconds
[2019-12-09T03:23:27.270+0000][1][safepoint    ] Entering safepoint region: RevokeBias
[2019-12-09T03:23:27.270+0000][1][safepoint    ] Leaving safepoint region
[2019-12-09T03:23:27.270+0000][1][safepoint    ] Total time for which application threads were stopped: 0.0000932 seconds, Stopping threads took: 0.0000129 seconds
[2019-12-09T03:23:27.274+0000][1][safepoint    ] Application time: 0.0043249 seconds
[2019-12-09T03:23:27.274+0000][1][safepoint    ] Entering safepoint region: RevokeBias
[2019-12-09T03:23:27.274+0000][1][safepoint    ] Leaving safepoint region
[2019-12-09T03:23:27.274+0000][1][safepoint    ] Total time for which application threads were stopped: 0.0000675 seconds, Stopping threads took: 0.0000135 seconds
[2019-12-09T03:23:27.274+0000][1][safepoint    ] Application time: 0.0000633 seconds
[2019-12-09T03:23:27.274+0000][1][safepoint    ] Entering safepoint region: RevokeBias
[2019-12-09T03:23:27.274+0000][1][safepoint    ] Leaving safepoint region
[2019-12-09T03:23:27.274+0000][1][safepoint    ] Total time for which application threads were stopped: 0.0000561 seconds, Stopping threads took: 0.0000100 seconds
[2019-12-09T03:23:27.390+0000][1][safepoint    ] Application time: 0.1156686 seconds
[2019-12-09T03:23:27.390+0000][1][safepoint    ] Entering safepoint region: RevokeBias
[2019-12-09T03:23:27.390+0000][1][safepoint    ] Leaving safepoint region
[2019-12-09T03:23:27.390+0000][1][safepoint    ] Total time for which application threads were stopped: 0.0000928 seconds, Stopping threads took: 0.0000180 seconds
[2019-12-09T03:23:27.569+0000][1][safepoint    ] Application time: 0.1789156 seconds
[2019-12-09T03:23:27.619+0000][1][safepoint    ] Entering safepoint region: RevokeBias
[2019-12-09T03:23:27.619+0000][1][safepoint    ] Leaving safepoint region
[2019-12-09T03:23:27.619+0000][1][safepoint    ] Total time for which application threads were stopped: 0.0498847 seconds, Stopping threads took: 0.0497762 seconds
[2019-12-09T03:23:27.656+0000][1][safepoint    ] Application time: 0.0368848 seconds
[2019-12-09T03:23:27.656+0000][1][safepoint    ] Entering safepoint region: RevokeBias
[2019-12-09T03:23:27.656+0000][1][safepoint    ] Leaving safepoint region
[2019-12-09T03:23:27.656+0000][1][safepoint    ] Total time for which application threads were stopped: 0.0001334 seconds, Stopping threads took: 0.0000454 seconds
[2019-12-09T03:23:27.656+0000][1][safepoint    ] Application time: 0.0004594 seconds
[2019-12-09T03:23:27.656+0000][1][safepoint    ] Entering safepoint region: RevokeBias
[2019-12-09T03:23:27.657+0000][1][safepoint    ] Leaving safepoint region
[2019-12-09T03:23:27.657+0000][1][safepoint    ] Total time for which application threads were stopped: 0.0000946 seconds, Stopping threads took: 0.0000161 seconds
[2019-12-09T03:23:27.657+0000][1][safepoint    ] Application time: 0.0004847 seconds
[2019-12-09T03:23:27.657+0000][1][safepoint    ] Entering safepoint region: RevokeBias
[2019-12-09T03:23:27.657+0000][1][safepoint    ] Leaving safepoint region
[2019-12-09T03:23:27.657+0000][1][safepoint    ] Total time for which application threads were stopped: 0.0000809 seconds, Stopping threads took: 0.0000187 seconds
[2019-12-09T03:23:27.658+0000][1][safepoint    ] Application time: 0.0003862 seconds
[2019-12-09T03:23:27.658+0000][1][safepoint    ] Entering safepoint region: RevokeBias
[2019-12-09T03:23:27.658+0000][1][safepoint    ] Leaving safepoint region
[2019-12-09T03:23:27.658+0000][1][safepoint    ] Total time for which application threads were stopped: 0.0000607 seconds, Stopping threads took: 0.0000117 seconds
[2019-12-09T03:23:27.658+0000][1][safepoint    ] Application time: 0.0000789 seconds
[2019-12-09T03:23:27.658+0000][1][safepoint    ] Entering safepoint region: RevokeBias
[2019-12-09T03:23:27.658+0000][1][safepoint    ] Leaving safepoint region
[2019-12-09T03:23:27.658+0000][1][safepoint    ] Total time for which application threads were stopped: 0.0000949 seconds, Stopping threads took: 0.0000512 seconds
[2019-12-09T03:23:27.659+0000][1][safepoint    ] Application time: 0.0008781 seconds
[2019-12-09T03:23:27.659+0000][1][safepoint    ] Entering safepoint region: RevokeBias
[2019-12-09T03:23:27.659+0000][1][safepoint    ] Leaving safepoint region
[2019-12-09T03:23:27.659+0000][1][safepoint    ] Total time for which application threads were stopped: 0.0000847 seconds, Stopping threads took: 0.0000132 seconds
[2019-12-09T03:23:27.659+0000][1][safepoint    ] Application time: 0.0001102 seconds
[2019-12-09T03:23:27.659+0000][1][safepoint    ] Entering safepoint region: RevokeBias
[2019-12-09T03:23:27.659+0000][1][safepoint    ] Leaving safepoint region
[2019-12-09T03:23:27.659+0000][1][safepoint    ] Total time for which application threads were stopped: 0.0000583 seconds, Stopping threads took: 0.0000105 seconds
[2019-12-09T03:23:27.661+0000][1][safepoint    ] Application time: 0.0022305 seconds
[2019-12-09T03:23:27.661+0000][1][safepoint    ] Entering safepoint region: RevokeBias
[2019-12-09T03:23:27.661+0000][1][safepoint    ] Leaving safepoint region
[2019-12-09T03:23:27.661+0000][1][safepoint    ] Total time for which application threads were stopped: 0.0000511 seconds, Stopping threads took: 0.0000109 seconds
[2019-12-09T03:23:27.686+0000][1][safepoint    ] Application time: 0.0243823 seconds
[2019-12-09T03:23:27.695+0000][1][safepoint    ] Entering safepoint region: RevokeBias
[2019-12-09T03:23:27.695+0000][1][safepoint    ] Leaving safepoint region
[2019-12-09T03:23:27.695+0000][1][safepoint    ] Total time for which application threads were stopped: 0.0091242 seconds, Stopping threads took: 0.0090509 seconds
[2019-12-09T03:23:27.716+0000][1][safepoint    ] Application time: 0.0214683 seconds
[2019-12-09T03:23:27.716+0000][1][safepoint    ] Entering safepoint region: RevokeBias
[2019-12-09T03:23:27.716+0000][1][safepoint    ] Leaving safepoint region
[2019-12-09T03:23:27.716+0000][1][safepoint    ] Total time for which application threads were stopped: 0.0000964 seconds, Stopping threads took: 0.0000134 seconds
[2019-12-09T03:23:27.718+0000][1][safepoint    ] Application time: 0.0015482 seconds
[2019-12-09T03:23:27.718+0000][1][safepoint    ] Entering safepoint region: RevokeBias
[2019-12-09T03:23:27.718+0000][1][safepoint    ] Leaving safepoint region
[2019-12-09T03:23:27.718+0000][1][safepoint    ] Total time for which application threads were stopped: 0.0000717 seconds, Stopping threads took: 0.0000125 seconds
[2019-12-09T03:23:27.719+0000][1][safepoint    ] Application time: 0.0004478 seconds
[2019-12-09T03:23:27.719+0000][1][safepoint    ] Entering safepoint region: RevokeBias
[2019-12-09T03:23:27.719+0000][1][safepoint    ] Leaving safepoint region
[2019-12-09T03:23:27.719+0000][1][safepoint    ] Total time for which application threads were stopped: 0.0000974 seconds, Stopping threads took: 0.0000120 seconds
[2019-12-09T03:23:27.719+0000][1][safepoint    ] Application time: 0.0003072 seconds
[2019-12-09T03:23:27.719+0000][1][safepoint    ] Entering safepoint region: RevokeBias
[2019-12-09T03:23:27.719+0000][1][safepoint    ] Leaving safepoint region
[2019-12-09T03:23:27.719+0000][1][safepoint    ] Total time for which application threads were stopped: 0.0000726 seconds, Stopping threads took: 0.0000179 seconds
[2019-12-09T03:23:27.720+0000][1][safepoint    ] Application time: 0.0004762 seconds
[2019-12-09T03:23:27.720+0000][1][safepoint    ] Entering safepoint region: RevokeBias
[2019-12-09T03:23:27.720+0000][1][safepoint    ] Leaving safepoint region
[2019-12-09T03:23:27.720+0000][1][safepoint    ] Total time for which application threads were stopped: 0.0000899 seconds, Stopping threads took: 0.0000118 seconds
[2019-12-09T03:23:27.720+0000][1][safepoint    ] Application time: 0.0004024 seconds
[2019-12-09T03:23:27.720+0000][1][safepoint    ] Entering safepoint region: RevokeBias
[2019-12-09T03:23:27.720+0000][1][safepoint    ] Leaving safepoint region
[2019-12-09T03:23:27.720+0000][1][safepoint    ] Total time for which application threads were stopped: 0.0000712 seconds, Stopping threads took: 0.0000117 seconds
[2019-12-09T03:23:27.721+0000][1][safepoint    ] Application time: 0.0009968 seconds
[2019-12-09T03:23:27.721+0000][1][safepoint    ] Entering safepoint region: RevokeBias
[2019-12-09T03:23:27.721+0000][1][safepoint    ] Leaving safepoint region
[2019-12-09T03:23:27.721+0000][1][safepoint    ] Total time for which application threads were stopped: 0.0000776 seconds, Stopping threads took: 0.0000126 seconds
[2019-12-09T03:23:27.722+0000][1][safepoint    ] Application time: 0.0008700 seconds
[2019-12-09T03:23:27.722+0000][1][safepoint    ] Entering safepoint region: RevokeBias
[2019-12-09T03:23:27.722+0000][1][safepoint    ] Leaving safepoint region
[2019-12-09T03:23:27.722+0000][1][safepoint    ] Total time for which application threads were stopped: 0.0000595 seconds, Stopping threads took: 0.0000123 seconds
[2019-12-09T03:23:27.722+0000][1][safepoint    ] Application time: 0.0001963 seconds
[2019-12-09T03:23:27.722+0000][1][safepoint    ] Entering safepoint region: RevokeBias
[2019-12-09T03:23:27.723+0000][1][safepoint    ] Leaving safepoint region
[2019-12-09T03:23:27.723+0000][1][safepoint    ] Total time for which application threads were stopped: 0.0000491 seconds, Stopping threads took: 0.0000106 seconds
[2019-12-09T03:23:27.729+0000][1][safepoint    ] Application time: 0.0061686 seconds
[2019-12-09T03:23:27.729+0000][1][safepoint    ] Entering safepoint region: RevokeBias
[2019-12-09T03:23:27.729+0000][1][safepoint    ] Leaving safepoint region
[2019-12-09T03:23:27.729+0000][1][safepoint    ] Total time for which application threads were stopped: 0.0000566 seconds, Stopping threads took: 0.0000137 seconds
[2019-12-09T03:23:27.729+0000][1][safepoint    ] Application time: 0.0001044 seconds
[2019-12-09T03:23:27.729+0000][1][safepoint    ] Entering safepoint region: RevokeBias
[2019-12-09T03:23:27.729+0000][1][safepoint    ] Leaving safepoint region
[2019-12-09T03:23:27.729+0000][1][safepoint    ] Total time for which application threads were stopped: 0.0000511 seconds, Stopping threads took: 0.0000102 seconds
[2019-12-09T03:23:27.732+0000][1][safepoint    ] Application time: 0.0027380 seconds
[2019-12-09T03:23:27.732+0000][1][safepoint    ] Entering safepoint region: RevokeBias
[2019-12-09T03:23:27.732+0000][1][safepoint    ] Leaving safepoint region
[2019-12-09T03:23:27.732+0000][1][safepoint    ] Total time for which application threads were stopped: 0.0000559 seconds, Stopping threads took: 0.0000135 seconds
[2019-12-09T03:23:27.735+0000][1][safepoint    ] Application time: 0.0029142 seconds
[2019-12-09T03:23:27.735+0000][1][safepoint    ] Entering safepoint region: RevokeBias
[2019-12-09T03:23:27.735+0000][1][safepoint    ] Leaving safepoint region
[2019-12-09T03:23:27.735+0000][1][safepoint    ] Total time for which application threads were stopped: 0.0000551 seconds, Stopping threads took: 0.0000136 seconds
[2019-12-09T03:23:27.768+0000][1][safepoint    ] Application time: 0.0329146 seconds
[2019-12-09T03:23:27.768+0000][1][safepoint    ] Entering safepoint region: RevokeBias
[2019-12-09T03:23:27.768+0000][1][safepoint    ] Leaving safepoint region
[2019-12-09T03:23:27.768+0000][1][safepoint    ] Total time for which application threads were stopped: 0.0000865 seconds, Stopping threads took: 0.0000222 seconds
[2019-12-09T03:23:28.065+0000][1][safepoint    ] Application time: 0.2968975 seconds
[2019-12-09T03:23:28.065+0000][1][safepoint    ] Entering safepoint region: RevokeBias
[2019-12-09T03:23:28.065+0000][1][safepoint    ] Leaving safepoint region
[2019-12-09T03:23:28.065+0000][1][safepoint    ] Total time for which application threads were stopped: 0.0001402 seconds, Stopping threads took: 0.0000215 seconds
[2019-12-09T03:23:28.166+0000][1][safepoint    ] Application time: 0.1008964 seconds
[2019-12-09T03:23:28.166+0000][1][safepoint    ] Entering safepoint region: RevokeBias
[2019-12-09T03:23:28.166+0000][1][safepoint    ] Leaving safepoint region
[2019-12-09T03:23:28.166+0000][1][safepoint    ] Total time for which application threads were stopped: 0.0000826 seconds, Stopping threads took: 0.0000188 seconds
[2019-12-09T03:23:28.560+0000][1][safepoint    ] Application time: 0.3940961 seconds
[2019-12-09T03:23:28.653+0000][1][safepoint    ] Entering safepoint region: RevokeBias
[2019-12-09T03:23:28.653+0000][1][safepoint    ] Leaving safepoint region
[2019-12-09T03:23:28.653+0000][1][safepoint    ] Total time for which application threads were stopped: 0.0928003 seconds, Stopping threads took: 0.0926873 seconds
[2019-12-09T03:23:28.653+0000][1][safepoint    ] Application time: 0.0006011 seconds
[2019-12-09T03:23:28.654+0000][1][safepoint    ] Entering safepoint region: RevokeBias
[2019-12-09T03:23:28.654+0000][1][safepoint    ] Leaving safepoint region
[2019-12-09T03:23:28.654+0000][1][safepoint    ] Total time for which application threads were stopped: 0.0000937 seconds, Stopping threads took: 0.0000162 seconds
[2019-12-09T03:23:28.673+0000][1][safepoint    ] Application time: 0.0191462 seconds
[2019-12-09T03:23:28.682+0000][1][safepoint    ] Entering safepoint region: RevokeBias
[2019-12-09T03:23:28.682+0000][1][safepoint    ] Leaving safepoint region
[2019-12-09T03:23:28.682+0000][1][safepoint    ] Total time for which application threads were stopped: 0.0090513 seconds, Stopping threads took: 0.0089584 seconds
[2019-12-09T03:23:28.699+0000][1][safepoint    ] Application time: 0.0176103 seconds
[2019-12-09T03:23:28.700+0000][1][safepoint    ] Entering safepoint region: RevokeBias
[2019-12-09T03:23:28.700+0000][1][safepoint    ] Leaving safepoint region
[2019-12-09T03:23:28.700+0000][1][safepoint    ] Total time for which application threads were stopped: 0.0001491 seconds, Stopping threads took: 0.0000464 seconds
[2019-12-09T03:23:28.701+0000][1][safepoint    ] Application time: 0.0013597 seconds
[2019-12-09T03:23:28.701+0000][1][safepoint    ] Entering safepoint region: RevokeBias
[2019-12-09T03:23:28.701+0000][1][safepoint    ] Leaving safepoint region
[2019-12-09T03:23:28.701+0000][1][safepoint    ] Total time for which application threads were stopped: 0.0000876 seconds, Stopping threads took: 0.0000136 seconds
[2019-12-09T03:23:28.702+0000][1][safepoint    ] Application time: 0.0008969 seconds
[2019-12-09T03:23:28.702+0000][1][safepoint    ] Entering safepoint region: RevokeBias
[2019-12-09T03:23:28.702+0000][1][safepoint    ] Leaving safepoint region
[2019-12-09T03:23:28.702+0000][1][safepoint    ] Total time for which application threads were stopped: 0.0000739 seconds, Stopping threads took: 0.0000207 seconds
[2019-12-09T03:23:28.702+0000][1][safepoint    ] Application time: 0.0000798 seconds
[2019-12-09T03:23:28.702+0000][1][safepoint    ] Entering safepoint region: RevokeBias
[2019-12-09T03:23:28.702+0000][1][safepoint    ] Leaving safepoint region
[2019-12-09T03:23:28.702+0000][1][safepoint    ] Total time for which application threads were stopped: 0.0000546 seconds, Stopping threads took: 0.0000093 seconds
[2019-12-09T03:23:28.720+0000][1][safepoint    ] Application time: 0.0178203 seconds
[2019-12-09T03:23:28.720+0000][1][safepoint    ] Entering safepoint region: RevokeBias
[2019-12-09T03:23:28.720+0000][1][safepoint    ] Leaving safepoint region
[2019-12-09T03:23:28.720+0000][1][safepoint    ] Total time for which application threads were stopped: 0.0000791 seconds, Stopping threads took: 0.0000207 seconds
[2019-12-09T03:23:28.769+0000][1][safepoint    ] Application time: 0.0484631 seconds
[2019-12-09T03:23:28.769+0000][1][safepoint    ] Entering safepoint region: RevokeBias
[2019-12-09T03:23:28.769+0000][1][safepoint    ] Leaving safepoint region
[2019-12-09T03:23:28.769+0000][1][safepoint    ] Total time for which application threads were stopped: 0.0000823 seconds, Stopping threads took: 0.0000175 seconds
[2019-12-09T03:23:29.052+0000][1][safepoint    ] Application time: 0.2830235 seconds
[2019-12-09T03:23:29.052+0000][1][safepoint    ] Entering safepoint region: RevokeBias
[2019-12-09T03:23:29.052+0000][1][safepoint    ] Leaving safepoint region
[2019-12-09T03:23:29.052+0000][1][safepoint    ] Total time for which application threads were stopped: 0.0000766 seconds, Stopping threads took: 0.0000159 seconds
[2019-12-09T03:23:29.052+0000][1][safepoint    ] Application time: 0.0003659 seconds
[2019-12-09T03:23:29.052+0000][1][safepoint    ] Entering safepoint region: RevokeBias
[2019-12-09T03:23:29.052+0000][1][safepoint    ] Leaving safepoint region
[2019-12-09T03:23:29.052+0000][1][safepoint    ] Total time for which application threads were stopped: 0.0000625 seconds, Stopping threads took: 0.0000126 seconds
[2019-12-09T03:23:29.586+0000][1][safepoint    ] Application time: 0.5338090 seconds
[2019-12-09T03:23:29.596+0000][1][safepoint    ] Entering safepoint region: RevokeBias
[2019-12-09T03:23:29.596+0000][1][safepoint    ] Leaving safepoint region
[2019-12-09T03:23:29.596+0000][1][safepoint    ] Total time for which application threads were stopped: 0.0096062 seconds, Stopping threads took: 0.0095158 seconds
[2019-12-09T03:23:29.597+0000][1][safepoint    ] Application time: 0.0011857 seconds
[2019-12-09T03:23:29.597+0000][1][safepoint    ] Entering safepoint region: RevokeBias
[2019-12-09T03:23:29.597+0000][1][safepoint    ] Leaving safepoint region
[2019-12-09T03:23:29.597+0000][1][safepoint    ] Total time for which application threads were stopped: 0.0000849 seconds, Stopping threads took: 0.0000164 seconds
[2019-12-09T03:23:29.598+0000][1][safepoint    ] Application time: 0.0005850 seconds
[2019-12-09T03:23:29.598+0000][1][safepoint    ] Entering safepoint region: RevokeBias
[2019-12-09T03:23:29.598+0000][1][safepoint    ] Leaving safepoint region
[2019-12-09T03:23:29.598+0000][1][safepoint    ] Total time for which application threads were stopped: 0.0000716 seconds, Stopping threads took: 0.0000128 seconds
[2019-12-09T03:23:29.600+0000][1][safepoint    ] Application time: 0.0019756 seconds
[2019-12-09T03:23:29.685+0000][1][safepoint    ] Entering safepoint region: RevokeBias
[2019-12-09T03:23:29.685+0000][1][safepoint    ] Leaving safepoint region
[2019-12-09T03:23:29.685+0000][1][safepoint    ] Total time for which application threads were stopped: 0.0851084 seconds, Stopping threads took: 0.0850183 seconds
[2019-12-09T03:23:29.687+0000][1][safepoint    ] Application time: 0.0019166 seconds
[2019-12-09T03:23:29.687+0000][1][safepoint    ] Entering safepoint region: RevokeBias
[2019-12-09T03:23:29.687+0000][1][safepoint    ] Leaving safepoint region
[2019-12-09T03:23:29.687+0000][1][safepoint    ] Total time for which application threads were stopped: 0.0001436 seconds, Stopping threads took: 0.0000619 seconds
[2019-12-09T03:23:29.691+0000][1][safepoint    ] Application time: 0.0036680 seconds
[2019-12-09T03:23:29.691+0000][1][safepoint    ] Entering safepoint region: RevokeBias
[2019-12-09T03:23:29.691+0000][1][safepoint    ] Leaving safepoint region
[2019-12-09T03:23:29.691+0000][1][safepoint    ] Total time for which application threads were stopped: 0.0000853 seconds, Stopping threads took: 0.0000144 seconds
[2019-12-09T03:23:29.692+0000][1][safepoint    ] Application time: 0.0010232 seconds
[2019-12-09T03:23:29.692+0000][1][safepoint    ] Entering safepoint region: RevokeBias
[2019-12-09T03:23:29.692+0000][1][safepoint    ] Leaving safepoint region
[2019-12-09T03:23:29.692+0000][1][safepoint    ] Total time for which application threads were stopped: 0.0003163 seconds, Stopping threads took: 0.0000171 seconds
[2019-12-09T03:23:29.693+0000][1][safepoint    ] Application time: 0.0007660 seconds
[2019-12-09T03:23:29.693+0000][1][safepoint    ] Entering safepoint region: RevokeBias
[2019-12-09T03:23:29.693+0000][1][safepoint    ] Leaving safepoint region
[2019-12-09T03:23:29.693+0000][1][safepoint    ] Total time for which application threads were stopped: 0.0000793 seconds, Stopping threads took: 0.0000114 seconds
[2019-12-09T03:23:29.694+0000][1][safepoint    ] Application time: 0.0005547 seconds
[2019-12-09T03:23:29.694+0000][1][safepoint    ] Entering safepoint region: RevokeBias
[2019-12-09T03:23:29.694+0000][1][safepoint    ] Leaving safepoint region
[2019-12-09T03:23:29.694+0000][1][safepoint    ] Total time for which application threads were stopped: 0.0000905 seconds, Stopping threads took: 0.0000106 seconds
[2019-12-09T03:23:29.695+0000][1][safepoint    ] Application time: 0.0009796 seconds
[2019-12-09T03:23:29.695+0000][1][safepoint    ] Entering safepoint region: RevokeBias
[2019-12-09T03:23:29.695+0000][1][safepoint    ] Leaving safepoint region
[2019-12-09T03:23:29.695+0000][1][safepoint    ] Total time for which application threads were stopped: 0.0000564 seconds, Stopping threads took: 0.0000120 seconds
[2019-12-09T03:23:29.695+0000][1][safepoint    ] Application time: 0.0000603 seconds
[2019-12-09T03:23:29.695+0000][1][safepoint    ] Entering safepoint region: RevokeBias
[2019-12-09T03:23:29.695+0000][1][safepoint    ] Leaving safepoint region
[2019-12-09T03:23:29.695+0000][1][safepoint    ] Total time for which application threads were stopped: 0.0000404 seconds, Stopping threads took: 0.0000090 seconds
[2019-12-09T03:23:29.695+0000][1][safepoint    ] Application time: 0.0000521 seconds
[2019-12-09T03:23:29.695+0000][1][safepoint    ] Entering safepoint region: RevokeBias
[2019-12-09T03:23:29.695+0000][1][safepoint    ] Leaving safepoint region
[2019-12-09T03:23:29.695+0000][1][safepoint    ] Total time for which application threads were stopped: 0.0000395 seconds, Stopping threads took: 0.0000090 seconds
[2019-12-09T03:23:29.751+0000][1][safepoint    ] Application time: 0.0563338 seconds
[2019-12-09T03:23:29.845+0000][1][safepoint    ] Entering safepoint region: RevokeBias
[2019-12-09T03:23:29.845+0000][1][safepoint    ] Leaving safepoint region
[2019-12-09T03:23:29.845+0000][1][safepoint    ] Total time for which application threads were stopped: 0.0934986 seconds, Stopping threads took: 0.0933821 seconds
[2019-12-09T03:23:29.846+0000][1][safepoint    ] Application time: 0.0014283 seconds
[2019-12-09T03:23:29.846+0000][1][safepoint    ] Entering safepoint region: RevokeBias
[2019-12-09T03:23:29.846+0000][1][safepoint    ] Leaving safepoint region
[2019-12-09T03:23:29.846+0000][1][safepoint    ] Total time for which application threads were stopped: 0.0000881 seconds, Stopping threads took: 0.0000168 seconds
[2019-12-09T03:23:30.194+0000][1][safepoint    ] Application time: 0.3472802 seconds
[2019-12-09T03:23:30.194+0000][1][safepoint    ] Entering safepoint region: RevokeBias
[2019-12-09T03:23:30.194+0000][1][safepoint    ] Leaving safepoint region
[2019-12-09T03:23:30.194+0000][1][safepoint    ] Total time for which application threads were stopped: 0.0000984 seconds, Stopping threads took: 0.0000208 seconds
[2019-12-09T03:23:30.195+0000][1][safepoint    ] Application time: 0.0012842 seconds
[2019-12-09T03:23:30.195+0000][1][safepoint    ] Entering safepoint region: RevokeBias
[2019-12-09T03:23:30.195+0000][1][safepoint    ] Leaving safepoint region
[2019-12-09T03:23:30.195+0000][1][safepoint    ] Total time for which application threads were stopped: 0.0000733 seconds, Stopping threads took: 0.0000151 seconds
[2019-12-09T03:23:30.568+0000][1][safepoint    ] Application time: 0.3724527 seconds
[2019-12-09T03:23:30.580+0000][1][safepoint    ] Entering safepoint region: BulkRevokeBias
[2019-12-09T03:23:30.580+0000][1][safepoint    ] Leaving safepoint region
[2019-12-09T03:23:30.580+0000][1][safepoint    ] Total time for which application threads were stopped: 0.0123717 seconds, Stopping threads took: 0.0120292 seconds
[2019-12-09T03:23:30.614+0000][1][safepoint    ] Application time: 0.0339293 seconds
[2019-12-09T03:23:30.614+0000][1][safepoint    ] Entering safepoint region: RevokeBias
[2019-12-09T03:23:30.615+0000][1][safepoint    ] Leaving safepoint region
[2019-12-09T03:23:30.615+0000][1][safepoint    ] Total time for which application threads were stopped: 0.0004664 seconds, Stopping threads took: 0.0003699 seconds
[2019-12-09T03:23:30.615+0000][1][safepoint    ] Application time: 0.0007631 seconds
[2019-12-09T03:23:30.615+0000][1][safepoint    ] Entering safepoint region: RevokeBias
[2019-12-09T03:23:30.615+0000][1][safepoint    ] Leaving safepoint region
[2019-12-09T03:23:30.615+0000][1][safepoint    ] Total time for which application threads were stopped: 0.0000865 seconds, Stopping threads took: 0.0000137 seconds
[2019-12-09T03:23:30.617+0000][1][safepoint    ] Application time: 0.0018709 seconds
[2019-12-09T03:23:30.617+0000][1][safepoint    ] Entering safepoint region: BulkRevokeBias
[2019-12-09T03:23:30.618+0000][1][safepoint    ] Leaving safepoint region
[2019-12-09T03:23:30.618+0000][1][safepoint    ] Total time for which application threads were stopped: 0.0003323 seconds, Stopping threads took: 0.0000118 seconds
[2019-12-09T03:23:30.618+0000][1][safepoint    ] Application time: 0.0005278 seconds
[2019-12-09T03:23:30.618+0000][1][safepoint    ] Entering safepoint region: RevokeBias
[2019-12-09T03:23:30.618+0000][1][safepoint    ] Leaving safepoint region
[2019-12-09T03:23:30.618+0000][1][safepoint    ] Total time for which application threads were stopped: 0.0000693 seconds, Stopping threads took: 0.0000121 seconds
[2019-12-09T03:23:30.619+0000][1][safepoint    ] Application time: 0.0002757 seconds
[2019-12-09T03:23:30.619+0000][1][safepoint    ] Entering safepoint region: RevokeBias
[2019-12-09T03:23:30.619+0000][1][safepoint    ] Leaving safepoint region
[2019-12-09T03:23:30.619+0000][1][safepoint    ] Total time for which application threads were stopped: 0.0000566 seconds, Stopping threads took: 0.0000110 seconds
[2019-12-09T03:23:30.619+0000][1][safepoint    ] Application time: 0.0000879 seconds
[2019-12-09T03:23:30.619+0000][1][safepoint    ] Entering safepoint region: RevokeBias
[2019-12-09T03:23:30.619+0000][1][safepoint    ] Leaving safepoint region
[2019-12-09T03:23:30.619+0000][1][safepoint    ] Total time for which application threads were stopped: 0.0000496 seconds, Stopping threads took: 0.0000099 seconds
[2019-12-09T03:23:30.619+0000][1][safepoint    ] Application time: 0.0001204 seconds
[2019-12-09T03:23:30.619+0000][1][safepoint    ] Entering safepoint region: RevokeBias
[2019-12-09T03:23:30.619+0000][1][safepoint    ] Leaving safepoint region
[2019-12-09T03:23:30.619+0000][1][safepoint    ] Total time for which application threads were stopped: 0.0000426 seconds, Stopping threads took: 0.0000094 seconds
[2019-12-09T03:23:30.619+0000][1][safepoint    ] Application time: 0.0001763 seconds
[2019-12-09T03:23:30.619+0000][1][safepoint    ] Entering safepoint region: RevokeBias
[2019-12-09T03:23:30.619+0000][1][safepoint    ] Leaving safepoint region
[2019-12-09T03:23:30.619+0000][1][safepoint    ] Total time for which application threads were stopped: 0.0000461 seconds, Stopping threads took: 0.0000098 seconds
[2019-12-09T03:23:30.642+0000][1][safepoint    ] Application time: 0.0225099 seconds
[2019-12-09T03:23:30.642+0000][1][safepoint    ] Entering safepoint region: RevokeBias
[2019-12-09T03:23:30.642+0000][1][safepoint    ] Leaving safepoint region
[2019-12-09T03:23:30.642+0000][1][safepoint    ] Total time for which application threads were stopped: 0.0000669 seconds, Stopping threads took: 0.0000131 seconds
[2019-12-09T03:23:30.657+0000][1][safepoint    ] Application time: 0.0155610 seconds
[2019-12-09T03:23:30.657+0000][1][safepoint    ] Entering safepoint region: RevokeBias
[2019-12-09T03:23:30.658+0000][1][safepoint    ] Leaving safepoint region
[2019-12-09T03:23:30.658+0000][1][safepoint    ] Total time for which application threads were stopped: 0.0000567 seconds, Stopping threads took: 0.0000126 seconds
[2019-12-09T03:23:31.149+0000][1][safepoint    ] Application time: 0.4917572 seconds
[2019-12-09T03:23:31.149+0000][1][safepoint    ] Entering safepoint region: RevokeBias
[2019-12-09T03:23:31.149+0000][1][safepoint    ] Leaving safepoint region
[2019-12-09T03:23:31.149+0000][1][safepoint    ] Total time for which application threads were stopped: 0.0001054 seconds, Stopping threads took: 0.0000191 seconds
[2019-12-09T03:23:31.150+0000][1][safepoint    ] Application time: 0.0004420 seconds
[2019-12-09T03:23:31.150+0000][1][safepoint    ] Entering safepoint region: RevokeBias
[2019-12-09T03:23:31.150+0000][1][safepoint    ] Leaving safepoint region
[2019-12-09T03:23:31.150+0000][1][safepoint    ] Total time for which application threads were stopped: 0.0000749 seconds, Stopping threads took: 0.0000148 seconds
[2019-12-09T03:23:31.151+0000][1][safepoint    ] Application time: 0.0006669 seconds
[2019-12-09T03:23:31.151+0000][1][safepoint    ] Entering safepoint region: RevokeBias
[2019-12-09T03:23:31.151+0000][1][safepoint    ] Leaving safepoint region
[2019-12-09T03:23:31.151+0000][1][safepoint    ] Total time for which application threads were stopped: 0.0000767 seconds, Stopping threads took: 0.0000118 seconds
[2019-12-09T03:23:31.409+0000][1][safepoint    ] Application time: 0.2581667 seconds
[2019-12-09T03:23:31.409+0000][1][safepoint    ] Entering safepoint region: RevokeBias
[2019-12-09T03:23:31.409+0000][1][safepoint    ] Leaving safepoint region
[2019-12-09T03:23:31.409+0000][1][safepoint    ] Total time for which application threads were stopped: 0.0000928 seconds, Stopping threads took: 0.0000197 seconds
[2019-12-09T03:23:31.527+0000][1][safepoint    ] Application time: 0.1178349 seconds
[2019-12-09T03:23:31.527+0000][1][safepoint    ] Entering safepoint region: RevokeBias
[2019-12-09T03:23:31.527+0000][1][safepoint    ] Leaving safepoint region
[2019-12-09T03:23:31.527+0000][1][safepoint    ] Total time for which application threads were stopped: 0.0000783 seconds, Stopping threads took: 0.0000159 seconds
[2019-12-09T03:23:31.612+0000][1][safepoint    ] Application time: 0.0850117 seconds
[2019-12-09T03:23:31.627+0000][1][safepoint    ] Entering safepoint region: RevokeBias
[2019-12-09T03:23:31.627+0000][1][safepoint    ] Leaving safepoint region
[2019-12-09T03:23:31.627+0000][1][safepoint    ] Total time for which application threads were stopped: 0.0148450 seconds, Stopping threads took: 0.0147374 seconds
[2019-12-09T03:23:31.627+0000][1][safepoint    ] Application time: 0.0005837 seconds
[2019-12-09T03:23:31.627+0000][1][safepoint    ] Entering safepoint region: RevokeBias
[2019-12-09T03:23:31.628+0000][1][safepoint    ] Leaving safepoint region
[2019-12-09T03:23:31.628+0000][1][safepoint    ] Total time for which application threads were stopped: 0.0000962 seconds, Stopping threads took: 0.0000149 seconds
[2019-12-09T03:23:31.628+0000][1][safepoint    ] Application time: 0.0005562 seconds
[2019-12-09T03:23:31.628+0000][1][safepoint    ] Entering safepoint region: RevokeBias
[2019-12-09T03:23:31.628+0000][1][safepoint    ] Leaving safepoint region
[2019-12-09T03:23:31.628+0000][1][safepoint    ] Total time for which application threads were stopped: 0.0000785 seconds, Stopping threads took: 0.0000137 seconds
[2019-12-09T03:23:31.629+0000][1][safepoint    ] Application time: 0.0011193 seconds
[2019-12-09T03:23:31.629+0000][1][safepoint    ] Entering safepoint region: BulkRevokeBias
[2019-12-09T03:23:31.630+0000][1][safepoint    ] Leaving safepoint region
[2019-12-09T03:23:31.630+0000][1][safepoint    ] Total time for which application threads were stopped: 0.0003411 seconds, Stopping threads took: 0.0000119 seconds
[2019-12-09T03:23:31.630+0000][1][safepoint    ] Application time: 0.0003062 seconds
[2019-12-09T03:23:31.630+0000][1][safepoint    ] Entering safepoint region: RevokeBias
[2019-12-09T03:23:31.630+0000][1][safepoint    ] Leaving safepoint region
[2019-12-09T03:23:31.630+0000][1][safepoint    ] Total time for which application threads were stopped: 0.0000570 seconds, Stopping threads took: 0.0000114 seconds
[2019-12-09T03:23:31.630+0000][1][safepoint    ] Application time: 0.0000427 seconds
[2019-12-09T03:23:31.630+0000][1][safepoint    ] Entering safepoint region: RevokeBias
[2019-12-09T03:23:31.630+0000][1][safepoint    ] Leaving safepoint region
[2019-12-09T03:23:31.630+0000][1][safepoint    ] Total time for which application threads were stopped: 0.0000407 seconds, Stopping threads took: 0.0000083 seconds
[2019-12-09T03:23:31.630+0000][1][safepoint    ] Application time: 0.0000354 seconds
[2019-12-09T03:23:31.630+0000][1][safepoint    ] Entering safepoint region: RevokeBias
[2019-12-09T03:23:31.630+0000][1][safepoint    ] Leaving safepoint region
[2019-12-09T03:23:31.630+0000][1][safepoint    ] Total time for which application threads were stopped: 0.0000393 seconds, Stopping threads took: 0.0000086 seconds
[2019-12-09T03:23:31.631+0000][1][safepoint    ] Application time: 0.0001868 seconds
[2019-12-09T03:23:31.631+0000][1][safepoint    ] Entering safepoint region: RevokeBias
[2019-12-09T03:23:31.631+0000][1][safepoint    ] Leaving safepoint region
[2019-12-09T03:23:31.631+0000][1][safepoint    ] Total time for which application threads were stopped: 0.0000489 seconds, Stopping threads took: 0.0000092 seconds
[2019-12-09T03:23:31.633+0000][1][safepoint    ] Application time: 0.0020736 seconds
[2019-12-09T03:23:31.633+0000][1][safepoint    ] Entering safepoint region: RevokeBias
[2019-12-09T03:23:31.633+0000][1][safepoint    ] Leaving safepoint region
[2019-12-09T03:23:31.633+0000][1][safepoint    ] Total time for which application threads were stopped: 0.0000825 seconds, Stopping threads took: 0.0000155 seconds
[2019-12-09T03:23:31.636+0000][1][safepoint    ] Application time: 0.0033387 seconds
[2019-12-09T03:23:31.636+0000][1][safepoint    ] Entering safepoint region: RevokeBias
[2019-12-09T03:23:31.636+0000][1][safepoint    ] Leaving safepoint region
[2019-12-09T03:23:31.636+0000][1][safepoint    ] Total time for which application threads were stopped: 0.0000628 seconds, Stopping threads took: 0.0000126 seconds
[2019-12-09T03:23:31.636+0000][1][safepoint    ] Application time: 0.0002628 seconds
[2019-12-09T03:23:31.636+0000][1][safepoint    ] Entering safepoint region: RevokeBias
[2019-12-09T03:23:31.637+0000][1][safepoint    ] Leaving safepoint region
[2019-12-09T03:23:31.637+0000][1][safepoint    ] Total time for which application threads were stopped: 0.0000593 seconds, Stopping threads took: 0.0000120 seconds
[2019-12-09T03:23:31.637+0000][1][safepoint    ] Application time: 0.0005457 seconds
[2019-12-09T03:23:31.637+0000][1][safepoint    ] Entering safepoint region: RevokeBias
[2019-12-09T03:23:31.637+0000][1][safepoint    ] Leaving safepoint region
[2019-12-09T03:23:31.637+0000][1][safepoint    ] Total time for which application threads were stopped: 0.0000551 seconds, Stopping threads took: 0.0000124 seconds
[2019-12-09T03:23:31.637+0000][1][safepoint    ] Application time: 0.0000633 seconds
[2019-12-09T03:23:31.637+0000][1][safepoint    ] Entering safepoint region: RevokeBias
[2019-12-09T03:23:31.637+0000][1][safepoint    ] Leaving safepoint region
[2019-12-09T03:23:31.637+0000][1][safepoint    ] Total time for which application threads were stopped: 0.0000445 seconds, Stopping threads took: 0.0000099 seconds
[2019-12-09T03:23:31.637+0000][1][safepoint    ] Application time: 0.0000573 seconds
[2019-12-09T03:23:31.637+0000][1][safepoint    ] Entering safepoint region: RevokeBias
[2019-12-09T03:23:31.637+0000][1][safepoint    ] Leaving safepoint region
[2019-12-09T03:23:31.637+0000][1][safepoint    ] Total time for which application threads were stopped: 0.0000415 seconds, Stopping threads took: 0.0000087 seconds
[2019-12-09T03:23:31.678+0000][1][safepoint    ] Application time: 0.0404552 seconds
[2019-12-09T03:23:31.678+0000][1][safepoint    ] Entering safepoint region: RevokeBias
[2019-12-09T03:23:31.678+0000][1][safepoint    ] Leaving safepoint region
[2019-12-09T03:23:31.678+0000][1][safepoint    ] Total time for which application threads were stopped: 0.0000982 seconds, Stopping threads took: 0.0000155 seconds
[2019-12-09T03:23:31.944+0000][1][safepoint    ] Application time: 0.2660068 seconds
[2019-12-09T03:23:31.944+0000][1][safepoint    ] Entering safepoint region: RevokeBias
[2019-12-09T03:23:31.944+0000][1][safepoint    ] Leaving safepoint region
[2019-12-09T03:23:31.944+0000][1][safepoint    ] Total time for which application threads were stopped: 0.0000895 seconds, Stopping threads took: 0.0000181 seconds
[2019-12-09T03:23:31.944+0000][1][safepoint    ] Application time: 0.0003384 seconds
[2019-12-09T03:23:31.945+0000][1][safepoint    ] Entering safepoint region: RevokeBias
[2019-12-09T03:23:31.945+0000][1][safepoint    ] Leaving safepoint region
[2019-12-09T03:23:31.945+0000][1][safepoint    ] Total time for which application threads were stopped: 0.0000629 seconds, Stopping threads took: 0.0000114 seconds
[2019-12-09T03:23:32.006+0000][1][safepoint    ] Application time: 0.0617493 seconds
[2019-12-09T03:23:32.006+0000][1][safepoint    ] Entering safepoint region: RevokeBias
[2019-12-09T03:23:32.006+0000][1][safepoint    ] Leaving safepoint region
[2019-12-09T03:23:32.006+0000][1][safepoint    ] Total time for which application threads were stopped: 0.0000953 seconds, Stopping threads took: 0.0000219 seconds
[2019-12-09T03:23:32.007+0000][1][safepoint    ] Application time: 0.0003977 seconds
[2019-12-09T03:23:32.007+0000][1][safepoint    ] Entering safepoint region: RevokeBias
[2019-12-09T03:23:32.007+0000][1][safepoint    ] Leaving safepoint region
[2019-12-09T03:23:32.007+0000][1][safepoint    ] Total time for which application threads were stopped: 0.0000672 seconds, Stopping threads took: 0.0000136 seconds
[2019-12-09T03:23:32.590+0000][1][safepoint    ] Application time: 0.5828470 seconds
[2019-12-09T03:23:32.605+0000][1][safepoint    ] Entering safepoint region: RevokeBias
[2019-12-09T03:23:32.605+0000][1][safepoint    ] Leaving safepoint region
[2019-12-09T03:23:32.605+0000][1][safepoint    ] Total time for which application threads were stopped: 0.0150582 seconds, Stopping threads took: 0.0149459 seconds
[2019-12-09T03:23:32.605+0000][1][safepoint    ] Application time: 0.0006043 seconds
[2019-12-09T03:23:32.606+0000][1][safepoint    ] Entering safepoint region: RevokeBias
[2019-12-09T03:23:32.606+0000][1][safepoint    ] Leaving safepoint region
[2019-12-09T03:23:32.606+0000][1][safepoint    ] Total time for which application threads were stopped: 0.0004233 seconds, Stopping threads took: 0.0000156 seconds
[2019-12-09T03:23:32.614+0000][1][safepoint    ] Application time: 0.0078926 seconds
[2019-12-09T03:23:32.614+0000][1][safepoint    ] Entering safepoint region: RevokeBias
[2019-12-09T03:23:32.614+0000][1][safepoint    ] Leaving safepoint region
[2019-12-09T03:23:32.614+0000][1][safepoint    ] Total time for which application threads were stopped: 0.0001777 seconds, Stopping threads took: 0.0000679 seconds
[2019-12-09T03:23:32.647+0000][1][safepoint    ] Application time: 0.0326759 seconds
[2019-12-09T03:23:32.647+0000][1][safepoint    ] Entering safepoint region: RevokeBias
[2019-12-09T03:23:32.647+0000][1][safepoint    ] Leaving safepoint region
[2019-12-09T03:23:32.647+0000][1][safepoint    ] Total time for which application threads were stopped: 0.0000835 seconds, Stopping threads took: 0.0000160 seconds
[2019-12-09T03:23:32.711+0000][1][safepoint    ] Application time: 0.0638646 seconds
[2019-12-09T03:23:32.711+0000][1][safepoint    ] Entering safepoint region: RevokeBias
[2019-12-09T03:23:32.711+0000][1][safepoint    ] Leaving safepoint region
[2019-12-09T03:23:32.711+0000][1][safepoint    ] Total time for which application threads were stopped: 0.0000849 seconds, Stopping threads took: 0.0000166 seconds
[2019-12-09T03:23:32.916+0000][1][safepoint    ] Application time: 0.2054491 seconds
[2019-12-09T03:23:32.916+0000][1][safepoint    ] Entering safepoint region: RevokeBias
[2019-12-09T03:23:32.916+0000][1][safepoint    ] Leaving safepoint region
[2019-12-09T03:23:32.916+0000][1][safepoint    ] Total time for which application threads were stopped: 0.0000921 seconds, Stopping threads took: 0.0000177 seconds
[2019-12-09T03:23:33.145+0000][1][safepoint    ] Application time: 0.2282941 seconds
[2019-12-09T03:23:33.145+0000][1][safepoint    ] Entering safepoint region: RevokeBias
[2019-12-09T03:23:33.145+0000][1][safepoint    ] Leaving safepoint region
[2019-12-09T03:23:33.145+0000][1][safepoint    ] Total time for which application threads were stopped: 0.0000993 seconds, Stopping threads took: 0.0000210 seconds
[2019-12-09T03:23:33.487+0000][1][safepoint    ] Application time: 0.3419210 seconds
[2019-12-09T03:23:33.487+0000][1][safepoint    ] Entering safepoint region: RevokeBias
[2019-12-09T03:23:33.487+0000][1][safepoint    ] Leaving safepoint region
[2019-12-09T03:23:33.487+0000][1][safepoint    ] Total time for which application threads were stopped: 0.0000872 seconds, Stopping threads took: 0.0000154 seconds
[2019-12-09T03:23:33.523+0000][1][safepoint    ] Application time: 0.0360346 seconds
[2019-12-09T03:23:33.523+0000][1][safepoint    ] Entering safepoint region: RevokeBias
[2019-12-09T03:23:33.523+0000][1][safepoint    ] Leaving safepoint region
[2019-12-09T03:23:33.523+0000][1][safepoint    ] Total time for which application threads were stopped: 0.0001058 seconds, Stopping threads took: 0.0000157 seconds
[2019-12-09T03:23:33.531+0000][1][safepoint    ] Application time: 0.0076922 seconds
[2019-12-09T03:23:33.531+0000][1][safepoint    ] Entering safepoint region: RevokeBias
[2019-12-09T03:23:33.531+0000][1][safepoint    ] Leaving safepoint region
[2019-12-09T03:23:33.531+0000][1][safepoint    ] Total time for which application threads were stopped: 0.0003055 seconds, Stopping threads took: 0.0000141 seconds
[2019-12-09T03:23:33.533+0000][1][safepoint    ] Application time: 0.0024079 seconds
[2019-12-09T03:23:33.534+0000][1][safepoint    ] Entering safepoint region: RevokeBias
[2019-12-09T03:23:33.534+0000][1][safepoint    ] Leaving safepoint region
[2019-12-09T03:23:33.534+0000][1][safepoint    ] Total time for which application threads were stopped: 0.0000970 seconds, Stopping threads took: 0.0000136 seconds
[2019-12-09T03:23:33.534+0000][1][safepoint    ] Application time: 0.0002574 seconds
[2019-12-09T03:23:33.534+0000][1][safepoint    ] Entering safepoint region: RevokeBias
[2019-12-09T03:23:33.534+0000][1][safepoint    ] Leaving safepoint region
[2019-12-09T03:23:33.534+0000][1][safepoint    ] Total time for which application threads were stopped: 0.0000655 seconds, Stopping threads took: 0.0000123 seconds
[2019-12-09T03:23:33.535+0000][1][safepoint    ] Application time: 0.0010320 seconds
[2019-12-09T03:23:33.535+0000][1][safepoint    ] Entering safepoint region: RevokeBias
[2019-12-09T03:23:33.535+0000][1][safepoint    ] Leaving safepoint region
[2019-12-09T03:23:33.535+0000][1][safepoint    ] Total time for which application threads were stopped: 0.0000871 seconds, Stopping threads took: 0.0000128 seconds
[2019-12-09T03:23:33.535+0000][1][safepoint    ] Application time: 0.0001959 seconds
[2019-12-09T03:23:33.535+0000][1][safepoint    ] Entering safepoint region: RevokeBias
[2019-12-09T03:23:33.535+0000][1][safepoint    ] Leaving safepoint region
[2019-12-09T03:23:33.535+0000][1][safepoint    ] Total time for which application threads were stopped: 0.0000647 seconds, Stopping threads took: 0.0000117 seconds
[2019-12-09T03:23:33.536+0000][1][safepoint    ] Application time: 0.0003256 seconds
[2019-12-09T03:23:33.536+0000][1][safepoint    ] Entering safepoint region: RevokeBias
[2019-12-09T03:23:33.536+0000][1][safepoint    ] Leaving safepoint region
[2019-12-09T03:23:33.536+0000][1][safepoint    ] Total time for which application threads were stopped: 0.0000718 seconds, Stopping threads took: 0.0000115 seconds
[2019-12-09T03:23:33.537+0000][1][safepoint    ] Application time: 0.0008328 seconds
[2019-12-09T03:23:33.537+0000][1][safepoint    ] Entering safepoint region: RevokeBias
[2019-12-09T03:23:33.537+0000][1][safepoint    ] Leaving safepoint region
[2019-12-09T03:23:33.537+0000][1][safepoint    ] Total time for which application threads were stopped: 0.0000709 seconds, Stopping threads took: 0.0000182 seconds
[2019-12-09T03:23:33.624+0000][1][safepoint    ] Application time: 0.0870924 seconds
[2019-12-09T03:23:33.731+0000][1][safepoint    ] Entering safepoint region: RevokeBias
[2019-12-09T03:23:33.731+0000][1][safepoint    ] Leaving safepoint region
[2019-12-09T03:23:33.731+0000][1][safepoint    ] Total time for which application threads were stopped: 0.1069446 seconds, Stopping threads took: 0.1068395 seconds
[2019-12-09T03:23:33.758+0000][1][safepoint    ] Application time: 0.0270909 seconds
[2019-12-09T03:23:33.787+0000][1][safepoint    ] Entering safepoint region: BulkRevokeBias
[2019-12-09T03:23:33.788+0000][1][safepoint    ] Leaving safepoint region
[2019-12-09T03:23:33.788+0000][1][safepoint    ] Total time for which application threads were stopped: 0.0297564 seconds, Stopping threads took: 0.0288066 seconds
[2019-12-09T03:23:33.832+0000][1][safepoint    ] Application time: 0.0438135 seconds
[2019-12-09T03:23:33.834+0000][1][safepoint    ] Entering safepoint region: RevokeBias
[2019-12-09T03:23:33.834+0000][1][safepoint    ] Leaving safepoint region
[2019-12-09T03:23:33.834+0000][1][safepoint    ] Total time for which application threads were stopped: 0.0025667 seconds, Stopping threads took: 0.0024783 seconds
[2019-12-09T03:23:33.834+0000][1][safepoint    ] Application time: 0.0003205 seconds
[2019-12-09T03:23:33.834+0000][1][safepoint    ] Entering safepoint region: RevokeBias
[2019-12-09T03:23:33.835+0000][1][safepoint    ] Leaving safepoint region
[2019-12-09T03:23:33.835+0000][1][safepoint    ] Total time for which application threads were stopped: 0.0000798 seconds, Stopping threads took: 0.0000109 seconds
[2019-12-09T03:23:33.838+0000][1][safepoint    ] Application time: 0.0032476 seconds
[2019-12-09T03:23:33.838+0000][1][safepoint    ] Entering safepoint region: BulkRevokeBias
[2019-12-09T03:23:33.838+0000][1][safepoint    ] Leaving safepoint region
[2019-12-09T03:23:33.838+0000][1][safepoint    ] Total time for which application threads were stopped: 0.0003396 seconds, Stopping threads took: 0.0000130 seconds
[2019-12-09T03:23:33.887+0000][1][safepoint    ] Application time: 0.0487369 seconds
[2019-12-09T03:23:33.887+0000][1][safepoint    ] Entering safepoint region: RevokeBias
[2019-12-09T03:23:33.887+0000][1][safepoint    ] Leaving safepoint region
[2019-12-09T03:23:33.887+0000][1][safepoint    ] Total time for which application threads were stopped: 0.0002046 seconds, Stopping threads took: 0.0001049 seconds
[2019-12-09T03:23:33.888+0000][1][safepoint    ] Application time: 0.0006801 seconds
[2019-12-09T03:23:33.888+0000][1][safepoint    ] Entering safepoint region: RevokeBias
[2019-12-09T03:23:33.888+0000][1][safepoint    ] Leaving safepoint region
[2019-12-09T03:23:33.888+0000][1][safepoint    ] Total time for which application threads were stopped: 0.0000870 seconds, Stopping threads took: 0.0000163 seconds
[2019-12-09T03:23:34.700+0000][1][safepoint    ] Application time: 0.8115929 seconds
[2019-12-09T03:23:34.702+0000][1][safepoint    ] Entering safepoint region: RevokeBias
[2019-12-09T03:23:34.702+0000][1][safepoint    ] Leaving safepoint region
[2019-12-09T03:23:34.702+0000][1][safepoint    ] Total time for which application threads were stopped: 0.0022904 seconds, Stopping threads took: 0.0021850 seconds
[2019-12-09T03:23:34.726+0000][1][safepoint    ] Application time: 0.0244831 seconds
[2019-12-09T03:23:34.726+0000][1][safepoint    ] Entering safepoint region: RevokeBias
[2019-12-09T03:23:34.727+0000][1][safepoint    ] Leaving safepoint region
[2019-12-09T03:23:34.727+0000][1][safepoint    ] Total time for which application threads were stopped: 0.0001626 seconds, Stopping threads took: 0.0000755 seconds
[2019-12-09T03:23:34.771+0000][1][safepoint    ] Application time: 0.0449071 seconds
[2019-12-09T03:23:34.772+0000][1][safepoint    ] Entering safepoint region: RevokeBias
[2019-12-09T03:23:34.772+0000][1][safepoint    ] Leaving safepoint region
[2019-12-09T03:23:34.772+0000][1][safepoint    ] Total time for which application threads were stopped: 0.0000973 seconds, Stopping threads took: 0.0000169 seconds
[2019-12-09T03:23:35.601+0000][1][safepoint    ] Application time: 0.8294981 seconds
[2019-12-09T03:23:35.620+0000][1][safepoint    ] Entering safepoint region: RevokeBias
[2019-12-09T03:23:35.620+0000][1][safepoint    ] Leaving safepoint region
[2019-12-09T03:23:35.620+0000][1][safepoint    ] Total time for which application threads were stopped: 0.0187230 seconds, Stopping threads took: 0.0186046 seconds
[2019-12-09T03:23:35.642+0000][1][safepoint    ] Application time: 0.0224425 seconds
[2019-12-09T03:23:35.642+0000][1][safepoint    ] Entering safepoint region: RevokeBias
[2019-12-09T03:23:35.643+0000][1][safepoint    ] Leaving safepoint region
[2019-12-09T03:23:35.643+0000][1][safepoint    ] Total time for which application threads were stopped: 0.0001839 seconds, Stopping threads took: 0.0000972 seconds
[2019-12-09T03:23:35.750+0000][1][safepoint    ] Application time: 0.1074548 seconds
[2019-12-09T03:23:35.750+0000][1][safepoint    ] Entering safepoint region: RevokeBias
[2019-12-09T03:23:35.750+0000][1][safepoint    ] Leaving safepoint region
[2019-12-09T03:23:35.750+0000][1][safepoint    ] Total time for which application threads were stopped: 0.0001259 seconds, Stopping threads took: 0.0000188 seconds
[2019-12-09T03:23:35.750+0000][1][safepoint    ] Application time: 0.0000675 seconds
[2019-12-09T03:23:35.750+0000][1][safepoint    ] Entering safepoint region: RevokeBias
[2019-12-09T03:23:35.750+0000][1][safepoint    ] Leaving safepoint region
[2019-12-09T03:23:35.750+0000][1][safepoint    ] Total time for which application threads were stopped: 0.0000586 seconds, Stopping threads took: 0.0000088 seconds
[2019-12-09T03:23:35.836+0000][1][safepoint    ] Application time: 0.0860075 seconds
[2019-12-09T03:23:35.836+0000][1][safepoint    ] Entering safepoint region: RevokeBias
[2019-12-09T03:23:35.836+0000][1][safepoint    ] Leaving safepoint region
[2019-12-09T03:23:35.836+0000][1][safepoint    ] Total time for which application threads were stopped: 0.0001179 seconds, Stopping threads took: 0.0000199 seconds
[2019-12-09T03:23:36.167+0000][1][safepoint    ] Application time: 0.3303220 seconds
[2019-12-09T03:23:36.170+0000][1][safepoint    ] Entering safepoint region: RevokeBias
[2019-12-09T03:23:36.170+0000][1][safepoint    ] Leaving safepoint region
[2019-12-09T03:23:36.170+0000][1][safepoint    ] Total time for which application threads were stopped: 0.0032055 seconds, Stopping threads took: 0.0030848 seconds
[2019-12-09T03:23:36.177+0000][1][safepoint    ] Application time: 0.0065729 seconds
[2019-12-09T03:23:36.177+0000][1][safepoint    ] Entering safepoint region: RevokeBias
[2019-12-09T03:23:36.177+0000][1][safepoint    ] Leaving safepoint region
[2019-12-09T03:23:36.177+0000][1][safepoint    ] Total time for which application threads were stopped: 0.0001189 seconds, Stopping threads took: 0.0000158 seconds
[2019-12-09T03:23:36.177+0000][1][safepoint    ] Application time: 0.0004326 seconds
[2019-12-09T03:23:36.177+0000][1][safepoint    ] Entering safepoint region: RevokeBias
[2019-12-09T03:23:36.177+0000][1][safepoint    ] Leaving safepoint region
[2019-12-09T03:23:36.177+0000][1][safepoint    ] Total time for which application threads were stopped: 0.0000910 seconds, Stopping threads took: 0.0000146 seconds
[2019-12-09T03:23:36.177+0000][1][safepoint    ] Application time: 0.0000583 seconds
[2019-12-09T03:23:36.177+0000][1][safepoint    ] Entering safepoint region: RevokeBias
[2019-12-09T03:23:36.177+0000][1][safepoint    ] Leaving safepoint region
[2019-12-09T03:23:36.177+0000][1][safepoint    ] Total time for which application threads were stopped: 0.0000564 seconds, Stopping threads took: 0.0000088 seconds
[2019-12-09T03:23:36.178+0000][1][safepoint    ] Application time: 0.0001719 seconds
[2019-12-09T03:23:36.178+0000][1][safepoint    ] Entering safepoint region: RevokeBias
[2019-12-09T03:23:36.178+0000][1][safepoint    ] Leaving safepoint region
[2019-12-09T03:23:36.178+0000][1][safepoint    ] Total time for which application threads were stopped: 0.0000842 seconds, Stopping threads took: 0.0000102 seconds
[2019-12-09T03:23:36.247+0000][1][safepoint    ] Application time: 0.0691654 seconds
[2019-12-09T03:23:36.247+0000][1][safepoint    ] Entering safepoint region: RevokeBias
[2019-12-09T03:23:36.247+0000][1][safepoint    ] Leaving safepoint region
[2019-12-09T03:23:36.247+0000][1][safepoint    ] Total time for which application threads were stopped: 0.0003461 seconds, Stopping threads took: 0.0002428 seconds
[2019-12-09T03:23:36.299+0000][1][safepoint    ] Application time: 0.0521138 seconds
[2019-12-09T03:23:36.299+0000][1][safepoint    ] Entering safepoint region: RevokeBias
[2019-12-09T03:23:36.300+0000][1][safepoint    ] Leaving safepoint region
[2019-12-09T03:23:36.300+0000][1][safepoint    ] Total time for which application threads were stopped: 0.0001083 seconds, Stopping threads took: 0.0000168 seconds
[2019-12-09T03:23:36.455+0000][1][safepoint    ] Application time: 0.1557123 seconds
[2019-12-09T03:23:36.455+0000][1][safepoint    ] Entering safepoint region: RevokeBias
[2019-12-09T03:23:36.455+0000][1][safepoint    ] Leaving safepoint region
[2019-12-09T03:23:36.455+0000][1][safepoint    ] Total time for which application threads were stopped: 0.0002122 seconds, Stopping threads took: 0.0001087 seconds
[2019-12-09T03:23:36.469+0000][1][safepoint    ] Application time: 0.0131910 seconds
[2019-12-09T03:23:36.469+0000][1][safepoint    ] Entering safepoint region: RevokeBias
[2019-12-09T03:23:36.469+0000][1][safepoint    ] Leaving safepoint region
[2019-12-09T03:23:36.469+0000][1][safepoint    ] Total time for which application threads were stopped: 0.0001316 seconds, Stopping threads took: 0.0000201 seconds
[2019-12-09T03:23:36.487+0000][1][safepoint    ] Application time: 0.0185396 seconds
[2019-12-09T03:23:36.487+0000][1][safepoint    ] Entering safepoint region: RevokeBias
[2019-12-09T03:23:36.488+0000][1][safepoint    ] Leaving safepoint region
[2019-12-09T03:23:36.488+0000][1][safepoint    ] Total time for which application threads were stopped: 0.0001173 seconds, Stopping threads took: 0.0000168 seconds
[2019-12-09T03:23:36.488+0000][1][safepoint    ] Application time: 0.0000602 seconds
[2019-12-09T03:23:36.488+0000][1][safepoint    ] Entering safepoint region: RevokeBias
[2019-12-09T03:23:36.488+0000][1][safepoint    ] Leaving safepoint region
[2019-12-09T03:23:36.488+0000][1][safepoint    ] Total time for which application threads were stopped: 0.0000667 seconds, Stopping threads took: 0.0000087 seconds
[2019-12-09T03:23:36.536+0000][1][safepoint    ] Application time: 0.0486636 seconds
[2019-12-09T03:23:36.536+0000][1][safepoint    ] Entering safepoint region: RevokeBias
[2019-12-09T03:23:36.536+0000][1][safepoint    ] Leaving safepoint region
[2019-12-09T03:23:36.537+0000][1][safepoint    ] Total time for which application threads were stopped: 0.0001383 seconds, Stopping threads took: 0.0000223 seconds
[2019-12-09T03:23:36.537+0000][1][safepoint    ] Application time: 0.0002399 seconds
[2019-12-09T03:23:36.537+0000][1][safepoint    ] Entering safepoint region: RevokeBias
[2019-12-09T03:23:36.537+0000][1][safepoint    ] Leaving safepoint region
[2019-12-09T03:23:36.537+0000][1][safepoint    ] Total time for which application threads were stopped: 0.0001025 seconds, Stopping threads took: 0.0000151 seconds
[2019-12-09T03:23:36.537+0000][1][safepoint    ] Application time: 0.0000654 seconds
[2019-12-09T03:23:36.537+0000][1][safepoint    ] Entering safepoint region: RevokeBias
[2019-12-09T03:23:36.537+0000][1][safepoint    ] Leaving safepoint region
[2019-12-09T03:23:36.537+0000][1][safepoint    ] Total time for which application threads were stopped: 0.0000702 seconds, Stopping threads took: 0.0000096 seconds
[2019-12-09T03:23:36.892+0000][1][safepoint    ] Application time: 0.3547833 seconds
[2019-12-09T03:23:36.892+0000][1][safepoint    ] Entering safepoint region: RevokeBias
[2019-12-09T03:23:36.892+0000][1][safepoint    ] Leaving safepoint region
[2019-12-09T03:23:36.892+0000][1][safepoint    ] Total time for which application threads were stopped: 0.0001133 seconds, Stopping threads took: 0.0000196 seconds
[2019-12-09T03:23:36.892+0000][1][safepoint    ] Application time: 0.0000640 seconds
[2019-12-09T03:23:36.892+0000][1][safepoint    ] Entering safepoint region: RevokeBias
[2019-12-09T03:23:36.892+0000][1][safepoint    ] Leaving safepoint region
[2019-12-09T03:23:36.892+0000][1][safepoint    ] Total time for which application threads were stopped: 0.0000489 seconds, Stopping threads took: 0.0000082 seconds
[2019-12-09T03:23:36.926+0000][1][safepoint    ] Application time: 0.0340602 seconds
[2019-12-09T03:23:36.926+0000][1][safepoint    ] Entering safepoint region: RevokeBias
[2019-12-09T03:23:36.926+0000][1][safepoint    ] Leaving safepoint region
[2019-12-09T03:23:36.926+0000][1][safepoint    ] Total time for which application threads were stopped: 0.0001391 seconds, Stopping threads took: 0.0000208 seconds
[2019-12-09T03:23:36.993+0000][1][safepoint    ] Application time: 0.0666938 seconds
[2019-12-09T03:23:36.993+0000][1][safepoint    ] Entering safepoint region: RevokeBias
[2019-12-09T03:23:36.993+0000][1][safepoint    ] Leaving safepoint region
[2019-12-09T03:23:36.993+0000][1][safepoint    ] Total time for which application threads were stopped: 0.0001319 seconds, Stopping threads took: 0.0000200 seconds
[2019-12-09T03:23:37.060+0000][1][safepoint    ] Application time: 0.0665947 seconds
[2019-12-09T03:23:37.060+0000][1][safepoint    ] Entering safepoint region: RevokeBias
[2019-12-09T03:23:37.060+0000][1][safepoint    ] Leaving safepoint region
[2019-12-09T03:23:37.060+0000][1][safepoint    ] Total time for which application threads were stopped: 0.0001259 seconds, Stopping threads took: 0.0000211 seconds
[2019-12-09T03:23:37.933+0000][1][safepoint    ] Application time: 0.8730123 seconds
[2019-12-09T03:23:37.933+0000][1][safepoint    ] Entering safepoint region: RevokeBias
[2019-12-09T03:23:37.933+0000][1][safepoint    ] Leaving safepoint region
[2019-12-09T03:23:37.933+0000][1][safepoint    ] Total time for which application threads were stopped: 0.0002255 seconds, Stopping threads took: 0.0001113 seconds
[2019-12-09T03:23:37.945+0000][1][safepoint    ] Application time: 0.0113603 seconds
[2019-12-09T03:23:37.945+0000][1][safepoint    ] Entering safepoint region: RevokeBias
[2019-12-09T03:23:37.945+0000][1][safepoint    ] Leaving safepoint region
[2019-12-09T03:23:37.945+0000][1][safepoint    ] Total time for which application threads were stopped: 0.0006059 seconds, Stopping threads took: 0.0005063 seconds
[2019-12-09T03:23:37.946+0000][1][safepoint    ] Application time: 0.0002833 seconds
[2019-12-09T03:23:37.946+0000][1][safepoint    ] Entering safepoint region: RevokeBias
[2019-12-09T03:23:37.946+0000][1][safepoint    ] Leaving safepoint region
[2019-12-09T03:23:37.946+0000][1][safepoint    ] Total time for which application threads were stopped: 0.0000799 seconds, Stopping threads took: 0.0000143 seconds
[2019-12-09T03:23:37.946+0000][1][safepoint    ] Application time: 0.0000779 seconds
[2019-12-09T03:23:37.946+0000][1][safepoint    ] Entering safepoint region: RevokeBias
[2019-12-09T03:23:37.946+0000][1][safepoint    ] Leaving safepoint region
[2019-12-09T03:23:37.946+0000][1][safepoint    ] Total time for which application threads were stopped: 0.0000613 seconds, Stopping threads took: 0.0000096 seconds
[2019-12-09T03:23:37.946+0000][1][safepoint    ] Application time: 0.0001849 seconds
[2019-12-09T03:23:37.946+0000][1][safepoint    ] Entering safepoint region: RevokeBias
[2019-12-09T03:23:37.946+0000][1][safepoint    ] Leaving safepoint region
[2019-12-09T03:23:37.946+0000][1][safepoint    ] Total time for which application threads were stopped: 0.0000618 seconds, Stopping threads took: 0.0000110 seconds
[2019-12-09T03:23:37.948+0000][1][safepoint    ] Application time: 0.0015203 seconds
[2019-12-09T03:23:37.948+0000][1][safepoint    ] Entering safepoint region: RevokeBias
[2019-12-09T03:23:37.948+0000][1][safepoint    ] Leaving safepoint region
[2019-12-09T03:23:37.948+0000][1][safepoint    ] Total time for which application threads were stopped: 0.0000686 seconds, Stopping threads took: 0.0000144 seconds
[2019-12-09T03:23:37.949+0000][1][safepoint    ] Application time: 0.0012565 seconds
[2019-12-09T03:23:37.949+0000][1][safepoint    ] Entering safepoint region: RevokeBias
[2019-12-09T03:23:37.949+0000][1][safepoint    ] Leaving safepoint region
[2019-12-09T03:23:37.949+0000][1][safepoint    ] Total time for which application threads were stopped: 0.0000689 seconds, Stopping threads took: 0.0000151 seconds
[2019-12-09T03:23:37.985+0000][1][safepoint    ] Application time: 0.0359913 seconds
[2019-12-09T03:23:37.985+0000][1][safepoint    ] Entering safepoint region: RevokeBias
[2019-12-09T03:23:37.985+0000][1][safepoint    ] Leaving safepoint region
[2019-12-09T03:23:37.985+0000][1][safepoint    ] Total time for which application threads were stopped: 0.0001148 seconds, Stopping threads took: 0.0000209 seconds
[2019-12-09T03:23:37.985+0000][1][safepoint    ] Application time: 0.0000786 seconds
[2019-12-09T03:23:37.985+0000][1][safepoint    ] Entering safepoint region: RevokeBias
[2019-12-09T03:23:37.985+0000][1][safepoint    ] Leaving safepoint region
[2019-12-09T03:23:37.985+0000][1][safepoint    ] Total time for which application threads were stopped: 0.0000828 seconds, Stopping threads took: 0.0000119 seconds
[2019-12-09T03:23:38.012+0000][1][safepoint    ] Application time: 0.0263131 seconds
[2019-12-09T03:23:38.012+0000][1][safepoint    ] Entering safepoint region: CollectForMetadataAllocation
[2019-12-09T03:23:38.012+0000][1][safepoint    ] Leaving safepoint region
[2019-12-09T03:23:38.012+0000][1][safepoint    ] Total time for which application threads were stopped: 0.0002924 seconds, Stopping threads took: 0.0000199 seconds
[2019-12-09T03:23:38.195+0000][1][safepoint    ] Application time: 0.1828331 seconds
[2019-12-09T03:23:38.195+0000][1][safepoint    ] Entering safepoint region: CollectForMetadataAllocation
[2019-12-09T03:23:38.195+0000][1][safepoint    ] Leaving safepoint region
[2019-12-09T03:23:38.195+0000][1][safepoint    ] Total time for which application threads were stopped: 0.0002339 seconds, Stopping threads took: 0.0000226 seconds
[2019-12-09T03:23:38.468+0000][1][safepoint    ] Application time: 0.2725261 seconds
[2019-12-09T03:23:38.468+0000][1][safepoint    ] Entering safepoint region: Deoptimize
[2019-12-09T03:23:38.468+0000][1][safepoint    ] Leaving safepoint region
[2019-12-09T03:23:38.468+0000][1][safepoint    ] Total time for which application threads were stopped: 0.0007635 seconds, Stopping threads took: 0.0000242 seconds
[2019-12-09T03:23:38.483+0000][1][safepoint    ] Application time: 0.0141187 seconds
[2019-12-09T03:23:38.483+0000][1][safepoint    ] Entering safepoint region: CollectForMetadataAllocation
[2019-12-09T03:23:38.483+0000][1][safepoint    ] Leaving safepoint region
[2019-12-09T03:23:38.483+0000][1][safepoint    ] Total time for which application threads were stopped: 0.0003485 seconds, Stopping threads took: 0.0000369 seconds
[2019-12-09T03:23:38.651+0000][1][safepoint    ] Application time: 0.1677446 seconds
[2019-12-09T03:23:38.651+0000][1][safepoint    ] Entering safepoint region: CollectForMetadataAllocation
[2019-12-09T03:23:38.651+0000][1][safepoint    ] Leaving safepoint region
[2019-12-09T03:23:38.651+0000][1][safepoint    ] Total time for which application threads were stopped: 0.0003140 seconds, Stopping threads took: 0.0000238 seconds
[2019-12-09T03:23:38.884+0000][1][safepoint    ] Application time: 0.2324999 seconds
[2019-12-09T03:23:38.884+0000][1][safepoint    ] Entering safepoint region: BulkRevokeBias
[2019-12-09T03:23:38.884+0000][1][safepoint    ] Leaving safepoint region
[2019-12-09T03:23:38.884+0000][1][safepoint    ] Total time for which application threads were stopped: 0.0005303 seconds, Stopping threads took: 0.0000185 seconds
[2019-12-09T03:23:38.884+0000][1][safepoint    ] Application time: 0.0000764 seconds
[2019-12-09T03:23:38.884+0000][1][safepoint    ] Entering safepoint region: RevokeBias
[2019-12-09T03:23:38.884+0000][1][safepoint    ] Leaving safepoint region
[2019-12-09T03:23:38.884+0000][1][safepoint    ] Total time for which application threads were stopped: 0.0000814 seconds, Stopping threads took: 0.0000126 seconds
[2019-12-09T03:23:38.885+0000][1][safepoint    ] Application time: 0.0002708 seconds
[2019-12-09T03:23:38.885+0000][1][safepoint    ] Entering safepoint region: CollectForMetadataAllocation
[2019-12-09T03:23:38.885+0000][1][safepoint    ] Leaving safepoint region
[2019-12-09T03:23:38.885+0000][1][safepoint    ] Total time for which application threads were stopped: 0.0002772 seconds, Stopping threads took: 0.0000126 seconds
[2019-12-09T03:23:39.037+0000][1][safepoint    ] Application time: 0.1518019 seconds
[2019-12-09T03:23:39.037+0000][1][safepoint    ] Entering safepoint region: RevokeBias
[2019-12-09T03:23:39.037+0000][1][safepoint    ] Leaving safepoint region
[2019-12-09T03:23:39.037+0000][1][safepoint    ] Total time for which application threads were stopped: 0.0001332 seconds, Stopping threads took: 0.0000217 seconds
[2019-12-09T03:23:39.037+0000][1][safepoint    ] Application time: 0.0000949 seconds
[2019-12-09T03:23:39.037+0000][1][safepoint    ] Entering safepoint region: BulkRevokeBias
[2019-12-09T03:23:39.037+0000][1][safepoint    ] Leaving safepoint region
[2019-12-09T03:23:39.037+0000][1][safepoint    ] Total time for which application threads were stopped: 0.0003898 seconds, Stopping threads took: 0.0000117 seconds
[2019-12-09T03:23:39.038+0000][1][safepoint    ] Application time: 0.0002623 seconds
[2019-12-09T03:23:39.038+0000][1][safepoint    ] Entering safepoint region: RevokeBias
[2019-12-09T03:23:39.038+0000][1][safepoint    ] Leaving safepoint region
[2019-12-09T03:23:39.038+0000][1][safepoint    ] Total time for which application threads were stopped: 0.0001085 seconds, Stopping threads took: 0.0000308 seconds
[2019-12-09T03:23:39.345+0000][1][safepoint    ] Application time: 0.3069931 seconds
[2019-12-09T03:23:39.345+0000][1][safepoint    ] Entering safepoint region: CMS_Initial_Mark
[2019-12-09T03:23:39.345+0000][1][gc,start     ] GC(23) Pause Initial Mark
[2019-12-09T03:23:39.477+0000][1][gc           ] GC(23) Pause Initial Mark 121M->121M(247M) 131.956ms
[2019-12-09T03:23:39.477+0000][1][gc,cpu       ] GC(23) User=0.03s Sys=0.00s Real=0.13s
[2019-12-09T03:23:39.477+0000][1][safepoint    ] Leaving safepoint region
[2019-12-09T03:23:39.477+0000][1][safepoint    ] Total time for which application threads were stopped: 0.1321954 seconds, Stopping threads took: 0.0000219 seconds
[2019-12-09T03:23:39.478+0000][1][gc           ] GC(23) Concurrent Mark
[2019-12-09T03:23:39.697+0000][1][safepoint    ] Application time: 0.2200167 seconds
[2019-12-09T03:23:39.697+0000][1][safepoint    ] Entering safepoint region: RevokeBias
[2019-12-09T03:23:39.697+0000][1][safepoint    ] Leaving safepoint region
[2019-12-09T03:23:39.697+0000][1][safepoint    ] Total time for which application threads were stopped: 0.0001200 seconds, Stopping threads took: 0.0000232 seconds
[2019-12-09T03:23:39.722+0000][1][safepoint    ] Application time: 0.0245306 seconds
[2019-12-09T03:23:39.722+0000][1][safepoint    ] Entering safepoint region: RevokeBias
[2019-12-09T03:23:39.722+0000][1][safepoint    ] Leaving safepoint region
[2019-12-09T03:23:39.722+0000][1][safepoint    ] Total time for which application threads were stopped: 0.0001182 seconds, Stopping threads took: 0.0000228 seconds
[2019-12-09T03:23:39.724+0000][1][safepoint    ] Application time: 0.0021285 seconds
[2019-12-09T03:23:39.724+0000][1][safepoint    ] Entering safepoint region: RevokeBias
[2019-12-09T03:23:39.724+0000][1][safepoint    ] Leaving safepoint region
[2019-12-09T03:23:39.724+0000][1][safepoint    ] Total time for which application threads were stopped: 0.0000978 seconds, Stopping threads took: 0.0000195 seconds
[2019-12-09T03:23:39.724+0000][1][safepoint    ] Application time: 0.0000492 seconds
[2019-12-09T03:23:39.724+0000][1][safepoint    ] Entering safepoint region: RevokeBias
[2019-12-09T03:23:39.724+0000][1][safepoint    ] Leaving safepoint region
[2019-12-09T03:23:39.724+0000][1][safepoint    ] Total time for which application threads were stopped: 0.0000613 seconds, Stopping threads took: 0.0000103 seconds
[2019-12-09T03:23:39.724+0000][1][safepoint    ] Application time: 0.0000403 seconds
[2019-12-09T03:23:39.724+0000][1][safepoint    ] Entering safepoint region: RevokeBias
[2019-12-09T03:23:39.724+0000][1][safepoint    ] Leaving safepoint region
[2019-12-09T03:23:39.724+0000][1][safepoint    ] Total time for which application threads were stopped: 0.0000585 seconds, Stopping threads took: 0.0000101 seconds
[2019-12-09T03:23:39.724+0000][1][safepoint    ] Application time: 0.0000389 seconds
[2019-12-09T03:23:39.724+0000][1][safepoint    ] Entering safepoint region: RevokeBias
[2019-12-09T03:23:39.724+0000][1][safepoint    ] Leaving safepoint region
[2019-12-09T03:23:39.724+0000][1][safepoint    ] Total time for which application threads were stopped: 0.0000532 seconds, Stopping threads took: 0.0000092 seconds
[2019-12-09T03:23:39.725+0000][1][safepoint    ] Application time: 0.0000375 seconds
[2019-12-09T03:23:39.725+0000][1][safepoint    ] Entering safepoint region: RevokeBias
[2019-12-09T03:23:39.725+0000][1][safepoint    ] Leaving safepoint region
[2019-12-09T03:23:39.725+0000][1][safepoint    ] Total time for which application threads were stopped: 0.0000609 seconds, Stopping threads took: 0.0000097 seconds
[2019-12-09T03:23:39.725+0000][1][safepoint    ] Application time: 0.0000344 seconds
[2019-12-09T03:23:39.725+0000][1][safepoint    ] Entering safepoint region: RevokeBias
[2019-12-09T03:23:39.725+0000][1][safepoint    ] Leaving safepoint region
[2019-12-09T03:23:39.725+0000][1][safepoint    ] Total time for which application threads were stopped: 0.0000644 seconds, Stopping threads took: 0.0000075 seconds
[2019-12-09T03:23:39.725+0000][1][safepoint    ] Application time: 0.0000332 seconds
[2019-12-09T03:23:39.725+0000][1][safepoint    ] Entering safepoint region: RevokeBias
[2019-12-09T03:23:39.725+0000][1][safepoint    ] Leaving safepoint region
[2019-12-09T03:23:39.725+0000][1][safepoint    ] Total time for which application threads were stopped: 0.0000489 seconds, Stopping threads took: 0.0000082 seconds
[2019-12-09T03:23:39.725+0000][1][safepoint    ] Application time: 0.0000348 seconds
[2019-12-09T03:23:39.725+0000][1][safepoint    ] Entering safepoint region: RevokeBias
[2019-12-09T03:23:39.725+0000][1][safepoint    ] Leaving safepoint region
[2019-12-09T03:23:39.725+0000][1][safepoint    ] Total time for which application threads were stopped: 0.0000468 seconds, Stopping threads took: 0.0000082 seconds
[2019-12-09T03:23:39.973+0000][1][safepoint    ] Application time: 0.2478124 seconds
[2019-12-09T03:23:39.973+0000][1][safepoint    ] Entering safepoint region: RevokeBias
[2019-12-09T03:23:39.973+0000][1][safepoint    ] Leaving safepoint region
[2019-12-09T03:23:39.973+0000][1][safepoint    ] Total time for which application threads were stopped: 0.0001304 seconds, Stopping threads took: 0.0000242 seconds
[2019-12-09T03:23:40.042+0000][1][safepoint    ] Application time: 0.0694307 seconds
[2019-12-09T03:23:40.042+0000][1][safepoint    ] Entering safepoint region: RevokeBias
[2019-12-09T03:23:40.042+0000][1][safepoint    ] Leaving safepoint region
[2019-12-09T03:23:40.042+0000][1][safepoint    ] Total time for which application threads were stopped: 0.0001295 seconds, Stopping threads took: 0.0000207 seconds
[2019-12-09T03:23:40.059+0000][1][safepoint    ] Application time: 0.0162448 seconds
[2019-12-09T03:23:40.059+0000][1][safepoint    ] Entering safepoint region: RevokeBias
[2019-12-09T03:23:40.059+0000][1][safepoint    ] Leaving safepoint region
[2019-12-09T03:23:40.059+0000][1][safepoint    ] Total time for which application threads were stopped: 0.0001183 seconds, Stopping threads took: 0.0000219 seconds
[2019-12-09T03:23:40.511+0000][1][gc           ] GC(23) Concurrent Mark 1032.818ms
[2019-12-09T03:23:40.511+0000][1][gc,cpu       ] GC(23) User=0.30s Sys=0.00s Real=1.03s
[2019-12-09T03:23:40.511+0000][1][gc           ] GC(23) Concurrent Preclean
[2019-12-09T03:23:40.515+0000][1][gc           ] GC(23) Concurrent Preclean 4.727ms
[2019-12-09T03:23:40.515+0000][1][gc,cpu       ] GC(23) User=0.01s Sys=0.00s Real=0.01s
[2019-12-09T03:23:40.515+0000][1][gc           ] GC(23) Concurrent Abortable Preclean
[2019-12-09T03:23:41.065+0000][1][safepoint    ] Application time: 1.0060440 seconds
[2019-12-09T03:23:41.065+0000][1][safepoint    ] Entering safepoint region: Cleanup
[2019-12-09T03:23:41.065+0000][1][safepoint    ] Leaving safepoint region
[2019-12-09T03:23:41.065+0000][1][safepoint    ] Total time for which application threads were stopped: 0.0001253 seconds, Stopping threads took: 0.0000222 seconds
[2019-12-09T03:23:41.164+0000][1][safepoint    ] Application time: 0.0989670 seconds
[2019-12-09T03:23:41.164+0000][1][safepoint    ] Entering safepoint region: CollectForMetadataAllocation
[2019-12-09T03:23:41.164+0000][1][safepoint    ] Leaving safepoint region
[2019-12-09T03:23:41.164+0000][1][safepoint    ] Total time for which application threads were stopped: 0.0002980 seconds, Stopping threads took: 0.0000219 seconds
[2019-12-09T03:23:41.317+0000][1][safepoint    ] Application time: 0.1523093 seconds
[2019-12-09T03:23:41.317+0000][1][safepoint    ] Entering safepoint region: RevokeBias
[2019-12-09T03:23:41.317+0000][1][safepoint    ] Leaving safepoint region
[2019-12-09T03:23:41.317+0000][1][safepoint    ] Total time for which application threads were stopped: 0.0001183 seconds, Stopping threads took: 0.0000221 seconds
[2019-12-09T03:23:41.317+0000][1][safepoint    ] Application time: 0.0001045 seconds
[2019-12-09T03:23:41.317+0000][1][safepoint    ] Entering safepoint region: RevokeBias
[2019-12-09T03:23:41.317+0000][1][safepoint    ] Leaving safepoint region
[2019-12-09T03:23:41.317+0000][1][safepoint    ] Total time for which application threads were stopped: 0.0000588 seconds, Stopping threads took: 0.0000094 seconds
[2019-12-09T03:23:41.318+0000][1][safepoint    ] Application time: 0.0005682 seconds
[2019-12-09T03:23:41.318+0000][1][safepoint    ] Entering safepoint region: RevokeBias
[2019-12-09T03:23:41.318+0000][1][safepoint    ] Leaving safepoint region
[2019-12-09T03:23:41.318+0000][1][safepoint    ] Total time for which application threads were stopped: 0.0001322 seconds, Stopping threads took: 0.0000389 seconds
[2019-12-09T03:23:42.321+0000][1][safepoint    ] Application time: 1.0029210 seconds
[2019-12-09T03:23:42.355+0000][1][safepoint    ] Entering safepoint region: Cleanup
[2019-12-09T03:23:42.355+0000][1][safepoint    ] Leaving safepoint region
[2019-12-09T03:23:42.355+0000][1][safepoint    ] Total time for which application threads were stopped: 0.0341877 seconds, Stopping threads took: 0.0340762 seconds
[2019-12-09T03:23:42.817+0000][1][safepoint    ] Application time: 0.4617946 seconds
[2019-12-09T03:23:42.817+0000][1][safepoint    ] Entering safepoint region: GenCollectForAllocation
[2019-12-09T03:23:42.817+0000][1][gc,start     ] GC(24) Pause Young (Allocation Failure)
[2019-12-09T03:23:42.817+0000][1][gc,task      ] GC(24) Using 2 workers of 2 for evacuation
[2019-12-09T03:23:42.884+0000][1][gc           ] GC(23) Concurrent Abortable Preclean 2368.325ms
[2019-12-09T03:23:42.884+0000][1][gc,cpu       ] GC(23) User=0.75s Sys=0.00s Real=2.36s
[2019-12-09T03:23:42.975+0000][1][gc,age       ] GC(24) Desired survivor size 4456448 bytes, new threshold 2 (max threshold 6)
[2019-12-09T03:23:42.975+0000][1][gc,age       ] GC(24) Age table with threshold 2 (max threshold 6)
[2019-12-09T03:23:42.975+0000][1][gc,age       ] GC(24) - age   1:    1910304 bytes,    1910304 total
[2019-12-09T03:23:42.975+0000][1][gc,age       ] GC(24) - age   2:    3602440 bytes,    5512744 total
[2019-12-09T03:23:42.975+0000][1][gc,heap      ] GC(24) ParNew: 78656K->6907K(78656K)
[2019-12-09T03:23:42.975+0000][1][gc,heap      ] GC(24) CMS: 60324K->64481K(174784K)
[2019-12-09T03:23:42.975+0000][1][gc,metaspace ] GC(24) Metaspace: 68409K->68409K(1112064K)
[2019-12-09T03:23:42.975+0000][1][gc           ] GC(24) Pause Young (Allocation Failure) 135M->69M(247M) 158.524ms
[2019-12-09T03:23:42.976+0000][1][gc,cpu       ] GC(24) User=0.06s Sys=0.00s Real=0.16s
[2019-12-09T03:23:42.976+0000][1][safepoint    ] Leaving safepoint region
[2019-12-09T03:23:42.976+0000][1][safepoint    ] Total time for which application threads were stopped: 0.1587467 seconds, Stopping threads took: 0.0000262 seconds
[2019-12-09T03:23:42.978+0000][1][safepoint    ] Application time: 0.0025141 seconds
[2019-12-09T03:23:43.006+0000][1][safepoint    ] Entering safepoint region: CMS_Final_Remark
[2019-12-09T03:23:43.006+0000][1][gc,start     ] GC(23) Pause Remark
[2019-12-09T03:23:43.066+0000][1][gc           ] GC(23) Pause Remark 70M->70M(247M) 60.470ms
[2019-12-09T03:23:43.066+0000][1][gc,cpu       ] GC(23) User=0.04s Sys=0.00s Real=0.06s
[2019-12-09T03:23:43.066+0000][1][safepoint    ] Leaving safepoint region
[2019-12-09T03:23:43.067+0000][1][safepoint    ] Total time for which application threads were stopped: 0.0884038 seconds, Stopping threads took: 0.0277241 seconds
[2019-12-09T03:23:43.067+0000][1][gc           ] GC(23) Concurrent Sweep
[2019-12-09T03:23:43.191+0000][1][gc           ] GC(23) Concurrent Sweep 124.472ms
[2019-12-09T03:23:43.191+0000][1][gc,cpu       ] GC(23) User=0.07s Sys=0.00s Real=0.12s
[2019-12-09T03:23:43.191+0000][1][gc           ] GC(23) Concurrent Reset
[2019-12-09T03:23:43.192+0000][1][gc           ] GC(23) Concurrent Reset 0.299ms
[2019-12-09T03:23:43.192+0000][1][gc,cpu       ] GC(23) User=0.00s Sys=0.00s Real=0.00s
[2019-12-09T03:23:43.192+0000][1][gc,heap      ] GC(23) Old: 60324K->64101K(174784K)
[2019-12-09T03:23:44.068+0000][1][safepoint    ] Application time: 1.0012212 seconds
[2019-12-09T03:23:44.068+0000][1][safepoint    ] Entering safepoint region: Cleanup
[2019-12-09T03:23:44.069+0000][1][safepoint    ] Leaving safepoint region
[2019-12-09T03:23:44.069+0000][1][safepoint    ] Total time for which application threads were stopped: 0.0008959 seconds, Stopping threads took: 0.0000263 seconds
[2019-12-09T03:23:45.073+0000][1][safepoint    ] Application time: 1.0040102 seconds
[2019-12-09T03:23:45.073+0000][1][safepoint    ] Entering safepoint region: Cleanup
[2019-12-09T03:23:45.073+0000][1][safepoint    ] Leaving safepoint region
[2019-12-09T03:23:45.073+0000][1][safepoint    ] Total time for which application threads were stopped: 0.0001325 seconds, Stopping threads took: 0.0000296 seconds
[2019-12-09T03:23:46.077+0000][1][safepoint    ] Application time: 1.0037966 seconds
[2019-12-09T03:23:46.077+0000][1][safepoint    ] Entering safepoint region: Cleanup
[2019-12-09T03:23:46.077+0000][1][safepoint    ] Leaving safepoint region
[2019-12-09T03:23:46.077+0000][1][safepoint    ] Total time for which application threads were stopped: 0.0001331 seconds, Stopping threads took: 0.0000259 seconds
[2019-12-09T03:23:47.079+0000][1][safepoint    ] Application time: 1.0018131 seconds
[2019-12-09T03:23:47.079+0000][1][safepoint    ] Entering safepoint region: Cleanup
[2019-12-09T03:23:47.079+0000][1][safepoint    ] Leaving safepoint region
[2019-12-09T03:23:47.079+0000][1][safepoint    ] Total time for which application threads were stopped: 0.0001403 seconds, Stopping threads took: 0.0000254 seconds
[2019-12-09T03:23:48.081+0000][1][safepoint    ] Application time: 1.0018083 seconds
[2019-12-09T03:23:48.081+0000][1][safepoint    ] Entering safepoint region: Cleanup
[2019-12-09T03:23:48.081+0000][1][safepoint    ] Leaving safepoint region
[2019-12-09T03:23:48.081+0000][1][safepoint    ] Total time for which application threads were stopped: 0.0001318 seconds, Stopping threads took: 0.0000273 seconds
[2019-12-09T03:23:49.085+0000][1][safepoint    ] Application time: 1.0038350 seconds
[2019-12-09T03:23:49.085+0000][1][safepoint    ] Entering safepoint region: Cleanup
[2019-12-09T03:23:49.085+0000][1][safepoint    ] Leaving safepoint region
[2019-12-09T03:23:49.085+0000][1][safepoint    ] Total time for which application threads were stopped: 0.0001303 seconds, Stopping threads took: 0.0000273 seconds
[2019-12-09T03:23:50.089+0000][1][safepoint    ] Application time: 1.0037862 seconds
[2019-12-09T03:23:50.089+0000][1][safepoint    ] Entering safepoint region: Cleanup
[2019-12-09T03:23:50.089+0000][1][safepoint    ] Leaving safepoint region
[2019-12-09T03:23:50.089+0000][1][safepoint    ] Total time for which application threads were stopped: 0.0001321 seconds, Stopping threads took: 0.0000280 seconds
[2019-12-09T03:23:51.095+0000][1][safepoint    ] Application time: 1.0058182 seconds
[2019-12-09T03:23:51.095+0000][1][safepoint    ] Entering safepoint region: Cleanup
[2019-12-09T03:23:51.095+0000][1][safepoint    ] Leaving safepoint region
[2019-12-09T03:23:51.095+0000][1][safepoint    ] Total time for which application threads were stopped: 0.0001302 seconds, Stopping threads took: 0.0000271 seconds
[2019-12-09T03:23:52.102+0000][1][safepoint    ] Application time: 1.0068173 seconds
[2019-12-09T03:23:52.102+0000][1][safepoint    ] Entering safepoint region: Cleanup
[2019-12-09T03:23:52.102+0000][1][safepoint    ] Leaving safepoint region
[2019-12-09T03:23:52.102+0000][1][safepoint    ] Total time for which application threads were stopped: 0.0001202 seconds, Stopping threads took: 0.0000263 seconds
[2019-12-09T03:23:53.102+0000][1][safepoint    ] Application time: 1.0000867 seconds
[2019-12-09T03:23:53.102+0000][1][safepoint    ] Entering safepoint region: Cleanup
[2019-12-09T03:23:53.102+0000][1][safepoint    ] Leaving safepoint region
[2019-12-09T03:23:53.102+0000][1][safepoint    ] Total time for which application threads were stopped: 0.0001213 seconds, Stopping threads took: 0.0000256 seconds
[2019-12-09T03:23:54.102+0000][1][safepoint    ] Application time: 1.0000928 seconds
[2019-12-09T03:23:54.102+0000][1][safepoint    ] Entering safepoint region: Cleanup
[2019-12-09T03:23:54.102+0000][1][safepoint    ] Leaving safepoint region
[2019-12-09T03:23:54.102+0000][1][safepoint    ] Total time for which application threads were stopped: 0.0001312 seconds, Stopping threads took: 0.0000259 seconds
[2019-12-09T03:23:55.103+0000][1][safepoint    ] Application time: 1.0003343 seconds
[2019-12-09T03:23:55.103+0000][1][safepoint    ] Entering safepoint region: Cleanup
[2019-12-09T03:23:55.103+0000][1][safepoint    ] Leaving safepoint region
[2019-12-09T03:23:55.103+0000][1][safepoint    ] Total time for which application threads were stopped: 0.0001312 seconds, Stopping threads took: 0.0000256 seconds
[2019-12-09T03:23:56.107+0000][1][safepoint    ] Application time: 1.0036108 seconds
[2019-12-09T03:23:56.107+0000][1][safepoint    ] Entering safepoint region: Cleanup
[2019-12-09T03:23:56.107+0000][1][safepoint    ] Leaving safepoint region
[2019-12-09T03:23:56.107+0000][1][safepoint    ] Total time for which application threads were stopped: 0.0001230 seconds, Stopping threads took: 0.0000253 seconds
[2019-12-09T03:23:57.108+0000][1][safepoint    ] Application time: 1.0010162 seconds
[2019-12-09T03:23:57.108+0000][1][safepoint    ] Entering safepoint region: Cleanup
[2019-12-09T03:23:57.108+0000][1][safepoint    ] Leaving safepoint region
[2019-12-09T03:23:57.108+0000][1][safepoint    ] Total time for which application threads were stopped: 0.0001434 seconds, Stopping threads took: 0.0000361 seconds
[2019-12-09T03:23:58.109+0000][1][safepoint    ] Application time: 1.0007906 seconds
[2019-12-09T03:23:58.109+0000][1][safepoint    ] Entering safepoint region: Cleanup
[2019-12-09T03:23:58.109+0000][1][safepoint    ] Leaving safepoint region
[2019-12-09T03:23:58.109+0000][1][safepoint    ] Total time for which application threads were stopped: 0.0001413 seconds, Stopping threads took: 0.0000350 seconds
[2019-12-09T03:23:59.111+0000][1][safepoint    ] Application time: 1.0018089 seconds
[2019-12-09T03:23:59.111+0000][1][safepoint    ] Entering safepoint region: Cleanup
[2019-12-09T03:23:59.111+0000][1][safepoint    ] Leaving safepoint region
[2019-12-09T03:23:59.111+0000][1][safepoint    ] Total time for which application threads were stopped: 0.0001277 seconds, Stopping threads took: 0.0000274 seconds
[2019-12-09T03:24:00.114+0000][1][safepoint    ] Application time: 1.0028265 seconds
[2019-12-09T03:24:00.114+0000][1][safepoint    ] Entering safepoint region: Cleanup
[2019-12-09T03:24:00.114+0000][1][safepoint    ] Leaving safepoint region
[2019-12-09T03:24:00.114+0000][1][safepoint    ] Total time for which application threads were stopped: 0.0001400 seconds, Stopping threads took: 0.0000282 seconds
[2019-12-09T03:24:01.124+0000][1][safepoint    ] Application time: 1.0097938 seconds
[2019-12-09T03:24:01.124+0000][1][safepoint    ] Entering safepoint region: Cleanup
[2019-12-09T03:24:01.124+0000][1][safepoint    ] Leaving safepoint region
[2019-12-09T03:24:01.124+0000][1][safepoint    ] Total time for which application threads were stopped: 0.0001368 seconds, Stopping threads took: 0.0000267 seconds
[2019-12-09T03:24:02.127+0000][1][safepoint    ] Application time: 1.0028364 seconds
[2019-12-09T03:24:02.127+0000][1][safepoint    ] Entering safepoint region: Cleanup
[2019-12-09T03:24:02.127+0000][1][safepoint    ] Leaving safepoint region
[2019-12-09T03:24:02.127+0000][1][safepoint    ] Total time for which application threads were stopped: 0.0001251 seconds, Stopping threads took: 0.0000266 seconds
[2019-12-09T03:24:03.130+0000][1][safepoint    ] Application time: 1.0028794 seconds
[2019-12-09T03:24:03.130+0000][1][safepoint    ] Entering safepoint region: Cleanup
[2019-12-09T03:24:03.130+0000][1][safepoint    ] Leaving safepoint region
[2019-12-09T03:24:03.130+0000][1][safepoint    ] Total time for which application threads were stopped: 0.0001234 seconds, Stopping threads took: 0.0000269 seconds
[2019-12-09T03:24:04.133+0000][1][safepoint    ] Application time: 1.0027369 seconds
[2019-12-09T03:24:04.133+0000][1][safepoint    ] Entering safepoint region: Cleanup
[2019-12-09T03:24:04.133+0000][1][safepoint    ] Leaving safepoint region
[2019-12-09T03:24:04.133+0000][1][safepoint    ] Total time for which application threads were stopped: 0.0001346 seconds, Stopping threads took: 0.0000261 seconds
[2019-12-09T03:24:05.136+0000][1][safepoint    ] Application time: 1.0028172 seconds
[2019-12-09T03:24:05.136+0000][1][safepoint    ] Entering safepoint region: Cleanup
[2019-12-09T03:24:05.136+0000][1][safepoint    ] Leaving safepoint region
[2019-12-09T03:24:05.136+0000][1][safepoint    ] Total time for which application threads were stopped: 0.0001319 seconds, Stopping threads took: 0.0000342 seconds
[2019-12-09T03:24:06.137+0000][1][safepoint    ] Application time: 1.0009248 seconds
[2019-12-09T03:24:06.137+0000][1][safepoint    ] Entering safepoint region: Cleanup
[2019-12-09T03:24:06.137+0000][1][safepoint    ] Leaving safepoint region
[2019-12-09T03:24:06.137+0000][1][safepoint    ] Total time for which application threads were stopped: 0.0001457 seconds, Stopping threads took: 0.0000276 seconds
[2019-12-09T03:24:07.138+0000][1][safepoint    ] Application time: 1.0005689 seconds
[2019-12-09T03:24:07.138+0000][1][safepoint    ] Entering safepoint region: Cleanup
[2019-12-09T03:24:07.138+0000][1][safepoint    ] Leaving safepoint region
[2019-12-09T03:24:07.138+0000][1][safepoint    ] Total time for which application threads were stopped: 0.0001589 seconds, Stopping threads took: 0.0000252 seconds
[2019-12-09T03:24:08.138+0000][1][safepoint    ] Application time: 1.0000829 seconds
[2019-12-09T03:24:08.138+0000][1][safepoint    ] Entering safepoint region: Cleanup
[2019-12-09T03:24:08.138+0000][1][safepoint    ] Leaving safepoint region
[2019-12-09T03:24:08.138+0000][1][safepoint    ] Total time for which application threads were stopped: 0.0001119 seconds, Stopping threads took: 0.0000193 seconds
[2019-12-09T03:24:09.138+0000][1][safepoint    ] Application time: 1.0000790 seconds
[2019-12-09T03:24:09.138+0000][1][safepoint    ] Entering safepoint region: Cleanup
[2019-12-09T03:24:09.138+0000][1][safepoint    ] Leaving safepoint region
[2019-12-09T03:24:09.138+0000][1][safepoint    ] Total time for which application threads were stopped: 0.0000944 seconds, Stopping threads took: 0.0000184 seconds
[2019-12-09T03:24:10.138+0000][1][safepoint    ] Application time: 1.0000962 seconds
[2019-12-09T03:24:10.138+0000][1][safepoint    ] Entering safepoint region: Cleanup
[2019-12-09T03:24:10.139+0000][1][safepoint    ] Leaving safepoint region
[2019-12-09T03:24:10.139+0000][1][safepoint    ] Total time for which application threads were stopped: 0.0001245 seconds, Stopping threads took: 0.0000238 seconds
[2019-12-09T03:24:11.139+0000][1][safepoint    ] Application time: 1.0000790 seconds
[2019-12-09T03:24:11.139+0000][1][safepoint    ] Entering safepoint region: Cleanup
[2019-12-09T03:24:11.139+0000][1][safepoint    ] Leaving safepoint region
[2019-12-09T03:24:11.139+0000][1][safepoint    ] Total time for which application threads were stopped: 0.0001422 seconds, Stopping threads took: 0.0000257 seconds
[2019-12-09T03:24:12.139+0000][1][safepoint    ] Application time: 1.0000771 seconds
[2019-12-09T03:24:12.139+0000][1][safepoint    ] Entering safepoint region: Cleanup
[2019-12-09T03:24:12.139+0000][1][safepoint    ] Leaving safepoint region
[2019-12-09T03:24:12.139+0000][1][safepoint    ] Total time for which application threads were stopped: 0.0001025 seconds, Stopping threads took: 0.0000197 seconds
[2019-12-09T03:24:13.139+0000][1][safepoint    ] Application time: 1.0000760 seconds
[2019-12-09T03:24:13.139+0000][1][safepoint    ] Entering safepoint region: Cleanup
[2019-12-09T03:24:13.139+0000][1][safepoint    ] Leaving safepoint region
[2019-12-09T03:24:13.139+0000][1][safepoint    ] Total time for which application threads were stopped: 0.0000937 seconds, Stopping threads took: 0.0000164 seconds
[2019-12-09T03:24:14.139+0000][1][safepoint    ] Application time: 1.0000765 seconds
[2019-12-09T03:24:14.139+0000][1][safepoint    ] Entering safepoint region: Cleanup
[2019-12-09T03:24:14.139+0000][1][safepoint    ] Leaving safepoint region
[2019-12-09T03:24:14.139+0000][1][safepoint    ] Total time for which application threads were stopped: 0.0000950 seconds, Stopping threads took: 0.0000199 seconds
[2019-12-09T03:24:15.140+0000][1][safepoint    ] Application time: 1.0000795 seconds
[2019-12-09T03:24:15.140+0000][1][safepoint    ] Entering safepoint region: Cleanup
[2019-12-09T03:24:15.140+0000][1][safepoint    ] Leaving safepoint region
[2019-12-09T03:24:15.140+0000][1][safepoint    ] Total time for which application threads were stopped: 0.0000916 seconds, Stopping threads took: 0.0000187 seconds
[2019-12-09T03:24:16.143+0000][1][safepoint    ] Application time: 1.0031330 seconds
[2019-12-09T03:24:16.143+0000][1][safepoint    ] Entering safepoint region: Cleanup
[2019-12-09T03:24:16.143+0000][1][safepoint    ] Leaving safepoint region
[2019-12-09T03:24:16.143+0000][1][safepoint    ] Total time for which application threads were stopped: 0.0001250 seconds, Stopping threads took: 0.0000256 seconds
[2019-12-09T03:24:17.143+0000][1][safepoint    ] Application time: 1.0000789 seconds
[2019-12-09T03:24:17.143+0000][1][safepoint    ] Entering safepoint region: Cleanup
[2019-12-09T03:24:17.143+0000][1][safepoint    ] Leaving safepoint region
[2019-12-09T03:24:17.143+0000][1][safepoint    ] Total time for which application threads were stopped: 0.0000861 seconds, Stopping threads took: 0.0000177 seconds
[2019-12-09T03:24:18.143+0000][1][safepoint    ] Application time: 1.0000776 seconds
[2019-12-09T03:24:18.143+0000][1][safepoint    ] Entering safepoint region: Cleanup
[2019-12-09T03:24:18.143+0000][1][safepoint    ] Leaving safepoint region
[2019-12-09T03:24:18.143+0000][1][safepoint    ] Total time for which application threads were stopped: 0.0000909 seconds, Stopping threads took: 0.0000178 seconds
[2019-12-09T03:24:19.143+0000][1][safepoint    ] Application time: 1.0000789 seconds
[2019-12-09T03:24:19.143+0000][1][safepoint    ] Entering safepoint region: Cleanup
[2019-12-09T03:24:19.144+0000][1][safepoint    ] Leaving safepoint region
[2019-12-09T03:24:19.144+0000][1][safepoint    ] Total time for which application threads were stopped: 0.0000898 seconds, Stopping threads took: 0.0000192 seconds
[2019-12-09T03:24:20.144+0000][1][safepoint    ] Application time: 1.0000766 seconds
[2019-12-09T03:24:20.144+0000][1][safepoint    ] Entering safepoint region: Cleanup
[2019-12-09T03:24:20.144+0000][1][safepoint    ] Leaving safepoint region
[2019-12-09T03:24:20.144+0000][1][safepoint    ] Total time for which application threads were stopped: 0.0000916 seconds, Stopping threads took: 0.0000176 seconds
[2019-12-09T03:24:21.144+0000][1][safepoint    ] Application time: 1.0000752 seconds
[2019-12-09T03:24:21.144+0000][1][safepoint    ] Entering safepoint region: Cleanup
[2019-12-09T03:24:21.144+0000][1][safepoint    ] Leaving safepoint region
[2019-12-09T03:24:21.144+0000][1][safepoint    ] Total time for which application threads were stopped: 0.0000989 seconds, Stopping threads took: 0.0000190 seconds
[2019-12-09T03:24:22.144+0000][1][safepoint    ] Application time: 1.0000779 seconds
[2019-12-09T03:24:22.144+0000][1][safepoint    ] Entering safepoint region: Cleanup
[2019-12-09T03:24:22.144+0000][1][safepoint    ] Leaving safepoint region
[2019-12-09T03:24:22.144+0000][1][safepoint    ] Total time for which application threads were stopped: 0.0000937 seconds, Stopping threads took: 0.0000184 seconds
[2019-12-09T03:24:23.144+0000][1][safepoint    ] Application time: 1.0000775 seconds
[2019-12-09T03:24:23.144+0000][1][safepoint    ] Entering safepoint region: Cleanup
[2019-12-09T03:24:23.144+0000][1][safepoint    ] Leaving safepoint region
[2019-12-09T03:24:23.144+0000][1][safepoint    ] Total time for which application threads were stopped: 0.0000898 seconds, Stopping threads took: 0.0000186 seconds
[2019-12-09T03:24:24.145+0000][1][safepoint    ] Application time: 1.0000768 seconds
[2019-12-09T03:24:24.145+0000][1][safepoint    ] Entering safepoint region: Cleanup
[2019-12-09T03:24:24.145+0000][1][safepoint    ] Leaving safepoint region
[2019-12-09T03:24:24.145+0000][1][safepoint    ] Total time for which application threads were stopped: 0.0000918 seconds, Stopping threads took: 0.0000194 seconds
[2019-12-09T03:24:25.145+0000][1][safepoint    ] Application time: 1.0000798 seconds
[2019-12-09T03:24:25.145+0000][1][safepoint    ] Entering safepoint region: Cleanup
[2019-12-09T03:24:25.145+0000][1][safepoint    ] Leaving safepoint region
[2019-12-09T03:24:25.145+0000][1][safepoint    ] Total time for which application threads were stopped: 0.0000984 seconds, Stopping threads took: 0.0000187 seconds
[2019-12-09T03:24:26.145+0000][1][safepoint    ] Application time: 1.0000784 seconds
[2019-12-09T03:24:26.145+0000][1][safepoint    ] Entering safepoint region: Cleanup
[2019-12-09T03:24:26.145+0000][1][safepoint    ] Leaving safepoint region
[2019-12-09T03:24:26.145+0000][1][safepoint    ] Total time for which application threads were stopped: 0.0000925 seconds, Stopping threads took: 0.0000194 seconds
[2019-12-09T03:24:27.145+0000][1][safepoint    ] Application time: 1.0000780 seconds
[2019-12-09T03:24:27.145+0000][1][safepoint    ] Entering safepoint region: Cleanup
[2019-12-09T03:24:27.145+0000][1][safepoint    ] Leaving safepoint region
[2019-12-09T03:24:27.145+0000][1][safepoint    ] Total time for which application threads were stopped: 0.0000881 seconds, Stopping threads took: 0.0000173 seconds
[2019-12-09T03:24:28.145+0000][1][safepoint    ] Application time: 1.0000776 seconds
[2019-12-09T03:24:28.145+0000][1][safepoint    ] Entering safepoint region: Cleanup
[2019-12-09T03:24:28.145+0000][1][safepoint    ] Leaving safepoint region
[2019-12-09T03:24:28.145+0000][1][safepoint    ] Total time for which application threads were stopped: 0.0001003 seconds, Stopping threads took: 0.0000250 seconds
[2019-12-09T03:24:29.146+0000][1][safepoint    ] Application time: 1.0000790 seconds
[2019-12-09T03:24:29.146+0000][1][safepoint    ] Entering safepoint region: Cleanup
[2019-12-09T03:24:29.146+0000][1][safepoint    ] Leaving safepoint region
[2019-12-09T03:24:29.146+0000][1][safepoint    ] Total time for which application threads were stopped: 0.0001067 seconds, Stopping threads took: 0.0000179 seconds
[2019-12-09T03:24:30.146+0000][1][safepoint    ] Application time: 1.0000765 seconds
[2019-12-09T03:24:30.146+0000][1][safepoint    ] Entering safepoint region: Cleanup
[2019-12-09T03:24:30.146+0000][1][safepoint    ] Leaving safepoint region
[2019-12-09T03:24:30.146+0000][1][safepoint    ] Total time for which application threads were stopped: 0.0000978 seconds, Stopping threads took: 0.0000184 seconds
[2019-12-09T03:24:31.146+0000][1][safepoint    ] Application time: 1.0000752 seconds
[2019-12-09T03:24:31.146+0000][1][safepoint    ] Entering safepoint region: Cleanup
[2019-12-09T03:24:31.146+0000][1][safepoint    ] Leaving safepoint region
[2019-12-09T03:24:31.146+0000][1][safepoint    ] Total time for which application threads were stopped: 0.0000995 seconds, Stopping threads took: 0.0000178 seconds
[2019-12-09T03:24:32.146+0000][1][safepoint    ] Application time: 1.0001828 seconds
[2019-12-09T03:24:32.146+0000][1][safepoint    ] Entering safepoint region: Cleanup
[2019-12-09T03:24:32.147+0000][1][safepoint    ] Leaving safepoint region
[2019-12-09T03:24:32.147+0000][1][safepoint    ] Total time for which application threads were stopped: 0.0001350 seconds, Stopping threads took: 0.0000250 seconds
[2019-12-09T03:24:33.147+0000][1][safepoint    ] Application time: 1.0000797 seconds
[2019-12-09T03:24:33.147+0000][1][safepoint    ] Entering safepoint region: Cleanup
[2019-12-09T03:24:33.147+0000][1][safepoint    ] Leaving safepoint region
[2019-12-09T03:24:33.147+0000][1][safepoint    ] Total time for which application threads were stopped: 0.0001027 seconds, Stopping threads took: 0.0000191 seconds
[2019-12-09T03:24:34.147+0000][1][safepoint    ] Application time: 1.0000784 seconds
[2019-12-09T03:24:34.147+0000][1][safepoint    ] Entering safepoint region: Cleanup
[2019-12-09T03:24:34.147+0000][1][safepoint    ] Leaving safepoint region
[2019-12-09T03:24:34.147+0000][1][safepoint    ] Total time for which application threads were stopped: 0.0000946 seconds, Stopping threads took: 0.0000183 seconds
[2019-12-09T03:24:35.147+0000][1][safepoint    ] Application time: 1.0000822 seconds
[2019-12-09T03:24:35.147+0000][1][safepoint    ] Entering safepoint region: Cleanup
[2019-12-09T03:24:35.147+0000][1][safepoint    ] Leaving safepoint region
[2019-12-09T03:24:35.147+0000][1][safepoint    ] Total time for which application threads were stopped: 0.0000920 seconds, Stopping threads took: 0.0000180 seconds
[2019-12-09T03:24:36.147+0000][1][safepoint    ] Application time: 1.0000784 seconds
[2019-12-09T03:24:36.147+0000][1][safepoint    ] Entering safepoint region: Cleanup
[2019-12-09T03:24:36.147+0000][1][safepoint    ] Leaving safepoint region
[2019-12-09T03:24:36.147+0000][1][safepoint    ] Total time for which application threads were stopped: 0.0000989 seconds, Stopping threads took: 0.0000186 seconds
[2019-12-09T03:24:37.147+0000][1][safepoint    ] Application time: 1.0000783 seconds
[2019-12-09T03:24:37.148+0000][1][safepoint    ] Entering safepoint region: Cleanup
[2019-12-09T03:24:37.148+0000][1][safepoint    ] Leaving safepoint region
[2019-12-09T03:24:37.148+0000][1][safepoint    ] Total time for which application threads were stopped: 0.0000860 seconds, Stopping threads took: 0.0000167 seconds
[2019-12-09T03:24:38.148+0000][1][safepoint    ] Application time: 1.0000788 seconds
[2019-12-09T03:24:38.148+0000][1][safepoint    ] Entering safepoint region: Cleanup
[2019-12-09T03:24:38.148+0000][1][safepoint    ] Leaving safepoint region
[2019-12-09T03:24:38.148+0000][1][safepoint    ] Total time for which application threads were stopped: 0.0000899 seconds, Stopping threads took: 0.0000176 seconds
[2019-12-09T03:24:39.148+0000][1][safepoint    ] Application time: 1.0000786 seconds
[2019-12-09T03:24:39.148+0000][1][safepoint    ] Entering safepoint region: Cleanup
[2019-12-09T03:24:39.148+0000][1][safepoint    ] Leaving safepoint region
[2019-12-09T03:24:39.148+0000][1][safepoint    ] Total time for which application threads were stopped: 0.0000899 seconds, Stopping threads took: 0.0000178 seconds
[2019-12-09T03:24:40.148+0000][1][safepoint    ] Application time: 1.0000811 seconds
[2019-12-09T03:24:40.148+0000][1][safepoint    ] Entering safepoint region: Cleanup
[2019-12-09T03:24:40.148+0000][1][safepoint    ] Leaving safepoint region
[2019-12-09T03:24:40.148+0000][1][safepoint    ] Total time for which application threads were stopped: 0.0000926 seconds, Stopping threads took: 0.0000210 seconds
[2019-12-09T03:24:41.148+0000][1][safepoint    ] Application time: 1.0000788 seconds
[2019-12-09T03:24:41.148+0000][1][safepoint    ] Entering safepoint region: Cleanup
[2019-12-09T03:24:41.148+0000][1][safepoint    ] Leaving safepoint region
[2019-12-09T03:24:41.148+0000][1][safepoint    ] Total time for which application threads were stopped: 0.0000952 seconds, Stopping threads took: 0.0000197 seconds
[2019-12-09T03:24:44.149+0000][1][safepoint    ] Application time: 3.0002136 seconds
[2019-12-09T03:24:44.149+0000][1][safepoint    ] Entering safepoint region: Cleanup
[2019-12-09T03:24:44.149+0000][1][safepoint    ] Leaving safepoint region
[2019-12-09T03:24:44.149+0000][1][safepoint    ] Total time for which application threads were stopped: 0.0000870 seconds, Stopping threads took: 0.0000164 seconds
[2019-12-09T03:24:45.149+0000][1][safepoint    ] Application time: 1.0000768 seconds
[2019-12-09T03:24:45.149+0000][1][safepoint    ] Entering safepoint region: Cleanup
[2019-12-09T03:24:45.149+0000][1][safepoint    ] Leaving safepoint region
[2019-12-09T03:24:45.149+0000][1][safepoint    ] Total time for which application threads were stopped: 0.0000932 seconds, Stopping threads took: 0.0000181 seconds
[2019-12-09T03:24:47.149+0000][1][safepoint    ] Application time: 2.0001463 seconds
[2019-12-09T03:24:47.149+0000][1][safepoint    ] Entering safepoint region: Cleanup
[2019-12-09T03:24:47.149+0000][1][safepoint    ] Leaving safepoint region
[2019-12-09T03:24:47.149+0000][1][safepoint    ] Total time for which application threads were stopped: 0.0000901 seconds, Stopping threads took: 0.0000180 seconds
[2019-12-09T03:24:49.149+0000][1][safepoint    ] Application time: 2.0001439 seconds
[2019-12-09T03:24:49.149+0000][1][safepoint    ] Entering safepoint region: Cleanup
[2019-12-09T03:24:49.150+0000][1][safepoint    ] Leaving safepoint region
[2019-12-09T03:24:49.150+0000][1][safepoint    ] Total time for which application threads were stopped: 0.0000931 seconds, Stopping threads took: 0.0000178 seconds
[2019-12-09T03:24:52.150+0000][1][safepoint    ] Application time: 3.0002128 seconds
[2019-12-09T03:24:52.150+0000][1][safepoint    ] Entering safepoint region: Cleanup
[2019-12-09T03:24:52.150+0000][1][safepoint    ] Leaving safepoint region
[2019-12-09T03:24:52.150+0000][1][safepoint    ] Total time for which application threads were stopped: 0.0000892 seconds, Stopping threads took: 0.0000190 seconds
[2019-12-09T03:24:54.150+0000][1][safepoint    ] Application time: 2.0001460 seconds
[2019-12-09T03:24:54.150+0000][1][safepoint    ] Entering safepoint region: Cleanup
[2019-12-09T03:24:54.150+0000][1][safepoint    ] Leaving safepoint region
[2019-12-09T03:24:54.150+0000][1][safepoint    ] Total time for which application threads were stopped: 0.0000880 seconds, Stopping threads took: 0.0000186 seconds
[2019-12-09T03:24:55.150+0000][1][safepoint    ] Application time: 1.0000792 seconds
[2019-12-09T03:24:55.150+0000][1][safepoint    ] Entering safepoint region: Cleanup
[2019-12-09T03:24:55.150+0000][1][safepoint    ] Leaving safepoint region
[2019-12-09T03:24:55.150+0000][1][safepoint    ] Total time for which application threads were stopped: 0.0000896 seconds, Stopping threads took: 0.0000180 seconds
[2019-12-09T03:24:56.150+0000][1][safepoint    ] Application time: 1.0000793 seconds
[2019-12-09T03:24:56.151+0000][1][safepoint    ] Entering safepoint region: Cleanup
[2019-12-09T03:24:56.151+0000][1][safepoint    ] Leaving safepoint region
[2019-12-09T03:24:56.151+0000][1][safepoint    ] Total time for which application threads were stopped: 0.0000936 seconds, Stopping threads took: 0.0000179 seconds
[2019-12-09T03:24:59.151+0000][1][safepoint    ] Application time: 3.0002127 seconds
[2019-12-09T03:24:59.151+0000][1][safepoint    ] Entering safepoint region: Cleanup
[2019-12-09T03:24:59.151+0000][1][safepoint    ] Leaving safepoint region
[2019-12-09T03:24:59.151+0000][1][safepoint    ] Total time for which application threads were stopped: 0.0000960 seconds, Stopping threads took: 0.0000255 seconds
[2019-12-09T03:25:01.151+0000][1][safepoint    ] Application time: 2.0001549 seconds
[2019-12-09T03:25:01.151+0000][1][safepoint    ] Entering safepoint region: Cleanup
[2019-12-09T03:25:01.151+0000][1][safepoint    ] Leaving safepoint region
[2019-12-09T03:25:01.151+0000][1][safepoint    ] Total time for which application threads were stopped: 0.0000984 seconds, Stopping threads took: 0.0000213 seconds
[2019-12-09T03:25:03.151+0000][1][safepoint    ] Application time: 2.0001471 seconds
[2019-12-09T03:25:03.151+0000][1][safepoint    ] Entering safepoint region: Cleanup
[2019-12-09T03:25:03.152+0000][1][safepoint    ] Leaving safepoint region
[2019-12-09T03:25:03.152+0000][1][safepoint    ] Total time for which application threads were stopped: 0.0000897 seconds, Stopping threads took: 0.0000182 seconds
[2019-12-09T03:25:05.152+0000][1][safepoint    ] Application time: 2.0001442 seconds
[2019-12-09T03:25:05.152+0000][1][safepoint    ] Entering safepoint region: Cleanup
[2019-12-09T03:25:05.152+0000][1][safepoint    ] Leaving safepoint region
[2019-12-09T03:25:05.152+0000][1][safepoint    ] Total time for which application threads were stopped: 0.0000885 seconds, Stopping threads took: 0.0000175 seconds
[2019-12-09T03:25:06.152+0000][1][safepoint    ] Application time: 1.0000789 seconds
[2019-12-09T03:25:06.152+0000][1][safepoint    ] Entering safepoint region: Cleanup
[2019-12-09T03:25:06.152+0000][1][safepoint    ] Leaving safepoint region
[2019-12-09T03:25:06.152+0000][1][safepoint    ] Total time for which application threads were stopped: 0.0000918 seconds, Stopping threads took: 0.0000174 seconds
[2019-12-09T03:25:07.152+0000][1][safepoint    ] Application time: 1.0000777 seconds
[2019-12-09T03:25:07.152+0000][1][safepoint    ] Entering safepoint region: Cleanup
[2019-12-09T03:25:07.152+0000][1][safepoint    ] Leaving safepoint region
[2019-12-09T03:25:07.152+0000][1][safepoint    ] Total time for which application threads were stopped: 0.0000890 seconds, Stopping threads took: 0.0000174 seconds
[2019-12-09T03:25:09.152+0000][1][safepoint    ] Application time: 2.0001463 seconds
[2019-12-09T03:25:09.152+0000][1][safepoint    ] Entering safepoint region: Cleanup
[2019-12-09T03:25:09.153+0000][1][safepoint    ] Leaving safepoint region
[2019-12-09T03:25:09.153+0000][1][safepoint    ] Total time for which application threads were stopped: 0.0000899 seconds, Stopping threads took: 0.0000185 seconds
[2019-12-09T03:25:10.153+0000][1][safepoint    ] Application time: 1.0000803 seconds
[2019-12-09T03:25:10.153+0000][1][safepoint    ] Entering safepoint region: Cleanup
[2019-12-09T03:25:10.153+0000][1][safepoint    ] Leaving safepoint region
[2019-12-09T03:25:10.153+0000][1][safepoint    ] Total time for which application threads were stopped: 0.0000918 seconds, Stopping threads took: 0.0000181 seconds
[2019-12-09T03:25:15.153+0000][1][safepoint    ] Application time: 5.0003499 seconds
[2019-12-09T03:25:15.153+0000][1][safepoint    ] Entering safepoint region: Cleanup
[2019-12-09T03:25:15.153+0000][1][safepoint    ] Leaving safepoint region
[2019-12-09T03:25:15.153+0000][1][safepoint    ] Total time for which application threads were stopped: 0.0000912 seconds, Stopping threads took: 0.0000190 seconds
[2019-12-09T03:25:16.153+0000][1][safepoint    ] Application time: 1.0000769 seconds
[2019-12-09T03:25:16.153+0000][1][safepoint    ] Entering safepoint region: Cleanup
[2019-12-09T03:25:16.153+0000][1][safepoint    ] Leaving safepoint region
[2019-12-09T03:25:16.153+0000][1][safepoint    ] Total time for which application threads were stopped: 0.0000917 seconds, Stopping threads took: 0.0000191 seconds
[2019-12-09T03:25:17.154+0000][1][safepoint    ] Application time: 1.0000781 seconds
[2019-12-09T03:25:17.154+0000][1][safepoint    ] Entering safepoint region: Cleanup
[2019-12-09T03:25:17.154+0000][1][safepoint    ] Leaving safepoint region
[2019-12-09T03:25:17.154+0000][1][safepoint    ] Total time for which application threads were stopped: 0.0000997 seconds, Stopping threads took: 0.0000194 seconds
[2019-12-09T03:25:18.154+0000][1][safepoint    ] Application time: 1.0000796 seconds
[2019-12-09T03:25:18.154+0000][1][safepoint    ] Entering safepoint region: Cleanup
[2019-12-09T03:25:18.154+0000][1][safepoint    ] Leaving safepoint region
[2019-12-09T03:25:18.154+0000][1][safepoint    ] Total time for which application threads were stopped: 0.0000948 seconds, Stopping threads took: 0.0000177 seconds
[2019-12-09T03:25:19.154+0000][1][safepoint    ] Application time: 1.0000798 seconds
[2019-12-09T03:25:19.154+0000][1][safepoint    ] Entering safepoint region: Cleanup
[2019-12-09T03:25:19.154+0000][1][safepoint    ] Leaving safepoint region
[2019-12-09T03:25:19.154+0000][1][safepoint    ] Total time for which application threads were stopped: 0.0000884 seconds, Stopping threads took: 0.0000177 seconds
[2019-12-09T03:25:20.154+0000][1][safepoint    ] Application time: 1.0000791 seconds
[2019-12-09T03:25:20.154+0000][1][safepoint    ] Entering safepoint region: Cleanup
[2019-12-09T03:25:20.154+0000][1][safepoint    ] Leaving safepoint region
[2019-12-09T03:25:20.154+0000][1][safepoint    ] Total time for which application threads were stopped: 0.0000908 seconds, Stopping threads took: 0.0000174 seconds
[2019-12-09T03:25:21.154+0000][1][safepoint    ] Application time: 1.0000765 seconds
[2019-12-09T03:25:21.154+0000][1][safepoint    ] Entering safepoint region: Cleanup
[2019-12-09T03:25:21.155+0000][1][safepoint    ] Leaving safepoint region
[2019-12-09T03:25:21.155+0000][1][safepoint    ] Total time for which application threads were stopped: 0.0000887 seconds, Stopping threads took: 0.0000183 seconds
[2019-12-09T03:25:32.155+0000][1][safepoint    ] Application time: 11.0007590 seconds
[2019-12-09T03:25:32.155+0000][1][safepoint    ] Entering safepoint region: Cleanup
[2019-12-09T03:25:32.155+0000][1][safepoint    ] Leaving safepoint region
[2019-12-09T03:25:32.155+0000][1][safepoint    ] Total time for which application threads were stopped: 0.0000994 seconds, Stopping threads took: 0.0000270 seconds
[2019-12-09T03:25:33.156+0000][1][safepoint    ] Application time: 1.0000789 seconds
[2019-12-09T03:25:33.156+0000][1][safepoint    ] Entering safepoint region: Cleanup
[2019-12-09T03:25:33.156+0000][1][safepoint    ] Leaving safepoint region
[2019-12-09T03:25:33.156+0000][1][safepoint    ] Total time for which application threads were stopped: 0.0001040 seconds, Stopping threads took: 0.0000174 seconds
[2019-12-09T03:25:35.156+0000][1][safepoint    ] Application time: 2.0001569 seconds
[2019-12-09T03:25:35.156+0000][1][safepoint    ] Entering safepoint region: Cleanup
[2019-12-09T03:25:35.156+0000][1][safepoint    ] Leaving safepoint region
[2019-12-09T03:25:35.156+0000][1][safepoint    ] Total time for which application threads were stopped: 0.0000875 seconds, Stopping threads took: 0.0000180 seconds
[2019-12-09T03:25:37.156+0000][1][safepoint    ] Application time: 2.0001480 seconds
[2019-12-09T03:25:37.156+0000][1][safepoint    ] Entering safepoint region: Cleanup
[2019-12-09T03:25:37.156+0000][1][safepoint    ] Leaving safepoint region
[2019-12-09T03:25:37.156+0000][1][safepoint    ] Total time for which application threads were stopped: 0.0000913 seconds, Stopping threads took: 0.0000177 seconds
[2019-12-09T03:25:41.157+0000][1][safepoint    ] Application time: 4.0003077 seconds
[2019-12-09T03:25:41.157+0000][1][safepoint    ] Entering safepoint region: Cleanup
[2019-12-09T03:25:41.157+0000][1][safepoint    ] Leaving safepoint region
[2019-12-09T03:25:41.157+0000][1][safepoint    ] Total time for which application threads were stopped: 0.0001409 seconds, Stopping threads took: 0.0000246 seconds
[2019-12-09T03:25:42.157+0000][1][safepoint    ] Application time: 1.0000831 seconds
[2019-12-09T03:25:42.157+0000][1][safepoint    ] Entering safepoint region: Cleanup
[2019-12-09T03:25:42.157+0000][1][safepoint    ] Leaving safepoint region
[2019-12-09T03:25:42.157+0000][1][safepoint    ] Total time for which application threads were stopped: 0.0001314 seconds, Stopping threads took: 0.0000361 seconds
[2019-12-09T03:25:44.157+0000][1][safepoint    ] Application time: 2.0001472 seconds
[2019-12-09T03:25:44.157+0000][1][safepoint    ] Entering safepoint region: Cleanup
[2019-12-09T03:25:44.157+0000][1][safepoint    ] Leaving safepoint region
[2019-12-09T03:25:44.157+0000][1][safepoint    ] Total time for which application threads were stopped: 0.0000889 seconds, Stopping threads took: 0.0000185 seconds
[2019-12-09T03:25:44.985+0000][1][safepoint    ] Application time: 0.8278610 seconds
[2019-12-09T03:25:44.985+0000][1][safepoint    ] Entering safepoint region: GenCollectForAllocation
[2019-12-09T03:25:44.985+0000][1][gc,start     ] GC(25) Pause Young (Allocation Failure)
[2019-12-09T03:25:44.985+0000][1][gc,task      ] GC(25) Using 2 workers of 2 for evacuation
[2019-12-09T03:25:45.002+0000][1][gc,age       ] GC(25) Desired survivor size 4456448 bytes, new threshold 6 (max threshold 6)
[2019-12-09T03:25:45.002+0000][1][gc,age       ] GC(25) Age table with threshold 6 (max threshold 6)
[2019-12-09T03:25:45.002+0000][1][gc,age       ] GC(25) - age   1:      29608 bytes,      29608 total
[2019-12-09T03:25:45.002+0000][1][gc,age       ] GC(25) - age   2:    1866616 bytes,    1896224 total
[2019-12-09T03:25:45.002+0000][1][gc,heap      ] GC(25) ParNew: 76859K->5764K(78656K)
[2019-12-09T03:25:45.002+0000][1][gc,heap      ] GC(25) CMS: 64101K->67752K(174784K)
[2019-12-09T03:25:45.002+0000][1][gc,metaspace ] GC(25) Metaspace: 68640K->68640K(1112064K)
[2019-12-09T03:25:45.002+0000][1][gc           ] GC(25) Pause Young (Allocation Failure) 137M->71M(247M) 16.776ms
[2019-12-09T03:25:45.002+0000][1][gc,cpu       ] GC(25) User=0.03s Sys=0.00s Real=0.01s
[2019-12-09T03:25:45.002+0000][1][safepoint    ] Leaving safepoint region
[2019-12-09T03:25:45.002+0000][1][safepoint    ] Total time for which application threads were stopped: 0.0169657 seconds, Stopping threads took: 0.0000175 seconds
[2019-12-09T03:25:46.002+0000][1][safepoint    ] Application time: 1.0000935 seconds
[2019-12-09T03:25:46.002+0000][1][safepoint    ] Entering safepoint region: Cleanup
[2019-12-09T03:25:46.002+0000][1][safepoint    ] Leaving safepoint region
[2019-12-09T03:25:46.002+0000][1][safepoint    ] Total time for which application threads were stopped: 0.0000905 seconds, Stopping threads took: 0.0000176 seconds
[2019-12-09T03:25:52.003+0000][1][safepoint    ] Application time: 6.0004061 seconds
[2019-12-09T03:25:52.003+0000][1][safepoint    ] Entering safepoint region: Cleanup
[2019-12-09T03:25:52.003+0000][1][safepoint    ] Leaving safepoint region
[2019-12-09T03:25:52.003+0000][1][safepoint    ] Total time for which application threads were stopped: 0.0000928 seconds, Stopping threads took: 0.0000205 seconds
[2019-12-09T03:25:53.003+0000][1][safepoint    ] Application time: 1.0000785 seconds
[2019-12-09T03:25:53.003+0000][1][safepoint    ] Entering safepoint region: Cleanup
[2019-12-09T03:25:53.003+0000][1][safepoint    ] Leaving safepoint region
[2019-12-09T03:25:53.003+0000][1][safepoint    ] Total time for which application threads were stopped: 0.0000931 seconds, Stopping threads took: 0.0000190 seconds
[2019-12-09T03:25:54.003+0000][1][safepoint    ] Application time: 1.0000658 seconds
[2019-12-09T03:25:54.003+0000][1][safepoint    ] Entering safepoint region: Cleanup
[2019-12-09T03:25:54.003+0000][1][safepoint    ] Leaving safepoint region
[2019-12-09T03:25:54.003+0000][1][safepoint    ] Total time for which application threads were stopped: 0.0001080 seconds, Stopping threads took: 0.0000344 seconds
[2019-12-09T03:26:02.004+0000][1][safepoint    ] Application time: 8.0005528 seconds
[2019-12-09T03:26:02.004+0000][1][safepoint    ] Entering safepoint region: Cleanup
[2019-12-09T03:26:02.004+0000][1][safepoint    ] Leaving safepoint region
[2019-12-09T03:26:02.004+0000][1][safepoint    ] Total time for which application threads were stopped: 0.0001107 seconds, Stopping threads took: 0.0000285 seconds
[2019-12-09T03:26:05.004+0000][1][safepoint    ] Application time: 3.0002102 seconds
[2019-12-09T03:26:05.004+0000][1][safepoint    ] Entering safepoint region: Cleanup
[2019-12-09T03:26:05.004+0000][1][safepoint    ] Leaving safepoint region
[2019-12-09T03:26:05.004+0000][1][safepoint    ] Total time for which application threads were stopped: 0.0000911 seconds, Stopping threads took: 0.0000186 seconds
[2019-12-09T03:26:06.005+0000][1][safepoint    ] Application time: 1.0000766 seconds
[2019-12-09T03:26:06.005+0000][1][safepoint    ] Entering safepoint region: Cleanup
[2019-12-09T03:26:06.005+0000][1][safepoint    ] Leaving safepoint region
[2019-12-09T03:26:06.005+0000][1][safepoint    ] Total time for which application threads were stopped: 0.0000887 seconds, Stopping threads took: 0.0000177 seconds
[2019-12-09T03:26:14.005+0000][1][safepoint    ] Application time: 8.0005503 seconds
[2019-12-09T03:26:14.005+0000][1][safepoint    ] Entering safepoint region: Cleanup
[2019-12-09T03:26:14.005+0000][1][safepoint    ] Leaving safepoint region
[2019-12-09T03:26:14.005+0000][1][safepoint    ] Total time for which application threads were stopped: 0.0000901 seconds, Stopping threads took: 0.0000187 seconds
[2019-12-09T03:26:15.005+0000][1][safepoint    ] Application time: 1.0000806 seconds
[2019-12-09T03:26:15.005+0000][1][safepoint    ] Entering safepoint region: Cleanup
[2019-12-09T03:26:15.006+0000][1][safepoint    ] Leaving safepoint region
[2019-12-09T03:26:15.006+0000][1][safepoint    ] Total time for which application threads were stopped: 0.0000918 seconds, Stopping threads took: 0.0000183 seconds
[2019-12-09T03:26:16.006+0000][1][safepoint    ] Application time: 1.0000814 seconds
[2019-12-09T03:26:16.006+0000][1][safepoint    ] Entering safepoint region: Cleanup
[2019-12-09T03:26:16.006+0000][1][safepoint    ] Leaving safepoint region
[2019-12-09T03:26:16.006+0000][1][safepoint    ] Total time for which application threads were stopped: 0.0000961 seconds, Stopping threads took: 0.0000188 seconds
[2019-12-09T03:26:18.006+0000][1][safepoint    ] Application time: 2.0001452 seconds
[2019-12-09T03:26:18.006+0000][1][safepoint    ] Entering safepoint region: Cleanup
[2019-12-09T03:26:18.006+0000][1][safepoint    ] Leaving safepoint region
[2019-12-09T03:26:18.006+0000][1][safepoint    ] Total time for which application threads were stopped: 0.0000935 seconds, Stopping threads took: 0.0000184 seconds
[2019-12-09T03:26:19.006+0000][1][safepoint    ] Application time: 1.0000834 seconds
[2019-12-09T03:26:19.006+0000][1][safepoint    ] Entering safepoint region: Cleanup
[2019-12-09T03:26:19.006+0000][1][safepoint    ] Leaving safepoint region
[2019-12-09T03:26:19.006+0000][1][safepoint    ] Total time for which application threads were stopped: 0.0000959 seconds, Stopping threads took: 0.0000202 seconds
[2019-12-09T03:26:21.006+0000][1][safepoint    ] Application time: 2.0001515 seconds
[2019-12-09T03:26:21.007+0000][1][safepoint    ] Entering safepoint region: Cleanup
[2019-12-09T03:26:21.007+0000][1][safepoint    ] Leaving safepoint region
[2019-12-09T03:26:21.007+0000][1][safepoint    ] Total time for which application threads were stopped: 0.0000914 seconds, Stopping threads took: 0.0000192 seconds
[2019-12-09T03:26:33.007+0000][1][safepoint    ] Application time: 12.0008496 seconds
[2019-12-09T03:26:33.008+0000][1][safepoint    ] Entering safepoint region: Cleanup
[2019-12-09T03:26:33.008+0000][1][safepoint    ] Leaving safepoint region
[2019-12-09T03:26:33.008+0000][1][safepoint    ] Total time for which application threads were stopped: 0.0000987 seconds, Stopping threads took: 0.0000271 seconds
[2019-12-09T03:26:35.008+0000][1][safepoint    ] Application time: 2.0001502 seconds
[2019-12-09T03:26:35.008+0000][1][safepoint    ] Entering safepoint region: Cleanup
[2019-12-09T03:26:35.008+0000][1][safepoint    ] Leaving safepoint region
[2019-12-09T03:26:35.008+0000][1][safepoint    ] Total time for which application threads were stopped: 0.0000977 seconds, Stopping threads took: 0.0000201 seconds
[2019-12-09T03:26:36.008+0000][1][safepoint    ] Application time: 1.0000790 seconds
[2019-12-09T03:26:36.008+0000][1][safepoint    ] Entering safepoint region: Cleanup
[2019-12-09T03:26:36.008+0000][1][safepoint    ] Leaving safepoint region
[2019-12-09T03:26:36.008+0000][1][safepoint    ] Total time for which application threads were stopped: 0.0000945 seconds, Stopping threads took: 0.0000187 seconds
[2019-12-09T03:26:37.008+0000][1][safepoint    ] Application time: 1.0000815 seconds
[2019-12-09T03:26:37.008+0000][1][safepoint    ] Entering safepoint region: Cleanup
[2019-12-09T03:26:37.008+0000][1][safepoint    ] Leaving safepoint region
[2019-12-09T03:26:37.008+0000][1][safepoint    ] Total time for which application threads were stopped: 0.0000922 seconds, Stopping threads took: 0.0000184 seconds
[2019-12-09T03:26:39.008+0000][1][safepoint    ] Application time: 2.0001464 seconds
[2019-12-09T03:26:39.009+0000][1][safepoint    ] Entering safepoint region: Cleanup
[2019-12-09T03:26:39.009+0000][1][safepoint    ] Leaving safepoint region
[2019-12-09T03:26:39.009+0000][1][safepoint    ] Total time for which application threads were stopped: 0.0000918 seconds, Stopping threads took: 0.0000175 seconds
[2019-12-09T03:26:42.009+0000][1][safepoint    ] Application time: 3.0002216 seconds
[2019-12-09T03:26:42.009+0000][1][safepoint    ] Entering safepoint region: Cleanup
[2019-12-09T03:26:42.009+0000][1][safepoint    ] Leaving safepoint region
[2019-12-09T03:26:42.009+0000][1][safepoint    ] Total time for which application threads were stopped: 0.0000977 seconds, Stopping threads took: 0.0000186 seconds
[2019-12-09T03:26:45.009+0000][1][safepoint    ] Application time: 3.0002100 seconds
[2019-12-09T03:26:45.009+0000][1][safepoint    ] Entering safepoint region: Cleanup
[2019-12-09T03:26:45.009+0000][1][safepoint    ] Leaving safepoint region
[2019-12-09T03:26:45.009+0000][1][safepoint    ] Total time for which application threads were stopped: 0.0000925 seconds, Stopping threads took: 0.0000189 seconds
[2019-12-09T03:26:49.010+0000][1][safepoint    ] Application time: 4.0002602 seconds
[2019-12-09T03:26:49.010+0000][1][safepoint    ] Entering safepoint region: Cleanup
[2019-12-09T03:26:49.010+0000][1][safepoint    ] Leaving safepoint region
[2019-12-09T03:26:49.010+0000][1][safepoint    ] Total time for which application threads were stopped: 0.0001041 seconds, Stopping threads took: 0.0000191 seconds
[2019-12-09T03:26:51.010+0000][1][safepoint    ] Application time: 2.0001454 seconds
[2019-12-09T03:26:51.010+0000][1][safepoint    ] Entering safepoint region: Cleanup
[2019-12-09T03:26:51.010+0000][1][safepoint    ] Leaving safepoint region
[2019-12-09T03:26:51.010+0000][1][safepoint    ] Total time for which application threads were stopped: 0.0000876 seconds, Stopping threads took: 0.0000170 seconds
[2019-12-09T03:26:53.010+0000][1][safepoint    ] Application time: 2.0001425 seconds
[2019-12-09T03:26:53.010+0000][1][safepoint    ] Entering safepoint region: Cleanup
[2019-12-09T03:26:53.010+0000][1][safepoint    ] Leaving safepoint region
[2019-12-09T03:26:53.010+0000][1][safepoint    ] Total time for which application threads were stopped: 0.0000903 seconds, Stopping threads took: 0.0000187 seconds
[2019-12-09T03:26:55.010+0000][1][safepoint    ] Application time: 2.0001086 seconds
[2019-12-09T03:26:55.010+0000][1][safepoint    ] Entering safepoint region: Cleanup
[2019-12-09T03:26:55.010+0000][1][safepoint    ] Leaving safepoint region
[2019-12-09T03:26:55.011+0000][1][safepoint    ] Total time for which application threads were stopped: 0.0000930 seconds, Stopping threads took: 0.0000186 seconds
[2019-12-09T03:26:56.011+0000][1][safepoint    ] Application time: 1.0000790 seconds
[2019-12-09T03:26:56.011+0000][1][safepoint    ] Entering safepoint region: Cleanup
[2019-12-09T03:26:56.011+0000][1][safepoint    ] Leaving safepoint region
[2019-12-09T03:26:56.011+0000][1][safepoint    ] Total time for which application threads were stopped: 0.0001009 seconds, Stopping threads took: 0.0000187 seconds
[2019-12-09T03:26:57.011+0000][1][safepoint    ] Application time: 1.0000754 seconds
[2019-12-09T03:26:57.011+0000][1][safepoint    ] Entering safepoint region: Cleanup
[2019-12-09T03:26:57.011+0000][1][safepoint    ] Leaving safepoint region
[2019-12-09T03:26:57.011+0000][1][safepoint    ] Total time for which application threads were stopped: 0.0000873 seconds, Stopping threads took: 0.0000176 seconds
[2019-12-09T03:26:58.011+0000][1][safepoint    ] Application time: 1.0000794 seconds
[2019-12-09T03:26:58.011+0000][1][safepoint    ] Entering safepoint region: Cleanup
[2019-12-09T03:26:58.011+0000][1][safepoint    ] Leaving safepoint region
[2019-12-09T03:26:58.011+0000][1][safepoint    ] Total time for which application threads were stopped: 0.0000915 seconds, Stopping threads took: 0.0000177 seconds
[2019-12-09T03:27:06.012+0000][1][safepoint    ] Application time: 8.0005672 seconds
[2019-12-09T03:27:06.012+0000][1][safepoint    ] Entering safepoint region: Cleanup
[2019-12-09T03:27:06.012+0000][1][safepoint    ] Leaving safepoint region
[2019-12-09T03:27:06.012+0000][1][safepoint    ] Total time for which application threads were stopped: 0.0001041 seconds, Stopping threads took: 0.0000260 seconds
[2019-12-09T03:27:12.012+0000][1][safepoint    ] Application time: 6.0004149 seconds
[2019-12-09T03:27:12.012+0000][1][safepoint    ] Entering safepoint region: Cleanup
[2019-12-09T03:27:12.012+0000][1][safepoint    ] Leaving safepoint region
[2019-12-09T03:27:12.012+0000][1][safepoint    ] Total time for which application threads were stopped: 0.0000905 seconds, Stopping threads took: 0.0000184 seconds
[2019-12-09T03:27:18.013+0000][1][safepoint    ] Application time: 6.0004070 seconds
[2019-12-09T03:27:18.013+0000][1][safepoint    ] Entering safepoint region: Cleanup
[2019-12-09T03:27:18.013+0000][1][safepoint    ] Leaving safepoint region
[2019-12-09T03:27:18.013+0000][1][safepoint    ] Total time for which application threads were stopped: 0.0000897 seconds, Stopping threads took: 0.0000190 seconds
[2019-12-09T03:27:20.013+0000][1][safepoint    ] Application time: 2.0001455 seconds
[2019-12-09T03:27:20.013+0000][1][safepoint    ] Entering safepoint region: Cleanup
[2019-12-09T03:27:20.013+0000][1][safepoint    ] Leaving safepoint region
[2019-12-09T03:27:20.013+0000][1][safepoint    ] Total time for which application threads were stopped: 0.0000925 seconds, Stopping threads took: 0.0000194 seconds
[2019-12-09T03:27:24.014+0000][1][safepoint    ] Application time: 4.0002862 seconds
[2019-12-09T03:27:24.014+0000][1][safepoint    ] Entering safepoint region: Cleanup
[2019-12-09T03:27:24.014+0000][1][safepoint    ] Leaving safepoint region
[2019-12-09T03:27:24.014+0000][1][safepoint    ] Total time for which application threads were stopped: 0.0000915 seconds, Stopping threads took: 0.0000192 seconds
[2019-12-09T03:27:25.014+0000][1][safepoint    ] Application time: 1.0000899 seconds
[2019-12-09T03:27:25.014+0000][1][safepoint    ] Entering safepoint region: Cleanup
[2019-12-09T03:27:25.014+0000][1][safepoint    ] Leaving safepoint region
[2019-12-09T03:27:25.014+0000][1][safepoint    ] Total time for which application threads were stopped: 0.0000890 seconds, Stopping threads took: 0.0000175 seconds
[2019-12-09T03:27:28.014+0000][1][safepoint    ] Application time: 3.0002141 seconds
[2019-12-09T03:27:28.014+0000][1][safepoint    ] Entering safepoint region: Cleanup
[2019-12-09T03:27:28.014+0000][1][safepoint    ] Leaving safepoint region
[2019-12-09T03:27:28.014+0000][1][safepoint    ] Total time for which application threads were stopped: 0.0000895 seconds, Stopping threads took: 0.0000193 seconds
[2019-12-09T03:27:31.014+0000][1][safepoint    ] Application time: 3.0002287 seconds
[2019-12-09T03:27:31.015+0000][1][safepoint    ] Entering safepoint region: Cleanup
[2019-12-09T03:27:31.015+0000][1][safepoint    ] Leaving safepoint region
[2019-12-09T03:27:31.015+0000][1][safepoint    ] Total time for which application threads were stopped: 0.0000901 seconds, Stopping threads took: 0.0000210 seconds
[2019-12-09T03:27:46.016+0000][1][safepoint    ] Application time: 15.0010472 seconds
[2019-12-09T03:27:46.016+0000][1][safepoint    ] Entering safepoint region: Cleanup
[2019-12-09T03:27:46.016+0000][1][safepoint    ] Leaving safepoint region
[2019-12-09T03:27:46.016+0000][1][safepoint    ] Total time for which application threads were stopped: 0.0001087 seconds, Stopping threads took: 0.0000278 seconds
[2019-12-09T03:27:49.016+0000][1][safepoint    ] Application time: 3.0002111 seconds
[2019-12-09T03:27:49.016+0000][1][safepoint    ] Entering safepoint region: Cleanup
[2019-12-09T03:27:49.016+0000][1][safepoint    ] Leaving safepoint region
[2019-12-09T03:27:49.016+0000][1][safepoint    ] Total time for which application threads were stopped: 0.0000898 seconds, Stopping threads took: 0.0000175 seconds
[2019-12-09T03:27:50.053+0000][1][safepoint    ] Application time: 1.0369400 seconds
[2019-12-09T03:27:50.053+0000][1][safepoint    ] Entering safepoint region: GenCollectForAllocation
[2019-12-09T03:27:50.053+0000][1][gc,start     ] GC(26) Pause Young (Allocation Failure)
[2019-12-09T03:27:50.053+0000][1][gc,task      ] GC(26) Using 2 workers of 2 for evacuation
[2019-12-09T03:27:50.059+0000][1][gc,age       ] GC(26) Desired survivor size 4456448 bytes, new threshold 6 (max threshold 6)
[2019-12-09T03:27:50.059+0000][1][gc,age       ] GC(26) Age table with threshold 6 (max threshold 6)
[2019-12-09T03:27:50.059+0000][1][gc,age       ] GC(26) - age   1:      13552 bytes,      13552 total
[2019-12-09T03:27:50.059+0000][1][gc,age       ] GC(26) - age   2:      24360 bytes,      37912 total
[2019-12-09T03:27:50.059+0000][1][gc,age       ] GC(26) - age   3:    1866272 bytes,    1904184 total
[2019-12-09T03:27:50.059+0000][1][gc,heap      ] GC(26) ParNew: 75716K->2856K(78656K)
[2019-12-09T03:27:50.059+0000][1][gc,heap      ] GC(26) CMS: 67752K->67752K(174784K)
[2019-12-09T03:27:50.059+0000][1][gc,metaspace ] GC(26) Metaspace: 68879K->68879K(1112064K)
[2019-12-09T03:27:50.059+0000][1][gc           ] GC(26) Pause Young (Allocation Failure) 140M->68M(247M) 5.764ms
[2019-12-09T03:27:50.059+0000][1][gc,cpu       ] GC(26) User=0.01s Sys=0.00s Real=0.01s
[2019-12-09T03:27:50.059+0000][1][safepoint    ] Leaving safepoint region
[2019-12-09T03:27:50.059+0000][1][safepoint    ] Total time for which application threads were stopped: 0.0059231 seconds, Stopping threads took: 0.0000173 seconds
[2019-12-09T03:27:52.059+0000][1][safepoint    ] Application time: 2.0001610 seconds
[2019-12-09T03:27:52.059+0000][1][safepoint    ] Entering safepoint region: Cleanup
[2019-12-09T03:27:52.059+0000][1][safepoint    ] Leaving safepoint region
[2019-12-09T03:27:52.059+0000][1][safepoint    ] Total time for which application threads were stopped: 0.0000916 seconds, Stopping threads took: 0.0000189 seconds
[2019-12-09T03:27:53.059+0000][1][safepoint    ] Application time: 1.0000798 seconds
[2019-12-09T03:27:53.060+0000][1][safepoint    ] Entering safepoint region: Cleanup
[2019-12-09T03:27:53.060+0000][1][safepoint    ] Leaving safepoint region
[2019-12-09T03:27:53.060+0000][1][safepoint    ] Total time for which application threads were stopped: 0.0000965 seconds, Stopping threads took: 0.0000188 seconds
[2019-12-09T03:27:58.060+0000][1][safepoint    ] Application time: 5.0003219 seconds
[2019-12-09T03:27:58.060+0000][1][safepoint    ] Entering safepoint region: Cleanup
[2019-12-09T03:27:58.060+0000][1][safepoint    ] Leaving safepoint region
[2019-12-09T03:27:58.060+0000][1][safepoint    ] Total time for which application threads were stopped: 0.0000930 seconds, Stopping threads took: 0.0000169 seconds
[2019-12-09T03:27:59.060+0000][1][safepoint    ] Application time: 1.0000806 seconds
[2019-12-09T03:27:59.060+0000][1][safepoint    ] Entering safepoint region: Cleanup
[2019-12-09T03:27:59.060+0000][1][safepoint    ] Leaving safepoint region
[2019-12-09T03:27:59.060+0000][1][safepoint    ] Total time for which application threads were stopped: 0.0000967 seconds, Stopping threads took: 0.0000192 seconds
[2019-12-09T03:28:04.061+0000][1][safepoint    ] Application time: 5.0003473 seconds
[2019-12-09T03:28:04.061+0000][1][safepoint    ] Entering safepoint region: Cleanup
[2019-12-09T03:28:04.061+0000][1][safepoint    ] Leaving safepoint region
[2019-12-09T03:28:04.061+0000][1][safepoint    ] Total time for which application threads were stopped: 0.0001063 seconds, Stopping threads took: 0.0000338 seconds
[2019-12-09T03:28:10.061+0000][1][safepoint    ] Application time: 6.0004148 seconds
[2019-12-09T03:28:10.061+0000][1][safepoint    ] Entering safepoint region: Cleanup
[2019-12-09T03:28:10.061+0000][1][safepoint    ] Leaving safepoint region
[2019-12-09T03:28:10.061+0000][1][safepoint    ] Total time for which application threads were stopped: 0.0000986 seconds, Stopping threads took: 0.0000266 seconds
[2019-12-09T03:28:15.062+0000][1][safepoint    ] Application time: 5.0003746 seconds
[2019-12-09T03:28:15.062+0000][1][safepoint    ] Entering safepoint region: Cleanup
[2019-12-09T03:28:15.062+0000][1][safepoint    ] Leaving safepoint region
[2019-12-09T03:28:15.062+0000][1][safepoint    ] Total time for which application threads were stopped: 0.0005172 seconds, Stopping threads took: 0.0001015 seconds
[2019-12-09T03:28:19.063+0000][1][safepoint    ] Application time: 4.0003176 seconds
[2019-12-09T03:28:19.063+0000][1][safepoint    ] Entering safepoint region: Cleanup
[2019-12-09T03:28:19.063+0000][1][safepoint    ] Leaving safepoint region
[2019-12-09T03:28:19.063+0000][1][safepoint    ] Total time for which application threads were stopped: 0.0000906 seconds, Stopping threads took: 0.0000182 seconds
[2019-12-09T03:28:22.063+0000][1][safepoint    ] Application time: 3.0002166 seconds
[2019-12-09T03:28:22.063+0000][1][safepoint    ] Entering safepoint region: Cleanup
[2019-12-09T03:28:22.063+0000][1][safepoint    ] Leaving safepoint region
[2019-12-09T03:28:22.063+0000][1][safepoint    ] Total time for which application threads were stopped: 0.0001038 seconds, Stopping threads took: 0.0000194 seconds
[2019-12-09T03:28:24.063+0000][1][safepoint    ] Application time: 2.0001508 seconds
[2019-12-09T03:28:24.063+0000][1][safepoint    ] Entering safepoint region: Cleanup
[2019-12-09T03:28:24.063+0000][1][safepoint    ] Leaving safepoint region
[2019-12-09T03:28:24.063+0000][1][safepoint    ] Total time for which application threads were stopped: 0.0000879 seconds, Stopping threads took: 0.0000165 seconds
[2019-12-09T03:28:29.064+0000][1][safepoint    ] Application time: 5.0003550 seconds
[2019-12-09T03:28:29.064+0000][1][safepoint    ] Entering safepoint region: Cleanup
[2019-12-09T03:28:29.064+0000][1][safepoint    ] Leaving safepoint region
[2019-12-09T03:28:29.064+0000][1][safepoint    ] Total time for which application threads were stopped: 0.0000884 seconds, Stopping threads took: 0.0000169 seconds
[2019-12-09T03:28:32.064+0000][1][safepoint    ] Application time: 3.0002066 seconds
[2019-12-09T03:28:32.064+0000][1][safepoint    ] Entering safepoint region: Cleanup
[2019-12-09T03:28:32.064+0000][1][safepoint    ] Leaving safepoint region
[2019-12-09T03:28:32.064+0000][1][safepoint    ] Total time for which application threads were stopped: 0.0000923 seconds, Stopping threads took: 0.0000198 seconds
[2019-12-09T03:28:43.065+0000][1][safepoint    ] Application time: 11.0007469 seconds
[2019-12-09T03:28:43.065+0000][1][safepoint    ] Entering safepoint region: Cleanup
[2019-12-09T03:28:43.065+0000][1][safepoint    ] Leaving safepoint region
[2019-12-09T03:28:43.065+0000][1][safepoint    ] Total time for which application threads were stopped: 0.0001049 seconds, Stopping threads took: 0.0000268 seconds
[2019-12-09T03:28:51.066+0000][1][safepoint    ] Application time: 8.0005547 seconds
[2019-12-09T03:28:51.066+0000][1][safepoint    ] Entering safepoint region: Cleanup
[2019-12-09T03:28:51.066+0000][1][safepoint    ] Leaving safepoint region
[2019-12-09T03:28:51.066+0000][1][safepoint    ] Total time for which application threads were stopped: 0.0000872 seconds, Stopping threads took: 0.0000185 seconds
[2019-12-09T03:28:53.066+0000][1][safepoint    ] Application time: 2.0001410 seconds
[2019-12-09T03:28:53.066+0000][1][safepoint    ] Entering safepoint region: Cleanup
[2019-12-09T03:28:53.066+0000][1][safepoint    ] Leaving safepoint region
[2019-12-09T03:28:53.066+0000][1][safepoint    ] Total time for which application threads were stopped: 0.0000883 seconds, Stopping threads took: 0.0000190 seconds
[2019-12-09T03:28:56.066+0000][1][safepoint    ] Application time: 3.0002106 seconds
[2019-12-09T03:28:56.066+0000][1][safepoint    ] Entering safepoint region: Cleanup
[2019-12-09T03:28:56.066+0000][1][safepoint    ] Leaving safepoint region
[2019-12-09T03:28:56.066+0000][1][safepoint    ] Total time for which application threads were stopped: 0.0000832 seconds, Stopping threads took: 0.0000163 seconds
[2019-12-09T03:29:01.067+0000][1][safepoint    ] Application time: 5.0003537 seconds
[2019-12-09T03:29:01.067+0000][1][safepoint    ] Entering safepoint region: Cleanup
[2019-12-09T03:29:01.067+0000][1][safepoint    ] Leaving safepoint region
[2019-12-09T03:29:01.067+0000][1][safepoint    ] Total time for which application threads were stopped: 0.0001436 seconds, Stopping threads took: 0.0000282 seconds
[2019-12-09T03:29:09.068+0000][1][safepoint    ] Application time: 8.0005521 seconds
[2019-12-09T03:29:09.068+0000][1][safepoint    ] Entering safepoint region: Cleanup
[2019-12-09T03:29:09.068+0000][1][safepoint    ] Leaving safepoint region
[2019-12-09T03:29:09.068+0000][1][safepoint    ] Total time for which application threads were stopped: 0.0001013 seconds, Stopping threads took: 0.0000194 seconds
[2019-12-09T03:29:16.068+0000][1][safepoint    ] Application time: 7.0004808 seconds
[2019-12-09T03:29:16.068+0000][1][safepoint    ] Entering safepoint region: Cleanup
[2019-12-09T03:29:16.068+0000][1][safepoint    ] Leaving safepoint region
[2019-12-09T03:29:16.068+0000][1][safepoint    ] Total time for which application threads were stopped: 0.0000996 seconds, Stopping threads took: 0.0000259 seconds
[2019-12-09T03:29:23.069+0000][1][safepoint    ] Application time: 7.0004739 seconds
[2019-12-09T03:29:23.069+0000][1][safepoint    ] Entering safepoint region: Cleanup
[2019-12-09T03:29:23.069+0000][1][safepoint    ] Leaving safepoint region
[2019-12-09T03:29:23.069+0000][1][safepoint    ] Total time for which application threads were stopped: 0.0000898 seconds, Stopping threads took: 0.0000180 seconds
[2019-12-09T03:29:24.069+0000][1][safepoint    ] Application time: 1.0000755 seconds
[2019-12-09T03:29:24.069+0000][1][safepoint    ] Entering safepoint region: Cleanup
[2019-12-09T03:29:24.069+0000][1][safepoint    ] Leaving safepoint region
[2019-12-09T03:29:24.069+0000][1][safepoint    ] Total time for which application threads were stopped: 0.0000899 seconds, Stopping threads took: 0.0000180 seconds
[2019-12-09T03:29:26.069+0000][1][safepoint    ] Application time: 2.0001423 seconds
[2019-12-09T03:29:26.069+0000][1][safepoint    ] Entering safepoint region: Cleanup
[2019-12-09T03:29:26.069+0000][1][safepoint    ] Leaving safepoint region
[2019-12-09T03:29:26.069+0000][1][safepoint    ] Total time for which application threads were stopped: 0.0000886 seconds, Stopping threads took: 0.0000177 seconds
[2019-12-09T03:29:31.070+0000][1][safepoint    ] Application time: 5.0003399 seconds
[2019-12-09T03:29:31.070+0000][1][safepoint    ] Entering safepoint region: Cleanup
[2019-12-09T03:29:31.070+0000][1][safepoint    ] Leaving safepoint region
[2019-12-09T03:29:31.070+0000][1][safepoint    ] Total time for which application threads were stopped: 0.0000861 seconds, Stopping threads took: 0.0000162 seconds
[2019-12-09T03:29:32.070+0000][1][safepoint    ] Application time: 1.0000789 seconds
[2019-12-09T03:29:32.070+0000][1][safepoint    ] Entering safepoint region: Cleanup
[2019-12-09T03:29:32.070+0000][1][safepoint    ] Leaving safepoint region
[2019-12-09T03:29:32.070+0000][1][safepoint    ] Total time for which application threads were stopped: 0.0000918 seconds, Stopping threads took: 0.0000197 seconds
[2019-12-09T03:29:33.070+0000][1][safepoint    ] Application time: 1.0000773 seconds
[2019-12-09T03:29:33.070+0000][1][safepoint    ] Entering safepoint region: Cleanup
[2019-12-09T03:29:33.070+0000][1][safepoint    ] Leaving safepoint region
[2019-12-09T03:29:33.070+0000][1][safepoint    ] Total time for which application threads were stopped: 0.0000948 seconds, Stopping threads took: 0.0000185 seconds
[2019-12-09T03:29:36.071+0000][1][safepoint    ] Application time: 3.0002097 seconds
[2019-12-09T03:29:36.071+0000][1][safepoint    ] Entering safepoint region: Cleanup
[2019-12-09T03:29:36.071+0000][1][safepoint    ] Leaving safepoint region
[2019-12-09T03:29:36.071+0000][1][safepoint    ] Total time for which application threads were stopped: 0.0001103 seconds, Stopping threads took: 0.0000181 seconds
[2019-12-09T03:29:40.071+0000][1][safepoint    ] Application time: 4.0002927 seconds
[2019-12-09T03:29:40.071+0000][1][safepoint    ] Entering safepoint region: Cleanup
[2019-12-09T03:29:40.071+0000][1][safepoint    ] Leaving safepoint region
[2019-12-09T03:29:40.071+0000][1][safepoint    ] Total time for which application threads were stopped: 0.0000902 seconds, Stopping threads took: 0.0000183 seconds
[2019-12-09T03:29:41.071+0000][1][safepoint    ] Application time: 1.0000775 seconds
[2019-12-09T03:29:41.071+0000][1][safepoint    ] Entering safepoint region: Cleanup
[2019-12-09T03:29:41.071+0000][1][safepoint    ] Leaving safepoint region
[2019-12-09T03:29:41.071+0000][1][safepoint    ] Total time for which application threads were stopped: 0.0000876 seconds, Stopping threads took: 0.0000175 seconds
[2019-12-09T03:29:59.701+0000][1][safepoint    ] Application time: 18.6297671 seconds
[2019-12-09T03:29:59.701+0000][1][safepoint    ] Entering safepoint region: GenCollectForAllocation
[2019-12-09T03:29:59.701+0000][1][gc,start     ] GC(27) Pause Young (Allocation Failure)
[2019-12-09T03:29:59.701+0000][1][gc,task      ] GC(27) Using 2 workers of 2 for evacuation
[2019-12-09T03:29:59.707+0000][1][gc,age       ] GC(27) Desired survivor size 4456448 bytes, new threshold 6 (max threshold 6)
[2019-12-09T03:29:59.707+0000][1][gc,age       ] GC(27) Age table with threshold 6 (max threshold 6)
[2019-12-09T03:29:59.707+0000][1][gc,age       ] GC(27) - age   1:       8016 bytes,       8016 total
[2019-12-09T03:29:59.707+0000][1][gc,age       ] GC(27) - age   2:       8544 bytes,      16560 total
[2019-12-09T03:29:59.707+0000][1][gc,age       ] GC(27) - age   3:      24112 bytes,      40672 total
[2019-12-09T03:29:59.707+0000][1][gc,age       ] GC(27) - age   4:    1765968 bytes,    1806640 total
[2019-12-09T03:29:59.707+0000][1][gc,heap      ] GC(27) ParNew: 72808K->2806K(78656K)
[2019-12-09T03:29:59.707+0000][1][gc,heap      ] GC(27) CMS: 67752K->67752K(174784K)
[2019-12-09T03:29:59.707+0000][1][gc,metaspace ] GC(27) Metaspace: 68975K->68975K(1112064K)
[2019-12-09T03:29:59.707+0000][1][gc           ] GC(27) Pause Young (Allocation Failure) 137M->68M(247M) 5.674ms
[2019-12-09T03:29:59.707+0000][1][gc,cpu       ] GC(27) User=0.01s Sys=0.00s Real=0.01s
[2019-12-09T03:29:59.707+0000][1][safepoint    ] Leaving safepoint region
[2019-12-09T03:29:59.707+0000][1][safepoint    ] Total time for which application threads were stopped: 0.0058326 seconds, Stopping threads took: 0.0000252 seconds
[2019-12-09T03:30:00.707+0000][1][safepoint    ] Application time: 1.0000883 seconds
[2019-12-09T03:30:00.707+0000][1][safepoint    ] Entering safepoint region: Cleanup
[2019-12-09T03:30:00.707+0000][1][safepoint    ] Leaving safepoint region
[2019-12-09T03:30:00.707+0000][1][safepoint    ] Total time for which application threads were stopped: 0.0000863 seconds, Stopping threads took: 0.0000170 seconds
[2019-12-09T03:30:01.707+0000][1][safepoint    ] Application time: 1.0000893 seconds
[2019-12-09T03:30:01.707+0000][1][safepoint    ] Entering safepoint region: Cleanup
[2019-12-09T03:30:01.707+0000][1][safepoint    ] Leaving safepoint region
[2019-12-09T03:30:01.707+0000][1][safepoint    ] Total time for which application threads were stopped: 0.0001182 seconds, Stopping threads took: 0.0000250 seconds
[2019-12-09T03:30:02.708+0000][1][safepoint    ] Application time: 1.0000805 seconds
[2019-12-09T03:30:02.708+0000][1][safepoint    ] Entering safepoint region: Cleanup
[2019-12-09T03:30:02.708+0000][1][safepoint    ] Leaving safepoint region
[2019-12-09T03:30:02.708+0000][1][safepoint    ] Total time for which application threads were stopped: 0.0000864 seconds, Stopping threads took: 0.0000168 seconds
[2019-12-09T03:30:04.708+0000][1][safepoint    ] Application time: 2.0001025 seconds
[2019-12-09T03:30:04.708+0000][1][safepoint    ] Entering safepoint region: Cleanup
[2019-12-09T03:30:04.708+0000][1][safepoint    ] Leaving safepoint region
[2019-12-09T03:30:04.708+0000][1][safepoint    ] Total time for which application threads were stopped: 0.0000911 seconds, Stopping threads took: 0.0000175 seconds
[2019-12-09T03:30:05.708+0000][1][safepoint    ] Application time: 1.0000790 seconds
[2019-12-09T03:30:05.708+0000][1][safepoint    ] Entering safepoint region: Cleanup
[2019-12-09T03:30:05.708+0000][1][safepoint    ] Leaving safepoint region
[2019-12-09T03:30:05.708+0000][1][safepoint    ] Total time for which application threads were stopped: 0.0000872 seconds, Stopping threads took: 0.0000202 seconds
[2019-12-09T03:30:35.710+0000][1][safepoint    ] Application time: 30.0021401 seconds
[2019-12-09T03:30:35.710+0000][1][safepoint    ] Entering safepoint region: Cleanup
[2019-12-09T03:30:35.710+0000][1][safepoint    ] Leaving safepoint region
[2019-12-09T03:30:35.710+0000][1][safepoint    ] Total time for which application threads were stopped: 0.0001011 seconds, Stopping threads took: 0.0000276 seconds
[2019-12-09T03:30:51.711+0000][1][safepoint    ] Application time: 16.0010831 seconds
[2019-12-09T03:30:51.712+0000][1][safepoint    ] Entering safepoint region: Cleanup
[2019-12-09T03:30:51.712+0000][1][safepoint    ] Leaving safepoint region
[2019-12-09T03:30:51.712+0000][1][safepoint    ] Total time for which application threads were stopped: 0.0000998 seconds, Stopping threads took: 0.0000278 seconds
[2019-12-09T03:31:06.713+0000][1][safepoint    ] Application time: 15.0010171 seconds
[2019-12-09T03:31:06.713+0000][1][safepoint    ] Entering safepoint region: Cleanup
[2019-12-09T03:31:06.713+0000][1][safepoint    ] Leaving safepoint region
[2019-12-09T03:31:06.713+0000][1][safepoint    ] Total time for which application threads were stopped: 0.0001271 seconds, Stopping threads took: 0.0000380 seconds
[2019-12-09T03:31:09.713+0000][1][safepoint    ] Application time: 3.0002041 seconds
[2019-12-09T03:31:09.713+0000][1][safepoint    ] Entering safepoint region: Cleanup
[2019-12-09T03:31:09.713+0000][1][safepoint    ] Leaving safepoint region
[2019-12-09T03:31:09.713+0000][1][safepoint    ] Total time for which application threads were stopped: 0.0000970 seconds, Stopping threads took: 0.0000197 seconds
[2019-12-09T03:31:13.713+0000][1][safepoint    ] Application time: 4.0002784 seconds
[2019-12-09T03:31:13.713+0000][1][safepoint    ] Entering safepoint region: Cleanup
[2019-12-09T03:31:13.714+0000][1][safepoint    ] Leaving safepoint region
[2019-12-09T03:31:13.714+0000][1][safepoint    ] Total time for which application threads were stopped: 0.0000922 seconds, Stopping threads took: 0.0000173 seconds
[2019-12-09T03:31:18.715+0000][1][safepoint    ] Application time: 5.0014484 seconds
[2019-12-09T03:31:18.715+0000][1][safepoint    ] Entering safepoint region: Cleanup
[2019-12-09T03:31:18.715+0000][1][safepoint    ] Leaving safepoint region
[2019-12-09T03:31:18.715+0000][1][safepoint    ] Total time for which application threads were stopped: 0.0000957 seconds, Stopping threads took: 0.0000191 seconds
[2019-12-09T03:31:20.715+0000][1][safepoint    ] Application time: 2.0001446 seconds
[2019-12-09T03:31:20.715+0000][1][safepoint    ] Entering safepoint region: Cleanup
[2019-12-09T03:31:20.715+0000][1][safepoint    ] Leaving safepoint region
[2019-12-09T03:31:20.715+0000][1][safepoint    ] Total time for which application threads were stopped: 0.0000898 seconds, Stopping threads took: 0.0000182 seconds
[2019-12-09T03:31:41.717+0000][1][safepoint    ] Application time: 21.0020818 seconds
[2019-12-09T03:31:41.718+0000][1][safepoint    ] Entering safepoint region: Cleanup
[2019-12-09T03:31:41.718+0000][1][safepoint    ] Leaving safepoint region
[2019-12-09T03:31:41.718+0000][1][safepoint    ] Total time for which application threads were stopped: 0.0001178 seconds, Stopping threads took: 0.0000283 seconds
[2019-12-09T03:31:43.718+0000][1][safepoint    ] Application time: 2.0001452 seconds
[2019-12-09T03:31:43.718+0000][1][safepoint    ] Entering safepoint region: Cleanup
[2019-12-09T03:31:43.718+0000][1][safepoint    ] Leaving safepoint region
[2019-12-09T03:31:43.718+0000][1][safepoint    ] Total time for which application threads were stopped: 0.0000929 seconds, Stopping threads took: 0.0000185 seconds
[2019-12-09T03:31:49.718+0000][1][safepoint    ] Application time: 6.0004121 seconds
[2019-12-09T03:31:49.718+0000][1][safepoint    ] Entering safepoint region: Cleanup
[2019-12-09T03:31:49.718+0000][1][safepoint    ] Leaving safepoint region
[2019-12-09T03:31:49.718+0000][1][safepoint    ] Total time for which application threads were stopped: 0.0000895 seconds, Stopping threads took: 0.0000184 seconds
[2019-12-09T03:32:04.720+0000][1][safepoint    ] Application time: 15.0010101 seconds
[2019-12-09T03:32:04.720+0000][1][safepoint    ] Entering safepoint region: Cleanup
[2019-12-09T03:32:04.720+0000][1][safepoint    ] Leaving safepoint region
[2019-12-09T03:32:04.720+0000][1][safepoint    ] Total time for which application threads were stopped: 0.0001004 seconds, Stopping threads took: 0.0000259 seconds
[2019-12-09T03:32:05.160+0000][1][safepoint    ] Application time: 0.4408114 seconds
[2019-12-09T03:32:05.160+0000][1][safepoint    ] Entering safepoint region: GenCollectForAllocation
[2019-12-09T03:32:05.161+0000][1][gc,start     ] GC(28) Pause Young (Allocation Failure)
[2019-12-09T03:32:05.161+0000][1][gc,task      ] GC(28) Using 2 workers of 2 for evacuation
[2019-12-09T03:32:05.166+0000][1][gc,age       ] GC(28) Desired survivor size 4456448 bytes, new threshold 6 (max threshold 6)
[2019-12-09T03:32:05.166+0000][1][gc,age       ] GC(28) Age table with threshold 6 (max threshold 6)
[2019-12-09T03:32:05.166+0000][1][gc,age       ] GC(28) - age   1:       7176 bytes,       7176 total
[2019-12-09T03:32:05.166+0000][1][gc,age       ] GC(28) - age   2:       4024 bytes,      11200 total
[2019-12-09T03:32:05.166+0000][1][gc,age       ] GC(28) - age   3:       8328 bytes,      19528 total
[2019-12-09T03:32:05.166+0000][1][gc,age       ] GC(28) - age   4:      24112 bytes,      43640 total
[2019-12-09T03:32:05.166+0000][1][gc,age       ] GC(28) - age   5:    1766016 bytes,    1809656 total
[2019-12-09T03:32:05.166+0000][1][gc,heap      ] GC(28) ParNew: 72758K->2686K(78656K)
[2019-12-09T03:32:05.166+0000][1][gc,heap      ] GC(28) CMS: 67752K->67752K(174784K)
[2019-12-09T03:32:05.166+0000][1][gc,metaspace ] GC(28) Metaspace: 69024K->69024K(1112064K)
[2019-12-09T03:32:05.166+0000][1][gc           ] GC(28) Pause Young (Allocation Failure) 137M->68M(247M) 5.748ms
[2019-12-09T03:32:05.166+0000][1][gc,cpu       ] GC(28) User=0.01s Sys=0.00s Real=0.01s
[2019-12-09T03:32:05.166+0000][1][safepoint    ] Leaving safepoint region
[2019-12-09T03:32:05.166+0000][1][safepoint    ] Total time for which application threads were stopped: 0.0059049 seconds, Stopping threads took: 0.0000165 seconds
[2019-12-09T03:32:09.167+0000][1][safepoint    ] Application time: 4.0003027 seconds
[2019-12-09T03:32:09.167+0000][1][safepoint    ] Entering safepoint region: Cleanup
[2019-12-09T03:32:09.167+0000][1][safepoint    ] Leaving safepoint region
[2019-12-09T03:32:09.167+0000][1][safepoint    ] Total time for which application threads were stopped: 0.0001510 seconds, Stopping threads took: 0.0000271 seconds
[2019-12-09T03:32:11.167+0000][1][safepoint    ] Application time: 2.0001428 seconds
[2019-12-09T03:32:11.167+0000][1][safepoint    ] Entering safepoint region: Cleanup
[2019-12-09T03:32:11.167+0000][1][safepoint    ] Leaving safepoint region
[2019-12-09T03:32:11.167+0000][1][safepoint    ] Total time for which application threads were stopped: 0.0001017 seconds, Stopping threads took: 0.0000174 seconds
[2019-12-09T03:32:15.167+0000][1][safepoint    ] Application time: 4.0002819 seconds
[2019-12-09T03:32:15.168+0000][1][safepoint    ] Entering safepoint region: Cleanup
[2019-12-09T03:32:15.168+0000][1][safepoint    ] Leaving safepoint region
[2019-12-09T03:32:15.168+0000][1][safepoint    ] Total time for which application threads were stopped: 0.0000884 seconds, Stopping threads took: 0.0000185 seconds
[2019-12-09T03:32:23.168+0000][1][safepoint    ] Application time: 8.0005443 seconds
[2019-12-09T03:32:23.168+0000][1][safepoint    ] Entering safepoint region: Cleanup
[2019-12-09T03:32:23.168+0000][1][safepoint    ] Leaving safepoint region
[2019-12-09T03:32:23.168+0000][1][safepoint    ] Total time for which application threads were stopped: 0.0000945 seconds, Stopping threads took: 0.0000193 seconds
[2019-12-09T03:32:43.170+0000][1][safepoint    ] Application time: 20.0013488 seconds
[2019-12-09T03:32:43.170+0000][1][safepoint    ] Entering safepoint region: Cleanup
[2019-12-09T03:32:43.170+0000][1][safepoint    ] Leaving safepoint region
[2019-12-09T03:32:43.170+0000][1][safepoint    ] Total time for which application threads were stopped: 0.0001003 seconds, Stopping threads took: 0.0000293 seconds
[2019-12-09T03:32:51.170+0000][1][safepoint    ] Application time: 8.0005402 seconds
[2019-12-09T03:32:51.170+0000][1][safepoint    ] Entering safepoint region: Cleanup
[2019-12-09T03:32:51.170+0000][1][safepoint    ] Leaving safepoint region
[2019-12-09T03:32:51.170+0000][1][safepoint    ] Total time for which application threads were stopped: 0.0001058 seconds, Stopping threads took: 0.0000262 seconds
[2019-12-09T03:32:54.171+0000][1][safepoint    ] Application time: 3.0002084 seconds
[2019-12-09T03:32:54.171+0000][1][safepoint    ] Entering safepoint region: Cleanup
[2019-12-09T03:32:54.171+0000][1][safepoint    ] Leaving safepoint region
[2019-12-09T03:32:54.171+0000][1][safepoint    ] Total time for which application threads were stopped: 0.0000993 seconds, Stopping threads took: 0.0000268 seconds
[2019-12-09T03:32:56.171+0000][1][safepoint    ] Application time: 2.0001414 seconds
[2019-12-09T03:32:56.171+0000][1][safepoint    ] Entering safepoint region: Cleanup
[2019-12-09T03:32:56.171+0000][1][safepoint    ] Leaving safepoint region
[2019-12-09T03:32:56.171+0000][1][safepoint    ] Total time for which application threads were stopped: 0.0000945 seconds, Stopping threads took: 0.0000185 seconds
[2019-12-09T03:33:12.172+0000][1][safepoint    ] Application time: 16.0010921 seconds
[2019-12-09T03:33:12.172+0000][1][safepoint    ] Entering safepoint region: Cleanup
[2019-12-09T03:33:12.172+0000][1][safepoint    ] Leaving safepoint region
[2019-12-09T03:33:12.172+0000][1][safepoint    ] Total time for which application threads were stopped: 0.0000943 seconds, Stopping threads took: 0.0000195 seconds
[2019-12-09T03:33:13.172+0000][1][safepoint    ] Application time: 1.0000762 seconds
[2019-12-09T03:33:13.172+0000][1][safepoint    ] Entering safepoint region: Cleanup
[2019-12-09T03:33:13.173+0000][1][safepoint    ] Leaving safepoint region
[2019-12-09T03:33:13.173+0000][1][safepoint    ] Total time for which application threads were stopped: 0.0000928 seconds, Stopping threads took: 0.0000169 seconds
[2019-12-09T03:33:18.173+0000][1][safepoint    ] Application time: 5.0003445 seconds
[2019-12-09T03:33:18.173+0000][1][safepoint    ] Entering safepoint region: Cleanup
[2019-12-09T03:33:18.173+0000][1][safepoint    ] Leaving safepoint region
[2019-12-09T03:33:18.173+0000][1][safepoint    ] Total time for which application threads were stopped: 0.0000949 seconds, Stopping threads took: 0.0000187 seconds
[2019-12-09T03:33:26.174+0000][1][safepoint    ] Application time: 8.0005368 seconds
[2019-12-09T03:33:26.174+0000][1][safepoint    ] Entering safepoint region: Cleanup
[2019-12-09T03:33:26.174+0000][1][safepoint    ] Leaving safepoint region
[2019-12-09T03:33:26.174+0000][1][safepoint    ] Total time for which application threads were stopped: 0.0001239 seconds, Stopping threads took: 0.0000261 seconds
[2019-12-09T03:33:35.174+0000][1][safepoint    ] Application time: 9.0005901 seconds
[2019-12-09T03:33:35.174+0000][1][safepoint    ] Entering safepoint region: Cleanup
[2019-12-09T03:33:35.174+0000][1][safepoint    ] Leaving safepoint region
[2019-12-09T03:33:35.174+0000][1][safepoint    ] Total time for which application threads were stopped: 0.0000911 seconds, Stopping threads took: 0.0000182 seconds
[2019-12-09T03:33:40.175+0000][1][safepoint    ] Application time: 5.0003474 seconds
[2019-12-09T03:33:40.175+0000][1][safepoint    ] Entering safepoint region: Cleanup
[2019-12-09T03:33:40.175+0000][1][safepoint    ] Leaving safepoint region
[2019-12-09T03:33:40.175+0000][1][safepoint    ] Total time for which application threads were stopped: 0.0000907 seconds, Stopping threads took: 0.0000196 seconds
[2019-12-09T03:33:41.175+0000][1][safepoint    ] Application time: 1.0000768 seconds
[2019-12-09T03:33:41.175+0000][1][safepoint    ] Entering safepoint region: Cleanup
[2019-12-09T03:33:41.175+0000][1][safepoint    ] Leaving safepoint region
[2019-12-09T03:33:41.175+0000][1][safepoint    ] Total time for which application threads were stopped: 0.0000918 seconds, Stopping threads took: 0.0000191 seconds
[2019-12-09T03:33:42.175+0000][1][safepoint    ] Application time: 1.0000764 seconds
[2019-12-09T03:33:42.175+0000][1][safepoint    ] Entering safepoint region: Cleanup
[2019-12-09T03:33:42.175+0000][1][safepoint    ] Leaving safepoint region
[2019-12-09T03:33:42.175+0000][1][safepoint    ] Total time for which application threads were stopped: 0.0000933 seconds, Stopping threads took: 0.0000191 seconds
[2019-12-09T03:33:46.176+0000][1][safepoint    ] Application time: 4.0002933 seconds
[2019-12-09T03:33:46.176+0000][1][safepoint    ] Entering safepoint region: Cleanup
[2019-12-09T03:33:46.176+0000][1][safepoint    ] Leaving safepoint region
[2019-12-09T03:33:46.176+0000][1][safepoint    ] Total time for which application threads were stopped: 0.0000946 seconds, Stopping threads took: 0.0000200 seconds
[2019-12-09T03:34:03.177+0000][1][safepoint    ] Application time: 17.0011524 seconds
[2019-12-09T03:34:03.177+0000][1][safepoint    ] Entering safepoint region: Cleanup
[2019-12-09T03:34:03.177+0000][1][safepoint    ] Leaving safepoint region
[2019-12-09T03:34:03.177+0000][1][safepoint    ] Total time for which application threads were stopped: 0.0000993 seconds, Stopping threads took: 0.0000275 seconds
[2019-12-09T03:34:06.177+0000][1][safepoint    ] Application time: 3.0002097 seconds
[2019-12-09T03:34:06.177+0000][1][safepoint    ] Entering safepoint region: Cleanup
[2019-12-09T03:34:06.177+0000][1][safepoint    ] Leaving safepoint region
[2019-12-09T03:34:06.177+0000][1][safepoint    ] Total time for which application threads were stopped: 0.0000943 seconds, Stopping threads took: 0.0000190 seconds
[2019-12-09T03:34:13.897+0000][1][safepoint    ] Application time: 7.7194847 seconds
[2019-12-09T03:34:13.897+0000][1][safepoint    ] Entering safepoint region: GenCollectForAllocation
[2019-12-09T03:34:13.897+0000][1][gc,start     ] GC(29) Pause Young (Allocation Failure)
[2019-12-09T03:34:13.897+0000][1][gc,task      ] GC(29) Using 2 workers of 2 for evacuation
[2019-12-09T03:34:13.903+0000][1][gc,age       ] GC(29) Desired survivor size 4456448 bytes, new threshold 6 (max threshold 6)
[2019-12-09T03:34:13.903+0000][1][gc,age       ] GC(29) Age table with threshold 6 (max threshold 6)
[2019-12-09T03:34:13.903+0000][1][gc,age       ] GC(29) - age   1:       7144 bytes,       7144 total
[2019-12-09T03:34:13.903+0000][1][gc,age       ] GC(29) - age   2:       2040 bytes,       9184 total
[2019-12-09T03:34:13.903+0000][1][gc,age       ] GC(29) - age   3:       3808 bytes,      12992 total
[2019-12-09T03:34:13.903+0000][1][gc,age       ] GC(29) - age   4:       8328 bytes,      21320 total
[2019-12-09T03:34:13.903+0000][1][gc,age       ] GC(29) - age   5:      24112 bytes,      45432 total
[2019-12-09T03:34:13.903+0000][1][gc,age       ] GC(29) - age   6:    1765968 bytes,    1811400 total
[2019-12-09T03:34:13.903+0000][1][gc,heap      ] GC(29) ParNew: 72590K->2659K(78656K)
[2019-12-09T03:34:13.903+0000][1][gc,heap      ] GC(29) CMS: 67752K->67752K(174784K)
[2019-12-09T03:34:13.903+0000][1][gc,metaspace ] GC(29) Metaspace: 69056K->69056K(1112064K)
[2019-12-09T03:34:13.903+0000][1][gc           ] GC(29) Pause Young (Allocation Failure) 137M->68M(247M) 5.930ms
[2019-12-09T03:34:13.903+0000][1][gc,cpu       ] GC(29) User=0.02s Sys=0.00s Real=0.00s
[2019-12-09T03:34:13.903+0000][1][safepoint    ] Leaving safepoint region
[2019-12-09T03:34:13.903+0000][1][safepoint    ] Total time for which application threads were stopped: 0.0061486 seconds, Stopping threads took: 0.0000508 seconds
[2019-12-09T03:34:15.903+0000][1][safepoint    ] Application time: 2.0001585 seconds
[2019-12-09T03:34:15.903+0000][1][safepoint    ] Entering safepoint region: Cleanup
[2019-12-09T03:34:15.903+0000][1][safepoint    ] Leaving safepoint region
[2019-12-09T03:34:15.903+0000][1][safepoint    ] Total time for which application threads were stopped: 0.0000879 seconds, Stopping threads took: 0.0000166 seconds
[2019-12-09T03:34:16.904+0000][1][safepoint    ] Application time: 1.0000769 seconds
[2019-12-09T03:34:16.904+0000][1][safepoint    ] Entering safepoint region: Cleanup
[2019-12-09T03:34:16.904+0000][1][safepoint    ] Leaving safepoint region
[2019-12-09T03:34:16.904+0000][1][safepoint    ] Total time for which application threads were stopped: 0.0000905 seconds, Stopping threads took: 0.0000190 seconds
[2019-12-09T03:34:28.904+0000][1][safepoint    ] Application time: 12.0008149 seconds
[2019-12-09T03:34:28.905+0000][1][safepoint    ] Entering safepoint region: Cleanup
[2019-12-09T03:34:28.905+0000][1][safepoint    ] Leaving safepoint region
[2019-12-09T03:34:28.905+0000][1][safepoint    ] Total time for which application threads were stopped: 0.0000948 seconds, Stopping threads took: 0.0000243 seconds
[2019-12-09T03:34:41.905+0000][1][safepoint    ] Application time: 13.0008767 seconds
[2019-12-09T03:34:41.906+0000][1][safepoint    ] Entering safepoint region: Cleanup
[2019-12-09T03:34:41.906+0000][1][safepoint    ] Leaving safepoint region
[2019-12-09T03:34:41.906+0000][1][safepoint    ] Total time for which application threads were stopped: 0.0000892 seconds, Stopping threads took: 0.0000178 seconds
[2019-12-09T03:34:42.906+0000][1][safepoint    ] Application time: 1.0000864 seconds
[2019-12-09T03:34:42.906+0000][1][safepoint    ] Entering safepoint region: Cleanup
[2019-12-09T03:34:42.906+0000][1][safepoint    ] Leaving safepoint region
[2019-12-09T03:34:42.906+0000][1][safepoint    ] Total time for which application threads were stopped: 0.0000815 seconds, Stopping threads took: 0.0000170 seconds
[2019-12-09T03:34:51.906+0000][1][safepoint    ] Application time: 9.0006099 seconds
[2019-12-09T03:34:51.906+0000][1][safepoint    ] Entering safepoint region: Cleanup
[2019-12-09T03:34:51.907+0000][1][safepoint    ] Leaving safepoint region
[2019-12-09T03:34:51.907+0000][1][safepoint    ] Total time for which application threads were stopped: 0.0000865 seconds, Stopping threads took: 0.0000167 seconds
[2019-12-09T03:35:00.907+0000][1][safepoint    ] Application time: 9.0006191 seconds
[2019-12-09T03:35:00.907+0000][1][safepoint    ] Entering safepoint region: Cleanup
[2019-12-09T03:35:00.907+0000][1][safepoint    ] Leaving safepoint region
[2019-12-09T03:35:00.907+0000][1][safepoint    ] Total time for which application threads were stopped: 0.0000862 seconds, Stopping threads took: 0.0000176 seconds
[2019-12-09T03:35:01.907+0000][1][safepoint    ] Application time: 1.0000991 seconds
[2019-12-09T03:35:01.907+0000][1][safepoint    ] Entering safepoint region: Cleanup
[2019-12-09T03:35:01.908+0000][1][safepoint    ] Leaving safepoint region
[2019-12-09T03:35:01.908+0000][1][safepoint    ] Total time for which application threads were stopped: 0.0001208 seconds, Stopping threads took: 0.0000341 seconds
[2019-12-09T03:35:02.908+0000][1][safepoint    ] Application time: 1.0000817 seconds
[2019-12-09T03:35:02.908+0000][1][safepoint    ] Entering safepoint region: Cleanup
[2019-12-09T03:35:02.908+0000][1][safepoint    ] Leaving safepoint region
[2019-12-09T03:35:02.908+0000][1][safepoint    ] Total time for which application threads were stopped: 0.0000919 seconds, Stopping threads took: 0.0000224 seconds
[2019-12-09T03:35:03.908+0000][1][safepoint    ] Application time: 1.0000814 seconds
[2019-12-09T03:35:03.908+0000][1][safepoint    ] Entering safepoint region: Cleanup
[2019-12-09T03:35:03.908+0000][1][safepoint    ] Leaving safepoint region
[2019-12-09T03:35:03.908+0000][1][safepoint    ] Total time for which application threads were stopped: 0.0000882 seconds, Stopping threads took: 0.0000203 seconds
[2019-12-09T03:35:04.908+0000][1][safepoint    ] Application time: 1.0000807 seconds
[2019-12-09T03:35:04.908+0000][1][safepoint    ] Entering safepoint region: Cleanup
[2019-12-09T03:35:04.908+0000][1][safepoint    ] Leaving safepoint region
[2019-12-09T03:35:04.908+0000][1][safepoint    ] Total time for which application threads were stopped: 0.0000868 seconds, Stopping threads took: 0.0000184 seconds
[2019-12-09T03:35:05.908+0000][1][safepoint    ] Application time: 1.0000785 seconds
[2019-12-09T03:35:05.908+0000][1][safepoint    ] Entering safepoint region: Cleanup
[2019-12-09T03:35:05.908+0000][1][safepoint    ] Leaving safepoint region
[2019-12-09T03:35:05.908+0000][1][safepoint    ] Total time for which application threads were stopped: 0.0000875 seconds, Stopping threads took: 0.0000196 seconds
[2019-12-09T03:35:06.909+0000][1][safepoint    ] Application time: 1.0000797 seconds
[2019-12-09T03:35:06.909+0000][1][safepoint    ] Entering safepoint region: Cleanup
[2019-12-09T03:35:06.909+0000][1][safepoint    ] Leaving safepoint region
[2019-12-09T03:35:06.909+0000][1][safepoint    ] Total time for which application threads were stopped: 0.0000902 seconds, Stopping threads took: 0.0000192 seconds
[2019-12-09T03:35:07.909+0000][1][safepoint    ] Application time: 1.0000791 seconds
[2019-12-09T03:35:07.909+0000][1][safepoint    ] Entering safepoint region: Cleanup
[2019-12-09T03:35:07.909+0000][1][safepoint    ] Leaving safepoint region
[2019-12-09T03:35:07.909+0000][1][safepoint    ] Total time for which application threads were stopped: 0.0000823 seconds, Stopping threads took: 0.0000182 seconds
[2019-12-09T03:35:08.909+0000][1][safepoint    ] Application time: 1.0000793 seconds
[2019-12-09T03:35:08.909+0000][1][safepoint    ] Entering safepoint region: Cleanup
[2019-12-09T03:35:08.909+0000][1][safepoint    ] Leaving safepoint region
[2019-12-09T03:35:08.909+0000][1][safepoint    ] Total time for which application threads were stopped: 0.0000859 seconds, Stopping threads took: 0.0000187 seconds
[2019-12-09T03:35:09.909+0000][1][safepoint    ] Application time: 1.0000775 seconds
[2019-12-09T03:35:09.909+0000][1][safepoint    ] Entering safepoint region: Cleanup
[2019-12-09T03:35:09.909+0000][1][safepoint    ] Leaving safepoint region
[2019-12-09T03:35:09.909+0000][1][safepoint    ] Total time for which application threads were stopped: 0.0000845 seconds, Stopping threads took: 0.0000182 seconds
[2019-12-09T03:35:10.909+0000][1][safepoint    ] Application time: 1.0000832 seconds
[2019-12-09T03:35:10.909+0000][1][safepoint    ] Entering safepoint region: Cleanup
[2019-12-09T03:35:10.909+0000][1][safepoint    ] Leaving safepoint region
[2019-12-09T03:35:10.909+0000][1][safepoint    ] Total time for which application threads were stopped: 0.0000852 seconds, Stopping threads took: 0.0000190 seconds
[2019-12-09T03:35:11.910+0000][1][safepoint    ] Application time: 1.0000794 seconds
[2019-12-09T03:35:11.910+0000][1][safepoint    ] Entering safepoint region: Cleanup
[2019-12-09T03:35:11.910+0000][1][safepoint    ] Leaving safepoint region
[2019-12-09T03:35:11.910+0000][1][safepoint    ] Total time for which application threads were stopped: 0.0000833 seconds, Stopping threads took: 0.0000191 seconds
[2019-12-09T03:35:12.910+0000][1][safepoint    ] Application time: 1.0000903 seconds
[2019-12-09T03:35:12.910+0000][1][safepoint    ] Entering safepoint region: Cleanup
[2019-12-09T03:35:12.910+0000][1][safepoint    ] Leaving safepoint region
[2019-12-09T03:35:12.910+0000][1][safepoint    ] Total time for which application threads were stopped: 0.0000912 seconds, Stopping threads took: 0.0000202 seconds
[2019-12-09T03:35:13.910+0000][1][safepoint    ] Application time: 1.0000786 seconds
[2019-12-09T03:35:13.910+0000][1][safepoint    ] Entering safepoint region: Cleanup
[2019-12-09T03:35:13.910+0000][1][safepoint    ] Leaving safepoint region
[2019-12-09T03:35:13.910+0000][1][safepoint    ] Total time for which application threads were stopped: 0.0000865 seconds, Stopping threads took: 0.0000198 seconds
[2019-12-09T03:35:14.910+0000][1][safepoint    ] Application time: 1.0000798 seconds
[2019-12-09T03:35:14.910+0000][1][safepoint    ] Entering safepoint region: Cleanup
[2019-12-09T03:35:14.910+0000][1][safepoint    ] Leaving safepoint region
[2019-12-09T03:35:14.910+0000][1][safepoint    ] Total time for which application threads were stopped: 0.0000857 seconds, Stopping threads took: 0.0000183 seconds
[2019-12-09T03:35:15.910+0000][1][safepoint    ] Application time: 1.0000806 seconds
[2019-12-09T03:35:15.910+0000][1][safepoint    ] Entering safepoint region: Cleanup
[2019-12-09T03:35:15.911+0000][1][safepoint    ] Leaving safepoint region
[2019-12-09T03:35:15.911+0000][1][safepoint    ] Total time for which application threads were stopped: 0.0000912 seconds, Stopping threads took: 0.0000192 seconds
[2019-12-09T03:35:16.911+0000][1][safepoint    ] Application time: 1.0000792 seconds
[2019-12-09T03:35:16.911+0000][1][safepoint    ] Entering safepoint region: Cleanup
[2019-12-09T03:35:16.911+0000][1][safepoint    ] Leaving safepoint region
[2019-12-09T03:35:16.911+0000][1][safepoint    ] Total time for which application threads were stopped: 0.0000958 seconds, Stopping threads took: 0.0000189 seconds
[2019-12-09T03:35:17.911+0000][1][safepoint    ] Application time: 1.0000790 seconds
[2019-12-09T03:35:17.911+0000][1][safepoint    ] Entering safepoint region: Cleanup
[2019-12-09T03:35:17.911+0000][1][safepoint    ] Leaving safepoint region
[2019-12-09T03:35:17.911+0000][1][safepoint    ] Total time for which application threads were stopped: 0.0000871 seconds, Stopping threads took: 0.0000190 seconds
[2019-12-09T03:35:18.911+0000][1][safepoint    ] Application time: 1.0003948 seconds
[2019-12-09T03:35:18.911+0000][1][safepoint    ] Entering safepoint region: Cleanup
[2019-12-09T03:35:18.911+0000][1][safepoint    ] Leaving safepoint region
[2019-12-09T03:35:18.911+0000][1][safepoint    ] Total time for which application threads were stopped: 0.0000857 seconds, Stopping threads took: 0.0000185 seconds
[2019-12-09T03:35:19.912+0000][1][safepoint    ] Application time: 1.0000780 seconds
[2019-12-09T03:35:19.912+0000][1][safepoint    ] Entering safepoint region: Cleanup
[2019-12-09T03:35:19.912+0000][1][safepoint    ] Leaving safepoint region
[2019-12-09T03:35:19.912+0000][1][safepoint    ] Total time for which application threads were stopped: 0.0001010 seconds, Stopping threads took: 0.0000189 seconds
[2019-12-09T03:35:20.912+0000][1][safepoint    ] Application time: 1.0000791 seconds
[2019-12-09T03:35:20.912+0000][1][safepoint    ] Entering safepoint region: Cleanup
[2019-12-09T03:35:20.912+0000][1][safepoint    ] Leaving safepoint region
[2019-12-09T03:35:20.912+0000][1][safepoint    ] Total time for which application threads were stopped: 0.0000854 seconds, Stopping threads took: 0.0000181 seconds
[2019-12-09T03:35:21.912+0000][1][safepoint    ] Application time: 1.0002066 seconds
[2019-12-09T03:35:21.913+0000][1][safepoint    ] Entering safepoint region: Cleanup
[2019-12-09T03:35:21.913+0000][1][safepoint    ] Leaving safepoint region
[2019-12-09T03:35:21.913+0000][1][safepoint    ] Total time for which application threads were stopped: 0.0009168 seconds, Stopping threads took: 0.0001677 seconds
[2019-12-09T03:35:22.914+0000][1][safepoint    ] Application time: 1.0001136 seconds
[2019-12-09T03:35:22.914+0000][1][safepoint    ] Entering safepoint region: Cleanup
[2019-12-09T03:35:22.914+0000][1][safepoint    ] Leaving safepoint region
[2019-12-09T03:35:22.914+0000][1][safepoint    ] Total time for which application threads were stopped: 0.0000845 seconds, Stopping threads took: 0.0000189 seconds
[2019-12-09T03:35:23.914+0000][1][safepoint    ] Application time: 1.0000882 seconds
[2019-12-09T03:35:23.914+0000][1][safepoint    ] Entering safepoint region: Cleanup
[2019-12-09T03:35:23.914+0000][1][safepoint    ] Leaving safepoint region
[2019-12-09T03:35:23.914+0000][1][safepoint    ] Total time for which application threads were stopped: 0.0000831 seconds, Stopping threads took: 0.0000178 seconds
[2019-12-09T03:35:24.914+0000][1][safepoint    ] Application time: 1.0000759 seconds
[2019-12-09T03:35:24.914+0000][1][safepoint    ] Entering safepoint region: Cleanup
[2019-12-09T03:35:24.914+0000][1][safepoint    ] Leaving safepoint region
[2019-12-09T03:35:24.914+0000][1][safepoint    ] Total time for which application threads were stopped: 0.0000934 seconds, Stopping threads took: 0.0000273 seconds
[2019-12-09T03:35:25.914+0000][1][safepoint    ] Application time: 1.0000770 seconds
[2019-12-09T03:35:25.914+0000][1][safepoint    ] Entering safepoint region: Cleanup
[2019-12-09T03:35:25.914+0000][1][safepoint    ] Leaving safepoint region
[2019-12-09T03:35:25.914+0000][1][safepoint    ] Total time for which application threads were stopped: 0.0000867 seconds, Stopping threads took: 0.0000192 seconds
[2019-12-09T03:35:26.914+0000][1][safepoint    ] Application time: 1.0000792 seconds
[2019-12-09T03:35:26.914+0000][1][safepoint    ] Entering safepoint region: Cleanup
[2019-12-09T03:35:26.915+0000][1][safepoint    ] Leaving safepoint region
[2019-12-09T03:35:26.915+0000][1][safepoint    ] Total time for which application threads were stopped: 0.0000876 seconds, Stopping threads took: 0.0000189 seconds
[2019-12-09T03:35:27.915+0000][1][safepoint    ] Application time: 1.0000758 seconds
[2019-12-09T03:35:27.915+0000][1][safepoint    ] Entering safepoint region: Cleanup
[2019-12-09T03:35:27.915+0000][1][safepoint    ] Leaving safepoint region
[2019-12-09T03:35:27.915+0000][1][safepoint    ] Total time for which application threads were stopped: 0.0001060 seconds, Stopping threads took: 0.0000189 seconds
[2019-12-09T03:35:28.915+0000][1][safepoint    ] Application time: 1.0000770 seconds
[2019-12-09T03:35:28.915+0000][1][safepoint    ] Entering safepoint region: Cleanup
[2019-12-09T03:35:28.915+0000][1][safepoint    ] Leaving safepoint region
[2019-12-09T03:35:28.915+0000][1][safepoint    ] Total time for which application threads were stopped: 0.0000877 seconds, Stopping threads took: 0.0000207 seconds
[2019-12-09T03:35:29.915+0000][1][safepoint    ] Application time: 1.0000781 seconds
[2019-12-09T03:35:29.915+0000][1][safepoint    ] Entering safepoint region: Cleanup
[2019-12-09T03:35:29.915+0000][1][safepoint    ] Leaving safepoint region
[2019-12-09T03:35:29.915+0000][1][safepoint    ] Total time for which application threads were stopped: 0.0000879 seconds, Stopping threads took: 0.0000185 seconds
[2019-12-09T03:35:30.915+0000][1][safepoint    ] Application time: 1.0000777 seconds
[2019-12-09T03:35:30.915+0000][1][safepoint    ] Entering safepoint region: Cleanup
[2019-12-09T03:35:30.915+0000][1][safepoint    ] Leaving safepoint region
[2019-12-09T03:35:30.915+0000][1][safepoint    ] Total time for which application threads were stopped: 0.0000850 seconds, Stopping threads took: 0.0000184 seconds
[2019-12-09T03:35:31.915+0000][1][safepoint    ] Application time: 1.0000774 seconds
[2019-12-09T03:35:31.916+0000][1][safepoint    ] Entering safepoint region: Cleanup
[2019-12-09T03:35:31.916+0000][1][safepoint    ] Leaving safepoint region
[2019-12-09T03:35:31.916+0000][1][safepoint    ] Total time for which application threads were stopped: 0.0000850 seconds, Stopping threads took: 0.0000183 seconds
[2019-12-09T03:35:32.916+0000][1][safepoint    ] Application time: 1.0000764 seconds
[2019-12-09T03:35:32.916+0000][1][safepoint    ] Entering safepoint region: Cleanup
[2019-12-09T03:35:32.916+0000][1][safepoint    ] Leaving safepoint region
[2019-12-09T03:35:32.916+0000][1][safepoint    ] Total time for which application threads were stopped: 0.0000850 seconds, Stopping threads took: 0.0000190 seconds
[2019-12-09T03:35:33.916+0000][1][safepoint    ] Application time: 1.0000759 seconds
[2019-12-09T03:35:33.916+0000][1][safepoint    ] Entering safepoint region: Cleanup
[2019-12-09T03:35:33.916+0000][1][safepoint    ] Leaving safepoint region
[2019-12-09T03:35:33.916+0000][1][safepoint    ] Total time for which application threads were stopped: 0.0000841 seconds, Stopping threads took: 0.0000187 seconds
[2019-12-09T03:35:34.916+0000][1][safepoint    ] Application time: 1.0000743 seconds
[2019-12-09T03:35:34.916+0000][1][safepoint    ] Entering safepoint region: Cleanup
[2019-12-09T03:35:34.916+0000][1][safepoint    ] Leaving safepoint region
[2019-12-09T03:35:34.916+0000][1][safepoint    ] Total time for which application threads were stopped: 0.0000903 seconds, Stopping threads took: 0.0000189 seconds
[2019-12-09T03:35:35.916+0000][1][safepoint    ] Application time: 1.0000770 seconds
[2019-12-09T03:35:35.916+0000][1][safepoint    ] Entering safepoint region: Cleanup
[2019-12-09T03:35:35.916+0000][1][safepoint    ] Leaving safepoint region
[2019-12-09T03:35:35.916+0000][1][safepoint    ] Total time for which application threads were stopped: 0.0000873 seconds, Stopping threads took: 0.0000182 seconds
[2019-12-09T03:35:36.917+0000][1][safepoint    ] Application time: 1.0000745 seconds
[2019-12-09T03:35:36.917+0000][1][safepoint    ] Entering safepoint region: Cleanup
[2019-12-09T03:35:36.917+0000][1][safepoint    ] Leaving safepoint region
[2019-12-09T03:35:36.917+0000][1][safepoint    ] Total time for which application threads were stopped: 0.0000917 seconds, Stopping threads took: 0.0000195 seconds
[2019-12-09T03:35:37.917+0000][1][safepoint    ] Application time: 1.0000749 seconds
[2019-12-09T03:35:37.917+0000][1][safepoint    ] Entering safepoint region: Cleanup
[2019-12-09T03:35:37.917+0000][1][safepoint    ] Leaving safepoint region
[2019-12-09T03:35:37.917+0000][1][safepoint    ] Total time for which application threads were stopped: 0.0000847 seconds, Stopping threads took: 0.0000195 seconds
[2019-12-09T03:35:38.917+0000][1][safepoint    ] Application time: 1.0000769 seconds
[2019-12-09T03:35:38.917+0000][1][safepoint    ] Entering safepoint region: Cleanup
[2019-12-09T03:35:38.917+0000][1][safepoint    ] Leaving safepoint region
[2019-12-09T03:35:38.917+0000][1][safepoint    ] Total time for which application threads were stopped: 0.0000835 seconds, Stopping threads took: 0.0000172 seconds
[2019-12-09T03:35:39.917+0000][1][safepoint    ] Application time: 1.0000764 seconds
[2019-12-09T03:35:39.917+0000][1][safepoint    ] Entering safepoint region: Cleanup
[2019-12-09T03:35:39.917+0000][1][safepoint    ] Leaving safepoint region
[2019-12-09T03:35:39.917+0000][1][safepoint    ] Total time for which application threads were stopped: 0.0000868 seconds, Stopping threads took: 0.0000210 seconds
[2019-12-09T03:35:40.917+0000][1][safepoint    ] Application time: 1.0000787 seconds
[2019-12-09T03:35:40.917+0000][1][safepoint    ] Entering safepoint region: Cleanup
[2019-12-09T03:35:40.917+0000][1][safepoint    ] Leaving safepoint region
[2019-12-09T03:35:40.917+0000][1][safepoint    ] Total time for which application threads were stopped: 0.0000872 seconds, Stopping threads took: 0.0000197 seconds
[2019-12-09T03:35:41.918+0000][1][safepoint    ] Application time: 1.0000773 seconds
[2019-12-09T03:35:41.918+0000][1][safepoint    ] Entering safepoint region: Cleanup
[2019-12-09T03:35:41.918+0000][1][safepoint    ] Leaving safepoint region
[2019-12-09T03:35:41.918+0000][1][safepoint    ] Total time for which application threads were stopped: 0.0000984 seconds, Stopping threads took: 0.0000183 seconds
[2019-12-09T03:35:42.918+0000][1][safepoint    ] Application time: 1.0000760 seconds
[2019-12-09T03:35:42.918+0000][1][safepoint    ] Entering safepoint region: Cleanup
[2019-12-09T03:35:42.918+0000][1][safepoint    ] Leaving safepoint region
[2019-12-09T03:35:42.918+0000][1][safepoint    ] Total time for which application threads were stopped: 0.0000940 seconds, Stopping threads took: 0.0000274 seconds
[2019-12-09T03:35:43.918+0000][1][safepoint    ] Application time: 1.0000757 seconds
[2019-12-09T03:35:43.918+0000][1][safepoint    ] Entering safepoint region: Cleanup
[2019-12-09T03:35:43.918+0000][1][safepoint    ] Leaving safepoint region
[2019-12-09T03:35:43.918+0000][1][safepoint    ] Total time for which application threads were stopped: 0.0000832 seconds, Stopping threads took: 0.0000185 seconds
[2019-12-09T03:35:44.918+0000][1][safepoint    ] Application time: 1.0000761 seconds
[2019-12-09T03:35:44.918+0000][1][safepoint    ] Entering safepoint region: Cleanup
[2019-12-09T03:35:44.918+0000][1][safepoint    ] Leaving safepoint region
[2019-12-09T03:35:44.918+0000][1][safepoint    ] Total time for which application threads were stopped: 0.0000871 seconds, Stopping threads took: 0.0000198 seconds
[2019-12-09T03:35:45.918+0000][1][safepoint    ] Application time: 1.0000777 seconds
[2019-12-09T03:35:45.918+0000][1][safepoint    ] Entering safepoint region: Cleanup
[2019-12-09T03:35:45.919+0000][1][safepoint    ] Leaving safepoint region
[2019-12-09T03:35:45.919+0000][1][safepoint    ] Total time for which application threads were stopped: 0.0000937 seconds, Stopping threads took: 0.0000195 seconds
[2019-12-09T03:35:46.919+0000][1][safepoint    ] Application time: 1.0000924 seconds
[2019-12-09T03:35:46.919+0000][1][safepoint    ] Entering safepoint region: Cleanup
[2019-12-09T03:35:46.919+0000][1][safepoint    ] Leaving safepoint region
[2019-12-09T03:35:46.919+0000][1][safepoint    ] Total time for which application threads were stopped: 0.0001392 seconds, Stopping threads took: 0.0000339 seconds
[2019-12-09T03:35:47.919+0000][1][safepoint    ] Application time: 1.0000796 seconds
[2019-12-09T03:35:47.919+0000][1][safepoint    ] Entering safepoint region: Cleanup
[2019-12-09T03:35:47.919+0000][1][safepoint    ] Leaving safepoint region
[2019-12-09T03:35:47.919+0000][1][safepoint    ] Total time for which application threads were stopped: 0.0000866 seconds, Stopping threads took: 0.0000199 seconds
[2019-12-09T03:35:48.919+0000][1][safepoint    ] Application time: 1.0000785 seconds
[2019-12-09T03:35:48.919+0000][1][safepoint    ] Entering safepoint region: Cleanup
[2019-12-09T03:35:48.919+0000][1][safepoint    ] Leaving safepoint region
[2019-12-09T03:35:48.919+0000][1][safepoint    ] Total time for which application threads were stopped: 0.0000810 seconds, Stopping threads took: 0.0000167 seconds
[2019-12-09T03:35:49.919+0000][1][safepoint    ] Application time: 1.0000767 seconds
[2019-12-09T03:35:49.919+0000][1][safepoint    ] Entering safepoint region: Cleanup
[2019-12-09T03:35:49.919+0000][1][safepoint    ] Leaving safepoint region
[2019-12-09T03:35:49.919+0000][1][safepoint    ] Total time for which application threads were stopped: 0.0000860 seconds, Stopping threads took: 0.0000180 seconds
[2019-12-09T03:35:50.920+0000][1][safepoint    ] Application time: 1.0000745 seconds
[2019-12-09T03:35:50.920+0000][1][safepoint    ] Entering safepoint region: Cleanup
[2019-12-09T03:35:50.920+0000][1][safepoint    ] Leaving safepoint region
[2019-12-09T03:35:50.920+0000][1][safepoint    ] Total time for which application threads were stopped: 0.0000981 seconds, Stopping threads took: 0.0000177 seconds
[2019-12-09T03:35:51.920+0000][1][safepoint    ] Application time: 1.0000785 seconds
[2019-12-09T03:35:51.920+0000][1][safepoint    ] Entering safepoint region: Cleanup
[2019-12-09T03:35:51.920+0000][1][safepoint    ] Leaving safepoint region
[2019-12-09T03:35:51.920+0000][1][safepoint    ] Total time for which application threads were stopped: 0.0000851 seconds, Stopping threads took: 0.0000192 seconds
[2019-12-09T03:35:52.920+0000][1][safepoint    ] Application time: 1.0000789 seconds
[2019-12-09T03:35:52.920+0000][1][safepoint    ] Entering safepoint region: Cleanup
[2019-12-09T03:35:52.920+0000][1][safepoint    ] Leaving safepoint region
[2019-12-09T03:35:52.920+0000][1][safepoint    ] Total time for which application threads were stopped: 0.0000935 seconds, Stopping threads took: 0.0000263 seconds
[2019-12-09T03:35:53.920+0000][1][safepoint    ] Application time: 1.0000774 seconds
[2019-12-09T03:35:53.920+0000][1][safepoint    ] Entering safepoint region: Cleanup
[2019-12-09T03:35:53.920+0000][1][safepoint    ] Leaving safepoint region
[2019-12-09T03:35:53.920+0000][1][safepoint    ] Total time for which application threads were stopped: 0.0000828 seconds, Stopping threads took: 0.0000181 seconds
[2019-12-09T03:35:54.920+0000][1][safepoint    ] Application time: 1.0000788 seconds
[2019-12-09T03:35:54.920+0000][1][safepoint    ] Entering safepoint region: Cleanup
[2019-12-09T03:35:54.921+0000][1][safepoint    ] Leaving safepoint region
[2019-12-09T03:35:54.921+0000][1][safepoint    ] Total time for which application threads were stopped: 0.0000941 seconds, Stopping threads took: 0.0000274 seconds
[2019-12-09T03:35:55.921+0000][1][safepoint    ] Application time: 1.0000791 seconds
[2019-12-09T03:35:55.921+0000][1][safepoint    ] Entering safepoint region: Cleanup
[2019-12-09T03:35:55.921+0000][1][safepoint    ] Leaving safepoint region
[2019-12-09T03:35:55.921+0000][1][safepoint    ] Total time for which application threads were stopped: 0.0000957 seconds, Stopping threads took: 0.0000286 seconds
[2019-12-09T03:35:56.921+0000][1][safepoint    ] Application time: 1.0000764 seconds
[2019-12-09T03:35:56.921+0000][1][safepoint    ] Entering safepoint region: Cleanup
[2019-12-09T03:35:56.921+0000][1][safepoint    ] Leaving safepoint region
[2019-12-09T03:35:56.921+0000][1][safepoint    ] Total time for which application threads were stopped: 0.0000862 seconds, Stopping threads took: 0.0000211 seconds
[2019-12-09T03:35:57.921+0000][1][safepoint    ] Application time: 1.0000782 seconds
[2019-12-09T03:35:57.921+0000][1][safepoint    ] Entering safepoint region: Cleanup
[2019-12-09T03:35:57.921+0000][1][safepoint    ] Leaving safepoint region
[2019-12-09T03:35:57.921+0000][1][safepoint    ] Total time for which application threads were stopped: 0.0000864 seconds, Stopping threads took: 0.0000190 seconds
[2019-12-09T03:35:58.921+0000][1][safepoint    ] Application time: 1.0000791 seconds
[2019-12-09T03:35:58.921+0000][1][safepoint    ] Entering safepoint region: Cleanup
[2019-12-09T03:35:58.921+0000][1][safepoint    ] Leaving safepoint region
[2019-12-09T03:35:58.921+0000][1][safepoint    ] Total time for which application threads were stopped: 0.0000837 seconds, Stopping threads took: 0.0000189 seconds
[2019-12-09T03:35:59.921+0000][1][safepoint    ] Application time: 1.0000795 seconds
[2019-12-09T03:35:59.922+0000][1][safepoint    ] Entering safepoint region: Cleanup
[2019-12-09T03:35:59.922+0000][1][safepoint    ] Leaving safepoint region
[2019-12-09T03:35:59.922+0000][1][safepoint    ] Total time for which application threads were stopped: 0.0000876 seconds, Stopping threads took: 0.0000192 seconds
[2019-12-09T03:36:00.922+0000][1][safepoint    ] Application time: 1.0000805 seconds
[2019-12-09T03:36:00.922+0000][1][safepoint    ] Entering safepoint region: Cleanup
[2019-12-09T03:36:00.922+0000][1][safepoint    ] Leaving safepoint region
[2019-12-09T03:36:00.922+0000][1][safepoint    ] Total time for which application threads were stopped: 0.0000853 seconds, Stopping threads took: 0.0000191 seconds
[2019-12-09T03:36:01.922+0000][1][safepoint    ] Application time: 1.0000805 seconds
[2019-12-09T03:36:01.922+0000][1][safepoint    ] Entering safepoint region: Cleanup
[2019-12-09T03:36:01.922+0000][1][safepoint    ] Leaving safepoint region
[2019-12-09T03:36:01.922+0000][1][safepoint    ] Total time for which application threads were stopped: 0.0000860 seconds, Stopping threads took: 0.0000193 seconds
[2019-12-09T03:36:02.922+0000][1][safepoint    ] Application time: 1.0000806 seconds
[2019-12-09T03:36:02.922+0000][1][safepoint    ] Entering safepoint region: Cleanup
[2019-12-09T03:36:02.922+0000][1][safepoint    ] Leaving safepoint region
[2019-12-09T03:36:02.922+0000][1][safepoint    ] Total time for which application threads were stopped: 0.0000988 seconds, Stopping threads took: 0.0000277 seconds
[2019-12-09T03:36:03.922+0000][1][safepoint    ] Application time: 1.0000775 seconds
[2019-12-09T03:36:03.922+0000][1][safepoint    ] Entering safepoint region: Cleanup
[2019-12-09T03:36:03.922+0000][1][safepoint    ] Leaving safepoint region
[2019-12-09T03:36:03.922+0000][1][safepoint    ] Total time for which application threads were stopped: 0.0000847 seconds, Stopping threads took: 0.0000175 seconds
[2019-12-09T03:36:04.923+0000][1][safepoint    ] Application time: 1.0000778 seconds
[2019-12-09T03:36:04.923+0000][1][safepoint    ] Entering safepoint region: Cleanup
[2019-12-09T03:36:04.923+0000][1][safepoint    ] Leaving safepoint region
[2019-12-09T03:36:04.923+0000][1][safepoint    ] Total time for which application threads were stopped: 0.0001052 seconds, Stopping threads took: 0.0000241 seconds
[2019-12-09T03:36:05.923+0000][1][safepoint    ] Application time: 1.0000754 seconds
[2019-12-09T03:36:05.923+0000][1][safepoint    ] Entering safepoint region: Cleanup
[2019-12-09T03:36:05.923+0000][1][safepoint    ] Leaving safepoint region
[2019-12-09T03:36:05.923+0000][1][safepoint    ] Total time for which application threads were stopped: 0.0000850 seconds, Stopping threads took: 0.0000185 seconds
[2019-12-09T03:36:06.923+0000][1][safepoint    ] Application time: 1.0000780 seconds
[2019-12-09T03:36:06.923+0000][1][safepoint    ] Entering safepoint region: Cleanup
[2019-12-09T03:36:06.923+0000][1][safepoint    ] Leaving safepoint region
[2019-12-09T03:36:06.923+0000][1][safepoint    ] Total time for which application threads were stopped: 0.0000849 seconds, Stopping threads took: 0.0000180 seconds
[2019-12-09T03:36:07.923+0000][1][safepoint    ] Application time: 1.0000782 seconds
[2019-12-09T03:36:07.923+0000][1][safepoint    ] Entering safepoint region: Cleanup
[2019-12-09T03:36:07.923+0000][1][safepoint    ] Leaving safepoint region
[2019-12-09T03:36:07.923+0000][1][safepoint    ] Total time for which application threads were stopped: 0.0000847 seconds, Stopping threads took: 0.0000187 seconds
[2019-12-09T03:36:08.923+0000][1][safepoint    ] Application time: 1.0000797 seconds
[2019-12-09T03:36:08.923+0000][1][safepoint    ] Entering safepoint region: Cleanup
[2019-12-09T03:36:08.924+0000][1][safepoint    ] Leaving safepoint region
[2019-12-09T03:36:08.924+0000][1][safepoint    ] Total time for which application threads were stopped: 0.0000833 seconds, Stopping threads took: 0.0000179 seconds
[2019-12-09T03:36:09.924+0000][1][safepoint    ] Application time: 1.0000824 seconds
[2019-12-09T03:36:09.924+0000][1][safepoint    ] Entering safepoint region: Cleanup
[2019-12-09T03:36:09.924+0000][1][safepoint    ] Leaving safepoint region
[2019-12-09T03:36:09.924+0000][1][safepoint    ] Total time for which application threads were stopped: 0.0001412 seconds, Stopping threads took: 0.0000436 seconds
[2019-12-09T03:36:10.924+0000][1][safepoint    ] Application time: 1.0000770 seconds
[2019-12-09T03:36:10.924+0000][1][safepoint    ] Entering safepoint region: Cleanup
[2019-12-09T03:36:10.924+0000][1][safepoint    ] Leaving safepoint region
[2019-12-09T03:36:10.924+0000][1][safepoint    ] Total time for which application threads were stopped: 0.0000877 seconds, Stopping threads took: 0.0000182 seconds
[2019-12-09T03:36:11.924+0000][1][safepoint    ] Application time: 1.0000760 seconds
[2019-12-09T03:36:11.924+0000][1][safepoint    ] Entering safepoint region: Cleanup
[2019-12-09T03:36:11.924+0000][1][safepoint    ] Leaving safepoint region
[2019-12-09T03:36:11.924+0000][1][safepoint    ] Total time for which application threads were stopped: 0.0000851 seconds, Stopping threads took: 0.0000195 seconds
[2019-12-09T03:36:12.924+0000][1][safepoint    ] Application time: 1.0000760 seconds
[2019-12-09T03:36:12.924+0000][1][safepoint    ] Entering safepoint region: Cleanup
[2019-12-09T03:36:12.924+0000][1][safepoint    ] Leaving safepoint region
[2019-12-09T03:36:12.924+0000][1][safepoint    ] Total time for which application threads were stopped: 0.0000930 seconds, Stopping threads took: 0.0000183 seconds
[2019-12-09T03:36:13.925+0000][1][safepoint    ] Application time: 1.0000756 seconds
[2019-12-09T03:36:13.925+0000][1][safepoint    ] Entering safepoint region: Cleanup
[2019-12-09T03:36:13.925+0000][1][safepoint    ] Leaving safepoint region
[2019-12-09T03:36:13.925+0000][1][safepoint    ] Total time for which application threads were stopped: 0.0000839 seconds, Stopping threads took: 0.0000185 seconds
[2019-12-09T03:36:14.925+0000][1][safepoint    ] Application time: 1.0000771 seconds
[2019-12-09T03:36:14.925+0000][1][safepoint    ] Entering safepoint region: Cleanup
[2019-12-09T03:36:14.925+0000][1][safepoint    ] Leaving safepoint region
[2019-12-09T03:36:14.925+0000][1][safepoint    ] Total time for which application threads were stopped: 0.0000859 seconds, Stopping threads took: 0.0000180 seconds
[2019-12-09T03:36:15.925+0000][1][safepoint    ] Application time: 1.0000773 seconds
[2019-12-09T03:36:15.925+0000][1][safepoint    ] Entering safepoint region: Cleanup
[2019-12-09T03:36:15.925+0000][1][safepoint    ] Leaving safepoint region
[2019-12-09T03:36:15.925+0000][1][safepoint    ] Total time for which application threads were stopped: 0.0000854 seconds, Stopping threads took: 0.0000186 seconds
[2019-12-09T03:36:16.925+0000][1][safepoint    ] Application time: 1.0000758 seconds
[2019-12-09T03:36:16.925+0000][1][safepoint    ] Entering safepoint region: Cleanup
[2019-12-09T03:36:16.925+0000][1][safepoint    ] Leaving safepoint region
[2019-12-09T03:36:16.925+0000][1][safepoint    ] Total time for which application threads were stopped: 0.0000881 seconds, Stopping threads took: 0.0000228 seconds
[2019-12-09T03:36:17.925+0000][1][safepoint    ] Application time: 1.0000768 seconds
[2019-12-09T03:36:17.925+0000][1][safepoint    ] Entering safepoint region: Cleanup
[2019-12-09T03:36:17.925+0000][1][safepoint    ] Leaving safepoint region
[2019-12-09T03:36:17.925+0000][1][safepoint    ] Total time for which application threads were stopped: 0.0000840 seconds, Stopping threads took: 0.0000182 seconds
[2019-12-09T03:36:18.926+0000][1][safepoint    ] Application time: 1.0000740 seconds
[2019-12-09T03:36:18.926+0000][1][safepoint    ] Entering safepoint region: Cleanup
[2019-12-09T03:36:18.926+0000][1][safepoint    ] Leaving safepoint region
[2019-12-09T03:36:18.926+0000][1][safepoint    ] Total time for which application threads were stopped: 0.0000998 seconds, Stopping threads took: 0.0000193 seconds
[2019-12-09T03:36:19.926+0000][1][safepoint    ] Application time: 1.0000746 seconds
[2019-12-09T03:36:19.926+0000][1][safepoint    ] Entering safepoint region: Cleanup
[2019-12-09T03:36:19.926+0000][1][safepoint    ] Leaving safepoint region
[2019-12-09T03:36:19.926+0000][1][safepoint    ] Total time for which application threads were stopped: 0.0000809 seconds, Stopping threads took: 0.0000188 seconds
[2019-12-09T03:36:20.265+0000][1][safepoint    ] Application time: 0.3389650 seconds
[2019-12-09T03:36:20.265+0000][1][safepoint    ] Entering safepoint region: GenCollectForAllocation
[2019-12-09T03:36:20.265+0000][1][gc,start     ] GC(30) Pause Young (Allocation Failure)
[2019-12-09T03:36:20.265+0000][1][gc,task      ] GC(30) Using 2 workers of 2 for evacuation
[2019-12-09T03:36:20.273+0000][1][gc,age       ] GC(30) Desired survivor size 4456448 bytes, new threshold 6 (max threshold 6)
[2019-12-09T03:36:20.273+0000][1][gc,age       ] GC(30) Age table with threshold 6 (max threshold 6)
[2019-12-09T03:36:20.273+0000][1][gc,age       ] GC(30) - age   1:       8520 bytes,       8520 total
[2019-12-09T03:36:20.273+0000][1][gc,age       ] GC(30) - age   2:       2352 bytes,      10872 total
[2019-12-09T03:36:20.273+0000][1][gc,age       ] GC(30) - age   3:       1944 bytes,      12816 total
[2019-12-09T03:36:20.273+0000][1][gc,age       ] GC(30) - age   4:       3808 bytes,      16624 total
[2019-12-09T03:36:20.273+0000][1][gc,age       ] GC(30) - age   5:       8328 bytes,      24952 total
[2019-12-09T03:36:20.273+0000][1][gc,age       ] GC(30) - age   6:      24112 bytes,      49064 total
[2019-12-09T03:36:20.273+0000][1][gc,heap      ] GC(30) ParNew: 72611K->1769K(78656K)
[2019-12-09T03:36:20.273+0000][1][gc,heap      ] GC(30) CMS: 67752K->69526K(174784K)
[2019-12-09T03:36:20.273+0000][1][gc,metaspace ] GC(30) Metaspace: 69057K->69057K(1112064K)
[2019-12-09T03:36:20.273+0000][1][gc           ] GC(30) Pause Young (Allocation Failure) 137M->69M(247M) 7.567ms
[2019-12-09T03:36:20.273+0000][1][gc,cpu       ] GC(30) User=0.01s Sys=0.00s Real=0.00s
[2019-12-09T03:36:20.273+0000][1][safepoint    ] Leaving safepoint region
[2019-12-09T03:36:20.273+0000][1][safepoint    ] Total time for which application threads were stopped: 0.0077240 seconds, Stopping threads took: 0.0000189 seconds
[2019-12-09T03:36:21.273+0000][1][safepoint    ] Application time: 1.0000734 seconds
[2019-12-09T03:36:21.273+0000][1][safepoint    ] Entering safepoint region: Cleanup
[2019-12-09T03:36:21.273+0000][1][safepoint    ] Leaving safepoint region
[2019-12-09T03:36:21.273+0000][1][safepoint    ] Total time for which application threads were stopped: 0.0001078 seconds, Stopping threads took: 0.0000241 seconds
[2019-12-09T03:36:22.273+0000][1][safepoint    ] Application time: 1.0000785 seconds
[2019-12-09T03:36:22.273+0000][1][safepoint    ] Entering safepoint region: Cleanup
[2019-12-09T03:36:22.273+0000][1][safepoint    ] Leaving safepoint region
[2019-12-09T03:36:22.273+0000][1][safepoint    ] Total time for which application threads were stopped: 0.0000775 seconds, Stopping threads took: 0.0000160 seconds
[2019-12-09T03:36:23.273+0000][1][safepoint    ] Application time: 1.0000765 seconds
[2019-12-09T03:36:23.273+0000][1][safepoint    ] Entering safepoint region: Cleanup
[2019-12-09T03:36:23.273+0000][1][safepoint    ] Leaving safepoint region
[2019-12-09T03:36:23.273+0000][1][safepoint    ] Total time for which application threads were stopped: 0.0000811 seconds, Stopping threads took: 0.0000203 seconds
[2019-12-09T03:36:24.273+0000][1][safepoint    ] Application time: 1.0000819 seconds
[2019-12-09T03:36:24.273+0000][1][safepoint    ] Entering safepoint region: Cleanup
[2019-12-09T03:36:24.273+0000][1][safepoint    ] Leaving safepoint region
[2019-12-09T03:36:24.273+0000][1][safepoint    ] Total time for which application threads were stopped: 0.0000860 seconds, Stopping threads took: 0.0000259 seconds
[2019-12-09T03:36:25.275+0000][1][safepoint    ] Application time: 1.0013764 seconds
[2019-12-09T03:36:25.275+0000][1][safepoint    ] Entering safepoint region: Cleanup
[2019-12-09T03:36:25.275+0000][1][safepoint    ] Leaving safepoint region
[2019-12-09T03:36:25.275+0000][1][safepoint    ] Total time for which application threads were stopped: 0.0001657 seconds, Stopping threads took: 0.0000784 seconds
[2019-12-09T03:36:26.275+0000][1][safepoint    ] Application time: 1.0001015 seconds
[2019-12-09T03:36:26.275+0000][1][safepoint    ] Entering safepoint region: Cleanup
[2019-12-09T03:36:26.275+0000][1][safepoint    ] Leaving safepoint region
[2019-12-09T03:36:26.275+0000][1][safepoint    ] Total time for which application threads were stopped: 0.0000806 seconds, Stopping threads took: 0.0000186 seconds
[2019-12-09T03:36:27.275+0000][1][safepoint    ] Application time: 1.0000774 seconds
[2019-12-09T03:36:27.275+0000][1][safepoint    ] Entering safepoint region: Cleanup
[2019-12-09T03:36:27.275+0000][1][safepoint    ] Leaving safepoint region
[2019-12-09T03:36:27.275+0000][1][safepoint    ] Total time for which application threads were stopped: 0.0000803 seconds, Stopping threads took: 0.0000192 seconds
[2019-12-09T03:36:28.276+0000][1][safepoint    ] Application time: 1.0000753 seconds
[2019-12-09T03:36:28.276+0000][1][safepoint    ] Entering safepoint region: Cleanup
[2019-12-09T03:36:28.276+0000][1][safepoint    ] Leaving safepoint region
[2019-12-09T03:36:28.276+0000][1][safepoint    ] Total time for which application threads were stopped: 0.0000931 seconds, Stopping threads took: 0.0000199 seconds
[2019-12-09T03:36:29.276+0000][1][safepoint    ] Application time: 1.0000764 seconds
[2019-12-09T03:36:29.276+0000][1][safepoint    ] Entering safepoint region: Cleanup
[2019-12-09T03:36:29.276+0000][1][safepoint    ] Leaving safepoint region
[2019-12-09T03:36:29.276+0000][1][safepoint    ] Total time for which application threads were stopped: 0.0000775 seconds, Stopping threads took: 0.0000177 seconds
[2019-12-09T03:36:30.276+0000][1][safepoint    ] Application time: 1.0000830 seconds
[2019-12-09T03:36:30.276+0000][1][safepoint    ] Entering safepoint region: Cleanup
[2019-12-09T03:36:30.276+0000][1][safepoint    ] Leaving safepoint region
[2019-12-09T03:36:30.276+0000][1][safepoint    ] Total time for which application threads were stopped: 0.0001313 seconds, Stopping threads took: 0.0000591 seconds
[2019-12-09T03:36:31.276+0000][1][safepoint    ] Application time: 1.0000876 seconds
[2019-12-09T03:36:31.276+0000][1][safepoint    ] Entering safepoint region: Cleanup
[2019-12-09T03:36:31.276+0000][1][safepoint    ] Leaving safepoint region
[2019-12-09T03:36:31.276+0000][1][safepoint    ] Total time for which application threads were stopped: 0.0000773 seconds, Stopping threads took: 0.0000183 seconds
[2019-12-09T03:36:32.276+0000][1][safepoint    ] Application time: 1.0000763 seconds
[2019-12-09T03:36:32.277+0000][1][safepoint    ] Entering safepoint region: Cleanup
[2019-12-09T03:36:32.277+0000][1][safepoint    ] Leaving safepoint region
[2019-12-09T03:36:32.277+0000][1][safepoint    ] Total time for which application threads were stopped: 0.0000803 seconds, Stopping threads took: 0.0000195 seconds
[2019-12-09T03:36:33.277+0000][1][safepoint    ] Application time: 1.0000851 seconds
[2019-12-09T03:36:33.277+0000][1][safepoint    ] Entering safepoint region: Cleanup
[2019-12-09T03:36:33.277+0000][1][safepoint    ] Leaving safepoint region
[2019-12-09T03:36:33.277+0000][1][safepoint    ] Total time for which application threads were stopped: 0.0000800 seconds, Stopping threads took: 0.0000176 seconds
[2019-12-09T03:36:34.277+0000][1][safepoint    ] Application time: 1.0000757 seconds
[2019-12-09T03:36:34.277+0000][1][safepoint    ] Entering safepoint region: Cleanup
[2019-12-09T03:36:34.277+0000][1][safepoint    ] Leaving safepoint region
[2019-12-09T03:36:34.277+0000][1][safepoint    ] Total time for which application threads were stopped: 0.0000777 seconds, Stopping threads took: 0.0000176 seconds
[2019-12-09T03:36:35.277+0000][1][safepoint    ] Application time: 1.0000775 seconds
[2019-12-09T03:36:35.277+0000][1][safepoint    ] Entering safepoint region: Cleanup
[2019-12-09T03:36:35.277+0000][1][safepoint    ] Leaving safepoint region
[2019-12-09T03:36:35.277+0000][1][safepoint    ] Total time for which application threads were stopped: 0.0000850 seconds, Stopping threads took: 0.0000183 seconds
[2019-12-09T03:36:36.277+0000][1][safepoint    ] Application time: 1.0000774 seconds
[2019-12-09T03:36:36.277+0000][1][safepoint    ] Entering safepoint region: Cleanup
[2019-12-09T03:36:36.277+0000][1][safepoint    ] Leaving safepoint region
[2019-12-09T03:36:36.277+0000][1][safepoint    ] Total time for which application threads were stopped: 0.0000803 seconds, Stopping threads took: 0.0000179 seconds
[2019-12-09T03:36:37.277+0000][1][safepoint    ] Application time: 1.0000777 seconds
[2019-12-09T03:36:37.278+0000][1][safepoint    ] Entering safepoint region: Cleanup
[2019-12-09T03:36:37.278+0000][1][safepoint    ] Leaving safepoint region
[2019-12-09T03:36:37.278+0000][1][safepoint    ] Total time for which application threads were stopped: 0.0000802 seconds, Stopping threads took: 0.0000185 seconds
[2019-12-09T03:36:38.278+0000][1][safepoint    ] Application time: 1.0000859 seconds
[2019-12-09T03:36:38.278+0000][1][safepoint    ] Entering safepoint region: Cleanup
[2019-12-09T03:36:38.278+0000][1][safepoint    ] Leaving safepoint region
[2019-12-09T03:36:38.278+0000][1][safepoint    ] Total time for which application threads were stopped: 0.0000781 seconds, Stopping threads took: 0.0000174 seconds
[2019-12-09T03:36:39.278+0000][1][safepoint    ] Application time: 1.0000769 seconds
[2019-12-09T03:36:39.278+0000][1][safepoint    ] Entering safepoint region: Cleanup
[2019-12-09T03:36:39.278+0000][1][safepoint    ] Leaving safepoint region
[2019-12-09T03:36:39.278+0000][1][safepoint    ] Total time for which application threads were stopped: 0.0000767 seconds, Stopping threads took: 0.0000181 seconds
[2019-12-09T03:36:40.278+0000][1][safepoint    ] Application time: 1.0000760 seconds
[2019-12-09T03:36:40.278+0000][1][safepoint    ] Entering safepoint region: Cleanup
[2019-12-09T03:36:40.278+0000][1][safepoint    ] Leaving safepoint region
[2019-12-09T03:36:40.278+0000][1][safepoint    ] Total time for which application threads were stopped: 0.0000774 seconds, Stopping threads took: 0.0000169 seconds
[2019-12-09T03:36:41.278+0000][1][safepoint    ] Application time: 1.0000771 seconds
[2019-12-09T03:36:41.278+0000][1][safepoint    ] Entering safepoint region: Cleanup
[2019-12-09T03:36:41.278+0000][1][safepoint    ] Leaving safepoint region
[2019-12-09T03:36:41.278+0000][1][safepoint    ] Total time for which application threads were stopped: 0.0000805 seconds, Stopping threads took: 0.0000186 seconds
[2019-12-09T03:36:42.278+0000][1][safepoint    ] Application time: 1.0000765 seconds
[2019-12-09T03:36:42.279+0000][1][safepoint    ] Entering safepoint region: Cleanup
[2019-12-09T03:36:42.279+0000][1][safepoint    ] Leaving safepoint region
[2019-12-09T03:36:42.279+0000][1][safepoint    ] Total time for which application threads were stopped: 0.0000778 seconds, Stopping threads took: 0.0000175 seconds
[2019-12-09T03:36:43.279+0000][1][safepoint    ] Application time: 1.0000851 seconds
[2019-12-09T03:36:43.279+0000][1][safepoint    ] Entering safepoint region: Cleanup
[2019-12-09T03:36:43.279+0000][1][safepoint    ] Leaving safepoint region
[2019-12-09T03:36:43.279+0000][1][safepoint    ] Total time for which application threads were stopped: 0.0000764 seconds, Stopping threads took: 0.0000182 seconds
[2019-12-09T03:36:44.279+0000][1][safepoint    ] Application time: 1.0000879 seconds
[2019-12-09T03:36:44.279+0000][1][safepoint    ] Entering safepoint region: Cleanup
[2019-12-09T03:36:44.279+0000][1][safepoint    ] Leaving safepoint region
[2019-12-09T03:36:44.279+0000][1][safepoint    ] Total time for which application threads were stopped: 0.0001227 seconds, Stopping threads took: 0.0000342 seconds
[2019-12-09T03:36:45.279+0000][1][safepoint    ] Application time: 1.0000810 seconds
[2019-12-09T03:36:45.279+0000][1][safepoint    ] Entering safepoint region: Cleanup
[2019-12-09T03:36:45.279+0000][1][safepoint    ] Leaving safepoint region
[2019-12-09T03:36:45.279+0000][1][safepoint    ] Total time for which application threads were stopped: 0.0001017 seconds, Stopping threads took: 0.0000239 seconds
[2019-12-09T03:36:46.280+0000][1][safepoint    ] Application time: 1.0003807 seconds
[2019-12-09T03:36:46.280+0000][1][safepoint    ] Entering safepoint region: Cleanup
[2019-12-09T03:36:46.280+0000][1][safepoint    ] Leaving safepoint region
[2019-12-09T03:36:46.280+0000][1][safepoint    ] Total time for which application threads were stopped: 0.0001053 seconds, Stopping threads took: 0.0000262 seconds
[2019-12-09T03:36:47.280+0000][1][safepoint    ] Application time: 1.0000771 seconds
[2019-12-09T03:36:47.280+0000][1][safepoint    ] Entering safepoint region: Cleanup
[2019-12-09T03:36:47.280+0000][1][safepoint    ] Leaving safepoint region
[2019-12-09T03:36:47.280+0000][1][safepoint    ] Total time for which application threads were stopped: 0.0000777 seconds, Stopping threads took: 0.0000183 seconds
[2019-12-09T03:36:48.280+0000][1][safepoint    ] Application time: 1.0000778 seconds
[2019-12-09T03:36:48.280+0000][1][safepoint    ] Entering safepoint region: Cleanup
[2019-12-09T03:36:48.280+0000][1][safepoint    ] Leaving safepoint region
[2019-12-09T03:36:48.280+0000][1][safepoint    ] Total time for which application threads were stopped: 0.0000773 seconds, Stopping threads took: 0.0000180 seconds
[2019-12-09T03:36:49.280+0000][1][safepoint    ] Application time: 1.0000765 seconds
[2019-12-09T03:36:49.280+0000][1][safepoint    ] Entering safepoint region: Cleanup
[2019-12-09T03:36:49.280+0000][1][safepoint    ] Leaving safepoint region
[2019-12-09T03:36:49.280+0000][1][safepoint    ] Total time for which application threads were stopped: 0.0000773 seconds, Stopping threads took: 0.0000177 seconds
[2019-12-09T03:36:50.281+0000][1][safepoint    ] Application time: 1.0000753 seconds
[2019-12-09T03:36:50.281+0000][1][safepoint    ] Entering safepoint region: Cleanup
[2019-12-09T03:36:50.281+0000][1][safepoint    ] Leaving safepoint region
[2019-12-09T03:36:50.281+0000][1][safepoint    ] Total time for which application threads were stopped: 0.0000776 seconds, Stopping threads took: 0.0000188 seconds
[2019-12-09T03:36:51.281+0000][1][safepoint    ] Application time: 1.0000768 seconds
[2019-12-09T03:36:51.281+0000][1][safepoint    ] Entering safepoint region: Cleanup
[2019-12-09T03:36:51.281+0000][1][safepoint    ] Leaving safepoint region
[2019-12-09T03:36:51.281+0000][1][safepoint    ] Total time for which application threads were stopped: 0.0000760 seconds, Stopping threads took: 0.0000171 seconds
[2019-12-09T03:36:52.281+0000][1][safepoint    ] Application time: 1.0000756 seconds
[2019-12-09T03:36:52.281+0000][1][safepoint    ] Entering safepoint region: Cleanup
[2019-12-09T03:36:52.281+0000][1][safepoint    ] Leaving safepoint region
[2019-12-09T03:36:52.281+0000][1][safepoint    ] Total time for which application threads were stopped: 0.0000789 seconds, Stopping threads took: 0.0000185 seconds
[2019-12-09T03:36:53.281+0000][1][safepoint    ] Application time: 1.0000764 seconds
[2019-12-09T03:36:53.281+0000][1][safepoint    ] Entering safepoint region: Cleanup
[2019-12-09T03:36:53.281+0000][1][safepoint    ] Leaving safepoint region
[2019-12-09T03:36:53.281+0000][1][safepoint    ] Total time for which application threads were stopped: 0.0000771 seconds, Stopping threads took: 0.0000173 seconds
[2019-12-09T03:36:54.265+0000][1][safepoint    ] Application time: 0.9841768 seconds
[2019-12-09T03:36:54.265+0000][1][safepoint    ] Entering safepoint region: RevokeBias
[2019-12-09T03:36:54.266+0000][1][safepoint    ] Leaving safepoint region
[2019-12-09T03:36:54.266+0000][1][safepoint    ] Total time for which application threads were stopped: 0.0001126 seconds, Stopping threads took: 0.0000209 seconds
[2019-12-09T03:36:54.266+0000][1][safepoint    ] Application time: 0.0000888 seconds
[2019-12-09T03:36:54.266+0000][1][safepoint    ] Entering safepoint region: RevokeBias
[2019-12-09T03:36:54.266+0000][1][safepoint    ] Leaving safepoint region
[2019-12-09T03:36:54.266+0000][1][safepoint    ] Total time for which application threads were stopped: 0.0000546 seconds, Stopping threads took: 0.0000135 seconds
[2019-12-09T03:36:54.274+0000][1][safepoint    ] Application time: 0.0083534 seconds
[2019-12-09T03:36:54.288+0000][1][safepoint    ] Entering safepoint region: RevokeBias
[2019-12-09T03:36:54.288+0000][1][safepoint    ] Leaving safepoint region
[2019-12-09T03:36:54.288+0000][1][safepoint    ] Total time for which application threads were stopped: 0.0137630 seconds, Stopping threads took: 0.0136861 seconds
[2019-12-09T03:36:54.288+0000][1][safepoint    ] Application time: 0.0002618 seconds
[2019-12-09T03:36:54.288+0000][1][safepoint    ] Entering safepoint region: RevokeBias
[2019-12-09T03:36:54.288+0000][1][safepoint    ] Leaving safepoint region
[2019-12-09T03:36:54.288+0000][1][safepoint    ] Total time for which application threads were stopped: 0.0000758 seconds, Stopping threads took: 0.0000143 seconds
[2019-12-09T03:36:54.289+0000][1][safepoint    ] Application time: 0.0002842 seconds
[2019-12-09T03:36:54.289+0000][1][safepoint    ] Entering safepoint region: RevokeBias
[2019-12-09T03:36:54.289+0000][1][safepoint    ] Leaving safepoint region
[2019-12-09T03:36:54.289+0000][1][safepoint    ] Total time for which application threads were stopped: 0.0000617 seconds, Stopping threads took: 0.0000129 seconds
[2019-12-09T03:36:54.289+0000][1][safepoint    ] Application time: 0.0006639 seconds
[2019-12-09T03:36:54.289+0000][1][safepoint    ] Entering safepoint region: RevokeBias
[2019-12-09T03:36:54.289+0000][1][safepoint    ] Leaving safepoint region
[2019-12-09T03:36:54.289+0000][1][safepoint    ] Total time for which application threads were stopped: 0.0000706 seconds, Stopping threads took: 0.0000157 seconds
[2019-12-09T03:36:54.289+0000][1][safepoint    ] Application time: 0.0000904 seconds
[2019-12-09T03:36:54.289+0000][1][safepoint    ] Entering safepoint region: RevokeBias
[2019-12-09T03:36:54.290+0000][1][safepoint    ] Leaving safepoint region
[2019-12-09T03:36:54.290+0000][1][safepoint    ] Total time for which application threads were stopped: 0.0000503 seconds, Stopping threads took: 0.0000099 seconds
[2019-12-09T03:36:54.290+0000][1][safepoint    ] Application time: 0.0003948 seconds
[2019-12-09T03:36:54.290+0000][1][safepoint    ] Entering safepoint region: RevokeBias
[2019-12-09T03:36:54.290+0000][1][safepoint    ] Leaving safepoint region
[2019-12-09T03:36:54.290+0000][1][safepoint    ] Total time for which application threads were stopped: 0.0000648 seconds, Stopping threads took: 0.0000124 seconds
[2019-12-09T03:36:54.290+0000][1][safepoint    ] Application time: 0.0002031 seconds
[2019-12-09T03:36:54.290+0000][1][safepoint    ] Entering safepoint region: RevokeBias
[2019-12-09T03:36:54.290+0000][1][safepoint    ] Leaving safepoint region
[2019-12-09T03:36:54.290+0000][1][safepoint    ] Total time for which application threads were stopped: 0.0000677 seconds, Stopping threads took: 0.0000096 seconds
[2019-12-09T03:36:54.292+0000][1][safepoint    ] Application time: 0.0012382 seconds
[2019-12-09T03:36:54.305+0000][1][safepoint    ] Entering safepoint region: RevokeBias
[2019-12-09T03:36:54.305+0000][1][safepoint    ] Leaving safepoint region
[2019-12-09T03:36:54.305+0000][1][safepoint    ] Total time for which application threads were stopped: 0.0133502 seconds, Stopping threads took: 0.0132827 seconds
[2019-12-09T03:36:54.308+0000][1][safepoint    ] Application time: 0.0030030 seconds
[2019-12-09T03:36:54.314+0000][1][safepoint    ] Entering safepoint region: RevokeBias
[2019-12-09T03:36:54.314+0000][1][safepoint    ] Leaving safepoint region
[2019-12-09T03:36:54.314+0000][1][safepoint    ] Total time for which application threads were stopped: 0.0064314 seconds, Stopping threads took: 0.0063382 seconds
[2019-12-09T03:36:54.315+0000][1][safepoint    ] Application time: 0.0002213 seconds
[2019-12-09T03:36:54.315+0000][1][safepoint    ] Entering safepoint region: RevokeBias
[2019-12-09T03:36:54.315+0000][1][safepoint    ] Leaving safepoint region
[2019-12-09T03:36:54.315+0000][1][safepoint    ] Total time for which application threads were stopped: 0.0000860 seconds, Stopping threads took: 0.0000118 seconds
[2019-12-09T03:36:54.315+0000][1][safepoint    ] Application time: 0.0000807 seconds
[2019-12-09T03:36:54.315+0000][1][safepoint    ] Entering safepoint region: RevokeBias
[2019-12-09T03:36:54.315+0000][1][safepoint    ] Leaving safepoint region
[2019-12-09T03:36:54.315+0000][1][safepoint    ] Total time for which application threads were stopped: 0.0000579 seconds, Stopping threads took: 0.0000090 seconds
[2019-12-09T03:36:54.315+0000][1][safepoint    ] Application time: 0.0004866 seconds
[2019-12-09T03:36:54.315+0000][1][safepoint    ] Entering safepoint region: RevokeBias
[2019-12-09T03:36:54.315+0000][1][safepoint    ] Leaving safepoint region
[2019-12-09T03:36:54.315+0000][1][safepoint    ] Total time for which application threads were stopped: 0.0000530 seconds, Stopping threads took: 0.0000106 seconds
[2019-12-09T03:36:54.316+0000][1][safepoint    ] Application time: 0.0001253 seconds
[2019-12-09T03:36:54.316+0000][1][safepoint    ] Entering safepoint region: RevokeBias
[2019-12-09T03:36:54.316+0000][1][safepoint    ] Leaving safepoint region
[2019-12-09T03:36:54.316+0000][1][safepoint    ] Total time for which application threads were stopped: 0.0000437 seconds, Stopping threads took: 0.0000085 seconds
[2019-12-09T03:36:54.316+0000][1][safepoint    ] Application time: 0.0000661 seconds
[2019-12-09T03:36:54.316+0000][1][safepoint    ] Entering safepoint region: RevokeBias
[2019-12-09T03:36:54.316+0000][1][safepoint    ] Leaving safepoint region
[2019-12-09T03:36:54.316+0000][1][safepoint    ] Total time for which application threads were stopped: 0.0000392 seconds, Stopping threads took: 0.0000081 seconds
[2019-12-09T03:36:54.316+0000][1][safepoint    ] Application time: 0.0000877 seconds
[2019-12-09T03:36:54.316+0000][1][safepoint    ] Entering safepoint region: RevokeBias
[2019-12-09T03:36:54.316+0000][1][safepoint    ] Leaving safepoint region
[2019-12-09T03:36:54.316+0000][1][safepoint    ] Total time for which application threads were stopped: 0.0000386 seconds, Stopping threads took: 0.0000075 seconds
[2019-12-09T03:36:54.316+0000][1][safepoint    ] Application time: 0.0000479 seconds
[2019-12-09T03:36:54.316+0000][1][safepoint    ] Entering safepoint region: RevokeBias
[2019-12-09T03:36:54.316+0000][1][safepoint    ] Leaving safepoint region
[2019-12-09T03:36:54.316+0000][1][safepoint    ] Total time for which application threads were stopped: 0.0000380 seconds, Stopping threads took: 0.0000075 seconds
[2019-12-09T03:36:54.316+0000][1][safepoint    ] Application time: 0.0001944 seconds
[2019-12-09T03:36:54.316+0000][1][safepoint    ] Entering safepoint region: RevokeBias
[2019-12-09T03:36:54.316+0000][1][safepoint    ] Leaving safepoint region
[2019-12-09T03:36:54.316+0000][1][safepoint    ] Total time for which application threads were stopped: 0.0000447 seconds, Stopping threads took: 0.0000088 seconds
[2019-12-09T03:36:54.316+0000][1][safepoint    ] Application time: 0.0000521 seconds
[2019-12-09T03:36:54.316+0000][1][safepoint    ] Entering safepoint region: RevokeBias
[2019-12-09T03:36:54.316+0000][1][safepoint    ] Leaving safepoint region
[2019-12-09T03:36:54.316+0000][1][safepoint    ] Total time for which application threads were stopped: 0.0000368 seconds, Stopping threads took: 0.0000077 seconds
[2019-12-09T03:36:54.319+0000][1][safepoint    ] Application time: 0.0022537 seconds
[2019-12-09T03:36:54.319+0000][1][safepoint    ] Entering safepoint region: RevokeBias
[2019-12-09T03:36:54.319+0000][1][safepoint    ] Leaving safepoint region
[2019-12-09T03:36:54.319+0000][1][safepoint    ] Total time for which application threads were stopped: 0.0000796 seconds, Stopping threads took: 0.0000117 seconds
[2019-12-09T03:36:54.343+0000][1][safepoint    ] Application time: 0.0243806 seconds
[2019-12-09T03:36:54.343+0000][1][safepoint    ] Entering safepoint region: RevokeBias
[2019-12-09T03:36:54.343+0000][1][safepoint    ] Leaving safepoint region
[2019-12-09T03:36:54.343+0000][1][safepoint    ] Total time for which application threads were stopped: 0.0001955 seconds, Stopping threads took: 0.0000122 seconds
[2019-12-09T03:36:54.366+0000][1][safepoint    ] Application time: 0.0225749 seconds
[2019-12-09T03:36:54.366+0000][1][safepoint    ] Entering safepoint region: RevokeBias
[2019-12-09T03:36:54.366+0000][1][safepoint    ] Leaving safepoint region
[2019-12-09T03:36:54.366+0000][1][safepoint    ] Total time for which application threads were stopped: 0.0000893 seconds, Stopping threads took: 0.0000148 seconds
[2019-12-09T03:36:54.366+0000][1][safepoint    ] Application time: 0.0001686 seconds
[2019-12-09T03:36:54.366+0000][1][safepoint    ] Entering safepoint region: RevokeBias
[2019-12-09T03:36:54.366+0000][1][safepoint    ] Leaving safepoint region
[2019-12-09T03:36:54.366+0000][1][safepoint    ] Total time for which application threads were stopped: 0.0000711 seconds, Stopping threads took: 0.0000124 seconds
[2019-12-09T03:36:54.367+0000][1][safepoint    ] Application time: 0.0002152 seconds
[2019-12-09T03:36:54.367+0000][1][safepoint    ] Entering safepoint region: RevokeBias
[2019-12-09T03:36:54.367+0000][1][safepoint    ] Leaving safepoint region
[2019-12-09T03:36:54.367+0000][1][safepoint    ] Total time for which application threads were stopped: 0.0000752 seconds, Stopping threads took: 0.0000115 seconds
[2019-12-09T03:36:54.367+0000][1][safepoint    ] Application time: 0.0001852 seconds
[2019-12-09T03:36:54.367+0000][1][safepoint    ] Entering safepoint region: RevokeBias
[2019-12-09T03:36:54.367+0000][1][safepoint    ] Leaving safepoint region
[2019-12-09T03:36:54.367+0000][1][safepoint    ] Total time for which application threads were stopped: 0.0000648 seconds, Stopping threads took: 0.0000115 seconds
[2019-12-09T03:36:54.367+0000][1][safepoint    ] Application time: 0.0001695 seconds
[2019-12-09T03:36:54.367+0000][1][safepoint    ] Entering safepoint region: RevokeBias
[2019-12-09T03:36:54.367+0000][1][safepoint    ] Leaving safepoint region
[2019-12-09T03:36:54.367+0000][1][safepoint    ] Total time for which application threads were stopped: 0.0000673 seconds, Stopping threads took: 0.0000106 seconds
[2019-12-09T03:36:54.367+0000][1][safepoint    ] Application time: 0.0001582 seconds
[2019-12-09T03:36:54.367+0000][1][safepoint    ] Entering safepoint region: RevokeBias
[2019-12-09T03:36:54.367+0000][1][safepoint    ] Leaving safepoint region
[2019-12-09T03:36:54.367+0000][1][safepoint    ] Total time for which application threads were stopped: 0.0000724 seconds, Stopping threads took: 0.0000110 seconds
[2019-12-09T03:36:54.382+0000][1][safepoint    ] Application time: 0.0146256 seconds
[2019-12-09T03:36:54.382+0000][1][safepoint    ] Entering safepoint region: RevokeBias
[2019-12-09T03:36:54.382+0000][1][safepoint    ] Leaving safepoint region
[2019-12-09T03:36:54.382+0000][1][safepoint    ] Total time for which application threads were stopped: 0.0002128 seconds, Stopping threads took: 0.0001179 seconds
[2019-12-09T03:36:54.407+0000][1][safepoint    ] Application time: 0.0251265 seconds
[2019-12-09T03:36:54.410+0000][1][safepoint    ] Entering safepoint region: RevokeBias
[2019-12-09T03:36:54.410+0000][1][safepoint    ] Leaving safepoint region
[2019-12-09T03:36:54.410+0000][1][safepoint    ] Total time for which application threads were stopped: 0.0026861 seconds, Stopping threads took: 0.0025840 seconds
[2019-12-09T03:36:54.454+0000][1][safepoint    ] Application time: 0.0442593 seconds
[2019-12-09T03:36:54.462+0000][1][safepoint    ] Entering safepoint region: RevokeBias
[2019-12-09T03:36:54.462+0000][1][safepoint    ] Leaving safepoint region
[2019-12-09T03:36:54.462+0000][1][safepoint    ] Total time for which application threads were stopped: 0.0078308 seconds, Stopping threads took: 0.0076841 seconds
[2019-12-09T03:36:54.470+0000][1][safepoint    ] Application time: 0.0080531 seconds
[2019-12-09T03:36:54.470+0000][1][safepoint    ] Entering safepoint region: RevokeBias
[2019-12-09T03:36:54.470+0000][1][safepoint    ] Leaving safepoint region
[2019-12-09T03:36:54.470+0000][1][safepoint    ] Total time for which application threads were stopped: 0.0001376 seconds, Stopping threads took: 0.0000138 seconds
[2019-12-09T03:36:54.472+0000][1][safepoint    ] Application time: 0.0012518 seconds
[2019-12-09T03:36:54.472+0000][1][safepoint    ] Entering safepoint region: RevokeBias
[2019-12-09T03:36:54.472+0000][1][safepoint    ] Leaving safepoint region
[2019-12-09T03:36:54.472+0000][1][safepoint    ] Total time for which application threads were stopped: 0.0001119 seconds, Stopping threads took: 0.0000122 seconds
[2019-12-09T03:36:54.484+0000][1][safepoint    ] Application time: 0.0126543 seconds
[2019-12-09T03:36:54.493+0000][1][safepoint    ] Entering safepoint region: BulkRevokeBias
[2019-12-09T03:36:54.493+0000][1][safepoint    ] Leaving safepoint region
[2019-12-09T03:36:54.493+0000][1][safepoint    ] Total time for which application threads were stopped: 0.0088670 seconds, Stopping threads took: 0.0084892 seconds
[2019-12-09T03:36:54.495+0000][1][safepoint    ] Application time: 0.0020184 seconds
[2019-12-09T03:36:54.495+0000][1][safepoint    ] Entering safepoint region: RevokeBias
[2019-12-09T03:36:54.496+0000][1][safepoint    ] Leaving safepoint region
[2019-12-09T03:36:54.496+0000][1][safepoint    ] Total time for which application threads were stopped: 0.0000890 seconds, Stopping threads took: 0.0000117 seconds
[2019-12-09T03:36:54.512+0000][1][safepoint    ] Application time: 0.0164312 seconds
[2019-12-09T03:36:54.512+0000][1][safepoint    ] Entering safepoint region: RevokeBias
[2019-12-09T03:36:54.512+0000][1][safepoint    ] Leaving safepoint region
[2019-12-09T03:36:54.512+0000][1][safepoint    ] Total time for which application threads were stopped: 0.0000769 seconds, Stopping threads took: 0.0000136 seconds
[2019-12-09T03:36:54.515+0000][1][safepoint    ] Application time: 0.0027371 seconds
[2019-12-09T03:36:54.515+0000][1][safepoint    ] Entering safepoint region: RevokeBias
[2019-12-09T03:36:54.515+0000][1][safepoint    ] Leaving safepoint region
[2019-12-09T03:36:54.515+0000][1][safepoint    ] Total time for which application threads were stopped: 0.0001561 seconds, Stopping threads took: 0.0000885 seconds
[2019-12-09T03:36:54.546+0000][1][safepoint    ] Application time: 0.0307232 seconds
[2019-12-09T03:36:54.546+0000][1][safepoint    ] Entering safepoint region: RevokeBias
[2019-12-09T03:36:54.546+0000][1][safepoint    ] Leaving safepoint region
[2019-12-09T03:36:54.546+0000][1][safepoint    ] Total time for which application threads were stopped: 0.0000869 seconds, Stopping threads took: 0.0000150 seconds
[2019-12-09T03:36:54.546+0000][1][safepoint    ] Application time: 0.0001185 seconds
[2019-12-09T03:36:54.546+0000][1][safepoint    ] Entering safepoint region: RevokeBias
[2019-12-09T03:36:54.546+0000][1][safepoint    ] Leaving safepoint region
[2019-12-09T03:36:54.546+0000][1][safepoint    ] Total time for which application threads were stopped: 0.0000695 seconds, Stopping threads took: 0.0000105 seconds
[2019-12-09T03:36:54.548+0000][1][safepoint    ] Application time: 0.0019797 seconds
[2019-12-09T03:36:54.548+0000][1][safepoint    ] Entering safepoint region: RevokeBias
[2019-12-09T03:36:54.548+0000][1][safepoint    ] Leaving safepoint region
[2019-12-09T03:36:54.548+0000][1][safepoint    ] Total time for which application threads were stopped: 0.0001158 seconds, Stopping threads took: 0.0000421 seconds
[2019-12-09T03:36:54.562+0000][1][safepoint    ] Application time: 0.0138602 seconds
[2019-12-09T03:36:54.567+0000][1][safepoint    ] Entering safepoint region: RevokeBias
[2019-12-09T03:36:54.567+0000][1][safepoint    ] Leaving safepoint region
[2019-12-09T03:36:54.567+0000][1][safepoint    ] Total time for which application threads were stopped: 0.0048317 seconds, Stopping threads took: 0.0047723 seconds
[2019-12-09T03:36:54.567+0000][1][safepoint    ] Application time: 0.0000669 seconds
[2019-12-09T03:36:54.567+0000][1][safepoint    ] Entering safepoint region: RevokeBias
[2019-12-09T03:36:54.567+0000][1][safepoint    ] Leaving safepoint region
[2019-12-09T03:36:54.567+0000][1][safepoint    ] Total time for which application threads were stopped: 0.0000403 seconds, Stopping threads took: 0.0000085 seconds
[2019-12-09T03:36:54.567+0000][1][safepoint    ] Application time: 0.0000785 seconds
[2019-12-09T03:36:54.567+0000][1][safepoint    ] Entering safepoint region: RevokeBias
[2019-12-09T03:36:54.567+0000][1][safepoint    ] Leaving safepoint region
[2019-12-09T03:36:54.567+0000][1][safepoint    ] Total time for which application threads were stopped: 0.0000385 seconds, Stopping threads took: 0.0000080 seconds
[2019-12-09T03:36:54.567+0000][1][safepoint    ] Application time: 0.0000646 seconds
[2019-12-09T03:36:54.567+0000][1][safepoint    ] Entering safepoint region: RevokeBias
[2019-12-09T03:36:54.567+0000][1][safepoint    ] Leaving safepoint region
[2019-12-09T03:36:54.567+0000][1][safepoint    ] Total time for which application threads were stopped: 0.0000389 seconds, Stopping threads took: 0.0000078 seconds
[2019-12-09T03:36:54.567+0000][1][safepoint    ] Application time: 0.0000681 seconds
[2019-12-09T03:36:54.567+0000][1][safepoint    ] Entering safepoint region: RevokeBias
[2019-12-09T03:36:54.567+0000][1][safepoint    ] Leaving safepoint region
[2019-12-09T03:36:54.567+0000][1][safepoint    ] Total time for which application threads were stopped: 0.0000386 seconds, Stopping threads took: 0.0000079 seconds
[2019-12-09T03:36:54.569+0000][1][safepoint    ] Application time: 0.0015456 seconds
[2019-12-09T03:36:54.569+0000][1][safepoint    ] Entering safepoint region: RevokeBias
[2019-12-09T03:36:54.569+0000][1][safepoint    ] Leaving safepoint region
[2019-12-09T03:36:54.569+0000][1][safepoint    ] Total time for which application threads were stopped: 0.0000601 seconds, Stopping threads took: 0.0000118 seconds
[2019-12-09T03:36:54.569+0000][1][safepoint    ] Application time: 0.0003707 seconds
[2019-12-09T03:36:54.569+0000][1][safepoint    ] Entering safepoint region: BulkRevokeBias
[2019-12-09T03:36:54.570+0000][1][safepoint    ] Leaving safepoint region
[2019-12-09T03:36:54.570+0000][1][safepoint    ] Total time for which application threads were stopped: 0.0003854 seconds, Stopping threads took: 0.0000111 seconds
[2019-12-09T03:36:54.607+0000][1][safepoint    ] Application time: 0.0370063 seconds
[2019-12-09T03:36:54.617+0000][1][safepoint    ] Entering safepoint region: RevokeBias
[2019-12-09T03:36:54.617+0000][1][safepoint    ] Leaving safepoint region
[2019-12-09T03:36:54.617+0000][1][safepoint    ] Total time for which application threads were stopped: 0.0099415 seconds, Stopping threads took: 0.0098891 seconds
[2019-12-09T03:36:54.655+0000][1][safepoint    ] Application time: 0.0380011 seconds
[2019-12-09T03:36:54.655+0000][1][safepoint    ] Entering safepoint region: RevokeBias
[2019-12-09T03:36:54.655+0000][1][safepoint    ] Leaving safepoint region
[2019-12-09T03:36:54.655+0000][1][safepoint    ] Total time for which application threads were stopped: 0.0000797 seconds, Stopping threads took: 0.0000143 seconds
[2019-12-09T03:36:54.655+0000][1][safepoint    ] Application time: 0.0005243 seconds
[2019-12-09T03:36:54.655+0000][1][safepoint    ] Entering safepoint region: RevokeBias
[2019-12-09T03:36:54.656+0000][1][safepoint    ] Leaving safepoint region
[2019-12-09T03:36:54.656+0000][1][safepoint    ] Total time for which application threads were stopped: 0.0000843 seconds, Stopping threads took: 0.0000310 seconds
[2019-12-09T03:36:54.675+0000][1][safepoint    ] Application time: 0.0198937 seconds
[2019-12-09T03:36:54.675+0000][1][safepoint    ] Entering safepoint region: RevokeBias
[2019-12-09T03:36:54.676+0000][1][safepoint    ] Leaving safepoint region
[2019-12-09T03:36:54.676+0000][1][safepoint    ] Total time for which application threads were stopped: 0.0000628 seconds, Stopping threads took: 0.0000121 seconds
[2019-12-09T03:36:54.703+0000][1][safepoint    ] Application time: 0.0275013 seconds
[2019-12-09T03:36:54.703+0000][1][safepoint    ] Entering safepoint region: RevokeBias
[2019-12-09T03:36:54.703+0000][1][safepoint    ] Leaving safepoint region
[2019-12-09T03:36:54.703+0000][1][safepoint    ] Total time for which application threads were stopped: 0.0000481 seconds, Stopping threads took: 0.0000110 seconds
[2019-12-09T03:36:54.716+0000][1][safepoint    ] Application time: 0.0126310 seconds
[2019-12-09T03:36:54.716+0000][1][safepoint    ] Entering safepoint region: RevokeBias
[2019-12-09T03:36:54.716+0000][1][safepoint    ] Leaving safepoint region
[2019-12-09T03:36:54.716+0000][1][safepoint    ] Total time for which application threads were stopped: 0.0000398 seconds, Stopping threads took: 0.0000115 seconds
[2019-12-09T03:36:54.737+0000][1][safepoint    ] Application time: 0.0207913 seconds
[2019-12-09T03:36:54.737+0000][1][safepoint    ] Entering safepoint region: RevokeBias
[2019-12-09T03:36:54.737+0000][1][safepoint    ] Leaving safepoint region
[2019-12-09T03:36:54.737+0000][1][safepoint    ] Total time for which application threads were stopped: 0.0000637 seconds, Stopping threads took: 0.0000093 seconds
[2019-12-09T03:36:54.768+0000][1][safepoint    ] Application time: 0.0308937 seconds
[2019-12-09T03:36:54.768+0000][1][safepoint    ] Entering safepoint region: RevokeBias
[2019-12-09T03:36:54.768+0000][1][safepoint    ] Leaving safepoint region
[2019-12-09T03:36:54.768+0000][1][safepoint    ] Total time for which application threads were stopped: 0.0000792 seconds, Stopping threads took: 0.0000136 seconds
[2019-12-09T03:36:54.811+0000][1][gc,heap,exit ] Heap
[2019-12-09T03:36:54.811+0000][1][gc,heap,exit ]  par new generation   total 78656K, used 30417K [0x00000000f0000000, 0x00000000f5550000, 0x00000000f5550000)
[2019-12-09T03:36:54.811+0000][1][gc,heap,exit ]   eden space 69952K,  40% used [0x00000000f0000000, 0x00000000f1bf9d38, 0x00000000f4450000)
[2019-12-09T03:36:54.811+0000][1][gc,heap,exit ]   from space 8704K,  20% used [0x00000000f4450000, 0x00000000f460a7f0, 0x00000000f4cd0000)
[2019-12-09T03:36:54.811+0000][1][gc,heap,exit ]   to   space 8704K,   0% used [0x00000000f4cd0000, 0x00000000f4cd0000, 0x00000000f5550000)
[2019-12-09T03:36:54.811+0000][1][gc,heap,exit ]  concurrent mark-sweep generation total 174784K, used 69526K [0x00000000f5550000, 0x0000000100000000, 0x0000000100000000)
[2019-12-09T03:36:54.811+0000][1][gc,heap,exit ]  Metaspace       used 69313K, capacity 74450K, committed 74780K, reserved 1112064K
[2019-12-09T03:36:54.811+0000][1][gc,heap,exit ]   class space    used 9354K, capacity 11560K, committed 11688K, reserved 1048576K
[2019-12-09T03:36:54.811+0000][1][safepoint    ] Application time: 0.0432136 seconds
[2019-12-09T03:36:54.811+0000][1][safepoint    ] Entering safepoint region: Exit
