[2019-12-08T11:32:33.945+0000][1][gc] Using Concurrent Mark Sweep
[2019-12-08T11:32:33.945+0000][1][gc,heap,coops] Heap address: 0x00000000f0000000, size: 256 MB, Compressed Oops mode: 32-bit
[2019-12-08T11:32:34.127+0000][1][safepoint    ] Entering safepoint region: EnableBiasedLocking
[2019-12-08T11:32:34.127+0000][1][safepoint    ] Leaving safepoint region
[2019-12-08T11:32:34.127+0000][1][safepoint    ] Total time for which application threads were stopped: 0.0003347 seconds, Stopping threads took: 0.0002179 seconds
[2019-12-08T11:32:34.142+0000][1][safepoint    ] Application time: 0.0090700 seconds
[2019-12-08T11:32:34.142+0000][1][safepoint    ] Entering safepoint region: RevokeBias
[2019-12-08T11:32:34.142+0000][1][safepoint    ] Leaving safepoint region
[2019-12-08T11:32:34.142+0000][1][safepoint    ] Total time for which application threads were stopped: 0.0001648 seconds, Stopping threads took: 0.0000436 seconds
[2019-12-08T11:32:34.221+0000][1][safepoint    ] Application time: 0.0789033 seconds
[2019-12-08T11:32:34.221+0000][1][safepoint    ] Entering safepoint region: Deoptimize
[2019-12-08T11:32:34.221+0000][1][safepoint    ] Leaving safepoint region
[2019-12-08T11:32:34.221+0000][1][safepoint    ] Total time for which application threads were stopped: 0.0000756 seconds, Stopping threads took: 0.0000147 seconds
[2019-12-08T11:32:34.583+0000][1][safepoint    ] Application time: 0.3615898 seconds
[2019-12-08T11:32:34.583+0000][1][safepoint    ] Entering safepoint region: Deoptimize
[2019-12-08T11:32:34.583+0000][1][safepoint    ] Leaving safepoint region
[2019-12-08T11:32:34.583+0000][1][safepoint    ] Total time for which application threads were stopped: 0.0000952 seconds, Stopping threads took: 0.0000105 seconds
[2019-12-08T11:32:35.588+0000][1][safepoint    ] Application time: 1.0048609 seconds
[2019-12-08T11:32:35.588+0000][1][safepoint    ] Entering safepoint region: Cleanup
[2019-12-08T11:32:35.588+0000][1][safepoint    ] Leaving safepoint region
[2019-12-08T11:32:35.588+0000][1][safepoint    ] Total time for which application threads were stopped: 0.0001765 seconds, Stopping threads took: 0.0000959 seconds
[2019-12-08T11:32:35.942+0000][1][safepoint    ] Application time: 0.3537791 seconds
[2019-12-08T11:32:35.942+0000][1][safepoint    ] Entering safepoint region: Deoptimize
[2019-12-08T11:32:35.942+0000][1][safepoint    ] Leaving safepoint region
[2019-12-08T11:32:35.942+0000][1][safepoint    ] Total time for which application threads were stopped: 0.0001630 seconds, Stopping threads took: 0.0000117 seconds
[2019-12-08T11:32:36.144+0000][1][safepoint    ] Application time: 0.2017882 seconds
[2019-12-08T11:32:36.144+0000][1][safepoint    ] Entering safepoint region: Deoptimize
[2019-12-08T11:32:36.144+0000][1][safepoint    ] Leaving safepoint region
[2019-12-08T11:32:36.144+0000][1][safepoint    ] Total time for which application threads were stopped: 0.0001529 seconds, Stopping threads took: 0.0000110 seconds
[2019-12-08T11:32:36.205+0000][1][safepoint    ] Application time: 0.0611507 seconds
[2019-12-08T11:32:36.205+0000][1][safepoint    ] Entering safepoint region: Deoptimize
[2019-12-08T11:32:36.205+0000][1][safepoint    ] Leaving safepoint region
[2019-12-08T11:32:36.205+0000][1][safepoint    ] Total time for which application threads were stopped: 0.0001534 seconds, Stopping threads took: 0.0000119 seconds
[2019-12-08T11:32:37.210+0000][1][safepoint    ] Application time: 1.0044710 seconds
[2019-12-08T11:32:37.241+0000][1][safepoint    ] Entering safepoint region: Cleanup
[2019-12-08T11:32:37.241+0000][1][safepoint    ] Leaving safepoint region
[2019-12-08T11:32:37.241+0000][1][safepoint    ] Total time for which application threads were stopped: 0.0310764 seconds, Stopping threads took: 0.0310050 seconds
[2019-12-08T11:32:38.248+0000][1][safepoint    ] Application time: 1.0068609 seconds
[2019-12-08T11:32:38.248+0000][1][safepoint    ] Entering safepoint region: Cleanup
[2019-12-08T11:32:38.248+0000][1][safepoint    ] Leaving safepoint region
[2019-12-08T11:32:38.248+0000][1][safepoint    ] Total time for which application threads were stopped: 0.0000710 seconds, Stopping threads took: 0.0000139 seconds
[2019-12-08T11:32:38.753+0000][1][safepoint    ] Application time: 0.5054472 seconds
[2019-12-08T11:32:38.753+0000][1][safepoint    ] Entering safepoint region: Deoptimize
[2019-12-08T11:32:38.754+0000][1][safepoint    ] Leaving safepoint region
[2019-12-08T11:32:38.754+0000][1][safepoint    ] Total time for which application threads were stopped: 0.0002023 seconds, Stopping threads took: 0.0000116 seconds
[2019-12-08T11:32:39.756+0000][1][safepoint    ] Application time: 1.0021700 seconds
[2019-12-08T11:32:39.756+0000][1][safepoint    ] Entering safepoint region: Cleanup
[2019-12-08T11:32:39.756+0000][1][safepoint    ] Leaving safepoint region
[2019-12-08T11:32:39.756+0000][1][safepoint    ] Total time for which application threads were stopped: 0.0000600 seconds, Stopping threads took: 0.0000140 seconds
[2019-12-08T11:32:39.926+0000][1][safepoint    ] Application time: 0.1698984 seconds
[2019-12-08T11:32:39.926+0000][1][safepoint    ] Entering safepoint region: RevokeBias
[2019-12-08T11:32:39.926+0000][1][safepoint    ] Leaving safepoint region
[2019-12-08T11:32:39.926+0000][1][safepoint    ] Total time for which application threads were stopped: 0.0001174 seconds, Stopping threads took: 0.0000106 seconds
[2019-12-08T11:32:40.315+0000][1][safepoint    ] Application time: 0.3888505 seconds
[2019-12-08T11:32:40.315+0000][1][safepoint    ] Entering safepoint region: Deoptimize
[2019-12-08T11:32:40.315+0000][1][safepoint    ] Leaving safepoint region
[2019-12-08T11:32:40.315+0000][1][safepoint    ] Total time for which application threads were stopped: 0.0002572 seconds, Stopping threads took: 0.0000123 seconds
[2019-12-08T11:32:40.857+0000][1][safepoint    ] Application time: 0.5416904 seconds
[2019-12-08T11:32:40.857+0000][1][safepoint    ] Entering safepoint region: Deoptimize
[2019-12-08T11:32:40.857+0000][1][safepoint    ] Leaving safepoint region
[2019-12-08T11:32:40.857+0000][1][safepoint    ] Total time for which application threads were stopped: 0.0002966 seconds, Stopping threads took: 0.0000111 seconds
[2019-12-08T11:32:40.863+0000][1][safepoint    ] Application time: 0.0056596 seconds
[2019-12-08T11:32:40.863+0000][1][safepoint    ] Entering safepoint region: Deoptimize
[2019-12-08T11:32:40.863+0000][1][safepoint    ] Leaving safepoint region
[2019-12-08T11:32:40.863+0000][1][safepoint    ] Total time for which application threads were stopped: 0.0002422 seconds, Stopping threads took: 0.0000117 seconds
[2019-12-08T11:32:40.944+0000][1][safepoint    ] Application time: 0.0807170 seconds
[2019-12-08T11:32:40.944+0000][1][safepoint    ] Entering safepoint region: Deoptimize
[2019-12-08T11:32:40.944+0000][1][safepoint    ] Leaving safepoint region
[2019-12-08T11:32:40.944+0000][1][safepoint    ] Total time for which application threads were stopped: 0.0002320 seconds, Stopping threads took: 0.0000108 seconds
[2019-12-08T11:32:41.001+0000][1][safepoint    ] Application time: 0.0568402 seconds
[2019-12-08T11:32:41.003+0000][1][safepoint    ] Entering safepoint region: RevokeBias
[2019-12-08T11:32:41.003+0000][1][safepoint    ] Leaving safepoint region
[2019-12-08T11:32:41.003+0000][1][safepoint    ] Total time for which application threads were stopped: 0.0019709 seconds, Stopping threads took: 0.0018977 seconds
[2019-12-08T11:32:41.011+0000][1][safepoint    ] Application time: 0.0078947 seconds
[2019-12-08T11:32:41.015+0000][1][safepoint    ] Entering safepoint region: RevokeBias
[2019-12-08T11:32:41.015+0000][1][safepoint    ] Leaving safepoint region
[2019-12-08T11:32:41.015+0000][1][safepoint    ] Total time for which application threads were stopped: 0.0040593 seconds, Stopping threads took: 0.0039984 seconds
[2019-12-08T11:32:41.026+0000][1][safepoint    ] Application time: 0.0110168 seconds
[2019-12-08T11:32:41.026+0000][1][safepoint    ] Entering safepoint region: RevokeBias
[2019-12-08T11:32:41.026+0000][1][safepoint    ] Leaving safepoint region
[2019-12-08T11:32:41.026+0000][1][safepoint    ] Total time for which application threads were stopped: 0.0000926 seconds, Stopping threads took: 0.0000400 seconds
[2019-12-08T11:32:41.038+0000][1][safepoint    ] Application time: 0.0115808 seconds
[2019-12-08T11:32:41.048+0000][1][safepoint    ] Entering safepoint region: RevokeBias
[2019-12-08T11:32:41.048+0000][1][safepoint    ] Leaving safepoint region
[2019-12-08T11:32:41.048+0000][1][safepoint    ] Total time for which application threads were stopped: 0.0102563 seconds, Stopping threads took: 0.0101796 seconds
[2019-12-08T11:32:41.048+0000][1][safepoint    ] Application time: 0.0006315 seconds
[2019-12-08T11:32:41.048+0000][1][safepoint    ] Entering safepoint region: RevokeBias
[2019-12-08T11:32:41.049+0000][1][safepoint    ] Leaving safepoint region
[2019-12-08T11:32:41.049+0000][1][safepoint    ] Total time for which application threads were stopped: 0.0000775 seconds, Stopping threads took: 0.0000106 seconds
[2019-12-08T11:32:42.052+0000][1][safepoint    ] Application time: 1.0031735 seconds
[2019-12-08T11:32:42.067+0000][1][safepoint    ] Entering safepoint region: Cleanup
[2019-12-08T11:32:42.067+0000][1][safepoint    ] Leaving safepoint region
[2019-12-08T11:32:42.067+0000][1][safepoint    ] Total time for which application threads were stopped: 0.0150991 seconds, Stopping threads took: 0.0150157 seconds
[2019-12-08T11:32:42.096+0000][1][safepoint    ] Application time: 0.0289338 seconds
[2019-12-08T11:32:42.096+0000][1][safepoint    ] Entering safepoint region: GenCollectForAllocation
[2019-12-08T11:32:42.096+0000][1][gc,start     ] GC(0) Pause Young (Allocation Failure)
[2019-12-08T11:32:42.160+0000][1][gc,task      ] GC(0) Using 4 workers of 4 for evacuation
[2019-12-08T11:32:42.242+0000][1][gc,age       ] GC(0) Desired survivor size 4456448 bytes, new threshold 1 (max threshold 6)
[2019-12-08T11:32:42.242+0000][1][gc,age       ] GC(0) Age table with threshold 1 (max threshold 6)
[2019-12-08T11:32:42.242+0000][1][gc,age       ] GC(0) - age   1:    6701320 bytes,    6701320 total
[2019-12-08T11:32:42.242+0000][1][gc,heap      ] GC(0) ParNew: 69952K->6625K(78656K)
[2019-12-08T11:32:42.242+0000][1][gc,heap      ] GC(0) CMS: 0K->0K(174784K)
[2019-12-08T11:32:42.242+0000][1][gc,metaspace ] GC(0) Metaspace: 12961K->12961K(1060864K)
[2019-12-08T11:32:42.242+0000][1][gc           ] GC(0) Pause Young (Allocation Failure) 68M->6M(247M) 146.234ms
[2019-12-08T11:32:42.242+0000][1][gc,cpu       ] GC(0) User=0.05s Sys=0.00s Real=0.15s
[2019-12-08T11:32:42.242+0000][1][safepoint    ] Leaving safepoint region
[2019-12-08T11:32:42.242+0000][1][safepoint    ] Total time for which application threads were stopped: 0.1463679 seconds, Stopping threads took: 0.0000132 seconds
[2019-12-08T11:32:42.253+0000][1][safepoint    ] Application time: 0.0110238 seconds
[2019-12-08T11:32:42.375+0000][1][safepoint    ] Entering safepoint region: RevokeBias
[2019-12-08T11:32:42.375+0000][1][safepoint    ] Leaving safepoint region
[2019-12-08T11:32:42.375+0000][1][safepoint    ] Total time for which application threads were stopped: 0.1215904 seconds, Stopping threads took: 0.1215190 seconds
[2019-12-08T11:32:42.438+0000][1][safepoint    ] Application time: 0.0626626 seconds
[2019-12-08T11:32:42.508+0000][1][safepoint    ] Entering safepoint region: RevokeBias
[2019-12-08T11:32:42.508+0000][1][safepoint    ] Leaving safepoint region
[2019-12-08T11:32:42.508+0000][1][safepoint    ] Total time for which application threads were stopped: 0.0703188 seconds, Stopping threads took: 0.0701951 seconds
[2019-12-08T11:32:42.508+0000][1][safepoint    ] Application time: 0.0000856 seconds
[2019-12-08T11:32:42.514+0000][1][safepoint    ] Entering safepoint region: RevokeBias
[2019-12-08T11:32:42.514+0000][1][safepoint    ] Leaving safepoint region
[2019-12-08T11:32:42.514+0000][1][safepoint    ] Total time for which application threads were stopped: 0.0058432 seconds, Stopping threads took: 0.0057540 seconds
[2019-12-08T11:32:42.514+0000][1][safepoint    ] Application time: 0.0000900 seconds
[2019-12-08T11:32:42.514+0000][1][safepoint    ] Entering safepoint region: RevokeBias
[2019-12-08T11:32:42.514+0000][1][safepoint    ] Leaving safepoint region
[2019-12-08T11:32:42.514+0000][1][safepoint    ] Total time for which application threads were stopped: 0.0000652 seconds, Stopping threads took: 0.0000181 seconds
[2019-12-08T11:32:42.514+0000][1][safepoint    ] Application time: 0.0000459 seconds
[2019-12-08T11:32:42.514+0000][1][safepoint    ] Entering safepoint region: RevokeBias
[2019-12-08T11:32:42.514+0000][1][safepoint    ] Leaving safepoint region
[2019-12-08T11:32:42.514+0000][1][safepoint    ] Total time for which application threads were stopped: 0.0000489 seconds, Stopping threads took: 0.0000070 seconds
[2019-12-08T11:32:42.514+0000][1][safepoint    ] Application time: 0.0000488 seconds
[2019-12-08T11:32:42.514+0000][1][safepoint    ] Entering safepoint region: RevokeBias
[2019-12-08T11:32:42.514+0000][1][safepoint    ] Leaving safepoint region
[2019-12-08T11:32:42.514+0000][1][safepoint    ] Total time for which application threads were stopped: 0.0000503 seconds, Stopping threads took: 0.0000070 seconds
[2019-12-08T11:32:42.514+0000][1][safepoint    ] Application time: 0.0000449 seconds
[2019-12-08T11:32:42.514+0000][1][safepoint    ] Entering safepoint region: RevokeBias
[2019-12-08T11:32:42.514+0000][1][safepoint    ] Leaving safepoint region
[2019-12-08T11:32:42.514+0000][1][safepoint    ] Total time for which application threads were stopped: 0.0000497 seconds, Stopping threads took: 0.0000071 seconds
[2019-12-08T11:32:42.514+0000][1][safepoint    ] Application time: 0.0000475 seconds
[2019-12-08T11:32:42.514+0000][1][safepoint    ] Entering safepoint region: RevokeBias
[2019-12-08T11:32:42.514+0000][1][safepoint    ] Leaving safepoint region
[2019-12-08T11:32:42.514+0000][1][safepoint    ] Total time for which application threads were stopped: 0.0000499 seconds, Stopping threads took: 0.0000069 seconds
[2019-12-08T11:32:42.514+0000][1][safepoint    ] Application time: 0.0000444 seconds
[2019-12-08T11:32:42.514+0000][1][safepoint    ] Entering safepoint region: RevokeBias
[2019-12-08T11:32:42.515+0000][1][safepoint    ] Leaving safepoint region
[2019-12-08T11:32:42.515+0000][1][safepoint    ] Total time for which application threads were stopped: 0.0000486 seconds, Stopping threads took: 0.0000070 seconds
[2019-12-08T11:32:42.515+0000][1][safepoint    ] Application time: 0.0000471 seconds
[2019-12-08T11:32:42.515+0000][1][safepoint    ] Entering safepoint region: RevokeBias
[2019-12-08T11:32:42.515+0000][1][safepoint    ] Leaving safepoint region
[2019-12-08T11:32:42.515+0000][1][safepoint    ] Total time for which application threads were stopped: 0.0000489 seconds, Stopping threads took: 0.0000069 seconds
[2019-12-08T11:32:42.515+0000][1][safepoint    ] Application time: 0.0000583 seconds
[2019-12-08T11:32:42.515+0000][1][safepoint    ] Entering safepoint region: RevokeBias
[2019-12-08T11:32:42.515+0000][1][safepoint    ] Leaving safepoint region
[2019-12-08T11:32:42.515+0000][1][safepoint    ] Total time for which application threads were stopped: 0.0000525 seconds, Stopping threads took: 0.0000068 seconds
[2019-12-08T11:32:42.515+0000][1][safepoint    ] Application time: 0.0000504 seconds
[2019-12-08T11:32:42.515+0000][1][safepoint    ] Entering safepoint region: RevokeBias
[2019-12-08T11:32:42.515+0000][1][safepoint    ] Leaving safepoint region
[2019-12-08T11:32:42.515+0000][1][safepoint    ] Total time for which application threads were stopped: 0.0000495 seconds, Stopping threads took: 0.0000067 seconds
[2019-12-08T11:32:42.515+0000][1][safepoint    ] Application time: 0.0000448 seconds
[2019-12-08T11:32:42.515+0000][1][safepoint    ] Entering safepoint region: RevokeBias
[2019-12-08T11:32:42.515+0000][1][safepoint    ] Leaving safepoint region
[2019-12-08T11:32:42.515+0000][1][safepoint    ] Total time for which application threads were stopped: 0.0000488 seconds, Stopping threads took: 0.0000069 seconds
[2019-12-08T11:32:42.515+0000][1][safepoint    ] Application time: 0.0000501 seconds
[2019-12-08T11:32:42.515+0000][1][safepoint    ] Entering safepoint region: RevokeBias
[2019-12-08T11:32:42.515+0000][1][safepoint    ] Leaving safepoint region
[2019-12-08T11:32:42.515+0000][1][safepoint    ] Total time for which application threads were stopped: 0.0000564 seconds, Stopping threads took: 0.0000133 seconds
[2019-12-08T11:32:42.515+0000][1][safepoint    ] Application time: 0.0000460 seconds
[2019-12-08T11:32:42.515+0000][1][safepoint    ] Entering safepoint region: RevokeBias
[2019-12-08T11:32:42.515+0000][1][safepoint    ] Leaving safepoint region
[2019-12-08T11:32:42.515+0000][1][safepoint    ] Total time for which application threads were stopped: 0.0000484 seconds, Stopping threads took: 0.0000066 seconds
[2019-12-08T11:32:42.515+0000][1][safepoint    ] Application time: 0.0000497 seconds
[2019-12-08T11:32:42.515+0000][1][safepoint    ] Entering safepoint region: RevokeBias
[2019-12-08T11:32:42.515+0000][1][safepoint    ] Leaving safepoint region
[2019-12-08T11:32:42.515+0000][1][safepoint    ] Total time for which application threads were stopped: 0.0000475 seconds, Stopping threads took: 0.0000067 seconds
[2019-12-08T11:32:42.515+0000][1][safepoint    ] Application time: 0.0000459 seconds
[2019-12-08T11:32:42.515+0000][1][safepoint    ] Entering safepoint region: RevokeBias
[2019-12-08T11:32:42.515+0000][1][safepoint    ] Leaving safepoint region
[2019-12-08T11:32:42.515+0000][1][safepoint    ] Total time for which application threads were stopped: 0.0000504 seconds, Stopping threads took: 0.0000072 seconds
[2019-12-08T11:32:42.516+0000][1][safepoint    ] Application time: 0.0000549 seconds
[2019-12-08T11:32:42.516+0000][1][safepoint    ] Entering safepoint region: RevokeBias
[2019-12-08T11:32:42.516+0000][1][safepoint    ] Leaving safepoint region
[2019-12-08T11:32:42.516+0000][1][safepoint    ] Total time for which application threads were stopped: 0.0000500 seconds, Stopping threads took: 0.0000069 seconds
[2019-12-08T11:32:42.516+0000][1][safepoint    ] Application time: 0.0000451 seconds
[2019-12-08T11:32:42.516+0000][1][safepoint    ] Entering safepoint region: RevokeBias
[2019-12-08T11:32:42.516+0000][1][safepoint    ] Leaving safepoint region
[2019-12-08T11:32:42.516+0000][1][safepoint    ] Total time for which application threads were stopped: 0.0000485 seconds, Stopping threads took: 0.0000066 seconds
[2019-12-08T11:32:42.516+0000][1][safepoint    ] Application time: 0.0000915 seconds
[2019-12-08T11:32:42.516+0000][1][safepoint    ] Entering safepoint region: RevokeBias
[2019-12-08T11:32:42.516+0000][1][safepoint    ] Leaving safepoint region
[2019-12-08T11:32:42.516+0000][1][safepoint    ] Total time for which application threads were stopped: 0.0000511 seconds, Stopping threads took: 0.0000074 seconds
[2019-12-08T11:32:42.516+0000][1][safepoint    ] Application time: 0.0000512 seconds
[2019-12-08T11:32:42.516+0000][1][safepoint    ] Entering safepoint region: RevokeBias
[2019-12-08T11:32:42.516+0000][1][safepoint    ] Leaving safepoint region
[2019-12-08T11:32:42.516+0000][1][safepoint    ] Total time for which application threads were stopped: 0.0000490 seconds, Stopping threads took: 0.0000069 seconds
[2019-12-08T11:32:42.516+0000][1][safepoint    ] Application time: 0.0000477 seconds
[2019-12-08T11:32:42.516+0000][1][safepoint    ] Entering safepoint region: RevokeBias
[2019-12-08T11:32:42.516+0000][1][safepoint    ] Leaving safepoint region
[2019-12-08T11:32:42.516+0000][1][safepoint    ] Total time for which application threads were stopped: 0.0000491 seconds, Stopping threads took: 0.0000069 seconds
[2019-12-08T11:32:42.516+0000][1][safepoint    ] Application time: 0.0000445 seconds
[2019-12-08T11:32:42.516+0000][1][safepoint    ] Entering safepoint region: RevokeBias
[2019-12-08T11:32:42.516+0000][1][safepoint    ] Leaving safepoint region
[2019-12-08T11:32:42.516+0000][1][safepoint    ] Total time for which application threads were stopped: 0.0000484 seconds, Stopping threads took: 0.0000065 seconds
[2019-12-08T11:32:42.516+0000][1][safepoint    ] Application time: 0.0000499 seconds
[2019-12-08T11:32:42.516+0000][1][safepoint    ] Entering safepoint region: RevokeBias
[2019-12-08T11:32:42.516+0000][1][safepoint    ] Leaving safepoint region
[2019-12-08T11:32:42.516+0000][1][safepoint    ] Total time for which application threads were stopped: 0.0000543 seconds, Stopping threads took: 0.0000119 seconds
[2019-12-08T11:32:42.516+0000][1][safepoint    ] Application time: 0.0000450 seconds
[2019-12-08T11:32:42.516+0000][1][safepoint    ] Entering safepoint region: RevokeBias
[2019-12-08T11:32:42.516+0000][1][safepoint    ] Leaving safepoint region
[2019-12-08T11:32:42.516+0000][1][safepoint    ] Total time for which application threads were stopped: 0.0000486 seconds, Stopping threads took: 0.0000068 seconds
[2019-12-08T11:32:42.516+0000][1][safepoint    ] Application time: 0.0000684 seconds
[2019-12-08T11:32:42.516+0000][1][safepoint    ] Entering safepoint region: RevokeBias
[2019-12-08T11:32:42.517+0000][1][safepoint    ] Leaving safepoint region
[2019-12-08T11:32:42.517+0000][1][safepoint    ] Total time for which application threads were stopped: 0.0000497 seconds, Stopping threads took: 0.0000065 seconds
[2019-12-08T11:32:42.517+0000][1][safepoint    ] Application time: 0.0000446 seconds
[2019-12-08T11:32:42.517+0000][1][safepoint    ] Entering safepoint region: RevokeBias
[2019-12-08T11:32:42.517+0000][1][safepoint    ] Leaving safepoint region
[2019-12-08T11:32:42.517+0000][1][safepoint    ] Total time for which application threads were stopped: 0.0000482 seconds, Stopping threads took: 0.0000067 seconds
[2019-12-08T11:32:42.517+0000][1][safepoint    ] Application time: 0.0003590 seconds
[2019-12-08T11:32:42.517+0000][1][safepoint    ] Entering safepoint region: RevokeBias
[2019-12-08T11:32:42.517+0000][1][safepoint    ] Leaving safepoint region
[2019-12-08T11:32:42.517+0000][1][safepoint    ] Total time for which application threads were stopped: 0.0000757 seconds, Stopping threads took: 0.0000098 seconds
[2019-12-08T11:32:42.517+0000][1][safepoint    ] Application time: 0.0000589 seconds
[2019-12-08T11:32:42.517+0000][1][safepoint    ] Entering safepoint region: RevokeBias
[2019-12-08T11:32:42.517+0000][1][safepoint    ] Leaving safepoint region
[2019-12-08T11:32:42.517+0000][1][safepoint    ] Total time for which application threads were stopped: 0.0000614 seconds, Stopping threads took: 0.0000080 seconds
[2019-12-08T11:32:42.517+0000][1][safepoint    ] Application time: 0.0000678 seconds
[2019-12-08T11:32:42.517+0000][1][safepoint    ] Entering safepoint region: RevokeBias
[2019-12-08T11:32:42.517+0000][1][safepoint    ] Leaving safepoint region
[2019-12-08T11:32:42.517+0000][1][safepoint    ] Total time for which application threads were stopped: 0.0000559 seconds, Stopping threads took: 0.0000078 seconds
[2019-12-08T11:32:42.517+0000][1][safepoint    ] Application time: 0.0000517 seconds
[2019-12-08T11:32:42.517+0000][1][safepoint    ] Entering safepoint region: RevokeBias
[2019-12-08T11:32:42.518+0000][1][safepoint    ] Leaving safepoint region
[2019-12-08T11:32:42.518+0000][1][safepoint    ] Total time for which application threads were stopped: 0.0000585 seconds, Stopping threads took: 0.0000085 seconds
[2019-12-08T11:32:43.158+0000][1][safepoint    ] Application time: 0.6403541 seconds
[2019-12-08T11:32:43.158+0000][1][safepoint    ] Entering safepoint region: Deoptimize
[2019-12-08T11:32:43.158+0000][1][safepoint    ] Leaving safepoint region
[2019-12-08T11:32:43.158+0000][1][safepoint    ] Total time for which application threads were stopped: 0.0004172 seconds, Stopping threads took: 0.0000133 seconds
[2019-12-08T11:32:43.963+0000][1][safepoint    ] Application time: 0.8044646 seconds
[2019-12-08T11:32:43.963+0000][1][safepoint    ] Entering safepoint region: RevokeBias
[2019-12-08T11:32:43.963+0000][1][safepoint    ] Leaving safepoint region
[2019-12-08T11:32:43.963+0000][1][safepoint    ] Total time for which application threads were stopped: 0.0001319 seconds, Stopping threads took: 0.0000143 seconds
[2019-12-08T11:32:44.872+0000][1][safepoint    ] Application time: 0.9093861 seconds
[2019-12-08T11:32:44.872+0000][1][safepoint    ] Entering safepoint region: GenCollectForAllocation
[2019-12-08T11:32:44.873+0000][1][gc,start     ] GC(1) Pause Young (Allocation Failure)
[2019-12-08T11:32:44.873+0000][1][gc,task      ] GC(1) Using 4 workers of 4 for evacuation
[2019-12-08T11:32:45.131+0000][1][gc,age       ] GC(1) Desired survivor size 4456448 bytes, new threshold 6 (max threshold 6)
[2019-12-08T11:32:45.131+0000][1][gc,age       ] GC(1) Age table with threshold 6 (max threshold 6)
[2019-12-08T11:32:45.131+0000][1][gc,age       ] GC(1) - age   1:    1222384 bytes,    1222384 total
[2019-12-08T11:32:45.131+0000][1][gc,heap      ] GC(1) ParNew: 76577K->4103K(78656K)
[2019-12-08T11:32:45.131+0000][1][gc,heap      ] GC(1) CMS: 0K->7050K(174784K)
[2019-12-08T11:32:45.131+0000][1][gc,metaspace ] GC(1) Metaspace: 14882K->14882K(1062912K)
[2019-12-08T11:32:45.131+0000][1][gc           ] GC(1) Pause Young (Allocation Failure) 74M->10M(247M) 258.564ms
[2019-12-08T11:32:45.131+0000][1][gc,cpu       ] GC(1) User=0.11s Sys=0.00s Real=0.26s
[2019-12-08T11:32:45.131+0000][1][safepoint    ] Leaving safepoint region
[2019-12-08T11:32:45.131+0000][1][safepoint    ] Total time for which application threads were stopped: 0.2587393 seconds, Stopping threads took: 0.0000225 seconds
[2019-12-08T11:32:45.141+0000][1][safepoint    ] Application time: 0.0097792 seconds
[2019-12-08T11:32:45.161+0000][1][safepoint    ] Entering safepoint region: BulkRevokeBias
[2019-12-08T11:32:45.161+0000][1][safepoint    ] Leaving safepoint region
[2019-12-08T11:32:45.161+0000][1][safepoint    ] Total time for which application threads were stopped: 0.0199578 seconds, Stopping threads took: 0.0198079 seconds
[2019-12-08T11:32:45.161+0000][1][safepoint    ] Application time: 0.0001339 seconds
[2019-12-08T11:32:45.161+0000][1][safepoint    ] Entering safepoint region: RevokeBias
[2019-12-08T11:32:45.161+0000][1][safepoint    ] Leaving safepoint region
[2019-12-08T11:32:45.161+0000][1][safepoint    ] Total time for which application threads were stopped: 0.0000596 seconds, Stopping threads took: 0.0000089 seconds
[2019-12-08T11:32:45.161+0000][1][safepoint    ] Application time: 0.0000772 seconds
[2019-12-08T11:32:45.161+0000][1][safepoint    ] Entering safepoint region: RevokeBias
[2019-12-08T11:32:45.161+0000][1][safepoint    ] Leaving safepoint region
[2019-12-08T11:32:45.161+0000][1][safepoint    ] Total time for which application threads were stopped: 0.0000581 seconds, Stopping threads took: 0.0000088 seconds
[2019-12-08T11:32:45.161+0000][1][safepoint    ] Application time: 0.0000548 seconds
[2019-12-08T11:32:45.161+0000][1][safepoint    ] Entering safepoint region: RevokeBias
[2019-12-08T11:32:45.161+0000][1][safepoint    ] Leaving safepoint region
[2019-12-08T11:32:45.161+0000][1][safepoint    ] Total time for which application threads were stopped: 0.0000519 seconds, Stopping threads took: 0.0000078 seconds
[2019-12-08T11:32:45.161+0000][1][safepoint    ] Application time: 0.0000709 seconds
[2019-12-08T11:32:45.161+0000][1][safepoint    ] Entering safepoint region: RevokeBias
[2019-12-08T11:32:45.162+0000][1][safepoint    ] Leaving safepoint region
[2019-12-08T11:32:45.162+0000][1][safepoint    ] Total time for which application threads were stopped: 0.0000548 seconds, Stopping threads took: 0.0000087 seconds
[2019-12-08T11:32:45.162+0000][1][safepoint    ] Application time: 0.0000538 seconds
[2019-12-08T11:32:45.162+0000][1][safepoint    ] Entering safepoint region: RevokeBias
[2019-12-08T11:32:45.162+0000][1][safepoint    ] Leaving safepoint region
[2019-12-08T11:32:45.162+0000][1][safepoint    ] Total time for which application threads were stopped: 0.0000531 seconds, Stopping threads took: 0.0000079 seconds
[2019-12-08T11:32:45.162+0000][1][safepoint    ] Application time: 0.0000778 seconds
[2019-12-08T11:32:45.162+0000][1][safepoint    ] Entering safepoint region: BulkRevokeBias
[2019-12-08T11:32:45.162+0000][1][safepoint    ] Leaving safepoint region
[2019-12-08T11:32:45.162+0000][1][safepoint    ] Total time for which application threads were stopped: 0.0000852 seconds, Stopping threads took: 0.0000088 seconds
[2019-12-08T11:32:45.162+0000][1][safepoint    ] Application time: 0.0000486 seconds
[2019-12-08T11:32:45.162+0000][1][safepoint    ] Entering safepoint region: RevokeBias
[2019-12-08T11:32:45.162+0000][1][safepoint    ] Leaving safepoint region
[2019-12-08T11:32:45.162+0000][1][safepoint    ] Total time for which application threads were stopped: 0.0000502 seconds, Stopping threads took: 0.0000068 seconds
[2019-12-08T11:32:45.162+0000][1][safepoint    ] Application time: 0.0000555 seconds
[2019-12-08T11:32:45.162+0000][1][safepoint    ] Entering safepoint region: BulkRevokeBias
[2019-12-08T11:32:45.162+0000][1][safepoint    ] Leaving safepoint region
[2019-12-08T11:32:45.162+0000][1][safepoint    ] Total time for which application threads were stopped: 0.0000728 seconds, Stopping threads took: 0.0000075 seconds
[2019-12-08T11:32:46.202+0000][1][safepoint    ] Application time: 1.0395855 seconds
[2019-12-08T11:32:46.202+0000][1][safepoint    ] Entering safepoint region: Cleanup
[2019-12-08T11:32:46.202+0000][1][safepoint    ] Leaving safepoint region
[2019-12-08T11:32:46.202+0000][1][safepoint    ] Total time for which application threads were stopped: 0.0001038 seconds, Stopping threads took: 0.0000291 seconds
[2019-12-08T11:32:46.733+0000][1][safepoint    ] Application time: 0.5307880 seconds
[2019-12-08T11:32:46.733+0000][1][safepoint    ] Entering safepoint region: Deoptimize
[2019-12-08T11:32:46.733+0000][1][safepoint    ] Leaving safepoint region
[2019-12-08T11:32:46.733+0000][1][safepoint    ] Total time for which application threads were stopped: 0.0004013 seconds, Stopping threads took: 0.0000148 seconds
[2019-12-08T11:32:46.747+0000][1][safepoint    ] Application time: 0.0133783 seconds
[2019-12-08T11:32:46.747+0000][1][safepoint    ] Entering safepoint region: Deoptimize
[2019-12-08T11:32:46.747+0000][1][safepoint    ] Leaving safepoint region
[2019-12-08T11:32:46.747+0000][1][safepoint    ] Total time for which application threads were stopped: 0.0003658 seconds, Stopping threads took: 0.0000126 seconds
[2019-12-08T11:32:47.132+0000][1][safepoint    ] Application time: 0.3849643 seconds
[2019-12-08T11:32:47.132+0000][1][safepoint    ] Entering safepoint region: GenCollectForAllocation
[2019-12-08T11:32:47.132+0000][1][gc,start     ] GC(2) Pause Young (Allocation Failure)
[2019-12-08T11:32:47.132+0000][1][gc,task      ] GC(2) Using 4 workers of 4 for evacuation
[2019-12-08T11:32:47.230+0000][1][gc,age       ] GC(2) Desired survivor size 4456448 bytes, new threshold 6 (max threshold 6)
[2019-12-08T11:32:47.230+0000][1][gc,age       ] GC(2) Age table with threshold 6 (max threshold 6)
[2019-12-08T11:32:47.230+0000][1][gc,age       ] GC(2) - age   1:    2380368 bytes,    2380368 total
[2019-12-08T11:32:47.230+0000][1][gc,age       ] GC(2) - age   2:     949328 bytes,    3329696 total
[2019-12-08T11:32:47.230+0000][1][gc,heap      ] GC(2) ParNew: 74055K->3610K(78656K)
[2019-12-08T11:32:47.230+0000][1][gc,heap      ] GC(2) CMS: 7050K->7050K(174784K)
[2019-12-08T11:32:47.230+0000][1][gc,metaspace ] GC(2) Metaspace: 17061K->17061K(1064960K)
[2019-12-08T11:32:47.230+0000][1][gc           ] GC(2) Pause Young (Allocation Failure) 79M->10M(247M) 97.943ms
[2019-12-08T11:32:47.230+0000][1][gc,cpu       ] GC(2) User=0.04s Sys=0.01s Real=0.09s
[2019-12-08T11:32:47.230+0000][1][safepoint    ] Leaving safepoint region
[2019-12-08T11:32:47.230+0000][1][safepoint    ] Total time for which application threads were stopped: 0.0980936 seconds, Stopping threads took: 0.0000137 seconds
[2019-12-08T11:32:47.235+0000][1][safepoint    ] Application time: 0.0047051 seconds
[2019-12-08T11:32:47.280+0000][1][safepoint    ] Entering safepoint region: RevokeBias
[2019-12-08T11:32:47.280+0000][1][safepoint    ] Leaving safepoint region
[2019-12-08T11:32:47.280+0000][1][safepoint    ] Total time for which application threads were stopped: 0.0452301 seconds, Stopping threads took: 0.0450508 seconds
[2019-12-08T11:32:47.280+0000][1][safepoint    ] Application time: 0.0000740 seconds
[2019-12-08T11:32:47.280+0000][1][safepoint    ] Entering safepoint region: RevokeBias
[2019-12-08T11:32:47.280+0000][1][safepoint    ] Leaving safepoint region
[2019-12-08T11:32:47.280+0000][1][safepoint    ] Total time for which application threads were stopped: 0.0000793 seconds, Stopping threads took: 0.0000196 seconds
[2019-12-08T11:32:47.280+0000][1][safepoint    ] Application time: 0.0000726 seconds
[2019-12-08T11:32:47.280+0000][1][safepoint    ] Entering safepoint region: RevokeBias
[2019-12-08T11:32:47.280+0000][1][safepoint    ] Leaving safepoint region
[2019-12-08T11:32:47.280+0000][1][safepoint    ] Total time for which application threads were stopped: 0.0000589 seconds, Stopping threads took: 0.0000078 seconds
[2019-12-08T11:32:47.280+0000][1][safepoint    ] Application time: 0.0000490 seconds
[2019-12-08T11:32:47.280+0000][1][safepoint    ] Entering safepoint region: RevokeBias
[2019-12-08T11:32:47.280+0000][1][safepoint    ] Leaving safepoint region
[2019-12-08T11:32:47.280+0000][1][safepoint    ] Total time for which application threads were stopped: 0.0000714 seconds, Stopping threads took: 0.0000079 seconds
[2019-12-08T11:32:47.280+0000][1][safepoint    ] Application time: 0.0000539 seconds
[2019-12-08T11:32:47.280+0000][1][safepoint    ] Entering safepoint region: RevokeBias
[2019-12-08T11:32:47.281+0000][1][safepoint    ] Leaving safepoint region
[2019-12-08T11:32:47.281+0000][1][safepoint    ] Total time for which application threads were stopped: 0.0000609 seconds, Stopping threads took: 0.0000071 seconds
[2019-12-08T11:32:47.281+0000][1][safepoint    ] Application time: 0.0000443 seconds
[2019-12-08T11:32:47.281+0000][1][safepoint    ] Entering safepoint region: RevokeBias
[2019-12-08T11:32:47.281+0000][1][safepoint    ] Leaving safepoint region
[2019-12-08T11:32:47.281+0000][1][safepoint    ] Total time for which application threads were stopped: 0.0000681 seconds, Stopping threads took: 0.0000064 seconds
[2019-12-08T11:32:47.281+0000][1][safepoint    ] Application time: 0.0000660 seconds
[2019-12-08T11:32:47.281+0000][1][safepoint    ] Entering safepoint region: RevokeBias
[2019-12-08T11:32:47.281+0000][1][safepoint    ] Leaving safepoint region
[2019-12-08T11:32:47.281+0000][1][safepoint    ] Total time for which application threads were stopped: 0.0000566 seconds, Stopping threads took: 0.0000075 seconds
[2019-12-08T11:32:47.281+0000][1][safepoint    ] Application time: 0.0000437 seconds
[2019-12-08T11:32:47.281+0000][1][safepoint    ] Entering safepoint region: RevokeBias
[2019-12-08T11:32:47.281+0000][1][safepoint    ] Leaving safepoint region
[2019-12-08T11:32:47.281+0000][1][safepoint    ] Total time for which application threads were stopped: 0.0000539 seconds, Stopping threads took: 0.0000067 seconds
[2019-12-08T11:32:47.281+0000][1][safepoint    ] Application time: 0.0000474 seconds
[2019-12-08T11:32:47.281+0000][1][safepoint    ] Entering safepoint region: RevokeBias
[2019-12-08T11:32:47.281+0000][1][safepoint    ] Leaving safepoint region
[2019-12-08T11:32:47.281+0000][1][safepoint    ] Total time for which application threads were stopped: 0.0000540 seconds, Stopping threads took: 0.0000066 seconds
[2019-12-08T11:32:47.281+0000][1][safepoint    ] Application time: 0.0000426 seconds
[2019-12-08T11:32:47.281+0000][1][safepoint    ] Entering safepoint region: RevokeBias
[2019-12-08T11:32:47.281+0000][1][safepoint    ] Leaving safepoint region
[2019-12-08T11:32:47.281+0000][1][safepoint    ] Total time for which application threads were stopped: 0.0000534 seconds, Stopping threads took: 0.0000072 seconds
[2019-12-08T11:32:47.281+0000][1][safepoint    ] Application time: 0.0000456 seconds
[2019-12-08T11:32:47.281+0000][1][safepoint    ] Entering safepoint region: RevokeBias
[2019-12-08T11:32:47.281+0000][1][safepoint    ] Leaving safepoint region
[2019-12-08T11:32:47.281+0000][1][safepoint    ] Total time for which application threads were stopped: 0.0000528 seconds, Stopping threads took: 0.0000066 seconds
[2019-12-08T11:32:47.281+0000][1][safepoint    ] Application time: 0.0000429 seconds
[2019-12-08T11:32:47.281+0000][1][safepoint    ] Entering safepoint region: RevokeBias
[2019-12-08T11:32:47.281+0000][1][safepoint    ] Leaving safepoint region
[2019-12-08T11:32:47.281+0000][1][safepoint    ] Total time for which application threads were stopped: 0.0000588 seconds, Stopping threads took: 0.0000126 seconds
[2019-12-08T11:32:47.281+0000][1][safepoint    ] Application time: 0.0000466 seconds
[2019-12-08T11:32:47.281+0000][1][safepoint    ] Entering safepoint region: RevokeBias
[2019-12-08T11:32:47.281+0000][1][safepoint    ] Leaving safepoint region
[2019-12-08T11:32:47.281+0000][1][safepoint    ] Total time for which application threads were stopped: 0.0000537 seconds, Stopping threads took: 0.0000068 seconds
[2019-12-08T11:32:47.282+0000][1][safepoint    ] Application time: 0.0000428 seconds
[2019-12-08T11:32:47.282+0000][1][safepoint    ] Entering safepoint region: RevokeBias
[2019-12-08T11:32:47.282+0000][1][safepoint    ] Leaving safepoint region
[2019-12-08T11:32:47.282+0000][1][safepoint    ] Total time for which application threads were stopped: 0.0000528 seconds, Stopping threads took: 0.0000066 seconds
[2019-12-08T11:32:47.282+0000][1][safepoint    ] Application time: 0.0000457 seconds
[2019-12-08T11:32:47.282+0000][1][safepoint    ] Entering safepoint region: RevokeBias
[2019-12-08T11:32:47.282+0000][1][safepoint    ] Leaving safepoint region
[2019-12-08T11:32:47.282+0000][1][safepoint    ] Total time for which application threads were stopped: 0.0000691 seconds, Stopping threads took: 0.0000065 seconds
[2019-12-08T11:32:47.282+0000][1][safepoint    ] Application time: 0.0000435 seconds
[2019-12-08T11:32:47.282+0000][1][safepoint    ] Entering safepoint region: RevokeBias
[2019-12-08T11:32:47.282+0000][1][safepoint    ] Leaving safepoint region
[2019-12-08T11:32:47.282+0000][1][safepoint    ] Total time for which application threads were stopped: 0.0000525 seconds, Stopping threads took: 0.0000068 seconds
[2019-12-08T11:32:47.282+0000][1][safepoint    ] Application time: 0.0000469 seconds
[2019-12-08T11:32:47.282+0000][1][safepoint    ] Entering safepoint region: RevokeBias
[2019-12-08T11:32:47.282+0000][1][safepoint    ] Leaving safepoint region
[2019-12-08T11:32:47.282+0000][1][safepoint    ] Total time for which application threads were stopped: 0.0000525 seconds, Stopping threads took: 0.0000068 seconds
[2019-12-08T11:32:47.282+0000][1][safepoint    ] Application time: 0.0000902 seconds
[2019-12-08T11:32:47.282+0000][1][safepoint    ] Entering safepoint region: RevokeBias
[2019-12-08T11:32:47.282+0000][1][safepoint    ] Leaving safepoint region
[2019-12-08T11:32:47.282+0000][1][safepoint    ] Total time for which application threads were stopped: 0.0000547 seconds, Stopping threads took: 0.0000066 seconds
[2019-12-08T11:32:47.282+0000][1][safepoint    ] Application time: 0.0000482 seconds
[2019-12-08T11:32:47.282+0000][1][safepoint    ] Entering safepoint region: RevokeBias
[2019-12-08T11:32:47.282+0000][1][safepoint    ] Leaving safepoint region
[2019-12-08T11:32:47.282+0000][1][safepoint    ] Total time for which application threads were stopped: 0.0000537 seconds, Stopping threads took: 0.0000068 seconds
[2019-12-08T11:32:47.282+0000][1][safepoint    ] Application time: 0.0001622 seconds
[2019-12-08T11:32:47.282+0000][1][safepoint    ] Entering safepoint region: RevokeBias
[2019-12-08T11:32:47.282+0000][1][safepoint    ] Leaving safepoint region
[2019-12-08T11:32:47.282+0000][1][safepoint    ] Total time for which application threads were stopped: 0.0000558 seconds, Stopping threads took: 0.0000072 seconds
[2019-12-08T11:32:47.283+0000][1][safepoint    ] Application time: 0.0000427 seconds
[2019-12-08T11:32:47.283+0000][1][safepoint    ] Entering safepoint region: RevokeBias
[2019-12-08T11:32:47.283+0000][1][safepoint    ] Leaving safepoint region
[2019-12-08T11:32:47.283+0000][1][safepoint    ] Total time for which application threads were stopped: 0.0000519 seconds, Stopping threads took: 0.0000063 seconds
[2019-12-08T11:32:47.452+0000][1][safepoint    ] Application time: 0.1693564 seconds
[2019-12-08T11:32:47.456+0000][1][safepoint    ] Entering safepoint region: RevokeBias
[2019-12-08T11:32:47.456+0000][1][safepoint    ] Leaving safepoint region
[2019-12-08T11:32:47.456+0000][1][safepoint    ] Total time for which application threads were stopped: 0.0039064 seconds, Stopping threads took: 0.0038290 seconds
[2019-12-08T11:32:48.479+0000][1][safepoint    ] Application time: 1.0228384 seconds
[2019-12-08T11:32:48.483+0000][1][safepoint    ] Entering safepoint region: Cleanup
[2019-12-08T11:32:48.483+0000][1][safepoint    ] Leaving safepoint region
[2019-12-08T11:32:48.483+0000][1][safepoint    ] Total time for which application threads were stopped: 0.0041022 seconds, Stopping threads took: 0.0040373 seconds
[2019-12-08T11:32:48.530+0000][1][safepoint    ] Application time: 0.0469818 seconds
[2019-12-08T11:32:48.530+0000][1][safepoint    ] Entering safepoint region: GenCollectForAllocation
[2019-12-08T11:32:48.530+0000][1][gc,start     ] GC(3) Pause Young (Allocation Failure)
[2019-12-08T11:32:48.530+0000][1][gc,task      ] GC(3) Using 4 workers of 4 for evacuation
[2019-12-08T11:32:48.592+0000][1][gc,age       ] GC(3) Desired survivor size 4456448 bytes, new threshold 2 (max threshold 6)
[2019-12-08T11:32:48.592+0000][1][gc,age       ] GC(3) Age table with threshold 2 (max threshold 6)
[2019-12-08T11:32:48.592+0000][1][gc,age       ] GC(3) - age   1:    3394712 bytes,    3394712 total
[2019-12-08T11:32:48.592+0000][1][gc,age       ] GC(3) - age   2:    2198896 bytes,    5593608 total
[2019-12-08T11:32:48.592+0000][1][gc,age       ] GC(3) - age   3:     949200 bytes,    6542808 total
[2019-12-08T11:32:48.592+0000][1][gc,heap      ] GC(3) ParNew: 73562K->8068K(78656K)
[2019-12-08T11:32:48.593+0000][1][gc,heap      ] GC(3) CMS: 7050K->7050K(174784K)
[2019-12-08T11:32:48.593+0000][1][gc,metaspace ] GC(3) Metaspace: 18532K->18532K(1067008K)
[2019-12-08T11:32:48.593+0000][1][gc           ] GC(3) Pause Young (Allocation Failure) 78M->14M(247M) 62.582ms
[2019-12-08T11:32:48.593+0000][1][gc,cpu       ] GC(3) User=0.04s Sys=0.00s Real=0.07s
[2019-12-08T11:32:48.593+0000][1][safepoint    ] Leaving safepoint region
[2019-12-08T11:32:48.593+0000][1][safepoint    ] Total time for which application threads were stopped: 0.0627204 seconds, Stopping threads took: 0.0000147 seconds
[2019-12-08T11:32:48.597+0000][1][safepoint    ] Application time: 0.0043306 seconds
[2019-12-08T11:32:48.597+0000][1][safepoint    ] Entering safepoint region: BulkRevokeBias
[2019-12-08T11:32:48.597+0000][1][safepoint    ] Leaving safepoint region
[2019-12-08T11:32:48.597+0000][1][safepoint    ] Total time for which application threads were stopped: 0.0001577 seconds, Stopping threads took: 0.0000132 seconds
[2019-12-08T11:32:48.598+0000][1][safepoint    ] Application time: 0.0007276 seconds
[2019-12-08T11:32:48.598+0000][1][safepoint    ] Entering safepoint region: RevokeBias
[2019-12-08T11:32:48.598+0000][1][safepoint    ] Leaving safepoint region
[2019-12-08T11:32:48.598+0000][1][safepoint    ] Total time for which application threads were stopped: 0.0000705 seconds, Stopping threads took: 0.0000130 seconds
[2019-12-08T11:32:48.598+0000][1][safepoint    ] Application time: 0.0000701 seconds
[2019-12-08T11:32:48.598+0000][1][safepoint    ] Entering safepoint region: RevokeBias
[2019-12-08T11:32:48.598+0000][1][safepoint    ] Leaving safepoint region
[2019-12-08T11:32:48.598+0000][1][safepoint    ] Total time for which application threads were stopped: 0.0000478 seconds, Stopping threads took: 0.0000088 seconds
[2019-12-08T11:32:48.598+0000][1][safepoint    ] Application time: 0.0000541 seconds
[2019-12-08T11:32:48.598+0000][1][safepoint    ] Entering safepoint region: RevokeBias
[2019-12-08T11:32:48.598+0000][1][safepoint    ] Leaving safepoint region
[2019-12-08T11:32:48.598+0000][1][safepoint    ] Total time for which application threads were stopped: 0.0000438 seconds, Stopping threads took: 0.0000088 seconds
[2019-12-08T11:32:49.093+0000][1][safepoint    ] Application time: 0.4945450 seconds
[2019-12-08T11:32:49.093+0000][1][safepoint    ] Entering safepoint region: Deoptimize
[2019-12-08T11:32:49.093+0000][1][safepoint    ] Leaving safepoint region
[2019-12-08T11:32:49.093+0000][1][safepoint    ] Total time for which application threads were stopped: 0.0003997 seconds, Stopping threads took: 0.0000221 seconds
[2019-12-08T11:32:49.342+0000][1][safepoint    ] Application time: 0.2486795 seconds
[2019-12-08T11:32:49.342+0000][1][safepoint    ] Entering safepoint region: Deoptimize
[2019-12-08T11:32:49.342+0000][1][safepoint    ] Leaving safepoint region
[2019-12-08T11:32:49.342+0000][1][safepoint    ] Total time for which application threads were stopped: 0.0003891 seconds, Stopping threads took: 0.0000121 seconds
[2019-12-08T11:32:49.363+0000][1][safepoint    ] Application time: 0.0205955 seconds
[2019-12-08T11:32:49.363+0000][1][safepoint    ] Entering safepoint region: RevokeBias
[2019-12-08T11:32:49.363+0000][1][safepoint    ] Leaving safepoint region
[2019-12-08T11:32:49.363+0000][1][safepoint    ] Total time for which application threads were stopped: 0.0000830 seconds, Stopping threads took: 0.0000129 seconds
[2019-12-08T11:32:49.515+0000][1][safepoint    ] Application time: 0.1522055 seconds
[2019-12-08T11:32:49.515+0000][1][safepoint    ] Entering safepoint region: GenCollectForAllocation
[2019-12-08T11:32:49.515+0000][1][gc,start     ] GC(4) Pause Young (Allocation Failure)
[2019-12-08T11:32:49.515+0000][1][gc,task      ] GC(4) Using 4 workers of 4 for evacuation
[2019-12-08T11:32:49.600+0000][1][gc,age       ] GC(4) Desired survivor size 4456448 bytes, new threshold 6 (max threshold 6)
[2019-12-08T11:32:49.600+0000][1][gc,age       ] GC(4) Age table with threshold 6 (max threshold 6)
[2019-12-08T11:32:49.600+0000][1][gc,age       ] GC(4) - age   1:    2037064 bytes,    2037064 total
[2019-12-08T11:32:49.600+0000][1][gc,age       ] GC(4) - age   2:    1515272 bytes,    3552336 total
[2019-12-08T11:32:49.600+0000][1][gc,heap      ] GC(4) ParNew: 78020K->6545K(78656K)
[2019-12-08T11:32:49.600+0000][1][gc,heap      ] GC(4) CMS: 7050K->10157K(174784K)
[2019-12-08T11:32:49.600+0000][1][gc,metaspace ] GC(4) Metaspace: 18911K->18911K(1067008K)
[2019-12-08T11:32:49.600+0000][1][gc           ] GC(4) Pause Young (Allocation Failure) 83M->16M(247M) 84.487ms
[2019-12-08T11:32:49.600+0000][1][gc,cpu       ] GC(4) User=0.07s Sys=0.00s Real=0.08s
[2019-12-08T11:32:49.600+0000][1][safepoint    ] Leaving safepoint region
[2019-12-08T11:32:49.600+0000][1][safepoint    ] Total time for which application threads were stopped: 0.0846167 seconds, Stopping threads took: 0.0000133 seconds
[2019-12-08T11:32:49.648+0000][1][safepoint    ] Application time: 0.0479533 seconds
[2019-12-08T11:32:49.662+0000][1][safepoint    ] Entering safepoint region: RevokeBias
[2019-12-08T11:32:49.662+0000][1][safepoint    ] Leaving safepoint region
[2019-12-08T11:32:49.662+0000][1][safepoint    ] Total time for which application threads were stopped: 0.0139592 seconds, Stopping threads took: 0.0138708 seconds
[2019-12-08T11:32:49.675+0000][1][safepoint    ] Application time: 0.0128868 seconds
[2019-12-08T11:32:49.740+0000][1][safepoint    ] Entering safepoint region: RevokeBias
[2019-12-08T11:32:49.740+0000][1][safepoint    ] Leaving safepoint region
[2019-12-08T11:32:49.740+0000][1][safepoint    ] Total time for which application threads were stopped: 0.0650776 seconds, Stopping threads took: 0.0650001 seconds
[2019-12-08T11:32:49.741+0000][1][safepoint    ] Application time: 0.0013877 seconds
[2019-12-08T11:32:49.741+0000][1][safepoint    ] Entering safepoint region: RevokeBias
[2019-12-08T11:32:49.741+0000][1][safepoint    ] Leaving safepoint region
[2019-12-08T11:32:49.741+0000][1][safepoint    ] Total time for which application threads were stopped: 0.0001315 seconds, Stopping threads took: 0.0000545 seconds
[2019-12-08T11:32:49.741+0000][1][safepoint    ] Application time: 0.0000634 seconds
[2019-12-08T11:32:49.741+0000][1][safepoint    ] Entering safepoint region: RevokeBias
[2019-12-08T11:32:49.742+0000][1][safepoint    ] Leaving safepoint region
[2019-12-08T11:32:49.742+0000][1][safepoint    ] Total time for which application threads were stopped: 0.0000503 seconds, Stopping threads took: 0.0000071 seconds
[2019-12-08T11:32:49.742+0000][1][safepoint    ] Application time: 0.0000591 seconds
[2019-12-08T11:32:49.742+0000][1][safepoint    ] Entering safepoint region: RevokeBias
[2019-12-08T11:32:49.742+0000][1][safepoint    ] Leaving safepoint region
[2019-12-08T11:32:49.742+0000][1][safepoint    ] Total time for which application threads were stopped: 0.0000609 seconds, Stopping threads took: 0.0000072 seconds
[2019-12-08T11:32:49.742+0000][1][safepoint    ] Application time: 0.0000480 seconds
[2019-12-08T11:32:49.742+0000][1][safepoint    ] Entering safepoint region: RevokeBias
[2019-12-08T11:32:49.742+0000][1][safepoint    ] Leaving safepoint region
[2019-12-08T11:32:49.742+0000][1][safepoint    ] Total time for which application threads were stopped: 0.0000459 seconds, Stopping threads took: 0.0000064 seconds
[2019-12-08T11:32:49.742+0000][1][safepoint    ] Application time: 0.0000560 seconds
[2019-12-08T11:32:49.742+0000][1][safepoint    ] Entering safepoint region: RevokeBias
[2019-12-08T11:32:49.742+0000][1][safepoint    ] Leaving safepoint region
[2019-12-08T11:32:49.742+0000][1][safepoint    ] Total time for which application threads were stopped: 0.0000439 seconds, Stopping threads took: 0.0000070 seconds
[2019-12-08T11:32:49.742+0000][1][safepoint    ] Application time: 0.0000451 seconds
[2019-12-08T11:32:49.742+0000][1][safepoint    ] Entering safepoint region: RevokeBias
[2019-12-08T11:32:49.742+0000][1][safepoint    ] Leaving safepoint region
[2019-12-08T11:32:49.742+0000][1][safepoint    ] Total time for which application threads were stopped: 0.0000441 seconds, Stopping threads took: 0.0000066 seconds
[2019-12-08T11:32:50.018+0000][1][safepoint    ] Application time: 0.2762845 seconds
[2019-12-08T11:32:50.018+0000][1][safepoint    ] Entering safepoint region: RevokeBias
[2019-12-08T11:32:50.018+0000][1][safepoint    ] Leaving safepoint region
[2019-12-08T11:32:50.018+0000][1][safepoint    ] Total time for which application threads were stopped: 0.0000731 seconds, Stopping threads took: 0.0000158 seconds
[2019-12-08T11:32:50.723+0000][1][safepoint    ] Application time: 0.7047910 seconds
[2019-12-08T11:32:50.723+0000][1][safepoint    ] Entering safepoint region: GenCollectForAllocation
[2019-12-08T11:32:50.723+0000][1][gc,start     ] GC(5) Pause Young (Allocation Failure)
[2019-12-08T11:32:50.723+0000][1][gc,task      ] GC(5) Using 4 workers of 4 for evacuation
[2019-12-08T11:32:50.794+0000][1][gc,age       ] GC(5) Desired survivor size 4456448 bytes, new threshold 3 (max threshold 6)
[2019-12-08T11:32:50.794+0000][1][gc,age       ] GC(5) Age table with threshold 3 (max threshold 6)
[2019-12-08T11:32:50.794+0000][1][gc,age       ] GC(5) - age   1:    1187688 bytes,    1187688 total
[2019-12-08T11:32:50.794+0000][1][gc,age       ] GC(5) - age   2:    1865168 bytes,    3052856 total
[2019-12-08T11:32:50.794+0000][1][gc,age       ] GC(5) - age   3:    1514464 bytes,    4567320 total
[2019-12-08T11:32:50.794+0000][1][gc,heap      ] GC(5) ParNew: 76497K->5199K(78656K)
[2019-12-08T11:32:50.794+0000][1][gc,heap      ] GC(5) CMS: 10157K->10157K(174784K)
[2019-12-08T11:32:50.794+0000][1][gc,metaspace ] GC(5) Metaspace: 19133K->19133K(1067008K)
[2019-12-08T11:32:50.794+0000][1][gc           ] GC(5) Pause Young (Allocation Failure) 84M->14M(247M) 70.701ms
[2019-12-08T11:32:50.794+0000][1][gc,cpu       ] GC(5) User=0.02s Sys=0.00s Real=0.07s
[2019-12-08T11:32:50.794+0000][1][safepoint    ] Leaving safepoint region
[2019-12-08T11:32:50.794+0000][1][safepoint    ] Total time for which application threads were stopped: 0.0708577 seconds, Stopping threads took: 0.0000199 seconds
[2019-12-08T11:32:50.807+0000][1][safepoint    ] Application time: 0.0126221 seconds
[2019-12-08T11:32:50.827+0000][1][safepoint    ] Entering safepoint region: RevokeBias
[2019-12-08T11:32:50.827+0000][1][safepoint    ] Leaving safepoint region
[2019-12-08T11:32:50.827+0000][1][safepoint    ] Total time for which application threads were stopped: 0.0203645 seconds, Stopping threads took: 0.0202806 seconds
[2019-12-08T11:32:50.827+0000][1][safepoint    ] Application time: 0.0000635 seconds
[2019-12-08T11:32:50.827+0000][1][safepoint    ] Entering safepoint region: RevokeBias
[2019-12-08T11:32:50.827+0000][1][safepoint    ] Leaving safepoint region
[2019-12-08T11:32:50.827+0000][1][safepoint    ] Total time for which application threads were stopped: 0.0000532 seconds, Stopping threads took: 0.0000079 seconds
[2019-12-08T11:32:50.827+0000][1][safepoint    ] Application time: 0.0000629 seconds
[2019-12-08T11:32:50.827+0000][1][safepoint    ] Entering safepoint region: RevokeBias
[2019-12-08T11:32:50.827+0000][1][safepoint    ] Leaving safepoint region
[2019-12-08T11:32:50.827+0000][1][safepoint    ] Total time for which application threads were stopped: 0.0000475 seconds, Stopping threads took: 0.0000064 seconds
[2019-12-08T11:32:50.827+0000][1][safepoint    ] Application time: 0.0000419 seconds
[2019-12-08T11:32:50.827+0000][1][safepoint    ] Entering safepoint region: RevokeBias
[2019-12-08T11:32:50.827+0000][1][safepoint    ] Leaving safepoint region
[2019-12-08T11:32:50.828+0000][1][safepoint    ] Total time for which application threads were stopped: 0.0000460 seconds, Stopping threads took: 0.0000063 seconds
[2019-12-08T11:32:50.828+0000][1][safepoint    ] Application time: 0.0000444 seconds
[2019-12-08T11:32:50.828+0000][1][safepoint    ] Entering safepoint region: RevokeBias
[2019-12-08T11:32:50.828+0000][1][safepoint    ] Leaving safepoint region
[2019-12-08T11:32:50.828+0000][1][safepoint    ] Total time for which application threads were stopped: 0.0000456 seconds, Stopping threads took: 0.0000062 seconds
[2019-12-08T11:32:50.828+0000][1][safepoint    ] Application time: 0.0000418 seconds
[2019-12-08T11:32:50.828+0000][1][safepoint    ] Entering safepoint region: BulkRevokeBias
[2019-12-08T11:32:50.828+0000][1][safepoint    ] Leaving safepoint region
[2019-12-08T11:32:50.828+0000][1][safepoint    ] Total time for which application threads were stopped: 0.0001017 seconds, Stopping threads took: 0.0000062 seconds
[2019-12-08T11:32:50.947+0000][1][safepoint    ] Application time: 0.1187385 seconds
[2019-12-08T11:32:50.947+0000][1][safepoint    ] Entering safepoint region: BulkRevokeBias
[2019-12-08T11:32:50.947+0000][1][safepoint    ] Leaving safepoint region
[2019-12-08T11:32:50.947+0000][1][safepoint    ] Total time for which application threads were stopped: 0.0001738 seconds, Stopping threads took: 0.0000147 seconds
[2019-12-08T11:32:51.851+0000][1][safepoint    ] Application time: 0.9040334 seconds
[2019-12-08T11:32:51.851+0000][1][safepoint    ] Entering safepoint region: GenCollectForAllocation
[2019-12-08T11:32:51.851+0000][1][gc,start     ] GC(6) Pause Young (Allocation Failure)
[2019-12-08T11:32:51.851+0000][1][gc,task      ] GC(6) Using 4 workers of 4 for evacuation
[2019-12-08T11:32:51.918+0000][1][gc,age       ] GC(6) Desired survivor size 4456448 bytes, new threshold 6 (max threshold 6)
[2019-12-08T11:32:51.918+0000][1][gc,age       ] GC(6) Age table with threshold 6 (max threshold 6)
[2019-12-08T11:32:51.918+0000][1][gc,age       ] GC(6) - age   1:    1424592 bytes,    1424592 total
[2019-12-08T11:32:51.918+0000][1][gc,age       ] GC(6) - age   2:     862256 bytes,    2286848 total
[2019-12-08T11:32:51.918+0000][1][gc,age       ] GC(6) - age   3:    1865144 bytes,    4151992 total
[2019-12-08T11:32:51.918+0000][1][gc,heap      ] GC(6) ParNew: 75151K->5765K(78656K)
[2019-12-08T11:32:51.918+0000][1][gc,heap      ] GC(6) CMS: 10157K->11652K(174784K)
[2019-12-08T11:32:51.918+0000][1][gc,metaspace ] GC(6) Metaspace: 19662K->19662K(1067008K)
[2019-12-08T11:32:51.918+0000][1][gc           ] GC(6) Pause Young (Allocation Failure) 83M->17M(247M) 67.171ms
[2019-12-08T11:32:51.918+0000][1][gc,cpu       ] GC(6) User=0.04s Sys=0.00s Real=0.06s
[2019-12-08T11:32:51.918+0000][1][safepoint    ] Leaving safepoint region
[2019-12-08T11:32:51.918+0000][1][safepoint    ] Total time for which application threads were stopped: 0.0673026 seconds, Stopping threads took: 0.0000140 seconds
[2019-12-08T11:32:52.434+0000][1][safepoint    ] Application time: 0.5161933 seconds
[2019-12-08T11:32:52.434+0000][1][safepoint    ] Entering safepoint region: CollectForMetadataAllocation
[2019-12-08T11:32:52.435+0000][1][safepoint    ] Leaving safepoint region
[2019-12-08T11:32:52.435+0000][1][safepoint    ] Total time for which application threads were stopped: 0.0002681 seconds, Stopping threads took: 0.0000130 seconds
[2019-12-08T11:32:52.586+0000][1][safepoint    ] Application time: 0.1518595 seconds
[2019-12-08T11:32:52.587+0000][1][safepoint    ] Entering safepoint region: CollectForMetadataAllocation
[2019-12-08T11:32:52.587+0000][1][safepoint    ] Leaving safepoint region
[2019-12-08T11:32:52.587+0000][1][safepoint    ] Total time for which application threads were stopped: 0.0002607 seconds, Stopping threads took: 0.0000132 seconds
[2019-12-08T11:32:53.240+0000][1][safepoint    ] Application time: 0.6527181 seconds
[2019-12-08T11:32:53.240+0000][1][safepoint    ] Entering safepoint region: GenCollectForAllocation
[2019-12-08T11:32:53.240+0000][1][gc,start     ] GC(7) Pause Young (Allocation Failure)
[2019-12-08T11:32:53.240+0000][1][gc,task      ] GC(7) Using 4 workers of 4 for evacuation
[2019-12-08T11:32:53.297+0000][1][gc,age       ] GC(7) Desired survivor size 4456448 bytes, new threshold 4 (max threshold 6)
[2019-12-08T11:32:53.297+0000][1][gc,age       ] GC(7) Age table with threshold 4 (max threshold 6)
[2019-12-08T11:32:53.297+0000][1][gc,age       ] GC(7) - age   1:    1539864 bytes,    1539864 total
[2019-12-08T11:32:53.297+0000][1][gc,age       ] GC(7) - age   2:    1389480 bytes,    2929344 total
[2019-12-08T11:32:53.297+0000][1][gc,age       ] GC(7) - age   3:     862256 bytes,    3791600 total
[2019-12-08T11:32:53.297+0000][1][gc,age       ] GC(7) - age   4:    1862952 bytes,    5654552 total
[2019-12-08T11:32:53.297+0000][1][gc,heap      ] GC(7) ParNew: 75717K->7598K(78656K)
[2019-12-08T11:32:53.297+0000][1][gc,heap      ] GC(7) CMS: 11652K->11652K(174784K)
[2019-12-08T11:32:53.297+0000][1][gc,metaspace ] GC(7) Metaspace: 20466K->20466K(1069056K)
[2019-12-08T11:32:53.297+0000][1][gc           ] GC(7) Pause Young (Allocation Failure) 85M->18M(247M) 57.529ms
[2019-12-08T11:32:53.297+0000][1][gc,cpu       ] GC(7) User=0.02s Sys=0.00s Real=0.06s
[2019-12-08T11:32:53.297+0000][1][safepoint    ] Leaving safepoint region
[2019-12-08T11:32:53.297+0000][1][safepoint    ] Total time for which application threads were stopped: 0.0576881 seconds, Stopping threads took: 0.0000160 seconds
[2019-12-08T11:32:53.301+0000][1][safepoint    ] Application time: 0.0035718 seconds
[2019-12-08T11:32:53.301+0000][1][safepoint    ] Entering safepoint region: CMS_Initial_Mark
[2019-12-08T11:32:53.301+0000][1][gc,start     ] GC(8) Pause Initial Mark
[2019-12-08T11:32:53.304+0000][1][gc           ] GC(8) Pause Initial Mark 20M->20M(247M) 3.264ms
[2019-12-08T11:32:53.304+0000][1][gc,cpu       ] GC(8) User=0.00s Sys=0.00s Real=0.00s
[2019-12-08T11:32:53.304+0000][1][safepoint    ] Leaving safepoint region
[2019-12-08T11:32:53.304+0000][1][safepoint    ] Total time for which application threads were stopped: 0.0033910 seconds, Stopping threads took: 0.0000357 seconds
[2019-12-08T11:32:53.304+0000][1][gc           ] GC(8) Concurrent Mark
[2019-12-08T11:32:53.389+0000][1][gc           ] GC(8) Concurrent Mark 84.493ms
[2019-12-08T11:32:53.389+0000][1][gc,cpu       ] GC(8) User=0.04s Sys=0.00s Real=0.08s
[2019-12-08T11:32:53.389+0000][1][gc           ] GC(8) Concurrent Preclean
[2019-12-08T11:32:53.389+0000][1][gc           ] GC(8) Concurrent Preclean 0.466ms
[2019-12-08T11:32:53.389+0000][1][gc,cpu       ] GC(8) User=0.00s Sys=0.00s Real=0.00s
[2019-12-08T11:32:53.389+0000][1][gc           ] GC(8) Concurrent Abortable Preclean
[2019-12-08T11:32:54.240+0000][1][safepoint    ] Application time: 0.9353141 seconds
[2019-12-08T11:32:54.240+0000][1][safepoint    ] Entering safepoint region: GenCollectForAllocation
[2019-12-08T11:32:54.240+0000][1][gc,start     ] GC(9) Pause Young (Allocation Failure)
[2019-12-08T11:32:54.240+0000][1][gc,task      ] GC(9) Using 4 workers of 4 for evacuation
[2019-12-08T11:32:54.322+0000][1][gc,age       ] GC(9) Desired survivor size 4456448 bytes, new threshold 6 (max threshold 6)
[2019-12-08T11:32:54.322+0000][1][gc,age       ] GC(9) Age table with threshold 6 (max threshold 6)
[2019-12-08T11:32:54.322+0000][1][gc,age       ] GC(9) - age   1:     408304 bytes,     408304 total
[2019-12-08T11:32:54.322+0000][1][gc,age       ] GC(9) - age   2:     661160 bytes,    1069464 total
[2019-12-08T11:32:54.322+0000][1][gc,age       ] GC(9) - age   3:    1389376 bytes,    2458840 total
[2019-12-08T11:32:54.322+0000][1][gc,age       ] GC(9) - age   4:     862256 bytes,    3321096 total
[2019-12-08T11:32:54.322+0000][1][gc,heap      ] GC(9) ParNew: 77550K->4695K(78656K)
[2019-12-08T11:32:54.322+0000][1][gc,heap      ] GC(9) CMS: 11652K->13518K(174784K)
[2019-12-08T11:32:54.322+0000][1][gc,metaspace ] GC(9) Metaspace: 20577K->20577K(1069056K)
[2019-12-08T11:32:54.322+0000][1][gc           ] GC(9) Pause Young (Allocation Failure) 87M->17M(247M) 82.513ms
[2019-12-08T11:32:54.322+0000][1][gc,cpu       ] GC(9) User=0.04s Sys=0.00s Real=0.09s
[2019-12-08T11:32:54.322+0000][1][safepoint    ] Leaving safepoint region
[2019-12-08T11:32:54.322+0000][1][safepoint    ] Total time for which application threads were stopped: 0.0826846 seconds, Stopping threads took: 0.0000186 seconds
[2019-12-08T11:32:54.730+0000][1][safepoint    ] Application time: 0.4075701 seconds
[2019-12-08T11:32:54.730+0000][1][safepoint    ] Entering safepoint region: CollectForMetadataAllocation
[2019-12-08T11:32:54.730+0000][1][safepoint    ] Leaving safepoint region
[2019-12-08T11:32:54.730+0000][1][safepoint    ] Total time for which application threads were stopped: 0.0002444 seconds, Stopping threads took: 0.0000136 seconds
[2019-12-08T11:32:54.876+0000][1][gc           ] GC(8) Concurrent Abortable Preclean 1486.429ms
[2019-12-08T11:32:54.876+0000][1][gc,cpu       ] GC(8) User=0.86s Sys=0.01s Real=1.49s
[2019-12-08T11:32:54.879+0000][1][safepoint    ] Application time: 0.1485687 seconds
[2019-12-08T11:32:54.925+0000][1][safepoint    ] Entering safepoint region: CMS_Final_Remark
[2019-12-08T11:32:54.925+0000][1][gc,start     ] GC(8) Pause Remark
[2019-12-08T11:32:54.988+0000][1][gc           ] GC(8) Pause Remark 64M->64M(247M) 62.711ms
[2019-12-08T11:32:54.988+0000][1][gc,cpu       ] GC(8) User=0.05s Sys=0.00s Real=0.06s
[2019-12-08T11:32:54.988+0000][1][safepoint    ] Leaving safepoint region
[2019-12-08T11:32:54.988+0000][1][safepoint    ] Total time for which application threads were stopped: 0.1088566 seconds, Stopping threads took: 0.0460029 seconds
[2019-12-08T11:32:55.013+0000][1][gc           ] GC(8) Concurrent Sweep
[2019-12-08T11:32:55.026+0000][1][gc           ] GC(8) Concurrent Sweep 13.458ms
[2019-12-08T11:32:55.026+0000][1][gc,cpu       ] GC(8) User=0.00s Sys=0.00s Real=0.01s
[2019-12-08T11:32:55.026+0000][1][gc           ] GC(8) Concurrent Reset
[2019-12-08T11:32:55.027+0000][1][gc           ] GC(8) Concurrent Reset 0.327ms
[2019-12-08T11:32:55.027+0000][1][gc,cpu       ] GC(8) User=0.00s Sys=0.00s Real=0.00s
[2019-12-08T11:32:55.027+0000][1][gc,heap      ] GC(8) Old: 11652K->13504K(174784K)
[2019-12-08T11:32:55.188+0000][1][safepoint    ] Application time: 0.2001030 seconds
[2019-12-08T11:32:55.188+0000][1][safepoint    ] Entering safepoint region: GenCollectForAllocation
[2019-12-08T11:32:55.188+0000][1][gc,start     ] GC(10) Pause Young (Allocation Failure)
[2019-12-08T11:32:55.188+0000][1][gc,task      ] GC(10) Using 4 workers of 4 for evacuation
[2019-12-08T11:32:55.240+0000][1][gc,age       ] GC(10) Desired survivor size 4456448 bytes, new threshold 5 (max threshold 6)
[2019-12-08T11:32:55.240+0000][1][gc,age       ] GC(10) Age table with threshold 5 (max threshold 6)
[2019-12-08T11:32:55.240+0000][1][gc,age       ] GC(10) - age   1:    1988528 bytes,    1988528 total
[2019-12-08T11:32:55.240+0000][1][gc,age       ] GC(10) - age   2:     131968 bytes,    2120496 total
[2019-12-08T11:32:55.240+0000][1][gc,age       ] GC(10) - age   3:     661112 bytes,    2781608 total
[2019-12-08T11:32:55.240+0000][1][gc,age       ] GC(10) - age   4:    1389376 bytes,    4170984 total
[2019-12-08T11:32:55.240+0000][1][gc,age       ] GC(10) - age   5:     861912 bytes,    5032896 total
[2019-12-08T11:32:55.240+0000][1][gc,heap      ] GC(10) ParNew: 74647K->6738K(78656K)
[2019-12-08T11:32:55.240+0000][1][gc,heap      ] GC(10) CMS: 13504K->13504K(174784K)
[2019-12-08T11:32:55.240+0000][1][gc,metaspace ] GC(10) Metaspace: 20658K->20658K(1069056K)
[2019-12-08T11:32:55.240+0000][1][gc           ] GC(10) Pause Young (Allocation Failure) 86M->19M(247M) 52.033ms
[2019-12-08T11:32:55.240+0000][1][gc,cpu       ] GC(10) User=0.03s Sys=0.00s Real=0.05s
[2019-12-08T11:32:55.240+0000][1][safepoint    ] Leaving safepoint region
[2019-12-08T11:32:55.240+0000][1][safepoint    ] Total time for which application threads were stopped: 0.0525741 seconds, Stopping threads took: 0.0000136 seconds
[2019-12-08T11:32:55.679+0000][1][safepoint    ] Application time: 0.4383793 seconds
[2019-12-08T11:32:55.679+0000][1][safepoint    ] Entering safepoint region: Deoptimize
[2019-12-08T11:32:55.679+0000][1][safepoint    ] Leaving safepoint region
[2019-12-08T11:32:55.679+0000][1][safepoint    ] Total time for which application threads were stopped: 0.0004611 seconds, Stopping threads took: 0.0000134 seconds
[2019-12-08T11:32:56.682+0000][1][safepoint    ] Application time: 1.0024923 seconds
[2019-12-08T11:32:56.682+0000][1][safepoint    ] Entering safepoint region: Cleanup
[2019-12-08T11:32:56.682+0000][1][safepoint    ] Leaving safepoint region
[2019-12-08T11:32:56.682+0000][1][safepoint    ] Total time for which application threads were stopped: 0.0002281 seconds, Stopping threads took: 0.0000159 seconds
[2019-12-08T11:32:57.225+0000][1][safepoint    ] Application time: 0.5427890 seconds
[2019-12-08T11:32:57.225+0000][1][safepoint    ] Entering safepoint region: Deoptimize
[2019-12-08T11:32:57.225+0000][1][safepoint    ] Leaving safepoint region
[2019-12-08T11:32:57.225+0000][1][safepoint    ] Total time for which application threads were stopped: 0.0005055 seconds, Stopping threads took: 0.0000145 seconds
[2019-12-08T11:32:57.772+0000][1][safepoint    ] Application time: 0.5463839 seconds
[2019-12-08T11:32:57.772+0000][1][safepoint    ] Entering safepoint region: Deoptimize
[2019-12-08T11:32:57.772+0000][1][safepoint    ] Leaving safepoint region
[2019-12-08T11:32:57.772+0000][1][safepoint    ] Total time for which application threads were stopped: 0.0004870 seconds, Stopping threads took: 0.0000171 seconds
[2019-12-08T11:32:57.857+0000][1][safepoint    ] Application time: 0.0844646 seconds
[2019-12-08T11:32:57.857+0000][1][safepoint    ] Entering safepoint region: Deoptimize
[2019-12-08T11:32:57.857+0000][1][safepoint    ] Leaving safepoint region
[2019-12-08T11:32:57.857+0000][1][safepoint    ] Total time for which application threads were stopped: 0.0004659 seconds, Stopping threads took: 0.0000163 seconds
[2019-12-08T11:32:57.899+0000][1][safepoint    ] Application time: 0.0415108 seconds
[2019-12-08T11:32:57.899+0000][1][safepoint    ] Entering safepoint region: Deoptimize
[2019-12-08T11:32:57.899+0000][1][safepoint    ] Leaving safepoint region
[2019-12-08T11:32:57.899+0000][1][safepoint    ] Total time for which application threads were stopped: 0.0004913 seconds, Stopping threads took: 0.0000144 seconds
[2019-12-08T11:32:58.902+0000][1][safepoint    ] Application time: 1.0024551 seconds
[2019-12-08T11:32:58.923+0000][1][safepoint    ] Entering safepoint region: Cleanup
[2019-12-08T11:32:58.923+0000][1][safepoint    ] Leaving safepoint region
[2019-12-08T11:32:58.923+0000][1][safepoint    ] Total time for which application threads were stopped: 0.0210552 seconds, Stopping threads took: 0.0209867 seconds
[2019-12-08T11:32:59.554+0000][1][safepoint    ] Application time: 0.6308692 seconds
[2019-12-08T11:32:59.554+0000][1][safepoint    ] Entering safepoint region: GenCollectForAllocation
[2019-12-08T11:32:59.554+0000][1][gc,start     ] GC(11) Pause Young (Allocation Failure)
[2019-12-08T11:32:59.554+0000][1][gc,task      ] GC(11) Using 4 workers of 4 for evacuation
[2019-12-08T11:32:59.756+0000][1][gc,age       ] GC(11) Desired survivor size 4456448 bytes, new threshold 1 (max threshold 6)
[2019-12-08T11:32:59.756+0000][1][gc,age       ] GC(11) Age table with threshold 1 (max threshold 6)
[2019-12-08T11:32:59.756+0000][1][gc,age       ] GC(11) - age   1:    5690896 bytes,    5690896 total
[2019-12-08T11:32:59.756+0000][1][gc,age       ] GC(11) - age   2:     354216 bytes,    6045112 total
[2019-12-08T11:32:59.756+0000][1][gc,age       ] GC(11) - age   3:     131704 bytes,    6176816 total
[2019-12-08T11:32:59.756+0000][1][gc,age       ] GC(11) - age   4:     658008 bytes,    6834824 total
[2019-12-08T11:32:59.756+0000][1][gc,age       ] GC(11) - age   5:    1387056 bytes,    8221880 total
[2019-12-08T11:32:59.756+0000][1][gc,heap      ] GC(11) ParNew: 76690K->8704K(78656K)
[2019-12-08T11:32:59.756+0000][1][gc,heap      ] GC(11) CMS: 13504K->14353K(174784K)
[2019-12-08T11:32:59.756+0000][1][gc,metaspace ] GC(11) Metaspace: 27081K->27081K(1075200K)
[2019-12-08T11:32:59.756+0000][1][gc           ] GC(11) Pause Young (Allocation Failure) 88M->22M(247M) 201.771ms
[2019-12-08T11:32:59.756+0000][1][gc,cpu       ] GC(11) User=0.08s Sys=0.00s Real=0.20s
[2019-12-08T11:32:59.756+0000][1][safepoint    ] Leaving safepoint region
[2019-12-08T11:32:59.756+0000][1][safepoint    ] Total time for which application threads were stopped: 0.2021010 seconds, Stopping threads took: 0.0000126 seconds
[2019-12-08T11:33:00.774+0000][1][safepoint    ] Application time: 1.0181580 seconds
[2019-12-08T11:33:00.774+0000][1][safepoint    ] Entering safepoint region: Cleanup
[2019-12-08T11:33:00.774+0000][1][safepoint    ] Leaving safepoint region
[2019-12-08T11:33:00.774+0000][1][safepoint    ] Total time for which application threads were stopped: 0.0001335 seconds, Stopping threads took: 0.0000688 seconds
[2019-12-08T11:33:01.786+0000][1][safepoint    ] Application time: 1.0112531 seconds
[2019-12-08T11:33:01.855+0000][1][safepoint    ] Entering safepoint region: Cleanup
[2019-12-08T11:33:01.855+0000][1][safepoint    ] Leaving safepoint region
[2019-12-08T11:33:01.855+0000][1][safepoint    ] Total time for which application threads were stopped: 0.0690269 seconds, Stopping threads took: 0.0689596 seconds
[2019-12-08T11:33:02.383+0000][1][safepoint    ] Application time: 0.5278834 seconds
[2019-12-08T11:33:02.383+0000][1][safepoint    ] Entering safepoint region: RevokeBias
[2019-12-08T11:33:02.383+0000][1][safepoint    ] Leaving safepoint region
[2019-12-08T11:33:02.383+0000][1][safepoint    ] Total time for which application threads were stopped: 0.0000987 seconds, Stopping threads took: 0.0000137 seconds
[2019-12-08T11:33:04.391+0000][1][safepoint    ] Application time: 2.0078405 seconds
[2019-12-08T11:33:04.488+0000][1][safepoint    ] Entering safepoint region: Cleanup
[2019-12-08T11:33:04.488+0000][1][safepoint    ] Leaving safepoint region
[2019-12-08T11:33:04.488+0000][1][safepoint    ] Total time for which application threads were stopped: 0.0970477 seconds, Stopping threads took: 0.0969998 seconds
[2019-12-08T11:33:05.417+0000][1][safepoint    ] Application time: 0.9291597 seconds
[2019-12-08T11:33:05.417+0000][1][safepoint    ] Entering safepoint region: GenCollectForAllocation
[2019-12-08T11:33:05.417+0000][1][gc,start     ] GC(12) Pause Young (Allocation Failure)
[2019-12-08T11:33:05.417+0000][1][gc,task      ] GC(12) Using 4 workers of 4 for evacuation
[2019-12-08T11:33:05.722+0000][1][gc,age       ] GC(12) Desired survivor size 4456448 bytes, new threshold 1 (max threshold 6)
[2019-12-08T11:33:05.722+0000][1][gc,age       ] GC(12) Age table with threshold 1 (max threshold 6)
[2019-12-08T11:33:05.722+0000][1][gc,age       ] GC(12) - age   1:    8912752 bytes,    8912752 total
[2019-12-08T11:33:05.722+0000][1][gc,heap      ] GC(12) ParNew: 78656K->8704K(78656K)
[2019-12-08T11:33:05.722+0000][1][gc,heap      ] GC(12) CMS: 14353K->27678K(174784K)
[2019-12-08T11:33:05.722+0000][1][gc,metaspace ] GC(12) Metaspace: 27182K->27182K(1075200K)
[2019-12-08T11:33:05.722+0000][1][gc           ] GC(12) Pause Young (Allocation Failure) 90M->35M(247M) 304.688ms
[2019-12-08T11:33:05.722+0000][1][gc,cpu       ] GC(12) User=0.10s Sys=0.00s Real=0.31s
[2019-12-08T11:33:05.722+0000][1][safepoint    ] Leaving safepoint region
[2019-12-08T11:33:05.722+0000][1][safepoint    ] Total time for which application threads were stopped: 0.3048395 seconds, Stopping threads took: 0.0000157 seconds
[2019-12-08T11:33:06.728+0000][1][safepoint    ] Application time: 1.0064297 seconds
[2019-12-08T11:33:06.728+0000][1][safepoint    ] Entering safepoint region: Deoptimize
[2019-12-08T11:33:06.729+0000][1][safepoint    ] Leaving safepoint region
[2019-12-08T11:33:06.729+0000][1][safepoint    ] Total time for which application threads were stopped: 0.0005342 seconds, Stopping threads took: 0.0000158 seconds
[2019-12-08T11:33:08.648+0000][1][safepoint    ] Application time: 1.9188896 seconds
[2019-12-08T11:33:08.679+0000][1][safepoint    ] Entering safepoint region: Cleanup
[2019-12-08T11:33:08.679+0000][1][safepoint    ] Leaving safepoint region
[2019-12-08T11:33:08.679+0000][1][safepoint    ] Total time for which application threads were stopped: 0.0310858 seconds, Stopping threads took: 0.0309961 seconds
[2019-12-08T11:33:09.388+0000][1][safepoint    ] Application time: 0.7094641 seconds
[2019-12-08T11:33:09.388+0000][1][safepoint    ] Entering safepoint region: GenCollectForAllocation
[2019-12-08T11:33:09.388+0000][1][gc,start     ] GC(13) Pause Young (Allocation Failure)
[2019-12-08T11:33:09.389+0000][1][gc,task      ] GC(13) Using 4 workers of 4 for evacuation
[2019-12-08T11:33:09.775+0000][1][gc,age       ] GC(13) Desired survivor size 4456448 bytes, new threshold 1 (max threshold 6)
[2019-12-08T11:33:09.775+0000][1][gc,age       ] GC(13) Age table with threshold 1 (max threshold 6)
[2019-12-08T11:33:09.775+0000][1][gc,age       ] GC(13) - age   1:    8298072 bytes,    8298072 total
[2019-12-08T11:33:09.775+0000][1][gc,heap      ] GC(13) ParNew: 78656K->8704K(78656K)
[2019-12-08T11:33:09.775+0000][1][gc,heap      ] GC(13) CMS: 27678K->41523K(174784K)
[2019-12-08T11:33:09.775+0000][1][gc,metaspace ] GC(13) Metaspace: 27304K->27304K(1075200K)
[2019-12-08T11:33:09.775+0000][1][gc           ] GC(13) Pause Young (Allocation Failure) 103M->49M(247M) 386.945ms
[2019-12-08T11:33:09.775+0000][1][gc,cpu       ] GC(13) User=0.16s Sys=0.00s Real=0.39s
[2019-12-08T11:33:09.775+0000][1][safepoint    ] Leaving safepoint region
[2019-12-08T11:33:09.775+0000][1][safepoint    ] Total time for which application threads were stopped: 0.3870772 seconds, Stopping threads took: 0.0000144 seconds
[2019-12-08T11:33:10.779+0000][1][safepoint    ] Application time: 1.0032232 seconds
[2019-12-08T11:33:10.784+0000][1][safepoint    ] Entering safepoint region: Cleanup
[2019-12-08T11:33:10.784+0000][1][safepoint    ] Leaving safepoint region
[2019-12-08T11:33:10.784+0000][1][safepoint    ] Total time for which application threads were stopped: 0.0050516 seconds, Stopping threads took: 0.0049919 seconds
[2019-12-08T11:33:10.792+0000][1][safepoint    ] Application time: 0.0078926 seconds
[2019-12-08T11:33:10.792+0000][1][safepoint    ] Entering safepoint region: RevokeBias
[2019-12-08T11:33:10.792+0000][1][safepoint    ] Leaving safepoint region
[2019-12-08T11:33:10.792+0000][1][safepoint    ] Total time for which application threads were stopped: 0.0001068 seconds, Stopping threads took: 0.0000152 seconds
[2019-12-08T11:33:11.796+0000][1][safepoint    ] Application time: 1.0038804 seconds
[2019-12-08T11:33:11.843+0000][1][safepoint    ] Entering safepoint region: Cleanup
[2019-12-08T11:33:11.843+0000][1][safepoint    ] Leaving safepoint region
[2019-12-08T11:33:11.843+0000][1][safepoint    ] Total time for which application threads were stopped: 0.0470863 seconds, Stopping threads took: 0.0469813 seconds
[2019-12-08T11:33:12.845+0000][1][safepoint    ] Application time: 1.0018331 seconds
[2019-12-08T11:33:12.856+0000][1][safepoint    ] Entering safepoint region: Cleanup
[2019-12-08T11:33:12.856+0000][1][safepoint    ] Leaving safepoint region
[2019-12-08T11:33:12.856+0000][1][safepoint    ] Total time for which application threads were stopped: 0.0111283 seconds, Stopping threads took: 0.0110555 seconds
[2019-12-08T11:33:13.882+0000][1][safepoint    ] Application time: 1.0258692 seconds
[2019-12-08T11:33:13.952+0000][1][safepoint    ] Entering safepoint region: Cleanup
[2019-12-08T11:33:13.952+0000][1][safepoint    ] Leaving safepoint region
[2019-12-08T11:33:13.952+0000][1][safepoint    ] Total time for which application threads were stopped: 0.0700543 seconds, Stopping threads took: 0.0700089 seconds
[2019-12-08T11:33:14.034+0000][1][safepoint    ] Application time: 0.0823197 seconds
[2019-12-08T11:33:14.034+0000][1][safepoint    ] Entering safepoint region: GenCollectForAllocation
[2019-12-08T11:33:14.034+0000][1][gc,start     ] GC(14) Pause Young (Allocation Failure)
[2019-12-08T11:33:14.034+0000][1][gc,task      ] GC(14) Using 4 workers of 4 for evacuation
[2019-12-08T11:33:14.206+0000][1][gc,age       ] GC(14) Desired survivor size 4456448 bytes, new threshold 1 (max threshold 6)
[2019-12-08T11:33:14.206+0000][1][gc,age       ] GC(14) Age table with threshold 1 (max threshold 6)
[2019-12-08T11:33:14.206+0000][1][gc,age       ] GC(14) - age   1:    5262256 bytes,    5262256 total
[2019-12-08T11:33:14.206+0000][1][gc,heap      ] GC(14) ParNew: 78656K->8704K(78656K)
[2019-12-08T11:33:14.206+0000][1][gc,heap      ] GC(14) CMS: 41523K->51324K(174784K)
[2019-12-08T11:33:14.206+0000][1][gc,metaspace ] GC(14) Metaspace: 33036K->33036K(1079296K)
[2019-12-08T11:33:14.206+0000][1][gc           ] GC(14) Pause Young (Allocation Failure) 117M->58M(247M) 171.733ms
[2019-12-08T11:33:14.206+0000][1][gc,cpu       ] GC(14) User=0.07s Sys=0.00s Real=0.17s
[2019-12-08T11:33:14.206+0000][1][safepoint    ] Leaving safepoint region
[2019-12-08T11:33:14.206+0000][1][safepoint    ] Total time for which application threads were stopped: 0.1718771 seconds, Stopping threads took: 0.0000138 seconds
[2019-12-08T11:33:14.993+0000][1][safepoint    ] Application time: 0.7872215 seconds
[2019-12-08T11:33:14.993+0000][1][safepoint    ] Entering safepoint region: GenCollectForAllocation
[2019-12-08T11:33:14.993+0000][1][gc,start     ] GC(15) Pause Young (Allocation Failure)
[2019-12-08T11:33:14.993+0000][1][gc,task      ] GC(15) Using 4 workers of 4 for evacuation
[2019-12-08T11:33:15.078+0000][1][gc,age       ] GC(15) Desired survivor size 4456448 bytes, new threshold 6 (max threshold 6)
[2019-12-08T11:33:15.078+0000][1][gc,age       ] GC(15) Age table with threshold 6 (max threshold 6)
[2019-12-08T11:33:15.078+0000][1][gc,age       ] GC(15) - age   1:      54632 bytes,      54632 total
[2019-12-08T11:33:15.078+0000][1][gc,heap      ] GC(15) ParNew: 78656K->991K(78656K)
[2019-12-08T11:33:15.078+0000][1][gc,heap      ] GC(15) CMS: 51324K->56504K(174784K)
[2019-12-08T11:33:15.078+0000][1][gc,metaspace ] GC(15) Metaspace: 33039K->33039K(1079296K)
[2019-12-08T11:33:15.078+0000][1][gc           ] GC(15) Pause Young (Allocation Failure) 126M->56M(247M) 85.019ms
[2019-12-08T11:33:15.078+0000][1][gc,cpu       ] GC(15) User=0.05s Sys=0.00s Real=0.08s
[2019-12-08T11:33:15.079+0000][1][safepoint    ] Leaving safepoint region
[2019-12-08T11:33:15.079+0000][1][safepoint    ] Total time for which application threads were stopped: 0.0851641 seconds, Stopping threads took: 0.0000231 seconds
[2019-12-08T11:33:16.088+0000][1][safepoint    ] Application time: 1.0091711 seconds
[2019-12-08T11:33:16.089+0000][1][safepoint    ] Entering safepoint region: Cleanup
[2019-12-08T11:33:16.090+0000][1][safepoint    ] Leaving safepoint region
[2019-12-08T11:33:16.090+0000][1][safepoint    ] Total time for which application threads were stopped: 0.0018012 seconds, Stopping threads took: 0.0017180 seconds
[2019-12-08T11:33:16.428+0000][1][safepoint    ] Application time: 0.3381755 seconds
[2019-12-08T11:33:16.428+0000][1][safepoint    ] Entering safepoint region: CollectForMetadataAllocation
[2019-12-08T11:33:16.428+0000][1][safepoint    ] Leaving safepoint region
[2019-12-08T11:33:16.428+0000][1][safepoint    ] Total time for which application threads were stopped: 0.0001939 seconds, Stopping threads took: 0.0000461 seconds
[2019-12-08T11:33:16.668+0000][1][safepoint    ] Application time: 0.2398551 seconds
[2019-12-08T11:33:16.668+0000][1][safepoint    ] Entering safepoint region: CollectForMetadataAllocation
[2019-12-08T11:33:16.668+0000][1][safepoint    ] Leaving safepoint region
[2019-12-08T11:33:16.668+0000][1][safepoint    ] Total time for which application threads were stopped: 0.0002627 seconds, Stopping threads took: 0.0000150 seconds
[2019-12-08T11:33:16.739+0000][1][safepoint    ] Application time: 0.0708089 seconds
[2019-12-08T11:33:16.739+0000][1][safepoint    ] Entering safepoint region: CollectForMetadataAllocation
[2019-12-08T11:33:16.739+0000][1][safepoint    ] Leaving safepoint region
[2019-12-08T11:33:16.739+0000][1][safepoint    ] Total time for which application threads were stopped: 0.0002130 seconds, Stopping threads took: 0.0000126 seconds
[2019-12-08T11:33:16.776+0000][1][safepoint    ] Application time: 0.0366532 seconds
[2019-12-08T11:33:16.776+0000][1][safepoint    ] Entering safepoint region: CollectForMetadataAllocation
[2019-12-08T11:33:16.776+0000][1][safepoint    ] Leaving safepoint region
[2019-12-08T11:33:16.776+0000][1][safepoint    ] Total time for which application threads were stopped: 0.0002321 seconds, Stopping threads took: 0.0000143 seconds
[2019-12-08T11:33:16.917+0000][1][safepoint    ] Application time: 0.1408330 seconds
[2019-12-08T11:33:16.917+0000][1][safepoint    ] Entering safepoint region: CollectForMetadataAllocation
[2019-12-08T11:33:16.917+0000][1][safepoint    ] Leaving safepoint region
[2019-12-08T11:33:16.917+0000][1][safepoint    ] Total time for which application threads were stopped: 0.0002277 seconds, Stopping threads took: 0.0000138 seconds
[2019-12-08T11:33:17.058+0000][1][safepoint    ] Application time: 0.1410325 seconds
[2019-12-08T11:33:17.058+0000][1][safepoint    ] Entering safepoint region: CollectForMetadataAllocation
[2019-12-08T11:33:17.059+0000][1][safepoint    ] Leaving safepoint region
[2019-12-08T11:33:17.059+0000][1][safepoint    ] Total time for which application threads were stopped: 0.0002297 seconds, Stopping threads took: 0.0000129 seconds
[2019-12-08T11:33:17.121+0000][1][safepoint    ] Application time: 0.0622362 seconds
[2019-12-08T11:33:17.131+0000][1][safepoint    ] Entering safepoint region: CMS_Initial_Mark
[2019-12-08T11:33:17.131+0000][1][gc,start     ] GC(16) Pause Initial Mark
[2019-12-08T11:33:17.168+0000][1][gc           ] GC(16) Pause Initial Mark 94M->94M(247M) 36.948ms
[2019-12-08T11:33:17.168+0000][1][gc,cpu       ] GC(16) User=0.03s Sys=0.00s Real=0.03s
[2019-12-08T11:33:17.168+0000][1][safepoint    ] Leaving safepoint region
[2019-12-08T11:33:17.168+0000][1][safepoint    ] Total time for which application threads were stopped: 0.0470115 seconds, Stopping threads took: 0.0099389 seconds
[2019-12-08T11:33:17.168+0000][1][gc           ] GC(16) Concurrent Mark
[2019-12-08T11:33:17.254+0000][1][safepoint    ] Application time: 0.0859470 seconds
[2019-12-08T11:33:17.254+0000][1][safepoint    ] Entering safepoint region: CollectForMetadataAllocation
[2019-12-08T11:33:17.254+0000][1][safepoint    ] Leaving safepoint region
[2019-12-08T11:33:17.254+0000][1][safepoint    ] Total time for which application threads were stopped: 0.0001486 seconds, Stopping threads took: 0.0000145 seconds
[2019-12-08T11:33:17.427+0000][1][gc           ] GC(16) Concurrent Mark 258.965ms
[2019-12-08T11:33:17.427+0000][1][gc,cpu       ] GC(16) User=0.16s Sys=0.00s Real=0.26s
[2019-12-08T11:33:17.427+0000][1][gc           ] GC(16) Concurrent Preclean
[2019-12-08T11:33:17.462+0000][1][gc           ] GC(16) Concurrent Preclean 35.366ms
[2019-12-08T11:33:17.462+0000][1][gc,cpu       ] GC(16) User=0.02s Sys=0.00s Real=0.04s
[2019-12-08T11:33:17.462+0000][1][gc           ] GC(16) Concurrent Abortable Preclean
[2019-12-08T11:33:17.527+0000][1][safepoint    ] Application time: 0.2728936 seconds
[2019-12-08T11:33:17.527+0000][1][safepoint    ] Entering safepoint region: CollectForMetadataAllocation
[2019-12-08T11:33:17.527+0000][1][safepoint    ] Leaving safepoint region
[2019-12-08T11:33:17.527+0000][1][safepoint    ] Total time for which application threads were stopped: 0.0002282 seconds, Stopping threads took: 0.0000210 seconds
[2019-12-08T11:33:17.643+0000][1][safepoint    ] Application time: 0.1158431 seconds
[2019-12-08T11:33:17.643+0000][1][safepoint    ] Entering safepoint region: CollectForMetadataAllocation
[2019-12-08T11:33:17.643+0000][1][safepoint    ] Leaving safepoint region
[2019-12-08T11:33:17.643+0000][1][safepoint    ] Total time for which application threads were stopped: 0.0002064 seconds, Stopping threads took: 0.0000120 seconds
[2019-12-08T11:33:17.701+0000][1][safepoint    ] Application time: 0.0574887 seconds
[2019-12-08T11:33:17.701+0000][1][safepoint    ] Entering safepoint region: RevokeBias
[2019-12-08T11:33:17.701+0000][1][safepoint    ] Leaving safepoint region
[2019-12-08T11:33:17.701+0000][1][safepoint    ] Total time for which application threads were stopped: 0.0001084 seconds, Stopping threads took: 0.0000117 seconds
[2019-12-08T11:33:17.738+0000][1][safepoint    ] Application time: 0.0371904 seconds
[2019-12-08T11:33:17.738+0000][1][safepoint    ] Entering safepoint region: CollectForMetadataAllocation
[2019-12-08T11:33:17.738+0000][1][safepoint    ] Leaving safepoint region
[2019-12-08T11:33:17.738+0000][1][safepoint    ] Total time for which application threads were stopped: 0.0002171 seconds, Stopping threads took: 0.0000121 seconds
[2019-12-08T11:33:17.868+0000][1][safepoint    ] Application time: 0.1294081 seconds
[2019-12-08T11:33:17.868+0000][1][safepoint    ] Entering safepoint region: CollectForMetadataAllocation
[2019-12-08T11:33:17.868+0000][1][safepoint    ] Leaving safepoint region
[2019-12-08T11:33:17.868+0000][1][safepoint    ] Total time for which application threads were stopped: 0.0001533 seconds, Stopping threads took: 0.0000119 seconds
[2019-12-08T11:33:17.945+0000][1][safepoint    ] Application time: 0.0768260 seconds
[2019-12-08T11:33:17.945+0000][1][safepoint    ] Entering safepoint region: CollectForMetadataAllocation
[2019-12-08T11:33:17.945+0000][1][safepoint    ] Leaving safepoint region
[2019-12-08T11:33:17.945+0000][1][safepoint    ] Total time for which application threads were stopped: 0.0002111 seconds, Stopping threads took: 0.0000122 seconds
[2019-12-08T11:33:18.007+0000][1][safepoint    ] Application time: 0.0617347 seconds
[2019-12-08T11:33:18.007+0000][1][safepoint    ] Entering safepoint region: CollectForMetadataAllocation
[2019-12-08T11:33:18.007+0000][1][safepoint    ] Leaving safepoint region
[2019-12-08T11:33:18.007+0000][1][safepoint    ] Total time for which application threads were stopped: 0.0002456 seconds, Stopping threads took: 0.0000142 seconds
[2019-12-08T11:33:18.038+0000][1][safepoint    ] Application time: 0.0307134 seconds
[2019-12-08T11:33:18.038+0000][1][safepoint    ] Entering safepoint region: CollectForMetadataAllocation
[2019-12-08T11:33:18.038+0000][1][safepoint    ] Leaving safepoint region
[2019-12-08T11:33:18.038+0000][1][safepoint    ] Total time for which application threads were stopped: 0.0002386 seconds, Stopping threads took: 0.0000145 seconds
[2019-12-08T11:33:18.109+0000][1][safepoint    ] Application time: 0.0707281 seconds
[2019-12-08T11:33:18.109+0000][1][safepoint    ] Entering safepoint region: CollectForMetadataAllocation
[2019-12-08T11:33:18.109+0000][1][safepoint    ] Leaving safepoint region
[2019-12-08T11:33:18.109+0000][1][safepoint    ] Total time for which application threads were stopped: 0.0002424 seconds, Stopping threads took: 0.0000158 seconds
[2019-12-08T11:33:18.200+0000][1][safepoint    ] Application time: 0.0907090 seconds
[2019-12-08T11:33:18.200+0000][1][safepoint    ] Entering safepoint region: CollectForMetadataAllocation
[2019-12-08T11:33:18.200+0000][1][safepoint    ] Leaving safepoint region
[2019-12-08T11:33:18.200+0000][1][safepoint    ] Total time for which application threads were stopped: 0.0002349 seconds, Stopping threads took: 0.0000137 seconds
[2019-12-08T11:33:18.254+0000][1][safepoint    ] Application time: 0.0536990 seconds
[2019-12-08T11:33:18.254+0000][1][safepoint    ] Entering safepoint region: CollectForMetadataAllocation
[2019-12-08T11:33:18.254+0000][1][safepoint    ] Leaving safepoint region
[2019-12-08T11:33:18.254+0000][1][safepoint    ] Total time for which application threads were stopped: 0.0002519 seconds, Stopping threads took: 0.0000135 seconds
[2019-12-08T11:33:18.288+0000][1][safepoint    ] Application time: 0.0337510 seconds
[2019-12-08T11:33:18.288+0000][1][safepoint    ] Entering safepoint region: CollectForMetadataAllocation
[2019-12-08T11:33:18.288+0000][1][safepoint    ] Leaving safepoint region
[2019-12-08T11:33:18.288+0000][1][safepoint    ] Total time for which application threads were stopped: 0.0002308 seconds, Stopping threads took: 0.0000132 seconds
[2019-12-08T11:33:18.352+0000][1][safepoint    ] Application time: 0.0640960 seconds
[2019-12-08T11:33:18.352+0000][1][safepoint    ] Entering safepoint region: CollectForMetadataAllocation
[2019-12-08T11:33:18.352+0000][1][safepoint    ] Leaving safepoint region
[2019-12-08T11:33:18.352+0000][1][safepoint    ] Total time for which application threads were stopped: 0.0001499 seconds, Stopping threads took: 0.0000128 seconds
[2019-12-08T11:33:18.464+0000][1][safepoint    ] Application time: 0.1114374 seconds
[2019-12-08T11:33:18.464+0000][1][safepoint    ] Entering safepoint region: CollectForMetadataAllocation
[2019-12-08T11:33:18.464+0000][1][safepoint    ] Leaving safepoint region
[2019-12-08T11:33:18.464+0000][1][safepoint    ] Total time for which application threads were stopped: 0.0001570 seconds, Stopping threads took: 0.0000129 seconds
[2019-12-08T11:33:18.532+0000][1][safepoint    ] Application time: 0.0678169 seconds
[2019-12-08T11:33:18.532+0000][1][safepoint    ] Entering safepoint region: CollectForMetadataAllocation
[2019-12-08T11:33:18.532+0000][1][safepoint    ] Leaving safepoint region
[2019-12-08T11:33:18.532+0000][1][safepoint    ] Total time for which application threads were stopped: 0.0002536 seconds, Stopping threads took: 0.0000145 seconds
[2019-12-08T11:33:18.570+0000][1][safepoint    ] Application time: 0.0381922 seconds
[2019-12-08T11:33:18.570+0000][1][safepoint    ] Entering safepoint region: CollectForMetadataAllocation
[2019-12-08T11:33:18.571+0000][1][safepoint    ] Leaving safepoint region
[2019-12-08T11:33:18.571+0000][1][safepoint    ] Total time for which application threads were stopped: 0.0002284 seconds, Stopping threads took: 0.0000136 seconds
[2019-12-08T11:33:18.870+0000][1][safepoint    ] Application time: 0.2990631 seconds
[2019-12-08T11:33:18.870+0000][1][safepoint    ] Entering safepoint region: CollectForMetadataAllocation
[2019-12-08T11:33:18.870+0000][1][safepoint    ] Leaving safepoint region
[2019-12-08T11:33:18.870+0000][1][safepoint    ] Total time for which application threads were stopped: 0.0001911 seconds, Stopping threads took: 0.0000146 seconds
[2019-12-08T11:33:19.014+0000][1][safepoint    ] Application time: 0.1439086 seconds
[2019-12-08T11:33:19.014+0000][1][safepoint    ] Entering safepoint region: CollectForMetadataAllocation
[2019-12-08T11:33:19.014+0000][1][safepoint    ] Leaving safepoint region
[2019-12-08T11:33:19.014+0000][1][safepoint    ] Total time for which application threads were stopped: 0.0002374 seconds, Stopping threads took: 0.0000133 seconds
[2019-12-08T11:33:19.109+0000][1][safepoint    ] Application time: 0.0951635 seconds
[2019-12-08T11:33:19.109+0000][1][safepoint    ] Entering safepoint region: CollectForMetadataAllocation
[2019-12-08T11:33:19.109+0000][1][safepoint    ] Leaving safepoint region
[2019-12-08T11:33:19.109+0000][1][safepoint    ] Total time for which application threads were stopped: 0.0002334 seconds, Stopping threads took: 0.0000135 seconds
[2019-12-08T11:33:19.186+0000][1][safepoint    ] Application time: 0.0769842 seconds
[2019-12-08T11:33:19.187+0000][1][safepoint    ] Entering safepoint region: CollectForMetadataAllocation
[2019-12-08T11:33:19.187+0000][1][safepoint    ] Leaving safepoint region
[2019-12-08T11:33:19.187+0000][1][safepoint    ] Total time for which application threads were stopped: 0.0002637 seconds, Stopping threads took: 0.0000143 seconds
[2019-12-08T11:33:19.251+0000][1][safepoint    ] Application time: 0.0644217 seconds
[2019-12-08T11:33:19.257+0000][1][safepoint    ] Entering safepoint region: CollectForMetadataAllocation
[2019-12-08T11:33:19.257+0000][1][safepoint    ] Leaving safepoint region
[2019-12-08T11:33:19.257+0000][1][safepoint    ] Total time for which application threads were stopped: 0.0057032 seconds, Stopping threads took: 0.0055471 seconds
[2019-12-08T11:33:19.261+0000][1][safepoint    ] Application time: 0.0039742 seconds
[2019-12-08T11:33:19.261+0000][1][safepoint    ] Entering safepoint region: RevokeBias
[2019-12-08T11:33:19.261+0000][1][safepoint    ] Leaving safepoint region
[2019-12-08T11:33:19.261+0000][1][safepoint    ] Total time for which application threads were stopped: 0.0002545 seconds, Stopping threads took: 0.0001890 seconds
[2019-12-08T11:33:19.262+0000][1][safepoint    ] Application time: 0.0011032 seconds
[2019-12-08T11:33:19.262+0000][1][safepoint    ] Entering safepoint region: RevokeBias
[2019-12-08T11:33:19.262+0000][1][safepoint    ] Leaving safepoint region
[2019-12-08T11:33:19.262+0000][1][safepoint    ] Total time for which application threads were stopped: 0.0000664 seconds, Stopping threads took: 0.0000098 seconds
[2019-12-08T11:33:19.374+0000][1][safepoint    ] Application time: 0.1112242 seconds
[2019-12-08T11:33:19.374+0000][1][safepoint    ] Entering safepoint region: GenCollectForAllocation
[2019-12-08T11:33:19.374+0000][1][gc,start     ] GC(17) Pause Young (Allocation Failure)
[2019-12-08T11:33:19.374+0000][1][gc,task      ] GC(17) Using 4 workers of 4 for evacuation
[2019-12-08T11:33:19.425+0000][1][gc,age       ] GC(17) Desired survivor size 4456448 bytes, new threshold 6 (max threshold 6)
[2019-12-08T11:33:19.425+0000][1][gc,age       ] GC(17) Age table with threshold 6 (max threshold 6)
[2019-12-08T11:33:19.425+0000][1][gc,age       ] GC(17) - age   1:    3625360 bytes,    3625360 total
[2019-12-08T11:33:19.425+0000][1][gc,age       ] GC(17) - age   2:      54472 bytes,    3679832 total
[2019-12-08T11:33:19.425+0000][1][gc,heap      ] GC(17) ParNew: 70943K->4005K(78656K)
[2019-12-08T11:33:19.425+0000][1][gc,heap      ] GC(17) CMS: 56504K->56504K(174784K)
[2019-12-08T11:33:19.425+0000][1][gc,metaspace ] GC(17) Metaspace: 42188K->42188K(1087488K)
[2019-12-08T11:33:19.425+0000][1][gc           ] GC(17) Pause Young (Allocation Failure) 124M->59M(247M) 51.416ms
[2019-12-08T11:33:19.425+0000][1][gc,cpu       ] GC(17) User=0.02s Sys=0.00s Real=0.05s
[2019-12-08T11:33:19.425+0000][1][safepoint    ] Leaving safepoint region
[2019-12-08T11:33:19.425+0000][1][safepoint    ] Total time for which application threads were stopped: 0.0515823 seconds, Stopping threads took: 0.0000170 seconds
[2019-12-08T11:33:20.836+0000][1][safepoint    ] Application time: 1.4104190 seconds
[2019-12-08T11:33:20.836+0000][1][safepoint    ] Entering safepoint region: CollectForMetadataAllocation
[2019-12-08T11:33:20.836+0000][1][safepoint    ] Leaving safepoint region
[2019-12-08T11:33:20.836+0000][1][safepoint    ] Total time for which application threads were stopped: 0.0001884 seconds, Stopping threads took: 0.0000141 seconds
[2019-12-08T11:33:21.840+0000][1][safepoint    ] Application time: 1.0042991 seconds
[2019-12-08T11:33:21.840+0000][1][safepoint    ] Entering safepoint region: Cleanup
[2019-12-08T11:33:21.840+0000][1][safepoint    ] Leaving safepoint region
[2019-12-08T11:33:21.840+0000][1][safepoint    ] Total time for which application threads were stopped: 0.0001075 seconds, Stopping threads took: 0.0000573 seconds
[2019-12-08T11:33:22.517+0000][1][gc           ] GC(16) Concurrent Abortable Preclean 5054.858ms
[2019-12-08T11:33:22.517+0000][1][gc,cpu       ] GC(16) User=2.48s Sys=0.03s Real=5.05s
[2019-12-08T11:33:22.517+0000][1][safepoint    ] Application time: 0.6768796 seconds
[2019-12-08T11:33:22.526+0000][1][safepoint    ] Entering safepoint region: CMS_Final_Remark
[2019-12-08T11:33:22.526+0000][1][gc,start     ] GC(16) Pause Remark
[2019-12-08T11:33:22.581+0000][1][gc           ] GC(16) Pause Remark 71M->71M(247M) 55.451ms
[2019-12-08T11:33:22.581+0000][1][gc,cpu       ] GC(16) User=0.02s Sys=0.00s Real=0.06s
[2019-12-08T11:33:22.581+0000][1][safepoint    ] Leaving safepoint region
[2019-12-08T11:33:22.581+0000][1][safepoint    ] Total time for which application threads were stopped: 0.0640408 seconds, Stopping threads took: 0.0084558 seconds
[2019-12-08T11:33:22.600+0000][1][gc           ] GC(16) Concurrent Sweep
[2019-12-08T11:33:22.625+0000][1][safepoint    ] Application time: 0.0434135 seconds
[2019-12-08T11:33:22.625+0000][1][safepoint    ] Entering safepoint region: CollectForMetadataAllocation
[2019-12-08T11:33:22.626+0000][1][safepoint    ] Leaving safepoint region
[2019-12-08T11:33:22.626+0000][1][safepoint    ] Total time for which application threads were stopped: 0.0010424 seconds, Stopping threads took: 0.0000155 seconds
[2019-12-08T11:33:22.697+0000][1][gc           ] GC(16) Concurrent Sweep 96.990ms
[2019-12-08T11:33:22.697+0000][1][gc,cpu       ] GC(16) User=0.06s Sys=0.00s Real=0.10s
[2019-12-08T11:33:22.697+0000][1][gc           ] GC(16) Concurrent Reset
[2019-12-08T11:33:22.697+0000][1][gc           ] GC(16) Concurrent Reset 0.300ms
[2019-12-08T11:33:22.697+0000][1][gc,cpu       ] GC(16) User=0.00s Sys=0.00s Real=0.00s
[2019-12-08T11:33:22.697+0000][1][gc,heap      ] GC(16) Old: 56504K->56273K(174784K)
[2019-12-08T11:33:23.627+0000][1][safepoint    ] Application time: 1.0008759 seconds
[2019-12-08T11:33:23.747+0000][1][safepoint    ] Entering safepoint region: Cleanup
[2019-12-08T11:33:23.747+0000][1][safepoint    ] Leaving safepoint region
[2019-12-08T11:33:23.747+0000][1][safepoint    ] Total time for which application threads were stopped: 0.1200974 seconds, Stopping threads took: 0.1199936 seconds
[2019-12-08T11:33:24.253+0000][1][safepoint    ] Application time: 0.5058518 seconds
[2019-12-08T11:33:24.296+0000][1][safepoint    ] Entering safepoint region: RevokeBias
[2019-12-08T11:33:24.296+0000][1][safepoint    ] Leaving safepoint region
[2019-12-08T11:33:24.296+0000][1][safepoint    ] Total time for which application threads were stopped: 0.0431142 seconds, Stopping threads took: 0.0429915 seconds
[2019-12-08T11:33:24.299+0000][1][safepoint    ] Application time: 0.0032632 seconds
[2019-12-08T11:33:24.299+0000][1][safepoint    ] Entering safepoint region: RevokeBias
[2019-12-08T11:33:24.299+0000][1][safepoint    ] Leaving safepoint region
[2019-12-08T11:33:24.299+0000][1][safepoint    ] Total time for which application threads were stopped: 0.0001177 seconds, Stopping threads took: 0.0000136 seconds
[2019-12-08T11:33:24.305+0000][1][safepoint    ] Application time: 0.0055207 seconds
[2019-12-08T11:33:24.305+0000][1][safepoint    ] Entering safepoint region: RevokeBias
[2019-12-08T11:33:24.305+0000][1][safepoint    ] Leaving safepoint region
[2019-12-08T11:33:24.305+0000][1][safepoint    ] Total time for which application threads were stopped: 0.0001819 seconds, Stopping threads took: 0.0001040 seconds
[2019-12-08T11:33:24.308+0000][1][safepoint    ] Application time: 0.0031243 seconds
[2019-12-08T11:33:24.308+0000][1][safepoint    ] Entering safepoint region: RevokeBias
[2019-12-08T11:33:24.308+0000][1][safepoint    ] Leaving safepoint region
[2019-12-08T11:33:24.308+0000][1][safepoint    ] Total time for which application threads were stopped: 0.0000716 seconds, Stopping threads took: 0.0000120 seconds
[2019-12-08T11:33:24.308+0000][1][safepoint    ] Application time: 0.0000770 seconds
[2019-12-08T11:33:24.308+0000][1][safepoint    ] Entering safepoint region: RevokeBias
[2019-12-08T11:33:24.308+0000][1][safepoint    ] Leaving safepoint region
[2019-12-08T11:33:24.308+0000][1][safepoint    ] Total time for which application threads were stopped: 0.0000519 seconds, Stopping threads took: 0.0000086 seconds
[2019-12-08T11:33:24.308+0000][1][safepoint    ] Application time: 0.0000573 seconds
[2019-12-08T11:33:24.308+0000][1][safepoint    ] Entering safepoint region: RevokeBias
[2019-12-08T11:33:24.309+0000][1][safepoint    ] Leaving safepoint region
[2019-12-08T11:33:24.309+0000][1][safepoint    ] Total time for which application threads were stopped: 0.0000503 seconds, Stopping threads took: 0.0000090 seconds
[2019-12-08T11:33:24.309+0000][1][safepoint    ] Application time: 0.0007055 seconds
[2019-12-08T11:33:24.309+0000][1][safepoint    ] Entering safepoint region: RevokeBias
[2019-12-08T11:33:24.309+0000][1][safepoint    ] Leaving safepoint region
[2019-12-08T11:33:24.309+0000][1][safepoint    ] Total time for which application threads were stopped: 0.0000714 seconds, Stopping threads took: 0.0000109 seconds
[2019-12-08T11:33:24.310+0000][1][safepoint    ] Application time: 0.0002236 seconds
[2019-12-08T11:33:24.310+0000][1][safepoint    ] Entering safepoint region: RevokeBias
[2019-12-08T11:33:24.310+0000][1][safepoint    ] Leaving safepoint region
[2019-12-08T11:33:24.310+0000][1][safepoint    ] Total time for which application threads were stopped: 0.0000649 seconds, Stopping threads took: 0.0000096 seconds
[2019-12-08T11:33:24.310+0000][1][safepoint    ] Application time: 0.0003669 seconds
[2019-12-08T11:33:24.310+0000][1][safepoint    ] Entering safepoint region: RevokeBias
[2019-12-08T11:33:24.310+0000][1][safepoint    ] Leaving safepoint region
[2019-12-08T11:33:24.310+0000][1][safepoint    ] Total time for which application threads were stopped: 0.0000660 seconds, Stopping threads took: 0.0000093 seconds
[2019-12-08T11:33:24.559+0000][1][safepoint    ] Application time: 0.2490736 seconds
[2019-12-08T11:33:24.559+0000][1][safepoint    ] Entering safepoint region: ICBufferFull
[2019-12-08T11:33:24.559+0000][1][safepoint    ] Leaving safepoint region
[2019-12-08T11:33:24.559+0000][1][safepoint    ] Total time for which application threads were stopped: 0.0002410 seconds, Stopping threads took: 0.0000290 seconds
[2019-12-08T11:33:25.197+0000][1][safepoint    ] Application time: 0.6372195 seconds
[2019-12-08T11:33:25.197+0000][1][safepoint    ] Entering safepoint region: RevokeBias
[2019-12-08T11:33:25.197+0000][1][safepoint    ] Leaving safepoint region
[2019-12-08T11:33:25.197+0000][1][safepoint    ] Total time for which application threads were stopped: 0.0001938 seconds, Stopping threads took: 0.0000149 seconds
[2019-12-08T11:33:25.210+0000][1][safepoint    ] Application time: 0.0131472 seconds
[2019-12-08T11:33:25.210+0000][1][safepoint    ] Entering safepoint region: RevokeBias
[2019-12-08T11:33:25.210+0000][1][safepoint    ] Leaving safepoint region
[2019-12-08T11:33:25.210+0000][1][safepoint    ] Total time for which application threads were stopped: 0.0000778 seconds, Stopping threads took: 0.0000115 seconds
[2019-12-08T11:33:26.167+0000][1][safepoint    ] Application time: 0.9564932 seconds
[2019-12-08T11:33:26.167+0000][1][safepoint    ] Entering safepoint region: GenCollectForAllocation
[2019-12-08T11:33:26.167+0000][1][gc,start     ] GC(18) Pause Young (Allocation Failure)
[2019-12-08T11:33:26.167+0000][1][gc,task      ] GC(18) Using 4 workers of 4 for evacuation
[2019-12-08T11:33:26.224+0000][1][gc,age       ] GC(18) Desired survivor size 4456448 bytes, new threshold 2 (max threshold 6)
[2019-12-08T11:33:26.224+0000][1][gc,age       ] GC(18) Age table with threshold 2 (max threshold 6)
[2019-12-08T11:33:26.224+0000][1][gc,age       ] GC(18) - age   1:    2975424 bytes,    2975424 total
[2019-12-08T11:33:26.224+0000][1][gc,age       ] GC(18) - age   2:    3534728 bytes,    6510152 total
[2019-12-08T11:33:26.224+0000][1][gc,age       ] GC(18) - age   3:      54472 bytes,    6564624 total
[2019-12-08T11:33:26.224+0000][1][gc,heap      ] GC(18) ParNew: 73957K->8100K(78656K)
[2019-12-08T11:33:26.224+0000][1][gc,heap      ] GC(18) CMS: 56273K->56273K(174784K)
[2019-12-08T11:33:26.224+0000][1][gc,metaspace ] GC(18) Metaspace: 46017K->46017K(1091584K)
[2019-12-08T11:33:26.224+0000][1][gc           ] GC(18) Pause Young (Allocation Failure) 127M->62M(247M) 56.639ms
[2019-12-08T11:33:26.224+0000][1][gc,cpu       ] GC(18) User=0.03s Sys=0.00s Real=0.06s
[2019-12-08T11:33:26.224+0000][1][safepoint    ] Leaving safepoint region
[2019-12-08T11:33:26.224+0000][1][safepoint    ] Total time for which application threads were stopped: 0.0571872 seconds, Stopping threads took: 0.0000144 seconds
[2019-12-08T11:33:26.301+0000][1][safepoint    ] Application time: 0.0767977 seconds
[2019-12-08T11:33:26.313+0000][1][safepoint    ] Entering safepoint region: RevokeBias
[2019-12-08T11:33:26.313+0000][1][safepoint    ] Leaving safepoint region
[2019-12-08T11:33:26.313+0000][1][safepoint    ] Total time for which application threads were stopped: 0.0121533 seconds, Stopping threads took: 0.0120710 seconds
[2019-12-08T11:33:26.313+0000][1][safepoint    ] Application time: 0.0002231 seconds
[2019-12-08T11:33:26.313+0000][1][safepoint    ] Entering safepoint region: RevokeBias
[2019-12-08T11:33:26.313+0000][1][safepoint    ] Leaving safepoint region
[2019-12-08T11:33:26.313+0000][1][safepoint    ] Total time for which application threads were stopped: 0.0000686 seconds, Stopping threads took: 0.0000109 seconds
[2019-12-08T11:33:26.313+0000][1][safepoint    ] Application time: 0.0000567 seconds
[2019-12-08T11:33:26.313+0000][1][safepoint    ] Entering safepoint region: RevokeBias
[2019-12-08T11:33:26.313+0000][1][safepoint    ] Leaving safepoint region
[2019-12-08T11:33:26.313+0000][1][safepoint    ] Total time for which application threads were stopped: 0.0000406 seconds, Stopping threads took: 0.0000072 seconds
[2019-12-08T11:33:26.699+0000][1][safepoint    ] Application time: 0.3853793 seconds
[2019-12-08T11:33:26.736+0000][1][safepoint    ] Entering safepoint region: RevokeBias
[2019-12-08T11:33:26.736+0000][1][safepoint    ] Leaving safepoint region
[2019-12-08T11:33:26.736+0000][1][safepoint    ] Total time for which application threads were stopped: 0.0371830 seconds, Stopping threads took: 0.0370704 seconds
[2019-12-08T11:33:26.736+0000][1][safepoint    ] Application time: 0.0001144 seconds
[2019-12-08T11:33:26.736+0000][1][safepoint    ] Entering safepoint region: RevokeBias
[2019-12-08T11:33:26.736+0000][1][safepoint    ] Leaving safepoint region
[2019-12-08T11:33:26.736+0000][1][safepoint    ] Total time for which application threads were stopped: 0.0000725 seconds, Stopping threads took: 0.0000095 seconds
[2019-12-08T11:33:26.736+0000][1][safepoint    ] Application time: 0.0001269 seconds
[2019-12-08T11:33:26.736+0000][1][safepoint    ] Entering safepoint region: RevokeBias
[2019-12-08T11:33:26.736+0000][1][safepoint    ] Leaving safepoint region
[2019-12-08T11:33:26.736+0000][1][safepoint    ] Total time for which application threads were stopped: 0.0000671 seconds, Stopping threads took: 0.0000092 seconds
[2019-12-08T11:33:26.737+0000][1][safepoint    ] Application time: 0.0005885 seconds
[2019-12-08T11:33:26.737+0000][1][safepoint    ] Entering safepoint region: RevokeBias
[2019-12-08T11:33:26.737+0000][1][safepoint    ] Leaving safepoint region
[2019-12-08T11:33:26.737+0000][1][safepoint    ] Total time for which application threads were stopped: 0.0000703 seconds, Stopping threads took: 0.0000105 seconds
[2019-12-08T11:33:26.737+0000][1][safepoint    ] Application time: 0.0001642 seconds
[2019-12-08T11:33:26.737+0000][1][safepoint    ] Entering safepoint region: RevokeBias
[2019-12-08T11:33:26.737+0000][1][safepoint    ] Leaving safepoint region
[2019-12-08T11:33:26.737+0000][1][safepoint    ] Total time for which application threads were stopped: 0.0000602 seconds, Stopping threads took: 0.0000086 seconds
[2019-12-08T11:33:26.737+0000][1][safepoint    ] Application time: 0.0000851 seconds
[2019-12-08T11:33:26.737+0000][1][safepoint    ] Entering safepoint region: RevokeBias
[2019-12-08T11:33:26.737+0000][1][safepoint    ] Leaving safepoint region
[2019-12-08T11:33:26.737+0000][1][safepoint    ] Total time for which application threads were stopped: 0.0000631 seconds, Stopping threads took: 0.0000097 seconds
[2019-12-08T11:33:26.738+0000][1][safepoint    ] Application time: 0.0000566 seconds
[2019-12-08T11:33:26.738+0000][1][safepoint    ] Entering safepoint region: RevokeBias
[2019-12-08T11:33:26.738+0000][1][safepoint    ] Leaving safepoint region
[2019-12-08T11:33:26.738+0000][1][safepoint    ] Total time for which application threads were stopped: 0.0000623 seconds, Stopping threads took: 0.0000145 seconds
[2019-12-08T11:33:26.738+0000][1][safepoint    ] Application time: 0.0000725 seconds
[2019-12-08T11:33:26.738+0000][1][safepoint    ] Entering safepoint region: RevokeBias
[2019-12-08T11:33:26.738+0000][1][safepoint    ] Leaving safepoint region
[2019-12-08T11:33:26.738+0000][1][safepoint    ] Total time for which application threads were stopped: 0.0000698 seconds, Stopping threads took: 0.0000091 seconds
[2019-12-08T11:33:26.738+0000][1][safepoint    ] Application time: 0.0000576 seconds
[2019-12-08T11:33:26.738+0000][1][safepoint    ] Entering safepoint region: RevokeBias
[2019-12-08T11:33:26.738+0000][1][safepoint    ] Leaving safepoint region
[2019-12-08T11:33:26.738+0000][1][safepoint    ] Total time for which application threads were stopped: 0.0000537 seconds, Stopping threads took: 0.0000089 seconds
[2019-12-08T11:33:26.738+0000][1][safepoint    ] Application time: 0.0000537 seconds
[2019-12-08T11:33:26.738+0000][1][safepoint    ] Entering safepoint region: RevokeBias
[2019-12-08T11:33:26.738+0000][1][safepoint    ] Leaving safepoint region
[2019-12-08T11:33:26.738+0000][1][safepoint    ] Total time for which application threads were stopped: 0.0000534 seconds, Stopping threads took: 0.0000088 seconds
[2019-12-08T11:33:26.738+0000][1][safepoint    ] Application time: 0.0000549 seconds
[2019-12-08T11:33:26.738+0000][1][safepoint    ] Entering safepoint region: RevokeBias
[2019-12-08T11:33:26.738+0000][1][safepoint    ] Leaving safepoint region
[2019-12-08T11:33:26.738+0000][1][safepoint    ] Total time for which application threads were stopped: 0.0000509 seconds, Stopping threads took: 0.0000081 seconds
[2019-12-08T11:33:26.738+0000][1][safepoint    ] Application time: 0.0000546 seconds
[2019-12-08T11:33:26.738+0000][1][safepoint    ] Entering safepoint region: RevokeBias
[2019-12-08T11:33:26.738+0000][1][safepoint    ] Leaving safepoint region
[2019-12-08T11:33:26.738+0000][1][safepoint    ] Total time for which application threads were stopped: 0.0000554 seconds, Stopping threads took: 0.0000086 seconds
[2019-12-08T11:33:26.738+0000][1][safepoint    ] Application time: 0.0000534 seconds
[2019-12-08T11:33:26.738+0000][1][safepoint    ] Entering safepoint region: RevokeBias
[2019-12-08T11:33:26.738+0000][1][safepoint    ] Leaving safepoint region
[2019-12-08T11:33:26.738+0000][1][safepoint    ] Total time for which application threads were stopped: 0.0000505 seconds, Stopping threads took: 0.0000081 seconds
[2019-12-08T11:33:26.738+0000][1][safepoint    ] Application time: 0.0000539 seconds
[2019-12-08T11:33:26.738+0000][1][safepoint    ] Entering safepoint region: RevokeBias
[2019-12-08T11:33:26.739+0000][1][safepoint    ] Leaving safepoint region
[2019-12-08T11:33:26.739+0000][1][safepoint    ] Total time for which application threads were stopped: 0.0000502 seconds, Stopping threads took: 0.0000087 seconds
[2019-12-08T11:33:26.739+0000][1][safepoint    ] Application time: 0.0000529 seconds
[2019-12-08T11:33:26.739+0000][1][safepoint    ] Entering safepoint region: RevokeBias
[2019-12-08T11:33:26.739+0000][1][safepoint    ] Leaving safepoint region
[2019-12-08T11:33:26.739+0000][1][safepoint    ] Total time for which application threads were stopped: 0.0000502 seconds, Stopping threads took: 0.0000084 seconds
[2019-12-08T11:33:26.739+0000][1][safepoint    ] Application time: 0.0000691 seconds
[2019-12-08T11:33:26.739+0000][1][safepoint    ] Entering safepoint region: RevokeBias
[2019-12-08T11:33:26.739+0000][1][safepoint    ] Leaving safepoint region
[2019-12-08T11:33:26.739+0000][1][safepoint    ] Total time for which application threads were stopped: 0.0000553 seconds, Stopping threads took: 0.0000085 seconds
[2019-12-08T11:33:26.739+0000][1][safepoint    ] Application time: 0.0000525 seconds
[2019-12-08T11:33:26.739+0000][1][safepoint    ] Entering safepoint region: RevokeBias
[2019-12-08T11:33:26.739+0000][1][safepoint    ] Leaving safepoint region
[2019-12-08T11:33:26.739+0000][1][safepoint    ] Total time for which application threads were stopped: 0.0000561 seconds, Stopping threads took: 0.0000140 seconds
[2019-12-08T11:33:26.739+0000][1][safepoint    ] Application time: 0.0000514 seconds
[2019-12-08T11:33:26.739+0000][1][safepoint    ] Entering safepoint region: RevokeBias
[2019-12-08T11:33:26.739+0000][1][safepoint    ] Leaving safepoint region
[2019-12-08T11:33:26.739+0000][1][safepoint    ] Total time for which application threads were stopped: 0.0000494 seconds, Stopping threads took: 0.0000080 seconds
[2019-12-08T11:33:26.739+0000][1][safepoint    ] Application time: 0.0000520 seconds
[2019-12-08T11:33:26.739+0000][1][safepoint    ] Entering safepoint region: RevokeBias
[2019-12-08T11:33:26.739+0000][1][safepoint    ] Leaving safepoint region
[2019-12-08T11:33:26.739+0000][1][safepoint    ] Total time for which application threads were stopped: 0.0000489 seconds, Stopping threads took: 0.0000079 seconds
[2019-12-08T11:33:26.739+0000][1][safepoint    ] Application time: 0.0000521 seconds
[2019-12-08T11:33:26.739+0000][1][safepoint    ] Entering safepoint region: RevokeBias
[2019-12-08T11:33:26.739+0000][1][safepoint    ] Leaving safepoint region
[2019-12-08T11:33:26.739+0000][1][safepoint    ] Total time for which application threads were stopped: 0.0000500 seconds, Stopping threads took: 0.0000086 seconds
[2019-12-08T11:33:26.739+0000][1][safepoint    ] Application time: 0.0000520 seconds
[2019-12-08T11:33:26.739+0000][1][safepoint    ] Entering safepoint region: RevokeBias
[2019-12-08T11:33:26.739+0000][1][safepoint    ] Leaving safepoint region
[2019-12-08T11:33:26.739+0000][1][safepoint    ] Total time for which application threads were stopped: 0.0000507 seconds, Stopping threads took: 0.0000081 seconds
[2019-12-08T11:33:26.739+0000][1][safepoint    ] Application time: 0.0000518 seconds
[2019-12-08T11:33:26.739+0000][1][safepoint    ] Entering safepoint region: RevokeBias
[2019-12-08T11:33:26.740+0000][1][safepoint    ] Leaving safepoint region
[2019-12-08T11:33:26.740+0000][1][safepoint    ] Total time for which application threads were stopped: 0.0000485 seconds, Stopping threads took: 0.0000085 seconds
[2019-12-08T11:33:26.740+0000][1][safepoint    ] Application time: 0.0000522 seconds
[2019-12-08T11:33:26.740+0000][1][safepoint    ] Entering safepoint region: BulkRevokeBias
[2019-12-08T11:33:26.740+0000][1][safepoint    ] Leaving safepoint region
[2019-12-08T11:33:26.740+0000][1][safepoint    ] Total time for which application threads were stopped: 0.0001471 seconds, Stopping threads took: 0.0000081 seconds
[2019-12-08T11:33:26.740+0000][1][safepoint    ] Application time: 0.0001947 seconds
[2019-12-08T11:33:26.740+0000][1][safepoint    ] Entering safepoint region: RevokeBias
[2019-12-08T11:33:26.740+0000][1][safepoint    ] Leaving safepoint region
[2019-12-08T11:33:26.740+0000][1][safepoint    ] Total time for which application threads were stopped: 0.0000720 seconds, Stopping threads took: 0.0000093 seconds
[2019-12-08T11:33:26.740+0000][1][safepoint    ] Application time: 0.0000841 seconds
[2019-12-08T11:33:26.740+0000][1][safepoint    ] Entering safepoint region: RevokeBias
[2019-12-08T11:33:26.740+0000][1][safepoint    ] Leaving safepoint region
[2019-12-08T11:33:26.740+0000][1][safepoint    ] Total time for which application threads were stopped: 0.0000539 seconds, Stopping threads took: 0.0000086 seconds
[2019-12-08T11:33:26.740+0000][1][safepoint    ] Application time: 0.0001116 seconds
[2019-12-08T11:33:26.740+0000][1][safepoint    ] Entering safepoint region: RevokeBias
[2019-12-08T11:33:26.740+0000][1][safepoint    ] Leaving safepoint region
[2019-12-08T11:33:26.740+0000][1][safepoint    ] Total time for which application threads were stopped: 0.0000513 seconds, Stopping threads took: 0.0000084 seconds
[2019-12-08T11:33:26.740+0000][1][safepoint    ] Application time: 0.0000690 seconds
[2019-12-08T11:33:26.740+0000][1][safepoint    ] Entering safepoint region: RevokeBias
[2019-12-08T11:33:26.740+0000][1][safepoint    ] Leaving safepoint region
[2019-12-08T11:33:26.740+0000][1][safepoint    ] Total time for which application threads were stopped: 0.0000578 seconds, Stopping threads took: 0.0000090 seconds
[2019-12-08T11:33:26.741+0000][1][safepoint    ] Application time: 0.0000791 seconds
[2019-12-08T11:33:26.741+0000][1][safepoint    ] Entering safepoint region: RevokeBias
[2019-12-08T11:33:26.741+0000][1][safepoint    ] Leaving safepoint region
[2019-12-08T11:33:26.741+0000][1][safepoint    ] Total time for which application threads were stopped: 0.0000800 seconds, Stopping threads took: 0.0000094 seconds
[2019-12-08T11:33:26.741+0000][1][safepoint    ] Application time: 0.0000672 seconds
[2019-12-08T11:33:26.741+0000][1][safepoint    ] Entering safepoint region: RevokeBias
[2019-12-08T11:33:26.741+0000][1][safepoint    ] Leaving safepoint region
[2019-12-08T11:33:26.741+0000][1][safepoint    ] Total time for which application threads were stopped: 0.0000610 seconds, Stopping threads took: 0.0000083 seconds
[2019-12-08T11:33:26.741+0000][1][safepoint    ] Application time: 0.0001827 seconds
[2019-12-08T11:33:26.741+0000][1][safepoint    ] Entering safepoint region: RevokeBias
[2019-12-08T11:33:26.741+0000][1][safepoint    ] Leaving safepoint region
[2019-12-08T11:33:26.741+0000][1][safepoint    ] Total time for which application threads were stopped: 0.0000627 seconds, Stopping threads took: 0.0000094 seconds
[2019-12-08T11:33:26.741+0000][1][safepoint    ] Application time: 0.0003232 seconds
[2019-12-08T11:33:26.741+0000][1][safepoint    ] Entering safepoint region: RevokeBias
[2019-12-08T11:33:26.742+0000][1][safepoint    ] Leaving safepoint region
[2019-12-08T11:33:26.742+0000][1][safepoint    ] Total time for which application threads were stopped: 0.0000719 seconds, Stopping threads took: 0.0000102 seconds
[2019-12-08T11:33:26.742+0000][1][safepoint    ] Application time: 0.0000765 seconds
[2019-12-08T11:33:26.742+0000][1][safepoint    ] Entering safepoint region: RevokeBias
[2019-12-08T11:33:26.742+0000][1][safepoint    ] Leaving safepoint region
[2019-12-08T11:33:26.742+0000][1][safepoint    ] Total time for which application threads were stopped: 0.0000563 seconds, Stopping threads took: 0.0000085 seconds
[2019-12-08T11:33:26.742+0000][1][safepoint    ] Application time: 0.0001804 seconds
[2019-12-08T11:33:26.742+0000][1][safepoint    ] Entering safepoint region: RevokeBias
[2019-12-08T11:33:26.742+0000][1][safepoint    ] Leaving safepoint region
[2019-12-08T11:33:26.742+0000][1][safepoint    ] Total time for which application threads were stopped: 0.0000707 seconds, Stopping threads took: 0.0000097 seconds
[2019-12-08T11:33:26.742+0000][1][safepoint    ] Application time: 0.0000762 seconds
[2019-12-08T11:33:26.742+0000][1][safepoint    ] Entering safepoint region: RevokeBias
[2019-12-08T11:33:26.742+0000][1][safepoint    ] Leaving safepoint region
[2019-12-08T11:33:26.742+0000][1][safepoint    ] Total time for which application threads were stopped: 0.0000664 seconds, Stopping threads took: 0.0000089 seconds
[2019-12-08T11:33:26.742+0000][1][safepoint    ] Application time: 0.0000477 seconds
[2019-12-08T11:33:26.742+0000][1][safepoint    ] Entering safepoint region: RevokeBias
[2019-12-08T11:33:26.742+0000][1][safepoint    ] Leaving safepoint region
[2019-12-08T11:33:26.742+0000][1][safepoint    ] Total time for which application threads were stopped: 0.0000493 seconds, Stopping threads took: 0.0000076 seconds
[2019-12-08T11:33:26.742+0000][1][safepoint    ] Application time: 0.0000477 seconds
[2019-12-08T11:33:26.742+0000][1][safepoint    ] Entering safepoint region: RevokeBias
[2019-12-08T11:33:26.742+0000][1][safepoint    ] Leaving safepoint region
[2019-12-08T11:33:26.742+0000][1][safepoint    ] Total time for which application threads were stopped: 0.0000465 seconds, Stopping threads took: 0.0000072 seconds
[2019-12-08T11:33:26.743+0000][1][safepoint    ] Application time: 0.0003235 seconds
[2019-12-08T11:33:26.743+0000][1][safepoint    ] Entering safepoint region: RevokeBias
[2019-12-08T11:33:26.743+0000][1][safepoint    ] Leaving safepoint region
[2019-12-08T11:33:26.743+0000][1][safepoint    ] Total time for which application threads were stopped: 0.0000686 seconds, Stopping threads took: 0.0000114 seconds
[2019-12-08T11:33:26.743+0000][1][safepoint    ] Application time: 0.0001465 seconds
[2019-12-08T11:33:26.743+0000][1][safepoint    ] Entering safepoint region: RevokeBias
[2019-12-08T11:33:26.743+0000][1][safepoint    ] Leaving safepoint region
[2019-12-08T11:33:26.743+0000][1][safepoint    ] Total time for which application threads were stopped: 0.0000577 seconds, Stopping threads took: 0.0000092 seconds
[2019-12-08T11:33:26.743+0000][1][safepoint    ] Application time: 0.0004253 seconds
[2019-12-08T11:33:26.743+0000][1][safepoint    ] Entering safepoint region: RevokeBias
[2019-12-08T11:33:26.744+0000][1][safepoint    ] Leaving safepoint region
[2019-12-08T11:33:26.744+0000][1][safepoint    ] Total time for which application threads were stopped: 0.0000703 seconds, Stopping threads took: 0.0000108 seconds
[2019-12-08T11:33:26.744+0000][1][safepoint    ] Application time: 0.0005990 seconds
[2019-12-08T11:33:26.744+0000][1][safepoint    ] Entering safepoint region: RevokeBias
[2019-12-08T11:33:26.744+0000][1][safepoint    ] Leaving safepoint region
[2019-12-08T11:33:26.744+0000][1][safepoint    ] Total time for which application threads were stopped: 0.0000706 seconds, Stopping threads took: 0.0000108 seconds
[2019-12-08T11:33:26.744+0000][1][safepoint    ] Application time: 0.0001393 seconds
[2019-12-08T11:33:26.744+0000][1][safepoint    ] Entering safepoint region: RevokeBias
[2019-12-08T11:33:26.744+0000][1][safepoint    ] Leaving safepoint region
[2019-12-08T11:33:26.744+0000][1][safepoint    ] Total time for which application threads were stopped: 0.0000615 seconds, Stopping threads took: 0.0000093 seconds
[2019-12-08T11:33:26.745+0000][1][safepoint    ] Application time: 0.0000621 seconds
[2019-12-08T11:33:26.745+0000][1][safepoint    ] Entering safepoint region: RevokeBias
[2019-12-08T11:33:26.745+0000][1][safepoint    ] Leaving safepoint region
[2019-12-08T11:33:26.745+0000][1][safepoint    ] Total time for which application threads were stopped: 0.0000581 seconds, Stopping threads took: 0.0000092 seconds
[2019-12-08T11:33:26.745+0000][1][safepoint    ] Application time: 0.0002785 seconds
[2019-12-08T11:33:26.745+0000][1][safepoint    ] Entering safepoint region: RevokeBias
[2019-12-08T11:33:26.745+0000][1][safepoint    ] Leaving safepoint region
[2019-12-08T11:33:26.745+0000][1][safepoint    ] Total time for which application threads were stopped: 0.0000672 seconds, Stopping threads took: 0.0000104 seconds
[2019-12-08T11:33:26.745+0000][1][safepoint    ] Application time: 0.0003276 seconds
[2019-12-08T11:33:26.745+0000][1][safepoint    ] Entering safepoint region: RevokeBias
[2019-12-08T11:33:26.745+0000][1][safepoint    ] Leaving safepoint region
[2019-12-08T11:33:26.745+0000][1][safepoint    ] Total time for which application threads were stopped: 0.0000695 seconds, Stopping threads took: 0.0000106 seconds
[2019-12-08T11:33:26.762+0000][1][safepoint    ] Application time: 0.0167046 seconds
[2019-12-08T11:33:26.762+0000][1][safepoint    ] Entering safepoint region: RevokeBias
[2019-12-08T11:33:26.762+0000][1][safepoint    ] Leaving safepoint region
[2019-12-08T11:33:26.762+0000][1][safepoint    ] Total time for which application threads were stopped: 0.0000770 seconds, Stopping threads took: 0.0000110 seconds
[2019-12-08T11:33:26.762+0000][1][safepoint    ] Application time: 0.0001014 seconds
[2019-12-08T11:33:26.762+0000][1][safepoint    ] Entering safepoint region: RevokeBias
[2019-12-08T11:33:26.762+0000][1][safepoint    ] Leaving safepoint region
[2019-12-08T11:33:26.762+0000][1][safepoint    ] Total time for which application threads were stopped: 0.0000568 seconds, Stopping threads took: 0.0000081 seconds
[2019-12-08T11:33:26.762+0000][1][safepoint    ] Application time: 0.0000580 seconds
[2019-12-08T11:33:26.762+0000][1][safepoint    ] Entering safepoint region: RevokeBias
[2019-12-08T11:33:26.763+0000][1][safepoint    ] Leaving safepoint region
[2019-12-08T11:33:26.763+0000][1][safepoint    ] Total time for which application threads were stopped: 0.0000518 seconds, Stopping threads took: 0.0000081 seconds
[2019-12-08T11:33:26.765+0000][1][safepoint    ] Application time: 0.0025490 seconds
[2019-12-08T11:33:26.765+0000][1][safepoint    ] Entering safepoint region: RevokeBias
[2019-12-08T11:33:26.765+0000][1][safepoint    ] Leaving safepoint region
[2019-12-08T11:33:26.765+0000][1][safepoint    ] Total time for which application threads were stopped: 0.0000746 seconds, Stopping threads took: 0.0000106 seconds
[2019-12-08T11:33:26.765+0000][1][safepoint    ] Application time: 0.0001549 seconds
[2019-12-08T11:33:26.765+0000][1][safepoint    ] Entering safepoint region: RevokeBias
[2019-12-08T11:33:26.765+0000][1][safepoint    ] Leaving safepoint region
[2019-12-08T11:33:26.765+0000][1][safepoint    ] Total time for which application threads were stopped: 0.0000776 seconds, Stopping threads took: 0.0000094 seconds
[2019-12-08T11:33:26.765+0000][1][safepoint    ] Application time: 0.0000573 seconds
[2019-12-08T11:33:26.765+0000][1][safepoint    ] Entering safepoint region: RevokeBias
[2019-12-08T11:33:26.766+0000][1][safepoint    ] Leaving safepoint region
[2019-12-08T11:33:26.766+0000][1][safepoint    ] Total time for which application threads were stopped: 0.0000628 seconds, Stopping threads took: 0.0000084 seconds
[2019-12-08T11:33:26.766+0000][1][safepoint    ] Application time: 0.0000581 seconds
[2019-12-08T11:33:26.766+0000][1][safepoint    ] Entering safepoint region: RevokeBias
[2019-12-08T11:33:26.766+0000][1][safepoint    ] Leaving safepoint region
[2019-12-08T11:33:26.766+0000][1][safepoint    ] Total time for which application threads were stopped: 0.0000828 seconds, Stopping threads took: 0.0000086 seconds
[2019-12-08T11:33:26.766+0000][1][safepoint    ] Application time: 0.0002475 seconds
[2019-12-08T11:33:26.766+0000][1][safepoint    ] Entering safepoint region: RevokeBias
[2019-12-08T11:33:26.766+0000][1][safepoint    ] Leaving safepoint region
[2019-12-08T11:33:26.766+0000][1][safepoint    ] Total time for which application threads were stopped: 0.0000740 seconds, Stopping threads took: 0.0000112 seconds
[2019-12-08T11:33:26.766+0000][1][safepoint    ] Application time: 0.0000633 seconds
[2019-12-08T11:33:26.766+0000][1][safepoint    ] Entering safepoint region: RevokeBias
[2019-12-08T11:33:26.766+0000][1][safepoint    ] Leaving safepoint region
[2019-12-08T11:33:26.766+0000][1][safepoint    ] Total time for which application threads were stopped: 0.0000465 seconds, Stopping threads took: 0.0000080 seconds
[2019-12-08T11:33:26.766+0000][1][safepoint    ] Application time: 0.0001426 seconds
[2019-12-08T11:33:26.766+0000][1][safepoint    ] Entering safepoint region: RevokeBias
[2019-12-08T11:33:26.766+0000][1][safepoint    ] Leaving safepoint region
[2019-12-08T11:33:26.766+0000][1][safepoint    ] Total time for which application threads were stopped: 0.0000372 seconds, Stopping threads took: 0.0000093 seconds
[2019-12-08T11:33:26.766+0000][1][safepoint    ] Application time: 0.0000541 seconds
[2019-12-08T11:33:26.766+0000][1][safepoint    ] Entering safepoint region: RevokeBias
[2019-12-08T11:33:26.766+0000][1][safepoint    ] Leaving safepoint region
[2019-12-08T11:33:26.766+0000][1][safepoint    ] Total time for which application threads were stopped: 0.0000330 seconds, Stopping threads took: 0.0000082 seconds
[2019-12-08T11:33:26.767+0000][1][safepoint    ] Application time: 0.0000584 seconds
[2019-12-08T11:33:26.767+0000][1][safepoint    ] Entering safepoint region: RevokeBias
[2019-12-08T11:33:26.767+0000][1][safepoint    ] Leaving safepoint region
[2019-12-08T11:33:26.767+0000][1][safepoint    ] Total time for which application threads were stopped: 0.0000334 seconds, Stopping threads took: 0.0000088 seconds
[2019-12-08T11:33:26.767+0000][1][safepoint    ] Application time: 0.0000567 seconds
[2019-12-08T11:33:26.767+0000][1][safepoint    ] Entering safepoint region: RevokeBias
[2019-12-08T11:33:26.767+0000][1][safepoint    ] Leaving safepoint region
[2019-12-08T11:33:26.767+0000][1][safepoint    ] Total time for which application threads were stopped: 0.0000361 seconds, Stopping threads took: 0.0000125 seconds
[2019-12-08T11:33:26.767+0000][1][safepoint    ] Application time: 0.0000533 seconds
[2019-12-08T11:33:26.767+0000][1][safepoint    ] Entering safepoint region: RevokeBias
[2019-12-08T11:33:26.767+0000][1][safepoint    ] Leaving safepoint region
[2019-12-08T11:33:26.767+0000][1][safepoint    ] Total time for which application threads were stopped: 0.0000284 seconds, Stopping threads took: 0.0000073 seconds
[2019-12-08T11:33:26.767+0000][1][safepoint    ] Application time: 0.0000522 seconds
[2019-12-08T11:33:26.767+0000][1][safepoint    ] Entering safepoint region: RevokeBias
[2019-12-08T11:33:26.767+0000][1][safepoint    ] Leaving safepoint region
[2019-12-08T11:33:26.767+0000][1][safepoint    ] Total time for which application threads were stopped: 0.0000311 seconds, Stopping threads took: 0.0000084 seconds
[2019-12-08T11:33:26.767+0000][1][safepoint    ] Application time: 0.0000541 seconds
[2019-12-08T11:33:26.767+0000][1][safepoint    ] Entering safepoint region: RevokeBias
[2019-12-08T11:33:26.767+0000][1][safepoint    ] Leaving safepoint region
[2019-12-08T11:33:26.767+0000][1][safepoint    ] Total time for which application threads were stopped: 0.0000311 seconds, Stopping threads took: 0.0000084 seconds
[2019-12-08T11:33:26.767+0000][1][safepoint    ] Application time: 0.0000541 seconds
[2019-12-08T11:33:26.767+0000][1][safepoint    ] Entering safepoint region: RevokeBias
[2019-12-08T11:33:26.767+0000][1][safepoint    ] Leaving safepoint region
[2019-12-08T11:33:26.767+0000][1][safepoint    ] Total time for which application threads were stopped: 0.0000307 seconds, Stopping threads took: 0.0000081 seconds
[2019-12-08T11:33:26.767+0000][1][safepoint    ] Application time: 0.0000519 seconds
[2019-12-08T11:33:26.767+0000][1][safepoint    ] Entering safepoint region: RevokeBias
[2019-12-08T11:33:26.767+0000][1][safepoint    ] Leaving safepoint region
[2019-12-08T11:33:26.767+0000][1][safepoint    ] Total time for which application threads were stopped: 0.0000308 seconds, Stopping threads took: 0.0000082 seconds
[2019-12-08T11:33:26.767+0000][1][safepoint    ] Application time: 0.0000508 seconds
[2019-12-08T11:33:26.767+0000][1][safepoint    ] Entering safepoint region: RevokeBias
[2019-12-08T11:33:26.767+0000][1][safepoint    ] Leaving safepoint region
[2019-12-08T11:33:26.767+0000][1][safepoint    ] Total time for which application threads were stopped: 0.0000306 seconds, Stopping threads took: 0.0000084 seconds
[2019-12-08T11:33:26.767+0000][1][safepoint    ] Application time: 0.0000556 seconds
[2019-12-08T11:33:26.767+0000][1][safepoint    ] Entering safepoint region: RevokeBias
[2019-12-08T11:33:26.767+0000][1][safepoint    ] Leaving safepoint region
[2019-12-08T11:33:26.767+0000][1][safepoint    ] Total time for which application threads were stopped: 0.0000321 seconds, Stopping threads took: 0.0000089 seconds
[2019-12-08T11:33:26.767+0000][1][safepoint    ] Application time: 0.0000528 seconds
[2019-12-08T11:33:26.768+0000][1][safepoint    ] Entering safepoint region: RevokeBias
[2019-12-08T11:33:26.768+0000][1][safepoint    ] Leaving safepoint region
[2019-12-08T11:33:26.768+0000][1][safepoint    ] Total time for which application threads were stopped: 0.0000322 seconds, Stopping threads took: 0.0000085 seconds
[2019-12-08T11:33:26.768+0000][1][safepoint    ] Application time: 0.0000530 seconds
[2019-12-08T11:33:26.768+0000][1][safepoint    ] Entering safepoint region: RevokeBias
[2019-12-08T11:33:26.768+0000][1][safepoint    ] Leaving safepoint region
[2019-12-08T11:33:26.768+0000][1][safepoint    ] Total time for which application threads were stopped: 0.0000312 seconds, Stopping threads took: 0.0000087 seconds
[2019-12-08T11:33:26.768+0000][1][safepoint    ] Application time: 0.0000685 seconds
[2019-12-08T11:33:26.768+0000][1][safepoint    ] Entering safepoint region: RevokeBias
[2019-12-08T11:33:26.768+0000][1][safepoint    ] Leaving safepoint region
[2019-12-08T11:33:26.768+0000][1][safepoint    ] Total time for which application threads were stopped: 0.0000339 seconds, Stopping threads took: 0.0000091 seconds
[2019-12-08T11:33:26.768+0000][1][safepoint    ] Application time: 0.0000537 seconds
[2019-12-08T11:33:26.768+0000][1][safepoint    ] Entering safepoint region: RevokeBias
[2019-12-08T11:33:26.768+0000][1][safepoint    ] Leaving safepoint region
[2019-12-08T11:33:26.768+0000][1][safepoint    ] Total time for which application threads were stopped: 0.0000316 seconds, Stopping threads took: 0.0000084 seconds
[2019-12-08T11:33:26.768+0000][1][safepoint    ] Application time: 0.0000524 seconds
[2019-12-08T11:33:26.768+0000][1][safepoint    ] Entering safepoint region: RevokeBias
[2019-12-08T11:33:26.768+0000][1][safepoint    ] Leaving safepoint region
[2019-12-08T11:33:26.768+0000][1][safepoint    ] Total time for which application threads were stopped: 0.0000316 seconds, Stopping threads took: 0.0000083 seconds
[2019-12-08T11:33:26.768+0000][1][safepoint    ] Application time: 0.0000540 seconds
[2019-12-08T11:33:26.768+0000][1][safepoint    ] Entering safepoint region: BulkRevokeBias
[2019-12-08T11:33:26.768+0000][1][safepoint    ] Leaving safepoint region
[2019-12-08T11:33:26.768+0000][1][safepoint    ] Total time for which application threads were stopped: 0.0001103 seconds, Stopping threads took: 0.0000087 seconds
[2019-12-08T11:33:27.134+0000][1][safepoint    ] Application time: 0.3658656 seconds
[2019-12-08T11:33:27.149+0000][1][safepoint    ] Entering safepoint region: RevokeBias
[2019-12-08T11:33:27.149+0000][1][safepoint    ] Leaving safepoint region
[2019-12-08T11:33:27.149+0000][1][safepoint    ] Total time for which application threads were stopped: 0.0148468 seconds, Stopping threads took: 0.0147093 seconds
[2019-12-08T11:33:27.157+0000][1][safepoint    ] Application time: 0.0077936 seconds
[2019-12-08T11:33:27.188+0000][1][safepoint    ] Entering safepoint region: RevokeBias
[2019-12-08T11:33:27.188+0000][1][safepoint    ] Leaving safepoint region
[2019-12-08T11:33:27.188+0000][1][safepoint    ] Total time for which application threads were stopped: 0.0311688 seconds, Stopping threads took: 0.0310913 seconds
[2019-12-08T11:33:27.201+0000][1][safepoint    ] Application time: 0.0128998 seconds
[2019-12-08T11:33:27.240+0000][1][safepoint    ] Entering safepoint region: RevokeBias
[2019-12-08T11:33:27.240+0000][1][safepoint    ] Leaving safepoint region
[2019-12-08T11:33:27.240+0000][1][safepoint    ] Total time for which application threads were stopped: 0.0390543 seconds, Stopping threads took: 0.0389172 seconds
[2019-12-08T11:33:27.246+0000][1][safepoint    ] Application time: 0.0063956 seconds
[2019-12-08T11:33:27.272+0000][1][safepoint    ] Entering safepoint region: RevokeBias
[2019-12-08T11:33:27.272+0000][1][safepoint    ] Leaving safepoint region
[2019-12-08T11:33:27.272+0000][1][safepoint    ] Total time for which application threads were stopped: 0.0256013 seconds, Stopping threads took: 0.0254423 seconds
[2019-12-08T11:33:28.290+0000][1][safepoint    ] Application time: 1.0179196 seconds
[2019-12-08T11:33:28.305+0000][1][safepoint    ] Entering safepoint region: Cleanup
[2019-12-08T11:33:28.305+0000][1][safepoint    ] Leaving safepoint region
[2019-12-08T11:33:28.305+0000][1][safepoint    ] Total time for which application threads were stopped: 0.0153299 seconds, Stopping threads took: 0.0148837 seconds
[2019-12-08T11:33:28.309+0000][1][safepoint    ] Application time: 0.0036069 seconds
[2019-12-08T11:33:28.313+0000][1][safepoint    ] Entering safepoint region: RevokeBias
[2019-12-08T11:33:28.313+0000][1][safepoint    ] Leaving safepoint region
[2019-12-08T11:33:28.313+0000][1][safepoint    ] Total time for which application threads were stopped: 0.0039910 seconds, Stopping threads took: 0.0039169 seconds
[2019-12-08T11:33:28.313+0000][1][safepoint    ] Application time: 0.0001070 seconds
[2019-12-08T11:33:28.313+0000][1][safepoint    ] Entering safepoint region: RevokeBias
[2019-12-08T11:33:28.313+0000][1][safepoint    ] Leaving safepoint region
[2019-12-08T11:33:28.313+0000][1][safepoint    ] Total time for which application threads were stopped: 0.0000488 seconds, Stopping threads took: 0.0000116 seconds
[2019-12-08T11:33:28.869+0000][1][safepoint    ] Application time: 0.5562972 seconds
[2019-12-08T11:33:28.869+0000][1][safepoint    ] Entering safepoint region: GenCollectForAllocation
[2019-12-08T11:33:28.870+0000][1][gc,start     ] GC(19) Pause Young (Allocation Failure)
[2019-12-08T11:33:28.870+0000][1][gc,task      ] GC(19) Using 4 workers of 4 for evacuation
[2019-12-08T11:33:28.948+0000][1][gc,age       ] GC(19) Desired survivor size 4456448 bytes, new threshold 6 (max threshold 6)
[2019-12-08T11:33:28.948+0000][1][gc,age       ] GC(19) Age table with threshold 6 (max threshold 6)
[2019-12-08T11:33:28.948+0000][1][gc,age       ] GC(19) - age   1:    1186808 bytes,    1186808 total
[2019-12-08T11:33:28.948+0000][1][gc,age       ] GC(19) - age   2:    2944472 bytes,    4131280 total
[2019-12-08T11:33:28.948+0000][1][gc,heap      ] GC(19) ParNew: 78052K->6930K(78656K)
[2019-12-08T11:33:28.948+0000][1][gc,heap      ] GC(19) CMS: 56273K->59896K(174784K)
[2019-12-08T11:33:28.948+0000][1][gc,metaspace ] GC(19) Metaspace: 51471K->51471K(1095680K)
[2019-12-08T11:33:28.948+0000][1][gc           ] GC(19) Pause Young (Allocation Failure) 131M->65M(247M) 78.161ms
[2019-12-08T11:33:28.948+0000][1][gc,cpu       ] GC(19) User=0.05s Sys=0.00s Real=0.08s
[2019-12-08T11:33:28.948+0000][1][safepoint    ] Leaving safepoint region
[2019-12-08T11:33:28.948+0000][1][safepoint    ] Total time for which application threads were stopped: 0.0783310 seconds, Stopping threads took: 0.0000156 seconds
[2019-12-08T11:33:29.377+0000][1][safepoint    ] Application time: 0.4291339 seconds
[2019-12-08T11:33:29.391+0000][1][safepoint    ] Entering safepoint region: RevokeBias
[2019-12-08T11:33:29.391+0000][1][safepoint    ] Leaving safepoint region
[2019-12-08T11:33:29.391+0000][1][safepoint    ] Total time for which application threads were stopped: 0.0143251 seconds, Stopping threads took: 0.0138274 seconds
[2019-12-08T11:33:30.394+0000][1][safepoint    ] Application time: 1.0024881 seconds
[2019-12-08T11:33:30.394+0000][1][safepoint    ] Entering safepoint region: Cleanup
[2019-12-08T11:33:30.394+0000][1][safepoint    ] Leaving safepoint region
[2019-12-08T11:33:30.394+0000][1][safepoint    ] Total time for which application threads were stopped: 0.0001362 seconds, Stopping threads took: 0.0000173 seconds
[2019-12-08T11:33:30.455+0000][1][safepoint    ] Application time: 0.0611046 seconds
[2019-12-08T11:33:30.469+0000][1][safepoint    ] Entering safepoint region: RevokeBias
[2019-12-08T11:33:30.469+0000][1][safepoint    ] Leaving safepoint region
[2019-12-08T11:33:30.469+0000][1][safepoint    ] Total time for which application threads were stopped: 0.0137922 seconds, Stopping threads took: 0.0137306 seconds
[2019-12-08T11:33:31.472+0000][1][safepoint    ] Application time: 1.0028602 seconds
[2019-12-08T11:33:31.500+0000][1][safepoint    ] Entering safepoint region: Cleanup
[2019-12-08T11:33:31.500+0000][1][safepoint    ] Leaving safepoint region
[2019-12-08T11:33:31.500+0000][1][safepoint    ] Total time for which application threads were stopped: 0.0284839 seconds, Stopping threads took: 0.0283973 seconds
[2019-12-08T11:33:31.510+0000][1][safepoint    ] Application time: 0.0099716 seconds
[2019-12-08T11:33:31.510+0000][1][safepoint    ] Entering safepoint region: RevokeBias
[2019-12-08T11:33:31.510+0000][1][safepoint    ] Leaving safepoint region
[2019-12-08T11:33:31.510+0000][1][safepoint    ] Total time for which application threads were stopped: 0.0000916 seconds, Stopping threads took: 0.0000131 seconds
[2019-12-08T11:33:31.692+0000][1][safepoint    ] Application time: 0.1814127 seconds
[2019-12-08T11:33:31.692+0000][1][safepoint    ] Entering safepoint region: Deoptimize
[2019-12-08T11:33:31.692+0000][1][safepoint    ] Leaving safepoint region
[2019-12-08T11:33:31.692+0000][1][safepoint    ] Total time for which application threads were stopped: 0.0006593 seconds, Stopping threads took: 0.0000168 seconds
[2019-12-08T11:33:32.043+0000][1][safepoint    ] Application time: 0.3502430 seconds
[2019-12-08T11:33:32.043+0000][1][safepoint    ] Entering safepoint region: RevokeBias
[2019-12-08T11:33:32.043+0000][1][safepoint    ] Leaving safepoint region
[2019-12-08T11:33:32.043+0000][1][safepoint    ] Total time for which application threads were stopped: 0.0001135 seconds, Stopping threads took: 0.0000161 seconds
[2019-12-08T11:33:32.065+0000][1][safepoint    ] Application time: 0.0218581 seconds
[2019-12-08T11:33:32.065+0000][1][safepoint    ] Entering safepoint region: RevokeBias
[2019-12-08T11:33:32.065+0000][1][safepoint    ] Leaving safepoint region
[2019-12-08T11:33:32.065+0000][1][safepoint    ] Total time for which application threads were stopped: 0.0000855 seconds, Stopping threads took: 0.0000166 seconds
[2019-12-08T11:33:32.072+0000][1][safepoint    ] Application time: 0.0068744 seconds
[2019-12-08T11:33:32.072+0000][1][safepoint    ] Entering safepoint region: RevokeBias
[2019-12-08T11:33:32.072+0000][1][safepoint    ] Leaving safepoint region
[2019-12-08T11:33:32.072+0000][1][safepoint    ] Total time for which application threads were stopped: 0.0000810 seconds, Stopping threads took: 0.0000157 seconds
[2019-12-08T11:33:32.130+0000][1][safepoint    ] Application time: 0.0579048 seconds
[2019-12-08T11:33:32.130+0000][1][safepoint    ] Entering safepoint region: RevokeBias
[2019-12-08T11:33:32.130+0000][1][safepoint    ] Leaving safepoint region
[2019-12-08T11:33:32.130+0000][1][safepoint    ] Total time for which application threads were stopped: 0.0001050 seconds, Stopping threads took: 0.0000203 seconds
[2019-12-08T11:33:33.131+0000][1][safepoint    ] Application time: 1.0008400 seconds
[2019-12-08T11:33:33.136+0000][1][safepoint    ] Entering safepoint region: Cleanup
[2019-12-08T11:33:33.137+0000][1][safepoint    ] Leaving safepoint region
[2019-12-08T11:33:33.137+0000][1][safepoint    ] Total time for which application threads were stopped: 0.0062114 seconds, Stopping threads took: 0.0049925 seconds
[2019-12-08T11:33:33.171+0000][1][safepoint    ] Application time: 0.0337312 seconds
[2019-12-08T11:33:33.171+0000][1][safepoint    ] Entering safepoint region: Deoptimize
[2019-12-08T11:33:33.171+0000][1][safepoint    ] Leaving safepoint region
[2019-12-08T11:33:33.171+0000][1][safepoint    ] Total time for which application threads were stopped: 0.0006370 seconds, Stopping threads took: 0.0000154 seconds
[2019-12-08T11:33:33.931+0000][1][safepoint    ] Application time: 0.7593219 seconds
[2019-12-08T11:33:33.931+0000][1][safepoint    ] Entering safepoint region: GenCollectForAllocation
[2019-12-08T11:33:33.931+0000][1][gc,start     ] GC(20) Pause Young (Allocation Failure)
[2019-12-08T11:33:33.931+0000][1][gc,task      ] GC(20) Using 4 workers of 4 for evacuation
[2019-12-08T11:33:34.099+0000][1][gc,age       ] GC(20) Desired survivor size 4456448 bytes, new threshold 2 (max threshold 6)
[2019-12-08T11:33:34.099+0000][1][gc,age       ] GC(20) Age table with threshold 2 (max threshold 6)
[2019-12-08T11:33:34.099+0000][1][gc,age       ] GC(20) - age   1:    3619800 bytes,    3619800 total
[2019-12-08T11:33:34.099+0000][1][gc,age       ] GC(20) - age   2:    1158056 bytes,    4777856 total
[2019-12-08T11:33:34.099+0000][1][gc,age       ] GC(20) - age   3:    2943608 bytes,    7721464 total
[2019-12-08T11:33:34.099+0000][1][gc,heap      ] GC(20) ParNew: 76882K->8697K(78656K)
[2019-12-08T11:33:34.099+0000][1][gc,heap      ] GC(20) CMS: 59896K->59896K(174784K)
[2019-12-08T11:33:34.099+0000][1][gc,metaspace ] GC(20) Metaspace: 60151K->60151K(1103872K)
[2019-12-08T11:33:34.099+0000][1][gc           ] GC(20) Pause Young (Allocation Failure) 133M->66M(247M) 168.619ms
[2019-12-08T11:33:34.100+0000][1][gc,cpu       ] GC(20) User=0.16s Sys=0.00s Real=0.16s
[2019-12-08T11:33:34.100+0000][1][safepoint    ] Leaving safepoint region
[2019-12-08T11:33:34.100+0000][1][safepoint    ] Total time for which application threads were stopped: 0.1688051 seconds, Stopping threads took: 0.0000169 seconds
[2019-12-08T11:33:34.637+0000][1][safepoint    ] Application time: 0.5371497 seconds
[2019-12-08T11:33:34.637+0000][1][safepoint    ] Entering safepoint region: BulkRevokeBias
[2019-12-08T11:33:34.637+0000][1][safepoint    ] Leaving safepoint region
[2019-12-08T11:33:34.637+0000][1][safepoint    ] Total time for which application threads were stopped: 0.0001845 seconds, Stopping threads took: 0.0000164 seconds
[2019-12-08T11:33:35.490+0000][1][safepoint    ] Application time: 0.8532707 seconds
[2019-12-08T11:33:35.499+0000][1][safepoint    ] Entering safepoint region: RevokeBias
[2019-12-08T11:33:35.499+0000][1][safepoint    ] Leaving safepoint region
[2019-12-08T11:33:35.499+0000][1][safepoint    ] Total time for which application threads were stopped: 0.0088171 seconds, Stopping threads took: 0.0087216 seconds
[2019-12-08T11:33:35.499+0000][1][safepoint    ] Application time: 0.0000733 seconds
[2019-12-08T11:33:35.499+0000][1][safepoint    ] Entering safepoint region: RevokeBias
[2019-12-08T11:33:35.499+0000][1][safepoint    ] Leaving safepoint region
[2019-12-08T11:33:35.499+0000][1][safepoint    ] Total time for which application threads were stopped: 0.0000475 seconds, Stopping threads took: 0.0000090 seconds
[2019-12-08T11:33:35.499+0000][1][safepoint    ] Application time: 0.0001867 seconds
[2019-12-08T11:33:35.499+0000][1][safepoint    ] Entering safepoint region: RevokeBias
[2019-12-08T11:33:35.499+0000][1][safepoint    ] Leaving safepoint region
[2019-12-08T11:33:35.499+0000][1][safepoint    ] Total time for which application threads were stopped: 0.0000535 seconds, Stopping threads took: 0.0000098 seconds
[2019-12-08T11:33:36.032+0000][1][safepoint    ] Application time: 0.5326665 seconds
[2019-12-08T11:33:36.032+0000][1][safepoint    ] Entering safepoint region: RevokeBias
[2019-12-08T11:33:36.032+0000][1][safepoint    ] Leaving safepoint region
[2019-12-08T11:33:36.032+0000][1][safepoint    ] Total time for which application threads were stopped: 0.0000799 seconds, Stopping threads took: 0.0000170 seconds
[2019-12-08T11:33:36.452+0000][1][safepoint    ] Application time: 0.4194792 seconds
[2019-12-08T11:33:36.452+0000][1][safepoint    ] Entering safepoint region: RevokeBias
[2019-12-08T11:33:36.452+0000][1][safepoint    ] Leaving safepoint region
[2019-12-08T11:33:36.452+0000][1][safepoint    ] Total time for which application threads were stopped: 0.0000757 seconds, Stopping threads took: 0.0000183 seconds
[2019-12-08T11:33:36.602+0000][1][safepoint    ] Application time: 0.1501961 seconds
[2019-12-08T11:33:36.602+0000][1][safepoint    ] Entering safepoint region: Deoptimize
[2019-12-08T11:33:36.603+0000][1][safepoint    ] Leaving safepoint region
[2019-12-08T11:33:36.603+0000][1][safepoint    ] Total time for which application threads were stopped: 0.0007087 seconds, Stopping threads took: 0.0000160 seconds
[2019-12-08T11:33:36.666+0000][1][safepoint    ] Application time: 0.0628274 seconds
[2019-12-08T11:33:36.666+0000][1][safepoint    ] Entering safepoint region: BulkRevokeBias
[2019-12-08T11:33:36.666+0000][1][safepoint    ] Leaving safepoint region
[2019-12-08T11:33:36.666+0000][1][safepoint    ] Total time for which application threads were stopped: 0.0002186 seconds, Stopping threads took: 0.0000161 seconds
[2019-12-08T11:33:36.666+0000][1][safepoint    ] Application time: 0.0003709 seconds
[2019-12-08T11:33:36.666+0000][1][safepoint    ] Entering safepoint region: RevokeBias
[2019-12-08T11:33:36.666+0000][1][safepoint    ] Leaving safepoint region
[2019-12-08T11:33:36.666+0000][1][safepoint    ] Total time for which application threads were stopped: 0.0000763 seconds, Stopping threads took: 0.0000128 seconds
[2019-12-08T11:33:36.667+0000][1][safepoint    ] Application time: 0.0010477 seconds
[2019-12-08T11:33:36.667+0000][1][safepoint    ] Entering safepoint region: RevokeBias
[2019-12-08T11:33:36.667+0000][1][safepoint    ] Leaving safepoint region
[2019-12-08T11:33:36.668+0000][1][safepoint    ] Total time for which application threads were stopped: 0.0000737 seconds, Stopping threads took: 0.0000117 seconds
[2019-12-08T11:33:36.668+0000][1][safepoint    ] Application time: 0.0004391 seconds
[2019-12-08T11:33:36.668+0000][1][safepoint    ] Entering safepoint region: RevokeBias
[2019-12-08T11:33:36.668+0000][1][safepoint    ] Leaving safepoint region
[2019-12-08T11:33:36.668+0000][1][safepoint    ] Total time for which application threads were stopped: 0.0000697 seconds, Stopping threads took: 0.0000114 seconds
[2019-12-08T11:33:36.668+0000][1][safepoint    ] Application time: 0.0000612 seconds
[2019-12-08T11:33:36.668+0000][1][safepoint    ] Entering safepoint region: RevokeBias
[2019-12-08T11:33:36.668+0000][1][safepoint    ] Leaving safepoint region
[2019-12-08T11:33:36.668+0000][1][safepoint    ] Total time for which application threads were stopped: 0.0000597 seconds, Stopping threads took: 0.0000090 seconds
[2019-12-08T11:33:36.668+0000][1][safepoint    ] Application time: 0.0000985 seconds
[2019-12-08T11:33:36.668+0000][1][safepoint    ] Entering safepoint region: RevokeBias
[2019-12-08T11:33:36.668+0000][1][safepoint    ] Leaving safepoint region
[2019-12-08T11:33:36.668+0000][1][safepoint    ] Total time for which application threads were stopped: 0.0000530 seconds, Stopping threads took: 0.0000093 seconds
[2019-12-08T11:33:36.669+0000][1][safepoint    ] Application time: 0.0003097 seconds
[2019-12-08T11:33:36.669+0000][1][safepoint    ] Entering safepoint region: RevokeBias
[2019-12-08T11:33:36.669+0000][1][safepoint    ] Leaving safepoint region
[2019-12-08T11:33:36.669+0000][1][safepoint    ] Total time for which application threads were stopped: 0.0000960 seconds, Stopping threads took: 0.0000446 seconds
[2019-12-08T11:33:36.690+0000][1][safepoint    ] Application time: 0.0213215 seconds
[2019-12-08T11:33:36.690+0000][1][safepoint    ] Entering safepoint region: RevokeBias
[2019-12-08T11:33:36.690+0000][1][safepoint    ] Leaving safepoint region
[2019-12-08T11:33:36.690+0000][1][safepoint    ] Total time for which application threads were stopped: 0.0000764 seconds, Stopping threads took: 0.0000126 seconds
[2019-12-08T11:33:36.690+0000][1][safepoint    ] Application time: 0.0000648 seconds
[2019-12-08T11:33:36.690+0000][1][safepoint    ] Entering safepoint region: RevokeBias
[2019-12-08T11:33:36.690+0000][1][safepoint    ] Leaving safepoint region
[2019-12-08T11:33:36.690+0000][1][safepoint    ] Total time for which application threads were stopped: 0.0000638 seconds, Stopping threads took: 0.0000092 seconds
[2019-12-08T11:33:36.690+0000][1][safepoint    ] Application time: 0.0001155 seconds
[2019-12-08T11:33:36.691+0000][1][safepoint    ] Entering safepoint region: RevokeBias
[2019-12-08T11:33:36.691+0000][1][safepoint    ] Leaving safepoint region
[2019-12-08T11:33:36.691+0000][1][safepoint    ] Total time for which application threads were stopped: 0.0000740 seconds, Stopping threads took: 0.0000097 seconds
[2019-12-08T11:33:36.692+0000][1][safepoint    ] Application time: 0.0018166 seconds
[2019-12-08T11:33:36.692+0000][1][safepoint    ] Entering safepoint region: RevokeBias
[2019-12-08T11:33:36.692+0000][1][safepoint    ] Leaving safepoint region
[2019-12-08T11:33:36.693+0000][1][safepoint    ] Total time for which application threads were stopped: 0.0000724 seconds, Stopping threads took: 0.0000124 seconds
[2019-12-08T11:33:36.693+0000][1][safepoint    ] Application time: 0.0001040 seconds
[2019-12-08T11:33:36.693+0000][1][safepoint    ] Entering safepoint region: RevokeBias
[2019-12-08T11:33:36.693+0000][1][safepoint    ] Leaving safepoint region
[2019-12-08T11:33:36.693+0000][1][safepoint    ] Total time for which application threads were stopped: 0.0000515 seconds, Stopping threads took: 0.0000098 seconds
[2019-12-08T11:33:36.694+0000][1][safepoint    ] Application time: 0.0015469 seconds
[2019-12-08T11:33:36.694+0000][1][safepoint    ] Entering safepoint region: RevokeBias
[2019-12-08T11:33:36.694+0000][1][safepoint    ] Leaving safepoint region
[2019-12-08T11:33:36.694+0000][1][safepoint    ] Total time for which application threads were stopped: 0.0000722 seconds, Stopping threads took: 0.0000117 seconds
[2019-12-08T11:33:36.697+0000][1][safepoint    ] Application time: 0.0022118 seconds
[2019-12-08T11:33:36.697+0000][1][safepoint    ] Entering safepoint region: Deoptimize
[2019-12-08T11:33:36.697+0000][1][safepoint    ] Leaving safepoint region
[2019-12-08T11:33:36.697+0000][1][safepoint    ] Total time for which application threads were stopped: 0.0006636 seconds, Stopping threads took: 0.0000121 seconds
[2019-12-08T11:33:36.698+0000][1][safepoint    ] Application time: 0.0008439 seconds
[2019-12-08T11:33:36.698+0000][1][safepoint    ] Entering safepoint region: RevokeBias
[2019-12-08T11:33:36.698+0000][1][safepoint    ] Leaving safepoint region
[2019-12-08T11:33:36.698+0000][1][safepoint    ] Total time for which application threads were stopped: 0.0000667 seconds, Stopping threads took: 0.0000119 seconds
[2019-12-08T11:33:36.737+0000][1][safepoint    ] Application time: 0.0387991 seconds
[2019-12-08T11:33:36.750+0000][1][safepoint    ] Entering safepoint region: RevokeBias
[2019-12-08T11:33:36.750+0000][1][safepoint    ] Leaving safepoint region
[2019-12-08T11:33:36.750+0000][1][safepoint    ] Total time for which application threads were stopped: 0.0126348 seconds, Stopping threads took: 0.0125382 seconds
[2019-12-08T11:33:36.750+0000][1][safepoint    ] Application time: 0.0002203 seconds
[2019-12-08T11:33:36.750+0000][1][safepoint    ] Entering safepoint region: RevokeBias
[2019-12-08T11:33:36.750+0000][1][safepoint    ] Leaving safepoint region
[2019-12-08T11:33:36.750+0000][1][safepoint    ] Total time for which application threads were stopped: 0.0000818 seconds, Stopping threads took: 0.0000109 seconds
[2019-12-08T11:33:36.797+0000][1][safepoint    ] Application time: 0.0474406 seconds
[2019-12-08T11:33:36.798+0000][1][safepoint    ] Entering safepoint region: RevokeBias
[2019-12-08T11:33:36.798+0000][1][safepoint    ] Leaving safepoint region
[2019-12-08T11:33:36.798+0000][1][safepoint    ] Total time for which application threads were stopped: 0.0001076 seconds, Stopping threads took: 0.0000181 seconds
[2019-12-08T11:33:37.003+0000][1][safepoint    ] Application time: 0.2056336 seconds
[2019-12-08T11:33:37.051+0000][1][safepoint    ] Entering safepoint region: RevokeBias
[2019-12-08T11:33:37.051+0000][1][safepoint    ] Leaving safepoint region
[2019-12-08T11:33:37.051+0000][1][safepoint    ] Total time for which application threads were stopped: 0.0475929 seconds, Stopping threads took: 0.0474864 seconds
[2019-12-08T11:33:37.051+0000][1][safepoint    ] Application time: 0.0000920 seconds
[2019-12-08T11:33:37.051+0000][1][safepoint    ] Entering safepoint region: RevokeBias
[2019-12-08T11:33:37.051+0000][1][safepoint    ] Leaving safepoint region
[2019-12-08T11:33:37.051+0000][1][safepoint    ] Total time for which application threads were stopped: 0.0000669 seconds, Stopping threads took: 0.0000095 seconds
[2019-12-08T11:33:37.051+0000][1][safepoint    ] Application time: 0.0000511 seconds
[2019-12-08T11:33:37.051+0000][1][safepoint    ] Entering safepoint region: RevokeBias
[2019-12-08T11:33:37.051+0000][1][safepoint    ] Leaving safepoint region
[2019-12-08T11:33:37.051+0000][1][safepoint    ] Total time for which application threads were stopped: 0.0000604 seconds, Stopping threads took: 0.0000077 seconds
[2019-12-08T11:33:37.051+0000][1][safepoint    ] Application time: 0.0000493 seconds
[2019-12-08T11:33:37.051+0000][1][safepoint    ] Entering safepoint region: RevokeBias
[2019-12-08T11:33:37.051+0000][1][safepoint    ] Leaving safepoint region
[2019-12-08T11:33:37.051+0000][1][safepoint    ] Total time for which application threads were stopped: 0.0000556 seconds, Stopping threads took: 0.0000069 seconds
[2019-12-08T11:33:37.051+0000][1][safepoint    ] Application time: 0.0000490 seconds
[2019-12-08T11:33:37.051+0000][1][safepoint    ] Entering safepoint region: RevokeBias
[2019-12-08T11:33:37.051+0000][1][safepoint    ] Leaving safepoint region
[2019-12-08T11:33:37.051+0000][1][safepoint    ] Total time for which application threads were stopped: 0.0000648 seconds, Stopping threads took: 0.0000077 seconds
[2019-12-08T11:33:37.051+0000][1][safepoint    ] Application time: 0.0000559 seconds
[2019-12-08T11:33:37.051+0000][1][safepoint    ] Entering safepoint region: RevokeBias
[2019-12-08T11:33:37.052+0000][1][safepoint    ] Leaving safepoint region
[2019-12-08T11:33:37.052+0000][1][safepoint    ] Total time for which application threads were stopped: 0.0000577 seconds, Stopping threads took: 0.0000072 seconds
[2019-12-08T11:33:37.052+0000][1][safepoint    ] Application time: 0.0000497 seconds
[2019-12-08T11:33:37.052+0000][1][safepoint    ] Entering safepoint region: RevokeBias
[2019-12-08T11:33:37.052+0000][1][safepoint    ] Leaving safepoint region
[2019-12-08T11:33:37.052+0000][1][safepoint    ] Total time for which application threads were stopped: 0.0000551 seconds, Stopping threads took: 0.0000074 seconds
[2019-12-08T11:33:37.052+0000][1][safepoint    ] Application time: 0.0000669 seconds
[2019-12-08T11:33:37.052+0000][1][safepoint    ] Entering safepoint region: RevokeBias
[2019-12-08T11:33:37.052+0000][1][safepoint    ] Leaving safepoint region
[2019-12-08T11:33:37.052+0000][1][safepoint    ] Total time for which application threads were stopped: 0.0000603 seconds, Stopping threads took: 0.0000081 seconds
[2019-12-08T11:33:37.141+0000][1][safepoint    ] Application time: 0.0896268 seconds
[2019-12-08T11:33:37.141+0000][1][safepoint    ] Entering safepoint region: RevokeBias
[2019-12-08T11:33:37.142+0000][1][safepoint    ] Leaving safepoint region
[2019-12-08T11:33:37.142+0000][1][safepoint    ] Total time for which application threads were stopped: 0.0001050 seconds, Stopping threads took: 0.0000158 seconds
[2019-12-08T11:33:37.215+0000][1][safepoint    ] Application time: 0.0733153 seconds
[2019-12-08T11:33:37.262+0000][1][safepoint    ] Entering safepoint region: RevokeBias
[2019-12-08T11:33:37.262+0000][1][safepoint    ] Leaving safepoint region
[2019-12-08T11:33:37.262+0000][1][safepoint    ] Total time for which application threads were stopped: 0.0470004 seconds, Stopping threads took: 0.0468463 seconds
[2019-12-08T11:33:37.272+0000][1][safepoint    ] Application time: 0.0100050 seconds
[2019-12-08T11:33:37.274+0000][1][safepoint    ] Entering safepoint region: RevokeBias
[2019-12-08T11:33:37.274+0000][1][safepoint    ] Leaving safepoint region
[2019-12-08T11:33:37.274+0000][1][safepoint    ] Total time for which application threads were stopped: 0.0018130 seconds, Stopping threads took: 0.0017255 seconds
[2019-12-08T11:33:37.281+0000][1][safepoint    ] Application time: 0.0074712 seconds
[2019-12-08T11:33:37.281+0000][1][safepoint    ] Entering safepoint region: RevokeBias
[2019-12-08T11:33:37.281+0000][1][safepoint    ] Leaving safepoint region
[2019-12-08T11:33:37.281+0000][1][safepoint    ] Total time for which application threads were stopped: 0.0001625 seconds, Stopping threads took: 0.0000144 seconds
[2019-12-08T11:33:37.282+0000][1][safepoint    ] Application time: 0.0003198 seconds
[2019-12-08T11:33:37.282+0000][1][safepoint    ] Entering safepoint region: RevokeBias
[2019-12-08T11:33:37.282+0000][1][safepoint    ] Leaving safepoint region
[2019-12-08T11:33:37.282+0000][1][safepoint    ] Total time for which application threads were stopped: 0.0000751 seconds, Stopping threads took: 0.0000136 seconds
[2019-12-08T11:33:37.282+0000][1][safepoint    ] Application time: 0.0002591 seconds
[2019-12-08T11:33:37.282+0000][1][safepoint    ] Entering safepoint region: RevokeBias
[2019-12-08T11:33:37.282+0000][1][safepoint    ] Leaving safepoint region
[2019-12-08T11:33:37.282+0000][1][safepoint    ] Total time for which application threads were stopped: 0.0000594 seconds, Stopping threads took: 0.0000118 seconds
[2019-12-08T11:33:37.283+0000][1][safepoint    ] Application time: 0.0004963 seconds
[2019-12-08T11:33:37.283+0000][1][safepoint    ] Entering safepoint region: RevokeBias
[2019-12-08T11:33:37.283+0000][1][safepoint    ] Leaving safepoint region
[2019-12-08T11:33:37.283+0000][1][safepoint    ] Total time for which application threads were stopped: 0.0000642 seconds, Stopping threads took: 0.0000127 seconds
[2019-12-08T11:33:37.284+0000][1][safepoint    ] Application time: 0.0009273 seconds
[2019-12-08T11:33:37.292+0000][1][safepoint    ] Entering safepoint region: RevokeBias
[2019-12-08T11:33:37.292+0000][1][safepoint    ] Leaving safepoint region
[2019-12-08T11:33:37.292+0000][1][safepoint    ] Total time for which application threads were stopped: 0.0082673 seconds, Stopping threads took: 0.0082145 seconds
[2019-12-08T11:33:37.292+0000][1][safepoint    ] Application time: 0.0002181 seconds
[2019-12-08T11:33:37.292+0000][1][safepoint    ] Entering safepoint region: RevokeBias
[2019-12-08T11:33:37.292+0000][1][safepoint    ] Leaving safepoint region
[2019-12-08T11:33:37.292+0000][1][safepoint    ] Total time for which application threads were stopped: 0.0000702 seconds, Stopping threads took: 0.0000118 seconds
[2019-12-08T11:33:37.292+0000][1][safepoint    ] Application time: 0.0000712 seconds
[2019-12-08T11:33:37.292+0000][1][safepoint    ] Entering safepoint region: RevokeBias
[2019-12-08T11:33:37.292+0000][1][safepoint    ] Leaving safepoint region
[2019-12-08T11:33:37.292+0000][1][safepoint    ] Total time for which application threads were stopped: 0.0000490 seconds, Stopping threads took: 0.0000094 seconds
[2019-12-08T11:33:37.299+0000][1][safepoint    ] Application time: 0.0060211 seconds
[2019-12-08T11:33:37.299+0000][1][safepoint    ] Entering safepoint region: RevokeBias
[2019-12-08T11:33:37.299+0000][1][safepoint    ] Leaving safepoint region
[2019-12-08T11:33:37.299+0000][1][safepoint    ] Total time for which application threads were stopped: 0.0000676 seconds, Stopping threads took: 0.0000128 seconds
[2019-12-08T11:33:37.315+0000][1][safepoint    ] Application time: 0.0168162 seconds
[2019-12-08T11:33:37.329+0000][1][safepoint    ] Entering safepoint region: RevokeBias
[2019-12-08T11:33:37.329+0000][1][safepoint    ] Leaving safepoint region
[2019-12-08T11:33:37.329+0000][1][safepoint    ] Total time for which application threads were stopped: 0.0137115 seconds, Stopping threads took: 0.0136373 seconds
[2019-12-08T11:33:37.330+0000][1][safepoint    ] Application time: 0.0005987 seconds
[2019-12-08T11:33:37.330+0000][1][safepoint    ] Entering safepoint region: RevokeBias
[2019-12-08T11:33:37.330+0000][1][safepoint    ] Leaving safepoint region
[2019-12-08T11:33:37.330+0000][1][safepoint    ] Total time for which application threads were stopped: 0.0000709 seconds, Stopping threads took: 0.0000126 seconds
[2019-12-08T11:33:37.333+0000][1][safepoint    ] Application time: 0.0030025 seconds
[2019-12-08T11:33:37.333+0000][1][safepoint    ] Entering safepoint region: RevokeBias
[2019-12-08T11:33:37.333+0000][1][safepoint    ] Leaving safepoint region
[2019-12-08T11:33:37.333+0000][1][safepoint    ] Total time for which application threads were stopped: 0.0000646 seconds, Stopping threads took: 0.0000125 seconds
[2019-12-08T11:33:37.333+0000][1][safepoint    ] Application time: 0.0002272 seconds
[2019-12-08T11:33:37.333+0000][1][safepoint    ] Entering safepoint region: RevokeBias
[2019-12-08T11:33:37.333+0000][1][safepoint    ] Leaving safepoint region
[2019-12-08T11:33:37.333+0000][1][safepoint    ] Total time for which application threads were stopped: 0.0000556 seconds, Stopping threads took: 0.0000106 seconds
[2019-12-08T11:33:37.370+0000][1][safepoint    ] Application time: 0.0370838 seconds
[2019-12-08T11:33:37.370+0000][1][safepoint    ] Entering safepoint region: RevokeBias
[2019-12-08T11:33:37.371+0000][1][safepoint    ] Leaving safepoint region
[2019-12-08T11:33:37.371+0000][1][safepoint    ] Total time for which application threads were stopped: 0.0001159 seconds, Stopping threads took: 0.0000568 seconds
[2019-12-08T11:33:37.371+0000][1][safepoint    ] Application time: 0.0005070 seconds
[2019-12-08T11:33:37.371+0000][1][safepoint    ] Entering safepoint region: RevokeBias
[2019-12-08T11:33:37.371+0000][1][safepoint    ] Leaving safepoint region
[2019-12-08T11:33:37.371+0000][1][safepoint    ] Total time for which application threads were stopped: 0.0000728 seconds, Stopping threads took: 0.0000139 seconds
[2019-12-08T11:33:37.372+0000][1][safepoint    ] Application time: 0.0005614 seconds
[2019-12-08T11:33:37.372+0000][1][safepoint    ] Entering safepoint region: RevokeBias
[2019-12-08T11:33:37.372+0000][1][safepoint    ] Leaving safepoint region
[2019-12-08T11:33:37.372+0000][1][safepoint    ] Total time for which application threads were stopped: 0.0000573 seconds, Stopping threads took: 0.0000116 seconds
[2019-12-08T11:33:37.480+0000][1][safepoint    ] Application time: 0.1079760 seconds
[2019-12-08T11:33:37.499+0000][1][safepoint    ] Entering safepoint region: RevokeBias
[2019-12-08T11:33:37.499+0000][1][safepoint    ] Leaving safepoint region
[2019-12-08T11:33:37.499+0000][1][safepoint    ] Total time for which application threads were stopped: 0.0192679 seconds, Stopping threads took: 0.0189536 seconds
[2019-12-08T11:33:37.499+0000][1][safepoint    ] Application time: 0.0001928 seconds
[2019-12-08T11:33:37.499+0000][1][safepoint    ] Entering safepoint region: RevokeBias
[2019-12-08T11:33:37.499+0000][1][safepoint    ] Leaving safepoint region
[2019-12-08T11:33:37.499+0000][1][safepoint    ] Total time for which application threads were stopped: 0.0000775 seconds, Stopping threads took: 0.0000128 seconds
[2019-12-08T11:33:37.501+0000][1][safepoint    ] Application time: 0.0019831 seconds
[2019-12-08T11:33:37.501+0000][1][safepoint    ] Entering safepoint region: RevokeBias
[2019-12-08T11:33:37.501+0000][1][safepoint    ] Leaving safepoint region
[2019-12-08T11:33:37.501+0000][1][safepoint    ] Total time for which application threads were stopped: 0.0001117 seconds, Stopping threads took: 0.0000151 seconds
[2019-12-08T11:33:37.502+0000][1][safepoint    ] Application time: 0.0001281 seconds
[2019-12-08T11:33:37.502+0000][1][safepoint    ] Entering safepoint region: RevokeBias
[2019-12-08T11:33:37.502+0000][1][safepoint    ] Leaving safepoint region
[2019-12-08T11:33:37.502+0000][1][safepoint    ] Total time for which application threads were stopped: 0.0001014 seconds, Stopping threads took: 0.0000099 seconds
[2019-12-08T11:33:37.502+0000][1][safepoint    ] Application time: 0.0004854 seconds
[2019-12-08T11:33:37.502+0000][1][safepoint    ] Entering safepoint region: RevokeBias
[2019-12-08T11:33:37.502+0000][1][safepoint    ] Leaving safepoint region
[2019-12-08T11:33:37.502+0000][1][safepoint    ] Total time for which application threads were stopped: 0.0000630 seconds, Stopping threads took: 0.0000126 seconds
[2019-12-08T11:33:37.502+0000][1][safepoint    ] Application time: 0.0000588 seconds
[2019-12-08T11:33:37.502+0000][1][safepoint    ] Entering safepoint region: RevokeBias
[2019-12-08T11:33:37.502+0000][1][safepoint    ] Leaving safepoint region
[2019-12-08T11:33:37.502+0000][1][safepoint    ] Total time for which application threads were stopped: 0.0000490 seconds, Stopping threads took: 0.0000090 seconds
[2019-12-08T11:33:37.581+0000][1][safepoint    ] Application time: 0.0788219 seconds
[2019-12-08T11:33:37.607+0000][1][safepoint    ] Entering safepoint region: RevokeBias
[2019-12-08T11:33:37.607+0000][1][safepoint    ] Leaving safepoint region
[2019-12-08T11:33:37.607+0000][1][safepoint    ] Total time for which application threads were stopped: 0.0261214 seconds, Stopping threads took: 0.0259434 seconds
[2019-12-08T11:33:37.608+0000][1][safepoint    ] Application time: 0.0002125 seconds
[2019-12-08T11:33:37.608+0000][1][safepoint    ] Entering safepoint region: RevokeBias
[2019-12-08T11:33:37.608+0000][1][safepoint    ] Leaving safepoint region
[2019-12-08T11:33:37.608+0000][1][safepoint    ] Total time for which application threads were stopped: 0.0001057 seconds, Stopping threads took: 0.0000159 seconds
[2019-12-08T11:33:37.608+0000][1][safepoint    ] Application time: 0.0001978 seconds
[2019-12-08T11:33:37.608+0000][1][safepoint    ] Entering safepoint region: RevokeBias
[2019-12-08T11:33:37.608+0000][1][safepoint    ] Leaving safepoint region
[2019-12-08T11:33:37.608+0000][1][safepoint    ] Total time for which application threads were stopped: 0.0000723 seconds, Stopping threads took: 0.0000114 seconds
[2019-12-08T11:33:37.615+0000][1][safepoint    ] Application time: 0.0066622 seconds
[2019-12-08T11:33:37.615+0000][1][safepoint    ] Entering safepoint region: RevokeBias
[2019-12-08T11:33:37.615+0000][1][safepoint    ] Leaving safepoint region
[2019-12-08T11:33:37.615+0000][1][safepoint    ] Total time for which application threads were stopped: 0.0000990 seconds, Stopping threads took: 0.0000132 seconds
[2019-12-08T11:33:37.627+0000][1][safepoint    ] Application time: 0.0118691 seconds
[2019-12-08T11:33:37.627+0000][1][safepoint    ] Entering safepoint region: RevokeBias
[2019-12-08T11:33:37.627+0000][1][safepoint    ] Leaving safepoint region
[2019-12-08T11:33:37.627+0000][1][safepoint    ] Total time for which application threads were stopped: 0.0001076 seconds, Stopping threads took: 0.0000138 seconds
[2019-12-08T11:33:37.640+0000][1][safepoint    ] Application time: 0.0128684 seconds
[2019-12-08T11:33:37.640+0000][1][safepoint    ] Entering safepoint region: BulkRevokeBias
[2019-12-08T11:33:37.640+0000][1][safepoint    ] Leaving safepoint region
[2019-12-08T11:33:37.640+0000][1][safepoint    ] Total time for which application threads were stopped: 0.0004097 seconds, Stopping threads took: 0.0000150 seconds
[2019-12-08T11:33:37.648+0000][1][safepoint    ] Application time: 0.0075557 seconds
[2019-12-08T11:33:37.648+0000][1][safepoint    ] Entering safepoint region: RevokeBias
[2019-12-08T11:33:37.648+0000][1][safepoint    ] Leaving safepoint region
[2019-12-08T11:33:37.648+0000][1][safepoint    ] Total time for which application threads were stopped: 0.0000909 seconds, Stopping threads took: 0.0000162 seconds
[2019-12-08T11:33:37.652+0000][1][safepoint    ] Application time: 0.0037565 seconds
[2019-12-08T11:33:37.652+0000][1][safepoint    ] Entering safepoint region: RevokeBias
[2019-12-08T11:33:37.652+0000][1][safepoint    ] Leaving safepoint region
[2019-12-08T11:33:37.652+0000][1][safepoint    ] Total time for which application threads were stopped: 0.0000997 seconds, Stopping threads took: 0.0000137 seconds
[2019-12-08T11:33:37.652+0000][1][safepoint    ] Application time: 0.0000659 seconds
[2019-12-08T11:33:37.652+0000][1][safepoint    ] Entering safepoint region: RevokeBias
[2019-12-08T11:33:37.652+0000][1][safepoint    ] Leaving safepoint region
[2019-12-08T11:33:37.652+0000][1][safepoint    ] Total time for which application threads were stopped: 0.0000618 seconds, Stopping threads took: 0.0000101 seconds
[2019-12-08T11:33:37.656+0000][1][safepoint    ] Application time: 0.0039712 seconds
[2019-12-08T11:33:37.656+0000][1][safepoint    ] Entering safepoint region: RevokeBias
[2019-12-08T11:33:37.656+0000][1][safepoint    ] Leaving safepoint region
[2019-12-08T11:33:37.656+0000][1][safepoint    ] Total time for which application threads were stopped: 0.0001199 seconds, Stopping threads took: 0.0000514 seconds
[2019-12-08T11:33:37.656+0000][1][safepoint    ] Application time: 0.0002426 seconds
[2019-12-08T11:33:37.656+0000][1][safepoint    ] Entering safepoint region: RevokeBias
[2019-12-08T11:33:37.656+0000][1][safepoint    ] Leaving safepoint region
[2019-12-08T11:33:37.656+0000][1][safepoint    ] Total time for which application threads were stopped: 0.0000742 seconds, Stopping threads took: 0.0000112 seconds
[2019-12-08T11:33:37.656+0000][1][safepoint    ] Application time: 0.0000613 seconds
[2019-12-08T11:33:37.656+0000][1][safepoint    ] Entering safepoint region: RevokeBias
[2019-12-08T11:33:37.656+0000][1][safepoint    ] Leaving safepoint region
[2019-12-08T11:33:37.656+0000][1][safepoint    ] Total time for which application threads were stopped: 0.0000588 seconds, Stopping threads took: 0.0000092 seconds
[2019-12-08T11:33:37.660+0000][1][safepoint    ] Application time: 0.0031759 seconds
[2019-12-08T11:33:37.660+0000][1][safepoint    ] Entering safepoint region: RevokeBias
[2019-12-08T11:33:37.660+0000][1][safepoint    ] Leaving safepoint region
[2019-12-08T11:33:37.660+0000][1][safepoint    ] Total time for which application threads were stopped: 0.0000996 seconds, Stopping threads took: 0.0000316 seconds
[2019-12-08T11:33:37.662+0000][1][safepoint    ] Application time: 0.0024611 seconds
[2019-12-08T11:33:37.662+0000][1][safepoint    ] Entering safepoint region: RevokeBias
[2019-12-08T11:33:37.662+0000][1][safepoint    ] Leaving safepoint region
[2019-12-08T11:33:37.662+0000][1][safepoint    ] Total time for which application threads were stopped: 0.0000754 seconds, Stopping threads took: 0.0000126 seconds
[2019-12-08T11:33:37.676+0000][1][safepoint    ] Application time: 0.0135332 seconds
[2019-12-08T11:33:37.676+0000][1][safepoint    ] Entering safepoint region: RevokeBias
[2019-12-08T11:33:37.676+0000][1][safepoint    ] Leaving safepoint region
[2019-12-08T11:33:37.676+0000][1][safepoint    ] Total time for which application threads were stopped: 0.0001451 seconds, Stopping threads took: 0.0000509 seconds
[2019-12-08T11:33:37.676+0000][1][safepoint    ] Application time: 0.0001098 seconds
[2019-12-08T11:33:37.676+0000][1][safepoint    ] Entering safepoint region: RevokeBias
[2019-12-08T11:33:37.676+0000][1][safepoint    ] Leaving safepoint region
[2019-12-08T11:33:37.676+0000][1][safepoint    ] Total time for which application threads were stopped: 0.0000666 seconds, Stopping threads took: 0.0000108 seconds
[2019-12-08T11:33:37.684+0000][1][safepoint    ] Application time: 0.0074891 seconds
[2019-12-08T11:33:37.684+0000][1][safepoint    ] Entering safepoint region: RevokeBias
[2019-12-08T11:33:37.684+0000][1][safepoint    ] Leaving safepoint region
[2019-12-08T11:33:37.684+0000][1][safepoint    ] Total time for which application threads were stopped: 0.0001085 seconds, Stopping threads took: 0.0000137 seconds
[2019-12-08T11:33:37.685+0000][1][safepoint    ] Application time: 0.0013408 seconds
[2019-12-08T11:33:37.685+0000][1][safepoint    ] Entering safepoint region: RevokeBias
[2019-12-08T11:33:37.685+0000][1][safepoint    ] Leaving safepoint region
[2019-12-08T11:33:37.685+0000][1][safepoint    ] Total time for which application threads were stopped: 0.0000718 seconds, Stopping threads took: 0.0000131 seconds
[2019-12-08T11:33:37.692+0000][1][safepoint    ] Application time: 0.0063758 seconds
[2019-12-08T11:33:37.692+0000][1][safepoint    ] Entering safepoint region: RevokeBias
[2019-12-08T11:33:37.692+0000][1][safepoint    ] Leaving safepoint region
[2019-12-08T11:33:37.692+0000][1][safepoint    ] Total time for which application threads were stopped: 0.0000835 seconds, Stopping threads took: 0.0000132 seconds
[2019-12-08T11:33:37.703+0000][1][safepoint    ] Application time: 0.0109013 seconds
[2019-12-08T11:33:37.703+0000][1][safepoint    ] Entering safepoint region: RevokeBias
[2019-12-08T11:33:37.703+0000][1][safepoint    ] Leaving safepoint region
[2019-12-08T11:33:37.703+0000][1][safepoint    ] Total time for which application threads were stopped: 0.0000983 seconds, Stopping threads took: 0.0000150 seconds
[2019-12-08T11:33:37.707+0000][1][safepoint    ] Application time: 0.0038489 seconds
[2019-12-08T11:33:37.707+0000][1][safepoint    ] Entering safepoint region: RevokeBias
[2019-12-08T11:33:37.707+0000][1][safepoint    ] Leaving safepoint region
[2019-12-08T11:33:37.707+0000][1][safepoint    ] Total time for which application threads were stopped: 0.0001234 seconds, Stopping threads took: 0.0000542 seconds
[2019-12-08T11:33:37.713+0000][1][safepoint    ] Application time: 0.0058563 seconds
[2019-12-08T11:33:37.713+0000][1][safepoint    ] Entering safepoint region: RevokeBias
[2019-12-08T11:33:37.713+0000][1][safepoint    ] Leaving safepoint region
[2019-12-08T11:33:37.713+0000][1][safepoint    ] Total time for which application threads were stopped: 0.0000830 seconds, Stopping threads took: 0.0000141 seconds
[2019-12-08T11:33:37.717+0000][1][safepoint    ] Application time: 0.0039748 seconds
[2019-12-08T11:33:37.717+0000][1][safepoint    ] Entering safepoint region: RevokeBias
[2019-12-08T11:33:37.717+0000][1][safepoint    ] Leaving safepoint region
[2019-12-08T11:33:37.717+0000][1][safepoint    ] Total time for which application threads were stopped: 0.0000839 seconds, Stopping threads took: 0.0000131 seconds
[2019-12-08T11:33:37.721+0000][1][safepoint    ] Application time: 0.0037834 seconds
[2019-12-08T11:33:37.721+0000][1][safepoint    ] Entering safepoint region: RevokeBias
[2019-12-08T11:33:37.721+0000][1][safepoint    ] Leaving safepoint region
[2019-12-08T11:33:37.721+0000][1][safepoint    ] Total time for which application threads were stopped: 0.0000591 seconds, Stopping threads took: 0.0000121 seconds
[2019-12-08T11:33:37.728+0000][1][safepoint    ] Application time: 0.0071852 seconds
[2019-12-08T11:33:37.731+0000][1][safepoint    ] Entering safepoint region: RevokeBias
[2019-12-08T11:33:37.731+0000][1][safepoint    ] Leaving safepoint region
[2019-12-08T11:33:37.731+0000][1][safepoint    ] Total time for which application threads were stopped: 0.0028011 seconds, Stopping threads took: 0.0027227 seconds
[2019-12-08T11:33:37.736+0000][1][safepoint    ] Application time: 0.0049089 seconds
[2019-12-08T11:33:37.736+0000][1][safepoint    ] Entering safepoint region: RevokeBias
[2019-12-08T11:33:37.736+0000][1][safepoint    ] Leaving safepoint region
[2019-12-08T11:33:37.736+0000][1][safepoint    ] Total time for which application threads were stopped: 0.0000885 seconds, Stopping threads took: 0.0000176 seconds
[2019-12-08T11:33:37.786+0000][1][safepoint    ] Application time: 0.0498765 seconds
[2019-12-08T11:33:37.786+0000][1][safepoint    ] Entering safepoint region: RevokeBias
[2019-12-08T11:33:37.786+0000][1][safepoint    ] Leaving safepoint region
[2019-12-08T11:33:37.786+0000][1][safepoint    ] Total time for which application threads were stopped: 0.0001148 seconds, Stopping threads took: 0.0000200 seconds
[2019-12-08T11:33:37.930+0000][1][safepoint    ] Application time: 0.1438050 seconds
[2019-12-08T11:33:37.930+0000][1][safepoint    ] Entering safepoint region: RevokeBias
[2019-12-08T11:33:37.930+0000][1][safepoint    ] Leaving safepoint region
[2019-12-08T11:33:37.930+0000][1][safepoint    ] Total time for which application threads were stopped: 0.0001127 seconds, Stopping threads took: 0.0000196 seconds
[2019-12-08T11:33:37.979+0000][1][safepoint    ] Application time: 0.0490872 seconds
[2019-12-08T11:33:37.979+0000][1][safepoint    ] Entering safepoint region: RevokeBias
[2019-12-08T11:33:37.979+0000][1][safepoint    ] Leaving safepoint region
[2019-12-08T11:33:37.979+0000][1][safepoint    ] Total time for which application threads were stopped: 0.0001240 seconds, Stopping threads took: 0.0000476 seconds
[2019-12-08T11:33:37.980+0000][1][safepoint    ] Application time: 0.0014092 seconds
[2019-12-08T11:33:37.981+0000][1][safepoint    ] Entering safepoint region: RevokeBias
[2019-12-08T11:33:37.981+0000][1][safepoint    ] Leaving safepoint region
[2019-12-08T11:33:37.981+0000][1][safepoint    ] Total time for which application threads were stopped: 0.0000702 seconds, Stopping threads took: 0.0000149 seconds
[2019-12-08T11:33:38.023+0000][1][safepoint    ] Application time: 0.0423833 seconds
[2019-12-08T11:33:38.023+0000][1][safepoint    ] Entering safepoint region: RevokeBias
[2019-12-08T11:33:38.023+0000][1][safepoint    ] Leaving safepoint region
[2019-12-08T11:33:38.023+0000][1][safepoint    ] Total time for which application threads were stopped: 0.0000884 seconds, Stopping threads took: 0.0000185 seconds
[2019-12-08T11:33:38.088+0000][1][safepoint    ] Application time: 0.0646166 seconds
[2019-12-08T11:33:38.088+0000][1][safepoint    ] Entering safepoint region: RevokeBias
[2019-12-08T11:33:38.088+0000][1][safepoint    ] Leaving safepoint region
[2019-12-08T11:33:38.088+0000][1][safepoint    ] Total time for which application threads were stopped: 0.0000953 seconds, Stopping threads took: 0.0000193 seconds
[2019-12-08T11:33:38.100+0000][1][safepoint    ] Application time: 0.0118711 seconds
[2019-12-08T11:33:38.100+0000][1][safepoint    ] Entering safepoint region: RevokeBias
[2019-12-08T11:33:38.100+0000][1][safepoint    ] Leaving safepoint region
[2019-12-08T11:33:38.100+0000][1][safepoint    ] Total time for which application threads were stopped: 0.0001009 seconds, Stopping threads took: 0.0000179 seconds
[2019-12-08T11:33:38.133+0000][1][safepoint    ] Application time: 0.0335195 seconds
[2019-12-08T11:33:38.133+0000][1][safepoint    ] Entering safepoint region: RevokeBias
[2019-12-08T11:33:38.133+0000][1][safepoint    ] Leaving safepoint region
[2019-12-08T11:33:38.133+0000][1][safepoint    ] Total time for which application threads were stopped: 0.0000896 seconds, Stopping threads took: 0.0000194 seconds
[2019-12-08T11:33:38.173+0000][1][safepoint    ] Application time: 0.0397812 seconds
[2019-12-08T11:33:38.183+0000][1][safepoint    ] Entering safepoint region: RevokeBias
[2019-12-08T11:33:38.183+0000][1][safepoint    ] Leaving safepoint region
[2019-12-08T11:33:38.183+0000][1][safepoint    ] Total time for which application threads were stopped: 0.0096103 seconds, Stopping threads took: 0.0095044 seconds
[2019-12-08T11:33:38.184+0000][1][safepoint    ] Application time: 0.0006318 seconds
[2019-12-08T11:33:38.184+0000][1][safepoint    ] Entering safepoint region: RevokeBias
[2019-12-08T11:33:38.184+0000][1][safepoint    ] Leaving safepoint region
[2019-12-08T11:33:38.184+0000][1][safepoint    ] Total time for which application threads were stopped: 0.0000901 seconds, Stopping threads took: 0.0000160 seconds
[2019-12-08T11:33:38.184+0000][1][safepoint    ] Application time: 0.0002855 seconds
[2019-12-08T11:33:38.184+0000][1][safepoint    ] Entering safepoint region: RevokeBias
[2019-12-08T11:33:38.184+0000][1][safepoint    ] Leaving safepoint region
[2019-12-08T11:33:38.184+0000][1][safepoint    ] Total time for which application threads were stopped: 0.0000652 seconds, Stopping threads took: 0.0000111 seconds
[2019-12-08T11:33:38.184+0000][1][safepoint    ] Application time: 0.0003547 seconds
[2019-12-08T11:33:38.184+0000][1][safepoint    ] Entering safepoint region: RevokeBias
[2019-12-08T11:33:38.185+0000][1][safepoint    ] Leaving safepoint region
[2019-12-08T11:33:38.185+0000][1][safepoint    ] Total time for which application threads were stopped: 0.0000664 seconds, Stopping threads took: 0.0000126 seconds
[2019-12-08T11:33:38.185+0000][1][safepoint    ] Application time: 0.0004368 seconds
[2019-12-08T11:33:38.185+0000][1][safepoint    ] Entering safepoint region: RevokeBias
[2019-12-08T11:33:38.185+0000][1][safepoint    ] Leaving safepoint region
[2019-12-08T11:33:38.185+0000][1][safepoint    ] Total time for which application threads were stopped: 0.0000670 seconds, Stopping threads took: 0.0000129 seconds
[2019-12-08T11:33:38.186+0000][1][safepoint    ] Application time: 0.0005671 seconds
[2019-12-08T11:33:38.186+0000][1][safepoint    ] Entering safepoint region: RevokeBias
[2019-12-08T11:33:38.186+0000][1][safepoint    ] Leaving safepoint region
[2019-12-08T11:33:38.186+0000][1][safepoint    ] Total time for which application threads were stopped: 0.0000892 seconds, Stopping threads took: 0.0000124 seconds
[2019-12-08T11:33:38.187+0000][1][safepoint    ] Application time: 0.0007812 seconds
[2019-12-08T11:33:38.187+0000][1][safepoint    ] Entering safepoint region: RevokeBias
[2019-12-08T11:33:38.187+0000][1][safepoint    ] Leaving safepoint region
[2019-12-08T11:33:38.187+0000][1][safepoint    ] Total time for which application threads were stopped: 0.0000571 seconds, Stopping threads took: 0.0000129 seconds
[2019-12-08T11:33:38.187+0000][1][safepoint    ] Application time: 0.0000427 seconds
[2019-12-08T11:33:38.187+0000][1][safepoint    ] Entering safepoint region: RevokeBias
[2019-12-08T11:33:38.187+0000][1][safepoint    ] Leaving safepoint region
[2019-12-08T11:33:38.187+0000][1][safepoint    ] Total time for which application threads were stopped: 0.0000692 seconds, Stopping threads took: 0.0000097 seconds
[2019-12-08T11:33:38.188+0000][1][safepoint    ] Application time: 0.0011098 seconds
[2019-12-08T11:33:38.188+0000][1][safepoint    ] Entering safepoint region: RevokeBias
[2019-12-08T11:33:38.188+0000][1][safepoint    ] Leaving safepoint region
[2019-12-08T11:33:38.188+0000][1][safepoint    ] Total time for which application threads were stopped: 0.0000618 seconds, Stopping threads took: 0.0000121 seconds
[2019-12-08T11:33:38.188+0000][1][safepoint    ] Application time: 0.0002358 seconds
[2019-12-08T11:33:38.188+0000][1][safepoint    ] Entering safepoint region: RevokeBias
[2019-12-08T11:33:38.188+0000][1][safepoint    ] Leaving safepoint region
[2019-12-08T11:33:38.188+0000][1][safepoint    ] Total time for which application threads were stopped: 0.0000609 seconds, Stopping threads took: 0.0000123 seconds
[2019-12-08T11:33:38.189+0000][1][safepoint    ] Application time: 0.0003242 seconds
[2019-12-08T11:33:38.189+0000][1][safepoint    ] Entering safepoint region: RevokeBias
[2019-12-08T11:33:38.189+0000][1][safepoint    ] Leaving safepoint region
[2019-12-08T11:33:38.189+0000][1][safepoint    ] Total time for which application threads were stopped: 0.0000625 seconds, Stopping threads took: 0.0000126 seconds
[2019-12-08T11:33:38.189+0000][1][safepoint    ] Application time: 0.0004361 seconds
[2019-12-08T11:33:38.189+0000][1][safepoint    ] Entering safepoint region: RevokeBias
[2019-12-08T11:33:38.189+0000][1][safepoint    ] Leaving safepoint region
[2019-12-08T11:33:38.189+0000][1][safepoint    ] Total time for which application threads were stopped: 0.0000612 seconds, Stopping threads took: 0.0000133 seconds
[2019-12-08T11:33:38.190+0000][1][safepoint    ] Application time: 0.0003469 seconds
[2019-12-08T11:33:38.190+0000][1][safepoint    ] Entering safepoint region: RevokeBias
[2019-12-08T11:33:38.190+0000][1][safepoint    ] Leaving safepoint region
[2019-12-08T11:33:38.190+0000][1][safepoint    ] Total time for which application threads were stopped: 0.0000615 seconds, Stopping threads took: 0.0000123 seconds
[2019-12-08T11:33:38.193+0000][1][safepoint    ] Application time: 0.0031293 seconds
[2019-12-08T11:33:38.193+0000][1][safepoint    ] Entering safepoint region: RevokeBias
[2019-12-08T11:33:38.193+0000][1][safepoint    ] Leaving safepoint region
[2019-12-08T11:33:38.193+0000][1][safepoint    ] Total time for which application threads were stopped: 0.0000568 seconds, Stopping threads took: 0.0000116 seconds
[2019-12-08T11:33:38.193+0000][1][safepoint    ] Application time: 0.0000767 seconds
[2019-12-08T11:33:38.193+0000][1][safepoint    ] Entering safepoint region: RevokeBias
[2019-12-08T11:33:38.193+0000][1][safepoint    ] Leaving safepoint region
[2019-12-08T11:33:38.193+0000][1][safepoint    ] Total time for which application threads were stopped: 0.0000460 seconds, Stopping threads took: 0.0000079 seconds
[2019-12-08T11:33:38.193+0000][1][safepoint    ] Application time: 0.0000381 seconds
[2019-12-08T11:33:38.193+0000][1][safepoint    ] Entering safepoint region: RevokeBias
[2019-12-08T11:33:38.193+0000][1][safepoint    ] Leaving safepoint region
[2019-12-08T11:33:38.193+0000][1][safepoint    ] Total time for which application threads were stopped: 0.0000494 seconds, Stopping threads took: 0.0000076 seconds
[2019-12-08T11:33:38.194+0000][1][safepoint    ] Application time: 0.0007467 seconds
[2019-12-08T11:33:38.194+0000][1][safepoint    ] Entering safepoint region: RevokeBias
[2019-12-08T11:33:38.194+0000][1][safepoint    ] Leaving safepoint region
[2019-12-08T11:33:38.194+0000][1][safepoint    ] Total time for which application threads were stopped: 0.0000641 seconds, Stopping threads took: 0.0000129 seconds
[2019-12-08T11:33:38.194+0000][1][safepoint    ] Application time: 0.0004099 seconds
[2019-12-08T11:33:38.194+0000][1][safepoint    ] Entering safepoint region: RevokeBias
[2019-12-08T11:33:38.194+0000][1][safepoint    ] Leaving safepoint region
[2019-12-08T11:33:38.194+0000][1][safepoint    ] Total time for which application threads were stopped: 0.0000621 seconds, Stopping threads took: 0.0000131 seconds
[2019-12-08T11:33:38.194+0000][1][safepoint    ] Application time: 0.0000445 seconds
[2019-12-08T11:33:38.194+0000][1][safepoint    ] Entering safepoint region: RevokeBias
[2019-12-08T11:33:38.195+0000][1][safepoint    ] Leaving safepoint region
[2019-12-08T11:33:38.195+0000][1][safepoint    ] Total time for which application threads were stopped: 0.0000544 seconds, Stopping threads took: 0.0000110 seconds
[2019-12-08T11:33:38.195+0000][1][safepoint    ] Application time: 0.0006113 seconds
[2019-12-08T11:33:38.195+0000][1][safepoint    ] Entering safepoint region: RevokeBias
[2019-12-08T11:33:38.195+0000][1][safepoint    ] Leaving safepoint region
[2019-12-08T11:33:38.195+0000][1][safepoint    ] Total time for which application threads were stopped: 0.0000678 seconds, Stopping threads took: 0.0000129 seconds
[2019-12-08T11:33:38.212+0000][1][safepoint    ] Application time: 0.0168539 seconds
[2019-12-08T11:33:38.212+0000][1][safepoint    ] Entering safepoint region: RevokeBias
[2019-12-08T11:33:38.212+0000][1][safepoint    ] Leaving safepoint region
[2019-12-08T11:33:38.212+0000][1][safepoint    ] Total time for which application threads were stopped: 0.0000645 seconds, Stopping threads took: 0.0000130 seconds
[2019-12-08T11:33:38.338+0000][1][safepoint    ] Application time: 0.1254710 seconds
[2019-12-08T11:33:38.338+0000][1][safepoint    ] Entering safepoint region: RevokeBias
[2019-12-08T11:33:38.338+0000][1][safepoint    ] Leaving safepoint region
[2019-12-08T11:33:38.338+0000][1][safepoint    ] Total time for which application threads were stopped: 0.0001022 seconds, Stopping threads took: 0.0000221 seconds
[2019-12-08T11:33:38.338+0000][1][safepoint    ] Application time: 0.0005569 seconds
[2019-12-08T11:33:38.338+0000][1][safepoint    ] Entering safepoint region: RevokeBias
[2019-12-08T11:33:38.338+0000][1][safepoint    ] Leaving safepoint region
[2019-12-08T11:33:38.338+0000][1][safepoint    ] Total time for which application threads were stopped: 0.0000826 seconds, Stopping threads took: 0.0000168 seconds
[2019-12-08T11:33:38.344+0000][1][safepoint    ] Application time: 0.0056395 seconds
[2019-12-08T11:33:38.344+0000][1][safepoint    ] Entering safepoint region: RevokeBias
[2019-12-08T11:33:38.344+0000][1][safepoint    ] Leaving safepoint region
[2019-12-08T11:33:38.344+0000][1][safepoint    ] Total time for which application threads were stopped: 0.0000735 seconds, Stopping threads took: 0.0000154 seconds
[2019-12-08T11:33:38.346+0000][1][safepoint    ] Application time: 0.0019084 seconds
[2019-12-08T11:33:38.346+0000][1][safepoint    ] Entering safepoint region: RevokeBias
[2019-12-08T11:33:38.346+0000][1][safepoint    ] Leaving safepoint region
[2019-12-08T11:33:38.346+0000][1][safepoint    ] Total time for which application threads were stopped: 0.0000718 seconds, Stopping threads took: 0.0000133 seconds
[2019-12-08T11:33:38.370+0000][1][safepoint    ] Application time: 0.0238426 seconds
[2019-12-08T11:33:38.370+0000][1][safepoint    ] Entering safepoint region: RevokeBias
[2019-12-08T11:33:38.370+0000][1][safepoint    ] Leaving safepoint region
[2019-12-08T11:33:38.370+0000][1][safepoint    ] Total time for which application threads were stopped: 0.0000719 seconds, Stopping threads took: 0.0000161 seconds
[2019-12-08T11:33:38.756+0000][1][safepoint    ] Application time: 0.3861509 seconds
[2019-12-08T11:33:38.756+0000][1][safepoint    ] Entering safepoint region: RevokeBias
[2019-12-08T11:33:38.756+0000][1][safepoint    ] Leaving safepoint region
[2019-12-08T11:33:38.756+0000][1][safepoint    ] Total time for which application threads were stopped: 0.0000932 seconds, Stopping threads took: 0.0000197 seconds
[2019-12-08T11:33:38.757+0000][1][safepoint    ] Application time: 0.0005010 seconds
[2019-12-08T11:33:38.757+0000][1][safepoint    ] Entering safepoint region: RevokeBias
[2019-12-08T11:33:38.757+0000][1][safepoint    ] Leaving safepoint region
[2019-12-08T11:33:38.757+0000][1][safepoint    ] Total time for which application threads were stopped: 0.0000769 seconds, Stopping threads took: 0.0000156 seconds
[2019-12-08T11:33:39.156+0000][1][safepoint    ] Application time: 0.3993299 seconds
[2019-12-08T11:33:39.164+0000][1][safepoint    ] Entering safepoint region: RevokeBias
[2019-12-08T11:33:39.164+0000][1][safepoint    ] Leaving safepoint region
[2019-12-08T11:33:39.164+0000][1][safepoint    ] Total time for which application threads were stopped: 0.0074004 seconds, Stopping threads took: 0.0073087 seconds
[2019-12-08T11:33:39.164+0000][1][safepoint    ] Application time: 0.0002923 seconds
[2019-12-08T11:33:39.164+0000][1][safepoint    ] Entering safepoint region: RevokeBias
[2019-12-08T11:33:39.164+0000][1][safepoint    ] Leaving safepoint region
[2019-12-08T11:33:39.164+0000][1][safepoint    ] Total time for which application threads were stopped: 0.0000722 seconds, Stopping threads took: 0.0000131 seconds
[2019-12-08T11:33:39.165+0000][1][safepoint    ] Application time: 0.0003397 seconds
[2019-12-08T11:33:39.165+0000][1][safepoint    ] Entering safepoint region: RevokeBias
[2019-12-08T11:33:39.165+0000][1][safepoint    ] Leaving safepoint region
[2019-12-08T11:33:39.165+0000][1][safepoint    ] Total time for which application threads were stopped: 0.0000636 seconds, Stopping threads took: 0.0000113 seconds
[2019-12-08T11:33:39.165+0000][1][safepoint    ] Application time: 0.0003252 seconds
[2019-12-08T11:33:39.165+0000][1][safepoint    ] Entering safepoint region: RevokeBias
[2019-12-08T11:33:39.165+0000][1][safepoint    ] Leaving safepoint region
[2019-12-08T11:33:39.165+0000][1][safepoint    ] Total time for which application threads were stopped: 0.0000596 seconds, Stopping threads took: 0.0000109 seconds
[2019-12-08T11:33:39.167+0000][1][safepoint    ] Application time: 0.0020692 seconds
[2019-12-08T11:33:39.167+0000][1][safepoint    ] Entering safepoint region: RevokeBias
[2019-12-08T11:33:39.167+0000][1][safepoint    ] Leaving safepoint region
[2019-12-08T11:33:39.167+0000][1][safepoint    ] Total time for which application threads were stopped: 0.0000856 seconds, Stopping threads took: 0.0000209 seconds
[2019-12-08T11:33:39.168+0000][1][safepoint    ] Application time: 0.0003981 seconds
[2019-12-08T11:33:39.168+0000][1][safepoint    ] Entering safepoint region: RevokeBias
[2019-12-08T11:33:39.168+0000][1][safepoint    ] Leaving safepoint region
[2019-12-08T11:33:39.168+0000][1][safepoint    ] Total time for which application threads were stopped: 0.0003759 seconds, Stopping threads took: 0.0000159 seconds
[2019-12-08T11:33:39.169+0000][1][safepoint    ] Application time: 0.0013304 seconds
[2019-12-08T11:33:39.169+0000][1][safepoint    ] Entering safepoint region: RevokeBias
[2019-12-08T11:33:39.170+0000][1][safepoint    ] Leaving safepoint region
[2019-12-08T11:33:39.170+0000][1][safepoint    ] Total time for which application threads were stopped: 0.0000825 seconds, Stopping threads took: 0.0000236 seconds
[2019-12-08T11:33:39.170+0000][1][safepoint    ] Application time: 0.0008016 seconds
[2019-12-08T11:33:39.170+0000][1][safepoint    ] Entering safepoint region: RevokeBias
[2019-12-08T11:33:39.170+0000][1][safepoint    ] Leaving safepoint region
[2019-12-08T11:33:39.170+0000][1][safepoint    ] Total time for which application threads were stopped: 0.0000833 seconds, Stopping threads took: 0.0000121 seconds
[2019-12-08T11:33:39.171+0000][1][safepoint    ] Application time: 0.0009987 seconds
[2019-12-08T11:33:39.171+0000][1][safepoint    ] Entering safepoint region: RevokeBias
[2019-12-08T11:33:39.172+0000][1][safepoint    ] Leaving safepoint region
[2019-12-08T11:33:39.172+0000][1][safepoint    ] Total time for which application threads were stopped: 0.0000708 seconds, Stopping threads took: 0.0000123 seconds
[2019-12-08T11:33:39.172+0000][1][safepoint    ] Application time: 0.0004886 seconds
[2019-12-08T11:33:39.172+0000][1][safepoint    ] Entering safepoint region: RevokeBias
[2019-12-08T11:33:39.172+0000][1][safepoint    ] Leaving safepoint region
[2019-12-08T11:33:39.172+0000][1][safepoint    ] Total time for which application threads were stopped: 0.0000571 seconds, Stopping threads took: 0.0000119 seconds
[2019-12-08T11:33:39.172+0000][1][safepoint    ] Application time: 0.0000430 seconds
[2019-12-08T11:33:39.172+0000][1][safepoint    ] Entering safepoint region: RevokeBias
[2019-12-08T11:33:39.172+0000][1][safepoint    ] Leaving safepoint region
[2019-12-08T11:33:39.172+0000][1][safepoint    ] Total time for which application threads were stopped: 0.0000485 seconds, Stopping threads took: 0.0000089 seconds
[2019-12-08T11:33:39.206+0000][1][safepoint    ] Application time: 0.0333175 seconds
[2019-12-08T11:33:39.206+0000][1][safepoint    ] Entering safepoint region: RevokeBias
[2019-12-08T11:33:39.206+0000][1][safepoint    ] Leaving safepoint region
[2019-12-08T11:33:39.206+0000][1][safepoint    ] Total time for which application threads were stopped: 0.0000800 seconds, Stopping threads took: 0.0000162 seconds
[2019-12-08T11:33:39.219+0000][1][safepoint    ] Application time: 0.0131059 seconds
[2019-12-08T11:33:39.219+0000][1][safepoint    ] Entering safepoint region: RevokeBias
[2019-12-08T11:33:39.219+0000][1][safepoint    ] Leaving safepoint region
[2019-12-08T11:33:39.219+0000][1][safepoint    ] Total time for which application threads were stopped: 0.0000837 seconds, Stopping threads took: 0.0000185 seconds
[2019-12-08T11:33:39.284+0000][1][safepoint    ] Application time: 0.0648481 seconds
[2019-12-08T11:33:39.284+0000][1][safepoint    ] Entering safepoint region: RevokeBias
[2019-12-08T11:33:39.284+0000][1][safepoint    ] Leaving safepoint region
[2019-12-08T11:33:39.284+0000][1][safepoint    ] Total time for which application threads were stopped: 0.0000945 seconds, Stopping threads took: 0.0000211 seconds
[2019-12-08T11:33:39.291+0000][1][safepoint    ] Application time: 0.0072588 seconds
[2019-12-08T11:33:39.291+0000][1][safepoint    ] Entering safepoint region: RevokeBias
[2019-12-08T11:33:39.291+0000][1][safepoint    ] Leaving safepoint region
[2019-12-08T11:33:39.291+0000][1][safepoint    ] Total time for which application threads were stopped: 0.0000866 seconds, Stopping threads took: 0.0000157 seconds
[2019-12-08T11:33:39.292+0000][1][safepoint    ] Application time: 0.0003455 seconds
[2019-12-08T11:33:39.292+0000][1][safepoint    ] Entering safepoint region: RevokeBias
[2019-12-08T11:33:39.292+0000][1][safepoint    ] Leaving safepoint region
[2019-12-08T11:33:39.292+0000][1][safepoint    ] Total time for which application threads were stopped: 0.0000968 seconds, Stopping threads took: 0.0000122 seconds
[2019-12-08T11:33:39.303+0000][1][safepoint    ] Application time: 0.0110375 seconds
[2019-12-08T11:33:39.303+0000][1][safepoint    ] Entering safepoint region: RevokeBias
[2019-12-08T11:33:39.303+0000][1][safepoint    ] Leaving safepoint region
[2019-12-08T11:33:39.303+0000][1][safepoint    ] Total time for which application threads were stopped: 0.0000718 seconds, Stopping threads took: 0.0000162 seconds
[2019-12-08T11:33:39.539+0000][1][safepoint    ] Application time: 0.2364468 seconds
[2019-12-08T11:33:39.539+0000][1][safepoint    ] Entering safepoint region: RevokeBias
[2019-12-08T11:33:39.539+0000][1][safepoint    ] Leaving safepoint region
[2019-12-08T11:33:39.539+0000][1][safepoint    ] Total time for which application threads were stopped: 0.0000843 seconds, Stopping threads took: 0.0000185 seconds
[2019-12-08T11:33:39.540+0000][1][safepoint    ] Application time: 0.0004530 seconds
[2019-12-08T11:33:39.540+0000][1][safepoint    ] Entering safepoint region: RevokeBias
[2019-12-08T11:33:39.540+0000][1][safepoint    ] Leaving safepoint region
[2019-12-08T11:33:39.540+0000][1][safepoint    ] Total time for which application threads were stopped: 0.0000714 seconds, Stopping threads took: 0.0000145 seconds
[2019-12-08T11:33:39.605+0000][1][safepoint    ] Application time: 0.0648954 seconds
[2019-12-08T11:33:39.605+0000][1][safepoint    ] Entering safepoint region: RevokeBias
[2019-12-08T11:33:39.605+0000][1][safepoint    ] Leaving safepoint region
[2019-12-08T11:33:39.605+0000][1][safepoint    ] Total time for which application threads were stopped: 0.0000889 seconds, Stopping threads took: 0.0000171 seconds
[2019-12-08T11:33:39.656+0000][1][safepoint    ] Application time: 0.0510458 seconds
[2019-12-08T11:33:39.656+0000][1][safepoint    ] Entering safepoint region: RevokeBias
[2019-12-08T11:33:39.656+0000][1][safepoint    ] Leaving safepoint region
[2019-12-08T11:33:39.656+0000][1][safepoint    ] Total time for which application threads were stopped: 0.0000945 seconds, Stopping threads took: 0.0000243 seconds
[2019-12-08T11:33:39.694+0000][1][safepoint    ] Application time: 0.0381636 seconds
[2019-12-08T11:33:39.694+0000][1][safepoint    ] Entering safepoint region: BulkRevokeBias
[2019-12-08T11:33:39.695+0000][1][safepoint    ] Leaving safepoint region
[2019-12-08T11:33:39.695+0000][1][safepoint    ] Total time for which application threads were stopped: 0.0003437 seconds, Stopping threads took: 0.0000208 seconds
[2019-12-08T11:33:39.695+0000][1][safepoint    ] Application time: 0.0006324 seconds
[2019-12-08T11:33:39.695+0000][1][safepoint    ] Entering safepoint region: RevokeBias
[2019-12-08T11:33:39.695+0000][1][safepoint    ] Leaving safepoint region
[2019-12-08T11:33:39.695+0000][1][safepoint    ] Total time for which application threads were stopped: 0.0000798 seconds, Stopping threads took: 0.0000186 seconds
[2019-12-08T11:33:40.159+0000][1][safepoint    ] Application time: 0.4632296 seconds
[2019-12-08T11:33:40.159+0000][1][safepoint    ] Entering safepoint region: RevokeBias
[2019-12-08T11:33:40.159+0000][1][safepoint    ] Leaving safepoint region
[2019-12-08T11:33:40.159+0000][1][safepoint    ] Total time for which application threads were stopped: 0.0002012 seconds, Stopping threads took: 0.0000916 seconds
[2019-12-08T11:33:40.159+0000][1][safepoint    ] Application time: 0.0004221 seconds
[2019-12-08T11:33:40.159+0000][1][safepoint    ] Entering safepoint region: RevokeBias
[2019-12-08T11:33:40.159+0000][1][safepoint    ] Leaving safepoint region
[2019-12-08T11:33:40.159+0000][1][safepoint    ] Total time for which application threads were stopped: 0.0000895 seconds, Stopping threads took: 0.0000152 seconds
[2019-12-08T11:33:40.160+0000][1][safepoint    ] Application time: 0.0005370 seconds
[2019-12-08T11:33:40.160+0000][1][safepoint    ] Entering safepoint region: RevokeBias
[2019-12-08T11:33:40.160+0000][1][safepoint    ] Leaving safepoint region
[2019-12-08T11:33:40.160+0000][1][safepoint    ] Total time for which application threads were stopped: 0.0000750 seconds, Stopping threads took: 0.0000130 seconds
[2019-12-08T11:33:40.161+0000][1][safepoint    ] Application time: 0.0011489 seconds
[2019-12-08T11:33:40.161+0000][1][safepoint    ] Entering safepoint region: RevokeBias
[2019-12-08T11:33:40.161+0000][1][safepoint    ] Leaving safepoint region
[2019-12-08T11:33:40.161+0000][1][safepoint    ] Total time for which application threads were stopped: 0.0000580 seconds, Stopping threads took: 0.0000138 seconds
[2019-12-08T11:33:40.162+0000][1][safepoint    ] Application time: 0.0003103 seconds
[2019-12-08T11:33:40.162+0000][1][safepoint    ] Entering safepoint region: RevokeBias
[2019-12-08T11:33:40.162+0000][1][safepoint    ] Leaving safepoint region
[2019-12-08T11:33:40.162+0000][1][safepoint    ] Total time for which application threads were stopped: 0.0000800 seconds, Stopping threads took: 0.0000123 seconds
[2019-12-08T11:33:40.162+0000][1][safepoint    ] Application time: 0.0000670 seconds
[2019-12-08T11:33:40.162+0000][1][safepoint    ] Entering safepoint region: RevokeBias
[2019-12-08T11:33:40.162+0000][1][safepoint    ] Leaving safepoint region
[2019-12-08T11:33:40.162+0000][1][safepoint    ] Total time for which application threads were stopped: 0.0000468 seconds, Stopping threads took: 0.0000101 seconds
[2019-12-08T11:33:40.162+0000][1][safepoint    ] Application time: 0.0000544 seconds
[2019-12-08T11:33:40.162+0000][1][safepoint    ] Entering safepoint region: RevokeBias
[2019-12-08T11:33:40.162+0000][1][safepoint    ] Leaving safepoint region
[2019-12-08T11:33:40.162+0000][1][safepoint    ] Total time for which application threads were stopped: 0.0000400 seconds, Stopping threads took: 0.0000088 seconds
[2019-12-08T11:33:40.164+0000][1][safepoint    ] Application time: 0.0021023 seconds
[2019-12-08T11:33:40.175+0000][1][safepoint    ] Entering safepoint region: RevokeBias
[2019-12-08T11:33:40.175+0000][1][safepoint    ] Leaving safepoint region
[2019-12-08T11:33:40.175+0000][1][safepoint    ] Total time for which application threads were stopped: 0.0107934 seconds, Stopping threads took: 0.0107402 seconds
[2019-12-08T11:33:40.178+0000][1][safepoint    ] Application time: 0.0027147 seconds
[2019-12-08T11:33:40.178+0000][1][safepoint    ] Entering safepoint region: RevokeBias
[2019-12-08T11:33:40.178+0000][1][safepoint    ] Leaving safepoint region
[2019-12-08T11:33:40.178+0000][1][safepoint    ] Total time for which application threads were stopped: 0.0001187 seconds, Stopping threads took: 0.0000623 seconds
[2019-12-08T11:33:40.197+0000][1][safepoint    ] Application time: 0.0189488 seconds
[2019-12-08T11:33:40.197+0000][1][safepoint    ] Entering safepoint region: RevokeBias
[2019-12-08T11:33:40.197+0000][1][safepoint    ] Leaving safepoint region
[2019-12-08T11:33:40.197+0000][1][safepoint    ] Total time for which application threads were stopped: 0.0001981 seconds, Stopping threads took: 0.0001045 seconds
[2019-12-08T11:33:40.201+0000][1][safepoint    ] Application time: 0.0039205 seconds
[2019-12-08T11:33:40.206+0000][1][safepoint    ] Entering safepoint region: RevokeBias
[2019-12-08T11:33:40.206+0000][1][safepoint    ] Leaving safepoint region
[2019-12-08T11:33:40.206+0000][1][safepoint    ] Total time for which application threads were stopped: 0.0050547 seconds, Stopping threads took: 0.0049680 seconds
[2019-12-08T11:33:40.214+0000][1][safepoint    ] Application time: 0.0082675 seconds
[2019-12-08T11:33:40.214+0000][1][safepoint    ] Entering safepoint region: RevokeBias
[2019-12-08T11:33:40.214+0000][1][safepoint    ] Leaving safepoint region
[2019-12-08T11:33:40.214+0000][1][safepoint    ] Total time for which application threads were stopped: 0.0001457 seconds, Stopping threads took: 0.0000619 seconds
[2019-12-08T11:33:40.218+0000][1][safepoint    ] Application time: 0.0035391 seconds
[2019-12-08T11:33:40.218+0000][1][safepoint    ] Entering safepoint region: RevokeBias
[2019-12-08T11:33:40.218+0000][1][safepoint    ] Leaving safepoint region
[2019-12-08T11:33:40.218+0000][1][safepoint    ] Total time for which application threads were stopped: 0.0000793 seconds, Stopping threads took: 0.0000134 seconds
[2019-12-08T11:33:40.219+0000][1][safepoint    ] Application time: 0.0011809 seconds
[2019-12-08T11:33:40.222+0000][1][safepoint    ] Entering safepoint region: RevokeBias
[2019-12-08T11:33:40.222+0000][1][safepoint    ] Leaving safepoint region
[2019-12-08T11:33:40.222+0000][1][safepoint    ] Total time for which application threads were stopped: 0.0025685 seconds, Stopping threads took: 0.0025055 seconds
[2019-12-08T11:33:40.231+0000][1][safepoint    ] Application time: 0.0092287 seconds
[2019-12-08T11:33:40.231+0000][1][safepoint    ] Entering safepoint region: RevokeBias
[2019-12-08T11:33:40.231+0000][1][safepoint    ] Leaving safepoint region
[2019-12-08T11:33:40.231+0000][1][safepoint    ] Total time for which application threads were stopped: 0.0001179 seconds, Stopping threads took: 0.0000566 seconds
[2019-12-08T11:33:40.242+0000][1][safepoint    ] Application time: 0.0103556 seconds
[2019-12-08T11:33:40.242+0000][1][safepoint    ] Entering safepoint region: RevokeBias
[2019-12-08T11:33:40.242+0000][1][safepoint    ] Leaving safepoint region
[2019-12-08T11:33:40.242+0000][1][safepoint    ] Total time for which application threads were stopped: 0.0001291 seconds, Stopping threads took: 0.0000562 seconds
[2019-12-08T11:33:40.243+0000][1][safepoint    ] Application time: 0.0009326 seconds
[2019-12-08T11:33:40.243+0000][1][safepoint    ] Entering safepoint region: RevokeBias
[2019-12-08T11:33:40.243+0000][1][safepoint    ] Leaving safepoint region
[2019-12-08T11:33:40.243+0000][1][safepoint    ] Total time for which application threads were stopped: 0.0001094 seconds, Stopping threads took: 0.0000510 seconds
[2019-12-08T11:33:40.247+0000][1][safepoint    ] Application time: 0.0040698 seconds
[2019-12-08T11:33:40.247+0000][1][safepoint    ] Entering safepoint region: RevokeBias
[2019-12-08T11:33:40.247+0000][1][safepoint    ] Leaving safepoint region
[2019-12-08T11:33:40.247+0000][1][safepoint    ] Total time for which application threads were stopped: 0.0001137 seconds, Stopping threads took: 0.0000357 seconds
[2019-12-08T11:33:40.250+0000][1][safepoint    ] Application time: 0.0033135 seconds
[2019-12-08T11:33:40.250+0000][1][safepoint    ] Entering safepoint region: RevokeBias
[2019-12-08T11:33:40.250+0000][1][safepoint    ] Leaving safepoint region
[2019-12-08T11:33:40.250+0000][1][safepoint    ] Total time for which application threads were stopped: 0.0000581 seconds, Stopping threads took: 0.0000130 seconds
[2019-12-08T11:33:40.261+0000][1][safepoint    ] Application time: 0.0110423 seconds
[2019-12-08T11:33:40.261+0000][1][safepoint    ] Entering safepoint region: RevokeBias
[2019-12-08T11:33:40.262+0000][1][safepoint    ] Leaving safepoint region
[2019-12-08T11:33:40.262+0000][1][safepoint    ] Total time for which application threads were stopped: 0.0000829 seconds, Stopping threads took: 0.0000330 seconds
[2019-12-08T11:33:40.694+0000][1][safepoint    ] Application time: 0.4328730 seconds
[2019-12-08T11:33:40.694+0000][1][safepoint    ] Entering safepoint region: RevokeBias
[2019-12-08T11:33:40.695+0000][1][safepoint    ] Leaving safepoint region
[2019-12-08T11:33:40.695+0000][1][safepoint    ] Total time for which application threads were stopped: 0.0001136 seconds, Stopping threads took: 0.0000222 seconds
[2019-12-08T11:33:40.695+0000][1][safepoint    ] Application time: 0.0004511 seconds
[2019-12-08T11:33:40.695+0000][1][safepoint    ] Entering safepoint region: RevokeBias
[2019-12-08T11:33:40.695+0000][1][safepoint    ] Leaving safepoint region
[2019-12-08T11:33:40.695+0000][1][safepoint    ] Total time for which application threads were stopped: 0.0000785 seconds, Stopping threads took: 0.0000166 seconds
[2019-12-08T11:33:41.052+0000][1][safepoint    ] Application time: 0.3565794 seconds
[2019-12-08T11:33:41.052+0000][1][safepoint    ] Entering safepoint region: BulkRevokeBias
[2019-12-08T11:33:41.052+0000][1][safepoint    ] Leaving safepoint region
[2019-12-08T11:33:41.052+0000][1][safepoint    ] Total time for which application threads were stopped: 0.0004715 seconds, Stopping threads took: 0.0000223 seconds
[2019-12-08T11:33:41.153+0000][1][safepoint    ] Application time: 0.1009892 seconds
[2019-12-08T11:33:41.153+0000][1][safepoint    ] Entering safepoint region: RevokeBias
[2019-12-08T11:33:41.153+0000][1][safepoint    ] Leaving safepoint region
[2019-12-08T11:33:41.153+0000][1][safepoint    ] Total time for which application threads were stopped: 0.0001856 seconds, Stopping threads took: 0.0000902 seconds
[2019-12-08T11:33:41.154+0000][1][safepoint    ] Application time: 0.0004251 seconds
[2019-12-08T11:33:41.154+0000][1][safepoint    ] Entering safepoint region: RevokeBias
[2019-12-08T11:33:41.154+0000][1][safepoint    ] Leaving safepoint region
[2019-12-08T11:33:41.154+0000][1][safepoint    ] Total time for which application threads were stopped: 0.0000791 seconds, Stopping threads took: 0.0000137 seconds
[2019-12-08T11:33:41.154+0000][1][safepoint    ] Application time: 0.0004424 seconds
[2019-12-08T11:33:41.154+0000][1][safepoint    ] Entering safepoint region: RevokeBias
[2019-12-08T11:33:41.154+0000][1][safepoint    ] Leaving safepoint region
[2019-12-08T11:33:41.155+0000][1][safepoint    ] Total time for which application threads were stopped: 0.0000720 seconds, Stopping threads took: 0.0000124 seconds
[2019-12-08T11:33:41.156+0000][1][safepoint    ] Application time: 0.0010064 seconds
[2019-12-08T11:33:41.156+0000][1][safepoint    ] Entering safepoint region: RevokeBias
[2019-12-08T11:33:41.156+0000][1][safepoint    ] Leaving safepoint region
[2019-12-08T11:33:41.156+0000][1][safepoint    ] Total time for which application threads were stopped: 0.0001261 seconds, Stopping threads took: 0.0000620 seconds
[2019-12-08T11:33:41.156+0000][1][safepoint    ] Application time: 0.0001306 seconds
[2019-12-08T11:33:41.156+0000][1][safepoint    ] Entering safepoint region: RevokeBias
[2019-12-08T11:33:41.156+0000][1][safepoint    ] Leaving safepoint region
[2019-12-08T11:33:41.156+0000][1][safepoint    ] Total time for which application threads were stopped: 0.0000888 seconds, Stopping threads took: 0.0000227 seconds
[2019-12-08T11:33:41.164+0000][1][safepoint    ] Application time: 0.0079544 seconds
[2019-12-08T11:33:41.164+0000][1][safepoint    ] Entering safepoint region: BulkRevokeBias
[2019-12-08T11:33:41.165+0000][1][safepoint    ] Leaving safepoint region
[2019-12-08T11:33:41.165+0000][1][safepoint    ] Total time for which application threads were stopped: 0.0006180 seconds, Stopping threads took: 0.0000150 seconds
[2019-12-08T11:33:41.176+0000][1][safepoint    ] Application time: 0.0113834 seconds
[2019-12-08T11:33:41.176+0000][1][safepoint    ] Entering safepoint region: BulkRevokeBias
[2019-12-08T11:33:41.176+0000][1][safepoint    ] Leaving safepoint region
[2019-12-08T11:33:41.176+0000][1][safepoint    ] Total time for which application threads were stopped: 0.0003291 seconds, Stopping threads took: 0.0000150 seconds
[2019-12-08T11:33:41.180+0000][1][safepoint    ] Application time: 0.0036417 seconds
[2019-12-08T11:33:41.180+0000][1][safepoint    ] Entering safepoint region: RevokeBias
[2019-12-08T11:33:41.180+0000][1][safepoint    ] Leaving safepoint region
[2019-12-08T11:33:41.180+0000][1][safepoint    ] Total time for which application threads were stopped: 0.0000727 seconds, Stopping threads took: 0.0000148 seconds
[2019-12-08T11:33:41.208+0000][1][safepoint    ] Application time: 0.0284474 seconds
[2019-12-08T11:33:41.209+0000][1][safepoint    ] Entering safepoint region: RevokeBias
[2019-12-08T11:33:41.209+0000][1][safepoint    ] Leaving safepoint region
[2019-12-08T11:33:41.209+0000][1][safepoint    ] Total time for which application threads were stopped: 0.0000867 seconds, Stopping threads took: 0.0000176 seconds
[2019-12-08T11:33:41.218+0000][1][safepoint    ] Application time: 0.0093753 seconds
[2019-12-08T11:33:41.218+0000][1][safepoint    ] Entering safepoint region: RevokeBias
[2019-12-08T11:33:41.218+0000][1][safepoint    ] Leaving safepoint region
[2019-12-08T11:33:41.218+0000][1][safepoint    ] Total time for which application threads were stopped: 0.0000761 seconds, Stopping threads took: 0.0000168 seconds
[2019-12-08T11:33:41.254+0000][1][safepoint    ] Application time: 0.0354789 seconds
[2019-12-08T11:33:41.254+0000][1][safepoint    ] Entering safepoint region: RevokeBias
[2019-12-08T11:33:41.254+0000][1][safepoint    ] Leaving safepoint region
[2019-12-08T11:33:41.254+0000][1][safepoint    ] Total time for which application threads were stopped: 0.0001504 seconds, Stopping threads took: 0.0000427 seconds
[2019-12-08T11:33:41.334+0000][1][safepoint    ] Application time: 0.0799504 seconds
[2019-12-08T11:33:41.334+0000][1][safepoint    ] Entering safepoint region: RevokeBias
[2019-12-08T11:33:41.334+0000][1][safepoint    ] Leaving safepoint region
[2019-12-08T11:33:41.334+0000][1][safepoint    ] Total time for which application threads were stopped: 0.0000900 seconds, Stopping threads took: 0.0000184 seconds
[2019-12-08T11:33:41.448+0000][1][safepoint    ] Application time: 0.1138837 seconds
[2019-12-08T11:33:41.448+0000][1][safepoint    ] Entering safepoint region: RevokeBias
[2019-12-08T11:33:41.448+0000][1][safepoint    ] Leaving safepoint region
[2019-12-08T11:33:41.448+0000][1][safepoint    ] Total time for which application threads were stopped: 0.0004032 seconds, Stopping threads took: 0.0000192 seconds
[2019-12-08T11:33:41.448+0000][1][safepoint    ] Application time: 0.0001230 seconds
[2019-12-08T11:33:41.448+0000][1][safepoint    ] Entering safepoint region: RevokeBias
[2019-12-08T11:33:41.448+0000][1][safepoint    ] Leaving safepoint region
[2019-12-08T11:33:41.448+0000][1][safepoint    ] Total time for which application threads were stopped: 0.0001187 seconds, Stopping threads took: 0.0000498 seconds
[2019-12-08T11:33:41.451+0000][1][safepoint    ] Application time: 0.0028980 seconds
[2019-12-08T11:33:41.451+0000][1][safepoint    ] Entering safepoint region: RevokeBias
[2019-12-08T11:33:41.452+0000][1][safepoint    ] Leaving safepoint region
[2019-12-08T11:33:41.452+0000][1][safepoint    ] Total time for which application threads were stopped: 0.0003198 seconds, Stopping threads took: 0.0000206 seconds
[2019-12-08T11:33:41.452+0000][1][safepoint    ] Application time: 0.0004332 seconds
[2019-12-08T11:33:41.452+0000][1][safepoint    ] Entering safepoint region: RevokeBias
[2019-12-08T11:33:41.452+0000][1][safepoint    ] Leaving safepoint region
[2019-12-08T11:33:41.452+0000][1][safepoint    ] Total time for which application threads were stopped: 0.0000652 seconds, Stopping threads took: 0.0000135 seconds
[2019-12-08T11:33:41.453+0000][1][safepoint    ] Application time: 0.0005820 seconds
[2019-12-08T11:33:41.453+0000][1][safepoint    ] Entering safepoint region: RevokeBias
[2019-12-08T11:33:41.453+0000][1][safepoint    ] Leaving safepoint region
[2019-12-08T11:33:41.453+0000][1][safepoint    ] Total time for which application threads were stopped: 0.0000597 seconds, Stopping threads took: 0.0000117 seconds
[2019-12-08T11:33:41.454+0000][1][safepoint    ] Application time: 0.0012064 seconds
[2019-12-08T11:33:41.454+0000][1][safepoint    ] Entering safepoint region: RevokeBias
[2019-12-08T11:33:41.454+0000][1][safepoint    ] Leaving safepoint region
[2019-12-08T11:33:41.454+0000][1][safepoint    ] Total time for which application threads were stopped: 0.0000848 seconds, Stopping threads took: 0.0000127 seconds
[2019-12-08T11:33:41.469+0000][1][safepoint    ] Application time: 0.0145288 seconds
[2019-12-08T11:33:41.469+0000][1][safepoint    ] Entering safepoint region: RevokeBias
[2019-12-08T11:33:41.469+0000][1][safepoint    ] Leaving safepoint region
[2019-12-08T11:33:41.469+0000][1][safepoint    ] Total time for which application threads were stopped: 0.0000768 seconds, Stopping threads took: 0.0000126 seconds
[2019-12-08T11:33:41.470+0000][1][safepoint    ] Application time: 0.0009440 seconds
[2019-12-08T11:33:41.474+0000][1][safepoint    ] Entering safepoint region: RevokeBias
[2019-12-08T11:33:41.474+0000][1][safepoint    ] Leaving safepoint region
[2019-12-08T11:33:41.474+0000][1][safepoint    ] Total time for which application threads were stopped: 0.0040308 seconds, Stopping threads took: 0.0039464 seconds
[2019-12-08T11:33:41.893+0000][1][safepoint    ] Application time: 0.4188949 seconds
[2019-12-08T11:33:41.893+0000][1][safepoint    ] Entering safepoint region: RevokeBias
[2019-12-08T11:33:41.893+0000][1][safepoint    ] Leaving safepoint region
[2019-12-08T11:33:41.893+0000][1][safepoint    ] Total time for which application threads were stopped: 0.0003954 seconds, Stopping threads took: 0.0002771 seconds
[2019-12-08T11:33:41.895+0000][1][safepoint    ] Application time: 0.0022160 seconds
[2019-12-08T11:33:41.895+0000][1][safepoint    ] Entering safepoint region: RevokeBias
[2019-12-08T11:33:41.895+0000][1][safepoint    ] Leaving safepoint region
[2019-12-08T11:33:41.895+0000][1][safepoint    ] Total time for which application threads were stopped: 0.0000993 seconds, Stopping threads took: 0.0000187 seconds
[2019-12-08T11:33:42.195+0000][1][safepoint    ] Application time: 0.2993510 seconds
[2019-12-08T11:33:42.207+0000][1][safepoint    ] Entering safepoint region: RevokeBias
[2019-12-08T11:33:42.207+0000][1][safepoint    ] Leaving safepoint region
[2019-12-08T11:33:42.207+0000][1][safepoint    ] Total time for which application threads were stopped: 0.0120449 seconds, Stopping threads took: 0.0119437 seconds
[2019-12-08T11:33:42.209+0000][1][safepoint    ] Application time: 0.0016695 seconds
[2019-12-08T11:33:42.209+0000][1][safepoint    ] Entering safepoint region: RevokeBias
[2019-12-08T11:33:42.209+0000][1][safepoint    ] Leaving safepoint region
[2019-12-08T11:33:42.209+0000][1][safepoint    ] Total time for which application threads were stopped: 0.0001374 seconds, Stopping threads took: 0.0000179 seconds
[2019-12-08T11:33:42.214+0000][1][safepoint    ] Application time: 0.0048483 seconds
[2019-12-08T11:33:42.214+0000][1][safepoint    ] Entering safepoint region: RevokeBias
[2019-12-08T11:33:42.214+0000][1][safepoint    ] Leaving safepoint region
[2019-12-08T11:33:42.214+0000][1][safepoint    ] Total time for which application threads were stopped: 0.0004593 seconds, Stopping threads took: 0.0000190 seconds
[2019-12-08T11:33:42.242+0000][1][safepoint    ] Application time: 0.0282103 seconds
[2019-12-08T11:33:42.261+0000][1][safepoint    ] Entering safepoint region: RevokeBias
[2019-12-08T11:33:42.261+0000][1][safepoint    ] Leaving safepoint region
[2019-12-08T11:33:42.261+0000][1][safepoint    ] Total time for which application threads were stopped: 0.0185987 seconds, Stopping threads took: 0.0185004 seconds
[2019-12-08T11:33:42.266+0000][1][safepoint    ] Application time: 0.0055371 seconds
[2019-12-08T11:33:42.267+0000][1][safepoint    ] Entering safepoint region: RevokeBias
[2019-12-08T11:33:42.267+0000][1][safepoint    ] Leaving safepoint region
[2019-12-08T11:33:42.267+0000][1][safepoint    ] Total time for which application threads were stopped: 0.0000998 seconds, Stopping threads took: 0.0000212 seconds
[2019-12-08T11:33:42.267+0000][1][safepoint    ] Application time: 0.0000726 seconds
[2019-12-08T11:33:42.267+0000][1][safepoint    ] Entering safepoint region: RevokeBias
[2019-12-08T11:33:42.267+0000][1][safepoint    ] Leaving safepoint region
[2019-12-08T11:33:42.267+0000][1][safepoint    ] Total time for which application threads were stopped: 0.0000697 seconds, Stopping threads took: 0.0000103 seconds
[2019-12-08T11:33:42.267+0000][1][safepoint    ] Application time: 0.0001879 seconds
[2019-12-08T11:33:42.267+0000][1][safepoint    ] Entering safepoint region: RevokeBias
[2019-12-08T11:33:42.267+0000][1][safepoint    ] Leaving safepoint region
[2019-12-08T11:33:42.267+0000][1][safepoint    ] Total time for which application threads were stopped: 0.0000737 seconds, Stopping threads took: 0.0000214 seconds
[2019-12-08T11:33:42.270+0000][1][safepoint    ] Application time: 0.0026774 seconds
[2019-12-08T11:33:42.270+0000][1][safepoint    ] Entering safepoint region: RevokeBias
[2019-12-08T11:33:42.270+0000][1][safepoint    ] Leaving safepoint region
[2019-12-08T11:33:42.270+0000][1][safepoint    ] Total time for which application threads were stopped: 0.0001179 seconds, Stopping threads took: 0.0000665 seconds
[2019-12-08T11:33:42.322+0000][1][safepoint    ] Application time: 0.0521286 seconds
[2019-12-08T11:33:42.322+0000][1][safepoint    ] Entering safepoint region: RevokeBias
[2019-12-08T11:33:42.322+0000][1][safepoint    ] Leaving safepoint region
[2019-12-08T11:33:42.322+0000][1][safepoint    ] Total time for which application threads were stopped: 0.0000913 seconds, Stopping threads took: 0.0000174 seconds
[2019-12-08T11:33:42.328+0000][1][safepoint    ] Application time: 0.0060262 seconds
[2019-12-08T11:33:42.328+0000][1][safepoint    ] Entering safepoint region: RevokeBias
[2019-12-08T11:33:42.328+0000][1][safepoint    ] Leaving safepoint region
[2019-12-08T11:33:42.328+0000][1][safepoint    ] Total time for which application threads were stopped: 0.0000915 seconds, Stopping threads took: 0.0000193 seconds
[2019-12-08T11:33:42.409+0000][1][safepoint    ] Application time: 0.0805280 seconds
[2019-12-08T11:33:42.409+0000][1][safepoint    ] Entering safepoint region: RevokeBias
[2019-12-08T11:33:42.409+0000][1][safepoint    ] Leaving safepoint region
[2019-12-08T11:33:42.409+0000][1][safepoint    ] Total time for which application threads were stopped: 0.0001169 seconds, Stopping threads took: 0.0000202 seconds
[2019-12-08T11:33:42.421+0000][1][safepoint    ] Application time: 0.0118567 seconds
[2019-12-08T11:33:42.421+0000][1][safepoint    ] Entering safepoint region: RevokeBias
[2019-12-08T11:33:42.421+0000][1][safepoint    ] Leaving safepoint region
[2019-12-08T11:33:42.421+0000][1][safepoint    ] Total time for which application threads were stopped: 0.0001288 seconds, Stopping threads took: 0.0000192 seconds
[2019-12-08T11:33:42.421+0000][1][safepoint    ] Application time: 0.0000760 seconds
[2019-12-08T11:33:42.421+0000][1][safepoint    ] Entering safepoint region: RevokeBias
[2019-12-08T11:33:42.421+0000][1][safepoint    ] Leaving safepoint region
[2019-12-08T11:33:42.421+0000][1][safepoint    ] Total time for which application threads were stopped: 0.0000904 seconds, Stopping threads took: 0.0000168 seconds
[2019-12-08T11:33:42.421+0000][1][safepoint    ] Application time: 0.0000763 seconds
[2019-12-08T11:33:42.421+0000][1][safepoint    ] Entering safepoint region: RevokeBias
[2019-12-08T11:33:42.421+0000][1][safepoint    ] Leaving safepoint region
[2019-12-08T11:33:42.421+0000][1][safepoint    ] Total time for which application threads were stopped: 0.0000746 seconds, Stopping threads took: 0.0000107 seconds
[2019-12-08T11:33:42.422+0000][1][safepoint    ] Application time: 0.0010857 seconds
[2019-12-08T11:33:42.422+0000][1][safepoint    ] Entering safepoint region: RevokeBias
[2019-12-08T11:33:42.423+0000][1][safepoint    ] Leaving safepoint region
[2019-12-08T11:33:42.423+0000][1][safepoint    ] Total time for which application threads were stopped: 0.0000916 seconds, Stopping threads took: 0.0000163 seconds
[2019-12-08T11:33:42.423+0000][1][safepoint    ] Application time: 0.0001872 seconds
[2019-12-08T11:33:42.423+0000][1][safepoint    ] Entering safepoint region: RevokeBias
[2019-12-08T11:33:42.423+0000][1][safepoint    ] Leaving safepoint region
[2019-12-08T11:33:42.423+0000][1][safepoint    ] Total time for which application threads were stopped: 0.0000761 seconds, Stopping threads took: 0.0000132 seconds
[2019-12-08T11:33:42.423+0000][1][safepoint    ] Application time: 0.0000644 seconds
[2019-12-08T11:33:42.423+0000][1][safepoint    ] Entering safepoint region: RevokeBias
[2019-12-08T11:33:42.423+0000][1][safepoint    ] Leaving safepoint region
[2019-12-08T11:33:42.423+0000][1][safepoint    ] Total time for which application threads were stopped: 0.0000636 seconds, Stopping threads took: 0.0000107 seconds
[2019-12-08T11:33:42.720+0000][1][safepoint    ] Application time: 0.2968774 seconds
[2019-12-08T11:33:42.720+0000][1][safepoint    ] Entering safepoint region: RevokeBias
[2019-12-08T11:33:42.720+0000][1][safepoint    ] Leaving safepoint region
[2019-12-08T11:33:42.720+0000][1][safepoint    ] Total time for which application threads were stopped: 0.0001091 seconds, Stopping threads took: 0.0000190 seconds
[2019-12-08T11:33:42.720+0000][1][safepoint    ] Application time: 0.0000745 seconds
[2019-12-08T11:33:42.720+0000][1][safepoint    ] Entering safepoint region: RevokeBias
[2019-12-08T11:33:42.720+0000][1][safepoint    ] Leaving safepoint region
[2019-12-08T11:33:42.720+0000][1][safepoint    ] Total time for which application threads were stopped: 0.0000449 seconds, Stopping threads took: 0.0000081 seconds
[2019-12-08T11:33:42.743+0000][1][safepoint    ] Application time: 0.0225397 seconds
[2019-12-08T11:33:42.743+0000][1][safepoint    ] Entering safepoint region: RevokeBias
[2019-12-08T11:33:42.743+0000][1][safepoint    ] Leaving safepoint region
[2019-12-08T11:33:42.743+0000][1][safepoint    ] Total time for which application threads were stopped: 0.0001105 seconds, Stopping threads took: 0.0000188 seconds
[2019-12-08T11:33:42.774+0000][1][safepoint    ] Application time: 0.0310569 seconds
[2019-12-08T11:33:42.774+0000][1][safepoint    ] Entering safepoint region: RevokeBias
[2019-12-08T11:33:42.774+0000][1][safepoint    ] Leaving safepoint region
[2019-12-08T11:33:42.774+0000][1][safepoint    ] Total time for which application threads were stopped: 0.0001552 seconds, Stopping threads took: 0.0000790 seconds
[2019-12-08T11:33:42.788+0000][1][safepoint    ] Application time: 0.0137031 seconds
[2019-12-08T11:33:42.788+0000][1][safepoint    ] Entering safepoint region: RevokeBias
[2019-12-08T11:33:42.788+0000][1][safepoint    ] Leaving safepoint region
[2019-12-08T11:33:42.788+0000][1][safepoint    ] Total time for which application threads were stopped: 0.0001069 seconds, Stopping threads took: 0.0000202 seconds
[2019-12-08T11:33:42.789+0000][1][safepoint    ] Application time: 0.0007302 seconds
[2019-12-08T11:33:42.789+0000][1][safepoint    ] Entering safepoint region: RevokeBias
[2019-12-08T11:33:42.789+0000][1][safepoint    ] Leaving safepoint region
[2019-12-08T11:33:42.789+0000][1][safepoint    ] Total time for which application threads were stopped: 0.0000926 seconds, Stopping threads took: 0.0000260 seconds
[2019-12-08T11:33:42.789+0000][1][safepoint    ] Application time: 0.0000678 seconds
[2019-12-08T11:33:42.789+0000][1][safepoint    ] Entering safepoint region: RevokeBias
[2019-12-08T11:33:42.789+0000][1][safepoint    ] Leaving safepoint region
[2019-12-08T11:33:42.789+0000][1][safepoint    ] Total time for which application threads were stopped: 0.0000508 seconds, Stopping threads took: 0.0000096 seconds
[2019-12-08T11:33:42.789+0000][1][safepoint    ] Application time: 0.0001843 seconds
[2019-12-08T11:33:42.789+0000][1][safepoint    ] Entering safepoint region: RevokeBias
[2019-12-08T11:33:42.789+0000][1][safepoint    ] Leaving safepoint region
[2019-12-08T11:33:42.789+0000][1][safepoint    ] Total time for which application threads were stopped: 0.0000559 seconds, Stopping threads took: 0.0000112 seconds
[2019-12-08T11:33:42.791+0000][1][safepoint    ] Application time: 0.0014856 seconds
[2019-12-08T11:33:42.791+0000][1][safepoint    ] Entering safepoint region: RevokeBias
[2019-12-08T11:33:42.791+0000][1][safepoint    ] Leaving safepoint region
[2019-12-08T11:33:42.791+0000][1][safepoint    ] Total time for which application threads were stopped: 0.0000679 seconds, Stopping threads took: 0.0000148 seconds
[2019-12-08T11:33:42.791+0000][1][safepoint    ] Application time: 0.0002727 seconds
[2019-12-08T11:33:42.791+0000][1][safepoint    ] Entering safepoint region: RevokeBias
[2019-12-08T11:33:42.791+0000][1][safepoint    ] Leaving safepoint region
[2019-12-08T11:33:42.791+0000][1][safepoint    ] Total time for which application threads were stopped: 0.0000603 seconds, Stopping threads took: 0.0000140 seconds
[2019-12-08T11:33:42.797+0000][1][safepoint    ] Application time: 0.0054495 seconds
[2019-12-08T11:33:42.797+0000][1][safepoint    ] Entering safepoint region: RevokeBias
[2019-12-08T11:33:42.797+0000][1][safepoint    ] Leaving safepoint region
[2019-12-08T11:33:42.797+0000][1][safepoint    ] Total time for which application threads were stopped: 0.0000854 seconds, Stopping threads took: 0.0000137 seconds
[2019-12-08T11:33:42.797+0000][1][safepoint    ] Application time: 0.0000644 seconds
[2019-12-08T11:33:42.797+0000][1][safepoint    ] Entering safepoint region: RevokeBias
[2019-12-08T11:33:42.797+0000][1][safepoint    ] Leaving safepoint region
[2019-12-08T11:33:42.797+0000][1][safepoint    ] Total time for which application threads were stopped: 0.0000547 seconds, Stopping threads took: 0.0000101 seconds
[2019-12-08T11:33:42.860+0000][1][safepoint    ] Application time: 0.0629551 seconds
[2019-12-08T11:33:42.860+0000][1][safepoint    ] Entering safepoint region: GenCollectForAllocation
[2019-12-08T11:33:42.860+0000][1][gc,start     ] GC(21) Pause Young (Allocation Failure)
[2019-12-08T11:33:42.860+0000][1][gc,task      ] GC(21) Using 4 workers of 4 for evacuation
[2019-12-08T11:33:43.004+0000][1][gc,age       ] GC(21) Desired survivor size 4456448 bytes, new threshold 2 (max threshold 6)
[2019-12-08T11:33:43.004+0000][1][gc,age       ] GC(21) Age table with threshold 2 (max threshold 6)
[2019-12-08T11:33:43.004+0000][1][gc,age       ] GC(21) - age   1:    2987800 bytes,    2987800 total
[2019-12-08T11:33:43.004+0000][1][gc,age       ] GC(21) - age   2:    3191400 bytes,    6179200 total
[2019-12-08T11:33:43.004+0000][1][gc,heap      ] GC(21) ParNew: 78649K->7975K(78656K)
[2019-12-08T11:33:43.005+0000][1][gc,heap      ] GC(21) CMS: 59896K->63954K(174784K)
[2019-12-08T11:33:43.005+0000][1][gc,metaspace ] GC(21) Metaspace: 67075K->67075K(1110016K)
[2019-12-08T11:33:43.005+0000][1][gc           ] GC(21) Pause Young (Allocation Failure) 135M->70M(247M) 144.568ms
[2019-12-08T11:33:43.005+0000][1][gc,cpu       ] GC(21) User=0.08s Sys=0.00s Real=0.15s
[2019-12-08T11:33:43.005+0000][1][safepoint    ] Leaving safepoint region
[2019-12-08T11:33:43.005+0000][1][safepoint    ] Total time for which application threads were stopped: 0.1447679 seconds, Stopping threads took: 0.0000216 seconds
[2019-12-08T11:33:43.151+0000][1][safepoint    ] Application time: 0.1468270 seconds
[2019-12-08T11:33:43.151+0000][1][safepoint    ] Entering safepoint region: Deoptimize
[2019-12-08T11:33:43.152+0000][1][safepoint    ] Leaving safepoint region
[2019-12-08T11:33:43.152+0000][1][safepoint    ] Total time for which application threads were stopped: 0.0007530 seconds, Stopping threads took: 0.0000215 seconds
[2019-12-08T11:33:43.395+0000][1][safepoint    ] Application time: 0.2428207 seconds
[2019-12-08T11:33:43.395+0000][1][safepoint    ] Entering safepoint region: BulkRevokeBias
[2019-12-08T11:33:43.396+0000][1][safepoint    ] Leaving safepoint region
[2019-12-08T11:33:43.396+0000][1][safepoint    ] Total time for which application threads were stopped: 0.0005120 seconds, Stopping threads took: 0.0000215 seconds
[2019-12-08T11:33:43.396+0000][1][safepoint    ] Application time: 0.0000976 seconds
[2019-12-08T11:33:43.396+0000][1][safepoint    ] Entering safepoint region: RevokeBias
[2019-12-08T11:33:43.396+0000][1][safepoint    ] Leaving safepoint region
[2019-12-08T11:33:43.396+0000][1][safepoint    ] Total time for which application threads were stopped: 0.0000704 seconds, Stopping threads took: 0.0000119 seconds
[2019-12-08T11:33:43.415+0000][1][safepoint    ] Application time: 0.0189006 seconds
[2019-12-08T11:33:43.415+0000][1][safepoint    ] Entering safepoint region: RevokeBias
[2019-12-08T11:33:43.415+0000][1][safepoint    ] Leaving safepoint region
[2019-12-08T11:33:43.415+0000][1][safepoint    ] Total time for which application threads were stopped: 0.0000856 seconds, Stopping threads took: 0.0000195 seconds
[2019-12-08T11:33:43.416+0000][1][safepoint    ] Application time: 0.0013256 seconds
[2019-12-08T11:33:43.416+0000][1][safepoint    ] Entering safepoint region: BulkRevokeBias
[2019-12-08T11:33:43.417+0000][1][safepoint    ] Leaving safepoint region
[2019-12-08T11:33:43.417+0000][1][safepoint    ] Total time for which application threads were stopped: 0.0003641 seconds, Stopping threads took: 0.0000183 seconds
[2019-12-08T11:33:43.417+0000][1][safepoint    ] Application time: 0.0002780 seconds
[2019-12-08T11:33:43.417+0000][1][safepoint    ] Entering safepoint region: RevokeBias
[2019-12-08T11:33:43.417+0000][1][safepoint    ] Leaving safepoint region
[2019-12-08T11:33:43.417+0000][1][safepoint    ] Total time for which application threads were stopped: 0.0000711 seconds, Stopping threads took: 0.0000151 seconds
[2019-12-08T11:33:43.553+0000][1][safepoint    ] Application time: 0.1358594 seconds
[2019-12-08T11:33:43.553+0000][1][safepoint    ] Entering safepoint region: RevokeBias
[2019-12-08T11:33:43.553+0000][1][safepoint    ] Leaving safepoint region
[2019-12-08T11:33:43.553+0000][1][safepoint    ] Total time for which application threads were stopped: 0.0001297 seconds, Stopping threads took: 0.0000198 seconds
[2019-12-08T11:33:43.553+0000][1][safepoint    ] Application time: 0.0002336 seconds
[2019-12-08T11:33:43.553+0000][1][safepoint    ] Entering safepoint region: RevokeBias
[2019-12-08T11:33:43.553+0000][1][safepoint    ] Leaving safepoint region
[2019-12-08T11:33:43.553+0000][1][safepoint    ] Total time for which application threads were stopped: 0.0000780 seconds, Stopping threads took: 0.0000143 seconds
[2019-12-08T11:33:43.555+0000][1][safepoint    ] Application time: 0.0017557 seconds
[2019-12-08T11:33:43.555+0000][1][safepoint    ] Entering safepoint region: RevokeBias
[2019-12-08T11:33:43.555+0000][1][safepoint    ] Leaving safepoint region
[2019-12-08T11:33:43.555+0000][1][safepoint    ] Total time for which application threads were stopped: 0.0000699 seconds, Stopping threads took: 0.0000161 seconds
[2019-12-08T11:33:43.555+0000][1][safepoint    ] Application time: 0.0000603 seconds
[2019-12-08T11:33:43.555+0000][1][safepoint    ] Entering safepoint region: RevokeBias
[2019-12-08T11:33:43.555+0000][1][safepoint    ] Leaving safepoint region
[2019-12-08T11:33:43.555+0000][1][safepoint    ] Total time for which application threads were stopped: 0.0000494 seconds, Stopping threads took: 0.0000102 seconds
[2019-12-08T11:33:43.555+0000][1][safepoint    ] Application time: 0.0000535 seconds
[2019-12-08T11:33:43.555+0000][1][safepoint    ] Entering safepoint region: RevokeBias
[2019-12-08T11:33:43.555+0000][1][safepoint    ] Leaving safepoint region
[2019-12-08T11:33:43.555+0000][1][safepoint    ] Total time for which application threads were stopped: 0.0000489 seconds, Stopping threads took: 0.0000096 seconds
[2019-12-08T11:33:43.555+0000][1][safepoint    ] Application time: 0.0000524 seconds
[2019-12-08T11:33:43.555+0000][1][safepoint    ] Entering safepoint region: RevokeBias
[2019-12-08T11:33:43.555+0000][1][safepoint    ] Leaving safepoint region
[2019-12-08T11:33:43.555+0000][1][safepoint    ] Total time for which application threads were stopped: 0.0000491 seconds, Stopping threads took: 0.0000101 seconds
[2019-12-08T11:33:43.556+0000][1][safepoint    ] Application time: 0.0000507 seconds
[2019-12-08T11:33:43.556+0000][1][safepoint    ] Entering safepoint region: RevokeBias
[2019-12-08T11:33:43.556+0000][1][safepoint    ] Leaving safepoint region
[2019-12-08T11:33:43.556+0000][1][safepoint    ] Total time for which application threads were stopped: 0.0000472 seconds, Stopping threads took: 0.0000093 seconds
[2019-12-08T11:33:43.556+0000][1][safepoint    ] Application time: 0.0000521 seconds
[2019-12-08T11:33:43.556+0000][1][safepoint    ] Entering safepoint region: RevokeBias
[2019-12-08T11:33:43.556+0000][1][safepoint    ] Leaving safepoint region
[2019-12-08T11:33:43.556+0000][1][safepoint    ] Total time for which application threads were stopped: 0.0000752 seconds, Stopping threads took: 0.0000390 seconds
[2019-12-08T11:33:43.556+0000][1][safepoint    ] Application time: 0.0000522 seconds
[2019-12-08T11:33:43.556+0000][1][safepoint    ] Entering safepoint region: RevokeBias
[2019-12-08T11:33:43.556+0000][1][safepoint    ] Leaving safepoint region
[2019-12-08T11:33:43.556+0000][1][safepoint    ] Total time for which application threads were stopped: 0.0000508 seconds, Stopping threads took: 0.0000087 seconds
[2019-12-08T11:33:43.556+0000][1][safepoint    ] Application time: 0.0000419 seconds
[2019-12-08T11:33:43.556+0000][1][safepoint    ] Entering safepoint region: RevokeBias
[2019-12-08T11:33:43.556+0000][1][safepoint    ] Leaving safepoint region
[2019-12-08T11:33:43.556+0000][1][safepoint    ] Total time for which application threads were stopped: 0.0000374 seconds, Stopping threads took: 0.0000076 seconds
[2019-12-08T11:33:43.611+0000][1][safepoint    ] Application time: 0.0551425 seconds
[2019-12-08T11:33:43.611+0000][1][safepoint    ] Entering safepoint region: RevokeBias
[2019-12-08T11:33:43.611+0000][1][safepoint    ] Leaving safepoint region
[2019-12-08T11:33:43.611+0000][1][safepoint    ] Total time for which application threads were stopped: 0.0001208 seconds, Stopping threads took: 0.0000255 seconds
[2019-12-08T11:33:43.648+0000][1][safepoint    ] Application time: 0.0366072 seconds
[2019-12-08T11:33:43.648+0000][1][safepoint    ] Entering safepoint region: RevokeBias
[2019-12-08T11:33:43.648+0000][1][safepoint    ] Leaving safepoint region
[2019-12-08T11:33:43.648+0000][1][safepoint    ] Total time for which application threads were stopped: 0.0001126 seconds, Stopping threads took: 0.0000200 seconds
[2019-12-08T11:33:43.649+0000][1][safepoint    ] Application time: 0.0009744 seconds
[2019-12-08T11:33:43.649+0000][1][safepoint    ] Entering safepoint region: RevokeBias
[2019-12-08T11:33:43.649+0000][1][safepoint    ] Leaving safepoint region
[2019-12-08T11:33:43.649+0000][1][safepoint    ] Total time for which application threads were stopped: 0.0000986 seconds, Stopping threads took: 0.0000215 seconds
[2019-12-08T11:33:44.653+0000][1][safepoint    ] Application time: 1.0035802 seconds
[2019-12-08T11:33:44.653+0000][1][safepoint    ] Entering safepoint region: Cleanup
[2019-12-08T11:33:44.653+0000][1][safepoint    ] Leaving safepoint region
[2019-12-08T11:33:44.653+0000][1][safepoint    ] Total time for which application threads were stopped: 0.0001154 seconds, Stopping threads took: 0.0000266 seconds
[2019-12-08T11:33:45.170+0000][1][safepoint    ] Application time: 0.5169006 seconds
[2019-12-08T11:33:45.170+0000][1][safepoint    ] Entering safepoint region: RevokeBias
[2019-12-08T11:33:45.170+0000][1][safepoint    ] Leaving safepoint region
[2019-12-08T11:33:45.170+0000][1][safepoint    ] Total time for which application threads were stopped: 0.0001221 seconds, Stopping threads took: 0.0000242 seconds
[2019-12-08T11:33:45.170+0000][1][safepoint    ] Application time: 0.0001330 seconds
[2019-12-08T11:33:45.170+0000][1][safepoint    ] Entering safepoint region: RevokeBias
[2019-12-08T11:33:45.170+0000][1][safepoint    ] Leaving safepoint region
[2019-12-08T11:33:45.170+0000][1][safepoint    ] Total time for which application threads were stopped: 0.0000691 seconds, Stopping threads took: 0.0000108 seconds
[2019-12-08T11:33:45.171+0000][1][safepoint    ] Application time: 0.0005872 seconds
[2019-12-08T11:33:45.171+0000][1][safepoint    ] Entering safepoint region: RevokeBias
[2019-12-08T11:33:45.171+0000][1][safepoint    ] Leaving safepoint region
[2019-12-08T11:33:45.171+0000][1][safepoint    ] Total time for which application threads were stopped: 0.0000766 seconds, Stopping threads took: 0.0000177 seconds
[2019-12-08T11:33:46.171+0000][1][safepoint    ] Application time: 1.0000951 seconds
[2019-12-08T11:33:46.171+0000][1][safepoint    ] Entering safepoint region: Cleanup
[2019-12-08T11:33:46.171+0000][1][safepoint    ] Leaving safepoint region
[2019-12-08T11:33:46.171+0000][1][safepoint    ] Total time for which application threads were stopped: 0.0001168 seconds, Stopping threads took: 0.0000243 seconds
[2019-12-08T11:33:47.171+0000][1][safepoint    ] Application time: 1.0000840 seconds
[2019-12-08T11:33:47.171+0000][1][safepoint    ] Entering safepoint region: Cleanup
[2019-12-08T11:33:47.171+0000][1][safepoint    ] Leaving safepoint region
[2019-12-08T11:33:47.171+0000][1][safepoint    ] Total time for which application threads were stopped: 0.0001082 seconds, Stopping threads took: 0.0000231 seconds
[2019-12-08T11:33:48.173+0000][1][safepoint    ] Application time: 1.0013454 seconds
[2019-12-08T11:33:48.173+0000][1][safepoint    ] Entering safepoint region: Cleanup
[2019-12-08T11:33:48.173+0000][1][safepoint    ] Leaving safepoint region
[2019-12-08T11:33:48.173+0000][1][safepoint    ] Total time for which application threads were stopped: 0.0001204 seconds, Stopping threads took: 0.0000268 seconds
[2019-12-08T11:33:49.173+0000][1][safepoint    ] Application time: 1.0000890 seconds
[2019-12-08T11:33:49.173+0000][1][safepoint    ] Entering safepoint region: Cleanup
[2019-12-08T11:33:49.173+0000][1][safepoint    ] Leaving safepoint region
[2019-12-08T11:33:49.173+0000][1][safepoint    ] Total time for which application threads were stopped: 0.0001336 seconds, Stopping threads took: 0.0000305 seconds
[2019-12-08T11:33:50.173+0000][1][safepoint    ] Application time: 1.0000995 seconds
[2019-12-08T11:33:50.173+0000][1][safepoint    ] Entering safepoint region: Cleanup
[2019-12-08T11:33:50.173+0000][1][safepoint    ] Leaving safepoint region
[2019-12-08T11:33:50.173+0000][1][safepoint    ] Total time for which application threads were stopped: 0.0001377 seconds, Stopping threads took: 0.0000270 seconds
[2019-12-08T11:33:51.174+0000][1][safepoint    ] Application time: 1.0001346 seconds
[2019-12-08T11:33:51.174+0000][1][safepoint    ] Entering safepoint region: Cleanup
[2019-12-08T11:33:51.174+0000][1][safepoint    ] Leaving safepoint region
[2019-12-08T11:33:51.174+0000][1][safepoint    ] Total time for which application threads were stopped: 0.0001338 seconds, Stopping threads took: 0.0000253 seconds
[2019-12-08T11:33:52.175+0000][1][safepoint    ] Application time: 1.0009599 seconds
[2019-12-08T11:33:52.175+0000][1][safepoint    ] Entering safepoint region: Cleanup
[2019-12-08T11:33:52.175+0000][1][safepoint    ] Leaving safepoint region
[2019-12-08T11:33:52.175+0000][1][safepoint    ] Total time for which application threads were stopped: 0.0001260 seconds, Stopping threads took: 0.0000334 seconds
[2019-12-08T11:33:53.176+0000][1][safepoint    ] Application time: 1.0008145 seconds
[2019-12-08T11:33:53.176+0000][1][safepoint    ] Entering safepoint region: Cleanup
[2019-12-08T11:33:53.176+0000][1][safepoint    ] Leaving safepoint region
[2019-12-08T11:33:53.176+0000][1][safepoint    ] Total time for which application threads were stopped: 0.0001103 seconds, Stopping threads took: 0.0000246 seconds
[2019-12-08T11:33:54.177+0000][1][safepoint    ] Application time: 1.0008412 seconds
[2019-12-08T11:33:54.177+0000][1][safepoint    ] Entering safepoint region: Cleanup
[2019-12-08T11:33:54.177+0000][1][safepoint    ] Leaving safepoint region
[2019-12-08T11:33:54.177+0000][1][safepoint    ] Total time for which application threads were stopped: 0.0001226 seconds, Stopping threads took: 0.0000267 seconds
[2019-12-08T11:33:55.178+0000][1][safepoint    ] Application time: 1.0008207 seconds
[2019-12-08T11:33:55.178+0000][1][safepoint    ] Entering safepoint region: Cleanup
[2019-12-08T11:33:55.178+0000][1][safepoint    ] Leaving safepoint region
[2019-12-08T11:33:55.178+0000][1][safepoint    ] Total time for which application threads were stopped: 0.0001322 seconds, Stopping threads took: 0.0000279 seconds
[2019-12-08T11:33:56.181+0000][1][safepoint    ] Application time: 1.0028037 seconds
[2019-12-08T11:33:56.181+0000][1][safepoint    ] Entering safepoint region: Cleanup
[2019-12-08T11:33:56.181+0000][1][safepoint    ] Leaving safepoint region
[2019-12-08T11:33:56.181+0000][1][safepoint    ] Total time for which application threads were stopped: 0.0001210 seconds, Stopping threads took: 0.0000257 seconds
[2019-12-08T11:33:57.182+0000][1][safepoint    ] Application time: 1.0008253 seconds
[2019-12-08T11:33:57.182+0000][1][safepoint    ] Entering safepoint region: Cleanup
[2019-12-08T11:33:57.182+0000][1][safepoint    ] Leaving safepoint region
[2019-12-08T11:33:57.182+0000][1][safepoint    ] Total time for which application threads were stopped: 0.0001210 seconds, Stopping threads took: 0.0000261 seconds
[2019-12-08T11:33:58.182+0000][1][safepoint    ] Application time: 1.0001805 seconds
[2019-12-08T11:33:58.182+0000][1][safepoint    ] Entering safepoint region: Cleanup
[2019-12-08T11:33:58.182+0000][1][safepoint    ] Leaving safepoint region
[2019-12-08T11:33:58.182+0000][1][safepoint    ] Total time for which application threads were stopped: 0.0001093 seconds, Stopping threads took: 0.0000257 seconds
[2019-12-08T11:33:59.182+0000][1][safepoint    ] Application time: 1.0000778 seconds
[2019-12-08T11:33:59.182+0000][1][safepoint    ] Entering safepoint region: Cleanup
[2019-12-08T11:33:59.182+0000][1][safepoint    ] Leaving safepoint region
[2019-12-08T11:33:59.182+0000][1][safepoint    ] Total time for which application threads were stopped: 0.0000981 seconds, Stopping threads took: 0.0000165 seconds
[2019-12-08T11:34:00.183+0000][1][safepoint    ] Application time: 1.0000766 seconds
[2019-12-08T11:34:00.183+0000][1][safepoint    ] Entering safepoint region: Cleanup
[2019-12-08T11:34:00.183+0000][1][safepoint    ] Leaving safepoint region
[2019-12-08T11:34:00.183+0000][1][safepoint    ] Total time for which application threads were stopped: 0.0000882 seconds, Stopping threads took: 0.0000183 seconds
[2019-12-08T11:34:01.183+0000][1][safepoint    ] Application time: 1.0000848 seconds
[2019-12-08T11:34:01.183+0000][1][safepoint    ] Entering safepoint region: Cleanup
[2019-12-08T11:34:01.183+0000][1][safepoint    ] Leaving safepoint region
[2019-12-08T11:34:01.183+0000][1][safepoint    ] Total time for which application threads were stopped: 0.0001499 seconds, Stopping threads took: 0.0000301 seconds
[2019-12-08T11:34:02.186+0000][1][safepoint    ] Application time: 1.0025855 seconds
[2019-12-08T11:34:02.186+0000][1][safepoint    ] Entering safepoint region: Cleanup
[2019-12-08T11:34:02.186+0000][1][safepoint    ] Leaving safepoint region
[2019-12-08T11:34:02.186+0000][1][safepoint    ] Total time for which application threads were stopped: 0.0001214 seconds, Stopping threads took: 0.0000329 seconds
[2019-12-08T11:34:03.186+0000][1][safepoint    ] Application time: 1.0000892 seconds
[2019-12-08T11:34:03.186+0000][1][safepoint    ] Entering safepoint region: Cleanup
[2019-12-08T11:34:03.186+0000][1][safepoint    ] Leaving safepoint region
[2019-12-08T11:34:03.186+0000][1][safepoint    ] Total time for which application threads were stopped: 0.0001237 seconds, Stopping threads took: 0.0000365 seconds
[2019-12-08T11:34:04.186+0000][1][safepoint    ] Application time: 1.0000874 seconds
[2019-12-08T11:34:04.186+0000][1][safepoint    ] Entering safepoint region: Cleanup
[2019-12-08T11:34:04.186+0000][1][safepoint    ] Leaving safepoint region
[2019-12-08T11:34:04.186+0000][1][safepoint    ] Total time for which application threads were stopped: 0.0001097 seconds, Stopping threads took: 0.0000242 seconds
[2019-12-08T11:34:05.186+0000][1][safepoint    ] Application time: 1.0000818 seconds
[2019-12-08T11:34:05.186+0000][1][safepoint    ] Entering safepoint region: Cleanup
[2019-12-08T11:34:05.186+0000][1][safepoint    ] Leaving safepoint region
[2019-12-08T11:34:05.186+0000][1][safepoint    ] Total time for which application threads were stopped: 0.0000823 seconds, Stopping threads took: 0.0000180 seconds
[2019-12-08T11:34:06.187+0000][1][safepoint    ] Application time: 1.0000850 seconds
[2019-12-08T11:34:06.187+0000][1][safepoint    ] Entering safepoint region: Cleanup
[2019-12-08T11:34:06.187+0000][1][safepoint    ] Leaving safepoint region
[2019-12-08T11:34:06.187+0000][1][safepoint    ] Total time for which application threads were stopped: 0.0000952 seconds, Stopping threads took: 0.0000177 seconds
[2019-12-08T11:34:07.187+0000][1][safepoint    ] Application time: 1.0000828 seconds
[2019-12-08T11:34:07.187+0000][1][safepoint    ] Entering safepoint region: Cleanup
[2019-12-08T11:34:07.187+0000][1][safepoint    ] Leaving safepoint region
[2019-12-08T11:34:07.187+0000][1][safepoint    ] Total time for which application threads were stopped: 0.0000870 seconds, Stopping threads took: 0.0000195 seconds
[2019-12-08T11:34:08.187+0000][1][safepoint    ] Application time: 1.0000853 seconds
[2019-12-08T11:34:08.187+0000][1][safepoint    ] Entering safepoint region: Cleanup
[2019-12-08T11:34:08.187+0000][1][safepoint    ] Leaving safepoint region
[2019-12-08T11:34:08.187+0000][1][safepoint    ] Total time for which application threads were stopped: 0.0000881 seconds, Stopping threads took: 0.0000213 seconds
[2019-12-08T11:34:09.187+0000][1][safepoint    ] Application time: 1.0000786 seconds
[2019-12-08T11:34:09.187+0000][1][safepoint    ] Entering safepoint region: Cleanup
[2019-12-08T11:34:09.187+0000][1][safepoint    ] Leaving safepoint region
[2019-12-08T11:34:09.187+0000][1][safepoint    ] Total time for which application threads were stopped: 0.0000933 seconds, Stopping threads took: 0.0000203 seconds
[2019-12-08T11:34:10.187+0000][1][safepoint    ] Application time: 1.0000786 seconds
[2019-12-08T11:34:10.187+0000][1][safepoint    ] Entering safepoint region: Cleanup
[2019-12-08T11:34:10.187+0000][1][safepoint    ] Leaving safepoint region
[2019-12-08T11:34:10.187+0000][1][safepoint    ] Total time for which application threads were stopped: 0.0000904 seconds, Stopping threads took: 0.0000188 seconds
[2019-12-08T11:34:11.188+0000][1][safepoint    ] Application time: 1.0000819 seconds
[2019-12-08T11:34:11.188+0000][1][safepoint    ] Entering safepoint region: Cleanup
[2019-12-08T11:34:11.188+0000][1][safepoint    ] Leaving safepoint region
[2019-12-08T11:34:11.188+0000][1][safepoint    ] Total time for which application threads were stopped: 0.0001057 seconds, Stopping threads took: 0.0000195 seconds
[2019-12-08T11:34:12.188+0000][1][safepoint    ] Application time: 1.0000813 seconds
[2019-12-08T11:34:12.188+0000][1][safepoint    ] Entering safepoint region: Cleanup
[2019-12-08T11:34:12.188+0000][1][safepoint    ] Leaving safepoint region
[2019-12-08T11:34:12.188+0000][1][safepoint    ] Total time for which application threads were stopped: 0.0001020 seconds, Stopping threads took: 0.0000294 seconds
[2019-12-08T11:34:13.188+0000][1][safepoint    ] Application time: 1.0000794 seconds
[2019-12-08T11:34:13.188+0000][1][safepoint    ] Entering safepoint region: Cleanup
[2019-12-08T11:34:13.188+0000][1][safepoint    ] Leaving safepoint region
[2019-12-08T11:34:13.188+0000][1][safepoint    ] Total time for which application threads were stopped: 0.0000894 seconds, Stopping threads took: 0.0000191 seconds
[2019-12-08T11:34:14.188+0000][1][safepoint    ] Application time: 1.0000835 seconds
[2019-12-08T11:34:14.188+0000][1][safepoint    ] Entering safepoint region: Cleanup
[2019-12-08T11:34:14.188+0000][1][safepoint    ] Leaving safepoint region
[2019-12-08T11:34:14.188+0000][1][safepoint    ] Total time for which application threads were stopped: 0.0000843 seconds, Stopping threads took: 0.0000189 seconds
[2019-12-08T11:34:15.188+0000][1][safepoint    ] Application time: 1.0000910 seconds
[2019-12-08T11:34:15.189+0000][1][safepoint    ] Entering safepoint region: Cleanup
[2019-12-08T11:34:15.189+0000][1][safepoint    ] Leaving safepoint region
[2019-12-08T11:34:15.189+0000][1][safepoint    ] Total time for which application threads were stopped: 0.0000884 seconds, Stopping threads took: 0.0000199 seconds
[2019-12-08T11:34:16.189+0000][1][safepoint    ] Application time: 1.0000999 seconds
[2019-12-08T11:34:16.189+0000][1][safepoint    ] Entering safepoint region: Cleanup
[2019-12-08T11:34:16.189+0000][1][safepoint    ] Leaving safepoint region
[2019-12-08T11:34:16.189+0000][1][safepoint    ] Total time for which application threads were stopped: 0.0001015 seconds, Stopping threads took: 0.0000192 seconds
[2019-12-08T11:34:17.189+0000][1][safepoint    ] Application time: 1.0000790 seconds
[2019-12-08T11:34:17.189+0000][1][safepoint    ] Entering safepoint region: Cleanup
[2019-12-08T11:34:17.189+0000][1][safepoint    ] Leaving safepoint region
[2019-12-08T11:34:17.189+0000][1][safepoint    ] Total time for which application threads were stopped: 0.0000869 seconds, Stopping threads took: 0.0000170 seconds
[2019-12-08T11:34:18.189+0000][1][safepoint    ] Application time: 1.0000782 seconds
[2019-12-08T11:34:18.189+0000][1][safepoint    ] Entering safepoint region: Cleanup
[2019-12-08T11:34:18.189+0000][1][safepoint    ] Leaving safepoint region
[2019-12-08T11:34:18.189+0000][1][safepoint    ] Total time for which application threads were stopped: 0.0000903 seconds, Stopping threads took: 0.0000198 seconds
[2019-12-08T11:34:19.189+0000][1][safepoint    ] Application time: 1.0000802 seconds
[2019-12-08T11:34:19.189+0000][1][safepoint    ] Entering safepoint region: Cleanup
[2019-12-08T11:34:19.189+0000][1][safepoint    ] Leaving safepoint region
[2019-12-08T11:34:19.189+0000][1][safepoint    ] Total time for which application threads were stopped: 0.0000862 seconds, Stopping threads took: 0.0000190 seconds
[2019-12-08T11:34:20.190+0000][1][safepoint    ] Application time: 1.0000804 seconds
[2019-12-08T11:34:20.190+0000][1][safepoint    ] Entering safepoint region: Cleanup
[2019-12-08T11:34:20.190+0000][1][safepoint    ] Leaving safepoint region
[2019-12-08T11:34:20.190+0000][1][safepoint    ] Total time for which application threads were stopped: 0.0000840 seconds, Stopping threads took: 0.0000182 seconds
[2019-12-08T11:34:21.190+0000][1][safepoint    ] Application time: 1.0000867 seconds
[2019-12-08T11:34:21.190+0000][1][safepoint    ] Entering safepoint region: Cleanup
[2019-12-08T11:34:21.190+0000][1][safepoint    ] Leaving safepoint region
[2019-12-08T11:34:21.190+0000][1][safepoint    ] Total time for which application threads were stopped: 0.0000870 seconds, Stopping threads took: 0.0000176 seconds
[2019-12-08T11:34:22.190+0000][1][safepoint    ] Application time: 1.0000761 seconds
[2019-12-08T11:34:22.190+0000][1][safepoint    ] Entering safepoint region: Cleanup
[2019-12-08T11:34:22.190+0000][1][safepoint    ] Leaving safepoint region
[2019-12-08T11:34:22.190+0000][1][safepoint    ] Total time for which application threads were stopped: 0.0000898 seconds, Stopping threads took: 0.0000160 seconds
[2019-12-08T11:34:23.190+0000][1][safepoint    ] Application time: 1.0000779 seconds
[2019-12-08T11:34:23.190+0000][1][safepoint    ] Entering safepoint region: Cleanup
[2019-12-08T11:34:23.190+0000][1][safepoint    ] Leaving safepoint region
[2019-12-08T11:34:23.190+0000][1][safepoint    ] Total time for which application threads were stopped: 0.0000903 seconds, Stopping threads took: 0.0000174 seconds
[2019-12-08T11:34:24.190+0000][1][safepoint    ] Application time: 1.0000782 seconds
[2019-12-08T11:34:24.190+0000][1][safepoint    ] Entering safepoint region: Cleanup
[2019-12-08T11:34:24.191+0000][1][safepoint    ] Leaving safepoint region
[2019-12-08T11:34:24.191+0000][1][safepoint    ] Total time for which application threads were stopped: 0.0000877 seconds, Stopping threads took: 0.0000197 seconds
[2019-12-08T11:34:25.191+0000][1][safepoint    ] Application time: 1.0000820 seconds
[2019-12-08T11:34:25.191+0000][1][safepoint    ] Entering safepoint region: Cleanup
[2019-12-08T11:34:25.191+0000][1][safepoint    ] Leaving safepoint region
[2019-12-08T11:34:25.191+0000][1][safepoint    ] Total time for which application threads were stopped: 0.0001013 seconds, Stopping threads took: 0.0000230 seconds
[2019-12-08T11:34:26.191+0000][1][safepoint    ] Application time: 1.0000828 seconds
[2019-12-08T11:34:26.191+0000][1][safepoint    ] Entering safepoint region: Cleanup
[2019-12-08T11:34:26.191+0000][1][safepoint    ] Leaving safepoint region
[2019-12-08T11:34:26.191+0000][1][safepoint    ] Total time for which application threads were stopped: 0.0000865 seconds, Stopping threads took: 0.0000201 seconds
[2019-12-08T11:34:27.191+0000][1][safepoint    ] Application time: 1.0000797 seconds
[2019-12-08T11:34:27.191+0000][1][safepoint    ] Entering safepoint region: Cleanup
[2019-12-08T11:34:27.191+0000][1][safepoint    ] Leaving safepoint region
[2019-12-08T11:34:27.191+0000][1][safepoint    ] Total time for which application threads were stopped: 0.0000907 seconds, Stopping threads took: 0.0000172 seconds
[2019-12-08T11:34:28.191+0000][1][safepoint    ] Application time: 1.0000888 seconds
[2019-12-08T11:34:28.191+0000][1][safepoint    ] Entering safepoint region: Cleanup
[2019-12-08T11:34:28.191+0000][1][safepoint    ] Leaving safepoint region
[2019-12-08T11:34:28.191+0000][1][safepoint    ] Total time for which application threads were stopped: 0.0000908 seconds, Stopping threads took: 0.0000194 seconds
[2019-12-08T11:34:29.191+0000][1][safepoint    ] Application time: 1.0000791 seconds
[2019-12-08T11:34:29.192+0000][1][safepoint    ] Entering safepoint region: Cleanup
[2019-12-08T11:34:29.192+0000][1][safepoint    ] Leaving safepoint region
[2019-12-08T11:34:29.192+0000][1][safepoint    ] Total time for which application threads were stopped: 0.0000917 seconds, Stopping threads took: 0.0000217 seconds
[2019-12-08T11:34:30.192+0000][1][safepoint    ] Application time: 1.0000766 seconds
[2019-12-08T11:34:30.192+0000][1][safepoint    ] Entering safepoint region: Cleanup
[2019-12-08T11:34:30.192+0000][1][safepoint    ] Leaving safepoint region
[2019-12-08T11:34:30.192+0000][1][safepoint    ] Total time for which application threads were stopped: 0.0000848 seconds, Stopping threads took: 0.0000165 seconds
[2019-12-08T11:34:31.192+0000][1][safepoint    ] Application time: 1.0000809 seconds
[2019-12-08T11:34:31.192+0000][1][safepoint    ] Entering safepoint region: Cleanup
[2019-12-08T11:34:31.192+0000][1][safepoint    ] Leaving safepoint region
[2019-12-08T11:34:31.192+0000][1][safepoint    ] Total time for which application threads were stopped: 0.0000897 seconds, Stopping threads took: 0.0000194 seconds
[2019-12-08T11:34:32.192+0000][1][safepoint    ] Application time: 1.0000811 seconds
[2019-12-08T11:34:32.192+0000][1][safepoint    ] Entering safepoint region: Cleanup
[2019-12-08T11:34:32.192+0000][1][safepoint    ] Leaving safepoint region
[2019-12-08T11:34:32.192+0000][1][safepoint    ] Total time for which application threads were stopped: 0.0000868 seconds, Stopping threads took: 0.0000194 seconds
[2019-12-08T11:34:33.192+0000][1][safepoint    ] Application time: 1.0000802 seconds
[2019-12-08T11:34:33.192+0000][1][safepoint    ] Entering safepoint region: Cleanup
[2019-12-08T11:34:33.192+0000][1][safepoint    ] Leaving safepoint region
[2019-12-08T11:34:33.192+0000][1][safepoint    ] Total time for which application threads were stopped: 0.0000864 seconds, Stopping threads took: 0.0000183 seconds
[2019-12-08T11:34:34.193+0000][1][safepoint    ] Application time: 1.0000794 seconds
[2019-12-08T11:34:34.193+0000][1][safepoint    ] Entering safepoint region: Cleanup
[2019-12-08T11:34:34.193+0000][1][safepoint    ] Leaving safepoint region
[2019-12-08T11:34:34.193+0000][1][safepoint    ] Total time for which application threads were stopped: 0.0000936 seconds, Stopping threads took: 0.0000190 seconds
[2019-12-08T11:34:35.193+0000][1][safepoint    ] Application time: 1.0000792 seconds
[2019-12-08T11:34:35.193+0000][1][safepoint    ] Entering safepoint region: Cleanup
[2019-12-08T11:34:35.193+0000][1][safepoint    ] Leaving safepoint region
[2019-12-08T11:34:35.193+0000][1][safepoint    ] Total time for which application threads were stopped: 0.0000908 seconds, Stopping threads took: 0.0000227 seconds
[2019-12-08T11:34:36.193+0000][1][safepoint    ] Application time: 1.0000798 seconds
[2019-12-08T11:34:36.193+0000][1][safepoint    ] Entering safepoint region: Cleanup
[2019-12-08T11:34:36.193+0000][1][safepoint    ] Leaving safepoint region
[2019-12-08T11:34:36.193+0000][1][safepoint    ] Total time for which application threads were stopped: 0.0000926 seconds, Stopping threads took: 0.0000195 seconds
[2019-12-08T11:34:37.193+0000][1][safepoint    ] Application time: 1.0000938 seconds
[2019-12-08T11:34:37.193+0000][1][safepoint    ] Entering safepoint region: Cleanup
[2019-12-08T11:34:37.193+0000][1][safepoint    ] Leaving safepoint region
[2019-12-08T11:34:37.193+0000][1][safepoint    ] Total time for which application threads were stopped: 0.0000962 seconds, Stopping threads took: 0.0000201 seconds
[2019-12-08T11:34:38.193+0000][1][safepoint    ] Application time: 1.0000790 seconds
[2019-12-08T11:34:38.193+0000][1][safepoint    ] Entering safepoint region: Cleanup
[2019-12-08T11:34:38.194+0000][1][safepoint    ] Leaving safepoint region
[2019-12-08T11:34:38.194+0000][1][safepoint    ] Total time for which application threads were stopped: 0.0000897 seconds, Stopping threads took: 0.0000207 seconds
[2019-12-08T11:34:39.194+0000][1][safepoint    ] Application time: 1.0000777 seconds
[2019-12-08T11:34:39.194+0000][1][safepoint    ] Entering safepoint region: Cleanup
[2019-12-08T11:34:39.194+0000][1][safepoint    ] Leaving safepoint region
[2019-12-08T11:34:39.194+0000][1][safepoint    ] Total time for which application threads were stopped: 0.0000936 seconds, Stopping threads took: 0.0000181 seconds
[2019-12-08T11:34:40.194+0000][1][safepoint    ] Application time: 1.0000760 seconds
[2019-12-08T11:34:40.194+0000][1][safepoint    ] Entering safepoint region: Cleanup
[2019-12-08T11:34:40.194+0000][1][safepoint    ] Leaving safepoint region
[2019-12-08T11:34:40.194+0000][1][safepoint    ] Total time for which application threads were stopped: 0.0000897 seconds, Stopping threads took: 0.0000189 seconds
[2019-12-08T11:34:41.194+0000][1][safepoint    ] Application time: 1.0000802 seconds
[2019-12-08T11:34:41.194+0000][1][safepoint    ] Entering safepoint region: Cleanup
[2019-12-08T11:34:41.194+0000][1][safepoint    ] Leaving safepoint region
[2019-12-08T11:34:41.194+0000][1][safepoint    ] Total time for which application threads were stopped: 0.0000920 seconds, Stopping threads took: 0.0000182 seconds
[2019-12-08T11:34:42.194+0000][1][safepoint    ] Application time: 1.0000833 seconds
[2019-12-08T11:34:42.194+0000][1][safepoint    ] Entering safepoint region: Cleanup
[2019-12-08T11:34:42.194+0000][1][safepoint    ] Leaving safepoint region
[2019-12-08T11:34:42.194+0000][1][safepoint    ] Total time for which application threads were stopped: 0.0000892 seconds, Stopping threads took: 0.0000181 seconds
[2019-12-08T11:34:43.194+0000][1][safepoint    ] Application time: 1.0000789 seconds
[2019-12-08T11:34:43.195+0000][1][safepoint    ] Entering safepoint region: Cleanup
[2019-12-08T11:34:43.195+0000][1][safepoint    ] Leaving safepoint region
[2019-12-08T11:34:43.195+0000][1][safepoint    ] Total time for which application threads were stopped: 0.0000854 seconds, Stopping threads took: 0.0000167 seconds
[2019-12-08T11:34:45.195+0000][1][safepoint    ] Application time: 2.0001751 seconds
[2019-12-08T11:34:45.195+0000][1][safepoint    ] Entering safepoint region: Cleanup
[2019-12-08T11:34:45.195+0000][1][safepoint    ] Leaving safepoint region
[2019-12-08T11:34:45.195+0000][1][safepoint    ] Total time for which application threads were stopped: 0.0000896 seconds, Stopping threads took: 0.0000216 seconds
[2019-12-08T11:34:48.195+0000][1][safepoint    ] Application time: 3.0002248 seconds
[2019-12-08T11:34:48.195+0000][1][safepoint    ] Entering safepoint region: Cleanup
[2019-12-08T11:34:48.195+0000][1][safepoint    ] Leaving safepoint region
[2019-12-08T11:34:48.195+0000][1][safepoint    ] Total time for which application threads were stopped: 0.0001213 seconds, Stopping threads took: 0.0000258 seconds
[2019-12-08T11:34:55.196+0000][1][safepoint    ] Application time: 7.0004763 seconds
[2019-12-08T11:34:55.196+0000][1][safepoint    ] Entering safepoint region: Cleanup
[2019-12-08T11:34:55.196+0000][1][safepoint    ] Leaving safepoint region
[2019-12-08T11:34:55.196+0000][1][safepoint    ] Total time for which application threads were stopped: 0.0000920 seconds, Stopping threads took: 0.0000241 seconds
[2019-12-08T11:34:57.196+0000][1][safepoint    ] Application time: 2.0001461 seconds
[2019-12-08T11:34:57.196+0000][1][safepoint    ] Entering safepoint region: Cleanup
[2019-12-08T11:34:57.196+0000][1][safepoint    ] Leaving safepoint region
[2019-12-08T11:34:57.196+0000][1][safepoint    ] Total time for which application threads were stopped: 0.0000870 seconds, Stopping threads took: 0.0000191 seconds
[2019-12-08T11:34:58.196+0000][1][safepoint    ] Application time: 1.0000772 seconds
[2019-12-08T11:34:58.196+0000][1][safepoint    ] Entering safepoint region: Cleanup
[2019-12-08T11:34:58.196+0000][1][safepoint    ] Leaving safepoint region
[2019-12-08T11:34:58.196+0000][1][safepoint    ] Total time for which application threads were stopped: 0.0000864 seconds, Stopping threads took: 0.0000186 seconds
[2019-12-08T11:34:59.196+0000][1][safepoint    ] Application time: 1.0000771 seconds
[2019-12-08T11:34:59.197+0000][1][safepoint    ] Entering safepoint region: Cleanup
[2019-12-08T11:34:59.197+0000][1][safepoint    ] Leaving safepoint region
[2019-12-08T11:34:59.197+0000][1][safepoint    ] Total time for which application threads were stopped: 0.0000804 seconds, Stopping threads took: 0.0000156 seconds
[2019-12-08T11:35:02.197+0000][1][safepoint    ] Application time: 3.0002112 seconds
[2019-12-08T11:35:02.197+0000][1][safepoint    ] Entering safepoint region: Cleanup
[2019-12-08T11:35:02.197+0000][1][safepoint    ] Leaving safepoint region
[2019-12-08T11:35:02.197+0000][1][safepoint    ] Total time for which application threads were stopped: 0.0000971 seconds, Stopping threads took: 0.0000231 seconds
[2019-12-08T11:35:03.197+0000][1][safepoint    ] Application time: 1.0000803 seconds
[2019-12-08T11:35:03.197+0000][1][safepoint    ] Entering safepoint region: Cleanup
[2019-12-08T11:35:03.197+0000][1][safepoint    ] Leaving safepoint region
[2019-12-08T11:35:03.197+0000][1][safepoint    ] Total time for which application threads were stopped: 0.0000902 seconds, Stopping threads took: 0.0000178 seconds
[2019-12-08T11:35:05.197+0000][1][safepoint    ] Application time: 2.0001471 seconds
[2019-12-08T11:35:05.197+0000][1][safepoint    ] Entering safepoint region: Cleanup
[2019-12-08T11:35:05.197+0000][1][safepoint    ] Leaving safepoint region
[2019-12-08T11:35:05.197+0000][1][safepoint    ] Total time for which application threads were stopped: 0.0000877 seconds, Stopping threads took: 0.0000173 seconds
[2019-12-08T11:35:06.197+0000][1][safepoint    ] Application time: 1.0000759 seconds
[2019-12-08T11:35:06.198+0000][1][safepoint    ] Entering safepoint region: Cleanup
[2019-12-08T11:35:06.198+0000][1][safepoint    ] Leaving safepoint region
[2019-12-08T11:35:06.198+0000][1][safepoint    ] Total time for which application threads were stopped: 0.0000813 seconds, Stopping threads took: 0.0000150 seconds
[2019-12-08T11:35:09.198+0000][1][safepoint    ] Application time: 3.0002153 seconds
[2019-12-08T11:35:09.198+0000][1][safepoint    ] Entering safepoint region: Cleanup
[2019-12-08T11:35:09.198+0000][1][safepoint    ] Leaving safepoint region
[2019-12-08T11:35:09.198+0000][1][safepoint    ] Total time for which application threads were stopped: 0.0000891 seconds, Stopping threads took: 0.0000182 seconds
[2019-12-08T11:35:10.198+0000][1][safepoint    ] Application time: 1.0000783 seconds
[2019-12-08T11:35:10.198+0000][1][safepoint    ] Entering safepoint region: Cleanup
[2019-12-08T11:35:10.198+0000][1][safepoint    ] Leaving safepoint region
[2019-12-08T11:35:10.198+0000][1][safepoint    ] Total time for which application threads were stopped: 0.0000899 seconds, Stopping threads took: 0.0000181 seconds
[2019-12-08T11:35:11.198+0000][1][safepoint    ] Application time: 1.0000776 seconds
[2019-12-08T11:35:11.198+0000][1][safepoint    ] Entering safepoint region: Cleanup
[2019-12-08T11:35:11.198+0000][1][safepoint    ] Leaving safepoint region
[2019-12-08T11:35:11.198+0000][1][safepoint    ] Total time for which application threads were stopped: 0.0000833 seconds, Stopping threads took: 0.0000172 seconds
[2019-12-08T11:35:12.198+0000][1][safepoint    ] Application time: 1.0000774 seconds
[2019-12-08T11:35:12.198+0000][1][safepoint    ] Entering safepoint region: Cleanup
[2019-12-08T11:35:12.199+0000][1][safepoint    ] Leaving safepoint region
[2019-12-08T11:35:12.199+0000][1][safepoint    ] Total time for which application threads were stopped: 0.0000888 seconds, Stopping threads took: 0.0000163 seconds
[2019-12-08T11:35:13.199+0000][1][safepoint    ] Application time: 1.0000772 seconds
[2019-12-08T11:35:13.199+0000][1][safepoint    ] Entering safepoint region: Cleanup
[2019-12-08T11:35:13.199+0000][1][safepoint    ] Leaving safepoint region
[2019-12-08T11:35:13.199+0000][1][safepoint    ] Total time for which application threads were stopped: 0.0000896 seconds, Stopping threads took: 0.0000195 seconds
[2019-12-08T11:35:15.199+0000][1][safepoint    ] Application time: 2.0001427 seconds
[2019-12-08T11:35:15.199+0000][1][safepoint    ] Entering safepoint region: Cleanup
[2019-12-08T11:35:15.199+0000][1][safepoint    ] Leaving safepoint region
[2019-12-08T11:35:15.199+0000][1][safepoint    ] Total time for which application threads were stopped: 0.0000866 seconds, Stopping threads took: 0.0000168 seconds
[2019-12-08T11:35:17.199+0000][1][safepoint    ] Application time: 2.0001476 seconds
[2019-12-08T11:35:17.199+0000][1][safepoint    ] Entering safepoint region: Cleanup
[2019-12-08T11:35:17.199+0000][1][safepoint    ] Leaving safepoint region
[2019-12-08T11:35:17.199+0000][1][safepoint    ] Total time for which application threads were stopped: 0.0000960 seconds, Stopping threads took: 0.0000211 seconds
[2019-12-08T11:35:20.200+0000][1][safepoint    ] Application time: 3.0002087 seconds
[2019-12-08T11:35:20.200+0000][1][safepoint    ] Entering safepoint region: Cleanup
[2019-12-08T11:35:20.200+0000][1][safepoint    ] Leaving safepoint region
[2019-12-08T11:35:20.200+0000][1][safepoint    ] Total time for which application threads were stopped: 0.0000865 seconds, Stopping threads took: 0.0000186 seconds
[2019-12-08T11:35:24.200+0000][1][safepoint    ] Application time: 4.0002782 seconds
[2019-12-08T11:35:24.200+0000][1][safepoint    ] Entering safepoint region: Cleanup
[2019-12-08T11:35:24.200+0000][1][safepoint    ] Leaving safepoint region
[2019-12-08T11:35:24.200+0000][1][safepoint    ] Total time for which application threads were stopped: 0.0000873 seconds, Stopping threads took: 0.0000220 seconds
[2019-12-08T11:35:29.200+0000][1][safepoint    ] Application time: 5.0003454 seconds
[2019-12-08T11:35:29.200+0000][1][safepoint    ] Entering safepoint region: Cleanup
[2019-12-08T11:35:29.201+0000][1][safepoint    ] Leaving safepoint region
[2019-12-08T11:35:29.201+0000][1][safepoint    ] Total time for which application threads were stopped: 0.0000901 seconds, Stopping threads took: 0.0000196 seconds
[2019-12-08T11:35:30.201+0000][1][safepoint    ] Application time: 1.0000815 seconds
[2019-12-08T11:35:30.201+0000][1][safepoint    ] Entering safepoint region: Cleanup
[2019-12-08T11:35:30.201+0000][1][safepoint    ] Leaving safepoint region
[2019-12-08T11:35:30.201+0000][1][safepoint    ] Total time for which application threads were stopped: 0.0000840 seconds, Stopping threads took: 0.0000175 seconds
[2019-12-08T11:35:31.201+0000][1][safepoint    ] Application time: 1.0000751 seconds
[2019-12-08T11:35:31.201+0000][1][safepoint    ] Entering safepoint region: Cleanup
[2019-12-08T11:35:31.201+0000][1][safepoint    ] Leaving safepoint region
[2019-12-08T11:35:31.201+0000][1][safepoint    ] Total time for which application threads were stopped: 0.0000789 seconds, Stopping threads took: 0.0000166 seconds
[2019-12-08T11:35:32.201+0000][1][safepoint    ] Application time: 1.0000776 seconds
[2019-12-08T11:35:32.201+0000][1][safepoint    ] Entering safepoint region: Cleanup
[2019-12-08T11:35:32.201+0000][1][safepoint    ] Leaving safepoint region
[2019-12-08T11:35:32.201+0000][1][safepoint    ] Total time for which application threads were stopped: 0.0000762 seconds, Stopping threads took: 0.0000161 seconds
[2019-12-08T11:35:33.201+0000][1][safepoint    ] Application time: 1.0000746 seconds
[2019-12-08T11:35:33.201+0000][1][safepoint    ] Entering safepoint region: Cleanup
[2019-12-08T11:35:33.201+0000][1][safepoint    ] Leaving safepoint region
[2019-12-08T11:35:33.201+0000][1][safepoint    ] Total time for which application threads were stopped: 0.0000879 seconds, Stopping threads took: 0.0000178 seconds
[2019-12-08T11:35:34.201+0000][1][safepoint    ] Application time: 1.0000765 seconds
[2019-12-08T11:35:34.202+0000][1][safepoint    ] Entering safepoint region: Cleanup
[2019-12-08T11:35:34.202+0000][1][safepoint    ] Leaving safepoint region
[2019-12-08T11:35:34.202+0000][1][safepoint    ] Total time for which application threads were stopped: 0.0000871 seconds, Stopping threads took: 0.0000228 seconds
[2019-12-08T11:35:35.202+0000][1][safepoint    ] Application time: 1.0000757 seconds
[2019-12-08T11:35:35.202+0000][1][safepoint    ] Entering safepoint region: Cleanup
[2019-12-08T11:35:35.202+0000][1][safepoint    ] Leaving safepoint region
[2019-12-08T11:35:35.202+0000][1][safepoint    ] Total time for which application threads were stopped: 0.0000839 seconds, Stopping threads took: 0.0000190 seconds
[2019-12-08T11:35:36.202+0000][1][safepoint    ] Application time: 1.0000761 seconds
[2019-12-08T11:35:36.202+0000][1][safepoint    ] Entering safepoint region: Cleanup
[2019-12-08T11:35:36.202+0000][1][safepoint    ] Leaving safepoint region
[2019-12-08T11:35:36.202+0000][1][safepoint    ] Total time for which application threads were stopped: 0.0000815 seconds, Stopping threads took: 0.0000201 seconds
[2019-12-08T11:35:37.202+0000][1][safepoint    ] Application time: 1.0000772 seconds
[2019-12-08T11:35:37.202+0000][1][safepoint    ] Entering safepoint region: Cleanup
[2019-12-08T11:35:37.202+0000][1][safepoint    ] Leaving safepoint region
[2019-12-08T11:35:37.202+0000][1][safepoint    ] Total time for which application threads were stopped: 0.0000867 seconds, Stopping threads took: 0.0000211 seconds
[2019-12-08T11:35:38.202+0000][1][safepoint    ] Application time: 1.0000779 seconds
[2019-12-08T11:35:38.202+0000][1][safepoint    ] Entering safepoint region: Cleanup
[2019-12-08T11:35:38.202+0000][1][safepoint    ] Leaving safepoint region
[2019-12-08T11:35:38.202+0000][1][safepoint    ] Total time for which application threads were stopped: 0.0000809 seconds, Stopping threads took: 0.0000182 seconds
[2019-12-08T11:35:39.202+0000][1][safepoint    ] Application time: 1.0000745 seconds
[2019-12-08T11:35:39.203+0000][1][safepoint    ] Entering safepoint region: Cleanup
[2019-12-08T11:35:39.203+0000][1][safepoint    ] Leaving safepoint region
[2019-12-08T11:35:39.203+0000][1][safepoint    ] Total time for which application threads were stopped: 0.0000898 seconds, Stopping threads took: 0.0000193 seconds
[2019-12-08T11:35:40.203+0000][1][safepoint    ] Application time: 1.0000783 seconds
[2019-12-08T11:35:40.203+0000][1][safepoint    ] Entering safepoint region: Cleanup
[2019-12-08T11:35:40.203+0000][1][safepoint    ] Leaving safepoint region
[2019-12-08T11:35:40.203+0000][1][safepoint    ] Total time for which application threads were stopped: 0.0000809 seconds, Stopping threads took: 0.0000175 seconds
[2019-12-08T11:35:41.203+0000][1][safepoint    ] Application time: 1.0000762 seconds
[2019-12-08T11:35:41.203+0000][1][safepoint    ] Entering safepoint region: Cleanup
[2019-12-08T11:35:41.203+0000][1][safepoint    ] Leaving safepoint region
[2019-12-08T11:35:41.203+0000][1][safepoint    ] Total time for which application threads were stopped: 0.0000887 seconds, Stopping threads took: 0.0000188 seconds
[2019-12-08T11:35:42.203+0000][1][safepoint    ] Application time: 1.0000750 seconds
[2019-12-08T11:35:42.203+0000][1][safepoint    ] Entering safepoint region: Cleanup
[2019-12-08T11:35:42.203+0000][1][safepoint    ] Leaving safepoint region
[2019-12-08T11:35:42.203+0000][1][safepoint    ] Total time for which application threads were stopped: 0.0000746 seconds, Stopping threads took: 0.0000154 seconds
[2019-12-08T11:35:43.203+0000][1][safepoint    ] Application time: 1.0000748 seconds
[2019-12-08T11:35:43.203+0000][1][safepoint    ] Entering safepoint region: Cleanup
[2019-12-08T11:35:43.203+0000][1][safepoint    ] Leaving safepoint region
[2019-12-08T11:35:43.203+0000][1][safepoint    ] Total time for which application threads were stopped: 0.0000900 seconds, Stopping threads took: 0.0000177 seconds
[2019-12-08T11:35:44.203+0000][1][safepoint    ] Application time: 1.0000738 seconds
[2019-12-08T11:35:44.204+0000][1][safepoint    ] Entering safepoint region: Cleanup
[2019-12-08T11:35:44.204+0000][1][safepoint    ] Leaving safepoint region
[2019-12-08T11:35:44.204+0000][1][safepoint    ] Total time for which application threads were stopped: 0.0000835 seconds, Stopping threads took: 0.0000218 seconds
[2019-12-08T11:35:45.204+0000][1][safepoint    ] Application time: 1.0000815 seconds
[2019-12-08T11:35:45.204+0000][1][safepoint    ] Entering safepoint region: Cleanup
[2019-12-08T11:35:45.204+0000][1][safepoint    ] Leaving safepoint region
[2019-12-08T11:35:45.204+0000][1][safepoint    ] Total time for which application threads were stopped: 0.0000791 seconds, Stopping threads took: 0.0000170 seconds
[2019-12-08T11:35:46.204+0000][1][safepoint    ] Application time: 1.0000740 seconds
[2019-12-08T11:35:46.204+0000][1][safepoint    ] Entering safepoint region: Cleanup
[2019-12-08T11:35:46.204+0000][1][safepoint    ] Leaving safepoint region
[2019-12-08T11:35:46.204+0000][1][safepoint    ] Total time for which application threads were stopped: 0.0000810 seconds, Stopping threads took: 0.0000194 seconds
[2019-12-08T11:35:47.204+0000][1][safepoint    ] Application time: 1.0000766 seconds
[2019-12-08T11:35:47.204+0000][1][safepoint    ] Entering safepoint region: Cleanup
[2019-12-08T11:35:47.204+0000][1][safepoint    ] Leaving safepoint region
[2019-12-08T11:35:47.204+0000][1][safepoint    ] Total time for which application threads were stopped: 0.0000782 seconds, Stopping threads took: 0.0000176 seconds
[2019-12-08T11:35:48.204+0000][1][safepoint    ] Application time: 1.0000742 seconds
[2019-12-08T11:35:48.204+0000][1][safepoint    ] Entering safepoint region: Cleanup
[2019-12-08T11:35:48.204+0000][1][safepoint    ] Leaving safepoint region
[2019-12-08T11:35:48.204+0000][1][safepoint    ] Total time for which application threads were stopped: 0.0000791 seconds, Stopping threads took: 0.0000171 seconds
[2019-12-08T11:35:49.204+0000][1][safepoint    ] Application time: 1.0000774 seconds
[2019-12-08T11:35:49.205+0000][1][safepoint    ] Entering safepoint region: Cleanup
[2019-12-08T11:35:49.205+0000][1][safepoint    ] Leaving safepoint region
[2019-12-08T11:35:49.205+0000][1][safepoint    ] Total time for which application threads were stopped: 0.0000914 seconds, Stopping threads took: 0.0000280 seconds
[2019-12-08T11:35:50.205+0000][1][safepoint    ] Application time: 1.0000873 seconds
[2019-12-08T11:35:50.205+0000][1][safepoint    ] Entering safepoint region: Cleanup
[2019-12-08T11:35:50.205+0000][1][safepoint    ] Leaving safepoint region
[2019-12-08T11:35:50.205+0000][1][safepoint    ] Total time for which application threads were stopped: 0.0000790 seconds, Stopping threads took: 0.0000160 seconds
[2019-12-08T11:35:51.205+0000][1][safepoint    ] Application time: 1.0000823 seconds
[2019-12-08T11:35:51.205+0000][1][safepoint    ] Entering safepoint region: Cleanup
[2019-12-08T11:35:51.205+0000][1][safepoint    ] Leaving safepoint region
[2019-12-08T11:35:51.205+0000][1][safepoint    ] Total time for which application threads were stopped: 0.0001216 seconds, Stopping threads took: 0.0000290 seconds
[2019-12-08T11:35:52.205+0000][1][safepoint    ] Application time: 1.0000790 seconds
[2019-12-08T11:35:52.205+0000][1][safepoint    ] Entering safepoint region: Cleanup
[2019-12-08T11:35:52.205+0000][1][safepoint    ] Leaving safepoint region
[2019-12-08T11:35:52.205+0000][1][safepoint    ] Total time for which application threads were stopped: 0.0000881 seconds, Stopping threads took: 0.0000253 seconds
[2019-12-08T11:35:53.205+0000][1][safepoint    ] Application time: 1.0000767 seconds
[2019-12-08T11:35:53.205+0000][1][safepoint    ] Entering safepoint region: Cleanup
[2019-12-08T11:35:53.205+0000][1][safepoint    ] Leaving safepoint region
[2019-12-08T11:35:53.205+0000][1][safepoint    ] Total time for which application threads were stopped: 0.0000844 seconds, Stopping threads took: 0.0000193 seconds
[2019-12-08T11:35:54.206+0000][1][safepoint    ] Application time: 1.0000848 seconds
[2019-12-08T11:35:54.206+0000][1][safepoint    ] Entering safepoint region: Cleanup
[2019-12-08T11:35:54.206+0000][1][safepoint    ] Leaving safepoint region
[2019-12-08T11:35:54.206+0000][1][safepoint    ] Total time for which application threads were stopped: 0.0001224 seconds, Stopping threads took: 0.0000265 seconds
[2019-12-08T11:35:55.206+0000][1][safepoint    ] Application time: 1.0000788 seconds
[2019-12-08T11:35:55.206+0000][1][safepoint    ] Entering safepoint region: Cleanup
[2019-12-08T11:35:55.206+0000][1][safepoint    ] Leaving safepoint region
[2019-12-08T11:35:55.206+0000][1][safepoint    ] Total time for which application threads were stopped: 0.0000954 seconds, Stopping threads took: 0.0000260 seconds
[2019-12-08T11:35:56.206+0000][1][safepoint    ] Application time: 1.0000822 seconds
[2019-12-08T11:35:56.206+0000][1][safepoint    ] Entering safepoint region: Cleanup
[2019-12-08T11:35:56.206+0000][1][safepoint    ] Leaving safepoint region
[2019-12-08T11:35:56.206+0000][1][safepoint    ] Total time for which application threads were stopped: 0.0000922 seconds, Stopping threads took: 0.0000200 seconds
[2019-12-08T11:35:57.206+0000][1][safepoint    ] Application time: 1.0000783 seconds
[2019-12-08T11:35:57.206+0000][1][safepoint    ] Entering safepoint region: Cleanup
[2019-12-08T11:35:57.206+0000][1][safepoint    ] Leaving safepoint region
[2019-12-08T11:35:57.206+0000][1][safepoint    ] Total time for which application threads were stopped: 0.0000796 seconds, Stopping threads took: 0.0000159 seconds
[2019-12-08T11:35:58.206+0000][1][safepoint    ] Application time: 1.0000741 seconds
[2019-12-08T11:35:58.206+0000][1][safepoint    ] Entering safepoint region: Cleanup
[2019-12-08T11:35:58.207+0000][1][safepoint    ] Leaving safepoint region
[2019-12-08T11:35:58.207+0000][1][safepoint    ] Total time for which application threads were stopped: 0.0000886 seconds, Stopping threads took: 0.0000186 seconds
[2019-12-08T11:35:59.207+0000][1][safepoint    ] Application time: 1.0000761 seconds
[2019-12-08T11:35:59.207+0000][1][safepoint    ] Entering safepoint region: Cleanup
[2019-12-08T11:35:59.207+0000][1][safepoint    ] Leaving safepoint region
[2019-12-08T11:35:59.207+0000][1][safepoint    ] Total time for which application threads were stopped: 0.0000870 seconds, Stopping threads took: 0.0000238 seconds
[2019-12-08T11:36:00.207+0000][1][safepoint    ] Application time: 1.0000781 seconds
[2019-12-08T11:36:00.207+0000][1][safepoint    ] Entering safepoint region: Cleanup
[2019-12-08T11:36:00.207+0000][1][safepoint    ] Leaving safepoint region
[2019-12-08T11:36:00.207+0000][1][safepoint    ] Total time for which application threads were stopped: 0.0000832 seconds, Stopping threads took: 0.0000178 seconds
[2019-12-08T11:36:01.207+0000][1][safepoint    ] Application time: 1.0000773 seconds
[2019-12-08T11:36:01.207+0000][1][safepoint    ] Entering safepoint region: Cleanup
[2019-12-08T11:36:01.207+0000][1][safepoint    ] Leaving safepoint region
[2019-12-08T11:36:01.207+0000][1][safepoint    ] Total time for which application threads were stopped: 0.0000800 seconds, Stopping threads took: 0.0000180 seconds
[2019-12-08T11:36:02.207+0000][1][safepoint    ] Application time: 1.0000808 seconds
[2019-12-08T11:36:02.207+0000][1][safepoint    ] Entering safepoint region: Cleanup
[2019-12-08T11:36:02.207+0000][1][safepoint    ] Leaving safepoint region
[2019-12-08T11:36:02.207+0000][1][safepoint    ] Total time for which application threads were stopped: 0.0000832 seconds, Stopping threads took: 0.0000190 seconds
[2019-12-08T11:36:03.207+0000][1][safepoint    ] Application time: 1.0000781 seconds
[2019-12-08T11:36:03.208+0000][1][safepoint    ] Entering safepoint region: Cleanup
[2019-12-08T11:36:03.208+0000][1][safepoint    ] Leaving safepoint region
[2019-12-08T11:36:03.208+0000][1][safepoint    ] Total time for which application threads were stopped: 0.0000844 seconds, Stopping threads took: 0.0000188 seconds
[2019-12-08T11:36:04.208+0000][1][safepoint    ] Application time: 1.0000799 seconds
[2019-12-08T11:36:04.208+0000][1][safepoint    ] Entering safepoint region: Cleanup
[2019-12-08T11:36:04.208+0000][1][safepoint    ] Leaving safepoint region
[2019-12-08T11:36:04.208+0000][1][safepoint    ] Total time for which application threads were stopped: 0.0000811 seconds, Stopping threads took: 0.0000181 seconds
[2019-12-08T11:36:05.208+0000][1][safepoint    ] Application time: 1.0000808 seconds
[2019-12-08T11:36:05.208+0000][1][safepoint    ] Entering safepoint region: Cleanup
[2019-12-08T11:36:05.208+0000][1][safepoint    ] Leaving safepoint region
[2019-12-08T11:36:05.208+0000][1][safepoint    ] Total time for which application threads were stopped: 0.0000875 seconds, Stopping threads took: 0.0000183 seconds
[2019-12-08T11:36:06.070+0000][1][safepoint    ] Application time: 0.8618043 seconds
[2019-12-08T11:36:06.070+0000][1][safepoint    ] Entering safepoint region: GenCollectForAllocation
[2019-12-08T11:36:06.070+0000][1][gc,start     ] GC(22) Pause Young (Allocation Failure)
[2019-12-08T11:36:06.070+0000][1][gc,task      ] GC(22) Using 4 workers of 4 for evacuation
[2019-12-08T11:36:06.079+0000][1][gc,age       ] GC(22) Desired survivor size 4456448 bytes, new threshold 6 (max threshold 6)
[2019-12-08T11:36:06.079+0000][1][gc,age       ] GC(22) Age table with threshold 6 (max threshold 6)
[2019-12-08T11:36:06.079+0000][1][gc,age       ] GC(22) - age   1:     599928 bytes,     599928 total
[2019-12-08T11:36:06.079+0000][1][gc,age       ] GC(22) - age   2:    2841864 bytes,    3441792 total
[2019-12-08T11:36:06.079+0000][1][gc,heap      ] GC(22) ParNew: 77927K->6120K(78656K)
[2019-12-08T11:36:06.079+0000][1][gc,heap      ] GC(22) CMS: 63954K->67158K(174784K)
[2019-12-08T11:36:06.079+0000][1][gc,metaspace ] GC(22) Metaspace: 68637K->68637K(1112064K)
[2019-12-08T11:36:06.079+0000][1][gc           ] GC(22) Pause Young (Allocation Failure) 138M->71M(247M) 9.293ms
[2019-12-08T11:36:06.079+0000][1][gc,cpu       ] GC(22) User=0.04s Sys=0.00s Real=0.01s
[2019-12-08T11:36:06.079+0000][1][safepoint    ] Leaving safepoint region
[2019-12-08T11:36:06.079+0000][1][safepoint    ] Total time for which application threads were stopped: 0.0094602 seconds, Stopping threads took: 0.0000169 seconds
[2019-12-08T11:36:07.079+0000][1][safepoint    ] Application time: 1.0000946 seconds
[2019-12-08T11:36:07.079+0000][1][safepoint    ] Entering safepoint region: Cleanup
[2019-12-08T11:36:07.080+0000][1][safepoint    ] Leaving safepoint region
[2019-12-08T11:36:07.080+0000][1][safepoint    ] Total time for which application threads were stopped: 0.0000838 seconds, Stopping threads took: 0.0000207 seconds
[2019-12-08T11:36:08.080+0000][1][safepoint    ] Application time: 1.0000808 seconds
[2019-12-08T11:36:08.080+0000][1][safepoint    ] Entering safepoint region: Cleanup
[2019-12-08T11:36:08.080+0000][1][safepoint    ] Leaving safepoint region
[2019-12-08T11:36:08.080+0000][1][safepoint    ] Total time for which application threads were stopped: 0.0001005 seconds, Stopping threads took: 0.0000309 seconds
[2019-12-08T11:36:09.080+0000][1][safepoint    ] Application time: 1.0000755 seconds
[2019-12-08T11:36:09.080+0000][1][safepoint    ] Entering safepoint region: Cleanup
[2019-12-08T11:36:09.080+0000][1][safepoint    ] Leaving safepoint region
[2019-12-08T11:36:09.080+0000][1][safepoint    ] Total time for which application threads were stopped: 0.0000837 seconds, Stopping threads took: 0.0000204 seconds
[2019-12-08T11:36:10.080+0000][1][safepoint    ] Application time: 1.0000787 seconds
[2019-12-08T11:36:10.080+0000][1][safepoint    ] Entering safepoint region: Cleanup
[2019-12-08T11:36:10.080+0000][1][safepoint    ] Leaving safepoint region
[2019-12-08T11:36:10.080+0000][1][safepoint    ] Total time for which application threads were stopped: 0.0000887 seconds, Stopping threads took: 0.0000200 seconds
[2019-12-08T11:36:11.080+0000][1][safepoint    ] Application time: 1.0000738 seconds
[2019-12-08T11:36:11.080+0000][1][safepoint    ] Entering safepoint region: Cleanup
[2019-12-08T11:36:11.080+0000][1][safepoint    ] Leaving safepoint region
[2019-12-08T11:36:11.080+0000][1][safepoint    ] Total time for which application threads were stopped: 0.0000879 seconds, Stopping threads took: 0.0000222 seconds
[2019-12-08T11:36:12.080+0000][1][safepoint    ] Application time: 1.0000774 seconds
[2019-12-08T11:36:12.080+0000][1][safepoint    ] Entering safepoint region: Cleanup
[2019-12-08T11:36:12.081+0000][1][safepoint    ] Leaving safepoint region
[2019-12-08T11:36:12.081+0000][1][safepoint    ] Total time for which application threads were stopped: 0.0000853 seconds, Stopping threads took: 0.0000164 seconds
[2019-12-08T11:36:13.081+0000][1][safepoint    ] Application time: 1.0000727 seconds
[2019-12-08T11:36:13.081+0000][1][safepoint    ] Entering safepoint region: Cleanup
[2019-12-08T11:36:13.081+0000][1][safepoint    ] Leaving safepoint region
[2019-12-08T11:36:13.081+0000][1][safepoint    ] Total time for which application threads were stopped: 0.0000946 seconds, Stopping threads took: 0.0000265 seconds
[2019-12-08T11:36:14.081+0000][1][safepoint    ] Application time: 1.0000763 seconds
[2019-12-08T11:36:14.081+0000][1][safepoint    ] Entering safepoint region: Cleanup
[2019-12-08T11:36:14.081+0000][1][safepoint    ] Leaving safepoint region
[2019-12-08T11:36:14.081+0000][1][safepoint    ] Total time for which application threads were stopped: 0.0000837 seconds, Stopping threads took: 0.0000177 seconds
[2019-12-08T11:36:15.081+0000][1][safepoint    ] Application time: 1.0000789 seconds
[2019-12-08T11:36:15.081+0000][1][safepoint    ] Entering safepoint region: Cleanup
[2019-12-08T11:36:15.081+0000][1][safepoint    ] Leaving safepoint region
[2019-12-08T11:36:15.081+0000][1][safepoint    ] Total time for which application threads were stopped: 0.0000912 seconds, Stopping threads took: 0.0000211 seconds
[2019-12-08T11:36:16.081+0000][1][safepoint    ] Application time: 1.0000763 seconds
[2019-12-08T11:36:16.081+0000][1][safepoint    ] Entering safepoint region: Cleanup
[2019-12-08T11:36:16.081+0000][1][safepoint    ] Leaving safepoint region
[2019-12-08T11:36:16.081+0000][1][safepoint    ] Total time for which application threads were stopped: 0.0000798 seconds, Stopping threads took: 0.0000177 seconds
[2019-12-08T11:36:17.081+0000][1][safepoint    ] Application time: 1.0000782 seconds
[2019-12-08T11:36:17.081+0000][1][safepoint    ] Entering safepoint region: Cleanup
[2019-12-08T11:36:17.082+0000][1][safepoint    ] Leaving safepoint region
[2019-12-08T11:36:17.082+0000][1][safepoint    ] Total time for which application threads were stopped: 0.0000824 seconds, Stopping threads took: 0.0000184 seconds
[2019-12-08T11:36:18.082+0000][1][safepoint    ] Application time: 1.0000847 seconds
[2019-12-08T11:36:18.082+0000][1][safepoint    ] Entering safepoint region: Cleanup
[2019-12-08T11:36:18.082+0000][1][safepoint    ] Leaving safepoint region
[2019-12-08T11:36:18.082+0000][1][safepoint    ] Total time for which application threads were stopped: 0.0001018 seconds, Stopping threads took: 0.0000177 seconds
[2019-12-08T11:36:19.082+0000][1][safepoint    ] Application time: 1.0000762 seconds
[2019-12-08T11:36:19.082+0000][1][safepoint    ] Entering safepoint region: Cleanup
[2019-12-08T11:36:19.082+0000][1][safepoint    ] Leaving safepoint region
[2019-12-08T11:36:19.082+0000][1][safepoint    ] Total time for which application threads were stopped: 0.0000796 seconds, Stopping threads took: 0.0000179 seconds
[2019-12-08T11:36:20.082+0000][1][safepoint    ] Application time: 1.0000744 seconds
[2019-12-08T11:36:20.082+0000][1][safepoint    ] Entering safepoint region: Cleanup
[2019-12-08T11:36:20.082+0000][1][safepoint    ] Leaving safepoint region
[2019-12-08T11:36:20.082+0000][1][safepoint    ] Total time for which application threads were stopped: 0.0000830 seconds, Stopping threads took: 0.0000178 seconds
[2019-12-08T11:36:21.082+0000][1][safepoint    ] Application time: 1.0000746 seconds
[2019-12-08T11:36:21.082+0000][1][safepoint    ] Entering safepoint region: Cleanup
[2019-12-08T11:36:21.082+0000][1][safepoint    ] Leaving safepoint region
[2019-12-08T11:36:21.082+0000][1][safepoint    ] Total time for which application threads were stopped: 0.0000804 seconds, Stopping threads took: 0.0000169 seconds
[2019-12-08T11:36:22.082+0000][1][safepoint    ] Application time: 1.0000767 seconds
[2019-12-08T11:36:22.082+0000][1][safepoint    ] Entering safepoint region: Cleanup
[2019-12-08T11:36:22.083+0000][1][safepoint    ] Leaving safepoint region
[2019-12-08T11:36:22.083+0000][1][safepoint    ] Total time for which application threads were stopped: 0.0000820 seconds, Stopping threads took: 0.0000175 seconds
[2019-12-08T11:36:23.083+0000][1][safepoint    ] Application time: 1.0000765 seconds
[2019-12-08T11:36:23.083+0000][1][safepoint    ] Entering safepoint region: Cleanup
[2019-12-08T11:36:23.083+0000][1][safepoint    ] Leaving safepoint region
[2019-12-08T11:36:23.083+0000][1][safepoint    ] Total time for which application threads were stopped: 0.0000961 seconds, Stopping threads took: 0.0000185 seconds
[2019-12-08T11:36:24.083+0000][1][safepoint    ] Application time: 1.0000757 seconds
[2019-12-08T11:36:24.083+0000][1][safepoint    ] Entering safepoint region: Cleanup
[2019-12-08T11:36:24.083+0000][1][safepoint    ] Leaving safepoint region
[2019-12-08T11:36:24.083+0000][1][safepoint    ] Total time for which application threads were stopped: 0.0000810 seconds, Stopping threads took: 0.0000164 seconds
[2019-12-08T11:36:25.083+0000][1][safepoint    ] Application time: 1.0000750 seconds
[2019-12-08T11:36:25.083+0000][1][safepoint    ] Entering safepoint region: Cleanup
[2019-12-08T11:36:25.083+0000][1][safepoint    ] Leaving safepoint region
[2019-12-08T11:36:25.083+0000][1][safepoint    ] Total time for which application threads were stopped: 0.0000909 seconds, Stopping threads took: 0.0000255 seconds
[2019-12-08T11:36:26.083+0000][1][safepoint    ] Application time: 1.0000830 seconds
[2019-12-08T11:36:26.083+0000][1][safepoint    ] Entering safepoint region: Cleanup
[2019-12-08T11:36:26.083+0000][1][safepoint    ] Leaving safepoint region
[2019-12-08T11:36:26.083+0000][1][safepoint    ] Total time for which application threads were stopped: 0.0000849 seconds, Stopping threads took: 0.0000187 seconds
[2019-12-08T11:36:27.083+0000][1][safepoint    ] Application time: 1.0000816 seconds
[2019-12-08T11:36:27.083+0000][1][safepoint    ] Entering safepoint region: Cleanup
[2019-12-08T11:36:27.084+0000][1][safepoint    ] Leaving safepoint region
[2019-12-08T11:36:27.084+0000][1][safepoint    ] Total time for which application threads were stopped: 0.0000997 seconds, Stopping threads took: 0.0000187 seconds
[2019-12-08T11:36:28.084+0000][1][safepoint    ] Application time: 1.0000814 seconds
[2019-12-08T11:36:28.084+0000][1][safepoint    ] Entering safepoint region: Cleanup
[2019-12-08T11:36:28.084+0000][1][safepoint    ] Leaving safepoint region
[2019-12-08T11:36:28.084+0000][1][safepoint    ] Total time for which application threads were stopped: 0.0000832 seconds, Stopping threads took: 0.0000197 seconds
[2019-12-08T11:36:29.084+0000][1][safepoint    ] Application time: 1.0000773 seconds
[2019-12-08T11:36:29.084+0000][1][safepoint    ] Entering safepoint region: Cleanup
[2019-12-08T11:36:29.084+0000][1][safepoint    ] Leaving safepoint region
[2019-12-08T11:36:29.084+0000][1][safepoint    ] Total time for which application threads were stopped: 0.0000902 seconds, Stopping threads took: 0.0000220 seconds
[2019-12-08T11:36:30.084+0000][1][safepoint    ] Application time: 1.0000771 seconds
[2019-12-08T11:36:30.084+0000][1][safepoint    ] Entering safepoint region: Cleanup
[2019-12-08T11:36:30.084+0000][1][safepoint    ] Leaving safepoint region
[2019-12-08T11:36:30.084+0000][1][safepoint    ] Total time for which application threads were stopped: 0.0000903 seconds, Stopping threads took: 0.0000195 seconds
[2019-12-08T11:36:31.084+0000][1][safepoint    ] Application time: 1.0000778 seconds
[2019-12-08T11:36:31.084+0000][1][safepoint    ] Entering safepoint region: Cleanup
[2019-12-08T11:36:31.084+0000][1][safepoint    ] Leaving safepoint region
[2019-12-08T11:36:31.084+0000][1][safepoint    ] Total time for which application threads were stopped: 0.0000920 seconds, Stopping threads took: 0.0000194 seconds
[2019-12-08T11:36:32.085+0000][1][safepoint    ] Application time: 1.0000919 seconds
[2019-12-08T11:36:32.085+0000][1][safepoint    ] Entering safepoint region: Cleanup
[2019-12-08T11:36:32.085+0000][1][safepoint    ] Leaving safepoint region
[2019-12-08T11:36:32.085+0000][1][safepoint    ] Total time for which application threads were stopped: 0.0000848 seconds, Stopping threads took: 0.0000196 seconds
[2019-12-08T11:36:33.085+0000][1][safepoint    ] Application time: 1.0000840 seconds
[2019-12-08T11:36:33.085+0000][1][safepoint    ] Entering safepoint region: Cleanup
[2019-12-08T11:36:33.085+0000][1][safepoint    ] Leaving safepoint region
[2019-12-08T11:36:33.085+0000][1][safepoint    ] Total time for which application threads were stopped: 0.0000843 seconds, Stopping threads took: 0.0000183 seconds
[2019-12-08T11:36:34.085+0000][1][safepoint    ] Application time: 1.0000768 seconds
[2019-12-08T11:36:34.085+0000][1][safepoint    ] Entering safepoint region: Cleanup
[2019-12-08T11:36:34.085+0000][1][safepoint    ] Leaving safepoint region
[2019-12-08T11:36:34.085+0000][1][safepoint    ] Total time for which application threads were stopped: 0.0000816 seconds, Stopping threads took: 0.0000186 seconds
[2019-12-08T11:36:35.085+0000][1][safepoint    ] Application time: 1.0000769 seconds
[2019-12-08T11:36:35.085+0000][1][safepoint    ] Entering safepoint region: Cleanup
[2019-12-08T11:36:35.085+0000][1][safepoint    ] Leaving safepoint region
[2019-12-08T11:36:35.085+0000][1][safepoint    ] Total time for which application threads were stopped: 0.0000829 seconds, Stopping threads took: 0.0000185 seconds
[2019-12-08T11:36:36.085+0000][1][safepoint    ] Application time: 1.0000761 seconds
[2019-12-08T11:36:36.085+0000][1][safepoint    ] Entering safepoint region: Cleanup
[2019-12-08T11:36:36.085+0000][1][safepoint    ] Leaving safepoint region
[2019-12-08T11:36:36.085+0000][1][safepoint    ] Total time for which application threads were stopped: 0.0000874 seconds, Stopping threads took: 0.0000182 seconds
[2019-12-08T11:36:37.086+0000][1][safepoint    ] Application time: 1.0000804 seconds
[2019-12-08T11:36:37.086+0000][1][safepoint    ] Entering safepoint region: Cleanup
[2019-12-08T11:36:37.086+0000][1][safepoint    ] Leaving safepoint region
[2019-12-08T11:36:37.086+0000][1][safepoint    ] Total time for which application threads were stopped: 0.0000884 seconds, Stopping threads took: 0.0000175 seconds
[2019-12-08T11:36:38.086+0000][1][safepoint    ] Application time: 1.0000779 seconds
[2019-12-08T11:36:38.086+0000][1][safepoint    ] Entering safepoint region: Cleanup
[2019-12-08T11:36:38.086+0000][1][safepoint    ] Leaving safepoint region
[2019-12-08T11:36:38.086+0000][1][safepoint    ] Total time for which application threads were stopped: 0.0000852 seconds, Stopping threads took: 0.0000181 seconds
[2019-12-08T11:36:39.086+0000][1][safepoint    ] Application time: 1.0000750 seconds
[2019-12-08T11:36:39.086+0000][1][safepoint    ] Entering safepoint region: Cleanup
[2019-12-08T11:36:39.086+0000][1][safepoint    ] Leaving safepoint region
[2019-12-08T11:36:39.086+0000][1][safepoint    ] Total time for which application threads were stopped: 0.0000943 seconds, Stopping threads took: 0.0000210 seconds
[2019-12-08T11:36:40.086+0000][1][safepoint    ] Application time: 1.0000754 seconds
[2019-12-08T11:36:40.086+0000][1][safepoint    ] Entering safepoint region: Cleanup
[2019-12-08T11:36:40.086+0000][1][safepoint    ] Leaving safepoint region
[2019-12-08T11:36:40.086+0000][1][safepoint    ] Total time for which application threads were stopped: 0.0000802 seconds, Stopping threads took: 0.0000184 seconds
[2019-12-08T11:36:41.086+0000][1][safepoint    ] Application time: 1.0000814 seconds
[2019-12-08T11:36:41.086+0000][1][safepoint    ] Entering safepoint region: Cleanup
[2019-12-08T11:36:41.086+0000][1][safepoint    ] Leaving safepoint region
[2019-12-08T11:36:41.086+0000][1][safepoint    ] Total time for which application threads were stopped: 0.0000830 seconds, Stopping threads took: 0.0000194 seconds
[2019-12-08T11:36:42.087+0000][1][safepoint    ] Application time: 1.0000773 seconds
[2019-12-08T11:36:42.087+0000][1][safepoint    ] Entering safepoint region: Cleanup
[2019-12-08T11:36:42.087+0000][1][safepoint    ] Leaving safepoint region
[2019-12-08T11:36:42.087+0000][1][safepoint    ] Total time for which application threads were stopped: 0.0000826 seconds, Stopping threads took: 0.0000216 seconds
[2019-12-08T11:36:43.087+0000][1][safepoint    ] Application time: 1.0000788 seconds
[2019-12-08T11:36:43.087+0000][1][safepoint    ] Entering safepoint region: Cleanup
[2019-12-08T11:36:43.087+0000][1][safepoint    ] Leaving safepoint region
[2019-12-08T11:36:43.087+0000][1][safepoint    ] Total time for which application threads were stopped: 0.0000851 seconds, Stopping threads took: 0.0000191 seconds
[2019-12-08T11:36:44.087+0000][1][safepoint    ] Application time: 1.0000751 seconds
[2019-12-08T11:36:44.087+0000][1][safepoint    ] Entering safepoint region: Cleanup
[2019-12-08T11:36:44.087+0000][1][safepoint    ] Leaving safepoint region
[2019-12-08T11:36:44.087+0000][1][safepoint    ] Total time for which application threads were stopped: 0.0000816 seconds, Stopping threads took: 0.0000198 seconds
[2019-12-08T11:36:45.087+0000][1][safepoint    ] Application time: 1.0000747 seconds
[2019-12-08T11:36:45.087+0000][1][safepoint    ] Entering safepoint region: Cleanup
[2019-12-08T11:36:45.087+0000][1][safepoint    ] Leaving safepoint region
[2019-12-08T11:36:45.087+0000][1][safepoint    ] Total time for which application threads were stopped: 0.0000805 seconds, Stopping threads took: 0.0000183 seconds
[2019-12-08T11:36:46.087+0000][1][safepoint    ] Application time: 1.0000753 seconds
[2019-12-08T11:36:46.087+0000][1][safepoint    ] Entering safepoint region: Cleanup
[2019-12-08T11:36:46.087+0000][1][safepoint    ] Leaving safepoint region
[2019-12-08T11:36:46.087+0000][1][safepoint    ] Total time for which application threads were stopped: 0.0000818 seconds, Stopping threads took: 0.0000177 seconds
[2019-12-08T11:36:47.087+0000][1][safepoint    ] Application time: 1.0000809 seconds
[2019-12-08T11:36:47.088+0000][1][safepoint    ] Entering safepoint region: Cleanup
[2019-12-08T11:36:47.088+0000][1][safepoint    ] Leaving safepoint region
[2019-12-08T11:36:47.088+0000][1][safepoint    ] Total time for which application threads were stopped: 0.0000951 seconds, Stopping threads took: 0.0000191 seconds
[2019-12-08T11:36:48.088+0000][1][safepoint    ] Application time: 1.0000785 seconds
[2019-12-08T11:36:48.088+0000][1][safepoint    ] Entering safepoint region: Cleanup
[2019-12-08T11:36:48.088+0000][1][safepoint    ] Leaving safepoint region
[2019-12-08T11:36:48.088+0000][1][safepoint    ] Total time for which application threads were stopped: 0.0000909 seconds, Stopping threads took: 0.0000218 seconds
[2019-12-08T11:36:49.088+0000][1][safepoint    ] Application time: 1.0000854 seconds
[2019-12-08T11:36:49.088+0000][1][safepoint    ] Entering safepoint region: Cleanup
[2019-12-08T11:36:49.088+0000][1][safepoint    ] Leaving safepoint region
[2019-12-08T11:36:49.088+0000][1][safepoint    ] Total time for which application threads were stopped: 0.0000886 seconds, Stopping threads took: 0.0000177 seconds
[2019-12-08T11:36:50.088+0000][1][safepoint    ] Application time: 1.0000841 seconds
[2019-12-08T11:36:50.088+0000][1][safepoint    ] Entering safepoint region: Cleanup
[2019-12-08T11:36:50.088+0000][1][safepoint    ] Leaving safepoint region
[2019-12-08T11:36:50.088+0000][1][safepoint    ] Total time for which application threads were stopped: 0.0000804 seconds, Stopping threads took: 0.0000161 seconds
[2019-12-08T11:36:51.088+0000][1][safepoint    ] Application time: 1.0000758 seconds
[2019-12-08T11:36:51.088+0000][1][safepoint    ] Entering safepoint region: Cleanup
[2019-12-08T11:36:51.088+0000][1][safepoint    ] Leaving safepoint region
[2019-12-08T11:36:51.088+0000][1][safepoint    ] Total time for which application threads were stopped: 0.0000842 seconds, Stopping threads took: 0.0000182 seconds
[2019-12-08T11:36:52.089+0000][1][safepoint    ] Application time: 1.0000907 seconds
[2019-12-08T11:36:52.089+0000][1][safepoint    ] Entering safepoint region: Cleanup
[2019-12-08T11:36:52.089+0000][1][safepoint    ] Leaving safepoint region
[2019-12-08T11:36:52.089+0000][1][safepoint    ] Total time for which application threads were stopped: 0.0000975 seconds, Stopping threads took: 0.0000241 seconds
[2019-12-08T11:36:53.089+0000][1][safepoint    ] Application time: 1.0000960 seconds
[2019-12-08T11:36:53.089+0000][1][safepoint    ] Entering safepoint region: Cleanup
[2019-12-08T11:36:53.089+0000][1][safepoint    ] Leaving safepoint region
[2019-12-08T11:36:53.089+0000][1][safepoint    ] Total time for which application threads were stopped: 0.0000814 seconds, Stopping threads took: 0.0000187 seconds
[2019-12-08T11:36:54.089+0000][1][safepoint    ] Application time: 1.0000971 seconds
[2019-12-08T11:36:54.089+0000][1][safepoint    ] Entering safepoint region: Cleanup
[2019-12-08T11:36:54.089+0000][1][safepoint    ] Leaving safepoint region
[2019-12-08T11:36:54.089+0000][1][safepoint    ] Total time for which application threads were stopped: 0.0000863 seconds, Stopping threads took: 0.0000194 seconds
[2019-12-08T11:36:55.089+0000][1][safepoint    ] Application time: 1.0000859 seconds
[2019-12-08T11:36:55.089+0000][1][safepoint    ] Entering safepoint region: Cleanup
[2019-12-08T11:36:55.089+0000][1][safepoint    ] Leaving safepoint region
[2019-12-08T11:36:55.089+0000][1][safepoint    ] Total time for which application threads were stopped: 0.0000886 seconds, Stopping threads took: 0.0000245 seconds
[2019-12-08T11:36:56.089+0000][1][safepoint    ] Application time: 1.0000860 seconds
[2019-12-08T11:36:56.089+0000][1][safepoint    ] Entering safepoint region: Cleanup
[2019-12-08T11:36:56.090+0000][1][safepoint    ] Leaving safepoint region
[2019-12-08T11:36:56.090+0000][1][safepoint    ] Total time for which application threads were stopped: 0.0000859 seconds, Stopping threads took: 0.0000188 seconds
[2019-12-08T11:36:57.090+0000][1][safepoint    ] Application time: 1.0000921 seconds
[2019-12-08T11:36:57.090+0000][1][safepoint    ] Entering safepoint region: Cleanup
[2019-12-08T11:36:57.090+0000][1][safepoint    ] Leaving safepoint region
[2019-12-08T11:36:57.090+0000][1][safepoint    ] Total time for which application threads were stopped: 0.0000835 seconds, Stopping threads took: 0.0000193 seconds
[2019-12-08T11:36:58.090+0000][1][safepoint    ] Application time: 1.0000821 seconds
[2019-12-08T11:36:58.090+0000][1][safepoint    ] Entering safepoint region: Cleanup
[2019-12-08T11:36:58.090+0000][1][safepoint    ] Leaving safepoint region
[2019-12-08T11:36:58.090+0000][1][safepoint    ] Total time for which application threads were stopped: 0.0000809 seconds, Stopping threads took: 0.0000181 seconds
[2019-12-08T11:36:59.090+0000][1][safepoint    ] Application time: 1.0000821 seconds
[2019-12-08T11:36:59.090+0000][1][safepoint    ] Entering safepoint region: Cleanup
[2019-12-08T11:36:59.090+0000][1][safepoint    ] Leaving safepoint region
[2019-12-08T11:36:59.090+0000][1][safepoint    ] Total time for which application threads were stopped: 0.0000851 seconds, Stopping threads took: 0.0000179 seconds
[2019-12-08T11:37:00.090+0000][1][safepoint    ] Application time: 1.0000528 seconds
[2019-12-08T11:37:00.090+0000][1][safepoint    ] Entering safepoint region: Cleanup
[2019-12-08T11:37:00.090+0000][1][safepoint    ] Leaving safepoint region
[2019-12-08T11:37:00.090+0000][1][safepoint    ] Total time for which application threads were stopped: 0.0000886 seconds, Stopping threads took: 0.0000190 seconds
[2019-12-08T11:37:01.090+0000][1][safepoint    ] Application time: 1.0000815 seconds
[2019-12-08T11:37:01.091+0000][1][safepoint    ] Entering safepoint region: Cleanup
[2019-12-08T11:37:01.091+0000][1][safepoint    ] Leaving safepoint region
[2019-12-08T11:37:01.091+0000][1][safepoint    ] Total time for which application threads were stopped: 0.0000845 seconds, Stopping threads took: 0.0000175 seconds
[2019-12-08T11:37:02.091+0000][1][safepoint    ] Application time: 1.0000922 seconds
[2019-12-08T11:37:02.091+0000][1][safepoint    ] Entering safepoint region: Cleanup
[2019-12-08T11:37:02.091+0000][1][safepoint    ] Leaving safepoint region
[2019-12-08T11:37:02.091+0000][1][safepoint    ] Total time for which application threads were stopped: 0.0001063 seconds, Stopping threads took: 0.0000202 seconds
[2019-12-08T11:37:03.091+0000][1][safepoint    ] Application time: 1.0000907 seconds
[2019-12-08T11:37:03.091+0000][1][safepoint    ] Entering safepoint region: Cleanup
[2019-12-08T11:37:03.091+0000][1][safepoint    ] Leaving safepoint region
[2019-12-08T11:37:03.091+0000][1][safepoint    ] Total time for which application threads were stopped: 0.0000952 seconds, Stopping threads took: 0.0000201 seconds
[2019-12-08T11:37:04.091+0000][1][safepoint    ] Application time: 1.0000909 seconds
[2019-12-08T11:37:04.091+0000][1][safepoint    ] Entering safepoint region: Cleanup
[2019-12-08T11:37:04.091+0000][1][safepoint    ] Leaving safepoint region
[2019-12-08T11:37:04.091+0000][1][safepoint    ] Total time for which application threads were stopped: 0.0000983 seconds, Stopping threads took: 0.0000190 seconds
[2019-12-08T11:37:05.091+0000][1][safepoint    ] Application time: 1.0000874 seconds
[2019-12-08T11:37:05.091+0000][1][safepoint    ] Entering safepoint region: Cleanup
[2019-12-08T11:37:05.092+0000][1][safepoint    ] Leaving safepoint region
[2019-12-08T11:37:05.092+0000][1][safepoint    ] Total time for which application threads were stopped: 0.0000921 seconds, Stopping threads took: 0.0000182 seconds
[2019-12-08T11:37:06.092+0000][1][safepoint    ] Application time: 1.0000891 seconds
[2019-12-08T11:37:06.092+0000][1][safepoint    ] Entering safepoint region: Cleanup
[2019-12-08T11:37:06.092+0000][1][safepoint    ] Leaving safepoint region
[2019-12-08T11:37:06.092+0000][1][safepoint    ] Total time for which application threads were stopped: 0.0000949 seconds, Stopping threads took: 0.0000189 seconds
[2019-12-08T11:37:07.092+0000][1][safepoint    ] Application time: 1.0000911 seconds
[2019-12-08T11:37:07.092+0000][1][safepoint    ] Entering safepoint region: Cleanup
[2019-12-08T11:37:07.092+0000][1][safepoint    ] Leaving safepoint region
[2019-12-08T11:37:07.092+0000][1][safepoint    ] Total time for which application threads were stopped: 0.0000924 seconds, Stopping threads took: 0.0000195 seconds
[2019-12-08T11:37:08.092+0000][1][safepoint    ] Application time: 1.0000826 seconds
[2019-12-08T11:37:08.092+0000][1][safepoint    ] Entering safepoint region: Cleanup
[2019-12-08T11:37:08.092+0000][1][safepoint    ] Leaving safepoint region
[2019-12-08T11:37:08.092+0000][1][safepoint    ] Total time for which application threads were stopped: 0.0000962 seconds, Stopping threads took: 0.0000190 seconds
[2019-12-08T11:37:09.092+0000][1][safepoint    ] Application time: 1.0000855 seconds
[2019-12-08T11:37:09.092+0000][1][safepoint    ] Entering safepoint region: Cleanup
[2019-12-08T11:37:09.092+0000][1][safepoint    ] Leaving safepoint region
[2019-12-08T11:37:09.092+0000][1][safepoint    ] Total time for which application threads were stopped: 0.0000965 seconds, Stopping threads took: 0.0000191 seconds
[2019-12-08T11:37:10.093+0000][1][safepoint    ] Application time: 1.0000824 seconds
[2019-12-08T11:37:10.093+0000][1][safepoint    ] Entering safepoint region: Cleanup
[2019-12-08T11:37:10.093+0000][1][safepoint    ] Leaving safepoint region
[2019-12-08T11:37:10.093+0000][1][safepoint    ] Total time for which application threads were stopped: 0.0001014 seconds, Stopping threads took: 0.0000185 seconds
[2019-12-08T11:37:11.093+0000][1][safepoint    ] Application time: 1.0000873 seconds
[2019-12-08T11:37:11.093+0000][1][safepoint    ] Entering safepoint region: Cleanup
[2019-12-08T11:37:11.093+0000][1][safepoint    ] Leaving safepoint region
[2019-12-08T11:37:11.093+0000][1][safepoint    ] Total time for which application threads were stopped: 0.0000928 seconds, Stopping threads took: 0.0000188 seconds
[2019-12-08T11:37:12.093+0000][1][safepoint    ] Application time: 1.0000838 seconds
[2019-12-08T11:37:12.093+0000][1][safepoint    ] Entering safepoint region: Cleanup
[2019-12-08T11:37:12.093+0000][1][safepoint    ] Leaving safepoint region
[2019-12-08T11:37:12.093+0000][1][safepoint    ] Total time for which application threads were stopped: 0.0000797 seconds, Stopping threads took: 0.0000158 seconds
[2019-12-08T11:37:13.093+0000][1][safepoint    ] Application time: 1.0000783 seconds
[2019-12-08T11:37:13.093+0000][1][safepoint    ] Entering safepoint region: Cleanup
[2019-12-08T11:37:13.093+0000][1][safepoint    ] Leaving safepoint region
[2019-12-08T11:37:13.093+0000][1][safepoint    ] Total time for which application threads were stopped: 0.0000922 seconds, Stopping threads took: 0.0000203 seconds
[2019-12-08T11:37:14.093+0000][1][safepoint    ] Application time: 1.0000896 seconds
[2019-12-08T11:37:14.093+0000][1][safepoint    ] Entering safepoint region: Cleanup
[2019-12-08T11:37:14.094+0000][1][safepoint    ] Leaving safepoint region
[2019-12-08T11:37:14.094+0000][1][safepoint    ] Total time for which application threads were stopped: 0.0000924 seconds, Stopping threads took: 0.0000192 seconds
[2019-12-08T11:37:15.094+0000][1][safepoint    ] Application time: 1.0000865 seconds
[2019-12-08T11:37:15.094+0000][1][safepoint    ] Entering safepoint region: Cleanup
[2019-12-08T11:37:15.094+0000][1][safepoint    ] Leaving safepoint region
[2019-12-08T11:37:15.094+0000][1][safepoint    ] Total time for which application threads were stopped: 0.0001146 seconds, Stopping threads took: 0.0000347 seconds
[2019-12-08T11:37:16.094+0000][1][safepoint    ] Application time: 1.0000939 seconds
[2019-12-08T11:37:16.094+0000][1][safepoint    ] Entering safepoint region: Cleanup
[2019-12-08T11:37:16.094+0000][1][safepoint    ] Leaving safepoint region
[2019-12-08T11:37:16.094+0000][1][safepoint    ] Total time for which application threads were stopped: 0.0000981 seconds, Stopping threads took: 0.0000185 seconds
[2019-12-08T11:37:17.094+0000][1][safepoint    ] Application time: 1.0000922 seconds
[2019-12-08T11:37:17.094+0000][1][safepoint    ] Entering safepoint region: Cleanup
[2019-12-08T11:37:17.094+0000][1][safepoint    ] Leaving safepoint region
[2019-12-08T11:37:17.094+0000][1][safepoint    ] Total time for which application threads were stopped: 0.0000995 seconds, Stopping threads took: 0.0000179 seconds
[2019-12-08T11:37:18.094+0000][1][safepoint    ] Application time: 1.0000856 seconds
[2019-12-08T11:37:18.094+0000][1][safepoint    ] Entering safepoint region: Cleanup
[2019-12-08T11:37:18.094+0000][1][safepoint    ] Leaving safepoint region
[2019-12-08T11:37:18.094+0000][1][safepoint    ] Total time for which application threads were stopped: 0.0000845 seconds, Stopping threads took: 0.0000188 seconds
[2019-12-08T11:37:19.095+0000][1][safepoint    ] Application time: 1.0000766 seconds
[2019-12-08T11:37:19.095+0000][1][safepoint    ] Entering safepoint region: Cleanup
[2019-12-08T11:37:19.095+0000][1][safepoint    ] Leaving safepoint region
[2019-12-08T11:37:19.095+0000][1][safepoint    ] Total time for which application threads were stopped: 0.0000885 seconds, Stopping threads took: 0.0000179 seconds
[2019-12-08T11:37:20.095+0000][1][safepoint    ] Application time: 1.0000944 seconds
[2019-12-08T11:37:20.095+0000][1][safepoint    ] Entering safepoint region: Cleanup
[2019-12-08T11:37:20.095+0000][1][safepoint    ] Leaving safepoint region
[2019-12-08T11:37:20.095+0000][1][safepoint    ] Total time for which application threads were stopped: 0.0000864 seconds, Stopping threads took: 0.0000182 seconds
[2019-12-08T11:37:21.095+0000][1][safepoint    ] Application time: 1.0000866 seconds
[2019-12-08T11:37:21.095+0000][1][safepoint    ] Entering safepoint region: Cleanup
[2019-12-08T11:37:21.095+0000][1][safepoint    ] Leaving safepoint region
[2019-12-08T11:37:21.095+0000][1][safepoint    ] Total time for which application threads were stopped: 0.0000920 seconds, Stopping threads took: 0.0000189 seconds
[2019-12-08T11:37:22.095+0000][1][safepoint    ] Application time: 1.0000865 seconds
[2019-12-08T11:37:22.095+0000][1][safepoint    ] Entering safepoint region: Cleanup
[2019-12-08T11:37:22.095+0000][1][safepoint    ] Leaving safepoint region
[2019-12-08T11:37:22.095+0000][1][safepoint    ] Total time for which application threads were stopped: 0.0000858 seconds, Stopping threads took: 0.0000182 seconds
[2019-12-08T11:37:23.095+0000][1][safepoint    ] Application time: 1.0000833 seconds
[2019-12-08T11:37:23.095+0000][1][safepoint    ] Entering safepoint region: Cleanup
[2019-12-08T11:37:23.095+0000][1][safepoint    ] Leaving safepoint region
[2019-12-08T11:37:23.096+0000][1][safepoint    ] Total time for which application threads were stopped: 0.0000862 seconds, Stopping threads took: 0.0000176 seconds
[2019-12-08T11:37:24.096+0000][1][safepoint    ] Application time: 1.0000825 seconds
[2019-12-08T11:37:24.096+0000][1][safepoint    ] Entering safepoint region: Cleanup
[2019-12-08T11:37:24.096+0000][1][safepoint    ] Leaving safepoint region
[2019-12-08T11:37:24.096+0000][1][safepoint    ] Total time for which application threads were stopped: 0.0000985 seconds, Stopping threads took: 0.0000173 seconds
[2019-12-08T11:37:25.096+0000][1][safepoint    ] Application time: 1.0000870 seconds
[2019-12-08T11:37:25.096+0000][1][safepoint    ] Entering safepoint region: Cleanup
[2019-12-08T11:37:25.096+0000][1][safepoint    ] Leaving safepoint region
[2019-12-08T11:37:25.096+0000][1][safepoint    ] Total time for which application threads were stopped: 0.0000897 seconds, Stopping threads took: 0.0000184 seconds
[2019-12-08T11:37:26.096+0000][1][safepoint    ] Application time: 1.0000878 seconds
[2019-12-08T11:37:26.096+0000][1][safepoint    ] Entering safepoint region: Cleanup
[2019-12-08T11:37:26.096+0000][1][safepoint    ] Leaving safepoint region
[2019-12-08T11:37:26.096+0000][1][safepoint    ] Total time for which application threads were stopped: 0.0000989 seconds, Stopping threads took: 0.0000189 seconds
[2019-12-08T11:37:27.096+0000][1][safepoint    ] Application time: 1.0001001 seconds
[2019-12-08T11:37:27.096+0000][1][safepoint    ] Entering safepoint region: Cleanup
[2019-12-08T11:37:27.096+0000][1][safepoint    ] Leaving safepoint region
[2019-12-08T11:37:27.096+0000][1][safepoint    ] Total time for which application threads were stopped: 0.0000905 seconds, Stopping threads took: 0.0000178 seconds
[2019-12-08T11:37:28.097+0000][1][safepoint    ] Application time: 1.0000925 seconds
[2019-12-08T11:37:28.097+0000][1][safepoint    ] Entering safepoint region: Cleanup
[2019-12-08T11:37:28.097+0000][1][safepoint    ] Leaving safepoint region
[2019-12-08T11:37:28.097+0000][1][safepoint    ] Total time for which application threads were stopped: 0.0000919 seconds, Stopping threads took: 0.0000175 seconds
[2019-12-08T11:37:29.185+0000][1][safepoint    ] Application time: 1.0886829 seconds
[2019-12-08T11:37:29.185+0000][1][safepoint    ] Entering safepoint region: Cleanup
[2019-12-08T11:37:29.186+0000][1][safepoint    ] Leaving safepoint region
[2019-12-08T11:37:29.186+0000][1][safepoint    ] Total time for which application threads were stopped: 0.0001674 seconds, Stopping threads took: 0.0000196 seconds
[2019-12-08T11:37:30.186+0000][1][safepoint    ] Application time: 1.0000771 seconds
[2019-12-08T11:37:30.186+0000][1][safepoint    ] Entering safepoint region: Cleanup
[2019-12-08T11:37:30.186+0000][1][safepoint    ] Leaving safepoint region
[2019-12-08T11:37:30.186+0000][1][safepoint    ] Total time for which application threads were stopped: 0.0000996 seconds, Stopping threads took: 0.0000200 seconds
[2019-12-08T11:37:31.186+0000][1][safepoint    ] Application time: 1.0000776 seconds
[2019-12-08T11:37:31.186+0000][1][safepoint    ] Entering safepoint region: Cleanup
[2019-12-08T11:37:31.186+0000][1][safepoint    ] Leaving safepoint region
[2019-12-08T11:37:31.186+0000][1][safepoint    ] Total time for which application threads were stopped: 0.0000855 seconds, Stopping threads took: 0.0000188 seconds
[2019-12-08T11:37:32.186+0000][1][safepoint    ] Application time: 1.0000780 seconds
[2019-12-08T11:37:32.186+0000][1][safepoint    ] Entering safepoint region: Cleanup
[2019-12-08T11:37:32.186+0000][1][safepoint    ] Leaving safepoint region
[2019-12-08T11:37:32.186+0000][1][safepoint    ] Total time for which application threads were stopped: 0.0000814 seconds, Stopping threads took: 0.0000183 seconds
[2019-12-08T11:37:33.186+0000][1][safepoint    ] Application time: 1.0000792 seconds
[2019-12-08T11:37:33.186+0000][1][safepoint    ] Entering safepoint region: Cleanup
[2019-12-08T11:37:33.186+0000][1][safepoint    ] Leaving safepoint region
[2019-12-08T11:37:33.186+0000][1][safepoint    ] Total time for which application threads were stopped: 0.0000936 seconds, Stopping threads took: 0.0000192 seconds
[2019-12-08T11:37:34.186+0000][1][safepoint    ] Application time: 1.0000790 seconds
[2019-12-08T11:37:34.186+0000][1][safepoint    ] Entering safepoint region: Cleanup
[2019-12-08T11:37:34.187+0000][1][safepoint    ] Leaving safepoint region
[2019-12-08T11:37:34.187+0000][1][safepoint    ] Total time for which application threads were stopped: 0.0000814 seconds, Stopping threads took: 0.0000171 seconds
[2019-12-08T11:37:35.187+0000][1][safepoint    ] Application time: 1.0000772 seconds
[2019-12-08T11:37:35.187+0000][1][safepoint    ] Entering safepoint region: Cleanup
[2019-12-08T11:37:35.187+0000][1][safepoint    ] Leaving safepoint region
[2019-12-08T11:37:35.187+0000][1][safepoint    ] Total time for which application threads were stopped: 0.0000913 seconds, Stopping threads took: 0.0000278 seconds
[2019-12-08T11:37:36.187+0000][1][safepoint    ] Application time: 1.0000805 seconds
[2019-12-08T11:37:36.187+0000][1][safepoint    ] Entering safepoint region: Cleanup
[2019-12-08T11:37:36.187+0000][1][safepoint    ] Leaving safepoint region
[2019-12-08T11:37:36.187+0000][1][safepoint    ] Total time for which application threads were stopped: 0.0000829 seconds, Stopping threads took: 0.0000202 seconds
[2019-12-08T11:37:37.187+0000][1][safepoint    ] Application time: 1.0000783 seconds
[2019-12-08T11:37:37.187+0000][1][safepoint    ] Entering safepoint region: Cleanup
[2019-12-08T11:37:37.187+0000][1][safepoint    ] Leaving safepoint region
[2019-12-08T11:37:37.187+0000][1][safepoint    ] Total time for which application threads were stopped: 0.0000877 seconds, Stopping threads took: 0.0000252 seconds
[2019-12-08T11:37:38.187+0000][1][safepoint    ] Application time: 1.0000828 seconds
[2019-12-08T11:37:38.187+0000][1][safepoint    ] Entering safepoint region: Cleanup
[2019-12-08T11:37:38.187+0000][1][safepoint    ] Leaving safepoint region
[2019-12-08T11:37:38.187+0000][1][safepoint    ] Total time for which application threads were stopped: 0.0000851 seconds, Stopping threads took: 0.0000155 seconds
[2019-12-08T11:37:39.188+0000][1][safepoint    ] Application time: 1.0000833 seconds
[2019-12-08T11:37:39.188+0000][1][safepoint    ] Entering safepoint region: Cleanup
[2019-12-08T11:37:39.188+0000][1][safepoint    ] Leaving safepoint region
[2019-12-08T11:37:39.188+0000][1][safepoint    ] Total time for which application threads were stopped: 0.0000971 seconds, Stopping threads took: 0.0000183 seconds
[2019-12-08T11:37:40.188+0000][1][safepoint    ] Application time: 1.0000825 seconds
[2019-12-08T11:37:40.188+0000][1][safepoint    ] Entering safepoint region: Cleanup
[2019-12-08T11:37:40.188+0000][1][safepoint    ] Leaving safepoint region
[2019-12-08T11:37:40.188+0000][1][safepoint    ] Total time for which application threads were stopped: 0.0000812 seconds, Stopping threads took: 0.0000178 seconds
[2019-12-08T11:37:41.188+0000][1][safepoint    ] Application time: 1.0000940 seconds
[2019-12-08T11:37:41.188+0000][1][safepoint    ] Entering safepoint region: Cleanup
[2019-12-08T11:37:41.188+0000][1][safepoint    ] Leaving safepoint region
[2019-12-08T11:37:41.188+0000][1][safepoint    ] Total time for which application threads were stopped: 0.0000818 seconds, Stopping threads took: 0.0000169 seconds
[2019-12-08T11:37:42.188+0000][1][safepoint    ] Application time: 1.0000815 seconds
[2019-12-08T11:37:42.188+0000][1][safepoint    ] Entering safepoint region: Cleanup
[2019-12-08T11:37:42.188+0000][1][safepoint    ] Leaving safepoint region
[2019-12-08T11:37:42.188+0000][1][safepoint    ] Total time for which application threads were stopped: 0.0000767 seconds, Stopping threads took: 0.0000158 seconds
[2019-12-08T11:37:43.188+0000][1][safepoint    ] Application time: 1.0000844 seconds
[2019-12-08T11:37:43.188+0000][1][safepoint    ] Entering safepoint region: Cleanup
[2019-12-08T11:37:43.188+0000][1][safepoint    ] Leaving safepoint region
[2019-12-08T11:37:43.188+0000][1][safepoint    ] Total time for which application threads were stopped: 0.0000859 seconds, Stopping threads took: 0.0000178 seconds
[2019-12-08T11:37:44.189+0000][1][safepoint    ] Application time: 1.0000830 seconds
[2019-12-08T11:37:44.189+0000][1][safepoint    ] Entering safepoint region: Cleanup
[2019-12-08T11:37:44.189+0000][1][safepoint    ] Leaving safepoint region
[2019-12-08T11:37:44.189+0000][1][safepoint    ] Total time for which application threads were stopped: 0.0000845 seconds, Stopping threads took: 0.0000165 seconds
[2019-12-08T11:37:45.189+0000][1][safepoint    ] Application time: 1.0000828 seconds
[2019-12-08T11:37:45.189+0000][1][safepoint    ] Entering safepoint region: Cleanup
[2019-12-08T11:37:45.189+0000][1][safepoint    ] Leaving safepoint region
[2019-12-08T11:37:45.189+0000][1][safepoint    ] Total time for which application threads were stopped: 0.0000839 seconds, Stopping threads took: 0.0000162 seconds
[2019-12-08T11:37:46.189+0000][1][safepoint    ] Application time: 1.0000817 seconds
[2019-12-08T11:37:46.189+0000][1][safepoint    ] Entering safepoint region: Cleanup
[2019-12-08T11:37:46.189+0000][1][safepoint    ] Leaving safepoint region
[2019-12-08T11:37:46.189+0000][1][safepoint    ] Total time for which application threads were stopped: 0.0000814 seconds, Stopping threads took: 0.0000164 seconds
[2019-12-08T11:37:47.189+0000][1][safepoint    ] Application time: 1.0000850 seconds
[2019-12-08T11:37:47.189+0000][1][safepoint    ] Entering safepoint region: Cleanup
[2019-12-08T11:37:47.189+0000][1][safepoint    ] Leaving safepoint region
[2019-12-08T11:37:47.189+0000][1][safepoint    ] Total time for which application threads were stopped: 0.0001004 seconds, Stopping threads took: 0.0000259 seconds
[2019-12-08T11:37:48.189+0000][1][safepoint    ] Application time: 1.0000867 seconds
[2019-12-08T11:37:48.189+0000][1][safepoint    ] Entering safepoint region: Cleanup
[2019-12-08T11:37:48.190+0000][1][safepoint    ] Leaving safepoint region
[2019-12-08T11:37:48.190+0000][1][safepoint    ] Total time for which application threads were stopped: 0.0001286 seconds, Stopping threads took: 0.0000548 seconds
[2019-12-08T11:37:49.190+0000][1][safepoint    ] Application time: 1.0000904 seconds
[2019-12-08T11:37:49.190+0000][1][safepoint    ] Entering safepoint region: Cleanup
[2019-12-08T11:37:49.190+0000][1][safepoint    ] Leaving safepoint region
[2019-12-08T11:37:49.190+0000][1][safepoint    ] Total time for which application threads were stopped: 0.0001159 seconds, Stopping threads took: 0.0000499 seconds
[2019-12-08T11:37:50.190+0000][1][safepoint    ] Application time: 1.0000876 seconds
[2019-12-08T11:37:50.190+0000][1][safepoint    ] Entering safepoint region: Cleanup
[2019-12-08T11:37:50.190+0000][1][safepoint    ] Leaving safepoint region
[2019-12-08T11:37:50.190+0000][1][safepoint    ] Total time for which application threads were stopped: 0.0000849 seconds, Stopping threads took: 0.0000216 seconds
[2019-12-08T11:37:51.190+0000][1][safepoint    ] Application time: 1.0000757 seconds
[2019-12-08T11:37:51.190+0000][1][safepoint    ] Entering safepoint region: Cleanup
[2019-12-08T11:37:51.190+0000][1][safepoint    ] Leaving safepoint region
[2019-12-08T11:37:51.190+0000][1][safepoint    ] Total time for which application threads were stopped: 0.0000780 seconds, Stopping threads took: 0.0000164 seconds
[2019-12-08T11:37:52.191+0000][1][safepoint    ] Application time: 1.0004261 seconds
[2019-12-08T11:37:52.191+0000][1][safepoint    ] Entering safepoint region: Cleanup
[2019-12-08T11:37:52.191+0000][1][safepoint    ] Leaving safepoint region
[2019-12-08T11:37:52.191+0000][1][safepoint    ] Total time for which application threads were stopped: 0.0000882 seconds, Stopping threads took: 0.0000198 seconds
[2019-12-08T11:37:53.191+0000][1][safepoint    ] Application time: 1.0000798 seconds
[2019-12-08T11:37:53.191+0000][1][safepoint    ] Entering safepoint region: Cleanup
[2019-12-08T11:37:53.191+0000][1][safepoint    ] Leaving safepoint region
[2019-12-08T11:37:53.191+0000][1][safepoint    ] Total time for which application threads were stopped: 0.0000892 seconds, Stopping threads took: 0.0000195 seconds
[2019-12-08T11:37:54.191+0000][1][safepoint    ] Application time: 1.0000785 seconds
[2019-12-08T11:37:54.191+0000][1][safepoint    ] Entering safepoint region: Cleanup
[2019-12-08T11:37:54.191+0000][1][safepoint    ] Leaving safepoint region
[2019-12-08T11:37:54.191+0000][1][safepoint    ] Total time for which application threads were stopped: 0.0000814 seconds, Stopping threads took: 0.0000180 seconds
[2019-12-08T11:37:55.191+0000][1][safepoint    ] Application time: 1.0000775 seconds
[2019-12-08T11:37:55.191+0000][1][safepoint    ] Entering safepoint region: Cleanup
[2019-12-08T11:37:55.191+0000][1][safepoint    ] Leaving safepoint region
[2019-12-08T11:37:55.191+0000][1][safepoint    ] Total time for which application threads were stopped: 0.0000866 seconds, Stopping threads took: 0.0000209 seconds
[2019-12-08T11:37:56.192+0000][1][safepoint    ] Application time: 1.0000757 seconds
[2019-12-08T11:37:56.192+0000][1][safepoint    ] Entering safepoint region: Cleanup
[2019-12-08T11:37:56.192+0000][1][safepoint    ] Leaving safepoint region
[2019-12-08T11:37:56.192+0000][1][safepoint    ] Total time for which application threads were stopped: 0.0000888 seconds, Stopping threads took: 0.0000259 seconds
[2019-12-08T11:37:57.192+0000][1][safepoint    ] Application time: 1.0000792 seconds
[2019-12-08T11:37:57.192+0000][1][safepoint    ] Entering safepoint region: Cleanup
[2019-12-08T11:37:57.192+0000][1][safepoint    ] Leaving safepoint region
[2019-12-08T11:37:57.192+0000][1][safepoint    ] Total time for which application threads were stopped: 0.0000905 seconds, Stopping threads took: 0.0000255 seconds
[2019-12-08T11:37:58.192+0000][1][safepoint    ] Application time: 1.0000804 seconds
[2019-12-08T11:37:58.192+0000][1][safepoint    ] Entering safepoint region: Cleanup
[2019-12-08T11:37:58.192+0000][1][safepoint    ] Leaving safepoint region
[2019-12-08T11:37:58.192+0000][1][safepoint    ] Total time for which application threads were stopped: 0.0000872 seconds, Stopping threads took: 0.0000217 seconds
[2019-12-08T11:37:59.192+0000][1][safepoint    ] Application time: 1.0000804 seconds
[2019-12-08T11:37:59.192+0000][1][safepoint    ] Entering safepoint region: Cleanup
[2019-12-08T11:37:59.192+0000][1][safepoint    ] Leaving safepoint region
[2019-12-08T11:37:59.192+0000][1][safepoint    ] Total time for which application threads were stopped: 0.0000888 seconds, Stopping threads took: 0.0000193 seconds
[2019-12-08T11:38:00.192+0000][1][safepoint    ] Application time: 1.0000801 seconds
[2019-12-08T11:38:00.192+0000][1][safepoint    ] Entering safepoint region: Cleanup
[2019-12-08T11:38:00.192+0000][1][safepoint    ] Leaving safepoint region
[2019-12-08T11:38:00.192+0000][1][safepoint    ] Total time for which application threads were stopped: 0.0000872 seconds, Stopping threads took: 0.0000218 seconds
[2019-12-08T11:38:01.193+0000][1][safepoint    ] Application time: 1.0000822 seconds
[2019-12-08T11:38:01.193+0000][1][safepoint    ] Entering safepoint region: Cleanup
[2019-12-08T11:38:01.193+0000][1][safepoint    ] Leaving safepoint region
[2019-12-08T11:38:01.193+0000][1][safepoint    ] Total time for which application threads were stopped: 0.0001082 seconds, Stopping threads took: 0.0000189 seconds
[2019-12-08T11:38:02.193+0000][1][safepoint    ] Application time: 1.0000887 seconds
[2019-12-08T11:38:02.193+0000][1][safepoint    ] Entering safepoint region: Cleanup
[2019-12-08T11:38:02.193+0000][1][safepoint    ] Leaving safepoint region
[2019-12-08T11:38:02.193+0000][1][safepoint    ] Total time for which application threads were stopped: 0.0001290 seconds, Stopping threads took: 0.0000282 seconds
[2019-12-08T11:38:03.193+0000][1][safepoint    ] Application time: 1.0000811 seconds
[2019-12-08T11:38:03.193+0000][1][safepoint    ] Entering safepoint region: Cleanup
[2019-12-08T11:38:03.193+0000][1][safepoint    ] Leaving safepoint region
[2019-12-08T11:38:03.193+0000][1][safepoint    ] Total time for which application threads were stopped: 0.0000843 seconds, Stopping threads took: 0.0000194 seconds
[2019-12-08T11:38:04.193+0000][1][safepoint    ] Application time: 1.0000855 seconds
[2019-12-08T11:38:04.193+0000][1][safepoint    ] Entering safepoint region: Cleanup
[2019-12-08T11:38:04.193+0000][1][safepoint    ] Leaving safepoint region
[2019-12-08T11:38:04.193+0000][1][safepoint    ] Total time for which application threads were stopped: 0.0000857 seconds, Stopping threads took: 0.0000203 seconds
[2019-12-08T11:38:05.194+0000][1][safepoint    ] Application time: 1.0000811 seconds
[2019-12-08T11:38:05.194+0000][1][safepoint    ] Entering safepoint region: Cleanup
[2019-12-08T11:38:05.194+0000][1][safepoint    ] Leaving safepoint region
[2019-12-08T11:38:05.194+0000][1][safepoint    ] Total time for which application threads were stopped: 0.0000849 seconds, Stopping threads took: 0.0000189 seconds
[2019-12-08T11:38:06.198+0000][1][safepoint    ] Application time: 1.0041433 seconds
[2019-12-08T11:38:06.198+0000][1][safepoint    ] Entering safepoint region: Cleanup
[2019-12-08T11:38:06.198+0000][1][safepoint    ] Leaving safepoint region
[2019-12-08T11:38:06.198+0000][1][safepoint    ] Total time for which application threads were stopped: 0.0000842 seconds, Stopping threads took: 0.0000154 seconds
[2019-12-08T11:38:07.198+0000][1][safepoint    ] Application time: 1.0000834 seconds
[2019-12-08T11:38:07.198+0000][1][safepoint    ] Entering safepoint region: Cleanup
[2019-12-08T11:38:07.198+0000][1][safepoint    ] Leaving safepoint region
[2019-12-08T11:38:07.198+0000][1][safepoint    ] Total time for which application threads were stopped: 0.0000891 seconds, Stopping threads took: 0.0000156 seconds
[2019-12-08T11:38:08.198+0000][1][safepoint    ] Application time: 1.0000776 seconds
[2019-12-08T11:38:08.198+0000][1][safepoint    ] Entering safepoint region: Cleanup
[2019-12-08T11:38:08.198+0000][1][safepoint    ] Leaving safepoint region
[2019-12-08T11:38:08.198+0000][1][safepoint    ] Total time for which application threads were stopped: 0.0000872 seconds, Stopping threads took: 0.0000274 seconds
[2019-12-08T11:38:09.198+0000][1][safepoint    ] Application time: 1.0000805 seconds
[2019-12-08T11:38:09.198+0000][1][safepoint    ] Entering safepoint region: Cleanup
[2019-12-08T11:38:09.199+0000][1][safepoint    ] Leaving safepoint region
[2019-12-08T11:38:09.199+0000][1][safepoint    ] Total time for which application threads were stopped: 0.0000951 seconds, Stopping threads took: 0.0000171 seconds
[2019-12-08T11:38:10.199+0000][1][safepoint    ] Application time: 1.0000806 seconds
[2019-12-08T11:38:10.199+0000][1][safepoint    ] Entering safepoint region: Cleanup
[2019-12-08T11:38:10.199+0000][1][safepoint    ] Leaving safepoint region
[2019-12-08T11:38:10.199+0000][1][safepoint    ] Total time for which application threads were stopped: 0.0001075 seconds, Stopping threads took: 0.0000165 seconds
[2019-12-08T11:38:11.199+0000][1][safepoint    ] Application time: 1.0000820 seconds
[2019-12-08T11:38:11.199+0000][1][safepoint    ] Entering safepoint region: Cleanup
[2019-12-08T11:38:11.199+0000][1][safepoint    ] Leaving safepoint region
[2019-12-08T11:38:11.199+0000][1][safepoint    ] Total time for which application threads were stopped: 0.0000839 seconds, Stopping threads took: 0.0000169 seconds
[2019-12-08T11:38:12.199+0000][1][safepoint    ] Application time: 1.0000824 seconds
[2019-12-08T11:38:12.199+0000][1][safepoint    ] Entering safepoint region: Cleanup
[2019-12-08T11:38:12.199+0000][1][safepoint    ] Leaving safepoint region
[2019-12-08T11:38:12.199+0000][1][safepoint    ] Total time for which application threads were stopped: 0.0000827 seconds, Stopping threads took: 0.0000177 seconds
[2019-12-08T11:38:13.199+0000][1][safepoint    ] Application time: 1.0000890 seconds
[2019-12-08T11:38:13.199+0000][1][safepoint    ] Entering safepoint region: Cleanup
[2019-12-08T11:38:13.199+0000][1][safepoint    ] Leaving safepoint region
[2019-12-08T11:38:13.199+0000][1][safepoint    ] Total time for which application threads were stopped: 0.0001036 seconds, Stopping threads took: 0.0000178 seconds
[2019-12-08T11:38:14.200+0000][1][safepoint    ] Application time: 1.0000789 seconds
[2019-12-08T11:38:14.200+0000][1][safepoint    ] Entering safepoint region: Cleanup
[2019-12-08T11:38:14.200+0000][1][safepoint    ] Leaving safepoint region
[2019-12-08T11:38:14.200+0000][1][safepoint    ] Total time for which application threads were stopped: 0.0000818 seconds, Stopping threads took: 0.0000162 seconds
[2019-12-08T11:38:15.200+0000][1][safepoint    ] Application time: 1.0000819 seconds
[2019-12-08T11:38:15.200+0000][1][safepoint    ] Entering safepoint region: Cleanup
[2019-12-08T11:38:15.200+0000][1][safepoint    ] Leaving safepoint region
[2019-12-08T11:38:15.200+0000][1][safepoint    ] Total time for which application threads were stopped: 0.0000780 seconds, Stopping threads took: 0.0000157 seconds
[2019-12-08T11:38:16.200+0000][1][safepoint    ] Application time: 1.0000801 seconds
[2019-12-08T11:38:16.200+0000][1][safepoint    ] Entering safepoint region: Cleanup
[2019-12-08T11:38:16.200+0000][1][safepoint    ] Leaving safepoint region
[2019-12-08T11:38:16.200+0000][1][safepoint    ] Total time for which application threads were stopped: 0.0000805 seconds, Stopping threads took: 0.0000159 seconds
[2019-12-08T11:38:17.200+0000][1][safepoint    ] Application time: 1.0000786 seconds
[2019-12-08T11:38:17.200+0000][1][safepoint    ] Entering safepoint region: Cleanup
[2019-12-08T11:38:17.200+0000][1][safepoint    ] Leaving safepoint region
[2019-12-08T11:38:17.200+0000][1][safepoint    ] Total time for which application threads were stopped: 0.0000865 seconds, Stopping threads took: 0.0000172 seconds
[2019-12-08T11:38:18.200+0000][1][safepoint    ] Application time: 1.0000833 seconds
[2019-12-08T11:38:18.200+0000][1][safepoint    ] Entering safepoint region: Cleanup
[2019-12-08T11:38:18.200+0000][1][safepoint    ] Leaving safepoint region
[2019-12-08T11:38:18.200+0000][1][safepoint    ] Total time for which application threads were stopped: 0.0000876 seconds, Stopping threads took: 0.0000186 seconds
[2019-12-08T11:38:19.201+0000][1][safepoint    ] Application time: 1.0000836 seconds
[2019-12-08T11:38:19.201+0000][1][safepoint    ] Entering safepoint region: Cleanup
[2019-12-08T11:38:19.201+0000][1][safepoint    ] Leaving safepoint region
[2019-12-08T11:38:19.201+0000][1][safepoint    ] Total time for which application threads were stopped: 0.0001762 seconds, Stopping threads took: 0.0000612 seconds
[2019-12-08T11:38:20.201+0000][1][safepoint    ] Application time: 1.0000910 seconds
[2019-12-08T11:38:20.201+0000][1][safepoint    ] Entering safepoint region: Cleanup
[2019-12-08T11:38:20.201+0000][1][safepoint    ] Leaving safepoint region
[2019-12-08T11:38:20.201+0000][1][safepoint    ] Total time for which application threads were stopped: 0.0000981 seconds, Stopping threads took: 0.0000216 seconds
[2019-12-08T11:38:21.201+0000][1][safepoint    ] Application time: 1.0000879 seconds
[2019-12-08T11:38:21.201+0000][1][safepoint    ] Entering safepoint region: Cleanup
[2019-12-08T11:38:21.201+0000][1][safepoint    ] Leaving safepoint region
[2019-12-08T11:38:21.201+0000][1][safepoint    ] Total time for which application threads were stopped: 0.0000838 seconds, Stopping threads took: 0.0000159 seconds
[2019-12-08T11:38:22.201+0000][1][safepoint    ] Application time: 1.0000804 seconds
[2019-12-08T11:38:22.201+0000][1][safepoint    ] Entering safepoint region: Cleanup
[2019-12-08T11:38:22.201+0000][1][safepoint    ] Leaving safepoint region
[2019-12-08T11:38:22.201+0000][1][safepoint    ] Total time for which application threads were stopped: 0.0000854 seconds, Stopping threads took: 0.0000192 seconds
[2019-12-08T11:38:23.201+0000][1][safepoint    ] Application time: 1.0000818 seconds
[2019-12-08T11:38:23.202+0000][1][safepoint    ] Entering safepoint region: Cleanup
[2019-12-08T11:38:23.202+0000][1][safepoint    ] Leaving safepoint region
[2019-12-08T11:38:23.202+0000][1][safepoint    ] Total time for which application threads were stopped: 0.0000877 seconds, Stopping threads took: 0.0000211 seconds
[2019-12-08T11:38:24.202+0000][1][safepoint    ] Application time: 1.0000768 seconds
[2019-12-08T11:38:24.202+0000][1][safepoint    ] Entering safepoint region: Cleanup
[2019-12-08T11:38:24.202+0000][1][safepoint    ] Leaving safepoint region
[2019-12-08T11:38:24.202+0000][1][safepoint    ] Total time for which application threads were stopped: 0.0000830 seconds, Stopping threads took: 0.0000187 seconds
[2019-12-08T11:38:25.202+0000][1][safepoint    ] Application time: 1.0000773 seconds
[2019-12-08T11:38:25.202+0000][1][safepoint    ] Entering safepoint region: Cleanup
[2019-12-08T11:38:25.202+0000][1][safepoint    ] Leaving safepoint region
[2019-12-08T11:38:25.202+0000][1][safepoint    ] Total time for which application threads were stopped: 0.0000839 seconds, Stopping threads took: 0.0000182 seconds
[2019-12-08T11:38:26.202+0000][1][safepoint    ] Application time: 1.0000756 seconds
[2019-12-08T11:38:26.202+0000][1][safepoint    ] Entering safepoint region: Cleanup
[2019-12-08T11:38:26.202+0000][1][safepoint    ] Leaving safepoint region
[2019-12-08T11:38:26.202+0000][1][safepoint    ] Total time for which application threads were stopped: 0.0000810 seconds, Stopping threads took: 0.0000177 seconds
[2019-12-08T11:38:27.202+0000][1][safepoint    ] Application time: 1.0000780 seconds
[2019-12-08T11:38:27.202+0000][1][safepoint    ] Entering safepoint region: Cleanup
[2019-12-08T11:38:27.202+0000][1][safepoint    ] Leaving safepoint region
[2019-12-08T11:38:27.202+0000][1][safepoint    ] Total time for which application threads were stopped: 0.0000899 seconds, Stopping threads took: 0.0000186 seconds
[2019-12-08T11:38:28.203+0000][1][safepoint    ] Application time: 1.0000773 seconds
[2019-12-08T11:38:28.203+0000][1][safepoint    ] Entering safepoint region: Cleanup
[2019-12-08T11:38:28.203+0000][1][safepoint    ] Leaving safepoint region
[2019-12-08T11:38:28.203+0000][1][safepoint    ] Total time for which application threads were stopped: 0.0000843 seconds, Stopping threads took: 0.0000193 seconds
[2019-12-08T11:38:29.203+0000][1][safepoint    ] Application time: 1.0000761 seconds
[2019-12-08T11:38:29.203+0000][1][safepoint    ] Entering safepoint region: Cleanup
[2019-12-08T11:38:29.203+0000][1][safepoint    ] Leaving safepoint region
[2019-12-08T11:38:29.203+0000][1][safepoint    ] Total time for which application threads were stopped: 0.0000828 seconds, Stopping threads took: 0.0000200 seconds
[2019-12-08T11:38:30.203+0000][1][safepoint    ] Application time: 1.0000775 seconds
[2019-12-08T11:38:30.203+0000][1][safepoint    ] Entering safepoint region: Cleanup
[2019-12-08T11:38:30.203+0000][1][safepoint    ] Leaving safepoint region
[2019-12-08T11:38:30.203+0000][1][safepoint    ] Total time for which application threads were stopped: 0.0000860 seconds, Stopping threads took: 0.0000178 seconds
[2019-12-08T11:38:31.203+0000][1][safepoint    ] Application time: 1.0000771 seconds
[2019-12-08T11:38:31.203+0000][1][safepoint    ] Entering safepoint region: Cleanup
[2019-12-08T11:38:31.203+0000][1][safepoint    ] Leaving safepoint region
[2019-12-08T11:38:31.203+0000][1][safepoint    ] Total time for which application threads were stopped: 0.0000828 seconds, Stopping threads took: 0.0000194 seconds
[2019-12-08T11:38:32.203+0000][1][safepoint    ] Application time: 1.0000763 seconds
[2019-12-08T11:38:32.203+0000][1][safepoint    ] Entering safepoint region: Cleanup
[2019-12-08T11:38:32.203+0000][1][safepoint    ] Leaving safepoint region
[2019-12-08T11:38:32.203+0000][1][safepoint    ] Total time for which application threads were stopped: 0.0000812 seconds, Stopping threads took: 0.0000176 seconds
[2019-12-08T11:38:33.204+0000][1][safepoint    ] Application time: 1.0000744 seconds
[2019-12-08T11:38:33.204+0000][1][safepoint    ] Entering safepoint region: Cleanup
[2019-12-08T11:38:33.204+0000][1][safepoint    ] Leaving safepoint region
[2019-12-08T11:38:33.204+0000][1][safepoint    ] Total time for which application threads were stopped: 0.0000896 seconds, Stopping threads took: 0.0000216 seconds
[2019-12-08T11:38:34.204+0000][1][safepoint    ] Application time: 1.0000794 seconds
[2019-12-08T11:38:34.204+0000][1][safepoint    ] Entering safepoint region: Cleanup
[2019-12-08T11:38:34.204+0000][1][safepoint    ] Leaving safepoint region
[2019-12-08T11:38:34.204+0000][1][safepoint    ] Total time for which application threads were stopped: 0.0000853 seconds, Stopping threads took: 0.0000194 seconds
[2019-12-08T11:38:35.204+0000][1][safepoint    ] Application time: 1.0000794 seconds
[2019-12-08T11:38:35.204+0000][1][safepoint    ] Entering safepoint region: Cleanup
[2019-12-08T11:38:35.204+0000][1][safepoint    ] Leaving safepoint region
[2019-12-08T11:38:35.204+0000][1][safepoint    ] Total time for which application threads were stopped: 0.0000899 seconds, Stopping threads took: 0.0000192 seconds
[2019-12-08T11:38:36.204+0000][1][safepoint    ] Application time: 1.0000775 seconds
[2019-12-08T11:38:36.204+0000][1][safepoint    ] Entering safepoint region: Cleanup
[2019-12-08T11:38:36.204+0000][1][safepoint    ] Leaving safepoint region
[2019-12-08T11:38:36.204+0000][1][safepoint    ] Total time for which application threads were stopped: 0.0000794 seconds, Stopping threads took: 0.0000173 seconds
[2019-12-08T11:38:37.204+0000][1][safepoint    ] Application time: 1.0000778 seconds
[2019-12-08T11:38:37.204+0000][1][safepoint    ] Entering safepoint region: Cleanup
[2019-12-08T11:38:37.204+0000][1][safepoint    ] Leaving safepoint region
[2019-12-08T11:38:37.204+0000][1][safepoint    ] Total time for which application threads were stopped: 0.0000798 seconds, Stopping threads took: 0.0000177 seconds
[2019-12-08T11:38:38.205+0000][1][safepoint    ] Application time: 1.0000794 seconds
[2019-12-08T11:38:38.205+0000][1][safepoint    ] Entering safepoint region: Cleanup
[2019-12-08T11:38:38.205+0000][1][safepoint    ] Leaving safepoint region
[2019-12-08T11:38:38.205+0000][1][safepoint    ] Total time for which application threads were stopped: 0.0000880 seconds, Stopping threads took: 0.0000193 seconds
[2019-12-08T11:38:39.205+0000][1][safepoint    ] Application time: 1.0000789 seconds
[2019-12-08T11:38:39.205+0000][1][safepoint    ] Entering safepoint region: Cleanup
[2019-12-08T11:38:39.205+0000][1][safepoint    ] Leaving safepoint region
[2019-12-08T11:38:39.205+0000][1][safepoint    ] Total time for which application threads were stopped: 0.0000806 seconds, Stopping threads took: 0.0000173 seconds
[2019-12-08T11:38:40.205+0000][1][safepoint    ] Application time: 1.0000798 seconds
[2019-12-08T11:38:40.205+0000][1][safepoint    ] Entering safepoint region: Cleanup
[2019-12-08T11:38:40.205+0000][1][safepoint    ] Leaving safepoint region
[2019-12-08T11:38:40.205+0000][1][safepoint    ] Total time for which application threads were stopped: 0.0000834 seconds, Stopping threads took: 0.0000188 seconds
[2019-12-08T11:38:41.205+0000][1][safepoint    ] Application time: 1.0000765 seconds
[2019-12-08T11:38:41.205+0000][1][safepoint    ] Entering safepoint region: Cleanup
[2019-12-08T11:38:41.205+0000][1][safepoint    ] Leaving safepoint region
[2019-12-08T11:38:41.205+0000][1][safepoint    ] Total time for which application threads were stopped: 0.0000798 seconds, Stopping threads took: 0.0000176 seconds
[2019-12-08T11:38:42.205+0000][1][safepoint    ] Application time: 1.0000742 seconds
[2019-12-08T11:38:42.205+0000][1][safepoint    ] Entering safepoint region: Cleanup
[2019-12-08T11:38:42.205+0000][1][safepoint    ] Leaving safepoint region
[2019-12-08T11:38:42.205+0000][1][safepoint    ] Total time for which application threads were stopped: 0.0000761 seconds, Stopping threads took: 0.0000165 seconds
[2019-12-08T11:38:43.206+0000][1][safepoint    ] Application time: 1.0000796 seconds
[2019-12-08T11:38:43.206+0000][1][safepoint    ] Entering safepoint region: Cleanup
[2019-12-08T11:38:43.206+0000][1][safepoint    ] Leaving safepoint region
[2019-12-08T11:38:43.206+0000][1][safepoint    ] Total time for which application threads were stopped: 0.0000853 seconds, Stopping threads took: 0.0000202 seconds
[2019-12-08T11:38:44.206+0000][1][safepoint    ] Application time: 1.0000766 seconds
[2019-12-08T11:38:44.206+0000][1][safepoint    ] Entering safepoint region: Cleanup
[2019-12-08T11:38:44.206+0000][1][safepoint    ] Leaving safepoint region
[2019-12-08T11:38:44.206+0000][1][safepoint    ] Total time for which application threads were stopped: 0.0000802 seconds, Stopping threads took: 0.0000182 seconds
[2019-12-08T11:38:45.206+0000][1][safepoint    ] Application time: 1.0000770 seconds
[2019-12-08T11:38:45.206+0000][1][safepoint    ] Entering safepoint region: Cleanup
[2019-12-08T11:38:45.206+0000][1][safepoint    ] Leaving safepoint region
[2019-12-08T11:38:45.206+0000][1][safepoint    ] Total time for which application threads were stopped: 0.0000830 seconds, Stopping threads took: 0.0000182 seconds
[2019-12-08T11:38:46.206+0000][1][safepoint    ] Application time: 1.0000788 seconds
[2019-12-08T11:38:46.206+0000][1][safepoint    ] Entering safepoint region: Cleanup
[2019-12-08T11:38:46.206+0000][1][safepoint    ] Leaving safepoint region
[2019-12-08T11:38:46.206+0000][1][safepoint    ] Total time for which application threads were stopped: 0.0000821 seconds, Stopping threads took: 0.0000175 seconds
[2019-12-08T11:38:47.206+0000][1][safepoint    ] Application time: 1.0000817 seconds
[2019-12-08T11:38:47.206+0000][1][safepoint    ] Entering safepoint region: Cleanup
[2019-12-08T11:38:47.206+0000][1][safepoint    ] Leaving safepoint region
[2019-12-08T11:38:47.206+0000][1][safepoint    ] Total time for which application threads were stopped: 0.0001009 seconds, Stopping threads took: 0.0000194 seconds
[2019-12-08T11:38:48.207+0000][1][safepoint    ] Application time: 1.0000816 seconds
[2019-12-08T11:38:48.207+0000][1][safepoint    ] Entering safepoint region: Cleanup
[2019-12-08T11:38:48.207+0000][1][safepoint    ] Leaving safepoint region
[2019-12-08T11:38:48.207+0000][1][safepoint    ] Total time for which application threads were stopped: 0.0000964 seconds, Stopping threads took: 0.0000195 seconds
[2019-12-08T11:38:49.207+0000][1][safepoint    ] Application time: 1.0000787 seconds
[2019-12-08T11:38:49.207+0000][1][safepoint    ] Entering safepoint region: Cleanup
[2019-12-08T11:38:49.207+0000][1][safepoint    ] Leaving safepoint region
[2019-12-08T11:38:49.207+0000][1][safepoint    ] Total time for which application threads were stopped: 0.0000830 seconds, Stopping threads took: 0.0000185 seconds
[2019-12-08T11:38:50.207+0000][1][safepoint    ] Application time: 1.0000865 seconds
[2019-12-08T11:38:50.207+0000][1][safepoint    ] Entering safepoint region: Cleanup
[2019-12-08T11:38:50.207+0000][1][safepoint    ] Leaving safepoint region
[2019-12-08T11:38:50.207+0000][1][safepoint    ] Total time for which application threads were stopped: 0.0000874 seconds, Stopping threads took: 0.0000186 seconds
[2019-12-08T11:38:51.207+0000][1][safepoint    ] Application time: 1.0000800 seconds
[2019-12-08T11:38:51.207+0000][1][safepoint    ] Entering safepoint region: Cleanup
[2019-12-08T11:38:51.207+0000][1][safepoint    ] Leaving safepoint region
[2019-12-08T11:38:51.207+0000][1][safepoint    ] Total time for which application threads were stopped: 0.0000803 seconds, Stopping threads took: 0.0000170 seconds
[2019-12-08T11:38:52.207+0000][1][safepoint    ] Application time: 1.0000804 seconds
[2019-12-08T11:38:52.207+0000][1][safepoint    ] Entering safepoint region: Cleanup
[2019-12-08T11:38:52.208+0000][1][safepoint    ] Leaving safepoint region
[2019-12-08T11:38:52.208+0000][1][safepoint    ] Total time for which application threads were stopped: 0.0000840 seconds, Stopping threads took: 0.0000182 seconds
[2019-12-08T11:38:53.208+0000][1][safepoint    ] Application time: 1.0000868 seconds
[2019-12-08T11:38:53.208+0000][1][safepoint    ] Entering safepoint region: Cleanup
[2019-12-08T11:38:53.208+0000][1][safepoint    ] Leaving safepoint region
[2019-12-08T11:38:53.208+0000][1][safepoint    ] Total time for which application threads were stopped: 0.0001406 seconds, Stopping threads took: 0.0000316 seconds
[2019-12-08T11:38:54.208+0000][1][safepoint    ] Application time: 1.0000824 seconds
[2019-12-08T11:38:54.208+0000][1][safepoint    ] Entering safepoint region: Cleanup
[2019-12-08T11:38:54.208+0000][1][safepoint    ] Leaving safepoint region
[2019-12-08T11:38:54.208+0000][1][safepoint    ] Total time for which application threads were stopped: 0.0000854 seconds, Stopping threads took: 0.0000189 seconds
[2019-12-08T11:38:55.208+0000][1][safepoint    ] Application time: 1.0000778 seconds
[2019-12-08T11:38:55.208+0000][1][safepoint    ] Entering safepoint region: Cleanup
[2019-12-08T11:38:55.208+0000][1][safepoint    ] Leaving safepoint region
[2019-12-08T11:38:55.208+0000][1][safepoint    ] Total time for which application threads were stopped: 0.0000838 seconds, Stopping threads took: 0.0000185 seconds
[2019-12-08T11:38:56.208+0000][1][safepoint    ] Application time: 1.0000772 seconds
[2019-12-08T11:38:56.208+0000][1][safepoint    ] Entering safepoint region: Cleanup
[2019-12-08T11:38:56.208+0000][1][safepoint    ] Leaving safepoint region
[2019-12-08T11:38:56.208+0000][1][safepoint    ] Total time for which application threads were stopped: 0.0000912 seconds, Stopping threads took: 0.0000268 seconds
[2019-12-08T11:38:57.209+0000][1][safepoint    ] Application time: 1.0000947 seconds
[2019-12-08T11:38:57.209+0000][1][safepoint    ] Entering safepoint region: Cleanup
[2019-12-08T11:38:57.209+0000][1][safepoint    ] Leaving safepoint region
[2019-12-08T11:38:57.209+0000][1][safepoint    ] Total time for which application threads were stopped: 0.0000821 seconds, Stopping threads took: 0.0000172 seconds
[2019-12-08T11:38:58.209+0000][1][safepoint    ] Application time: 1.0000752 seconds
[2019-12-08T11:38:58.209+0000][1][safepoint    ] Entering safepoint region: Cleanup
[2019-12-08T11:38:58.209+0000][1][safepoint    ] Leaving safepoint region
[2019-12-08T11:38:58.209+0000][1][safepoint    ] Total time for which application threads were stopped: 0.0000975 seconds, Stopping threads took: 0.0000261 seconds
[2019-12-08T11:38:59.209+0000][1][safepoint    ] Application time: 1.0000831 seconds
[2019-12-08T11:38:59.209+0000][1][safepoint    ] Entering safepoint region: Cleanup
[2019-12-08T11:38:59.209+0000][1][safepoint    ] Leaving safepoint region
[2019-12-08T11:38:59.209+0000][1][safepoint    ] Total time for which application threads were stopped: 0.0001102 seconds, Stopping threads took: 0.0000238 seconds
[2019-12-08T11:39:00.209+0000][1][safepoint    ] Application time: 1.0000838 seconds
[2019-12-08T11:39:00.209+0000][1][safepoint    ] Entering safepoint region: Cleanup
[2019-12-08T11:39:00.209+0000][1][safepoint    ] Leaving safepoint region
[2019-12-08T11:39:00.209+0000][1][safepoint    ] Total time for which application threads were stopped: 0.0000829 seconds, Stopping threads took: 0.0000190 seconds
[2019-12-08T11:39:01.209+0000][1][safepoint    ] Application time: 1.0000863 seconds
[2019-12-08T11:39:01.209+0000][1][safepoint    ] Entering safepoint region: Cleanup
[2019-12-08T11:39:01.210+0000][1][safepoint    ] Leaving safepoint region
[2019-12-08T11:39:01.210+0000][1][safepoint    ] Total time for which application threads were stopped: 0.0000854 seconds, Stopping threads took: 0.0000193 seconds
[2019-12-08T11:39:02.210+0000][1][safepoint    ] Application time: 1.0000783 seconds
[2019-12-08T11:39:02.210+0000][1][safepoint    ] Entering safepoint region: Cleanup
[2019-12-08T11:39:02.210+0000][1][safepoint    ] Leaving safepoint region
[2019-12-08T11:39:02.210+0000][1][safepoint    ] Total time for which application threads were stopped: 0.0001002 seconds, Stopping threads took: 0.0000183 seconds
[2019-12-08T11:39:03.210+0000][1][safepoint    ] Application time: 1.0000868 seconds
[2019-12-08T11:39:03.210+0000][1][safepoint    ] Entering safepoint region: Cleanup
[2019-12-08T11:39:03.210+0000][1][safepoint    ] Leaving safepoint region
[2019-12-08T11:39:03.210+0000][1][safepoint    ] Total time for which application threads were stopped: 0.0001129 seconds, Stopping threads took: 0.0000257 seconds
[2019-12-08T11:39:04.210+0000][1][safepoint    ] Application time: 1.0000769 seconds
[2019-12-08T11:39:04.210+0000][1][safepoint    ] Entering safepoint region: Cleanup
[2019-12-08T11:39:04.210+0000][1][safepoint    ] Leaving safepoint region
[2019-12-08T11:39:04.210+0000][1][safepoint    ] Total time for which application threads were stopped: 0.0000852 seconds, Stopping threads took: 0.0000210 seconds
[2019-12-08T11:39:05.210+0000][1][safepoint    ] Application time: 1.0000804 seconds
[2019-12-08T11:39:05.210+0000][1][safepoint    ] Entering safepoint region: Cleanup
[2019-12-08T11:39:05.210+0000][1][safepoint    ] Leaving safepoint region
[2019-12-08T11:39:05.210+0000][1][safepoint    ] Total time for which application threads were stopped: 0.0000819 seconds, Stopping threads took: 0.0000187 seconds
[2019-12-08T11:39:06.211+0000][1][safepoint    ] Application time: 1.0000861 seconds
[2019-12-08T11:39:06.211+0000][1][safepoint    ] Entering safepoint region: Cleanup
[2019-12-08T11:39:06.211+0000][1][safepoint    ] Leaving safepoint region
[2019-12-08T11:39:06.211+0000][1][safepoint    ] Total time for which application threads were stopped: 0.0000789 seconds, Stopping threads took: 0.0000167 seconds
[2019-12-08T11:39:07.211+0000][1][safepoint    ] Application time: 1.0001014 seconds
[2019-12-08T11:39:07.211+0000][1][safepoint    ] Entering safepoint region: Cleanup
[2019-12-08T11:39:07.211+0000][1][safepoint    ] Leaving safepoint region
[2019-12-08T11:39:07.211+0000][1][safepoint    ] Total time for which application threads were stopped: 0.0000821 seconds, Stopping threads took: 0.0000187 seconds
[2019-12-08T11:39:08.211+0000][1][safepoint    ] Application time: 1.0000872 seconds
[2019-12-08T11:39:08.211+0000][1][safepoint    ] Entering safepoint region: Cleanup
[2019-12-08T11:39:08.211+0000][1][safepoint    ] Leaving safepoint region
[2019-12-08T11:39:08.211+0000][1][safepoint    ] Total time for which application threads were stopped: 0.0001262 seconds, Stopping threads took: 0.0000268 seconds
[2019-12-08T11:39:09.211+0000][1][safepoint    ] Application time: 1.0000809 seconds
[2019-12-08T11:39:09.211+0000][1][safepoint    ] Entering safepoint region: Cleanup
[2019-12-08T11:39:09.211+0000][1][safepoint    ] Leaving safepoint region
[2019-12-08T11:39:09.211+0000][1][safepoint    ] Total time for which application threads were stopped: 0.0000867 seconds, Stopping threads took: 0.0000214 seconds
[2019-12-08T11:39:10.211+0000][1][safepoint    ] Application time: 1.0000787 seconds
[2019-12-08T11:39:10.211+0000][1][safepoint    ] Entering safepoint region: Cleanup
[2019-12-08T11:39:10.212+0000][1][safepoint    ] Leaving safepoint region
[2019-12-08T11:39:10.212+0000][1][safepoint    ] Total time for which application threads were stopped: 0.0000890 seconds, Stopping threads took: 0.0000220 seconds
[2019-12-08T11:39:11.212+0000][1][safepoint    ] Application time: 1.0000817 seconds
[2019-12-08T11:39:11.212+0000][1][safepoint    ] Entering safepoint region: Cleanup
[2019-12-08T11:39:11.212+0000][1][safepoint    ] Leaving safepoint region
[2019-12-08T11:39:11.212+0000][1][safepoint    ] Total time for which application threads were stopped: 0.0000983 seconds, Stopping threads took: 0.0000330 seconds
[2019-12-08T11:39:12.212+0000][1][safepoint    ] Application time: 1.0000778 seconds
[2019-12-08T11:39:12.212+0000][1][safepoint    ] Entering safepoint region: Cleanup
[2019-12-08T11:39:12.212+0000][1][safepoint    ] Leaving safepoint region
[2019-12-08T11:39:12.212+0000][1][safepoint    ] Total time for which application threads were stopped: 0.0000916 seconds, Stopping threads took: 0.0000176 seconds
[2019-12-08T11:39:13.212+0000][1][safepoint    ] Application time: 1.0000818 seconds
[2019-12-08T11:39:13.212+0000][1][safepoint    ] Entering safepoint region: Cleanup
[2019-12-08T11:39:13.212+0000][1][safepoint    ] Leaving safepoint region
[2019-12-08T11:39:13.212+0000][1][safepoint    ] Total time for which application threads were stopped: 0.0001152 seconds, Stopping threads took: 0.0000254 seconds
[2019-12-08T11:39:14.212+0000][1][safepoint    ] Application time: 1.0000766 seconds
[2019-12-08T11:39:14.212+0000][1][safepoint    ] Entering safepoint region: Cleanup
[2019-12-08T11:39:14.212+0000][1][safepoint    ] Leaving safepoint region
[2019-12-08T11:39:14.212+0000][1][safepoint    ] Total time for which application threads were stopped: 0.0000880 seconds, Stopping threads took: 0.0000188 seconds
[2019-12-08T11:39:15.213+0000][1][safepoint    ] Application time: 1.0000861 seconds
[2019-12-08T11:39:15.213+0000][1][safepoint    ] Entering safepoint region: Cleanup
[2019-12-08T11:39:15.213+0000][1][safepoint    ] Leaving safepoint region
[2019-12-08T11:39:15.213+0000][1][safepoint    ] Total time for which application threads were stopped: 0.0000805 seconds, Stopping threads took: 0.0000181 seconds
[2019-12-08T11:39:16.213+0000][1][safepoint    ] Application time: 1.0000848 seconds
[2019-12-08T11:39:16.213+0000][1][safepoint    ] Entering safepoint region: Cleanup
[2019-12-08T11:39:16.213+0000][1][safepoint    ] Leaving safepoint region
[2019-12-08T11:39:16.213+0000][1][safepoint    ] Total time for which application threads were stopped: 0.0000836 seconds, Stopping threads took: 0.0000189 seconds
[2019-12-08T11:39:17.213+0000][1][safepoint    ] Application time: 1.0000855 seconds
[2019-12-08T11:39:17.213+0000][1][safepoint    ] Entering safepoint region: Cleanup
[2019-12-08T11:39:17.213+0000][1][safepoint    ] Leaving safepoint region
[2019-12-08T11:39:17.213+0000][1][safepoint    ] Total time for which application threads were stopped: 0.0000802 seconds, Stopping threads took: 0.0000177 seconds
[2019-12-08T11:39:18.213+0000][1][safepoint    ] Application time: 1.0000803 seconds
[2019-12-08T11:39:18.213+0000][1][safepoint    ] Entering safepoint region: Cleanup
[2019-12-08T11:39:18.213+0000][1][safepoint    ] Leaving safepoint region
[2019-12-08T11:39:18.213+0000][1][safepoint    ] Total time for which application threads were stopped: 0.0000858 seconds, Stopping threads took: 0.0000197 seconds
[2019-12-08T11:39:19.213+0000][1][safepoint    ] Application time: 1.0000798 seconds
[2019-12-08T11:39:19.213+0000][1][safepoint    ] Entering safepoint region: Cleanup
[2019-12-08T11:39:19.213+0000][1][safepoint    ] Leaving safepoint region
[2019-12-08T11:39:19.213+0000][1][safepoint    ] Total time for which application threads were stopped: 0.0000813 seconds, Stopping threads took: 0.0000178 seconds
[2019-12-08T11:39:20.214+0000][1][safepoint    ] Application time: 1.0000795 seconds
[2019-12-08T11:39:20.214+0000][1][safepoint    ] Entering safepoint region: Cleanup
[2019-12-08T11:39:20.214+0000][1][safepoint    ] Leaving safepoint region
[2019-12-08T11:39:20.214+0000][1][safepoint    ] Total time for which application threads were stopped: 0.0001103 seconds, Stopping threads took: 0.0000192 seconds
[2019-12-08T11:39:21.214+0000][1][safepoint    ] Application time: 1.0000779 seconds
[2019-12-08T11:39:21.214+0000][1][safepoint    ] Entering safepoint region: Cleanup
[2019-12-08T11:39:21.214+0000][1][safepoint    ] Leaving safepoint region
[2019-12-08T11:39:21.214+0000][1][safepoint    ] Total time for which application threads were stopped: 0.0000880 seconds, Stopping threads took: 0.0000155 seconds
[2019-12-08T11:39:22.214+0000][1][safepoint    ] Application time: 1.0000776 seconds
[2019-12-08T11:39:22.214+0000][1][safepoint    ] Entering safepoint region: Cleanup
[2019-12-08T11:39:22.214+0000][1][safepoint    ] Leaving safepoint region
[2019-12-08T11:39:22.214+0000][1][safepoint    ] Total time for which application threads were stopped: 0.0000881 seconds, Stopping threads took: 0.0000171 seconds
[2019-12-08T11:39:23.214+0000][1][safepoint    ] Application time: 1.0000780 seconds
[2019-12-08T11:39:23.214+0000][1][safepoint    ] Entering safepoint region: Cleanup
[2019-12-08T11:39:23.214+0000][1][safepoint    ] Leaving safepoint region
[2019-12-08T11:39:23.214+0000][1][safepoint    ] Total time for which application threads were stopped: 0.0000872 seconds, Stopping threads took: 0.0000192 seconds
[2019-12-08T11:39:24.214+0000][1][safepoint    ] Application time: 1.0000799 seconds
[2019-12-08T11:39:24.214+0000][1][safepoint    ] Entering safepoint region: Cleanup
[2019-12-08T11:39:24.215+0000][1][safepoint    ] Leaving safepoint region
[2019-12-08T11:39:24.215+0000][1][safepoint    ] Total time for which application threads were stopped: 0.0000884 seconds, Stopping threads took: 0.0000184 seconds
[2019-12-08T11:39:25.215+0000][1][safepoint    ] Application time: 1.0000807 seconds
[2019-12-08T11:39:25.215+0000][1][safepoint    ] Entering safepoint region: Cleanup
[2019-12-08T11:39:25.215+0000][1][safepoint    ] Leaving safepoint region
[2019-12-08T11:39:25.215+0000][1][safepoint    ] Total time for which application threads were stopped: 0.0000890 seconds, Stopping threads took: 0.0000204 seconds
[2019-12-08T11:39:26.149+0000][1][safepoint    ] Application time: 0.9346125 seconds
[2019-12-08T11:39:26.149+0000][1][safepoint    ] Entering safepoint region: GenCollectForAllocation
[2019-12-08T11:39:26.150+0000][1][gc,start     ] GC(23) Pause Young (Allocation Failure)
[2019-12-08T11:39:26.150+0000][1][gc,task      ] GC(23) Using 4 workers of 4 for evacuation
[2019-12-08T11:39:26.154+0000][1][gc,age       ] GC(23) Desired survivor size 4456448 bytes, new threshold 6 (max threshold 6)
[2019-12-08T11:39:26.154+0000][1][gc,age       ] GC(23) Age table with threshold 6 (max threshold 6)
[2019-12-08T11:39:26.154+0000][1][gc,age       ] GC(23) - age   1:      11384 bytes,      11384 total
[2019-12-08T11:39:26.154+0000][1][gc,age       ] GC(23) - age   2:     592928 bytes,     604312 total
[2019-12-08T11:39:26.154+0000][1][gc,age       ] GC(23) - age   3:    2841976 bytes,    3446288 total
[2019-12-08T11:39:26.154+0000][1][gc,heap      ] GC(23) ParNew: 76072K->4883K(78656K)
[2019-12-08T11:39:26.154+0000][1][gc,heap      ] GC(23) CMS: 67158K->67158K(174784K)
[2019-12-08T11:39:26.154+0000][1][gc,metaspace ] GC(23) Metaspace: 68937K->68937K(1112064K)
[2019-12-08T11:39:26.154+0000][1][gc           ] GC(23) Pause Young (Allocation Failure) 139M->70M(247M) 4.591ms
[2019-12-08T11:39:26.154+0000][1][gc,cpu       ] GC(23) User=0.01s Sys=0.00s Real=0.01s
[2019-12-08T11:39:26.154+0000][1][safepoint    ] Leaving safepoint region
[2019-12-08T11:39:26.154+0000][1][safepoint    ] Total time for which application threads were stopped: 0.0047472 seconds, Stopping threads took: 0.0000171 seconds
[2019-12-08T11:39:27.154+0000][1][safepoint    ] Application time: 1.0000912 seconds
[2019-12-08T11:39:27.154+0000][1][safepoint    ] Entering safepoint region: Cleanup
[2019-12-08T11:39:27.154+0000][1][safepoint    ] Leaving safepoint region
[2019-12-08T11:39:27.154+0000][1][safepoint    ] Total time for which application threads were stopped: 0.0000797 seconds, Stopping threads took: 0.0000179 seconds
[2019-12-08T11:39:28.154+0000][1][safepoint    ] Application time: 1.0000768 seconds
[2019-12-08T11:39:28.155+0000][1][safepoint    ] Entering safepoint region: Cleanup
[2019-12-08T11:39:28.155+0000][1][safepoint    ] Leaving safepoint region
[2019-12-08T11:39:28.155+0000][1][safepoint    ] Total time for which application threads were stopped: 0.0000804 seconds, Stopping threads took: 0.0000184 seconds
[2019-12-08T11:39:29.155+0000][1][safepoint    ] Application time: 1.0001001 seconds
[2019-12-08T11:39:29.155+0000][1][safepoint    ] Entering safepoint region: Cleanup
[2019-12-08T11:39:29.155+0000][1][safepoint    ] Leaving safepoint region
[2019-12-08T11:39:29.155+0000][1][safepoint    ] Total time for which application threads were stopped: 0.0000847 seconds, Stopping threads took: 0.0000184 seconds
[2019-12-08T11:39:30.155+0000][1][safepoint    ] Application time: 1.0000755 seconds
[2019-12-08T11:39:30.155+0000][1][safepoint    ] Entering safepoint region: Cleanup
[2019-12-08T11:39:30.155+0000][1][safepoint    ] Leaving safepoint region
[2019-12-08T11:39:30.155+0000][1][safepoint    ] Total time for which application threads were stopped: 0.0000883 seconds, Stopping threads took: 0.0000193 seconds
[2019-12-08T11:39:31.155+0000][1][safepoint    ] Application time: 1.0000847 seconds
[2019-12-08T11:39:31.155+0000][1][safepoint    ] Entering safepoint region: Cleanup
[2019-12-08T11:39:31.155+0000][1][safepoint    ] Leaving safepoint region
[2019-12-08T11:39:31.155+0000][1][safepoint    ] Total time for which application threads were stopped: 0.0001236 seconds, Stopping threads took: 0.0000460 seconds
[2019-12-08T11:39:32.155+0000][1][safepoint    ] Application time: 1.0000868 seconds
[2019-12-08T11:39:32.155+0000][1][safepoint    ] Entering safepoint region: Cleanup
[2019-12-08T11:39:32.155+0000][1][safepoint    ] Leaving safepoint region
[2019-12-08T11:39:32.155+0000][1][safepoint    ] Total time for which application threads were stopped: 0.0000873 seconds, Stopping threads took: 0.0000173 seconds
[2019-12-08T11:39:33.156+0000][1][safepoint    ] Application time: 1.0000808 seconds
[2019-12-08T11:39:33.156+0000][1][safepoint    ] Entering safepoint region: Cleanup
[2019-12-08T11:39:33.156+0000][1][safepoint    ] Leaving safepoint region
[2019-12-08T11:39:33.156+0000][1][safepoint    ] Total time for which application threads were stopped: 0.0000992 seconds, Stopping threads took: 0.0000184 seconds
[2019-12-08T11:39:34.156+0000][1][safepoint    ] Application time: 1.0000803 seconds
[2019-12-08T11:39:34.156+0000][1][safepoint    ] Entering safepoint region: Cleanup
[2019-12-08T11:39:34.156+0000][1][safepoint    ] Leaving safepoint region
[2019-12-08T11:39:34.156+0000][1][safepoint    ] Total time for which application threads were stopped: 0.0000835 seconds, Stopping threads took: 0.0000191 seconds
[2019-12-08T11:39:37.156+0000][1][safepoint    ] Application time: 3.0002143 seconds
[2019-12-08T11:39:37.156+0000][1][safepoint    ] Entering safepoint region: Cleanup
[2019-12-08T11:39:37.156+0000][1][safepoint    ] Leaving safepoint region
[2019-12-08T11:39:37.156+0000][1][safepoint    ] Total time for which application threads were stopped: 0.0000940 seconds, Stopping threads took: 0.0000183 seconds
[2019-12-08T11:39:42.157+0000][1][safepoint    ] Application time: 5.0003478 seconds
[2019-12-08T11:39:42.157+0000][1][safepoint    ] Entering safepoint region: Cleanup
[2019-12-08T11:39:42.157+0000][1][safepoint    ] Leaving safepoint region
[2019-12-08T11:39:42.157+0000][1][safepoint    ] Total time for which application threads were stopped: 0.0001038 seconds, Stopping threads took: 0.0000305 seconds
[2019-12-08T11:39:44.157+0000][1][safepoint    ] Application time: 2.0001409 seconds
[2019-12-08T11:39:44.157+0000][1][safepoint    ] Entering safepoint region: Cleanup
[2019-12-08T11:39:44.157+0000][1][safepoint    ] Leaving safepoint region
[2019-12-08T11:39:44.157+0000][1][safepoint    ] Total time for which application threads were stopped: 0.0000985 seconds, Stopping threads took: 0.0000193 seconds
[2019-12-08T11:39:45.157+0000][1][safepoint    ] Application time: 1.0000744 seconds
[2019-12-08T11:39:45.157+0000][1][safepoint    ] Entering safepoint region: Cleanup
[2019-12-08T11:39:45.157+0000][1][safepoint    ] Leaving safepoint region
[2019-12-08T11:39:45.157+0000][1][safepoint    ] Total time for which application threads were stopped: 0.0000818 seconds, Stopping threads took: 0.0000178 seconds
[2019-12-08T11:39:46.157+0000][1][safepoint    ] Application time: 1.0000781 seconds
[2019-12-08T11:39:46.157+0000][1][safepoint    ] Entering safepoint region: Cleanup
[2019-12-08T11:39:46.157+0000][1][safepoint    ] Leaving safepoint region
[2019-12-08T11:39:46.157+0000][1][safepoint    ] Total time for which application threads were stopped: 0.0000875 seconds, Stopping threads took: 0.0000182 seconds
[2019-12-08T11:39:47.158+0000][1][safepoint    ] Application time: 1.0000777 seconds
[2019-12-08T11:39:47.158+0000][1][safepoint    ] Entering safepoint region: Cleanup
[2019-12-08T11:39:47.158+0000][1][safepoint    ] Leaving safepoint region
[2019-12-08T11:39:47.158+0000][1][safepoint    ] Total time for which application threads were stopped: 0.0000930 seconds, Stopping threads took: 0.0000189 seconds
[2019-12-08T11:39:48.158+0000][1][safepoint    ] Application time: 1.0000785 seconds
[2019-12-08T11:39:48.158+0000][1][safepoint    ] Entering safepoint region: Cleanup
[2019-12-08T11:39:48.158+0000][1][safepoint    ] Leaving safepoint region
[2019-12-08T11:39:48.158+0000][1][safepoint    ] Total time for which application threads were stopped: 0.0000815 seconds, Stopping threads took: 0.0000185 seconds
[2019-12-08T11:39:49.158+0000][1][safepoint    ] Application time: 1.0000773 seconds
[2019-12-08T11:39:49.158+0000][1][safepoint    ] Entering safepoint region: Cleanup
[2019-12-08T11:39:49.158+0000][1][safepoint    ] Leaving safepoint region
[2019-12-08T11:39:49.158+0000][1][safepoint    ] Total time for which application threads were stopped: 0.0000815 seconds, Stopping threads took: 0.0000179 seconds
[2019-12-08T11:39:50.158+0000][1][safepoint    ] Application time: 1.0000791 seconds
[2019-12-08T11:39:50.158+0000][1][safepoint    ] Entering safepoint region: Cleanup
[2019-12-08T11:39:50.158+0000][1][safepoint    ] Leaving safepoint region
[2019-12-08T11:39:50.158+0000][1][safepoint    ] Total time for which application threads were stopped: 0.0000804 seconds, Stopping threads took: 0.0000174 seconds
[2019-12-08T11:39:51.158+0000][1][safepoint    ] Application time: 1.0000785 seconds
[2019-12-08T11:39:51.158+0000][1][safepoint    ] Entering safepoint region: Cleanup
[2019-12-08T11:39:51.158+0000][1][safepoint    ] Leaving safepoint region
[2019-12-08T11:39:51.158+0000][1][safepoint    ] Total time for which application threads were stopped: 0.0000820 seconds, Stopping threads took: 0.0000191 seconds
[2019-12-08T11:39:52.159+0000][1][safepoint    ] Application time: 1.0000769 seconds
[2019-12-08T11:39:52.159+0000][1][safepoint    ] Entering safepoint region: Cleanup
[2019-12-08T11:39:52.159+0000][1][safepoint    ] Leaving safepoint region
[2019-12-08T11:39:52.159+0000][1][safepoint    ] Total time for which application threads were stopped: 0.0000906 seconds, Stopping threads took: 0.0000158 seconds
[2019-12-08T11:39:53.159+0000][1][safepoint    ] Application time: 1.0000754 seconds
[2019-12-08T11:39:53.159+0000][1][safepoint    ] Entering safepoint region: Cleanup
[2019-12-08T11:39:53.159+0000][1][safepoint    ] Leaving safepoint region
[2019-12-08T11:39:53.159+0000][1][safepoint    ] Total time for which application threads were stopped: 0.0000899 seconds, Stopping threads took: 0.0000240 seconds
[2019-12-08T11:39:54.159+0000][1][safepoint    ] Application time: 1.0000761 seconds
[2019-12-08T11:39:54.159+0000][1][safepoint    ] Entering safepoint region: Cleanup
[2019-12-08T11:39:54.159+0000][1][safepoint    ] Leaving safepoint region
[2019-12-08T11:39:54.159+0000][1][safepoint    ] Total time for which application threads were stopped: 0.0000821 seconds, Stopping threads took: 0.0000176 seconds
[2019-12-08T11:39:55.159+0000][1][safepoint    ] Application time: 1.0000757 seconds
[2019-12-08T11:39:55.159+0000][1][safepoint    ] Entering safepoint region: Cleanup
[2019-12-08T11:39:55.159+0000][1][safepoint    ] Leaving safepoint region
[2019-12-08T11:39:55.159+0000][1][safepoint    ] Total time for which application threads were stopped: 0.0000825 seconds, Stopping threads took: 0.0000187 seconds
[2019-12-08T11:39:56.159+0000][1][safepoint    ] Application time: 1.0000789 seconds
[2019-12-08T11:39:56.159+0000][1][safepoint    ] Entering safepoint region: Cleanup
[2019-12-08T11:39:56.160+0000][1][safepoint    ] Leaving safepoint region
[2019-12-08T11:39:56.160+0000][1][safepoint    ] Total time for which application threads were stopped: 0.0000900 seconds, Stopping threads took: 0.0000242 seconds
[2019-12-08T11:39:57.160+0000][1][safepoint    ] Application time: 1.0000773 seconds
[2019-12-08T11:39:57.160+0000][1][safepoint    ] Entering safepoint region: Cleanup
[2019-12-08T11:39:57.160+0000][1][safepoint    ] Leaving safepoint region
[2019-12-08T11:39:57.160+0000][1][safepoint    ] Total time for which application threads were stopped: 0.0000940 seconds, Stopping threads took: 0.0000175 seconds
[2019-12-08T11:39:58.160+0000][1][safepoint    ] Application time: 1.0000758 seconds
[2019-12-08T11:39:58.160+0000][1][safepoint    ] Entering safepoint region: Cleanup
[2019-12-08T11:39:58.160+0000][1][safepoint    ] Leaving safepoint region
[2019-12-08T11:39:58.160+0000][1][safepoint    ] Total time for which application threads were stopped: 0.0000800 seconds, Stopping threads took: 0.0000181 seconds
[2019-12-08T11:39:59.160+0000][1][safepoint    ] Application time: 1.0000759 seconds
[2019-12-08T11:39:59.160+0000][1][safepoint    ] Entering safepoint region: Cleanup
[2019-12-08T11:39:59.160+0000][1][safepoint    ] Leaving safepoint region
[2019-12-08T11:39:59.160+0000][1][safepoint    ] Total time for which application threads were stopped: 0.0000809 seconds, Stopping threads took: 0.0000177 seconds
[2019-12-08T11:40:00.160+0000][1][safepoint    ] Application time: 1.0000776 seconds
[2019-12-08T11:40:00.160+0000][1][safepoint    ] Entering safepoint region: Cleanup
[2019-12-08T11:40:00.160+0000][1][safepoint    ] Leaving safepoint region
[2019-12-08T11:40:00.160+0000][1][safepoint    ] Total time for which application threads were stopped: 0.0000826 seconds, Stopping threads took: 0.0000186 seconds
[2019-12-08T11:40:01.160+0000][1][safepoint    ] Application time: 1.0000815 seconds
[2019-12-08T11:40:01.160+0000][1][safepoint    ] Entering safepoint region: Cleanup
[2019-12-08T11:40:01.161+0000][1][safepoint    ] Leaving safepoint region
[2019-12-08T11:40:01.161+0000][1][safepoint    ] Total time for which application threads were stopped: 0.0000792 seconds, Stopping threads took: 0.0000181 seconds
[2019-12-08T11:40:02.161+0000][1][safepoint    ] Application time: 1.0000803 seconds
[2019-12-08T11:40:02.161+0000][1][safepoint    ] Entering safepoint region: Cleanup
[2019-12-08T11:40:02.161+0000][1][safepoint    ] Leaving safepoint region
[2019-12-08T11:40:02.161+0000][1][safepoint    ] Total time for which application threads were stopped: 0.0001252 seconds, Stopping threads took: 0.0000178 seconds
[2019-12-08T11:40:03.161+0000][1][safepoint    ] Application time: 1.0000827 seconds
[2019-12-08T11:40:03.161+0000][1][safepoint    ] Entering safepoint region: Cleanup
[2019-12-08T11:40:03.161+0000][1][safepoint    ] Leaving safepoint region
[2019-12-08T11:40:03.161+0000][1][safepoint    ] Total time for which application threads were stopped: 0.0000845 seconds, Stopping threads took: 0.0000190 seconds
[2019-12-08T11:40:04.161+0000][1][safepoint    ] Application time: 1.0000789 seconds
[2019-12-08T11:40:04.161+0000][1][safepoint    ] Entering safepoint region: Cleanup
[2019-12-08T11:40:04.161+0000][1][safepoint    ] Leaving safepoint region
[2019-12-08T11:40:04.161+0000][1][safepoint    ] Total time for which application threads were stopped: 0.0000809 seconds, Stopping threads took: 0.0000190 seconds
[2019-12-08T11:40:05.161+0000][1][safepoint    ] Application time: 1.0000772 seconds
[2019-12-08T11:40:05.161+0000][1][safepoint    ] Entering safepoint region: Cleanup
[2019-12-08T11:40:05.161+0000][1][safepoint    ] Leaving safepoint region
[2019-12-08T11:40:05.161+0000][1][safepoint    ] Total time for which application threads were stopped: 0.0000832 seconds, Stopping threads took: 0.0000198 seconds
[2019-12-08T11:40:06.161+0000][1][safepoint    ] Application time: 1.0000765 seconds
[2019-12-08T11:40:06.162+0000][1][safepoint    ] Entering safepoint region: Cleanup
[2019-12-08T11:40:06.162+0000][1][safepoint    ] Leaving safepoint region
[2019-12-08T11:40:06.162+0000][1][safepoint    ] Total time for which application threads were stopped: 0.0000841 seconds, Stopping threads took: 0.0000173 seconds
[2019-12-08T11:40:07.162+0000][1][safepoint    ] Application time: 1.0000889 seconds
[2019-12-08T11:40:07.162+0000][1][safepoint    ] Entering safepoint region: Cleanup
[2019-12-08T11:40:07.162+0000][1][safepoint    ] Leaving safepoint region
[2019-12-08T11:40:07.162+0000][1][safepoint    ] Total time for which application threads were stopped: 0.0000852 seconds, Stopping threads took: 0.0000170 seconds
[2019-12-08T11:40:08.162+0000][1][safepoint    ] Application time: 1.0000915 seconds
[2019-12-08T11:40:08.162+0000][1][safepoint    ] Entering safepoint region: Cleanup
[2019-12-08T11:40:08.162+0000][1][safepoint    ] Leaving safepoint region
[2019-12-08T11:40:08.162+0000][1][safepoint    ] Total time for which application threads were stopped: 0.0000839 seconds, Stopping threads took: 0.0000192 seconds
[2019-12-08T11:40:09.162+0000][1][safepoint    ] Application time: 1.0000778 seconds
[2019-12-08T11:40:09.162+0000][1][safepoint    ] Entering safepoint region: Cleanup
[2019-12-08T11:40:09.162+0000][1][safepoint    ] Leaving safepoint region
[2019-12-08T11:40:09.162+0000][1][safepoint    ] Total time for which application threads were stopped: 0.0000823 seconds, Stopping threads took: 0.0000185 seconds
[2019-12-08T11:40:10.162+0000][1][safepoint    ] Application time: 1.0000761 seconds
[2019-12-08T11:40:10.162+0000][1][safepoint    ] Entering safepoint region: Cleanup
[2019-12-08T11:40:10.162+0000][1][safepoint    ] Leaving safepoint region
[2019-12-08T11:40:10.162+0000][1][safepoint    ] Total time for which application threads were stopped: 0.0000800 seconds, Stopping threads took: 0.0000177 seconds
[2019-12-08T11:40:11.163+0000][1][safepoint    ] Application time: 1.0000768 seconds
[2019-12-08T11:40:11.163+0000][1][safepoint    ] Entering safepoint region: Cleanup
[2019-12-08T11:40:11.163+0000][1][safepoint    ] Leaving safepoint region
[2019-12-08T11:40:11.163+0000][1][safepoint    ] Total time for which application threads were stopped: 0.0000826 seconds, Stopping threads took: 0.0000182 seconds
[2019-12-08T11:40:12.163+0000][1][safepoint    ] Application time: 1.0000744 seconds
[2019-12-08T11:40:12.163+0000][1][safepoint    ] Entering safepoint region: Cleanup
[2019-12-08T11:40:12.163+0000][1][safepoint    ] Leaving safepoint region
[2019-12-08T11:40:12.163+0000][1][safepoint    ] Total time for which application threads were stopped: 0.0000828 seconds, Stopping threads took: 0.0000225 seconds
[2019-12-08T11:40:13.163+0000][1][safepoint    ] Application time: 1.0000749 seconds
[2019-12-08T11:40:13.163+0000][1][safepoint    ] Entering safepoint region: Cleanup
[2019-12-08T11:40:13.163+0000][1][safepoint    ] Leaving safepoint region
[2019-12-08T11:40:13.163+0000][1][safepoint    ] Total time for which application threads were stopped: 0.0000802 seconds, Stopping threads took: 0.0000180 seconds
[2019-12-08T11:40:14.163+0000][1][safepoint    ] Application time: 1.0000754 seconds
[2019-12-08T11:40:14.163+0000][1][safepoint    ] Entering safepoint region: Cleanup
[2019-12-08T11:40:14.163+0000][1][safepoint    ] Leaving safepoint region
[2019-12-08T11:40:14.163+0000][1][safepoint    ] Total time for which application threads were stopped: 0.0000796 seconds, Stopping threads took: 0.0000178 seconds
[2019-12-08T11:40:15.163+0000][1][safepoint    ] Application time: 1.0000752 seconds
[2019-12-08T11:40:15.163+0000][1][safepoint    ] Entering safepoint region: Cleanup
[2019-12-08T11:40:15.163+0000][1][safepoint    ] Leaving safepoint region
[2019-12-08T11:40:15.163+0000][1][safepoint    ] Total time for which application threads were stopped: 0.0000778 seconds, Stopping threads took: 0.0000169 seconds
[2019-12-08T11:40:16.163+0000][1][safepoint    ] Application time: 1.0000776 seconds
[2019-12-08T11:40:16.164+0000][1][safepoint    ] Entering safepoint region: Cleanup
[2019-12-08T11:40:16.164+0000][1][safepoint    ] Leaving safepoint region
[2019-12-08T11:40:16.164+0000][1][safepoint    ] Total time for which application threads were stopped: 0.0000859 seconds, Stopping threads took: 0.0000220 seconds
[2019-12-08T11:40:17.164+0000][1][safepoint    ] Application time: 1.0000826 seconds
[2019-12-08T11:40:17.164+0000][1][safepoint    ] Entering safepoint region: Cleanup
[2019-12-08T11:40:17.164+0000][1][safepoint    ] Leaving safepoint region
[2019-12-08T11:40:17.164+0000][1][safepoint    ] Total time for which application threads were stopped: 0.0000808 seconds, Stopping threads took: 0.0000183 seconds
[2019-12-08T11:40:18.164+0000][1][safepoint    ] Application time: 1.0000783 seconds
[2019-12-08T11:40:18.164+0000][1][safepoint    ] Entering safepoint region: Cleanup
[2019-12-08T11:40:18.164+0000][1][safepoint    ] Leaving safepoint region
[2019-12-08T11:40:18.164+0000][1][safepoint    ] Total time for which application threads were stopped: 0.0000808 seconds, Stopping threads took: 0.0000179 seconds
[2019-12-08T11:40:19.164+0000][1][safepoint    ] Application time: 1.0000768 seconds
[2019-12-08T11:40:19.164+0000][1][safepoint    ] Entering safepoint region: Cleanup
[2019-12-08T11:40:19.164+0000][1][safepoint    ] Leaving safepoint region
[2019-12-08T11:40:19.164+0000][1][safepoint    ] Total time for which application threads were stopped: 0.0000795 seconds, Stopping threads took: 0.0000165 seconds
[2019-12-08T11:40:20.164+0000][1][safepoint    ] Application time: 1.0000774 seconds
[2019-12-08T11:40:20.164+0000][1][safepoint    ] Entering safepoint region: Cleanup
[2019-12-08T11:40:20.164+0000][1][safepoint    ] Leaving safepoint region
[2019-12-08T11:40:20.164+0000][1][safepoint    ] Total time for which application threads were stopped: 0.0000821 seconds, Stopping threads took: 0.0000168 seconds
[2019-12-08T11:40:21.164+0000][1][safepoint    ] Application time: 1.0000782 seconds
[2019-12-08T11:40:21.165+0000][1][safepoint    ] Entering safepoint region: Cleanup
[2019-12-08T11:40:21.165+0000][1][safepoint    ] Leaving safepoint region
[2019-12-08T11:40:21.165+0000][1][safepoint    ] Total time for which application threads were stopped: 0.0000888 seconds, Stopping threads took: 0.0000196 seconds
[2019-12-08T11:40:22.172+0000][1][safepoint    ] Application time: 1.0077340 seconds
[2019-12-08T11:40:22.172+0000][1][safepoint    ] Entering safepoint region: Cleanup
[2019-12-08T11:40:22.172+0000][1][safepoint    ] Leaving safepoint region
[2019-12-08T11:40:22.173+0000][1][safepoint    ] Total time for which application threads were stopped: 0.0001075 seconds, Stopping threads took: 0.0000249 seconds
[2019-12-08T11:40:23.173+0000][1][safepoint    ] Application time: 1.0000792 seconds
[2019-12-08T11:40:23.173+0000][1][safepoint    ] Entering safepoint region: Cleanup
[2019-12-08T11:40:23.173+0000][1][safepoint    ] Leaving safepoint region
[2019-12-08T11:40:23.173+0000][1][safepoint    ] Total time for which application threads were stopped: 0.0000997 seconds, Stopping threads took: 0.0000214 seconds
[2019-12-08T11:40:24.173+0000][1][safepoint    ] Application time: 1.0000848 seconds
[2019-12-08T11:40:24.173+0000][1][safepoint    ] Entering safepoint region: Cleanup
[2019-12-08T11:40:24.173+0000][1][safepoint    ] Leaving safepoint region
[2019-12-08T11:40:24.173+0000][1][safepoint    ] Total time for which application threads were stopped: 0.0000809 seconds, Stopping threads took: 0.0000186 seconds
[2019-12-08T11:40:25.173+0000][1][safepoint    ] Application time: 1.0000842 seconds
[2019-12-08T11:40:25.173+0000][1][safepoint    ] Entering safepoint region: Cleanup
[2019-12-08T11:40:25.173+0000][1][safepoint    ] Leaving safepoint region
[2019-12-08T11:40:25.173+0000][1][safepoint    ] Total time for which application threads were stopped: 0.0000868 seconds, Stopping threads took: 0.0000174 seconds
[2019-12-08T11:40:26.173+0000][1][safepoint    ] Application time: 1.0000812 seconds
[2019-12-08T11:40:26.173+0000][1][safepoint    ] Entering safepoint region: Cleanup
[2019-12-08T11:40:26.173+0000][1][safepoint    ] Leaving safepoint region
[2019-12-08T11:40:26.173+0000][1][safepoint    ] Total time for which application threads were stopped: 0.0000809 seconds, Stopping threads took: 0.0000175 seconds
[2019-12-08T11:40:27.173+0000][1][safepoint    ] Application time: 1.0000851 seconds
[2019-12-08T11:40:27.173+0000][1][safepoint    ] Entering safepoint region: Cleanup
[2019-12-08T11:40:27.174+0000][1][safepoint    ] Leaving safepoint region
[2019-12-08T11:40:27.174+0000][1][safepoint    ] Total time for which application threads were stopped: 0.0000806 seconds, Stopping threads took: 0.0000170 seconds
[2019-12-08T11:40:28.174+0000][1][safepoint    ] Application time: 1.0000782 seconds
[2019-12-08T11:40:28.174+0000][1][safepoint    ] Entering safepoint region: Cleanup
[2019-12-08T11:40:28.174+0000][1][safepoint    ] Leaving safepoint region
[2019-12-08T11:40:28.174+0000][1][safepoint    ] Total time for which application threads were stopped: 0.0000827 seconds, Stopping threads took: 0.0000192 seconds
[2019-12-08T11:40:29.174+0000][1][safepoint    ] Application time: 1.0000768 seconds
[2019-12-08T11:40:29.174+0000][1][safepoint    ] Entering safepoint region: Cleanup
[2019-12-08T11:40:29.174+0000][1][safepoint    ] Leaving safepoint region
[2019-12-08T11:40:29.174+0000][1][safepoint    ] Total time for which application threads were stopped: 0.0000819 seconds, Stopping threads took: 0.0000176 seconds
[2019-12-08T11:40:30.174+0000][1][safepoint    ] Application time: 1.0000762 seconds
[2019-12-08T11:40:30.174+0000][1][safepoint    ] Entering safepoint region: Cleanup
[2019-12-08T11:40:30.174+0000][1][safepoint    ] Leaving safepoint region
[2019-12-08T11:40:30.174+0000][1][safepoint    ] Total time for which application threads were stopped: 0.0000824 seconds, Stopping threads took: 0.0000185 seconds
[2019-12-08T11:40:31.174+0000][1][safepoint    ] Application time: 1.0000777 seconds
[2019-12-08T11:40:31.174+0000][1][safepoint    ] Entering safepoint region: Cleanup
[2019-12-08T11:40:31.174+0000][1][safepoint    ] Leaving safepoint region
[2019-12-08T11:40:31.174+0000][1][safepoint    ] Total time for which application threads were stopped: 0.0000833 seconds, Stopping threads took: 0.0000182 seconds
[2019-12-08T11:40:32.174+0000][1][safepoint    ] Application time: 1.0000774 seconds
[2019-12-08T11:40:32.175+0000][1][safepoint    ] Entering safepoint region: Cleanup
[2019-12-08T11:40:32.175+0000][1][safepoint    ] Leaving safepoint region
[2019-12-08T11:40:32.175+0000][1][safepoint    ] Total time for which application threads were stopped: 0.0000897 seconds, Stopping threads took: 0.0000232 seconds
[2019-12-08T11:40:33.175+0000][1][safepoint    ] Application time: 1.0000764 seconds
[2019-12-08T11:40:33.175+0000][1][safepoint    ] Entering safepoint region: Cleanup
[2019-12-08T11:40:33.175+0000][1][safepoint    ] Leaving safepoint region
[2019-12-08T11:40:33.175+0000][1][safepoint    ] Total time for which application threads were stopped: 0.0000805 seconds, Stopping threads took: 0.0000176 seconds
[2019-12-08T11:40:34.175+0000][1][safepoint    ] Application time: 1.0000810 seconds
[2019-12-08T11:40:34.175+0000][1][safepoint    ] Entering safepoint region: Cleanup
[2019-12-08T11:40:34.175+0000][1][safepoint    ] Leaving safepoint region
[2019-12-08T11:40:34.175+0000][1][safepoint    ] Total time for which application threads were stopped: 0.0000817 seconds, Stopping threads took: 0.0000174 seconds
[2019-12-08T11:40:35.175+0000][1][safepoint    ] Application time: 1.0000791 seconds
[2019-12-08T11:40:35.175+0000][1][safepoint    ] Entering safepoint region: Cleanup
[2019-12-08T11:40:35.175+0000][1][safepoint    ] Leaving safepoint region
[2019-12-08T11:40:35.175+0000][1][safepoint    ] Total time for which application threads were stopped: 0.0000828 seconds, Stopping threads took: 0.0000181 seconds
[2019-12-08T11:40:36.175+0000][1][safepoint    ] Application time: 1.0000802 seconds
[2019-12-08T11:40:36.175+0000][1][safepoint    ] Entering safepoint region: Cleanup
[2019-12-08T11:40:36.175+0000][1][safepoint    ] Leaving safepoint region
[2019-12-08T11:40:36.175+0000][1][safepoint    ] Total time for which application threads were stopped: 0.0000799 seconds, Stopping threads took: 0.0000194 seconds
[2019-12-08T11:40:37.176+0000][1][safepoint    ] Application time: 1.0000793 seconds
[2019-12-08T11:40:37.176+0000][1][safepoint    ] Entering safepoint region: Cleanup
[2019-12-08T11:40:37.176+0000][1][safepoint    ] Leaving safepoint region
[2019-12-08T11:40:37.176+0000][1][safepoint    ] Total time for which application threads were stopped: 0.0000810 seconds, Stopping threads took: 0.0000183 seconds
[2019-12-08T11:40:38.176+0000][1][safepoint    ] Application time: 1.0000809 seconds
[2019-12-08T11:40:38.176+0000][1][safepoint    ] Entering safepoint region: Cleanup
[2019-12-08T11:40:38.176+0000][1][safepoint    ] Leaving safepoint region
[2019-12-08T11:40:38.176+0000][1][safepoint    ] Total time for which application threads were stopped: 0.0000819 seconds, Stopping threads took: 0.0000193 seconds
[2019-12-08T11:40:39.176+0000][1][safepoint    ] Application time: 1.0000846 seconds
[2019-12-08T11:40:39.176+0000][1][safepoint    ] Entering safepoint region: Cleanup
[2019-12-08T11:40:39.176+0000][1][safepoint    ] Leaving safepoint region
[2019-12-08T11:40:39.176+0000][1][safepoint    ] Total time for which application threads were stopped: 0.0000803 seconds, Stopping threads took: 0.0000170 seconds
[2019-12-08T11:40:40.176+0000][1][safepoint    ] Application time: 1.0000872 seconds
[2019-12-08T11:40:40.176+0000][1][safepoint    ] Entering safepoint region: Cleanup
[2019-12-08T11:40:40.176+0000][1][safepoint    ] Leaving safepoint region
[2019-12-08T11:40:40.176+0000][1][safepoint    ] Total time for which application threads were stopped: 0.0000844 seconds, Stopping threads took: 0.0000197 seconds
[2019-12-08T11:40:41.176+0000][1][safepoint    ] Application time: 1.0000830 seconds
[2019-12-08T11:40:41.176+0000][1][safepoint    ] Entering safepoint region: Cleanup
[2019-12-08T11:40:41.176+0000][1][safepoint    ] Leaving safepoint region
[2019-12-08T11:40:41.176+0000][1][safepoint    ] Total time for which application threads were stopped: 0.0000832 seconds, Stopping threads took: 0.0000181 seconds
[2019-12-08T11:40:42.177+0000][1][safepoint    ] Application time: 1.0000768 seconds
[2019-12-08T11:40:42.177+0000][1][safepoint    ] Entering safepoint region: Cleanup
[2019-12-08T11:40:42.177+0000][1][safepoint    ] Leaving safepoint region
[2019-12-08T11:40:42.177+0000][1][safepoint    ] Total time for which application threads were stopped: 0.0000840 seconds, Stopping threads took: 0.0000168 seconds
[2019-12-08T11:40:43.177+0000][1][safepoint    ] Application time: 1.0000802 seconds
[2019-12-08T11:40:43.177+0000][1][safepoint    ] Entering safepoint region: Cleanup
[2019-12-08T11:40:43.177+0000][1][safepoint    ] Leaving safepoint region
[2019-12-08T11:40:43.177+0000][1][safepoint    ] Total time for which application threads were stopped: 0.0000838 seconds, Stopping threads took: 0.0000190 seconds
[2019-12-08T11:40:44.177+0000][1][safepoint    ] Application time: 1.0000800 seconds
[2019-12-08T11:40:44.177+0000][1][safepoint    ] Entering safepoint region: Cleanup
[2019-12-08T11:40:44.177+0000][1][safepoint    ] Leaving safepoint region
[2019-12-08T11:40:44.177+0000][1][safepoint    ] Total time for which application threads were stopped: 0.0000821 seconds, Stopping threads took: 0.0000181 seconds
[2019-12-08T11:40:45.177+0000][1][safepoint    ] Application time: 1.0000815 seconds
[2019-12-08T11:40:45.177+0000][1][safepoint    ] Entering safepoint region: Cleanup
[2019-12-08T11:40:45.177+0000][1][safepoint    ] Leaving safepoint region
[2019-12-08T11:40:45.177+0000][1][safepoint    ] Total time for which application threads were stopped: 0.0000814 seconds, Stopping threads took: 0.0000194 seconds
[2019-12-08T11:40:46.177+0000][1][safepoint    ] Application time: 1.0000857 seconds
[2019-12-08T11:40:46.177+0000][1][safepoint    ] Entering safepoint region: Cleanup
[2019-12-08T11:40:46.177+0000][1][safepoint    ] Leaving safepoint region
[2019-12-08T11:40:46.177+0000][1][safepoint    ] Total time for which application threads were stopped: 0.0000817 seconds, Stopping threads took: 0.0000189 seconds
[2019-12-08T11:40:47.178+0000][1][safepoint    ] Application time: 1.0000806 seconds
[2019-12-08T11:40:47.178+0000][1][safepoint    ] Entering safepoint region: Cleanup
[2019-12-08T11:40:47.178+0000][1][safepoint    ] Leaving safepoint region
[2019-12-08T11:40:47.178+0000][1][safepoint    ] Total time for which application threads were stopped: 0.0001109 seconds, Stopping threads took: 0.0000275 seconds
[2019-12-08T11:40:48.178+0000][1][safepoint    ] Application time: 1.0000813 seconds
[2019-12-08T11:40:48.178+0000][1][safepoint    ] Entering safepoint region: Cleanup
[2019-12-08T11:40:48.178+0000][1][safepoint    ] Leaving safepoint region
[2019-12-08T11:40:48.178+0000][1][safepoint    ] Total time for which application threads were stopped: 0.0001097 seconds, Stopping threads took: 0.0000246 seconds
[2019-12-08T11:40:49.178+0000][1][safepoint    ] Application time: 1.0000810 seconds
[2019-12-08T11:40:49.178+0000][1][safepoint    ] Entering safepoint region: Cleanup
[2019-12-08T11:40:49.178+0000][1][safepoint    ] Leaving safepoint region
[2019-12-08T11:40:49.178+0000][1][safepoint    ] Total time for which application threads were stopped: 0.0000817 seconds, Stopping threads took: 0.0000188 seconds
[2019-12-08T11:40:50.178+0000][1][safepoint    ] Application time: 1.0000785 seconds
[2019-12-08T11:40:50.178+0000][1][safepoint    ] Entering safepoint region: Cleanup
[2019-12-08T11:40:50.178+0000][1][safepoint    ] Leaving safepoint region
[2019-12-08T11:40:50.178+0000][1][safepoint    ] Total time for which application threads were stopped: 0.0000849 seconds, Stopping threads took: 0.0000192 seconds
[2019-12-08T11:40:51.178+0000][1][safepoint    ] Application time: 1.0000767 seconds
[2019-12-08T11:40:51.178+0000][1][safepoint    ] Entering safepoint region: Cleanup
[2019-12-08T11:40:51.179+0000][1][safepoint    ] Leaving safepoint region
[2019-12-08T11:40:51.179+0000][1][safepoint    ] Total time for which application threads were stopped: 0.0000806 seconds, Stopping threads took: 0.0000169 seconds
[2019-12-08T11:40:52.179+0000][1][safepoint    ] Application time: 1.0000823 seconds
[2019-12-08T11:40:52.179+0000][1][safepoint    ] Entering safepoint region: Cleanup
[2019-12-08T11:40:52.179+0000][1][safepoint    ] Leaving safepoint region
[2019-12-08T11:40:52.179+0000][1][safepoint    ] Total time for which application threads were stopped: 0.0001294 seconds, Stopping threads took: 0.0000306 seconds
[2019-12-08T11:40:53.179+0000][1][safepoint    ] Application time: 1.0000859 seconds
[2019-12-08T11:40:53.179+0000][1][safepoint    ] Entering safepoint region: Cleanup
[2019-12-08T11:40:53.179+0000][1][safepoint    ] Leaving safepoint region
[2019-12-08T11:40:53.179+0000][1][safepoint    ] Total time for which application threads were stopped: 0.0001134 seconds, Stopping threads took: 0.0000291 seconds
[2019-12-08T11:40:54.179+0000][1][safepoint    ] Application time: 1.0000790 seconds
[2019-12-08T11:40:54.179+0000][1][safepoint    ] Entering safepoint region: Cleanup
[2019-12-08T11:40:54.179+0000][1][safepoint    ] Leaving safepoint region
[2019-12-08T11:40:54.179+0000][1][safepoint    ] Total time for which application threads were stopped: 0.0000815 seconds, Stopping threads took: 0.0000185 seconds
[2019-12-08T11:40:55.179+0000][1][safepoint    ] Application time: 1.0000764 seconds
[2019-12-08T11:40:55.179+0000][1][safepoint    ] Entering safepoint region: Cleanup
[2019-12-08T11:40:55.179+0000][1][safepoint    ] Leaving safepoint region
[2019-12-08T11:40:55.179+0000][1][safepoint    ] Total time for which application threads were stopped: 0.0000818 seconds, Stopping threads took: 0.0000182 seconds
[2019-12-08T11:40:56.180+0000][1][safepoint    ] Application time: 1.0000787 seconds
[2019-12-08T11:40:56.180+0000][1][safepoint    ] Entering safepoint region: Cleanup
[2019-12-08T11:40:56.180+0000][1][safepoint    ] Leaving safepoint region
[2019-12-08T11:40:56.180+0000][1][safepoint    ] Total time for which application threads were stopped: 0.0000948 seconds, Stopping threads took: 0.0000241 seconds
[2019-12-08T11:40:57.180+0000][1][safepoint    ] Application time: 1.0000922 seconds
[2019-12-08T11:40:57.180+0000][1][safepoint    ] Entering safepoint region: Cleanup
[2019-12-08T11:40:57.180+0000][1][safepoint    ] Leaving safepoint region
[2019-12-08T11:40:57.180+0000][1][safepoint    ] Total time for which application threads were stopped: 0.0000914 seconds, Stopping threads took: 0.0000275 seconds
[2019-12-08T11:40:58.180+0000][1][safepoint    ] Application time: 1.0000785 seconds
[2019-12-08T11:40:58.180+0000][1][safepoint    ] Entering safepoint region: Cleanup
[2019-12-08T11:40:58.180+0000][1][safepoint    ] Leaving safepoint region
[2019-12-08T11:40:58.180+0000][1][safepoint    ] Total time for which application threads were stopped: 0.0000860 seconds, Stopping threads took: 0.0000176 seconds
[2019-12-08T11:40:59.180+0000][1][safepoint    ] Application time: 1.0000818 seconds
[2019-12-08T11:40:59.180+0000][1][safepoint    ] Entering safepoint region: Cleanup
[2019-12-08T11:40:59.180+0000][1][safepoint    ] Leaving safepoint region
[2019-12-08T11:40:59.180+0000][1][safepoint    ] Total time for which application threads were stopped: 0.0000741 seconds, Stopping threads took: 0.0000174 seconds
[2019-12-08T11:41:00.180+0000][1][safepoint    ] Application time: 1.0000871 seconds
[2019-12-08T11:41:00.180+0000][1][safepoint    ] Entering safepoint region: Cleanup
[2019-12-08T11:41:00.180+0000][1][safepoint    ] Leaving safepoint region
[2019-12-08T11:41:00.180+0000][1][safepoint    ] Total time for which application threads were stopped: 0.0001020 seconds, Stopping threads took: 0.0000222 seconds
[2019-12-08T11:41:01.181+0000][1][safepoint    ] Application time: 1.0000775 seconds
[2019-12-08T11:41:01.181+0000][1][safepoint    ] Entering safepoint region: Cleanup
[2019-12-08T11:41:01.181+0000][1][safepoint    ] Leaving safepoint region
[2019-12-08T11:41:01.181+0000][1][safepoint    ] Total time for which application threads were stopped: 0.0000829 seconds, Stopping threads took: 0.0000171 seconds
[2019-12-08T11:41:02.181+0000][1][safepoint    ] Application time: 1.0000841 seconds
[2019-12-08T11:41:02.181+0000][1][safepoint    ] Entering safepoint region: Cleanup
[2019-12-08T11:41:02.181+0000][1][safepoint    ] Leaving safepoint region
[2019-12-08T11:41:02.181+0000][1][safepoint    ] Total time for which application threads were stopped: 0.0000942 seconds, Stopping threads took: 0.0000187 seconds
[2019-12-08T11:41:03.181+0000][1][safepoint    ] Application time: 1.0000796 seconds
[2019-12-08T11:41:03.181+0000][1][safepoint    ] Entering safepoint region: Cleanup
[2019-12-08T11:41:03.181+0000][1][safepoint    ] Leaving safepoint region
[2019-12-08T11:41:03.181+0000][1][safepoint    ] Total time for which application threads were stopped: 0.0000840 seconds, Stopping threads took: 0.0000187 seconds
[2019-12-08T11:41:04.181+0000][1][safepoint    ] Application time: 1.0000782 seconds
[2019-12-08T11:41:04.181+0000][1][safepoint    ] Entering safepoint region: Cleanup
[2019-12-08T11:41:04.181+0000][1][safepoint    ] Leaving safepoint region
[2019-12-08T11:41:04.181+0000][1][safepoint    ] Total time for which application threads were stopped: 0.0000798 seconds, Stopping threads took: 0.0000178 seconds
[2019-12-08T11:41:05.181+0000][1][safepoint    ] Application time: 1.0000819 seconds
[2019-12-08T11:41:05.181+0000][1][safepoint    ] Entering safepoint region: Cleanup
[2019-12-08T11:41:05.181+0000][1][safepoint    ] Leaving safepoint region
[2019-12-08T11:41:05.182+0000][1][safepoint    ] Total time for which application threads were stopped: 0.0000812 seconds, Stopping threads took: 0.0000183 seconds
[2019-12-08T11:41:06.182+0000][1][safepoint    ] Application time: 1.0000839 seconds
[2019-12-08T11:41:06.182+0000][1][safepoint    ] Entering safepoint region: Cleanup
[2019-12-08T11:41:06.182+0000][1][safepoint    ] Leaving safepoint region
[2019-12-08T11:41:06.182+0000][1][safepoint    ] Total time for which application threads were stopped: 0.0001016 seconds, Stopping threads took: 0.0000187 seconds
[2019-12-08T11:41:07.182+0000][1][safepoint    ] Application time: 1.0000834 seconds
[2019-12-08T11:41:07.182+0000][1][safepoint    ] Entering safepoint region: Cleanup
[2019-12-08T11:41:07.182+0000][1][safepoint    ] Leaving safepoint region
[2019-12-08T11:41:07.182+0000][1][safepoint    ] Total time for which application threads were stopped: 0.0000949 seconds, Stopping threads took: 0.0000191 seconds
[2019-12-08T11:41:08.182+0000][1][safepoint    ] Application time: 1.0000820 seconds
[2019-12-08T11:41:08.182+0000][1][safepoint    ] Entering safepoint region: Cleanup
[2019-12-08T11:41:08.182+0000][1][safepoint    ] Leaving safepoint region
[2019-12-08T11:41:08.182+0000][1][safepoint    ] Total time for which application threads were stopped: 0.0000806 seconds, Stopping threads took: 0.0000184 seconds
[2019-12-08T11:41:09.182+0000][1][safepoint    ] Application time: 1.0000884 seconds
[2019-12-08T11:41:09.182+0000][1][safepoint    ] Entering safepoint region: Cleanup
[2019-12-08T11:41:09.182+0000][1][safepoint    ] Leaving safepoint region
[2019-12-08T11:41:09.182+0000][1][safepoint    ] Total time for which application threads were stopped: 0.0000813 seconds, Stopping threads took: 0.0000189 seconds
[2019-12-08T11:41:10.182+0000][1][safepoint    ] Application time: 1.0000891 seconds
[2019-12-08T11:41:10.182+0000][1][safepoint    ] Entering safepoint region: Cleanup
[2019-12-08T11:41:10.183+0000][1][safepoint    ] Leaving safepoint region
[2019-12-08T11:41:10.183+0000][1][safepoint    ] Total time for which application threads were stopped: 0.0000826 seconds, Stopping threads took: 0.0000187 seconds
[2019-12-08T11:41:11.183+0000][1][safepoint    ] Application time: 1.0000777 seconds
[2019-12-08T11:41:11.183+0000][1][safepoint    ] Entering safepoint region: Cleanup
[2019-12-08T11:41:11.183+0000][1][safepoint    ] Leaving safepoint region
[2019-12-08T11:41:11.183+0000][1][safepoint    ] Total time for which application threads were stopped: 0.0000896 seconds, Stopping threads took: 0.0000286 seconds
[2019-12-08T11:41:12.183+0000][1][safepoint    ] Application time: 1.0000766 seconds
[2019-12-08T11:41:12.183+0000][1][safepoint    ] Entering safepoint region: Cleanup
[2019-12-08T11:41:12.183+0000][1][safepoint    ] Leaving safepoint region
[2019-12-08T11:41:12.183+0000][1][safepoint    ] Total time for which application threads were stopped: 0.0000727 seconds, Stopping threads took: 0.0000152 seconds
[2019-12-08T11:41:13.183+0000][1][safepoint    ] Application time: 1.0000747 seconds
[2019-12-08T11:41:13.183+0000][1][safepoint    ] Entering safepoint region: Cleanup
[2019-12-08T11:41:13.183+0000][1][safepoint    ] Leaving safepoint region
[2019-12-08T11:41:13.183+0000][1][safepoint    ] Total time for which application threads were stopped: 0.0000779 seconds, Stopping threads took: 0.0000176 seconds
[2019-12-08T11:41:14.183+0000][1][safepoint    ] Application time: 1.0000764 seconds
[2019-12-08T11:41:14.183+0000][1][safepoint    ] Entering safepoint region: Cleanup
[2019-12-08T11:41:14.183+0000][1][safepoint    ] Leaving safepoint region
[2019-12-08T11:41:14.183+0000][1][safepoint    ] Total time for which application threads were stopped: 0.0000773 seconds, Stopping threads took: 0.0000176 seconds
[2019-12-08T11:41:15.183+0000][1][safepoint    ] Application time: 1.0000776 seconds
[2019-12-08T11:41:15.183+0000][1][safepoint    ] Entering safepoint region: Cleanup
[2019-12-08T11:41:15.183+0000][1][safepoint    ] Leaving safepoint region
[2019-12-08T11:41:15.184+0000][1][safepoint    ] Total time for which application threads were stopped: 0.0000760 seconds, Stopping threads took: 0.0000165 seconds
[2019-12-08T11:41:16.184+0000][1][safepoint    ] Application time: 1.0000777 seconds
[2019-12-08T11:41:16.184+0000][1][safepoint    ] Entering safepoint region: Cleanup
[2019-12-08T11:41:16.184+0000][1][safepoint    ] Leaving safepoint region
[2019-12-08T11:41:16.184+0000][1][safepoint    ] Total time for which application threads were stopped: 0.0000879 seconds, Stopping threads took: 0.0000176 seconds
[2019-12-08T11:41:17.184+0000][1][safepoint    ] Application time: 1.0000830 seconds
[2019-12-08T11:41:17.184+0000][1][safepoint    ] Entering safepoint region: Cleanup
[2019-12-08T11:41:17.184+0000][1][safepoint    ] Leaving safepoint region
[2019-12-08T11:41:17.184+0000][1][safepoint    ] Total time for which application threads were stopped: 0.0000882 seconds, Stopping threads took: 0.0000190 seconds
[2019-12-08T11:41:18.184+0000][1][safepoint    ] Application time: 1.0000871 seconds
[2019-12-08T11:41:18.184+0000][1][safepoint    ] Entering safepoint region: Cleanup
[2019-12-08T11:41:18.184+0000][1][safepoint    ] Leaving safepoint region
[2019-12-08T11:41:18.184+0000][1][safepoint    ] Total time for which application threads were stopped: 0.0000821 seconds, Stopping threads took: 0.0000174 seconds
[2019-12-08T11:41:19.184+0000][1][safepoint    ] Application time: 1.0000927 seconds
[2019-12-08T11:41:19.184+0000][1][safepoint    ] Entering safepoint region: Cleanup
[2019-12-08T11:41:19.184+0000][1][safepoint    ] Leaving safepoint region
[2019-12-08T11:41:19.184+0000][1][safepoint    ] Total time for which application threads were stopped: 0.0000868 seconds, Stopping threads took: 0.0000180 seconds
[2019-12-08T11:41:20.184+0000][1][safepoint    ] Application time: 1.0000828 seconds
[2019-12-08T11:41:20.184+0000][1][safepoint    ] Entering safepoint region: Cleanup
[2019-12-08T11:41:20.185+0000][1][safepoint    ] Leaving safepoint region
[2019-12-08T11:41:20.185+0000][1][safepoint    ] Total time for which application threads were stopped: 0.0000840 seconds, Stopping threads took: 0.0000202 seconds
[2019-12-08T11:41:21.185+0000][1][safepoint    ] Application time: 1.0000823 seconds
[2019-12-08T11:41:21.185+0000][1][safepoint    ] Entering safepoint region: Cleanup
[2019-12-08T11:41:21.185+0000][1][safepoint    ] Leaving safepoint region
[2019-12-08T11:41:21.185+0000][1][safepoint    ] Total time for which application threads were stopped: 0.0000921 seconds, Stopping threads took: 0.0000193 seconds
[2019-12-08T11:41:22.185+0000][1][safepoint    ] Application time: 1.0000872 seconds
[2019-12-08T11:41:22.185+0000][1][safepoint    ] Entering safepoint region: Cleanup
[2019-12-08T11:41:22.185+0000][1][safepoint    ] Leaving safepoint region
[2019-12-08T11:41:22.185+0000][1][safepoint    ] Total time for which application threads were stopped: 0.0001168 seconds, Stopping threads took: 0.0000264 seconds
[2019-12-08T11:41:23.185+0000][1][safepoint    ] Application time: 1.0000809 seconds
[2019-12-08T11:41:23.185+0000][1][safepoint    ] Entering safepoint region: Cleanup
[2019-12-08T11:41:23.185+0000][1][safepoint    ] Leaving safepoint region
[2019-12-08T11:41:23.185+0000][1][safepoint    ] Total time for which application threads were stopped: 0.0000806 seconds, Stopping threads took: 0.0000182 seconds
[2019-12-08T11:41:24.185+0000][1][safepoint    ] Application time: 1.0000766 seconds
[2019-12-08T11:41:24.185+0000][1][safepoint    ] Entering safepoint region: Cleanup
[2019-12-08T11:41:24.185+0000][1][safepoint    ] Leaving safepoint region
[2019-12-08T11:41:24.185+0000][1][safepoint    ] Total time for which application threads were stopped: 0.0000811 seconds, Stopping threads took: 0.0000183 seconds
[2019-12-08T11:41:25.185+0000][1][safepoint    ] Application time: 1.0000794 seconds
[2019-12-08T11:41:25.186+0000][1][safepoint    ] Entering safepoint region: Cleanup
[2019-12-08T11:41:25.186+0000][1][safepoint    ] Leaving safepoint region
[2019-12-08T11:41:25.186+0000][1][safepoint    ] Total time for which application threads were stopped: 0.0000807 seconds, Stopping threads took: 0.0000185 seconds
[2019-12-08T11:41:26.186+0000][1][safepoint    ] Application time: 1.0000758 seconds
[2019-12-08T11:41:26.186+0000][1][safepoint    ] Entering safepoint region: Cleanup
[2019-12-08T11:41:26.186+0000][1][safepoint    ] Leaving safepoint region
[2019-12-08T11:41:26.186+0000][1][safepoint    ] Total time for which application threads were stopped: 0.0000804 seconds, Stopping threads took: 0.0000190 seconds
[2019-12-08T11:41:27.186+0000][1][safepoint    ] Application time: 1.0000773 seconds
[2019-12-08T11:41:27.186+0000][1][safepoint    ] Entering safepoint region: Cleanup
[2019-12-08T11:41:27.186+0000][1][safepoint    ] Leaving safepoint region
[2019-12-08T11:41:27.186+0000][1][safepoint    ] Total time for which application threads were stopped: 0.0000751 seconds, Stopping threads took: 0.0000169 seconds
[2019-12-08T11:41:28.186+0000][1][safepoint    ] Application time: 1.0000755 seconds
[2019-12-08T11:41:28.186+0000][1][safepoint    ] Entering safepoint region: Cleanup
[2019-12-08T11:41:28.186+0000][1][safepoint    ] Leaving safepoint region
[2019-12-08T11:41:28.186+0000][1][safepoint    ] Total time for which application threads were stopped: 0.0000785 seconds, Stopping threads took: 0.0000172 seconds
[2019-12-08T11:41:29.186+0000][1][safepoint    ] Application time: 1.0000786 seconds
[2019-12-08T11:41:29.186+0000][1][safepoint    ] Entering safepoint region: Cleanup
[2019-12-08T11:41:29.186+0000][1][safepoint    ] Leaving safepoint region
[2019-12-08T11:41:29.186+0000][1][safepoint    ] Total time for which application threads were stopped: 0.0000780 seconds, Stopping threads took: 0.0000185 seconds
[2019-12-08T11:41:30.186+0000][1][safepoint    ] Application time: 1.0000530 seconds
[2019-12-08T11:41:30.186+0000][1][safepoint    ] Entering safepoint region: Cleanup
[2019-12-08T11:41:30.187+0000][1][safepoint    ] Leaving safepoint region
[2019-12-08T11:41:30.187+0000][1][safepoint    ] Total time for which application threads were stopped: 0.0000756 seconds, Stopping threads took: 0.0000171 seconds
[2019-12-08T11:41:31.187+0000][1][safepoint    ] Application time: 1.0000807 seconds
[2019-12-08T11:41:31.187+0000][1][safepoint    ] Entering safepoint region: Cleanup
[2019-12-08T11:41:31.187+0000][1][safepoint    ] Leaving safepoint region
[2019-12-08T11:41:31.187+0000][1][safepoint    ] Total time for which application threads were stopped: 0.0000935 seconds, Stopping threads took: 0.0000211 seconds
[2019-12-08T11:41:32.187+0000][1][safepoint    ] Application time: 1.0000812 seconds
[2019-12-08T11:41:32.187+0000][1][safepoint    ] Entering safepoint region: Cleanup
[2019-12-08T11:41:32.187+0000][1][safepoint    ] Leaving safepoint region
[2019-12-08T11:41:32.187+0000][1][safepoint    ] Total time for which application threads were stopped: 0.0000779 seconds, Stopping threads took: 0.0000172 seconds
[2019-12-08T11:41:33.187+0000][1][safepoint    ] Application time: 1.0000769 seconds
[2019-12-08T11:41:33.187+0000][1][safepoint    ] Entering safepoint region: Cleanup
[2019-12-08T11:41:33.187+0000][1][safepoint    ] Leaving safepoint region
[2019-12-08T11:41:33.187+0000][1][safepoint    ] Total time for which application threads were stopped: 0.0000820 seconds, Stopping threads took: 0.0000170 seconds
[2019-12-08T11:41:34.187+0000][1][safepoint    ] Application time: 1.0000773 seconds
[2019-12-08T11:41:34.187+0000][1][safepoint    ] Entering safepoint region: Cleanup
[2019-12-08T11:41:34.187+0000][1][safepoint    ] Leaving safepoint region
[2019-12-08T11:41:34.187+0000][1][safepoint    ] Total time for which application threads were stopped: 0.0000945 seconds, Stopping threads took: 0.0000278 seconds
[2019-12-08T11:41:35.187+0000][1][safepoint    ] Application time: 1.0000780 seconds
[2019-12-08T11:41:35.187+0000][1][safepoint    ] Entering safepoint region: Cleanup
[2019-12-08T11:41:35.187+0000][1][safepoint    ] Leaving safepoint region
[2019-12-08T11:41:35.187+0000][1][safepoint    ] Total time for which application threads were stopped: 0.0000794 seconds, Stopping threads took: 0.0000172 seconds
[2019-12-08T11:41:36.188+0000][1][safepoint    ] Application time: 1.0000801 seconds
[2019-12-08T11:41:36.188+0000][1][safepoint    ] Entering safepoint region: Cleanup
[2019-12-08T11:41:36.188+0000][1][safepoint    ] Leaving safepoint region
[2019-12-08T11:41:36.188+0000][1][safepoint    ] Total time for which application threads were stopped: 0.0000787 seconds, Stopping threads took: 0.0000182 seconds
[2019-12-08T11:41:37.188+0000][1][safepoint    ] Application time: 1.0000882 seconds
[2019-12-08T11:41:37.188+0000][1][safepoint    ] Entering safepoint region: Cleanup
[2019-12-08T11:41:37.188+0000][1][safepoint    ] Leaving safepoint region
[2019-12-08T11:41:37.188+0000][1][safepoint    ] Total time for which application threads were stopped: 0.0000814 seconds, Stopping threads took: 0.0000176 seconds
[2019-12-08T11:41:38.188+0000][1][safepoint    ] Application time: 1.0000749 seconds
[2019-12-08T11:41:38.188+0000][1][safepoint    ] Entering safepoint region: Cleanup
[2019-12-08T11:41:38.188+0000][1][safepoint    ] Leaving safepoint region
[2019-12-08T11:41:38.188+0000][1][safepoint    ] Total time for which application threads were stopped: 0.0000778 seconds, Stopping threads took: 0.0000177 seconds
[2019-12-08T11:41:39.188+0000][1][safepoint    ] Application time: 1.0000832 seconds
[2019-12-08T11:41:39.188+0000][1][safepoint    ] Entering safepoint region: Cleanup
[2019-12-08T11:41:39.188+0000][1][safepoint    ] Leaving safepoint region
[2019-12-08T11:41:39.188+0000][1][safepoint    ] Total time for which application threads were stopped: 0.0000802 seconds, Stopping threads took: 0.0000190 seconds
[2019-12-08T11:41:40.188+0000][1][safepoint    ] Application time: 1.0000821 seconds
[2019-12-08T11:41:40.188+0000][1][safepoint    ] Entering safepoint region: Cleanup
[2019-12-08T11:41:40.188+0000][1][safepoint    ] Leaving safepoint region
[2019-12-08T11:41:40.188+0000][1][safepoint    ] Total time for which application threads were stopped: 0.0000801 seconds, Stopping threads took: 0.0000185 seconds
[2019-12-08T11:41:41.189+0000][1][safepoint    ] Application time: 1.0000805 seconds
[2019-12-08T11:41:41.189+0000][1][safepoint    ] Entering safepoint region: Cleanup
[2019-12-08T11:41:41.189+0000][1][safepoint    ] Leaving safepoint region
[2019-12-08T11:41:41.189+0000][1][safepoint    ] Total time for which application threads were stopped: 0.0000790 seconds, Stopping threads took: 0.0000183 seconds
[2019-12-08T11:41:42.189+0000][1][safepoint    ] Application time: 1.0000817 seconds
[2019-12-08T11:41:42.189+0000][1][safepoint    ] Entering safepoint region: Cleanup
[2019-12-08T11:41:42.189+0000][1][safepoint    ] Leaving safepoint region
[2019-12-08T11:41:42.189+0000][1][safepoint    ] Total time for which application threads were stopped: 0.0000850 seconds, Stopping threads took: 0.0000191 seconds
[2019-12-08T11:41:43.189+0000][1][safepoint    ] Application time: 1.0000819 seconds
[2019-12-08T11:41:43.189+0000][1][safepoint    ] Entering safepoint region: Cleanup
[2019-12-08T11:41:43.189+0000][1][safepoint    ] Leaving safepoint region
[2019-12-08T11:41:43.189+0000][1][safepoint    ] Total time for which application threads were stopped: 0.0000814 seconds, Stopping threads took: 0.0000200 seconds
[2019-12-08T11:41:44.189+0000][1][safepoint    ] Application time: 1.0000780 seconds
[2019-12-08T11:41:44.189+0000][1][safepoint    ] Entering safepoint region: Cleanup
[2019-12-08T11:41:44.189+0000][1][safepoint    ] Leaving safepoint region
[2019-12-08T11:41:44.189+0000][1][safepoint    ] Total time for which application threads were stopped: 0.0000800 seconds, Stopping threads took: 0.0000185 seconds
[2019-12-08T11:41:45.189+0000][1][safepoint    ] Application time: 1.0000807 seconds
[2019-12-08T11:41:45.189+0000][1][safepoint    ] Entering safepoint region: Cleanup
[2019-12-08T11:41:45.189+0000][1][safepoint    ] Leaving safepoint region
[2019-12-08T11:41:45.189+0000][1][safepoint    ] Total time for which application threads were stopped: 0.0000785 seconds, Stopping threads took: 0.0000174 seconds
[2019-12-08T11:41:46.190+0000][1][safepoint    ] Application time: 1.0000830 seconds
[2019-12-08T11:41:46.190+0000][1][safepoint    ] Entering safepoint region: Cleanup
[2019-12-08T11:41:46.190+0000][1][safepoint    ] Leaving safepoint region
[2019-12-08T11:41:46.190+0000][1][safepoint    ] Total time for which application threads were stopped: 0.0000801 seconds, Stopping threads took: 0.0000181 seconds
[2019-12-08T11:41:47.190+0000][1][safepoint    ] Application time: 1.0000410 seconds
[2019-12-08T11:41:47.190+0000][1][safepoint    ] Entering safepoint region: Cleanup
[2019-12-08T11:41:47.190+0000][1][safepoint    ] Leaving safepoint region
[2019-12-08T11:41:47.190+0000][1][safepoint    ] Total time for which application threads were stopped: 0.0000781 seconds, Stopping threads took: 0.0000188 seconds
[2019-12-08T11:41:48.190+0000][1][safepoint    ] Application time: 1.0000764 seconds
[2019-12-08T11:41:48.190+0000][1][safepoint    ] Entering safepoint region: Cleanup
[2019-12-08T11:41:48.190+0000][1][safepoint    ] Leaving safepoint region
[2019-12-08T11:41:48.190+0000][1][safepoint    ] Total time for which application threads were stopped: 0.0000822 seconds, Stopping threads took: 0.0000207 seconds
[2019-12-08T11:41:49.190+0000][1][safepoint    ] Application time: 1.0000781 seconds
[2019-12-08T11:41:49.190+0000][1][safepoint    ] Entering safepoint region: Cleanup
[2019-12-08T11:41:49.190+0000][1][safepoint    ] Leaving safepoint region
[2019-12-08T11:41:49.190+0000][1][safepoint    ] Total time for which application threads were stopped: 0.0000802 seconds, Stopping threads took: 0.0000187 seconds
[2019-12-08T11:41:50.190+0000][1][safepoint    ] Application time: 1.0000783 seconds
[2019-12-08T11:41:50.190+0000][1][safepoint    ] Entering safepoint region: Cleanup
[2019-12-08T11:41:50.190+0000][1][safepoint    ] Leaving safepoint region
[2019-12-08T11:41:50.190+0000][1][safepoint    ] Total time for which application threads were stopped: 0.0000776 seconds, Stopping threads took: 0.0000170 seconds
[2019-12-08T11:41:51.190+0000][1][safepoint    ] Application time: 1.0000770 seconds
[2019-12-08T11:41:51.191+0000][1][safepoint    ] Entering safepoint region: Cleanup
[2019-12-08T11:41:51.191+0000][1][safepoint    ] Leaving safepoint region
[2019-12-08T11:41:51.191+0000][1][safepoint    ] Total time for which application threads were stopped: 0.0000796 seconds, Stopping threads took: 0.0000189 seconds
[2019-12-08T11:41:52.191+0000][1][safepoint    ] Application time: 1.0000810 seconds
[2019-12-08T11:41:52.191+0000][1][safepoint    ] Entering safepoint region: Cleanup
[2019-12-08T11:41:52.191+0000][1][safepoint    ] Leaving safepoint region
[2019-12-08T11:41:52.191+0000][1][safepoint    ] Total time for which application threads were stopped: 0.0001009 seconds, Stopping threads took: 0.0000393 seconds
[2019-12-08T11:41:53.191+0000][1][safepoint    ] Application time: 1.0000844 seconds
[2019-12-08T11:41:53.191+0000][1][safepoint    ] Entering safepoint region: Cleanup
[2019-12-08T11:41:53.191+0000][1][safepoint    ] Leaving safepoint region
[2019-12-08T11:41:53.191+0000][1][safepoint    ] Total time for which application threads were stopped: 0.0001076 seconds, Stopping threads took: 0.0000256 seconds
[2019-12-08T11:41:54.191+0000][1][safepoint    ] Application time: 1.0000766 seconds
[2019-12-08T11:41:54.191+0000][1][safepoint    ] Entering safepoint region: Cleanup
[2019-12-08T11:41:54.191+0000][1][safepoint    ] Leaving safepoint region
[2019-12-08T11:41:54.191+0000][1][safepoint    ] Total time for which application threads were stopped: 0.0000855 seconds, Stopping threads took: 0.0000243 seconds
[2019-12-08T11:41:55.191+0000][1][safepoint    ] Application time: 1.0000849 seconds
[2019-12-08T11:41:55.191+0000][1][safepoint    ] Entering safepoint region: Cleanup
[2019-12-08T11:41:55.191+0000][1][safepoint    ] Leaving safepoint region
[2019-12-08T11:41:55.191+0000][1][safepoint    ] Total time for which application threads were stopped: 0.0000847 seconds, Stopping threads took: 0.0000186 seconds
[2019-12-08T11:41:56.192+0000][1][safepoint    ] Application time: 1.0000778 seconds
[2019-12-08T11:41:56.192+0000][1][safepoint    ] Entering safepoint region: Cleanup
[2019-12-08T11:41:56.192+0000][1][safepoint    ] Leaving safepoint region
[2019-12-08T11:41:56.192+0000][1][safepoint    ] Total time for which application threads were stopped: 0.0000800 seconds, Stopping threads took: 0.0000190 seconds
[2019-12-08T11:41:57.192+0000][1][safepoint    ] Application time: 1.0000813 seconds
[2019-12-08T11:41:57.192+0000][1][safepoint    ] Entering safepoint region: Cleanup
[2019-12-08T11:41:57.192+0000][1][safepoint    ] Leaving safepoint region
[2019-12-08T11:41:57.192+0000][1][safepoint    ] Total time for which application threads were stopped: 0.0000878 seconds, Stopping threads took: 0.0000249 seconds
[2019-12-08T11:41:58.192+0000][1][safepoint    ] Application time: 1.0000808 seconds
[2019-12-08T11:41:58.192+0000][1][safepoint    ] Entering safepoint region: Cleanup
[2019-12-08T11:41:58.192+0000][1][safepoint    ] Leaving safepoint region
[2019-12-08T11:41:58.192+0000][1][safepoint    ] Total time for which application threads were stopped: 0.0000800 seconds, Stopping threads took: 0.0000189 seconds
[2019-12-08T11:41:59.192+0000][1][safepoint    ] Application time: 1.0000761 seconds
[2019-12-08T11:41:59.192+0000][1][safepoint    ] Entering safepoint region: Cleanup
[2019-12-08T11:41:59.192+0000][1][safepoint    ] Leaving safepoint region
[2019-12-08T11:41:59.192+0000][1][safepoint    ] Total time for which application threads were stopped: 0.0000777 seconds, Stopping threads took: 0.0000176 seconds
[2019-12-08T11:42:00.192+0000][1][safepoint    ] Application time: 1.0000765 seconds
[2019-12-08T11:42:00.192+0000][1][safepoint    ] Entering safepoint region: Cleanup
[2019-12-08T11:42:00.192+0000][1][safepoint    ] Leaving safepoint region
[2019-12-08T11:42:00.192+0000][1][safepoint    ] Total time for which application threads were stopped: 0.0000776 seconds, Stopping threads took: 0.0000176 seconds
[2019-12-08T11:42:01.193+0000][1][safepoint    ] Application time: 1.0000797 seconds
[2019-12-08T11:42:01.193+0000][1][safepoint    ] Entering safepoint region: Cleanup
[2019-12-08T11:42:01.193+0000][1][safepoint    ] Leaving safepoint region
[2019-12-08T11:42:01.193+0000][1][safepoint    ] Total time for which application threads were stopped: 0.0000792 seconds, Stopping threads took: 0.0000175 seconds
[2019-12-08T11:42:02.193+0000][1][safepoint    ] Application time: 1.0000801 seconds
[2019-12-08T11:42:02.193+0000][1][safepoint    ] Entering safepoint region: Cleanup
[2019-12-08T11:42:02.193+0000][1][safepoint    ] Leaving safepoint region
[2019-12-08T11:42:02.193+0000][1][safepoint    ] Total time for which application threads were stopped: 0.0001085 seconds, Stopping threads took: 0.0000251 seconds
[2019-12-08T11:42:03.193+0000][1][safepoint    ] Application time: 1.0000826 seconds
[2019-12-08T11:42:03.193+0000][1][safepoint    ] Entering safepoint region: Cleanup
[2019-12-08T11:42:03.193+0000][1][safepoint    ] Leaving safepoint region
[2019-12-08T11:42:03.193+0000][1][safepoint    ] Total time for which application threads were stopped: 0.0000783 seconds, Stopping threads took: 0.0000194 seconds
[2019-12-08T11:42:04.193+0000][1][safepoint    ] Application time: 1.0000828 seconds
[2019-12-08T11:42:04.193+0000][1][safepoint    ] Entering safepoint region: Cleanup
[2019-12-08T11:42:04.193+0000][1][safepoint    ] Leaving safepoint region
[2019-12-08T11:42:04.193+0000][1][safepoint    ] Total time for which application threads were stopped: 0.0000767 seconds, Stopping threads took: 0.0000204 seconds
[2019-12-08T11:42:05.193+0000][1][safepoint    ] Application time: 1.0000788 seconds
[2019-12-08T11:42:05.193+0000][1][safepoint    ] Entering safepoint region: Cleanup
[2019-12-08T11:42:05.193+0000][1][safepoint    ] Leaving safepoint region
[2019-12-08T11:42:05.193+0000][1][safepoint    ] Total time for which application threads were stopped: 0.0000737 seconds, Stopping threads took: 0.0000175 seconds
[2019-12-08T11:42:06.194+0000][1][safepoint    ] Application time: 1.0000833 seconds
[2019-12-08T11:42:06.194+0000][1][safepoint    ] Entering safepoint region: Cleanup
[2019-12-08T11:42:06.194+0000][1][safepoint    ] Leaving safepoint region
[2019-12-08T11:42:06.194+0000][1][safepoint    ] Total time for which application threads were stopped: 0.0000747 seconds, Stopping threads took: 0.0000166 seconds
[2019-12-08T11:42:07.194+0000][1][safepoint    ] Application time: 1.0000763 seconds
[2019-12-08T11:42:07.194+0000][1][safepoint    ] Entering safepoint region: Cleanup
[2019-12-08T11:42:07.194+0000][1][safepoint    ] Leaving safepoint region
[2019-12-08T11:42:07.194+0000][1][safepoint    ] Total time for which application threads were stopped: 0.0000780 seconds, Stopping threads took: 0.0000178 seconds
[2019-12-08T11:42:08.194+0000][1][safepoint    ] Application time: 1.0000763 seconds
[2019-12-08T11:42:08.194+0000][1][safepoint    ] Entering safepoint region: Cleanup
[2019-12-08T11:42:08.194+0000][1][safepoint    ] Leaving safepoint region
[2019-12-08T11:42:08.194+0000][1][safepoint    ] Total time for which application threads were stopped: 0.0000751 seconds, Stopping threads took: 0.0000167 seconds
[2019-12-08T11:42:09.194+0000][1][safepoint    ] Application time: 1.0000770 seconds
[2019-12-08T11:42:09.194+0000][1][safepoint    ] Entering safepoint region: Cleanup
[2019-12-08T11:42:09.194+0000][1][safepoint    ] Leaving safepoint region
[2019-12-08T11:42:09.194+0000][1][safepoint    ] Total time for which application threads were stopped: 0.0000738 seconds, Stopping threads took: 0.0000160 seconds
[2019-12-08T11:42:10.194+0000][1][safepoint    ] Application time: 1.0000780 seconds
[2019-12-08T11:42:10.194+0000][1][safepoint    ] Entering safepoint region: Cleanup
[2019-12-08T11:42:10.194+0000][1][safepoint    ] Leaving safepoint region
[2019-12-08T11:42:10.194+0000][1][safepoint    ] Total time for which application threads were stopped: 0.0000850 seconds, Stopping threads took: 0.0000170 seconds
[2019-12-08T11:42:11.194+0000][1][safepoint    ] Application time: 1.0000804 seconds
[2019-12-08T11:42:11.194+0000][1][safepoint    ] Entering safepoint region: Cleanup
[2019-12-08T11:42:11.194+0000][1][safepoint    ] Leaving safepoint region
[2019-12-08T11:42:11.194+0000][1][safepoint    ] Total time for which application threads were stopped: 0.0000783 seconds, Stopping threads took: 0.0000199 seconds
[2019-12-08T11:42:12.195+0000][1][safepoint    ] Application time: 1.0000842 seconds
[2019-12-08T11:42:12.195+0000][1][safepoint    ] Entering safepoint region: Cleanup
[2019-12-08T11:42:12.195+0000][1][safepoint    ] Leaving safepoint region
[2019-12-08T11:42:12.195+0000][1][safepoint    ] Total time for which application threads were stopped: 0.0000744 seconds, Stopping threads took: 0.0000161 seconds
[2019-12-08T11:42:13.195+0000][1][safepoint    ] Application time: 1.0000786 seconds
[2019-12-08T11:42:13.195+0000][1][safepoint    ] Entering safepoint region: Cleanup
[2019-12-08T11:42:13.195+0000][1][safepoint    ] Leaving safepoint region
[2019-12-08T11:42:13.195+0000][1][safepoint    ] Total time for which application threads were stopped: 0.0000748 seconds, Stopping threads took: 0.0000166 seconds
[2019-12-08T11:42:14.195+0000][1][safepoint    ] Application time: 1.0000800 seconds
[2019-12-08T11:42:14.195+0000][1][safepoint    ] Entering safepoint region: Cleanup
[2019-12-08T11:42:14.195+0000][1][safepoint    ] Leaving safepoint region
[2019-12-08T11:42:14.195+0000][1][safepoint    ] Total time for which application threads were stopped: 0.0000722 seconds, Stopping threads took: 0.0000162 seconds
[2019-12-08T11:42:15.195+0000][1][safepoint    ] Application time: 1.0000756 seconds
[2019-12-08T11:42:15.195+0000][1][safepoint    ] Entering safepoint region: Cleanup
[2019-12-08T11:42:15.195+0000][1][safepoint    ] Leaving safepoint region
[2019-12-08T11:42:15.195+0000][1][safepoint    ] Total time for which application threads were stopped: 0.0000726 seconds, Stopping threads took: 0.0000158 seconds
[2019-12-08T11:42:16.195+0000][1][safepoint    ] Application time: 1.0000813 seconds
[2019-12-08T11:42:16.195+0000][1][safepoint    ] Entering safepoint region: Cleanup
[2019-12-08T11:42:16.195+0000][1][safepoint    ] Leaving safepoint region
[2019-12-08T11:42:16.195+0000][1][safepoint    ] Total time for which application threads were stopped: 0.0000773 seconds, Stopping threads took: 0.0000172 seconds
[2019-12-08T11:42:17.195+0000][1][safepoint    ] Application time: 1.0000785 seconds
[2019-12-08T11:42:17.196+0000][1][safepoint    ] Entering safepoint region: Cleanup
[2019-12-08T11:42:17.196+0000][1][safepoint    ] Leaving safepoint region
[2019-12-08T11:42:17.196+0000][1][safepoint    ] Total time for which application threads were stopped: 0.0000770 seconds, Stopping threads took: 0.0000177 seconds
[2019-12-08T11:42:18.196+0000][1][safepoint    ] Application time: 1.0001032 seconds
[2019-12-08T11:42:18.196+0000][1][safepoint    ] Entering safepoint region: Cleanup
[2019-12-08T11:42:18.196+0000][1][safepoint    ] Leaving safepoint region
[2019-12-08T11:42:18.196+0000][1][safepoint    ] Total time for which application threads were stopped: 0.0001124 seconds, Stopping threads took: 0.0000236 seconds
[2019-12-08T11:42:19.196+0000][1][safepoint    ] Application time: 1.0000791 seconds
[2019-12-08T11:42:19.196+0000][1][safepoint    ] Entering safepoint region: Cleanup
[2019-12-08T11:42:19.196+0000][1][safepoint    ] Leaving safepoint region
[2019-12-08T11:42:19.196+0000][1][safepoint    ] Total time for which application threads were stopped: 0.0000720 seconds, Stopping threads took: 0.0000149 seconds
[2019-12-08T11:42:20.196+0000][1][safepoint    ] Application time: 1.0000768 seconds
[2019-12-08T11:42:20.196+0000][1][safepoint    ] Entering safepoint region: Cleanup
[2019-12-08T11:42:20.196+0000][1][safepoint    ] Leaving safepoint region
[2019-12-08T11:42:20.196+0000][1][safepoint    ] Total time for which application threads were stopped: 0.0000737 seconds, Stopping threads took: 0.0000166 seconds
[2019-12-08T11:42:21.196+0000][1][safepoint    ] Application time: 1.0000749 seconds
[2019-12-08T11:42:21.196+0000][1][safepoint    ] Entering safepoint region: Cleanup
[2019-12-08T11:42:21.196+0000][1][safepoint    ] Leaving safepoint region
[2019-12-08T11:42:21.196+0000][1][safepoint    ] Total time for which application threads were stopped: 0.0000769 seconds, Stopping threads took: 0.0000203 seconds
[2019-12-08T11:42:22.196+0000][1][safepoint    ] Application time: 1.0000771 seconds
[2019-12-08T11:42:22.196+0000][1][safepoint    ] Entering safepoint region: Cleanup
[2019-12-08T11:42:22.197+0000][1][safepoint    ] Leaving safepoint region
[2019-12-08T11:42:22.197+0000][1][safepoint    ] Total time for which application threads were stopped: 0.0000840 seconds, Stopping threads took: 0.0000168 seconds
[2019-12-08T11:42:23.197+0000][1][safepoint    ] Application time: 1.0000766 seconds
[2019-12-08T11:42:23.197+0000][1][safepoint    ] Entering safepoint region: Cleanup
[2019-12-08T11:42:23.197+0000][1][safepoint    ] Leaving safepoint region
[2019-12-08T11:42:23.197+0000][1][safepoint    ] Total time for which application threads were stopped: 0.0000888 seconds, Stopping threads took: 0.0000204 seconds
[2019-12-08T11:42:24.197+0000][1][safepoint    ] Application time: 1.0000769 seconds
[2019-12-08T11:42:24.197+0000][1][safepoint    ] Entering safepoint region: Cleanup
[2019-12-08T11:42:24.197+0000][1][safepoint    ] Leaving safepoint region
[2019-12-08T11:42:24.197+0000][1][safepoint    ] Total time for which application threads were stopped: 0.0000823 seconds, Stopping threads took: 0.0000192 seconds
[2019-12-08T11:42:25.197+0000][1][safepoint    ] Application time: 1.0000788 seconds
[2019-12-08T11:42:25.197+0000][1][safepoint    ] Entering safepoint region: Cleanup
[2019-12-08T11:42:25.197+0000][1][safepoint    ] Leaving safepoint region
[2019-12-08T11:42:25.197+0000][1][safepoint    ] Total time for which application threads were stopped: 0.0000823 seconds, Stopping threads took: 0.0000188 seconds
[2019-12-08T11:42:26.197+0000][1][safepoint    ] Application time: 1.0000792 seconds
[2019-12-08T11:42:26.197+0000][1][safepoint    ] Entering safepoint region: Cleanup
[2019-12-08T11:42:26.197+0000][1][safepoint    ] Leaving safepoint region
[2019-12-08T11:42:26.197+0000][1][safepoint    ] Total time for which application threads were stopped: 0.0000857 seconds, Stopping threads took: 0.0000174 seconds
[2019-12-08T11:42:27.197+0000][1][safepoint    ] Application time: 1.0000763 seconds
[2019-12-08T11:42:27.197+0000][1][safepoint    ] Entering safepoint region: Cleanup
[2019-12-08T11:42:27.198+0000][1][safepoint    ] Leaving safepoint region
[2019-12-08T11:42:27.198+0000][1][safepoint    ] Total time for which application threads were stopped: 0.0000795 seconds, Stopping threads took: 0.0000185 seconds
[2019-12-08T11:42:28.198+0000][1][safepoint    ] Application time: 1.0000767 seconds
[2019-12-08T11:42:28.198+0000][1][safepoint    ] Entering safepoint region: Cleanup
[2019-12-08T11:42:28.198+0000][1][safepoint    ] Leaving safepoint region
[2019-12-08T11:42:28.198+0000][1][safepoint    ] Total time for which application threads were stopped: 0.0000937 seconds, Stopping threads took: 0.0000172 seconds
[2019-12-08T11:42:29.198+0000][1][safepoint    ] Application time: 1.0000807 seconds
[2019-12-08T11:42:29.198+0000][1][safepoint    ] Entering safepoint region: Cleanup
[2019-12-08T11:42:29.198+0000][1][safepoint    ] Leaving safepoint region
[2019-12-08T11:42:29.198+0000][1][safepoint    ] Total time for which application threads were stopped: 0.0000833 seconds, Stopping threads took: 0.0000185 seconds
[2019-12-08T11:42:30.198+0000][1][safepoint    ] Application time: 1.0000763 seconds
[2019-12-08T11:42:30.198+0000][1][safepoint    ] Entering safepoint region: Cleanup
[2019-12-08T11:42:30.198+0000][1][safepoint    ] Leaving safepoint region
[2019-12-08T11:42:30.198+0000][1][safepoint    ] Total time for which application threads were stopped: 0.0000822 seconds, Stopping threads took: 0.0000173 seconds
[2019-12-08T11:42:31.198+0000][1][safepoint    ] Application time: 1.0000755 seconds
[2019-12-08T11:42:31.198+0000][1][safepoint    ] Entering safepoint region: Cleanup
[2019-12-08T11:42:31.198+0000][1][safepoint    ] Leaving safepoint region
[2019-12-08T11:42:31.198+0000][1][safepoint    ] Total time for which application threads were stopped: 0.0000843 seconds, Stopping threads took: 0.0000189 seconds
[2019-12-08T11:42:32.198+0000][1][safepoint    ] Application time: 1.0000768 seconds
[2019-12-08T11:42:32.199+0000][1][safepoint    ] Entering safepoint region: Cleanup
[2019-12-08T11:42:32.199+0000][1][safepoint    ] Leaving safepoint region
[2019-12-08T11:42:32.199+0000][1][safepoint    ] Total time for which application threads were stopped: 0.0000823 seconds, Stopping threads took: 0.0000188 seconds
[2019-12-08T11:42:33.199+0000][1][safepoint    ] Application time: 1.0000791 seconds
[2019-12-08T11:42:33.199+0000][1][safepoint    ] Entering safepoint region: Cleanup
[2019-12-08T11:42:33.199+0000][1][safepoint    ] Leaving safepoint region
[2019-12-08T11:42:33.199+0000][1][safepoint    ] Total time for which application threads were stopped: 0.0000830 seconds, Stopping threads took: 0.0000193 seconds
[2019-12-08T11:42:34.199+0000][1][safepoint    ] Application time: 1.0000777 seconds
[2019-12-08T11:42:34.199+0000][1][safepoint    ] Entering safepoint region: Cleanup
[2019-12-08T11:42:34.199+0000][1][safepoint    ] Leaving safepoint region
[2019-12-08T11:42:34.199+0000][1][safepoint    ] Total time for which application threads were stopped: 0.0000845 seconds, Stopping threads took: 0.0000212 seconds
[2019-12-08T11:42:35.199+0000][1][safepoint    ] Application time: 1.0000771 seconds
[2019-12-08T11:42:35.199+0000][1][safepoint    ] Entering safepoint region: Cleanup
[2019-12-08T11:42:35.199+0000][1][safepoint    ] Leaving safepoint region
[2019-12-08T11:42:35.199+0000][1][safepoint    ] Total time for which application threads were stopped: 0.0000806 seconds, Stopping threads took: 0.0000167 seconds
[2019-12-08T11:42:36.199+0000][1][safepoint    ] Application time: 1.0000782 seconds
[2019-12-08T11:42:36.199+0000][1][safepoint    ] Entering safepoint region: Cleanup
[2019-12-08T11:42:36.199+0000][1][safepoint    ] Leaving safepoint region
[2019-12-08T11:42:36.199+0000][1][safepoint    ] Total time for which application threads were stopped: 0.0000798 seconds, Stopping threads took: 0.0000186 seconds
[2019-12-08T11:42:37.200+0000][1][safepoint    ] Application time: 1.0000914 seconds
[2019-12-08T11:42:37.200+0000][1][safepoint    ] Entering safepoint region: Cleanup
[2019-12-08T11:42:37.200+0000][1][safepoint    ] Leaving safepoint region
[2019-12-08T11:42:37.200+0000][1][safepoint    ] Total time for which application threads were stopped: 0.0000828 seconds, Stopping threads took: 0.0000188 seconds
[2019-12-08T11:42:38.200+0000][1][safepoint    ] Application time: 1.0000916 seconds
[2019-12-08T11:42:38.200+0000][1][safepoint    ] Entering safepoint region: Cleanup
[2019-12-08T11:42:38.200+0000][1][safepoint    ] Leaving safepoint region
[2019-12-08T11:42:38.200+0000][1][safepoint    ] Total time for which application threads were stopped: 0.0000821 seconds, Stopping threads took: 0.0000194 seconds
[2019-12-08T11:42:39.200+0000][1][safepoint    ] Application time: 1.0000795 seconds
[2019-12-08T11:42:39.200+0000][1][safepoint    ] Entering safepoint region: Cleanup
[2019-12-08T11:42:39.200+0000][1][safepoint    ] Leaving safepoint region
[2019-12-08T11:42:39.200+0000][1][safepoint    ] Total time for which application threads were stopped: 0.0000827 seconds, Stopping threads took: 0.0000205 seconds
[2019-12-08T11:42:40.200+0000][1][safepoint    ] Application time: 1.0000747 seconds
[2019-12-08T11:42:40.200+0000][1][safepoint    ] Entering safepoint region: Cleanup
[2019-12-08T11:42:40.200+0000][1][safepoint    ] Leaving safepoint region
[2019-12-08T11:42:40.200+0000][1][safepoint    ] Total time for which application threads were stopped: 0.0000854 seconds, Stopping threads took: 0.0000237 seconds
[2019-12-08T11:42:41.200+0000][1][safepoint    ] Application time: 1.0000774 seconds
[2019-12-08T11:42:41.200+0000][1][safepoint    ] Entering safepoint region: Cleanup
[2019-12-08T11:42:41.200+0000][1][safepoint    ] Leaving safepoint region
[2019-12-08T11:42:41.200+0000][1][safepoint    ] Total time for which application threads were stopped: 0.0000836 seconds, Stopping threads took: 0.0000202 seconds
[2019-12-08T11:42:42.201+0000][1][safepoint    ] Application time: 1.0000598 seconds
[2019-12-08T11:42:42.201+0000][1][safepoint    ] Entering safepoint region: Cleanup
[2019-12-08T11:42:42.201+0000][1][safepoint    ] Leaving safepoint region
[2019-12-08T11:42:42.201+0000][1][safepoint    ] Total time for which application threads were stopped: 0.0000764 seconds, Stopping threads took: 0.0000156 seconds
[2019-12-08T11:42:43.201+0000][1][safepoint    ] Application time: 1.0000746 seconds
[2019-12-08T11:42:43.201+0000][1][safepoint    ] Entering safepoint region: Cleanup
[2019-12-08T11:42:43.201+0000][1][safepoint    ] Leaving safepoint region
[2019-12-08T11:42:43.201+0000][1][safepoint    ] Total time for which application threads were stopped: 0.0001051 seconds, Stopping threads took: 0.0000439 seconds
[2019-12-08T11:42:44.201+0000][1][safepoint    ] Application time: 1.0000770 seconds
[2019-12-08T11:42:44.201+0000][1][safepoint    ] Entering safepoint region: Cleanup
[2019-12-08T11:42:44.201+0000][1][safepoint    ] Leaving safepoint region
[2019-12-08T11:42:44.201+0000][1][safepoint    ] Total time for which application threads were stopped: 0.0000940 seconds, Stopping threads took: 0.0000207 seconds
[2019-12-08T11:42:45.201+0000][1][safepoint    ] Application time: 1.0000825 seconds
[2019-12-08T11:42:45.201+0000][1][safepoint    ] Entering safepoint region: Cleanup
[2019-12-08T11:42:45.201+0000][1][safepoint    ] Leaving safepoint region
[2019-12-08T11:42:45.201+0000][1][safepoint    ] Total time for which application threads were stopped: 0.0000798 seconds, Stopping threads took: 0.0000187 seconds
[2019-12-08T11:42:46.201+0000][1][safepoint    ] Application time: 1.0000795 seconds
[2019-12-08T11:42:46.201+0000][1][safepoint    ] Entering safepoint region: Cleanup
[2019-12-08T11:42:46.201+0000][1][safepoint    ] Leaving safepoint region
[2019-12-08T11:42:46.201+0000][1][safepoint    ] Total time for which application threads were stopped: 0.0000795 seconds, Stopping threads took: 0.0000183 seconds
[2019-12-08T11:42:47.202+0000][1][safepoint    ] Application time: 1.0000838 seconds
[2019-12-08T11:42:47.202+0000][1][safepoint    ] Entering safepoint region: Cleanup
[2019-12-08T11:42:47.202+0000][1][safepoint    ] Leaving safepoint region
[2019-12-08T11:42:47.202+0000][1][safepoint    ] Total time for which application threads were stopped: 0.0000793 seconds, Stopping threads took: 0.0000190 seconds
[2019-12-08T11:42:47.692+0000][1][safepoint    ] Application time: 0.4903221 seconds
[2019-12-08T11:42:47.692+0000][1][safepoint    ] Entering safepoint region: GenCollectForAllocation
[2019-12-08T11:42:47.692+0000][1][gc,start     ] GC(24) Pause Young (Allocation Failure)
[2019-12-08T11:42:47.692+0000][1][gc,task      ] GC(24) Using 4 workers of 4 for evacuation
[2019-12-08T11:42:47.697+0000][1][gc,age       ] GC(24) Desired survivor size 4456448 bytes, new threshold 6 (max threshold 6)
[2019-12-08T11:42:47.697+0000][1][gc,age       ] GC(24) Age table with threshold 6 (max threshold 6)
[2019-12-08T11:42:47.697+0000][1][gc,age       ] GC(24) - age   1:      11696 bytes,      11696 total
[2019-12-08T11:42:47.697+0000][1][gc,age       ] GC(24) - age   2:       6288 bytes,      17984 total
[2019-12-08T11:42:47.697+0000][1][gc,age       ] GC(24) - age   3:     587584 bytes,     605568 total
[2019-12-08T11:42:47.697+0000][1][gc,age       ] GC(24) - age   4:    2673176 bytes,    3278744 total
[2019-12-08T11:42:47.697+0000][1][gc,heap      ] GC(24) ParNew: 74818K->5637K(78656K)
[2019-12-08T11:42:47.697+0000][1][gc,heap      ] GC(24) CMS: 67158K->67158K(174784K)
[2019-12-08T11:42:47.697+0000][1][gc,metaspace ] GC(24) Metaspace: 69037K->69037K(1112064K)
[2019-12-08T11:42:47.697+0000][1][gc           ] GC(24) Pause Young (Allocation Failure) 138M->71M(247M) 4.476ms
[2019-12-08T11:42:47.697+0000][1][gc,cpu       ] GC(24) User=0.02s Sys=0.00s Real=0.00s
[2019-12-08T11:42:47.697+0000][1][safepoint    ] Leaving safepoint region
[2019-12-08T11:42:47.697+0000][1][safepoint    ] Total time for which application threads were stopped: 0.0046479 seconds, Stopping threads took: 0.0000224 seconds
[2019-12-08T11:42:48.697+0000][1][safepoint    ] Application time: 1.0000972 seconds
[2019-12-08T11:42:48.697+0000][1][safepoint    ] Entering safepoint region: Cleanup
[2019-12-08T11:42:48.697+0000][1][safepoint    ] Leaving safepoint region
[2019-12-08T11:42:48.697+0000][1][safepoint    ] Total time for which application threads were stopped: 0.0000809 seconds, Stopping threads took: 0.0000216 seconds
[2019-12-08T11:42:49.697+0000][1][safepoint    ] Application time: 1.0000779 seconds
[2019-12-08T11:42:49.697+0000][1][safepoint    ] Entering safepoint region: Cleanup
[2019-12-08T11:42:49.697+0000][1][safepoint    ] Leaving safepoint region
[2019-12-08T11:42:49.697+0000][1][safepoint    ] Total time for which application threads were stopped: 0.0000758 seconds, Stopping threads took: 0.0000182 seconds
[2019-12-08T11:42:50.697+0000][1][safepoint    ] Application time: 1.0000802 seconds
[2019-12-08T11:42:50.697+0000][1][safepoint    ] Entering safepoint region: Cleanup
[2019-12-08T11:42:50.697+0000][1][safepoint    ] Leaving safepoint region
[2019-12-08T11:42:50.697+0000][1][safepoint    ] Total time for which application threads were stopped: 0.0000786 seconds, Stopping threads took: 0.0000204 seconds
[2019-12-08T11:42:51.697+0000][1][safepoint    ] Application time: 1.0000800 seconds
[2019-12-08T11:42:51.697+0000][1][safepoint    ] Entering safepoint region: Cleanup
[2019-12-08T11:42:51.697+0000][1][safepoint    ] Leaving safepoint region
[2019-12-08T11:42:51.697+0000][1][safepoint    ] Total time for which application threads were stopped: 0.0000744 seconds, Stopping threads took: 0.0000180 seconds
[2019-12-08T11:42:52.698+0000][1][safepoint    ] Application time: 1.0000796 seconds
[2019-12-08T11:42:52.698+0000][1][safepoint    ] Entering safepoint region: Cleanup
[2019-12-08T11:42:52.698+0000][1][safepoint    ] Leaving safepoint region
[2019-12-08T11:42:52.698+0000][1][safepoint    ] Total time for which application threads were stopped: 0.0000768 seconds, Stopping threads took: 0.0000180 seconds
[2019-12-08T11:42:53.698+0000][1][safepoint    ] Application time: 1.0000790 seconds
[2019-12-08T11:42:53.698+0000][1][safepoint    ] Entering safepoint region: Cleanup
[2019-12-08T11:42:53.698+0000][1][safepoint    ] Leaving safepoint region
[2019-12-08T11:42:53.698+0000][1][safepoint    ] Total time for which application threads were stopped: 0.0000827 seconds, Stopping threads took: 0.0000242 seconds
[2019-12-08T11:42:54.698+0000][1][safepoint    ] Application time: 1.0000788 seconds
[2019-12-08T11:42:54.698+0000][1][safepoint    ] Entering safepoint region: Cleanup
[2019-12-08T11:42:54.698+0000][1][safepoint    ] Leaving safepoint region
[2019-12-08T11:42:54.698+0000][1][safepoint    ] Total time for which application threads were stopped: 0.0000764 seconds, Stopping threads took: 0.0000174 seconds
[2019-12-08T11:42:55.698+0000][1][safepoint    ] Application time: 1.0000812 seconds
[2019-12-08T11:42:55.698+0000][1][safepoint    ] Entering safepoint region: Cleanup
[2019-12-08T11:42:55.698+0000][1][safepoint    ] Leaving safepoint region
[2019-12-08T11:42:55.698+0000][1][safepoint    ] Total time for which application threads were stopped: 0.0000816 seconds, Stopping threads took: 0.0000179 seconds
[2019-12-08T11:42:56.698+0000][1][safepoint    ] Application time: 1.0000796 seconds
[2019-12-08T11:42:56.698+0000][1][safepoint    ] Entering safepoint region: Cleanup
[2019-12-08T11:42:56.698+0000][1][safepoint    ] Leaving safepoint region
[2019-12-08T11:42:56.698+0000][1][safepoint    ] Total time for which application threads were stopped: 0.0000785 seconds, Stopping threads took: 0.0000170 seconds
[2019-12-08T11:42:57.699+0000][1][safepoint    ] Application time: 1.0000804 seconds
[2019-12-08T11:42:57.699+0000][1][safepoint    ] Entering safepoint region: Cleanup
[2019-12-08T11:42:57.699+0000][1][safepoint    ] Leaving safepoint region
[2019-12-08T11:42:57.699+0000][1][safepoint    ] Total time for which application threads were stopped: 0.0000831 seconds, Stopping threads took: 0.0000239 seconds
[2019-12-08T11:42:58.699+0000][1][safepoint    ] Application time: 1.0001089 seconds
[2019-12-08T11:42:58.699+0000][1][safepoint    ] Entering safepoint region: Cleanup
[2019-12-08T11:42:58.699+0000][1][safepoint    ] Leaving safepoint region
[2019-12-08T11:42:58.699+0000][1][safepoint    ] Total time for which application threads were stopped: 0.0001112 seconds, Stopping threads took: 0.0000227 seconds
[2019-12-08T11:42:59.699+0000][1][safepoint    ] Application time: 1.0001189 seconds
[2019-12-08T11:42:59.699+0000][1][safepoint    ] Entering safepoint region: Cleanup
[2019-12-08T11:42:59.699+0000][1][safepoint    ] Leaving safepoint region
[2019-12-08T11:42:59.699+0000][1][safepoint    ] Total time for which application threads were stopped: 0.0001032 seconds, Stopping threads took: 0.0000243 seconds
[2019-12-08T11:43:00.699+0000][1][safepoint    ] Application time: 1.0000520 seconds
[2019-12-08T11:43:00.699+0000][1][safepoint    ] Entering safepoint region: Cleanup
[2019-12-08T11:43:00.699+0000][1][safepoint    ] Leaving safepoint region
[2019-12-08T11:43:00.699+0000][1][safepoint    ] Total time for which application threads were stopped: 0.0000746 seconds, Stopping threads took: 0.0000155 seconds
[2019-12-08T11:43:01.699+0000][1][safepoint    ] Application time: 1.0000926 seconds
[2019-12-08T11:43:01.699+0000][1][safepoint    ] Entering safepoint region: Cleanup
[2019-12-08T11:43:01.700+0000][1][safepoint    ] Leaving safepoint region
[2019-12-08T11:43:01.700+0000][1][safepoint    ] Total time for which application threads were stopped: 0.0001177 seconds, Stopping threads took: 0.0000276 seconds
[2019-12-08T11:43:02.700+0000][1][safepoint    ] Application time: 1.0000831 seconds
[2019-12-08T11:43:02.700+0000][1][safepoint    ] Entering safepoint region: Cleanup
[2019-12-08T11:43:02.700+0000][1][safepoint    ] Leaving safepoint region
[2019-12-08T11:43:02.700+0000][1][safepoint    ] Total time for which application threads were stopped: 0.0000849 seconds, Stopping threads took: 0.0000266 seconds
[2019-12-08T11:43:03.700+0000][1][safepoint    ] Application time: 1.0000754 seconds
[2019-12-08T11:43:03.700+0000][1][safepoint    ] Entering safepoint region: Cleanup
[2019-12-08T11:43:03.700+0000][1][safepoint    ] Leaving safepoint region
[2019-12-08T11:43:03.700+0000][1][safepoint    ] Total time for which application threads were stopped: 0.0000764 seconds, Stopping threads took: 0.0000179 seconds
[2019-12-08T11:43:04.700+0000][1][safepoint    ] Application time: 1.0000759 seconds
[2019-12-08T11:43:04.700+0000][1][safepoint    ] Entering safepoint region: Cleanup
[2019-12-08T11:43:04.700+0000][1][safepoint    ] Leaving safepoint region
[2019-12-08T11:43:04.700+0000][1][safepoint    ] Total time for which application threads were stopped: 0.0000754 seconds, Stopping threads took: 0.0000170 seconds
[2019-12-08T11:43:05.700+0000][1][safepoint    ] Application time: 1.0000754 seconds
[2019-12-08T11:43:05.700+0000][1][safepoint    ] Entering safepoint region: Cleanup
[2019-12-08T11:43:05.700+0000][1][safepoint    ] Leaving safepoint region
[2019-12-08T11:43:05.700+0000][1][safepoint    ] Total time for which application threads were stopped: 0.0000762 seconds, Stopping threads took: 0.0000185 seconds
[2019-12-08T11:43:06.700+0000][1][safepoint    ] Application time: 1.0000770 seconds
[2019-12-08T11:43:06.700+0000][1][safepoint    ] Entering safepoint region: Cleanup
[2019-12-08T11:43:06.701+0000][1][safepoint    ] Leaving safepoint region
[2019-12-08T11:43:06.701+0000][1][safepoint    ] Total time for which application threads were stopped: 0.0000771 seconds, Stopping threads took: 0.0000184 seconds
[2019-12-08T11:43:07.701+0000][1][safepoint    ] Application time: 1.0000774 seconds
[2019-12-08T11:43:07.701+0000][1][safepoint    ] Entering safepoint region: Cleanup
[2019-12-08T11:43:07.701+0000][1][safepoint    ] Leaving safepoint region
[2019-12-08T11:43:07.701+0000][1][safepoint    ] Total time for which application threads were stopped: 0.0000954 seconds, Stopping threads took: 0.0000195 seconds
[2019-12-08T11:43:08.701+0000][1][safepoint    ] Application time: 1.0000761 seconds
[2019-12-08T11:43:08.701+0000][1][safepoint    ] Entering safepoint region: Cleanup
[2019-12-08T11:43:08.701+0000][1][safepoint    ] Leaving safepoint region
[2019-12-08T11:43:08.701+0000][1][safepoint    ] Total time for which application threads were stopped: 0.0000788 seconds, Stopping threads took: 0.0000192 seconds
[2019-12-08T11:43:09.701+0000][1][safepoint    ] Application time: 1.0000762 seconds
[2019-12-08T11:43:09.701+0000][1][safepoint    ] Entering safepoint region: Cleanup
[2019-12-08T11:43:09.701+0000][1][safepoint    ] Leaving safepoint region
[2019-12-08T11:43:09.701+0000][1][safepoint    ] Total time for which application threads were stopped: 0.0000917 seconds, Stopping threads took: 0.0000273 seconds
[2019-12-08T11:43:10.701+0000][1][safepoint    ] Application time: 1.0000774 seconds
[2019-12-08T11:43:10.701+0000][1][safepoint    ] Entering safepoint region: Cleanup
[2019-12-08T11:43:10.701+0000][1][safepoint    ] Leaving safepoint region
[2019-12-08T11:43:10.701+0000][1][safepoint    ] Total time for which application threads were stopped: 0.0000753 seconds, Stopping threads took: 0.0000171 seconds
[2019-12-08T11:43:11.701+0000][1][safepoint    ] Application time: 1.0000785 seconds
[2019-12-08T11:43:11.701+0000][1][safepoint    ] Entering safepoint region: Cleanup
[2019-12-08T11:43:11.701+0000][1][safepoint    ] Leaving safepoint region
[2019-12-08T11:43:11.701+0000][1][safepoint    ] Total time for which application threads were stopped: 0.0000763 seconds, Stopping threads took: 0.0000191 seconds
[2019-12-08T11:43:12.702+0000][1][safepoint    ] Application time: 1.0000761 seconds
[2019-12-08T11:43:12.702+0000][1][safepoint    ] Entering safepoint region: Cleanup
[2019-12-08T11:43:12.702+0000][1][safepoint    ] Leaving safepoint region
[2019-12-08T11:43:12.702+0000][1][safepoint    ] Total time for which application threads were stopped: 0.0000983 seconds, Stopping threads took: 0.0000181 seconds
[2019-12-08T11:43:13.702+0000][1][safepoint    ] Application time: 1.0000786 seconds
[2019-12-08T11:43:13.702+0000][1][safepoint    ] Entering safepoint region: Cleanup
[2019-12-08T11:43:13.702+0000][1][safepoint    ] Leaving safepoint region
[2019-12-08T11:43:13.702+0000][1][safepoint    ] Total time for which application threads were stopped: 0.0000817 seconds, Stopping threads took: 0.0000178 seconds
[2019-12-08T11:43:14.702+0000][1][safepoint    ] Application time: 1.0000785 seconds
[2019-12-08T11:43:14.702+0000][1][safepoint    ] Entering safepoint region: Cleanup
[2019-12-08T11:43:14.702+0000][1][safepoint    ] Leaving safepoint region
[2019-12-08T11:43:14.702+0000][1][safepoint    ] Total time for which application threads were stopped: 0.0000756 seconds, Stopping threads took: 0.0000186 seconds
[2019-12-08T11:43:15.702+0000][1][safepoint    ] Application time: 1.0000790 seconds
[2019-12-08T11:43:15.702+0000][1][safepoint    ] Entering safepoint region: Cleanup
[2019-12-08T11:43:15.702+0000][1][safepoint    ] Leaving safepoint region
[2019-12-08T11:43:15.702+0000][1][safepoint    ] Total time for which application threads were stopped: 0.0000764 seconds, Stopping threads took: 0.0000166 seconds
[2019-12-08T11:43:16.702+0000][1][safepoint    ] Application time: 1.0000580 seconds
[2019-12-08T11:43:16.702+0000][1][safepoint    ] Entering safepoint region: Cleanup
[2019-12-08T11:43:16.702+0000][1][safepoint    ] Leaving safepoint region
[2019-12-08T11:43:16.702+0000][1][safepoint    ] Total time for which application threads were stopped: 0.0000757 seconds, Stopping threads took: 0.0000168 seconds
[2019-12-08T11:43:17.703+0000][1][safepoint    ] Application time: 1.0000786 seconds
[2019-12-08T11:43:17.703+0000][1][safepoint    ] Entering safepoint region: Cleanup
[2019-12-08T11:43:17.703+0000][1][safepoint    ] Leaving safepoint region
[2019-12-08T11:43:17.703+0000][1][safepoint    ] Total time for which application threads were stopped: 0.0000733 seconds, Stopping threads took: 0.0000158 seconds
[2019-12-08T11:43:18.703+0000][1][safepoint    ] Application time: 1.0000737 seconds
[2019-12-08T11:43:18.703+0000][1][safepoint    ] Entering safepoint region: Cleanup
[2019-12-08T11:43:18.703+0000][1][safepoint    ] Leaving safepoint region
[2019-12-08T11:43:18.703+0000][1][safepoint    ] Total time for which application threads were stopped: 0.0000787 seconds, Stopping threads took: 0.0000189 seconds
[2019-12-08T11:43:19.703+0000][1][safepoint    ] Application time: 1.0000786 seconds
[2019-12-08T11:43:19.703+0000][1][safepoint    ] Entering safepoint region: Cleanup
[2019-12-08T11:43:19.703+0000][1][safepoint    ] Leaving safepoint region
[2019-12-08T11:43:19.703+0000][1][safepoint    ] Total time for which application threads were stopped: 0.0000839 seconds, Stopping threads took: 0.0000250 seconds
[2019-12-08T11:43:20.703+0000][1][safepoint    ] Application time: 1.0000791 seconds
[2019-12-08T11:43:20.703+0000][1][safepoint    ] Entering safepoint region: Cleanup
[2019-12-08T11:43:20.703+0000][1][safepoint    ] Leaving safepoint region
[2019-12-08T11:43:20.703+0000][1][safepoint    ] Total time for which application threads were stopped: 0.0000733 seconds, Stopping threads took: 0.0000159 seconds
[2019-12-08T11:43:21.703+0000][1][safepoint    ] Application time: 1.0000772 seconds
[2019-12-08T11:43:21.703+0000][1][safepoint    ] Entering safepoint region: Cleanup
[2019-12-08T11:43:21.703+0000][1][safepoint    ] Leaving safepoint region
[2019-12-08T11:43:21.703+0000][1][safepoint    ] Total time for which application threads were stopped: 0.0000791 seconds, Stopping threads took: 0.0000198 seconds
[2019-12-08T11:43:22.703+0000][1][safepoint    ] Application time: 1.0000828 seconds
[2019-12-08T11:43:22.704+0000][1][safepoint    ] Entering safepoint region: Cleanup
[2019-12-08T11:43:22.704+0000][1][safepoint    ] Leaving safepoint region
[2019-12-08T11:43:22.704+0000][1][safepoint    ] Total time for which application threads were stopped: 0.0000800 seconds, Stopping threads took: 0.0000187 seconds
[2019-12-08T11:43:23.704+0000][1][safepoint    ] Application time: 1.0000793 seconds
[2019-12-08T11:43:23.704+0000][1][safepoint    ] Entering safepoint region: Cleanup
[2019-12-08T11:43:23.704+0000][1][safepoint    ] Leaving safepoint region
[2019-12-08T11:43:23.704+0000][1][safepoint    ] Total time for which application threads were stopped: 0.0000783 seconds, Stopping threads took: 0.0000184 seconds
[2019-12-08T11:43:24.704+0000][1][safepoint    ] Application time: 1.0000751 seconds
[2019-12-08T11:43:24.704+0000][1][safepoint    ] Entering safepoint region: Cleanup
[2019-12-08T11:43:24.704+0000][1][safepoint    ] Leaving safepoint region
[2019-12-08T11:43:24.704+0000][1][safepoint    ] Total time for which application threads were stopped: 0.0000770 seconds, Stopping threads took: 0.0000187 seconds
[2019-12-08T11:43:25.704+0000][1][safepoint    ] Application time: 1.0000772 seconds
[2019-12-08T11:43:25.704+0000][1][safepoint    ] Entering safepoint region: Cleanup
[2019-12-08T11:43:25.704+0000][1][safepoint    ] Leaving safepoint region
[2019-12-08T11:43:25.704+0000][1][safepoint    ] Total time for which application threads were stopped: 0.0000742 seconds, Stopping threads took: 0.0000170 seconds
[2019-12-08T11:43:26.704+0000][1][safepoint    ] Application time: 1.0000736 seconds
[2019-12-08T11:43:26.704+0000][1][safepoint    ] Entering safepoint region: Cleanup
[2019-12-08T11:43:26.704+0000][1][safepoint    ] Leaving safepoint region
[2019-12-08T11:43:26.704+0000][1][safepoint    ] Total time for which application threads were stopped: 0.0000704 seconds, Stopping threads took: 0.0000152 seconds
[2019-12-08T11:43:27.704+0000][1][safepoint    ] Application time: 1.0000795 seconds
[2019-12-08T11:43:27.704+0000][1][safepoint    ] Entering safepoint region: Cleanup
[2019-12-08T11:43:27.705+0000][1][safepoint    ] Leaving safepoint region
[2019-12-08T11:43:27.705+0000][1][safepoint    ] Total time for which application threads were stopped: 0.0000806 seconds, Stopping threads took: 0.0000167 seconds
[2019-12-08T11:43:28.705+0000][1][safepoint    ] Application time: 1.0000796 seconds
[2019-12-08T11:43:28.705+0000][1][safepoint    ] Entering safepoint region: Cleanup
[2019-12-08T11:43:28.705+0000][1][safepoint    ] Leaving safepoint region
[2019-12-08T11:43:28.705+0000][1][safepoint    ] Total time for which application threads were stopped: 0.0000896 seconds, Stopping threads took: 0.0000195 seconds
[2019-12-08T11:43:29.705+0000][1][safepoint    ] Application time: 1.0000757 seconds
[2019-12-08T11:43:29.705+0000][1][safepoint    ] Entering safepoint region: Cleanup
[2019-12-08T11:43:29.705+0000][1][safepoint    ] Leaving safepoint region
[2019-12-08T11:43:29.705+0000][1][safepoint    ] Total time for which application threads were stopped: 0.0000803 seconds, Stopping threads took: 0.0000232 seconds
[2019-12-08T11:43:30.705+0000][1][safepoint    ] Application time: 1.0000774 seconds
[2019-12-08T11:43:30.705+0000][1][safepoint    ] Entering safepoint region: Cleanup
[2019-12-08T11:43:30.705+0000][1][safepoint    ] Leaving safepoint region
[2019-12-08T11:43:30.705+0000][1][safepoint    ] Total time for which application threads were stopped: 0.0000747 seconds, Stopping threads took: 0.0000175 seconds
[2019-12-08T11:43:31.705+0000][1][safepoint    ] Application time: 1.0000763 seconds
[2019-12-08T11:43:31.705+0000][1][safepoint    ] Entering safepoint region: Cleanup
[2019-12-08T11:43:31.705+0000][1][safepoint    ] Leaving safepoint region
[2019-12-08T11:43:31.705+0000][1][safepoint    ] Total time for which application threads were stopped: 0.0000746 seconds, Stopping threads took: 0.0000162 seconds
[2019-12-08T11:43:32.705+0000][1][safepoint    ] Application time: 1.0000798 seconds
[2019-12-08T11:43:32.705+0000][1][safepoint    ] Entering safepoint region: Cleanup
[2019-12-08T11:43:32.705+0000][1][safepoint    ] Leaving safepoint region
[2019-12-08T11:43:32.705+0000][1][safepoint    ] Total time for which application threads were stopped: 0.0000765 seconds, Stopping threads took: 0.0000178 seconds
[2019-12-08T11:43:33.706+0000][1][safepoint    ] Application time: 1.0000802 seconds
[2019-12-08T11:43:33.706+0000][1][safepoint    ] Entering safepoint region: Cleanup
[2019-12-08T11:43:33.706+0000][1][safepoint    ] Leaving safepoint region
[2019-12-08T11:43:33.706+0000][1][safepoint    ] Total time for which application threads were stopped: 0.0000748 seconds, Stopping threads took: 0.0000173 seconds
[2019-12-08T11:43:34.706+0000][1][safepoint    ] Application time: 1.0000897 seconds
[2019-12-08T11:43:34.706+0000][1][safepoint    ] Entering safepoint region: Cleanup
[2019-12-08T11:43:34.706+0000][1][safepoint    ] Leaving safepoint region
[2019-12-08T11:43:34.706+0000][1][safepoint    ] Total time for which application threads were stopped: 0.0000749 seconds, Stopping threads took: 0.0000164 seconds
[2019-12-08T11:43:35.706+0000][1][safepoint    ] Application time: 1.0000774 seconds
[2019-12-08T11:43:35.706+0000][1][safepoint    ] Entering safepoint region: Cleanup
[2019-12-08T11:43:35.706+0000][1][safepoint    ] Leaving safepoint region
[2019-12-08T11:43:35.706+0000][1][safepoint    ] Total time for which application threads were stopped: 0.0000783 seconds, Stopping threads took: 0.0000185 seconds
[2019-12-08T11:43:36.706+0000][1][safepoint    ] Application time: 1.0000800 seconds
[2019-12-08T11:43:36.706+0000][1][safepoint    ] Entering safepoint region: Cleanup
[2019-12-08T11:43:36.706+0000][1][safepoint    ] Leaving safepoint region
[2019-12-08T11:43:36.706+0000][1][safepoint    ] Total time for which application threads were stopped: 0.0000878 seconds, Stopping threads took: 0.0000193 seconds
[2019-12-08T11:43:37.706+0000][1][safepoint    ] Application time: 1.0000782 seconds
[2019-12-08T11:43:37.706+0000][1][safepoint    ] Entering safepoint region: Cleanup
[2019-12-08T11:43:37.706+0000][1][safepoint    ] Leaving safepoint region
[2019-12-08T11:43:37.706+0000][1][safepoint    ] Total time for which application threads were stopped: 0.0000800 seconds, Stopping threads took: 0.0000185 seconds
[2019-12-08T11:43:38.707+0000][1][safepoint    ] Application time: 1.0000768 seconds
[2019-12-08T11:43:38.707+0000][1][safepoint    ] Entering safepoint region: Cleanup
[2019-12-08T11:43:38.707+0000][1][safepoint    ] Leaving safepoint region
[2019-12-08T11:43:38.707+0000][1][safepoint    ] Total time for which application threads were stopped: 0.0000735 seconds, Stopping threads took: 0.0000164 seconds
[2019-12-08T11:43:39.707+0000][1][safepoint    ] Application time: 1.0000766 seconds
[2019-12-08T11:43:39.707+0000][1][safepoint    ] Entering safepoint region: Cleanup
[2019-12-08T11:43:39.707+0000][1][safepoint    ] Leaving safepoint region
[2019-12-08T11:43:39.707+0000][1][safepoint    ] Total time for which application threads were stopped: 0.0000806 seconds, Stopping threads took: 0.0000225 seconds
[2019-12-08T11:43:40.707+0000][1][safepoint    ] Application time: 1.0000742 seconds
[2019-12-08T11:43:40.707+0000][1][safepoint    ] Entering safepoint region: Cleanup
[2019-12-08T11:43:40.707+0000][1][safepoint    ] Leaving safepoint region
[2019-12-08T11:43:40.707+0000][1][safepoint    ] Total time for which application threads were stopped: 0.0000728 seconds, Stopping threads took: 0.0000164 seconds
[2019-12-08T11:43:41.707+0000][1][safepoint    ] Application time: 1.0000771 seconds
[2019-12-08T11:43:41.707+0000][1][safepoint    ] Entering safepoint region: Cleanup
[2019-12-08T11:43:41.707+0000][1][safepoint    ] Leaving safepoint region
[2019-12-08T11:43:41.707+0000][1][safepoint    ] Total time for which application threads were stopped: 0.0000814 seconds, Stopping threads took: 0.0000162 seconds
[2019-12-08T11:43:42.707+0000][1][safepoint    ] Application time: 1.0000754 seconds
[2019-12-08T11:43:42.707+0000][1][safepoint    ] Entering safepoint region: Cleanup
[2019-12-08T11:43:42.707+0000][1][safepoint    ] Leaving safepoint region
[2019-12-08T11:43:42.707+0000][1][safepoint    ] Total time for which application threads were stopped: 0.0000827 seconds, Stopping threads took: 0.0000193 seconds
[2019-12-08T11:43:43.707+0000][1][safepoint    ] Application time: 1.0000753 seconds
[2019-12-08T11:43:43.708+0000][1][safepoint    ] Entering safepoint region: Cleanup
[2019-12-08T11:43:43.708+0000][1][safepoint    ] Leaving safepoint region
[2019-12-08T11:43:43.708+0000][1][safepoint    ] Total time for which application threads were stopped: 0.0000821 seconds, Stopping threads took: 0.0000183 seconds
[2019-12-08T11:43:44.708+0000][1][safepoint    ] Application time: 1.0000961 seconds
[2019-12-08T11:43:44.708+0000][1][safepoint    ] Entering safepoint region: Cleanup
[2019-12-08T11:43:44.708+0000][1][safepoint    ] Leaving safepoint region
[2019-12-08T11:43:44.708+0000][1][safepoint    ] Total time for which application threads were stopped: 0.0000817 seconds, Stopping threads took: 0.0000166 seconds
[2019-12-08T11:43:45.708+0000][1][safepoint    ] Application time: 1.0000746 seconds
[2019-12-08T11:43:45.708+0000][1][safepoint    ] Entering safepoint region: Cleanup
[2019-12-08T11:43:45.708+0000][1][safepoint    ] Leaving safepoint region
[2019-12-08T11:43:45.708+0000][1][safepoint    ] Total time for which application threads were stopped: 0.0000742 seconds, Stopping threads took: 0.0000173 seconds
[2019-12-08T11:43:46.708+0000][1][safepoint    ] Application time: 1.0000814 seconds
[2019-12-08T11:43:46.708+0000][1][safepoint    ] Entering safepoint region: Cleanup
[2019-12-08T11:43:46.708+0000][1][safepoint    ] Leaving safepoint region
[2019-12-08T11:43:46.708+0000][1][safepoint    ] Total time for which application threads were stopped: 0.0000764 seconds, Stopping threads took: 0.0000188 seconds
[2019-12-08T11:43:47.708+0000][1][safepoint    ] Application time: 1.0000751 seconds
[2019-12-08T11:43:47.708+0000][1][safepoint    ] Entering safepoint region: Cleanup
[2019-12-08T11:43:47.708+0000][1][safepoint    ] Leaving safepoint region
[2019-12-08T11:43:47.708+0000][1][safepoint    ] Total time for which application threads were stopped: 0.0000750 seconds, Stopping threads took: 0.0000175 seconds
[2019-12-08T11:43:48.708+0000][1][safepoint    ] Application time: 1.0000769 seconds
[2019-12-08T11:43:48.708+0000][1][safepoint    ] Entering safepoint region: Cleanup
[2019-12-08T11:43:48.709+0000][1][safepoint    ] Leaving safepoint region
[2019-12-08T11:43:48.709+0000][1][safepoint    ] Total time for which application threads were stopped: 0.0000791 seconds, Stopping threads took: 0.0000186 seconds
[2019-12-08T11:43:49.709+0000][1][safepoint    ] Application time: 1.0000780 seconds
[2019-12-08T11:43:49.709+0000][1][safepoint    ] Entering safepoint region: Cleanup
[2019-12-08T11:43:49.709+0000][1][safepoint    ] Leaving safepoint region
[2019-12-08T11:43:49.709+0000][1][safepoint    ] Total time for which application threads were stopped: 0.0000861 seconds, Stopping threads took: 0.0000186 seconds
[2019-12-08T11:43:50.709+0000][1][safepoint    ] Application time: 1.0000822 seconds
[2019-12-08T11:43:50.709+0000][1][safepoint    ] Entering safepoint region: Cleanup
[2019-12-08T11:43:50.709+0000][1][safepoint    ] Leaving safepoint region
[2019-12-08T11:43:50.709+0000][1][safepoint    ] Total time for which application threads were stopped: 0.0000806 seconds, Stopping threads took: 0.0000190 seconds
[2019-12-08T11:43:51.709+0000][1][safepoint    ] Application time: 1.0000784 seconds
[2019-12-08T11:43:51.709+0000][1][safepoint    ] Entering safepoint region: Cleanup
[2019-12-08T11:43:51.709+0000][1][safepoint    ] Leaving safepoint region
[2019-12-08T11:43:51.709+0000][1][safepoint    ] Total time for which application threads were stopped: 0.0000787 seconds, Stopping threads took: 0.0000178 seconds
[2019-12-08T11:43:52.709+0000][1][safepoint    ] Application time: 1.0000769 seconds
[2019-12-08T11:43:52.709+0000][1][safepoint    ] Entering safepoint region: Cleanup
[2019-12-08T11:43:52.709+0000][1][safepoint    ] Leaving safepoint region
[2019-12-08T11:43:52.709+0000][1][safepoint    ] Total time for which application threads were stopped: 0.0000845 seconds, Stopping threads took: 0.0000202 seconds
[2019-12-08T11:43:53.709+0000][1][safepoint    ] Application time: 1.0000852 seconds
[2019-12-08T11:43:53.710+0000][1][safepoint    ] Entering safepoint region: Cleanup
[2019-12-08T11:43:53.710+0000][1][safepoint    ] Leaving safepoint region
[2019-12-08T11:43:53.710+0000][1][safepoint    ] Total time for which application threads were stopped: 0.0001102 seconds, Stopping threads took: 0.0000261 seconds
[2019-12-08T11:43:54.710+0000][1][safepoint    ] Application time: 1.0000805 seconds
[2019-12-08T11:43:54.710+0000][1][safepoint    ] Entering safepoint region: Cleanup
[2019-12-08T11:43:54.710+0000][1][safepoint    ] Leaving safepoint region
[2019-12-08T11:43:54.710+0000][1][safepoint    ] Total time for which application threads were stopped: 0.0000876 seconds, Stopping threads took: 0.0000276 seconds
[2019-12-08T11:43:55.710+0000][1][safepoint    ] Application time: 1.0000787 seconds
[2019-12-08T11:43:55.710+0000][1][safepoint    ] Entering safepoint region: Cleanup
[2019-12-08T11:43:55.710+0000][1][safepoint    ] Leaving safepoint region
[2019-12-08T11:43:55.710+0000][1][safepoint    ] Total time for which application threads were stopped: 0.0000799 seconds, Stopping threads took: 0.0000184 seconds
[2019-12-08T11:43:56.710+0000][1][safepoint    ] Application time: 1.0000791 seconds
[2019-12-08T11:43:56.710+0000][1][safepoint    ] Entering safepoint region: Cleanup
[2019-12-08T11:43:56.710+0000][1][safepoint    ] Leaving safepoint region
[2019-12-08T11:43:56.710+0000][1][safepoint    ] Total time for which application threads were stopped: 0.0000770 seconds, Stopping threads took: 0.0000181 seconds
[2019-12-08T11:43:57.710+0000][1][safepoint    ] Application time: 1.0000853 seconds
[2019-12-08T11:43:57.710+0000][1][safepoint    ] Entering safepoint region: Cleanup
[2019-12-08T11:43:57.710+0000][1][safepoint    ] Leaving safepoint region
[2019-12-08T11:43:57.710+0000][1][safepoint    ] Total time for which application threads were stopped: 0.0001120 seconds, Stopping threads took: 0.0000246 seconds
[2019-12-08T11:43:58.711+0000][1][safepoint    ] Application time: 1.0000806 seconds
[2019-12-08T11:43:58.711+0000][1][safepoint    ] Entering safepoint region: Cleanup
[2019-12-08T11:43:58.711+0000][1][safepoint    ] Leaving safepoint region
[2019-12-08T11:43:58.711+0000][1][safepoint    ] Total time for which application threads were stopped: 0.0001093 seconds, Stopping threads took: 0.0000301 seconds
[2019-12-08T11:43:59.711+0000][1][safepoint    ] Application time: 1.0000779 seconds
[2019-12-08T11:43:59.711+0000][1][safepoint    ] Entering safepoint region: Cleanup
[2019-12-08T11:43:59.711+0000][1][safepoint    ] Leaving safepoint region
[2019-12-08T11:43:59.711+0000][1][safepoint    ] Total time for which application threads were stopped: 0.0000935 seconds, Stopping threads took: 0.0000181 seconds
[2019-12-08T11:44:00.711+0000][1][safepoint    ] Application time: 1.0000772 seconds
[2019-12-08T11:44:00.711+0000][1][safepoint    ] Entering safepoint region: Cleanup
[2019-12-08T11:44:00.711+0000][1][safepoint    ] Leaving safepoint region
[2019-12-08T11:44:00.711+0000][1][safepoint    ] Total time for which application threads were stopped: 0.0000765 seconds, Stopping threads took: 0.0000169 seconds
[2019-12-08T11:44:01.712+0000][1][safepoint    ] Application time: 1.0012701 seconds
[2019-12-08T11:44:01.712+0000][1][safepoint    ] Entering safepoint region: Cleanup
[2019-12-08T11:44:01.713+0000][1][safepoint    ] Leaving safepoint region
[2019-12-08T11:44:01.713+0000][1][safepoint    ] Total time for which application threads were stopped: 0.0000814 seconds, Stopping threads took: 0.0000183 seconds
[2019-12-08T11:44:02.713+0000][1][safepoint    ] Application time: 1.0000887 seconds
[2019-12-08T11:44:02.713+0000][1][safepoint    ] Entering safepoint region: Cleanup
[2019-12-08T11:44:02.713+0000][1][safepoint    ] Leaving safepoint region
[2019-12-08T11:44:02.713+0000][1][safepoint    ] Total time for which application threads were stopped: 0.0001010 seconds, Stopping threads took: 0.0000190 seconds
[2019-12-08T11:44:03.713+0000][1][safepoint    ] Application time: 1.0000826 seconds
[2019-12-08T11:44:03.713+0000][1][safepoint    ] Entering safepoint region: Cleanup
[2019-12-08T11:44:03.713+0000][1][safepoint    ] Leaving safepoint region
[2019-12-08T11:44:03.713+0000][1][safepoint    ] Total time for which application threads were stopped: 0.0000790 seconds, Stopping threads took: 0.0000179 seconds
[2019-12-08T11:44:04.713+0000][1][safepoint    ] Application time: 1.0000826 seconds
[2019-12-08T11:44:04.713+0000][1][safepoint    ] Entering safepoint region: Cleanup
[2019-12-08T11:44:04.713+0000][1][safepoint    ] Leaving safepoint region
[2019-12-08T11:44:04.713+0000][1][safepoint    ] Total time for which application threads were stopped: 0.0000841 seconds, Stopping threads took: 0.0000190 seconds
[2019-12-08T11:44:05.713+0000][1][safepoint    ] Application time: 1.0000882 seconds
[2019-12-08T11:44:05.713+0000][1][safepoint    ] Entering safepoint region: Cleanup
[2019-12-08T11:44:05.713+0000][1][safepoint    ] Leaving safepoint region
[2019-12-08T11:44:05.713+0000][1][safepoint    ] Total time for which application threads were stopped: 0.0000802 seconds, Stopping threads took: 0.0000175 seconds
[2019-12-08T11:44:06.713+0000][1][safepoint    ] Application time: 1.0000886 seconds
[2019-12-08T11:44:06.714+0000][1][safepoint    ] Entering safepoint region: Cleanup
[2019-12-08T11:44:06.714+0000][1][safepoint    ] Leaving safepoint region
[2019-12-08T11:44:06.714+0000][1][safepoint    ] Total time for which application threads were stopped: 0.0000818 seconds, Stopping threads took: 0.0000190 seconds
[2019-12-08T11:44:07.714+0000][1][safepoint    ] Application time: 1.0000791 seconds
[2019-12-08T11:44:07.714+0000][1][safepoint    ] Entering safepoint region: Cleanup
[2019-12-08T11:44:07.714+0000][1][safepoint    ] Leaving safepoint region
[2019-12-08T11:44:07.714+0000][1][safepoint    ] Total time for which application threads were stopped: 0.0000811 seconds, Stopping threads took: 0.0000182 seconds
[2019-12-08T11:44:08.714+0000][1][safepoint    ] Application time: 1.0000807 seconds
[2019-12-08T11:44:08.714+0000][1][safepoint    ] Entering safepoint region: Cleanup
[2019-12-08T11:44:08.714+0000][1][safepoint    ] Leaving safepoint region
[2019-12-08T11:44:08.714+0000][1][safepoint    ] Total time for which application threads were stopped: 0.0000797 seconds, Stopping threads took: 0.0000190 seconds
[2019-12-08T11:44:09.714+0000][1][safepoint    ] Application time: 1.0000816 seconds
[2019-12-08T11:44:09.714+0000][1][safepoint    ] Entering safepoint region: Cleanup
[2019-12-08T11:44:09.714+0000][1][safepoint    ] Leaving safepoint region
[2019-12-08T11:44:09.714+0000][1][safepoint    ] Total time for which application threads were stopped: 0.0000780 seconds, Stopping threads took: 0.0000173 seconds
[2019-12-08T11:44:10.714+0000][1][safepoint    ] Application time: 1.0000810 seconds
[2019-12-08T11:44:10.714+0000][1][safepoint    ] Entering safepoint region: Cleanup
[2019-12-08T11:44:10.714+0000][1][safepoint    ] Leaving safepoint region
[2019-12-08T11:44:10.714+0000][1][safepoint    ] Total time for which application threads were stopped: 0.0000769 seconds, Stopping threads took: 0.0000190 seconds
[2019-12-08T11:44:11.715+0000][1][safepoint    ] Application time: 1.0000797 seconds
[2019-12-08T11:44:11.715+0000][1][safepoint    ] Entering safepoint region: Cleanup
[2019-12-08T11:44:11.715+0000][1][safepoint    ] Leaving safepoint region
[2019-12-08T11:44:11.715+0000][1][safepoint    ] Total time for which application threads were stopped: 0.0000767 seconds, Stopping threads took: 0.0000163 seconds
[2019-12-08T11:44:12.715+0000][1][safepoint    ] Application time: 1.0000891 seconds
[2019-12-08T11:44:12.715+0000][1][safepoint    ] Entering safepoint region: Cleanup
[2019-12-08T11:44:12.715+0000][1][safepoint    ] Leaving safepoint region
[2019-12-08T11:44:12.715+0000][1][safepoint    ] Total time for which application threads were stopped: 0.0000866 seconds, Stopping threads took: 0.0000217 seconds
[2019-12-08T11:44:13.715+0000][1][safepoint    ] Application time: 1.0000887 seconds
[2019-12-08T11:44:13.715+0000][1][safepoint    ] Entering safepoint region: Cleanup
[2019-12-08T11:44:13.715+0000][1][safepoint    ] Leaving safepoint region
[2019-12-08T11:44:13.715+0000][1][safepoint    ] Total time for which application threads were stopped: 0.0000839 seconds, Stopping threads took: 0.0000198 seconds
[2019-12-08T11:44:14.715+0000][1][safepoint    ] Application time: 1.0000783 seconds
[2019-12-08T11:44:14.715+0000][1][safepoint    ] Entering safepoint region: Cleanup
[2019-12-08T11:44:14.715+0000][1][safepoint    ] Leaving safepoint region
[2019-12-08T11:44:14.715+0000][1][safepoint    ] Total time for which application threads were stopped: 0.0000770 seconds, Stopping threads took: 0.0000182 seconds
[2019-12-08T11:44:15.715+0000][1][safepoint    ] Application time: 1.0000819 seconds
[2019-12-08T11:44:15.715+0000][1][safepoint    ] Entering safepoint region: Cleanup
[2019-12-08T11:44:15.715+0000][1][safepoint    ] Leaving safepoint region
[2019-12-08T11:44:15.715+0000][1][safepoint    ] Total time for which application threads were stopped: 0.0000785 seconds, Stopping threads took: 0.0000178 seconds
[2019-12-08T11:44:16.716+0000][1][safepoint    ] Application time: 1.0000808 seconds
[2019-12-08T11:44:16.716+0000][1][safepoint    ] Entering safepoint region: Cleanup
[2019-12-08T11:44:16.716+0000][1][safepoint    ] Leaving safepoint region
[2019-12-08T11:44:16.716+0000][1][safepoint    ] Total time for which application threads were stopped: 0.0000827 seconds, Stopping threads took: 0.0000182 seconds
[2019-12-08T11:44:17.716+0000][1][safepoint    ] Application time: 1.0000923 seconds
[2019-12-08T11:44:17.716+0000][1][safepoint    ] Entering safepoint region: Cleanup
[2019-12-08T11:44:17.716+0000][1][safepoint    ] Leaving safepoint region
[2019-12-08T11:44:17.716+0000][1][safepoint    ] Total time for which application threads were stopped: 0.0000775 seconds, Stopping threads took: 0.0000179 seconds
[2019-12-08T11:44:18.716+0000][1][safepoint    ] Application time: 1.0000804 seconds
[2019-12-08T11:44:18.716+0000][1][safepoint    ] Entering safepoint region: Cleanup
[2019-12-08T11:44:18.716+0000][1][safepoint    ] Leaving safepoint region
[2019-12-08T11:44:18.716+0000][1][safepoint    ] Total time for which application threads were stopped: 0.0000795 seconds, Stopping threads took: 0.0000190 seconds
[2019-12-08T11:44:19.716+0000][1][safepoint    ] Application time: 1.0000798 seconds
[2019-12-08T11:44:19.716+0000][1][safepoint    ] Entering safepoint region: Cleanup
[2019-12-08T11:44:19.716+0000][1][safepoint    ] Leaving safepoint region
[2019-12-08T11:44:19.716+0000][1][safepoint    ] Total time for which application threads were stopped: 0.0000796 seconds, Stopping threads took: 0.0000173 seconds
[2019-12-08T11:44:20.716+0000][1][safepoint    ] Application time: 1.0000801 seconds
[2019-12-08T11:44:20.716+0000][1][safepoint    ] Entering safepoint region: Cleanup
[2019-12-08T11:44:20.717+0000][1][safepoint    ] Leaving safepoint region
[2019-12-08T11:44:20.717+0000][1][safepoint    ] Total time for which application threads were stopped: 0.0000773 seconds, Stopping threads took: 0.0000184 seconds
[2019-12-08T11:44:21.717+0000][1][safepoint    ] Application time: 1.0000773 seconds
[2019-12-08T11:44:21.717+0000][1][safepoint    ] Entering safepoint region: Cleanup
[2019-12-08T11:44:21.717+0000][1][safepoint    ] Leaving safepoint region
[2019-12-08T11:44:21.717+0000][1][safepoint    ] Total time for which application threads were stopped: 0.0001027 seconds, Stopping threads took: 0.0000209 seconds
[2019-12-08T11:44:22.717+0000][1][safepoint    ] Application time: 1.0000788 seconds
[2019-12-08T11:44:22.717+0000][1][safepoint    ] Entering safepoint region: Cleanup
[2019-12-08T11:44:22.717+0000][1][safepoint    ] Leaving safepoint region
[2019-12-08T11:44:22.717+0000][1][safepoint    ] Total time for which application threads were stopped: 0.0000754 seconds, Stopping threads took: 0.0000180 seconds
[2019-12-08T11:44:23.717+0000][1][safepoint    ] Application time: 1.0000791 seconds
[2019-12-08T11:44:23.717+0000][1][safepoint    ] Entering safepoint region: Cleanup
[2019-12-08T11:44:23.717+0000][1][safepoint    ] Leaving safepoint region
[2019-12-08T11:44:23.717+0000][1][safepoint    ] Total time for which application threads were stopped: 0.0000771 seconds, Stopping threads took: 0.0000189 seconds
[2019-12-08T11:44:24.717+0000][1][safepoint    ] Application time: 1.0000754 seconds
[2019-12-08T11:44:24.717+0000][1][safepoint    ] Entering safepoint region: Cleanup
[2019-12-08T11:44:24.717+0000][1][safepoint    ] Leaving safepoint region
[2019-12-08T11:44:24.717+0000][1][safepoint    ] Total time for which application threads were stopped: 0.0000801 seconds, Stopping threads took: 0.0000182 seconds
[2019-12-08T11:44:25.717+0000][1][safepoint    ] Application time: 1.0000767 seconds
[2019-12-08T11:44:25.717+0000][1][safepoint    ] Entering safepoint region: Cleanup
[2019-12-08T11:44:25.717+0000][1][safepoint    ] Leaving safepoint region
[2019-12-08T11:44:25.718+0000][1][safepoint    ] Total time for which application threads were stopped: 0.0000720 seconds, Stopping threads took: 0.0000166 seconds
[2019-12-08T11:44:26.759+0000][1][safepoint    ] Application time: 1.0416598 seconds
[2019-12-08T11:44:26.759+0000][1][safepoint    ] Entering safepoint region: Cleanup
[2019-12-08T11:44:26.759+0000][1][safepoint    ] Leaving safepoint region
[2019-12-08T11:44:26.759+0000][1][safepoint    ] Total time for which application threads were stopped: 0.0000876 seconds, Stopping threads took: 0.0000156 seconds
[2019-12-08T11:44:27.759+0000][1][safepoint    ] Application time: 1.0000813 seconds
[2019-12-08T11:44:27.759+0000][1][safepoint    ] Entering safepoint region: Cleanup
[2019-12-08T11:44:27.759+0000][1][safepoint    ] Leaving safepoint region
[2019-12-08T11:44:27.759+0000][1][safepoint    ] Total time for which application threads were stopped: 0.0000779 seconds, Stopping threads took: 0.0000162 seconds
[2019-12-08T11:44:28.760+0000][1][safepoint    ] Application time: 1.0000824 seconds
[2019-12-08T11:44:28.760+0000][1][safepoint    ] Entering safepoint region: Cleanup
[2019-12-08T11:44:28.760+0000][1][safepoint    ] Leaving safepoint region
[2019-12-08T11:44:28.760+0000][1][safepoint    ] Total time for which application threads were stopped: 0.0001210 seconds, Stopping threads took: 0.0000231 seconds
[2019-12-08T11:44:29.760+0000][1][safepoint    ] Application time: 1.0000837 seconds
[2019-12-08T11:44:29.760+0000][1][safepoint    ] Entering safepoint region: Cleanup
[2019-12-08T11:44:29.760+0000][1][safepoint    ] Leaving safepoint region
[2019-12-08T11:44:29.760+0000][1][safepoint    ] Total time for which application threads were stopped: 0.0001572 seconds, Stopping threads took: 0.0000651 seconds
[2019-12-08T11:44:30.760+0000][1][safepoint    ] Application time: 1.0000840 seconds
[2019-12-08T11:44:30.760+0000][1][safepoint    ] Entering safepoint region: Cleanup
[2019-12-08T11:44:30.760+0000][1][safepoint    ] Leaving safepoint region
[2019-12-08T11:44:30.760+0000][1][safepoint    ] Total time for which application threads were stopped: 0.0000781 seconds, Stopping threads took: 0.0000209 seconds
[2019-12-08T11:44:31.760+0000][1][safepoint    ] Application time: 1.0000878 seconds
[2019-12-08T11:44:31.760+0000][1][safepoint    ] Entering safepoint region: Cleanup
[2019-12-08T11:44:31.760+0000][1][safepoint    ] Leaving safepoint region
[2019-12-08T11:44:31.760+0000][1][safepoint    ] Total time for which application threads were stopped: 0.0001102 seconds, Stopping threads took: 0.0000270 seconds
[2019-12-08T11:44:32.761+0000][1][safepoint    ] Application time: 1.0001004 seconds
[2019-12-08T11:44:32.761+0000][1][safepoint    ] Entering safepoint region: Cleanup
[2019-12-08T11:44:32.761+0000][1][safepoint    ] Leaving safepoint region
[2019-12-08T11:44:32.761+0000][1][safepoint    ] Total time for which application threads were stopped: 0.0000828 seconds, Stopping threads took: 0.0000193 seconds
[2019-12-08T11:44:33.761+0000][1][safepoint    ] Application time: 1.0001033 seconds
[2019-12-08T11:44:33.761+0000][1][safepoint    ] Entering safepoint region: Cleanup
[2019-12-08T11:44:33.761+0000][1][safepoint    ] Leaving safepoint region
[2019-12-08T11:44:33.761+0000][1][safepoint    ] Total time for which application threads were stopped: 0.0000796 seconds, Stopping threads took: 0.0000187 seconds
[2019-12-08T11:44:34.761+0000][1][safepoint    ] Application time: 1.0000838 seconds
[2019-12-08T11:44:34.761+0000][1][safepoint    ] Entering safepoint region: Cleanup
[2019-12-08T11:44:34.761+0000][1][safepoint    ] Leaving safepoint region
[2019-12-08T11:44:34.761+0000][1][safepoint    ] Total time for which application threads were stopped: 0.0000816 seconds, Stopping threads took: 0.0000204 seconds
[2019-12-08T11:44:35.761+0000][1][safepoint    ] Application time: 1.0000770 seconds
[2019-12-08T11:44:35.761+0000][1][safepoint    ] Entering safepoint region: Cleanup
[2019-12-08T11:44:35.761+0000][1][safepoint    ] Leaving safepoint region
[2019-12-08T11:44:35.761+0000][1][safepoint    ] Total time for which application threads were stopped: 0.0000820 seconds, Stopping threads took: 0.0000187 seconds
[2019-12-08T11:44:36.761+0000][1][safepoint    ] Application time: 1.0000828 seconds
[2019-12-08T11:44:36.761+0000][1][safepoint    ] Entering safepoint region: Cleanup
[2019-12-08T11:44:36.762+0000][1][safepoint    ] Leaving safepoint region
[2019-12-08T11:44:36.762+0000][1][safepoint    ] Total time for which application threads were stopped: 0.0000822 seconds, Stopping threads took: 0.0000195 seconds
[2019-12-08T11:44:37.762+0000][1][safepoint    ] Application time: 1.0000801 seconds
[2019-12-08T11:44:37.762+0000][1][safepoint    ] Entering safepoint region: Cleanup
[2019-12-08T11:44:37.762+0000][1][safepoint    ] Leaving safepoint region
[2019-12-08T11:44:37.762+0000][1][safepoint    ] Total time for which application threads were stopped: 0.0000931 seconds, Stopping threads took: 0.0000206 seconds
[2019-12-08T11:44:38.762+0000][1][safepoint    ] Application time: 1.0000788 seconds
[2019-12-08T11:44:38.762+0000][1][safepoint    ] Entering safepoint region: Cleanup
[2019-12-08T11:44:38.762+0000][1][safepoint    ] Leaving safepoint region
[2019-12-08T11:44:38.762+0000][1][safepoint    ] Total time for which application threads were stopped: 0.0000824 seconds, Stopping threads took: 0.0000188 seconds
[2019-12-08T11:44:39.762+0000][1][safepoint    ] Application time: 1.0000932 seconds
[2019-12-08T11:44:39.762+0000][1][safepoint    ] Entering safepoint region: Cleanup
[2019-12-08T11:44:39.762+0000][1][safepoint    ] Leaving safepoint region
[2019-12-08T11:44:39.762+0000][1][safepoint    ] Total time for which application threads were stopped: 0.0000786 seconds, Stopping threads took: 0.0000182 seconds
[2019-12-08T11:44:40.762+0000][1][safepoint    ] Application time: 1.0000773 seconds
[2019-12-08T11:44:40.762+0000][1][safepoint    ] Entering safepoint region: Cleanup
[2019-12-08T11:44:40.762+0000][1][safepoint    ] Leaving safepoint region
[2019-12-08T11:44:40.762+0000][1][safepoint    ] Total time for which application threads were stopped: 0.0000822 seconds, Stopping threads took: 0.0000194 seconds
[2019-12-08T11:44:41.762+0000][1][safepoint    ] Application time: 1.0000766 seconds
[2019-12-08T11:44:41.763+0000][1][safepoint    ] Entering safepoint region: Cleanup
[2019-12-08T11:44:41.763+0000][1][safepoint    ] Leaving safepoint region
[2019-12-08T11:44:41.763+0000][1][safepoint    ] Total time for which application threads were stopped: 0.0000785 seconds, Stopping threads took: 0.0000178 seconds
[2019-12-08T11:44:43.116+0000][1][safepoint    ] Application time: 1.3531256 seconds
[2019-12-08T11:44:43.116+0000][1][safepoint    ] Entering safepoint region: Cleanup
[2019-12-08T11:44:43.116+0000][1][safepoint    ] Leaving safepoint region
[2019-12-08T11:44:43.116+0000][1][safepoint    ] Total time for which application threads were stopped: 0.0000884 seconds, Stopping threads took: 0.0000203 seconds
[2019-12-08T11:44:44.116+0000][1][safepoint    ] Application time: 1.0000783 seconds
[2019-12-08T11:44:44.116+0000][1][safepoint    ] Entering safepoint region: Cleanup
[2019-12-08T11:44:44.116+0000][1][safepoint    ] Leaving safepoint region
[2019-12-08T11:44:44.116+0000][1][safepoint    ] Total time for which application threads were stopped: 0.0000778 seconds, Stopping threads took: 0.0000183 seconds
[2019-12-08T11:44:45.116+0000][1][safepoint    ] Application time: 1.0000786 seconds
[2019-12-08T11:44:45.116+0000][1][safepoint    ] Entering safepoint region: Cleanup
[2019-12-08T11:44:45.116+0000][1][safepoint    ] Leaving safepoint region
[2019-12-08T11:44:45.116+0000][1][safepoint    ] Total time for which application threads were stopped: 0.0000809 seconds, Stopping threads took: 0.0000189 seconds
[2019-12-08T11:44:46.116+0000][1][safepoint    ] Application time: 1.0000756 seconds
[2019-12-08T11:44:46.116+0000][1][safepoint    ] Entering safepoint region: Cleanup
[2019-12-08T11:44:46.116+0000][1][safepoint    ] Leaving safepoint region
[2019-12-08T11:44:46.116+0000][1][safepoint    ] Total time for which application threads were stopped: 0.0000762 seconds, Stopping threads took: 0.0000169 seconds
[2019-12-08T11:44:47.116+0000][1][safepoint    ] Application time: 1.0000767 seconds
[2019-12-08T11:44:47.117+0000][1][safepoint    ] Entering safepoint region: Cleanup
[2019-12-08T11:44:47.117+0000][1][safepoint    ] Leaving safepoint region
[2019-12-08T11:44:47.117+0000][1][safepoint    ] Total time for which application threads were stopped: 0.0000853 seconds, Stopping threads took: 0.0000183 seconds
[2019-12-08T11:44:48.117+0000][1][safepoint    ] Application time: 1.0000866 seconds
[2019-12-08T11:44:48.117+0000][1][safepoint    ] Entering safepoint region: Cleanup
[2019-12-08T11:44:48.117+0000][1][safepoint    ] Leaving safepoint region
[2019-12-08T11:44:48.117+0000][1][safepoint    ] Total time for which application threads were stopped: 0.0000814 seconds, Stopping threads took: 0.0000187 seconds
[2019-12-08T11:44:49.117+0000][1][safepoint    ] Application time: 1.0000769 seconds
[2019-12-08T11:44:49.117+0000][1][safepoint    ] Entering safepoint region: Cleanup
[2019-12-08T11:44:49.117+0000][1][safepoint    ] Leaving safepoint region
[2019-12-08T11:44:49.117+0000][1][safepoint    ] Total time for which application threads were stopped: 0.0000796 seconds, Stopping threads took: 0.0000189 seconds
[2019-12-08T11:44:50.117+0000][1][safepoint    ] Application time: 1.0000793 seconds
[2019-12-08T11:44:50.117+0000][1][safepoint    ] Entering safepoint region: Cleanup
[2019-12-08T11:44:50.117+0000][1][safepoint    ] Leaving safepoint region
[2019-12-08T11:44:50.117+0000][1][safepoint    ] Total time for which application threads were stopped: 0.0000799 seconds, Stopping threads took: 0.0000185 seconds
[2019-12-08T11:44:51.117+0000][1][safepoint    ] Application time: 1.0000789 seconds
[2019-12-08T11:44:51.117+0000][1][safepoint    ] Entering safepoint region: Cleanup
[2019-12-08T11:44:51.117+0000][1][safepoint    ] Leaving safepoint region
[2019-12-08T11:44:51.117+0000][1][safepoint    ] Total time for which application threads were stopped: 0.0000807 seconds, Stopping threads took: 0.0000187 seconds
[2019-12-08T11:44:52.118+0000][1][safepoint    ] Application time: 1.0000836 seconds
[2019-12-08T11:44:52.118+0000][1][safepoint    ] Entering safepoint region: Cleanup
[2019-12-08T11:44:52.118+0000][1][safepoint    ] Leaving safepoint region
[2019-12-08T11:44:52.118+0000][1][safepoint    ] Total time for which application threads were stopped: 0.0000842 seconds, Stopping threads took: 0.0000222 seconds
[2019-12-08T11:44:53.118+0000][1][safepoint    ] Application time: 1.0000790 seconds
[2019-12-08T11:44:53.118+0000][1][safepoint    ] Entering safepoint region: Cleanup
[2019-12-08T11:44:53.118+0000][1][safepoint    ] Leaving safepoint region
[2019-12-08T11:44:53.118+0000][1][safepoint    ] Total time for which application threads were stopped: 0.0000808 seconds, Stopping threads took: 0.0000198 seconds
[2019-12-08T11:44:54.118+0000][1][safepoint    ] Application time: 1.0000906 seconds
[2019-12-08T11:44:54.118+0000][1][safepoint    ] Entering safepoint region: Cleanup
[2019-12-08T11:44:54.118+0000][1][safepoint    ] Leaving safepoint region
[2019-12-08T11:44:54.118+0000][1][safepoint    ] Total time for which application threads were stopped: 0.0001092 seconds, Stopping threads took: 0.0000260 seconds
[2019-12-08T11:44:55.118+0000][1][safepoint    ] Application time: 1.0000796 seconds
[2019-12-08T11:44:55.118+0000][1][safepoint    ] Entering safepoint region: Cleanup
[2019-12-08T11:44:55.118+0000][1][safepoint    ] Leaving safepoint region
[2019-12-08T11:44:55.118+0000][1][safepoint    ] Total time for which application threads were stopped: 0.0000892 seconds, Stopping threads took: 0.0000259 seconds
[2019-12-08T11:44:56.118+0000][1][safepoint    ] Application time: 1.0000879 seconds
[2019-12-08T11:44:56.118+0000][1][safepoint    ] Entering safepoint region: Cleanup
[2019-12-08T11:44:56.119+0000][1][safepoint    ] Leaving safepoint region
[2019-12-08T11:44:56.119+0000][1][safepoint    ] Total time for which application threads were stopped: 0.0000834 seconds, Stopping threads took: 0.0000200 seconds
[2019-12-08T11:44:57.119+0000][1][safepoint    ] Application time: 1.0000810 seconds
[2019-12-08T11:44:57.119+0000][1][safepoint    ] Entering safepoint region: Cleanup
[2019-12-08T11:44:57.119+0000][1][safepoint    ] Leaving safepoint region
[2019-12-08T11:44:57.119+0000][1][safepoint    ] Total time for which application threads were stopped: 0.0000959 seconds, Stopping threads took: 0.0000177 seconds
[2019-12-08T11:44:58.119+0000][1][safepoint    ] Application time: 1.0000819 seconds
[2019-12-08T11:44:58.119+0000][1][safepoint    ] Entering safepoint region: Cleanup
[2019-12-08T11:44:58.119+0000][1][safepoint    ] Leaving safepoint region
[2019-12-08T11:44:58.119+0000][1][safepoint    ] Total time for which application threads were stopped: 0.0000832 seconds, Stopping threads took: 0.0000195 seconds
[2019-12-08T11:44:59.119+0000][1][safepoint    ] Application time: 1.0000782 seconds
[2019-12-08T11:44:59.119+0000][1][safepoint    ] Entering safepoint region: Cleanup
[2019-12-08T11:44:59.119+0000][1][safepoint    ] Leaving safepoint region
[2019-12-08T11:44:59.119+0000][1][safepoint    ] Total time for which application threads were stopped: 0.0000904 seconds, Stopping threads took: 0.0000267 seconds
[2019-12-08T11:45:00.119+0000][1][safepoint    ] Application time: 1.0000787 seconds
[2019-12-08T11:45:00.119+0000][1][safepoint    ] Entering safepoint region: Cleanup
[2019-12-08T11:45:00.119+0000][1][safepoint    ] Leaving safepoint region
[2019-12-08T11:45:00.119+0000][1][safepoint    ] Total time for which application threads were stopped: 0.0000845 seconds, Stopping threads took: 0.0000212 seconds
[2019-12-08T11:45:01.119+0000][1][safepoint    ] Application time: 1.0000866 seconds
[2019-12-08T11:45:01.119+0000][1][safepoint    ] Entering safepoint region: Cleanup
[2019-12-08T11:45:01.120+0000][1][safepoint    ] Leaving safepoint region
[2019-12-08T11:45:01.120+0000][1][safepoint    ] Total time for which application threads were stopped: 0.0000843 seconds, Stopping threads took: 0.0000200 seconds
[2019-12-08T11:45:02.120+0000][1][safepoint    ] Application time: 1.0000800 seconds
[2019-12-08T11:45:02.120+0000][1][safepoint    ] Entering safepoint region: Cleanup
[2019-12-08T11:45:02.120+0000][1][safepoint    ] Leaving safepoint region
[2019-12-08T11:45:02.120+0000][1][safepoint    ] Total time for which application threads were stopped: 0.0000898 seconds, Stopping threads took: 0.0000266 seconds
[2019-12-08T11:45:03.120+0000][1][safepoint    ] Application time: 1.0000778 seconds
[2019-12-08T11:45:03.120+0000][1][safepoint    ] Entering safepoint region: Cleanup
[2019-12-08T11:45:03.120+0000][1][safepoint    ] Leaving safepoint region
[2019-12-08T11:45:03.120+0000][1][safepoint    ] Total time for which application threads were stopped: 0.0000817 seconds, Stopping threads took: 0.0000196 seconds
[2019-12-08T11:45:04.120+0000][1][safepoint    ] Application time: 1.0000777 seconds
[2019-12-08T11:45:04.120+0000][1][safepoint    ] Entering safepoint region: Cleanup
[2019-12-08T11:45:04.120+0000][1][safepoint    ] Leaving safepoint region
[2019-12-08T11:45:04.120+0000][1][safepoint    ] Total time for which application threads were stopped: 0.0000828 seconds, Stopping threads took: 0.0000197 seconds
[2019-12-08T11:45:05.120+0000][1][safepoint    ] Application time: 1.0000789 seconds
[2019-12-08T11:45:05.120+0000][1][safepoint    ] Entering safepoint region: Cleanup
[2019-12-08T11:45:05.120+0000][1][safepoint    ] Leaving safepoint region
[2019-12-08T11:45:05.120+0000][1][safepoint    ] Total time for which application threads were stopped: 0.0000878 seconds, Stopping threads took: 0.0000202 seconds
[2019-12-08T11:45:06.120+0000][1][safepoint    ] Application time: 1.0000778 seconds
[2019-12-08T11:45:06.121+0000][1][safepoint    ] Entering safepoint region: Cleanup
[2019-12-08T11:45:06.121+0000][1][safepoint    ] Leaving safepoint region
[2019-12-08T11:45:06.121+0000][1][safepoint    ] Total time for which application threads were stopped: 0.0000799 seconds, Stopping threads took: 0.0000174 seconds
[2019-12-08T11:45:07.121+0000][1][safepoint    ] Application time: 1.0000898 seconds
[2019-12-08T11:45:07.121+0000][1][safepoint    ] Entering safepoint region: Cleanup
[2019-12-08T11:45:07.121+0000][1][safepoint    ] Leaving safepoint region
[2019-12-08T11:45:07.121+0000][1][safepoint    ] Total time for which application threads were stopped: 0.0001002 seconds, Stopping threads took: 0.0000201 seconds
[2019-12-08T11:45:08.122+0000][1][safepoint    ] Application time: 1.0015549 seconds
[2019-12-08T11:45:08.122+0000][1][safepoint    ] Entering safepoint region: Cleanup
[2019-12-08T11:45:08.122+0000][1][safepoint    ] Leaving safepoint region
[2019-12-08T11:45:08.123+0000][1][safepoint    ] Total time for which application threads were stopped: 0.0000834 seconds, Stopping threads took: 0.0000212 seconds
[2019-12-08T11:45:09.123+0000][1][safepoint    ] Application time: 1.0000793 seconds
[2019-12-08T11:45:09.123+0000][1][safepoint    ] Entering safepoint region: Cleanup
[2019-12-08T11:45:09.123+0000][1][safepoint    ] Leaving safepoint region
[2019-12-08T11:45:09.123+0000][1][safepoint    ] Total time for which application threads were stopped: 0.0000983 seconds, Stopping threads took: 0.0000185 seconds
[2019-12-08T11:45:10.123+0000][1][safepoint    ] Application time: 1.0000827 seconds
[2019-12-08T11:45:10.123+0000][1][safepoint    ] Entering safepoint region: Cleanup
[2019-12-08T11:45:10.123+0000][1][safepoint    ] Leaving safepoint region
[2019-12-08T11:45:10.123+0000][1][safepoint    ] Total time for which application threads were stopped: 0.0000848 seconds, Stopping threads took: 0.0000217 seconds
[2019-12-08T11:45:11.123+0000][1][safepoint    ] Application time: 1.0000810 seconds
[2019-12-08T11:45:11.123+0000][1][safepoint    ] Entering safepoint region: Cleanup
[2019-12-08T11:45:11.123+0000][1][safepoint    ] Leaving safepoint region
[2019-12-08T11:45:11.123+0000][1][safepoint    ] Total time for which application threads were stopped: 0.0000814 seconds, Stopping threads took: 0.0000184 seconds
[2019-12-08T11:45:12.123+0000][1][safepoint    ] Application time: 1.0000785 seconds
[2019-12-08T11:45:12.123+0000][1][safepoint    ] Entering safepoint region: Cleanup
[2019-12-08T11:45:12.123+0000][1][safepoint    ] Leaving safepoint region
[2019-12-08T11:45:12.123+0000][1][safepoint    ] Total time for which application threads were stopped: 0.0000793 seconds, Stopping threads took: 0.0000177 seconds
[2019-12-08T11:45:13.123+0000][1][safepoint    ] Application time: 1.0000767 seconds
[2019-12-08T11:45:13.123+0000][1][safepoint    ] Entering safepoint region: Cleanup
[2019-12-08T11:45:13.124+0000][1][safepoint    ] Leaving safepoint region
[2019-12-08T11:45:13.124+0000][1][safepoint    ] Total time for which application threads were stopped: 0.0000800 seconds, Stopping threads took: 0.0000184 seconds
[2019-12-08T11:45:14.124+0000][1][safepoint    ] Application time: 1.0000789 seconds
[2019-12-08T11:45:14.124+0000][1][safepoint    ] Entering safepoint region: Cleanup
[2019-12-08T11:45:14.124+0000][1][safepoint    ] Leaving safepoint region
[2019-12-08T11:45:14.124+0000][1][safepoint    ] Total time for which application threads were stopped: 0.0000945 seconds, Stopping threads took: 0.0000181 seconds
[2019-12-08T11:45:15.124+0000][1][safepoint    ] Application time: 1.0000759 seconds
[2019-12-08T11:45:15.124+0000][1][safepoint    ] Entering safepoint region: Cleanup
[2019-12-08T11:45:15.124+0000][1][safepoint    ] Leaving safepoint region
[2019-12-08T11:45:15.124+0000][1][safepoint    ] Total time for which application threads were stopped: 0.0000791 seconds, Stopping threads took: 0.0000179 seconds
[2019-12-08T11:45:16.124+0000][1][safepoint    ] Application time: 1.0000793 seconds
[2019-12-08T11:45:16.124+0000][1][safepoint    ] Entering safepoint region: Cleanup
[2019-12-08T11:45:16.124+0000][1][safepoint    ] Leaving safepoint region
[2019-12-08T11:45:16.124+0000][1][safepoint    ] Total time for which application threads were stopped: 0.0000822 seconds, Stopping threads took: 0.0000192 seconds
[2019-12-08T11:45:17.124+0000][1][safepoint    ] Application time: 1.0000795 seconds
[2019-12-08T11:45:17.124+0000][1][safepoint    ] Entering safepoint region: Cleanup
[2019-12-08T11:45:17.124+0000][1][safepoint    ] Leaving safepoint region
[2019-12-08T11:45:17.124+0000][1][safepoint    ] Total time for which application threads were stopped: 0.0000994 seconds, Stopping threads took: 0.0000172 seconds
[2019-12-08T11:45:18.124+0000][1][safepoint    ] Application time: 1.0000782 seconds
[2019-12-08T11:45:18.125+0000][1][safepoint    ] Entering safepoint region: Cleanup
[2019-12-08T11:45:18.125+0000][1][safepoint    ] Leaving safepoint region
[2019-12-08T11:45:18.125+0000][1][safepoint    ] Total time for which application threads were stopped: 0.0000808 seconds, Stopping threads took: 0.0000188 seconds
[2019-12-08T11:45:19.125+0000][1][safepoint    ] Application time: 1.0000827 seconds
[2019-12-08T11:45:19.125+0000][1][safepoint    ] Entering safepoint region: Cleanup
[2019-12-08T11:45:19.125+0000][1][safepoint    ] Leaving safepoint region
[2019-12-08T11:45:19.125+0000][1][safepoint    ] Total time for which application threads were stopped: 0.0000833 seconds, Stopping threads took: 0.0000202 seconds
[2019-12-08T11:45:20.125+0000][1][safepoint    ] Application time: 1.0000817 seconds
[2019-12-08T11:45:20.125+0000][1][safepoint    ] Entering safepoint region: Cleanup
[2019-12-08T11:45:20.125+0000][1][safepoint    ] Leaving safepoint region
[2019-12-08T11:45:20.125+0000][1][safepoint    ] Total time for which application threads were stopped: 0.0000845 seconds, Stopping threads took: 0.0000189 seconds
[2019-12-08T11:45:21.125+0000][1][safepoint    ] Application time: 1.0000779 seconds
[2019-12-08T11:45:21.125+0000][1][safepoint    ] Entering safepoint region: Cleanup
[2019-12-08T11:45:21.125+0000][1][safepoint    ] Leaving safepoint region
[2019-12-08T11:45:21.125+0000][1][safepoint    ] Total time for which application threads were stopped: 0.0000821 seconds, Stopping threads took: 0.0000174 seconds
[2019-12-08T11:45:22.125+0000][1][safepoint    ] Application time: 1.0000771 seconds
[2019-12-08T11:45:22.125+0000][1][safepoint    ] Entering safepoint region: Cleanup
[2019-12-08T11:45:22.125+0000][1][safepoint    ] Leaving safepoint region
[2019-12-08T11:45:22.125+0000][1][safepoint    ] Total time for which application threads were stopped: 0.0000823 seconds, Stopping threads took: 0.0000187 seconds
[2019-12-08T11:45:23.126+0000][1][safepoint    ] Application time: 1.0000832 seconds
[2019-12-08T11:45:23.126+0000][1][safepoint    ] Entering safepoint region: Cleanup
[2019-12-08T11:45:23.126+0000][1][safepoint    ] Leaving safepoint region
[2019-12-08T11:45:23.126+0000][1][safepoint    ] Total time for which application threads were stopped: 0.0001169 seconds, Stopping threads took: 0.0000270 seconds
[2019-12-08T11:45:24.126+0000][1][safepoint    ] Application time: 1.0000949 seconds
[2019-12-08T11:45:24.126+0000][1][safepoint    ] Entering safepoint region: Cleanup
[2019-12-08T11:45:24.126+0000][1][safepoint    ] Leaving safepoint region
[2019-12-08T11:45:24.126+0000][1][safepoint    ] Total time for which application threads were stopped: 0.0000858 seconds, Stopping threads took: 0.0000217 seconds
[2019-12-08T11:45:25.126+0000][1][safepoint    ] Application time: 1.0000776 seconds
[2019-12-08T11:45:25.126+0000][1][safepoint    ] Entering safepoint region: Cleanup
[2019-12-08T11:45:25.126+0000][1][safepoint    ] Leaving safepoint region
[2019-12-08T11:45:25.126+0000][1][safepoint    ] Total time for which application threads were stopped: 0.0000838 seconds, Stopping threads took: 0.0000185 seconds
[2019-12-08T11:45:26.126+0000][1][safepoint    ] Application time: 1.0000788 seconds
[2019-12-08T11:45:26.126+0000][1][safepoint    ] Entering safepoint region: Cleanup
[2019-12-08T11:45:26.126+0000][1][safepoint    ] Leaving safepoint region
[2019-12-08T11:45:26.126+0000][1][safepoint    ] Total time for which application threads were stopped: 0.0000801 seconds, Stopping threads took: 0.0000185 seconds
[2019-12-08T11:45:27.272+0000][1][safepoint    ] Application time: 1.1457746 seconds
[2019-12-08T11:45:27.272+0000][1][safepoint    ] Entering safepoint region: Cleanup
[2019-12-08T11:45:27.272+0000][1][safepoint    ] Leaving safepoint region
[2019-12-08T11:45:27.272+0000][1][safepoint    ] Total time for which application threads were stopped: 0.0000810 seconds, Stopping threads took: 0.0000179 seconds
[2019-12-08T11:45:28.272+0000][1][safepoint    ] Application time: 1.0000802 seconds
[2019-12-08T11:45:28.272+0000][1][safepoint    ] Entering safepoint region: Cleanup
[2019-12-08T11:45:28.272+0000][1][safepoint    ] Leaving safepoint region
[2019-12-08T11:45:28.272+0000][1][safepoint    ] Total time for which application threads were stopped: 0.0000793 seconds, Stopping threads took: 0.0000184 seconds
[2019-12-08T11:45:29.272+0000][1][safepoint    ] Application time: 1.0000782 seconds
[2019-12-08T11:45:29.273+0000][1][safepoint    ] Entering safepoint region: Cleanup
[2019-12-08T11:45:29.273+0000][1][safepoint    ] Leaving safepoint region
[2019-12-08T11:45:29.273+0000][1][safepoint    ] Total time for which application threads were stopped: 0.0000792 seconds, Stopping threads took: 0.0000179 seconds
[2019-12-08T11:45:30.273+0000][1][safepoint    ] Application time: 1.0000776 seconds
[2019-12-08T11:45:30.273+0000][1][safepoint    ] Entering safepoint region: Cleanup
[2019-12-08T11:45:30.273+0000][1][safepoint    ] Leaving safepoint region
[2019-12-08T11:45:30.273+0000][1][safepoint    ] Total time for which application threads were stopped: 0.0000810 seconds, Stopping threads took: 0.0000178 seconds
[2019-12-08T11:45:31.273+0000][1][safepoint    ] Application time: 1.0000778 seconds
[2019-12-08T11:45:31.273+0000][1][safepoint    ] Entering safepoint region: Cleanup
[2019-12-08T11:45:31.273+0000][1][safepoint    ] Leaving safepoint region
[2019-12-08T11:45:31.273+0000][1][safepoint    ] Total time for which application threads were stopped: 0.0000774 seconds, Stopping threads took: 0.0000165 seconds
[2019-12-08T11:45:32.273+0000][1][safepoint    ] Application time: 1.0000777 seconds
[2019-12-08T11:45:32.273+0000][1][safepoint    ] Entering safepoint region: Cleanup
[2019-12-08T11:45:32.273+0000][1][safepoint    ] Leaving safepoint region
[2019-12-08T11:45:32.273+0000][1][safepoint    ] Total time for which application threads were stopped: 0.0000803 seconds, Stopping threads took: 0.0000184 seconds
[2019-12-08T11:45:33.273+0000][1][safepoint    ] Application time: 1.0000782 seconds
[2019-12-08T11:45:33.273+0000][1][safepoint    ] Entering safepoint region: Cleanup
[2019-12-08T11:45:33.273+0000][1][safepoint    ] Leaving safepoint region
[2019-12-08T11:45:33.273+0000][1][safepoint    ] Total time for which application threads were stopped: 0.0000804 seconds, Stopping threads took: 0.0000188 seconds
[2019-12-08T11:45:34.273+0000][1][safepoint    ] Application time: 1.0000767 seconds
[2019-12-08T11:45:34.274+0000][1][safepoint    ] Entering safepoint region: Cleanup
[2019-12-08T11:45:34.274+0000][1][safepoint    ] Leaving safepoint region
[2019-12-08T11:45:34.274+0000][1][safepoint    ] Total time for which application threads were stopped: 0.0000811 seconds, Stopping threads took: 0.0000186 seconds
[2019-12-08T11:45:35.274+0000][1][safepoint    ] Application time: 1.0000777 seconds
[2019-12-08T11:45:35.274+0000][1][safepoint    ] Entering safepoint region: Cleanup
[2019-12-08T11:45:35.274+0000][1][safepoint    ] Leaving safepoint region
[2019-12-08T11:45:35.274+0000][1][safepoint    ] Total time for which application threads were stopped: 0.0000803 seconds, Stopping threads took: 0.0000207 seconds
[2019-12-08T11:45:36.274+0000][1][safepoint    ] Application time: 1.0000751 seconds
[2019-12-08T11:45:36.274+0000][1][safepoint    ] Entering safepoint region: Cleanup
[2019-12-08T11:45:36.274+0000][1][safepoint    ] Leaving safepoint region
[2019-12-08T11:45:36.274+0000][1][safepoint    ] Total time for which application threads were stopped: 0.0000797 seconds, Stopping threads took: 0.0000185 seconds
[2019-12-08T11:45:37.274+0000][1][safepoint    ] Application time: 1.0000826 seconds
[2019-12-08T11:45:37.274+0000][1][safepoint    ] Entering safepoint region: Cleanup
[2019-12-08T11:45:37.274+0000][1][safepoint    ] Leaving safepoint region
[2019-12-08T11:45:37.274+0000][1][safepoint    ] Total time for which application threads were stopped: 0.0000794 seconds, Stopping threads took: 0.0000182 seconds
[2019-12-08T11:45:38.274+0000][1][safepoint    ] Application time: 1.0000805 seconds
[2019-12-08T11:45:38.274+0000][1][safepoint    ] Entering safepoint region: Cleanup
[2019-12-08T11:45:38.274+0000][1][safepoint    ] Leaving safepoint region
[2019-12-08T11:45:38.274+0000][1][safepoint    ] Total time for which application threads were stopped: 0.0000894 seconds, Stopping threads took: 0.0000186 seconds
[2019-12-08T11:45:39.275+0000][1][safepoint    ] Application time: 1.0000791 seconds
[2019-12-08T11:45:39.275+0000][1][safepoint    ] Entering safepoint region: Cleanup
[2019-12-08T11:45:39.275+0000][1][safepoint    ] Leaving safepoint region
[2019-12-08T11:45:39.275+0000][1][safepoint    ] Total time for which application threads were stopped: 0.0000810 seconds, Stopping threads took: 0.0000187 seconds
[2019-12-08T11:45:40.275+0000][1][safepoint    ] Application time: 1.0000739 seconds
[2019-12-08T11:45:40.275+0000][1][safepoint    ] Entering safepoint region: Cleanup
[2019-12-08T11:45:40.275+0000][1][safepoint    ] Leaving safepoint region
[2019-12-08T11:45:40.275+0000][1][safepoint    ] Total time for which application threads were stopped: 0.0000792 seconds, Stopping threads took: 0.0000175 seconds
[2019-12-08T11:45:41.275+0000][1][safepoint    ] Application time: 1.0000760 seconds
[2019-12-08T11:45:41.275+0000][1][safepoint    ] Entering safepoint region: Cleanup
[2019-12-08T11:45:41.275+0000][1][safepoint    ] Leaving safepoint region
[2019-12-08T11:45:41.275+0000][1][safepoint    ] Total time for which application threads were stopped: 0.0000773 seconds, Stopping threads took: 0.0000160 seconds
[2019-12-08T11:45:42.275+0000][1][safepoint    ] Application time: 1.0000775 seconds
[2019-12-08T11:45:42.275+0000][1][safepoint    ] Entering safepoint region: Cleanup
[2019-12-08T11:45:42.275+0000][1][safepoint    ] Leaving safepoint region
[2019-12-08T11:45:42.275+0000][1][safepoint    ] Total time for which application threads were stopped: 0.0000790 seconds, Stopping threads took: 0.0000180 seconds
[2019-12-08T11:45:43.275+0000][1][safepoint    ] Application time: 1.0000780 seconds
[2019-12-08T11:45:43.275+0000][1][safepoint    ] Entering safepoint region: Cleanup
[2019-12-08T11:45:43.275+0000][1][safepoint    ] Leaving safepoint region
[2019-12-08T11:45:43.275+0000][1][safepoint    ] Total time for which application threads were stopped: 0.0000785 seconds, Stopping threads took: 0.0000172 seconds
[2019-12-08T11:45:44.276+0000][1][safepoint    ] Application time: 1.0000787 seconds
[2019-12-08T11:45:44.276+0000][1][safepoint    ] Entering safepoint region: Cleanup
[2019-12-08T11:45:44.276+0000][1][safepoint    ] Leaving safepoint region
[2019-12-08T11:45:44.276+0000][1][safepoint    ] Total time for which application threads were stopped: 0.0000799 seconds, Stopping threads took: 0.0000176 seconds
[2019-12-08T11:45:45.276+0000][1][safepoint    ] Application time: 1.0000755 seconds
[2019-12-08T11:45:45.276+0000][1][safepoint    ] Entering safepoint region: Cleanup
[2019-12-08T11:45:45.276+0000][1][safepoint    ] Leaving safepoint region
[2019-12-08T11:45:45.276+0000][1][safepoint    ] Total time for which application threads were stopped: 0.0000786 seconds, Stopping threads took: 0.0000179 seconds
[2019-12-08T11:45:46.276+0000][1][safepoint    ] Application time: 1.0000771 seconds
[2019-12-08T11:45:46.276+0000][1][safepoint    ] Entering safepoint region: Cleanup
[2019-12-08T11:45:46.276+0000][1][safepoint    ] Leaving safepoint region
[2019-12-08T11:45:46.276+0000][1][safepoint    ] Total time for which application threads were stopped: 0.0000888 seconds, Stopping threads took: 0.0000185 seconds
[2019-12-08T11:45:47.276+0000][1][safepoint    ] Application time: 1.0000768 seconds
[2019-12-08T11:45:47.276+0000][1][safepoint    ] Entering safepoint region: Cleanup
[2019-12-08T11:45:47.276+0000][1][safepoint    ] Leaving safepoint region
[2019-12-08T11:45:47.276+0000][1][safepoint    ] Total time for which application threads were stopped: 0.0000838 seconds, Stopping threads took: 0.0000219 seconds
[2019-12-08T11:45:48.276+0000][1][safepoint    ] Application time: 1.0000760 seconds
[2019-12-08T11:45:48.276+0000][1][safepoint    ] Entering safepoint region: Cleanup
[2019-12-08T11:45:48.276+0000][1][safepoint    ] Leaving safepoint region
[2019-12-08T11:45:48.276+0000][1][safepoint    ] Total time for which application threads were stopped: 0.0000800 seconds, Stopping threads took: 0.0000176 seconds
[2019-12-08T11:45:49.277+0000][1][safepoint    ] Application time: 1.0000785 seconds
[2019-12-08T11:45:49.277+0000][1][safepoint    ] Entering safepoint region: Cleanup
[2019-12-08T11:45:49.277+0000][1][safepoint    ] Leaving safepoint region
[2019-12-08T11:45:49.277+0000][1][safepoint    ] Total time for which application threads were stopped: 0.0000822 seconds, Stopping threads took: 0.0000186 seconds
[2019-12-08T11:45:50.277+0000][1][safepoint    ] Application time: 1.0000776 seconds
[2019-12-08T11:45:50.277+0000][1][safepoint    ] Entering safepoint region: Cleanup
[2019-12-08T11:45:50.277+0000][1][safepoint    ] Leaving safepoint region
[2019-12-08T11:45:50.277+0000][1][safepoint    ] Total time for which application threads were stopped: 0.0000826 seconds, Stopping threads took: 0.0000210 seconds
[2019-12-08T11:45:51.277+0000][1][safepoint    ] Application time: 1.0000820 seconds
[2019-12-08T11:45:51.277+0000][1][safepoint    ] Entering safepoint region: Cleanup
[2019-12-08T11:45:51.277+0000][1][safepoint    ] Leaving safepoint region
[2019-12-08T11:45:51.277+0000][1][safepoint    ] Total time for which application threads were stopped: 0.0001305 seconds, Stopping threads took: 0.0000457 seconds
[2019-12-08T11:45:52.277+0000][1][safepoint    ] Application time: 1.0000878 seconds
[2019-12-08T11:45:52.277+0000][1][safepoint    ] Entering safepoint region: Cleanup
[2019-12-08T11:45:52.277+0000][1][safepoint    ] Leaving safepoint region
[2019-12-08T11:45:52.277+0000][1][safepoint    ] Total time for which application threads were stopped: 0.0000781 seconds, Stopping threads took: 0.0000179 seconds
[2019-12-08T11:45:53.277+0000][1][safepoint    ] Application time: 1.0000759 seconds
[2019-12-08T11:45:53.277+0000][1][safepoint    ] Entering safepoint region: Cleanup
[2019-12-08T11:45:53.277+0000][1][safepoint    ] Leaving safepoint region
[2019-12-08T11:45:53.277+0000][1][safepoint    ] Total time for which application threads were stopped: 0.0000809 seconds, Stopping threads took: 0.0000194 seconds
[2019-12-08T11:45:54.278+0000][1][safepoint    ] Application time: 1.0000781 seconds
[2019-12-08T11:45:54.278+0000][1][safepoint    ] Entering safepoint region: Cleanup
[2019-12-08T11:45:54.278+0000][1][safepoint    ] Leaving safepoint region
[2019-12-08T11:45:54.278+0000][1][safepoint    ] Total time for which application threads were stopped: 0.0001009 seconds, Stopping threads took: 0.0000200 seconds
[2019-12-08T11:45:55.278+0000][1][safepoint    ] Application time: 1.0000784 seconds
[2019-12-08T11:45:55.278+0000][1][safepoint    ] Entering safepoint region: Cleanup
[2019-12-08T11:45:55.278+0000][1][safepoint    ] Leaving safepoint region
[2019-12-08T11:45:55.278+0000][1][safepoint    ] Total time for which application threads were stopped: 0.0000856 seconds, Stopping threads took: 0.0000239 seconds
[2019-12-08T11:45:56.278+0000][1][safepoint    ] Application time: 1.0000802 seconds
[2019-12-08T11:45:56.278+0000][1][safepoint    ] Entering safepoint region: Cleanup
[2019-12-08T11:45:56.278+0000][1][safepoint    ] Leaving safepoint region
[2019-12-08T11:45:56.278+0000][1][safepoint    ] Total time for which application threads were stopped: 0.0001110 seconds, Stopping threads took: 0.0000427 seconds
[2019-12-08T11:45:57.278+0000][1][safepoint    ] Application time: 1.0000846 seconds
[2019-12-08T11:45:57.278+0000][1][safepoint    ] Entering safepoint region: Cleanup
[2019-12-08T11:45:57.278+0000][1][safepoint    ] Leaving safepoint region
[2019-12-08T11:45:57.278+0000][1][safepoint    ] Total time for which application threads were stopped: 0.0000796 seconds, Stopping threads took: 0.0000187 seconds
[2019-12-08T11:45:58.278+0000][1][safepoint    ] Application time: 1.0000896 seconds
[2019-12-08T11:45:58.279+0000][1][safepoint    ] Entering safepoint region: Cleanup
[2019-12-08T11:45:58.279+0000][1][safepoint    ] Leaving safepoint region
[2019-12-08T11:45:58.279+0000][1][safepoint    ] Total time for which application threads were stopped: 0.0001278 seconds, Stopping threads took: 0.0000287 seconds
[2019-12-08T11:45:59.279+0000][1][safepoint    ] Application time: 1.0000796 seconds
[2019-12-08T11:45:59.279+0000][1][safepoint    ] Entering safepoint region: Cleanup
[2019-12-08T11:45:59.279+0000][1][safepoint    ] Leaving safepoint region
[2019-12-08T11:45:59.279+0000][1][safepoint    ] Total time for which application threads were stopped: 0.0000849 seconds, Stopping threads took: 0.0000243 seconds
[2019-12-08T11:46:00.279+0000][1][safepoint    ] Application time: 1.0000783 seconds
[2019-12-08T11:46:00.279+0000][1][safepoint    ] Entering safepoint region: Cleanup
[2019-12-08T11:46:00.279+0000][1][safepoint    ] Leaving safepoint region
[2019-12-08T11:46:00.279+0000][1][safepoint    ] Total time for which application threads were stopped: 0.0000791 seconds, Stopping threads took: 0.0000184 seconds
[2019-12-08T11:46:01.279+0000][1][safepoint    ] Application time: 1.0000765 seconds
[2019-12-08T11:46:01.279+0000][1][safepoint    ] Entering safepoint region: Cleanup
[2019-12-08T11:46:01.279+0000][1][safepoint    ] Leaving safepoint region
[2019-12-08T11:46:01.279+0000][1][safepoint    ] Total time for which application threads were stopped: 0.0000896 seconds, Stopping threads took: 0.0000273 seconds
[2019-12-08T11:46:02.279+0000][1][safepoint    ] Application time: 1.0000834 seconds
[2019-12-08T11:46:02.279+0000][1][safepoint    ] Entering safepoint region: Cleanup
[2019-12-08T11:46:02.279+0000][1][safepoint    ] Leaving safepoint region
[2019-12-08T11:46:02.279+0000][1][safepoint    ] Total time for which application threads were stopped: 0.0000907 seconds, Stopping threads took: 0.0000235 seconds
[2019-12-08T11:46:03.280+0000][1][safepoint    ] Application time: 1.0000770 seconds
[2019-12-08T11:46:03.280+0000][1][safepoint    ] Entering safepoint region: Cleanup
[2019-12-08T11:46:03.280+0000][1][safepoint    ] Leaving safepoint region
[2019-12-08T11:46:03.280+0000][1][safepoint    ] Total time for which application threads were stopped: 0.0000787 seconds, Stopping threads took: 0.0000182 seconds
[2019-12-08T11:46:04.280+0000][1][safepoint    ] Application time: 1.0000952 seconds
[2019-12-08T11:46:04.280+0000][1][safepoint    ] Entering safepoint region: Cleanup
[2019-12-08T11:46:04.280+0000][1][safepoint    ] Leaving safepoint region
[2019-12-08T11:46:04.280+0000][1][safepoint    ] Total time for which application threads were stopped: 0.0000832 seconds, Stopping threads took: 0.0000196 seconds
[2019-12-08T11:46:05.280+0000][1][safepoint    ] Application time: 1.0000797 seconds
[2019-12-08T11:46:05.280+0000][1][safepoint    ] Entering safepoint region: Cleanup
[2019-12-08T11:46:05.280+0000][1][safepoint    ] Leaving safepoint region
[2019-12-08T11:46:05.280+0000][1][safepoint    ] Total time for which application threads were stopped: 0.0000808 seconds, Stopping threads took: 0.0000196 seconds
[2019-12-08T11:46:06.280+0000][1][safepoint    ] Application time: 1.0000736 seconds
[2019-12-08T11:46:06.280+0000][1][safepoint    ] Entering safepoint region: Cleanup
[2019-12-08T11:46:06.280+0000][1][safepoint    ] Leaving safepoint region
[2019-12-08T11:46:06.280+0000][1][safepoint    ] Total time for which application threads were stopped: 0.0000795 seconds, Stopping threads took: 0.0000171 seconds
[2019-12-08T11:46:07.280+0000][1][safepoint    ] Application time: 1.0000792 seconds
[2019-12-08T11:46:07.280+0000][1][safepoint    ] Entering safepoint region: Cleanup
[2019-12-08T11:46:07.280+0000][1][safepoint    ] Leaving safepoint region
[2019-12-08T11:46:07.280+0000][1][safepoint    ] Total time for which application threads were stopped: 0.0000785 seconds, Stopping threads took: 0.0000180 seconds
[2019-12-08T11:46:08.281+0000][1][safepoint    ] Application time: 1.0000777 seconds
[2019-12-08T11:46:08.281+0000][1][safepoint    ] Entering safepoint region: Cleanup
[2019-12-08T11:46:08.281+0000][1][safepoint    ] Leaving safepoint region
[2019-12-08T11:46:08.281+0000][1][safepoint    ] Total time for which application threads were stopped: 0.0000951 seconds, Stopping threads took: 0.0000204 seconds
[2019-12-08T11:46:09.281+0000][1][safepoint    ] Application time: 1.0001038 seconds
[2019-12-08T11:46:09.281+0000][1][safepoint    ] Entering safepoint region: Cleanup
[2019-12-08T11:46:09.281+0000][1][safepoint    ] Leaving safepoint region
[2019-12-08T11:46:09.281+0000][1][safepoint    ] Total time for which application threads were stopped: 0.0000836 seconds, Stopping threads took: 0.0000209 seconds
[2019-12-08T11:46:10.281+0000][1][safepoint    ] Application time: 1.0000779 seconds
[2019-12-08T11:46:10.281+0000][1][safepoint    ] Entering safepoint region: Cleanup
[2019-12-08T11:46:10.281+0000][1][safepoint    ] Leaving safepoint region
[2019-12-08T11:46:10.281+0000][1][safepoint    ] Total time for which application threads were stopped: 0.0000859 seconds, Stopping threads took: 0.0000196 seconds
[2019-12-08T11:46:11.281+0000][1][safepoint    ] Application time: 1.0000805 seconds
[2019-12-08T11:46:11.281+0000][1][safepoint    ] Entering safepoint region: Cleanup
[2019-12-08T11:46:11.281+0000][1][safepoint    ] Leaving safepoint region
[2019-12-08T11:46:11.281+0000][1][safepoint    ] Total time for which application threads were stopped: 0.0000906 seconds, Stopping threads took: 0.0000271 seconds
[2019-12-08T11:46:11.284+0000][1][safepoint    ] Application time: 0.0022752 seconds
[2019-12-08T11:46:11.284+0000][1][safepoint    ] Entering safepoint region: GenCollectForAllocation
[2019-12-08T11:46:11.284+0000][1][gc,start     ] GC(25) Pause Young (Allocation Failure)
[2019-12-08T11:46:11.284+0000][1][gc,task      ] GC(25) Using 4 workers of 4 for evacuation
[2019-12-08T11:46:11.288+0000][1][gc,age       ] GC(25) Desired survivor size 4456448 bytes, new threshold 6 (max threshold 6)
[2019-12-08T11:46:11.288+0000][1][gc,age       ] GC(25) Age table with threshold 6 (max threshold 6)
[2019-12-08T11:46:11.288+0000][1][gc,age       ] GC(25) - age   1:       6840 bytes,       6840 total
[2019-12-08T11:46:11.288+0000][1][gc,age       ] GC(25) - age   2:       7264 bytes,      14104 total
[2019-12-08T11:46:11.288+0000][1][gc,age       ] GC(25) - age   3:       6224 bytes,      20328 total
[2019-12-08T11:46:11.288+0000][1][gc,age       ] GC(25) - age   4:     587584 bytes,     607912 total
[2019-12-08T11:46:11.288+0000][1][gc,age       ] GC(25) - age   5:    2673128 bytes,    3281040 total
[2019-12-08T11:46:11.288+0000][1][gc,heap      ] GC(25) ParNew: 75589K->4012K(78656K)
[2019-12-08T11:46:11.288+0000][1][gc,heap      ] GC(25) CMS: 67158K->67158K(174784K)
[2019-12-08T11:46:11.288+0000][1][gc,metaspace ] GC(25) Metaspace: 69050K->69050K(1112064K)
[2019-12-08T11:46:11.288+0000][1][gc           ] GC(25) Pause Young (Allocation Failure) 139M->69M(247M) 4.301ms
[2019-12-08T11:46:11.288+0000][1][gc,cpu       ] GC(25) User=0.01s Sys=0.00s Real=0.00s
[2019-12-08T11:46:11.288+0000][1][safepoint    ] Leaving safepoint region
[2019-12-08T11:46:11.288+0000][1][safepoint    ] Total time for which application threads were stopped: 0.0044151 seconds, Stopping threads took: 0.0000069 seconds
[2019-12-08T11:46:13.120+0000][1][safepoint    ] Application time: 1.8323281 seconds
[2019-12-08T11:46:13.120+0000][1][safepoint    ] Entering safepoint region: Cleanup
[2019-12-08T11:46:13.121+0000][1][safepoint    ] Leaving safepoint region
[2019-12-08T11:46:13.121+0000][1][safepoint    ] Total time for which application threads were stopped: 0.0000817 seconds, Stopping threads took: 0.0000196 seconds
[2019-12-08T11:46:14.121+0000][1][safepoint    ] Application time: 1.0000772 seconds
[2019-12-08T11:46:14.121+0000][1][safepoint    ] Entering safepoint region: Cleanup
[2019-12-08T11:46:14.121+0000][1][safepoint    ] Leaving safepoint region
[2019-12-08T11:46:14.121+0000][1][safepoint    ] Total time for which application threads were stopped: 0.0000952 seconds, Stopping threads took: 0.0000186 seconds
[2019-12-08T11:46:15.121+0000][1][safepoint    ] Application time: 1.0000761 seconds
[2019-12-08T11:46:15.121+0000][1][safepoint    ] Entering safepoint region: Cleanup
[2019-12-08T11:46:15.121+0000][1][safepoint    ] Leaving safepoint region
[2019-12-08T11:46:15.121+0000][1][safepoint    ] Total time for which application threads were stopped: 0.0000800 seconds, Stopping threads took: 0.0000177 seconds
[2019-12-08T11:46:16.121+0000][1][safepoint    ] Application time: 1.0000807 seconds
[2019-12-08T11:46:16.121+0000][1][safepoint    ] Entering safepoint region: Cleanup
[2019-12-08T11:46:16.121+0000][1][safepoint    ] Leaving safepoint region
[2019-12-08T11:46:16.121+0000][1][safepoint    ] Total time for which application threads were stopped: 0.0000844 seconds, Stopping threads took: 0.0000200 seconds
[2019-12-08T11:46:17.121+0000][1][safepoint    ] Application time: 1.0000793 seconds
[2019-12-08T11:46:17.121+0000][1][safepoint    ] Entering safepoint region: Cleanup
[2019-12-08T11:46:17.121+0000][1][safepoint    ] Leaving safepoint region
[2019-12-08T11:46:17.121+0000][1][safepoint    ] Total time for which application threads were stopped: 0.0000840 seconds, Stopping threads took: 0.0000196 seconds
[2019-12-08T11:46:18.121+0000][1][safepoint    ] Application time: 1.0000796 seconds
[2019-12-08T11:46:18.121+0000][1][safepoint    ] Entering safepoint region: Cleanup
[2019-12-08T11:46:18.122+0000][1][safepoint    ] Leaving safepoint region
[2019-12-08T11:46:18.122+0000][1][safepoint    ] Total time for which application threads were stopped: 0.0000835 seconds, Stopping threads took: 0.0000190 seconds
[2019-12-08T11:46:19.122+0000][1][safepoint    ] Application time: 1.0000783 seconds
[2019-12-08T11:46:19.122+0000][1][safepoint    ] Entering safepoint region: Cleanup
[2019-12-08T11:46:19.122+0000][1][safepoint    ] Leaving safepoint region
[2019-12-08T11:46:19.122+0000][1][safepoint    ] Total time for which application threads were stopped: 0.0000940 seconds, Stopping threads took: 0.0000328 seconds
[2019-12-08T11:46:20.122+0000][1][safepoint    ] Application time: 1.0000788 seconds
[2019-12-08T11:46:20.122+0000][1][safepoint    ] Entering safepoint region: Cleanup
[2019-12-08T11:46:20.122+0000][1][safepoint    ] Leaving safepoint region
[2019-12-08T11:46:20.122+0000][1][safepoint    ] Total time for which application threads were stopped: 0.0000969 seconds, Stopping threads took: 0.0000211 seconds
[2019-12-08T11:46:21.122+0000][1][safepoint    ] Application time: 1.0000774 seconds
[2019-12-08T11:46:21.122+0000][1][safepoint    ] Entering safepoint region: Cleanup
[2019-12-08T11:46:21.122+0000][1][safepoint    ] Leaving safepoint region
[2019-12-08T11:46:21.122+0000][1][safepoint    ] Total time for which application threads were stopped: 0.0000801 seconds, Stopping threads took: 0.0000188 seconds
[2019-12-08T11:46:22.122+0000][1][safepoint    ] Application time: 1.0000790 seconds
[2019-12-08T11:46:22.122+0000][1][safepoint    ] Entering safepoint region: Cleanup
[2019-12-08T11:46:22.122+0000][1][safepoint    ] Leaving safepoint region
[2019-12-08T11:46:22.122+0000][1][safepoint    ] Total time for which application threads were stopped: 0.0000858 seconds, Stopping threads took: 0.0000210 seconds
[2019-12-08T11:46:23.122+0000][1][safepoint    ] Application time: 1.0000880 seconds
[2019-12-08T11:46:23.123+0000][1][safepoint    ] Entering safepoint region: Cleanup
[2019-12-08T11:46:23.123+0000][1][safepoint    ] Leaving safepoint region
[2019-12-08T11:46:23.123+0000][1][safepoint    ] Total time for which application threads were stopped: 0.0001142 seconds, Stopping threads took: 0.0000272 seconds
[2019-12-08T11:46:24.123+0000][1][safepoint    ] Application time: 1.0000753 seconds
[2019-12-08T11:46:24.123+0000][1][safepoint    ] Entering safepoint region: Cleanup
[2019-12-08T11:46:24.123+0000][1][safepoint    ] Leaving safepoint region
[2019-12-08T11:46:24.123+0000][1][safepoint    ] Total time for which application threads were stopped: 0.0000948 seconds, Stopping threads took: 0.0000188 seconds
[2019-12-08T11:46:25.123+0000][1][safepoint    ] Application time: 1.0000781 seconds
[2019-12-08T11:46:25.123+0000][1][safepoint    ] Entering safepoint region: Cleanup
[2019-12-08T11:46:25.123+0000][1][safepoint    ] Leaving safepoint region
[2019-12-08T11:46:25.123+0000][1][safepoint    ] Total time for which application threads were stopped: 0.0000818 seconds, Stopping threads took: 0.0000190 seconds
[2019-12-08T11:46:26.123+0000][1][safepoint    ] Application time: 1.0000760 seconds
[2019-12-08T11:46:26.123+0000][1][safepoint    ] Entering safepoint region: Cleanup
[2019-12-08T11:46:26.123+0000][1][safepoint    ] Leaving safepoint region
[2019-12-08T11:46:26.123+0000][1][safepoint    ] Total time for which application threads were stopped: 0.0000832 seconds, Stopping threads took: 0.0000207 seconds
[2019-12-08T11:46:27.123+0000][1][safepoint    ] Application time: 1.0000779 seconds
[2019-12-08T11:46:27.123+0000][1][safepoint    ] Entering safepoint region: Cleanup
[2019-12-08T11:46:27.123+0000][1][safepoint    ] Leaving safepoint region
[2019-12-08T11:46:27.123+0000][1][safepoint    ] Total time for which application threads were stopped: 0.0000807 seconds, Stopping threads took: 0.0000182 seconds
[2019-12-08T11:46:28.124+0000][1][safepoint    ] Application time: 1.0000747 seconds
[2019-12-08T11:46:28.124+0000][1][safepoint    ] Entering safepoint region: Cleanup
[2019-12-08T11:46:28.124+0000][1][safepoint    ] Leaving safepoint region
[2019-12-08T11:46:28.124+0000][1][safepoint    ] Total time for which application threads were stopped: 0.0000813 seconds, Stopping threads took: 0.0000181 seconds
[2019-12-08T11:46:29.124+0000][1][safepoint    ] Application time: 1.0000783 seconds
[2019-12-08T11:46:29.124+0000][1][safepoint    ] Entering safepoint region: Cleanup
[2019-12-08T11:46:29.124+0000][1][safepoint    ] Leaving safepoint region
[2019-12-08T11:46:29.124+0000][1][safepoint    ] Total time for which application threads were stopped: 0.0000813 seconds, Stopping threads took: 0.0000181 seconds
[2019-12-08T11:46:30.124+0000][1][safepoint    ] Application time: 1.0000795 seconds
[2019-12-08T11:46:30.124+0000][1][safepoint    ] Entering safepoint region: Cleanup
[2019-12-08T11:46:30.124+0000][1][safepoint    ] Leaving safepoint region
[2019-12-08T11:46:30.124+0000][1][safepoint    ] Total time for which application threads were stopped: 0.0000784 seconds, Stopping threads took: 0.0000186 seconds
[2019-12-08T11:46:31.124+0000][1][safepoint    ] Application time: 1.0000777 seconds
[2019-12-08T11:46:31.124+0000][1][safepoint    ] Entering safepoint region: Cleanup
[2019-12-08T11:46:31.124+0000][1][safepoint    ] Leaving safepoint region
[2019-12-08T11:46:31.124+0000][1][safepoint    ] Total time for which application threads were stopped: 0.0000754 seconds, Stopping threads took: 0.0000180 seconds
[2019-12-08T11:46:32.124+0000][1][safepoint    ] Application time: 1.0000772 seconds
[2019-12-08T11:46:32.124+0000][1][safepoint    ] Entering safepoint region: Cleanup
[2019-12-08T11:46:32.124+0000][1][safepoint    ] Leaving safepoint region
[2019-12-08T11:46:32.124+0000][1][safepoint    ] Total time for which application threads were stopped: 0.0000808 seconds, Stopping threads took: 0.0000195 seconds
[2019-12-08T11:46:33.125+0000][1][safepoint    ] Application time: 1.0000803 seconds
[2019-12-08T11:46:33.125+0000][1][safepoint    ] Entering safepoint region: Cleanup
[2019-12-08T11:46:33.125+0000][1][safepoint    ] Leaving safepoint region
[2019-12-08T11:46:33.125+0000][1][safepoint    ] Total time for which application threads were stopped: 0.0000781 seconds, Stopping threads took: 0.0000194 seconds
[2019-12-08T11:46:34.125+0000][1][safepoint    ] Application time: 1.0000777 seconds
[2019-12-08T11:46:34.125+0000][1][safepoint    ] Entering safepoint region: Cleanup
[2019-12-08T11:46:34.125+0000][1][safepoint    ] Leaving safepoint region
[2019-12-08T11:46:34.125+0000][1][safepoint    ] Total time for which application threads were stopped: 0.0000767 seconds, Stopping threads took: 0.0000186 seconds
[2019-12-08T11:46:35.125+0000][1][safepoint    ] Application time: 1.0000761 seconds
[2019-12-08T11:46:35.125+0000][1][safepoint    ] Entering safepoint region: Cleanup
[2019-12-08T11:46:35.125+0000][1][safepoint    ] Leaving safepoint region
[2019-12-08T11:46:35.125+0000][1][safepoint    ] Total time for which application threads were stopped: 0.0000799 seconds, Stopping threads took: 0.0000190 seconds
[2019-12-08T11:46:36.125+0000][1][safepoint    ] Application time: 1.0000773 seconds
[2019-12-08T11:46:36.125+0000][1][safepoint    ] Entering safepoint region: Cleanup
[2019-12-08T11:46:36.125+0000][1][safepoint    ] Leaving safepoint region
[2019-12-08T11:46:36.125+0000][1][safepoint    ] Total time for which application threads were stopped: 0.0000813 seconds, Stopping threads took: 0.0000187 seconds
[2019-12-08T11:46:37.125+0000][1][safepoint    ] Application time: 1.0000757 seconds
[2019-12-08T11:46:37.125+0000][1][safepoint    ] Entering safepoint region: Cleanup
[2019-12-08T11:46:37.125+0000][1][safepoint    ] Leaving safepoint region
[2019-12-08T11:46:37.125+0000][1][safepoint    ] Total time for which application threads were stopped: 0.0000773 seconds, Stopping threads took: 0.0000193 seconds
[2019-12-08T11:46:38.126+0000][1][safepoint    ] Application time: 1.0000822 seconds
[2019-12-08T11:46:38.126+0000][1][safepoint    ] Entering safepoint region: Cleanup
[2019-12-08T11:46:38.126+0000][1][safepoint    ] Leaving safepoint region
[2019-12-08T11:46:38.126+0000][1][safepoint    ] Total time for which application threads were stopped: 0.0000851 seconds, Stopping threads took: 0.0000214 seconds
[2019-12-08T11:46:39.126+0000][1][safepoint    ] Application time: 1.0000792 seconds
[2019-12-08T11:46:39.126+0000][1][safepoint    ] Entering safepoint region: Cleanup
[2019-12-08T11:46:39.126+0000][1][safepoint    ] Leaving safepoint region
[2019-12-08T11:46:39.126+0000][1][safepoint    ] Total time for which application threads were stopped: 0.0000804 seconds, Stopping threads took: 0.0000198 seconds
[2019-12-08T11:46:40.126+0000][1][safepoint    ] Application time: 1.0000791 seconds
[2019-12-08T11:46:40.126+0000][1][safepoint    ] Entering safepoint region: Cleanup
[2019-12-08T11:46:40.126+0000][1][safepoint    ] Leaving safepoint region
[2019-12-08T11:46:40.126+0000][1][safepoint    ] Total time for which application threads were stopped: 0.0000784 seconds, Stopping threads took: 0.0000184 seconds
[2019-12-08T11:46:41.126+0000][1][safepoint    ] Application time: 1.0000781 seconds
[2019-12-08T11:46:41.126+0000][1][safepoint    ] Entering safepoint region: Cleanup
[2019-12-08T11:46:41.126+0000][1][safepoint    ] Leaving safepoint region
[2019-12-08T11:46:41.126+0000][1][safepoint    ] Total time for which application threads were stopped: 0.0000772 seconds, Stopping threads took: 0.0000182 seconds
[2019-12-08T11:46:42.126+0000][1][safepoint    ] Application time: 1.0000754 seconds
[2019-12-08T11:46:42.126+0000][1][safepoint    ] Entering safepoint region: Cleanup
[2019-12-08T11:46:42.126+0000][1][safepoint    ] Leaving safepoint region
[2019-12-08T11:46:42.126+0000][1][safepoint    ] Total time for which application threads were stopped: 0.0000731 seconds, Stopping threads took: 0.0000156 seconds
[2019-12-08T11:46:43.127+0000][1][safepoint    ] Application time: 1.0000770 seconds
[2019-12-08T11:46:43.127+0000][1][safepoint    ] Entering safepoint region: Cleanup
[2019-12-08T11:46:43.127+0000][1][safepoint    ] Leaving safepoint region
[2019-12-08T11:46:43.127+0000][1][safepoint    ] Total time for which application threads were stopped: 0.0000790 seconds, Stopping threads took: 0.0000180 seconds
[2019-12-08T11:46:44.127+0000][1][safepoint    ] Application time: 1.0000754 seconds
[2019-12-08T11:46:44.127+0000][1][safepoint    ] Entering safepoint region: Cleanup
[2019-12-08T11:46:44.127+0000][1][safepoint    ] Leaving safepoint region
[2019-12-08T11:46:44.127+0000][1][safepoint    ] Total time for which application threads were stopped: 0.0000763 seconds, Stopping threads took: 0.0000184 seconds
[2019-12-08T11:46:45.127+0000][1][safepoint    ] Application time: 1.0000779 seconds
[2019-12-08T11:46:45.127+0000][1][safepoint    ] Entering safepoint region: Cleanup
[2019-12-08T11:46:45.127+0000][1][safepoint    ] Leaving safepoint region
[2019-12-08T11:46:45.127+0000][1][safepoint    ] Total time for which application threads were stopped: 0.0000774 seconds, Stopping threads took: 0.0000187 seconds
[2019-12-08T11:46:46.127+0000][1][safepoint    ] Application time: 1.0000774 seconds
[2019-12-08T11:46:46.127+0000][1][safepoint    ] Entering safepoint region: Cleanup
[2019-12-08T11:46:46.127+0000][1][safepoint    ] Leaving safepoint region
[2019-12-08T11:46:46.127+0000][1][safepoint    ] Total time for which application threads were stopped: 0.0000843 seconds, Stopping threads took: 0.0000252 seconds
[2019-12-08T11:46:47.127+0000][1][safepoint    ] Application time: 1.0000773 seconds
[2019-12-08T11:46:47.127+0000][1][safepoint    ] Entering safepoint region: Cleanup
[2019-12-08T11:46:47.127+0000][1][safepoint    ] Leaving safepoint region
[2019-12-08T11:46:47.127+0000][1][safepoint    ] Total time for which application threads were stopped: 0.0000797 seconds, Stopping threads took: 0.0000203 seconds
[2019-12-08T11:46:48.128+0000][1][safepoint    ] Application time: 1.0000765 seconds
[2019-12-08T11:46:48.128+0000][1][safepoint    ] Entering safepoint region: Cleanup
[2019-12-08T11:46:48.128+0000][1][safepoint    ] Leaving safepoint region
[2019-12-08T11:46:48.128+0000][1][safepoint    ] Total time for which application threads were stopped: 0.0000850 seconds, Stopping threads took: 0.0000191 seconds
[2019-12-08T11:46:49.128+0000][1][safepoint    ] Application time: 1.0000775 seconds
[2019-12-08T11:46:49.128+0000][1][safepoint    ] Entering safepoint region: Cleanup
[2019-12-08T11:46:49.128+0000][1][safepoint    ] Leaving safepoint region
[2019-12-08T11:46:49.128+0000][1][safepoint    ] Total time for which application threads were stopped: 0.0000748 seconds, Stopping threads took: 0.0000180 seconds
[2019-12-08T11:46:50.128+0000][1][safepoint    ] Application time: 1.0000788 seconds
[2019-12-08T11:46:50.128+0000][1][safepoint    ] Entering safepoint region: Cleanup
[2019-12-08T11:46:50.128+0000][1][safepoint    ] Leaving safepoint region
[2019-12-08T11:46:50.128+0000][1][safepoint    ] Total time for which application threads were stopped: 0.0000735 seconds, Stopping threads took: 0.0000168 seconds
[2019-12-08T11:46:51.128+0000][1][safepoint    ] Application time: 1.0000815 seconds
[2019-12-08T11:46:51.128+0000][1][safepoint    ] Entering safepoint region: Cleanup
[2019-12-08T11:46:51.128+0000][1][safepoint    ] Leaving safepoint region
[2019-12-08T11:46:51.128+0000][1][safepoint    ] Total time for which application threads were stopped: 0.0000781 seconds, Stopping threads took: 0.0000182 seconds
[2019-12-08T11:46:52.128+0000][1][safepoint    ] Application time: 1.0000784 seconds
[2019-12-08T11:46:52.128+0000][1][safepoint    ] Entering safepoint region: Cleanup
[2019-12-08T11:46:52.128+0000][1][safepoint    ] Leaving safepoint region
[2019-12-08T11:46:52.128+0000][1][safepoint    ] Total time for which application threads were stopped: 0.0000773 seconds, Stopping threads took: 0.0000193 seconds
[2019-12-08T11:46:53.129+0000][1][safepoint    ] Application time: 1.0000810 seconds
[2019-12-08T11:46:53.129+0000][1][safepoint    ] Entering safepoint region: Cleanup
[2019-12-08T11:46:53.129+0000][1][safepoint    ] Leaving safepoint region
[2019-12-08T11:46:53.129+0000][1][safepoint    ] Total time for which application threads were stopped: 0.0000850 seconds, Stopping threads took: 0.0000211 seconds
[2019-12-08T11:46:54.129+0000][1][safepoint    ] Application time: 1.0000804 seconds
[2019-12-08T11:46:54.129+0000][1][safepoint    ] Entering safepoint region: Cleanup
[2019-12-08T11:46:54.129+0000][1][safepoint    ] Leaving safepoint region
[2019-12-08T11:46:54.129+0000][1][safepoint    ] Total time for which application threads were stopped: 0.0000798 seconds, Stopping threads took: 0.0000192 seconds
[2019-12-08T11:46:55.129+0000][1][safepoint    ] Application time: 1.0000772 seconds
[2019-12-08T11:46:55.129+0000][1][safepoint    ] Entering safepoint region: Cleanup
[2019-12-08T11:46:55.129+0000][1][safepoint    ] Leaving safepoint region
[2019-12-08T11:46:55.129+0000][1][safepoint    ] Total time for which application threads were stopped: 0.0000861 seconds, Stopping threads took: 0.0000265 seconds
[2019-12-08T11:46:56.129+0000][1][safepoint    ] Application time: 1.0000775 seconds
[2019-12-08T11:46:56.129+0000][1][safepoint    ] Entering safepoint region: Cleanup
[2019-12-08T11:46:56.129+0000][1][safepoint    ] Leaving safepoint region
[2019-12-08T11:46:56.129+0000][1][safepoint    ] Total time for which application threads were stopped: 0.0000801 seconds, Stopping threads took: 0.0000212 seconds
[2019-12-08T11:46:57.129+0000][1][safepoint    ] Application time: 1.0000776 seconds
[2019-12-08T11:46:57.129+0000][1][safepoint    ] Entering safepoint region: Cleanup
[2019-12-08T11:46:57.129+0000][1][safepoint    ] Leaving safepoint region
[2019-12-08T11:46:57.129+0000][1][safepoint    ] Total time for which application threads were stopped: 0.0000793 seconds, Stopping threads took: 0.0000194 seconds
[2019-12-08T11:46:58.130+0000][1][safepoint    ] Application time: 1.0000769 seconds
[2019-12-08T11:46:58.130+0000][1][safepoint    ] Entering safepoint region: Cleanup
[2019-12-08T11:46:58.130+0000][1][safepoint    ] Leaving safepoint region
[2019-12-08T11:46:58.130+0000][1][safepoint    ] Total time for which application threads were stopped: 0.0000837 seconds, Stopping threads took: 0.0000262 seconds
[2019-12-08T11:46:59.130+0000][1][safepoint    ] Application time: 1.0000762 seconds
[2019-12-08T11:46:59.130+0000][1][safepoint    ] Entering safepoint region: Cleanup
[2019-12-08T11:46:59.130+0000][1][safepoint    ] Leaving safepoint region
[2019-12-08T11:46:59.130+0000][1][safepoint    ] Total time for which application threads were stopped: 0.0000863 seconds, Stopping threads took: 0.0000232 seconds
[2019-12-08T11:47:00.130+0000][1][safepoint    ] Application time: 1.0000773 seconds
[2019-12-08T11:47:00.130+0000][1][safepoint    ] Entering safepoint region: Cleanup
[2019-12-08T11:47:00.130+0000][1][safepoint    ] Leaving safepoint region
[2019-12-08T11:47:00.130+0000][1][safepoint    ] Total time for which application threads were stopped: 0.0000761 seconds, Stopping threads took: 0.0000182 seconds
[2019-12-08T11:47:01.130+0000][1][safepoint    ] Application time: 1.0000815 seconds
[2019-12-08T11:47:01.130+0000][1][safepoint    ] Entering safepoint region: Cleanup
[2019-12-08T11:47:01.130+0000][1][safepoint    ] Leaving safepoint region
[2019-12-08T11:47:01.130+0000][1][safepoint    ] Total time for which application threads were stopped: 0.0000794 seconds, Stopping threads took: 0.0000195 seconds
[2019-12-08T11:47:02.130+0000][1][safepoint    ] Application time: 1.0000933 seconds
[2019-12-08T11:47:02.130+0000][1][safepoint    ] Entering safepoint region: Cleanup
[2019-12-08T11:47:02.130+0000][1][safepoint    ] Leaving safepoint region
[2019-12-08T11:47:02.130+0000][1][safepoint    ] Total time for which application threads were stopped: 0.0001110 seconds, Stopping threads took: 0.0000244 seconds
[2019-12-08T11:47:03.131+0000][1][safepoint    ] Application time: 1.0000802 seconds
[2019-12-08T11:47:03.131+0000][1][safepoint    ] Entering safepoint region: Cleanup
[2019-12-08T11:47:03.131+0000][1][safepoint    ] Leaving safepoint region
[2019-12-08T11:47:03.131+0000][1][safepoint    ] Total time for which application threads were stopped: 0.0000880 seconds, Stopping threads took: 0.0000198 seconds
[2019-12-08T11:47:04.131+0000][1][safepoint    ] Application time: 1.0000959 seconds
[2019-12-08T11:47:04.131+0000][1][safepoint    ] Entering safepoint region: Cleanup
[2019-12-08T11:47:04.131+0000][1][safepoint    ] Leaving safepoint region
[2019-12-08T11:47:04.131+0000][1][safepoint    ] Total time for which application threads were stopped: 0.0000816 seconds, Stopping threads took: 0.0000200 seconds
[2019-12-08T11:47:05.131+0000][1][safepoint    ] Application time: 1.0000803 seconds
[2019-12-08T11:47:05.131+0000][1][safepoint    ] Entering safepoint region: Cleanup
[2019-12-08T11:47:05.131+0000][1][safepoint    ] Leaving safepoint region
[2019-12-08T11:47:05.131+0000][1][safepoint    ] Total time for which application threads were stopped: 0.0000799 seconds, Stopping threads took: 0.0000192 seconds
[2019-12-08T11:47:06.131+0000][1][safepoint    ] Application time: 1.0000805 seconds
[2019-12-08T11:47:06.131+0000][1][safepoint    ] Entering safepoint region: Cleanup
[2019-12-08T11:47:06.131+0000][1][safepoint    ] Leaving safepoint region
[2019-12-08T11:47:06.131+0000][1][safepoint    ] Total time for which application threads were stopped: 0.0000831 seconds, Stopping threads took: 0.0000189 seconds
[2019-12-08T11:47:07.131+0000][1][safepoint    ] Application time: 1.0000774 seconds
[2019-12-08T11:47:07.131+0000][1][safepoint    ] Entering safepoint region: Cleanup
[2019-12-08T11:47:07.132+0000][1][safepoint    ] Leaving safepoint region
[2019-12-08T11:47:07.132+0000][1][safepoint    ] Total time for which application threads were stopped: 0.0000784 seconds, Stopping threads took: 0.0000189 seconds
[2019-12-08T11:47:08.132+0000][1][safepoint    ] Application time: 1.0000821 seconds
[2019-12-08T11:47:08.132+0000][1][safepoint    ] Entering safepoint region: Cleanup
[2019-12-08T11:47:08.132+0000][1][safepoint    ] Leaving safepoint region
[2019-12-08T11:47:08.132+0000][1][safepoint    ] Total time for which application threads were stopped: 0.0001043 seconds, Stopping threads took: 0.0000375 seconds
[2019-12-08T11:47:09.132+0000][1][safepoint    ] Application time: 1.0000816 seconds
[2019-12-08T11:47:09.132+0000][1][safepoint    ] Entering safepoint region: Cleanup
[2019-12-08T11:47:09.132+0000][1][safepoint    ] Leaving safepoint region
[2019-12-08T11:47:09.132+0000][1][safepoint    ] Total time for which application threads were stopped: 0.0000926 seconds, Stopping threads took: 0.0000199 seconds
[2019-12-08T11:47:10.132+0000][1][safepoint    ] Application time: 1.0000792 seconds
[2019-12-08T11:47:10.132+0000][1][safepoint    ] Entering safepoint region: Cleanup
[2019-12-08T11:47:10.132+0000][1][safepoint    ] Leaving safepoint region
[2019-12-08T11:47:10.132+0000][1][safepoint    ] Total time for which application threads were stopped: 0.0000758 seconds, Stopping threads took: 0.0000182 seconds
[2019-12-08T11:47:11.132+0000][1][safepoint    ] Application time: 1.0000803 seconds
[2019-12-08T11:47:11.132+0000][1][safepoint    ] Entering safepoint region: Cleanup
[2019-12-08T11:47:11.132+0000][1][safepoint    ] Leaving safepoint region
[2019-12-08T11:47:11.132+0000][1][safepoint    ] Total time for which application threads were stopped: 0.0000775 seconds, Stopping threads took: 0.0000195 seconds
[2019-12-08T11:47:12.132+0000][1][safepoint    ] Application time: 1.0000779 seconds
[2019-12-08T11:47:12.132+0000][1][safepoint    ] Entering safepoint region: Cleanup
[2019-12-08T11:47:12.133+0000][1][safepoint    ] Leaving safepoint region
[2019-12-08T11:47:12.133+0000][1][safepoint    ] Total time for which application threads were stopped: 0.0000770 seconds, Stopping threads took: 0.0000161 seconds
[2019-12-08T11:47:13.133+0000][1][safepoint    ] Application time: 1.0000786 seconds
[2019-12-08T11:47:13.133+0000][1][safepoint    ] Entering safepoint region: Cleanup
[2019-12-08T11:47:13.133+0000][1][safepoint    ] Leaving safepoint region
[2019-12-08T11:47:13.133+0000][1][safepoint    ] Total time for which application threads were stopped: 0.0000784 seconds, Stopping threads took: 0.0000196 seconds
[2019-12-08T11:47:14.133+0000][1][safepoint    ] Application time: 1.0000787 seconds
[2019-12-08T11:47:14.133+0000][1][safepoint    ] Entering safepoint region: Cleanup
[2019-12-08T11:47:14.133+0000][1][safepoint    ] Leaving safepoint region
[2019-12-08T11:47:14.133+0000][1][safepoint    ] Total time for which application threads were stopped: 0.0000733 seconds, Stopping threads took: 0.0000180 seconds
[2019-12-08T11:47:15.133+0000][1][safepoint    ] Application time: 1.0000757 seconds
[2019-12-08T11:47:15.133+0000][1][safepoint    ] Entering safepoint region: Cleanup
[2019-12-08T11:47:15.133+0000][1][safepoint    ] Leaving safepoint region
[2019-12-08T11:47:15.133+0000][1][safepoint    ] Total time for which application threads were stopped: 0.0000760 seconds, Stopping threads took: 0.0000186 seconds
[2019-12-08T11:47:16.133+0000][1][safepoint    ] Application time: 1.0000794 seconds
[2019-12-08T11:47:16.133+0000][1][safepoint    ] Entering safepoint region: Cleanup
[2019-12-08T11:47:16.133+0000][1][safepoint    ] Leaving safepoint region
[2019-12-08T11:47:16.133+0000][1][safepoint    ] Total time for which application threads were stopped: 0.0000773 seconds, Stopping threads took: 0.0000188 seconds
[2019-12-08T11:47:17.133+0000][1][safepoint    ] Application time: 1.0000789 seconds
[2019-12-08T11:47:17.133+0000][1][safepoint    ] Entering safepoint region: Cleanup
[2019-12-08T11:47:17.134+0000][1][safepoint    ] Leaving safepoint region
[2019-12-08T11:47:17.134+0000][1][safepoint    ] Total time for which application threads were stopped: 0.0000789 seconds, Stopping threads took: 0.0000205 seconds
[2019-12-08T11:47:18.134+0000][1][safepoint    ] Application time: 1.0000800 seconds
[2019-12-08T11:47:18.134+0000][1][safepoint    ] Entering safepoint region: Cleanup
[2019-12-08T11:47:18.134+0000][1][safepoint    ] Leaving safepoint region
[2019-12-08T11:47:18.134+0000][1][safepoint    ] Total time for which application threads were stopped: 0.0000936 seconds, Stopping threads took: 0.0000348 seconds
[2019-12-08T11:47:19.134+0000][1][safepoint    ] Application time: 1.0000793 seconds
[2019-12-08T11:47:19.134+0000][1][safepoint    ] Entering safepoint region: Cleanup
[2019-12-08T11:47:19.134+0000][1][safepoint    ] Leaving safepoint region
[2019-12-08T11:47:19.134+0000][1][safepoint    ] Total time for which application threads were stopped: 0.0000767 seconds, Stopping threads took: 0.0000185 seconds
[2019-12-08T11:47:20.134+0000][1][safepoint    ] Application time: 1.0000760 seconds
[2019-12-08T11:47:20.134+0000][1][safepoint    ] Entering safepoint region: Cleanup
[2019-12-08T11:47:20.134+0000][1][safepoint    ] Leaving safepoint region
[2019-12-08T11:47:20.134+0000][1][safepoint    ] Total time for which application threads were stopped: 0.0000772 seconds, Stopping threads took: 0.0000184 seconds
[2019-12-08T11:47:21.134+0000][1][safepoint    ] Application time: 1.0000767 seconds
[2019-12-08T11:47:21.134+0000][1][safepoint    ] Entering safepoint region: Cleanup
[2019-12-08T11:47:21.134+0000][1][safepoint    ] Leaving safepoint region
[2019-12-08T11:47:21.134+0000][1][safepoint    ] Total time for which application threads were stopped: 0.0000747 seconds, Stopping threads took: 0.0000178 seconds
[2019-12-08T11:47:22.134+0000][1][safepoint    ] Application time: 1.0000781 seconds
[2019-12-08T11:47:22.134+0000][1][safepoint    ] Entering safepoint region: Cleanup
[2019-12-08T11:47:22.135+0000][1][safepoint    ] Leaving safepoint region
[2019-12-08T11:47:22.135+0000][1][safepoint    ] Total time for which application threads were stopped: 0.0000777 seconds, Stopping threads took: 0.0000187 seconds
[2019-12-08T11:47:23.135+0000][1][safepoint    ] Application time: 1.0003551 seconds
[2019-12-08T11:47:23.135+0000][1][safepoint    ] Entering safepoint region: Cleanup
[2019-12-08T11:47:23.135+0000][1][safepoint    ] Leaving safepoint region
[2019-12-08T11:47:23.135+0000][1][safepoint    ] Total time for which application threads were stopped: 0.0000971 seconds, Stopping threads took: 0.0000245 seconds
[2019-12-08T11:47:24.135+0000][1][safepoint    ] Application time: 1.0000779 seconds
[2019-12-08T11:47:24.135+0000][1][safepoint    ] Entering safepoint region: Cleanup
[2019-12-08T11:47:24.135+0000][1][safepoint    ] Leaving safepoint region
[2019-12-08T11:47:24.135+0000][1][safepoint    ] Total time for which application threads were stopped: 0.0000794 seconds, Stopping threads took: 0.0000186 seconds
[2019-12-08T11:47:25.135+0000][1][safepoint    ] Application time: 1.0000790 seconds
[2019-12-08T11:47:25.135+0000][1][safepoint    ] Entering safepoint region: Cleanup
[2019-12-08T11:47:25.135+0000][1][safepoint    ] Leaving safepoint region
[2019-12-08T11:47:25.135+0000][1][safepoint    ] Total time for which application threads were stopped: 0.0000780 seconds, Stopping threads took: 0.0000183 seconds
[2019-12-08T11:47:26.136+0000][1][safepoint    ] Application time: 1.0000785 seconds
[2019-12-08T11:47:26.136+0000][1][safepoint    ] Entering safepoint region: Cleanup
[2019-12-08T11:47:26.136+0000][1][safepoint    ] Leaving safepoint region
[2019-12-08T11:47:26.136+0000][1][safepoint    ] Total time for which application threads were stopped: 0.0000778 seconds, Stopping threads took: 0.0000187 seconds
[2019-12-08T11:47:27.136+0000][1][safepoint    ] Application time: 1.0000798 seconds
[2019-12-08T11:47:27.136+0000][1][safepoint    ] Entering safepoint region: Cleanup
[2019-12-08T11:47:27.136+0000][1][safepoint    ] Leaving safepoint region
[2019-12-08T11:47:27.136+0000][1][safepoint    ] Total time for which application threads were stopped: 0.0000803 seconds, Stopping threads took: 0.0000209 seconds
[2019-12-08T11:47:28.136+0000][1][safepoint    ] Application time: 1.0000817 seconds
[2019-12-08T11:47:28.136+0000][1][safepoint    ] Entering safepoint region: Cleanup
[2019-12-08T11:47:28.136+0000][1][safepoint    ] Leaving safepoint region
[2019-12-08T11:47:28.136+0000][1][safepoint    ] Total time for which application threads were stopped: 0.0000874 seconds, Stopping threads took: 0.0000190 seconds
[2019-12-08T11:47:29.136+0000][1][safepoint    ] Application time: 1.0000856 seconds
[2019-12-08T11:47:29.136+0000][1][safepoint    ] Entering safepoint region: Cleanup
[2019-12-08T11:47:29.136+0000][1][safepoint    ] Leaving safepoint region
[2019-12-08T11:47:29.136+0000][1][safepoint    ] Total time for which application threads were stopped: 0.0000795 seconds, Stopping threads took: 0.0000201 seconds
[2019-12-08T11:47:30.136+0000][1][safepoint    ] Application time: 1.0000835 seconds
[2019-12-08T11:47:30.136+0000][1][safepoint    ] Entering safepoint region: Cleanup
[2019-12-08T11:47:30.136+0000][1][safepoint    ] Leaving safepoint region
[2019-12-08T11:47:30.136+0000][1][safepoint    ] Total time for which application threads were stopped: 0.0000763 seconds, Stopping threads took: 0.0000179 seconds
[2019-12-08T11:47:31.137+0000][1][safepoint    ] Application time: 1.0000839 seconds
[2019-12-08T11:47:31.137+0000][1][safepoint    ] Entering safepoint region: Cleanup
[2019-12-08T11:47:31.137+0000][1][safepoint    ] Leaving safepoint region
[2019-12-08T11:47:31.137+0000][1][safepoint    ] Total time for which application threads were stopped: 0.0000785 seconds, Stopping threads took: 0.0000191 seconds
[2019-12-08T11:47:32.137+0000][1][safepoint    ] Application time: 1.0000896 seconds
[2019-12-08T11:47:32.137+0000][1][safepoint    ] Entering safepoint region: Cleanup
[2019-12-08T11:47:32.137+0000][1][safepoint    ] Leaving safepoint region
[2019-12-08T11:47:32.137+0000][1][safepoint    ] Total time for which application threads were stopped: 0.0000779 seconds, Stopping threads took: 0.0000190 seconds
[2019-12-08T11:47:33.137+0000][1][safepoint    ] Application time: 1.0000828 seconds
[2019-12-08T11:47:33.137+0000][1][safepoint    ] Entering safepoint region: Cleanup
[2019-12-08T11:47:33.137+0000][1][safepoint    ] Leaving safepoint region
[2019-12-08T11:47:33.137+0000][1][safepoint    ] Total time for which application threads were stopped: 0.0000781 seconds, Stopping threads took: 0.0000180 seconds
[2019-12-08T11:47:34.137+0000][1][safepoint    ] Application time: 1.0000790 seconds
[2019-12-08T11:47:34.137+0000][1][safepoint    ] Entering safepoint region: Cleanup
[2019-12-08T11:47:34.137+0000][1][safepoint    ] Leaving safepoint region
[2019-12-08T11:47:34.137+0000][1][safepoint    ] Total time for which application threads were stopped: 0.0000783 seconds, Stopping threads took: 0.0000189 seconds
[2019-12-08T11:47:35.137+0000][1][safepoint    ] Application time: 1.0000786 seconds
[2019-12-08T11:47:35.137+0000][1][safepoint    ] Entering safepoint region: Cleanup
[2019-12-08T11:47:35.137+0000][1][safepoint    ] Leaving safepoint region
[2019-12-08T11:47:35.137+0000][1][safepoint    ] Total time for which application threads were stopped: 0.0000755 seconds, Stopping threads took: 0.0000184 seconds
[2019-12-08T11:47:36.138+0000][1][safepoint    ] Application time: 1.0000806 seconds
[2019-12-08T11:47:36.138+0000][1][safepoint    ] Entering safepoint region: Cleanup
[2019-12-08T11:47:36.138+0000][1][safepoint    ] Leaving safepoint region
[2019-12-08T11:47:36.138+0000][1][safepoint    ] Total time for which application threads were stopped: 0.0000762 seconds, Stopping threads took: 0.0000180 seconds
[2019-12-08T11:47:37.138+0000][1][safepoint    ] Application time: 1.0000779 seconds
[2019-12-08T11:47:37.138+0000][1][safepoint    ] Entering safepoint region: Cleanup
[2019-12-08T11:47:37.138+0000][1][safepoint    ] Leaving safepoint region
[2019-12-08T11:47:37.138+0000][1][safepoint    ] Total time for which application threads were stopped: 0.0000743 seconds, Stopping threads took: 0.0000174 seconds
[2019-12-08T11:47:38.138+0000][1][safepoint    ] Application time: 1.0000771 seconds
[2019-12-08T11:47:38.138+0000][1][safepoint    ] Entering safepoint region: Cleanup
[2019-12-08T11:47:38.138+0000][1][safepoint    ] Leaving safepoint region
[2019-12-08T11:47:38.138+0000][1][safepoint    ] Total time for which application threads were stopped: 0.0000829 seconds, Stopping threads took: 0.0000198 seconds
[2019-12-08T11:47:39.138+0000][1][safepoint    ] Application time: 1.0000790 seconds
[2019-12-08T11:47:39.138+0000][1][safepoint    ] Entering safepoint region: Cleanup
[2019-12-08T11:47:39.138+0000][1][safepoint    ] Leaving safepoint region
[2019-12-08T11:47:39.138+0000][1][safepoint    ] Total time for which application threads were stopped: 0.0000771 seconds, Stopping threads took: 0.0000200 seconds
[2019-12-08T11:47:40.138+0000][1][safepoint    ] Application time: 1.0000779 seconds
[2019-12-08T11:47:40.138+0000][1][safepoint    ] Entering safepoint region: Cleanup
[2019-12-08T11:47:40.138+0000][1][safepoint    ] Leaving safepoint region
[2019-12-08T11:47:40.138+0000][1][safepoint    ] Total time for which application threads were stopped: 0.0000790 seconds, Stopping threads took: 0.0000191 seconds
[2019-12-08T11:47:41.139+0000][1][safepoint    ] Application time: 1.0000759 seconds
[2019-12-08T11:47:41.139+0000][1][safepoint    ] Entering safepoint region: Cleanup
[2019-12-08T11:47:41.139+0000][1][safepoint    ] Leaving safepoint region
[2019-12-08T11:47:41.139+0000][1][safepoint    ] Total time for which application threads were stopped: 0.0000789 seconds, Stopping threads took: 0.0000187 seconds
[2019-12-08T11:47:42.139+0000][1][safepoint    ] Application time: 1.0000848 seconds
[2019-12-08T11:47:42.139+0000][1][safepoint    ] Entering safepoint region: Cleanup
[2019-12-08T11:47:42.139+0000][1][safepoint    ] Leaving safepoint region
[2019-12-08T11:47:42.139+0000][1][safepoint    ] Total time for which application threads were stopped: 0.0000980 seconds, Stopping threads took: 0.0000219 seconds
[2019-12-08T11:47:43.139+0000][1][safepoint    ] Application time: 1.0000799 seconds
[2019-12-08T11:47:43.139+0000][1][safepoint    ] Entering safepoint region: Cleanup
[2019-12-08T11:47:43.139+0000][1][safepoint    ] Leaving safepoint region
[2019-12-08T11:47:43.139+0000][1][safepoint    ] Total time for which application threads were stopped: 0.0000750 seconds, Stopping threads took: 0.0000174 seconds
[2019-12-08T11:47:44.139+0000][1][safepoint    ] Application time: 1.0000774 seconds
[2019-12-08T11:47:44.139+0000][1][safepoint    ] Entering safepoint region: Cleanup
[2019-12-08T11:47:44.139+0000][1][safepoint    ] Leaving safepoint region
[2019-12-08T11:47:44.139+0000][1][safepoint    ] Total time for which application threads were stopped: 0.0000812 seconds, Stopping threads took: 0.0000187 seconds
[2019-12-08T11:47:45.139+0000][1][safepoint    ] Application time: 1.0000784 seconds
[2019-12-08T11:47:45.139+0000][1][safepoint    ] Entering safepoint region: Cleanup
[2019-12-08T11:47:45.139+0000][1][safepoint    ] Leaving safepoint region
[2019-12-08T11:47:45.139+0000][1][safepoint    ] Total time for which application threads were stopped: 0.0000733 seconds, Stopping threads took: 0.0000175 seconds
[2019-12-08T11:47:46.140+0000][1][safepoint    ] Application time: 1.0000771 seconds
[2019-12-08T11:47:46.140+0000][1][safepoint    ] Entering safepoint region: Cleanup
[2019-12-08T11:47:46.140+0000][1][safepoint    ] Leaving safepoint region
[2019-12-08T11:47:46.140+0000][1][safepoint    ] Total time for which application threads were stopped: 0.0000771 seconds, Stopping threads took: 0.0000188 seconds
[2019-12-08T11:47:47.140+0000][1][safepoint    ] Application time: 1.0000883 seconds
[2019-12-08T11:47:47.140+0000][1][safepoint    ] Entering safepoint region: Cleanup
[2019-12-08T11:47:47.140+0000][1][safepoint    ] Leaving safepoint region
[2019-12-08T11:47:47.140+0000][1][safepoint    ] Total time for which application threads were stopped: 0.0000760 seconds, Stopping threads took: 0.0000177 seconds
[2019-12-08T11:47:48.140+0000][1][safepoint    ] Application time: 1.0000805 seconds
[2019-12-08T11:47:48.140+0000][1][safepoint    ] Entering safepoint region: Cleanup
[2019-12-08T11:47:48.140+0000][1][safepoint    ] Leaving safepoint region
[2019-12-08T11:47:48.140+0000][1][safepoint    ] Total time for which application threads were stopped: 0.0000889 seconds, Stopping threads took: 0.0000190 seconds
[2019-12-08T11:47:49.140+0000][1][safepoint    ] Application time: 1.0000775 seconds
[2019-12-08T11:47:49.140+0000][1][safepoint    ] Entering safepoint region: Cleanup
[2019-12-08T11:47:49.140+0000][1][safepoint    ] Leaving safepoint region
[2019-12-08T11:47:49.140+0000][1][safepoint    ] Total time for which application threads were stopped: 0.0000772 seconds, Stopping threads took: 0.0000171 seconds
[2019-12-08T11:47:50.140+0000][1][safepoint    ] Application time: 1.0000759 seconds
[2019-12-08T11:47:50.140+0000][1][safepoint    ] Entering safepoint region: Cleanup
[2019-12-08T11:47:50.140+0000][1][safepoint    ] Leaving safepoint region
[2019-12-08T11:47:50.140+0000][1][safepoint    ] Total time for which application threads were stopped: 0.0000820 seconds, Stopping threads took: 0.0000184 seconds
[2019-12-08T11:47:51.141+0000][1][safepoint    ] Application time: 1.0000779 seconds
[2019-12-08T11:47:51.141+0000][1][safepoint    ] Entering safepoint region: Cleanup
[2019-12-08T11:47:51.141+0000][1][safepoint    ] Leaving safepoint region
[2019-12-08T11:47:51.141+0000][1][safepoint    ] Total time for which application threads were stopped: 0.0000740 seconds, Stopping threads took: 0.0000178 seconds
[2019-12-08T11:47:52.141+0000][1][safepoint    ] Application time: 1.0000762 seconds
[2019-12-08T11:47:52.141+0000][1][safepoint    ] Entering safepoint region: Cleanup
[2019-12-08T11:47:52.141+0000][1][safepoint    ] Leaving safepoint region
[2019-12-08T11:47:52.141+0000][1][safepoint    ] Total time for which application threads were stopped: 0.0000928 seconds, Stopping threads took: 0.0000350 seconds
[2019-12-08T11:47:53.141+0000][1][safepoint    ] Application time: 1.0000765 seconds
[2019-12-08T11:47:53.141+0000][1][safepoint    ] Entering safepoint region: Cleanup
[2019-12-08T11:47:53.141+0000][1][safepoint    ] Leaving safepoint region
[2019-12-08T11:47:53.141+0000][1][safepoint    ] Total time for which application threads were stopped: 0.0000778 seconds, Stopping threads took: 0.0000200 seconds
[2019-12-08T11:47:54.141+0000][1][safepoint    ] Application time: 1.0000780 seconds
[2019-12-08T11:47:54.141+0000][1][safepoint    ] Entering safepoint region: Cleanup
[2019-12-08T11:47:54.141+0000][1][safepoint    ] Leaving safepoint region
[2019-12-08T11:47:54.141+0000][1][safepoint    ] Total time for which application threads were stopped: 0.0000780 seconds, Stopping threads took: 0.0000192 seconds
[2019-12-08T11:47:55.141+0000][1][safepoint    ] Application time: 1.0000773 seconds
[2019-12-08T11:47:55.141+0000][1][safepoint    ] Entering safepoint region: Cleanup
[2019-12-08T11:47:55.141+0000][1][safepoint    ] Leaving safepoint region
[2019-12-08T11:47:55.141+0000][1][safepoint    ] Total time for which application threads were stopped: 0.0000929 seconds, Stopping threads took: 0.0000262 seconds
[2019-12-08T11:47:56.142+0000][1][safepoint    ] Application time: 1.0000757 seconds
[2019-12-08T11:47:56.142+0000][1][safepoint    ] Entering safepoint region: Cleanup
[2019-12-08T11:47:56.142+0000][1][safepoint    ] Leaving safepoint region
[2019-12-08T11:47:56.142+0000][1][safepoint    ] Total time for which application threads were stopped: 0.0000758 seconds, Stopping threads took: 0.0000186 seconds
[2019-12-08T11:47:57.142+0000][1][safepoint    ] Application time: 1.0000787 seconds
[2019-12-08T11:47:57.142+0000][1][safepoint    ] Entering safepoint region: Cleanup
[2019-12-08T11:47:57.142+0000][1][safepoint    ] Leaving safepoint region
[2019-12-08T11:47:57.142+0000][1][safepoint    ] Total time for which application threads were stopped: 0.0000805 seconds, Stopping threads took: 0.0000189 seconds
[2019-12-08T11:47:58.142+0000][1][safepoint    ] Application time: 1.0000775 seconds
[2019-12-08T11:47:58.142+0000][1][safepoint    ] Entering safepoint region: Cleanup
[2019-12-08T11:47:58.142+0000][1][safepoint    ] Leaving safepoint region
[2019-12-08T11:47:58.142+0000][1][safepoint    ] Total time for which application threads were stopped: 0.0000750 seconds, Stopping threads took: 0.0000174 seconds
[2019-12-08T11:47:59.142+0000][1][safepoint    ] Application time: 1.0000809 seconds
[2019-12-08T11:47:59.142+0000][1][safepoint    ] Entering safepoint region: Cleanup
[2019-12-08T11:47:59.142+0000][1][safepoint    ] Leaving safepoint region
[2019-12-08T11:47:59.142+0000][1][safepoint    ] Total time for which application threads were stopped: 0.0000861 seconds, Stopping threads took: 0.0000219 seconds
[2019-12-08T11:48:00.142+0000][1][safepoint    ] Application time: 1.0000775 seconds
[2019-12-08T11:48:00.142+0000][1][safepoint    ] Entering safepoint region: Cleanup
[2019-12-08T11:48:00.142+0000][1][safepoint    ] Leaving safepoint region
[2019-12-08T11:48:00.142+0000][1][safepoint    ] Total time for which application threads were stopped: 0.0000808 seconds, Stopping threads took: 0.0000247 seconds
[2019-12-08T11:48:01.143+0000][1][safepoint    ] Application time: 1.0000756 seconds
[2019-12-08T11:48:01.143+0000][1][safepoint    ] Entering safepoint region: Cleanup
[2019-12-08T11:48:01.143+0000][1][safepoint    ] Leaving safepoint region
[2019-12-08T11:48:01.143+0000][1][safepoint    ] Total time for which application threads were stopped: 0.0000763 seconds, Stopping threads took: 0.0000196 seconds
[2019-12-08T11:48:02.143+0000][1][safepoint    ] Application time: 1.0000787 seconds
[2019-12-08T11:48:02.143+0000][1][safepoint    ] Entering safepoint region: Cleanup
[2019-12-08T11:48:02.143+0000][1][safepoint    ] Leaving safepoint region
[2019-12-08T11:48:02.143+0000][1][safepoint    ] Total time for which application threads were stopped: 0.0000780 seconds, Stopping threads took: 0.0000186 seconds
[2019-12-08T11:48:03.143+0000][1][safepoint    ] Application time: 1.0000775 seconds
[2019-12-08T11:48:03.143+0000][1][safepoint    ] Entering safepoint region: Cleanup
[2019-12-08T11:48:03.143+0000][1][safepoint    ] Leaving safepoint region
[2019-12-08T11:48:03.143+0000][1][safepoint    ] Total time for which application threads were stopped: 0.0000754 seconds, Stopping threads took: 0.0000180 seconds
[2019-12-08T11:48:04.143+0000][1][safepoint    ] Application time: 1.0000773 seconds
[2019-12-08T11:48:04.143+0000][1][safepoint    ] Entering safepoint region: Cleanup
[2019-12-08T11:48:04.143+0000][1][safepoint    ] Leaving safepoint region
[2019-12-08T11:48:04.143+0000][1][safepoint    ] Total time for which application threads were stopped: 0.0000763 seconds, Stopping threads took: 0.0000177 seconds
[2019-12-08T11:48:05.143+0000][1][safepoint    ] Application time: 1.0000824 seconds
[2019-12-08T11:48:05.143+0000][1][safepoint    ] Entering safepoint region: Cleanup
[2019-12-08T11:48:05.143+0000][1][safepoint    ] Leaving safepoint region
[2019-12-08T11:48:05.143+0000][1][safepoint    ] Total time for which application threads were stopped: 0.0000794 seconds, Stopping threads took: 0.0000200 seconds
[2019-12-08T11:48:06.144+0000][1][safepoint    ] Application time: 1.0000815 seconds
[2019-12-08T11:48:06.144+0000][1][safepoint    ] Entering safepoint region: Cleanup
[2019-12-08T11:48:06.144+0000][1][safepoint    ] Leaving safepoint region
[2019-12-08T11:48:06.144+0000][1][safepoint    ] Total time for which application threads were stopped: 0.0000763 seconds, Stopping threads took: 0.0000183 seconds
[2019-12-08T11:48:07.144+0000][1][safepoint    ] Application time: 1.0000818 seconds
[2019-12-08T11:48:07.144+0000][1][safepoint    ] Entering safepoint region: Cleanup
[2019-12-08T11:48:07.144+0000][1][safepoint    ] Leaving safepoint region
[2019-12-08T11:48:07.144+0000][1][safepoint    ] Total time for which application threads were stopped: 0.0000828 seconds, Stopping threads took: 0.0000217 seconds
[2019-12-08T11:48:08.144+0000][1][safepoint    ] Application time: 1.0000777 seconds
[2019-12-08T11:48:08.144+0000][1][safepoint    ] Entering safepoint region: Cleanup
[2019-12-08T11:48:08.144+0000][1][safepoint    ] Leaving safepoint region
[2019-12-08T11:48:08.144+0000][1][safepoint    ] Total time for which application threads were stopped: 0.0000764 seconds, Stopping threads took: 0.0000194 seconds
[2019-12-08T11:48:09.144+0000][1][safepoint    ] Application time: 1.0000787 seconds
[2019-12-08T11:48:09.144+0000][1][safepoint    ] Entering safepoint region: Cleanup
[2019-12-08T11:48:09.144+0000][1][safepoint    ] Leaving safepoint region
[2019-12-08T11:48:09.144+0000][1][safepoint    ] Total time for which application threads were stopped: 0.0000767 seconds, Stopping threads took: 0.0000183 seconds
[2019-12-08T11:48:10.144+0000][1][safepoint    ] Application time: 1.0000831 seconds
[2019-12-08T11:48:10.144+0000][1][safepoint    ] Entering safepoint region: Cleanup
[2019-12-08T11:48:10.144+0000][1][safepoint    ] Leaving safepoint region
[2019-12-08T11:48:10.144+0000][1][safepoint    ] Total time for which application threads were stopped: 0.0000803 seconds, Stopping threads took: 0.0000189 seconds
[2019-12-08T11:48:11.145+0000][1][safepoint    ] Application time: 1.0000800 seconds
[2019-12-08T11:48:11.145+0000][1][safepoint    ] Entering safepoint region: Cleanup
[2019-12-08T11:48:11.145+0000][1][safepoint    ] Leaving safepoint region
[2019-12-08T11:48:11.145+0000][1][safepoint    ] Total time for which application threads were stopped: 0.0000784 seconds, Stopping threads took: 0.0000189 seconds
[2019-12-08T11:48:12.145+0000][1][safepoint    ] Application time: 1.0000778 seconds
[2019-12-08T11:48:12.145+0000][1][safepoint    ] Entering safepoint region: Cleanup
[2019-12-08T11:48:12.145+0000][1][safepoint    ] Leaving safepoint region
[2019-12-08T11:48:12.145+0000][1][safepoint    ] Total time for which application threads were stopped: 0.0000739 seconds, Stopping threads took: 0.0000198 seconds
[2019-12-08T11:48:13.145+0000][1][safepoint    ] Application time: 1.0000841 seconds
[2019-12-08T11:48:13.145+0000][1][safepoint    ] Entering safepoint region: Cleanup
[2019-12-08T11:48:13.145+0000][1][safepoint    ] Leaving safepoint region
[2019-12-08T11:48:13.145+0000][1][safepoint    ] Total time for which application threads were stopped: 0.0000760 seconds, Stopping threads took: 0.0000187 seconds
[2019-12-08T11:48:14.145+0000][1][safepoint    ] Application time: 1.0000783 seconds
[2019-12-08T11:48:14.145+0000][1][safepoint    ] Entering safepoint region: Cleanup
[2019-12-08T11:48:14.145+0000][1][safepoint    ] Leaving safepoint region
[2019-12-08T11:48:14.145+0000][1][safepoint    ] Total time for which application threads were stopped: 0.0000747 seconds, Stopping threads took: 0.0000178 seconds
[2019-12-08T11:48:15.145+0000][1][safepoint    ] Application time: 1.0000772 seconds
[2019-12-08T11:48:15.145+0000][1][safepoint    ] Entering safepoint region: Cleanup
[2019-12-08T11:48:15.145+0000][1][safepoint    ] Leaving safepoint region
[2019-12-08T11:48:15.145+0000][1][safepoint    ] Total time for which application threads were stopped: 0.0000757 seconds, Stopping threads took: 0.0000181 seconds
[2019-12-08T11:48:16.146+0000][1][safepoint    ] Application time: 1.0000775 seconds
[2019-12-08T11:48:16.146+0000][1][safepoint    ] Entering safepoint region: Cleanup
[2019-12-08T11:48:16.146+0000][1][safepoint    ] Leaving safepoint region
[2019-12-08T11:48:16.146+0000][1][safepoint    ] Total time for which application threads were stopped: 0.0000748 seconds, Stopping threads took: 0.0000181 seconds
[2019-12-08T11:48:17.146+0000][1][safepoint    ] Application time: 1.0000764 seconds
[2019-12-08T11:48:17.146+0000][1][safepoint    ] Entering safepoint region: Cleanup
[2019-12-08T11:48:17.146+0000][1][safepoint    ] Leaving safepoint region
[2019-12-08T11:48:17.146+0000][1][safepoint    ] Total time for which application threads were stopped: 0.0000739 seconds, Stopping threads took: 0.0000179 seconds
[2019-12-08T11:48:18.146+0000][1][safepoint    ] Application time: 1.0000763 seconds
[2019-12-08T11:48:18.146+0000][1][safepoint    ] Entering safepoint region: Cleanup
[2019-12-08T11:48:18.146+0000][1][safepoint    ] Leaving safepoint region
[2019-12-08T11:48:18.146+0000][1][safepoint    ] Total time for which application threads were stopped: 0.0000794 seconds, Stopping threads took: 0.0000174 seconds
[2019-12-08T11:48:19.146+0000][1][safepoint    ] Application time: 1.0000808 seconds
[2019-12-08T11:48:19.146+0000][1][safepoint    ] Entering safepoint region: Cleanup
[2019-12-08T11:48:19.146+0000][1][safepoint    ] Leaving safepoint region
[2019-12-08T11:48:19.146+0000][1][safepoint    ] Total time for which application threads were stopped: 0.0000809 seconds, Stopping threads took: 0.0000219 seconds
[2019-12-08T11:48:20.146+0000][1][safepoint    ] Application time: 1.0000762 seconds
[2019-12-08T11:48:20.146+0000][1][safepoint    ] Entering safepoint region: Cleanup
[2019-12-08T11:48:20.146+0000][1][safepoint    ] Leaving safepoint region
[2019-12-08T11:48:20.146+0000][1][safepoint    ] Total time for which application threads were stopped: 0.0000770 seconds, Stopping threads took: 0.0000189 seconds
[2019-12-08T11:48:21.146+0000][1][safepoint    ] Application time: 1.0000782 seconds
[2019-12-08T11:48:21.147+0000][1][safepoint    ] Entering safepoint region: Cleanup
[2019-12-08T11:48:21.147+0000][1][safepoint    ] Leaving safepoint region
[2019-12-08T11:48:21.147+0000][1][safepoint    ] Total time for which application threads were stopped: 0.0000761 seconds, Stopping threads took: 0.0000200 seconds
[2019-12-08T11:48:22.147+0000][1][safepoint    ] Application time: 1.0000866 seconds
[2019-12-08T11:48:22.147+0000][1][safepoint    ] Entering safepoint region: Cleanup
[2019-12-08T11:48:22.147+0000][1][safepoint    ] Leaving safepoint region
[2019-12-08T11:48:22.147+0000][1][safepoint    ] Total time for which application threads were stopped: 0.0000743 seconds, Stopping threads took: 0.0000176 seconds
[2019-12-08T11:48:23.147+0000][1][safepoint    ] Application time: 1.0000775 seconds
[2019-12-08T11:48:23.147+0000][1][safepoint    ] Entering safepoint region: Cleanup
[2019-12-08T11:48:23.147+0000][1][safepoint    ] Leaving safepoint region
[2019-12-08T11:48:23.147+0000][1][safepoint    ] Total time for which application threads were stopped: 0.0000759 seconds, Stopping threads took: 0.0000182 seconds
[2019-12-08T11:48:24.147+0000][1][safepoint    ] Application time: 1.0000798 seconds
[2019-12-08T11:48:24.147+0000][1][safepoint    ] Entering safepoint region: Cleanup
[2019-12-08T11:48:24.147+0000][1][safepoint    ] Leaving safepoint region
[2019-12-08T11:48:24.147+0000][1][safepoint    ] Total time for which application threads were stopped: 0.0000762 seconds, Stopping threads took: 0.0000183 seconds
[2019-12-08T11:48:25.147+0000][1][safepoint    ] Application time: 1.0000787 seconds
[2019-12-08T11:48:25.147+0000][1][safepoint    ] Entering safepoint region: Cleanup
[2019-12-08T11:48:25.147+0000][1][safepoint    ] Leaving safepoint region
[2019-12-08T11:48:25.147+0000][1][safepoint    ] Total time for which application threads were stopped: 0.0000752 seconds, Stopping threads took: 0.0000189 seconds
[2019-12-08T11:48:26.147+0000][1][safepoint    ] Application time: 1.0000782 seconds
[2019-12-08T11:48:26.148+0000][1][safepoint    ] Entering safepoint region: Cleanup
[2019-12-08T11:48:26.148+0000][1][safepoint    ] Leaving safepoint region
[2019-12-08T11:48:26.148+0000][1][safepoint    ] Total time for which application threads were stopped: 0.0000750 seconds, Stopping threads took: 0.0000177 seconds
[2019-12-08T11:48:27.148+0000][1][safepoint    ] Application time: 1.0000775 seconds
[2019-12-08T11:48:27.148+0000][1][safepoint    ] Entering safepoint region: Cleanup
[2019-12-08T11:48:27.148+0000][1][safepoint    ] Leaving safepoint region
[2019-12-08T11:48:27.148+0000][1][safepoint    ] Total time for which application threads were stopped: 0.0000748 seconds, Stopping threads took: 0.0000175 seconds
[2019-12-08T11:48:28.148+0000][1][safepoint    ] Application time: 1.0000797 seconds
[2019-12-08T11:48:28.148+0000][1][safepoint    ] Entering safepoint region: Cleanup
[2019-12-08T11:48:28.148+0000][1][safepoint    ] Leaving safepoint region
[2019-12-08T11:48:28.148+0000][1][safepoint    ] Total time for which application threads were stopped: 0.0000780 seconds, Stopping threads took: 0.0000184 seconds
[2019-12-08T11:48:29.148+0000][1][safepoint    ] Application time: 1.0000803 seconds
[2019-12-08T11:48:29.148+0000][1][safepoint    ] Entering safepoint region: Cleanup
[2019-12-08T11:48:29.148+0000][1][safepoint    ] Leaving safepoint region
[2019-12-08T11:48:29.148+0000][1][safepoint    ] Total time for which application threads were stopped: 0.0000753 seconds, Stopping threads took: 0.0000195 seconds
[2019-12-08T11:48:30.148+0000][1][safepoint    ] Application time: 1.0000752 seconds
[2019-12-08T11:48:30.148+0000][1][safepoint    ] Entering safepoint region: Cleanup
[2019-12-08T11:48:30.148+0000][1][safepoint    ] Leaving safepoint region
[2019-12-08T11:48:30.148+0000][1][safepoint    ] Total time for which application threads were stopped: 0.0000959 seconds, Stopping threads took: 0.0000291 seconds
[2019-12-08T11:48:31.148+0000][1][safepoint    ] Application time: 1.0000743 seconds
[2019-12-08T11:48:31.149+0000][1][safepoint    ] Entering safepoint region: Cleanup
[2019-12-08T11:48:31.149+0000][1][safepoint    ] Leaving safepoint region
[2019-12-08T11:48:31.149+0000][1][safepoint    ] Total time for which application threads were stopped: 0.0000949 seconds, Stopping threads took: 0.0000229 seconds
[2019-12-08T11:48:32.149+0000][1][safepoint    ] Application time: 1.0000810 seconds
[2019-12-08T11:48:32.149+0000][1][safepoint    ] Entering safepoint region: Cleanup
[2019-12-08T11:48:32.149+0000][1][safepoint    ] Leaving safepoint region
[2019-12-08T11:48:32.149+0000][1][safepoint    ] Total time for which application threads were stopped: 0.0000805 seconds, Stopping threads took: 0.0000189 seconds
[2019-12-08T11:48:33.149+0000][1][safepoint    ] Application time: 1.0000764 seconds
[2019-12-08T11:48:33.149+0000][1][safepoint    ] Entering safepoint region: Cleanup
[2019-12-08T11:48:33.149+0000][1][safepoint    ] Leaving safepoint region
[2019-12-08T11:48:33.149+0000][1][safepoint    ] Total time for which application threads were stopped: 0.0000774 seconds, Stopping threads took: 0.0000195 seconds
[2019-12-08T11:48:34.149+0000][1][safepoint    ] Application time: 1.0000763 seconds
[2019-12-08T11:48:34.149+0000][1][safepoint    ] Entering safepoint region: Cleanup
[2019-12-08T11:48:34.149+0000][1][safepoint    ] Leaving safepoint region
[2019-12-08T11:48:34.149+0000][1][safepoint    ] Total time for which application threads were stopped: 0.0000767 seconds, Stopping threads took: 0.0000196 seconds
[2019-12-08T11:48:35.149+0000][1][safepoint    ] Application time: 1.0000759 seconds
[2019-12-08T11:48:35.149+0000][1][safepoint    ] Entering safepoint region: Cleanup
[2019-12-08T11:48:35.149+0000][1][safepoint    ] Leaving safepoint region
[2019-12-08T11:48:35.149+0000][1][safepoint    ] Total time for which application threads were stopped: 0.0000784 seconds, Stopping threads took: 0.0000190 seconds
[2019-12-08T11:48:36.149+0000][1][safepoint    ] Application time: 1.0000783 seconds
[2019-12-08T11:48:36.150+0000][1][safepoint    ] Entering safepoint region: Cleanup
[2019-12-08T11:48:36.150+0000][1][safepoint    ] Leaving safepoint region
[2019-12-08T11:48:36.150+0000][1][safepoint    ] Total time for which application threads were stopped: 0.0000785 seconds, Stopping threads took: 0.0000194 seconds
[2019-12-08T11:48:37.150+0000][1][safepoint    ] Application time: 1.0000859 seconds
[2019-12-08T11:48:37.150+0000][1][safepoint    ] Entering safepoint region: Cleanup
[2019-12-08T11:48:37.150+0000][1][safepoint    ] Leaving safepoint region
[2019-12-08T11:48:37.150+0000][1][safepoint    ] Total time for which application threads were stopped: 0.0000739 seconds, Stopping threads took: 0.0000177 seconds
[2019-12-08T11:48:38.150+0000][1][safepoint    ] Application time: 1.0000788 seconds
[2019-12-08T11:48:38.150+0000][1][safepoint    ] Entering safepoint region: Cleanup
[2019-12-08T11:48:38.150+0000][1][safepoint    ] Leaving safepoint region
[2019-12-08T11:48:38.150+0000][1][safepoint    ] Total time for which application threads were stopped: 0.0000759 seconds, Stopping threads took: 0.0000192 seconds
[2019-12-08T11:48:39.150+0000][1][safepoint    ] Application time: 1.0000790 seconds
[2019-12-08T11:48:39.150+0000][1][safepoint    ] Entering safepoint region: Cleanup
[2019-12-08T11:48:39.150+0000][1][safepoint    ] Leaving safepoint region
[2019-12-08T11:48:39.150+0000][1][safepoint    ] Total time for which application threads were stopped: 0.0000774 seconds, Stopping threads took: 0.0000191 seconds
[2019-12-08T11:48:40.150+0000][1][safepoint    ] Application time: 1.0000773 seconds
[2019-12-08T11:48:40.150+0000][1][safepoint    ] Entering safepoint region: Cleanup
[2019-12-08T11:48:40.150+0000][1][safepoint    ] Leaving safepoint region
[2019-12-08T11:48:40.150+0000][1][safepoint    ] Total time for which application threads were stopped: 0.0000778 seconds, Stopping threads took: 0.0000205 seconds
[2019-12-08T11:48:41.150+0000][1][safepoint    ] Application time: 1.0000821 seconds
[2019-12-08T11:48:41.151+0000][1][safepoint    ] Entering safepoint region: Cleanup
[2019-12-08T11:48:41.151+0000][1][safepoint    ] Leaving safepoint region
[2019-12-08T11:48:41.151+0000][1][safepoint    ] Total time for which application threads were stopped: 0.0000777 seconds, Stopping threads took: 0.0000197 seconds
[2019-12-08T11:48:42.151+0000][1][safepoint    ] Application time: 1.0000865 seconds
[2019-12-08T11:48:42.151+0000][1][safepoint    ] Entering safepoint region: Cleanup
[2019-12-08T11:48:42.151+0000][1][safepoint    ] Leaving safepoint region
[2019-12-08T11:48:42.151+0000][1][safepoint    ] Total time for which application threads were stopped: 0.0000978 seconds, Stopping threads took: 0.0000245 seconds
[2019-12-08T11:48:43.151+0000][1][safepoint    ] Application time: 1.0000768 seconds
[2019-12-08T11:48:43.151+0000][1][safepoint    ] Entering safepoint region: Cleanup
[2019-12-08T11:48:43.151+0000][1][safepoint    ] Leaving safepoint region
[2019-12-08T11:48:43.151+0000][1][safepoint    ] Total time for which application threads were stopped: 0.0000749 seconds, Stopping threads took: 0.0000187 seconds
[2019-12-08T11:48:44.151+0000][1][safepoint    ] Application time: 1.0000776 seconds
[2019-12-08T11:48:44.151+0000][1][safepoint    ] Entering safepoint region: Cleanup
[2019-12-08T11:48:44.151+0000][1][safepoint    ] Leaving safepoint region
[2019-12-08T11:48:44.151+0000][1][safepoint    ] Total time for which application threads were stopped: 0.0000748 seconds, Stopping threads took: 0.0000179 seconds
[2019-12-08T11:48:45.151+0000][1][safepoint    ] Application time: 1.0000779 seconds
[2019-12-08T11:48:45.151+0000][1][safepoint    ] Entering safepoint region: Cleanup
[2019-12-08T11:48:45.151+0000][1][safepoint    ] Leaving safepoint region
[2019-12-08T11:48:45.151+0000][1][safepoint    ] Total time for which application threads were stopped: 0.0000726 seconds, Stopping threads took: 0.0000181 seconds
[2019-12-08T11:48:46.151+0000][1][safepoint    ] Application time: 1.0000775 seconds
[2019-12-08T11:48:46.152+0000][1][safepoint    ] Entering safepoint region: Cleanup
[2019-12-08T11:48:46.152+0000][1][safepoint    ] Leaving safepoint region
[2019-12-08T11:48:46.152+0000][1][safepoint    ] Total time for which application threads were stopped: 0.0000719 seconds, Stopping threads took: 0.0000180 seconds
[2019-12-08T11:48:47.152+0000][1][safepoint    ] Application time: 1.0000784 seconds
[2019-12-08T11:48:47.152+0000][1][safepoint    ] Entering safepoint region: Cleanup
[2019-12-08T11:48:47.152+0000][1][safepoint    ] Leaving safepoint region
[2019-12-08T11:48:47.152+0000][1][safepoint    ] Total time for which application threads were stopped: 0.0000727 seconds, Stopping threads took: 0.0000184 seconds
[2019-12-08T11:48:48.152+0000][1][safepoint    ] Application time: 1.0000771 seconds
[2019-12-08T11:48:48.152+0000][1][safepoint    ] Entering safepoint region: Cleanup
[2019-12-08T11:48:48.152+0000][1][safepoint    ] Leaving safepoint region
[2019-12-08T11:48:48.152+0000][1][safepoint    ] Total time for which application threads were stopped: 0.0000719 seconds, Stopping threads took: 0.0000176 seconds
[2019-12-08T11:48:49.152+0000][1][safepoint    ] Application time: 1.0000759 seconds
[2019-12-08T11:48:49.152+0000][1][safepoint    ] Entering safepoint region: Cleanup
[2019-12-08T11:48:49.152+0000][1][safepoint    ] Leaving safepoint region
[2019-12-08T11:48:49.152+0000][1][safepoint    ] Total time for which application threads were stopped: 0.0000715 seconds, Stopping threads took: 0.0000183 seconds
[2019-12-08T11:48:50.152+0000][1][safepoint    ] Application time: 1.0000785 seconds
[2019-12-08T11:48:50.152+0000][1][safepoint    ] Entering safepoint region: Cleanup
[2019-12-08T11:48:50.152+0000][1][safepoint    ] Leaving safepoint region
[2019-12-08T11:48:50.152+0000][1][safepoint    ] Total time for which application threads were stopped: 0.0000737 seconds, Stopping threads took: 0.0000177 seconds
[2019-12-08T11:48:51.152+0000][1][safepoint    ] Application time: 1.0000776 seconds
[2019-12-08T11:48:51.153+0000][1][safepoint    ] Entering safepoint region: Cleanup
[2019-12-08T11:48:51.153+0000][1][safepoint    ] Leaving safepoint region
[2019-12-08T11:48:51.153+0000][1][safepoint    ] Total time for which application threads were stopped: 0.0000728 seconds, Stopping threads took: 0.0000187 seconds
[2019-12-08T11:48:52.153+0000][1][safepoint    ] Application time: 1.0000779 seconds
[2019-12-08T11:48:52.153+0000][1][safepoint    ] Entering safepoint region: Cleanup
[2019-12-08T11:48:52.153+0000][1][safepoint    ] Leaving safepoint region
[2019-12-08T11:48:52.153+0000][1][safepoint    ] Total time for which application threads were stopped: 0.0000722 seconds, Stopping threads took: 0.0000189 seconds
[2019-12-08T11:48:53.153+0000][1][safepoint    ] Application time: 1.0000777 seconds
[2019-12-08T11:48:53.153+0000][1][safepoint    ] Entering safepoint region: Cleanup
[2019-12-08T11:48:53.153+0000][1][safepoint    ] Leaving safepoint region
[2019-12-08T11:48:53.153+0000][1][safepoint    ] Total time for which application threads were stopped: 0.0000732 seconds, Stopping threads took: 0.0000194 seconds
[2019-12-08T11:48:54.153+0000][1][safepoint    ] Application time: 1.0000784 seconds
[2019-12-08T11:48:54.153+0000][1][safepoint    ] Entering safepoint region: Cleanup
[2019-12-08T11:48:54.153+0000][1][safepoint    ] Leaving safepoint region
[2019-12-08T11:48:54.153+0000][1][safepoint    ] Total time for which application threads were stopped: 0.0000731 seconds, Stopping threads took: 0.0000190 seconds
[2019-12-08T11:48:55.153+0000][1][safepoint    ] Application time: 1.0000783 seconds
[2019-12-08T11:48:55.153+0000][1][safepoint    ] Entering safepoint region: Cleanup
[2019-12-08T11:48:55.153+0000][1][safepoint    ] Leaving safepoint region
[2019-12-08T11:48:55.153+0000][1][safepoint    ] Total time for which application threads were stopped: 0.0000800 seconds, Stopping threads took: 0.0000252 seconds
[2019-12-08T11:48:56.153+0000][1][safepoint    ] Application time: 1.0000778 seconds
[2019-12-08T11:48:56.153+0000][1][safepoint    ] Entering safepoint region: Cleanup
[2019-12-08T11:48:56.154+0000][1][safepoint    ] Leaving safepoint region
[2019-12-08T11:48:56.154+0000][1][safepoint    ] Total time for which application threads were stopped: 0.0000720 seconds, Stopping threads took: 0.0000182 seconds
[2019-12-08T11:48:57.154+0000][1][safepoint    ] Application time: 1.0000772 seconds
[2019-12-08T11:48:57.154+0000][1][safepoint    ] Entering safepoint region: Cleanup
[2019-12-08T11:48:57.154+0000][1][safepoint    ] Leaving safepoint region
[2019-12-08T11:48:57.154+0000][1][safepoint    ] Total time for which application threads were stopped: 0.0000854 seconds, Stopping threads took: 0.0000176 seconds
[2019-12-08T11:48:58.154+0000][1][safepoint    ] Application time: 1.0000829 seconds
[2019-12-08T11:48:58.154+0000][1][safepoint    ] Entering safepoint region: Cleanup
[2019-12-08T11:48:58.154+0000][1][safepoint    ] Leaving safepoint region
[2019-12-08T11:48:58.154+0000][1][safepoint    ] Total time for which application threads were stopped: 0.0000744 seconds, Stopping threads took: 0.0000187 seconds
[2019-12-08T11:48:59.154+0000][1][safepoint    ] Application time: 1.0000783 seconds
[2019-12-08T11:48:59.154+0000][1][safepoint    ] Entering safepoint region: Cleanup
[2019-12-08T11:48:59.154+0000][1][safepoint    ] Leaving safepoint region
[2019-12-08T11:48:59.154+0000][1][safepoint    ] Total time for which application threads were stopped: 0.0000739 seconds, Stopping threads took: 0.0000192 seconds
[2019-12-08T11:49:00.922+0000][1][safepoint    ] Application time: 1.7677764 seconds
[2019-12-08T11:49:00.922+0000][1][safepoint    ] Entering safepoint region: Cleanup
[2019-12-08T11:49:00.922+0000][1][safepoint    ] Leaving safepoint region
[2019-12-08T11:49:00.922+0000][1][safepoint    ] Total time for which application threads were stopped: 0.0001075 seconds, Stopping threads took: 0.0000231 seconds
[2019-12-08T11:49:01.922+0000][1][safepoint    ] Application time: 1.0000936 seconds
[2019-12-08T11:49:01.922+0000][1][safepoint    ] Entering safepoint region: Cleanup
[2019-12-08T11:49:01.922+0000][1][safepoint    ] Leaving safepoint region
[2019-12-08T11:49:01.922+0000][1][safepoint    ] Total time for which application threads were stopped: 0.0001677 seconds, Stopping threads took: 0.0000850 seconds
[2019-12-08T11:49:02.922+0000][1][safepoint    ] Application time: 1.0000855 seconds
[2019-12-08T11:49:02.922+0000][1][safepoint    ] Entering safepoint region: Cleanup
[2019-12-08T11:49:02.923+0000][1][safepoint    ] Leaving safepoint region
[2019-12-08T11:49:02.923+0000][1][safepoint    ] Total time for which application threads were stopped: 0.0000933 seconds, Stopping threads took: 0.0000399 seconds
[2019-12-08T11:49:03.923+0000][1][safepoint    ] Application time: 1.0000882 seconds
[2019-12-08T11:49:03.923+0000][1][safepoint    ] Entering safepoint region: Cleanup
[2019-12-08T11:49:03.923+0000][1][safepoint    ] Leaving safepoint region
[2019-12-08T11:49:03.923+0000][1][safepoint    ] Total time for which application threads were stopped: 0.0000824 seconds, Stopping threads took: 0.0000176 seconds
[2019-12-08T11:49:04.923+0000][1][safepoint    ] Application time: 1.0000789 seconds
[2019-12-08T11:49:04.923+0000][1][safepoint    ] Entering safepoint region: Cleanup
[2019-12-08T11:49:04.923+0000][1][safepoint    ] Leaving safepoint region
[2019-12-08T11:49:04.923+0000][1][safepoint    ] Total time for which application threads were stopped: 0.0000675 seconds, Stopping threads took: 0.0000173 seconds
[2019-12-08T11:49:05.923+0000][1][safepoint    ] Application time: 1.0000777 seconds
[2019-12-08T11:49:05.923+0000][1][safepoint    ] Entering safepoint region: Cleanup
[2019-12-08T11:49:05.923+0000][1][safepoint    ] Leaving safepoint region
[2019-12-08T11:49:05.923+0000][1][safepoint    ] Total time for which application threads were stopped: 0.0000697 seconds, Stopping threads took: 0.0000172 seconds
[2019-12-08T11:49:06.923+0000][1][safepoint    ] Application time: 1.0000785 seconds
[2019-12-08T11:49:06.923+0000][1][safepoint    ] Entering safepoint region: Cleanup
[2019-12-08T11:49:06.923+0000][1][safepoint    ] Leaving safepoint region
[2019-12-08T11:49:06.923+0000][1][safepoint    ] Total time for which application threads were stopped: 0.0000700 seconds, Stopping threads took: 0.0000173 seconds
[2019-12-08T11:49:07.923+0000][1][safepoint    ] Application time: 1.0000792 seconds
[2019-12-08T11:49:07.923+0000][1][safepoint    ] Entering safepoint region: Cleanup
[2019-12-08T11:49:07.923+0000][1][safepoint    ] Leaving safepoint region
[2019-12-08T11:49:07.923+0000][1][safepoint    ] Total time for which application threads were stopped: 0.0000678 seconds, Stopping threads took: 0.0000168 seconds
[2019-12-08T11:49:08.924+0000][1][safepoint    ] Application time: 1.0000797 seconds
[2019-12-08T11:49:08.924+0000][1][safepoint    ] Entering safepoint region: Cleanup
[2019-12-08T11:49:08.924+0000][1][safepoint    ] Leaving safepoint region
[2019-12-08T11:49:08.924+0000][1][safepoint    ] Total time for which application threads were stopped: 0.0000693 seconds, Stopping threads took: 0.0000180 seconds
[2019-12-08T11:49:09.924+0000][1][safepoint    ] Application time: 1.0000794 seconds
[2019-12-08T11:49:09.924+0000][1][safepoint    ] Entering safepoint region: Cleanup
[2019-12-08T11:49:09.924+0000][1][safepoint    ] Leaving safepoint region
[2019-12-08T11:49:09.924+0000][1][safepoint    ] Total time for which application threads were stopped: 0.0000693 seconds, Stopping threads took: 0.0000182 seconds
[2019-12-08T11:49:10.924+0000][1][safepoint    ] Application time: 1.0000791 seconds
[2019-12-08T11:49:10.924+0000][1][safepoint    ] Entering safepoint region: Cleanup
[2019-12-08T11:49:10.924+0000][1][safepoint    ] Leaving safepoint region
[2019-12-08T11:49:10.924+0000][1][safepoint    ] Total time for which application threads were stopped: 0.0000691 seconds, Stopping threads took: 0.0000181 seconds
[2019-12-08T11:49:11.924+0000][1][safepoint    ] Application time: 1.0000785 seconds
[2019-12-08T11:49:11.924+0000][1][safepoint    ] Entering safepoint region: Cleanup
[2019-12-08T11:49:11.924+0000][1][safepoint    ] Leaving safepoint region
[2019-12-08T11:49:11.924+0000][1][safepoint    ] Total time for which application threads were stopped: 0.0000704 seconds, Stopping threads took: 0.0000188 seconds
[2019-12-08T11:49:12.924+0000][1][safepoint    ] Application time: 1.0000781 seconds
[2019-12-08T11:49:12.924+0000][1][safepoint    ] Entering safepoint region: Cleanup
[2019-12-08T11:49:12.924+0000][1][safepoint    ] Leaving safepoint region
[2019-12-08T11:49:12.924+0000][1][safepoint    ] Total time for which application threads were stopped: 0.0000699 seconds, Stopping threads took: 0.0000190 seconds
[2019-12-08T11:49:13.924+0000][1][safepoint    ] Application time: 1.0000776 seconds
[2019-12-08T11:49:13.924+0000][1][safepoint    ] Entering safepoint region: Cleanup
[2019-12-08T11:49:13.924+0000][1][safepoint    ] Leaving safepoint region
[2019-12-08T11:49:13.924+0000][1][safepoint    ] Total time for which application threads were stopped: 0.0000687 seconds, Stopping threads took: 0.0000181 seconds
[2019-12-08T11:49:14.925+0000][1][safepoint    ] Application time: 1.0000804 seconds
[2019-12-08T11:49:14.925+0000][1][safepoint    ] Entering safepoint region: Cleanup
[2019-12-08T11:49:14.925+0000][1][safepoint    ] Leaving safepoint region
[2019-12-08T11:49:14.925+0000][1][safepoint    ] Total time for which application threads were stopped: 0.0000680 seconds, Stopping threads took: 0.0000180 seconds
[2019-12-08T11:49:15.925+0000][1][safepoint    ] Application time: 1.0000777 seconds
[2019-12-08T11:49:15.925+0000][1][safepoint    ] Entering safepoint region: Cleanup
[2019-12-08T11:49:15.925+0000][1][safepoint    ] Leaving safepoint region
[2019-12-08T11:49:15.925+0000][1][safepoint    ] Total time for which application threads were stopped: 0.0000700 seconds, Stopping threads took: 0.0000176 seconds
[2019-12-08T11:49:16.925+0000][1][safepoint    ] Application time: 1.0000787 seconds
[2019-12-08T11:49:16.925+0000][1][safepoint    ] Entering safepoint region: Cleanup
[2019-12-08T11:49:16.925+0000][1][safepoint    ] Leaving safepoint region
[2019-12-08T11:49:16.925+0000][1][safepoint    ] Total time for which application threads were stopped: 0.0000703 seconds, Stopping threads took: 0.0000174 seconds
[2019-12-08T11:49:17.925+0000][1][safepoint    ] Application time: 1.0000780 seconds
[2019-12-08T11:49:17.925+0000][1][safepoint    ] Entering safepoint region: Cleanup
[2019-12-08T11:49:17.925+0000][1][safepoint    ] Leaving safepoint region
[2019-12-08T11:49:17.925+0000][1][safepoint    ] Total time for which application threads were stopped: 0.0000757 seconds, Stopping threads took: 0.0000170 seconds
[2019-12-08T11:49:18.925+0000][1][safepoint    ] Application time: 1.0000785 seconds
[2019-12-08T11:49:18.925+0000][1][safepoint    ] Entering safepoint region: Cleanup
[2019-12-08T11:49:18.925+0000][1][safepoint    ] Leaving safepoint region
[2019-12-08T11:49:18.925+0000][1][safepoint    ] Total time for which application threads were stopped: 0.0000694 seconds, Stopping threads took: 0.0000174 seconds
[2019-12-08T11:49:19.925+0000][1][safepoint    ] Application time: 1.0000788 seconds
[2019-12-08T11:49:19.925+0000][1][safepoint    ] Entering safepoint region: Cleanup
[2019-12-08T11:49:19.926+0000][1][safepoint    ] Leaving safepoint region
[2019-12-08T11:49:19.926+0000][1][safepoint    ] Total time for which application threads were stopped: 0.0000690 seconds, Stopping threads took: 0.0000188 seconds
[2019-12-08T11:49:20.926+0000][1][safepoint    ] Application time: 1.0000778 seconds
[2019-12-08T11:49:20.926+0000][1][safepoint    ] Entering safepoint region: Cleanup
[2019-12-08T11:49:20.926+0000][1][safepoint    ] Leaving safepoint region
[2019-12-08T11:49:20.926+0000][1][safepoint    ] Total time for which application threads were stopped: 0.0000803 seconds, Stopping threads took: 0.0000169 seconds
[2019-12-08T11:49:21.926+0000][1][safepoint    ] Application time: 1.0000795 seconds
[2019-12-08T11:49:21.926+0000][1][safepoint    ] Entering safepoint region: Cleanup
[2019-12-08T11:49:21.926+0000][1][safepoint    ] Leaving safepoint region
[2019-12-08T11:49:21.926+0000][1][safepoint    ] Total time for which application threads were stopped: 0.0000725 seconds, Stopping threads took: 0.0000185 seconds
[2019-12-08T11:49:22.926+0000][1][safepoint    ] Application time: 1.0000747 seconds
[2019-12-08T11:49:22.926+0000][1][safepoint    ] Entering safepoint region: Cleanup
[2019-12-08T11:49:22.926+0000][1][safepoint    ] Leaving safepoint region
[2019-12-08T11:49:22.926+0000][1][safepoint    ] Total time for which application threads were stopped: 0.0000688 seconds, Stopping threads took: 0.0000174 seconds
[2019-12-08T11:49:23.926+0000][1][safepoint    ] Application time: 1.0000860 seconds
[2019-12-08T11:49:23.926+0000][1][safepoint    ] Entering safepoint region: Cleanup
[2019-12-08T11:49:23.926+0000][1][safepoint    ] Leaving safepoint region
[2019-12-08T11:49:23.926+0000][1][safepoint    ] Total time for which application threads were stopped: 0.0000751 seconds, Stopping threads took: 0.0000185 seconds
[2019-12-08T11:49:24.926+0000][1][safepoint    ] Application time: 1.0000766 seconds
[2019-12-08T11:49:24.926+0000][1][safepoint    ] Entering safepoint region: Cleanup
[2019-12-08T11:49:24.926+0000][1][safepoint    ] Leaving safepoint region
[2019-12-08T11:49:24.926+0000][1][safepoint    ] Total time for which application threads were stopped: 0.0000712 seconds, Stopping threads took: 0.0000195 seconds
[2019-12-08T11:49:25.927+0000][1][safepoint    ] Application time: 1.0000762 seconds
[2019-12-08T11:49:25.927+0000][1][safepoint    ] Entering safepoint region: Cleanup
[2019-12-08T11:49:25.927+0000][1][safepoint    ] Leaving safepoint region
[2019-12-08T11:49:25.927+0000][1][safepoint    ] Total time for which application threads were stopped: 0.0000686 seconds, Stopping threads took: 0.0000176 seconds
[2019-12-08T11:49:26.927+0000][1][safepoint    ] Application time: 1.0000766 seconds
[2019-12-08T11:49:26.927+0000][1][safepoint    ] Entering safepoint region: Cleanup
[2019-12-08T11:49:26.927+0000][1][safepoint    ] Leaving safepoint region
[2019-12-08T11:49:26.927+0000][1][safepoint    ] Total time for which application threads were stopped: 0.0000739 seconds, Stopping threads took: 0.0000190 seconds
[2019-12-08T11:49:27.927+0000][1][safepoint    ] Application time: 1.0000807 seconds
[2019-12-08T11:49:27.927+0000][1][safepoint    ] Entering safepoint region: Cleanup
[2019-12-08T11:49:27.927+0000][1][safepoint    ] Leaving safepoint region
[2019-12-08T11:49:27.927+0000][1][safepoint    ] Total time for which application threads were stopped: 0.0000702 seconds, Stopping threads took: 0.0000182 seconds
[2019-12-08T11:49:28.927+0000][1][safepoint    ] Application time: 1.0000782 seconds
[2019-12-08T11:49:28.927+0000][1][safepoint    ] Entering safepoint region: Cleanup
[2019-12-08T11:49:28.927+0000][1][safepoint    ] Leaving safepoint region
[2019-12-08T11:49:28.927+0000][1][safepoint    ] Total time for which application threads were stopped: 0.0000728 seconds, Stopping threads took: 0.0000181 seconds
[2019-12-08T11:49:29.927+0000][1][safepoint    ] Application time: 1.0000771 seconds
[2019-12-08T11:49:29.927+0000][1][safepoint    ] Entering safepoint region: Cleanup
[2019-12-08T11:49:29.927+0000][1][safepoint    ] Leaving safepoint region
[2019-12-08T11:49:29.927+0000][1][safepoint    ] Total time for which application threads were stopped: 0.0000697 seconds, Stopping threads took: 0.0000179 seconds
[2019-12-08T11:49:30.927+0000][1][safepoint    ] Application time: 1.0000770 seconds
[2019-12-08T11:49:30.927+0000][1][safepoint    ] Entering safepoint region: Cleanup
[2019-12-08T11:49:30.927+0000][1][safepoint    ] Leaving safepoint region
[2019-12-08T11:49:30.927+0000][1][safepoint    ] Total time for which application threads were stopped: 0.0000725 seconds, Stopping threads took: 0.0000176 seconds
[2019-12-08T11:49:31.928+0000][1][safepoint    ] Application time: 1.0000810 seconds
[2019-12-08T11:49:31.928+0000][1][safepoint    ] Entering safepoint region: Cleanup
[2019-12-08T11:49:31.928+0000][1][safepoint    ] Leaving safepoint region
[2019-12-08T11:49:31.928+0000][1][safepoint    ] Total time for which application threads were stopped: 0.0000863 seconds, Stopping threads took: 0.0000189 seconds
[2019-12-08T11:49:32.928+0000][1][safepoint    ] Application time: 1.0000768 seconds
[2019-12-08T11:49:32.928+0000][1][safepoint    ] Entering safepoint region: Cleanup
[2019-12-08T11:49:32.928+0000][1][safepoint    ] Leaving safepoint region
[2019-12-08T11:49:32.928+0000][1][safepoint    ] Total time for which application threads were stopped: 0.0000696 seconds, Stopping threads took: 0.0000182 seconds
[2019-12-08T11:49:33.928+0000][1][safepoint    ] Application time: 1.0000771 seconds
[2019-12-08T11:49:33.928+0000][1][safepoint    ] Entering safepoint region: Cleanup
[2019-12-08T11:49:33.928+0000][1][safepoint    ] Leaving safepoint region
[2019-12-08T11:49:33.928+0000][1][safepoint    ] Total time for which application threads were stopped: 0.0000733 seconds, Stopping threads took: 0.0000193 seconds
[2019-12-08T11:49:33.940+0000][1][safepoint    ] Application time: 0.0120362 seconds
[2019-12-08T11:49:33.940+0000][1][safepoint    ] Entering safepoint region: GenCollectForAllocation
[2019-12-08T11:49:33.940+0000][1][gc,start     ] GC(26) Pause Young (Allocation Failure)
[2019-12-08T11:49:33.940+0000][1][gc,task      ] GC(26) Using 4 workers of 4 for evacuation
[2019-12-08T11:49:33.945+0000][1][gc,age       ] GC(26) Desired survivor size 4456448 bytes, new threshold 6 (max threshold 6)
[2019-12-08T11:49:33.945+0000][1][gc,age       ] GC(26) Age table with threshold 6 (max threshold 6)
[2019-12-08T11:49:33.945+0000][1][gc,age       ] GC(26) - age   1:      76616 bytes,      76616 total
[2019-12-08T11:49:33.945+0000][1][gc,age       ] GC(26) - age   2:       1712 bytes,      78328 total
[2019-12-08T11:49:33.945+0000][1][gc,age       ] GC(26) - age   3:       7264 bytes,      85592 total
[2019-12-08T11:49:33.945+0000][1][gc,age       ] GC(26) - age   4:       6224 bytes,      91816 total
[2019-12-08T11:49:33.945+0000][1][gc,age       ] GC(26) - age   5:     587584 bytes,     679400 total
[2019-12-08T11:49:33.945+0000][1][gc,age       ] GC(26) - age   6:    2673144 bytes,    3352544 total
[2019-12-08T11:49:33.945+0000][1][gc,heap      ] GC(26) ParNew: 73953K->4356K(78656K)
[2019-12-08T11:49:33.945+0000][1][gc,heap      ] GC(26) CMS: 67158K->67158K(174784K)
[2019-12-08T11:49:33.945+0000][1][gc,metaspace ] GC(26) Metaspace: 69054K->69054K(1112064K)
[2019-12-08T11:49:33.945+0000][1][gc           ] GC(26) Pause Young (Allocation Failure) 137M->69M(247M) 5.076ms
[2019-12-08T11:49:33.945+0000][1][gc,cpu       ] GC(26) User=0.02s Sys=0.00s Real=0.01s
[2019-12-08T11:49:33.945+0000][1][safepoint    ] Leaving safepoint region
[2019-12-08T11:49:33.945+0000][1][safepoint    ] Total time for which application threads were stopped: 0.0052683 seconds, Stopping threads took: 0.0000507 seconds
[2019-12-08T11:49:34.946+0000][1][safepoint    ] Application time: 1.0001114 seconds
[2019-12-08T11:49:34.946+0000][1][safepoint    ] Entering safepoint region: Cleanup
[2019-12-08T11:49:34.946+0000][1][safepoint    ] Leaving safepoint region
[2019-12-08T11:49:34.946+0000][1][safepoint    ] Total time for which application threads were stopped: 0.0000904 seconds, Stopping threads took: 0.0000190 seconds
[2019-12-08T11:49:35.946+0000][1][safepoint    ] Application time: 1.0000888 seconds
[2019-12-08T11:49:35.946+0000][1][safepoint    ] Entering safepoint region: Cleanup
[2019-12-08T11:49:35.946+0000][1][safepoint    ] Leaving safepoint region
[2019-12-08T11:49:35.946+0000][1][safepoint    ] Total time for which application threads were stopped: 0.0000731 seconds, Stopping threads took: 0.0000193 seconds
[2019-12-08T11:49:36.946+0000][1][safepoint    ] Application time: 1.0000818 seconds
[2019-12-08T11:49:36.946+0000][1][safepoint    ] Entering safepoint region: Cleanup
[2019-12-08T11:49:36.946+0000][1][safepoint    ] Leaving safepoint region
[2019-12-08T11:49:36.946+0000][1][safepoint    ] Total time for which application threads were stopped: 0.0000852 seconds, Stopping threads took: 0.0000199 seconds
[2019-12-08T11:49:37.946+0000][1][safepoint    ] Application time: 1.0000842 seconds
[2019-12-08T11:49:37.946+0000][1][safepoint    ] Entering safepoint region: Cleanup
[2019-12-08T11:49:37.946+0000][1][safepoint    ] Leaving safepoint region
[2019-12-08T11:49:37.946+0000][1][safepoint    ] Total time for which application threads were stopped: 0.0000773 seconds, Stopping threads took: 0.0000215 seconds
[2019-12-08T11:49:38.946+0000][1][safepoint    ] Application time: 1.0000789 seconds
[2019-12-08T11:49:38.946+0000][1][safepoint    ] Entering safepoint region: Cleanup
[2019-12-08T11:49:38.946+0000][1][safepoint    ] Leaving safepoint region
[2019-12-08T11:49:38.946+0000][1][safepoint    ] Total time for which application threads were stopped: 0.0000832 seconds, Stopping threads took: 0.0000187 seconds
[2019-12-08T11:49:39.947+0000][1][safepoint    ] Application time: 1.0000816 seconds
[2019-12-08T11:49:39.947+0000][1][safepoint    ] Entering safepoint region: Cleanup
[2019-12-08T11:49:39.947+0000][1][safepoint    ] Leaving safepoint region
[2019-12-08T11:49:39.947+0000][1][safepoint    ] Total time for which application threads were stopped: 0.0000850 seconds, Stopping threads took: 0.0000175 seconds
[2019-12-08T11:49:40.947+0000][1][safepoint    ] Application time: 1.0000638 seconds
[2019-12-08T11:49:40.947+0000][1][safepoint    ] Entering safepoint region: Cleanup
[2019-12-08T11:49:40.947+0000][1][safepoint    ] Leaving safepoint region
[2019-12-08T11:49:40.947+0000][1][safepoint    ] Total time for which application threads were stopped: 0.0000742 seconds, Stopping threads took: 0.0000189 seconds
[2019-12-08T11:49:41.947+0000][1][safepoint    ] Application time: 1.0000868 seconds
[2019-12-08T11:49:41.947+0000][1][safepoint    ] Entering safepoint region: Cleanup
[2019-12-08T11:49:41.947+0000][1][safepoint    ] Leaving safepoint region
[2019-12-08T11:49:41.947+0000][1][safepoint    ] Total time for which application threads were stopped: 0.0001260 seconds, Stopping threads took: 0.0000255 seconds
[2019-12-08T11:49:42.947+0000][1][safepoint    ] Application time: 1.0000793 seconds
[2019-12-08T11:49:42.947+0000][1][safepoint    ] Entering safepoint region: Cleanup
[2019-12-08T11:49:42.947+0000][1][safepoint    ] Leaving safepoint region
[2019-12-08T11:49:42.947+0000][1][safepoint    ] Total time for which application threads were stopped: 0.0000713 seconds, Stopping threads took: 0.0000177 seconds
[2019-12-08T11:49:43.947+0000][1][safepoint    ] Application time: 1.0000811 seconds
[2019-12-08T11:49:43.947+0000][1][safepoint    ] Entering safepoint region: Cleanup
[2019-12-08T11:49:43.947+0000][1][safepoint    ] Leaving safepoint region
[2019-12-08T11:49:43.947+0000][1][safepoint    ] Total time for which application threads were stopped: 0.0000727 seconds, Stopping threads took: 0.0000190 seconds
[2019-12-08T11:49:44.948+0000][1][safepoint    ] Application time: 1.0000825 seconds
[2019-12-08T11:49:44.948+0000][1][safepoint    ] Entering safepoint region: Cleanup
[2019-12-08T11:49:44.948+0000][1][safepoint    ] Leaving safepoint region
[2019-12-08T11:49:44.948+0000][1][safepoint    ] Total time for which application threads were stopped: 0.0000690 seconds, Stopping threads took: 0.0000167 seconds
[2019-12-08T11:49:45.948+0000][1][safepoint    ] Application time: 1.0000910 seconds
[2019-12-08T11:49:45.948+0000][1][safepoint    ] Entering safepoint region: Cleanup
[2019-12-08T11:49:45.948+0000][1][safepoint    ] Leaving safepoint region
[2019-12-08T11:49:45.948+0000][1][safepoint    ] Total time for which application threads were stopped: 0.0000707 seconds, Stopping threads took: 0.0000190 seconds
[2019-12-08T11:49:46.948+0000][1][safepoint    ] Application time: 1.0000798 seconds
[2019-12-08T11:49:46.948+0000][1][safepoint    ] Entering safepoint region: Cleanup
[2019-12-08T11:49:46.948+0000][1][safepoint    ] Leaving safepoint region
[2019-12-08T11:49:46.948+0000][1][safepoint    ] Total time for which application threads were stopped: 0.0001534 seconds, Stopping threads took: 0.0000596 seconds
[2019-12-08T11:49:47.948+0000][1][safepoint    ] Application time: 1.0000882 seconds
[2019-12-08T11:49:47.948+0000][1][safepoint    ] Entering safepoint region: Cleanup
[2019-12-08T11:49:47.948+0000][1][safepoint    ] Leaving safepoint region
[2019-12-08T11:49:47.948+0000][1][safepoint    ] Total time for which application threads were stopped: 0.0001115 seconds, Stopping threads took: 0.0000224 seconds
[2019-12-08T11:49:48.948+0000][1][safepoint    ] Application time: 1.0000885 seconds
[2019-12-08T11:49:48.948+0000][1][safepoint    ] Entering safepoint region: Cleanup
[2019-12-08T11:49:48.948+0000][1][safepoint    ] Leaving safepoint region
[2019-12-08T11:49:48.948+0000][1][safepoint    ] Total time for which application threads were stopped: 0.0000702 seconds, Stopping threads took: 0.0000190 seconds
[2019-12-08T11:49:49.949+0000][1][safepoint    ] Application time: 1.0000778 seconds
[2019-12-08T11:49:49.949+0000][1][safepoint    ] Entering safepoint region: Cleanup
[2019-12-08T11:49:49.949+0000][1][safepoint    ] Leaving safepoint region
[2019-12-08T11:49:49.949+0000][1][safepoint    ] Total time for which application threads were stopped: 0.0000672 seconds, Stopping threads took: 0.0000172 seconds
[2019-12-08T11:49:50.949+0000][1][safepoint    ] Application time: 1.0000897 seconds
[2019-12-08T11:49:50.949+0000][1][safepoint    ] Entering safepoint region: Cleanup
[2019-12-08T11:49:50.949+0000][1][safepoint    ] Leaving safepoint region
[2019-12-08T11:49:50.949+0000][1][safepoint    ] Total time for which application threads were stopped: 0.0000704 seconds, Stopping threads took: 0.0000186 seconds
[2019-12-08T11:49:51.949+0000][1][safepoint    ] Application time: 1.0000825 seconds
[2019-12-08T11:49:51.949+0000][1][safepoint    ] Entering safepoint region: Cleanup
[2019-12-08T11:49:51.949+0000][1][safepoint    ] Leaving safepoint region
[2019-12-08T11:49:51.949+0000][1][safepoint    ] Total time for which application threads were stopped: 0.0000743 seconds, Stopping threads took: 0.0000192 seconds
[2019-12-08T11:49:52.949+0000][1][safepoint    ] Application time: 1.0000837 seconds
[2019-12-08T11:49:52.949+0000][1][safepoint    ] Entering safepoint region: Cleanup
[2019-12-08T11:49:52.949+0000][1][safepoint    ] Leaving safepoint region
[2019-12-08T11:49:52.949+0000][1][safepoint    ] Total time for which application threads were stopped: 0.0000714 seconds, Stopping threads took: 0.0000182 seconds
[2019-12-08T11:49:53.949+0000][1][safepoint    ] Application time: 1.0000813 seconds
[2019-12-08T11:49:53.949+0000][1][safepoint    ] Entering safepoint region: Cleanup
[2019-12-08T11:49:53.949+0000][1][safepoint    ] Leaving safepoint region
[2019-12-08T11:49:53.949+0000][1][safepoint    ] Total time for which application threads were stopped: 0.0000758 seconds, Stopping threads took: 0.0000196 seconds
[2019-12-08T11:49:54.949+0000][1][safepoint    ] Application time: 1.0000322 seconds
[2019-12-08T11:49:54.949+0000][1][safepoint    ] Entering safepoint region: Cleanup
[2019-12-08T11:49:54.950+0000][1][safepoint    ] Leaving safepoint region
[2019-12-08T11:49:54.950+0000][1][safepoint    ] Total time for which application threads were stopped: 0.0000760 seconds, Stopping threads took: 0.0000179 seconds
[2019-12-08T11:49:55.950+0000][1][safepoint    ] Application time: 1.0000774 seconds
[2019-12-08T11:49:55.950+0000][1][safepoint    ] Entering safepoint region: Cleanup
[2019-12-08T11:49:55.950+0000][1][safepoint    ] Leaving safepoint region
[2019-12-08T11:49:55.950+0000][1][safepoint    ] Total time for which application threads were stopped: 0.0000890 seconds, Stopping threads took: 0.0000242 seconds
[2019-12-08T11:49:56.950+0000][1][safepoint    ] Application time: 1.0000784 seconds
[2019-12-08T11:49:56.950+0000][1][safepoint    ] Entering safepoint region: Cleanup
[2019-12-08T11:49:56.950+0000][1][safepoint    ] Leaving safepoint region
[2019-12-08T11:49:56.950+0000][1][safepoint    ] Total time for which application threads were stopped: 0.0000730 seconds, Stopping threads took: 0.0000197 seconds
[2019-12-08T11:49:57.950+0000][1][safepoint    ] Application time: 1.0000822 seconds
[2019-12-08T11:49:57.950+0000][1][safepoint    ] Entering safepoint region: Cleanup
[2019-12-08T11:49:57.950+0000][1][safepoint    ] Leaving safepoint region
[2019-12-08T11:49:57.950+0000][1][safepoint    ] Total time for which application threads were stopped: 0.0000722 seconds, Stopping threads took: 0.0000169 seconds
[2019-12-08T11:49:58.950+0000][1][safepoint    ] Application time: 1.0000806 seconds
[2019-12-08T11:49:58.950+0000][1][safepoint    ] Entering safepoint region: Cleanup
[2019-12-08T11:49:58.950+0000][1][safepoint    ] Leaving safepoint region
[2019-12-08T11:49:58.950+0000][1][safepoint    ] Total time for which application threads were stopped: 0.0000726 seconds, Stopping threads took: 0.0000205 seconds
[2019-12-08T11:49:59.950+0000][1][safepoint    ] Application time: 1.0001507 seconds
[2019-12-08T11:49:59.950+0000][1][safepoint    ] Entering safepoint region: Cleanup
[2019-12-08T11:49:59.951+0000][1][safepoint    ] Leaving safepoint region
[2019-12-08T11:49:59.951+0000][1][safepoint    ] Total time for which application threads were stopped: 0.0000864 seconds, Stopping threads took: 0.0000208 seconds
[2019-12-08T11:50:00.951+0000][1][safepoint    ] Application time: 1.0000879 seconds
[2019-12-08T11:50:00.951+0000][1][safepoint    ] Entering safepoint region: Cleanup
[2019-12-08T11:50:00.951+0000][1][safepoint    ] Leaving safepoint region
[2019-12-08T11:50:00.951+0000][1][safepoint    ] Total time for which application threads were stopped: 0.0000955 seconds, Stopping threads took: 0.0000345 seconds
[2019-12-08T11:50:01.951+0000][1][safepoint    ] Application time: 1.0001022 seconds
[2019-12-08T11:50:01.951+0000][1][safepoint    ] Entering safepoint region: Cleanup
[2019-12-08T11:50:01.951+0000][1][safepoint    ] Leaving safepoint region
[2019-12-08T11:50:01.951+0000][1][safepoint    ] Total time for which application threads were stopped: 0.0000811 seconds, Stopping threads took: 0.0000234 seconds
[2019-12-08T11:50:02.951+0000][1][safepoint    ] Application time: 1.0000968 seconds
[2019-12-08T11:50:02.951+0000][1][safepoint    ] Entering safepoint region: Cleanup
[2019-12-08T11:50:02.951+0000][1][safepoint    ] Leaving safepoint region
[2019-12-08T11:50:02.951+0000][1][safepoint    ] Total time for which application threads were stopped: 0.0000731 seconds, Stopping threads took: 0.0000184 seconds
[2019-12-08T11:50:03.951+0000][1][safepoint    ] Application time: 1.0000801 seconds
[2019-12-08T11:50:03.951+0000][1][safepoint    ] Entering safepoint region: Cleanup
[2019-12-08T11:50:03.951+0000][1][safepoint    ] Leaving safepoint region
[2019-12-08T11:50:03.951+0000][1][safepoint    ] Total time for which application threads were stopped: 0.0000745 seconds, Stopping threads took: 0.0000196 seconds
[2019-12-08T11:50:04.952+0000][1][safepoint    ] Application time: 1.0000898 seconds
[2019-12-08T11:50:04.952+0000][1][safepoint    ] Entering safepoint region: Cleanup
[2019-12-08T11:50:04.952+0000][1][safepoint    ] Leaving safepoint region
[2019-12-08T11:50:04.952+0000][1][safepoint    ] Total time for which application threads were stopped: 0.0000746 seconds, Stopping threads took: 0.0000201 seconds
[2019-12-08T11:50:05.952+0000][1][safepoint    ] Application time: 1.0000807 seconds
[2019-12-08T11:50:05.952+0000][1][safepoint    ] Entering safepoint region: Cleanup
[2019-12-08T11:50:05.952+0000][1][safepoint    ] Leaving safepoint region
[2019-12-08T11:50:05.952+0000][1][safepoint    ] Total time for which application threads were stopped: 0.0000729 seconds, Stopping threads took: 0.0000193 seconds
[2019-12-08T11:50:07.358+0000][1][safepoint    ] Application time: 1.4057490 seconds
[2019-12-08T11:50:07.358+0000][1][safepoint    ] Entering safepoint region: Cleanup
[2019-12-08T11:50:07.358+0000][1][safepoint    ] Leaving safepoint region
[2019-12-08T11:50:07.358+0000][1][safepoint    ] Total time for which application threads were stopped: 0.0000772 seconds, Stopping threads took: 0.0000171 seconds
[2019-12-08T11:50:08.358+0000][1][safepoint    ] Application time: 1.0000794 seconds
[2019-12-08T11:50:08.358+0000][1][safepoint    ] Entering safepoint region: Cleanup
[2019-12-08T11:50:08.358+0000][1][safepoint    ] Leaving safepoint region
[2019-12-08T11:50:08.358+0000][1][safepoint    ] Total time for which application threads were stopped: 0.0000704 seconds, Stopping threads took: 0.0000186 seconds
[2019-12-08T11:50:09.358+0000][1][safepoint    ] Application time: 1.0000798 seconds
[2019-12-08T11:50:09.358+0000][1][safepoint    ] Entering safepoint region: Cleanup
[2019-12-08T11:50:09.358+0000][1][safepoint    ] Leaving safepoint region
[2019-12-08T11:50:09.358+0000][1][safepoint    ] Total time for which application threads were stopped: 0.0000716 seconds, Stopping threads took: 0.0000204 seconds
[2019-12-08T11:50:10.358+0000][1][safepoint    ] Application time: 1.0000771 seconds
[2019-12-08T11:50:10.358+0000][1][safepoint    ] Entering safepoint region: Cleanup
[2019-12-08T11:50:10.358+0000][1][safepoint    ] Leaving safepoint region
[2019-12-08T11:50:10.358+0000][1][safepoint    ] Total time for which application threads were stopped: 0.0000664 seconds, Stopping threads took: 0.0000173 seconds
[2019-12-08T11:50:11.358+0000][1][safepoint    ] Application time: 1.0000457 seconds
[2019-12-08T11:50:11.358+0000][1][safepoint    ] Entering safepoint region: Cleanup
[2019-12-08T11:50:11.358+0000][1][safepoint    ] Leaving safepoint region
[2019-12-08T11:50:11.358+0000][1][safepoint    ] Total time for which application threads were stopped: 0.0000764 seconds, Stopping threads took: 0.0000184 seconds
[2019-12-08T11:50:12.358+0000][1][safepoint    ] Application time: 1.0000869 seconds
[2019-12-08T11:50:12.358+0000][1][safepoint    ] Entering safepoint region: Cleanup
[2019-12-08T11:50:12.359+0000][1][safepoint    ] Leaving safepoint region
[2019-12-08T11:50:12.359+0000][1][safepoint    ] Total time for which application threads were stopped: 0.0000708 seconds, Stopping threads took: 0.0000211 seconds
[2019-12-08T11:50:13.359+0000][1][safepoint    ] Application time: 1.0000762 seconds
[2019-12-08T11:50:13.359+0000][1][safepoint    ] Entering safepoint region: Cleanup
[2019-12-08T11:50:13.359+0000][1][safepoint    ] Leaving safepoint region
[2019-12-08T11:50:13.359+0000][1][safepoint    ] Total time for which application threads were stopped: 0.0000820 seconds, Stopping threads took: 0.0000205 seconds
[2019-12-08T11:50:14.359+0000][1][safepoint    ] Application time: 1.0000767 seconds
[2019-12-08T11:50:14.359+0000][1][safepoint    ] Entering safepoint region: Cleanup
[2019-12-08T11:50:14.359+0000][1][safepoint    ] Leaving safepoint region
[2019-12-08T11:50:14.359+0000][1][safepoint    ] Total time for which application threads were stopped: 0.0000655 seconds, Stopping threads took: 0.0000158 seconds
[2019-12-08T11:50:15.359+0000][1][safepoint    ] Application time: 1.0000786 seconds
[2019-12-08T11:50:15.359+0000][1][safepoint    ] Entering safepoint region: Cleanup
[2019-12-08T11:50:15.359+0000][1][safepoint    ] Leaving safepoint region
[2019-12-08T11:50:15.359+0000][1][safepoint    ] Total time for which application threads were stopped: 0.0000668 seconds, Stopping threads took: 0.0000168 seconds
[2019-12-08T11:50:16.359+0000][1][safepoint    ] Application time: 1.0000803 seconds
[2019-12-08T11:50:16.359+0000][1][safepoint    ] Entering safepoint region: Cleanup
[2019-12-08T11:50:16.359+0000][1][safepoint    ] Leaving safepoint region
[2019-12-08T11:50:16.359+0000][1][safepoint    ] Total time for which application threads were stopped: 0.0001163 seconds, Stopping threads took: 0.0000612 seconds
[2019-12-08T11:50:17.359+0000][1][safepoint    ] Application time: 1.0000837 seconds
[2019-12-08T11:50:17.359+0000][1][safepoint    ] Entering safepoint region: Cleanup
[2019-12-08T11:50:17.359+0000][1][safepoint    ] Leaving safepoint region
[2019-12-08T11:50:17.359+0000][1][safepoint    ] Total time for which application threads were stopped: 0.0000705 seconds, Stopping threads took: 0.0000176 seconds
[2019-12-08T11:50:18.360+0000][1][safepoint    ] Application time: 1.0000897 seconds
[2019-12-08T11:50:18.360+0000][1][safepoint    ] Entering safepoint region: Cleanup
[2019-12-08T11:50:18.360+0000][1][safepoint    ] Leaving safepoint region
[2019-12-08T11:50:18.360+0000][1][safepoint    ] Total time for which application threads were stopped: 0.0001108 seconds, Stopping threads took: 0.0000247 seconds
[2019-12-08T11:50:19.360+0000][1][safepoint    ] Application time: 1.0000774 seconds
[2019-12-08T11:50:19.360+0000][1][safepoint    ] Entering safepoint region: Cleanup
[2019-12-08T11:50:19.360+0000][1][safepoint    ] Leaving safepoint region
[2019-12-08T11:50:19.360+0000][1][safepoint    ] Total time for which application threads were stopped: 0.0000750 seconds, Stopping threads took: 0.0000193 seconds
[2019-12-08T11:50:20.360+0000][1][safepoint    ] Application time: 1.0000765 seconds
[2019-12-08T11:50:20.360+0000][1][safepoint    ] Entering safepoint region: Cleanup
[2019-12-08T11:50:20.360+0000][1][safepoint    ] Leaving safepoint region
[2019-12-08T11:50:20.360+0000][1][safepoint    ] Total time for which application threads were stopped: 0.0000728 seconds, Stopping threads took: 0.0000195 seconds
[2019-12-08T11:50:21.360+0000][1][safepoint    ] Application time: 1.0000765 seconds
[2019-12-08T11:50:21.360+0000][1][safepoint    ] Entering safepoint region: Cleanup
[2019-12-08T11:50:21.360+0000][1][safepoint    ] Leaving safepoint region
[2019-12-08T11:50:21.360+0000][1][safepoint    ] Total time for which application threads were stopped: 0.0000699 seconds, Stopping threads took: 0.0000176 seconds
[2019-12-08T11:50:22.360+0000][1][safepoint    ] Application time: 1.0000790 seconds
[2019-12-08T11:50:22.360+0000][1][safepoint    ] Entering safepoint region: Cleanup
[2019-12-08T11:50:22.360+0000][1][safepoint    ] Leaving safepoint region
[2019-12-08T11:50:22.360+0000][1][safepoint    ] Total time for which application threads were stopped: 0.0000729 seconds, Stopping threads took: 0.0000192 seconds
[2019-12-08T11:50:23.361+0000][1][safepoint    ] Application time: 1.0000861 seconds
[2019-12-08T11:50:23.361+0000][1][safepoint    ] Entering safepoint region: Cleanup
[2019-12-08T11:50:23.361+0000][1][safepoint    ] Leaving safepoint region
[2019-12-08T11:50:23.361+0000][1][safepoint    ] Total time for which application threads were stopped: 0.0000746 seconds, Stopping threads took: 0.0000213 seconds
[2019-12-08T11:50:24.361+0000][1][safepoint    ] Application time: 1.0000844 seconds
[2019-12-08T11:50:24.361+0000][1][safepoint    ] Entering safepoint region: Cleanup
[2019-12-08T11:50:24.361+0000][1][safepoint    ] Leaving safepoint region
[2019-12-08T11:50:24.361+0000][1][safepoint    ] Total time for which application threads were stopped: 0.0000944 seconds, Stopping threads took: 0.0000236 seconds
[2019-12-08T11:50:25.361+0000][1][safepoint    ] Application time: 1.0000790 seconds
[2019-12-08T11:50:25.361+0000][1][safepoint    ] Entering safepoint region: Cleanup
[2019-12-08T11:50:25.361+0000][1][safepoint    ] Leaving safepoint region
[2019-12-08T11:50:25.361+0000][1][safepoint    ] Total time for which application threads were stopped: 0.0000709 seconds, Stopping threads took: 0.0000197 seconds
[2019-12-08T11:50:26.361+0000][1][safepoint    ] Application time: 1.0000787 seconds
[2019-12-08T11:50:26.361+0000][1][safepoint    ] Entering safepoint region: Cleanup
[2019-12-08T11:50:26.361+0000][1][safepoint    ] Leaving safepoint region
[2019-12-08T11:50:26.361+0000][1][safepoint    ] Total time for which application threads were stopped: 0.0000702 seconds, Stopping threads took: 0.0000185 seconds
[2019-12-08T11:50:27.361+0000][1][safepoint    ] Application time: 1.0000834 seconds
[2019-12-08T11:50:27.361+0000][1][safepoint    ] Entering safepoint region: Cleanup
[2019-12-08T11:50:27.361+0000][1][safepoint    ] Leaving safepoint region
[2019-12-08T11:50:27.361+0000][1][safepoint    ] Total time for which application threads were stopped: 0.0000687 seconds, Stopping threads took: 0.0000182 seconds
[2019-12-08T11:50:28.361+0000][1][safepoint    ] Application time: 1.0000805 seconds
[2019-12-08T11:50:28.362+0000][1][safepoint    ] Entering safepoint region: Cleanup
[2019-12-08T11:50:28.362+0000][1][safepoint    ] Leaving safepoint region
[2019-12-08T11:50:28.362+0000][1][safepoint    ] Total time for which application threads were stopped: 0.0000713 seconds, Stopping threads took: 0.0000169 seconds
[2019-12-08T11:50:29.362+0000][1][safepoint    ] Application time: 1.0000828 seconds
[2019-12-08T11:50:29.362+0000][1][safepoint    ] Entering safepoint region: Cleanup
[2019-12-08T11:50:29.362+0000][1][safepoint    ] Leaving safepoint region
[2019-12-08T11:50:29.362+0000][1][safepoint    ] Total time for which application threads were stopped: 0.0000805 seconds, Stopping threads took: 0.0000303 seconds
[2019-12-08T11:50:30.362+0000][1][safepoint    ] Application time: 1.0000933 seconds
[2019-12-08T11:50:30.362+0000][1][safepoint    ] Entering safepoint region: Cleanup
[2019-12-08T11:50:30.362+0000][1][safepoint    ] Leaving safepoint region
[2019-12-08T11:50:30.362+0000][1][safepoint    ] Total time for which application threads were stopped: 0.0000693 seconds, Stopping threads took: 0.0000178 seconds
[2019-12-08T11:50:31.362+0000][1][safepoint    ] Application time: 1.0000821 seconds
[2019-12-08T11:50:31.362+0000][1][safepoint    ] Entering safepoint region: Cleanup
[2019-12-08T11:50:31.362+0000][1][safepoint    ] Leaving safepoint region
[2019-12-08T11:50:31.362+0000][1][safepoint    ] Total time for which application threads were stopped: 0.0000689 seconds, Stopping threads took: 0.0000184 seconds
[2019-12-08T11:50:32.362+0000][1][safepoint    ] Application time: 1.0000794 seconds
[2019-12-08T11:50:32.362+0000][1][safepoint    ] Entering safepoint region: Cleanup
[2019-12-08T11:50:32.362+0000][1][safepoint    ] Leaving safepoint region
[2019-12-08T11:50:32.362+0000][1][safepoint    ] Total time for which application threads were stopped: 0.0000673 seconds, Stopping threads took: 0.0000172 seconds
[2019-12-08T11:50:33.362+0000][1][safepoint    ] Application time: 1.0000783 seconds
[2019-12-08T11:50:33.362+0000][1][safepoint    ] Entering safepoint region: Cleanup
[2019-12-08T11:50:33.362+0000][1][safepoint    ] Leaving safepoint region
[2019-12-08T11:50:33.362+0000][1][safepoint    ] Total time for which application threads were stopped: 0.0000695 seconds, Stopping threads took: 0.0000181 seconds
[2019-12-08T11:50:34.363+0000][1][safepoint    ] Application time: 1.0000879 seconds
[2019-12-08T11:50:34.363+0000][1][safepoint    ] Entering safepoint region: Cleanup
[2019-12-08T11:50:34.363+0000][1][safepoint    ] Leaving safepoint region
[2019-12-08T11:50:34.363+0000][1][safepoint    ] Total time for which application threads were stopped: 0.0000713 seconds, Stopping threads took: 0.0000193 seconds
[2019-12-08T11:50:35.363+0000][1][safepoint    ] Application time: 1.0000928 seconds
[2019-12-08T11:50:35.363+0000][1][safepoint    ] Entering safepoint region: Cleanup
[2019-12-08T11:50:35.363+0000][1][safepoint    ] Leaving safepoint region
[2019-12-08T11:50:35.363+0000][1][safepoint    ] Total time for which application threads were stopped: 0.0000714 seconds, Stopping threads took: 0.0000178 seconds
[2019-12-08T11:50:36.363+0000][1][safepoint    ] Application time: 1.0000845 seconds
[2019-12-08T11:50:36.363+0000][1][safepoint    ] Entering safepoint region: Cleanup
[2019-12-08T11:50:36.363+0000][1][safepoint    ] Leaving safepoint region
[2019-12-08T11:50:36.363+0000][1][safepoint    ] Total time for which application threads were stopped: 0.0000696 seconds, Stopping threads took: 0.0000188 seconds
[2019-12-08T11:50:37.363+0000][1][safepoint    ] Application time: 1.0000807 seconds
[2019-12-08T11:50:37.363+0000][1][safepoint    ] Entering safepoint region: Cleanup
[2019-12-08T11:50:37.363+0000][1][safepoint    ] Leaving safepoint region
[2019-12-08T11:50:37.363+0000][1][safepoint    ] Total time for which application threads were stopped: 0.0000712 seconds, Stopping threads took: 0.0000199 seconds
[2019-12-08T11:50:38.392+0000][1][safepoint    ] Application time: 1.0291303 seconds
[2019-12-08T11:50:38.392+0000][1][safepoint    ] Entering safepoint region: Cleanup
[2019-12-08T11:50:38.392+0000][1][safepoint    ] Leaving safepoint region
[2019-12-08T11:50:38.392+0000][1][safepoint    ] Total time for which application threads were stopped: 0.0000721 seconds, Stopping threads took: 0.0000182 seconds
[2019-12-08T11:50:39.393+0000][1][safepoint    ] Application time: 1.0000756 seconds
[2019-12-08T11:50:39.393+0000][1][safepoint    ] Entering safepoint region: Cleanup
[2019-12-08T11:50:39.393+0000][1][safepoint    ] Leaving safepoint region
[2019-12-08T11:50:39.393+0000][1][safepoint    ] Total time for which application threads were stopped: 0.0000695 seconds, Stopping threads took: 0.0000167 seconds
[2019-12-08T11:50:40.393+0000][1][safepoint    ] Application time: 1.0000778 seconds
[2019-12-08T11:50:40.393+0000][1][safepoint    ] Entering safepoint region: Cleanup
[2019-12-08T11:50:40.393+0000][1][safepoint    ] Leaving safepoint region
[2019-12-08T11:50:40.393+0000][1][safepoint    ] Total time for which application threads were stopped: 0.0000740 seconds, Stopping threads took: 0.0000184 seconds
[2019-12-08T11:50:41.393+0000][1][safepoint    ] Application time: 1.0000771 seconds
[2019-12-08T11:50:41.393+0000][1][safepoint    ] Entering safepoint region: Cleanup
[2019-12-08T11:50:41.393+0000][1][safepoint    ] Leaving safepoint region
[2019-12-08T11:50:41.393+0000][1][safepoint    ] Total time for which application threads were stopped: 0.0000693 seconds, Stopping threads took: 0.0000172 seconds
[2019-12-08T11:50:42.393+0000][1][safepoint    ] Application time: 1.0000780 seconds
[2019-12-08T11:50:42.393+0000][1][safepoint    ] Entering safepoint region: Cleanup
[2019-12-08T11:50:42.393+0000][1][safepoint    ] Leaving safepoint region
[2019-12-08T11:50:42.393+0000][1][safepoint    ] Total time for which application threads were stopped: 0.0000824 seconds, Stopping threads took: 0.0000166 seconds
[2019-12-08T11:50:43.393+0000][1][safepoint    ] Application time: 1.0000801 seconds
[2019-12-08T11:50:43.393+0000][1][safepoint    ] Entering safepoint region: Cleanup
[2019-12-08T11:50:43.393+0000][1][safepoint    ] Leaving safepoint region
[2019-12-08T11:50:43.393+0000][1][safepoint    ] Total time for which application threads were stopped: 0.0000691 seconds, Stopping threads took: 0.0000170 seconds
[2019-12-08T11:50:44.394+0000][1][safepoint    ] Application time: 1.0000764 seconds
[2019-12-08T11:50:44.394+0000][1][safepoint    ] Entering safepoint region: Cleanup
[2019-12-08T11:50:44.394+0000][1][safepoint    ] Leaving safepoint region
[2019-12-08T11:50:44.394+0000][1][safepoint    ] Total time for which application threads were stopped: 0.0000697 seconds, Stopping threads took: 0.0000163 seconds
[2019-12-08T11:50:45.394+0000][1][safepoint    ] Application time: 1.0000685 seconds
[2019-12-08T11:50:45.394+0000][1][safepoint    ] Entering safepoint region: Cleanup
[2019-12-08T11:50:45.394+0000][1][safepoint    ] Leaving safepoint region
[2019-12-08T11:50:45.394+0000][1][safepoint    ] Total time for which application threads were stopped: 0.0000844 seconds, Stopping threads took: 0.0000165 seconds
[2019-12-08T11:50:46.394+0000][1][safepoint    ] Application time: 1.0000768 seconds
[2019-12-08T11:50:46.394+0000][1][safepoint    ] Entering safepoint region: Cleanup
[2019-12-08T11:50:46.394+0000][1][safepoint    ] Leaving safepoint region
[2019-12-08T11:50:46.394+0000][1][safepoint    ] Total time for which application threads were stopped: 0.0000724 seconds, Stopping threads took: 0.0000189 seconds
[2019-12-08T11:50:47.394+0000][1][safepoint    ] Application time: 1.0000778 seconds
[2019-12-08T11:50:47.394+0000][1][safepoint    ] Entering safepoint region: Cleanup
[2019-12-08T11:50:47.394+0000][1][safepoint    ] Leaving safepoint region
[2019-12-08T11:50:47.394+0000][1][safepoint    ] Total time for which application threads were stopped: 0.0000709 seconds, Stopping threads took: 0.0000176 seconds
[2019-12-08T11:50:48.394+0000][1][safepoint    ] Application time: 1.0000738 seconds
[2019-12-08T11:50:48.394+0000][1][safepoint    ] Entering safepoint region: Cleanup
[2019-12-08T11:50:48.394+0000][1][safepoint    ] Leaving safepoint region
[2019-12-08T11:50:48.394+0000][1][safepoint    ] Total time for which application threads were stopped: 0.0000727 seconds, Stopping threads took: 0.0000171 seconds
[2019-12-08T11:50:49.394+0000][1][safepoint    ] Application time: 1.0000776 seconds
[2019-12-08T11:50:49.395+0000][1][safepoint    ] Entering safepoint region: Cleanup
[2019-12-08T11:50:49.395+0000][1][safepoint    ] Leaving safepoint region
[2019-12-08T11:50:49.395+0000][1][safepoint    ] Total time for which application threads were stopped: 0.0000702 seconds, Stopping threads took: 0.0000176 seconds
[2019-12-08T11:50:50.395+0000][1][safepoint    ] Application time: 1.0000890 seconds
[2019-12-08T11:50:50.395+0000][1][safepoint    ] Entering safepoint region: Cleanup
[2019-12-08T11:50:50.395+0000][1][safepoint    ] Leaving safepoint region
[2019-12-08T11:50:50.395+0000][1][safepoint    ] Total time for which application threads were stopped: 0.0000731 seconds, Stopping threads took: 0.0000178 seconds
[2019-12-08T11:50:51.395+0000][1][safepoint    ] Application time: 1.0000777 seconds
[2019-12-08T11:50:51.395+0000][1][safepoint    ] Entering safepoint region: Cleanup
[2019-12-08T11:50:51.395+0000][1][safepoint    ] Leaving safepoint region
[2019-12-08T11:50:51.395+0000][1][safepoint    ] Total time for which application threads were stopped: 0.0000674 seconds, Stopping threads took: 0.0000154 seconds
[2019-12-08T11:50:52.395+0000][1][safepoint    ] Application time: 1.0000764 seconds
[2019-12-08T11:50:52.395+0000][1][safepoint    ] Entering safepoint region: Cleanup
[2019-12-08T11:50:52.395+0000][1][safepoint    ] Leaving safepoint region
[2019-12-08T11:50:52.395+0000][1][safepoint    ] Total time for which application threads were stopped: 0.0000699 seconds, Stopping threads took: 0.0000160 seconds
[2019-12-08T11:50:53.395+0000][1][safepoint    ] Application time: 1.0000859 seconds
[2019-12-08T11:50:53.395+0000][1][safepoint    ] Entering safepoint region: Cleanup
[2019-12-08T11:50:53.395+0000][1][safepoint    ] Leaving safepoint region
[2019-12-08T11:50:53.395+0000][1][safepoint    ] Total time for which application threads were stopped: 0.0000959 seconds, Stopping threads took: 0.0000225 seconds
[2019-12-08T11:50:54.396+0000][1][safepoint    ] Application time: 1.0000890 seconds
[2019-12-08T11:50:54.396+0000][1][safepoint    ] Entering safepoint region: Cleanup
[2019-12-08T11:50:54.396+0000][1][safepoint    ] Leaving safepoint region
[2019-12-08T11:50:54.396+0000][1][safepoint    ] Total time for which application threads were stopped: 0.0000756 seconds, Stopping threads took: 0.0000190 seconds
[2019-12-08T11:50:56.394+0000][1][safepoint    ] Application time: 1.9982734 seconds
[2019-12-08T11:50:56.394+0000][1][safepoint    ] Entering safepoint region: Cleanup
[2019-12-08T11:50:56.394+0000][1][safepoint    ] Leaving safepoint region
[2019-12-08T11:50:56.394+0000][1][safepoint    ] Total time for which application threads were stopped: 0.0000812 seconds, Stopping threads took: 0.0000237 seconds
[2019-12-08T11:50:57.394+0000][1][safepoint    ] Application time: 1.0000817 seconds
[2019-12-08T11:50:57.394+0000][1][safepoint    ] Entering safepoint region: Cleanup
[2019-12-08T11:50:57.394+0000][1][safepoint    ] Leaving safepoint region
[2019-12-08T11:50:57.394+0000][1][safepoint    ] Total time for which application threads were stopped: 0.0000711 seconds, Stopping threads took: 0.0000162 seconds
[2019-12-08T11:50:58.394+0000][1][safepoint    ] Application time: 1.0000773 seconds
[2019-12-08T11:50:58.394+0000][1][safepoint    ] Entering safepoint region: Cleanup
[2019-12-08T11:50:58.394+0000][1][safepoint    ] Leaving safepoint region
[2019-12-08T11:50:58.394+0000][1][safepoint    ] Total time for which application threads were stopped: 0.0000723 seconds, Stopping threads took: 0.0000179 seconds
[2019-12-08T11:50:59.395+0000][1][safepoint    ] Application time: 1.0000787 seconds
[2019-12-08T11:50:59.395+0000][1][safepoint    ] Entering safepoint region: Cleanup
[2019-12-08T11:50:59.395+0000][1][safepoint    ] Leaving safepoint region
[2019-12-08T11:50:59.395+0000][1][safepoint    ] Total time for which application threads were stopped: 0.0000811 seconds, Stopping threads took: 0.0000168 seconds
[2019-12-08T11:51:00.395+0000][1][safepoint    ] Application time: 1.0005330 seconds
[2019-12-08T11:51:00.395+0000][1][safepoint    ] Entering safepoint region: Cleanup
[2019-12-08T11:51:00.395+0000][1][safepoint    ] Leaving safepoint region
[2019-12-08T11:51:00.395+0000][1][safepoint    ] Total time for which application threads were stopped: 0.0000838 seconds, Stopping threads took: 0.0000191 seconds
[2019-12-08T11:51:01.395+0000][1][safepoint    ] Application time: 1.0000595 seconds
[2019-12-08T11:51:01.395+0000][1][safepoint    ] Entering safepoint region: Cleanup
[2019-12-08T11:51:01.396+0000][1][safepoint    ] Leaving safepoint region
[2019-12-08T11:51:01.396+0000][1][safepoint    ] Total time for which application threads were stopped: 0.0001072 seconds, Stopping threads took: 0.0000324 seconds
[2019-12-08T11:51:02.396+0000][1][safepoint    ] Application time: 1.0000816 seconds
[2019-12-08T11:51:02.396+0000][1][safepoint    ] Entering safepoint region: Cleanup
[2019-12-08T11:51:02.396+0000][1][safepoint    ] Leaving safepoint region
[2019-12-08T11:51:02.396+0000][1][safepoint    ] Total time for which application threads were stopped: 0.0000900 seconds, Stopping threads took: 0.0000200 seconds
[2019-12-08T11:51:03.396+0000][1][safepoint    ] Application time: 1.0000814 seconds
[2019-12-08T11:51:03.396+0000][1][safepoint    ] Entering safepoint region: Cleanup
[2019-12-08T11:51:03.396+0000][1][safepoint    ] Leaving safepoint region
[2019-12-08T11:51:03.396+0000][1][safepoint    ] Total time for which application threads were stopped: 0.0000744 seconds, Stopping threads took: 0.0000185 seconds
[2019-12-08T11:51:04.396+0000][1][safepoint    ] Application time: 1.0000809 seconds
[2019-12-08T11:51:04.396+0000][1][safepoint    ] Entering safepoint region: Cleanup
[2019-12-08T11:51:04.396+0000][1][safepoint    ] Leaving safepoint region
[2019-12-08T11:51:04.396+0000][1][safepoint    ] Total time for which application threads were stopped: 0.0000730 seconds, Stopping threads took: 0.0000184 seconds
[2019-12-08T11:51:05.396+0000][1][safepoint    ] Application time: 1.0000815 seconds
[2019-12-08T11:51:05.396+0000][1][safepoint    ] Entering safepoint region: Cleanup
[2019-12-08T11:51:05.396+0000][1][safepoint    ] Leaving safepoint region
[2019-12-08T11:51:05.396+0000][1][safepoint    ] Total time for which application threads were stopped: 0.0000751 seconds, Stopping threads took: 0.0000203 seconds
[2019-12-08T11:51:06.396+0000][1][safepoint    ] Application time: 1.0000796 seconds
[2019-12-08T11:51:06.396+0000][1][safepoint    ] Entering safepoint region: Cleanup
[2019-12-08T11:51:06.397+0000][1][safepoint    ] Leaving safepoint region
[2019-12-08T11:51:06.397+0000][1][safepoint    ] Total time for which application threads were stopped: 0.0000722 seconds, Stopping threads took: 0.0000168 seconds
[2019-12-08T11:51:07.397+0000][1][safepoint    ] Application time: 1.0000815 seconds
[2019-12-08T11:51:07.397+0000][1][safepoint    ] Entering safepoint region: Cleanup
[2019-12-08T11:51:07.397+0000][1][safepoint    ] Leaving safepoint region
[2019-12-08T11:51:07.397+0000][1][safepoint    ] Total time for which application threads were stopped: 0.0000942 seconds, Stopping threads took: 0.0000378 seconds
[2019-12-08T11:51:08.397+0000][1][safepoint    ] Application time: 1.0000827 seconds
[2019-12-08T11:51:08.397+0000][1][safepoint    ] Entering safepoint region: Cleanup
[2019-12-08T11:51:08.397+0000][1][safepoint    ] Leaving safepoint region
[2019-12-08T11:51:08.397+0000][1][safepoint    ] Total time for which application threads were stopped: 0.0000960 seconds, Stopping threads took: 0.0000233 seconds
[2019-12-08T11:51:09.397+0000][1][safepoint    ] Application time: 1.0000864 seconds
[2019-12-08T11:51:09.397+0000][1][safepoint    ] Entering safepoint region: Cleanup
[2019-12-08T11:51:09.397+0000][1][safepoint    ] Leaving safepoint region
[2019-12-08T11:51:09.397+0000][1][safepoint    ] Total time for which application threads were stopped: 0.0000893 seconds, Stopping threads took: 0.0000197 seconds
[2019-12-08T11:51:10.397+0000][1][safepoint    ] Application time: 1.0000835 seconds
[2019-12-08T11:51:10.397+0000][1][safepoint    ] Entering safepoint region: Cleanup
[2019-12-08T11:51:10.397+0000][1][safepoint    ] Leaving safepoint region
[2019-12-08T11:51:10.397+0000][1][safepoint    ] Total time for which application threads were stopped: 0.0000772 seconds, Stopping threads took: 0.0000217 seconds
[2019-12-08T11:51:11.398+0000][1][safepoint    ] Application time: 1.0000779 seconds
[2019-12-08T11:51:11.398+0000][1][safepoint    ] Entering safepoint region: Cleanup
[2019-12-08T11:51:11.398+0000][1][safepoint    ] Leaving safepoint region
[2019-12-08T11:51:11.398+0000][1][safepoint    ] Total time for which application threads were stopped: 0.0000702 seconds, Stopping threads took: 0.0000163 seconds
[2019-12-08T11:51:12.398+0000][1][safepoint    ] Application time: 1.0000779 seconds
[2019-12-08T11:51:12.398+0000][1][safepoint    ] Entering safepoint region: Cleanup
[2019-12-08T11:51:12.398+0000][1][safepoint    ] Leaving safepoint region
[2019-12-08T11:51:12.398+0000][1][safepoint    ] Total time for which application threads were stopped: 0.0000765 seconds, Stopping threads took: 0.0000203 seconds
[2019-12-08T11:51:13.398+0000][1][safepoint    ] Application time: 1.0000764 seconds
[2019-12-08T11:51:13.398+0000][1][safepoint    ] Entering safepoint region: Cleanup
[2019-12-08T11:51:13.398+0000][1][safepoint    ] Leaving safepoint region
[2019-12-08T11:51:13.398+0000][1][safepoint    ] Total time for which application threads were stopped: 0.0000703 seconds, Stopping threads took: 0.0000175 seconds
[2019-12-08T11:51:14.398+0000][1][safepoint    ] Application time: 1.0000759 seconds
[2019-12-08T11:51:14.398+0000][1][safepoint    ] Entering safepoint region: Cleanup
[2019-12-08T11:51:14.398+0000][1][safepoint    ] Leaving safepoint region
[2019-12-08T11:51:14.398+0000][1][safepoint    ] Total time for which application threads were stopped: 0.0000778 seconds, Stopping threads took: 0.0000216 seconds
[2019-12-08T11:51:15.398+0000][1][safepoint    ] Application time: 1.0000766 seconds
[2019-12-08T11:51:15.398+0000][1][safepoint    ] Entering safepoint region: Cleanup
[2019-12-08T11:51:15.398+0000][1][safepoint    ] Leaving safepoint region
[2019-12-08T11:51:15.398+0000][1][safepoint    ] Total time for which application threads were stopped: 0.0000741 seconds, Stopping threads took: 0.0000182 seconds
[2019-12-08T11:51:16.398+0000][1][safepoint    ] Application time: 1.0000754 seconds
[2019-12-08T11:51:16.399+0000][1][safepoint    ] Entering safepoint region: Cleanup
[2019-12-08T11:51:16.399+0000][1][safepoint    ] Leaving safepoint region
[2019-12-08T11:51:16.399+0000][1][safepoint    ] Total time for which application threads were stopped: 0.0000720 seconds, Stopping threads took: 0.0000205 seconds
[2019-12-08T11:51:17.399+0000][1][safepoint    ] Application time: 1.0000766 seconds
[2019-12-08T11:51:17.399+0000][1][safepoint    ] Entering safepoint region: Cleanup
[2019-12-08T11:51:17.399+0000][1][safepoint    ] Leaving safepoint region
[2019-12-08T11:51:17.399+0000][1][safepoint    ] Total time for which application threads were stopped: 0.0000808 seconds, Stopping threads took: 0.0000276 seconds
[2019-12-08T11:51:18.399+0000][1][safepoint    ] Application time: 1.0000762 seconds
[2019-12-08T11:51:18.399+0000][1][safepoint    ] Entering safepoint region: Cleanup
[2019-12-08T11:51:18.399+0000][1][safepoint    ] Leaving safepoint region
[2019-12-08T11:51:18.399+0000][1][safepoint    ] Total time for which application threads were stopped: 0.0000712 seconds, Stopping threads took: 0.0000181 seconds
[2019-12-08T11:51:19.399+0000][1][safepoint    ] Application time: 1.0000779 seconds
[2019-12-08T11:51:19.399+0000][1][safepoint    ] Entering safepoint region: Cleanup
[2019-12-08T11:51:19.399+0000][1][safepoint    ] Leaving safepoint region
[2019-12-08T11:51:19.399+0000][1][safepoint    ] Total time for which application threads were stopped: 0.0000761 seconds, Stopping threads took: 0.0000218 seconds
[2019-12-08T11:51:20.399+0000][1][safepoint    ] Application time: 1.0000760 seconds
[2019-12-08T11:51:20.399+0000][1][safepoint    ] Entering safepoint region: Cleanup
[2019-12-08T11:51:20.399+0000][1][safepoint    ] Leaving safepoint region
[2019-12-08T11:51:20.399+0000][1][safepoint    ] Total time for which application threads were stopped: 0.0000746 seconds, Stopping threads took: 0.0000194 seconds
[2019-12-08T11:51:21.401+0000][1][safepoint    ] Application time: 1.0013084 seconds
[2019-12-08T11:51:21.401+0000][1][safepoint    ] Entering safepoint region: Cleanup
[2019-12-08T11:51:21.401+0000][1][safepoint    ] Leaving safepoint region
[2019-12-08T11:51:21.401+0000][1][safepoint    ] Total time for which application threads were stopped: 0.0000815 seconds, Stopping threads took: 0.0000159 seconds
[2019-12-08T11:51:22.401+0000][1][safepoint    ] Application time: 1.0000994 seconds
[2019-12-08T11:51:22.401+0000][1][safepoint    ] Entering safepoint region: Cleanup
[2019-12-08T11:51:22.401+0000][1][safepoint    ] Leaving safepoint region
[2019-12-08T11:51:22.401+0000][1][safepoint    ] Total time for which application threads were stopped: 0.0000741 seconds, Stopping threads took: 0.0000186 seconds
[2019-12-08T11:51:23.401+0000][1][safepoint    ] Application time: 1.0000779 seconds
[2019-12-08T11:51:23.401+0000][1][safepoint    ] Entering safepoint region: Cleanup
[2019-12-08T11:51:23.401+0000][1][safepoint    ] Leaving safepoint region
[2019-12-08T11:51:23.401+0000][1][safepoint    ] Total time for which application threads were stopped: 0.0000743 seconds, Stopping threads took: 0.0000185 seconds
[2019-12-08T11:51:24.401+0000][1][safepoint    ] Application time: 1.0000766 seconds
[2019-12-08T11:51:24.401+0000][1][safepoint    ] Entering safepoint region: Cleanup
[2019-12-08T11:51:24.401+0000][1][safepoint    ] Leaving safepoint region
[2019-12-08T11:51:24.401+0000][1][safepoint    ] Total time for which application threads were stopped: 0.0000719 seconds, Stopping threads took: 0.0000177 seconds
[2019-12-08T11:51:25.401+0000][1][safepoint    ] Application time: 1.0000772 seconds
[2019-12-08T11:51:25.402+0000][1][safepoint    ] Entering safepoint region: Cleanup
[2019-12-08T11:51:25.402+0000][1][safepoint    ] Leaving safepoint region
[2019-12-08T11:51:25.402+0000][1][safepoint    ] Total time for which application threads were stopped: 0.0000721 seconds, Stopping threads took: 0.0000178 seconds
[2019-12-08T11:51:26.402+0000][1][safepoint    ] Application time: 1.0000755 seconds
[2019-12-08T11:51:26.402+0000][1][safepoint    ] Entering safepoint region: Cleanup
[2019-12-08T11:51:26.402+0000][1][safepoint    ] Leaving safepoint region
[2019-12-08T11:51:26.402+0000][1][safepoint    ] Total time for which application threads were stopped: 0.0000698 seconds, Stopping threads took: 0.0000164 seconds
[2019-12-08T11:51:27.402+0000][1][safepoint    ] Application time: 1.0000816 seconds
[2019-12-08T11:51:27.402+0000][1][safepoint    ] Entering safepoint region: Cleanup
[2019-12-08T11:51:27.402+0000][1][safepoint    ] Leaving safepoint region
[2019-12-08T11:51:27.402+0000][1][safepoint    ] Total time for which application threads were stopped: 0.0000844 seconds, Stopping threads took: 0.0000255 seconds
[2019-12-08T11:51:28.402+0000][1][safepoint    ] Application time: 1.0000858 seconds
[2019-12-08T11:51:28.402+0000][1][safepoint    ] Entering safepoint region: Cleanup
[2019-12-08T11:51:28.402+0000][1][safepoint    ] Leaving safepoint region
[2019-12-08T11:51:28.402+0000][1][safepoint    ] Total time for which application threads were stopped: 0.0000750 seconds, Stopping threads took: 0.0000181 seconds
[2019-12-08T11:51:29.402+0000][1][safepoint    ] Application time: 1.0000842 seconds
[2019-12-08T11:51:29.402+0000][1][safepoint    ] Entering safepoint region: Cleanup
[2019-12-08T11:51:29.402+0000][1][safepoint    ] Leaving safepoint region
[2019-12-08T11:51:29.402+0000][1][safepoint    ] Total time for which application threads were stopped: 0.0000734 seconds, Stopping threads took: 0.0000186 seconds
[2019-12-08T11:51:30.402+0000][1][safepoint    ] Application time: 1.0000853 seconds
[2019-12-08T11:51:30.403+0000][1][safepoint    ] Entering safepoint region: Cleanup
[2019-12-08T11:51:30.403+0000][1][safepoint    ] Leaving safepoint region
[2019-12-08T11:51:30.403+0000][1][safepoint    ] Total time for which application threads were stopped: 0.0001004 seconds, Stopping threads took: 0.0000246 seconds
[2019-12-08T11:51:31.403+0000][1][safepoint    ] Application time: 1.0000846 seconds
[2019-12-08T11:51:31.403+0000][1][safepoint    ] Entering safepoint region: Cleanup
[2019-12-08T11:51:31.403+0000][1][safepoint    ] Leaving safepoint region
[2019-12-08T11:51:31.403+0000][1][safepoint    ] Total time for which application threads were stopped: 0.0000769 seconds, Stopping threads took: 0.0000170 seconds
[2019-12-08T11:51:32.403+0000][1][safepoint    ] Application time: 1.0000856 seconds
[2019-12-08T11:51:32.403+0000][1][safepoint    ] Entering safepoint region: Cleanup
[2019-12-08T11:51:32.403+0000][1][safepoint    ] Leaving safepoint region
[2019-12-08T11:51:32.403+0000][1][safepoint    ] Total time for which application threads were stopped: 0.0000779 seconds, Stopping threads took: 0.0000185 seconds
[2019-12-08T11:51:33.403+0000][1][safepoint    ] Application time: 1.0000839 seconds
[2019-12-08T11:51:33.403+0000][1][safepoint    ] Entering safepoint region: Cleanup
[2019-12-08T11:51:33.403+0000][1][safepoint    ] Leaving safepoint region
[2019-12-08T11:51:33.403+0000][1][safepoint    ] Total time for which application threads were stopped: 0.0000702 seconds, Stopping threads took: 0.0000172 seconds
[2019-12-08T11:51:34.403+0000][1][safepoint    ] Application time: 1.0000789 seconds
[2019-12-08T11:51:34.403+0000][1][safepoint    ] Entering safepoint region: Cleanup
[2019-12-08T11:51:34.403+0000][1][safepoint    ] Leaving safepoint region
[2019-12-08T11:51:34.403+0000][1][safepoint    ] Total time for which application threads were stopped: 0.0000738 seconds, Stopping threads took: 0.0000180 seconds
[2019-12-08T11:51:35.404+0000][1][safepoint    ] Application time: 1.0000784 seconds
[2019-12-08T11:51:35.404+0000][1][safepoint    ] Entering safepoint region: Cleanup
[2019-12-08T11:51:35.404+0000][1][safepoint    ] Leaving safepoint region
[2019-12-08T11:51:35.404+0000][1][safepoint    ] Total time for which application threads were stopped: 0.0000740 seconds, Stopping threads took: 0.0000197 seconds
[2019-12-08T11:51:36.404+0000][1][safepoint    ] Application time: 1.0000836 seconds
[2019-12-08T11:51:36.404+0000][1][safepoint    ] Entering safepoint region: Cleanup
[2019-12-08T11:51:36.404+0000][1][safepoint    ] Leaving safepoint region
[2019-12-08T11:51:36.404+0000][1][safepoint    ] Total time for which application threads were stopped: 0.0000766 seconds, Stopping threads took: 0.0000216 seconds
[2019-12-08T11:51:37.404+0000][1][safepoint    ] Application time: 1.0000847 seconds
[2019-12-08T11:51:37.404+0000][1][safepoint    ] Entering safepoint region: Cleanup
[2019-12-08T11:51:37.404+0000][1][safepoint    ] Leaving safepoint region
[2019-12-08T11:51:37.404+0000][1][safepoint    ] Total time for which application threads were stopped: 0.0001158 seconds, Stopping threads took: 0.0000606 seconds
[2019-12-08T11:51:38.404+0000][1][safepoint    ] Application time: 1.0000928 seconds
[2019-12-08T11:51:38.404+0000][1][safepoint    ] Entering safepoint region: Cleanup
[2019-12-08T11:51:38.404+0000][1][safepoint    ] Leaving safepoint region
[2019-12-08T11:51:38.404+0000][1][safepoint    ] Total time for which application threads were stopped: 0.0000930 seconds, Stopping threads took: 0.0000232 seconds
[2019-12-08T11:51:39.404+0000][1][safepoint    ] Application time: 1.0000908 seconds
[2019-12-08T11:51:39.405+0000][1][safepoint    ] Entering safepoint region: Cleanup
[2019-12-08T11:51:39.405+0000][1][safepoint    ] Leaving safepoint region
[2019-12-08T11:51:39.405+0000][1][safepoint    ] Total time for which application threads were stopped: 0.0000745 seconds, Stopping threads took: 0.0000216 seconds
[2019-12-08T11:51:40.405+0000][1][safepoint    ] Application time: 1.0000847 seconds
[2019-12-08T11:51:40.405+0000][1][safepoint    ] Entering safepoint region: Cleanup
[2019-12-08T11:51:40.405+0000][1][safepoint    ] Leaving safepoint region
[2019-12-08T11:51:40.405+0000][1][safepoint    ] Total time for which application threads were stopped: 0.0000755 seconds, Stopping threads took: 0.0000204 seconds
[2019-12-08T11:51:41.405+0000][1][safepoint    ] Application time: 1.0000797 seconds
[2019-12-08T11:51:41.405+0000][1][safepoint    ] Entering safepoint region: Cleanup
[2019-12-08T11:51:41.405+0000][1][safepoint    ] Leaving safepoint region
[2019-12-08T11:51:41.405+0000][1][safepoint    ] Total time for which application threads were stopped: 0.0000698 seconds, Stopping threads took: 0.0000173 seconds
[2019-12-08T11:51:42.405+0000][1][safepoint    ] Application time: 1.0000762 seconds
[2019-12-08T11:51:42.405+0000][1][safepoint    ] Entering safepoint region: Cleanup
[2019-12-08T11:51:42.405+0000][1][safepoint    ] Leaving safepoint region
[2019-12-08T11:51:42.405+0000][1][safepoint    ] Total time for which application threads were stopped: 0.0001138 seconds, Stopping threads took: 0.0000594 seconds
[2019-12-08T11:51:43.405+0000][1][safepoint    ] Application time: 1.0000881 seconds
[2019-12-08T11:51:43.405+0000][1][safepoint    ] Entering safepoint region: Cleanup
[2019-12-08T11:51:43.405+0000][1][safepoint    ] Leaving safepoint region
[2019-12-08T11:51:43.405+0000][1][safepoint    ] Total time for which application threads were stopped: 0.0000778 seconds, Stopping threads took: 0.0000215 seconds
[2019-12-08T11:51:44.406+0000][1][safepoint    ] Application time: 1.0000799 seconds
[2019-12-08T11:51:44.406+0000][1][safepoint    ] Entering safepoint region: Cleanup
[2019-12-08T11:51:44.406+0000][1][safepoint    ] Leaving safepoint region
[2019-12-08T11:51:44.406+0000][1][safepoint    ] Total time for which application threads were stopped: 0.0000857 seconds, Stopping threads took: 0.0000296 seconds
[2019-12-08T11:51:45.406+0000][1][safepoint    ] Application time: 1.0000561 seconds
[2019-12-08T11:51:45.406+0000][1][safepoint    ] Entering safepoint region: Cleanup
[2019-12-08T11:51:45.406+0000][1][safepoint    ] Leaving safepoint region
[2019-12-08T11:51:45.406+0000][1][safepoint    ] Total time for which application threads were stopped: 0.0001013 seconds, Stopping threads took: 0.0000411 seconds
[2019-12-08T11:51:46.406+0000][1][safepoint    ] Application time: 1.0000849 seconds
[2019-12-08T11:51:46.406+0000][1][safepoint    ] Entering safepoint region: Cleanup
[2019-12-08T11:51:46.406+0000][1][safepoint    ] Leaving safepoint region
[2019-12-08T11:51:46.406+0000][1][safepoint    ] Total time for which application threads were stopped: 0.0001068 seconds, Stopping threads took: 0.0000517 seconds
[2019-12-08T11:51:47.406+0000][1][safepoint    ] Application time: 1.0000816 seconds
[2019-12-08T11:51:47.406+0000][1][safepoint    ] Entering safepoint region: Cleanup
[2019-12-08T11:51:47.406+0000][1][safepoint    ] Leaving safepoint region
[2019-12-08T11:51:47.406+0000][1][safepoint    ] Total time for which application threads were stopped: 0.0001080 seconds, Stopping threads took: 0.0000532 seconds
[2019-12-08T11:51:48.406+0000][1][safepoint    ] Application time: 1.0000915 seconds
[2019-12-08T11:51:48.406+0000][1][safepoint    ] Entering safepoint region: Cleanup
[2019-12-08T11:51:48.407+0000][1][safepoint    ] Leaving safepoint region
[2019-12-08T11:51:48.407+0000][1][safepoint    ] Total time for which application threads were stopped: 0.0000729 seconds, Stopping threads took: 0.0000169 seconds
[2019-12-08T11:51:49.407+0000][1][safepoint    ] Application time: 1.0000775 seconds
[2019-12-08T11:51:49.407+0000][1][safepoint    ] Entering safepoint region: Cleanup
[2019-12-08T11:51:49.407+0000][1][safepoint    ] Leaving safepoint region
[2019-12-08T11:51:49.407+0000][1][safepoint    ] Total time for which application threads were stopped: 0.0000888 seconds, Stopping threads took: 0.0000177 seconds
[2019-12-08T11:51:50.407+0000][1][safepoint    ] Application time: 1.0000786 seconds
[2019-12-08T11:51:50.407+0000][1][safepoint    ] Entering safepoint region: Cleanup
[2019-12-08T11:51:50.407+0000][1][safepoint    ] Leaving safepoint region
[2019-12-08T11:51:50.407+0000][1][safepoint    ] Total time for which application threads were stopped: 0.0000751 seconds, Stopping threads took: 0.0000215 seconds
[2019-12-08T11:51:51.407+0000][1][safepoint    ] Application time: 1.0000871 seconds
[2019-12-08T11:51:51.407+0000][1][safepoint    ] Entering safepoint region: Cleanup
[2019-12-08T11:51:51.407+0000][1][safepoint    ] Leaving safepoint region
[2019-12-08T11:51:51.407+0000][1][safepoint    ] Total time for which application threads were stopped: 0.0000762 seconds, Stopping threads took: 0.0000215 seconds
[2019-12-08T11:51:52.407+0000][1][safepoint    ] Application time: 1.0000904 seconds
[2019-12-08T11:51:52.407+0000][1][safepoint    ] Entering safepoint region: Cleanup
[2019-12-08T11:51:52.407+0000][1][safepoint    ] Leaving safepoint region
[2019-12-08T11:51:52.407+0000][1][safepoint    ] Total time for which application threads were stopped: 0.0000952 seconds, Stopping threads took: 0.0000329 seconds
[2019-12-08T11:51:53.407+0000][1][safepoint    ] Application time: 1.0000895 seconds
[2019-12-08T11:51:53.408+0000][1][safepoint    ] Entering safepoint region: Cleanup
[2019-12-08T11:51:53.408+0000][1][safepoint    ] Leaving safepoint region
[2019-12-08T11:51:53.408+0000][1][safepoint    ] Total time for which application threads were stopped: 0.0001161 seconds, Stopping threads took: 0.0000556 seconds
[2019-12-08T11:51:54.408+0000][1][safepoint    ] Application time: 1.0000633 seconds
[2019-12-08T11:51:54.408+0000][1][safepoint    ] Entering safepoint region: Cleanup
[2019-12-08T11:51:54.408+0000][1][safepoint    ] Leaving safepoint region
[2019-12-08T11:51:54.408+0000][1][safepoint    ] Total time for which application threads were stopped: 0.0001128 seconds, Stopping threads took: 0.0000566 seconds
[2019-12-08T11:51:55.408+0000][1][safepoint    ] Application time: 1.0000861 seconds
[2019-12-08T11:51:55.408+0000][1][safepoint    ] Entering safepoint region: Cleanup
[2019-12-08T11:51:55.408+0000][1][safepoint    ] Leaving safepoint region
[2019-12-08T11:51:55.408+0000][1][safepoint    ] Total time for which application threads were stopped: 0.0001029 seconds, Stopping threads took: 0.0000469 seconds
[2019-12-08T11:51:56.408+0000][1][safepoint    ] Application time: 1.0000869 seconds
[2019-12-08T11:51:56.408+0000][1][safepoint    ] Entering safepoint region: Cleanup
[2019-12-08T11:51:56.408+0000][1][safepoint    ] Leaving safepoint region
[2019-12-08T11:51:56.408+0000][1][safepoint    ] Total time for which application threads were stopped: 0.0001394 seconds, Stopping threads took: 0.0000802 seconds
[2019-12-08T11:51:57.408+0000][1][safepoint    ] Application time: 1.0000910 seconds
[2019-12-08T11:51:57.409+0000][1][safepoint    ] Entering safepoint region: Cleanup
[2019-12-08T11:51:57.409+0000][1][safepoint    ] Leaving safepoint region
[2019-12-08T11:51:57.409+0000][1][safepoint    ] Total time for which application threads were stopped: 0.0000804 seconds, Stopping threads took: 0.0000180 seconds
[2019-12-08T11:51:58.409+0000][1][safepoint    ] Application time: 1.0000843 seconds
[2019-12-08T11:51:58.409+0000][1][safepoint    ] Entering safepoint region: Cleanup
[2019-12-08T11:51:58.409+0000][1][safepoint    ] Leaving safepoint region
[2019-12-08T11:51:58.409+0000][1][safepoint    ] Total time for which application threads were stopped: 0.0000717 seconds, Stopping threads took: 0.0000183 seconds
[2019-12-08T11:51:59.409+0000][1][safepoint    ] Application time: 1.0000797 seconds
[2019-12-08T11:51:59.409+0000][1][safepoint    ] Entering safepoint region: Cleanup
[2019-12-08T11:51:59.409+0000][1][safepoint    ] Leaving safepoint region
[2019-12-08T11:51:59.409+0000][1][safepoint    ] Total time for which application threads were stopped: 0.0000736 seconds, Stopping threads took: 0.0000194 seconds
[2019-12-08T11:52:00.409+0000][1][safepoint    ] Application time: 1.0000797 seconds
[2019-12-08T11:52:00.409+0000][1][safepoint    ] Entering safepoint region: Cleanup
[2019-12-08T11:52:00.409+0000][1][safepoint    ] Leaving safepoint region
[2019-12-08T11:52:00.409+0000][1][safepoint    ] Total time for which application threads were stopped: 0.0001103 seconds, Stopping threads took: 0.0000530 seconds
[2019-12-08T11:52:01.409+0000][1][safepoint    ] Application time: 1.0000881 seconds
[2019-12-08T11:52:01.409+0000][1][safepoint    ] Entering safepoint region: Cleanup
[2019-12-08T11:52:01.409+0000][1][safepoint    ] Leaving safepoint region
[2019-12-08T11:52:01.409+0000][1][safepoint    ] Total time for which application threads were stopped: 0.0000801 seconds, Stopping threads took: 0.0000244 seconds
[2019-12-08T11:52:03.050+0000][1][safepoint    ] Application time: 1.6405046 seconds
[2019-12-08T11:52:03.050+0000][1][safepoint    ] Entering safepoint region: Cleanup
[2019-12-08T11:52:03.050+0000][1][safepoint    ] Leaving safepoint region
[2019-12-08T11:52:03.050+0000][1][safepoint    ] Total time for which application threads were stopped: 0.0000712 seconds, Stopping threads took: 0.0000175 seconds
[2019-12-08T11:52:04.050+0000][1][safepoint    ] Application time: 1.0000882 seconds
[2019-12-08T11:52:04.050+0000][1][safepoint    ] Entering safepoint region: Cleanup
[2019-12-08T11:52:04.050+0000][1][safepoint    ] Leaving safepoint region
[2019-12-08T11:52:04.050+0000][1][safepoint    ] Total time for which application threads were stopped: 0.0000762 seconds, Stopping threads took: 0.0000194 seconds
[2019-12-08T11:52:05.050+0000][1][safepoint    ] Application time: 1.0000866 seconds
[2019-12-08T11:52:05.050+0000][1][safepoint    ] Entering safepoint region: Cleanup
[2019-12-08T11:52:05.050+0000][1][safepoint    ] Leaving safepoint region
[2019-12-08T11:52:05.050+0000][1][safepoint    ] Total time for which application threads were stopped: 0.0000719 seconds, Stopping threads took: 0.0000180 seconds
[2019-12-08T11:52:06.051+0000][1][safepoint    ] Application time: 1.0000900 seconds
[2019-12-08T11:52:06.051+0000][1][safepoint    ] Entering safepoint region: Cleanup
[2019-12-08T11:52:06.051+0000][1][safepoint    ] Leaving safepoint region
[2019-12-08T11:52:06.051+0000][1][safepoint    ] Total time for which application threads were stopped: 0.0000982 seconds, Stopping threads took: 0.0000209 seconds
[2019-12-08T11:52:07.051+0000][1][safepoint    ] Application time: 1.0001036 seconds
[2019-12-08T11:52:07.051+0000][1][safepoint    ] Entering safepoint region: Cleanup
[2019-12-08T11:52:07.051+0000][1][safepoint    ] Leaving safepoint region
[2019-12-08T11:52:07.051+0000][1][safepoint    ] Total time for which application threads were stopped: 0.0000777 seconds, Stopping threads took: 0.0000188 seconds
[2019-12-08T11:52:08.051+0000][1][safepoint    ] Application time: 1.0000827 seconds
[2019-12-08T11:52:08.051+0000][1][safepoint    ] Entering safepoint region: Cleanup
[2019-12-08T11:52:08.051+0000][1][safepoint    ] Leaving safepoint region
[2019-12-08T11:52:08.051+0000][1][safepoint    ] Total time for which application threads were stopped: 0.0000813 seconds, Stopping threads took: 0.0000174 seconds
[2019-12-08T11:52:09.051+0000][1][safepoint    ] Application time: 1.0000830 seconds
[2019-12-08T11:52:09.051+0000][1][safepoint    ] Entering safepoint region: Cleanup
[2019-12-08T11:52:09.051+0000][1][safepoint    ] Leaving safepoint region
[2019-12-08T11:52:09.051+0000][1][safepoint    ] Total time for which application threads were stopped: 0.0000720 seconds, Stopping threads took: 0.0000169 seconds
[2019-12-08T11:52:10.051+0000][1][safepoint    ] Application time: 1.0000818 seconds
[2019-12-08T11:52:10.052+0000][1][safepoint    ] Entering safepoint region: Cleanup
[2019-12-08T11:52:10.052+0000][1][safepoint    ] Leaving safepoint region
[2019-12-08T11:52:10.052+0000][1][safepoint    ] Total time for which application threads were stopped: 0.0000715 seconds, Stopping threads took: 0.0000177 seconds
[2019-12-08T11:52:11.052+0000][1][safepoint    ] Application time: 1.0000837 seconds
[2019-12-08T11:52:11.052+0000][1][safepoint    ] Entering safepoint region: Cleanup
[2019-12-08T11:52:11.052+0000][1][safepoint    ] Leaving safepoint region
[2019-12-08T11:52:11.052+0000][1][safepoint    ] Total time for which application threads were stopped: 0.0000746 seconds, Stopping threads took: 0.0000199 seconds
[2019-12-08T11:52:12.052+0000][1][safepoint    ] Application time: 1.0000810 seconds
[2019-12-08T11:52:12.052+0000][1][safepoint    ] Entering safepoint region: Cleanup
[2019-12-08T11:52:12.052+0000][1][safepoint    ] Leaving safepoint region
[2019-12-08T11:52:12.052+0000][1][safepoint    ] Total time for which application threads were stopped: 0.0000731 seconds, Stopping threads took: 0.0000181 seconds
[2019-12-08T11:52:13.052+0000][1][safepoint    ] Application time: 1.0000931 seconds
[2019-12-08T11:52:13.052+0000][1][safepoint    ] Entering safepoint region: Cleanup
[2019-12-08T11:52:13.052+0000][1][safepoint    ] Leaving safepoint region
[2019-12-08T11:52:13.052+0000][1][safepoint    ] Total time for which application threads were stopped: 0.0000715 seconds, Stopping threads took: 0.0000167 seconds
[2019-12-08T11:52:14.052+0000][1][safepoint    ] Application time: 1.0000787 seconds
[2019-12-08T11:52:14.052+0000][1][safepoint    ] Entering safepoint region: Cleanup
[2019-12-08T11:52:14.052+0000][1][safepoint    ] Leaving safepoint region
[2019-12-08T11:52:14.052+0000][1][safepoint    ] Total time for which application threads were stopped: 0.0000715 seconds, Stopping threads took: 0.0000187 seconds
[2019-12-08T11:52:15.052+0000][1][safepoint    ] Application time: 1.0000785 seconds
[2019-12-08T11:52:15.052+0000][1][safepoint    ] Entering safepoint region: Cleanup
[2019-12-08T11:52:15.053+0000][1][safepoint    ] Leaving safepoint region
[2019-12-08T11:52:15.053+0000][1][safepoint    ] Total time for which application threads were stopped: 0.0000707 seconds, Stopping threads took: 0.0000172 seconds
[2019-12-08T11:52:16.053+0000][1][safepoint    ] Application time: 1.0000780 seconds
[2019-12-08T11:52:16.053+0000][1][safepoint    ] Entering safepoint region: Cleanup
[2019-12-08T11:52:16.053+0000][1][safepoint    ] Leaving safepoint region
[2019-12-08T11:52:16.053+0000][1][safepoint    ] Total time for which application threads were stopped: 0.0000806 seconds, Stopping threads took: 0.0000274 seconds
[2019-12-08T11:52:17.053+0000][1][safepoint    ] Application time: 1.0000764 seconds
[2019-12-08T11:52:17.053+0000][1][safepoint    ] Entering safepoint region: Cleanup
[2019-12-08T11:52:17.053+0000][1][safepoint    ] Leaving safepoint region
[2019-12-08T11:52:17.053+0000][1][safepoint    ] Total time for which application threads were stopped: 0.0000746 seconds, Stopping threads took: 0.0000179 seconds
[2019-12-08T11:52:18.053+0000][1][safepoint    ] Application time: 1.0000795 seconds
[2019-12-08T11:52:18.053+0000][1][safepoint    ] Entering safepoint region: Cleanup
[2019-12-08T11:52:18.053+0000][1][safepoint    ] Leaving safepoint region
[2019-12-08T11:52:18.053+0000][1][safepoint    ] Total time for which application threads were stopped: 0.0000694 seconds, Stopping threads took: 0.0000172 seconds
[2019-12-08T11:52:19.053+0000][1][safepoint    ] Application time: 1.0000796 seconds
[2019-12-08T11:52:19.053+0000][1][safepoint    ] Entering safepoint region: Cleanup
[2019-12-08T11:52:19.053+0000][1][safepoint    ] Leaving safepoint region
[2019-12-08T11:52:19.053+0000][1][safepoint    ] Total time for which application threads were stopped: 0.0000703 seconds, Stopping threads took: 0.0000169 seconds
[2019-12-08T11:52:20.053+0000][1][safepoint    ] Application time: 1.0000775 seconds
[2019-12-08T11:52:20.053+0000][1][safepoint    ] Entering safepoint region: Cleanup
[2019-12-08T11:52:20.053+0000][1][safepoint    ] Leaving safepoint region
[2019-12-08T11:52:20.054+0000][1][safepoint    ] Total time for which application threads were stopped: 0.0000702 seconds, Stopping threads took: 0.0000165 seconds
[2019-12-08T11:52:21.054+0000][1][safepoint    ] Application time: 1.0000781 seconds
[2019-12-08T11:52:21.054+0000][1][safepoint    ] Entering safepoint region: Cleanup
[2019-12-08T11:52:21.054+0000][1][safepoint    ] Leaving safepoint region
[2019-12-08T11:52:21.054+0000][1][safepoint    ] Total time for which application threads were stopped: 0.0000847 seconds, Stopping threads took: 0.0000186 seconds
[2019-12-08T11:52:22.054+0000][1][safepoint    ] Application time: 1.0000787 seconds
[2019-12-08T11:52:22.054+0000][1][safepoint    ] Entering safepoint region: Cleanup
[2019-12-08T11:52:22.054+0000][1][safepoint    ] Leaving safepoint region
[2019-12-08T11:52:22.054+0000][1][safepoint    ] Total time for which application threads were stopped: 0.0000746 seconds, Stopping threads took: 0.0000218 seconds
[2019-12-08T11:52:23.054+0000][1][safepoint    ] Application time: 1.0000786 seconds
[2019-12-08T11:52:23.054+0000][1][safepoint    ] Entering safepoint region: Cleanup
[2019-12-08T11:52:23.054+0000][1][safepoint    ] Leaving safepoint region
[2019-12-08T11:52:23.054+0000][1][safepoint    ] Total time for which application threads were stopped: 0.0000677 seconds, Stopping threads took: 0.0000166 seconds
[2019-12-08T11:52:24.054+0000][1][safepoint    ] Application time: 1.0000764 seconds
[2019-12-08T11:52:24.054+0000][1][safepoint    ] Entering safepoint region: Cleanup
[2019-12-08T11:52:24.054+0000][1][safepoint    ] Leaving safepoint region
[2019-12-08T11:52:24.054+0000][1][safepoint    ] Total time for which application threads were stopped: 0.0000671 seconds, Stopping threads took: 0.0000155 seconds
[2019-12-08T11:52:25.054+0000][1][safepoint    ] Application time: 1.0000756 seconds
[2019-12-08T11:52:25.054+0000][1][safepoint    ] Entering safepoint region: Cleanup
[2019-12-08T11:52:25.054+0000][1][safepoint    ] Leaving safepoint region
[2019-12-08T11:52:25.054+0000][1][safepoint    ] Total time for which application threads were stopped: 0.0000710 seconds, Stopping threads took: 0.0000186 seconds
[2019-12-08T11:52:26.055+0000][1][safepoint    ] Application time: 1.0000783 seconds
[2019-12-08T11:52:26.055+0000][1][safepoint    ] Entering safepoint region: Cleanup
[2019-12-08T11:52:26.055+0000][1][safepoint    ] Leaving safepoint region
[2019-12-08T11:52:26.055+0000][1][safepoint    ] Total time for which application threads were stopped: 0.0000672 seconds, Stopping threads took: 0.0000160 seconds
[2019-12-08T11:52:27.055+0000][1][safepoint    ] Application time: 1.0000767 seconds
[2019-12-08T11:52:27.055+0000][1][safepoint    ] Entering safepoint region: Cleanup
[2019-12-08T11:52:27.055+0000][1][safepoint    ] Leaving safepoint region
[2019-12-08T11:52:27.055+0000][1][safepoint    ] Total time for which application threads were stopped: 0.0000664 seconds, Stopping threads took: 0.0000155 seconds
[2019-12-08T11:52:28.055+0000][1][safepoint    ] Application time: 1.0000758 seconds
[2019-12-08T11:52:28.055+0000][1][safepoint    ] Entering safepoint region: Cleanup
[2019-12-08T11:52:28.055+0000][1][safepoint    ] Leaving safepoint region
[2019-12-08T11:52:28.055+0000][1][safepoint    ] Total time for which application threads were stopped: 0.0000685 seconds, Stopping threads took: 0.0000183 seconds
[2019-12-08T11:52:29.055+0000][1][safepoint    ] Application time: 1.0000760 seconds
[2019-12-08T11:52:29.055+0000][1][safepoint    ] Entering safepoint region: Cleanup
[2019-12-08T11:52:29.055+0000][1][safepoint    ] Leaving safepoint region
[2019-12-08T11:52:29.055+0000][1][safepoint    ] Total time for which application threads were stopped: 0.0000688 seconds, Stopping threads took: 0.0000182 seconds
[2019-12-08T11:52:30.055+0000][1][safepoint    ] Application time: 1.0000783 seconds
[2019-12-08T11:52:30.055+0000][1][safepoint    ] Entering safepoint region: Cleanup
[2019-12-08T11:52:30.055+0000][1][safepoint    ] Leaving safepoint region
[2019-12-08T11:52:30.055+0000][1][safepoint    ] Total time for which application threads were stopped: 0.0000725 seconds, Stopping threads took: 0.0000179 seconds
[2019-12-08T11:52:31.055+0000][1][safepoint    ] Application time: 1.0000797 seconds
[2019-12-08T11:52:31.055+0000][1][safepoint    ] Entering safepoint region: Cleanup
[2019-12-08T11:52:31.056+0000][1][safepoint    ] Leaving safepoint region
[2019-12-08T11:52:31.056+0000][1][safepoint    ] Total time for which application threads were stopped: 0.0000691 seconds, Stopping threads took: 0.0000172 seconds
[2019-12-08T11:52:32.056+0000][1][safepoint    ] Application time: 1.0000771 seconds
[2019-12-08T11:52:32.056+0000][1][safepoint    ] Entering safepoint region: Cleanup
[2019-12-08T11:52:32.056+0000][1][safepoint    ] Leaving safepoint region
[2019-12-08T11:52:32.056+0000][1][safepoint    ] Total time for which application threads were stopped: 0.0000802 seconds, Stopping threads took: 0.0000179 seconds
[2019-12-08T11:52:33.056+0000][1][safepoint    ] Application time: 1.0000760 seconds
[2019-12-08T11:52:33.056+0000][1][safepoint    ] Entering safepoint region: Cleanup
[2019-12-08T11:52:33.056+0000][1][safepoint    ] Leaving safepoint region
[2019-12-08T11:52:33.056+0000][1][safepoint    ] Total time for which application threads were stopped: 0.0000655 seconds, Stopping threads took: 0.0000165 seconds
[2019-12-08T11:52:34.056+0000][1][safepoint    ] Application time: 1.0000772 seconds
[2019-12-08T11:52:34.056+0000][1][safepoint    ] Entering safepoint region: Cleanup
[2019-12-08T11:52:34.056+0000][1][safepoint    ] Leaving safepoint region
[2019-12-08T11:52:34.056+0000][1][safepoint    ] Total time for which application threads were stopped: 0.0000642 seconds, Stopping threads took: 0.0000165 seconds
[2019-12-08T11:52:35.056+0000][1][safepoint    ] Application time: 1.0000795 seconds
[2019-12-08T11:52:35.056+0000][1][safepoint    ] Entering safepoint region: Cleanup
[2019-12-08T11:52:35.056+0000][1][safepoint    ] Leaving safepoint region
[2019-12-08T11:52:35.056+0000][1][safepoint    ] Total time for which application threads were stopped: 0.0000658 seconds, Stopping threads took: 0.0000166 seconds
[2019-12-08T11:52:36.056+0000][1][safepoint    ] Application time: 1.0000810 seconds
[2019-12-08T11:52:36.056+0000][1][safepoint    ] Entering safepoint region: Cleanup
[2019-12-08T11:52:36.056+0000][1][safepoint    ] Leaving safepoint region
[2019-12-08T11:52:36.056+0000][1][safepoint    ] Total time for which application threads were stopped: 0.0000748 seconds, Stopping threads took: 0.0000207 seconds
[2019-12-08T11:52:37.057+0000][1][safepoint    ] Application time: 1.0000801 seconds
[2019-12-08T11:52:37.057+0000][1][safepoint    ] Entering safepoint region: Cleanup
[2019-12-08T11:52:37.057+0000][1][safepoint    ] Leaving safepoint region
[2019-12-08T11:52:37.057+0000][1][safepoint    ] Total time for which application threads were stopped: 0.0000702 seconds, Stopping threads took: 0.0000175 seconds
[2019-12-08T11:52:38.057+0000][1][safepoint    ] Application time: 1.0000818 seconds
[2019-12-08T11:52:38.057+0000][1][safepoint    ] Entering safepoint region: Cleanup
[2019-12-08T11:52:38.057+0000][1][safepoint    ] Leaving safepoint region
[2019-12-08T11:52:38.057+0000][1][safepoint    ] Total time for which application threads were stopped: 0.0000695 seconds, Stopping threads took: 0.0000173 seconds
[2019-12-08T11:52:39.057+0000][1][safepoint    ] Application time: 1.0000755 seconds
[2019-12-08T11:52:39.057+0000][1][safepoint    ] Entering safepoint region: Cleanup
[2019-12-08T11:52:39.057+0000][1][safepoint    ] Leaving safepoint region
[2019-12-08T11:52:39.057+0000][1][safepoint    ] Total time for which application threads were stopped: 0.0000647 seconds, Stopping threads took: 0.0000177 seconds
[2019-12-08T11:52:40.057+0000][1][safepoint    ] Application time: 1.0000740 seconds
[2019-12-08T11:52:40.057+0000][1][safepoint    ] Entering safepoint region: Cleanup
[2019-12-08T11:52:40.057+0000][1][safepoint    ] Leaving safepoint region
[2019-12-08T11:52:40.057+0000][1][safepoint    ] Total time for which application threads were stopped: 0.0000640 seconds, Stopping threads took: 0.0000167 seconds
[2019-12-08T11:52:41.057+0000][1][safepoint    ] Application time: 1.0000758 seconds
[2019-12-08T11:52:41.057+0000][1][safepoint    ] Entering safepoint region: Cleanup
[2019-12-08T11:52:41.057+0000][1][safepoint    ] Leaving safepoint region
[2019-12-08T11:52:41.057+0000][1][safepoint    ] Total time for which application threads were stopped: 0.0000626 seconds, Stopping threads took: 0.0000156 seconds
[2019-12-08T11:52:42.057+0000][1][safepoint    ] Application time: 1.0000772 seconds
[2019-12-08T11:52:42.057+0000][1][safepoint    ] Entering safepoint region: Cleanup
[2019-12-08T11:52:42.057+0000][1][safepoint    ] Leaving safepoint region
[2019-12-08T11:52:42.058+0000][1][safepoint    ] Total time for which application threads were stopped: 0.0000655 seconds, Stopping threads took: 0.0000169 seconds
[2019-12-08T11:52:43.058+0000][1][safepoint    ] Application time: 1.0000769 seconds
[2019-12-08T11:52:43.058+0000][1][safepoint    ] Entering safepoint region: Cleanup
[2019-12-08T11:52:43.058+0000][1][safepoint    ] Leaving safepoint region
[2019-12-08T11:52:43.058+0000][1][safepoint    ] Total time for which application threads were stopped: 0.0000634 seconds, Stopping threads took: 0.0000156 seconds
[2019-12-08T11:52:44.058+0000][1][safepoint    ] Application time: 1.0000753 seconds
[2019-12-08T11:52:44.058+0000][1][safepoint    ] Entering safepoint region: Cleanup
[2019-12-08T11:52:44.058+0000][1][safepoint    ] Leaving safepoint region
[2019-12-08T11:52:44.058+0000][1][safepoint    ] Total time for which application threads were stopped: 0.0000634 seconds, Stopping threads took: 0.0000165 seconds
[2019-12-08T11:52:45.058+0000][1][safepoint    ] Application time: 1.0000764 seconds
[2019-12-08T11:52:45.058+0000][1][safepoint    ] Entering safepoint region: Cleanup
[2019-12-08T11:52:45.058+0000][1][safepoint    ] Leaving safepoint region
[2019-12-08T11:52:45.058+0000][1][safepoint    ] Total time for which application threads were stopped: 0.0000639 seconds, Stopping threads took: 0.0000159 seconds
[2019-12-08T11:52:46.058+0000][1][safepoint    ] Application time: 1.0000767 seconds
[2019-12-08T11:52:46.058+0000][1][safepoint    ] Entering safepoint region: Cleanup
[2019-12-08T11:52:46.058+0000][1][safepoint    ] Leaving safepoint region
[2019-12-08T11:52:46.058+0000][1][safepoint    ] Total time for which application threads were stopped: 0.0000641 seconds, Stopping threads took: 0.0000162 seconds
[2019-12-08T11:52:47.058+0000][1][safepoint    ] Application time: 1.0000776 seconds
[2019-12-08T11:52:47.058+0000][1][safepoint    ] Entering safepoint region: Cleanup
[2019-12-08T11:52:47.058+0000][1][safepoint    ] Leaving safepoint region
[2019-12-08T11:52:47.058+0000][1][safepoint    ] Total time for which application threads were stopped: 0.0000628 seconds, Stopping threads took: 0.0000153 seconds
[2019-12-08T11:52:48.058+0000][1][safepoint    ] Application time: 1.0000786 seconds
[2019-12-08T11:52:48.058+0000][1][safepoint    ] Entering safepoint region: Cleanup
[2019-12-08T11:52:48.058+0000][1][safepoint    ] Leaving safepoint region
[2019-12-08T11:52:48.058+0000][1][safepoint    ] Total time for which application threads were stopped: 0.0000677 seconds, Stopping threads took: 0.0000178 seconds
[2019-12-08T11:52:49.059+0000][1][safepoint    ] Application time: 1.0000743 seconds
[2019-12-08T11:52:49.059+0000][1][safepoint    ] Entering safepoint region: Cleanup
[2019-12-08T11:52:49.059+0000][1][safepoint    ] Leaving safepoint region
[2019-12-08T11:52:49.059+0000][1][safepoint    ] Total time for which application threads were stopped: 0.0000672 seconds, Stopping threads took: 0.0000176 seconds
[2019-12-08T11:52:50.060+0000][1][safepoint    ] Application time: 1.0010339 seconds
[2019-12-08T11:52:50.060+0000][1][safepoint    ] Entering safepoint region: Cleanup
[2019-12-08T11:52:50.060+0000][1][safepoint    ] Leaving safepoint region
[2019-12-08T11:52:50.060+0000][1][safepoint    ] Total time for which application threads were stopped: 0.0000787 seconds, Stopping threads took: 0.0000179 seconds
[2019-12-08T11:52:51.060+0000][1][safepoint    ] Application time: 1.0000808 seconds
[2019-12-08T11:52:51.060+0000][1][safepoint    ] Entering safepoint region: Cleanup
[2019-12-08T11:52:51.060+0000][1][safepoint    ] Leaving safepoint region
[2019-12-08T11:52:51.060+0000][1][safepoint    ] Total time for which application threads were stopped: 0.0000700 seconds, Stopping threads took: 0.0000182 seconds
[2019-12-08T11:52:52.060+0000][1][safepoint    ] Application time: 1.0000810 seconds
[2019-12-08T11:52:52.060+0000][1][safepoint    ] Entering safepoint region: Cleanup
[2019-12-08T11:52:52.060+0000][1][safepoint    ] Leaving safepoint region
[2019-12-08T11:52:52.060+0000][1][safepoint    ] Total time for which application threads were stopped: 0.0000700 seconds, Stopping threads took: 0.0000186 seconds
[2019-12-08T11:52:53.060+0000][1][safepoint    ] Application time: 1.0000835 seconds
[2019-12-08T11:52:53.060+0000][1][safepoint    ] Entering safepoint region: Cleanup
[2019-12-08T11:52:53.060+0000][1][safepoint    ] Leaving safepoint region
[2019-12-08T11:52:53.060+0000][1][safepoint    ] Total time for which application threads were stopped: 0.0000703 seconds, Stopping threads took: 0.0000171 seconds
[2019-12-08T11:52:54.061+0000][1][safepoint    ] Application time: 1.0002530 seconds
[2019-12-08T11:52:54.061+0000][1][safepoint    ] Entering safepoint region: Cleanup
[2019-12-08T11:52:54.061+0000][1][safepoint    ] Leaving safepoint region
[2019-12-08T11:52:54.061+0000][1][safepoint    ] Total time for which application threads were stopped: 0.0001073 seconds, Stopping threads took: 0.0000175 seconds
[2019-12-08T11:52:55.061+0000][1][safepoint    ] Application time: 1.0000920 seconds
[2019-12-08T11:52:55.061+0000][1][safepoint    ] Entering safepoint region: Cleanup
[2019-12-08T11:52:55.061+0000][1][safepoint    ] Leaving safepoint region
[2019-12-08T11:52:55.061+0000][1][safepoint    ] Total time for which application threads were stopped: 0.0001296 seconds, Stopping threads took: 0.0000551 seconds
[2019-12-08T11:52:56.061+0000][1][safepoint    ] Application time: 1.0000947 seconds
[2019-12-08T11:52:56.061+0000][1][safepoint    ] Entering safepoint region: Cleanup
[2019-12-08T11:52:56.061+0000][1][safepoint    ] Leaving safepoint region
[2019-12-08T11:52:56.061+0000][1][safepoint    ] Total time for which application threads were stopped: 0.0001039 seconds, Stopping threads took: 0.0000258 seconds
[2019-12-08T11:52:57.061+0000][1][safepoint    ] Application time: 1.0000912 seconds
[2019-12-08T11:52:57.061+0000][1][safepoint    ] Entering safepoint region: Cleanup
[2019-12-08T11:52:57.061+0000][1][safepoint    ] Leaving safepoint region
[2019-12-08T11:52:57.061+0000][1][safepoint    ] Total time for which application threads were stopped: 0.0000853 seconds, Stopping threads took: 0.0000275 seconds
[2019-12-08T11:52:58.062+0000][1][safepoint    ] Application time: 1.0000883 seconds
[2019-12-08T11:52:58.062+0000][1][safepoint    ] Entering safepoint region: Cleanup
[2019-12-08T11:52:58.062+0000][1][safepoint    ] Leaving safepoint region
[2019-12-08T11:52:58.062+0000][1][safepoint    ] Total time for which application threads were stopped: 0.0001065 seconds, Stopping threads took: 0.0000219 seconds
[2019-12-08T11:52:59.062+0000][1][safepoint    ] Application time: 1.0000933 seconds
[2019-12-08T11:52:59.062+0000][1][safepoint    ] Entering safepoint region: Cleanup
[2019-12-08T11:52:59.062+0000][1][safepoint    ] Leaving safepoint region
[2019-12-08T11:52:59.062+0000][1][safepoint    ] Total time for which application threads were stopped: 0.0001203 seconds, Stopping threads took: 0.0000296 seconds
[2019-12-08T11:52:59.063+0000][1][safepoint    ] Application time: 0.0006568 seconds
[2019-12-08T11:52:59.063+0000][1][safepoint    ] Entering safepoint region: GenCollectForAllocation
[2019-12-08T11:52:59.063+0000][1][gc,start     ] GC(27) Pause Young (Allocation Failure)
[2019-12-08T11:52:59.063+0000][1][gc,task      ] GC(27) Using 4 workers of 4 for evacuation
[2019-12-08T11:52:59.070+0000][1][gc,age       ] GC(27) Desired survivor size 4456448 bytes, new threshold 6 (max threshold 6)
[2019-12-08T11:52:59.070+0000][1][gc,age       ] GC(27) Age table with threshold 6 (max threshold 6)
[2019-12-08T11:52:59.070+0000][1][gc,age       ] GC(27) - age   1:      71088 bytes,      71088 total
[2019-12-08T11:52:59.070+0000][1][gc,age       ] GC(27) - age   2:       6584 bytes,      77672 total
[2019-12-08T11:52:59.070+0000][1][gc,age       ] GC(27) - age   3:       1680 bytes,      79352 total
[2019-12-08T11:52:59.070+0000][1][gc,age       ] GC(27) - age   4:       7264 bytes,      86616 total
[2019-12-08T11:52:59.070+0000][1][gc,age       ] GC(27) - age   5:       6224 bytes,      92840 total
[2019-12-08T11:52:59.070+0000][1][gc,age       ] GC(27) - age   6:     587584 bytes,     680424 total
[2019-12-08T11:52:59.070+0000][1][gc,heap      ] GC(27) ParNew: 74308K->3181K(78656K)
[2019-12-08T11:52:59.070+0000][1][gc,heap      ] GC(27) CMS: 67158K->69846K(174784K)
[2019-12-08T11:52:59.070+0000][1][gc,metaspace ] GC(27) Metaspace: 69057K->69057K(1112064K)
[2019-12-08T11:52:59.070+0000][1][gc           ] GC(27) Pause Young (Allocation Failure) 138M->71M(247M) 7.125ms
[2019-12-08T11:52:59.070+0000][1][gc,cpu       ] GC(27) User=0.02s Sys=0.01s Real=0.00s
[2019-12-08T11:52:59.070+0000][1][safepoint    ] Leaving safepoint region
[2019-12-08T11:52:59.070+0000][1][safepoint    ] Total time for which application threads were stopped: 0.0072782 seconds, Stopping threads took: 0.0000122 seconds
[2019-12-08T11:53:00.070+0000][1][safepoint    ] Application time: 1.0001075 seconds
[2019-12-08T11:53:00.070+0000][1][safepoint    ] Entering safepoint region: Cleanup
[2019-12-08T11:53:00.070+0000][1][safepoint    ] Leaving safepoint region
[2019-12-08T11:53:00.070+0000][1][safepoint    ] Total time for which application threads were stopped: 0.0000799 seconds, Stopping threads took: 0.0000186 seconds
[2019-12-08T11:53:01.070+0000][1][safepoint    ] Application time: 1.0000863 seconds
[2019-12-08T11:53:01.070+0000][1][safepoint    ] Entering safepoint region: Cleanup
[2019-12-08T11:53:01.070+0000][1][safepoint    ] Leaving safepoint region
[2019-12-08T11:53:01.070+0000][1][safepoint    ] Total time for which application threads were stopped: 0.0000933 seconds, Stopping threads took: 0.0000275 seconds
[2019-12-08T11:53:02.072+0000][1][safepoint    ] Application time: 1.0014741 seconds
[2019-12-08T11:53:02.072+0000][1][safepoint    ] Entering safepoint region: Cleanup
[2019-12-08T11:53:02.072+0000][1][safepoint    ] Leaving safepoint region
[2019-12-08T11:53:02.072+0000][1][safepoint    ] Total time for which application threads were stopped: 0.0001503 seconds, Stopping threads took: 0.0000638 seconds
[2019-12-08T11:53:03.072+0000][1][safepoint    ] Application time: 1.0000936 seconds
[2019-12-08T11:53:03.072+0000][1][safepoint    ] Entering safepoint region: Cleanup
[2019-12-08T11:53:03.072+0000][1][safepoint    ] Leaving safepoint region
[2019-12-08T11:53:03.072+0000][1][safepoint    ] Total time for which application threads were stopped: 0.0000777 seconds, Stopping threads took: 0.0000201 seconds
[2019-12-08T11:53:04.072+0000][1][safepoint    ] Application time: 1.0000789 seconds
[2019-12-08T11:53:04.072+0000][1][safepoint    ] Entering safepoint region: Cleanup
[2019-12-08T11:53:04.073+0000][1][safepoint    ] Leaving safepoint region
[2019-12-08T11:53:04.073+0000][1][safepoint    ] Total time for which application threads were stopped: 0.0001275 seconds, Stopping threads took: 0.0000544 seconds
[2019-12-08T11:53:05.073+0000][1][safepoint    ] Application time: 1.0000893 seconds
[2019-12-08T11:53:05.073+0000][1][safepoint    ] Entering safepoint region: Cleanup
[2019-12-08T11:53:05.073+0000][1][safepoint    ] Leaving safepoint region
[2019-12-08T11:53:05.073+0000][1][safepoint    ] Total time for which application threads were stopped: 0.0000704 seconds, Stopping threads took: 0.0000180 seconds
[2019-12-08T11:53:06.073+0000][1][safepoint    ] Application time: 1.0000800 seconds
[2019-12-08T11:53:06.073+0000][1][safepoint    ] Entering safepoint region: Cleanup
[2019-12-08T11:53:06.073+0000][1][safepoint    ] Leaving safepoint region
[2019-12-08T11:53:06.073+0000][1][safepoint    ] Total time for which application threads were stopped: 0.0000702 seconds, Stopping threads took: 0.0000184 seconds
[2019-12-08T11:53:07.073+0000][1][safepoint    ] Application time: 1.0000816 seconds
[2019-12-08T11:53:07.073+0000][1][safepoint    ] Entering safepoint region: Cleanup
[2019-12-08T11:53:07.073+0000][1][safepoint    ] Leaving safepoint region
[2019-12-08T11:53:07.073+0000][1][safepoint    ] Total time for which application threads were stopped: 0.0000757 seconds, Stopping threads took: 0.0000192 seconds
[2019-12-08T11:53:08.073+0000][1][safepoint    ] Application time: 1.0000838 seconds
[2019-12-08T11:53:08.073+0000][1][safepoint    ] Entering safepoint region: Cleanup
[2019-12-08T11:53:08.073+0000][1][safepoint    ] Leaving safepoint region
[2019-12-08T11:53:08.073+0000][1][safepoint    ] Total time for which application threads were stopped: 0.0000819 seconds, Stopping threads took: 0.0000186 seconds
[2019-12-08T11:53:09.073+0000][1][safepoint    ] Application time: 1.0000832 seconds
[2019-12-08T11:53:09.074+0000][1][safepoint    ] Entering safepoint region: Cleanup
[2019-12-08T11:53:09.074+0000][1][safepoint    ] Leaving safepoint region
[2019-12-08T11:53:09.074+0000][1][safepoint    ] Total time for which application threads were stopped: 0.0000713 seconds, Stopping threads took: 0.0000190 seconds
[2019-12-08T11:53:10.074+0000][1][safepoint    ] Application time: 1.0000831 seconds
[2019-12-08T11:53:10.074+0000][1][safepoint    ] Entering safepoint region: Cleanup
[2019-12-08T11:53:10.074+0000][1][safepoint    ] Leaving safepoint region
[2019-12-08T11:53:10.074+0000][1][safepoint    ] Total time for which application threads were stopped: 0.0000718 seconds, Stopping threads took: 0.0000204 seconds
[2019-12-08T11:53:11.074+0000][1][safepoint    ] Application time: 1.0000761 seconds
[2019-12-08T11:53:11.074+0000][1][safepoint    ] Entering safepoint region: Cleanup
[2019-12-08T11:53:11.074+0000][1][safepoint    ] Leaving safepoint region
[2019-12-08T11:53:11.074+0000][1][safepoint    ] Total time for which application threads were stopped: 0.0000712 seconds, Stopping threads took: 0.0000190 seconds
[2019-12-08T11:53:12.074+0000][1][safepoint    ] Application time: 1.0000817 seconds
[2019-12-08T11:53:12.074+0000][1][safepoint    ] Entering safepoint region: Cleanup
[2019-12-08T11:53:12.074+0000][1][safepoint    ] Leaving safepoint region
[2019-12-08T11:53:12.074+0000][1][safepoint    ] Total time for which application threads were stopped: 0.0000711 seconds, Stopping threads took: 0.0000191 seconds
[2019-12-08T11:53:13.074+0000][1][safepoint    ] Application time: 1.0000786 seconds
[2019-12-08T11:53:13.074+0000][1][safepoint    ] Entering safepoint region: Cleanup
[2019-12-08T11:53:13.074+0000][1][safepoint    ] Leaving safepoint region
[2019-12-08T11:53:13.074+0000][1][safepoint    ] Total time for which application threads were stopped: 0.0000684 seconds, Stopping threads took: 0.0000173 seconds
[2019-12-08T11:53:14.074+0000][1][safepoint    ] Application time: 1.0000902 seconds
[2019-12-08T11:53:14.074+0000][1][safepoint    ] Entering safepoint region: Cleanup
[2019-12-08T11:53:14.075+0000][1][safepoint    ] Leaving safepoint region
[2019-12-08T11:53:14.075+0000][1][safepoint    ] Total time for which application threads were stopped: 0.0000991 seconds, Stopping threads took: 0.0000311 seconds
[2019-12-08T11:53:15.075+0000][1][safepoint    ] Application time: 1.0000839 seconds
[2019-12-08T11:53:15.075+0000][1][safepoint    ] Entering safepoint region: Cleanup
[2019-12-08T11:53:15.075+0000][1][safepoint    ] Leaving safepoint region
[2019-12-08T11:53:15.075+0000][1][safepoint    ] Total time for which application threads were stopped: 0.0000836 seconds, Stopping threads took: 0.0000307 seconds
[2019-12-08T11:53:16.075+0000][1][safepoint    ] Application time: 1.0000773 seconds
[2019-12-08T11:53:16.075+0000][1][safepoint    ] Entering safepoint region: Cleanup
[2019-12-08T11:53:16.075+0000][1][safepoint    ] Leaving safepoint region
[2019-12-08T11:53:16.075+0000][1][safepoint    ] Total time for which application threads were stopped: 0.0000732 seconds, Stopping threads took: 0.0000197 seconds
[2019-12-08T11:53:17.075+0000][1][safepoint    ] Application time: 1.0000806 seconds
[2019-12-08T11:53:17.075+0000][1][safepoint    ] Entering safepoint region: Cleanup
[2019-12-08T11:53:17.075+0000][1][safepoint    ] Leaving safepoint region
[2019-12-08T11:53:17.075+0000][1][safepoint    ] Total time for which application threads were stopped: 0.0000686 seconds, Stopping threads took: 0.0000183 seconds
[2019-12-08T11:53:18.075+0000][1][safepoint    ] Application time: 1.0000788 seconds
[2019-12-08T11:53:18.075+0000][1][safepoint    ] Entering safepoint region: Cleanup
[2019-12-08T11:53:18.075+0000][1][safepoint    ] Leaving safepoint region
[2019-12-08T11:53:18.075+0000][1][safepoint    ] Total time for which application threads were stopped: 0.0000702 seconds, Stopping threads took: 0.0000180 seconds
[2019-12-08T11:53:19.075+0000][1][safepoint    ] Application time: 1.0000837 seconds
[2019-12-08T11:53:19.075+0000][1][safepoint    ] Entering safepoint region: Cleanup
[2019-12-08T11:53:19.075+0000][1][safepoint    ] Leaving safepoint region
[2019-12-08T11:53:19.075+0000][1][safepoint    ] Total time for which application threads were stopped: 0.0000730 seconds, Stopping threads took: 0.0000199 seconds
[2019-12-08T11:53:20.076+0000][1][safepoint    ] Application time: 1.0000860 seconds
[2019-12-08T11:53:20.076+0000][1][safepoint    ] Entering safepoint region: Cleanup
[2019-12-08T11:53:20.076+0000][1][safepoint    ] Leaving safepoint region
[2019-12-08T11:53:20.076+0000][1][safepoint    ] Total time for which application threads were stopped: 0.0000759 seconds, Stopping threads took: 0.0000208 seconds
[2019-12-08T11:53:21.076+0000][1][safepoint    ] Application time: 1.0001444 seconds
[2019-12-08T11:53:21.076+0000][1][safepoint    ] Entering safepoint region: Cleanup
[2019-12-08T11:53:21.076+0000][1][safepoint    ] Leaving safepoint region
[2019-12-08T11:53:21.076+0000][1][safepoint    ] Total time for which application threads were stopped: 0.0000782 seconds, Stopping threads took: 0.0000190 seconds
[2019-12-08T11:53:22.076+0000][1][safepoint    ] Application time: 1.0000888 seconds
[2019-12-08T11:53:22.076+0000][1][safepoint    ] Entering safepoint region: Cleanup
[2019-12-08T11:53:22.076+0000][1][safepoint    ] Leaving safepoint region
[2019-12-08T11:53:22.076+0000][1][safepoint    ] Total time for which application threads were stopped: 0.0000983 seconds, Stopping threads took: 0.0000248 seconds
[2019-12-08T11:53:23.076+0000][1][safepoint    ] Application time: 1.0000895 seconds
[2019-12-08T11:53:23.076+0000][1][safepoint    ] Entering safepoint region: Cleanup
[2019-12-08T11:53:23.076+0000][1][safepoint    ] Leaving safepoint region
[2019-12-08T11:53:23.076+0000][1][safepoint    ] Total time for which application threads were stopped: 0.0000809 seconds, Stopping threads took: 0.0000203 seconds
[2019-12-08T11:53:24.076+0000][1][safepoint    ] Application time: 1.0001047 seconds
[2019-12-08T11:53:24.077+0000][1][safepoint    ] Entering safepoint region: Cleanup
[2019-12-08T11:53:24.077+0000][1][safepoint    ] Leaving safepoint region
[2019-12-08T11:53:24.077+0000][1][safepoint    ] Total time for which application threads were stopped: 0.0001119 seconds, Stopping threads took: 0.0000381 seconds
[2019-12-08T11:53:25.077+0000][1][safepoint    ] Application time: 1.0000899 seconds
[2019-12-08T11:53:25.077+0000][1][safepoint    ] Entering safepoint region: Cleanup
[2019-12-08T11:53:25.077+0000][1][safepoint    ] Leaving safepoint region
[2019-12-08T11:53:25.077+0000][1][safepoint    ] Total time for which application threads were stopped: 0.0000813 seconds, Stopping threads took: 0.0000243 seconds
[2019-12-08T11:53:26.077+0000][1][safepoint    ] Application time: 1.0000828 seconds
[2019-12-08T11:53:26.077+0000][1][safepoint    ] Entering safepoint region: Cleanup
[2019-12-08T11:53:26.077+0000][1][safepoint    ] Leaving safepoint region
[2019-12-08T11:53:26.077+0000][1][safepoint    ] Total time for which application threads were stopped: 0.0000772 seconds, Stopping threads took: 0.0000184 seconds
[2019-12-08T11:53:27.077+0000][1][safepoint    ] Application time: 1.0000814 seconds
[2019-12-08T11:53:27.077+0000][1][safepoint    ] Entering safepoint region: Cleanup
[2019-12-08T11:53:27.077+0000][1][safepoint    ] Leaving safepoint region
[2019-12-08T11:53:27.077+0000][1][safepoint    ] Total time for which application threads were stopped: 0.0000719 seconds, Stopping threads took: 0.0000193 seconds
[2019-12-08T11:53:28.077+0000][1][safepoint    ] Application time: 1.0000886 seconds
[2019-12-08T11:53:28.077+0000][1][safepoint    ] Entering safepoint region: Cleanup
[2019-12-08T11:53:28.077+0000][1][safepoint    ] Leaving safepoint region
[2019-12-08T11:53:28.077+0000][1][safepoint    ] Total time for which application threads were stopped: 0.0000735 seconds, Stopping threads took: 0.0000196 seconds
[2019-12-08T11:53:29.078+0000][1][safepoint    ] Application time: 1.0000805 seconds
[2019-12-08T11:53:29.078+0000][1][safepoint    ] Entering safepoint region: Cleanup
[2019-12-08T11:53:29.078+0000][1][safepoint    ] Leaving safepoint region
[2019-12-08T11:53:29.078+0000][1][safepoint    ] Total time for which application threads were stopped: 0.0000714 seconds, Stopping threads took: 0.0000190 seconds
[2019-12-08T11:53:30.078+0000][1][safepoint    ] Application time: 1.0000808 seconds
[2019-12-08T11:53:30.078+0000][1][safepoint    ] Entering safepoint region: Cleanup
[2019-12-08T11:53:30.078+0000][1][safepoint    ] Leaving safepoint region
[2019-12-08T11:53:30.078+0000][1][safepoint    ] Total time for which application threads were stopped: 0.0000710 seconds, Stopping threads took: 0.0000185 seconds
[2019-12-08T11:53:31.078+0000][1][safepoint    ] Application time: 1.0000845 seconds
[2019-12-08T11:53:31.078+0000][1][safepoint    ] Entering safepoint region: Cleanup
[2019-12-08T11:53:31.078+0000][1][safepoint    ] Leaving safepoint region
[2019-12-08T11:53:31.078+0000][1][safepoint    ] Total time for which application threads were stopped: 0.0000754 seconds, Stopping threads took: 0.0000221 seconds
[2019-12-08T11:53:32.078+0000][1][safepoint    ] Application time: 1.0000835 seconds
[2019-12-08T11:53:32.078+0000][1][safepoint    ] Entering safepoint region: Cleanup
[2019-12-08T11:53:32.078+0000][1][safepoint    ] Leaving safepoint region
[2019-12-08T11:53:32.078+0000][1][safepoint    ] Total time for which application threads were stopped: 0.0000772 seconds, Stopping threads took: 0.0000258 seconds
[2019-12-08T11:53:33.078+0000][1][safepoint    ] Application time: 1.0000861 seconds
[2019-12-08T11:53:33.078+0000][1][safepoint    ] Entering safepoint region: Cleanup
[2019-12-08T11:53:33.078+0000][1][safepoint    ] Leaving safepoint region
[2019-12-08T11:53:33.078+0000][1][safepoint    ] Total time for which application threads were stopped: 0.0000708 seconds, Stopping threads took: 0.0000188 seconds
[2019-12-08T11:53:34.079+0000][1][safepoint    ] Application time: 1.0000815 seconds
[2019-12-08T11:53:34.079+0000][1][safepoint    ] Entering safepoint region: Cleanup
[2019-12-08T11:53:34.079+0000][1][safepoint    ] Leaving safepoint region
[2019-12-08T11:53:34.079+0000][1][safepoint    ] Total time for which application threads were stopped: 0.0000789 seconds, Stopping threads took: 0.0000194 seconds
[2019-12-08T11:53:35.079+0000][1][safepoint    ] Application time: 1.0000812 seconds
[2019-12-08T11:53:35.079+0000][1][safepoint    ] Entering safepoint region: Cleanup
[2019-12-08T11:53:35.079+0000][1][safepoint    ] Leaving safepoint region
[2019-12-08T11:53:35.079+0000][1][safepoint    ] Total time for which application threads were stopped: 0.0000713 seconds, Stopping threads took: 0.0000190 seconds
[2019-12-08T11:53:36.079+0000][1][safepoint    ] Application time: 1.0000834 seconds
[2019-12-08T11:53:36.079+0000][1][safepoint    ] Entering safepoint region: Cleanup
[2019-12-08T11:53:36.079+0000][1][safepoint    ] Leaving safepoint region
[2019-12-08T11:53:36.079+0000][1][safepoint    ] Total time for which application threads were stopped: 0.0000711 seconds, Stopping threads took: 0.0000189 seconds
[2019-12-08T11:53:37.079+0000][1][safepoint    ] Application time: 1.0000819 seconds
[2019-12-08T11:53:37.079+0000][1][safepoint    ] Entering safepoint region: Cleanup
[2019-12-08T11:53:37.079+0000][1][safepoint    ] Leaving safepoint region
[2019-12-08T11:53:37.079+0000][1][safepoint    ] Total time for which application threads were stopped: 0.0000773 seconds, Stopping threads took: 0.0000251 seconds
[2019-12-08T11:53:38.079+0000][1][safepoint    ] Application time: 1.0000793 seconds
[2019-12-08T11:53:38.079+0000][1][safepoint    ] Entering safepoint region: Cleanup
[2019-12-08T11:53:38.079+0000][1][safepoint    ] Leaving safepoint region
[2019-12-08T11:53:38.079+0000][1][safepoint    ] Total time for which application threads were stopped: 0.0000729 seconds, Stopping threads took: 0.0000205 seconds
[2019-12-08T11:53:39.079+0000][1][safepoint    ] Application time: 1.0000862 seconds
[2019-12-08T11:53:39.080+0000][1][safepoint    ] Entering safepoint region: Cleanup
[2019-12-08T11:53:39.080+0000][1][safepoint    ] Leaving safepoint region
[2019-12-08T11:53:39.080+0000][1][safepoint    ] Total time for which application threads were stopped: 0.0001002 seconds, Stopping threads took: 0.0000254 seconds
[2019-12-08T11:53:40.080+0000][1][safepoint    ] Application time: 1.0000868 seconds
[2019-12-08T11:53:40.080+0000][1][safepoint    ] Entering safepoint region: Cleanup
[2019-12-08T11:53:40.080+0000][1][safepoint    ] Leaving safepoint region
[2019-12-08T11:53:40.080+0000][1][safepoint    ] Total time for which application threads were stopped: 0.0000756 seconds, Stopping threads took: 0.0000178 seconds
[2019-12-08T11:53:41.080+0000][1][safepoint    ] Application time: 1.0000833 seconds
[2019-12-08T11:53:41.080+0000][1][safepoint    ] Entering safepoint region: Cleanup
[2019-12-08T11:53:41.080+0000][1][safepoint    ] Leaving safepoint region
[2019-12-08T11:53:41.080+0000][1][safepoint    ] Total time for which application threads were stopped: 0.0000704 seconds, Stopping threads took: 0.0000179 seconds
[2019-12-08T11:53:42.080+0000][1][safepoint    ] Application time: 1.0000840 seconds
[2019-12-08T11:53:42.080+0000][1][safepoint    ] Entering safepoint region: Cleanup
[2019-12-08T11:53:42.080+0000][1][safepoint    ] Leaving safepoint region
[2019-12-08T11:53:42.080+0000][1][safepoint    ] Total time for which application threads were stopped: 0.0000702 seconds, Stopping threads took: 0.0000182 seconds
[2019-12-08T11:53:43.080+0000][1][safepoint    ] Application time: 1.0000802 seconds
[2019-12-08T11:53:43.080+0000][1][safepoint    ] Entering safepoint region: Cleanup
[2019-12-08T11:53:43.080+0000][1][safepoint    ] Leaving safepoint region
[2019-12-08T11:53:43.080+0000][1][safepoint    ] Total time for which application threads were stopped: 0.0000710 seconds, Stopping threads took: 0.0000219 seconds
[2019-12-08T11:53:44.080+0000][1][safepoint    ] Application time: 1.0000811 seconds
[2019-12-08T11:53:44.080+0000][1][safepoint    ] Entering safepoint region: Cleanup
[2019-12-08T11:53:44.081+0000][1][safepoint    ] Leaving safepoint region
[2019-12-08T11:53:44.081+0000][1][safepoint    ] Total time for which application threads were stopped: 0.0000760 seconds, Stopping threads took: 0.0000176 seconds
[2019-12-08T11:53:45.081+0000][1][safepoint    ] Application time: 1.0000765 seconds
[2019-12-08T11:53:45.081+0000][1][safepoint    ] Entering safepoint region: Cleanup
[2019-12-08T11:53:45.081+0000][1][safepoint    ] Leaving safepoint region
[2019-12-08T11:53:45.081+0000][1][safepoint    ] Total time for which application threads were stopped: 0.0000795 seconds, Stopping threads took: 0.0000172 seconds
[2019-12-08T11:53:46.081+0000][1][safepoint    ] Application time: 1.0000798 seconds
[2019-12-08T11:53:46.081+0000][1][safepoint    ] Entering safepoint region: Cleanup
[2019-12-08T11:53:46.081+0000][1][safepoint    ] Leaving safepoint region
[2019-12-08T11:53:46.081+0000][1][safepoint    ] Total time for which application threads were stopped: 0.0000676 seconds, Stopping threads took: 0.0000176 seconds
[2019-12-08T11:53:47.081+0000][1][safepoint    ] Application time: 1.0000789 seconds
[2019-12-08T11:53:47.081+0000][1][safepoint    ] Entering safepoint region: Cleanup
[2019-12-08T11:53:47.081+0000][1][safepoint    ] Leaving safepoint region
[2019-12-08T11:53:47.081+0000][1][safepoint    ] Total time for which application threads were stopped: 0.0000685 seconds, Stopping threads took: 0.0000175 seconds
[2019-12-08T11:53:48.081+0000][1][safepoint    ] Application time: 1.0000771 seconds
[2019-12-08T11:53:48.081+0000][1][safepoint    ] Entering safepoint region: Cleanup
[2019-12-08T11:53:48.081+0000][1][safepoint    ] Leaving safepoint region
[2019-12-08T11:53:48.081+0000][1][safepoint    ] Total time for which application threads were stopped: 0.0000695 seconds, Stopping threads took: 0.0000189 seconds
[2019-12-08T11:53:49.081+0000][1][safepoint    ] Application time: 1.0000776 seconds
[2019-12-08T11:53:49.081+0000][1][safepoint    ] Entering safepoint region: Cleanup
[2019-12-08T11:53:49.081+0000][1][safepoint    ] Leaving safepoint region
[2019-12-08T11:53:49.081+0000][1][safepoint    ] Total time for which application threads were stopped: 0.0000709 seconds, Stopping threads took: 0.0000190 seconds
[2019-12-08T11:53:50.082+0000][1][safepoint    ] Application time: 1.0000772 seconds
[2019-12-08T11:53:50.082+0000][1][safepoint    ] Entering safepoint region: Cleanup
[2019-12-08T11:53:50.082+0000][1][safepoint    ] Leaving safepoint region
[2019-12-08T11:53:50.082+0000][1][safepoint    ] Total time for which application threads were stopped: 0.0000695 seconds, Stopping threads took: 0.0000176 seconds
[2019-12-08T11:53:51.082+0000][1][safepoint    ] Application time: 1.0000905 seconds
[2019-12-08T11:53:51.082+0000][1][safepoint    ] Entering safepoint region: Cleanup
[2019-12-08T11:53:51.082+0000][1][safepoint    ] Leaving safepoint region
[2019-12-08T11:53:51.082+0000][1][safepoint    ] Total time for which application threads were stopped: 0.0000680 seconds, Stopping threads took: 0.0000180 seconds
[2019-12-08T11:53:52.082+0000][1][safepoint    ] Application time: 1.0000784 seconds
[2019-12-08T11:53:52.082+0000][1][safepoint    ] Entering safepoint region: Cleanup
[2019-12-08T11:53:52.082+0000][1][safepoint    ] Leaving safepoint region
[2019-12-08T11:53:52.082+0000][1][safepoint    ] Total time for which application threads were stopped: 0.0000733 seconds, Stopping threads took: 0.0000224 seconds
[2019-12-08T11:53:53.082+0000][1][safepoint    ] Application time: 1.0000764 seconds
[2019-12-08T11:53:53.082+0000][1][safepoint    ] Entering safepoint region: Cleanup
[2019-12-08T11:53:53.082+0000][1][safepoint    ] Leaving safepoint region
[2019-12-08T11:53:53.082+0000][1][safepoint    ] Total time for which application threads were stopped: 0.0000687 seconds, Stopping threads took: 0.0000169 seconds
[2019-12-08T11:53:54.082+0000][1][safepoint    ] Application time: 1.0000840 seconds
[2019-12-08T11:53:54.082+0000][1][safepoint    ] Entering safepoint region: Cleanup
[2019-12-08T11:53:54.082+0000][1][safepoint    ] Leaving safepoint region
[2019-12-08T11:53:54.082+0000][1][safepoint    ] Total time for which application threads were stopped: 0.0000776 seconds, Stopping threads took: 0.0000177 seconds
[2019-12-08T11:53:55.100+0000][1][safepoint    ] Application time: 1.0173310 seconds
[2019-12-08T11:53:55.100+0000][1][safepoint    ] Entering safepoint region: Cleanup
[2019-12-08T11:53:55.100+0000][1][safepoint    ] Leaving safepoint region
[2019-12-08T11:53:55.100+0000][1][safepoint    ] Total time for which application threads were stopped: 0.0000662 seconds, Stopping threads took: 0.0000173 seconds
[2019-12-08T11:53:56.100+0000][1][safepoint    ] Application time: 1.0000772 seconds
[2019-12-08T11:53:56.100+0000][1][safepoint    ] Entering safepoint region: Cleanup
[2019-12-08T11:53:56.100+0000][1][safepoint    ] Leaving safepoint region
[2019-12-08T11:53:56.100+0000][1][safepoint    ] Total time for which application threads were stopped: 0.0000650 seconds, Stopping threads took: 0.0000148 seconds
[2019-12-08T11:53:57.100+0000][1][safepoint    ] Application time: 1.0000805 seconds
[2019-12-08T11:53:57.100+0000][1][safepoint    ] Entering safepoint region: Cleanup
[2019-12-08T11:53:57.100+0000][1][safepoint    ] Leaving safepoint region
[2019-12-08T11:53:57.100+0000][1][safepoint    ] Total time for which application threads were stopped: 0.0000727 seconds, Stopping threads took: 0.0000240 seconds
[2019-12-08T11:53:58.100+0000][1][safepoint    ] Application time: 1.0000776 seconds
[2019-12-08T11:53:58.100+0000][1][safepoint    ] Entering safepoint region: Cleanup
[2019-12-08T11:53:58.100+0000][1][safepoint    ] Leaving safepoint region
[2019-12-08T11:53:58.100+0000][1][safepoint    ] Total time for which application threads were stopped: 0.0000651 seconds, Stopping threads took: 0.0000147 seconds
[2019-12-08T11:53:59.100+0000][1][safepoint    ] Application time: 1.0000720 seconds
[2019-12-08T11:53:59.100+0000][1][safepoint    ] Entering safepoint region: Cleanup
[2019-12-08T11:53:59.100+0000][1][safepoint    ] Leaving safepoint region
[2019-12-08T11:53:59.100+0000][1][safepoint    ] Total time for which application threads were stopped: 0.0000665 seconds, Stopping threads took: 0.0000169 seconds
[2019-12-08T11:54:00.101+0000][1][safepoint    ] Application time: 1.0000801 seconds
[2019-12-08T11:54:00.101+0000][1][safepoint    ] Entering safepoint region: Cleanup
[2019-12-08T11:54:00.101+0000][1][safepoint    ] Leaving safepoint region
[2019-12-08T11:54:00.101+0000][1][safepoint    ] Total time for which application threads were stopped: 0.0000797 seconds, Stopping threads took: 0.0000187 seconds
[2019-12-08T11:54:01.101+0000][1][safepoint    ] Application time: 1.0000903 seconds
[2019-12-08T11:54:01.101+0000][1][safepoint    ] Entering safepoint region: Cleanup
[2019-12-08T11:54:01.101+0000][1][safepoint    ] Leaving safepoint region
[2019-12-08T11:54:01.101+0000][1][safepoint    ] Total time for which application threads were stopped: 0.0001330 seconds, Stopping threads took: 0.0000715 seconds
[2019-12-08T11:54:02.451+0000][1][safepoint    ] Application time: 1.3501234 seconds
[2019-12-08T11:54:02.451+0000][1][safepoint    ] Entering safepoint region: Cleanup
[2019-12-08T11:54:02.451+0000][1][safepoint    ] Leaving safepoint region
[2019-12-08T11:54:02.451+0000][1][safepoint    ] Total time for which application threads were stopped: 0.0000843 seconds, Stopping threads took: 0.0000253 seconds
[2019-12-08T11:54:03.451+0000][1][safepoint    ] Application time: 1.0000811 seconds
[2019-12-08T11:54:03.451+0000][1][safepoint    ] Entering safepoint region: Cleanup
[2019-12-08T11:54:03.451+0000][1][safepoint    ] Leaving safepoint region
[2019-12-08T11:54:03.451+0000][1][safepoint    ] Total time for which application threads were stopped: 0.0000727 seconds, Stopping threads took: 0.0000193 seconds
[2019-12-08T11:54:04.451+0000][1][safepoint    ] Application time: 1.0000850 seconds
[2019-12-08T11:54:04.452+0000][1][safepoint    ] Entering safepoint region: Cleanup
[2019-12-08T11:54:04.452+0000][1][safepoint    ] Leaving safepoint region
[2019-12-08T11:54:04.452+0000][1][safepoint    ] Total time for which application threads were stopped: 0.0000735 seconds, Stopping threads took: 0.0000174 seconds
[2019-12-08T11:54:05.452+0000][1][safepoint    ] Application time: 1.0001004 seconds
[2019-12-08T11:54:05.452+0000][1][safepoint    ] Entering safepoint region: Cleanup
[2019-12-08T11:54:05.452+0000][1][safepoint    ] Leaving safepoint region
[2019-12-08T11:54:05.452+0000][1][safepoint    ] Total time for which application threads were stopped: 0.0000808 seconds, Stopping threads took: 0.0000181 seconds
[2019-12-08T11:54:06.452+0000][1][safepoint    ] Application time: 1.0000933 seconds
[2019-12-08T11:54:06.452+0000][1][safepoint    ] Entering safepoint region: Cleanup
[2019-12-08T11:54:06.452+0000][1][safepoint    ] Leaving safepoint region
[2019-12-08T11:54:06.452+0000][1][safepoint    ] Total time for which application threads were stopped: 0.0000847 seconds, Stopping threads took: 0.0000179 seconds
[2019-12-08T11:54:07.452+0000][1][safepoint    ] Application time: 1.0000858 seconds
[2019-12-08T11:54:07.452+0000][1][safepoint    ] Entering safepoint region: Cleanup
[2019-12-08T11:54:07.452+0000][1][safepoint    ] Leaving safepoint region
[2019-12-08T11:54:07.452+0000][1][safepoint    ] Total time for which application threads were stopped: 0.0000706 seconds, Stopping threads took: 0.0000172 seconds
[2019-12-08T11:54:08.452+0000][1][safepoint    ] Application time: 1.0000775 seconds
[2019-12-08T11:54:08.452+0000][1][safepoint    ] Entering safepoint region: Cleanup
[2019-12-08T11:54:08.452+0000][1][safepoint    ] Leaving safepoint region
[2019-12-08T11:54:08.452+0000][1][safepoint    ] Total time for which application threads were stopped: 0.0000727 seconds, Stopping threads took: 0.0000179 seconds
[2019-12-08T11:54:09.453+0000][1][safepoint    ] Application time: 1.0000971 seconds
[2019-12-08T11:54:09.453+0000][1][safepoint    ] Entering safepoint region: Cleanup
[2019-12-08T11:54:09.453+0000][1][safepoint    ] Leaving safepoint region
[2019-12-08T11:54:09.453+0000][1][safepoint    ] Total time for which application threads were stopped: 0.0000743 seconds, Stopping threads took: 0.0000191 seconds
[2019-12-08T11:54:10.453+0000][1][safepoint    ] Application time: 1.0001141 seconds
[2019-12-08T11:54:10.453+0000][1][safepoint    ] Entering safepoint region: Cleanup
[2019-12-08T11:54:10.453+0000][1][safepoint    ] Leaving safepoint region
[2019-12-08T11:54:10.453+0000][1][safepoint    ] Total time for which application threads were stopped: 0.0000716 seconds, Stopping threads took: 0.0000173 seconds
[2019-12-08T11:54:11.453+0000][1][safepoint    ] Application time: 1.0000876 seconds
[2019-12-08T11:54:11.453+0000][1][safepoint    ] Entering safepoint region: Cleanup
[2019-12-08T11:54:11.453+0000][1][safepoint    ] Leaving safepoint region
[2019-12-08T11:54:11.453+0000][1][safepoint    ] Total time for which application threads were stopped: 0.0000707 seconds, Stopping threads took: 0.0000179 seconds
[2019-12-08T11:54:12.453+0000][1][safepoint    ] Application time: 1.0001008 seconds
[2019-12-08T11:54:12.453+0000][1][safepoint    ] Entering safepoint region: Cleanup
[2019-12-08T11:54:12.453+0000][1][safepoint    ] Leaving safepoint region
[2019-12-08T11:54:12.453+0000][1][safepoint    ] Total time for which application threads were stopped: 0.0000733 seconds, Stopping threads took: 0.0000185 seconds
[2019-12-08T11:54:13.453+0000][1][safepoint    ] Application time: 1.0000868 seconds
[2019-12-08T11:54:13.453+0000][1][safepoint    ] Entering safepoint region: Cleanup
[2019-12-08T11:54:13.454+0000][1][safepoint    ] Leaving safepoint region
[2019-12-08T11:54:13.454+0000][1][safepoint    ] Total time for which application threads were stopped: 0.0000741 seconds, Stopping threads took: 0.0000199 seconds
[2019-12-08T11:54:14.454+0000][1][safepoint    ] Application time: 1.0000983 seconds
[2019-12-08T11:54:14.454+0000][1][safepoint    ] Entering safepoint region: Cleanup
[2019-12-08T11:54:14.454+0000][1][safepoint    ] Leaving safepoint region
[2019-12-08T11:54:14.454+0000][1][safepoint    ] Total time for which application threads were stopped: 0.0000958 seconds, Stopping threads took: 0.0000364 seconds
[2019-12-08T11:54:15.454+0000][1][safepoint    ] Application time: 1.0000954 seconds
[2019-12-08T11:54:15.454+0000][1][safepoint    ] Entering safepoint region: Cleanup
[2019-12-08T11:54:15.454+0000][1][safepoint    ] Leaving safepoint region
[2019-12-08T11:54:15.454+0000][1][safepoint    ] Total time for which application threads were stopped: 0.0000746 seconds, Stopping threads took: 0.0000184 seconds
[2019-12-08T11:54:16.454+0000][1][safepoint    ] Application time: 1.0000836 seconds
[2019-12-08T11:54:16.454+0000][1][safepoint    ] Entering safepoint region: Cleanup
[2019-12-08T11:54:16.454+0000][1][safepoint    ] Leaving safepoint region
[2019-12-08T11:54:16.454+0000][1][safepoint    ] Total time for which application threads were stopped: 0.0000731 seconds, Stopping threads took: 0.0000189 seconds
[2019-12-08T11:54:17.454+0000][1][safepoint    ] Application time: 1.0000903 seconds
[2019-12-08T11:54:17.454+0000][1][safepoint    ] Entering safepoint region: Cleanup
[2019-12-08T11:54:17.454+0000][1][safepoint    ] Leaving safepoint region
[2019-12-08T11:54:17.454+0000][1][safepoint    ] Total time for which application threads were stopped: 0.0000789 seconds, Stopping threads took: 0.0000197 seconds
[2019-12-08T11:54:18.455+0000][1][safepoint    ] Application time: 1.0000829 seconds
[2019-12-08T11:54:18.455+0000][1][safepoint    ] Entering safepoint region: Cleanup
[2019-12-08T11:54:18.455+0000][1][safepoint    ] Leaving safepoint region
[2019-12-08T11:54:18.455+0000][1][safepoint    ] Total time for which application threads were stopped: 0.0000699 seconds, Stopping threads took: 0.0000174 seconds
[2019-12-08T11:54:19.455+0000][1][safepoint    ] Application time: 1.0000875 seconds
[2019-12-08T11:54:19.455+0000][1][safepoint    ] Entering safepoint region: Cleanup
[2019-12-08T11:54:19.455+0000][1][safepoint    ] Leaving safepoint region
[2019-12-08T11:54:19.455+0000][1][safepoint    ] Total time for which application threads were stopped: 0.0000726 seconds, Stopping threads took: 0.0000177 seconds
[2019-12-08T11:54:20.455+0000][1][safepoint    ] Application time: 1.0000846 seconds
[2019-12-08T11:54:20.455+0000][1][safepoint    ] Entering safepoint region: Cleanup
[2019-12-08T11:54:20.455+0000][1][safepoint    ] Leaving safepoint region
[2019-12-08T11:54:20.455+0000][1][safepoint    ] Total time for which application threads were stopped: 0.0000729 seconds, Stopping threads took: 0.0000185 seconds
[2019-12-08T11:54:21.455+0000][1][safepoint    ] Application time: 1.0000785 seconds
[2019-12-08T11:54:21.455+0000][1][safepoint    ] Entering safepoint region: Cleanup
[2019-12-08T11:54:21.455+0000][1][safepoint    ] Leaving safepoint region
[2019-12-08T11:54:21.455+0000][1][safepoint    ] Total time for which application threads were stopped: 0.0000701 seconds, Stopping threads took: 0.0000170 seconds
[2019-12-08T11:54:22.455+0000][1][safepoint    ] Application time: 1.0000891 seconds
[2019-12-08T11:54:22.455+0000][1][safepoint    ] Entering safepoint region: Cleanup
[2019-12-08T11:54:22.455+0000][1][safepoint    ] Leaving safepoint region
[2019-12-08T11:54:22.455+0000][1][safepoint    ] Total time for which application threads were stopped: 0.0000721 seconds, Stopping threads took: 0.0000180 seconds
[2019-12-08T11:54:23.456+0000][1][safepoint    ] Application time: 1.0000793 seconds
[2019-12-08T11:54:23.456+0000][1][safepoint    ] Entering safepoint region: Cleanup
[2019-12-08T11:54:23.456+0000][1][safepoint    ] Leaving safepoint region
[2019-12-08T11:54:23.456+0000][1][safepoint    ] Total time for which application threads were stopped: 0.0000690 seconds, Stopping threads took: 0.0000163 seconds
[2019-12-08T11:54:24.456+0000][1][safepoint    ] Application time: 1.0000800 seconds
[2019-12-08T11:54:24.456+0000][1][safepoint    ] Entering safepoint region: Cleanup
[2019-12-08T11:54:24.456+0000][1][safepoint    ] Leaving safepoint region
[2019-12-08T11:54:24.456+0000][1][safepoint    ] Total time for which application threads were stopped: 0.0000704 seconds, Stopping threads took: 0.0000173 seconds
[2019-12-08T11:54:25.456+0000][1][safepoint    ] Application time: 1.0000812 seconds
[2019-12-08T11:54:25.456+0000][1][safepoint    ] Entering safepoint region: Cleanup
[2019-12-08T11:54:25.456+0000][1][safepoint    ] Leaving safepoint region
[2019-12-08T11:54:25.456+0000][1][safepoint    ] Total time for which application threads were stopped: 0.0000726 seconds, Stopping threads took: 0.0000187 seconds
[2019-12-08T11:54:26.456+0000][1][safepoint    ] Application time: 1.0000803 seconds
[2019-12-08T11:54:26.456+0000][1][safepoint    ] Entering safepoint region: Cleanup
[2019-12-08T11:54:26.456+0000][1][safepoint    ] Leaving safepoint region
[2019-12-08T11:54:26.456+0000][1][safepoint    ] Total time for which application threads were stopped: 0.0000682 seconds, Stopping threads took: 0.0000162 seconds
[2019-12-08T11:54:27.456+0000][1][safepoint    ] Application time: 1.0000876 seconds
[2019-12-08T11:54:27.456+0000][1][safepoint    ] Entering safepoint region: Cleanup
[2019-12-08T11:54:27.456+0000][1][safepoint    ] Leaving safepoint region
[2019-12-08T11:54:27.456+0000][1][safepoint    ] Total time for which application threads were stopped: 0.0000687 seconds, Stopping threads took: 0.0000169 seconds
[2019-12-08T11:54:28.457+0000][1][safepoint    ] Application time: 1.0000809 seconds
[2019-12-08T11:54:28.457+0000][1][safepoint    ] Entering safepoint region: Cleanup
[2019-12-08T11:54:28.457+0000][1][safepoint    ] Leaving safepoint region
[2019-12-08T11:54:28.457+0000][1][safepoint    ] Total time for which application threads were stopped: 0.0000725 seconds, Stopping threads took: 0.0000170 seconds
[2019-12-08T11:54:29.457+0000][1][safepoint    ] Application time: 1.0000946 seconds
[2019-12-08T11:54:29.457+0000][1][safepoint    ] Entering safepoint region: Cleanup
[2019-12-08T11:54:29.457+0000][1][safepoint    ] Leaving safepoint region
[2019-12-08T11:54:29.457+0000][1][safepoint    ] Total time for which application threads were stopped: 0.0000693 seconds, Stopping threads took: 0.0000162 seconds
[2019-12-08T11:54:30.457+0000][1][safepoint    ] Application time: 1.0000845 seconds
[2019-12-08T11:54:30.457+0000][1][safepoint    ] Entering safepoint region: Cleanup
[2019-12-08T11:54:30.457+0000][1][safepoint    ] Leaving safepoint region
[2019-12-08T11:54:30.457+0000][1][safepoint    ] Total time for which application threads were stopped: 0.0000728 seconds, Stopping threads took: 0.0000186 seconds
[2019-12-08T11:54:31.457+0000][1][safepoint    ] Application time: 1.0000790 seconds
[2019-12-08T11:54:31.457+0000][1][safepoint    ] Entering safepoint region: Cleanup
[2019-12-08T11:54:31.457+0000][1][safepoint    ] Leaving safepoint region
[2019-12-08T11:54:31.457+0000][1][safepoint    ] Total time for which application threads were stopped: 0.0000708 seconds, Stopping threads took: 0.0000163 seconds
[2019-12-08T11:54:32.457+0000][1][safepoint    ] Application time: 1.0000812 seconds
[2019-12-08T11:54:32.457+0000][1][safepoint    ] Entering safepoint region: Cleanup
[2019-12-08T11:54:32.457+0000][1][safepoint    ] Leaving safepoint region
[2019-12-08T11:54:32.457+0000][1][safepoint    ] Total time for which application threads were stopped: 0.0000718 seconds, Stopping threads took: 0.0000180 seconds
[2019-12-08T11:54:33.457+0000][1][safepoint    ] Application time: 1.0000782 seconds
[2019-12-08T11:54:33.458+0000][1][safepoint    ] Entering safepoint region: Cleanup
[2019-12-08T11:54:33.458+0000][1][safepoint    ] Leaving safepoint region
[2019-12-08T11:54:33.458+0000][1][safepoint    ] Total time for which application threads were stopped: 0.0000705 seconds, Stopping threads took: 0.0000177 seconds
[2019-12-08T11:54:34.458+0000][1][safepoint    ] Application time: 1.0000976 seconds
[2019-12-08T11:54:34.458+0000][1][safepoint    ] Entering safepoint region: Cleanup
[2019-12-08T11:54:34.458+0000][1][safepoint    ] Leaving safepoint region
[2019-12-08T11:54:34.458+0000][1][safepoint    ] Total time for which application threads were stopped: 0.0000762 seconds, Stopping threads took: 0.0000172 seconds
[2019-12-08T11:54:35.458+0000][1][safepoint    ] Application time: 1.0000929 seconds
[2019-12-08T11:54:35.458+0000][1][safepoint    ] Entering safepoint region: Cleanup
[2019-12-08T11:54:35.458+0000][1][safepoint    ] Leaving safepoint region
[2019-12-08T11:54:35.458+0000][1][safepoint    ] Total time for which application threads were stopped: 0.0000745 seconds, Stopping threads took: 0.0000195 seconds
[2019-12-08T11:54:36.458+0000][1][safepoint    ] Application time: 1.0000856 seconds
[2019-12-08T11:54:36.458+0000][1][safepoint    ] Entering safepoint region: Cleanup
[2019-12-08T11:54:36.458+0000][1][safepoint    ] Leaving safepoint region
[2019-12-08T11:54:36.458+0000][1][safepoint    ] Total time for which application threads were stopped: 0.0000688 seconds, Stopping threads took: 0.0000168 seconds
[2019-12-08T11:54:37.458+0000][1][safepoint    ] Application time: 1.0000835 seconds
[2019-12-08T11:54:37.458+0000][1][safepoint    ] Entering safepoint region: Cleanup
[2019-12-08T11:54:37.458+0000][1][safepoint    ] Leaving safepoint region
[2019-12-08T11:54:37.458+0000][1][safepoint    ] Total time for which application threads were stopped: 0.0000699 seconds, Stopping threads took: 0.0000169 seconds
[2019-12-08T11:54:38.459+0000][1][safepoint    ] Application time: 1.0000816 seconds
[2019-12-08T11:54:38.459+0000][1][safepoint    ] Entering safepoint region: Cleanup
[2019-12-08T11:54:38.459+0000][1][safepoint    ] Leaving safepoint region
[2019-12-08T11:54:38.459+0000][1][safepoint    ] Total time for which application threads were stopped: 0.0000743 seconds, Stopping threads took: 0.0000187 seconds
[2019-12-08T11:54:39.459+0000][1][safepoint    ] Application time: 1.0000832 seconds
[2019-12-08T11:54:39.459+0000][1][safepoint    ] Entering safepoint region: Cleanup
[2019-12-08T11:54:39.459+0000][1][safepoint    ] Leaving safepoint region
[2019-12-08T11:54:39.459+0000][1][safepoint    ] Total time for which application threads were stopped: 0.0000717 seconds, Stopping threads took: 0.0000210 seconds
[2019-12-08T11:54:40.459+0000][1][safepoint    ] Application time: 1.0000813 seconds
[2019-12-08T11:54:40.459+0000][1][safepoint    ] Entering safepoint region: Cleanup
[2019-12-08T11:54:40.459+0000][1][safepoint    ] Leaving safepoint region
[2019-12-08T11:54:40.459+0000][1][safepoint    ] Total time for which application threads were stopped: 0.0000703 seconds, Stopping threads took: 0.0000173 seconds
[2019-12-08T11:54:41.459+0000][1][safepoint    ] Application time: 1.0000798 seconds
[2019-12-08T11:54:41.459+0000][1][safepoint    ] Entering safepoint region: Cleanup
[2019-12-08T11:54:41.459+0000][1][safepoint    ] Leaving safepoint region
[2019-12-08T11:54:41.459+0000][1][safepoint    ] Total time for which application threads were stopped: 0.0000699 seconds, Stopping threads took: 0.0000172 seconds
[2019-12-08T11:54:42.459+0000][1][safepoint    ] Application time: 1.0000842 seconds
[2019-12-08T11:54:42.459+0000][1][safepoint    ] Entering safepoint region: Cleanup
[2019-12-08T11:54:42.459+0000][1][safepoint    ] Leaving safepoint region
[2019-12-08T11:54:42.459+0000][1][safepoint    ] Total time for which application threads were stopped: 0.0000675 seconds, Stopping threads took: 0.0000174 seconds
[2019-12-08T11:54:43.459+0000][1][safepoint    ] Application time: 1.0000816 seconds
[2019-12-08T11:54:43.460+0000][1][safepoint    ] Entering safepoint region: Cleanup
[2019-12-08T11:54:43.460+0000][1][safepoint    ] Leaving safepoint region
[2019-12-08T11:54:43.460+0000][1][safepoint    ] Total time for which application threads were stopped: 0.0000693 seconds, Stopping threads took: 0.0000169 seconds
[2019-12-08T11:54:44.460+0000][1][safepoint    ] Application time: 1.0000815 seconds
[2019-12-08T11:54:44.460+0000][1][safepoint    ] Entering safepoint region: Cleanup
[2019-12-08T11:54:44.460+0000][1][safepoint    ] Leaving safepoint region
[2019-12-08T11:54:44.460+0000][1][safepoint    ] Total time for which application threads were stopped: 0.0000765 seconds, Stopping threads took: 0.0000173 seconds
[2019-12-08T11:54:45.460+0000][1][safepoint    ] Application time: 1.0000802 seconds
[2019-12-08T11:54:45.460+0000][1][safepoint    ] Entering safepoint region: Cleanup
[2019-12-08T11:54:45.460+0000][1][safepoint    ] Leaving safepoint region
[2019-12-08T11:54:45.460+0000][1][safepoint    ] Total time for which application threads were stopped: 0.0000676 seconds, Stopping threads took: 0.0000173 seconds
[2019-12-08T11:54:46.460+0000][1][safepoint    ] Application time: 1.0000832 seconds
[2019-12-08T11:54:46.460+0000][1][safepoint    ] Entering safepoint region: Cleanup
[2019-12-08T11:54:46.460+0000][1][safepoint    ] Leaving safepoint region
[2019-12-08T11:54:46.460+0000][1][safepoint    ] Total time for which application threads were stopped: 0.0000696 seconds, Stopping threads took: 0.0000182 seconds
[2019-12-08T11:54:47.460+0000][1][safepoint    ] Application time: 1.0000785 seconds
[2019-12-08T11:54:47.460+0000][1][safepoint    ] Entering safepoint region: Cleanup
[2019-12-08T11:54:47.460+0000][1][safepoint    ] Leaving safepoint region
[2019-12-08T11:54:47.460+0000][1][safepoint    ] Total time for which application threads were stopped: 0.0000716 seconds, Stopping threads took: 0.0000207 seconds
[2019-12-08T11:54:48.460+0000][1][safepoint    ] Application time: 1.0000779 seconds
[2019-12-08T11:54:48.461+0000][1][safepoint    ] Entering safepoint region: Cleanup
[2019-12-08T11:54:48.461+0000][1][safepoint    ] Leaving safepoint region
[2019-12-08T11:54:48.461+0000][1][safepoint    ] Total time for which application threads were stopped: 0.0000701 seconds, Stopping threads took: 0.0000175 seconds
[2019-12-08T11:54:49.461+0000][1][safepoint    ] Application time: 1.0000787 seconds
[2019-12-08T11:54:49.461+0000][1][safepoint    ] Entering safepoint region: Cleanup
[2019-12-08T11:54:49.461+0000][1][safepoint    ] Leaving safepoint region
[2019-12-08T11:54:49.461+0000][1][safepoint    ] Total time for which application threads were stopped: 0.0000717 seconds, Stopping threads took: 0.0000191 seconds
[2019-12-08T11:54:50.461+0000][1][safepoint    ] Application time: 1.0000932 seconds
[2019-12-08T11:54:50.461+0000][1][safepoint    ] Entering safepoint region: Cleanup
[2019-12-08T11:54:50.461+0000][1][safepoint    ] Leaving safepoint region
[2019-12-08T11:54:50.461+0000][1][safepoint    ] Total time for which application threads were stopped: 0.0000670 seconds, Stopping threads took: 0.0000164 seconds
[2019-12-08T11:54:51.461+0000][1][safepoint    ] Application time: 1.0000797 seconds
[2019-12-08T11:54:51.461+0000][1][safepoint    ] Entering safepoint region: Cleanup
[2019-12-08T11:54:51.461+0000][1][safepoint    ] Leaving safepoint region
[2019-12-08T11:54:51.461+0000][1][safepoint    ] Total time for which application threads were stopped: 0.0000672 seconds, Stopping threads took: 0.0000152 seconds
[2019-12-08T11:54:52.461+0000][1][safepoint    ] Application time: 1.0000773 seconds
[2019-12-08T11:54:52.461+0000][1][safepoint    ] Entering safepoint region: Cleanup
[2019-12-08T11:54:52.461+0000][1][safepoint    ] Leaving safepoint region
[2019-12-08T11:54:52.461+0000][1][safepoint    ] Total time for which application threads were stopped: 0.0000692 seconds, Stopping threads took: 0.0000168 seconds
[2019-12-08T11:54:53.461+0000][1][safepoint    ] Application time: 1.0000795 seconds
[2019-12-08T11:54:53.461+0000][1][safepoint    ] Entering safepoint region: Cleanup
[2019-12-08T11:54:53.462+0000][1][safepoint    ] Leaving safepoint region
[2019-12-08T11:54:53.462+0000][1][safepoint    ] Total time for which application threads were stopped: 0.0000695 seconds, Stopping threads took: 0.0000173 seconds
[2019-12-08T11:54:54.462+0000][1][safepoint    ] Application time: 1.0000790 seconds
[2019-12-08T11:54:54.462+0000][1][safepoint    ] Entering safepoint region: Cleanup
[2019-12-08T11:54:54.462+0000][1][safepoint    ] Leaving safepoint region
[2019-12-08T11:54:54.462+0000][1][safepoint    ] Total time for which application threads were stopped: 0.0000871 seconds, Stopping threads took: 0.0000161 seconds
[2019-12-08T11:54:56.136+0000][1][safepoint    ] Application time: 1.6737982 seconds
[2019-12-08T11:54:56.136+0000][1][safepoint    ] Entering safepoint region: Cleanup
[2019-12-08T11:54:56.136+0000][1][safepoint    ] Leaving safepoint region
[2019-12-08T11:54:56.136+0000][1][safepoint    ] Total time for which application threads were stopped: 0.0000720 seconds, Stopping threads took: 0.0000174 seconds
[2019-12-08T11:54:57.136+0000][1][safepoint    ] Application time: 1.0000439 seconds
[2019-12-08T11:54:57.136+0000][1][safepoint    ] Entering safepoint region: Cleanup
[2019-12-08T11:54:57.136+0000][1][safepoint    ] Leaving safepoint region
[2019-12-08T11:54:57.136+0000][1][safepoint    ] Total time for which application threads were stopped: 0.0000902 seconds, Stopping threads took: 0.0000355 seconds
[2019-12-08T11:54:58.136+0000][1][safepoint    ] Application time: 1.0000902 seconds
[2019-12-08T11:54:58.136+0000][1][safepoint    ] Entering safepoint region: Cleanup
[2019-12-08T11:54:58.136+0000][1][safepoint    ] Leaving safepoint region
[2019-12-08T11:54:58.136+0000][1][safepoint    ] Total time for which application threads were stopped: 0.0000674 seconds, Stopping threads took: 0.0000172 seconds
[2019-12-08T11:54:59.136+0000][1][safepoint    ] Application time: 1.0000942 seconds
[2019-12-08T11:54:59.136+0000][1][safepoint    ] Entering safepoint region: Cleanup
[2019-12-08T11:54:59.136+0000][1][safepoint    ] Leaving safepoint region
[2019-12-08T11:54:59.136+0000][1][safepoint    ] Total time for which application threads were stopped: 0.0000883 seconds, Stopping threads took: 0.0000224 seconds
[2019-12-08T11:55:00.136+0000][1][safepoint    ] Application time: 1.0000837 seconds
[2019-12-08T11:55:00.136+0000][1][safepoint    ] Entering safepoint region: Cleanup
[2019-12-08T11:55:00.136+0000][1][safepoint    ] Leaving safepoint region
[2019-12-08T11:55:00.136+0000][1][safepoint    ] Total time for which application threads were stopped: 0.0000716 seconds, Stopping threads took: 0.0000183 seconds
[2019-12-08T11:55:01.137+0000][1][safepoint    ] Application time: 1.0000843 seconds
[2019-12-08T11:55:01.137+0000][1][safepoint    ] Entering safepoint region: Cleanup
[2019-12-08T11:55:01.137+0000][1][safepoint    ] Leaving safepoint region
[2019-12-08T11:55:01.137+0000][1][safepoint    ] Total time for which application threads were stopped: 0.0000698 seconds, Stopping threads took: 0.0000172 seconds
[2019-12-08T11:55:02.139+0000][1][safepoint    ] Application time: 1.0019333 seconds
[2019-12-08T11:55:02.139+0000][1][safepoint    ] Entering safepoint region: Cleanup
[2019-12-08T11:55:02.139+0000][1][safepoint    ] Leaving safepoint region
[2019-12-08T11:55:02.139+0000][1][safepoint    ] Total time for which application threads were stopped: 0.0001208 seconds, Stopping threads took: 0.0000240 seconds
[2019-12-08T11:55:03.139+0000][1][safepoint    ] Application time: 1.0000819 seconds
[2019-12-08T11:55:03.139+0000][1][safepoint    ] Entering safepoint region: Cleanup
[2019-12-08T11:55:03.139+0000][1][safepoint    ] Leaving safepoint region
[2019-12-08T11:55:03.139+0000][1][safepoint    ] Total time for which application threads were stopped: 0.0001339 seconds, Stopping threads took: 0.0000620 seconds
[2019-12-08T11:55:04.139+0000][1][safepoint    ] Application time: 1.0000973 seconds
[2019-12-08T11:55:04.139+0000][1][safepoint    ] Entering safepoint region: Cleanup
[2019-12-08T11:55:04.139+0000][1][safepoint    ] Leaving safepoint region
[2019-12-08T11:55:04.139+0000][1][safepoint    ] Total time for which application threads were stopped: 0.0000778 seconds, Stopping threads took: 0.0000239 seconds
[2019-12-08T11:55:05.139+0000][1][safepoint    ] Application time: 1.0000946 seconds
[2019-12-08T11:55:05.139+0000][1][safepoint    ] Entering safepoint region: Cleanup
[2019-12-08T11:55:05.139+0000][1][safepoint    ] Leaving safepoint region
[2019-12-08T11:55:05.139+0000][1][safepoint    ] Total time for which application threads were stopped: 0.0000939 seconds, Stopping threads took: 0.0000241 seconds
[2019-12-08T11:55:06.140+0000][1][safepoint    ] Application time: 1.0000897 seconds
[2019-12-08T11:55:06.140+0000][1][safepoint    ] Entering safepoint region: Cleanup
[2019-12-08T11:55:06.140+0000][1][safepoint    ] Leaving safepoint region
[2019-12-08T11:55:06.140+0000][1][safepoint    ] Total time for which application threads were stopped: 0.0000710 seconds, Stopping threads took: 0.0000184 seconds
[2019-12-08T11:55:07.140+0000][1][safepoint    ] Application time: 1.0000894 seconds
[2019-12-08T11:55:07.140+0000][1][safepoint    ] Entering safepoint region: Cleanup
[2019-12-08T11:55:07.140+0000][1][safepoint    ] Leaving safepoint region
[2019-12-08T11:55:07.140+0000][1][safepoint    ] Total time for which application threads were stopped: 0.0000709 seconds, Stopping threads took: 0.0000185 seconds
[2019-12-08T11:55:08.140+0000][1][safepoint    ] Application time: 1.0000808 seconds
[2019-12-08T11:55:08.140+0000][1][safepoint    ] Entering safepoint region: Cleanup
[2019-12-08T11:55:08.140+0000][1][safepoint    ] Leaving safepoint region
[2019-12-08T11:55:08.140+0000][1][safepoint    ] Total time for which application threads were stopped: 0.0000724 seconds, Stopping threads took: 0.0000189 seconds
[2019-12-08T11:55:09.140+0000][1][safepoint    ] Application time: 1.0000829 seconds
[2019-12-08T11:55:09.140+0000][1][safepoint    ] Entering safepoint region: Cleanup
[2019-12-08T11:55:09.140+0000][1][safepoint    ] Leaving safepoint region
[2019-12-08T11:55:09.140+0000][1][safepoint    ] Total time for which application threads were stopped: 0.0000728 seconds, Stopping threads took: 0.0000195 seconds
[2019-12-08T11:55:10.140+0000][1][safepoint    ] Application time: 1.0000926 seconds
[2019-12-08T11:55:10.140+0000][1][safepoint    ] Entering safepoint region: Cleanup
[2019-12-08T11:55:10.140+0000][1][safepoint    ] Leaving safepoint region
[2019-12-08T11:55:10.140+0000][1][safepoint    ] Total time for which application threads were stopped: 0.0000929 seconds, Stopping threads took: 0.0000255 seconds
[2019-12-08T11:55:11.141+0000][1][safepoint    ] Application time: 1.0000854 seconds
[2019-12-08T11:55:11.141+0000][1][safepoint    ] Entering safepoint region: Cleanup
[2019-12-08T11:55:11.141+0000][1][safepoint    ] Leaving safepoint region
[2019-12-08T11:55:11.141+0000][1][safepoint    ] Total time for which application threads were stopped: 0.0000715 seconds, Stopping threads took: 0.0000186 seconds
[2019-12-08T11:55:12.141+0000][1][safepoint    ] Application time: 1.0000812 seconds
[2019-12-08T11:55:12.141+0000][1][safepoint    ] Entering safepoint region: Cleanup
[2019-12-08T11:55:12.141+0000][1][safepoint    ] Leaving safepoint region
[2019-12-08T11:55:12.141+0000][1][safepoint    ] Total time for which application threads were stopped: 0.0001097 seconds, Stopping threads took: 0.0000200 seconds
[2019-12-08T11:55:13.141+0000][1][safepoint    ] Application time: 1.0000819 seconds
[2019-12-08T11:55:13.141+0000][1][safepoint    ] Entering safepoint region: Cleanup
[2019-12-08T11:55:13.141+0000][1][safepoint    ] Leaving safepoint region
[2019-12-08T11:55:13.141+0000][1][safepoint    ] Total time for which application threads were stopped: 0.0000780 seconds, Stopping threads took: 0.0000195 seconds
[2019-12-08T11:55:14.141+0000][1][safepoint    ] Application time: 1.0000807 seconds
[2019-12-08T11:55:14.141+0000][1][safepoint    ] Entering safepoint region: Cleanup
[2019-12-08T11:55:14.141+0000][1][safepoint    ] Leaving safepoint region
[2019-12-08T11:55:14.141+0000][1][safepoint    ] Total time for which application threads were stopped: 0.0000730 seconds, Stopping threads took: 0.0000187 seconds
[2019-12-08T11:55:15.141+0000][1][safepoint    ] Application time: 1.0000842 seconds
[2019-12-08T11:55:15.141+0000][1][safepoint    ] Entering safepoint region: Cleanup
[2019-12-08T11:55:15.141+0000][1][safepoint    ] Leaving safepoint region
[2019-12-08T11:55:15.141+0000][1][safepoint    ] Total time for which application threads were stopped: 0.0000726 seconds, Stopping threads took: 0.0000194 seconds
[2019-12-08T11:55:16.142+0000][1][safepoint    ] Application time: 1.0000809 seconds
[2019-12-08T11:55:16.142+0000][1][safepoint    ] Entering safepoint region: Cleanup
[2019-12-08T11:55:16.142+0000][1][safepoint    ] Leaving safepoint region
[2019-12-08T11:55:16.142+0000][1][safepoint    ] Total time for which application threads were stopped: 0.0000755 seconds, Stopping threads took: 0.0000187 seconds
[2019-12-08T11:55:17.142+0000][1][safepoint    ] Application time: 1.0000446 seconds
[2019-12-08T11:55:17.142+0000][1][safepoint    ] Entering safepoint region: Cleanup
[2019-12-08T11:55:17.142+0000][1][safepoint    ] Leaving safepoint region
[2019-12-08T11:55:17.142+0000][1][safepoint    ] Total time for which application threads were stopped: 0.0000736 seconds, Stopping threads took: 0.0000190 seconds
[2019-12-08T11:55:18.142+0000][1][safepoint    ] Application time: 1.0000807 seconds
[2019-12-08T11:55:18.142+0000][1][safepoint    ] Entering safepoint region: Cleanup
[2019-12-08T11:55:18.142+0000][1][safepoint    ] Leaving safepoint region
[2019-12-08T11:55:18.142+0000][1][safepoint    ] Total time for which application threads were stopped: 0.0000907 seconds, Stopping threads took: 0.0000207 seconds
[2019-12-08T11:55:19.142+0000][1][safepoint    ] Application time: 1.0000810 seconds
[2019-12-08T11:55:19.142+0000][1][safepoint    ] Entering safepoint region: Cleanup
[2019-12-08T11:55:19.142+0000][1][safepoint    ] Leaving safepoint region
[2019-12-08T11:55:19.142+0000][1][safepoint    ] Total time for which application threads were stopped: 0.0000780 seconds, Stopping threads took: 0.0000206 seconds
[2019-12-08T11:55:20.142+0000][1][safepoint    ] Application time: 1.0000928 seconds
[2019-12-08T11:55:20.142+0000][1][safepoint    ] Entering safepoint region: Cleanup
[2019-12-08T11:55:20.142+0000][1][safepoint    ] Leaving safepoint region
[2019-12-08T11:55:20.142+0000][1][safepoint    ] Total time for which application threads were stopped: 0.0000786 seconds, Stopping threads took: 0.0000189 seconds
[2019-12-08T11:55:21.143+0000][1][safepoint    ] Application time: 1.0000820 seconds
[2019-12-08T11:55:21.143+0000][1][safepoint    ] Entering safepoint region: Cleanup
[2019-12-08T11:55:21.143+0000][1][safepoint    ] Leaving safepoint region
[2019-12-08T11:55:21.143+0000][1][safepoint    ] Total time for which application threads were stopped: 0.0000707 seconds, Stopping threads took: 0.0000182 seconds
[2019-12-08T11:55:22.143+0000][1][safepoint    ] Application time: 1.0000803 seconds
[2019-12-08T11:55:22.143+0000][1][safepoint    ] Entering safepoint region: Cleanup
[2019-12-08T11:55:22.143+0000][1][safepoint    ] Leaving safepoint region
[2019-12-08T11:55:22.143+0000][1][safepoint    ] Total time for which application threads were stopped: 0.0000724 seconds, Stopping threads took: 0.0000191 seconds
[2019-12-08T11:55:23.143+0000][1][safepoint    ] Application time: 1.0000842 seconds
[2019-12-08T11:55:23.143+0000][1][safepoint    ] Entering safepoint region: Cleanup
[2019-12-08T11:55:23.143+0000][1][safepoint    ] Leaving safepoint region
[2019-12-08T11:55:23.143+0000][1][safepoint    ] Total time for which application threads were stopped: 0.0000786 seconds, Stopping threads took: 0.0000252 seconds
[2019-12-08T11:55:24.143+0000][1][safepoint    ] Application time: 1.0000786 seconds
[2019-12-08T11:55:24.143+0000][1][safepoint    ] Entering safepoint region: Cleanup
[2019-12-08T11:55:24.143+0000][1][safepoint    ] Leaving safepoint region
[2019-12-08T11:55:24.143+0000][1][safepoint    ] Total time for which application threads were stopped: 0.0000728 seconds, Stopping threads took: 0.0000194 seconds
[2019-12-08T11:55:25.143+0000][1][safepoint    ] Application time: 1.0000770 seconds
[2019-12-08T11:55:25.143+0000][1][safepoint    ] Entering safepoint region: Cleanup
[2019-12-08T11:55:25.143+0000][1][safepoint    ] Leaving safepoint region
[2019-12-08T11:55:25.143+0000][1][safepoint    ] Total time for which application threads were stopped: 0.0000746 seconds, Stopping threads took: 0.0000201 seconds
[2019-12-08T11:55:26.144+0000][1][safepoint    ] Application time: 1.0000818 seconds
[2019-12-08T11:55:26.144+0000][1][safepoint    ] Entering safepoint region: Cleanup
[2019-12-08T11:55:26.144+0000][1][safepoint    ] Leaving safepoint region
[2019-12-08T11:55:26.144+0000][1][safepoint    ] Total time for which application threads were stopped: 0.0000781 seconds, Stopping threads took: 0.0000204 seconds
[2019-12-08T11:55:27.144+0000][1][safepoint    ] Application time: 1.0000822 seconds
[2019-12-08T11:55:27.144+0000][1][safepoint    ] Entering safepoint region: Cleanup
[2019-12-08T11:55:27.144+0000][1][safepoint    ] Leaving safepoint region
[2019-12-08T11:55:27.144+0000][1][safepoint    ] Total time for which application threads were stopped: 0.0000703 seconds, Stopping threads took: 0.0000179 seconds
[2019-12-08T11:55:28.144+0000][1][safepoint    ] Application time: 1.0000846 seconds
[2019-12-08T11:55:28.144+0000][1][safepoint    ] Entering safepoint region: Cleanup
[2019-12-08T11:55:28.144+0000][1][safepoint    ] Leaving safepoint region
[2019-12-08T11:55:28.144+0000][1][safepoint    ] Total time for which application threads were stopped: 0.0000687 seconds, Stopping threads took: 0.0000189 seconds
[2019-12-08T11:55:29.144+0000][1][safepoint    ] Application time: 1.0000838 seconds
[2019-12-08T11:55:29.144+0000][1][safepoint    ] Entering safepoint region: Cleanup
[2019-12-08T11:55:29.144+0000][1][safepoint    ] Leaving safepoint region
[2019-12-08T11:55:29.144+0000][1][safepoint    ] Total time for which application threads were stopped: 0.0000713 seconds, Stopping threads took: 0.0000186 seconds
[2019-12-08T11:55:30.144+0000][1][safepoint    ] Application time: 1.0000855 seconds
[2019-12-08T11:55:30.144+0000][1][safepoint    ] Entering safepoint region: Cleanup
[2019-12-08T11:55:30.144+0000][1][safepoint    ] Leaving safepoint region
[2019-12-08T11:55:30.144+0000][1][safepoint    ] Total time for which application threads were stopped: 0.0000736 seconds, Stopping threads took: 0.0000191 seconds
[2019-12-08T11:55:31.145+0000][1][safepoint    ] Application time: 1.0000812 seconds
[2019-12-08T11:55:31.145+0000][1][safepoint    ] Entering safepoint region: Cleanup
[2019-12-08T11:55:31.145+0000][1][safepoint    ] Leaving safepoint region
[2019-12-08T11:55:31.145+0000][1][safepoint    ] Total time for which application threads were stopped: 0.0000685 seconds, Stopping threads took: 0.0000173 seconds
[2019-12-08T11:55:32.145+0000][1][safepoint    ] Application time: 1.0000768 seconds
[2019-12-08T11:55:32.145+0000][1][safepoint    ] Entering safepoint region: Cleanup
[2019-12-08T11:55:32.145+0000][1][safepoint    ] Leaving safepoint region
[2019-12-08T11:55:32.145+0000][1][safepoint    ] Total time for which application threads were stopped: 0.0000784 seconds, Stopping threads took: 0.0000202 seconds
[2019-12-08T11:55:33.145+0000][1][safepoint    ] Application time: 1.0000760 seconds
[2019-12-08T11:55:33.145+0000][1][safepoint    ] Entering safepoint region: Cleanup
[2019-12-08T11:55:33.145+0000][1][safepoint    ] Leaving safepoint region
[2019-12-08T11:55:33.145+0000][1][safepoint    ] Total time for which application threads were stopped: 0.0000689 seconds, Stopping threads took: 0.0000181 seconds
[2019-12-08T11:55:34.145+0000][1][safepoint    ] Application time: 1.0000812 seconds
[2019-12-08T11:55:34.145+0000][1][safepoint    ] Entering safepoint region: Cleanup
[2019-12-08T11:55:34.145+0000][1][safepoint    ] Leaving safepoint region
[2019-12-08T11:55:34.145+0000][1][safepoint    ] Total time for which application threads were stopped: 0.0000771 seconds, Stopping threads took: 0.0000231 seconds
[2019-12-08T11:55:35.145+0000][1][safepoint    ] Application time: 1.0000763 seconds
[2019-12-08T11:55:35.145+0000][1][safepoint    ] Entering safepoint region: Cleanup
[2019-12-08T11:55:35.145+0000][1][safepoint    ] Leaving safepoint region
[2019-12-08T11:55:35.145+0000][1][safepoint    ] Total time for which application threads were stopped: 0.0000699 seconds, Stopping threads took: 0.0000181 seconds
[2019-12-08T11:55:36.145+0000][1][safepoint    ] Application time: 1.0000773 seconds
[2019-12-08T11:55:36.145+0000][1][safepoint    ] Entering safepoint region: Cleanup
[2019-12-08T11:55:36.146+0000][1][safepoint    ] Leaving safepoint region
[2019-12-08T11:55:36.146+0000][1][safepoint    ] Total time for which application threads were stopped: 0.0000722 seconds, Stopping threads took: 0.0000208 seconds
[2019-12-08T11:55:37.146+0000][1][safepoint    ] Application time: 1.0000772 seconds
[2019-12-08T11:55:37.146+0000][1][safepoint    ] Entering safepoint region: Cleanup
[2019-12-08T11:55:37.146+0000][1][safepoint    ] Leaving safepoint region
[2019-12-08T11:55:37.146+0000][1][safepoint    ] Total time for which application threads were stopped: 0.0000873 seconds, Stopping threads took: 0.0000310 seconds
[2019-12-08T11:55:38.146+0000][1][safepoint    ] Application time: 1.0000800 seconds
[2019-12-08T11:55:38.146+0000][1][safepoint    ] Entering safepoint region: Cleanup
[2019-12-08T11:55:38.146+0000][1][safepoint    ] Leaving safepoint region
[2019-12-08T11:55:38.146+0000][1][safepoint    ] Total time for which application threads were stopped: 0.0000708 seconds, Stopping threads took: 0.0000187 seconds
[2019-12-08T11:55:39.146+0000][1][safepoint    ] Application time: 1.0000767 seconds
[2019-12-08T11:55:39.146+0000][1][safepoint    ] Entering safepoint region: Cleanup
[2019-12-08T11:55:39.146+0000][1][safepoint    ] Leaving safepoint region
[2019-12-08T11:55:39.146+0000][1][safepoint    ] Total time for which application threads were stopped: 0.0000715 seconds, Stopping threads took: 0.0000187 seconds
[2019-12-08T11:55:40.146+0000][1][safepoint    ] Application time: 1.0000771 seconds
[2019-12-08T11:55:40.146+0000][1][safepoint    ] Entering safepoint region: Cleanup
[2019-12-08T11:55:40.146+0000][1][safepoint    ] Leaving safepoint region
[2019-12-08T11:55:40.146+0000][1][safepoint    ] Total time for which application threads were stopped: 0.0000709 seconds, Stopping threads took: 0.0000195 seconds
[2019-12-08T11:55:41.146+0000][1][safepoint    ] Application time: 1.0000760 seconds
[2019-12-08T11:55:41.146+0000][1][safepoint    ] Entering safepoint region: Cleanup
[2019-12-08T11:55:41.146+0000][1][safepoint    ] Leaving safepoint region
[2019-12-08T11:55:41.146+0000][1][safepoint    ] Total time for which application threads were stopped: 0.0000691 seconds, Stopping threads took: 0.0000178 seconds
[2019-12-08T11:55:42.147+0000][1][safepoint    ] Application time: 1.0000773 seconds
[2019-12-08T11:55:42.147+0000][1][safepoint    ] Entering safepoint region: Cleanup
[2019-12-08T11:55:42.147+0000][1][safepoint    ] Leaving safepoint region
[2019-12-08T11:55:42.147+0000][1][safepoint    ] Total time for which application threads were stopped: 0.0000679 seconds, Stopping threads took: 0.0000179 seconds
[2019-12-08T11:55:43.147+0000][1][safepoint    ] Application time: 1.0000804 seconds
[2019-12-08T11:55:43.147+0000][1][safepoint    ] Entering safepoint region: Cleanup
[2019-12-08T11:55:43.147+0000][1][safepoint    ] Leaving safepoint region
[2019-12-08T11:55:43.147+0000][1][safepoint    ] Total time for which application threads were stopped: 0.0000785 seconds, Stopping threads took: 0.0000221 seconds
[2019-12-08T11:55:44.147+0000][1][safepoint    ] Application time: 1.0000803 seconds
[2019-12-08T11:55:44.147+0000][1][safepoint    ] Entering safepoint region: Cleanup
[2019-12-08T11:55:44.147+0000][1][safepoint    ] Leaving safepoint region
[2019-12-08T11:55:44.147+0000][1][safepoint    ] Total time for which application threads were stopped: 0.0000698 seconds, Stopping threads took: 0.0000176 seconds
[2019-12-08T11:55:45.147+0000][1][safepoint    ] Application time: 1.0000772 seconds
[2019-12-08T11:55:45.147+0000][1][safepoint    ] Entering safepoint region: Cleanup
[2019-12-08T11:55:45.147+0000][1][safepoint    ] Leaving safepoint region
[2019-12-08T11:55:45.147+0000][1][safepoint    ] Total time for which application threads were stopped: 0.0000713 seconds, Stopping threads took: 0.0000187 seconds
[2019-12-08T11:55:46.147+0000][1][safepoint    ] Application time: 1.0000771 seconds
[2019-12-08T11:55:46.147+0000][1][safepoint    ] Entering safepoint region: Cleanup
[2019-12-08T11:55:46.147+0000][1][safepoint    ] Leaving safepoint region
[2019-12-08T11:55:46.147+0000][1][safepoint    ] Total time for which application threads were stopped: 0.0000778 seconds, Stopping threads took: 0.0000239 seconds
[2019-12-08T11:55:47.148+0000][1][safepoint    ] Application time: 1.0000767 seconds
[2019-12-08T11:55:47.148+0000][1][safepoint    ] Entering safepoint region: Cleanup
[2019-12-08T11:55:47.148+0000][1][safepoint    ] Leaving safepoint region
[2019-12-08T11:55:47.148+0000][1][safepoint    ] Total time for which application threads were stopped: 0.0000705 seconds, Stopping threads took: 0.0000192 seconds
[2019-12-08T11:55:48.148+0000][1][safepoint    ] Application time: 1.0000756 seconds
[2019-12-08T11:55:48.148+0000][1][safepoint    ] Entering safepoint region: Cleanup
[2019-12-08T11:55:48.148+0000][1][safepoint    ] Leaving safepoint region
[2019-12-08T11:55:48.148+0000][1][safepoint    ] Total time for which application threads were stopped: 0.0000780 seconds, Stopping threads took: 0.0000188 seconds
[2019-12-08T11:55:49.148+0000][1][safepoint    ] Application time: 1.0000759 seconds
[2019-12-08T11:55:49.148+0000][1][safepoint    ] Entering safepoint region: Cleanup
[2019-12-08T11:55:49.148+0000][1][safepoint    ] Leaving safepoint region
[2019-12-08T11:55:49.148+0000][1][safepoint    ] Total time for which application threads were stopped: 0.0000706 seconds, Stopping threads took: 0.0000179 seconds
[2019-12-08T11:55:50.148+0000][1][safepoint    ] Application time: 1.0000752 seconds
[2019-12-08T11:55:50.148+0000][1][safepoint    ] Entering safepoint region: Cleanup
[2019-12-08T11:55:50.148+0000][1][safepoint    ] Leaving safepoint region
[2019-12-08T11:55:50.148+0000][1][safepoint    ] Total time for which application threads were stopped: 0.0000711 seconds, Stopping threads took: 0.0000204 seconds
[2019-12-08T11:55:51.148+0000][1][safepoint    ] Application time: 1.0000749 seconds
[2019-12-08T11:55:51.148+0000][1][safepoint    ] Entering safepoint region: Cleanup
[2019-12-08T11:55:51.148+0000][1][safepoint    ] Leaving safepoint region
[2019-12-08T11:55:51.148+0000][1][safepoint    ] Total time for which application threads were stopped: 0.0000724 seconds, Stopping threads took: 0.0000204 seconds
[2019-12-08T11:55:52.148+0000][1][safepoint    ] Application time: 1.0000813 seconds
[2019-12-08T11:55:52.148+0000][1][safepoint    ] Entering safepoint region: Cleanup
[2019-12-08T11:55:52.149+0000][1][safepoint    ] Leaving safepoint region
[2019-12-08T11:55:52.149+0000][1][safepoint    ] Total time for which application threads were stopped: 0.0000746 seconds, Stopping threads took: 0.0000227 seconds
[2019-12-08T11:55:53.149+0000][1][safepoint    ] Application time: 1.0000813 seconds
[2019-12-08T11:55:53.149+0000][1][safepoint    ] Entering safepoint region: Cleanup
[2019-12-08T11:55:53.149+0000][1][safepoint    ] Leaving safepoint region
[2019-12-08T11:55:53.149+0000][1][safepoint    ] Total time for which application threads were stopped: 0.0001215 seconds, Stopping threads took: 0.0000482 seconds
[2019-12-08T11:55:54.149+0000][1][safepoint    ] Application time: 1.0000790 seconds
[2019-12-08T11:55:54.149+0000][1][safepoint    ] Entering safepoint region: Cleanup
[2019-12-08T11:55:54.149+0000][1][safepoint    ] Leaving safepoint region
[2019-12-08T11:55:54.149+0000][1][safepoint    ] Total time for which application threads were stopped: 0.0000902 seconds, Stopping threads took: 0.0000223 seconds
[2019-12-08T11:55:55.149+0000][1][safepoint    ] Application time: 1.0000790 seconds
[2019-12-08T11:55:55.149+0000][1][safepoint    ] Entering safepoint region: Cleanup
[2019-12-08T11:55:55.149+0000][1][safepoint    ] Leaving safepoint region
[2019-12-08T11:55:55.149+0000][1][safepoint    ] Total time for which application threads were stopped: 0.0000851 seconds, Stopping threads took: 0.0000190 seconds
[2019-12-08T11:55:56.149+0000][1][safepoint    ] Application time: 1.0000780 seconds
[2019-12-08T11:55:56.149+0000][1][safepoint    ] Entering safepoint region: Cleanup
[2019-12-08T11:55:56.149+0000][1][safepoint    ] Leaving safepoint region
[2019-12-08T11:55:56.149+0000][1][safepoint    ] Total time for which application threads were stopped: 0.0000755 seconds, Stopping threads took: 0.0000238 seconds
[2019-12-08T11:55:57.149+0000][1][safepoint    ] Application time: 1.0000764 seconds
[2019-12-08T11:55:57.150+0000][1][safepoint    ] Entering safepoint region: Cleanup
[2019-12-08T11:55:57.150+0000][1][safepoint    ] Leaving safepoint region
[2019-12-08T11:55:57.150+0000][1][safepoint    ] Total time for which application threads were stopped: 0.0000776 seconds, Stopping threads took: 0.0000250 seconds
[2019-12-08T11:55:58.150+0000][1][safepoint    ] Application time: 1.0000774 seconds
[2019-12-08T11:55:58.150+0000][1][safepoint    ] Entering safepoint region: Cleanup
[2019-12-08T11:55:58.150+0000][1][safepoint    ] Leaving safepoint region
[2019-12-08T11:55:58.150+0000][1][safepoint    ] Total time for which application threads were stopped: 0.0000702 seconds, Stopping threads took: 0.0000183 seconds
[2019-12-08T11:55:59.150+0000][1][safepoint    ] Application time: 1.0000746 seconds
[2019-12-08T11:55:59.150+0000][1][safepoint    ] Entering safepoint region: Cleanup
[2019-12-08T11:55:59.150+0000][1][safepoint    ] Leaving safepoint region
[2019-12-08T11:55:59.150+0000][1][safepoint    ] Total time for which application threads were stopped: 0.0000744 seconds, Stopping threads took: 0.0000199 seconds
[2019-12-08T11:56:00.150+0000][1][safepoint    ] Application time: 1.0000759 seconds
[2019-12-08T11:56:00.150+0000][1][safepoint    ] Entering safepoint region: Cleanup
[2019-12-08T11:56:00.150+0000][1][safepoint    ] Leaving safepoint region
[2019-12-08T11:56:00.150+0000][1][safepoint    ] Total time for which application threads were stopped: 0.0000741 seconds, Stopping threads took: 0.0000195 seconds
[2019-12-08T11:56:01.150+0000][1][safepoint    ] Application time: 1.0000828 seconds
[2019-12-08T11:56:01.150+0000][1][safepoint    ] Entering safepoint region: Cleanup
[2019-12-08T11:56:01.150+0000][1][safepoint    ] Leaving safepoint region
[2019-12-08T11:56:01.150+0000][1][safepoint    ] Total time for which application threads were stopped: 0.0000715 seconds, Stopping threads took: 0.0000184 seconds
[2019-12-08T11:56:02.150+0000][1][safepoint    ] Application time: 1.0000786 seconds
[2019-12-08T11:56:02.150+0000][1][safepoint    ] Entering safepoint region: Cleanup
[2019-12-08T11:56:02.151+0000][1][safepoint    ] Leaving safepoint region
[2019-12-08T11:56:02.151+0000][1][safepoint    ] Total time for which application threads were stopped: 0.0000742 seconds, Stopping threads took: 0.0000201 seconds
[2019-12-08T11:56:03.151+0000][1][safepoint    ] Application time: 1.0000857 seconds
[2019-12-08T11:56:03.151+0000][1][safepoint    ] Entering safepoint region: Cleanup
[2019-12-08T11:56:03.151+0000][1][safepoint    ] Leaving safepoint region
[2019-12-08T11:56:03.151+0000][1][safepoint    ] Total time for which application threads were stopped: 0.0000876 seconds, Stopping threads took: 0.0000314 seconds
[2019-12-08T11:56:04.151+0000][1][safepoint    ] Application time: 1.0000960 seconds
[2019-12-08T11:56:04.151+0000][1][safepoint    ] Entering safepoint region: Cleanup
[2019-12-08T11:56:04.151+0000][1][safepoint    ] Leaving safepoint region
[2019-12-08T11:56:04.151+0000][1][safepoint    ] Total time for which application threads were stopped: 0.0000819 seconds, Stopping threads took: 0.0000271 seconds
[2019-12-08T11:56:05.151+0000][1][safepoint    ] Application time: 1.0000826 seconds
[2019-12-08T11:56:05.151+0000][1][safepoint    ] Entering safepoint region: Cleanup
[2019-12-08T11:56:05.151+0000][1][safepoint    ] Leaving safepoint region
[2019-12-08T11:56:05.151+0000][1][safepoint    ] Total time for which application threads were stopped: 0.0000745 seconds, Stopping threads took: 0.0000194 seconds
[2019-12-08T11:56:06.151+0000][1][safepoint    ] Application time: 1.0000863 seconds
[2019-12-08T11:56:06.151+0000][1][safepoint    ] Entering safepoint region: Cleanup
[2019-12-08T11:56:06.151+0000][1][safepoint    ] Leaving safepoint region
[2019-12-08T11:56:06.151+0000][1][safepoint    ] Total time for which application threads were stopped: 0.0000830 seconds, Stopping threads took: 0.0000276 seconds
[2019-12-08T11:56:07.151+0000][1][safepoint    ] Application time: 1.0000799 seconds
[2019-12-08T11:56:07.152+0000][1][safepoint    ] Entering safepoint region: Cleanup
[2019-12-08T11:56:07.152+0000][1][safepoint    ] Leaving safepoint region
[2019-12-08T11:56:07.152+0000][1][safepoint    ] Total time for which application threads were stopped: 0.0000736 seconds, Stopping threads took: 0.0000197 seconds
[2019-12-08T11:56:08.152+0000][1][safepoint    ] Application time: 1.0000785 seconds
[2019-12-08T11:56:08.152+0000][1][safepoint    ] Entering safepoint region: Cleanup
[2019-12-08T11:56:08.152+0000][1][safepoint    ] Leaving safepoint region
[2019-12-08T11:56:08.152+0000][1][safepoint    ] Total time for which application threads were stopped: 0.0000739 seconds, Stopping threads took: 0.0000199 seconds
[2019-12-08T11:56:09.152+0000][1][safepoint    ] Application time: 1.0000796 seconds
[2019-12-08T11:56:09.152+0000][1][safepoint    ] Entering safepoint region: Cleanup
[2019-12-08T11:56:09.152+0000][1][safepoint    ] Leaving safepoint region
[2019-12-08T11:56:09.152+0000][1][safepoint    ] Total time for which application threads were stopped: 0.0000724 seconds, Stopping threads took: 0.0000190 seconds
[2019-12-08T11:56:10.152+0000][1][safepoint    ] Application time: 1.0000788 seconds
[2019-12-08T11:56:10.152+0000][1][safepoint    ] Entering safepoint region: Cleanup
[2019-12-08T11:56:10.152+0000][1][safepoint    ] Leaving safepoint region
[2019-12-08T11:56:10.152+0000][1][safepoint    ] Total time for which application threads were stopped: 0.0000789 seconds, Stopping threads took: 0.0000189 seconds
[2019-12-08T11:56:11.152+0000][1][safepoint    ] Application time: 1.0000787 seconds
[2019-12-08T11:56:11.152+0000][1][safepoint    ] Entering safepoint region: Cleanup
[2019-12-08T11:56:11.152+0000][1][safepoint    ] Leaving safepoint region
[2019-12-08T11:56:11.152+0000][1][safepoint    ] Total time for which application threads were stopped: 0.0000713 seconds, Stopping threads took: 0.0000181 seconds
[2019-12-08T11:56:12.152+0000][1][safepoint    ] Application time: 1.0000776 seconds
[2019-12-08T11:56:12.153+0000][1][safepoint    ] Entering safepoint region: Cleanup
[2019-12-08T11:56:12.153+0000][1][safepoint    ] Leaving safepoint region
[2019-12-08T11:56:12.153+0000][1][safepoint    ] Total time for which application threads were stopped: 0.0000686 seconds, Stopping threads took: 0.0000185 seconds
[2019-12-08T11:56:13.153+0000][1][safepoint    ] Application time: 1.0000776 seconds
[2019-12-08T11:56:13.153+0000][1][safepoint    ] Entering safepoint region: Cleanup
[2019-12-08T11:56:13.153+0000][1][safepoint    ] Leaving safepoint region
[2019-12-08T11:56:13.153+0000][1][safepoint    ] Total time for which application threads were stopped: 0.0000725 seconds, Stopping threads took: 0.0000205 seconds
[2019-12-08T11:56:14.153+0000][1][safepoint    ] Application time: 1.0000782 seconds
[2019-12-08T11:56:14.153+0000][1][safepoint    ] Entering safepoint region: Cleanup
[2019-12-08T11:56:14.153+0000][1][safepoint    ] Leaving safepoint region
[2019-12-08T11:56:14.153+0000][1][safepoint    ] Total time for which application threads were stopped: 0.0000732 seconds, Stopping threads took: 0.0000199 seconds
[2019-12-08T11:56:15.153+0000][1][safepoint    ] Application time: 1.0000785 seconds
[2019-12-08T11:56:15.153+0000][1][safepoint    ] Entering safepoint region: Cleanup
[2019-12-08T11:56:15.153+0000][1][safepoint    ] Leaving safepoint region
[2019-12-08T11:56:15.153+0000][1][safepoint    ] Total time for which application threads were stopped: 0.0000759 seconds, Stopping threads took: 0.0000221 seconds
[2019-12-08T11:56:16.153+0000][1][safepoint    ] Application time: 1.0000789 seconds
[2019-12-08T11:56:16.153+0000][1][safepoint    ] Entering safepoint region: Cleanup
[2019-12-08T11:56:16.153+0000][1][safepoint    ] Leaving safepoint region
[2019-12-08T11:56:16.153+0000][1][safepoint    ] Total time for which application threads were stopped: 0.0001120 seconds, Stopping threads took: 0.0000233 seconds
[2019-12-08T11:56:17.153+0000][1][safepoint    ] Application time: 1.0000786 seconds
[2019-12-08T11:56:17.154+0000][1][safepoint    ] Entering safepoint region: Cleanup
[2019-12-08T11:56:17.154+0000][1][safepoint    ] Leaving safepoint region
[2019-12-08T11:56:17.154+0000][1][safepoint    ] Total time for which application threads were stopped: 0.0000797 seconds, Stopping threads took: 0.0000190 seconds
[2019-12-08T11:56:18.154+0000][1][safepoint    ] Application time: 1.0000792 seconds
[2019-12-08T11:56:18.154+0000][1][safepoint    ] Entering safepoint region: Cleanup
[2019-12-08T11:56:18.154+0000][1][safepoint    ] Leaving safepoint region
[2019-12-08T11:56:18.154+0000][1][safepoint    ] Total time for which application threads were stopped: 0.0000711 seconds, Stopping threads took: 0.0000181 seconds
[2019-12-08T11:56:19.154+0000][1][safepoint    ] Application time: 1.0000792 seconds
[2019-12-08T11:56:19.154+0000][1][safepoint    ] Entering safepoint region: Cleanup
[2019-12-08T11:56:19.154+0000][1][safepoint    ] Leaving safepoint region
[2019-12-08T11:56:19.154+0000][1][safepoint    ] Total time for which application threads were stopped: 0.0000822 seconds, Stopping threads took: 0.0000276 seconds
[2019-12-08T11:56:20.154+0000][1][safepoint    ] Application time: 1.0000896 seconds
[2019-12-08T11:56:20.154+0000][1][safepoint    ] Entering safepoint region: Cleanup
[2019-12-08T11:56:20.154+0000][1][safepoint    ] Leaving safepoint region
[2019-12-08T11:56:20.154+0000][1][safepoint    ] Total time for which application threads were stopped: 0.0000876 seconds, Stopping threads took: 0.0000237 seconds
[2019-12-08T11:56:21.154+0000][1][safepoint    ] Application time: 1.0000821 seconds
[2019-12-08T11:56:21.154+0000][1][safepoint    ] Entering safepoint region: Cleanup
[2019-12-08T11:56:21.154+0000][1][safepoint    ] Leaving safepoint region
[2019-12-08T11:56:21.154+0000][1][safepoint    ] Total time for which application threads were stopped: 0.0000713 seconds, Stopping threads took: 0.0000185 seconds
[2019-12-08T11:56:21.474+0000][1][safepoint    ] Application time: 0.3193278 seconds
[2019-12-08T11:56:21.474+0000][1][safepoint    ] Entering safepoint region: GenCollectForAllocation
[2019-12-08T11:56:21.474+0000][1][gc,start     ] GC(28) Pause Young (Allocation Failure)
[2019-12-08T11:56:21.474+0000][1][gc,task      ] GC(28) Using 4 workers of 4 for evacuation
[2019-12-08T11:56:21.476+0000][1][gc,age       ] GC(28) Desired survivor size 4456448 bytes, new threshold 6 (max threshold 6)
[2019-12-08T11:56:21.476+0000][1][gc,age       ] GC(28) Age table with threshold 6 (max threshold 6)
[2019-12-08T11:56:21.476+0000][1][gc,age       ] GC(28) - age   1:       6456 bytes,       6456 total
[2019-12-08T11:56:21.476+0000][1][gc,age       ] GC(28) - age   2:        624 bytes,       7080 total
[2019-12-08T11:56:21.476+0000][1][gc,age       ] GC(28) - age   3:       6552 bytes,      13632 total
[2019-12-08T11:56:21.476+0000][1][gc,age       ] GC(28) - age   4:       1680 bytes,      15312 total
[2019-12-08T11:56:21.476+0000][1][gc,age       ] GC(28) - age   5:       7264 bytes,      22576 total
[2019-12-08T11:56:21.476+0000][1][gc,age       ] GC(28) - age   6:       6224 bytes,      28800 total
[2019-12-08T11:56:21.476+0000][1][gc,heap      ] GC(28) ParNew: 73133K->961K(78656K)
[2019-12-08T11:56:21.476+0000][1][gc,heap      ] GC(28) CMS: 69846K->70432K(174784K)
[2019-12-08T11:56:21.476+0000][1][gc,metaspace ] GC(28) Metaspace: 69072K->69072K(1112064K)
[2019-12-08T11:56:21.476+0000][1][gc           ] GC(28) Pause Young (Allocation Failure) 139M->69M(247M) 2.235ms
[2019-12-08T11:56:21.476+0000][1][gc,cpu       ] GC(28) User=0.00s Sys=0.00s Real=0.00s
[2019-12-08T11:56:21.476+0000][1][safepoint    ] Leaving safepoint region
[2019-12-08T11:56:21.476+0000][1][safepoint    ] Total time for which application threads were stopped: 0.0023672 seconds, Stopping threads took: 0.0000167 seconds
[2019-12-08T11:56:22.476+0000][1][safepoint    ] Application time: 1.0000890 seconds
[2019-12-08T11:56:22.476+0000][1][safepoint    ] Entering safepoint region: Cleanup
[2019-12-08T11:56:22.476+0000][1][safepoint    ] Leaving safepoint region
[2019-12-08T11:56:22.476+0000][1][safepoint    ] Total time for which application threads were stopped: 0.0000689 seconds, Stopping threads took: 0.0000186 seconds
[2019-12-08T11:56:23.476+0000][1][safepoint    ] Application time: 1.0000751 seconds
[2019-12-08T11:56:23.476+0000][1][safepoint    ] Entering safepoint region: Cleanup
[2019-12-08T11:56:23.477+0000][1][safepoint    ] Leaving safepoint region
[2019-12-08T11:56:23.477+0000][1][safepoint    ] Total time for which application threads were stopped: 0.0000708 seconds, Stopping threads took: 0.0000179 seconds
[2019-12-08T11:56:24.477+0000][1][safepoint    ] Application time: 1.0000848 seconds
[2019-12-08T11:56:24.477+0000][1][safepoint    ] Entering safepoint region: Cleanup
[2019-12-08T11:56:24.477+0000][1][safepoint    ] Leaving safepoint region
[2019-12-08T11:56:24.477+0000][1][safepoint    ] Total time for which application threads were stopped: 0.0000880 seconds, Stopping threads took: 0.0000342 seconds
[2019-12-08T11:56:25.477+0000][1][safepoint    ] Application time: 1.0000841 seconds
[2019-12-08T11:56:25.477+0000][1][safepoint    ] Entering safepoint region: Cleanup
[2019-12-08T11:56:25.477+0000][1][safepoint    ] Leaving safepoint region
[2019-12-08T11:56:25.477+0000][1][safepoint    ] Total time for which application threads were stopped: 0.0000735 seconds, Stopping threads took: 0.0000187 seconds
[2019-12-08T11:56:26.477+0000][1][safepoint    ] Application time: 1.0000805 seconds
[2019-12-08T11:56:26.477+0000][1][safepoint    ] Entering safepoint region: Cleanup
[2019-12-08T11:56:26.477+0000][1][safepoint    ] Leaving safepoint region
[2019-12-08T11:56:26.477+0000][1][safepoint    ] Total time for which application threads were stopped: 0.0000704 seconds, Stopping threads took: 0.0000181 seconds
[2019-12-08T11:56:27.477+0000][1][safepoint    ] Application time: 1.0000842 seconds
[2019-12-08T11:56:27.477+0000][1][safepoint    ] Entering safepoint region: Cleanup
[2019-12-08T11:56:27.477+0000][1][safepoint    ] Leaving safepoint region
[2019-12-08T11:56:27.477+0000][1][safepoint    ] Total time for which application threads were stopped: 0.0000687 seconds, Stopping threads took: 0.0000169 seconds
[2019-12-08T11:56:28.477+0000][1][safepoint    ] Application time: 1.0000824 seconds
[2019-12-08T11:56:28.477+0000][1][safepoint    ] Entering safepoint region: Cleanup
[2019-12-08T11:56:28.478+0000][1][safepoint    ] Leaving safepoint region
[2019-12-08T11:56:28.478+0000][1][safepoint    ] Total time for which application threads were stopped: 0.0000688 seconds, Stopping threads took: 0.0000168 seconds
[2019-12-08T11:56:29.478+0000][1][safepoint    ] Application time: 1.0000828 seconds
[2019-12-08T11:56:29.478+0000][1][safepoint    ] Entering safepoint region: Cleanup
[2019-12-08T11:56:29.478+0000][1][safepoint    ] Leaving safepoint region
[2019-12-08T11:56:29.478+0000][1][safepoint    ] Total time for which application threads were stopped: 0.0000732 seconds, Stopping threads took: 0.0000192 seconds
[2019-12-08T11:56:30.478+0000][1][safepoint    ] Application time: 1.0000819 seconds
[2019-12-08T11:56:30.478+0000][1][safepoint    ] Entering safepoint region: Cleanup
[2019-12-08T11:56:30.478+0000][1][safepoint    ] Leaving safepoint region
[2019-12-08T11:56:30.478+0000][1][safepoint    ] Total time for which application threads were stopped: 0.0000687 seconds, Stopping threads took: 0.0000156 seconds
[2019-12-08T11:56:31.478+0000][1][safepoint    ] Application time: 1.0000819 seconds
[2019-12-08T11:56:31.478+0000][1][safepoint    ] Entering safepoint region: Cleanup
[2019-12-08T11:56:31.478+0000][1][safepoint    ] Leaving safepoint region
[2019-12-08T11:56:31.478+0000][1][safepoint    ] Total time for which application threads were stopped: 0.0000713 seconds, Stopping threads took: 0.0000158 seconds
[2019-12-08T11:56:32.478+0000][1][safepoint    ] Application time: 1.0000776 seconds
[2019-12-08T11:56:32.478+0000][1][safepoint    ] Entering safepoint region: Cleanup
[2019-12-08T11:56:32.478+0000][1][safepoint    ] Leaving safepoint region
[2019-12-08T11:56:32.478+0000][1][safepoint    ] Total time for which application threads were stopped: 0.0000684 seconds, Stopping threads took: 0.0000157 seconds
[2019-12-08T11:56:33.478+0000][1][safepoint    ] Application time: 1.0000807 seconds
[2019-12-08T11:56:33.479+0000][1][safepoint    ] Entering safepoint region: Cleanup
[2019-12-08T11:56:33.479+0000][1][safepoint    ] Leaving safepoint region
[2019-12-08T11:56:33.479+0000][1][safepoint    ] Total time for which application threads were stopped: 0.0000796 seconds, Stopping threads took: 0.0000256 seconds
[2019-12-08T11:56:35.192+0000][1][safepoint    ] Application time: 1.7129225 seconds
[2019-12-08T11:56:35.192+0000][1][safepoint    ] Entering safepoint region: Cleanup
[2019-12-08T11:56:35.192+0000][1][safepoint    ] Leaving safepoint region
[2019-12-08T11:56:35.192+0000][1][safepoint    ] Total time for which application threads were stopped: 0.0000754 seconds, Stopping threads took: 0.0000165 seconds
[2019-12-08T11:56:36.192+0000][1][safepoint    ] Application time: 1.0000956 seconds
[2019-12-08T11:56:36.192+0000][1][safepoint    ] Entering safepoint region: Cleanup
[2019-12-08T11:56:36.192+0000][1][safepoint    ] Leaving safepoint region
[2019-12-08T11:56:36.192+0000][1][safepoint    ] Total time for which application threads were stopped: 0.0000630 seconds, Stopping threads took: 0.0000148 seconds
[2019-12-08T11:56:37.192+0000][1][safepoint    ] Application time: 1.0000796 seconds
[2019-12-08T11:56:37.192+0000][1][safepoint    ] Entering safepoint region: Cleanup
[2019-12-08T11:56:37.192+0000][1][safepoint    ] Leaving safepoint region
[2019-12-08T11:56:37.192+0000][1][safepoint    ] Total time for which application threads were stopped: 0.0000662 seconds, Stopping threads took: 0.0000164 seconds
[2019-12-08T11:56:38.192+0000][1][safepoint    ] Application time: 1.0000926 seconds
[2019-12-08T11:56:38.192+0000][1][safepoint    ] Entering safepoint region: Cleanup
[2019-12-08T11:56:38.192+0000][1][safepoint    ] Leaving safepoint region
[2019-12-08T11:56:38.192+0000][1][safepoint    ] Total time for which application threads were stopped: 0.0000691 seconds, Stopping threads took: 0.0000193 seconds
[2019-12-08T11:56:39.192+0000][1][safepoint    ] Application time: 1.0000743 seconds
[2019-12-08T11:56:39.192+0000][1][safepoint    ] Entering safepoint region: Cleanup
[2019-12-08T11:56:39.192+0000][1][safepoint    ] Leaving safepoint region
[2019-12-08T11:56:39.192+0000][1][safepoint    ] Total time for which application threads were stopped: 0.0000713 seconds, Stopping threads took: 0.0000232 seconds
[2019-12-08T11:56:40.192+0000][1][safepoint    ] Application time: 1.0000806 seconds
[2019-12-08T11:56:40.192+0000][1][safepoint    ] Entering safepoint region: Cleanup
[2019-12-08T11:56:40.192+0000][1][safepoint    ] Leaving safepoint region
[2019-12-08T11:56:40.193+0000][1][safepoint    ] Total time for which application threads were stopped: 0.0000689 seconds, Stopping threads took: 0.0000177 seconds
[2019-12-08T11:56:41.193+0000][1][safepoint    ] Application time: 1.0000790 seconds
[2019-12-08T11:56:41.193+0000][1][safepoint    ] Entering safepoint region: Cleanup
[2019-12-08T11:56:41.193+0000][1][safepoint    ] Leaving safepoint region
[2019-12-08T11:56:41.193+0000][1][safepoint    ] Total time for which application threads were stopped: 0.0000654 seconds, Stopping threads took: 0.0000158 seconds
[2019-12-08T11:56:42.193+0000][1][safepoint    ] Application time: 1.0000852 seconds
[2019-12-08T11:56:42.193+0000][1][safepoint    ] Entering safepoint region: Cleanup
[2019-12-08T11:56:42.193+0000][1][safepoint    ] Leaving safepoint region
[2019-12-08T11:56:42.193+0000][1][safepoint    ] Total time for which application threads were stopped: 0.0000909 seconds, Stopping threads took: 0.0000222 seconds
[2019-12-08T11:56:43.193+0000][1][safepoint    ] Application time: 1.0000827 seconds
[2019-12-08T11:56:43.193+0000][1][safepoint    ] Entering safepoint region: Cleanup
[2019-12-08T11:56:43.193+0000][1][safepoint    ] Leaving safepoint region
[2019-12-08T11:56:43.193+0000][1][safepoint    ] Total time for which application threads were stopped: 0.0000665 seconds, Stopping threads took: 0.0000167 seconds
[2019-12-08T11:56:44.193+0000][1][safepoint    ] Application time: 1.0000790 seconds
[2019-12-08T11:56:44.193+0000][1][safepoint    ] Entering safepoint region: Cleanup
[2019-12-08T11:56:44.193+0000][1][safepoint    ] Leaving safepoint region
[2019-12-08T11:56:44.193+0000][1][safepoint    ] Total time for which application threads were stopped: 0.0000709 seconds, Stopping threads took: 0.0000228 seconds
[2019-12-08T11:56:45.193+0000][1][safepoint    ] Application time: 1.0000805 seconds
[2019-12-08T11:56:45.193+0000][1][safepoint    ] Entering safepoint region: Cleanup
[2019-12-08T11:56:45.193+0000][1][safepoint    ] Leaving safepoint region
[2019-12-08T11:56:45.193+0000][1][safepoint    ] Total time for which application threads were stopped: 0.0000674 seconds, Stopping threads took: 0.0000180 seconds
[2019-12-08T11:56:46.194+0000][1][safepoint    ] Application time: 1.0000860 seconds
[2019-12-08T11:56:46.194+0000][1][safepoint    ] Entering safepoint region: Cleanup
[2019-12-08T11:56:46.194+0000][1][safepoint    ] Leaving safepoint region
[2019-12-08T11:56:46.194+0000][1][safepoint    ] Total time for which application threads were stopped: 0.0000703 seconds, Stopping threads took: 0.0000186 seconds
[2019-12-08T11:56:47.194+0000][1][safepoint    ] Application time: 1.0000721 seconds
[2019-12-08T11:56:47.194+0000][1][safepoint    ] Entering safepoint region: Cleanup
[2019-12-08T11:56:47.194+0000][1][safepoint    ] Leaving safepoint region
[2019-12-08T11:56:47.194+0000][1][safepoint    ] Total time for which application threads were stopped: 0.0001934 seconds, Stopping threads took: 0.0001011 seconds
[2019-12-08T11:56:48.194+0000][1][safepoint    ] Application time: 1.0000783 seconds
[2019-12-08T11:56:48.194+0000][1][safepoint    ] Entering safepoint region: Cleanup
[2019-12-08T11:56:48.194+0000][1][safepoint    ] Leaving safepoint region
[2019-12-08T11:56:48.194+0000][1][safepoint    ] Total time for which application threads were stopped: 0.0000759 seconds, Stopping threads took: 0.0000218 seconds
[2019-12-08T11:56:49.194+0000][1][safepoint    ] Application time: 1.0000800 seconds
[2019-12-08T11:56:49.194+0000][1][safepoint    ] Entering safepoint region: Cleanup
[2019-12-08T11:56:49.194+0000][1][safepoint    ] Leaving safepoint region
[2019-12-08T11:56:49.194+0000][1][safepoint    ] Total time for which application threads were stopped: 0.0000796 seconds, Stopping threads took: 0.0000232 seconds
[2019-12-08T11:56:50.194+0000][1][safepoint    ] Application time: 1.0000930 seconds
[2019-12-08T11:56:50.194+0000][1][safepoint    ] Entering safepoint region: Cleanup
[2019-12-08T11:56:50.195+0000][1][safepoint    ] Leaving safepoint region
[2019-12-08T11:56:50.195+0000][1][safepoint    ] Total time for which application threads were stopped: 0.0000728 seconds, Stopping threads took: 0.0000187 seconds
[2019-12-08T11:56:51.195+0000][1][safepoint    ] Application time: 1.0000781 seconds
[2019-12-08T11:56:51.195+0000][1][safepoint    ] Entering safepoint region: Cleanup
[2019-12-08T11:56:51.195+0000][1][safepoint    ] Leaving safepoint region
[2019-12-08T11:56:51.195+0000][1][safepoint    ] Total time for which application threads were stopped: 0.0000803 seconds, Stopping threads took: 0.0000170 seconds
[2019-12-08T11:56:52.195+0000][1][safepoint    ] Application time: 1.0000791 seconds
[2019-12-08T11:56:52.195+0000][1][safepoint    ] Entering safepoint region: Cleanup
[2019-12-08T11:56:52.195+0000][1][safepoint    ] Leaving safepoint region
[2019-12-08T11:56:52.195+0000][1][safepoint    ] Total time for which application threads were stopped: 0.0000735 seconds, Stopping threads took: 0.0000204 seconds
[2019-12-08T11:56:53.195+0000][1][safepoint    ] Application time: 1.0000786 seconds
[2019-12-08T11:56:53.195+0000][1][safepoint    ] Entering safepoint region: Cleanup
[2019-12-08T11:56:53.195+0000][1][safepoint    ] Leaving safepoint region
[2019-12-08T11:56:53.195+0000][1][safepoint    ] Total time for which application threads were stopped: 0.0000714 seconds, Stopping threads took: 0.0000199 seconds
[2019-12-08T11:56:54.195+0000][1][safepoint    ] Application time: 1.0000790 seconds
[2019-12-08T11:56:54.195+0000][1][safepoint    ] Entering safepoint region: Cleanup
[2019-12-08T11:56:54.195+0000][1][safepoint    ] Leaving safepoint region
[2019-12-08T11:56:54.195+0000][1][safepoint    ] Total time for which application threads were stopped: 0.0000693 seconds, Stopping threads took: 0.0000178 seconds
[2019-12-08T11:56:55.195+0000][1][safepoint    ] Application time: 1.0000818 seconds
[2019-12-08T11:56:55.195+0000][1][safepoint    ] Entering safepoint region: Cleanup
[2019-12-08T11:56:55.195+0000][1][safepoint    ] Leaving safepoint region
[2019-12-08T11:56:55.195+0000][1][safepoint    ] Total time for which application threads were stopped: 0.0000730 seconds, Stopping threads took: 0.0000184 seconds
[2019-12-08T11:56:56.196+0000][1][safepoint    ] Application time: 1.0002258 seconds
[2019-12-08T11:56:56.196+0000][1][safepoint    ] Entering safepoint region: Cleanup
[2019-12-08T11:56:56.196+0000][1][safepoint    ] Leaving safepoint region
[2019-12-08T11:56:56.196+0000][1][safepoint    ] Total time for which application threads were stopped: 0.0000942 seconds, Stopping threads took: 0.0000247 seconds
[2019-12-08T11:56:57.196+0000][1][safepoint    ] Application time: 1.0000879 seconds
[2019-12-08T11:56:57.196+0000][1][safepoint    ] Entering safepoint region: Cleanup
[2019-12-08T11:56:57.196+0000][1][safepoint    ] Leaving safepoint region
[2019-12-08T11:56:57.196+0000][1][safepoint    ] Total time for which application threads were stopped: 0.0001012 seconds, Stopping threads took: 0.0000266 seconds
[2019-12-08T11:56:58.196+0000][1][safepoint    ] Application time: 1.0000767 seconds
[2019-12-08T11:56:58.196+0000][1][safepoint    ] Entering safepoint region: Cleanup
[2019-12-08T11:56:58.196+0000][1][safepoint    ] Leaving safepoint region
[2019-12-08T11:56:58.196+0000][1][safepoint    ] Total time for which application threads were stopped: 0.0000707 seconds, Stopping threads took: 0.0000218 seconds
[2019-12-08T11:56:59.196+0000][1][safepoint    ] Application time: 1.0000777 seconds
[2019-12-08T11:56:59.196+0000][1][safepoint    ] Entering safepoint region: Cleanup
[2019-12-08T11:56:59.196+0000][1][safepoint    ] Leaving safepoint region
[2019-12-08T11:56:59.196+0000][1][safepoint    ] Total time for which application threads were stopped: 0.0000674 seconds, Stopping threads took: 0.0000176 seconds
[2019-12-08T11:57:00.196+0000][1][safepoint    ] Application time: 1.0000765 seconds
[2019-12-08T11:57:00.197+0000][1][safepoint    ] Entering safepoint region: Cleanup
[2019-12-08T11:57:00.197+0000][1][safepoint    ] Leaving safepoint region
[2019-12-08T11:57:00.197+0000][1][safepoint    ] Total time for which application threads were stopped: 0.0000666 seconds, Stopping threads took: 0.0000171 seconds
[2019-12-08T11:57:01.197+0000][1][safepoint    ] Application time: 1.0000765 seconds
[2019-12-08T11:57:01.197+0000][1][safepoint    ] Entering safepoint region: Cleanup
[2019-12-08T11:57:01.197+0000][1][safepoint    ] Leaving safepoint region
[2019-12-08T11:57:01.197+0000][1][safepoint    ] Total time for which application threads were stopped: 0.0000826 seconds, Stopping threads took: 0.0000322 seconds
[2019-12-08T11:57:02.197+0000][1][safepoint    ] Application time: 1.0000756 seconds
[2019-12-08T11:57:02.197+0000][1][safepoint    ] Entering safepoint region: Cleanup
[2019-12-08T11:57:02.197+0000][1][safepoint    ] Leaving safepoint region
[2019-12-08T11:57:02.197+0000][1][safepoint    ] Total time for which application threads were stopped: 0.0000689 seconds, Stopping threads took: 0.0000187 seconds
[2019-12-08T11:57:03.197+0000][1][safepoint    ] Application time: 1.0000791 seconds
[2019-12-08T11:57:03.197+0000][1][safepoint    ] Entering safepoint region: Cleanup
[2019-12-08T11:57:03.197+0000][1][safepoint    ] Leaving safepoint region
[2019-12-08T11:57:03.197+0000][1][safepoint    ] Total time for which application threads were stopped: 0.0000704 seconds, Stopping threads took: 0.0000196 seconds
[2019-12-08T11:57:04.197+0000][1][safepoint    ] Application time: 1.0000791 seconds
[2019-12-08T11:57:04.197+0000][1][safepoint    ] Entering safepoint region: Cleanup
[2019-12-08T11:57:04.197+0000][1][safepoint    ] Leaving safepoint region
[2019-12-08T11:57:04.197+0000][1][safepoint    ] Total time for which application threads were stopped: 0.0000783 seconds, Stopping threads took: 0.0000244 seconds
[2019-12-08T11:57:05.197+0000][1][safepoint    ] Application time: 1.0000793 seconds
[2019-12-08T11:57:05.197+0000][1][safepoint    ] Entering safepoint region: Cleanup
[2019-12-08T11:57:05.197+0000][1][safepoint    ] Leaving safepoint region
[2019-12-08T11:57:05.197+0000][1][safepoint    ] Total time for which application threads were stopped: 0.0000705 seconds, Stopping threads took: 0.0000188 seconds
[2019-12-08T11:57:06.198+0000][1][safepoint    ] Application time: 1.0000790 seconds
[2019-12-08T11:57:06.198+0000][1][safepoint    ] Entering safepoint region: Cleanup
[2019-12-08T11:57:06.198+0000][1][safepoint    ] Leaving safepoint region
[2019-12-08T11:57:06.198+0000][1][safepoint    ] Total time for which application threads were stopped: 0.0000681 seconds, Stopping threads took: 0.0000180 seconds
[2019-12-08T11:57:07.198+0000][1][safepoint    ] Application time: 1.0000762 seconds
[2019-12-08T11:57:07.198+0000][1][safepoint    ] Entering safepoint region: Cleanup
[2019-12-08T11:57:07.198+0000][1][safepoint    ] Leaving safepoint region
[2019-12-08T11:57:07.198+0000][1][safepoint    ] Total time for which application threads were stopped: 0.0000668 seconds, Stopping threads took: 0.0000169 seconds
[2019-12-08T11:57:08.198+0000][1][safepoint    ] Application time: 1.0000793 seconds
[2019-12-08T11:57:08.198+0000][1][safepoint    ] Entering safepoint region: Cleanup
[2019-12-08T11:57:08.198+0000][1][safepoint    ] Leaving safepoint region
[2019-12-08T11:57:08.198+0000][1][safepoint    ] Total time for which application threads were stopped: 0.0000677 seconds, Stopping threads took: 0.0000177 seconds
[2019-12-08T11:57:09.198+0000][1][safepoint    ] Application time: 1.0000844 seconds
[2019-12-08T11:57:09.198+0000][1][safepoint    ] Entering safepoint region: Cleanup
[2019-12-08T11:57:09.198+0000][1][safepoint    ] Leaving safepoint region
[2019-12-08T11:57:09.198+0000][1][safepoint    ] Total time for which application threads were stopped: 0.0000702 seconds, Stopping threads took: 0.0000191 seconds
[2019-12-08T11:57:10.198+0000][1][safepoint    ] Application time: 1.0000831 seconds
[2019-12-08T11:57:10.198+0000][1][safepoint    ] Entering safepoint region: Cleanup
[2019-12-08T11:57:10.198+0000][1][safepoint    ] Leaving safepoint region
[2019-12-08T11:57:10.198+0000][1][safepoint    ] Total time for which application threads were stopped: 0.0000726 seconds, Stopping threads took: 0.0000185 seconds
[2019-12-08T11:57:11.198+0000][1][safepoint    ] Application time: 1.0000832 seconds
[2019-12-08T11:57:11.198+0000][1][safepoint    ] Entering safepoint region: Cleanup
[2019-12-08T11:57:11.199+0000][1][safepoint    ] Leaving safepoint region
[2019-12-08T11:57:11.199+0000][1][safepoint    ] Total time for which application threads were stopped: 0.0000721 seconds, Stopping threads took: 0.0000191 seconds
[2019-12-08T11:57:12.199+0000][1][safepoint    ] Application time: 1.0000794 seconds
[2019-12-08T11:57:12.199+0000][1][safepoint    ] Entering safepoint region: Cleanup
[2019-12-08T11:57:12.199+0000][1][safepoint    ] Leaving safepoint region
[2019-12-08T11:57:12.199+0000][1][safepoint    ] Total time for which application threads were stopped: 0.0000817 seconds, Stopping threads took: 0.0000179 seconds
[2019-12-08T11:57:13.199+0000][1][safepoint    ] Application time: 1.0000781 seconds
[2019-12-08T11:57:13.199+0000][1][safepoint    ] Entering safepoint region: Cleanup
[2019-12-08T11:57:13.199+0000][1][safepoint    ] Leaving safepoint region
[2019-12-08T11:57:13.199+0000][1][safepoint    ] Total time for which application threads were stopped: 0.0000729 seconds, Stopping threads took: 0.0000206 seconds
[2019-12-08T11:57:14.199+0000][1][safepoint    ] Application time: 1.0000806 seconds
[2019-12-08T11:57:14.199+0000][1][safepoint    ] Entering safepoint region: Cleanup
[2019-12-08T11:57:14.199+0000][1][safepoint    ] Leaving safepoint region
[2019-12-08T11:57:14.199+0000][1][safepoint    ] Total time for which application threads were stopped: 0.0000710 seconds, Stopping threads took: 0.0000191 seconds
[2019-12-08T11:57:15.208+0000][1][safepoint    ] Application time: 1.0085695 seconds
[2019-12-08T11:57:15.208+0000][1][safepoint    ] Entering safepoint region: Cleanup
[2019-12-08T11:57:15.208+0000][1][safepoint    ] Leaving safepoint region
[2019-12-08T11:57:15.208+0000][1][safepoint    ] Total time for which application threads were stopped: 0.0000751 seconds, Stopping threads took: 0.0000169 seconds
[2019-12-08T11:57:16.208+0000][1][safepoint    ] Application time: 1.0000817 seconds
[2019-12-08T11:57:16.208+0000][1][safepoint    ] Entering safepoint region: Cleanup
[2019-12-08T11:57:16.208+0000][1][safepoint    ] Leaving safepoint region
[2019-12-08T11:57:16.208+0000][1][safepoint    ] Total time for which application threads were stopped: 0.0000835 seconds, Stopping threads took: 0.0000197 seconds
[2019-12-08T11:57:17.208+0000][1][safepoint    ] Application time: 1.0000831 seconds
[2019-12-08T11:57:17.208+0000][1][safepoint    ] Entering safepoint region: Cleanup
[2019-12-08T11:57:17.208+0000][1][safepoint    ] Leaving safepoint region
[2019-12-08T11:57:17.208+0000][1][safepoint    ] Total time for which application threads were stopped: 0.0000723 seconds, Stopping threads took: 0.0000195 seconds
[2019-12-08T11:57:18.208+0000][1][safepoint    ] Application time: 1.0000935 seconds
[2019-12-08T11:57:18.208+0000][1][safepoint    ] Entering safepoint region: Cleanup
[2019-12-08T11:57:18.208+0000][1][safepoint    ] Leaving safepoint region
[2019-12-08T11:57:18.208+0000][1][safepoint    ] Total time for which application threads were stopped: 0.0000930 seconds, Stopping threads took: 0.0000249 seconds
[2019-12-08T11:57:19.209+0000][1][safepoint    ] Application time: 1.0001141 seconds
[2019-12-08T11:57:19.209+0000][1][safepoint    ] Entering safepoint region: Cleanup
[2019-12-08T11:57:19.209+0000][1][safepoint    ] Leaving safepoint region
[2019-12-08T11:57:19.209+0000][1][safepoint    ] Total time for which application threads were stopped: 0.0002050 seconds, Stopping threads took: 0.0000834 seconds
[2019-12-08T11:57:20.209+0000][1][safepoint    ] Application time: 1.0000915 seconds
[2019-12-08T11:57:20.209+0000][1][safepoint    ] Entering safepoint region: Cleanup
[2019-12-08T11:57:20.209+0000][1][safepoint    ] Leaving safepoint region
[2019-12-08T11:57:20.209+0000][1][safepoint    ] Total time for which application threads were stopped: 0.0000756 seconds, Stopping threads took: 0.0000172 seconds
[2019-12-08T11:57:21.209+0000][1][safepoint    ] Application time: 1.0000822 seconds
[2019-12-08T11:57:21.209+0000][1][safepoint    ] Entering safepoint region: Cleanup
[2019-12-08T11:57:21.209+0000][1][safepoint    ] Leaving safepoint region
[2019-12-08T11:57:21.209+0000][1][safepoint    ] Total time for which application threads were stopped: 0.0000740 seconds, Stopping threads took: 0.0000195 seconds
[2019-12-08T11:57:22.209+0000][1][safepoint    ] Application time: 1.0000850 seconds
[2019-12-08T11:57:22.209+0000][1][safepoint    ] Entering safepoint region: Cleanup
[2019-12-08T11:57:22.209+0000][1][safepoint    ] Leaving safepoint region
[2019-12-08T11:57:22.209+0000][1][safepoint    ] Total time for which application threads were stopped: 0.0000746 seconds, Stopping threads took: 0.0000198 seconds
[2019-12-08T11:57:23.209+0000][1][safepoint    ] Application time: 1.0000882 seconds
[2019-12-08T11:57:23.210+0000][1][safepoint    ] Entering safepoint region: Cleanup
[2019-12-08T11:57:23.210+0000][1][safepoint    ] Leaving safepoint region
[2019-12-08T11:57:23.210+0000][1][safepoint    ] Total time for which application threads were stopped: 0.0000816 seconds, Stopping threads took: 0.0000288 seconds
[2019-12-08T11:57:24.210+0000][1][safepoint    ] Application time: 1.0000814 seconds
[2019-12-08T11:57:24.210+0000][1][safepoint    ] Entering safepoint region: Cleanup
[2019-12-08T11:57:24.210+0000][1][safepoint    ] Leaving safepoint region
[2019-12-08T11:57:24.210+0000][1][safepoint    ] Total time for which application threads were stopped: 0.0000799 seconds, Stopping threads took: 0.0000269 seconds
[2019-12-08T11:57:25.210+0000][1][safepoint    ] Application time: 1.0000796 seconds
[2019-12-08T11:57:25.210+0000][1][safepoint    ] Entering safepoint region: Cleanup
[2019-12-08T11:57:25.210+0000][1][safepoint    ] Leaving safepoint region
[2019-12-08T11:57:25.210+0000][1][safepoint    ] Total time for which application threads were stopped: 0.0000706 seconds, Stopping threads took: 0.0000182 seconds
[2019-12-08T11:57:26.210+0000][1][safepoint    ] Application time: 1.0000763 seconds
[2019-12-08T11:57:26.210+0000][1][safepoint    ] Entering safepoint region: Cleanup
[2019-12-08T11:57:26.210+0000][1][safepoint    ] Leaving safepoint region
[2019-12-08T11:57:26.210+0000][1][safepoint    ] Total time for which application threads were stopped: 0.0000731 seconds, Stopping threads took: 0.0000176 seconds
[2019-12-08T11:57:27.210+0000][1][safepoint    ] Application time: 1.0000778 seconds
[2019-12-08T11:57:27.210+0000][1][safepoint    ] Entering safepoint region: Cleanup
[2019-12-08T11:57:27.210+0000][1][safepoint    ] Leaving safepoint region
[2019-12-08T11:57:27.210+0000][1][safepoint    ] Total time for which application threads were stopped: 0.0000705 seconds, Stopping threads took: 0.0000179 seconds
[2019-12-08T11:57:28.210+0000][1][safepoint    ] Application time: 1.0000767 seconds
[2019-12-08T11:57:28.211+0000][1][safepoint    ] Entering safepoint region: Cleanup
[2019-12-08T11:57:28.211+0000][1][safepoint    ] Leaving safepoint region
[2019-12-08T11:57:28.211+0000][1][safepoint    ] Total time for which application threads were stopped: 0.0000702 seconds, Stopping threads took: 0.0000192 seconds
[2019-12-08T11:57:29.211+0000][1][safepoint    ] Application time: 1.0000766 seconds
[2019-12-08T11:57:29.211+0000][1][safepoint    ] Entering safepoint region: Cleanup
[2019-12-08T11:57:29.211+0000][1][safepoint    ] Leaving safepoint region
[2019-12-08T11:57:29.211+0000][1][safepoint    ] Total time for which application threads were stopped: 0.0000731 seconds, Stopping threads took: 0.0000207 seconds
[2019-12-08T11:57:30.211+0000][1][safepoint    ] Application time: 1.0000949 seconds
[2019-12-08T11:57:30.211+0000][1][safepoint    ] Entering safepoint region: Cleanup
[2019-12-08T11:57:30.211+0000][1][safepoint    ] Leaving safepoint region
[2019-12-08T11:57:30.211+0000][1][safepoint    ] Total time for which application threads were stopped: 0.0000713 seconds, Stopping threads took: 0.0000183 seconds
[2019-12-08T11:57:31.211+0000][1][safepoint    ] Application time: 1.0000762 seconds
[2019-12-08T11:57:31.211+0000][1][safepoint    ] Entering safepoint region: Cleanup
[2019-12-08T11:57:31.211+0000][1][safepoint    ] Leaving safepoint region
[2019-12-08T11:57:31.211+0000][1][safepoint    ] Total time for which application threads were stopped: 0.0000713 seconds, Stopping threads took: 0.0000181 seconds
[2019-12-08T11:57:32.211+0000][1][safepoint    ] Application time: 1.0000756 seconds
[2019-12-08T11:57:32.211+0000][1][safepoint    ] Entering safepoint region: Cleanup
[2019-12-08T11:57:32.211+0000][1][safepoint    ] Leaving safepoint region
[2019-12-08T11:57:32.211+0000][1][safepoint    ] Total time for which application threads were stopped: 0.0000724 seconds, Stopping threads took: 0.0000185 seconds
[2019-12-08T11:57:33.211+0000][1][safepoint    ] Application time: 1.0000783 seconds
[2019-12-08T11:57:33.211+0000][1][safepoint    ] Entering safepoint region: Cleanup
[2019-12-08T11:57:33.212+0000][1][safepoint    ] Leaving safepoint region
[2019-12-08T11:57:33.212+0000][1][safepoint    ] Total time for which application threads were stopped: 0.0000841 seconds, Stopping threads took: 0.0000280 seconds
[2019-12-08T11:57:34.212+0000][1][safepoint    ] Application time: 1.0000863 seconds
[2019-12-08T11:57:34.212+0000][1][safepoint    ] Entering safepoint region: Cleanup
[2019-12-08T11:57:34.212+0000][1][safepoint    ] Leaving safepoint region
[2019-12-08T11:57:34.212+0000][1][safepoint    ] Total time for which application threads were stopped: 0.0000724 seconds, Stopping threads took: 0.0000192 seconds
[2019-12-08T11:57:35.212+0000][1][safepoint    ] Application time: 1.0000778 seconds
[2019-12-08T11:57:35.212+0000][1][safepoint    ] Entering safepoint region: Cleanup
[2019-12-08T11:57:35.212+0000][1][safepoint    ] Leaving safepoint region
[2019-12-08T11:57:35.212+0000][1][safepoint    ] Total time for which application threads were stopped: 0.0000702 seconds, Stopping threads took: 0.0000175 seconds
[2019-12-08T11:57:36.212+0000][1][safepoint    ] Application time: 1.0000889 seconds
[2019-12-08T11:57:36.212+0000][1][safepoint    ] Entering safepoint region: Cleanup
[2019-12-08T11:57:36.212+0000][1][safepoint    ] Leaving safepoint region
[2019-12-08T11:57:36.212+0000][1][safepoint    ] Total time for which application threads were stopped: 0.0000699 seconds, Stopping threads took: 0.0000174 seconds
[2019-12-08T11:57:37.212+0000][1][safepoint    ] Application time: 1.0000772 seconds
[2019-12-08T11:57:37.212+0000][1][safepoint    ] Entering safepoint region: Cleanup
[2019-12-08T11:57:37.212+0000][1][safepoint    ] Leaving safepoint region
[2019-12-08T11:57:37.212+0000][1][safepoint    ] Total time for which application threads were stopped: 0.0000718 seconds, Stopping threads took: 0.0000174 seconds
[2019-12-08T11:57:38.212+0000][1][safepoint    ] Application time: 1.0000795 seconds
[2019-12-08T11:57:38.212+0000][1][safepoint    ] Entering safepoint region: Cleanup
[2019-12-08T11:57:38.213+0000][1][safepoint    ] Leaving safepoint region
[2019-12-08T11:57:38.213+0000][1][safepoint    ] Total time for which application threads were stopped: 0.0000716 seconds, Stopping threads took: 0.0000189 seconds
[2019-12-08T11:57:39.213+0000][1][safepoint    ] Application time: 1.0000795 seconds
[2019-12-08T11:57:39.213+0000][1][safepoint    ] Entering safepoint region: Cleanup
[2019-12-08T11:57:39.213+0000][1][safepoint    ] Leaving safepoint region
[2019-12-08T11:57:39.213+0000][1][safepoint    ] Total time for which application threads were stopped: 0.0000829 seconds, Stopping threads took: 0.0000273 seconds
[2019-12-08T11:57:40.213+0000][1][safepoint    ] Application time: 1.0000768 seconds
[2019-12-08T11:57:40.213+0000][1][safepoint    ] Entering safepoint region: Cleanup
[2019-12-08T11:57:40.213+0000][1][safepoint    ] Leaving safepoint region
[2019-12-08T11:57:40.213+0000][1][safepoint    ] Total time for which application threads were stopped: 0.0000710 seconds, Stopping threads took: 0.0000178 seconds
[2019-12-08T11:57:41.213+0000][1][safepoint    ] Application time: 1.0000768 seconds
[2019-12-08T11:57:41.213+0000][1][safepoint    ] Entering safepoint region: Cleanup
[2019-12-08T11:57:41.213+0000][1][safepoint    ] Leaving safepoint region
[2019-12-08T11:57:41.213+0000][1][safepoint    ] Total time for which application threads were stopped: 0.0000727 seconds, Stopping threads took: 0.0000193 seconds
[2019-12-08T11:57:42.213+0000][1][safepoint    ] Application time: 1.0000784 seconds
[2019-12-08T11:57:42.213+0000][1][safepoint    ] Entering safepoint region: Cleanup
[2019-12-08T11:57:42.213+0000][1][safepoint    ] Leaving safepoint region
[2019-12-08T11:57:42.213+0000][1][safepoint    ] Total time for which application threads were stopped: 0.0000712 seconds, Stopping threads took: 0.0000178 seconds
[2019-12-08T11:57:43.213+0000][1][safepoint    ] Application time: 1.0000833 seconds
[2019-12-08T11:57:43.213+0000][1][safepoint    ] Entering safepoint region: Cleanup
[2019-12-08T11:57:43.214+0000][1][safepoint    ] Leaving safepoint region
[2019-12-08T11:57:43.214+0000][1][safepoint    ] Total time for which application threads were stopped: 0.0000825 seconds, Stopping threads took: 0.0000275 seconds
[2019-12-08T11:57:44.214+0000][1][safepoint    ] Application time: 1.0000795 seconds
[2019-12-08T11:57:44.214+0000][1][safepoint    ] Entering safepoint region: Cleanup
[2019-12-08T11:57:44.214+0000][1][safepoint    ] Leaving safepoint region
[2019-12-08T11:57:44.214+0000][1][safepoint    ] Total time for which application threads were stopped: 0.0000817 seconds, Stopping threads took: 0.0000182 seconds
[2019-12-08T11:57:45.214+0000][1][safepoint    ] Application time: 1.0000780 seconds
[2019-12-08T11:57:45.214+0000][1][safepoint    ] Entering safepoint region: Cleanup
[2019-12-08T11:57:45.214+0000][1][safepoint    ] Leaving safepoint region
[2019-12-08T11:57:45.214+0000][1][safepoint    ] Total time for which application threads were stopped: 0.0000710 seconds, Stopping threads took: 0.0000180 seconds
[2019-12-08T11:57:46.214+0000][1][safepoint    ] Application time: 1.0000835 seconds
[2019-12-08T11:57:46.214+0000][1][safepoint    ] Entering safepoint region: Cleanup
[2019-12-08T11:57:46.214+0000][1][safepoint    ] Leaving safepoint region
[2019-12-08T11:57:46.214+0000][1][safepoint    ] Total time for which application threads were stopped: 0.0000709 seconds, Stopping threads took: 0.0000180 seconds
[2019-12-08T11:57:47.214+0000][1][safepoint    ] Application time: 1.0000758 seconds
[2019-12-08T11:57:47.214+0000][1][safepoint    ] Entering safepoint region: Cleanup
[2019-12-08T11:57:47.214+0000][1][safepoint    ] Leaving safepoint region
[2019-12-08T11:57:47.214+0000][1][safepoint    ] Total time for which application threads were stopped: 0.0000816 seconds, Stopping threads took: 0.0000181 seconds
[2019-12-08T11:57:48.828+0000][1][safepoint    ] Application time: 1.6140869 seconds
[2019-12-08T11:57:48.828+0000][1][safepoint    ] Entering safepoint region: Cleanup
[2019-12-08T11:57:48.829+0000][1][safepoint    ] Leaving safepoint region
[2019-12-08T11:57:48.829+0000][1][safepoint    ] Total time for which application threads were stopped: 0.0000705 seconds, Stopping threads took: 0.0000175 seconds
[2019-12-08T11:57:49.829+0000][1][safepoint    ] Application time: 1.0000776 seconds
[2019-12-08T11:57:49.829+0000][1][safepoint    ] Entering safepoint region: Cleanup
[2019-12-08T11:57:49.829+0000][1][safepoint    ] Leaving safepoint region
[2019-12-08T11:57:49.829+0000][1][safepoint    ] Total time for which application threads were stopped: 0.0000842 seconds, Stopping threads took: 0.0000159 seconds
[2019-12-08T11:57:50.829+0000][1][safepoint    ] Application time: 1.0000756 seconds
[2019-12-08T11:57:50.829+0000][1][safepoint    ] Entering safepoint region: Cleanup
[2019-12-08T11:57:50.829+0000][1][safepoint    ] Leaving safepoint region
[2019-12-08T11:57:50.829+0000][1][safepoint    ] Total time for which application threads were stopped: 0.0000700 seconds, Stopping threads took: 0.0000170 seconds
[2019-12-08T11:57:51.829+0000][1][safepoint    ] Application time: 1.0000740 seconds
[2019-12-08T11:57:51.829+0000][1][safepoint    ] Entering safepoint region: Cleanup
[2019-12-08T11:57:51.829+0000][1][safepoint    ] Leaving safepoint region
[2019-12-08T11:57:51.829+0000][1][safepoint    ] Total time for which application threads were stopped: 0.0000703 seconds, Stopping threads took: 0.0000178 seconds
[2019-12-08T11:57:52.829+0000][1][safepoint    ] Application time: 1.0000775 seconds
[2019-12-08T11:57:52.829+0000][1][safepoint    ] Entering safepoint region: Cleanup
[2019-12-08T11:57:52.829+0000][1][safepoint    ] Leaving safepoint region
[2019-12-08T11:57:52.829+0000][1][safepoint    ] Total time for which application threads were stopped: 0.0000715 seconds, Stopping threads took: 0.0000189 seconds
[2019-12-08T11:57:53.829+0000][1][safepoint    ] Application time: 1.0000781 seconds
[2019-12-08T11:57:53.829+0000][1][safepoint    ] Entering safepoint region: Cleanup
[2019-12-08T11:57:53.829+0000][1][safepoint    ] Leaving safepoint region
[2019-12-08T11:57:53.830+0000][1][safepoint    ] Total time for which application threads were stopped: 0.0000858 seconds, Stopping threads took: 0.0000318 seconds
[2019-12-08T11:57:54.830+0000][1][safepoint    ] Application time: 1.0000783 seconds
[2019-12-08T11:57:54.830+0000][1][safepoint    ] Entering safepoint region: Cleanup
[2019-12-08T11:57:54.830+0000][1][safepoint    ] Leaving safepoint region
[2019-12-08T11:57:54.830+0000][1][safepoint    ] Total time for which application threads were stopped: 0.0000804 seconds, Stopping threads took: 0.0000185 seconds
[2019-12-08T11:57:55.830+0000][1][safepoint    ] Application time: 1.0000808 seconds
[2019-12-08T11:57:55.830+0000][1][safepoint    ] Entering safepoint region: Cleanup
[2019-12-08T11:57:55.830+0000][1][safepoint    ] Leaving safepoint region
[2019-12-08T11:57:55.830+0000][1][safepoint    ] Total time for which application threads were stopped: 0.0000711 seconds, Stopping threads took: 0.0000186 seconds
[2019-12-08T11:57:56.830+0000][1][safepoint    ] Application time: 1.0000778 seconds
[2019-12-08T11:57:56.830+0000][1][safepoint    ] Entering safepoint region: Cleanup
[2019-12-08T11:57:56.830+0000][1][safepoint    ] Leaving safepoint region
[2019-12-08T11:57:56.830+0000][1][safepoint    ] Total time for which application threads were stopped: 0.0000699 seconds, Stopping threads took: 0.0000170 seconds
[2019-12-08T11:57:57.830+0000][1][safepoint    ] Application time: 1.0000756 seconds
[2019-12-08T11:57:57.830+0000][1][safepoint    ] Entering safepoint region: Cleanup
[2019-12-08T11:57:57.830+0000][1][safepoint    ] Leaving safepoint region
[2019-12-08T11:57:57.830+0000][1][safepoint    ] Total time for which application threads were stopped: 0.0000791 seconds, Stopping threads took: 0.0000251 seconds
[2019-12-08T11:57:58.830+0000][1][safepoint    ] Application time: 1.0000762 seconds
[2019-12-08T11:57:58.830+0000][1][safepoint    ] Entering safepoint region: Cleanup
[2019-12-08T11:57:58.830+0000][1][safepoint    ] Leaving safepoint region
[2019-12-08T11:57:58.830+0000][1][safepoint    ] Total time for which application threads were stopped: 0.0000721 seconds, Stopping threads took: 0.0000187 seconds
[2019-12-08T11:57:59.831+0000][1][safepoint    ] Application time: 1.0000752 seconds
[2019-12-08T11:57:59.831+0000][1][safepoint    ] Entering safepoint region: Cleanup
[2019-12-08T11:57:59.831+0000][1][safepoint    ] Leaving safepoint region
[2019-12-08T11:57:59.831+0000][1][safepoint    ] Total time for which application threads were stopped: 0.0000716 seconds, Stopping threads took: 0.0000187 seconds
[2019-12-08T11:58:00.831+0000][1][safepoint    ] Application time: 1.0000846 seconds
[2019-12-08T11:58:00.831+0000][1][safepoint    ] Entering safepoint region: Cleanup
[2019-12-08T11:58:00.831+0000][1][safepoint    ] Leaving safepoint region
[2019-12-08T11:58:00.831+0000][1][safepoint    ] Total time for which application threads were stopped: 0.0001008 seconds, Stopping threads took: 0.0000264 seconds
[2019-12-08T11:58:01.831+0000][1][safepoint    ] Application time: 1.0000781 seconds
[2019-12-08T11:58:01.831+0000][1][safepoint    ] Entering safepoint region: Cleanup
[2019-12-08T11:58:01.831+0000][1][safepoint    ] Leaving safepoint region
[2019-12-08T11:58:01.831+0000][1][safepoint    ] Total time for which application threads were stopped: 0.0000745 seconds, Stopping threads took: 0.0000194 seconds
[2019-12-08T11:58:02.831+0000][1][safepoint    ] Application time: 1.0000824 seconds
[2019-12-08T11:58:02.831+0000][1][safepoint    ] Entering safepoint region: Cleanup
[2019-12-08T11:58:02.831+0000][1][safepoint    ] Leaving safepoint region
[2019-12-08T11:58:02.831+0000][1][safepoint    ] Total time for which application threads were stopped: 0.0000715 seconds, Stopping threads took: 0.0000186 seconds
[2019-12-08T11:58:03.831+0000][1][safepoint    ] Application time: 1.0000766 seconds
[2019-12-08T11:58:03.831+0000][1][safepoint    ] Entering safepoint region: Cleanup
[2019-12-08T11:58:03.831+0000][1][safepoint    ] Leaving safepoint region
[2019-12-08T11:58:03.831+0000][1][safepoint    ] Total time for which application threads were stopped: 0.0000776 seconds, Stopping threads took: 0.0000199 seconds
[2019-12-08T11:58:04.832+0000][1][safepoint    ] Application time: 1.0000824 seconds
[2019-12-08T11:58:04.832+0000][1][safepoint    ] Entering safepoint region: Cleanup
[2019-12-08T11:58:04.832+0000][1][safepoint    ] Leaving safepoint region
[2019-12-08T11:58:04.832+0000][1][safepoint    ] Total time for which application threads were stopped: 0.0000887 seconds, Stopping threads took: 0.0000252 seconds
[2019-12-08T11:58:05.832+0000][1][safepoint    ] Application time: 1.0000771 seconds
[2019-12-08T11:58:05.832+0000][1][safepoint    ] Entering safepoint region: Cleanup
[2019-12-08T11:58:05.832+0000][1][safepoint    ] Leaving safepoint region
[2019-12-08T11:58:05.832+0000][1][safepoint    ] Total time for which application threads were stopped: 0.0000691 seconds, Stopping threads took: 0.0000179 seconds
[2019-12-08T11:58:06.832+0000][1][safepoint    ] Application time: 1.0000780 seconds
[2019-12-08T11:58:06.832+0000][1][safepoint    ] Entering safepoint region: Cleanup
[2019-12-08T11:58:06.832+0000][1][safepoint    ] Leaving safepoint region
[2019-12-08T11:58:06.832+0000][1][safepoint    ] Total time for which application threads were stopped: 0.0000857 seconds, Stopping threads took: 0.0000206 seconds
[2019-12-08T11:58:07.832+0000][1][safepoint    ] Application time: 1.0000822 seconds
[2019-12-08T11:58:07.832+0000][1][safepoint    ] Entering safepoint region: Cleanup
[2019-12-08T11:58:07.832+0000][1][safepoint    ] Leaving safepoint region
[2019-12-08T11:58:07.832+0000][1][safepoint    ] Total time for which application threads were stopped: 0.0000709 seconds, Stopping threads took: 0.0000183 seconds
[2019-12-08T11:58:08.832+0000][1][safepoint    ] Application time: 1.0000777 seconds
[2019-12-08T11:58:08.832+0000][1][safepoint    ] Entering safepoint region: Cleanup
[2019-12-08T11:58:08.832+0000][1][safepoint    ] Leaving safepoint region
[2019-12-08T11:58:08.832+0000][1][safepoint    ] Total time for which application threads were stopped: 0.0000721 seconds, Stopping threads took: 0.0000186 seconds
[2019-12-08T11:58:09.833+0000][1][safepoint    ] Application time: 1.0000772 seconds
[2019-12-08T11:58:09.833+0000][1][safepoint    ] Entering safepoint region: Cleanup
[2019-12-08T11:58:09.833+0000][1][safepoint    ] Leaving safepoint region
[2019-12-08T11:58:09.833+0000][1][safepoint    ] Total time for which application threads were stopped: 0.0000790 seconds, Stopping threads took: 0.0000177 seconds
[2019-12-08T11:58:10.833+0000][1][safepoint    ] Application time: 1.0000774 seconds
[2019-12-08T11:58:10.833+0000][1][safepoint    ] Entering safepoint region: Cleanup
[2019-12-08T11:58:10.833+0000][1][safepoint    ] Leaving safepoint region
[2019-12-08T11:58:10.833+0000][1][safepoint    ] Total time for which application threads were stopped: 0.0000718 seconds, Stopping threads took: 0.0000186 seconds
[2019-12-08T11:58:11.833+0000][1][safepoint    ] Application time: 1.0000761 seconds
[2019-12-08T11:58:11.833+0000][1][safepoint    ] Entering safepoint region: Cleanup
[2019-12-08T11:58:11.833+0000][1][safepoint    ] Leaving safepoint region
[2019-12-08T11:58:11.833+0000][1][safepoint    ] Total time for which application threads were stopped: 0.0000695 seconds, Stopping threads took: 0.0000187 seconds
[2019-12-08T11:58:12.833+0000][1][safepoint    ] Application time: 1.0000768 seconds
[2019-12-08T11:58:12.833+0000][1][safepoint    ] Entering safepoint region: Cleanup
[2019-12-08T11:58:12.833+0000][1][safepoint    ] Leaving safepoint region
[2019-12-08T11:58:12.833+0000][1][safepoint    ] Total time for which application threads were stopped: 0.0000716 seconds, Stopping threads took: 0.0000173 seconds
[2019-12-08T11:58:13.833+0000][1][safepoint    ] Application time: 1.0000779 seconds
[2019-12-08T11:58:13.833+0000][1][safepoint    ] Entering safepoint region: Cleanup
[2019-12-08T11:58:13.833+0000][1][safepoint    ] Leaving safepoint region
[2019-12-08T11:58:13.833+0000][1][safepoint    ] Total time for which application threads were stopped: 0.0000756 seconds, Stopping threads took: 0.0000176 seconds
[2019-12-08T11:58:14.834+0000][1][safepoint    ] Application time: 1.0000763 seconds
[2019-12-08T11:58:14.834+0000][1][safepoint    ] Entering safepoint region: Cleanup
[2019-12-08T11:58:14.834+0000][1][safepoint    ] Leaving safepoint region
[2019-12-08T11:58:14.834+0000][1][safepoint    ] Total time for which application threads were stopped: 0.0000704 seconds, Stopping threads took: 0.0000191 seconds
[2019-12-08T11:58:15.834+0000][1][safepoint    ] Application time: 1.0000770 seconds
[2019-12-08T11:58:15.834+0000][1][safepoint    ] Entering safepoint region: Cleanup
[2019-12-08T11:58:15.834+0000][1][safepoint    ] Leaving safepoint region
[2019-12-08T11:58:15.834+0000][1][safepoint    ] Total time for which application threads were stopped: 0.0000705 seconds, Stopping threads took: 0.0000179 seconds
[2019-12-08T11:58:16.834+0000][1][safepoint    ] Application time: 1.0000778 seconds
[2019-12-08T11:58:16.834+0000][1][safepoint    ] Entering safepoint region: Cleanup
[2019-12-08T11:58:16.834+0000][1][safepoint    ] Leaving safepoint region
[2019-12-08T11:58:16.834+0000][1][safepoint    ] Total time for which application threads were stopped: 0.0000712 seconds, Stopping threads took: 0.0000181 seconds
[2019-12-08T11:58:17.834+0000][1][safepoint    ] Application time: 1.0000765 seconds
[2019-12-08T11:58:17.834+0000][1][safepoint    ] Entering safepoint region: Cleanup
[2019-12-08T11:58:17.834+0000][1][safepoint    ] Leaving safepoint region
[2019-12-08T11:58:17.834+0000][1][safepoint    ] Total time for which application threads were stopped: 0.0000702 seconds, Stopping threads took: 0.0000171 seconds
[2019-12-08T11:58:18.834+0000][1][safepoint    ] Application time: 1.0000773 seconds
[2019-12-08T11:58:18.834+0000][1][safepoint    ] Entering safepoint region: Cleanup
[2019-12-08T11:58:18.834+0000][1][safepoint    ] Leaving safepoint region
[2019-12-08T11:58:18.834+0000][1][safepoint    ] Total time for which application threads were stopped: 0.0000711 seconds, Stopping threads took: 0.0000190 seconds
[2019-12-08T11:58:19.834+0000][1][safepoint    ] Application time: 1.0000802 seconds
[2019-12-08T11:58:19.835+0000][1][safepoint    ] Entering safepoint region: Cleanup
[2019-12-08T11:58:19.835+0000][1][safepoint    ] Leaving safepoint region
[2019-12-08T11:58:19.835+0000][1][safepoint    ] Total time for which application threads were stopped: 0.0000746 seconds, Stopping threads took: 0.0000208 seconds
[2019-12-08T11:58:20.835+0000][1][safepoint    ] Application time: 1.0000824 seconds
[2019-12-08T11:58:20.835+0000][1][safepoint    ] Entering safepoint region: Cleanup
[2019-12-08T11:58:20.835+0000][1][safepoint    ] Leaving safepoint region
[2019-12-08T11:58:20.835+0000][1][safepoint    ] Total time for which application threads were stopped: 0.0000737 seconds, Stopping threads took: 0.0000195 seconds
[2019-12-08T11:58:21.835+0000][1][safepoint    ] Application time: 1.0000839 seconds
[2019-12-08T11:58:21.835+0000][1][safepoint    ] Entering safepoint region: Cleanup
[2019-12-08T11:58:21.835+0000][1][safepoint    ] Leaving safepoint region
[2019-12-08T11:58:21.835+0000][1][safepoint    ] Total time for which application threads were stopped: 0.0000730 seconds, Stopping threads took: 0.0000192 seconds
[2019-12-08T11:58:22.835+0000][1][safepoint    ] Application time: 1.0000832 seconds
[2019-12-08T11:58:22.835+0000][1][safepoint    ] Entering safepoint region: Cleanup
[2019-12-08T11:58:22.835+0000][1][safepoint    ] Leaving safepoint region
[2019-12-08T11:58:22.835+0000][1][safepoint    ] Total time for which application threads were stopped: 0.0000726 seconds, Stopping threads took: 0.0000188 seconds
[2019-12-08T11:58:23.835+0000][1][safepoint    ] Application time: 1.0000834 seconds
[2019-12-08T11:58:23.835+0000][1][safepoint    ] Entering safepoint region: Cleanup
[2019-12-08T11:58:23.835+0000][1][safepoint    ] Leaving safepoint region
[2019-12-08T11:58:23.835+0000][1][safepoint    ] Total time for which application threads were stopped: 0.0000812 seconds, Stopping threads took: 0.0000191 seconds
[2019-12-08T11:58:24.836+0000][1][safepoint    ] Application time: 1.0000830 seconds
[2019-12-08T11:58:24.836+0000][1][safepoint    ] Entering safepoint region: Cleanup
[2019-12-08T11:58:24.836+0000][1][safepoint    ] Leaving safepoint region
[2019-12-08T11:58:24.836+0000][1][safepoint    ] Total time for which application threads were stopped: 0.0000749 seconds, Stopping threads took: 0.0000223 seconds
[2019-12-08T11:58:25.836+0000][1][safepoint    ] Application time: 1.0000818 seconds
[2019-12-08T11:58:25.836+0000][1][safepoint    ] Entering safepoint region: Cleanup
[2019-12-08T11:58:25.836+0000][1][safepoint    ] Leaving safepoint region
[2019-12-08T11:58:25.836+0000][1][safepoint    ] Total time for which application threads were stopped: 0.0000731 seconds, Stopping threads took: 0.0000192 seconds
[2019-12-08T11:58:26.836+0000][1][safepoint    ] Application time: 1.0000790 seconds
[2019-12-08T11:58:26.836+0000][1][safepoint    ] Entering safepoint region: Cleanup
[2019-12-08T11:58:26.836+0000][1][safepoint    ] Leaving safepoint region
[2019-12-08T11:58:26.836+0000][1][safepoint    ] Total time for which application threads were stopped: 0.0000738 seconds, Stopping threads took: 0.0000206 seconds
[2019-12-08T11:58:27.836+0000][1][safepoint    ] Application time: 1.0000784 seconds
[2019-12-08T11:58:27.836+0000][1][safepoint    ] Entering safepoint region: Cleanup
[2019-12-08T11:58:27.836+0000][1][safepoint    ] Leaving safepoint region
[2019-12-08T11:58:27.836+0000][1][safepoint    ] Total time for which application threads were stopped: 0.0000695 seconds, Stopping threads took: 0.0000182 seconds
[2019-12-08T11:58:28.836+0000][1][safepoint    ] Application time: 1.0000831 seconds
[2019-12-08T11:58:28.836+0000][1][safepoint    ] Entering safepoint region: Cleanup
[2019-12-08T11:58:28.836+0000][1][safepoint    ] Leaving safepoint region
[2019-12-08T11:58:28.836+0000][1][safepoint    ] Total time for which application threads were stopped: 0.0000728 seconds, Stopping threads took: 0.0000195 seconds
[2019-12-08T11:58:29.837+0000][1][safepoint    ] Application time: 1.0000846 seconds
[2019-12-08T11:58:29.837+0000][1][safepoint    ] Entering safepoint region: Cleanup
[2019-12-08T11:58:29.837+0000][1][safepoint    ] Leaving safepoint region
[2019-12-08T11:58:29.837+0000][1][safepoint    ] Total time for which application threads were stopped: 0.0000790 seconds, Stopping threads took: 0.0000237 seconds
[2019-12-08T11:58:30.837+0000][1][safepoint    ] Application time: 1.0000812 seconds
[2019-12-08T11:58:30.837+0000][1][safepoint    ] Entering safepoint region: Cleanup
[2019-12-08T11:58:30.837+0000][1][safepoint    ] Leaving safepoint region
[2019-12-08T11:58:30.837+0000][1][safepoint    ] Total time for which application threads were stopped: 0.0000750 seconds, Stopping threads took: 0.0000212 seconds
[2019-12-08T11:58:31.837+0000][1][safepoint    ] Application time: 1.0000812 seconds
[2019-12-08T11:58:31.837+0000][1][safepoint    ] Entering safepoint region: Cleanup
[2019-12-08T11:58:31.837+0000][1][safepoint    ] Leaving safepoint region
[2019-12-08T11:58:31.837+0000][1][safepoint    ] Total time for which application threads were stopped: 0.0000759 seconds, Stopping threads took: 0.0000223 seconds
[2019-12-08T11:58:32.837+0000][1][safepoint    ] Application time: 1.0000794 seconds
[2019-12-08T11:58:32.837+0000][1][safepoint    ] Entering safepoint region: Cleanup
[2019-12-08T11:58:32.837+0000][1][safepoint    ] Leaving safepoint region
[2019-12-08T11:58:32.837+0000][1][safepoint    ] Total time for which application threads were stopped: 0.0000736 seconds, Stopping threads took: 0.0000199 seconds
[2019-12-08T11:58:33.837+0000][1][safepoint    ] Application time: 1.0000794 seconds
[2019-12-08T11:58:33.837+0000][1][safepoint    ] Entering safepoint region: Cleanup
[2019-12-08T11:58:33.837+0000][1][safepoint    ] Leaving safepoint region
[2019-12-08T11:58:33.837+0000][1][safepoint    ] Total time for which application threads were stopped: 0.0000714 seconds, Stopping threads took: 0.0000193 seconds
[2019-12-08T11:58:34.838+0000][1][safepoint    ] Application time: 1.0000765 seconds
[2019-12-08T11:58:34.838+0000][1][safepoint    ] Entering safepoint region: Cleanup
[2019-12-08T11:58:34.838+0000][1][safepoint    ] Leaving safepoint region
[2019-12-08T11:58:34.838+0000][1][safepoint    ] Total time for which application threads were stopped: 0.0000858 seconds, Stopping threads took: 0.0000284 seconds
[2019-12-08T11:58:35.838+0000][1][safepoint    ] Application time: 1.0000794 seconds
[2019-12-08T11:58:35.838+0000][1][safepoint    ] Entering safepoint region: Cleanup
[2019-12-08T11:58:35.838+0000][1][safepoint    ] Leaving safepoint region
[2019-12-08T11:58:35.838+0000][1][safepoint    ] Total time for which application threads were stopped: 0.0000711 seconds, Stopping threads took: 0.0000182 seconds
[2019-12-08T11:58:36.838+0000][1][safepoint    ] Application time: 1.0000818 seconds
[2019-12-08T11:58:36.838+0000][1][safepoint    ] Entering safepoint region: Cleanup
[2019-12-08T11:58:36.838+0000][1][safepoint    ] Leaving safepoint region
[2019-12-08T11:58:36.838+0000][1][safepoint    ] Total time for which application threads were stopped: 0.0000736 seconds, Stopping threads took: 0.0000194 seconds
[2019-12-08T11:58:37.838+0000][1][safepoint    ] Application time: 1.0000787 seconds
[2019-12-08T11:58:37.838+0000][1][safepoint    ] Entering safepoint region: Cleanup
[2019-12-08T11:58:37.838+0000][1][safepoint    ] Leaving safepoint region
[2019-12-08T11:58:37.838+0000][1][safepoint    ] Total time for which application threads were stopped: 0.0000709 seconds, Stopping threads took: 0.0000185 seconds
[2019-12-08T11:58:38.838+0000][1][safepoint    ] Application time: 1.0000775 seconds
[2019-12-08T11:58:38.838+0000][1][safepoint    ] Entering safepoint region: Cleanup
[2019-12-08T11:58:38.838+0000][1][safepoint    ] Leaving safepoint region
[2019-12-08T11:58:38.838+0000][1][safepoint    ] Total time for which application threads were stopped: 0.0000707 seconds, Stopping threads took: 0.0000175 seconds
[2019-12-08T11:58:39.838+0000][1][safepoint    ] Application time: 1.0000779 seconds
[2019-12-08T11:58:39.839+0000][1][safepoint    ] Entering safepoint region: Cleanup
[2019-12-08T11:58:39.839+0000][1][safepoint    ] Leaving safepoint region
[2019-12-08T11:58:39.839+0000][1][safepoint    ] Total time for which application threads were stopped: 0.0000752 seconds, Stopping threads took: 0.0000232 seconds
[2019-12-08T11:58:40.839+0000][1][safepoint    ] Application time: 1.0000935 seconds
[2019-12-08T11:58:40.839+0000][1][safepoint    ] Entering safepoint region: Cleanup
[2019-12-08T11:58:40.839+0000][1][safepoint    ] Leaving safepoint region
[2019-12-08T11:58:40.839+0000][1][safepoint    ] Total time for which application threads were stopped: 0.0000707 seconds, Stopping threads took: 0.0000181 seconds
[2019-12-08T11:58:41.839+0000][1][safepoint    ] Application time: 1.0000790 seconds
[2019-12-08T11:58:41.839+0000][1][safepoint    ] Entering safepoint region: Cleanup
[2019-12-08T11:58:41.839+0000][1][safepoint    ] Leaving safepoint region
[2019-12-08T11:58:41.839+0000][1][safepoint    ] Total time for which application threads were stopped: 0.0000711 seconds, Stopping threads took: 0.0000188 seconds
[2019-12-08T11:58:42.839+0000][1][safepoint    ] Application time: 1.0000786 seconds
[2019-12-08T11:58:42.839+0000][1][safepoint    ] Entering safepoint region: Cleanup
[2019-12-08T11:58:42.839+0000][1][safepoint    ] Leaving safepoint region
[2019-12-08T11:58:42.839+0000][1][safepoint    ] Total time for which application threads were stopped: 0.0000757 seconds, Stopping threads took: 0.0000205 seconds
[2019-12-08T11:58:43.839+0000][1][safepoint    ] Application time: 1.0000786 seconds
[2019-12-08T11:58:43.839+0000][1][safepoint    ] Entering safepoint region: Cleanup
[2019-12-08T11:58:43.839+0000][1][safepoint    ] Leaving safepoint region
[2019-12-08T11:58:43.839+0000][1][safepoint    ] Total time for which application threads were stopped: 0.0000728 seconds, Stopping threads took: 0.0000170 seconds
[2019-12-08T11:58:44.839+0000][1][safepoint    ] Application time: 1.0000758 seconds
[2019-12-08T11:58:44.840+0000][1][safepoint    ] Entering safepoint region: Cleanup
[2019-12-08T11:58:44.840+0000][1][safepoint    ] Leaving safepoint region
[2019-12-08T11:58:44.840+0000][1][safepoint    ] Total time for which application threads were stopped: 0.0000688 seconds, Stopping threads took: 0.0000173 seconds
[2019-12-08T11:58:45.840+0000][1][safepoint    ] Application time: 1.0000766 seconds
[2019-12-08T11:58:45.840+0000][1][safepoint    ] Entering safepoint region: Cleanup
[2019-12-08T11:58:45.840+0000][1][safepoint    ] Leaving safepoint region
[2019-12-08T11:58:45.840+0000][1][safepoint    ] Total time for which application threads were stopped: 0.0000705 seconds, Stopping threads took: 0.0000184 seconds
[2019-12-08T11:58:46.840+0000][1][safepoint    ] Application time: 1.0000759 seconds
[2019-12-08T11:58:46.840+0000][1][safepoint    ] Entering safepoint region: Cleanup
[2019-12-08T11:58:46.840+0000][1][safepoint    ] Leaving safepoint region
[2019-12-08T11:58:46.840+0000][1][safepoint    ] Total time for which application threads were stopped: 0.0000710 seconds, Stopping threads took: 0.0000184 seconds
[2019-12-08T11:58:47.840+0000][1][safepoint    ] Application time: 1.0000756 seconds
[2019-12-08T11:58:47.840+0000][1][safepoint    ] Entering safepoint region: Cleanup
[2019-12-08T11:58:47.840+0000][1][safepoint    ] Leaving safepoint region
[2019-12-08T11:58:47.840+0000][1][safepoint    ] Total time for which application threads were stopped: 0.0000671 seconds, Stopping threads took: 0.0000169 seconds
[2019-12-08T11:58:48.840+0000][1][safepoint    ] Application time: 1.0000758 seconds
[2019-12-08T11:58:48.840+0000][1][safepoint    ] Entering safepoint region: Cleanup
[2019-12-08T11:58:48.840+0000][1][safepoint    ] Leaving safepoint region
[2019-12-08T11:58:48.840+0000][1][safepoint    ] Total time for which application threads were stopped: 0.0000693 seconds, Stopping threads took: 0.0000183 seconds
[2019-12-08T11:58:49.840+0000][1][safepoint    ] Application time: 1.0000771 seconds
[2019-12-08T11:58:49.840+0000][1][safepoint    ] Entering safepoint region: Cleanup
[2019-12-08T11:58:49.841+0000][1][safepoint    ] Leaving safepoint region
[2019-12-08T11:58:49.841+0000][1][safepoint    ] Total time for which application threads were stopped: 0.0000681 seconds, Stopping threads took: 0.0000175 seconds
[2019-12-08T11:58:50.841+0000][1][safepoint    ] Application time: 1.0000753 seconds
[2019-12-08T11:58:50.841+0000][1][safepoint    ] Entering safepoint region: Cleanup
[2019-12-08T11:58:50.841+0000][1][safepoint    ] Leaving safepoint region
[2019-12-08T11:58:50.841+0000][1][safepoint    ] Total time for which application threads were stopped: 0.0000795 seconds, Stopping threads took: 0.0000179 seconds
[2019-12-08T11:58:51.841+0000][1][safepoint    ] Application time: 1.0000759 seconds
[2019-12-08T11:58:51.841+0000][1][safepoint    ] Entering safepoint region: Cleanup
[2019-12-08T11:58:51.841+0000][1][safepoint    ] Leaving safepoint region
[2019-12-08T11:58:51.841+0000][1][safepoint    ] Total time for which application threads were stopped: 0.0000898 seconds, Stopping threads took: 0.0000175 seconds
[2019-12-08T11:58:52.841+0000][1][safepoint    ] Application time: 1.0000784 seconds
[2019-12-08T11:58:52.841+0000][1][safepoint    ] Entering safepoint region: Cleanup
[2019-12-08T11:58:52.841+0000][1][safepoint    ] Leaving safepoint region
[2019-12-08T11:58:52.841+0000][1][safepoint    ] Total time for which application threads were stopped: 0.0000746 seconds, Stopping threads took: 0.0000203 seconds
[2019-12-08T11:58:53.841+0000][1][safepoint    ] Application time: 1.0000826 seconds
[2019-12-08T11:58:53.841+0000][1][safepoint    ] Entering safepoint region: Cleanup
[2019-12-08T11:58:53.841+0000][1][safepoint    ] Leaving safepoint region
[2019-12-08T11:58:53.841+0000][1][safepoint    ] Total time for which application threads were stopped: 0.0000759 seconds, Stopping threads took: 0.0000200 seconds
[2019-12-08T11:58:54.841+0000][1][safepoint    ] Application time: 1.0000811 seconds
[2019-12-08T11:58:54.841+0000][1][safepoint    ] Entering safepoint region: Cleanup
[2019-12-08T11:58:54.842+0000][1][safepoint    ] Leaving safepoint region
[2019-12-08T11:58:54.842+0000][1][safepoint    ] Total time for which application threads were stopped: 0.0000732 seconds, Stopping threads took: 0.0000179 seconds
[2019-12-08T11:58:55.842+0000][1][safepoint    ] Application time: 1.0000880 seconds
[2019-12-08T11:58:55.842+0000][1][safepoint    ] Entering safepoint region: Cleanup
[2019-12-08T11:58:55.842+0000][1][safepoint    ] Leaving safepoint region
[2019-12-08T11:58:55.842+0000][1][safepoint    ] Total time for which application threads were stopped: 0.0000877 seconds, Stopping threads took: 0.0000191 seconds
[2019-12-08T11:58:56.842+0000][1][safepoint    ] Application time: 1.0000836 seconds
[2019-12-08T11:58:56.842+0000][1][safepoint    ] Entering safepoint region: Cleanup
[2019-12-08T11:58:56.842+0000][1][safepoint    ] Leaving safepoint region
[2019-12-08T11:58:56.842+0000][1][safepoint    ] Total time for which application threads were stopped: 0.0000709 seconds, Stopping threads took: 0.0000171 seconds
[2019-12-08T11:58:57.842+0000][1][safepoint    ] Application time: 1.0000856 seconds
[2019-12-08T11:58:57.842+0000][1][safepoint    ] Entering safepoint region: Cleanup
[2019-12-08T11:58:57.842+0000][1][safepoint    ] Leaving safepoint region
[2019-12-08T11:58:57.842+0000][1][safepoint    ] Total time for which application threads were stopped: 0.0000809 seconds, Stopping threads took: 0.0000266 seconds
[2019-12-08T11:58:58.842+0000][1][safepoint    ] Application time: 1.0000815 seconds
[2019-12-08T11:58:58.842+0000][1][safepoint    ] Entering safepoint region: Cleanup
[2019-12-08T11:58:58.842+0000][1][safepoint    ] Leaving safepoint region
[2019-12-08T11:58:58.842+0000][1][safepoint    ] Total time for which application threads were stopped: 0.0000719 seconds, Stopping threads took: 0.0000187 seconds
[2019-12-08T11:58:59.842+0000][1][safepoint    ] Application time: 1.0000809 seconds
[2019-12-08T11:58:59.842+0000][1][safepoint    ] Entering safepoint region: Cleanup
[2019-12-08T11:58:59.843+0000][1][safepoint    ] Leaving safepoint region
[2019-12-08T11:58:59.843+0000][1][safepoint    ] Total time for which application threads were stopped: 0.0000729 seconds, Stopping threads took: 0.0000194 seconds
[2019-12-08T11:59:00.843+0000][1][safepoint    ] Application time: 1.0000835 seconds
[2019-12-08T11:59:00.843+0000][1][safepoint    ] Entering safepoint region: Cleanup
[2019-12-08T11:59:00.843+0000][1][safepoint    ] Leaving safepoint region
[2019-12-08T11:59:00.843+0000][1][safepoint    ] Total time for which application threads were stopped: 0.0000752 seconds, Stopping threads took: 0.0000204 seconds
[2019-12-08T11:59:01.843+0000][1][safepoint    ] Application time: 1.0000781 seconds
[2019-12-08T11:59:01.843+0000][1][safepoint    ] Entering safepoint region: Cleanup
[2019-12-08T11:59:01.843+0000][1][safepoint    ] Leaving safepoint region
[2019-12-08T11:59:01.843+0000][1][safepoint    ] Total time for which application threads were stopped: 0.0000736 seconds, Stopping threads took: 0.0000194 seconds
[2019-12-08T11:59:02.843+0000][1][safepoint    ] Application time: 1.0000835 seconds
[2019-12-08T11:59:02.843+0000][1][safepoint    ] Entering safepoint region: Cleanup
[2019-12-08T11:59:02.843+0000][1][safepoint    ] Leaving safepoint region
[2019-12-08T11:59:02.843+0000][1][safepoint    ] Total time for which application threads were stopped: 0.0000894 seconds, Stopping threads took: 0.0000316 seconds
[2019-12-08T11:59:03.843+0000][1][safepoint    ] Application time: 1.0000769 seconds
[2019-12-08T11:59:03.843+0000][1][safepoint    ] Entering safepoint region: Cleanup
[2019-12-08T11:59:03.843+0000][1][safepoint    ] Leaving safepoint region
[2019-12-08T11:59:03.843+0000][1][safepoint    ] Total time for which application threads were stopped: 0.0000721 seconds, Stopping threads took: 0.0000185 seconds
[2019-12-08T11:59:04.843+0000][1][safepoint    ] Application time: 1.0000788 seconds
[2019-12-08T11:59:04.844+0000][1][safepoint    ] Entering safepoint region: Cleanup
[2019-12-08T11:59:04.844+0000][1][safepoint    ] Leaving safepoint region
[2019-12-08T11:59:04.844+0000][1][safepoint    ] Total time for which application threads were stopped: 0.0000827 seconds, Stopping threads took: 0.0000266 seconds
[2019-12-08T11:59:05.844+0000][1][safepoint    ] Application time: 1.0000894 seconds
[2019-12-08T11:59:05.844+0000][1][safepoint    ] Entering safepoint region: Cleanup
[2019-12-08T11:59:05.844+0000][1][safepoint    ] Leaving safepoint region
[2019-12-08T11:59:05.844+0000][1][safepoint    ] Total time for which application threads were stopped: 0.0000722 seconds, Stopping threads took: 0.0000206 seconds
[2019-12-08T11:59:06.844+0000][1][safepoint    ] Application time: 1.0000782 seconds
[2019-12-08T11:59:06.844+0000][1][safepoint    ] Entering safepoint region: Cleanup
[2019-12-08T11:59:06.844+0000][1][safepoint    ] Leaving safepoint region
[2019-12-08T11:59:06.844+0000][1][safepoint    ] Total time for which application threads were stopped: 0.0000761 seconds, Stopping threads took: 0.0000231 seconds
[2019-12-08T11:59:07.844+0000][1][safepoint    ] Application time: 1.0000915 seconds
[2019-12-08T11:59:07.844+0000][1][safepoint    ] Entering safepoint region: Cleanup
[2019-12-08T11:59:07.844+0000][1][safepoint    ] Leaving safepoint region
[2019-12-08T11:59:07.844+0000][1][safepoint    ] Total time for which application threads were stopped: 0.0000785 seconds, Stopping threads took: 0.0000209 seconds
[2019-12-08T11:59:08.844+0000][1][safepoint    ] Application time: 1.0000838 seconds
[2019-12-08T11:59:08.844+0000][1][safepoint    ] Entering safepoint region: Cleanup
[2019-12-08T11:59:08.844+0000][1][safepoint    ] Leaving safepoint region
[2019-12-08T11:59:08.844+0000][1][safepoint    ] Total time for which application threads were stopped: 0.0000719 seconds, Stopping threads took: 0.0000184 seconds
[2019-12-08T11:59:09.845+0000][1][safepoint    ] Application time: 1.0000824 seconds
[2019-12-08T11:59:09.845+0000][1][safepoint    ] Entering safepoint region: Cleanup
[2019-12-08T11:59:09.845+0000][1][safepoint    ] Leaving safepoint region
[2019-12-08T11:59:09.845+0000][1][safepoint    ] Total time for which application threads were stopped: 0.0000711 seconds, Stopping threads took: 0.0000183 seconds
[2019-12-08T11:59:11.270+0000][1][safepoint    ] Application time: 1.4257504 seconds
[2019-12-08T11:59:11.270+0000][1][safepoint    ] Entering safepoint region: Cleanup
[2019-12-08T11:59:11.270+0000][1][safepoint    ] Leaving safepoint region
[2019-12-08T11:59:11.270+0000][1][safepoint    ] Total time for which application threads were stopped: 0.0000771 seconds, Stopping threads took: 0.0000178 seconds
[2019-12-08T11:59:12.271+0000][1][safepoint    ] Application time: 1.0001728 seconds
[2019-12-08T11:59:12.271+0000][1][safepoint    ] Entering safepoint region: Cleanup
[2019-12-08T11:59:12.271+0000][1][safepoint    ] Leaving safepoint region
[2019-12-08T11:59:12.271+0000][1][safepoint    ] Total time for which application threads were stopped: 0.0001022 seconds, Stopping threads took: 0.0000249 seconds
[2019-12-08T11:59:13.271+0000][1][safepoint    ] Application time: 1.0001085 seconds
[2019-12-08T11:59:13.271+0000][1][safepoint    ] Entering safepoint region: Cleanup
[2019-12-08T11:59:13.271+0000][1][safepoint    ] Leaving safepoint region
[2019-12-08T11:59:13.271+0000][1][safepoint    ] Total time for which application threads were stopped: 0.0001320 seconds, Stopping threads took: 0.0000636 seconds
[2019-12-08T11:59:14.271+0000][1][safepoint    ] Application time: 1.0000952 seconds
[2019-12-08T11:59:14.271+0000][1][safepoint    ] Entering safepoint region: Cleanup
[2019-12-08T11:59:14.272+0000][1][safepoint    ] Leaving safepoint region
[2019-12-08T11:59:14.272+0000][1][safepoint    ] Total time for which application threads were stopped: 0.0002464 seconds, Stopping threads took: 0.0001341 seconds
[2019-12-08T11:59:15.272+0000][1][safepoint    ] Application time: 1.0000881 seconds
[2019-12-08T11:59:15.272+0000][1][safepoint    ] Entering safepoint region: Cleanup
[2019-12-08T11:59:15.272+0000][1][safepoint    ] Leaving safepoint region
[2019-12-08T11:59:15.272+0000][1][safepoint    ] Total time for which application threads were stopped: 0.0001129 seconds, Stopping threads took: 0.0000277 seconds
[2019-12-08T11:59:16.272+0000][1][safepoint    ] Application time: 1.0000826 seconds
[2019-12-08T11:59:16.272+0000][1][safepoint    ] Entering safepoint region: Cleanup
[2019-12-08T11:59:16.272+0000][1][safepoint    ] Leaving safepoint region
[2019-12-08T11:59:16.272+0000][1][safepoint    ] Total time for which application threads were stopped: 0.0000789 seconds, Stopping threads took: 0.0000217 seconds
[2019-12-08T11:59:17.272+0000][1][safepoint    ] Application time: 1.0000871 seconds
[2019-12-08T11:59:17.272+0000][1][safepoint    ] Entering safepoint region: Cleanup
[2019-12-08T11:59:17.272+0000][1][safepoint    ] Leaving safepoint region
[2019-12-08T11:59:17.272+0000][1][safepoint    ] Total time for which application threads were stopped: 0.0000806 seconds, Stopping threads took: 0.0000229 seconds
[2019-12-08T11:59:18.272+0000][1][safepoint    ] Application time: 1.0000833 seconds
[2019-12-08T11:59:18.272+0000][1][safepoint    ] Entering safepoint region: Cleanup
[2019-12-08T11:59:18.272+0000][1][safepoint    ] Leaving safepoint region
[2019-12-08T11:59:18.272+0000][1][safepoint    ] Total time for which application threads were stopped: 0.0000825 seconds, Stopping threads took: 0.0000236 seconds
[2019-12-08T11:59:19.273+0000][1][safepoint    ] Application time: 1.0000803 seconds
[2019-12-08T11:59:19.273+0000][1][safepoint    ] Entering safepoint region: Cleanup
[2019-12-08T11:59:19.273+0000][1][safepoint    ] Leaving safepoint region
[2019-12-08T11:59:19.273+0000][1][safepoint    ] Total time for which application threads were stopped: 0.0000833 seconds, Stopping threads took: 0.0000186 seconds
[2019-12-08T11:59:20.273+0000][1][safepoint    ] Application time: 1.0000765 seconds
[2019-12-08T11:59:20.273+0000][1][safepoint    ] Entering safepoint region: Cleanup
[2019-12-08T11:59:20.273+0000][1][safepoint    ] Leaving safepoint region
[2019-12-08T11:59:20.273+0000][1][safepoint    ] Total time for which application threads were stopped: 0.0000775 seconds, Stopping threads took: 0.0000249 seconds
[2019-12-08T11:59:21.273+0000][1][safepoint    ] Application time: 1.0000774 seconds
[2019-12-08T11:59:21.273+0000][1][safepoint    ] Entering safepoint region: Cleanup
[2019-12-08T11:59:21.273+0000][1][safepoint    ] Leaving safepoint region
[2019-12-08T11:59:21.273+0000][1][safepoint    ] Total time for which application threads were stopped: 0.0000755 seconds, Stopping threads took: 0.0000219 seconds
[2019-12-08T11:59:22.273+0000][1][safepoint    ] Application time: 1.0000779 seconds
[2019-12-08T11:59:22.273+0000][1][safepoint    ] Entering safepoint region: Cleanup
[2019-12-08T11:59:22.273+0000][1][safepoint    ] Leaving safepoint region
[2019-12-08T11:59:22.273+0000][1][safepoint    ] Total time for which application threads were stopped: 0.0000711 seconds, Stopping threads took: 0.0000181 seconds
[2019-12-08T11:59:23.273+0000][1][safepoint    ] Application time: 1.0000515 seconds
[2019-12-08T11:59:23.273+0000][1][safepoint    ] Entering safepoint region: Cleanup
[2019-12-08T11:59:23.273+0000][1][safepoint    ] Leaving safepoint region
[2019-12-08T11:59:23.273+0000][1][safepoint    ] Total time for which application threads were stopped: 0.0000933 seconds, Stopping threads took: 0.0000234 seconds
[2019-12-08T11:59:24.274+0000][1][safepoint    ] Application time: 1.0000798 seconds
[2019-12-08T11:59:24.274+0000][1][safepoint    ] Entering safepoint region: Cleanup
[2019-12-08T11:59:24.274+0000][1][safepoint    ] Leaving safepoint region
[2019-12-08T11:59:24.274+0000][1][safepoint    ] Total time for which application threads were stopped: 0.0000683 seconds, Stopping threads took: 0.0000179 seconds
[2019-12-08T11:59:25.274+0000][1][safepoint    ] Application time: 1.0000830 seconds
[2019-12-08T11:59:25.274+0000][1][safepoint    ] Entering safepoint region: Cleanup
[2019-12-08T11:59:25.274+0000][1][safepoint    ] Leaving safepoint region
[2019-12-08T11:59:25.274+0000][1][safepoint    ] Total time for which application threads were stopped: 0.0000701 seconds, Stopping threads took: 0.0000171 seconds
[2019-12-08T11:59:26.274+0000][1][safepoint    ] Application time: 1.0000769 seconds
[2019-12-08T11:59:26.274+0000][1][safepoint    ] Entering safepoint region: Cleanup
[2019-12-08T11:59:26.274+0000][1][safepoint    ] Leaving safepoint region
[2019-12-08T11:59:26.274+0000][1][safepoint    ] Total time for which application threads were stopped: 0.0000798 seconds, Stopping threads took: 0.0000198 seconds
[2019-12-08T11:59:27.274+0000][1][safepoint    ] Application time: 1.0000786 seconds
[2019-12-08T11:59:27.274+0000][1][safepoint    ] Entering safepoint region: Cleanup
[2019-12-08T11:59:27.274+0000][1][safepoint    ] Leaving safepoint region
[2019-12-08T11:59:27.274+0000][1][safepoint    ] Total time for which application threads were stopped: 0.0000739 seconds, Stopping threads took: 0.0000197 seconds
[2019-12-08T11:59:28.274+0000][1][safepoint    ] Application time: 1.0000798 seconds
[2019-12-08T11:59:28.274+0000][1][safepoint    ] Entering safepoint region: Cleanup
[2019-12-08T11:59:28.274+0000][1][safepoint    ] Leaving safepoint region
[2019-12-08T11:59:28.274+0000][1][safepoint    ] Total time for which application threads were stopped: 0.0000711 seconds, Stopping threads took: 0.0000187 seconds
[2019-12-08T11:59:29.274+0000][1][safepoint    ] Application time: 1.0000794 seconds
[2019-12-08T11:59:29.275+0000][1][safepoint    ] Entering safepoint region: Cleanup
[2019-12-08T11:59:29.275+0000][1][safepoint    ] Leaving safepoint region
[2019-12-08T11:59:29.275+0000][1][safepoint    ] Total time for which application threads were stopped: 0.0000689 seconds, Stopping threads took: 0.0000177 seconds
[2019-12-08T11:59:30.275+0000][1][safepoint    ] Application time: 1.0000807 seconds
[2019-12-08T11:59:30.275+0000][1][safepoint    ] Entering safepoint region: Cleanup
[2019-12-08T11:59:30.275+0000][1][safepoint    ] Leaving safepoint region
[2019-12-08T11:59:30.275+0000][1][safepoint    ] Total time for which application threads were stopped: 0.0000724 seconds, Stopping threads took: 0.0000184 seconds
[2019-12-08T11:59:31.275+0000][1][safepoint    ] Application time: 1.0000767 seconds
[2019-12-08T11:59:31.275+0000][1][safepoint    ] Entering safepoint region: Cleanup
[2019-12-08T11:59:31.275+0000][1][safepoint    ] Leaving safepoint region
[2019-12-08T11:59:31.275+0000][1][safepoint    ] Total time for which application threads were stopped: 0.0000700 seconds, Stopping threads took: 0.0000181 seconds
[2019-12-08T11:59:32.275+0000][1][safepoint    ] Application time: 1.0000763 seconds
[2019-12-08T11:59:32.275+0000][1][safepoint    ] Entering safepoint region: Cleanup
[2019-12-08T11:59:32.275+0000][1][safepoint    ] Leaving safepoint region
[2019-12-08T11:59:32.275+0000][1][safepoint    ] Total time for which application threads were stopped: 0.0000726 seconds, Stopping threads took: 0.0000194 seconds
[2019-12-08T11:59:33.275+0000][1][safepoint    ] Application time: 1.0000786 seconds
[2019-12-08T11:59:33.275+0000][1][safepoint    ] Entering safepoint region: Cleanup
[2019-12-08T11:59:33.275+0000][1][safepoint    ] Leaving safepoint region
[2019-12-08T11:59:33.275+0000][1][safepoint    ] Total time for which application threads were stopped: 0.0000702 seconds, Stopping threads took: 0.0000181 seconds
[2019-12-08T11:59:34.275+0000][1][safepoint    ] Application time: 1.0000767 seconds
[2019-12-08T11:59:34.275+0000][1][safepoint    ] Entering safepoint region: Cleanup
[2019-12-08T11:59:34.276+0000][1][safepoint    ] Leaving safepoint region
[2019-12-08T11:59:34.276+0000][1][safepoint    ] Total time for which application threads were stopped: 0.0000713 seconds, Stopping threads took: 0.0000185 seconds
[2019-12-08T11:59:35.276+0000][1][safepoint    ] Application time: 1.0000828 seconds
[2019-12-08T11:59:35.276+0000][1][safepoint    ] Entering safepoint region: Cleanup
[2019-12-08T11:59:35.276+0000][1][safepoint    ] Leaving safepoint region
[2019-12-08T11:59:35.276+0000][1][safepoint    ] Total time for which application threads were stopped: 0.0000846 seconds, Stopping threads took: 0.0000295 seconds
[2019-12-08T11:59:36.276+0000][1][safepoint    ] Application time: 1.0000746 seconds
[2019-12-08T11:59:36.276+0000][1][safepoint    ] Entering safepoint region: Cleanup
[2019-12-08T11:59:36.276+0000][1][safepoint    ] Leaving safepoint region
[2019-12-08T11:59:36.276+0000][1][safepoint    ] Total time for which application threads were stopped: 0.0000713 seconds, Stopping threads took: 0.0000204 seconds
[2019-12-08T11:59:37.276+0000][1][safepoint    ] Application time: 1.0000844 seconds
[2019-12-08T11:59:37.276+0000][1][safepoint    ] Entering safepoint region: Cleanup
[2019-12-08T11:59:37.276+0000][1][safepoint    ] Leaving safepoint region
[2019-12-08T11:59:37.276+0000][1][safepoint    ] Total time for which application threads were stopped: 0.0000710 seconds, Stopping threads took: 0.0000181 seconds
[2019-12-08T11:59:38.276+0000][1][safepoint    ] Application time: 1.0000808 seconds
[2019-12-08T11:59:38.276+0000][1][safepoint    ] Entering safepoint region: Cleanup
[2019-12-08T11:59:38.276+0000][1][safepoint    ] Leaving safepoint region
[2019-12-08T11:59:38.276+0000][1][safepoint    ] Total time for which application threads were stopped: 0.0000745 seconds, Stopping threads took: 0.0000193 seconds
[2019-12-08T11:59:39.276+0000][1][safepoint    ] Application time: 1.0000802 seconds
[2019-12-08T11:59:39.276+0000][1][safepoint    ] Entering safepoint region: Cleanup
[2019-12-08T11:59:39.277+0000][1][safepoint    ] Leaving safepoint region
[2019-12-08T11:59:39.277+0000][1][safepoint    ] Total time for which application threads were stopped: 0.0000729 seconds, Stopping threads took: 0.0000182 seconds
[2019-12-08T11:59:40.277+0000][1][safepoint    ] Application time: 1.0000763 seconds
[2019-12-08T11:59:40.277+0000][1][safepoint    ] Entering safepoint region: Cleanup
[2019-12-08T11:59:40.277+0000][1][safepoint    ] Leaving safepoint region
[2019-12-08T11:59:40.277+0000][1][safepoint    ] Total time for which application threads were stopped: 0.0000822 seconds, Stopping threads took: 0.0000196 seconds
[2019-12-08T11:59:41.277+0000][1][safepoint    ] Application time: 1.0000800 seconds
[2019-12-08T11:59:41.277+0000][1][safepoint    ] Entering safepoint region: Cleanup
[2019-12-08T11:59:41.277+0000][1][safepoint    ] Leaving safepoint region
[2019-12-08T11:59:41.277+0000][1][safepoint    ] Total time for which application threads were stopped: 0.0000749 seconds, Stopping threads took: 0.0000197 seconds
[2019-12-08T11:59:42.277+0000][1][safepoint    ] Application time: 1.0000773 seconds
[2019-12-08T11:59:42.277+0000][1][safepoint    ] Entering safepoint region: Cleanup
[2019-12-08T11:59:42.277+0000][1][safepoint    ] Leaving safepoint region
[2019-12-08T11:59:42.277+0000][1][safepoint    ] Total time for which application threads were stopped: 0.0000937 seconds, Stopping threads took: 0.0000243 seconds
[2019-12-08T11:59:43.277+0000][1][safepoint    ] Application time: 1.0000795 seconds
[2019-12-08T11:59:43.277+0000][1][safepoint    ] Entering safepoint region: Cleanup
[2019-12-08T11:59:43.277+0000][1][safepoint    ] Leaving safepoint region
[2019-12-08T11:59:43.277+0000][1][safepoint    ] Total time for which application threads were stopped: 0.0000706 seconds, Stopping threads took: 0.0000177 seconds
[2019-12-08T11:59:44.277+0000][1][safepoint    ] Application time: 1.0000825 seconds
[2019-12-08T11:59:44.277+0000][1][safepoint    ] Entering safepoint region: Cleanup
[2019-12-08T11:59:44.277+0000][1][safepoint    ] Leaving safepoint region
[2019-12-08T11:59:44.278+0000][1][safepoint    ] Total time for which application threads were stopped: 0.0000751 seconds, Stopping threads took: 0.0000191 seconds
[2019-12-08T11:59:45.278+0000][1][safepoint    ] Application time: 1.0000779 seconds
[2019-12-08T11:59:45.278+0000][1][safepoint    ] Entering safepoint region: Cleanup
[2019-12-08T11:59:45.278+0000][1][safepoint    ] Leaving safepoint region
[2019-12-08T11:59:45.278+0000][1][safepoint    ] Total time for which application threads were stopped: 0.0000819 seconds, Stopping threads took: 0.0000189 seconds
[2019-12-08T11:59:46.278+0000][1][safepoint    ] Application time: 1.0000750 seconds
[2019-12-08T11:59:46.278+0000][1][safepoint    ] Entering safepoint region: Cleanup
[2019-12-08T11:59:46.278+0000][1][safepoint    ] Leaving safepoint region
[2019-12-08T11:59:46.278+0000][1][safepoint    ] Total time for which application threads were stopped: 0.0000683 seconds, Stopping threads took: 0.0000177 seconds
[2019-12-08T11:59:47.278+0000][1][safepoint    ] Application time: 1.0000790 seconds
[2019-12-08T11:59:47.278+0000][1][safepoint    ] Entering safepoint region: Cleanup
[2019-12-08T11:59:47.278+0000][1][safepoint    ] Leaving safepoint region
[2019-12-08T11:59:47.278+0000][1][safepoint    ] Total time for which application threads were stopped: 0.0000938 seconds, Stopping threads took: 0.0000234 seconds
[2019-12-08T11:59:47.291+0000][1][safepoint    ] Application time: 0.0131055 seconds
[2019-12-08T11:59:47.291+0000][1][safepoint    ] Entering safepoint region: GenCollectForAllocation
[2019-12-08T11:59:47.291+0000][1][gc,start     ] GC(29) Pause Young (Allocation Failure)
[2019-12-08T11:59:47.291+0000][1][gc,task      ] GC(29) Using 4 workers of 4 for evacuation
[2019-12-08T11:59:47.293+0000][1][gc,age       ] GC(29) Desired survivor size 4456448 bytes, new threshold 6 (max threshold 6)
[2019-12-08T11:59:47.293+0000][1][gc,age       ] GC(29) Age table with threshold 6 (max threshold 6)
[2019-12-08T11:59:47.293+0000][1][gc,age       ] GC(29) - age   1:       6504 bytes,       6504 total
[2019-12-08T11:59:47.293+0000][1][gc,age       ] GC(29) - age   2:       2440 bytes,       8944 total
[2019-12-08T11:59:47.293+0000][1][gc,age       ] GC(29) - age   3:        592 bytes,       9536 total
[2019-12-08T11:59:47.293+0000][1][gc,age       ] GC(29) - age   4:       6552 bytes,      16088 total
[2019-12-08T11:59:47.293+0000][1][gc,age       ] GC(29) - age   5:       1680 bytes,      17768 total
[2019-12-08T11:59:47.293+0000][1][gc,age       ] GC(29) - age   6:       7264 bytes,      25032 total
[2019-12-08T11:59:47.293+0000][1][gc,heap      ] GC(29) ParNew: 70913K->184K(78656K)
[2019-12-08T11:59:47.293+0000][1][gc,heap      ] GC(29) CMS: 70432K->70438K(174784K)
[2019-12-08T11:59:47.293+0000][1][gc,metaspace ] GC(29) Metaspace: 69074K->69074K(1112064K)
[2019-12-08T11:59:47.293+0000][1][gc           ] GC(29) Pause Young (Allocation Failure) 138M->68M(247M) 1.822ms
[2019-12-08T11:59:47.293+0000][1][gc,cpu       ] GC(29) User=0.00s Sys=0.01s Real=0.00s
[2019-12-08T11:59:47.293+0000][1][safepoint    ] Leaving safepoint region
[2019-12-08T11:59:47.293+0000][1][safepoint    ] Total time for which application threads were stopped: 0.0020093 seconds, Stopping threads took: 0.0000251 seconds
[2019-12-08T11:59:48.293+0000][1][safepoint    ] Application time: 1.0001019 seconds
[2019-12-08T11:59:48.293+0000][1][safepoint    ] Entering safepoint region: Cleanup
[2019-12-08T11:59:48.293+0000][1][safepoint    ] Leaving safepoint region
[2019-12-08T11:59:48.293+0000][1][safepoint    ] Total time for which application threads were stopped: 0.0000777 seconds, Stopping threads took: 0.0000179 seconds
[2019-12-08T11:59:49.294+0000][1][safepoint    ] Application time: 1.0000853 seconds
[2019-12-08T11:59:49.294+0000][1][safepoint    ] Entering safepoint region: Cleanup
[2019-12-08T11:59:49.294+0000][1][safepoint    ] Leaving safepoint region
[2019-12-08T11:59:49.294+0000][1][safepoint    ] Total time for which application threads were stopped: 0.0000717 seconds, Stopping threads took: 0.0000191 seconds
[2019-12-08T11:59:50.294+0000][1][safepoint    ] Application time: 1.0000768 seconds
[2019-12-08T11:59:50.294+0000][1][safepoint    ] Entering safepoint region: Cleanup
[2019-12-08T11:59:50.294+0000][1][safepoint    ] Leaving safepoint region
[2019-12-08T11:59:50.294+0000][1][safepoint    ] Total time for which application threads were stopped: 0.0000835 seconds, Stopping threads took: 0.0000259 seconds
[2019-12-08T11:59:51.295+0000][1][safepoint    ] Application time: 1.0012713 seconds
[2019-12-08T11:59:51.295+0000][1][safepoint    ] Entering safepoint region: Cleanup
[2019-12-08T11:59:51.295+0000][1][safepoint    ] Leaving safepoint region
[2019-12-08T11:59:51.295+0000][1][safepoint    ] Total time for which application threads were stopped: 0.0000743 seconds, Stopping threads took: 0.0000187 seconds
[2019-12-08T11:59:52.295+0000][1][safepoint    ] Application time: 1.0001252 seconds
[2019-12-08T11:59:52.295+0000][1][safepoint    ] Entering safepoint region: Cleanup
[2019-12-08T11:59:52.296+0000][1][safepoint    ] Leaving safepoint region
[2019-12-08T11:59:52.296+0000][1][safepoint    ] Total time for which application threads were stopped: 0.0001301 seconds, Stopping threads took: 0.0000535 seconds
[2019-12-08T11:59:53.296+0000][1][safepoint    ] Application time: 1.0000892 seconds
[2019-12-08T11:59:53.296+0000][1][safepoint    ] Entering safepoint region: Cleanup
[2019-12-08T11:59:53.296+0000][1][safepoint    ] Leaving safepoint region
[2019-12-08T11:59:53.296+0000][1][safepoint    ] Total time for which application threads were stopped: 0.0001234 seconds, Stopping threads took: 0.0000383 seconds
[2019-12-08T11:59:54.296+0000][1][safepoint    ] Application time: 1.0000935 seconds
[2019-12-08T11:59:54.296+0000][1][safepoint    ] Entering safepoint region: Cleanup
[2019-12-08T11:59:54.296+0000][1][safepoint    ] Leaving safepoint region
[2019-12-08T11:59:54.296+0000][1][safepoint    ] Total time for which application threads were stopped: 0.0000733 seconds, Stopping threads took: 0.0000184 seconds
[2019-12-08T11:59:55.296+0000][1][safepoint    ] Application time: 1.0000807 seconds
[2019-12-08T11:59:55.296+0000][1][safepoint    ] Entering safepoint region: Cleanup
[2019-12-08T11:59:55.296+0000][1][safepoint    ] Leaving safepoint region
[2019-12-08T11:59:55.296+0000][1][safepoint    ] Total time for which application threads were stopped: 0.0000715 seconds, Stopping threads took: 0.0000184 seconds
[2019-12-08T11:59:56.296+0000][1][safepoint    ] Application time: 1.0000822 seconds
[2019-12-08T11:59:56.296+0000][1][safepoint    ] Entering safepoint region: Cleanup
[2019-12-08T11:59:56.296+0000][1][safepoint    ] Leaving safepoint region
[2019-12-08T11:59:56.296+0000][1][safepoint    ] Total time for which application threads were stopped: 0.0000735 seconds, Stopping threads took: 0.0000202 seconds
[2019-12-08T11:59:57.296+0000][1][safepoint    ] Application time: 1.0000784 seconds
[2019-12-08T11:59:57.297+0000][1][safepoint    ] Entering safepoint region: Cleanup
[2019-12-08T11:59:57.297+0000][1][safepoint    ] Leaving safepoint region
[2019-12-08T11:59:57.297+0000][1][safepoint    ] Total time for which application threads were stopped: 0.0000685 seconds, Stopping threads took: 0.0000169 seconds
[2019-12-08T11:59:58.297+0000][1][safepoint    ] Application time: 1.0000783 seconds
[2019-12-08T11:59:58.297+0000][1][safepoint    ] Entering safepoint region: Cleanup
[2019-12-08T11:59:58.297+0000][1][safepoint    ] Leaving safepoint region
[2019-12-08T11:59:58.297+0000][1][safepoint    ] Total time for which application threads were stopped: 0.0000777 seconds, Stopping threads took: 0.0000247 seconds
[2019-12-08T11:59:59.297+0000][1][safepoint    ] Application time: 1.0000792 seconds
[2019-12-08T11:59:59.297+0000][1][safepoint    ] Entering safepoint region: Cleanup
[2019-12-08T11:59:59.297+0000][1][safepoint    ] Leaving safepoint region
[2019-12-08T11:59:59.297+0000][1][safepoint    ] Total time for which application threads were stopped: 0.0000682 seconds, Stopping threads took: 0.0000178 seconds
[2019-12-08T12:00:00.297+0000][1][safepoint    ] Application time: 1.0000775 seconds
[2019-12-08T12:00:00.297+0000][1][safepoint    ] Entering safepoint region: Cleanup
[2019-12-08T12:00:00.297+0000][1][safepoint    ] Leaving safepoint region
[2019-12-08T12:00:00.297+0000][1][safepoint    ] Total time for which application threads were stopped: 0.0000756 seconds, Stopping threads took: 0.0000185 seconds
[2019-12-08T12:00:01.297+0000][1][safepoint    ] Application time: 1.0000818 seconds
[2019-12-08T12:00:01.297+0000][1][safepoint    ] Entering safepoint region: Cleanup
[2019-12-08T12:00:01.297+0000][1][safepoint    ] Leaving safepoint region
[2019-12-08T12:00:01.297+0000][1][safepoint    ] Total time for which application threads were stopped: 0.0000974 seconds, Stopping threads took: 0.0000238 seconds
[2019-12-08T12:00:02.297+0000][1][safepoint    ] Application time: 1.0000812 seconds
[2019-12-08T12:00:02.298+0000][1][safepoint    ] Entering safepoint region: Cleanup
[2019-12-08T12:00:02.298+0000][1][safepoint    ] Leaving safepoint region
[2019-12-08T12:00:02.298+0000][1][safepoint    ] Total time for which application threads were stopped: 0.0001097 seconds, Stopping threads took: 0.0000272 seconds
[2019-12-08T12:00:03.298+0000][1][safepoint    ] Application time: 1.0000813 seconds
[2019-12-08T12:00:03.298+0000][1][safepoint    ] Entering safepoint region: Cleanup
[2019-12-08T12:00:03.298+0000][1][safepoint    ] Leaving safepoint region
[2019-12-08T12:00:03.298+0000][1][safepoint    ] Total time for which application threads were stopped: 0.0000874 seconds, Stopping threads took: 0.0000198 seconds
[2019-12-08T12:00:04.298+0000][1][safepoint    ] Application time: 1.0000820 seconds
[2019-12-08T12:00:04.298+0000][1][safepoint    ] Entering safepoint region: Cleanup
[2019-12-08T12:00:04.298+0000][1][safepoint    ] Leaving safepoint region
[2019-12-08T12:00:04.298+0000][1][safepoint    ] Total time for which application threads were stopped: 0.0000731 seconds, Stopping threads took: 0.0000196 seconds
[2019-12-08T12:00:05.298+0000][1][safepoint    ] Application time: 1.0000801 seconds
[2019-12-08T12:00:05.298+0000][1][safepoint    ] Entering safepoint region: Cleanup
[2019-12-08T12:00:05.298+0000][1][safepoint    ] Leaving safepoint region
[2019-12-08T12:00:05.298+0000][1][safepoint    ] Total time for which application threads were stopped: 0.0000828 seconds, Stopping threads took: 0.0000265 seconds
[2019-12-08T12:00:06.298+0000][1][safepoint    ] Application time: 1.0000816 seconds
[2019-12-08T12:00:06.298+0000][1][safepoint    ] Entering safepoint region: Cleanup
[2019-12-08T12:00:06.298+0000][1][safepoint    ] Leaving safepoint region
[2019-12-08T12:00:06.298+0000][1][safepoint    ] Total time for which application threads were stopped: 0.0000749 seconds, Stopping threads took: 0.0000201 seconds
[2019-12-08T12:00:07.299+0000][1][safepoint    ] Application time: 1.0000902 seconds
[2019-12-08T12:00:07.299+0000][1][safepoint    ] Entering safepoint region: Cleanup
[2019-12-08T12:00:07.299+0000][1][safepoint    ] Leaving safepoint region
[2019-12-08T12:00:07.299+0000][1][safepoint    ] Total time for which application threads were stopped: 0.0000788 seconds, Stopping threads took: 0.0000207 seconds
[2019-12-08T12:00:08.299+0000][1][safepoint    ] Application time: 1.0000491 seconds
[2019-12-08T12:00:08.299+0000][1][safepoint    ] Entering safepoint region: Cleanup
[2019-12-08T12:00:08.299+0000][1][safepoint    ] Leaving safepoint region
[2019-12-08T12:00:08.299+0000][1][safepoint    ] Total time for which application threads were stopped: 0.0001150 seconds, Stopping threads took: 0.0000285 seconds
[2019-12-08T12:00:09.299+0000][1][safepoint    ] Application time: 1.0000897 seconds
[2019-12-08T12:00:09.299+0000][1][safepoint    ] Entering safepoint region: Cleanup
[2019-12-08T12:00:09.299+0000][1][safepoint    ] Leaving safepoint region
[2019-12-08T12:00:09.299+0000][1][safepoint    ] Total time for which application threads were stopped: 0.0000901 seconds, Stopping threads took: 0.0000268 seconds
[2019-12-08T12:00:10.299+0000][1][safepoint    ] Application time: 1.0000960 seconds
[2019-12-08T12:00:10.299+0000][1][safepoint    ] Entering safepoint region: Cleanup
[2019-12-08T12:00:10.299+0000][1][safepoint    ] Leaving safepoint region
[2019-12-08T12:00:10.299+0000][1][safepoint    ] Total time for which application threads were stopped: 0.0000756 seconds, Stopping threads took: 0.0000201 seconds
[2019-12-08T12:00:11.299+0000][1][safepoint    ] Application time: 1.0000895 seconds
[2019-12-08T12:00:11.299+0000][1][safepoint    ] Entering safepoint region: Cleanup
[2019-12-08T12:00:11.300+0000][1][safepoint    ] Leaving safepoint region
[2019-12-08T12:00:11.300+0000][1][safepoint    ] Total time for which application threads were stopped: 0.0000782 seconds, Stopping threads took: 0.0000202 seconds
[2019-12-08T12:00:12.300+0000][1][safepoint    ] Application time: 1.0000887 seconds
[2019-12-08T12:00:12.300+0000][1][safepoint    ] Entering safepoint region: Cleanup
[2019-12-08T12:00:12.300+0000][1][safepoint    ] Leaving safepoint region
[2019-12-08T12:00:12.300+0000][1][safepoint    ] Total time for which application threads were stopped: 0.0000777 seconds, Stopping threads took: 0.0000212 seconds
[2019-12-08T12:00:13.300+0000][1][safepoint    ] Application time: 1.0000816 seconds
[2019-12-08T12:00:13.300+0000][1][safepoint    ] Entering safepoint region: Cleanup
[2019-12-08T12:00:13.300+0000][1][safepoint    ] Leaving safepoint region
[2019-12-08T12:00:13.300+0000][1][safepoint    ] Total time for which application threads were stopped: 0.0000739 seconds, Stopping threads took: 0.0000191 seconds
[2019-12-08T12:00:14.300+0000][1][safepoint    ] Application time: 1.0000882 seconds
[2019-12-08T12:00:14.300+0000][1][safepoint    ] Entering safepoint region: Cleanup
[2019-12-08T12:00:14.300+0000][1][safepoint    ] Leaving safepoint region
[2019-12-08T12:00:14.300+0000][1][safepoint    ] Total time for which application threads were stopped: 0.0000778 seconds, Stopping threads took: 0.0000193 seconds
[2019-12-08T12:00:15.300+0000][1][safepoint    ] Application time: 1.0000791 seconds
[2019-12-08T12:00:15.300+0000][1][safepoint    ] Entering safepoint region: Cleanup
[2019-12-08T12:00:15.300+0000][1][safepoint    ] Leaving safepoint region
[2019-12-08T12:00:15.300+0000][1][safepoint    ] Total time for which application threads were stopped: 0.0000731 seconds, Stopping threads took: 0.0000194 seconds
[2019-12-08T12:00:16.300+0000][1][safepoint    ] Application time: 1.0000762 seconds
[2019-12-08T12:00:16.301+0000][1][safepoint    ] Entering safepoint region: Cleanup
[2019-12-08T12:00:16.301+0000][1][safepoint    ] Leaving safepoint region
[2019-12-08T12:00:16.301+0000][1][safepoint    ] Total time for which application threads were stopped: 0.0000746 seconds, Stopping threads took: 0.0000198 seconds
[2019-12-08T12:00:17.301+0000][1][safepoint    ] Application time: 1.0000921 seconds
[2019-12-08T12:00:17.301+0000][1][safepoint    ] Entering safepoint region: Cleanup
[2019-12-08T12:00:17.301+0000][1][safepoint    ] Leaving safepoint region
[2019-12-08T12:00:17.301+0000][1][safepoint    ] Total time for which application threads were stopped: 0.0000713 seconds, Stopping threads took: 0.0000185 seconds
[2019-12-08T12:00:18.301+0000][1][safepoint    ] Application time: 1.0001114 seconds
[2019-12-08T12:00:18.301+0000][1][safepoint    ] Entering safepoint region: Cleanup
[2019-12-08T12:00:18.301+0000][1][safepoint    ] Leaving safepoint region
[2019-12-08T12:00:18.301+0000][1][safepoint    ] Total time for which application threads were stopped: 0.0000754 seconds, Stopping threads took: 0.0000195 seconds
[2019-12-08T12:00:19.301+0000][1][safepoint    ] Application time: 1.0000811 seconds
[2019-12-08T12:00:19.301+0000][1][safepoint    ] Entering safepoint region: Cleanup
[2019-12-08T12:00:19.301+0000][1][safepoint    ] Leaving safepoint region
[2019-12-08T12:00:19.301+0000][1][safepoint    ] Total time for which application threads were stopped: 0.0000759 seconds, Stopping threads took: 0.0000202 seconds
[2019-12-08T12:00:20.301+0000][1][safepoint    ] Application time: 1.0000812 seconds
[2019-12-08T12:00:20.301+0000][1][safepoint    ] Entering safepoint region: Cleanup
[2019-12-08T12:00:20.301+0000][1][safepoint    ] Leaving safepoint region
[2019-12-08T12:00:20.301+0000][1][safepoint    ] Total time for which application threads were stopped: 0.0000729 seconds, Stopping threads took: 0.0000192 seconds
[2019-12-08T12:00:21.302+0000][1][safepoint    ] Application time: 1.0000830 seconds
[2019-12-08T12:00:21.302+0000][1][safepoint    ] Entering safepoint region: Cleanup
[2019-12-08T12:00:21.302+0000][1][safepoint    ] Leaving safepoint region
[2019-12-08T12:00:21.302+0000][1][safepoint    ] Total time for which application threads were stopped: 0.0000746 seconds, Stopping threads took: 0.0000196 seconds
[2019-12-08T12:00:22.316+0000][1][safepoint    ] Application time: 1.0144971 seconds
[2019-12-08T12:00:22.316+0000][1][safepoint    ] Entering safepoint region: Cleanup
[2019-12-08T12:00:22.316+0000][1][safepoint    ] Leaving safepoint region
[2019-12-08T12:00:22.316+0000][1][safepoint    ] Total time for which application threads were stopped: 0.0000729 seconds, Stopping threads took: 0.0000165 seconds
[2019-12-08T12:00:23.317+0000][1][safepoint    ] Application time: 1.0007051 seconds
[2019-12-08T12:00:23.317+0000][1][safepoint    ] Entering safepoint region: Cleanup
[2019-12-08T12:00:23.317+0000][1][safepoint    ] Leaving safepoint region
[2019-12-08T12:00:23.317+0000][1][safepoint    ] Total time for which application threads were stopped: 0.0000926 seconds, Stopping threads took: 0.0000224 seconds
[2019-12-08T12:00:24.317+0000][1][safepoint    ] Application time: 1.0000751 seconds
[2019-12-08T12:00:24.317+0000][1][safepoint    ] Entering safepoint region: Cleanup
[2019-12-08T12:00:24.317+0000][1][safepoint    ] Leaving safepoint region
[2019-12-08T12:00:24.317+0000][1][safepoint    ] Total time for which application threads were stopped: 0.0000734 seconds, Stopping threads took: 0.0000162 seconds
[2019-12-08T12:00:25.317+0000][1][safepoint    ] Application time: 1.0000831 seconds
[2019-12-08T12:00:25.317+0000][1][safepoint    ] Entering safepoint region: Cleanup
[2019-12-08T12:00:25.317+0000][1][safepoint    ] Leaving safepoint region
[2019-12-08T12:00:25.317+0000][1][safepoint    ] Total time for which application threads were stopped: 0.0000690 seconds, Stopping threads took: 0.0000170 seconds
[2019-12-08T12:00:26.318+0000][1][safepoint    ] Application time: 1.0000783 seconds
[2019-12-08T12:00:26.318+0000][1][safepoint    ] Entering safepoint region: Cleanup
[2019-12-08T12:00:26.318+0000][1][safepoint    ] Leaving safepoint region
[2019-12-08T12:00:26.318+0000][1][safepoint    ] Total time for which application threads were stopped: 0.0000701 seconds, Stopping threads took: 0.0000184 seconds
[2019-12-08T12:00:27.318+0000][1][safepoint    ] Application time: 1.0000899 seconds
[2019-12-08T12:00:27.318+0000][1][safepoint    ] Entering safepoint region: Cleanup
[2019-12-08T12:00:27.318+0000][1][safepoint    ] Leaving safepoint region
[2019-12-08T12:00:27.318+0000][1][safepoint    ] Total time for which application threads were stopped: 0.0000683 seconds, Stopping threads took: 0.0000167 seconds
[2019-12-08T12:00:28.318+0000][1][safepoint    ] Application time: 1.0000815 seconds
[2019-12-08T12:00:28.318+0000][1][safepoint    ] Entering safepoint region: Cleanup
[2019-12-08T12:00:28.318+0000][1][safepoint    ] Leaving safepoint region
[2019-12-08T12:00:28.318+0000][1][safepoint    ] Total time for which application threads were stopped: 0.0000629 seconds, Stopping threads took: 0.0000154 seconds
[2019-12-08T12:00:29.318+0000][1][safepoint    ] Application time: 1.0000798 seconds
[2019-12-08T12:00:29.318+0000][1][safepoint    ] Entering safepoint region: Cleanup
[2019-12-08T12:00:29.318+0000][1][safepoint    ] Leaving safepoint region
[2019-12-08T12:00:29.318+0000][1][safepoint    ] Total time for which application threads were stopped: 0.0000643 seconds, Stopping threads took: 0.0000162 seconds
[2019-12-08T12:00:30.318+0000][1][safepoint    ] Application time: 1.0000779 seconds
[2019-12-08T12:00:30.318+0000][1][safepoint    ] Entering safepoint region: Cleanup
[2019-12-08T12:00:30.318+0000][1][safepoint    ] Leaving safepoint region
[2019-12-08T12:00:30.318+0000][1][safepoint    ] Total time for which application threads were stopped: 0.0000687 seconds, Stopping threads took: 0.0000176 seconds
[2019-12-08T12:00:31.318+0000][1][safepoint    ] Application time: 1.0000804 seconds
[2019-12-08T12:00:31.319+0000][1][safepoint    ] Entering safepoint region: Cleanup
[2019-12-08T12:00:31.319+0000][1][safepoint    ] Leaving safepoint region
[2019-12-08T12:00:31.319+0000][1][safepoint    ] Total time for which application threads were stopped: 0.0000648 seconds, Stopping threads took: 0.0000165 seconds
[2019-12-08T12:00:32.319+0000][1][safepoint    ] Application time: 1.0000772 seconds
[2019-12-08T12:00:32.319+0000][1][safepoint    ] Entering safepoint region: Cleanup
[2019-12-08T12:00:32.319+0000][1][safepoint    ] Leaving safepoint region
[2019-12-08T12:00:32.319+0000][1][safepoint    ] Total time for which application threads were stopped: 0.0000674 seconds, Stopping threads took: 0.0000183 seconds
[2019-12-08T12:00:33.319+0000][1][safepoint    ] Application time: 1.0000813 seconds
[2019-12-08T12:00:33.319+0000][1][safepoint    ] Entering safepoint region: Cleanup
[2019-12-08T12:00:33.319+0000][1][safepoint    ] Leaving safepoint region
[2019-12-08T12:00:33.319+0000][1][safepoint    ] Total time for which application threads were stopped: 0.0000653 seconds, Stopping threads took: 0.0000162 seconds
[2019-12-08T12:00:34.319+0000][1][safepoint    ] Application time: 1.0000798 seconds
[2019-12-08T12:00:34.319+0000][1][safepoint    ] Entering safepoint region: Cleanup
[2019-12-08T12:00:34.319+0000][1][safepoint    ] Leaving safepoint region
[2019-12-08T12:00:34.319+0000][1][safepoint    ] Total time for which application threads were stopped: 0.0000667 seconds, Stopping threads took: 0.0000171 seconds
[2019-12-08T12:00:35.319+0000][1][safepoint    ] Application time: 1.0000813 seconds
[2019-12-08T12:00:35.319+0000][1][safepoint    ] Entering safepoint region: Cleanup
[2019-12-08T12:00:35.319+0000][1][safepoint    ] Leaving safepoint region
[2019-12-08T12:00:35.319+0000][1][safepoint    ] Total time for which application threads were stopped: 0.0000665 seconds, Stopping threads took: 0.0000171 seconds
[2019-12-08T12:00:36.319+0000][1][safepoint    ] Application time: 1.0000783 seconds
[2019-12-08T12:00:36.319+0000][1][safepoint    ] Entering safepoint region: Cleanup
[2019-12-08T12:00:36.319+0000][1][safepoint    ] Leaving safepoint region
[2019-12-08T12:00:36.319+0000][1][safepoint    ] Total time for which application threads were stopped: 0.0000679 seconds, Stopping threads took: 0.0000171 seconds
[2019-12-08T12:00:37.320+0000][1][safepoint    ] Application time: 1.0000794 seconds
[2019-12-08T12:00:37.320+0000][1][safepoint    ] Entering safepoint region: Cleanup
[2019-12-08T12:00:37.320+0000][1][safepoint    ] Leaving safepoint region
[2019-12-08T12:00:37.320+0000][1][safepoint    ] Total time for which application threads were stopped: 0.0000669 seconds, Stopping threads took: 0.0000171 seconds
[2019-12-08T12:00:38.563+0000][1][safepoint    ] Application time: 1.2436212 seconds
[2019-12-08T12:00:38.563+0000][1][safepoint    ] Entering safepoint region: Cleanup
[2019-12-08T12:00:38.563+0000][1][safepoint    ] Leaving safepoint region
[2019-12-08T12:00:38.563+0000][1][safepoint    ] Total time for which application threads were stopped: 0.0000703 seconds, Stopping threads took: 0.0000176 seconds
[2019-12-08T12:00:39.563+0000][1][safepoint    ] Application time: 1.0000815 seconds
[2019-12-08T12:00:39.564+0000][1][safepoint    ] Entering safepoint region: Cleanup
[2019-12-08T12:00:39.564+0000][1][safepoint    ] Leaving safepoint region
[2019-12-08T12:00:39.564+0000][1][safepoint    ] Total time for which application threads were stopped: 0.0000671 seconds, Stopping threads took: 0.0000175 seconds
[2019-12-08T12:00:40.564+0000][1][safepoint    ] Application time: 1.0000769 seconds
[2019-12-08T12:00:40.564+0000][1][safepoint    ] Entering safepoint region: Cleanup
[2019-12-08T12:00:40.564+0000][1][safepoint    ] Leaving safepoint region
[2019-12-08T12:00:40.564+0000][1][safepoint    ] Total time for which application threads were stopped: 0.0000809 seconds, Stopping threads took: 0.0000309 seconds
[2019-12-08T12:00:41.564+0000][1][safepoint    ] Application time: 1.0000778 seconds
[2019-12-08T12:00:41.564+0000][1][safepoint    ] Entering safepoint region: Cleanup
[2019-12-08T12:00:41.564+0000][1][safepoint    ] Leaving safepoint region
[2019-12-08T12:00:41.564+0000][1][safepoint    ] Total time for which application threads were stopped: 0.0000675 seconds, Stopping threads took: 0.0000172 seconds
[2019-12-08T12:00:42.564+0000][1][safepoint    ] Application time: 1.0000757 seconds
[2019-12-08T12:00:42.564+0000][1][safepoint    ] Entering safepoint region: Cleanup
[2019-12-08T12:00:42.564+0000][1][safepoint    ] Leaving safepoint region
[2019-12-08T12:00:42.564+0000][1][safepoint    ] Total time for which application threads were stopped: 0.0000669 seconds, Stopping threads took: 0.0000165 seconds
[2019-12-08T12:00:43.564+0000][1][safepoint    ] Application time: 1.0000949 seconds
[2019-12-08T12:00:43.564+0000][1][safepoint    ] Entering safepoint region: Cleanup
[2019-12-08T12:00:43.564+0000][1][safepoint    ] Leaving safepoint region
[2019-12-08T12:00:43.564+0000][1][safepoint    ] Total time for which application threads were stopped: 0.0000731 seconds, Stopping threads took: 0.0000175 seconds
[2019-12-08T12:00:44.564+0000][1][safepoint    ] Application time: 1.0000945 seconds
[2019-12-08T12:00:44.564+0000][1][safepoint    ] Entering safepoint region: Cleanup
[2019-12-08T12:00:44.565+0000][1][safepoint    ] Leaving safepoint region
[2019-12-08T12:00:44.565+0000][1][safepoint    ] Total time for which application threads were stopped: 0.0000721 seconds, Stopping threads took: 0.0000177 seconds
[2019-12-08T12:00:45.565+0000][1][safepoint    ] Application time: 1.0000901 seconds
[2019-12-08T12:00:45.565+0000][1][safepoint    ] Entering safepoint region: Cleanup
[2019-12-08T12:00:45.565+0000][1][safepoint    ] Leaving safepoint region
[2019-12-08T12:00:45.565+0000][1][safepoint    ] Total time for which application threads were stopped: 0.0000976 seconds, Stopping threads took: 0.0000439 seconds
[2019-12-08T12:00:46.565+0000][1][safepoint    ] Application time: 1.0000847 seconds
[2019-12-08T12:00:46.565+0000][1][safepoint    ] Entering safepoint region: Cleanup
[2019-12-08T12:00:46.565+0000][1][safepoint    ] Leaving safepoint region
[2019-12-08T12:00:46.565+0000][1][safepoint    ] Total time for which application threads were stopped: 0.0000738 seconds, Stopping threads took: 0.0000189 seconds
[2019-12-08T12:00:47.565+0000][1][safepoint    ] Application time: 1.0000869 seconds
[2019-12-08T12:00:47.565+0000][1][safepoint    ] Entering safepoint region: Cleanup
[2019-12-08T12:00:47.565+0000][1][safepoint    ] Leaving safepoint region
[2019-12-08T12:00:47.565+0000][1][safepoint    ] Total time for which application threads were stopped: 0.0000718 seconds, Stopping threads took: 0.0000179 seconds
[2019-12-08T12:00:48.565+0000][1][safepoint    ] Application time: 1.0000878 seconds
[2019-12-08T12:00:48.565+0000][1][safepoint    ] Entering safepoint region: Cleanup
[2019-12-08T12:00:48.565+0000][1][safepoint    ] Leaving safepoint region
[2019-12-08T12:00:48.565+0000][1][safepoint    ] Total time for which application threads were stopped: 0.0000725 seconds, Stopping threads took: 0.0000190 seconds
[2019-12-08T12:00:49.565+0000][1][safepoint    ] Application time: 1.0000878 seconds
[2019-12-08T12:00:49.566+0000][1][safepoint    ] Entering safepoint region: Cleanup
[2019-12-08T12:00:49.566+0000][1][safepoint    ] Leaving safepoint region
[2019-12-08T12:00:49.566+0000][1][safepoint    ] Total time for which application threads were stopped: 0.0000744 seconds, Stopping threads took: 0.0000188 seconds
[2019-12-08T12:00:50.566+0000][1][safepoint    ] Application time: 1.0001038 seconds
[2019-12-08T12:00:50.566+0000][1][safepoint    ] Entering safepoint region: Cleanup
[2019-12-08T12:00:50.566+0000][1][safepoint    ] Leaving safepoint region
[2019-12-08T12:00:50.566+0000][1][safepoint    ] Total time for which application threads were stopped: 0.0000817 seconds, Stopping threads took: 0.0000267 seconds
[2019-12-08T12:00:51.566+0000][1][safepoint    ] Application time: 1.0000888 seconds
[2019-12-08T12:00:51.566+0000][1][safepoint    ] Entering safepoint region: Cleanup
[2019-12-08T12:00:51.566+0000][1][safepoint    ] Leaving safepoint region
[2019-12-08T12:00:51.566+0000][1][safepoint    ] Total time for which application threads were stopped: 0.0000732 seconds, Stopping threads took: 0.0000186 seconds
[2019-12-08T12:00:52.566+0000][1][safepoint    ] Application time: 1.0000863 seconds
[2019-12-08T12:00:52.566+0000][1][safepoint    ] Entering safepoint region: Cleanup
[2019-12-08T12:00:52.566+0000][1][safepoint    ] Leaving safepoint region
[2019-12-08T12:00:52.566+0000][1][safepoint    ] Total time for which application threads were stopped: 0.0000701 seconds, Stopping threads took: 0.0000176 seconds
[2019-12-08T12:00:53.566+0000][1][safepoint    ] Application time: 1.0000878 seconds
[2019-12-08T12:00:53.566+0000][1][safepoint    ] Entering safepoint region: Cleanup
[2019-12-08T12:00:53.566+0000][1][safepoint    ] Leaving safepoint region
[2019-12-08T12:00:53.566+0000][1][safepoint    ] Total time for which application threads were stopped: 0.0000731 seconds, Stopping threads took: 0.0000190 seconds
[2019-12-08T12:00:54.567+0000][1][safepoint    ] Application time: 1.0000805 seconds
[2019-12-08T12:00:54.567+0000][1][safepoint    ] Entering safepoint region: Cleanup
[2019-12-08T12:00:54.567+0000][1][safepoint    ] Leaving safepoint region
[2019-12-08T12:00:54.567+0000][1][safepoint    ] Total time for which application threads were stopped: 0.0000737 seconds, Stopping threads took: 0.0000198 seconds
[2019-12-08T12:00:55.567+0000][1][safepoint    ] Application time: 1.0000844 seconds
[2019-12-08T12:00:55.567+0000][1][safepoint    ] Entering safepoint region: Cleanup
[2019-12-08T12:00:55.567+0000][1][safepoint    ] Leaving safepoint region
[2019-12-08T12:00:55.567+0000][1][safepoint    ] Total time for which application threads were stopped: 0.0000809 seconds, Stopping threads took: 0.0000200 seconds
[2019-12-08T12:00:56.567+0000][1][safepoint    ] Application time: 1.0000820 seconds
[2019-12-08T12:00:56.567+0000][1][safepoint    ] Entering safepoint region: Cleanup
[2019-12-08T12:00:56.567+0000][1][safepoint    ] Leaving safepoint region
[2019-12-08T12:00:56.567+0000][1][safepoint    ] Total time for which application threads were stopped: 0.0000707 seconds, Stopping threads took: 0.0000178 seconds
[2019-12-08T12:00:57.567+0000][1][safepoint    ] Application time: 1.0000836 seconds
[2019-12-08T12:00:57.567+0000][1][safepoint    ] Entering safepoint region: Cleanup
[2019-12-08T12:00:57.567+0000][1][safepoint    ] Leaving safepoint region
[2019-12-08T12:00:57.567+0000][1][safepoint    ] Total time for which application threads were stopped: 0.0000735 seconds, Stopping threads took: 0.0000190 seconds
[2019-12-08T12:00:58.567+0000][1][safepoint    ] Application time: 1.0000811 seconds
[2019-12-08T12:00:58.567+0000][1][safepoint    ] Entering safepoint region: Cleanup
[2019-12-08T12:00:58.567+0000][1][safepoint    ] Leaving safepoint region
[2019-12-08T12:00:58.567+0000][1][safepoint    ] Total time for which application threads were stopped: 0.0000810 seconds, Stopping threads took: 0.0000260 seconds
[2019-12-08T12:00:59.568+0000][1][safepoint    ] Application time: 1.0000880 seconds
[2019-12-08T12:00:59.568+0000][1][safepoint    ] Entering safepoint region: Cleanup
[2019-12-08T12:00:59.568+0000][1][safepoint    ] Leaving safepoint region
[2019-12-08T12:00:59.568+0000][1][safepoint    ] Total time for which application threads were stopped: 0.0000715 seconds, Stopping threads took: 0.0000178 seconds
[2019-12-08T12:01:00.568+0000][1][safepoint    ] Application time: 1.0000958 seconds
[2019-12-08T12:01:00.568+0000][1][safepoint    ] Entering safepoint region: Cleanup
[2019-12-08T12:01:00.568+0000][1][safepoint    ] Leaving safepoint region
[2019-12-08T12:01:00.568+0000][1][safepoint    ] Total time for which application threads were stopped: 0.0000727 seconds, Stopping threads took: 0.0000182 seconds
[2019-12-08T12:01:01.568+0000][1][safepoint    ] Application time: 1.0000861 seconds
[2019-12-08T12:01:01.568+0000][1][safepoint    ] Entering safepoint region: Cleanup
[2019-12-08T12:01:01.568+0000][1][safepoint    ] Leaving safepoint region
[2019-12-08T12:01:01.568+0000][1][safepoint    ] Total time for which application threads were stopped: 0.0000720 seconds, Stopping threads took: 0.0000187 seconds
[2019-12-08T12:01:02.568+0000][1][safepoint    ] Application time: 1.0000768 seconds
[2019-12-08T12:01:02.568+0000][1][safepoint    ] Entering safepoint region: Cleanup
[2019-12-08T12:01:02.568+0000][1][safepoint    ] Leaving safepoint region
[2019-12-08T12:01:02.568+0000][1][safepoint    ] Total time for which application threads were stopped: 0.0000681 seconds, Stopping threads took: 0.0000167 seconds
[2019-12-08T12:01:03.568+0000][1][safepoint    ] Application time: 1.0000906 seconds
[2019-12-08T12:01:03.568+0000][1][safepoint    ] Entering safepoint region: Cleanup
[2019-12-08T12:01:03.568+0000][1][safepoint    ] Leaving safepoint region
[2019-12-08T12:01:03.568+0000][1][safepoint    ] Total time for which application threads were stopped: 0.0000684 seconds, Stopping threads took: 0.0000171 seconds
[2019-12-08T12:01:04.569+0000][1][safepoint    ] Application time: 1.0000831 seconds
[2019-12-08T12:01:04.569+0000][1][safepoint    ] Entering safepoint region: Cleanup
[2019-12-08T12:01:04.569+0000][1][safepoint    ] Leaving safepoint region
[2019-12-08T12:01:04.569+0000][1][safepoint    ] Total time for which application threads were stopped: 0.0000801 seconds, Stopping threads took: 0.0000171 seconds
[2019-12-08T12:01:05.569+0000][1][safepoint    ] Application time: 1.0000895 seconds
[2019-12-08T12:01:05.569+0000][1][safepoint    ] Entering safepoint region: Cleanup
[2019-12-08T12:01:05.569+0000][1][safepoint    ] Leaving safepoint region
[2019-12-08T12:01:05.569+0000][1][safepoint    ] Total time for which application threads were stopped: 0.0000791 seconds, Stopping threads took: 0.0000256 seconds
[2019-12-08T12:01:06.569+0000][1][safepoint    ] Application time: 1.0000769 seconds
[2019-12-08T12:01:06.569+0000][1][safepoint    ] Entering safepoint region: Cleanup
[2019-12-08T12:01:06.569+0000][1][safepoint    ] Leaving safepoint region
[2019-12-08T12:01:06.569+0000][1][safepoint    ] Total time for which application threads were stopped: 0.0000732 seconds, Stopping threads took: 0.0000205 seconds
[2019-12-08T12:01:07.569+0000][1][safepoint    ] Application time: 1.0000904 seconds
[2019-12-08T12:01:07.569+0000][1][safepoint    ] Entering safepoint region: Cleanup
[2019-12-08T12:01:07.569+0000][1][safepoint    ] Leaving safepoint region
[2019-12-08T12:01:07.569+0000][1][safepoint    ] Total time for which application threads were stopped: 0.0000716 seconds, Stopping threads took: 0.0000172 seconds
[2019-12-08T12:01:08.569+0000][1][safepoint    ] Application time: 1.0000769 seconds
[2019-12-08T12:01:08.569+0000][1][safepoint    ] Entering safepoint region: Cleanup
[2019-12-08T12:01:08.569+0000][1][safepoint    ] Leaving safepoint region
[2019-12-08T12:01:08.569+0000][1][safepoint    ] Total time for which application threads were stopped: 0.0000713 seconds, Stopping threads took: 0.0000184 seconds
[2019-12-08T12:01:09.570+0000][1][safepoint    ] Application time: 1.0000769 seconds
[2019-12-08T12:01:09.570+0000][1][safepoint    ] Entering safepoint region: Cleanup
[2019-12-08T12:01:09.570+0000][1][safepoint    ] Leaving safepoint region
[2019-12-08T12:01:09.570+0000][1][safepoint    ] Total time for which application threads were stopped: 0.0000673 seconds, Stopping threads took: 0.0000179 seconds
[2019-12-08T12:01:10.570+0000][1][safepoint    ] Application time: 1.0000755 seconds
[2019-12-08T12:01:10.570+0000][1][safepoint    ] Entering safepoint region: Cleanup
[2019-12-08T12:01:10.570+0000][1][safepoint    ] Leaving safepoint region
[2019-12-08T12:01:10.570+0000][1][safepoint    ] Total time for which application threads were stopped: 0.0000717 seconds, Stopping threads took: 0.0000201 seconds
[2019-12-08T12:01:11.570+0000][1][safepoint    ] Application time: 1.0000769 seconds
[2019-12-08T12:01:11.570+0000][1][safepoint    ] Entering safepoint region: Cleanup
[2019-12-08T12:01:11.570+0000][1][safepoint    ] Leaving safepoint region
[2019-12-08T12:01:11.570+0000][1][safepoint    ] Total time for which application threads were stopped: 0.0000675 seconds, Stopping threads took: 0.0000164 seconds
[2019-12-08T12:01:12.570+0000][1][safepoint    ] Application time: 1.0000767 seconds
[2019-12-08T12:01:12.570+0000][1][safepoint    ] Entering safepoint region: Cleanup
[2019-12-08T12:01:12.570+0000][1][safepoint    ] Leaving safepoint region
[2019-12-08T12:01:12.570+0000][1][safepoint    ] Total time for which application threads were stopped: 0.0000698 seconds, Stopping threads took: 0.0000180 seconds
[2019-12-08T12:01:13.570+0000][1][safepoint    ] Application time: 1.0000792 seconds
[2019-12-08T12:01:13.570+0000][1][safepoint    ] Entering safepoint region: Cleanup
[2019-12-08T12:01:13.570+0000][1][safepoint    ] Leaving safepoint region
[2019-12-08T12:01:13.570+0000][1][safepoint    ] Total time for which application threads were stopped: 0.0000719 seconds, Stopping threads took: 0.0000178 seconds
[2019-12-08T12:01:14.571+0000][1][safepoint    ] Application time: 1.0000777 seconds
[2019-12-08T12:01:14.571+0000][1][safepoint    ] Entering safepoint region: Cleanup
[2019-12-08T12:01:14.571+0000][1][safepoint    ] Leaving safepoint region
[2019-12-08T12:01:14.571+0000][1][safepoint    ] Total time for which application threads were stopped: 0.0000733 seconds, Stopping threads took: 0.0000177 seconds
[2019-12-08T12:01:15.571+0000][1][safepoint    ] Application time: 1.0000778 seconds
[2019-12-08T12:01:15.571+0000][1][safepoint    ] Entering safepoint region: Cleanup
[2019-12-08T12:01:15.571+0000][1][safepoint    ] Leaving safepoint region
[2019-12-08T12:01:15.571+0000][1][safepoint    ] Total time for which application threads were stopped: 0.0000761 seconds, Stopping threads took: 0.0000176 seconds
[2019-12-08T12:01:16.571+0000][1][safepoint    ] Application time: 1.0000761 seconds
[2019-12-08T12:01:16.571+0000][1][safepoint    ] Entering safepoint region: Cleanup
[2019-12-08T12:01:16.571+0000][1][safepoint    ] Leaving safepoint region
[2019-12-08T12:01:16.571+0000][1][safepoint    ] Total time for which application threads were stopped: 0.0000675 seconds, Stopping threads took: 0.0000171 seconds
[2019-12-08T12:01:17.571+0000][1][safepoint    ] Application time: 1.0000766 seconds
[2019-12-08T12:01:17.571+0000][1][safepoint    ] Entering safepoint region: Cleanup
[2019-12-08T12:01:17.571+0000][1][safepoint    ] Leaving safepoint region
[2019-12-08T12:01:17.571+0000][1][safepoint    ] Total time for which application threads were stopped: 0.0000712 seconds, Stopping threads took: 0.0000181 seconds
[2019-12-08T12:01:18.571+0000][1][safepoint    ] Application time: 1.0000775 seconds
[2019-12-08T12:01:18.571+0000][1][safepoint    ] Entering safepoint region: Cleanup
[2019-12-08T12:01:18.571+0000][1][safepoint    ] Leaving safepoint region
[2019-12-08T12:01:18.571+0000][1][safepoint    ] Total time for which application threads were stopped: 0.0000711 seconds, Stopping threads took: 0.0000182 seconds
[2019-12-08T12:01:19.572+0000][1][safepoint    ] Application time: 1.0000792 seconds
[2019-12-08T12:01:19.572+0000][1][safepoint    ] Entering safepoint region: Cleanup
[2019-12-08T12:01:19.572+0000][1][safepoint    ] Leaving safepoint region
[2019-12-08T12:01:19.572+0000][1][safepoint    ] Total time for which application threads were stopped: 0.0000725 seconds, Stopping threads took: 0.0000183 seconds
[2019-12-08T12:01:20.572+0000][1][safepoint    ] Application time: 1.0000859 seconds
[2019-12-08T12:01:20.572+0000][1][safepoint    ] Entering safepoint region: Cleanup
[2019-12-08T12:01:20.572+0000][1][safepoint    ] Leaving safepoint region
[2019-12-08T12:01:20.572+0000][1][safepoint    ] Total time for which application threads were stopped: 0.0000704 seconds, Stopping threads took: 0.0000190 seconds
[2019-12-08T12:01:21.572+0000][1][safepoint    ] Application time: 1.0000749 seconds
[2019-12-08T12:01:21.572+0000][1][safepoint    ] Entering safepoint region: Cleanup
[2019-12-08T12:01:21.572+0000][1][safepoint    ] Leaving safepoint region
[2019-12-08T12:01:21.572+0000][1][safepoint    ] Total time for which application threads were stopped: 0.0000735 seconds, Stopping threads took: 0.0000211 seconds
[2019-12-08T12:01:22.572+0000][1][safepoint    ] Application time: 1.0000835 seconds
[2019-12-08T12:01:22.572+0000][1][safepoint    ] Entering safepoint region: Cleanup
[2019-12-08T12:01:22.572+0000][1][safepoint    ] Leaving safepoint region
[2019-12-08T12:01:22.572+0000][1][safepoint    ] Total time for which application threads were stopped: 0.0000711 seconds, Stopping threads took: 0.0000179 seconds
[2019-12-08T12:01:23.572+0000][1][safepoint    ] Application time: 1.0000782 seconds
[2019-12-08T12:01:23.572+0000][1][safepoint    ] Entering safepoint region: Cleanup
[2019-12-08T12:01:23.572+0000][1][safepoint    ] Leaving safepoint region
[2019-12-08T12:01:23.572+0000][1][safepoint    ] Total time for which application threads were stopped: 0.0000694 seconds, Stopping threads took: 0.0000169 seconds
[2019-12-08T12:01:24.572+0000][1][safepoint    ] Application time: 1.0000762 seconds
[2019-12-08T12:01:24.573+0000][1][safepoint    ] Entering safepoint region: Cleanup
[2019-12-08T12:01:24.573+0000][1][safepoint    ] Leaving safepoint region
[2019-12-08T12:01:24.573+0000][1][safepoint    ] Total time for which application threads were stopped: 0.0000707 seconds, Stopping threads took: 0.0000179 seconds
[2019-12-08T12:01:25.573+0000][1][safepoint    ] Application time: 1.0000780 seconds
[2019-12-08T12:01:25.573+0000][1][safepoint    ] Entering safepoint region: Cleanup
[2019-12-08T12:01:25.573+0000][1][safepoint    ] Leaving safepoint region
[2019-12-08T12:01:25.573+0000][1][safepoint    ] Total time for which application threads were stopped: 0.0000726 seconds, Stopping threads took: 0.0000199 seconds
[2019-12-08T12:01:26.573+0000][1][safepoint    ] Application time: 1.0000757 seconds
[2019-12-08T12:01:26.573+0000][1][safepoint    ] Entering safepoint region: Cleanup
[2019-12-08T12:01:26.573+0000][1][safepoint    ] Leaving safepoint region
[2019-12-08T12:01:26.573+0000][1][safepoint    ] Total time for which application threads were stopped: 0.0000677 seconds, Stopping threads took: 0.0000166 seconds
[2019-12-08T12:01:27.573+0000][1][safepoint    ] Application time: 1.0000775 seconds
[2019-12-08T12:01:27.573+0000][1][safepoint    ] Entering safepoint region: Cleanup
[2019-12-08T12:01:27.573+0000][1][safepoint    ] Leaving safepoint region
[2019-12-08T12:01:27.573+0000][1][safepoint    ] Total time for which application threads were stopped: 0.0000726 seconds, Stopping threads took: 0.0000206 seconds
[2019-12-08T12:01:28.573+0000][1][safepoint    ] Application time: 1.0000763 seconds
[2019-12-08T12:01:28.573+0000][1][safepoint    ] Entering safepoint region: Cleanup
[2019-12-08T12:01:28.573+0000][1][safepoint    ] Leaving safepoint region
[2019-12-08T12:01:28.573+0000][1][safepoint    ] Total time for which application threads were stopped: 0.0000722 seconds, Stopping threads took: 0.0000175 seconds
[2019-12-08T12:01:29.573+0000][1][safepoint    ] Application time: 1.0000734 seconds
[2019-12-08T12:01:29.573+0000][1][safepoint    ] Entering safepoint region: Cleanup
[2019-12-08T12:01:29.574+0000][1][safepoint    ] Leaving safepoint region
[2019-12-08T12:01:29.574+0000][1][safepoint    ] Total time for which application threads were stopped: 0.0000714 seconds, Stopping threads took: 0.0000178 seconds
[2019-12-08T12:01:30.574+0000][1][safepoint    ] Application time: 1.0000754 seconds
[2019-12-08T12:01:30.574+0000][1][safepoint    ] Entering safepoint region: Cleanup
[2019-12-08T12:01:30.574+0000][1][safepoint    ] Leaving safepoint region
[2019-12-08T12:01:30.574+0000][1][safepoint    ] Total time for which application threads were stopped: 0.0000852 seconds, Stopping threads took: 0.0000173 seconds
[2019-12-08T12:01:31.574+0000][1][safepoint    ] Application time: 1.0000780 seconds
[2019-12-08T12:01:31.574+0000][1][safepoint    ] Entering safepoint region: Cleanup
[2019-12-08T12:01:31.574+0000][1][safepoint    ] Leaving safepoint region
[2019-12-08T12:01:31.574+0000][1][safepoint    ] Total time for which application threads were stopped: 0.0000669 seconds, Stopping threads took: 0.0000159 seconds
[2019-12-08T12:01:32.574+0000][1][safepoint    ] Application time: 1.0000774 seconds
[2019-12-08T12:01:32.574+0000][1][safepoint    ] Entering safepoint region: Cleanup
[2019-12-08T12:01:32.574+0000][1][safepoint    ] Leaving safepoint region
[2019-12-08T12:01:32.574+0000][1][safepoint    ] Total time for which application threads were stopped: 0.0000727 seconds, Stopping threads took: 0.0000195 seconds
[2019-12-08T12:01:33.574+0000][1][safepoint    ] Application time: 1.0000798 seconds
[2019-12-08T12:01:33.574+0000][1][safepoint    ] Entering safepoint region: Cleanup
[2019-12-08T12:01:33.574+0000][1][safepoint    ] Leaving safepoint region
[2019-12-08T12:01:33.574+0000][1][safepoint    ] Total time for which application threads were stopped: 0.0000676 seconds, Stopping threads took: 0.0000169 seconds
[2019-12-08T12:01:35.426+0000][1][safepoint    ] Application time: 1.8512487 seconds
[2019-12-08T12:01:35.426+0000][1][safepoint    ] Entering safepoint region: Cleanup
[2019-12-08T12:01:35.426+0000][1][safepoint    ] Leaving safepoint region
[2019-12-08T12:01:35.426+0000][1][safepoint    ] Total time for which application threads were stopped: 0.0000665 seconds, Stopping threads took: 0.0000166 seconds
[2019-12-08T12:01:36.426+0000][1][safepoint    ] Application time: 1.0000774 seconds
[2019-12-08T12:01:36.426+0000][1][safepoint    ] Entering safepoint region: Cleanup
[2019-12-08T12:01:36.426+0000][1][safepoint    ] Leaving safepoint region
[2019-12-08T12:01:36.426+0000][1][safepoint    ] Total time for which application threads were stopped: 0.0000680 seconds, Stopping threads took: 0.0000178 seconds
[2019-12-08T12:01:37.426+0000][1][safepoint    ] Application time: 1.0000804 seconds
[2019-12-08T12:01:37.426+0000][1][safepoint    ] Entering safepoint region: Cleanup
[2019-12-08T12:01:37.426+0000][1][safepoint    ] Leaving safepoint region
[2019-12-08T12:01:37.426+0000][1][safepoint    ] Total time for which application threads were stopped: 0.0000702 seconds, Stopping threads took: 0.0000180 seconds
[2019-12-08T12:01:38.426+0000][1][safepoint    ] Application time: 1.0000806 seconds
[2019-12-08T12:01:38.426+0000][1][safepoint    ] Entering safepoint region: Cleanup
[2019-12-08T12:01:38.426+0000][1][safepoint    ] Leaving safepoint region
[2019-12-08T12:01:38.426+0000][1][safepoint    ] Total time for which application threads were stopped: 0.0000686 seconds, Stopping threads took: 0.0000168 seconds
[2019-12-08T12:01:39.426+0000][1][safepoint    ] Application time: 1.0000828 seconds
[2019-12-08T12:01:39.426+0000][1][safepoint    ] Entering safepoint region: Cleanup
[2019-12-08T12:01:39.426+0000][1][safepoint    ] Leaving safepoint region
[2019-12-08T12:01:39.426+0000][1][safepoint    ] Total time for which application threads were stopped: 0.0000674 seconds, Stopping threads took: 0.0000178 seconds
[2019-12-08T12:01:40.426+0000][1][safepoint    ] Application time: 1.0000819 seconds
[2019-12-08T12:01:40.426+0000][1][safepoint    ] Entering safepoint region: Cleanup
[2019-12-08T12:01:40.427+0000][1][safepoint    ] Leaving safepoint region
[2019-12-08T12:01:40.427+0000][1][safepoint    ] Total time for which application threads were stopped: 0.0000967 seconds, Stopping threads took: 0.0000241 seconds
[2019-12-08T12:01:41.427+0000][1][safepoint    ] Application time: 1.0000814 seconds
[2019-12-08T12:01:41.427+0000][1][safepoint    ] Entering safepoint region: Cleanup
[2019-12-08T12:01:41.427+0000][1][safepoint    ] Leaving safepoint region
[2019-12-08T12:01:41.427+0000][1][safepoint    ] Total time for which application threads were stopped: 0.0000656 seconds, Stopping threads took: 0.0000171 seconds
[2019-12-08T12:01:42.427+0000][1][safepoint    ] Application time: 1.0000852 seconds
[2019-12-08T12:01:42.427+0000][1][safepoint    ] Entering safepoint region: Cleanup
[2019-12-08T12:01:42.427+0000][1][safepoint    ] Leaving safepoint region
[2019-12-08T12:01:42.427+0000][1][safepoint    ] Total time for which application threads were stopped: 0.0001139 seconds, Stopping threads took: 0.0000282 seconds
[2019-12-08T12:01:43.427+0000][1][safepoint    ] Application time: 1.0000876 seconds
[2019-12-08T12:01:43.427+0000][1][safepoint    ] Entering safepoint region: Cleanup
[2019-12-08T12:01:43.427+0000][1][safepoint    ] Leaving safepoint region
[2019-12-08T12:01:43.427+0000][1][safepoint    ] Total time for which application threads were stopped: 0.0000947 seconds, Stopping threads took: 0.0000237 seconds
[2019-12-08T12:01:44.427+0000][1][safepoint    ] Application time: 1.0000909 seconds
[2019-12-08T12:01:44.428+0000][1][safepoint    ] Entering safepoint region: Cleanup
[2019-12-08T12:01:44.428+0000][1][safepoint    ] Leaving safepoint region
[2019-12-08T12:01:44.428+0000][1][safepoint    ] Total time for which application threads were stopped: 0.0000764 seconds, Stopping threads took: 0.0000196 seconds
[2019-12-08T12:01:45.428+0000][1][safepoint    ] Application time: 1.0000925 seconds
[2019-12-08T12:01:45.428+0000][1][safepoint    ] Entering safepoint region: Cleanup
[2019-12-08T12:01:45.428+0000][1][safepoint    ] Leaving safepoint region
[2019-12-08T12:01:45.428+0000][1][safepoint    ] Total time for which application threads were stopped: 0.0000977 seconds, Stopping threads took: 0.0000242 seconds
[2019-12-08T12:01:46.428+0000][1][safepoint    ] Application time: 1.0001142 seconds
[2019-12-08T12:01:46.428+0000][1][safepoint    ] Entering safepoint region: Cleanup
[2019-12-08T12:01:46.428+0000][1][safepoint    ] Leaving safepoint region
[2019-12-08T12:01:46.428+0000][1][safepoint    ] Total time for which application threads were stopped: 0.0000724 seconds, Stopping threads took: 0.0000171 seconds
[2019-12-08T12:01:47.428+0000][1][safepoint    ] Application time: 1.0000791 seconds
[2019-12-08T12:01:47.428+0000][1][safepoint    ] Entering safepoint region: Cleanup
[2019-12-08T12:01:47.428+0000][1][safepoint    ] Leaving safepoint region
[2019-12-08T12:01:47.428+0000][1][safepoint    ] Total time for which application threads were stopped: 0.0001702 seconds, Stopping threads took: 0.0000646 seconds
[2019-12-08T12:01:48.428+0000][1][safepoint    ] Application time: 1.0000910 seconds
[2019-12-08T12:01:48.429+0000][1][safepoint    ] Entering safepoint region: Cleanup
[2019-12-08T12:01:48.429+0000][1][safepoint    ] Leaving safepoint region
[2019-12-08T12:01:48.429+0000][1][safepoint    ] Total time for which application threads were stopped: 0.0000739 seconds, Stopping threads took: 0.0000180 seconds
[2019-12-08T12:01:49.429+0000][1][safepoint    ] Application time: 1.0000841 seconds
[2019-12-08T12:01:49.429+0000][1][safepoint    ] Entering safepoint region: Cleanup
[2019-12-08T12:01:49.429+0000][1][safepoint    ] Leaving safepoint region
[2019-12-08T12:01:49.429+0000][1][safepoint    ] Total time for which application threads were stopped: 0.0000716 seconds, Stopping threads took: 0.0000192 seconds
[2019-12-08T12:01:50.429+0000][1][safepoint    ] Application time: 1.0000800 seconds
[2019-12-08T12:01:50.429+0000][1][safepoint    ] Entering safepoint region: Cleanup
[2019-12-08T12:01:50.429+0000][1][safepoint    ] Leaving safepoint region
[2019-12-08T12:01:50.429+0000][1][safepoint    ] Total time for which application threads were stopped: 0.0000737 seconds, Stopping threads took: 0.0000219 seconds
[2019-12-08T12:01:51.429+0000][1][safepoint    ] Application time: 1.0000767 seconds
[2019-12-08T12:01:51.429+0000][1][safepoint    ] Entering safepoint region: Cleanup
[2019-12-08T12:01:51.429+0000][1][safepoint    ] Leaving safepoint region
[2019-12-08T12:01:51.429+0000][1][safepoint    ] Total time for which application threads were stopped: 0.0000685 seconds, Stopping threads took: 0.0000178 seconds
[2019-12-08T12:01:52.429+0000][1][safepoint    ] Application time: 1.0000782 seconds
[2019-12-08T12:01:52.429+0000][1][safepoint    ] Entering safepoint region: Cleanup
[2019-12-08T12:01:52.429+0000][1][safepoint    ] Leaving safepoint region
[2019-12-08T12:01:52.429+0000][1][safepoint    ] Total time for which application threads were stopped: 0.0000798 seconds, Stopping threads took: 0.0000274 seconds
[2019-12-08T12:01:53.429+0000][1][safepoint    ] Application time: 1.0000901 seconds
[2019-12-08T12:01:53.430+0000][1][safepoint    ] Entering safepoint region: Cleanup
[2019-12-08T12:01:53.430+0000][1][safepoint    ] Leaving safepoint region
[2019-12-08T12:01:53.430+0000][1][safepoint    ] Total time for which application threads were stopped: 0.0000763 seconds, Stopping threads took: 0.0000211 seconds
[2019-12-08T12:01:54.430+0000][1][safepoint    ] Application time: 1.0000795 seconds
[2019-12-08T12:01:54.430+0000][1][safepoint    ] Entering safepoint region: Cleanup
[2019-12-08T12:01:54.430+0000][1][safepoint    ] Leaving safepoint region
[2019-12-08T12:01:54.430+0000][1][safepoint    ] Total time for which application threads were stopped: 0.0000786 seconds, Stopping threads took: 0.0000193 seconds
[2019-12-08T12:01:55.430+0000][1][safepoint    ] Application time: 1.0000775 seconds
[2019-12-08T12:01:55.430+0000][1][safepoint    ] Entering safepoint region: Cleanup
[2019-12-08T12:01:55.430+0000][1][safepoint    ] Leaving safepoint region
[2019-12-08T12:01:55.430+0000][1][safepoint    ] Total time for which application threads were stopped: 0.0000706 seconds, Stopping threads took: 0.0000186 seconds
[2019-12-08T12:01:56.430+0000][1][safepoint    ] Application time: 1.0000832 seconds
[2019-12-08T12:01:56.430+0000][1][safepoint    ] Entering safepoint region: Cleanup
[2019-12-08T12:01:56.430+0000][1][safepoint    ] Leaving safepoint region
[2019-12-08T12:01:56.430+0000][1][safepoint    ] Total time for which application threads were stopped: 0.0000730 seconds, Stopping threads took: 0.0000188 seconds
[2019-12-08T12:01:57.430+0000][1][safepoint    ] Application time: 1.0000773 seconds
[2019-12-08T12:01:57.430+0000][1][safepoint    ] Entering safepoint region: Cleanup
[2019-12-08T12:01:57.430+0000][1][safepoint    ] Leaving safepoint region
[2019-12-08T12:01:57.430+0000][1][safepoint    ] Total time for which application threads were stopped: 0.0000744 seconds, Stopping threads took: 0.0000193 seconds
[2019-12-08T12:01:58.430+0000][1][safepoint    ] Application time: 1.0000782 seconds
[2019-12-08T12:01:58.430+0000][1][safepoint    ] Entering safepoint region: Cleanup
[2019-12-08T12:01:58.431+0000][1][safepoint    ] Leaving safepoint region
[2019-12-08T12:01:58.431+0000][1][safepoint    ] Total time for which application threads were stopped: 0.0000763 seconds, Stopping threads took: 0.0000192 seconds
[2019-12-08T12:01:59.431+0000][1][safepoint    ] Application time: 1.0000788 seconds
[2019-12-08T12:01:59.431+0000][1][safepoint    ] Entering safepoint region: Cleanup
[2019-12-08T12:01:59.431+0000][1][safepoint    ] Leaving safepoint region
[2019-12-08T12:01:59.431+0000][1][safepoint    ] Total time for which application threads were stopped: 0.0000775 seconds, Stopping threads took: 0.0000263 seconds
[2019-12-08T12:02:00.431+0000][1][safepoint    ] Application time: 1.0000849 seconds
[2019-12-08T12:02:00.431+0000][1][safepoint    ] Entering safepoint region: Cleanup
[2019-12-08T12:02:00.431+0000][1][safepoint    ] Leaving safepoint region
[2019-12-08T12:02:00.431+0000][1][safepoint    ] Total time for which application threads were stopped: 0.0000929 seconds, Stopping threads took: 0.0000372 seconds
[2019-12-08T12:02:01.431+0000][1][safepoint    ] Application time: 1.0000829 seconds
[2019-12-08T12:02:01.431+0000][1][safepoint    ] Entering safepoint region: Cleanup
[2019-12-08T12:02:01.431+0000][1][safepoint    ] Leaving safepoint region
[2019-12-08T12:02:01.431+0000][1][safepoint    ] Total time for which application threads were stopped: 0.0000739 seconds, Stopping threads took: 0.0000198 seconds
[2019-12-08T12:02:02.431+0000][1][safepoint    ] Application time: 1.0000862 seconds
[2019-12-08T12:02:02.431+0000][1][safepoint    ] Entering safepoint region: Cleanup
[2019-12-08T12:02:02.431+0000][1][safepoint    ] Leaving safepoint region
[2019-12-08T12:02:02.431+0000][1][safepoint    ] Total time for which application threads were stopped: 0.0000836 seconds, Stopping threads took: 0.0000271 seconds
[2019-12-08T12:02:03.432+0000][1][safepoint    ] Application time: 1.0000852 seconds
[2019-12-08T12:02:03.432+0000][1][safepoint    ] Entering safepoint region: Cleanup
[2019-12-08T12:02:03.432+0000][1][safepoint    ] Leaving safepoint region
[2019-12-08T12:02:03.432+0000][1][safepoint    ] Total time for which application threads were stopped: 0.0000761 seconds, Stopping threads took: 0.0000203 seconds
[2019-12-08T12:02:04.432+0000][1][safepoint    ] Application time: 1.0000835 seconds
[2019-12-08T12:02:04.432+0000][1][safepoint    ] Entering safepoint region: Cleanup
[2019-12-08T12:02:04.432+0000][1][safepoint    ] Leaving safepoint region
[2019-12-08T12:02:04.432+0000][1][safepoint    ] Total time for which application threads were stopped: 0.0000752 seconds, Stopping threads took: 0.0000194 seconds
[2019-12-08T12:02:05.432+0000][1][safepoint    ] Application time: 1.0000806 seconds
[2019-12-08T12:02:05.432+0000][1][safepoint    ] Entering safepoint region: Cleanup
[2019-12-08T12:02:05.432+0000][1][safepoint    ] Leaving safepoint region
[2019-12-08T12:02:05.432+0000][1][safepoint    ] Total time for which application threads were stopped: 0.0000800 seconds, Stopping threads took: 0.0000244 seconds
[2019-12-08T12:02:06.579+0000][1][safepoint    ] Application time: 1.1467598 seconds
[2019-12-08T12:02:06.579+0000][1][safepoint    ] Entering safepoint region: Cleanup
[2019-12-08T12:02:06.579+0000][1][safepoint    ] Leaving safepoint region
[2019-12-08T12:02:06.579+0000][1][safepoint    ] Total time for which application threads were stopped: 0.0000794 seconds, Stopping threads took: 0.0000226 seconds
[2019-12-08T12:02:07.579+0000][1][safepoint    ] Application time: 1.0000779 seconds
[2019-12-08T12:02:07.579+0000][1][safepoint    ] Entering safepoint region: Cleanup
[2019-12-08T12:02:07.579+0000][1][safepoint    ] Leaving safepoint region
[2019-12-08T12:02:07.579+0000][1][safepoint    ] Total time for which application threads were stopped: 0.0000682 seconds, Stopping threads took: 0.0000164 seconds
[2019-12-08T12:02:08.579+0000][1][safepoint    ] Application time: 1.0000850 seconds
[2019-12-08T12:02:08.579+0000][1][safepoint    ] Entering safepoint region: Cleanup
[2019-12-08T12:02:08.579+0000][1][safepoint    ] Leaving safepoint region
[2019-12-08T12:02:08.579+0000][1][safepoint    ] Total time for which application threads were stopped: 0.0000690 seconds, Stopping threads took: 0.0000164 seconds
[2019-12-08T12:02:09.579+0000][1][safepoint    ] Application time: 1.0000777 seconds
[2019-12-08T12:02:09.579+0000][1][safepoint    ] Entering safepoint region: Cleanup
[2019-12-08T12:02:09.579+0000][1][safepoint    ] Leaving safepoint region
[2019-12-08T12:02:09.579+0000][1][safepoint    ] Total time for which application threads were stopped: 0.0000709 seconds, Stopping threads took: 0.0000177 seconds
[2019-12-08T12:02:10.580+0000][1][safepoint    ] Application time: 1.0000773 seconds
[2019-12-08T12:02:10.580+0000][1][safepoint    ] Entering safepoint region: Cleanup
[2019-12-08T12:02:10.580+0000][1][safepoint    ] Leaving safepoint region
[2019-12-08T12:02:10.580+0000][1][safepoint    ] Total time for which application threads were stopped: 0.0000953 seconds, Stopping threads took: 0.0000176 seconds
[2019-12-08T12:02:11.580+0000][1][safepoint    ] Application time: 1.0000752 seconds
[2019-12-08T12:02:11.580+0000][1][safepoint    ] Entering safepoint region: Cleanup
[2019-12-08T12:02:11.580+0000][1][safepoint    ] Leaving safepoint region
[2019-12-08T12:02:11.580+0000][1][safepoint    ] Total time for which application threads were stopped: 0.0000688 seconds, Stopping threads took: 0.0000155 seconds
[2019-12-08T12:02:12.580+0000][1][safepoint    ] Application time: 1.0000798 seconds
[2019-12-08T12:02:12.580+0000][1][safepoint    ] Entering safepoint region: Cleanup
[2019-12-08T12:02:12.580+0000][1][safepoint    ] Leaving safepoint region
[2019-12-08T12:02:12.580+0000][1][safepoint    ] Total time for which application threads were stopped: 0.0000882 seconds, Stopping threads took: 0.0000325 seconds
[2019-12-08T12:02:13.580+0000][1][safepoint    ] Application time: 1.0000783 seconds
[2019-12-08T12:02:13.580+0000][1][safepoint    ] Entering safepoint region: Cleanup
[2019-12-08T12:02:13.580+0000][1][safepoint    ] Leaving safepoint region
[2019-12-08T12:02:13.580+0000][1][safepoint    ] Total time for which application threads were stopped: 0.0000750 seconds, Stopping threads took: 0.0000178 seconds
[2019-12-08T12:02:14.580+0000][1][safepoint    ] Application time: 1.0000787 seconds
[2019-12-08T12:02:14.580+0000][1][safepoint    ] Entering safepoint region: Cleanup
[2019-12-08T12:02:14.581+0000][1][safepoint    ] Leaving safepoint region
[2019-12-08T12:02:14.581+0000][1][safepoint    ] Total time for which application threads were stopped: 0.0000695 seconds, Stopping threads took: 0.0000160 seconds
[2019-12-08T12:02:15.581+0000][1][safepoint    ] Application time: 1.0000777 seconds
[2019-12-08T12:02:15.581+0000][1][safepoint    ] Entering safepoint region: Cleanup
[2019-12-08T12:02:15.581+0000][1][safepoint    ] Leaving safepoint region
[2019-12-08T12:02:15.581+0000][1][safepoint    ] Total time for which application threads were stopped: 0.0000895 seconds, Stopping threads took: 0.0000166 seconds
[2019-12-08T12:02:16.581+0000][1][safepoint    ] Application time: 1.0000897 seconds
[2019-12-08T12:02:16.581+0000][1][safepoint    ] Entering safepoint region: Cleanup
[2019-12-08T12:02:16.581+0000][1][safepoint    ] Leaving safepoint region
[2019-12-08T12:02:16.581+0000][1][safepoint    ] Total time for which application threads were stopped: 0.0001283 seconds, Stopping threads took: 0.0000671 seconds
[2019-12-08T12:02:17.581+0000][1][safepoint    ] Application time: 1.0000942 seconds
[2019-12-08T12:02:17.581+0000][1][safepoint    ] Entering safepoint region: Cleanup
[2019-12-08T12:02:17.581+0000][1][safepoint    ] Leaving safepoint region
[2019-12-08T12:02:17.581+0000][1][safepoint    ] Total time for which application threads were stopped: 0.0000741 seconds, Stopping threads took: 0.0000198 seconds
[2019-12-08T12:02:18.581+0000][1][safepoint    ] Application time: 1.0000866 seconds
[2019-12-08T12:02:18.581+0000][1][safepoint    ] Entering safepoint region: Cleanup
[2019-12-08T12:02:18.581+0000][1][safepoint    ] Leaving safepoint region
[2019-12-08T12:02:18.581+0000][1][safepoint    ] Total time for which application threads were stopped: 0.0000757 seconds, Stopping threads took: 0.0000199 seconds
[2019-12-08T12:02:19.582+0000][1][safepoint    ] Application time: 1.0000782 seconds
[2019-12-08T12:02:19.582+0000][1][safepoint    ] Entering safepoint region: Cleanup
[2019-12-08T12:02:19.582+0000][1][safepoint    ] Leaving safepoint region
[2019-12-08T12:02:19.582+0000][1][safepoint    ] Total time for which application threads were stopped: 0.0000699 seconds, Stopping threads took: 0.0000173 seconds
[2019-12-08T12:02:20.582+0000][1][safepoint    ] Application time: 1.0000847 seconds
[2019-12-08T12:02:20.582+0000][1][safepoint    ] Entering safepoint region: Cleanup
[2019-12-08T12:02:20.582+0000][1][safepoint    ] Leaving safepoint region
[2019-12-08T12:02:20.582+0000][1][safepoint    ] Total time for which application threads were stopped: 0.0000714 seconds, Stopping threads took: 0.0000179 seconds
[2019-12-08T12:02:21.582+0000][1][safepoint    ] Application time: 1.0000785 seconds
[2019-12-08T12:02:21.582+0000][1][safepoint    ] Entering safepoint region: Cleanup
[2019-12-08T12:02:21.582+0000][1][safepoint    ] Leaving safepoint region
[2019-12-08T12:02:21.582+0000][1][safepoint    ] Total time for which application threads were stopped: 0.0001053 seconds, Stopping threads took: 0.0000455 seconds
[2019-12-08T12:02:22.582+0000][1][safepoint    ] Application time: 1.0000836 seconds
[2019-12-08T12:02:22.582+0000][1][safepoint    ] Entering safepoint region: Cleanup
[2019-12-08T12:02:22.582+0000][1][safepoint    ] Leaving safepoint region
[2019-12-08T12:02:22.582+0000][1][safepoint    ] Total time for which application threads were stopped: 0.0000756 seconds, Stopping threads took: 0.0000170 seconds
[2019-12-08T12:02:23.582+0000][1][safepoint    ] Application time: 1.0000777 seconds
[2019-12-08T12:02:23.582+0000][1][safepoint    ] Entering safepoint region: Cleanup
[2019-12-08T12:02:23.582+0000][1][safepoint    ] Leaving safepoint region
[2019-12-08T12:02:23.582+0000][1][safepoint    ] Total time for which application threads were stopped: 0.0000738 seconds, Stopping threads took: 0.0000196 seconds
[2019-12-08T12:02:24.583+0000][1][safepoint    ] Application time: 1.0000784 seconds
[2019-12-08T12:02:24.583+0000][1][safepoint    ] Entering safepoint region: Cleanup
[2019-12-08T12:02:24.583+0000][1][safepoint    ] Leaving safepoint region
[2019-12-08T12:02:24.583+0000][1][safepoint    ] Total time for which application threads were stopped: 0.0000757 seconds, Stopping threads took: 0.0000206 seconds
[2019-12-08T12:02:25.583+0000][1][safepoint    ] Application time: 1.0000789 seconds
[2019-12-08T12:02:25.583+0000][1][safepoint    ] Entering safepoint region: Cleanup
[2019-12-08T12:02:25.583+0000][1][safepoint    ] Leaving safepoint region
[2019-12-08T12:02:25.583+0000][1][safepoint    ] Total time for which application threads were stopped: 0.0000758 seconds, Stopping threads took: 0.0000200 seconds
[2019-12-08T12:02:26.583+0000][1][safepoint    ] Application time: 1.0000862 seconds
[2019-12-08T12:02:26.583+0000][1][safepoint    ] Entering safepoint region: Cleanup
[2019-12-08T12:02:26.583+0000][1][safepoint    ] Leaving safepoint region
[2019-12-08T12:02:26.583+0000][1][safepoint    ] Total time for which application threads were stopped: 0.0001148 seconds, Stopping threads took: 0.0000507 seconds
[2019-12-08T12:02:27.583+0000][1][safepoint    ] Application time: 1.0000863 seconds
[2019-12-08T12:02:27.583+0000][1][safepoint    ] Entering safepoint region: Cleanup
[2019-12-08T12:02:27.583+0000][1][safepoint    ] Leaving safepoint region
[2019-12-08T12:02:27.583+0000][1][safepoint    ] Total time for which application threads were stopped: 0.0000712 seconds, Stopping threads took: 0.0000180 seconds
[2019-12-08T12:02:28.583+0000][1][safepoint    ] Application time: 1.0000863 seconds
[2019-12-08T12:02:28.583+0000][1][safepoint    ] Entering safepoint region: Cleanup
[2019-12-08T12:02:28.583+0000][1][safepoint    ] Leaving safepoint region
[2019-12-08T12:02:28.583+0000][1][safepoint    ] Total time for which application threads were stopped: 0.0000705 seconds, Stopping threads took: 0.0000180 seconds
[2019-12-08T12:02:29.584+0000][1][safepoint    ] Application time: 1.0000787 seconds
[2019-12-08T12:02:29.584+0000][1][safepoint    ] Entering safepoint region: Cleanup
[2019-12-08T12:02:29.584+0000][1][safepoint    ] Leaving safepoint region
[2019-12-08T12:02:29.584+0000][1][safepoint    ] Total time for which application threads were stopped: 0.0000739 seconds, Stopping threads took: 0.0000207 seconds
[2019-12-08T12:02:30.584+0000][1][safepoint    ] Application time: 1.0000781 seconds
[2019-12-08T12:02:30.584+0000][1][safepoint    ] Entering safepoint region: Cleanup
[2019-12-08T12:02:30.584+0000][1][safepoint    ] Leaving safepoint region
[2019-12-08T12:02:30.584+0000][1][safepoint    ] Total time for which application threads were stopped: 0.0000712 seconds, Stopping threads took: 0.0000191 seconds
[2019-12-08T12:02:31.584+0000][1][safepoint    ] Application time: 1.0000790 seconds
[2019-12-08T12:02:31.584+0000][1][safepoint    ] Entering safepoint region: Cleanup
[2019-12-08T12:02:31.584+0000][1][safepoint    ] Leaving safepoint region
[2019-12-08T12:02:31.584+0000][1][safepoint    ] Total time for which application threads were stopped: 0.0000727 seconds, Stopping threads took: 0.0000185 seconds
[2019-12-08T12:02:32.584+0000][1][safepoint    ] Application time: 1.0000773 seconds
[2019-12-08T12:02:32.584+0000][1][safepoint    ] Entering safepoint region: Cleanup
[2019-12-08T12:02:32.584+0000][1][safepoint    ] Leaving safepoint region
[2019-12-08T12:02:32.584+0000][1][safepoint    ] Total time for which application threads were stopped: 0.0000789 seconds, Stopping threads took: 0.0000181 seconds
[2019-12-08T12:02:33.584+0000][1][safepoint    ] Application time: 1.0000774 seconds
[2019-12-08T12:02:33.584+0000][1][safepoint    ] Entering safepoint region: Cleanup
[2019-12-08T12:02:33.584+0000][1][safepoint    ] Leaving safepoint region
[2019-12-08T12:02:33.584+0000][1][safepoint    ] Total time for which application threads were stopped: 0.0000704 seconds, Stopping threads took: 0.0000188 seconds
[2019-12-08T12:02:34.585+0000][1][safepoint    ] Application time: 1.0000802 seconds
[2019-12-08T12:02:34.585+0000][1][safepoint    ] Entering safepoint region: Cleanup
[2019-12-08T12:02:34.585+0000][1][safepoint    ] Leaving safepoint region
[2019-12-08T12:02:34.585+0000][1][safepoint    ] Total time for which application threads were stopped: 0.0000743 seconds, Stopping threads took: 0.0000204 seconds
[2019-12-08T12:02:35.585+0000][1][safepoint    ] Application time: 1.0000795 seconds
[2019-12-08T12:02:35.585+0000][1][safepoint    ] Entering safepoint region: Cleanup
[2019-12-08T12:02:35.585+0000][1][safepoint    ] Leaving safepoint region
[2019-12-08T12:02:35.585+0000][1][safepoint    ] Total time for which application threads were stopped: 0.0000729 seconds, Stopping threads took: 0.0000182 seconds
[2019-12-08T12:02:36.585+0000][1][safepoint    ] Application time: 1.0000838 seconds
[2019-12-08T12:02:36.585+0000][1][safepoint    ] Entering safepoint region: Cleanup
[2019-12-08T12:02:36.585+0000][1][safepoint    ] Leaving safepoint region
[2019-12-08T12:02:36.585+0000][1][safepoint    ] Total time for which application threads were stopped: 0.0000727 seconds, Stopping threads took: 0.0000191 seconds
[2019-12-08T12:02:37.585+0000][1][safepoint    ] Application time: 1.0000795 seconds
[2019-12-08T12:02:37.585+0000][1][safepoint    ] Entering safepoint region: Cleanup
[2019-12-08T12:02:37.585+0000][1][safepoint    ] Leaving safepoint region
[2019-12-08T12:02:37.585+0000][1][safepoint    ] Total time for which application threads were stopped: 0.0000777 seconds, Stopping threads took: 0.0000207 seconds
[2019-12-08T12:02:38.585+0000][1][safepoint    ] Application time: 1.0000845 seconds
[2019-12-08T12:02:38.585+0000][1][safepoint    ] Entering safepoint region: Cleanup
[2019-12-08T12:02:38.585+0000][1][safepoint    ] Leaving safepoint region
[2019-12-08T12:02:38.585+0000][1][safepoint    ] Total time for which application threads were stopped: 0.0000774 seconds, Stopping threads took: 0.0000201 seconds
[2019-12-08T12:02:39.586+0000][1][safepoint    ] Application time: 1.0000811 seconds
[2019-12-08T12:02:39.586+0000][1][safepoint    ] Entering safepoint region: Cleanup
[2019-12-08T12:02:39.586+0000][1][safepoint    ] Leaving safepoint region
[2019-12-08T12:02:39.586+0000][1][safepoint    ] Total time for which application threads were stopped: 0.0000772 seconds, Stopping threads took: 0.0000196 seconds
[2019-12-08T12:02:40.586+0000][1][safepoint    ] Application time: 1.0000831 seconds
[2019-12-08T12:02:40.586+0000][1][safepoint    ] Entering safepoint region: Cleanup
[2019-12-08T12:02:40.586+0000][1][safepoint    ] Leaving safepoint region
[2019-12-08T12:02:40.586+0000][1][safepoint    ] Total time for which application threads were stopped: 0.0000769 seconds, Stopping threads took: 0.0000210 seconds
[2019-12-08T12:02:41.586+0000][1][safepoint    ] Application time: 1.0000821 seconds
[2019-12-08T12:02:41.586+0000][1][safepoint    ] Entering safepoint region: Cleanup
[2019-12-08T12:02:41.586+0000][1][safepoint    ] Leaving safepoint region
[2019-12-08T12:02:41.586+0000][1][safepoint    ] Total time for which application threads were stopped: 0.0000761 seconds, Stopping threads took: 0.0000205 seconds
[2019-12-08T12:02:42.586+0000][1][safepoint    ] Application time: 1.0000814 seconds
[2019-12-08T12:02:42.586+0000][1][safepoint    ] Entering safepoint region: Cleanup
[2019-12-08T12:02:42.586+0000][1][safepoint    ] Leaving safepoint region
[2019-12-08T12:02:42.586+0000][1][safepoint    ] Total time for which application threads were stopped: 0.0000823 seconds, Stopping threads took: 0.0000198 seconds
[2019-12-08T12:02:43.586+0000][1][safepoint    ] Application time: 1.0000789 seconds
[2019-12-08T12:02:43.586+0000][1][safepoint    ] Entering safepoint region: Cleanup
[2019-12-08T12:02:43.586+0000][1][safepoint    ] Leaving safepoint region
[2019-12-08T12:02:43.586+0000][1][safepoint    ] Total time for which application threads were stopped: 0.0000771 seconds, Stopping threads took: 0.0000201 seconds
[2019-12-08T12:02:44.587+0000][1][safepoint    ] Application time: 1.0000838 seconds
[2019-12-08T12:02:44.587+0000][1][safepoint    ] Entering safepoint region: Cleanup
[2019-12-08T12:02:44.587+0000][1][safepoint    ] Leaving safepoint region
[2019-12-08T12:02:44.587+0000][1][safepoint    ] Total time for which application threads were stopped: 0.0000754 seconds, Stopping threads took: 0.0000196 seconds
[2019-12-08T12:02:45.587+0000][1][safepoint    ] Application time: 1.0000853 seconds
[2019-12-08T12:02:45.587+0000][1][safepoint    ] Entering safepoint region: Cleanup
[2019-12-08T12:02:45.587+0000][1][safepoint    ] Leaving safepoint region
[2019-12-08T12:02:45.587+0000][1][safepoint    ] Total time for which application threads were stopped: 0.0000748 seconds, Stopping threads took: 0.0000188 seconds
[2019-12-08T12:02:46.587+0000][1][safepoint    ] Application time: 1.0000857 seconds
[2019-12-08T12:02:46.587+0000][1][safepoint    ] Entering safepoint region: Cleanup
[2019-12-08T12:02:46.587+0000][1][safepoint    ] Leaving safepoint region
[2019-12-08T12:02:46.587+0000][1][safepoint    ] Total time for which application threads were stopped: 0.0000764 seconds, Stopping threads took: 0.0000203 seconds
[2019-12-08T12:02:47.587+0000][1][safepoint    ] Application time: 1.0000997 seconds
[2019-12-08T12:02:47.587+0000][1][safepoint    ] Entering safepoint region: Cleanup
[2019-12-08T12:02:47.587+0000][1][safepoint    ] Leaving safepoint region
[2019-12-08T12:02:47.587+0000][1][safepoint    ] Total time for which application threads were stopped: 0.0000744 seconds, Stopping threads took: 0.0000202 seconds
[2019-12-08T12:02:48.587+0000][1][safepoint    ] Application time: 1.0000927 seconds
[2019-12-08T12:02:48.587+0000][1][safepoint    ] Entering safepoint region: Cleanup
[2019-12-08T12:02:48.587+0000][1][safepoint    ] Leaving safepoint region
[2019-12-08T12:02:48.587+0000][1][safepoint    ] Total time for which application threads were stopped: 0.0000780 seconds, Stopping threads took: 0.0000222 seconds
[2019-12-08T12:02:49.588+0000][1][safepoint    ] Application time: 1.0001016 seconds
[2019-12-08T12:02:49.588+0000][1][safepoint    ] Entering safepoint region: Cleanup
[2019-12-08T12:02:49.588+0000][1][safepoint    ] Leaving safepoint region
[2019-12-08T12:02:49.588+0000][1][safepoint    ] Total time for which application threads were stopped: 0.0000910 seconds, Stopping threads took: 0.0000202 seconds
[2019-12-08T12:02:50.588+0000][1][safepoint    ] Application time: 1.0000830 seconds
[2019-12-08T12:02:50.588+0000][1][safepoint    ] Entering safepoint region: Cleanup
[2019-12-08T12:02:50.588+0000][1][safepoint    ] Leaving safepoint region
[2019-12-08T12:02:50.588+0000][1][safepoint    ] Total time for which application threads were stopped: 0.0000740 seconds, Stopping threads took: 0.0000205 seconds
[2019-12-08T12:02:51.588+0000][1][safepoint    ] Application time: 1.0000838 seconds
[2019-12-08T12:02:51.588+0000][1][safepoint    ] Entering safepoint region: Cleanup
[2019-12-08T12:02:51.588+0000][1][safepoint    ] Leaving safepoint region
[2019-12-08T12:02:51.588+0000][1][safepoint    ] Total time for which application threads were stopped: 0.0000729 seconds, Stopping threads took: 0.0000192 seconds
[2019-12-08T12:02:52.588+0000][1][safepoint    ] Application time: 1.0000892 seconds
[2019-12-08T12:02:52.588+0000][1][safepoint    ] Entering safepoint region: Cleanup
[2019-12-08T12:02:52.588+0000][1][safepoint    ] Leaving safepoint region
[2019-12-08T12:02:52.588+0000][1][safepoint    ] Total time for which application threads were stopped: 0.0000733 seconds, Stopping threads took: 0.0000199 seconds
[2019-12-08T12:02:53.588+0000][1][safepoint    ] Application time: 1.0000954 seconds
[2019-12-08T12:02:53.588+0000][1][safepoint    ] Entering safepoint region: Cleanup
[2019-12-08T12:02:53.589+0000][1][safepoint    ] Leaving safepoint region
[2019-12-08T12:02:53.589+0000][1][safepoint    ] Total time for which application threads were stopped: 0.0000762 seconds, Stopping threads took: 0.0000194 seconds
[2019-12-08T12:02:54.589+0000][1][safepoint    ] Application time: 1.0000845 seconds
[2019-12-08T12:02:54.589+0000][1][safepoint    ] Entering safepoint region: Cleanup
[2019-12-08T12:02:54.589+0000][1][safepoint    ] Leaving safepoint region
[2019-12-08T12:02:54.589+0000][1][safepoint    ] Total time for which application threads were stopped: 0.0000765 seconds, Stopping threads took: 0.0000214 seconds
[2019-12-08T12:02:55.589+0000][1][safepoint    ] Application time: 1.0000851 seconds
[2019-12-08T12:02:55.589+0000][1][safepoint    ] Entering safepoint region: Cleanup
[2019-12-08T12:02:55.589+0000][1][safepoint    ] Leaving safepoint region
[2019-12-08T12:02:55.589+0000][1][safepoint    ] Total time for which application threads were stopped: 0.0000741 seconds, Stopping threads took: 0.0000193 seconds
[2019-12-08T12:02:56.589+0000][1][safepoint    ] Application time: 1.0000940 seconds
[2019-12-08T12:02:56.589+0000][1][safepoint    ] Entering safepoint region: Cleanup
[2019-12-08T12:02:56.589+0000][1][safepoint    ] Leaving safepoint region
[2019-12-08T12:02:56.589+0000][1][safepoint    ] Total time for which application threads were stopped: 0.0001061 seconds, Stopping threads took: 0.0000280 seconds
[2019-12-08T12:02:57.589+0000][1][safepoint    ] Application time: 1.0000856 seconds
[2019-12-08T12:02:57.589+0000][1][safepoint    ] Entering safepoint region: Cleanup
[2019-12-08T12:02:57.589+0000][1][safepoint    ] Leaving safepoint region
[2019-12-08T12:02:57.589+0000][1][safepoint    ] Total time for which application threads were stopped: 0.0000763 seconds, Stopping threads took: 0.0000207 seconds
[2019-12-08T12:02:58.590+0000][1][safepoint    ] Application time: 1.0000854 seconds
[2019-12-08T12:02:58.590+0000][1][safepoint    ] Entering safepoint region: Cleanup
[2019-12-08T12:02:58.590+0000][1][safepoint    ] Leaving safepoint region
[2019-12-08T12:02:58.590+0000][1][safepoint    ] Total time for which application threads were stopped: 0.0000962 seconds, Stopping threads took: 0.0000236 seconds
[2019-12-08T12:02:59.590+0000][1][safepoint    ] Application time: 1.0000915 seconds
[2019-12-08T12:02:59.590+0000][1][safepoint    ] Entering safepoint region: Cleanup
[2019-12-08T12:02:59.590+0000][1][safepoint    ] Leaving safepoint region
[2019-12-08T12:02:59.590+0000][1][safepoint    ] Total time for which application threads were stopped: 0.0000810 seconds, Stopping threads took: 0.0000258 seconds
[2019-12-08T12:03:00.590+0000][1][safepoint    ] Application time: 1.0000770 seconds
[2019-12-08T12:03:00.590+0000][1][safepoint    ] Entering safepoint region: Cleanup
[2019-12-08T12:03:00.590+0000][1][safepoint    ] Leaving safepoint region
[2019-12-08T12:03:00.590+0000][1][safepoint    ] Total time for which application threads were stopped: 0.0000711 seconds, Stopping threads took: 0.0000186 seconds
[2019-12-08T12:03:01.590+0000][1][safepoint    ] Application time: 1.0000857 seconds
[2019-12-08T12:03:01.590+0000][1][safepoint    ] Entering safepoint region: Cleanup
[2019-12-08T12:03:01.590+0000][1][safepoint    ] Leaving safepoint region
[2019-12-08T12:03:01.590+0000][1][safepoint    ] Total time for which application threads were stopped: 0.0000801 seconds, Stopping threads took: 0.0000212 seconds
[2019-12-08T12:03:02.590+0000][1][safepoint    ] Application time: 1.0000814 seconds
[2019-12-08T12:03:02.590+0000][1][safepoint    ] Entering safepoint region: Cleanup
[2019-12-08T12:03:02.590+0000][1][safepoint    ] Leaving safepoint region
[2019-12-08T12:03:02.590+0000][1][safepoint    ] Total time for which application threads were stopped: 0.0000716 seconds, Stopping threads took: 0.0000176 seconds
[2019-12-08T12:03:03.591+0000][1][safepoint    ] Application time: 1.0000833 seconds
[2019-12-08T12:03:03.591+0000][1][safepoint    ] Entering safepoint region: Cleanup
[2019-12-08T12:03:03.591+0000][1][safepoint    ] Leaving safepoint region
[2019-12-08T12:03:03.591+0000][1][safepoint    ] Total time for which application threads were stopped: 0.0001884 seconds, Stopping threads took: 0.0000177 seconds
[2019-12-08T12:03:05.471+0000][1][safepoint    ] Application time: 1.8799840 seconds
[2019-12-08T12:03:05.471+0000][1][safepoint    ] Entering safepoint region: Cleanup
[2019-12-08T12:03:05.471+0000][1][safepoint    ] Leaving safepoint region
[2019-12-08T12:03:05.471+0000][1][safepoint    ] Total time for which application threads were stopped: 0.0001012 seconds, Stopping threads took: 0.0000193 seconds
[2019-12-08T12:03:06.471+0000][1][safepoint    ] Application time: 1.0000843 seconds
[2019-12-08T12:03:06.471+0000][1][safepoint    ] Entering safepoint region: Cleanup
[2019-12-08T12:03:06.471+0000][1][safepoint    ] Leaving safepoint region
[2019-12-08T12:03:06.471+0000][1][safepoint    ] Total time for which application threads were stopped: 0.0000969 seconds, Stopping threads took: 0.0000328 seconds
[2019-12-08T12:03:07.471+0000][1][safepoint    ] Application time: 1.0000829 seconds
[2019-12-08T12:03:07.471+0000][1][safepoint    ] Entering safepoint region: Cleanup
[2019-12-08T12:03:07.471+0000][1][safepoint    ] Leaving safepoint region
[2019-12-08T12:03:07.471+0000][1][safepoint    ] Total time for which application threads were stopped: 0.0000725 seconds, Stopping threads took: 0.0000191 seconds
[2019-12-08T12:03:08.471+0000][1][safepoint    ] Application time: 1.0000825 seconds
[2019-12-08T12:03:08.471+0000][1][safepoint    ] Entering safepoint region: Cleanup
[2019-12-08T12:03:08.472+0000][1][safepoint    ] Leaving safepoint region
[2019-12-08T12:03:08.472+0000][1][safepoint    ] Total time for which application threads were stopped: 0.0000730 seconds, Stopping threads took: 0.0000196 seconds
[2019-12-08T12:03:09.472+0000][1][safepoint    ] Application time: 1.0000809 seconds
[2019-12-08T12:03:09.472+0000][1][safepoint    ] Entering safepoint region: Cleanup
[2019-12-08T12:03:09.472+0000][1][safepoint    ] Leaving safepoint region
[2019-12-08T12:03:09.472+0000][1][safepoint    ] Total time for which application threads were stopped: 0.0000864 seconds, Stopping threads took: 0.0000181 seconds
[2019-12-08T12:03:10.472+0000][1][safepoint    ] Application time: 1.0001315 seconds
[2019-12-08T12:03:10.472+0000][1][safepoint    ] Entering safepoint region: Cleanup
[2019-12-08T12:03:10.472+0000][1][safepoint    ] Leaving safepoint region
[2019-12-08T12:03:10.472+0000][1][safepoint    ] Total time for which application threads were stopped: 0.0000724 seconds, Stopping threads took: 0.0000182 seconds
[2019-12-08T12:03:11.472+0000][1][safepoint    ] Application time: 1.0000867 seconds
[2019-12-08T12:03:11.472+0000][1][safepoint    ] Entering safepoint region: Cleanup
[2019-12-08T12:03:11.472+0000][1][safepoint    ] Leaving safepoint region
[2019-12-08T12:03:11.472+0000][1][safepoint    ] Total time for which application threads were stopped: 0.0000847 seconds, Stopping threads took: 0.0000240 seconds
[2019-12-08T12:03:12.193+0000][1][safepoint    ] Application time: 0.7206887 seconds
[2019-12-08T12:03:12.193+0000][1][safepoint    ] Entering safepoint region: GenCollectForAllocation
[2019-12-08T12:03:12.193+0000][1][gc,start     ] GC(30) Pause Young (Allocation Failure)
[2019-12-08T12:03:12.193+0000][1][gc,task      ] GC(30) Using 4 workers of 4 for evacuation
[2019-12-08T12:03:12.195+0000][1][gc,age       ] GC(30) Desired survivor size 4456448 bytes, new threshold 6 (max threshold 6)
[2019-12-08T12:03:12.195+0000][1][gc,age       ] GC(30) Age table with threshold 6 (max threshold 6)
[2019-12-08T12:03:12.195+0000][1][gc,age       ] GC(30) - age   1:      10160 bytes,      10160 total
[2019-12-08T12:03:12.195+0000][1][gc,age       ] GC(30) - age   2:       2128 bytes,      12288 total
[2019-12-08T12:03:12.195+0000][1][gc,age       ] GC(30) - age   3:       2440 bytes,      14728 total
[2019-12-08T12:03:12.195+0000][1][gc,age       ] GC(30) - age   4:        592 bytes,      15320 total
[2019-12-08T12:03:12.195+0000][1][gc,age       ] GC(30) - age   5:       6552 bytes,      21872 total
[2019-12-08T12:03:12.195+0000][1][gc,age       ] GC(30) - age   6:       1680 bytes,      23552 total
[2019-12-08T12:03:12.195+0000][1][gc,heap      ] GC(30) ParNew: 70136K->49K(78656K)
[2019-12-08T12:03:12.195+0000][1][gc,heap      ] GC(30) CMS: 70438K->70445K(174784K)
[2019-12-08T12:03:12.195+0000][1][gc,metaspace ] GC(30) Metaspace: 69075K->69075K(1112064K)
[2019-12-08T12:03:12.195+0000][1][gc           ] GC(30) Pause Young (Allocation Failure) 137M->68M(247M) 1.750ms
[2019-12-08T12:03:12.195+0000][1][gc,cpu       ] GC(30) User=0.00s Sys=0.00s Real=0.00s
[2019-12-08T12:03:12.195+0000][1][safepoint    ] Leaving safepoint region
[2019-12-08T12:03:12.195+0000][1][safepoint    ] Total time for which application threads were stopped: 0.0019209 seconds, Stopping threads took: 0.0000203 seconds
[2019-12-08T12:03:13.195+0000][1][safepoint    ] Application time: 1.0000928 seconds
[2019-12-08T12:03:13.195+0000][1][safepoint    ] Entering safepoint region: Cleanup
[2019-12-08T12:03:13.195+0000][1][safepoint    ] Leaving safepoint region
[2019-12-08T12:03:13.195+0000][1][safepoint    ] Total time for which application threads were stopped: 0.0000783 seconds, Stopping threads took: 0.0000221 seconds
[2019-12-08T12:03:14.195+0000][1][safepoint    ] Application time: 1.0000890 seconds
[2019-12-08T12:03:14.195+0000][1][safepoint    ] Entering safepoint region: Cleanup
[2019-12-08T12:03:14.195+0000][1][safepoint    ] Leaving safepoint region
[2019-12-08T12:03:14.195+0000][1][safepoint    ] Total time for which application threads were stopped: 0.0000740 seconds, Stopping threads took: 0.0000192 seconds
[2019-12-08T12:03:15.195+0000][1][safepoint    ] Application time: 1.0000803 seconds
[2019-12-08T12:03:15.195+0000][1][safepoint    ] Entering safepoint region: Cleanup
[2019-12-08T12:03:15.195+0000][1][safepoint    ] Leaving safepoint region
[2019-12-08T12:03:15.195+0000][1][safepoint    ] Total time for which application threads were stopped: 0.0000734 seconds, Stopping threads took: 0.0000197 seconds
[2019-12-08T12:03:16.196+0000][1][safepoint    ] Application time: 1.0000769 seconds
[2019-12-08T12:03:16.196+0000][1][safepoint    ] Entering safepoint region: Cleanup
[2019-12-08T12:03:16.196+0000][1][safepoint    ] Leaving safepoint region
[2019-12-08T12:03:16.196+0000][1][safepoint    ] Total time for which application threads were stopped: 0.0000898 seconds, Stopping threads took: 0.0000191 seconds
[2019-12-08T12:03:17.196+0000][1][safepoint    ] Application time: 1.0000758 seconds
[2019-12-08T12:03:17.196+0000][1][safepoint    ] Entering safepoint region: Cleanup
[2019-12-08T12:03:17.196+0000][1][safepoint    ] Leaving safepoint region
[2019-12-08T12:03:17.196+0000][1][safepoint    ] Total time for which application threads were stopped: 0.0000721 seconds, Stopping threads took: 0.0000191 seconds
[2019-12-08T12:03:18.196+0000][1][safepoint    ] Application time: 1.0000777 seconds
[2019-12-08T12:03:18.196+0000][1][safepoint    ] Entering safepoint region: Cleanup
[2019-12-08T12:03:18.196+0000][1][safepoint    ] Leaving safepoint region
[2019-12-08T12:03:18.196+0000][1][safepoint    ] Total time for which application threads were stopped: 0.0000722 seconds, Stopping threads took: 0.0000198 seconds
[2019-12-08T12:03:19.196+0000][1][safepoint    ] Application time: 1.0000824 seconds
[2019-12-08T12:03:19.196+0000][1][safepoint    ] Entering safepoint region: Cleanup
[2019-12-08T12:03:19.196+0000][1][safepoint    ] Leaving safepoint region
[2019-12-08T12:03:19.196+0000][1][safepoint    ] Total time for which application threads were stopped: 0.0000747 seconds, Stopping threads took: 0.0000200 seconds
[2019-12-08T12:03:20.196+0000][1][safepoint    ] Application time: 1.0000801 seconds
[2019-12-08T12:03:20.196+0000][1][safepoint    ] Entering safepoint region: Cleanup
[2019-12-08T12:03:20.196+0000][1][safepoint    ] Leaving safepoint region
[2019-12-08T12:03:20.196+0000][1][safepoint    ] Total time for which application threads were stopped: 0.0000730 seconds, Stopping threads took: 0.0000199 seconds
[2019-12-08T12:03:21.197+0000][1][safepoint    ] Application time: 1.0000787 seconds
[2019-12-08T12:03:21.197+0000][1][safepoint    ] Entering safepoint region: Cleanup
[2019-12-08T12:03:21.197+0000][1][safepoint    ] Leaving safepoint region
[2019-12-08T12:03:21.197+0000][1][safepoint    ] Total time for which application threads were stopped: 0.0000761 seconds, Stopping threads took: 0.0000194 seconds
[2019-12-08T12:03:22.197+0000][1][safepoint    ] Application time: 1.0000768 seconds
[2019-12-08T12:03:22.197+0000][1][safepoint    ] Entering safepoint region: Cleanup
[2019-12-08T12:03:22.197+0000][1][safepoint    ] Leaving safepoint region
[2019-12-08T12:03:22.197+0000][1][safepoint    ] Total time for which application threads were stopped: 0.0000740 seconds, Stopping threads took: 0.0000190 seconds
[2019-12-08T12:03:23.604+0000][1][safepoint    ] Application time: 1.4073743 seconds
[2019-12-08T12:03:23.604+0000][1][safepoint    ] Entering safepoint region: Cleanup
[2019-12-08T12:03:23.604+0000][1][safepoint    ] Leaving safepoint region
[2019-12-08T12:03:23.604+0000][1][safepoint    ] Total time for which application threads were stopped: 0.0000686 seconds, Stopping threads took: 0.0000174 seconds
[2019-12-08T12:03:24.604+0000][1][safepoint    ] Application time: 1.0000765 seconds
[2019-12-08T12:03:24.604+0000][1][safepoint    ] Entering safepoint region: Cleanup
[2019-12-08T12:03:24.605+0000][1][safepoint    ] Leaving safepoint region
[2019-12-08T12:03:24.605+0000][1][safepoint    ] Total time for which application threads were stopped: 0.0000737 seconds, Stopping threads took: 0.0000189 seconds
[2019-12-08T12:03:25.605+0000][1][safepoint    ] Application time: 1.0000787 seconds
[2019-12-08T12:03:25.605+0000][1][safepoint    ] Entering safepoint region: Cleanup
[2019-12-08T12:03:25.605+0000][1][safepoint    ] Leaving safepoint region
[2019-12-08T12:03:25.605+0000][1][safepoint    ] Total time for which application threads were stopped: 0.0000851 seconds, Stopping threads took: 0.0000318 seconds
[2019-12-08T12:03:26.605+0000][1][safepoint    ] Application time: 1.0000830 seconds
[2019-12-08T12:03:26.605+0000][1][safepoint    ] Entering safepoint region: Cleanup
[2019-12-08T12:03:26.605+0000][1][safepoint    ] Leaving safepoint region
[2019-12-08T12:03:26.605+0000][1][safepoint    ] Total time for which application threads were stopped: 0.0000822 seconds, Stopping threads took: 0.0000230 seconds
[2019-12-08T12:03:27.605+0000][1][safepoint    ] Application time: 1.0000928 seconds
[2019-12-08T12:03:27.605+0000][1][safepoint    ] Entering safepoint region: Cleanup
[2019-12-08T12:03:27.605+0000][1][safepoint    ] Leaving safepoint region
[2019-12-08T12:03:27.605+0000][1][safepoint    ] Total time for which application threads were stopped: 0.0000729 seconds, Stopping threads took: 0.0000183 seconds
[2019-12-08T12:03:28.605+0000][1][safepoint    ] Application time: 1.0000772 seconds
[2019-12-08T12:03:28.605+0000][1][safepoint    ] Entering safepoint region: Cleanup
[2019-12-08T12:03:28.605+0000][1][safepoint    ] Leaving safepoint region
[2019-12-08T12:03:28.605+0000][1][safepoint    ] Total time for which application threads were stopped: 0.0000705 seconds, Stopping threads took: 0.0000175 seconds
[2019-12-08T12:03:29.605+0000][1][safepoint    ] Application time: 1.0000746 seconds
[2019-12-08T12:03:29.605+0000][1][safepoint    ] Entering safepoint region: Cleanup
[2019-12-08T12:03:29.606+0000][1][safepoint    ] Leaving safepoint region
[2019-12-08T12:03:29.606+0000][1][safepoint    ] Total time for which application threads were stopped: 0.0000696 seconds, Stopping threads took: 0.0000164 seconds
[2019-12-08T12:03:30.606+0000][1][safepoint    ] Application time: 1.0000788 seconds
[2019-12-08T12:03:30.606+0000][1][safepoint    ] Entering safepoint region: Cleanup
[2019-12-08T12:03:30.606+0000][1][safepoint    ] Leaving safepoint region
[2019-12-08T12:03:30.606+0000][1][safepoint    ] Total time for which application threads were stopped: 0.0000773 seconds, Stopping threads took: 0.0000234 seconds
[2019-12-08T12:03:31.606+0000][1][safepoint    ] Application time: 1.0000753 seconds
[2019-12-08T12:03:31.606+0000][1][safepoint    ] Entering safepoint region: Cleanup
[2019-12-08T12:03:31.606+0000][1][safepoint    ] Leaving safepoint region
[2019-12-08T12:03:31.606+0000][1][safepoint    ] Total time for which application threads were stopped: 0.0000746 seconds, Stopping threads took: 0.0000199 seconds
[2019-12-08T12:03:32.606+0000][1][safepoint    ] Application time: 1.0000754 seconds
[2019-12-08T12:03:32.606+0000][1][safepoint    ] Entering safepoint region: Cleanup
[2019-12-08T12:03:32.606+0000][1][safepoint    ] Leaving safepoint region
[2019-12-08T12:03:32.606+0000][1][safepoint    ] Total time for which application threads were stopped: 0.0000691 seconds, Stopping threads took: 0.0000174 seconds
[2019-12-08T12:03:33.606+0000][1][safepoint    ] Application time: 1.0000790 seconds
[2019-12-08T12:03:33.606+0000][1][safepoint    ] Entering safepoint region: Cleanup
[2019-12-08T12:03:33.606+0000][1][safepoint    ] Leaving safepoint region
[2019-12-08T12:03:33.606+0000][1][safepoint    ] Total time for which application threads were stopped: 0.0000702 seconds, Stopping threads took: 0.0000179 seconds
[2019-12-08T12:03:34.606+0000][1][safepoint    ] Application time: 1.0000763 seconds
[2019-12-08T12:03:34.606+0000][1][safepoint    ] Entering safepoint region: Cleanup
[2019-12-08T12:03:34.607+0000][1][safepoint    ] Leaving safepoint region
[2019-12-08T12:03:34.607+0000][1][safepoint    ] Total time for which application threads were stopped: 0.0000698 seconds, Stopping threads took: 0.0000171 seconds
[2019-12-08T12:03:35.607+0000][1][safepoint    ] Application time: 1.0000765 seconds
[2019-12-08T12:03:35.607+0000][1][safepoint    ] Entering safepoint region: Cleanup
[2019-12-08T12:03:35.607+0000][1][safepoint    ] Leaving safepoint region
[2019-12-08T12:03:35.607+0000][1][safepoint    ] Total time for which application threads were stopped: 0.0000851 seconds, Stopping threads took: 0.0000181 seconds
[2019-12-08T12:03:36.607+0000][1][safepoint    ] Application time: 1.0000768 seconds
[2019-12-08T12:03:36.607+0000][1][safepoint    ] Entering safepoint region: Cleanup
[2019-12-08T12:03:36.607+0000][1][safepoint    ] Leaving safepoint region
[2019-12-08T12:03:36.607+0000][1][safepoint    ] Total time for which application threads were stopped: 0.0001096 seconds, Stopping threads took: 0.0000472 seconds
[2019-12-08T12:03:37.607+0000][1][safepoint    ] Application time: 1.0000846 seconds
[2019-12-08T12:03:37.607+0000][1][safepoint    ] Entering safepoint region: Cleanup
[2019-12-08T12:03:37.607+0000][1][safepoint    ] Leaving safepoint region
[2019-12-08T12:03:37.607+0000][1][safepoint    ] Total time for which application threads were stopped: 0.0000741 seconds, Stopping threads took: 0.0000181 seconds
[2019-12-08T12:03:38.607+0000][1][safepoint    ] Application time: 1.0000780 seconds
[2019-12-08T12:03:38.607+0000][1][safepoint    ] Entering safepoint region: Cleanup
[2019-12-08T12:03:38.607+0000][1][safepoint    ] Leaving safepoint region
[2019-12-08T12:03:38.607+0000][1][safepoint    ] Total time for which application threads were stopped: 0.0000726 seconds, Stopping threads took: 0.0000194 seconds
[2019-12-08T12:03:39.607+0000][1][safepoint    ] Application time: 1.0000776 seconds
[2019-12-08T12:03:39.607+0000][1][safepoint    ] Entering safepoint region: Cleanup
[2019-12-08T12:03:39.608+0000][1][safepoint    ] Leaving safepoint region
[2019-12-08T12:03:39.608+0000][1][safepoint    ] Total time for which application threads were stopped: 0.0000655 seconds, Stopping threads took: 0.0000156 seconds
[2019-12-08T12:03:40.608+0000][1][safepoint    ] Application time: 1.0000760 seconds
[2019-12-08T12:03:40.608+0000][1][safepoint    ] Entering safepoint region: Cleanup
[2019-12-08T12:03:40.608+0000][1][safepoint    ] Leaving safepoint region
[2019-12-08T12:03:40.608+0000][1][safepoint    ] Total time for which application threads were stopped: 0.0000894 seconds, Stopping threads took: 0.0000253 seconds
[2019-12-08T12:03:41.608+0000][1][safepoint    ] Application time: 1.0000792 seconds
[2019-12-08T12:03:41.608+0000][1][safepoint    ] Entering safepoint region: Cleanup
[2019-12-08T12:03:41.608+0000][1][safepoint    ] Leaving safepoint region
[2019-12-08T12:03:41.608+0000][1][safepoint    ] Total time for which application threads were stopped: 0.0000763 seconds, Stopping threads took: 0.0000173 seconds
[2019-12-08T12:03:42.608+0000][1][safepoint    ] Application time: 1.0000850 seconds
[2019-12-08T12:03:42.608+0000][1][safepoint    ] Entering safepoint region: Cleanup
[2019-12-08T12:03:42.608+0000][1][safepoint    ] Leaving safepoint region
[2019-12-08T12:03:42.608+0000][1][safepoint    ] Total time for which application threads were stopped: 0.0000739 seconds, Stopping threads took: 0.0000195 seconds
[2019-12-08T12:03:43.608+0000][1][safepoint    ] Application time: 1.0000788 seconds
[2019-12-08T12:03:43.608+0000][1][safepoint    ] Entering safepoint region: Cleanup
[2019-12-08T12:03:43.608+0000][1][safepoint    ] Leaving safepoint region
[2019-12-08T12:03:43.608+0000][1][safepoint    ] Total time for which application threads were stopped: 0.0000748 seconds, Stopping threads took: 0.0000212 seconds
[2019-12-08T12:03:44.608+0000][1][safepoint    ] Application time: 1.0000829 seconds
[2019-12-08T12:03:44.608+0000][1][safepoint    ] Entering safepoint region: Cleanup
[2019-12-08T12:03:44.609+0000][1][safepoint    ] Leaving safepoint region
[2019-12-08T12:03:44.609+0000][1][safepoint    ] Total time for which application threads were stopped: 0.0000764 seconds, Stopping threads took: 0.0000204 seconds
[2019-12-08T12:03:45.609+0000][1][safepoint    ] Application time: 1.0000875 seconds
[2019-12-08T12:03:45.609+0000][1][safepoint    ] Entering safepoint region: Cleanup
[2019-12-08T12:03:45.609+0000][1][safepoint    ] Leaving safepoint region
[2019-12-08T12:03:45.609+0000][1][safepoint    ] Total time for which application threads were stopped: 0.0000955 seconds, Stopping threads took: 0.0000362 seconds
[2019-12-08T12:03:46.609+0000][1][safepoint    ] Application time: 1.0000839 seconds
[2019-12-08T12:03:46.609+0000][1][safepoint    ] Entering safepoint region: Cleanup
[2019-12-08T12:03:46.609+0000][1][safepoint    ] Leaving safepoint region
[2019-12-08T12:03:46.609+0000][1][safepoint    ] Total time for which application threads were stopped: 0.0001074 seconds, Stopping threads took: 0.0000478 seconds
[2019-12-08T12:03:47.609+0000][1][safepoint    ] Application time: 1.0000878 seconds
[2019-12-08T12:03:47.609+0000][1][safepoint    ] Entering safepoint region: Cleanup
[2019-12-08T12:03:47.609+0000][1][safepoint    ] Leaving safepoint region
[2019-12-08T12:03:47.609+0000][1][safepoint    ] Total time for which application threads were stopped: 0.0000742 seconds, Stopping threads took: 0.0000201 seconds
[2019-12-08T12:03:48.609+0000][1][safepoint    ] Application time: 1.0000799 seconds
[2019-12-08T12:03:48.609+0000][1][safepoint    ] Entering safepoint region: Cleanup
[2019-12-08T12:03:48.609+0000][1][safepoint    ] Leaving safepoint region
[2019-12-08T12:03:48.609+0000][1][safepoint    ] Total time for which application threads were stopped: 0.0000791 seconds, Stopping threads took: 0.0000191 seconds
[2019-12-08T12:03:49.609+0000][1][safepoint    ] Application time: 1.0000777 seconds
[2019-12-08T12:03:49.610+0000][1][safepoint    ] Entering safepoint region: Cleanup
[2019-12-08T12:03:49.610+0000][1][safepoint    ] Leaving safepoint region
[2019-12-08T12:03:49.610+0000][1][safepoint    ] Total time for which application threads were stopped: 0.0000734 seconds, Stopping threads took: 0.0000195 seconds
[2019-12-08T12:03:50.610+0000][1][safepoint    ] Application time: 1.0000938 seconds
[2019-12-08T12:03:50.610+0000][1][safepoint    ] Entering safepoint region: Cleanup
[2019-12-08T12:03:50.610+0000][1][safepoint    ] Leaving safepoint region
[2019-12-08T12:03:50.610+0000][1][safepoint    ] Total time for which application threads were stopped: 0.0000805 seconds, Stopping threads took: 0.0000267 seconds
[2019-12-08T12:03:51.610+0000][1][safepoint    ] Application time: 1.0000810 seconds
[2019-12-08T12:03:51.610+0000][1][safepoint    ] Entering safepoint region: Cleanup
[2019-12-08T12:03:51.610+0000][1][safepoint    ] Leaving safepoint region
[2019-12-08T12:03:51.610+0000][1][safepoint    ] Total time for which application threads were stopped: 0.0000729 seconds, Stopping threads took: 0.0000190 seconds
[2019-12-08T12:03:52.610+0000][1][safepoint    ] Application time: 1.0000776 seconds
[2019-12-08T12:03:52.610+0000][1][safepoint    ] Entering safepoint region: Cleanup
[2019-12-08T12:03:52.610+0000][1][safepoint    ] Leaving safepoint region
[2019-12-08T12:03:52.610+0000][1][safepoint    ] Total time for which application threads were stopped: 0.0000746 seconds, Stopping threads took: 0.0000204 seconds
[2019-12-08T12:03:53.610+0000][1][safepoint    ] Application time: 1.0000786 seconds
[2019-12-08T12:03:53.610+0000][1][safepoint    ] Entering safepoint region: Cleanup
[2019-12-08T12:03:53.610+0000][1][safepoint    ] Leaving safepoint region
[2019-12-08T12:03:53.610+0000][1][safepoint    ] Total time for which application threads were stopped: 0.0000757 seconds, Stopping threads took: 0.0000205 seconds
[2019-12-08T12:03:54.610+0000][1][safepoint    ] Application time: 1.0000764 seconds
[2019-12-08T12:03:54.611+0000][1][safepoint    ] Entering safepoint region: Cleanup
[2019-12-08T12:03:54.611+0000][1][safepoint    ] Leaving safepoint region
[2019-12-08T12:03:54.611+0000][1][safepoint    ] Total time for which application threads were stopped: 0.0000751 seconds, Stopping threads took: 0.0000217 seconds
[2019-12-08T12:03:55.611+0000][1][safepoint    ] Application time: 1.0000855 seconds
[2019-12-08T12:03:55.611+0000][1][safepoint    ] Entering safepoint region: Cleanup
[2019-12-08T12:03:55.611+0000][1][safepoint    ] Leaving safepoint region
[2019-12-08T12:03:55.611+0000][1][safepoint    ] Total time for which application threads were stopped: 0.0000729 seconds, Stopping threads took: 0.0000190 seconds
[2019-12-08T12:03:56.611+0000][1][safepoint    ] Application time: 1.0000763 seconds
[2019-12-08T12:03:56.611+0000][1][safepoint    ] Entering safepoint region: Cleanup
[2019-12-08T12:03:56.611+0000][1][safepoint    ] Leaving safepoint region
[2019-12-08T12:03:56.611+0000][1][safepoint    ] Total time for which application threads were stopped: 0.0000723 seconds, Stopping threads took: 0.0000188 seconds
[2019-12-08T12:03:57.611+0000][1][safepoint    ] Application time: 1.0000885 seconds
[2019-12-08T12:03:57.611+0000][1][safepoint    ] Entering safepoint region: Cleanup
[2019-12-08T12:03:57.611+0000][1][safepoint    ] Leaving safepoint region
[2019-12-08T12:03:57.611+0000][1][safepoint    ] Total time for which application threads were stopped: 0.0000737 seconds, Stopping threads took: 0.0000203 seconds
[2019-12-08T12:03:58.611+0000][1][safepoint    ] Application time: 1.0000920 seconds
[2019-12-08T12:03:58.611+0000][1][safepoint    ] Entering safepoint region: Cleanup
[2019-12-08T12:03:58.611+0000][1][safepoint    ] Leaving safepoint region
[2019-12-08T12:03:58.611+0000][1][safepoint    ] Total time for which application threads were stopped: 0.0000780 seconds, Stopping threads took: 0.0000215 seconds
[2019-12-08T12:03:59.612+0000][1][safepoint    ] Application time: 1.0000899 seconds
[2019-12-08T12:03:59.612+0000][1][safepoint    ] Entering safepoint region: Cleanup
[2019-12-08T12:03:59.612+0000][1][safepoint    ] Leaving safepoint region
[2019-12-08T12:03:59.612+0000][1][safepoint    ] Total time for which application threads were stopped: 0.0000853 seconds, Stopping threads took: 0.0000282 seconds
[2019-12-08T12:04:00.612+0000][1][safepoint    ] Application time: 1.0000929 seconds
[2019-12-08T12:04:00.612+0000][1][safepoint    ] Entering safepoint region: Cleanup
[2019-12-08T12:04:00.612+0000][1][safepoint    ] Leaving safepoint region
[2019-12-08T12:04:00.612+0000][1][safepoint    ] Total time for which application threads were stopped: 0.0000886 seconds, Stopping threads took: 0.0000303 seconds
[2019-12-08T12:04:01.612+0000][1][safepoint    ] Application time: 1.0000933 seconds
[2019-12-08T12:04:01.612+0000][1][safepoint    ] Entering safepoint region: Cleanup
[2019-12-08T12:04:01.612+0000][1][safepoint    ] Leaving safepoint region
[2019-12-08T12:04:01.612+0000][1][safepoint    ] Total time for which application threads were stopped: 0.0000887 seconds, Stopping threads took: 0.0000198 seconds
[2019-12-08T12:04:02.612+0000][1][safepoint    ] Application time: 1.0000943 seconds
[2019-12-08T12:04:02.612+0000][1][safepoint    ] Entering safepoint region: Cleanup
[2019-12-08T12:04:02.612+0000][1][safepoint    ] Leaving safepoint region
[2019-12-08T12:04:02.612+0000][1][safepoint    ] Total time for which application threads were stopped: 0.0000756 seconds, Stopping threads took: 0.0000196 seconds
[2019-12-08T12:04:03.612+0000][1][safepoint    ] Application time: 1.0000932 seconds
[2019-12-08T12:04:03.612+0000][1][safepoint    ] Entering safepoint region: Cleanup
[2019-12-08T12:04:03.613+0000][1][safepoint    ] Leaving safepoint region
[2019-12-08T12:04:03.613+0000][1][safepoint    ] Total time for which application threads were stopped: 0.0000757 seconds, Stopping threads took: 0.0000203 seconds
[2019-12-08T12:04:05.499+0000][1][safepoint    ] Application time: 1.8863773 seconds
[2019-12-08T12:04:05.499+0000][1][safepoint    ] Entering safepoint region: Cleanup
[2019-12-08T12:04:05.499+0000][1][safepoint    ] Leaving safepoint region
[2019-12-08T12:04:05.499+0000][1][safepoint    ] Total time for which application threads were stopped: 0.0000693 seconds, Stopping threads took: 0.0000180 seconds
[2019-12-08T12:04:06.499+0000][1][safepoint    ] Application time: 1.0000967 seconds
[2019-12-08T12:04:06.499+0000][1][safepoint    ] Entering safepoint region: Cleanup
[2019-12-08T12:04:06.499+0000][1][safepoint    ] Leaving safepoint region
[2019-12-08T12:04:06.499+0000][1][safepoint    ] Total time for which application threads were stopped: 0.0000770 seconds, Stopping threads took: 0.0000192 seconds
[2019-12-08T12:04:07.499+0000][1][safepoint    ] Application time: 1.0001280 seconds
[2019-12-08T12:04:07.499+0000][1][safepoint    ] Entering safepoint region: Cleanup
[2019-12-08T12:04:07.500+0000][1][safepoint    ] Leaving safepoint region
[2019-12-08T12:04:07.500+0000][1][safepoint    ] Total time for which application threads were stopped: 0.0001043 seconds, Stopping threads took: 0.0000378 seconds
[2019-12-08T12:04:08.500+0000][1][safepoint    ] Application time: 1.0000890 seconds
[2019-12-08T12:04:08.500+0000][1][safepoint    ] Entering safepoint region: Cleanup
[2019-12-08T12:04:08.500+0000][1][safepoint    ] Leaving safepoint region
[2019-12-08T12:04:08.500+0000][1][safepoint    ] Total time for which application threads were stopped: 0.0001300 seconds, Stopping threads took: 0.0000546 seconds
[2019-12-08T12:04:09.500+0000][1][safepoint    ] Application time: 1.0000876 seconds
[2019-12-08T12:04:09.500+0000][1][safepoint    ] Entering safepoint region: Cleanup
[2019-12-08T12:04:09.500+0000][1][safepoint    ] Leaving safepoint region
[2019-12-08T12:04:09.500+0000][1][safepoint    ] Total time for which application threads were stopped: 0.0001908 seconds, Stopping threads took: 0.0001152 seconds
[2019-12-08T12:04:10.500+0000][1][safepoint    ] Application time: 1.0000823 seconds
[2019-12-08T12:04:10.500+0000][1][safepoint    ] Entering safepoint region: Cleanup
[2019-12-08T12:04:10.500+0000][1][safepoint    ] Leaving safepoint region
[2019-12-08T12:04:10.500+0000][1][safepoint    ] Total time for which application threads were stopped: 0.0001082 seconds, Stopping threads took: 0.0000504 seconds
[2019-12-08T12:04:11.500+0000][1][safepoint    ] Application time: 1.0000880 seconds
[2019-12-08T12:04:11.501+0000][1][safepoint    ] Entering safepoint region: Cleanup
[2019-12-08T12:04:11.501+0000][1][safepoint    ] Leaving safepoint region
[2019-12-08T12:04:11.501+0000][1][safepoint    ] Total time for which application threads were stopped: 0.0000864 seconds, Stopping threads took: 0.0000206 seconds
[2019-12-08T12:04:12.501+0000][1][safepoint    ] Application time: 1.0000939 seconds
[2019-12-08T12:04:12.501+0000][1][safepoint    ] Entering safepoint region: Cleanup
[2019-12-08T12:04:12.501+0000][1][safepoint    ] Leaving safepoint region
[2019-12-08T12:04:12.501+0000][1][safepoint    ] Total time for which application threads were stopped: 0.0000801 seconds, Stopping threads took: 0.0000217 seconds
[2019-12-08T12:04:13.501+0000][1][safepoint    ] Application time: 1.0000917 seconds
[2019-12-08T12:04:13.501+0000][1][safepoint    ] Entering safepoint region: Cleanup
[2019-12-08T12:04:13.501+0000][1][safepoint    ] Leaving safepoint region
[2019-12-08T12:04:13.501+0000][1][safepoint    ] Total time for which application threads were stopped: 0.0000753 seconds, Stopping threads took: 0.0000195 seconds
[2019-12-08T12:04:14.501+0000][1][safepoint    ] Application time: 1.0000904 seconds
[2019-12-08T12:04:14.501+0000][1][safepoint    ] Entering safepoint region: Cleanup
[2019-12-08T12:04:14.501+0000][1][safepoint    ] Leaving safepoint region
[2019-12-08T12:04:14.501+0000][1][safepoint    ] Total time for which application threads were stopped: 0.0000767 seconds, Stopping threads took: 0.0000203 seconds
[2019-12-08T12:04:15.501+0000][1][safepoint    ] Application time: 1.0000810 seconds
[2019-12-08T12:04:15.501+0000][1][safepoint    ] Entering safepoint region: Cleanup
[2019-12-08T12:04:15.501+0000][1][safepoint    ] Leaving safepoint region
[2019-12-08T12:04:15.501+0000][1][safepoint    ] Total time for which application threads were stopped: 0.0000728 seconds, Stopping threads took: 0.0000189 seconds
[2019-12-08T12:04:16.502+0000][1][safepoint    ] Application time: 1.0000808 seconds
[2019-12-08T12:04:16.502+0000][1][safepoint    ] Entering safepoint region: Cleanup
[2019-12-08T12:04:16.502+0000][1][safepoint    ] Leaving safepoint region
[2019-12-08T12:04:16.502+0000][1][safepoint    ] Total time for which application threads were stopped: 0.0000726 seconds, Stopping threads took: 0.0000183 seconds
[2019-12-08T12:04:17.502+0000][1][safepoint    ] Application time: 1.0000786 seconds
[2019-12-08T12:04:17.502+0000][1][safepoint    ] Entering safepoint region: Cleanup
[2019-12-08T12:04:17.502+0000][1][safepoint    ] Leaving safepoint region
[2019-12-08T12:04:17.502+0000][1][safepoint    ] Total time for which application threads were stopped: 0.0000756 seconds, Stopping threads took: 0.0000204 seconds
[2019-12-08T12:04:18.502+0000][1][safepoint    ] Application time: 1.0000845 seconds
[2019-12-08T12:04:18.502+0000][1][safepoint    ] Entering safepoint region: Cleanup
[2019-12-08T12:04:18.502+0000][1][safepoint    ] Leaving safepoint region
[2019-12-08T12:04:18.502+0000][1][safepoint    ] Total time for which application threads were stopped: 0.0000904 seconds, Stopping threads took: 0.0000212 seconds
[2019-12-08T12:04:19.502+0000][1][safepoint    ] Application time: 1.0000853 seconds
[2019-12-08T12:04:19.502+0000][1][safepoint    ] Entering safepoint region: Cleanup
[2019-12-08T12:04:19.502+0000][1][safepoint    ] Leaving safepoint region
[2019-12-08T12:04:19.502+0000][1][safepoint    ] Total time for which application threads were stopped: 0.0000774 seconds, Stopping threads took: 0.0000190 seconds
[2019-12-08T12:04:20.502+0000][1][safepoint    ] Application time: 1.0000790 seconds
[2019-12-08T12:04:20.502+0000][1][safepoint    ] Entering safepoint region: Cleanup
[2019-12-08T12:04:20.502+0000][1][safepoint    ] Leaving safepoint region
[2019-12-08T12:04:20.502+0000][1][safepoint    ] Total time for which application threads were stopped: 0.0000752 seconds, Stopping threads took: 0.0000203 seconds
[2019-12-08T12:04:21.622+0000][1][safepoint    ] Application time: 1.1193181 seconds
[2019-12-08T12:04:21.622+0000][1][safepoint    ] Entering safepoint region: Cleanup
[2019-12-08T12:04:21.622+0000][1][safepoint    ] Leaving safepoint region
[2019-12-08T12:04:21.622+0000][1][safepoint    ] Total time for which application threads were stopped: 0.0000756 seconds, Stopping threads took: 0.0000148 seconds
[2019-12-08T12:04:22.622+0000][1][safepoint    ] Application time: 1.0000832 seconds
[2019-12-08T12:04:22.622+0000][1][safepoint    ] Entering safepoint region: Cleanup
[2019-12-08T12:04:22.622+0000][1][safepoint    ] Leaving safepoint region
[2019-12-08T12:04:22.622+0000][1][safepoint    ] Total time for which application threads were stopped: 0.0000858 seconds, Stopping threads took: 0.0000186 seconds
[2019-12-08T12:04:23.622+0000][1][safepoint    ] Application time: 1.0000772 seconds
[2019-12-08T12:04:23.622+0000][1][safepoint    ] Entering safepoint region: Cleanup
[2019-12-08T12:04:23.622+0000][1][safepoint    ] Leaving safepoint region
[2019-12-08T12:04:23.622+0000][1][safepoint    ] Total time for which application threads were stopped: 0.0000663 seconds, Stopping threads took: 0.0000153 seconds
[2019-12-08T12:04:24.622+0000][1][safepoint    ] Application time: 1.0000780 seconds
[2019-12-08T12:04:24.622+0000][1][safepoint    ] Entering safepoint region: Cleanup
[2019-12-08T12:04:24.622+0000][1][safepoint    ] Leaving safepoint region
[2019-12-08T12:04:24.622+0000][1][safepoint    ] Total time for which application threads were stopped: 0.0000695 seconds, Stopping threads took: 0.0000164 seconds
[2019-12-08T12:04:25.623+0000][1][safepoint    ] Application time: 1.0000756 seconds
[2019-12-08T12:04:25.623+0000][1][safepoint    ] Entering safepoint region: Cleanup
[2019-12-08T12:04:25.623+0000][1][safepoint    ] Leaving safepoint region
[2019-12-08T12:04:25.623+0000][1][safepoint    ] Total time for which application threads were stopped: 0.0000680 seconds, Stopping threads took: 0.0000159 seconds
[2019-12-08T12:04:26.623+0000][1][safepoint    ] Application time: 1.0000827 seconds
[2019-12-08T12:04:26.623+0000][1][safepoint    ] Entering safepoint region: Cleanup
[2019-12-08T12:04:26.623+0000][1][safepoint    ] Leaving safepoint region
[2019-12-08T12:04:26.623+0000][1][safepoint    ] Total time for which application threads were stopped: 0.0000705 seconds, Stopping threads took: 0.0000162 seconds
[2019-12-08T12:04:27.623+0000][1][safepoint    ] Application time: 1.0000821 seconds
[2019-12-08T12:04:27.623+0000][1][safepoint    ] Entering safepoint region: Cleanup
[2019-12-08T12:04:27.623+0000][1][safepoint    ] Leaving safepoint region
[2019-12-08T12:04:27.623+0000][1][safepoint    ] Total time for which application threads were stopped: 0.0000723 seconds, Stopping threads took: 0.0000171 seconds
[2019-12-08T12:04:28.623+0000][1][safepoint    ] Application time: 1.0000781 seconds
[2019-12-08T12:04:28.623+0000][1][safepoint    ] Entering safepoint region: Cleanup
[2019-12-08T12:04:28.623+0000][1][safepoint    ] Leaving safepoint region
[2019-12-08T12:04:28.623+0000][1][safepoint    ] Total time for which application threads were stopped: 0.0000698 seconds, Stopping threads took: 0.0000163 seconds
[2019-12-08T12:04:29.623+0000][1][safepoint    ] Application time: 1.0000763 seconds
[2019-12-08T12:04:29.623+0000][1][safepoint    ] Entering safepoint region: Cleanup
[2019-12-08T12:04:29.623+0000][1][safepoint    ] Leaving safepoint region
[2019-12-08T12:04:29.623+0000][1][safepoint    ] Total time for which application threads were stopped: 0.0000718 seconds, Stopping threads took: 0.0000176 seconds
[2019-12-08T12:04:30.624+0000][1][safepoint    ] Application time: 1.0000762 seconds
[2019-12-08T12:04:30.624+0000][1][safepoint    ] Entering safepoint region: Cleanup
[2019-12-08T12:04:30.624+0000][1][safepoint    ] Leaving safepoint region
[2019-12-08T12:04:30.624+0000][1][safepoint    ] Total time for which application threads were stopped: 0.0000715 seconds, Stopping threads took: 0.0000180 seconds
[2019-12-08T12:04:31.624+0000][1][safepoint    ] Application time: 1.0000742 seconds
[2019-12-08T12:04:31.624+0000][1][safepoint    ] Entering safepoint region: Cleanup
[2019-12-08T12:04:31.624+0000][1][safepoint    ] Leaving safepoint region
[2019-12-08T12:04:31.624+0000][1][safepoint    ] Total time for which application threads were stopped: 0.0001168 seconds, Stopping threads took: 0.0000473 seconds
[2019-12-08T12:04:32.624+0000][1][safepoint    ] Application time: 1.0000943 seconds
[2019-12-08T12:04:32.624+0000][1][safepoint    ] Entering safepoint region: Cleanup
[2019-12-08T12:04:32.624+0000][1][safepoint    ] Leaving safepoint region
[2019-12-08T12:04:32.624+0000][1][safepoint    ] Total time for which application threads were stopped: 0.0000748 seconds, Stopping threads took: 0.0000204 seconds
[2019-12-08T12:04:33.624+0000][1][safepoint    ] Application time: 1.0000902 seconds
[2019-12-08T12:04:33.624+0000][1][safepoint    ] Entering safepoint region: Cleanup
[2019-12-08T12:04:33.624+0000][1][safepoint    ] Leaving safepoint region
[2019-12-08T12:04:33.624+0000][1][safepoint    ] Total time for which application threads were stopped: 0.0000738 seconds, Stopping threads took: 0.0000183 seconds
[2019-12-08T12:04:34.624+0000][1][safepoint    ] Application time: 1.0000850 seconds
[2019-12-08T12:04:34.624+0000][1][safepoint    ] Entering safepoint region: Cleanup
[2019-12-08T12:04:34.624+0000][1][safepoint    ] Leaving safepoint region
[2019-12-08T12:04:34.625+0000][1][safepoint    ] Total time for which application threads were stopped: 0.0000766 seconds, Stopping threads took: 0.0000204 seconds
[2019-12-08T12:04:35.625+0000][1][safepoint    ] Application time: 1.0000846 seconds
[2019-12-08T12:04:35.625+0000][1][safepoint    ] Entering safepoint region: Cleanup
[2019-12-08T12:04:35.625+0000][1][safepoint    ] Leaving safepoint region
[2019-12-08T12:04:35.625+0000][1][safepoint    ] Total time for which application threads were stopped: 0.0000884 seconds, Stopping threads took: 0.0000196 seconds
[2019-12-08T12:04:36.625+0000][1][safepoint    ] Application time: 1.0000829 seconds
[2019-12-08T12:04:36.625+0000][1][safepoint    ] Entering safepoint region: Cleanup
[2019-12-08T12:04:36.625+0000][1][safepoint    ] Leaving safepoint region
[2019-12-08T12:04:36.625+0000][1][safepoint    ] Total time for which application threads were stopped: 0.0001157 seconds, Stopping threads took: 0.0000570 seconds
[2019-12-08T12:04:37.625+0000][1][safepoint    ] Application time: 1.0000847 seconds
[2019-12-08T12:04:37.625+0000][1][safepoint    ] Entering safepoint region: Cleanup
[2019-12-08T12:04:37.625+0000][1][safepoint    ] Leaving safepoint region
[2019-12-08T12:04:37.625+0000][1][safepoint    ] Total time for which application threads were stopped: 0.0000736 seconds, Stopping threads took: 0.0000190 seconds
[2019-12-08T12:04:38.625+0000][1][safepoint    ] Application time: 1.0000921 seconds
[2019-12-08T12:04:38.625+0000][1][safepoint    ] Entering safepoint region: Cleanup
[2019-12-08T12:04:38.625+0000][1][safepoint    ] Leaving safepoint region
[2019-12-08T12:04:38.625+0000][1][safepoint    ] Total time for which application threads were stopped: 0.0000755 seconds, Stopping threads took: 0.0000188 seconds
[2019-12-08T12:04:39.625+0000][1][safepoint    ] Application time: 1.0000973 seconds
[2019-12-08T12:04:39.626+0000][1][safepoint    ] Entering safepoint region: Cleanup
[2019-12-08T12:04:39.626+0000][1][safepoint    ] Leaving safepoint region
[2019-12-08T12:04:39.626+0000][1][safepoint    ] Total time for which application threads were stopped: 0.0000742 seconds, Stopping threads took: 0.0000197 seconds
[2019-12-08T12:04:40.626+0000][1][safepoint    ] Application time: 1.0000967 seconds
[2019-12-08T12:04:40.626+0000][1][safepoint    ] Entering safepoint region: Cleanup
[2019-12-08T12:04:40.626+0000][1][safepoint    ] Leaving safepoint region
[2019-12-08T12:04:40.626+0000][1][safepoint    ] Total time for which application threads were stopped: 0.0000719 seconds, Stopping threads took: 0.0000189 seconds
[2019-12-08T12:04:41.626+0000][1][safepoint    ] Application time: 1.0000879 seconds
[2019-12-08T12:04:41.626+0000][1][safepoint    ] Entering safepoint region: Cleanup
[2019-12-08T12:04:41.626+0000][1][safepoint    ] Leaving safepoint region
[2019-12-08T12:04:41.626+0000][1][safepoint    ] Total time for which application threads were stopped: 0.0001171 seconds, Stopping threads took: 0.0000572 seconds
[2019-12-08T12:04:43.203+0000][1][safepoint    ] Application time: 1.5769986 seconds
[2019-12-08T12:04:43.203+0000][1][safepoint    ] Entering safepoint region: Cleanup
[2019-12-08T12:04:43.203+0000][1][safepoint    ] Leaving safepoint region
[2019-12-08T12:04:43.203+0000][1][safepoint    ] Total time for which application threads were stopped: 0.0000724 seconds, Stopping threads took: 0.0000195 seconds
[2019-12-08T12:04:44.203+0000][1][safepoint    ] Application time: 1.0000812 seconds
[2019-12-08T12:04:44.203+0000][1][safepoint    ] Entering safepoint region: Cleanup
[2019-12-08T12:04:44.203+0000][1][safepoint    ] Leaving safepoint region
[2019-12-08T12:04:44.203+0000][1][safepoint    ] Total time for which application threads were stopped: 0.0001076 seconds, Stopping threads took: 0.0000533 seconds
[2019-12-08T12:04:45.204+0000][1][safepoint    ] Application time: 1.0000907 seconds
[2019-12-08T12:04:45.204+0000][1][safepoint    ] Entering safepoint region: Cleanup
[2019-12-08T12:04:45.204+0000][1][safepoint    ] Leaving safepoint region
[2019-12-08T12:04:45.204+0000][1][safepoint    ] Total time for which application threads were stopped: 0.0000737 seconds, Stopping threads took: 0.0000195 seconds
[2019-12-08T12:04:46.204+0000][1][safepoint    ] Application time: 1.0000808 seconds
[2019-12-08T12:04:46.204+0000][1][safepoint    ] Entering safepoint region: Cleanup
[2019-12-08T12:04:46.204+0000][1][safepoint    ] Leaving safepoint region
[2019-12-08T12:04:46.204+0000][1][safepoint    ] Total time for which application threads were stopped: 0.0000768 seconds, Stopping threads took: 0.0000224 seconds
[2019-12-08T12:04:47.204+0000][1][safepoint    ] Application time: 1.0000848 seconds
[2019-12-08T12:04:47.204+0000][1][safepoint    ] Entering safepoint region: Cleanup
[2019-12-08T12:04:47.204+0000][1][safepoint    ] Leaving safepoint region
[2019-12-08T12:04:47.204+0000][1][safepoint    ] Total time for which application threads were stopped: 0.0000721 seconds, Stopping threads took: 0.0000187 seconds
[2019-12-08T12:04:48.204+0000][1][safepoint    ] Application time: 1.0000793 seconds
[2019-12-08T12:04:48.204+0000][1][safepoint    ] Entering safepoint region: Cleanup
[2019-12-08T12:04:48.204+0000][1][safepoint    ] Leaving safepoint region
[2019-12-08T12:04:48.204+0000][1][safepoint    ] Total time for which application threads were stopped: 0.0000817 seconds, Stopping threads took: 0.0000191 seconds
[2019-12-08T12:04:49.204+0000][1][safepoint    ] Application time: 1.0000874 seconds
[2019-12-08T12:04:49.204+0000][1][safepoint    ] Entering safepoint region: Cleanup
[2019-12-08T12:04:49.204+0000][1][safepoint    ] Leaving safepoint region
[2019-12-08T12:04:49.204+0000][1][safepoint    ] Total time for which application threads were stopped: 0.0000980 seconds, Stopping threads took: 0.0000250 seconds
[2019-12-08T12:04:50.205+0000][1][safepoint    ] Application time: 1.0000822 seconds
[2019-12-08T12:04:50.205+0000][1][safepoint    ] Entering safepoint region: Cleanup
[2019-12-08T12:04:50.205+0000][1][safepoint    ] Leaving safepoint region
[2019-12-08T12:04:50.205+0000][1][safepoint    ] Total time for which application threads were stopped: 0.0001044 seconds, Stopping threads took: 0.0000254 seconds
[2019-12-08T12:04:51.205+0000][1][safepoint    ] Application time: 1.0000787 seconds
[2019-12-08T12:04:51.205+0000][1][safepoint    ] Entering safepoint region: Cleanup
[2019-12-08T12:04:51.205+0000][1][safepoint    ] Leaving safepoint region
[2019-12-08T12:04:51.205+0000][1][safepoint    ] Total time for which application threads were stopped: 0.0000732 seconds, Stopping threads took: 0.0000193 seconds
[2019-12-08T12:04:52.205+0000][1][safepoint    ] Application time: 1.0000806 seconds
[2019-12-08T12:04:52.205+0000][1][safepoint    ] Entering safepoint region: Cleanup
[2019-12-08T12:04:52.205+0000][1][safepoint    ] Leaving safepoint region
[2019-12-08T12:04:52.205+0000][1][safepoint    ] Total time for which application threads were stopped: 0.0001067 seconds, Stopping threads took: 0.0000349 seconds
[2019-12-08T12:04:53.205+0000][1][safepoint    ] Application time: 1.0000911 seconds
[2019-12-08T12:04:53.205+0000][1][safepoint    ] Entering safepoint region: Cleanup
[2019-12-08T12:04:53.205+0000][1][safepoint    ] Leaving safepoint region
[2019-12-08T12:04:53.205+0000][1][safepoint    ] Total time for which application threads were stopped: 0.0000709 seconds, Stopping threads took: 0.0000179 seconds
[2019-12-08T12:04:54.205+0000][1][safepoint    ] Application time: 1.0000797 seconds
[2019-12-08T12:04:54.206+0000][1][safepoint    ] Entering safepoint region: Cleanup
[2019-12-08T12:04:54.206+0000][1][safepoint    ] Leaving safepoint region
[2019-12-08T12:04:54.206+0000][1][safepoint    ] Total time for which application threads were stopped: 0.0000800 seconds, Stopping threads took: 0.0000198 seconds
[2019-12-08T12:04:55.206+0000][1][safepoint    ] Application time: 1.0000821 seconds
[2019-12-08T12:04:55.206+0000][1][safepoint    ] Entering safepoint region: Cleanup
[2019-12-08T12:04:55.206+0000][1][safepoint    ] Leaving safepoint region
[2019-12-08T12:04:55.206+0000][1][safepoint    ] Total time for which application threads were stopped: 0.0000834 seconds, Stopping threads took: 0.0000205 seconds
[2019-12-08T12:04:56.206+0000][1][safepoint    ] Application time: 1.0000772 seconds
[2019-12-08T12:04:56.206+0000][1][safepoint    ] Entering safepoint region: Cleanup
[2019-12-08T12:04:56.206+0000][1][safepoint    ] Leaving safepoint region
[2019-12-08T12:04:56.206+0000][1][safepoint    ] Total time for which application threads were stopped: 0.0000725 seconds, Stopping threads took: 0.0000189 seconds
[2019-12-08T12:04:57.206+0000][1][safepoint    ] Application time: 1.0000770 seconds
[2019-12-08T12:04:57.206+0000][1][safepoint    ] Entering safepoint region: Cleanup
[2019-12-08T12:04:57.206+0000][1][safepoint    ] Leaving safepoint region
[2019-12-08T12:04:57.206+0000][1][safepoint    ] Total time for which application threads were stopped: 0.0000749 seconds, Stopping threads took: 0.0000191 seconds
[2019-12-08T12:04:58.206+0000][1][safepoint    ] Application time: 1.0000822 seconds
[2019-12-08T12:04:58.206+0000][1][safepoint    ] Entering safepoint region: Cleanup
[2019-12-08T12:04:58.206+0000][1][safepoint    ] Leaving safepoint region
[2019-12-08T12:04:58.206+0000][1][safepoint    ] Total time for which application threads were stopped: 0.0000725 seconds, Stopping threads took: 0.0000191 seconds
[2019-12-08T12:04:59.206+0000][1][safepoint    ] Application time: 1.0000917 seconds
[2019-12-08T12:04:59.207+0000][1][safepoint    ] Entering safepoint region: Cleanup
[2019-12-08T12:04:59.207+0000][1][safepoint    ] Leaving safepoint region
[2019-12-08T12:04:59.207+0000][1][safepoint    ] Total time for which application threads were stopped: 0.0001082 seconds, Stopping threads took: 0.0000264 seconds
[2019-12-08T12:05:00.207+0000][1][safepoint    ] Application time: 1.0000840 seconds
[2019-12-08T12:05:00.207+0000][1][safepoint    ] Entering safepoint region: Cleanup
[2019-12-08T12:05:00.207+0000][1][safepoint    ] Leaving safepoint region
[2019-12-08T12:05:00.207+0000][1][safepoint    ] Total time for which application threads were stopped: 0.0000808 seconds, Stopping threads took: 0.0000271 seconds
[2019-12-08T12:05:01.207+0000][1][safepoint    ] Application time: 1.0000780 seconds
[2019-12-08T12:05:01.207+0000][1][safepoint    ] Entering safepoint region: Cleanup
[2019-12-08T12:05:01.207+0000][1][safepoint    ] Leaving safepoint region
[2019-12-08T12:05:01.207+0000][1][safepoint    ] Total time for which application threads were stopped: 0.0000723 seconds, Stopping threads took: 0.0000187 seconds
[2019-12-08T12:05:02.207+0000][1][safepoint    ] Application time: 1.0000775 seconds
[2019-12-08T12:05:02.207+0000][1][safepoint    ] Entering safepoint region: Cleanup
[2019-12-08T12:05:02.207+0000][1][safepoint    ] Leaving safepoint region
[2019-12-08T12:05:02.207+0000][1][safepoint    ] Total time for which application threads were stopped: 0.0000738 seconds, Stopping threads took: 0.0000201 seconds
[2019-12-08T12:05:03.207+0000][1][safepoint    ] Application time: 1.0000780 seconds
[2019-12-08T12:05:03.207+0000][1][safepoint    ] Entering safepoint region: Cleanup
[2019-12-08T12:05:03.207+0000][1][safepoint    ] Leaving safepoint region
[2019-12-08T12:05:03.207+0000][1][safepoint    ] Total time for which application threads were stopped: 0.0000729 seconds, Stopping threads took: 0.0000199 seconds
[2019-12-08T12:05:04.208+0000][1][safepoint    ] Application time: 1.0000785 seconds
[2019-12-08T12:05:04.208+0000][1][safepoint    ] Entering safepoint region: Cleanup
[2019-12-08T12:05:04.208+0000][1][safepoint    ] Leaving safepoint region
[2019-12-08T12:05:04.208+0000][1][safepoint    ] Total time for which application threads were stopped: 0.0000815 seconds, Stopping threads took: 0.0000229 seconds
[2019-12-08T12:05:05.208+0000][1][safepoint    ] Application time: 1.0000783 seconds
[2019-12-08T12:05:05.208+0000][1][safepoint    ] Entering safepoint region: Cleanup
[2019-12-08T12:05:05.208+0000][1][safepoint    ] Leaving safepoint region
[2019-12-08T12:05:05.208+0000][1][safepoint    ] Total time for which application threads were stopped: 0.0000732 seconds, Stopping threads took: 0.0000198 seconds
[2019-12-08T12:05:06.208+0000][1][safepoint    ] Application time: 1.0000784 seconds
[2019-12-08T12:05:06.208+0000][1][safepoint    ] Entering safepoint region: Cleanup
[2019-12-08T12:05:06.208+0000][1][safepoint    ] Leaving safepoint region
[2019-12-08T12:05:06.208+0000][1][safepoint    ] Total time for which application threads were stopped: 0.0000735 seconds, Stopping threads took: 0.0000178 seconds
[2019-12-08T12:05:07.208+0000][1][safepoint    ] Application time: 1.0000759 seconds
[2019-12-08T12:05:07.208+0000][1][safepoint    ] Entering safepoint region: Cleanup
[2019-12-08T12:05:07.208+0000][1][safepoint    ] Leaving safepoint region
[2019-12-08T12:05:07.208+0000][1][safepoint    ] Total time for which application threads were stopped: 0.0000767 seconds, Stopping threads took: 0.0000239 seconds
[2019-12-08T12:05:08.208+0000][1][safepoint    ] Application time: 1.0000759 seconds
[2019-12-08T12:05:08.208+0000][1][safepoint    ] Entering safepoint region: Cleanup
[2019-12-08T12:05:08.208+0000][1][safepoint    ] Leaving safepoint region
[2019-12-08T12:05:08.208+0000][1][safepoint    ] Total time for which application threads were stopped: 0.0000742 seconds, Stopping threads took: 0.0000195 seconds
[2019-12-08T12:05:09.209+0000][1][safepoint    ] Application time: 1.0000834 seconds
[2019-12-08T12:05:09.209+0000][1][safepoint    ] Entering safepoint region: Cleanup
[2019-12-08T12:05:09.209+0000][1][safepoint    ] Leaving safepoint region
[2019-12-08T12:05:09.209+0000][1][safepoint    ] Total time for which application threads were stopped: 0.0000747 seconds, Stopping threads took: 0.0000193 seconds
[2019-12-08T12:05:10.209+0000][1][safepoint    ] Application time: 1.0000770 seconds
[2019-12-08T12:05:10.209+0000][1][safepoint    ] Entering safepoint region: Cleanup
[2019-12-08T12:05:10.209+0000][1][safepoint    ] Leaving safepoint region
[2019-12-08T12:05:10.209+0000][1][safepoint    ] Total time for which application threads were stopped: 0.0000726 seconds, Stopping threads took: 0.0000196 seconds
[2019-12-08T12:05:11.209+0000][1][safepoint    ] Application time: 1.0000774 seconds
[2019-12-08T12:05:11.209+0000][1][safepoint    ] Entering safepoint region: Cleanup
[2019-12-08T12:05:11.209+0000][1][safepoint    ] Leaving safepoint region
[2019-12-08T12:05:11.209+0000][1][safepoint    ] Total time for which application threads were stopped: 0.0000736 seconds, Stopping threads took: 0.0000189 seconds
[2019-12-08T12:05:12.209+0000][1][safepoint    ] Application time: 1.0000793 seconds
[2019-12-08T12:05:12.209+0000][1][safepoint    ] Entering safepoint region: Cleanup
[2019-12-08T12:05:12.209+0000][1][safepoint    ] Leaving safepoint region
[2019-12-08T12:05:12.209+0000][1][safepoint    ] Total time for which application threads were stopped: 0.0000881 seconds, Stopping threads took: 0.0000220 seconds
[2019-12-08T12:05:13.209+0000][1][safepoint    ] Application time: 1.0000787 seconds
[2019-12-08T12:05:13.209+0000][1][safepoint    ] Entering safepoint region: Cleanup
[2019-12-08T12:05:13.209+0000][1][safepoint    ] Leaving safepoint region
[2019-12-08T12:05:13.209+0000][1][safepoint    ] Total time for which application threads were stopped: 0.0000733 seconds, Stopping threads took: 0.0000195 seconds
[2019-12-08T12:05:14.210+0000][1][safepoint    ] Application time: 1.0000779 seconds
[2019-12-08T12:05:14.210+0000][1][safepoint    ] Entering safepoint region: Cleanup
[2019-12-08T12:05:14.210+0000][1][safepoint    ] Leaving safepoint region
[2019-12-08T12:05:14.210+0000][1][safepoint    ] Total time for which application threads were stopped: 0.0000739 seconds, Stopping threads took: 0.0000202 seconds
[2019-12-08T12:05:15.210+0000][1][safepoint    ] Application time: 1.0000779 seconds
[2019-12-08T12:05:15.210+0000][1][safepoint    ] Entering safepoint region: Cleanup
[2019-12-08T12:05:15.210+0000][1][safepoint    ] Leaving safepoint region
[2019-12-08T12:05:15.210+0000][1][safepoint    ] Total time for which application threads were stopped: 0.0000741 seconds, Stopping threads took: 0.0000195 seconds
[2019-12-08T12:05:17.041+0000][1][safepoint    ] Application time: 1.8313094 seconds
[2019-12-08T12:05:17.041+0000][1][safepoint    ] Entering safepoint region: Cleanup
[2019-12-08T12:05:17.041+0000][1][safepoint    ] Leaving safepoint region
[2019-12-08T12:05:17.041+0000][1][safepoint    ] Total time for which application threads were stopped: 0.0000758 seconds, Stopping threads took: 0.0000192 seconds
[2019-12-08T12:05:18.041+0000][1][safepoint    ] Application time: 1.0000888 seconds
[2019-12-08T12:05:18.041+0000][1][safepoint    ] Entering safepoint region: Cleanup
[2019-12-08T12:05:18.041+0000][1][safepoint    ] Leaving safepoint region
[2019-12-08T12:05:18.041+0000][1][safepoint    ] Total time for which application threads were stopped: 0.0000762 seconds, Stopping threads took: 0.0000211 seconds
[2019-12-08T12:05:19.042+0000][1][safepoint    ] Application time: 1.0000836 seconds
[2019-12-08T12:05:19.042+0000][1][safepoint    ] Entering safepoint region: Cleanup
[2019-12-08T12:05:19.042+0000][1][safepoint    ] Leaving safepoint region
[2019-12-08T12:05:19.042+0000][1][safepoint    ] Total time for which application threads were stopped: 0.0000762 seconds, Stopping threads took: 0.0000210 seconds
[2019-12-08T12:05:20.042+0000][1][safepoint    ] Application time: 1.0000807 seconds
[2019-12-08T12:05:20.042+0000][1][safepoint    ] Entering safepoint region: Cleanup
[2019-12-08T12:05:20.042+0000][1][safepoint    ] Leaving safepoint region
[2019-12-08T12:05:20.042+0000][1][safepoint    ] Total time for which application threads were stopped: 0.0000718 seconds, Stopping threads took: 0.0000190 seconds
[2019-12-08T12:05:21.042+0000][1][safepoint    ] Application time: 1.0000760 seconds
[2019-12-08T12:05:21.042+0000][1][safepoint    ] Entering safepoint region: Cleanup
[2019-12-08T12:05:21.042+0000][1][safepoint    ] Leaving safepoint region
[2019-12-08T12:05:21.042+0000][1][safepoint    ] Total time for which application threads were stopped: 0.0000744 seconds, Stopping threads took: 0.0000193 seconds
[2019-12-08T12:05:22.042+0000][1][safepoint    ] Application time: 1.0000829 seconds
[2019-12-08T12:05:22.042+0000][1][safepoint    ] Entering safepoint region: Cleanup
[2019-12-08T12:05:22.042+0000][1][safepoint    ] Leaving safepoint region
[2019-12-08T12:05:22.042+0000][1][safepoint    ] Total time for which application threads were stopped: 0.0000726 seconds, Stopping threads took: 0.0000193 seconds
[2019-12-08T12:05:23.042+0000][1][safepoint    ] Application time: 1.0000776 seconds
[2019-12-08T12:05:23.042+0000][1][safepoint    ] Entering safepoint region: Cleanup
[2019-12-08T12:05:23.042+0000][1][safepoint    ] Leaving safepoint region
[2019-12-08T12:05:23.042+0000][1][safepoint    ] Total time for which application threads were stopped: 0.0000726 seconds, Stopping threads took: 0.0000191 seconds
[2019-12-08T12:05:24.043+0000][1][safepoint    ] Application time: 1.0000790 seconds
[2019-12-08T12:05:24.043+0000][1][safepoint    ] Entering safepoint region: Cleanup
[2019-12-08T12:05:24.043+0000][1][safepoint    ] Leaving safepoint region
[2019-12-08T12:05:24.043+0000][1][safepoint    ] Total time for which application threads were stopped: 0.0000745 seconds, Stopping threads took: 0.0000195 seconds
[2019-12-08T12:05:25.043+0000][1][safepoint    ] Application time: 1.0000812 seconds
[2019-12-08T12:05:25.043+0000][1][safepoint    ] Entering safepoint region: Cleanup
[2019-12-08T12:05:25.043+0000][1][safepoint    ] Leaving safepoint region
[2019-12-08T12:05:25.043+0000][1][safepoint    ] Total time for which application threads were stopped: 0.0000881 seconds, Stopping threads took: 0.0000202 seconds
[2019-12-08T12:05:26.043+0000][1][safepoint    ] Application time: 1.0000768 seconds
[2019-12-08T12:05:26.043+0000][1][safepoint    ] Entering safepoint region: Cleanup
[2019-12-08T12:05:26.043+0000][1][safepoint    ] Leaving safepoint region
[2019-12-08T12:05:26.043+0000][1][safepoint    ] Total time for which application threads were stopped: 0.0000678 seconds, Stopping threads took: 0.0000167 seconds
[2019-12-08T12:05:27.043+0000][1][safepoint    ] Application time: 1.0000832 seconds
[2019-12-08T12:05:27.043+0000][1][safepoint    ] Entering safepoint region: Cleanup
[2019-12-08T12:05:27.043+0000][1][safepoint    ] Leaving safepoint region
[2019-12-08T12:05:27.043+0000][1][safepoint    ] Total time for which application threads were stopped: 0.0000742 seconds, Stopping threads took: 0.0000191 seconds
[2019-12-08T12:05:28.043+0000][1][safepoint    ] Application time: 1.0000793 seconds
[2019-12-08T12:05:28.043+0000][1][safepoint    ] Entering safepoint region: Cleanup
[2019-12-08T12:05:28.043+0000][1][safepoint    ] Leaving safepoint region
[2019-12-08T12:05:28.043+0000][1][safepoint    ] Total time for which application threads were stopped: 0.0000748 seconds, Stopping threads took: 0.0000202 seconds
[2019-12-08T12:05:29.044+0000][1][safepoint    ] Application time: 1.0000807 seconds
[2019-12-08T12:05:29.044+0000][1][safepoint    ] Entering safepoint region: Cleanup
[2019-12-08T12:05:29.044+0000][1][safepoint    ] Leaving safepoint region
[2019-12-08T12:05:29.044+0000][1][safepoint    ] Total time for which application threads were stopped: 0.0000757 seconds, Stopping threads took: 0.0000197 seconds
[2019-12-08T12:05:30.044+0000][1][safepoint    ] Application time: 1.0000782 seconds
[2019-12-08T12:05:30.044+0000][1][safepoint    ] Entering safepoint region: Cleanup
[2019-12-08T12:05:30.044+0000][1][safepoint    ] Leaving safepoint region
[2019-12-08T12:05:30.044+0000][1][safepoint    ] Total time for which application threads were stopped: 0.0000735 seconds, Stopping threads took: 0.0000190 seconds
[2019-12-08T12:05:31.044+0000][1][safepoint    ] Application time: 1.0000795 seconds
[2019-12-08T12:05:31.044+0000][1][safepoint    ] Entering safepoint region: Cleanup
[2019-12-08T12:05:31.044+0000][1][safepoint    ] Leaving safepoint region
[2019-12-08T12:05:31.044+0000][1][safepoint    ] Total time for which application threads were stopped: 0.0000742 seconds, Stopping threads took: 0.0000187 seconds
[2019-12-08T12:05:32.044+0000][1][safepoint    ] Application time: 1.0000773 seconds
[2019-12-08T12:05:32.044+0000][1][safepoint    ] Entering safepoint region: Cleanup
[2019-12-08T12:05:32.044+0000][1][safepoint    ] Leaving safepoint region
[2019-12-08T12:05:32.044+0000][1][safepoint    ] Total time for which application threads were stopped: 0.0000750 seconds, Stopping threads took: 0.0000189 seconds
[2019-12-08T12:05:33.044+0000][1][safepoint    ] Application time: 1.0000811 seconds
[2019-12-08T12:05:33.044+0000][1][safepoint    ] Entering safepoint region: Cleanup
[2019-12-08T12:05:33.044+0000][1][safepoint    ] Leaving safepoint region
[2019-12-08T12:05:33.044+0000][1][safepoint    ] Total time for which application threads were stopped: 0.0000757 seconds, Stopping threads took: 0.0000187 seconds
[2019-12-08T12:05:34.045+0000][1][safepoint    ] Application time: 1.0000801 seconds
[2019-12-08T12:05:34.045+0000][1][safepoint    ] Entering safepoint region: Cleanup
[2019-12-08T12:05:34.045+0000][1][safepoint    ] Leaving safepoint region
[2019-12-08T12:05:34.045+0000][1][safepoint    ] Total time for which application threads were stopped: 0.0000759 seconds, Stopping threads took: 0.0000206 seconds
[2019-12-08T12:05:35.045+0000][1][safepoint    ] Application time: 1.0000788 seconds
[2019-12-08T12:05:35.045+0000][1][safepoint    ] Entering safepoint region: Cleanup
[2019-12-08T12:05:35.045+0000][1][safepoint    ] Leaving safepoint region
[2019-12-08T12:05:35.045+0000][1][safepoint    ] Total time for which application threads were stopped: 0.0000720 seconds, Stopping threads took: 0.0000182 seconds
[2019-12-08T12:05:36.045+0000][1][safepoint    ] Application time: 1.0000751 seconds
[2019-12-08T12:05:36.045+0000][1][safepoint    ] Entering safepoint region: Cleanup
[2019-12-08T12:05:36.045+0000][1][safepoint    ] Leaving safepoint region
[2019-12-08T12:05:36.045+0000][1][safepoint    ] Total time for which application threads were stopped: 0.0000692 seconds, Stopping threads took: 0.0000172 seconds
[2019-12-08T12:05:37.045+0000][1][safepoint    ] Application time: 1.0000781 seconds
[2019-12-08T12:05:37.045+0000][1][safepoint    ] Entering safepoint region: Cleanup
[2019-12-08T12:05:37.045+0000][1][safepoint    ] Leaving safepoint region
[2019-12-08T12:05:37.045+0000][1][safepoint    ] Total time for which application threads were stopped: 0.0000717 seconds, Stopping threads took: 0.0000203 seconds
[2019-12-08T12:05:38.045+0000][1][safepoint    ] Application time: 1.0000789 seconds
[2019-12-08T12:05:38.045+0000][1][safepoint    ] Entering safepoint region: Cleanup
[2019-12-08T12:05:38.045+0000][1][safepoint    ] Leaving safepoint region
[2019-12-08T12:05:38.045+0000][1][safepoint    ] Total time for which application threads were stopped: 0.0000740 seconds, Stopping threads took: 0.0000198 seconds
[2019-12-08T12:05:39.045+0000][1][safepoint    ] Application time: 1.0000766 seconds
[2019-12-08T12:05:39.046+0000][1][safepoint    ] Entering safepoint region: Cleanup
[2019-12-08T12:05:39.046+0000][1][safepoint    ] Leaving safepoint region
[2019-12-08T12:05:39.046+0000][1][safepoint    ] Total time for which application threads were stopped: 0.0000750 seconds, Stopping threads took: 0.0000192 seconds
[2019-12-08T12:05:40.046+0000][1][safepoint    ] Application time: 1.0000836 seconds
[2019-12-08T12:05:40.046+0000][1][safepoint    ] Entering safepoint region: Cleanup
[2019-12-08T12:05:40.046+0000][1][safepoint    ] Leaving safepoint region
[2019-12-08T12:05:40.046+0000][1][safepoint    ] Total time for which application threads were stopped: 0.0000727 seconds, Stopping threads took: 0.0000199 seconds
[2019-12-08T12:05:41.046+0000][1][safepoint    ] Application time: 1.0000779 seconds
[2019-12-08T12:05:41.046+0000][1][safepoint    ] Entering safepoint region: Cleanup
[2019-12-08T12:05:41.046+0000][1][safepoint    ] Leaving safepoint region
[2019-12-08T12:05:41.046+0000][1][safepoint    ] Total time for which application threads were stopped: 0.0000704 seconds, Stopping threads took: 0.0000177 seconds
[2019-12-08T12:05:42.046+0000][1][safepoint    ] Application time: 1.0000843 seconds
[2019-12-08T12:05:42.046+0000][1][safepoint    ] Entering safepoint region: Cleanup
[2019-12-08T12:05:42.046+0000][1][safepoint    ] Leaving safepoint region
[2019-12-08T12:05:42.046+0000][1][safepoint    ] Total time for which application threads were stopped: 0.0000723 seconds, Stopping threads took: 0.0000190 seconds
[2019-12-08T12:05:43.046+0000][1][safepoint    ] Application time: 1.0000878 seconds
[2019-12-08T12:05:43.046+0000][1][safepoint    ] Entering safepoint region: Cleanup
[2019-12-08T12:05:43.046+0000][1][safepoint    ] Leaving safepoint region
[2019-12-08T12:05:43.046+0000][1][safepoint    ] Total time for which application threads were stopped: 0.0000748 seconds, Stopping threads took: 0.0000192 seconds
[2019-12-08T12:05:44.046+0000][1][safepoint    ] Application time: 1.0000823 seconds
[2019-12-08T12:05:44.047+0000][1][safepoint    ] Entering safepoint region: Cleanup
[2019-12-08T12:05:44.047+0000][1][safepoint    ] Leaving safepoint region
[2019-12-08T12:05:44.047+0000][1][safepoint    ] Total time for which application threads were stopped: 0.0000745 seconds, Stopping threads took: 0.0000191 seconds
[2019-12-08T12:05:45.047+0000][1][safepoint    ] Application time: 1.0000802 seconds
[2019-12-08T12:05:45.047+0000][1][safepoint    ] Entering safepoint region: Cleanup
[2019-12-08T12:05:45.047+0000][1][safepoint    ] Leaving safepoint region
[2019-12-08T12:05:45.047+0000][1][safepoint    ] Total time for which application threads were stopped: 0.0000766 seconds, Stopping threads took: 0.0000198 seconds
[2019-12-08T12:05:46.047+0000][1][safepoint    ] Application time: 1.0000827 seconds
[2019-12-08T12:05:46.047+0000][1][safepoint    ] Entering safepoint region: Cleanup
[2019-12-08T12:05:46.047+0000][1][safepoint    ] Leaving safepoint region
[2019-12-08T12:05:46.047+0000][1][safepoint    ] Total time for which application threads were stopped: 0.0000761 seconds, Stopping threads took: 0.0000231 seconds
[2019-12-08T12:05:47.047+0000][1][safepoint    ] Application time: 1.0000811 seconds
[2019-12-08T12:05:47.047+0000][1][safepoint    ] Entering safepoint region: Cleanup
[2019-12-08T12:05:47.047+0000][1][safepoint    ] Leaving safepoint region
[2019-12-08T12:05:47.047+0000][1][safepoint    ] Total time for which application threads were stopped: 0.0000734 seconds, Stopping threads took: 0.0000194 seconds
[2019-12-08T12:05:48.047+0000][1][safepoint    ] Application time: 1.0000847 seconds
[2019-12-08T12:05:48.047+0000][1][safepoint    ] Entering safepoint region: Cleanup
[2019-12-08T12:05:48.047+0000][1][safepoint    ] Leaving safepoint region
[2019-12-08T12:05:48.047+0000][1][safepoint    ] Total time for which application threads were stopped: 0.0000754 seconds, Stopping threads took: 0.0000216 seconds
[2019-12-08T12:05:49.047+0000][1][safepoint    ] Application time: 1.0000802 seconds
[2019-12-08T12:05:49.048+0000][1][safepoint    ] Entering safepoint region: Cleanup
[2019-12-08T12:05:49.048+0000][1][safepoint    ] Leaving safepoint region
[2019-12-08T12:05:49.048+0000][1][safepoint    ] Total time for which application threads were stopped: 0.0000758 seconds, Stopping threads took: 0.0000199 seconds
[2019-12-08T12:05:50.048+0000][1][safepoint    ] Application time: 1.0000781 seconds
[2019-12-08T12:05:50.048+0000][1][safepoint    ] Entering safepoint region: Cleanup
[2019-12-08T12:05:50.048+0000][1][safepoint    ] Leaving safepoint region
[2019-12-08T12:05:50.048+0000][1][safepoint    ] Total time for which application threads were stopped: 0.0000737 seconds, Stopping threads took: 0.0000199 seconds
[2019-12-08T12:05:51.048+0000][1][safepoint    ] Application time: 1.0000788 seconds
[2019-12-08T12:05:51.048+0000][1][safepoint    ] Entering safepoint region: Cleanup
[2019-12-08T12:05:51.048+0000][1][safepoint    ] Leaving safepoint region
[2019-12-08T12:05:51.048+0000][1][safepoint    ] Total time for which application threads were stopped: 0.0000728 seconds, Stopping threads took: 0.0000199 seconds
[2019-12-08T12:05:52.552+0000][1][safepoint    ] Application time: 1.5037339 seconds
[2019-12-08T12:05:52.552+0000][1][safepoint    ] Entering safepoint region: Cleanup
[2019-12-08T12:05:52.552+0000][1][safepoint    ] Leaving safepoint region
[2019-12-08T12:05:52.552+0000][1][safepoint    ] Total time for which application threads were stopped: 0.0000763 seconds, Stopping threads took: 0.0000173 seconds
[2019-12-08T12:05:53.552+0000][1][safepoint    ] Application time: 1.0000943 seconds
[2019-12-08T12:05:53.552+0000][1][safepoint    ] Entering safepoint region: Cleanup
[2019-12-08T12:05:53.552+0000][1][safepoint    ] Leaving safepoint region
[2019-12-08T12:05:53.552+0000][1][safepoint    ] Total time for which application threads were stopped: 0.0001228 seconds, Stopping threads took: 0.0000566 seconds
[2019-12-08T12:05:54.552+0000][1][safepoint    ] Application time: 1.0001118 seconds
[2019-12-08T12:05:54.552+0000][1][safepoint    ] Entering safepoint region: Cleanup
[2019-12-08T12:05:54.552+0000][1][safepoint    ] Leaving safepoint region
[2019-12-08T12:05:54.552+0000][1][safepoint    ] Total time for which application threads were stopped: 0.0001716 seconds, Stopping threads took: 0.0000603 seconds
[2019-12-08T12:05:55.553+0000][1][safepoint    ] Application time: 1.0001008 seconds
[2019-12-08T12:05:55.553+0000][1][safepoint    ] Entering safepoint region: Cleanup
[2019-12-08T12:05:55.553+0000][1][safepoint    ] Leaving safepoint region
[2019-12-08T12:05:55.553+0000][1][safepoint    ] Total time for which application threads were stopped: 0.0001236 seconds, Stopping threads took: 0.0000276 seconds
[2019-12-08T12:05:56.553+0000][1][safepoint    ] Application time: 1.0000926 seconds
[2019-12-08T12:05:56.553+0000][1][safepoint    ] Entering safepoint region: Cleanup
[2019-12-08T12:05:56.553+0000][1][safepoint    ] Leaving safepoint region
[2019-12-08T12:05:56.553+0000][1][safepoint    ] Total time for which application threads were stopped: 0.0000788 seconds, Stopping threads took: 0.0000208 seconds
[2019-12-08T12:05:57.553+0000][1][safepoint    ] Application time: 1.0000920 seconds
[2019-12-08T12:05:57.553+0000][1][safepoint    ] Entering safepoint region: Cleanup
[2019-12-08T12:05:57.553+0000][1][safepoint    ] Leaving safepoint region
[2019-12-08T12:05:57.553+0000][1][safepoint    ] Total time for which application threads were stopped: 0.0000905 seconds, Stopping threads took: 0.0000271 seconds
[2019-12-08T12:05:58.553+0000][1][safepoint    ] Application time: 1.0001546 seconds
[2019-12-08T12:05:58.553+0000][1][safepoint    ] Entering safepoint region: Cleanup
[2019-12-08T12:05:58.553+0000][1][safepoint    ] Leaving safepoint region
[2019-12-08T12:05:58.553+0000][1][safepoint    ] Total time for which application threads were stopped: 0.0000788 seconds, Stopping threads took: 0.0000209 seconds
[2019-12-08T12:05:59.554+0000][1][safepoint    ] Application time: 1.0000842 seconds
[2019-12-08T12:05:59.554+0000][1][safepoint    ] Entering safepoint region: Cleanup
[2019-12-08T12:05:59.554+0000][1][safepoint    ] Leaving safepoint region
[2019-12-08T12:05:59.554+0000][1][safepoint    ] Total time for which application threads were stopped: 0.0000879 seconds, Stopping threads took: 0.0000213 seconds
[2019-12-08T12:06:00.554+0000][1][safepoint    ] Application time: 1.0000790 seconds
[2019-12-08T12:06:00.554+0000][1][safepoint    ] Entering safepoint region: Cleanup
[2019-12-08T12:06:00.554+0000][1][safepoint    ] Leaving safepoint region
[2019-12-08T12:06:00.554+0000][1][safepoint    ] Total time for which application threads were stopped: 0.0000832 seconds, Stopping threads took: 0.0000282 seconds
[2019-12-08T12:06:01.554+0000][1][safepoint    ] Application time: 1.0000792 seconds
[2019-12-08T12:06:01.554+0000][1][safepoint    ] Entering safepoint region: Cleanup
[2019-12-08T12:06:01.554+0000][1][safepoint    ] Leaving safepoint region
[2019-12-08T12:06:01.554+0000][1][safepoint    ] Total time for which application threads were stopped: 0.0000773 seconds, Stopping threads took: 0.0000189 seconds
[2019-12-08T12:06:02.554+0000][1][safepoint    ] Application time: 1.0000799 seconds
[2019-12-08T12:06:02.554+0000][1][safepoint    ] Entering safepoint region: Cleanup
[2019-12-08T12:06:02.554+0000][1][safepoint    ] Leaving safepoint region
[2019-12-08T12:06:02.554+0000][1][safepoint    ] Total time for which application threads were stopped: 0.0000765 seconds, Stopping threads took: 0.0000196 seconds
[2019-12-08T12:06:03.554+0000][1][safepoint    ] Application time: 1.0000840 seconds
[2019-12-08T12:06:03.554+0000][1][safepoint    ] Entering safepoint region: Cleanup
[2019-12-08T12:06:03.555+0000][1][safepoint    ] Leaving safepoint region
[2019-12-08T12:06:03.555+0000][1][safepoint    ] Total time for which application threads were stopped: 0.0000745 seconds, Stopping threads took: 0.0000200 seconds
[2019-12-08T12:06:04.555+0000][1][safepoint    ] Application time: 1.0000826 seconds
[2019-12-08T12:06:04.555+0000][1][safepoint    ] Entering safepoint region: Cleanup
[2019-12-08T12:06:04.555+0000][1][safepoint    ] Leaving safepoint region
[2019-12-08T12:06:04.555+0000][1][safepoint    ] Total time for which application threads were stopped: 0.0000845 seconds, Stopping threads took: 0.0000199 seconds
[2019-12-08T12:06:05.555+0000][1][safepoint    ] Application time: 1.0000818 seconds
[2019-12-08T12:06:05.555+0000][1][safepoint    ] Entering safepoint region: Cleanup
[2019-12-08T12:06:05.555+0000][1][safepoint    ] Leaving safepoint region
[2019-12-08T12:06:05.555+0000][1][safepoint    ] Total time for which application threads were stopped: 0.0000748 seconds, Stopping threads took: 0.0000208 seconds
[2019-12-08T12:06:06.555+0000][1][safepoint    ] Application time: 1.0000798 seconds
[2019-12-08T12:06:06.555+0000][1][safepoint    ] Entering safepoint region: Cleanup
[2019-12-08T12:06:06.555+0000][1][safepoint    ] Leaving safepoint region
[2019-12-08T12:06:06.555+0000][1][safepoint    ] Total time for which application threads were stopped: 0.0000722 seconds, Stopping threads took: 0.0000188 seconds
[2019-12-08T12:06:07.555+0000][1][safepoint    ] Application time: 1.0000789 seconds
[2019-12-08T12:06:07.555+0000][1][safepoint    ] Entering safepoint region: Cleanup
[2019-12-08T12:06:07.555+0000][1][safepoint    ] Leaving safepoint region
[2019-12-08T12:06:07.555+0000][1][safepoint    ] Total time for which application threads were stopped: 0.0000767 seconds, Stopping threads took: 0.0000199 seconds
[2019-12-08T12:06:08.555+0000][1][safepoint    ] Application time: 1.0000873 seconds
[2019-12-08T12:06:08.555+0000][1][safepoint    ] Entering safepoint region: Cleanup
[2019-12-08T12:06:08.556+0000][1][safepoint    ] Leaving safepoint region
[2019-12-08T12:06:08.556+0000][1][safepoint    ] Total time for which application threads were stopped: 0.0000835 seconds, Stopping threads took: 0.0000287 seconds
[2019-12-08T12:06:09.556+0000][1][safepoint    ] Application time: 1.0000795 seconds
[2019-12-08T12:06:09.556+0000][1][safepoint    ] Entering safepoint region: Cleanup
[2019-12-08T12:06:09.556+0000][1][safepoint    ] Leaving safepoint region
[2019-12-08T12:06:09.556+0000][1][safepoint    ] Total time for which application threads were stopped: 0.0000859 seconds, Stopping threads took: 0.0000295 seconds
[2019-12-08T12:06:10.556+0000][1][safepoint    ] Application time: 1.0000799 seconds
[2019-12-08T12:06:10.556+0000][1][safepoint    ] Entering safepoint region: Cleanup
[2019-12-08T12:06:10.556+0000][1][safepoint    ] Leaving safepoint region
[2019-12-08T12:06:10.556+0000][1][safepoint    ] Total time for which application threads were stopped: 0.0000704 seconds, Stopping threads took: 0.0000184 seconds
[2019-12-08T12:06:11.556+0000][1][safepoint    ] Application time: 1.0000777 seconds
[2019-12-08T12:06:11.556+0000][1][safepoint    ] Entering safepoint region: Cleanup
[2019-12-08T12:06:11.556+0000][1][safepoint    ] Leaving safepoint region
[2019-12-08T12:06:11.556+0000][1][safepoint    ] Total time for which application threads were stopped: 0.0000722 seconds, Stopping threads took: 0.0000197 seconds
[2019-12-08T12:06:13.211+0000][1][safepoint    ] Application time: 1.6544217 seconds
[2019-12-08T12:06:13.211+0000][1][safepoint    ] Entering safepoint region: Cleanup
[2019-12-08T12:06:13.211+0000][1][safepoint    ] Leaving safepoint region
[2019-12-08T12:06:13.211+0000][1][safepoint    ] Total time for which application threads were stopped: 0.0000737 seconds, Stopping threads took: 0.0000194 seconds
[2019-12-08T12:06:14.211+0000][1][safepoint    ] Application time: 1.0000874 seconds
[2019-12-08T12:06:14.211+0000][1][safepoint    ] Entering safepoint region: Cleanup
[2019-12-08T12:06:14.211+0000][1][safepoint    ] Leaving safepoint region
[2019-12-08T12:06:14.211+0000][1][safepoint    ] Total time for which application threads were stopped: 0.0000839 seconds, Stopping threads took: 0.0000206 seconds
[2019-12-08T12:06:15.211+0000][1][safepoint    ] Application time: 1.0000786 seconds
[2019-12-08T12:06:15.211+0000][1][safepoint    ] Entering safepoint region: Cleanup
[2019-12-08T12:06:15.211+0000][1][safepoint    ] Leaving safepoint region
[2019-12-08T12:06:15.211+0000][1][safepoint    ] Total time for which application threads were stopped: 0.0000864 seconds, Stopping threads took: 0.0000275 seconds
[2019-12-08T12:06:16.211+0000][1][safepoint    ] Application time: 1.0000798 seconds
[2019-12-08T12:06:16.211+0000][1][safepoint    ] Entering safepoint region: Cleanup
[2019-12-08T12:06:16.211+0000][1][safepoint    ] Leaving safepoint region
[2019-12-08T12:06:16.211+0000][1][safepoint    ] Total time for which application threads were stopped: 0.0000747 seconds, Stopping threads took: 0.0000192 seconds
[2019-12-08T12:06:17.211+0000][1][safepoint    ] Application time: 1.0000778 seconds
[2019-12-08T12:06:17.211+0000][1][safepoint    ] Entering safepoint region: Cleanup
[2019-12-08T12:06:17.211+0000][1][safepoint    ] Leaving safepoint region
[2019-12-08T12:06:17.211+0000][1][safepoint    ] Total time for which application threads were stopped: 0.0000742 seconds, Stopping threads took: 0.0000189 seconds
[2019-12-08T12:06:18.212+0000][1][safepoint    ] Application time: 1.0000816 seconds
[2019-12-08T12:06:18.212+0000][1][safepoint    ] Entering safepoint region: Cleanup
[2019-12-08T12:06:18.212+0000][1][safepoint    ] Leaving safepoint region
[2019-12-08T12:06:18.212+0000][1][safepoint    ] Total time for which application threads were stopped: 0.0000861 seconds, Stopping threads took: 0.0000194 seconds
[2019-12-08T12:06:19.212+0000][1][safepoint    ] Application time: 1.0000791 seconds
[2019-12-08T12:06:19.212+0000][1][safepoint    ] Entering safepoint region: Cleanup
[2019-12-08T12:06:19.212+0000][1][safepoint    ] Leaving safepoint region
[2019-12-08T12:06:19.212+0000][1][safepoint    ] Total time for which application threads were stopped: 0.0000753 seconds, Stopping threads took: 0.0000199 seconds
[2019-12-08T12:06:20.212+0000][1][safepoint    ] Application time: 1.0000776 seconds
[2019-12-08T12:06:20.212+0000][1][safepoint    ] Entering safepoint region: Cleanup
[2019-12-08T12:06:20.212+0000][1][safepoint    ] Leaving safepoint region
[2019-12-08T12:06:20.212+0000][1][safepoint    ] Total time for which application threads were stopped: 0.0000904 seconds, Stopping threads took: 0.0000190 seconds
[2019-12-08T12:06:21.212+0000][1][safepoint    ] Application time: 1.0000785 seconds
[2019-12-08T12:06:21.212+0000][1][safepoint    ] Entering safepoint region: Cleanup
[2019-12-08T12:06:21.212+0000][1][safepoint    ] Leaving safepoint region
[2019-12-08T12:06:21.212+0000][1][safepoint    ] Total time for which application threads were stopped: 0.0000730 seconds, Stopping threads took: 0.0000194 seconds
[2019-12-08T12:06:22.212+0000][1][safepoint    ] Application time: 1.0000808 seconds
[2019-12-08T12:06:22.212+0000][1][safepoint    ] Entering safepoint region: Cleanup
[2019-12-08T12:06:22.212+0000][1][safepoint    ] Leaving safepoint region
[2019-12-08T12:06:22.213+0000][1][safepoint    ] Total time for which application threads were stopped: 0.0000713 seconds, Stopping threads took: 0.0000185 seconds
[2019-12-08T12:06:23.213+0000][1][safepoint    ] Application time: 1.0000767 seconds
[2019-12-08T12:06:23.213+0000][1][safepoint    ] Entering safepoint region: Cleanup
[2019-12-08T12:06:23.213+0000][1][safepoint    ] Leaving safepoint region
[2019-12-08T12:06:23.213+0000][1][safepoint    ] Total time for which application threads were stopped: 0.0000830 seconds, Stopping threads took: 0.0000189 seconds
[2019-12-08T12:06:24.213+0000][1][safepoint    ] Application time: 1.0000751 seconds
[2019-12-08T12:06:24.213+0000][1][safepoint    ] Entering safepoint region: Cleanup
[2019-12-08T12:06:24.213+0000][1][safepoint    ] Leaving safepoint region
[2019-12-08T12:06:24.213+0000][1][safepoint    ] Total time for which application threads were stopped: 0.0000764 seconds, Stopping threads took: 0.0000229 seconds
[2019-12-08T12:06:25.213+0000][1][safepoint    ] Application time: 1.0000814 seconds
[2019-12-08T12:06:25.213+0000][1][safepoint    ] Entering safepoint region: Cleanup
[2019-12-08T12:06:25.213+0000][1][safepoint    ] Leaving safepoint region
[2019-12-08T12:06:25.213+0000][1][safepoint    ] Total time for which application threads were stopped: 0.0000831 seconds, Stopping threads took: 0.0000270 seconds
[2019-12-08T12:06:26.213+0000][1][safepoint    ] Application time: 1.0000766 seconds
[2019-12-08T12:06:26.213+0000][1][safepoint    ] Entering safepoint region: Cleanup
[2019-12-08T12:06:26.213+0000][1][safepoint    ] Leaving safepoint region
[2019-12-08T12:06:26.213+0000][1][safepoint    ] Total time for which application threads were stopped: 0.0000709 seconds, Stopping threads took: 0.0000183 seconds
[2019-12-08T12:06:27.213+0000][1][safepoint    ] Application time: 1.0000765 seconds
[2019-12-08T12:06:27.213+0000][1][safepoint    ] Entering safepoint region: Cleanup
[2019-12-08T12:06:27.213+0000][1][safepoint    ] Leaving safepoint region
[2019-12-08T12:06:27.213+0000][1][safepoint    ] Total time for which application threads were stopped: 0.0000736 seconds, Stopping threads took: 0.0000192 seconds
[2019-12-08T12:06:28.214+0000][1][safepoint    ] Application time: 1.0000923 seconds
[2019-12-08T12:06:28.214+0000][1][safepoint    ] Entering safepoint region: Cleanup
[2019-12-08T12:06:28.214+0000][1][safepoint    ] Leaving safepoint region
[2019-12-08T12:06:28.214+0000][1][safepoint    ] Total time for which application threads were stopped: 0.0000878 seconds, Stopping threads took: 0.0000194 seconds
[2019-12-08T12:06:29.214+0000][1][safepoint    ] Application time: 1.0000891 seconds
[2019-12-08T12:06:29.214+0000][1][safepoint    ] Entering safepoint region: Cleanup
[2019-12-08T12:06:29.214+0000][1][safepoint    ] Leaving safepoint region
[2019-12-08T12:06:29.214+0000][1][safepoint    ] Total time for which application threads were stopped: 0.0000765 seconds, Stopping threads took: 0.0000197 seconds
[2019-12-08T12:06:30.214+0000][1][safepoint    ] Application time: 1.0000876 seconds
[2019-12-08T12:06:30.214+0000][1][safepoint    ] Entering safepoint region: Cleanup
[2019-12-08T12:06:30.214+0000][1][safepoint    ] Leaving safepoint region
[2019-12-08T12:06:30.214+0000][1][safepoint    ] Total time for which application threads were stopped: 0.0000763 seconds, Stopping threads took: 0.0000194 seconds
[2019-12-08T12:06:31.214+0000][1][safepoint    ] Application time: 1.0000921 seconds
[2019-12-08T12:06:31.214+0000][1][safepoint    ] Entering safepoint region: Cleanup
[2019-12-08T12:06:31.214+0000][1][safepoint    ] Leaving safepoint region
[2019-12-08T12:06:31.214+0000][1][safepoint    ] Total time for which application threads were stopped: 0.0000736 seconds, Stopping threads took: 0.0000199 seconds
[2019-12-08T12:06:32.214+0000][1][safepoint    ] Application time: 1.0000815 seconds
[2019-12-08T12:06:32.214+0000][1][safepoint    ] Entering safepoint region: Cleanup
[2019-12-08T12:06:32.215+0000][1][safepoint    ] Leaving safepoint region
[2019-12-08T12:06:32.215+0000][1][safepoint    ] Total time for which application threads were stopped: 0.0000741 seconds, Stopping threads took: 0.0000199 seconds
[2019-12-08T12:06:33.215+0000][1][safepoint    ] Application time: 1.0000855 seconds
[2019-12-08T12:06:33.215+0000][1][safepoint    ] Entering safepoint region: Cleanup
[2019-12-08T12:06:33.215+0000][1][safepoint    ] Leaving safepoint region
[2019-12-08T12:06:33.215+0000][1][safepoint    ] Total time for which application threads were stopped: 0.0000747 seconds, Stopping threads took: 0.0000196 seconds
[2019-12-08T12:06:34.215+0000][1][safepoint    ] Application time: 1.0000801 seconds
[2019-12-08T12:06:34.215+0000][1][safepoint    ] Entering safepoint region: Cleanup
[2019-12-08T12:06:34.215+0000][1][safepoint    ] Leaving safepoint region
[2019-12-08T12:06:34.215+0000][1][safepoint    ] Total time for which application threads were stopped: 0.0000740 seconds, Stopping threads took: 0.0000188 seconds
[2019-12-08T12:06:35.215+0000][1][safepoint    ] Application time: 1.0000863 seconds
[2019-12-08T12:06:35.215+0000][1][safepoint    ] Entering safepoint region: Cleanup
[2019-12-08T12:06:35.215+0000][1][safepoint    ] Leaving safepoint region
[2019-12-08T12:06:35.215+0000][1][safepoint    ] Total time for which application threads were stopped: 0.0000861 seconds, Stopping threads took: 0.0000297 seconds
[2019-12-08T12:06:36.215+0000][1][safepoint    ] Application time: 1.0000882 seconds
[2019-12-08T12:06:36.215+0000][1][safepoint    ] Entering safepoint region: Cleanup
[2019-12-08T12:06:36.215+0000][1][safepoint    ] Leaving safepoint region
[2019-12-08T12:06:36.215+0000][1][safepoint    ] Total time for which application threads were stopped: 0.0000738 seconds, Stopping threads took: 0.0000195 seconds
[2019-12-08T12:06:37.215+0000][1][safepoint    ] Application time: 1.0000826 seconds
[2019-12-08T12:06:37.216+0000][1][safepoint    ] Entering safepoint region: Cleanup
[2019-12-08T12:06:37.216+0000][1][safepoint    ] Leaving safepoint region
[2019-12-08T12:06:37.216+0000][1][safepoint    ] Total time for which application threads were stopped: 0.0000747 seconds, Stopping threads took: 0.0000188 seconds
[2019-12-08T12:06:37.577+0000][1][safepoint    ] Application time: 0.3611936 seconds
[2019-12-08T12:06:37.577+0000][1][safepoint    ] Entering safepoint region: GenCollectForAllocation
[2019-12-08T12:06:37.577+0000][1][gc,start     ] GC(31) Pause Young (Allocation Failure)
[2019-12-08T12:06:37.577+0000][1][gc,task      ] GC(31) Using 4 workers of 4 for evacuation
[2019-12-08T12:06:37.578+0000][1][gc,age       ] GC(31) Desired survivor size 4456448 bytes, new threshold 6 (max threshold 6)
[2019-12-08T12:06:37.578+0000][1][gc,age       ] GC(31) Age table with threshold 6 (max threshold 6)
[2019-12-08T12:06:37.578+0000][1][gc,age       ] GC(31) - age   1:       4600 bytes,       4600 total
[2019-12-08T12:06:37.578+0000][1][gc,age       ] GC(31) - age   2:       1752 bytes,       6352 total
[2019-12-08T12:06:37.578+0000][1][gc,age       ] GC(31) - age   3:       2096 bytes,       8448 total
[2019-12-08T12:06:37.578+0000][1][gc,age       ] GC(31) - age   4:       2440 bytes,      10888 total
[2019-12-08T12:06:37.578+0000][1][gc,age       ] GC(31) - age   5:        592 bytes,      11480 total
[2019-12-08T12:06:37.578+0000][1][gc,age       ] GC(31) - age   6:       6552 bytes,      18032 total
[2019-12-08T12:06:37.578+0000][1][gc,heap      ] GC(31) ParNew: 70001K->31K(78656K)
[2019-12-08T12:06:37.578+0000][1][gc,heap      ] GC(31) CMS: 70445K->70447K(174784K)
[2019-12-08T12:06:37.578+0000][1][gc,metaspace ] GC(31) Metaspace: 69083K->69083K(1112064K)
[2019-12-08T12:06:37.578+0000][1][gc           ] GC(31) Pause Young (Allocation Failure) 137M->68M(247M) 1.093ms
[2019-12-08T12:06:37.578+0000][1][gc,cpu       ] GC(31) User=0.01s Sys=0.00s Real=0.00s
[2019-12-08T12:06:37.578+0000][1][safepoint    ] Leaving safepoint region
[2019-12-08T12:06:37.578+0000][1][safepoint    ] Total time for which application threads were stopped: 0.0012405 seconds, Stopping threads took: 0.0000189 seconds
[2019-12-08T12:06:38.578+0000][1][safepoint    ] Application time: 1.0000899 seconds
[2019-12-08T12:06:38.578+0000][1][safepoint    ] Entering safepoint region: Cleanup
[2019-12-08T12:06:38.578+0000][1][safepoint    ] Leaving safepoint region
[2019-12-08T12:06:38.578+0000][1][safepoint    ] Total time for which application threads were stopped: 0.0000680 seconds, Stopping threads took: 0.0000162 seconds
[2019-12-08T12:06:39.578+0000][1][safepoint    ] Application time: 1.0000876 seconds
[2019-12-08T12:06:39.578+0000][1][safepoint    ] Entering safepoint region: Cleanup
[2019-12-08T12:06:39.578+0000][1][safepoint    ] Leaving safepoint region
[2019-12-08T12:06:39.578+0000][1][safepoint    ] Total time for which application threads were stopped: 0.0000728 seconds, Stopping threads took: 0.0000200 seconds
[2019-12-08T12:06:40.579+0000][1][safepoint    ] Application time: 1.0000804 seconds
[2019-12-08T12:06:40.579+0000][1][safepoint    ] Entering safepoint region: Cleanup
[2019-12-08T12:06:40.579+0000][1][safepoint    ] Leaving safepoint region
[2019-12-08T12:06:40.579+0000][1][safepoint    ] Total time for which application threads were stopped: 0.0000674 seconds, Stopping threads took: 0.0000172 seconds
[2019-12-08T12:06:41.579+0000][1][safepoint    ] Application time: 1.0000817 seconds
[2019-12-08T12:06:41.579+0000][1][safepoint    ] Entering safepoint region: Cleanup
[2019-12-08T12:06:41.579+0000][1][safepoint    ] Leaving safepoint region
[2019-12-08T12:06:41.579+0000][1][safepoint    ] Total time for which application threads were stopped: 0.0000715 seconds, Stopping threads took: 0.0000187 seconds
[2019-12-08T12:06:42.579+0000][1][safepoint    ] Application time: 1.0000825 seconds
[2019-12-08T12:06:42.579+0000][1][safepoint    ] Entering safepoint region: Cleanup
[2019-12-08T12:06:42.579+0000][1][safepoint    ] Leaving safepoint region
[2019-12-08T12:06:42.579+0000][1][safepoint    ] Total time for which application threads were stopped: 0.0000736 seconds, Stopping threads took: 0.0000188 seconds
[2019-12-08T12:06:43.579+0000][1][safepoint    ] Application time: 1.0000837 seconds
[2019-12-08T12:06:43.579+0000][1][safepoint    ] Entering safepoint region: Cleanup
[2019-12-08T12:06:43.579+0000][1][safepoint    ] Leaving safepoint region
[2019-12-08T12:06:43.579+0000][1][safepoint    ] Total time for which application threads were stopped: 0.0000687 seconds, Stopping threads took: 0.0000173 seconds
[2019-12-08T12:06:44.579+0000][1][safepoint    ] Application time: 1.0000879 seconds
[2019-12-08T12:06:44.579+0000][1][safepoint    ] Entering safepoint region: Cleanup
[2019-12-08T12:06:44.579+0000][1][safepoint    ] Leaving safepoint region
[2019-12-08T12:06:44.579+0000][1][safepoint    ] Total time for which application threads were stopped: 0.0000935 seconds, Stopping threads took: 0.0000241 seconds
[2019-12-08T12:06:45.580+0000][1][safepoint    ] Application time: 1.0000841 seconds
[2019-12-08T12:06:45.580+0000][1][safepoint    ] Entering safepoint region: Cleanup
[2019-12-08T12:06:45.580+0000][1][safepoint    ] Leaving safepoint region
[2019-12-08T12:06:45.580+0000][1][safepoint    ] Total time for which application threads were stopped: 0.0000783 seconds, Stopping threads took: 0.0000185 seconds
[2019-12-08T12:06:46.580+0000][1][safepoint    ] Application time: 1.0000809 seconds
[2019-12-08T12:06:46.580+0000][1][safepoint    ] Entering safepoint region: Cleanup
[2019-12-08T12:06:46.580+0000][1][safepoint    ] Leaving safepoint region
[2019-12-08T12:06:46.580+0000][1][safepoint    ] Total time for which application threads were stopped: 0.0000708 seconds, Stopping threads took: 0.0000185 seconds
[2019-12-08T12:06:47.580+0000][1][safepoint    ] Application time: 1.0001190 seconds
[2019-12-08T12:06:47.580+0000][1][safepoint    ] Entering safepoint region: Cleanup
[2019-12-08T12:06:47.580+0000][1][safepoint    ] Leaving safepoint region
[2019-12-08T12:06:47.580+0000][1][safepoint    ] Total time for which application threads were stopped: 0.0001728 seconds, Stopping threads took: 0.0000676 seconds
[2019-12-08T12:06:48.580+0000][1][safepoint    ] Application time: 1.0001039 seconds
[2019-12-08T12:06:48.580+0000][1][safepoint    ] Entering safepoint region: Cleanup
[2019-12-08T12:06:48.580+0000][1][safepoint    ] Leaving safepoint region
[2019-12-08T12:06:48.580+0000][1][safepoint    ] Total time for which application threads were stopped: 0.0001081 seconds, Stopping threads took: 0.0000477 seconds
[2019-12-08T12:06:49.581+0000][1][safepoint    ] Application time: 1.0000898 seconds
[2019-12-08T12:06:49.581+0000][1][safepoint    ] Entering safepoint region: Cleanup
[2019-12-08T12:06:49.581+0000][1][safepoint    ] Leaving safepoint region
[2019-12-08T12:06:49.581+0000][1][safepoint    ] Total time for which application threads were stopped: 0.0000932 seconds, Stopping threads took: 0.0000237 seconds
[2019-12-08T12:06:50.581+0000][1][safepoint    ] Application time: 1.0000763 seconds
[2019-12-08T12:06:50.581+0000][1][safepoint    ] Entering safepoint region: Cleanup
[2019-12-08T12:06:50.581+0000][1][safepoint    ] Leaving safepoint region
[2019-12-08T12:06:50.581+0000][1][safepoint    ] Total time for which application threads were stopped: 0.0000693 seconds, Stopping threads took: 0.0000179 seconds
[2019-12-08T12:06:51.581+0000][1][safepoint    ] Application time: 1.0000757 seconds
[2019-12-08T12:06:51.581+0000][1][safepoint    ] Entering safepoint region: Cleanup
[2019-12-08T12:06:51.581+0000][1][safepoint    ] Leaving safepoint region
[2019-12-08T12:06:51.581+0000][1][safepoint    ] Total time for which application threads were stopped: 0.0000723 seconds, Stopping threads took: 0.0000193 seconds
[2019-12-08T12:06:52.581+0000][1][safepoint    ] Application time: 1.0000770 seconds
[2019-12-08T12:06:52.581+0000][1][safepoint    ] Entering safepoint region: Cleanup
[2019-12-08T12:06:52.581+0000][1][safepoint    ] Leaving safepoint region
[2019-12-08T12:06:52.581+0000][1][safepoint    ] Total time for which application threads were stopped: 0.0000706 seconds, Stopping threads took: 0.0000191 seconds
[2019-12-08T12:06:53.581+0000][1][safepoint    ] Application time: 1.0000760 seconds
[2019-12-08T12:06:53.581+0000][1][safepoint    ] Entering safepoint region: Cleanup
[2019-12-08T12:06:53.581+0000][1][safepoint    ] Leaving safepoint region
[2019-12-08T12:06:53.581+0000][1][safepoint    ] Total time for which application threads were stopped: 0.0000697 seconds, Stopping threads took: 0.0000176 seconds
[2019-12-08T12:06:54.581+0000][1][safepoint    ] Application time: 1.0000783 seconds
[2019-12-08T12:06:54.582+0000][1][safepoint    ] Entering safepoint region: Cleanup
[2019-12-08T12:06:54.582+0000][1][safepoint    ] Leaving safepoint region
[2019-12-08T12:06:54.582+0000][1][safepoint    ] Total time for which application threads were stopped: 0.0000712 seconds, Stopping threads took: 0.0000196 seconds
[2019-12-08T12:06:55.582+0000][1][safepoint    ] Application time: 1.0000756 seconds
[2019-12-08T12:06:55.582+0000][1][safepoint    ] Entering safepoint region: Cleanup
[2019-12-08T12:06:55.582+0000][1][safepoint    ] Leaving safepoint region
[2019-12-08T12:06:55.582+0000][1][safepoint    ] Total time for which application threads were stopped: 0.0000694 seconds, Stopping threads took: 0.0000201 seconds
[2019-12-08T12:06:56.582+0000][1][safepoint    ] Application time: 1.0000796 seconds
[2019-12-08T12:06:56.582+0000][1][safepoint    ] Entering safepoint region: Cleanup
[2019-12-08T12:06:56.582+0000][1][safepoint    ] Leaving safepoint region
[2019-12-08T12:06:56.582+0000][1][safepoint    ] Total time for which application threads were stopped: 0.0000732 seconds, Stopping threads took: 0.0000202 seconds
[2019-12-08T12:06:57.582+0000][1][safepoint    ] Application time: 1.0000850 seconds
[2019-12-08T12:06:57.582+0000][1][safepoint    ] Entering safepoint region: Cleanup
[2019-12-08T12:06:57.582+0000][1][safepoint    ] Leaving safepoint region
[2019-12-08T12:06:57.582+0000][1][safepoint    ] Total time for which application threads were stopped: 0.0000851 seconds, Stopping threads took: 0.0000322 seconds
[2019-12-08T12:06:58.582+0000][1][safepoint    ] Application time: 1.0000783 seconds
[2019-12-08T12:06:58.582+0000][1][safepoint    ] Entering safepoint region: Cleanup
[2019-12-08T12:06:58.582+0000][1][safepoint    ] Leaving safepoint region
[2019-12-08T12:06:58.582+0000][1][safepoint    ] Total time for which application threads were stopped: 0.0000721 seconds, Stopping threads took: 0.0000208 seconds
[2019-12-08T12:06:59.582+0000][1][safepoint    ] Application time: 1.0000791 seconds
[2019-12-08T12:06:59.582+0000][1][safepoint    ] Entering safepoint region: Cleanup
[2019-12-08T12:06:59.583+0000][1][safepoint    ] Leaving safepoint region
[2019-12-08T12:06:59.583+0000][1][safepoint    ] Total time for which application threads were stopped: 0.0000770 seconds, Stopping threads took: 0.0000194 seconds
[2019-12-08T12:07:00.583+0000][1][safepoint    ] Application time: 1.0000765 seconds
[2019-12-08T12:07:00.583+0000][1][safepoint    ] Entering safepoint region: Cleanup
[2019-12-08T12:07:00.583+0000][1][safepoint    ] Leaving safepoint region
[2019-12-08T12:07:00.583+0000][1][safepoint    ] Total time for which application threads were stopped: 0.0000911 seconds, Stopping threads took: 0.0000261 seconds
[2019-12-08T12:07:01.583+0000][1][safepoint    ] Application time: 1.0000796 seconds
[2019-12-08T12:07:01.583+0000][1][safepoint    ] Entering safepoint region: Cleanup
[2019-12-08T12:07:01.583+0000][1][safepoint    ] Leaving safepoint region
[2019-12-08T12:07:01.583+0000][1][safepoint    ] Total time for which application threads were stopped: 0.0000697 seconds, Stopping threads took: 0.0000184 seconds
[2019-12-08T12:07:02.583+0000][1][safepoint    ] Application time: 1.0000797 seconds
[2019-12-08T12:07:02.583+0000][1][safepoint    ] Entering safepoint region: Cleanup
[2019-12-08T12:07:02.583+0000][1][safepoint    ] Leaving safepoint region
[2019-12-08T12:07:02.583+0000][1][safepoint    ] Total time for which application threads were stopped: 0.0000732 seconds, Stopping threads took: 0.0000198 seconds
[2019-12-08T12:07:03.583+0000][1][safepoint    ] Application time: 1.0000817 seconds
[2019-12-08T12:07:03.583+0000][1][safepoint    ] Entering safepoint region: Cleanup
[2019-12-08T12:07:03.583+0000][1][safepoint    ] Leaving safepoint region
[2019-12-08T12:07:03.583+0000][1][safepoint    ] Total time for which application threads were stopped: 0.0000722 seconds, Stopping threads took: 0.0000185 seconds
[2019-12-08T12:07:04.583+0000][1][safepoint    ] Application time: 1.0000821 seconds
[2019-12-08T12:07:04.583+0000][1][safepoint    ] Entering safepoint region: Cleanup
[2019-12-08T12:07:04.583+0000][1][safepoint    ] Leaving safepoint region
[2019-12-08T12:07:04.584+0000][1][safepoint    ] Total time for which application threads were stopped: 0.0000699 seconds, Stopping threads took: 0.0000181 seconds
[2019-12-08T12:07:05.584+0000][1][safepoint    ] Application time: 1.0000781 seconds
[2019-12-08T12:07:05.584+0000][1][safepoint    ] Entering safepoint region: Cleanup
[2019-12-08T12:07:05.584+0000][1][safepoint    ] Leaving safepoint region
[2019-12-08T12:07:05.584+0000][1][safepoint    ] Total time for which application threads were stopped: 0.0000827 seconds, Stopping threads took: 0.0000200 seconds
[2019-12-08T12:07:06.584+0000][1][safepoint    ] Application time: 1.0000764 seconds
[2019-12-08T12:07:06.584+0000][1][safepoint    ] Entering safepoint region: Cleanup
[2019-12-08T12:07:06.584+0000][1][safepoint    ] Leaving safepoint region
[2019-12-08T12:07:06.584+0000][1][safepoint    ] Total time for which application threads were stopped: 0.0000720 seconds, Stopping threads took: 0.0000193 seconds
[2019-12-08T12:07:07.584+0000][1][safepoint    ] Application time: 1.0000763 seconds
[2019-12-08T12:07:07.584+0000][1][safepoint    ] Entering safepoint region: Cleanup
[2019-12-08T12:07:07.584+0000][1][safepoint    ] Leaving safepoint region
[2019-12-08T12:07:07.584+0000][1][safepoint    ] Total time for which application threads were stopped: 0.0000715 seconds, Stopping threads took: 0.0000188 seconds
[2019-12-08T12:07:08.584+0000][1][safepoint    ] Application time: 1.0000750 seconds
[2019-12-08T12:07:08.584+0000][1][safepoint    ] Entering safepoint region: Cleanup
[2019-12-08T12:07:08.584+0000][1][safepoint    ] Leaving safepoint region
[2019-12-08T12:07:08.584+0000][1][safepoint    ] Total time for which application threads were stopped: 0.0000765 seconds, Stopping threads took: 0.0000255 seconds
[2019-12-08T12:07:09.584+0000][1][safepoint    ] Application time: 1.0000775 seconds
[2019-12-08T12:07:09.584+0000][1][safepoint    ] Entering safepoint region: Cleanup
[2019-12-08T12:07:09.584+0000][1][safepoint    ] Leaving safepoint region
[2019-12-08T12:07:09.584+0000][1][safepoint    ] Total time for which application threads were stopped: 0.0000723 seconds, Stopping threads took: 0.0000186 seconds
[2019-12-08T12:07:10.585+0000][1][safepoint    ] Application time: 1.0000759 seconds
[2019-12-08T12:07:10.585+0000][1][safepoint    ] Entering safepoint region: Cleanup
[2019-12-08T12:07:10.585+0000][1][safepoint    ] Leaving safepoint region
[2019-12-08T12:07:10.585+0000][1][safepoint    ] Total time for which application threads were stopped: 0.0000703 seconds, Stopping threads took: 0.0000192 seconds
[2019-12-08T12:07:11.585+0000][1][safepoint    ] Application time: 1.0000758 seconds
[2019-12-08T12:07:11.585+0000][1][safepoint    ] Entering safepoint region: Cleanup
[2019-12-08T12:07:11.585+0000][1][safepoint    ] Leaving safepoint region
[2019-12-08T12:07:11.585+0000][1][safepoint    ] Total time for which application threads were stopped: 0.0000706 seconds, Stopping threads took: 0.0000190 seconds
[2019-12-08T12:07:12.585+0000][1][safepoint    ] Application time: 1.0000813 seconds
[2019-12-08T12:07:12.585+0000][1][safepoint    ] Entering safepoint region: Cleanup
[2019-12-08T12:07:12.585+0000][1][safepoint    ] Leaving safepoint region
[2019-12-08T12:07:12.585+0000][1][safepoint    ] Total time for which application threads were stopped: 0.0000728 seconds, Stopping threads took: 0.0000186 seconds
[2019-12-08T12:07:13.585+0000][1][safepoint    ] Application time: 1.0000761 seconds
[2019-12-08T12:07:13.585+0000][1][safepoint    ] Entering safepoint region: Cleanup
[2019-12-08T12:07:13.585+0000][1][safepoint    ] Leaving safepoint region
[2019-12-08T12:07:13.585+0000][1][safepoint    ] Total time for which application threads were stopped: 0.0000672 seconds, Stopping threads took: 0.0000180 seconds
[2019-12-08T12:07:14.585+0000][1][safepoint    ] Application time: 1.0000749 seconds
[2019-12-08T12:07:14.585+0000][1][safepoint    ] Entering safepoint region: Cleanup
[2019-12-08T12:07:14.585+0000][1][safepoint    ] Leaving safepoint region
[2019-12-08T12:07:14.585+0000][1][safepoint    ] Total time for which application threads were stopped: 0.0000713 seconds, Stopping threads took: 0.0000179 seconds
[2019-12-08T12:07:15.585+0000][1][safepoint    ] Application time: 1.0000746 seconds
[2019-12-08T12:07:15.585+0000][1][safepoint    ] Entering safepoint region: Cleanup
[2019-12-08T12:07:15.586+0000][1][safepoint    ] Leaving safepoint region
[2019-12-08T12:07:15.586+0000][1][safepoint    ] Total time for which application threads were stopped: 0.0000737 seconds, Stopping threads took: 0.0000212 seconds
[2019-12-08T12:07:16.586+0000][1][safepoint    ] Application time: 1.0000765 seconds
[2019-12-08T12:07:16.586+0000][1][safepoint    ] Entering safepoint region: Cleanup
[2019-12-08T12:07:16.586+0000][1][safepoint    ] Leaving safepoint region
[2019-12-08T12:07:16.586+0000][1][safepoint    ] Total time for which application threads were stopped: 0.0000787 seconds, Stopping threads took: 0.0000186 seconds
[2019-12-08T12:07:17.586+0000][1][safepoint    ] Application time: 1.0000752 seconds
[2019-12-08T12:07:17.586+0000][1][safepoint    ] Entering safepoint region: Cleanup
[2019-12-08T12:07:17.586+0000][1][safepoint    ] Leaving safepoint region
[2019-12-08T12:07:17.586+0000][1][safepoint    ] Total time for which application threads were stopped: 0.0000696 seconds, Stopping threads took: 0.0000175 seconds
[2019-12-08T12:07:18.586+0000][1][safepoint    ] Application time: 1.0000770 seconds
[2019-12-08T12:07:18.586+0000][1][safepoint    ] Entering safepoint region: Cleanup
[2019-12-08T12:07:18.586+0000][1][safepoint    ] Leaving safepoint region
[2019-12-08T12:07:18.586+0000][1][safepoint    ] Total time for which application threads were stopped: 0.0000691 seconds, Stopping threads took: 0.0000181 seconds
[2019-12-08T12:07:19.586+0000][1][safepoint    ] Application time: 1.0000771 seconds
[2019-12-08T12:07:19.586+0000][1][safepoint    ] Entering safepoint region: Cleanup
[2019-12-08T12:07:19.586+0000][1][safepoint    ] Leaving safepoint region
[2019-12-08T12:07:19.586+0000][1][safepoint    ] Total time for which application threads were stopped: 0.0000687 seconds, Stopping threads took: 0.0000179 seconds
[2019-12-08T12:07:20.586+0000][1][safepoint    ] Application time: 1.0000762 seconds
[2019-12-08T12:07:20.586+0000][1][safepoint    ] Entering safepoint region: Cleanup
[2019-12-08T12:07:20.586+0000][1][safepoint    ] Leaving safepoint region
[2019-12-08T12:07:20.586+0000][1][safepoint    ] Total time for which application threads were stopped: 0.0000703 seconds, Stopping threads took: 0.0000183 seconds
[2019-12-08T12:07:21.587+0000][1][safepoint    ] Application time: 1.0000750 seconds
[2019-12-08T12:07:21.587+0000][1][safepoint    ] Entering safepoint region: Cleanup
[2019-12-08T12:07:21.587+0000][1][safepoint    ] Leaving safepoint region
[2019-12-08T12:07:21.587+0000][1][safepoint    ] Total time for which application threads were stopped: 0.0000678 seconds, Stopping threads took: 0.0000174 seconds
[2019-12-08T12:07:22.587+0000][1][safepoint    ] Application time: 1.0000769 seconds
[2019-12-08T12:07:22.587+0000][1][safepoint    ] Entering safepoint region: Cleanup
[2019-12-08T12:07:22.587+0000][1][safepoint    ] Leaving safepoint region
[2019-12-08T12:07:22.587+0000][1][safepoint    ] Total time for which application threads were stopped: 0.0000689 seconds, Stopping threads took: 0.0000175 seconds
[2019-12-08T12:07:23.587+0000][1][safepoint    ] Application time: 1.0000757 seconds
[2019-12-08T12:07:23.587+0000][1][safepoint    ] Entering safepoint region: Cleanup
[2019-12-08T12:07:23.587+0000][1][safepoint    ] Leaving safepoint region
[2019-12-08T12:07:23.587+0000][1][safepoint    ] Total time for which application threads were stopped: 0.0000741 seconds, Stopping threads took: 0.0000192 seconds
[2019-12-08T12:07:24.587+0000][1][safepoint    ] Application time: 1.0000778 seconds
[2019-12-08T12:07:24.587+0000][1][safepoint    ] Entering safepoint region: Cleanup
[2019-12-08T12:07:24.587+0000][1][safepoint    ] Leaving safepoint region
[2019-12-08T12:07:24.587+0000][1][safepoint    ] Total time for which application threads were stopped: 0.0000674 seconds, Stopping threads took: 0.0000186 seconds
[2019-12-08T12:07:25.587+0000][1][safepoint    ] Application time: 1.0000764 seconds
[2019-12-08T12:07:25.587+0000][1][safepoint    ] Entering safepoint region: Cleanup
[2019-12-08T12:07:25.587+0000][1][safepoint    ] Leaving safepoint region
[2019-12-08T12:07:25.587+0000][1][safepoint    ] Total time for which application threads were stopped: 0.0000691 seconds, Stopping threads took: 0.0000175 seconds
[2019-12-08T12:07:26.682+0000][1][safepoint    ] Application time: 1.0944478 seconds
[2019-12-08T12:07:26.682+0000][1][safepoint    ] Entering safepoint region: Cleanup
[2019-12-08T12:07:26.682+0000][1][safepoint    ] Leaving safepoint region
[2019-12-08T12:07:26.682+0000][1][safepoint    ] Total time for which application threads were stopped: 0.0000704 seconds, Stopping threads took: 0.0000169 seconds
[2019-12-08T12:07:27.682+0000][1][safepoint    ] Application time: 1.0000778 seconds
[2019-12-08T12:07:27.682+0000][1][safepoint    ] Entering safepoint region: Cleanup
[2019-12-08T12:07:27.682+0000][1][safepoint    ] Leaving safepoint region
[2019-12-08T12:07:27.682+0000][1][safepoint    ] Total time for which application threads were stopped: 0.0000827 seconds, Stopping threads took: 0.0000173 seconds
[2019-12-08T12:07:28.682+0000][1][safepoint    ] Application time: 1.0000788 seconds
[2019-12-08T12:07:28.682+0000][1][safepoint    ] Entering safepoint region: Cleanup
[2019-12-08T12:07:28.682+0000][1][safepoint    ] Leaving safepoint region
[2019-12-08T12:07:28.682+0000][1][safepoint    ] Total time for which application threads were stopped: 0.0000688 seconds, Stopping threads took: 0.0000167 seconds
[2019-12-08T12:07:29.682+0000][1][safepoint    ] Application time: 1.0000776 seconds
[2019-12-08T12:07:29.682+0000][1][safepoint    ] Entering safepoint region: Cleanup
[2019-12-08T12:07:29.683+0000][1][safepoint    ] Leaving safepoint region
[2019-12-08T12:07:29.683+0000][1][safepoint    ] Total time for which application threads were stopped: 0.0000689 seconds, Stopping threads took: 0.0000186 seconds
[2019-12-08T12:07:30.683+0000][1][safepoint    ] Application time: 1.0000759 seconds
[2019-12-08T12:07:30.683+0000][1][safepoint    ] Entering safepoint region: Cleanup
[2019-12-08T12:07:30.683+0000][1][safepoint    ] Leaving safepoint region
[2019-12-08T12:07:30.683+0000][1][safepoint    ] Total time for which application threads were stopped: 0.0000803 seconds, Stopping threads took: 0.0000164 seconds
[2019-12-08T12:07:31.683+0000][1][safepoint    ] Application time: 1.0000818 seconds
[2019-12-08T12:07:31.683+0000][1][safepoint    ] Entering safepoint region: Cleanup
[2019-12-08T12:07:31.683+0000][1][safepoint    ] Leaving safepoint region
[2019-12-08T12:07:31.683+0000][1][safepoint    ] Total time for which application threads were stopped: 0.0000762 seconds, Stopping threads took: 0.0000195 seconds
[2019-12-08T12:07:32.683+0000][1][safepoint    ] Application time: 1.0000891 seconds
[2019-12-08T12:07:32.683+0000][1][safepoint    ] Entering safepoint region: Cleanup
[2019-12-08T12:07:32.683+0000][1][safepoint    ] Leaving safepoint region
[2019-12-08T12:07:32.683+0000][1][safepoint    ] Total time for which application threads were stopped: 0.0000749 seconds, Stopping threads took: 0.0000191 seconds
[2019-12-08T12:07:33.683+0000][1][safepoint    ] Application time: 1.0000873 seconds
[2019-12-08T12:07:33.683+0000][1][safepoint    ] Entering safepoint region: Cleanup
[2019-12-08T12:07:33.683+0000][1][safepoint    ] Leaving safepoint region
[2019-12-08T12:07:33.683+0000][1][safepoint    ] Total time for which application threads were stopped: 0.0000697 seconds, Stopping threads took: 0.0000179 seconds
[2019-12-08T12:07:34.683+0000][1][safepoint    ] Application time: 1.0000873 seconds
[2019-12-08T12:07:34.683+0000][1][safepoint    ] Entering safepoint region: Cleanup
[2019-12-08T12:07:34.684+0000][1][safepoint    ] Leaving safepoint region
[2019-12-08T12:07:34.684+0000][1][safepoint    ] Total time for which application threads were stopped: 0.0000724 seconds, Stopping threads took: 0.0000188 seconds
[2019-12-08T12:07:35.684+0000][1][safepoint    ] Application time: 1.0000806 seconds
[2019-12-08T12:07:35.684+0000][1][safepoint    ] Entering safepoint region: Cleanup
[2019-12-08T12:07:35.684+0000][1][safepoint    ] Leaving safepoint region
[2019-12-08T12:07:35.684+0000][1][safepoint    ] Total time for which application threads were stopped: 0.0000798 seconds, Stopping threads took: 0.0000179 seconds
[2019-12-08T12:07:36.684+0000][1][safepoint    ] Application time: 1.0000868 seconds
[2019-12-08T12:07:36.684+0000][1][safepoint    ] Entering safepoint region: Cleanup
[2019-12-08T12:07:36.684+0000][1][safepoint    ] Leaving safepoint region
[2019-12-08T12:07:36.684+0000][1][safepoint    ] Total time for which application threads were stopped: 0.0001065 seconds, Stopping threads took: 0.0000478 seconds
[2019-12-08T12:07:37.684+0000][1][safepoint    ] Application time: 1.0000943 seconds
[2019-12-08T12:07:37.684+0000][1][safepoint    ] Entering safepoint region: Cleanup
[2019-12-08T12:07:37.684+0000][1][safepoint    ] Leaving safepoint region
[2019-12-08T12:07:37.684+0000][1][safepoint    ] Total time for which application threads were stopped: 0.0000729 seconds, Stopping threads took: 0.0000195 seconds
[2019-12-08T12:07:38.684+0000][1][safepoint    ] Application time: 1.0000849 seconds
[2019-12-08T12:07:38.684+0000][1][safepoint    ] Entering safepoint region: Cleanup
[2019-12-08T12:07:38.684+0000][1][safepoint    ] Leaving safepoint region
[2019-12-08T12:07:38.684+0000][1][safepoint    ] Total time for which application threads were stopped: 0.0000760 seconds, Stopping threads took: 0.0000204 seconds
[2019-12-08T12:07:39.685+0000][1][safepoint    ] Application time: 1.0000930 seconds
[2019-12-08T12:07:39.685+0000][1][safepoint    ] Entering safepoint region: Cleanup
[2019-12-08T12:07:39.685+0000][1][safepoint    ] Leaving safepoint region
[2019-12-08T12:07:39.685+0000][1][safepoint    ] Total time for which application threads were stopped: 0.0000754 seconds, Stopping threads took: 0.0000205 seconds
[2019-12-08T12:07:40.685+0000][1][safepoint    ] Application time: 1.0000799 seconds
[2019-12-08T12:07:40.685+0000][1][safepoint    ] Entering safepoint region: Cleanup
[2019-12-08T12:07:40.685+0000][1][safepoint    ] Leaving safepoint region
[2019-12-08T12:07:40.685+0000][1][safepoint    ] Total time for which application threads were stopped: 0.0000715 seconds, Stopping threads took: 0.0000186 seconds
[2019-12-08T12:07:41.685+0000][1][safepoint    ] Application time: 1.0000845 seconds
[2019-12-08T12:07:41.685+0000][1][safepoint    ] Entering safepoint region: Cleanup
[2019-12-08T12:07:41.685+0000][1][safepoint    ] Leaving safepoint region
[2019-12-08T12:07:41.685+0000][1][safepoint    ] Total time for which application threads were stopped: 0.0001090 seconds, Stopping threads took: 0.0000472 seconds
[2019-12-08T12:07:42.685+0000][1][safepoint    ] Application time: 1.0000871 seconds
[2019-12-08T12:07:42.685+0000][1][safepoint    ] Entering safepoint region: Cleanup
[2019-12-08T12:07:42.685+0000][1][safepoint    ] Leaving safepoint region
[2019-12-08T12:07:42.685+0000][1][safepoint    ] Total time for which application threads were stopped: 0.0000740 seconds, Stopping threads took: 0.0000194 seconds
[2019-12-08T12:07:43.685+0000][1][safepoint    ] Application time: 1.0000960 seconds
[2019-12-08T12:07:43.685+0000][1][safepoint    ] Entering safepoint region: Cleanup
[2019-12-08T12:07:43.685+0000][1][safepoint    ] Leaving safepoint region
[2019-12-08T12:07:43.685+0000][1][safepoint    ] Total time for which application threads were stopped: 0.0000773 seconds, Stopping threads took: 0.0000202 seconds
[2019-12-08T12:07:44.686+0000][1][safepoint    ] Application time: 1.0000837 seconds
[2019-12-08T12:07:44.686+0000][1][safepoint    ] Entering safepoint region: Cleanup
[2019-12-08T12:07:44.686+0000][1][safepoint    ] Leaving safepoint region
[2019-12-08T12:07:44.686+0000][1][safepoint    ] Total time for which application threads were stopped: 0.0000900 seconds, Stopping threads took: 0.0000195 seconds
[2019-12-08T12:07:45.686+0000][1][safepoint    ] Application time: 1.0000841 seconds
[2019-12-08T12:07:45.686+0000][1][safepoint    ] Entering safepoint region: Cleanup
[2019-12-08T12:07:45.686+0000][1][safepoint    ] Leaving safepoint region
[2019-12-08T12:07:45.686+0000][1][safepoint    ] Total time for which application threads were stopped: 0.0000744 seconds, Stopping threads took: 0.0000193 seconds
[2019-12-08T12:07:46.686+0000][1][safepoint    ] Application time: 1.0000907 seconds
[2019-12-08T12:07:46.686+0000][1][safepoint    ] Entering safepoint region: Cleanup
[2019-12-08T12:07:46.686+0000][1][safepoint    ] Leaving safepoint region
[2019-12-08T12:07:46.686+0000][1][safepoint    ] Total time for which application threads were stopped: 0.0000759 seconds, Stopping threads took: 0.0000195 seconds
[2019-12-08T12:07:47.686+0000][1][safepoint    ] Application time: 1.0000870 seconds
[2019-12-08T12:07:47.686+0000][1][safepoint    ] Entering safepoint region: Cleanup
[2019-12-08T12:07:47.686+0000][1][safepoint    ] Leaving safepoint region
[2019-12-08T12:07:47.686+0000][1][safepoint    ] Total time for which application threads were stopped: 0.0000748 seconds, Stopping threads took: 0.0000197 seconds
[2019-12-08T12:07:48.686+0000][1][safepoint    ] Application time: 1.0000799 seconds
[2019-12-08T12:07:48.686+0000][1][safepoint    ] Entering safepoint region: Cleanup
[2019-12-08T12:07:48.687+0000][1][safepoint    ] Leaving safepoint region
[2019-12-08T12:07:48.687+0000][1][safepoint    ] Total time for which application threads were stopped: 0.0000754 seconds, Stopping threads took: 0.0000202 seconds
[2019-12-08T12:07:49.687+0000][1][safepoint    ] Application time: 1.0000852 seconds
[2019-12-08T12:07:49.687+0000][1][safepoint    ] Entering safepoint region: Cleanup
[2019-12-08T12:07:49.687+0000][1][safepoint    ] Leaving safepoint region
[2019-12-08T12:07:49.687+0000][1][safepoint    ] Total time for which application threads were stopped: 0.0000866 seconds, Stopping threads took: 0.0000319 seconds
[2019-12-08T12:07:50.687+0000][1][safepoint    ] Application time: 1.0000891 seconds
[2019-12-08T12:07:50.687+0000][1][safepoint    ] Entering safepoint region: Cleanup
[2019-12-08T12:07:50.687+0000][1][safepoint    ] Leaving safepoint region
[2019-12-08T12:07:50.687+0000][1][safepoint    ] Total time for which application threads were stopped: 0.0000760 seconds, Stopping threads took: 0.0000193 seconds
[2019-12-08T12:07:51.687+0000][1][safepoint    ] Application time: 1.0000822 seconds
[2019-12-08T12:07:51.687+0000][1][safepoint    ] Entering safepoint region: Cleanup
[2019-12-08T12:07:51.687+0000][1][safepoint    ] Leaving safepoint region
[2019-12-08T12:07:51.687+0000][1][safepoint    ] Total time for which application threads were stopped: 0.0000729 seconds, Stopping threads took: 0.0000186 seconds
[2019-12-08T12:07:52.687+0000][1][safepoint    ] Application time: 1.0000827 seconds
[2019-12-08T12:07:52.687+0000][1][safepoint    ] Entering safepoint region: Cleanup
[2019-12-08T12:07:52.687+0000][1][safepoint    ] Leaving safepoint region
[2019-12-08T12:07:52.687+0000][1][safepoint    ] Total time for which application threads were stopped: 0.0000746 seconds, Stopping threads took: 0.0000197 seconds
[2019-12-08T12:07:53.687+0000][1][safepoint    ] Application time: 1.0000802 seconds
[2019-12-08T12:07:53.688+0000][1][safepoint    ] Entering safepoint region: Cleanup
[2019-12-08T12:07:53.688+0000][1][safepoint    ] Leaving safepoint region
[2019-12-08T12:07:53.688+0000][1][safepoint    ] Total time for which application threads were stopped: 0.0000749 seconds, Stopping threads took: 0.0000203 seconds
[2019-12-08T12:07:54.688+0000][1][safepoint    ] Application time: 1.0000825 seconds
[2019-12-08T12:07:54.688+0000][1][safepoint    ] Entering safepoint region: Cleanup
[2019-12-08T12:07:54.688+0000][1][safepoint    ] Leaving safepoint region
[2019-12-08T12:07:54.688+0000][1][safepoint    ] Total time for which application threads were stopped: 0.0000769 seconds, Stopping threads took: 0.0000205 seconds
[2019-12-08T12:07:55.688+0000][1][safepoint    ] Application time: 1.0000789 seconds
[2019-12-08T12:07:55.688+0000][1][safepoint    ] Entering safepoint region: Cleanup
[2019-12-08T12:07:55.688+0000][1][safepoint    ] Leaving safepoint region
[2019-12-08T12:07:55.688+0000][1][safepoint    ] Total time for which application threads were stopped: 0.0000735 seconds, Stopping threads took: 0.0000190 seconds
[2019-12-08T12:07:56.688+0000][1][safepoint    ] Application time: 1.0000845 seconds
[2019-12-08T12:07:56.688+0000][1][safepoint    ] Entering safepoint region: Cleanup
[2019-12-08T12:07:56.688+0000][1][safepoint    ] Leaving safepoint region
[2019-12-08T12:07:56.688+0000][1][safepoint    ] Total time for which application threads were stopped: 0.0000766 seconds, Stopping threads took: 0.0000200 seconds
[2019-12-08T12:07:57.688+0000][1][safepoint    ] Application time: 1.0000822 seconds
[2019-12-08T12:07:57.688+0000][1][safepoint    ] Entering safepoint region: Cleanup
[2019-12-08T12:07:57.688+0000][1][safepoint    ] Leaving safepoint region
[2019-12-08T12:07:57.688+0000][1][safepoint    ] Total time for which application threads were stopped: 0.0001022 seconds, Stopping threads took: 0.0000256 seconds
[2019-12-08T12:07:58.689+0000][1][safepoint    ] Application time: 1.0000840 seconds
[2019-12-08T12:07:58.689+0000][1][safepoint    ] Entering safepoint region: Cleanup
[2019-12-08T12:07:58.689+0000][1][safepoint    ] Leaving safepoint region
[2019-12-08T12:07:58.689+0000][1][safepoint    ] Total time for which application threads were stopped: 0.0000725 seconds, Stopping threads took: 0.0000187 seconds
[2019-12-08T12:07:59.689+0000][1][safepoint    ] Application time: 1.0000787 seconds
[2019-12-08T12:07:59.689+0000][1][safepoint    ] Entering safepoint region: Cleanup
[2019-12-08T12:07:59.689+0000][1][safepoint    ] Leaving safepoint region
[2019-12-08T12:07:59.689+0000][1][safepoint    ] Total time for which application threads were stopped: 0.0000733 seconds, Stopping threads took: 0.0000189 seconds
[2019-12-08T12:08:00.689+0000][1][safepoint    ] Application time: 1.0000761 seconds
[2019-12-08T12:08:00.689+0000][1][safepoint    ] Entering safepoint region: Cleanup
[2019-12-08T12:08:00.689+0000][1][safepoint    ] Leaving safepoint region
[2019-12-08T12:08:00.689+0000][1][safepoint    ] Total time for which application threads were stopped: 0.0000811 seconds, Stopping threads took: 0.0000269 seconds
[2019-12-08T12:08:01.689+0000][1][safepoint    ] Application time: 1.0000440 seconds
[2019-12-08T12:08:01.689+0000][1][safepoint    ] Entering safepoint region: Cleanup
[2019-12-08T12:08:01.689+0000][1][safepoint    ] Leaving safepoint region
[2019-12-08T12:08:01.689+0000][1][safepoint    ] Total time for which application threads were stopped: 0.0000826 seconds, Stopping threads took: 0.0000237 seconds
[2019-12-08T12:08:02.689+0000][1][safepoint    ] Application time: 1.0000819 seconds
[2019-12-08T12:08:02.689+0000][1][safepoint    ] Entering safepoint region: Cleanup
[2019-12-08T12:08:02.689+0000][1][safepoint    ] Leaving safepoint region
[2019-12-08T12:08:02.689+0000][1][safepoint    ] Total time for which application threads were stopped: 0.0000760 seconds, Stopping threads took: 0.0000197 seconds
[2019-12-08T12:08:03.689+0000][1][safepoint    ] Application time: 1.0000798 seconds
[2019-12-08T12:08:03.690+0000][1][safepoint    ] Entering safepoint region: Cleanup
[2019-12-08T12:08:03.690+0000][1][safepoint    ] Leaving safepoint region
[2019-12-08T12:08:03.690+0000][1][safepoint    ] Total time for which application threads were stopped: 0.0000727 seconds, Stopping threads took: 0.0000184 seconds
[2019-12-08T12:08:04.690+0000][1][safepoint    ] Application time: 1.0000780 seconds
[2019-12-08T12:08:04.690+0000][1][safepoint    ] Entering safepoint region: Cleanup
[2019-12-08T12:08:04.690+0000][1][safepoint    ] Leaving safepoint region
[2019-12-08T12:08:04.690+0000][1][safepoint    ] Total time for which application threads were stopped: 0.0000721 seconds, Stopping threads took: 0.0000188 seconds
[2019-12-08T12:08:05.690+0000][1][safepoint    ] Application time: 1.0000798 seconds
[2019-12-08T12:08:05.690+0000][1][safepoint    ] Entering safepoint region: Cleanup
[2019-12-08T12:08:05.690+0000][1][safepoint    ] Leaving safepoint region
[2019-12-08T12:08:05.690+0000][1][safepoint    ] Total time for which application threads were stopped: 0.0000748 seconds, Stopping threads took: 0.0000215 seconds
[2019-12-08T12:08:06.690+0000][1][safepoint    ] Application time: 1.0000807 seconds
[2019-12-08T12:08:06.690+0000][1][safepoint    ] Entering safepoint region: Cleanup
[2019-12-08T12:08:06.690+0000][1][safepoint    ] Leaving safepoint region
[2019-12-08T12:08:06.690+0000][1][safepoint    ] Total time for which application threads were stopped: 0.0000732 seconds, Stopping threads took: 0.0000177 seconds
[2019-12-08T12:08:07.690+0000][1][safepoint    ] Application time: 1.0000769 seconds
[2019-12-08T12:08:07.690+0000][1][safepoint    ] Entering safepoint region: Cleanup
[2019-12-08T12:08:07.690+0000][1][safepoint    ] Leaving safepoint region
[2019-12-08T12:08:07.690+0000][1][safepoint    ] Total time for which application threads were stopped: 0.0000713 seconds, Stopping threads took: 0.0000196 seconds
[2019-12-08T12:08:08.690+0000][1][safepoint    ] Application time: 1.0000797 seconds
[2019-12-08T12:08:08.690+0000][1][safepoint    ] Entering safepoint region: Cleanup
[2019-12-08T12:08:08.691+0000][1][safepoint    ] Leaving safepoint region
[2019-12-08T12:08:08.691+0000][1][safepoint    ] Total time for which application threads were stopped: 0.0000781 seconds, Stopping threads took: 0.0000219 seconds
[2019-12-08T12:08:09.691+0000][1][safepoint    ] Application time: 1.0000765 seconds
[2019-12-08T12:08:09.691+0000][1][safepoint    ] Entering safepoint region: Cleanup
[2019-12-08T12:08:09.691+0000][1][safepoint    ] Leaving safepoint region
[2019-12-08T12:08:09.691+0000][1][safepoint    ] Total time for which application threads were stopped: 0.0000893 seconds, Stopping threads took: 0.0000366 seconds
[2019-12-08T12:08:10.691+0000][1][safepoint    ] Application time: 1.0000760 seconds
[2019-12-08T12:08:10.691+0000][1][safepoint    ] Entering safepoint region: Cleanup
[2019-12-08T12:08:10.691+0000][1][safepoint    ] Leaving safepoint region
[2019-12-08T12:08:10.691+0000][1][safepoint    ] Total time for which application threads were stopped: 0.0000948 seconds, Stopping threads took: 0.0000192 seconds
[2019-12-08T12:08:11.691+0000][1][safepoint    ] Application time: 1.0000750 seconds
[2019-12-08T12:08:11.691+0000][1][safepoint    ] Entering safepoint region: Cleanup
[2019-12-08T12:08:11.691+0000][1][safepoint    ] Leaving safepoint region
[2019-12-08T12:08:11.691+0000][1][safepoint    ] Total time for which application threads were stopped: 0.0000769 seconds, Stopping threads took: 0.0000251 seconds
[2019-12-08T12:08:12.691+0000][1][safepoint    ] Application time: 1.0000795 seconds
[2019-12-08T12:08:12.691+0000][1][safepoint    ] Entering safepoint region: Cleanup
[2019-12-08T12:08:12.691+0000][1][safepoint    ] Leaving safepoint region
[2019-12-08T12:08:12.691+0000][1][safepoint    ] Total time for which application threads were stopped: 0.0000750 seconds, Stopping threads took: 0.0000193 seconds
[2019-12-08T12:08:13.691+0000][1][safepoint    ] Application time: 1.0000769 seconds
[2019-12-08T12:08:13.691+0000][1][safepoint    ] Entering safepoint region: Cleanup
[2019-12-08T12:08:13.692+0000][1][safepoint    ] Leaving safepoint region
[2019-12-08T12:08:13.692+0000][1][safepoint    ] Total time for which application threads were stopped: 0.0000666 seconds, Stopping threads took: 0.0000178 seconds
[2019-12-08T12:08:14.692+0000][1][safepoint    ] Application time: 1.0000812 seconds
[2019-12-08T12:08:14.692+0000][1][safepoint    ] Entering safepoint region: Cleanup
[2019-12-08T12:08:14.692+0000][1][safepoint    ] Leaving safepoint region
[2019-12-08T12:08:14.692+0000][1][safepoint    ] Total time for which application threads were stopped: 0.0000833 seconds, Stopping threads took: 0.0000201 seconds
[2019-12-08T12:08:15.692+0000][1][safepoint    ] Application time: 1.0000759 seconds
[2019-12-08T12:08:15.692+0000][1][safepoint    ] Entering safepoint region: Cleanup
[2019-12-08T12:08:15.692+0000][1][safepoint    ] Leaving safepoint region
[2019-12-08T12:08:15.692+0000][1][safepoint    ] Total time for which application threads were stopped: 0.0000717 seconds, Stopping threads took: 0.0000186 seconds
[2019-12-08T12:08:16.692+0000][1][safepoint    ] Application time: 1.0000771 seconds
[2019-12-08T12:08:16.692+0000][1][safepoint    ] Entering safepoint region: Cleanup
[2019-12-08T12:08:16.692+0000][1][safepoint    ] Leaving safepoint region
[2019-12-08T12:08:16.692+0000][1][safepoint    ] Total time for which application threads were stopped: 0.0000729 seconds, Stopping threads took: 0.0000190 seconds
[2019-12-08T12:08:17.692+0000][1][safepoint    ] Application time: 1.0000819 seconds
[2019-12-08T12:08:17.692+0000][1][safepoint    ] Entering safepoint region: Cleanup
[2019-12-08T12:08:17.692+0000][1][safepoint    ] Leaving safepoint region
[2019-12-08T12:08:17.692+0000][1][safepoint    ] Total time for which application threads were stopped: 0.0000723 seconds, Stopping threads took: 0.0000191 seconds
[2019-12-08T12:08:18.692+0000][1][safepoint    ] Application time: 1.0000894 seconds
[2019-12-08T12:08:18.692+0000][1][safepoint    ] Entering safepoint region: Cleanup
[2019-12-08T12:08:18.693+0000][1][safepoint    ] Leaving safepoint region
[2019-12-08T12:08:18.693+0000][1][safepoint    ] Total time for which application threads were stopped: 0.0000733 seconds, Stopping threads took: 0.0000197 seconds
[2019-12-08T12:08:19.693+0000][1][safepoint    ] Application time: 1.0000877 seconds
[2019-12-08T12:08:19.693+0000][1][safepoint    ] Entering safepoint region: Cleanup
[2019-12-08T12:08:19.693+0000][1][safepoint    ] Leaving safepoint region
[2019-12-08T12:08:19.693+0000][1][safepoint    ] Total time for which application threads were stopped: 0.0000914 seconds, Stopping threads took: 0.0000198 seconds
[2019-12-08T12:08:20.693+0000][1][safepoint    ] Application time: 1.0000898 seconds
[2019-12-08T12:08:20.693+0000][1][safepoint    ] Entering safepoint region: Cleanup
[2019-12-08T12:08:20.693+0000][1][safepoint    ] Leaving safepoint region
[2019-12-08T12:08:20.693+0000][1][safepoint    ] Total time for which application threads were stopped: 0.0000731 seconds, Stopping threads took: 0.0000188 seconds
[2019-12-08T12:08:21.693+0000][1][safepoint    ] Application time: 1.0000891 seconds
[2019-12-08T12:08:21.693+0000][1][safepoint    ] Entering safepoint region: Cleanup
[2019-12-08T12:08:21.693+0000][1][safepoint    ] Leaving safepoint region
[2019-12-08T12:08:21.693+0000][1][safepoint    ] Total time for which application threads were stopped: 0.0000901 seconds, Stopping threads took: 0.0000334 seconds
[2019-12-08T12:08:22.693+0000][1][safepoint    ] Application time: 1.0000897 seconds
[2019-12-08T12:08:22.693+0000][1][safepoint    ] Entering safepoint region: Cleanup
[2019-12-08T12:08:22.693+0000][1][safepoint    ] Leaving safepoint region
[2019-12-08T12:08:22.693+0000][1][safepoint    ] Total time for which application threads were stopped: 0.0000766 seconds, Stopping threads took: 0.0000189 seconds
[2019-12-08T12:08:23.693+0000][1][safepoint    ] Application time: 1.0000811 seconds
[2019-12-08T12:08:23.694+0000][1][safepoint    ] Entering safepoint region: Cleanup
[2019-12-08T12:08:23.694+0000][1][safepoint    ] Leaving safepoint region
[2019-12-08T12:08:23.694+0000][1][safepoint    ] Total time for which application threads were stopped: 0.0000715 seconds, Stopping threads took: 0.0000181 seconds
[2019-12-08T12:08:24.694+0000][1][safepoint    ] Application time: 1.0000997 seconds
[2019-12-08T12:08:24.694+0000][1][safepoint    ] Entering safepoint region: Cleanup
[2019-12-08T12:08:24.694+0000][1][safepoint    ] Leaving safepoint region
[2019-12-08T12:08:24.694+0000][1][safepoint    ] Total time for which application threads were stopped: 0.0000787 seconds, Stopping threads took: 0.0000227 seconds
[2019-12-08T12:08:25.694+0000][1][safepoint    ] Application time: 1.0000863 seconds
[2019-12-08T12:08:25.694+0000][1][safepoint    ] Entering safepoint region: Cleanup
[2019-12-08T12:08:25.694+0000][1][safepoint    ] Leaving safepoint region
[2019-12-08T12:08:25.694+0000][1][safepoint    ] Total time for which application threads were stopped: 0.0000732 seconds, Stopping threads took: 0.0000183 seconds
[2019-12-08T12:08:26.694+0000][1][safepoint    ] Application time: 1.0000821 seconds
[2019-12-08T12:08:26.694+0000][1][safepoint    ] Entering safepoint region: Cleanup
[2019-12-08T12:08:26.694+0000][1][safepoint    ] Leaving safepoint region
[2019-12-08T12:08:26.694+0000][1][safepoint    ] Total time for which application threads were stopped: 0.0000768 seconds, Stopping threads took: 0.0000218 seconds
[2019-12-08T12:08:27.694+0000][1][safepoint    ] Application time: 1.0000836 seconds
[2019-12-08T12:08:27.694+0000][1][safepoint    ] Entering safepoint region: Cleanup
[2019-12-08T12:08:27.694+0000][1][safepoint    ] Leaving safepoint region
[2019-12-08T12:08:27.694+0000][1][safepoint    ] Total time for which application threads were stopped: 0.0000777 seconds, Stopping threads took: 0.0000214 seconds
[2019-12-08T12:08:28.695+0000][1][safepoint    ] Application time: 1.0000797 seconds
[2019-12-08T12:08:28.695+0000][1][safepoint    ] Entering safepoint region: Cleanup
[2019-12-08T12:08:28.695+0000][1][safepoint    ] Leaving safepoint region
[2019-12-08T12:08:28.695+0000][1][safepoint    ] Total time for which application threads were stopped: 0.0000748 seconds, Stopping threads took: 0.0000207 seconds
[2019-12-08T12:08:29.695+0000][1][safepoint    ] Application time: 1.0000818 seconds
[2019-12-08T12:08:29.695+0000][1][safepoint    ] Entering safepoint region: Cleanup
[2019-12-08T12:08:29.695+0000][1][safepoint    ] Leaving safepoint region
[2019-12-08T12:08:29.695+0000][1][safepoint    ] Total time for which application threads were stopped: 0.0000735 seconds, Stopping threads took: 0.0000185 seconds
[2019-12-08T12:08:30.695+0000][1][safepoint    ] Application time: 1.0000838 seconds
[2019-12-08T12:08:30.695+0000][1][safepoint    ] Entering safepoint region: Cleanup
[2019-12-08T12:08:30.695+0000][1][safepoint    ] Leaving safepoint region
[2019-12-08T12:08:30.695+0000][1][safepoint    ] Total time for which application threads were stopped: 0.0000755 seconds, Stopping threads took: 0.0000207 seconds
[2019-12-08T12:08:31.695+0000][1][safepoint    ] Application time: 1.0000787 seconds
[2019-12-08T12:08:31.695+0000][1][safepoint    ] Entering safepoint region: Cleanup
[2019-12-08T12:08:31.695+0000][1][safepoint    ] Leaving safepoint region
[2019-12-08T12:08:31.695+0000][1][safepoint    ] Total time for which application threads were stopped: 0.0000856 seconds, Stopping threads took: 0.0000208 seconds
[2019-12-08T12:08:32.695+0000][1][safepoint    ] Application time: 1.0000796 seconds
[2019-12-08T12:08:32.695+0000][1][safepoint    ] Entering safepoint region: Cleanup
[2019-12-08T12:08:32.695+0000][1][safepoint    ] Leaving safepoint region
[2019-12-08T12:08:32.695+0000][1][safepoint    ] Total time for which application threads were stopped: 0.0000746 seconds, Stopping threads took: 0.0000192 seconds
[2019-12-08T12:08:33.696+0000][1][safepoint    ] Application time: 1.0000837 seconds
[2019-12-08T12:08:33.696+0000][1][safepoint    ] Entering safepoint region: Cleanup
[2019-12-08T12:08:33.696+0000][1][safepoint    ] Leaving safepoint region
[2019-12-08T12:08:33.696+0000][1][safepoint    ] Total time for which application threads were stopped: 0.0000842 seconds, Stopping threads took: 0.0000255 seconds
[2019-12-08T12:08:34.696+0000][1][safepoint    ] Application time: 1.0000800 seconds
[2019-12-08T12:08:34.696+0000][1][safepoint    ] Entering safepoint region: Cleanup
[2019-12-08T12:08:34.696+0000][1][safepoint    ] Leaving safepoint region
[2019-12-08T12:08:34.696+0000][1][safepoint    ] Total time for which application threads were stopped: 0.0000754 seconds, Stopping threads took: 0.0000198 seconds
[2019-12-08T12:08:35.696+0000][1][safepoint    ] Application time: 1.0000799 seconds
[2019-12-08T12:08:35.696+0000][1][safepoint    ] Entering safepoint region: Cleanup
[2019-12-08T12:08:35.696+0000][1][safepoint    ] Leaving safepoint region
[2019-12-08T12:08:35.696+0000][1][safepoint    ] Total time for which application threads were stopped: 0.0000752 seconds, Stopping threads took: 0.0000193 seconds
[2019-12-08T12:08:36.696+0000][1][safepoint    ] Application time: 1.0000785 seconds
[2019-12-08T12:08:36.696+0000][1][safepoint    ] Entering safepoint region: Cleanup
[2019-12-08T12:08:36.696+0000][1][safepoint    ] Leaving safepoint region
[2019-12-08T12:08:36.696+0000][1][safepoint    ] Total time for which application threads were stopped: 0.0000705 seconds, Stopping threads took: 0.0000180 seconds
[2019-12-08T12:08:37.696+0000][1][safepoint    ] Application time: 1.0000780 seconds
[2019-12-08T12:08:37.696+0000][1][safepoint    ] Entering safepoint region: Cleanup
[2019-12-08T12:08:37.696+0000][1][safepoint    ] Leaving safepoint region
[2019-12-08T12:08:37.696+0000][1][safepoint    ] Total time for which application threads were stopped: 0.0000683 seconds, Stopping threads took: 0.0000167 seconds
[2019-12-08T12:08:38.697+0000][1][safepoint    ] Application time: 1.0000775 seconds
[2019-12-08T12:08:38.697+0000][1][safepoint    ] Entering safepoint region: Cleanup
[2019-12-08T12:08:38.697+0000][1][safepoint    ] Leaving safepoint region
[2019-12-08T12:08:38.697+0000][1][safepoint    ] Total time for which application threads were stopped: 0.0000731 seconds, Stopping threads took: 0.0000200 seconds
[2019-12-08T12:08:39.697+0000][1][safepoint    ] Application time: 1.0000770 seconds
[2019-12-08T12:08:39.697+0000][1][safepoint    ] Entering safepoint region: Cleanup
[2019-12-08T12:08:39.697+0000][1][safepoint    ] Leaving safepoint region
[2019-12-08T12:08:39.697+0000][1][safepoint    ] Total time for which application threads were stopped: 0.0000720 seconds, Stopping threads took: 0.0000192 seconds
[2019-12-08T12:08:40.697+0000][1][safepoint    ] Application time: 1.0000761 seconds
[2019-12-08T12:08:40.697+0000][1][safepoint    ] Entering safepoint region: Cleanup
[2019-12-08T12:08:40.697+0000][1][safepoint    ] Leaving safepoint region
[2019-12-08T12:08:40.697+0000][1][safepoint    ] Total time for which application threads were stopped: 0.0000693 seconds, Stopping threads took: 0.0000167 seconds
[2019-12-08T12:08:41.697+0000][1][safepoint    ] Application time: 1.0000749 seconds
[2019-12-08T12:08:41.697+0000][1][safepoint    ] Entering safepoint region: Cleanup
[2019-12-08T12:08:41.697+0000][1][safepoint    ] Leaving safepoint region
[2019-12-08T12:08:41.697+0000][1][safepoint    ] Total time for which application threads were stopped: 0.0000758 seconds, Stopping threads took: 0.0000170 seconds
[2019-12-08T12:08:43.221+0000][1][safepoint    ] Application time: 1.5233863 seconds
[2019-12-08T12:08:43.221+0000][1][safepoint    ] Entering safepoint region: Cleanup
[2019-12-08T12:08:43.221+0000][1][safepoint    ] Leaving safepoint region
[2019-12-08T12:08:43.221+0000][1][safepoint    ] Total time for which application threads were stopped: 0.0000802 seconds, Stopping threads took: 0.0000209 seconds
[2019-12-08T12:08:44.221+0000][1][safepoint    ] Application time: 1.0000780 seconds
[2019-12-08T12:08:44.221+0000][1][safepoint    ] Entering safepoint region: Cleanup
[2019-12-08T12:08:44.221+0000][1][safepoint    ] Leaving safepoint region
[2019-12-08T12:08:44.221+0000][1][safepoint    ] Total time for which application threads were stopped: 0.0000937 seconds, Stopping threads took: 0.0000201 seconds
[2019-12-08T12:08:45.221+0000][1][safepoint    ] Application time: 1.0000779 seconds
[2019-12-08T12:08:45.221+0000][1][safepoint    ] Entering safepoint region: Cleanup
[2019-12-08T12:08:45.221+0000][1][safepoint    ] Leaving safepoint region
[2019-12-08T12:08:45.221+0000][1][safepoint    ] Total time for which application threads were stopped: 0.0000743 seconds, Stopping threads took: 0.0000192 seconds
[2019-12-08T12:08:46.221+0000][1][safepoint    ] Application time: 1.0000780 seconds
[2019-12-08T12:08:46.221+0000][1][safepoint    ] Entering safepoint region: Cleanup
[2019-12-08T12:08:46.221+0000][1][safepoint    ] Leaving safepoint region
[2019-12-08T12:08:46.221+0000][1][safepoint    ] Total time for which application threads were stopped: 0.0000746 seconds, Stopping threads took: 0.0000189 seconds
[2019-12-08T12:08:47.221+0000][1][safepoint    ] Application time: 1.0000774 seconds
[2019-12-08T12:08:47.222+0000][1][safepoint    ] Entering safepoint region: Cleanup
[2019-12-08T12:08:47.222+0000][1][safepoint    ] Leaving safepoint region
[2019-12-08T12:08:47.222+0000][1][safepoint    ] Total time for which application threads were stopped: 0.0000710 seconds, Stopping threads took: 0.0000180 seconds
[2019-12-08T12:08:48.222+0000][1][safepoint    ] Application time: 1.0000766 seconds
[2019-12-08T12:08:48.222+0000][1][safepoint    ] Entering safepoint region: Cleanup
[2019-12-08T12:08:48.222+0000][1][safepoint    ] Leaving safepoint region
[2019-12-08T12:08:48.222+0000][1][safepoint    ] Total time for which application threads were stopped: 0.0000744 seconds, Stopping threads took: 0.0000195 seconds
[2019-12-08T12:08:49.222+0000][1][safepoint    ] Application time: 1.0000796 seconds
[2019-12-08T12:08:49.222+0000][1][safepoint    ] Entering safepoint region: Cleanup
[2019-12-08T12:08:49.222+0000][1][safepoint    ] Leaving safepoint region
[2019-12-08T12:08:49.222+0000][1][safepoint    ] Total time for which application threads were stopped: 0.0000751 seconds, Stopping threads took: 0.0000196 seconds
[2019-12-08T12:08:50.222+0000][1][safepoint    ] Application time: 1.0000887 seconds
[2019-12-08T12:08:50.222+0000][1][safepoint    ] Entering safepoint region: Cleanup
[2019-12-08T12:08:50.222+0000][1][safepoint    ] Leaving safepoint region
[2019-12-08T12:08:50.222+0000][1][safepoint    ] Total time for which application threads were stopped: 0.0000879 seconds, Stopping threads took: 0.0000339 seconds
[2019-12-08T12:08:51.222+0000][1][safepoint    ] Application time: 1.0000797 seconds
[2019-12-08T12:08:51.222+0000][1][safepoint    ] Entering safepoint region: Cleanup
[2019-12-08T12:08:51.222+0000][1][safepoint    ] Leaving safepoint region
[2019-12-08T12:08:51.222+0000][1][safepoint    ] Total time for which application threads were stopped: 0.0000727 seconds, Stopping threads took: 0.0000209 seconds
[2019-12-08T12:08:52.222+0000][1][safepoint    ] Application time: 1.0000783 seconds
[2019-12-08T12:08:52.223+0000][1][safepoint    ] Entering safepoint region: Cleanup
[2019-12-08T12:08:52.223+0000][1][safepoint    ] Leaving safepoint region
[2019-12-08T12:08:52.223+0000][1][safepoint    ] Total time for which application threads were stopped: 0.0000801 seconds, Stopping threads took: 0.0000198 seconds
[2019-12-08T12:08:53.223+0000][1][safepoint    ] Application time: 1.0000867 seconds
[2019-12-08T12:08:53.223+0000][1][safepoint    ] Entering safepoint region: Cleanup
[2019-12-08T12:08:53.223+0000][1][safepoint    ] Leaving safepoint region
[2019-12-08T12:08:53.223+0000][1][safepoint    ] Total time for which application threads were stopped: 0.0000750 seconds, Stopping threads took: 0.0000198 seconds
[2019-12-08T12:08:54.223+0000][1][safepoint    ] Application time: 1.0000773 seconds
[2019-12-08T12:08:54.223+0000][1][safepoint    ] Entering safepoint region: Cleanup
[2019-12-08T12:08:54.223+0000][1][safepoint    ] Leaving safepoint region
[2019-12-08T12:08:54.223+0000][1][safepoint    ] Total time for which application threads were stopped: 0.0000734 seconds, Stopping threads took: 0.0000199 seconds
[2019-12-08T12:08:55.223+0000][1][safepoint    ] Application time: 1.0000787 seconds
[2019-12-08T12:08:55.223+0000][1][safepoint    ] Entering safepoint region: Cleanup
[2019-12-08T12:08:55.223+0000][1][safepoint    ] Leaving safepoint region
[2019-12-08T12:08:55.223+0000][1][safepoint    ] Total time for which application threads were stopped: 0.0000734 seconds, Stopping threads took: 0.0000183 seconds
[2019-12-08T12:08:56.223+0000][1][safepoint    ] Application time: 1.0000791 seconds
[2019-12-08T12:08:56.223+0000][1][safepoint    ] Entering safepoint region: Cleanup
[2019-12-08T12:08:56.223+0000][1][safepoint    ] Leaving safepoint region
[2019-12-08T12:08:56.223+0000][1][safepoint    ] Total time for which application threads were stopped: 0.0000732 seconds, Stopping threads took: 0.0000197 seconds
[2019-12-08T12:08:57.223+0000][1][safepoint    ] Application time: 1.0000826 seconds
[2019-12-08T12:08:57.224+0000][1][safepoint    ] Entering safepoint region: Cleanup
[2019-12-08T12:08:57.224+0000][1][safepoint    ] Leaving safepoint region
[2019-12-08T12:08:57.224+0000][1][safepoint    ] Total time for which application threads were stopped: 0.0000735 seconds, Stopping threads took: 0.0000195 seconds
[2019-12-08T12:08:58.224+0000][1][safepoint    ] Application time: 1.0000896 seconds
[2019-12-08T12:08:58.224+0000][1][safepoint    ] Entering safepoint region: Cleanup
[2019-12-08T12:08:58.224+0000][1][safepoint    ] Leaving safepoint region
[2019-12-08T12:08:58.224+0000][1][safepoint    ] Total time for which application threads were stopped: 0.0000759 seconds, Stopping threads took: 0.0000194 seconds
[2019-12-08T12:08:59.224+0000][1][safepoint    ] Application time: 1.0000797 seconds
[2019-12-08T12:08:59.224+0000][1][safepoint    ] Entering safepoint region: Cleanup
[2019-12-08T12:08:59.224+0000][1][safepoint    ] Leaving safepoint region
[2019-12-08T12:08:59.224+0000][1][safepoint    ] Total time for which application threads were stopped: 0.0000728 seconds, Stopping threads took: 0.0000190 seconds
[2019-12-08T12:09:00.224+0000][1][safepoint    ] Application time: 1.0000813 seconds
[2019-12-08T12:09:00.224+0000][1][safepoint    ] Entering safepoint region: Cleanup
[2019-12-08T12:09:00.224+0000][1][safepoint    ] Leaving safepoint region
[2019-12-08T12:09:00.224+0000][1][safepoint    ] Total time for which application threads were stopped: 0.0000744 seconds, Stopping threads took: 0.0000195 seconds
[2019-12-08T12:09:01.224+0000][1][safepoint    ] Application time: 1.0000799 seconds
[2019-12-08T12:09:01.224+0000][1][safepoint    ] Entering safepoint region: Cleanup
[2019-12-08T12:09:01.224+0000][1][safepoint    ] Leaving safepoint region
[2019-12-08T12:09:01.224+0000][1][safepoint    ] Total time for which application threads were stopped: 0.0000811 seconds, Stopping threads took: 0.0000262 seconds
[2019-12-08T12:09:02.225+0000][1][safepoint    ] Application time: 1.0000815 seconds
[2019-12-08T12:09:02.225+0000][1][safepoint    ] Entering safepoint region: Cleanup
[2019-12-08T12:09:02.225+0000][1][safepoint    ] Leaving safepoint region
[2019-12-08T12:09:02.225+0000][1][safepoint    ] Total time for which application threads were stopped: 0.0000756 seconds, Stopping threads took: 0.0000198 seconds
[2019-12-08T12:09:03.225+0000][1][safepoint    ] Application time: 1.0000858 seconds
[2019-12-08T12:09:03.225+0000][1][safepoint    ] Entering safepoint region: Cleanup
[2019-12-08T12:09:03.225+0000][1][safepoint    ] Leaving safepoint region
[2019-12-08T12:09:03.225+0000][1][safepoint    ] Total time for which application threads were stopped: 0.0000756 seconds, Stopping threads took: 0.0000192 seconds
[2019-12-08T12:09:04.225+0000][1][safepoint    ] Application time: 1.0000869 seconds
[2019-12-08T12:09:04.225+0000][1][safepoint    ] Entering safepoint region: Cleanup
[2019-12-08T12:09:04.225+0000][1][safepoint    ] Leaving safepoint region
[2019-12-08T12:09:04.225+0000][1][safepoint    ] Total time for which application threads were stopped: 0.0000751 seconds, Stopping threads took: 0.0000199 seconds
[2019-12-08T12:09:05.225+0000][1][safepoint    ] Application time: 1.0000847 seconds
[2019-12-08T12:09:05.225+0000][1][safepoint    ] Entering safepoint region: Cleanup
[2019-12-08T12:09:05.225+0000][1][safepoint    ] Leaving safepoint region
[2019-12-08T12:09:05.225+0000][1][safepoint    ] Total time for which application threads were stopped: 0.0000779 seconds, Stopping threads took: 0.0000201 seconds
[2019-12-08T12:09:06.225+0000][1][safepoint    ] Application time: 1.0000867 seconds
[2019-12-08T12:09:06.225+0000][1][safepoint    ] Entering safepoint region: Cleanup
[2019-12-08T12:09:06.225+0000][1][safepoint    ] Leaving safepoint region
[2019-12-08T12:09:06.225+0000][1][safepoint    ] Total time for which application threads were stopped: 0.0000756 seconds, Stopping threads took: 0.0000202 seconds
[2019-12-08T12:09:07.226+0000][1][safepoint    ] Application time: 1.0000796 seconds
[2019-12-08T12:09:07.226+0000][1][safepoint    ] Entering safepoint region: Cleanup
[2019-12-08T12:09:07.226+0000][1][safepoint    ] Leaving safepoint region
[2019-12-08T12:09:07.226+0000][1][safepoint    ] Total time for which application threads were stopped: 0.0000724 seconds, Stopping threads took: 0.0000196 seconds
[2019-12-08T12:09:08.226+0000][1][safepoint    ] Application time: 1.0000792 seconds
[2019-12-08T12:09:08.226+0000][1][safepoint    ] Entering safepoint region: Cleanup
[2019-12-08T12:09:08.226+0000][1][safepoint    ] Leaving safepoint region
[2019-12-08T12:09:08.226+0000][1][safepoint    ] Total time for which application threads were stopped: 0.0000728 seconds, Stopping threads took: 0.0000190 seconds
[2019-12-08T12:09:09.226+0000][1][safepoint    ] Application time: 1.0000817 seconds
[2019-12-08T12:09:09.226+0000][1][safepoint    ] Entering safepoint region: Cleanup
[2019-12-08T12:09:09.226+0000][1][safepoint    ] Leaving safepoint region
[2019-12-08T12:09:09.226+0000][1][safepoint    ] Total time for which application threads were stopped: 0.0001012 seconds, Stopping threads took: 0.0000289 seconds
[2019-12-08T12:09:10.226+0000][1][safepoint    ] Application time: 1.0000830 seconds
[2019-12-08T12:09:10.226+0000][1][safepoint    ] Entering safepoint region: Cleanup
[2019-12-08T12:09:10.226+0000][1][safepoint    ] Leaving safepoint region
[2019-12-08T12:09:10.226+0000][1][safepoint    ] Total time for which application threads were stopped: 0.0000740 seconds, Stopping threads took: 0.0000195 seconds
[2019-12-08T12:09:11.226+0000][1][safepoint    ] Application time: 1.0000768 seconds
[2019-12-08T12:09:11.226+0000][1][safepoint    ] Entering safepoint region: Cleanup
[2019-12-08T12:09:11.226+0000][1][safepoint    ] Leaving safepoint region
[2019-12-08T12:09:11.226+0000][1][safepoint    ] Total time for which application threads were stopped: 0.0000728 seconds, Stopping threads took: 0.0000187 seconds
[2019-12-08T12:09:13.223+0000][1][safepoint    ] Application time: 1.9969774 seconds
[2019-12-08T12:09:13.223+0000][1][safepoint    ] Entering safepoint region: Cleanup
[2019-12-08T12:09:13.224+0000][1][safepoint    ] Leaving safepoint region
[2019-12-08T12:09:13.224+0000][1][safepoint    ] Total time for which application threads were stopped: 0.0000836 seconds, Stopping threads took: 0.0000219 seconds
[2019-12-08T12:09:14.224+0000][1][safepoint    ] Application time: 1.0000821 seconds
[2019-12-08T12:09:14.224+0000][1][safepoint    ] Entering safepoint region: Cleanup
[2019-12-08T12:09:14.224+0000][1][safepoint    ] Leaving safepoint region
[2019-12-08T12:09:14.224+0000][1][safepoint    ] Total time for which application threads were stopped: 0.0000746 seconds, Stopping threads took: 0.0000208 seconds
[2019-12-08T12:09:15.224+0000][1][safepoint    ] Application time: 1.0000764 seconds
[2019-12-08T12:09:15.224+0000][1][safepoint    ] Entering safepoint region: Cleanup
[2019-12-08T12:09:15.224+0000][1][safepoint    ] Leaving safepoint region
[2019-12-08T12:09:15.224+0000][1][safepoint    ] Total time for which application threads were stopped: 0.0000732 seconds, Stopping threads took: 0.0000199 seconds
[2019-12-08T12:09:16.224+0000][1][safepoint    ] Application time: 1.0000816 seconds
[2019-12-08T12:09:16.224+0000][1][safepoint    ] Entering safepoint region: Cleanup
[2019-12-08T12:09:16.224+0000][1][safepoint    ] Leaving safepoint region
[2019-12-08T12:09:16.224+0000][1][safepoint    ] Total time for which application threads were stopped: 0.0000774 seconds, Stopping threads took: 0.0000215 seconds
[2019-12-08T12:09:17.224+0000][1][safepoint    ] Application time: 1.0000777 seconds
[2019-12-08T12:09:17.224+0000][1][safepoint    ] Entering safepoint region: Cleanup
[2019-12-08T12:09:17.224+0000][1][safepoint    ] Leaving safepoint region
[2019-12-08T12:09:17.224+0000][1][safepoint    ] Total time for which application threads were stopped: 0.0000747 seconds, Stopping threads took: 0.0000223 seconds
[2019-12-08T12:09:18.224+0000][1][safepoint    ] Application time: 1.0000775 seconds
[2019-12-08T12:09:18.224+0000][1][safepoint    ] Entering safepoint region: Cleanup
[2019-12-08T12:09:18.225+0000][1][safepoint    ] Leaving safepoint region
[2019-12-08T12:09:18.225+0000][1][safepoint    ] Total time for which application threads were stopped: 0.0000775 seconds, Stopping threads took: 0.0000240 seconds
[2019-12-08T12:09:19.225+0000][1][safepoint    ] Application time: 1.0000785 seconds
[2019-12-08T12:09:19.225+0000][1][safepoint    ] Entering safepoint region: Cleanup
[2019-12-08T12:09:19.225+0000][1][safepoint    ] Leaving safepoint region
[2019-12-08T12:09:19.225+0000][1][safepoint    ] Total time for which application threads were stopped: 0.0000750 seconds, Stopping threads took: 0.0000211 seconds
[2019-12-08T12:09:20.225+0000][1][safepoint    ] Application time: 1.0000796 seconds
[2019-12-08T12:09:20.225+0000][1][safepoint    ] Entering safepoint region: Cleanup
[2019-12-08T12:09:20.225+0000][1][safepoint    ] Leaving safepoint region
[2019-12-08T12:09:20.225+0000][1][safepoint    ] Total time for which application threads were stopped: 0.0000725 seconds, Stopping threads took: 0.0000205 seconds
[2019-12-08T12:09:21.225+0000][1][safepoint    ] Application time: 1.0000772 seconds
[2019-12-08T12:09:21.225+0000][1][safepoint    ] Entering safepoint region: Cleanup
[2019-12-08T12:09:21.225+0000][1][safepoint    ] Leaving safepoint region
[2019-12-08T12:09:21.225+0000][1][safepoint    ] Total time for which application threads were stopped: 0.0000759 seconds, Stopping threads took: 0.0000217 seconds
[2019-12-08T12:09:22.225+0000][1][safepoint    ] Application time: 1.0000419 seconds
[2019-12-08T12:09:22.225+0000][1][safepoint    ] Entering safepoint region: Cleanup
[2019-12-08T12:09:22.225+0000][1][safepoint    ] Leaving safepoint region
[2019-12-08T12:09:22.225+0000][1][safepoint    ] Total time for which application threads were stopped: 0.0000804 seconds, Stopping threads took: 0.0000197 seconds
[2019-12-08T12:09:23.225+0000][1][safepoint    ] Application time: 1.0000824 seconds
[2019-12-08T12:09:23.225+0000][1][safepoint    ] Entering safepoint region: Cleanup
[2019-12-08T12:09:23.226+0000][1][safepoint    ] Leaving safepoint region
[2019-12-08T12:09:23.226+0000][1][safepoint    ] Total time for which application threads were stopped: 0.0000720 seconds, Stopping threads took: 0.0000197 seconds
[2019-12-08T12:09:24.226+0000][1][safepoint    ] Application time: 1.0000792 seconds
[2019-12-08T12:09:24.226+0000][1][safepoint    ] Entering safepoint region: Cleanup
[2019-12-08T12:09:24.226+0000][1][safepoint    ] Leaving safepoint region
[2019-12-08T12:09:24.226+0000][1][safepoint    ] Total time for which application threads were stopped: 0.0000854 seconds, Stopping threads took: 0.0000197 seconds
[2019-12-08T12:09:25.226+0000][1][safepoint    ] Application time: 1.0000775 seconds
[2019-12-08T12:09:25.226+0000][1][safepoint    ] Entering safepoint region: Cleanup
[2019-12-08T12:09:25.226+0000][1][safepoint    ] Leaving safepoint region
[2019-12-08T12:09:25.226+0000][1][safepoint    ] Total time for which application threads were stopped: 0.0000734 seconds, Stopping threads took: 0.0000201 seconds
[2019-12-08T12:09:26.226+0000][1][safepoint    ] Application time: 1.0000750 seconds
[2019-12-08T12:09:26.226+0000][1][safepoint    ] Entering safepoint region: Cleanup
[2019-12-08T12:09:26.226+0000][1][safepoint    ] Leaving safepoint region
[2019-12-08T12:09:26.226+0000][1][safepoint    ] Total time for which application threads were stopped: 0.0000750 seconds, Stopping threads took: 0.0000218 seconds
[2019-12-08T12:09:27.226+0000][1][safepoint    ] Application time: 1.0000792 seconds
[2019-12-08T12:09:27.226+0000][1][safepoint    ] Entering safepoint region: Cleanup
[2019-12-08T12:09:27.226+0000][1][safepoint    ] Leaving safepoint region
[2019-12-08T12:09:27.226+0000][1][safepoint    ] Total time for which application threads were stopped: 0.0000714 seconds, Stopping threads took: 0.0000188 seconds
[2019-12-08T12:09:28.226+0000][1][safepoint    ] Application time: 1.0000789 seconds
[2019-12-08T12:09:28.226+0000][1][safepoint    ] Entering safepoint region: Cleanup
[2019-12-08T12:09:28.226+0000][1][safepoint    ] Leaving safepoint region
[2019-12-08T12:09:28.226+0000][1][safepoint    ] Total time for which application threads were stopped: 0.0000727 seconds, Stopping threads took: 0.0000190 seconds
[2019-12-08T12:09:29.227+0000][1][safepoint    ] Application time: 1.0000802 seconds
[2019-12-08T12:09:29.227+0000][1][safepoint    ] Entering safepoint region: Cleanup
[2019-12-08T12:09:29.227+0000][1][safepoint    ] Leaving safepoint region
[2019-12-08T12:09:29.227+0000][1][safepoint    ] Total time for which application threads were stopped: 0.0000850 seconds, Stopping threads took: 0.0000201 seconds
[2019-12-08T12:09:30.227+0000][1][safepoint    ] Application time: 1.0000750 seconds
[2019-12-08T12:09:30.227+0000][1][safepoint    ] Entering safepoint region: Cleanup
[2019-12-08T12:09:30.227+0000][1][safepoint    ] Leaving safepoint region
[2019-12-08T12:09:30.227+0000][1][safepoint    ] Total time for which application threads were stopped: 0.0000756 seconds, Stopping threads took: 0.0000197 seconds
[2019-12-08T12:09:31.227+0000][1][safepoint    ] Application time: 1.0000787 seconds
[2019-12-08T12:09:31.227+0000][1][safepoint    ] Entering safepoint region: Cleanup
[2019-12-08T12:09:31.227+0000][1][safepoint    ] Leaving safepoint region
[2019-12-08T12:09:31.227+0000][1][safepoint    ] Total time for which application threads were stopped: 0.0000750 seconds, Stopping threads took: 0.0000191 seconds
[2019-12-08T12:09:32.227+0000][1][safepoint    ] Application time: 1.0000830 seconds
[2019-12-08T12:09:32.227+0000][1][safepoint    ] Entering safepoint region: Cleanup
[2019-12-08T12:09:32.227+0000][1][safepoint    ] Leaving safepoint region
[2019-12-08T12:09:32.227+0000][1][safepoint    ] Total time for which application threads were stopped: 0.0000733 seconds, Stopping threads took: 0.0000191 seconds
[2019-12-08T12:09:33.227+0000][1][safepoint    ] Application time: 1.0000855 seconds
[2019-12-08T12:09:33.227+0000][1][safepoint    ] Entering safepoint region: Cleanup
[2019-12-08T12:09:33.228+0000][1][safepoint    ] Leaving safepoint region
[2019-12-08T12:09:33.228+0000][1][safepoint    ] Total time for which application threads were stopped: 0.0000752 seconds, Stopping threads took: 0.0000192 seconds
[2019-12-08T12:09:34.228+0000][1][safepoint    ] Application time: 1.0000884 seconds
[2019-12-08T12:09:34.228+0000][1][safepoint    ] Entering safepoint region: Cleanup
[2019-12-08T12:09:34.228+0000][1][safepoint    ] Leaving safepoint region
[2019-12-08T12:09:34.228+0000][1][safepoint    ] Total time for which application threads were stopped: 0.0000926 seconds, Stopping threads took: 0.0000192 seconds
[2019-12-08T12:09:35.228+0000][1][safepoint    ] Application time: 1.0000860 seconds
[2019-12-08T12:09:35.228+0000][1][safepoint    ] Entering safepoint region: Cleanup
[2019-12-08T12:09:35.228+0000][1][safepoint    ] Leaving safepoint region
[2019-12-08T12:09:35.228+0000][1][safepoint    ] Total time for which application threads were stopped: 0.0000749 seconds, Stopping threads took: 0.0000190 seconds
[2019-12-08T12:09:36.228+0000][1][safepoint    ] Application time: 1.0000849 seconds
[2019-12-08T12:09:36.228+0000][1][safepoint    ] Entering safepoint region: Cleanup
[2019-12-08T12:09:36.228+0000][1][safepoint    ] Leaving safepoint region
[2019-12-08T12:09:36.228+0000][1][safepoint    ] Total time for which application threads were stopped: 0.0000806 seconds, Stopping threads took: 0.0000250 seconds
[2019-12-08T12:09:37.228+0000][1][safepoint    ] Application time: 1.0000948 seconds
[2019-12-08T12:09:37.228+0000][1][safepoint    ] Entering safepoint region: Cleanup
[2019-12-08T12:09:37.228+0000][1][safepoint    ] Leaving safepoint region
[2019-12-08T12:09:37.228+0000][1][safepoint    ] Total time for which application threads were stopped: 0.0000760 seconds, Stopping threads took: 0.0000204 seconds
[2019-12-08T12:09:38.228+0000][1][safepoint    ] Application time: 1.0000850 seconds
[2019-12-08T12:09:38.229+0000][1][safepoint    ] Entering safepoint region: Cleanup
[2019-12-08T12:09:38.229+0000][1][safepoint    ] Leaving safepoint region
[2019-12-08T12:09:38.229+0000][1][safepoint    ] Total time for which application threads were stopped: 0.0000753 seconds, Stopping threads took: 0.0000196 seconds
[2019-12-08T12:09:39.229+0000][1][safepoint    ] Application time: 1.0000789 seconds
[2019-12-08T12:09:39.229+0000][1][safepoint    ] Entering safepoint region: Cleanup
[2019-12-08T12:09:39.229+0000][1][safepoint    ] Leaving safepoint region
[2019-12-08T12:09:39.229+0000][1][safepoint    ] Total time for which application threads were stopped: 0.0000774 seconds, Stopping threads took: 0.0000202 seconds
[2019-12-08T12:09:40.229+0000][1][safepoint    ] Application time: 1.0000764 seconds
[2019-12-08T12:09:40.229+0000][1][safepoint    ] Entering safepoint region: Cleanup
[2019-12-08T12:09:40.229+0000][1][safepoint    ] Leaving safepoint region
[2019-12-08T12:09:40.229+0000][1][safepoint    ] Total time for which application threads were stopped: 0.0000729 seconds, Stopping threads took: 0.0000197 seconds
[2019-12-08T12:09:41.229+0000][1][safepoint    ] Application time: 1.0000918 seconds
[2019-12-08T12:09:41.229+0000][1][safepoint    ] Entering safepoint region: Cleanup
[2019-12-08T12:09:41.229+0000][1][safepoint    ] Leaving safepoint region
[2019-12-08T12:09:41.229+0000][1][safepoint    ] Total time for which application threads were stopped: 0.0000735 seconds, Stopping threads took: 0.0000197 seconds
[2019-12-08T12:09:42.229+0000][1][safepoint    ] Application time: 1.0000829 seconds
[2019-12-08T12:09:42.229+0000][1][safepoint    ] Entering safepoint region: Cleanup
[2019-12-08T12:09:42.229+0000][1][safepoint    ] Leaving safepoint region
[2019-12-08T12:09:42.229+0000][1][safepoint    ] Total time for which application threads were stopped: 0.0000749 seconds, Stopping threads took: 0.0000211 seconds
[2019-12-08T12:09:43.230+0000][1][safepoint    ] Application time: 1.0000880 seconds
[2019-12-08T12:09:43.230+0000][1][safepoint    ] Entering safepoint region: Cleanup
[2019-12-08T12:09:43.230+0000][1][safepoint    ] Leaving safepoint region
[2019-12-08T12:09:43.230+0000][1][safepoint    ] Total time for which application threads were stopped: 0.0000775 seconds, Stopping threads took: 0.0000206 seconds
[2019-12-08T12:09:44.230+0000][1][safepoint    ] Application time: 1.0000829 seconds
[2019-12-08T12:09:44.230+0000][1][safepoint    ] Entering safepoint region: Cleanup
[2019-12-08T12:09:44.230+0000][1][safepoint    ] Leaving safepoint region
[2019-12-08T12:09:44.230+0000][1][safepoint    ] Total time for which application threads were stopped: 0.0000746 seconds, Stopping threads took: 0.0000191 seconds
[2019-12-08T12:09:45.230+0000][1][safepoint    ] Application time: 1.0000817 seconds
[2019-12-08T12:09:45.230+0000][1][safepoint    ] Entering safepoint region: Cleanup
[2019-12-08T12:09:45.230+0000][1][safepoint    ] Leaving safepoint region
[2019-12-08T12:09:45.230+0000][1][safepoint    ] Total time for which application threads were stopped: 0.0000747 seconds, Stopping threads took: 0.0000185 seconds
[2019-12-08T12:09:46.230+0000][1][safepoint    ] Application time: 1.0000865 seconds
[2019-12-08T12:09:46.230+0000][1][safepoint    ] Entering safepoint region: Cleanup
[2019-12-08T12:09:46.230+0000][1][safepoint    ] Leaving safepoint region
[2019-12-08T12:09:46.230+0000][1][safepoint    ] Total time for which application threads were stopped: 0.0000747 seconds, Stopping threads took: 0.0000189 seconds
[2019-12-08T12:09:47.230+0000][1][safepoint    ] Application time: 1.0000849 seconds
[2019-12-08T12:09:47.230+0000][1][safepoint    ] Entering safepoint region: Cleanup
[2019-12-08T12:09:47.230+0000][1][safepoint    ] Leaving safepoint region
[2019-12-08T12:09:47.230+0000][1][safepoint    ] Total time for which application threads were stopped: 0.0000757 seconds, Stopping threads took: 0.0000183 seconds
[2019-12-08T12:09:48.231+0000][1][safepoint    ] Application time: 1.0000822 seconds
[2019-12-08T12:09:48.231+0000][1][safepoint    ] Entering safepoint region: Cleanup
[2019-12-08T12:09:48.231+0000][1][safepoint    ] Leaving safepoint region
[2019-12-08T12:09:48.231+0000][1][safepoint    ] Total time for which application threads were stopped: 0.0000745 seconds, Stopping threads took: 0.0000199 seconds
[2019-12-08T12:09:49.231+0000][1][safepoint    ] Application time: 1.0000794 seconds
[2019-12-08T12:09:49.231+0000][1][safepoint    ] Entering safepoint region: Cleanup
[2019-12-08T12:09:49.231+0000][1][safepoint    ] Leaving safepoint region
[2019-12-08T12:09:49.231+0000][1][safepoint    ] Total time for which application threads were stopped: 0.0000739 seconds, Stopping threads took: 0.0000207 seconds
[2019-12-08T12:09:50.231+0000][1][safepoint    ] Application time: 1.0000769 seconds
[2019-12-08T12:09:50.231+0000][1][safepoint    ] Entering safepoint region: Cleanup
[2019-12-08T12:09:50.231+0000][1][safepoint    ] Leaving safepoint region
[2019-12-08T12:09:50.231+0000][1][safepoint    ] Total time for which application threads were stopped: 0.0000745 seconds, Stopping threads took: 0.0000198 seconds
[2019-12-08T12:09:51.231+0000][1][safepoint    ] Application time: 1.0000912 seconds
[2019-12-08T12:09:51.231+0000][1][safepoint    ] Entering safepoint region: Cleanup
[2019-12-08T12:09:51.231+0000][1][safepoint    ] Leaving safepoint region
[2019-12-08T12:09:51.231+0000][1][safepoint    ] Total time for which application threads were stopped: 0.0000752 seconds, Stopping threads took: 0.0000212 seconds
[2019-12-08T12:09:52.231+0000][1][safepoint    ] Application time: 1.0000813 seconds
[2019-12-08T12:09:52.231+0000][1][safepoint    ] Entering safepoint region: Cleanup
[2019-12-08T12:09:52.231+0000][1][safepoint    ] Leaving safepoint region
[2019-12-08T12:09:52.231+0000][1][safepoint    ] Total time for which application threads were stopped: 0.0000734 seconds, Stopping threads took: 0.0000188 seconds
[2019-12-08T12:09:53.232+0000][1][safepoint    ] Application time: 1.0000820 seconds
[2019-12-08T12:09:53.232+0000][1][safepoint    ] Entering safepoint region: Cleanup
[2019-12-08T12:09:53.232+0000][1][safepoint    ] Leaving safepoint region
[2019-12-08T12:09:53.232+0000][1][safepoint    ] Total time for which application threads were stopped: 0.0000750 seconds, Stopping threads took: 0.0000200 seconds
[2019-12-08T12:09:54.232+0000][1][safepoint    ] Application time: 1.0000800 seconds
[2019-12-08T12:09:54.232+0000][1][safepoint    ] Entering safepoint region: Cleanup
[2019-12-08T12:09:54.232+0000][1][safepoint    ] Leaving safepoint region
[2019-12-08T12:09:54.232+0000][1][safepoint    ] Total time for which application threads were stopped: 0.0000760 seconds, Stopping threads took: 0.0000203 seconds
[2019-12-08T12:09:55.232+0000][1][safepoint    ] Application time: 1.0000803 seconds
[2019-12-08T12:09:55.232+0000][1][safepoint    ] Entering safepoint region: Cleanup
[2019-12-08T12:09:55.232+0000][1][safepoint    ] Leaving safepoint region
[2019-12-08T12:09:55.232+0000][1][safepoint    ] Total time for which application threads were stopped: 0.0000723 seconds, Stopping threads took: 0.0000185 seconds
[2019-12-08T12:09:56.232+0000][1][safepoint    ] Application time: 1.0000857 seconds
[2019-12-08T12:09:56.232+0000][1][safepoint    ] Entering safepoint region: Cleanup
[2019-12-08T12:09:56.232+0000][1][safepoint    ] Leaving safepoint region
[2019-12-08T12:09:56.232+0000][1][safepoint    ] Total time for which application threads were stopped: 0.0000750 seconds, Stopping threads took: 0.0000190 seconds
[2019-12-08T12:09:57.232+0000][1][safepoint    ] Application time: 1.0000809 seconds
[2019-12-08T12:09:57.232+0000][1][safepoint    ] Entering safepoint region: Cleanup
[2019-12-08T12:09:57.232+0000][1][safepoint    ] Leaving safepoint region
[2019-12-08T12:09:57.232+0000][1][safepoint    ] Total time for which application threads were stopped: 0.0000745 seconds, Stopping threads took: 0.0000192 seconds
[2019-12-08T12:09:58.233+0000][1][safepoint    ] Application time: 1.0000764 seconds
[2019-12-08T12:09:58.233+0000][1][safepoint    ] Entering safepoint region: Cleanup
[2019-12-08T12:09:58.233+0000][1][safepoint    ] Leaving safepoint region
[2019-12-08T12:09:58.233+0000][1][safepoint    ] Total time for which application threads were stopped: 0.0000743 seconds, Stopping threads took: 0.0000199 seconds
[2019-12-08T12:09:59.233+0000][1][safepoint    ] Application time: 1.0000894 seconds
[2019-12-08T12:09:59.233+0000][1][safepoint    ] Entering safepoint region: Cleanup
[2019-12-08T12:09:59.233+0000][1][safepoint    ] Leaving safepoint region
[2019-12-08T12:09:59.233+0000][1][safepoint    ] Total time for which application threads were stopped: 0.0000749 seconds, Stopping threads took: 0.0000205 seconds
[2019-12-08T12:10:00.680+0000][1][safepoint    ] Application time: 1.4467689 seconds
[2019-12-08T12:10:00.680+0000][1][safepoint    ] Entering safepoint region: Cleanup
[2019-12-08T12:10:00.680+0000][1][safepoint    ] Leaving safepoint region
[2019-12-08T12:10:00.680+0000][1][safepoint    ] Total time for which application threads were stopped: 0.0000923 seconds, Stopping threads took: 0.0000248 seconds
[2019-12-08T12:10:01.683+0000][1][safepoint    ] Application time: 1.0029190 seconds
[2019-12-08T12:10:01.683+0000][1][safepoint    ] Entering safepoint region: Cleanup
[2019-12-08T12:10:01.683+0000][1][safepoint    ] Leaving safepoint region
[2019-12-08T12:10:01.683+0000][1][safepoint    ] Total time for which application threads were stopped: 0.0001128 seconds, Stopping threads took: 0.0000273 seconds
[2019-12-08T12:10:01.728+0000][1][safepoint    ] Application time: 0.0455881 seconds
[2019-12-08T12:10:01.729+0000][1][safepoint    ] Entering safepoint region: GenCollectForAllocation
[2019-12-08T12:10:01.729+0000][1][gc,start     ] GC(32) Pause Young (Allocation Failure)
[2019-12-08T12:10:01.729+0000][1][gc,task      ] GC(32) Using 4 workers of 4 for evacuation
[2019-12-08T12:10:01.731+0000][1][gc,age       ] GC(32) Desired survivor size 4456448 bytes, new threshold 6 (max threshold 6)
[2019-12-08T12:10:01.731+0000][1][gc,age       ] GC(32) Age table with threshold 6 (max threshold 6)
[2019-12-08T12:10:01.731+0000][1][gc,age       ] GC(32) - age   1:       5224 bytes,       5224 total
[2019-12-08T12:10:01.731+0000][1][gc,age       ] GC(32) - age   2:        224 bytes,       5448 total
[2019-12-08T12:10:01.731+0000][1][gc,age       ] GC(32) - age   3:       1720 bytes,       7168 total
[2019-12-08T12:10:01.731+0000][1][gc,age       ] GC(32) - age   4:       2096 bytes,       9264 total
[2019-12-08T12:10:01.731+0000][1][gc,age       ] GC(32) - age   5:       2440 bytes,      11704 total
[2019-12-08T12:10:01.731+0000][1][gc,age       ] GC(32) - age   6:        592 bytes,      12296 total
[2019-12-08T12:10:01.731+0000][1][gc,heap      ] GC(32) ParNew: 69983K->16K(78656K)
[2019-12-08T12:10:01.731+0000][1][gc,heap      ] GC(32) CMS: 70447K->70453K(174784K)
[2019-12-08T12:10:01.731+0000][1][gc,metaspace ] GC(32) Metaspace: 69085K->69085K(1112064K)
[2019-12-08T12:10:01.731+0000][1][gc           ] GC(32) Pause Young (Allocation Failure) 137M->68M(247M) 2.152ms
[2019-12-08T12:10:01.731+0000][1][gc,cpu       ] GC(32) User=0.00s Sys=0.00s Real=0.01s
[2019-12-08T12:10:01.731+0000][1][safepoint    ] Leaving safepoint region
[2019-12-08T12:10:01.731+0000][1][safepoint    ] Total time for which application threads were stopped: 0.0023461 seconds, Stopping threads took: 0.0000245 seconds
[2019-12-08T12:10:02.731+0000][1][safepoint    ] Application time: 1.0001021 seconds
[2019-12-08T12:10:02.731+0000][1][safepoint    ] Entering safepoint region: Cleanup
[2019-12-08T12:10:02.731+0000][1][safepoint    ] Leaving safepoint region
[2019-12-08T12:10:02.731+0000][1][safepoint    ] Total time for which application threads were stopped: 0.0000730 seconds, Stopping threads took: 0.0000192 seconds
[2019-12-08T12:10:03.731+0000][1][safepoint    ] Application time: 1.0000884 seconds
[2019-12-08T12:10:03.731+0000][1][safepoint    ] Entering safepoint region: Cleanup
[2019-12-08T12:10:03.731+0000][1][safepoint    ] Leaving safepoint region
[2019-12-08T12:10:03.731+0000][1][safepoint    ] Total time for which application threads were stopped: 0.0000733 seconds, Stopping threads took: 0.0000186 seconds
[2019-12-08T12:10:04.731+0000][1][safepoint    ] Application time: 1.0000804 seconds
[2019-12-08T12:10:04.731+0000][1][safepoint    ] Entering safepoint region: Cleanup
[2019-12-08T12:10:04.731+0000][1][safepoint    ] Leaving safepoint region
[2019-12-08T12:10:04.732+0000][1][safepoint    ] Total time for which application threads were stopped: 0.0000735 seconds, Stopping threads took: 0.0000192 seconds
[2019-12-08T12:10:05.732+0000][1][safepoint    ] Application time: 1.0000771 seconds
[2019-12-08T12:10:05.732+0000][1][safepoint    ] Entering safepoint region: Cleanup
[2019-12-08T12:10:05.732+0000][1][safepoint    ] Leaving safepoint region
[2019-12-08T12:10:05.732+0000][1][safepoint    ] Total time for which application threads were stopped: 0.0000853 seconds, Stopping threads took: 0.0000186 seconds
[2019-12-08T12:10:06.732+0000][1][safepoint    ] Application time: 1.0000773 seconds
[2019-12-08T12:10:06.732+0000][1][safepoint    ] Entering safepoint region: Cleanup
[2019-12-08T12:10:06.732+0000][1][safepoint    ] Leaving safepoint region
[2019-12-08T12:10:06.732+0000][1][safepoint    ] Total time for which application threads were stopped: 0.0000747 seconds, Stopping threads took: 0.0000199 seconds
[2019-12-08T12:10:07.732+0000][1][safepoint    ] Application time: 1.0000788 seconds
[2019-12-08T12:10:07.732+0000][1][safepoint    ] Entering safepoint region: Cleanup
[2019-12-08T12:10:07.732+0000][1][safepoint    ] Leaving safepoint region
[2019-12-08T12:10:07.732+0000][1][safepoint    ] Total time for which application threads were stopped: 0.0000722 seconds, Stopping threads took: 0.0000186 seconds
[2019-12-08T12:10:08.732+0000][1][safepoint    ] Application time: 1.0000771 seconds
[2019-12-08T12:10:08.732+0000][1][safepoint    ] Entering safepoint region: Cleanup
[2019-12-08T12:10:08.732+0000][1][safepoint    ] Leaving safepoint region
[2019-12-08T12:10:08.732+0000][1][safepoint    ] Total time for which application threads were stopped: 0.0000750 seconds, Stopping threads took: 0.0000215 seconds
[2019-12-08T12:10:09.732+0000][1][safepoint    ] Application time: 1.0000829 seconds
[2019-12-08T12:10:09.732+0000][1][safepoint    ] Entering safepoint region: Cleanup
[2019-12-08T12:10:09.733+0000][1][safepoint    ] Leaving safepoint region
[2019-12-08T12:10:09.733+0000][1][safepoint    ] Total time for which application threads were stopped: 0.0000904 seconds, Stopping threads took: 0.0000336 seconds
[2019-12-08T12:10:10.733+0000][1][safepoint    ] Application time: 1.0000801 seconds
[2019-12-08T12:10:10.733+0000][1][safepoint    ] Entering safepoint region: Cleanup
[2019-12-08T12:10:10.733+0000][1][safepoint    ] Leaving safepoint region
[2019-12-08T12:10:10.733+0000][1][safepoint    ] Total time for which application threads were stopped: 0.0000855 seconds, Stopping threads took: 0.0000199 seconds
[2019-12-08T12:10:11.733+0000][1][safepoint    ] Application time: 1.0000784 seconds
[2019-12-08T12:10:11.733+0000][1][safepoint    ] Entering safepoint region: Cleanup
[2019-12-08T12:10:11.733+0000][1][safepoint    ] Leaving safepoint region
[2019-12-08T12:10:11.733+0000][1][safepoint    ] Total time for which application threads were stopped: 0.0000756 seconds, Stopping threads took: 0.0000220 seconds
[2019-12-08T12:10:12.733+0000][1][safepoint    ] Application time: 1.0000808 seconds
[2019-12-08T12:10:12.733+0000][1][safepoint    ] Entering safepoint region: Cleanup
[2019-12-08T12:10:12.733+0000][1][safepoint    ] Leaving safepoint region
[2019-12-08T12:10:12.733+0000][1][safepoint    ] Total time for which application threads were stopped: 0.0000775 seconds, Stopping threads took: 0.0000203 seconds
[2019-12-08T12:10:13.733+0000][1][safepoint    ] Application time: 1.0000842 seconds
[2019-12-08T12:10:13.733+0000][1][safepoint    ] Entering safepoint region: Cleanup
[2019-12-08T12:10:13.733+0000][1][safepoint    ] Leaving safepoint region
[2019-12-08T12:10:13.733+0000][1][safepoint    ] Total time for which application threads were stopped: 0.0000819 seconds, Stopping threads took: 0.0000252 seconds
[2019-12-08T12:10:14.733+0000][1][safepoint    ] Application time: 1.0000812 seconds
[2019-12-08T12:10:14.733+0000][1][safepoint    ] Entering safepoint region: Cleanup
[2019-12-08T12:10:14.734+0000][1][safepoint    ] Leaving safepoint region
[2019-12-08T12:10:14.734+0000][1][safepoint    ] Total time for which application threads were stopped: 0.0000764 seconds, Stopping threads took: 0.0000201 seconds
[2019-12-08T12:10:15.734+0000][1][safepoint    ] Application time: 1.0000801 seconds
[2019-12-08T12:10:15.734+0000][1][safepoint    ] Entering safepoint region: Cleanup
[2019-12-08T12:10:15.734+0000][1][safepoint    ] Leaving safepoint region
[2019-12-08T12:10:15.734+0000][1][safepoint    ] Total time for which application threads were stopped: 0.0000907 seconds, Stopping threads took: 0.0000367 seconds
[2019-12-08T12:10:16.734+0000][1][safepoint    ] Application time: 1.0000896 seconds
[2019-12-08T12:10:16.734+0000][1][safepoint    ] Entering safepoint region: Cleanup
[2019-12-08T12:10:16.734+0000][1][safepoint    ] Leaving safepoint region
[2019-12-08T12:10:16.734+0000][1][safepoint    ] Total time for which application threads were stopped: 0.0000794 seconds, Stopping threads took: 0.0000236 seconds
[2019-12-08T12:10:17.734+0000][1][safepoint    ] Application time: 1.0000854 seconds
[2019-12-08T12:10:17.734+0000][1][safepoint    ] Entering safepoint region: Cleanup
[2019-12-08T12:10:17.734+0000][1][safepoint    ] Leaving safepoint region
[2019-12-08T12:10:17.734+0000][1][safepoint    ] Total time for which application threads were stopped: 0.0000759 seconds, Stopping threads took: 0.0000194 seconds
[2019-12-08T12:10:18.734+0000][1][safepoint    ] Application time: 1.0000810 seconds
[2019-12-08T12:10:18.734+0000][1][safepoint    ] Entering safepoint region: Cleanup
[2019-12-08T12:10:18.734+0000][1][safepoint    ] Leaving safepoint region
[2019-12-08T12:10:18.734+0000][1][safepoint    ] Total time for which application threads were stopped: 0.0000720 seconds, Stopping threads took: 0.0000182 seconds
[2019-12-08T12:10:19.734+0000][1][safepoint    ] Application time: 1.0000775 seconds
[2019-12-08T12:10:19.735+0000][1][safepoint    ] Entering safepoint region: Cleanup
[2019-12-08T12:10:19.735+0000][1][safepoint    ] Leaving safepoint region
[2019-12-08T12:10:19.735+0000][1][safepoint    ] Total time for which application threads were stopped: 0.0000814 seconds, Stopping threads took: 0.0000194 seconds
[2019-12-08T12:10:20.735+0000][1][safepoint    ] Application time: 1.0000850 seconds
[2019-12-08T12:10:20.735+0000][1][safepoint    ] Entering safepoint region: Cleanup
[2019-12-08T12:10:20.735+0000][1][safepoint    ] Leaving safepoint region
[2019-12-08T12:10:20.735+0000][1][safepoint    ] Total time for which application threads were stopped: 0.0000748 seconds, Stopping threads took: 0.0000205 seconds
[2019-12-08T12:10:21.735+0000][1][safepoint    ] Application time: 1.0000620 seconds
[2019-12-08T12:10:21.735+0000][1][safepoint    ] Entering safepoint region: Cleanup
[2019-12-08T12:10:21.735+0000][1][safepoint    ] Leaving safepoint region
[2019-12-08T12:10:21.735+0000][1][safepoint    ] Total time for which application threads were stopped: 0.0000770 seconds, Stopping threads took: 0.0000191 seconds
[2019-12-08T12:10:22.735+0000][1][safepoint    ] Application time: 1.0000837 seconds
[2019-12-08T12:10:22.735+0000][1][safepoint    ] Entering safepoint region: Cleanup
[2019-12-08T12:10:22.735+0000][1][safepoint    ] Leaving safepoint region
[2019-12-08T12:10:22.735+0000][1][safepoint    ] Total time for which application threads were stopped: 0.0000728 seconds, Stopping threads took: 0.0000202 seconds
[2019-12-08T12:10:23.735+0000][1][safepoint    ] Application time: 1.0000833 seconds
[2019-12-08T12:10:23.735+0000][1][safepoint    ] Entering safepoint region: Cleanup
[2019-12-08T12:10:23.735+0000][1][safepoint    ] Leaving safepoint region
[2019-12-08T12:10:23.735+0000][1][safepoint    ] Total time for which application threads were stopped: 0.0000738 seconds, Stopping threads took: 0.0000204 seconds
[2019-12-08T12:10:24.735+0000][1][safepoint    ] Application time: 1.0000800 seconds
[2019-12-08T12:10:24.736+0000][1][safepoint    ] Entering safepoint region: Cleanup
[2019-12-08T12:10:24.736+0000][1][safepoint    ] Leaving safepoint region
[2019-12-08T12:10:24.736+0000][1][safepoint    ] Total time for which application threads were stopped: 0.0000761 seconds, Stopping threads took: 0.0000199 seconds
[2019-12-08T12:10:25.736+0000][1][safepoint    ] Application time: 1.0000767 seconds
[2019-12-08T12:10:25.736+0000][1][safepoint    ] Entering safepoint region: Cleanup
[2019-12-08T12:10:25.736+0000][1][safepoint    ] Leaving safepoint region
[2019-12-08T12:10:25.736+0000][1][safepoint    ] Total time for which application threads were stopped: 0.0000720 seconds, Stopping threads took: 0.0000179 seconds
[2019-12-08T12:10:26.736+0000][1][safepoint    ] Application time: 1.0000785 seconds
[2019-12-08T12:10:26.736+0000][1][safepoint    ] Entering safepoint region: Cleanup
[2019-12-08T12:10:26.736+0000][1][safepoint    ] Leaving safepoint region
[2019-12-08T12:10:26.736+0000][1][safepoint    ] Total time for which application threads were stopped: 0.0000727 seconds, Stopping threads took: 0.0000189 seconds
[2019-12-08T12:10:27.736+0000][1][safepoint    ] Application time: 1.0000780 seconds
[2019-12-08T12:10:27.736+0000][1][safepoint    ] Entering safepoint region: Cleanup
[2019-12-08T12:10:27.736+0000][1][safepoint    ] Leaving safepoint region
[2019-12-08T12:10:27.736+0000][1][safepoint    ] Total time for which application threads were stopped: 0.0000697 seconds, Stopping threads took: 0.0000180 seconds
[2019-12-08T12:10:28.736+0000][1][safepoint    ] Application time: 1.0000751 seconds
[2019-12-08T12:10:28.736+0000][1][safepoint    ] Entering safepoint region: Cleanup
[2019-12-08T12:10:28.736+0000][1][safepoint    ] Leaving safepoint region
[2019-12-08T12:10:28.736+0000][1][safepoint    ] Total time for which application threads were stopped: 0.0000696 seconds, Stopping threads took: 0.0000175 seconds
[2019-12-08T12:10:29.736+0000][1][safepoint    ] Application time: 1.0000763 seconds
[2019-12-08T12:10:29.736+0000][1][safepoint    ] Entering safepoint region: Cleanup
[2019-12-08T12:10:29.737+0000][1][safepoint    ] Leaving safepoint region
[2019-12-08T12:10:29.737+0000][1][safepoint    ] Total time for which application threads were stopped: 0.0000757 seconds, Stopping threads took: 0.0000167 seconds
[2019-12-08T12:10:30.737+0000][1][safepoint    ] Application time: 1.0000776 seconds
[2019-12-08T12:10:30.737+0000][1][safepoint    ] Entering safepoint region: Cleanup
[2019-12-08T12:10:30.737+0000][1][safepoint    ] Leaving safepoint region
[2019-12-08T12:10:30.737+0000][1][safepoint    ] Total time for which application threads were stopped: 0.0000781 seconds, Stopping threads took: 0.0000256 seconds
[2019-12-08T12:10:31.737+0000][1][safepoint    ] Application time: 1.0000764 seconds
[2019-12-08T12:10:31.737+0000][1][safepoint    ] Entering safepoint region: Cleanup
[2019-12-08T12:10:31.737+0000][1][safepoint    ] Leaving safepoint region
[2019-12-08T12:10:31.737+0000][1][safepoint    ] Total time for which application threads were stopped: 0.0000692 seconds, Stopping threads took: 0.0000172 seconds
[2019-12-08T12:10:32.737+0000][1][safepoint    ] Application time: 1.0000754 seconds
[2019-12-08T12:10:32.737+0000][1][safepoint    ] Entering safepoint region: Cleanup
[2019-12-08T12:10:32.737+0000][1][safepoint    ] Leaving safepoint region
[2019-12-08T12:10:32.737+0000][1][safepoint    ] Total time for which application threads were stopped: 0.0000717 seconds, Stopping threads took: 0.0000178 seconds
[2019-12-08T12:10:33.737+0000][1][safepoint    ] Application time: 1.0000748 seconds
[2019-12-08T12:10:33.737+0000][1][safepoint    ] Entering safepoint region: Cleanup
[2019-12-08T12:10:33.737+0000][1][safepoint    ] Leaving safepoint region
[2019-12-08T12:10:33.737+0000][1][safepoint    ] Total time for which application threads were stopped: 0.0000718 seconds, Stopping threads took: 0.0000185 seconds
[2019-12-08T12:10:34.737+0000][1][safepoint    ] Application time: 1.0000732 seconds
[2019-12-08T12:10:34.737+0000][1][safepoint    ] Entering safepoint region: Cleanup
[2019-12-08T12:10:34.737+0000][1][safepoint    ] Leaving safepoint region
[2019-12-08T12:10:34.737+0000][1][safepoint    ] Total time for which application threads were stopped: 0.0000690 seconds, Stopping threads took: 0.0000175 seconds
[2019-12-08T12:10:35.738+0000][1][safepoint    ] Application time: 1.0000787 seconds
[2019-12-08T12:10:35.738+0000][1][safepoint    ] Entering safepoint region: Cleanup
[2019-12-08T12:10:35.738+0000][1][safepoint    ] Leaving safepoint region
[2019-12-08T12:10:35.738+0000][1][safepoint    ] Total time for which application threads were stopped: 0.0000710 seconds, Stopping threads took: 0.0000191 seconds
[2019-12-08T12:10:36.738+0000][1][safepoint    ] Application time: 1.0000903 seconds
[2019-12-08T12:10:36.738+0000][1][safepoint    ] Entering safepoint region: Cleanup
[2019-12-08T12:10:36.738+0000][1][safepoint    ] Leaving safepoint region
[2019-12-08T12:10:36.738+0000][1][safepoint    ] Total time for which application threads were stopped: 0.0000708 seconds, Stopping threads took: 0.0000178 seconds
[2019-12-08T12:10:37.738+0000][1][safepoint    ] Application time: 1.0000791 seconds
[2019-12-08T12:10:37.738+0000][1][safepoint    ] Entering safepoint region: Cleanup
[2019-12-08T12:10:37.738+0000][1][safepoint    ] Leaving safepoint region
[2019-12-08T12:10:37.738+0000][1][safepoint    ] Total time for which application threads were stopped: 0.0000728 seconds, Stopping threads took: 0.0000189 seconds
[2019-12-08T12:10:38.738+0000][1][safepoint    ] Application time: 1.0000740 seconds
[2019-12-08T12:10:38.738+0000][1][safepoint    ] Entering safepoint region: Cleanup
[2019-12-08T12:10:38.738+0000][1][safepoint    ] Leaving safepoint region
[2019-12-08T12:10:38.738+0000][1][safepoint    ] Total time for which application threads were stopped: 0.0000788 seconds, Stopping threads took: 0.0000261 seconds
[2019-12-08T12:10:39.738+0000][1][safepoint    ] Application time: 1.0000763 seconds
[2019-12-08T12:10:39.738+0000][1][safepoint    ] Entering safepoint region: Cleanup
[2019-12-08T12:10:39.738+0000][1][safepoint    ] Leaving safepoint region
[2019-12-08T12:10:39.738+0000][1][safepoint    ] Total time for which application threads were stopped: 0.0000797 seconds, Stopping threads took: 0.0000207 seconds
[2019-12-08T12:10:40.739+0000][1][safepoint    ] Application time: 1.0000847 seconds
[2019-12-08T12:10:40.739+0000][1][safepoint    ] Entering safepoint region: Cleanup
[2019-12-08T12:10:40.739+0000][1][safepoint    ] Leaving safepoint region
[2019-12-08T12:10:40.739+0000][1][safepoint    ] Total time for which application threads were stopped: 0.0000742 seconds, Stopping threads took: 0.0000193 seconds
[2019-12-08T12:10:41.739+0000][1][safepoint    ] Application time: 1.0000774 seconds
[2019-12-08T12:10:41.739+0000][1][safepoint    ] Entering safepoint region: Cleanup
[2019-12-08T12:10:41.739+0000][1][safepoint    ] Leaving safepoint region
[2019-12-08T12:10:41.739+0000][1][safepoint    ] Total time for which application threads were stopped: 0.0000732 seconds, Stopping threads took: 0.0000188 seconds
[2019-12-08T12:10:42.739+0000][1][safepoint    ] Application time: 1.0000816 seconds
[2019-12-08T12:10:42.739+0000][1][safepoint    ] Entering safepoint region: Cleanup
[2019-12-08T12:10:42.739+0000][1][safepoint    ] Leaving safepoint region
[2019-12-08T12:10:42.739+0000][1][safepoint    ] Total time for which application threads were stopped: 0.0000703 seconds, Stopping threads took: 0.0000188 seconds
[2019-12-08T12:10:43.739+0000][1][safepoint    ] Application time: 1.0000771 seconds
[2019-12-08T12:10:43.739+0000][1][safepoint    ] Entering safepoint region: Cleanup
[2019-12-08T12:10:43.739+0000][1][safepoint    ] Leaving safepoint region
[2019-12-08T12:10:43.739+0000][1][safepoint    ] Total time for which application threads were stopped: 0.0000694 seconds, Stopping threads took: 0.0000189 seconds
[2019-12-08T12:10:44.739+0000][1][safepoint    ] Application time: 1.0000845 seconds
[2019-12-08T12:10:44.739+0000][1][safepoint    ] Entering safepoint region: Cleanup
[2019-12-08T12:10:44.739+0000][1][safepoint    ] Leaving safepoint region
[2019-12-08T12:10:44.739+0000][1][safepoint    ] Total time for which application threads were stopped: 0.0000739 seconds, Stopping threads took: 0.0000198 seconds
[2019-12-08T12:10:45.740+0000][1][safepoint    ] Application time: 1.0000760 seconds
[2019-12-08T12:10:45.740+0000][1][safepoint    ] Entering safepoint region: Cleanup
[2019-12-08T12:10:45.740+0000][1][safepoint    ] Leaving safepoint region
[2019-12-08T12:10:45.740+0000][1][safepoint    ] Total time for which application threads were stopped: 0.0000693 seconds, Stopping threads took: 0.0000173 seconds
[2019-12-08T12:10:46.740+0000][1][safepoint    ] Application time: 1.0000757 seconds
[2019-12-08T12:10:46.740+0000][1][safepoint    ] Entering safepoint region: Cleanup
[2019-12-08T12:10:46.740+0000][1][safepoint    ] Leaving safepoint region
[2019-12-08T12:10:46.740+0000][1][safepoint    ] Total time for which application threads were stopped: 0.0000676 seconds, Stopping threads took: 0.0000168 seconds
[2019-12-08T12:10:47.740+0000][1][safepoint    ] Application time: 1.0000790 seconds
[2019-12-08T12:10:47.740+0000][1][safepoint    ] Entering safepoint region: Cleanup
[2019-12-08T12:10:47.740+0000][1][safepoint    ] Leaving safepoint region
[2019-12-08T12:10:47.740+0000][1][safepoint    ] Total time for which application threads were stopped: 0.0000695 seconds, Stopping threads took: 0.0000170 seconds
[2019-12-08T12:10:48.740+0000][1][safepoint    ] Application time: 1.0000759 seconds
[2019-12-08T12:10:48.740+0000][1][safepoint    ] Entering safepoint region: Cleanup
[2019-12-08T12:10:48.740+0000][1][safepoint    ] Leaving safepoint region
[2019-12-08T12:10:48.740+0000][1][safepoint    ] Total time for which application threads were stopped: 0.0000715 seconds, Stopping threads took: 0.0000188 seconds
[2019-12-08T12:10:49.740+0000][1][safepoint    ] Application time: 1.0000772 seconds
[2019-12-08T12:10:49.740+0000][1][safepoint    ] Entering safepoint region: Cleanup
[2019-12-08T12:10:49.740+0000][1][safepoint    ] Leaving safepoint region
[2019-12-08T12:10:49.740+0000][1][safepoint    ] Total time for which application threads were stopped: 0.0000714 seconds, Stopping threads took: 0.0000183 seconds
[2019-12-08T12:10:50.740+0000][1][safepoint    ] Application time: 1.0000771 seconds
[2019-12-08T12:10:50.741+0000][1][safepoint    ] Entering safepoint region: Cleanup
[2019-12-08T12:10:50.741+0000][1][safepoint    ] Leaving safepoint region
[2019-12-08T12:10:50.741+0000][1][safepoint    ] Total time for which application threads were stopped: 0.0000664 seconds, Stopping threads took: 0.0000166 seconds
[2019-12-08T12:10:51.741+0000][1][safepoint    ] Application time: 1.0000770 seconds
[2019-12-08T12:10:51.741+0000][1][safepoint    ] Entering safepoint region: Cleanup
[2019-12-08T12:10:51.741+0000][1][safepoint    ] Leaving safepoint region
[2019-12-08T12:10:51.741+0000][1][safepoint    ] Total time for which application threads were stopped: 0.0000855 seconds, Stopping threads took: 0.0000329 seconds
[2019-12-08T12:10:52.741+0000][1][safepoint    ] Application time: 1.0000773 seconds
[2019-12-08T12:10:52.741+0000][1][safepoint    ] Entering safepoint region: Cleanup
[2019-12-08T12:10:52.741+0000][1][safepoint    ] Leaving safepoint region
[2019-12-08T12:10:52.741+0000][1][safepoint    ] Total time for which application threads were stopped: 0.0000963 seconds, Stopping threads took: 0.0000204 seconds
[2019-12-08T12:10:53.741+0000][1][safepoint    ] Application time: 1.0000792 seconds
[2019-12-08T12:10:53.741+0000][1][safepoint    ] Entering safepoint region: Cleanup
[2019-12-08T12:10:53.741+0000][1][safepoint    ] Leaving safepoint region
[2019-12-08T12:10:53.741+0000][1][safepoint    ] Total time for which application threads were stopped: 0.0000704 seconds, Stopping threads took: 0.0000179 seconds
[2019-12-08T12:10:54.741+0000][1][safepoint    ] Application time: 1.0000800 seconds
[2019-12-08T12:10:54.741+0000][1][safepoint    ] Entering safepoint region: Cleanup
[2019-12-08T12:10:54.741+0000][1][safepoint    ] Leaving safepoint region
[2019-12-08T12:10:54.741+0000][1][safepoint    ] Total time for which application threads were stopped: 0.0000748 seconds, Stopping threads took: 0.0000205 seconds
[2019-12-08T12:10:55.741+0000][1][safepoint    ] Application time: 1.0000864 seconds
[2019-12-08T12:10:55.742+0000][1][safepoint    ] Entering safepoint region: Cleanup
[2019-12-08T12:10:55.742+0000][1][safepoint    ] Leaving safepoint region
[2019-12-08T12:10:55.742+0000][1][safepoint    ] Total time for which application threads were stopped: 0.0000750 seconds, Stopping threads took: 0.0000200 seconds
[2019-12-08T12:10:56.742+0000][1][safepoint    ] Application time: 1.0000840 seconds
[2019-12-08T12:10:56.742+0000][1][safepoint    ] Entering safepoint region: Cleanup
[2019-12-08T12:10:56.742+0000][1][safepoint    ] Leaving safepoint region
[2019-12-08T12:10:56.742+0000][1][safepoint    ] Total time for which application threads were stopped: 0.0000700 seconds, Stopping threads took: 0.0000170 seconds
[2019-12-08T12:10:57.742+0000][1][safepoint    ] Application time: 1.0000832 seconds
[2019-12-08T12:10:57.742+0000][1][safepoint    ] Entering safepoint region: Cleanup
[2019-12-08T12:10:57.742+0000][1][safepoint    ] Leaving safepoint region
[2019-12-08T12:10:57.742+0000][1][safepoint    ] Total time for which application threads were stopped: 0.0000703 seconds, Stopping threads took: 0.0000172 seconds
[2019-12-08T12:10:58.742+0000][1][safepoint    ] Application time: 1.0000828 seconds
[2019-12-08T12:10:58.742+0000][1][safepoint    ] Entering safepoint region: Cleanup
[2019-12-08T12:10:58.742+0000][1][safepoint    ] Leaving safepoint region
[2019-12-08T12:10:58.742+0000][1][safepoint    ] Total time for which application threads were stopped: 0.0000933 seconds, Stopping threads took: 0.0000234 seconds
[2019-12-08T12:10:59.742+0000][1][safepoint    ] Application time: 1.0000780 seconds
[2019-12-08T12:10:59.742+0000][1][safepoint    ] Entering safepoint region: Cleanup
[2019-12-08T12:10:59.742+0000][1][safepoint    ] Leaving safepoint region
[2019-12-08T12:10:59.742+0000][1][safepoint    ] Total time for which application threads were stopped: 0.0000690 seconds, Stopping threads took: 0.0000175 seconds
[2019-12-08T12:11:00.742+0000][1][safepoint    ] Application time: 1.0000754 seconds
[2019-12-08T12:11:00.743+0000][1][safepoint    ] Entering safepoint region: Cleanup
[2019-12-08T12:11:00.743+0000][1][safepoint    ] Leaving safepoint region
[2019-12-08T12:11:00.743+0000][1][safepoint    ] Total time for which application threads were stopped: 0.0000696 seconds, Stopping threads took: 0.0000182 seconds
[2019-12-08T12:11:01.743+0000][1][safepoint    ] Application time: 1.0000806 seconds
[2019-12-08T12:11:01.743+0000][1][safepoint    ] Entering safepoint region: Cleanup
[2019-12-08T12:11:01.743+0000][1][safepoint    ] Leaving safepoint region
[2019-12-08T12:11:01.743+0000][1][safepoint    ] Total time for which application threads were stopped: 0.0000764 seconds, Stopping threads took: 0.0000250 seconds
[2019-12-08T12:11:02.743+0000][1][safepoint    ] Application time: 1.0000781 seconds
[2019-12-08T12:11:02.743+0000][1][safepoint    ] Entering safepoint region: Cleanup
[2019-12-08T12:11:02.743+0000][1][safepoint    ] Leaving safepoint region
[2019-12-08T12:11:02.743+0000][1][safepoint    ] Total time for which application threads were stopped: 0.0000689 seconds, Stopping threads took: 0.0000178 seconds
[2019-12-08T12:11:03.743+0000][1][safepoint    ] Application time: 1.0000790 seconds
[2019-12-08T12:11:03.743+0000][1][safepoint    ] Entering safepoint region: Cleanup
[2019-12-08T12:11:03.743+0000][1][safepoint    ] Leaving safepoint region
[2019-12-08T12:11:03.743+0000][1][safepoint    ] Total time for which application threads were stopped: 0.0000701 seconds, Stopping threads took: 0.0000183 seconds
[2019-12-08T12:11:04.743+0000][1][safepoint    ] Application time: 1.0000782 seconds
[2019-12-08T12:11:04.743+0000][1][safepoint    ] Entering safepoint region: Cleanup
[2019-12-08T12:11:04.743+0000][1][safepoint    ] Leaving safepoint region
[2019-12-08T12:11:04.743+0000][1][safepoint    ] Total time for which application threads were stopped: 0.0000669 seconds, Stopping threads took: 0.0000166 seconds
[2019-12-08T12:11:05.743+0000][1][safepoint    ] Application time: 1.0000763 seconds
[2019-12-08T12:11:05.743+0000][1][safepoint    ] Entering safepoint region: Cleanup
[2019-12-08T12:11:05.744+0000][1][safepoint    ] Leaving safepoint region
[2019-12-08T12:11:05.744+0000][1][safepoint    ] Total time for which application threads were stopped: 0.0000669 seconds, Stopping threads took: 0.0000163 seconds
[2019-12-08T12:11:06.744+0000][1][safepoint    ] Application time: 1.0000752 seconds
[2019-12-08T12:11:06.744+0000][1][safepoint    ] Entering safepoint region: Cleanup
[2019-12-08T12:11:06.744+0000][1][safepoint    ] Leaving safepoint region
[2019-12-08T12:11:06.744+0000][1][safepoint    ] Total time for which application threads were stopped: 0.0000794 seconds, Stopping threads took: 0.0000155 seconds
[2019-12-08T12:11:07.744+0000][1][safepoint    ] Application time: 1.0000817 seconds
[2019-12-08T12:11:07.744+0000][1][safepoint    ] Entering safepoint region: Cleanup
[2019-12-08T12:11:07.744+0000][1][safepoint    ] Leaving safepoint region
[2019-12-08T12:11:07.744+0000][1][safepoint    ] Total time for which application threads were stopped: 0.0000661 seconds, Stopping threads took: 0.0000162 seconds
[2019-12-08T12:11:08.744+0000][1][safepoint    ] Application time: 1.0000778 seconds
[2019-12-08T12:11:08.744+0000][1][safepoint    ] Entering safepoint region: Cleanup
[2019-12-08T12:11:08.744+0000][1][safepoint    ] Leaving safepoint region
[2019-12-08T12:11:08.744+0000][1][safepoint    ] Total time for which application threads were stopped: 0.0000680 seconds, Stopping threads took: 0.0000164 seconds
[2019-12-08T12:11:09.744+0000][1][safepoint    ] Application time: 1.0000907 seconds
[2019-12-08T12:11:09.744+0000][1][safepoint    ] Entering safepoint region: Cleanup
[2019-12-08T12:11:09.744+0000][1][safepoint    ] Leaving safepoint region
[2019-12-08T12:11:09.744+0000][1][safepoint    ] Total time for which application threads were stopped: 0.0001028 seconds, Stopping threads took: 0.0000272 seconds
[2019-12-08T12:11:11.719+0000][1][safepoint    ] Application time: 1.9743845 seconds
[2019-12-08T12:11:11.719+0000][1][safepoint    ] Entering safepoint region: Cleanup
[2019-12-08T12:11:11.719+0000][1][safepoint    ] Leaving safepoint region
[2019-12-08T12:11:11.719+0000][1][safepoint    ] Total time for which application threads were stopped: 0.0000877 seconds, Stopping threads took: 0.0000287 seconds
[2019-12-08T12:11:12.719+0000][1][safepoint    ] Application time: 1.0000844 seconds
[2019-12-08T12:11:12.719+0000][1][safepoint    ] Entering safepoint region: Cleanup
[2019-12-08T12:11:12.719+0000][1][safepoint    ] Leaving safepoint region
[2019-12-08T12:11:12.719+0000][1][safepoint    ] Total time for which application threads were stopped: 0.0000746 seconds, Stopping threads took: 0.0000188 seconds
[2019-12-08T12:11:13.719+0000][1][safepoint    ] Application time: 1.0001296 seconds
[2019-12-08T12:11:13.719+0000][1][safepoint    ] Entering safepoint region: Cleanup
[2019-12-08T12:11:13.719+0000][1][safepoint    ] Leaving safepoint region
[2019-12-08T12:11:13.719+0000][1][safepoint    ] Total time for which application threads were stopped: 0.0001044 seconds, Stopping threads took: 0.0000250 seconds
[2019-12-08T12:11:14.719+0000][1][safepoint    ] Application time: 1.0001041 seconds
[2019-12-08T12:11:14.720+0000][1][safepoint    ] Entering safepoint region: Cleanup
[2019-12-08T12:11:14.720+0000][1][safepoint    ] Leaving safepoint region
[2019-12-08T12:11:14.720+0000][1][safepoint    ] Total time for which application threads were stopped: 0.0001122 seconds, Stopping threads took: 0.0000254 seconds
[2019-12-08T12:11:15.720+0000][1][safepoint    ] Application time: 1.0000801 seconds
[2019-12-08T12:11:15.720+0000][1][safepoint    ] Entering safepoint region: Cleanup
[2019-12-08T12:11:15.720+0000][1][safepoint    ] Leaving safepoint region
[2019-12-08T12:11:15.720+0000][1][safepoint    ] Total time for which application threads were stopped: 0.0000716 seconds, Stopping threads took: 0.0000215 seconds
[2019-12-08T12:11:16.720+0000][1][safepoint    ] Application time: 1.0000789 seconds
[2019-12-08T12:11:16.720+0000][1][safepoint    ] Entering safepoint region: Cleanup
[2019-12-08T12:11:16.720+0000][1][safepoint    ] Leaving safepoint region
[2019-12-08T12:11:16.720+0000][1][safepoint    ] Total time for which application threads were stopped: 0.0000780 seconds, Stopping threads took: 0.0000219 seconds
[2019-12-08T12:11:17.720+0000][1][safepoint    ] Application time: 1.0000791 seconds
[2019-12-08T12:11:17.720+0000][1][safepoint    ] Entering safepoint region: Cleanup
[2019-12-08T12:11:17.720+0000][1][safepoint    ] Leaving safepoint region
[2019-12-08T12:11:17.720+0000][1][safepoint    ] Total time for which application threads were stopped: 0.0000722 seconds, Stopping threads took: 0.0000176 seconds
[2019-12-08T12:11:18.720+0000][1][safepoint    ] Application time: 1.0000835 seconds
[2019-12-08T12:11:18.720+0000][1][safepoint    ] Entering safepoint region: Cleanup
[2019-12-08T12:11:18.720+0000][1][safepoint    ] Leaving safepoint region
[2019-12-08T12:11:18.720+0000][1][safepoint    ] Total time for which application threads were stopped: 0.0000763 seconds, Stopping threads took: 0.0000193 seconds
[2019-12-08T12:11:19.720+0000][1][safepoint    ] Application time: 1.0000807 seconds
[2019-12-08T12:11:19.721+0000][1][safepoint    ] Entering safepoint region: Cleanup
[2019-12-08T12:11:19.721+0000][1][safepoint    ] Leaving safepoint region
[2019-12-08T12:11:19.721+0000][1][safepoint    ] Total time for which application threads were stopped: 0.0000730 seconds, Stopping threads took: 0.0000185 seconds
[2019-12-08T12:11:20.721+0000][1][safepoint    ] Application time: 1.0000782 seconds
[2019-12-08T12:11:20.721+0000][1][safepoint    ] Entering safepoint region: Cleanup
[2019-12-08T12:11:20.721+0000][1][safepoint    ] Leaving safepoint region
[2019-12-08T12:11:20.721+0000][1][safepoint    ] Total time for which application threads were stopped: 0.0000761 seconds, Stopping threads took: 0.0000204 seconds
[2019-12-08T12:11:21.721+0000][1][safepoint    ] Application time: 1.0000851 seconds
[2019-12-08T12:11:21.721+0000][1][safepoint    ] Entering safepoint region: Cleanup
[2019-12-08T12:11:21.721+0000][1][safepoint    ] Leaving safepoint region
[2019-12-08T12:11:21.721+0000][1][safepoint    ] Total time for which application threads were stopped: 0.0001212 seconds, Stopping threads took: 0.0000445 seconds
[2019-12-08T12:11:22.721+0000][1][safepoint    ] Application time: 1.0000900 seconds
[2019-12-08T12:11:22.721+0000][1][safepoint    ] Entering safepoint region: Cleanup
[2019-12-08T12:11:22.721+0000][1][safepoint    ] Leaving safepoint region
[2019-12-08T12:11:22.721+0000][1][safepoint    ] Total time for which application threads were stopped: 0.0000897 seconds, Stopping threads took: 0.0000281 seconds
[2019-12-08T12:11:23.721+0000][1][safepoint    ] Application time: 1.0000801 seconds
[2019-12-08T12:11:23.721+0000][1][safepoint    ] Entering safepoint region: Cleanup
[2019-12-08T12:11:23.721+0000][1][safepoint    ] Leaving safepoint region
[2019-12-08T12:11:23.721+0000][1][safepoint    ] Total time for which application threads were stopped: 0.0000692 seconds, Stopping threads took: 0.0000173 seconds
[2019-12-08T12:11:24.722+0000][1][safepoint    ] Application time: 1.0000754 seconds
[2019-12-08T12:11:24.722+0000][1][safepoint    ] Entering safepoint region: Cleanup
[2019-12-08T12:11:24.722+0000][1][safepoint    ] Leaving safepoint region
[2019-12-08T12:11:24.722+0000][1][safepoint    ] Total time for which application threads were stopped: 0.0000700 seconds, Stopping threads took: 0.0000173 seconds
[2019-12-08T12:11:25.722+0000][1][safepoint    ] Application time: 1.0000764 seconds
[2019-12-08T12:11:25.722+0000][1][safepoint    ] Entering safepoint region: Cleanup
[2019-12-08T12:11:25.722+0000][1][safepoint    ] Leaving safepoint region
[2019-12-08T12:11:25.722+0000][1][safepoint    ] Total time for which application threads were stopped: 0.0000700 seconds, Stopping threads took: 0.0000180 seconds
[2019-12-08T12:11:26.722+0000][1][safepoint    ] Application time: 1.0000772 seconds
[2019-12-08T12:11:26.722+0000][1][safepoint    ] Entering safepoint region: Cleanup
[2019-12-08T12:11:26.722+0000][1][safepoint    ] Leaving safepoint region
[2019-12-08T12:11:26.722+0000][1][safepoint    ] Total time for which application threads were stopped: 0.0000723 seconds, Stopping threads took: 0.0000190 seconds
[2019-12-08T12:11:27.722+0000][1][safepoint    ] Application time: 1.0000824 seconds
[2019-12-08T12:11:27.722+0000][1][safepoint    ] Entering safepoint region: Cleanup
[2019-12-08T12:11:27.722+0000][1][safepoint    ] Leaving safepoint region
[2019-12-08T12:11:27.722+0000][1][safepoint    ] Total time for which application threads were stopped: 0.0000730 seconds, Stopping threads took: 0.0000185 seconds
[2019-12-08T12:11:28.722+0000][1][safepoint    ] Application time: 1.0000833 seconds
[2019-12-08T12:11:28.722+0000][1][safepoint    ] Entering safepoint region: Cleanup
[2019-12-08T12:11:28.722+0000][1][safepoint    ] Leaving safepoint region
[2019-12-08T12:11:28.722+0000][1][safepoint    ] Total time for which application threads were stopped: 0.0000749 seconds, Stopping threads took: 0.0000184 seconds
[2019-12-08T12:11:29.723+0000][1][safepoint    ] Application time: 1.0000854 seconds
[2019-12-08T12:11:29.723+0000][1][safepoint    ] Entering safepoint region: Cleanup
[2019-12-08T12:11:29.723+0000][1][safepoint    ] Leaving safepoint region
[2019-12-08T12:11:29.723+0000][1][safepoint    ] Total time for which application threads were stopped: 0.0000753 seconds, Stopping threads took: 0.0000188 seconds
[2019-12-08T12:11:30.723+0000][1][safepoint    ] Application time: 1.0000798 seconds
[2019-12-08T12:11:30.723+0000][1][safepoint    ] Entering safepoint region: Cleanup
[2019-12-08T12:11:30.723+0000][1][safepoint    ] Leaving safepoint region
[2019-12-08T12:11:30.723+0000][1][safepoint    ] Total time for which application threads were stopped: 0.0000721 seconds, Stopping threads took: 0.0000190 seconds
[2019-12-08T12:11:31.723+0000][1][safepoint    ] Application time: 1.0000865 seconds
[2019-12-08T12:11:31.723+0000][1][safepoint    ] Entering safepoint region: Cleanup
[2019-12-08T12:11:31.723+0000][1][safepoint    ] Leaving safepoint region
[2019-12-08T12:11:31.723+0000][1][safepoint    ] Total time for which application threads were stopped: 0.0000726 seconds, Stopping threads took: 0.0000184 seconds
[2019-12-08T12:11:32.723+0000][1][safepoint    ] Application time: 1.0000865 seconds
[2019-12-08T12:11:32.723+0000][1][safepoint    ] Entering safepoint region: Cleanup
[2019-12-08T12:11:32.723+0000][1][safepoint    ] Leaving safepoint region
[2019-12-08T12:11:32.723+0000][1][safepoint    ] Total time for which application threads were stopped: 0.0000727 seconds, Stopping threads took: 0.0000193 seconds
[2019-12-08T12:11:33.723+0000][1][safepoint    ] Application time: 1.0000866 seconds
[2019-12-08T12:11:33.723+0000][1][safepoint    ] Entering safepoint region: Cleanup
[2019-12-08T12:11:33.723+0000][1][safepoint    ] Leaving safepoint region
[2019-12-08T12:11:33.723+0000][1][safepoint    ] Total time for which application threads were stopped: 0.0000730 seconds, Stopping threads took: 0.0000186 seconds
[2019-12-08T12:11:34.724+0000][1][safepoint    ] Application time: 1.0000929 seconds
[2019-12-08T12:11:34.724+0000][1][safepoint    ] Entering safepoint region: Cleanup
[2019-12-08T12:11:34.724+0000][1][safepoint    ] Leaving safepoint region
[2019-12-08T12:11:34.724+0000][1][safepoint    ] Total time for which application threads were stopped: 0.0000781 seconds, Stopping threads took: 0.0000201 seconds
[2019-12-08T12:11:35.724+0000][1][safepoint    ] Application time: 1.0000859 seconds
[2019-12-08T12:11:35.724+0000][1][safepoint    ] Entering safepoint region: Cleanup
[2019-12-08T12:11:35.724+0000][1][safepoint    ] Leaving safepoint region
[2019-12-08T12:11:35.724+0000][1][safepoint    ] Total time for which application threads were stopped: 0.0000770 seconds, Stopping threads took: 0.0000222 seconds
[2019-12-08T12:11:36.724+0000][1][safepoint    ] Application time: 1.0000795 seconds
[2019-12-08T12:11:36.724+0000][1][safepoint    ] Entering safepoint region: Cleanup
[2019-12-08T12:11:36.724+0000][1][safepoint    ] Leaving safepoint region
[2019-12-08T12:11:36.724+0000][1][safepoint    ] Total time for which application threads were stopped: 0.0000743 seconds, Stopping threads took: 0.0000188 seconds
[2019-12-08T12:11:37.724+0000][1][safepoint    ] Application time: 1.0000942 seconds
[2019-12-08T12:11:37.724+0000][1][safepoint    ] Entering safepoint region: Cleanup
[2019-12-08T12:11:37.724+0000][1][safepoint    ] Leaving safepoint region
[2019-12-08T12:11:37.724+0000][1][safepoint    ] Total time for which application threads were stopped: 0.0000701 seconds, Stopping threads took: 0.0000182 seconds
[2019-12-08T12:11:38.724+0000][1][safepoint    ] Application time: 1.0000813 seconds
[2019-12-08T12:11:38.724+0000][1][safepoint    ] Entering safepoint region: Cleanup
[2019-12-08T12:11:38.724+0000][1][safepoint    ] Leaving safepoint region
[2019-12-08T12:11:38.724+0000][1][safepoint    ] Total time for which application threads were stopped: 0.0000714 seconds, Stopping threads took: 0.0000179 seconds
[2019-12-08T12:11:39.725+0000][1][safepoint    ] Application time: 1.0000810 seconds
[2019-12-08T12:11:39.725+0000][1][safepoint    ] Entering safepoint region: Cleanup
[2019-12-08T12:11:39.725+0000][1][safepoint    ] Leaving safepoint region
[2019-12-08T12:11:39.725+0000][1][safepoint    ] Total time for which application threads were stopped: 0.0000961 seconds, Stopping threads took: 0.0000176 seconds
[2019-12-08T12:11:40.725+0000][1][safepoint    ] Application time: 1.0000813 seconds
[2019-12-08T12:11:40.725+0000][1][safepoint    ] Entering safepoint region: Cleanup
[2019-12-08T12:11:40.725+0000][1][safepoint    ] Leaving safepoint region
[2019-12-08T12:11:40.725+0000][1][safepoint    ] Total time for which application threads were stopped: 0.0000715 seconds, Stopping threads took: 0.0000197 seconds
[2019-12-08T12:11:41.725+0000][1][safepoint    ] Application time: 1.0000833 seconds
[2019-12-08T12:11:41.725+0000][1][safepoint    ] Entering safepoint region: Cleanup
[2019-12-08T12:11:41.725+0000][1][safepoint    ] Leaving safepoint region
[2019-12-08T12:11:41.725+0000][1][safepoint    ] Total time for which application threads were stopped: 0.0000714 seconds, Stopping threads took: 0.0000181 seconds
[2019-12-08T12:11:42.725+0000][1][safepoint    ] Application time: 1.0000854 seconds
[2019-12-08T12:11:42.725+0000][1][safepoint    ] Entering safepoint region: Cleanup
[2019-12-08T12:11:42.725+0000][1][safepoint    ] Leaving safepoint region
[2019-12-08T12:11:42.725+0000][1][safepoint    ] Total time for which application threads were stopped: 0.0000753 seconds, Stopping threads took: 0.0000201 seconds
[2019-12-08T12:11:43.725+0000][1][safepoint    ] Application time: 1.0000874 seconds
[2019-12-08T12:11:43.725+0000][1][safepoint    ] Entering safepoint region: Cleanup
[2019-12-08T12:11:43.726+0000][1][safepoint    ] Leaving safepoint region
[2019-12-08T12:11:43.726+0000][1][safepoint    ] Total time for which application threads were stopped: 0.0000720 seconds, Stopping threads took: 0.0000186 seconds
[2019-12-08T12:11:44.726+0000][1][safepoint    ] Application time: 1.0000794 seconds
[2019-12-08T12:11:44.726+0000][1][safepoint    ] Entering safepoint region: Cleanup
[2019-12-08T12:11:44.726+0000][1][safepoint    ] Leaving safepoint region
[2019-12-08T12:11:44.726+0000][1][safepoint    ] Total time for which application threads were stopped: 0.0000833 seconds, Stopping threads took: 0.0000194 seconds
[2019-12-08T12:11:45.726+0000][1][safepoint    ] Application time: 1.0000889 seconds
[2019-12-08T12:11:45.726+0000][1][safepoint    ] Entering safepoint region: Cleanup
[2019-12-08T12:11:45.726+0000][1][safepoint    ] Leaving safepoint region
[2019-12-08T12:11:45.726+0000][1][safepoint    ] Total time for which application threads were stopped: 0.0000715 seconds, Stopping threads took: 0.0000186 seconds
[2019-12-08T12:11:46.726+0000][1][safepoint    ] Application time: 1.0000934 seconds
[2019-12-08T12:11:46.726+0000][1][safepoint    ] Entering safepoint region: Cleanup
[2019-12-08T12:11:46.726+0000][1][safepoint    ] Leaving safepoint region
[2019-12-08T12:11:46.726+0000][1][safepoint    ] Total time for which application threads were stopped: 0.0000719 seconds, Stopping threads took: 0.0000187 seconds
[2019-12-08T12:11:47.726+0000][1][safepoint    ] Application time: 1.0000817 seconds
[2019-12-08T12:11:47.726+0000][1][safepoint    ] Entering safepoint region: Cleanup
[2019-12-08T12:11:47.726+0000][1][safepoint    ] Leaving safepoint region
[2019-12-08T12:11:47.726+0000][1][safepoint    ] Total time for which application threads were stopped: 0.0000700 seconds, Stopping threads took: 0.0000182 seconds
[2019-12-08T12:11:48.726+0000][1][safepoint    ] Application time: 1.0000873 seconds
[2019-12-08T12:11:48.726+0000][1][safepoint    ] Entering safepoint region: Cleanup
[2019-12-08T12:11:48.727+0000][1][safepoint    ] Leaving safepoint region
[2019-12-08T12:11:48.727+0000][1][safepoint    ] Total time for which application threads were stopped: 0.0000712 seconds, Stopping threads took: 0.0000176 seconds
[2019-12-08T12:11:49.727+0000][1][safepoint    ] Application time: 1.0000874 seconds
[2019-12-08T12:11:49.727+0000][1][safepoint    ] Entering safepoint region: Cleanup
[2019-12-08T12:11:49.727+0000][1][safepoint    ] Leaving safepoint region
[2019-12-08T12:11:49.727+0000][1][safepoint    ] Total time for which application threads were stopped: 0.0000991 seconds, Stopping threads took: 0.0000428 seconds
[2019-12-08T12:11:50.727+0000][1][safepoint    ] Application time: 1.0000780 seconds
[2019-12-08T12:11:50.727+0000][1][safepoint    ] Entering safepoint region: Cleanup
[2019-12-08T12:11:50.727+0000][1][safepoint    ] Leaving safepoint region
[2019-12-08T12:11:50.727+0000][1][safepoint    ] Total time for which application threads were stopped: 0.0000693 seconds, Stopping threads took: 0.0000175 seconds
[2019-12-08T12:11:57.051+0000][1][safepoint    ] Application time: 6.3239797 seconds
[2019-12-08T12:11:57.051+0000][1][safepoint    ] Entering safepoint region: Cleanup
[2019-12-08T12:11:57.051+0000][1][safepoint    ] Leaving safepoint region
[2019-12-08T12:11:57.051+0000][1][safepoint    ] Total time for which application threads were stopped: 0.0000789 seconds, Stopping threads took: 0.0000194 seconds
[2019-12-08T12:13:13.057+0000][1][safepoint    ] Application time: 76.0054469 seconds
[2019-12-08T12:13:13.057+0000][1][safepoint    ] Entering safepoint region: Cleanup
[2019-12-08T12:13:13.057+0000][1][safepoint    ] Leaving safepoint region
[2019-12-08T12:13:13.057+0000][1][safepoint    ] Total time for which application threads were stopped: 0.0000755 seconds, Stopping threads took: 0.0000180 seconds
[2019-12-08T12:13:24.794+0000][1][safepoint    ] Application time: 11.7372941 seconds
[2019-12-08T12:13:24.794+0000][1][safepoint    ] Entering safepoint region: GenCollectForAllocation
[2019-12-08T12:13:24.794+0000][1][gc,start     ] GC(33) Pause Young (Allocation Failure)
[2019-12-08T12:13:24.794+0000][1][gc,task      ] GC(33) Using 4 workers of 4 for evacuation
[2019-12-08T12:13:24.795+0000][1][gc,age       ] GC(33) Desired survivor size 4456448 bytes, new threshold 6 (max threshold 6)
[2019-12-08T12:13:24.795+0000][1][gc,age       ] GC(33) Age table with threshold 6 (max threshold 6)
[2019-12-08T12:13:24.795+0000][1][gc,age       ] GC(33) - age   1:       4064 bytes,       4064 total
[2019-12-08T12:13:24.795+0000][1][gc,age       ] GC(33) - age   2:        128 bytes,       4192 total
[2019-12-08T12:13:24.795+0000][1][gc,age       ] GC(33) - age   3:        224 bytes,       4416 total
[2019-12-08T12:13:24.795+0000][1][gc,age       ] GC(33) - age   4:       1720 bytes,       6136 total
[2019-12-08T12:13:24.795+0000][1][gc,age       ] GC(33) - age   5:       2096 bytes,       8232 total
[2019-12-08T12:13:24.795+0000][1][gc,age       ] GC(33) - age   6:       2440 bytes,      10672 total
[2019-12-08T12:13:24.795+0000][1][gc,heap      ] GC(33) ParNew: 69968K->15K(78656K)
[2019-12-08T12:13:24.795+0000][1][gc,heap      ] GC(33) CMS: 70453K->70454K(174784K)
[2019-12-08T12:13:24.795+0000][1][gc,metaspace ] GC(33) Metaspace: 69089K->69089K(1112064K)
[2019-12-08T12:13:24.795+0000][1][gc           ] GC(33) Pause Young (Allocation Failure) 137M->68M(247M) 1.024ms
[2019-12-08T12:13:24.795+0000][1][gc,cpu       ] GC(33) User=0.01s Sys=0.00s Real=0.00s
[2019-12-08T12:13:24.795+0000][1][safepoint    ] Leaving safepoint region
[2019-12-08T12:13:24.795+0000][1][safepoint    ] Total time for which application threads were stopped: 0.0011598 seconds, Stopping threads took: 0.0000166 seconds
[2019-12-08T12:13:48.797+0000][1][safepoint    ] Application time: 24.0019330 seconds
[2019-12-08T12:13:48.797+0000][1][safepoint    ] Entering safepoint region: Cleanup
[2019-12-08T12:13:48.797+0000][1][safepoint    ] Leaving safepoint region
[2019-12-08T12:13:48.797+0000][1][safepoint    ] Total time for which application threads were stopped: 0.0000742 seconds, Stopping threads took: 0.0000186 seconds
[2019-12-08T12:13:53.798+0000][1][safepoint    ] Application time: 5.0003570 seconds
[2019-12-08T12:13:53.798+0000][1][safepoint    ] Entering safepoint region: Cleanup
[2019-12-08T12:13:53.798+0000][1][safepoint    ] Leaving safepoint region
[2019-12-08T12:13:53.798+0000][1][safepoint    ] Total time for which application threads were stopped: 0.0000705 seconds, Stopping threads took: 0.0000161 seconds
[2019-12-08T12:14:18.800+0000][1][safepoint    ] Application time: 25.0021501 seconds
[2019-12-08T12:14:18.800+0000][1][safepoint    ] Entering safepoint region: Cleanup
[2019-12-08T12:14:18.800+0000][1][safepoint    ] Leaving safepoint region
[2019-12-08T12:14:18.800+0000][1][safepoint    ] Total time for which application threads were stopped: 0.0000712 seconds, Stopping threads took: 0.0000204 seconds
[2019-12-08T12:14:19.800+0000][1][safepoint    ] Application time: 1.0000772 seconds
[2019-12-08T12:14:19.800+0000][1][safepoint    ] Entering safepoint region: Cleanup
[2019-12-08T12:14:19.800+0000][1][safepoint    ] Leaving safepoint region
[2019-12-08T12:14:19.800+0000][1][safepoint    ] Total time for which application threads were stopped: 0.0000801 seconds, Stopping threads took: 0.0000267 seconds
[2019-12-08T12:14:20.800+0000][1][safepoint    ] Application time: 1.0000801 seconds
[2019-12-08T12:14:20.800+0000][1][safepoint    ] Entering safepoint region: Cleanup
[2019-12-08T12:14:20.800+0000][1][safepoint    ] Leaving safepoint region
[2019-12-08T12:14:20.800+0000][1][safepoint    ] Total time for which application threads were stopped: 0.0000721 seconds, Stopping threads took: 0.0000186 seconds
[2019-12-08T12:14:21.800+0000][1][safepoint    ] Application time: 1.0000790 seconds
[2019-12-08T12:14:21.800+0000][1][safepoint    ] Entering safepoint region: Cleanup
[2019-12-08T12:14:21.800+0000][1][safepoint    ] Leaving safepoint region
[2019-12-08T12:14:21.800+0000][1][safepoint    ] Total time for which application threads were stopped: 0.0000743 seconds, Stopping threads took: 0.0000211 seconds
[2019-12-08T12:14:22.801+0000][1][safepoint    ] Application time: 1.0000811 seconds
[2019-12-08T12:14:22.801+0000][1][safepoint    ] Entering safepoint region: Cleanup
[2019-12-08T12:14:22.801+0000][1][safepoint    ] Leaving safepoint region
[2019-12-08T12:14:22.801+0000][1][safepoint    ] Total time for which application threads were stopped: 0.0000858 seconds, Stopping threads took: 0.0000208 seconds
[2019-12-08T12:14:23.801+0000][1][safepoint    ] Application time: 1.0000792 seconds
[2019-12-08T12:14:23.801+0000][1][safepoint    ] Entering safepoint region: Cleanup
[2019-12-08T12:14:23.801+0000][1][safepoint    ] Leaving safepoint region
[2019-12-08T12:14:23.801+0000][1][safepoint    ] Total time for which application threads were stopped: 0.0000711 seconds, Stopping threads took: 0.0000190 seconds
[2019-12-08T12:14:24.801+0000][1][safepoint    ] Application time: 1.0001026 seconds
[2019-12-08T12:14:24.801+0000][1][safepoint    ] Entering safepoint region: Cleanup
[2019-12-08T12:14:24.801+0000][1][safepoint    ] Leaving safepoint region
[2019-12-08T12:14:24.801+0000][1][safepoint    ] Total time for which application threads were stopped: 0.0000751 seconds, Stopping threads took: 0.0000197 seconds
[2019-12-08T12:14:25.801+0000][1][safepoint    ] Application time: 1.0000765 seconds
[2019-12-08T12:14:25.801+0000][1][safepoint    ] Entering safepoint region: Cleanup
[2019-12-08T12:14:25.801+0000][1][safepoint    ] Leaving safepoint region
[2019-12-08T12:14:25.801+0000][1][safepoint    ] Total time for which application threads were stopped: 0.0000738 seconds, Stopping threads took: 0.0000198 seconds
[2019-12-08T12:14:26.801+0000][1][safepoint    ] Application time: 1.0000792 seconds
[2019-12-08T12:14:26.801+0000][1][safepoint    ] Entering safepoint region: Cleanup
[2019-12-08T12:14:26.802+0000][1][safepoint    ] Leaving safepoint region
[2019-12-08T12:14:26.802+0000][1][safepoint    ] Total time for which application threads were stopped: 0.0000812 seconds, Stopping threads took: 0.0000272 seconds
[2019-12-08T12:14:27.802+0000][1][safepoint    ] Application time: 1.0000816 seconds
[2019-12-08T12:14:27.802+0000][1][safepoint    ] Entering safepoint region: Cleanup
[2019-12-08T12:14:27.802+0000][1][safepoint    ] Leaving safepoint region
[2019-12-08T12:14:27.802+0000][1][safepoint    ] Total time for which application threads were stopped: 0.0000838 seconds, Stopping threads took: 0.0000184 seconds
[2019-12-08T12:14:28.802+0000][1][safepoint    ] Application time: 1.0000776 seconds
[2019-12-08T12:14:28.802+0000][1][safepoint    ] Entering safepoint region: Cleanup
[2019-12-08T12:14:28.802+0000][1][safepoint    ] Leaving safepoint region
[2019-12-08T12:14:28.802+0000][1][safepoint    ] Total time for which application threads were stopped: 0.0000791 seconds, Stopping threads took: 0.0000232 seconds
[2019-12-08T12:14:29.802+0000][1][safepoint    ] Application time: 1.0000755 seconds
[2019-12-08T12:14:29.802+0000][1][safepoint    ] Entering safepoint region: Cleanup
[2019-12-08T12:14:29.802+0000][1][safepoint    ] Leaving safepoint region
[2019-12-08T12:14:29.802+0000][1][safepoint    ] Total time for which application threads were stopped: 0.0000851 seconds, Stopping threads took: 0.0000183 seconds
[2019-12-08T12:14:30.802+0000][1][safepoint    ] Application time: 1.0000768 seconds
[2019-12-08T12:14:30.802+0000][1][safepoint    ] Entering safepoint region: Cleanup
[2019-12-08T12:14:30.802+0000][1][safepoint    ] Leaving safepoint region
[2019-12-08T12:14:30.802+0000][1][safepoint    ] Total time for which application threads were stopped: 0.0000714 seconds, Stopping threads took: 0.0000187 seconds
[2019-12-08T12:14:31.802+0000][1][safepoint    ] Application time: 1.0000785 seconds
[2019-12-08T12:14:31.802+0000][1][safepoint    ] Entering safepoint region: Cleanup
[2019-12-08T12:14:31.803+0000][1][safepoint    ] Leaving safepoint region
[2019-12-08T12:14:31.803+0000][1][safepoint    ] Total time for which application threads were stopped: 0.0000776 seconds, Stopping threads took: 0.0000185 seconds
[2019-12-08T12:14:32.803+0000][1][safepoint    ] Application time: 1.0000795 seconds
[2019-12-08T12:14:32.803+0000][1][safepoint    ] Entering safepoint region: Cleanup
[2019-12-08T12:14:32.803+0000][1][safepoint    ] Leaving safepoint region
[2019-12-08T12:14:32.803+0000][1][safepoint    ] Total time for which application threads were stopped: 0.0000871 seconds, Stopping threads took: 0.0000183 seconds
[2019-12-08T12:14:33.803+0000][1][safepoint    ] Application time: 1.0000845 seconds
[2019-12-08T12:14:33.803+0000][1][safepoint    ] Entering safepoint region: Cleanup
[2019-12-08T12:14:33.803+0000][1][safepoint    ] Leaving safepoint region
[2019-12-08T12:14:33.803+0000][1][safepoint    ] Total time for which application threads were stopped: 0.0000739 seconds, Stopping threads took: 0.0000198 seconds
[2019-12-08T12:14:34.803+0000][1][safepoint    ] Application time: 1.0000776 seconds
[2019-12-08T12:14:34.803+0000][1][safepoint    ] Entering safepoint region: Cleanup
[2019-12-08T12:14:34.803+0000][1][safepoint    ] Leaving safepoint region
[2019-12-08T12:14:34.803+0000][1][safepoint    ] Total time for which application threads were stopped: 0.0000736 seconds, Stopping threads took: 0.0000206 seconds
[2019-12-08T12:14:35.803+0000][1][safepoint    ] Application time: 1.0000761 seconds
[2019-12-08T12:14:35.803+0000][1][safepoint    ] Entering safepoint region: Cleanup
[2019-12-08T12:14:35.803+0000][1][safepoint    ] Leaving safepoint region
[2019-12-08T12:14:35.803+0000][1][safepoint    ] Total time for which application threads were stopped: 0.0000725 seconds, Stopping threads took: 0.0000185 seconds
[2019-12-08T12:14:36.803+0000][1][safepoint    ] Application time: 1.0000777 seconds
[2019-12-08T12:14:36.803+0000][1][safepoint    ] Entering safepoint region: Cleanup
[2019-12-08T12:14:36.804+0000][1][safepoint    ] Leaving safepoint region
[2019-12-08T12:14:36.804+0000][1][safepoint    ] Total time for which application threads were stopped: 0.0000824 seconds, Stopping threads took: 0.0000281 seconds
[2019-12-08T12:14:37.804+0000][1][safepoint    ] Application time: 1.0000813 seconds
[2019-12-08T12:14:37.804+0000][1][safepoint    ] Entering safepoint region: Cleanup
[2019-12-08T12:14:37.804+0000][1][safepoint    ] Leaving safepoint region
[2019-12-08T12:14:37.804+0000][1][safepoint    ] Total time for which application threads were stopped: 0.0000869 seconds, Stopping threads took: 0.0000178 seconds
[2019-12-08T12:14:38.804+0000][1][safepoint    ] Application time: 1.0000785 seconds
[2019-12-08T12:14:38.804+0000][1][safepoint    ] Entering safepoint region: Cleanup
[2019-12-08T12:14:38.804+0000][1][safepoint    ] Leaving safepoint region
[2019-12-08T12:14:38.804+0000][1][safepoint    ] Total time for which application threads were stopped: 0.0000738 seconds, Stopping threads took: 0.0000194 seconds
[2019-12-08T12:14:39.804+0000][1][safepoint    ] Application time: 1.0000776 seconds
[2019-12-08T12:14:39.804+0000][1][safepoint    ] Entering safepoint region: Cleanup
[2019-12-08T12:14:39.804+0000][1][safepoint    ] Leaving safepoint region
[2019-12-08T12:14:39.804+0000][1][safepoint    ] Total time for which application threads were stopped: 0.0000816 seconds, Stopping threads took: 0.0000180 seconds
[2019-12-08T12:14:40.804+0000][1][safepoint    ] Application time: 1.0000814 seconds
[2019-12-08T12:14:40.804+0000][1][safepoint    ] Entering safepoint region: Cleanup
[2019-12-08T12:14:40.804+0000][1][safepoint    ] Leaving safepoint region
[2019-12-08T12:14:40.804+0000][1][safepoint    ] Total time for which application threads were stopped: 0.0000734 seconds, Stopping threads took: 0.0000204 seconds
[2019-12-08T12:14:41.804+0000][1][safepoint    ] Application time: 1.0000795 seconds
[2019-12-08T12:14:41.804+0000][1][safepoint    ] Entering safepoint region: Cleanup
[2019-12-08T12:14:41.804+0000][1][safepoint    ] Leaving safepoint region
[2019-12-08T12:14:41.805+0000][1][safepoint    ] Total time for which application threads were stopped: 0.0000701 seconds, Stopping threads took: 0.0000190 seconds
[2019-12-08T12:14:42.805+0000][1][safepoint    ] Application time: 1.0000787 seconds
[2019-12-08T12:14:42.805+0000][1][safepoint    ] Entering safepoint region: Cleanup
[2019-12-08T12:14:42.805+0000][1][safepoint    ] Leaving safepoint region
[2019-12-08T12:14:42.805+0000][1][safepoint    ] Total time for which application threads were stopped: 0.0000812 seconds, Stopping threads took: 0.0000205 seconds
[2019-12-08T12:14:43.805+0000][1][safepoint    ] Application time: 1.0000769 seconds
[2019-12-08T12:14:43.805+0000][1][safepoint    ] Entering safepoint region: Cleanup
[2019-12-08T12:14:43.805+0000][1][safepoint    ] Leaving safepoint region
[2019-12-08T12:14:43.805+0000][1][safepoint    ] Total time for which application threads were stopped: 0.0000696 seconds, Stopping threads took: 0.0000189 seconds
[2019-12-08T12:14:44.805+0000][1][safepoint    ] Application time: 1.0000759 seconds
[2019-12-08T12:14:44.805+0000][1][safepoint    ] Entering safepoint region: Cleanup
[2019-12-08T12:14:44.805+0000][1][safepoint    ] Leaving safepoint region
[2019-12-08T12:14:44.805+0000][1][safepoint    ] Total time for which application threads were stopped: 0.0000696 seconds, Stopping threads took: 0.0000185 seconds
[2019-12-08T12:14:45.805+0000][1][safepoint    ] Application time: 1.0000775 seconds
[2019-12-08T12:14:45.805+0000][1][safepoint    ] Entering safepoint region: Cleanup
[2019-12-08T12:14:45.805+0000][1][safepoint    ] Leaving safepoint region
[2019-12-08T12:14:45.805+0000][1][safepoint    ] Total time for which application threads were stopped: 0.0000754 seconds, Stopping threads took: 0.0000189 seconds
[2019-12-08T12:14:46.805+0000][1][safepoint    ] Application time: 1.0000770 seconds
[2019-12-08T12:14:46.805+0000][1][safepoint    ] Entering safepoint region: Cleanup
[2019-12-08T12:14:46.805+0000][1][safepoint    ] Leaving safepoint region
[2019-12-08T12:14:46.805+0000][1][safepoint    ] Total time for which application threads were stopped: 0.0000761 seconds, Stopping threads took: 0.0000244 seconds
[2019-12-08T12:14:47.806+0000][1][safepoint    ] Application time: 1.0000780 seconds
[2019-12-08T12:14:47.806+0000][1][safepoint    ] Entering safepoint region: Cleanup
[2019-12-08T12:14:47.806+0000][1][safepoint    ] Leaving safepoint region
[2019-12-08T12:14:47.806+0000][1][safepoint    ] Total time for which application threads were stopped: 0.0000711 seconds, Stopping threads took: 0.0000181 seconds
[2019-12-08T12:14:48.806+0000][1][safepoint    ] Application time: 1.0000511 seconds
[2019-12-08T12:14:48.806+0000][1][safepoint    ] Entering safepoint region: Cleanup
[2019-12-08T12:14:48.806+0000][1][safepoint    ] Leaving safepoint region
[2019-12-08T12:14:48.806+0000][1][safepoint    ] Total time for which application threads were stopped: 0.0000766 seconds, Stopping threads took: 0.0000179 seconds
[2019-12-08T12:14:49.806+0000][1][safepoint    ] Application time: 1.0000769 seconds
[2019-12-08T12:14:49.806+0000][1][safepoint    ] Entering safepoint region: Cleanup
[2019-12-08T12:14:49.806+0000][1][safepoint    ] Leaving safepoint region
[2019-12-08T12:14:49.806+0000][1][safepoint    ] Total time for which application threads were stopped: 0.0000721 seconds, Stopping threads took: 0.0000190 seconds
[2019-12-08T12:14:50.806+0000][1][safepoint    ] Application time: 1.0000773 seconds
[2019-12-08T12:14:50.806+0000][1][safepoint    ] Entering safepoint region: Cleanup
[2019-12-08T12:14:50.806+0000][1][safepoint    ] Leaving safepoint region
[2019-12-08T12:14:50.806+0000][1][safepoint    ] Total time for which application threads were stopped: 0.0000713 seconds, Stopping threads took: 0.0000183 seconds
[2019-12-08T12:14:51.806+0000][1][safepoint    ] Application time: 1.0000798 seconds
[2019-12-08T12:14:51.806+0000][1][safepoint    ] Entering safepoint region: Cleanup
[2019-12-08T12:14:51.806+0000][1][safepoint    ] Leaving safepoint region
[2019-12-08T12:14:51.806+0000][1][safepoint    ] Total time for which application threads were stopped: 0.0000788 seconds, Stopping threads took: 0.0000261 seconds
[2019-12-08T12:14:52.807+0000][1][safepoint    ] Application time: 1.0000822 seconds
[2019-12-08T12:14:52.807+0000][1][safepoint    ] Entering safepoint region: Cleanup
[2019-12-08T12:14:52.807+0000][1][safepoint    ] Leaving safepoint region
[2019-12-08T12:14:52.807+0000][1][safepoint    ] Total time for which application threads were stopped: 0.0000727 seconds, Stopping threads took: 0.0000192 seconds
[2019-12-08T12:14:53.807+0000][1][safepoint    ] Application time: 1.0000829 seconds
[2019-12-08T12:14:53.807+0000][1][safepoint    ] Entering safepoint region: Cleanup
[2019-12-08T12:14:53.807+0000][1][safepoint    ] Leaving safepoint region
[2019-12-08T12:14:53.807+0000][1][safepoint    ] Total time for which application threads were stopped: 0.0000711 seconds, Stopping threads took: 0.0000195 seconds
[2019-12-08T12:14:54.807+0000][1][safepoint    ] Application time: 1.0000793 seconds
[2019-12-08T12:14:54.807+0000][1][safepoint    ] Entering safepoint region: Cleanup
[2019-12-08T12:14:54.807+0000][1][safepoint    ] Leaving safepoint region
[2019-12-08T12:14:54.807+0000][1][safepoint    ] Total time for which application threads were stopped: 0.0000735 seconds, Stopping threads took: 0.0000188 seconds
[2019-12-08T12:14:55.807+0000][1][safepoint    ] Application time: 1.0000797 seconds
[2019-12-08T12:14:55.807+0000][1][safepoint    ] Entering safepoint region: Cleanup
[2019-12-08T12:14:55.807+0000][1][safepoint    ] Leaving safepoint region
[2019-12-08T12:14:55.807+0000][1][safepoint    ] Total time for which application threads were stopped: 0.0000728 seconds, Stopping threads took: 0.0000198 seconds
[2019-12-08T12:14:56.807+0000][1][safepoint    ] Application time: 1.0000813 seconds
[2019-12-08T12:14:56.807+0000][1][safepoint    ] Entering safepoint region: Cleanup
[2019-12-08T12:14:56.807+0000][1][safepoint    ] Leaving safepoint region
[2019-12-08T12:14:56.807+0000][1][safepoint    ] Total time for which application threads were stopped: 0.0000724 seconds, Stopping threads took: 0.0000195 seconds
[2019-12-08T12:14:57.807+0000][1][safepoint    ] Application time: 1.0000800 seconds
[2019-12-08T12:14:57.808+0000][1][safepoint    ] Entering safepoint region: Cleanup
[2019-12-08T12:14:57.808+0000][1][safepoint    ] Leaving safepoint region
[2019-12-08T12:14:57.808+0000][1][safepoint    ] Total time for which application threads were stopped: 0.0000787 seconds, Stopping threads took: 0.0000180 seconds
[2019-12-08T12:14:58.808+0000][1][safepoint    ] Application time: 1.0000805 seconds
[2019-12-08T12:14:58.808+0000][1][safepoint    ] Entering safepoint region: Cleanup
[2019-12-08T12:14:58.808+0000][1][safepoint    ] Leaving safepoint region
[2019-12-08T12:14:58.808+0000][1][safepoint    ] Total time for which application threads were stopped: 0.0000704 seconds, Stopping threads took: 0.0000179 seconds
[2019-12-08T12:14:59.808+0000][1][safepoint    ] Application time: 1.0000812 seconds
[2019-12-08T12:14:59.808+0000][1][safepoint    ] Entering safepoint region: Cleanup
[2019-12-08T12:14:59.808+0000][1][safepoint    ] Leaving safepoint region
[2019-12-08T12:14:59.808+0000][1][safepoint    ] Total time for which application threads were stopped: 0.0000729 seconds, Stopping threads took: 0.0000212 seconds
[2019-12-08T12:15:00.808+0000][1][safepoint    ] Application time: 1.0000792 seconds
[2019-12-08T12:15:00.808+0000][1][safepoint    ] Entering safepoint region: Cleanup
[2019-12-08T12:15:00.808+0000][1][safepoint    ] Leaving safepoint region
[2019-12-08T12:15:00.808+0000][1][safepoint    ] Total time for which application threads were stopped: 0.0000722 seconds, Stopping threads took: 0.0000187 seconds
[2019-12-08T12:15:01.809+0000][1][safepoint    ] Application time: 1.0005126 seconds
[2019-12-08T12:15:01.809+0000][1][safepoint    ] Entering safepoint region: Cleanup
[2019-12-08T12:15:01.809+0000][1][safepoint    ] Leaving safepoint region
[2019-12-08T12:15:01.809+0000][1][safepoint    ] Total time for which application threads were stopped: 0.0000966 seconds, Stopping threads took: 0.0000256 seconds
[2019-12-08T12:15:02.809+0000][1][safepoint    ] Application time: 1.0000793 seconds
[2019-12-08T12:15:02.809+0000][1][safepoint    ] Entering safepoint region: Cleanup
[2019-12-08T12:15:02.809+0000][1][safepoint    ] Leaving safepoint region
[2019-12-08T12:15:02.809+0000][1][safepoint    ] Total time for which application threads were stopped: 0.0000806 seconds, Stopping threads took: 0.0000269 seconds
[2019-12-08T12:15:03.809+0000][1][safepoint    ] Application time: 1.0000848 seconds
[2019-12-08T12:15:03.809+0000][1][safepoint    ] Entering safepoint region: Cleanup
[2019-12-08T12:15:03.809+0000][1][safepoint    ] Leaving safepoint region
[2019-12-08T12:15:03.809+0000][1][safepoint    ] Total time for which application threads were stopped: 0.0000720 seconds, Stopping threads took: 0.0000190 seconds
[2019-12-08T12:15:04.809+0000][1][safepoint    ] Application time: 1.0000772 seconds
[2019-12-08T12:15:04.809+0000][1][safepoint    ] Entering safepoint region: Cleanup
[2019-12-08T12:15:04.809+0000][1][safepoint    ] Leaving safepoint region
[2019-12-08T12:15:04.809+0000][1][safepoint    ] Total time for which application threads were stopped: 0.0000735 seconds, Stopping threads took: 0.0000212 seconds
[2019-12-08T12:15:05.810+0000][1][safepoint    ] Application time: 1.0000771 seconds
[2019-12-08T12:15:05.810+0000][1][safepoint    ] Entering safepoint region: Cleanup
[2019-12-08T12:15:05.810+0000][1][safepoint    ] Leaving safepoint region
[2019-12-08T12:15:05.810+0000][1][safepoint    ] Total time for which application threads were stopped: 0.0000715 seconds, Stopping threads took: 0.0000188 seconds
[2019-12-08T12:15:06.810+0000][1][safepoint    ] Application time: 1.0000778 seconds
[2019-12-08T12:15:06.810+0000][1][safepoint    ] Entering safepoint region: Cleanup
[2019-12-08T12:15:06.810+0000][1][safepoint    ] Leaving safepoint region
[2019-12-08T12:15:06.810+0000][1][safepoint    ] Total time for which application threads were stopped: 0.0000761 seconds, Stopping threads took: 0.0000177 seconds
[2019-12-08T12:15:07.810+0000][1][safepoint    ] Application time: 1.0000769 seconds
[2019-12-08T12:15:07.810+0000][1][safepoint    ] Entering safepoint region: Cleanup
[2019-12-08T12:15:07.810+0000][1][safepoint    ] Leaving safepoint region
[2019-12-08T12:15:07.810+0000][1][safepoint    ] Total time for which application threads were stopped: 0.0000732 seconds, Stopping threads took: 0.0000180 seconds
[2019-12-08T12:15:08.810+0000][1][safepoint    ] Application time: 1.0000779 seconds
[2019-12-08T12:15:08.810+0000][1][safepoint    ] Entering safepoint region: Cleanup
[2019-12-08T12:15:08.810+0000][1][safepoint    ] Leaving safepoint region
[2019-12-08T12:15:08.810+0000][1][safepoint    ] Total time for which application threads were stopped: 0.0000757 seconds, Stopping threads took: 0.0000188 seconds
[2019-12-08T12:15:09.810+0000][1][safepoint    ] Application time: 1.0000795 seconds
[2019-12-08T12:15:09.810+0000][1][safepoint    ] Entering safepoint region: Cleanup
[2019-12-08T12:15:09.810+0000][1][safepoint    ] Leaving safepoint region
[2019-12-08T12:15:09.810+0000][1][safepoint    ] Total time for which application threads were stopped: 0.0000737 seconds, Stopping threads took: 0.0000186 seconds
[2019-12-08T12:15:10.811+0000][1][safepoint    ] Application time: 1.0000805 seconds
[2019-12-08T12:15:10.811+0000][1][safepoint    ] Entering safepoint region: Cleanup
[2019-12-08T12:15:10.811+0000][1][safepoint    ] Leaving safepoint region
[2019-12-08T12:15:10.811+0000][1][safepoint    ] Total time for which application threads were stopped: 0.0000732 seconds, Stopping threads took: 0.0000199 seconds
[2019-12-08T12:15:11.811+0000][1][safepoint    ] Application time: 1.0000652 seconds
[2019-12-08T12:15:11.811+0000][1][safepoint    ] Entering safepoint region: Cleanup
[2019-12-08T12:15:11.811+0000][1][safepoint    ] Leaving safepoint region
[2019-12-08T12:15:11.811+0000][1][safepoint    ] Total time for which application threads were stopped: 0.0000746 seconds, Stopping threads took: 0.0000187 seconds
[2019-12-08T12:15:12.811+0000][1][safepoint    ] Application time: 1.0000833 seconds
[2019-12-08T12:15:12.811+0000][1][safepoint    ] Entering safepoint region: Cleanup
[2019-12-08T12:15:12.811+0000][1][safepoint    ] Leaving safepoint region
[2019-12-08T12:15:12.811+0000][1][safepoint    ] Total time for which application threads were stopped: 0.0001016 seconds, Stopping threads took: 0.0000464 seconds
[2019-12-08T12:15:13.811+0000][1][safepoint    ] Application time: 1.0000897 seconds
[2019-12-08T12:15:13.811+0000][1][safepoint    ] Entering safepoint region: Cleanup
[2019-12-08T12:15:13.811+0000][1][safepoint    ] Leaving safepoint region
[2019-12-08T12:15:13.811+0000][1][safepoint    ] Total time for which application threads were stopped: 0.0000741 seconds, Stopping threads took: 0.0000198 seconds
[2019-12-08T12:15:14.811+0000][1][safepoint    ] Application time: 1.0000847 seconds
[2019-12-08T12:15:14.811+0000][1][safepoint    ] Entering safepoint region: Cleanup
[2019-12-08T12:15:14.811+0000][1][safepoint    ] Leaving safepoint region
[2019-12-08T12:15:14.811+0000][1][safepoint    ] Total time for which application threads were stopped: 0.0000725 seconds, Stopping threads took: 0.0000183 seconds
[2019-12-08T12:15:15.812+0000][1][safepoint    ] Application time: 1.0000959 seconds
[2019-12-08T12:15:15.812+0000][1][safepoint    ] Entering safepoint region: Cleanup
[2019-12-08T12:15:15.812+0000][1][safepoint    ] Leaving safepoint region
[2019-12-08T12:15:15.812+0000][1][safepoint    ] Total time for which application threads were stopped: 0.0000750 seconds, Stopping threads took: 0.0000202 seconds
[2019-12-08T12:15:16.812+0000][1][safepoint    ] Application time: 1.0000929 seconds
[2019-12-08T12:15:16.812+0000][1][safepoint    ] Entering safepoint region: Cleanup
[2019-12-08T12:15:16.812+0000][1][safepoint    ] Leaving safepoint region
[2019-12-08T12:15:16.812+0000][1][safepoint    ] Total time for which application threads were stopped: 0.0000828 seconds, Stopping threads took: 0.0000210 seconds
[2019-12-08T12:15:17.812+0000][1][safepoint    ] Application time: 1.0000888 seconds
[2019-12-08T12:15:17.812+0000][1][safepoint    ] Entering safepoint region: Cleanup
[2019-12-08T12:15:17.812+0000][1][safepoint    ] Leaving safepoint region
[2019-12-08T12:15:17.812+0000][1][safepoint    ] Total time for which application threads were stopped: 0.0000750 seconds, Stopping threads took: 0.0000206 seconds
[2019-12-08T12:15:18.812+0000][1][safepoint    ] Application time: 1.0000895 seconds
[2019-12-08T12:15:18.812+0000][1][safepoint    ] Entering safepoint region: Cleanup
[2019-12-08T12:15:18.812+0000][1][safepoint    ] Leaving safepoint region
[2019-12-08T12:15:18.812+0000][1][safepoint    ] Total time for which application threads were stopped: 0.0000762 seconds, Stopping threads took: 0.0000194 seconds
[2019-12-08T12:15:19.812+0000][1][safepoint    ] Application time: 1.0000898 seconds
[2019-12-08T12:15:19.812+0000][1][safepoint    ] Entering safepoint region: Cleanup
[2019-12-08T12:15:19.813+0000][1][safepoint    ] Leaving safepoint region
[2019-12-08T12:15:19.813+0000][1][safepoint    ] Total time for which application threads were stopped: 0.0000770 seconds, Stopping threads took: 0.0000211 seconds
[2019-12-08T12:15:20.813+0000][1][safepoint    ] Application time: 1.0000942 seconds
[2019-12-08T12:15:20.813+0000][1][safepoint    ] Entering safepoint region: Cleanup
[2019-12-08T12:15:20.813+0000][1][safepoint    ] Leaving safepoint region
[2019-12-08T12:15:20.813+0000][1][safepoint    ] Total time for which application threads were stopped: 0.0000781 seconds, Stopping threads took: 0.0000223 seconds
[2019-12-08T12:15:21.813+0000][1][safepoint    ] Application time: 1.0000951 seconds
[2019-12-08T12:15:21.813+0000][1][safepoint    ] Entering safepoint region: Cleanup
[2019-12-08T12:15:21.813+0000][1][safepoint    ] Leaving safepoint region
[2019-12-08T12:15:21.813+0000][1][safepoint    ] Total time for which application threads were stopped: 0.0000752 seconds, Stopping threads took: 0.0000189 seconds
[2019-12-08T12:15:22.813+0000][1][safepoint    ] Application time: 1.0000858 seconds
[2019-12-08T12:15:22.813+0000][1][safepoint    ] Entering safepoint region: Cleanup
[2019-12-08T12:15:22.813+0000][1][safepoint    ] Leaving safepoint region
[2019-12-08T12:15:22.813+0000][1][safepoint    ] Total time for which application threads were stopped: 0.0000758 seconds, Stopping threads took: 0.0000203 seconds
[2019-12-08T12:15:23.813+0000][1][safepoint    ] Application time: 1.0000871 seconds
[2019-12-08T12:15:23.813+0000][1][safepoint    ] Entering safepoint region: Cleanup
[2019-12-08T12:15:23.813+0000][1][safepoint    ] Leaving safepoint region
[2019-12-08T12:15:23.813+0000][1][safepoint    ] Total time for which application threads were stopped: 0.0000769 seconds, Stopping threads took: 0.0000203 seconds
[2019-12-08T12:15:24.814+0000][1][safepoint    ] Application time: 1.0000892 seconds
[2019-12-08T12:15:24.814+0000][1][safepoint    ] Entering safepoint region: Cleanup
[2019-12-08T12:15:24.814+0000][1][safepoint    ] Leaving safepoint region
[2019-12-08T12:15:24.814+0000][1][safepoint    ] Total time for which application threads were stopped: 0.0000787 seconds, Stopping threads took: 0.0000237 seconds
[2019-12-08T12:15:25.814+0000][1][safepoint    ] Application time: 1.0000835 seconds
[2019-12-08T12:15:25.814+0000][1][safepoint    ] Entering safepoint region: Cleanup
[2019-12-08T12:15:25.814+0000][1][safepoint    ] Leaving safepoint region
[2019-12-08T12:15:25.814+0000][1][safepoint    ] Total time for which application threads were stopped: 0.0000746 seconds, Stopping threads took: 0.0000202 seconds
[2019-12-08T12:15:26.814+0000][1][safepoint    ] Application time: 1.0000882 seconds
[2019-12-08T12:15:26.814+0000][1][safepoint    ] Entering safepoint region: Cleanup
[2019-12-08T12:15:26.814+0000][1][safepoint    ] Leaving safepoint region
[2019-12-08T12:15:26.814+0000][1][safepoint    ] Total time for which application threads were stopped: 0.0000747 seconds, Stopping threads took: 0.0000209 seconds
[2019-12-08T12:15:27.814+0000][1][safepoint    ] Application time: 1.0000872 seconds
[2019-12-08T12:15:27.814+0000][1][safepoint    ] Entering safepoint region: Cleanup
[2019-12-08T12:15:27.814+0000][1][safepoint    ] Leaving safepoint region
[2019-12-08T12:15:27.814+0000][1][safepoint    ] Total time for which application threads were stopped: 0.0000749 seconds, Stopping threads took: 0.0000206 seconds
[2019-12-08T12:15:28.954+0000][1][safepoint    ] Application time: 1.1396025 seconds
[2019-12-08T12:15:28.954+0000][1][safepoint    ] Entering safepoint region: Cleanup
[2019-12-08T12:15:28.954+0000][1][safepoint    ] Leaving safepoint region
[2019-12-08T12:15:28.954+0000][1][safepoint    ] Total time for which application threads were stopped: 0.0000732 seconds, Stopping threads took: 0.0000187 seconds
[2019-12-08T12:15:29.954+0000][1][safepoint    ] Application time: 1.0000868 seconds
[2019-12-08T12:15:29.954+0000][1][safepoint    ] Entering safepoint region: Cleanup
[2019-12-08T12:15:29.954+0000][1][safepoint    ] Leaving safepoint region
[2019-12-08T12:15:29.954+0000][1][safepoint    ] Total time for which application threads were stopped: 0.0000710 seconds, Stopping threads took: 0.0000181 seconds
[2019-12-08T12:15:30.954+0000][1][safepoint    ] Application time: 1.0000792 seconds
[2019-12-08T12:15:30.954+0000][1][safepoint    ] Entering safepoint region: Cleanup
[2019-12-08T12:15:30.954+0000][1][safepoint    ] Leaving safepoint region
[2019-12-08T12:15:30.954+0000][1][safepoint    ] Total time for which application threads were stopped: 0.0000760 seconds, Stopping threads took: 0.0000172 seconds
[2019-12-08T12:15:31.954+0000][1][safepoint    ] Application time: 1.0000831 seconds
[2019-12-08T12:15:31.955+0000][1][safepoint    ] Entering safepoint region: Cleanup
[2019-12-08T12:15:31.955+0000][1][safepoint    ] Leaving safepoint region
[2019-12-08T12:15:31.955+0000][1][safepoint    ] Total time for which application threads were stopped: 0.0000700 seconds, Stopping threads took: 0.0000197 seconds
[2019-12-08T12:15:32.955+0000][1][safepoint    ] Application time: 1.0000822 seconds
[2019-12-08T12:15:32.955+0000][1][safepoint    ] Entering safepoint region: Cleanup
[2019-12-08T12:15:32.955+0000][1][safepoint    ] Leaving safepoint region
[2019-12-08T12:15:32.955+0000][1][safepoint    ] Total time for which application threads were stopped: 0.0000714 seconds, Stopping threads took: 0.0000191 seconds
[2019-12-08T12:15:33.955+0000][1][safepoint    ] Application time: 1.0000766 seconds
[2019-12-08T12:15:33.955+0000][1][safepoint    ] Entering safepoint region: Cleanup
[2019-12-08T12:15:33.955+0000][1][safepoint    ] Leaving safepoint region
[2019-12-08T12:15:33.955+0000][1][safepoint    ] Total time for which application threads were stopped: 0.0000697 seconds, Stopping threads took: 0.0000175 seconds
[2019-12-08T12:15:34.955+0000][1][safepoint    ] Application time: 1.0000797 seconds
[2019-12-08T12:15:34.955+0000][1][safepoint    ] Entering safepoint region: Cleanup
[2019-12-08T12:15:34.955+0000][1][safepoint    ] Leaving safepoint region
[2019-12-08T12:15:34.955+0000][1][safepoint    ] Total time for which application threads were stopped: 0.0000685 seconds, Stopping threads took: 0.0000169 seconds
[2019-12-08T12:15:35.955+0000][1][safepoint    ] Application time: 1.0000782 seconds
[2019-12-08T12:15:35.955+0000][1][safepoint    ] Entering safepoint region: Cleanup
[2019-12-08T12:15:35.955+0000][1][safepoint    ] Leaving safepoint region
[2019-12-08T12:15:35.955+0000][1][safepoint    ] Total time for which application threads were stopped: 0.0000687 seconds, Stopping threads took: 0.0000168 seconds
[2019-12-08T12:15:36.955+0000][1][safepoint    ] Application time: 1.0000777 seconds
[2019-12-08T12:15:36.955+0000][1][safepoint    ] Entering safepoint region: Cleanup
[2019-12-08T12:15:36.956+0000][1][safepoint    ] Leaving safepoint region
[2019-12-08T12:15:36.956+0000][1][safepoint    ] Total time for which application threads were stopped: 0.0000721 seconds, Stopping threads took: 0.0000182 seconds
[2019-12-08T12:15:37.956+0000][1][safepoint    ] Application time: 1.0000803 seconds
[2019-12-08T12:15:37.956+0000][1][safepoint    ] Entering safepoint region: Cleanup
[2019-12-08T12:15:37.956+0000][1][safepoint    ] Leaving safepoint region
[2019-12-08T12:15:37.956+0000][1][safepoint    ] Total time for which application threads were stopped: 0.0000892 seconds, Stopping threads took: 0.0000191 seconds
[2019-12-08T12:15:38.956+0000][1][safepoint    ] Application time: 1.0000771 seconds
[2019-12-08T12:15:38.956+0000][1][safepoint    ] Entering safepoint region: Cleanup
[2019-12-08T12:15:38.956+0000][1][safepoint    ] Leaving safepoint region
[2019-12-08T12:15:38.956+0000][1][safepoint    ] Total time for which application threads were stopped: 0.0000722 seconds, Stopping threads took: 0.0000182 seconds
[2019-12-08T12:15:39.956+0000][1][safepoint    ] Application time: 1.0000833 seconds
[2019-12-08T12:15:39.956+0000][1][safepoint    ] Entering safepoint region: Cleanup
[2019-12-08T12:15:39.956+0000][1][safepoint    ] Leaving safepoint region
[2019-12-08T12:15:39.956+0000][1][safepoint    ] Total time for which application threads were stopped: 0.0000678 seconds, Stopping threads took: 0.0000172 seconds
[2019-12-08T12:15:40.956+0000][1][safepoint    ] Application time: 1.0000905 seconds
[2019-12-08T12:15:40.956+0000][1][safepoint    ] Entering safepoint region: Cleanup
[2019-12-08T12:15:40.956+0000][1][safepoint    ] Leaving safepoint region
[2019-12-08T12:15:40.956+0000][1][safepoint    ] Total time for which application threads were stopped: 0.0000714 seconds, Stopping threads took: 0.0000189 seconds
[2019-12-08T12:15:41.956+0000][1][safepoint    ] Application time: 1.0000810 seconds
[2019-12-08T12:15:41.956+0000][1][safepoint    ] Entering safepoint region: Cleanup
[2019-12-08T12:15:41.957+0000][1][safepoint    ] Leaving safepoint region
[2019-12-08T12:15:41.957+0000][1][safepoint    ] Total time for which application threads were stopped: 0.0000719 seconds, Stopping threads took: 0.0000191 seconds
[2019-12-08T12:15:42.957+0000][1][safepoint    ] Application time: 1.0000803 seconds
[2019-12-08T12:15:42.957+0000][1][safepoint    ] Entering safepoint region: Cleanup
[2019-12-08T12:15:42.957+0000][1][safepoint    ] Leaving safepoint region
[2019-12-08T12:15:42.957+0000][1][safepoint    ] Total time for which application threads were stopped: 0.0000864 seconds, Stopping threads took: 0.0000328 seconds
[2019-12-08T12:15:43.957+0000][1][safepoint    ] Application time: 1.0000765 seconds
[2019-12-08T12:15:43.957+0000][1][safepoint    ] Entering safepoint region: Cleanup
[2019-12-08T12:15:43.957+0000][1][safepoint    ] Leaving safepoint region
[2019-12-08T12:15:43.957+0000][1][safepoint    ] Total time for which application threads were stopped: 0.0000720 seconds, Stopping threads took: 0.0000188 seconds
[2019-12-08T12:15:44.957+0000][1][safepoint    ] Application time: 1.0000766 seconds
[2019-12-08T12:15:44.957+0000][1][safepoint    ] Entering safepoint region: Cleanup
[2019-12-08T12:15:44.957+0000][1][safepoint    ] Leaving safepoint region
[2019-12-08T12:15:44.957+0000][1][safepoint    ] Total time for which application threads were stopped: 0.0000690 seconds, Stopping threads took: 0.0000164 seconds
[2019-12-08T12:15:45.957+0000][1][safepoint    ] Application time: 1.0000801 seconds
[2019-12-08T12:15:45.957+0000][1][safepoint    ] Entering safepoint region: Cleanup
[2019-12-08T12:15:45.957+0000][1][safepoint    ] Leaving safepoint region
[2019-12-08T12:15:45.957+0000][1][safepoint    ] Total time for which application threads were stopped: 0.0000708 seconds, Stopping threads took: 0.0000174 seconds
[2019-12-08T12:15:46.957+0000][1][safepoint    ] Application time: 1.0000877 seconds
[2019-12-08T12:15:46.957+0000][1][safepoint    ] Entering safepoint region: Cleanup
[2019-12-08T12:15:46.958+0000][1][safepoint    ] Leaving safepoint region
[2019-12-08T12:15:46.958+0000][1][safepoint    ] Total time for which application threads were stopped: 0.0000738 seconds, Stopping threads took: 0.0000199 seconds
[2019-12-08T12:15:47.958+0000][1][safepoint    ] Application time: 1.0000862 seconds
[2019-12-08T12:15:47.958+0000][1][safepoint    ] Entering safepoint region: Cleanup
[2019-12-08T12:15:47.958+0000][1][safepoint    ] Leaving safepoint region
[2019-12-08T12:15:47.958+0000][1][safepoint    ] Total time for which application threads were stopped: 0.0000891 seconds, Stopping threads took: 0.0000303 seconds
[2019-12-08T12:15:48.958+0000][1][safepoint    ] Application time: 1.0000903 seconds
[2019-12-08T12:15:48.958+0000][1][safepoint    ] Entering safepoint region: Cleanup
[2019-12-08T12:15:48.958+0000][1][safepoint    ] Leaving safepoint region
[2019-12-08T12:15:48.958+0000][1][safepoint    ] Total time for which application threads were stopped: 0.0000700 seconds, Stopping threads took: 0.0000173 seconds
[2019-12-08T12:15:49.958+0000][1][safepoint    ] Application time: 1.0000924 seconds
[2019-12-08T12:15:49.958+0000][1][safepoint    ] Entering safepoint region: Cleanup
[2019-12-08T12:15:49.958+0000][1][safepoint    ] Leaving safepoint region
[2019-12-08T12:15:49.958+0000][1][safepoint    ] Total time for which application threads were stopped: 0.0000909 seconds, Stopping threads took: 0.0000236 seconds
[2019-12-08T12:15:50.958+0000][1][safepoint    ] Application time: 1.0000860 seconds
[2019-12-08T12:15:50.958+0000][1][safepoint    ] Entering safepoint region: Cleanup
[2019-12-08T12:15:50.958+0000][1][safepoint    ] Leaving safepoint region
[2019-12-08T12:15:50.958+0000][1][safepoint    ] Total time for which application threads were stopped: 0.0000712 seconds, Stopping threads took: 0.0000181 seconds
[2019-12-08T12:15:51.959+0000][1][safepoint    ] Application time: 1.0000942 seconds
[2019-12-08T12:15:51.959+0000][1][safepoint    ] Entering safepoint region: Cleanup
[2019-12-08T12:15:51.959+0000][1][safepoint    ] Leaving safepoint region
[2019-12-08T12:15:51.959+0000][1][safepoint    ] Total time for which application threads were stopped: 0.0000744 seconds, Stopping threads took: 0.0000190 seconds
[2019-12-08T12:15:52.959+0000][1][safepoint    ] Application time: 1.0000813 seconds
[2019-12-08T12:15:52.959+0000][1][safepoint    ] Entering safepoint region: Cleanup
[2019-12-08T12:15:52.959+0000][1][safepoint    ] Leaving safepoint region
[2019-12-08T12:15:52.959+0000][1][safepoint    ] Total time for which application threads were stopped: 0.0000685 seconds, Stopping threads took: 0.0000166 seconds
[2019-12-08T12:15:53.959+0000][1][safepoint    ] Application time: 1.0000787 seconds
[2019-12-08T12:15:53.959+0000][1][safepoint    ] Entering safepoint region: Cleanup
[2019-12-08T12:15:53.959+0000][1][safepoint    ] Leaving safepoint region
[2019-12-08T12:15:53.959+0000][1][safepoint    ] Total time for which application threads were stopped: 0.0000728 seconds, Stopping threads took: 0.0000188 seconds
[2019-12-08T12:15:54.959+0000][1][safepoint    ] Application time: 1.0000802 seconds
[2019-12-08T12:15:54.959+0000][1][safepoint    ] Entering safepoint region: Cleanup
[2019-12-08T12:15:54.959+0000][1][safepoint    ] Leaving safepoint region
[2019-12-08T12:15:54.959+0000][1][safepoint    ] Total time for which application threads were stopped: 0.0000754 seconds, Stopping threads took: 0.0000169 seconds
[2019-12-08T12:15:55.959+0000][1][safepoint    ] Application time: 1.0000488 seconds
[2019-12-08T12:15:55.959+0000][1][safepoint    ] Entering safepoint region: Cleanup
[2019-12-08T12:15:55.959+0000][1][safepoint    ] Leaving safepoint region
[2019-12-08T12:15:55.959+0000][1][safepoint    ] Total time for which application threads were stopped: 0.0000764 seconds, Stopping threads took: 0.0000196 seconds
[2019-12-08T12:15:56.959+0000][1][safepoint    ] Application time: 1.0000865 seconds
[2019-12-08T12:15:56.960+0000][1][safepoint    ] Entering safepoint region: Cleanup
[2019-12-08T12:15:56.960+0000][1][safepoint    ] Leaving safepoint region
[2019-12-08T12:15:56.960+0000][1][safepoint    ] Total time for which application threads were stopped: 0.0000715 seconds, Stopping threads took: 0.0000182 seconds
[2019-12-08T12:15:57.960+0000][1][safepoint    ] Application time: 1.0000962 seconds
[2019-12-08T12:15:57.960+0000][1][safepoint    ] Entering safepoint region: Cleanup
[2019-12-08T12:15:57.960+0000][1][safepoint    ] Leaving safepoint region
[2019-12-08T12:15:57.960+0000][1][safepoint    ] Total time for which application threads were stopped: 0.0000726 seconds, Stopping threads took: 0.0000197 seconds
[2019-12-08T12:15:58.960+0000][1][safepoint    ] Application time: 1.0000787 seconds
[2019-12-08T12:15:58.960+0000][1][safepoint    ] Entering safepoint region: Cleanup
[2019-12-08T12:15:58.960+0000][1][safepoint    ] Leaving safepoint region
[2019-12-08T12:15:58.960+0000][1][safepoint    ] Total time for which application threads were stopped: 0.0000719 seconds, Stopping threads took: 0.0000192 seconds
[2019-12-08T12:15:59.960+0000][1][safepoint    ] Application time: 1.0000877 seconds
[2019-12-08T12:15:59.960+0000][1][safepoint    ] Entering safepoint region: Cleanup
[2019-12-08T12:15:59.960+0000][1][safepoint    ] Leaving safepoint region
[2019-12-08T12:15:59.960+0000][1][safepoint    ] Total time for which application threads were stopped: 0.0000731 seconds, Stopping threads took: 0.0000184 seconds
[2019-12-08T12:16:00.960+0000][1][safepoint    ] Application time: 1.0000863 seconds
[2019-12-08T12:16:00.960+0000][1][safepoint    ] Entering safepoint region: Cleanup
[2019-12-08T12:16:00.960+0000][1][safepoint    ] Leaving safepoint region
[2019-12-08T12:16:00.960+0000][1][safepoint    ] Total time for which application threads were stopped: 0.0000730 seconds, Stopping threads took: 0.0000188 seconds
[2019-12-08T12:16:01.961+0000][1][safepoint    ] Application time: 1.0000816 seconds
[2019-12-08T12:16:01.961+0000][1][safepoint    ] Entering safepoint region: Cleanup
[2019-12-08T12:16:01.961+0000][1][safepoint    ] Leaving safepoint region
[2019-12-08T12:16:01.961+0000][1][safepoint    ] Total time for which application threads were stopped: 0.0000727 seconds, Stopping threads took: 0.0000184 seconds
[2019-12-08T12:16:02.961+0000][1][safepoint    ] Application time: 1.0000808 seconds
[2019-12-08T12:16:02.961+0000][1][safepoint    ] Entering safepoint region: Cleanup
[2019-12-08T12:16:02.961+0000][1][safepoint    ] Leaving safepoint region
[2019-12-08T12:16:02.961+0000][1][safepoint    ] Total time for which application threads were stopped: 0.0000790 seconds, Stopping threads took: 0.0000262 seconds
[2019-12-08T12:16:03.961+0000][1][safepoint    ] Application time: 1.0000831 seconds
[2019-12-08T12:16:03.961+0000][1][safepoint    ] Entering safepoint region: Cleanup
[2019-12-08T12:16:03.961+0000][1][safepoint    ] Leaving safepoint region
[2019-12-08T12:16:03.961+0000][1][safepoint    ] Total time for which application threads were stopped: 0.0000894 seconds, Stopping threads took: 0.0000365 seconds
[2019-12-08T12:16:04.961+0000][1][safepoint    ] Application time: 1.0000843 seconds
[2019-12-08T12:16:04.961+0000][1][safepoint    ] Entering safepoint region: Cleanup
[2019-12-08T12:16:04.961+0000][1][safepoint    ] Leaving safepoint region
[2019-12-08T12:16:04.961+0000][1][safepoint    ] Total time for which application threads were stopped: 0.0000751 seconds, Stopping threads took: 0.0000167 seconds
[2019-12-08T12:16:05.961+0000][1][safepoint    ] Application time: 1.0000837 seconds
[2019-12-08T12:16:05.961+0000][1][safepoint    ] Entering safepoint region: Cleanup
[2019-12-08T12:16:05.961+0000][1][safepoint    ] Leaving safepoint region
[2019-12-08T12:16:05.961+0000][1][safepoint    ] Total time for which application threads were stopped: 0.0000708 seconds, Stopping threads took: 0.0000183 seconds
[2019-12-08T12:16:06.962+0000][1][safepoint    ] Application time: 1.0000784 seconds
[2019-12-08T12:16:06.962+0000][1][safepoint    ] Entering safepoint region: Cleanup
[2019-12-08T12:16:06.962+0000][1][safepoint    ] Leaving safepoint region
[2019-12-08T12:16:06.962+0000][1][safepoint    ] Total time for which application threads were stopped: 0.0000724 seconds, Stopping threads took: 0.0000187 seconds
[2019-12-08T12:16:07.962+0000][1][safepoint    ] Application time: 1.0000835 seconds
[2019-12-08T12:16:07.962+0000][1][safepoint    ] Entering safepoint region: Cleanup
[2019-12-08T12:16:07.962+0000][1][safepoint    ] Leaving safepoint region
[2019-12-08T12:16:07.962+0000][1][safepoint    ] Total time for which application threads were stopped: 0.0000696 seconds, Stopping threads took: 0.0000164 seconds
[2019-12-08T12:16:08.962+0000][1][safepoint    ] Application time: 1.0000823 seconds
[2019-12-08T12:16:08.962+0000][1][safepoint    ] Entering safepoint region: Cleanup
[2019-12-08T12:16:08.962+0000][1][safepoint    ] Leaving safepoint region
[2019-12-08T12:16:08.962+0000][1][safepoint    ] Total time for which application threads were stopped: 0.0000716 seconds, Stopping threads took: 0.0000176 seconds
[2019-12-08T12:16:09.962+0000][1][safepoint    ] Application time: 1.0000849 seconds
[2019-12-08T12:16:09.962+0000][1][safepoint    ] Entering safepoint region: Cleanup
[2019-12-08T12:16:09.962+0000][1][safepoint    ] Leaving safepoint region
[2019-12-08T12:16:09.962+0000][1][safepoint    ] Total time for which application threads were stopped: 0.0000739 seconds, Stopping threads took: 0.0000191 seconds
[2019-12-08T12:16:10.962+0000][1][safepoint    ] Application time: 1.0000411 seconds
[2019-12-08T12:16:10.962+0000][1][safepoint    ] Entering safepoint region: Cleanup
[2019-12-08T12:16:10.962+0000][1][safepoint    ] Leaving safepoint region
[2019-12-08T12:16:10.962+0000][1][safepoint    ] Total time for which application threads were stopped: 0.0000762 seconds, Stopping threads took: 0.0000168 seconds
[2019-12-08T12:16:11.963+0000][1][safepoint    ] Application time: 1.0000838 seconds
[2019-12-08T12:16:11.963+0000][1][safepoint    ] Entering safepoint region: Cleanup
[2019-12-08T12:16:11.963+0000][1][safepoint    ] Leaving safepoint region
[2019-12-08T12:16:11.963+0000][1][safepoint    ] Total time for which application threads were stopped: 0.0000897 seconds, Stopping threads took: 0.0000242 seconds
[2019-12-08T12:16:12.963+0000][1][safepoint    ] Application time: 1.0000793 seconds
[2019-12-08T12:16:12.963+0000][1][safepoint    ] Entering safepoint region: Cleanup
[2019-12-08T12:16:12.963+0000][1][safepoint    ] Leaving safepoint region
[2019-12-08T12:16:12.963+0000][1][safepoint    ] Total time for which application threads were stopped: 0.0000790 seconds, Stopping threads took: 0.0000269 seconds
[2019-12-08T12:16:13.963+0000][1][safepoint    ] Application time: 1.0000773 seconds
[2019-12-08T12:16:13.963+0000][1][safepoint    ] Entering safepoint region: Cleanup
[2019-12-08T12:16:13.963+0000][1][safepoint    ] Leaving safepoint region
[2019-12-08T12:16:13.963+0000][1][safepoint    ] Total time for which application threads were stopped: 0.0000735 seconds, Stopping threads took: 0.0000215 seconds
[2019-12-08T12:16:14.963+0000][1][safepoint    ] Application time: 1.0000746 seconds
[2019-12-08T12:16:14.963+0000][1][safepoint    ] Entering safepoint region: Cleanup
[2019-12-08T12:16:14.963+0000][1][safepoint    ] Leaving safepoint region
[2019-12-08T12:16:14.963+0000][1][safepoint    ] Total time for which application threads were stopped: 0.0000664 seconds, Stopping threads took: 0.0000162 seconds
[2019-12-08T12:16:15.963+0000][1][safepoint    ] Application time: 1.0000772 seconds
[2019-12-08T12:16:15.963+0000][1][safepoint    ] Entering safepoint region: Cleanup
[2019-12-08T12:16:15.963+0000][1][safepoint    ] Leaving safepoint region
[2019-12-08T12:16:15.963+0000][1][safepoint    ] Total time for which application threads were stopped: 0.0000715 seconds, Stopping threads took: 0.0000185 seconds
[2019-12-08T12:16:16.963+0000][1][safepoint    ] Application time: 1.0000761 seconds
[2019-12-08T12:16:16.964+0000][1][safepoint    ] Entering safepoint region: Cleanup
[2019-12-08T12:16:16.964+0000][1][safepoint    ] Leaving safepoint region
[2019-12-08T12:16:16.964+0000][1][safepoint    ] Total time for which application threads were stopped: 0.0000676 seconds, Stopping threads took: 0.0000193 seconds
[2019-12-08T12:16:17.964+0000][1][safepoint    ] Application time: 1.0000764 seconds
[2019-12-08T12:16:17.964+0000][1][safepoint    ] Entering safepoint region: Cleanup
[2019-12-08T12:16:17.964+0000][1][safepoint    ] Leaving safepoint region
[2019-12-08T12:16:17.964+0000][1][safepoint    ] Total time for which application threads were stopped: 0.0000788 seconds, Stopping threads took: 0.0000259 seconds
[2019-12-08T12:16:18.964+0000][1][safepoint    ] Application time: 1.0000744 seconds
[2019-12-08T12:16:18.964+0000][1][safepoint    ] Entering safepoint region: Cleanup
[2019-12-08T12:16:18.964+0000][1][safepoint    ] Leaving safepoint region
[2019-12-08T12:16:18.964+0000][1][safepoint    ] Total time for which application threads were stopped: 0.0000673 seconds, Stopping threads took: 0.0000167 seconds
[2019-12-08T12:16:19.964+0000][1][safepoint    ] Application time: 1.0000771 seconds
[2019-12-08T12:16:19.964+0000][1][safepoint    ] Entering safepoint region: Cleanup
[2019-12-08T12:16:19.964+0000][1][safepoint    ] Leaving safepoint region
[2019-12-08T12:16:19.964+0000][1][safepoint    ] Total time for which application threads were stopped: 0.0000660 seconds, Stopping threads took: 0.0000169 seconds
[2019-12-08T12:16:20.964+0000][1][safepoint    ] Application time: 1.0000761 seconds
[2019-12-08T12:16:20.964+0000][1][safepoint    ] Entering safepoint region: Cleanup
[2019-12-08T12:16:20.964+0000][1][safepoint    ] Leaving safepoint region
[2019-12-08T12:16:20.964+0000][1][safepoint    ] Total time for which application threads were stopped: 0.0000652 seconds, Stopping threads took: 0.0000170 seconds
[2019-12-08T12:16:21.964+0000][1][safepoint    ] Application time: 1.0000754 seconds
[2019-12-08T12:16:21.964+0000][1][safepoint    ] Entering safepoint region: Cleanup
[2019-12-08T12:16:21.964+0000][1][safepoint    ] Leaving safepoint region
[2019-12-08T12:16:21.964+0000][1][safepoint    ] Total time for which application threads were stopped: 0.0000638 seconds, Stopping threads took: 0.0000156 seconds
[2019-12-08T12:16:22.965+0000][1][safepoint    ] Application time: 1.0000796 seconds
[2019-12-08T12:16:22.965+0000][1][safepoint    ] Entering safepoint region: Cleanup
[2019-12-08T12:16:22.965+0000][1][safepoint    ] Leaving safepoint region
[2019-12-08T12:16:22.965+0000][1][safepoint    ] Total time for which application threads were stopped: 0.0000727 seconds, Stopping threads took: 0.0000170 seconds
[2019-12-08T12:16:23.965+0000][1][safepoint    ] Application time: 1.0000826 seconds
[2019-12-08T12:16:23.965+0000][1][safepoint    ] Entering safepoint region: Cleanup
[2019-12-08T12:16:23.965+0000][1][safepoint    ] Leaving safepoint region
[2019-12-08T12:16:23.965+0000][1][safepoint    ] Total time for which application threads were stopped: 0.0000710 seconds, Stopping threads took: 0.0000191 seconds
[2019-12-08T12:16:24.965+0000][1][safepoint    ] Application time: 1.0000920 seconds
[2019-12-08T12:16:24.965+0000][1][safepoint    ] Entering safepoint region: Cleanup
[2019-12-08T12:16:24.965+0000][1][safepoint    ] Leaving safepoint region
[2019-12-08T12:16:24.965+0000][1][safepoint    ] Total time for which application threads were stopped: 0.0000717 seconds, Stopping threads took: 0.0000179 seconds
[2019-12-08T12:16:25.965+0000][1][safepoint    ] Application time: 1.0000923 seconds
[2019-12-08T12:16:25.965+0000][1][safepoint    ] Entering safepoint region: Cleanup
[2019-12-08T12:16:25.965+0000][1][safepoint    ] Leaving safepoint region
[2019-12-08T12:16:25.965+0000][1][safepoint    ] Total time for which application threads were stopped: 0.0000679 seconds, Stopping threads took: 0.0000166 seconds
[2019-12-08T12:16:26.965+0000][1][safepoint    ] Application time: 1.0000922 seconds
[2019-12-08T12:16:26.965+0000][1][safepoint    ] Entering safepoint region: Cleanup
[2019-12-08T12:16:26.965+0000][1][safepoint    ] Leaving safepoint region
[2019-12-08T12:16:26.965+0000][1][safepoint    ] Total time for which application threads were stopped: 0.0000697 seconds, Stopping threads took: 0.0000166 seconds
[2019-12-08T12:16:27.966+0000][1][safepoint    ] Application time: 1.0000882 seconds
[2019-12-08T12:16:27.966+0000][1][safepoint    ] Entering safepoint region: Cleanup
[2019-12-08T12:16:27.966+0000][1][safepoint    ] Leaving safepoint region
[2019-12-08T12:16:27.966+0000][1][safepoint    ] Total time for which application threads were stopped: 0.0000697 seconds, Stopping threads took: 0.0000168 seconds
[2019-12-08T12:16:28.966+0000][1][safepoint    ] Application time: 1.0000821 seconds
[2019-12-08T12:16:28.966+0000][1][safepoint    ] Entering safepoint region: Cleanup
[2019-12-08T12:16:28.966+0000][1][safepoint    ] Leaving safepoint region
[2019-12-08T12:16:28.966+0000][1][safepoint    ] Total time for which application threads were stopped: 0.0000736 seconds, Stopping threads took: 0.0000170 seconds
[2019-12-08T12:16:29.966+0000][1][safepoint    ] Application time: 1.0000781 seconds
[2019-12-08T12:16:29.966+0000][1][safepoint    ] Entering safepoint region: Cleanup
[2019-12-08T12:16:29.966+0000][1][safepoint    ] Leaving safepoint region
[2019-12-08T12:16:29.966+0000][1][safepoint    ] Total time for which application threads were stopped: 0.0000662 seconds, Stopping threads took: 0.0000161 seconds
[2019-12-08T12:16:30.966+0000][1][safepoint    ] Application time: 1.0000794 seconds
[2019-12-08T12:16:30.966+0000][1][safepoint    ] Entering safepoint region: Cleanup
[2019-12-08T12:16:30.966+0000][1][safepoint    ] Leaving safepoint region
[2019-12-08T12:16:30.966+0000][1][safepoint    ] Total time for which application threads were stopped: 0.0000825 seconds, Stopping threads took: 0.0000257 seconds
[2019-12-08T12:16:31.966+0000][1][safepoint    ] Application time: 1.0000767 seconds
[2019-12-08T12:16:31.966+0000][1][safepoint    ] Entering safepoint region: Cleanup
[2019-12-08T12:16:31.966+0000][1][safepoint    ] Leaving safepoint region
[2019-12-08T12:16:31.966+0000][1][safepoint    ] Total time for which application threads were stopped: 0.0000692 seconds, Stopping threads took: 0.0000166 seconds
[2019-12-08T12:16:32.966+0000][1][safepoint    ] Application time: 1.0000771 seconds
[2019-12-08T12:16:32.967+0000][1][safepoint    ] Entering safepoint region: Cleanup
[2019-12-08T12:16:32.967+0000][1][safepoint    ] Leaving safepoint region
[2019-12-08T12:16:32.967+0000][1][safepoint    ] Total time for which application threads were stopped: 0.0000681 seconds, Stopping threads took: 0.0000172 seconds
[2019-12-08T12:16:33.967+0000][1][safepoint    ] Application time: 1.0000747 seconds
[2019-12-08T12:16:33.967+0000][1][safepoint    ] Entering safepoint region: Cleanup
[2019-12-08T12:16:33.967+0000][1][safepoint    ] Leaving safepoint region
[2019-12-08T12:16:33.967+0000][1][safepoint    ] Total time for which application threads were stopped: 0.0000777 seconds, Stopping threads took: 0.0000270 seconds
[2019-12-08T12:16:34.967+0000][1][safepoint    ] Application time: 1.0000782 seconds
[2019-12-08T12:16:34.967+0000][1][safepoint    ] Entering safepoint region: Cleanup
[2019-12-08T12:16:34.967+0000][1][safepoint    ] Leaving safepoint region
[2019-12-08T12:16:34.967+0000][1][safepoint    ] Total time for which application threads were stopped: 0.0000630 seconds, Stopping threads took: 0.0000150 seconds
[2019-12-08T12:16:35.967+0000][1][safepoint    ] Application time: 1.0000759 seconds
[2019-12-08T12:16:35.967+0000][1][safepoint    ] Entering safepoint region: Cleanup
[2019-12-08T12:16:35.967+0000][1][safepoint    ] Leaving safepoint region
[2019-12-08T12:16:35.967+0000][1][safepoint    ] Total time for which application threads were stopped: 0.0000647 seconds, Stopping threads took: 0.0000165 seconds
[2019-12-08T12:16:36.967+0000][1][safepoint    ] Application time: 1.0000777 seconds
[2019-12-08T12:16:36.967+0000][1][safepoint    ] Entering safepoint region: Cleanup
[2019-12-08T12:16:36.967+0000][1][safepoint    ] Leaving safepoint region
[2019-12-08T12:16:36.967+0000][1][safepoint    ] Total time for which application threads were stopped: 0.0000664 seconds, Stopping threads took: 0.0000161 seconds
[2019-12-08T12:16:37.967+0000][1][safepoint    ] Application time: 1.0000786 seconds
[2019-12-08T12:16:37.967+0000][1][safepoint    ] Entering safepoint region: Cleanup
[2019-12-08T12:16:37.967+0000][1][safepoint    ] Leaving safepoint region
[2019-12-08T12:16:37.967+0000][1][safepoint    ] Total time for which application threads were stopped: 0.0000624 seconds, Stopping threads took: 0.0000149 seconds
[2019-12-08T12:16:38.968+0000][1][safepoint    ] Application time: 1.0000864 seconds
[2019-12-08T12:16:38.968+0000][1][safepoint    ] Entering safepoint region: Cleanup
[2019-12-08T12:16:38.968+0000][1][safepoint    ] Leaving safepoint region
[2019-12-08T12:16:38.968+0000][1][safepoint    ] Total time for which application threads were stopped: 0.0000754 seconds, Stopping threads took: 0.0000175 seconds
[2019-12-08T12:16:39.968+0000][1][safepoint    ] Application time: 1.0000823 seconds
[2019-12-08T12:16:39.968+0000][1][safepoint    ] Entering safepoint region: Cleanup
[2019-12-08T12:16:39.968+0000][1][safepoint    ] Leaving safepoint region
[2019-12-08T12:16:39.968+0000][1][safepoint    ] Total time for which application threads were stopped: 0.0000660 seconds, Stopping threads took: 0.0000163 seconds
[2019-12-08T12:16:40.968+0000][1][safepoint    ] Application time: 1.0000874 seconds
[2019-12-08T12:16:40.968+0000][1][safepoint    ] Entering safepoint region: Cleanup
[2019-12-08T12:16:40.968+0000][1][safepoint    ] Leaving safepoint region
[2019-12-08T12:16:40.968+0000][1][safepoint    ] Total time for which application threads were stopped: 0.0000803 seconds, Stopping threads took: 0.0000277 seconds
[2019-12-08T12:16:41.968+0000][1][safepoint    ] Application time: 1.0000801 seconds
[2019-12-08T12:16:41.968+0000][1][safepoint    ] Entering safepoint region: Cleanup
[2019-12-08T12:16:41.968+0000][1][safepoint    ] Leaving safepoint region
[2019-12-08T12:16:41.968+0000][1][safepoint    ] Total time for which application threads were stopped: 0.0000685 seconds, Stopping threads took: 0.0000168 seconds
[2019-12-08T12:16:42.968+0000][1][safepoint    ] Application time: 1.0000758 seconds
[2019-12-08T12:16:42.968+0000][1][safepoint    ] Entering safepoint region: Cleanup
[2019-12-08T12:16:42.968+0000][1][safepoint    ] Leaving safepoint region
[2019-12-08T12:16:42.968+0000][1][safepoint    ] Total time for which application threads were stopped: 0.0000643 seconds, Stopping threads took: 0.0000159 seconds
[2019-12-08T12:16:43.968+0000][1][safepoint    ] Application time: 1.0000756 seconds
[2019-12-08T12:16:43.968+0000][1][safepoint    ] Entering safepoint region: Cleanup
[2019-12-08T12:16:43.969+0000][1][safepoint    ] Leaving safepoint region
[2019-12-08T12:16:43.969+0000][1][safepoint    ] Total time for which application threads were stopped: 0.0000677 seconds, Stopping threads took: 0.0000178 seconds
[2019-12-08T12:16:44.969+0000][1][safepoint    ] Application time: 1.0000751 seconds
[2019-12-08T12:16:44.969+0000][1][safepoint    ] Entering safepoint region: Cleanup
[2019-12-08T12:16:44.969+0000][1][safepoint    ] Leaving safepoint region
[2019-12-08T12:16:44.969+0000][1][safepoint    ] Total time for which application threads were stopped: 0.0000748 seconds, Stopping threads took: 0.0000172 seconds
[2019-12-08T12:16:45.969+0000][1][safepoint    ] Application time: 1.0000790 seconds
[2019-12-08T12:16:45.969+0000][1][safepoint    ] Entering safepoint region: Cleanup
[2019-12-08T12:16:45.969+0000][1][safepoint    ] Leaving safepoint region
[2019-12-08T12:16:45.969+0000][1][safepoint    ] Total time for which application threads were stopped: 0.0000694 seconds, Stopping threads took: 0.0000185 seconds
[2019-12-08T12:16:46.961+0000][1][safepoint    ] Application time: 0.9922467 seconds
[2019-12-08T12:16:46.961+0000][1][safepoint    ] Entering safepoint region: GenCollectForAllocation
[2019-12-08T12:16:46.961+0000][1][gc,start     ] GC(34) Pause Young (Allocation Failure)
[2019-12-08T12:16:46.961+0000][1][gc,task      ] GC(34) Using 4 workers of 4 for evacuation
[2019-12-08T12:16:46.962+0000][1][gc,age       ] GC(34) Desired survivor size 4456448 bytes, new threshold 6 (max threshold 6)
[2019-12-08T12:16:46.962+0000][1][gc,age       ] GC(34) Age table with threshold 6 (max threshold 6)
[2019-12-08T12:16:46.962+0000][1][gc,age       ] GC(34) - age   1:       5096 bytes,       5096 total
[2019-12-08T12:16:46.962+0000][1][gc,age       ] GC(34) - age   2:        120 bytes,       5216 total
[2019-12-08T12:16:46.962+0000][1][gc,age       ] GC(34) - age   3:        128 bytes,       5344 total
[2019-12-08T12:16:46.962+0000][1][gc,age       ] GC(34) - age   4:        224 bytes,       5568 total
[2019-12-08T12:16:46.962+0000][1][gc,age       ] GC(34) - age   5:       1720 bytes,       7288 total
[2019-12-08T12:16:46.962+0000][1][gc,age       ] GC(34) - age   6:       2096 bytes,       9384 total
[2019-12-08T12:16:46.962+0000][1][gc,heap      ] GC(34) ParNew: 69967K->16K(78656K)
[2019-12-08T12:16:46.962+0000][1][gc,heap      ] GC(34) CMS: 70454K->70456K(174784K)
[2019-12-08T12:16:46.962+0000][1][gc,metaspace ] GC(34) Metaspace: 69107K->69107K(1112064K)
[2019-12-08T12:16:46.962+0000][1][gc           ] GC(34) Pause Young (Allocation Failure) 137M->68M(247M) 1.050ms
[2019-12-08T12:16:46.962+0000][1][gc,cpu       ] GC(34) User=0.00s Sys=0.00s Real=0.00s
[2019-12-08T12:16:46.962+0000][1][safepoint    ] Leaving safepoint region
[2019-12-08T12:16:46.962+0000][1][safepoint    ] Total time for which application threads were stopped: 0.0011846 seconds, Stopping threads took: 0.0000160 seconds
[2019-12-08T12:16:47.962+0000][1][safepoint    ] Application time: 1.0000904 seconds
[2019-12-08T12:16:47.963+0000][1][safepoint    ] Entering safepoint region: Cleanup
[2019-12-08T12:16:47.963+0000][1][safepoint    ] Leaving safepoint region
[2019-12-08T12:16:47.963+0000][1][safepoint    ] Total time for which application threads were stopped: 0.0000671 seconds, Stopping threads took: 0.0000176 seconds
[2019-12-08T12:16:48.963+0000][1][safepoint    ] Application time: 1.0000816 seconds
[2019-12-08T12:16:48.963+0000][1][safepoint    ] Entering safepoint region: Cleanup
[2019-12-08T12:16:48.963+0000][1][safepoint    ] Leaving safepoint region
[2019-12-08T12:16:48.963+0000][1][safepoint    ] Total time for which application threads were stopped: 0.0000941 seconds, Stopping threads took: 0.0000440 seconds
[2019-12-08T12:16:49.963+0000][1][safepoint    ] Application time: 1.0000856 seconds
[2019-12-08T12:16:49.963+0000][1][safepoint    ] Entering safepoint region: Cleanup
[2019-12-08T12:16:49.963+0000][1][safepoint    ] Leaving safepoint region
[2019-12-08T12:16:49.963+0000][1][safepoint    ] Total time for which application threads were stopped: 0.0000670 seconds, Stopping threads took: 0.0000174 seconds
[2019-12-08T12:16:50.963+0000][1][safepoint    ] Application time: 1.0000842 seconds
[2019-12-08T12:16:50.963+0000][1][safepoint    ] Entering safepoint region: Cleanup
[2019-12-08T12:16:50.963+0000][1][safepoint    ] Leaving safepoint region
[2019-12-08T12:16:50.963+0000][1][safepoint    ] Total time for which application threads were stopped: 0.0000670 seconds, Stopping threads took: 0.0000183 seconds
[2019-12-08T12:16:51.963+0000][1][safepoint    ] Application time: 1.0000836 seconds
[2019-12-08T12:16:51.963+0000][1][safepoint    ] Entering safepoint region: Cleanup
[2019-12-08T12:16:51.963+0000][1][safepoint    ] Leaving safepoint region
[2019-12-08T12:16:51.963+0000][1][safepoint    ] Total time for which application threads were stopped: 0.0000704 seconds, Stopping threads took: 0.0000208 seconds
[2019-12-08T12:16:52.963+0000][1][safepoint    ] Application time: 1.0000828 seconds
[2019-12-08T12:16:52.963+0000][1][safepoint    ] Entering safepoint region: Cleanup
[2019-12-08T12:16:52.964+0000][1][safepoint    ] Leaving safepoint region
[2019-12-08T12:16:52.964+0000][1][safepoint    ] Total time for which application threads were stopped: 0.0000705 seconds, Stopping threads took: 0.0000236 seconds
[2019-12-08T12:16:53.964+0000][1][safepoint    ] Application time: 1.0000845 seconds
[2019-12-08T12:16:53.964+0000][1][safepoint    ] Entering safepoint region: Cleanup
[2019-12-08T12:16:53.964+0000][1][safepoint    ] Leaving safepoint region
[2019-12-08T12:16:53.964+0000][1][safepoint    ] Total time for which application threads were stopped: 0.0000830 seconds, Stopping threads took: 0.0000191 seconds
[2019-12-08T12:16:54.964+0000][1][safepoint    ] Application time: 1.0000936 seconds
[2019-12-08T12:16:54.964+0000][1][safepoint    ] Entering safepoint region: Cleanup
[2019-12-08T12:16:54.964+0000][1][safepoint    ] Leaving safepoint region
[2019-12-08T12:16:54.964+0000][1][safepoint    ] Total time for which application threads were stopped: 0.0000979 seconds, Stopping threads took: 0.0000427 seconds
[2019-12-08T12:16:55.964+0000][1][safepoint    ] Application time: 1.0000844 seconds
[2019-12-08T12:16:55.964+0000][1][safepoint    ] Entering safepoint region: Cleanup
[2019-12-08T12:16:55.964+0000][1][safepoint    ] Leaving safepoint region
[2019-12-08T12:16:55.964+0000][1][safepoint    ] Total time for which application threads were stopped: 0.0000648 seconds, Stopping threads took: 0.0000172 seconds
[2019-12-08T12:16:56.964+0000][1][safepoint    ] Application time: 1.0000872 seconds
[2019-12-08T12:16:56.964+0000][1][safepoint    ] Entering safepoint region: Cleanup
[2019-12-08T12:16:56.964+0000][1][safepoint    ] Leaving safepoint region
[2019-12-08T12:16:56.964+0000][1][safepoint    ] Total time for which application threads were stopped: 0.0000942 seconds, Stopping threads took: 0.0000453 seconds
[2019-12-08T12:16:57.964+0000][1][safepoint    ] Application time: 1.0000900 seconds
[2019-12-08T12:16:57.965+0000][1][safepoint    ] Entering safepoint region: Cleanup
[2019-12-08T12:16:57.965+0000][1][safepoint    ] Leaving safepoint region
[2019-12-08T12:16:57.965+0000][1][safepoint    ] Total time for which application threads were stopped: 0.0000745 seconds, Stopping threads took: 0.0000230 seconds
[2019-12-08T12:16:58.965+0000][1][safepoint    ] Application time: 1.0000850 seconds
[2019-12-08T12:16:58.965+0000][1][safepoint    ] Entering safepoint region: Cleanup
[2019-12-08T12:16:58.965+0000][1][safepoint    ] Leaving safepoint region
[2019-12-08T12:16:58.965+0000][1][safepoint    ] Total time for which application threads were stopped: 0.0001123 seconds, Stopping threads took: 0.0000549 seconds
[2019-12-08T12:16:59.965+0000][1][safepoint    ] Application time: 1.0000825 seconds
[2019-12-08T12:16:59.965+0000][1][safepoint    ] Entering safepoint region: Cleanup
[2019-12-08T12:16:59.965+0000][1][safepoint    ] Leaving safepoint region
[2019-12-08T12:16:59.965+0000][1][safepoint    ] Total time for which application threads were stopped: 0.0000686 seconds, Stopping threads took: 0.0000182 seconds
[2019-12-08T12:17:00.965+0000][1][safepoint    ] Application time: 1.0000915 seconds
[2019-12-08T12:17:00.965+0000][1][safepoint    ] Entering safepoint region: Cleanup
[2019-12-08T12:17:00.965+0000][1][safepoint    ] Leaving safepoint region
[2019-12-08T12:17:00.965+0000][1][safepoint    ] Total time for which application threads were stopped: 0.0000728 seconds, Stopping threads took: 0.0000194 seconds
[2019-12-08T12:17:01.965+0000][1][safepoint    ] Application time: 1.0000898 seconds
[2019-12-08T12:17:01.965+0000][1][safepoint    ] Entering safepoint region: Cleanup
[2019-12-08T12:17:01.965+0000][1][safepoint    ] Leaving safepoint region
[2019-12-08T12:17:01.965+0000][1][safepoint    ] Total time for which application threads were stopped: 0.0000756 seconds, Stopping threads took: 0.0000222 seconds
[2019-12-08T12:17:02.966+0000][1][safepoint    ] Application time: 1.0000894 seconds
[2019-12-08T12:17:02.966+0000][1][safepoint    ] Entering safepoint region: Cleanup
[2019-12-08T12:17:02.966+0000][1][safepoint    ] Leaving safepoint region
[2019-12-08T12:17:02.966+0000][1][safepoint    ] Total time for which application threads were stopped: 0.0001192 seconds, Stopping threads took: 0.0000585 seconds
[2019-12-08T12:17:03.966+0000][1][safepoint    ] Application time: 1.0000934 seconds
[2019-12-08T12:17:03.966+0000][1][safepoint    ] Entering safepoint region: Cleanup
[2019-12-08T12:17:03.966+0000][1][safepoint    ] Leaving safepoint region
[2019-12-08T12:17:03.966+0000][1][safepoint    ] Total time for which application threads were stopped: 0.0001054 seconds, Stopping threads took: 0.0000524 seconds
[2019-12-08T12:17:04.966+0000][1][safepoint    ] Application time: 1.0001032 seconds
[2019-12-08T12:17:04.966+0000][1][safepoint    ] Entering safepoint region: Cleanup
[2019-12-08T12:17:04.966+0000][1][safepoint    ] Leaving safepoint region
[2019-12-08T12:17:04.966+0000][1][safepoint    ] Total time for which application threads were stopped: 0.0001220 seconds, Stopping threads took: 0.0000619 seconds
[2019-12-08T12:17:05.966+0000][1][safepoint    ] Application time: 1.0000956 seconds
[2019-12-08T12:17:05.966+0000][1][safepoint    ] Entering safepoint region: Cleanup
[2019-12-08T12:17:05.966+0000][1][safepoint    ] Leaving safepoint region
[2019-12-08T12:17:05.966+0000][1][safepoint    ] Total time for which application threads were stopped: 0.0001029 seconds, Stopping threads took: 0.0000484 seconds
[2019-12-08T12:17:06.967+0000][1][safepoint    ] Application time: 1.0000938 seconds
[2019-12-08T12:17:06.967+0000][1][safepoint    ] Entering safepoint region: Cleanup
[2019-12-08T12:17:06.967+0000][1][safepoint    ] Leaving safepoint region
[2019-12-08T12:17:06.967+0000][1][safepoint    ] Total time for which application threads were stopped: 0.0001373 seconds, Stopping threads took: 0.0000603 seconds
[2019-12-08T12:17:07.967+0000][1][safepoint    ] Application time: 1.0000950 seconds
[2019-12-08T12:17:07.967+0000][1][safepoint    ] Entering safepoint region: Cleanup
[2019-12-08T12:17:07.967+0000][1][safepoint    ] Leaving safepoint region
[2019-12-08T12:17:07.967+0000][1][safepoint    ] Total time for which application threads were stopped: 0.0000979 seconds, Stopping threads took: 0.0000433 seconds
[2019-12-08T12:17:08.967+0000][1][safepoint    ] Application time: 1.0000913 seconds
[2019-12-08T12:17:08.967+0000][1][safepoint    ] Entering safepoint region: Cleanup
[2019-12-08T12:17:08.967+0000][1][safepoint    ] Leaving safepoint region
[2019-12-08T12:17:08.967+0000][1][safepoint    ] Total time for which application threads were stopped: 0.0001013 seconds, Stopping threads took: 0.0000439 seconds
[2019-12-08T12:17:09.967+0000][1][safepoint    ] Application time: 1.0001005 seconds
[2019-12-08T12:17:09.967+0000][1][safepoint    ] Entering safepoint region: Cleanup
[2019-12-08T12:17:09.967+0000][1][safepoint    ] Leaving safepoint region
[2019-12-08T12:17:09.967+0000][1][safepoint    ] Total time for which application threads were stopped: 0.0000751 seconds, Stopping threads took: 0.0000188 seconds
[2019-12-08T12:17:10.968+0000][1][safepoint    ] Application time: 1.0000831 seconds
[2019-12-08T12:17:10.968+0000][1][safepoint    ] Entering safepoint region: Cleanup
[2019-12-08T12:17:10.968+0000][1][safepoint    ] Leaving safepoint region
[2019-12-08T12:17:10.968+0000][1][safepoint    ] Total time for which application threads were stopped: 0.0001242 seconds, Stopping threads took: 0.0000563 seconds
[2019-12-08T12:17:11.968+0000][1][safepoint    ] Application time: 1.0000932 seconds
[2019-12-08T12:17:11.968+0000][1][safepoint    ] Entering safepoint region: Cleanup
[2019-12-08T12:17:11.968+0000][1][safepoint    ] Leaving safepoint region
[2019-12-08T12:17:11.968+0000][1][safepoint    ] Total time for which application threads were stopped: 0.0001211 seconds, Stopping threads took: 0.0000657 seconds
[2019-12-08T12:17:12.968+0000][1][safepoint    ] Application time: 1.0000934 seconds
[2019-12-08T12:17:12.968+0000][1][safepoint    ] Entering safepoint region: Cleanup
[2019-12-08T12:17:12.968+0000][1][safepoint    ] Leaving safepoint region
[2019-12-08T12:17:12.968+0000][1][safepoint    ] Total time for which application threads were stopped: 0.0000826 seconds, Stopping threads took: 0.0000252 seconds
[2019-12-08T12:17:13.968+0000][1][safepoint    ] Application time: 1.0000754 seconds
[2019-12-08T12:17:13.968+0000][1][safepoint    ] Entering safepoint region: Cleanup
[2019-12-08T12:17:13.968+0000][1][safepoint    ] Leaving safepoint region
[2019-12-08T12:17:13.968+0000][1][safepoint    ] Total time for which application threads were stopped: 0.0000665 seconds, Stopping threads took: 0.0000170 seconds
[2019-12-08T12:17:14.237+0000][1][safepoint    ] Application time: 0.2684868 seconds
[2019-12-08T12:17:14.237+0000][1][safepoint    ] Entering safepoint region: RevokeBias
[2019-12-08T12:17:14.237+0000][1][safepoint    ] Leaving safepoint region
[2019-12-08T12:17:14.237+0000][1][safepoint    ] Total time for which application threads were stopped: 0.0001005 seconds, Stopping threads took: 0.0000199 seconds
[2019-12-08T12:17:14.237+0000][1][safepoint    ] Application time: 0.0000908 seconds
[2019-12-08T12:17:14.237+0000][1][safepoint    ] Entering safepoint region: RevokeBias
[2019-12-08T12:17:14.237+0000][1][safepoint    ] Leaving safepoint region
[2019-12-08T12:17:14.237+0000][1][safepoint    ] Total time for which application threads were stopped: 0.0000535 seconds, Stopping threads took: 0.0000110 seconds
[2019-12-08T12:17:14.251+0000][1][safepoint    ] Application time: 0.0136343 seconds
[2019-12-08T12:17:14.266+0000][1][safepoint    ] Entering safepoint region: RevokeBias
[2019-12-08T12:17:14.266+0000][1][safepoint    ] Leaving safepoint region
[2019-12-08T12:17:14.266+0000][1][safepoint    ] Total time for which application threads were stopped: 0.0154843 seconds, Stopping threads took: 0.0153965 seconds
[2019-12-08T12:17:14.266+0000][1][safepoint    ] Application time: 0.0000961 seconds
[2019-12-08T12:17:14.266+0000][1][safepoint    ] Entering safepoint region: RevokeBias
[2019-12-08T12:17:14.266+0000][1][safepoint    ] Leaving safepoint region
[2019-12-08T12:17:14.266+0000][1][safepoint    ] Total time for which application threads were stopped: 0.0000492 seconds, Stopping threads took: 0.0000111 seconds
[2019-12-08T12:17:14.267+0000][1][safepoint    ] Application time: 0.0001260 seconds
[2019-12-08T12:17:14.267+0000][1][safepoint    ] Entering safepoint region: RevokeBias
[2019-12-08T12:17:14.267+0000][1][safepoint    ] Leaving safepoint region
[2019-12-08T12:17:14.267+0000][1][safepoint    ] Total time for which application threads were stopped: 0.0000478 seconds, Stopping threads took: 0.0000093 seconds
[2019-12-08T12:17:14.268+0000][1][safepoint    ] Application time: 0.0014769 seconds
[2019-12-08T12:17:14.268+0000][1][safepoint    ] Entering safepoint region: RevokeBias
[2019-12-08T12:17:14.268+0000][1][safepoint    ] Leaving safepoint region
[2019-12-08T12:17:14.268+0000][1][safepoint    ] Total time for which application threads were stopped: 0.0000829 seconds, Stopping threads took: 0.0000196 seconds
[2019-12-08T12:17:14.274+0000][1][safepoint    ] Application time: 0.0055316 seconds
[2019-12-08T12:17:14.274+0000][1][safepoint    ] Entering safepoint region: RevokeBias
[2019-12-08T12:17:14.274+0000][1][safepoint    ] Leaving safepoint region
[2019-12-08T12:17:14.274+0000][1][safepoint    ] Total time for which application threads were stopped: 0.0000721 seconds, Stopping threads took: 0.0000189 seconds
[2019-12-08T12:17:14.293+0000][1][safepoint    ] Application time: 0.0194640 seconds
[2019-12-08T12:17:14.293+0000][1][safepoint    ] Entering safepoint region: RevokeBias
[2019-12-08T12:17:14.293+0000][1][safepoint    ] Leaving safepoint region
[2019-12-08T12:17:14.293+0000][1][safepoint    ] Total time for which application threads were stopped: 0.0000992 seconds, Stopping threads took: 0.0000197 seconds
[2019-12-08T12:17:14.294+0000][1][safepoint    ] Application time: 0.0003112 seconds
[2019-12-08T12:17:14.294+0000][1][safepoint    ] Entering safepoint region: RevokeBias
[2019-12-08T12:17:14.294+0000][1][safepoint    ] Leaving safepoint region
[2019-12-08T12:17:14.294+0000][1][safepoint    ] Total time for which application threads were stopped: 0.0000903 seconds, Stopping threads took: 0.0000162 seconds
[2019-12-08T12:17:14.322+0000][1][safepoint    ] Application time: 0.0283834 seconds
[2019-12-08T12:17:14.336+0000][1][safepoint    ] Entering safepoint region: RevokeBias
[2019-12-08T12:17:14.336+0000][1][safepoint    ] Leaving safepoint region
[2019-12-08T12:17:14.336+0000][1][safepoint    ] Total time for which application threads were stopped: 0.0141700 seconds, Stopping threads took: 0.0140639 seconds
[2019-12-08T12:17:14.339+0000][1][safepoint    ] Application time: 0.0025492 seconds
[2019-12-08T12:17:14.373+0000][1][safepoint    ] Entering safepoint region: RevokeBias
[2019-12-08T12:17:14.373+0000][1][safepoint    ] Leaving safepoint region
[2019-12-08T12:17:14.373+0000][1][safepoint    ] Total time for which application threads were stopped: 0.0338590 seconds, Stopping threads took: 0.0337213 seconds
[2019-12-08T12:17:14.373+0000][1][safepoint    ] Application time: 0.0004580 seconds
[2019-12-08T12:17:14.373+0000][1][safepoint    ] Entering safepoint region: RevokeBias
[2019-12-08T12:17:14.373+0000][1][safepoint    ] Leaving safepoint region
[2019-12-08T12:17:14.373+0000][1][safepoint    ] Total time for which application threads were stopped: 0.0000791 seconds, Stopping threads took: 0.0000159 seconds
[2019-12-08T12:17:14.377+0000][1][safepoint    ] Application time: 0.0038289 seconds
[2019-12-08T12:17:14.377+0000][1][safepoint    ] Entering safepoint region: RevokeBias
[2019-12-08T12:17:14.377+0000][1][safepoint    ] Leaving safepoint region
[2019-12-08T12:17:14.377+0000][1][safepoint    ] Total time for which application threads were stopped: 0.0001068 seconds, Stopping threads took: 0.0000174 seconds
[2019-12-08T12:17:14.395+0000][1][safepoint    ] Application time: 0.0178829 seconds
[2019-12-08T12:17:14.397+0000][1][safepoint    ] Entering safepoint region: RevokeBias
[2019-12-08T12:17:14.397+0000][1][safepoint    ] Leaving safepoint region
[2019-12-08T12:17:14.397+0000][1][safepoint    ] Total time for which application threads were stopped: 0.0015277 seconds, Stopping threads took: 0.0013942 seconds
[2019-12-08T12:17:14.400+0000][1][safepoint    ] Application time: 0.0032458 seconds
[2019-12-08T12:17:14.400+0000][1][safepoint    ] Entering safepoint region: RevokeBias
[2019-12-08T12:17:14.400+0000][1][safepoint    ] Leaving safepoint region
[2019-12-08T12:17:14.400+0000][1][safepoint    ] Total time for which application threads were stopped: 0.0000738 seconds, Stopping threads took: 0.0000144 seconds
[2019-12-08T12:17:14.401+0000][1][safepoint    ] Application time: 0.0004172 seconds
[2019-12-08T12:17:14.401+0000][1][safepoint    ] Entering safepoint region: RevokeBias
[2019-12-08T12:17:14.401+0000][1][safepoint    ] Leaving safepoint region
[2019-12-08T12:17:14.401+0000][1][safepoint    ] Total time for which application threads were stopped: 0.0000837 seconds, Stopping threads took: 0.0000285 seconds
[2019-12-08T12:17:14.401+0000][1][safepoint    ] Application time: 0.0002085 seconds
[2019-12-08T12:17:14.401+0000][1][safepoint    ] Entering safepoint region: RevokeBias
[2019-12-08T12:17:14.401+0000][1][safepoint    ] Leaving safepoint region
[2019-12-08T12:17:14.401+0000][1][safepoint    ] Total time for which application threads were stopped: 0.0000478 seconds, Stopping threads took: 0.0000102 seconds
[2019-12-08T12:17:14.401+0000][1][safepoint    ] Application time: 0.0001023 seconds
[2019-12-08T12:17:14.401+0000][1][safepoint    ] Entering safepoint region: RevokeBias
[2019-12-08T12:17:14.401+0000][1][safepoint    ] Leaving safepoint region
[2019-12-08T12:17:14.401+0000][1][safepoint    ] Total time for which application threads were stopped: 0.0000397 seconds, Stopping threads took: 0.0000087 seconds
[2019-12-08T12:17:14.401+0000][1][safepoint    ] Application time: 0.0000495 seconds
[2019-12-08T12:17:14.401+0000][1][safepoint    ] Entering safepoint region: RevokeBias
[2019-12-08T12:17:14.401+0000][1][safepoint    ] Leaving safepoint region
[2019-12-08T12:17:14.401+0000][1][safepoint    ] Total time for which application threads were stopped: 0.0000362 seconds, Stopping threads took: 0.0000081 seconds
[2019-12-08T12:17:14.402+0000][1][safepoint    ] Application time: 0.0002532 seconds
[2019-12-08T12:17:14.402+0000][1][safepoint    ] Entering safepoint region: RevokeBias
[2019-12-08T12:17:14.402+0000][1][safepoint    ] Leaving safepoint region
[2019-12-08T12:17:14.402+0000][1][safepoint    ] Total time for which application threads were stopped: 0.0000517 seconds, Stopping threads took: 0.0000113 seconds
[2019-12-08T12:17:14.402+0000][1][safepoint    ] Application time: 0.0000974 seconds
[2019-12-08T12:17:14.402+0000][1][safepoint    ] Entering safepoint region: RevokeBias
[2019-12-08T12:17:14.402+0000][1][safepoint    ] Leaving safepoint region
[2019-12-08T12:17:14.402+0000][1][safepoint    ] Total time for which application threads were stopped: 0.0000456 seconds, Stopping threads took: 0.0000097 seconds
[2019-12-08T12:17:14.402+0000][1][safepoint    ] Application time: 0.0003631 seconds
[2019-12-08T12:17:14.402+0000][1][safepoint    ] Entering safepoint region: RevokeBias
[2019-12-08T12:17:14.402+0000][1][safepoint    ] Leaving safepoint region
[2019-12-08T12:17:14.402+0000][1][safepoint    ] Total time for which application threads were stopped: 0.0000536 seconds, Stopping threads took: 0.0000109 seconds
[2019-12-08T12:17:14.469+0000][1][safepoint    ] Application time: 0.0672132 seconds
[2019-12-08T12:17:14.470+0000][1][safepoint    ] Entering safepoint region: RevokeBias
[2019-12-08T12:17:14.470+0000][1][safepoint    ] Leaving safepoint region
[2019-12-08T12:17:14.470+0000][1][safepoint    ] Total time for which application threads were stopped: 0.0001700 seconds, Stopping threads took: 0.0000361 seconds
[2019-12-08T12:17:14.472+0000][1][safepoint    ] Application time: 0.0021900 seconds
[2019-12-08T12:17:14.472+0000][1][safepoint    ] Entering safepoint region: RevokeBias
[2019-12-08T12:17:14.472+0000][1][safepoint    ] Leaving safepoint region
[2019-12-08T12:17:14.472+0000][1][safepoint    ] Total time for which application threads were stopped: 0.0001339 seconds, Stopping threads took: 0.0000333 seconds
[2019-12-08T12:17:14.478+0000][1][safepoint    ] Application time: 0.0057925 seconds
[2019-12-08T12:17:14.478+0000][1][safepoint    ] Entering safepoint region: RevokeBias
[2019-12-08T12:17:14.478+0000][1][safepoint    ] Leaving safepoint region
[2019-12-08T12:17:14.478+0000][1][safepoint    ] Total time for which application threads were stopped: 0.0001053 seconds, Stopping threads took: 0.0000205 seconds
[2019-12-08T12:17:14.480+0000][1][safepoint    ] Application time: 0.0023175 seconds
[2019-12-08T12:17:14.480+0000][1][safepoint    ] Entering safepoint region: RevokeBias
[2019-12-08T12:17:14.481+0000][1][safepoint    ] Leaving safepoint region
[2019-12-08T12:17:14.481+0000][1][safepoint    ] Total time for which application threads were stopped: 0.0004298 seconds, Stopping threads took: 0.0000175 seconds
[2019-12-08T12:17:14.507+0000][1][safepoint    ] Application time: 0.0258788 seconds
[2019-12-08T12:17:14.513+0000][1][safepoint    ] Entering safepoint region: RevokeBias
[2019-12-08T12:17:14.513+0000][1][safepoint    ] Leaving safepoint region
[2019-12-08T12:17:14.513+0000][1][safepoint    ] Total time for which application threads were stopped: 0.0067271 seconds, Stopping threads took: 0.0065663 seconds
[2019-12-08T12:17:14.517+0000][1][safepoint    ] Application time: 0.0033694 seconds
[2019-12-08T12:17:14.523+0000][1][safepoint    ] Entering safepoint region: RevokeBias
[2019-12-08T12:17:14.523+0000][1][safepoint    ] Leaving safepoint region
[2019-12-08T12:17:14.523+0000][1][safepoint    ] Total time for which application threads were stopped: 0.0060995 seconds, Stopping threads took: 0.0059755 seconds
[2019-12-08T12:17:14.530+0000][1][safepoint    ] Application time: 0.0074538 seconds
[2019-12-08T12:17:14.531+0000][1][safepoint    ] Entering safepoint region: RevokeBias
[2019-12-08T12:17:14.531+0000][1][safepoint    ] Leaving safepoint region
[2019-12-08T12:17:14.531+0000][1][safepoint    ] Total time for which application threads were stopped: 0.0005631 seconds, Stopping threads took: 0.0003863 seconds
[2019-12-08T12:17:14.533+0000][1][safepoint    ] Application time: 0.0023920 seconds
[2019-12-08T12:17:14.533+0000][1][safepoint    ] Entering safepoint region: RevokeBias
[2019-12-08T12:17:14.533+0000][1][safepoint    ] Leaving safepoint region
[2019-12-08T12:17:14.533+0000][1][safepoint    ] Total time for which application threads were stopped: 0.0001035 seconds, Stopping threads took: 0.0000135 seconds
[2019-12-08T12:17:14.544+0000][1][safepoint    ] Application time: 0.0107417 seconds
[2019-12-08T12:17:14.544+0000][1][safepoint    ] Entering safepoint region: RevokeBias
[2019-12-08T12:17:14.544+0000][1][safepoint    ] Leaving safepoint region
[2019-12-08T12:17:14.544+0000][1][safepoint    ] Total time for which application threads were stopped: 0.0001125 seconds, Stopping threads took: 0.0000146 seconds
[2019-12-08T12:17:14.549+0000][1][safepoint    ] Application time: 0.0047901 seconds
[2019-12-08T12:17:14.549+0000][1][safepoint    ] Entering safepoint region: RevokeBias
[2019-12-08T12:17:14.549+0000][1][safepoint    ] Leaving safepoint region
[2019-12-08T12:17:14.549+0000][1][safepoint    ] Total time for which application threads were stopped: 0.0000765 seconds, Stopping threads took: 0.0000141 seconds
[2019-12-08T12:17:14.562+0000][1][safepoint    ] Application time: 0.0126501 seconds
[2019-12-08T12:17:14.579+0000][1][safepoint    ] Entering safepoint region: RevokeBias
[2019-12-08T12:17:14.579+0000][1][safepoint    ] Leaving safepoint region
[2019-12-08T12:17:14.579+0000][1][safepoint    ] Total time for which application threads were stopped: 0.0173813 seconds, Stopping threads took: 0.0173086 seconds
[2019-12-08T12:17:14.580+0000][1][safepoint    ] Application time: 0.0002004 seconds
[2019-12-08T12:17:14.580+0000][1][safepoint    ] Entering safepoint region: RevokeBias
[2019-12-08T12:17:14.580+0000][1][safepoint    ] Leaving safepoint region
[2019-12-08T12:17:14.580+0000][1][safepoint    ] Total time for which application threads were stopped: 0.0000799 seconds, Stopping threads took: 0.0000154 seconds
[2019-12-08T12:17:14.580+0000][1][safepoint    ] Application time: 0.0000982 seconds
[2019-12-08T12:17:14.580+0000][1][safepoint    ] Entering safepoint region: RevokeBias
[2019-12-08T12:17:14.580+0000][1][safepoint    ] Leaving safepoint region
[2019-12-08T12:17:14.580+0000][1][safepoint    ] Total time for which application threads were stopped: 0.0000442 seconds, Stopping threads took: 0.0000088 seconds
[2019-12-08T12:17:14.580+0000][1][safepoint    ] Application time: 0.0001648 seconds
[2019-12-08T12:17:14.580+0000][1][safepoint    ] Entering safepoint region: RevokeBias
[2019-12-08T12:17:14.580+0000][1][safepoint    ] Leaving safepoint region
[2019-12-08T12:17:14.580+0000][1][safepoint    ] Total time for which application threads were stopped: 0.0000552 seconds, Stopping threads took: 0.0000097 seconds
[2019-12-08T12:17:14.580+0000][1][safepoint    ] Application time: 0.0001511 seconds
[2019-12-08T12:17:14.580+0000][1][safepoint    ] Entering safepoint region: RevokeBias
[2019-12-08T12:17:14.580+0000][1][safepoint    ] Leaving safepoint region
[2019-12-08T12:17:14.580+0000][1][safepoint    ] Total time for which application threads were stopped: 0.0000465 seconds, Stopping threads took: 0.0000093 seconds
[2019-12-08T12:17:14.583+0000][1][safepoint    ] Application time: 0.0028804 seconds
[2019-12-08T12:17:14.583+0000][1][safepoint    ] Entering safepoint region: RevokeBias
[2019-12-08T12:17:14.583+0000][1][safepoint    ] Leaving safepoint region
[2019-12-08T12:17:14.583+0000][1][safepoint    ] Total time for which application threads were stopped: 0.0000863 seconds, Stopping threads took: 0.0000162 seconds
[2019-12-08T12:17:14.583+0000][1][safepoint    ] Application time: 0.0000683 seconds
[2019-12-08T12:17:14.583+0000][1][safepoint    ] Entering safepoint region: RevokeBias
[2019-12-08T12:17:14.583+0000][1][safepoint    ] Leaving safepoint region
[2019-12-08T12:17:14.583+0000][1][safepoint    ] Total time for which application threads were stopped: 0.0000440 seconds, Stopping threads took: 0.0000082 seconds
[2019-12-08T12:17:14.583+0000][1][safepoint    ] Application time: 0.0000529 seconds
[2019-12-08T12:17:14.583+0000][1][safepoint    ] Entering safepoint region: RevokeBias
[2019-12-08T12:17:14.583+0000][1][safepoint    ] Leaving safepoint region
[2019-12-08T12:17:14.583+0000][1][safepoint    ] Total time for which application threads were stopped: 0.0000411 seconds, Stopping threads took: 0.0000079 seconds
[2019-12-08T12:17:14.584+0000][1][safepoint    ] Application time: 0.0000686 seconds
[2019-12-08T12:17:14.584+0000][1][safepoint    ] Entering safepoint region: RevokeBias
[2019-12-08T12:17:14.584+0000][1][safepoint    ] Leaving safepoint region
[2019-12-08T12:17:14.584+0000][1][safepoint    ] Total time for which application threads were stopped: 0.0000585 seconds, Stopping threads took: 0.0000078 seconds
[2019-12-08T12:17:14.584+0000][1][safepoint    ] Application time: 0.0000721 seconds
[2019-12-08T12:17:14.584+0000][1][safepoint    ] Entering safepoint region: RevokeBias
[2019-12-08T12:17:14.584+0000][1][safepoint    ] Leaving safepoint region
[2019-12-08T12:17:14.584+0000][1][safepoint    ] Total time for which application threads were stopped: 0.0000419 seconds, Stopping threads took: 0.0000075 seconds
[2019-12-08T12:17:14.584+0000][1][safepoint    ] Application time: 0.0000789 seconds
[2019-12-08T12:17:14.584+0000][1][safepoint    ] Entering safepoint region: RevokeBias
[2019-12-08T12:17:14.584+0000][1][safepoint    ] Leaving safepoint region
[2019-12-08T12:17:14.584+0000][1][safepoint    ] Total time for which application threads were stopped: 0.0000538 seconds, Stopping threads took: 0.0000095 seconds
[2019-12-08T12:17:14.585+0000][1][safepoint    ] Application time: 0.0013357 seconds
[2019-12-08T12:17:14.585+0000][1][safepoint    ] Entering safepoint region: RevokeBias
[2019-12-08T12:17:14.585+0000][1][safepoint    ] Leaving safepoint region
[2019-12-08T12:17:14.585+0000][1][safepoint    ] Total time for which application threads were stopped: 0.0000654 seconds, Stopping threads took: 0.0000123 seconds
[2019-12-08T12:17:14.586+0000][1][safepoint    ] Application time: 0.0004333 seconds
[2019-12-08T12:17:14.586+0000][1][safepoint    ] Entering safepoint region: BulkRevokeBias
[2019-12-08T12:17:14.586+0000][1][safepoint    ] Leaving safepoint region
[2019-12-08T12:17:14.586+0000][1][safepoint    ] Total time for which application threads were stopped: 0.0003835 seconds, Stopping threads took: 0.0000113 seconds
[2019-12-08T12:17:14.599+0000][1][safepoint    ] Application time: 0.0125388 seconds
[2019-12-08T12:17:14.599+0000][1][safepoint    ] Entering safepoint region: RevokeBias
[2019-12-08T12:17:14.599+0000][1][safepoint    ] Leaving safepoint region
[2019-12-08T12:17:14.599+0000][1][safepoint    ] Total time for which application threads were stopped: 0.0001975 seconds, Stopping threads took: 0.0001140 seconds
[2019-12-08T12:17:14.613+0000][1][safepoint    ] Application time: 0.0135310 seconds
[2019-12-08T12:17:14.616+0000][1][safepoint    ] Entering safepoint region: RevokeBias
[2019-12-08T12:17:14.616+0000][1][safepoint    ] Leaving safepoint region
[2019-12-08T12:17:14.616+0000][1][safepoint    ] Total time for which application threads were stopped: 0.0032999 seconds, Stopping threads took: 0.0032267 seconds
[2019-12-08T12:17:14.684+0000][1][safepoint    ] Application time: 0.0684736 seconds
[2019-12-08T12:17:14.690+0000][1][safepoint    ] Entering safepoint region: RevokeBias
[2019-12-08T12:17:14.690+0000][1][safepoint    ] Leaving safepoint region
[2019-12-08T12:17:14.690+0000][1][safepoint    ] Total time for which application threads were stopped: 0.0054939 seconds, Stopping threads took: 0.0054025 seconds
[2019-12-08T12:17:14.719+0000][1][safepoint    ] Application time: 0.0291623 seconds
[2019-12-08T12:17:14.719+0000][1][safepoint    ] Entering safepoint region: RevokeBias
[2019-12-08T12:17:14.719+0000][1][safepoint    ] Leaving safepoint region
[2019-12-08T12:17:14.719+0000][1][safepoint    ] Total time for which application threads were stopped: 0.0001907 seconds, Stopping threads took: 0.0001332 seconds
[2019-12-08T12:17:14.724+0000][1][safepoint    ] Application time: 0.0044912 seconds
[2019-12-08T12:17:14.724+0000][1][safepoint    ] Entering safepoint region: RevokeBias
[2019-12-08T12:17:14.724+0000][1][safepoint    ] Leaving safepoint region
[2019-12-08T12:17:14.724+0000][1][safepoint    ] Total time for which application threads were stopped: 0.0000916 seconds, Stopping threads took: 0.0000397 seconds
[2019-12-08T12:17:14.729+0000][1][safepoint    ] Application time: 0.0053162 seconds
[2019-12-08T12:17:14.729+0000][1][safepoint    ] Entering safepoint region: RevokeBias
[2019-12-08T12:17:14.729+0000][1][safepoint    ] Leaving safepoint region
[2019-12-08T12:17:14.729+0000][1][safepoint    ] Total time for which application threads were stopped: 0.0000638 seconds, Stopping threads took: 0.0000142 seconds
[2019-12-08T12:17:14.733+0000][1][safepoint    ] Application time: 0.0037614 seconds
[2019-12-08T12:17:14.733+0000][1][safepoint    ] Entering safepoint region: RevokeBias
[2019-12-08T12:17:14.733+0000][1][safepoint    ] Leaving safepoint region
[2019-12-08T12:17:14.733+0000][1][safepoint    ] Total time for which application threads were stopped: 0.0000447 seconds, Stopping threads took: 0.0000102 seconds
[2019-12-08T12:17:14.733+0000][1][safepoint    ] Application time: 0.0002296 seconds
[2019-12-08T12:17:14.733+0000][1][safepoint    ] Entering safepoint region: RevokeBias
[2019-12-08T12:17:14.733+0000][1][safepoint    ] Leaving safepoint region
[2019-12-08T12:17:14.733+0000][1][safepoint    ] Total time for which application threads were stopped: 0.0000465 seconds, Stopping threads took: 0.0000094 seconds
[2019-12-08T12:17:14.739+0000][1][safepoint    ] Application time: 0.0053732 seconds
[2019-12-08T12:17:14.739+0000][1][safepoint    ] Entering safepoint region: RevokeBias
[2019-12-08T12:17:14.739+0000][1][safepoint    ] Leaving safepoint region
[2019-12-08T12:17:14.739+0000][1][safepoint    ] Total time for which application threads were stopped: 0.0000562 seconds, Stopping threads took: 0.0000102 seconds
[2019-12-08T12:17:14.759+0000][1][gc,heap,exit ] Heap
[2019-12-08T12:17:14.759+0000][1][gc,heap,exit ]  par new generation   total 78656K, used 20279K [0x00000000f0000000, 0x00000000f5550000, 0x00000000f5550000)
[2019-12-08T12:17:14.759+0000][1][gc,heap,exit ]   eden space 69952K,  28% used [0x00000000f0000000, 0x00000000f13c9db8, 0x00000000f4450000)
[2019-12-08T12:17:14.759+0000][1][gc,heap,exit ]   from space 8704K,   0% used [0x00000000f4cd0000, 0x00000000f4cd4110, 0x00000000f5550000)
[2019-12-08T12:17:14.759+0000][1][gc,heap,exit ]   to   space 8704K,   0% used [0x00000000f4450000, 0x00000000f4450000, 0x00000000f4cd0000)
[2019-12-08T12:17:14.759+0000][1][gc,heap,exit ]  concurrent mark-sweep generation total 174784K, used 70456K [0x00000000f5550000, 0x0000000100000000, 0x0000000100000000)
[2019-12-08T12:17:14.759+0000][1][gc,heap,exit ]  Metaspace       used 69368K, capacity 74533K, committed 74748K, reserved 1112064K
[2019-12-08T12:17:14.759+0000][1][gc,heap,exit ]   class space    used 9344K, capacity 11526K, committed 11644K, reserved 1048576K
[2019-12-08T12:17:14.759+0000][1][safepoint    ] Application time: 0.0201094 seconds
[2019-12-08T12:17:14.759+0000][1][safepoint    ] Entering safepoint region: Exit
