[2019-12-09T03:49:17.800+0000][1][gc] Using Concurrent Mark Sweep
[2019-12-09T03:49:17.800+0000][1][gc,heap,coops] Heap address: 0x00000000f0000000, size: 256 MB, Compressed Oops mode: 32-bit
[2019-12-09T03:49:18.215+0000][1][safepoint    ] Entering safepoint region: EnableBiasedLocking
[2019-12-09T03:49:18.215+0000][1][safepoint    ] Leaving safepoint region
[2019-12-09T03:49:18.215+0000][1][safepoint    ] Total time for which application threads were stopped: 0.0234290 seconds, Stopping threads took: 0.0233476 seconds
[2019-12-09T03:49:18.231+0000][1][safepoint    ] Application time: 0.0158089 seconds
[2019-12-09T03:49:18.231+0000][1][safepoint    ] Entering safepoint region: RevokeBias
[2019-12-09T03:49:18.231+0000][1][safepoint    ] Leaving safepoint region
[2019-12-09T03:49:18.231+0000][1][safepoint    ] Total time for which application threads were stopped: 0.0000891 seconds, Stopping threads took: 0.0000367 seconds
[2019-12-09T03:49:18.353+0000][1][safepoint    ] Application time: 0.1219576 seconds
[2019-12-09T03:49:18.353+0000][1][safepoint    ] Entering safepoint region: Deoptimize
[2019-12-09T03:49:18.353+0000][1][safepoint    ] Leaving safepoint region
[2019-12-09T03:49:18.353+0000][1][safepoint    ] Total time for which application threads were stopped: 0.0000575 seconds, Stopping threads took: 0.0000114 seconds
[2019-12-09T03:49:19.222+0000][1][safepoint    ] Application time: 0.8686441 seconds
[2019-12-09T03:49:19.222+0000][1][safepoint    ] Entering safepoint region: Deoptimize
[2019-12-09T03:49:19.222+0000][1][safepoint    ] Leaving safepoint region
[2019-12-09T03:49:19.222+0000][1][safepoint    ] Total time for which application threads were stopped: 0.0000999 seconds, Stopping threads took: 0.0000110 seconds
[2019-12-09T03:49:20.223+0000][1][safepoint    ] Application time: 1.0006261 seconds
[2019-12-09T03:49:20.223+0000][1][safepoint    ] Entering safepoint region: Cleanup
[2019-12-09T03:49:20.223+0000][1][safepoint    ] Leaving safepoint region
[2019-12-09T03:49:20.223+0000][1][safepoint    ] Total time for which application threads were stopped: 0.0003467 seconds, Stopping threads took: 0.0002822 seconds
[2019-12-09T03:49:21.224+0000][1][safepoint    ] Application time: 1.0004986 seconds
[2019-12-09T03:49:21.301+0000][1][safepoint    ] Entering safepoint region: Cleanup
[2019-12-09T03:49:21.301+0000][1][safepoint    ] Leaving safepoint region
[2019-12-09T03:49:21.301+0000][1][safepoint    ] Total time for which application threads were stopped: 0.0770798 seconds, Stopping threads took: 0.0770033 seconds
[2019-12-09T03:49:21.326+0000][1][safepoint    ] Application time: 0.0256685 seconds
[2019-12-09T03:49:21.327+0000][1][safepoint    ] Entering safepoint region: Deoptimize
[2019-12-09T03:49:21.327+0000][1][safepoint    ] Leaving safepoint region
[2019-12-09T03:49:21.327+0000][1][safepoint    ] Total time for which application threads were stopped: 0.0001369 seconds, Stopping threads took: 0.0000108 seconds
[2019-12-09T03:49:21.470+0000][1][safepoint    ] Application time: 0.1433423 seconds
[2019-12-09T03:49:21.470+0000][1][safepoint    ] Entering safepoint region: Deoptimize
[2019-12-09T03:49:21.470+0000][1][safepoint    ] Leaving safepoint region
[2019-12-09T03:49:21.470+0000][1][safepoint    ] Total time for which application threads were stopped: 0.0001494 seconds, Stopping threads took: 0.0000110 seconds
[2019-12-09T03:49:21.913+0000][1][safepoint    ] Application time: 0.4428761 seconds
[2019-12-09T03:49:21.913+0000][1][safepoint    ] Entering safepoint region: Deoptimize
[2019-12-09T03:49:21.913+0000][1][safepoint    ] Leaving safepoint region
[2019-12-09T03:49:21.913+0000][1][safepoint    ] Total time for which application threads were stopped: 0.0001658 seconds, Stopping threads took: 0.0000121 seconds
[2019-12-09T03:49:22.071+0000][1][safepoint    ] Application time: 0.1575548 seconds
[2019-12-09T03:49:22.071+0000][1][safepoint    ] Entering safepoint region: Deoptimize
[2019-12-09T03:49:22.071+0000][1][safepoint    ] Leaving safepoint region
[2019-12-09T03:49:22.071+0000][1][safepoint    ] Total time for which application threads were stopped: 0.0001552 seconds, Stopping threads took: 0.0000118 seconds
[2019-12-09T03:49:23.100+0000][1][safepoint    ] Application time: 1.0286470 seconds
[2019-12-09T03:49:23.182+0000][1][safepoint    ] Entering safepoint region: Cleanup
[2019-12-09T03:49:23.182+0000][1][safepoint    ] Leaving safepoint region
[2019-12-09T03:49:23.182+0000][1][safepoint    ] Total time for which application threads were stopped: 0.0820429 seconds, Stopping threads took: 0.0819884 seconds
[2019-12-09T03:49:24.191+0000][1][safepoint    ] Application time: 1.0088901 seconds
[2019-12-09T03:49:24.195+0000][1][safepoint    ] Entering safepoint region: Cleanup
[2019-12-09T03:49:24.195+0000][1][safepoint    ] Leaving safepoint region
[2019-12-09T03:49:24.195+0000][1][safepoint    ] Total time for which application threads were stopped: 0.0043202 seconds, Stopping threads took: 0.0042617 seconds
[2019-12-09T03:49:25.206+0000][1][safepoint    ] Application time: 1.0106377 seconds
[2019-12-09T03:49:25.206+0000][1][safepoint    ] Entering safepoint region: Cleanup
[2019-12-09T03:49:25.206+0000][1][safepoint    ] Leaving safepoint region
[2019-12-09T03:49:25.206+0000][1][safepoint    ] Total time for which application threads were stopped: 0.0000620 seconds, Stopping threads took: 0.0000130 seconds
[2019-12-09T03:49:25.678+0000][1][safepoint    ] Application time: 0.4721354 seconds
[2019-12-09T03:49:25.678+0000][1][safepoint    ] Entering safepoint region: Deoptimize
[2019-12-09T03:49:25.678+0000][1][safepoint    ] Leaving safepoint region
[2019-12-09T03:49:25.678+0000][1][safepoint    ] Total time for which application threads were stopped: 0.0001839 seconds, Stopping threads took: 0.0000120 seconds
[2019-12-09T03:49:26.687+0000][1][safepoint    ] Application time: 1.0085264 seconds
[2019-12-09T03:49:26.687+0000][1][safepoint    ] Entering safepoint region: Cleanup
[2019-12-09T03:49:26.687+0000][1][safepoint    ] Leaving safepoint region
[2019-12-09T03:49:26.687+0000][1][safepoint    ] Total time for which application threads were stopped: 0.0000551 seconds, Stopping threads took: 0.0000154 seconds
[2019-12-09T03:49:27.705+0000][1][safepoint    ] Application time: 1.0179381 seconds
[2019-12-09T03:49:27.705+0000][1][safepoint    ] Entering safepoint region: Cleanup
[2019-12-09T03:49:27.705+0000][1][safepoint    ] Leaving safepoint region
[2019-12-09T03:49:27.705+0000][1][safepoint    ] Total time for which application threads were stopped: 0.0002060 seconds, Stopping threads took: 0.0001419 seconds
[2019-12-09T03:49:28.406+0000][1][safepoint    ] Application time: 0.7010382 seconds
[2019-12-09T03:49:28.406+0000][1][safepoint    ] Entering safepoint region: Deoptimize
[2019-12-09T03:49:28.406+0000][1][safepoint    ] Leaving safepoint region
[2019-12-09T03:49:28.406+0000][1][safepoint    ] Total time for which application threads were stopped: 0.0002363 seconds, Stopping threads took: 0.0000112 seconds
[2019-12-09T03:49:29.409+0000][1][safepoint    ] Application time: 1.0023958 seconds
[2019-12-09T03:49:29.409+0000][1][safepoint    ] Entering safepoint region: Cleanup
[2019-12-09T03:49:29.409+0000][1][safepoint    ] Leaving safepoint region
[2019-12-09T03:49:29.409+0000][1][safepoint    ] Total time for which application threads were stopped: 0.0001177 seconds, Stopping threads took: 0.0000443 seconds
[2019-12-09T03:49:29.631+0000][1][safepoint    ] Application time: 0.2217677 seconds
[2019-12-09T03:49:29.631+0000][1][safepoint    ] Entering safepoint region: Deoptimize
[2019-12-09T03:49:29.631+0000][1][safepoint    ] Leaving safepoint region
[2019-12-09T03:49:29.631+0000][1][safepoint    ] Total time for which application threads were stopped: 0.0002622 seconds, Stopping threads took: 0.0000172 seconds
[2019-12-09T03:49:29.656+0000][1][safepoint    ] Application time: 0.0248749 seconds
[2019-12-09T03:49:29.656+0000][1][safepoint    ] Entering safepoint region: Deoptimize
[2019-12-09T03:49:29.656+0000][1][safepoint    ] Leaving safepoint region
[2019-12-09T03:49:29.656+0000][1][safepoint    ] Total time for which application threads were stopped: 0.0002300 seconds, Stopping threads took: 0.0000114 seconds
[2019-12-09T03:49:29.899+0000][1][safepoint    ] Application time: 0.2425966 seconds
[2019-12-09T03:49:29.899+0000][1][safepoint    ] Entering safepoint region: Deoptimize
[2019-12-09T03:49:29.899+0000][1][safepoint    ] Leaving safepoint region
[2019-12-09T03:49:29.899+0000][1][safepoint    ] Total time for which application threads were stopped: 0.0002605 seconds, Stopping threads took: 0.0000132 seconds
[2019-12-09T03:49:29.956+0000][1][safepoint    ] Application time: 0.0574810 seconds
[2019-12-09T03:49:29.957+0000][1][safepoint    ] Entering safepoint region: RevokeBias
[2019-12-09T03:49:29.957+0000][1][safepoint    ] Leaving safepoint region
[2019-12-09T03:49:29.957+0000][1][safepoint    ] Total time for which application threads were stopped: 0.0001000 seconds, Stopping threads took: 0.0000136 seconds
[2019-12-09T03:49:29.957+0000][1][safepoint    ] Application time: 0.0000729 seconds
[2019-12-09T03:49:29.957+0000][1][safepoint    ] Entering safepoint region: RevokeBias
[2019-12-09T03:49:29.957+0000][1][safepoint    ] Leaving safepoint region
[2019-12-09T03:49:29.957+0000][1][safepoint    ] Total time for which application threads were stopped: 0.0000497 seconds, Stopping threads took: 0.0000075 seconds
[2019-12-09T03:49:29.957+0000][1][safepoint    ] Application time: 0.0000879 seconds
[2019-12-09T03:49:29.957+0000][1][safepoint    ] Entering safepoint region: RevokeBias
[2019-12-09T03:49:29.957+0000][1][safepoint    ] Leaving safepoint region
[2019-12-09T03:49:29.957+0000][1][safepoint    ] Total time for which application threads were stopped: 0.0000465 seconds, Stopping threads took: 0.0000079 seconds
[2019-12-09T03:49:29.957+0000][1][safepoint    ] Application time: 0.0001708 seconds
[2019-12-09T03:49:29.957+0000][1][safepoint    ] Entering safepoint region: RevokeBias
[2019-12-09T03:49:29.957+0000][1][safepoint    ] Leaving safepoint region
[2019-12-09T03:49:29.957+0000][1][safepoint    ] Total time for which application threads were stopped: 0.0000557 seconds, Stopping threads took: 0.0000097 seconds
[2019-12-09T03:49:30.963+0000][1][safepoint    ] Application time: 1.0055265 seconds
[2019-12-09T03:49:31.023+0000][1][safepoint    ] Entering safepoint region: Cleanup
[2019-12-09T03:49:31.023+0000][1][safepoint    ] Leaving safepoint region
[2019-12-09T03:49:31.023+0000][1][safepoint    ] Total time for which application threads were stopped: 0.0606980 seconds, Stopping threads took: 0.0606217 seconds
[2019-12-09T03:49:31.404+0000][1][safepoint    ] Application time: 0.3806120 seconds
[2019-12-09T03:49:31.404+0000][1][safepoint    ] Entering safepoint region: GenCollectForAllocation
[2019-12-09T03:49:31.404+0000][1][gc,start     ] GC(0) Pause Young (Allocation Failure)
[2019-12-09T03:49:31.404+0000][1][gc,task      ] GC(0) Using 2 workers of 2 for evacuation
[2019-12-09T03:49:31.512+0000][1][gc,age       ] GC(0) Desired survivor size 4456448 bytes, new threshold 1 (max threshold 6)
[2019-12-09T03:49:31.512+0000][1][gc,age       ] GC(0) Age table with threshold 1 (max threshold 6)
[2019-12-09T03:49:31.512+0000][1][gc,age       ] GC(0) - age   1:    6466776 bytes,    6466776 total
[2019-12-09T03:49:31.512+0000][1][gc,heap      ] GC(0) ParNew: 69952K->6364K(78656K)
[2019-12-09T03:49:31.512+0000][1][gc,heap      ] GC(0) CMS: 0K->0K(174784K)
[2019-12-09T03:49:31.512+0000][1][gc,metaspace ] GC(0) Metaspace: 12738K->12738K(1060864K)
[2019-12-09T03:49:31.512+0000][1][gc           ] GC(0) Pause Young (Allocation Failure) 68M->6M(247M) 108.165ms
[2019-12-09T03:49:31.512+0000][1][gc,cpu       ] GC(0) User=0.02s Sys=0.00s Real=0.11s
[2019-12-09T03:49:31.512+0000][1][safepoint    ] Leaving safepoint region
[2019-12-09T03:49:31.512+0000][1][safepoint    ] Total time for which application threads were stopped: 0.1083033 seconds, Stopping threads took: 0.0000116 seconds
[2019-12-09T03:49:31.532+0000][1][safepoint    ] Application time: 0.0193195 seconds
[2019-12-09T03:49:31.532+0000][1][safepoint    ] Entering safepoint region: RevokeBias
[2019-12-09T03:49:31.532+0000][1][safepoint    ] Leaving safepoint region
[2019-12-09T03:49:31.532+0000][1][safepoint    ] Total time for which application threads were stopped: 0.0002234 seconds, Stopping threads took: 0.0001441 seconds
[2019-12-09T03:49:31.532+0000][1][safepoint    ] Application time: 0.0002434 seconds
[2019-12-09T03:49:31.532+0000][1][safepoint    ] Entering safepoint region: RevokeBias
[2019-12-09T03:49:31.532+0000][1][safepoint    ] Leaving safepoint region
[2019-12-09T03:49:31.532+0000][1][safepoint    ] Total time for which application threads were stopped: 0.0000479 seconds, Stopping threads took: 0.0000104 seconds
[2019-12-09T03:49:31.555+0000][1][safepoint    ] Application time: 0.0224499 seconds
[2019-12-09T03:49:31.556+0000][1][safepoint    ] Entering safepoint region: RevokeBias
[2019-12-09T03:49:31.556+0000][1][safepoint    ] Leaving safepoint region
[2019-12-09T03:49:31.556+0000][1][safepoint    ] Total time for which application threads were stopped: 0.0008783 seconds, Stopping threads took: 0.0008295 seconds
[2019-12-09T03:49:31.561+0000][1][safepoint    ] Application time: 0.0050641 seconds
[2019-12-09T03:49:31.581+0000][1][safepoint    ] Entering safepoint region: RevokeBias
[2019-12-09T03:49:31.581+0000][1][safepoint    ] Leaving safepoint region
[2019-12-09T03:49:31.581+0000][1][safepoint    ] Total time for which application threads were stopped: 0.0201862 seconds, Stopping threads took: 0.0200719 seconds
[2019-12-09T03:49:31.592+0000][1][safepoint    ] Application time: 0.0107778 seconds
[2019-12-09T03:49:31.592+0000][1][safepoint    ] Entering safepoint region: RevokeBias
[2019-12-09T03:49:31.592+0000][1][safepoint    ] Leaving safepoint region
[2019-12-09T03:49:31.592+0000][1][safepoint    ] Total time for which application threads were stopped: 0.0001510 seconds, Stopping threads took: 0.0000120 seconds
[2019-12-09T03:49:31.592+0000][1][safepoint    ] Application time: 0.0000802 seconds
[2019-12-09T03:49:31.592+0000][1][safepoint    ] Entering safepoint region: RevokeBias
[2019-12-09T03:49:31.592+0000][1][safepoint    ] Leaving safepoint region
[2019-12-09T03:49:31.592+0000][1][safepoint    ] Total time for which application threads were stopped: 0.0000474 seconds, Stopping threads took: 0.0000080 seconds
[2019-12-09T03:49:31.600+0000][1][safepoint    ] Application time: 0.0076722 seconds
[2019-12-09T03:49:31.600+0000][1][safepoint    ] Entering safepoint region: RevokeBias
[2019-12-09T03:49:31.600+0000][1][safepoint    ] Leaving safepoint region
[2019-12-09T03:49:31.600+0000][1][safepoint    ] Total time for which application threads were stopped: 0.0001282 seconds, Stopping threads took: 0.0000110 seconds
[2019-12-09T03:49:31.600+0000][1][safepoint    ] Application time: 0.0000736 seconds
[2019-12-09T03:49:31.600+0000][1][safepoint    ] Entering safepoint region: RevokeBias
[2019-12-09T03:49:31.600+0000][1][safepoint    ] Leaving safepoint region
[2019-12-09T03:49:31.600+0000][1][safepoint    ] Total time for which application threads were stopped: 0.0000462 seconds, Stopping threads took: 0.0000077 seconds
[2019-12-09T03:49:31.600+0000][1][safepoint    ] Application time: 0.0000461 seconds
[2019-12-09T03:49:31.600+0000][1][safepoint    ] Entering safepoint region: RevokeBias
[2019-12-09T03:49:31.600+0000][1][safepoint    ] Leaving safepoint region
[2019-12-09T03:49:31.600+0000][1][safepoint    ] Total time for which application threads were stopped: 0.0000425 seconds, Stopping threads took: 0.0000073 seconds
[2019-12-09T03:49:31.600+0000][1][safepoint    ] Application time: 0.0000493 seconds
[2019-12-09T03:49:31.600+0000][1][safepoint    ] Entering safepoint region: RevokeBias
[2019-12-09T03:49:31.600+0000][1][safepoint    ] Leaving safepoint region
[2019-12-09T03:49:31.600+0000][1][safepoint    ] Total time for which application threads were stopped: 0.0000421 seconds, Stopping threads took: 0.0000072 seconds
[2019-12-09T03:49:31.600+0000][1][safepoint    ] Application time: 0.0000448 seconds
[2019-12-09T03:49:31.600+0000][1][safepoint    ] Entering safepoint region: RevokeBias
[2019-12-09T03:49:31.600+0000][1][safepoint    ] Leaving safepoint region
[2019-12-09T03:49:31.600+0000][1][safepoint    ] Total time for which application threads were stopped: 0.0000495 seconds, Stopping threads took: 0.0000157 seconds
[2019-12-09T03:49:31.600+0000][1][safepoint    ] Application time: 0.0000576 seconds
[2019-12-09T03:49:31.600+0000][1][safepoint    ] Entering safepoint region: RevokeBias
[2019-12-09T03:49:31.600+0000][1][safepoint    ] Leaving safepoint region
[2019-12-09T03:49:31.600+0000][1][safepoint    ] Total time for which application threads were stopped: 0.0000427 seconds, Stopping threads took: 0.0000072 seconds
[2019-12-09T03:49:31.600+0000][1][safepoint    ] Application time: 0.0000438 seconds
[2019-12-09T03:49:31.600+0000][1][safepoint    ] Entering safepoint region: RevokeBias
[2019-12-09T03:49:31.601+0000][1][safepoint    ] Leaving safepoint region
[2019-12-09T03:49:31.601+0000][1][safepoint    ] Total time for which application threads were stopped: 0.0000398 seconds, Stopping threads took: 0.0000070 seconds
[2019-12-09T03:49:31.601+0000][1][safepoint    ] Application time: 0.0000480 seconds
[2019-12-09T03:49:31.601+0000][1][safepoint    ] Entering safepoint region: RevokeBias
[2019-12-09T03:49:31.601+0000][1][safepoint    ] Leaving safepoint region
[2019-12-09T03:49:31.601+0000][1][safepoint    ] Total time for which application threads were stopped: 0.0000411 seconds, Stopping threads took: 0.0000069 seconds
[2019-12-09T03:49:31.601+0000][1][safepoint    ] Application time: 0.0000556 seconds
[2019-12-09T03:49:31.601+0000][1][safepoint    ] Entering safepoint region: RevokeBias
[2019-12-09T03:49:31.601+0000][1][safepoint    ] Leaving safepoint region
[2019-12-09T03:49:31.601+0000][1][safepoint    ] Total time for which application threads were stopped: 0.0000450 seconds, Stopping threads took: 0.0000072 seconds
[2019-12-09T03:49:31.616+0000][1][safepoint    ] Application time: 0.0149745 seconds
[2019-12-09T03:49:31.625+0000][1][safepoint    ] Entering safepoint region: RevokeBias
[2019-12-09T03:49:31.625+0000][1][safepoint    ] Leaving safepoint region
[2019-12-09T03:49:31.625+0000][1][safepoint    ] Total time for which application threads were stopped: 0.0091151 seconds, Stopping threads took: 0.0090629 seconds
[2019-12-09T03:49:31.625+0000][1][safepoint    ] Application time: 0.0000554 seconds
[2019-12-09T03:49:31.625+0000][1][safepoint    ] Entering safepoint region: RevokeBias
[2019-12-09T03:49:31.625+0000][1][safepoint    ] Leaving safepoint region
[2019-12-09T03:49:31.625+0000][1][safepoint    ] Total time for which application threads were stopped: 0.0000403 seconds, Stopping threads took: 0.0000076 seconds
[2019-12-09T03:49:31.625+0000][1][safepoint    ] Application time: 0.0000645 seconds
[2019-12-09T03:49:31.625+0000][1][safepoint    ] Entering safepoint region: RevokeBias
[2019-12-09T03:49:31.625+0000][1][safepoint    ] Leaving safepoint region
[2019-12-09T03:49:31.625+0000][1][safepoint    ] Total time for which application threads were stopped: 0.0000386 seconds, Stopping threads took: 0.0000075 seconds
[2019-12-09T03:49:31.625+0000][1][safepoint    ] Application time: 0.0000446 seconds
[2019-12-09T03:49:31.625+0000][1][safepoint    ] Entering safepoint region: RevokeBias
[2019-12-09T03:49:31.625+0000][1][safepoint    ] Leaving safepoint region
[2019-12-09T03:49:31.625+0000][1][safepoint    ] Total time for which application threads were stopped: 0.0000336 seconds, Stopping threads took: 0.0000068 seconds
[2019-12-09T03:49:31.625+0000][1][safepoint    ] Application time: 0.0000755 seconds
[2019-12-09T03:49:31.625+0000][1][safepoint    ] Entering safepoint region: RevokeBias
[2019-12-09T03:49:31.625+0000][1][safepoint    ] Leaving safepoint region
[2019-12-09T03:49:31.625+0000][1][safepoint    ] Total time for which application threads were stopped: 0.0000345 seconds, Stopping threads took: 0.0000068 seconds
[2019-12-09T03:49:31.625+0000][1][safepoint    ] Application time: 0.0000468 seconds
[2019-12-09T03:49:31.625+0000][1][safepoint    ] Entering safepoint region: RevokeBias
[2019-12-09T03:49:31.625+0000][1][safepoint    ] Leaving safepoint region
[2019-12-09T03:49:31.625+0000][1][safepoint    ] Total time for which application threads were stopped: 0.0000431 seconds, Stopping threads took: 0.0000153 seconds
[2019-12-09T03:49:31.625+0000][1][safepoint    ] Application time: 0.0000499 seconds
[2019-12-09T03:49:31.625+0000][1][safepoint    ] Entering safepoint region: RevokeBias
[2019-12-09T03:49:31.626+0000][1][safepoint    ] Leaving safepoint region
[2019-12-09T03:49:31.626+0000][1][safepoint    ] Total time for which application threads were stopped: 0.0000345 seconds, Stopping threads took: 0.0000067 seconds
[2019-12-09T03:49:31.626+0000][1][safepoint    ] Application time: 0.0000448 seconds
[2019-12-09T03:49:31.626+0000][1][safepoint    ] Entering safepoint region: RevokeBias
[2019-12-09T03:49:31.626+0000][1][safepoint    ] Leaving safepoint region
[2019-12-09T03:49:31.626+0000][1][safepoint    ] Total time for which application threads were stopped: 0.0000338 seconds, Stopping threads took: 0.0000068 seconds
[2019-12-09T03:49:31.626+0000][1][safepoint    ] Application time: 0.0000492 seconds
[2019-12-09T03:49:31.626+0000][1][safepoint    ] Entering safepoint region: RevokeBias
[2019-12-09T03:49:31.626+0000][1][safepoint    ] Leaving safepoint region
[2019-12-09T03:49:31.626+0000][1][safepoint    ] Total time for which application threads were stopped: 0.0000514 seconds, Stopping threads took: 0.0000071 seconds
[2019-12-09T03:49:31.626+0000][1][safepoint    ] Application time: 0.0000525 seconds
[2019-12-09T03:49:31.626+0000][1][safepoint    ] Entering safepoint region: RevokeBias
[2019-12-09T03:49:31.626+0000][1][safepoint    ] Leaving safepoint region
[2019-12-09T03:49:31.626+0000][1][safepoint    ] Total time for which application threads were stopped: 0.0000340 seconds, Stopping threads took: 0.0000070 seconds
[2019-12-09T03:49:31.626+0000][1][safepoint    ] Application time: 0.0000719 seconds
[2019-12-09T03:49:31.626+0000][1][safepoint    ] Entering safepoint region: RevokeBias
[2019-12-09T03:49:31.626+0000][1][safepoint    ] Leaving safepoint region
[2019-12-09T03:49:31.626+0000][1][safepoint    ] Total time for which application threads were stopped: 0.0000358 seconds, Stopping threads took: 0.0000070 seconds
[2019-12-09T03:49:31.626+0000][1][safepoint    ] Application time: 0.0000449 seconds
[2019-12-09T03:49:31.626+0000][1][safepoint    ] Entering safepoint region: RevokeBias
[2019-12-09T03:49:31.626+0000][1][safepoint    ] Leaving safepoint region
[2019-12-09T03:49:31.626+0000][1][safepoint    ] Total time for which application threads were stopped: 0.0000343 seconds, Stopping threads took: 0.0000069 seconds
[2019-12-09T03:49:31.626+0000][1][safepoint    ] Application time: 0.0002981 seconds
[2019-12-09T03:49:31.626+0000][1][safepoint    ] Entering safepoint region: RevokeBias
[2019-12-09T03:49:31.626+0000][1][safepoint    ] Leaving safepoint region
[2019-12-09T03:49:31.626+0000][1][safepoint    ] Total time for which application threads were stopped: 0.0000501 seconds, Stopping threads took: 0.0000089 seconds
[2019-12-09T03:49:31.626+0000][1][safepoint    ] Application time: 0.0000538 seconds
[2019-12-09T03:49:31.626+0000][1][safepoint    ] Entering safepoint region: RevokeBias
[2019-12-09T03:49:31.627+0000][1][safepoint    ] Leaving safepoint region
[2019-12-09T03:49:31.627+0000][1][safepoint    ] Total time for which application threads were stopped: 0.0000360 seconds, Stopping threads took: 0.0000076 seconds
[2019-12-09T03:49:31.627+0000][1][safepoint    ] Application time: 0.0000621 seconds
[2019-12-09T03:49:31.627+0000][1][safepoint    ] Entering safepoint region: RevokeBias
[2019-12-09T03:49:31.627+0000][1][safepoint    ] Leaving safepoint region
[2019-12-09T03:49:31.627+0000][1][safepoint    ] Total time for which application threads were stopped: 0.0000372 seconds, Stopping threads took: 0.0000078 seconds
[2019-12-09T03:49:31.627+0000][1][safepoint    ] Application time: 0.0000660 seconds
[2019-12-09T03:49:31.627+0000][1][safepoint    ] Entering safepoint region: RevokeBias
[2019-12-09T03:49:31.627+0000][1][safepoint    ] Leaving safepoint region
[2019-12-09T03:49:31.627+0000][1][safepoint    ] Total time for which application threads were stopped: 0.0000470 seconds, Stopping threads took: 0.0000142 seconds
[2019-12-09T03:49:32.644+0000][1][safepoint    ] Application time: 1.0169664 seconds
[2019-12-09T03:49:32.644+0000][1][safepoint    ] Entering safepoint region: Cleanup
[2019-12-09T03:49:32.644+0000][1][safepoint    ] Leaving safepoint region
[2019-12-09T03:49:32.644+0000][1][safepoint    ] Total time for which application threads were stopped: 0.0001191 seconds, Stopping threads took: 0.0000476 seconds
[2019-12-09T03:49:32.874+0000][1][safepoint    ] Application time: 0.2304716 seconds
[2019-12-09T03:49:32.874+0000][1][safepoint    ] Entering safepoint region: Deoptimize
[2019-12-09T03:49:32.875+0000][1][safepoint    ] Leaving safepoint region
[2019-12-09T03:49:32.875+0000][1][safepoint    ] Total time for which application threads were stopped: 0.0003974 seconds, Stopping threads took: 0.0000119 seconds
[2019-12-09T03:49:33.885+0000][1][safepoint    ] Application time: 1.0098997 seconds
[2019-12-09T03:49:33.957+0000][1][safepoint    ] Entering safepoint region: Cleanup
[2019-12-09T03:49:33.957+0000][1][safepoint    ] Leaving safepoint region
[2019-12-09T03:49:33.957+0000][1][safepoint    ] Total time for which application threads were stopped: 0.0720822 seconds, Stopping threads took: 0.0719883 seconds
[2019-12-09T03:49:34.257+0000][1][safepoint    ] Application time: 0.2998696 seconds
[2019-12-09T03:49:34.257+0000][1][safepoint    ] Entering safepoint region: RevokeBias
[2019-12-09T03:49:34.257+0000][1][safepoint    ] Leaving safepoint region
[2019-12-09T03:49:34.257+0000][1][safepoint    ] Total time for which application threads were stopped: 0.0000969 seconds, Stopping threads took: 0.0000127 seconds
[2019-12-09T03:49:35.258+0000][1][safepoint    ] Application time: 1.0008684 seconds
[2019-12-09T03:49:35.310+0000][1][safepoint    ] Entering safepoint region: Cleanup
[2019-12-09T03:49:35.311+0000][1][safepoint    ] Leaving safepoint region
[2019-12-09T03:49:35.311+0000][1][safepoint    ] Total time for which application threads were stopped: 0.0528418 seconds, Stopping threads took: 0.0527677 seconds
[2019-12-09T03:49:35.415+0000][1][safepoint    ] Application time: 0.1048210 seconds
[2019-12-09T03:49:35.415+0000][1][safepoint    ] Entering safepoint region: GenCollectForAllocation
[2019-12-09T03:49:35.416+0000][1][gc,start     ] GC(1) Pause Young (Allocation Failure)
[2019-12-09T03:49:35.416+0000][1][gc,task      ] GC(1) Using 2 workers of 2 for evacuation
[2019-12-09T03:49:35.604+0000][1][gc,age       ] GC(1) Desired survivor size 4456448 bytes, new threshold 6 (max threshold 6)
[2019-12-09T03:49:35.604+0000][1][gc,age       ] GC(1) Age table with threshold 6 (max threshold 6)
[2019-12-09T03:49:35.604+0000][1][gc,age       ] GC(1) - age   1:    1177488 bytes,    1177488 total
[2019-12-09T03:49:35.604+0000][1][gc,heap      ] GC(1) ParNew: 76316K->4078K(78656K)
[2019-12-09T03:49:35.604+0000][1][gc,heap      ] GC(1) CMS: 0K->6811K(174784K)
[2019-12-09T03:49:35.604+0000][1][gc,metaspace ] GC(1) Metaspace: 14930K->14930K(1062912K)
[2019-12-09T03:49:35.604+0000][1][gc           ] GC(1) Pause Young (Allocation Failure) 74M->10M(247M) 188.623ms
[2019-12-09T03:49:35.604+0000][1][gc,cpu       ] GC(1) User=0.06s Sys=0.00s Real=0.18s
[2019-12-09T03:49:35.604+0000][1][safepoint    ] Leaving safepoint region
[2019-12-09T03:49:35.604+0000][1][safepoint    ] Total time for which application threads were stopped: 0.1887550 seconds, Stopping threads took: 0.0000123 seconds
[2019-12-09T03:49:35.629+0000][1][safepoint    ] Application time: 0.0246477 seconds
[2019-12-09T03:49:35.629+0000][1][safepoint    ] Entering safepoint region: BulkRevokeBias
[2019-12-09T03:49:35.629+0000][1][safepoint    ] Leaving safepoint region
[2019-12-09T03:49:35.629+0000][1][safepoint    ] Total time for which application threads were stopped: 0.0001350 seconds, Stopping threads took: 0.0000147 seconds
[2019-12-09T03:49:35.629+0000][1][safepoint    ] Application time: 0.0001022 seconds
[2019-12-09T03:49:35.629+0000][1][safepoint    ] Entering safepoint region: RevokeBias
[2019-12-09T03:49:35.629+0000][1][safepoint    ] Leaving safepoint region
[2019-12-09T03:49:35.629+0000][1][safepoint    ] Total time for which application threads were stopped: 0.0000431 seconds, Stopping threads took: 0.0000094 seconds
[2019-12-09T03:49:35.629+0000][1][safepoint    ] Application time: 0.0000459 seconds
[2019-12-09T03:49:35.629+0000][1][safepoint    ] Entering safepoint region: RevokeBias
[2019-12-09T03:49:35.629+0000][1][safepoint    ] Leaving safepoint region
[2019-12-09T03:49:35.629+0000][1][safepoint    ] Total time for which application threads were stopped: 0.0000378 seconds, Stopping threads took: 0.0000086 seconds
[2019-12-09T03:49:35.629+0000][1][safepoint    ] Application time: 0.0000338 seconds
[2019-12-09T03:49:35.629+0000][1][safepoint    ] Entering safepoint region: RevokeBias
[2019-12-09T03:49:35.629+0000][1][safepoint    ] Leaving safepoint region
[2019-12-09T03:49:35.629+0000][1][safepoint    ] Total time for which application threads were stopped: 0.0000436 seconds, Stopping threads took: 0.0000082 seconds
[2019-12-09T03:49:35.630+0000][1][safepoint    ] Application time: 0.0006048 seconds
[2019-12-09T03:49:35.630+0000][1][safepoint    ] Entering safepoint region: RevokeBias
[2019-12-09T03:49:35.630+0000][1][safepoint    ] Leaving safepoint region
[2019-12-09T03:49:35.630+0000][1][safepoint    ] Total time for which application threads were stopped: 0.0000597 seconds, Stopping threads took: 0.0000120 seconds
[2019-12-09T03:49:35.630+0000][1][safepoint    ] Application time: 0.0000431 seconds
[2019-12-09T03:49:35.630+0000][1][safepoint    ] Entering safepoint region: RevokeBias
[2019-12-09T03:49:35.630+0000][1][safepoint    ] Leaving safepoint region
[2019-12-09T03:49:35.630+0000][1][safepoint    ] Total time for which application threads were stopped: 0.0000399 seconds, Stopping threads took: 0.0000085 seconds
[2019-12-09T03:49:35.630+0000][1][safepoint    ] Application time: 0.0000446 seconds
[2019-12-09T03:49:35.630+0000][1][safepoint    ] Entering safepoint region: BulkRevokeBias
[2019-12-09T03:49:35.630+0000][1][safepoint    ] Leaving safepoint region
[2019-12-09T03:49:35.630+0000][1][safepoint    ] Total time for which application threads were stopped: 0.0000596 seconds, Stopping threads took: 0.0000079 seconds
[2019-12-09T03:49:35.630+0000][1][safepoint    ] Application time: 0.0000470 seconds
[2019-12-09T03:49:35.630+0000][1][safepoint    ] Entering safepoint region: RevokeBias
[2019-12-09T03:49:35.630+0000][1][safepoint    ] Leaving safepoint region
[2019-12-09T03:49:35.630+0000][1][safepoint    ] Total time for which application threads were stopped: 0.0000381 seconds, Stopping threads took: 0.0000083 seconds
[2019-12-09T03:49:35.631+0000][1][safepoint    ] Application time: 0.0003298 seconds
[2019-12-09T03:49:35.631+0000][1][safepoint    ] Entering safepoint region: BulkRevokeBias
[2019-12-09T03:49:35.631+0000][1][safepoint    ] Leaving safepoint region
[2019-12-09T03:49:35.631+0000][1][safepoint    ] Total time for which application threads were stopped: 0.0000737 seconds, Stopping threads took: 0.0000105 seconds
[2019-12-09T03:49:36.669+0000][1][safepoint    ] Application time: 1.0380143 seconds
[2019-12-09T03:49:36.699+0000][1][safepoint    ] Entering safepoint region: Cleanup
[2019-12-09T03:49:36.699+0000][1][safepoint    ] Leaving safepoint region
[2019-12-09T03:49:36.699+0000][1][safepoint    ] Total time for which application threads were stopped: 0.0299381 seconds, Stopping threads took: 0.0298776 seconds
[2019-12-09T03:49:36.900+0000][1][safepoint    ] Application time: 0.2007626 seconds
[2019-12-09T03:49:36.900+0000][1][safepoint    ] Entering safepoint region: GenCollectForAllocation
[2019-12-09T03:49:36.900+0000][1][gc,start     ] GC(2) Pause Young (Allocation Failure)
[2019-12-09T03:49:36.900+0000][1][gc,task      ] GC(2) Using 2 workers of 2 for evacuation
[2019-12-09T03:49:36.979+0000][1][gc,age       ] GC(2) Desired survivor size 4456448 bytes, new threshold 6 (max threshold 6)
[2019-12-09T03:49:36.979+0000][1][gc,age       ] GC(2) Age table with threshold 6 (max threshold 6)
[2019-12-09T03:49:36.979+0000][1][gc,age       ] GC(2) - age   1:     470880 bytes,     470880 total
[2019-12-09T03:49:36.979+0000][1][gc,age       ] GC(2) - age   2:    1144328 bytes,    1615208 total
[2019-12-09T03:49:36.979+0000][1][gc,heap      ] GC(2) ParNew: 74030K->2614K(78656K)
[2019-12-09T03:49:36.979+0000][1][gc,heap      ] GC(2) CMS: 6811K->6811K(174784K)
[2019-12-09T03:49:36.979+0000][1][gc,metaspace ] GC(2) Metaspace: 15037K->15037K(1062912K)
[2019-12-09T03:49:36.979+0000][1][gc           ] GC(2) Pause Young (Allocation Failure) 78M->9M(247M) 79.211ms
[2019-12-09T03:49:36.979+0000][1][gc,cpu       ] GC(2) User=0.02s Sys=0.00s Real=0.08s
[2019-12-09T03:49:36.979+0000][1][safepoint    ] Leaving safepoint region
[2019-12-09T03:49:36.979+0000][1][safepoint    ] Total time for which application threads were stopped: 0.0793511 seconds, Stopping threads took: 0.0000132 seconds
[2019-12-09T03:49:36.982+0000][1][safepoint    ] Application time: 0.0028355 seconds
[2019-12-09T03:49:36.982+0000][1][safepoint    ] Entering safepoint region: RevokeBias
[2019-12-09T03:49:36.982+0000][1][safepoint    ] Leaving safepoint region
[2019-12-09T03:49:36.982+0000][1][safepoint    ] Total time for which application threads were stopped: 0.0001118 seconds, Stopping threads took: 0.0000135 seconds
[2019-12-09T03:49:36.982+0000][1][safepoint    ] Application time: 0.0000598 seconds
[2019-12-09T03:49:36.982+0000][1][safepoint    ] Entering safepoint region: RevokeBias
[2019-12-09T03:49:36.982+0000][1][safepoint    ] Leaving safepoint region
[2019-12-09T03:49:36.982+0000][1][safepoint    ] Total time for which application threads were stopped: 0.0000703 seconds, Stopping threads took: 0.0000094 seconds
[2019-12-09T03:49:36.982+0000][1][safepoint    ] Application time: 0.0000614 seconds
[2019-12-09T03:49:36.982+0000][1][safepoint    ] Entering safepoint region: RevokeBias
[2019-12-09T03:49:36.982+0000][1][safepoint    ] Leaving safepoint region
[2019-12-09T03:49:36.982+0000][1][safepoint    ] Total time for which application threads were stopped: 0.0000736 seconds, Stopping threads took: 0.0000092 seconds
[2019-12-09T03:49:36.982+0000][1][safepoint    ] Application time: 0.0000472 seconds
[2019-12-09T03:49:36.982+0000][1][safepoint    ] Entering safepoint region: RevokeBias
[2019-12-09T03:49:36.982+0000][1][safepoint    ] Leaving safepoint region
[2019-12-09T03:49:36.982+0000][1][safepoint    ] Total time for which application threads were stopped: 0.0000541 seconds, Stopping threads took: 0.0000074 seconds
[2019-12-09T03:49:37.985+0000][1][safepoint    ] Application time: 1.0023647 seconds
[2019-12-09T03:49:37.985+0000][1][safepoint    ] Entering safepoint region: Cleanup
[2019-12-09T03:49:37.985+0000][1][safepoint    ] Leaving safepoint region
[2019-12-09T03:49:37.985+0000][1][safepoint    ] Total time for which application threads were stopped: 0.0002332 seconds, Stopping threads took: 0.0001525 seconds
[2019-12-09T03:49:37.995+0000][1][safepoint    ] Application time: 0.0099451 seconds
[2019-12-09T03:49:37.995+0000][1][safepoint    ] Entering safepoint region: Deoptimize
[2019-12-09T03:49:37.995+0000][1][safepoint    ] Leaving safepoint region
[2019-12-09T03:49:37.995+0000][1][safepoint    ] Total time for which application threads were stopped: 0.0003959 seconds, Stopping threads took: 0.0000118 seconds
[2019-12-09T03:49:37.996+0000][1][safepoint    ] Application time: 0.0005024 seconds
[2019-12-09T03:49:37.996+0000][1][safepoint    ] Entering safepoint region: Deoptimize
[2019-12-09T03:49:37.996+0000][1][safepoint    ] Leaving safepoint region
[2019-12-09T03:49:37.996+0000][1][safepoint    ] Total time for which application threads were stopped: 0.0003290 seconds, Stopping threads took: 0.0000105 seconds
[2019-12-09T03:49:39.021+0000][1][safepoint    ] Application time: 1.0244573 seconds
[2019-12-09T03:49:39.039+0000][1][safepoint    ] Entering safepoint region: Cleanup
[2019-12-09T03:49:39.039+0000][1][safepoint    ] Leaving safepoint region
[2019-12-09T03:49:39.039+0000][1][safepoint    ] Total time for which application threads were stopped: 0.0182857 seconds, Stopping threads took: 0.0182053 seconds
[2019-12-09T03:49:40.046+0000][1][safepoint    ] Application time: 1.0068773 seconds
[2019-12-09T03:49:40.057+0000][1][safepoint    ] Entering safepoint region: Cleanup
[2019-12-09T03:49:40.057+0000][1][safepoint    ] Leaving safepoint region
[2019-12-09T03:49:40.057+0000][1][safepoint    ] Total time for which application threads were stopped: 0.0109584 seconds, Stopping threads took: 0.0109091 seconds
[2019-12-09T03:49:40.415+0000][1][safepoint    ] Application time: 0.3583985 seconds
[2019-12-09T03:49:40.415+0000][1][safepoint    ] Entering safepoint region: GenCollectForAllocation
[2019-12-09T03:49:40.415+0000][1][gc,start     ] GC(3) Pause Young (Allocation Failure)
[2019-12-09T03:49:40.415+0000][1][gc,task      ] GC(3) Using 2 workers of 2 for evacuation
[2019-12-09T03:49:40.574+0000][1][gc,age       ] GC(3) Desired survivor size 4456448 bytes, new threshold 3 (max threshold 6)
[2019-12-09T03:49:40.574+0000][1][gc,age       ] GC(3) Age table with threshold 3 (max threshold 6)
[2019-12-09T03:49:40.574+0000][1][gc,age       ] GC(3) - age   1:    3838096 bytes,    3838096 total
[2019-12-09T03:49:40.574+0000][1][gc,age       ] GC(3) - age   2:     459616 bytes,    4297712 total
[2019-12-09T03:49:40.574+0000][1][gc,age       ] GC(3) - age   3:    1142056 bytes,    5439768 total
[2019-12-09T03:49:40.574+0000][1][gc,heap      ] GC(3) ParNew: 72566K->5590K(78656K)
[2019-12-09T03:49:40.574+0000][1][gc,heap      ] GC(3) CMS: 6811K->6811K(174784K)
[2019-12-09T03:49:40.574+0000][1][gc,metaspace ] GC(3) Metaspace: 18581K->18581K(1067008K)
[2019-12-09T03:49:40.574+0000][1][gc           ] GC(3) Pause Young (Allocation Failure) 77M->12M(247M) 158.542ms
[2019-12-09T03:49:40.574+0000][1][gc,cpu       ] GC(3) User=0.04s Sys=0.00s Real=0.15s
[2019-12-09T03:49:40.574+0000][1][safepoint    ] Leaving safepoint region
[2019-12-09T03:49:40.574+0000][1][safepoint    ] Total time for which application threads were stopped: 0.1586759 seconds, Stopping threads took: 0.0000142 seconds
[2019-12-09T03:49:40.591+0000][1][safepoint    ] Application time: 0.0166881 seconds
[2019-12-09T03:49:40.632+0000][1][safepoint    ] Entering safepoint region: BulkRevokeBias
[2019-12-09T03:49:40.632+0000][1][safepoint    ] Leaving safepoint region
[2019-12-09T03:49:40.632+0000][1][safepoint    ] Total time for which application threads were stopped: 0.0411603 seconds, Stopping threads took: 0.0409990 seconds
[2019-12-09T03:49:40.633+0000][1][safepoint    ] Application time: 0.0006993 seconds
[2019-12-09T03:49:40.633+0000][1][safepoint    ] Entering safepoint region: RevokeBias
[2019-12-09T03:49:40.633+0000][1][safepoint    ] Leaving safepoint region
[2019-12-09T03:49:40.633+0000][1][safepoint    ] Total time for which application threads were stopped: 0.0000828 seconds, Stopping threads took: 0.0000104 seconds
[2019-12-09T03:49:40.633+0000][1][safepoint    ] Application time: 0.0000482 seconds
[2019-12-09T03:49:40.633+0000][1][safepoint    ] Entering safepoint region: RevokeBias
[2019-12-09T03:49:40.633+0000][1][safepoint    ] Leaving safepoint region
[2019-12-09T03:49:40.633+0000][1][safepoint    ] Total time for which application threads were stopped: 0.0000425 seconds, Stopping threads took: 0.0000068 seconds
[2019-12-09T03:49:40.633+0000][1][safepoint    ] Application time: 0.0000293 seconds
[2019-12-09T03:49:40.633+0000][1][safepoint    ] Entering safepoint region: RevokeBias
[2019-12-09T03:49:40.633+0000][1][safepoint    ] Leaving safepoint region
[2019-12-09T03:49:40.633+0000][1][safepoint    ] Total time for which application threads were stopped: 0.0000353 seconds, Stopping threads took: 0.0000057 seconds
[2019-12-09T03:49:40.633+0000][1][safepoint    ] Application time: 0.0000320 seconds
[2019-12-09T03:49:40.633+0000][1][safepoint    ] Entering safepoint region: RevokeBias
[2019-12-09T03:49:40.633+0000][1][safepoint    ] Leaving safepoint region
[2019-12-09T03:49:40.633+0000][1][safepoint    ] Total time for which application threads were stopped: 0.0000454 seconds, Stopping threads took: 0.0000063 seconds
[2019-12-09T03:49:40.633+0000][1][safepoint    ] Application time: 0.0000293 seconds
[2019-12-09T03:49:40.633+0000][1][safepoint    ] Entering safepoint region: RevokeBias
[2019-12-09T03:49:40.633+0000][1][safepoint    ] Leaving safepoint region
[2019-12-09T03:49:40.633+0000][1][safepoint    ] Total time for which application threads were stopped: 0.0000362 seconds, Stopping threads took: 0.0000061 seconds
[2019-12-09T03:49:40.633+0000][1][safepoint    ] Application time: 0.0000324 seconds
[2019-12-09T03:49:40.633+0000][1][safepoint    ] Entering safepoint region: RevokeBias
[2019-12-09T03:49:40.633+0000][1][safepoint    ] Leaving safepoint region
[2019-12-09T03:49:40.633+0000][1][safepoint    ] Total time for which application threads were stopped: 0.0000431 seconds, Stopping threads took: 0.0000058 seconds
[2019-12-09T03:49:40.633+0000][1][safepoint    ] Application time: 0.0000297 seconds
[2019-12-09T03:49:40.633+0000][1][safepoint    ] Entering safepoint region: RevokeBias
[2019-12-09T03:49:40.633+0000][1][safepoint    ] Leaving safepoint region
[2019-12-09T03:49:40.633+0000][1][safepoint    ] Total time for which application threads were stopped: 0.0000365 seconds, Stopping threads took: 0.0000062 seconds
[2019-12-09T03:49:40.633+0000][1][safepoint    ] Application time: 0.0000316 seconds
[2019-12-09T03:49:40.633+0000][1][safepoint    ] Entering safepoint region: RevokeBias
[2019-12-09T03:49:40.633+0000][1][safepoint    ] Leaving safepoint region
[2019-12-09T03:49:40.633+0000][1][safepoint    ] Total time for which application threads were stopped: 0.0000370 seconds, Stopping threads took: 0.0000064 seconds
[2019-12-09T03:49:40.633+0000][1][safepoint    ] Application time: 0.0000300 seconds
[2019-12-09T03:49:40.633+0000][1][safepoint    ] Entering safepoint region: RevokeBias
[2019-12-09T03:49:40.633+0000][1][safepoint    ] Leaving safepoint region
[2019-12-09T03:49:40.633+0000][1][safepoint    ] Total time for which application threads were stopped: 0.0000405 seconds, Stopping threads took: 0.0000069 seconds
[2019-12-09T03:49:40.633+0000][1][safepoint    ] Application time: 0.0000317 seconds
[2019-12-09T03:49:40.633+0000][1][safepoint    ] Entering safepoint region: RevokeBias
[2019-12-09T03:49:40.633+0000][1][safepoint    ] Leaving safepoint region
[2019-12-09T03:49:40.633+0000][1][safepoint    ] Total time for which application threads were stopped: 0.0000364 seconds, Stopping threads took: 0.0000066 seconds
[2019-12-09T03:49:40.634+0000][1][safepoint    ] Application time: 0.0000292 seconds
[2019-12-09T03:49:40.634+0000][1][safepoint    ] Entering safepoint region: RevokeBias
[2019-12-09T03:49:40.634+0000][1][safepoint    ] Leaving safepoint region
[2019-12-09T03:49:40.634+0000][1][safepoint    ] Total time for which application threads were stopped: 0.0000385 seconds, Stopping threads took: 0.0000064 seconds
[2019-12-09T03:49:40.634+0000][1][safepoint    ] Application time: 0.0000311 seconds
[2019-12-09T03:49:40.634+0000][1][safepoint    ] Entering safepoint region: RevokeBias
[2019-12-09T03:49:40.634+0000][1][safepoint    ] Leaving safepoint region
[2019-12-09T03:49:40.634+0000][1][safepoint    ] Total time for which application threads were stopped: 0.0000367 seconds, Stopping threads took: 0.0000064 seconds
[2019-12-09T03:49:40.634+0000][1][safepoint    ] Application time: 0.0000399 seconds
[2019-12-09T03:49:40.638+0000][1][safepoint    ] Entering safepoint region: RevokeBias
[2019-12-09T03:49:40.638+0000][1][safepoint    ] Leaving safepoint region
[2019-12-09T03:49:40.638+0000][1][safepoint    ] Total time for which application threads were stopped: 0.0040727 seconds, Stopping threads took: 0.0040152 seconds
[2019-12-09T03:49:40.638+0000][1][safepoint    ] Application time: 0.0000591 seconds
[2019-12-09T03:49:40.638+0000][1][safepoint    ] Entering safepoint region: RevokeBias
[2019-12-09T03:49:40.638+0000][1][safepoint    ] Leaving safepoint region
[2019-12-09T03:49:40.638+0000][1][safepoint    ] Total time for which application threads were stopped: 0.0000516 seconds, Stopping threads took: 0.0000073 seconds
[2019-12-09T03:49:40.638+0000][1][safepoint    ] Application time: 0.0000301 seconds
[2019-12-09T03:49:40.638+0000][1][safepoint    ] Entering safepoint region: RevokeBias
[2019-12-09T03:49:40.638+0000][1][safepoint    ] Leaving safepoint region
[2019-12-09T03:49:40.638+0000][1][safepoint    ] Total time for which application threads were stopped: 0.0000416 seconds, Stopping threads took: 0.0000073 seconds
[2019-12-09T03:49:40.638+0000][1][safepoint    ] Application time: 0.0000324 seconds
[2019-12-09T03:49:40.638+0000][1][safepoint    ] Entering safepoint region: RevokeBias
[2019-12-09T03:49:40.638+0000][1][safepoint    ] Leaving safepoint region
[2019-12-09T03:49:40.638+0000][1][safepoint    ] Total time for which application threads were stopped: 0.0000396 seconds, Stopping threads took: 0.0000065 seconds
[2019-12-09T03:49:40.638+0000][1][safepoint    ] Application time: 0.0001108 seconds
[2019-12-09T03:49:40.638+0000][1][safepoint    ] Entering safepoint region: RevokeBias
[2019-12-09T03:49:40.638+0000][1][safepoint    ] Leaving safepoint region
[2019-12-09T03:49:40.638+0000][1][safepoint    ] Total time for which application threads were stopped: 0.0000414 seconds, Stopping threads took: 0.0000065 seconds
[2019-12-09T03:49:40.638+0000][1][safepoint    ] Application time: 0.0000295 seconds
[2019-12-09T03:49:40.638+0000][1][safepoint    ] Entering safepoint region: RevokeBias
[2019-12-09T03:49:40.638+0000][1][safepoint    ] Leaving safepoint region
[2019-12-09T03:49:40.638+0000][1][safepoint    ] Total time for which application threads were stopped: 0.0000386 seconds, Stopping threads took: 0.0000063 seconds
[2019-12-09T03:49:40.638+0000][1][safepoint    ] Application time: 0.0000315 seconds
[2019-12-09T03:49:40.638+0000][1][safepoint    ] Entering safepoint region: RevokeBias
[2019-12-09T03:49:40.638+0000][1][safepoint    ] Leaving safepoint region
[2019-12-09T03:49:40.638+0000][1][safepoint    ] Total time for which application threads were stopped: 0.0000388 seconds, Stopping threads took: 0.0000063 seconds
[2019-12-09T03:49:40.638+0000][1][safepoint    ] Application time: 0.0000299 seconds
[2019-12-09T03:49:40.638+0000][1][safepoint    ] Entering safepoint region: RevokeBias
[2019-12-09T03:49:40.638+0000][1][safepoint    ] Leaving safepoint region
[2019-12-09T03:49:40.638+0000][1][safepoint    ] Total time for which application threads were stopped: 0.0000384 seconds, Stopping threads took: 0.0000068 seconds
[2019-12-09T03:49:41.624+0000][1][safepoint    ] Application time: 0.9857254 seconds
[2019-12-09T03:49:41.624+0000][1][safepoint    ] Entering safepoint region: GenCollectForAllocation
[2019-12-09T03:49:41.624+0000][1][gc,start     ] GC(4) Pause Young (Allocation Failure)
[2019-12-09T03:49:41.624+0000][1][gc,task      ] GC(4) Using 2 workers of 2 for evacuation
[2019-12-09T03:49:41.813+0000][1][gc,age       ] GC(4) Desired survivor size 4456448 bytes, new threshold 2 (max threshold 6)
[2019-12-09T03:49:41.813+0000][1][gc,age       ] GC(4) Age table with threshold 2 (max threshold 6)
[2019-12-09T03:49:41.813+0000][1][gc,age       ] GC(4) - age   1:    1745288 bytes,    1745288 total
[2019-12-09T03:49:41.813+0000][1][gc,age       ] GC(4) - age   2:    3278888 bytes,    5024176 total
[2019-12-09T03:49:41.813+0000][1][gc,age       ] GC(4) - age   3:     459616 bytes,    5483792 total
[2019-12-09T03:49:41.813+0000][1][gc,heap      ] GC(4) ParNew: 75542K->8263K(78656K)
[2019-12-09T03:49:41.813+0000][1][gc,heap      ] GC(4) CMS: 6811K->7942K(174784K)
[2019-12-09T03:49:41.813+0000][1][gc,metaspace ] GC(4) Metaspace: 18798K->18798K(1067008K)
[2019-12-09T03:49:41.813+0000][1][gc           ] GC(4) Pause Young (Allocation Failure) 80M->15M(247M) 188.419ms
[2019-12-09T03:49:41.813+0000][1][gc,cpu       ] GC(4) User=0.03s Sys=0.01s Real=0.19s
[2019-12-09T03:49:41.813+0000][1][safepoint    ] Leaving safepoint region
[2019-12-09T03:49:41.813+0000][1][safepoint    ] Total time for which application threads were stopped: 0.1885916 seconds, Stopping threads took: 0.0000138 seconds
[2019-12-09T03:49:41.814+0000][1][safepoint    ] Application time: 0.0009670 seconds
[2019-12-09T03:49:41.836+0000][1][safepoint    ] Entering safepoint region: RevokeBias
[2019-12-09T03:49:41.836+0000][1][safepoint    ] Leaving safepoint region
[2019-12-09T03:49:41.836+0000][1][safepoint    ] Total time for which application threads were stopped: 0.0220299 seconds, Stopping threads took: 0.0219551 seconds
[2019-12-09T03:49:41.836+0000][1][safepoint    ] Application time: 0.0000684 seconds
[2019-12-09T03:49:41.836+0000][1][safepoint    ] Entering safepoint region: RevokeBias
[2019-12-09T03:49:41.836+0000][1][safepoint    ] Leaving safepoint region
[2019-12-09T03:49:41.836+0000][1][safepoint    ] Total time for which application threads were stopped: 0.0000522 seconds, Stopping threads took: 0.0000092 seconds
[2019-12-09T03:49:41.836+0000][1][safepoint    ] Application time: 0.0000755 seconds
[2019-12-09T03:49:41.836+0000][1][safepoint    ] Entering safepoint region: RevokeBias
[2019-12-09T03:49:41.836+0000][1][safepoint    ] Leaving safepoint region
[2019-12-09T03:49:41.836+0000][1][safepoint    ] Total time for which application threads were stopped: 0.0000444 seconds, Stopping threads took: 0.0000078 seconds
[2019-12-09T03:49:41.836+0000][1][safepoint    ] Application time: 0.0000467 seconds
[2019-12-09T03:49:41.836+0000][1][safepoint    ] Entering safepoint region: RevokeBias
[2019-12-09T03:49:41.836+0000][1][safepoint    ] Leaving safepoint region
[2019-12-09T03:49:41.836+0000][1][safepoint    ] Total time for which application threads were stopped: 0.0000414 seconds, Stopping threads took: 0.0000073 seconds
[2019-12-09T03:49:42.079+0000][1][safepoint    ] Application time: 0.2429642 seconds
[2019-12-09T03:49:42.079+0000][1][safepoint    ] Entering safepoint region: Deoptimize
[2019-12-09T03:49:42.080+0000][1][safepoint    ] Leaving safepoint region
[2019-12-09T03:49:42.080+0000][1][safepoint    ] Total time for which application threads were stopped: 0.0004676 seconds, Stopping threads took: 0.0000135 seconds
[2019-12-09T03:49:42.535+0000][1][safepoint    ] Application time: 0.4557004 seconds
[2019-12-09T03:49:42.535+0000][1][safepoint    ] Entering safepoint region: Deoptimize
[2019-12-09T03:49:42.536+0000][1][safepoint    ] Leaving safepoint region
[2019-12-09T03:49:42.536+0000][1][safepoint    ] Total time for which application threads were stopped: 0.0004940 seconds, Stopping threads took: 0.0000134 seconds
[2019-12-09T03:49:42.564+0000][1][safepoint    ] Application time: 0.0277425 seconds
[2019-12-09T03:49:42.564+0000][1][safepoint    ] Entering safepoint region: RevokeBias
[2019-12-09T03:49:42.564+0000][1][safepoint    ] Leaving safepoint region
[2019-12-09T03:49:42.564+0000][1][safepoint    ] Total time for which application threads were stopped: 0.0000698 seconds, Stopping threads took: 0.0000124 seconds
[2019-12-09T03:49:42.931+0000][1][safepoint    ] Application time: 0.3669598 seconds
[2019-12-09T03:49:42.931+0000][1][safepoint    ] Entering safepoint region: RevokeBias
[2019-12-09T03:49:42.931+0000][1][safepoint    ] Leaving safepoint region
[2019-12-09T03:49:42.931+0000][1][safepoint    ] Total time for which application threads were stopped: 0.0000679 seconds, Stopping threads took: 0.0000124 seconds
[2019-12-09T03:49:43.226+0000][1][safepoint    ] Application time: 0.2946702 seconds
[2019-12-09T03:49:43.226+0000][1][safepoint    ] Entering safepoint region: GenCollectForAllocation
[2019-12-09T03:49:43.226+0000][1][gc,start     ] GC(5) Pause Young (Allocation Failure)
[2019-12-09T03:49:43.226+0000][1][gc,task      ] GC(5) Using 2 workers of 2 for evacuation
[2019-12-09T03:49:43.316+0000][1][gc,age       ] GC(5) Desired survivor size 4456448 bytes, new threshold 6 (max threshold 6)
[2019-12-09T03:49:43.316+0000][1][gc,age       ] GC(5) Age table with threshold 6 (max threshold 6)
[2019-12-09T03:49:43.316+0000][1][gc,age       ] GC(5) - age   1:    2761600 bytes,    2761600 total
[2019-12-09T03:49:43.316+0000][1][gc,age       ] GC(5) - age   2:     442872 bytes,    3204472 total
[2019-12-09T03:49:43.316+0000][1][gc,heap      ] GC(5) ParNew: 78215K->5049K(78656K)
[2019-12-09T03:49:43.316+0000][1][gc,heap      ] GC(5) CMS: 7942K->11623K(174784K)
[2019-12-09T03:49:43.316+0000][1][gc,metaspace ] GC(5) Metaspace: 19127K->19127K(1067008K)
[2019-12-09T03:49:43.316+0000][1][gc           ] GC(5) Pause Young (Allocation Failure) 84M->16M(247M) 90.713ms
[2019-12-09T03:49:43.316+0000][1][gc,cpu       ] GC(5) User=0.03s Sys=0.00s Real=0.09s
[2019-12-09T03:49:43.316+0000][1][safepoint    ] Leaving safepoint region
[2019-12-09T03:49:43.316+0000][1][safepoint    ] Total time for which application threads were stopped: 0.0908578 seconds, Stopping threads took: 0.0000141 seconds
[2019-12-09T03:49:43.321+0000][1][safepoint    ] Application time: 0.0043797 seconds
[2019-12-09T03:49:43.368+0000][1][safepoint    ] Entering safepoint region: RevokeBias
[2019-12-09T03:49:43.368+0000][1][safepoint    ] Leaving safepoint region
[2019-12-09T03:49:43.368+0000][1][safepoint    ] Total time for which application threads were stopped: 0.0471874 seconds, Stopping threads took: 0.0470909 seconds
[2019-12-09T03:49:43.378+0000][1][safepoint    ] Application time: 0.0096902 seconds
[2019-12-09T03:49:43.429+0000][1][safepoint    ] Entering safepoint region: RevokeBias
[2019-12-09T03:49:43.429+0000][1][safepoint    ] Leaving safepoint region
[2019-12-09T03:49:43.429+0000][1][safepoint    ] Total time for which application threads were stopped: 0.0510373 seconds, Stopping threads took: 0.0509595 seconds
[2019-12-09T03:49:43.429+0000][1][safepoint    ] Application time: 0.0000936 seconds
[2019-12-09T03:49:43.429+0000][1][safepoint    ] Entering safepoint region: RevokeBias
[2019-12-09T03:49:43.429+0000][1][safepoint    ] Leaving safepoint region
[2019-12-09T03:49:43.429+0000][1][safepoint    ] Total time for which application threads were stopped: 0.0000510 seconds, Stopping threads took: 0.0000098 seconds
[2019-12-09T03:49:43.429+0000][1][safepoint    ] Application time: 0.0000536 seconds
[2019-12-09T03:49:43.429+0000][1][safepoint    ] Entering safepoint region: RevokeBias
[2019-12-09T03:49:43.429+0000][1][safepoint    ] Leaving safepoint region
[2019-12-09T03:49:43.429+0000][1][safepoint    ] Total time for which application threads were stopped: 0.0000445 seconds, Stopping threads took: 0.0000080 seconds
[2019-12-09T03:49:43.429+0000][1][safepoint    ] Application time: 0.0000662 seconds
[2019-12-09T03:49:43.429+0000][1][safepoint    ] Entering safepoint region: RevokeBias
[2019-12-09T03:49:43.429+0000][1][safepoint    ] Leaving safepoint region
[2019-12-09T03:49:43.429+0000][1][safepoint    ] Total time for which application threads were stopped: 0.0000436 seconds, Stopping threads took: 0.0000074 seconds
[2019-12-09T03:49:43.429+0000][1][safepoint    ] Application time: 0.0000452 seconds
[2019-12-09T03:49:43.429+0000][1][safepoint    ] Entering safepoint region: RevokeBias
[2019-12-09T03:49:43.429+0000][1][safepoint    ] Leaving safepoint region
[2019-12-09T03:49:43.429+0000][1][safepoint    ] Total time for which application threads were stopped: 0.0000406 seconds, Stopping threads took: 0.0000073 seconds
[2019-12-09T03:49:44.125+0000][1][safepoint    ] Application time: 0.6953885 seconds
[2019-12-09T03:49:44.125+0000][1][safepoint    ] Entering safepoint region: RevokeBias
[2019-12-09T03:49:44.125+0000][1][safepoint    ] Leaving safepoint region
[2019-12-09T03:49:44.125+0000][1][safepoint    ] Total time for which application threads were stopped: 0.0000859 seconds, Stopping threads took: 0.0000139 seconds
[2019-12-09T03:49:44.125+0000][1][safepoint    ] Application time: 0.0003094 seconds
[2019-12-09T03:49:44.125+0000][1][safepoint    ] Entering safepoint region: RevokeBias
[2019-12-09T03:49:44.125+0000][1][safepoint    ] Leaving safepoint region
[2019-12-09T03:49:44.125+0000][1][safepoint    ] Total time for which application threads were stopped: 0.0000655 seconds, Stopping threads took: 0.0000133 seconds
[2019-12-09T03:49:44.387+0000][1][safepoint    ] Application time: 0.2620765 seconds
[2019-12-09T03:49:44.387+0000][1][safepoint    ] Entering safepoint region: GenCollectForAllocation
[2019-12-09T03:49:44.387+0000][1][gc,start     ] GC(6) Pause Young (Allocation Failure)
[2019-12-09T03:49:44.387+0000][1][gc,task      ] GC(6) Using 2 workers of 2 for evacuation
[2019-12-09T03:49:44.412+0000][1][gc,age       ] GC(6) Desired survivor size 4456448 bytes, new threshold 6 (max threshold 6)
[2019-12-09T03:49:44.412+0000][1][gc,age       ] GC(6) Age table with threshold 6 (max threshold 6)
[2019-12-09T03:49:44.412+0000][1][gc,age       ] GC(6) - age   1:    1411544 bytes,    1411544 total
[2019-12-09T03:49:44.412+0000][1][gc,age       ] GC(6) - age   2:    2191248 bytes,    3602792 total
[2019-12-09T03:49:44.412+0000][1][gc,age       ] GC(6) - age   3:     442872 bytes,    4045664 total
[2019-12-09T03:49:44.412+0000][1][gc,heap      ] GC(6) ParNew: 75001K->5414K(78656K)
[2019-12-09T03:49:44.412+0000][1][gc,heap      ] GC(6) CMS: 11623K->11623K(174784K)
[2019-12-09T03:49:44.412+0000][1][gc,metaspace ] GC(6) Metaspace: 19430K->19430K(1067008K)
[2019-12-09T03:49:44.412+0000][1][gc           ] GC(6) Pause Young (Allocation Failure) 84M->16M(247M) 24.535ms
[2019-12-09T03:49:44.412+0000][1][gc,cpu       ] GC(6) User=0.01s Sys=0.00s Real=0.02s
[2019-12-09T03:49:44.412+0000][1][safepoint    ] Leaving safepoint region
[2019-12-09T03:49:44.412+0000][1][safepoint    ] Total time for which application threads were stopped: 0.0246617 seconds, Stopping threads took: 0.0000137 seconds
[2019-12-09T03:49:44.422+0000][1][safepoint    ] Application time: 0.0097761 seconds
[2019-12-09T03:49:44.458+0000][1][safepoint    ] Entering safepoint region: RevokeBias
[2019-12-09T03:49:44.458+0000][1][safepoint    ] Leaving safepoint region
[2019-12-09T03:49:44.458+0000][1][safepoint    ] Total time for which application threads were stopped: 0.0360218 seconds, Stopping threads took: 0.0359450 seconds
[2019-12-09T03:49:44.458+0000][1][safepoint    ] Application time: 0.0000643 seconds
[2019-12-09T03:49:44.458+0000][1][safepoint    ] Entering safepoint region: BulkRevokeBias
[2019-12-09T03:49:44.458+0000][1][safepoint    ] Leaving safepoint region
[2019-12-09T03:49:44.458+0000][1][safepoint    ] Total time for which application threads were stopped: 0.0000750 seconds, Stopping threads took: 0.0000081 seconds
[2019-12-09T03:49:44.458+0000][1][safepoint    ] Application time: 0.0000559 seconds
[2019-12-09T03:49:44.458+0000][1][safepoint    ] Entering safepoint region: BulkRevokeBias
[2019-12-09T03:49:44.458+0000][1][safepoint    ] Leaving safepoint region
[2019-12-09T03:49:44.458+0000][1][safepoint    ] Total time for which application threads were stopped: 0.0000579 seconds, Stopping threads took: 0.0000070 seconds
[2019-12-09T03:49:45.271+0000][1][safepoint    ] Application time: 0.8132596 seconds
[2019-12-09T03:49:45.271+0000][1][safepoint    ] Entering safepoint region: GenCollectForAllocation
[2019-12-09T03:49:45.272+0000][1][gc,start     ] GC(7) Pause Young (Allocation Failure)
[2019-12-09T03:49:45.272+0000][1][gc,task      ] GC(7) Using 2 workers of 2 for evacuation
[2019-12-09T03:49:45.374+0000][1][gc,age       ] GC(7) Desired survivor size 4456448 bytes, new threshold 6 (max threshold 6)
[2019-12-09T03:49:45.374+0000][1][gc,age       ] GC(7) Age table with threshold 6 (max threshold 6)
[2019-12-09T03:49:45.374+0000][1][gc,age       ] GC(7) - age   1:     378840 bytes,     378840 total
[2019-12-09T03:49:45.374+0000][1][gc,age       ] GC(7) - age   2:    1128800 bytes,    1507640 total
[2019-12-09T03:49:45.374+0000][1][gc,age       ] GC(7) - age   3:    2191168 bytes,    3698808 total
[2019-12-09T03:49:45.374+0000][1][gc,age       ] GC(7) - age   4:     442872 bytes,    4141680 total
[2019-12-09T03:49:45.374+0000][1][gc,heap      ] GC(7) ParNew: 75366K->5798K(78656K)
[2019-12-09T03:49:45.374+0000][1][gc,heap      ] GC(7) CMS: 11623K->11623K(174784K)
[2019-12-09T03:49:45.374+0000][1][gc,metaspace ] GC(7) Metaspace: 19709K->19709K(1067008K)
[2019-12-09T03:49:45.374+0000][1][gc           ] GC(7) Pause Young (Allocation Failure) 84M->17M(247M) 102.466ms
[2019-12-09T03:49:45.374+0000][1][gc,cpu       ] GC(7) User=0.02s Sys=0.00s Real=0.10s
[2019-12-09T03:49:45.374+0000][1][safepoint    ] Leaving safepoint region
[2019-12-09T03:49:45.374+0000][1][safepoint    ] Total time for which application threads were stopped: 0.1026057 seconds, Stopping threads took: 0.0000133 seconds
[2019-12-09T03:49:45.962+0000][1][safepoint    ] Application time: 0.5876701 seconds
[2019-12-09T03:49:45.962+0000][1][safepoint    ] Entering safepoint region: CollectForMetadataAllocation
[2019-12-09T03:49:45.962+0000][1][safepoint    ] Leaving safepoint region
[2019-12-09T03:49:45.962+0000][1][safepoint    ] Total time for which application threads were stopped: 0.0002754 seconds, Stopping threads took: 0.0000140 seconds
[2019-12-09T03:49:46.265+0000][1][safepoint    ] Application time: 0.3031649 seconds
[2019-12-09T03:49:46.279+0000][1][safepoint    ] Entering safepoint region: CollectForMetadataAllocation
[2019-12-09T03:49:46.279+0000][1][safepoint    ] Leaving safepoint region
[2019-12-09T03:49:46.279+0000][1][safepoint    ] Total time for which application threads were stopped: 0.0137972 seconds, Stopping threads took: 0.0135799 seconds
[2019-12-09T03:49:47.036+0000][1][safepoint    ] Application time: 0.7566677 seconds
[2019-12-09T03:49:47.036+0000][1][safepoint    ] Entering safepoint region: GenCollectForAllocation
[2019-12-09T03:49:47.036+0000][1][gc,start     ] GC(8) Pause Young (Allocation Failure)
[2019-12-09T03:49:47.036+0000][1][gc,task      ] GC(8) Using 2 workers of 2 for evacuation
[2019-12-09T03:49:47.155+0000][1][gc,age       ] GC(8) Desired survivor size 4456448 bytes, new threshold 4 (max threshold 6)
[2019-12-09T03:49:47.155+0000][1][gc,age       ] GC(8) Age table with threshold 4 (max threshold 6)
[2019-12-09T03:49:47.155+0000][1][gc,age       ] GC(8) - age   1:     890296 bytes,     890296 total
[2019-12-09T03:49:47.155+0000][1][gc,age       ] GC(8) - age   2:     360888 bytes,    1251184 total
[2019-12-09T03:49:47.155+0000][1][gc,age       ] GC(8) - age   3:    1128656 bytes,    2379840 total
[2019-12-09T03:49:47.155+0000][1][gc,age       ] GC(8) - age   4:    2188952 bytes,    4568792 total
[2019-12-09T03:49:47.155+0000][1][gc,age       ] GC(8) - age   5:     442872 bytes,    5011664 total
[2019-12-09T03:49:47.155+0000][1][gc,heap      ] GC(8) ParNew: 75750K->5999K(78656K)
[2019-12-09T03:49:47.155+0000][1][gc,heap      ] GC(8) CMS: 11623K->11623K(174784K)
[2019-12-09T03:49:47.155+0000][1][gc,metaspace ] GC(8) Metaspace: 20509K->20509K(1069056K)
[2019-12-09T03:49:47.155+0000][1][gc           ] GC(8) Pause Young (Allocation Failure) 85M->17M(247M) 119.186ms
[2019-12-09T03:49:47.155+0000][1][gc,cpu       ] GC(8) User=0.01s Sys=0.00s Real=0.12s
[2019-12-09T03:49:47.155+0000][1][safepoint    ] Leaving safepoint region
[2019-12-09T03:49:47.155+0000][1][safepoint    ] Total time for which application threads were stopped: 0.1193330 seconds, Stopping threads took: 0.0000130 seconds
[2019-12-09T03:49:47.157+0000][1][safepoint    ] Application time: 0.0017415 seconds
[2019-12-09T03:49:47.159+0000][1][safepoint    ] Entering safepoint region: CMS_Initial_Mark
[2019-12-09T03:49:47.159+0000][1][gc,start     ] GC(9) Pause Initial Mark
[2019-12-09T03:49:47.162+0000][1][gc           ] GC(9) Pause Initial Mark 18M->18M(247M) 3.515ms
[2019-12-09T03:49:47.162+0000][1][gc,cpu       ] GC(9) User=0.00s Sys=0.00s Real=0.00s
[2019-12-09T03:49:47.162+0000][1][safepoint    ] Leaving safepoint region
[2019-12-09T03:49:47.162+0000][1][safepoint    ] Total time for which application threads were stopped: 0.0055310 seconds, Stopping threads took: 0.0019081 seconds
[2019-12-09T03:49:47.162+0000][1][gc           ] GC(9) Concurrent Mark
[2019-12-09T03:49:47.372+0000][1][gc           ] GC(9) Concurrent Mark 209.922ms
[2019-12-09T03:49:47.372+0000][1][gc,cpu       ] GC(9) User=0.05s Sys=0.00s Real=0.21s
[2019-12-09T03:49:47.372+0000][1][gc           ] GC(9) Concurrent Preclean
[2019-12-09T03:49:47.403+0000][1][gc           ] GC(9) Concurrent Preclean 30.547ms
[2019-12-09T03:49:47.403+0000][1][gc,cpu       ] GC(9) User=0.00s Sys=0.00s Real=0.03s
[2019-12-09T03:49:47.403+0000][1][gc           ] GC(9) Concurrent Abortable Preclean
[2019-12-09T03:49:48.163+0000][1][safepoint    ] Application time: 1.0003617 seconds
[2019-12-09T03:49:48.163+0000][1][safepoint    ] Entering safepoint region: Cleanup
[2019-12-09T03:49:48.163+0000][1][safepoint    ] Leaving safepoint region
[2019-12-09T03:49:48.163+0000][1][safepoint    ] Total time for which application threads were stopped: 0.0001001 seconds, Stopping threads took: 0.0000558 seconds
[2019-12-09T03:49:48.503+0000][1][safepoint    ] Application time: 0.3398402 seconds
[2019-12-09T03:49:48.503+0000][1][safepoint    ] Entering safepoint region: GenCollectForAllocation
[2019-12-09T03:49:48.503+0000][1][gc,start     ] GC(10) Pause Young (Allocation Failure)
[2019-12-09T03:49:48.503+0000][1][gc,task      ] GC(10) Using 2 workers of 2 for evacuation
[2019-12-09T03:49:48.626+0000][1][gc,age       ] GC(10) Desired survivor size 4456448 bytes, new threshold 6 (max threshold 6)
[2019-12-09T03:49:48.626+0000][1][gc,age       ] GC(10) Age table with threshold 6 (max threshold 6)
[2019-12-09T03:49:48.626+0000][1][gc,age       ] GC(10) - age   1:    1068224 bytes,    1068224 total
[2019-12-09T03:49:48.626+0000][1][gc,age       ] GC(10) - age   2:     650272 bytes,    1718496 total
[2019-12-09T03:49:48.626+0000][1][gc,age       ] GC(10) - age   3:     360888 bytes,    2079384 total
[2019-12-09T03:49:48.626+0000][1][gc,age       ] GC(10) - age   4:    1128656 bytes,    3208040 total
[2019-12-09T03:49:48.626+0000][1][gc,heap      ] GC(10) ParNew: 75951K->7005K(78656K)
[2019-12-09T03:49:48.626+0000][1][gc,heap      ] GC(10) CMS: 11623K->14211K(174784K)
[2019-12-09T03:49:48.626+0000][1][gc,metaspace ] GC(10) Metaspace: 20621K->20621K(1069056K)
[2019-12-09T03:49:48.626+0000][1][gc           ] GC(10) Pause Young (Allocation Failure) 85M->20M(247M) 123.384ms
[2019-12-09T03:49:48.626+0000][1][gc,cpu       ] GC(10) User=0.04s Sys=0.00s Real=0.13s
[2019-12-09T03:49:48.626+0000][1][safepoint    ] Leaving safepoint region
[2019-12-09T03:49:48.626+0000][1][safepoint    ] Total time for which application threads were stopped: 0.1235041 seconds, Stopping threads took: 0.0000138 seconds
[2019-12-09T03:49:49.444+0000][1][gc           ] GC(9) Concurrent Abortable Preclean 2040.686ms
[2019-12-09T03:49:49.444+0000][1][gc,cpu       ] GC(9) User=0.53s Sys=0.01s Real=2.04s
[2019-12-09T03:49:49.444+0000][1][safepoint    ] Application time: 0.8175132 seconds
[2019-12-09T03:49:49.444+0000][1][safepoint    ] Entering safepoint region: CMS_Final_Remark
[2019-12-09T03:49:49.444+0000][1][gc,start     ] GC(9) Pause Remark
[2019-12-09T03:49:49.649+0000][1][gc           ] GC(9) Pause Remark 68M->68M(247M) 204.908ms
[2019-12-09T03:49:49.649+0000][1][gc,cpu       ] GC(9) User=0.06s Sys=0.00s Real=0.21s
[2019-12-09T03:49:49.649+0000][1][safepoint    ] Leaving safepoint region
[2019-12-09T03:49:49.649+0000][1][safepoint    ] Total time for which application threads were stopped: 0.2052067 seconds, Stopping threads took: 0.0001711 seconds
[2019-12-09T03:49:49.649+0000][1][gc           ] GC(9) Concurrent Sweep
[2019-12-09T03:49:49.682+0000][1][gc           ] GC(9) Concurrent Sweep 33.281ms
[2019-12-09T03:49:49.682+0000][1][gc,cpu       ] GC(9) User=0.01s Sys=0.00s Real=0.03s
[2019-12-09T03:49:49.682+0000][1][gc           ] GC(9) Concurrent Reset
[2019-12-09T03:49:49.683+0000][1][gc           ] GC(9) Concurrent Reset 0.332ms
[2019-12-09T03:49:49.683+0000][1][gc,cpu       ] GC(9) User=0.00s Sys=0.00s Real=0.00s
[2019-12-09T03:49:49.683+0000][1][gc,heap      ] GC(9) Old: 11623K->14186K(174784K)
[2019-12-09T03:49:49.987+0000][1][safepoint    ] Application time: 0.3376905 seconds
[2019-12-09T03:49:49.987+0000][1][safepoint    ] Entering safepoint region: GenCollectForAllocation
[2019-12-09T03:49:49.987+0000][1][gc,start     ] GC(11) Pause Young (Allocation Failure)
[2019-12-09T03:49:49.987+0000][1][gc,task      ] GC(11) Using 2 workers of 2 for evacuation
[2019-12-09T03:49:50.109+0000][1][gc,age       ] GC(11) Desired survivor size 4456448 bytes, new threshold 6 (max threshold 6)
[2019-12-09T03:49:50.109+0000][1][gc,age       ] GC(11) Age table with threshold 6 (max threshold 6)
[2019-12-09T03:49:50.109+0000][1][gc,age       ] GC(11) - age   1:     994176 bytes,     994176 total
[2019-12-09T03:49:50.109+0000][1][gc,age       ] GC(11) - age   2:      97480 bytes,    1091656 total
[2019-12-09T03:49:50.109+0000][1][gc,age       ] GC(11) - age   3:     650224 bytes,    1741880 total
[2019-12-09T03:49:50.109+0000][1][gc,age       ] GC(11) - age   4:     360784 bytes,    2102664 total
[2019-12-09T03:49:50.109+0000][1][gc,age       ] GC(11) - age   5:    1128368 bytes,    3231032 total
[2019-12-09T03:49:50.109+0000][1][gc,heap      ] GC(11) ParNew: 76957K->3513K(78656K)
[2019-12-09T03:49:50.109+0000][1][gc,heap      ] GC(11) CMS: 14186K->14186K(174784K)
[2019-12-09T03:49:50.109+0000][1][gc,metaspace ] GC(11) Metaspace: 20703K->20703K(1069056K)
[2019-12-09T03:49:50.109+0000][1][gc           ] GC(11) Pause Young (Allocation Failure) 89M->17M(247M) 121.678ms
[2019-12-09T03:49:50.109+0000][1][gc,cpu       ] GC(11) User=0.02s Sys=0.00s Real=0.12s
[2019-12-09T03:49:50.109+0000][1][safepoint    ] Leaving safepoint region
[2019-12-09T03:49:50.109+0000][1][safepoint    ] Total time for which application threads were stopped: 0.1222485 seconds, Stopping threads took: 0.0000156 seconds
[2019-12-09T03:49:51.153+0000][1][safepoint    ] Application time: 1.0436909 seconds
[2019-12-09T03:49:51.153+0000][1][safepoint    ] Entering safepoint region: Cleanup
[2019-12-09T03:49:51.153+0000][1][safepoint    ] Leaving safepoint region
[2019-12-09T03:49:51.153+0000][1][safepoint    ] Total time for which application threads were stopped: 0.0000548 seconds, Stopping threads took: 0.0000133 seconds
[2019-12-09T03:49:52.173+0000][1][safepoint    ] Application time: 1.0201390 seconds
[2019-12-09T03:49:52.204+0000][1][safepoint    ] Entering safepoint region: Cleanup
[2019-12-09T03:49:52.204+0000][1][safepoint    ] Leaving safepoint region
[2019-12-09T03:49:52.204+0000][1][safepoint    ] Total time for which application threads were stopped: 0.0308212 seconds, Stopping threads took: 0.0307599 seconds
[2019-12-09T03:49:52.524+0000][1][safepoint    ] Application time: 0.3199037 seconds
[2019-12-09T03:49:52.524+0000][1][safepoint    ] Entering safepoint region: GenCollectForAllocation
[2019-12-09T03:49:52.524+0000][1][gc,start     ] GC(12) Pause Young (Allocation Failure)
[2019-12-09T03:49:52.524+0000][1][gc,task      ] GC(12) Using 2 workers of 2 for evacuation
[2019-12-09T03:49:52.629+0000][1][gc,age       ] GC(12) Desired survivor size 4456448 bytes, new threshold 6 (max threshold 6)
[2019-12-09T03:49:52.629+0000][1][gc,age       ] GC(12) Age table with threshold 6 (max threshold 6)
[2019-12-09T03:49:52.629+0000][1][gc,age       ] GC(12) - age   1:    1035896 bytes,    1035896 total
[2019-12-09T03:49:52.629+0000][1][gc,age       ] GC(12) - age   2:     305568 bytes,    1341464 total
[2019-12-09T03:49:52.629+0000][1][gc,age       ] GC(12) - age   3:      97480 bytes,    1438944 total
[2019-12-09T03:49:52.629+0000][1][gc,age       ] GC(12) - age   4:     650160 bytes,    2089104 total
[2019-12-09T03:49:52.629+0000][1][gc,age       ] GC(12) - age   5:     360784 bytes,    2449888 total
[2019-12-09T03:49:52.629+0000][1][gc,age       ] GC(12) - age   6:    1128368 bytes,    3578256 total
[2019-12-09T03:49:52.629+0000][1][gc,heap      ] GC(12) ParNew: 73465K->4428K(78656K)
[2019-12-09T03:49:52.629+0000][1][gc,heap      ] GC(12) CMS: 14186K->14186K(174784K)
[2019-12-09T03:49:52.629+0000][1][gc,metaspace ] GC(12) Metaspace: 22892K->22892K(1071104K)
[2019-12-09T03:49:52.629+0000][1][gc           ] GC(12) Pause Young (Allocation Failure) 85M->18M(247M) 105.280ms
[2019-12-09T03:49:52.629+0000][1][gc,cpu       ] GC(12) User=0.02s Sys=0.00s Real=0.11s
[2019-12-09T03:49:52.629+0000][1][safepoint    ] Leaving safepoint region
[2019-12-09T03:49:52.629+0000][1][safepoint    ] Total time for which application threads were stopped: 0.1054298 seconds, Stopping threads took: 0.0000165 seconds
[2019-12-09T03:49:53.643+0000][1][safepoint    ] Application time: 1.0135064 seconds
[2019-12-09T03:49:53.648+0000][1][safepoint    ] Entering safepoint region: Deoptimize
[2019-12-09T03:49:53.648+0000][1][safepoint    ] Leaving safepoint region
[2019-12-09T03:49:53.648+0000][1][safepoint    ] Total time for which application threads were stopped: 0.0056091 seconds, Stopping threads took: 0.0050155 seconds
[2019-12-09T03:49:54.310+0000][1][safepoint    ] Application time: 0.6612432 seconds
[2019-12-09T03:49:54.310+0000][1][safepoint    ] Entering safepoint region: Deoptimize
[2019-12-09T03:49:54.310+0000][1][safepoint    ] Leaving safepoint region
[2019-12-09T03:49:54.310+0000][1][safepoint    ] Total time for which application threads were stopped: 0.0004470 seconds, Stopping threads took: 0.0000152 seconds
[2019-12-09T03:49:54.447+0000][1][safepoint    ] Application time: 0.1364046 seconds
[2019-12-09T03:49:54.447+0000][1][safepoint    ] Entering safepoint region: Deoptimize
[2019-12-09T03:49:54.447+0000][1][safepoint    ] Leaving safepoint region
[2019-12-09T03:49:54.447+0000][1][safepoint    ] Total time for which application threads were stopped: 0.0004754 seconds, Stopping threads took: 0.0000141 seconds
[2019-12-09T03:49:55.455+0000][1][safepoint    ] Application time: 1.0075526 seconds
[2019-12-09T03:49:55.455+0000][1][safepoint    ] Entering safepoint region: Cleanup
[2019-12-09T03:49:55.455+0000][1][safepoint    ] Leaving safepoint region
[2019-12-09T03:49:55.455+0000][1][safepoint    ] Total time for which application threads were stopped: 0.0001017 seconds, Stopping threads took: 0.0000446 seconds
[2019-12-09T03:49:56.456+0000][1][safepoint    ] Application time: 1.0009987 seconds
[2019-12-09T03:49:56.521+0000][1][safepoint    ] Entering safepoint region: Cleanup
[2019-12-09T03:49:56.521+0000][1][safepoint    ] Leaving safepoint region
[2019-12-09T03:49:56.521+0000][1][safepoint    ] Total time for which application threads were stopped: 0.0653330 seconds, Stopping threads took: 0.0650923 seconds
[2019-12-09T03:49:57.527+0000][1][safepoint    ] Application time: 1.0056181 seconds
[2019-12-09T03:49:57.592+0000][1][safepoint    ] Entering safepoint region: Cleanup
[2019-12-09T03:49:57.592+0000][1][safepoint    ] Leaving safepoint region
[2019-12-09T03:49:57.592+0000][1][safepoint    ] Total time for which application threads were stopped: 0.0656674 seconds, Stopping threads took: 0.0655900 seconds
[2019-12-09T03:49:58.598+0000][1][safepoint    ] Application time: 1.0052812 seconds
[2019-12-09T03:49:58.598+0000][1][safepoint    ] Entering safepoint region: Cleanup
[2019-12-09T03:49:58.598+0000][1][safepoint    ] Leaving safepoint region
[2019-12-09T03:49:58.598+0000][1][safepoint    ] Total time for which application threads were stopped: 0.0000943 seconds, Stopping threads took: 0.0000481 seconds
[2019-12-09T03:49:59.615+0000][1][safepoint    ] Application time: 1.0168613 seconds
[2019-12-09T03:49:59.617+0000][1][safepoint    ] Entering safepoint region: Cleanup
[2019-12-09T03:49:59.617+0000][1][safepoint    ] Leaving safepoint region
[2019-12-09T03:49:59.617+0000][1][safepoint    ] Total time for which application threads were stopped: 0.0020726 seconds, Stopping threads took: 0.0020294 seconds
[2019-12-09T03:49:59.618+0000][1][safepoint    ] Application time: 0.0010399 seconds
[2019-12-09T03:49:59.618+0000][1][safepoint    ] Entering safepoint region: GenCollectForAllocation
[2019-12-09T03:49:59.618+0000][1][gc,start     ] GC(13) Pause Young (Allocation Failure)
[2019-12-09T03:49:59.618+0000][1][gc,task      ] GC(13) Using 2 workers of 2 for evacuation
[2019-12-09T03:49:59.963+0000][1][gc,age       ] GC(13) Desired survivor size 4456448 bytes, new threshold 1 (max threshold 6)
[2019-12-09T03:49:59.963+0000][1][gc,age       ] GC(13) Age table with threshold 1 (max threshold 6)
[2019-12-09T03:49:59.963+0000][1][gc,age       ] GC(13) - age   1:    6769656 bytes,    6769656 total
[2019-12-09T03:49:59.963+0000][1][gc,age       ] GC(13) - age   2:     731184 bytes,    7500840 total
[2019-12-09T03:49:59.963+0000][1][gc,age       ] GC(13) - age   3:     305336 bytes,    7806176 total
[2019-12-09T03:49:59.963+0000][1][gc,age       ] GC(13) - age   4:      97296 bytes,    7903472 total
[2019-12-09T03:49:59.963+0000][1][gc,age       ] GC(13) - age   5:     647120 bytes,    8550592 total
[2019-12-09T03:49:59.963+0000][1][gc,age       ] GC(13) - age   6:     358592 bytes,    8909184 total
[2019-12-09T03:49:59.963+0000][1][gc,heap      ] GC(13) ParNew: 74380K->8704K(78656K)
[2019-12-09T03:49:59.963+0000][1][gc,heap      ] GC(13) CMS: 14186K->21442K(174784K)
[2019-12-09T03:49:59.963+0000][1][gc,metaspace ] GC(13) Metaspace: 27132K->27132K(1075200K)
[2019-12-09T03:49:59.963+0000][1][gc           ] GC(13) Pause Young (Allocation Failure) 86M->29M(247M) 344.690ms
[2019-12-09T03:49:59.963+0000][1][gc,cpu       ] GC(13) User=0.08s Sys=0.00s Real=0.34s
[2019-12-09T03:49:59.963+0000][1][safepoint    ] Leaving safepoint region
[2019-12-09T03:49:59.963+0000][1][safepoint    ] Total time for which application threads were stopped: 0.3448260 seconds, Stopping threads took: 0.0000124 seconds
[2019-12-09T03:50:00.965+0000][1][safepoint    ] Application time: 1.0019879 seconds
[2019-12-09T03:50:00.966+0000][1][safepoint    ] Entering safepoint region: Cleanup
[2019-12-09T03:50:00.966+0000][1][safepoint    ] Leaving safepoint region
[2019-12-09T03:50:00.966+0000][1][safepoint    ] Total time for which application threads were stopped: 0.0013393 seconds, Stopping threads took: 0.0012828 seconds
[2019-12-09T03:50:01.975+0000][1][safepoint    ] Application time: 1.0086034 seconds
[2019-12-09T03:50:02.074+0000][1][safepoint    ] Entering safepoint region: Cleanup
[2019-12-09T03:50:02.074+0000][1][safepoint    ] Leaving safepoint region
[2019-12-09T03:50:02.074+0000][1][safepoint    ] Total time for which application threads were stopped: 0.0993108 seconds, Stopping threads took: 0.0992644 seconds
[2019-12-09T03:50:03.081+0000][1][safepoint    ] Application time: 1.0066434 seconds
[2019-12-09T03:50:03.081+0000][1][safepoint    ] Entering safepoint region: Cleanup
[2019-12-09T03:50:03.081+0000][1][safepoint    ] Leaving safepoint region
[2019-12-09T03:50:03.081+0000][1][safepoint    ] Total time for which application threads were stopped: 0.0001044 seconds, Stopping threads took: 0.0000525 seconds
[2019-12-09T03:50:04.082+0000][1][safepoint    ] Application time: 1.0008326 seconds
[2019-12-09T03:50:04.091+0000][1][safepoint    ] Entering safepoint region: Cleanup
[2019-12-09T03:50:04.091+0000][1][safepoint    ] Leaving safepoint region
[2019-12-09T03:50:04.091+0000][1][safepoint    ] Total time for which application threads were stopped: 0.0090488 seconds, Stopping threads took: 0.0089991 seconds
[2019-12-09T03:50:04.095+0000][1][safepoint    ] Application time: 0.0039051 seconds
[2019-12-09T03:50:04.095+0000][1][safepoint    ] Entering safepoint region: GenCollectForAllocation
[2019-12-09T03:50:04.095+0000][1][gc,start     ] GC(14) Pause Young (Allocation Failure)
[2019-12-09T03:50:04.095+0000][1][gc,task      ] GC(14) Using 2 workers of 2 for evacuation
[2019-12-09T03:50:04.883+0000][1][gc,age       ] GC(14) Desired survivor size 4456448 bytes, new threshold 1 (max threshold 6)
[2019-12-09T03:50:04.883+0000][1][gc,age       ] GC(14) Age table with threshold 1 (max threshold 6)
[2019-12-09T03:50:04.883+0000][1][gc,age       ] GC(14) - age   1:    8912744 bytes,    8912744 total
[2019-12-09T03:50:04.883+0000][1][gc,heap      ] GC(14) ParNew: 78656K->8704K(78656K)
[2019-12-09T03:50:04.883+0000][1][gc,heap      ] GC(14) CMS: 21442K->34431K(174784K)
[2019-12-09T03:50:04.883+0000][1][gc,metaspace ] GC(14) Metaspace: 27274K->27274K(1075200K)
[2019-12-09T03:50:04.883+0000][1][gc           ] GC(14) Pause Young (Allocation Failure) 97M->42M(247M) 788.491ms
[2019-12-09T03:50:04.883+0000][1][gc,cpu       ] GC(14) User=0.20s Sys=0.00s Real=0.78s
[2019-12-09T03:50:04.883+0000][1][safepoint    ] Leaving safepoint region
[2019-12-09T03:50:04.883+0000][1][safepoint    ] Total time for which application threads were stopped: 0.7886248 seconds, Stopping threads took: 0.0000114 seconds
[2019-12-09T03:50:05.403+0000][1][safepoint    ] Application time: 0.5198290 seconds
[2019-12-09T03:50:05.403+0000][1][safepoint    ] Entering safepoint region: RevokeBias
[2019-12-09T03:50:05.403+0000][1][safepoint    ] Leaving safepoint region
[2019-12-09T03:50:05.403+0000][1][safepoint    ] Total time for which application threads were stopped: 0.0000783 seconds, Stopping threads took: 0.0000141 seconds
[2019-12-09T03:50:07.472+0000][1][safepoint    ] Application time: 2.0683919 seconds
[2019-12-09T03:50:07.560+0000][1][safepoint    ] Entering safepoint region: Cleanup
[2019-12-09T03:50:07.560+0000][1][safepoint    ] Leaving safepoint region
[2019-12-09T03:50:07.560+0000][1][safepoint    ] Total time for which application threads were stopped: 0.0880439 seconds, Stopping threads took: 0.0879854 seconds
[2019-12-09T03:50:08.568+0000][1][safepoint    ] Application time: 1.0078949 seconds
[2019-12-09T03:50:08.568+0000][1][safepoint    ] Entering safepoint region: Cleanup
[2019-12-09T03:50:08.568+0000][1][safepoint    ] Leaving safepoint region
[2019-12-09T03:50:08.568+0000][1][safepoint    ] Total time for which application threads were stopped: 0.0000716 seconds, Stopping threads took: 0.0000144 seconds
[2019-12-09T03:50:08.809+0000][1][safepoint    ] Application time: 0.2407602 seconds
[2019-12-09T03:50:08.809+0000][1][safepoint    ] Entering safepoint region: GenCollectForAllocation
[2019-12-09T03:50:08.809+0000][1][gc,start     ] GC(15) Pause Young (Allocation Failure)
[2019-12-09T03:50:08.809+0000][1][gc,task      ] GC(15) Using 2 workers of 2 for evacuation
[2019-12-09T03:50:08.904+0000][1][gc,age       ] GC(15) Desired survivor size 4456448 bytes, new threshold 1 (max threshold 6)
[2019-12-09T03:50:08.904+0000][1][gc,age       ] GC(15) Age table with threshold 1 (max threshold 6)
[2019-12-09T03:50:08.904+0000][1][gc,age       ] GC(15) - age   1:    8912760 bytes,    8912760 total
[2019-12-09T03:50:08.904+0000][1][gc,heap      ] GC(15) ParNew: 78656K->8704K(78656K)
[2019-12-09T03:50:08.904+0000][1][gc,heap      ] GC(15) CMS: 34431K->45863K(174784K)
[2019-12-09T03:50:08.904+0000][1][gc,metaspace ] GC(15) Metaspace: 29528K->29528K(1077248K)
[2019-12-09T03:50:08.904+0000][1][gc           ] GC(15) Pause Young (Allocation Failure) 110M->53M(247M) 95.491ms
[2019-12-09T03:50:08.904+0000][1][gc,cpu       ] GC(15) User=0.09s Sys=0.00s Real=0.09s
[2019-12-09T03:50:08.904+0000][1][safepoint    ] Leaving safepoint region
[2019-12-09T03:50:08.904+0000][1][safepoint    ] Total time for which application threads were stopped: 0.0956698 seconds, Stopping threads took: 0.0000149 seconds
[2019-12-09T03:50:09.910+0000][1][safepoint    ] Application time: 1.0053980 seconds
[2019-12-09T03:50:09.950+0000][1][safepoint    ] Entering safepoint region: Cleanup
[2019-12-09T03:50:09.950+0000][1][safepoint    ] Leaving safepoint region
[2019-12-09T03:50:09.950+0000][1][safepoint    ] Total time for which application threads were stopped: 0.0400795 seconds, Stopping threads took: 0.0400254 seconds
[2019-12-09T03:50:10.951+0000][1][safepoint    ] Application time: 1.0008816 seconds
[2019-12-09T03:50:10.959+0000][1][safepoint    ] Entering safepoint region: Cleanup
[2019-12-09T03:50:10.959+0000][1][safepoint    ] Leaving safepoint region
[2019-12-09T03:50:10.959+0000][1][safepoint    ] Total time for which application threads were stopped: 0.0082426 seconds, Stopping threads took: 0.0082034 seconds
[2019-12-09T03:50:11.638+0000][1][safepoint    ] Application time: 0.6786422 seconds
[2019-12-09T03:50:11.638+0000][1][safepoint    ] Entering safepoint region: GenCollectForAllocation
[2019-12-09T03:50:11.638+0000][1][gc,start     ] GC(16) Pause Young (Allocation Failure)
[2019-12-09T03:50:11.638+0000][1][gc,task      ] GC(16) Using 2 workers of 2 for evacuation
[2019-12-09T03:50:11.910+0000][1][gc,age       ] GC(16) Desired survivor size 4456448 bytes, new threshold 6 (max threshold 6)
[2019-12-09T03:50:11.910+0000][1][gc,age       ] GC(16) Age table with threshold 6 (max threshold 6)
[2019-12-09T03:50:11.910+0000][1][gc,age       ] GC(16) - age   1:    1271752 bytes,    1271752 total
[2019-12-09T03:50:11.910+0000][1][gc,heap      ] GC(16) ParNew: 78656K->8620K(78656K)
[2019-12-09T03:50:11.910+0000][1][gc,heap      ] GC(16) CMS: 45863K->54627K(174784K)
[2019-12-09T03:50:11.910+0000][1][gc,metaspace ] GC(16) Metaspace: 33036K->33036K(1079296K)
[2019-12-09T03:50:11.910+0000][1][gc           ] GC(16) Pause Young (Allocation Failure) 121M->61M(247M) 271.957ms
[2019-12-09T03:50:11.910+0000][1][gc,cpu       ] GC(16) User=0.08s Sys=0.00s Real=0.27s
[2019-12-09T03:50:11.910+0000][1][safepoint    ] Leaving safepoint region
[2019-12-09T03:50:11.910+0000][1][safepoint    ] Total time for which application threads were stopped: 0.2721188 seconds, Stopping threads took: 0.0000170 seconds
[2019-12-09T03:50:12.916+0000][1][safepoint    ] Application time: 1.0059799 seconds
[2019-12-09T03:50:13.003+0000][1][safepoint    ] Entering safepoint region: Cleanup
[2019-12-09T03:50:13.003+0000][1][safepoint    ] Leaving safepoint region
[2019-12-09T03:50:13.003+0000][1][safepoint    ] Total time for which application threads were stopped: 0.0869732 seconds, Stopping threads took: 0.0868914 seconds
[2019-12-09T03:50:14.037+0000][1][safepoint    ] Application time: 1.0338824 seconds
[2019-12-09T03:50:14.095+0000][1][safepoint    ] Entering safepoint region: Cleanup
[2019-12-09T03:50:14.095+0000][1][safepoint    ] Leaving safepoint region
[2019-12-09T03:50:14.095+0000][1][safepoint    ] Total time for which application threads were stopped: 0.0580903 seconds, Stopping threads took: 0.0580152 seconds
[2019-12-09T03:50:14.357+0000][1][safepoint    ] Application time: 0.2618510 seconds
[2019-12-09T03:50:14.357+0000][1][safepoint    ] Entering safepoint region: CollectForMetadataAllocation
[2019-12-09T03:50:14.357+0000][1][safepoint    ] Leaving safepoint region
[2019-12-09T03:50:14.357+0000][1][safepoint    ] Total time for which application threads were stopped: 0.0001908 seconds, Stopping threads took: 0.0000140 seconds
[2019-12-09T03:50:14.501+0000][1][safepoint    ] Application time: 0.1443658 seconds
[2019-12-09T03:50:14.501+0000][1][safepoint    ] Entering safepoint region: CollectForMetadataAllocation
[2019-12-09T03:50:14.501+0000][1][safepoint    ] Leaving safepoint region
[2019-12-09T03:50:14.502+0000][1][safepoint    ] Total time for which application threads were stopped: 0.0001460 seconds, Stopping threads took: 0.0000136 seconds
[2019-12-09T03:50:14.843+0000][1][safepoint    ] Application time: 0.3412228 seconds
[2019-12-09T03:50:14.843+0000][1][safepoint    ] Entering safepoint region: CollectForMetadataAllocation
[2019-12-09T03:50:14.843+0000][1][safepoint    ] Leaving safepoint region
[2019-12-09T03:50:14.843+0000][1][safepoint    ] Total time for which application threads were stopped: 0.0002484 seconds, Stopping threads took: 0.0000155 seconds
[2019-12-09T03:50:14.972+0000][1][safepoint    ] Application time: 0.1287125 seconds
[2019-12-09T03:50:14.972+0000][1][safepoint    ] Entering safepoint region: CollectForMetadataAllocation
[2019-12-09T03:50:14.972+0000][1][safepoint    ] Leaving safepoint region
[2019-12-09T03:50:14.972+0000][1][safepoint    ] Total time for which application threads were stopped: 0.0002433 seconds, Stopping threads took: 0.0000150 seconds
[2019-12-09T03:50:15.139+0000][1][safepoint    ] Application time: 0.1667407 seconds
[2019-12-09T03:50:15.139+0000][1][safepoint    ] Entering safepoint region: CollectForMetadataAllocation
[2019-12-09T03:50:15.139+0000][1][safepoint    ] Leaving safepoint region
[2019-12-09T03:50:15.139+0000][1][safepoint    ] Total time for which application threads were stopped: 0.0002327 seconds, Stopping threads took: 0.0000142 seconds
[2019-12-09T03:50:15.242+0000][1][safepoint    ] Application time: 0.1034126 seconds
[2019-12-09T03:50:15.242+0000][1][safepoint    ] Entering safepoint region: CollectForMetadataAllocation
[2019-12-09T03:50:15.243+0000][1][safepoint    ] Leaving safepoint region
[2019-12-09T03:50:15.243+0000][1][safepoint    ] Total time for which application threads were stopped: 0.0002533 seconds, Stopping threads took: 0.0000136 seconds
[2019-12-09T03:50:15.255+0000][1][safepoint    ] Application time: 0.0122981 seconds
[2019-12-09T03:50:15.255+0000][1][safepoint    ] Entering safepoint region: GenCollectForAllocation
[2019-12-09T03:50:15.255+0000][1][gc,start     ] GC(17) Pause Young (Allocation Failure)
[2019-12-09T03:50:15.255+0000][1][gc,task      ] GC(17) Using 2 workers of 2 for evacuation
[2019-12-09T03:50:15.336+0000][1][gc,age       ] GC(17) Desired survivor size 4456448 bytes, new threshold 6 (max threshold 6)
[2019-12-09T03:50:15.336+0000][1][gc,age       ] GC(17) Age table with threshold 6 (max threshold 6)
[2019-12-09T03:50:15.336+0000][1][gc,age       ] GC(17) - age   1:    1944920 bytes,    1944920 total
[2019-12-09T03:50:15.336+0000][1][gc,age       ] GC(17) - age   2:    1205632 bytes,    3150552 total
[2019-12-09T03:50:15.336+0000][1][gc,heap      ] GC(17) ParNew: 78572K->4775K(78656K)
[2019-12-09T03:50:15.336+0000][1][gc,heap      ] GC(17) CMS: 54627K->54627K(174784K)
[2019-12-09T03:50:15.336+0000][1][gc,metaspace ] GC(17) Metaspace: 35342K->35342K(1081344K)
[2019-12-09T03:50:15.336+0000][1][gc           ] GC(17) Pause Young (Allocation Failure) 130M->58M(247M) 81.044ms
[2019-12-09T03:50:15.336+0000][1][gc,cpu       ] GC(17) User=0.03s Sys=0.00s Real=0.08s
[2019-12-09T03:50:15.336+0000][1][safepoint    ] Leaving safepoint region
[2019-12-09T03:50:15.336+0000][1][safepoint    ] Total time for which application threads were stopped: 0.0811757 seconds, Stopping threads took: 0.0000130 seconds
[2019-12-09T03:50:15.340+0000][1][safepoint    ] Application time: 0.0033635 seconds
[2019-12-09T03:50:15.340+0000][1][safepoint    ] Entering safepoint region: RevokeBias
[2019-12-09T03:50:15.340+0000][1][gc,start     ] GC(18) Pause Initial Mark
[2019-12-09T03:50:15.364+0000][1][gc           ] GC(18) Pause Initial Mark 59M->59M(247M) 24.019ms
[2019-12-09T03:50:15.364+0000][1][gc,cpu       ] GC(18) User=0.01s Sys=0.00s Real=0.02s
[2019-12-09T03:50:15.364+0000][1][safepoint    ] Leaving safepoint region
[2019-12-09T03:50:15.364+0000][1][safepoint    ] Total time for which application threads were stopped: 0.0241821 seconds, Stopping threads took: 0.0000117 seconds
[2019-12-09T03:50:15.364+0000][1][gc           ] GC(18) Concurrent Mark
[2019-12-09T03:50:15.585+0000][1][safepoint    ] Application time: 0.2208926 seconds
[2019-12-09T03:50:15.585+0000][1][safepoint    ] Entering safepoint region: CollectForMetadataAllocation
[2019-12-09T03:50:15.585+0000][1][safepoint    ] Leaving safepoint region
[2019-12-09T03:50:15.585+0000][1][safepoint    ] Total time for which application threads were stopped: 0.0002450 seconds, Stopping threads took: 0.0000157 seconds
[2019-12-09T03:50:15.893+0000][1][safepoint    ] Application time: 0.3080084 seconds
[2019-12-09T03:50:15.893+0000][1][safepoint    ] Entering safepoint region: CollectForMetadataAllocation
[2019-12-09T03:50:15.893+0000][1][safepoint    ] Leaving safepoint region
[2019-12-09T03:50:15.893+0000][1][safepoint    ] Total time for which application threads were stopped: 0.0002277 seconds, Stopping threads took: 0.0000149 seconds
[2019-12-09T03:50:16.099+0000][1][gc           ] GC(18) Concurrent Mark 734.569ms
[2019-12-09T03:50:16.099+0000][1][gc,cpu       ] GC(18) User=0.22s Sys=0.00s Real=0.74s
[2019-12-09T03:50:16.099+0000][1][gc           ] GC(18) Concurrent Preclean
[2019-12-09T03:50:16.127+0000][1][gc           ] GC(18) Concurrent Preclean 28.077ms
[2019-12-09T03:50:16.127+0000][1][gc,cpu       ] GC(18) User=0.00s Sys=0.00s Real=0.03s
[2019-12-09T03:50:16.127+0000][1][gc           ] GC(18) Concurrent Abortable Preclean
[2019-12-09T03:50:16.286+0000][1][safepoint    ] Application time: 0.3924011 seconds
[2019-12-09T03:50:16.286+0000][1][safepoint    ] Entering safepoint region: CollectForMetadataAllocation
[2019-12-09T03:50:16.286+0000][1][safepoint    ] Leaving safepoint region
[2019-12-09T03:50:16.286+0000][1][safepoint    ] Total time for which application threads were stopped: 0.0002209 seconds, Stopping threads took: 0.0000151 seconds
[2019-12-09T03:50:16.544+0000][1][safepoint    ] Application time: 0.2580253 seconds
[2019-12-09T03:50:16.564+0000][1][safepoint    ] Entering safepoint region: CollectForMetadataAllocation
[2019-12-09T03:50:16.564+0000][1][safepoint    ] Leaving safepoint region
[2019-12-09T03:50:16.564+0000][1][safepoint    ] Total time for which application threads were stopped: 0.0199086 seconds, Stopping threads took: 0.0196798 seconds
[2019-12-09T03:50:16.771+0000][1][safepoint    ] Application time: 0.2067655 seconds
[2019-12-09T03:50:16.771+0000][1][safepoint    ] Entering safepoint region: RevokeBias
[2019-12-09T03:50:16.771+0000][1][safepoint    ] Leaving safepoint region
[2019-12-09T03:50:16.771+0000][1][safepoint    ] Total time for which application threads were stopped: 0.0001383 seconds, Stopping threads took: 0.0000143 seconds
[2019-12-09T03:50:16.827+0000][1][safepoint    ] Application time: 0.0564452 seconds
[2019-12-09T03:50:16.827+0000][1][safepoint    ] Entering safepoint region: CollectForMetadataAllocation
[2019-12-09T03:50:16.828+0000][1][safepoint    ] Leaving safepoint region
[2019-12-09T03:50:16.828+0000][1][safepoint    ] Total time for which application threads were stopped: 0.0002367 seconds, Stopping threads took: 0.0000148 seconds
[2019-12-09T03:50:17.204+0000][1][safepoint    ] Application time: 0.3760615 seconds
[2019-12-09T03:50:17.204+0000][1][safepoint    ] Entering safepoint region: CollectForMetadataAllocation
[2019-12-09T03:50:17.204+0000][1][safepoint    ] Leaving safepoint region
[2019-12-09T03:50:17.204+0000][1][safepoint    ] Total time for which application threads were stopped: 0.0002402 seconds, Stopping threads took: 0.0000233 seconds
[2019-12-09T03:50:17.376+0000][1][safepoint    ] Application time: 0.1720517 seconds
[2019-12-09T03:50:17.376+0000][1][safepoint    ] Entering safepoint region: CollectForMetadataAllocation
[2019-12-09T03:50:17.376+0000][1][safepoint    ] Leaving safepoint region
[2019-12-09T03:50:17.376+0000][1][safepoint    ] Total time for which application threads were stopped: 0.0001482 seconds, Stopping threads took: 0.0000139 seconds
[2019-12-09T03:50:17.674+0000][1][safepoint    ] Application time: 0.2980158 seconds
[2019-12-09T03:50:17.674+0000][1][safepoint    ] Entering safepoint region: CollectForMetadataAllocation
[2019-12-09T03:50:17.675+0000][1][safepoint    ] Leaving safepoint region
[2019-12-09T03:50:17.675+0000][1][safepoint    ] Total time for which application threads were stopped: 0.0002401 seconds, Stopping threads took: 0.0000132 seconds
[2019-12-09T03:50:17.984+0000][1][safepoint    ] Application time: 0.3092298 seconds
[2019-12-09T03:50:17.984+0000][1][safepoint    ] Entering safepoint region: CollectForMetadataAllocation
[2019-12-09T03:50:17.984+0000][1][safepoint    ] Leaving safepoint region
[2019-12-09T03:50:17.984+0000][1][safepoint    ] Total time for which application threads were stopped: 0.0002627 seconds, Stopping threads took: 0.0000176 seconds
[2019-12-09T03:50:18.337+0000][1][safepoint    ] Application time: 0.3527163 seconds
[2019-12-09T03:50:18.337+0000][1][safepoint    ] Entering safepoint region: CollectForMetadataAllocation
[2019-12-09T03:50:18.337+0000][1][safepoint    ] Leaving safepoint region
[2019-12-09T03:50:18.337+0000][1][safepoint    ] Total time for which application threads were stopped: 0.0002099 seconds, Stopping threads took: 0.0000137 seconds
[2019-12-09T03:50:18.628+0000][1][safepoint    ] Application time: 0.2907067 seconds
[2019-12-09T03:50:18.628+0000][1][safepoint    ] Entering safepoint region: CollectForMetadataAllocation
[2019-12-09T03:50:18.628+0000][1][safepoint    ] Leaving safepoint region
[2019-12-09T03:50:18.628+0000][1][safepoint    ] Total time for which application threads were stopped: 0.0002424 seconds, Stopping threads took: 0.0000140 seconds
[2019-12-09T03:50:18.780+0000][1][safepoint    ] Application time: 0.1516654 seconds
[2019-12-09T03:50:18.780+0000][1][safepoint    ] Entering safepoint region: CollectForMetadataAllocation
[2019-12-09T03:50:18.780+0000][1][safepoint    ] Leaving safepoint region
[2019-12-09T03:50:18.780+0000][1][safepoint    ] Total time for which application threads were stopped: 0.0002463 seconds, Stopping threads took: 0.0000205 seconds
[2019-12-09T03:50:18.900+0000][1][safepoint    ] Application time: 0.1195467 seconds
[2019-12-09T03:50:18.900+0000][1][safepoint    ] Entering safepoint region: CollectForMetadataAllocation
[2019-12-09T03:50:18.900+0000][1][safepoint    ] Leaving safepoint region
[2019-12-09T03:50:18.900+0000][1][safepoint    ] Total time for which application threads were stopped: 0.0002512 seconds, Stopping threads took: 0.0000144 seconds
[2019-12-09T03:50:19.096+0000][1][safepoint    ] Application time: 0.1958846 seconds
[2019-12-09T03:50:19.096+0000][1][safepoint    ] Entering safepoint region: CollectForMetadataAllocation
[2019-12-09T03:50:19.096+0000][1][safepoint    ] Leaving safepoint region
[2019-12-09T03:50:19.096+0000][1][safepoint    ] Total time for which application threads were stopped: 0.0002189 seconds, Stopping threads took: 0.0000144 seconds
[2019-12-09T03:50:19.313+0000][1][safepoint    ] Application time: 0.2174776 seconds
[2019-12-09T03:50:19.313+0000][1][safepoint    ] Entering safepoint region: CollectForMetadataAllocation
[2019-12-09T03:50:19.314+0000][1][safepoint    ] Leaving safepoint region
[2019-12-09T03:50:19.314+0000][1][safepoint    ] Total time for which application threads were stopped: 0.0002583 seconds, Stopping threads took: 0.0000138 seconds
[2019-12-09T03:50:19.363+0000][1][safepoint    ] Application time: 0.0489599 seconds
[2019-12-09T03:50:19.363+0000][1][safepoint    ] Entering safepoint region: CollectForMetadataAllocation
[2019-12-09T03:50:19.363+0000][1][safepoint    ] Leaving safepoint region
[2019-12-09T03:50:19.363+0000][1][safepoint    ] Total time for which application threads were stopped: 0.0002252 seconds, Stopping threads took: 0.0000145 seconds
[2019-12-09T03:50:19.490+0000][1][safepoint    ] Application time: 0.1265410 seconds
[2019-12-09T03:50:19.490+0000][1][safepoint    ] Entering safepoint region: CollectForMetadataAllocation
[2019-12-09T03:50:19.490+0000][1][safepoint    ] Leaving safepoint region
[2019-12-09T03:50:19.490+0000][1][safepoint    ] Total time for which application threads were stopped: 0.0002526 seconds, Stopping threads took: 0.0000139 seconds
[2019-12-09T03:50:19.917+0000][1][safepoint    ] Application time: 0.4268923 seconds
[2019-12-09T03:50:19.917+0000][1][safepoint    ] Entering safepoint region: CollectForMetadataAllocation
[2019-12-09T03:50:19.917+0000][1][safepoint    ] Leaving safepoint region
[2019-12-09T03:50:19.917+0000][1][safepoint    ] Total time for which application threads were stopped: 0.0002454 seconds, Stopping threads took: 0.0000161 seconds
[2019-12-09T03:50:20.182+0000][1][safepoint    ] Application time: 0.2652777 seconds
[2019-12-09T03:50:20.182+0000][1][safepoint    ] Entering safepoint region: CollectForMetadataAllocation
[2019-12-09T03:50:20.182+0000][1][safepoint    ] Leaving safepoint region
[2019-12-09T03:50:20.182+0000][1][safepoint    ] Total time for which application threads were stopped: 0.0001646 seconds, Stopping threads took: 0.0000144 seconds
[2019-12-09T03:50:20.573+0000][1][safepoint    ] Application time: 0.3902127 seconds
[2019-12-09T03:50:20.573+0000][1][safepoint    ] Entering safepoint region: CollectForMetadataAllocation
[2019-12-09T03:50:20.573+0000][1][safepoint    ] Leaving safepoint region
[2019-12-09T03:50:20.573+0000][1][safepoint    ] Total time for which application threads were stopped: 0.0002489 seconds, Stopping threads took: 0.0000168 seconds
[2019-12-09T03:50:20.804+0000][1][safepoint    ] Application time: 0.2307055 seconds
[2019-12-09T03:50:20.804+0000][1][safepoint    ] Entering safepoint region: CollectForMetadataAllocation
[2019-12-09T03:50:20.804+0000][1][safepoint    ] Leaving safepoint region
[2019-12-09T03:50:20.804+0000][1][safepoint    ] Total time for which application threads were stopped: 0.0002559 seconds, Stopping threads took: 0.0000157 seconds
[2019-12-09T03:50:21.202+0000][1][safepoint    ] Application time: 0.3977388 seconds
[2019-12-09T03:50:21.202+0000][1][safepoint    ] Entering safepoint region: CollectForMetadataAllocation
[2019-12-09T03:50:21.202+0000][1][safepoint    ] Leaving safepoint region
[2019-12-09T03:50:21.202+0000][1][safepoint    ] Total time for which application threads were stopped: 0.0002452 seconds, Stopping threads took: 0.0000134 seconds
[2019-12-09T03:50:21.271+0000][1][safepoint    ] Application time: 0.0690039 seconds
[2019-12-09T03:50:21.272+0000][1][safepoint    ] Entering safepoint region: RevokeBias
[2019-12-09T03:50:21.272+0000][1][safepoint    ] Leaving safepoint region
[2019-12-09T03:50:21.272+0000][1][safepoint    ] Total time for which application threads were stopped: 0.0006582 seconds, Stopping threads took: 0.0005876 seconds
[2019-12-09T03:50:21.233+0000][1][gc           ] GC(18) Concurrent Abortable Preclean 5105.908ms
[2019-12-09T03:50:21.284+0000][1][gc,cpu       ] GC(18) User=1.61s Sys=0.03s Real=5.15s
[2019-12-09T03:50:21.284+0000][1][safepoint    ] Application time: 0.0125809 seconds
[2019-12-09T03:50:21.305+0000][1][safepoint    ] Entering safepoint region: CMS_Final_Remark
[2019-12-09T03:50:21.305+0000][1][gc,start     ] GC(18) Pause Remark
[2019-12-09T03:50:21.602+0000][1][gc           ] GC(18) Pause Remark 88M->88M(247M) 296.586ms
[2019-12-09T03:50:21.602+0000][1][gc,cpu       ] GC(18) User=0.04s Sys=0.00s Real=0.29s
[2019-12-09T03:50:21.602+0000][1][safepoint    ] Leaving safepoint region
[2019-12-09T03:50:21.602+0000][1][safepoint    ] Total time for which application threads were stopped: 0.3173350 seconds, Stopping threads took: 0.0206241 seconds
[2019-12-09T03:50:21.638+0000][1][gc           ] GC(18) Concurrent Sweep
[2019-12-09T03:50:21.937+0000][1][gc           ] GC(18) Concurrent Sweep 299.161ms
[2019-12-09T03:50:21.937+0000][1][gc,cpu       ] GC(18) User=0.10s Sys=0.00s Real=0.30s
[2019-12-09T03:50:21.937+0000][1][gc           ] GC(18) Concurrent Reset
[2019-12-09T03:50:21.937+0000][1][gc           ] GC(18) Concurrent Reset 0.305ms
[2019-12-09T03:50:21.937+0000][1][gc,cpu       ] GC(18) User=0.00s Sys=0.00s Real=0.00s
[2019-12-09T03:50:21.937+0000][1][gc,heap      ] GC(18) Old: 54627K->54438K(174784K)
[2019-12-09T03:50:22.617+0000][1][safepoint    ] Application time: 1.0150435 seconds
[2019-12-09T03:50:22.703+0000][1][safepoint    ] Entering safepoint region: Cleanup
[2019-12-09T03:50:22.704+0000][1][safepoint    ] Leaving safepoint region
[2019-12-09T03:50:22.704+0000][1][safepoint    ] Total time for which application threads were stopped: 0.0869434 seconds, Stopping threads took: 0.0859986 seconds
[2019-12-09T03:50:26.232+0000][1][safepoint    ] Application time: 3.5279837 seconds
[2019-12-09T03:50:26.279+0000][1][safepoint    ] Entering safepoint region: RevokeBias
[2019-12-09T03:50:26.279+0000][1][safepoint    ] Leaving safepoint region
[2019-12-09T03:50:26.279+0000][1][safepoint    ] Total time for which application threads were stopped: 0.0471679 seconds, Stopping threads took: 0.0470501 seconds
[2019-12-09T03:50:26.279+0000][1][safepoint    ] Application time: 0.0003991 seconds
[2019-12-09T03:50:26.279+0000][1][safepoint    ] Entering safepoint region: RevokeBias
[2019-12-09T03:50:26.279+0000][1][safepoint    ] Leaving safepoint region
[2019-12-09T03:50:26.279+0000][1][safepoint    ] Total time for which application threads were stopped: 0.0001012 seconds, Stopping threads took: 0.0000113 seconds
[2019-12-09T03:50:26.280+0000][1][safepoint    ] Application time: 0.0001525 seconds
[2019-12-09T03:50:26.280+0000][1][safepoint    ] Entering safepoint region: RevokeBias
[2019-12-09T03:50:26.280+0000][1][safepoint    ] Leaving safepoint region
[2019-12-09T03:50:26.280+0000][1][safepoint    ] Total time for which application threads were stopped: 0.0001214 seconds, Stopping threads took: 0.0000105 seconds
[2019-12-09T03:50:26.280+0000][1][safepoint    ] Application time: 0.0000621 seconds
[2019-12-09T03:50:26.280+0000][1][safepoint    ] Entering safepoint region: RevokeBias
[2019-12-09T03:50:26.280+0000][1][safepoint    ] Leaving safepoint region
[2019-12-09T03:50:26.280+0000][1][safepoint    ] Total time for which application threads were stopped: 0.0000928 seconds, Stopping threads took: 0.0000092 seconds
[2019-12-09T03:50:26.280+0000][1][safepoint    ] Application time: 0.0000926 seconds
[2019-12-09T03:50:26.280+0000][1][safepoint    ] Entering safepoint region: RevokeBias
[2019-12-09T03:50:26.280+0000][1][safepoint    ] Leaving safepoint region
[2019-12-09T03:50:26.280+0000][1][safepoint    ] Total time for which application threads were stopped: 0.0001029 seconds, Stopping threads took: 0.0000088 seconds
[2019-12-09T03:50:26.280+0000][1][safepoint    ] Application time: 0.0000682 seconds
[2019-12-09T03:50:26.280+0000][1][safepoint    ] Entering safepoint region: RevokeBias
[2019-12-09T03:50:26.280+0000][1][safepoint    ] Leaving safepoint region
[2019-12-09T03:50:26.280+0000][1][safepoint    ] Total time for which application threads were stopped: 0.0000864 seconds, Stopping threads took: 0.0000089 seconds
[2019-12-09T03:50:26.282+0000][1][safepoint    ] Application time: 0.0011908 seconds
[2019-12-09T03:50:26.282+0000][1][safepoint    ] Entering safepoint region: RevokeBias
[2019-12-09T03:50:26.282+0000][1][safepoint    ] Leaving safepoint region
[2019-12-09T03:50:26.282+0000][1][safepoint    ] Total time for which application threads were stopped: 0.0001061 seconds, Stopping threads took: 0.0000114 seconds
[2019-12-09T03:50:26.282+0000][1][safepoint    ] Application time: 0.0003065 seconds
[2019-12-09T03:50:26.282+0000][1][safepoint    ] Entering safepoint region: RevokeBias
[2019-12-09T03:50:26.282+0000][1][safepoint    ] Leaving safepoint region
[2019-12-09T03:50:26.282+0000][1][safepoint    ] Total time for which application threads were stopped: 0.0000935 seconds, Stopping threads took: 0.0000099 seconds
[2019-12-09T03:50:27.290+0000][1][safepoint    ] Application time: 1.0076313 seconds
[2019-12-09T03:50:27.340+0000][1][safepoint    ] Entering safepoint region: Cleanup
[2019-12-09T03:50:27.340+0000][1][safepoint    ] Leaving safepoint region
[2019-12-09T03:50:27.340+0000][1][safepoint    ] Total time for which application threads were stopped: 0.0501974 seconds, Stopping threads took: 0.0501255 seconds
[2019-12-09T03:50:28.342+0000][1][safepoint    ] Application time: 1.0017516 seconds
[2019-12-09T03:50:28.404+0000][1][safepoint    ] Entering safepoint region: Cleanup
[2019-12-09T03:50:28.404+0000][1][safepoint    ] Leaving safepoint region
[2019-12-09T03:50:28.404+0000][1][safepoint    ] Total time for which application threads were stopped: 0.0621269 seconds, Stopping threads took: 0.0620757 seconds
[2019-12-09T03:50:29.975+0000][1][safepoint    ] Application time: 1.5708498 seconds
[2019-12-09T03:50:29.975+0000][1][safepoint    ] Entering safepoint region: RevokeBias
[2019-12-09T03:50:29.975+0000][1][safepoint    ] Leaving safepoint region
[2019-12-09T03:50:29.975+0000][1][safepoint    ] Total time for which application threads were stopped: 0.0003207 seconds, Stopping threads took: 0.0002299 seconds
[2019-12-09T03:50:29.987+0000][1][safepoint    ] Application time: 0.0116105 seconds
[2019-12-09T03:50:29.987+0000][1][safepoint    ] Entering safepoint region: RevokeBias
[2019-12-09T03:50:29.987+0000][1][safepoint    ] Leaving safepoint region
[2019-12-09T03:50:29.987+0000][1][safepoint    ] Total time for which application threads were stopped: 0.0000791 seconds, Stopping threads took: 0.0000129 seconds
[2019-12-09T03:50:31.003+0000][1][safepoint    ] Application time: 1.0159076 seconds
[2019-12-09T03:50:31.075+0000][1][safepoint    ] Entering safepoint region: Cleanup
[2019-12-09T03:50:31.075+0000][1][safepoint    ] Leaving safepoint region
[2019-12-09T03:50:31.075+0000][1][safepoint    ] Total time for which application threads were stopped: 0.0720568 seconds, Stopping threads took: 0.0719826 seconds
[2019-12-09T03:50:32.026+0000][1][safepoint    ] Application time: 0.9508634 seconds
[2019-12-09T03:50:32.026+0000][1][safepoint    ] Entering safepoint region: GenCollectForAllocation
[2019-12-09T03:50:32.026+0000][1][gc,start     ] GC(19) Pause Young (Allocation Failure)
[2019-12-09T03:50:32.026+0000][1][gc,task      ] GC(19) Using 2 workers of 2 for evacuation
[2019-12-09T03:50:32.197+0000][1][gc,age       ] GC(19) Desired survivor size 4456448 bytes, new threshold 2 (max threshold 6)
[2019-12-09T03:50:32.197+0000][1][gc,age       ] GC(19) Age table with threshold 2 (max threshold 6)
[2019-12-09T03:50:32.197+0000][1][gc,age       ] GC(19) - age   1:    2607144 bytes,    2607144 total
[2019-12-09T03:50:32.197+0000][1][gc,age       ] GC(19) - age   2:    1914376 bytes,    4521520 total
[2019-12-09T03:50:32.197+0000][1][gc,age       ] GC(19) - age   3:    1203456 bytes,    5724976 total
[2019-12-09T03:50:32.197+0000][1][gc,heap      ] GC(19) ParNew: 74727K->7261K(78656K)
[2019-12-09T03:50:32.197+0000][1][gc,heap      ] GC(19) CMS: 54438K->54438K(174784K)
[2019-12-09T03:50:32.197+0000][1][gc,metaspace ] GC(19) Metaspace: 42995K->42995K(1089536K)
[2019-12-09T03:50:32.197+0000][1][gc           ] GC(19) Pause Young (Allocation Failure) 126M->60M(247M) 171.427ms
[2019-12-09T03:50:32.197+0000][1][gc,cpu       ] GC(19) User=0.04s Sys=0.00s Real=0.17s
[2019-12-09T03:50:32.197+0000][1][safepoint    ] Leaving safepoint region
[2019-12-09T03:50:32.197+0000][1][safepoint    ] Total time for which application threads were stopped: 0.1716141 seconds, Stopping threads took: 0.0000146 seconds
[2019-12-09T03:50:32.232+0000][1][safepoint    ] Application time: 0.0344579 seconds
[2019-12-09T03:50:32.232+0000][1][safepoint    ] Entering safepoint region: RevokeBias
[2019-12-09T03:50:32.232+0000][1][safepoint    ] Leaving safepoint region
[2019-12-09T03:50:32.232+0000][1][safepoint    ] Total time for which application threads were stopped: 0.0000611 seconds, Stopping threads took: 0.0000141 seconds
[2019-12-09T03:50:32.232+0000][1][safepoint    ] Application time: 0.0000704 seconds
[2019-12-09T03:50:32.232+0000][1][safepoint    ] Entering safepoint region: RevokeBias
[2019-12-09T03:50:32.232+0000][1][safepoint    ] Leaving safepoint region
[2019-12-09T03:50:32.232+0000][1][safepoint    ] Total time for which application threads were stopped: 0.0000327 seconds, Stopping threads took: 0.0000088 seconds
[2019-12-09T03:50:33.234+0000][1][safepoint    ] Application time: 1.0016542 seconds
[2019-12-09T03:50:33.234+0000][1][safepoint    ] Entering safepoint region: Cleanup
[2019-12-09T03:50:33.234+0000][1][safepoint    ] Leaving safepoint region
[2019-12-09T03:50:33.234+0000][1][safepoint    ] Total time for which application threads were stopped: 0.0000873 seconds, Stopping threads took: 0.0000157 seconds
[2019-12-09T03:50:33.682+0000][1][safepoint    ] Application time: 0.4479427 seconds
[2019-12-09T03:50:33.682+0000][1][safepoint    ] Entering safepoint region: RevokeBias
[2019-12-09T03:50:33.682+0000][1][safepoint    ] Leaving safepoint region
[2019-12-09T03:50:33.682+0000][1][safepoint    ] Total time for which application threads were stopped: 0.0001246 seconds, Stopping threads took: 0.0000136 seconds
[2019-12-09T03:50:33.718+0000][1][safepoint    ] Application time: 0.0355526 seconds
[2019-12-09T03:50:33.718+0000][1][safepoint    ] Entering safepoint region: RevokeBias
[2019-12-09T03:50:33.718+0000][1][safepoint    ] Leaving safepoint region
[2019-12-09T03:50:33.718+0000][1][safepoint    ] Total time for which application threads were stopped: 0.0000790 seconds, Stopping threads took: 0.0000125 seconds
[2019-12-09T03:50:34.720+0000][1][safepoint    ] Application time: 1.0020776 seconds
[2019-12-09T03:50:34.726+0000][1][safepoint    ] Entering safepoint region: Cleanup
[2019-12-09T03:50:34.726+0000][1][safepoint    ] Leaving safepoint region
[2019-12-09T03:50:34.726+0000][1][safepoint    ] Total time for which application threads were stopped: 0.0060684 seconds, Stopping threads took: 0.0060116 seconds
[2019-12-09T03:50:35.284+0000][1][safepoint    ] Application time: 0.5578960 seconds
[2019-12-09T03:50:35.284+0000][1][safepoint    ] Entering safepoint region: RevokeBias
[2019-12-09T03:50:35.284+0000][1][safepoint    ] Leaving safepoint region
[2019-12-09T03:50:35.284+0000][1][safepoint    ] Total time for which application threads were stopped: 0.0005109 seconds, Stopping threads took: 0.0000253 seconds
[2019-12-09T03:50:35.301+0000][1][safepoint    ] Application time: 0.0164316 seconds
[2019-12-09T03:50:35.301+0000][1][safepoint    ] Entering safepoint region: RevokeBias
[2019-12-09T03:50:35.301+0000][1][safepoint    ] Leaving safepoint region
[2019-12-09T03:50:35.301+0000][1][safepoint    ] Total time for which application threads were stopped: 0.0001052 seconds, Stopping threads took: 0.0000139 seconds
[2019-12-09T03:50:35.368+0000][1][safepoint    ] Application time: 0.0668943 seconds
[2019-12-09T03:50:35.386+0000][1][safepoint    ] Entering safepoint region: RevokeBias
[2019-12-09T03:50:35.386+0000][1][safepoint    ] Leaving safepoint region
[2019-12-09T03:50:35.386+0000][1][safepoint    ] Total time for which application threads were stopped: 0.0180610 seconds, Stopping threads took: 0.0179878 seconds
[2019-12-09T03:50:36.004+0000][1][safepoint    ] Application time: 0.6180459 seconds
[2019-12-09T03:50:36.012+0000][1][safepoint    ] Entering safepoint region: RevokeBias
[2019-12-09T03:50:36.012+0000][1][safepoint    ] Leaving safepoint region
[2019-12-09T03:50:36.012+0000][1][safepoint    ] Total time for which application threads were stopped: 0.0079762 seconds, Stopping threads took: 0.0079008 seconds
[2019-12-09T03:50:36.012+0000][1][safepoint    ] Application time: 0.0001022 seconds
[2019-12-09T03:50:36.012+0000][1][safepoint    ] Entering safepoint region: RevokeBias
[2019-12-09T03:50:36.012+0000][1][safepoint    ] Leaving safepoint region
[2019-12-09T03:50:36.012+0000][1][safepoint    ] Total time for which application threads were stopped: 0.0000470 seconds, Stopping threads took: 0.0000092 seconds
[2019-12-09T03:50:36.012+0000][1][safepoint    ] Application time: 0.0000521 seconds
[2019-12-09T03:50:36.012+0000][1][safepoint    ] Entering safepoint region: RevokeBias
[2019-12-09T03:50:36.012+0000][1][safepoint    ] Leaving safepoint region
[2019-12-09T03:50:36.012+0000][1][safepoint    ] Total time for which application threads were stopped: 0.0000370 seconds, Stopping threads took: 0.0000078 seconds
[2019-12-09T03:50:36.012+0000][1][safepoint    ] Application time: 0.0000453 seconds
[2019-12-09T03:50:36.012+0000][1][safepoint    ] Entering safepoint region: RevokeBias
[2019-12-09T03:50:36.012+0000][1][safepoint    ] Leaving safepoint region
[2019-12-09T03:50:36.012+0000][1][safepoint    ] Total time for which application threads were stopped: 0.0000349 seconds, Stopping threads took: 0.0000078 seconds
[2019-12-09T03:50:36.012+0000][1][safepoint    ] Application time: 0.0000464 seconds
[2019-12-09T03:50:36.012+0000][1][safepoint    ] Entering safepoint region: RevokeBias
[2019-12-09T03:50:36.012+0000][1][safepoint    ] Leaving safepoint region
[2019-12-09T03:50:36.012+0000][1][safepoint    ] Total time for which application threads were stopped: 0.0000347 seconds, Stopping threads took: 0.0000076 seconds
[2019-12-09T03:50:36.012+0000][1][safepoint    ] Application time: 0.0000473 seconds
[2019-12-09T03:50:36.012+0000][1][safepoint    ] Entering safepoint region: RevokeBias
[2019-12-09T03:50:36.012+0000][1][safepoint    ] Leaving safepoint region
[2019-12-09T03:50:36.012+0000][1][safepoint    ] Total time for which application threads were stopped: 0.0000351 seconds, Stopping threads took: 0.0000076 seconds
[2019-12-09T03:50:36.013+0000][1][safepoint    ] Application time: 0.0000460 seconds
[2019-12-09T03:50:36.013+0000][1][safepoint    ] Entering safepoint region: RevokeBias
[2019-12-09T03:50:36.013+0000][1][safepoint    ] Leaving safepoint region
[2019-12-09T03:50:36.013+0000][1][safepoint    ] Total time for which application threads were stopped: 0.0000355 seconds, Stopping threads took: 0.0000075 seconds
[2019-12-09T03:50:36.013+0000][1][safepoint    ] Application time: 0.0000460 seconds
[2019-12-09T03:50:36.013+0000][1][safepoint    ] Entering safepoint region: RevokeBias
[2019-12-09T03:50:36.013+0000][1][safepoint    ] Leaving safepoint region
[2019-12-09T03:50:36.013+0000][1][safepoint    ] Total time for which application threads were stopped: 0.0000402 seconds, Stopping threads took: 0.0000074 seconds
[2019-12-09T03:50:36.013+0000][1][safepoint    ] Application time: 0.0000627 seconds
[2019-12-09T03:50:36.013+0000][1][safepoint    ] Entering safepoint region: BulkRevokeBias
[2019-12-09T03:50:36.013+0000][1][safepoint    ] Leaving safepoint region
[2019-12-09T03:50:36.013+0000][1][safepoint    ] Total time for which application threads were stopped: 0.0000873 seconds, Stopping threads took: 0.0000072 seconds
[2019-12-09T03:50:36.013+0000][1][safepoint    ] Application time: 0.0001328 seconds
[2019-12-09T03:50:36.013+0000][1][safepoint    ] Entering safepoint region: RevokeBias
[2019-12-09T03:50:36.013+0000][1][safepoint    ] Leaving safepoint region
[2019-12-09T03:50:36.013+0000][1][safepoint    ] Total time for which application threads were stopped: 0.0000389 seconds, Stopping threads took: 0.0000072 seconds
[2019-12-09T03:50:36.013+0000][1][safepoint    ] Application time: 0.0001156 seconds
[2019-12-09T03:50:36.013+0000][1][safepoint    ] Entering safepoint region: RevokeBias
[2019-12-09T03:50:36.013+0000][1][safepoint    ] Leaving safepoint region
[2019-12-09T03:50:36.013+0000][1][safepoint    ] Total time for which application threads were stopped: 0.0000406 seconds, Stopping threads took: 0.0000075 seconds
[2019-12-09T03:50:36.014+0000][1][safepoint    ] Application time: 0.0006037 seconds
[2019-12-09T03:50:36.014+0000][1][safepoint    ] Entering safepoint region: RevokeBias
[2019-12-09T03:50:36.014+0000][1][safepoint    ] Leaving safepoint region
[2019-12-09T03:50:36.014+0000][1][safepoint    ] Total time for which application threads were stopped: 0.0000553 seconds, Stopping threads took: 0.0000101 seconds
[2019-12-09T03:50:36.014+0000][1][safepoint    ] Application time: 0.0000878 seconds
[2019-12-09T03:50:36.014+0000][1][safepoint    ] Entering safepoint region: RevokeBias
[2019-12-09T03:50:36.014+0000][1][safepoint    ] Leaving safepoint region
[2019-12-09T03:50:36.014+0000][1][safepoint    ] Total time for which application threads were stopped: 0.0000375 seconds, Stopping threads took: 0.0000077 seconds
[2019-12-09T03:50:36.014+0000][1][safepoint    ] Application time: 0.0001817 seconds
[2019-12-09T03:50:36.014+0000][1][safepoint    ] Entering safepoint region: RevokeBias
[2019-12-09T03:50:36.014+0000][1][safepoint    ] Leaving safepoint region
[2019-12-09T03:50:36.014+0000][1][safepoint    ] Total time for which application threads were stopped: 0.0000501 seconds, Stopping threads took: 0.0000093 seconds
[2019-12-09T03:50:36.014+0000][1][safepoint    ] Application time: 0.0000542 seconds
[2019-12-09T03:50:36.014+0000][1][safepoint    ] Entering safepoint region: RevokeBias
[2019-12-09T03:50:36.014+0000][1][safepoint    ] Leaving safepoint region
[2019-12-09T03:50:36.014+0000][1][safepoint    ] Total time for which application threads were stopped: 0.0000391 seconds, Stopping threads took: 0.0000084 seconds
[2019-12-09T03:50:36.014+0000][1][safepoint    ] Application time: 0.0000541 seconds
[2019-12-09T03:50:36.014+0000][1][safepoint    ] Entering safepoint region: RevokeBias
[2019-12-09T03:50:36.014+0000][1][safepoint    ] Leaving safepoint region
[2019-12-09T03:50:36.014+0000][1][safepoint    ] Total time for which application threads were stopped: 0.0000393 seconds, Stopping threads took: 0.0000086 seconds
[2019-12-09T03:50:36.015+0000][1][safepoint    ] Application time: 0.0000517 seconds
[2019-12-09T03:50:36.015+0000][1][safepoint    ] Entering safepoint region: RevokeBias
[2019-12-09T03:50:36.015+0000][1][safepoint    ] Leaving safepoint region
[2019-12-09T03:50:36.015+0000][1][safepoint    ] Total time for which application threads were stopped: 0.0000384 seconds, Stopping threads took: 0.0000082 seconds
[2019-12-09T03:50:36.015+0000][1][safepoint    ] Application time: 0.0000519 seconds
[2019-12-09T03:50:36.015+0000][1][safepoint    ] Entering safepoint region: RevokeBias
[2019-12-09T03:50:36.015+0000][1][safepoint    ] Leaving safepoint region
[2019-12-09T03:50:36.015+0000][1][safepoint    ] Total time for which application threads were stopped: 0.0000650 seconds, Stopping threads took: 0.0000080 seconds
[2019-12-09T03:50:36.015+0000][1][safepoint    ] Application time: 0.0000534 seconds
[2019-12-09T03:50:36.015+0000][1][safepoint    ] Entering safepoint region: RevokeBias
[2019-12-09T03:50:36.015+0000][1][safepoint    ] Leaving safepoint region
[2019-12-09T03:50:36.015+0000][1][safepoint    ] Total time for which application threads were stopped: 0.0000404 seconds, Stopping threads took: 0.0000081 seconds
[2019-12-09T03:50:36.015+0000][1][safepoint    ] Application time: 0.0000507 seconds
[2019-12-09T03:50:36.015+0000][1][safepoint    ] Entering safepoint region: RevokeBias
[2019-12-09T03:50:36.015+0000][1][safepoint    ] Leaving safepoint region
[2019-12-09T03:50:36.015+0000][1][safepoint    ] Total time for which application threads were stopped: 0.0000374 seconds, Stopping threads took: 0.0000079 seconds
[2019-12-09T03:50:36.015+0000][1][safepoint    ] Application time: 0.0000511 seconds
[2019-12-09T03:50:36.015+0000][1][safepoint    ] Entering safepoint region: RevokeBias
[2019-12-09T03:50:36.015+0000][1][safepoint    ] Leaving safepoint region
[2019-12-09T03:50:36.015+0000][1][safepoint    ] Total time for which application threads were stopped: 0.0000375 seconds, Stopping threads took: 0.0000082 seconds
[2019-12-09T03:50:36.015+0000][1][safepoint    ] Application time: 0.0000502 seconds
[2019-12-09T03:50:36.015+0000][1][safepoint    ] Entering safepoint region: RevokeBias
[2019-12-09T03:50:36.015+0000][1][safepoint    ] Leaving safepoint region
[2019-12-09T03:50:36.015+0000][1][safepoint    ] Total time for which application threads were stopped: 0.0000408 seconds, Stopping threads took: 0.0000086 seconds
[2019-12-09T03:50:36.015+0000][1][safepoint    ] Application time: 0.0000529 seconds
[2019-12-09T03:50:36.015+0000][1][safepoint    ] Entering safepoint region: RevokeBias
[2019-12-09T03:50:36.015+0000][1][safepoint    ] Leaving safepoint region
[2019-12-09T03:50:36.015+0000][1][safepoint    ] Total time for which application threads were stopped: 0.0000378 seconds, Stopping threads took: 0.0000080 seconds
[2019-12-09T03:50:36.015+0000][1][safepoint    ] Application time: 0.0000506 seconds
[2019-12-09T03:50:36.015+0000][1][safepoint    ] Entering safepoint region: RevokeBias
[2019-12-09T03:50:36.015+0000][1][safepoint    ] Leaving safepoint region
[2019-12-09T03:50:36.015+0000][1][safepoint    ] Total time for which application threads were stopped: 0.0000371 seconds, Stopping threads took: 0.0000084 seconds
[2019-12-09T03:50:36.015+0000][1][safepoint    ] Application time: 0.0000504 seconds
[2019-12-09T03:50:36.015+0000][1][safepoint    ] Entering safepoint region: RevokeBias
[2019-12-09T03:50:36.015+0000][1][safepoint    ] Leaving safepoint region
[2019-12-09T03:50:36.015+0000][1][safepoint    ] Total time for which application threads were stopped: 0.0000373 seconds, Stopping threads took: 0.0000083 seconds
[2019-12-09T03:50:36.016+0000][1][safepoint    ] Application time: 0.0000499 seconds
[2019-12-09T03:50:36.016+0000][1][safepoint    ] Entering safepoint region: RevokeBias
[2019-12-09T03:50:36.016+0000][1][safepoint    ] Leaving safepoint region
[2019-12-09T03:50:36.016+0000][1][safepoint    ] Total time for which application threads were stopped: 0.0000365 seconds, Stopping threads took: 0.0000080 seconds
[2019-12-09T03:50:36.016+0000][1][safepoint    ] Application time: 0.0000508 seconds
[2019-12-09T03:50:36.016+0000][1][safepoint    ] Entering safepoint region: RevokeBias
[2019-12-09T03:50:36.016+0000][1][safepoint    ] Leaving safepoint region
[2019-12-09T03:50:36.016+0000][1][safepoint    ] Total time for which application threads were stopped: 0.0000371 seconds, Stopping threads took: 0.0000081 seconds
[2019-12-09T03:50:36.016+0000][1][safepoint    ] Application time: 0.0000524 seconds
[2019-12-09T03:50:36.016+0000][1][safepoint    ] Entering safepoint region: RevokeBias
[2019-12-09T03:50:36.016+0000][1][safepoint    ] Leaving safepoint region
[2019-12-09T03:50:36.016+0000][1][safepoint    ] Total time for which application threads were stopped: 0.0000419 seconds, Stopping threads took: 0.0000083 seconds
[2019-12-09T03:50:36.016+0000][1][safepoint    ] Application time: 0.0000502 seconds
[2019-12-09T03:50:36.016+0000][1][safepoint    ] Entering safepoint region: RevokeBias
[2019-12-09T03:50:36.016+0000][1][safepoint    ] Leaving safepoint region
[2019-12-09T03:50:36.016+0000][1][safepoint    ] Total time for which application threads were stopped: 0.0000367 seconds, Stopping threads took: 0.0000080 seconds
[2019-12-09T03:50:36.016+0000][1][safepoint    ] Application time: 0.0000514 seconds
[2019-12-09T03:50:36.016+0000][1][safepoint    ] Entering safepoint region: RevokeBias
[2019-12-09T03:50:36.016+0000][1][safepoint    ] Leaving safepoint region
[2019-12-09T03:50:36.016+0000][1][safepoint    ] Total time for which application threads were stopped: 0.0000362 seconds, Stopping threads took: 0.0000081 seconds
[2019-12-09T03:50:36.016+0000][1][safepoint    ] Application time: 0.0000497 seconds
[2019-12-09T03:50:36.016+0000][1][safepoint    ] Entering safepoint region: BulkRevokeBias
[2019-12-09T03:50:36.016+0000][1][safepoint    ] Leaving safepoint region
[2019-12-09T03:50:36.016+0000][1][safepoint    ] Total time for which application threads were stopped: 0.0001035 seconds, Stopping threads took: 0.0000080 seconds
[2019-12-09T03:50:36.016+0000][1][safepoint    ] Application time: 0.0001821 seconds
[2019-12-09T03:50:36.016+0000][1][safepoint    ] Entering safepoint region: RevokeBias
[2019-12-09T03:50:36.016+0000][1][safepoint    ] Leaving safepoint region
[2019-12-09T03:50:36.016+0000][1][safepoint    ] Total time for which application threads were stopped: 0.0000513 seconds, Stopping threads took: 0.0000091 seconds
[2019-12-09T03:50:36.017+0000][1][safepoint    ] Application time: 0.0001386 seconds
[2019-12-09T03:50:36.017+0000][1][safepoint    ] Entering safepoint region: RevokeBias
[2019-12-09T03:50:36.017+0000][1][safepoint    ] Leaving safepoint region
[2019-12-09T03:50:36.017+0000][1][safepoint    ] Total time for which application threads were stopped: 0.0000455 seconds, Stopping threads took: 0.0000090 seconds
[2019-12-09T03:50:36.017+0000][1][safepoint    ] Application time: 0.0000924 seconds
[2019-12-09T03:50:36.017+0000][1][safepoint    ] Entering safepoint region: RevokeBias
[2019-12-09T03:50:36.017+0000][1][safepoint    ] Leaving safepoint region
[2019-12-09T03:50:36.017+0000][1][safepoint    ] Total time for which application threads were stopped: 0.0000436 seconds, Stopping threads took: 0.0000092 seconds
[2019-12-09T03:50:36.017+0000][1][safepoint    ] Application time: 0.0000848 seconds
[2019-12-09T03:50:36.017+0000][1][safepoint    ] Entering safepoint region: RevokeBias
[2019-12-09T03:50:36.017+0000][1][safepoint    ] Leaving safepoint region
[2019-12-09T03:50:36.017+0000][1][safepoint    ] Total time for which application threads were stopped: 0.0000431 seconds, Stopping threads took: 0.0000088 seconds
[2019-12-09T03:50:36.017+0000][1][safepoint    ] Application time: 0.0000594 seconds
[2019-12-09T03:50:36.017+0000][1][safepoint    ] Entering safepoint region: RevokeBias
[2019-12-09T03:50:36.017+0000][1][safepoint    ] Leaving safepoint region
[2019-12-09T03:50:36.017+0000][1][safepoint    ] Total time for which application threads were stopped: 0.0000422 seconds, Stopping threads took: 0.0000085 seconds
[2019-12-09T03:50:36.017+0000][1][safepoint    ] Application time: 0.0001788 seconds
[2019-12-09T03:50:36.017+0000][1][safepoint    ] Entering safepoint region: RevokeBias
[2019-12-09T03:50:36.017+0000][1][safepoint    ] Leaving safepoint region
[2019-12-09T03:50:36.017+0000][1][safepoint    ] Total time for which application threads were stopped: 0.0000411 seconds, Stopping threads took: 0.0000091 seconds
[2019-12-09T03:50:36.018+0000][1][safepoint    ] Application time: 0.0003014 seconds
[2019-12-09T03:50:36.018+0000][1][safepoint    ] Entering safepoint region: RevokeBias
[2019-12-09T03:50:36.018+0000][1][safepoint    ] Leaving safepoint region
[2019-12-09T03:50:36.018+0000][1][safepoint    ] Total time for which application threads were stopped: 0.0000576 seconds, Stopping threads took: 0.0000095 seconds
[2019-12-09T03:50:36.018+0000][1][safepoint    ] Application time: 0.0000806 seconds
[2019-12-09T03:50:36.018+0000][1][safepoint    ] Entering safepoint region: RevokeBias
[2019-12-09T03:50:36.018+0000][1][safepoint    ] Leaving safepoint region
[2019-12-09T03:50:36.018+0000][1][safepoint    ] Total time for which application threads were stopped: 0.0000434 seconds, Stopping threads took: 0.0000086 seconds
[2019-12-09T03:50:36.018+0000][1][safepoint    ] Application time: 0.0001829 seconds
[2019-12-09T03:50:36.018+0000][1][safepoint    ] Entering safepoint region: RevokeBias
[2019-12-09T03:50:36.018+0000][1][safepoint    ] Leaving safepoint region
[2019-12-09T03:50:36.018+0000][1][safepoint    ] Total time for which application threads were stopped: 0.0000502 seconds, Stopping threads took: 0.0000180 seconds
[2019-12-09T03:50:36.019+0000][1][safepoint    ] Application time: 0.0004300 seconds
[2019-12-09T03:50:36.019+0000][1][safepoint    ] Entering safepoint region: RevokeBias
[2019-12-09T03:50:36.019+0000][1][safepoint    ] Leaving safepoint region
[2019-12-09T03:50:36.019+0000][1][safepoint    ] Total time for which application threads were stopped: 0.0000639 seconds, Stopping threads took: 0.0000104 seconds
[2019-12-09T03:50:36.019+0000][1][safepoint    ] Application time: 0.0000818 seconds
[2019-12-09T03:50:36.019+0000][1][safepoint    ] Entering safepoint region: RevokeBias
[2019-12-09T03:50:36.019+0000][1][safepoint    ] Leaving safepoint region
[2019-12-09T03:50:36.019+0000][1][safepoint    ] Total time for which application threads were stopped: 0.0000608 seconds, Stopping threads took: 0.0000084 seconds
[2019-12-09T03:50:36.019+0000][1][safepoint    ] Application time: 0.0000559 seconds
[2019-12-09T03:50:36.019+0000][1][safepoint    ] Entering safepoint region: RevokeBias
[2019-12-09T03:50:36.019+0000][1][safepoint    ] Leaving safepoint region
[2019-12-09T03:50:36.019+0000][1][safepoint    ] Total time for which application threads were stopped: 0.0000340 seconds, Stopping threads took: 0.0000074 seconds
[2019-12-09T03:50:36.019+0000][1][safepoint    ] Application time: 0.0000537 seconds
[2019-12-09T03:50:36.019+0000][1][safepoint    ] Entering safepoint region: RevokeBias
[2019-12-09T03:50:36.019+0000][1][safepoint    ] Leaving safepoint region
[2019-12-09T03:50:36.019+0000][1][safepoint    ] Total time for which application threads were stopped: 0.0000573 seconds, Stopping threads took: 0.0000082 seconds
[2019-12-09T03:50:36.019+0000][1][safepoint    ] Application time: 0.0000572 seconds
[2019-12-09T03:50:36.019+0000][1][safepoint    ] Entering safepoint region: RevokeBias
[2019-12-09T03:50:36.019+0000][1][safepoint    ] Leaving safepoint region
[2019-12-09T03:50:36.019+0000][1][safepoint    ] Total time for which application threads were stopped: 0.0000390 seconds, Stopping threads took: 0.0000086 seconds
[2019-12-09T03:50:36.019+0000][1][safepoint    ] Application time: 0.0000518 seconds
[2019-12-09T03:50:36.019+0000][1][safepoint    ] Entering safepoint region: RevokeBias
[2019-12-09T03:50:36.019+0000][1][safepoint    ] Leaving safepoint region
[2019-12-09T03:50:36.019+0000][1][safepoint    ] Total time for which application threads were stopped: 0.0000551 seconds, Stopping threads took: 0.0000083 seconds
[2019-12-09T03:50:36.019+0000][1][safepoint    ] Application time: 0.0000516 seconds
[2019-12-09T03:50:36.019+0000][1][safepoint    ] Entering safepoint region: RevokeBias
[2019-12-09T03:50:36.019+0000][1][safepoint    ] Leaving safepoint region
[2019-12-09T03:50:36.019+0000][1][safepoint    ] Total time for which application threads were stopped: 0.0000373 seconds, Stopping threads took: 0.0000081 seconds
[2019-12-09T03:50:36.020+0000][1][safepoint    ] Application time: 0.0004003 seconds
[2019-12-09T03:50:36.020+0000][1][safepoint    ] Entering safepoint region: RevokeBias
[2019-12-09T03:50:36.020+0000][1][safepoint    ] Leaving safepoint region
[2019-12-09T03:50:36.020+0000][1][safepoint    ] Total time for which application threads were stopped: 0.0000563 seconds, Stopping threads took: 0.0000103 seconds
[2019-12-09T03:50:36.020+0000][1][safepoint    ] Application time: 0.0000591 seconds
[2019-12-09T03:50:36.020+0000][1][safepoint    ] Entering safepoint region: RevokeBias
[2019-12-09T03:50:36.020+0000][1][safepoint    ] Leaving safepoint region
[2019-12-09T03:50:36.020+0000][1][safepoint    ] Total time for which application threads were stopped: 0.0000409 seconds, Stopping threads took: 0.0000083 seconds
[2019-12-09T03:50:36.020+0000][1][safepoint    ] Application time: 0.0000513 seconds
[2019-12-09T03:50:36.020+0000][1][safepoint    ] Entering safepoint region: RevokeBias
[2019-12-09T03:50:36.020+0000][1][safepoint    ] Leaving safepoint region
[2019-12-09T03:50:36.020+0000][1][safepoint    ] Total time for which application threads were stopped: 0.0000384 seconds, Stopping threads took: 0.0000081 seconds
[2019-12-09T03:50:36.020+0000][1][safepoint    ] Application time: 0.0000665 seconds
[2019-12-09T03:50:36.020+0000][1][safepoint    ] Entering safepoint region: RevokeBias
[2019-12-09T03:50:36.020+0000][1][safepoint    ] Leaving safepoint region
[2019-12-09T03:50:36.020+0000][1][safepoint    ] Total time for which application threads were stopped: 0.0000415 seconds, Stopping threads took: 0.0000087 seconds
[2019-12-09T03:50:36.020+0000][1][safepoint    ] Application time: 0.0000518 seconds
[2019-12-09T03:50:36.020+0000][1][safepoint    ] Entering safepoint region: RevokeBias
[2019-12-09T03:50:36.020+0000][1][safepoint    ] Leaving safepoint region
[2019-12-09T03:50:36.020+0000][1][safepoint    ] Total time for which application threads were stopped: 0.0000384 seconds, Stopping threads took: 0.0000084 seconds
[2019-12-09T03:50:36.020+0000][1][safepoint    ] Application time: 0.0000527 seconds
[2019-12-09T03:50:36.020+0000][1][safepoint    ] Entering safepoint region: RevokeBias
[2019-12-09T03:50:36.020+0000][1][safepoint    ] Leaving safepoint region
[2019-12-09T03:50:36.020+0000][1][safepoint    ] Total time for which application threads were stopped: 0.0000379 seconds, Stopping threads took: 0.0000084 seconds
[2019-12-09T03:50:36.020+0000][1][safepoint    ] Application time: 0.0000527 seconds
[2019-12-09T03:50:36.020+0000][1][safepoint    ] Entering safepoint region: RevokeBias
[2019-12-09T03:50:36.020+0000][1][safepoint    ] Leaving safepoint region
[2019-12-09T03:50:36.020+0000][1][safepoint    ] Total time for which application threads were stopped: 0.0000382 seconds, Stopping threads took: 0.0000085 seconds
[2019-12-09T03:50:36.021+0000][1][safepoint    ] Application time: 0.0000634 seconds
[2019-12-09T03:50:36.021+0000][1][safepoint    ] Entering safepoint region: RevokeBias
[2019-12-09T03:50:36.021+0000][1][safepoint    ] Leaving safepoint region
[2019-12-09T03:50:36.021+0000][1][safepoint    ] Total time for which application threads were stopped: 0.0000384 seconds, Stopping threads took: 0.0000085 seconds
[2019-12-09T03:50:36.021+0000][1][safepoint    ] Application time: 0.0000515 seconds
[2019-12-09T03:50:36.021+0000][1][safepoint    ] Entering safepoint region: RevokeBias
[2019-12-09T03:50:36.021+0000][1][safepoint    ] Leaving safepoint region
[2019-12-09T03:50:36.021+0000][1][safepoint    ] Total time for which application threads were stopped: 0.0000349 seconds, Stopping threads took: 0.0000077 seconds
[2019-12-09T03:50:36.021+0000][1][safepoint    ] Application time: 0.0000765 seconds
[2019-12-09T03:50:36.021+0000][1][safepoint    ] Entering safepoint region: RevokeBias
[2019-12-09T03:50:36.021+0000][1][safepoint    ] Leaving safepoint region
[2019-12-09T03:50:36.021+0000][1][safepoint    ] Total time for which application threads were stopped: 0.0000410 seconds, Stopping threads took: 0.0000084 seconds
[2019-12-09T03:50:36.021+0000][1][safepoint    ] Application time: 0.0000520 seconds
[2019-12-09T03:50:36.021+0000][1][safepoint    ] Entering safepoint region: RevokeBias
[2019-12-09T03:50:36.021+0000][1][safepoint    ] Leaving safepoint region
[2019-12-09T03:50:36.021+0000][1][safepoint    ] Total time for which application threads were stopped: 0.0000407 seconds, Stopping threads took: 0.0000074 seconds
[2019-12-09T03:50:36.021+0000][1][safepoint    ] Application time: 0.0000519 seconds
[2019-12-09T03:50:36.021+0000][1][safepoint    ] Entering safepoint region: RevokeBias
[2019-12-09T03:50:36.021+0000][1][safepoint    ] Leaving safepoint region
[2019-12-09T03:50:36.021+0000][1][safepoint    ] Total time for which application threads were stopped: 0.0000391 seconds, Stopping threads took: 0.0000082 seconds
[2019-12-09T03:50:36.052+0000][1][safepoint    ] Application time: 0.0306641 seconds
[2019-12-09T03:50:36.052+0000][1][safepoint    ] Entering safepoint region: RevokeBias
[2019-12-09T03:50:36.052+0000][1][safepoint    ] Leaving safepoint region
[2019-12-09T03:50:36.052+0000][1][safepoint    ] Total time for which application threads were stopped: 0.0000646 seconds, Stopping threads took: 0.0000121 seconds
[2019-12-09T03:50:36.052+0000][1][safepoint    ] Application time: 0.0000561 seconds
[2019-12-09T03:50:36.052+0000][1][safepoint    ] Entering safepoint region: RevokeBias
[2019-12-09T03:50:36.052+0000][1][safepoint    ] Leaving safepoint region
[2019-12-09T03:50:36.052+0000][1][safepoint    ] Total time for which application threads were stopped: 0.0000406 seconds, Stopping threads took: 0.0000079 seconds
[2019-12-09T03:50:36.052+0000][1][safepoint    ] Application time: 0.0000497 seconds
[2019-12-09T03:50:36.052+0000][1][safepoint    ] Entering safepoint region: RevokeBias
[2019-12-09T03:50:36.052+0000][1][safepoint    ] Leaving safepoint region
[2019-12-09T03:50:36.052+0000][1][safepoint    ] Total time for which application threads were stopped: 0.0000367 seconds, Stopping threads took: 0.0000081 seconds
[2019-12-09T03:50:36.052+0000][1][safepoint    ] Application time: 0.0000515 seconds
[2019-12-09T03:50:36.052+0000][1][safepoint    ] Entering safepoint region: BulkRevokeBias
[2019-12-09T03:50:36.052+0000][1][safepoint    ] Leaving safepoint region
[2019-12-09T03:50:36.052+0000][1][safepoint    ] Total time for which application threads were stopped: 0.0001088 seconds, Stopping threads took: 0.0000075 seconds
[2019-12-09T03:50:36.055+0000][1][safepoint    ] Application time: 0.0027163 seconds
[2019-12-09T03:50:36.055+0000][1][safepoint    ] Entering safepoint region: RevokeBias
[2019-12-09T03:50:36.055+0000][1][safepoint    ] Leaving safepoint region
[2019-12-09T03:50:36.055+0000][1][safepoint    ] Total time for which application threads were stopped: 0.0000640 seconds, Stopping threads took: 0.0000110 seconds
[2019-12-09T03:50:36.055+0000][1][safepoint    ] Application time: 0.0000537 seconds
[2019-12-09T03:50:36.055+0000][1][safepoint    ] Entering safepoint region: RevokeBias
[2019-12-09T03:50:36.055+0000][1][safepoint    ] Leaving safepoint region
[2019-12-09T03:50:36.055+0000][1][safepoint    ] Total time for which application threads were stopped: 0.0000490 seconds, Stopping threads took: 0.0000069 seconds
[2019-12-09T03:50:36.069+0000][1][safepoint    ] Application time: 0.0136627 seconds
[2019-12-09T03:50:36.069+0000][1][safepoint    ] Entering safepoint region: RevokeBias
[2019-12-09T03:50:36.069+0000][1][safepoint    ] Leaving safepoint region
[2019-12-09T03:50:36.069+0000][1][safepoint    ] Total time for which application threads were stopped: 0.0000628 seconds, Stopping threads took: 0.0000096 seconds
[2019-12-09T03:50:36.069+0000][1][safepoint    ] Application time: 0.0003753 seconds
[2019-12-09T03:50:36.069+0000][1][safepoint    ] Entering safepoint region: RevokeBias
[2019-12-09T03:50:36.069+0000][1][safepoint    ] Leaving safepoint region
[2019-12-09T03:50:36.069+0000][1][safepoint    ] Total time for which application threads were stopped: 0.0000647 seconds, Stopping threads took: 0.0000108 seconds
[2019-12-09T03:50:36.070+0000][1][safepoint    ] Application time: 0.0004519 seconds
[2019-12-09T03:50:36.070+0000][1][safepoint    ] Entering safepoint region: RevokeBias
[2019-12-09T03:50:36.070+0000][1][safepoint    ] Leaving safepoint region
[2019-12-09T03:50:36.070+0000][1][safepoint    ] Total time for which application threads were stopped: 0.0000673 seconds, Stopping threads took: 0.0000108 seconds
[2019-12-09T03:50:36.070+0000][1][safepoint    ] Application time: 0.0001328 seconds
[2019-12-09T03:50:36.070+0000][1][safepoint    ] Entering safepoint region: RevokeBias
[2019-12-09T03:50:36.070+0000][1][safepoint    ] Leaving safepoint region
[2019-12-09T03:50:36.070+0000][1][safepoint    ] Total time for which application threads were stopped: 0.0000642 seconds, Stopping threads took: 0.0000184 seconds
[2019-12-09T03:50:36.070+0000][1][safepoint    ] Application time: 0.0002170 seconds
[2019-12-09T03:50:36.070+0000][1][safepoint    ] Entering safepoint region: RevokeBias
[2019-12-09T03:50:36.070+0000][1][safepoint    ] Leaving safepoint region
[2019-12-09T03:50:36.070+0000][1][safepoint    ] Total time for which application threads were stopped: 0.0000596 seconds, Stopping threads took: 0.0000091 seconds
[2019-12-09T03:50:36.073+0000][1][safepoint    ] Application time: 0.0020814 seconds
[2019-12-09T03:50:36.073+0000][1][safepoint    ] Entering safepoint region: RevokeBias
[2019-12-09T03:50:36.073+0000][1][safepoint    ] Leaving safepoint region
[2019-12-09T03:50:36.073+0000][1][safepoint    ] Total time for which application threads were stopped: 0.0000647 seconds, Stopping threads took: 0.0000090 seconds
[2019-12-09T03:50:36.073+0000][1][safepoint    ] Application time: 0.0000709 seconds
[2019-12-09T03:50:36.073+0000][1][safepoint    ] Entering safepoint region: RevokeBias
[2019-12-09T03:50:36.073+0000][1][safepoint    ] Leaving safepoint region
[2019-12-09T03:50:36.073+0000][1][safepoint    ] Total time for which application threads were stopped: 0.0000466 seconds, Stopping threads took: 0.0000069 seconds
[2019-12-09T03:50:36.075+0000][1][safepoint    ] Application time: 0.0017583 seconds
[2019-12-09T03:50:36.075+0000][1][safepoint    ] Entering safepoint region: RevokeBias
[2019-12-09T03:50:36.075+0000][1][safepoint    ] Leaving safepoint region
[2019-12-09T03:50:36.075+0000][1][safepoint    ] Total time for which application threads were stopped: 0.0000704 seconds, Stopping threads took: 0.0000101 seconds
[2019-12-09T03:50:36.076+0000][1][safepoint    ] Application time: 0.0015738 seconds
[2019-12-09T03:50:36.076+0000][1][safepoint    ] Entering safepoint region: RevokeBias
[2019-12-09T03:50:36.076+0000][1][safepoint    ] Leaving safepoint region
[2019-12-09T03:50:36.076+0000][1][safepoint    ] Total time for which application threads were stopped: 0.0000793 seconds, Stopping threads took: 0.0000087 seconds
[2019-12-09T03:50:36.107+0000][1][safepoint    ] Application time: 0.0304431 seconds
[2019-12-09T03:50:36.107+0000][1][safepoint    ] Entering safepoint region: RevokeBias
[2019-12-09T03:50:36.107+0000][1][safepoint    ] Leaving safepoint region
[2019-12-09T03:50:36.107+0000][1][safepoint    ] Total time for which application threads were stopped: 0.0001057 seconds, Stopping threads took: 0.0000150 seconds
[2019-12-09T03:50:36.116+0000][1][safepoint    ] Application time: 0.0095524 seconds
[2019-12-09T03:50:36.123+0000][1][safepoint    ] Entering safepoint region: RevokeBias
[2019-12-09T03:50:36.123+0000][1][safepoint    ] Leaving safepoint region
[2019-12-09T03:50:36.123+0000][1][safepoint    ] Total time for which application threads were stopped: 0.0065070 seconds, Stopping threads took: 0.0064257 seconds
[2019-12-09T03:50:36.124+0000][1][safepoint    ] Application time: 0.0007982 seconds
[2019-12-09T03:50:36.124+0000][1][safepoint    ] Entering safepoint region: RevokeBias
[2019-12-09T03:50:36.124+0000][1][safepoint    ] Leaving safepoint region
[2019-12-09T03:50:36.124+0000][1][safepoint    ] Total time for which application threads were stopped: 0.0000496 seconds, Stopping threads took: 0.0000132 seconds
[2019-12-09T03:50:36.131+0000][1][safepoint    ] Application time: 0.0074873 seconds
[2019-12-09T03:50:36.138+0000][1][safepoint    ] Entering safepoint region: RevokeBias
[2019-12-09T03:50:36.138+0000][1][safepoint    ] Leaving safepoint region
[2019-12-09T03:50:36.138+0000][1][safepoint    ] Total time for which application threads were stopped: 0.0064376 seconds, Stopping threads took: 0.0063796 seconds
[2019-12-09T03:50:36.152+0000][1][safepoint    ] Application time: 0.0138779 seconds
[2019-12-09T03:50:36.156+0000][1][safepoint    ] Entering safepoint region: RevokeBias
[2019-12-09T03:50:36.156+0000][1][safepoint    ] Leaving safepoint region
[2019-12-09T03:50:36.156+0000][1][safepoint    ] Total time for which application threads were stopped: 0.0040588 seconds, Stopping threads took: 0.0040133 seconds
[2019-12-09T03:50:37.206+0000][1][safepoint    ] Application time: 1.0502004 seconds
[2019-12-09T03:50:37.241+0000][1][safepoint    ] Entering safepoint region: RevokeBias
[2019-12-09T03:50:37.241+0000][1][safepoint    ] Leaving safepoint region
[2019-12-09T03:50:37.241+0000][1][safepoint    ] Total time for which application threads were stopped: 0.0348521 seconds, Stopping threads took: 0.0347380 seconds
[2019-12-09T03:50:37.241+0000][1][safepoint    ] Application time: 0.0001097 seconds
[2019-12-09T03:50:37.241+0000][1][safepoint    ] Entering safepoint region: RevokeBias
[2019-12-09T03:50:37.241+0000][1][safepoint    ] Leaving safepoint region
[2019-12-09T03:50:37.241+0000][1][safepoint    ] Total time for which application threads were stopped: 0.0000364 seconds, Stopping threads took: 0.0000099 seconds
[2019-12-09T03:50:37.730+0000][1][safepoint    ] Application time: 0.4892270 seconds
[2019-12-09T03:50:37.730+0000][1][safepoint    ] Entering safepoint region: GenCollectForAllocation
[2019-12-09T03:50:37.730+0000][1][gc,start     ] GC(20) Pause Young (Allocation Failure)
[2019-12-09T03:50:37.730+0000][1][gc,task      ] GC(20) Using 2 workers of 2 for evacuation
[2019-12-09T03:50:37.981+0000][1][gc,age       ] GC(20) Desired survivor size 4456448 bytes, new threshold 2 (max threshold 6)
[2019-12-09T03:50:37.981+0000][1][gc,age       ] GC(20) Age table with threshold 2 (max threshold 6)
[2019-12-09T03:50:37.981+0000][1][gc,age       ] GC(20) - age   1:    2816536 bytes,    2816536 total
[2019-12-09T03:50:37.981+0000][1][gc,age       ] GC(20) - age   2:    2455080 bytes,    5271616 total
[2019-12-09T03:50:37.981+0000][1][gc,heap      ] GC(20) ParNew: 77213K->7378K(78656K)
[2019-12-09T03:50:37.981+0000][1][gc,heap      ] GC(20) CMS: 54438K->57570K(174784K)
[2019-12-09T03:50:37.981+0000][1][gc,metaspace ] GC(20) Metaspace: 48313K->48313K(1093632K)
[2019-12-09T03:50:37.981+0000][1][gc           ] GC(20) Pause Young (Allocation Failure) 128M->63M(247M) 250.870ms
[2019-12-09T03:50:37.981+0000][1][gc,cpu       ] GC(20) User=0.07s Sys=0.00s Real=0.25s
[2019-12-09T03:50:37.981+0000][1][safepoint    ] Leaving safepoint region
[2019-12-09T03:50:37.981+0000][1][safepoint    ] Total time for which application threads were stopped: 0.2510088 seconds, Stopping threads took: 0.0000150 seconds
[2019-12-09T03:50:38.396+0000][1][safepoint    ] Application time: 0.4146684 seconds
[2019-12-09T03:50:38.421+0000][1][safepoint    ] Entering safepoint region: RevokeBias
[2019-12-09T03:50:38.421+0000][1][safepoint    ] Leaving safepoint region
[2019-12-09T03:50:38.421+0000][1][safepoint    ] Total time for which application threads were stopped: 0.0247645 seconds, Stopping threads took: 0.0246976 seconds
[2019-12-09T03:50:39.068+0000][1][safepoint    ] Application time: 0.6472319 seconds
[2019-12-09T03:50:39.068+0000][1][safepoint    ] Entering safepoint region: RevokeBias
[2019-12-09T03:50:39.069+0000][1][safepoint    ] Leaving safepoint region
[2019-12-09T03:50:39.069+0000][1][safepoint    ] Total time for which application threads were stopped: 0.0004644 seconds, Stopping threads took: 0.0000154 seconds
[2019-12-09T03:50:39.428+0000][1][safepoint    ] Application time: 0.3593980 seconds
[2019-12-09T03:50:39.428+0000][1][safepoint    ] Entering safepoint region: RevokeBias
[2019-12-09T03:50:39.428+0000][1][safepoint    ] Leaving safepoint region
[2019-12-09T03:50:39.428+0000][1][safepoint    ] Total time for which application threads were stopped: 0.0000810 seconds, Stopping threads took: 0.0000167 seconds
[2019-12-09T03:50:39.728+0000][1][safepoint    ] Application time: 0.2994524 seconds
[2019-12-09T03:50:39.728+0000][1][safepoint    ] Entering safepoint region: RevokeBias
[2019-12-09T03:50:39.728+0000][1][safepoint    ] Leaving safepoint region
[2019-12-09T03:50:39.728+0000][1][safepoint    ] Total time for which application threads were stopped: 0.0000824 seconds, Stopping threads took: 0.0000169 seconds
[2019-12-09T03:50:39.729+0000][1][safepoint    ] Application time: 0.0010808 seconds
[2019-12-09T03:50:39.729+0000][1][safepoint    ] Entering safepoint region: RevokeBias
[2019-12-09T03:50:39.729+0000][1][safepoint    ] Leaving safepoint region
[2019-12-09T03:50:39.729+0000][1][safepoint    ] Total time for which application threads were stopped: 0.0000563 seconds, Stopping threads took: 0.0000140 seconds
[2019-12-09T03:50:39.812+0000][1][safepoint    ] Application time: 0.0826611 seconds
[2019-12-09T03:50:39.812+0000][1][safepoint    ] Entering safepoint region: RevokeBias
[2019-12-09T03:50:39.812+0000][1][safepoint    ] Leaving safepoint region
[2019-12-09T03:50:39.812+0000][1][safepoint    ] Total time for which application threads were stopped: 0.0000752 seconds, Stopping threads took: 0.0000160 seconds
[2019-12-09T03:50:39.815+0000][1][safepoint    ] Application time: 0.0033844 seconds
[2019-12-09T03:50:39.815+0000][1][safepoint    ] Entering safepoint region: RevokeBias
[2019-12-09T03:50:39.815+0000][1][safepoint    ] Leaving safepoint region
[2019-12-09T03:50:39.815+0000][1][safepoint    ] Total time for which application threads were stopped: 0.0000538 seconds, Stopping threads took: 0.0000129 seconds
[2019-12-09T03:50:39.896+0000][1][safepoint    ] Application time: 0.0811567 seconds
[2019-12-09T03:50:39.896+0000][1][safepoint    ] Entering safepoint region: RevokeBias
[2019-12-09T03:50:39.896+0000][1][safepoint    ] Leaving safepoint region
[2019-12-09T03:50:39.896+0000][1][safepoint    ] Total time for which application threads were stopped: 0.0000715 seconds, Stopping threads took: 0.0000159 seconds
[2019-12-09T03:50:39.991+0000][1][safepoint    ] Application time: 0.0948214 seconds
[2019-12-09T03:50:39.991+0000][1][safepoint    ] Entering safepoint region: RevokeBias
[2019-12-09T03:50:39.991+0000][1][safepoint    ] Leaving safepoint region
[2019-12-09T03:50:39.991+0000][1][safepoint    ] Total time for which application threads were stopped: 0.0000644 seconds, Stopping threads took: 0.0000133 seconds
[2019-12-09T03:50:40.049+0000][1][safepoint    ] Application time: 0.0581769 seconds
[2019-12-09T03:50:40.050+0000][1][safepoint    ] Entering safepoint region: RevokeBias
[2019-12-09T03:50:40.050+0000][1][safepoint    ] Leaving safepoint region
[2019-12-09T03:50:40.050+0000][1][safepoint    ] Total time for which application threads were stopped: 0.0000763 seconds, Stopping threads took: 0.0000173 seconds
[2019-12-09T03:50:40.168+0000][1][safepoint    ] Application time: 0.1187301 seconds
[2019-12-09T03:50:40.168+0000][1][safepoint    ] Entering safepoint region: RevokeBias
[2019-12-09T03:50:40.168+0000][1][safepoint    ] Leaving safepoint region
[2019-12-09T03:50:40.168+0000][1][safepoint    ] Total time for which application threads were stopped: 0.0000705 seconds, Stopping threads took: 0.0000147 seconds
[2019-12-09T03:50:41.170+0000][1][safepoint    ] Application time: 1.0012859 seconds
[2019-12-09T03:50:41.257+0000][1][safepoint    ] Entering safepoint region: Cleanup
[2019-12-09T03:50:41.257+0000][1][safepoint    ] Leaving safepoint region
[2019-12-09T03:50:41.257+0000][1][safepoint    ] Total time for which application threads were stopped: 0.0874946 seconds, Stopping threads took: 0.0870087 seconds
[2019-12-09T03:50:42.244+0000][1][safepoint    ] Application time: 0.9868737 seconds
[2019-12-09T03:50:42.244+0000][1][safepoint    ] Entering safepoint region: RevokeBias
[2019-12-09T03:50:42.244+0000][1][safepoint    ] Leaving safepoint region
[2019-12-09T03:50:42.244+0000][1][safepoint    ] Total time for which application threads were stopped: 0.0001163 seconds, Stopping threads took: 0.0000164 seconds
[2019-12-09T03:50:43.249+0000][1][safepoint    ] Application time: 1.0044003 seconds
[2019-12-09T03:50:43.249+0000][1][safepoint    ] Entering safepoint region: Cleanup
[2019-12-09T03:50:43.249+0000][1][safepoint    ] Leaving safepoint region
[2019-12-09T03:50:43.249+0000][1][safepoint    ] Total time for which application threads were stopped: 0.0001700 seconds, Stopping threads took: 0.0000937 seconds
[2019-12-09T03:50:43.986+0000][1][safepoint    ] Application time: 0.7367828 seconds
[2019-12-09T03:50:43.986+0000][1][safepoint    ] Entering safepoint region: RevokeBias
[2019-12-09T03:50:43.986+0000][1][safepoint    ] Leaving safepoint region
[2019-12-09T03:50:43.986+0000][1][safepoint    ] Total time for which application threads were stopped: 0.0001239 seconds, Stopping threads took: 0.0000171 seconds
[2019-12-09T03:50:44.024+0000][1][safepoint    ] Application time: 0.0378971 seconds
[2019-12-09T03:50:44.024+0000][1][safepoint    ] Entering safepoint region: RevokeBias
[2019-12-09T03:50:44.024+0000][1][safepoint    ] Leaving safepoint region
[2019-12-09T03:50:44.024+0000][1][safepoint    ] Total time for which application threads were stopped: 0.0000772 seconds, Stopping threads took: 0.0000161 seconds
[2019-12-09T03:50:44.212+0000][1][safepoint    ] Application time: 0.1878607 seconds
[2019-12-09T03:50:44.220+0000][1][safepoint    ] Entering safepoint region: GenCollectForAllocation
[2019-12-09T03:50:44.220+0000][1][gc,start     ] GC(21) Pause Young (Allocation Failure)
[2019-12-09T03:50:44.220+0000][1][gc,task      ] GC(21) Using 2 workers of 2 for evacuation
[2019-12-09T03:50:44.307+0000][1][gc,age       ] GC(21) Desired survivor size 4456448 bytes, new threshold 6 (max threshold 6)
[2019-12-09T03:50:44.307+0000][1][gc,age       ] GC(21) Age table with threshold 6 (max threshold 6)
[2019-12-09T03:50:44.307+0000][1][gc,age       ] GC(21) - age   1:    1565976 bytes,    1565976 total
[2019-12-09T03:50:44.307+0000][1][gc,age       ] GC(21) - age   2:    2749376 bytes,    4315352 total
[2019-12-09T03:50:44.307+0000][1][gc,heap      ] GC(21) ParNew: 77330K->7636K(78656K)
[2019-12-09T03:50:44.307+0000][1][gc,heap      ] GC(21) CMS: 57570K->60033K(174784K)
[2019-12-09T03:50:44.307+0000][1][gc,metaspace ] GC(21) Metaspace: 55749K->55749K(1099776K)
[2019-12-09T03:50:44.307+0000][1][gc           ] GC(21) Pause Young (Allocation Failure) 131M->66M(247M) 87.262ms
[2019-12-09T03:50:44.307+0000][1][gc,cpu       ] GC(21) User=0.04s Sys=0.00s Real=0.09s
[2019-12-09T03:50:44.307+0000][1][safepoint    ] Leaving safepoint region
[2019-12-09T03:50:44.307+0000][1][safepoint    ] Total time for which application threads were stopped: 0.0953502 seconds, Stopping threads took: 0.0079656 seconds
[2019-12-09T03:50:44.321+0000][1][safepoint    ] Application time: 0.0139813 seconds
[2019-12-09T03:50:44.324+0000][1][safepoint    ] Entering safepoint region: RevokeBias
[2019-12-09T03:50:44.324+0000][1][safepoint    ] Leaving safepoint region
[2019-12-09T03:50:44.324+0000][1][safepoint    ] Total time for which application threads were stopped: 0.0028613 seconds, Stopping threads took: 0.0027965 seconds
[2019-12-09T03:50:44.324+0000][1][safepoint    ] Application time: 0.0001986 seconds
[2019-12-09T03:50:44.324+0000][1][safepoint    ] Entering safepoint region: RevokeBias
[2019-12-09T03:50:44.324+0000][1][safepoint    ] Leaving safepoint region
[2019-12-09T03:50:44.324+0000][1][safepoint    ] Total time for which application threads were stopped: 0.0000559 seconds, Stopping threads took: 0.0000103 seconds
[2019-12-09T03:50:44.324+0000][1][safepoint    ] Application time: 0.0000631 seconds
[2019-12-09T03:50:44.324+0000][1][safepoint    ] Entering safepoint region: RevokeBias
[2019-12-09T03:50:44.324+0000][1][safepoint    ] Leaving safepoint region
[2019-12-09T03:50:44.324+0000][1][safepoint    ] Total time for which application threads were stopped: 0.0000458 seconds, Stopping threads took: 0.0000092 seconds
[2019-12-09T03:50:44.325+0000][1][safepoint    ] Application time: 0.0001872 seconds
[2019-12-09T03:50:44.325+0000][1][safepoint    ] Entering safepoint region: RevokeBias
[2019-12-09T03:50:44.325+0000][1][safepoint    ] Leaving safepoint region
[2019-12-09T03:50:44.325+0000][1][safepoint    ] Total time for which application threads were stopped: 0.0000731 seconds, Stopping threads took: 0.0000115 seconds
[2019-12-09T03:50:45.356+0000][1][safepoint    ] Application time: 1.0310138 seconds
[2019-12-09T03:50:45.356+0000][1][safepoint    ] Entering safepoint region: Deoptimize
[2019-12-09T03:50:45.356+0000][1][safepoint    ] Leaving safepoint region
[2019-12-09T03:50:45.356+0000][1][safepoint    ] Total time for which application threads were stopped: 0.0006676 seconds, Stopping threads took: 0.0000190 seconds
[2019-12-09T03:50:45.480+0000][1][safepoint    ] Application time: 0.1231792 seconds
[2019-12-09T03:50:45.480+0000][1][safepoint    ] Entering safepoint region: RevokeBias
[2019-12-09T03:50:45.480+0000][1][safepoint    ] Leaving safepoint region
[2019-12-09T03:50:45.480+0000][1][safepoint    ] Total time for which application threads were stopped: 0.0001027 seconds, Stopping threads took: 0.0000319 seconds
[2019-12-09T03:50:45.497+0000][1][safepoint    ] Application time: 0.0174099 seconds
[2019-12-09T03:50:45.497+0000][1][safepoint    ] Entering safepoint region: RevokeBias
[2019-12-09T03:50:45.497+0000][1][safepoint    ] Leaving safepoint region
[2019-12-09T03:50:45.497+0000][1][safepoint    ] Total time for which application threads were stopped: 0.0000679 seconds, Stopping threads took: 0.0000146 seconds
[2019-12-09T03:50:45.498+0000][1][safepoint    ] Application time: 0.0003079 seconds
[2019-12-09T03:50:45.498+0000][1][safepoint    ] Entering safepoint region: RevokeBias
[2019-12-09T03:50:45.498+0000][1][safepoint    ] Leaving safepoint region
[2019-12-09T03:50:45.498+0000][1][safepoint    ] Total time for which application threads were stopped: 0.0000575 seconds, Stopping threads took: 0.0000120 seconds
[2019-12-09T03:50:45.520+0000][1][safepoint    ] Application time: 0.0221896 seconds
[2019-12-09T03:50:45.520+0000][1][safepoint    ] Entering safepoint region: BulkRevokeBias
[2019-12-09T03:50:45.520+0000][1][safepoint    ] Leaving safepoint region
[2019-12-09T03:50:45.520+0000][1][safepoint    ] Total time for which application threads were stopped: 0.0002841 seconds, Stopping threads took: 0.0000133 seconds
[2019-12-09T03:50:45.800+0000][1][safepoint    ] Application time: 0.2795125 seconds
[2019-12-09T03:50:45.800+0000][1][safepoint    ] Entering safepoint region: RevokeBias
[2019-12-09T03:50:45.800+0000][1][safepoint    ] Leaving safepoint region
[2019-12-09T03:50:45.800+0000][1][safepoint    ] Total time for which application threads were stopped: 0.0000904 seconds, Stopping threads took: 0.0000154 seconds
[2019-12-09T03:50:45.840+0000][1][safepoint    ] Application time: 0.0398503 seconds
[2019-12-09T03:50:45.840+0000][1][safepoint    ] Entering safepoint region: RevokeBias
[2019-12-09T03:50:45.840+0000][1][safepoint    ] Leaving safepoint region
[2019-12-09T03:50:45.840+0000][1][safepoint    ] Total time for which application threads were stopped: 0.0001744 seconds, Stopping threads took: 0.0000897 seconds
[2019-12-09T03:50:45.868+0000][1][safepoint    ] Application time: 0.0277874 seconds
[2019-12-09T03:50:45.868+0000][1][safepoint    ] Entering safepoint region: RevokeBias
[2019-12-09T03:50:45.868+0000][1][safepoint    ] Leaving safepoint region
[2019-12-09T03:50:45.868+0000][1][safepoint    ] Total time for which application threads were stopped: 0.0000940 seconds, Stopping threads took: 0.0000162 seconds
[2019-12-09T03:50:45.919+0000][1][safepoint    ] Application time: 0.0510001 seconds
[2019-12-09T03:50:45.919+0000][1][safepoint    ] Entering safepoint region: RevokeBias
[2019-12-09T03:50:45.919+0000][1][safepoint    ] Leaving safepoint region
[2019-12-09T03:50:45.919+0000][1][safepoint    ] Total time for which application threads were stopped: 0.0000931 seconds, Stopping threads took: 0.0000144 seconds
[2019-12-09T03:50:46.920+0000][1][safepoint    ] Application time: 1.0007437 seconds
[2019-12-09T03:50:46.923+0000][1][safepoint    ] Entering safepoint region: Cleanup
[2019-12-09T03:50:46.924+0000][1][safepoint    ] Leaving safepoint region
[2019-12-09T03:50:46.924+0000][1][safepoint    ] Total time for which application threads were stopped: 0.0041848 seconds, Stopping threads took: 0.0029690 seconds
[2019-12-09T03:50:47.875+0000][1][safepoint    ] Application time: 0.9507885 seconds
[2019-12-09T03:50:47.875+0000][1][safepoint    ] Entering safepoint region: Deoptimize
[2019-12-09T03:50:47.875+0000][1][safepoint    ] Leaving safepoint region
[2019-12-09T03:50:47.875+0000][1][safepoint    ] Total time for which application threads were stopped: 0.0006594 seconds, Stopping threads took: 0.0000157 seconds
[2019-12-09T03:50:48.904+0000][1][safepoint    ] Application time: 1.0282662 seconds
[2019-12-09T03:50:48.904+0000][1][safepoint    ] Entering safepoint region: Cleanup
[2019-12-09T03:50:48.904+0000][1][safepoint    ] Leaving safepoint region
[2019-12-09T03:50:48.904+0000][1][safepoint    ] Total time for which application threads were stopped: 0.0006292 seconds, Stopping threads took: 0.0005676 seconds
[2019-12-09T03:50:49.921+0000][1][safepoint    ] Application time: 1.0163188 seconds
[2019-12-09T03:50:49.921+0000][1][safepoint    ] Entering safepoint region: Cleanup
[2019-12-09T03:50:49.921+0000][1][safepoint    ] Leaving safepoint region
[2019-12-09T03:50:49.921+0000][1][safepoint    ] Total time for which application threads were stopped: 0.0001107 seconds, Stopping threads took: 0.0000519 seconds
[2019-12-09T03:50:50.923+0000][1][safepoint    ] Application time: 1.0018502 seconds
[2019-12-09T03:50:50.936+0000][1][safepoint    ] Entering safepoint region: Cleanup
[2019-12-09T03:50:50.936+0000][1][safepoint    ] Leaving safepoint region
[2019-12-09T03:50:50.936+0000][1][safepoint    ] Total time for which application threads were stopped: 0.0135310 seconds, Stopping threads took: 0.0134616 seconds
[2019-12-09T03:50:51.090+0000][1][safepoint    ] Application time: 0.1534386 seconds
[2019-12-09T03:50:51.090+0000][1][safepoint    ] Entering safepoint region: RevokeBias
[2019-12-09T03:50:51.090+0000][1][safepoint    ] Leaving safepoint region
[2019-12-09T03:50:51.090+0000][1][safepoint    ] Total time for which application threads were stopped: 0.0000806 seconds, Stopping threads took: 0.0000152 seconds
[2019-12-09T03:50:51.104+0000][1][safepoint    ] Application time: 0.0138796 seconds
[2019-12-09T03:50:51.104+0000][1][safepoint    ] Entering safepoint region: GenCollectForAllocation
[2019-12-09T03:50:51.104+0000][1][gc,start     ] GC(22) Pause Young (Allocation Failure)
[2019-12-09T03:50:51.104+0000][1][gc,task      ] GC(22) Using 2 workers of 2 for evacuation
[2019-12-09T03:50:51.226+0000][1][gc,age       ] GC(22) Desired survivor size 4456448 bytes, new threshold 2 (max threshold 6)
[2019-12-09T03:50:51.226+0000][1][gc,age       ] GC(22) Age table with threshold 2 (max threshold 6)
[2019-12-09T03:50:51.227+0000][1][gc,age       ] GC(22) - age   1:    3481440 bytes,    3481440 total
[2019-12-09T03:50:51.227+0000][1][gc,age       ] GC(22) - age   2:    1415008 bytes,    4896448 total
[2019-12-09T03:50:51.227+0000][1][gc,age       ] GC(22) - age   3:    2649768 bytes,    7546216 total
[2019-12-09T03:50:51.227+0000][1][gc,heap      ] GC(22) ParNew: 77588K->8704K(78656K)
[2019-12-09T03:50:51.227+0000][1][gc,heap      ] GC(22) CMS: 60033K->60315K(174784K)
[2019-12-09T03:50:51.227+0000][1][gc,metaspace ] GC(22) Metaspace: 62695K->62695K(1105920K)
[2019-12-09T03:50:51.227+0000][1][gc           ] GC(22) Pause Young (Allocation Failure) 134M->67M(247M) 122.772ms
[2019-12-09T03:50:51.227+0000][1][gc,cpu       ] GC(22) User=0.04s Sys=0.00s Real=0.13s
[2019-12-09T03:50:51.227+0000][1][safepoint    ] Leaving safepoint region
[2019-12-09T03:50:51.227+0000][1][safepoint    ] Total time for which application threads were stopped: 0.1229162 seconds, Stopping threads took: 0.0000152 seconds
[2019-12-09T03:50:51.820+0000][1][safepoint    ] Application time: 0.5930611 seconds
[2019-12-09T03:50:51.820+0000][1][safepoint    ] Entering safepoint region: Deoptimize
[2019-12-09T03:50:51.821+0000][1][safepoint    ] Leaving safepoint region
[2019-12-09T03:50:51.821+0000][1][safepoint    ] Total time for which application threads were stopped: 0.0007567 seconds, Stopping threads took: 0.0000173 seconds
[2019-12-09T03:50:51.960+0000][1][safepoint    ] Application time: 0.1394469 seconds
[2019-12-09T03:50:51.960+0000][1][safepoint    ] Entering safepoint region: BulkRevokeBias
[2019-12-09T03:50:51.960+0000][1][safepoint    ] Leaving safepoint region
[2019-12-09T03:50:51.960+0000][1][safepoint    ] Total time for which application threads were stopped: 0.0001918 seconds, Stopping threads took: 0.0000158 seconds
[2019-12-09T03:50:51.962+0000][1][safepoint    ] Application time: 0.0013364 seconds
[2019-12-09T03:50:51.962+0000][1][safepoint    ] Entering safepoint region: RevokeBias
[2019-12-09T03:50:51.962+0000][1][safepoint    ] Leaving safepoint region
[2019-12-09T03:50:51.962+0000][1][safepoint    ] Total time for which application threads were stopped: 0.0000727 seconds, Stopping threads took: 0.0000133 seconds
[2019-12-09T03:50:51.973+0000][1][safepoint    ] Application time: 0.0114106 seconds
[2019-12-09T03:50:51.973+0000][1][safepoint    ] Entering safepoint region: RevokeBias
[2019-12-09T03:50:51.973+0000][1][safepoint    ] Leaving safepoint region
[2019-12-09T03:50:51.973+0000][1][safepoint    ] Total time for which application threads were stopped: 0.0000798 seconds, Stopping threads took: 0.0000133 seconds
[2019-12-09T03:50:51.973+0000][1][safepoint    ] Application time: 0.0000643 seconds
[2019-12-09T03:50:51.973+0000][1][safepoint    ] Entering safepoint region: RevokeBias
[2019-12-09T03:50:51.973+0000][1][safepoint    ] Leaving safepoint region
[2019-12-09T03:50:51.973+0000][1][safepoint    ] Total time for which application threads were stopped: 0.0000503 seconds, Stopping threads took: 0.0000081 seconds
[2019-12-09T03:50:51.974+0000][1][safepoint    ] Application time: 0.0003800 seconds
[2019-12-09T03:50:51.974+0000][1][safepoint    ] Entering safepoint region: RevokeBias
[2019-12-09T03:50:51.974+0000][1][safepoint    ] Leaving safepoint region
[2019-12-09T03:50:51.974+0000][1][safepoint    ] Total time for which application threads were stopped: 0.0000648 seconds, Stopping threads took: 0.0000120 seconds
[2019-12-09T03:50:51.974+0000][1][safepoint    ] Application time: 0.0001953 seconds
[2019-12-09T03:50:51.974+0000][1][safepoint    ] Entering safepoint region: RevokeBias
[2019-12-09T03:50:51.974+0000][1][safepoint    ] Leaving safepoint region
[2019-12-09T03:50:51.974+0000][1][safepoint    ] Total time for which application threads were stopped: 0.0000548 seconds, Stopping threads took: 0.0000091 seconds
[2019-12-09T03:50:51.982+0000][1][safepoint    ] Application time: 0.0076727 seconds
[2019-12-09T03:50:51.982+0000][1][safepoint    ] Entering safepoint region: RevokeBias
[2019-12-09T03:50:51.982+0000][1][safepoint    ] Leaving safepoint region
[2019-12-09T03:50:51.982+0000][1][safepoint    ] Total time for which application threads were stopped: 0.0000698 seconds, Stopping threads took: 0.0000127 seconds
[2019-12-09T03:50:51.988+0000][1][safepoint    ] Application time: 0.0058260 seconds
[2019-12-09T03:50:51.994+0000][1][safepoint    ] Entering safepoint region: RevokeBias
[2019-12-09T03:50:51.994+0000][1][safepoint    ] Leaving safepoint region
[2019-12-09T03:50:51.994+0000][1][safepoint    ] Total time for which application threads were stopped: 0.0060923 seconds, Stopping threads took: 0.0060250 seconds
[2019-12-09T03:50:51.994+0000][1][safepoint    ] Application time: 0.0001527 seconds
[2019-12-09T03:50:51.994+0000][1][safepoint    ] Entering safepoint region: RevokeBias
[2019-12-09T03:50:51.994+0000][1][safepoint    ] Leaving safepoint region
[2019-12-09T03:50:51.994+0000][1][safepoint    ] Total time for which application threads were stopped: 0.0000634 seconds, Stopping threads took: 0.0000100 seconds
[2019-12-09T03:50:52.015+0000][1][safepoint    ] Application time: 0.0206871 seconds
[2019-12-09T03:50:52.015+0000][1][safepoint    ] Entering safepoint region: Deoptimize
[2019-12-09T03:50:52.015+0000][1][safepoint    ] Leaving safepoint region
[2019-12-09T03:50:52.015+0000][1][safepoint    ] Total time for which application threads were stopped: 0.0006912 seconds, Stopping threads took: 0.0000147 seconds
[2019-12-09T03:50:52.016+0000][1][safepoint    ] Application time: 0.0005854 seconds
[2019-12-09T03:50:52.016+0000][1][safepoint    ] Entering safepoint region: RevokeBias
[2019-12-09T03:50:52.016+0000][1][safepoint    ] Leaving safepoint region
[2019-12-09T03:50:52.016+0000][1][safepoint    ] Total time for which application threads were stopped: 0.0000542 seconds, Stopping threads took: 0.0000120 seconds
[2019-12-09T03:50:52.026+0000][1][safepoint    ] Application time: 0.0099929 seconds
[2019-12-09T03:50:52.026+0000][1][safepoint    ] Entering safepoint region: RevokeBias
[2019-12-09T03:50:52.026+0000][1][safepoint    ] Leaving safepoint region
[2019-12-09T03:50:52.026+0000][1][safepoint    ] Total time for which application threads were stopped: 0.0001357 seconds, Stopping threads took: 0.0000567 seconds
[2019-12-09T03:50:52.026+0000][1][safepoint    ] Application time: 0.0000750 seconds
[2019-12-09T03:50:52.026+0000][1][safepoint    ] Entering safepoint region: RevokeBias
[2019-12-09T03:50:52.026+0000][1][safepoint    ] Leaving safepoint region
[2019-12-09T03:50:52.026+0000][1][safepoint    ] Total time for which application threads were stopped: 0.0000532 seconds, Stopping threads took: 0.0000094 seconds
[2019-12-09T03:50:52.027+0000][1][safepoint    ] Application time: 0.0000562 seconds
[2019-12-09T03:50:52.027+0000][1][safepoint    ] Entering safepoint region: RevokeBias
[2019-12-09T03:50:52.027+0000][1][safepoint    ] Leaving safepoint region
[2019-12-09T03:50:52.027+0000][1][safepoint    ] Total time for which application threads were stopped: 0.0000465 seconds, Stopping threads took: 0.0000081 seconds
[2019-12-09T03:50:52.027+0000][1][safepoint    ] Application time: 0.0000557 seconds
[2019-12-09T03:50:52.027+0000][1][safepoint    ] Entering safepoint region: RevokeBias
[2019-12-09T03:50:52.027+0000][1][safepoint    ] Leaving safepoint region
[2019-12-09T03:50:52.027+0000][1][safepoint    ] Total time for which application threads were stopped: 0.0000660 seconds, Stopping threads took: 0.0000081 seconds
[2019-12-09T03:50:52.027+0000][1][safepoint    ] Application time: 0.0000682 seconds
[2019-12-09T03:50:52.027+0000][1][safepoint    ] Entering safepoint region: RevokeBias
[2019-12-09T03:50:52.027+0000][1][safepoint    ] Leaving safepoint region
[2019-12-09T03:50:52.027+0000][1][safepoint    ] Total time for which application threads were stopped: 0.0000480 seconds, Stopping threads took: 0.0000073 seconds
[2019-12-09T03:50:52.027+0000][1][safepoint    ] Application time: 0.0000565 seconds
[2019-12-09T03:50:52.027+0000][1][safepoint    ] Entering safepoint region: RevokeBias
[2019-12-09T03:50:52.027+0000][1][safepoint    ] Leaving safepoint region
[2019-12-09T03:50:52.027+0000][1][safepoint    ] Total time for which application threads were stopped: 0.0000482 seconds, Stopping threads took: 0.0000090 seconds
[2019-12-09T03:50:52.027+0000][1][safepoint    ] Application time: 0.0000624 seconds
[2019-12-09T03:50:52.027+0000][1][safepoint    ] Entering safepoint region: RevokeBias
[2019-12-09T03:50:52.027+0000][1][safepoint    ] Leaving safepoint region
[2019-12-09T03:50:52.027+0000][1][safepoint    ] Total time for which application threads were stopped: 0.0000485 seconds, Stopping threads took: 0.0000091 seconds
[2019-12-09T03:50:52.027+0000][1][safepoint    ] Application time: 0.0000629 seconds
[2019-12-09T03:50:52.027+0000][1][safepoint    ] Entering safepoint region: RevokeBias
[2019-12-09T03:50:52.027+0000][1][safepoint    ] Leaving safepoint region
[2019-12-09T03:50:52.027+0000][1][safepoint    ] Total time for which application threads were stopped: 0.0000514 seconds, Stopping threads took: 0.0000092 seconds
[2019-12-09T03:50:52.523+0000][1][safepoint    ] Application time: 0.4959664 seconds
[2019-12-09T03:50:52.590+0000][1][safepoint    ] Entering safepoint region: RevokeBias
[2019-12-09T03:50:52.590+0000][1][safepoint    ] Leaving safepoint region
[2019-12-09T03:50:52.590+0000][1][safepoint    ] Total time for which application threads were stopped: 0.0667041 seconds, Stopping threads took: 0.0665146 seconds
[2019-12-09T03:50:52.590+0000][1][safepoint    ] Application time: 0.0002237 seconds
[2019-12-09T03:50:52.590+0000][1][safepoint    ] Entering safepoint region: RevokeBias
[2019-12-09T03:50:52.590+0000][1][safepoint    ] Leaving safepoint region
[2019-12-09T03:50:52.590+0000][1][safepoint    ] Total time for which application threads were stopped: 0.0000859 seconds, Stopping threads took: 0.0000142 seconds
[2019-12-09T03:50:52.590+0000][1][safepoint    ] Application time: 0.0000963 seconds
[2019-12-09T03:50:52.590+0000][1][safepoint    ] Entering safepoint region: RevokeBias
[2019-12-09T03:50:52.590+0000][1][safepoint    ] Leaving safepoint region
[2019-12-09T03:50:52.590+0000][1][safepoint    ] Total time for which application threads were stopped: 0.0000628 seconds, Stopping threads took: 0.0000103 seconds
[2019-12-09T03:50:52.591+0000][1][safepoint    ] Application time: 0.0003422 seconds
[2019-12-09T03:50:52.591+0000][1][safepoint    ] Entering safepoint region: RevokeBias
[2019-12-09T03:50:52.591+0000][1][safepoint    ] Leaving safepoint region
[2019-12-09T03:50:52.591+0000][1][safepoint    ] Total time for which application threads were stopped: 0.0000729 seconds, Stopping threads took: 0.0000129 seconds
[2019-12-09T03:50:52.591+0000][1][safepoint    ] Application time: 0.0000662 seconds
[2019-12-09T03:50:52.591+0000][1][safepoint    ] Entering safepoint region: RevokeBias
[2019-12-09T03:50:52.591+0000][1][safepoint    ] Leaving safepoint region
[2019-12-09T03:50:52.591+0000][1][safepoint    ] Total time for which application threads were stopped: 0.0000545 seconds, Stopping threads took: 0.0000084 seconds
[2019-12-09T03:50:52.605+0000][1][safepoint    ] Application time: 0.0135429 seconds
[2019-12-09T03:50:52.605+0000][1][safepoint    ] Entering safepoint region: RevokeBias
[2019-12-09T03:50:52.605+0000][1][safepoint    ] Leaving safepoint region
[2019-12-09T03:50:52.605+0000][1][safepoint    ] Total time for which application threads were stopped: 0.0001144 seconds, Stopping threads took: 0.0000530 seconds
[2019-12-09T03:50:52.620+0000][1][safepoint    ] Application time: 0.0151003 seconds
[2019-12-09T03:50:52.622+0000][1][safepoint    ] Entering safepoint region: RevokeBias
[2019-12-09T03:50:52.622+0000][1][safepoint    ] Leaving safepoint region
[2019-12-09T03:50:52.622+0000][1][safepoint    ] Total time for which application threads were stopped: 0.0019223 seconds, Stopping threads took: 0.0018642 seconds
[2019-12-09T03:50:52.627+0000][1][safepoint    ] Application time: 0.0047529 seconds
[2019-12-09T03:50:52.633+0000][1][safepoint    ] Entering safepoint region: RevokeBias
[2019-12-09T03:50:52.633+0000][1][safepoint    ] Leaving safepoint region
[2019-12-09T03:50:52.633+0000][1][safepoint    ] Total time for which application threads were stopped: 0.0062543 seconds, Stopping threads took: 0.0061975 seconds
[2019-12-09T03:50:52.681+0000][1][safepoint    ] Application time: 0.0480061 seconds
[2019-12-09T03:50:52.681+0000][1][safepoint    ] Entering safepoint region: RevokeBias
[2019-12-09T03:50:52.681+0000][1][safepoint    ] Leaving safepoint region
[2019-12-09T03:50:52.681+0000][1][safepoint    ] Total time for which application threads were stopped: 0.0004070 seconds, Stopping threads took: 0.0003040 seconds
[2019-12-09T03:50:52.705+0000][1][safepoint    ] Application time: 0.0235004 seconds
[2019-12-09T03:50:52.706+0000][1][safepoint    ] Entering safepoint region: RevokeBias
[2019-12-09T03:50:52.706+0000][1][safepoint    ] Leaving safepoint region
[2019-12-09T03:50:52.706+0000][1][safepoint    ] Total time for which application threads were stopped: 0.0009830 seconds, Stopping threads took: 0.0009100 seconds
[2019-12-09T03:50:52.706+0000][1][safepoint    ] Application time: 0.0003843 seconds
[2019-12-09T03:50:52.706+0000][1][safepoint    ] Entering safepoint region: RevokeBias
[2019-12-09T03:50:52.706+0000][1][safepoint    ] Leaving safepoint region
[2019-12-09T03:50:52.706+0000][1][safepoint    ] Total time for which application threads were stopped: 0.0001041 seconds, Stopping threads took: 0.0000121 seconds
[2019-12-09T03:50:52.710+0000][1][safepoint    ] Application time: 0.0034059 seconds
[2019-12-09T03:50:52.710+0000][1][safepoint    ] Entering safepoint region: RevokeBias
[2019-12-09T03:50:52.710+0000][1][safepoint    ] Leaving safepoint region
[2019-12-09T03:50:52.710+0000][1][safepoint    ] Total time for which application threads were stopped: 0.0001100 seconds, Stopping threads took: 0.0000643 seconds
[2019-12-09T03:50:52.719+0000][1][safepoint    ] Application time: 0.0091488 seconds
[2019-12-09T03:50:52.723+0000][1][safepoint    ] Entering safepoint region: RevokeBias
[2019-12-09T03:50:52.723+0000][1][safepoint    ] Leaving safepoint region
[2019-12-09T03:50:52.723+0000][1][safepoint    ] Total time for which application threads were stopped: 0.0038172 seconds, Stopping threads took: 0.0037331 seconds
[2019-12-09T03:50:52.738+0000][1][safepoint    ] Application time: 0.0152089 seconds
[2019-12-09T03:50:52.738+0000][1][safepoint    ] Entering safepoint region: RevokeBias
[2019-12-09T03:50:52.738+0000][1][safepoint    ] Leaving safepoint region
[2019-12-09T03:50:52.738+0000][1][safepoint    ] Total time for which application threads were stopped: 0.0000849 seconds, Stopping threads took: 0.0000134 seconds
[2019-12-09T03:50:52.740+0000][1][safepoint    ] Application time: 0.0018640 seconds
[2019-12-09T03:50:52.740+0000][1][safepoint    ] Entering safepoint region: RevokeBias
[2019-12-09T03:50:52.740+0000][1][safepoint    ] Leaving safepoint region
[2019-12-09T03:50:52.740+0000][1][safepoint    ] Total time for which application threads were stopped: 0.0000807 seconds, Stopping threads took: 0.0000120 seconds
[2019-12-09T03:50:52.741+0000][1][safepoint    ] Application time: 0.0006809 seconds
[2019-12-09T03:50:52.741+0000][1][safepoint    ] Entering safepoint region: RevokeBias
[2019-12-09T03:50:52.741+0000][1][safepoint    ] Leaving safepoint region
[2019-12-09T03:50:52.741+0000][1][safepoint    ] Total time for which application threads were stopped: 0.0000716 seconds, Stopping threads took: 0.0000133 seconds
[2019-12-09T03:50:52.741+0000][1][safepoint    ] Application time: 0.0001677 seconds
[2019-12-09T03:50:52.741+0000][1][safepoint    ] Entering safepoint region: RevokeBias
[2019-12-09T03:50:52.741+0000][1][safepoint    ] Leaving safepoint region
[2019-12-09T03:50:52.741+0000][1][safepoint    ] Total time for which application threads were stopped: 0.0001028 seconds, Stopping threads took: 0.0000105 seconds
[2019-12-09T03:50:52.748+0000][1][safepoint    ] Application time: 0.0066061 seconds
[2019-12-09T03:50:52.775+0000][1][safepoint    ] Entering safepoint region: RevokeBias
[2019-12-09T03:50:52.775+0000][1][safepoint    ] Leaving safepoint region
[2019-12-09T03:50:52.775+0000][1][safepoint    ] Total time for which application threads were stopped: 0.0271104 seconds, Stopping threads took: 0.0269882 seconds
[2019-12-09T03:50:52.775+0000][1][safepoint    ] Application time: 0.0004616 seconds
[2019-12-09T03:50:52.775+0000][1][safepoint    ] Entering safepoint region: RevokeBias
[2019-12-09T03:50:52.776+0000][1][safepoint    ] Leaving safepoint region
[2019-12-09T03:50:52.776+0000][1][safepoint    ] Total time for which application threads were stopped: 0.0000989 seconds, Stopping threads took: 0.0000148 seconds
[2019-12-09T03:50:52.776+0000][1][safepoint    ] Application time: 0.0001490 seconds
[2019-12-09T03:50:52.776+0000][1][safepoint    ] Entering safepoint region: RevokeBias
[2019-12-09T03:50:52.776+0000][1][safepoint    ] Leaving safepoint region
[2019-12-09T03:50:52.776+0000][1][safepoint    ] Total time for which application threads were stopped: 0.0000859 seconds, Stopping threads took: 0.0000117 seconds
[2019-12-09T03:50:52.782+0000][1][safepoint    ] Application time: 0.0060314 seconds
[2019-12-09T03:50:52.782+0000][1][safepoint    ] Entering safepoint region: RevokeBias
[2019-12-09T03:50:52.782+0000][1][safepoint    ] Leaving safepoint region
[2019-12-09T03:50:52.782+0000][1][safepoint    ] Total time for which application threads were stopped: 0.0001250 seconds, Stopping threads took: 0.0000120 seconds
[2019-12-09T03:50:52.783+0000][1][safepoint    ] Application time: 0.0005371 seconds
[2019-12-09T03:50:52.783+0000][1][safepoint    ] Entering safepoint region: RevokeBias
[2019-12-09T03:50:52.783+0000][1][safepoint    ] Leaving safepoint region
[2019-12-09T03:50:52.783+0000][1][safepoint    ] Total time for which application threads were stopped: 0.0000765 seconds, Stopping threads took: 0.0000128 seconds
[2019-12-09T03:50:52.786+0000][1][safepoint    ] Application time: 0.0037856 seconds
[2019-12-09T03:50:52.786+0000][1][safepoint    ] Entering safepoint region: RevokeBias
[2019-12-09T03:50:52.786+0000][1][safepoint    ] Leaving safepoint region
[2019-12-09T03:50:52.787+0000][1][safepoint    ] Total time for which application threads were stopped: 0.0000649 seconds, Stopping threads took: 0.0000113 seconds
[2019-12-09T03:50:52.787+0000][1][safepoint    ] Application time: 0.0000621 seconds
[2019-12-09T03:50:52.787+0000][1][safepoint    ] Entering safepoint region: RevokeBias
[2019-12-09T03:50:52.787+0000][1][safepoint    ] Leaving safepoint region
[2019-12-09T03:50:52.787+0000][1][safepoint    ] Total time for which application threads were stopped: 0.0000527 seconds, Stopping threads took: 0.0000086 seconds
[2019-12-09T03:50:52.796+0000][1][safepoint    ] Application time: 0.0094604 seconds
[2019-12-09T03:50:52.796+0000][1][safepoint    ] Entering safepoint region: RevokeBias
[2019-12-09T03:50:52.796+0000][1][safepoint    ] Leaving safepoint region
[2019-12-09T03:50:52.796+0000][1][safepoint    ] Total time for which application threads were stopped: 0.0000966 seconds, Stopping threads took: 0.0000125 seconds
[2019-12-09T03:50:52.807+0000][1][safepoint    ] Application time: 0.0107256 seconds
[2019-12-09T03:50:52.807+0000][1][safepoint    ] Entering safepoint region: RevokeBias
[2019-12-09T03:50:52.807+0000][1][safepoint    ] Leaving safepoint region
[2019-12-09T03:50:52.807+0000][1][safepoint    ] Total time for which application threads were stopped: 0.0000759 seconds, Stopping threads took: 0.0000136 seconds
[2019-12-09T03:50:52.807+0000][1][safepoint    ] Application time: 0.0004083 seconds
[2019-12-09T03:50:52.807+0000][1][safepoint    ] Entering safepoint region: RevokeBias
[2019-12-09T03:50:52.808+0000][1][safepoint    ] Leaving safepoint region
[2019-12-09T03:50:52.808+0000][1][safepoint    ] Total time for which application threads were stopped: 0.0000795 seconds, Stopping threads took: 0.0000111 seconds
[2019-12-09T03:50:52.808+0000][1][safepoint    ] Application time: 0.0001302 seconds
[2019-12-09T03:50:52.808+0000][1][safepoint    ] Entering safepoint region: BulkRevokeBias
[2019-12-09T03:50:52.808+0000][1][safepoint    ] Leaving safepoint region
[2019-12-09T03:50:52.808+0000][1][safepoint    ] Total time for which application threads were stopped: 0.0003506 seconds, Stopping threads took: 0.0000113 seconds
[2019-12-09T03:50:52.808+0000][1][safepoint    ] Application time: 0.0000897 seconds
[2019-12-09T03:50:52.808+0000][1][safepoint    ] Entering safepoint region: RevokeBias
[2019-12-09T03:50:52.808+0000][1][safepoint    ] Leaving safepoint region
[2019-12-09T03:50:52.808+0000][1][safepoint    ] Total time for which application threads were stopped: 0.0000724 seconds, Stopping threads took: 0.0000097 seconds
[2019-12-09T03:50:52.808+0000][1][safepoint    ] Application time: 0.0000856 seconds
[2019-12-09T03:50:52.808+0000][1][safepoint    ] Entering safepoint region: RevokeBias
[2019-12-09T03:50:52.808+0000][1][safepoint    ] Leaving safepoint region
[2019-12-09T03:50:52.808+0000][1][safepoint    ] Total time for which application threads were stopped: 0.0000592 seconds, Stopping threads took: 0.0000096 seconds
[2019-12-09T03:50:52.815+0000][1][safepoint    ] Application time: 0.0062714 seconds
[2019-12-09T03:50:52.815+0000][1][safepoint    ] Entering safepoint region: RevokeBias
[2019-12-09T03:50:52.815+0000][1][safepoint    ] Leaving safepoint region
[2019-12-09T03:50:52.815+0000][1][safepoint    ] Total time for which application threads were stopped: 0.0000995 seconds, Stopping threads took: 0.0000398 seconds
[2019-12-09T03:50:52.817+0000][1][safepoint    ] Application time: 0.0017145 seconds
[2019-12-09T03:50:52.817+0000][1][safepoint    ] Entering safepoint region: RevokeBias
[2019-12-09T03:50:52.817+0000][1][safepoint    ] Leaving safepoint region
[2019-12-09T03:50:52.817+0000][1][safepoint    ] Total time for which application threads were stopped: 0.0000668 seconds, Stopping threads took: 0.0000120 seconds
[2019-12-09T03:50:52.817+0000][1][safepoint    ] Application time: 0.0004386 seconds
[2019-12-09T03:50:52.817+0000][1][safepoint    ] Entering safepoint region: RevokeBias
[2019-12-09T03:50:52.817+0000][1][safepoint    ] Leaving safepoint region
[2019-12-09T03:50:52.817+0000][1][safepoint    ] Total time for which application threads were stopped: 0.0000687 seconds, Stopping threads took: 0.0000133 seconds
[2019-12-09T03:50:52.826+0000][1][safepoint    ] Application time: 0.0086621 seconds
[2019-12-09T03:50:52.826+0000][1][safepoint    ] Entering safepoint region: RevokeBias
[2019-12-09T03:50:52.826+0000][1][safepoint    ] Leaving safepoint region
[2019-12-09T03:50:52.826+0000][1][safepoint    ] Total time for which application threads were stopped: 0.0000670 seconds, Stopping threads took: 0.0000125 seconds
[2019-12-09T03:50:52.827+0000][1][safepoint    ] Application time: 0.0005887 seconds
[2019-12-09T03:50:52.827+0000][1][safepoint    ] Entering safepoint region: RevokeBias
[2019-12-09T03:50:52.827+0000][1][safepoint    ] Leaving safepoint region
[2019-12-09T03:50:52.827+0000][1][safepoint    ] Total time for which application threads were stopped: 0.0000695 seconds, Stopping threads took: 0.0000115 seconds
[2019-12-09T03:50:52.844+0000][1][safepoint    ] Application time: 0.0171212 seconds
[2019-12-09T03:50:52.844+0000][1][safepoint    ] Entering safepoint region: RevokeBias
[2019-12-09T03:50:52.844+0000][1][safepoint    ] Leaving safepoint region
[2019-12-09T03:50:52.844+0000][1][safepoint    ] Total time for which application threads were stopped: 0.0002558 seconds, Stopping threads took: 0.0001802 seconds
[2019-12-09T03:50:52.847+0000][1][safepoint    ] Application time: 0.0028988 seconds
[2019-12-09T03:50:52.847+0000][1][safepoint    ] Entering safepoint region: RevokeBias
[2019-12-09T03:50:52.847+0000][1][safepoint    ] Leaving safepoint region
[2019-12-09T03:50:52.847+0000][1][safepoint    ] Total time for which application threads were stopped: 0.0000750 seconds, Stopping threads took: 0.0000120 seconds
[2019-12-09T03:50:52.847+0000][1][safepoint    ] Application time: 0.0000714 seconds
[2019-12-09T03:50:52.847+0000][1][safepoint    ] Entering safepoint region: RevokeBias
[2019-12-09T03:50:52.847+0000][1][safepoint    ] Leaving safepoint region
[2019-12-09T03:50:52.847+0000][1][safepoint    ] Total time for which application threads were stopped: 0.0000417 seconds, Stopping threads took: 0.0000073 seconds
[2019-12-09T03:50:52.847+0000][1][safepoint    ] Application time: 0.0002056 seconds
[2019-12-09T03:50:52.847+0000][1][safepoint    ] Entering safepoint region: RevokeBias
[2019-12-09T03:50:52.847+0000][1][safepoint    ] Leaving safepoint region
[2019-12-09T03:50:52.847+0000][1][safepoint    ] Total time for which application threads were stopped: 0.0000582 seconds, Stopping threads took: 0.0000087 seconds
[2019-12-09T03:50:52.948+0000][1][safepoint    ] Application time: 0.1009916 seconds
[2019-12-09T03:50:52.949+0000][1][safepoint    ] Entering safepoint region: RevokeBias
[2019-12-09T03:50:52.949+0000][1][safepoint    ] Leaving safepoint region
[2019-12-09T03:50:52.949+0000][1][safepoint    ] Total time for which application threads were stopped: 0.0001854 seconds, Stopping threads took: 0.0000503 seconds
[2019-12-09T03:50:52.952+0000][1][safepoint    ] Application time: 0.0035976 seconds
[2019-12-09T03:50:52.952+0000][1][safepoint    ] Entering safepoint region: RevokeBias
[2019-12-09T03:50:52.952+0000][1][safepoint    ] Leaving safepoint region
[2019-12-09T03:50:52.952+0000][1][safepoint    ] Total time for which application threads were stopped: 0.0001054 seconds, Stopping threads took: 0.0000153 seconds
[2019-12-09T03:50:52.956+0000][1][safepoint    ] Application time: 0.0038632 seconds
[2019-12-09T03:50:52.977+0000][1][safepoint    ] Entering safepoint region: RevokeBias
[2019-12-09T03:50:52.977+0000][1][safepoint    ] Leaving safepoint region
[2019-12-09T03:50:52.977+0000][1][safepoint    ] Total time for which application threads were stopped: 0.0205183 seconds, Stopping threads took: 0.0204105 seconds
[2019-12-09T03:50:52.978+0000][1][safepoint    ] Application time: 0.0013977 seconds
[2019-12-09T03:50:52.978+0000][1][safepoint    ] Entering safepoint region: RevokeBias
[2019-12-09T03:50:52.978+0000][1][safepoint    ] Leaving safepoint region
[2019-12-09T03:50:52.978+0000][1][safepoint    ] Total time for which application threads were stopped: 0.0001404 seconds, Stopping threads took: 0.0000146 seconds
[2019-12-09T03:50:52.979+0000][1][safepoint    ] Application time: 0.0006467 seconds
[2019-12-09T03:50:52.979+0000][1][safepoint    ] Entering safepoint region: RevokeBias
[2019-12-09T03:50:52.979+0000][1][safepoint    ] Leaving safepoint region
[2019-12-09T03:50:52.979+0000][1][safepoint    ] Total time for which application threads were stopped: 0.0001058 seconds, Stopping threads took: 0.0000117 seconds
[2019-12-09T03:50:52.997+0000][1][safepoint    ] Application time: 0.0181817 seconds
[2019-12-09T03:50:52.997+0000][1][safepoint    ] Entering safepoint region: RevokeBias
[2019-12-09T03:50:52.998+0000][1][safepoint    ] Leaving safepoint region
[2019-12-09T03:50:52.998+0000][1][safepoint    ] Total time for which application threads were stopped: 0.0000900 seconds, Stopping threads took: 0.0000153 seconds
[2019-12-09T03:50:53.171+0000][1][safepoint    ] Application time: 0.1732645 seconds
[2019-12-09T03:50:53.171+0000][1][safepoint    ] Entering safepoint region: RevokeBias
[2019-12-09T03:50:53.171+0000][1][safepoint    ] Leaving safepoint region
[2019-12-09T03:50:53.171+0000][1][safepoint    ] Total time for which application threads were stopped: 0.0001545 seconds, Stopping threads took: 0.0000745 seconds
[2019-12-09T03:50:53.172+0000][1][safepoint    ] Application time: 0.0009264 seconds
[2019-12-09T03:50:53.172+0000][1][safepoint    ] Entering safepoint region: RevokeBias
[2019-12-09T03:50:53.172+0000][1][safepoint    ] Leaving safepoint region
[2019-12-09T03:50:53.172+0000][1][safepoint    ] Total time for which application threads were stopped: 0.0000775 seconds, Stopping threads took: 0.0000161 seconds
[2019-12-09T03:50:53.200+0000][1][safepoint    ] Application time: 0.0276575 seconds
[2019-12-09T03:50:53.200+0000][1][safepoint    ] Entering safepoint region: RevokeBias
[2019-12-09T03:50:53.200+0000][1][safepoint    ] Leaving safepoint region
[2019-12-09T03:50:53.200+0000][1][safepoint    ] Total time for which application threads were stopped: 0.0000790 seconds, Stopping threads took: 0.0000172 seconds
[2019-12-09T03:50:53.221+0000][1][safepoint    ] Application time: 0.0209604 seconds
[2019-12-09T03:50:53.221+0000][1][safepoint    ] Entering safepoint region: RevokeBias
[2019-12-09T03:50:53.221+0000][1][safepoint    ] Leaving safepoint region
[2019-12-09T03:50:53.221+0000][1][safepoint    ] Total time for which application threads were stopped: 0.0000793 seconds, Stopping threads took: 0.0000151 seconds
[2019-12-09T03:50:53.268+0000][1][safepoint    ] Application time: 0.0470635 seconds
[2019-12-09T03:50:53.307+0000][1][safepoint    ] Entering safepoint region: RevokeBias
[2019-12-09T03:50:53.307+0000][1][safepoint    ] Leaving safepoint region
[2019-12-09T03:50:53.307+0000][1][safepoint    ] Total time for which application threads were stopped: 0.0393846 seconds, Stopping threads took: 0.0392430 seconds
[2019-12-09T03:50:53.308+0000][1][safepoint    ] Application time: 0.0004773 seconds
[2019-12-09T03:50:53.308+0000][1][safepoint    ] Entering safepoint region: RevokeBias
[2019-12-09T03:50:53.308+0000][1][safepoint    ] Leaving safepoint region
[2019-12-09T03:50:53.308+0000][1][safepoint    ] Total time for which application threads were stopped: 0.0001473 seconds, Stopping threads took: 0.0000161 seconds
[2019-12-09T03:50:53.308+0000][1][safepoint    ] Application time: 0.0002447 seconds
[2019-12-09T03:50:53.308+0000][1][safepoint    ] Entering safepoint region: RevokeBias
[2019-12-09T03:50:53.308+0000][1][safepoint    ] Leaving safepoint region
[2019-12-09T03:50:53.308+0000][1][safepoint    ] Total time for which application threads were stopped: 0.0001188 seconds, Stopping threads took: 0.0000109 seconds
[2019-12-09T03:50:53.309+0000][1][safepoint    ] Application time: 0.0002952 seconds
[2019-12-09T03:50:53.309+0000][1][safepoint    ] Entering safepoint region: RevokeBias
[2019-12-09T03:50:53.309+0000][1][safepoint    ] Leaving safepoint region
[2019-12-09T03:50:53.309+0000][1][safepoint    ] Total time for which application threads were stopped: 0.0001046 seconds, Stopping threads took: 0.0000097 seconds
[2019-12-09T03:50:53.309+0000][1][safepoint    ] Application time: 0.0001711 seconds
[2019-12-09T03:50:53.309+0000][1][safepoint    ] Entering safepoint region: RevokeBias
[2019-12-09T03:50:53.309+0000][1][safepoint    ] Leaving safepoint region
[2019-12-09T03:50:53.309+0000][1][safepoint    ] Total time for which application threads were stopped: 0.0000970 seconds, Stopping threads took: 0.0000087 seconds
[2019-12-09T03:50:53.309+0000][1][safepoint    ] Application time: 0.0002495 seconds
[2019-12-09T03:50:53.309+0000][1][safepoint    ] Entering safepoint region: RevokeBias
[2019-12-09T03:50:53.309+0000][1][safepoint    ] Leaving safepoint region
[2019-12-09T03:50:53.309+0000][1][safepoint    ] Total time for which application threads were stopped: 0.0001046 seconds, Stopping threads took: 0.0000092 seconds
[2019-12-09T03:50:53.310+0000][1][safepoint    ] Application time: 0.0005618 seconds
[2019-12-09T03:50:53.310+0000][1][safepoint    ] Entering safepoint region: RevokeBias
[2019-12-09T03:50:53.310+0000][1][safepoint    ] Leaving safepoint region
[2019-12-09T03:50:53.310+0000][1][safepoint    ] Total time for which application threads were stopped: 0.0001198 seconds, Stopping threads took: 0.0000121 seconds
[2019-12-09T03:50:53.311+0000][1][safepoint    ] Application time: 0.0004032 seconds
[2019-12-09T03:50:53.311+0000][1][safepoint    ] Entering safepoint region: RevokeBias
[2019-12-09T03:50:53.311+0000][1][safepoint    ] Leaving safepoint region
[2019-12-09T03:50:53.311+0000][1][safepoint    ] Total time for which application threads were stopped: 0.0001357 seconds, Stopping threads took: 0.0000113 seconds
[2019-12-09T03:50:53.311+0000][1][safepoint    ] Application time: 0.0003784 seconds
[2019-12-09T03:50:53.311+0000][1][safepoint    ] Entering safepoint region: RevokeBias
[2019-12-09T03:50:53.311+0000][1][safepoint    ] Leaving safepoint region
[2019-12-09T03:50:53.311+0000][1][safepoint    ] Total time for which application threads were stopped: 0.0001285 seconds, Stopping threads took: 0.0000119 seconds
[2019-12-09T03:50:53.315+0000][1][safepoint    ] Application time: 0.0032500 seconds
[2019-12-09T03:50:53.315+0000][1][safepoint    ] Entering safepoint region: RevokeBias
[2019-12-09T03:50:53.315+0000][1][safepoint    ] Leaving safepoint region
[2019-12-09T03:50:53.315+0000][1][safepoint    ] Total time for which application threads were stopped: 0.0000667 seconds, Stopping threads took: 0.0000129 seconds
[2019-12-09T03:50:53.315+0000][1][safepoint    ] Application time: 0.0003677 seconds
[2019-12-09T03:50:53.315+0000][1][safepoint    ] Entering safepoint region: RevokeBias
[2019-12-09T03:50:53.315+0000][1][safepoint    ] Leaving safepoint region
[2019-12-09T03:50:53.315+0000][1][safepoint    ] Total time for which application threads were stopped: 0.0000638 seconds, Stopping threads took: 0.0000113 seconds
[2019-12-09T03:50:53.315+0000][1][safepoint    ] Application time: 0.0002983 seconds
[2019-12-09T03:50:53.315+0000][1][safepoint    ] Entering safepoint region: RevokeBias
[2019-12-09T03:50:53.315+0000][1][safepoint    ] Leaving safepoint region
[2019-12-09T03:50:53.315+0000][1][safepoint    ] Total time for which application threads were stopped: 0.0000667 seconds, Stopping threads took: 0.0000117 seconds
[2019-12-09T03:50:53.316+0000][1][safepoint    ] Application time: 0.0003596 seconds
[2019-12-09T03:50:53.316+0000][1][safepoint    ] Entering safepoint region: RevokeBias
[2019-12-09T03:50:53.316+0000][1][safepoint    ] Leaving safepoint region
[2019-12-09T03:50:53.316+0000][1][safepoint    ] Total time for which application threads were stopped: 0.0000610 seconds, Stopping threads took: 0.0000111 seconds
[2019-12-09T03:50:53.317+0000][1][safepoint    ] Application time: 0.0015178 seconds
[2019-12-09T03:50:53.355+0000][1][safepoint    ] Entering safepoint region: RevokeBias
[2019-12-09T03:50:53.355+0000][1][safepoint    ] Leaving safepoint region
[2019-12-09T03:50:53.355+0000][1][safepoint    ] Total time for which application threads were stopped: 0.0374858 seconds, Stopping threads took: 0.0373913 seconds
[2019-12-09T03:50:53.359+0000][1][safepoint    ] Application time: 0.0036736 seconds
[2019-12-09T03:50:53.359+0000][1][safepoint    ] Entering safepoint region: BulkRevokeBias
[2019-12-09T03:50:53.359+0000][1][safepoint    ] Leaving safepoint region
[2019-12-09T03:50:53.359+0000][1][safepoint    ] Total time for which application threads were stopped: 0.0003290 seconds, Stopping threads took: 0.0000292 seconds
[2019-12-09T03:50:53.360+0000][1][safepoint    ] Application time: 0.0006463 seconds
[2019-12-09T03:50:53.360+0000][1][safepoint    ] Entering safepoint region: RevokeBias
[2019-12-09T03:50:53.360+0000][1][safepoint    ] Leaving safepoint region
[2019-12-09T03:50:53.360+0000][1][safepoint    ] Total time for which application threads were stopped: 0.0001021 seconds, Stopping threads took: 0.0000353 seconds
[2019-12-09T03:50:53.360+0000][1][safepoint    ] Application time: 0.0002667 seconds
[2019-12-09T03:50:53.360+0000][1][safepoint    ] Entering safepoint region: RevokeBias
[2019-12-09T03:50:53.360+0000][1][safepoint    ] Leaving safepoint region
[2019-12-09T03:50:53.360+0000][1][safepoint    ] Total time for which application threads were stopped: 0.0000615 seconds, Stopping threads took: 0.0000126 seconds
[2019-12-09T03:50:53.360+0000][1][safepoint    ] Application time: 0.0002182 seconds
[2019-12-09T03:50:53.360+0000][1][safepoint    ] Entering safepoint region: RevokeBias
[2019-12-09T03:50:53.360+0000][1][safepoint    ] Leaving safepoint region
[2019-12-09T03:50:53.360+0000][1][safepoint    ] Total time for which application threads were stopped: 0.0000589 seconds, Stopping threads took: 0.0000114 seconds
[2019-12-09T03:50:53.370+0000][1][safepoint    ] Application time: 0.0093561 seconds
[2019-12-09T03:50:53.370+0000][1][safepoint    ] Entering safepoint region: RevokeBias
[2019-12-09T03:50:53.370+0000][1][safepoint    ] Leaving safepoint region
[2019-12-09T03:50:53.370+0000][1][safepoint    ] Total time for which application threads were stopped: 0.0001539 seconds, Stopping threads took: 0.0000893 seconds
[2019-12-09T03:50:53.371+0000][1][safepoint    ] Application time: 0.0007500 seconds
[2019-12-09T03:50:53.371+0000][1][safepoint    ] Entering safepoint region: RevokeBias
[2019-12-09T03:50:53.371+0000][1][safepoint    ] Leaving safepoint region
[2019-12-09T03:50:53.371+0000][1][safepoint    ] Total time for which application threads were stopped: 0.0000829 seconds, Stopping threads took: 0.0000123 seconds
[2019-12-09T03:50:53.371+0000][1][safepoint    ] Application time: 0.0003997 seconds
[2019-12-09T03:50:53.371+0000][1][safepoint    ] Entering safepoint region: RevokeBias
[2019-12-09T03:50:53.371+0000][1][safepoint    ] Leaving safepoint region
[2019-12-09T03:50:53.371+0000][1][safepoint    ] Total time for which application threads were stopped: 0.0000619 seconds, Stopping threads took: 0.0000110 seconds
[2019-12-09T03:50:53.372+0000][1][safepoint    ] Application time: 0.0009097 seconds
[2019-12-09T03:50:53.372+0000][1][safepoint    ] Entering safepoint region: RevokeBias
[2019-12-09T03:50:53.372+0000][1][safepoint    ] Leaving safepoint region
[2019-12-09T03:50:53.372+0000][1][safepoint    ] Total time for which application threads were stopped: 0.0000512 seconds, Stopping threads took: 0.0000110 seconds
[2019-12-09T03:50:53.382+0000][1][safepoint    ] Application time: 0.0096746 seconds
[2019-12-09T03:50:53.382+0000][1][safepoint    ] Entering safepoint region: RevokeBias
[2019-12-09T03:50:53.382+0000][1][safepoint    ] Leaving safepoint region
[2019-12-09T03:50:53.382+0000][1][safepoint    ] Total time for which application threads were stopped: 0.0000985 seconds, Stopping threads took: 0.0000506 seconds
[2019-12-09T03:50:53.423+0000][1][safepoint    ] Application time: 0.0412777 seconds
[2019-12-09T03:50:53.423+0000][1][safepoint    ] Entering safepoint region: RevokeBias
[2019-12-09T03:50:53.424+0000][1][safepoint    ] Leaving safepoint region
[2019-12-09T03:50:53.424+0000][1][safepoint    ] Total time for which application threads were stopped: 0.0001565 seconds, Stopping threads took: 0.0000722 seconds
[2019-12-09T03:50:53.458+0000][1][safepoint    ] Application time: 0.0346839 seconds
[2019-12-09T03:50:53.458+0000][1][safepoint    ] Entering safepoint region: RevokeBias
[2019-12-09T03:50:53.458+0000][1][safepoint    ] Leaving safepoint region
[2019-12-09T03:50:53.458+0000][1][safepoint    ] Total time for which application threads were stopped: 0.0000880 seconds, Stopping threads took: 0.0000187 seconds
[2019-12-09T03:50:53.470+0000][1][safepoint    ] Application time: 0.0120073 seconds
[2019-12-09T03:50:53.470+0000][1][safepoint    ] Entering safepoint region: RevokeBias
[2019-12-09T03:50:53.471+0000][1][safepoint    ] Leaving safepoint region
[2019-12-09T03:50:53.471+0000][1][safepoint    ] Total time for which application threads were stopped: 0.0000840 seconds, Stopping threads took: 0.0000175 seconds
[2019-12-09T03:50:53.510+0000][1][safepoint    ] Application time: 0.0391305 seconds
[2019-12-09T03:50:53.510+0000][1][safepoint    ] Entering safepoint region: RevokeBias
[2019-12-09T03:50:53.510+0000][1][safepoint    ] Leaving safepoint region
[2019-12-09T03:50:53.510+0000][1][safepoint    ] Total time for which application threads were stopped: 0.0000835 seconds, Stopping threads took: 0.0000184 seconds
[2019-12-09T03:50:53.530+0000][1][safepoint    ] Application time: 0.0203778 seconds
[2019-12-09T03:50:53.530+0000][1][safepoint    ] Entering safepoint region: RevokeBias
[2019-12-09T03:50:53.530+0000][1][safepoint    ] Leaving safepoint region
[2019-12-09T03:50:53.530+0000][1][safepoint    ] Total time for which application threads were stopped: 0.0000899 seconds, Stopping threads took: 0.0000183 seconds
[2019-12-09T03:50:53.598+0000][1][safepoint    ] Application time: 0.0676479 seconds
[2019-12-09T03:50:53.598+0000][1][safepoint    ] Entering safepoint region: BulkRevokeBias
[2019-12-09T03:50:53.598+0000][1][safepoint    ] Leaving safepoint region
[2019-12-09T03:50:53.598+0000][1][safepoint    ] Total time for which application threads were stopped: 0.0004862 seconds, Stopping threads took: 0.0001705 seconds
[2019-12-09T03:50:53.623+0000][1][safepoint    ] Application time: 0.0249958 seconds
[2019-12-09T03:50:53.624+0000][1][safepoint    ] Entering safepoint region: RevokeBias
[2019-12-09T03:50:53.624+0000][1][safepoint    ] Leaving safepoint region
[2019-12-09T03:50:53.624+0000][1][safepoint    ] Total time for which application threads were stopped: 0.0005167 seconds, Stopping threads took: 0.0004380 seconds
[2019-12-09T03:50:53.629+0000][1][safepoint    ] Application time: 0.0051201 seconds
[2019-12-09T03:50:53.629+0000][1][safepoint    ] Entering safepoint region: RevokeBias
[2019-12-09T03:50:53.629+0000][1][safepoint    ] Leaving safepoint region
[2019-12-09T03:50:53.629+0000][1][safepoint    ] Total time for which application threads were stopped: 0.0001590 seconds, Stopping threads took: 0.0000780 seconds
[2019-12-09T03:50:53.649+0000][1][safepoint    ] Application time: 0.0193930 seconds
[2019-12-09T03:50:53.649+0000][1][safepoint    ] Entering safepoint region: RevokeBias
[2019-12-09T03:50:53.649+0000][1][safepoint    ] Leaving safepoint region
[2019-12-09T03:50:53.649+0000][1][safepoint    ] Total time for which application threads were stopped: 0.0005376 seconds, Stopping threads took: 0.0004372 seconds
[2019-12-09T03:50:53.665+0000][1][safepoint    ] Application time: 0.0157267 seconds
[2019-12-09T03:50:53.665+0000][1][safepoint    ] Entering safepoint region: RevokeBias
[2019-12-09T03:50:53.665+0000][1][safepoint    ] Leaving safepoint region
[2019-12-09T03:50:53.665+0000][1][safepoint    ] Total time for which application threads were stopped: 0.0001395 seconds, Stopping threads took: 0.0000652 seconds
[2019-12-09T03:50:53.667+0000][1][safepoint    ] Application time: 0.0019367 seconds
[2019-12-09T03:50:53.667+0000][1][safepoint    ] Entering safepoint region: RevokeBias
[2019-12-09T03:50:53.667+0000][1][safepoint    ] Leaving safepoint region
[2019-12-09T03:50:53.667+0000][1][safepoint    ] Total time for which application threads were stopped: 0.0000669 seconds, Stopping threads took: 0.0000119 seconds
[2019-12-09T03:50:53.668+0000][1][safepoint    ] Application time: 0.0005445 seconds
[2019-12-09T03:50:53.668+0000][1][safepoint    ] Entering safepoint region: RevokeBias
[2019-12-09T03:50:53.668+0000][1][safepoint    ] Leaving safepoint region
[2019-12-09T03:50:53.668+0000][1][safepoint    ] Total time for which application threads were stopped: 0.0000669 seconds, Stopping threads took: 0.0000126 seconds
[2019-12-09T03:50:53.669+0000][1][safepoint    ] Application time: 0.0015984 seconds
[2019-12-09T03:50:53.669+0000][1][safepoint    ] Entering safepoint region: RevokeBias
[2019-12-09T03:50:53.670+0000][1][safepoint    ] Leaving safepoint region
[2019-12-09T03:50:53.670+0000][1][safepoint    ] Total time for which application threads were stopped: 0.0000599 seconds, Stopping threads took: 0.0000116 seconds
[2019-12-09T03:50:53.670+0000][1][safepoint    ] Application time: 0.0003474 seconds
[2019-12-09T03:50:53.670+0000][1][safepoint    ] Entering safepoint region: BulkRevokeBias
[2019-12-09T03:50:53.670+0000][1][safepoint    ] Leaving safepoint region
[2019-12-09T03:50:53.670+0000][1][safepoint    ] Total time for which application threads were stopped: 0.0002515 seconds, Stopping threads took: 0.0000116 seconds
[2019-12-09T03:50:53.671+0000][1][safepoint    ] Application time: 0.0003804 seconds
[2019-12-09T03:50:53.671+0000][1][safepoint    ] Entering safepoint region: RevokeBias
[2019-12-09T03:50:53.671+0000][1][safepoint    ] Leaving safepoint region
[2019-12-09T03:50:53.671+0000][1][safepoint    ] Total time for which application threads were stopped: 0.0000648 seconds, Stopping threads took: 0.0000112 seconds
[2019-12-09T03:50:53.671+0000][1][safepoint    ] Application time: 0.0003454 seconds
[2019-12-09T03:50:53.671+0000][1][safepoint    ] Entering safepoint region: RevokeBias
[2019-12-09T03:50:53.671+0000][1][safepoint    ] Leaving safepoint region
[2019-12-09T03:50:53.671+0000][1][safepoint    ] Total time for which application threads were stopped: 0.0000512 seconds, Stopping threads took: 0.0000117 seconds
[2019-12-09T03:50:53.671+0000][1][safepoint    ] Application time: 0.0000637 seconds
[2019-12-09T03:50:53.671+0000][1][safepoint    ] Entering safepoint region: RevokeBias
[2019-12-09T03:50:53.671+0000][1][safepoint    ] Leaving safepoint region
[2019-12-09T03:50:53.671+0000][1][safepoint    ] Total time for which application threads were stopped: 0.0000447 seconds, Stopping threads took: 0.0000096 seconds
[2019-12-09T03:50:53.671+0000][1][safepoint    ] Application time: 0.0000558 seconds
[2019-12-09T03:50:53.671+0000][1][safepoint    ] Entering safepoint region: RevokeBias
[2019-12-09T03:50:53.671+0000][1][safepoint    ] Leaving safepoint region
[2019-12-09T03:50:53.671+0000][1][safepoint    ] Total time for which application threads were stopped: 0.0000406 seconds, Stopping threads took: 0.0000093 seconds
[2019-12-09T03:50:53.672+0000][1][safepoint    ] Application time: 0.0002836 seconds
[2019-12-09T03:50:53.672+0000][1][safepoint    ] Entering safepoint region: RevokeBias
[2019-12-09T03:50:53.672+0000][1][safepoint    ] Leaving safepoint region
[2019-12-09T03:50:53.672+0000][1][safepoint    ] Total time for which application threads were stopped: 0.0000557 seconds, Stopping threads took: 0.0000115 seconds
[2019-12-09T03:50:53.677+0000][1][safepoint    ] Application time: 0.0056818 seconds
[2019-12-09T03:50:53.677+0000][1][safepoint    ] Entering safepoint region: RevokeBias
[2019-12-09T03:50:53.677+0000][1][safepoint    ] Leaving safepoint region
[2019-12-09T03:50:53.677+0000][1][safepoint    ] Total time for which application threads were stopped: 0.0000549 seconds, Stopping threads took: 0.0000116 seconds
[2019-12-09T03:50:53.681+0000][1][safepoint    ] Application time: 0.0033040 seconds
[2019-12-09T03:50:53.681+0000][1][safepoint    ] Entering safepoint region: RevokeBias
[2019-12-09T03:50:53.681+0000][1][safepoint    ] Leaving safepoint region
[2019-12-09T03:50:53.681+0000][1][safepoint    ] Total time for which application threads were stopped: 0.0000553 seconds, Stopping threads took: 0.0000136 seconds
[2019-12-09T03:50:53.698+0000][1][safepoint    ] Application time: 0.0176180 seconds
[2019-12-09T03:50:53.698+0000][1][safepoint    ] Entering safepoint region: RevokeBias
[2019-12-09T03:50:53.699+0000][1][safepoint    ] Leaving safepoint region
[2019-12-09T03:50:53.699+0000][1][safepoint    ] Total time for which application threads were stopped: 0.0000582 seconds, Stopping threads took: 0.0000137 seconds
[2019-12-09T03:50:53.946+0000][1][safepoint    ] Application time: 0.2478195 seconds
[2019-12-09T03:50:53.946+0000][1][safepoint    ] Entering safepoint region: RevokeBias
[2019-12-09T03:50:53.946+0000][1][safepoint    ] Leaving safepoint region
[2019-12-09T03:50:53.946+0000][1][safepoint    ] Total time for which application threads were stopped: 0.0000822 seconds, Stopping threads took: 0.0000188 seconds
[2019-12-09T03:50:53.947+0000][1][safepoint    ] Application time: 0.0004400 seconds
[2019-12-09T03:50:53.947+0000][1][safepoint    ] Entering safepoint region: BulkRevokeBias
[2019-12-09T03:50:53.947+0000][1][safepoint    ] Leaving safepoint region
[2019-12-09T03:50:53.947+0000][1][safepoint    ] Total time for which application threads were stopped: 0.0002569 seconds, Stopping threads took: 0.0000156 seconds
[2019-12-09T03:50:54.323+0000][1][safepoint    ] Application time: 0.3760643 seconds
[2019-12-09T03:50:54.323+0000][1][safepoint    ] Entering safepoint region: RevokeBias
[2019-12-09T03:50:54.323+0000][1][safepoint    ] Leaving safepoint region
[2019-12-09T03:50:54.323+0000][1][safepoint    ] Total time for which application threads were stopped: 0.0001087 seconds, Stopping threads took: 0.0000181 seconds
[2019-12-09T03:50:54.323+0000][1][safepoint    ] Application time: 0.0000694 seconds
[2019-12-09T03:50:54.323+0000][1][safepoint    ] Entering safepoint region: RevokeBias
[2019-12-09T03:50:54.324+0000][1][safepoint    ] Leaving safepoint region
[2019-12-09T03:50:54.324+0000][1][safepoint    ] Total time for which application threads were stopped: 0.0000633 seconds, Stopping threads took: 0.0000102 seconds
[2019-12-09T03:50:54.446+0000][1][safepoint    ] Application time: 0.1228054 seconds
[2019-12-09T03:50:54.446+0000][1][safepoint    ] Entering safepoint region: RevokeBias
[2019-12-09T03:50:54.446+0000][1][safepoint    ] Leaving safepoint region
[2019-12-09T03:50:54.446+0000][1][safepoint    ] Total time for which application threads were stopped: 0.0000938 seconds, Stopping threads took: 0.0000177 seconds
[2019-12-09T03:50:54.662+0000][1][safepoint    ] Application time: 0.2154774 seconds
[2019-12-09T03:50:54.720+0000][1][safepoint    ] Entering safepoint region: RevokeBias
[2019-12-09T03:50:54.720+0000][1][safepoint    ] Leaving safepoint region
[2019-12-09T03:50:54.720+0000][1][safepoint    ] Total time for which application threads were stopped: 0.0578609 seconds, Stopping threads took: 0.0577438 seconds
[2019-12-09T03:50:54.720+0000][1][safepoint    ] Application time: 0.0005194 seconds
[2019-12-09T03:50:54.720+0000][1][safepoint    ] Entering safepoint region: RevokeBias
[2019-12-09T03:50:54.720+0000][1][safepoint    ] Leaving safepoint region
[2019-12-09T03:50:54.721+0000][1][safepoint    ] Total time for which application threads were stopped: 0.0000757 seconds, Stopping threads took: 0.0000148 seconds
[2019-12-09T03:50:54.721+0000][1][safepoint    ] Application time: 0.0003271 seconds
[2019-12-09T03:50:54.721+0000][1][safepoint    ] Entering safepoint region: RevokeBias
[2019-12-09T03:50:54.721+0000][1][safepoint    ] Leaving safepoint region
[2019-12-09T03:50:54.721+0000][1][safepoint    ] Total time for which application threads were stopped: 0.0000699 seconds, Stopping threads took: 0.0000117 seconds
[2019-12-09T03:50:54.721+0000][1][safepoint    ] Application time: 0.0000548 seconds
[2019-12-09T03:50:54.721+0000][1][safepoint    ] Entering safepoint region: RevokeBias
[2019-12-09T03:50:54.721+0000][1][safepoint    ] Leaving safepoint region
[2019-12-09T03:50:54.721+0000][1][safepoint    ] Total time for which application threads were stopped: 0.0000388 seconds, Stopping threads took: 0.0000073 seconds
[2019-12-09T03:50:54.727+0000][1][safepoint    ] Application time: 0.0063960 seconds
[2019-12-09T03:50:54.727+0000][1][safepoint    ] Entering safepoint region: RevokeBias
[2019-12-09T03:50:54.728+0000][1][safepoint    ] Leaving safepoint region
[2019-12-09T03:50:54.728+0000][1][safepoint    ] Total time for which application threads were stopped: 0.0000746 seconds, Stopping threads took: 0.0000130 seconds
[2019-12-09T03:50:54.728+0000][1][safepoint    ] Application time: 0.0000418 seconds
[2019-12-09T03:50:54.728+0000][1][safepoint    ] Entering safepoint region: RevokeBias
[2019-12-09T03:50:54.728+0000][1][safepoint    ] Leaving safepoint region
[2019-12-09T03:50:54.728+0000][1][safepoint    ] Total time for which application threads were stopped: 0.0000496 seconds, Stopping threads took: 0.0000087 seconds
[2019-12-09T03:50:54.728+0000][1][safepoint    ] Application time: 0.0000564 seconds
[2019-12-09T03:50:54.728+0000][1][safepoint    ] Entering safepoint region: RevokeBias
[2019-12-09T03:50:54.728+0000][1][safepoint    ] Leaving safepoint region
[2019-12-09T03:50:54.728+0000][1][safepoint    ] Total time for which application threads were stopped: 0.0000504 seconds, Stopping threads took: 0.0000094 seconds
[2019-12-09T03:50:54.729+0000][1][safepoint    ] Application time: 0.0009179 seconds
[2019-12-09T03:50:54.729+0000][1][safepoint    ] Entering safepoint region: RevokeBias
[2019-12-09T03:50:54.729+0000][1][safepoint    ] Leaving safepoint region
[2019-12-09T03:50:54.729+0000][1][safepoint    ] Total time for which application threads were stopped: 0.0000668 seconds, Stopping threads took: 0.0000123 seconds
[2019-12-09T03:50:54.729+0000][1][safepoint    ] Application time: 0.0001226 seconds
[2019-12-09T03:50:54.729+0000][1][safepoint    ] Entering safepoint region: RevokeBias
[2019-12-09T03:50:54.729+0000][1][safepoint    ] Leaving safepoint region
[2019-12-09T03:50:54.729+0000][1][safepoint    ] Total time for which application threads were stopped: 0.0000516 seconds, Stopping threads took: 0.0000094 seconds
[2019-12-09T03:50:54.729+0000][1][safepoint    ] Application time: 0.0000390 seconds
[2019-12-09T03:50:54.729+0000][1][safepoint    ] Entering safepoint region: RevokeBias
[2019-12-09T03:50:54.729+0000][1][safepoint    ] Leaving safepoint region
[2019-12-09T03:50:54.729+0000][1][safepoint    ] Total time for which application threads were stopped: 0.0000449 seconds, Stopping threads took: 0.0000088 seconds
[2019-12-09T03:50:54.985+0000][1][safepoint    ] Application time: 0.2557309 seconds
[2019-12-09T03:50:54.985+0000][1][safepoint    ] Entering safepoint region: RevokeBias
[2019-12-09T03:50:54.985+0000][1][safepoint    ] Leaving safepoint region
[2019-12-09T03:50:54.985+0000][1][safepoint    ] Total time for which application threads were stopped: 0.0001090 seconds, Stopping threads took: 0.0000188 seconds
[2019-12-09T03:50:55.036+0000][1][safepoint    ] Application time: 0.0513723 seconds
[2019-12-09T03:50:55.036+0000][1][safepoint    ] Entering safepoint region: RevokeBias
[2019-12-09T03:50:55.036+0000][1][safepoint    ] Leaving safepoint region
[2019-12-09T03:50:55.036+0000][1][safepoint    ] Total time for which application threads were stopped: 0.0000926 seconds, Stopping threads took: 0.0000198 seconds
[2019-12-09T03:50:55.291+0000][1][safepoint    ] Application time: 0.2549550 seconds
[2019-12-09T03:50:55.291+0000][1][safepoint    ] Entering safepoint region: RevokeBias
[2019-12-09T03:50:55.292+0000][1][safepoint    ] Leaving safepoint region
[2019-12-09T03:50:55.292+0000][1][safepoint    ] Total time for which application threads were stopped: 0.0001420 seconds, Stopping threads took: 0.0000217 seconds
[2019-12-09T03:50:55.324+0000][1][safepoint    ] Application time: 0.0322463 seconds
[2019-12-09T03:50:55.324+0000][1][safepoint    ] Entering safepoint region: RevokeBias
[2019-12-09T03:50:55.324+0000][1][safepoint    ] Leaving safepoint region
[2019-12-09T03:50:55.324+0000][1][safepoint    ] Total time for which application threads were stopped: 0.0001133 seconds, Stopping threads took: 0.0000179 seconds
[2019-12-09T03:50:55.324+0000][1][safepoint    ] Application time: 0.0003659 seconds
[2019-12-09T03:50:55.324+0000][1][safepoint    ] Entering safepoint region: RevokeBias
[2019-12-09T03:50:55.324+0000][1][safepoint    ] Leaving safepoint region
[2019-12-09T03:50:55.324+0000][1][safepoint    ] Total time for which application threads were stopped: 0.0000726 seconds, Stopping threads took: 0.0000137 seconds
[2019-12-09T03:50:55.325+0000][1][safepoint    ] Application time: 0.0006871 seconds
[2019-12-09T03:50:55.325+0000][1][safepoint    ] Entering safepoint region: BulkRevokeBias
[2019-12-09T03:50:55.326+0000][1][safepoint    ] Leaving safepoint region
[2019-12-09T03:50:55.326+0000][1][safepoint    ] Total time for which application threads were stopped: 0.0004026 seconds, Stopping threads took: 0.0000136 seconds
[2019-12-09T03:50:55.327+0000][1][safepoint    ] Application time: 0.0018877 seconds
[2019-12-09T03:50:55.327+0000][1][safepoint    ] Entering safepoint region: RevokeBias
[2019-12-09T03:50:55.328+0000][1][safepoint    ] Leaving safepoint region
[2019-12-09T03:50:55.328+0000][1][safepoint    ] Total time for which application threads were stopped: 0.0001107 seconds, Stopping threads took: 0.0000155 seconds
[2019-12-09T03:50:55.330+0000][1][safepoint    ] Application time: 0.0027617 seconds
[2019-12-09T03:50:55.330+0000][1][safepoint    ] Entering safepoint region: RevokeBias
[2019-12-09T03:50:55.330+0000][1][safepoint    ] Leaving safepoint region
[2019-12-09T03:50:55.330+0000][1][safepoint    ] Total time for which application threads were stopped: 0.0000756 seconds, Stopping threads took: 0.0000121 seconds
[2019-12-09T03:50:55.331+0000][1][safepoint    ] Application time: 0.0002180 seconds
[2019-12-09T03:50:55.331+0000][1][safepoint    ] Entering safepoint region: RevokeBias
[2019-12-09T03:50:55.331+0000][1][safepoint    ] Leaving safepoint region
[2019-12-09T03:50:55.331+0000][1][safepoint    ] Total time for which application threads were stopped: 0.0000601 seconds, Stopping threads took: 0.0000123 seconds
[2019-12-09T03:50:55.331+0000][1][safepoint    ] Application time: 0.0002108 seconds
[2019-12-09T03:50:55.331+0000][1][safepoint    ] Entering safepoint region: RevokeBias
[2019-12-09T03:50:55.331+0000][1][safepoint    ] Leaving safepoint region
[2019-12-09T03:50:55.331+0000][1][safepoint    ] Total time for which application threads were stopped: 0.0000609 seconds, Stopping threads took: 0.0000117 seconds
[2019-12-09T03:50:55.331+0000][1][safepoint    ] Application time: 0.0003107 seconds
[2019-12-09T03:50:55.331+0000][1][safepoint    ] Entering safepoint region: RevokeBias
[2019-12-09T03:50:55.331+0000][1][safepoint    ] Leaving safepoint region
[2019-12-09T03:50:55.331+0000][1][safepoint    ] Total time for which application threads were stopped: 0.0000706 seconds, Stopping threads took: 0.0000112 seconds
[2019-12-09T03:50:55.332+0000][1][safepoint    ] Application time: 0.0003466 seconds
[2019-12-09T03:50:55.332+0000][1][safepoint    ] Entering safepoint region: RevokeBias
[2019-12-09T03:50:55.332+0000][1][safepoint    ] Leaving safepoint region
[2019-12-09T03:50:55.332+0000][1][safepoint    ] Total time for which application threads were stopped: 0.0000688 seconds, Stopping threads took: 0.0000110 seconds
[2019-12-09T03:50:55.332+0000][1][safepoint    ] Application time: 0.0003485 seconds
[2019-12-09T03:50:55.332+0000][1][safepoint    ] Entering safepoint region: RevokeBias
[2019-12-09T03:50:55.332+0000][1][safepoint    ] Leaving safepoint region
[2019-12-09T03:50:55.332+0000][1][safepoint    ] Total time for which application threads were stopped: 0.0000688 seconds, Stopping threads took: 0.0000112 seconds
[2019-12-09T03:50:55.333+0000][1][safepoint    ] Application time: 0.0003000 seconds
[2019-12-09T03:50:55.333+0000][1][safepoint    ] Entering safepoint region: RevokeBias
[2019-12-09T03:50:55.333+0000][1][safepoint    ] Leaving safepoint region
[2019-12-09T03:50:55.333+0000][1][safepoint    ] Total time for which application threads were stopped: 0.0000859 seconds, Stopping threads took: 0.0000296 seconds
[2019-12-09T03:50:55.333+0000][1][safepoint    ] Application time: 0.0003248 seconds
[2019-12-09T03:50:55.333+0000][1][safepoint    ] Entering safepoint region: RevokeBias
[2019-12-09T03:50:55.333+0000][1][safepoint    ] Leaving safepoint region
[2019-12-09T03:50:55.334+0000][1][safepoint    ] Total time for which application threads were stopped: 0.0003875 seconds, Stopping threads took: 0.0000122 seconds
[2019-12-09T03:50:55.521+0000][1][safepoint    ] Application time: 0.1875744 seconds
[2019-12-09T03:50:55.527+0000][1][safepoint    ] Entering safepoint region: RevokeBias
[2019-12-09T03:50:55.527+0000][1][safepoint    ] Leaving safepoint region
[2019-12-09T03:50:55.527+0000][1][safepoint    ] Total time for which application threads were stopped: 0.0057598 seconds, Stopping threads took: 0.0056685 seconds
[2019-12-09T03:50:55.538+0000][1][safepoint    ] Application time: 0.0107322 seconds
[2019-12-09T03:50:55.538+0000][1][safepoint    ] Entering safepoint region: RevokeBias
[2019-12-09T03:50:55.538+0000][1][safepoint    ] Leaving safepoint region
[2019-12-09T03:50:55.538+0000][1][safepoint    ] Total time for which application threads were stopped: 0.0000923 seconds, Stopping threads took: 0.0000160 seconds
[2019-12-09T03:50:55.981+0000][1][safepoint    ] Application time: 0.4429576 seconds
[2019-12-09T03:50:55.981+0000][1][safepoint    ] Entering safepoint region: RevokeBias
[2019-12-09T03:50:55.981+0000][1][safepoint    ] Leaving safepoint region
[2019-12-09T03:50:55.981+0000][1][safepoint    ] Total time for which application threads were stopped: 0.0000803 seconds, Stopping threads took: 0.0000200 seconds
[2019-12-09T03:50:55.987+0000][1][safepoint    ] Application time: 0.0058786 seconds
[2019-12-09T03:50:55.991+0000][1][safepoint    ] Entering safepoint region: RevokeBias
[2019-12-09T03:50:55.991+0000][1][safepoint    ] Leaving safepoint region
[2019-12-09T03:50:55.991+0000][1][safepoint    ] Total time for which application threads were stopped: 0.0040687 seconds, Stopping threads took: 0.0039889 seconds
[2019-12-09T03:50:56.259+0000][1][safepoint    ] Application time: 0.2678039 seconds
[2019-12-09T03:50:56.259+0000][1][safepoint    ] Entering safepoint region: BulkRevokeBias
[2019-12-09T03:50:56.259+0000][1][safepoint    ] Leaving safepoint region
[2019-12-09T03:50:56.259+0000][1][safepoint    ] Total time for which application threads were stopped: 0.0003594 seconds, Stopping threads took: 0.0000176 seconds
[2019-12-09T03:50:56.319+0000][1][safepoint    ] Application time: 0.0598763 seconds
[2019-12-09T03:50:56.319+0000][1][safepoint    ] Entering safepoint region: RevokeBias
[2019-12-09T03:50:56.319+0000][1][safepoint    ] Leaving safepoint region
[2019-12-09T03:50:56.319+0000][1][safepoint    ] Total time for which application threads were stopped: 0.0000905 seconds, Stopping threads took: 0.0000210 seconds
[2019-12-09T03:50:56.601+0000][1][safepoint    ] Application time: 0.2818612 seconds
[2019-12-09T03:50:56.630+0000][1][safepoint    ] Entering safepoint region: RevokeBias
[2019-12-09T03:50:56.630+0000][1][safepoint    ] Leaving safepoint region
[2019-12-09T03:50:56.630+0000][1][safepoint    ] Total time for which application threads were stopped: 0.0289324 seconds, Stopping threads took: 0.0288558 seconds
[2019-12-09T03:50:56.644+0000][1][safepoint    ] Application time: 0.0145953 seconds
[2019-12-09T03:50:56.670+0000][1][safepoint    ] Entering safepoint region: RevokeBias
[2019-12-09T03:50:56.671+0000][1][safepoint    ] Leaving safepoint region
[2019-12-09T03:50:56.671+0000][1][safepoint    ] Total time for which application threads were stopped: 0.0261090 seconds, Stopping threads took: 0.0259774 seconds
[2019-12-09T03:50:56.675+0000][1][safepoint    ] Application time: 0.0047480 seconds
[2019-12-09T03:50:56.675+0000][1][safepoint    ] Entering safepoint region: RevokeBias
[2019-12-09T03:50:56.675+0000][1][safepoint    ] Leaving safepoint region
[2019-12-09T03:50:56.675+0000][1][safepoint    ] Total time for which application threads were stopped: 0.0001040 seconds, Stopping threads took: 0.0000413 seconds
[2019-12-09T03:50:56.696+0000][1][safepoint    ] Application time: 0.0208896 seconds
[2019-12-09T03:50:56.696+0000][1][safepoint    ] Entering safepoint region: RevokeBias
[2019-12-09T03:50:56.697+0000][1][safepoint    ] Leaving safepoint region
[2019-12-09T03:50:56.697+0000][1][safepoint    ] Total time for which application threads were stopped: 0.0001721 seconds, Stopping threads took: 0.0001066 seconds
[2019-12-09T03:50:56.697+0000][1][safepoint    ] Application time: 0.0000693 seconds
[2019-12-09T03:50:56.697+0000][1][safepoint    ] Entering safepoint region: RevokeBias
[2019-12-09T03:50:56.697+0000][1][safepoint    ] Leaving safepoint region
[2019-12-09T03:50:56.697+0000][1][safepoint    ] Total time for which application threads were stopped: 0.0000684 seconds, Stopping threads took: 0.0000099 seconds
[2019-12-09T03:50:56.697+0000][1][safepoint    ] Application time: 0.0001834 seconds
[2019-12-09T03:50:56.697+0000][1][safepoint    ] Entering safepoint region: RevokeBias
[2019-12-09T03:50:56.697+0000][1][safepoint    ] Leaving safepoint region
[2019-12-09T03:50:56.697+0000][1][safepoint    ] Total time for which application threads were stopped: 0.0000531 seconds, Stopping threads took: 0.0000102 seconds
[2019-12-09T03:50:56.731+0000][1][safepoint    ] Application time: 0.0337750 seconds
[2019-12-09T03:50:56.731+0000][1][safepoint    ] Entering safepoint region: RevokeBias
[2019-12-09T03:50:56.731+0000][1][safepoint    ] Leaving safepoint region
[2019-12-09T03:50:56.731+0000][1][safepoint    ] Total time for which application threads were stopped: 0.0001828 seconds, Stopping threads took: 0.0001167 seconds
[2019-12-09T03:50:56.731+0000][1][safepoint    ] Application time: 0.0002857 seconds
[2019-12-09T03:50:56.731+0000][1][safepoint    ] Entering safepoint region: RevokeBias
[2019-12-09T03:50:56.731+0000][1][safepoint    ] Leaving safepoint region
[2019-12-09T03:50:56.731+0000][1][safepoint    ] Total time for which application threads were stopped: 0.0000654 seconds, Stopping threads took: 0.0000138 seconds
[2019-12-09T03:50:56.786+0000][1][safepoint    ] Application time: 0.0547288 seconds
[2019-12-09T03:50:56.786+0000][1][safepoint    ] Entering safepoint region: RevokeBias
[2019-12-09T03:50:56.787+0000][1][safepoint    ] Leaving safepoint region
[2019-12-09T03:50:56.787+0000][1][safepoint    ] Total time for which application threads were stopped: 0.0004419 seconds, Stopping threads took: 0.0003644 seconds
[2019-12-09T03:50:56.787+0000][1][safepoint    ] Application time: 0.0000771 seconds
[2019-12-09T03:50:56.787+0000][1][safepoint    ] Entering safepoint region: RevokeBias
[2019-12-09T03:50:56.787+0000][1][safepoint    ] Leaving safepoint region
[2019-12-09T03:50:56.787+0000][1][safepoint    ] Total time for which application threads were stopped: 0.0000910 seconds, Stopping threads took: 0.0000109 seconds
[2019-12-09T03:50:57.317+0000][1][safepoint    ] Application time: 0.5301540 seconds
[2019-12-09T03:50:57.317+0000][1][safepoint    ] Entering safepoint region: Deoptimize
[2019-12-09T03:50:57.318+0000][1][safepoint    ] Leaving safepoint region
[2019-12-09T03:50:57.318+0000][1][safepoint    ] Total time for which application threads were stopped: 0.0007897 seconds, Stopping threads took: 0.0000192 seconds
[2019-12-09T03:50:57.840+0000][1][safepoint    ] Application time: 0.5220904 seconds
[2019-12-09T03:50:57.840+0000][1][safepoint    ] Entering safepoint region: BulkRevokeBias
[2019-12-09T03:50:57.840+0000][1][safepoint    ] Leaving safepoint region
[2019-12-09T03:50:57.840+0000][1][safepoint    ] Total time for which application threads were stopped: 0.0004909 seconds, Stopping threads took: 0.0000210 seconds
[2019-12-09T03:50:57.840+0000][1][safepoint    ] Application time: 0.0000813 seconds
[2019-12-09T03:50:57.840+0000][1][safepoint    ] Entering safepoint region: RevokeBias
[2019-12-09T03:50:57.841+0000][1][safepoint    ] Leaving safepoint region
[2019-12-09T03:50:57.841+0000][1][safepoint    ] Total time for which application threads were stopped: 0.0000670 seconds, Stopping threads took: 0.0000205 seconds
[2019-12-09T03:50:57.939+0000][1][safepoint    ] Application time: 0.0987205 seconds
[2019-12-09T03:50:57.939+0000][1][safepoint    ] Entering safepoint region: RevokeBias
[2019-12-09T03:50:57.939+0000][1][safepoint    ] Leaving safepoint region
[2019-12-09T03:50:57.939+0000][1][safepoint    ] Total time for which application threads were stopped: 0.0000909 seconds, Stopping threads took: 0.0000213 seconds
[2019-12-09T03:50:57.940+0000][1][safepoint    ] Application time: 0.0005102 seconds
[2019-12-09T03:50:57.940+0000][1][safepoint    ] Entering safepoint region: BulkRevokeBias
[2019-12-09T03:50:57.940+0000][1][safepoint    ] Leaving safepoint region
[2019-12-09T03:50:57.940+0000][1][safepoint    ] Total time for which application threads were stopped: 0.0003587 seconds, Stopping threads took: 0.0000151 seconds
[2019-12-09T03:50:57.941+0000][1][safepoint    ] Application time: 0.0002842 seconds
[2019-12-09T03:50:57.941+0000][1][safepoint    ] Entering safepoint region: RevokeBias
[2019-12-09T03:50:57.941+0000][1][safepoint    ] Leaving safepoint region
[2019-12-09T03:50:57.941+0000][1][safepoint    ] Total time for which application threads were stopped: 0.0000604 seconds, Stopping threads took: 0.0000128 seconds
[2019-12-09T03:50:58.225+0000][1][safepoint    ] Application time: 0.2838700 seconds
[2019-12-09T03:50:58.225+0000][1][safepoint    ] Entering safepoint region: RevokeBias
[2019-12-09T03:50:58.225+0000][1][safepoint    ] Leaving safepoint region
[2019-12-09T03:50:58.225+0000][1][safepoint    ] Total time for which application threads were stopped: 0.0001133 seconds, Stopping threads took: 0.0000200 seconds
[2019-12-09T03:50:58.225+0000][1][safepoint    ] Application time: 0.0002723 seconds
[2019-12-09T03:50:58.225+0000][1][safepoint    ] Entering safepoint region: RevokeBias
[2019-12-09T03:50:58.225+0000][1][safepoint    ] Leaving safepoint region
[2019-12-09T03:50:58.225+0000][1][safepoint    ] Total time for which application threads were stopped: 0.0000800 seconds, Stopping threads took: 0.0000149 seconds
[2019-12-09T03:50:58.241+0000][1][safepoint    ] Application time: 0.0161809 seconds
[2019-12-09T03:50:58.241+0000][1][safepoint    ] Entering safepoint region: RevokeBias
[2019-12-09T03:50:58.241+0000][1][safepoint    ] Leaving safepoint region
[2019-12-09T03:50:58.241+0000][1][safepoint    ] Total time for which application threads were stopped: 0.0000796 seconds, Stopping threads took: 0.0000184 seconds
[2019-12-09T03:50:58.241+0000][1][safepoint    ] Application time: 0.0000690 seconds
[2019-12-09T03:50:58.241+0000][1][safepoint    ] Entering safepoint region: RevokeBias
[2019-12-09T03:50:58.241+0000][1][safepoint    ] Leaving safepoint region
[2019-12-09T03:50:58.241+0000][1][safepoint    ] Total time for which application threads were stopped: 0.0000451 seconds, Stopping threads took: 0.0000102 seconds
[2019-12-09T03:50:58.242+0000][1][safepoint    ] Application time: 0.0000633 seconds
[2019-12-09T03:50:58.242+0000][1][safepoint    ] Entering safepoint region: RevokeBias
[2019-12-09T03:50:58.242+0000][1][safepoint    ] Leaving safepoint region
[2019-12-09T03:50:58.242+0000][1][safepoint    ] Total time for which application threads were stopped: 0.0000376 seconds, Stopping threads took: 0.0000084 seconds
[2019-12-09T03:50:58.242+0000][1][safepoint    ] Application time: 0.0000469 seconds
[2019-12-09T03:50:58.242+0000][1][safepoint    ] Entering safepoint region: RevokeBias
[2019-12-09T03:50:58.242+0000][1][safepoint    ] Leaving safepoint region
[2019-12-09T03:50:58.242+0000][1][safepoint    ] Total time for which application threads were stopped: 0.0000551 seconds, Stopping threads took: 0.0000084 seconds
[2019-12-09T03:50:58.242+0000][1][safepoint    ] Application time: 0.0000461 seconds
[2019-12-09T03:50:58.242+0000][1][safepoint    ] Entering safepoint region: RevokeBias
[2019-12-09T03:50:58.242+0000][1][safepoint    ] Leaving safepoint region
[2019-12-09T03:50:58.242+0000][1][safepoint    ] Total time for which application threads were stopped: 0.0000372 seconds, Stopping threads took: 0.0000088 seconds
[2019-12-09T03:50:58.242+0000][1][safepoint    ] Application time: 0.0000454 seconds
[2019-12-09T03:50:58.242+0000][1][safepoint    ] Entering safepoint region: RevokeBias
[2019-12-09T03:50:58.242+0000][1][safepoint    ] Leaving safepoint region
[2019-12-09T03:50:58.242+0000][1][safepoint    ] Total time for which application threads were stopped: 0.0000308 seconds, Stopping threads took: 0.0000068 seconds
[2019-12-09T03:50:58.242+0000][1][safepoint    ] Application time: 0.0000463 seconds
[2019-12-09T03:50:58.242+0000][1][safepoint    ] Entering safepoint region: RevokeBias
[2019-12-09T03:50:58.242+0000][1][safepoint    ] Leaving safepoint region
[2019-12-09T03:50:58.242+0000][1][safepoint    ] Total time for which application threads were stopped: 0.0000352 seconds, Stopping threads took: 0.0000080 seconds
[2019-12-09T03:50:58.242+0000][1][safepoint    ] Application time: 0.0000447 seconds
[2019-12-09T03:50:58.242+0000][1][safepoint    ] Entering safepoint region: RevokeBias
[2019-12-09T03:50:58.242+0000][1][safepoint    ] Leaving safepoint region
[2019-12-09T03:50:58.242+0000][1][safepoint    ] Total time for which application threads were stopped: 0.0000355 seconds, Stopping threads took: 0.0000078 seconds
[2019-12-09T03:50:58.543+0000][1][safepoint    ] Application time: 0.3007370 seconds
[2019-12-09T03:50:58.543+0000][1][safepoint    ] Entering safepoint region: RevokeBias
[2019-12-09T03:50:58.543+0000][1][safepoint    ] Leaving safepoint region
[2019-12-09T03:50:58.543+0000][1][safepoint    ] Total time for which application threads were stopped: 0.0000834 seconds, Stopping threads took: 0.0000198 seconds
[2019-12-09T03:50:58.604+0000][1][safepoint    ] Application time: 0.0611926 seconds
[2019-12-09T03:50:58.604+0000][1][safepoint    ] Entering safepoint region: RevokeBias
[2019-12-09T03:50:58.604+0000][1][safepoint    ] Leaving safepoint region
[2019-12-09T03:50:58.604+0000][1][safepoint    ] Total time for which application threads were stopped: 0.0000970 seconds, Stopping threads took: 0.0000191 seconds
[2019-12-09T03:50:58.629+0000][1][safepoint    ] Application time: 0.0244518 seconds
[2019-12-09T03:50:58.629+0000][1][safepoint    ] Entering safepoint region: RevokeBias
[2019-12-09T03:50:58.629+0000][1][safepoint    ] Leaving safepoint region
[2019-12-09T03:50:58.629+0000][1][safepoint    ] Total time for which application threads were stopped: 0.0000884 seconds, Stopping threads took: 0.0000189 seconds
[2019-12-09T03:50:59.634+0000][1][safepoint    ] Application time: 1.0051134 seconds
[2019-12-09T03:50:59.634+0000][1][safepoint    ] Entering safepoint region: Cleanup
[2019-12-09T03:50:59.634+0000][1][safepoint    ] Leaving safepoint region
[2019-12-09T03:50:59.634+0000][1][safepoint    ] Total time for which application threads were stopped: 0.0001072 seconds, Stopping threads took: 0.0000303 seconds
[2019-12-09T03:50:59.963+0000][1][safepoint    ] Application time: 0.3288081 seconds
[2019-12-09T03:50:59.963+0000][1][safepoint    ] Entering safepoint region: RevokeBias
[2019-12-09T03:50:59.963+0000][1][safepoint    ] Leaving safepoint region
[2019-12-09T03:50:59.963+0000][1][safepoint    ] Total time for which application threads were stopped: 0.0000903 seconds, Stopping threads took: 0.0000193 seconds
[2019-12-09T03:50:59.963+0000][1][safepoint    ] Application time: 0.0001126 seconds
[2019-12-09T03:50:59.963+0000][1][safepoint    ] Entering safepoint region: RevokeBias
[2019-12-09T03:50:59.963+0000][1][safepoint    ] Leaving safepoint region
[2019-12-09T03:50:59.963+0000][1][safepoint    ] Total time for which application threads were stopped: 0.0000474 seconds, Stopping threads took: 0.0000100 seconds
[2019-12-09T03:50:59.964+0000][1][safepoint    ] Application time: 0.0005613 seconds
[2019-12-09T03:50:59.964+0000][1][safepoint    ] Entering safepoint region: RevokeBias
[2019-12-09T03:50:59.964+0000][1][safepoint    ] Leaving safepoint region
[2019-12-09T03:50:59.964+0000][1][safepoint    ] Total time for which application threads were stopped: 0.0000640 seconds, Stopping threads took: 0.0000157 seconds
[2019-12-09T03:51:00.968+0000][1][safepoint    ] Application time: 1.0038482 seconds
[2019-12-09T03:51:01.033+0000][1][safepoint    ] Entering safepoint region: Cleanup
[2019-12-09T03:51:01.033+0000][1][safepoint    ] Leaving safepoint region
[2019-12-09T03:51:01.033+0000][1][safepoint    ] Total time for which application threads were stopped: 0.0651939 seconds, Stopping threads took: 0.0651090 seconds
[2019-12-09T03:51:01.078+0000][1][safepoint    ] Application time: 0.0450246 seconds
[2019-12-09T03:51:01.139+0000][1][safepoint    ] Entering safepoint region: GenCollectForAllocation
[2019-12-09T03:51:01.139+0000][1][gc,start     ] GC(23) Pause Young (Allocation Failure)
[2019-12-09T03:51:01.139+0000][1][gc,task      ] GC(23) Using 2 workers of 2 for evacuation
[2019-12-09T03:51:01.389+0000][1][gc,age       ] GC(23) Desired survivor size 4456448 bytes, new threshold 2 (max threshold 6)
[2019-12-09T03:51:01.389+0000][1][gc,age       ] GC(23) Age table with threshold 2 (max threshold 6)
[2019-12-09T03:51:01.389+0000][1][gc,age       ] GC(23) - age   1:    2150256 bytes,    2150256 total
[2019-12-09T03:51:01.389+0000][1][gc,age       ] GC(23) - age   2:    3431584 bytes,    5581840 total
[2019-12-09T03:51:01.389+0000][1][gc,heap      ] GC(23) ParNew: 78656K->8704K(78656K)
[2019-12-09T03:51:01.389+0000][1][gc,heap      ] GC(23) CMS: 60315K->64232K(174784K)
[2019-12-09T03:51:01.389+0000][1][gc,metaspace ] GC(23) Metaspace: 68950K->68950K(1112064K)
[2019-12-09T03:51:01.389+0000][1][gc           ] GC(23) Pause Young (Allocation Failure) 135M->71M(247M) 249.395ms
[2019-12-09T03:51:01.389+0000][1][gc,cpu       ] GC(23) User=0.07s Sys=0.00s Real=0.25s
[2019-12-09T03:51:01.389+0000][1][safepoint    ] Leaving safepoint region
[2019-12-09T03:51:01.391+0000][1][safepoint    ] Total time for which application threads were stopped: 0.3127303 seconds, Stopping threads took: 0.0610967 seconds
[2019-12-09T03:51:02.395+0000][1][safepoint    ] Application time: 1.0039590 seconds
[2019-12-09T03:51:02.470+0000][1][safepoint    ] Entering safepoint region: Cleanup
[2019-12-09T03:51:02.470+0000][1][safepoint    ] Leaving safepoint region
[2019-12-09T03:51:02.470+0000][1][safepoint    ] Total time for which application threads were stopped: 0.0751136 seconds, Stopping threads took: 0.0750225 seconds
[2019-12-09T03:51:02.490+0000][1][safepoint    ] Application time: 0.0204861 seconds
[2019-12-09T03:51:02.551+0000][1][safepoint    ] Entering safepoint region: RevokeBias
[2019-12-09T03:51:02.551+0000][1][safepoint    ] Leaving safepoint region
[2019-12-09T03:51:02.551+0000][1][safepoint    ] Total time for which application threads were stopped: 0.0605543 seconds, Stopping threads took: 0.0604401 seconds
[2019-12-09T03:51:02.665+0000][1][safepoint    ] Application time: 0.1142558 seconds
[2019-12-09T03:51:02.670+0000][1][safepoint    ] Entering safepoint region: RevokeBias
[2019-12-09T03:51:02.670+0000][1][safepoint    ] Leaving safepoint region
[2019-12-09T03:51:02.670+0000][1][safepoint    ] Total time for which application threads were stopped: 0.0046431 seconds, Stopping threads took: 0.0045473 seconds
[2019-12-09T03:51:04.285+0000][1][safepoint    ] Application time: 1.6151472 seconds
[2019-12-09T03:51:04.285+0000][1][safepoint    ] Entering safepoint region: Cleanup
[2019-12-09T03:51:04.285+0000][1][safepoint    ] Leaving safepoint region
[2019-12-09T03:51:04.285+0000][1][safepoint    ] Total time for which application threads were stopped: 0.0001181 seconds, Stopping threads took: 0.0000241 seconds
[2019-12-09T03:51:05.286+0000][1][safepoint    ] Application time: 1.0005083 seconds
[2019-12-09T03:51:05.286+0000][1][safepoint    ] Entering safepoint region: Cleanup
[2019-12-09T03:51:05.286+0000][1][safepoint    ] Leaving safepoint region
[2019-12-09T03:51:05.286+0000][1][safepoint    ] Total time for which application threads were stopped: 0.0001050 seconds, Stopping threads took: 0.0000239 seconds
[2019-12-09T03:51:05.805+0000][1][safepoint    ] Application time: 0.5187918 seconds
[2019-12-09T03:51:05.852+0000][1][safepoint    ] Entering safepoint region: RevokeBias
[2019-12-09T03:51:05.852+0000][1][safepoint    ] Leaving safepoint region
[2019-12-09T03:51:05.853+0000][1][safepoint    ] Total time for which application threads were stopped: 0.0478118 seconds, Stopping threads took: 0.0477068 seconds
[2019-12-09T03:51:05.853+0000][1][safepoint    ] Application time: 0.0006343 seconds
[2019-12-09T03:51:05.853+0000][1][safepoint    ] Entering safepoint region: RevokeBias
[2019-12-09T03:51:05.853+0000][1][safepoint    ] Leaving safepoint region
[2019-12-09T03:51:05.853+0000][1][safepoint    ] Total time for which application threads were stopped: 0.0000785 seconds, Stopping threads took: 0.0000170 seconds
[2019-12-09T03:51:05.853+0000][1][safepoint    ] Application time: 0.0001062 seconds
[2019-12-09T03:51:05.853+0000][1][safepoint    ] Entering safepoint region: RevokeBias
[2019-12-09T03:51:05.853+0000][1][safepoint    ] Leaving safepoint region
[2019-12-09T03:51:05.853+0000][1][safepoint    ] Total time for which application threads were stopped: 0.0000502 seconds, Stopping threads took: 0.0000091 seconds
[2019-12-09T03:51:05.857+0000][1][safepoint    ] Application time: 0.0033836 seconds
[2019-12-09T03:51:05.857+0000][1][safepoint    ] Entering safepoint region: RevokeBias
[2019-12-09T03:51:05.857+0000][1][safepoint    ] Leaving safepoint region
[2019-12-09T03:51:05.857+0000][1][safepoint    ] Total time for which application threads were stopped: 0.0000969 seconds, Stopping threads took: 0.0000394 seconds
[2019-12-09T03:51:05.857+0000][1][safepoint    ] Application time: 0.0002442 seconds
[2019-12-09T03:51:05.857+0000][1][safepoint    ] Entering safepoint region: RevokeBias
[2019-12-09T03:51:05.857+0000][1][safepoint    ] Leaving safepoint region
[2019-12-09T03:51:05.857+0000][1][safepoint    ] Total time for which application threads were stopped: 0.0000596 seconds, Stopping threads took: 0.0000113 seconds
[2019-12-09T03:51:05.919+0000][1][safepoint    ] Application time: 0.0617410 seconds
[2019-12-09T03:51:05.944+0000][1][safepoint    ] Entering safepoint region: RevokeBias
[2019-12-09T03:51:05.944+0000][1][safepoint    ] Leaving safepoint region
[2019-12-09T03:51:05.944+0000][1][safepoint    ] Total time for which application threads were stopped: 0.0253124 seconds, Stopping threads took: 0.0251954 seconds
[2019-12-09T03:51:06.177+0000][1][safepoint    ] Application time: 0.2324507 seconds
[2019-12-09T03:51:06.177+0000][1][safepoint    ] Entering safepoint region: RevokeBias
[2019-12-09T03:51:06.177+0000][1][safepoint    ] Leaving safepoint region
[2019-12-09T03:51:06.177+0000][1][safepoint    ] Total time for which application threads were stopped: 0.0001874 seconds, Stopping threads took: 0.0000915 seconds
[2019-12-09T03:51:06.334+0000][1][safepoint    ] Application time: 0.1572340 seconds
[2019-12-09T03:51:06.334+0000][1][safepoint    ] Entering safepoint region: RevokeBias
[2019-12-09T03:51:06.334+0000][1][safepoint    ] Leaving safepoint region
[2019-12-09T03:51:06.334+0000][1][safepoint    ] Total time for which application threads were stopped: 0.0001031 seconds, Stopping threads took: 0.0000239 seconds
[2019-12-09T03:51:06.590+0000][1][safepoint    ] Application time: 0.2558748 seconds
[2019-12-09T03:51:06.590+0000][1][safepoint    ] Entering safepoint region: RevokeBias
[2019-12-09T03:51:06.590+0000][1][safepoint    ] Leaving safepoint region
[2019-12-09T03:51:06.590+0000][1][safepoint    ] Total time for which application threads were stopped: 0.0001060 seconds, Stopping threads took: 0.0000193 seconds
[2019-12-09T03:51:06.591+0000][1][safepoint    ] Application time: 0.0001993 seconds
[2019-12-09T03:51:06.591+0000][1][safepoint    ] Entering safepoint region: RevokeBias
[2019-12-09T03:51:06.591+0000][1][safepoint    ] Leaving safepoint region
[2019-12-09T03:51:06.591+0000][1][safepoint    ] Total time for which application threads were stopped: 0.0000934 seconds, Stopping threads took: 0.0000138 seconds
[2019-12-09T03:51:06.859+0000][1][safepoint    ] Application time: 0.2684980 seconds
[2019-12-09T03:51:06.859+0000][1][safepoint    ] Entering safepoint region: RevokeBias
[2019-12-09T03:51:06.859+0000][1][safepoint    ] Leaving safepoint region
[2019-12-09T03:51:06.859+0000][1][safepoint    ] Total time for which application threads were stopped: 0.0001275 seconds, Stopping threads took: 0.0000188 seconds
[2019-12-09T03:51:06.881+0000][1][safepoint    ] Application time: 0.0213244 seconds
[2019-12-09T03:51:06.881+0000][1][safepoint    ] Entering safepoint region: RevokeBias
[2019-12-09T03:51:06.881+0000][1][safepoint    ] Leaving safepoint region
[2019-12-09T03:51:06.881+0000][1][safepoint    ] Total time for which application threads were stopped: 0.0001071 seconds, Stopping threads took: 0.0000194 seconds
[2019-12-09T03:51:06.881+0000][1][safepoint    ] Application time: 0.0004601 seconds
[2019-12-09T03:51:06.881+0000][1][safepoint    ] Entering safepoint region: RevokeBias
[2019-12-09T03:51:06.881+0000][1][safepoint    ] Leaving safepoint region
[2019-12-09T03:51:06.881+0000][1][safepoint    ] Total time for which application threads were stopped: 0.0000771 seconds, Stopping threads took: 0.0000172 seconds
[2019-12-09T03:51:07.157+0000][1][safepoint    ] Application time: 0.2758977 seconds
[2019-12-09T03:51:07.157+0000][1][safepoint    ] Entering safepoint region: RevokeBias
[2019-12-09T03:51:07.157+0000][1][safepoint    ] Leaving safepoint region
[2019-12-09T03:51:07.157+0000][1][safepoint    ] Total time for which application threads were stopped: 0.0001056 seconds, Stopping threads took: 0.0000198 seconds
[2019-12-09T03:51:07.158+0000][1][safepoint    ] Application time: 0.0000679 seconds
[2019-12-09T03:51:07.158+0000][1][safepoint    ] Entering safepoint region: RevokeBias
[2019-12-09T03:51:07.158+0000][1][safepoint    ] Leaving safepoint region
[2019-12-09T03:51:07.158+0000][1][safepoint    ] Total time for which application threads were stopped: 0.0000452 seconds, Stopping threads took: 0.0000087 seconds
[2019-12-09T03:51:07.163+0000][1][safepoint    ] Application time: 0.0057582 seconds
[2019-12-09T03:51:07.163+0000][1][safepoint    ] Entering safepoint region: RevokeBias
[2019-12-09T03:51:07.163+0000][1][safepoint    ] Leaving safepoint region
[2019-12-09T03:51:07.163+0000][1][safepoint    ] Total time for which application threads were stopped: 0.0000803 seconds, Stopping threads took: 0.0000172 seconds
[2019-12-09T03:51:07.412+0000][1][safepoint    ] Application time: 0.2484607 seconds
[2019-12-09T03:51:07.412+0000][1][safepoint    ] Entering safepoint region: CollectForMetadataAllocation
[2019-12-09T03:51:07.412+0000][1][safepoint    ] Leaving safepoint region
[2019-12-09T03:51:07.412+0000][1][safepoint    ] Total time for which application threads were stopped: 0.0002775 seconds, Stopping threads took: 0.0000208 seconds
[2019-12-09T03:51:07.595+0000][1][safepoint    ] Application time: 0.1826988 seconds
[2019-12-09T03:51:07.599+0000][1][safepoint    ] Entering safepoint region: CollectForMetadataAllocation
[2019-12-09T03:51:07.599+0000][1][safepoint    ] Leaving safepoint region
[2019-12-09T03:51:07.599+0000][1][safepoint    ] Total time for which application threads were stopped: 0.0038280 seconds, Stopping threads took: 0.0035664 seconds
[2019-12-09T03:51:07.604+0000][1][safepoint    ] Application time: 0.0055916 seconds
[2019-12-09T03:51:07.604+0000][1][safepoint    ] Entering safepoint region: RevokeBias
[2019-12-09T03:51:07.605+0000][1][safepoint    ] Leaving safepoint region
[2019-12-09T03:51:07.605+0000][1][safepoint    ] Total time for which application threads were stopped: 0.0001399 seconds, Stopping threads took: 0.0000684 seconds
[2019-12-09T03:51:07.605+0000][1][safepoint    ] Application time: 0.0004910 seconds
[2019-12-09T03:51:07.605+0000][1][safepoint    ] Entering safepoint region: RevokeBias
[2019-12-09T03:51:07.605+0000][1][safepoint    ] Leaving safepoint region
[2019-12-09T03:51:07.605+0000][1][safepoint    ] Total time for which application threads were stopped: 0.0000703 seconds, Stopping threads took: 0.0000131 seconds
[2019-12-09T03:51:07.691+0000][1][safepoint    ] Application time: 0.0862109 seconds
[2019-12-09T03:51:07.691+0000][1][safepoint    ] Entering safepoint region: CollectForMetadataAllocation
[2019-12-09T03:51:07.692+0000][1][safepoint    ] Leaving safepoint region
[2019-12-09T03:51:07.692+0000][1][safepoint    ] Total time for which application threads were stopped: 0.0002505 seconds, Stopping threads took: 0.0000192 seconds
[2019-12-09T03:51:07.728+0000][1][safepoint    ] Application time: 0.0368193 seconds
[2019-12-09T03:51:07.729+0000][1][safepoint    ] Entering safepoint region: Deoptimize
[2019-12-09T03:51:07.729+0000][1][safepoint    ] Leaving safepoint region
[2019-12-09T03:51:07.729+0000][1][safepoint    ] Total time for which application threads were stopped: 0.0007680 seconds, Stopping threads took: 0.0000200 seconds
[2019-12-09T03:51:07.848+0000][1][safepoint    ] Application time: 0.1190591 seconds
[2019-12-09T03:51:07.848+0000][1][safepoint    ] Entering safepoint region: CollectForMetadataAllocation
[2019-12-09T03:51:07.849+0000][1][safepoint    ] Leaving safepoint region
[2019-12-09T03:51:07.849+0000][1][safepoint    ] Total time for which application threads were stopped: 0.0003298 seconds, Stopping threads took: 0.0000228 seconds
[2019-12-09T03:51:07.985+0000][1][safepoint    ] Application time: 0.1357983 seconds
[2019-12-09T03:51:07.985+0000][1][safepoint    ] Entering safepoint region: RevokeBias
[2019-12-09T03:51:07.985+0000][1][safepoint    ] Leaving safepoint region
[2019-12-09T03:51:07.985+0000][1][safepoint    ] Total time for which application threads were stopped: 0.0001082 seconds, Stopping threads took: 0.0000189 seconds
[2019-12-09T03:51:08.066+0000][1][safepoint    ] Application time: 0.0810400 seconds
[2019-12-09T03:51:08.066+0000][1][safepoint    ] Entering safepoint region: RevokeBias
[2019-12-09T03:51:08.066+0000][1][safepoint    ] Leaving safepoint region
[2019-12-09T03:51:08.066+0000][1][safepoint    ] Total time for which application threads were stopped: 0.0001065 seconds, Stopping threads took: 0.0000225 seconds
[2019-12-09T03:51:08.069+0000][1][safepoint    ] Application time: 0.0026674 seconds
[2019-12-09T03:51:08.069+0000][1][safepoint    ] Entering safepoint region: RevokeBias
[2019-12-09T03:51:08.069+0000][1][safepoint    ] Leaving safepoint region
[2019-12-09T03:51:08.069+0000][1][safepoint    ] Total time for which application threads were stopped: 0.0000906 seconds, Stopping threads took: 0.0000182 seconds
[2019-12-09T03:51:08.069+0000][1][safepoint    ] Application time: 0.0002806 seconds
[2019-12-09T03:51:08.069+0000][1][safepoint    ] Entering safepoint region: RevokeBias
[2019-12-09T03:51:08.069+0000][1][safepoint    ] Leaving safepoint region
[2019-12-09T03:51:08.069+0000][1][safepoint    ] Total time for which application threads were stopped: 0.0000691 seconds, Stopping threads took: 0.0000123 seconds
[2019-12-09T03:51:08.134+0000][1][safepoint    ] Application time: 0.0652044 seconds
[2019-12-09T03:51:08.134+0000][1][safepoint    ] Entering safepoint region: RevokeBias
[2019-12-09T03:51:08.134+0000][1][safepoint    ] Leaving safepoint region
[2019-12-09T03:51:08.134+0000][1][safepoint    ] Total time for which application threads were stopped: 0.0001119 seconds, Stopping threads took: 0.0000203 seconds
[2019-12-09T03:51:08.136+0000][1][safepoint    ] Application time: 0.0011762 seconds
[2019-12-09T03:51:08.136+0000][1][safepoint    ] Entering safepoint region: RevokeBias
[2019-12-09T03:51:08.136+0000][1][safepoint    ] Leaving safepoint region
[2019-12-09T03:51:08.136+0000][1][safepoint    ] Total time for which application threads were stopped: 0.0000790 seconds, Stopping threads took: 0.0000155 seconds
[2019-12-09T03:51:08.136+0000][1][safepoint    ] Application time: 0.0000936 seconds
[2019-12-09T03:51:08.136+0000][1][safepoint    ] Entering safepoint region: RevokeBias
[2019-12-09T03:51:08.136+0000][1][safepoint    ] Leaving safepoint region
[2019-12-09T03:51:08.136+0000][1][safepoint    ] Total time for which application threads were stopped: 0.0000561 seconds, Stopping threads took: 0.0000091 seconds
[2019-12-09T03:51:08.136+0000][1][safepoint    ] Application time: 0.0000524 seconds
[2019-12-09T03:51:08.136+0000][1][safepoint    ] Entering safepoint region: RevokeBias
[2019-12-09T03:51:08.136+0000][1][safepoint    ] Leaving safepoint region
[2019-12-09T03:51:08.136+0000][1][safepoint    ] Total time for which application threads were stopped: 0.0000397 seconds, Stopping threads took: 0.0000073 seconds
[2019-12-09T03:51:08.136+0000][1][safepoint    ] Application time: 0.0000561 seconds
[2019-12-09T03:51:08.136+0000][1][safepoint    ] Entering safepoint region: RevokeBias
[2019-12-09T03:51:08.136+0000][1][safepoint    ] Leaving safepoint region
[2019-12-09T03:51:08.136+0000][1][safepoint    ] Total time for which application threads were stopped: 0.0000393 seconds, Stopping threads took: 0.0000073 seconds
[2019-12-09T03:51:08.136+0000][1][safepoint    ] Application time: 0.0003082 seconds
[2019-12-09T03:51:08.136+0000][1][safepoint    ] Entering safepoint region: RevokeBias
[2019-12-09T03:51:08.136+0000][1][safepoint    ] Leaving safepoint region
[2019-12-09T03:51:08.136+0000][1][safepoint    ] Total time for which application threads were stopped: 0.0000652 seconds, Stopping threads took: 0.0000124 seconds
[2019-12-09T03:51:08.209+0000][1][safepoint    ] Application time: 0.0726090 seconds
[2019-12-09T03:51:08.209+0000][1][safepoint    ] Entering safepoint region: RevokeBias
[2019-12-09T03:51:08.209+0000][1][safepoint    ] Leaving safepoint region
[2019-12-09T03:51:08.209+0000][1][safepoint    ] Total time for which application threads were stopped: 0.0001021 seconds, Stopping threads took: 0.0000194 seconds
[2019-12-09T03:51:08.209+0000][1][safepoint    ] Application time: 0.0002311 seconds
[2019-12-09T03:51:08.209+0000][1][safepoint    ] Entering safepoint region: RevokeBias
[2019-12-09T03:51:08.209+0000][1][safepoint    ] Leaving safepoint region
[2019-12-09T03:51:08.210+0000][1][safepoint    ] Total time for which application threads were stopped: 0.0000499 seconds, Stopping threads took: 0.0000084 seconds
[2019-12-09T03:51:08.210+0000][1][safepoint    ] Application time: 0.0008551 seconds
[2019-12-09T03:51:08.210+0000][1][safepoint    ] Entering safepoint region: RevokeBias
[2019-12-09T03:51:08.210+0000][1][safepoint    ] Leaving safepoint region
[2019-12-09T03:51:08.210+0000][1][safepoint    ] Total time for which application threads were stopped: 0.0000729 seconds, Stopping threads took: 0.0000155 seconds
[2019-12-09T03:51:08.211+0000][1][safepoint    ] Application time: 0.0008913 seconds
[2019-12-09T03:51:08.211+0000][1][safepoint    ] Entering safepoint region: CollectForMetadataAllocation
[2019-12-09T03:51:08.212+0000][1][safepoint    ] Leaving safepoint region
[2019-12-09T03:51:08.212+0000][1][safepoint    ] Total time for which application threads were stopped: 0.0002431 seconds, Stopping threads took: 0.0000149 seconds
[2019-12-09T03:51:09.218+0000][1][safepoint    ] Application time: 1.0060716 seconds
[2019-12-09T03:51:09.218+0000][1][safepoint    ] Entering safepoint region: Cleanup
[2019-12-09T03:51:09.218+0000][1][safepoint    ] Leaving safepoint region
[2019-12-09T03:51:09.218+0000][1][safepoint    ] Total time for which application threads were stopped: 0.0001109 seconds, Stopping threads took: 0.0000240 seconds
[2019-12-09T03:51:09.391+0000][1][safepoint    ] Application time: 0.1729046 seconds
[2019-12-09T03:51:09.391+0000][1][safepoint    ] Entering safepoint region: CMS_Initial_Mark
[2019-12-09T03:51:09.391+0000][1][gc,start     ] GC(24) Pause Initial Mark
[2019-12-09T03:51:09.491+0000][1][gc           ] GC(24) Pause Initial Mark 117M->117M(247M) 99.678ms
[2019-12-09T03:51:09.491+0000][1][gc,cpu       ] GC(24) User=0.04s Sys=0.00s Real=0.10s
[2019-12-09T03:51:09.491+0000][1][safepoint    ] Leaving safepoint region
[2019-12-09T03:51:09.491+0000][1][safepoint    ] Total time for which application threads were stopped: 0.0998910 seconds, Stopping threads took: 0.0000252 seconds
[2019-12-09T03:51:09.494+0000][1][gc           ] GC(24) Concurrent Mark
[2019-12-09T03:51:09.875+0000][1][gc           ] GC(24) Concurrent Mark 381.269ms
[2019-12-09T03:51:09.875+0000][1][gc,cpu       ] GC(24) User=0.10s Sys=0.00s Real=0.39s
[2019-12-09T03:51:09.875+0000][1][gc           ] GC(24) Concurrent Preclean
[2019-12-09T03:51:09.878+0000][1][gc           ] GC(24) Concurrent Preclean 2.958ms
[2019-12-09T03:51:09.878+0000][1][gc,cpu       ] GC(24) User=0.00s Sys=0.00s Real=0.00s
[2019-12-09T03:51:09.878+0000][1][gc           ] GC(24) Concurrent Abortable Preclean
[2019-12-09T03:51:10.494+0000][1][safepoint    ] Application time: 1.0030053 seconds
[2019-12-09T03:51:10.494+0000][1][safepoint    ] Entering safepoint region: Cleanup
[2019-12-09T03:51:10.494+0000][1][safepoint    ] Leaving safepoint region
[2019-12-09T03:51:10.494+0000][1][safepoint    ] Total time for which application threads were stopped: 0.0001095 seconds, Stopping threads took: 0.0000259 seconds
[2019-12-09T03:51:11.461+0000][1][safepoint    ] Application time: 0.9671862 seconds
[2019-12-09T03:51:11.461+0000][1][safepoint    ] Entering safepoint region: RevokeBias
[2019-12-09T03:51:11.461+0000][1][safepoint    ] Leaving safepoint region
[2019-12-09T03:51:11.461+0000][1][safepoint    ] Total time for which application threads were stopped: 0.0001390 seconds, Stopping threads took: 0.0000236 seconds
[2019-12-09T03:51:12.462+0000][1][safepoint    ] Application time: 1.0004868 seconds
[2019-12-09T03:51:12.462+0000][1][safepoint    ] Entering safepoint region: Cleanup
[2019-12-09T03:51:12.462+0000][1][safepoint    ] Leaving safepoint region
[2019-12-09T03:51:12.462+0000][1][safepoint    ] Total time for which application threads were stopped: 0.0001160 seconds, Stopping threads took: 0.0000343 seconds
[2019-12-09T03:51:13.463+0000][1][safepoint    ] Application time: 1.0012466 seconds
[2019-12-09T03:51:13.463+0000][1][safepoint    ] Entering safepoint region: Cleanup
[2019-12-09T03:51:13.463+0000][1][safepoint    ] Leaving safepoint region
[2019-12-09T03:51:13.463+0000][1][safepoint    ] Total time for which application threads were stopped: 0.0001124 seconds, Stopping threads took: 0.0000271 seconds
[2019-12-09T03:51:14.464+0000][1][safepoint    ] Application time: 1.0011644 seconds
[2019-12-09T03:51:14.465+0000][1][safepoint    ] Entering safepoint region: Cleanup
[2019-12-09T03:51:14.465+0000][1][safepoint    ] Leaving safepoint region
[2019-12-09T03:51:14.465+0000][1][safepoint    ] Total time for which application threads were stopped: 0.0001126 seconds, Stopping threads took: 0.0000265 seconds
[2019-12-09T03:51:14.959+0000][1][gc           ] GC(24) Concurrent Abortable Preclean 5081.078ms
[2019-12-09T03:51:14.959+0000][1][gc,cpu       ] GC(24) User=1.43s Sys=0.01s Real=5.08s
[2019-12-09T03:51:14.959+0000][1][safepoint    ] Application time: 0.4946267 seconds
[2019-12-09T03:51:14.959+0000][1][safepoint    ] Entering safepoint region: CMS_Final_Remark
[2019-12-09T03:51:14.959+0000][1][gc,start     ] GC(24) Pause Remark
[2019-12-09T03:51:15.092+0000][1][gc           ] GC(24) Pause Remark 120M->120M(247M) 132.775ms
[2019-12-09T03:51:15.092+0000][1][gc,cpu       ] GC(24) User=0.06s Sys=0.00s Real=0.13s
[2019-12-09T03:51:15.092+0000][1][safepoint    ] Leaving safepoint region
[2019-12-09T03:51:15.092+0000][1][safepoint    ] Total time for which application threads were stopped: 0.1329910 seconds, Stopping threads took: 0.0000224 seconds
[2019-12-09T03:51:15.092+0000][1][gc           ] GC(24) Concurrent Sweep
[2019-12-09T03:51:15.204+0000][1][gc           ] GC(24) Concurrent Sweep 111.712ms
[2019-12-09T03:51:15.204+0000][1][gc,cpu       ] GC(24) User=0.06s Sys=0.00s Real=0.11s
[2019-12-09T03:51:15.204+0000][1][gc           ] GC(24) Concurrent Reset
[2019-12-09T03:51:15.204+0000][1][gc           ] GC(24) Concurrent Reset 0.313ms
[2019-12-09T03:51:15.204+0000][1][gc,cpu       ] GC(24) User=0.00s Sys=0.00s Real=0.00s
[2019-12-09T03:51:15.205+0000][1][gc,heap      ] GC(24) Old: 64232K->63664K(174784K)
[2019-12-09T03:51:16.093+0000][1][safepoint    ] Application time: 1.0004176 seconds
[2019-12-09T03:51:16.093+0000][1][safepoint    ] Entering safepoint region: Cleanup
[2019-12-09T03:51:16.094+0000][1][safepoint    ] Leaving safepoint region
[2019-12-09T03:51:16.094+0000][1][safepoint    ] Total time for which application threads were stopped: 0.0008606 seconds, Stopping threads took: 0.0000237 seconds
[2019-12-09T03:51:17.099+0000][1][safepoint    ] Application time: 1.0050814 seconds
[2019-12-09T03:51:17.099+0000][1][safepoint    ] Entering safepoint region: Cleanup
[2019-12-09T03:51:17.099+0000][1][safepoint    ] Leaving safepoint region
[2019-12-09T03:51:17.099+0000][1][safepoint    ] Total time for which application threads were stopped: 0.0001109 seconds, Stopping threads took: 0.0000262 seconds
[2019-12-09T03:51:18.099+0000][1][safepoint    ] Application time: 1.0003331 seconds
[2019-12-09T03:51:18.099+0000][1][safepoint    ] Entering safepoint region: Cleanup
[2019-12-09T03:51:18.099+0000][1][safepoint    ] Leaving safepoint region
[2019-12-09T03:51:18.099+0000][1][safepoint    ] Total time for which application threads were stopped: 0.0001207 seconds, Stopping threads took: 0.0000367 seconds
[2019-12-09T03:51:19.104+0000][1][safepoint    ] Application time: 1.0043406 seconds
[2019-12-09T03:51:19.104+0000][1][safepoint    ] Entering safepoint region: Cleanup
[2019-12-09T03:51:19.104+0000][1][safepoint    ] Leaving safepoint region
[2019-12-09T03:51:19.104+0000][1][safepoint    ] Total time for which application threads were stopped: 0.0001143 seconds, Stopping threads took: 0.0000247 seconds
[2019-12-09T03:51:20.105+0000][1][safepoint    ] Application time: 1.0008461 seconds
[2019-12-09T03:51:20.105+0000][1][safepoint    ] Entering safepoint region: Cleanup
[2019-12-09T03:51:20.105+0000][1][safepoint    ] Leaving safepoint region
[2019-12-09T03:51:20.105+0000][1][safepoint    ] Total time for which application threads were stopped: 0.0001079 seconds, Stopping threads took: 0.0000245 seconds
[2019-12-09T03:51:21.105+0000][1][safepoint    ] Application time: 1.0003027 seconds
[2019-12-09T03:51:21.105+0000][1][safepoint    ] Entering safepoint region: Cleanup
[2019-12-09T03:51:21.105+0000][1][safepoint    ] Leaving safepoint region
[2019-12-09T03:51:21.105+0000][1][safepoint    ] Total time for which application threads were stopped: 0.0001165 seconds, Stopping threads took: 0.0000235 seconds
[2019-12-09T03:51:22.111+0000][1][safepoint    ] Application time: 1.0053983 seconds
[2019-12-09T03:51:22.111+0000][1][safepoint    ] Entering safepoint region: Cleanup
[2019-12-09T03:51:22.111+0000][1][safepoint    ] Leaving safepoint region
[2019-12-09T03:51:22.111+0000][1][safepoint    ] Total time for which application threads were stopped: 0.0001323 seconds, Stopping threads took: 0.0000252 seconds
[2019-12-09T03:51:23.112+0000][1][safepoint    ] Application time: 1.0007864 seconds
[2019-12-09T03:51:23.112+0000][1][safepoint    ] Entering safepoint region: Cleanup
[2019-12-09T03:51:23.112+0000][1][safepoint    ] Leaving safepoint region
[2019-12-09T03:51:23.112+0000][1][safepoint    ] Total time for which application threads were stopped: 0.0001282 seconds, Stopping threads took: 0.0000270 seconds
[2019-12-09T03:51:24.113+0000][1][safepoint    ] Application time: 1.0008202 seconds
[2019-12-09T03:51:24.113+0000][1][safepoint    ] Entering safepoint region: Cleanup
[2019-12-09T03:51:24.113+0000][1][safepoint    ] Leaving safepoint region
[2019-12-09T03:51:24.113+0000][1][safepoint    ] Total time for which application threads were stopped: 0.0001302 seconds, Stopping threads took: 0.0000255 seconds
[2019-12-09T03:51:25.117+0000][1][safepoint    ] Application time: 1.0039867 seconds
[2019-12-09T03:51:25.117+0000][1][safepoint    ] Entering safepoint region: Cleanup
[2019-12-09T03:51:25.117+0000][1][safepoint    ] Leaving safepoint region
[2019-12-09T03:51:25.117+0000][1][safepoint    ] Total time for which application threads were stopped: 0.0001244 seconds, Stopping threads took: 0.0000352 seconds
[2019-12-09T03:51:26.117+0000][1][safepoint    ] Application time: 1.0000824 seconds
[2019-12-09T03:51:26.117+0000][1][safepoint    ] Entering safepoint region: Cleanup
[2019-12-09T03:51:26.117+0000][1][safepoint    ] Leaving safepoint region
[2019-12-09T03:51:26.117+0000][1][safepoint    ] Total time for which application threads were stopped: 0.0001200 seconds, Stopping threads took: 0.0000243 seconds
[2019-12-09T03:51:26.665+0000][1][safepoint    ] Application time: 0.5477227 seconds
[2019-12-09T03:51:26.665+0000][1][safepoint    ] Entering safepoint region: RevokeBias
[2019-12-09T03:51:26.665+0000][1][safepoint    ] Leaving safepoint region
[2019-12-09T03:51:26.665+0000][1][safepoint    ] Total time for which application threads were stopped: 0.0001379 seconds, Stopping threads took: 0.0000203 seconds
[2019-12-09T03:51:26.666+0000][1][safepoint    ] Application time: 0.0009043 seconds
[2019-12-09T03:51:26.666+0000][1][safepoint    ] Entering safepoint region: RevokeBias
[2019-12-09T03:51:26.666+0000][1][safepoint    ] Leaving safepoint region
[2019-12-09T03:51:26.666+0000][1][safepoint    ] Total time for which application threads were stopped: 0.0001223 seconds, Stopping threads took: 0.0000281 seconds
[2019-12-09T03:51:26.669+0000][1][safepoint    ] Application time: 0.0023071 seconds
[2019-12-09T03:51:26.669+0000][1][safepoint    ] Entering safepoint region: RevokeBias
[2019-12-09T03:51:26.669+0000][1][safepoint    ] Leaving safepoint region
[2019-12-09T03:51:26.669+0000][1][safepoint    ] Total time for which application threads were stopped: 0.0001080 seconds, Stopping threads took: 0.0000165 seconds
[2019-12-09T03:51:26.681+0000][1][safepoint    ] Application time: 0.0124467 seconds
[2019-12-09T03:51:26.681+0000][1][safepoint    ] Entering safepoint region: Deoptimize
[2019-12-09T03:51:26.682+0000][1][safepoint    ] Leaving safepoint region
[2019-12-09T03:51:26.682+0000][1][safepoint    ] Total time for which application threads were stopped: 0.0008051 seconds, Stopping threads took: 0.0000178 seconds
[2019-12-09T03:51:26.794+0000][1][safepoint    ] Application time: 0.1117167 seconds
[2019-12-09T03:51:26.835+0000][1][safepoint    ] Entering safepoint region: RevokeBias
[2019-12-09T03:51:26.835+0000][1][safepoint    ] Leaving safepoint region
[2019-12-09T03:51:26.835+0000][1][safepoint    ] Total time for which application threads were stopped: 0.0409265 seconds, Stopping threads took: 0.0407828 seconds
[2019-12-09T03:51:26.842+0000][1][safepoint    ] Application time: 0.0069568 seconds
[2019-12-09T03:51:26.842+0000][1][safepoint    ] Entering safepoint region: RevokeBias
[2019-12-09T03:51:26.842+0000][1][safepoint    ] Leaving safepoint region
[2019-12-09T03:51:26.842+0000][1][safepoint    ] Total time for which application threads were stopped: 0.0001633 seconds, Stopping threads took: 0.0000185 seconds
[2019-12-09T03:51:26.905+0000][1][safepoint    ] Application time: 0.0629681 seconds
[2019-12-09T03:51:26.926+0000][1][safepoint    ] Entering safepoint region: RevokeBias
[2019-12-09T03:51:26.926+0000][1][safepoint    ] Leaving safepoint region
[2019-12-09T03:51:26.926+0000][1][safepoint    ] Total time for which application threads were stopped: 0.0210669 seconds, Stopping threads took: 0.0209329 seconds
[2019-12-09T03:51:26.928+0000][1][safepoint    ] Application time: 0.0023215 seconds
[2019-12-09T03:51:26.928+0000][1][safepoint    ] Entering safepoint region: RevokeBias
[2019-12-09T03:51:26.928+0000][1][safepoint    ] Leaving safepoint region
[2019-12-09T03:51:26.928+0000][1][safepoint    ] Total time for which application threads were stopped: 0.0001205 seconds, Stopping threads took: 0.0000199 seconds
[2019-12-09T03:51:27.070+0000][1][safepoint    ] Application time: 0.1418316 seconds
[2019-12-09T03:51:27.072+0000][1][safepoint    ] Entering safepoint region: RevokeBias
[2019-12-09T03:51:27.073+0000][1][safepoint    ] Leaving safepoint region
[2019-12-09T03:51:27.073+0000][1][safepoint    ] Total time for which application threads were stopped: 0.0022978 seconds, Stopping threads took: 0.0021830 seconds
[2019-12-09T03:51:27.104+0000][1][safepoint    ] Application time: 0.0311105 seconds
[2019-12-09T03:51:27.104+0000][1][safepoint    ] Entering safepoint region: RevokeBias
[2019-12-09T03:51:27.104+0000][1][safepoint    ] Leaving safepoint region
[2019-12-09T03:51:27.104+0000][1][safepoint    ] Total time for which application threads were stopped: 0.0001124 seconds, Stopping threads took: 0.0000173 seconds
[2019-12-09T03:51:27.437+0000][1][safepoint    ] Application time: 0.3330060 seconds
[2019-12-09T03:51:27.437+0000][1][safepoint    ] Entering safepoint region: RevokeBias
[2019-12-09T03:51:27.437+0000][1][safepoint    ] Leaving safepoint region
[2019-12-09T03:51:27.437+0000][1][safepoint    ] Total time for which application threads were stopped: 0.0001458 seconds, Stopping threads took: 0.0000230 seconds
[2019-12-09T03:51:27.439+0000][1][safepoint    ] Application time: 0.0023077 seconds
[2019-12-09T03:51:27.439+0000][1][safepoint    ] Entering safepoint region: RevokeBias
[2019-12-09T03:51:27.439+0000][1][safepoint    ] Leaving safepoint region
[2019-12-09T03:51:27.439+0000][1][safepoint    ] Total time for which application threads were stopped: 0.0001029 seconds, Stopping threads took: 0.0000187 seconds
[2019-12-09T03:51:27.469+0000][1][safepoint    ] Application time: 0.0293659 seconds
[2019-12-09T03:51:27.469+0000][1][safepoint    ] Entering safepoint region: RevokeBias
[2019-12-09T03:51:27.469+0000][1][safepoint    ] Leaving safepoint region
[2019-12-09T03:51:27.469+0000][1][safepoint    ] Total time for which application threads were stopped: 0.0001178 seconds, Stopping threads took: 0.0000199 seconds
[2019-12-09T03:51:27.482+0000][1][safepoint    ] Application time: 0.0131655 seconds
[2019-12-09T03:51:27.482+0000][1][safepoint    ] Entering safepoint region: RevokeBias
[2019-12-09T03:51:27.482+0000][1][safepoint    ] Leaving safepoint region
[2019-12-09T03:51:27.482+0000][1][safepoint    ] Total time for which application threads were stopped: 0.0001128 seconds, Stopping threads took: 0.0000193 seconds
[2019-12-09T03:51:27.483+0000][1][safepoint    ] Application time: 0.0004603 seconds
[2019-12-09T03:51:27.483+0000][1][safepoint    ] Entering safepoint region: RevokeBias
[2019-12-09T03:51:27.483+0000][1][safepoint    ] Leaving safepoint region
[2019-12-09T03:51:27.483+0000][1][safepoint    ] Total time for which application threads were stopped: 0.0000980 seconds, Stopping threads took: 0.0000159 seconds
[2019-12-09T03:51:27.485+0000][1][safepoint    ] Application time: 0.0023344 seconds
[2019-12-09T03:51:27.485+0000][1][safepoint    ] Entering safepoint region: RevokeBias
[2019-12-09T03:51:27.485+0000][1][safepoint    ] Leaving safepoint region
[2019-12-09T03:51:27.485+0000][1][safepoint    ] Total time for which application threads were stopped: 0.0000974 seconds, Stopping threads took: 0.0000169 seconds
[2019-12-09T03:51:27.508+0000][1][safepoint    ] Application time: 0.0224077 seconds
[2019-12-09T03:51:27.508+0000][1][safepoint    ] Entering safepoint region: RevokeBias
[2019-12-09T03:51:27.508+0000][1][safepoint    ] Leaving safepoint region
[2019-12-09T03:51:27.508+0000][1][safepoint    ] Total time for which application threads were stopped: 0.0001013 seconds, Stopping threads took: 0.0000161 seconds
[2019-12-09T03:51:27.509+0000][1][safepoint    ] Application time: 0.0015056 seconds
[2019-12-09T03:51:27.509+0000][1][safepoint    ] Entering safepoint region: RevokeBias
[2019-12-09T03:51:27.510+0000][1][safepoint    ] Leaving safepoint region
[2019-12-09T03:51:27.510+0000][1][safepoint    ] Total time for which application threads were stopped: 0.0000820 seconds, Stopping threads took: 0.0000141 seconds
[2019-12-09T03:51:27.528+0000][1][safepoint    ] Application time: 0.0184512 seconds
[2019-12-09T03:51:27.528+0000][1][safepoint    ] Entering safepoint region: RevokeBias
[2019-12-09T03:51:27.528+0000][1][safepoint    ] Leaving safepoint region
[2019-12-09T03:51:27.528+0000][1][safepoint    ] Total time for which application threads were stopped: 0.0000909 seconds, Stopping threads took: 0.0000163 seconds
[2019-12-09T03:51:27.529+0000][1][safepoint    ] Application time: 0.0006652 seconds
[2019-12-09T03:51:27.529+0000][1][safepoint    ] Entering safepoint region: GenCollectForAllocation
[2019-12-09T03:51:27.529+0000][1][gc,start     ] GC(25) Pause Young (Allocation Failure)
[2019-12-09T03:51:27.529+0000][1][gc,task      ] GC(25) Using 2 workers of 2 for evacuation
[2019-12-09T03:51:27.570+0000][1][gc,age       ] GC(25) Desired survivor size 4456448 bytes, new threshold 6 (max threshold 6)
[2019-12-09T03:51:27.570+0000][1][gc,age       ] GC(25) Age table with threshold 6 (max threshold 6)
[2019-12-09T03:51:27.570+0000][1][gc,age       ] GC(25) - age   1:    1556360 bytes,    1556360 total
[2019-12-09T03:51:27.570+0000][1][gc,age       ] GC(25) - age   2:    2040280 bytes,    3596640 total
[2019-12-09T03:51:27.570+0000][1][gc,heap      ] GC(25) ParNew: 78656K->5648K(78656K)
[2019-12-09T03:51:27.570+0000][1][gc,heap      ] GC(25) CMS: 63664K->67114K(174784K)
[2019-12-09T03:51:27.570+0000][1][gc,metaspace ] GC(25) Metaspace: 74651K->74651K(1118208K)
[2019-12-09T03:51:27.570+0000][1][gc           ] GC(25) Pause Young (Allocation Failure) 138M->71M(247M) 41.236ms
[2019-12-09T03:51:27.570+0000][1][gc,cpu       ] GC(25) User=0.04s Sys=0.00s Real=0.04s
[2019-12-09T03:51:27.570+0000][1][safepoint    ] Leaving safepoint region
[2019-12-09T03:51:27.570+0000][1][safepoint    ] Total time for which application threads were stopped: 0.0414132 seconds, Stopping threads took: 0.0000148 seconds
[2019-12-09T03:51:27.654+0000][1][safepoint    ] Application time: 0.0833386 seconds
[2019-12-09T03:51:27.654+0000][1][safepoint    ] Entering safepoint region: RevokeBias
[2019-12-09T03:51:27.654+0000][1][safepoint    ] Leaving safepoint region
[2019-12-09T03:51:27.654+0000][1][safepoint    ] Total time for which application threads were stopped: 0.0001448 seconds, Stopping threads took: 0.0000215 seconds
[2019-12-09T03:51:27.658+0000][1][safepoint    ] Application time: 0.0045157 seconds
[2019-12-09T03:51:27.658+0000][1][safepoint    ] Entering safepoint region: RevokeBias
[2019-12-09T03:51:27.658+0000][1][safepoint    ] Leaving safepoint region
[2019-12-09T03:51:27.658+0000][1][safepoint    ] Total time for which application threads were stopped: 0.0001127 seconds, Stopping threads took: 0.0000183 seconds
[2019-12-09T03:51:27.659+0000][1][safepoint    ] Application time: 0.0001878 seconds
[2019-12-09T03:51:27.659+0000][1][safepoint    ] Entering safepoint region: RevokeBias
[2019-12-09T03:51:27.659+0000][1][safepoint    ] Leaving safepoint region
[2019-12-09T03:51:27.659+0000][1][safepoint    ] Total time for which application threads were stopped: 0.0000909 seconds, Stopping threads took: 0.0000103 seconds
[2019-12-09T03:51:27.778+0000][1][safepoint    ] Application time: 0.1190736 seconds
[2019-12-09T03:51:27.778+0000][1][safepoint    ] Entering safepoint region: RevokeBias
[2019-12-09T03:51:27.778+0000][1][safepoint    ] Leaving safepoint region
[2019-12-09T03:51:27.778+0000][1][safepoint    ] Total time for which application threads were stopped: 0.0001496 seconds, Stopping threads took: 0.0000226 seconds
[2019-12-09T03:51:27.798+0000][1][safepoint    ] Application time: 0.0195604 seconds
[2019-12-09T03:51:27.798+0000][1][safepoint    ] Entering safepoint region: RevokeBias
[2019-12-09T03:51:27.798+0000][1][safepoint    ] Leaving safepoint region
[2019-12-09T03:51:27.798+0000][1][safepoint    ] Total time for which application threads were stopped: 0.0001544 seconds, Stopping threads took: 0.0000213 seconds
[2019-12-09T03:51:27.799+0000][1][safepoint    ] Application time: 0.0014013 seconds
[2019-12-09T03:51:27.799+0000][1][safepoint    ] Entering safepoint region: RevokeBias
[2019-12-09T03:51:27.799+0000][1][safepoint    ] Leaving safepoint region
[2019-12-09T03:51:27.799+0000][1][safepoint    ] Total time for which application threads were stopped: 0.0001013 seconds, Stopping threads took: 0.0000164 seconds
[2019-12-09T03:51:27.825+0000][1][safepoint    ] Application time: 0.0260484 seconds
[2019-12-09T03:51:27.825+0000][1][safepoint    ] Entering safepoint region: RevokeBias
[2019-12-09T03:51:27.825+0000][1][safepoint    ] Leaving safepoint region
[2019-12-09T03:51:27.825+0000][1][safepoint    ] Total time for which application threads were stopped: 0.0001352 seconds, Stopping threads took: 0.0000215 seconds
[2019-12-09T03:51:27.861+0000][1][safepoint    ] Application time: 0.0354494 seconds
[2019-12-09T03:51:27.861+0000][1][safepoint    ] Entering safepoint region: RevokeBias
[2019-12-09T03:51:27.861+0000][1][safepoint    ] Leaving safepoint region
[2019-12-09T03:51:27.861+0000][1][safepoint    ] Total time for which application threads were stopped: 0.0001302 seconds, Stopping threads took: 0.0000204 seconds
[2019-12-09T03:51:27.861+0000][1][safepoint    ] Application time: 0.0001890 seconds
[2019-12-09T03:51:27.861+0000][1][safepoint    ] Entering safepoint region: RevokeBias
[2019-12-09T03:51:27.861+0000][1][safepoint    ] Leaving safepoint region
[2019-12-09T03:51:27.861+0000][1][safepoint    ] Total time for which application threads were stopped: 0.0000815 seconds, Stopping threads took: 0.0000125 seconds
[2019-12-09T03:51:27.863+0000][1][safepoint    ] Application time: 0.0017521 seconds
[2019-12-09T03:51:27.863+0000][1][safepoint    ] Entering safepoint region: RevokeBias
[2019-12-09T03:51:27.863+0000][1][safepoint    ] Leaving safepoint region
[2019-12-09T03:51:27.863+0000][1][safepoint    ] Total time for which application threads were stopped: 0.0000956 seconds, Stopping threads took: 0.0000152 seconds
[2019-12-09T03:51:27.938+0000][1][safepoint    ] Application time: 0.0748476 seconds
[2019-12-09T03:51:27.938+0000][1][safepoint    ] Entering safepoint region: RevokeBias
[2019-12-09T03:51:27.938+0000][1][safepoint    ] Leaving safepoint region
[2019-12-09T03:51:27.938+0000][1][safepoint    ] Total time for which application threads were stopped: 0.0001483 seconds, Stopping threads took: 0.0000226 seconds
[2019-12-09T03:51:27.938+0000][1][safepoint    ] Application time: 0.0001167 seconds
[2019-12-09T03:51:27.938+0000][1][safepoint    ] Entering safepoint region: RevokeBias
[2019-12-09T03:51:27.939+0000][1][safepoint    ] Leaving safepoint region
[2019-12-09T03:51:27.939+0000][1][safepoint    ] Total time for which application threads were stopped: 0.0000942 seconds, Stopping threads took: 0.0000142 seconds
[2019-12-09T03:51:27.939+0000][1][safepoint    ] Application time: 0.0001955 seconds
[2019-12-09T03:51:27.939+0000][1][safepoint    ] Entering safepoint region: RevokeBias
[2019-12-09T03:51:27.939+0000][1][safepoint    ] Leaving safepoint region
[2019-12-09T03:51:27.939+0000][1][safepoint    ] Total time for which application threads were stopped: 0.0000824 seconds, Stopping threads took: 0.0000132 seconds
[2019-12-09T03:51:28.159+0000][1][safepoint    ] Application time: 0.2198626 seconds
[2019-12-09T03:51:28.159+0000][1][safepoint    ] Entering safepoint region: RevokeBias
[2019-12-09T03:51:28.159+0000][1][safepoint    ] Leaving safepoint region
[2019-12-09T03:51:28.159+0000][1][safepoint    ] Total time for which application threads were stopped: 0.0001437 seconds, Stopping threads took: 0.0000235 seconds
[2019-12-09T03:51:28.165+0000][1][safepoint    ] Application time: 0.0058421 seconds
[2019-12-09T03:51:28.165+0000][1][safepoint    ] Entering safepoint region: RevokeBias
[2019-12-09T03:51:28.165+0000][1][safepoint    ] Leaving safepoint region
[2019-12-09T03:51:28.165+0000][1][safepoint    ] Total time for which application threads were stopped: 0.0001100 seconds, Stopping threads took: 0.0000174 seconds
[2019-12-09T03:51:28.168+0000][1][safepoint    ] Application time: 0.0026878 seconds
[2019-12-09T03:51:28.168+0000][1][safepoint    ] Entering safepoint region: RevokeBias
[2019-12-09T03:51:28.168+0000][1][safepoint    ] Leaving safepoint region
[2019-12-09T03:51:28.168+0000][1][safepoint    ] Total time for which application threads were stopped: 0.0001337 seconds, Stopping threads took: 0.0000180 seconds
[2019-12-09T03:51:28.256+0000][1][safepoint    ] Application time: 0.0879336 seconds
[2019-12-09T03:51:28.256+0000][1][safepoint    ] Entering safepoint region: RevokeBias
[2019-12-09T03:51:28.256+0000][1][safepoint    ] Leaving safepoint region
[2019-12-09T03:51:28.256+0000][1][safepoint    ] Total time for which application threads were stopped: 0.0001321 seconds, Stopping threads took: 0.0000205 seconds
[2019-12-09T03:51:28.263+0000][1][safepoint    ] Application time: 0.0069597 seconds
[2019-12-09T03:51:28.263+0000][1][safepoint    ] Entering safepoint region: RevokeBias
[2019-12-09T03:51:28.263+0000][1][safepoint    ] Leaving safepoint region
[2019-12-09T03:51:28.263+0000][1][safepoint    ] Total time for which application threads were stopped: 0.0001154 seconds, Stopping threads took: 0.0000194 seconds
[2019-12-09T03:51:28.282+0000][1][safepoint    ] Application time: 0.0185772 seconds
[2019-12-09T03:51:28.282+0000][1][safepoint    ] Entering safepoint region: RevokeBias
[2019-12-09T03:51:28.282+0000][1][safepoint    ] Leaving safepoint region
[2019-12-09T03:51:28.282+0000][1][safepoint    ] Total time for which application threads were stopped: 0.0001516 seconds, Stopping threads took: 0.0000221 seconds
[2019-12-09T03:51:28.301+0000][1][safepoint    ] Application time: 0.0194260 seconds
[2019-12-09T03:51:28.301+0000][1][safepoint    ] Entering safepoint region: RevokeBias
[2019-12-09T03:51:28.301+0000][1][safepoint    ] Leaving safepoint region
[2019-12-09T03:51:28.301+0000][1][safepoint    ] Total time for which application threads were stopped: 0.0001311 seconds, Stopping threads took: 0.0000221 seconds
[2019-12-09T03:51:28.302+0000][1][safepoint    ] Application time: 0.0009826 seconds
[2019-12-09T03:51:28.302+0000][1][safepoint    ] Entering safepoint region: RevokeBias
[2019-12-09T03:51:28.302+0000][1][safepoint    ] Leaving safepoint region
[2019-12-09T03:51:28.302+0000][1][safepoint    ] Total time for which application threads were stopped: 0.0001039 seconds, Stopping threads took: 0.0000182 seconds
[2019-12-09T03:51:28.303+0000][1][safepoint    ] Application time: 0.0002205 seconds
[2019-12-09T03:51:28.303+0000][1][safepoint    ] Entering safepoint region: RevokeBias
[2019-12-09T03:51:28.303+0000][1][safepoint    ] Leaving safepoint region
[2019-12-09T03:51:28.303+0000][1][safepoint    ] Total time for which application threads were stopped: 0.0000790 seconds, Stopping threads took: 0.0000161 seconds
[2019-12-09T03:51:28.343+0000][1][safepoint    ] Application time: 0.0400104 seconds
[2019-12-09T03:51:28.343+0000][1][safepoint    ] Entering safepoint region: RevokeBias
[2019-12-09T03:51:28.343+0000][1][safepoint    ] Leaving safepoint region
[2019-12-09T03:51:28.343+0000][1][safepoint    ] Total time for which application threads were stopped: 0.0001040 seconds, Stopping threads took: 0.0000183 seconds
[2019-12-09T03:51:28.343+0000][1][safepoint    ] Application time: 0.0000651 seconds
[2019-12-09T03:51:28.343+0000][1][safepoint    ] Entering safepoint region: RevokeBias
[2019-12-09T03:51:28.343+0000][1][safepoint    ] Leaving safepoint region
[2019-12-09T03:51:28.343+0000][1][safepoint    ] Total time for which application threads were stopped: 0.0000589 seconds, Stopping threads took: 0.0000093 seconds
[2019-12-09T03:51:28.343+0000][1][safepoint    ] Application time: 0.0000521 seconds
[2019-12-09T03:51:28.343+0000][1][safepoint    ] Entering safepoint region: RevokeBias
[2019-12-09T03:51:28.343+0000][1][safepoint    ] Leaving safepoint region
[2019-12-09T03:51:28.343+0000][1][safepoint    ] Total time for which application threads were stopped: 0.0000596 seconds, Stopping threads took: 0.0000087 seconds
[2019-12-09T03:51:28.343+0000][1][safepoint    ] Application time: 0.0002926 seconds
[2019-12-09T03:51:28.344+0000][1][safepoint    ] Entering safepoint region: RevokeBias
[2019-12-09T03:51:28.344+0000][1][safepoint    ] Leaving safepoint region
[2019-12-09T03:51:28.344+0000][1][safepoint    ] Total time for which application threads were stopped: 0.0000734 seconds, Stopping threads took: 0.0000119 seconds
[2019-12-09T03:51:28.493+0000][1][safepoint    ] Application time: 0.1495173 seconds
[2019-12-09T03:51:28.493+0000][1][safepoint    ] Entering safepoint region: RevokeBias
[2019-12-09T03:51:28.493+0000][1][safepoint    ] Leaving safepoint region
[2019-12-09T03:51:28.493+0000][1][safepoint    ] Total time for which application threads were stopped: 0.0001588 seconds, Stopping threads took: 0.0000224 seconds
[2019-12-09T03:51:28.505+0000][1][safepoint    ] Application time: 0.0112930 seconds
[2019-12-09T03:51:28.505+0000][1][safepoint    ] Entering safepoint region: RevokeBias
[2019-12-09T03:51:28.505+0000][1][safepoint    ] Leaving safepoint region
[2019-12-09T03:51:28.505+0000][1][safepoint    ] Total time for which application threads were stopped: 0.0001506 seconds, Stopping threads took: 0.0000199 seconds
[2019-12-09T03:51:28.511+0000][1][safepoint    ] Application time: 0.0057312 seconds
[2019-12-09T03:51:28.511+0000][1][safepoint    ] Entering safepoint region: RevokeBias
[2019-12-09T03:51:28.511+0000][1][safepoint    ] Leaving safepoint region
[2019-12-09T03:51:28.511+0000][1][safepoint    ] Total time for which application threads were stopped: 0.0001127 seconds, Stopping threads took: 0.0000191 seconds
[2019-12-09T03:51:28.511+0000][1][safepoint    ] Application time: 0.0000960 seconds
[2019-12-09T03:51:28.511+0000][1][safepoint    ] Entering safepoint region: RevokeBias
[2019-12-09T03:51:28.511+0000][1][safepoint    ] Leaving safepoint region
[2019-12-09T03:51:28.511+0000][1][safepoint    ] Total time for which application threads were stopped: 0.0000833 seconds, Stopping threads took: 0.0000115 seconds
[2019-12-09T03:51:28.511+0000][1][safepoint    ] Application time: 0.0000598 seconds
[2019-12-09T03:51:28.511+0000][1][safepoint    ] Entering safepoint region: RevokeBias
[2019-12-09T03:51:28.511+0000][1][safepoint    ] Leaving safepoint region
[2019-12-09T03:51:28.511+0000][1][safepoint    ] Total time for which application threads were stopped: 0.0000635 seconds, Stopping threads took: 0.0000097 seconds
[2019-12-09T03:51:28.741+0000][1][safepoint    ] Application time: 0.2298985 seconds
[2019-12-09T03:51:28.741+0000][1][safepoint    ] Entering safepoint region: RevokeBias
[2019-12-09T03:51:28.741+0000][1][safepoint    ] Leaving safepoint region
[2019-12-09T03:51:28.741+0000][1][safepoint    ] Total time for which application threads were stopped: 0.0001349 seconds, Stopping threads took: 0.0000228 seconds
[2019-12-09T03:51:29.743+0000][1][safepoint    ] Application time: 1.0016414 seconds
[2019-12-09T03:51:29.743+0000][1][safepoint    ] Entering safepoint region: Cleanup
[2019-12-09T03:51:29.743+0000][1][safepoint    ] Leaving safepoint region
[2019-12-09T03:51:29.743+0000][1][safepoint    ] Total time for which application threads were stopped: 0.0001448 seconds, Stopping threads took: 0.0000382 seconds
[2019-12-09T03:51:30.714+0000][1][safepoint    ] Application time: 0.9710002 seconds
[2019-12-09T03:51:30.714+0000][1][safepoint    ] Entering safepoint region: GenCollectForAllocation
[2019-12-09T03:51:30.714+0000][1][gc,start     ] GC(26) Pause Young (Allocation Failure)
[2019-12-09T03:51:30.714+0000][1][gc,task      ] GC(26) Using 2 workers of 2 for evacuation
[2019-12-09T03:51:30.738+0000][1][gc,age       ] GC(26) Desired survivor size 4456448 bytes, new threshold 2 (max threshold 6)
[2019-12-09T03:51:30.738+0000][1][gc,age       ] GC(26) Age table with threshold 2 (max threshold 6)
[2019-12-09T03:51:30.738+0000][1][gc,age       ] GC(26) - age   1:    3114712 bytes,    3114712 total
[2019-12-09T03:51:30.738+0000][1][gc,age       ] GC(26) - age   2:    1355200 bytes,    4469912 total
[2019-12-09T03:51:30.738+0000][1][gc,age       ] GC(26) - age   3:    2040024 bytes,    6509936 total
[2019-12-09T03:51:30.738+0000][1][gc,heap      ] GC(26) ParNew: 75332K->8245K(78656K)
[2019-12-09T03:51:30.738+0000][1][gc,heap      ] GC(26) CMS: 67114K->67114K(174784K)
[2019-12-09T03:51:30.738+0000][1][gc,metaspace ] GC(26) Metaspace: 75597K->75597K(1118208K)
[2019-12-09T03:51:30.738+0000][1][gc           ] GC(26) Pause Young (Allocation Failure) 139M->73M(247M) 24.094ms
[2019-12-09T03:51:30.738+0000][1][gc,cpu       ] GC(26) User=0.02s Sys=0.00s Real=0.03s
[2019-12-09T03:51:30.738+0000][1][safepoint    ] Leaving safepoint region
[2019-12-09T03:51:30.738+0000][1][safepoint    ] Total time for which application threads were stopped: 0.0242910 seconds, Stopping threads took: 0.0000205 seconds
[2019-12-09T03:51:30.870+0000][1][safepoint    ] Application time: 0.1322241 seconds
[2019-12-09T03:51:30.871+0000][1][safepoint    ] Entering safepoint region: RevokeBias
[2019-12-09T03:51:30.871+0000][1][safepoint    ] Leaving safepoint region
[2019-12-09T03:51:30.871+0000][1][safepoint    ] Total time for which application threads were stopped: 0.0001450 seconds, Stopping threads took: 0.0000221 seconds
[2019-12-09T03:51:30.872+0000][1][safepoint    ] Application time: 0.0016390 seconds
[2019-12-09T03:51:30.872+0000][1][safepoint    ] Entering safepoint region: RevokeBias
[2019-12-09T03:51:30.872+0000][1][safepoint    ] Leaving safepoint region
[2019-12-09T03:51:30.872+0000][1][safepoint    ] Total time for which application threads were stopped: 0.0001141 seconds, Stopping threads took: 0.0000173 seconds
[2019-12-09T03:51:30.887+0000][1][safepoint    ] Application time: 0.0143867 seconds
[2019-12-09T03:51:30.887+0000][1][safepoint    ] Entering safepoint region: RevokeBias
[2019-12-09T03:51:30.887+0000][1][safepoint    ] Leaving safepoint region
[2019-12-09T03:51:30.887+0000][1][safepoint    ] Total time for which application threads were stopped: 0.0001159 seconds, Stopping threads took: 0.0000190 seconds
[2019-12-09T03:51:30.892+0000][1][safepoint    ] Application time: 0.0047564 seconds
[2019-12-09T03:51:30.892+0000][1][safepoint    ] Entering safepoint region: RevokeBias
[2019-12-09T03:51:30.892+0000][1][safepoint    ] Leaving safepoint region
[2019-12-09T03:51:30.892+0000][1][safepoint    ] Total time for which application threads were stopped: 0.0001034 seconds, Stopping threads took: 0.0000191 seconds
[2019-12-09T03:51:30.892+0000][1][safepoint    ] Application time: 0.0001748 seconds
[2019-12-09T03:51:30.892+0000][1][safepoint    ] Entering safepoint region: RevokeBias
[2019-12-09T03:51:30.892+0000][1][safepoint    ] Leaving safepoint region
[2019-12-09T03:51:30.892+0000][1][safepoint    ] Total time for which application threads were stopped: 0.0000815 seconds, Stopping threads took: 0.0000125 seconds
[2019-12-09T03:51:30.892+0000][1][safepoint    ] Application time: 0.0000769 seconds
[2019-12-09T03:51:30.892+0000][1][safepoint    ] Entering safepoint region: BulkRevokeBias
[2019-12-09T03:51:30.893+0000][1][safepoint    ] Leaving safepoint region
[2019-12-09T03:51:30.893+0000][1][safepoint    ] Total time for which application threads were stopped: 0.0008817 seconds, Stopping threads took: 0.0000102 seconds
[2019-12-09T03:51:31.746+0000][1][safepoint    ] Application time: 0.8525717 seconds
[2019-12-09T03:51:31.746+0000][1][safepoint    ] Entering safepoint region: RevokeBias
[2019-12-09T03:51:31.746+0000][1][safepoint    ] Leaving safepoint region
[2019-12-09T03:51:31.746+0000][1][safepoint    ] Total time for which application threads were stopped: 0.0001533 seconds, Stopping threads took: 0.0000243 seconds
[2019-12-09T03:51:32.747+0000][1][safepoint    ] Application time: 1.0008140 seconds
[2019-12-09T03:51:32.747+0000][1][safepoint    ] Entering safepoint region: Cleanup
[2019-12-09T03:51:32.747+0000][1][safepoint    ] Leaving safepoint region
[2019-12-09T03:51:32.747+0000][1][safepoint    ] Total time for which application threads were stopped: 0.0001530 seconds, Stopping threads took: 0.0000449 seconds
[2019-12-09T03:51:33.659+0000][1][safepoint    ] Application time: 0.9118048 seconds
[2019-12-09T03:51:33.659+0000][1][safepoint    ] Entering safepoint region: RevokeBias
[2019-12-09T03:51:33.659+0000][1][safepoint    ] Leaving safepoint region
[2019-12-09T03:51:33.659+0000][1][safepoint    ] Total time for which application threads were stopped: 0.0001849 seconds, Stopping threads took: 0.0000238 seconds
[2019-12-09T03:51:33.688+0000][1][safepoint    ] Application time: 0.0290272 seconds
[2019-12-09T03:51:33.688+0000][1][safepoint    ] Entering safepoint region: RevokeBias
[2019-12-09T03:51:33.688+0000][1][safepoint    ] Leaving safepoint region
[2019-12-09T03:51:33.688+0000][1][safepoint    ] Total time for which application threads were stopped: 0.0001508 seconds, Stopping threads took: 0.0000220 seconds
[2019-12-09T03:51:33.688+0000][1][safepoint    ] Application time: 0.0000901 seconds
[2019-12-09T03:51:33.688+0000][1][safepoint    ] Entering safepoint region: RevokeBias
[2019-12-09T03:51:33.688+0000][1][safepoint    ] Leaving safepoint region
[2019-12-09T03:51:33.688+0000][1][safepoint    ] Total time for which application threads were stopped: 0.0001117 seconds, Stopping threads took: 0.0000132 seconds
[2019-12-09T03:51:33.748+0000][1][safepoint    ] Application time: 0.0593433 seconds
[2019-12-09T03:51:33.748+0000][1][safepoint    ] Entering safepoint region: RevokeBias
[2019-12-09T03:51:33.748+0000][1][safepoint    ] Leaving safepoint region
[2019-12-09T03:51:33.748+0000][1][safepoint    ] Total time for which application threads were stopped: 0.0001459 seconds, Stopping threads took: 0.0000219 seconds
[2019-12-09T03:51:33.978+0000][1][safepoint    ] Application time: 0.2299815 seconds
[2019-12-09T03:51:33.978+0000][1][safepoint    ] Entering safepoint region: RevokeBias
[2019-12-09T03:51:33.978+0000][1][safepoint    ] Leaving safepoint region
[2019-12-09T03:51:33.978+0000][1][safepoint    ] Total time for which application threads were stopped: 0.0001447 seconds, Stopping threads took: 0.0000232 seconds
[2019-12-09T03:51:33.988+0000][1][safepoint    ] Application time: 0.0095311 seconds
[2019-12-09T03:51:33.988+0000][1][safepoint    ] Entering safepoint region: RevokeBias
[2019-12-09T03:51:33.988+0000][1][safepoint    ] Leaving safepoint region
[2019-12-09T03:51:33.988+0000][1][safepoint    ] Total time for which application threads were stopped: 0.0001647 seconds, Stopping threads took: 0.0000571 seconds
[2019-12-09T03:51:33.994+0000][1][safepoint    ] Application time: 0.0063800 seconds
[2019-12-09T03:51:33.994+0000][1][safepoint    ] Entering safepoint region: RevokeBias
[2019-12-09T03:51:33.994+0000][1][safepoint    ] Leaving safepoint region
[2019-12-09T03:51:33.994+0000][1][safepoint    ] Total time for which application threads were stopped: 0.0001063 seconds, Stopping threads took: 0.0000185 seconds
[2019-12-09T03:51:33.996+0000][1][safepoint    ] Application time: 0.0015902 seconds
[2019-12-09T03:51:33.996+0000][1][safepoint    ] Entering safepoint region: RevokeBias
[2019-12-09T03:51:33.996+0000][1][safepoint    ] Leaving safepoint region
[2019-12-09T03:51:33.996+0000][1][safepoint    ] Total time for which application threads were stopped: 0.0000990 seconds, Stopping threads took: 0.0000169 seconds
[2019-12-09T03:51:33.996+0000][1][safepoint    ] Application time: 0.0001791 seconds
[2019-12-09T03:51:33.996+0000][1][safepoint    ] Entering safepoint region: RevokeBias
[2019-12-09T03:51:33.996+0000][1][safepoint    ] Leaving safepoint region
[2019-12-09T03:51:33.996+0000][1][safepoint    ] Total time for which application threads were stopped: 0.0000824 seconds, Stopping threads took: 0.0000121 seconds
[2019-12-09T03:51:33.997+0000][1][safepoint    ] Application time: 0.0007411 seconds
[2019-12-09T03:51:33.997+0000][1][safepoint    ] Entering safepoint region: RevokeBias
[2019-12-09T03:51:33.997+0000][1][safepoint    ] Leaving safepoint region
[2019-12-09T03:51:33.997+0000][1][safepoint    ] Total time for which application threads were stopped: 0.0000771 seconds, Stopping threads took: 0.0000139 seconds
[2019-12-09T03:51:33.997+0000][1][safepoint    ] Application time: 0.0001269 seconds
[2019-12-09T03:51:33.997+0000][1][safepoint    ] Entering safepoint region: RevokeBias
[2019-12-09T03:51:33.997+0000][1][safepoint    ] Leaving safepoint region
[2019-12-09T03:51:33.997+0000][1][safepoint    ] Total time for which application threads were stopped: 0.0000689 seconds, Stopping threads took: 0.0000103 seconds
[2019-12-09T03:51:33.997+0000][1][safepoint    ] Application time: 0.0000510 seconds
[2019-12-09T03:51:33.997+0000][1][safepoint    ] Entering safepoint region: RevokeBias
[2019-12-09T03:51:33.998+0000][1][safepoint    ] Leaving safepoint region
[2019-12-09T03:51:33.998+0000][1][safepoint    ] Total time for which application threads were stopped: 0.0000647 seconds, Stopping threads took: 0.0000081 seconds
[2019-12-09T03:51:33.998+0000][1][safepoint    ] Application time: 0.0001095 seconds
[2019-12-09T03:51:33.998+0000][1][safepoint    ] Entering safepoint region: RevokeBias
[2019-12-09T03:51:33.998+0000][1][safepoint    ] Leaving safepoint region
[2019-12-09T03:51:33.998+0000][1][safepoint    ] Total time for which application threads were stopped: 0.0000853 seconds, Stopping threads took: 0.0000097 seconds
[2019-12-09T03:51:33.998+0000][1][safepoint    ] Application time: 0.0000533 seconds
[2019-12-09T03:51:33.998+0000][1][safepoint    ] Entering safepoint region: RevokeBias
[2019-12-09T03:51:33.998+0000][1][safepoint    ] Leaving safepoint region
[2019-12-09T03:51:33.998+0000][1][safepoint    ] Total time for which application threads were stopped: 0.0000577 seconds, Stopping threads took: 0.0000083 seconds
[2019-12-09T03:51:34.750+0000][1][safepoint    ] Application time: 0.7518269 seconds
[2019-12-09T03:51:34.750+0000][1][safepoint    ] Entering safepoint region: RevokeBias
[2019-12-09T03:51:34.750+0000][1][safepoint    ] Leaving safepoint region
[2019-12-09T03:51:34.750+0000][1][safepoint    ] Total time for which application threads were stopped: 0.0001659 seconds, Stopping threads took: 0.0000276 seconds
[2019-12-09T03:51:36.544+0000][1][safepoint    ] Application time: 1.7937932 seconds
[2019-12-09T03:51:36.544+0000][1][safepoint    ] Entering safepoint region: RevokeBias
[2019-12-09T03:51:36.544+0000][1][safepoint    ] Leaving safepoint region
[2019-12-09T03:51:36.544+0000][1][safepoint    ] Total time for which application threads were stopped: 0.0001583 seconds, Stopping threads took: 0.0000260 seconds
[2019-12-09T03:51:37.544+0000][1][safepoint    ] Application time: 1.0000856 seconds
[2019-12-09T03:51:37.544+0000][1][safepoint    ] Entering safepoint region: Cleanup
[2019-12-09T03:51:37.544+0000][1][safepoint    ] Leaving safepoint region
[2019-12-09T03:51:37.544+0000][1][safepoint    ] Total time for which application threads were stopped: 0.0001023 seconds, Stopping threads took: 0.0000191 seconds
[2019-12-09T03:51:38.544+0000][1][safepoint    ] Application time: 1.0000780 seconds
[2019-12-09T03:51:38.544+0000][1][safepoint    ] Entering safepoint region: Cleanup
[2019-12-09T03:51:38.544+0000][1][safepoint    ] Leaving safepoint region
[2019-12-09T03:51:38.544+0000][1][safepoint    ] Total time for which application threads were stopped: 0.0000961 seconds, Stopping threads took: 0.0000195 seconds
[2019-12-09T03:51:39.544+0000][1][safepoint    ] Application time: 1.0000782 seconds
[2019-12-09T03:51:39.545+0000][1][safepoint    ] Entering safepoint region: Cleanup
[2019-12-09T03:51:39.545+0000][1][safepoint    ] Leaving safepoint region
[2019-12-09T03:51:39.545+0000][1][safepoint    ] Total time for which application threads were stopped: 0.0001014 seconds, Stopping threads took: 0.0000194 seconds
[2019-12-09T03:51:40.545+0000][1][safepoint    ] Application time: 1.0000895 seconds
[2019-12-09T03:51:40.545+0000][1][safepoint    ] Entering safepoint region: Cleanup
[2019-12-09T03:51:40.545+0000][1][safepoint    ] Leaving safepoint region
[2019-12-09T03:51:40.545+0000][1][safepoint    ] Total time for which application threads were stopped: 0.0000921 seconds, Stopping threads took: 0.0000182 seconds
[2019-12-09T03:51:44.545+0000][1][safepoint    ] Application time: 4.0002827 seconds
[2019-12-09T03:51:44.545+0000][1][safepoint    ] Entering safepoint region: Cleanup
[2019-12-09T03:51:44.545+0000][1][safepoint    ] Leaving safepoint region
[2019-12-09T03:51:44.545+0000][1][safepoint    ] Total time for which application threads were stopped: 0.0000962 seconds, Stopping threads took: 0.0000193 seconds
[2019-12-09T03:51:46.546+0000][1][safepoint    ] Application time: 2.0004876 seconds
[2019-12-09T03:51:46.546+0000][1][safepoint    ] Entering safepoint region: Cleanup
[2019-12-09T03:51:46.546+0000][1][safepoint    ] Leaving safepoint region
[2019-12-09T03:51:46.546+0000][1][safepoint    ] Total time for which application threads were stopped: 0.0001354 seconds, Stopping threads took: 0.0000253 seconds
[2019-12-09T03:51:47.546+0000][1][safepoint    ] Application time: 1.0000784 seconds
[2019-12-09T03:51:47.546+0000][1][safepoint    ] Entering safepoint region: Cleanup
[2019-12-09T03:51:47.546+0000][1][safepoint    ] Leaving safepoint region
[2019-12-09T03:51:47.546+0000][1][safepoint    ] Total time for which application threads were stopped: 0.0001003 seconds, Stopping threads took: 0.0000176 seconds
[2019-12-09T03:51:47.992+0000][1][safepoint    ] Application time: 0.4454946 seconds
[2019-12-09T03:51:47.992+0000][1][safepoint    ] Entering safepoint region: GenCollectForAllocation
[2019-12-09T03:51:47.992+0000][1][gc,start     ] GC(27) Pause Young (Allocation Failure)
[2019-12-09T03:51:47.992+0000][1][gc,task      ] GC(27) Using 2 workers of 2 for evacuation
[2019-12-09T03:51:48.006+0000][1][gc,age       ] GC(27) Desired survivor size 4456448 bytes, new threshold 6 (max threshold 6)
[2019-12-09T03:51:48.006+0000][1][gc,age       ] GC(27) Age table with threshold 6 (max threshold 6)
[2019-12-09T03:51:48.006+0000][1][gc,age       ] GC(27) - age   1:     237344 bytes,     237344 total
[2019-12-09T03:51:48.006+0000][1][gc,age       ] GC(27) - age   2:    2478456 bytes,    2715800 total
[2019-12-09T03:51:48.006+0000][1][gc,heap      ] GC(27) ParNew: 78166K->6323K(78656K)
[2019-12-09T03:51:48.006+0000][1][gc,heap      ] GC(27) CMS: 67114K->70463K(174784K)
[2019-12-09T03:51:48.006+0000][1][gc,metaspace ] GC(27) Metaspace: 75740K->75740K(1118208K)
[2019-12-09T03:51:48.006+0000][1][gc           ] GC(27) Pause Young (Allocation Failure) 141M->74M(247M) 14.241ms
[2019-12-09T03:51:48.006+0000][1][gc,cpu       ] GC(27) User=0.03s Sys=0.00s Real=0.02s
[2019-12-09T03:51:48.006+0000][1][safepoint    ] Leaving safepoint region
[2019-12-09T03:51:48.006+0000][1][safepoint    ] Total time for which application threads were stopped: 0.0144926 seconds, Stopping threads took: 0.0000416 seconds
[2019-12-09T03:51:49.006+0000][1][safepoint    ] Application time: 1.0000890 seconds
[2019-12-09T03:51:49.006+0000][1][safepoint    ] Entering safepoint region: Cleanup
[2019-12-09T03:51:49.006+0000][1][safepoint    ] Leaving safepoint region
[2019-12-09T03:51:49.006+0000][1][safepoint    ] Total time for which application threads were stopped: 0.0001001 seconds, Stopping threads took: 0.0000209 seconds
[2019-12-09T03:51:50.006+0000][1][safepoint    ] Application time: 1.0000867 seconds
[2019-12-09T03:51:50.007+0000][1][safepoint    ] Entering safepoint region: Cleanup
[2019-12-09T03:51:50.007+0000][1][safepoint    ] Leaving safepoint region
[2019-12-09T03:51:50.007+0000][1][safepoint    ] Total time for which application threads were stopped: 0.0001416 seconds, Stopping threads took: 0.0000274 seconds
[2019-12-09T03:51:51.008+0000][1][safepoint    ] Application time: 1.0015226 seconds
[2019-12-09T03:51:51.008+0000][1][safepoint    ] Entering safepoint region: Cleanup
[2019-12-09T03:51:51.008+0000][1][safepoint    ] Leaving safepoint region
[2019-12-09T03:51:51.008+0000][1][safepoint    ] Total time for which application threads were stopped: 0.0001342 seconds, Stopping threads took: 0.0000272 seconds
[2019-12-09T03:51:52.008+0000][1][safepoint    ] Application time: 1.0000741 seconds
[2019-12-09T03:51:52.009+0000][1][safepoint    ] Entering safepoint region: Cleanup
[2019-12-09T03:51:52.009+0000][1][safepoint    ] Leaving safepoint region
[2019-12-09T03:51:52.009+0000][1][safepoint    ] Total time for which application threads were stopped: 0.0000995 seconds, Stopping threads took: 0.0000179 seconds
[2019-12-09T03:51:53.009+0000][1][safepoint    ] Application time: 1.0000850 seconds
[2019-12-09T03:51:53.009+0000][1][safepoint    ] Entering safepoint region: Cleanup
[2019-12-09T03:51:53.009+0000][1][safepoint    ] Leaving safepoint region
[2019-12-09T03:51:53.009+0000][1][safepoint    ] Total time for which application threads were stopped: 0.0000965 seconds, Stopping threads took: 0.0000184 seconds
[2019-12-09T03:51:54.009+0000][1][safepoint    ] Application time: 1.0000731 seconds
[2019-12-09T03:51:54.009+0000][1][safepoint    ] Entering safepoint region: Cleanup
[2019-12-09T03:51:54.009+0000][1][safepoint    ] Leaving safepoint region
[2019-12-09T03:51:54.009+0000][1][safepoint    ] Total time for which application threads were stopped: 0.0000890 seconds, Stopping threads took: 0.0000183 seconds
[2019-12-09T03:51:55.009+0000][1][safepoint    ] Application time: 1.0000772 seconds
[2019-12-09T03:51:55.009+0000][1][safepoint    ] Entering safepoint region: Cleanup
[2019-12-09T03:51:55.009+0000][1][safepoint    ] Leaving safepoint region
[2019-12-09T03:51:55.009+0000][1][safepoint    ] Total time for which application threads were stopped: 0.0000927 seconds, Stopping threads took: 0.0000168 seconds
[2019-12-09T03:51:57.009+0000][1][safepoint    ] Application time: 2.0001534 seconds
[2019-12-09T03:51:57.009+0000][1][safepoint    ] Entering safepoint region: Cleanup
[2019-12-09T03:51:57.010+0000][1][safepoint    ] Leaving safepoint region
[2019-12-09T03:51:57.010+0000][1][safepoint    ] Total time for which application threads were stopped: 0.0000964 seconds, Stopping threads took: 0.0000196 seconds
[2019-12-09T03:51:58.010+0000][1][safepoint    ] Application time: 1.0000390 seconds
[2019-12-09T03:51:58.010+0000][1][safepoint    ] Entering safepoint region: Cleanup
[2019-12-09T03:51:58.010+0000][1][safepoint    ] Leaving safepoint region
[2019-12-09T03:51:58.010+0000][1][safepoint    ] Total time for which application threads were stopped: 0.0001026 seconds, Stopping threads took: 0.0000184 seconds
[2019-12-09T03:52:00.140+0000][1][safepoint    ] Application time: 2.1306138 seconds
[2019-12-09T03:52:00.140+0000][1][safepoint    ] Entering safepoint region: RevokeBias
[2019-12-09T03:52:00.141+0000][1][safepoint    ] Leaving safepoint region
[2019-12-09T03:52:00.141+0000][1][safepoint    ] Total time for which application threads were stopped: 0.0002253 seconds, Stopping threads took: 0.0000944 seconds
[2019-12-09T03:52:00.179+0000][1][safepoint    ] Application time: 0.0379932 seconds
[2019-12-09T03:52:00.179+0000][1][safepoint    ] Entering safepoint region: RevokeBias
[2019-12-09T03:52:00.179+0000][1][safepoint    ] Leaving safepoint region
[2019-12-09T03:52:00.179+0000][1][safepoint    ] Total time for which application threads were stopped: 0.0001810 seconds, Stopping threads took: 0.0000193 seconds
[2019-12-09T03:52:00.179+0000][1][safepoint    ] Application time: 0.0000888 seconds
[2019-12-09T03:52:00.179+0000][1][safepoint    ] Entering safepoint region: RevokeBias
[2019-12-09T03:52:00.179+0000][1][safepoint    ] Leaving safepoint region
[2019-12-09T03:52:00.179+0000][1][safepoint    ] Total time for which application threads were stopped: 0.0001064 seconds, Stopping threads took: 0.0000132 seconds
[2019-12-09T03:52:00.246+0000][1][safepoint    ] Application time: 0.0671309 seconds
[2019-12-09T03:52:00.246+0000][1][safepoint    ] Entering safepoint region: RevokeBias
[2019-12-09T03:52:00.246+0000][1][safepoint    ] Leaving safepoint region
[2019-12-09T03:52:00.246+0000][1][safepoint    ] Total time for which application threads were stopped: 0.0001683 seconds, Stopping threads took: 0.0000268 seconds
[2019-12-09T03:52:00.275+0000][1][safepoint    ] Application time: 0.0284515 seconds
[2019-12-09T03:52:00.275+0000][1][safepoint    ] Entering safepoint region: RevokeBias
[2019-12-09T03:52:00.275+0000][1][safepoint    ] Leaving safepoint region
[2019-12-09T03:52:00.275+0000][1][safepoint    ] Total time for which application threads were stopped: 0.0001287 seconds, Stopping threads took: 0.0000203 seconds
[2019-12-09T03:52:00.279+0000][1][safepoint    ] Application time: 0.0038483 seconds
[2019-12-09T03:52:00.279+0000][1][safepoint    ] Entering safepoint region: RevokeBias
[2019-12-09T03:52:00.279+0000][1][safepoint    ] Leaving safepoint region
[2019-12-09T03:52:00.279+0000][1][safepoint    ] Total time for which application threads were stopped: 0.0000988 seconds, Stopping threads took: 0.0000170 seconds
[2019-12-09T03:52:00.320+0000][1][safepoint    ] Application time: 0.0406471 seconds
[2019-12-09T03:52:00.320+0000][1][safepoint    ] Entering safepoint region: RevokeBias
[2019-12-09T03:52:00.320+0000][1][safepoint    ] Leaving safepoint region
[2019-12-09T03:52:00.320+0000][1][safepoint    ] Total time for which application threads were stopped: 0.0001584 seconds, Stopping threads took: 0.0000202 seconds
[2019-12-09T03:52:00.418+0000][1][safepoint    ] Application time: 0.0976996 seconds
[2019-12-09T03:52:00.418+0000][1][safepoint    ] Entering safepoint region: RevokeBias
[2019-12-09T03:52:00.418+0000][1][safepoint    ] Leaving safepoint region
[2019-12-09T03:52:00.418+0000][1][safepoint    ] Total time for which application threads were stopped: 0.0001640 seconds, Stopping threads took: 0.0000211 seconds
[2019-12-09T03:52:00.425+0000][1][safepoint    ] Application time: 0.0072755 seconds
[2019-12-09T03:52:00.425+0000][1][safepoint    ] Entering safepoint region: RevokeBias
[2019-12-09T03:52:00.425+0000][1][safepoint    ] Leaving safepoint region
[2019-12-09T03:52:00.425+0000][1][safepoint    ] Total time for which application threads were stopped: 0.0001154 seconds, Stopping threads took: 0.0000199 seconds
[2019-12-09T03:52:00.425+0000][1][safepoint    ] Application time: 0.0002810 seconds
[2019-12-09T03:52:00.425+0000][1][safepoint    ] Entering safepoint region: RevokeBias
[2019-12-09T03:52:00.426+0000][1][safepoint    ] Leaving safepoint region
[2019-12-09T03:52:00.426+0000][1][safepoint    ] Total time for which application threads were stopped: 0.0000851 seconds, Stopping threads took: 0.0000158 seconds
[2019-12-09T03:52:00.426+0000][1][safepoint    ] Application time: 0.0006822 seconds
[2019-12-09T03:52:00.426+0000][1][safepoint    ] Entering safepoint region: RevokeBias
[2019-12-09T03:52:00.426+0000][1][safepoint    ] Leaving safepoint region
[2019-12-09T03:52:00.426+0000][1][safepoint    ] Total time for which application threads were stopped: 0.0000949 seconds, Stopping threads took: 0.0000167 seconds
[2019-12-09T03:52:00.455+0000][1][safepoint    ] Application time: 0.0289917 seconds
[2019-12-09T03:52:00.455+0000][1][safepoint    ] Entering safepoint region: RevokeBias
[2019-12-09T03:52:00.455+0000][1][safepoint    ] Leaving safepoint region
[2019-12-09T03:52:00.455+0000][1][safepoint    ] Total time for which application threads were stopped: 0.0001097 seconds, Stopping threads took: 0.0000171 seconds
[2019-12-09T03:52:00.478+0000][1][safepoint    ] Application time: 0.0222284 seconds
[2019-12-09T03:52:00.478+0000][1][safepoint    ] Entering safepoint region: RevokeBias
[2019-12-09T03:52:00.478+0000][1][safepoint    ] Leaving safepoint region
[2019-12-09T03:52:00.478+0000][1][safepoint    ] Total time for which application threads were stopped: 0.0001116 seconds, Stopping threads took: 0.0000185 seconds
[2019-12-09T03:52:00.545+0000][1][safepoint    ] Application time: 0.0669979 seconds
[2019-12-09T03:52:00.545+0000][1][safepoint    ] Entering safepoint region: RevokeBias
[2019-12-09T03:52:00.545+0000][1][safepoint    ] Leaving safepoint region
[2019-12-09T03:52:00.545+0000][1][safepoint    ] Total time for which application threads were stopped: 0.0001236 seconds, Stopping threads took: 0.0000270 seconds
[2019-12-09T03:52:00.547+0000][1][safepoint    ] Application time: 0.0019125 seconds
[2019-12-09T03:52:00.547+0000][1][safepoint    ] Entering safepoint region: RevokeBias
[2019-12-09T03:52:00.547+0000][1][safepoint    ] Leaving safepoint region
[2019-12-09T03:52:00.547+0000][1][safepoint    ] Total time for which application threads were stopped: 0.0000930 seconds, Stopping threads took: 0.0000186 seconds
[2019-12-09T03:52:00.642+0000][1][safepoint    ] Application time: 0.0945112 seconds
[2019-12-09T03:52:00.642+0000][1][safepoint    ] Entering safepoint region: RevokeBias
[2019-12-09T03:52:00.642+0000][1][safepoint    ] Leaving safepoint region
[2019-12-09T03:52:00.642+0000][1][safepoint    ] Total time for which application threads were stopped: 0.0001537 seconds, Stopping threads took: 0.0000230 seconds
[2019-12-09T03:52:00.643+0000][1][safepoint    ] Application time: 0.0009027 seconds
[2019-12-09T03:52:00.643+0000][1][safepoint    ] Entering safepoint region: RevokeBias
[2019-12-09T03:52:00.643+0000][1][safepoint    ] Leaving safepoint region
[2019-12-09T03:52:00.643+0000][1][safepoint    ] Total time for which application threads were stopped: 0.0001203 seconds, Stopping threads took: 0.0000369 seconds
[2019-12-09T03:52:00.643+0000][1][safepoint    ] Application time: 0.0000842 seconds
[2019-12-09T03:52:00.643+0000][1][safepoint    ] Entering safepoint region: RevokeBias
[2019-12-09T03:52:00.643+0000][1][safepoint    ] Leaving safepoint region
[2019-12-09T03:52:00.643+0000][1][safepoint    ] Total time for which application threads were stopped: 0.0000732 seconds, Stopping threads took: 0.0000104 seconds
[2019-12-09T03:52:00.673+0000][1][safepoint    ] Application time: 0.0297253 seconds
[2019-12-09T03:52:00.673+0000][1][safepoint    ] Entering safepoint region: RevokeBias
[2019-12-09T03:52:00.673+0000][1][safepoint    ] Leaving safepoint region
[2019-12-09T03:52:00.673+0000][1][safepoint    ] Total time for which application threads were stopped: 0.0003059 seconds, Stopping threads took: 0.0001971 seconds
[2019-12-09T03:52:00.679+0000][1][safepoint    ] Application time: 0.0061816 seconds
[2019-12-09T03:52:00.680+0000][1][safepoint    ] Entering safepoint region: RevokeBias
[2019-12-09T03:52:00.680+0000][1][safepoint    ] Leaving safepoint region
[2019-12-09T03:52:00.680+0000][1][safepoint    ] Total time for which application threads were stopped: 0.0007187 seconds, Stopping threads took: 0.0006096 seconds
[2019-12-09T03:52:00.694+0000][1][safepoint    ] Application time: 0.0138152 seconds
[2019-12-09T03:52:00.694+0000][1][safepoint    ] Entering safepoint region: RevokeBias
[2019-12-09T03:52:00.694+0000][1][safepoint    ] Leaving safepoint region
[2019-12-09T03:52:00.694+0000][1][safepoint    ] Total time for which application threads were stopped: 0.0001013 seconds, Stopping threads took: 0.0000163 seconds
[2019-12-09T03:52:00.695+0000][1][safepoint    ] Application time: 0.0008975 seconds
[2019-12-09T03:52:00.695+0000][1][safepoint    ] Entering safepoint region: RevokeBias
[2019-12-09T03:52:00.695+0000][1][safepoint    ] Leaving safepoint region
[2019-12-09T03:52:00.695+0000][1][safepoint    ] Total time for which application threads were stopped: 0.0000974 seconds, Stopping threads took: 0.0000155 seconds
[2019-12-09T03:52:00.696+0000][1][safepoint    ] Application time: 0.0006698 seconds
[2019-12-09T03:52:00.696+0000][1][safepoint    ] Entering safepoint region: RevokeBias
[2019-12-09T03:52:00.696+0000][1][safepoint    ] Leaving safepoint region
[2019-12-09T03:52:00.696+0000][1][safepoint    ] Total time for which application threads were stopped: 0.0001848 seconds, Stopping threads took: 0.0001002 seconds
[2019-12-09T03:52:00.925+0000][1][safepoint    ] Application time: 0.2286704 seconds
[2019-12-09T03:52:00.925+0000][1][safepoint    ] Entering safepoint region: RevokeBias
[2019-12-09T03:52:00.925+0000][1][safepoint    ] Leaving safepoint region
[2019-12-09T03:52:00.925+0000][1][safepoint    ] Total time for which application threads were stopped: 0.0002298 seconds, Stopping threads took: 0.0000904 seconds
[2019-12-09T03:52:00.925+0000][1][safepoint    ] Application time: 0.0001396 seconds
[2019-12-09T03:52:00.925+0000][1][safepoint    ] Entering safepoint region: RevokeBias
[2019-12-09T03:52:00.925+0000][1][safepoint    ] Leaving safepoint region
[2019-12-09T03:52:00.925+0000][1][safepoint    ] Total time for which application threads were stopped: 0.0001245 seconds, Stopping threads took: 0.0000505 seconds
[2019-12-09T03:52:00.925+0000][1][safepoint    ] Application time: 0.0002872 seconds
[2019-12-09T03:52:00.925+0000][1][safepoint    ] Entering safepoint region: RevokeBias
[2019-12-09T03:52:00.925+0000][1][safepoint    ] Leaving safepoint region
[2019-12-09T03:52:00.925+0000][1][safepoint    ] Total time for which application threads were stopped: 0.0000848 seconds, Stopping threads took: 0.0000145 seconds
[2019-12-09T03:52:00.926+0000][1][safepoint    ] Application time: 0.0004777 seconds
[2019-12-09T03:52:00.926+0000][1][safepoint    ] Entering safepoint region: RevokeBias
[2019-12-09T03:52:00.926+0000][1][safepoint    ] Leaving safepoint region
[2019-12-09T03:52:00.926+0000][1][safepoint    ] Total time for which application threads were stopped: 0.0000887 seconds, Stopping threads took: 0.0000154 seconds
[2019-12-09T03:52:00.934+0000][1][safepoint    ] Application time: 0.0083228 seconds
[2019-12-09T03:52:00.934+0000][1][safepoint    ] Entering safepoint region: RevokeBias
[2019-12-09T03:52:00.934+0000][1][safepoint    ] Leaving safepoint region
[2019-12-09T03:52:00.934+0000][1][safepoint    ] Total time for which application threads were stopped: 0.0000824 seconds, Stopping threads took: 0.0000152 seconds
[2019-12-09T03:52:00.999+0000][1][safepoint    ] Application time: 0.0647909 seconds
[2019-12-09T03:52:00.999+0000][1][safepoint    ] Entering safepoint region: RevokeBias
[2019-12-09T03:52:00.999+0000][1][safepoint    ] Leaving safepoint region
[2019-12-09T03:52:00.999+0000][1][safepoint    ] Total time for which application threads were stopped: 0.0001445 seconds, Stopping threads took: 0.0000218 seconds
[2019-12-09T03:52:01.102+0000][1][safepoint    ] Application time: 0.1022388 seconds
[2019-12-09T03:52:01.102+0000][1][safepoint    ] Entering safepoint region: RevokeBias
[2019-12-09T03:52:01.102+0000][1][safepoint    ] Leaving safepoint region
[2019-12-09T03:52:01.102+0000][1][safepoint    ] Total time for which application threads were stopped: 0.0001438 seconds, Stopping threads took: 0.0000211 seconds
[2019-12-09T03:52:01.151+0000][1][safepoint    ] Application time: 0.0487627 seconds
[2019-12-09T03:52:01.151+0000][1][safepoint    ] Entering safepoint region: RevokeBias
[2019-12-09T03:52:01.151+0000][1][safepoint    ] Leaving safepoint region
[2019-12-09T03:52:01.151+0000][1][safepoint    ] Total time for which application threads were stopped: 0.0002188 seconds, Stopping threads took: 0.0001088 seconds
[2019-12-09T03:52:01.151+0000][1][safepoint    ] Application time: 0.0000968 seconds
[2019-12-09T03:52:01.151+0000][1][safepoint    ] Entering safepoint region: RevokeBias
[2019-12-09T03:52:01.151+0000][1][safepoint    ] Leaving safepoint region
[2019-12-09T03:52:01.151+0000][1][safepoint    ] Total time for which application threads were stopped: 0.0000727 seconds, Stopping threads took: 0.0000104 seconds
[2019-12-09T03:52:01.151+0000][1][safepoint    ] Application time: 0.0001591 seconds
[2019-12-09T03:52:01.151+0000][1][safepoint    ] Entering safepoint region: RevokeBias
[2019-12-09T03:52:01.151+0000][1][safepoint    ] Leaving safepoint region
[2019-12-09T03:52:01.151+0000][1][safepoint    ] Total time for which application threads were stopped: 0.0000682 seconds, Stopping threads took: 0.0000222 seconds
[2019-12-09T03:52:01.158+0000][1][safepoint    ] Application time: 0.0066731 seconds
[2019-12-09T03:52:01.159+0000][1][safepoint    ] Entering safepoint region: RevokeBias
[2019-12-09T03:52:01.159+0000][1][safepoint    ] Leaving safepoint region
[2019-12-09T03:52:01.159+0000][1][safepoint    ] Total time for which application threads were stopped: 0.0006067 seconds, Stopping threads took: 0.0005143 seconds
[2019-12-09T03:52:01.159+0000][1][safepoint    ] Application time: 0.0005384 seconds
[2019-12-09T03:52:01.159+0000][1][safepoint    ] Entering safepoint region: RevokeBias
[2019-12-09T03:52:01.159+0000][1][safepoint    ] Leaving safepoint region
[2019-12-09T03:52:01.159+0000][1][safepoint    ] Total time for which application threads were stopped: 0.0001103 seconds, Stopping threads took: 0.0000154 seconds
[2019-12-09T03:52:01.180+0000][1][safepoint    ] Application time: 0.0202308 seconds
[2019-12-09T03:52:01.182+0000][1][safepoint    ] Entering safepoint region: Deoptimize
[2019-12-09T03:52:01.183+0000][1][safepoint    ] Leaving safepoint region
[2019-12-09T03:52:01.183+0000][1][safepoint    ] Total time for which application threads were stopped: 0.0031538 seconds, Stopping threads took: 0.0021312 seconds
[2019-12-09T03:52:01.224+0000][1][safepoint    ] Application time: 0.0411178 seconds
[2019-12-09T03:52:01.225+0000][1][safepoint    ] Entering safepoint region: RevokeBias
[2019-12-09T03:52:01.225+0000][1][safepoint    ] Leaving safepoint region
[2019-12-09T03:52:01.225+0000][1][safepoint    ] Total time for which application threads were stopped: 0.0009903 seconds, Stopping threads took: 0.0008292 seconds
[2019-12-09T03:52:01.234+0000][1][safepoint    ] Application time: 0.0090414 seconds
[2019-12-09T03:52:01.234+0000][1][safepoint    ] Entering safepoint region: RevokeBias
[2019-12-09T03:52:01.234+0000][1][safepoint    ] Leaving safepoint region
[2019-12-09T03:52:01.234+0000][1][safepoint    ] Total time for which application threads were stopped: 0.0001234 seconds, Stopping threads took: 0.0000254 seconds
[2019-12-09T03:52:01.241+0000][1][safepoint    ] Application time: 0.0067242 seconds
[2019-12-09T03:52:01.242+0000][1][safepoint    ] Entering safepoint region: RevokeBias
[2019-12-09T03:52:01.242+0000][1][safepoint    ] Leaving safepoint region
[2019-12-09T03:52:01.242+0000][1][safepoint    ] Total time for which application threads were stopped: 0.0014359 seconds, Stopping threads took: 0.0013324 seconds
[2019-12-09T03:52:01.243+0000][1][safepoint    ] Application time: 0.0005015 seconds
[2019-12-09T03:52:01.243+0000][1][safepoint    ] Entering safepoint region: RevokeBias
[2019-12-09T03:52:01.243+0000][1][safepoint    ] Leaving safepoint region
[2019-12-09T03:52:01.243+0000][1][safepoint    ] Total time for which application threads were stopped: 0.0001293 seconds, Stopping threads took: 0.0000388 seconds
[2019-12-09T03:52:01.243+0000][1][safepoint    ] Application time: 0.0001140 seconds
[2019-12-09T03:52:01.243+0000][1][safepoint    ] Entering safepoint region: RevokeBias
[2019-12-09T03:52:01.243+0000][1][safepoint    ] Leaving safepoint region
[2019-12-09T03:52:01.243+0000][1][safepoint    ] Total time for which application threads were stopped: 0.0000984 seconds, Stopping threads took: 0.0000112 seconds
[2019-12-09T03:52:01.295+0000][1][safepoint    ] Application time: 0.0521153 seconds
[2019-12-09T03:52:01.299+0000][1][safepoint    ] Entering safepoint region: RevokeBias
[2019-12-09T03:52:01.299+0000][1][safepoint    ] Leaving safepoint region
[2019-12-09T03:52:01.299+0000][1][safepoint    ] Total time for which application threads were stopped: 0.0034115 seconds, Stopping threads took: 0.0032981 seconds
[2019-12-09T03:52:01.301+0000][1][safepoint    ] Application time: 0.0022639 seconds
[2019-12-09T03:52:01.301+0000][1][safepoint    ] Entering safepoint region: RevokeBias
[2019-12-09T03:52:01.301+0000][1][safepoint    ] Leaving safepoint region
[2019-12-09T03:52:01.301+0000][1][safepoint    ] Total time for which application threads were stopped: 0.0001019 seconds, Stopping threads took: 0.0000183 seconds
[2019-12-09T03:52:01.305+0000][1][safepoint    ] Application time: 0.0035571 seconds
[2019-12-09T03:52:01.305+0000][1][safepoint    ] Entering safepoint region: RevokeBias
[2019-12-09T03:52:01.305+0000][1][safepoint    ] Leaving safepoint region
[2019-12-09T03:52:01.305+0000][1][safepoint    ] Total time for which application threads were stopped: 0.0001295 seconds, Stopping threads took: 0.0000489 seconds
[2019-12-09T03:52:01.305+0000][1][safepoint    ] Application time: 0.0006206 seconds
[2019-12-09T03:52:01.306+0000][1][safepoint    ] Entering safepoint region: RevokeBias
[2019-12-09T03:52:01.306+0000][1][safepoint    ] Leaving safepoint region
[2019-12-09T03:52:01.306+0000][1][safepoint    ] Total time for which application threads were stopped: 0.0000694 seconds, Stopping threads took: 0.0000130 seconds
[2019-12-09T03:52:01.493+0000][1][safepoint    ] Application time: 0.1871774 seconds
[2019-12-09T03:52:01.494+0000][1][safepoint    ] Entering safepoint region: GenCollectForAllocation
[2019-12-09T03:52:01.494+0000][1][gc,start     ] GC(28) Pause Young (Allocation Failure)
[2019-12-09T03:52:01.494+0000][1][gc,task      ] GC(28) Using 2 workers of 2 for evacuation
[2019-12-09T03:52:01.500+0000][1][gc,age       ] GC(28) Desired survivor size 4456448 bytes, new threshold 3 (max threshold 6)
[2019-12-09T03:52:01.500+0000][1][gc,age       ] GC(28) Age table with threshold 3 (max threshold 6)
[2019-12-09T03:52:01.500+0000][1][gc,age       ] GC(28) - age   1:    3229432 bytes,    3229432 total
[2019-12-09T03:52:01.500+0000][1][gc,age       ] GC(28) - age   2:     178328 bytes,    3407760 total
[2019-12-09T03:52:01.500+0000][1][gc,age       ] GC(28) - age   3:    2478136 bytes,    5885896 total
[2019-12-09T03:52:01.501+0000][1][gc,heap      ] GC(28) ParNew: 76275K->6117K(78656K)
[2019-12-09T03:52:01.501+0000][1][gc,heap      ] GC(28) CMS: 70463K->70463K(174784K)
[2019-12-09T03:52:01.501+0000][1][gc,metaspace ] GC(28) Metaspace: 77200K->77200K(1120256K)
[2019-12-09T03:52:01.501+0000][1][gc           ] GC(28) Pause Young (Allocation Failure) 143M->74M(247M) 6.635ms
[2019-12-09T03:52:01.501+0000][1][gc,cpu       ] GC(28) User=0.01s Sys=0.00s Real=0.01s
[2019-12-09T03:52:01.501+0000][1][safepoint    ] Leaving safepoint region
[2019-12-09T03:52:01.501+0000][1][safepoint    ] Total time for which application threads were stopped: 0.0077980 seconds, Stopping threads took: 0.0009522 seconds
[2019-12-09T03:52:01.870+0000][1][safepoint    ] Application time: 0.3695873 seconds
[2019-12-09T03:52:01.870+0000][1][safepoint    ] Entering safepoint region: Deoptimize
[2019-12-09T03:52:01.871+0000][1][safepoint    ] Leaving safepoint region
[2019-12-09T03:52:01.871+0000][1][safepoint    ] Total time for which application threads were stopped: 0.0012344 seconds, Stopping threads took: 0.0000221 seconds
[2019-12-09T03:52:02.308+0000][1][safepoint    ] Application time: 0.4360908 seconds
[2019-12-09T03:52:02.308+0000][1][safepoint    ] Entering safepoint region: RevokeBias
[2019-12-09T03:52:02.308+0000][1][safepoint    ] Leaving safepoint region
[2019-12-09T03:52:02.308+0000][1][safepoint    ] Total time for which application threads were stopped: 0.0001680 seconds, Stopping threads took: 0.0000241 seconds
[2019-12-09T03:52:02.397+0000][1][safepoint    ] Application time: 0.0890629 seconds
[2019-12-09T03:52:02.397+0000][1][safepoint    ] Entering safepoint region: RevokeBias
[2019-12-09T03:52:02.397+0000][1][safepoint    ] Leaving safepoint region
[2019-12-09T03:52:02.397+0000][1][safepoint    ] Total time for which application threads were stopped: 0.0001724 seconds, Stopping threads took: 0.0000223 seconds
[2019-12-09T03:52:02.397+0000][1][safepoint    ] Application time: 0.0003840 seconds
[2019-12-09T03:52:02.397+0000][1][safepoint    ] Entering safepoint region: RevokeBias
[2019-12-09T03:52:02.398+0000][1][safepoint    ] Leaving safepoint region
[2019-12-09T03:52:02.398+0000][1][safepoint    ] Total time for which application threads were stopped: 0.0000914 seconds, Stopping threads took: 0.0000178 seconds
[2019-12-09T03:52:02.404+0000][1][safepoint    ] Application time: 0.0064820 seconds
[2019-12-09T03:52:02.404+0000][1][safepoint    ] Entering safepoint region: RevokeBias
[2019-12-09T03:52:02.404+0000][1][safepoint    ] Leaving safepoint region
[2019-12-09T03:52:02.404+0000][1][safepoint    ] Total time for which application threads were stopped: 0.0000954 seconds, Stopping threads took: 0.0000223 seconds
[2019-12-09T03:52:02.404+0000][1][safepoint    ] Application time: 0.0000525 seconds
[2019-12-09T03:52:02.404+0000][1][safepoint    ] Entering safepoint region: RevokeBias
[2019-12-09T03:52:02.404+0000][1][safepoint    ] Leaving safepoint region
[2019-12-09T03:52:02.404+0000][1][safepoint    ] Total time for which application threads were stopped: 0.0000599 seconds, Stopping threads took: 0.0000089 seconds
[2019-12-09T03:52:02.404+0000][1][safepoint    ] Application time: 0.0000874 seconds
[2019-12-09T03:52:02.404+0000][1][safepoint    ] Entering safepoint region: RevokeBias
[2019-12-09T03:52:02.404+0000][1][safepoint    ] Leaving safepoint region
[2019-12-09T03:52:02.404+0000][1][safepoint    ] Total time for which application threads were stopped: 0.0000642 seconds, Stopping threads took: 0.0000092 seconds
[2019-12-09T03:52:02.404+0000][1][safepoint    ] Application time: 0.0000796 seconds
[2019-12-09T03:52:02.405+0000][1][safepoint    ] Entering safepoint region: RevokeBias
[2019-12-09T03:52:02.405+0000][1][safepoint    ] Leaving safepoint region
[2019-12-09T03:52:02.405+0000][1][safepoint    ] Total time for which application threads were stopped: 0.0000611 seconds, Stopping threads took: 0.0000089 seconds
[2019-12-09T03:52:03.156+0000][1][safepoint    ] Application time: 0.7509531 seconds
[2019-12-09T03:52:03.156+0000][1][safepoint    ] Entering safepoint region: RevokeBias
[2019-12-09T03:52:03.156+0000][1][safepoint    ] Leaving safepoint region
[2019-12-09T03:52:03.156+0000][1][safepoint    ] Total time for which application threads were stopped: 0.0002616 seconds, Stopping threads took: 0.0000236 seconds
[2019-12-09T03:52:03.156+0000][1][safepoint    ] Application time: 0.0002091 seconds
[2019-12-09T03:52:03.156+0000][1][safepoint    ] Entering safepoint region: RevokeBias
[2019-12-09T03:52:03.156+0000][1][safepoint    ] Leaving safepoint region
[2019-12-09T03:52:03.156+0000][1][safepoint    ] Total time for which application threads were stopped: 0.0001041 seconds, Stopping threads took: 0.0000146 seconds
[2019-12-09T03:52:03.164+0000][1][safepoint    ] Application time: 0.0074790 seconds
[2019-12-09T03:52:03.164+0000][1][safepoint    ] Entering safepoint region: RevokeBias
[2019-12-09T03:52:03.164+0000][1][safepoint    ] Leaving safepoint region
[2019-12-09T03:52:03.164+0000][1][safepoint    ] Total time for which application threads were stopped: 0.0001264 seconds, Stopping threads took: 0.0000236 seconds
[2019-12-09T03:52:03.317+0000][1][safepoint    ] Application time: 0.1533598 seconds
[2019-12-09T03:52:03.318+0000][1][safepoint    ] Entering safepoint region: RevokeBias
[2019-12-09T03:52:03.319+0000][1][safepoint    ] Leaving safepoint region
[2019-12-09T03:52:03.319+0000][1][safepoint    ] Total time for which application threads were stopped: 0.0013279 seconds, Stopping threads took: 0.0011916 seconds
[2019-12-09T03:52:03.320+0000][1][safepoint    ] Application time: 0.0012032 seconds
[2019-12-09T03:52:03.320+0000][1][safepoint    ] Entering safepoint region: RevokeBias
[2019-12-09T03:52:03.320+0000][1][safepoint    ] Leaving safepoint region
[2019-12-09T03:52:03.320+0000][1][safepoint    ] Total time for which application threads were stopped: 0.0001168 seconds, Stopping threads took: 0.0000172 seconds
[2019-12-09T03:52:03.330+0000][1][safepoint    ] Application time: 0.0104718 seconds
[2019-12-09T03:52:03.330+0000][1][safepoint    ] Entering safepoint region: RevokeBias
[2019-12-09T03:52:03.331+0000][1][safepoint    ] Leaving safepoint region
[2019-12-09T03:52:03.331+0000][1][safepoint    ] Total time for which application threads were stopped: 0.0001572 seconds, Stopping threads took: 0.0000745 seconds
[2019-12-09T03:52:03.576+0000][1][safepoint    ] Application time: 0.2455183 seconds
[2019-12-09T03:52:03.577+0000][1][safepoint    ] Entering safepoint region: RevokeBias
[2019-12-09T03:52:03.577+0000][1][safepoint    ] Leaving safepoint region
[2019-12-09T03:52:03.577+0000][1][safepoint    ] Total time for which application threads were stopped: 0.0008511 seconds, Stopping threads took: 0.0006296 seconds
[2019-12-09T03:52:03.618+0000][1][safepoint    ] Application time: 0.0411434 seconds
[2019-12-09T03:52:03.619+0000][1][safepoint    ] Entering safepoint region: GenCollectForAllocation
[2019-12-09T03:52:03.619+0000][1][gc,start     ] GC(29) Pause Young (Allocation Failure)
[2019-12-09T03:52:03.619+0000][1][gc,task      ] GC(29) Using 2 workers of 2 for evacuation
[2019-12-09T03:52:03.658+0000][1][gc,age       ] GC(29) Desired survivor size 4456448 bytes, new threshold 1 (max threshold 6)
[2019-12-09T03:52:03.658+0000][1][gc,age       ] GC(29) Age table with threshold 1 (max threshold 6)
[2019-12-09T03:52:03.658+0000][1][gc,age       ] GC(29) - age   1:    5204736 bytes,    5204736 total
[2019-12-09T03:52:03.658+0000][1][gc,age       ] GC(29) - age   2:     592776 bytes,    5797512 total
[2019-12-09T03:52:03.658+0000][1][gc,age       ] GC(29) - age   3:     177880 bytes,    5975392 total
[2019-12-09T03:52:03.659+0000][1][gc,heap      ] GC(29) ParNew: 76069K->7401K(78656K)
[2019-12-09T03:52:03.659+0000][1][gc,heap      ] GC(29) CMS: 70463K->72887K(174784K)
[2019-12-09T03:52:03.659+0000][1][gc,metaspace ] GC(29) Metaspace: 77938K->77938K(1120256K)
[2019-12-09T03:52:03.659+0000][1][gc           ] GC(29) Pause Young (Allocation Failure) 143M->78M(247M) 39.613ms
[2019-12-09T03:52:03.659+0000][1][gc,cpu       ] GC(29) User=0.01s Sys=0.00s Real=0.04s
[2019-12-09T03:52:03.659+0000][1][safepoint    ] Leaving safepoint region
[2019-12-09T03:52:03.659+0000][1][safepoint    ] Total time for which application threads were stopped: 0.0404562 seconds, Stopping threads took: 0.0006344 seconds
[2019-12-09T03:52:03.704+0000][1][safepoint    ] Application time: 0.0452020 seconds
[2019-12-09T03:52:03.704+0000][1][safepoint    ] Entering safepoint region: RevokeBias
[2019-12-09T03:52:03.704+0000][1][safepoint    ] Leaving safepoint region
[2019-12-09T03:52:03.704+0000][1][safepoint    ] Total time for which application threads were stopped: 0.0002607 seconds, Stopping threads took: 0.0000831 seconds
[2019-12-09T03:52:03.713+0000][1][safepoint    ] Application time: 0.0088589 seconds
[2019-12-09T03:52:03.722+0000][1][safepoint    ] Entering safepoint region: RevokeBias
[2019-12-09T03:52:03.722+0000][1][safepoint    ] Leaving safepoint region
[2019-12-09T03:52:03.722+0000][1][safepoint    ] Total time for which application threads were stopped: 0.0093360 seconds, Stopping threads took: 0.0091261 seconds
[2019-12-09T03:52:03.723+0000][1][safepoint    ] Application time: 0.0001749 seconds
[2019-12-09T03:52:03.723+0000][1][safepoint    ] Entering safepoint region: RevokeBias
[2019-12-09T03:52:03.723+0000][1][safepoint    ] Leaving safepoint region
[2019-12-09T03:52:03.723+0000][1][safepoint    ] Total time for which application threads were stopped: 0.0001840 seconds, Stopping threads took: 0.0000148 seconds
[2019-12-09T03:52:03.723+0000][1][safepoint    ] Application time: 0.0000566 seconds
[2019-12-09T03:52:03.723+0000][1][safepoint    ] Entering safepoint region: RevokeBias
[2019-12-09T03:52:03.723+0000][1][safepoint    ] Leaving safepoint region
[2019-12-09T03:52:03.723+0000][1][safepoint    ] Total time for which application threads were stopped: 0.0001562 seconds, Stopping threads took: 0.0000107 seconds
[2019-12-09T03:52:03.723+0000][1][safepoint    ] Application time: 0.0000948 seconds
[2019-12-09T03:52:03.723+0000][1][safepoint    ] Entering safepoint region: RevokeBias
[2019-12-09T03:52:03.723+0000][1][safepoint    ] Leaving safepoint region
[2019-12-09T03:52:03.723+0000][1][safepoint    ] Total time for which application threads were stopped: 0.0001326 seconds, Stopping threads took: 0.0000094 seconds
[2019-12-09T03:52:03.723+0000][1][safepoint    ] Application time: 0.0000908 seconds
[2019-12-09T03:52:03.723+0000][1][safepoint    ] Entering safepoint region: RevokeBias
[2019-12-09T03:52:03.723+0000][1][safepoint    ] Leaving safepoint region
[2019-12-09T03:52:03.723+0000][1][safepoint    ] Total time for which application threads were stopped: 0.0001379 seconds, Stopping threads took: 0.0000106 seconds
[2019-12-09T03:52:04.422+0000][1][safepoint    ] Application time: 0.6980650 seconds
[2019-12-09T03:52:04.422+0000][1][safepoint    ] Entering safepoint region: RevokeBias
[2019-12-09T03:52:04.422+0000][1][safepoint    ] Leaving safepoint region
[2019-12-09T03:52:04.422+0000][1][safepoint    ] Total time for which application threads were stopped: 0.0002059 seconds, Stopping threads took: 0.0000221 seconds
[2019-12-09T03:52:04.567+0000][1][safepoint    ] Application time: 0.1454494 seconds
[2019-12-09T03:52:04.567+0000][1][safepoint    ] Entering safepoint region: RevokeBias
[2019-12-09T03:52:04.567+0000][1][safepoint    ] Leaving safepoint region
[2019-12-09T03:52:04.567+0000][1][safepoint    ] Total time for which application threads were stopped: 0.0001496 seconds, Stopping threads took: 0.0000241 seconds
[2019-12-09T03:52:04.582+0000][1][safepoint    ] Application time: 0.0143127 seconds
[2019-12-09T03:52:04.582+0000][1][safepoint    ] Entering safepoint region: RevokeBias
[2019-12-09T03:52:04.582+0000][1][safepoint    ] Leaving safepoint region
[2019-12-09T03:52:04.582+0000][1][safepoint    ] Total time for which application threads were stopped: 0.0001208 seconds, Stopping threads took: 0.0000194 seconds
[2019-12-09T03:52:04.602+0000][1][safepoint    ] Application time: 0.0198128 seconds
[2019-12-09T03:52:04.605+0000][1][safepoint    ] Entering safepoint region: RevokeBias
[2019-12-09T03:52:04.605+0000][1][safepoint    ] Leaving safepoint region
[2019-12-09T03:52:04.605+0000][1][safepoint    ] Total time for which application threads were stopped: 0.0029240 seconds, Stopping threads took: 0.0028063 seconds
[2019-12-09T03:52:04.610+0000][1][safepoint    ] Application time: 0.0051139 seconds
[2019-12-09T03:52:04.610+0000][1][safepoint    ] Entering safepoint region: RevokeBias
[2019-12-09T03:52:04.610+0000][1][safepoint    ] Leaving safepoint region
[2019-12-09T03:52:04.610+0000][1][safepoint    ] Total time for which application threads were stopped: 0.0001066 seconds, Stopping threads took: 0.0000141 seconds
[2019-12-09T03:52:04.906+0000][1][safepoint    ] Application time: 0.2958787 seconds
[2019-12-09T03:52:04.917+0000][1][safepoint    ] Entering safepoint region: RevokeBias
[2019-12-09T03:52:04.917+0000][1][safepoint    ] Leaving safepoint region
[2019-12-09T03:52:04.917+0000][1][safepoint    ] Total time for which application threads were stopped: 0.0111520 seconds, Stopping threads took: 0.0110139 seconds
[2019-12-09T03:52:05.014+0000][1][safepoint    ] Application time: 0.0965222 seconds
[2019-12-09T03:52:05.022+0000][1][safepoint    ] Entering safepoint region: RevokeBias
[2019-12-09T03:52:05.022+0000][1][safepoint    ] Leaving safepoint region
[2019-12-09T03:52:05.022+0000][1][safepoint    ] Total time for which application threads were stopped: 0.0083764 seconds, Stopping threads took: 0.0082364 seconds
[2019-12-09T03:52:05.026+0000][1][safepoint    ] Application time: 0.0039373 seconds
[2019-12-09T03:52:05.029+0000][1][safepoint    ] Entering safepoint region: RevokeBias
[2019-12-09T03:52:05.030+0000][1][safepoint    ] Leaving safepoint region
[2019-12-09T03:52:05.030+0000][1][safepoint    ] Total time for which application threads were stopped: 0.0036556 seconds, Stopping threads took: 0.0035290 seconds
[2019-12-09T03:52:05.030+0000][1][safepoint    ] Application time: 0.0001008 seconds
[2019-12-09T03:52:05.030+0000][1][safepoint    ] Entering safepoint region: RevokeBias
[2019-12-09T03:52:05.030+0000][1][safepoint    ] Leaving safepoint region
[2019-12-09T03:52:05.030+0000][1][safepoint    ] Total time for which application threads were stopped: 0.0001074 seconds, Stopping threads took: 0.0000107 seconds
[2019-12-09T03:52:05.897+0000][1][safepoint    ] Application time: 0.8674474 seconds
[2019-12-09T03:52:05.897+0000][1][safepoint    ] Entering safepoint region: RevokeBias
[2019-12-09T03:52:05.897+0000][1][safepoint    ] Leaving safepoint region
[2019-12-09T03:52:05.897+0000][1][safepoint    ] Total time for which application threads were stopped: 0.0001936 seconds, Stopping threads took: 0.0000232 seconds
[2019-12-09T03:52:06.029+0000][1][safepoint    ] Application time: 0.1312751 seconds
[2019-12-09T03:52:06.029+0000][1][safepoint    ] Entering safepoint region: RevokeBias
[2019-12-09T03:52:06.029+0000][1][safepoint    ] Leaving safepoint region
[2019-12-09T03:52:06.029+0000][1][safepoint    ] Total time for which application threads were stopped: 0.0001893 seconds, Stopping threads took: 0.0000530 seconds
[2019-12-09T03:52:06.033+0000][1][safepoint    ] Application time: 0.0039494 seconds
[2019-12-09T03:52:06.033+0000][1][safepoint    ] Entering safepoint region: RevokeBias
[2019-12-09T03:52:06.033+0000][1][safepoint    ] Leaving safepoint region
[2019-12-09T03:52:06.033+0000][1][safepoint    ] Total time for which application threads were stopped: 0.0001336 seconds, Stopping threads took: 0.0000191 seconds
[2019-12-09T03:52:06.050+0000][1][safepoint    ] Application time: 0.0169660 seconds
[2019-12-09T03:52:06.050+0000][1][safepoint    ] Entering safepoint region: RevokeBias
[2019-12-09T03:52:06.050+0000][1][safepoint    ] Leaving safepoint region
[2019-12-09T03:52:06.050+0000][1][safepoint    ] Total time for which application threads were stopped: 0.0001468 seconds, Stopping threads took: 0.0000216 seconds
[2019-12-09T03:52:06.050+0000][1][safepoint    ] Application time: 0.0000641 seconds
[2019-12-09T03:52:06.050+0000][1][safepoint    ] Entering safepoint region: RevokeBias
[2019-12-09T03:52:06.050+0000][1][safepoint    ] Leaving safepoint region
[2019-12-09T03:52:06.050+0000][1][safepoint    ] Total time for which application threads were stopped: 0.0000747 seconds, Stopping threads took: 0.0000102 seconds
[2019-12-09T03:52:06.099+0000][1][safepoint    ] Application time: 0.0487030 seconds
[2019-12-09T03:52:06.099+0000][1][safepoint    ] Entering safepoint region: GenCollectForAllocation
[2019-12-09T03:52:06.099+0000][1][gc,start     ] GC(30) Pause Young (Allocation Failure)
[2019-12-09T03:52:06.099+0000][1][gc,task      ] GC(30) Using 2 workers of 2 for evacuation
[2019-12-09T03:52:06.106+0000][1][gc,age       ] GC(30) Desired survivor size 4456448 bytes, new threshold 6 (max threshold 6)
[2019-12-09T03:52:06.106+0000][1][gc,age       ] GC(30) Age table with threshold 6 (max threshold 6)
[2019-12-09T03:52:06.106+0000][1][gc,age       ] GC(30) - age   1:    3743168 bytes,    3743168 total
[2019-12-09T03:52:06.106+0000][1][gc,heap      ] GC(30) ParNew: 77353K->7674K(78656K)
[2019-12-09T03:52:06.106+0000][1][gc,heap      ] GC(30) CMS: 72887K->74350K(174784K)
[2019-12-09T03:52:06.106+0000][1][gc,metaspace ] GC(30) Metaspace: 78257K->78257K(1120256K)
[2019-12-09T03:52:06.106+0000][1][gc           ] GC(30) Pause Young (Allocation Failure) 146M->80M(247M) 6.640ms
[2019-12-09T03:52:06.106+0000][1][gc,cpu       ] GC(30) User=0.01s Sys=0.00s Real=0.01s
[2019-12-09T03:52:06.106+0000][1][safepoint    ] Leaving safepoint region
[2019-12-09T03:52:06.106+0000][1][safepoint    ] Total time for which application threads were stopped: 0.0068327 seconds, Stopping threads took: 0.0000216 seconds
[2019-12-09T03:52:06.119+0000][1][safepoint    ] Application time: 0.0132322 seconds
[2019-12-09T03:52:06.120+0000][1][safepoint    ] Entering safepoint region: RevokeBias
[2019-12-09T03:52:06.120+0000][1][safepoint    ] Leaving safepoint region
[2019-12-09T03:52:06.120+0000][1][safepoint    ] Total time for which application threads were stopped: 0.0006101 seconds, Stopping threads took: 0.0005143 seconds
[2019-12-09T03:52:06.159+0000][1][safepoint    ] Application time: 0.0389091 seconds
[2019-12-09T03:52:06.162+0000][1][safepoint    ] Entering safepoint region: RevokeBias
[2019-12-09T03:52:06.162+0000][1][safepoint    ] Leaving safepoint region
[2019-12-09T03:52:06.162+0000][1][safepoint    ] Total time for which application threads were stopped: 0.0031552 seconds, Stopping threads took: 0.0029979 seconds
[2019-12-09T03:52:06.162+0000][1][safepoint    ] Application time: 0.0001582 seconds
[2019-12-09T03:52:06.162+0000][1][safepoint    ] Entering safepoint region: RevokeBias
[2019-12-09T03:52:06.162+0000][1][safepoint    ] Leaving safepoint region
[2019-12-09T03:52:06.162+0000][1][safepoint    ] Total time for which application threads were stopped: 0.0001467 seconds, Stopping threads took: 0.0000233 seconds
[2019-12-09T03:52:06.162+0000][1][safepoint    ] Application time: 0.0000865 seconds
[2019-12-09T03:52:06.162+0000][1][safepoint    ] Entering safepoint region: RevokeBias
[2019-12-09T03:52:06.162+0000][1][safepoint    ] Leaving safepoint region
[2019-12-09T03:52:06.162+0000][1][safepoint    ] Total time for which application threads were stopped: 0.0000901 seconds, Stopping threads took: 0.0000101 seconds
[2019-12-09T03:52:06.205+0000][1][safepoint    ] Application time: 0.0427064 seconds
[2019-12-09T03:52:06.206+0000][1][safepoint    ] Entering safepoint region: RevokeBias
[2019-12-09T03:52:06.206+0000][1][safepoint    ] Leaving safepoint region
[2019-12-09T03:52:06.206+0000][1][safepoint    ] Total time for which application threads were stopped: 0.0007737 seconds, Stopping threads took: 0.0006146 seconds
[2019-12-09T03:52:06.857+0000][1][safepoint    ] Application time: 0.6511052 seconds
[2019-12-09T03:52:06.857+0000][1][safepoint    ] Entering safepoint region: RevokeBias
[2019-12-09T03:52:06.857+0000][1][safepoint    ] Leaving safepoint region
[2019-12-09T03:52:06.857+0000][1][safepoint    ] Total time for which application threads were stopped: 0.0001572 seconds, Stopping threads took: 0.0000211 seconds
[2019-12-09T03:52:07.014+0000][1][safepoint    ] Application time: 0.1564106 seconds
[2019-12-09T03:52:07.014+0000][1][safepoint    ] Entering safepoint region: RevokeBias
[2019-12-09T03:52:07.014+0000][1][safepoint    ] Leaving safepoint region
[2019-12-09T03:52:07.014+0000][1][safepoint    ] Total time for which application threads were stopped: 0.0001533 seconds, Stopping threads took: 0.0000221 seconds
[2019-12-09T03:52:07.020+0000][1][safepoint    ] Application time: 0.0056820 seconds
[2019-12-09T03:52:07.020+0000][1][safepoint    ] Entering safepoint region: RevokeBias
[2019-12-09T03:52:07.020+0000][1][safepoint    ] Leaving safepoint region
[2019-12-09T03:52:07.020+0000][1][safepoint    ] Total time for which application threads were stopped: 0.0001414 seconds, Stopping threads took: 0.0000194 seconds
[2019-12-09T03:52:07.020+0000][1][safepoint    ] Application time: 0.0002634 seconds
[2019-12-09T03:52:07.020+0000][1][safepoint    ] Entering safepoint region: RevokeBias
[2019-12-09T03:52:07.020+0000][1][safepoint    ] Leaving safepoint region
[2019-12-09T03:52:07.020+0000][1][safepoint    ] Total time for which application threads were stopped: 0.0001020 seconds, Stopping threads took: 0.0000144 seconds
[2019-12-09T03:52:07.020+0000][1][safepoint    ] Application time: 0.0000574 seconds
[2019-12-09T03:52:07.020+0000][1][safepoint    ] Entering safepoint region: RevokeBias
[2019-12-09T03:52:07.020+0000][1][safepoint    ] Leaving safepoint region
[2019-12-09T03:52:07.020+0000][1][safepoint    ] Total time for which application threads were stopped: 0.0000731 seconds, Stopping threads took: 0.0000101 seconds
[2019-12-09T03:52:07.208+0000][1][safepoint    ] Application time: 0.1880948 seconds
[2019-12-09T03:52:07.208+0000][1][safepoint    ] Entering safepoint region: RevokeBias
[2019-12-09T03:52:07.209+0000][1][safepoint    ] Leaving safepoint region
[2019-12-09T03:52:07.209+0000][1][safepoint    ] Total time for which application threads were stopped: 0.0001501 seconds, Stopping threads took: 0.0000234 seconds
[2019-12-09T03:52:07.286+0000][1][safepoint    ] Application time: 0.0771272 seconds
[2019-12-09T03:52:07.286+0000][1][safepoint    ] Entering safepoint region: GenCollectForAllocation
[2019-12-09T03:52:07.286+0000][1][gc,start     ] GC(31) Pause Young (Allocation Failure)
[2019-12-09T03:52:07.286+0000][1][gc,task      ] GC(31) Using 2 workers of 2 for evacuation
[2019-12-09T03:52:07.297+0000][1][gc,age       ] GC(31) Desired survivor size 4456448 bytes, new threshold 6 (max threshold 6)
[2019-12-09T03:52:07.297+0000][1][gc,age       ] GC(31) Age table with threshold 6 (max threshold 6)
[2019-12-09T03:52:07.297+0000][1][gc,age       ] GC(31) - age   1:    2591960 bytes,    2591960 total
[2019-12-09T03:52:07.297+0000][1][gc,age       ] GC(31) - age   2:     961768 bytes,    3553728 total
[2019-12-09T03:52:07.297+0000][1][gc,heap      ] GC(31) ParNew: 77210K->5299K(78656K)
[2019-12-09T03:52:07.297+0000][1][gc,heap      ] GC(31) CMS: 74350K->74350K(174784K)
[2019-12-09T03:52:07.297+0000][1][gc,metaspace ] GC(31) Metaspace: 78324K->78324K(1120256K)
[2019-12-09T03:52:07.297+0000][1][gc           ] GC(31) Pause Young (Allocation Failure) 148M->77M(247M) 11.232ms
[2019-12-09T03:52:07.297+0000][1][gc,cpu       ] GC(31) User=0.02s Sys=0.00s Real=0.01s
[2019-12-09T03:52:07.297+0000][1][safepoint    ] Leaving safepoint region
[2019-12-09T03:52:07.297+0000][1][safepoint    ] Total time for which application threads were stopped: 0.0114535 seconds, Stopping threads took: 0.0000219 seconds
[2019-12-09T03:52:07.341+0000][1][safepoint    ] Application time: 0.0442196 seconds
[2019-12-09T03:52:07.348+0000][1][safepoint    ] Entering safepoint region: RevokeBias
[2019-12-09T03:52:07.348+0000][1][safepoint    ] Leaving safepoint region
[2019-12-09T03:52:07.348+0000][1][safepoint    ] Total time for which application threads were stopped: 0.0064389 seconds, Stopping threads took: 0.0063096 seconds
[2019-12-09T03:52:07.348+0000][1][safepoint    ] Application time: 0.0002042 seconds
[2019-12-09T03:52:07.348+0000][1][safepoint    ] Entering safepoint region: RevokeBias
[2019-12-09T03:52:07.348+0000][1][safepoint    ] Leaving safepoint region
[2019-12-09T03:52:07.348+0000][1][safepoint    ] Total time for which application threads were stopped: 0.0001106 seconds, Stopping threads took: 0.0000168 seconds
[2019-12-09T03:52:07.348+0000][1][safepoint    ] Application time: 0.0000977 seconds
[2019-12-09T03:52:07.348+0000][1][safepoint    ] Entering safepoint region: RevokeBias
[2019-12-09T03:52:07.348+0000][1][safepoint    ] Leaving safepoint region
[2019-12-09T03:52:07.348+0000][1][safepoint    ] Total time for which application threads were stopped: 0.0000765 seconds, Stopping threads took: 0.0000115 seconds
[2019-12-09T03:52:07.652+0000][1][safepoint    ] Application time: 0.3034573 seconds
[2019-12-09T03:52:07.652+0000][1][safepoint    ] Entering safepoint region: RevokeBias
[2019-12-09T03:52:07.652+0000][1][safepoint    ] Leaving safepoint region
[2019-12-09T03:52:07.652+0000][1][safepoint    ] Total time for which application threads were stopped: 0.0002889 seconds, Stopping threads took: 0.0001426 seconds
[2019-12-09T03:52:08.088+0000][1][safepoint    ] Application time: 0.4356755 seconds
[2019-12-09T03:52:08.088+0000][1][safepoint    ] Entering safepoint region: ICBufferFull
[2019-12-09T03:52:08.088+0000][1][safepoint    ] Leaving safepoint region
[2019-12-09T03:52:08.088+0000][1][safepoint    ] Total time for which application threads were stopped: 0.0004083 seconds, Stopping threads took: 0.0000599 seconds
[2019-12-09T03:52:08.335+0000][1][safepoint    ] Application time: 0.2463095 seconds
[2019-12-09T03:52:08.335+0000][1][safepoint    ] Entering safepoint region: RevokeBias
[2019-12-09T03:52:08.335+0000][1][safepoint    ] Leaving safepoint region
[2019-12-09T03:52:08.335+0000][1][safepoint    ] Total time for which application threads were stopped: 0.0002127 seconds, Stopping threads took: 0.0000275 seconds
[2019-12-09T03:52:08.416+0000][1][safepoint    ] Application time: 0.0808025 seconds
[2019-12-09T03:52:08.416+0000][1][safepoint    ] Entering safepoint region: RevokeBias
[2019-12-09T03:52:08.416+0000][1][safepoint    ] Leaving safepoint region
[2019-12-09T03:52:08.416+0000][1][safepoint    ] Total time for which application threads were stopped: 0.0001575 seconds, Stopping threads took: 0.0000214 seconds
[2019-12-09T03:52:08.417+0000][1][safepoint    ] Application time: 0.0012679 seconds
[2019-12-09T03:52:08.419+0000][1][safepoint    ] Entering safepoint region: RevokeBias
[2019-12-09T03:52:08.419+0000][1][safepoint    ] Leaving safepoint region
[2019-12-09T03:52:08.419+0000][1][safepoint    ] Total time for which application threads were stopped: 0.0016375 seconds, Stopping threads took: 0.0015254 seconds
[2019-12-09T03:52:08.427+0000][1][safepoint    ] Application time: 0.0080633 seconds
[2019-12-09T03:52:08.427+0000][1][safepoint    ] Entering safepoint region: RevokeBias
[2019-12-09T03:52:08.427+0000][1][safepoint    ] Leaving safepoint region
[2019-12-09T03:52:08.427+0000][1][safepoint    ] Total time for which application threads were stopped: 0.0001146 seconds, Stopping threads took: 0.0000169 seconds
[2019-12-09T03:52:08.429+0000][1][safepoint    ] Application time: 0.0016835 seconds
[2019-12-09T03:52:08.429+0000][1][safepoint    ] Entering safepoint region: RevokeBias
[2019-12-09T03:52:08.429+0000][1][safepoint    ] Leaving safepoint region
[2019-12-09T03:52:08.429+0000][1][safepoint    ] Total time for which application threads were stopped: 0.0000922 seconds, Stopping threads took: 0.0000133 seconds
[2019-12-09T03:52:08.523+0000][1][safepoint    ] Application time: 0.0938730 seconds
[2019-12-09T03:52:08.526+0000][1][safepoint    ] Entering safepoint region: RevokeBias
[2019-12-09T03:52:08.526+0000][1][safepoint    ] Leaving safepoint region
[2019-12-09T03:52:08.526+0000][1][safepoint    ] Total time for which application threads were stopped: 0.0034815 seconds, Stopping threads took: 0.0033589 seconds
[2019-12-09T03:52:08.572+0000][1][safepoint    ] Application time: 0.0453004 seconds
[2019-12-09T03:52:08.576+0000][1][safepoint    ] Entering safepoint region: GenCollectForAllocation
[2019-12-09T03:52:08.576+0000][1][gc,start     ] GC(32) Pause Young (Allocation Failure)
[2019-12-09T03:52:08.576+0000][1][gc,task      ] GC(32) Using 2 workers of 2 for evacuation
[2019-12-09T03:52:08.586+0000][1][gc,age       ] GC(32) Desired survivor size 4456448 bytes, new threshold 3 (max threshold 6)
[2019-12-09T03:52:08.586+0000][1][gc,age       ] GC(32) Age table with threshold 3 (max threshold 6)
[2019-12-09T03:52:08.586+0000][1][gc,age       ] GC(32) - age   1:    3924312 bytes,    3924312 total
[2019-12-09T03:52:08.586+0000][1][gc,age       ] GC(32) - age   2:      65056 bytes,    3989368 total
[2019-12-09T03:52:08.586+0000][1][gc,age       ] GC(32) - age   3:     718824 bytes,    4708192 total
[2019-12-09T03:52:08.586+0000][1][gc,heap      ] GC(32) ParNew: 75251K->4897K(78656K)
[2019-12-09T03:52:08.586+0000][1][gc,heap      ] GC(32) CMS: 74350K->74350K(174784K)
[2019-12-09T03:52:08.586+0000][1][gc,metaspace ] GC(32) Metaspace: 78393K->78393K(1120256K)
[2019-12-09T03:52:08.586+0000][1][gc           ] GC(32) Pause Young (Allocation Failure) 146M->77M(247M) 9.911ms
[2019-12-09T03:52:08.586+0000][1][gc,cpu       ] GC(32) User=0.01s Sys=0.00s Real=0.01s
[2019-12-09T03:52:08.586+0000][1][safepoint    ] Leaving safepoint region
[2019-12-09T03:52:08.586+0000][1][safepoint    ] Total time for which application threads were stopped: 0.0145748 seconds, Stopping threads took: 0.0044524 seconds
[2019-12-09T03:52:08.674+0000][1][safepoint    ] Application time: 0.0877576 seconds
[2019-12-09T03:52:08.687+0000][1][safepoint    ] Entering safepoint region: RevokeBias
[2019-12-09T03:52:08.687+0000][1][safepoint    ] Leaving safepoint region
[2019-12-09T03:52:08.687+0000][1][safepoint    ] Total time for which application threads were stopped: 0.0128025 seconds, Stopping threads took: 0.0126609 seconds
[2019-12-09T03:52:08.687+0000][1][safepoint    ] Application time: 0.0001829 seconds
[2019-12-09T03:52:08.687+0000][1][safepoint    ] Entering safepoint region: RevokeBias
[2019-12-09T03:52:08.687+0000][1][safepoint    ] Leaving safepoint region
[2019-12-09T03:52:08.687+0000][1][safepoint    ] Total time for which application threads were stopped: 0.0000948 seconds, Stopping threads took: 0.0000130 seconds
[2019-12-09T03:52:08.687+0000][1][safepoint    ] Application time: 0.0000793 seconds
[2019-12-09T03:52:08.687+0000][1][safepoint    ] Entering safepoint region: RevokeBias
[2019-12-09T03:52:08.687+0000][1][safepoint    ] Leaving safepoint region
[2019-12-09T03:52:08.687+0000][1][safepoint    ] Total time for which application threads were stopped: 0.0000781 seconds, Stopping threads took: 0.0000100 seconds
[2019-12-09T03:52:09.014+0000][1][safepoint    ] Application time: 0.3271906 seconds
[2019-12-09T03:52:09.014+0000][1][safepoint    ] Entering safepoint region: RevokeBias
[2019-12-09T03:52:09.015+0000][1][safepoint    ] Leaving safepoint region
[2019-12-09T03:52:09.015+0000][1][safepoint    ] Total time for which application threads were stopped: 0.0001532 seconds, Stopping threads took: 0.0000219 seconds
[2019-12-09T03:52:09.209+0000][1][safepoint    ] Application time: 0.1943316 seconds
[2019-12-09T03:52:09.209+0000][1][safepoint    ] Entering safepoint region: RevokeBias
[2019-12-09T03:52:09.209+0000][1][safepoint    ] Leaving safepoint region
[2019-12-09T03:52:09.209+0000][1][safepoint    ] Total time for which application threads were stopped: 0.0001472 seconds, Stopping threads took: 0.0000220 seconds
[2019-12-09T03:52:09.214+0000][1][safepoint    ] Application time: 0.0046777 seconds
[2019-12-09T03:52:09.214+0000][1][safepoint    ] Entering safepoint region: RevokeBias
[2019-12-09T03:52:09.214+0000][1][safepoint    ] Leaving safepoint region
[2019-12-09T03:52:09.214+0000][1][safepoint    ] Total time for which application threads were stopped: 0.0001400 seconds, Stopping threads took: 0.0000168 seconds
[2019-12-09T03:52:09.221+0000][1][safepoint    ] Application time: 0.0069490 seconds
[2019-12-09T03:52:09.221+0000][1][safepoint    ] Entering safepoint region: RevokeBias
[2019-12-09T03:52:09.221+0000][1][safepoint    ] Leaving safepoint region
[2019-12-09T03:52:09.221+0000][1][safepoint    ] Total time for which application threads were stopped: 0.0001093 seconds, Stopping threads took: 0.0000164 seconds
[2019-12-09T03:52:09.221+0000][1][safepoint    ] Application time: 0.0000591 seconds
[2019-12-09T03:52:09.221+0000][1][safepoint    ] Entering safepoint region: RevokeBias
[2019-12-09T03:52:09.221+0000][1][safepoint    ] Leaving safepoint region
[2019-12-09T03:52:09.221+0000][1][safepoint    ] Total time for which application threads were stopped: 0.0000675 seconds, Stopping threads took: 0.0000097 seconds
[2019-12-09T03:52:09.619+0000][1][safepoint    ] Application time: 0.3981056 seconds
[2019-12-09T03:52:09.619+0000][1][safepoint    ] Entering safepoint region: RevokeBias
[2019-12-09T03:52:09.620+0000][1][safepoint    ] Leaving safepoint region
[2019-12-09T03:52:09.620+0000][1][safepoint    ] Total time for which application threads were stopped: 0.0001880 seconds, Stopping threads took: 0.0000230 seconds
[2019-12-09T03:52:09.832+0000][1][safepoint    ] Application time: 0.2125366 seconds
[2019-12-09T03:52:09.833+0000][1][safepoint    ] Entering safepoint region: RevokeBias
[2019-12-09T03:52:09.833+0000][1][safepoint    ] Leaving safepoint region
[2019-12-09T03:52:09.833+0000][1][safepoint    ] Total time for which application threads were stopped: 0.0008507 seconds, Stopping threads took: 0.0006922 seconds
[2019-12-09T03:52:09.915+0000][1][safepoint    ] Application time: 0.0817229 seconds
[2019-12-09T03:52:09.915+0000][1][safepoint    ] Entering safepoint region: RevokeBias
[2019-12-09T03:52:09.915+0000][1][safepoint    ] Leaving safepoint region
[2019-12-09T03:52:09.915+0000][1][safepoint    ] Total time for which application threads were stopped: 0.0002641 seconds, Stopping threads took: 0.0000492 seconds
[2019-12-09T03:52:09.923+0000][1][safepoint    ] Application time: 0.0083435 seconds
[2019-12-09T03:52:09.924+0000][1][safepoint    ] Entering safepoint region: RevokeBias
[2019-12-09T03:52:09.924+0000][1][safepoint    ] Leaving safepoint region
[2019-12-09T03:52:09.924+0000][1][safepoint    ] Total time for which application threads were stopped: 0.0007182 seconds, Stopping threads took: 0.0005196 seconds
[2019-12-09T03:52:09.924+0000][1][safepoint    ] Application time: 0.0000986 seconds
[2019-12-09T03:52:09.924+0000][1][safepoint    ] Entering safepoint region: RevokeBias
[2019-12-09T03:52:09.924+0000][1][safepoint    ] Leaving safepoint region
[2019-12-09T03:52:09.924+0000][1][safepoint    ] Total time for which application threads were stopped: 0.0001537 seconds, Stopping threads took: 0.0000124 seconds
[2019-12-09T03:52:09.941+0000][1][safepoint    ] Application time: 0.0165257 seconds
[2019-12-09T03:52:09.941+0000][1][safepoint    ] Entering safepoint region: GenCollectForAllocation
[2019-12-09T03:52:09.941+0000][1][gc,start     ] GC(33) Pause Young (Allocation Failure)
[2019-12-09T03:52:09.942+0000][1][gc,task      ] GC(33) Using 2 workers of 2 for evacuation
[2019-12-09T03:52:09.952+0000][1][gc,age       ] GC(33) Desired survivor size 4456448 bytes, new threshold 6 (max threshold 6)
[2019-12-09T03:52:09.952+0000][1][gc,age       ] GC(33) Age table with threshold 6 (max threshold 6)
[2019-12-09T03:52:09.952+0000][1][gc,age       ] GC(33) - age   1:    3400304 bytes,    3400304 total
[2019-12-09T03:52:09.952+0000][1][gc,age       ] GC(33) - age   2:     353256 bytes,    3753560 total
[2019-12-09T03:52:09.952+0000][1][gc,age       ] GC(33) - age   3:      63584 bytes,    3817144 total
[2019-12-09T03:52:09.952+0000][1][gc,heap      ] GC(33) ParNew: 74849K->4264K(78656K)
[2019-12-09T03:52:09.952+0000][1][gc,heap      ] GC(33) CMS: 74350K->75052K(174784K)
[2019-12-09T03:52:09.952+0000][1][gc,metaspace ] GC(33) Metaspace: 78436K->78436K(1120256K)
[2019-12-09T03:52:09.952+0000][1][gc           ] GC(33) Pause Young (Allocation Failure) 145M->77M(247M) 10.821ms
[2019-12-09T03:52:09.952+0000][1][gc,cpu       ] GC(33) User=0.01s Sys=0.00s Real=0.01s
[2019-12-09T03:52:09.952+0000][1][safepoint    ] Leaving safepoint region
[2019-12-09T03:52:09.952+0000][1][safepoint    ] Total time for which application threads were stopped: 0.0114267 seconds, Stopping threads took: 0.0004448 seconds
[2019-12-09T03:52:10.315+0000][1][safepoint    ] Application time: 0.3623306 seconds
[2019-12-09T03:52:10.315+0000][1][safepoint    ] Entering safepoint region: RevokeBias
[2019-12-09T03:52:10.315+0000][1][safepoint    ] Leaving safepoint region
[2019-12-09T03:52:10.315+0000][1][safepoint    ] Total time for which application threads were stopped: 0.0001661 seconds, Stopping threads took: 0.0000233 seconds
[2019-12-09T03:52:10.383+0000][1][safepoint    ] Application time: 0.0682998 seconds
[2019-12-09T03:52:10.383+0000][1][safepoint    ] Entering safepoint region: RevokeBias
[2019-12-09T03:52:10.383+0000][1][safepoint    ] Leaving safepoint region
[2019-12-09T03:52:10.383+0000][1][safepoint    ] Total time for which application threads were stopped: 0.0001408 seconds, Stopping threads took: 0.0000206 seconds
[2019-12-09T03:52:10.387+0000][1][safepoint    ] Application time: 0.0031922 seconds
[2019-12-09T03:52:10.387+0000][1][safepoint    ] Entering safepoint region: RevokeBias
[2019-12-09T03:52:10.387+0000][1][safepoint    ] Leaving safepoint region
[2019-12-09T03:52:10.387+0000][1][safepoint    ] Total time for which application threads were stopped: 0.0001545 seconds, Stopping threads took: 0.0000504 seconds
[2019-12-09T03:52:10.392+0000][1][safepoint    ] Application time: 0.0051799 seconds
[2019-12-09T03:52:10.392+0000][1][safepoint    ] Entering safepoint region: RevokeBias
[2019-12-09T03:52:10.392+0000][1][safepoint    ] Leaving safepoint region
[2019-12-09T03:52:10.392+0000][1][safepoint    ] Total time for which application threads were stopped: 0.0000870 seconds, Stopping threads took: 0.0000158 seconds
[2019-12-09T03:52:10.395+0000][1][safepoint    ] Application time: 0.0032410 seconds
[2019-12-09T03:52:10.395+0000][1][safepoint    ] Entering safepoint region: RevokeBias
[2019-12-09T03:52:10.395+0000][1][safepoint    ] Leaving safepoint region
[2019-12-09T03:52:10.395+0000][1][safepoint    ] Total time for which application threads were stopped: 0.0000894 seconds, Stopping threads took: 0.0000136 seconds
[2019-12-09T03:52:10.745+0000][1][safepoint    ] Application time: 0.3496278 seconds
[2019-12-09T03:52:10.745+0000][1][safepoint    ] Entering safepoint region: RevokeBias
[2019-12-09T03:52:10.745+0000][1][safepoint    ] Leaving safepoint region
[2019-12-09T03:52:10.745+0000][1][safepoint    ] Total time for which application threads were stopped: 0.0001750 seconds, Stopping threads took: 0.0000232 seconds
[2019-12-09T03:52:11.055+0000][1][safepoint    ] Application time: 0.3100814 seconds
[2019-12-09T03:52:11.055+0000][1][safepoint    ] Entering safepoint region: RevokeBias
[2019-12-09T03:52:11.056+0000][1][safepoint    ] Leaving safepoint region
[2019-12-09T03:52:11.056+0000][1][safepoint    ] Total time for which application threads were stopped: 0.0001546 seconds, Stopping threads took: 0.0000219 seconds
[2019-12-09T03:52:11.148+0000][1][safepoint    ] Application time: 0.0925647 seconds
[2019-12-09T03:52:11.148+0000][1][safepoint    ] Entering safepoint region: GenCollectForAllocation
[2019-12-09T03:52:11.148+0000][1][gc,start     ] GC(34) Pause Young (Allocation Failure)
[2019-12-09T03:52:11.148+0000][1][gc,task      ] GC(34) Using 2 workers of 2 for evacuation
[2019-12-09T03:52:11.153+0000][1][gc,age       ] GC(34) Desired survivor size 4456448 bytes, new threshold 6 (max threshold 6)
[2019-12-09T03:52:11.153+0000][1][gc,age       ] GC(34) Age table with threshold 6 (max threshold 6)
[2019-12-09T03:52:11.153+0000][1][gc,age       ] GC(34) - age   1:    1917992 bytes,    1917992 total
[2019-12-09T03:52:11.153+0000][1][gc,age       ] GC(34) - age   2:     893904 bytes,    2811896 total
[2019-12-09T03:52:11.153+0000][1][gc,age       ] GC(34) - age   3:      71392 bytes,    2883288 total
[2019-12-09T03:52:11.153+0000][1][gc,age       ] GC(34) - age   4:      63552 bytes,    2946840 total
[2019-12-09T03:52:11.153+0000][1][gc,heap      ] GC(34) ParNew: 74021K->5792K(78656K)
[2019-12-09T03:52:11.153+0000][1][gc,heap      ] GC(34) CMS: 75052K->75052K(174784K)
[2019-12-09T03:52:11.153+0000][1][gc,metaspace ] GC(34) Metaspace: 78470K->78470K(1120256K)
[2019-12-09T03:52:11.153+0000][1][gc           ] GC(34) Pause Young (Allocation Failure) 145M->78M(247M) 4.376ms
[2019-12-09T03:52:11.153+0000][1][gc,cpu       ] GC(34) User=0.01s Sys=0.00s Real=0.00s
[2019-12-09T03:52:11.153+0000][1][safepoint    ] Leaving safepoint region
[2019-12-09T03:52:11.153+0000][1][safepoint    ] Total time for which application threads were stopped: 0.0046110 seconds, Stopping threads took: 0.0000223 seconds
[2019-12-09T03:52:11.200+0000][1][safepoint    ] Application time: 0.0473540 seconds
[2019-12-09T03:52:11.200+0000][1][safepoint    ] Entering safepoint region: RevokeBias
[2019-12-09T03:52:11.200+0000][1][safepoint    ] Leaving safepoint region
[2019-12-09T03:52:11.200+0000][1][safepoint    ] Total time for which application threads were stopped: 0.0001657 seconds, Stopping threads took: 0.0000201 seconds
[2019-12-09T03:52:11.203+0000][1][safepoint    ] Application time: 0.0029538 seconds
[2019-12-09T03:52:11.203+0000][1][safepoint    ] Entering safepoint region: RevokeBias
[2019-12-09T03:52:11.203+0000][1][safepoint    ] Leaving safepoint region
[2019-12-09T03:52:11.203+0000][1][safepoint    ] Total time for which application threads were stopped: 0.0001083 seconds, Stopping threads took: 0.0000181 seconds
[2019-12-09T03:52:11.203+0000][1][safepoint    ] Application time: 0.0000899 seconds
[2019-12-09T03:52:11.203+0000][1][safepoint    ] Entering safepoint region: BulkRevokeBias
[2019-12-09T03:52:11.204+0000][1][safepoint    ] Leaving safepoint region
[2019-12-09T03:52:11.204+0000][1][safepoint    ] Total time for which application threads were stopped: 0.0003579 seconds, Stopping threads took: 0.0000101 seconds
[2019-12-09T03:52:11.215+0000][1][safepoint    ] Application time: 0.0112401 seconds
[2019-12-09T03:52:11.215+0000][1][safepoint    ] Entering safepoint region: RevokeBias
[2019-12-09T03:52:11.215+0000][1][safepoint    ] Leaving safepoint region
[2019-12-09T03:52:11.215+0000][1][safepoint    ] Total time for which application threads were stopped: 0.0001281 seconds, Stopping threads took: 0.0000439 seconds
[2019-12-09T03:52:11.602+0000][1][safepoint    ] Application time: 0.3864529 seconds
[2019-12-09T03:52:11.602+0000][1][safepoint    ] Entering safepoint region: RevokeBias
[2019-12-09T03:52:11.602+0000][1][safepoint    ] Leaving safepoint region
[2019-12-09T03:52:11.602+0000][1][safepoint    ] Total time for which application threads were stopped: 0.0001660 seconds, Stopping threads took: 0.0000228 seconds
[2019-12-09T03:52:11.714+0000][1][safepoint    ] Application time: 0.1117995 seconds
[2019-12-09T03:52:11.714+0000][1][safepoint    ] Entering safepoint region: RevokeBias
[2019-12-09T03:52:11.714+0000][1][safepoint    ] Leaving safepoint region
[2019-12-09T03:52:11.714+0000][1][safepoint    ] Total time for which application threads were stopped: 0.0001042 seconds, Stopping threads took: 0.0000164 seconds
[2019-12-09T03:52:11.716+0000][1][safepoint    ] Application time: 0.0018773 seconds
[2019-12-09T03:52:11.716+0000][1][safepoint    ] Entering safepoint region: RevokeBias
[2019-12-09T03:52:11.716+0000][1][safepoint    ] Leaving safepoint region
[2019-12-09T03:52:11.716+0000][1][safepoint    ] Total time for which application threads were stopped: 0.0001551 seconds, Stopping threads took: 0.0000277 seconds
[2019-12-09T03:52:11.721+0000][1][safepoint    ] Application time: 0.0048997 seconds
[2019-12-09T03:52:11.721+0000][1][safepoint    ] Entering safepoint region: RevokeBias
[2019-12-09T03:52:11.721+0000][1][safepoint    ] Leaving safepoint region
[2019-12-09T03:52:11.721+0000][1][safepoint    ] Total time for which application threads were stopped: 0.0001128 seconds, Stopping threads took: 0.0000164 seconds
[2019-12-09T03:52:11.721+0000][1][safepoint    ] Application time: 0.0000603 seconds
[2019-12-09T03:52:11.721+0000][1][safepoint    ] Entering safepoint region: RevokeBias
[2019-12-09T03:52:11.721+0000][1][safepoint    ] Leaving safepoint region
[2019-12-09T03:52:11.721+0000][1][safepoint    ] Total time for which application threads were stopped: 0.0000716 seconds, Stopping threads took: 0.0000100 seconds
[2019-12-09T03:52:12.098+0000][1][safepoint    ] Application time: 0.3766133 seconds
[2019-12-09T03:52:12.098+0000][1][safepoint    ] Entering safepoint region: RevokeBias
[2019-12-09T03:52:12.098+0000][1][safepoint    ] Leaving safepoint region
[2019-12-09T03:52:12.098+0000][1][safepoint    ] Total time for which application threads were stopped: 0.0001425 seconds, Stopping threads took: 0.0000179 seconds
[2019-12-09T03:52:12.287+0000][1][safepoint    ] Application time: 0.1890225 seconds
[2019-12-09T03:52:12.287+0000][1][safepoint    ] Entering safepoint region: GenCollectForAllocation
[2019-12-09T03:52:12.287+0000][1][gc,start     ] GC(35) Pause Young (Allocation Failure)
[2019-12-09T03:52:12.287+0000][1][gc,task      ] GC(35) Using 2 workers of 2 for evacuation
[2019-12-09T03:52:12.291+0000][1][gc,age       ] GC(35) Desired survivor size 4456448 bytes, new threshold 6 (max threshold 6)
[2019-12-09T03:52:12.291+0000][1][gc,age       ] GC(35) Age table with threshold 6 (max threshold 6)
[2019-12-09T03:52:12.291+0000][1][gc,age       ] GC(35) - age   1:    4042512 bytes,    4042512 total
[2019-12-09T03:52:12.291+0000][1][gc,age       ] GC(35) - age   2:      69352 bytes,    4111864 total
[2019-12-09T03:52:12.291+0000][1][gc,age       ] GC(35) - age   3:      66248 bytes,    4178112 total
[2019-12-09T03:52:12.291+0000][1][gc,age       ] GC(35) - age   4:      71360 bytes,    4249472 total
[2019-12-09T03:52:12.291+0000][1][gc,age       ] GC(35) - age   5:      62936 bytes,    4312408 total
[2019-12-09T03:52:12.291+0000][1][gc,heap      ] GC(35) ParNew: 75744K->5111K(78656K)
[2019-12-09T03:52:12.291+0000][1][gc,heap      ] GC(35) CMS: 75052K->75052K(174784K)
[2019-12-09T03:52:12.291+0000][1][gc,metaspace ] GC(35) Metaspace: 78529K->78529K(1120256K)
[2019-12-09T03:52:12.291+0000][1][gc           ] GC(35) Pause Young (Allocation Failure) 147M->78M(247M) 3.927ms
[2019-12-09T03:52:12.291+0000][1][gc,cpu       ] GC(35) User=0.01s Sys=0.00s Real=0.00s
[2019-12-09T03:52:12.291+0000][1][safepoint    ] Leaving safepoint region
[2019-12-09T03:52:12.291+0000][1][safepoint    ] Total time for which application threads were stopped: 0.0041555 seconds, Stopping threads took: 0.0000225 seconds
[2019-12-09T03:52:12.385+0000][1][safepoint    ] Application time: 0.0943268 seconds
[2019-12-09T03:52:12.385+0000][1][safepoint    ] Entering safepoint region: RevokeBias
[2019-12-09T03:52:12.386+0000][1][safepoint    ] Leaving safepoint region
[2019-12-09T03:52:12.386+0000][1][safepoint    ] Total time for which application threads were stopped: 0.0001432 seconds, Stopping threads took: 0.0000222 seconds
[2019-12-09T03:52:12.482+0000][1][safepoint    ] Application time: 0.0968514 seconds
[2019-12-09T03:52:12.486+0000][1][safepoint    ] Entering safepoint region: RevokeBias
[2019-12-09T03:52:12.486+0000][1][safepoint    ] Leaving safepoint region
[2019-12-09T03:52:12.486+0000][1][safepoint    ] Total time for which application threads were stopped: 0.0037917 seconds, Stopping threads took: 0.0036539 seconds
[2019-12-09T03:52:12.524+0000][1][safepoint    ] Application time: 0.0381041 seconds
[2019-12-09T03:52:12.524+0000][1][safepoint    ] Entering safepoint region: BulkRevokeBias
[2019-12-09T03:52:12.525+0000][1][safepoint    ] Leaving safepoint region
[2019-12-09T03:52:12.525+0000][1][safepoint    ] Total time for which application threads were stopped: 0.0005010 seconds, Stopping threads took: 0.0000222 seconds
[2019-12-09T03:52:12.525+0000][1][safepoint    ] Application time: 0.0001941 seconds
[2019-12-09T03:52:12.525+0000][1][safepoint    ] Entering safepoint region: RevokeBias
[2019-12-09T03:52:12.525+0000][1][safepoint    ] Leaving safepoint region
[2019-12-09T03:52:12.525+0000][1][safepoint    ] Total time for which application threads were stopped: 0.0001079 seconds, Stopping threads took: 0.0000142 seconds
[2019-12-09T03:52:12.525+0000][1][safepoint    ] Application time: 0.0000836 seconds
[2019-12-09T03:52:12.525+0000][1][safepoint    ] Entering safepoint region: RevokeBias
[2019-12-09T03:52:12.525+0000][1][safepoint    ] Leaving safepoint region
[2019-12-09T03:52:12.525+0000][1][safepoint    ] Total time for which application threads were stopped: 0.0000728 seconds, Stopping threads took: 0.0000108 seconds
[2019-12-09T03:52:12.836+0000][1][safepoint    ] Application time: 0.3104750 seconds
[2019-12-09T03:52:12.836+0000][1][safepoint    ] Entering safepoint region: RevokeBias
[2019-12-09T03:52:12.836+0000][1][safepoint    ] Leaving safepoint region
[2019-12-09T03:52:12.836+0000][1][safepoint    ] Total time for which application threads were stopped: 0.0001832 seconds, Stopping threads took: 0.0000238 seconds
[2019-12-09T03:52:12.892+0000][1][safepoint    ] Application time: 0.0561633 seconds
[2019-12-09T03:52:12.892+0000][1][safepoint    ] Entering safepoint region: RevokeBias
[2019-12-09T03:52:12.892+0000][1][safepoint    ] Leaving safepoint region
[2019-12-09T03:52:12.892+0000][1][safepoint    ] Total time for which application threads were stopped: 0.0001540 seconds, Stopping threads took: 0.0000239 seconds
[2019-12-09T03:52:12.894+0000][1][safepoint    ] Application time: 0.0015248 seconds
[2019-12-09T03:52:12.894+0000][1][safepoint    ] Entering safepoint region: RevokeBias
[2019-12-09T03:52:12.894+0000][1][safepoint    ] Leaving safepoint region
[2019-12-09T03:52:12.894+0000][1][safepoint    ] Total time for which application threads were stopped: 0.0001040 seconds, Stopping threads took: 0.0000168 seconds
[2019-12-09T03:52:12.905+0000][1][safepoint    ] Application time: 0.0112006 seconds
[2019-12-09T03:52:12.905+0000][1][safepoint    ] Entering safepoint region: RevokeBias
[2019-12-09T03:52:12.905+0000][1][safepoint    ] Leaving safepoint region
[2019-12-09T03:52:12.905+0000][1][safepoint    ] Total time for which application threads were stopped: 0.0001034 seconds, Stopping threads took: 0.0000166 seconds
[2019-12-09T03:52:12.906+0000][1][safepoint    ] Application time: 0.0000608 seconds
[2019-12-09T03:52:12.906+0000][1][safepoint    ] Entering safepoint region: RevokeBias
[2019-12-09T03:52:12.906+0000][1][safepoint    ] Leaving safepoint region
[2019-12-09T03:52:12.906+0000][1][safepoint    ] Total time for which application threads were stopped: 0.0000740 seconds, Stopping threads took: 0.0000105 seconds
[2019-12-09T03:52:13.044+0000][1][safepoint    ] Application time: 0.1380743 seconds
[2019-12-09T03:52:13.044+0000][1][safepoint    ] Entering safepoint region: GenCollectForAllocation
[2019-12-09T03:52:13.044+0000][1][gc,start     ] GC(36) Pause Young (Allocation Failure)
[2019-12-09T03:52:13.044+0000][1][gc,task      ] GC(36) Using 2 workers of 2 for evacuation
[2019-12-09T03:52:13.048+0000][1][gc,age       ] GC(36) Desired survivor size 4456448 bytes, new threshold 6 (max threshold 6)
[2019-12-09T03:52:13.048+0000][1][gc,age       ] GC(36) Age table with threshold 6 (max threshold 6)
[2019-12-09T03:52:13.048+0000][1][gc,age       ] GC(36) - age   1:    3525232 bytes,    3525232 total
[2019-12-09T03:52:13.048+0000][1][gc,age       ] GC(36) - age   2:      76472 bytes,    3601704 total
[2019-12-09T03:52:13.048+0000][1][gc,age       ] GC(36) - age   3:      67520 bytes,    3669224 total
[2019-12-09T03:52:13.048+0000][1][gc,age       ] GC(36) - age   4:      66216 bytes,    3735440 total
[2019-12-09T03:52:13.048+0000][1][gc,age       ] GC(36) - age   5:      71360 bytes,    3806800 total
[2019-12-09T03:52:13.048+0000][1][gc,age       ] GC(36) - age   6:      62936 bytes,    3869736 total
[2019-12-09T03:52:13.048+0000][1][gc,heap      ] GC(36) ParNew: 75063K->5504K(78656K)
[2019-12-09T03:52:13.048+0000][1][gc,heap      ] GC(36) CMS: 75052K->75052K(174784K)
[2019-12-09T03:52:13.048+0000][1][gc,metaspace ] GC(36) Metaspace: 78558K->78558K(1122304K)
[2019-12-09T03:52:13.048+0000][1][gc           ] GC(36) Pause Young (Allocation Failure) 146M->78M(247M) 4.031ms
[2019-12-09T03:52:13.048+0000][1][gc,cpu       ] GC(36) User=0.01s Sys=0.00s Real=0.01s
[2019-12-09T03:52:13.048+0000][1][safepoint    ] Leaving safepoint region
[2019-12-09T03:52:13.048+0000][1][safepoint    ] Total time for which application threads were stopped: 0.0042534 seconds, Stopping threads took: 0.0000333 seconds
[2019-12-09T03:52:13.267+0000][1][safepoint    ] Application time: 0.2190572 seconds
[2019-12-09T03:52:13.267+0000][1][safepoint    ] Entering safepoint region: RevokeBias
[2019-12-09T03:52:13.267+0000][1][safepoint    ] Leaving safepoint region
[2019-12-09T03:52:13.267+0000][1][safepoint    ] Total time for which application threads were stopped: 0.0001605 seconds, Stopping threads took: 0.0000246 seconds
[2019-12-09T03:52:13.640+0000][1][safepoint    ] Application time: 0.3731387 seconds
[2019-12-09T03:52:13.640+0000][1][safepoint    ] Entering safepoint region: RevokeBias
[2019-12-09T03:52:13.641+0000][1][safepoint    ] Leaving safepoint region
[2019-12-09T03:52:13.641+0000][1][safepoint    ] Total time for which application threads were stopped: 0.0001700 seconds, Stopping threads took: 0.0000213 seconds
[2019-12-09T03:52:13.647+0000][1][safepoint    ] Application time: 0.0065727 seconds
[2019-12-09T03:52:13.648+0000][1][safepoint    ] Entering safepoint region: RevokeBias
[2019-12-09T03:52:13.648+0000][1][safepoint    ] Leaving safepoint region
[2019-12-09T03:52:13.648+0000][1][safepoint    ] Total time for which application threads were stopped: 0.0006105 seconds, Stopping threads took: 0.0004749 seconds
[2019-12-09T03:52:13.830+0000][1][safepoint    ] Application time: 0.1823835 seconds
[2019-12-09T03:52:13.860+0000][1][safepoint    ] Entering safepoint region: RevokeBias
[2019-12-09T03:52:13.860+0000][1][safepoint    ] Leaving safepoint region
[2019-12-09T03:52:13.860+0000][1][safepoint    ] Total time for which application threads were stopped: 0.0298170 seconds, Stopping threads took: 0.0296188 seconds
[2019-12-09T03:52:13.860+0000][1][safepoint    ] Application time: 0.0002218 seconds
[2019-12-09T03:52:13.860+0000][1][safepoint    ] Entering safepoint region: RevokeBias
[2019-12-09T03:52:13.860+0000][1][safepoint    ] Leaving safepoint region
[2019-12-09T03:52:13.860+0000][1][safepoint    ] Total time for which application threads were stopped: 0.0001116 seconds, Stopping threads took: 0.0000152 seconds
[2019-12-09T03:52:13.861+0000][1][safepoint    ] Application time: 0.0000817 seconds
[2019-12-09T03:52:13.861+0000][1][safepoint    ] Entering safepoint region: RevokeBias
[2019-12-09T03:52:13.861+0000][1][safepoint    ] Leaving safepoint region
[2019-12-09T03:52:13.861+0000][1][safepoint    ] Total time for which application threads were stopped: 0.0000798 seconds, Stopping threads took: 0.0000130 seconds
[2019-12-09T03:52:13.984+0000][1][safepoint    ] Application time: 0.1235747 seconds
[2019-12-09T03:52:13.994+0000][1][safepoint    ] Entering safepoint region: RevokeBias
[2019-12-09T03:52:13.994+0000][1][safepoint    ] Leaving safepoint region
[2019-12-09T03:52:13.994+0000][1][safepoint    ] Total time for which application threads were stopped: 0.0096570 seconds, Stopping threads took: 0.0095066 seconds
[2019-12-09T03:52:14.021+0000][1][safepoint    ] Application time: 0.0268338 seconds
[2019-12-09T03:52:14.024+0000][1][safepoint    ] Entering safepoint region: RevokeBias
[2019-12-09T03:52:14.024+0000][1][safepoint    ] Leaving safepoint region
[2019-12-09T03:52:14.024+0000][1][safepoint    ] Total time for which application threads were stopped: 0.0031417 seconds, Stopping threads took: 0.0029839 seconds
[2019-12-09T03:52:14.024+0000][1][safepoint    ] Application time: 0.0001176 seconds
[2019-12-09T03:52:14.035+0000][1][safepoint    ] Entering safepoint region: RevokeBias
[2019-12-09T03:52:14.035+0000][1][safepoint    ] Leaving safepoint region
[2019-12-09T03:52:14.035+0000][1][safepoint    ] Total time for which application threads were stopped: 0.0108507 seconds, Stopping threads took: 0.0107232 seconds
[2019-12-09T03:52:14.042+0000][1][safepoint    ] Application time: 0.0072889 seconds
[2019-12-09T03:52:14.053+0000][1][safepoint    ] Entering safepoint region: RevokeBias
[2019-12-09T03:52:14.053+0000][1][safepoint    ] Leaving safepoint region
[2019-12-09T03:52:14.053+0000][1][safepoint    ] Total time for which application threads were stopped: 0.0107016 seconds, Stopping threads took: 0.0105803 seconds
[2019-12-09T03:52:14.053+0000][1][safepoint    ] Application time: 0.0001041 seconds
[2019-12-09T03:52:14.053+0000][1][safepoint    ] Entering safepoint region: RevokeBias
[2019-12-09T03:52:14.053+0000][1][safepoint    ] Leaving safepoint region
[2019-12-09T03:52:14.053+0000][1][safepoint    ] Total time for which application threads were stopped: 0.0000776 seconds, Stopping threads took: 0.0000112 seconds
[2019-12-09T03:52:14.053+0000][1][safepoint    ] Application time: 0.0001756 seconds
[2019-12-09T03:52:14.053+0000][1][safepoint    ] Entering safepoint region: RevokeBias
[2019-12-09T03:52:14.053+0000][1][safepoint    ] Leaving safepoint region
[2019-12-09T03:52:14.053+0000][1][safepoint    ] Total time for which application threads were stopped: 0.0000856 seconds, Stopping threads took: 0.0000109 seconds
[2019-12-09T03:52:14.053+0000][1][safepoint    ] Application time: 0.0001089 seconds
[2019-12-09T03:52:14.054+0000][1][safepoint    ] Entering safepoint region: RevokeBias
[2019-12-09T03:52:14.054+0000][1][safepoint    ] Leaving safepoint region
[2019-12-09T03:52:14.054+0000][1][safepoint    ] Total time for which application threads were stopped: 0.0000699 seconds, Stopping threads took: 0.0000099 seconds
[2019-12-09T03:52:14.054+0000][1][safepoint    ] Application time: 0.0000948 seconds
[2019-12-09T03:52:14.054+0000][1][safepoint    ] Entering safepoint region: RevokeBias
[2019-12-09T03:52:14.054+0000][1][safepoint    ] Leaving safepoint region
[2019-12-09T03:52:14.054+0000][1][safepoint    ] Total time for which application threads were stopped: 0.0000690 seconds, Stopping threads took: 0.0000094 seconds
[2019-12-09T03:52:14.054+0000][1][safepoint    ] Application time: 0.0001047 seconds
[2019-12-09T03:52:14.054+0000][1][safepoint    ] Entering safepoint region: RevokeBias
[2019-12-09T03:52:14.054+0000][1][safepoint    ] Leaving safepoint region
[2019-12-09T03:52:14.054+0000][1][safepoint    ] Total time for which application threads were stopped: 0.0000689 seconds, Stopping threads took: 0.0000098 seconds
[2019-12-09T03:52:14.054+0000][1][safepoint    ] Application time: 0.0001105 seconds
[2019-12-09T03:52:14.054+0000][1][safepoint    ] Entering safepoint region: RevokeBias
[2019-12-09T03:52:14.054+0000][1][safepoint    ] Leaving safepoint region
[2019-12-09T03:52:14.054+0000][1][safepoint    ] Total time for which application threads were stopped: 0.0000828 seconds, Stopping threads took: 0.0000190 seconds
[2019-12-09T03:52:14.061+0000][1][safepoint    ] Application time: 0.0065711 seconds
[2019-12-09T03:52:14.061+0000][1][safepoint    ] Entering safepoint region: RevokeBias
[2019-12-09T03:52:14.061+0000][1][safepoint    ] Leaving safepoint region
[2019-12-09T03:52:14.061+0000][1][safepoint    ] Total time for which application threads were stopped: 0.0005237 seconds, Stopping threads took: 0.0004433 seconds
[2019-12-09T03:52:14.061+0000][1][safepoint    ] Application time: 0.0001216 seconds
[2019-12-09T03:52:14.061+0000][1][safepoint    ] Entering safepoint region: RevokeBias
[2019-12-09T03:52:14.062+0000][1][safepoint    ] Leaving safepoint region
[2019-12-09T03:52:14.062+0000][1][safepoint    ] Total time for which application threads were stopped: 0.0000807 seconds, Stopping threads took: 0.0000119 seconds
[2019-12-09T03:52:14.062+0000][1][safepoint    ] Application time: 0.0001097 seconds
[2019-12-09T03:52:14.062+0000][1][safepoint    ] Entering safepoint region: RevokeBias
[2019-12-09T03:52:14.062+0000][1][safepoint    ] Leaving safepoint region
[2019-12-09T03:52:14.062+0000][1][safepoint    ] Total time for which application threads were stopped: 0.0000872 seconds, Stopping threads took: 0.0000100 seconds
[2019-12-09T03:52:14.062+0000][1][safepoint    ] Application time: 0.0001097 seconds
[2019-12-09T03:52:14.062+0000][1][safepoint    ] Entering safepoint region: RevokeBias
[2019-12-09T03:52:14.062+0000][1][safepoint    ] Leaving safepoint region
[2019-12-09T03:52:14.062+0000][1][safepoint    ] Total time for which application threads were stopped: 0.0000907 seconds, Stopping threads took: 0.0000101 seconds
[2019-12-09T03:52:14.200+0000][1][safepoint    ] Application time: 0.1385154 seconds
[2019-12-09T03:52:14.201+0000][1][safepoint    ] Entering safepoint region: GenCollectForAllocation
[2019-12-09T03:52:14.201+0000][1][gc,start     ] GC(37) Pause Young (Allocation Failure)
[2019-12-09T03:52:14.201+0000][1][gc,task      ] GC(37) Using 2 workers of 2 for evacuation
[2019-12-09T03:52:14.206+0000][1][gc,age       ] GC(37) Desired survivor size 4456448 bytes, new threshold 6 (max threshold 6)
[2019-12-09T03:52:14.206+0000][1][gc,age       ] GC(37) Age table with threshold 6 (max threshold 6)
[2019-12-09T03:52:14.206+0000][1][gc,age       ] GC(37) - age   1:    3157000 bytes,    3157000 total
[2019-12-09T03:52:14.206+0000][1][gc,age       ] GC(37) - age   2:      66920 bytes,    3223920 total
[2019-12-09T03:52:14.206+0000][1][gc,age       ] GC(37) - age   3:      75152 bytes,    3299072 total
[2019-12-09T03:52:14.206+0000][1][gc,age       ] GC(37) - age   4:      67424 bytes,    3366496 total
[2019-12-09T03:52:14.206+0000][1][gc,age       ] GC(37) - age   5:      65936 bytes,    3432432 total
[2019-12-09T03:52:14.206+0000][1][gc,age       ] GC(37) - age   6:      71360 bytes,    3503792 total
[2019-12-09T03:52:14.206+0000][1][gc,heap      ] GC(37) ParNew: 75456K->5627K(78656K)
[2019-12-09T03:52:14.206+0000][1][gc,heap      ] GC(37) CMS: 75052K->75114K(174784K)
[2019-12-09T03:52:14.206+0000][1][gc,metaspace ] GC(37) Metaspace: 78685K->78685K(1122304K)
[2019-12-09T03:52:14.206+0000][1][gc           ] GC(37) Pause Young (Allocation Failure) 146M->78M(247M) 5.048ms
[2019-12-09T03:52:14.206+0000][1][gc,cpu       ] GC(37) User=0.01s Sys=0.00s Real=0.01s
[2019-12-09T03:52:14.206+0000][1][safepoint    ] Leaving safepoint region
[2019-12-09T03:52:14.206+0000][1][safepoint    ] Total time for which application threads were stopped: 0.0059159 seconds, Stopping threads took: 0.0006613 seconds
[2019-12-09T03:52:14.543+0000][1][safepoint    ] Application time: 0.3366848 seconds
[2019-12-09T03:52:14.544+0000][1][safepoint    ] Entering safepoint region: RevokeBias
[2019-12-09T03:52:14.544+0000][1][safepoint    ] Leaving safepoint region
[2019-12-09T03:52:14.544+0000][1][safepoint    ] Total time for which application threads were stopped: 0.0006422 seconds, Stopping threads took: 0.0004645 seconds
[2019-12-09T03:52:14.656+0000][1][safepoint    ] Application time: 0.1124726 seconds
[2019-12-09T03:52:14.656+0000][1][safepoint    ] Entering safepoint region: Deoptimize
[2019-12-09T03:52:14.658+0000][1][safepoint    ] Leaving safepoint region
[2019-12-09T03:52:14.658+0000][1][safepoint    ] Total time for which application threads were stopped: 0.0013145 seconds, Stopping threads took: 0.0000213 seconds
[2019-12-09T03:52:14.701+0000][1][safepoint    ] Application time: 0.0435527 seconds
[2019-12-09T03:52:14.701+0000][1][safepoint    ] Entering safepoint region: RevokeBias
[2019-12-09T03:52:14.701+0000][1][safepoint    ] Leaving safepoint region
[2019-12-09T03:52:14.701+0000][1][safepoint    ] Total time for which application threads were stopped: 0.0002013 seconds, Stopping threads took: 0.0000738 seconds
[2019-12-09T03:52:14.715+0000][1][safepoint    ] Application time: 0.0131947 seconds
[2019-12-09T03:52:14.724+0000][1][safepoint    ] Entering safepoint region: RevokeBias
[2019-12-09T03:52:14.724+0000][1][safepoint    ] Leaving safepoint region
[2019-12-09T03:52:14.724+0000][1][safepoint    ] Total time for which application threads were stopped: 0.0091490 seconds, Stopping threads took: 0.0090096 seconds
[2019-12-09T03:52:14.724+0000][1][safepoint    ] Application time: 0.0001030 seconds
[2019-12-09T03:52:14.724+0000][1][safepoint    ] Entering safepoint region: RevokeBias
[2019-12-09T03:52:14.724+0000][1][safepoint    ] Leaving safepoint region
[2019-12-09T03:52:14.724+0000][1][safepoint    ] Total time for which application threads were stopped: 0.0000926 seconds, Stopping threads took: 0.0000135 seconds
[2019-12-09T03:52:14.724+0000][1][safepoint    ] Application time: 0.0000401 seconds
[2019-12-09T03:52:14.724+0000][1][safepoint    ] Entering safepoint region: RevokeBias
[2019-12-09T03:52:14.724+0000][1][safepoint    ] Leaving safepoint region
[2019-12-09T03:52:14.724+0000][1][safepoint    ] Total time for which application threads were stopped: 0.0000735 seconds, Stopping threads took: 0.0000102 seconds
[2019-12-09T03:52:14.733+0000][1][safepoint    ] Application time: 0.0085810 seconds
[2019-12-09T03:52:14.744+0000][1][safepoint    ] Entering safepoint region: Deoptimize
[2019-12-09T03:52:14.745+0000][1][safepoint    ] Leaving safepoint region
[2019-12-09T03:52:14.745+0000][1][safepoint    ] Total time for which application threads were stopped: 0.0123902 seconds, Stopping threads took: 0.0111211 seconds
[2019-12-09T03:52:15.022+0000][1][safepoint    ] Application time: 0.2769649 seconds
[2019-12-09T03:52:15.023+0000][1][safepoint    ] Entering safepoint region: RevokeBias
[2019-12-09T03:52:15.024+0000][1][safepoint    ] Leaving safepoint region
[2019-12-09T03:52:15.024+0000][1][safepoint    ] Total time for which application threads were stopped: 0.0013837 seconds, Stopping threads took: 0.0012041 seconds
[2019-12-09T03:52:15.094+0000][1][safepoint    ] Application time: 0.0703484 seconds
[2019-12-09T03:52:15.094+0000][1][safepoint    ] Entering safepoint region: RevokeBias
[2019-12-09T03:52:15.095+0000][1][safepoint    ] Leaving safepoint region
[2019-12-09T03:52:15.095+0000][1][safepoint    ] Total time for which application threads were stopped: 0.0006729 seconds, Stopping threads took: 0.0005133 seconds
[2019-12-09T03:52:15.095+0000][1][safepoint    ] Application time: 0.0001916 seconds
[2019-12-09T03:52:15.095+0000][1][safepoint    ] Entering safepoint region: RevokeBias
[2019-12-09T03:52:15.095+0000][1][safepoint    ] Leaving safepoint region
[2019-12-09T03:52:15.095+0000][1][safepoint    ] Total time for which application threads were stopped: 0.0001124 seconds, Stopping threads took: 0.0000155 seconds
[2019-12-09T03:52:15.095+0000][1][safepoint    ] Application time: 0.0000836 seconds
[2019-12-09T03:52:15.095+0000][1][safepoint    ] Entering safepoint region: RevokeBias
[2019-12-09T03:52:15.095+0000][1][safepoint    ] Leaving safepoint region
[2019-12-09T03:52:15.095+0000][1][safepoint    ] Total time for which application threads were stopped: 0.0000897 seconds, Stopping threads took: 0.0000117 seconds
[2019-12-09T03:52:15.362+0000][1][safepoint    ] Application time: 0.2669322 seconds
[2019-12-09T03:52:15.362+0000][1][safepoint    ] Entering safepoint region: RevokeBias
[2019-12-09T03:52:15.362+0000][1][safepoint    ] Leaving safepoint region
[2019-12-09T03:52:15.362+0000][1][safepoint    ] Total time for which application threads were stopped: 0.0002288 seconds, Stopping threads took: 0.0000475 seconds
[2019-12-09T03:52:15.365+0000][1][safepoint    ] Application time: 0.0022984 seconds
[2019-12-09T03:52:15.365+0000][1][safepoint    ] Entering safepoint region: GenCollectForAllocation
[2019-12-09T03:52:15.365+0000][1][gc,start     ] GC(38) Pause Young (Allocation Failure)
[2019-12-09T03:52:15.365+0000][1][gc,task      ] GC(38) Using 2 workers of 2 for evacuation
[2019-12-09T03:52:15.395+0000][1][gc,age       ] GC(38) Desired survivor size 4456448 bytes, new threshold 6 (max threshold 6)
[2019-12-09T03:52:15.395+0000][1][gc,age       ] GC(38) Age table with threshold 6 (max threshold 6)
[2019-12-09T03:52:15.395+0000][1][gc,age       ] GC(38) - age   1:    2313760 bytes,    2313760 total
[2019-12-09T03:52:15.395+0000][1][gc,age       ] GC(38) - age   2:     164744 bytes,    2478504 total
[2019-12-09T03:52:15.395+0000][1][gc,age       ] GC(38) - age   3:      65712 bytes,    2544216 total
[2019-12-09T03:52:15.395+0000][1][gc,age       ] GC(38) - age   4:      74680 bytes,    2618896 total
[2019-12-09T03:52:15.395+0000][1][gc,age       ] GC(38) - age   5:      67272 bytes,    2686168 total
[2019-12-09T03:52:15.395+0000][1][gc,age       ] GC(38) - age   6:      65904 bytes,    2752072 total
[2019-12-09T03:52:15.395+0000][1][gc,heap      ] GC(38) ParNew: 75571K->5256K(78656K)
[2019-12-09T03:52:15.395+0000][1][gc,heap      ] GC(38) CMS: 75114K->75184K(174784K)
[2019-12-09T03:52:15.395+0000][1][gc,metaspace ] GC(38) Metaspace: 78936K->78936K(1122304K)
[2019-12-09T03:52:15.396+0000][1][gc           ] GC(38) Pause Young (Allocation Failure) 147M->78M(247M) 30.727ms
[2019-12-09T03:52:15.396+0000][1][gc,cpu       ] GC(38) User=0.03s Sys=0.00s Real=0.03s
[2019-12-09T03:52:15.396+0000][1][safepoint    ] Leaving safepoint region
[2019-12-09T03:52:15.396+0000][1][safepoint    ] Total time for which application threads were stopped: 0.0309425 seconds, Stopping threads took: 0.0000156 seconds
[2019-12-09T03:52:15.491+0000][1][safepoint    ] Application time: 0.0951595 seconds
[2019-12-09T03:52:15.491+0000][1][safepoint    ] Entering safepoint region: RevokeBias
[2019-12-09T03:52:15.491+0000][1][safepoint    ] Leaving safepoint region
[2019-12-09T03:52:15.491+0000][1][safepoint    ] Total time for which application threads were stopped: 0.0002454 seconds, Stopping threads took: 0.0001147 seconds
[2019-12-09T03:52:15.493+0000][1][safepoint    ] Application time: 0.0016483 seconds
[2019-12-09T03:52:15.493+0000][1][safepoint    ] Entering safepoint region: RevokeBias
[2019-12-09T03:52:15.493+0000][1][safepoint    ] Leaving safepoint region
[2019-12-09T03:52:15.493+0000][1][safepoint    ] Total time for which application threads were stopped: 0.0001066 seconds, Stopping threads took: 0.0000173 seconds
[2019-12-09T03:52:15.493+0000][1][safepoint    ] Application time: 0.0000629 seconds
[2019-12-09T03:52:15.493+0000][1][safepoint    ] Entering safepoint region: RevokeBias
[2019-12-09T03:52:15.493+0000][1][safepoint    ] Leaving safepoint region
[2019-12-09T03:52:15.493+0000][1][safepoint    ] Total time for which application threads were stopped: 0.0000809 seconds, Stopping threads took: 0.0000106 seconds
[2019-12-09T03:52:15.493+0000][1][safepoint    ] Application time: 0.0000390 seconds
[2019-12-09T03:52:15.493+0000][1][safepoint    ] Entering safepoint region: RevokeBias
[2019-12-09T03:52:15.493+0000][1][safepoint    ] Leaving safepoint region
[2019-12-09T03:52:15.493+0000][1][safepoint    ] Total time for which application threads were stopped: 0.0000748 seconds, Stopping threads took: 0.0000098 seconds
[2019-12-09T03:52:16.205+0000][1][safepoint    ] Application time: 0.7116569 seconds
[2019-12-09T03:52:16.205+0000][1][safepoint    ] Entering safepoint region: ICBufferFull
[2019-12-09T03:52:16.205+0000][1][safepoint    ] Leaving safepoint region
[2019-12-09T03:52:16.205+0000][1][safepoint    ] Total time for which application threads were stopped: 0.0002910 seconds, Stopping threads took: 0.0000225 seconds
[2019-12-09T03:52:16.285+0000][1][safepoint    ] Application time: 0.0800500 seconds
[2019-12-09T03:52:16.300+0000][1][safepoint    ] Entering safepoint region: BulkRevokeBias
[2019-12-09T03:52:16.300+0000][1][safepoint    ] Leaving safepoint region
[2019-12-09T03:52:16.300+0000][1][safepoint    ] Total time for which application threads were stopped: 0.0151388 seconds, Stopping threads took: 0.0145939 seconds
[2019-12-09T03:52:16.338+0000][1][safepoint    ] Application time: 0.0373968 seconds
[2019-12-09T03:52:16.357+0000][1][safepoint    ] Entering safepoint region: RevokeBias
[2019-12-09T03:52:16.357+0000][1][safepoint    ] Leaving safepoint region
[2019-12-09T03:52:16.357+0000][1][safepoint    ] Total time for which application threads were stopped: 0.0191237 seconds, Stopping threads took: 0.0190004 seconds
[2019-12-09T03:52:16.371+0000][1][safepoint    ] Application time: 0.0140643 seconds
[2019-12-09T03:52:16.376+0000][1][safepoint    ] Entering safepoint region: GenCollectForAllocation
[2019-12-09T03:52:16.376+0000][1][gc,start     ] GC(39) Pause Young (Allocation Failure)
[2019-12-09T03:52:16.376+0000][1][gc,task      ] GC(39) Using 2 workers of 2 for evacuation
[2019-12-09T03:52:16.382+0000][1][gc,age       ] GC(39) Desired survivor size 4456448 bytes, new threshold 6 (max threshold 6)
[2019-12-09T03:52:16.382+0000][1][gc,age       ] GC(39) Age table with threshold 6 (max threshold 6)
[2019-12-09T03:52:16.382+0000][1][gc,age       ] GC(39) - age   1:    1198976 bytes,    1198976 total
[2019-12-09T03:52:16.382+0000][1][gc,age       ] GC(39) - age   2:    1360368 bytes,    2559344 total
[2019-12-09T03:52:16.382+0000][1][gc,age       ] GC(39) - age   3:     164016 bytes,    2723360 total
[2019-12-09T03:52:16.382+0000][1][gc,age       ] GC(39) - age   4:      65584 bytes,    2788944 total
[2019-12-09T03:52:16.382+0000][1][gc,age       ] GC(39) - age   5:      74680 bytes,    2863624 total
[2019-12-09T03:52:16.382+0000][1][gc,age       ] GC(39) - age   6:      67272 bytes,    2930896 total
[2019-12-09T03:52:16.382+0000][1][gc,heap      ] GC(39) ParNew: 74732K->4279K(78656K)
[2019-12-09T03:52:16.382+0000][1][gc,heap      ] GC(39) CMS: 75184K->75249K(174784K)
[2019-12-09T03:52:16.382+0000][1][gc,metaspace ] GC(39) Metaspace: 79108K->79108K(1122304K)
[2019-12-09T03:52:16.382+0000][1][gc           ] GC(39) Pause Young (Allocation Failure) 146M->77M(247M) 6.249ms
[2019-12-09T03:52:16.382+0000][1][gc,cpu       ] GC(39) User=0.00s Sys=0.00s Real=0.00s
[2019-12-09T03:52:16.382+0000][1][safepoint    ] Leaving safepoint region
[2019-12-09T03:52:16.382+0000][1][safepoint    ] Total time for which application threads were stopped: 0.0112638 seconds, Stopping threads took: 0.0048155 seconds
[2019-12-09T03:52:16.424+0000][1][safepoint    ] Application time: 0.0414765 seconds
[2019-12-09T03:52:16.436+0000][1][safepoint    ] Entering safepoint region: RevokeBias
[2019-12-09T03:52:16.436+0000][1][safepoint    ] Leaving safepoint region
[2019-12-09T03:52:16.436+0000][1][safepoint    ] Total time for which application threads were stopped: 0.0120884 seconds, Stopping threads took: 0.0119786 seconds
[2019-12-09T03:52:16.464+0000][1][safepoint    ] Application time: 0.0280302 seconds
[2019-12-09T03:52:16.476+0000][1][safepoint    ] Entering safepoint region: RevokeBias
[2019-12-09T03:52:16.476+0000][1][safepoint    ] Leaving safepoint region
[2019-12-09T03:52:16.476+0000][1][safepoint    ] Total time for which application threads were stopped: 0.0121861 seconds, Stopping threads took: 0.0119670 seconds
[2019-12-09T03:52:16.476+0000][1][safepoint    ] Application time: 0.0001197 seconds
[2019-12-09T03:52:16.476+0000][1][safepoint    ] Entering safepoint region: RevokeBias
[2019-12-09T03:52:16.476+0000][1][safepoint    ] Leaving safepoint region
[2019-12-09T03:52:16.476+0000][1][safepoint    ] Total time for which application threads were stopped: 0.0001796 seconds, Stopping threads took: 0.0000178 seconds
[2019-12-09T03:52:16.654+0000][1][safepoint    ] Application time: 0.1775542 seconds
[2019-12-09T03:52:16.670+0000][1][safepoint    ] Entering safepoint region: BulkRevokeBias
[2019-12-09T03:52:16.670+0000][1][safepoint    ] Leaving safepoint region
[2019-12-09T03:52:16.670+0000][1][safepoint    ] Total time for which application threads were stopped: 0.0164304 seconds, Stopping threads took: 0.0158243 seconds
[2019-12-09T03:52:17.107+0000][1][safepoint    ] Application time: 0.4362790 seconds
[2019-12-09T03:52:17.116+0000][1][safepoint    ] Entering safepoint region: RevokeBias
[2019-12-09T03:52:17.116+0000][1][safepoint    ] Leaving safepoint region
[2019-12-09T03:52:17.116+0000][1][safepoint    ] Total time for which application threads were stopped: 0.0091419 seconds, Stopping threads took: 0.0089844 seconds
[2019-12-09T03:52:17.227+0000][1][safepoint    ] Application time: 0.1111448 seconds
[2019-12-09T03:52:17.227+0000][1][safepoint    ] Entering safepoint region: RevokeBias
[2019-12-09T03:52:17.227+0000][1][safepoint    ] Leaving safepoint region
[2019-12-09T03:52:17.227+0000][1][safepoint    ] Total time for which application threads were stopped: 0.0001438 seconds, Stopping threads took: 0.0000224 seconds
[2019-12-09T03:52:17.334+0000][1][safepoint    ] Application time: 0.1068208 seconds
[2019-12-09T03:52:17.334+0000][1][safepoint    ] Entering safepoint region: RevokeBias
[2019-12-09T03:52:17.334+0000][1][safepoint    ] Leaving safepoint region
[2019-12-09T03:52:17.334+0000][1][safepoint    ] Total time for which application threads were stopped: 0.0001476 seconds, Stopping threads took: 0.0000233 seconds
[2019-12-09T03:52:17.336+0000][1][safepoint    ] Application time: 0.0014624 seconds
[2019-12-09T03:52:17.339+0000][1][safepoint    ] Entering safepoint region: RevokeBias
[2019-12-09T03:52:17.339+0000][1][safepoint    ] Leaving safepoint region
[2019-12-09T03:52:17.339+0000][1][safepoint    ] Total time for which application threads were stopped: 0.0031063 seconds, Stopping threads took: 0.0030090 seconds
[2019-12-09T03:52:17.343+0000][1][safepoint    ] Application time: 0.0044585 seconds
[2019-12-09T03:52:17.343+0000][1][safepoint    ] Entering safepoint region: RevokeBias
[2019-12-09T03:52:17.343+0000][1][safepoint    ] Leaving safepoint region
[2019-12-09T03:52:17.343+0000][1][safepoint    ] Total time for which application threads were stopped: 0.0001168 seconds, Stopping threads took: 0.0000165 seconds
[2019-12-09T03:52:17.344+0000][1][safepoint    ] Application time: 0.0000688 seconds
[2019-12-09T03:52:17.344+0000][1][safepoint    ] Entering safepoint region: RevokeBias
[2019-12-09T03:52:17.344+0000][1][safepoint    ] Leaving safepoint region
[2019-12-09T03:52:17.344+0000][1][safepoint    ] Total time for which application threads were stopped: 0.0000821 seconds, Stopping threads took: 0.0000106 seconds
[2019-12-09T03:52:17.677+0000][1][safepoint    ] Application time: 0.3338348 seconds
[2019-12-09T03:52:17.677+0000][1][safepoint    ] Entering safepoint region: RevokeBias
[2019-12-09T03:52:17.678+0000][1][safepoint    ] Leaving safepoint region
[2019-12-09T03:52:17.678+0000][1][safepoint    ] Total time for which application threads were stopped: 0.0001435 seconds, Stopping threads took: 0.0000223 seconds
[2019-12-09T03:52:17.680+0000][1][safepoint    ] Application time: 0.0023044 seconds
[2019-12-09T03:52:17.680+0000][1][safepoint    ] Entering safepoint region: GenCollectForAllocation
[2019-12-09T03:52:17.680+0000][1][gc,start     ] GC(40) Pause Young (Allocation Failure)
[2019-12-09T03:52:17.680+0000][1][gc,task      ] GC(40) Using 2 workers of 2 for evacuation
[2019-12-09T03:52:17.690+0000][1][gc,age       ] GC(40) Desired survivor size 4456448 bytes, new threshold 6 (max threshold 6)
[2019-12-09T03:52:17.690+0000][1][gc,age       ] GC(40) Age table with threshold 6 (max threshold 6)
[2019-12-09T03:52:17.690+0000][1][gc,age       ] GC(40) - age   1:    3487880 bytes,    3487880 total
[2019-12-09T03:52:17.690+0000][1][gc,age       ] GC(40) - age   2:      17672 bytes,    3505552 total
[2019-12-09T03:52:17.690+0000][1][gc,age       ] GC(40) - age   3:      81224 bytes,    3586776 total
[2019-12-09T03:52:17.690+0000][1][gc,age       ] GC(40) - age   4:      88760 bytes,    3675536 total
[2019-12-09T03:52:17.690+0000][1][gc,age       ] GC(40) - age   5:      65568 bytes,    3741104 total
[2019-12-09T03:52:17.690+0000][1][gc,age       ] GC(40) - age   6:      74024 bytes,    3815128 total
[2019-12-09T03:52:17.690+0000][1][gc,heap      ] GC(40) ParNew: 73751K->5584K(78656K)
[2019-12-09T03:52:17.690+0000][1][gc,heap      ] GC(40) CMS: 75249K->75315K(174784K)
[2019-12-09T03:52:17.690+0000][1][gc,metaspace ] GC(40) Metaspace: 79301K->79301K(1122304K)
[2019-12-09T03:52:17.690+0000][1][gc           ] GC(40) Pause Young (Allocation Failure) 145M->79M(247M) 10.107ms
[2019-12-09T03:52:17.690+0000][1][gc,cpu       ] GC(40) User=0.01s Sys=0.00s Real=0.01s
[2019-12-09T03:52:17.690+0000][1][safepoint    ] Leaving safepoint region
[2019-12-09T03:52:17.690+0000][1][safepoint    ] Total time for which application threads were stopped: 0.0102821 seconds, Stopping threads took: 0.0000170 seconds
[2019-12-09T03:52:17.749+0000][1][safepoint    ] Application time: 0.0584665 seconds
[2019-12-09T03:52:17.749+0000][1][safepoint    ] Entering safepoint region: RevokeBias
[2019-12-09T03:52:17.749+0000][1][safepoint    ] Leaving safepoint region
[2019-12-09T03:52:17.749+0000][1][safepoint    ] Total time for which application threads were stopped: 0.0001422 seconds, Stopping threads took: 0.0000192 seconds
[2019-12-09T03:52:17.749+0000][1][safepoint    ] Application time: 0.0001767 seconds
[2019-12-09T03:52:17.749+0000][1][safepoint    ] Entering safepoint region: RevokeBias
[2019-12-09T03:52:17.749+0000][1][safepoint    ] Leaving safepoint region
[2019-12-09T03:52:17.749+0000][1][safepoint    ] Total time for which application threads were stopped: 0.0000963 seconds, Stopping threads took: 0.0000146 seconds
[2019-12-09T03:52:17.749+0000][1][safepoint    ] Application time: 0.0000901 seconds
[2019-12-09T03:52:17.749+0000][1][safepoint    ] Entering safepoint region: RevokeBias
[2019-12-09T03:52:17.749+0000][1][safepoint    ] Leaving safepoint region
[2019-12-09T03:52:17.749+0000][1][safepoint    ] Total time for which application threads were stopped: 0.0000814 seconds, Stopping threads took: 0.0000114 seconds
[2019-12-09T03:52:17.837+0000][1][safepoint    ] Application time: 0.0872105 seconds
[2019-12-09T03:52:17.837+0000][1][safepoint    ] Entering safepoint region: RevokeBias
[2019-12-09T03:52:17.837+0000][1][safepoint    ] Leaving safepoint region
[2019-12-09T03:52:17.837+0000][1][safepoint    ] Total time for which application threads were stopped: 0.0001437 seconds, Stopping threads took: 0.0000204 seconds
[2019-12-09T03:52:17.948+0000][1][safepoint    ] Application time: 0.1113653 seconds
[2019-12-09T03:52:17.948+0000][1][safepoint    ] Entering safepoint region: RevokeBias
[2019-12-09T03:52:17.948+0000][1][safepoint    ] Leaving safepoint region
[2019-12-09T03:52:17.948+0000][1][safepoint    ] Total time for which application threads were stopped: 0.0001462 seconds, Stopping threads took: 0.0000195 seconds
[2019-12-09T03:52:18.518+0000][1][safepoint    ] Application time: 0.5698839 seconds
[2019-12-09T03:52:18.518+0000][1][safepoint    ] Entering safepoint region: RevokeBias
[2019-12-09T03:52:18.518+0000][1][safepoint    ] Leaving safepoint region
[2019-12-09T03:52:18.518+0000][1][safepoint    ] Total time for which application threads were stopped: 0.0001547 seconds, Stopping threads took: 0.0000235 seconds
[2019-12-09T03:52:18.618+0000][1][safepoint    ] Application time: 0.0992477 seconds
[2019-12-09T03:52:18.618+0000][1][safepoint    ] Entering safepoint region: RevokeBias
[2019-12-09T03:52:18.618+0000][1][safepoint    ] Leaving safepoint region
[2019-12-09T03:52:18.618+0000][1][safepoint    ] Total time for which application threads were stopped: 0.0001825 seconds, Stopping threads took: 0.0000406 seconds
[2019-12-09T03:52:18.628+0000][1][safepoint    ] Application time: 0.0105364 seconds
[2019-12-09T03:52:18.628+0000][1][safepoint    ] Entering safepoint region: RevokeBias
[2019-12-09T03:52:18.629+0000][1][safepoint    ] Leaving safepoint region
[2019-12-09T03:52:18.629+0000][1][safepoint    ] Total time for which application threads were stopped: 0.0001261 seconds, Stopping threads took: 0.0000192 seconds
[2019-12-09T03:52:18.641+0000][1][safepoint    ] Application time: 0.0124194 seconds
[2019-12-09T03:52:18.641+0000][1][safepoint    ] Entering safepoint region: RevokeBias
[2019-12-09T03:52:18.641+0000][1][safepoint    ] Leaving safepoint region
[2019-12-09T03:52:18.641+0000][1][safepoint    ] Total time for which application threads were stopped: 0.0001295 seconds, Stopping threads took: 0.0000190 seconds
[2019-12-09T03:52:18.641+0000][1][safepoint    ] Application time: 0.0000641 seconds
[2019-12-09T03:52:18.641+0000][1][safepoint    ] Entering safepoint region: BulkRevokeBias
[2019-12-09T03:52:18.642+0000][1][safepoint    ] Leaving safepoint region
[2019-12-09T03:52:18.642+0000][1][safepoint    ] Total time for which application threads were stopped: 0.0005620 seconds, Stopping threads took: 0.0000110 seconds
[2019-12-09T03:52:18.873+0000][1][safepoint    ] Application time: 0.2315633 seconds
[2019-12-09T03:52:18.873+0000][1][safepoint    ] Entering safepoint region: RevokeBias
[2019-12-09T03:52:18.873+0000][1][safepoint    ] Leaving safepoint region
[2019-12-09T03:52:18.874+0000][1][safepoint    ] Total time for which application threads were stopped: 0.0001295 seconds, Stopping threads took: 0.0000219 seconds
[2019-12-09T03:52:18.876+0000][1][safepoint    ] Application time: 0.0021578 seconds
[2019-12-09T03:52:18.876+0000][1][safepoint    ] Entering safepoint region: GenCollectForAllocation
[2019-12-09T03:52:18.876+0000][1][gc,start     ] GC(41) Pause Young (Allocation Failure)
[2019-12-09T03:52:18.876+0000][1][gc,task      ] GC(41) Using 2 workers of 2 for evacuation
[2019-12-09T03:52:18.881+0000][1][gc,age       ] GC(41) Desired survivor size 4456448 bytes, new threshold 6 (max threshold 6)
[2019-12-09T03:52:18.881+0000][1][gc,age       ] GC(41) Age table with threshold 6 (max threshold 6)
[2019-12-09T03:52:18.881+0000][1][gc,age       ] GC(41) - age   1:    3530344 bytes,    3530344 total
[2019-12-09T03:52:18.881+0000][1][gc,age       ] GC(41) - age   2:      85752 bytes,    3616096 total
[2019-12-09T03:52:18.881+0000][1][gc,age       ] GC(41) - age   3:      16824 bytes,    3632920 total
[2019-12-09T03:52:18.881+0000][1][gc,age       ] GC(41) - age   4:      79760 bytes,    3712680 total
[2019-12-09T03:52:18.881+0000][1][gc,age       ] GC(41) - age   5:      23384 bytes,    3736064 total
[2019-12-09T03:52:18.881+0000][1][gc,age       ] GC(41) - age   6:      64984 bytes,    3801048 total
[2019-12-09T03:52:18.881+0000][1][gc,heap      ] GC(41) ParNew: 75536K->5029K(78656K)
[2019-12-09T03:52:18.881+0000][1][gc,heap      ] GC(41) CMS: 75315K->75327K(174784K)
[2019-12-09T03:52:18.881+0000][1][gc,metaspace ] GC(41) Metaspace: 79333K->79333K(1122304K)
[2019-12-09T03:52:18.881+0000][1][gc           ] GC(41) Pause Young (Allocation Failure) 147M->78M(247M) 5.114ms
[2019-12-09T03:52:18.881+0000][1][gc,cpu       ] GC(41) User=0.01s Sys=0.00s Real=0.00s
[2019-12-09T03:52:18.881+0000][1][safepoint    ] Leaving safepoint region
[2019-12-09T03:52:18.881+0000][1][safepoint    ] Total time for which application threads were stopped: 0.0052925 seconds, Stopping threads took: 0.0000166 seconds
[2019-12-09T03:52:18.930+0000][1][safepoint    ] Application time: 0.0494038 seconds
[2019-12-09T03:52:18.930+0000][1][safepoint    ] Entering safepoint region: RevokeBias
[2019-12-09T03:52:18.931+0000][1][safepoint    ] Leaving safepoint region
[2019-12-09T03:52:18.931+0000][1][safepoint    ] Total time for which application threads were stopped: 0.0001359 seconds, Stopping threads took: 0.0000203 seconds
[2019-12-09T03:52:18.931+0000][1][safepoint    ] Application time: 0.0001621 seconds
[2019-12-09T03:52:18.931+0000][1][safepoint    ] Entering safepoint region: RevokeBias
[2019-12-09T03:52:18.931+0000][1][safepoint    ] Leaving safepoint region
[2019-12-09T03:52:18.931+0000][1][safepoint    ] Total time for which application threads were stopped: 0.0000920 seconds, Stopping threads took: 0.0000131 seconds
[2019-12-09T03:52:18.931+0000][1][safepoint    ] Application time: 0.0000875 seconds
[2019-12-09T03:52:18.931+0000][1][safepoint    ] Entering safepoint region: RevokeBias
[2019-12-09T03:52:18.931+0000][1][safepoint    ] Leaving safepoint region
[2019-12-09T03:52:18.931+0000][1][safepoint    ] Total time for which application threads were stopped: 0.0000729 seconds, Stopping threads took: 0.0000101 seconds
[2019-12-09T03:52:18.931+0000][1][safepoint    ] Application time: 0.0000743 seconds
[2019-12-09T03:52:18.931+0000][1][safepoint    ] Entering safepoint region: RevokeBias
[2019-12-09T03:52:18.931+0000][1][safepoint    ] Leaving safepoint region
[2019-12-09T03:52:18.931+0000][1][safepoint    ] Total time for which application threads were stopped: 0.0000681 seconds, Stopping threads took: 0.0000098 seconds
[2019-12-09T03:52:19.097+0000][1][safepoint    ] Application time: 0.1659177 seconds
[2019-12-09T03:52:19.097+0000][1][safepoint    ] Entering safepoint region: RevokeBias
[2019-12-09T03:52:19.097+0000][1][safepoint    ] Leaving safepoint region
[2019-12-09T03:52:19.097+0000][1][safepoint    ] Total time for which application threads were stopped: 0.0001569 seconds, Stopping threads took: 0.0000237 seconds
[2019-12-09T03:52:19.588+0000][1][safepoint    ] Application time: 0.4911623 seconds
[2019-12-09T03:52:19.589+0000][1][safepoint    ] Entering safepoint region: RevokeBias
[2019-12-09T03:52:19.589+0000][1][safepoint    ] Leaving safepoint region
[2019-12-09T03:52:19.589+0000][1][safepoint    ] Total time for which application threads were stopped: 0.0001532 seconds, Stopping threads took: 0.0000238 seconds
[2019-12-09T03:52:19.711+0000][1][safepoint    ] Application time: 0.1221656 seconds
[2019-12-09T03:52:19.711+0000][1][safepoint    ] Entering safepoint region: RevokeBias
[2019-12-09T03:52:19.711+0000][1][safepoint    ] Leaving safepoint region
[2019-12-09T03:52:19.711+0000][1][safepoint    ] Total time for which application threads were stopped: 0.0001458 seconds, Stopping threads took: 0.0000220 seconds
[2019-12-09T03:52:19.712+0000][1][safepoint    ] Application time: 0.0012099 seconds
[2019-12-09T03:52:19.712+0000][1][safepoint    ] Entering safepoint region: RevokeBias
[2019-12-09T03:52:19.712+0000][1][safepoint    ] Leaving safepoint region
[2019-12-09T03:52:19.712+0000][1][safepoint    ] Total time for which application threads were stopped: 0.0001094 seconds, Stopping threads took: 0.0000177 seconds
[2019-12-09T03:52:19.735+0000][1][safepoint    ] Application time: 0.0226276 seconds
[2019-12-09T03:52:19.735+0000][1][safepoint    ] Entering safepoint region: RevokeBias
[2019-12-09T03:52:19.735+0000][1][safepoint    ] Leaving safepoint region
[2019-12-09T03:52:19.735+0000][1][safepoint    ] Total time for which application threads were stopped: 0.0001179 seconds, Stopping threads took: 0.0000177 seconds
[2019-12-09T03:52:19.735+0000][1][safepoint    ] Application time: 0.0000624 seconds
[2019-12-09T03:52:19.735+0000][1][safepoint    ] Entering safepoint region: RevokeBias
[2019-12-09T03:52:19.735+0000][1][safepoint    ] Leaving safepoint region
[2019-12-09T03:52:19.735+0000][1][safepoint    ] Total time for which application threads were stopped: 0.0000701 seconds, Stopping threads took: 0.0000100 seconds
[2019-12-09T03:52:20.047+0000][1][safepoint    ] Application time: 0.3120049 seconds
[2019-12-09T03:52:20.047+0000][1][safepoint    ] Entering safepoint region: RevokeBias
[2019-12-09T03:52:20.048+0000][1][safepoint    ] Leaving safepoint region
[2019-12-09T03:52:20.048+0000][1][safepoint    ] Total time for which application threads were stopped: 0.0001421 seconds, Stopping threads took: 0.0000220 seconds
[2019-12-09T03:52:20.052+0000][1][safepoint    ] Application time: 0.0044281 seconds
[2019-12-09T03:52:20.052+0000][1][safepoint    ] Entering safepoint region: GenCollectForAllocation
[2019-12-09T03:52:20.052+0000][1][gc,start     ] GC(42) Pause Young (Allocation Failure)
[2019-12-09T03:52:20.052+0000][1][gc,task      ] GC(42) Using 2 workers of 2 for evacuation
[2019-12-09T03:52:20.059+0000][1][gc,age       ] GC(42) Desired survivor size 4456448 bytes, new threshold 6 (max threshold 6)
[2019-12-09T03:52:20.059+0000][1][gc,age       ] GC(42) Age table with threshold 6 (max threshold 6)
[2019-12-09T03:52:20.059+0000][1][gc,age       ] GC(42) - age   1:    3457552 bytes,    3457552 total
[2019-12-09T03:52:20.059+0000][1][gc,age       ] GC(42) - age   2:     134584 bytes,    3592136 total
[2019-12-09T03:52:20.059+0000][1][gc,age       ] GC(42) - age   3:      84568 bytes,    3676704 total
[2019-12-09T03:52:20.059+0000][1][gc,age       ] GC(42) - age   4:      16416 bytes,    3693120 total
[2019-12-09T03:52:20.059+0000][1][gc,age       ] GC(42) - age   5:      79760 bytes,    3772880 total
[2019-12-09T03:52:20.059+0000][1][gc,age       ] GC(42) - age   6:      23104 bytes,    3795984 total
[2019-12-09T03:52:20.059+0000][1][gc,heap      ] GC(42) ParNew: 74718K->7244K(78656K)
[2019-12-09T03:52:20.059+0000][1][gc,heap      ] GC(42) CMS: 75327K->75391K(174784K)
[2019-12-09T03:52:20.059+0000][1][gc,metaspace ] GC(42) Metaspace: 79376K->79376K(1122304K)
[2019-12-09T03:52:20.059+0000][1][gc           ] GC(42) Pause Young (Allocation Failure) 146M->80M(247M) 6.980ms
[2019-12-09T03:52:20.059+0000][1][gc,cpu       ] GC(42) User=0.01s Sys=0.00s Real=0.01s
[2019-12-09T03:52:20.059+0000][1][safepoint    ] Leaving safepoint region
[2019-12-09T03:52:20.059+0000][1][safepoint    ] Total time for which application threads were stopped: 0.0071746 seconds, Stopping threads took: 0.0000167 seconds
[2019-12-09T03:52:20.102+0000][1][safepoint    ] Application time: 0.0425521 seconds
[2019-12-09T03:52:20.102+0000][1][safepoint    ] Entering safepoint region: RevokeBias
[2019-12-09T03:52:20.102+0000][1][safepoint    ] Leaving safepoint region
[2019-12-09T03:52:20.102+0000][1][safepoint    ] Total time for which application threads were stopped: 0.0001661 seconds, Stopping threads took: 0.0000488 seconds
[2019-12-09T03:52:20.104+0000][1][safepoint    ] Application time: 0.0019317 seconds
[2019-12-09T03:52:20.104+0000][1][safepoint    ] Entering safepoint region: RevokeBias
[2019-12-09T03:52:20.104+0000][1][safepoint    ] Leaving safepoint region
[2019-12-09T03:52:20.104+0000][1][safepoint    ] Total time for which application threads were stopped: 0.0001041 seconds, Stopping threads took: 0.0000173 seconds
[2019-12-09T03:52:20.104+0000][1][safepoint    ] Application time: 0.0000741 seconds
[2019-12-09T03:52:20.104+0000][1][safepoint    ] Entering safepoint region: RevokeBias
[2019-12-09T03:52:20.104+0000][1][safepoint    ] Leaving safepoint region
[2019-12-09T03:52:20.104+0000][1][safepoint    ] Total time for which application threads were stopped: 0.0000609 seconds, Stopping threads took: 0.0000088 seconds
[2019-12-09T03:52:20.218+0000][1][safepoint    ] Application time: 0.1138614 seconds
[2019-12-09T03:52:20.218+0000][1][safepoint    ] Entering safepoint region: RevokeBias
[2019-12-09T03:52:20.218+0000][1][safepoint    ] Leaving safepoint region
[2019-12-09T03:52:20.218+0000][1][safepoint    ] Total time for which application threads were stopped: 0.0001972 seconds, Stopping threads took: 0.0000249 seconds
[2019-12-09T03:52:20.834+0000][1][safepoint    ] Application time: 0.6158105 seconds
[2019-12-09T03:52:20.834+0000][1][safepoint    ] Entering safepoint region: RevokeBias
[2019-12-09T03:52:20.834+0000][1][safepoint    ] Leaving safepoint region
[2019-12-09T03:52:20.834+0000][1][safepoint    ] Total time for which application threads were stopped: 0.0001256 seconds, Stopping threads took: 0.0000212 seconds
[2019-12-09T03:52:20.973+0000][1][safepoint    ] Application time: 0.1385576 seconds
[2019-12-09T03:52:20.973+0000][1][safepoint    ] Entering safepoint region: RevokeBias
[2019-12-09T03:52:20.973+0000][1][safepoint    ] Leaving safepoint region
[2019-12-09T03:52:20.973+0000][1][safepoint    ] Total time for which application threads were stopped: 0.0001541 seconds, Stopping threads took: 0.0000237 seconds
[2019-12-09T03:52:20.974+0000][1][safepoint    ] Application time: 0.0010558 seconds
[2019-12-09T03:52:20.974+0000][1][safepoint    ] Entering safepoint region: RevokeBias
[2019-12-09T03:52:20.974+0000][1][safepoint    ] Leaving safepoint region
[2019-12-09T03:52:20.974+0000][1][safepoint    ] Total time for which application threads were stopped: 0.0001081 seconds, Stopping threads took: 0.0000165 seconds
[2019-12-09T03:52:20.974+0000][1][safepoint    ] Application time: 0.0000666 seconds
[2019-12-09T03:52:20.974+0000][1][safepoint    ] Entering safepoint region: RevokeBias
[2019-12-09T03:52:20.974+0000][1][safepoint    ] Leaving safepoint region
[2019-12-09T03:52:20.974+0000][1][safepoint    ] Total time for which application threads were stopped: 0.0000771 seconds, Stopping threads took: 0.0000105 seconds
[2019-12-09T03:52:20.974+0000][1][safepoint    ] Application time: 0.0000424 seconds
[2019-12-09T03:52:20.974+0000][1][safepoint    ] Entering safepoint region: RevokeBias
[2019-12-09T03:52:20.974+0000][1][safepoint    ] Leaving safepoint region
[2019-12-09T03:52:20.974+0000][1][safepoint    ] Total time for which application threads were stopped: 0.0000736 seconds, Stopping threads took: 0.0000098 seconds
[2019-12-09T03:52:21.211+0000][1][safepoint    ] Application time: 0.2362787 seconds
[2019-12-09T03:52:21.211+0000][1][safepoint    ] Entering safepoint region: RevokeBias
[2019-12-09T03:52:21.211+0000][1][safepoint    ] Leaving safepoint region
[2019-12-09T03:52:21.211+0000][1][safepoint    ] Total time for which application threads were stopped: 0.0001386 seconds, Stopping threads took: 0.0000231 seconds
[2019-12-09T03:52:21.219+0000][1][safepoint    ] Application time: 0.0077498 seconds
[2019-12-09T03:52:21.219+0000][1][safepoint    ] Entering safepoint region: GenCollectForAllocation
[2019-12-09T03:52:21.219+0000][1][gc,start     ] GC(43) Pause Young (Allocation Failure)
[2019-12-09T03:52:21.219+0000][1][gc,task      ] GC(43) Using 2 workers of 2 for evacuation
[2019-12-09T03:52:21.224+0000][1][gc,age       ] GC(43) Desired survivor size 4456448 bytes, new threshold 6 (max threshold 6)
[2019-12-09T03:52:21.224+0000][1][gc,age       ] GC(43) Age table with threshold 6 (max threshold 6)
[2019-12-09T03:52:21.224+0000][1][gc,age       ] GC(43) - age   1:    3511240 bytes,    3511240 total
[2019-12-09T03:52:21.224+0000][1][gc,age       ] GC(43) - age   2:      65696 bytes,    3576936 total
[2019-12-09T03:52:21.224+0000][1][gc,age       ] GC(43) - age   3:     132616 bytes,    3709552 total
[2019-12-09T03:52:21.224+0000][1][gc,age       ] GC(43) - age   4:      84536 bytes,    3794088 total
[2019-12-09T03:52:21.224+0000][1][gc,age       ] GC(43) - age   5:      16416 bytes,    3810504 total
[2019-12-09T03:52:21.224+0000][1][gc,age       ] GC(43) - age   6:      79760 bytes,    3890264 total
[2019-12-09T03:52:21.224+0000][1][gc,heap      ] GC(43) ParNew: 76941K->4591K(78656K)
[2019-12-09T03:52:21.224+0000][1][gc,heap      ] GC(43) CMS: 75391K->75417K(174784K)
[2019-12-09T03:52:21.224+0000][1][gc,metaspace ] GC(43) Metaspace: 79393K->79393K(1122304K)
[2019-12-09T03:52:21.224+0000][1][gc           ] GC(43) Pause Young (Allocation Failure) 148M->78M(247M) 4.898ms
[2019-12-09T03:52:21.224+0000][1][gc,cpu       ] GC(43) User=0.01s Sys=0.00s Real=0.00s
[2019-12-09T03:52:21.224+0000][1][safepoint    ] Leaving safepoint region
[2019-12-09T03:52:21.224+0000][1][safepoint    ] Total time for which application threads were stopped: 0.0050971 seconds, Stopping threads took: 0.0000201 seconds
[2019-12-09T03:52:21.311+0000][1][safepoint    ] Application time: 0.0868535 seconds
[2019-12-09T03:52:21.311+0000][1][safepoint    ] Entering safepoint region: RevokeBias
[2019-12-09T03:52:21.311+0000][1][safepoint    ] Leaving safepoint region
[2019-12-09T03:52:21.311+0000][1][safepoint    ] Total time for which application threads were stopped: 0.0001707 seconds, Stopping threads took: 0.0000225 seconds
[2019-12-09T03:52:21.312+0000][1][safepoint    ] Application time: 0.0010811 seconds
[2019-12-09T03:52:21.312+0000][1][safepoint    ] Entering safepoint region: RevokeBias
[2019-12-09T03:52:21.312+0000][1][safepoint    ] Leaving safepoint region
[2019-12-09T03:52:21.312+0000][1][safepoint    ] Total time for which application threads were stopped: 0.0001115 seconds, Stopping threads took: 0.0000185 seconds
[2019-12-09T03:52:21.312+0000][1][safepoint    ] Application time: 0.0000960 seconds
[2019-12-09T03:52:21.312+0000][1][safepoint    ] Entering safepoint region: RevokeBias
[2019-12-09T03:52:21.312+0000][1][safepoint    ] Leaving safepoint region
[2019-12-09T03:52:21.312+0000][1][safepoint    ] Total time for which application threads were stopped: 0.0000867 seconds, Stopping threads took: 0.0000118 seconds
[2019-12-09T03:52:21.361+0000][1][safepoint    ] Application time: 0.0487025 seconds
[2019-12-09T03:52:21.399+0000][1][safepoint    ] Entering safepoint region: RevokeBias
[2019-12-09T03:52:21.399+0000][1][safepoint    ] Leaving safepoint region
[2019-12-09T03:52:21.399+0000][1][safepoint    ] Total time for which application threads were stopped: 0.0378464 seconds, Stopping threads took: 0.0377181 seconds
[2019-12-09T03:52:21.535+0000][1][safepoint    ] Application time: 0.1361008 seconds
[2019-12-09T03:52:21.535+0000][1][safepoint    ] Entering safepoint region: RevokeBias
[2019-12-09T03:52:21.535+0000][1][safepoint    ] Leaving safepoint region
[2019-12-09T03:52:21.535+0000][1][safepoint    ] Total time for which application threads were stopped: 0.0001547 seconds, Stopping threads took: 0.0000249 seconds
[2019-12-09T03:52:22.461+0000][1][safepoint    ] Application time: 0.9261904 seconds
[2019-12-09T03:52:22.461+0000][1][safepoint    ] Entering safepoint region: RevokeBias
[2019-12-09T03:52:22.462+0000][1][safepoint    ] Leaving safepoint region
[2019-12-09T03:52:22.462+0000][1][safepoint    ] Total time for which application threads were stopped: 0.0001759 seconds, Stopping threads took: 0.0000230 seconds
[2019-12-09T03:52:22.507+0000][1][safepoint    ] Application time: 0.0450079 seconds
[2019-12-09T03:52:22.513+0000][1][safepoint    ] Entering safepoint region: RevokeBias
[2019-12-09T03:52:22.513+0000][1][safepoint    ] Leaving safepoint region
[2019-12-09T03:52:22.513+0000][1][safepoint    ] Total time for which application threads were stopped: 0.0062251 seconds, Stopping threads took: 0.0060868 seconds
[2019-12-09T03:52:22.513+0000][1][safepoint    ] Application time: 0.0001044 seconds
[2019-12-09T03:52:22.513+0000][1][safepoint    ] Entering safepoint region: RevokeBias
[2019-12-09T03:52:22.513+0000][1][safepoint    ] Leaving safepoint region
[2019-12-09T03:52:22.513+0000][1][safepoint    ] Total time for which application threads were stopped: 0.0000786 seconds, Stopping threads took: 0.0000128 seconds
[2019-12-09T03:52:22.513+0000][1][safepoint    ] Application time: 0.0001347 seconds
[2019-12-09T03:52:22.513+0000][1][safepoint    ] Entering safepoint region: RevokeBias
[2019-12-09T03:52:22.513+0000][1][safepoint    ] Leaving safepoint region
[2019-12-09T03:52:22.513+0000][1][safepoint    ] Total time for which application threads were stopped: 0.0000986 seconds, Stopping threads took: 0.0000141 seconds
[2019-12-09T03:52:22.513+0000][1][safepoint    ] Application time: 0.0000831 seconds
[2019-12-09T03:52:22.513+0000][1][safepoint    ] Entering safepoint region: RevokeBias
[2019-12-09T03:52:22.513+0000][1][safepoint    ] Leaving safepoint region
[2019-12-09T03:52:22.514+0000][1][safepoint    ] Total time for which application threads were stopped: 0.0000781 seconds, Stopping threads took: 0.0000110 seconds
[2019-12-09T03:52:23.515+0000][1][safepoint    ] Application time: 1.0012301 seconds
[2019-12-09T03:52:23.515+0000][1][safepoint    ] Entering safepoint region: Cleanup
[2019-12-09T03:52:23.515+0000][1][safepoint    ] Leaving safepoint region
[2019-12-09T03:52:23.515+0000][1][safepoint    ] Total time for which application threads were stopped: 0.0001527 seconds, Stopping threads took: 0.0000276 seconds
[2019-12-09T03:52:24.515+0000][1][safepoint    ] Application time: 1.0000761 seconds
[2019-12-09T03:52:24.515+0000][1][safepoint    ] Entering safepoint region: Cleanup
[2019-12-09T03:52:24.515+0000][1][safepoint    ] Leaving safepoint region
[2019-12-09T03:52:24.515+0000][1][safepoint    ] Total time for which application threads were stopped: 0.0000887 seconds, Stopping threads took: 0.0000195 seconds
[2019-12-09T03:52:25.515+0000][1][safepoint    ] Application time: 1.0000749 seconds
[2019-12-09T03:52:25.515+0000][1][safepoint    ] Entering safepoint region: Cleanup
[2019-12-09T03:52:25.515+0000][1][safepoint    ] Leaving safepoint region
[2019-12-09T03:52:25.515+0000][1][safepoint    ] Total time for which application threads were stopped: 0.0000969 seconds, Stopping threads took: 0.0000205 seconds
[2019-12-09T03:52:26.515+0000][1][safepoint    ] Application time: 1.0000789 seconds
[2019-12-09T03:52:26.516+0000][1][safepoint    ] Entering safepoint region: Cleanup
[2019-12-09T03:52:26.516+0000][1][safepoint    ] Leaving safepoint region
[2019-12-09T03:52:26.516+0000][1][safepoint    ] Total time for which application threads were stopped: 0.0000981 seconds, Stopping threads took: 0.0000200 seconds
[2019-12-09T03:52:26.526+0000][1][safepoint    ] Application time: 0.0102487 seconds
[2019-12-09T03:52:26.526+0000][1][safepoint    ] Entering safepoint region: GenCollectForAllocation
[2019-12-09T03:52:26.526+0000][1][gc,start     ] GC(44) Pause Young (Allocation Failure)
[2019-12-09T03:52:26.526+0000][1][gc,task      ] GC(44) Using 2 workers of 2 for evacuation
[2019-12-09T03:52:26.529+0000][1][gc,age       ] GC(44) Desired survivor size 4456448 bytes, new threshold 6 (max threshold 6)
[2019-12-09T03:52:26.529+0000][1][gc,age       ] GC(44) Age table with threshold 6 (max threshold 6)
[2019-12-09T03:52:26.529+0000][1][gc,age       ] GC(44) - age   1:     153368 bytes,     153368 total
[2019-12-09T03:52:26.529+0000][1][gc,age       ] GC(44) - age   2:      66584 bytes,     219952 total
[2019-12-09T03:52:26.529+0000][1][gc,age       ] GC(44) - age   3:      64240 bytes,     284192 total
[2019-12-09T03:52:26.529+0000][1][gc,age       ] GC(44) - age   4:     132616 bytes,     416808 total
[2019-12-09T03:52:26.529+0000][1][gc,age       ] GC(44) - age   5:      83920 bytes,     500728 total
[2019-12-09T03:52:26.529+0000][1][gc,age       ] GC(44) - age   6:      16416 bytes,     517144 total
[2019-12-09T03:52:26.529+0000][1][gc,heap      ] GC(44) ParNew: 74543K->3423K(78656K)
[2019-12-09T03:52:26.529+0000][1][gc,heap      ] GC(44) CMS: 75417K->75495K(174784K)
[2019-12-09T03:52:26.529+0000][1][gc,metaspace ] GC(44) Metaspace: 79415K->79415K(1122304K)
[2019-12-09T03:52:26.529+0000][1][gc           ] GC(44) Pause Young (Allocation Failure) 146M->77M(247M) 3.107ms
[2019-12-09T03:52:26.529+0000][1][gc,cpu       ] GC(44) User=0.01s Sys=0.00s Real=0.00s
[2019-12-09T03:52:26.529+0000][1][safepoint    ] Leaving safepoint region
[2019-12-09T03:52:26.529+0000][1][safepoint    ] Total time for which application threads were stopped: 0.0032528 seconds, Stopping threads took: 0.0000155 seconds
[2019-12-09T03:52:27.529+0000][1][safepoint    ] Application time: 1.0000860 seconds
[2019-12-09T03:52:27.529+0000][1][safepoint    ] Entering safepoint region: Cleanup
[2019-12-09T03:52:27.529+0000][1][safepoint    ] Leaving safepoint region
[2019-12-09T03:52:27.529+0000][1][safepoint    ] Total time for which application threads were stopped: 0.0000837 seconds, Stopping threads took: 0.0000175 seconds
[2019-12-09T03:52:28.529+0000][1][safepoint    ] Application time: 1.0000763 seconds
[2019-12-09T03:52:28.529+0000][1][safepoint    ] Entering safepoint region: Cleanup
[2019-12-09T03:52:28.530+0000][1][safepoint    ] Leaving safepoint region
[2019-12-09T03:52:28.530+0000][1][safepoint    ] Total time for which application threads were stopped: 0.0001017 seconds, Stopping threads took: 0.0000198 seconds
[2019-12-09T03:52:29.530+0000][1][safepoint    ] Application time: 1.0000766 seconds
[2019-12-09T03:52:29.530+0000][1][safepoint    ] Entering safepoint region: Cleanup
[2019-12-09T03:52:29.530+0000][1][safepoint    ] Leaving safepoint region
[2019-12-09T03:52:29.530+0000][1][safepoint    ] Total time for which application threads were stopped: 0.0000945 seconds, Stopping threads took: 0.0000282 seconds
[2019-12-09T03:52:30.150+0000][1][safepoint    ] Application time: 0.6199385 seconds
[2019-12-09T03:52:30.150+0000][1][safepoint    ] Entering safepoint region: RevokeBias
[2019-12-09T03:52:30.150+0000][1][safepoint    ] Leaving safepoint region
[2019-12-09T03:52:30.150+0000][1][safepoint    ] Total time for which application threads were stopped: 0.0001391 seconds, Stopping threads took: 0.0000374 seconds
[2019-12-09T03:52:30.789+0000][1][safepoint    ] Application time: 0.6392157 seconds
[2019-12-09T03:52:30.789+0000][1][safepoint    ] Entering safepoint region: RevokeBias
[2019-12-09T03:52:30.789+0000][1][safepoint    ] Leaving safepoint region
[2019-12-09T03:52:30.789+0000][1][safepoint    ] Total time for which application threads were stopped: 0.0003479 seconds, Stopping threads took: 0.0002486 seconds
[2019-12-09T03:52:30.790+0000][1][safepoint    ] Application time: 0.0001781 seconds
[2019-12-09T03:52:30.790+0000][1][safepoint    ] Entering safepoint region: RevokeBias
[2019-12-09T03:52:30.790+0000][1][safepoint    ] Leaving safepoint region
[2019-12-09T03:52:30.790+0000][1][safepoint    ] Total time for which application threads were stopped: 0.0001520 seconds, Stopping threads took: 0.0000191 seconds
[2019-12-09T03:52:30.791+0000][1][safepoint    ] Application time: 0.0010011 seconds
[2019-12-09T03:52:30.791+0000][1][safepoint    ] Entering safepoint region: BulkRevokeBias
[2019-12-09T03:52:30.791+0000][1][safepoint    ] Leaving safepoint region
[2019-12-09T03:52:30.791+0000][1][safepoint    ] Total time for which application threads were stopped: 0.0003780 seconds, Stopping threads took: 0.0000152 seconds
[2019-12-09T03:52:30.802+0000][1][safepoint    ] Application time: 0.0104872 seconds
[2019-12-09T03:52:30.802+0000][1][safepoint    ] Entering safepoint region: RevokeBias
[2019-12-09T03:52:30.802+0000][1][safepoint    ] Leaving safepoint region
[2019-12-09T03:52:30.802+0000][1][safepoint    ] Total time for which application threads were stopped: 0.0002043 seconds, Stopping threads took: 0.0000481 seconds
[2019-12-09T03:52:30.802+0000][1][safepoint    ] Application time: 0.0000678 seconds
[2019-12-09T03:52:30.802+0000][1][safepoint    ] Entering safepoint region: RevokeBias
[2019-12-09T03:52:30.802+0000][1][safepoint    ] Leaving safepoint region
[2019-12-09T03:52:30.802+0000][1][safepoint    ] Total time for which application threads were stopped: 0.0001567 seconds, Stopping threads took: 0.0000109 seconds
[2019-12-09T03:52:30.802+0000][1][safepoint    ] Application time: 0.0000501 seconds
[2019-12-09T03:52:30.802+0000][1][safepoint    ] Entering safepoint region: RevokeBias
[2019-12-09T03:52:30.802+0000][1][safepoint    ] Leaving safepoint region
[2019-12-09T03:52:30.802+0000][1][safepoint    ] Total time for which application threads were stopped: 0.0001256 seconds, Stopping threads took: 0.0000093 seconds
[2019-12-09T03:52:30.802+0000][1][safepoint    ] Application time: 0.0000510 seconds
[2019-12-09T03:52:30.802+0000][1][safepoint    ] Entering safepoint region: RevokeBias
[2019-12-09T03:52:30.803+0000][1][safepoint    ] Leaving safepoint region
[2019-12-09T03:52:30.803+0000][1][safepoint    ] Total time for which application threads were stopped: 0.0001163 seconds, Stopping threads took: 0.0000093 seconds
[2019-12-09T03:52:30.803+0000][1][safepoint    ] Application time: 0.0000486 seconds
[2019-12-09T03:52:30.803+0000][1][safepoint    ] Entering safepoint region: RevokeBias
[2019-12-09T03:52:30.803+0000][1][safepoint    ] Leaving safepoint region
[2019-12-09T03:52:30.803+0000][1][safepoint    ] Total time for which application threads were stopped: 0.0001447 seconds, Stopping threads took: 0.0000084 seconds
[2019-12-09T03:52:30.803+0000][1][safepoint    ] Application time: 0.0000641 seconds
[2019-12-09T03:52:30.803+0000][1][safepoint    ] Entering safepoint region: RevokeBias
[2019-12-09T03:52:30.803+0000][1][safepoint    ] Leaving safepoint region
[2019-12-09T03:52:30.803+0000][1][safepoint    ] Total time for which application threads were stopped: 0.0001415 seconds, Stopping threads took: 0.0000097 seconds
[2019-12-09T03:52:30.803+0000][1][safepoint    ] Application time: 0.0000521 seconds
[2019-12-09T03:52:30.803+0000][1][safepoint    ] Entering safepoint region: RevokeBias
[2019-12-09T03:52:30.803+0000][1][safepoint    ] Leaving safepoint region
[2019-12-09T03:52:30.803+0000][1][safepoint    ] Total time for which application threads were stopped: 0.0001161 seconds, Stopping threads took: 0.0000089 seconds
[2019-12-09T03:52:30.806+0000][1][safepoint    ] Application time: 0.0026206 seconds
[2019-12-09T03:52:30.806+0000][1][safepoint    ] Entering safepoint region: RevokeBias
[2019-12-09T03:52:30.806+0000][1][safepoint    ] Leaving safepoint region
[2019-12-09T03:52:30.806+0000][1][safepoint    ] Total time for which application threads were stopped: 0.0001478 seconds, Stopping threads took: 0.0000125 seconds
[2019-12-09T03:52:30.818+0000][1][safepoint    ] Application time: 0.0116409 seconds
[2019-12-09T03:52:30.818+0000][1][safepoint    ] Entering safepoint region: Deoptimize
[2019-12-09T03:52:30.819+0000][1][safepoint    ] Leaving safepoint region
[2019-12-09T03:52:30.819+0000][1][safepoint    ] Total time for which application threads were stopped: 0.0014424 seconds, Stopping threads took: 0.0002014 seconds
[2019-12-09T03:52:30.821+0000][1][safepoint    ] Application time: 0.0021581 seconds
[2019-12-09T03:52:30.821+0000][1][safepoint    ] Entering safepoint region: RevokeBias
[2019-12-09T03:52:30.821+0000][1][safepoint    ] Leaving safepoint region
[2019-12-09T03:52:30.821+0000][1][safepoint    ] Total time for which application threads were stopped: 0.0000857 seconds, Stopping threads took: 0.0000148 seconds
[2019-12-09T03:52:30.876+0000][1][safepoint    ] Application time: 0.0544085 seconds
[2019-12-09T03:52:30.905+0000][1][safepoint    ] Entering safepoint region: RevokeBias
[2019-12-09T03:52:30.906+0000][1][safepoint    ] Leaving safepoint region
[2019-12-09T03:52:30.906+0000][1][safepoint    ] Total time for which application threads were stopped: 0.0297733 seconds, Stopping threads took: 0.0295927 seconds
[2019-12-09T03:52:30.906+0000][1][safepoint    ] Application time: 0.0002297 seconds
[2019-12-09T03:52:30.906+0000][1][safepoint    ] Entering safepoint region: RevokeBias
[2019-12-09T03:52:30.906+0000][1][safepoint    ] Leaving safepoint region
[2019-12-09T03:52:30.906+0000][1][safepoint    ] Total time for which application threads were stopped: 0.0001618 seconds, Stopping threads took: 0.0000169 seconds
[2019-12-09T03:52:31.150+0000][1][safepoint    ] Application time: 0.2437410 seconds
[2019-12-09T03:52:31.150+0000][1][safepoint    ] Entering safepoint region: BulkRevokeBias
[2019-12-09T03:52:31.151+0000][1][safepoint    ] Leaving safepoint region
[2019-12-09T03:52:31.151+0000][1][safepoint    ] Total time for which application threads were stopped: 0.0007001 seconds, Stopping threads took: 0.0000464 seconds
[2019-12-09T03:52:31.158+0000][1][safepoint    ] Application time: 0.0074848 seconds
[2019-12-09T03:52:31.158+0000][1][safepoint    ] Entering safepoint region: RevokeBias
[2019-12-09T03:52:31.158+0000][1][safepoint    ] Leaving safepoint region
[2019-12-09T03:52:31.158+0000][1][safepoint    ] Total time for which application threads were stopped: 0.0003427 seconds, Stopping threads took: 0.0002221 seconds
[2019-12-09T03:52:31.159+0000][1][safepoint    ] Application time: 0.0002538 seconds
[2019-12-09T03:52:31.159+0000][1][safepoint    ] Entering safepoint region: RevokeBias
[2019-12-09T03:52:31.159+0000][1][safepoint    ] Leaving safepoint region
[2019-12-09T03:52:31.159+0000][1][safepoint    ] Total time for which application threads were stopped: 0.0001780 seconds, Stopping threads took: 0.0000332 seconds
[2019-12-09T03:52:31.217+0000][1][safepoint    ] Application time: 0.0578458 seconds
[2019-12-09T03:52:31.217+0000][1][safepoint    ] Entering safepoint region: RevokeBias
[2019-12-09T03:52:31.217+0000][1][safepoint    ] Leaving safepoint region
[2019-12-09T03:52:31.217+0000][1][safepoint    ] Total time for which application threads were stopped: 0.0006347 seconds, Stopping threads took: 0.0004870 seconds
[2019-12-09T03:52:31.218+0000][1][safepoint    ] Application time: 0.0002161 seconds
[2019-12-09T03:52:31.218+0000][1][safepoint    ] Entering safepoint region: RevokeBias
[2019-12-09T03:52:31.218+0000][1][safepoint    ] Leaving safepoint region
[2019-12-09T03:52:31.218+0000][1][safepoint    ] Total time for which application threads were stopped: 0.0001126 seconds, Stopping threads took: 0.0000124 seconds
[2019-12-09T03:52:31.218+0000][1][safepoint    ] Application time: 0.0001861 seconds
[2019-12-09T03:52:31.218+0000][1][safepoint    ] Entering safepoint region: RevokeBias
[2019-12-09T03:52:31.218+0000][1][safepoint    ] Leaving safepoint region
[2019-12-09T03:52:31.218+0000][1][safepoint    ] Total time for which application threads were stopped: 0.0000873 seconds, Stopping threads took: 0.0000112 seconds
[2019-12-09T03:52:31.219+0000][1][safepoint    ] Application time: 0.0004745 seconds
[2019-12-09T03:52:31.219+0000][1][safepoint    ] Entering safepoint region: RevokeBias
[2019-12-09T03:52:31.219+0000][1][safepoint    ] Leaving safepoint region
[2019-12-09T03:52:31.219+0000][1][safepoint    ] Total time for which application threads were stopped: 0.0001056 seconds, Stopping threads took: 0.0000143 seconds
[2019-12-09T03:52:31.219+0000][1][safepoint    ] Application time: 0.0000722 seconds
[2019-12-09T03:52:31.219+0000][1][safepoint    ] Entering safepoint region: RevokeBias
[2019-12-09T03:52:31.219+0000][1][safepoint    ] Leaving safepoint region
[2019-12-09T03:52:31.219+0000][1][safepoint    ] Total time for which application threads were stopped: 0.0000909 seconds, Stopping threads took: 0.0000114 seconds
[2019-12-09T03:52:31.219+0000][1][safepoint    ] Application time: 0.0002072 seconds
[2019-12-09T03:52:31.219+0000][1][safepoint    ] Entering safepoint region: RevokeBias
[2019-12-09T03:52:31.219+0000][1][safepoint    ] Leaving safepoint region
[2019-12-09T03:52:31.219+0000][1][safepoint    ] Total time for which application threads were stopped: 0.0001000 seconds, Stopping threads took: 0.0000123 seconds
[2019-12-09T03:52:31.220+0000][1][safepoint    ] Application time: 0.0011629 seconds
[2019-12-09T03:52:31.220+0000][1][safepoint    ] Entering safepoint region: RevokeBias
[2019-12-09T03:52:31.220+0000][1][safepoint    ] Leaving safepoint region
[2019-12-09T03:52:31.220+0000][1][safepoint    ] Total time for which application threads were stopped: 0.0001079 seconds, Stopping threads took: 0.0000147 seconds
[2019-12-09T03:52:31.221+0000][1][safepoint    ] Application time: 0.0001424 seconds
[2019-12-09T03:52:31.221+0000][1][safepoint    ] Entering safepoint region: RevokeBias
[2019-12-09T03:52:31.221+0000][1][safepoint    ] Leaving safepoint region
[2019-12-09T03:52:31.221+0000][1][safepoint    ] Total time for which application threads were stopped: 0.0001106 seconds, Stopping threads took: 0.0000121 seconds
[2019-12-09T03:52:31.221+0000][1][safepoint    ] Application time: 0.0000901 seconds
[2019-12-09T03:52:31.221+0000][1][safepoint    ] Entering safepoint region: RevokeBias
[2019-12-09T03:52:31.221+0000][1][safepoint    ] Leaving safepoint region
[2019-12-09T03:52:31.221+0000][1][safepoint    ] Total time for which application threads were stopped: 0.0000883 seconds, Stopping threads took: 0.0000112 seconds
[2019-12-09T03:52:31.221+0000][1][safepoint    ] Application time: 0.0000546 seconds
[2019-12-09T03:52:31.221+0000][1][safepoint    ] Entering safepoint region: RevokeBias
[2019-12-09T03:52:31.221+0000][1][safepoint    ] Leaving safepoint region
[2019-12-09T03:52:31.221+0000][1][safepoint    ] Total time for which application threads were stopped: 0.0000786 seconds, Stopping threads took: 0.0000101 seconds
[2019-12-09T03:52:31.221+0000][1][safepoint    ] Application time: 0.0000854 seconds
[2019-12-09T03:52:31.221+0000][1][safepoint    ] Entering safepoint region: RevokeBias
[2019-12-09T03:52:31.221+0000][1][safepoint    ] Leaving safepoint region
[2019-12-09T03:52:31.221+0000][1][safepoint    ] Total time for which application threads were stopped: 0.0000820 seconds, Stopping threads took: 0.0000101 seconds
[2019-12-09T03:52:31.221+0000][1][safepoint    ] Application time: 0.0002219 seconds
[2019-12-09T03:52:31.222+0000][1][safepoint    ] Entering safepoint region: RevokeBias
[2019-12-09T03:52:31.222+0000][1][safepoint    ] Leaving safepoint region
[2019-12-09T03:52:31.222+0000][1][safepoint    ] Total time for which application threads were stopped: 0.0000885 seconds, Stopping threads took: 0.0000118 seconds
[2019-12-09T03:52:31.223+0000][1][safepoint    ] Application time: 0.0015208 seconds
[2019-12-09T03:52:31.223+0000][1][safepoint    ] Entering safepoint region: RevokeBias
[2019-12-09T03:52:31.223+0000][1][safepoint    ] Leaving safepoint region
[2019-12-09T03:52:31.223+0000][1][safepoint    ] Total time for which application threads were stopped: 0.0001053 seconds, Stopping threads took: 0.0000139 seconds
[2019-12-09T03:52:31.223+0000][1][safepoint    ] Application time: 0.0000550 seconds
[2019-12-09T03:52:31.223+0000][1][safepoint    ] Entering safepoint region: RevokeBias
[2019-12-09T03:52:31.223+0000][1][safepoint    ] Leaving safepoint region
[2019-12-09T03:52:31.223+0000][1][safepoint    ] Total time for which application threads were stopped: 0.0000764 seconds, Stopping threads took: 0.0000098 seconds
[2019-12-09T03:52:31.224+0000][1][safepoint    ] Application time: 0.0001041 seconds
[2019-12-09T03:52:31.224+0000][1][safepoint    ] Entering safepoint region: RevokeBias
[2019-12-09T03:52:31.224+0000][1][safepoint    ] Leaving safepoint region
[2019-12-09T03:52:31.224+0000][1][safepoint    ] Total time for which application threads were stopped: 0.0000679 seconds, Stopping threads took: 0.0000087 seconds
[2019-12-09T03:52:31.224+0000][1][safepoint    ] Application time: 0.0000372 seconds
[2019-12-09T03:52:31.224+0000][1][safepoint    ] Entering safepoint region: RevokeBias
[2019-12-09T03:52:31.224+0000][1][safepoint    ] Leaving safepoint region
[2019-12-09T03:52:31.224+0000][1][safepoint    ] Total time for which application threads were stopped: 0.0000821 seconds, Stopping threads took: 0.0000082 seconds
[2019-12-09T03:52:31.224+0000][1][safepoint    ] Application time: 0.0000604 seconds
[2019-12-09T03:52:31.224+0000][1][safepoint    ] Entering safepoint region: RevokeBias
[2019-12-09T03:52:31.224+0000][1][safepoint    ] Leaving safepoint region
[2019-12-09T03:52:31.224+0000][1][safepoint    ] Total time for which application threads were stopped: 0.0000624 seconds, Stopping threads took: 0.0000081 seconds
[2019-12-09T03:52:31.224+0000][1][safepoint    ] Application time: 0.0000369 seconds
[2019-12-09T03:52:31.224+0000][1][safepoint    ] Entering safepoint region: RevokeBias
[2019-12-09T03:52:31.224+0000][1][safepoint    ] Leaving safepoint region
[2019-12-09T03:52:31.224+0000][1][safepoint    ] Total time for which application threads were stopped: 0.0000566 seconds, Stopping threads took: 0.0000074 seconds
[2019-12-09T03:52:31.224+0000][1][safepoint    ] Application time: 0.0004862 seconds
[2019-12-09T03:52:31.224+0000][1][safepoint    ] Entering safepoint region: RevokeBias
[2019-12-09T03:52:31.225+0000][1][safepoint    ] Leaving safepoint region
[2019-12-09T03:52:31.225+0000][1][safepoint    ] Total time for which application threads were stopped: 0.0000919 seconds, Stopping threads took: 0.0000120 seconds
[2019-12-09T03:52:31.225+0000][1][safepoint    ] Application time: 0.0001373 seconds
[2019-12-09T03:52:31.225+0000][1][safepoint    ] Entering safepoint region: RevokeBias
[2019-12-09T03:52:31.225+0000][1][safepoint    ] Leaving safepoint region
[2019-12-09T03:52:31.225+0000][1][safepoint    ] Total time for which application threads were stopped: 0.0000913 seconds, Stopping threads took: 0.0000106 seconds
[2019-12-09T03:52:31.225+0000][1][safepoint    ] Application time: 0.0000573 seconds
[2019-12-09T03:52:31.225+0000][1][safepoint    ] Entering safepoint region: RevokeBias
[2019-12-09T03:52:31.225+0000][1][safepoint    ] Leaving safepoint region
[2019-12-09T03:52:31.225+0000][1][safepoint    ] Total time for which application threads were stopped: 0.0000751 seconds, Stopping threads took: 0.0000089 seconds
[2019-12-09T03:52:31.225+0000][1][safepoint    ] Application time: 0.0000761 seconds
[2019-12-09T03:52:31.225+0000][1][safepoint    ] Entering safepoint region: RevokeBias
[2019-12-09T03:52:31.225+0000][1][safepoint    ] Leaving safepoint region
[2019-12-09T03:52:31.225+0000][1][safepoint    ] Total time for which application threads were stopped: 0.0000684 seconds, Stopping threads took: 0.0000088 seconds
[2019-12-09T03:52:31.225+0000][1][safepoint    ] Application time: 0.0001783 seconds
[2019-12-09T03:52:31.225+0000][1][safepoint    ] Entering safepoint region: RevokeBias
[2019-12-09T03:52:31.225+0000][1][safepoint    ] Leaving safepoint region
[2019-12-09T03:52:31.225+0000][1][safepoint    ] Total time for which application threads were stopped: 0.0000764 seconds, Stopping threads took: 0.0000100 seconds
[2019-12-09T03:52:31.225+0000][1][safepoint    ] Application time: 0.0000404 seconds
[2019-12-09T03:52:31.225+0000][1][safepoint    ] Entering safepoint region: RevokeBias
[2019-12-09T03:52:31.226+0000][1][safepoint    ] Leaving safepoint region
[2019-12-09T03:52:31.226+0000][1][safepoint    ] Total time for which application threads were stopped: 0.0000694 seconds, Stopping threads took: 0.0000083 seconds
[2019-12-09T03:52:31.226+0000][1][safepoint    ] Application time: 0.0001139 seconds
[2019-12-09T03:52:31.226+0000][1][safepoint    ] Entering safepoint region: RevokeBias
[2019-12-09T03:52:31.226+0000][1][safepoint    ] Leaving safepoint region
[2019-12-09T03:52:31.226+0000][1][safepoint    ] Total time for which application threads were stopped: 0.0000887 seconds, Stopping threads took: 0.0000091 seconds
[2019-12-09T03:52:31.354+0000][1][safepoint    ] Application time: 0.1280602 seconds
[2019-12-09T03:52:31.357+0000][1][safepoint    ] Entering safepoint region: ICBufferFull
[2019-12-09T03:52:31.357+0000][1][safepoint    ] Leaving safepoint region
[2019-12-09T03:52:31.357+0000][1][safepoint    ] Total time for which application threads were stopped: 0.0031895 seconds, Stopping threads took: 0.0029160 seconds
[2019-12-09T03:52:31.579+0000][1][safepoint    ] Application time: 0.2219491 seconds
[2019-12-09T03:52:31.605+0000][1][safepoint    ] Entering safepoint region: RevokeBias
[2019-12-09T03:52:31.605+0000][1][safepoint    ] Leaving safepoint region
[2019-12-09T03:52:31.605+0000][1][safepoint    ] Total time for which application threads were stopped: 0.0258960 seconds, Stopping threads took: 0.0256983 seconds
[2019-12-09T03:52:31.606+0000][1][safepoint    ] Application time: 0.0014523 seconds
[2019-12-09T03:52:31.606+0000][1][safepoint    ] Entering safepoint region: RevokeBias
[2019-12-09T03:52:31.607+0000][1][safepoint    ] Leaving safepoint region
[2019-12-09T03:52:31.607+0000][1][safepoint    ] Total time for which application threads were stopped: 0.0001385 seconds, Stopping threads took: 0.0000425 seconds
[2019-12-09T03:52:31.638+0000][1][safepoint    ] Application time: 0.0311963 seconds
[2019-12-09T03:52:31.638+0000][1][safepoint    ] Entering safepoint region: RevokeBias
[2019-12-09T03:52:31.638+0000][1][safepoint    ] Leaving safepoint region
[2019-12-09T03:52:31.638+0000][1][safepoint    ] Total time for which application threads were stopped: 0.0001622 seconds, Stopping threads took: 0.0000599 seconds
[2019-12-09T03:52:32.455+0000][1][safepoint    ] Application time: 0.8173025 seconds
[2019-12-09T03:52:32.485+0000][1][safepoint    ] Entering safepoint region: RevokeBias
[2019-12-09T03:52:32.485+0000][1][safepoint    ] Leaving safepoint region
[2019-12-09T03:52:32.485+0000][1][safepoint    ] Total time for which application threads were stopped: 0.0297041 seconds, Stopping threads took: 0.0294830 seconds
[2019-12-09T03:52:32.485+0000][1][safepoint    ] Application time: 0.0000604 seconds
[2019-12-09T03:52:32.485+0000][1][safepoint    ] Entering safepoint region: RevokeBias
[2019-12-09T03:52:32.485+0000][1][safepoint    ] Leaving safepoint region
[2019-12-09T03:52:32.485+0000][1][safepoint    ] Total time for which application threads were stopped: 0.0000990 seconds, Stopping threads took: 0.0000117 seconds
[2019-12-09T03:52:32.490+0000][1][safepoint    ] Application time: 0.0048532 seconds
[2019-12-09T03:52:32.493+0000][1][safepoint    ] Entering safepoint region: GenCollectForAllocation
[2019-12-09T03:52:32.493+0000][1][gc,start     ] GC(45) Pause Young (Allocation Failure)
[2019-12-09T03:52:32.493+0000][1][gc,task      ] GC(45) Using 2 workers of 2 for evacuation
[2019-12-09T03:52:32.516+0000][1][gc,age       ] GC(45) Desired survivor size 4456448 bytes, new threshold 1 (max threshold 6)
[2019-12-09T03:52:32.517+0000][1][gc,age       ] GC(45) Age table with threshold 1 (max threshold 6)
[2019-12-09T03:52:32.517+0000][1][gc,age       ] GC(45) - age   1:    8281344 bytes,    8281344 total
[2019-12-09T03:52:32.517+0000][1][gc,age       ] GC(45) - age   2:     131720 bytes,    8413064 total
[2019-12-09T03:52:32.517+0000][1][gc,age       ] GC(45) - age   3:      63248 bytes,    8476312 total
[2019-12-09T03:52:32.517+0000][1][gc,age       ] GC(45) - age   4:      62872 bytes,    8539184 total
[2019-12-09T03:52:32.517+0000][1][gc,age       ] GC(45) - age   5:     130936 bytes,    8670120 total
[2019-12-09T03:52:32.517+0000][1][gc,age       ] GC(45) - age   6:      68776 bytes,    8738896 total
[2019-12-09T03:52:32.517+0000][1][gc,heap      ] GC(45) ParNew: 73368K->8704K(78656K)
[2019-12-09T03:52:32.517+0000][1][gc,heap      ] GC(45) CMS: 75495K->107408K(174784K)
[2019-12-09T03:52:32.517+0000][1][gc,metaspace ] GC(45) Metaspace: 80958K->80958K(1124352K)
[2019-12-09T03:52:32.517+0000][1][gc           ] GC(45) Pause Young (Allocation Failure) 145M->113M(247M) 24.005ms
[2019-12-09T03:52:32.517+0000][1][gc,cpu       ] GC(45) User=0.02s Sys=0.00s Real=0.03s
[2019-12-09T03:52:32.517+0000][1][safepoint    ] Leaving safepoint region
[2019-12-09T03:52:32.517+0000][1][safepoint    ] Total time for which application threads were stopped: 0.0266360 seconds, Stopping threads took: 0.0024607 seconds
[2019-12-09T03:52:32.764+0000][1][safepoint    ] Application time: 0.2474080 seconds
[2019-12-09T03:52:32.766+0000][1][safepoint    ] Entering safepoint region: RevokeBias
[2019-12-09T03:52:32.766+0000][1][safepoint    ] Leaving safepoint region
[2019-12-09T03:52:32.766+0000][1][safepoint    ] Total time for which application threads were stopped: 0.0018104 seconds, Stopping threads took: 0.0016297 seconds
[2019-12-09T03:52:32.781+0000][1][safepoint    ] Application time: 0.0153163 seconds
[2019-12-09T03:52:32.782+0000][1][safepoint    ] Entering safepoint region: RevokeBias
[2019-12-09T03:52:32.782+0000][1][safepoint    ] Leaving safepoint region
[2019-12-09T03:52:32.782+0000][1][safepoint    ] Total time for which application threads were stopped: 0.0008193 seconds, Stopping threads took: 0.0006963 seconds
[2019-12-09T03:52:33.782+0000][1][safepoint    ] Application time: 1.0000883 seconds
[2019-12-09T03:52:33.782+0000][1][safepoint    ] Entering safepoint region: Cleanup
[2019-12-09T03:52:33.782+0000][1][safepoint    ] Leaving safepoint region
[2019-12-09T03:52:33.782+0000][1][safepoint    ] Total time for which application threads were stopped: 0.0001315 seconds, Stopping threads took: 0.0000180 seconds
[2019-12-09T03:52:34.782+0000][1][safepoint    ] Application time: 1.0000752 seconds
[2019-12-09T03:52:34.783+0000][1][safepoint    ] Entering safepoint region: Cleanup
[2019-12-09T03:52:34.783+0000][1][safepoint    ] Leaving safepoint region
[2019-12-09T03:52:34.783+0000][1][safepoint    ] Total time for which application threads were stopped: 0.0000872 seconds, Stopping threads took: 0.0000174 seconds
[2019-12-09T03:52:35.783+0000][1][safepoint    ] Application time: 1.0000739 seconds
[2019-12-09T03:52:35.783+0000][1][safepoint    ] Entering safepoint region: Cleanup
[2019-12-09T03:52:35.783+0000][1][safepoint    ] Leaving safepoint region
[2019-12-09T03:52:35.783+0000][1][safepoint    ] Total time for which application threads were stopped: 0.0000914 seconds, Stopping threads took: 0.0000178 seconds
[2019-12-09T03:52:36.783+0000][1][safepoint    ] Application time: 1.0000763 seconds
[2019-12-09T03:52:36.783+0000][1][safepoint    ] Entering safepoint region: Cleanup
[2019-12-09T03:52:36.783+0000][1][safepoint    ] Leaving safepoint region
[2019-12-09T03:52:36.783+0000][1][safepoint    ] Total time for which application threads were stopped: 0.0000895 seconds, Stopping threads took: 0.0000160 seconds
[2019-12-09T03:52:37.783+0000][1][safepoint    ] Application time: 1.0000773 seconds
[2019-12-09T03:52:37.783+0000][1][safepoint    ] Entering safepoint region: Cleanup
[2019-12-09T03:52:37.783+0000][1][safepoint    ] Leaving safepoint region
[2019-12-09T03:52:37.783+0000][1][safepoint    ] Total time for which application threads were stopped: 0.0000849 seconds, Stopping threads took: 0.0000155 seconds
[2019-12-09T03:52:38.783+0000][1][safepoint    ] Application time: 1.0000756 seconds
[2019-12-09T03:52:38.783+0000][1][safepoint    ] Entering safepoint region: Cleanup
[2019-12-09T03:52:38.783+0000][1][safepoint    ] Leaving safepoint region
[2019-12-09T03:52:38.783+0000][1][safepoint    ] Total time for which application threads were stopped: 0.0000836 seconds, Stopping threads took: 0.0000164 seconds
[2019-12-09T03:52:39.784+0000][1][safepoint    ] Application time: 1.0000773 seconds
[2019-12-09T03:52:39.784+0000][1][safepoint    ] Entering safepoint region: Cleanup
[2019-12-09T03:52:39.784+0000][1][safepoint    ] Leaving safepoint region
[2019-12-09T03:52:39.784+0000][1][safepoint    ] Total time for which application threads were stopped: 0.0000860 seconds, Stopping threads took: 0.0000164 seconds
[2019-12-09T03:52:40.784+0000][1][safepoint    ] Application time: 1.0000785 seconds
[2019-12-09T03:52:40.784+0000][1][safepoint    ] Entering safepoint region: Cleanup
[2019-12-09T03:52:40.784+0000][1][safepoint    ] Leaving safepoint region
[2019-12-09T03:52:40.784+0000][1][safepoint    ] Total time for which application threads were stopped: 0.0000890 seconds, Stopping threads took: 0.0000199 seconds
[2019-12-09T03:52:41.784+0000][1][safepoint    ] Application time: 1.0000763 seconds
[2019-12-09T03:52:41.784+0000][1][safepoint    ] Entering safepoint region: Cleanup
[2019-12-09T03:52:41.784+0000][1][safepoint    ] Leaving safepoint region
[2019-12-09T03:52:41.784+0000][1][safepoint    ] Total time for which application threads were stopped: 0.0000840 seconds, Stopping threads took: 0.0000174 seconds
[2019-12-09T03:52:42.784+0000][1][safepoint    ] Application time: 1.0000764 seconds
[2019-12-09T03:52:42.784+0000][1][safepoint    ] Entering safepoint region: Cleanup
[2019-12-09T03:52:42.784+0000][1][safepoint    ] Leaving safepoint region
[2019-12-09T03:52:42.784+0000][1][safepoint    ] Total time for which application threads were stopped: 0.0000872 seconds, Stopping threads took: 0.0000163 seconds
[2019-12-09T03:52:43.784+0000][1][safepoint    ] Application time: 1.0000774 seconds
[2019-12-09T03:52:43.784+0000][1][safepoint    ] Entering safepoint region: Cleanup
[2019-12-09T03:52:43.784+0000][1][safepoint    ] Leaving safepoint region
[2019-12-09T03:52:43.784+0000][1][safepoint    ] Total time for which application threads were stopped: 0.0000856 seconds, Stopping threads took: 0.0000168 seconds
[2019-12-09T03:52:44.785+0000][1][safepoint    ] Application time: 1.0000776 seconds
[2019-12-09T03:52:44.785+0000][1][safepoint    ] Entering safepoint region: Cleanup
[2019-12-09T03:52:44.785+0000][1][safepoint    ] Leaving safepoint region
[2019-12-09T03:52:44.785+0000][1][safepoint    ] Total time for which application threads were stopped: 0.0000803 seconds, Stopping threads took: 0.0000154 seconds
[2019-12-09T03:52:45.670+0000][1][safepoint    ] Application time: 0.8851988 seconds
[2019-12-09T03:52:45.677+0000][1][safepoint    ] Entering safepoint region: RevokeBias
[2019-12-09T03:52:45.677+0000][1][safepoint    ] Leaving safepoint region
[2019-12-09T03:52:45.677+0000][1][safepoint    ] Total time for which application threads were stopped: 0.0070118 seconds, Stopping threads took: 0.0068736 seconds
[2019-12-09T03:52:46.208+0000][1][safepoint    ] Application time: 0.5308115 seconds
[2019-12-09T03:52:46.208+0000][1][safepoint    ] Entering safepoint region: RevokeBias
[2019-12-09T03:52:46.208+0000][1][safepoint    ] Leaving safepoint region
[2019-12-09T03:52:46.208+0000][1][safepoint    ] Total time for which application threads were stopped: 0.0001698 seconds, Stopping threads took: 0.0000233 seconds
[2019-12-09T03:52:47.208+0000][1][safepoint    ] Application time: 1.0000913 seconds
[2019-12-09T03:52:47.208+0000][1][safepoint    ] Entering safepoint region: Cleanup
[2019-12-09T03:52:47.208+0000][1][safepoint    ] Leaving safepoint region
[2019-12-09T03:52:47.208+0000][1][safepoint    ] Total time for which application threads were stopped: 0.0001049 seconds, Stopping threads took: 0.0000206 seconds
[2019-12-09T03:52:48.208+0000][1][safepoint    ] Application time: 1.0000770 seconds
[2019-12-09T03:52:48.208+0000][1][safepoint    ] Entering safepoint region: Cleanup
[2019-12-09T03:52:48.208+0000][1][safepoint    ] Leaving safepoint region
[2019-12-09T03:52:48.208+0000][1][safepoint    ] Total time for which application threads were stopped: 0.0000876 seconds, Stopping threads took: 0.0000183 seconds
[2019-12-09T03:52:49.208+0000][1][safepoint    ] Application time: 1.0000768 seconds
[2019-12-09T03:52:49.208+0000][1][safepoint    ] Entering safepoint region: Cleanup
[2019-12-09T03:52:49.209+0000][1][safepoint    ] Leaving safepoint region
[2019-12-09T03:52:49.209+0000][1][safepoint    ] Total time for which application threads were stopped: 0.0000964 seconds, Stopping threads took: 0.0000181 seconds
[2019-12-09T03:52:49.222+0000][1][safepoint    ] Application time: 0.0135217 seconds
[2019-12-09T03:52:49.222+0000][1][safepoint    ] Entering safepoint region: RevokeBias
[2019-12-09T03:52:49.222+0000][1][safepoint    ] Leaving safepoint region
[2019-12-09T03:52:49.222+0000][1][safepoint    ] Total time for which application threads were stopped: 0.0001211 seconds, Stopping threads took: 0.0000326 seconds
[2019-12-09T03:52:49.222+0000][1][safepoint    ] Application time: 0.0001080 seconds
[2019-12-09T03:52:49.222+0000][1][safepoint    ] Entering safepoint region: RevokeBias
[2019-12-09T03:52:49.222+0000][1][safepoint    ] Leaving safepoint region
[2019-12-09T03:52:49.222+0000][1][safepoint    ] Total time for which application threads were stopped: 0.0001167 seconds, Stopping threads took: 0.0000648 seconds
[2019-12-09T03:52:49.223+0000][1][safepoint    ] Application time: 0.0000583 seconds
[2019-12-09T03:52:49.223+0000][1][safepoint    ] Entering safepoint region: RevokeBias
[2019-12-09T03:52:49.223+0000][1][safepoint    ] Leaving safepoint region
[2019-12-09T03:52:49.223+0000][1][safepoint    ] Total time for which application threads were stopped: 0.0000462 seconds, Stopping threads took: 0.0000087 seconds
[2019-12-09T03:52:49.223+0000][1][safepoint    ] Application time: 0.0000531 seconds
[2019-12-09T03:52:49.223+0000][1][safepoint    ] Entering safepoint region: RevokeBias
[2019-12-09T03:52:49.223+0000][1][safepoint    ] Leaving safepoint region
[2019-12-09T03:52:49.223+0000][1][safepoint    ] Total time for which application threads were stopped: 0.0001114 seconds, Stopping threads took: 0.0000726 seconds
[2019-12-09T03:52:49.223+0000][1][safepoint    ] Application time: 0.0000562 seconds
[2019-12-09T03:52:49.223+0000][1][safepoint    ] Entering safepoint region: RevokeBias
[2019-12-09T03:52:49.223+0000][1][safepoint    ] Leaving safepoint region
[2019-12-09T03:52:49.223+0000][1][safepoint    ] Total time for which application threads were stopped: 0.0000774 seconds, Stopping threads took: 0.0000361 seconds
[2019-12-09T03:52:49.223+0000][1][safepoint    ] Application time: 0.0000531 seconds
[2019-12-09T03:52:49.223+0000][1][safepoint    ] Entering safepoint region: RevokeBias
[2019-12-09T03:52:49.223+0000][1][safepoint    ] Leaving safepoint region
[2019-12-09T03:52:49.223+0000][1][safepoint    ] Total time for which application threads were stopped: 0.0000474 seconds, Stopping threads took: 0.0000115 seconds
[2019-12-09T03:52:50.223+0000][1][safepoint    ] Application time: 1.0000967 seconds
[2019-12-09T03:52:50.223+0000][1][safepoint    ] Entering safepoint region: Cleanup
[2019-12-09T03:52:50.223+0000][1][safepoint    ] Leaving safepoint region
[2019-12-09T03:52:50.223+0000][1][safepoint    ] Total time for which application threads were stopped: 0.0001303 seconds, Stopping threads took: 0.0000255 seconds
[2019-12-09T03:52:51.226+0000][1][safepoint    ] Application time: 1.0026130 seconds
[2019-12-09T03:52:51.227+0000][1][safepoint    ] Entering safepoint region: Cleanup
[2019-12-09T03:52:51.227+0000][1][safepoint    ] Leaving safepoint region
[2019-12-09T03:52:51.227+0000][1][safepoint    ] Total time for which application threads were stopped: 0.0009796 seconds, Stopping threads took: 0.0008520 seconds
[2019-12-09T03:52:52.227+0000][1][safepoint    ] Application time: 1.0000833 seconds
[2019-12-09T03:52:52.227+0000][1][safepoint    ] Entering safepoint region: Cleanup
[2019-12-09T03:52:52.227+0000][1][safepoint    ] Leaving safepoint region
[2019-12-09T03:52:52.227+0000][1][safepoint    ] Total time for which application threads were stopped: 0.0001130 seconds, Stopping threads took: 0.0000188 seconds
[2019-12-09T03:52:53.232+0000][1][safepoint    ] Application time: 1.0045164 seconds
[2019-12-09T03:52:53.232+0000][1][safepoint    ] Entering safepoint region: Cleanup
[2019-12-09T03:52:53.232+0000][1][safepoint    ] Leaving safepoint region
[2019-12-09T03:52:53.232+0000][1][safepoint    ] Total time for which application threads were stopped: 0.0001659 seconds, Stopping threads took: 0.0000396 seconds
[2019-12-09T03:52:53.262+0000][1][safepoint    ] Application time: 0.0297930 seconds
[2019-12-09T03:52:53.262+0000][1][safepoint    ] Entering safepoint region: Deoptimize
[2019-12-09T03:52:53.263+0000][1][safepoint    ] Leaving safepoint region
[2019-12-09T03:52:53.263+0000][1][safepoint    ] Total time for which application threads were stopped: 0.0014625 seconds, Stopping threads took: 0.0000216 seconds
[2019-12-09T03:52:54.263+0000][1][safepoint    ] Application time: 1.0000844 seconds
[2019-12-09T03:52:54.263+0000][1][safepoint    ] Entering safepoint region: Cleanup
[2019-12-09T03:52:54.264+0000][1][safepoint    ] Leaving safepoint region
[2019-12-09T03:52:54.264+0000][1][safepoint    ] Total time for which application threads were stopped: 0.0001595 seconds, Stopping threads took: 0.0000212 seconds
[2019-12-09T03:52:55.264+0000][1][safepoint    ] Application time: 1.0000759 seconds
[2019-12-09T03:52:55.264+0000][1][safepoint    ] Entering safepoint region: Cleanup
[2019-12-09T03:52:55.264+0000][1][safepoint    ] Leaving safepoint region
[2019-12-09T03:52:55.264+0000][1][safepoint    ] Total time for which application threads were stopped: 0.0001020 seconds, Stopping threads took: 0.0000176 seconds
[2019-12-09T03:52:56.264+0000][1][safepoint    ] Application time: 1.0000796 seconds
[2019-12-09T03:52:56.264+0000][1][safepoint    ] Entering safepoint region: Cleanup
[2019-12-09T03:52:56.264+0000][1][safepoint    ] Leaving safepoint region
[2019-12-09T03:52:56.264+0000][1][safepoint    ] Total time for which application threads were stopped: 0.0000964 seconds, Stopping threads took: 0.0000222 seconds
[2019-12-09T03:52:57.264+0000][1][safepoint    ] Application time: 1.0000781 seconds
[2019-12-09T03:52:57.264+0000][1][safepoint    ] Entering safepoint region: Cleanup
[2019-12-09T03:52:57.264+0000][1][safepoint    ] Leaving safepoint region
[2019-12-09T03:52:57.264+0000][1][safepoint    ] Total time for which application threads were stopped: 0.0000917 seconds, Stopping threads took: 0.0000204 seconds
[2019-12-09T03:52:58.264+0000][1][safepoint    ] Application time: 1.0000930 seconds
[2019-12-09T03:52:58.264+0000][1][safepoint    ] Entering safepoint region: Cleanup
[2019-12-09T03:52:58.264+0000][1][safepoint    ] Leaving safepoint region
[2019-12-09T03:52:58.264+0000][1][safepoint    ] Total time for which application threads were stopped: 0.0001302 seconds, Stopping threads took: 0.0000293 seconds
[2019-12-09T03:52:59.280+0000][1][safepoint    ] Application time: 1.0152632 seconds
[2019-12-09T03:52:59.296+0000][1][safepoint    ] Entering safepoint region: Cleanup
[2019-12-09T03:52:59.296+0000][1][safepoint    ] Leaving safepoint region
[2019-12-09T03:52:59.296+0000][1][safepoint    ] Total time for which application threads were stopped: 0.0162015 seconds, Stopping threads took: 0.0160354 seconds
[2019-12-09T03:52:59.723+0000][1][safepoint    ] Application time: 0.4266398 seconds
[2019-12-09T03:52:59.723+0000][1][safepoint    ] Entering safepoint region: RevokeBias
[2019-12-09T03:52:59.723+0000][1][safepoint    ] Leaving safepoint region
[2019-12-09T03:52:59.723+0000][1][safepoint    ] Total time for which application threads were stopped: 0.0001759 seconds, Stopping threads took: 0.0000221 seconds
[2019-12-09T03:53:00.723+0000][1][safepoint    ] Application time: 1.0000844 seconds
[2019-12-09T03:53:00.723+0000][1][safepoint    ] Entering safepoint region: Cleanup
[2019-12-09T03:53:00.723+0000][1][safepoint    ] Leaving safepoint region
[2019-12-09T03:53:00.723+0000][1][safepoint    ] Total time for which application threads were stopped: 0.0001321 seconds, Stopping threads took: 0.0000285 seconds
[2019-12-09T03:53:01.723+0000][1][safepoint    ] Application time: 1.0000786 seconds
[2019-12-09T03:53:01.723+0000][1][safepoint    ] Entering safepoint region: Cleanup
[2019-12-09T03:53:01.723+0000][1][safepoint    ] Leaving safepoint region
[2019-12-09T03:53:01.723+0000][1][safepoint    ] Total time for which application threads were stopped: 0.0000999 seconds, Stopping threads took: 0.0000218 seconds
[2019-12-09T03:53:02.723+0000][1][safepoint    ] Application time: 1.0000759 seconds
[2019-12-09T03:53:02.723+0000][1][safepoint    ] Entering safepoint region: Cleanup
[2019-12-09T03:53:02.723+0000][1][safepoint    ] Leaving safepoint region
[2019-12-09T03:53:02.723+0000][1][safepoint    ] Total time for which application threads were stopped: 0.0000878 seconds, Stopping threads took: 0.0000183 seconds
[2019-12-09T03:53:03.344+0000][1][safepoint    ] Application time: 0.6209792 seconds
[2019-12-09T03:53:03.345+0000][1][safepoint    ] Entering safepoint region: GenCollectForAllocation
[2019-12-09T03:53:03.345+0000][1][gc,start     ] GC(46) Pause Young (Allocation Failure)
[2019-12-09T03:53:03.345+0000][1][gc,task      ] GC(46) Using 2 workers of 2 for evacuation
[2019-12-09T03:53:03.352+0000][1][gc,age       ] GC(46) Desired survivor size 4456448 bytes, new threshold 6 (max threshold 6)
[2019-12-09T03:53:03.352+0000][1][gc,age       ] GC(46) Age table with threshold 6 (max threshold 6)
[2019-12-09T03:53:03.352+0000][1][gc,age       ] GC(46) - age   1:    3571160 bytes,    3571160 total
[2019-12-09T03:53:03.352+0000][1][gc,heap      ] GC(46) ParNew: 78644K->6638K(78656K)
[2019-12-09T03:53:03.352+0000][1][gc,heap      ] GC(46) CMS: 107408K->115823K(174784K)
[2019-12-09T03:53:03.352+0000][1][gc,metaspace ] GC(46) Metaspace: 82101K->82101K(1124352K)
[2019-12-09T03:53:03.352+0000][1][gc           ] GC(46) Pause Young (Allocation Failure) 181M->119M(247M) 7.250ms
[2019-12-09T03:53:03.352+0000][1][gc,cpu       ] GC(46) User=0.01s Sys=0.00s Real=0.01s
[2019-12-09T03:53:03.352+0000][1][safepoint    ] Leaving safepoint region
[2019-12-09T03:53:03.352+0000][1][safepoint    ] Total time for which application threads were stopped: 0.0074107 seconds, Stopping threads took: 0.0000179 seconds
[2019-12-09T03:53:04.352+0000][1][safepoint    ] Application time: 1.0000847 seconds
[2019-12-09T03:53:04.352+0000][1][safepoint    ] Entering safepoint region: Cleanup
[2019-12-09T03:53:04.352+0000][1][safepoint    ] Leaving safepoint region
[2019-12-09T03:53:04.352+0000][1][safepoint    ] Total time for which application threads were stopped: 0.0001087 seconds, Stopping threads took: 0.0000187 seconds
[2019-12-09T03:53:05.352+0000][1][safepoint    ] Application time: 1.0000776 seconds
[2019-12-09T03:53:05.352+0000][1][safepoint    ] Entering safepoint region: Cleanup
[2019-12-09T03:53:05.352+0000][1][safepoint    ] Leaving safepoint region
[2019-12-09T03:53:05.352+0000][1][safepoint    ] Total time for which application threads were stopped: 0.0000916 seconds, Stopping threads took: 0.0000204 seconds
[2019-12-09T03:53:06.352+0000][1][safepoint    ] Application time: 1.0000769 seconds
[2019-12-09T03:53:06.353+0000][1][safepoint    ] Entering safepoint region: Cleanup
[2019-12-09T03:53:06.353+0000][1][safepoint    ] Leaving safepoint region
[2019-12-09T03:53:06.353+0000][1][safepoint    ] Total time for which application threads were stopped: 0.0000905 seconds, Stopping threads took: 0.0000196 seconds
[2019-12-09T03:53:07.353+0000][1][safepoint    ] Application time: 1.0000860 seconds
[2019-12-09T03:53:07.353+0000][1][safepoint    ] Entering safepoint region: Cleanup
[2019-12-09T03:53:07.353+0000][1][safepoint    ] Leaving safepoint region
[2019-12-09T03:53:07.353+0000][1][safepoint    ] Total time for which application threads were stopped: 0.0000898 seconds, Stopping threads took: 0.0000187 seconds
[2019-12-09T03:53:08.353+0000][1][safepoint    ] Application time: 1.0000791 seconds
[2019-12-09T03:53:08.353+0000][1][safepoint    ] Entering safepoint region: Cleanup
[2019-12-09T03:53:08.353+0000][1][safepoint    ] Leaving safepoint region
[2019-12-09T03:53:08.353+0000][1][safepoint    ] Total time for which application threads were stopped: 0.0000934 seconds, Stopping threads took: 0.0000206 seconds
[2019-12-09T03:53:09.353+0000][1][safepoint    ] Application time: 1.0000774 seconds
[2019-12-09T03:53:09.353+0000][1][safepoint    ] Entering safepoint region: Cleanup
[2019-12-09T03:53:09.353+0000][1][safepoint    ] Leaving safepoint region
[2019-12-09T03:53:09.353+0000][1][safepoint    ] Total time for which application threads were stopped: 0.0000967 seconds, Stopping threads took: 0.0000229 seconds
[2019-12-09T03:53:10.353+0000][1][safepoint    ] Application time: 1.0000766 seconds
[2019-12-09T03:53:10.353+0000][1][safepoint    ] Entering safepoint region: Cleanup
[2019-12-09T03:53:10.353+0000][1][safepoint    ] Leaving safepoint region
[2019-12-09T03:53:10.353+0000][1][safepoint    ] Total time for which application threads were stopped: 0.0000872 seconds, Stopping threads took: 0.0000185 seconds
[2019-12-09T03:53:11.354+0000][1][safepoint    ] Application time: 1.0000760 seconds
[2019-12-09T03:53:11.354+0000][1][safepoint    ] Entering safepoint region: Cleanup
[2019-12-09T03:53:11.354+0000][1][safepoint    ] Leaving safepoint region
[2019-12-09T03:53:11.354+0000][1][safepoint    ] Total time for which application threads were stopped: 0.0000880 seconds, Stopping threads took: 0.0000191 seconds
[2019-12-09T03:53:12.138+0000][1][safepoint    ] Application time: 0.7839028 seconds
[2019-12-09T03:53:12.138+0000][1][safepoint    ] Entering safepoint region: RevokeBias
[2019-12-09T03:53:12.138+0000][1][safepoint    ] Leaving safepoint region
[2019-12-09T03:53:12.138+0000][1][safepoint    ] Total time for which application threads were stopped: 0.0001714 seconds, Stopping threads took: 0.0000217 seconds
[2019-12-09T03:53:12.138+0000][1][safepoint    ] Application time: 0.0000763 seconds
[2019-12-09T03:53:12.138+0000][1][safepoint    ] Entering safepoint region: RevokeBias
[2019-12-09T03:53:12.138+0000][1][safepoint    ] Leaving safepoint region
[2019-12-09T03:53:12.138+0000][1][safepoint    ] Total time for which application threads were stopped: 0.0000731 seconds, Stopping threads took: 0.0000097 seconds
[2019-12-09T03:53:12.138+0000][1][safepoint    ] Application time: 0.0000566 seconds
[2019-12-09T03:53:12.138+0000][1][safepoint    ] Entering safepoint region: RevokeBias
[2019-12-09T03:53:12.138+0000][1][safepoint    ] Leaving safepoint region
[2019-12-09T03:53:12.138+0000][1][safepoint    ] Total time for which application threads were stopped: 0.0000658 seconds, Stopping threads took: 0.0000096 seconds
[2019-12-09T03:53:12.138+0000][1][safepoint    ] Application time: 0.0000553 seconds
[2019-12-09T03:53:12.138+0000][1][safepoint    ] Entering safepoint region: RevokeBias
[2019-12-09T03:53:12.138+0000][1][safepoint    ] Leaving safepoint region
[2019-12-09T03:53:12.138+0000][1][safepoint    ] Total time for which application threads were stopped: 0.0000648 seconds, Stopping threads took: 0.0000099 seconds
[2019-12-09T03:53:12.138+0000][1][safepoint    ] Application time: 0.0000549 seconds
[2019-12-09T03:53:12.138+0000][1][safepoint    ] Entering safepoint region: RevokeBias
[2019-12-09T03:53:12.138+0000][1][safepoint    ] Leaving safepoint region
[2019-12-09T03:53:12.138+0000][1][safepoint    ] Total time for which application threads were stopped: 0.0000593 seconds, Stopping threads took: 0.0000087 seconds
[2019-12-09T03:53:12.138+0000][1][safepoint    ] Application time: 0.0000523 seconds
[2019-12-09T03:53:12.138+0000][1][safepoint    ] Entering safepoint region: RevokeBias
[2019-12-09T03:53:12.139+0000][1][safepoint    ] Leaving safepoint region
[2019-12-09T03:53:12.139+0000][1][safepoint    ] Total time for which application threads were stopped: 0.0000717 seconds, Stopping threads took: 0.0000085 seconds
[2019-12-09T03:53:12.139+0000][1][safepoint    ] Application time: 0.0000512 seconds
[2019-12-09T03:53:12.139+0000][1][safepoint    ] Entering safepoint region: RevokeBias
[2019-12-09T03:53:12.139+0000][1][safepoint    ] Leaving safepoint region
[2019-12-09T03:53:12.139+0000][1][safepoint    ] Total time for which application threads were stopped: 0.0000577 seconds, Stopping threads took: 0.0000085 seconds
[2019-12-09T03:53:12.139+0000][1][safepoint    ] Application time: 0.0000661 seconds
[2019-12-09T03:53:12.139+0000][1][safepoint    ] Entering safepoint region: RevokeBias
[2019-12-09T03:53:12.139+0000][1][safepoint    ] Leaving safepoint region
[2019-12-09T03:53:12.139+0000][1][safepoint    ] Total time for which application threads were stopped: 0.0000637 seconds, Stopping threads took: 0.0000101 seconds
[2019-12-09T03:53:12.139+0000][1][safepoint    ] Application time: 0.0000548 seconds
[2019-12-09T03:53:12.139+0000][1][safepoint    ] Entering safepoint region: RevokeBias
[2019-12-09T03:53:12.139+0000][1][safepoint    ] Leaving safepoint region
[2019-12-09T03:53:12.139+0000][1][safepoint    ] Total time for which application threads were stopped: 0.0000611 seconds, Stopping threads took: 0.0000090 seconds
[2019-12-09T03:53:13.139+0000][1][safepoint    ] Application time: 1.0000788 seconds
[2019-12-09T03:53:13.139+0000][1][safepoint    ] Entering safepoint region: Cleanup
[2019-12-09T03:53:13.139+0000][1][safepoint    ] Leaving safepoint region
[2019-12-09T03:53:13.139+0000][1][safepoint    ] Total time for which application threads were stopped: 0.0001645 seconds, Stopping threads took: 0.0000201 seconds
[2019-12-09T03:53:14.139+0000][1][safepoint    ] Application time: 1.0000762 seconds
[2019-12-09T03:53:14.139+0000][1][safepoint    ] Entering safepoint region: Cleanup
[2019-12-09T03:53:14.139+0000][1][safepoint    ] Leaving safepoint region
[2019-12-09T03:53:14.139+0000][1][safepoint    ] Total time for which application threads were stopped: 0.0000894 seconds, Stopping threads took: 0.0000188 seconds
[2019-12-09T03:53:15.139+0000][1][safepoint    ] Application time: 1.0000798 seconds
[2019-12-09T03:53:15.140+0000][1][safepoint    ] Entering safepoint region: Cleanup
[2019-12-09T03:53:15.140+0000][1][safepoint    ] Leaving safepoint region
[2019-12-09T03:53:15.140+0000][1][safepoint    ] Total time for which application threads were stopped: 0.0000932 seconds, Stopping threads took: 0.0000190 seconds
[2019-12-09T03:53:16.140+0000][1][safepoint    ] Application time: 1.0000764 seconds
[2019-12-09T03:53:16.140+0000][1][safepoint    ] Entering safepoint region: Cleanup
[2019-12-09T03:53:16.140+0000][1][safepoint    ] Leaving safepoint region
[2019-12-09T03:53:16.140+0000][1][safepoint    ] Total time for which application threads were stopped: 0.0000917 seconds, Stopping threads took: 0.0000194 seconds
[2019-12-09T03:53:17.140+0000][1][safepoint    ] Application time: 1.0000754 seconds
[2019-12-09T03:53:17.140+0000][1][safepoint    ] Entering safepoint region: Cleanup
[2019-12-09T03:53:17.140+0000][1][safepoint    ] Leaving safepoint region
[2019-12-09T03:53:17.140+0000][1][safepoint    ] Total time for which application threads were stopped: 0.0000909 seconds, Stopping threads took: 0.0000196 seconds
[2019-12-09T03:53:18.140+0000][1][safepoint    ] Application time: 1.0000761 seconds
[2019-12-09T03:53:18.140+0000][1][safepoint    ] Entering safepoint region: Cleanup
[2019-12-09T03:53:18.140+0000][1][safepoint    ] Leaving safepoint region
[2019-12-09T03:53:18.140+0000][1][safepoint    ] Total time for which application threads were stopped: 0.0000911 seconds, Stopping threads took: 0.0000197 seconds
[2019-12-09T03:53:19.140+0000][1][safepoint    ] Application time: 1.0000797 seconds
[2019-12-09T03:53:19.140+0000][1][safepoint    ] Entering safepoint region: Cleanup
[2019-12-09T03:53:19.140+0000][1][safepoint    ] Leaving safepoint region
[2019-12-09T03:53:19.140+0000][1][safepoint    ] Total time for which application threads were stopped: 0.0000902 seconds, Stopping threads took: 0.0000197 seconds
[2019-12-09T03:53:20.141+0000][1][safepoint    ] Application time: 1.0000801 seconds
[2019-12-09T03:53:20.141+0000][1][safepoint    ] Entering safepoint region: Cleanup
[2019-12-09T03:53:20.141+0000][1][safepoint    ] Leaving safepoint region
[2019-12-09T03:53:20.141+0000][1][safepoint    ] Total time for which application threads were stopped: 0.0001091 seconds, Stopping threads took: 0.0000189 seconds
[2019-12-09T03:53:21.141+0000][1][safepoint    ] Application time: 1.0000762 seconds
[2019-12-09T03:53:21.141+0000][1][safepoint    ] Entering safepoint region: Cleanup
[2019-12-09T03:53:21.141+0000][1][safepoint    ] Leaving safepoint region
[2019-12-09T03:53:21.141+0000][1][safepoint    ] Total time for which application threads were stopped: 0.0000830 seconds, Stopping threads took: 0.0000188 seconds
[2019-12-09T03:53:22.141+0000][1][safepoint    ] Application time: 1.0000793 seconds
[2019-12-09T03:53:22.141+0000][1][safepoint    ] Entering safepoint region: Cleanup
[2019-12-09T03:53:22.141+0000][1][safepoint    ] Leaving safepoint region
[2019-12-09T03:53:22.141+0000][1][safepoint    ] Total time for which application threads were stopped: 0.0000893 seconds, Stopping threads took: 0.0000194 seconds
[2019-12-09T03:53:23.141+0000][1][safepoint    ] Application time: 1.0000797 seconds
[2019-12-09T03:53:23.141+0000][1][safepoint    ] Entering safepoint region: Cleanup
[2019-12-09T03:53:23.141+0000][1][safepoint    ] Leaving safepoint region
[2019-12-09T03:53:23.141+0000][1][safepoint    ] Total time for which application threads were stopped: 0.0000929 seconds, Stopping threads took: 0.0000199 seconds
[2019-12-09T03:53:24.141+0000][1][safepoint    ] Application time: 1.0000802 seconds
[2019-12-09T03:53:24.141+0000][1][safepoint    ] Entering safepoint region: Cleanup
[2019-12-09T03:53:24.142+0000][1][safepoint    ] Leaving safepoint region
[2019-12-09T03:53:24.142+0000][1][safepoint    ] Total time for which application threads were stopped: 0.0000955 seconds, Stopping threads took: 0.0000199 seconds
[2019-12-09T03:53:25.142+0000][1][safepoint    ] Application time: 1.0000814 seconds
[2019-12-09T03:53:25.142+0000][1][safepoint    ] Entering safepoint region: Cleanup
[2019-12-09T03:53:25.142+0000][1][safepoint    ] Leaving safepoint region
[2019-12-09T03:53:25.142+0000][1][safepoint    ] Total time for which application threads were stopped: 0.0001105 seconds, Stopping threads took: 0.0000290 seconds
[2019-12-09T03:53:26.142+0000][1][safepoint    ] Application time: 1.0000768 seconds
[2019-12-09T03:53:26.142+0000][1][safepoint    ] Entering safepoint region: Cleanup
[2019-12-09T03:53:26.142+0000][1][safepoint    ] Leaving safepoint region
[2019-12-09T03:53:26.142+0000][1][safepoint    ] Total time for which application threads were stopped: 0.0001006 seconds, Stopping threads took: 0.0000199 seconds
[2019-12-09T03:53:27.142+0000][1][safepoint    ] Application time: 1.0000805 seconds
[2019-12-09T03:53:27.142+0000][1][safepoint    ] Entering safepoint region: Cleanup
[2019-12-09T03:53:27.142+0000][1][safepoint    ] Leaving safepoint region
[2019-12-09T03:53:27.142+0000][1][safepoint    ] Total time for which application threads were stopped: 0.0000925 seconds, Stopping threads took: 0.0000179 seconds
[2019-12-09T03:53:28.142+0000][1][safepoint    ] Application time: 1.0000821 seconds
[2019-12-09T03:53:28.142+0000][1][safepoint    ] Entering safepoint region: Cleanup
[2019-12-09T03:53:28.142+0000][1][safepoint    ] Leaving safepoint region
[2019-12-09T03:53:28.142+0000][1][safepoint    ] Total time for which application threads were stopped: 0.0000965 seconds, Stopping threads took: 0.0000206 seconds
[2019-12-09T03:53:29.143+0000][1][safepoint    ] Application time: 1.0000854 seconds
[2019-12-09T03:53:29.143+0000][1][safepoint    ] Entering safepoint region: Cleanup
[2019-12-09T03:53:29.143+0000][1][safepoint    ] Leaving safepoint region
[2019-12-09T03:53:29.143+0000][1][safepoint    ] Total time for which application threads were stopped: 0.0000934 seconds, Stopping threads took: 0.0000214 seconds
[2019-12-09T03:53:30.051+0000][1][safepoint    ] Application time: 0.9081191 seconds
[2019-12-09T03:53:30.051+0000][1][safepoint    ] Entering safepoint region: Deoptimize
[2019-12-09T03:53:30.052+0000][1][safepoint    ] Leaving safepoint region
[2019-12-09T03:53:30.052+0000][1][safepoint    ] Total time for which application threads were stopped: 0.0011463 seconds, Stopping threads took: 0.0000166 seconds
[2019-12-09T03:53:30.444+0000][1][safepoint    ] Application time: 0.3915342 seconds
[2019-12-09T03:53:30.444+0000][1][safepoint    ] Entering safepoint region: GenCollectForAllocation
[2019-12-09T03:53:30.444+0000][1][gc,start     ] GC(47) Pause Young (Allocation Failure)
[2019-12-09T03:53:30.444+0000][1][gc,task      ] GC(47) Using 2 workers of 2 for evacuation
[2019-12-09T03:53:30.448+0000][1][gc,age       ] GC(47) Desired survivor size 4456448 bytes, new threshold 6 (max threshold 6)
[2019-12-09T03:53:30.448+0000][1][gc,age       ] GC(47) Age table with threshold 6 (max threshold 6)
[2019-12-09T03:53:30.448+0000][1][gc,age       ] GC(47) - age   1:     633960 bytes,     633960 total
[2019-12-09T03:53:30.448+0000][1][gc,age       ] GC(47) - age   2:    3548256 bytes,    4182216 total
[2019-12-09T03:53:30.448+0000][1][gc,heap      ] GC(47) ParNew: 76590K->4450K(78656K)
[2019-12-09T03:53:30.448+0000][1][gc,heap      ] GC(47) CMS: 115823K->115823K(174784K)
[2019-12-09T03:53:30.448+0000][1][gc,metaspace ] GC(47) Metaspace: 82737K->82737K(1124352K)
[2019-12-09T03:53:30.448+0000][1][gc           ] GC(47) Pause Young (Allocation Failure) 187M->117M(247M) 4.478ms
[2019-12-09T03:53:30.448+0000][1][gc,cpu       ] GC(47) User=0.01s Sys=0.00s Real=0.01s
[2019-12-09T03:53:30.448+0000][1][safepoint    ] Leaving safepoint region
[2019-12-09T03:53:30.448+0000][1][safepoint    ] Total time for which application threads were stopped: 0.0047916 seconds, Stopping threads took: 0.0000249 seconds
[2019-12-09T03:53:31.448+0000][1][safepoint    ] Application time: 1.0000885 seconds
[2019-12-09T03:53:31.448+0000][1][safepoint    ] Entering safepoint region: Cleanup
[2019-12-09T03:53:31.449+0000][1][safepoint    ] Leaving safepoint region
[2019-12-09T03:53:31.449+0000][1][safepoint    ] Total time for which application threads were stopped: 0.0001164 seconds, Stopping threads took: 0.0000196 seconds
[2019-12-09T03:53:32.449+0000][1][safepoint    ] Application time: 1.0000746 seconds
[2019-12-09T03:53:32.449+0000][1][safepoint    ] Entering safepoint region: Cleanup
[2019-12-09T03:53:32.449+0000][1][safepoint    ] Leaving safepoint region
[2019-12-09T03:53:32.449+0000][1][safepoint    ] Total time for which application threads were stopped: 0.0000930 seconds, Stopping threads took: 0.0000179 seconds
[2019-12-09T03:53:33.449+0000][1][safepoint    ] Application time: 1.0000764 seconds
[2019-12-09T03:53:33.449+0000][1][safepoint    ] Entering safepoint region: Cleanup
[2019-12-09T03:53:33.449+0000][1][safepoint    ] Leaving safepoint region
[2019-12-09T03:53:33.449+0000][1][safepoint    ] Total time for which application threads were stopped: 0.0000960 seconds, Stopping threads took: 0.0000277 seconds
[2019-12-09T03:53:34.449+0000][1][safepoint    ] Application time: 1.0000768 seconds
[2019-12-09T03:53:34.449+0000][1][safepoint    ] Entering safepoint region: Cleanup
[2019-12-09T03:53:34.449+0000][1][safepoint    ] Leaving safepoint region
[2019-12-09T03:53:34.449+0000][1][safepoint    ] Total time for which application threads were stopped: 0.0000951 seconds, Stopping threads took: 0.0000183 seconds
[2019-12-09T03:53:35.449+0000][1][safepoint    ] Application time: 1.0000739 seconds
[2019-12-09T03:53:35.449+0000][1][safepoint    ] Entering safepoint region: Cleanup
[2019-12-09T03:53:35.449+0000][1][safepoint    ] Leaving safepoint region
[2019-12-09T03:53:35.449+0000][1][safepoint    ] Total time for which application threads were stopped: 0.0000889 seconds, Stopping threads took: 0.0000169 seconds
[2019-12-09T03:53:36.450+0000][1][safepoint    ] Application time: 1.0000763 seconds
[2019-12-09T03:53:36.450+0000][1][safepoint    ] Entering safepoint region: Cleanup
[2019-12-09T03:53:36.450+0000][1][safepoint    ] Leaving safepoint region
[2019-12-09T03:53:36.450+0000][1][safepoint    ] Total time for which application threads were stopped: 0.0000961 seconds, Stopping threads took: 0.0000199 seconds
[2019-12-09T03:53:37.450+0000][1][safepoint    ] Application time: 1.0000366 seconds
[2019-12-09T03:53:37.450+0000][1][safepoint    ] Entering safepoint region: Cleanup
[2019-12-09T03:53:37.450+0000][1][safepoint    ] Leaving safepoint region
[2019-12-09T03:53:37.450+0000][1][safepoint    ] Total time for which application threads were stopped: 0.0000935 seconds, Stopping threads took: 0.0000184 seconds
[2019-12-09T03:53:38.450+0000][1][safepoint    ] Application time: 1.0000788 seconds
[2019-12-09T03:53:38.450+0000][1][safepoint    ] Entering safepoint region: Cleanup
[2019-12-09T03:53:38.450+0000][1][safepoint    ] Leaving safepoint region
[2019-12-09T03:53:38.450+0000][1][safepoint    ] Total time for which application threads were stopped: 0.0000944 seconds, Stopping threads took: 0.0000195 seconds
[2019-12-09T03:53:39.450+0000][1][safepoint    ] Application time: 1.0000752 seconds
[2019-12-09T03:53:39.450+0000][1][safepoint    ] Entering safepoint region: Cleanup
[2019-12-09T03:53:39.450+0000][1][safepoint    ] Leaving safepoint region
[2019-12-09T03:53:39.450+0000][1][safepoint    ] Total time for which application threads were stopped: 0.0000924 seconds, Stopping threads took: 0.0000181 seconds
[2019-12-09T03:53:40.450+0000][1][safepoint    ] Application time: 1.0000780 seconds
[2019-12-09T03:53:40.450+0000][1][safepoint    ] Entering safepoint region: Cleanup
[2019-12-09T03:53:40.450+0000][1][safepoint    ] Leaving safepoint region
[2019-12-09T03:53:40.450+0000][1][safepoint    ] Total time for which application threads were stopped: 0.0000861 seconds, Stopping threads took: 0.0000163 seconds
[2019-12-09T03:53:41.452+0000][1][safepoint    ] Application time: 1.0012661 seconds
[2019-12-09T03:53:41.452+0000][1][safepoint    ] Entering safepoint region: Cleanup
[2019-12-09T03:53:41.452+0000][1][safepoint    ] Leaving safepoint region
[2019-12-09T03:53:41.452+0000][1][safepoint    ] Total time for which application threads were stopped: 0.0001344 seconds, Stopping threads took: 0.0000251 seconds
[2019-12-09T03:53:42.452+0000][1][safepoint    ] Application time: 1.0000744 seconds
[2019-12-09T03:53:42.452+0000][1][safepoint    ] Entering safepoint region: Cleanup
[2019-12-09T03:53:42.452+0000][1][safepoint    ] Leaving safepoint region
[2019-12-09T03:53:42.452+0000][1][safepoint    ] Total time for which application threads were stopped: 0.0001036 seconds, Stopping threads took: 0.0000208 seconds
[2019-12-09T03:53:43.452+0000][1][safepoint    ] Application time: 1.0000900 seconds
[2019-12-09T03:53:43.452+0000][1][safepoint    ] Entering safepoint region: Cleanup
[2019-12-09T03:53:43.452+0000][1][safepoint    ] Leaving safepoint region
[2019-12-09T03:53:43.452+0000][1][safepoint    ] Total time for which application threads were stopped: 0.0001254 seconds, Stopping threads took: 0.0000249 seconds
[2019-12-09T03:53:44.452+0000][1][safepoint    ] Application time: 1.0000771 seconds
[2019-12-09T03:53:44.453+0000][1][safepoint    ] Entering safepoint region: Cleanup
[2019-12-09T03:53:44.453+0000][1][safepoint    ] Leaving safepoint region
[2019-12-09T03:53:44.453+0000][1][safepoint    ] Total time for which application threads were stopped: 0.0000883 seconds, Stopping threads took: 0.0000183 seconds
[2019-12-09T03:53:45.453+0000][1][safepoint    ] Application time: 1.0000781 seconds
[2019-12-09T03:53:45.453+0000][1][safepoint    ] Entering safepoint region: Cleanup
[2019-12-09T03:53:45.453+0000][1][safepoint    ] Leaving safepoint region
[2019-12-09T03:53:45.453+0000][1][safepoint    ] Total time for which application threads were stopped: 0.0000896 seconds, Stopping threads took: 0.0000188 seconds
[2019-12-09T03:53:46.453+0000][1][safepoint    ] Application time: 1.0000732 seconds
[2019-12-09T03:53:46.453+0000][1][safepoint    ] Entering safepoint region: Cleanup
[2019-12-09T03:53:46.453+0000][1][safepoint    ] Leaving safepoint region
[2019-12-09T03:53:46.453+0000][1][safepoint    ] Total time for which application threads were stopped: 0.0000891 seconds, Stopping threads took: 0.0000184 seconds
[2019-12-09T03:53:47.453+0000][1][safepoint    ] Application time: 1.0000786 seconds
[2019-12-09T03:53:47.453+0000][1][safepoint    ] Entering safepoint region: Cleanup
[2019-12-09T03:53:47.453+0000][1][safepoint    ] Leaving safepoint region
[2019-12-09T03:53:47.453+0000][1][safepoint    ] Total time for which application threads were stopped: 0.0000972 seconds, Stopping threads took: 0.0000200 seconds
[2019-12-09T03:53:48.453+0000][1][safepoint    ] Application time: 1.0000764 seconds
[2019-12-09T03:53:48.453+0000][1][safepoint    ] Entering safepoint region: Cleanup
[2019-12-09T03:53:48.453+0000][1][safepoint    ] Leaving safepoint region
[2019-12-09T03:53:48.453+0000][1][safepoint    ] Total time for which application threads were stopped: 0.0000917 seconds, Stopping threads took: 0.0000172 seconds
[2019-12-09T03:53:49.454+0000][1][safepoint    ] Application time: 1.0000761 seconds
[2019-12-09T03:53:49.454+0000][1][safepoint    ] Entering safepoint region: Cleanup
[2019-12-09T03:53:49.454+0000][1][safepoint    ] Leaving safepoint region
[2019-12-09T03:53:49.454+0000][1][safepoint    ] Total time for which application threads were stopped: 0.0000924 seconds, Stopping threads took: 0.0000198 seconds
[2019-12-09T03:53:50.454+0000][1][safepoint    ] Application time: 1.0000907 seconds
[2019-12-09T03:53:50.454+0000][1][safepoint    ] Entering safepoint region: Cleanup
[2019-12-09T03:53:50.454+0000][1][safepoint    ] Leaving safepoint region
[2019-12-09T03:53:50.454+0000][1][safepoint    ] Total time for which application threads were stopped: 0.0001227 seconds, Stopping threads took: 0.0000241 seconds
[2019-12-09T03:53:51.454+0000][1][safepoint    ] Application time: 1.0000765 seconds
[2019-12-09T03:53:51.454+0000][1][safepoint    ] Entering safepoint region: Cleanup
[2019-12-09T03:53:51.454+0000][1][safepoint    ] Leaving safepoint region
[2019-12-09T03:53:51.454+0000][1][safepoint    ] Total time for which application threads were stopped: 0.0000907 seconds, Stopping threads took: 0.0000190 seconds
[2019-12-09T03:53:52.454+0000][1][safepoint    ] Application time: 1.0000781 seconds
[2019-12-09T03:53:52.454+0000][1][safepoint    ] Entering safepoint region: Cleanup
[2019-12-09T03:53:52.454+0000][1][safepoint    ] Leaving safepoint region
[2019-12-09T03:53:52.454+0000][1][safepoint    ] Total time for which application threads were stopped: 0.0000893 seconds, Stopping threads took: 0.0000201 seconds
[2019-12-09T03:53:53.454+0000][1][safepoint    ] Application time: 1.0000754 seconds
[2019-12-09T03:53:53.454+0000][1][safepoint    ] Entering safepoint region: Cleanup
[2019-12-09T03:53:53.455+0000][1][safepoint    ] Leaving safepoint region
[2019-12-09T03:53:53.455+0000][1][safepoint    ] Total time for which application threads were stopped: 0.0000952 seconds, Stopping threads took: 0.0000176 seconds
[2019-12-09T03:53:54.455+0000][1][safepoint    ] Application time: 1.0000819 seconds
[2019-12-09T03:53:54.455+0000][1][safepoint    ] Entering safepoint region: Cleanup
[2019-12-09T03:53:54.455+0000][1][safepoint    ] Leaving safepoint region
[2019-12-09T03:53:54.455+0000][1][safepoint    ] Total time for which application threads were stopped: 0.0000918 seconds, Stopping threads took: 0.0000196 seconds
[2019-12-09T03:53:55.455+0000][1][safepoint    ] Application time: 1.0000822 seconds
[2019-12-09T03:53:55.455+0000][1][safepoint    ] Entering safepoint region: Cleanup
[2019-12-09T03:53:55.455+0000][1][safepoint    ] Leaving safepoint region
[2019-12-09T03:53:55.455+0000][1][safepoint    ] Total time for which application threads were stopped: 0.0001177 seconds, Stopping threads took: 0.0000232 seconds
[2019-12-09T03:53:56.455+0000][1][safepoint    ] Application time: 1.0000752 seconds
[2019-12-09T03:53:56.455+0000][1][safepoint    ] Entering safepoint region: Cleanup
[2019-12-09T03:53:56.455+0000][1][safepoint    ] Leaving safepoint region
[2019-12-09T03:53:56.455+0000][1][safepoint    ] Total time for which application threads were stopped: 0.0000901 seconds, Stopping threads took: 0.0000177 seconds
[2019-12-09T03:53:57.455+0000][1][safepoint    ] Application time: 1.0000764 seconds
[2019-12-09T03:53:57.455+0000][1][safepoint    ] Entering safepoint region: Cleanup
[2019-12-09T03:53:57.455+0000][1][safepoint    ] Leaving safepoint region
[2019-12-09T03:53:57.455+0000][1][safepoint    ] Total time for which application threads were stopped: 0.0000890 seconds, Stopping threads took: 0.0000178 seconds
[2019-12-09T03:53:58.456+0000][1][safepoint    ] Application time: 1.0000756 seconds
[2019-12-09T03:53:58.456+0000][1][safepoint    ] Entering safepoint region: Cleanup
[2019-12-09T03:53:58.456+0000][1][safepoint    ] Leaving safepoint region
[2019-12-09T03:53:58.456+0000][1][safepoint    ] Total time for which application threads were stopped: 0.0000933 seconds, Stopping threads took: 0.0000208 seconds
[2019-12-09T03:53:59.456+0000][1][safepoint    ] Application time: 1.0000755 seconds
[2019-12-09T03:53:59.456+0000][1][safepoint    ] Entering safepoint region: Cleanup
[2019-12-09T03:53:59.456+0000][1][safepoint    ] Leaving safepoint region
[2019-12-09T03:53:59.456+0000][1][safepoint    ] Total time for which application threads were stopped: 0.0000875 seconds, Stopping threads took: 0.0000177 seconds
[2019-12-09T03:54:00.456+0000][1][safepoint    ] Application time: 1.0000736 seconds
[2019-12-09T03:54:00.456+0000][1][safepoint    ] Entering safepoint region: Cleanup
[2019-12-09T03:54:00.456+0000][1][safepoint    ] Leaving safepoint region
[2019-12-09T03:54:00.456+0000][1][safepoint    ] Total time for which application threads were stopped: 0.0000974 seconds, Stopping threads took: 0.0000240 seconds
[2019-12-09T03:54:01.456+0000][1][safepoint    ] Application time: 1.0000735 seconds
[2019-12-09T03:54:01.456+0000][1][safepoint    ] Entering safepoint region: Cleanup
[2019-12-09T03:54:01.456+0000][1][safepoint    ] Leaving safepoint region
[2019-12-09T03:54:01.456+0000][1][safepoint    ] Total time for which application threads were stopped: 0.0001059 seconds, Stopping threads took: 0.0000271 seconds
[2019-12-09T03:54:02.456+0000][1][safepoint    ] Application time: 1.0000740 seconds
[2019-12-09T03:54:02.456+0000][1][safepoint    ] Entering safepoint region: Cleanup
[2019-12-09T03:54:02.456+0000][1][safepoint    ] Leaving safepoint region
[2019-12-09T03:54:02.456+0000][1][safepoint    ] Total time for which application threads were stopped: 0.0000917 seconds, Stopping threads took: 0.0000174 seconds
[2019-12-09T03:54:03.457+0000][1][safepoint    ] Application time: 1.0000755 seconds
[2019-12-09T03:54:03.457+0000][1][safepoint    ] Entering safepoint region: Cleanup
[2019-12-09T03:54:03.457+0000][1][safepoint    ] Leaving safepoint region
[2019-12-09T03:54:03.457+0000][1][safepoint    ] Total time for which application threads were stopped: 0.0001046 seconds, Stopping threads took: 0.0000171 seconds
[2019-12-09T03:54:04.457+0000][1][safepoint    ] Application time: 1.0000808 seconds
[2019-12-09T03:54:04.457+0000][1][safepoint    ] Entering safepoint region: Cleanup
[2019-12-09T03:54:04.457+0000][1][safepoint    ] Leaving safepoint region
[2019-12-09T03:54:04.457+0000][1][safepoint    ] Total time for which application threads were stopped: 0.0001228 seconds, Stopping threads took: 0.0000262 seconds
[2019-12-09T03:54:05.457+0000][1][safepoint    ] Application time: 1.0000755 seconds
[2019-12-09T03:54:05.457+0000][1][safepoint    ] Entering safepoint region: Cleanup
[2019-12-09T03:54:05.457+0000][1][safepoint    ] Leaving safepoint region
[2019-12-09T03:54:05.457+0000][1][safepoint    ] Total time for which application threads were stopped: 0.0000851 seconds, Stopping threads took: 0.0000181 seconds
[2019-12-09T03:54:06.457+0000][1][safepoint    ] Application time: 1.0000756 seconds
[2019-12-09T03:54:06.457+0000][1][safepoint    ] Entering safepoint region: Cleanup
[2019-12-09T03:54:06.457+0000][1][safepoint    ] Leaving safepoint region
[2019-12-09T03:54:06.457+0000][1][safepoint    ] Total time for which application threads were stopped: 0.0000900 seconds, Stopping threads took: 0.0000180 seconds
[2019-12-09T03:54:07.457+0000][1][safepoint    ] Application time: 1.0000747 seconds
[2019-12-09T03:54:07.458+0000][1][safepoint    ] Entering safepoint region: Cleanup
[2019-12-09T03:54:07.458+0000][1][safepoint    ] Leaving safepoint region
[2019-12-09T03:54:07.458+0000][1][safepoint    ] Total time for which application threads were stopped: 0.0000924 seconds, Stopping threads took: 0.0000184 seconds
[2019-12-09T03:54:08.458+0000][1][safepoint    ] Application time: 1.0000756 seconds
[2019-12-09T03:54:08.458+0000][1][safepoint    ] Entering safepoint region: Cleanup
[2019-12-09T03:54:08.458+0000][1][safepoint    ] Leaving safepoint region
[2019-12-09T03:54:08.458+0000][1][safepoint    ] Total time for which application threads were stopped: 0.0000956 seconds, Stopping threads took: 0.0000185 seconds
[2019-12-09T03:54:09.458+0000][1][safepoint    ] Application time: 1.0000755 seconds
[2019-12-09T03:54:09.458+0000][1][safepoint    ] Entering safepoint region: Cleanup
[2019-12-09T03:54:09.458+0000][1][safepoint    ] Leaving safepoint region
[2019-12-09T03:54:09.458+0000][1][safepoint    ] Total time for which application threads were stopped: 0.0000874 seconds, Stopping threads took: 0.0000174 seconds
[2019-12-09T03:54:10.458+0000][1][safepoint    ] Application time: 1.0000759 seconds
[2019-12-09T03:54:10.458+0000][1][safepoint    ] Entering safepoint region: Cleanup
[2019-12-09T03:54:10.458+0000][1][safepoint    ] Leaving safepoint region
[2019-12-09T03:54:10.458+0000][1][safepoint    ] Total time for which application threads were stopped: 0.0000884 seconds, Stopping threads took: 0.0000195 seconds
[2019-12-09T03:54:11.458+0000][1][safepoint    ] Application time: 1.0000762 seconds
[2019-12-09T03:54:11.458+0000][1][safepoint    ] Entering safepoint region: Cleanup
[2019-12-09T03:54:11.458+0000][1][safepoint    ] Leaving safepoint region
[2019-12-09T03:54:11.458+0000][1][safepoint    ] Total time for which application threads were stopped: 0.0000928 seconds, Stopping threads took: 0.0000201 seconds
[2019-12-09T03:54:12.459+0000][1][safepoint    ] Application time: 1.0000743 seconds
[2019-12-09T03:54:12.459+0000][1][safepoint    ] Entering safepoint region: Cleanup
[2019-12-09T03:54:12.459+0000][1][safepoint    ] Leaving safepoint region
[2019-12-09T03:54:12.459+0000][1][safepoint    ] Total time for which application threads were stopped: 0.0000865 seconds, Stopping threads took: 0.0000177 seconds
[2019-12-09T03:54:13.459+0000][1][safepoint    ] Application time: 1.0000760 seconds
[2019-12-09T03:54:13.459+0000][1][safepoint    ] Entering safepoint region: Cleanup
[2019-12-09T03:54:13.459+0000][1][safepoint    ] Leaving safepoint region
[2019-12-09T03:54:13.459+0000][1][safepoint    ] Total time for which application threads were stopped: 0.0000967 seconds, Stopping threads took: 0.0000202 seconds
[2019-12-09T03:54:14.459+0000][1][safepoint    ] Application time: 1.0000757 seconds
[2019-12-09T03:54:14.459+0000][1][safepoint    ] Entering safepoint region: Cleanup
[2019-12-09T03:54:14.459+0000][1][safepoint    ] Leaving safepoint region
[2019-12-09T03:54:14.459+0000][1][safepoint    ] Total time for which application threads were stopped: 0.0000898 seconds, Stopping threads took: 0.0000170 seconds
[2019-12-09T03:54:15.459+0000][1][safepoint    ] Application time: 1.0000793 seconds
[2019-12-09T03:54:15.459+0000][1][safepoint    ] Entering safepoint region: Cleanup
[2019-12-09T03:54:15.459+0000][1][safepoint    ] Leaving safepoint region
[2019-12-09T03:54:15.459+0000][1][safepoint    ] Total time for which application threads were stopped: 0.0001091 seconds, Stopping threads took: 0.0000175 seconds
[2019-12-09T03:54:16.459+0000][1][safepoint    ] Application time: 1.0000774 seconds
[2019-12-09T03:54:16.459+0000][1][safepoint    ] Entering safepoint region: Cleanup
[2019-12-09T03:54:16.459+0000][1][safepoint    ] Leaving safepoint region
[2019-12-09T03:54:16.459+0000][1][safepoint    ] Total time for which application threads were stopped: 0.0000859 seconds, Stopping threads took: 0.0000162 seconds
[2019-12-09T03:54:17.460+0000][1][safepoint    ] Application time: 1.0000762 seconds
[2019-12-09T03:54:17.460+0000][1][safepoint    ] Entering safepoint region: Cleanup
[2019-12-09T03:54:17.460+0000][1][safepoint    ] Leaving safepoint region
[2019-12-09T03:54:17.460+0000][1][safepoint    ] Total time for which application threads were stopped: 0.0001060 seconds, Stopping threads took: 0.0000179 seconds
[2019-12-09T03:54:18.460+0000][1][safepoint    ] Application time: 1.0000761 seconds
[2019-12-09T03:54:18.460+0000][1][safepoint    ] Entering safepoint region: Cleanup
[2019-12-09T03:54:18.460+0000][1][safepoint    ] Leaving safepoint region
[2019-12-09T03:54:18.460+0000][1][safepoint    ] Total time for which application threads were stopped: 0.0000869 seconds, Stopping threads took: 0.0000170 seconds
[2019-12-09T03:54:19.460+0000][1][safepoint    ] Application time: 1.0000759 seconds
[2019-12-09T03:54:19.460+0000][1][safepoint    ] Entering safepoint region: Cleanup
[2019-12-09T03:54:19.460+0000][1][safepoint    ] Leaving safepoint region
[2019-12-09T03:54:19.460+0000][1][safepoint    ] Total time for which application threads were stopped: 0.0000913 seconds, Stopping threads took: 0.0000183 seconds
[2019-12-09T03:54:20.460+0000][1][safepoint    ] Application time: 1.0000753 seconds
[2019-12-09T03:54:20.460+0000][1][safepoint    ] Entering safepoint region: Cleanup
[2019-12-09T03:54:20.460+0000][1][safepoint    ] Leaving safepoint region
[2019-12-09T03:54:20.460+0000][1][safepoint    ] Total time for which application threads were stopped: 0.0000975 seconds, Stopping threads took: 0.0000186 seconds
[2019-12-09T03:54:21.460+0000][1][safepoint    ] Application time: 1.0000771 seconds
[2019-12-09T03:54:21.460+0000][1][safepoint    ] Entering safepoint region: Cleanup
[2019-12-09T03:54:21.461+0000][1][safepoint    ] Leaving safepoint region
[2019-12-09T03:54:21.461+0000][1][safepoint    ] Total time for which application threads were stopped: 0.0000893 seconds, Stopping threads took: 0.0000176 seconds
[2019-12-09T03:54:22.461+0000][1][safepoint    ] Application time: 1.0000750 seconds
[2019-12-09T03:54:22.461+0000][1][safepoint    ] Entering safepoint region: Cleanup
[2019-12-09T03:54:22.461+0000][1][safepoint    ] Leaving safepoint region
[2019-12-09T03:54:22.461+0000][1][safepoint    ] Total time for which application threads were stopped: 0.0000887 seconds, Stopping threads took: 0.0000202 seconds
[2019-12-09T03:54:23.461+0000][1][safepoint    ] Application time: 1.0000739 seconds
[2019-12-09T03:54:23.461+0000][1][safepoint    ] Entering safepoint region: Cleanup
[2019-12-09T03:54:23.461+0000][1][safepoint    ] Leaving safepoint region
[2019-12-09T03:54:23.461+0000][1][safepoint    ] Total time for which application threads were stopped: 0.0000892 seconds, Stopping threads took: 0.0000174 seconds
[2019-12-09T03:54:24.461+0000][1][safepoint    ] Application time: 1.0000754 seconds
[2019-12-09T03:54:24.461+0000][1][safepoint    ] Entering safepoint region: Cleanup
[2019-12-09T03:54:24.461+0000][1][safepoint    ] Leaving safepoint region
[2019-12-09T03:54:24.461+0000][1][safepoint    ] Total time for which application threads were stopped: 0.0000880 seconds, Stopping threads took: 0.0000172 seconds
[2019-12-09T03:54:25.461+0000][1][safepoint    ] Application time: 1.0000799 seconds
[2019-12-09T03:54:25.461+0000][1][safepoint    ] Entering safepoint region: Cleanup
[2019-12-09T03:54:25.461+0000][1][safepoint    ] Leaving safepoint region
[2019-12-09T03:54:25.461+0000][1][safepoint    ] Total time for which application threads were stopped: 0.0000878 seconds, Stopping threads took: 0.0000185 seconds
[2019-12-09T03:54:26.461+0000][1][safepoint    ] Application time: 1.0000759 seconds
[2019-12-09T03:54:26.462+0000][1][safepoint    ] Entering safepoint region: Cleanup
[2019-12-09T03:54:26.462+0000][1][safepoint    ] Leaving safepoint region
[2019-12-09T03:54:26.462+0000][1][safepoint    ] Total time for which application threads were stopped: 0.0000915 seconds, Stopping threads took: 0.0000183 seconds
[2019-12-09T03:54:27.462+0000][1][safepoint    ] Application time: 1.0000759 seconds
[2019-12-09T03:54:27.462+0000][1][safepoint    ] Entering safepoint region: Cleanup
[2019-12-09T03:54:27.462+0000][1][safepoint    ] Leaving safepoint region
[2019-12-09T03:54:27.462+0000][1][safepoint    ] Total time for which application threads were stopped: 0.0000886 seconds, Stopping threads took: 0.0000197 seconds
[2019-12-09T03:54:28.462+0000][1][safepoint    ] Application time: 1.0000756 seconds
[2019-12-09T03:54:28.462+0000][1][safepoint    ] Entering safepoint region: Cleanup
[2019-12-09T03:54:28.462+0000][1][safepoint    ] Leaving safepoint region
[2019-12-09T03:54:28.462+0000][1][safepoint    ] Total time for which application threads were stopped: 0.0000906 seconds, Stopping threads took: 0.0000211 seconds
[2019-12-09T03:54:29.462+0000][1][safepoint    ] Application time: 1.0000744 seconds
[2019-12-09T03:54:29.462+0000][1][safepoint    ] Entering safepoint region: Cleanup
[2019-12-09T03:54:29.462+0000][1][safepoint    ] Leaving safepoint region
[2019-12-09T03:54:29.462+0000][1][safepoint    ] Total time for which application threads were stopped: 0.0000897 seconds, Stopping threads took: 0.0000185 seconds
[2019-12-09T03:54:30.462+0000][1][safepoint    ] Application time: 1.0000756 seconds
[2019-12-09T03:54:30.462+0000][1][safepoint    ] Entering safepoint region: Cleanup
[2019-12-09T03:54:30.462+0000][1][safepoint    ] Leaving safepoint region
[2019-12-09T03:54:30.462+0000][1][safepoint    ] Total time for which application threads were stopped: 0.0001065 seconds, Stopping threads took: 0.0000265 seconds
[2019-12-09T03:54:31.463+0000][1][safepoint    ] Application time: 1.0000766 seconds
[2019-12-09T03:54:31.463+0000][1][safepoint    ] Entering safepoint region: Cleanup
[2019-12-09T03:54:31.463+0000][1][safepoint    ] Leaving safepoint region
[2019-12-09T03:54:31.463+0000][1][safepoint    ] Total time for which application threads were stopped: 0.0000893 seconds, Stopping threads took: 0.0000183 seconds
[2019-12-09T03:54:32.463+0000][1][safepoint    ] Application time: 1.0000745 seconds
[2019-12-09T03:54:32.463+0000][1][safepoint    ] Entering safepoint region: Cleanup
[2019-12-09T03:54:32.463+0000][1][safepoint    ] Leaving safepoint region
[2019-12-09T03:54:32.463+0000][1][safepoint    ] Total time for which application threads were stopped: 0.0000944 seconds, Stopping threads took: 0.0000179 seconds
[2019-12-09T03:54:33.463+0000][1][safepoint    ] Application time: 1.0000755 seconds
[2019-12-09T03:54:33.463+0000][1][safepoint    ] Entering safepoint region: Cleanup
[2019-12-09T03:54:33.463+0000][1][safepoint    ] Leaving safepoint region
[2019-12-09T03:54:33.463+0000][1][safepoint    ] Total time for which application threads were stopped: 0.0000893 seconds, Stopping threads took: 0.0000196 seconds
[2019-12-09T03:54:34.463+0000][1][safepoint    ] Application time: 1.0000766 seconds
[2019-12-09T03:54:34.463+0000][1][safepoint    ] Entering safepoint region: Cleanup
[2019-12-09T03:54:34.463+0000][1][safepoint    ] Leaving safepoint region
[2019-12-09T03:54:34.463+0000][1][safepoint    ] Total time for which application threads were stopped: 0.0000958 seconds, Stopping threads took: 0.0000204 seconds
[2019-12-09T03:54:35.463+0000][1][safepoint    ] Application time: 1.0000752 seconds
[2019-12-09T03:54:35.463+0000][1][safepoint    ] Entering safepoint region: Cleanup
[2019-12-09T03:54:35.464+0000][1][safepoint    ] Leaving safepoint region
[2019-12-09T03:54:35.464+0000][1][safepoint    ] Total time for which application threads were stopped: 0.0000879 seconds, Stopping threads took: 0.0000168 seconds
[2019-12-09T03:54:36.464+0000][1][safepoint    ] Application time: 1.0000753 seconds
[2019-12-09T03:54:36.464+0000][1][safepoint    ] Entering safepoint region: Cleanup
[2019-12-09T03:54:36.464+0000][1][safepoint    ] Leaving safepoint region
[2019-12-09T03:54:36.464+0000][1][safepoint    ] Total time for which application threads were stopped: 0.0001011 seconds, Stopping threads took: 0.0000193 seconds
[2019-12-09T03:54:37.464+0000][1][safepoint    ] Application time: 1.0000760 seconds
[2019-12-09T03:54:37.464+0000][1][safepoint    ] Entering safepoint region: Cleanup
[2019-12-09T03:54:37.464+0000][1][safepoint    ] Leaving safepoint region
[2019-12-09T03:54:37.464+0000][1][safepoint    ] Total time for which application threads were stopped: 0.0000969 seconds, Stopping threads took: 0.0000193 seconds
[2019-12-09T03:54:38.464+0000][1][safepoint    ] Application time: 1.0000744 seconds
[2019-12-09T03:54:38.464+0000][1][safepoint    ] Entering safepoint region: Cleanup
[2019-12-09T03:54:38.464+0000][1][safepoint    ] Leaving safepoint region
[2019-12-09T03:54:38.464+0000][1][safepoint    ] Total time for which application threads were stopped: 0.0000909 seconds, Stopping threads took: 0.0000176 seconds
[2019-12-09T03:54:39.464+0000][1][safepoint    ] Application time: 1.0000759 seconds
[2019-12-09T03:54:39.464+0000][1][safepoint    ] Entering safepoint region: Cleanup
[2019-12-09T03:54:39.464+0000][1][safepoint    ] Leaving safepoint region
[2019-12-09T03:54:39.464+0000][1][safepoint    ] Total time for which application threads were stopped: 0.0000846 seconds, Stopping threads took: 0.0000187 seconds
[2019-12-09T03:54:40.464+0000][1][safepoint    ] Application time: 1.0000758 seconds
[2019-12-09T03:54:40.464+0000][1][safepoint    ] Entering safepoint region: Cleanup
[2019-12-09T03:54:40.465+0000][1][safepoint    ] Leaving safepoint region
[2019-12-09T03:54:40.465+0000][1][safepoint    ] Total time for which application threads were stopped: 0.0000865 seconds, Stopping threads took: 0.0000179 seconds
[2019-12-09T03:54:41.465+0000][1][safepoint    ] Application time: 1.0000775 seconds
[2019-12-09T03:54:41.465+0000][1][safepoint    ] Entering safepoint region: Cleanup
[2019-12-09T03:54:41.465+0000][1][safepoint    ] Leaving safepoint region
[2019-12-09T03:54:41.465+0000][1][safepoint    ] Total time for which application threads were stopped: 0.0001099 seconds, Stopping threads took: 0.0000314 seconds
[2019-12-09T03:54:42.465+0000][1][safepoint    ] Application time: 1.0000771 seconds
[2019-12-09T03:54:42.465+0000][1][safepoint    ] Entering safepoint region: Cleanup
[2019-12-09T03:54:42.465+0000][1][safepoint    ] Leaving safepoint region
[2019-12-09T03:54:42.465+0000][1][safepoint    ] Total time for which application threads were stopped: 0.0000874 seconds, Stopping threads took: 0.0000172 seconds
[2019-12-09T03:54:43.465+0000][1][safepoint    ] Application time: 1.0000759 seconds
[2019-12-09T03:54:43.465+0000][1][safepoint    ] Entering safepoint region: Cleanup
[2019-12-09T03:54:43.465+0000][1][safepoint    ] Leaving safepoint region
[2019-12-09T03:54:43.465+0000][1][safepoint    ] Total time for which application threads were stopped: 0.0000941 seconds, Stopping threads took: 0.0000180 seconds
[2019-12-09T03:54:44.465+0000][1][safepoint    ] Application time: 1.0000776 seconds
[2019-12-09T03:54:44.465+0000][1][safepoint    ] Entering safepoint region: Cleanup
[2019-12-09T03:54:44.465+0000][1][safepoint    ] Leaving safepoint region
[2019-12-09T03:54:44.465+0000][1][safepoint    ] Total time for which application threads were stopped: 0.0000911 seconds, Stopping threads took: 0.0000197 seconds
[2019-12-09T03:54:45.466+0000][1][safepoint    ] Application time: 1.0000817 seconds
[2019-12-09T03:54:45.466+0000][1][safepoint    ] Entering safepoint region: Cleanup
[2019-12-09T03:54:45.466+0000][1][safepoint    ] Leaving safepoint region
[2019-12-09T03:54:45.466+0000][1][safepoint    ] Total time for which application threads were stopped: 0.0001317 seconds, Stopping threads took: 0.0000241 seconds
[2019-12-09T03:54:46.460+0000][1][safepoint    ] Application time: 0.9938596 seconds
[2019-12-09T03:54:46.460+0000][1][safepoint    ] Entering safepoint region: GenCollectForAllocation
[2019-12-09T03:54:46.460+0000][1][gc,start     ] GC(48) Pause Young (Allocation Failure)
[2019-12-09T03:54:46.460+0000][1][gc,task      ] GC(48) Using 2 workers of 2 for evacuation
[2019-12-09T03:54:46.463+0000][1][gc,age       ] GC(48) Desired survivor size 4456448 bytes, new threshold 6 (max threshold 6)
[2019-12-09T03:54:46.463+0000][1][gc,age       ] GC(48) Age table with threshold 6 (max threshold 6)
[2019-12-09T03:54:46.463+0000][1][gc,age       ] GC(48) - age   1:      13976 bytes,      13976 total
[2019-12-09T03:54:46.463+0000][1][gc,age       ] GC(48) - age   2:     171896 bytes,     185872 total
[2019-12-09T03:54:46.463+0000][1][gc,age       ] GC(48) - age   3:    3547912 bytes,    3733784 total
[2019-12-09T03:54:46.463+0000][1][gc,heap      ] GC(48) ParNew: 74363K->5707K(78656K)
[2019-12-09T03:54:46.463+0000][1][gc,heap      ] GC(48) CMS: 115823K->115823K(174784K)
[2019-12-09T03:54:46.463+0000][1][gc,metaspace ] GC(48) Metaspace: 82879K->82879K(1126400K)
[2019-12-09T03:54:46.463+0000][1][gc           ] GC(48) Pause Young (Allocation Failure) 185M->118M(247M) 3.665ms
[2019-12-09T03:54:46.463+0000][1][gc,cpu       ] GC(48) User=0.01s Sys=0.00s Real=0.00s
[2019-12-09T03:54:46.463+0000][1][safepoint    ] Leaving safepoint region
[2019-12-09T03:54:46.463+0000][1][safepoint    ] Total time for which application threads were stopped: 0.0038401 seconds, Stopping threads took: 0.0000170 seconds
[2019-12-09T03:54:47.464+0000][1][safepoint    ] Application time: 1.0000872 seconds
[2019-12-09T03:54:47.464+0000][1][safepoint    ] Entering safepoint region: Cleanup
[2019-12-09T03:54:47.464+0000][1][safepoint    ] Leaving safepoint region
[2019-12-09T03:54:47.464+0000][1][safepoint    ] Total time for which application threads were stopped: 0.0000935 seconds, Stopping threads took: 0.0000197 seconds
[2019-12-09T03:54:48.464+0000][1][safepoint    ] Application time: 1.0000749 seconds
[2019-12-09T03:54:48.464+0000][1][safepoint    ] Entering safepoint region: Cleanup
[2019-12-09T03:54:48.464+0000][1][safepoint    ] Leaving safepoint region
[2019-12-09T03:54:48.464+0000][1][safepoint    ] Total time for which application threads were stopped: 0.0000948 seconds, Stopping threads took: 0.0000179 seconds
[2019-12-09T03:54:49.464+0000][1][safepoint    ] Application time: 1.0000784 seconds
[2019-12-09T03:54:49.464+0000][1][safepoint    ] Entering safepoint region: Cleanup
[2019-12-09T03:54:49.464+0000][1][safepoint    ] Leaving safepoint region
[2019-12-09T03:54:49.464+0000][1][safepoint    ] Total time for which application threads were stopped: 0.0000924 seconds, Stopping threads took: 0.0000188 seconds
[2019-12-09T03:54:50.464+0000][1][safepoint    ] Application time: 1.0000771 seconds
[2019-12-09T03:54:50.464+0000][1][safepoint    ] Entering safepoint region: Cleanup
[2019-12-09T03:54:50.464+0000][1][safepoint    ] Leaving safepoint region
[2019-12-09T03:54:50.464+0000][1][safepoint    ] Total time for which application threads were stopped: 0.0000949 seconds, Stopping threads took: 0.0000205 seconds
[2019-12-09T03:54:51.464+0000][1][safepoint    ] Application time: 1.0000771 seconds
[2019-12-09T03:54:51.464+0000][1][safepoint    ] Entering safepoint region: Cleanup
[2019-12-09T03:54:51.465+0000][1][safepoint    ] Leaving safepoint region
[2019-12-09T03:54:51.465+0000][1][safepoint    ] Total time for which application threads were stopped: 0.0001012 seconds, Stopping threads took: 0.0000200 seconds
[2019-12-09T03:54:52.465+0000][1][safepoint    ] Application time: 1.0000759 seconds
[2019-12-09T03:54:52.465+0000][1][safepoint    ] Entering safepoint region: Cleanup
[2019-12-09T03:54:52.465+0000][1][safepoint    ] Leaving safepoint region
[2019-12-09T03:54:52.465+0000][1][safepoint    ] Total time for which application threads were stopped: 0.0001099 seconds, Stopping threads took: 0.0000176 seconds
[2019-12-09T03:54:53.465+0000][1][safepoint    ] Application time: 1.0000742 seconds
[2019-12-09T03:54:53.465+0000][1][safepoint    ] Entering safepoint region: Cleanup
[2019-12-09T03:54:53.465+0000][1][safepoint    ] Leaving safepoint region
[2019-12-09T03:54:53.465+0000][1][safepoint    ] Total time for which application threads were stopped: 0.0000957 seconds, Stopping threads took: 0.0000181 seconds
[2019-12-09T03:54:54.465+0000][1][safepoint    ] Application time: 1.0000758 seconds
[2019-12-09T03:54:54.465+0000][1][safepoint    ] Entering safepoint region: Cleanup
[2019-12-09T03:54:54.465+0000][1][safepoint    ] Leaving safepoint region
[2019-12-09T03:54:54.465+0000][1][safepoint    ] Total time for which application threads were stopped: 0.0000986 seconds, Stopping threads took: 0.0000205 seconds
[2019-12-09T03:54:55.465+0000][1][safepoint    ] Application time: 1.0000750 seconds
[2019-12-09T03:54:55.465+0000][1][safepoint    ] Entering safepoint region: Cleanup
[2019-12-09T03:54:55.465+0000][1][safepoint    ] Leaving safepoint region
[2019-12-09T03:54:55.465+0000][1][safepoint    ] Total time for which application threads were stopped: 0.0000942 seconds, Stopping threads took: 0.0000200 seconds
[2019-12-09T03:54:56.465+0000][1][safepoint    ] Application time: 1.0000749 seconds
[2019-12-09T03:54:56.466+0000][1][safepoint    ] Entering safepoint region: Cleanup
[2019-12-09T03:54:56.466+0000][1][safepoint    ] Leaving safepoint region
[2019-12-09T03:54:56.466+0000][1][safepoint    ] Total time for which application threads were stopped: 0.0000912 seconds, Stopping threads took: 0.0000207 seconds
[2019-12-09T03:54:57.466+0000][1][safepoint    ] Application time: 1.0000816 seconds
[2019-12-09T03:54:57.466+0000][1][safepoint    ] Entering safepoint region: Cleanup
[2019-12-09T03:54:57.466+0000][1][safepoint    ] Leaving safepoint region
[2019-12-09T03:54:57.466+0000][1][safepoint    ] Total time for which application threads were stopped: 0.0000957 seconds, Stopping threads took: 0.0000208 seconds
[2019-12-09T03:54:58.466+0000][1][safepoint    ] Application time: 1.0000679 seconds
[2019-12-09T03:54:58.466+0000][1][safepoint    ] Entering safepoint region: Cleanup
[2019-12-09T03:54:58.466+0000][1][safepoint    ] Leaving safepoint region
[2019-12-09T03:54:58.466+0000][1][safepoint    ] Total time for which application threads were stopped: 0.0000918 seconds, Stopping threads took: 0.0000190 seconds
[2019-12-09T03:54:59.466+0000][1][safepoint    ] Application time: 1.0000767 seconds
[2019-12-09T03:54:59.466+0000][1][safepoint    ] Entering safepoint region: Cleanup
[2019-12-09T03:54:59.466+0000][1][safepoint    ] Leaving safepoint region
[2019-12-09T03:54:59.466+0000][1][safepoint    ] Total time for which application threads were stopped: 0.0000910 seconds, Stopping threads took: 0.0000193 seconds
[2019-12-09T03:55:00.466+0000][1][safepoint    ] Application time: 1.0000765 seconds
[2019-12-09T03:55:00.466+0000][1][safepoint    ] Entering safepoint region: Cleanup
[2019-12-09T03:55:00.466+0000][1][safepoint    ] Leaving safepoint region
[2019-12-09T03:55:00.466+0000][1][safepoint    ] Total time for which application threads were stopped: 0.0001108 seconds, Stopping threads took: 0.0000293 seconds
[2019-12-09T03:55:01.467+0000][1][safepoint    ] Application time: 1.0000779 seconds
[2019-12-09T03:55:01.467+0000][1][safepoint    ] Entering safepoint region: Cleanup
[2019-12-09T03:55:01.467+0000][1][safepoint    ] Leaving safepoint region
[2019-12-09T03:55:01.467+0000][1][safepoint    ] Total time for which application threads were stopped: 0.0001148 seconds, Stopping threads took: 0.0000210 seconds
[2019-12-09T03:55:02.467+0000][1][safepoint    ] Application time: 1.0000781 seconds
[2019-12-09T03:55:02.467+0000][1][safepoint    ] Entering safepoint region: Cleanup
[2019-12-09T03:55:02.467+0000][1][safepoint    ] Leaving safepoint region
[2019-12-09T03:55:02.467+0000][1][safepoint    ] Total time for which application threads were stopped: 0.0000973 seconds, Stopping threads took: 0.0000210 seconds
[2019-12-09T03:55:03.467+0000][1][safepoint    ] Application time: 1.0000754 seconds
[2019-12-09T03:55:03.467+0000][1][safepoint    ] Entering safepoint region: Cleanup
[2019-12-09T03:55:03.467+0000][1][safepoint    ] Leaving safepoint region
[2019-12-09T03:55:03.467+0000][1][safepoint    ] Total time for which application threads were stopped: 0.0000993 seconds, Stopping threads took: 0.0000200 seconds
[2019-12-09T03:55:04.467+0000][1][safepoint    ] Application time: 1.0000769 seconds
[2019-12-09T03:55:04.467+0000][1][safepoint    ] Entering safepoint region: Cleanup
[2019-12-09T03:55:04.467+0000][1][safepoint    ] Leaving safepoint region
[2019-12-09T03:55:04.467+0000][1][safepoint    ] Total time for which application threads were stopped: 0.0000959 seconds, Stopping threads took: 0.0000210 seconds
[2019-12-09T03:55:05.467+0000][1][safepoint    ] Application time: 1.0000775 seconds
[2019-12-09T03:55:05.468+0000][1][safepoint    ] Entering safepoint region: Cleanup
[2019-12-09T03:55:05.468+0000][1][safepoint    ] Leaving safepoint region
[2019-12-09T03:55:05.468+0000][1][safepoint    ] Total time for which application threads were stopped: 0.0001209 seconds, Stopping threads took: 0.0000200 seconds
[2019-12-09T03:55:06.468+0000][1][safepoint    ] Application time: 1.0000773 seconds
[2019-12-09T03:55:06.468+0000][1][safepoint    ] Entering safepoint region: Cleanup
[2019-12-09T03:55:06.468+0000][1][safepoint    ] Leaving safepoint region
[2019-12-09T03:55:06.468+0000][1][safepoint    ] Total time for which application threads were stopped: 0.0000927 seconds, Stopping threads took: 0.0000196 seconds
[2019-12-09T03:55:07.468+0000][1][safepoint    ] Application time: 1.0000760 seconds
[2019-12-09T03:55:07.468+0000][1][safepoint    ] Entering safepoint region: Cleanup
[2019-12-09T03:55:07.468+0000][1][safepoint    ] Leaving safepoint region
[2019-12-09T03:55:07.468+0000][1][safepoint    ] Total time for which application threads were stopped: 0.0000935 seconds, Stopping threads took: 0.0000197 seconds
[2019-12-09T03:55:08.468+0000][1][safepoint    ] Application time: 1.0000775 seconds
[2019-12-09T03:55:08.468+0000][1][safepoint    ] Entering safepoint region: Cleanup
[2019-12-09T03:55:08.468+0000][1][safepoint    ] Leaving safepoint region
[2019-12-09T03:55:08.468+0000][1][safepoint    ] Total time for which application threads were stopped: 0.0001026 seconds, Stopping threads took: 0.0000197 seconds
[2019-12-09T03:55:09.468+0000][1][safepoint    ] Application time: 1.0000749 seconds
[2019-12-09T03:55:09.468+0000][1][safepoint    ] Entering safepoint region: Cleanup
[2019-12-09T03:55:09.468+0000][1][safepoint    ] Leaving safepoint region
[2019-12-09T03:55:09.468+0000][1][safepoint    ] Total time for which application threads were stopped: 0.0000952 seconds, Stopping threads took: 0.0000216 seconds
[2019-12-09T03:55:10.469+0000][1][safepoint    ] Application time: 1.0000758 seconds
[2019-12-09T03:55:10.469+0000][1][safepoint    ] Entering safepoint region: Cleanup
[2019-12-09T03:55:10.469+0000][1][safepoint    ] Leaving safepoint region
[2019-12-09T03:55:10.469+0000][1][safepoint    ] Total time for which application threads were stopped: 0.0000946 seconds, Stopping threads took: 0.0000181 seconds
[2019-12-09T03:55:11.469+0000][1][safepoint    ] Application time: 1.0000742 seconds
[2019-12-09T03:55:11.469+0000][1][safepoint    ] Entering safepoint region: Cleanup
[2019-12-09T03:55:11.469+0000][1][safepoint    ] Leaving safepoint region
[2019-12-09T03:55:11.469+0000][1][safepoint    ] Total time for which application threads were stopped: 0.0000932 seconds, Stopping threads took: 0.0000218 seconds
[2019-12-09T03:55:12.469+0000][1][safepoint    ] Application time: 1.0000766 seconds
[2019-12-09T03:55:12.469+0000][1][safepoint    ] Entering safepoint region: Cleanup
[2019-12-09T03:55:12.469+0000][1][safepoint    ] Leaving safepoint region
[2019-12-09T03:55:12.469+0000][1][safepoint    ] Total time for which application threads were stopped: 0.0000984 seconds, Stopping threads took: 0.0000207 seconds
[2019-12-09T03:55:13.469+0000][1][safepoint    ] Application time: 1.0000910 seconds
[2019-12-09T03:55:13.469+0000][1][safepoint    ] Entering safepoint region: Cleanup
[2019-12-09T03:55:13.469+0000][1][safepoint    ] Leaving safepoint region
[2019-12-09T03:55:13.469+0000][1][safepoint    ] Total time for which application threads were stopped: 0.0001331 seconds, Stopping threads took: 0.0000262 seconds
[2019-12-09T03:55:14.469+0000][1][safepoint    ] Application time: 1.0000811 seconds
[2019-12-09T03:55:14.470+0000][1][safepoint    ] Entering safepoint region: Cleanup
[2019-12-09T03:55:14.470+0000][1][safepoint    ] Leaving safepoint region
[2019-12-09T03:55:14.470+0000][1][safepoint    ] Total time for which application threads were stopped: 0.0001041 seconds, Stopping threads took: 0.0000183 seconds
[2019-12-09T03:55:15.470+0000][1][safepoint    ] Application time: 1.0000802 seconds
[2019-12-09T03:55:15.470+0000][1][safepoint    ] Entering safepoint region: Cleanup
[2019-12-09T03:55:15.470+0000][1][safepoint    ] Leaving safepoint region
[2019-12-09T03:55:15.470+0000][1][safepoint    ] Total time for which application threads were stopped: 0.0000923 seconds, Stopping threads took: 0.0000193 seconds
[2019-12-09T03:55:16.470+0000][1][safepoint    ] Application time: 1.0000776 seconds
[2019-12-09T03:55:16.470+0000][1][safepoint    ] Entering safepoint region: Cleanup
[2019-12-09T03:55:16.470+0000][1][safepoint    ] Leaving safepoint region
[2019-12-09T03:55:16.470+0000][1][safepoint    ] Total time for which application threads were stopped: 0.0000920 seconds, Stopping threads took: 0.0000205 seconds
[2019-12-09T03:55:17.470+0000][1][safepoint    ] Application time: 1.0000802 seconds
[2019-12-09T03:55:17.470+0000][1][safepoint    ] Entering safepoint region: Cleanup
[2019-12-09T03:55:17.470+0000][1][safepoint    ] Leaving safepoint region
[2019-12-09T03:55:17.470+0000][1][safepoint    ] Total time for which application threads were stopped: 0.0000936 seconds, Stopping threads took: 0.0000203 seconds
[2019-12-09T03:55:18.470+0000][1][safepoint    ] Application time: 1.0000759 seconds
[2019-12-09T03:55:18.470+0000][1][safepoint    ] Entering safepoint region: Cleanup
[2019-12-09T03:55:18.470+0000][1][safepoint    ] Leaving safepoint region
[2019-12-09T03:55:18.470+0000][1][safepoint    ] Total time for which application threads were stopped: 0.0000940 seconds, Stopping threads took: 0.0000209 seconds
[2019-12-09T03:55:19.471+0000][1][safepoint    ] Application time: 1.0000775 seconds
[2019-12-09T03:55:19.471+0000][1][safepoint    ] Entering safepoint region: Cleanup
[2019-12-09T03:55:19.471+0000][1][safepoint    ] Leaving safepoint region
[2019-12-09T03:55:19.471+0000][1][safepoint    ] Total time for which application threads were stopped: 0.0001095 seconds, Stopping threads took: 0.0000210 seconds
[2019-12-09T03:55:20.471+0000][1][safepoint    ] Application time: 1.0000762 seconds
[2019-12-09T03:55:20.471+0000][1][safepoint    ] Entering safepoint region: Cleanup
[2019-12-09T03:55:20.471+0000][1][safepoint    ] Leaving safepoint region
[2019-12-09T03:55:20.471+0000][1][safepoint    ] Total time for which application threads were stopped: 0.0001010 seconds, Stopping threads took: 0.0000196 seconds
[2019-12-09T03:55:21.471+0000][1][safepoint    ] Application time: 1.0000759 seconds
[2019-12-09T03:55:21.471+0000][1][safepoint    ] Entering safepoint region: Cleanup
[2019-12-09T03:55:21.471+0000][1][safepoint    ] Leaving safepoint region
[2019-12-09T03:55:21.471+0000][1][safepoint    ] Total time for which application threads were stopped: 0.0000933 seconds, Stopping threads took: 0.0000210 seconds
[2019-12-09T03:55:22.471+0000][1][safepoint    ] Application time: 1.0000760 seconds
[2019-12-09T03:55:22.471+0000][1][safepoint    ] Entering safepoint region: Cleanup
[2019-12-09T03:55:22.471+0000][1][safepoint    ] Leaving safepoint region
[2019-12-09T03:55:22.471+0000][1][safepoint    ] Total time for which application threads were stopped: 0.0000944 seconds, Stopping threads took: 0.0000208 seconds
[2019-12-09T03:55:23.471+0000][1][safepoint    ] Application time: 1.0000770 seconds
[2019-12-09T03:55:23.472+0000][1][safepoint    ] Entering safepoint region: Cleanup
[2019-12-09T03:55:23.472+0000][1][safepoint    ] Leaving safepoint region
[2019-12-09T03:55:23.472+0000][1][safepoint    ] Total time for which application threads were stopped: 0.0001002 seconds, Stopping threads took: 0.0000199 seconds
[2019-12-09T03:55:24.472+0000][1][safepoint    ] Application time: 1.0000886 seconds
[2019-12-09T03:55:24.472+0000][1][safepoint    ] Entering safepoint region: Cleanup
[2019-12-09T03:55:24.472+0000][1][safepoint    ] Leaving safepoint region
[2019-12-09T03:55:24.472+0000][1][safepoint    ] Total time for which application threads were stopped: 0.0000946 seconds, Stopping threads took: 0.0000207 seconds
[2019-12-09T03:55:25.472+0000][1][safepoint    ] Application time: 1.0000789 seconds
[2019-12-09T03:55:25.472+0000][1][safepoint    ] Entering safepoint region: Cleanup
[2019-12-09T03:55:25.472+0000][1][safepoint    ] Leaving safepoint region
[2019-12-09T03:55:25.472+0000][1][safepoint    ] Total time for which application threads were stopped: 0.0000923 seconds, Stopping threads took: 0.0000198 seconds
[2019-12-09T03:55:26.472+0000][1][safepoint    ] Application time: 1.0000756 seconds
[2019-12-09T03:55:26.472+0000][1][safepoint    ] Entering safepoint region: Cleanup
[2019-12-09T03:55:26.472+0000][1][safepoint    ] Leaving safepoint region
[2019-12-09T03:55:26.472+0000][1][safepoint    ] Total time for which application threads were stopped: 0.0000932 seconds, Stopping threads took: 0.0000209 seconds
[2019-12-09T03:55:27.472+0000][1][safepoint    ] Application time: 1.0000745 seconds
[2019-12-09T03:55:27.472+0000][1][safepoint    ] Entering safepoint region: Cleanup
[2019-12-09T03:55:27.472+0000][1][safepoint    ] Leaving safepoint region
[2019-12-09T03:55:27.472+0000][1][safepoint    ] Total time for which application threads were stopped: 0.0000899 seconds, Stopping threads took: 0.0000175 seconds
[2019-12-09T03:55:28.473+0000][1][safepoint    ] Application time: 1.0000766 seconds
[2019-12-09T03:55:28.473+0000][1][safepoint    ] Entering safepoint region: Cleanup
[2019-12-09T03:55:28.473+0000][1][safepoint    ] Leaving safepoint region
[2019-12-09T03:55:28.473+0000][1][safepoint    ] Total time for which application threads were stopped: 0.0000908 seconds, Stopping threads took: 0.0000201 seconds
[2019-12-09T03:55:29.473+0000][1][safepoint    ] Application time: 1.0000878 seconds
[2019-12-09T03:55:29.473+0000][1][safepoint    ] Entering safepoint region: Cleanup
[2019-12-09T03:55:29.473+0000][1][safepoint    ] Leaving safepoint region
[2019-12-09T03:55:29.473+0000][1][safepoint    ] Total time for which application threads were stopped: 0.0001099 seconds, Stopping threads took: 0.0000189 seconds
[2019-12-09T03:55:30.473+0000][1][safepoint    ] Application time: 1.0000767 seconds
[2019-12-09T03:55:30.473+0000][1][safepoint    ] Entering safepoint region: Cleanup
[2019-12-09T03:55:30.473+0000][1][safepoint    ] Leaving safepoint region
[2019-12-09T03:55:30.473+0000][1][safepoint    ] Total time for which application threads were stopped: 0.0000990 seconds, Stopping threads took: 0.0000280 seconds
[2019-12-09T03:55:31.473+0000][1][safepoint    ] Application time: 1.0000777 seconds
[2019-12-09T03:55:31.473+0000][1][safepoint    ] Entering safepoint region: Cleanup
[2019-12-09T03:55:31.473+0000][1][safepoint    ] Leaving safepoint region
[2019-12-09T03:55:31.473+0000][1][safepoint    ] Total time for which application threads were stopped: 0.0001011 seconds, Stopping threads took: 0.0000261 seconds
[2019-12-09T03:55:32.473+0000][1][safepoint    ] Application time: 1.0000752 seconds
[2019-12-09T03:55:32.473+0000][1][safepoint    ] Entering safepoint region: Cleanup
[2019-12-09T03:55:32.474+0000][1][safepoint    ] Leaving safepoint region
[2019-12-09T03:55:32.474+0000][1][safepoint    ] Total time for which application threads were stopped: 0.0001011 seconds, Stopping threads took: 0.0000185 seconds
[2019-12-09T03:55:33.474+0000][1][safepoint    ] Application time: 1.0000760 seconds
[2019-12-09T03:55:33.474+0000][1][safepoint    ] Entering safepoint region: Cleanup
[2019-12-09T03:55:33.474+0000][1][safepoint    ] Leaving safepoint region
[2019-12-09T03:55:33.474+0000][1][safepoint    ] Total time for which application threads were stopped: 0.0000979 seconds, Stopping threads took: 0.0000170 seconds
[2019-12-09T03:55:34.474+0000][1][safepoint    ] Application time: 1.0000757 seconds
[2019-12-09T03:55:34.474+0000][1][safepoint    ] Entering safepoint region: Cleanup
[2019-12-09T03:55:34.474+0000][1][safepoint    ] Leaving safepoint region
[2019-12-09T03:55:34.474+0000][1][safepoint    ] Total time for which application threads were stopped: 0.0000912 seconds, Stopping threads took: 0.0000192 seconds
[2019-12-09T03:55:35.474+0000][1][safepoint    ] Application time: 1.0000760 seconds
[2019-12-09T03:55:35.474+0000][1][safepoint    ] Entering safepoint region: Cleanup
[2019-12-09T03:55:35.474+0000][1][safepoint    ] Leaving safepoint region
[2019-12-09T03:55:35.474+0000][1][safepoint    ] Total time for which application threads were stopped: 0.0000943 seconds, Stopping threads took: 0.0000208 seconds
[2019-12-09T03:55:36.474+0000][1][safepoint    ] Application time: 1.0000764 seconds
[2019-12-09T03:55:36.474+0000][1][safepoint    ] Entering safepoint region: Cleanup
[2019-12-09T03:55:36.474+0000][1][safepoint    ] Leaving safepoint region
[2019-12-09T03:55:36.474+0000][1][safepoint    ] Total time for which application threads were stopped: 0.0000912 seconds, Stopping threads took: 0.0000196 seconds
[2019-12-09T03:55:37.475+0000][1][safepoint    ] Application time: 1.0000756 seconds
[2019-12-09T03:55:37.475+0000][1][safepoint    ] Entering safepoint region: Cleanup
[2019-12-09T03:55:37.475+0000][1][safepoint    ] Leaving safepoint region
[2019-12-09T03:55:37.475+0000][1][safepoint    ] Total time for which application threads were stopped: 0.0000926 seconds, Stopping threads took: 0.0000195 seconds
[2019-12-09T03:55:38.475+0000][1][safepoint    ] Application time: 1.0000743 seconds
[2019-12-09T03:55:38.475+0000][1][safepoint    ] Entering safepoint region: Cleanup
[2019-12-09T03:55:38.475+0000][1][safepoint    ] Leaving safepoint region
[2019-12-09T03:55:38.475+0000][1][safepoint    ] Total time for which application threads were stopped: 0.0001009 seconds, Stopping threads took: 0.0000177 seconds
[2019-12-09T03:55:39.475+0000][1][safepoint    ] Application time: 1.0000760 seconds
[2019-12-09T03:55:39.475+0000][1][safepoint    ] Entering safepoint region: Cleanup
[2019-12-09T03:55:39.475+0000][1][safepoint    ] Leaving safepoint region
[2019-12-09T03:55:39.475+0000][1][safepoint    ] Total time for which application threads were stopped: 0.0000964 seconds, Stopping threads took: 0.0000201 seconds
[2019-12-09T03:55:40.475+0000][1][safepoint    ] Application time: 1.0000755 seconds
[2019-12-09T03:55:40.475+0000][1][safepoint    ] Entering safepoint region: Cleanup
[2019-12-09T03:55:40.475+0000][1][safepoint    ] Leaving safepoint region
[2019-12-09T03:55:40.475+0000][1][safepoint    ] Total time for which application threads were stopped: 0.0000957 seconds, Stopping threads took: 0.0000210 seconds
[2019-12-09T03:55:41.475+0000][1][safepoint    ] Application time: 1.0000738 seconds
[2019-12-09T03:55:41.475+0000][1][safepoint    ] Entering safepoint region: Cleanup
[2019-12-09T03:55:41.475+0000][1][safepoint    ] Leaving safepoint region
[2019-12-09T03:55:41.476+0000][1][safepoint    ] Total time for which application threads were stopped: 0.0001063 seconds, Stopping threads took: 0.0000267 seconds
[2019-12-09T03:55:42.476+0000][1][safepoint    ] Application time: 1.0000757 seconds
[2019-12-09T03:55:42.476+0000][1][safepoint    ] Entering safepoint region: Cleanup
[2019-12-09T03:55:42.476+0000][1][safepoint    ] Leaving safepoint region
[2019-12-09T03:55:42.476+0000][1][safepoint    ] Total time for which application threads were stopped: 0.0001101 seconds, Stopping threads took: 0.0000205 seconds
[2019-12-09T03:55:43.476+0000][1][safepoint    ] Application time: 1.0000789 seconds
[2019-12-09T03:55:43.476+0000][1][safepoint    ] Entering safepoint region: Cleanup
[2019-12-09T03:55:43.476+0000][1][safepoint    ] Leaving safepoint region
[2019-12-09T03:55:43.476+0000][1][safepoint    ] Total time for which application threads were stopped: 0.0001226 seconds, Stopping threads took: 0.0000246 seconds
[2019-12-09T03:55:44.476+0000][1][safepoint    ] Application time: 1.0000764 seconds
[2019-12-09T03:55:44.476+0000][1][safepoint    ] Entering safepoint region: Cleanup
[2019-12-09T03:55:44.476+0000][1][safepoint    ] Leaving safepoint region
[2019-12-09T03:55:44.476+0000][1][safepoint    ] Total time for which application threads were stopped: 0.0000912 seconds, Stopping threads took: 0.0000182 seconds
[2019-12-09T03:55:45.476+0000][1][safepoint    ] Application time: 1.0000756 seconds
[2019-12-09T03:55:45.476+0000][1][safepoint    ] Entering safepoint region: Cleanup
[2019-12-09T03:55:45.476+0000][1][safepoint    ] Leaving safepoint region
[2019-12-09T03:55:45.476+0000][1][safepoint    ] Total time for which application threads were stopped: 0.0000984 seconds, Stopping threads took: 0.0000188 seconds
[2019-12-09T03:55:46.477+0000][1][safepoint    ] Application time: 1.0000770 seconds
[2019-12-09T03:55:46.477+0000][1][safepoint    ] Entering safepoint region: Cleanup
[2019-12-09T03:55:46.477+0000][1][safepoint    ] Leaving safepoint region
[2019-12-09T03:55:46.477+0000][1][safepoint    ] Total time for which application threads were stopped: 0.0000958 seconds, Stopping threads took: 0.0000223 seconds
[2019-12-09T03:55:47.477+0000][1][safepoint    ] Application time: 1.0000746 seconds
[2019-12-09T03:55:47.477+0000][1][safepoint    ] Entering safepoint region: Cleanup
[2019-12-09T03:55:47.477+0000][1][safepoint    ] Leaving safepoint region
[2019-12-09T03:55:47.477+0000][1][safepoint    ] Total time for which application threads were stopped: 0.0001014 seconds, Stopping threads took: 0.0000204 seconds
[2019-12-09T03:55:48.477+0000][1][safepoint    ] Application time: 1.0000768 seconds
[2019-12-09T03:55:48.477+0000][1][safepoint    ] Entering safepoint region: Cleanup
[2019-12-09T03:55:48.477+0000][1][safepoint    ] Leaving safepoint region
[2019-12-09T03:55:48.477+0000][1][safepoint    ] Total time for which application threads were stopped: 0.0000878 seconds, Stopping threads took: 0.0000177 seconds
[2019-12-09T03:55:49.477+0000][1][safepoint    ] Application time: 1.0000767 seconds
[2019-12-09T03:55:49.477+0000][1][safepoint    ] Entering safepoint region: Cleanup
[2019-12-09T03:55:49.477+0000][1][safepoint    ] Leaving safepoint region
[2019-12-09T03:55:49.477+0000][1][safepoint    ] Total time for which application threads were stopped: 0.0000942 seconds, Stopping threads took: 0.0000171 seconds
[2019-12-09T03:55:50.477+0000][1][safepoint    ] Application time: 1.0000783 seconds
[2019-12-09T03:55:50.477+0000][1][safepoint    ] Entering safepoint region: Cleanup
[2019-12-09T03:55:50.477+0000][1][safepoint    ] Leaving safepoint region
[2019-12-09T03:55:50.477+0000][1][safepoint    ] Total time for which application threads were stopped: 0.0001015 seconds, Stopping threads took: 0.0000216 seconds
[2019-12-09T03:55:51.478+0000][1][safepoint    ] Application time: 1.0000784 seconds
[2019-12-09T03:55:51.478+0000][1][safepoint    ] Entering safepoint region: Cleanup
[2019-12-09T03:55:51.478+0000][1][safepoint    ] Leaving safepoint region
[2019-12-09T03:55:51.478+0000][1][safepoint    ] Total time for which application threads were stopped: 0.0001251 seconds, Stopping threads took: 0.0000298 seconds
[2019-12-09T03:55:52.478+0000][1][safepoint    ] Application time: 1.0000785 seconds
[2019-12-09T03:55:52.478+0000][1][safepoint    ] Entering safepoint region: Cleanup
[2019-12-09T03:55:52.478+0000][1][safepoint    ] Leaving safepoint region
[2019-12-09T03:55:52.478+0000][1][safepoint    ] Total time for which application threads were stopped: 0.0000959 seconds, Stopping threads took: 0.0000198 seconds
[2019-12-09T03:55:53.478+0000][1][safepoint    ] Application time: 1.0000768 seconds
[2019-12-09T03:55:53.478+0000][1][safepoint    ] Entering safepoint region: Cleanup
[2019-12-09T03:55:53.478+0000][1][safepoint    ] Leaving safepoint region
[2019-12-09T03:55:53.478+0000][1][safepoint    ] Total time for which application threads were stopped: 0.0000970 seconds, Stopping threads took: 0.0000186 seconds
[2019-12-09T03:55:54.478+0000][1][safepoint    ] Application time: 1.0000753 seconds
[2019-12-09T03:55:54.478+0000][1][safepoint    ] Entering safepoint region: Cleanup
[2019-12-09T03:55:54.478+0000][1][safepoint    ] Leaving safepoint region
[2019-12-09T03:55:54.478+0000][1][safepoint    ] Total time for which application threads were stopped: 0.0000940 seconds, Stopping threads took: 0.0000210 seconds
[2019-12-09T03:55:55.478+0000][1][safepoint    ] Application time: 1.0000807 seconds
[2019-12-09T03:55:55.479+0000][1][safepoint    ] Entering safepoint region: Cleanup
[2019-12-09T03:55:55.479+0000][1][safepoint    ] Leaving safepoint region
[2019-12-09T03:55:55.479+0000][1][safepoint    ] Total time for which application threads were stopped: 0.0000935 seconds, Stopping threads took: 0.0000210 seconds
[2019-12-09T03:55:56.479+0000][1][safepoint    ] Application time: 1.0000765 seconds
[2019-12-09T03:55:56.479+0000][1][safepoint    ] Entering safepoint region: Cleanup
[2019-12-09T03:55:56.479+0000][1][safepoint    ] Leaving safepoint region
[2019-12-09T03:55:56.479+0000][1][safepoint    ] Total time for which application threads were stopped: 0.0001025 seconds, Stopping threads took: 0.0000213 seconds
[2019-12-09T03:55:57.479+0000][1][safepoint    ] Application time: 1.0000789 seconds
[2019-12-09T03:55:57.479+0000][1][safepoint    ] Entering safepoint region: Cleanup
[2019-12-09T03:55:57.479+0000][1][safepoint    ] Leaving safepoint region
[2019-12-09T03:55:57.479+0000][1][safepoint    ] Total time for which application threads were stopped: 0.0000940 seconds, Stopping threads took: 0.0000196 seconds
[2019-12-09T03:55:58.479+0000][1][safepoint    ] Application time: 1.0000772 seconds
[2019-12-09T03:55:58.479+0000][1][safepoint    ] Entering safepoint region: Cleanup
[2019-12-09T03:55:58.479+0000][1][safepoint    ] Leaving safepoint region
[2019-12-09T03:55:58.479+0000][1][safepoint    ] Total time for which application threads were stopped: 0.0000928 seconds, Stopping threads took: 0.0000206 seconds
[2019-12-09T03:55:59.479+0000][1][safepoint    ] Application time: 1.0000768 seconds
[2019-12-09T03:55:59.479+0000][1][safepoint    ] Entering safepoint region: Cleanup
[2019-12-09T03:55:59.479+0000][1][safepoint    ] Leaving safepoint region
[2019-12-09T03:55:59.479+0000][1][safepoint    ] Total time for which application threads were stopped: 0.0000930 seconds, Stopping threads took: 0.0000198 seconds
[2019-12-09T03:56:00.480+0000][1][safepoint    ] Application time: 1.0000768 seconds
[2019-12-09T03:56:00.480+0000][1][safepoint    ] Entering safepoint region: Cleanup
[2019-12-09T03:56:00.480+0000][1][safepoint    ] Leaving safepoint region
[2019-12-09T03:56:00.480+0000][1][safepoint    ] Total time for which application threads were stopped: 0.0001146 seconds, Stopping threads took: 0.0000279 seconds
[2019-12-09T03:56:01.480+0000][1][safepoint    ] Application time: 1.0000754 seconds
[2019-12-09T03:56:01.480+0000][1][safepoint    ] Entering safepoint region: Cleanup
[2019-12-09T03:56:01.480+0000][1][safepoint    ] Leaving safepoint region
[2019-12-09T03:56:01.480+0000][1][safepoint    ] Total time for which application threads were stopped: 0.0001028 seconds, Stopping threads took: 0.0000207 seconds
[2019-12-09T03:56:02.480+0000][1][safepoint    ] Application time: 1.0000761 seconds
[2019-12-09T03:56:02.480+0000][1][safepoint    ] Entering safepoint region: Cleanup
[2019-12-09T03:56:02.480+0000][1][safepoint    ] Leaving safepoint region
[2019-12-09T03:56:02.480+0000][1][safepoint    ] Total time for which application threads were stopped: 0.0000993 seconds, Stopping threads took: 0.0000200 seconds
[2019-12-09T03:56:03.480+0000][1][safepoint    ] Application time: 1.0000771 seconds
[2019-12-09T03:56:03.480+0000][1][safepoint    ] Entering safepoint region: Cleanup
[2019-12-09T03:56:03.480+0000][1][safepoint    ] Leaving safepoint region
[2019-12-09T03:56:03.480+0000][1][safepoint    ] Total time for which application threads were stopped: 0.0000920 seconds, Stopping threads took: 0.0000196 seconds
[2019-12-09T03:56:04.480+0000][1][safepoint    ] Application time: 1.0000766 seconds
[2019-12-09T03:56:04.480+0000][1][safepoint    ] Entering safepoint region: Cleanup
[2019-12-09T03:56:04.481+0000][1][safepoint    ] Leaving safepoint region
[2019-12-09T03:56:04.481+0000][1][safepoint    ] Total time for which application threads were stopped: 0.0000972 seconds, Stopping threads took: 0.0000219 seconds
[2019-12-09T03:56:05.481+0000][1][safepoint    ] Application time: 1.0000773 seconds
[2019-12-09T03:56:05.481+0000][1][safepoint    ] Entering safepoint region: Cleanup
[2019-12-09T03:56:05.481+0000][1][safepoint    ] Leaving safepoint region
[2019-12-09T03:56:05.481+0000][1][safepoint    ] Total time for which application threads were stopped: 0.0000996 seconds, Stopping threads took: 0.0000206 seconds
[2019-12-09T03:56:06.481+0000][1][safepoint    ] Application time: 1.0000753 seconds
[2019-12-09T03:56:06.481+0000][1][safepoint    ] Entering safepoint region: Cleanup
[2019-12-09T03:56:06.481+0000][1][safepoint    ] Leaving safepoint region
[2019-12-09T03:56:06.481+0000][1][safepoint    ] Total time for which application threads were stopped: 0.0000885 seconds, Stopping threads took: 0.0000177 seconds
[2019-12-09T03:56:07.481+0000][1][safepoint    ] Application time: 1.0000766 seconds
[2019-12-09T03:56:07.481+0000][1][safepoint    ] Entering safepoint region: Cleanup
[2019-12-09T03:56:07.481+0000][1][safepoint    ] Leaving safepoint region
[2019-12-09T03:56:07.481+0000][1][safepoint    ] Total time for which application threads were stopped: 0.0000908 seconds, Stopping threads took: 0.0000179 seconds
[2019-12-09T03:56:08.481+0000][1][safepoint    ] Application time: 1.0000765 seconds
[2019-12-09T03:56:08.481+0000][1][safepoint    ] Entering safepoint region: Cleanup
[2019-12-09T03:56:08.481+0000][1][safepoint    ] Leaving safepoint region
[2019-12-09T03:56:08.481+0000][1][safepoint    ] Total time for which application threads were stopped: 0.0000986 seconds, Stopping threads took: 0.0000199 seconds
[2019-12-09T03:56:09.482+0000][1][safepoint    ] Application time: 1.0000760 seconds
[2019-12-09T03:56:09.482+0000][1][safepoint    ] Entering safepoint region: Cleanup
[2019-12-09T03:56:09.482+0000][1][safepoint    ] Leaving safepoint region
[2019-12-09T03:56:09.482+0000][1][safepoint    ] Total time for which application threads were stopped: 0.0000921 seconds, Stopping threads took: 0.0000206 seconds
[2019-12-09T03:56:10.482+0000][1][safepoint    ] Application time: 1.0000765 seconds
[2019-12-09T03:56:10.482+0000][1][safepoint    ] Entering safepoint region: Cleanup
[2019-12-09T03:56:10.482+0000][1][safepoint    ] Leaving safepoint region
[2019-12-09T03:56:10.482+0000][1][safepoint    ] Total time for which application threads were stopped: 0.0000920 seconds, Stopping threads took: 0.0000185 seconds
[2019-12-09T03:56:11.482+0000][1][safepoint    ] Application time: 1.0000767 seconds
[2019-12-09T03:56:11.482+0000][1][safepoint    ] Entering safepoint region: Cleanup
[2019-12-09T03:56:11.482+0000][1][safepoint    ] Leaving safepoint region
[2019-12-09T03:56:11.482+0000][1][safepoint    ] Total time for which application threads were stopped: 0.0001078 seconds, Stopping threads took: 0.0000185 seconds
[2019-12-09T03:56:12.482+0000][1][safepoint    ] Application time: 1.0000750 seconds
[2019-12-09T03:56:12.482+0000][1][safepoint    ] Entering safepoint region: Cleanup
[2019-12-09T03:56:12.482+0000][1][safepoint    ] Leaving safepoint region
[2019-12-09T03:56:12.482+0000][1][safepoint    ] Total time for which application threads were stopped: 0.0000901 seconds, Stopping threads took: 0.0000170 seconds
[2019-12-09T03:56:13.482+0000][1][safepoint    ] Application time: 1.0000746 seconds
[2019-12-09T03:56:13.482+0000][1][safepoint    ] Entering safepoint region: Cleanup
[2019-12-09T03:56:13.483+0000][1][safepoint    ] Leaving safepoint region
[2019-12-09T03:56:13.483+0000][1][safepoint    ] Total time for which application threads were stopped: 0.0000923 seconds, Stopping threads took: 0.0000192 seconds
[2019-12-09T03:56:14.483+0000][1][safepoint    ] Application time: 1.0000751 seconds
[2019-12-09T03:56:14.483+0000][1][safepoint    ] Entering safepoint region: Cleanup
[2019-12-09T03:56:14.483+0000][1][safepoint    ] Leaving safepoint region
[2019-12-09T03:56:14.483+0000][1][safepoint    ] Total time for which application threads were stopped: 0.0001109 seconds, Stopping threads took: 0.0000181 seconds
[2019-12-09T03:56:15.483+0000][1][safepoint    ] Application time: 1.0000745 seconds
[2019-12-09T03:56:15.483+0000][1][safepoint    ] Entering safepoint region: Cleanup
[2019-12-09T03:56:15.483+0000][1][safepoint    ] Leaving safepoint region
[2019-12-09T03:56:15.483+0000][1][safepoint    ] Total time for which application threads were stopped: 0.0000915 seconds, Stopping threads took: 0.0000179 seconds
[2019-12-09T03:56:16.483+0000][1][safepoint    ] Application time: 1.0000765 seconds
[2019-12-09T03:56:16.483+0000][1][safepoint    ] Entering safepoint region: Cleanup
[2019-12-09T03:56:16.483+0000][1][safepoint    ] Leaving safepoint region
[2019-12-09T03:56:16.483+0000][1][safepoint    ] Total time for which application threads were stopped: 0.0000908 seconds, Stopping threads took: 0.0000185 seconds
[2019-12-09T03:56:17.483+0000][1][safepoint    ] Application time: 1.0000758 seconds
[2019-12-09T03:56:17.483+0000][1][safepoint    ] Entering safepoint region: Cleanup
[2019-12-09T03:56:17.483+0000][1][safepoint    ] Leaving safepoint region
[2019-12-09T03:56:17.483+0000][1][safepoint    ] Total time for which application threads were stopped: 0.0000983 seconds, Stopping threads took: 0.0000188 seconds
[2019-12-09T03:56:18.483+0000][1][safepoint    ] Application time: 1.0000765 seconds
[2019-12-09T03:56:18.484+0000][1][safepoint    ] Entering safepoint region: Cleanup
[2019-12-09T03:56:18.484+0000][1][safepoint    ] Leaving safepoint region
[2019-12-09T03:56:18.484+0000][1][safepoint    ] Total time for which application threads were stopped: 0.0000930 seconds, Stopping threads took: 0.0000186 seconds
[2019-12-09T03:56:19.484+0000][1][safepoint    ] Application time: 1.0000768 seconds
[2019-12-09T03:56:19.484+0000][1][safepoint    ] Entering safepoint region: Cleanup
[2019-12-09T03:56:19.484+0000][1][safepoint    ] Leaving safepoint region
[2019-12-09T03:56:19.484+0000][1][safepoint    ] Total time for which application threads were stopped: 0.0000929 seconds, Stopping threads took: 0.0000186 seconds
[2019-12-09T03:56:20.484+0000][1][safepoint    ] Application time: 1.0000773 seconds
[2019-12-09T03:56:20.484+0000][1][safepoint    ] Entering safepoint region: Cleanup
[2019-12-09T03:56:20.484+0000][1][safepoint    ] Leaving safepoint region
[2019-12-09T03:56:20.484+0000][1][safepoint    ] Total time for which application threads were stopped: 0.0000966 seconds, Stopping threads took: 0.0000190 seconds
[2019-12-09T03:56:21.484+0000][1][safepoint    ] Application time: 1.0000757 seconds
[2019-12-09T03:56:21.484+0000][1][safepoint    ] Entering safepoint region: Cleanup
[2019-12-09T03:56:21.484+0000][1][safepoint    ] Leaving safepoint region
[2019-12-09T03:56:21.484+0000][1][safepoint    ] Total time for which application threads were stopped: 0.0001009 seconds, Stopping threads took: 0.0000201 seconds
[2019-12-09T03:56:22.484+0000][1][safepoint    ] Application time: 1.0000786 seconds
[2019-12-09T03:56:22.484+0000][1][safepoint    ] Entering safepoint region: Cleanup
[2019-12-09T03:56:22.484+0000][1][safepoint    ] Leaving safepoint region
[2019-12-09T03:56:22.484+0000][1][safepoint    ] Total time for which application threads were stopped: 0.0000908 seconds, Stopping threads took: 0.0000193 seconds
[2019-12-09T03:56:23.485+0000][1][safepoint    ] Application time: 1.0000784 seconds
[2019-12-09T03:56:23.485+0000][1][safepoint    ] Entering safepoint region: Cleanup
[2019-12-09T03:56:23.485+0000][1][safepoint    ] Leaving safepoint region
[2019-12-09T03:56:23.485+0000][1][safepoint    ] Total time for which application threads were stopped: 0.0001074 seconds, Stopping threads took: 0.0000184 seconds
[2019-12-09T03:56:24.485+0000][1][safepoint    ] Application time: 1.0000772 seconds
[2019-12-09T03:56:24.485+0000][1][safepoint    ] Entering safepoint region: Cleanup
[2019-12-09T03:56:24.485+0000][1][safepoint    ] Leaving safepoint region
[2019-12-09T03:56:24.485+0000][1][safepoint    ] Total time for which application threads were stopped: 0.0000940 seconds, Stopping threads took: 0.0000197 seconds
[2019-12-09T03:56:25.485+0000][1][safepoint    ] Application time: 1.0000771 seconds
[2019-12-09T03:56:25.485+0000][1][safepoint    ] Entering safepoint region: Cleanup
[2019-12-09T03:56:25.485+0000][1][safepoint    ] Leaving safepoint region
[2019-12-09T03:56:25.485+0000][1][safepoint    ] Total time for which application threads were stopped: 0.0000941 seconds, Stopping threads took: 0.0000200 seconds
[2019-12-09T03:56:26.485+0000][1][safepoint    ] Application time: 1.0000807 seconds
[2019-12-09T03:56:26.485+0000][1][safepoint    ] Entering safepoint region: Cleanup
[2019-12-09T03:56:26.485+0000][1][safepoint    ] Leaving safepoint region
[2019-12-09T03:56:26.485+0000][1][safepoint    ] Total time for which application threads were stopped: 0.0000966 seconds, Stopping threads took: 0.0000198 seconds
[2019-12-09T03:56:27.485+0000][1][safepoint    ] Application time: 1.0000801 seconds
[2019-12-09T03:56:27.485+0000][1][safepoint    ] Entering safepoint region: Cleanup
[2019-12-09T03:56:27.486+0000][1][safepoint    ] Leaving safepoint region
[2019-12-09T03:56:27.486+0000][1][safepoint    ] Total time for which application threads were stopped: 0.0000977 seconds, Stopping threads took: 0.0000194 seconds
[2019-12-09T03:56:28.486+0000][1][safepoint    ] Application time: 1.0000796 seconds
[2019-12-09T03:56:28.486+0000][1][safepoint    ] Entering safepoint region: Cleanup
[2019-12-09T03:56:28.486+0000][1][safepoint    ] Leaving safepoint region
[2019-12-09T03:56:28.486+0000][1][safepoint    ] Total time for which application threads were stopped: 0.0000949 seconds, Stopping threads took: 0.0000198 seconds
[2019-12-09T03:56:29.486+0000][1][safepoint    ] Application time: 1.0000786 seconds
[2019-12-09T03:56:29.486+0000][1][safepoint    ] Entering safepoint region: Cleanup
[2019-12-09T03:56:29.486+0000][1][safepoint    ] Leaving safepoint region
[2019-12-09T03:56:29.486+0000][1][safepoint    ] Total time for which application threads were stopped: 0.0001011 seconds, Stopping threads took: 0.0000186 seconds
[2019-12-09T03:56:30.486+0000][1][safepoint    ] Application time: 1.0000832 seconds
[2019-12-09T03:56:30.486+0000][1][safepoint    ] Entering safepoint region: Cleanup
[2019-12-09T03:56:30.486+0000][1][safepoint    ] Leaving safepoint region
[2019-12-09T03:56:30.486+0000][1][safepoint    ] Total time for which application threads were stopped: 0.0000998 seconds, Stopping threads took: 0.0000265 seconds
[2019-12-09T03:56:30.533+0000][1][safepoint    ] Application time: 0.0471086 seconds
[2019-12-09T03:56:30.533+0000][1][safepoint    ] Entering safepoint region: GenCollectForAllocation
[2019-12-09T03:56:30.533+0000][1][gc,start     ] GC(49) Pause Young (Allocation Failure)
[2019-12-09T03:56:30.534+0000][1][gc,task      ] GC(49) Using 2 workers of 2 for evacuation
[2019-12-09T03:56:30.537+0000][1][gc,age       ] GC(49) Desired survivor size 4456448 bytes, new threshold 6 (max threshold 6)
[2019-12-09T03:56:30.537+0000][1][gc,age       ] GC(49) Age table with threshold 6 (max threshold 6)
[2019-12-09T03:56:30.537+0000][1][gc,age       ] GC(49) - age   1:      17072 bytes,      17072 total
[2019-12-09T03:56:30.537+0000][1][gc,age       ] GC(49) - age   2:       9048 bytes,      26120 total
[2019-12-09T03:56:30.537+0000][1][gc,age       ] GC(49) - age   3:     171616 bytes,     197736 total
[2019-12-09T03:56:30.537+0000][1][gc,age       ] GC(49) - age   4:    3546200 bytes,    3743936 total
[2019-12-09T03:56:30.537+0000][1][gc,heap      ] GC(49) ParNew: 75607K->5528K(78656K)
[2019-12-09T03:56:30.537+0000][1][gc,heap      ] GC(49) CMS: 115823K->115823K(174784K)
[2019-12-09T03:56:30.537+0000][1][gc,metaspace ] GC(49) Metaspace: 83048K->83048K(1126400K)
[2019-12-09T03:56:30.537+0000][1][gc           ] GC(49) Pause Young (Allocation Failure) 186M->118M(247M) 3.832ms
[2019-12-09T03:56:30.537+0000][1][gc,cpu       ] GC(49) User=0.01s Sys=0.00s Real=0.01s
[2019-12-09T03:56:30.537+0000][1][safepoint    ] Leaving safepoint region
[2019-12-09T03:56:30.537+0000][1][safepoint    ] Total time for which application threads were stopped: 0.0039814 seconds, Stopping threads took: 0.0000157 seconds
[2019-12-09T03:56:31.537+0000][1][safepoint    ] Application time: 1.0000987 seconds
[2019-12-09T03:56:31.538+0000][1][safepoint    ] Entering safepoint region: Cleanup
[2019-12-09T03:56:31.538+0000][1][safepoint    ] Leaving safepoint region
[2019-12-09T03:56:31.538+0000][1][safepoint    ] Total time for which application threads were stopped: 0.0000991 seconds, Stopping threads took: 0.0000208 seconds
[2019-12-09T03:56:31.813+0000][1][safepoint    ] Application time: 0.2753689 seconds
[2019-12-09T03:56:31.813+0000][1][safepoint    ] Entering safepoint region: RevokeBias
[2019-12-09T03:56:31.813+0000][1][safepoint    ] Leaving safepoint region
[2019-12-09T03:56:31.813+0000][1][safepoint    ] Total time for which application threads were stopped: 0.0001429 seconds, Stopping threads took: 0.0000224 seconds
[2019-12-09T03:56:31.813+0000][1][safepoint    ] Application time: 0.0000622 seconds
[2019-12-09T03:56:31.813+0000][1][safepoint    ] Entering safepoint region: RevokeBias
[2019-12-09T03:56:31.813+0000][1][safepoint    ] Leaving safepoint region
[2019-12-09T03:56:31.813+0000][1][safepoint    ] Total time for which application threads were stopped: 0.0000772 seconds, Stopping threads took: 0.0000106 seconds
[2019-12-09T03:56:31.813+0000][1][safepoint    ] Application time: 0.0000747 seconds
[2019-12-09T03:56:31.813+0000][1][safepoint    ] Entering safepoint region: RevokeBias
[2019-12-09T03:56:31.814+0000][1][safepoint    ] Leaving safepoint region
[2019-12-09T03:56:31.814+0000][1][safepoint    ] Total time for which application threads were stopped: 0.0001234 seconds, Stopping threads took: 0.0000788 seconds
[2019-12-09T03:56:31.814+0000][1][safepoint    ] Application time: 0.0000602 seconds
[2019-12-09T03:56:31.814+0000][1][safepoint    ] Entering safepoint region: RevokeBias
[2019-12-09T03:56:31.814+0000][1][safepoint    ] Leaving safepoint region
[2019-12-09T03:56:31.814+0000][1][safepoint    ] Total time for which application threads were stopped: 0.0000577 seconds, Stopping threads took: 0.0000077 seconds
[2019-12-09T03:56:31.814+0000][1][safepoint    ] Application time: 0.0000735 seconds
[2019-12-09T03:56:31.814+0000][1][safepoint    ] Entering safepoint region: RevokeBias
[2019-12-09T03:56:31.814+0000][1][safepoint    ] Leaving safepoint region
[2019-12-09T03:56:31.814+0000][1][safepoint    ] Total time for which application threads were stopped: 0.0000415 seconds, Stopping threads took: 0.0000065 seconds
[2019-12-09T03:56:31.814+0000][1][safepoint    ] Application time: 0.0001236 seconds
[2019-12-09T03:56:31.814+0000][1][safepoint    ] Entering safepoint region: RevokeBias
[2019-12-09T03:56:31.814+0000][1][safepoint    ] Leaving safepoint region
[2019-12-09T03:56:31.814+0000][1][safepoint    ] Total time for which application threads were stopped: 0.0000557 seconds, Stopping threads took: 0.0000075 seconds
[2019-12-09T03:56:32.814+0000][1][safepoint    ] Application time: 1.0000909 seconds
[2019-12-09T03:56:32.814+0000][1][safepoint    ] Entering safepoint region: Cleanup
[2019-12-09T03:56:32.814+0000][1][safepoint    ] Leaving safepoint region
[2019-12-09T03:56:32.814+0000][1][safepoint    ] Total time for which application threads were stopped: 0.0001027 seconds, Stopping threads took: 0.0000185 seconds
[2019-12-09T03:56:33.814+0000][1][safepoint    ] Application time: 1.0000767 seconds
[2019-12-09T03:56:33.814+0000][1][safepoint    ] Entering safepoint region: Cleanup
[2019-12-09T03:56:33.814+0000][1][safepoint    ] Leaving safepoint region
[2019-12-09T03:56:33.814+0000][1][safepoint    ] Total time for which application threads were stopped: 0.0000900 seconds, Stopping threads took: 0.0000156 seconds
[2019-12-09T03:56:34.815+0000][1][safepoint    ] Application time: 1.0000779 seconds
[2019-12-09T03:56:34.815+0000][1][safepoint    ] Entering safepoint region: Cleanup
[2019-12-09T03:56:34.815+0000][1][safepoint    ] Leaving safepoint region
[2019-12-09T03:56:34.815+0000][1][safepoint    ] Total time for which application threads were stopped: 0.0000898 seconds, Stopping threads took: 0.0000178 seconds
[2019-12-09T03:56:35.815+0000][1][safepoint    ] Application time: 1.0000777 seconds
[2019-12-09T03:56:35.815+0000][1][safepoint    ] Entering safepoint region: Cleanup
[2019-12-09T03:56:35.815+0000][1][safepoint    ] Leaving safepoint region
[2019-12-09T03:56:35.815+0000][1][safepoint    ] Total time for which application threads were stopped: 0.0000903 seconds, Stopping threads took: 0.0000187 seconds
[2019-12-09T03:56:36.815+0000][1][safepoint    ] Application time: 1.0000755 seconds
[2019-12-09T03:56:36.815+0000][1][safepoint    ] Entering safepoint region: Cleanup
[2019-12-09T03:56:36.815+0000][1][safepoint    ] Leaving safepoint region
[2019-12-09T03:56:36.815+0000][1][safepoint    ] Total time for which application threads were stopped: 0.0000913 seconds, Stopping threads took: 0.0000165 seconds
[2019-12-09T03:56:36.845+0000][1][safepoint    ] Application time: 0.0301756 seconds
[2019-12-09T03:56:36.845+0000][1][safepoint    ] Entering safepoint region: RevokeBias
[2019-12-09T03:56:36.845+0000][1][safepoint    ] Leaving safepoint region
[2019-12-09T03:56:36.845+0000][1][safepoint    ] Total time for which application threads were stopped: 0.0001371 seconds, Stopping threads took: 0.0000213 seconds
[2019-12-09T03:56:36.869+0000][1][safepoint    ] Application time: 0.0240215 seconds
[2019-12-09T03:56:36.869+0000][1][safepoint    ] Entering safepoint region: RevokeBias
[2019-12-09T03:56:36.870+0000][1][safepoint    ] Leaving safepoint region
[2019-12-09T03:56:36.870+0000][1][safepoint    ] Total time for which application threads were stopped: 0.0001768 seconds, Stopping threads took: 0.0000223 seconds
[2019-12-09T03:56:36.870+0000][1][safepoint    ] Application time: 0.0003771 seconds
[2019-12-09T03:56:36.870+0000][1][safepoint    ] Entering safepoint region: RevokeBias
[2019-12-09T03:56:36.870+0000][1][safepoint    ] Leaving safepoint region
[2019-12-09T03:56:36.870+0000][1][safepoint    ] Total time for which application threads were stopped: 0.0001111 seconds, Stopping threads took: 0.0000173 seconds
[2019-12-09T03:56:37.691+0000][1][safepoint    ] Application time: 0.8212550 seconds
[2019-12-09T03:56:37.691+0000][1][safepoint    ] Entering safepoint region: RevokeBias
[2019-12-09T03:56:37.692+0000][1][safepoint    ] Leaving safepoint region
[2019-12-09T03:56:37.692+0000][1][safepoint    ] Total time for which application threads were stopped: 0.0001300 seconds, Stopping threads took: 0.0000163 seconds
[2019-12-09T03:56:37.692+0000][1][safepoint    ] Application time: 0.0002489 seconds
[2019-12-09T03:56:37.692+0000][1][safepoint    ] Entering safepoint region: RevokeBias
[2019-12-09T03:56:37.692+0000][1][safepoint    ] Leaving safepoint region
[2019-12-09T03:56:37.692+0000][1][safepoint    ] Total time for which application threads were stopped: 0.0000994 seconds, Stopping threads took: 0.0000109 seconds
[2019-12-09T03:56:37.693+0000][1][safepoint    ] Application time: 0.0008654 seconds
[2019-12-09T03:56:37.693+0000][1][safepoint    ] Entering safepoint region: RevokeBias
[2019-12-09T03:56:37.693+0000][1][safepoint    ] Leaving safepoint region
[2019-12-09T03:56:37.693+0000][1][safepoint    ] Total time for which application threads were stopped: 0.0000993 seconds, Stopping threads took: 0.0000399 seconds
[2019-12-09T03:56:37.694+0000][1][safepoint    ] Application time: 0.0005799 seconds
[2019-12-09T03:56:37.694+0000][1][safepoint    ] Entering safepoint region: RevokeBias
[2019-12-09T03:56:37.694+0000][1][safepoint    ] Leaving safepoint region
[2019-12-09T03:56:37.694+0000][1][safepoint    ] Total time for which application threads were stopped: 0.0000658 seconds, Stopping threads took: 0.0000126 seconds
[2019-12-09T03:56:37.832+0000][1][safepoint    ] Application time: 0.1386551 seconds
[2019-12-09T03:56:37.832+0000][1][safepoint    ] Entering safepoint region: RevokeBias
[2019-12-09T03:56:37.832+0000][1][safepoint    ] Leaving safepoint region
[2019-12-09T03:56:37.832+0000][1][safepoint    ] Total time for which application threads were stopped: 0.0001107 seconds, Stopping threads took: 0.0000166 seconds
[2019-12-09T03:56:37.832+0000][1][safepoint    ] Application time: 0.0000590 seconds
[2019-12-09T03:56:37.833+0000][1][safepoint    ] Entering safepoint region: BulkRevokeBias
[2019-12-09T03:56:37.833+0000][1][safepoint    ] Leaving safepoint region
[2019-12-09T03:56:37.833+0000][1][safepoint    ] Total time for which application threads were stopped: 0.0003204 seconds, Stopping threads took: 0.0000070 seconds
[2019-12-09T03:56:38.833+0000][1][safepoint    ] Application time: 1.0000911 seconds
[2019-12-09T03:56:38.833+0000][1][safepoint    ] Entering safepoint region: Cleanup
[2019-12-09T03:56:38.833+0000][1][safepoint    ] Leaving safepoint region
[2019-12-09T03:56:38.833+0000][1][safepoint    ] Total time for which application threads were stopped: 0.0000945 seconds, Stopping threads took: 0.0000166 seconds
[2019-12-09T03:56:39.833+0000][1][safepoint    ] Application time: 1.0000752 seconds
[2019-12-09T03:56:39.833+0000][1][safepoint    ] Entering safepoint region: Cleanup
[2019-12-09T03:56:39.833+0000][1][safepoint    ] Leaving safepoint region
[2019-12-09T03:56:39.833+0000][1][safepoint    ] Total time for which application threads were stopped: 0.0000894 seconds, Stopping threads took: 0.0000185 seconds
[2019-12-09T03:56:40.833+0000][1][safepoint    ] Application time: 1.0000798 seconds
[2019-12-09T03:56:40.833+0000][1][safepoint    ] Entering safepoint region: Cleanup
[2019-12-09T03:56:40.833+0000][1][safepoint    ] Leaving safepoint region
[2019-12-09T03:56:40.833+0000][1][safepoint    ] Total time for which application threads were stopped: 0.0000924 seconds, Stopping threads took: 0.0000198 seconds
[2019-12-09T03:56:41.834+0000][1][safepoint    ] Application time: 1.0000804 seconds
[2019-12-09T03:56:41.834+0000][1][safepoint    ] Entering safepoint region: Cleanup
[2019-12-09T03:56:41.834+0000][1][safepoint    ] Leaving safepoint region
[2019-12-09T03:56:41.834+0000][1][safepoint    ] Total time for which application threads were stopped: 0.0001028 seconds, Stopping threads took: 0.0000194 seconds
[2019-12-09T03:56:42.834+0000][1][safepoint    ] Application time: 1.0000799 seconds
[2019-12-09T03:56:42.834+0000][1][safepoint    ] Entering safepoint region: Cleanup
[2019-12-09T03:56:42.834+0000][1][safepoint    ] Leaving safepoint region
[2019-12-09T03:56:42.834+0000][1][safepoint    ] Total time for which application threads were stopped: 0.0000934 seconds, Stopping threads took: 0.0000182 seconds
[2019-12-09T03:56:43.834+0000][1][safepoint    ] Application time: 1.0000783 seconds
[2019-12-09T03:56:43.834+0000][1][safepoint    ] Entering safepoint region: Cleanup
[2019-12-09T03:56:43.834+0000][1][safepoint    ] Leaving safepoint region
[2019-12-09T03:56:43.834+0000][1][safepoint    ] Total time for which application threads were stopped: 0.0000981 seconds, Stopping threads took: 0.0000197 seconds
[2019-12-09T03:56:43.844+0000][1][safepoint    ] Application time: 0.0095015 seconds
[2019-12-09T03:56:43.844+0000][1][safepoint    ] Entering safepoint region: RevokeBias
[2019-12-09T03:56:43.844+0000][1][safepoint    ] Leaving safepoint region
[2019-12-09T03:56:43.844+0000][1][safepoint    ] Total time for which application threads were stopped: 0.0001570 seconds, Stopping threads took: 0.0000403 seconds
[2019-12-09T03:56:44.844+0000][1][safepoint    ] Application time: 1.0000846 seconds
[2019-12-09T03:56:44.844+0000][1][safepoint    ] Entering safepoint region: Cleanup
[2019-12-09T03:56:44.844+0000][1][safepoint    ] Leaving safepoint region
[2019-12-09T03:56:44.844+0000][1][safepoint    ] Total time for which application threads were stopped: 0.0000903 seconds, Stopping threads took: 0.0000174 seconds
[2019-12-09T03:56:45.844+0000][1][safepoint    ] Application time: 1.0000783 seconds
[2019-12-09T03:56:45.844+0000][1][safepoint    ] Entering safepoint region: Cleanup
[2019-12-09T03:56:45.844+0000][1][safepoint    ] Leaving safepoint region
[2019-12-09T03:56:45.844+0000][1][safepoint    ] Total time for which application threads were stopped: 0.0000924 seconds, Stopping threads took: 0.0000173 seconds
[2019-12-09T03:56:46.844+0000][1][safepoint    ] Application time: 1.0000772 seconds
[2019-12-09T03:56:46.844+0000][1][safepoint    ] Entering safepoint region: Cleanup
[2019-12-09T03:56:46.844+0000][1][safepoint    ] Leaving safepoint region
[2019-12-09T03:56:46.844+0000][1][safepoint    ] Total time for which application threads were stopped: 0.0000903 seconds, Stopping threads took: 0.0000178 seconds
[2019-12-09T03:56:47.845+0000][1][safepoint    ] Application time: 1.0000781 seconds
[2019-12-09T03:56:47.845+0000][1][safepoint    ] Entering safepoint region: Cleanup
[2019-12-09T03:56:47.845+0000][1][safepoint    ] Leaving safepoint region
[2019-12-09T03:56:47.845+0000][1][safepoint    ] Total time for which application threads were stopped: 0.0001096 seconds, Stopping threads took: 0.0000196 seconds
[2019-12-09T03:56:48.845+0000][1][safepoint    ] Application time: 1.0000771 seconds
[2019-12-09T03:56:48.845+0000][1][safepoint    ] Entering safepoint region: Cleanup
[2019-12-09T03:56:48.845+0000][1][safepoint    ] Leaving safepoint region
[2019-12-09T03:56:48.845+0000][1][safepoint    ] Total time for which application threads were stopped: 0.0000860 seconds, Stopping threads took: 0.0000169 seconds
[2019-12-09T03:56:49.845+0000][1][safepoint    ] Application time: 1.0000769 seconds
[2019-12-09T03:56:49.845+0000][1][safepoint    ] Entering safepoint region: Cleanup
[2019-12-09T03:56:49.845+0000][1][safepoint    ] Leaving safepoint region
[2019-12-09T03:56:49.845+0000][1][safepoint    ] Total time for which application threads were stopped: 0.0000913 seconds, Stopping threads took: 0.0000193 seconds
[2019-12-09T03:56:50.845+0000][1][safepoint    ] Application time: 1.0000768 seconds
[2019-12-09T03:56:50.845+0000][1][safepoint    ] Entering safepoint region: Cleanup
[2019-12-09T03:56:50.845+0000][1][safepoint    ] Leaving safepoint region
[2019-12-09T03:56:50.845+0000][1][safepoint    ] Total time for which application threads were stopped: 0.0000945 seconds, Stopping threads took: 0.0000201 seconds
[2019-12-09T03:56:51.845+0000][1][safepoint    ] Application time: 1.0000763 seconds
[2019-12-09T03:56:51.845+0000][1][safepoint    ] Entering safepoint region: Cleanup
[2019-12-09T03:56:51.846+0000][1][safepoint    ] Leaving safepoint region
[2019-12-09T03:56:51.846+0000][1][safepoint    ] Total time for which application threads were stopped: 0.0000962 seconds, Stopping threads took: 0.0000185 seconds
[2019-12-09T03:56:52.846+0000][1][safepoint    ] Application time: 1.0000769 seconds
[2019-12-09T03:56:52.846+0000][1][safepoint    ] Entering safepoint region: Cleanup
[2019-12-09T03:56:52.846+0000][1][safepoint    ] Leaving safepoint region
[2019-12-09T03:56:52.846+0000][1][safepoint    ] Total time for which application threads were stopped: 0.0001188 seconds, Stopping threads took: 0.0000334 seconds
[2019-12-09T03:56:53.846+0000][1][safepoint    ] Application time: 1.0000758 seconds
[2019-12-09T03:56:53.846+0000][1][safepoint    ] Entering safepoint region: Cleanup
[2019-12-09T03:56:53.846+0000][1][safepoint    ] Leaving safepoint region
[2019-12-09T03:56:53.846+0000][1][safepoint    ] Total time for which application threads were stopped: 0.0000854 seconds, Stopping threads took: 0.0000174 seconds
[2019-12-09T03:56:54.846+0000][1][safepoint    ] Application time: 1.0000759 seconds
[2019-12-09T03:56:54.846+0000][1][safepoint    ] Entering safepoint region: Cleanup
[2019-12-09T03:56:54.846+0000][1][safepoint    ] Leaving safepoint region
[2019-12-09T03:56:54.846+0000][1][safepoint    ] Total time for which application threads were stopped: 0.0000967 seconds, Stopping threads took: 0.0000179 seconds
[2019-12-09T03:56:55.846+0000][1][safepoint    ] Application time: 1.0000771 seconds
[2019-12-09T03:56:55.846+0000][1][safepoint    ] Entering safepoint region: Cleanup
[2019-12-09T03:56:55.846+0000][1][safepoint    ] Leaving safepoint region
[2019-12-09T03:56:55.846+0000][1][safepoint    ] Total time for which application threads were stopped: 0.0000892 seconds, Stopping threads took: 0.0000184 seconds
[2019-12-09T03:56:56.847+0000][1][safepoint    ] Application time: 1.0000803 seconds
[2019-12-09T03:56:56.847+0000][1][safepoint    ] Entering safepoint region: Cleanup
[2019-12-09T03:56:56.847+0000][1][safepoint    ] Leaving safepoint region
[2019-12-09T03:56:56.847+0000][1][safepoint    ] Total time for which application threads were stopped: 0.0001031 seconds, Stopping threads took: 0.0000222 seconds
[2019-12-09T03:56:57.847+0000][1][safepoint    ] Application time: 1.0000778 seconds
[2019-12-09T03:56:57.847+0000][1][safepoint    ] Entering safepoint region: Cleanup
[2019-12-09T03:56:57.847+0000][1][safepoint    ] Leaving safepoint region
[2019-12-09T03:56:57.847+0000][1][safepoint    ] Total time for which application threads were stopped: 0.0000940 seconds, Stopping threads took: 0.0000197 seconds
[2019-12-09T03:56:58.847+0000][1][safepoint    ] Application time: 1.0000787 seconds
[2019-12-09T03:56:58.847+0000][1][safepoint    ] Entering safepoint region: Cleanup
[2019-12-09T03:56:58.847+0000][1][safepoint    ] Leaving safepoint region
[2019-12-09T03:56:58.847+0000][1][safepoint    ] Total time for which application threads were stopped: 0.0000906 seconds, Stopping threads took: 0.0000180 seconds
[2019-12-09T03:56:59.847+0000][1][safepoint    ] Application time: 1.0000767 seconds
[2019-12-09T03:56:59.847+0000][1][safepoint    ] Entering safepoint region: Cleanup
[2019-12-09T03:56:59.847+0000][1][safepoint    ] Leaving safepoint region
[2019-12-09T03:56:59.847+0000][1][safepoint    ] Total time for which application threads were stopped: 0.0000907 seconds, Stopping threads took: 0.0000171 seconds
[2019-12-09T03:57:00.847+0000][1][safepoint    ] Application time: 1.0000768 seconds
[2019-12-09T03:57:00.847+0000][1][safepoint    ] Entering safepoint region: Cleanup
[2019-12-09T03:57:00.847+0000][1][safepoint    ] Leaving safepoint region
[2019-12-09T03:57:00.847+0000][1][safepoint    ] Total time for which application threads were stopped: 0.0001006 seconds, Stopping threads took: 0.0000281 seconds
[2019-12-09T03:57:01.848+0000][1][safepoint    ] Application time: 1.0000795 seconds
[2019-12-09T03:57:01.848+0000][1][safepoint    ] Entering safepoint region: Cleanup
[2019-12-09T03:57:01.848+0000][1][safepoint    ] Leaving safepoint region
[2019-12-09T03:57:01.848+0000][1][safepoint    ] Total time for which application threads were stopped: 0.0001130 seconds, Stopping threads took: 0.0000193 seconds
[2019-12-09T03:57:02.848+0000][1][safepoint    ] Application time: 1.0000789 seconds
[2019-12-09T03:57:02.848+0000][1][safepoint    ] Entering safepoint region: Cleanup
[2019-12-09T03:57:02.848+0000][1][safepoint    ] Leaving safepoint region
[2019-12-09T03:57:02.848+0000][1][safepoint    ] Total time for which application threads were stopped: 0.0000897 seconds, Stopping threads took: 0.0000180 seconds
[2019-12-09T03:57:03.848+0000][1][safepoint    ] Application time: 1.0000793 seconds
[2019-12-09T03:57:03.848+0000][1][safepoint    ] Entering safepoint region: Cleanup
[2019-12-09T03:57:03.848+0000][1][safepoint    ] Leaving safepoint region
[2019-12-09T03:57:03.848+0000][1][safepoint    ] Total time for which application threads were stopped: 0.0000883 seconds, Stopping threads took: 0.0000169 seconds
[2019-12-09T03:57:04.848+0000][1][safepoint    ] Application time: 1.0000794 seconds
[2019-12-09T03:57:04.848+0000][1][safepoint    ] Entering safepoint region: Cleanup
[2019-12-09T03:57:04.848+0000][1][safepoint    ] Leaving safepoint region
[2019-12-09T03:57:04.848+0000][1][safepoint    ] Total time for which application threads were stopped: 0.0000917 seconds, Stopping threads took: 0.0000193 seconds
[2019-12-09T03:57:05.848+0000][1][safepoint    ] Application time: 1.0000780 seconds
[2019-12-09T03:57:05.849+0000][1][safepoint    ] Entering safepoint region: Cleanup
[2019-12-09T03:57:05.849+0000][1][safepoint    ] Leaving safepoint region
[2019-12-09T03:57:05.849+0000][1][safepoint    ] Total time for which application threads were stopped: 0.0000985 seconds, Stopping threads took: 0.0000196 seconds
[2019-12-09T03:57:06.849+0000][1][safepoint    ] Application time: 1.0000869 seconds
[2019-12-09T03:57:06.849+0000][1][safepoint    ] Entering safepoint region: Cleanup
[2019-12-09T03:57:06.849+0000][1][safepoint    ] Leaving safepoint region
[2019-12-09T03:57:06.849+0000][1][safepoint    ] Total time for which application threads were stopped: 0.0000911 seconds, Stopping threads took: 0.0000193 seconds
[2019-12-09T03:57:07.849+0000][1][safepoint    ] Application time: 1.0000789 seconds
[2019-12-09T03:57:07.849+0000][1][safepoint    ] Entering safepoint region: Cleanup
[2019-12-09T03:57:07.849+0000][1][safepoint    ] Leaving safepoint region
[2019-12-09T03:57:07.849+0000][1][safepoint    ] Total time for which application threads were stopped: 0.0001014 seconds, Stopping threads took: 0.0000195 seconds
[2019-12-09T03:57:08.849+0000][1][safepoint    ] Application time: 1.0000761 seconds
[2019-12-09T03:57:08.849+0000][1][safepoint    ] Entering safepoint region: Cleanup
[2019-12-09T03:57:08.849+0000][1][safepoint    ] Leaving safepoint region
[2019-12-09T03:57:08.849+0000][1][safepoint    ] Total time for which application threads were stopped: 0.0000925 seconds, Stopping threads took: 0.0000212 seconds
[2019-12-09T03:57:09.849+0000][1][safepoint    ] Application time: 1.0000777 seconds
[2019-12-09T03:57:09.849+0000][1][safepoint    ] Entering safepoint region: Cleanup
[2019-12-09T03:57:09.849+0000][1][safepoint    ] Leaving safepoint region
[2019-12-09T03:57:09.849+0000][1][safepoint    ] Total time for which application threads were stopped: 0.0000884 seconds, Stopping threads took: 0.0000179 seconds
[2019-12-09T03:57:10.850+0000][1][safepoint    ] Application time: 1.0000767 seconds
[2019-12-09T03:57:10.850+0000][1][safepoint    ] Entering safepoint region: Cleanup
[2019-12-09T03:57:10.850+0000][1][safepoint    ] Leaving safepoint region
[2019-12-09T03:57:10.850+0000][1][safepoint    ] Total time for which application threads were stopped: 0.0000903 seconds, Stopping threads took: 0.0000170 seconds
[2019-12-09T03:57:11.850+0000][1][safepoint    ] Application time: 1.0000306 seconds
[2019-12-09T03:57:11.850+0000][1][safepoint    ] Entering safepoint region: Cleanup
[2019-12-09T03:57:11.850+0000][1][safepoint    ] Leaving safepoint region
[2019-12-09T03:57:11.850+0000][1][safepoint    ] Total time for which application threads were stopped: 0.0001287 seconds, Stopping threads took: 0.0000283 seconds
[2019-12-09T03:57:12.850+0000][1][safepoint    ] Application time: 1.0000760 seconds
[2019-12-09T03:57:12.850+0000][1][safepoint    ] Entering safepoint region: Cleanup
[2019-12-09T03:57:12.850+0000][1][safepoint    ] Leaving safepoint region
[2019-12-09T03:57:12.850+0000][1][safepoint    ] Total time for which application threads were stopped: 0.0000989 seconds, Stopping threads took: 0.0000184 seconds
[2019-12-09T03:57:13.850+0000][1][safepoint    ] Application time: 1.0000766 seconds
[2019-12-09T03:57:13.850+0000][1][safepoint    ] Entering safepoint region: Cleanup
[2019-12-09T03:57:13.850+0000][1][safepoint    ] Leaving safepoint region
[2019-12-09T03:57:13.850+0000][1][safepoint    ] Total time for which application threads were stopped: 0.0000922 seconds, Stopping threads took: 0.0000196 seconds
[2019-12-09T03:57:14.850+0000][1][safepoint    ] Application time: 1.0000782 seconds
[2019-12-09T03:57:14.850+0000][1][safepoint    ] Entering safepoint region: Cleanup
[2019-12-09T03:57:14.851+0000][1][safepoint    ] Leaving safepoint region
[2019-12-09T03:57:14.851+0000][1][safepoint    ] Total time for which application threads were stopped: 0.0000904 seconds, Stopping threads took: 0.0000182 seconds
[2019-12-09T03:57:15.851+0000][1][safepoint    ] Application time: 1.0000761 seconds
[2019-12-09T03:57:15.851+0000][1][safepoint    ] Entering safepoint region: Cleanup
[2019-12-09T03:57:15.851+0000][1][safepoint    ] Leaving safepoint region
[2019-12-09T03:57:15.851+0000][1][safepoint    ] Total time for which application threads were stopped: 0.0001032 seconds, Stopping threads took: 0.0000186 seconds
[2019-12-09T03:57:16.851+0000][1][safepoint    ] Application time: 1.0000882 seconds
[2019-12-09T03:57:16.851+0000][1][safepoint    ] Entering safepoint region: Cleanup
[2019-12-09T03:57:16.851+0000][1][safepoint    ] Leaving safepoint region
[2019-12-09T03:57:16.851+0000][1][safepoint    ] Total time for which application threads were stopped: 0.0001256 seconds, Stopping threads took: 0.0000246 seconds
[2019-12-09T03:57:17.851+0000][1][safepoint    ] Application time: 1.0000769 seconds
[2019-12-09T03:57:17.851+0000][1][safepoint    ] Entering safepoint region: Cleanup
[2019-12-09T03:57:17.851+0000][1][safepoint    ] Leaving safepoint region
[2019-12-09T03:57:17.851+0000][1][safepoint    ] Total time for which application threads were stopped: 0.0000911 seconds, Stopping threads took: 0.0000186 seconds
[2019-12-09T03:57:18.851+0000][1][safepoint    ] Application time: 1.0000784 seconds
[2019-12-09T03:57:18.851+0000][1][safepoint    ] Entering safepoint region: Cleanup
[2019-12-09T03:57:18.851+0000][1][safepoint    ] Leaving safepoint region
[2019-12-09T03:57:18.851+0000][1][safepoint    ] Total time for which application threads were stopped: 0.0000926 seconds, Stopping threads took: 0.0000191 seconds
[2019-12-09T03:57:19.852+0000][1][safepoint    ] Application time: 1.0000781 seconds
[2019-12-09T03:57:19.852+0000][1][safepoint    ] Entering safepoint region: Cleanup
[2019-12-09T03:57:19.852+0000][1][safepoint    ] Leaving safepoint region
[2019-12-09T03:57:19.852+0000][1][safepoint    ] Total time for which application threads were stopped: 0.0000909 seconds, Stopping threads took: 0.0000177 seconds
[2019-12-09T03:57:20.852+0000][1][safepoint    ] Application time: 1.0000753 seconds
[2019-12-09T03:57:20.852+0000][1][safepoint    ] Entering safepoint region: Cleanup
[2019-12-09T03:57:20.852+0000][1][safepoint    ] Leaving safepoint region
[2019-12-09T03:57:20.852+0000][1][safepoint    ] Total time for which application threads were stopped: 0.0000880 seconds, Stopping threads took: 0.0000170 seconds
[2019-12-09T03:57:21.669+0000][1][safepoint    ] Application time: 0.8167690 seconds
[2019-12-09T03:57:21.669+0000][1][safepoint    ] Entering safepoint region: RevokeBias
[2019-12-09T03:57:21.669+0000][1][safepoint    ] Leaving safepoint region
[2019-12-09T03:57:21.669+0000][1][safepoint    ] Total time for which application threads were stopped: 0.0001405 seconds, Stopping threads took: 0.0000217 seconds
[2019-12-09T03:57:21.678+0000][1][safepoint    ] Application time: 0.0096425 seconds
[2019-12-09T03:57:21.678+0000][1][safepoint    ] Entering safepoint region: RevokeBias
[2019-12-09T03:57:21.679+0000][1][safepoint    ] Leaving safepoint region
[2019-12-09T03:57:21.679+0000][1][safepoint    ] Total time for which application threads were stopped: 0.0001192 seconds, Stopping threads took: 0.0000183 seconds
[2019-12-09T03:57:21.679+0000][1][safepoint    ] Application time: 0.0000672 seconds
[2019-12-09T03:57:21.679+0000][1][safepoint    ] Entering safepoint region: BulkRevokeBias
[2019-12-09T03:57:21.679+0000][1][safepoint    ] Leaving safepoint region
[2019-12-09T03:57:21.679+0000][1][safepoint    ] Total time for which application threads were stopped: 0.0004135 seconds, Stopping threads took: 0.0000288 seconds
[2019-12-09T03:57:21.679+0000][1][safepoint    ] Application time: 0.0001785 seconds
[2019-12-09T03:57:21.679+0000][1][safepoint    ] Entering safepoint region: RevokeBias
[2019-12-09T03:57:21.679+0000][1][safepoint    ] Leaving safepoint region
[2019-12-09T03:57:21.679+0000][1][safepoint    ] Total time for which application threads were stopped: 0.0000875 seconds, Stopping threads took: 0.0000138 seconds
[2019-12-09T03:57:21.693+0000][1][safepoint    ] Application time: 0.0131357 seconds
[2019-12-09T03:57:21.693+0000][1][safepoint    ] Entering safepoint region: RevokeBias
[2019-12-09T03:57:21.693+0000][1][safepoint    ] Leaving safepoint region
[2019-12-09T03:57:21.693+0000][1][safepoint    ] Total time for which application threads were stopped: 0.0000690 seconds, Stopping threads took: 0.0000101 seconds
[2019-12-09T03:57:21.693+0000][1][safepoint    ] Application time: 0.0007987 seconds
[2019-12-09T03:57:21.693+0000][1][safepoint    ] Entering safepoint region: RevokeBias
[2019-12-09T03:57:21.693+0000][1][safepoint    ] Leaving safepoint region
[2019-12-09T03:57:21.693+0000][1][safepoint    ] Total time for which application threads were stopped: 0.0000727 seconds, Stopping threads took: 0.0000100 seconds
[2019-12-09T03:57:21.708+0000][1][safepoint    ] Application time: 0.0144363 seconds
[2019-12-09T03:57:21.708+0000][1][safepoint    ] Entering safepoint region: RevokeBias
[2019-12-09T03:57:21.708+0000][1][safepoint    ] Leaving safepoint region
[2019-12-09T03:57:21.708+0000][1][safepoint    ] Total time for which application threads were stopped: 0.0002340 seconds, Stopping threads took: 0.0001642 seconds
[2019-12-09T03:57:21.709+0000][1][safepoint    ] Application time: 0.0003899 seconds
[2019-12-09T03:57:21.709+0000][1][safepoint    ] Entering safepoint region: RevokeBias
[2019-12-09T03:57:21.709+0000][1][safepoint    ] Leaving safepoint region
[2019-12-09T03:57:21.709+0000][1][safepoint    ] Total time for which application threads were stopped: 0.0000948 seconds, Stopping threads took: 0.0000117 seconds
[2019-12-09T03:57:21.710+0000][1][safepoint    ] Application time: 0.0010356 seconds
[2019-12-09T03:57:21.710+0000][1][safepoint    ] Entering safepoint region: RevokeBias
[2019-12-09T03:57:21.710+0000][1][safepoint    ] Leaving safepoint region
[2019-12-09T03:57:21.710+0000][1][safepoint    ] Total time for which application threads were stopped: 0.0000909 seconds, Stopping threads took: 0.0000144 seconds
[2019-12-09T03:57:21.710+0000][1][safepoint    ] Application time: 0.0000421 seconds
[2019-12-09T03:57:21.710+0000][1][safepoint    ] Entering safepoint region: RevokeBias
[2019-12-09T03:57:21.710+0000][1][safepoint    ] Leaving safepoint region
[2019-12-09T03:57:21.710+0000][1][safepoint    ] Total time for which application threads were stopped: 0.0000682 seconds, Stopping threads took: 0.0000098 seconds
[2019-12-09T03:57:21.710+0000][1][safepoint    ] Application time: 0.0000391 seconds
[2019-12-09T03:57:21.710+0000][1][safepoint    ] Entering safepoint region: RevokeBias
[2019-12-09T03:57:21.710+0000][1][safepoint    ] Leaving safepoint region
[2019-12-09T03:57:21.710+0000][1][safepoint    ] Total time for which application threads were stopped: 0.0000676 seconds, Stopping threads took: 0.0000099 seconds
[2019-12-09T03:57:21.710+0000][1][safepoint    ] Application time: 0.0000371 seconds
[2019-12-09T03:57:21.710+0000][1][safepoint    ] Entering safepoint region: RevokeBias
[2019-12-09T03:57:21.710+0000][1][safepoint    ] Leaving safepoint region
[2019-12-09T03:57:21.710+0000][1][safepoint    ] Total time for which application threads were stopped: 0.0000671 seconds, Stopping threads took: 0.0000096 seconds
[2019-12-09T03:57:21.710+0000][1][safepoint    ] Application time: 0.0000413 seconds
[2019-12-09T03:57:21.710+0000][1][safepoint    ] Entering safepoint region: RevokeBias
[2019-12-09T03:57:21.710+0000][1][safepoint    ] Leaving safepoint region
[2019-12-09T03:57:21.710+0000][1][safepoint    ] Total time for which application threads were stopped: 0.0000699 seconds, Stopping threads took: 0.0000104 seconds
[2019-12-09T03:57:21.710+0000][1][safepoint    ] Application time: 0.0000359 seconds
[2019-12-09T03:57:21.710+0000][1][safepoint    ] Entering safepoint region: RevokeBias
[2019-12-09T03:57:21.710+0000][1][safepoint    ] Leaving safepoint region
[2019-12-09T03:57:21.710+0000][1][safepoint    ] Total time for which application threads were stopped: 0.0000663 seconds, Stopping threads took: 0.0000090 seconds
[2019-12-09T03:57:21.711+0000][1][safepoint    ] Application time: 0.0000382 seconds
[2019-12-09T03:57:21.711+0000][1][safepoint    ] Entering safepoint region: RevokeBias
[2019-12-09T03:57:21.711+0000][1][safepoint    ] Leaving safepoint region
[2019-12-09T03:57:21.711+0000][1][safepoint    ] Total time for which application threads were stopped: 0.0000697 seconds, Stopping threads took: 0.0000093 seconds
[2019-12-09T03:57:22.711+0000][1][safepoint    ] Application time: 1.0000843 seconds
[2019-12-09T03:57:22.711+0000][1][safepoint    ] Entering safepoint region: Cleanup
[2019-12-09T03:57:22.711+0000][1][safepoint    ] Leaving safepoint region
[2019-12-09T03:57:22.711+0000][1][safepoint    ] Total time for which application threads were stopped: 0.0001005 seconds, Stopping threads took: 0.0000176 seconds
[2019-12-09T03:57:23.711+0000][1][safepoint    ] Application time: 1.0000749 seconds
[2019-12-09T03:57:23.711+0000][1][safepoint    ] Entering safepoint region: Cleanup
[2019-12-09T03:57:23.711+0000][1][safepoint    ] Leaving safepoint region
[2019-12-09T03:57:23.711+0000][1][safepoint    ] Total time for which application threads were stopped: 0.0000846 seconds, Stopping threads took: 0.0000172 seconds
[2019-12-09T03:57:24.711+0000][1][safepoint    ] Application time: 1.0000742 seconds
[2019-12-09T03:57:24.711+0000][1][safepoint    ] Entering safepoint region: Cleanup
[2019-12-09T03:57:24.711+0000][1][safepoint    ] Leaving safepoint region
[2019-12-09T03:57:24.711+0000][1][safepoint    ] Total time for which application threads were stopped: 0.0000848 seconds, Stopping threads took: 0.0000177 seconds
[2019-12-09T03:57:25.711+0000][1][safepoint    ] Application time: 1.0000758 seconds
[2019-12-09T03:57:25.711+0000][1][safepoint    ] Entering safepoint region: Cleanup
[2019-12-09T03:57:25.711+0000][1][safepoint    ] Leaving safepoint region
[2019-12-09T03:57:25.711+0000][1][safepoint    ] Total time for which application threads were stopped: 0.0000856 seconds, Stopping threads took: 0.0000185 seconds
[2019-12-09T03:57:26.711+0000][1][safepoint    ] Application time: 1.0000757 seconds
[2019-12-09T03:57:26.711+0000][1][safepoint    ] Entering safepoint region: Cleanup
[2019-12-09T03:57:26.712+0000][1][safepoint    ] Leaving safepoint region
[2019-12-09T03:57:26.712+0000][1][safepoint    ] Total time for which application threads were stopped: 0.0000887 seconds, Stopping threads took: 0.0000169 seconds
[2019-12-09T03:57:27.712+0000][1][safepoint    ] Application time: 1.0000775 seconds
[2019-12-09T03:57:27.712+0000][1][safepoint    ] Entering safepoint region: Cleanup
[2019-12-09T03:57:27.712+0000][1][safepoint    ] Leaving safepoint region
[2019-12-09T03:57:27.712+0000][1][safepoint    ] Total time for which application threads were stopped: 0.0000887 seconds, Stopping threads took: 0.0000179 seconds
[2019-12-09T03:57:28.712+0000][1][safepoint    ] Application time: 1.0000741 seconds
[2019-12-09T03:57:28.712+0000][1][safepoint    ] Entering safepoint region: Cleanup
[2019-12-09T03:57:28.712+0000][1][safepoint    ] Leaving safepoint region
[2019-12-09T03:57:28.712+0000][1][safepoint    ] Total time for which application threads were stopped: 0.0000953 seconds, Stopping threads took: 0.0000182 seconds
[2019-12-09T03:57:29.712+0000][1][safepoint    ] Application time: 1.0000780 seconds
[2019-12-09T03:57:29.712+0000][1][safepoint    ] Entering safepoint region: Cleanup
[2019-12-09T03:57:29.712+0000][1][safepoint    ] Leaving safepoint region
[2019-12-09T03:57:29.712+0000][1][safepoint    ] Total time for which application threads were stopped: 0.0000925 seconds, Stopping threads took: 0.0000183 seconds
[2019-12-09T03:57:30.712+0000][1][safepoint    ] Application time: 1.0000777 seconds
[2019-12-09T03:57:30.712+0000][1][safepoint    ] Entering safepoint region: Cleanup
[2019-12-09T03:57:30.712+0000][1][safepoint    ] Leaving safepoint region
[2019-12-09T03:57:30.712+0000][1][safepoint    ] Total time for which application threads were stopped: 0.0001014 seconds, Stopping threads took: 0.0000269 seconds
[2019-12-09T03:57:31.713+0000][1][safepoint    ] Application time: 1.0000757 seconds
[2019-12-09T03:57:31.713+0000][1][safepoint    ] Entering safepoint region: Cleanup
[2019-12-09T03:57:31.713+0000][1][safepoint    ] Leaving safepoint region
[2019-12-09T03:57:31.713+0000][1][safepoint    ] Total time for which application threads were stopped: 0.0000902 seconds, Stopping threads took: 0.0000185 seconds
[2019-12-09T03:57:32.713+0000][1][safepoint    ] Application time: 1.0000732 seconds
[2019-12-09T03:57:32.713+0000][1][safepoint    ] Entering safepoint region: Cleanup
[2019-12-09T03:57:32.713+0000][1][safepoint    ] Leaving safepoint region
[2019-12-09T03:57:32.713+0000][1][safepoint    ] Total time for which application threads were stopped: 0.0001134 seconds, Stopping threads took: 0.0000216 seconds
[2019-12-09T03:57:33.713+0000][1][safepoint    ] Application time: 1.0000839 seconds
[2019-12-09T03:57:33.713+0000][1][safepoint    ] Entering safepoint region: Cleanup
[2019-12-09T03:57:33.713+0000][1][safepoint    ] Leaving safepoint region
[2019-12-09T03:57:33.713+0000][1][safepoint    ] Total time for which application threads were stopped: 0.0000990 seconds, Stopping threads took: 0.0000181 seconds
[2019-12-09T03:57:34.713+0000][1][safepoint    ] Application time: 1.0000844 seconds
[2019-12-09T03:57:34.713+0000][1][safepoint    ] Entering safepoint region: Cleanup
[2019-12-09T03:57:34.713+0000][1][safepoint    ] Leaving safepoint region
[2019-12-09T03:57:34.713+0000][1][safepoint    ] Total time for which application threads were stopped: 0.0000991 seconds, Stopping threads took: 0.0000192 seconds
[2019-12-09T03:57:35.713+0000][1][safepoint    ] Application time: 1.0000820 seconds
[2019-12-09T03:57:35.713+0000][1][safepoint    ] Entering safepoint region: Cleanup
[2019-12-09T03:57:35.714+0000][1][safepoint    ] Leaving safepoint region
[2019-12-09T03:57:35.714+0000][1][safepoint    ] Total time for which application threads were stopped: 0.0001073 seconds, Stopping threads took: 0.0000178 seconds
[2019-12-09T03:57:36.714+0000][1][safepoint    ] Application time: 1.0000612 seconds
[2019-12-09T03:57:36.714+0000][1][safepoint    ] Entering safepoint region: Cleanup
[2019-12-09T03:57:36.714+0000][1][safepoint    ] Leaving safepoint region
[2019-12-09T03:57:36.714+0000][1][safepoint    ] Total time for which application threads were stopped: 0.0001042 seconds, Stopping threads took: 0.0000179 seconds
[2019-12-09T03:57:37.714+0000][1][safepoint    ] Application time: 1.0000837 seconds
[2019-12-09T03:57:37.714+0000][1][safepoint    ] Entering safepoint region: Cleanup
[2019-12-09T03:57:37.714+0000][1][safepoint    ] Leaving safepoint region
[2019-12-09T03:57:37.714+0000][1][safepoint    ] Total time for which application threads were stopped: 0.0000995 seconds, Stopping threads took: 0.0000186 seconds
[2019-12-09T03:57:38.714+0000][1][safepoint    ] Application time: 1.0000841 seconds
[2019-12-09T03:57:38.714+0000][1][safepoint    ] Entering safepoint region: Cleanup
[2019-12-09T03:57:38.714+0000][1][safepoint    ] Leaving safepoint region
[2019-12-09T03:57:38.714+0000][1][safepoint    ] Total time for which application threads were stopped: 0.0000986 seconds, Stopping threads took: 0.0000175 seconds
[2019-12-09T03:57:39.714+0000][1][safepoint    ] Application time: 1.0000849 seconds
[2019-12-09T03:57:39.714+0000][1][safepoint    ] Entering safepoint region: Cleanup
[2019-12-09T03:57:39.714+0000][1][safepoint    ] Leaving safepoint region
[2019-12-09T03:57:39.714+0000][1][safepoint    ] Total time for which application threads were stopped: 0.0001019 seconds, Stopping threads took: 0.0000188 seconds
[2019-12-09T03:57:40.715+0000][1][safepoint    ] Application time: 1.0000844 seconds
[2019-12-09T03:57:40.715+0000][1][safepoint    ] Entering safepoint region: Cleanup
[2019-12-09T03:57:40.715+0000][1][safepoint    ] Leaving safepoint region
[2019-12-09T03:57:40.715+0000][1][safepoint    ] Total time for which application threads were stopped: 0.0001138 seconds, Stopping threads took: 0.0000179 seconds
[2019-12-09T03:57:41.715+0000][1][safepoint    ] Application time: 1.0000835 seconds
[2019-12-09T03:57:41.715+0000][1][safepoint    ] Entering safepoint region: Cleanup
[2019-12-09T03:57:41.715+0000][1][safepoint    ] Leaving safepoint region
[2019-12-09T03:57:41.715+0000][1][safepoint    ] Total time for which application threads were stopped: 0.0000964 seconds, Stopping threads took: 0.0000178 seconds
[2019-12-09T03:57:42.715+0000][1][safepoint    ] Application time: 1.0000824 seconds
[2019-12-09T03:57:42.715+0000][1][safepoint    ] Entering safepoint region: Cleanup
[2019-12-09T03:57:42.715+0000][1][safepoint    ] Leaving safepoint region
[2019-12-09T03:57:42.715+0000][1][safepoint    ] Total time for which application threads were stopped: 0.0001024 seconds, Stopping threads took: 0.0000197 seconds
[2019-12-09T03:57:43.715+0000][1][safepoint    ] Application time: 1.0000857 seconds
[2019-12-09T03:57:43.715+0000][1][safepoint    ] Entering safepoint region: Cleanup
[2019-12-09T03:57:43.715+0000][1][safepoint    ] Leaving safepoint region
[2019-12-09T03:57:43.715+0000][1][safepoint    ] Total time for which application threads were stopped: 0.0000941 seconds, Stopping threads took: 0.0000187 seconds
[2019-12-09T03:57:44.715+0000][1][safepoint    ] Application time: 1.0000765 seconds
[2019-12-09T03:57:44.716+0000][1][safepoint    ] Entering safepoint region: Cleanup
[2019-12-09T03:57:44.716+0000][1][safepoint    ] Leaving safepoint region
[2019-12-09T03:57:44.716+0000][1][safepoint    ] Total time for which application threads were stopped: 0.0001024 seconds, Stopping threads took: 0.0000193 seconds
[2019-12-09T03:57:45.716+0000][1][safepoint    ] Application time: 1.0000820 seconds
[2019-12-09T03:57:45.716+0000][1][safepoint    ] Entering safepoint region: Cleanup
[2019-12-09T03:57:45.716+0000][1][safepoint    ] Leaving safepoint region
[2019-12-09T03:57:45.716+0000][1][safepoint    ] Total time for which application threads were stopped: 0.0001073 seconds, Stopping threads took: 0.0000176 seconds
[2019-12-09T03:57:46.716+0000][1][safepoint    ] Application time: 1.0000866 seconds
[2019-12-09T03:57:46.716+0000][1][safepoint    ] Entering safepoint region: Cleanup
[2019-12-09T03:57:46.716+0000][1][safepoint    ] Leaving safepoint region
[2019-12-09T03:57:46.716+0000][1][safepoint    ] Total time for which application threads were stopped: 0.0001234 seconds, Stopping threads took: 0.0000180 seconds
[2019-12-09T03:57:47.716+0000][1][safepoint    ] Application time: 1.0000833 seconds
[2019-12-09T03:57:47.716+0000][1][safepoint    ] Entering safepoint region: Cleanup
[2019-12-09T03:57:47.716+0000][1][safepoint    ] Leaving safepoint region
[2019-12-09T03:57:47.716+0000][1][safepoint    ] Total time for which application threads were stopped: 0.0001014 seconds, Stopping threads took: 0.0000181 seconds
[2019-12-09T03:57:48.716+0000][1][safepoint    ] Application time: 1.0000812 seconds
[2019-12-09T03:57:48.716+0000][1][safepoint    ] Entering safepoint region: Cleanup
[2019-12-09T03:57:48.717+0000][1][safepoint    ] Leaving safepoint region
[2019-12-09T03:57:48.717+0000][1][safepoint    ] Total time for which application threads were stopped: 0.0001127 seconds, Stopping threads took: 0.0000186 seconds
[2019-12-09T03:57:49.717+0000][1][safepoint    ] Application time: 1.0000948 seconds
[2019-12-09T03:57:49.717+0000][1][safepoint    ] Entering safepoint region: Cleanup
[2019-12-09T03:57:49.717+0000][1][safepoint    ] Leaving safepoint region
[2019-12-09T03:57:49.717+0000][1][safepoint    ] Total time for which application threads were stopped: 0.0001083 seconds, Stopping threads took: 0.0000190 seconds
[2019-12-09T03:57:50.717+0000][1][safepoint    ] Application time: 1.0000825 seconds
[2019-12-09T03:57:50.717+0000][1][safepoint    ] Entering safepoint region: Cleanup
[2019-12-09T03:57:50.717+0000][1][safepoint    ] Leaving safepoint region
[2019-12-09T03:57:50.717+0000][1][safepoint    ] Total time for which application threads were stopped: 0.0000990 seconds, Stopping threads took: 0.0000195 seconds
[2019-12-09T03:57:51.140+0000][1][safepoint    ] Application time: 0.4232882 seconds
[2019-12-09T03:57:51.140+0000][1][safepoint    ] Entering safepoint region: GenCollectForAllocation
[2019-12-09T03:57:51.141+0000][1][gc,start     ] GC(50) Pause Young (Allocation Failure)
[2019-12-09T03:57:51.141+0000][1][gc,task      ] GC(50) Using 2 workers of 2 for evacuation
[2019-12-09T03:57:51.145+0000][1][gc,age       ] GC(50) Desired survivor size 4456448 bytes, new threshold 6 (max threshold 6)
[2019-12-09T03:57:51.145+0000][1][gc,age       ] GC(50) Age table with threshold 6 (max threshold 6)
[2019-12-09T03:57:51.145+0000][1][gc,age       ] GC(50) - age   1:     138744 bytes,     138744 total
[2019-12-09T03:57:51.145+0000][1][gc,age       ] GC(50) - age   2:       7336 bytes,     146080 total
[2019-12-09T03:57:51.145+0000][1][gc,age       ] GC(50) - age   3:       8600 bytes,     154680 total
[2019-12-09T03:57:51.145+0000][1][gc,age       ] GC(50) - age   4:     104544 bytes,     259224 total
[2019-12-09T03:57:51.145+0000][1][gc,age       ] GC(50) - age   5:    3362736 bytes,    3621960 total
[2019-12-09T03:57:51.145+0000][1][gc,heap      ] GC(50) ParNew: 75480K->5495K(78656K)
[2019-12-09T03:57:51.145+0000][1][gc,heap      ] GC(50) CMS: 115823K->115823K(174784K)
[2019-12-09T03:57:51.145+0000][1][gc,metaspace ] GC(50) Metaspace: 83178K->83178K(1126400K)
[2019-12-09T03:57:51.145+0000][1][gc           ] GC(50) Pause Young (Allocation Failure) 186M->118M(247M) 4.262ms
[2019-12-09T03:57:51.145+0000][1][gc,cpu       ] GC(50) User=0.01s Sys=0.00s Real=0.01s
[2019-12-09T03:57:51.145+0000][1][safepoint    ] Leaving safepoint region
[2019-12-09T03:57:51.145+0000][1][safepoint    ] Total time for which application threads were stopped: 0.0044672 seconds, Stopping threads took: 0.0000232 seconds
[2019-12-09T03:57:52.145+0000][1][safepoint    ] Application time: 1.0000850 seconds
[2019-12-09T03:57:52.145+0000][1][safepoint    ] Entering safepoint region: Cleanup
[2019-12-09T03:57:52.145+0000][1][safepoint    ] Leaving safepoint region
[2019-12-09T03:57:52.145+0000][1][safepoint    ] Total time for which application threads were stopped: 0.0000892 seconds, Stopping threads took: 0.0000178 seconds
[2019-12-09T03:57:53.145+0000][1][safepoint    ] Application time: 1.0000752 seconds
[2019-12-09T03:57:53.145+0000][1][safepoint    ] Entering safepoint region: Cleanup
[2019-12-09T03:57:53.145+0000][1][safepoint    ] Leaving safepoint region
[2019-12-09T03:57:53.145+0000][1][safepoint    ] Total time for which application threads were stopped: 0.0000904 seconds, Stopping threads took: 0.0000182 seconds
[2019-12-09T03:57:54.145+0000][1][safepoint    ] Application time: 1.0000755 seconds
[2019-12-09T03:57:54.145+0000][1][safepoint    ] Entering safepoint region: Cleanup
[2019-12-09T03:57:54.145+0000][1][safepoint    ] Leaving safepoint region
[2019-12-09T03:57:54.145+0000][1][safepoint    ] Total time for which application threads were stopped: 0.0000923 seconds, Stopping threads took: 0.0000205 seconds
[2019-12-09T03:57:55.146+0000][1][safepoint    ] Application time: 1.0000752 seconds
[2019-12-09T03:57:55.146+0000][1][safepoint    ] Entering safepoint region: Cleanup
[2019-12-09T03:57:55.146+0000][1][safepoint    ] Leaving safepoint region
[2019-12-09T03:57:55.146+0000][1][safepoint    ] Total time for which application threads were stopped: 0.0001176 seconds, Stopping threads took: 0.0000196 seconds
[2019-12-09T03:57:56.146+0000][1][safepoint    ] Application time: 1.0000759 seconds
[2019-12-09T03:57:56.146+0000][1][safepoint    ] Entering safepoint region: Cleanup
[2019-12-09T03:57:56.146+0000][1][safepoint    ] Leaving safepoint region
[2019-12-09T03:57:56.146+0000][1][safepoint    ] Total time for which application threads were stopped: 0.0000918 seconds, Stopping threads took: 0.0000188 seconds
[2019-12-09T03:57:57.146+0000][1][safepoint    ] Application time: 1.0000813 seconds
[2019-12-09T03:57:57.146+0000][1][safepoint    ] Entering safepoint region: Cleanup
[2019-12-09T03:57:57.146+0000][1][safepoint    ] Leaving safepoint region
[2019-12-09T03:57:57.146+0000][1][safepoint    ] Total time for which application threads were stopped: 0.0000923 seconds, Stopping threads took: 0.0000180 seconds
[2019-12-09T03:57:58.146+0000][1][safepoint    ] Application time: 1.0000761 seconds
[2019-12-09T03:57:58.146+0000][1][safepoint    ] Entering safepoint region: Cleanup
[2019-12-09T03:57:58.146+0000][1][safepoint    ] Leaving safepoint region
[2019-12-09T03:57:58.146+0000][1][safepoint    ] Total time for which application threads were stopped: 0.0000903 seconds, Stopping threads took: 0.0000178 seconds
[2019-12-09T03:57:59.146+0000][1][safepoint    ] Application time: 1.0000748 seconds
[2019-12-09T03:57:59.147+0000][1][safepoint    ] Entering safepoint region: Cleanup
[2019-12-09T03:57:59.147+0000][1][safepoint    ] Leaving safepoint region
[2019-12-09T03:57:59.147+0000][1][safepoint    ] Total time for which application threads were stopped: 0.0000952 seconds, Stopping threads took: 0.0000188 seconds
[2019-12-09T03:58:00.147+0000][1][safepoint    ] Application time: 1.0000770 seconds
[2019-12-09T03:58:00.147+0000][1][safepoint    ] Entering safepoint region: Cleanup
[2019-12-09T03:58:00.147+0000][1][safepoint    ] Leaving safepoint region
[2019-12-09T03:58:00.147+0000][1][safepoint    ] Total time for which application threads were stopped: 0.0000986 seconds, Stopping threads took: 0.0000199 seconds
[2019-12-09T03:58:01.147+0000][1][safepoint    ] Application time: 1.0000775 seconds
[2019-12-09T03:58:01.147+0000][1][safepoint    ] Entering safepoint region: Cleanup
[2019-12-09T03:58:01.147+0000][1][safepoint    ] Leaving safepoint region
[2019-12-09T03:58:01.147+0000][1][safepoint    ] Total time for which application threads were stopped: 0.0001017 seconds, Stopping threads took: 0.0000280 seconds
[2019-12-09T03:58:02.147+0000][1][safepoint    ] Application time: 1.0000780 seconds
[2019-12-09T03:58:02.147+0000][1][safepoint    ] Entering safepoint region: Cleanup
[2019-12-09T03:58:02.147+0000][1][safepoint    ] Leaving safepoint region
[2019-12-09T03:58:02.147+0000][1][safepoint    ] Total time for which application threads were stopped: 0.0000947 seconds, Stopping threads took: 0.0000175 seconds
[2019-12-09T03:58:03.147+0000][1][safepoint    ] Application time: 1.0000743 seconds
[2019-12-09T03:58:03.147+0000][1][safepoint    ] Entering safepoint region: Cleanup
[2019-12-09T03:58:03.147+0000][1][safepoint    ] Leaving safepoint region
[2019-12-09T03:58:03.147+0000][1][safepoint    ] Total time for which application threads were stopped: 0.0000901 seconds, Stopping threads took: 0.0000194 seconds
[2019-12-09T03:58:04.148+0000][1][safepoint    ] Application time: 1.0000784 seconds
[2019-12-09T03:58:04.148+0000][1][safepoint    ] Entering safepoint region: Cleanup
[2019-12-09T03:58:04.148+0000][1][safepoint    ] Leaving safepoint region
[2019-12-09T03:58:04.148+0000][1][safepoint    ] Total time for which application threads were stopped: 0.0001082 seconds, Stopping threads took: 0.0000189 seconds
[2019-12-09T03:58:05.148+0000][1][safepoint    ] Application time: 1.0000760 seconds
[2019-12-09T03:58:05.148+0000][1][safepoint    ] Entering safepoint region: Cleanup
[2019-12-09T03:58:05.148+0000][1][safepoint    ] Leaving safepoint region
[2019-12-09T03:58:05.148+0000][1][safepoint    ] Total time for which application threads were stopped: 0.0000981 seconds, Stopping threads took: 0.0000185 seconds
[2019-12-09T03:58:06.148+0000][1][safepoint    ] Application time: 1.0000766 seconds
[2019-12-09T03:58:06.148+0000][1][safepoint    ] Entering safepoint region: Cleanup
[2019-12-09T03:58:06.148+0000][1][safepoint    ] Leaving safepoint region
[2019-12-09T03:58:06.148+0000][1][safepoint    ] Total time for which application threads were stopped: 0.0001048 seconds, Stopping threads took: 0.0000277 seconds
[2019-12-09T03:58:07.148+0000][1][safepoint    ] Application time: 1.0000766 seconds
[2019-12-09T03:58:07.148+0000][1][safepoint    ] Entering safepoint region: Cleanup
[2019-12-09T03:58:07.148+0000][1][safepoint    ] Leaving safepoint region
[2019-12-09T03:58:07.148+0000][1][safepoint    ] Total time for which application threads were stopped: 0.0000969 seconds, Stopping threads took: 0.0000201 seconds
[2019-12-09T03:58:08.148+0000][1][safepoint    ] Application time: 1.0000777 seconds
[2019-12-09T03:58:08.148+0000][1][safepoint    ] Entering safepoint region: Cleanup
[2019-12-09T03:58:08.149+0000][1][safepoint    ] Leaving safepoint region
[2019-12-09T03:58:08.149+0000][1][safepoint    ] Total time for which application threads were stopped: 0.0000924 seconds, Stopping threads took: 0.0000186 seconds
[2019-12-09T03:58:09.149+0000][1][safepoint    ] Application time: 1.0000765 seconds
[2019-12-09T03:58:09.149+0000][1][safepoint    ] Entering safepoint region: Cleanup
[2019-12-09T03:58:09.149+0000][1][safepoint    ] Leaving safepoint region
[2019-12-09T03:58:09.149+0000][1][safepoint    ] Total time for which application threads were stopped: 0.0000944 seconds, Stopping threads took: 0.0000197 seconds
[2019-12-09T03:58:10.149+0000][1][safepoint    ] Application time: 1.0000765 seconds
[2019-12-09T03:58:10.149+0000][1][safepoint    ] Entering safepoint region: Cleanup
[2019-12-09T03:58:10.149+0000][1][safepoint    ] Leaving safepoint region
[2019-12-09T03:58:10.149+0000][1][safepoint    ] Total time for which application threads were stopped: 0.0000992 seconds, Stopping threads took: 0.0000180 seconds
[2019-12-09T03:58:11.149+0000][1][safepoint    ] Application time: 1.0000751 seconds
[2019-12-09T03:58:11.149+0000][1][safepoint    ] Entering safepoint region: Cleanup
[2019-12-09T03:58:11.149+0000][1][safepoint    ] Leaving safepoint region
[2019-12-09T03:58:11.149+0000][1][safepoint    ] Total time for which application threads were stopped: 0.0000935 seconds, Stopping threads took: 0.0000198 seconds
[2019-12-09T03:58:12.149+0000][1][safepoint    ] Application time: 1.0000772 seconds
[2019-12-09T03:58:12.149+0000][1][safepoint    ] Entering safepoint region: Cleanup
[2019-12-09T03:58:12.149+0000][1][safepoint    ] Leaving safepoint region
[2019-12-09T03:58:12.149+0000][1][safepoint    ] Total time for which application threads were stopped: 0.0000948 seconds, Stopping threads took: 0.0000220 seconds
[2019-12-09T03:58:13.150+0000][1][safepoint    ] Application time: 1.0000773 seconds
[2019-12-09T03:58:13.150+0000][1][safepoint    ] Entering safepoint region: Cleanup
[2019-12-09T03:58:13.150+0000][1][safepoint    ] Leaving safepoint region
[2019-12-09T03:58:13.150+0000][1][safepoint    ] Total time for which application threads were stopped: 0.0000904 seconds, Stopping threads took: 0.0000178 seconds
[2019-12-09T03:58:14.150+0000][1][safepoint    ] Application time: 1.0000770 seconds
[2019-12-09T03:58:14.150+0000][1][safepoint    ] Entering safepoint region: Cleanup
[2019-12-09T03:58:14.150+0000][1][safepoint    ] Leaving safepoint region
[2019-12-09T03:58:14.150+0000][1][safepoint    ] Total time for which application threads were stopped: 0.0000927 seconds, Stopping threads took: 0.0000196 seconds
[2019-12-09T03:58:15.150+0000][1][safepoint    ] Application time: 1.0000769 seconds
[2019-12-09T03:58:15.150+0000][1][safepoint    ] Entering safepoint region: Cleanup
[2019-12-09T03:58:15.150+0000][1][safepoint    ] Leaving safepoint region
[2019-12-09T03:58:15.150+0000][1][safepoint    ] Total time for which application threads were stopped: 0.0000932 seconds, Stopping threads took: 0.0000191 seconds
[2019-12-09T03:58:16.150+0000][1][safepoint    ] Application time: 1.0000774 seconds
[2019-12-09T03:58:16.150+0000][1][safepoint    ] Entering safepoint region: Cleanup
[2019-12-09T03:58:16.150+0000][1][safepoint    ] Leaving safepoint region
[2019-12-09T03:58:16.150+0000][1][safepoint    ] Total time for which application threads were stopped: 0.0000913 seconds, Stopping threads took: 0.0000185 seconds
[2019-12-09T03:58:17.150+0000][1][safepoint    ] Application time: 1.0000768 seconds
[2019-12-09T03:58:17.150+0000][1][safepoint    ] Entering safepoint region: Cleanup
[2019-12-09T03:58:17.151+0000][1][safepoint    ] Leaving safepoint region
[2019-12-09T03:58:17.151+0000][1][safepoint    ] Total time for which application threads were stopped: 0.0000904 seconds, Stopping threads took: 0.0000164 seconds
[2019-12-09T03:58:18.151+0000][1][safepoint    ] Application time: 1.0000760 seconds
[2019-12-09T03:58:18.151+0000][1][safepoint    ] Entering safepoint region: Cleanup
[2019-12-09T03:58:18.151+0000][1][safepoint    ] Leaving safepoint region
[2019-12-09T03:58:18.151+0000][1][safepoint    ] Total time for which application threads were stopped: 0.0001018 seconds, Stopping threads took: 0.0000192 seconds
[2019-12-09T03:58:19.151+0000][1][safepoint    ] Application time: 1.0000760 seconds
[2019-12-09T03:58:19.151+0000][1][safepoint    ] Entering safepoint region: Cleanup
[2019-12-09T03:58:19.151+0000][1][safepoint    ] Leaving safepoint region
[2019-12-09T03:58:19.151+0000][1][safepoint    ] Total time for which application threads were stopped: 0.0000934 seconds, Stopping threads took: 0.0000193 seconds
[2019-12-09T03:58:20.151+0000][1][safepoint    ] Application time: 1.0000753 seconds
[2019-12-09T03:58:20.151+0000][1][safepoint    ] Entering safepoint region: Cleanup
[2019-12-09T03:58:20.151+0000][1][safepoint    ] Leaving safepoint region
[2019-12-09T03:58:20.151+0000][1][safepoint    ] Total time for which application threads were stopped: 0.0000927 seconds, Stopping threads took: 0.0000185 seconds
[2019-12-09T03:58:21.152+0000][1][safepoint    ] Application time: 1.0004001 seconds
[2019-12-09T03:58:21.152+0000][1][safepoint    ] Entering safepoint region: Cleanup
[2019-12-09T03:58:21.152+0000][1][safepoint    ] Leaving safepoint region
[2019-12-09T03:58:21.152+0000][1][safepoint    ] Total time for which application threads were stopped: 0.0001495 seconds, Stopping threads took: 0.0000242 seconds
[2019-12-09T03:58:22.152+0000][1][safepoint    ] Application time: 1.0000842 seconds
[2019-12-09T03:58:22.152+0000][1][safepoint    ] Entering safepoint region: Cleanup
[2019-12-09T03:58:22.152+0000][1][safepoint    ] Leaving safepoint region
[2019-12-09T03:58:22.152+0000][1][safepoint    ] Total time for which application threads were stopped: 0.0000961 seconds, Stopping threads took: 0.0000196 seconds
[2019-12-09T03:58:23.152+0000][1][safepoint    ] Application time: 1.0000743 seconds
[2019-12-09T03:58:23.152+0000][1][safepoint    ] Entering safepoint region: Cleanup
[2019-12-09T03:58:23.152+0000][1][safepoint    ] Leaving safepoint region
[2019-12-09T03:58:23.152+0000][1][safepoint    ] Total time for which application threads were stopped: 0.0000911 seconds, Stopping threads took: 0.0000183 seconds
[2019-12-09T03:58:24.152+0000][1][safepoint    ] Application time: 1.0000774 seconds
[2019-12-09T03:58:24.152+0000][1][safepoint    ] Entering safepoint region: Cleanup
[2019-12-09T03:58:24.152+0000][1][safepoint    ] Leaving safepoint region
[2019-12-09T03:58:24.152+0000][1][safepoint    ] Total time for which application threads were stopped: 0.0000902 seconds, Stopping threads took: 0.0000177 seconds
[2019-12-09T03:58:25.153+0000][1][safepoint    ] Application time: 1.0000780 seconds
[2019-12-09T03:58:25.153+0000][1][safepoint    ] Entering safepoint region: Cleanup
[2019-12-09T03:58:25.153+0000][1][safepoint    ] Leaving safepoint region
[2019-12-09T03:58:25.153+0000][1][safepoint    ] Total time for which application threads were stopped: 0.0000931 seconds, Stopping threads took: 0.0000188 seconds
[2019-12-09T03:58:26.153+0000][1][safepoint    ] Application time: 1.0000769 seconds
[2019-12-09T03:58:26.153+0000][1][safepoint    ] Entering safepoint region: Cleanup
[2019-12-09T03:58:26.153+0000][1][safepoint    ] Leaving safepoint region
[2019-12-09T03:58:26.153+0000][1][safepoint    ] Total time for which application threads were stopped: 0.0000922 seconds, Stopping threads took: 0.0000188 seconds
[2019-12-09T03:58:27.153+0000][1][safepoint    ] Application time: 1.0000759 seconds
[2019-12-09T03:58:27.153+0000][1][safepoint    ] Entering safepoint region: Cleanup
[2019-12-09T03:58:27.153+0000][1][safepoint    ] Leaving safepoint region
[2019-12-09T03:58:27.153+0000][1][safepoint    ] Total time for which application threads were stopped: 0.0000913 seconds, Stopping threads took: 0.0000184 seconds
[2019-12-09T03:58:28.153+0000][1][safepoint    ] Application time: 1.0000761 seconds
[2019-12-09T03:58:28.153+0000][1][safepoint    ] Entering safepoint region: Cleanup
[2019-12-09T03:58:28.153+0000][1][safepoint    ] Leaving safepoint region
[2019-12-09T03:58:28.153+0000][1][safepoint    ] Total time for which application threads were stopped: 0.0000907 seconds, Stopping threads took: 0.0000180 seconds
[2019-12-09T03:58:29.153+0000][1][safepoint    ] Application time: 1.0000773 seconds
[2019-12-09T03:58:29.153+0000][1][safepoint    ] Entering safepoint region: Cleanup
[2019-12-09T03:58:29.153+0000][1][safepoint    ] Leaving safepoint region
[2019-12-09T03:58:29.153+0000][1][safepoint    ] Total time for which application threads were stopped: 0.0000944 seconds, Stopping threads took: 0.0000177 seconds
[2019-12-09T03:58:30.154+0000][1][safepoint    ] Application time: 1.0000759 seconds
[2019-12-09T03:58:30.154+0000][1][safepoint    ] Entering safepoint region: Cleanup
[2019-12-09T03:58:30.154+0000][1][safepoint    ] Leaving safepoint region
[2019-12-09T03:58:30.154+0000][1][safepoint    ] Total time for which application threads were stopped: 0.0001006 seconds, Stopping threads took: 0.0000178 seconds
[2019-12-09T03:58:31.154+0000][1][safepoint    ] Application time: 1.0000761 seconds
[2019-12-09T03:58:31.154+0000][1][safepoint    ] Entering safepoint region: Cleanup
[2019-12-09T03:58:31.154+0000][1][safepoint    ] Leaving safepoint region
[2019-12-09T03:58:31.154+0000][1][safepoint    ] Total time for which application threads were stopped: 0.0000944 seconds, Stopping threads took: 0.0000179 seconds
[2019-12-09T03:58:32.154+0000][1][safepoint    ] Application time: 1.0000760 seconds
[2019-12-09T03:58:32.154+0000][1][safepoint    ] Entering safepoint region: Cleanup
[2019-12-09T03:58:32.154+0000][1][safepoint    ] Leaving safepoint region
[2019-12-09T03:58:32.154+0000][1][safepoint    ] Total time for which application threads were stopped: 0.0000899 seconds, Stopping threads took: 0.0000186 seconds
[2019-12-09T03:58:33.154+0000][1][safepoint    ] Application time: 1.0000752 seconds
[2019-12-09T03:58:33.154+0000][1][safepoint    ] Entering safepoint region: Cleanup
[2019-12-09T03:58:33.154+0000][1][safepoint    ] Leaving safepoint region
[2019-12-09T03:58:33.154+0000][1][safepoint    ] Total time for which application threads were stopped: 0.0000913 seconds, Stopping threads took: 0.0000189 seconds
[2019-12-09T03:58:34.154+0000][1][safepoint    ] Application time: 1.0000751 seconds
[2019-12-09T03:58:34.154+0000][1][safepoint    ] Entering safepoint region: Cleanup
[2019-12-09T03:58:34.155+0000][1][safepoint    ] Leaving safepoint region
[2019-12-09T03:58:34.155+0000][1][safepoint    ] Total time for which application threads were stopped: 0.0000920 seconds, Stopping threads took: 0.0000195 seconds
[2019-12-09T03:58:35.155+0000][1][safepoint    ] Application time: 1.0000770 seconds
[2019-12-09T03:58:35.155+0000][1][safepoint    ] Entering safepoint region: Cleanup
[2019-12-09T03:58:35.155+0000][1][safepoint    ] Leaving safepoint region
[2019-12-09T03:58:35.155+0000][1][safepoint    ] Total time for which application threads were stopped: 0.0001050 seconds, Stopping threads took: 0.0000334 seconds
[2019-12-09T03:58:36.155+0000][1][safepoint    ] Application time: 1.0000778 seconds
[2019-12-09T03:58:36.155+0000][1][safepoint    ] Entering safepoint region: Cleanup
[2019-12-09T03:58:36.155+0000][1][safepoint    ] Leaving safepoint region
[2019-12-09T03:58:36.155+0000][1][safepoint    ] Total time for which application threads were stopped: 0.0000999 seconds, Stopping threads took: 0.0000287 seconds
[2019-12-09T03:58:37.155+0000][1][safepoint    ] Application time: 1.0000779 seconds
[2019-12-09T03:58:37.155+0000][1][safepoint    ] Entering safepoint region: Cleanup
[2019-12-09T03:58:37.155+0000][1][safepoint    ] Leaving safepoint region
[2019-12-09T03:58:37.155+0000][1][safepoint    ] Total time for which application threads were stopped: 0.0000886 seconds, Stopping threads took: 0.0000183 seconds
[2019-12-09T03:58:38.155+0000][1][safepoint    ] Application time: 1.0000778 seconds
[2019-12-09T03:58:38.155+0000][1][safepoint    ] Entering safepoint region: Cleanup
[2019-12-09T03:58:38.155+0000][1][safepoint    ] Leaving safepoint region
[2019-12-09T03:58:38.155+0000][1][safepoint    ] Total time for which application threads were stopped: 0.0000895 seconds, Stopping threads took: 0.0000189 seconds
[2019-12-09T03:58:39.156+0000][1][safepoint    ] Application time: 1.0000753 seconds
[2019-12-09T03:58:39.156+0000][1][safepoint    ] Entering safepoint region: Cleanup
[2019-12-09T03:58:39.156+0000][1][safepoint    ] Leaving safepoint region
[2019-12-09T03:58:39.156+0000][1][safepoint    ] Total time for which application threads were stopped: 0.0000943 seconds, Stopping threads took: 0.0000210 seconds
[2019-12-09T03:58:40.156+0000][1][safepoint    ] Application time: 1.0000758 seconds
[2019-12-09T03:58:40.156+0000][1][safepoint    ] Entering safepoint region: Cleanup
[2019-12-09T03:58:40.156+0000][1][safepoint    ] Leaving safepoint region
[2019-12-09T03:58:40.156+0000][1][safepoint    ] Total time for which application threads were stopped: 0.0000881 seconds, Stopping threads took: 0.0000181 seconds
[2019-12-09T03:58:41.156+0000][1][safepoint    ] Application time: 1.0000772 seconds
[2019-12-09T03:58:41.156+0000][1][safepoint    ] Entering safepoint region: Cleanup
[2019-12-09T03:58:41.156+0000][1][safepoint    ] Leaving safepoint region
[2019-12-09T03:58:41.156+0000][1][safepoint    ] Total time for which application threads were stopped: 0.0000871 seconds, Stopping threads took: 0.0000175 seconds
[2019-12-09T03:58:42.156+0000][1][safepoint    ] Application time: 1.0000778 seconds
[2019-12-09T03:58:42.156+0000][1][safepoint    ] Entering safepoint region: Cleanup
[2019-12-09T03:58:42.156+0000][1][safepoint    ] Leaving safepoint region
[2019-12-09T03:58:42.156+0000][1][safepoint    ] Total time for which application threads were stopped: 0.0000873 seconds, Stopping threads took: 0.0000185 seconds
[2019-12-09T03:58:43.156+0000][1][safepoint    ] Application time: 1.0000756 seconds
[2019-12-09T03:58:43.156+0000][1][safepoint    ] Entering safepoint region: Cleanup
[2019-12-09T03:58:43.156+0000][1][safepoint    ] Leaving safepoint region
[2019-12-09T03:58:43.156+0000][1][safepoint    ] Total time for which application threads were stopped: 0.0000899 seconds, Stopping threads took: 0.0000189 seconds
[2019-12-09T03:58:44.157+0000][1][safepoint    ] Application time: 1.0000770 seconds
[2019-12-09T03:58:44.157+0000][1][safepoint    ] Entering safepoint region: Cleanup
[2019-12-09T03:58:44.157+0000][1][safepoint    ] Leaving safepoint region
[2019-12-09T03:58:44.157+0000][1][safepoint    ] Total time for which application threads were stopped: 0.0001019 seconds, Stopping threads took: 0.0000203 seconds
[2019-12-09T03:58:45.157+0000][1][safepoint    ] Application time: 1.0000754 seconds
[2019-12-09T03:58:45.157+0000][1][safepoint    ] Entering safepoint region: Cleanup
[2019-12-09T03:58:45.157+0000][1][safepoint    ] Leaving safepoint region
[2019-12-09T03:58:45.157+0000][1][safepoint    ] Total time for which application threads were stopped: 0.0000860 seconds, Stopping threads took: 0.0000180 seconds
[2019-12-09T03:58:46.157+0000][1][safepoint    ] Application time: 1.0000747 seconds
[2019-12-09T03:58:46.157+0000][1][safepoint    ] Entering safepoint region: Cleanup
[2019-12-09T03:58:46.157+0000][1][safepoint    ] Leaving safepoint region
[2019-12-09T03:58:46.157+0000][1][safepoint    ] Total time for which application threads were stopped: 0.0000908 seconds, Stopping threads took: 0.0000197 seconds
[2019-12-09T03:58:47.157+0000][1][safepoint    ] Application time: 1.0000782 seconds
[2019-12-09T03:58:47.157+0000][1][safepoint    ] Entering safepoint region: Cleanup
[2019-12-09T03:58:47.157+0000][1][safepoint    ] Leaving safepoint region
[2019-12-09T03:58:47.157+0000][1][safepoint    ] Total time for which application threads were stopped: 0.0000879 seconds, Stopping threads took: 0.0000181 seconds
[2019-12-09T03:58:48.157+0000][1][safepoint    ] Application time: 1.0000769 seconds
[2019-12-09T03:58:48.157+0000][1][safepoint    ] Entering safepoint region: Cleanup
[2019-12-09T03:58:48.158+0000][1][safepoint    ] Leaving safepoint region
[2019-12-09T03:58:48.158+0000][1][safepoint    ] Total time for which application threads were stopped: 0.0000867 seconds, Stopping threads took: 0.0000175 seconds
[2019-12-09T03:58:49.158+0000][1][safepoint    ] Application time: 1.0000762 seconds
[2019-12-09T03:58:49.158+0000][1][safepoint    ] Entering safepoint region: Cleanup
[2019-12-09T03:58:49.158+0000][1][safepoint    ] Leaving safepoint region
[2019-12-09T03:58:49.158+0000][1][safepoint    ] Total time for which application threads were stopped: 0.0000984 seconds, Stopping threads took: 0.0000178 seconds
[2019-12-09T03:58:50.158+0000][1][safepoint    ] Application time: 1.0000761 seconds
[2019-12-09T03:58:50.158+0000][1][safepoint    ] Entering safepoint region: Cleanup
[2019-12-09T03:58:50.158+0000][1][safepoint    ] Leaving safepoint region
[2019-12-09T03:58:50.158+0000][1][safepoint    ] Total time for which application threads were stopped: 0.0000939 seconds, Stopping threads took: 0.0000195 seconds
[2019-12-09T03:58:51.158+0000][1][safepoint    ] Application time: 1.0003314 seconds
[2019-12-09T03:58:51.158+0000][1][safepoint    ] Entering safepoint region: Cleanup
[2019-12-09T03:58:51.158+0000][1][safepoint    ] Leaving safepoint region
[2019-12-09T03:58:51.158+0000][1][safepoint    ] Total time for which application threads were stopped: 0.0001176 seconds, Stopping threads took: 0.0000211 seconds
[2019-12-09T03:58:52.159+0000][1][safepoint    ] Application time: 1.0000768 seconds
[2019-12-09T03:58:52.159+0000][1][safepoint    ] Entering safepoint region: Cleanup
[2019-12-09T03:58:52.159+0000][1][safepoint    ] Leaving safepoint region
[2019-12-09T03:58:52.159+0000][1][safepoint    ] Total time for which application threads were stopped: 0.0000961 seconds, Stopping threads took: 0.0000198 seconds
[2019-12-09T03:58:53.159+0000][1][safepoint    ] Application time: 1.0000908 seconds
[2019-12-09T03:58:53.159+0000][1][safepoint    ] Entering safepoint region: Cleanup
[2019-12-09T03:58:53.159+0000][1][safepoint    ] Leaving safepoint region
[2019-12-09T03:58:53.159+0000][1][safepoint    ] Total time for which application threads were stopped: 0.0000893 seconds, Stopping threads took: 0.0000186 seconds
[2019-12-09T03:58:54.159+0000][1][safepoint    ] Application time: 1.0000774 seconds
[2019-12-09T03:58:54.159+0000][1][safepoint    ] Entering safepoint region: Cleanup
[2019-12-09T03:58:54.159+0000][1][safepoint    ] Leaving safepoint region
[2019-12-09T03:58:54.159+0000][1][safepoint    ] Total time for which application threads were stopped: 0.0000893 seconds, Stopping threads took: 0.0000193 seconds
[2019-12-09T03:58:55.159+0000][1][safepoint    ] Application time: 1.0000759 seconds
[2019-12-09T03:58:55.159+0000][1][safepoint    ] Entering safepoint region: Cleanup
[2019-12-09T03:58:55.159+0000][1][safepoint    ] Leaving safepoint region
[2019-12-09T03:58:55.159+0000][1][safepoint    ] Total time for which application threads were stopped: 0.0001003 seconds, Stopping threads took: 0.0000184 seconds
[2019-12-09T03:58:56.159+0000][1][safepoint    ] Application time: 1.0000767 seconds
[2019-12-09T03:58:56.159+0000][1][safepoint    ] Entering safepoint region: Cleanup
[2019-12-09T03:58:56.160+0000][1][safepoint    ] Leaving safepoint region
[2019-12-09T03:58:56.160+0000][1][safepoint    ] Total time for which application threads were stopped: 0.0000906 seconds, Stopping threads took: 0.0000199 seconds
[2019-12-09T03:58:57.160+0000][1][safepoint    ] Application time: 1.0000760 seconds
[2019-12-09T03:58:57.160+0000][1][safepoint    ] Entering safepoint region: Cleanup
[2019-12-09T03:58:57.160+0000][1][safepoint    ] Leaving safepoint region
[2019-12-09T03:58:57.160+0000][1][safepoint    ] Total time for which application threads were stopped: 0.0001094 seconds, Stopping threads took: 0.0000300 seconds
[2019-12-09T03:58:58.160+0000][1][safepoint    ] Application time: 1.0000771 seconds
[2019-12-09T03:58:58.160+0000][1][safepoint    ] Entering safepoint region: Cleanup
[2019-12-09T03:58:58.160+0000][1][safepoint    ] Leaving safepoint region
[2019-12-09T03:58:58.160+0000][1][safepoint    ] Total time for which application threads were stopped: 0.0000887 seconds, Stopping threads took: 0.0000185 seconds
[2019-12-09T03:58:59.160+0000][1][safepoint    ] Application time: 1.0000741 seconds
[2019-12-09T03:58:59.160+0000][1][safepoint    ] Entering safepoint region: Cleanup
[2019-12-09T03:58:59.160+0000][1][safepoint    ] Leaving safepoint region
[2019-12-09T03:58:59.160+0000][1][safepoint    ] Total time for which application threads were stopped: 0.0000865 seconds, Stopping threads took: 0.0000174 seconds
[2019-12-09T03:59:00.160+0000][1][safepoint    ] Application time: 1.0000748 seconds
[2019-12-09T03:59:00.160+0000][1][safepoint    ] Entering safepoint region: Cleanup
[2019-12-09T03:59:00.160+0000][1][safepoint    ] Leaving safepoint region
[2019-12-09T03:59:00.160+0000][1][safepoint    ] Total time for which application threads were stopped: 0.0000872 seconds, Stopping threads took: 0.0000176 seconds
[2019-12-09T03:59:01.160+0000][1][safepoint    ] Application time: 1.0000764 seconds
[2019-12-09T03:59:01.161+0000][1][safepoint    ] Entering safepoint region: Cleanup
[2019-12-09T03:59:01.161+0000][1][safepoint    ] Leaving safepoint region
[2019-12-09T03:59:01.161+0000][1][safepoint    ] Total time for which application threads were stopped: 0.0000864 seconds, Stopping threads took: 0.0000173 seconds
[2019-12-09T03:59:02.161+0000][1][safepoint    ] Application time: 1.0000884 seconds
[2019-12-09T03:59:02.161+0000][1][safepoint    ] Entering safepoint region: Cleanup
[2019-12-09T03:59:02.161+0000][1][safepoint    ] Leaving safepoint region
[2019-12-09T03:59:02.161+0000][1][safepoint    ] Total time for which application threads were stopped: 0.0000905 seconds, Stopping threads took: 0.0000203 seconds
[2019-12-09T03:59:03.161+0000][1][safepoint    ] Application time: 1.0000745 seconds
[2019-12-09T03:59:03.161+0000][1][safepoint    ] Entering safepoint region: Cleanup
[2019-12-09T03:59:03.161+0000][1][safepoint    ] Leaving safepoint region
[2019-12-09T03:59:03.161+0000][1][safepoint    ] Total time for which application threads were stopped: 0.0000895 seconds, Stopping threads took: 0.0000187 seconds
[2019-12-09T03:59:04.161+0000][1][safepoint    ] Application time: 1.0000751 seconds
[2019-12-09T03:59:04.161+0000][1][safepoint    ] Entering safepoint region: Cleanup
[2019-12-09T03:59:04.161+0000][1][safepoint    ] Leaving safepoint region
[2019-12-09T03:59:04.161+0000][1][safepoint    ] Total time for which application threads were stopped: 0.0000918 seconds, Stopping threads took: 0.0000181 seconds
[2019-12-09T03:59:05.161+0000][1][safepoint    ] Application time: 1.0000749 seconds
[2019-12-09T03:59:05.161+0000][1][safepoint    ] Entering safepoint region: Cleanup
[2019-12-09T03:59:05.161+0000][1][safepoint    ] Leaving safepoint region
[2019-12-09T03:59:05.161+0000][1][safepoint    ] Total time for which application threads were stopped: 0.0000887 seconds, Stopping threads took: 0.0000180 seconds
[2019-12-09T03:59:06.162+0000][1][safepoint    ] Application time: 1.0000884 seconds
[2019-12-09T03:59:06.162+0000][1][safepoint    ] Entering safepoint region: Cleanup
[2019-12-09T03:59:06.162+0000][1][safepoint    ] Leaving safepoint region
[2019-12-09T03:59:06.162+0000][1][safepoint    ] Total time for which application threads were stopped: 0.0001525 seconds, Stopping threads took: 0.0000369 seconds
[2019-12-09T03:59:07.162+0000][1][safepoint    ] Application time: 1.0000776 seconds
[2019-12-09T03:59:07.162+0000][1][safepoint    ] Entering safepoint region: Cleanup
[2019-12-09T03:59:07.162+0000][1][safepoint    ] Leaving safepoint region
[2019-12-09T03:59:07.162+0000][1][safepoint    ] Total time for which application threads were stopped: 0.0000920 seconds, Stopping threads took: 0.0000242 seconds
[2019-12-09T03:59:08.162+0000][1][safepoint    ] Application time: 1.0000756 seconds
[2019-12-09T03:59:08.162+0000][1][safepoint    ] Entering safepoint region: Cleanup
[2019-12-09T03:59:08.162+0000][1][safepoint    ] Leaving safepoint region
[2019-12-09T03:59:08.162+0000][1][safepoint    ] Total time for which application threads were stopped: 0.0000918 seconds, Stopping threads took: 0.0000223 seconds
[2019-12-09T03:59:09.162+0000][1][safepoint    ] Application time: 1.0000744 seconds
[2019-12-09T03:59:09.162+0000][1][safepoint    ] Entering safepoint region: Cleanup
[2019-12-09T03:59:09.162+0000][1][safepoint    ] Leaving safepoint region
[2019-12-09T03:59:09.162+0000][1][safepoint    ] Total time for which application threads were stopped: 0.0000886 seconds, Stopping threads took: 0.0000195 seconds
[2019-12-09T03:59:10.162+0000][1][safepoint    ] Application time: 1.0000748 seconds
[2019-12-09T03:59:10.162+0000][1][safepoint    ] Entering safepoint region: Cleanup
[2019-12-09T03:59:10.163+0000][1][safepoint    ] Leaving safepoint region
[2019-12-09T03:59:10.163+0000][1][safepoint    ] Total time for which application threads were stopped: 0.0000847 seconds, Stopping threads took: 0.0000182 seconds
[2019-12-09T03:59:11.163+0000][1][safepoint    ] Application time: 1.0000762 seconds
[2019-12-09T03:59:11.163+0000][1][safepoint    ] Entering safepoint region: Cleanup
[2019-12-09T03:59:11.163+0000][1][safepoint    ] Leaving safepoint region
[2019-12-09T03:59:11.163+0000][1][safepoint    ] Total time for which application threads were stopped: 0.0000838 seconds, Stopping threads took: 0.0000175 seconds
[2019-12-09T03:59:12.163+0000][1][safepoint    ] Application time: 1.0000719 seconds
[2019-12-09T03:59:12.163+0000][1][safepoint    ] Entering safepoint region: Cleanup
[2019-12-09T03:59:12.163+0000][1][safepoint    ] Leaving safepoint region
[2019-12-09T03:59:12.163+0000][1][safepoint    ] Total time for which application threads were stopped: 0.0000863 seconds, Stopping threads took: 0.0000169 seconds
[2019-12-09T03:59:13.163+0000][1][safepoint    ] Application time: 1.0000759 seconds
[2019-12-09T03:59:13.163+0000][1][safepoint    ] Entering safepoint region: Cleanup
[2019-12-09T03:59:13.163+0000][1][safepoint    ] Leaving safepoint region
[2019-12-09T03:59:13.163+0000][1][safepoint    ] Total time for which application threads were stopped: 0.0000864 seconds, Stopping threads took: 0.0000186 seconds
[2019-12-09T03:59:14.163+0000][1][safepoint    ] Application time: 1.0000784 seconds
[2019-12-09T03:59:14.163+0000][1][safepoint    ] Entering safepoint region: Cleanup
[2019-12-09T03:59:14.163+0000][1][safepoint    ] Leaving safepoint region
[2019-12-09T03:59:14.163+0000][1][safepoint    ] Total time for which application threads were stopped: 0.0000858 seconds, Stopping threads took: 0.0000178 seconds
[2019-12-09T03:59:15.163+0000][1][safepoint    ] Application time: 1.0000770 seconds
[2019-12-09T03:59:15.164+0000][1][safepoint    ] Entering safepoint region: Cleanup
[2019-12-09T03:59:15.164+0000][1][safepoint    ] Leaving safepoint region
[2019-12-09T03:59:15.164+0000][1][safepoint    ] Total time for which application threads were stopped: 0.0000876 seconds, Stopping threads took: 0.0000194 seconds
[2019-12-09T03:59:16.164+0000][1][safepoint    ] Application time: 1.0000848 seconds
[2019-12-09T03:59:16.164+0000][1][safepoint    ] Entering safepoint region: Cleanup
[2019-12-09T03:59:16.164+0000][1][safepoint    ] Leaving safepoint region
[2019-12-09T03:59:16.164+0000][1][safepoint    ] Total time for which application threads were stopped: 0.0000876 seconds, Stopping threads took: 0.0000185 seconds
[2019-12-09T03:59:17.164+0000][1][safepoint    ] Application time: 1.0000774 seconds
[2019-12-09T03:59:17.164+0000][1][safepoint    ] Entering safepoint region: Cleanup
[2019-12-09T03:59:17.164+0000][1][safepoint    ] Leaving safepoint region
[2019-12-09T03:59:17.164+0000][1][safepoint    ] Total time for which application threads were stopped: 0.0000819 seconds, Stopping threads took: 0.0000186 seconds
[2019-12-09T03:59:18.164+0000][1][safepoint    ] Application time: 1.0000763 seconds
[2019-12-09T03:59:18.164+0000][1][safepoint    ] Entering safepoint region: Cleanup
[2019-12-09T03:59:18.164+0000][1][safepoint    ] Leaving safepoint region
[2019-12-09T03:59:18.164+0000][1][safepoint    ] Total time for which application threads were stopped: 0.0000861 seconds, Stopping threads took: 0.0000188 seconds
[2019-12-09T03:59:19.164+0000][1][safepoint    ] Application time: 1.0000771 seconds
[2019-12-09T03:59:19.164+0000][1][safepoint    ] Entering safepoint region: Cleanup
[2019-12-09T03:59:19.164+0000][1][safepoint    ] Leaving safepoint region
[2019-12-09T03:59:19.164+0000][1][safepoint    ] Total time for which application threads were stopped: 0.0000890 seconds, Stopping threads took: 0.0000188 seconds
[2019-12-09T03:59:20.165+0000][1][safepoint    ] Application time: 1.0000767 seconds
[2019-12-09T03:59:20.165+0000][1][safepoint    ] Entering safepoint region: Cleanup
[2019-12-09T03:59:20.165+0000][1][safepoint    ] Leaving safepoint region
[2019-12-09T03:59:20.165+0000][1][safepoint    ] Total time for which application threads were stopped: 0.0000865 seconds, Stopping threads took: 0.0000183 seconds
[2019-12-09T03:59:21.165+0000][1][safepoint    ] Application time: 1.0001061 seconds
[2019-12-09T03:59:21.165+0000][1][safepoint    ] Entering safepoint region: Cleanup
[2019-12-09T03:59:21.165+0000][1][safepoint    ] Leaving safepoint region
[2019-12-09T03:59:21.165+0000][1][safepoint    ] Total time for which application threads were stopped: 0.0001277 seconds, Stopping threads took: 0.0000233 seconds
[2019-12-09T03:59:22.165+0000][1][safepoint    ] Application time: 1.0000778 seconds
[2019-12-09T03:59:22.165+0000][1][safepoint    ] Entering safepoint region: Cleanup
[2019-12-09T03:59:22.165+0000][1][safepoint    ] Leaving safepoint region
[2019-12-09T03:59:22.165+0000][1][safepoint    ] Total time for which application threads were stopped: 0.0000937 seconds, Stopping threads took: 0.0000197 seconds
[2019-12-09T03:59:23.165+0000][1][safepoint    ] Application time: 1.0000761 seconds
[2019-12-09T03:59:23.165+0000][1][safepoint    ] Entering safepoint region: Cleanup
[2019-12-09T03:59:23.165+0000][1][safepoint    ] Leaving safepoint region
[2019-12-09T03:59:23.165+0000][1][safepoint    ] Total time for which application threads were stopped: 0.0000909 seconds, Stopping threads took: 0.0000185 seconds
[2019-12-09T03:59:24.165+0000][1][safepoint    ] Application time: 1.0000771 seconds
[2019-12-09T03:59:24.165+0000][1][safepoint    ] Entering safepoint region: Cleanup
[2019-12-09T03:59:24.166+0000][1][safepoint    ] Leaving safepoint region
[2019-12-09T03:59:24.166+0000][1][safepoint    ] Total time for which application threads were stopped: 0.0000886 seconds, Stopping threads took: 0.0000200 seconds
[2019-12-09T03:59:25.166+0000][1][safepoint    ] Application time: 1.0000781 seconds
[2019-12-09T03:59:25.166+0000][1][safepoint    ] Entering safepoint region: Cleanup
[2019-12-09T03:59:25.166+0000][1][safepoint    ] Leaving safepoint region
[2019-12-09T03:59:25.166+0000][1][safepoint    ] Total time for which application threads were stopped: 0.0000885 seconds, Stopping threads took: 0.0000197 seconds
[2019-12-09T03:59:26.166+0000][1][safepoint    ] Application time: 1.0000761 seconds
[2019-12-09T03:59:26.166+0000][1][safepoint    ] Entering safepoint region: Cleanup
[2019-12-09T03:59:26.166+0000][1][safepoint    ] Leaving safepoint region
[2019-12-09T03:59:26.166+0000][1][safepoint    ] Total time for which application threads were stopped: 0.0000899 seconds, Stopping threads took: 0.0000187 seconds
[2019-12-09T03:59:27.166+0000][1][safepoint    ] Application time: 1.0000768 seconds
[2019-12-09T03:59:27.166+0000][1][safepoint    ] Entering safepoint region: Cleanup
[2019-12-09T03:59:27.166+0000][1][safepoint    ] Leaving safepoint region
[2019-12-09T03:59:27.166+0000][1][safepoint    ] Total time for which application threads were stopped: 0.0000864 seconds, Stopping threads took: 0.0000205 seconds
[2019-12-09T03:59:28.166+0000][1][safepoint    ] Application time: 1.0000775 seconds
[2019-12-09T03:59:28.166+0000][1][safepoint    ] Entering safepoint region: Cleanup
[2019-12-09T03:59:28.166+0000][1][safepoint    ] Leaving safepoint region
[2019-12-09T03:59:28.166+0000][1][safepoint    ] Total time for which application threads were stopped: 0.0000873 seconds, Stopping threads took: 0.0000164 seconds
[2019-12-09T03:59:29.166+0000][1][safepoint    ] Application time: 1.0000781 seconds
[2019-12-09T03:59:29.167+0000][1][safepoint    ] Entering safepoint region: Cleanup
[2019-12-09T03:59:29.167+0000][1][safepoint    ] Leaving safepoint region
[2019-12-09T03:59:29.167+0000][1][safepoint    ] Total time for which application threads were stopped: 0.0000825 seconds, Stopping threads took: 0.0000175 seconds
[2019-12-09T03:59:30.167+0000][1][safepoint    ] Application time: 1.0000812 seconds
[2019-12-09T03:59:30.167+0000][1][safepoint    ] Entering safepoint region: Cleanup
[2019-12-09T03:59:30.167+0000][1][safepoint    ] Leaving safepoint region
[2019-12-09T03:59:30.167+0000][1][safepoint    ] Total time for which application threads were stopped: 0.0000869 seconds, Stopping threads took: 0.0000176 seconds
[2019-12-09T03:59:31.167+0000][1][safepoint    ] Application time: 1.0000751 seconds
[2019-12-09T03:59:31.167+0000][1][safepoint    ] Entering safepoint region: Cleanup
[2019-12-09T03:59:31.167+0000][1][safepoint    ] Leaving safepoint region
[2019-12-09T03:59:31.167+0000][1][safepoint    ] Total time for which application threads were stopped: 0.0000866 seconds, Stopping threads took: 0.0000184 seconds
[2019-12-09T03:59:32.167+0000][1][safepoint    ] Application time: 1.0000816 seconds
[2019-12-09T03:59:32.167+0000][1][safepoint    ] Entering safepoint region: Cleanup
[2019-12-09T03:59:32.167+0000][1][safepoint    ] Leaving safepoint region
[2019-12-09T03:59:32.167+0000][1][safepoint    ] Total time for which application threads were stopped: 0.0000890 seconds, Stopping threads took: 0.0000185 seconds
[2019-12-09T03:59:33.167+0000][1][safepoint    ] Application time: 1.0000857 seconds
[2019-12-09T03:59:33.167+0000][1][safepoint    ] Entering safepoint region: Cleanup
[2019-12-09T03:59:33.167+0000][1][safepoint    ] Leaving safepoint region
[2019-12-09T03:59:33.167+0000][1][safepoint    ] Total time for which application threads were stopped: 0.0001209 seconds, Stopping threads took: 0.0000264 seconds
[2019-12-09T03:59:34.168+0000][1][safepoint    ] Application time: 1.0000773 seconds
[2019-12-09T03:59:34.168+0000][1][safepoint    ] Entering safepoint region: Cleanup
[2019-12-09T03:59:34.168+0000][1][safepoint    ] Leaving safepoint region
[2019-12-09T03:59:34.168+0000][1][safepoint    ] Total time for which application threads were stopped: 0.0000973 seconds, Stopping threads took: 0.0000192 seconds
[2019-12-09T03:59:35.168+0000][1][safepoint    ] Application time: 1.0000753 seconds
[2019-12-09T03:59:35.168+0000][1][safepoint    ] Entering safepoint region: Cleanup
[2019-12-09T03:59:35.168+0000][1][safepoint    ] Leaving safepoint region
[2019-12-09T03:59:35.168+0000][1][safepoint    ] Total time for which application threads were stopped: 0.0000917 seconds, Stopping threads took: 0.0000178 seconds
[2019-12-09T03:59:36.168+0000][1][safepoint    ] Application time: 1.0000765 seconds
[2019-12-09T03:59:36.168+0000][1][safepoint    ] Entering safepoint region: Cleanup
[2019-12-09T03:59:36.168+0000][1][safepoint    ] Leaving safepoint region
[2019-12-09T03:59:36.168+0000][1][safepoint    ] Total time for which application threads were stopped: 0.0000948 seconds, Stopping threads took: 0.0000261 seconds
[2019-12-09T03:59:37.170+0000][1][safepoint    ] Application time: 1.0013522 seconds
[2019-12-09T03:59:37.170+0000][1][safepoint    ] Entering safepoint region: Cleanup
[2019-12-09T03:59:37.170+0000][1][safepoint    ] Leaving safepoint region
[2019-12-09T03:59:37.170+0000][1][safepoint    ] Total time for which application threads were stopped: 0.0001230 seconds, Stopping threads took: 0.0000270 seconds
[2019-12-09T03:59:38.170+0000][1][safepoint    ] Application time: 1.0000926 seconds
[2019-12-09T03:59:38.170+0000][1][safepoint    ] Entering safepoint region: Cleanup
[2019-12-09T03:59:38.170+0000][1][safepoint    ] Leaving safepoint region
[2019-12-09T03:59:38.170+0000][1][safepoint    ] Total time for which application threads were stopped: 0.0000868 seconds, Stopping threads took: 0.0000177 seconds
[2019-12-09T03:59:39.170+0000][1][safepoint    ] Application time: 1.0000760 seconds
[2019-12-09T03:59:39.170+0000][1][safepoint    ] Entering safepoint region: Cleanup
[2019-12-09T03:59:39.170+0000][1][safepoint    ] Leaving safepoint region
[2019-12-09T03:59:39.170+0000][1][safepoint    ] Total time for which application threads were stopped: 0.0000846 seconds, Stopping threads took: 0.0000174 seconds
[2019-12-09T03:59:40.170+0000][1][safepoint    ] Application time: 1.0000736 seconds
[2019-12-09T03:59:40.170+0000][1][safepoint    ] Entering safepoint region: Cleanup
[2019-12-09T03:59:40.170+0000][1][safepoint    ] Leaving safepoint region
[2019-12-09T03:59:40.170+0000][1][safepoint    ] Total time for which application threads were stopped: 0.0000857 seconds, Stopping threads took: 0.0000181 seconds
[2019-12-09T03:59:41.170+0000][1][safepoint    ] Application time: 1.0000748 seconds
[2019-12-09T03:59:41.170+0000][1][safepoint    ] Entering safepoint region: Cleanup
[2019-12-09T03:59:41.170+0000][1][safepoint    ] Leaving safepoint region
[2019-12-09T03:59:41.170+0000][1][safepoint    ] Total time for which application threads were stopped: 0.0000817 seconds, Stopping threads took: 0.0000160 seconds
[2019-12-09T03:59:41.706+0000][1][safepoint    ] Application time: 0.5359373 seconds
[2019-12-09T03:59:41.706+0000][1][safepoint    ] Entering safepoint region: GenCollectForAllocation
[2019-12-09T03:59:41.707+0000][1][gc,start     ] GC(51) Pause Young (Allocation Failure)
[2019-12-09T03:59:41.707+0000][1][gc,task      ] GC(51) Using 2 workers of 2 for evacuation
[2019-12-09T03:59:41.711+0000][1][gc,age       ] GC(51) Desired survivor size 4456448 bytes, new threshold 6 (max threshold 6)
[2019-12-09T03:59:41.711+0000][1][gc,age       ] GC(51) Age table with threshold 6 (max threshold 6)
[2019-12-09T03:59:41.711+0000][1][gc,age       ] GC(51) - age   1:      11680 bytes,      11680 total
[2019-12-09T03:59:41.711+0000][1][gc,age       ] GC(51) - age   2:     126912 bytes,     138592 total
[2019-12-09T03:59:41.711+0000][1][gc,age       ] GC(51) - age   3:       7216 bytes,     145808 total
[2019-12-09T03:59:41.711+0000][1][gc,age       ] GC(51) - age   4:       8600 bytes,     154408 total
[2019-12-09T03:59:41.711+0000][1][gc,age       ] GC(51) - age   5:     104544 bytes,     258952 total
[2019-12-09T03:59:41.711+0000][1][gc,age       ] GC(51) - age   6:    3362704 bytes,    3621656 total
[2019-12-09T03:59:41.711+0000][1][gc,heap      ] GC(51) ParNew: 75447K->5353K(78656K)
[2019-12-09T03:59:41.711+0000][1][gc,heap      ] GC(51) CMS: 115823K->115823K(174784K)
[2019-12-09T03:59:41.711+0000][1][gc,metaspace ] GC(51) Metaspace: 83213K->83213K(1126400K)
[2019-12-09T03:59:41.711+0000][1][gc           ] GC(51) Pause Young (Allocation Failure) 186M->118M(247M) 4.124ms
[2019-12-09T03:59:41.711+0000][1][gc,cpu       ] GC(51) User=0.01s Sys=0.00s Real=0.00s
[2019-12-09T03:59:41.711+0000][1][safepoint    ] Leaving safepoint region
[2019-12-09T03:59:41.711+0000][1][safepoint    ] Total time for which application threads were stopped: 0.0043108 seconds, Stopping threads took: 0.0000203 seconds
[2019-12-09T03:59:42.711+0000][1][safepoint    ] Application time: 1.0000866 seconds
[2019-12-09T03:59:42.711+0000][1][safepoint    ] Entering safepoint region: Cleanup
[2019-12-09T03:59:42.711+0000][1][safepoint    ] Leaving safepoint region
[2019-12-09T03:59:42.711+0000][1][safepoint    ] Total time for which application threads were stopped: 0.0000866 seconds, Stopping threads took: 0.0000183 seconds
[2019-12-09T03:59:43.711+0000][1][safepoint    ] Application time: 1.0000768 seconds
[2019-12-09T03:59:43.711+0000][1][safepoint    ] Entering safepoint region: Cleanup
[2019-12-09T03:59:43.711+0000][1][safepoint    ] Leaving safepoint region
[2019-12-09T03:59:43.711+0000][1][safepoint    ] Total time for which application threads were stopped: 0.0000841 seconds, Stopping threads took: 0.0000180 seconds
[2019-12-09T03:59:44.711+0000][1][safepoint    ] Application time: 1.0000755 seconds
[2019-12-09T03:59:44.711+0000][1][safepoint    ] Entering safepoint region: Cleanup
[2019-12-09T03:59:44.711+0000][1][safepoint    ] Leaving safepoint region
[2019-12-09T03:59:44.711+0000][1][safepoint    ] Total time for which application threads were stopped: 0.0000842 seconds, Stopping threads took: 0.0000178 seconds
[2019-12-09T03:59:45.711+0000][1][safepoint    ] Application time: 1.0000761 seconds
[2019-12-09T03:59:45.712+0000][1][safepoint    ] Entering safepoint region: Cleanup
[2019-12-09T03:59:45.712+0000][1][safepoint    ] Leaving safepoint region
[2019-12-09T03:59:45.712+0000][1][safepoint    ] Total time for which application threads were stopped: 0.0000866 seconds, Stopping threads took: 0.0000189 seconds
[2019-12-09T03:59:46.712+0000][1][safepoint    ] Application time: 1.0000846 seconds
[2019-12-09T03:59:46.712+0000][1][safepoint    ] Entering safepoint region: Cleanup
[2019-12-09T03:59:46.712+0000][1][safepoint    ] Leaving safepoint region
[2019-12-09T03:59:46.712+0000][1][safepoint    ] Total time for which application threads were stopped: 0.0000866 seconds, Stopping threads took: 0.0000169 seconds
[2019-12-09T03:59:47.152+0000][1][safepoint    ] Application time: 0.4401637 seconds
[2019-12-09T03:59:47.152+0000][1][safepoint    ] Entering safepoint region: RevokeBias
[2019-12-09T03:59:47.152+0000][1][safepoint    ] Leaving safepoint region
[2019-12-09T03:59:47.152+0000][1][safepoint    ] Total time for which application threads were stopped: 0.0001492 seconds, Stopping threads took: 0.0000248 seconds
[2019-12-09T03:59:47.152+0000][1][safepoint    ] Application time: 0.0000844 seconds
[2019-12-09T03:59:47.152+0000][1][safepoint    ] Entering safepoint region: RevokeBias
[2019-12-09T03:59:47.152+0000][1][safepoint    ] Leaving safepoint region
[2019-12-09T03:59:47.152+0000][1][safepoint    ] Total time for which application threads were stopped: 0.0000570 seconds, Stopping threads took: 0.0000104 seconds
[2019-12-09T03:59:48.152+0000][1][safepoint    ] Application time: 1.0000933 seconds
[2019-12-09T03:59:48.152+0000][1][safepoint    ] Entering safepoint region: Cleanup
[2019-12-09T03:59:48.153+0000][1][safepoint    ] Leaving safepoint region
[2019-12-09T03:59:48.153+0000][1][safepoint    ] Total time for which application threads were stopped: 0.0000862 seconds, Stopping threads took: 0.0000188 seconds
[2019-12-09T03:59:49.153+0000][1][safepoint    ] Application time: 1.0000791 seconds
[2019-12-09T03:59:49.153+0000][1][safepoint    ] Entering safepoint region: Cleanup
[2019-12-09T03:59:49.153+0000][1][safepoint    ] Leaving safepoint region
[2019-12-09T03:59:49.153+0000][1][safepoint    ] Total time for which application threads were stopped: 0.0000981 seconds, Stopping threads took: 0.0000313 seconds
[2019-12-09T03:59:50.153+0000][1][safepoint    ] Application time: 1.0000776 seconds
[2019-12-09T03:59:50.153+0000][1][safepoint    ] Entering safepoint region: Cleanup
[2019-12-09T03:59:50.153+0000][1][safepoint    ] Leaving safepoint region
[2019-12-09T03:59:50.153+0000][1][safepoint    ] Total time for which application threads were stopped: 0.0000923 seconds, Stopping threads took: 0.0000172 seconds
[2019-12-09T03:59:51.153+0000][1][safepoint    ] Application time: 1.0000788 seconds
[2019-12-09T03:59:51.153+0000][1][safepoint    ] Entering safepoint region: Cleanup
[2019-12-09T03:59:51.153+0000][1][safepoint    ] Leaving safepoint region
[2019-12-09T03:59:51.153+0000][1][safepoint    ] Total time for which application threads were stopped: 0.0000848 seconds, Stopping threads took: 0.0000178 seconds
[2019-12-09T03:59:52.153+0000][1][safepoint    ] Application time: 1.0000826 seconds
[2019-12-09T03:59:52.153+0000][1][safepoint    ] Entering safepoint region: Cleanup
[2019-12-09T03:59:52.153+0000][1][safepoint    ] Leaving safepoint region
[2019-12-09T03:59:52.153+0000][1][safepoint    ] Total time for which application threads were stopped: 0.0001119 seconds, Stopping threads took: 0.0000221 seconds
[2019-12-09T03:59:53.154+0000][1][safepoint    ] Application time: 1.0000763 seconds
[2019-12-09T03:59:53.154+0000][1][safepoint    ] Entering safepoint region: Cleanup
[2019-12-09T03:59:53.154+0000][1][safepoint    ] Leaving safepoint region
[2019-12-09T03:59:53.154+0000][1][safepoint    ] Total time for which application threads were stopped: 0.0000866 seconds, Stopping threads took: 0.0000193 seconds
[2019-12-09T03:59:54.154+0000][1][safepoint    ] Application time: 1.0000749 seconds
[2019-12-09T03:59:54.154+0000][1][safepoint    ] Entering safepoint region: Cleanup
[2019-12-09T03:59:54.154+0000][1][safepoint    ] Leaving safepoint region
[2019-12-09T03:59:54.154+0000][1][safepoint    ] Total time for which application threads were stopped: 0.0000825 seconds, Stopping threads took: 0.0000168 seconds
[2019-12-09T03:59:55.154+0000][1][safepoint    ] Application time: 1.0000820 seconds
[2019-12-09T03:59:55.154+0000][1][safepoint    ] Entering safepoint region: Cleanup
[2019-12-09T03:59:55.154+0000][1][safepoint    ] Leaving safepoint region
[2019-12-09T03:59:55.154+0000][1][safepoint    ] Total time for which application threads were stopped: 0.0001121 seconds, Stopping threads took: 0.0000185 seconds
[2019-12-09T03:59:56.154+0000][1][safepoint    ] Application time: 1.0000805 seconds
[2019-12-09T03:59:56.154+0000][1][safepoint    ] Entering safepoint region: Cleanup
[2019-12-09T03:59:56.154+0000][1][safepoint    ] Leaving safepoint region
[2019-12-09T03:59:56.154+0000][1][safepoint    ] Total time for which application threads were stopped: 0.0000828 seconds, Stopping threads took: 0.0000171 seconds
[2019-12-09T03:59:57.154+0000][1][safepoint    ] Application time: 1.0000827 seconds
[2019-12-09T03:59:57.154+0000][1][safepoint    ] Entering safepoint region: Cleanup
[2019-12-09T03:59:57.154+0000][1][safepoint    ] Leaving safepoint region
[2019-12-09T03:59:57.155+0000][1][safepoint    ] Total time for which application threads were stopped: 0.0000929 seconds, Stopping threads took: 0.0000186 seconds
[2019-12-09T03:59:58.155+0000][1][safepoint    ] Application time: 1.0000818 seconds
[2019-12-09T03:59:58.155+0000][1][safepoint    ] Entering safepoint region: Cleanup
[2019-12-09T03:59:58.155+0000][1][safepoint    ] Leaving safepoint region
[2019-12-09T03:59:58.155+0000][1][safepoint    ] Total time for which application threads were stopped: 0.0000917 seconds, Stopping threads took: 0.0000158 seconds
[2019-12-09T03:59:59.155+0000][1][safepoint    ] Application time: 1.0000815 seconds
[2019-12-09T03:59:59.155+0000][1][safepoint    ] Entering safepoint region: Cleanup
[2019-12-09T03:59:59.155+0000][1][safepoint    ] Leaving safepoint region
[2019-12-09T03:59:59.155+0000][1][safepoint    ] Total time for which application threads were stopped: 0.0000879 seconds, Stopping threads took: 0.0000213 seconds
[2019-12-09T04:00:00.155+0000][1][safepoint    ] Application time: 1.0000826 seconds
[2019-12-09T04:00:00.155+0000][1][safepoint    ] Entering safepoint region: Cleanup
[2019-12-09T04:00:00.155+0000][1][safepoint    ] Leaving safepoint region
[2019-12-09T04:00:00.155+0000][1][safepoint    ] Total time for which application threads were stopped: 0.0000913 seconds, Stopping threads took: 0.0000195 seconds
[2019-12-09T04:00:01.155+0000][1][safepoint    ] Application time: 1.0000801 seconds
[2019-12-09T04:00:01.155+0000][1][safepoint    ] Entering safepoint region: Cleanup
[2019-12-09T04:00:01.155+0000][1][safepoint    ] Leaving safepoint region
[2019-12-09T04:00:01.155+0000][1][safepoint    ] Total time for which application threads were stopped: 0.0000855 seconds, Stopping threads took: 0.0000176 seconds
[2019-12-09T04:00:02.155+0000][1][safepoint    ] Application time: 1.0000824 seconds
[2019-12-09T04:00:02.156+0000][1][safepoint    ] Entering safepoint region: Cleanup
[2019-12-09T04:00:02.156+0000][1][safepoint    ] Leaving safepoint region
[2019-12-09T04:00:02.156+0000][1][safepoint    ] Total time for which application threads were stopped: 0.0000882 seconds, Stopping threads took: 0.0000193 seconds
[2019-12-09T04:00:03.156+0000][1][safepoint    ] Application time: 1.0000797 seconds
[2019-12-09T04:00:03.156+0000][1][safepoint    ] Entering safepoint region: Cleanup
[2019-12-09T04:00:03.156+0000][1][safepoint    ] Leaving safepoint region
[2019-12-09T04:00:03.156+0000][1][safepoint    ] Total time for which application threads were stopped: 0.0000873 seconds, Stopping threads took: 0.0000188 seconds
[2019-12-09T04:00:04.156+0000][1][safepoint    ] Application time: 1.0000796 seconds
[2019-12-09T04:00:04.156+0000][1][safepoint    ] Entering safepoint region: Cleanup
[2019-12-09T04:00:04.156+0000][1][safepoint    ] Leaving safepoint region
[2019-12-09T04:00:04.156+0000][1][safepoint    ] Total time for which application threads were stopped: 0.0000862 seconds, Stopping threads took: 0.0000187 seconds
[2019-12-09T04:00:05.156+0000][1][safepoint    ] Application time: 1.0000740 seconds
[2019-12-09T04:00:05.156+0000][1][safepoint    ] Entering safepoint region: Cleanup
[2019-12-09T04:00:05.156+0000][1][safepoint    ] Leaving safepoint region
[2019-12-09T04:00:05.156+0000][1][safepoint    ] Total time for which application threads were stopped: 0.0000870 seconds, Stopping threads took: 0.0000176 seconds
[2019-12-09T04:00:06.156+0000][1][safepoint    ] Application time: 1.0000770 seconds
[2019-12-09T04:00:06.156+0000][1][safepoint    ] Entering safepoint region: Cleanup
[2019-12-09T04:00:06.156+0000][1][safepoint    ] Leaving safepoint region
[2019-12-09T04:00:06.156+0000][1][safepoint    ] Total time for which application threads were stopped: 0.0000920 seconds, Stopping threads took: 0.0000185 seconds
[2019-12-09T04:00:07.157+0000][1][safepoint    ] Application time: 1.0000743 seconds
[2019-12-09T04:00:07.157+0000][1][safepoint    ] Entering safepoint region: Cleanup
[2019-12-09T04:00:07.157+0000][1][safepoint    ] Leaving safepoint region
[2019-12-09T04:00:07.157+0000][1][safepoint    ] Total time for which application threads were stopped: 0.0000830 seconds, Stopping threads took: 0.0000180 seconds
[2019-12-09T04:00:08.157+0000][1][safepoint    ] Application time: 1.0000800 seconds
[2019-12-09T04:00:08.157+0000][1][safepoint    ] Entering safepoint region: Cleanup
[2019-12-09T04:00:08.157+0000][1][safepoint    ] Leaving safepoint region
[2019-12-09T04:00:08.157+0000][1][safepoint    ] Total time for which application threads were stopped: 0.0000891 seconds, Stopping threads took: 0.0000200 seconds
[2019-12-09T04:00:09.157+0000][1][safepoint    ] Application time: 1.0000752 seconds
[2019-12-09T04:00:09.157+0000][1][safepoint    ] Entering safepoint region: Cleanup
[2019-12-09T04:00:09.157+0000][1][safepoint    ] Leaving safepoint region
[2019-12-09T04:00:09.157+0000][1][safepoint    ] Total time for which application threads were stopped: 0.0000838 seconds, Stopping threads took: 0.0000171 seconds
[2019-12-09T04:00:10.157+0000][1][safepoint    ] Application time: 1.0000766 seconds
[2019-12-09T04:00:10.157+0000][1][safepoint    ] Entering safepoint region: Cleanup
[2019-12-09T04:00:10.157+0000][1][safepoint    ] Leaving safepoint region
[2019-12-09T04:00:10.157+0000][1][safepoint    ] Total time for which application threads were stopped: 0.0000859 seconds, Stopping threads took: 0.0000191 seconds
[2019-12-09T04:00:11.157+0000][1][safepoint    ] Application time: 1.0000752 seconds
[2019-12-09T04:00:11.157+0000][1][safepoint    ] Entering safepoint region: Cleanup
[2019-12-09T04:00:11.157+0000][1][safepoint    ] Leaving safepoint region
[2019-12-09T04:00:11.157+0000][1][safepoint    ] Total time for which application threads were stopped: 0.0000934 seconds, Stopping threads took: 0.0000262 seconds
[2019-12-09T04:00:12.158+0000][1][safepoint    ] Application time: 1.0000760 seconds
[2019-12-09T04:00:12.158+0000][1][safepoint    ] Entering safepoint region: Cleanup
[2019-12-09T04:00:12.158+0000][1][safepoint    ] Leaving safepoint region
[2019-12-09T04:00:12.158+0000][1][safepoint    ] Total time for which application threads were stopped: 0.0001212 seconds, Stopping threads took: 0.0000200 seconds
[2019-12-09T04:00:13.158+0000][1][safepoint    ] Application time: 1.0000760 seconds
[2019-12-09T04:00:13.158+0000][1][safepoint    ] Entering safepoint region: Cleanup
[2019-12-09T04:00:13.158+0000][1][safepoint    ] Leaving safepoint region
[2019-12-09T04:00:13.158+0000][1][safepoint    ] Total time for which application threads were stopped: 0.0000844 seconds, Stopping threads took: 0.0000179 seconds
[2019-12-09T04:00:14.158+0000][1][safepoint    ] Application time: 1.0000754 seconds
[2019-12-09T04:00:14.158+0000][1][safepoint    ] Entering safepoint region: Cleanup
[2019-12-09T04:00:14.158+0000][1][safepoint    ] Leaving safepoint region
[2019-12-09T04:00:14.158+0000][1][safepoint    ] Total time for which application threads were stopped: 0.0000857 seconds, Stopping threads took: 0.0000178 seconds
[2019-12-09T04:00:15.158+0000][1][safepoint    ] Application time: 1.0000751 seconds
[2019-12-09T04:00:15.158+0000][1][safepoint    ] Entering safepoint region: Cleanup
[2019-12-09T04:00:15.158+0000][1][safepoint    ] Leaving safepoint region
[2019-12-09T04:00:15.158+0000][1][safepoint    ] Total time for which application threads were stopped: 0.0000960 seconds, Stopping threads took: 0.0000189 seconds
[2019-12-09T04:00:16.158+0000][1][safepoint    ] Application time: 1.0000788 seconds
[2019-12-09T04:00:16.158+0000][1][safepoint    ] Entering safepoint region: Cleanup
[2019-12-09T04:00:16.159+0000][1][safepoint    ] Leaving safepoint region
[2019-12-09T04:00:16.159+0000][1][safepoint    ] Total time for which application threads were stopped: 0.0000836 seconds, Stopping threads took: 0.0000175 seconds
[2019-12-09T04:00:17.159+0000][1][safepoint    ] Application time: 1.0000778 seconds
[2019-12-09T04:00:17.159+0000][1][safepoint    ] Entering safepoint region: Cleanup
[2019-12-09T04:00:17.159+0000][1][safepoint    ] Leaving safepoint region
[2019-12-09T04:00:17.159+0000][1][safepoint    ] Total time for which application threads were stopped: 0.0000969 seconds, Stopping threads took: 0.0000174 seconds
[2019-12-09T04:00:18.159+0000][1][safepoint    ] Application time: 1.0000764 seconds
[2019-12-09T04:00:18.159+0000][1][safepoint    ] Entering safepoint region: Cleanup
[2019-12-09T04:00:18.159+0000][1][safepoint    ] Leaving safepoint region
[2019-12-09T04:00:18.159+0000][1][safepoint    ] Total time for which application threads were stopped: 0.0000915 seconds, Stopping threads took: 0.0000187 seconds
[2019-12-09T04:00:19.159+0000][1][safepoint    ] Application time: 1.0000763 seconds
[2019-12-09T04:00:19.159+0000][1][safepoint    ] Entering safepoint region: Cleanup
[2019-12-09T04:00:19.159+0000][1][safepoint    ] Leaving safepoint region
[2019-12-09T04:00:19.159+0000][1][safepoint    ] Total time for which application threads were stopped: 0.0000835 seconds, Stopping threads took: 0.0000177 seconds
[2019-12-09T04:00:20.159+0000][1][safepoint    ] Application time: 1.0000762 seconds
[2019-12-09T04:00:20.159+0000][1][safepoint    ] Entering safepoint region: Cleanup
[2019-12-09T04:00:20.159+0000][1][safepoint    ] Leaving safepoint region
[2019-12-09T04:00:20.159+0000][1][safepoint    ] Total time for which application threads were stopped: 0.0000847 seconds, Stopping threads took: 0.0000189 seconds
[2019-12-09T04:00:21.159+0000][1][safepoint    ] Application time: 1.0000818 seconds
[2019-12-09T04:00:21.160+0000][1][safepoint    ] Entering safepoint region: Cleanup
[2019-12-09T04:00:21.160+0000][1][safepoint    ] Leaving safepoint region
[2019-12-09T04:00:21.160+0000][1][safepoint    ] Total time for which application threads were stopped: 0.0000875 seconds, Stopping threads took: 0.0000230 seconds
[2019-12-09T04:00:22.160+0000][1][safepoint    ] Application time: 1.0000770 seconds
[2019-12-09T04:00:22.160+0000][1][safepoint    ] Entering safepoint region: Cleanup
[2019-12-09T04:00:22.160+0000][1][safepoint    ] Leaving safepoint region
[2019-12-09T04:00:22.160+0000][1][safepoint    ] Total time for which application threads were stopped: 0.0000907 seconds, Stopping threads took: 0.0000202 seconds
[2019-12-09T04:00:23.160+0000][1][safepoint    ] Application time: 1.0000836 seconds
[2019-12-09T04:00:23.160+0000][1][safepoint    ] Entering safepoint region: Cleanup
[2019-12-09T04:00:23.160+0000][1][safepoint    ] Leaving safepoint region
[2019-12-09T04:00:23.160+0000][1][safepoint    ] Total time for which application threads were stopped: 0.0000893 seconds, Stopping threads took: 0.0000205 seconds
[2019-12-09T04:00:24.160+0000][1][safepoint    ] Application time: 1.0000892 seconds
[2019-12-09T04:00:24.160+0000][1][safepoint    ] Entering safepoint region: Cleanup
[2019-12-09T04:00:24.160+0000][1][safepoint    ] Leaving safepoint region
[2019-12-09T04:00:24.160+0000][1][safepoint    ] Total time for which application threads were stopped: 0.0001374 seconds, Stopping threads took: 0.0000333 seconds
[2019-12-09T04:00:25.160+0000][1][safepoint    ] Application time: 1.0000811 seconds
[2019-12-09T04:00:25.160+0000][1][safepoint    ] Entering safepoint region: Cleanup
[2019-12-09T04:00:25.161+0000][1][safepoint    ] Leaving safepoint region
[2019-12-09T04:00:25.161+0000][1][safepoint    ] Total time for which application threads were stopped: 0.0000923 seconds, Stopping threads took: 0.0000199 seconds
[2019-12-09T04:00:26.161+0000][1][safepoint    ] Application time: 1.0000776 seconds
[2019-12-09T04:00:26.161+0000][1][safepoint    ] Entering safepoint region: Cleanup
[2019-12-09T04:00:26.161+0000][1][safepoint    ] Leaving safepoint region
[2019-12-09T04:00:26.161+0000][1][safepoint    ] Total time for which application threads were stopped: 0.0001030 seconds, Stopping threads took: 0.0000195 seconds
[2019-12-09T04:00:27.161+0000][1][safepoint    ] Application time: 1.0000777 seconds
[2019-12-09T04:00:27.161+0000][1][safepoint    ] Entering safepoint region: Cleanup
[2019-12-09T04:00:27.161+0000][1][safepoint    ] Leaving safepoint region
[2019-12-09T04:00:27.161+0000][1][safepoint    ] Total time for which application threads were stopped: 0.0000925 seconds, Stopping threads took: 0.0000191 seconds
[2019-12-09T04:00:28.161+0000][1][safepoint    ] Application time: 1.0000763 seconds
[2019-12-09T04:00:28.161+0000][1][safepoint    ] Entering safepoint region: Cleanup
[2019-12-09T04:00:28.161+0000][1][safepoint    ] Leaving safepoint region
[2019-12-09T04:00:28.161+0000][1][safepoint    ] Total time for which application threads were stopped: 0.0000843 seconds, Stopping threads took: 0.0000177 seconds
[2019-12-09T04:00:29.161+0000][1][safepoint    ] Application time: 1.0000754 seconds
[2019-12-09T04:00:29.161+0000][1][safepoint    ] Entering safepoint region: Cleanup
[2019-12-09T04:00:29.161+0000][1][safepoint    ] Leaving safepoint region
[2019-12-09T04:00:29.161+0000][1][safepoint    ] Total time for which application threads were stopped: 0.0000880 seconds, Stopping threads took: 0.0000192 seconds
[2019-12-09T04:00:30.161+0000][1][safepoint    ] Application time: 1.0000757 seconds
[2019-12-09T04:00:30.162+0000][1][safepoint    ] Entering safepoint region: Cleanup
[2019-12-09T04:00:30.162+0000][1][safepoint    ] Leaving safepoint region
[2019-12-09T04:00:30.162+0000][1][safepoint    ] Total time for which application threads were stopped: 0.0000831 seconds, Stopping threads took: 0.0000180 seconds
[2019-12-09T04:00:31.162+0000][1][safepoint    ] Application time: 1.0000773 seconds
[2019-12-09T04:00:31.162+0000][1][safepoint    ] Entering safepoint region: Cleanup
[2019-12-09T04:00:31.162+0000][1][safepoint    ] Leaving safepoint region
[2019-12-09T04:00:31.162+0000][1][safepoint    ] Total time for which application threads were stopped: 0.0000866 seconds, Stopping threads took: 0.0000186 seconds
[2019-12-09T04:00:32.162+0000][1][safepoint    ] Application time: 1.0000737 seconds
[2019-12-09T04:00:32.162+0000][1][safepoint    ] Entering safepoint region: Cleanup
[2019-12-09T04:00:32.162+0000][1][safepoint    ] Leaving safepoint region
[2019-12-09T04:00:32.162+0000][1][safepoint    ] Total time for which application threads were stopped: 0.0000798 seconds, Stopping threads took: 0.0000165 seconds
[2019-12-09T04:00:33.162+0000][1][safepoint    ] Application time: 1.0000771 seconds
[2019-12-09T04:00:33.162+0000][1][safepoint    ] Entering safepoint region: Cleanup
[2019-12-09T04:00:33.162+0000][1][safepoint    ] Leaving safepoint region
[2019-12-09T04:00:33.162+0000][1][safepoint    ] Total time for which application threads were stopped: 0.0000898 seconds, Stopping threads took: 0.0000189 seconds
[2019-12-09T04:00:34.162+0000][1][safepoint    ] Application time: 1.0000755 seconds
[2019-12-09T04:00:34.162+0000][1][safepoint    ] Entering safepoint region: Cleanup
[2019-12-09T04:00:34.162+0000][1][safepoint    ] Leaving safepoint region
[2019-12-09T04:00:34.162+0000][1][safepoint    ] Total time for which application threads were stopped: 0.0000854 seconds, Stopping threads took: 0.0000210 seconds
[2019-12-09T04:00:35.162+0000][1][safepoint    ] Application time: 1.0000762 seconds
[2019-12-09T04:00:35.162+0000][1][safepoint    ] Entering safepoint region: Cleanup
[2019-12-09T04:00:35.163+0000][1][safepoint    ] Leaving safepoint region
[2019-12-09T04:00:35.163+0000][1][safepoint    ] Total time for which application threads were stopped: 0.0000828 seconds, Stopping threads took: 0.0000173 seconds
[2019-12-09T04:00:36.163+0000][1][safepoint    ] Application time: 1.0000766 seconds
[2019-12-09T04:00:36.163+0000][1][safepoint    ] Entering safepoint region: Cleanup
[2019-12-09T04:00:36.163+0000][1][safepoint    ] Leaving safepoint region
[2019-12-09T04:00:36.163+0000][1][safepoint    ] Total time for which application threads were stopped: 0.0001015 seconds, Stopping threads took: 0.0000296 seconds
[2019-12-09T04:00:37.163+0000][1][safepoint    ] Application time: 1.0000745 seconds
[2019-12-09T04:00:37.163+0000][1][safepoint    ] Entering safepoint region: Cleanup
[2019-12-09T04:00:37.163+0000][1][safepoint    ] Leaving safepoint region
[2019-12-09T04:00:37.163+0000][1][safepoint    ] Total time for which application threads were stopped: 0.0000814 seconds, Stopping threads took: 0.0000174 seconds
[2019-12-09T04:00:38.163+0000][1][safepoint    ] Application time: 1.0000760 seconds
[2019-12-09T04:00:38.163+0000][1][safepoint    ] Entering safepoint region: Cleanup
[2019-12-09T04:00:38.163+0000][1][safepoint    ] Leaving safepoint region
[2019-12-09T04:00:38.163+0000][1][safepoint    ] Total time for which application threads were stopped: 0.0000840 seconds, Stopping threads took: 0.0000184 seconds
[2019-12-09T04:00:39.163+0000][1][safepoint    ] Application time: 1.0000746 seconds
[2019-12-09T04:00:39.163+0000][1][safepoint    ] Entering safepoint region: Cleanup
[2019-12-09T04:00:39.163+0000][1][safepoint    ] Leaving safepoint region
[2019-12-09T04:00:39.163+0000][1][safepoint    ] Total time for which application threads were stopped: 0.0000892 seconds, Stopping threads took: 0.0000206 seconds
[2019-12-09T04:00:40.163+0000][1][safepoint    ] Application time: 1.0000743 seconds
[2019-12-09T04:00:40.163+0000][1][safepoint    ] Entering safepoint region: Cleanup
[2019-12-09T04:00:40.164+0000][1][safepoint    ] Leaving safepoint region
[2019-12-09T04:00:40.164+0000][1][safepoint    ] Total time for which application threads were stopped: 0.0000850 seconds, Stopping threads took: 0.0000182 seconds
[2019-12-09T04:00:41.164+0000][1][safepoint    ] Application time: 1.0000752 seconds
[2019-12-09T04:00:41.164+0000][1][safepoint    ] Entering safepoint region: Cleanup
[2019-12-09T04:00:41.164+0000][1][safepoint    ] Leaving safepoint region
[2019-12-09T04:00:41.164+0000][1][safepoint    ] Total time for which application threads were stopped: 0.0000975 seconds, Stopping threads took: 0.0000340 seconds
[2019-12-09T04:00:42.169+0000][1][safepoint    ] Application time: 1.0048659 seconds
[2019-12-09T04:00:42.169+0000][1][safepoint    ] Entering safepoint region: Cleanup
[2019-12-09T04:00:42.169+0000][1][safepoint    ] Leaving safepoint region
[2019-12-09T04:00:42.169+0000][1][safepoint    ] Total time for which application threads were stopped: 0.0001332 seconds, Stopping threads took: 0.0000426 seconds
[2019-12-09T04:00:43.169+0000][1][safepoint    ] Application time: 1.0000755 seconds
[2019-12-09T04:00:43.169+0000][1][safepoint    ] Entering safepoint region: Cleanup
[2019-12-09T04:00:43.169+0000][1][safepoint    ] Leaving safepoint region
[2019-12-09T04:00:43.169+0000][1][safepoint    ] Total time for which application threads were stopped: 0.0000856 seconds, Stopping threads took: 0.0000193 seconds
[2019-12-09T04:00:44.169+0000][1][safepoint    ] Application time: 1.0000757 seconds
[2019-12-09T04:00:44.169+0000][1][safepoint    ] Entering safepoint region: Cleanup
[2019-12-09T04:00:44.169+0000][1][safepoint    ] Leaving safepoint region
[2019-12-09T04:00:44.169+0000][1][safepoint    ] Total time for which application threads were stopped: 0.0000856 seconds, Stopping threads took: 0.0000219 seconds
[2019-12-09T04:00:45.169+0000][1][safepoint    ] Application time: 1.0000739 seconds
[2019-12-09T04:00:45.169+0000][1][safepoint    ] Entering safepoint region: Cleanup
[2019-12-09T04:00:45.169+0000][1][safepoint    ] Leaving safepoint region
[2019-12-09T04:00:45.169+0000][1][safepoint    ] Total time for which application threads were stopped: 0.0000842 seconds, Stopping threads took: 0.0000172 seconds
[2019-12-09T04:00:46.169+0000][1][safepoint    ] Application time: 1.0000810 seconds
[2019-12-09T04:00:46.170+0000][1][safepoint    ] Entering safepoint region: Cleanup
[2019-12-09T04:00:46.170+0000][1][safepoint    ] Leaving safepoint region
[2019-12-09T04:00:46.170+0000][1][safepoint    ] Total time for which application threads were stopped: 0.0000895 seconds, Stopping threads took: 0.0000211 seconds
[2019-12-09T04:00:47.170+0000][1][safepoint    ] Application time: 1.0000763 seconds
[2019-12-09T04:00:47.170+0000][1][safepoint    ] Entering safepoint region: Cleanup
[2019-12-09T04:00:47.170+0000][1][safepoint    ] Leaving safepoint region
[2019-12-09T04:00:47.170+0000][1][safepoint    ] Total time for which application threads were stopped: 0.0000908 seconds, Stopping threads took: 0.0000189 seconds
[2019-12-09T04:00:48.170+0000][1][safepoint    ] Application time: 1.0000748 seconds
[2019-12-09T04:00:48.170+0000][1][safepoint    ] Entering safepoint region: Cleanup
[2019-12-09T04:00:48.170+0000][1][safepoint    ] Leaving safepoint region
[2019-12-09T04:00:48.170+0000][1][safepoint    ] Total time for which application threads were stopped: 0.0000799 seconds, Stopping threads took: 0.0000175 seconds
[2019-12-09T04:00:49.170+0000][1][safepoint    ] Application time: 1.0000737 seconds
[2019-12-09T04:00:49.170+0000][1][safepoint    ] Entering safepoint region: Cleanup
[2019-12-09T04:00:49.170+0000][1][safepoint    ] Leaving safepoint region
[2019-12-09T04:00:49.170+0000][1][safepoint    ] Total time for which application threads were stopped: 0.0001013 seconds, Stopping threads took: 0.0000210 seconds
[2019-12-09T04:00:50.170+0000][1][safepoint    ] Application time: 1.0000754 seconds
[2019-12-09T04:00:50.170+0000][1][safepoint    ] Entering safepoint region: Cleanup
[2019-12-09T04:00:50.170+0000][1][safepoint    ] Leaving safepoint region
[2019-12-09T04:00:50.170+0000][1][safepoint    ] Total time for which application threads were stopped: 0.0000820 seconds, Stopping threads took: 0.0000178 seconds
[2019-12-09T04:00:51.170+0000][1][safepoint    ] Application time: 1.0000758 seconds
[2019-12-09T04:00:51.170+0000][1][safepoint    ] Entering safepoint region: Cleanup
[2019-12-09T04:00:51.171+0000][1][safepoint    ] Leaving safepoint region
[2019-12-09T04:00:51.171+0000][1][safepoint    ] Total time for which application threads were stopped: 0.0000816 seconds, Stopping threads took: 0.0000162 seconds
[2019-12-09T04:00:52.171+0000][1][safepoint    ] Application time: 1.0000737 seconds
[2019-12-09T04:00:52.171+0000][1][safepoint    ] Entering safepoint region: Cleanup
[2019-12-09T04:00:52.171+0000][1][safepoint    ] Leaving safepoint region
[2019-12-09T04:00:52.171+0000][1][safepoint    ] Total time for which application threads were stopped: 0.0000950 seconds, Stopping threads took: 0.0000295 seconds
[2019-12-09T04:00:53.171+0000][1][safepoint    ] Application time: 1.0000753 seconds
[2019-12-09T04:00:53.171+0000][1][safepoint    ] Entering safepoint region: Cleanup
[2019-12-09T04:00:53.171+0000][1][safepoint    ] Leaving safepoint region
[2019-12-09T04:00:53.171+0000][1][safepoint    ] Total time for which application threads were stopped: 0.0000829 seconds, Stopping threads took: 0.0000179 seconds
[2019-12-09T04:00:54.171+0000][1][safepoint    ] Application time: 1.0000778 seconds
[2019-12-09T04:00:54.171+0000][1][safepoint    ] Entering safepoint region: Cleanup
[2019-12-09T04:00:54.171+0000][1][safepoint    ] Leaving safepoint region
[2019-12-09T04:00:54.171+0000][1][safepoint    ] Total time for which application threads were stopped: 0.0000825 seconds, Stopping threads took: 0.0000168 seconds
[2019-12-09T04:00:55.171+0000][1][safepoint    ] Application time: 1.0000780 seconds
[2019-12-09T04:00:55.171+0000][1][safepoint    ] Entering safepoint region: Cleanup
[2019-12-09T04:00:55.171+0000][1][safepoint    ] Leaving safepoint region
[2019-12-09T04:00:55.171+0000][1][safepoint    ] Total time for which application threads were stopped: 0.0000841 seconds, Stopping threads took: 0.0000185 seconds
[2019-12-09T04:00:56.171+0000][1][safepoint    ] Application time: 1.0000776 seconds
[2019-12-09T04:00:56.171+0000][1][safepoint    ] Entering safepoint region: Cleanup
[2019-12-09T04:00:56.172+0000][1][safepoint    ] Leaving safepoint region
[2019-12-09T04:00:56.172+0000][1][safepoint    ] Total time for which application threads were stopped: 0.0000894 seconds, Stopping threads took: 0.0000180 seconds
[2019-12-09T04:00:57.172+0000][1][safepoint    ] Application time: 1.0000777 seconds
[2019-12-09T04:00:57.172+0000][1][safepoint    ] Entering safepoint region: Cleanup
[2019-12-09T04:00:57.172+0000][1][safepoint    ] Leaving safepoint region
[2019-12-09T04:00:57.172+0000][1][safepoint    ] Total time for which application threads were stopped: 0.0000903 seconds, Stopping threads took: 0.0000188 seconds
[2019-12-09T04:00:58.172+0000][1][safepoint    ] Application time: 1.0000775 seconds
[2019-12-09T04:00:58.172+0000][1][safepoint    ] Entering safepoint region: Cleanup
[2019-12-09T04:00:58.172+0000][1][safepoint    ] Leaving safepoint region
[2019-12-09T04:00:58.172+0000][1][safepoint    ] Total time for which application threads were stopped: 0.0000824 seconds, Stopping threads took: 0.0000186 seconds
[2019-12-09T04:00:59.172+0000][1][safepoint    ] Application time: 1.0000790 seconds
[2019-12-09T04:00:59.172+0000][1][safepoint    ] Entering safepoint region: Cleanup
[2019-12-09T04:00:59.172+0000][1][safepoint    ] Leaving safepoint region
[2019-12-09T04:00:59.172+0000][1][safepoint    ] Total time for which application threads were stopped: 0.0000863 seconds, Stopping threads took: 0.0000176 seconds
[2019-12-09T04:01:00.172+0000][1][safepoint    ] Application time: 1.0000761 seconds
[2019-12-09T04:01:00.172+0000][1][safepoint    ] Entering safepoint region: Cleanup
[2019-12-09T04:01:00.172+0000][1][safepoint    ] Leaving safepoint region
[2019-12-09T04:01:00.172+0000][1][safepoint    ] Total time for which application threads were stopped: 0.0000871 seconds, Stopping threads took: 0.0000176 seconds
[2019-12-09T04:01:01.172+0000][1][safepoint    ] Application time: 1.0000767 seconds
[2019-12-09T04:01:01.172+0000][1][safepoint    ] Entering safepoint region: Cleanup
[2019-12-09T04:01:01.173+0000][1][safepoint    ] Leaving safepoint region
[2019-12-09T04:01:01.173+0000][1][safepoint    ] Total time for which application threads were stopped: 0.0000840 seconds, Stopping threads took: 0.0000187 seconds
[2019-12-09T04:01:02.173+0000][1][safepoint    ] Application time: 1.0000757 seconds
[2019-12-09T04:01:02.173+0000][1][safepoint    ] Entering safepoint region: Cleanup
[2019-12-09T04:01:02.173+0000][1][safepoint    ] Leaving safepoint region
[2019-12-09T04:01:02.173+0000][1][safepoint    ] Total time for which application threads were stopped: 0.0000961 seconds, Stopping threads took: 0.0000170 seconds
[2019-12-09T04:01:03.173+0000][1][safepoint    ] Application time: 1.0000784 seconds
[2019-12-09T04:01:03.173+0000][1][safepoint    ] Entering safepoint region: Cleanup
[2019-12-09T04:01:03.173+0000][1][safepoint    ] Leaving safepoint region
[2019-12-09T04:01:03.173+0000][1][safepoint    ] Total time for which application threads were stopped: 0.0000840 seconds, Stopping threads took: 0.0000184 seconds
[2019-12-09T04:01:04.173+0000][1][safepoint    ] Application time: 1.0000767 seconds
[2019-12-09T04:01:04.173+0000][1][safepoint    ] Entering safepoint region: Cleanup
[2019-12-09T04:01:04.173+0000][1][safepoint    ] Leaving safepoint region
[2019-12-09T04:01:04.173+0000][1][safepoint    ] Total time for which application threads were stopped: 0.0000809 seconds, Stopping threads took: 0.0000181 seconds
[2019-12-09T04:01:05.173+0000][1][safepoint    ] Application time: 1.0000766 seconds
[2019-12-09T04:01:05.173+0000][1][safepoint    ] Entering safepoint region: Cleanup
[2019-12-09T04:01:05.173+0000][1][safepoint    ] Leaving safepoint region
[2019-12-09T04:01:05.173+0000][1][safepoint    ] Total time for which application threads were stopped: 0.0000823 seconds, Stopping threads took: 0.0000185 seconds
[2019-12-09T04:01:06.173+0000][1][safepoint    ] Application time: 1.0000753 seconds
[2019-12-09T04:01:06.173+0000][1][safepoint    ] Entering safepoint region: Cleanup
[2019-12-09T04:01:06.173+0000][1][safepoint    ] Leaving safepoint region
[2019-12-09T04:01:06.173+0000][1][safepoint    ] Total time for which application threads were stopped: 0.0000844 seconds, Stopping threads took: 0.0000200 seconds
[2019-12-09T04:01:06.539+0000][1][safepoint    ] Application time: 0.3659409 seconds
[2019-12-09T04:01:06.539+0000][1][safepoint    ] Entering safepoint region: RevokeBias
[2019-12-09T04:01:06.540+0000][1][safepoint    ] Leaving safepoint region
[2019-12-09T04:01:06.540+0000][1][safepoint    ] Total time for which application threads were stopped: 0.0000984 seconds, Stopping threads took: 0.0000167 seconds
[2019-12-09T04:01:07.540+0000][1][safepoint    ] Application time: 1.0000842 seconds
[2019-12-09T04:01:07.540+0000][1][safepoint    ] Entering safepoint region: Cleanup
[2019-12-09T04:01:07.540+0000][1][safepoint    ] Leaving safepoint region
[2019-12-09T04:01:07.540+0000][1][safepoint    ] Total time for which application threads were stopped: 0.0001006 seconds, Stopping threads took: 0.0000187 seconds
[2019-12-09T04:01:08.540+0000][1][safepoint    ] Application time: 1.0000741 seconds
[2019-12-09T04:01:08.540+0000][1][safepoint    ] Entering safepoint region: Cleanup
[2019-12-09T04:01:08.540+0000][1][safepoint    ] Leaving safepoint region
[2019-12-09T04:01:08.540+0000][1][safepoint    ] Total time for which application threads were stopped: 0.0000880 seconds, Stopping threads took: 0.0000193 seconds
[2019-12-09T04:01:09.540+0000][1][safepoint    ] Application time: 1.0000768 seconds
[2019-12-09T04:01:09.540+0000][1][safepoint    ] Entering safepoint region: Cleanup
[2019-12-09T04:01:09.540+0000][1][safepoint    ] Leaving safepoint region
[2019-12-09T04:01:09.540+0000][1][safepoint    ] Total time for which application threads were stopped: 0.0000858 seconds, Stopping threads took: 0.0000183 seconds
[2019-12-09T04:01:10.540+0000][1][safepoint    ] Application time: 1.0000471 seconds
[2019-12-09T04:01:10.540+0000][1][safepoint    ] Entering safepoint region: Cleanup
[2019-12-09T04:01:10.540+0000][1][safepoint    ] Leaving safepoint region
[2019-12-09T04:01:10.540+0000][1][safepoint    ] Total time for which application threads were stopped: 0.0000863 seconds, Stopping threads took: 0.0000193 seconds
[2019-12-09T04:01:11.540+0000][1][safepoint    ] Application time: 1.0000783 seconds
[2019-12-09T04:01:11.541+0000][1][safepoint    ] Entering safepoint region: Cleanup
[2019-12-09T04:01:11.541+0000][1][safepoint    ] Leaving safepoint region
[2019-12-09T04:01:11.541+0000][1][safepoint    ] Total time for which application threads were stopped: 0.0000963 seconds, Stopping threads took: 0.0000282 seconds
[2019-12-09T04:01:12.541+0000][1][safepoint    ] Application time: 1.0000762 seconds
[2019-12-09T04:01:12.541+0000][1][safepoint    ] Entering safepoint region: Cleanup
[2019-12-09T04:01:12.541+0000][1][safepoint    ] Leaving safepoint region
[2019-12-09T04:01:12.541+0000][1][safepoint    ] Total time for which application threads were stopped: 0.0000863 seconds, Stopping threads took: 0.0000189 seconds
[2019-12-09T04:01:13.541+0000][1][safepoint    ] Application time: 1.0000758 seconds
[2019-12-09T04:01:13.541+0000][1][safepoint    ] Entering safepoint region: Cleanup
[2019-12-09T04:01:13.541+0000][1][safepoint    ] Leaving safepoint region
[2019-12-09T04:01:13.541+0000][1][safepoint    ] Total time for which application threads were stopped: 0.0000872 seconds, Stopping threads took: 0.0000212 seconds
[2019-12-09T04:01:14.541+0000][1][safepoint    ] Application time: 1.0000835 seconds
[2019-12-09T04:01:14.541+0000][1][safepoint    ] Entering safepoint region: Cleanup
[2019-12-09T04:01:14.541+0000][1][safepoint    ] Leaving safepoint region
[2019-12-09T04:01:14.541+0000][1][safepoint    ] Total time for which application threads were stopped: 0.0000967 seconds, Stopping threads took: 0.0000186 seconds
[2019-12-09T04:01:15.541+0000][1][safepoint    ] Application time: 1.0000764 seconds
[2019-12-09T04:01:15.541+0000][1][safepoint    ] Entering safepoint region: Cleanup
[2019-12-09T04:01:15.541+0000][1][safepoint    ] Leaving safepoint region
[2019-12-09T04:01:15.541+0000][1][safepoint    ] Total time for which application threads were stopped: 0.0000911 seconds, Stopping threads took: 0.0000182 seconds
[2019-12-09T04:01:16.542+0000][1][safepoint    ] Application time: 1.0000760 seconds
[2019-12-09T04:01:16.542+0000][1][safepoint    ] Entering safepoint region: Cleanup
[2019-12-09T04:01:16.542+0000][1][safepoint    ] Leaving safepoint region
[2019-12-09T04:01:16.542+0000][1][safepoint    ] Total time for which application threads were stopped: 0.0000853 seconds, Stopping threads took: 0.0000182 seconds
[2019-12-09T04:01:17.542+0000][1][safepoint    ] Application time: 1.0000770 seconds
[2019-12-09T04:01:17.542+0000][1][safepoint    ] Entering safepoint region: Cleanup
[2019-12-09T04:01:17.542+0000][1][safepoint    ] Leaving safepoint region
[2019-12-09T04:01:17.542+0000][1][safepoint    ] Total time for which application threads were stopped: 0.0000840 seconds, Stopping threads took: 0.0000178 seconds
[2019-12-09T04:01:18.542+0000][1][safepoint    ] Application time: 1.0000759 seconds
[2019-12-09T04:01:18.542+0000][1][safepoint    ] Entering safepoint region: Cleanup
[2019-12-09T04:01:18.542+0000][1][safepoint    ] Leaving safepoint region
[2019-12-09T04:01:18.542+0000][1][safepoint    ] Total time for which application threads were stopped: 0.0000917 seconds, Stopping threads took: 0.0000240 seconds
[2019-12-09T04:01:19.542+0000][1][safepoint    ] Application time: 1.0000769 seconds
[2019-12-09T04:01:19.542+0000][1][safepoint    ] Entering safepoint region: Cleanup
[2019-12-09T04:01:19.542+0000][1][safepoint    ] Leaving safepoint region
[2019-12-09T04:01:19.542+0000][1][safepoint    ] Total time for which application threads were stopped: 0.0000879 seconds, Stopping threads took: 0.0000197 seconds
[2019-12-09T04:01:20.542+0000][1][safepoint    ] Application time: 1.0000788 seconds
[2019-12-09T04:01:20.542+0000][1][safepoint    ] Entering safepoint region: Cleanup
[2019-12-09T04:01:20.542+0000][1][safepoint    ] Leaving safepoint region
[2019-12-09T04:01:20.542+0000][1][safepoint    ] Total time for which application threads were stopped: 0.0000892 seconds, Stopping threads took: 0.0000208 seconds
[2019-12-09T04:01:21.543+0000][1][safepoint    ] Application time: 1.0000783 seconds
[2019-12-09T04:01:21.543+0000][1][safepoint    ] Entering safepoint region: Cleanup
[2019-12-09T04:01:21.543+0000][1][safepoint    ] Leaving safepoint region
[2019-12-09T04:01:21.543+0000][1][safepoint    ] Total time for which application threads were stopped: 0.0001030 seconds, Stopping threads took: 0.0000198 seconds
[2019-12-09T04:01:22.543+0000][1][safepoint    ] Application time: 1.0000751 seconds
[2019-12-09T04:01:22.543+0000][1][safepoint    ] Entering safepoint region: Cleanup
[2019-12-09T04:01:22.543+0000][1][safepoint    ] Leaving safepoint region
[2019-12-09T04:01:22.543+0000][1][safepoint    ] Total time for which application threads were stopped: 0.0000883 seconds, Stopping threads took: 0.0000196 seconds
[2019-12-09T04:01:23.543+0000][1][safepoint    ] Application time: 1.0000765 seconds
[2019-12-09T04:01:23.543+0000][1][safepoint    ] Entering safepoint region: Cleanup
[2019-12-09T04:01:23.543+0000][1][safepoint    ] Leaving safepoint region
[2019-12-09T04:01:23.543+0000][1][safepoint    ] Total time for which application threads were stopped: 0.0000866 seconds, Stopping threads took: 0.0000186 seconds
[2019-12-09T04:01:24.543+0000][1][safepoint    ] Application time: 1.0000768 seconds
[2019-12-09T04:01:24.543+0000][1][safepoint    ] Entering safepoint region: Cleanup
[2019-12-09T04:01:24.543+0000][1][safepoint    ] Leaving safepoint region
[2019-12-09T04:01:24.543+0000][1][safepoint    ] Total time for which application threads were stopped: 0.0000855 seconds, Stopping threads took: 0.0000180 seconds
[2019-12-09T04:01:25.543+0000][1][safepoint    ] Application time: 1.0000781 seconds
[2019-12-09T04:01:25.543+0000][1][safepoint    ] Entering safepoint region: Cleanup
[2019-12-09T04:01:25.544+0000][1][safepoint    ] Leaving safepoint region
[2019-12-09T04:01:25.544+0000][1][safepoint    ] Total time for which application threads were stopped: 0.0000894 seconds, Stopping threads took: 0.0000207 seconds
[2019-12-09T04:01:26.544+0000][1][safepoint    ] Application time: 1.0000752 seconds
[2019-12-09T04:01:26.544+0000][1][safepoint    ] Entering safepoint region: Cleanup
[2019-12-09T04:01:26.544+0000][1][safepoint    ] Leaving safepoint region
[2019-12-09T04:01:26.544+0000][1][safepoint    ] Total time for which application threads were stopped: 0.0001006 seconds, Stopping threads took: 0.0000189 seconds
[2019-12-09T04:01:27.544+0000][1][safepoint    ] Application time: 1.0000772 seconds
[2019-12-09T04:01:27.544+0000][1][safepoint    ] Entering safepoint region: Cleanup
[2019-12-09T04:01:27.544+0000][1][safepoint    ] Leaving safepoint region
[2019-12-09T04:01:27.544+0000][1][safepoint    ] Total time for which application threads were stopped: 0.0000878 seconds, Stopping threads took: 0.0000213 seconds
[2019-12-09T04:01:28.544+0000][1][safepoint    ] Application time: 1.0000758 seconds
[2019-12-09T04:01:28.544+0000][1][safepoint    ] Entering safepoint region: Cleanup
[2019-12-09T04:01:28.544+0000][1][safepoint    ] Leaving safepoint region
[2019-12-09T04:01:28.544+0000][1][safepoint    ] Total time for which application threads were stopped: 0.0000857 seconds, Stopping threads took: 0.0000198 seconds
[2019-12-09T04:01:29.544+0000][1][safepoint    ] Application time: 1.0000752 seconds
[2019-12-09T04:01:29.544+0000][1][safepoint    ] Entering safepoint region: Cleanup
[2019-12-09T04:01:29.544+0000][1][safepoint    ] Leaving safepoint region
[2019-12-09T04:01:29.544+0000][1][safepoint    ] Total time for which application threads were stopped: 0.0000885 seconds, Stopping threads took: 0.0000205 seconds
[2019-12-09T04:01:30.544+0000][1][safepoint    ] Application time: 1.0000797 seconds
[2019-12-09T04:01:30.545+0000][1][safepoint    ] Entering safepoint region: Cleanup
[2019-12-09T04:01:30.545+0000][1][safepoint    ] Leaving safepoint region
[2019-12-09T04:01:30.545+0000][1][safepoint    ] Total time for which application threads were stopped: 0.0000860 seconds, Stopping threads took: 0.0000191 seconds
[2019-12-09T04:01:31.545+0000][1][safepoint    ] Application time: 1.0000760 seconds
[2019-12-09T04:01:31.545+0000][1][safepoint    ] Entering safepoint region: Cleanup
[2019-12-09T04:01:31.545+0000][1][safepoint    ] Leaving safepoint region
[2019-12-09T04:01:31.545+0000][1][safepoint    ] Total time for which application threads were stopped: 0.0000949 seconds, Stopping threads took: 0.0000209 seconds
[2019-12-09T04:01:32.545+0000][1][safepoint    ] Application time: 1.0000782 seconds
[2019-12-09T04:01:32.545+0000][1][safepoint    ] Entering safepoint region: Cleanup
[2019-12-09T04:01:32.545+0000][1][safepoint    ] Leaving safepoint region
[2019-12-09T04:01:32.545+0000][1][safepoint    ] Total time for which application threads were stopped: 0.0000914 seconds, Stopping threads took: 0.0000190 seconds
[2019-12-09T04:01:33.545+0000][1][safepoint    ] Application time: 1.0000774 seconds
[2019-12-09T04:01:33.545+0000][1][safepoint    ] Entering safepoint region: Cleanup
[2019-12-09T04:01:33.545+0000][1][safepoint    ] Leaving safepoint region
[2019-12-09T04:01:33.545+0000][1][safepoint    ] Total time for which application threads were stopped: 0.0000904 seconds, Stopping threads took: 0.0000225 seconds
[2019-12-09T04:01:34.545+0000][1][safepoint    ] Application time: 1.0000767 seconds
[2019-12-09T04:01:34.545+0000][1][safepoint    ] Entering safepoint region: Cleanup
[2019-12-09T04:01:34.545+0000][1][safepoint    ] Leaving safepoint region
[2019-12-09T04:01:34.545+0000][1][safepoint    ] Total time for which application threads were stopped: 0.0000855 seconds, Stopping threads took: 0.0000185 seconds
[2019-12-09T04:01:35.546+0000][1][safepoint    ] Application time: 1.0000760 seconds
[2019-12-09T04:01:35.546+0000][1][safepoint    ] Entering safepoint region: Cleanup
[2019-12-09T04:01:35.546+0000][1][safepoint    ] Leaving safepoint region
[2019-12-09T04:01:35.546+0000][1][safepoint    ] Total time for which application threads were stopped: 0.0000897 seconds, Stopping threads took: 0.0000197 seconds
[2019-12-09T04:01:36.200+0000][1][safepoint    ] Application time: 0.6547601 seconds
[2019-12-09T04:01:36.200+0000][1][safepoint    ] Entering safepoint region: GenCollectForAllocation
[2019-12-09T04:01:36.201+0000][1][gc,start     ] GC(52) Pause Young (Allocation Failure)
[2019-12-09T04:01:36.201+0000][1][gc,task      ] GC(52) Using 2 workers of 2 for evacuation
[2019-12-09T04:01:36.205+0000][1][gc,age       ] GC(52) Desired survivor size 4456448 bytes, new threshold 6 (max threshold 6)
[2019-12-09T04:01:36.205+0000][1][gc,age       ] GC(52) Age table with threshold 6 (max threshold 6)
[2019-12-09T04:01:36.205+0000][1][gc,age       ] GC(52) - age   1:       7664 bytes,       7664 total
[2019-12-09T04:01:36.205+0000][1][gc,age       ] GC(52) - age   2:       5112 bytes,      12776 total
[2019-12-09T04:01:36.205+0000][1][gc,age       ] GC(52) - age   3:     126472 bytes,     139248 total
[2019-12-09T04:01:36.205+0000][1][gc,age       ] GC(52) - age   4:       7216 bytes,     146464 total
[2019-12-09T04:01:36.205+0000][1][gc,age       ] GC(52) - age   5:       8600 bytes,     155064 total
[2019-12-09T04:01:36.205+0000][1][gc,age       ] GC(52) - age   6:     104544 bytes,     259608 total
[2019-12-09T04:01:36.205+0000][1][gc,heap      ] GC(52) ParNew: 75296K->3544K(78656K)
[2019-12-09T04:01:36.205+0000][1][gc,heap      ] GC(52) CMS: 115823K->119113K(174784K)
[2019-12-09T04:01:36.205+0000][1][gc,metaspace ] GC(52) Metaspace: 83249K->83249K(1126400K)
[2019-12-09T04:01:36.205+0000][1][gc           ] GC(52) Pause Young (Allocation Failure) 186M->119M(247M) 4.449ms
[2019-12-09T04:01:36.205+0000][1][gc,cpu       ] GC(52) User=0.01s Sys=0.00s Real=0.01s
[2019-12-09T04:01:36.205+0000][1][safepoint    ] Leaving safepoint region
[2019-12-09T04:01:36.205+0000][1][safepoint    ] Total time for which application threads were stopped: 0.0046126 seconds, Stopping threads took: 0.0000212 seconds
[2019-12-09T04:01:37.205+0000][1][safepoint    ] Application time: 1.0000839 seconds
[2019-12-09T04:01:37.205+0000][1][safepoint    ] Entering safepoint region: Cleanup
[2019-12-09T04:01:37.205+0000][1][safepoint    ] Leaving safepoint region
[2019-12-09T04:01:37.205+0000][1][safepoint    ] Total time for which application threads were stopped: 0.0001121 seconds, Stopping threads took: 0.0000191 seconds
[2019-12-09T04:01:38.205+0000][1][safepoint    ] Application time: 1.0000795 seconds
[2019-12-09T04:01:38.205+0000][1][safepoint    ] Entering safepoint region: Cleanup
[2019-12-09T04:01:38.205+0000][1][safepoint    ] Leaving safepoint region
[2019-12-09T04:01:38.205+0000][1][safepoint    ] Total time for which application threads were stopped: 0.0000909 seconds, Stopping threads took: 0.0000175 seconds
[2019-12-09T04:01:39.206+0000][1][safepoint    ] Application time: 1.0000755 seconds
[2019-12-09T04:01:39.206+0000][1][safepoint    ] Entering safepoint region: Cleanup
[2019-12-09T04:01:39.206+0000][1][safepoint    ] Leaving safepoint region
[2019-12-09T04:01:39.206+0000][1][safepoint    ] Total time for which application threads were stopped: 0.0000846 seconds, Stopping threads took: 0.0000180 seconds
[2019-12-09T04:01:40.206+0000][1][safepoint    ] Application time: 1.0000756 seconds
[2019-12-09T04:01:40.206+0000][1][safepoint    ] Entering safepoint region: Cleanup
[2019-12-09T04:01:40.206+0000][1][safepoint    ] Leaving safepoint region
[2019-12-09T04:01:40.206+0000][1][safepoint    ] Total time for which application threads were stopped: 0.0000826 seconds, Stopping threads took: 0.0000179 seconds
[2019-12-09T04:01:41.206+0000][1][safepoint    ] Application time: 1.0000751 seconds
[2019-12-09T04:01:41.206+0000][1][safepoint    ] Entering safepoint region: Cleanup
[2019-12-09T04:01:41.206+0000][1][safepoint    ] Leaving safepoint region
[2019-12-09T04:01:41.206+0000][1][safepoint    ] Total time for which application threads were stopped: 0.0001000 seconds, Stopping threads took: 0.0000254 seconds
[2019-12-09T04:01:42.206+0000][1][safepoint    ] Application time: 1.0000756 seconds
[2019-12-09T04:01:42.206+0000][1][safepoint    ] Entering safepoint region: Cleanup
[2019-12-09T04:01:42.206+0000][1][safepoint    ] Leaving safepoint region
[2019-12-09T04:01:42.206+0000][1][safepoint    ] Total time for which application threads were stopped: 0.0000983 seconds, Stopping threads took: 0.0000209 seconds
[2019-12-09T04:01:43.206+0000][1][safepoint    ] Application time: 1.0000761 seconds
[2019-12-09T04:01:43.206+0000][1][safepoint    ] Entering safepoint region: Cleanup
[2019-12-09T04:01:43.206+0000][1][safepoint    ] Leaving safepoint region
[2019-12-09T04:01:43.206+0000][1][safepoint    ] Total time for which application threads were stopped: 0.0000890 seconds, Stopping threads took: 0.0000214 seconds
[2019-12-09T04:01:44.207+0000][1][safepoint    ] Application time: 1.0000766 seconds
[2019-12-09T04:01:44.207+0000][1][safepoint    ] Entering safepoint region: Cleanup
[2019-12-09T04:01:44.207+0000][1][safepoint    ] Leaving safepoint region
[2019-12-09T04:01:44.207+0000][1][safepoint    ] Total time for which application threads were stopped: 0.0000888 seconds, Stopping threads took: 0.0000193 seconds
[2019-12-09T04:01:45.207+0000][1][safepoint    ] Application time: 1.0000762 seconds
[2019-12-09T04:01:45.207+0000][1][safepoint    ] Entering safepoint region: Cleanup
[2019-12-09T04:01:45.207+0000][1][safepoint    ] Leaving safepoint region
[2019-12-09T04:01:45.207+0000][1][safepoint    ] Total time for which application threads were stopped: 0.0000882 seconds, Stopping threads took: 0.0000185 seconds
[2019-12-09T04:01:46.207+0000][1][safepoint    ] Application time: 1.0000756 seconds
[2019-12-09T04:01:46.207+0000][1][safepoint    ] Entering safepoint region: Cleanup
[2019-12-09T04:01:46.207+0000][1][safepoint    ] Leaving safepoint region
[2019-12-09T04:01:46.207+0000][1][safepoint    ] Total time for which application threads were stopped: 0.0000882 seconds, Stopping threads took: 0.0000207 seconds
[2019-12-09T04:01:47.207+0000][1][safepoint    ] Application time: 1.0000767 seconds
[2019-12-09T04:01:47.207+0000][1][safepoint    ] Entering safepoint region: Cleanup
[2019-12-09T04:01:47.207+0000][1][safepoint    ] Leaving safepoint region
[2019-12-09T04:01:47.207+0000][1][safepoint    ] Total time for which application threads were stopped: 0.0000861 seconds, Stopping threads took: 0.0000187 seconds
[2019-12-09T04:01:48.207+0000][1][safepoint    ] Application time: 1.0000755 seconds
[2019-12-09T04:01:48.207+0000][1][safepoint    ] Entering safepoint region: Cleanup
[2019-12-09T04:01:48.208+0000][1][safepoint    ] Leaving safepoint region
[2019-12-09T04:01:48.208+0000][1][safepoint    ] Total time for which application threads were stopped: 0.0000914 seconds, Stopping threads took: 0.0000186 seconds
[2019-12-09T04:01:49.208+0000][1][safepoint    ] Application time: 1.0000746 seconds
[2019-12-09T04:01:49.208+0000][1][safepoint    ] Entering safepoint region: Cleanup
[2019-12-09T04:01:49.208+0000][1][safepoint    ] Leaving safepoint region
[2019-12-09T04:01:49.208+0000][1][safepoint    ] Total time for which application threads were stopped: 0.0001005 seconds, Stopping threads took: 0.0000199 seconds
[2019-12-09T04:01:50.208+0000][1][safepoint    ] Application time: 1.0000759 seconds
[2019-12-09T04:01:50.208+0000][1][safepoint    ] Entering safepoint region: Cleanup
[2019-12-09T04:01:50.208+0000][1][safepoint    ] Leaving safepoint region
[2019-12-09T04:01:50.208+0000][1][safepoint    ] Total time for which application threads were stopped: 0.0000917 seconds, Stopping threads took: 0.0000209 seconds
[2019-12-09T04:01:51.208+0000][1][safepoint    ] Application time: 1.0000735 seconds
[2019-12-09T04:01:51.208+0000][1][safepoint    ] Entering safepoint region: Cleanup
[2019-12-09T04:01:51.208+0000][1][safepoint    ] Leaving safepoint region
[2019-12-09T04:01:51.208+0000][1][safepoint    ] Total time for which application threads were stopped: 0.0000777 seconds, Stopping threads took: 0.0000158 seconds
[2019-12-09T04:01:52.208+0000][1][safepoint    ] Application time: 1.0000738 seconds
[2019-12-09T04:01:52.208+0000][1][safepoint    ] Entering safepoint region: Cleanup
[2019-12-09T04:01:52.208+0000][1][safepoint    ] Leaving safepoint region
[2019-12-09T04:01:52.208+0000][1][safepoint    ] Total time for which application threads were stopped: 0.0000867 seconds, Stopping threads took: 0.0000196 seconds
[2019-12-09T04:01:53.208+0000][1][safepoint    ] Application time: 1.0000832 seconds
[2019-12-09T04:01:53.208+0000][1][safepoint    ] Entering safepoint region: Cleanup
[2019-12-09T04:01:53.209+0000][1][safepoint    ] Leaving safepoint region
[2019-12-09T04:01:53.209+0000][1][safepoint    ] Total time for which application threads were stopped: 0.0000872 seconds, Stopping threads took: 0.0000193 seconds
[2019-12-09T04:01:54.209+0000][1][safepoint    ] Application time: 1.0000749 seconds
[2019-12-09T04:01:54.209+0000][1][safepoint    ] Entering safepoint region: Cleanup
[2019-12-09T04:01:54.209+0000][1][safepoint    ] Leaving safepoint region
[2019-12-09T04:01:54.209+0000][1][safepoint    ] Total time for which application threads were stopped: 0.0000864 seconds, Stopping threads took: 0.0000202 seconds
[2019-12-09T04:01:55.209+0000][1][safepoint    ] Application time: 1.0000765 seconds
[2019-12-09T04:01:55.209+0000][1][safepoint    ] Entering safepoint region: Cleanup
[2019-12-09T04:01:55.209+0000][1][safepoint    ] Leaving safepoint region
[2019-12-09T04:01:55.209+0000][1][safepoint    ] Total time for which application threads were stopped: 0.0000931 seconds, Stopping threads took: 0.0000212 seconds
[2019-12-09T04:01:56.209+0000][1][safepoint    ] Application time: 1.0000762 seconds
[2019-12-09T04:01:56.209+0000][1][safepoint    ] Entering safepoint region: Cleanup
[2019-12-09T04:01:56.209+0000][1][safepoint    ] Leaving safepoint region
[2019-12-09T04:01:56.209+0000][1][safepoint    ] Total time for which application threads were stopped: 0.0000883 seconds, Stopping threads took: 0.0000200 seconds
[2019-12-09T04:01:57.209+0000][1][safepoint    ] Application time: 1.0000767 seconds
[2019-12-09T04:01:57.209+0000][1][safepoint    ] Entering safepoint region: Cleanup
[2019-12-09T04:01:57.209+0000][1][safepoint    ] Leaving safepoint region
[2019-12-09T04:01:57.209+0000][1][safepoint    ] Total time for which application threads were stopped: 0.0000889 seconds, Stopping threads took: 0.0000190 seconds
[2019-12-09T04:01:58.210+0000][1][safepoint    ] Application time: 1.0004264 seconds
[2019-12-09T04:01:58.210+0000][1][safepoint    ] Entering safepoint region: Cleanup
[2019-12-09T04:01:58.210+0000][1][safepoint    ] Leaving safepoint region
[2019-12-09T04:01:58.210+0000][1][safepoint    ] Total time for which application threads were stopped: 0.0001196 seconds, Stopping threads took: 0.0000262 seconds
[2019-12-09T04:01:59.210+0000][1][safepoint    ] Application time: 1.0000774 seconds
[2019-12-09T04:01:59.210+0000][1][safepoint    ] Entering safepoint region: Cleanup
[2019-12-09T04:01:59.210+0000][1][safepoint    ] Leaving safepoint region
[2019-12-09T04:01:59.210+0000][1][safepoint    ] Total time for which application threads were stopped: 0.0000849 seconds, Stopping threads took: 0.0000186 seconds
[2019-12-09T04:02:00.150+0000][1][safepoint    ] Application time: 0.9394769 seconds
[2019-12-09T04:02:00.150+0000][1][safepoint    ] Entering safepoint region: RevokeBias
[2019-12-09T04:02:00.150+0000][1][safepoint    ] Leaving safepoint region
[2019-12-09T04:02:00.150+0000][1][safepoint    ] Total time for which application threads were stopped: 0.0001356 seconds, Stopping threads took: 0.0000250 seconds
[2019-12-09T04:02:01.150+0000][1][safepoint    ] Application time: 1.0001582 seconds
[2019-12-09T04:02:01.150+0000][1][safepoint    ] Entering safepoint region: Cleanup
[2019-12-09T04:02:01.150+0000][1][safepoint    ] Leaving safepoint region
[2019-12-09T04:02:01.150+0000][1][safepoint    ] Total time for which application threads were stopped: 0.0001271 seconds, Stopping threads took: 0.0000288 seconds
[2019-12-09T04:02:02.150+0000][1][safepoint    ] Application time: 1.0000793 seconds
[2019-12-09T04:02:02.150+0000][1][safepoint    ] Entering safepoint region: Cleanup
[2019-12-09T04:02:02.150+0000][1][safepoint    ] Leaving safepoint region
[2019-12-09T04:02:02.150+0000][1][safepoint    ] Total time for which application threads were stopped: 0.0000880 seconds, Stopping threads took: 0.0000189 seconds
[2019-12-09T04:02:03.151+0000][1][safepoint    ] Application time: 1.0000779 seconds
[2019-12-09T04:02:03.151+0000][1][safepoint    ] Entering safepoint region: Cleanup
[2019-12-09T04:02:03.151+0000][1][safepoint    ] Leaving safepoint region
[2019-12-09T04:02:03.151+0000][1][safepoint    ] Total time for which application threads were stopped: 0.0000924 seconds, Stopping threads took: 0.0000187 seconds
[2019-12-09T04:02:04.151+0000][1][safepoint    ] Application time: 1.0000793 seconds
[2019-12-09T04:02:04.151+0000][1][safepoint    ] Entering safepoint region: Cleanup
[2019-12-09T04:02:04.151+0000][1][safepoint    ] Leaving safepoint region
[2019-12-09T04:02:04.151+0000][1][safepoint    ] Total time for which application threads were stopped: 0.0000876 seconds, Stopping threads took: 0.0000197 seconds
[2019-12-09T04:02:05.151+0000][1][safepoint    ] Application time: 1.0000781 seconds
[2019-12-09T04:02:05.151+0000][1][safepoint    ] Entering safepoint region: Cleanup
[2019-12-09T04:02:05.151+0000][1][safepoint    ] Leaving safepoint region
[2019-12-09T04:02:05.151+0000][1][safepoint    ] Total time for which application threads were stopped: 0.0000906 seconds, Stopping threads took: 0.0000186 seconds
[2019-12-09T04:02:06.151+0000][1][safepoint    ] Application time: 1.0000779 seconds
[2019-12-09T04:02:06.151+0000][1][safepoint    ] Entering safepoint region: Cleanup
[2019-12-09T04:02:06.151+0000][1][safepoint    ] Leaving safepoint region
[2019-12-09T04:02:06.151+0000][1][safepoint    ] Total time for which application threads were stopped: 0.0000865 seconds, Stopping threads took: 0.0000187 seconds
[2019-12-09T04:02:07.151+0000][1][safepoint    ] Application time: 1.0000794 seconds
[2019-12-09T04:02:07.151+0000][1][safepoint    ] Entering safepoint region: Cleanup
[2019-12-09T04:02:07.152+0000][1][safepoint    ] Leaving safepoint region
[2019-12-09T04:02:07.152+0000][1][safepoint    ] Total time for which application threads were stopped: 0.0000857 seconds, Stopping threads took: 0.0000192 seconds
[2019-12-09T04:02:08.152+0000][1][safepoint    ] Application time: 1.0000783 seconds
[2019-12-09T04:02:08.152+0000][1][safepoint    ] Entering safepoint region: Cleanup
[2019-12-09T04:02:08.152+0000][1][safepoint    ] Leaving safepoint region
[2019-12-09T04:02:08.152+0000][1][safepoint    ] Total time for which application threads were stopped: 0.0001025 seconds, Stopping threads took: 0.0000188 seconds
[2019-12-09T04:02:09.152+0000][1][safepoint    ] Application time: 1.0000790 seconds
[2019-12-09T04:02:09.152+0000][1][safepoint    ] Entering safepoint region: Cleanup
[2019-12-09T04:02:09.152+0000][1][safepoint    ] Leaving safepoint region
[2019-12-09T04:02:09.152+0000][1][safepoint    ] Total time for which application threads were stopped: 0.0000874 seconds, Stopping threads took: 0.0000198 seconds
[2019-12-09T04:02:10.152+0000][1][safepoint    ] Application time: 1.0000795 seconds
[2019-12-09T04:02:10.152+0000][1][safepoint    ] Entering safepoint region: Cleanup
[2019-12-09T04:02:10.152+0000][1][safepoint    ] Leaving safepoint region
[2019-12-09T04:02:10.152+0000][1][safepoint    ] Total time for which application threads were stopped: 0.0000881 seconds, Stopping threads took: 0.0000185 seconds
[2019-12-09T04:02:11.152+0000][1][safepoint    ] Application time: 1.0000785 seconds
[2019-12-09T04:02:11.152+0000][1][safepoint    ] Entering safepoint region: Cleanup
[2019-12-09T04:02:11.152+0000][1][safepoint    ] Leaving safepoint region
[2019-12-09T04:02:11.152+0000][1][safepoint    ] Total time for which application threads were stopped: 0.0000912 seconds, Stopping threads took: 0.0000268 seconds
[2019-12-09T04:02:12.152+0000][1][safepoint    ] Application time: 1.0000774 seconds
[2019-12-09T04:02:12.153+0000][1][safepoint    ] Entering safepoint region: Cleanup
[2019-12-09T04:02:12.153+0000][1][safepoint    ] Leaving safepoint region
[2019-12-09T04:02:12.153+0000][1][safepoint    ] Total time for which application threads were stopped: 0.0000863 seconds, Stopping threads took: 0.0000182 seconds
[2019-12-09T04:02:13.153+0000][1][safepoint    ] Application time: 1.0001025 seconds
[2019-12-09T04:02:13.153+0000][1][safepoint    ] Entering safepoint region: Cleanup
[2019-12-09T04:02:13.153+0000][1][safepoint    ] Leaving safepoint region
[2019-12-09T04:02:13.153+0000][1][safepoint    ] Total time for which application threads were stopped: 0.0001251 seconds, Stopping threads took: 0.0000249 seconds
[2019-12-09T04:02:14.153+0000][1][safepoint    ] Application time: 1.0000763 seconds
[2019-12-09T04:02:14.153+0000][1][safepoint    ] Entering safepoint region: Cleanup
[2019-12-09T04:02:14.153+0000][1][safepoint    ] Leaving safepoint region
[2019-12-09T04:02:14.153+0000][1][safepoint    ] Total time for which application threads were stopped: 0.0000859 seconds, Stopping threads took: 0.0000184 seconds
[2019-12-09T04:02:15.153+0000][1][safepoint    ] Application time: 1.0000896 seconds
[2019-12-09T04:02:15.153+0000][1][safepoint    ] Entering safepoint region: Cleanup
[2019-12-09T04:02:15.153+0000][1][safepoint    ] Leaving safepoint region
[2019-12-09T04:02:15.153+0000][1][safepoint    ] Total time for which application threads were stopped: 0.0000865 seconds, Stopping threads took: 0.0000182 seconds
[2019-12-09T04:02:16.153+0000][1][safepoint    ] Application time: 1.0000867 seconds
[2019-12-09T04:02:16.153+0000][1][safepoint    ] Entering safepoint region: Cleanup
[2019-12-09T04:02:16.154+0000][1][safepoint    ] Leaving safepoint region
[2019-12-09T04:02:16.154+0000][1][safepoint    ] Total time for which application threads were stopped: 0.0001238 seconds, Stopping threads took: 0.0000353 seconds
[2019-12-09T04:02:17.154+0000][1][safepoint    ] Application time: 1.0000880 seconds
[2019-12-09T04:02:17.154+0000][1][safepoint    ] Entering safepoint region: Cleanup
[2019-12-09T04:02:17.154+0000][1][safepoint    ] Leaving safepoint region
[2019-12-09T04:02:17.154+0000][1][safepoint    ] Total time for which application threads were stopped: 0.0001266 seconds, Stopping threads took: 0.0000392 seconds
[2019-12-09T04:02:18.154+0000][1][safepoint    ] Application time: 1.0000768 seconds
[2019-12-09T04:02:18.154+0000][1][safepoint    ] Entering safepoint region: Cleanup
[2019-12-09T04:02:18.154+0000][1][safepoint    ] Leaving safepoint region
[2019-12-09T04:02:18.154+0000][1][safepoint    ] Total time for which application threads were stopped: 0.0000976 seconds, Stopping threads took: 0.0000199 seconds
[2019-12-09T04:02:19.154+0000][1][safepoint    ] Application time: 1.0000793 seconds
[2019-12-09T04:02:19.154+0000][1][safepoint    ] Entering safepoint region: Cleanup
[2019-12-09T04:02:19.154+0000][1][safepoint    ] Leaving safepoint region
[2019-12-09T04:02:19.154+0000][1][safepoint    ] Total time for which application threads were stopped: 0.0000870 seconds, Stopping threads took: 0.0000191 seconds
[2019-12-09T04:02:20.156+0000][1][safepoint    ] Application time: 1.0014677 seconds
[2019-12-09T04:02:20.156+0000][1][safepoint    ] Entering safepoint region: Cleanup
[2019-12-09T04:02:20.156+0000][1][safepoint    ] Leaving safepoint region
[2019-12-09T04:02:20.156+0000][1][safepoint    ] Total time for which application threads were stopped: 0.0001123 seconds, Stopping threads took: 0.0000253 seconds
[2019-12-09T04:02:21.156+0000][1][safepoint    ] Application time: 1.0000751 seconds
[2019-12-09T04:02:21.156+0000][1][safepoint    ] Entering safepoint region: Cleanup
[2019-12-09T04:02:21.156+0000][1][safepoint    ] Leaving safepoint region
[2019-12-09T04:02:21.156+0000][1][safepoint    ] Total time for which application threads were stopped: 0.0000792 seconds, Stopping threads took: 0.0000164 seconds
[2019-12-09T04:02:22.156+0000][1][safepoint    ] Application time: 1.0000764 seconds
[2019-12-09T04:02:22.156+0000][1][safepoint    ] Entering safepoint region: Cleanup
[2019-12-09T04:02:22.156+0000][1][safepoint    ] Leaving safepoint region
[2019-12-09T04:02:22.156+0000][1][safepoint    ] Total time for which application threads were stopped: 0.0000814 seconds, Stopping threads took: 0.0000184 seconds
[2019-12-09T04:02:23.156+0000][1][safepoint    ] Application time: 1.0000755 seconds
[2019-12-09T04:02:23.156+0000][1][safepoint    ] Entering safepoint region: Cleanup
[2019-12-09T04:02:23.156+0000][1][safepoint    ] Leaving safepoint region
[2019-12-09T04:02:23.156+0000][1][safepoint    ] Total time for which application threads were stopped: 0.0000837 seconds, Stopping threads took: 0.0000157 seconds
[2019-12-09T04:02:24.157+0000][1][safepoint    ] Application time: 1.0000749 seconds
[2019-12-09T04:02:24.157+0000][1][safepoint    ] Entering safepoint region: Cleanup
[2019-12-09T04:02:24.157+0000][1][safepoint    ] Leaving safepoint region
[2019-12-09T04:02:24.157+0000][1][safepoint    ] Total time for which application threads were stopped: 0.0000820 seconds, Stopping threads took: 0.0000169 seconds
[2019-12-09T04:02:25.157+0000][1][safepoint    ] Application time: 1.0000772 seconds
[2019-12-09T04:02:25.157+0000][1][safepoint    ] Entering safepoint region: Cleanup
[2019-12-09T04:02:25.157+0000][1][safepoint    ] Leaving safepoint region
[2019-12-09T04:02:25.157+0000][1][safepoint    ] Total time for which application threads were stopped: 0.0000800 seconds, Stopping threads took: 0.0000177 seconds
[2019-12-09T04:02:26.157+0000][1][safepoint    ] Application time: 1.0000817 seconds
[2019-12-09T04:02:26.157+0000][1][safepoint    ] Entering safepoint region: Cleanup
[2019-12-09T04:02:26.157+0000][1][safepoint    ] Leaving safepoint region
[2019-12-09T04:02:26.157+0000][1][safepoint    ] Total time for which application threads were stopped: 0.0000859 seconds, Stopping threads took: 0.0000190 seconds
[2019-12-09T04:02:27.157+0000][1][safepoint    ] Application time: 1.0000767 seconds
[2019-12-09T04:02:27.157+0000][1][safepoint    ] Entering safepoint region: Cleanup
[2019-12-09T04:02:27.157+0000][1][safepoint    ] Leaving safepoint region
[2019-12-09T04:02:27.157+0000][1][safepoint    ] Total time for which application threads were stopped: 0.0000840 seconds, Stopping threads took: 0.0000181 seconds
[2019-12-09T04:02:28.157+0000][1][safepoint    ] Application time: 1.0000764 seconds
[2019-12-09T04:02:28.157+0000][1][safepoint    ] Entering safepoint region: Cleanup
[2019-12-09T04:02:28.157+0000][1][safepoint    ] Leaving safepoint region
[2019-12-09T04:02:28.157+0000][1][safepoint    ] Total time for which application threads were stopped: 0.0000807 seconds, Stopping threads took: 0.0000187 seconds
[2019-12-09T04:02:29.157+0000][1][safepoint    ] Application time: 1.0000751 seconds
[2019-12-09T04:02:29.157+0000][1][safepoint    ] Entering safepoint region: Cleanup
[2019-12-09T04:02:29.158+0000][1][safepoint    ] Leaving safepoint region
[2019-12-09T04:02:29.158+0000][1][safepoint    ] Total time for which application threads were stopped: 0.0000803 seconds, Stopping threads took: 0.0000185 seconds
[2019-12-09T04:02:30.158+0000][1][safepoint    ] Application time: 1.0000745 seconds
[2019-12-09T04:02:30.158+0000][1][safepoint    ] Entering safepoint region: Cleanup
[2019-12-09T04:02:30.158+0000][1][safepoint    ] Leaving safepoint region
[2019-12-09T04:02:30.158+0000][1][safepoint    ] Total time for which application threads were stopped: 0.0000909 seconds, Stopping threads took: 0.0000167 seconds
[2019-12-09T04:02:31.158+0000][1][safepoint    ] Application time: 1.0000746 seconds
[2019-12-09T04:02:31.158+0000][1][safepoint    ] Entering safepoint region: Cleanup
[2019-12-09T04:02:31.158+0000][1][safepoint    ] Leaving safepoint region
[2019-12-09T04:02:31.158+0000][1][safepoint    ] Total time for which application threads were stopped: 0.0000826 seconds, Stopping threads took: 0.0000171 seconds
[2019-12-09T04:02:32.158+0000][1][safepoint    ] Application time: 1.0000752 seconds
[2019-12-09T04:02:32.158+0000][1][safepoint    ] Entering safepoint region: Cleanup
[2019-12-09T04:02:32.158+0000][1][safepoint    ] Leaving safepoint region
[2019-12-09T04:02:32.158+0000][1][safepoint    ] Total time for which application threads were stopped: 0.0000805 seconds, Stopping threads took: 0.0000153 seconds
[2019-12-09T04:02:33.158+0000][1][safepoint    ] Application time: 1.0000755 seconds
[2019-12-09T04:02:33.158+0000][1][safepoint    ] Entering safepoint region: Cleanup
[2019-12-09T04:02:33.158+0000][1][safepoint    ] Leaving safepoint region
[2019-12-09T04:02:33.158+0000][1][safepoint    ] Total time for which application threads were stopped: 0.0000815 seconds, Stopping threads took: 0.0000177 seconds
[2019-12-09T04:02:34.158+0000][1][safepoint    ] Application time: 1.0000758 seconds
[2019-12-09T04:02:34.158+0000][1][safepoint    ] Entering safepoint region: Cleanup
[2019-12-09T04:02:34.158+0000][1][safepoint    ] Leaving safepoint region
[2019-12-09T04:02:34.158+0000][1][safepoint    ] Total time for which application threads were stopped: 0.0000861 seconds, Stopping threads took: 0.0000214 seconds
[2019-12-09T04:02:35.159+0000][1][safepoint    ] Application time: 1.0000748 seconds
[2019-12-09T04:02:35.159+0000][1][safepoint    ] Entering safepoint region: Cleanup
[2019-12-09T04:02:35.159+0000][1][safepoint    ] Leaving safepoint region
[2019-12-09T04:02:35.159+0000][1][safepoint    ] Total time for which application threads were stopped: 0.0000832 seconds, Stopping threads took: 0.0000196 seconds
[2019-12-09T04:02:36.159+0000][1][safepoint    ] Application time: 1.0000785 seconds
[2019-12-09T04:02:36.159+0000][1][safepoint    ] Entering safepoint region: Cleanup
[2019-12-09T04:02:36.159+0000][1][safepoint    ] Leaving safepoint region
[2019-12-09T04:02:36.159+0000][1][safepoint    ] Total time for which application threads were stopped: 0.0000803 seconds, Stopping threads took: 0.0000165 seconds
[2019-12-09T04:02:37.159+0000][1][safepoint    ] Application time: 1.0000772 seconds
[2019-12-09T04:02:37.159+0000][1][safepoint    ] Entering safepoint region: Cleanup
[2019-12-09T04:02:37.159+0000][1][safepoint    ] Leaving safepoint region
[2019-12-09T04:02:37.159+0000][1][safepoint    ] Total time for which application threads were stopped: 0.0000796 seconds, Stopping threads took: 0.0000172 seconds
[2019-12-09T04:02:38.159+0000][1][safepoint    ] Application time: 1.0000759 seconds
[2019-12-09T04:02:38.159+0000][1][safepoint    ] Entering safepoint region: Cleanup
[2019-12-09T04:02:38.159+0000][1][safepoint    ] Leaving safepoint region
[2019-12-09T04:02:38.159+0000][1][safepoint    ] Total time for which application threads were stopped: 0.0000780 seconds, Stopping threads took: 0.0000179 seconds
[2019-12-09T04:02:39.159+0000][1][safepoint    ] Application time: 1.0000750 seconds
[2019-12-09T04:02:39.159+0000][1][safepoint    ] Entering safepoint region: Cleanup
[2019-12-09T04:02:39.159+0000][1][safepoint    ] Leaving safepoint region
[2019-12-09T04:02:39.159+0000][1][safepoint    ] Total time for which application threads were stopped: 0.0000814 seconds, Stopping threads took: 0.0000196 seconds
[2019-12-09T04:02:40.159+0000][1][safepoint    ] Application time: 1.0000718 seconds
[2019-12-09T04:02:40.160+0000][1][safepoint    ] Entering safepoint region: Cleanup
[2019-12-09T04:02:40.160+0000][1][safepoint    ] Leaving safepoint region
[2019-12-09T04:02:40.160+0000][1][safepoint    ] Total time for which application threads were stopped: 0.0000796 seconds, Stopping threads took: 0.0000162 seconds
[2019-12-09T04:02:41.160+0000][1][safepoint    ] Application time: 1.0000742 seconds
[2019-12-09T04:02:41.160+0000][1][safepoint    ] Entering safepoint region: Cleanup
[2019-12-09T04:02:41.160+0000][1][safepoint    ] Leaving safepoint region
[2019-12-09T04:02:41.160+0000][1][safepoint    ] Total time for which application threads were stopped: 0.0000935 seconds, Stopping threads took: 0.0000287 seconds
[2019-12-09T04:02:42.160+0000][1][safepoint    ] Application time: 1.0000760 seconds
[2019-12-09T04:02:42.160+0000][1][safepoint    ] Entering safepoint region: Cleanup
[2019-12-09T04:02:42.160+0000][1][safepoint    ] Leaving safepoint region
[2019-12-09T04:02:42.160+0000][1][safepoint    ] Total time for which application threads were stopped: 0.0000805 seconds, Stopping threads took: 0.0000171 seconds
[2019-12-09T04:02:43.160+0000][1][safepoint    ] Application time: 1.0000757 seconds
[2019-12-09T04:02:43.160+0000][1][safepoint    ] Entering safepoint region: Cleanup
[2019-12-09T04:02:43.160+0000][1][safepoint    ] Leaving safepoint region
[2019-12-09T04:02:43.160+0000][1][safepoint    ] Total time for which application threads were stopped: 0.0000824 seconds, Stopping threads took: 0.0000201 seconds
[2019-12-09T04:02:44.160+0000][1][safepoint    ] Application time: 1.0000755 seconds
[2019-12-09T04:02:44.160+0000][1][safepoint    ] Entering safepoint region: Cleanup
[2019-12-09T04:02:44.160+0000][1][safepoint    ] Leaving safepoint region
[2019-12-09T04:02:44.160+0000][1][safepoint    ] Total time for which application threads were stopped: 0.0000838 seconds, Stopping threads took: 0.0000167 seconds
[2019-12-09T04:02:45.160+0000][1][safepoint    ] Application time: 1.0000754 seconds
[2019-12-09T04:02:45.160+0000][1][safepoint    ] Entering safepoint region: Cleanup
[2019-12-09T04:02:45.161+0000][1][safepoint    ] Leaving safepoint region
[2019-12-09T04:02:45.161+0000][1][safepoint    ] Total time for which application threads were stopped: 0.0000869 seconds, Stopping threads took: 0.0000158 seconds
[2019-12-09T04:02:46.161+0000][1][safepoint    ] Application time: 1.0000793 seconds
[2019-12-09T04:02:46.161+0000][1][safepoint    ] Entering safepoint region: Cleanup
[2019-12-09T04:02:46.161+0000][1][safepoint    ] Leaving safepoint region
[2019-12-09T04:02:46.161+0000][1][safepoint    ] Total time for which application threads were stopped: 0.0001036 seconds, Stopping threads took: 0.0000183 seconds
[2019-12-09T04:02:47.161+0000][1][safepoint    ] Application time: 1.0000749 seconds
[2019-12-09T04:02:47.161+0000][1][safepoint    ] Entering safepoint region: Cleanup
[2019-12-09T04:02:47.161+0000][1][safepoint    ] Leaving safepoint region
[2019-12-09T04:02:47.161+0000][1][safepoint    ] Total time for which application threads were stopped: 0.0000831 seconds, Stopping threads took: 0.0000203 seconds
[2019-12-09T04:02:48.161+0000][1][safepoint    ] Application time: 1.0000758 seconds
[2019-12-09T04:02:48.161+0000][1][safepoint    ] Entering safepoint region: Cleanup
[2019-12-09T04:02:48.161+0000][1][safepoint    ] Leaving safepoint region
[2019-12-09T04:02:48.161+0000][1][safepoint    ] Total time for which application threads were stopped: 0.0000817 seconds, Stopping threads took: 0.0000156 seconds
[2019-12-09T04:02:49.161+0000][1][safepoint    ] Application time: 1.0000792 seconds
[2019-12-09T04:02:49.161+0000][1][safepoint    ] Entering safepoint region: Cleanup
[2019-12-09T04:02:49.161+0000][1][safepoint    ] Leaving safepoint region
[2019-12-09T04:02:49.161+0000][1][safepoint    ] Total time for which application threads were stopped: 0.0000854 seconds, Stopping threads took: 0.0000212 seconds
[2019-12-09T04:02:50.161+0000][1][safepoint    ] Application time: 1.0000765 seconds
[2019-12-09T04:02:50.161+0000][1][safepoint    ] Entering safepoint region: Cleanup
[2019-12-09T04:02:50.161+0000][1][safepoint    ] Leaving safepoint region
[2019-12-09T04:02:50.161+0000][1][safepoint    ] Total time for which application threads were stopped: 0.0000801 seconds, Stopping threads took: 0.0000185 seconds
[2019-12-09T04:02:51.162+0000][1][safepoint    ] Application time: 1.0000832 seconds
[2019-12-09T04:02:51.162+0000][1][safepoint    ] Entering safepoint region: Cleanup
[2019-12-09T04:02:51.162+0000][1][safepoint    ] Leaving safepoint region
[2019-12-09T04:02:51.162+0000][1][safepoint    ] Total time for which application threads were stopped: 0.0001063 seconds, Stopping threads took: 0.0000197 seconds
[2019-12-09T04:02:52.162+0000][1][safepoint    ] Application time: 1.0000788 seconds
[2019-12-09T04:02:52.162+0000][1][safepoint    ] Entering safepoint region: Cleanup
[2019-12-09T04:02:52.162+0000][1][safepoint    ] Leaving safepoint region
[2019-12-09T04:02:52.162+0000][1][safepoint    ] Total time for which application threads were stopped: 0.0000821 seconds, Stopping threads took: 0.0000158 seconds
[2019-12-09T04:02:53.162+0000][1][safepoint    ] Application time: 1.0000751 seconds
[2019-12-09T04:02:53.162+0000][1][safepoint    ] Entering safepoint region: Cleanup
[2019-12-09T04:02:53.162+0000][1][safepoint    ] Leaving safepoint region
[2019-12-09T04:02:53.162+0000][1][safepoint    ] Total time for which application threads were stopped: 0.0000790 seconds, Stopping threads took: 0.0000161 seconds
[2019-12-09T04:02:54.162+0000][1][safepoint    ] Application time: 1.0000730 seconds
[2019-12-09T04:02:54.162+0000][1][safepoint    ] Entering safepoint region: Cleanup
[2019-12-09T04:02:54.162+0000][1][safepoint    ] Leaving safepoint region
[2019-12-09T04:02:54.162+0000][1][safepoint    ] Total time for which application threads were stopped: 0.0000823 seconds, Stopping threads took: 0.0000181 seconds
[2019-12-09T04:02:55.162+0000][1][safepoint    ] Application time: 1.0000765 seconds
[2019-12-09T04:02:55.162+0000][1][safepoint    ] Entering safepoint region: Cleanup
[2019-12-09T04:02:55.162+0000][1][safepoint    ] Leaving safepoint region
[2019-12-09T04:02:55.162+0000][1][safepoint    ] Total time for which application threads were stopped: 0.0000806 seconds, Stopping threads took: 0.0000202 seconds
[2019-12-09T04:02:56.163+0000][1][safepoint    ] Application time: 1.0000907 seconds
[2019-12-09T04:02:56.163+0000][1][safepoint    ] Entering safepoint region: Cleanup
[2019-12-09T04:02:56.163+0000][1][safepoint    ] Leaving safepoint region
[2019-12-09T04:02:56.163+0000][1][safepoint    ] Total time for which application threads were stopped: 0.0001220 seconds, Stopping threads took: 0.0000266 seconds
[2019-12-09T04:02:56.780+0000][1][safepoint    ] Application time: 0.6173361 seconds
[2019-12-09T04:02:56.780+0000][1][safepoint    ] Entering safepoint region: RevokeBias
[2019-12-09T04:02:56.780+0000][1][safepoint    ] Leaving safepoint region
[2019-12-09T04:02:56.780+0000][1][safepoint    ] Total time for which application threads were stopped: 0.0001495 seconds, Stopping threads took: 0.0000187 seconds
[2019-12-09T04:02:57.780+0000][1][safepoint    ] Application time: 1.0000864 seconds
[2019-12-09T04:02:57.780+0000][1][safepoint    ] Entering safepoint region: Cleanup
[2019-12-09T04:02:57.780+0000][1][safepoint    ] Leaving safepoint region
[2019-12-09T04:02:57.780+0000][1][safepoint    ] Total time for which application threads were stopped: 0.0000832 seconds, Stopping threads took: 0.0000189 seconds
[2019-12-09T04:02:58.781+0000][1][safepoint    ] Application time: 1.0000761 seconds
[2019-12-09T04:02:58.781+0000][1][safepoint    ] Entering safepoint region: Cleanup
[2019-12-09T04:02:58.781+0000][1][safepoint    ] Leaving safepoint region
[2019-12-09T04:02:58.781+0000][1][safepoint    ] Total time for which application threads were stopped: 0.0000825 seconds, Stopping threads took: 0.0000168 seconds
[2019-12-09T04:02:59.781+0000][1][safepoint    ] Application time: 1.0000823 seconds
[2019-12-09T04:02:59.781+0000][1][safepoint    ] Entering safepoint region: Cleanup
[2019-12-09T04:02:59.781+0000][1][safepoint    ] Leaving safepoint region
[2019-12-09T04:02:59.781+0000][1][safepoint    ] Total time for which application threads were stopped: 0.0000870 seconds, Stopping threads took: 0.0000197 seconds
[2019-12-09T04:03:00.781+0000][1][safepoint    ] Application time: 1.0000751 seconds
[2019-12-09T04:03:00.781+0000][1][safepoint    ] Entering safepoint region: Cleanup
[2019-12-09T04:03:00.781+0000][1][safepoint    ] Leaving safepoint region
[2019-12-09T04:03:00.781+0000][1][safepoint    ] Total time for which application threads were stopped: 0.0000848 seconds, Stopping threads took: 0.0000175 seconds
[2019-12-09T04:03:01.781+0000][1][safepoint    ] Application time: 1.0000805 seconds
[2019-12-09T04:03:01.781+0000][1][safepoint    ] Entering safepoint region: Cleanup
[2019-12-09T04:03:01.781+0000][1][safepoint    ] Leaving safepoint region
[2019-12-09T04:03:01.781+0000][1][safepoint    ] Total time for which application threads were stopped: 0.0000859 seconds, Stopping threads took: 0.0000190 seconds
[2019-12-09T04:03:02.781+0000][1][safepoint    ] Application time: 1.0000748 seconds
[2019-12-09T04:03:02.781+0000][1][safepoint    ] Entering safepoint region: Cleanup
[2019-12-09T04:03:02.781+0000][1][safepoint    ] Leaving safepoint region
[2019-12-09T04:03:02.781+0000][1][safepoint    ] Total time for which application threads were stopped: 0.0000833 seconds, Stopping threads took: 0.0000187 seconds
[2019-12-09T04:03:03.782+0000][1][safepoint    ] Application time: 1.0000767 seconds
[2019-12-09T04:03:03.782+0000][1][safepoint    ] Entering safepoint region: Cleanup
[2019-12-09T04:03:03.782+0000][1][safepoint    ] Leaving safepoint region
[2019-12-09T04:03:03.782+0000][1][safepoint    ] Total time for which application threads were stopped: 0.0000931 seconds, Stopping threads took: 0.0000180 seconds
[2019-12-09T04:03:04.782+0000][1][safepoint    ] Application time: 1.0000772 seconds
[2019-12-09T04:03:04.782+0000][1][safepoint    ] Entering safepoint region: Cleanup
[2019-12-09T04:03:04.782+0000][1][safepoint    ] Leaving safepoint region
[2019-12-09T04:03:04.782+0000][1][safepoint    ] Total time for which application threads were stopped: 0.0000835 seconds, Stopping threads took: 0.0000176 seconds
[2019-12-09T04:03:05.782+0000][1][safepoint    ] Application time: 1.0000749 seconds
[2019-12-09T04:03:05.782+0000][1][safepoint    ] Entering safepoint region: Cleanup
[2019-12-09T04:03:05.782+0000][1][safepoint    ] Leaving safepoint region
[2019-12-09T04:03:05.782+0000][1][safepoint    ] Total time for which application threads were stopped: 0.0000866 seconds, Stopping threads took: 0.0000180 seconds
[2019-12-09T04:03:06.782+0000][1][safepoint    ] Application time: 1.0000757 seconds
[2019-12-09T04:03:06.782+0000][1][safepoint    ] Entering safepoint region: Cleanup
[2019-12-09T04:03:06.782+0000][1][safepoint    ] Leaving safepoint region
[2019-12-09T04:03:06.782+0000][1][safepoint    ] Total time for which application threads were stopped: 0.0000970 seconds, Stopping threads took: 0.0000316 seconds
[2019-12-09T04:03:07.782+0000][1][safepoint    ] Application time: 1.0000752 seconds
[2019-12-09T04:03:07.782+0000][1][safepoint    ] Entering safepoint region: Cleanup
[2019-12-09T04:03:07.783+0000][1][safepoint    ] Leaving safepoint region
[2019-12-09T04:03:07.783+0000][1][safepoint    ] Total time for which application threads were stopped: 0.0000855 seconds, Stopping threads took: 0.0000188 seconds
[2019-12-09T04:03:08.783+0000][1][safepoint    ] Application time: 1.0000755 seconds
[2019-12-09T04:03:08.783+0000][1][safepoint    ] Entering safepoint region: Cleanup
[2019-12-09T04:03:08.783+0000][1][safepoint    ] Leaving safepoint region
[2019-12-09T04:03:08.783+0000][1][safepoint    ] Total time for which application threads were stopped: 0.0000973 seconds, Stopping threads took: 0.0000183 seconds
[2019-12-09T04:03:09.783+0000][1][safepoint    ] Application time: 1.0000756 seconds
[2019-12-09T04:03:09.783+0000][1][safepoint    ] Entering safepoint region: Cleanup
[2019-12-09T04:03:09.783+0000][1][safepoint    ] Leaving safepoint region
[2019-12-09T04:03:09.783+0000][1][safepoint    ] Total time for which application threads were stopped: 0.0000879 seconds, Stopping threads took: 0.0000209 seconds
[2019-12-09T04:03:10.783+0000][1][safepoint    ] Application time: 1.0000748 seconds
[2019-12-09T04:03:10.783+0000][1][safepoint    ] Entering safepoint region: Cleanup
[2019-12-09T04:03:10.783+0000][1][safepoint    ] Leaving safepoint region
[2019-12-09T04:03:10.783+0000][1][safepoint    ] Total time for which application threads were stopped: 0.0000828 seconds, Stopping threads took: 0.0000175 seconds
[2019-12-09T04:03:11.783+0000][1][safepoint    ] Application time: 1.0000757 seconds
[2019-12-09T04:03:11.783+0000][1][safepoint    ] Entering safepoint region: Cleanup
[2019-12-09T04:03:11.783+0000][1][safepoint    ] Leaving safepoint region
[2019-12-09T04:03:11.783+0000][1][safepoint    ] Total time for which application threads were stopped: 0.0000943 seconds, Stopping threads took: 0.0000276 seconds
[2019-12-09T04:03:12.783+0000][1][safepoint    ] Application time: 1.0000747 seconds
[2019-12-09T04:03:12.783+0000][1][safepoint    ] Entering safepoint region: Cleanup
[2019-12-09T04:03:12.784+0000][1][safepoint    ] Leaving safepoint region
[2019-12-09T04:03:12.784+0000][1][safepoint    ] Total time for which application threads were stopped: 0.0001042 seconds, Stopping threads took: 0.0000338 seconds
[2019-12-09T04:03:13.784+0000][1][safepoint    ] Application time: 1.0000778 seconds
[2019-12-09T04:03:13.784+0000][1][safepoint    ] Entering safepoint region: Cleanup
[2019-12-09T04:03:13.784+0000][1][safepoint    ] Leaving safepoint region
[2019-12-09T04:03:13.784+0000][1][safepoint    ] Total time for which application threads were stopped: 0.0000875 seconds, Stopping threads took: 0.0000214 seconds
[2019-12-09T04:03:14.784+0000][1][safepoint    ] Application time: 1.0000756 seconds
[2019-12-09T04:03:14.784+0000][1][safepoint    ] Entering safepoint region: Cleanup
[2019-12-09T04:03:14.784+0000][1][safepoint    ] Leaving safepoint region
[2019-12-09T04:03:14.784+0000][1][safepoint    ] Total time for which application threads were stopped: 0.0000848 seconds, Stopping threads took: 0.0000166 seconds
[2019-12-09T04:03:15.784+0000][1][safepoint    ] Application time: 1.0000767 seconds
[2019-12-09T04:03:15.784+0000][1][safepoint    ] Entering safepoint region: Cleanup
[2019-12-09T04:03:15.784+0000][1][safepoint    ] Leaving safepoint region
[2019-12-09T04:03:15.784+0000][1][safepoint    ] Total time for which application threads were stopped: 0.0000880 seconds, Stopping threads took: 0.0000174 seconds
[2019-12-09T04:03:16.784+0000][1][safepoint    ] Application time: 1.0000767 seconds
[2019-12-09T04:03:16.784+0000][1][safepoint    ] Entering safepoint region: Cleanup
[2019-12-09T04:03:16.784+0000][1][safepoint    ] Leaving safepoint region
[2019-12-09T04:03:16.784+0000][1][safepoint    ] Total time for which application threads were stopped: 0.0000896 seconds, Stopping threads took: 0.0000192 seconds
[2019-12-09T04:03:17.785+0000][1][safepoint    ] Application time: 1.0000791 seconds
[2019-12-09T04:03:17.785+0000][1][safepoint    ] Entering safepoint region: Cleanup
[2019-12-09T04:03:17.785+0000][1][safepoint    ] Leaving safepoint region
[2019-12-09T04:03:17.785+0000][1][safepoint    ] Total time for which application threads were stopped: 0.0000849 seconds, Stopping threads took: 0.0000190 seconds
[2019-12-09T04:03:18.785+0000][1][safepoint    ] Application time: 1.0000763 seconds
[2019-12-09T04:03:18.785+0000][1][safepoint    ] Entering safepoint region: Cleanup
[2019-12-09T04:03:18.785+0000][1][safepoint    ] Leaving safepoint region
[2019-12-09T04:03:18.785+0000][1][safepoint    ] Total time for which application threads were stopped: 0.0000887 seconds, Stopping threads took: 0.0000204 seconds
[2019-12-09T04:03:19.785+0000][1][safepoint    ] Application time: 1.0000815 seconds
[2019-12-09T04:03:19.785+0000][1][safepoint    ] Entering safepoint region: Cleanup
[2019-12-09T04:03:19.785+0000][1][safepoint    ] Leaving safepoint region
[2019-12-09T04:03:19.785+0000][1][safepoint    ] Total time for which application threads were stopped: 0.0000834 seconds, Stopping threads took: 0.0000169 seconds
[2019-12-09T04:03:20.785+0000][1][safepoint    ] Application time: 1.0000767 seconds
[2019-12-09T04:03:20.785+0000][1][safepoint    ] Entering safepoint region: Cleanup
[2019-12-09T04:03:20.785+0000][1][safepoint    ] Leaving safepoint region
[2019-12-09T04:03:20.785+0000][1][safepoint    ] Total time for which application threads were stopped: 0.0000867 seconds, Stopping threads took: 0.0000183 seconds
[2019-12-09T04:03:21.785+0000][1][safepoint    ] Application time: 1.0000759 seconds
[2019-12-09T04:03:21.785+0000][1][safepoint    ] Entering safepoint region: Cleanup
[2019-12-09T04:03:21.785+0000][1][safepoint    ] Leaving safepoint region
[2019-12-09T04:03:21.785+0000][1][safepoint    ] Total time for which application threads were stopped: 0.0000866 seconds, Stopping threads took: 0.0000190 seconds
[2019-12-09T04:03:22.786+0000][1][safepoint    ] Application time: 1.0000764 seconds
[2019-12-09T04:03:22.786+0000][1][safepoint    ] Entering safepoint region: Cleanup
[2019-12-09T04:03:22.786+0000][1][safepoint    ] Leaving safepoint region
[2019-12-09T04:03:22.786+0000][1][safepoint    ] Total time for which application threads were stopped: 0.0000852 seconds, Stopping threads took: 0.0000175 seconds
[2019-12-09T04:03:23.786+0000][1][safepoint    ] Application time: 1.0000759 seconds
[2019-12-09T04:03:23.786+0000][1][safepoint    ] Entering safepoint region: Cleanup
[2019-12-09T04:03:23.786+0000][1][safepoint    ] Leaving safepoint region
[2019-12-09T04:03:23.786+0000][1][safepoint    ] Total time for which application threads were stopped: 0.0000861 seconds, Stopping threads took: 0.0000187 seconds
[2019-12-09T04:03:24.786+0000][1][safepoint    ] Application time: 1.0000766 seconds
[2019-12-09T04:03:24.786+0000][1][safepoint    ] Entering safepoint region: Cleanup
[2019-12-09T04:03:24.786+0000][1][safepoint    ] Leaving safepoint region
[2019-12-09T04:03:24.786+0000][1][safepoint    ] Total time for which application threads were stopped: 0.0000859 seconds, Stopping threads took: 0.0000190 seconds
[2019-12-09T04:03:25.786+0000][1][safepoint    ] Application time: 1.0000766 seconds
[2019-12-09T04:03:25.786+0000][1][safepoint    ] Entering safepoint region: Cleanup
[2019-12-09T04:03:25.786+0000][1][safepoint    ] Leaving safepoint region
[2019-12-09T04:03:25.786+0000][1][safepoint    ] Total time for which application threads were stopped: 0.0000877 seconds, Stopping threads took: 0.0000178 seconds
[2019-12-09T04:03:26.786+0000][1][safepoint    ] Application time: 1.0000766 seconds
[2019-12-09T04:03:26.786+0000][1][safepoint    ] Entering safepoint region: Cleanup
[2019-12-09T04:03:26.787+0000][1][safepoint    ] Leaving safepoint region
[2019-12-09T04:03:26.787+0000][1][safepoint    ] Total time for which application threads were stopped: 0.0000944 seconds, Stopping threads took: 0.0000267 seconds
[2019-12-09T04:03:27.275+0000][1][safepoint    ] Application time: 0.4887122 seconds
[2019-12-09T04:03:27.275+0000][1][safepoint    ] Entering safepoint region: GenCollectForAllocation
[2019-12-09T04:03:27.275+0000][1][gc,start     ] GC(53) Pause Young (Allocation Failure)
[2019-12-09T04:03:27.275+0000][1][gc,task      ] GC(53) Using 2 workers of 2 for evacuation
[2019-12-09T04:03:27.278+0000][1][gc,age       ] GC(53) Desired survivor size 4456448 bytes, new threshold 6 (max threshold 6)
[2019-12-09T04:03:27.278+0000][1][gc,age       ] GC(53) Age table with threshold 6 (max threshold 6)
[2019-12-09T04:03:27.278+0000][1][gc,age       ] GC(53) - age   1:       9760 bytes,       9760 total
[2019-12-09T04:03:27.278+0000][1][gc,age       ] GC(53) - age   2:        992 bytes,      10752 total
[2019-12-09T04:03:27.278+0000][1][gc,age       ] GC(53) - age   3:       4992 bytes,      15744 total
[2019-12-09T04:03:27.278+0000][1][gc,age       ] GC(53) - age   4:     126352 bytes,     142096 total
[2019-12-09T04:03:27.278+0000][1][gc,age       ] GC(53) - age   5:       7216 bytes,     149312 total
[2019-12-09T04:03:27.278+0000][1][gc,age       ] GC(53) - age   6:       8600 bytes,     157912 total
[2019-12-09T04:03:27.278+0000][1][gc,heap      ] GC(53) ParNew: 73488K->933K(78656K)
[2019-12-09T04:03:27.278+0000][1][gc,heap      ] GC(53) CMS: 119113K->119217K(174784K)
[2019-12-09T04:03:27.278+0000][1][gc,metaspace ] GC(53) Metaspace: 83293K->83293K(1126400K)
[2019-12-09T04:03:27.278+0000][1][gc           ] GC(53) Pause Young (Allocation Failure) 188M->117M(247M) 2.968ms
[2019-12-09T04:03:27.278+0000][1][gc,cpu       ] GC(53) User=0.01s Sys=0.00s Real=0.00s
[2019-12-09T04:03:27.278+0000][1][safepoint    ] Leaving safepoint region
[2019-12-09T04:03:27.278+0000][1][safepoint    ] Total time for which application threads were stopped: 0.0031214 seconds, Stopping threads took: 0.0000190 seconds
[2019-12-09T04:03:28.278+0000][1][safepoint    ] Application time: 1.0000876 seconds
[2019-12-09T04:03:28.279+0000][1][safepoint    ] Entering safepoint region: Cleanup
[2019-12-09T04:03:28.279+0000][1][safepoint    ] Leaving safepoint region
[2019-12-09T04:03:28.279+0000][1][safepoint    ] Total time for which application threads were stopped: 0.0000958 seconds, Stopping threads took: 0.0000213 seconds
[2019-12-09T04:03:29.279+0000][1][safepoint    ] Application time: 1.0000740 seconds
[2019-12-09T04:03:29.279+0000][1][safepoint    ] Entering safepoint region: Cleanup
[2019-12-09T04:03:29.279+0000][1][safepoint    ] Leaving safepoint region
[2019-12-09T04:03:29.279+0000][1][safepoint    ] Total time for which application threads were stopped: 0.0000846 seconds, Stopping threads took: 0.0000207 seconds
[2019-12-09T04:03:30.279+0000][1][safepoint    ] Application time: 1.0000758 seconds
[2019-12-09T04:03:30.279+0000][1][safepoint    ] Entering safepoint region: Cleanup
[2019-12-09T04:03:30.279+0000][1][safepoint    ] Leaving safepoint region
[2019-12-09T04:03:30.279+0000][1][safepoint    ] Total time for which application threads were stopped: 0.0000827 seconds, Stopping threads took: 0.0000186 seconds
[2019-12-09T04:03:31.279+0000][1][safepoint    ] Application time: 1.0000744 seconds
[2019-12-09T04:03:31.279+0000][1][safepoint    ] Entering safepoint region: Cleanup
[2019-12-09T04:03:31.279+0000][1][safepoint    ] Leaving safepoint region
[2019-12-09T04:03:31.279+0000][1][safepoint    ] Total time for which application threads were stopped: 0.0000827 seconds, Stopping threads took: 0.0000209 seconds
[2019-12-09T04:03:32.279+0000][1][safepoint    ] Application time: 1.0000757 seconds
[2019-12-09T04:03:32.279+0000][1][safepoint    ] Entering safepoint region: Cleanup
[2019-12-09T04:03:32.279+0000][1][safepoint    ] Leaving safepoint region
[2019-12-09T04:03:32.279+0000][1][safepoint    ] Total time for which application threads were stopped: 0.0000853 seconds, Stopping threads took: 0.0000191 seconds
[2019-12-09T04:03:33.279+0000][1][safepoint    ] Application time: 1.0000753 seconds
[2019-12-09T04:03:33.279+0000][1][safepoint    ] Entering safepoint region: Cleanup
[2019-12-09T04:03:33.280+0000][1][safepoint    ] Leaving safepoint region
[2019-12-09T04:03:33.280+0000][1][safepoint    ] Total time for which application threads were stopped: 0.0000853 seconds, Stopping threads took: 0.0000188 seconds
[2019-12-09T04:03:34.280+0000][1][safepoint    ] Application time: 1.0000761 seconds
[2019-12-09T04:03:34.280+0000][1][safepoint    ] Entering safepoint region: Cleanup
[2019-12-09T04:03:34.280+0000][1][safepoint    ] Leaving safepoint region
[2019-12-09T04:03:34.280+0000][1][safepoint    ] Total time for which application threads were stopped: 0.0000972 seconds, Stopping threads took: 0.0000182 seconds
[2019-12-09T04:03:35.280+0000][1][safepoint    ] Application time: 1.0000755 seconds
[2019-12-09T04:03:35.280+0000][1][safepoint    ] Entering safepoint region: Cleanup
[2019-12-09T04:03:35.280+0000][1][safepoint    ] Leaving safepoint region
[2019-12-09T04:03:35.280+0000][1][safepoint    ] Total time for which application threads were stopped: 0.0000804 seconds, Stopping threads took: 0.0000178 seconds
[2019-12-09T04:03:36.280+0000][1][safepoint    ] Application time: 1.0000765 seconds
[2019-12-09T04:03:36.280+0000][1][safepoint    ] Entering safepoint region: Cleanup
[2019-12-09T04:03:36.280+0000][1][safepoint    ] Leaving safepoint region
[2019-12-09T04:03:36.280+0000][1][safepoint    ] Total time for which application threads were stopped: 0.0000845 seconds, Stopping threads took: 0.0000187 seconds
[2019-12-09T04:03:37.280+0000][1][safepoint    ] Application time: 1.0000767 seconds
[2019-12-09T04:03:37.280+0000][1][safepoint    ] Entering safepoint region: Cleanup
[2019-12-09T04:03:37.280+0000][1][safepoint    ] Leaving safepoint region
[2019-12-09T04:03:37.280+0000][1][safepoint    ] Total time for which application threads were stopped: 0.0000840 seconds, Stopping threads took: 0.0000183 seconds
[2019-12-09T04:03:38.280+0000][1][safepoint    ] Application time: 1.0000772 seconds
[2019-12-09T04:03:38.280+0000][1][safepoint    ] Entering safepoint region: Cleanup
[2019-12-09T04:03:38.280+0000][1][safepoint    ] Leaving safepoint region
[2019-12-09T04:03:38.281+0000][1][safepoint    ] Total time for which application threads were stopped: 0.0000919 seconds, Stopping threads took: 0.0000216 seconds
[2019-12-09T04:03:39.281+0000][1][safepoint    ] Application time: 1.0000748 seconds
[2019-12-09T04:03:39.281+0000][1][safepoint    ] Entering safepoint region: Cleanup
[2019-12-09T04:03:39.281+0000][1][safepoint    ] Leaving safepoint region
[2019-12-09T04:03:39.281+0000][1][safepoint    ] Total time for which application threads were stopped: 0.0000989 seconds, Stopping threads took: 0.0000180 seconds
[2019-12-09T04:03:40.281+0000][1][safepoint    ] Application time: 1.0000762 seconds
[2019-12-09T04:03:40.281+0000][1][safepoint    ] Entering safepoint region: Cleanup
[2019-12-09T04:03:40.281+0000][1][safepoint    ] Leaving safepoint region
[2019-12-09T04:03:40.281+0000][1][safepoint    ] Total time for which application threads were stopped: 0.0000835 seconds, Stopping threads took: 0.0000179 seconds
[2019-12-09T04:03:41.281+0000][1][safepoint    ] Application time: 1.0000770 seconds
[2019-12-09T04:03:41.281+0000][1][safepoint    ] Entering safepoint region: Cleanup
[2019-12-09T04:03:41.281+0000][1][safepoint    ] Leaving safepoint region
[2019-12-09T04:03:41.281+0000][1][safepoint    ] Total time for which application threads were stopped: 0.0000915 seconds, Stopping threads took: 0.0000266 seconds
[2019-12-09T04:03:42.281+0000][1][safepoint    ] Application time: 1.0000769 seconds
[2019-12-09T04:03:42.281+0000][1][safepoint    ] Entering safepoint region: Cleanup
[2019-12-09T04:03:42.281+0000][1][safepoint    ] Leaving safepoint region
[2019-12-09T04:03:42.281+0000][1][safepoint    ] Total time for which application threads were stopped: 0.0000814 seconds, Stopping threads took: 0.0000185 seconds
[2019-12-09T04:03:43.281+0000][1][safepoint    ] Application time: 1.0000752 seconds
[2019-12-09T04:03:43.281+0000][1][safepoint    ] Entering safepoint region: Cleanup
[2019-12-09T04:03:43.281+0000][1][safepoint    ] Leaving safepoint region
[2019-12-09T04:03:43.281+0000][1][safepoint    ] Total time for which application threads were stopped: 0.0000864 seconds, Stopping threads took: 0.0000208 seconds
[2019-12-09T04:03:44.282+0000][1][safepoint    ] Application time: 1.0000754 seconds
[2019-12-09T04:03:44.282+0000][1][safepoint    ] Entering safepoint region: Cleanup
[2019-12-09T04:03:44.282+0000][1][safepoint    ] Leaving safepoint region
[2019-12-09T04:03:44.282+0000][1][safepoint    ] Total time for which application threads were stopped: 0.0000826 seconds, Stopping threads took: 0.0000184 seconds
[2019-12-09T04:03:45.283+0000][1][safepoint    ] Application time: 1.0011535 seconds
[2019-12-09T04:03:45.283+0000][1][safepoint    ] Entering safepoint region: Cleanup
[2019-12-09T04:03:45.283+0000][1][safepoint    ] Leaving safepoint region
[2019-12-09T04:03:45.283+0000][1][safepoint    ] Total time for which application threads were stopped: 0.0001254 seconds, Stopping threads took: 0.0000272 seconds
[2019-12-09T04:03:46.283+0000][1][safepoint    ] Application time: 1.0000836 seconds
[2019-12-09T04:03:46.283+0000][1][safepoint    ] Entering safepoint region: Cleanup
[2019-12-09T04:03:46.283+0000][1][safepoint    ] Leaving safepoint region
[2019-12-09T04:03:46.283+0000][1][safepoint    ] Total time for which application threads were stopped: 0.0000935 seconds, Stopping threads took: 0.0000262 seconds
[2019-12-09T04:03:47.283+0000][1][safepoint    ] Application time: 1.0000759 seconds
[2019-12-09T04:03:47.283+0000][1][safepoint    ] Entering safepoint region: Cleanup
[2019-12-09T04:03:47.283+0000][1][safepoint    ] Leaving safepoint region
[2019-12-09T04:03:47.283+0000][1][safepoint    ] Total time for which application threads were stopped: 0.0000871 seconds, Stopping threads took: 0.0000197 seconds
[2019-12-09T04:03:48.283+0000][1][safepoint    ] Application time: 1.0000759 seconds
[2019-12-09T04:03:48.284+0000][1][safepoint    ] Entering safepoint region: Cleanup
[2019-12-09T04:03:48.284+0000][1][safepoint    ] Leaving safepoint region
[2019-12-09T04:03:48.284+0000][1][safepoint    ] Total time for which application threads were stopped: 0.0000837 seconds, Stopping threads took: 0.0000177 seconds
[2019-12-09T04:03:49.284+0000][1][safepoint    ] Application time: 1.0000752 seconds
[2019-12-09T04:03:49.284+0000][1][safepoint    ] Entering safepoint region: Cleanup
[2019-12-09T04:03:49.284+0000][1][safepoint    ] Leaving safepoint region
[2019-12-09T04:03:49.284+0000][1][safepoint    ] Total time for which application threads were stopped: 0.0000934 seconds, Stopping threads took: 0.0000182 seconds
[2019-12-09T04:03:50.284+0000][1][safepoint    ] Application time: 1.0000739 seconds
[2019-12-09T04:03:50.284+0000][1][safepoint    ] Entering safepoint region: Cleanup
[2019-12-09T04:03:50.284+0000][1][safepoint    ] Leaving safepoint region
[2019-12-09T04:03:50.284+0000][1][safepoint    ] Total time for which application threads were stopped: 0.0000888 seconds, Stopping threads took: 0.0000188 seconds
[2019-12-09T04:03:51.284+0000][1][safepoint    ] Application time: 1.0000757 seconds
[2019-12-09T04:03:51.284+0000][1][safepoint    ] Entering safepoint region: Cleanup
[2019-12-09T04:03:51.284+0000][1][safepoint    ] Leaving safepoint region
[2019-12-09T04:03:51.284+0000][1][safepoint    ] Total time for which application threads were stopped: 0.0000880 seconds, Stopping threads took: 0.0000169 seconds
[2019-12-09T04:03:52.284+0000][1][safepoint    ] Application time: 1.0000783 seconds
[2019-12-09T04:03:52.284+0000][1][safepoint    ] Entering safepoint region: Cleanup
[2019-12-09T04:03:52.284+0000][1][safepoint    ] Leaving safepoint region
[2019-12-09T04:03:52.284+0000][1][safepoint    ] Total time for which application threads were stopped: 0.0000847 seconds, Stopping threads took: 0.0000202 seconds
[2019-12-09T04:03:53.285+0000][1][safepoint    ] Application time: 1.0000769 seconds
[2019-12-09T04:03:53.285+0000][1][safepoint    ] Entering safepoint region: Cleanup
[2019-12-09T04:03:53.285+0000][1][safepoint    ] Leaving safepoint region
[2019-12-09T04:03:53.285+0000][1][safepoint    ] Total time for which application threads were stopped: 0.0000921 seconds, Stopping threads took: 0.0000217 seconds
[2019-12-09T04:03:54.285+0000][1][safepoint    ] Application time: 1.0000769 seconds
[2019-12-09T04:03:54.285+0000][1][safepoint    ] Entering safepoint region: Cleanup
[2019-12-09T04:03:54.285+0000][1][safepoint    ] Leaving safepoint region
[2019-12-09T04:03:54.285+0000][1][safepoint    ] Total time for which application threads were stopped: 0.0001030 seconds, Stopping threads took: 0.0000194 seconds
[2019-12-09T04:03:55.285+0000][1][safepoint    ] Application time: 1.0000799 seconds
[2019-12-09T04:03:55.285+0000][1][safepoint    ] Entering safepoint region: Cleanup
[2019-12-09T04:03:55.285+0000][1][safepoint    ] Leaving safepoint region
[2019-12-09T04:03:55.285+0000][1][safepoint    ] Total time for which application threads were stopped: 0.0000886 seconds, Stopping threads took: 0.0000192 seconds
[2019-12-09T04:03:56.285+0000][1][safepoint    ] Application time: 1.0000814 seconds
[2019-12-09T04:03:56.285+0000][1][safepoint    ] Entering safepoint region: Cleanup
[2019-12-09T04:03:56.285+0000][1][safepoint    ] Leaving safepoint region
[2019-12-09T04:03:56.285+0000][1][safepoint    ] Total time for which application threads were stopped: 0.0000876 seconds, Stopping threads took: 0.0000187 seconds
[2019-12-09T04:03:57.285+0000][1][safepoint    ] Application time: 1.0000795 seconds
[2019-12-09T04:03:57.285+0000][1][safepoint    ] Entering safepoint region: Cleanup
[2019-12-09T04:03:57.286+0000][1][safepoint    ] Leaving safepoint region
[2019-12-09T04:03:57.286+0000][1][safepoint    ] Total time for which application threads were stopped: 0.0000864 seconds, Stopping threads took: 0.0000193 seconds
[2019-12-09T04:03:58.286+0000][1][safepoint    ] Application time: 1.0000788 seconds
[2019-12-09T04:03:58.286+0000][1][safepoint    ] Entering safepoint region: Cleanup
[2019-12-09T04:03:58.286+0000][1][safepoint    ] Leaving safepoint region
[2019-12-09T04:03:58.286+0000][1][safepoint    ] Total time for which application threads were stopped: 0.0000985 seconds, Stopping threads took: 0.0000187 seconds
[2019-12-09T04:03:59.286+0000][1][safepoint    ] Application time: 1.0000794 seconds
[2019-12-09T04:03:59.286+0000][1][safepoint    ] Entering safepoint region: Cleanup
[2019-12-09T04:03:59.286+0000][1][safepoint    ] Leaving safepoint region
[2019-12-09T04:03:59.286+0000][1][safepoint    ] Total time for which application threads were stopped: 0.0000865 seconds, Stopping threads took: 0.0000193 seconds
[2019-12-09T04:04:00.286+0000][1][safepoint    ] Application time: 1.0000762 seconds
[2019-12-09T04:04:00.286+0000][1][safepoint    ] Entering safepoint region: Cleanup
[2019-12-09T04:04:00.286+0000][1][safepoint    ] Leaving safepoint region
[2019-12-09T04:04:00.286+0000][1][safepoint    ] Total time for which application threads were stopped: 0.0000900 seconds, Stopping threads took: 0.0000202 seconds
[2019-12-09T04:04:01.286+0000][1][safepoint    ] Application time: 1.0000792 seconds
[2019-12-09T04:04:01.286+0000][1][safepoint    ] Entering safepoint region: Cleanup
[2019-12-09T04:04:01.286+0000][1][safepoint    ] Leaving safepoint region
[2019-12-09T04:04:01.286+0000][1][safepoint    ] Total time for which application threads were stopped: 0.0000890 seconds, Stopping threads took: 0.0000201 seconds
[2019-12-09T04:04:02.286+0000][1][safepoint    ] Application time: 1.0000798 seconds
[2019-12-09T04:04:02.287+0000][1][safepoint    ] Entering safepoint region: Cleanup
[2019-12-09T04:04:02.287+0000][1][safepoint    ] Leaving safepoint region
[2019-12-09T04:04:02.287+0000][1][safepoint    ] Total time for which application threads were stopped: 0.0000895 seconds, Stopping threads took: 0.0000195 seconds
[2019-12-09T04:04:03.287+0000][1][safepoint    ] Application time: 1.0000893 seconds
[2019-12-09T04:04:03.287+0000][1][safepoint    ] Entering safepoint region: Cleanup
[2019-12-09T04:04:03.287+0000][1][safepoint    ] Leaving safepoint region
[2019-12-09T04:04:03.287+0000][1][safepoint    ] Total time for which application threads were stopped: 0.0000883 seconds, Stopping threads took: 0.0000174 seconds
[2019-12-09T04:04:04.287+0000][1][safepoint    ] Application time: 1.0000765 seconds
[2019-12-09T04:04:04.287+0000][1][safepoint    ] Entering safepoint region: Cleanup
[2019-12-09T04:04:04.287+0000][1][safepoint    ] Leaving safepoint region
[2019-12-09T04:04:04.287+0000][1][safepoint    ] Total time for which application threads were stopped: 0.0000879 seconds, Stopping threads took: 0.0000197 seconds
[2019-12-09T04:04:05.287+0000][1][safepoint    ] Application time: 1.0000776 seconds
[2019-12-09T04:04:05.287+0000][1][safepoint    ] Entering safepoint region: Cleanup
[2019-12-09T04:04:05.287+0000][1][safepoint    ] Leaving safepoint region
[2019-12-09T04:04:05.287+0000][1][safepoint    ] Total time for which application threads were stopped: 0.0000867 seconds, Stopping threads took: 0.0000198 seconds
[2019-12-09T04:04:06.287+0000][1][safepoint    ] Application time: 1.0000773 seconds
[2019-12-09T04:04:06.287+0000][1][safepoint    ] Entering safepoint region: Cleanup
[2019-12-09T04:04:06.287+0000][1][safepoint    ] Leaving safepoint region
[2019-12-09T04:04:06.287+0000][1][safepoint    ] Total time for which application threads were stopped: 0.0000872 seconds, Stopping threads took: 0.0000195 seconds
[2019-12-09T04:04:07.288+0000][1][safepoint    ] Application time: 1.0000815 seconds
[2019-12-09T04:04:07.288+0000][1][safepoint    ] Entering safepoint region: Cleanup
[2019-12-09T04:04:07.288+0000][1][safepoint    ] Leaving safepoint region
[2019-12-09T04:04:07.288+0000][1][safepoint    ] Total time for which application threads were stopped: 0.0000833 seconds, Stopping threads took: 0.0000181 seconds
[2019-12-09T04:04:08.288+0000][1][safepoint    ] Application time: 1.0000815 seconds
[2019-12-09T04:04:08.288+0000][1][safepoint    ] Entering safepoint region: Cleanup
[2019-12-09T04:04:08.288+0000][1][safepoint    ] Leaving safepoint region
[2019-12-09T04:04:08.288+0000][1][safepoint    ] Total time for which application threads were stopped: 0.0000885 seconds, Stopping threads took: 0.0000198 seconds
[2019-12-09T04:04:09.288+0000][1][safepoint    ] Application time: 1.0000817 seconds
[2019-12-09T04:04:09.288+0000][1][safepoint    ] Entering safepoint region: Cleanup
[2019-12-09T04:04:09.288+0000][1][safepoint    ] Leaving safepoint region
[2019-12-09T04:04:09.288+0000][1][safepoint    ] Total time for which application threads were stopped: 0.0000876 seconds, Stopping threads took: 0.0000213 seconds
[2019-12-09T04:04:10.288+0000][1][safepoint    ] Application time: 1.0000821 seconds
[2019-12-09T04:04:10.288+0000][1][safepoint    ] Entering safepoint region: Cleanup
[2019-12-09T04:04:10.288+0000][1][safepoint    ] Leaving safepoint region
[2019-12-09T04:04:10.288+0000][1][safepoint    ] Total time for which application threads were stopped: 0.0000868 seconds, Stopping threads took: 0.0000198 seconds
[2019-12-09T04:04:11.288+0000][1][safepoint    ] Application time: 1.0000803 seconds
[2019-12-09T04:04:11.288+0000][1][safepoint    ] Entering safepoint region: Cleanup
[2019-12-09T04:04:11.288+0000][1][safepoint    ] Leaving safepoint region
[2019-12-09T04:04:11.288+0000][1][safepoint    ] Total time for which application threads were stopped: 0.0000845 seconds, Stopping threads took: 0.0000189 seconds
[2019-12-09T04:04:12.289+0000][1][safepoint    ] Application time: 1.0000788 seconds
[2019-12-09T04:04:12.289+0000][1][safepoint    ] Entering safepoint region: Cleanup
[2019-12-09T04:04:12.289+0000][1][safepoint    ] Leaving safepoint region
[2019-12-09T04:04:12.289+0000][1][safepoint    ] Total time for which application threads were stopped: 0.0000983 seconds, Stopping threads took: 0.0000177 seconds
[2019-12-09T04:04:13.289+0000][1][safepoint    ] Application time: 1.0000776 seconds
[2019-12-09T04:04:13.289+0000][1][safepoint    ] Entering safepoint region: Cleanup
[2019-12-09T04:04:13.289+0000][1][safepoint    ] Leaving safepoint region
[2019-12-09T04:04:13.289+0000][1][safepoint    ] Total time for which application threads were stopped: 0.0000868 seconds, Stopping threads took: 0.0000194 seconds
[2019-12-09T04:04:14.289+0000][1][safepoint    ] Application time: 1.0000801 seconds
[2019-12-09T04:04:14.289+0000][1][safepoint    ] Entering safepoint region: Cleanup
[2019-12-09T04:04:14.289+0000][1][safepoint    ] Leaving safepoint region
[2019-12-09T04:04:14.289+0000][1][safepoint    ] Total time for which application threads were stopped: 0.0000872 seconds, Stopping threads took: 0.0000194 seconds
[2019-12-09T04:04:15.289+0000][1][safepoint    ] Application time: 1.0000789 seconds
[2019-12-09T04:04:15.289+0000][1][safepoint    ] Entering safepoint region: Cleanup
[2019-12-09T04:04:15.289+0000][1][safepoint    ] Leaving safepoint region
[2019-12-09T04:04:15.289+0000][1][safepoint    ] Total time for which application threads were stopped: 0.0000868 seconds, Stopping threads took: 0.0000185 seconds
[2019-12-09T04:04:16.289+0000][1][safepoint    ] Application time: 1.0000784 seconds
[2019-12-09T04:04:16.289+0000][1][safepoint    ] Entering safepoint region: Cleanup
[2019-12-09T04:04:16.290+0000][1][safepoint    ] Leaving safepoint region
[2019-12-09T04:04:16.290+0000][1][safepoint    ] Total time for which application threads were stopped: 0.0000957 seconds, Stopping threads took: 0.0000281 seconds
[2019-12-09T04:04:17.290+0000][1][safepoint    ] Application time: 1.0000787 seconds
[2019-12-09T04:04:17.290+0000][1][safepoint    ] Entering safepoint region: Cleanup
[2019-12-09T04:04:17.290+0000][1][safepoint    ] Leaving safepoint region
[2019-12-09T04:04:17.290+0000][1][safepoint    ] Total time for which application threads were stopped: 0.0000854 seconds, Stopping threads took: 0.0000188 seconds
[2019-12-09T04:04:18.290+0000][1][safepoint    ] Application time: 1.0000754 seconds
[2019-12-09T04:04:18.290+0000][1][safepoint    ] Entering safepoint region: Cleanup
[2019-12-09T04:04:18.290+0000][1][safepoint    ] Leaving safepoint region
[2019-12-09T04:04:18.290+0000][1][safepoint    ] Total time for which application threads were stopped: 0.0000832 seconds, Stopping threads took: 0.0000160 seconds
[2019-12-09T04:04:19.290+0000][1][safepoint    ] Application time: 1.0000775 seconds
[2019-12-09T04:04:19.290+0000][1][safepoint    ] Entering safepoint region: Cleanup
[2019-12-09T04:04:19.290+0000][1][safepoint    ] Leaving safepoint region
[2019-12-09T04:04:19.290+0000][1][safepoint    ] Total time for which application threads were stopped: 0.0000842 seconds, Stopping threads took: 0.0000182 seconds
[2019-12-09T04:04:20.290+0000][1][safepoint    ] Application time: 1.0000753 seconds
[2019-12-09T04:04:20.290+0000][1][safepoint    ] Entering safepoint region: Cleanup
[2019-12-09T04:04:20.290+0000][1][safepoint    ] Leaving safepoint region
[2019-12-09T04:04:20.290+0000][1][safepoint    ] Total time for which application threads were stopped: 0.0000885 seconds, Stopping threads took: 0.0000187 seconds
[2019-12-09T04:04:21.290+0000][1][safepoint    ] Application time: 1.0000762 seconds
[2019-12-09T04:04:21.291+0000][1][safepoint    ] Entering safepoint region: Cleanup
[2019-12-09T04:04:21.291+0000][1][safepoint    ] Leaving safepoint region
[2019-12-09T04:04:21.291+0000][1][safepoint    ] Total time for which application threads were stopped: 0.0000854 seconds, Stopping threads took: 0.0000159 seconds
[2019-12-09T04:04:22.291+0000][1][safepoint    ] Application time: 1.0000860 seconds
[2019-12-09T04:04:22.291+0000][1][safepoint    ] Entering safepoint region: Cleanup
[2019-12-09T04:04:22.291+0000][1][safepoint    ] Leaving safepoint region
[2019-12-09T04:04:22.291+0000][1][safepoint    ] Total time for which application threads were stopped: 0.0000862 seconds, Stopping threads took: 0.0000182 seconds
[2019-12-09T04:04:23.291+0000][1][safepoint    ] Application time: 1.0000763 seconds
[2019-12-09T04:04:23.291+0000][1][safepoint    ] Entering safepoint region: Cleanup
[2019-12-09T04:04:23.291+0000][1][safepoint    ] Leaving safepoint region
[2019-12-09T04:04:23.291+0000][1][safepoint    ] Total time for which application threads were stopped: 0.0000875 seconds, Stopping threads took: 0.0000180 seconds
[2019-12-09T04:04:24.291+0000][1][safepoint    ] Application time: 1.0000774 seconds
[2019-12-09T04:04:24.291+0000][1][safepoint    ] Entering safepoint region: Cleanup
[2019-12-09T04:04:24.291+0000][1][safepoint    ] Leaving safepoint region
[2019-12-09T04:04:24.291+0000][1][safepoint    ] Total time for which application threads were stopped: 0.0000946 seconds, Stopping threads took: 0.0000202 seconds
[2019-12-09T04:04:25.291+0000][1][safepoint    ] Application time: 1.0000780 seconds
[2019-12-09T04:04:25.291+0000][1][safepoint    ] Entering safepoint region: Cleanup
[2019-12-09T04:04:25.291+0000][1][safepoint    ] Leaving safepoint region
[2019-12-09T04:04:25.291+0000][1][safepoint    ] Total time for which application threads were stopped: 0.0000870 seconds, Stopping threads took: 0.0000199 seconds
[2019-12-09T04:04:26.292+0000][1][safepoint    ] Application time: 1.0000769 seconds
[2019-12-09T04:04:26.292+0000][1][safepoint    ] Entering safepoint region: Cleanup
[2019-12-09T04:04:26.292+0000][1][safepoint    ] Leaving safepoint region
[2019-12-09T04:04:26.292+0000][1][safepoint    ] Total time for which application threads were stopped: 0.0000898 seconds, Stopping threads took: 0.0000199 seconds
[2019-12-09T04:04:27.292+0000][1][safepoint    ] Application time: 1.0000868 seconds
[2019-12-09T04:04:27.292+0000][1][safepoint    ] Entering safepoint region: Cleanup
[2019-12-09T04:04:27.292+0000][1][safepoint    ] Leaving safepoint region
[2019-12-09T04:04:27.292+0000][1][safepoint    ] Total time for which application threads were stopped: 0.0000860 seconds, Stopping threads took: 0.0000182 seconds
[2019-12-09T04:04:28.292+0000][1][safepoint    ] Application time: 1.0000762 seconds
[2019-12-09T04:04:28.292+0000][1][safepoint    ] Entering safepoint region: Cleanup
[2019-12-09T04:04:28.292+0000][1][safepoint    ] Leaving safepoint region
[2019-12-09T04:04:28.292+0000][1][safepoint    ] Total time for which application threads were stopped: 0.0000876 seconds, Stopping threads took: 0.0000198 seconds
[2019-12-09T04:04:29.292+0000][1][safepoint    ] Application time: 1.0000761 seconds
[2019-12-09T04:04:29.292+0000][1][safepoint    ] Entering safepoint region: Cleanup
[2019-12-09T04:04:29.292+0000][1][safepoint    ] Leaving safepoint region
[2019-12-09T04:04:29.292+0000][1][safepoint    ] Total time for which application threads were stopped: 0.0000865 seconds, Stopping threads took: 0.0000196 seconds
[2019-12-09T04:04:30.292+0000][1][safepoint    ] Application time: 1.0000770 seconds
[2019-12-09T04:04:30.292+0000][1][safepoint    ] Entering safepoint region: Cleanup
[2019-12-09T04:04:30.293+0000][1][safepoint    ] Leaving safepoint region
[2019-12-09T04:04:30.293+0000][1][safepoint    ] Total time for which application threads were stopped: 0.0000897 seconds, Stopping threads took: 0.0000211 seconds
[2019-12-09T04:04:31.293+0000][1][safepoint    ] Application time: 1.0000771 seconds
[2019-12-09T04:04:31.293+0000][1][safepoint    ] Entering safepoint region: Cleanup
[2019-12-09T04:04:31.293+0000][1][safepoint    ] Leaving safepoint region
[2019-12-09T04:04:31.293+0000][1][safepoint    ] Total time for which application threads were stopped: 0.0000985 seconds, Stopping threads took: 0.0000193 seconds
[2019-12-09T04:04:32.293+0000][1][safepoint    ] Application time: 1.0000771 seconds
[2019-12-09T04:04:32.293+0000][1][safepoint    ] Entering safepoint region: Cleanup
[2019-12-09T04:04:32.293+0000][1][safepoint    ] Leaving safepoint region
[2019-12-09T04:04:32.293+0000][1][safepoint    ] Total time for which application threads were stopped: 0.0000864 seconds, Stopping threads took: 0.0000177 seconds
[2019-12-09T04:04:33.293+0000][1][safepoint    ] Application time: 1.0000777 seconds
[2019-12-09T04:04:33.293+0000][1][safepoint    ] Entering safepoint region: Cleanup
[2019-12-09T04:04:33.293+0000][1][safepoint    ] Leaving safepoint region
[2019-12-09T04:04:33.293+0000][1][safepoint    ] Total time for which application threads were stopped: 0.0000850 seconds, Stopping threads took: 0.0000184 seconds
[2019-12-09T04:04:34.293+0000][1][safepoint    ] Application time: 1.0000774 seconds
[2019-12-09T04:04:34.293+0000][1][safepoint    ] Entering safepoint region: Cleanup
[2019-12-09T04:04:34.293+0000][1][safepoint    ] Leaving safepoint region
[2019-12-09T04:04:34.293+0000][1][safepoint    ] Total time for which application threads were stopped: 0.0000900 seconds, Stopping threads took: 0.0000211 seconds
[2019-12-09T04:04:35.293+0000][1][safepoint    ] Application time: 1.0000782 seconds
[2019-12-09T04:04:35.293+0000][1][safepoint    ] Entering safepoint region: Cleanup
[2019-12-09T04:04:35.294+0000][1][safepoint    ] Leaving safepoint region
[2019-12-09T04:04:35.294+0000][1][safepoint    ] Total time for which application threads were stopped: 0.0000888 seconds, Stopping threads took: 0.0000198 seconds
[2019-12-09T04:04:36.294+0000][1][safepoint    ] Application time: 1.0000790 seconds
[2019-12-09T04:04:36.294+0000][1][safepoint    ] Entering safepoint region: Cleanup
[2019-12-09T04:04:36.294+0000][1][safepoint    ] Leaving safepoint region
[2019-12-09T04:04:36.294+0000][1][safepoint    ] Total time for which application threads were stopped: 0.0000906 seconds, Stopping threads took: 0.0000206 seconds
[2019-12-09T04:04:37.294+0000][1][safepoint    ] Application time: 1.0000778 seconds
[2019-12-09T04:04:37.294+0000][1][safepoint    ] Entering safepoint region: Cleanup
[2019-12-09T04:04:37.294+0000][1][safepoint    ] Leaving safepoint region
[2019-12-09T04:04:37.294+0000][1][safepoint    ] Total time for which application threads were stopped: 0.0000875 seconds, Stopping threads took: 0.0000184 seconds
[2019-12-09T04:04:38.294+0000][1][safepoint    ] Application time: 1.0000768 seconds
[2019-12-09T04:04:38.294+0000][1][safepoint    ] Entering safepoint region: Cleanup
[2019-12-09T04:04:38.294+0000][1][safepoint    ] Leaving safepoint region
[2019-12-09T04:04:38.294+0000][1][safepoint    ] Total time for which application threads were stopped: 0.0000885 seconds, Stopping threads took: 0.0000188 seconds
[2019-12-09T04:04:39.294+0000][1][safepoint    ] Application time: 1.0000763 seconds
[2019-12-09T04:04:39.294+0000][1][safepoint    ] Entering safepoint region: Cleanup
[2019-12-09T04:04:39.294+0000][1][safepoint    ] Leaving safepoint region
[2019-12-09T04:04:39.294+0000][1][safepoint    ] Total time for which application threads were stopped: 0.0000870 seconds, Stopping threads took: 0.0000209 seconds
[2019-12-09T04:04:40.295+0000][1][safepoint    ] Application time: 1.0000779 seconds
[2019-12-09T04:04:40.295+0000][1][safepoint    ] Entering safepoint region: Cleanup
[2019-12-09T04:04:40.295+0000][1][safepoint    ] Leaving safepoint region
[2019-12-09T04:04:40.295+0000][1][safepoint    ] Total time for which application threads were stopped: 0.0000928 seconds, Stopping threads took: 0.0000212 seconds
[2019-12-09T04:04:41.295+0000][1][safepoint    ] Application time: 1.0000759 seconds
[2019-12-09T04:04:41.295+0000][1][safepoint    ] Entering safepoint region: Cleanup
[2019-12-09T04:04:41.295+0000][1][safepoint    ] Leaving safepoint region
[2019-12-09T04:04:41.295+0000][1][safepoint    ] Total time for which application threads were stopped: 0.0000893 seconds, Stopping threads took: 0.0000199 seconds
[2019-12-09T04:04:42.295+0000][1][safepoint    ] Application time: 1.0000777 seconds
[2019-12-09T04:04:42.295+0000][1][safepoint    ] Entering safepoint region: Cleanup
[2019-12-09T04:04:42.295+0000][1][safepoint    ] Leaving safepoint region
[2019-12-09T04:04:42.295+0000][1][safepoint    ] Total time for which application threads were stopped: 0.0000862 seconds, Stopping threads took: 0.0000193 seconds
[2019-12-09T04:04:43.295+0000][1][safepoint    ] Application time: 1.0000765 seconds
[2019-12-09T04:04:43.295+0000][1][safepoint    ] Entering safepoint region: Cleanup
[2019-12-09T04:04:43.295+0000][1][safepoint    ] Leaving safepoint region
[2019-12-09T04:04:43.295+0000][1][safepoint    ] Total time for which application threads were stopped: 0.0000844 seconds, Stopping threads took: 0.0000189 seconds
[2019-12-09T04:04:44.295+0000][1][safepoint    ] Application time: 1.0000766 seconds
[2019-12-09T04:04:44.295+0000][1][safepoint    ] Entering safepoint region: Cleanup
[2019-12-09T04:04:44.295+0000][1][safepoint    ] Leaving safepoint region
[2019-12-09T04:04:44.295+0000][1][safepoint    ] Total time for which application threads were stopped: 0.0000867 seconds, Stopping threads took: 0.0000196 seconds
[2019-12-09T04:04:45.296+0000][1][safepoint    ] Application time: 1.0000801 seconds
[2019-12-09T04:04:45.296+0000][1][safepoint    ] Entering safepoint region: Cleanup
[2019-12-09T04:04:45.296+0000][1][safepoint    ] Leaving safepoint region
[2019-12-09T04:04:45.296+0000][1][safepoint    ] Total time for which application threads were stopped: 0.0001019 seconds, Stopping threads took: 0.0000202 seconds
[2019-12-09T04:04:46.296+0000][1][safepoint    ] Application time: 1.0000782 seconds
[2019-12-09T04:04:46.296+0000][1][safepoint    ] Entering safepoint region: Cleanup
[2019-12-09T04:04:46.296+0000][1][safepoint    ] Leaving safepoint region
[2019-12-09T04:04:46.296+0000][1][safepoint    ] Total time for which application threads were stopped: 0.0000951 seconds, Stopping threads took: 0.0000283 seconds
[2019-12-09T04:04:47.296+0000][1][safepoint    ] Application time: 1.0000799 seconds
[2019-12-09T04:04:47.296+0000][1][safepoint    ] Entering safepoint region: Cleanup
[2019-12-09T04:04:47.296+0000][1][safepoint    ] Leaving safepoint region
[2019-12-09T04:04:47.296+0000][1][safepoint    ] Total time for which application threads were stopped: 0.0000842 seconds, Stopping threads took: 0.0000178 seconds
[2019-12-09T04:04:48.296+0000][1][safepoint    ] Application time: 1.0000766 seconds
[2019-12-09T04:04:48.296+0000][1][safepoint    ] Entering safepoint region: Cleanup
[2019-12-09T04:04:48.296+0000][1][safepoint    ] Leaving safepoint region
[2019-12-09T04:04:48.296+0000][1][safepoint    ] Total time for which application threads were stopped: 0.0000887 seconds, Stopping threads took: 0.0000223 seconds
[2019-12-09T04:04:49.296+0000][1][safepoint    ] Application time: 1.0000772 seconds
[2019-12-09T04:04:49.296+0000][1][safepoint    ] Entering safepoint region: Cleanup
[2019-12-09T04:04:49.297+0000][1][safepoint    ] Leaving safepoint region
[2019-12-09T04:04:49.297+0000][1][safepoint    ] Total time for which application threads were stopped: 0.0000851 seconds, Stopping threads took: 0.0000191 seconds
[2019-12-09T04:04:50.297+0000][1][safepoint    ] Application time: 1.0000832 seconds
[2019-12-09T04:04:50.297+0000][1][safepoint    ] Entering safepoint region: Cleanup
[2019-12-09T04:04:50.297+0000][1][safepoint    ] Leaving safepoint region
[2019-12-09T04:04:50.297+0000][1][safepoint    ] Total time for which application threads were stopped: 0.0001004 seconds, Stopping threads took: 0.0000316 seconds
[2019-12-09T04:04:51.297+0000][1][safepoint    ] Application time: 1.0000784 seconds
[2019-12-09T04:04:51.297+0000][1][safepoint    ] Entering safepoint region: Cleanup
[2019-12-09T04:04:51.297+0000][1][safepoint    ] Leaving safepoint region
[2019-12-09T04:04:51.297+0000][1][safepoint    ] Total time for which application threads were stopped: 0.0000900 seconds, Stopping threads took: 0.0000211 seconds
[2019-12-09T04:04:52.297+0000][1][safepoint    ] Application time: 1.0000764 seconds
[2019-12-09T04:04:52.297+0000][1][safepoint    ] Entering safepoint region: Cleanup
[2019-12-09T04:04:52.297+0000][1][safepoint    ] Leaving safepoint region
[2019-12-09T04:04:52.297+0000][1][safepoint    ] Total time for which application threads were stopped: 0.0000900 seconds, Stopping threads took: 0.0000211 seconds
[2019-12-09T04:04:53.297+0000][1][safepoint    ] Application time: 1.0000761 seconds
[2019-12-09T04:04:53.297+0000][1][safepoint    ] Entering safepoint region: Cleanup
[2019-12-09T04:04:53.297+0000][1][safepoint    ] Leaving safepoint region
[2019-12-09T04:04:53.297+0000][1][safepoint    ] Total time for which application threads were stopped: 0.0000848 seconds, Stopping threads took: 0.0000183 seconds
[2019-12-09T04:04:54.297+0000][1][safepoint    ] Application time: 1.0000764 seconds
[2019-12-09T04:04:54.298+0000][1][safepoint    ] Entering safepoint region: Cleanup
[2019-12-09T04:04:54.298+0000][1][safepoint    ] Leaving safepoint region
[2019-12-09T04:04:54.298+0000][1][safepoint    ] Total time for which application threads were stopped: 0.0000916 seconds, Stopping threads took: 0.0000213 seconds
[2019-12-09T04:04:55.298+0000][1][safepoint    ] Application time: 1.0000771 seconds
[2019-12-09T04:04:55.298+0000][1][safepoint    ] Entering safepoint region: Cleanup
[2019-12-09T04:04:55.298+0000][1][safepoint    ] Leaving safepoint region
[2019-12-09T04:04:55.298+0000][1][safepoint    ] Total time for which application threads were stopped: 0.0000873 seconds, Stopping threads took: 0.0000187 seconds
[2019-12-09T04:04:56.298+0000][1][safepoint    ] Application time: 1.0000777 seconds
[2019-12-09T04:04:56.298+0000][1][safepoint    ] Entering safepoint region: Cleanup
[2019-12-09T04:04:56.298+0000][1][safepoint    ] Leaving safepoint region
[2019-12-09T04:04:56.298+0000][1][safepoint    ] Total time for which application threads were stopped: 0.0000870 seconds, Stopping threads took: 0.0000218 seconds
[2019-12-09T04:04:57.298+0000][1][safepoint    ] Application time: 1.0000784 seconds
[2019-12-09T04:04:57.298+0000][1][safepoint    ] Entering safepoint region: Cleanup
[2019-12-09T04:04:57.298+0000][1][safepoint    ] Leaving safepoint region
[2019-12-09T04:04:57.298+0000][1][safepoint    ] Total time for which application threads were stopped: 0.0000896 seconds, Stopping threads took: 0.0000185 seconds
[2019-12-09T04:04:58.298+0000][1][safepoint    ] Application time: 1.0000772 seconds
[2019-12-09T04:04:58.298+0000][1][safepoint    ] Entering safepoint region: Cleanup
[2019-12-09T04:04:58.298+0000][1][safepoint    ] Leaving safepoint region
[2019-12-09T04:04:58.298+0000][1][safepoint    ] Total time for which application threads were stopped: 0.0000854 seconds, Stopping threads took: 0.0000184 seconds
[2019-12-09T04:04:59.299+0000][1][safepoint    ] Application time: 1.0000745 seconds
[2019-12-09T04:04:59.299+0000][1][safepoint    ] Entering safepoint region: Cleanup
[2019-12-09T04:04:59.299+0000][1][safepoint    ] Leaving safepoint region
[2019-12-09T04:04:59.299+0000][1][safepoint    ] Total time for which application threads were stopped: 0.0001046 seconds, Stopping threads took: 0.0000184 seconds
[2019-12-09T04:05:00.299+0000][1][safepoint    ] Application time: 1.0000767 seconds
[2019-12-09T04:05:00.299+0000][1][safepoint    ] Entering safepoint region: Cleanup
[2019-12-09T04:05:00.299+0000][1][safepoint    ] Leaving safepoint region
[2019-12-09T04:05:00.299+0000][1][safepoint    ] Total time for which application threads were stopped: 0.0000869 seconds, Stopping threads took: 0.0000206 seconds
[2019-12-09T04:05:01.299+0000][1][safepoint    ] Application time: 1.0000813 seconds
[2019-12-09T04:05:01.299+0000][1][safepoint    ] Entering safepoint region: Cleanup
[2019-12-09T04:05:01.299+0000][1][safepoint    ] Leaving safepoint region
[2019-12-09T04:05:01.299+0000][1][safepoint    ] Total time for which application threads were stopped: 0.0000866 seconds, Stopping threads took: 0.0000205 seconds
[2019-12-09T04:05:02.299+0000][1][safepoint    ] Application time: 1.0000815 seconds
[2019-12-09T04:05:02.299+0000][1][safepoint    ] Entering safepoint region: Cleanup
[2019-12-09T04:05:02.299+0000][1][safepoint    ] Leaving safepoint region
[2019-12-09T04:05:02.299+0000][1][safepoint    ] Total time for which application threads were stopped: 0.0000843 seconds, Stopping threads took: 0.0000186 seconds
[2019-12-09T04:05:03.299+0000][1][safepoint    ] Application time: 1.0000793 seconds
[2019-12-09T04:05:03.299+0000][1][safepoint    ] Entering safepoint region: Cleanup
[2019-12-09T04:05:03.300+0000][1][safepoint    ] Leaving safepoint region
[2019-12-09T04:05:03.300+0000][1][safepoint    ] Total time for which application threads were stopped: 0.0000869 seconds, Stopping threads took: 0.0000195 seconds
[2019-12-09T04:05:04.300+0000][1][safepoint    ] Application time: 1.0000802 seconds
[2019-12-09T04:05:04.300+0000][1][safepoint    ] Entering safepoint region: Cleanup
[2019-12-09T04:05:04.300+0000][1][safepoint    ] Leaving safepoint region
[2019-12-09T04:05:04.300+0000][1][safepoint    ] Total time for which application threads were stopped: 0.0001034 seconds, Stopping threads took: 0.0000356 seconds
[2019-12-09T04:05:05.300+0000][1][safepoint    ] Application time: 1.0000814 seconds
[2019-12-09T04:05:05.300+0000][1][safepoint    ] Entering safepoint region: Cleanup
[2019-12-09T04:05:05.300+0000][1][safepoint    ] Leaving safepoint region
[2019-12-09T04:05:05.300+0000][1][safepoint    ] Total time for which application threads were stopped: 0.0000845 seconds, Stopping threads took: 0.0000194 seconds
[2019-12-09T04:05:06.300+0000][1][safepoint    ] Application time: 1.0000809 seconds
[2019-12-09T04:05:06.300+0000][1][safepoint    ] Entering safepoint region: Cleanup
[2019-12-09T04:05:06.300+0000][1][safepoint    ] Leaving safepoint region
[2019-12-09T04:05:06.300+0000][1][safepoint    ] Total time for which application threads were stopped: 0.0000863 seconds, Stopping threads took: 0.0000199 seconds
[2019-12-09T04:05:07.300+0000][1][safepoint    ] Application time: 1.0000783 seconds
[2019-12-09T04:05:07.300+0000][1][safepoint    ] Entering safepoint region: Cleanup
[2019-12-09T04:05:07.300+0000][1][safepoint    ] Leaving safepoint region
[2019-12-09T04:05:07.300+0000][1][safepoint    ] Total time for which application threads were stopped: 0.0000865 seconds, Stopping threads took: 0.0000195 seconds
[2019-12-09T04:05:08.300+0000][1][safepoint    ] Application time: 1.0000795 seconds
[2019-12-09T04:05:08.301+0000][1][safepoint    ] Entering safepoint region: Cleanup
[2019-12-09T04:05:08.301+0000][1][safepoint    ] Leaving safepoint region
[2019-12-09T04:05:08.301+0000][1][safepoint    ] Total time for which application threads were stopped: 0.0000888 seconds, Stopping threads took: 0.0000197 seconds
[2019-12-09T04:05:09.301+0000][1][safepoint    ] Application time: 1.0000797 seconds
[2019-12-09T04:05:09.301+0000][1][safepoint    ] Entering safepoint region: Cleanup
[2019-12-09T04:05:09.301+0000][1][safepoint    ] Leaving safepoint region
[2019-12-09T04:05:09.301+0000][1][safepoint    ] Total time for which application threads were stopped: 0.0000882 seconds, Stopping threads took: 0.0000199 seconds
[2019-12-09T04:05:10.301+0000][1][safepoint    ] Application time: 1.0000795 seconds
[2019-12-09T04:05:10.301+0000][1][safepoint    ] Entering safepoint region: Cleanup
[2019-12-09T04:05:10.301+0000][1][safepoint    ] Leaving safepoint region
[2019-12-09T04:05:10.301+0000][1][safepoint    ] Total time for which application threads were stopped: 0.0000870 seconds, Stopping threads took: 0.0000202 seconds
[2019-12-09T04:05:11.301+0000][1][safepoint    ] Application time: 1.0000774 seconds
[2019-12-09T04:05:11.301+0000][1][safepoint    ] Entering safepoint region: Cleanup
[2019-12-09T04:05:11.301+0000][1][safepoint    ] Leaving safepoint region
[2019-12-09T04:05:11.301+0000][1][safepoint    ] Total time for which application threads were stopped: 0.0000848 seconds, Stopping threads took: 0.0000186 seconds
[2019-12-09T04:05:12.301+0000][1][safepoint    ] Application time: 1.0000798 seconds
[2019-12-09T04:05:12.301+0000][1][safepoint    ] Entering safepoint region: Cleanup
[2019-12-09T04:05:12.301+0000][1][safepoint    ] Leaving safepoint region
[2019-12-09T04:05:12.301+0000][1][safepoint    ] Total time for which application threads were stopped: 0.0000866 seconds, Stopping threads took: 0.0000198 seconds
[2019-12-09T04:05:13.302+0000][1][safepoint    ] Application time: 1.0000773 seconds
[2019-12-09T04:05:13.302+0000][1][safepoint    ] Entering safepoint region: Cleanup
[2019-12-09T04:05:13.302+0000][1][safepoint    ] Leaving safepoint region
[2019-12-09T04:05:13.302+0000][1][safepoint    ] Total time for which application threads were stopped: 0.0001042 seconds, Stopping threads took: 0.0000302 seconds
[2019-12-09T04:05:14.302+0000][1][safepoint    ] Application time: 1.0000767 seconds
[2019-12-09T04:05:14.302+0000][1][safepoint    ] Entering safepoint region: Cleanup
[2019-12-09T04:05:14.302+0000][1][safepoint    ] Leaving safepoint region
[2019-12-09T04:05:14.302+0000][1][safepoint    ] Total time for which application threads were stopped: 0.0000878 seconds, Stopping threads took: 0.0000201 seconds
[2019-12-09T04:05:15.302+0000][1][safepoint    ] Application time: 1.0000770 seconds
[2019-12-09T04:05:15.302+0000][1][safepoint    ] Entering safepoint region: Cleanup
[2019-12-09T04:05:15.302+0000][1][safepoint    ] Leaving safepoint region
[2019-12-09T04:05:15.302+0000][1][safepoint    ] Total time for which application threads were stopped: 0.0000949 seconds, Stopping threads took: 0.0000197 seconds
[2019-12-09T04:05:16.302+0000][1][safepoint    ] Application time: 1.0000783 seconds
[2019-12-09T04:05:16.302+0000][1][safepoint    ] Entering safepoint region: Cleanup
[2019-12-09T04:05:16.302+0000][1][safepoint    ] Leaving safepoint region
[2019-12-09T04:05:16.302+0000][1][safepoint    ] Total time for which application threads were stopped: 0.0000952 seconds, Stopping threads took: 0.0000280 seconds
[2019-12-09T04:05:17.302+0000][1][safepoint    ] Application time: 1.0000779 seconds
[2019-12-09T04:05:17.302+0000][1][safepoint    ] Entering safepoint region: Cleanup
[2019-12-09T04:05:17.303+0000][1][safepoint    ] Leaving safepoint region
[2019-12-09T04:05:17.303+0000][1][safepoint    ] Total time for which application threads were stopped: 0.0000860 seconds, Stopping threads took: 0.0000188 seconds
[2019-12-09T04:05:18.303+0000][1][safepoint    ] Application time: 1.0000770 seconds
[2019-12-09T04:05:18.303+0000][1][safepoint    ] Entering safepoint region: Cleanup
[2019-12-09T04:05:18.303+0000][1][safepoint    ] Leaving safepoint region
[2019-12-09T04:05:18.303+0000][1][safepoint    ] Total time for which application threads were stopped: 0.0000950 seconds, Stopping threads took: 0.0000185 seconds
[2019-12-09T04:05:19.303+0000][1][safepoint    ] Application time: 1.0000769 seconds
[2019-12-09T04:05:19.303+0000][1][safepoint    ] Entering safepoint region: Cleanup
[2019-12-09T04:05:19.303+0000][1][safepoint    ] Leaving safepoint region
[2019-12-09T04:05:19.303+0000][1][safepoint    ] Total time for which application threads were stopped: 0.0000849 seconds, Stopping threads took: 0.0000194 seconds
[2019-12-09T04:05:20.303+0000][1][safepoint    ] Application time: 1.0000782 seconds
[2019-12-09T04:05:20.303+0000][1][safepoint    ] Entering safepoint region: Cleanup
[2019-12-09T04:05:20.303+0000][1][safepoint    ] Leaving safepoint region
[2019-12-09T04:05:20.303+0000][1][safepoint    ] Total time for which application threads were stopped: 0.0000901 seconds, Stopping threads took: 0.0000196 seconds
[2019-12-09T04:05:21.303+0000][1][safepoint    ] Application time: 1.0000761 seconds
[2019-12-09T04:05:21.303+0000][1][safepoint    ] Entering safepoint region: Cleanup
[2019-12-09T04:05:21.303+0000][1][safepoint    ] Leaving safepoint region
[2019-12-09T04:05:21.303+0000][1][safepoint    ] Total time for which application threads were stopped: 0.0000875 seconds, Stopping threads took: 0.0000183 seconds
[2019-12-09T04:05:21.832+0000][1][safepoint    ] Application time: 0.5291154 seconds
[2019-12-09T04:05:21.833+0000][1][safepoint    ] Entering safepoint region: GenCollectForAllocation
[2019-12-09T04:05:21.833+0000][1][gc,start     ] GC(54) Pause Young (Allocation Failure)
[2019-12-09T04:05:21.833+0000][1][gc,task      ] GC(54) Using 2 workers of 2 for evacuation
[2019-12-09T04:05:21.835+0000][1][gc,age       ] GC(54) Desired survivor size 4456448 bytes, new threshold 6 (max threshold 6)
[2019-12-09T04:05:21.835+0000][1][gc,age       ] GC(54) Age table with threshold 6 (max threshold 6)
[2019-12-09T04:05:21.835+0000][1][gc,age       ] GC(54) - age   1:      12952 bytes,      12952 total
[2019-12-09T04:05:21.835+0000][1][gc,age       ] GC(54) - age   2:       3048 bytes,      16000 total
[2019-12-09T04:05:21.835+0000][1][gc,age       ] GC(54) - age   3:        992 bytes,      16992 total
[2019-12-09T04:05:21.835+0000][1][gc,age       ] GC(54) - age   4:       4992 bytes,      21984 total
[2019-12-09T04:05:21.835+0000][1][gc,age       ] GC(54) - age   5:     125648 bytes,     147632 total
[2019-12-09T04:05:21.835+0000][1][gc,age       ] GC(54) - age   6:       7216 bytes,     154848 total
[2019-12-09T04:05:21.835+0000][1][gc,heap      ] GC(54) ParNew: 70885K->262K(78656K)
[2019-12-09T04:05:21.835+0000][1][gc,heap      ] GC(54) CMS: 119217K->119226K(174784K)
[2019-12-09T04:05:21.835+0000][1][gc,metaspace ] GC(54) Metaspace: 83311K->83311K(1126400K)
[2019-12-09T04:05:21.835+0000][1][gc           ] GC(54) Pause Young (Allocation Failure) 185M->116M(247M) 2.422ms
[2019-12-09T04:05:21.835+0000][1][gc,cpu       ] GC(54) User=0.00s Sys=0.00s Real=0.01s
[2019-12-09T04:05:21.835+0000][1][safepoint    ] Leaving safepoint region
[2019-12-09T04:05:21.835+0000][1][safepoint    ] Total time for which application threads were stopped: 0.0026072 seconds, Stopping threads took: 0.0000363 seconds
[2019-12-09T04:05:22.835+0000][1][safepoint    ] Application time: 1.0000871 seconds
[2019-12-09T04:05:22.835+0000][1][safepoint    ] Entering safepoint region: Cleanup
[2019-12-09T04:05:22.835+0000][1][safepoint    ] Leaving safepoint region
[2019-12-09T04:05:22.835+0000][1][safepoint    ] Total time for which application threads were stopped: 0.0000867 seconds, Stopping threads took: 0.0000197 seconds
[2019-12-09T04:05:23.835+0000][1][safepoint    ] Application time: 1.0000905 seconds
[2019-12-09T04:05:23.836+0000][1][safepoint    ] Entering safepoint region: Cleanup
[2019-12-09T04:05:23.836+0000][1][safepoint    ] Leaving safepoint region
[2019-12-09T04:05:23.836+0000][1][safepoint    ] Total time for which application threads were stopped: 0.0000873 seconds, Stopping threads took: 0.0000211 seconds
[2019-12-09T04:05:24.836+0000][1][safepoint    ] Application time: 1.0000771 seconds
[2019-12-09T04:05:24.836+0000][1][safepoint    ] Entering safepoint region: Cleanup
[2019-12-09T04:05:24.836+0000][1][safepoint    ] Leaving safepoint region
[2019-12-09T04:05:24.836+0000][1][safepoint    ] Total time for which application threads were stopped: 0.0000880 seconds, Stopping threads took: 0.0000209 seconds
[2019-12-09T04:05:25.836+0000][1][safepoint    ] Application time: 1.0000749 seconds
[2019-12-09T04:05:25.836+0000][1][safepoint    ] Entering safepoint region: Cleanup
[2019-12-09T04:05:25.836+0000][1][safepoint    ] Leaving safepoint region
[2019-12-09T04:05:25.836+0000][1][safepoint    ] Total time for which application threads were stopped: 0.0000897 seconds, Stopping threads took: 0.0000209 seconds
[2019-12-09T04:05:26.836+0000][1][safepoint    ] Application time: 1.0000840 seconds
[2019-12-09T04:05:26.836+0000][1][safepoint    ] Entering safepoint region: Cleanup
[2019-12-09T04:05:26.836+0000][1][safepoint    ] Leaving safepoint region
[2019-12-09T04:05:26.836+0000][1][safepoint    ] Total time for which application threads were stopped: 0.0000976 seconds, Stopping threads took: 0.0000245 seconds
[2019-12-09T04:05:27.836+0000][1][safepoint    ] Application time: 1.0000837 seconds
[2019-12-09T04:05:27.836+0000][1][safepoint    ] Entering safepoint region: Cleanup
[2019-12-09T04:05:27.836+0000][1][safepoint    ] Leaving safepoint region
[2019-12-09T04:05:27.836+0000][1][safepoint    ] Total time for which application threads were stopped: 0.0000862 seconds, Stopping threads took: 0.0000199 seconds
[2019-12-09T04:05:28.837+0000][1][safepoint    ] Application time: 1.0000766 seconds
[2019-12-09T04:05:28.837+0000][1][safepoint    ] Entering safepoint region: Cleanup
[2019-12-09T04:05:28.837+0000][1][safepoint    ] Leaving safepoint region
[2019-12-09T04:05:28.837+0000][1][safepoint    ] Total time for which application threads were stopped: 0.0000862 seconds, Stopping threads took: 0.0000213 seconds
[2019-12-09T04:05:29.837+0000][1][safepoint    ] Application time: 1.0000868 seconds
[2019-12-09T04:05:29.837+0000][1][safepoint    ] Entering safepoint region: Cleanup
[2019-12-09T04:05:29.837+0000][1][safepoint    ] Leaving safepoint region
[2019-12-09T04:05:29.837+0000][1][safepoint    ] Total time for which application threads were stopped: 0.0000873 seconds, Stopping threads took: 0.0000205 seconds
[2019-12-09T04:05:30.837+0000][1][safepoint    ] Application time: 1.0000763 seconds
[2019-12-09T04:05:30.837+0000][1][safepoint    ] Entering safepoint region: Cleanup
[2019-12-09T04:05:30.837+0000][1][safepoint    ] Leaving safepoint region
[2019-12-09T04:05:30.837+0000][1][safepoint    ] Total time for which application threads were stopped: 0.0000864 seconds, Stopping threads took: 0.0000190 seconds
[2019-12-09T04:05:31.837+0000][1][safepoint    ] Application time: 1.0000759 seconds
[2019-12-09T04:05:31.837+0000][1][safepoint    ] Entering safepoint region: Cleanup
[2019-12-09T04:05:31.837+0000][1][safepoint    ] Leaving safepoint region
[2019-12-09T04:05:31.837+0000][1][safepoint    ] Total time for which application threads were stopped: 0.0000870 seconds, Stopping threads took: 0.0000188 seconds
[2019-12-09T04:05:32.837+0000][1][safepoint    ] Application time: 1.0000761 seconds
[2019-12-09T04:05:32.837+0000][1][safepoint    ] Entering safepoint region: Cleanup
[2019-12-09T04:05:32.838+0000][1][safepoint    ] Leaving safepoint region
[2019-12-09T04:05:32.838+0000][1][safepoint    ] Total time for which application threads were stopped: 0.0000890 seconds, Stopping threads took: 0.0000189 seconds
[2019-12-09T04:05:33.838+0000][1][safepoint    ] Application time: 1.0000749 seconds
[2019-12-09T04:05:33.838+0000][1][safepoint    ] Entering safepoint region: Cleanup
[2019-12-09T04:05:33.838+0000][1][safepoint    ] Leaving safepoint region
[2019-12-09T04:05:33.838+0000][1][safepoint    ] Total time for which application threads were stopped: 0.0001008 seconds, Stopping threads took: 0.0000209 seconds
[2019-12-09T04:05:34.838+0000][1][safepoint    ] Application time: 1.0000758 seconds
[2019-12-09T04:05:34.838+0000][1][safepoint    ] Entering safepoint region: Cleanup
[2019-12-09T04:05:34.838+0000][1][safepoint    ] Leaving safepoint region
[2019-12-09T04:05:34.838+0000][1][safepoint    ] Total time for which application threads were stopped: 0.0000898 seconds, Stopping threads took: 0.0000188 seconds
[2019-12-09T04:05:35.838+0000][1][safepoint    ] Application time: 1.0000756 seconds
[2019-12-09T04:05:35.838+0000][1][safepoint    ] Entering safepoint region: Cleanup
[2019-12-09T04:05:35.838+0000][1][safepoint    ] Leaving safepoint region
[2019-12-09T04:05:35.838+0000][1][safepoint    ] Total time for which application threads were stopped: 0.0000875 seconds, Stopping threads took: 0.0000196 seconds
[2019-12-09T04:05:36.838+0000][1][safepoint    ] Application time: 1.0000766 seconds
[2019-12-09T04:05:36.838+0000][1][safepoint    ] Entering safepoint region: Cleanup
[2019-12-09T04:05:36.838+0000][1][safepoint    ] Leaving safepoint region
[2019-12-09T04:05:36.838+0000][1][safepoint    ] Total time for which application threads were stopped: 0.0000883 seconds, Stopping threads took: 0.0000202 seconds
[2019-12-09T04:05:37.838+0000][1][safepoint    ] Application time: 1.0000772 seconds
[2019-12-09T04:05:37.838+0000][1][safepoint    ] Entering safepoint region: Cleanup
[2019-12-09T04:05:37.839+0000][1][safepoint    ] Leaving safepoint region
[2019-12-09T04:05:37.839+0000][1][safepoint    ] Total time for which application threads were stopped: 0.0000863 seconds, Stopping threads took: 0.0000199 seconds
[2019-12-09T04:05:38.839+0000][1][safepoint    ] Application time: 1.0000763 seconds
[2019-12-09T04:05:38.839+0000][1][safepoint    ] Entering safepoint region: Cleanup
[2019-12-09T04:05:38.839+0000][1][safepoint    ] Leaving safepoint region
[2019-12-09T04:05:38.839+0000][1][safepoint    ] Total time for which application threads were stopped: 0.0001051 seconds, Stopping threads took: 0.0000364 seconds
[2019-12-09T04:05:39.839+0000][1][safepoint    ] Application time: 1.0000761 seconds
[2019-12-09T04:05:39.839+0000][1][safepoint    ] Entering safepoint region: Cleanup
[2019-12-09T04:05:39.839+0000][1][safepoint    ] Leaving safepoint region
[2019-12-09T04:05:39.839+0000][1][safepoint    ] Total time for which application threads were stopped: 0.0000893 seconds, Stopping threads took: 0.0000226 seconds
[2019-12-09T04:05:40.839+0000][1][safepoint    ] Application time: 1.0000769 seconds
[2019-12-09T04:05:40.839+0000][1][safepoint    ] Entering safepoint region: Cleanup
[2019-12-09T04:05:40.839+0000][1][safepoint    ] Leaving safepoint region
[2019-12-09T04:05:40.839+0000][1][safepoint    ] Total time for which application threads were stopped: 0.0000857 seconds, Stopping threads took: 0.0000179 seconds
[2019-12-09T04:05:41.839+0000][1][safepoint    ] Application time: 1.0000758 seconds
[2019-12-09T04:05:41.839+0000][1][safepoint    ] Entering safepoint region: Cleanup
[2019-12-09T04:05:41.839+0000][1][safepoint    ] Leaving safepoint region
[2019-12-09T04:05:41.839+0000][1][safepoint    ] Total time for which application threads were stopped: 0.0000873 seconds, Stopping threads took: 0.0000198 seconds
[2019-12-09T04:05:42.839+0000][1][safepoint    ] Application time: 1.0000755 seconds
[2019-12-09T04:05:42.840+0000][1][safepoint    ] Entering safepoint region: Cleanup
[2019-12-09T04:05:42.840+0000][1][safepoint    ] Leaving safepoint region
[2019-12-09T04:05:42.840+0000][1][safepoint    ] Total time for which application threads were stopped: 0.0000875 seconds, Stopping threads took: 0.0000196 seconds
[2019-12-09T04:05:43.840+0000][1][safepoint    ] Application time: 1.0000901 seconds
[2019-12-09T04:05:43.840+0000][1][safepoint    ] Entering safepoint region: Cleanup
[2019-12-09T04:05:43.840+0000][1][safepoint    ] Leaving safepoint region
[2019-12-09T04:05:43.840+0000][1][safepoint    ] Total time for which application threads were stopped: 0.0000856 seconds, Stopping threads took: 0.0000195 seconds
[2019-12-09T04:05:44.840+0000][1][safepoint    ] Application time: 1.0000769 seconds
[2019-12-09T04:05:44.840+0000][1][safepoint    ] Entering safepoint region: Cleanup
[2019-12-09T04:05:44.840+0000][1][safepoint    ] Leaving safepoint region
[2019-12-09T04:05:44.840+0000][1][safepoint    ] Total time for which application threads were stopped: 0.0000868 seconds, Stopping threads took: 0.0000191 seconds
[2019-12-09T04:05:45.840+0000][1][safepoint    ] Application time: 1.0000759 seconds
[2019-12-09T04:05:45.840+0000][1][safepoint    ] Entering safepoint region: Cleanup
[2019-12-09T04:05:45.840+0000][1][safepoint    ] Leaving safepoint region
[2019-12-09T04:05:45.840+0000][1][safepoint    ] Total time for which application threads were stopped: 0.0000847 seconds, Stopping threads took: 0.0000186 seconds
[2019-12-09T04:05:46.840+0000][1][safepoint    ] Application time: 1.0000774 seconds
[2019-12-09T04:05:46.840+0000][1][safepoint    ] Entering safepoint region: Cleanup
[2019-12-09T04:05:46.840+0000][1][safepoint    ] Leaving safepoint region
[2019-12-09T04:05:46.840+0000][1][safepoint    ] Total time for which application threads were stopped: 0.0000958 seconds, Stopping threads took: 0.0000283 seconds
[2019-12-09T04:05:47.841+0000][1][safepoint    ] Application time: 1.0000761 seconds
[2019-12-09T04:05:47.841+0000][1][safepoint    ] Entering safepoint region: Cleanup
[2019-12-09T04:05:47.841+0000][1][safepoint    ] Leaving safepoint region
[2019-12-09T04:05:47.841+0000][1][safepoint    ] Total time for which application threads were stopped: 0.0000871 seconds, Stopping threads took: 0.0000190 seconds
[2019-12-09T04:05:48.841+0000][1][safepoint    ] Application time: 1.0000777 seconds
[2019-12-09T04:05:48.841+0000][1][safepoint    ] Entering safepoint region: Cleanup
[2019-12-09T04:05:48.841+0000][1][safepoint    ] Leaving safepoint region
[2019-12-09T04:05:48.841+0000][1][safepoint    ] Total time for which application threads were stopped: 0.0000843 seconds, Stopping threads took: 0.0000179 seconds
[2019-12-09T04:05:49.841+0000][1][safepoint    ] Application time: 1.0000763 seconds
[2019-12-09T04:05:49.841+0000][1][safepoint    ] Entering safepoint region: Cleanup
[2019-12-09T04:05:49.841+0000][1][safepoint    ] Leaving safepoint region
[2019-12-09T04:05:49.841+0000][1][safepoint    ] Total time for which application threads were stopped: 0.0000873 seconds, Stopping threads took: 0.0000178 seconds
[2019-12-09T04:05:50.841+0000][1][safepoint    ] Application time: 1.0000781 seconds
[2019-12-09T04:05:50.841+0000][1][safepoint    ] Entering safepoint region: Cleanup
[2019-12-09T04:05:50.841+0000][1][safepoint    ] Leaving safepoint region
[2019-12-09T04:05:50.841+0000][1][safepoint    ] Total time for which application threads were stopped: 0.0000830 seconds, Stopping threads took: 0.0000175 seconds
[2019-12-09T04:05:51.841+0000][1][safepoint    ] Application time: 1.0000777 seconds
[2019-12-09T04:05:51.841+0000][1][safepoint    ] Entering safepoint region: Cleanup
[2019-12-09T04:05:51.841+0000][1][safepoint    ] Leaving safepoint region
[2019-12-09T04:05:51.841+0000][1][safepoint    ] Total time for which application threads were stopped: 0.0000869 seconds, Stopping threads took: 0.0000211 seconds
[2019-12-09T04:05:52.842+0000][1][safepoint    ] Application time: 1.0000764 seconds
[2019-12-09T04:05:52.842+0000][1][safepoint    ] Entering safepoint region: Cleanup
[2019-12-09T04:05:52.842+0000][1][safepoint    ] Leaving safepoint region
[2019-12-09T04:05:52.842+0000][1][safepoint    ] Total time for which application threads were stopped: 0.0000980 seconds, Stopping threads took: 0.0000181 seconds
[2019-12-09T04:05:53.842+0000][1][safepoint    ] Application time: 1.0000757 seconds
[2019-12-09T04:05:53.842+0000][1][safepoint    ] Entering safepoint region: Cleanup
[2019-12-09T04:05:53.842+0000][1][safepoint    ] Leaving safepoint region
[2019-12-09T04:05:53.842+0000][1][safepoint    ] Total time for which application threads were stopped: 0.0000895 seconds, Stopping threads took: 0.0000189 seconds
[2019-12-09T04:05:54.842+0000][1][safepoint    ] Application time: 1.0000765 seconds
[2019-12-09T04:05:54.842+0000][1][safepoint    ] Entering safepoint region: Cleanup
[2019-12-09T04:05:54.842+0000][1][safepoint    ] Leaving safepoint region
[2019-12-09T04:05:54.842+0000][1][safepoint    ] Total time for which application threads were stopped: 0.0000869 seconds, Stopping threads took: 0.0000200 seconds
[2019-12-09T04:05:55.842+0000][1][safepoint    ] Application time: 1.0000876 seconds
[2019-12-09T04:05:55.842+0000][1][safepoint    ] Entering safepoint region: Cleanup
[2019-12-09T04:05:55.842+0000][1][safepoint    ] Leaving safepoint region
[2019-12-09T04:05:55.842+0000][1][safepoint    ] Total time for which application threads were stopped: 0.0001154 seconds, Stopping threads took: 0.0000258 seconds
[2019-12-09T04:05:56.842+0000][1][safepoint    ] Application time: 1.0000767 seconds
[2019-12-09T04:05:56.843+0000][1][safepoint    ] Entering safepoint region: Cleanup
[2019-12-09T04:05:56.843+0000][1][safepoint    ] Leaving safepoint region
[2019-12-09T04:05:56.843+0000][1][safepoint    ] Total time for which application threads were stopped: 0.0000908 seconds, Stopping threads took: 0.0000200 seconds
[2019-12-09T04:05:57.843+0000][1][safepoint    ] Application time: 1.0000773 seconds
[2019-12-09T04:05:57.843+0000][1][safepoint    ] Entering safepoint region: Cleanup
[2019-12-09T04:05:57.843+0000][1][safepoint    ] Leaving safepoint region
[2019-12-09T04:05:57.843+0000][1][safepoint    ] Total time for which application threads were stopped: 0.0000882 seconds, Stopping threads took: 0.0000205 seconds
[2019-12-09T04:05:58.843+0000][1][safepoint    ] Application time: 1.0000743 seconds
[2019-12-09T04:05:58.843+0000][1][safepoint    ] Entering safepoint region: Cleanup
[2019-12-09T04:05:58.843+0000][1][safepoint    ] Leaving safepoint region
[2019-12-09T04:05:58.843+0000][1][safepoint    ] Total time for which application threads were stopped: 0.0000895 seconds, Stopping threads took: 0.0000196 seconds
[2019-12-09T04:05:59.843+0000][1][safepoint    ] Application time: 1.0000748 seconds
[2019-12-09T04:05:59.843+0000][1][safepoint    ] Entering safepoint region: Cleanup
[2019-12-09T04:05:59.843+0000][1][safepoint    ] Leaving safepoint region
[2019-12-09T04:05:59.843+0000][1][safepoint    ] Total time for which application threads were stopped: 0.0001087 seconds, Stopping threads took: 0.0000395 seconds
[2019-12-09T04:06:00.843+0000][1][safepoint    ] Application time: 1.0000749 seconds
[2019-12-09T04:06:00.843+0000][1][safepoint    ] Entering safepoint region: Cleanup
[2019-12-09T04:06:00.843+0000][1][safepoint    ] Leaving safepoint region
[2019-12-09T04:06:00.843+0000][1][safepoint    ] Total time for which application threads were stopped: 0.0000964 seconds, Stopping threads took: 0.0000192 seconds
[2019-12-09T04:06:01.844+0000][1][safepoint    ] Application time: 1.0001125 seconds
[2019-12-09T04:06:01.844+0000][1][safepoint    ] Entering safepoint region: Cleanup
[2019-12-09T04:06:01.844+0000][1][safepoint    ] Leaving safepoint region
[2019-12-09T04:06:01.844+0000][1][safepoint    ] Total time for which application threads were stopped: 0.0001350 seconds, Stopping threads took: 0.0000271 seconds
[2019-12-09T04:06:02.844+0000][1][safepoint    ] Application time: 1.0000763 seconds
[2019-12-09T04:06:02.844+0000][1][safepoint    ] Entering safepoint region: Cleanup
[2019-12-09T04:06:02.844+0000][1][safepoint    ] Leaving safepoint region
[2019-12-09T04:06:02.844+0000][1][safepoint    ] Total time for which application threads were stopped: 0.0001059 seconds, Stopping threads took: 0.0000340 seconds
[2019-12-09T04:06:03.844+0000][1][safepoint    ] Application time: 1.0000766 seconds
[2019-12-09T04:06:03.844+0000][1][safepoint    ] Entering safepoint region: Cleanup
[2019-12-09T04:06:03.844+0000][1][safepoint    ] Leaving safepoint region
[2019-12-09T04:06:03.844+0000][1][safepoint    ] Total time for which application threads were stopped: 0.0000890 seconds, Stopping threads took: 0.0000214 seconds
[2019-12-09T04:06:04.844+0000][1][safepoint    ] Application time: 1.0000772 seconds
[2019-12-09T04:06:04.844+0000][1][safepoint    ] Entering safepoint region: Cleanup
[2019-12-09T04:06:04.844+0000][1][safepoint    ] Leaving safepoint region
[2019-12-09T04:06:04.844+0000][1][safepoint    ] Total time for which application threads were stopped: 0.0000833 seconds, Stopping threads took: 0.0000182 seconds
[2019-12-09T04:06:05.844+0000][1][safepoint    ] Application time: 1.0000769 seconds
[2019-12-09T04:06:05.845+0000][1][safepoint    ] Entering safepoint region: Cleanup
[2019-12-09T04:06:05.845+0000][1][safepoint    ] Leaving safepoint region
[2019-12-09T04:06:05.845+0000][1][safepoint    ] Total time for which application threads were stopped: 0.0000833 seconds, Stopping threads took: 0.0000168 seconds
[2019-12-09T04:06:06.845+0000][1][safepoint    ] Application time: 1.0000880 seconds
[2019-12-09T04:06:06.845+0000][1][safepoint    ] Entering safepoint region: Cleanup
[2019-12-09T04:06:06.845+0000][1][safepoint    ] Leaving safepoint region
[2019-12-09T04:06:06.845+0000][1][safepoint    ] Total time for which application threads were stopped: 0.0000876 seconds, Stopping threads took: 0.0000199 seconds
[2019-12-09T04:06:07.845+0000][1][safepoint    ] Application time: 1.0000778 seconds
[2019-12-09T04:06:07.845+0000][1][safepoint    ] Entering safepoint region: Cleanup
[2019-12-09T04:06:07.845+0000][1][safepoint    ] Leaving safepoint region
[2019-12-09T04:06:07.845+0000][1][safepoint    ] Total time for which application threads were stopped: 0.0000891 seconds, Stopping threads took: 0.0000184 seconds
[2019-12-09T04:06:08.845+0000][1][safepoint    ] Application time: 1.0000779 seconds
[2019-12-09T04:06:08.845+0000][1][safepoint    ] Entering safepoint region: Cleanup
[2019-12-09T04:06:08.845+0000][1][safepoint    ] Leaving safepoint region
[2019-12-09T04:06:08.845+0000][1][safepoint    ] Total time for which application threads were stopped: 0.0000928 seconds, Stopping threads took: 0.0000199 seconds
[2019-12-09T04:06:09.845+0000][1][safepoint    ] Application time: 1.0000781 seconds
[2019-12-09T04:06:09.845+0000][1][safepoint    ] Entering safepoint region: Cleanup
[2019-12-09T04:06:09.845+0000][1][safepoint    ] Leaving safepoint region
[2019-12-09T04:06:09.845+0000][1][safepoint    ] Total time for which application threads were stopped: 0.0000878 seconds, Stopping threads took: 0.0000194 seconds
[2019-12-09T04:06:10.846+0000][1][safepoint    ] Application time: 1.0000812 seconds
[2019-12-09T04:06:10.846+0000][1][safepoint    ] Entering safepoint region: Cleanup
[2019-12-09T04:06:10.846+0000][1][safepoint    ] Leaving safepoint region
[2019-12-09T04:06:10.846+0000][1][safepoint    ] Total time for which application threads were stopped: 0.0000897 seconds, Stopping threads took: 0.0000214 seconds
[2019-12-09T04:06:11.846+0000][1][safepoint    ] Application time: 1.0000868 seconds
[2019-12-09T04:06:11.846+0000][1][safepoint    ] Entering safepoint region: Cleanup
[2019-12-09T04:06:11.846+0000][1][safepoint    ] Leaving safepoint region
[2019-12-09T04:06:11.846+0000][1][safepoint    ] Total time for which application threads were stopped: 0.0000919 seconds, Stopping threads took: 0.0000241 seconds
[2019-12-09T04:06:12.846+0000][1][safepoint    ] Application time: 1.0000795 seconds
[2019-12-09T04:06:12.846+0000][1][safepoint    ] Entering safepoint region: Cleanup
[2019-12-09T04:06:12.846+0000][1][safepoint    ] Leaving safepoint region
[2019-12-09T04:06:12.846+0000][1][safepoint    ] Total time for which application threads were stopped: 0.0000936 seconds, Stopping threads took: 0.0000211 seconds
[2019-12-09T04:06:13.846+0000][1][safepoint    ] Application time: 1.0000772 seconds
[2019-12-09T04:06:13.846+0000][1][safepoint    ] Entering safepoint region: Cleanup
[2019-12-09T04:06:13.846+0000][1][safepoint    ] Leaving safepoint region
[2019-12-09T04:06:13.846+0000][1][safepoint    ] Total time for which application threads were stopped: 0.0000878 seconds, Stopping threads took: 0.0000202 seconds
[2019-12-09T04:06:14.846+0000][1][safepoint    ] Application time: 1.0000765 seconds
[2019-12-09T04:06:14.846+0000][1][safepoint    ] Entering safepoint region: Cleanup
[2019-12-09T04:06:14.847+0000][1][safepoint    ] Leaving safepoint region
[2019-12-09T04:06:14.847+0000][1][safepoint    ] Total time for which application threads were stopped: 0.0000879 seconds, Stopping threads took: 0.0000182 seconds
[2019-12-09T04:06:15.847+0000][1][safepoint    ] Application time: 1.0000788 seconds
[2019-12-09T04:06:15.847+0000][1][safepoint    ] Entering safepoint region: Cleanup
[2019-12-09T04:06:15.847+0000][1][safepoint    ] Leaving safepoint region
[2019-12-09T04:06:15.847+0000][1][safepoint    ] Total time for which application threads were stopped: 0.0000974 seconds, Stopping threads took: 0.0000186 seconds
[2019-12-09T04:06:16.847+0000][1][safepoint    ] Application time: 1.0000777 seconds
[2019-12-09T04:06:16.847+0000][1][safepoint    ] Entering safepoint region: Cleanup
[2019-12-09T04:06:16.847+0000][1][safepoint    ] Leaving safepoint region
[2019-12-09T04:06:16.847+0000][1][safepoint    ] Total time for which application threads were stopped: 0.0000931 seconds, Stopping threads took: 0.0000273 seconds
[2019-12-09T04:06:17.847+0000][1][safepoint    ] Application time: 1.0000771 seconds
[2019-12-09T04:06:17.847+0000][1][safepoint    ] Entering safepoint region: Cleanup
[2019-12-09T04:06:17.847+0000][1][safepoint    ] Leaving safepoint region
[2019-12-09T04:06:17.847+0000][1][safepoint    ] Total time for which application threads were stopped: 0.0001048 seconds, Stopping threads took: 0.0000272 seconds
[2019-12-09T04:06:18.847+0000][1][safepoint    ] Application time: 1.0000795 seconds
[2019-12-09T04:06:18.847+0000][1][safepoint    ] Entering safepoint region: Cleanup
[2019-12-09T04:06:18.847+0000][1][safepoint    ] Leaving safepoint region
[2019-12-09T04:06:18.847+0000][1][safepoint    ] Total time for which application threads were stopped: 0.0000947 seconds, Stopping threads took: 0.0000257 seconds
[2019-12-09T04:06:19.847+0000][1][safepoint    ] Application time: 1.0000768 seconds
[2019-12-09T04:06:19.848+0000][1][safepoint    ] Entering safepoint region: Cleanup
[2019-12-09T04:06:19.848+0000][1][safepoint    ] Leaving safepoint region
[2019-12-09T04:06:19.848+0000][1][safepoint    ] Total time for which application threads were stopped: 0.0000851 seconds, Stopping threads took: 0.0000188 seconds
[2019-12-09T04:06:20.848+0000][1][safepoint    ] Application time: 1.0000776 seconds
[2019-12-09T04:06:20.848+0000][1][safepoint    ] Entering safepoint region: Cleanup
[2019-12-09T04:06:20.848+0000][1][safepoint    ] Leaving safepoint region
[2019-12-09T04:06:20.848+0000][1][safepoint    ] Total time for which application threads were stopped: 0.0000852 seconds, Stopping threads took: 0.0000180 seconds
[2019-12-09T04:06:21.848+0000][1][safepoint    ] Application time: 1.0000782 seconds
[2019-12-09T04:06:21.848+0000][1][safepoint    ] Entering safepoint region: Cleanup
[2019-12-09T04:06:21.848+0000][1][safepoint    ] Leaving safepoint region
[2019-12-09T04:06:21.848+0000][1][safepoint    ] Total time for which application threads were stopped: 0.0000897 seconds, Stopping threads took: 0.0000190 seconds
[2019-12-09T04:06:22.848+0000][1][safepoint    ] Application time: 1.0000781 seconds
[2019-12-09T04:06:22.848+0000][1][safepoint    ] Entering safepoint region: Cleanup
[2019-12-09T04:06:22.848+0000][1][safepoint    ] Leaving safepoint region
[2019-12-09T04:06:22.848+0000][1][safepoint    ] Total time for which application threads were stopped: 0.0000887 seconds, Stopping threads took: 0.0000204 seconds
[2019-12-09T04:06:23.848+0000][1][safepoint    ] Application time: 1.0000758 seconds
[2019-12-09T04:06:23.848+0000][1][safepoint    ] Entering safepoint region: Cleanup
[2019-12-09T04:06:23.848+0000][1][safepoint    ] Leaving safepoint region
[2019-12-09T04:06:23.848+0000][1][safepoint    ] Total time for which application threads were stopped: 0.0000868 seconds, Stopping threads took: 0.0000190 seconds
[2019-12-09T04:06:24.849+0000][1][safepoint    ] Application time: 1.0000744 seconds
[2019-12-09T04:06:24.849+0000][1][safepoint    ] Entering safepoint region: Cleanup
[2019-12-09T04:06:24.849+0000][1][safepoint    ] Leaving safepoint region
[2019-12-09T04:06:24.849+0000][1][safepoint    ] Total time for which application threads were stopped: 0.0000854 seconds, Stopping threads took: 0.0000185 seconds
[2019-12-09T04:06:25.849+0000][1][safepoint    ] Application time: 1.0000798 seconds
[2019-12-09T04:06:25.849+0000][1][safepoint    ] Entering safepoint region: Cleanup
[2019-12-09T04:06:25.849+0000][1][safepoint    ] Leaving safepoint region
[2019-12-09T04:06:25.849+0000][1][safepoint    ] Total time for which application threads were stopped: 0.0000844 seconds, Stopping threads took: 0.0000184 seconds
[2019-12-09T04:06:26.849+0000][1][safepoint    ] Application time: 1.0000769 seconds
[2019-12-09T04:06:26.849+0000][1][safepoint    ] Entering safepoint region: Cleanup
[2019-12-09T04:06:26.849+0000][1][safepoint    ] Leaving safepoint region
[2019-12-09T04:06:26.849+0000][1][safepoint    ] Total time for which application threads were stopped: 0.0000928 seconds, Stopping threads took: 0.0000194 seconds
[2019-12-09T04:06:27.849+0000][1][safepoint    ] Application time: 1.0000781 seconds
[2019-12-09T04:06:27.849+0000][1][safepoint    ] Entering safepoint region: Cleanup
[2019-12-09T04:06:27.849+0000][1][safepoint    ] Leaving safepoint region
[2019-12-09T04:06:27.849+0000][1][safepoint    ] Total time for which application threads were stopped: 0.0000865 seconds, Stopping threads took: 0.0000199 seconds
[2019-12-09T04:06:28.849+0000][1][safepoint    ] Application time: 1.0000759 seconds
[2019-12-09T04:06:28.849+0000][1][safepoint    ] Entering safepoint region: Cleanup
[2019-12-09T04:06:28.849+0000][1][safepoint    ] Leaving safepoint region
[2019-12-09T04:06:28.849+0000][1][safepoint    ] Total time for which application threads were stopped: 0.0000845 seconds, Stopping threads took: 0.0000183 seconds
[2019-12-09T04:06:29.850+0000][1][safepoint    ] Application time: 1.0000741 seconds
[2019-12-09T04:06:29.850+0000][1][safepoint    ] Entering safepoint region: Cleanup
[2019-12-09T04:06:29.850+0000][1][safepoint    ] Leaving safepoint region
[2019-12-09T04:06:29.850+0000][1][safepoint    ] Total time for which application threads were stopped: 0.0001001 seconds, Stopping threads took: 0.0000191 seconds
[2019-12-09T04:06:30.850+0000][1][safepoint    ] Application time: 1.0000758 seconds
[2019-12-09T04:06:30.850+0000][1][safepoint    ] Entering safepoint region: Cleanup
[2019-12-09T04:06:30.850+0000][1][safepoint    ] Leaving safepoint region
[2019-12-09T04:06:30.850+0000][1][safepoint    ] Total time for which application threads were stopped: 0.0000859 seconds, Stopping threads took: 0.0000182 seconds
[2019-12-09T04:06:31.850+0000][1][safepoint    ] Application time: 1.0000771 seconds
[2019-12-09T04:06:31.850+0000][1][safepoint    ] Entering safepoint region: Cleanup
[2019-12-09T04:06:31.850+0000][1][safepoint    ] Leaving safepoint region
[2019-12-09T04:06:31.850+0000][1][safepoint    ] Total time for which application threads were stopped: 0.0000877 seconds, Stopping threads took: 0.0000200 seconds
[2019-12-09T04:06:32.850+0000][1][safepoint    ] Application time: 1.0000772 seconds
[2019-12-09T04:06:32.850+0000][1][safepoint    ] Entering safepoint region: Cleanup
[2019-12-09T04:06:32.850+0000][1][safepoint    ] Leaving safepoint region
[2019-12-09T04:06:32.850+0000][1][safepoint    ] Total time for which application threads were stopped: 0.0000843 seconds, Stopping threads took: 0.0000182 seconds
[2019-12-09T04:06:33.850+0000][1][safepoint    ] Application time: 1.0000757 seconds
[2019-12-09T04:06:33.850+0000][1][safepoint    ] Entering safepoint region: Cleanup
[2019-12-09T04:06:33.851+0000][1][safepoint    ] Leaving safepoint region
[2019-12-09T04:06:33.851+0000][1][safepoint    ] Total time for which application threads were stopped: 0.0000819 seconds, Stopping threads took: 0.0000179 seconds
[2019-12-09T04:06:34.851+0000][1][safepoint    ] Application time: 1.0000766 seconds
[2019-12-09T04:06:34.851+0000][1][safepoint    ] Entering safepoint region: Cleanup
[2019-12-09T04:06:34.851+0000][1][safepoint    ] Leaving safepoint region
[2019-12-09T04:06:34.851+0000][1][safepoint    ] Total time for which application threads were stopped: 0.0000929 seconds, Stopping threads took: 0.0000187 seconds
[2019-12-09T04:06:35.851+0000][1][safepoint    ] Application time: 1.0000769 seconds
[2019-12-09T04:06:35.851+0000][1][safepoint    ] Entering safepoint region: Cleanup
[2019-12-09T04:06:35.851+0000][1][safepoint    ] Leaving safepoint region
[2019-12-09T04:06:35.851+0000][1][safepoint    ] Total time for which application threads were stopped: 0.0000897 seconds, Stopping threads took: 0.0000207 seconds
[2019-12-09T04:06:36.851+0000][1][safepoint    ] Application time: 1.0000753 seconds
[2019-12-09T04:06:36.851+0000][1][safepoint    ] Entering safepoint region: Cleanup
[2019-12-09T04:06:36.851+0000][1][safepoint    ] Leaving safepoint region
[2019-12-09T04:06:36.851+0000][1][safepoint    ] Total time for which application threads were stopped: 0.0000868 seconds, Stopping threads took: 0.0000206 seconds
[2019-12-09T04:06:37.851+0000][1][safepoint    ] Application time: 1.0000763 seconds
[2019-12-09T04:06:37.851+0000][1][safepoint    ] Entering safepoint region: Cleanup
[2019-12-09T04:06:37.851+0000][1][safepoint    ] Leaving safepoint region
[2019-12-09T04:06:37.851+0000][1][safepoint    ] Total time for which application threads were stopped: 0.0000868 seconds, Stopping threads took: 0.0000200 seconds
[2019-12-09T04:06:38.851+0000][1][safepoint    ] Application time: 1.0000788 seconds
[2019-12-09T04:06:38.852+0000][1][safepoint    ] Entering safepoint region: Cleanup
[2019-12-09T04:06:38.852+0000][1][safepoint    ] Leaving safepoint region
[2019-12-09T04:06:38.852+0000][1][safepoint    ] Total time for which application threads were stopped: 0.0000876 seconds, Stopping threads took: 0.0000194 seconds
[2019-12-09T04:06:39.852+0000][1][safepoint    ] Application time: 1.0000766 seconds
[2019-12-09T04:06:39.852+0000][1][safepoint    ] Entering safepoint region: Cleanup
[2019-12-09T04:06:39.852+0000][1][safepoint    ] Leaving safepoint region
[2019-12-09T04:06:39.852+0000][1][safepoint    ] Total time for which application threads were stopped: 0.0000865 seconds, Stopping threads took: 0.0000211 seconds
[2019-12-09T04:06:40.852+0000][1][safepoint    ] Application time: 1.0000784 seconds
[2019-12-09T04:06:40.852+0000][1][safepoint    ] Entering safepoint region: Cleanup
[2019-12-09T04:06:40.852+0000][1][safepoint    ] Leaving safepoint region
[2019-12-09T04:06:40.852+0000][1][safepoint    ] Total time for which application threads were stopped: 0.0000895 seconds, Stopping threads took: 0.0000201 seconds
[2019-12-09T04:06:41.852+0000][1][safepoint    ] Application time: 1.0000756 seconds
[2019-12-09T04:06:41.852+0000][1][safepoint    ] Entering safepoint region: Cleanup
[2019-12-09T04:06:41.852+0000][1][safepoint    ] Leaving safepoint region
[2019-12-09T04:06:41.852+0000][1][safepoint    ] Total time for which application threads were stopped: 0.0000872 seconds, Stopping threads took: 0.0000187 seconds
[2019-12-09T04:06:42.852+0000][1][safepoint    ] Application time: 1.0000757 seconds
[2019-12-09T04:06:42.852+0000][1][safepoint    ] Entering safepoint region: Cleanup
[2019-12-09T04:06:42.852+0000][1][safepoint    ] Leaving safepoint region
[2019-12-09T04:06:42.852+0000][1][safepoint    ] Total time for which application threads were stopped: 0.0000869 seconds, Stopping threads took: 0.0000196 seconds
[2019-12-09T04:06:43.853+0000][1][safepoint    ] Application time: 1.0000788 seconds
[2019-12-09T04:06:43.853+0000][1][safepoint    ] Entering safepoint region: Cleanup
[2019-12-09T04:06:43.853+0000][1][safepoint    ] Leaving safepoint region
[2019-12-09T04:06:43.853+0000][1][safepoint    ] Total time for which application threads were stopped: 0.0000966 seconds, Stopping threads took: 0.0000187 seconds
[2019-12-09T04:06:44.853+0000][1][safepoint    ] Application time: 1.0000860 seconds
[2019-12-09T04:06:44.853+0000][1][safepoint    ] Entering safepoint region: Cleanup
[2019-12-09T04:06:44.853+0000][1][safepoint    ] Leaving safepoint region
[2019-12-09T04:06:44.853+0000][1][safepoint    ] Total time for which application threads were stopped: 0.0000849 seconds, Stopping threads took: 0.0000196 seconds
[2019-12-09T04:06:45.853+0000][1][safepoint    ] Application time: 1.0000779 seconds
[2019-12-09T04:06:45.853+0000][1][safepoint    ] Entering safepoint region: Cleanup
[2019-12-09T04:06:45.853+0000][1][safepoint    ] Leaving safepoint region
[2019-12-09T04:06:45.853+0000][1][safepoint    ] Total time for which application threads were stopped: 0.0000861 seconds, Stopping threads took: 0.0000186 seconds
[2019-12-09T04:06:46.853+0000][1][safepoint    ] Application time: 1.0000774 seconds
[2019-12-09T04:06:46.853+0000][1][safepoint    ] Entering safepoint region: Cleanup
[2019-12-09T04:06:46.853+0000][1][safepoint    ] Leaving safepoint region
[2019-12-09T04:06:46.853+0000][1][safepoint    ] Total time for which application threads were stopped: 0.0000928 seconds, Stopping threads took: 0.0000278 seconds
[2019-12-09T04:06:47.853+0000][1][safepoint    ] Application time: 1.0000760 seconds
[2019-12-09T04:06:47.853+0000][1][safepoint    ] Entering safepoint region: Cleanup
[2019-12-09T04:06:47.854+0000][1][safepoint    ] Leaving safepoint region
[2019-12-09T04:06:47.854+0000][1][safepoint    ] Total time for which application threads were stopped: 0.0001068 seconds, Stopping threads took: 0.0000202 seconds
[2019-12-09T04:06:48.854+0000][1][safepoint    ] Application time: 1.0000763 seconds
[2019-12-09T04:06:48.854+0000][1][safepoint    ] Entering safepoint region: Cleanup
[2019-12-09T04:06:48.854+0000][1][safepoint    ] Leaving safepoint region
[2019-12-09T04:06:48.854+0000][1][safepoint    ] Total time for which application threads were stopped: 0.0000944 seconds, Stopping threads took: 0.0000194 seconds
[2019-12-09T04:06:49.854+0000][1][safepoint    ] Application time: 1.0000777 seconds
[2019-12-09T04:06:49.854+0000][1][safepoint    ] Entering safepoint region: Cleanup
[2019-12-09T04:06:49.854+0000][1][safepoint    ] Leaving safepoint region
[2019-12-09T04:06:49.854+0000][1][safepoint    ] Total time for which application threads were stopped: 0.0000876 seconds, Stopping threads took: 0.0000220 seconds
[2019-12-09T04:06:50.854+0000][1][safepoint    ] Application time: 1.0000763 seconds
[2019-12-09T04:06:50.854+0000][1][safepoint    ] Entering safepoint region: Cleanup
[2019-12-09T04:06:50.854+0000][1][safepoint    ] Leaving safepoint region
[2019-12-09T04:06:50.854+0000][1][safepoint    ] Total time for which application threads were stopped: 0.0000844 seconds, Stopping threads took: 0.0000188 seconds
[2019-12-09T04:06:51.854+0000][1][safepoint    ] Application time: 1.0000777 seconds
[2019-12-09T04:06:51.854+0000][1][safepoint    ] Entering safepoint region: Cleanup
[2019-12-09T04:06:51.854+0000][1][safepoint    ] Leaving safepoint region
[2019-12-09T04:06:51.854+0000][1][safepoint    ] Total time for which application threads were stopped: 0.0000867 seconds, Stopping threads took: 0.0000197 seconds
[2019-12-09T04:06:52.854+0000][1][safepoint    ] Application time: 1.0000774 seconds
[2019-12-09T04:06:52.855+0000][1][safepoint    ] Entering safepoint region: Cleanup
[2019-12-09T04:06:52.855+0000][1][safepoint    ] Leaving safepoint region
[2019-12-09T04:06:52.855+0000][1][safepoint    ] Total time for which application threads were stopped: 0.0000873 seconds, Stopping threads took: 0.0000194 seconds
[2019-12-09T04:06:53.855+0000][1][safepoint    ] Application time: 1.0000781 seconds
[2019-12-09T04:06:53.855+0000][1][safepoint    ] Entering safepoint region: Cleanup
[2019-12-09T04:06:53.855+0000][1][safepoint    ] Leaving safepoint region
[2019-12-09T04:06:53.855+0000][1][safepoint    ] Total time for which application threads were stopped: 0.0000905 seconds, Stopping threads took: 0.0000204 seconds
[2019-12-09T04:06:54.855+0000][1][safepoint    ] Application time: 1.0000775 seconds
[2019-12-09T04:06:54.855+0000][1][safepoint    ] Entering safepoint region: Cleanup
[2019-12-09T04:06:54.855+0000][1][safepoint    ] Leaving safepoint region
[2019-12-09T04:06:54.855+0000][1][safepoint    ] Total time for which application threads were stopped: 0.0000922 seconds, Stopping threads took: 0.0000201 seconds
[2019-12-09T04:06:55.855+0000][1][safepoint    ] Application time: 1.0000779 seconds
[2019-12-09T04:06:55.855+0000][1][safepoint    ] Entering safepoint region: Cleanup
[2019-12-09T04:06:55.855+0000][1][safepoint    ] Leaving safepoint region
[2019-12-09T04:06:55.855+0000][1][safepoint    ] Total time for which application threads were stopped: 0.0000885 seconds, Stopping threads took: 0.0000197 seconds
[2019-12-09T04:06:56.855+0000][1][safepoint    ] Application time: 1.0000757 seconds
[2019-12-09T04:06:56.855+0000][1][safepoint    ] Entering safepoint region: Cleanup
[2019-12-09T04:06:56.855+0000][1][safepoint    ] Leaving safepoint region
[2019-12-09T04:06:56.855+0000][1][safepoint    ] Total time for which application threads were stopped: 0.0000946 seconds, Stopping threads took: 0.0000265 seconds
[2019-12-09T04:06:57.856+0000][1][safepoint    ] Application time: 1.0000788 seconds
[2019-12-09T04:06:57.856+0000][1][safepoint    ] Entering safepoint region: Cleanup
[2019-12-09T04:06:57.856+0000][1][safepoint    ] Leaving safepoint region
[2019-12-09T04:06:57.856+0000][1][safepoint    ] Total time for which application threads were stopped: 0.0000861 seconds, Stopping threads took: 0.0000186 seconds
[2019-12-09T04:06:58.856+0000][1][safepoint    ] Application time: 1.0000768 seconds
[2019-12-09T04:06:58.856+0000][1][safepoint    ] Entering safepoint region: Cleanup
[2019-12-09T04:06:58.856+0000][1][safepoint    ] Leaving safepoint region
[2019-12-09T04:06:58.856+0000][1][safepoint    ] Total time for which application threads were stopped: 0.0000867 seconds, Stopping threads took: 0.0000197 seconds
[2019-12-09T04:06:59.856+0000][1][safepoint    ] Application time: 1.0000773 seconds
[2019-12-09T04:06:59.856+0000][1][safepoint    ] Entering safepoint region: Cleanup
[2019-12-09T04:06:59.856+0000][1][safepoint    ] Leaving safepoint region
[2019-12-09T04:06:59.856+0000][1][safepoint    ] Total time for which application threads were stopped: 0.0000949 seconds, Stopping threads took: 0.0000280 seconds
[2019-12-09T04:07:00.856+0000][1][safepoint    ] Application time: 1.0000778 seconds
[2019-12-09T04:07:00.856+0000][1][safepoint    ] Entering safepoint region: Cleanup
[2019-12-09T04:07:00.856+0000][1][safepoint    ] Leaving safepoint region
[2019-12-09T04:07:00.856+0000][1][safepoint    ] Total time for which application threads were stopped: 0.0000886 seconds, Stopping threads took: 0.0000201 seconds
[2019-12-09T04:07:01.856+0000][1][safepoint    ] Application time: 1.0000776 seconds
[2019-12-09T04:07:01.856+0000][1][safepoint    ] Entering safepoint region: Cleanup
[2019-12-09T04:07:01.857+0000][1][safepoint    ] Leaving safepoint region
[2019-12-09T04:07:01.857+0000][1][safepoint    ] Total time for which application threads were stopped: 0.0000952 seconds, Stopping threads took: 0.0000285 seconds
[2019-12-09T04:07:02.857+0000][1][safepoint    ] Application time: 1.0000752 seconds
[2019-12-09T04:07:02.857+0000][1][safepoint    ] Entering safepoint region: Cleanup
[2019-12-09T04:07:02.857+0000][1][safepoint    ] Leaving safepoint region
[2019-12-09T04:07:02.857+0000][1][safepoint    ] Total time for which application threads were stopped: 0.0000936 seconds, Stopping threads took: 0.0000170 seconds
[2019-12-09T04:07:03.857+0000][1][safepoint    ] Application time: 1.0000757 seconds
[2019-12-09T04:07:03.857+0000][1][safepoint    ] Entering safepoint region: Cleanup
[2019-12-09T04:07:03.857+0000][1][safepoint    ] Leaving safepoint region
[2019-12-09T04:07:03.857+0000][1][safepoint    ] Total time for which application threads were stopped: 0.0000876 seconds, Stopping threads took: 0.0000200 seconds
[2019-12-09T04:07:04.857+0000][1][safepoint    ] Application time: 1.0000787 seconds
[2019-12-09T04:07:04.857+0000][1][safepoint    ] Entering safepoint region: Cleanup
[2019-12-09T04:07:04.857+0000][1][safepoint    ] Leaving safepoint region
[2019-12-09T04:07:04.857+0000][1][safepoint    ] Total time for which application threads were stopped: 0.0000848 seconds, Stopping threads took: 0.0000185 seconds
[2019-12-09T04:07:05.857+0000][1][safepoint    ] Application time: 1.0000749 seconds
[2019-12-09T04:07:05.857+0000][1][safepoint    ] Entering safepoint region: Cleanup
[2019-12-09T04:07:05.857+0000][1][safepoint    ] Leaving safepoint region
[2019-12-09T04:07:05.857+0000][1][safepoint    ] Total time for which application threads were stopped: 0.0000851 seconds, Stopping threads took: 0.0000182 seconds
[2019-12-09T04:07:06.857+0000][1][safepoint    ] Application time: 1.0000825 seconds
[2019-12-09T04:07:06.857+0000][1][safepoint    ] Entering safepoint region: Cleanup
[2019-12-09T04:07:06.858+0000][1][safepoint    ] Leaving safepoint region
[2019-12-09T04:07:06.858+0000][1][safepoint    ] Total time for which application threads were stopped: 0.0000901 seconds, Stopping threads took: 0.0000202 seconds
[2019-12-09T04:07:07.858+0000][1][safepoint    ] Application time: 1.0000770 seconds
[2019-12-09T04:07:07.858+0000][1][safepoint    ] Entering safepoint region: Cleanup
[2019-12-09T04:07:07.858+0000][1][safepoint    ] Leaving safepoint region
[2019-12-09T04:07:07.858+0000][1][safepoint    ] Total time for which application threads were stopped: 0.0000902 seconds, Stopping threads took: 0.0000231 seconds
[2019-12-09T04:07:08.858+0000][1][safepoint    ] Application time: 1.0000732 seconds
[2019-12-09T04:07:08.858+0000][1][safepoint    ] Entering safepoint region: Cleanup
[2019-12-09T04:07:08.858+0000][1][safepoint    ] Leaving safepoint region
[2019-12-09T04:07:08.858+0000][1][safepoint    ] Total time for which application threads were stopped: 0.0000834 seconds, Stopping threads took: 0.0000176 seconds
[2019-12-09T04:07:09.858+0000][1][safepoint    ] Application time: 1.0000745 seconds
[2019-12-09T04:07:09.858+0000][1][safepoint    ] Entering safepoint region: Cleanup
[2019-12-09T04:07:09.858+0000][1][safepoint    ] Leaving safepoint region
[2019-12-09T04:07:09.858+0000][1][safepoint    ] Total time for which application threads were stopped: 0.0000956 seconds, Stopping threads took: 0.0000296 seconds
[2019-12-09T04:07:10.858+0000][1][safepoint    ] Application time: 1.0000746 seconds
[2019-12-09T04:07:10.858+0000][1][safepoint    ] Entering safepoint region: Cleanup
[2019-12-09T04:07:10.858+0000][1][safepoint    ] Leaving safepoint region
[2019-12-09T04:07:10.858+0000][1][safepoint    ] Total time for which application threads were stopped: 0.0000864 seconds, Stopping threads took: 0.0000190 seconds
[2019-12-09T04:07:11.858+0000][1][safepoint    ] Application time: 1.0000793 seconds
[2019-12-09T04:07:11.859+0000][1][safepoint    ] Entering safepoint region: Cleanup
[2019-12-09T04:07:11.859+0000][1][safepoint    ] Leaving safepoint region
[2019-12-09T04:07:11.859+0000][1][safepoint    ] Total time for which application threads were stopped: 0.0000896 seconds, Stopping threads took: 0.0000250 seconds
[2019-12-09T04:07:12.859+0000][1][safepoint    ] Application time: 1.0000835 seconds
[2019-12-09T04:07:12.859+0000][1][safepoint    ] Entering safepoint region: Cleanup
[2019-12-09T04:07:12.859+0000][1][safepoint    ] Leaving safepoint region
[2019-12-09T04:07:12.859+0000][1][safepoint    ] Total time for which application threads were stopped: 0.0000863 seconds, Stopping threads took: 0.0000187 seconds
[2019-12-09T04:07:13.859+0000][1][safepoint    ] Application time: 1.0000770 seconds
[2019-12-09T04:07:13.859+0000][1][safepoint    ] Entering safepoint region: Cleanup
[2019-12-09T04:07:13.859+0000][1][safepoint    ] Leaving safepoint region
[2019-12-09T04:07:13.859+0000][1][safepoint    ] Total time for which application threads were stopped: 0.0000857 seconds, Stopping threads took: 0.0000216 seconds
[2019-12-09T04:07:14.859+0000][1][safepoint    ] Application time: 1.0000748 seconds
[2019-12-09T04:07:14.859+0000][1][safepoint    ] Entering safepoint region: Cleanup
[2019-12-09T04:07:14.859+0000][1][safepoint    ] Leaving safepoint region
[2019-12-09T04:07:14.859+0000][1][safepoint    ] Total time for which application threads were stopped: 0.0000788 seconds, Stopping threads took: 0.0000165 seconds
[2019-12-09T04:07:15.859+0000][1][safepoint    ] Application time: 1.0000763 seconds
[2019-12-09T04:07:15.859+0000][1][safepoint    ] Entering safepoint region: Cleanup
[2019-12-09T04:07:15.859+0000][1][safepoint    ] Leaving safepoint region
[2019-12-09T04:07:15.859+0000][1][safepoint    ] Total time for which application threads were stopped: 0.0000848 seconds, Stopping threads took: 0.0000187 seconds
[2019-12-09T04:07:16.410+0000][1][safepoint    ] Application time: 0.5506921 seconds
[2019-12-09T04:07:16.410+0000][1][safepoint    ] Entering safepoint region: GenCollectForAllocation
[2019-12-09T04:07:16.410+0000][1][gc,start     ] GC(55) Pause Young (Allocation Failure)
[2019-12-09T04:07:16.410+0000][1][gc,task      ] GC(55) Using 2 workers of 2 for evacuation
[2019-12-09T04:07:16.412+0000][1][gc,age       ] GC(55) Desired survivor size 4456448 bytes, new threshold 6 (max threshold 6)
[2019-12-09T04:07:16.412+0000][1][gc,age       ] GC(55) Age table with threshold 6 (max threshold 6)
[2019-12-09T04:07:16.412+0000][1][gc,age       ] GC(55) - age   1:       7288 bytes,       7288 total
[2019-12-09T04:07:16.412+0000][1][gc,age       ] GC(55) - age   2:       5440 bytes,      12728 total
[2019-12-09T04:07:16.412+0000][1][gc,age       ] GC(55) - age   3:       3048 bytes,      15776 total
[2019-12-09T04:07:16.412+0000][1][gc,age       ] GC(55) - age   4:        872 bytes,      16648 total
[2019-12-09T04:07:16.412+0000][1][gc,age       ] GC(55) - age   5:       4992 bytes,      21640 total
[2019-12-09T04:07:16.412+0000][1][gc,age       ] GC(55) - age   6:     125648 bytes,     147288 total
[2019-12-09T04:07:16.413+0000][1][gc,heap      ] GC(55) ParNew: 70175K->183K(78656K)
[2019-12-09T04:07:16.413+0000][1][gc,heap      ] GC(55) CMS: 119226K->119233K(174784K)
[2019-12-09T04:07:16.413+0000][1][gc,metaspace ] GC(55) Metaspace: 83328K->83328K(1126400K)
[2019-12-09T04:07:16.413+0000][1][gc           ] GC(55) Pause Young (Allocation Failure) 184M->116M(247M) 2.276ms
[2019-12-09T04:07:16.413+0000][1][gc,cpu       ] GC(55) User=0.00s Sys=0.00s Real=0.00s
[2019-12-09T04:07:16.413+0000][1][safepoint    ] Leaving safepoint region
[2019-12-09T04:07:16.413+0000][1][safepoint    ] Total time for which application threads were stopped: 0.0024317 seconds, Stopping threads took: 0.0000245 seconds
[2019-12-09T04:07:17.413+0000][1][safepoint    ] Application time: 1.0000864 seconds
[2019-12-09T04:07:17.413+0000][1][safepoint    ] Entering safepoint region: Cleanup
[2019-12-09T04:07:17.413+0000][1][safepoint    ] Leaving safepoint region
[2019-12-09T04:07:17.413+0000][1][safepoint    ] Total time for which application threads were stopped: 0.0000887 seconds, Stopping threads took: 0.0000186 seconds
[2019-12-09T04:07:18.413+0000][1][safepoint    ] Application time: 1.0000719 seconds
[2019-12-09T04:07:18.413+0000][1][safepoint    ] Entering safepoint region: Cleanup
[2019-12-09T04:07:18.413+0000][1][safepoint    ] Leaving safepoint region
[2019-12-09T04:07:18.413+0000][1][safepoint    ] Total time for which application threads were stopped: 0.0000831 seconds, Stopping threads took: 0.0000216 seconds
[2019-12-09T04:07:19.413+0000][1][safepoint    ] Application time: 1.0000766 seconds
[2019-12-09T04:07:19.413+0000][1][safepoint    ] Entering safepoint region: Cleanup
[2019-12-09T04:07:19.413+0000][1][safepoint    ] Leaving safepoint region
[2019-12-09T04:07:19.413+0000][1][safepoint    ] Total time for which application threads were stopped: 0.0000807 seconds, Stopping threads took: 0.0000178 seconds
[2019-12-09T04:07:20.413+0000][1][safepoint    ] Application time: 1.0000754 seconds
[2019-12-09T04:07:20.413+0000][1][safepoint    ] Entering safepoint region: Cleanup
[2019-12-09T04:07:20.413+0000][1][safepoint    ] Leaving safepoint region
[2019-12-09T04:07:20.413+0000][1][safepoint    ] Total time for which application threads were stopped: 0.0000822 seconds, Stopping threads took: 0.0000172 seconds
[2019-12-09T04:07:21.413+0000][1][safepoint    ] Application time: 1.0000772 seconds
[2019-12-09T04:07:21.413+0000][1][safepoint    ] Entering safepoint region: Cleanup
[2019-12-09T04:07:21.414+0000][1][safepoint    ] Leaving safepoint region
[2019-12-09T04:07:21.414+0000][1][safepoint    ] Total time for which application threads were stopped: 0.0000842 seconds, Stopping threads took: 0.0000179 seconds
[2019-12-09T04:07:22.414+0000][1][safepoint    ] Application time: 1.0000756 seconds
[2019-12-09T04:07:22.414+0000][1][safepoint    ] Entering safepoint region: Cleanup
[2019-12-09T04:07:22.414+0000][1][safepoint    ] Leaving safepoint region
[2019-12-09T04:07:22.414+0000][1][safepoint    ] Total time for which application threads were stopped: 0.0000907 seconds, Stopping threads took: 0.0000170 seconds
[2019-12-09T04:07:23.414+0000][1][safepoint    ] Application time: 1.0000756 seconds
[2019-12-09T04:07:23.414+0000][1][safepoint    ] Entering safepoint region: Cleanup
[2019-12-09T04:07:23.414+0000][1][safepoint    ] Leaving safepoint region
[2019-12-09T04:07:23.414+0000][1][safepoint    ] Total time for which application threads were stopped: 0.0000822 seconds, Stopping threads took: 0.0000172 seconds
[2019-12-09T04:07:24.414+0000][1][safepoint    ] Application time: 1.0000743 seconds
[2019-12-09T04:07:24.414+0000][1][safepoint    ] Entering safepoint region: Cleanup
[2019-12-09T04:07:24.414+0000][1][safepoint    ] Leaving safepoint region
[2019-12-09T04:07:24.414+0000][1][safepoint    ] Total time for which application threads were stopped: 0.0000822 seconds, Stopping threads took: 0.0000180 seconds
[2019-12-09T04:07:25.414+0000][1][safepoint    ] Application time: 1.0000744 seconds
[2019-12-09T04:07:25.414+0000][1][safepoint    ] Entering safepoint region: Cleanup
[2019-12-09T04:07:25.414+0000][1][safepoint    ] Leaving safepoint region
[2019-12-09T04:07:25.414+0000][1][safepoint    ] Total time for which application threads were stopped: 0.0000807 seconds, Stopping threads took: 0.0000178 seconds
[2019-12-09T04:07:26.414+0000][1][safepoint    ] Application time: 1.0000759 seconds
[2019-12-09T04:07:26.414+0000][1][safepoint    ] Entering safepoint region: Cleanup
[2019-12-09T04:07:26.415+0000][1][safepoint    ] Leaving safepoint region
[2019-12-09T04:07:26.415+0000][1][safepoint    ] Total time for which application threads were stopped: 0.0000885 seconds, Stopping threads took: 0.0000224 seconds
[2019-12-09T04:07:27.420+0000][1][safepoint    ] Application time: 1.0051837 seconds
[2019-12-09T04:07:27.420+0000][1][safepoint    ] Entering safepoint region: Cleanup
[2019-12-09T04:07:27.420+0000][1][safepoint    ] Leaving safepoint region
[2019-12-09T04:07:27.420+0000][1][safepoint    ] Total time for which application threads were stopped: 0.0001168 seconds, Stopping threads took: 0.0000258 seconds
[2019-12-09T04:07:28.420+0000][1][safepoint    ] Application time: 1.0000739 seconds
[2019-12-09T04:07:28.420+0000][1][safepoint    ] Entering safepoint region: Cleanup
[2019-12-09T04:07:28.420+0000][1][safepoint    ] Leaving safepoint region
[2019-12-09T04:07:28.420+0000][1][safepoint    ] Total time for which application threads were stopped: 0.0001047 seconds, Stopping threads took: 0.0000188 seconds
[2019-12-09T04:07:29.420+0000][1][safepoint    ] Application time: 1.0000770 seconds
[2019-12-09T04:07:29.420+0000][1][safepoint    ] Entering safepoint region: Cleanup
[2019-12-09T04:07:29.420+0000][1][safepoint    ] Leaving safepoint region
[2019-12-09T04:07:29.420+0000][1][safepoint    ] Total time for which application threads were stopped: 0.0000887 seconds, Stopping threads took: 0.0000172 seconds
[2019-12-09T04:07:30.420+0000][1][safepoint    ] Application time: 1.0000732 seconds
[2019-12-09T04:07:30.420+0000][1][safepoint    ] Entering safepoint region: Cleanup
[2019-12-09T04:07:30.420+0000][1][safepoint    ] Leaving safepoint region
[2019-12-09T04:07:30.420+0000][1][safepoint    ] Total time for which application threads were stopped: 0.0000901 seconds, Stopping threads took: 0.0000176 seconds
[2019-12-09T04:07:31.421+0000][1][safepoint    ] Application time: 1.0000867 seconds
[2019-12-09T04:07:31.421+0000][1][safepoint    ] Entering safepoint region: Cleanup
[2019-12-09T04:07:31.421+0000][1][safepoint    ] Leaving safepoint region
[2019-12-09T04:07:31.421+0000][1][safepoint    ] Total time for which application threads were stopped: 0.0001289 seconds, Stopping threads took: 0.0000257 seconds
[2019-12-09T04:07:32.421+0000][1][safepoint    ] Application time: 1.0000752 seconds
[2019-12-09T04:07:32.421+0000][1][safepoint    ] Entering safepoint region: Cleanup
[2019-12-09T04:07:32.421+0000][1][safepoint    ] Leaving safepoint region
[2019-12-09T04:07:32.421+0000][1][safepoint    ] Total time for which application threads were stopped: 0.0000810 seconds, Stopping threads took: 0.0000168 seconds
[2019-12-09T04:07:33.421+0000][1][safepoint    ] Application time: 1.0000737 seconds
[2019-12-09T04:07:33.421+0000][1][safepoint    ] Entering safepoint region: Cleanup
[2019-12-09T04:07:33.421+0000][1][safepoint    ] Leaving safepoint region
[2019-12-09T04:07:33.421+0000][1][safepoint    ] Total time for which application threads were stopped: 0.0000810 seconds, Stopping threads took: 0.0000189 seconds
[2019-12-09T04:07:34.421+0000][1][safepoint    ] Application time: 1.0000754 seconds
[2019-12-09T04:07:34.421+0000][1][safepoint    ] Entering safepoint region: Cleanup
[2019-12-09T04:07:34.421+0000][1][safepoint    ] Leaving safepoint region
[2019-12-09T04:07:34.421+0000][1][safepoint    ] Total time for which application threads were stopped: 0.0000860 seconds, Stopping threads took: 0.0000207 seconds
[2019-12-09T04:07:35.421+0000][1][safepoint    ] Application time: 1.0000749 seconds
[2019-12-09T04:07:35.421+0000][1][safepoint    ] Entering safepoint region: Cleanup
[2019-12-09T04:07:35.422+0000][1][safepoint    ] Leaving safepoint region
[2019-12-09T04:07:35.422+0000][1][safepoint    ] Total time for which application threads were stopped: 0.0000814 seconds, Stopping threads took: 0.0000175 seconds
[2019-12-09T04:07:36.422+0000][1][safepoint    ] Application time: 1.0000766 seconds
[2019-12-09T04:07:36.422+0000][1][safepoint    ] Entering safepoint region: Cleanup
[2019-12-09T04:07:36.422+0000][1][safepoint    ] Leaving safepoint region
[2019-12-09T04:07:36.422+0000][1][safepoint    ] Total time for which application threads were stopped: 0.0000948 seconds, Stopping threads took: 0.0000183 seconds
[2019-12-09T04:07:37.422+0000][1][safepoint    ] Application time: 1.0000750 seconds
[2019-12-09T04:07:37.422+0000][1][safepoint    ] Entering safepoint region: Cleanup
[2019-12-09T04:07:37.422+0000][1][safepoint    ] Leaving safepoint region
[2019-12-09T04:07:37.422+0000][1][safepoint    ] Total time for which application threads were stopped: 0.0000870 seconds, Stopping threads took: 0.0000206 seconds
[2019-12-09T04:07:38.422+0000][1][safepoint    ] Application time: 1.0000744 seconds
[2019-12-09T04:07:38.422+0000][1][safepoint    ] Entering safepoint region: Cleanup
[2019-12-09T04:07:38.422+0000][1][safepoint    ] Leaving safepoint region
[2019-12-09T04:07:38.422+0000][1][safepoint    ] Total time for which application threads were stopped: 0.0000817 seconds, Stopping threads took: 0.0000177 seconds
[2019-12-09T04:07:39.422+0000][1][safepoint    ] Application time: 1.0000755 seconds
[2019-12-09T04:07:39.422+0000][1][safepoint    ] Entering safepoint region: Cleanup
[2019-12-09T04:07:39.422+0000][1][safepoint    ] Leaving safepoint region
[2019-12-09T04:07:39.422+0000][1][safepoint    ] Total time for which application threads were stopped: 0.0000821 seconds, Stopping threads took: 0.0000172 seconds
[2019-12-09T04:07:40.422+0000][1][safepoint    ] Application time: 1.0000749 seconds
[2019-12-09T04:07:40.422+0000][1][safepoint    ] Entering safepoint region: Cleanup
[2019-12-09T04:07:40.422+0000][1][safepoint    ] Leaving safepoint region
[2019-12-09T04:07:40.422+0000][1][safepoint    ] Total time for which application threads were stopped: 0.0000803 seconds, Stopping threads took: 0.0000165 seconds
[2019-12-09T04:07:41.423+0000][1][safepoint    ] Application time: 1.0000755 seconds
[2019-12-09T04:07:41.423+0000][1][safepoint    ] Entering safepoint region: Cleanup
[2019-12-09T04:07:41.423+0000][1][safepoint    ] Leaving safepoint region
[2019-12-09T04:07:41.423+0000][1][safepoint    ] Total time for which application threads were stopped: 0.0000907 seconds, Stopping threads took: 0.0000183 seconds
[2019-12-09T04:07:42.423+0000][1][safepoint    ] Application time: 1.0000742 seconds
[2019-12-09T04:07:42.423+0000][1][safepoint    ] Entering safepoint region: Cleanup
[2019-12-09T04:07:42.423+0000][1][safepoint    ] Leaving safepoint region
[2019-12-09T04:07:42.423+0000][1][safepoint    ] Total time for which application threads were stopped: 0.0000803 seconds, Stopping threads took: 0.0000186 seconds
[2019-12-09T04:07:43.423+0000][1][safepoint    ] Application time: 1.0000804 seconds
[2019-12-09T04:07:43.423+0000][1][safepoint    ] Entering safepoint region: Cleanup
[2019-12-09T04:07:43.423+0000][1][safepoint    ] Leaving safepoint region
[2019-12-09T04:07:43.423+0000][1][safepoint    ] Total time for which application threads were stopped: 0.0000899 seconds, Stopping threads took: 0.0000185 seconds
[2019-12-09T04:07:44.423+0000][1][safepoint    ] Application time: 1.0000754 seconds
[2019-12-09T04:07:44.423+0000][1][safepoint    ] Entering safepoint region: Cleanup
[2019-12-09T04:07:44.423+0000][1][safepoint    ] Leaving safepoint region
[2019-12-09T04:07:44.423+0000][1][safepoint    ] Total time for which application threads were stopped: 0.0000843 seconds, Stopping threads took: 0.0000186 seconds
[2019-12-09T04:07:45.423+0000][1][safepoint    ] Application time: 1.0000759 seconds
[2019-12-09T04:07:45.423+0000][1][safepoint    ] Entering safepoint region: Cleanup
[2019-12-09T04:07:45.423+0000][1][safepoint    ] Leaving safepoint region
[2019-12-09T04:07:45.423+0000][1][safepoint    ] Total time for which application threads were stopped: 0.0000817 seconds, Stopping threads took: 0.0000187 seconds
[2019-12-09T04:07:46.424+0000][1][safepoint    ] Application time: 1.0000772 seconds
[2019-12-09T04:07:46.424+0000][1][safepoint    ] Entering safepoint region: Cleanup
[2019-12-09T04:07:46.424+0000][1][safepoint    ] Leaving safepoint region
[2019-12-09T04:07:46.424+0000][1][safepoint    ] Total time for which application threads were stopped: 0.0000852 seconds, Stopping threads took: 0.0000218 seconds
[2019-12-09T04:07:47.424+0000][1][safepoint    ] Application time: 1.0000821 seconds
[2019-12-09T04:07:47.424+0000][1][safepoint    ] Entering safepoint region: Cleanup
[2019-12-09T04:07:47.424+0000][1][safepoint    ] Leaving safepoint region
[2019-12-09T04:07:47.424+0000][1][safepoint    ] Total time for which application threads were stopped: 0.0000806 seconds, Stopping threads took: 0.0000181 seconds
[2019-12-09T04:07:48.832+0000][1][safepoint    ] Application time: 1.4079705 seconds
[2019-12-09T04:07:48.832+0000][1][safepoint    ] Entering safepoint region: Cleanup
[2019-12-09T04:07:48.832+0000][1][safepoint    ] Leaving safepoint region
[2019-12-09T04:07:48.832+0000][1][safepoint    ] Total time for which application threads were stopped: 0.0002493 seconds, Stopping threads took: 0.0000199 seconds
[2019-12-09T04:07:49.832+0000][1][safepoint    ] Application time: 1.0000754 seconds
[2019-12-09T04:07:49.832+0000][1][safepoint    ] Entering safepoint region: Cleanup
[2019-12-09T04:07:49.832+0000][1][safepoint    ] Leaving safepoint region
[2019-12-09T04:07:49.832+0000][1][safepoint    ] Total time for which application threads were stopped: 0.0000865 seconds, Stopping threads took: 0.0000199 seconds
[2019-12-09T04:07:50.832+0000][1][safepoint    ] Application time: 1.0000890 seconds
[2019-12-09T04:07:50.832+0000][1][safepoint    ] Entering safepoint region: Cleanup
[2019-12-09T04:07:50.833+0000][1][safepoint    ] Leaving safepoint region
[2019-12-09T04:07:50.833+0000][1][safepoint    ] Total time for which application threads were stopped: 0.0001246 seconds, Stopping threads took: 0.0000287 seconds
[2019-12-09T04:07:51.833+0000][1][safepoint    ] Application time: 1.0000880 seconds
[2019-12-09T04:07:51.833+0000][1][safepoint    ] Entering safepoint region: Cleanup
[2019-12-09T04:07:51.833+0000][1][safepoint    ] Leaving safepoint region
[2019-12-09T04:07:51.833+0000][1][safepoint    ] Total time for which application threads were stopped: 0.0000897 seconds, Stopping threads took: 0.0000222 seconds
[2019-12-09T04:07:52.833+0000][1][safepoint    ] Application time: 1.0000772 seconds
[2019-12-09T04:07:52.833+0000][1][safepoint    ] Entering safepoint region: Cleanup
[2019-12-09T04:07:52.833+0000][1][safepoint    ] Leaving safepoint region
[2019-12-09T04:07:52.833+0000][1][safepoint    ] Total time for which application threads were stopped: 0.0000844 seconds, Stopping threads took: 0.0000187 seconds
[2019-12-09T04:07:53.833+0000][1][safepoint    ] Application time: 1.0000781 seconds
[2019-12-09T04:07:53.833+0000][1][safepoint    ] Entering safepoint region: Cleanup
[2019-12-09T04:07:53.833+0000][1][safepoint    ] Leaving safepoint region
[2019-12-09T04:07:53.833+0000][1][safepoint    ] Total time for which application threads were stopped: 0.0000891 seconds, Stopping threads took: 0.0000195 seconds
[2019-12-09T04:07:54.833+0000][1][safepoint    ] Application time: 1.0000771 seconds
[2019-12-09T04:07:54.833+0000][1][safepoint    ] Entering safepoint region: Cleanup
[2019-12-09T04:07:54.833+0000][1][safepoint    ] Leaving safepoint region
[2019-12-09T04:07:54.833+0000][1][safepoint    ] Total time for which application threads were stopped: 0.0000854 seconds, Stopping threads took: 0.0000184 seconds
[2019-12-09T04:07:55.834+0000][1][safepoint    ] Application time: 1.0000762 seconds
[2019-12-09T04:07:55.834+0000][1][safepoint    ] Entering safepoint region: Cleanup
[2019-12-09T04:07:55.834+0000][1][safepoint    ] Leaving safepoint region
[2019-12-09T04:07:55.834+0000][1][safepoint    ] Total time for which application threads were stopped: 0.0000844 seconds, Stopping threads took: 0.0000178 seconds
[2019-12-09T04:07:56.834+0000][1][safepoint    ] Application time: 1.0000763 seconds
[2019-12-09T04:07:56.834+0000][1][safepoint    ] Entering safepoint region: Cleanup
[2019-12-09T04:07:56.834+0000][1][safepoint    ] Leaving safepoint region
[2019-12-09T04:07:56.834+0000][1][safepoint    ] Total time for which application threads were stopped: 0.0000851 seconds, Stopping threads took: 0.0000185 seconds
[2019-12-09T04:07:57.834+0000][1][safepoint    ] Application time: 1.0000765 seconds
[2019-12-09T04:07:57.834+0000][1][safepoint    ] Entering safepoint region: Cleanup
[2019-12-09T04:07:57.834+0000][1][safepoint    ] Leaving safepoint region
[2019-12-09T04:07:57.834+0000][1][safepoint    ] Total time for which application threads were stopped: 0.0000861 seconds, Stopping threads took: 0.0000209 seconds
[2019-12-09T04:07:58.834+0000][1][safepoint    ] Application time: 1.0000772 seconds
[2019-12-09T04:07:58.834+0000][1][safepoint    ] Entering safepoint region: Cleanup
[2019-12-09T04:07:58.834+0000][1][safepoint    ] Leaving safepoint region
[2019-12-09T04:07:58.834+0000][1][safepoint    ] Total time for which application threads were stopped: 0.0000901 seconds, Stopping threads took: 0.0000196 seconds
[2019-12-09T04:07:59.834+0000][1][safepoint    ] Application time: 1.0000759 seconds
[2019-12-09T04:07:59.834+0000][1][safepoint    ] Entering safepoint region: Cleanup
[2019-12-09T04:07:59.834+0000][1][safepoint    ] Leaving safepoint region
[2019-12-09T04:07:59.834+0000][1][safepoint    ] Total time for which application threads were stopped: 0.0000895 seconds, Stopping threads took: 0.0000204 seconds
[2019-12-09T04:08:00.835+0000][1][safepoint    ] Application time: 1.0000763 seconds
[2019-12-09T04:08:00.835+0000][1][safepoint    ] Entering safepoint region: Cleanup
[2019-12-09T04:08:00.835+0000][1][safepoint    ] Leaving safepoint region
[2019-12-09T04:08:00.835+0000][1][safepoint    ] Total time for which application threads were stopped: 0.0001007 seconds, Stopping threads took: 0.0000199 seconds
[2019-12-09T04:08:01.835+0000][1][safepoint    ] Application time: 1.0000784 seconds
[2019-12-09T04:08:01.835+0000][1][safepoint    ] Entering safepoint region: Cleanup
[2019-12-09T04:08:01.835+0000][1][safepoint    ] Leaving safepoint region
[2019-12-09T04:08:01.835+0000][1][safepoint    ] Total time for which application threads were stopped: 0.0000943 seconds, Stopping threads took: 0.0000281 seconds
[2019-12-09T04:08:02.835+0000][1][safepoint    ] Application time: 1.0000785 seconds
[2019-12-09T04:08:02.835+0000][1][safepoint    ] Entering safepoint region: Cleanup
[2019-12-09T04:08:02.835+0000][1][safepoint    ] Leaving safepoint region
[2019-12-09T04:08:02.835+0000][1][safepoint    ] Total time for which application threads were stopped: 0.0000879 seconds, Stopping threads took: 0.0000203 seconds
[2019-12-09T04:08:03.835+0000][1][safepoint    ] Application time: 1.0000772 seconds
[2019-12-09T04:08:03.835+0000][1][safepoint    ] Entering safepoint region: Cleanup
[2019-12-09T04:08:03.835+0000][1][safepoint    ] Leaving safepoint region
[2019-12-09T04:08:03.835+0000][1][safepoint    ] Total time for which application threads were stopped: 0.0000843 seconds, Stopping threads took: 0.0000181 seconds
[2019-12-09T04:08:04.835+0000][1][safepoint    ] Application time: 1.0000761 seconds
[2019-12-09T04:08:04.835+0000][1][safepoint    ] Entering safepoint region: Cleanup
[2019-12-09T04:08:04.836+0000][1][safepoint    ] Leaving safepoint region
[2019-12-09T04:08:04.836+0000][1][safepoint    ] Total time for which application threads were stopped: 0.0000840 seconds, Stopping threads took: 0.0000189 seconds
[2019-12-09T04:08:05.836+0000][1][safepoint    ] Application time: 1.0000770 seconds
[2019-12-09T04:08:05.836+0000][1][safepoint    ] Entering safepoint region: Cleanup
[2019-12-09T04:08:05.836+0000][1][safepoint    ] Leaving safepoint region
[2019-12-09T04:08:05.836+0000][1][safepoint    ] Total time for which application threads were stopped: 0.0000969 seconds, Stopping threads took: 0.0000197 seconds
[2019-12-09T04:08:06.836+0000][1][safepoint    ] Application time: 1.0000768 seconds
[2019-12-09T04:08:06.836+0000][1][safepoint    ] Entering safepoint region: Cleanup
[2019-12-09T04:08:06.836+0000][1][safepoint    ] Leaving safepoint region
[2019-12-09T04:08:06.836+0000][1][safepoint    ] Total time for which application threads were stopped: 0.0000850 seconds, Stopping threads took: 0.0000188 seconds
[2019-12-09T04:08:07.836+0000][1][safepoint    ] Application time: 1.0000784 seconds
[2019-12-09T04:08:07.836+0000][1][safepoint    ] Entering safepoint region: Cleanup
[2019-12-09T04:08:07.836+0000][1][safepoint    ] Leaving safepoint region
[2019-12-09T04:08:07.836+0000][1][safepoint    ] Total time for which application threads were stopped: 0.0000848 seconds, Stopping threads took: 0.0000186 seconds
[2019-12-09T04:08:08.836+0000][1][safepoint    ] Application time: 1.0000750 seconds
[2019-12-09T04:08:08.836+0000][1][safepoint    ] Entering safepoint region: Cleanup
[2019-12-09T04:08:08.836+0000][1][safepoint    ] Leaving safepoint region
[2019-12-09T04:08:08.836+0000][1][safepoint    ] Total time for which application threads were stopped: 0.0000866 seconds, Stopping threads took: 0.0000196 seconds
[2019-12-09T04:08:09.836+0000][1][safepoint    ] Application time: 1.0000769 seconds
[2019-12-09T04:08:09.837+0000][1][safepoint    ] Entering safepoint region: Cleanup
[2019-12-09T04:08:09.837+0000][1][safepoint    ] Leaving safepoint region
[2019-12-09T04:08:09.837+0000][1][safepoint    ] Total time for which application threads were stopped: 0.0000859 seconds, Stopping threads took: 0.0000185 seconds
[2019-12-09T04:08:10.837+0000][1][safepoint    ] Application time: 1.0000778 seconds
[2019-12-09T04:08:10.837+0000][1][safepoint    ] Entering safepoint region: Cleanup
[2019-12-09T04:08:10.837+0000][1][safepoint    ] Leaving safepoint region
[2019-12-09T04:08:10.837+0000][1][safepoint    ] Total time for which application threads were stopped: 0.0000881 seconds, Stopping threads took: 0.0000199 seconds
[2019-12-09T04:08:11.837+0000][1][safepoint    ] Application time: 1.0000774 seconds
[2019-12-09T04:08:11.837+0000][1][safepoint    ] Entering safepoint region: Cleanup
[2019-12-09T04:08:11.837+0000][1][safepoint    ] Leaving safepoint region
[2019-12-09T04:08:11.837+0000][1][safepoint    ] Total time for which application threads were stopped: 0.0000881 seconds, Stopping threads took: 0.0000203 seconds
[2019-12-09T04:08:12.837+0000][1][safepoint    ] Application time: 1.0000763 seconds
[2019-12-09T04:08:12.837+0000][1][safepoint    ] Entering safepoint region: Cleanup
[2019-12-09T04:08:12.837+0000][1][safepoint    ] Leaving safepoint region
[2019-12-09T04:08:12.837+0000][1][safepoint    ] Total time for which application threads were stopped: 0.0000855 seconds, Stopping threads took: 0.0000194 seconds
[2019-12-09T04:08:13.837+0000][1][safepoint    ] Application time: 1.0000762 seconds
[2019-12-09T04:08:13.837+0000][1][safepoint    ] Entering safepoint region: Cleanup
[2019-12-09T04:08:13.837+0000][1][safepoint    ] Leaving safepoint region
[2019-12-09T04:08:13.837+0000][1][safepoint    ] Total time for which application threads were stopped: 0.0000852 seconds, Stopping threads took: 0.0000184 seconds
[2019-12-09T04:08:14.838+0000][1][safepoint    ] Application time: 1.0000799 seconds
[2019-12-09T04:08:14.838+0000][1][safepoint    ] Entering safepoint region: Cleanup
[2019-12-09T04:08:14.838+0000][1][safepoint    ] Leaving safepoint region
[2019-12-09T04:08:14.838+0000][1][safepoint    ] Total time for which application threads were stopped: 0.0000841 seconds, Stopping threads took: 0.0000179 seconds
[2019-12-09T04:08:15.838+0000][1][safepoint    ] Application time: 1.0000767 seconds
[2019-12-09T04:08:15.838+0000][1][safepoint    ] Entering safepoint region: Cleanup
[2019-12-09T04:08:15.838+0000][1][safepoint    ] Leaving safepoint region
[2019-12-09T04:08:15.838+0000][1][safepoint    ] Total time for which application threads were stopped: 0.0000928 seconds, Stopping threads took: 0.0000196 seconds
[2019-12-09T04:08:16.838+0000][1][safepoint    ] Application time: 1.0000768 seconds
[2019-12-09T04:08:16.838+0000][1][safepoint    ] Entering safepoint region: Cleanup
[2019-12-09T04:08:16.838+0000][1][safepoint    ] Leaving safepoint region
[2019-12-09T04:08:16.838+0000][1][safepoint    ] Total time for which application threads were stopped: 0.0000841 seconds, Stopping threads took: 0.0000192 seconds
[2019-12-09T04:08:17.838+0000][1][safepoint    ] Application time: 1.0000763 seconds
[2019-12-09T04:08:17.838+0000][1][safepoint    ] Entering safepoint region: Cleanup
[2019-12-09T04:08:17.838+0000][1][safepoint    ] Leaving safepoint region
[2019-12-09T04:08:17.838+0000][1][safepoint    ] Total time for which application threads were stopped: 0.0000877 seconds, Stopping threads took: 0.0000197 seconds
[2019-12-09T04:08:18.838+0000][1][safepoint    ] Application time: 1.0000762 seconds
[2019-12-09T04:08:18.838+0000][1][safepoint    ] Entering safepoint region: Cleanup
[2019-12-09T04:08:18.838+0000][1][safepoint    ] Leaving safepoint region
[2019-12-09T04:08:18.838+0000][1][safepoint    ] Total time for which application threads were stopped: 0.0000910 seconds, Stopping threads took: 0.0000194 seconds
[2019-12-09T04:08:19.839+0000][1][safepoint    ] Application time: 1.0000769 seconds
[2019-12-09T04:08:19.839+0000][1][safepoint    ] Entering safepoint region: Cleanup
[2019-12-09T04:08:19.839+0000][1][safepoint    ] Leaving safepoint region
[2019-12-09T04:08:19.839+0000][1][safepoint    ] Total time for which application threads were stopped: 0.0000896 seconds, Stopping threads took: 0.0000211 seconds
[2019-12-09T04:08:20.839+0000][1][safepoint    ] Application time: 1.0000805 seconds
[2019-12-09T04:08:20.839+0000][1][safepoint    ] Entering safepoint region: Cleanup
[2019-12-09T04:08:20.839+0000][1][safepoint    ] Leaving safepoint region
[2019-12-09T04:08:20.839+0000][1][safepoint    ] Total time for which application threads were stopped: 0.0000867 seconds, Stopping threads took: 0.0000199 seconds
[2019-12-09T04:08:21.839+0000][1][safepoint    ] Application time: 1.0000782 seconds
[2019-12-09T04:08:21.839+0000][1][safepoint    ] Entering safepoint region: Cleanup
[2019-12-09T04:08:21.839+0000][1][safepoint    ] Leaving safepoint region
[2019-12-09T04:08:21.839+0000][1][safepoint    ] Total time for which application threads were stopped: 0.0000913 seconds, Stopping threads took: 0.0000182 seconds
[2019-12-09T04:08:22.839+0000][1][safepoint    ] Application time: 1.0000775 seconds
[2019-12-09T04:08:22.839+0000][1][safepoint    ] Entering safepoint region: Cleanup
[2019-12-09T04:08:22.839+0000][1][safepoint    ] Leaving safepoint region
[2019-12-09T04:08:22.839+0000][1][safepoint    ] Total time for which application threads were stopped: 0.0000883 seconds, Stopping threads took: 0.0000201 seconds
[2019-12-09T04:08:23.839+0000][1][safepoint    ] Application time: 1.0000767 seconds
[2019-12-09T04:08:23.839+0000][1][safepoint    ] Entering safepoint region: Cleanup
[2019-12-09T04:08:23.840+0000][1][safepoint    ] Leaving safepoint region
[2019-12-09T04:08:23.840+0000][1][safepoint    ] Total time for which application threads were stopped: 0.0000994 seconds, Stopping threads took: 0.0000197 seconds
[2019-12-09T04:08:24.840+0000][1][safepoint    ] Application time: 1.0000772 seconds
[2019-12-09T04:08:24.840+0000][1][safepoint    ] Entering safepoint region: Cleanup
[2019-12-09T04:08:24.840+0000][1][safepoint    ] Leaving safepoint region
[2019-12-09T04:08:24.840+0000][1][safepoint    ] Total time for which application threads were stopped: 0.0000959 seconds, Stopping threads took: 0.0000311 seconds
[2019-12-09T04:08:25.840+0000][1][safepoint    ] Application time: 1.0000755 seconds
[2019-12-09T04:08:25.840+0000][1][safepoint    ] Entering safepoint region: Cleanup
[2019-12-09T04:08:25.840+0000][1][safepoint    ] Leaving safepoint region
[2019-12-09T04:08:25.840+0000][1][safepoint    ] Total time for which application threads were stopped: 0.0000855 seconds, Stopping threads took: 0.0000198 seconds
[2019-12-09T04:08:26.840+0000][1][safepoint    ] Application time: 1.0000875 seconds
[2019-12-09T04:08:26.840+0000][1][safepoint    ] Entering safepoint region: Cleanup
[2019-12-09T04:08:26.840+0000][1][safepoint    ] Leaving safepoint region
[2019-12-09T04:08:26.840+0000][1][safepoint    ] Total time for which application threads were stopped: 0.0001294 seconds, Stopping threads took: 0.0000266 seconds
[2019-12-09T04:08:27.840+0000][1][safepoint    ] Application time: 1.0000790 seconds
[2019-12-09T04:08:27.840+0000][1][safepoint    ] Entering safepoint region: Cleanup
[2019-12-09T04:08:27.840+0000][1][safepoint    ] Leaving safepoint region
[2019-12-09T04:08:27.840+0000][1][safepoint    ] Total time for which application threads were stopped: 0.0000939 seconds, Stopping threads took: 0.0000209 seconds
[2019-12-09T04:08:28.841+0000][1][safepoint    ] Application time: 1.0000773 seconds
[2019-12-09T04:08:28.841+0000][1][safepoint    ] Entering safepoint region: Cleanup
[2019-12-09T04:08:28.841+0000][1][safepoint    ] Leaving safepoint region
[2019-12-09T04:08:28.841+0000][1][safepoint    ] Total time for which application threads were stopped: 0.0000858 seconds, Stopping threads took: 0.0000184 seconds
[2019-12-09T04:08:29.841+0000][1][safepoint    ] Application time: 1.0000878 seconds
[2019-12-09T04:08:29.841+0000][1][safepoint    ] Entering safepoint region: Cleanup
[2019-12-09T04:08:29.841+0000][1][safepoint    ] Leaving safepoint region
[2019-12-09T04:08:29.841+0000][1][safepoint    ] Total time for which application threads were stopped: 0.0000879 seconds, Stopping threads took: 0.0000201 seconds
[2019-12-09T04:08:30.841+0000][1][safepoint    ] Application time: 1.0000771 seconds
[2019-12-09T04:08:30.841+0000][1][safepoint    ] Entering safepoint region: Cleanup
[2019-12-09T04:08:30.841+0000][1][safepoint    ] Leaving safepoint region
[2019-12-09T04:08:30.841+0000][1][safepoint    ] Total time for which application threads were stopped: 0.0000938 seconds, Stopping threads took: 0.0000186 seconds
[2019-12-09T04:08:31.841+0000][1][safepoint    ] Application time: 1.0000752 seconds
[2019-12-09T04:08:31.841+0000][1][safepoint    ] Entering safepoint region: Cleanup
[2019-12-09T04:08:31.841+0000][1][safepoint    ] Leaving safepoint region
[2019-12-09T04:08:31.841+0000][1][safepoint    ] Total time for which application threads were stopped: 0.0000937 seconds, Stopping threads took: 0.0000277 seconds
[2019-12-09T04:08:32.841+0000][1][safepoint    ] Application time: 1.0000753 seconds
[2019-12-09T04:08:32.841+0000][1][safepoint    ] Entering safepoint region: Cleanup
[2019-12-09T04:08:32.842+0000][1][safepoint    ] Leaving safepoint region
[2019-12-09T04:08:32.842+0000][1][safepoint    ] Total time for which application threads were stopped: 0.0000870 seconds, Stopping threads took: 0.0000197 seconds
[2019-12-09T04:08:33.842+0000][1][safepoint    ] Application time: 1.0000782 seconds
[2019-12-09T04:08:33.842+0000][1][safepoint    ] Entering safepoint region: Cleanup
[2019-12-09T04:08:33.842+0000][1][safepoint    ] Leaving safepoint region
[2019-12-09T04:08:33.842+0000][1][safepoint    ] Total time for which application threads were stopped: 0.0000961 seconds, Stopping threads took: 0.0000183 seconds
[2019-12-09T04:08:34.842+0000][1][safepoint    ] Application time: 1.0000733 seconds
[2019-12-09T04:08:34.842+0000][1][safepoint    ] Entering safepoint region: Cleanup
[2019-12-09T04:08:34.842+0000][1][safepoint    ] Leaving safepoint region
[2019-12-09T04:08:34.842+0000][1][safepoint    ] Total time for which application threads were stopped: 0.0000828 seconds, Stopping threads took: 0.0000179 seconds
[2019-12-09T04:08:35.842+0000][1][safepoint    ] Application time: 1.0000766 seconds
[2019-12-09T04:08:35.842+0000][1][safepoint    ] Entering safepoint region: Cleanup
[2019-12-09T04:08:35.842+0000][1][safepoint    ] Leaving safepoint region
[2019-12-09T04:08:35.842+0000][1][safepoint    ] Total time for which application threads were stopped: 0.0000844 seconds, Stopping threads took: 0.0000191 seconds
[2019-12-09T04:08:36.842+0000][1][safepoint    ] Application time: 1.0000749 seconds
[2019-12-09T04:08:36.842+0000][1][safepoint    ] Entering safepoint region: Cleanup
[2019-12-09T04:08:36.842+0000][1][safepoint    ] Leaving safepoint region
[2019-12-09T04:08:36.842+0000][1][safepoint    ] Total time for which application threads were stopped: 0.0000852 seconds, Stopping threads took: 0.0000204 seconds
[2019-12-09T04:08:37.842+0000][1][safepoint    ] Application time: 1.0000855 seconds
[2019-12-09T04:08:37.842+0000][1][safepoint    ] Entering safepoint region: Cleanup
[2019-12-09T04:08:37.843+0000][1][safepoint    ] Leaving safepoint region
[2019-12-09T04:08:37.843+0000][1][safepoint    ] Total time for which application threads were stopped: 0.0000932 seconds, Stopping threads took: 0.0000190 seconds
[2019-12-09T04:08:37.960+0000][1][safepoint    ] Application time: 0.1172538 seconds
[2019-12-09T04:08:37.960+0000][1][safepoint    ] Entering safepoint region: RevokeBias
[2019-12-09T04:08:37.960+0000][1][safepoint    ] Leaving safepoint region
[2019-12-09T04:08:37.960+0000][1][safepoint    ] Total time for which application threads were stopped: 0.0001533 seconds, Stopping threads took: 0.0000245 seconds
[2019-12-09T04:08:37.961+0000][1][safepoint    ] Application time: 0.0005895 seconds
[2019-12-09T04:08:37.961+0000][1][safepoint    ] Entering safepoint region: RevokeBias
[2019-12-09T04:08:37.961+0000][1][safepoint    ] Leaving safepoint region
[2019-12-09T04:08:37.961+0000][1][safepoint    ] Total time for which application threads were stopped: 0.0001060 seconds, Stopping threads took: 0.0000184 seconds
[2019-12-09T04:08:37.961+0000][1][safepoint    ] Application time: 0.0000574 seconds
[2019-12-09T04:08:37.961+0000][1][safepoint    ] Entering safepoint region: RevokeBias
[2019-12-09T04:08:37.961+0000][1][safepoint    ] Leaving safepoint region
[2019-12-09T04:08:37.961+0000][1][safepoint    ] Total time for which application threads were stopped: 0.0000573 seconds, Stopping threads took: 0.0000091 seconds
[2019-12-09T04:08:37.961+0000][1][safepoint    ] Application time: 0.0000473 seconds
[2019-12-09T04:08:37.961+0000][1][safepoint    ] Entering safepoint region: RevokeBias
[2019-12-09T04:08:37.961+0000][1][safepoint    ] Leaving safepoint region
[2019-12-09T04:08:37.961+0000][1][safepoint    ] Total time for which application threads were stopped: 0.0000682 seconds, Stopping threads took: 0.0000138 seconds
[2019-12-09T04:08:37.961+0000][1][safepoint    ] Application time: 0.0000637 seconds
[2019-12-09T04:08:37.961+0000][1][safepoint    ] Entering safepoint region: RevokeBias
[2019-12-09T04:08:37.961+0000][1][safepoint    ] Leaving safepoint region
[2019-12-09T04:08:37.961+0000][1][safepoint    ] Total time for which application threads were stopped: 0.0000548 seconds, Stopping threads took: 0.0000083 seconds
[2019-12-09T04:08:37.961+0000][1][safepoint    ] Application time: 0.0000463 seconds
[2019-12-09T04:08:37.961+0000][1][safepoint    ] Entering safepoint region: RevokeBias
[2019-12-09T04:08:37.961+0000][1][safepoint    ] Leaving safepoint region
[2019-12-09T04:08:37.961+0000][1][safepoint    ] Total time for which application threads were stopped: 0.0000450 seconds, Stopping threads took: 0.0000074 seconds
[2019-12-09T04:08:37.961+0000][1][safepoint    ] Application time: 0.0000486 seconds
[2019-12-09T04:08:37.961+0000][1][safepoint    ] Entering safepoint region: RevokeBias
[2019-12-09T04:08:37.961+0000][1][safepoint    ] Leaving safepoint region
[2019-12-09T04:08:37.961+0000][1][safepoint    ] Total time for which application threads were stopped: 0.0000398 seconds, Stopping threads took: 0.0000074 seconds
[2019-12-09T04:08:37.961+0000][1][safepoint    ] Application time: 0.0000469 seconds
[2019-12-09T04:08:37.961+0000][1][safepoint    ] Entering safepoint region: RevokeBias
[2019-12-09T04:08:37.961+0000][1][safepoint    ] Leaving safepoint region
[2019-12-09T04:08:37.961+0000][1][safepoint    ] Total time for which application threads were stopped: 0.0000329 seconds, Stopping threads took: 0.0000061 seconds
[2019-12-09T04:08:37.962+0000][1][safepoint    ] Application time: 0.0000508 seconds
[2019-12-09T04:08:37.962+0000][1][safepoint    ] Entering safepoint region: RevokeBias
[2019-12-09T04:08:37.962+0000][1][safepoint    ] Leaving safepoint region
[2019-12-09T04:08:37.962+0000][1][safepoint    ] Total time for which application threads were stopped: 0.0000397 seconds, Stopping threads took: 0.0000107 seconds
[2019-12-09T04:08:38.055+0000][1][safepoint    ] Application time: 0.0931667 seconds
[2019-12-09T04:08:38.055+0000][1][safepoint    ] Entering safepoint region: GenCollectForAllocation
[2019-12-09T04:08:38.055+0000][1][gc,start     ] GC(56) Pause Young (Allocation Failure)
[2019-12-09T04:08:38.055+0000][1][gc,task      ] GC(56) Using 2 workers of 2 for evacuation
[2019-12-09T04:08:38.059+0000][1][gc,age       ] GC(56) Desired survivor size 4456448 bytes, new threshold 6 (max threshold 6)
[2019-12-09T04:08:38.059+0000][1][gc,age       ] GC(56) Age table with threshold 6 (max threshold 6)
[2019-12-09T04:08:38.059+0000][1][gc,age       ] GC(56) - age   1:     271000 bytes,     271000 total
[2019-12-09T04:08:38.059+0000][1][gc,age       ] GC(56) - age   2:        440 bytes,     271440 total
[2019-12-09T04:08:38.059+0000][1][gc,age       ] GC(56) - age   3:       5200 bytes,     276640 total
[2019-12-09T04:08:38.059+0000][1][gc,age       ] GC(56) - age   4:       3048 bytes,     279688 total
[2019-12-09T04:08:38.059+0000][1][gc,age       ] GC(56) - age   5:        872 bytes,     280560 total
[2019-12-09T04:08:38.059+0000][1][gc,age       ] GC(56) - age   6:       4992 bytes,     285552 total
[2019-12-09T04:08:38.059+0000][1][gc,heap      ] GC(56) ParNew: 70135K->346K(78656K)
[2019-12-09T04:08:38.059+0000][1][gc,heap      ] GC(56) CMS: 119233K->119357K(174784K)
[2019-12-09T04:08:38.059+0000][1][gc,metaspace ] GC(56) Metaspace: 83347K->83347K(1126400K)
[2019-12-09T04:08:38.059+0000][1][gc           ] GC(56) Pause Young (Allocation Failure) 184M->116M(247M) 4.172ms
[2019-12-09T04:08:38.059+0000][1][gc,cpu       ] GC(56) User=0.01s Sys=0.00s Real=0.00s
[2019-12-09T04:08:38.059+0000][1][safepoint    ] Leaving safepoint region
[2019-12-09T04:08:38.059+0000][1][safepoint    ] Total time for which application threads were stopped: 0.0044523 seconds, Stopping threads took: 0.0000269 seconds
[2019-12-09T04:08:39.059+0000][1][safepoint    ] Application time: 1.0000811 seconds
[2019-12-09T04:08:39.059+0000][1][safepoint    ] Entering safepoint region: Cleanup
[2019-12-09T04:08:39.059+0000][1][safepoint    ] Leaving safepoint region
[2019-12-09T04:08:39.059+0000][1][safepoint    ] Total time for which application threads were stopped: 0.0001141 seconds, Stopping threads took: 0.0000168 seconds
[2019-12-09T04:08:40.060+0000][1][safepoint    ] Application time: 1.0000741 seconds
[2019-12-09T04:08:40.060+0000][1][safepoint    ] Entering safepoint region: Cleanup
[2019-12-09T04:08:40.060+0000][1][safepoint    ] Leaving safepoint region
[2019-12-09T04:08:40.060+0000][1][safepoint    ] Total time for which application threads were stopped: 0.0000788 seconds, Stopping threads took: 0.0000143 seconds
[2019-12-09T04:08:41.060+0000][1][safepoint    ] Application time: 1.0000885 seconds
[2019-12-09T04:08:41.060+0000][1][safepoint    ] Entering safepoint region: Cleanup
[2019-12-09T04:08:41.060+0000][1][safepoint    ] Leaving safepoint region
[2019-12-09T04:08:41.060+0000][1][safepoint    ] Total time for which application threads were stopped: 0.0000816 seconds, Stopping threads took: 0.0000175 seconds
[2019-12-09T04:08:42.060+0000][1][safepoint    ] Application time: 1.0000755 seconds
[2019-12-09T04:08:42.060+0000][1][safepoint    ] Entering safepoint region: Cleanup
[2019-12-09T04:08:42.060+0000][1][safepoint    ] Leaving safepoint region
[2019-12-09T04:08:42.060+0000][1][safepoint    ] Total time for which application threads were stopped: 0.0000858 seconds, Stopping threads took: 0.0000200 seconds
[2019-12-09T04:08:43.060+0000][1][safepoint    ] Application time: 1.0000752 seconds
[2019-12-09T04:08:43.060+0000][1][safepoint    ] Entering safepoint region: Cleanup
[2019-12-09T04:08:43.060+0000][1][safepoint    ] Leaving safepoint region
[2019-12-09T04:08:43.060+0000][1][safepoint    ] Total time for which application threads were stopped: 0.0000929 seconds, Stopping threads took: 0.0000187 seconds
[2019-12-09T04:08:44.060+0000][1][safepoint    ] Application time: 1.0000779 seconds
[2019-12-09T04:08:44.060+0000][1][safepoint    ] Entering safepoint region: Cleanup
[2019-12-09T04:08:44.060+0000][1][safepoint    ] Leaving safepoint region
[2019-12-09T04:08:44.061+0000][1][safepoint    ] Total time for which application threads were stopped: 0.0000880 seconds, Stopping threads took: 0.0000211 seconds
[2019-12-09T04:08:45.061+0000][1][safepoint    ] Application time: 1.0000761 seconds
[2019-12-09T04:08:45.061+0000][1][safepoint    ] Entering safepoint region: Cleanup
[2019-12-09T04:08:45.061+0000][1][safepoint    ] Leaving safepoint region
[2019-12-09T04:08:45.061+0000][1][safepoint    ] Total time for which application threads were stopped: 0.0000944 seconds, Stopping threads took: 0.0000178 seconds
[2019-12-09T04:08:46.061+0000][1][safepoint    ] Application time: 1.0000826 seconds
[2019-12-09T04:08:46.061+0000][1][safepoint    ] Entering safepoint region: Cleanup
[2019-12-09T04:08:46.061+0000][1][safepoint    ] Leaving safepoint region
[2019-12-09T04:08:46.061+0000][1][safepoint    ] Total time for which application threads were stopped: 0.0001122 seconds, Stopping threads took: 0.0000261 seconds
[2019-12-09T04:08:47.061+0000][1][safepoint    ] Application time: 1.0000767 seconds
[2019-12-09T04:08:47.061+0000][1][safepoint    ] Entering safepoint region: Cleanup
[2019-12-09T04:08:47.061+0000][1][safepoint    ] Leaving safepoint region
[2019-12-09T04:08:47.061+0000][1][safepoint    ] Total time for which application threads were stopped: 0.0000920 seconds, Stopping threads took: 0.0000263 seconds
[2019-12-09T04:08:48.061+0000][1][safepoint    ] Application time: 1.0000761 seconds
[2019-12-09T04:08:48.061+0000][1][safepoint    ] Entering safepoint region: Cleanup
[2019-12-09T04:08:48.061+0000][1][safepoint    ] Leaving safepoint region
[2019-12-09T04:08:48.061+0000][1][safepoint    ] Total time for which application threads were stopped: 0.0000857 seconds, Stopping threads took: 0.0000200 seconds
[2019-12-09T04:08:49.061+0000][1][safepoint    ] Application time: 1.0000772 seconds
[2019-12-09T04:08:49.062+0000][1][safepoint    ] Entering safepoint region: Cleanup
[2019-12-09T04:08:49.062+0000][1][safepoint    ] Leaving safepoint region
[2019-12-09T04:08:49.062+0000][1][safepoint    ] Total time for which application threads were stopped: 0.0000824 seconds, Stopping threads took: 0.0000163 seconds
[2019-12-09T04:08:50.062+0000][1][safepoint    ] Application time: 1.0000792 seconds
[2019-12-09T04:08:50.062+0000][1][safepoint    ] Entering safepoint region: Cleanup
[2019-12-09T04:08:50.062+0000][1][safepoint    ] Leaving safepoint region
[2019-12-09T04:08:50.062+0000][1][safepoint    ] Total time for which application threads were stopped: 0.0000873 seconds, Stopping threads took: 0.0000214 seconds
[2019-12-09T04:08:51.062+0000][1][safepoint    ] Application time: 1.0000740 seconds
[2019-12-09T04:08:51.062+0000][1][safepoint    ] Entering safepoint region: Cleanup
[2019-12-09T04:08:51.062+0000][1][safepoint    ] Leaving safepoint region
[2019-12-09T04:08:51.062+0000][1][safepoint    ] Total time for which application threads were stopped: 0.0000851 seconds, Stopping threads took: 0.0000198 seconds
[2019-12-09T04:08:52.062+0000][1][safepoint    ] Application time: 1.0000765 seconds
[2019-12-09T04:08:52.062+0000][1][safepoint    ] Entering safepoint region: Cleanup
[2019-12-09T04:08:52.062+0000][1][safepoint    ] Leaving safepoint region
[2019-12-09T04:08:52.062+0000][1][safepoint    ] Total time for which application threads were stopped: 0.0000905 seconds, Stopping threads took: 0.0000174 seconds
[2019-12-09T04:08:53.062+0000][1][safepoint    ] Application time: 1.0000760 seconds
[2019-12-09T04:08:53.062+0000][1][safepoint    ] Entering safepoint region: Cleanup
[2019-12-09T04:08:53.062+0000][1][safepoint    ] Leaving safepoint region
[2019-12-09T04:08:53.062+0000][1][safepoint    ] Total time for which application threads were stopped: 0.0000853 seconds, Stopping threads took: 0.0000217 seconds
[2019-12-09T04:08:54.063+0000][1][safepoint    ] Application time: 1.0000771 seconds
[2019-12-09T04:08:54.063+0000][1][safepoint    ] Entering safepoint region: Cleanup
[2019-12-09T04:08:54.063+0000][1][safepoint    ] Leaving safepoint region
[2019-12-09T04:08:54.063+0000][1][safepoint    ] Total time for which application threads were stopped: 0.0000849 seconds, Stopping threads took: 0.0000203 seconds
[2019-12-09T04:08:55.063+0000][1][safepoint    ] Application time: 1.0000761 seconds
[2019-12-09T04:08:55.063+0000][1][safepoint    ] Entering safepoint region: Cleanup
[2019-12-09T04:08:55.063+0000][1][safepoint    ] Leaving safepoint region
[2019-12-09T04:08:55.063+0000][1][safepoint    ] Total time for which application threads were stopped: 0.0000835 seconds, Stopping threads took: 0.0000192 seconds
[2019-12-09T04:08:56.063+0000][1][safepoint    ] Application time: 1.0000755 seconds
[2019-12-09T04:08:56.063+0000][1][safepoint    ] Entering safepoint region: Cleanup
[2019-12-09T04:08:56.063+0000][1][safepoint    ] Leaving safepoint region
[2019-12-09T04:08:56.063+0000][1][safepoint    ] Total time for which application threads were stopped: 0.0000866 seconds, Stopping threads took: 0.0000183 seconds
[2019-12-09T04:08:57.063+0000][1][safepoint    ] Application time: 1.0000822 seconds
[2019-12-09T04:08:57.063+0000][1][safepoint    ] Entering safepoint region: Cleanup
[2019-12-09T04:08:57.063+0000][1][safepoint    ] Leaving safepoint region
[2019-12-09T04:08:57.063+0000][1][safepoint    ] Total time for which application threads were stopped: 0.0000851 seconds, Stopping threads took: 0.0000184 seconds
[2019-12-09T04:08:58.063+0000][1][safepoint    ] Application time: 1.0000791 seconds
[2019-12-09T04:08:58.063+0000][1][safepoint    ] Entering safepoint region: Cleanup
[2019-12-09T04:08:58.063+0000][1][safepoint    ] Leaving safepoint region
[2019-12-09T04:08:58.063+0000][1][safepoint    ] Total time for which application threads were stopped: 0.0000848 seconds, Stopping threads took: 0.0000179 seconds
[2019-12-09T04:08:59.064+0000][1][safepoint    ] Application time: 1.0000764 seconds
[2019-12-09T04:08:59.064+0000][1][safepoint    ] Entering safepoint region: Cleanup
[2019-12-09T04:08:59.064+0000][1][safepoint    ] Leaving safepoint region
[2019-12-09T04:08:59.064+0000][1][safepoint    ] Total time for which application threads were stopped: 0.0000990 seconds, Stopping threads took: 0.0000201 seconds
[2019-12-09T04:09:00.064+0000][1][safepoint    ] Application time: 1.0000769 seconds
[2019-12-09T04:09:00.064+0000][1][safepoint    ] Entering safepoint region: Cleanup
[2019-12-09T04:09:00.064+0000][1][safepoint    ] Leaving safepoint region
[2019-12-09T04:09:00.064+0000][1][safepoint    ] Total time for which application threads were stopped: 0.0001000 seconds, Stopping threads took: 0.0000328 seconds
[2019-12-09T04:09:01.064+0000][1][safepoint    ] Application time: 1.0000753 seconds
[2019-12-09T04:09:01.064+0000][1][safepoint    ] Entering safepoint region: Cleanup
[2019-12-09T04:09:01.064+0000][1][safepoint    ] Leaving safepoint region
[2019-12-09T04:09:01.064+0000][1][safepoint    ] Total time for which application threads were stopped: 0.0001072 seconds, Stopping threads took: 0.0000177 seconds
[2019-12-09T04:09:02.064+0000][1][safepoint    ] Application time: 1.0000763 seconds
[2019-12-09T04:09:02.064+0000][1][safepoint    ] Entering safepoint region: Cleanup
[2019-12-09T04:09:02.064+0000][1][safepoint    ] Leaving safepoint region
[2019-12-09T04:09:02.064+0000][1][safepoint    ] Total time for which application threads were stopped: 0.0000832 seconds, Stopping threads took: 0.0000175 seconds
[2019-12-09T04:09:03.064+0000][1][safepoint    ] Application time: 1.0000773 seconds
[2019-12-09T04:09:03.064+0000][1][safepoint    ] Entering safepoint region: Cleanup
[2019-12-09T04:09:03.065+0000][1][safepoint    ] Leaving safepoint region
[2019-12-09T04:09:03.065+0000][1][safepoint    ] Total time for which application threads were stopped: 0.0000820 seconds, Stopping threads took: 0.0000160 seconds
[2019-12-09T04:09:04.065+0000][1][safepoint    ] Application time: 1.0000763 seconds
[2019-12-09T04:09:04.065+0000][1][safepoint    ] Entering safepoint region: Cleanup
[2019-12-09T04:09:04.065+0000][1][safepoint    ] Leaving safepoint region
[2019-12-09T04:09:04.065+0000][1][safepoint    ] Total time for which application threads were stopped: 0.0000856 seconds, Stopping threads took: 0.0000199 seconds
[2019-12-09T04:09:05.956+0000][1][safepoint    ] Application time: 1.8913035 seconds
[2019-12-09T04:09:05.956+0000][1][safepoint    ] Entering safepoint region: Cleanup
[2019-12-09T04:09:05.956+0000][1][safepoint    ] Leaving safepoint region
[2019-12-09T04:09:05.956+0000][1][safepoint    ] Total time for which application threads were stopped: 0.0001261 seconds, Stopping threads took: 0.0000161 seconds
[2019-12-09T04:09:06.956+0000][1][safepoint    ] Application time: 1.0000809 seconds
[2019-12-09T04:09:06.956+0000][1][safepoint    ] Entering safepoint region: Cleanup
[2019-12-09T04:09:06.956+0000][1][safepoint    ] Leaving safepoint region
[2019-12-09T04:09:06.956+0000][1][safepoint    ] Total time for which application threads were stopped: 0.0000952 seconds, Stopping threads took: 0.0000183 seconds
[2019-12-09T04:09:07.957+0000][1][safepoint    ] Application time: 1.0000791 seconds
[2019-12-09T04:09:07.957+0000][1][safepoint    ] Entering safepoint region: Cleanup
[2019-12-09T04:09:07.957+0000][1][safepoint    ] Leaving safepoint region
[2019-12-09T04:09:07.957+0000][1][safepoint    ] Total time for which application threads were stopped: 0.0000886 seconds, Stopping threads took: 0.0000186 seconds
[2019-12-09T04:09:09.911+0000][1][safepoint    ] Application time: 1.9544837 seconds
[2019-12-09T04:09:09.911+0000][1][safepoint    ] Entering safepoint region: Cleanup
[2019-12-09T04:09:09.911+0000][1][safepoint    ] Leaving safepoint region
[2019-12-09T04:09:09.911+0000][1][safepoint    ] Total time for which application threads were stopped: 0.0000869 seconds, Stopping threads took: 0.0000217 seconds
[2019-12-09T04:09:10.911+0000][1][safepoint    ] Application time: 1.0001118 seconds
[2019-12-09T04:09:10.911+0000][1][safepoint    ] Entering safepoint region: Cleanup
[2019-12-09T04:09:10.912+0000][1][safepoint    ] Leaving safepoint region
[2019-12-09T04:09:10.912+0000][1][safepoint    ] Total time for which application threads were stopped: 0.0000858 seconds, Stopping threads took: 0.0000183 seconds
[2019-12-09T04:09:11.912+0000][1][safepoint    ] Application time: 1.0000840 seconds
[2019-12-09T04:09:11.912+0000][1][safepoint    ] Entering safepoint region: Cleanup
[2019-12-09T04:09:11.912+0000][1][safepoint    ] Leaving safepoint region
[2019-12-09T04:09:11.912+0000][1][safepoint    ] Total time for which application threads were stopped: 0.0000967 seconds, Stopping threads took: 0.0000296 seconds
[2019-12-09T04:09:12.912+0000][1][safepoint    ] Application time: 1.0000774 seconds
[2019-12-09T04:09:12.912+0000][1][safepoint    ] Entering safepoint region: Cleanup
[2019-12-09T04:09:12.912+0000][1][safepoint    ] Leaving safepoint region
[2019-12-09T04:09:12.912+0000][1][safepoint    ] Total time for which application threads were stopped: 0.0000878 seconds, Stopping threads took: 0.0000194 seconds
[2019-12-09T04:09:13.912+0000][1][safepoint    ] Application time: 1.0000753 seconds
[2019-12-09T04:09:13.912+0000][1][safepoint    ] Entering safepoint region: Cleanup
[2019-12-09T04:09:13.912+0000][1][safepoint    ] Leaving safepoint region
[2019-12-09T04:09:13.912+0000][1][safepoint    ] Total time for which application threads were stopped: 0.0000851 seconds, Stopping threads took: 0.0000194 seconds
[2019-12-09T04:09:14.912+0000][1][safepoint    ] Application time: 1.0000785 seconds
[2019-12-09T04:09:14.912+0000][1][safepoint    ] Entering safepoint region: Cleanup
[2019-12-09T04:09:14.912+0000][1][safepoint    ] Leaving safepoint region
[2019-12-09T04:09:14.912+0000][1][safepoint    ] Total time for which application threads were stopped: 0.0000830 seconds, Stopping threads took: 0.0000189 seconds
[2019-12-09T04:09:15.912+0000][1][safepoint    ] Application time: 1.0000780 seconds
[2019-12-09T04:09:15.913+0000][1][safepoint    ] Entering safepoint region: Cleanup
[2019-12-09T04:09:15.913+0000][1][safepoint    ] Leaving safepoint region
[2019-12-09T04:09:15.913+0000][1][safepoint    ] Total time for which application threads were stopped: 0.0000876 seconds, Stopping threads took: 0.0000184 seconds
[2019-12-09T04:09:16.913+0000][1][safepoint    ] Application time: 1.0000779 seconds
[2019-12-09T04:09:16.913+0000][1][safepoint    ] Entering safepoint region: Cleanup
[2019-12-09T04:09:16.913+0000][1][safepoint    ] Leaving safepoint region
[2019-12-09T04:09:16.913+0000][1][safepoint    ] Total time for which application threads were stopped: 0.0000984 seconds, Stopping threads took: 0.0000287 seconds
[2019-12-09T04:09:17.913+0000][1][safepoint    ] Application time: 1.0000772 seconds
[2019-12-09T04:09:17.913+0000][1][safepoint    ] Entering safepoint region: Cleanup
[2019-12-09T04:09:17.913+0000][1][safepoint    ] Leaving safepoint region
[2019-12-09T04:09:17.913+0000][1][safepoint    ] Total time for which application threads were stopped: 0.0000856 seconds, Stopping threads took: 0.0000190 seconds
[2019-12-09T04:09:18.913+0000][1][safepoint    ] Application time: 1.0000783 seconds
[2019-12-09T04:09:18.913+0000][1][safepoint    ] Entering safepoint region: Cleanup
[2019-12-09T04:09:18.913+0000][1][safepoint    ] Leaving safepoint region
[2019-12-09T04:09:18.913+0000][1][safepoint    ] Total time for which application threads were stopped: 0.0000847 seconds, Stopping threads took: 0.0000199 seconds
[2019-12-09T04:09:19.913+0000][1][safepoint    ] Application time: 1.0000767 seconds
[2019-12-09T04:09:19.913+0000][1][safepoint    ] Entering safepoint region: Cleanup
[2019-12-09T04:09:19.913+0000][1][safepoint    ] Leaving safepoint region
[2019-12-09T04:09:19.913+0000][1][safepoint    ] Total time for which application threads were stopped: 0.0000845 seconds, Stopping threads took: 0.0000180 seconds
[2019-12-09T04:09:20.914+0000][1][safepoint    ] Application time: 1.0000760 seconds
[2019-12-09T04:09:20.914+0000][1][safepoint    ] Entering safepoint region: Cleanup
[2019-12-09T04:09:20.914+0000][1][safepoint    ] Leaving safepoint region
[2019-12-09T04:09:20.914+0000][1][safepoint    ] Total time for which application threads were stopped: 0.0000844 seconds, Stopping threads took: 0.0000178 seconds
[2019-12-09T04:09:21.914+0000][1][safepoint    ] Application time: 1.0000754 seconds
[2019-12-09T04:09:21.914+0000][1][safepoint    ] Entering safepoint region: Cleanup
[2019-12-09T04:09:21.914+0000][1][safepoint    ] Leaving safepoint region
[2019-12-09T04:09:21.914+0000][1][safepoint    ] Total time for which application threads were stopped: 0.0000841 seconds, Stopping threads took: 0.0000192 seconds
[2019-12-09T04:09:21.920+0000][1][safepoint    ] Application time: 0.0064626 seconds
[2019-12-09T04:09:21.920+0000][1][safepoint    ] Entering safepoint region: GenCollectForAllocation
[2019-12-09T04:09:21.920+0000][1][gc,start     ] GC(57) Pause Young (Allocation Failure)
[2019-12-09T04:09:21.920+0000][1][gc,task      ] GC(57) Using 2 workers of 2 for evacuation
[2019-12-09T04:09:21.922+0000][1][gc,age       ] GC(57) Desired survivor size 4456448 bytes, new threshold 6 (max threshold 6)
[2019-12-09T04:09:21.922+0000][1][gc,age       ] GC(57) Age table with threshold 6 (max threshold 6)
[2019-12-09T04:09:21.922+0000][1][gc,age       ] GC(57) - age   1:       6008 bytes,       6008 total
[2019-12-09T04:09:21.922+0000][1][gc,age       ] GC(57) - age   2:      14296 bytes,      20304 total
[2019-12-09T04:09:21.922+0000][1][gc,age       ] GC(57) - age   3:        440 bytes,      20744 total
[2019-12-09T04:09:21.922+0000][1][gc,age       ] GC(57) - age   4:       5200 bytes,      25944 total
[2019-12-09T04:09:21.922+0000][1][gc,age       ] GC(57) - age   5:       3048 bytes,      28992 total
[2019-12-09T04:09:21.922+0000][1][gc,age       ] GC(57) - age   6:        872 bytes,      29864 total
[2019-12-09T04:09:21.922+0000][1][gc,heap      ] GC(57) ParNew: 70298K->243K(78656K)
[2019-12-09T04:09:21.922+0000][1][gc,heap      ] GC(57) CMS: 119357K->119362K(174784K)
[2019-12-09T04:09:21.922+0000][1][gc,metaspace ] GC(57) Metaspace: 83358K->83358K(1126400K)
[2019-12-09T04:09:21.922+0000][1][gc           ] GC(57) Pause Young (Allocation Failure) 185M->116M(247M) 1.883ms
[2019-12-09T04:09:21.922+0000][1][gc,cpu       ] GC(57) User=0.00s Sys=0.00s Real=0.00s
[2019-12-09T04:09:21.922+0000][1][safepoint    ] Leaving safepoint region
[2019-12-09T04:09:21.922+0000][1][safepoint    ] Total time for which application threads were stopped: 0.0020307 seconds, Stopping threads took: 0.0000157 seconds
[2019-12-09T04:09:22.922+0000][1][safepoint    ] Application time: 1.0000876 seconds
[2019-12-09T04:09:22.923+0000][1][safepoint    ] Entering safepoint region: Cleanup
[2019-12-09T04:09:22.923+0000][1][safepoint    ] Leaving safepoint region
[2019-12-09T04:09:22.923+0000][1][safepoint    ] Total time for which application threads were stopped: 0.0000887 seconds, Stopping threads took: 0.0000219 seconds
[2019-12-09T04:09:23.923+0000][1][safepoint    ] Application time: 1.0000759 seconds
[2019-12-09T04:09:23.923+0000][1][safepoint    ] Entering safepoint region: Cleanup
[2019-12-09T04:09:23.923+0000][1][safepoint    ] Leaving safepoint region
[2019-12-09T04:09:23.923+0000][1][safepoint    ] Total time for which application threads were stopped: 0.0000854 seconds, Stopping threads took: 0.0000195 seconds
[2019-12-09T04:09:24.923+0000][1][safepoint    ] Application time: 1.0000753 seconds
[2019-12-09T04:09:24.923+0000][1][safepoint    ] Entering safepoint region: Cleanup
[2019-12-09T04:09:24.923+0000][1][safepoint    ] Leaving safepoint region
[2019-12-09T04:09:24.923+0000][1][safepoint    ] Total time for which application threads were stopped: 0.0000877 seconds, Stopping threads took: 0.0000199 seconds
[2019-12-09T04:09:25.923+0000][1][safepoint    ] Application time: 1.0000759 seconds
[2019-12-09T04:09:25.923+0000][1][safepoint    ] Entering safepoint region: Cleanup
[2019-12-09T04:09:25.923+0000][1][safepoint    ] Leaving safepoint region
[2019-12-09T04:09:25.923+0000][1][safepoint    ] Total time for which application threads were stopped: 0.0000857 seconds, Stopping threads took: 0.0000189 seconds
[2019-12-09T04:09:26.923+0000][1][safepoint    ] Application time: 1.0000826 seconds
[2019-12-09T04:09:26.923+0000][1][safepoint    ] Entering safepoint region: Cleanup
[2019-12-09T04:09:26.923+0000][1][safepoint    ] Leaving safepoint region
[2019-12-09T04:09:26.923+0000][1][safepoint    ] Total time for which application threads were stopped: 0.0001318 seconds, Stopping threads took: 0.0000584 seconds
[2019-12-09T04:09:27.924+0000][1][safepoint    ] Application time: 1.0000842 seconds
[2019-12-09T04:09:27.924+0000][1][safepoint    ] Entering safepoint region: Cleanup
[2019-12-09T04:09:27.924+0000][1][safepoint    ] Leaving safepoint region
[2019-12-09T04:09:27.924+0000][1][safepoint    ] Total time for which application threads were stopped: 0.0000965 seconds, Stopping threads took: 0.0000178 seconds
[2019-12-09T04:09:28.924+0000][1][safepoint    ] Application time: 1.0000767 seconds
[2019-12-09T04:09:28.924+0000][1][safepoint    ] Entering safepoint region: Cleanup
[2019-12-09T04:09:28.924+0000][1][safepoint    ] Leaving safepoint region
[2019-12-09T04:09:28.924+0000][1][safepoint    ] Total time for which application threads were stopped: 0.0000867 seconds, Stopping threads took: 0.0000210 seconds
[2019-12-09T04:09:29.924+0000][1][safepoint    ] Application time: 1.0000751 seconds
[2019-12-09T04:09:29.924+0000][1][safepoint    ] Entering safepoint region: Cleanup
[2019-12-09T04:09:29.924+0000][1][safepoint    ] Leaving safepoint region
[2019-12-09T04:09:29.924+0000][1][safepoint    ] Total time for which application threads were stopped: 0.0000865 seconds, Stopping threads took: 0.0000185 seconds
[2019-12-09T04:09:30.924+0000][1][safepoint    ] Application time: 1.0000763 seconds
[2019-12-09T04:09:30.924+0000][1][safepoint    ] Entering safepoint region: Cleanup
[2019-12-09T04:09:30.924+0000][1][safepoint    ] Leaving safepoint region
[2019-12-09T04:09:30.924+0000][1][safepoint    ] Total time for which application threads were stopped: 0.0000933 seconds, Stopping threads took: 0.0000202 seconds
[2019-12-09T04:09:31.924+0000][1][safepoint    ] Application time: 1.0000770 seconds
[2019-12-09T04:09:31.924+0000][1][safepoint    ] Entering safepoint region: Cleanup
[2019-12-09T04:09:31.925+0000][1][safepoint    ] Leaving safepoint region
[2019-12-09T04:09:31.925+0000][1][safepoint    ] Total time for which application threads were stopped: 0.0000855 seconds, Stopping threads took: 0.0000189 seconds
[2019-12-09T04:09:32.925+0000][1][safepoint    ] Application time: 1.0000772 seconds
[2019-12-09T04:09:32.925+0000][1][safepoint    ] Entering safepoint region: Cleanup
[2019-12-09T04:09:32.925+0000][1][safepoint    ] Leaving safepoint region
[2019-12-09T04:09:32.925+0000][1][safepoint    ] Total time for which application threads were stopped: 0.0000922 seconds, Stopping threads took: 0.0000276 seconds
[2019-12-09T04:09:33.925+0000][1][safepoint    ] Application time: 1.0000756 seconds
[2019-12-09T04:09:33.925+0000][1][safepoint    ] Entering safepoint region: Cleanup
[2019-12-09T04:09:33.925+0000][1][safepoint    ] Leaving safepoint region
[2019-12-09T04:09:33.925+0000][1][safepoint    ] Total time for which application threads were stopped: 0.0000928 seconds, Stopping threads took: 0.0000186 seconds
[2019-12-09T04:09:34.925+0000][1][safepoint    ] Application time: 1.0000766 seconds
[2019-12-09T04:09:34.925+0000][1][safepoint    ] Entering safepoint region: Cleanup
[2019-12-09T04:09:34.925+0000][1][safepoint    ] Leaving safepoint region
[2019-12-09T04:09:34.925+0000][1][safepoint    ] Total time for which application threads were stopped: 0.0000853 seconds, Stopping threads took: 0.0000188 seconds
[2019-12-09T04:09:35.925+0000][1][safepoint    ] Application time: 1.0000770 seconds
[2019-12-09T04:09:35.925+0000][1][safepoint    ] Entering safepoint region: Cleanup
[2019-12-09T04:09:35.925+0000][1][safepoint    ] Leaving safepoint region
[2019-12-09T04:09:35.925+0000][1][safepoint    ] Total time for which application threads were stopped: 0.0000867 seconds, Stopping threads took: 0.0000194 seconds
[2019-12-09T04:09:36.925+0000][1][safepoint    ] Application time: 1.0000730 seconds
[2019-12-09T04:09:36.926+0000][1][safepoint    ] Entering safepoint region: Cleanup
[2019-12-09T04:09:36.926+0000][1][safepoint    ] Leaving safepoint region
[2019-12-09T04:09:36.926+0000][1][safepoint    ] Total time for which application threads were stopped: 0.0000866 seconds, Stopping threads took: 0.0000189 seconds
[2019-12-09T04:09:37.926+0000][1][safepoint    ] Application time: 1.0000771 seconds
[2019-12-09T04:09:37.926+0000][1][safepoint    ] Entering safepoint region: Cleanup
[2019-12-09T04:09:37.926+0000][1][safepoint    ] Leaving safepoint region
[2019-12-09T04:09:37.926+0000][1][safepoint    ] Total time for which application threads were stopped: 0.0000854 seconds, Stopping threads took: 0.0000197 seconds
[2019-12-09T04:09:38.926+0000][1][safepoint    ] Application time: 1.0000762 seconds
[2019-12-09T04:09:38.926+0000][1][safepoint    ] Entering safepoint region: Cleanup
[2019-12-09T04:09:38.926+0000][1][safepoint    ] Leaving safepoint region
[2019-12-09T04:09:38.926+0000][1][safepoint    ] Total time for which application threads were stopped: 0.0000861 seconds, Stopping threads took: 0.0000183 seconds
[2019-12-09T04:09:39.926+0000][1][safepoint    ] Application time: 1.0000763 seconds
[2019-12-09T04:09:39.926+0000][1][safepoint    ] Entering safepoint region: Cleanup
[2019-12-09T04:09:39.926+0000][1][safepoint    ] Leaving safepoint region
[2019-12-09T04:09:39.926+0000][1][safepoint    ] Total time for which application threads were stopped: 0.0000850 seconds, Stopping threads took: 0.0000185 seconds
[2019-12-09T04:09:40.926+0000][1][safepoint    ] Application time: 1.0000763 seconds
[2019-12-09T04:09:40.926+0000][1][safepoint    ] Entering safepoint region: Cleanup
[2019-12-09T04:09:40.926+0000][1][safepoint    ] Leaving safepoint region
[2019-12-09T04:09:40.926+0000][1][safepoint    ] Total time for which application threads were stopped: 0.0000934 seconds, Stopping threads took: 0.0000250 seconds
[2019-12-09T04:09:41.926+0000][1][safepoint    ] Application time: 1.0000780 seconds
[2019-12-09T04:09:41.927+0000][1][safepoint    ] Entering safepoint region: Cleanup
[2019-12-09T04:09:41.927+0000][1][safepoint    ] Leaving safepoint region
[2019-12-09T04:09:41.927+0000][1][safepoint    ] Total time for which application threads were stopped: 0.0000864 seconds, Stopping threads took: 0.0000196 seconds
[2019-12-09T04:09:42.927+0000][1][safepoint    ] Application time: 1.0000754 seconds
[2019-12-09T04:09:42.927+0000][1][safepoint    ] Entering safepoint region: Cleanup
[2019-12-09T04:09:42.927+0000][1][safepoint    ] Leaving safepoint region
[2019-12-09T04:09:42.927+0000][1][safepoint    ] Total time for which application threads were stopped: 0.0000854 seconds, Stopping threads took: 0.0000191 seconds
[2019-12-09T04:09:43.927+0000][1][safepoint    ] Application time: 1.0000768 seconds
[2019-12-09T04:09:43.927+0000][1][safepoint    ] Entering safepoint region: Cleanup
[2019-12-09T04:09:43.927+0000][1][safepoint    ] Leaving safepoint region
[2019-12-09T04:09:43.927+0000][1][safepoint    ] Total time for which application threads were stopped: 0.0000867 seconds, Stopping threads took: 0.0000211 seconds
[2019-12-09T04:09:44.927+0000][1][safepoint    ] Application time: 1.0000801 seconds
[2019-12-09T04:09:44.927+0000][1][safepoint    ] Entering safepoint region: Cleanup
[2019-12-09T04:09:44.927+0000][1][safepoint    ] Leaving safepoint region
[2019-12-09T04:09:44.927+0000][1][safepoint    ] Total time for which application threads were stopped: 0.0000865 seconds, Stopping threads took: 0.0000205 seconds
[2019-12-09T04:09:45.927+0000][1][safepoint    ] Application time: 1.0000779 seconds
[2019-12-09T04:09:45.927+0000][1][safepoint    ] Entering safepoint region: Cleanup
[2019-12-09T04:09:45.927+0000][1][safepoint    ] Leaving safepoint region
[2019-12-09T04:09:45.927+0000][1][safepoint    ] Total time for which application threads were stopped: 0.0000934 seconds, Stopping threads took: 0.0000195 seconds
[2019-12-09T04:09:46.928+0000][1][safepoint    ] Application time: 1.0000783 seconds
[2019-12-09T04:09:46.928+0000][1][safepoint    ] Entering safepoint region: Cleanup
[2019-12-09T04:09:46.928+0000][1][safepoint    ] Leaving safepoint region
[2019-12-09T04:09:46.928+0000][1][safepoint    ] Total time for which application threads were stopped: 0.0000877 seconds, Stopping threads took: 0.0000203 seconds
[2019-12-09T04:09:47.928+0000][1][safepoint    ] Application time: 1.0000766 seconds
[2019-12-09T04:09:47.928+0000][1][safepoint    ] Entering safepoint region: Cleanup
[2019-12-09T04:09:47.928+0000][1][safepoint    ] Leaving safepoint region
[2019-12-09T04:09:47.928+0000][1][safepoint    ] Total time for which application threads were stopped: 0.0000826 seconds, Stopping threads took: 0.0000175 seconds
[2019-12-09T04:09:48.928+0000][1][safepoint    ] Application time: 1.0000810 seconds
[2019-12-09T04:09:48.928+0000][1][safepoint    ] Entering safepoint region: Cleanup
[2019-12-09T04:09:48.928+0000][1][safepoint    ] Leaving safepoint region
[2019-12-09T04:09:48.928+0000][1][safepoint    ] Total time for which application threads were stopped: 0.0000884 seconds, Stopping threads took: 0.0000208 seconds
[2019-12-09T04:09:49.928+0000][1][safepoint    ] Application time: 1.0000774 seconds
[2019-12-09T04:09:49.928+0000][1][safepoint    ] Entering safepoint region: Cleanup
[2019-12-09T04:09:49.928+0000][1][safepoint    ] Leaving safepoint region
[2019-12-09T04:09:49.928+0000][1][safepoint    ] Total time for which application threads were stopped: 0.0000875 seconds, Stopping threads took: 0.0000187 seconds
[2019-12-09T04:09:50.928+0000][1][safepoint    ] Application time: 1.0000945 seconds
[2019-12-09T04:09:50.928+0000][1][safepoint    ] Entering safepoint region: Cleanup
[2019-12-09T04:09:50.929+0000][1][safepoint    ] Leaving safepoint region
[2019-12-09T04:09:50.929+0000][1][safepoint    ] Total time for which application threads were stopped: 0.0001228 seconds, Stopping threads took: 0.0000331 seconds
[2019-12-09T04:09:51.929+0000][1][safepoint    ] Application time: 1.0000768 seconds
[2019-12-09T04:09:51.929+0000][1][safepoint    ] Entering safepoint region: Cleanup
[2019-12-09T04:09:51.929+0000][1][safepoint    ] Leaving safepoint region
[2019-12-09T04:09:51.929+0000][1][safepoint    ] Total time for which application threads were stopped: 0.0000868 seconds, Stopping threads took: 0.0000199 seconds
[2019-12-09T04:09:52.929+0000][1][safepoint    ] Application time: 1.0000767 seconds
[2019-12-09T04:09:52.929+0000][1][safepoint    ] Entering safepoint region: Cleanup
[2019-12-09T04:09:52.929+0000][1][safepoint    ] Leaving safepoint region
[2019-12-09T04:09:52.929+0000][1][safepoint    ] Total time for which application threads were stopped: 0.0000866 seconds, Stopping threads took: 0.0000197 seconds
[2019-12-09T04:09:53.929+0000][1][safepoint    ] Application time: 1.0000809 seconds
[2019-12-09T04:09:53.929+0000][1][safepoint    ] Entering safepoint region: Cleanup
[2019-12-09T04:09:53.929+0000][1][safepoint    ] Leaving safepoint region
[2019-12-09T04:09:53.929+0000][1][safepoint    ] Total time for which application threads were stopped: 0.0000871 seconds, Stopping threads took: 0.0000192 seconds
[2019-12-09T04:09:54.929+0000][1][safepoint    ] Application time: 1.0000780 seconds
[2019-12-09T04:09:54.929+0000][1][safepoint    ] Entering safepoint region: Cleanup
[2019-12-09T04:09:54.929+0000][1][safepoint    ] Leaving safepoint region
[2019-12-09T04:09:54.929+0000][1][safepoint    ] Total time for which application threads were stopped: 0.0000866 seconds, Stopping threads took: 0.0000200 seconds
[2019-12-09T04:09:55.929+0000][1][safepoint    ] Application time: 1.0000824 seconds
[2019-12-09T04:09:55.930+0000][1][safepoint    ] Entering safepoint region: Cleanup
[2019-12-09T04:09:55.930+0000][1][safepoint    ] Leaving safepoint region
[2019-12-09T04:09:55.930+0000][1][safepoint    ] Total time for which application threads were stopped: 0.0000855 seconds, Stopping threads took: 0.0000183 seconds
[2019-12-09T04:09:56.930+0000][1][safepoint    ] Application time: 1.0000827 seconds
[2019-12-09T04:09:56.930+0000][1][safepoint    ] Entering safepoint region: Cleanup
[2019-12-09T04:09:56.930+0000][1][safepoint    ] Leaving safepoint region
[2019-12-09T04:09:56.930+0000][1][safepoint    ] Total time for which application threads were stopped: 0.0000971 seconds, Stopping threads took: 0.0000252 seconds
[2019-12-09T04:09:57.930+0000][1][safepoint    ] Application time: 1.0000838 seconds
[2019-12-09T04:09:57.930+0000][1][safepoint    ] Entering safepoint region: Cleanup
[2019-12-09T04:09:57.930+0000][1][safepoint    ] Leaving safepoint region
[2019-12-09T04:09:57.930+0000][1][safepoint    ] Total time for which application threads were stopped: 0.0000885 seconds, Stopping threads took: 0.0000211 seconds
[2019-12-09T04:09:58.930+0000][1][safepoint    ] Application time: 1.0000800 seconds
[2019-12-09T04:09:58.930+0000][1][safepoint    ] Entering safepoint region: Cleanup
[2019-12-09T04:09:58.930+0000][1][safepoint    ] Leaving safepoint region
[2019-12-09T04:09:58.930+0000][1][safepoint    ] Total time for which application threads were stopped: 0.0000836 seconds, Stopping threads took: 0.0000192 seconds
[2019-12-09T04:09:59.930+0000][1][safepoint    ] Application time: 1.0000793 seconds
[2019-12-09T04:09:59.930+0000][1][safepoint    ] Entering safepoint region: Cleanup
[2019-12-09T04:09:59.930+0000][1][safepoint    ] Leaving safepoint region
[2019-12-09T04:09:59.930+0000][1][safepoint    ] Total time for which application threads were stopped: 0.0000851 seconds, Stopping threads took: 0.0000185 seconds
[2019-12-09T04:10:00.931+0000][1][safepoint    ] Application time: 1.0000793 seconds
[2019-12-09T04:10:00.931+0000][1][safepoint    ] Entering safepoint region: Cleanup
[2019-12-09T04:10:00.931+0000][1][safepoint    ] Leaving safepoint region
[2019-12-09T04:10:00.931+0000][1][safepoint    ] Total time for which application threads were stopped: 0.0000948 seconds, Stopping threads took: 0.0000285 seconds
[2019-12-09T04:10:01.931+0000][1][safepoint    ] Application time: 1.0000827 seconds
[2019-12-09T04:10:01.931+0000][1][safepoint    ] Entering safepoint region: Cleanup
[2019-12-09T04:10:01.931+0000][1][safepoint    ] Leaving safepoint region
[2019-12-09T04:10:01.931+0000][1][safepoint    ] Total time for which application threads were stopped: 0.0000921 seconds, Stopping threads took: 0.0000199 seconds
[2019-12-09T04:10:02.931+0000][1][safepoint    ] Application time: 1.0000820 seconds
[2019-12-09T04:10:02.931+0000][1][safepoint    ] Entering safepoint region: Cleanup
[2019-12-09T04:10:02.931+0000][1][safepoint    ] Leaving safepoint region
[2019-12-09T04:10:02.931+0000][1][safepoint    ] Total time for which application threads were stopped: 0.0000834 seconds, Stopping threads took: 0.0000196 seconds
[2019-12-09T04:10:03.931+0000][1][safepoint    ] Application time: 1.0000762 seconds
[2019-12-09T04:10:03.931+0000][1][safepoint    ] Entering safepoint region: Cleanup
[2019-12-09T04:10:03.931+0000][1][safepoint    ] Leaving safepoint region
[2019-12-09T04:10:03.931+0000][1][safepoint    ] Total time for which application threads were stopped: 0.0000860 seconds, Stopping threads took: 0.0000194 seconds
[2019-12-09T04:10:04.931+0000][1][safepoint    ] Application time: 1.0000795 seconds
[2019-12-09T04:10:04.931+0000][1][safepoint    ] Entering safepoint region: Cleanup
[2019-12-09T04:10:04.932+0000][1][safepoint    ] Leaving safepoint region
[2019-12-09T04:10:04.932+0000][1][safepoint    ] Total time for which application threads were stopped: 0.0000858 seconds, Stopping threads took: 0.0000203 seconds
[2019-12-09T04:10:05.932+0000][1][safepoint    ] Application time: 1.0000787 seconds
[2019-12-09T04:10:05.932+0000][1][safepoint    ] Entering safepoint region: Cleanup
[2019-12-09T04:10:05.932+0000][1][safepoint    ] Leaving safepoint region
[2019-12-09T04:10:05.932+0000][1][safepoint    ] Total time for which application threads were stopped: 0.0000999 seconds, Stopping threads took: 0.0000199 seconds
[2019-12-09T04:10:06.932+0000][1][safepoint    ] Application time: 1.0000793 seconds
[2019-12-09T04:10:06.932+0000][1][safepoint    ] Entering safepoint region: Cleanup
[2019-12-09T04:10:06.932+0000][1][safepoint    ] Leaving safepoint region
[2019-12-09T04:10:06.932+0000][1][safepoint    ] Total time for which application threads were stopped: 0.0000875 seconds, Stopping threads took: 0.0000194 seconds
[2019-12-09T04:10:07.932+0000][1][safepoint    ] Application time: 1.0000774 seconds
[2019-12-09T04:10:07.932+0000][1][safepoint    ] Entering safepoint region: Cleanup
[2019-12-09T04:10:07.932+0000][1][safepoint    ] Leaving safepoint region
[2019-12-09T04:10:07.932+0000][1][safepoint    ] Total time for which application threads were stopped: 0.0000874 seconds, Stopping threads took: 0.0000228 seconds
[2019-12-09T04:10:08.932+0000][1][safepoint    ] Application time: 1.0000796 seconds
[2019-12-09T04:10:08.932+0000][1][safepoint    ] Entering safepoint region: Cleanup
[2019-12-09T04:10:08.932+0000][1][safepoint    ] Leaving safepoint region
[2019-12-09T04:10:08.932+0000][1][safepoint    ] Total time for which application threads were stopped: 0.0000885 seconds, Stopping threads took: 0.0000214 seconds
[2019-12-09T04:10:09.932+0000][1][safepoint    ] Application time: 1.0000770 seconds
[2019-12-09T04:10:09.933+0000][1][safepoint    ] Entering safepoint region: Cleanup
[2019-12-09T04:10:09.933+0000][1][safepoint    ] Leaving safepoint region
[2019-12-09T04:10:09.933+0000][1][safepoint    ] Total time for which application threads were stopped: 0.0000848 seconds, Stopping threads took: 0.0000190 seconds
[2019-12-09T04:10:10.933+0000][1][safepoint    ] Application time: 1.0000765 seconds
[2019-12-09T04:10:10.933+0000][1][safepoint    ] Entering safepoint region: Cleanup
[2019-12-09T04:10:10.933+0000][1][safepoint    ] Leaving safepoint region
[2019-12-09T04:10:10.933+0000][1][safepoint    ] Total time for which application threads were stopped: 0.0000954 seconds, Stopping threads took: 0.0000212 seconds
[2019-12-09T04:10:11.933+0000][1][safepoint    ] Application time: 1.0000757 seconds
[2019-12-09T04:10:11.933+0000][1][safepoint    ] Entering safepoint region: Cleanup
[2019-12-09T04:10:11.933+0000][1][safepoint    ] Leaving safepoint region
[2019-12-09T04:10:11.933+0000][1][safepoint    ] Total time for which application threads were stopped: 0.0000872 seconds, Stopping threads took: 0.0000202 seconds
[2019-12-09T04:10:12.933+0000][1][safepoint    ] Application time: 1.0000825 seconds
[2019-12-09T04:10:12.933+0000][1][safepoint    ] Entering safepoint region: Cleanup
[2019-12-09T04:10:12.933+0000][1][safepoint    ] Leaving safepoint region
[2019-12-09T04:10:12.933+0000][1][safepoint    ] Total time for which application threads were stopped: 0.0000940 seconds, Stopping threads took: 0.0000198 seconds
[2019-12-09T04:10:13.933+0000][1][safepoint    ] Application time: 1.0000761 seconds
[2019-12-09T04:10:13.933+0000][1][safepoint    ] Entering safepoint region: Cleanup
[2019-12-09T04:10:13.933+0000][1][safepoint    ] Leaving safepoint region
[2019-12-09T04:10:13.933+0000][1][safepoint    ] Total time for which application threads were stopped: 0.0000860 seconds, Stopping threads took: 0.0000188 seconds
[2019-12-09T04:10:14.934+0000][1][safepoint    ] Application time: 1.0000781 seconds
[2019-12-09T04:10:14.934+0000][1][safepoint    ] Entering safepoint region: Cleanup
[2019-12-09T04:10:14.934+0000][1][safepoint    ] Leaving safepoint region
[2019-12-09T04:10:14.934+0000][1][safepoint    ] Total time for which application threads were stopped: 0.0000858 seconds, Stopping threads took: 0.0000181 seconds
[2019-12-09T04:10:15.934+0000][1][safepoint    ] Application time: 1.0000773 seconds
[2019-12-09T04:10:15.934+0000][1][safepoint    ] Entering safepoint region: Cleanup
[2019-12-09T04:10:15.934+0000][1][safepoint    ] Leaving safepoint region
[2019-12-09T04:10:15.934+0000][1][safepoint    ] Total time for which application threads were stopped: 0.0000969 seconds, Stopping threads took: 0.0000196 seconds
[2019-12-09T04:10:16.934+0000][1][safepoint    ] Application time: 1.0000792 seconds
[2019-12-09T04:10:16.934+0000][1][safepoint    ] Entering safepoint region: Cleanup
[2019-12-09T04:10:16.934+0000][1][safepoint    ] Leaving safepoint region
[2019-12-09T04:10:16.934+0000][1][safepoint    ] Total time for which application threads were stopped: 0.0000880 seconds, Stopping threads took: 0.0000196 seconds
[2019-12-09T04:10:17.934+0000][1][safepoint    ] Application time: 1.0000909 seconds
[2019-12-09T04:10:17.934+0000][1][safepoint    ] Entering safepoint region: Cleanup
[2019-12-09T04:10:17.934+0000][1][safepoint    ] Leaving safepoint region
[2019-12-09T04:10:17.934+0000][1][safepoint    ] Total time for which application threads were stopped: 0.0001198 seconds, Stopping threads took: 0.0000283 seconds
[2019-12-09T04:10:18.934+0000][1][safepoint    ] Application time: 1.0000781 seconds
[2019-12-09T04:10:18.934+0000][1][safepoint    ] Entering safepoint region: Cleanup
[2019-12-09T04:10:18.935+0000][1][safepoint    ] Leaving safepoint region
[2019-12-09T04:10:18.935+0000][1][safepoint    ] Total time for which application threads were stopped: 0.0000859 seconds, Stopping threads took: 0.0000189 seconds
[2019-12-09T04:10:19.935+0000][1][safepoint    ] Application time: 1.0000761 seconds
[2019-12-09T04:10:19.935+0000][1][safepoint    ] Entering safepoint region: Cleanup
[2019-12-09T04:10:19.935+0000][1][safepoint    ] Leaving safepoint region
[2019-12-09T04:10:19.935+0000][1][safepoint    ] Total time for which application threads were stopped: 0.0001011 seconds, Stopping threads took: 0.0000307 seconds
[2019-12-09T04:10:20.935+0000][1][safepoint    ] Application time: 1.0000838 seconds
[2019-12-09T04:10:20.935+0000][1][safepoint    ] Entering safepoint region: Cleanup
[2019-12-09T04:10:20.935+0000][1][safepoint    ] Leaving safepoint region
[2019-12-09T04:10:20.935+0000][1][safepoint    ] Total time for which application threads were stopped: 0.0001214 seconds, Stopping threads took: 0.0000262 seconds
[2019-12-09T04:10:21.935+0000][1][safepoint    ] Application time: 1.0000757 seconds
[2019-12-09T04:10:21.935+0000][1][safepoint    ] Entering safepoint region: Cleanup
[2019-12-09T04:10:21.935+0000][1][safepoint    ] Leaving safepoint region
[2019-12-09T04:10:21.935+0000][1][safepoint    ] Total time for which application threads were stopped: 0.0000927 seconds, Stopping threads took: 0.0000190 seconds
[2019-12-09T04:10:22.935+0000][1][safepoint    ] Application time: 1.0000763 seconds
[2019-12-09T04:10:22.935+0000][1][safepoint    ] Entering safepoint region: Cleanup
[2019-12-09T04:10:22.935+0000][1][safepoint    ] Leaving safepoint region
[2019-12-09T04:10:22.935+0000][1][safepoint    ] Total time for which application threads were stopped: 0.0000897 seconds, Stopping threads took: 0.0000206 seconds
[2019-12-09T04:10:23.936+0000][1][safepoint    ] Application time: 1.0000750 seconds
[2019-12-09T04:10:23.936+0000][1][safepoint    ] Entering safepoint region: Cleanup
[2019-12-09T04:10:23.936+0000][1][safepoint    ] Leaving safepoint region
[2019-12-09T04:10:23.936+0000][1][safepoint    ] Total time for which application threads were stopped: 0.0000845 seconds, Stopping threads took: 0.0000187 seconds
[2019-12-09T04:10:24.936+0000][1][safepoint    ] Application time: 1.0000879 seconds
[2019-12-09T04:10:24.936+0000][1][safepoint    ] Entering safepoint region: Cleanup
[2019-12-09T04:10:24.936+0000][1][safepoint    ] Leaving safepoint region
[2019-12-09T04:10:24.936+0000][1][safepoint    ] Total time for which application threads were stopped: 0.0000887 seconds, Stopping threads took: 0.0000202 seconds
[2019-12-09T04:10:25.936+0000][1][safepoint    ] Application time: 1.0000756 seconds
[2019-12-09T04:10:25.936+0000][1][safepoint    ] Entering safepoint region: Cleanup
[2019-12-09T04:10:25.936+0000][1][safepoint    ] Leaving safepoint region
[2019-12-09T04:10:25.936+0000][1][safepoint    ] Total time for which application threads were stopped: 0.0000856 seconds, Stopping threads took: 0.0000194 seconds
[2019-12-09T04:10:26.936+0000][1][safepoint    ] Application time: 1.0000766 seconds
[2019-12-09T04:10:26.936+0000][1][safepoint    ] Entering safepoint region: Cleanup
[2019-12-09T04:10:26.936+0000][1][safepoint    ] Leaving safepoint region
[2019-12-09T04:10:26.936+0000][1][safepoint    ] Total time for which application threads were stopped: 0.0000945 seconds, Stopping threads took: 0.0000263 seconds
[2019-12-09T04:10:27.936+0000][1][safepoint    ] Application time: 1.0000759 seconds
[2019-12-09T04:10:27.936+0000][1][safepoint    ] Entering safepoint region: Cleanup
[2019-12-09T04:10:27.936+0000][1][safepoint    ] Leaving safepoint region
[2019-12-09T04:10:27.937+0000][1][safepoint    ] Total time for which application threads were stopped: 0.0000871 seconds, Stopping threads took: 0.0000192 seconds
[2019-12-09T04:10:28.937+0000][1][safepoint    ] Application time: 1.0000781 seconds
[2019-12-09T04:10:28.937+0000][1][safepoint    ] Entering safepoint region: Cleanup
[2019-12-09T04:10:28.937+0000][1][safepoint    ] Leaving safepoint region
[2019-12-09T04:10:28.937+0000][1][safepoint    ] Total time for which application threads were stopped: 0.0000980 seconds, Stopping threads took: 0.0000197 seconds
[2019-12-09T04:10:29.937+0000][1][safepoint    ] Application time: 1.0000773 seconds
[2019-12-09T04:10:29.937+0000][1][safepoint    ] Entering safepoint region: Cleanup
[2019-12-09T04:10:29.937+0000][1][safepoint    ] Leaving safepoint region
[2019-12-09T04:10:29.937+0000][1][safepoint    ] Total time for which application threads were stopped: 0.0000890 seconds, Stopping threads took: 0.0000202 seconds
[2019-12-09T04:10:30.937+0000][1][safepoint    ] Application time: 1.0000758 seconds
[2019-12-09T04:10:30.937+0000][1][safepoint    ] Entering safepoint region: Cleanup
[2019-12-09T04:10:30.937+0000][1][safepoint    ] Leaving safepoint region
[2019-12-09T04:10:30.937+0000][1][safepoint    ] Total time for which application threads were stopped: 0.0000977 seconds, Stopping threads took: 0.0000200 seconds
[2019-12-09T04:10:31.937+0000][1][safepoint    ] Application time: 1.0000774 seconds
[2019-12-09T04:10:31.937+0000][1][safepoint    ] Entering safepoint region: Cleanup
[2019-12-09T04:10:31.937+0000][1][safepoint    ] Leaving safepoint region
[2019-12-09T04:10:31.937+0000][1][safepoint    ] Total time for which application threads were stopped: 0.0000886 seconds, Stopping threads took: 0.0000196 seconds
[2019-12-09T04:10:32.937+0000][1][safepoint    ] Application time: 1.0000567 seconds
[2019-12-09T04:10:32.937+0000][1][safepoint    ] Entering safepoint region: Cleanup
[2019-12-09T04:10:32.938+0000][1][safepoint    ] Leaving safepoint region
[2019-12-09T04:10:32.938+0000][1][safepoint    ] Total time for which application threads were stopped: 0.0000840 seconds, Stopping threads took: 0.0000180 seconds
[2019-12-09T04:10:33.938+0000][1][safepoint    ] Application time: 1.0000769 seconds
[2019-12-09T04:10:33.938+0000][1][safepoint    ] Entering safepoint region: Cleanup
[2019-12-09T04:10:33.938+0000][1][safepoint    ] Leaving safepoint region
[2019-12-09T04:10:33.938+0000][1][safepoint    ] Total time for which application threads were stopped: 0.0000982 seconds, Stopping threads took: 0.0000298 seconds
[2019-12-09T04:10:34.938+0000][1][safepoint    ] Application time: 1.0000768 seconds
[2019-12-09T04:10:34.938+0000][1][safepoint    ] Entering safepoint region: Cleanup
[2019-12-09T04:10:34.938+0000][1][safepoint    ] Leaving safepoint region
[2019-12-09T04:10:34.938+0000][1][safepoint    ] Total time for which application threads were stopped: 0.0000859 seconds, Stopping threads took: 0.0000182 seconds
[2019-12-09T04:10:35.938+0000][1][safepoint    ] Application time: 1.0000765 seconds
[2019-12-09T04:10:35.938+0000][1][safepoint    ] Entering safepoint region: Cleanup
[2019-12-09T04:10:35.938+0000][1][safepoint    ] Leaving safepoint region
[2019-12-09T04:10:35.938+0000][1][safepoint    ] Total time for which application threads were stopped: 0.0000854 seconds, Stopping threads took: 0.0000188 seconds
[2019-12-09T04:10:36.938+0000][1][safepoint    ] Application time: 1.0000773 seconds
[2019-12-09T04:10:36.938+0000][1][safepoint    ] Entering safepoint region: Cleanup
[2019-12-09T04:10:36.938+0000][1][safepoint    ] Leaving safepoint region
[2019-12-09T04:10:36.938+0000][1][safepoint    ] Total time for which application threads were stopped: 0.0000913 seconds, Stopping threads took: 0.0000234 seconds
[2019-12-09T04:10:37.938+0000][1][safepoint    ] Application time: 1.0000760 seconds
[2019-12-09T04:10:37.939+0000][1][safepoint    ] Entering safepoint region: Cleanup
[2019-12-09T04:10:37.939+0000][1][safepoint    ] Leaving safepoint region
[2019-12-09T04:10:37.939+0000][1][safepoint    ] Total time for which application threads were stopped: 0.0000877 seconds, Stopping threads took: 0.0000208 seconds
[2019-12-09T04:10:38.939+0000][1][safepoint    ] Application time: 1.0000783 seconds
[2019-12-09T04:10:38.939+0000][1][safepoint    ] Entering safepoint region: Cleanup
[2019-12-09T04:10:38.939+0000][1][safepoint    ] Leaving safepoint region
[2019-12-09T04:10:38.939+0000][1][safepoint    ] Total time for which application threads were stopped: 0.0000874 seconds, Stopping threads took: 0.0000203 seconds
[2019-12-09T04:10:39.939+0000][1][safepoint    ] Application time: 1.0000765 seconds
[2019-12-09T04:10:39.939+0000][1][safepoint    ] Entering safepoint region: Cleanup
[2019-12-09T04:10:39.939+0000][1][safepoint    ] Leaving safepoint region
[2019-12-09T04:10:39.939+0000][1][safepoint    ] Total time for which application threads were stopped: 0.0000907 seconds, Stopping threads took: 0.0000191 seconds
[2019-12-09T04:10:40.939+0000][1][safepoint    ] Application time: 1.0000779 seconds
[2019-12-09T04:10:40.939+0000][1][safepoint    ] Entering safepoint region: Cleanup
[2019-12-09T04:10:40.939+0000][1][safepoint    ] Leaving safepoint region
[2019-12-09T04:10:40.939+0000][1][safepoint    ] Total time for which application threads were stopped: 0.0000866 seconds, Stopping threads took: 0.0000195 seconds
[2019-12-09T04:10:41.939+0000][1][safepoint    ] Application time: 1.0000774 seconds
[2019-12-09T04:10:41.939+0000][1][safepoint    ] Entering safepoint region: Cleanup
[2019-12-09T04:10:41.939+0000][1][safepoint    ] Leaving safepoint region
[2019-12-09T04:10:41.939+0000][1][safepoint    ] Total time for which application threads were stopped: 0.0000875 seconds, Stopping threads took: 0.0000191 seconds
[2019-12-09T04:10:42.940+0000][1][safepoint    ] Application time: 1.0000762 seconds
[2019-12-09T04:10:42.940+0000][1][safepoint    ] Entering safepoint region: Cleanup
[2019-12-09T04:10:42.940+0000][1][safepoint    ] Leaving safepoint region
[2019-12-09T04:10:42.940+0000][1][safepoint    ] Total time for which application threads were stopped: 0.0000862 seconds, Stopping threads took: 0.0000180 seconds
[2019-12-09T04:10:43.940+0000][1][safepoint    ] Application time: 1.0000474 seconds
[2019-12-09T04:10:43.940+0000][1][safepoint    ] Entering safepoint region: Cleanup
[2019-12-09T04:10:43.940+0000][1][safepoint    ] Leaving safepoint region
[2019-12-09T04:10:43.940+0000][1][safepoint    ] Total time for which application threads were stopped: 0.0000961 seconds, Stopping threads took: 0.0000198 seconds
[2019-12-09T04:10:44.940+0000][1][safepoint    ] Application time: 1.0000756 seconds
[2019-12-09T04:10:44.940+0000][1][safepoint    ] Entering safepoint region: Cleanup
[2019-12-09T04:10:44.940+0000][1][safepoint    ] Leaving safepoint region
[2019-12-09T04:10:44.940+0000][1][safepoint    ] Total time for which application threads were stopped: 0.0000884 seconds, Stopping threads took: 0.0000202 seconds
[2019-12-09T04:10:45.940+0000][1][safepoint    ] Application time: 1.0000754 seconds
[2019-12-09T04:10:45.940+0000][1][safepoint    ] Entering safepoint region: Cleanup
[2019-12-09T04:10:45.940+0000][1][safepoint    ] Leaving safepoint region
[2019-12-09T04:10:45.940+0000][1][safepoint    ] Total time for which application threads were stopped: 0.0000887 seconds, Stopping threads took: 0.0000197 seconds
[2019-12-09T04:10:46.940+0000][1][safepoint    ] Application time: 1.0000778 seconds
[2019-12-09T04:10:46.940+0000][1][safepoint    ] Entering safepoint region: Cleanup
[2019-12-09T04:10:46.940+0000][1][safepoint    ] Leaving safepoint region
[2019-12-09T04:10:46.940+0000][1][safepoint    ] Total time for which application threads were stopped: 0.0000879 seconds, Stopping threads took: 0.0000196 seconds
[2019-12-09T04:10:47.941+0000][1][safepoint    ] Application time: 1.0000787 seconds
[2019-12-09T04:10:47.941+0000][1][safepoint    ] Entering safepoint region: Cleanup
[2019-12-09T04:10:47.941+0000][1][safepoint    ] Leaving safepoint region
[2019-12-09T04:10:47.941+0000][1][safepoint    ] Total time for which application threads were stopped: 0.0000857 seconds, Stopping threads took: 0.0000181 seconds
[2019-12-09T04:10:48.941+0000][1][safepoint    ] Application time: 1.0000856 seconds
[2019-12-09T04:10:48.941+0000][1][safepoint    ] Entering safepoint region: Cleanup
[2019-12-09T04:10:48.941+0000][1][safepoint    ] Leaving safepoint region
[2019-12-09T04:10:48.941+0000][1][safepoint    ] Total time for which application threads were stopped: 0.0000881 seconds, Stopping threads took: 0.0000197 seconds
[2019-12-09T04:10:49.941+0000][1][safepoint    ] Application time: 1.0000791 seconds
[2019-12-09T04:10:49.941+0000][1][safepoint    ] Entering safepoint region: Cleanup
[2019-12-09T04:10:49.941+0000][1][safepoint    ] Leaving safepoint region
[2019-12-09T04:10:49.941+0000][1][safepoint    ] Total time for which application threads were stopped: 0.0000882 seconds, Stopping threads took: 0.0000202 seconds
[2019-12-09T04:10:50.941+0000][1][safepoint    ] Application time: 1.0000857 seconds
[2019-12-09T04:10:50.941+0000][1][safepoint    ] Entering safepoint region: Cleanup
[2019-12-09T04:10:50.941+0000][1][safepoint    ] Leaving safepoint region
[2019-12-09T04:10:50.941+0000][1][safepoint    ] Total time for which application threads were stopped: 0.0001313 seconds, Stopping threads took: 0.0000248 seconds
[2019-12-09T04:10:51.941+0000][1][safepoint    ] Application time: 1.0000771 seconds
[2019-12-09T04:10:51.942+0000][1][safepoint    ] Entering safepoint region: Cleanup
[2019-12-09T04:10:51.942+0000][1][safepoint    ] Leaving safepoint region
[2019-12-09T04:10:51.942+0000][1][safepoint    ] Total time for which application threads were stopped: 0.0000946 seconds, Stopping threads took: 0.0000265 seconds
[2019-12-09T04:10:52.942+0000][1][safepoint    ] Application time: 1.0000762 seconds
[2019-12-09T04:10:52.942+0000][1][safepoint    ] Entering safepoint region: Cleanup
[2019-12-09T04:10:52.942+0000][1][safepoint    ] Leaving safepoint region
[2019-12-09T04:10:52.942+0000][1][safepoint    ] Total time for which application threads were stopped: 0.0000892 seconds, Stopping threads took: 0.0000208 seconds
[2019-12-09T04:10:53.942+0000][1][safepoint    ] Application time: 1.0000758 seconds
[2019-12-09T04:10:53.942+0000][1][safepoint    ] Entering safepoint region: Cleanup
[2019-12-09T04:10:53.942+0000][1][safepoint    ] Leaving safepoint region
[2019-12-09T04:10:53.942+0000][1][safepoint    ] Total time for which application threads were stopped: 0.0000870 seconds, Stopping threads took: 0.0000185 seconds
[2019-12-09T04:10:54.942+0000][1][safepoint    ] Application time: 1.0000752 seconds
[2019-12-09T04:10:54.942+0000][1][safepoint    ] Entering safepoint region: Cleanup
[2019-12-09T04:10:54.942+0000][1][safepoint    ] Leaving safepoint region
[2019-12-09T04:10:54.942+0000][1][safepoint    ] Total time for which application threads were stopped: 0.0000869 seconds, Stopping threads took: 0.0000192 seconds
[2019-12-09T04:10:55.942+0000][1][safepoint    ] Application time: 1.0000761 seconds
[2019-12-09T04:10:55.942+0000][1][safepoint    ] Entering safepoint region: Cleanup
[2019-12-09T04:10:55.942+0000][1][safepoint    ] Leaving safepoint region
[2019-12-09T04:10:55.942+0000][1][safepoint    ] Total time for which application threads were stopped: 0.0000887 seconds, Stopping threads took: 0.0000200 seconds
[2019-12-09T04:10:56.943+0000][1][safepoint    ] Application time: 1.0000755 seconds
[2019-12-09T04:10:56.943+0000][1][safepoint    ] Entering safepoint region: Cleanup
[2019-12-09T04:10:56.943+0000][1][safepoint    ] Leaving safepoint region
[2019-12-09T04:10:56.943+0000][1][safepoint    ] Total time for which application threads were stopped: 0.0000862 seconds, Stopping threads took: 0.0000194 seconds
[2019-12-09T04:10:57.943+0000][1][safepoint    ] Application time: 1.0000775 seconds
[2019-12-09T04:10:57.943+0000][1][safepoint    ] Entering safepoint region: Cleanup
[2019-12-09T04:10:57.943+0000][1][safepoint    ] Leaving safepoint region
[2019-12-09T04:10:57.943+0000][1][safepoint    ] Total time for which application threads were stopped: 0.0000854 seconds, Stopping threads took: 0.0000187 seconds
[2019-12-09T04:10:58.943+0000][1][safepoint    ] Application time: 1.0000750 seconds
[2019-12-09T04:10:58.943+0000][1][safepoint    ] Entering safepoint region: Cleanup
[2019-12-09T04:10:58.943+0000][1][safepoint    ] Leaving safepoint region
[2019-12-09T04:10:58.943+0000][1][safepoint    ] Total time for which application threads were stopped: 0.0000885 seconds, Stopping threads took: 0.0000222 seconds
[2019-12-09T04:10:59.943+0000][1][safepoint    ] Application time: 1.0000746 seconds
[2019-12-09T04:10:59.943+0000][1][safepoint    ] Entering safepoint region: Cleanup
[2019-12-09T04:10:59.943+0000][1][safepoint    ] Leaving safepoint region
[2019-12-09T04:10:59.943+0000][1][safepoint    ] Total time for which application threads were stopped: 0.0000866 seconds, Stopping threads took: 0.0000197 seconds
[2019-12-09T04:11:00.943+0000][1][safepoint    ] Application time: 1.0000760 seconds
[2019-12-09T04:11:00.943+0000][1][safepoint    ] Entering safepoint region: Cleanup
[2019-12-09T04:11:00.943+0000][1][safepoint    ] Leaving safepoint region
[2019-12-09T04:11:00.943+0000][1][safepoint    ] Total time for which application threads were stopped: 0.0000890 seconds, Stopping threads took: 0.0000199 seconds
[2019-12-09T04:11:01.944+0000][1][safepoint    ] Application time: 1.0000912 seconds
[2019-12-09T04:11:01.944+0000][1][safepoint    ] Entering safepoint region: Cleanup
[2019-12-09T04:11:01.944+0000][1][safepoint    ] Leaving safepoint region
[2019-12-09T04:11:01.944+0000][1][safepoint    ] Total time for which application threads were stopped: 0.0001568 seconds, Stopping threads took: 0.0000332 seconds
[2019-12-09T04:11:02.944+0000][1][safepoint    ] Application time: 1.0000792 seconds
[2019-12-09T04:11:02.944+0000][1][safepoint    ] Entering safepoint region: Cleanup
[2019-12-09T04:11:02.944+0000][1][safepoint    ] Leaving safepoint region
[2019-12-09T04:11:02.944+0000][1][safepoint    ] Total time for which application threads were stopped: 0.0000841 seconds, Stopping threads took: 0.0000183 seconds
[2019-12-09T04:11:03.944+0000][1][safepoint    ] Application time: 1.0000771 seconds
[2019-12-09T04:11:03.944+0000][1][safepoint    ] Entering safepoint region: Cleanup
[2019-12-09T04:11:03.944+0000][1][safepoint    ] Leaving safepoint region
[2019-12-09T04:11:03.944+0000][1][safepoint    ] Total time for which application threads were stopped: 0.0000891 seconds, Stopping threads took: 0.0000210 seconds
[2019-12-09T04:11:04.944+0000][1][safepoint    ] Application time: 1.0000765 seconds
[2019-12-09T04:11:04.944+0000][1][safepoint    ] Entering safepoint region: Cleanup
[2019-12-09T04:11:04.944+0000][1][safepoint    ] Leaving safepoint region
[2019-12-09T04:11:04.944+0000][1][safepoint    ] Total time for which application threads were stopped: 0.0000886 seconds, Stopping threads took: 0.0000215 seconds
[2019-12-09T04:11:05.944+0000][1][safepoint    ] Application time: 1.0000747 seconds
[2019-12-09T04:11:05.945+0000][1][safepoint    ] Entering safepoint region: Cleanup
[2019-12-09T04:11:05.945+0000][1][safepoint    ] Leaving safepoint region
[2019-12-09T04:11:05.945+0000][1][safepoint    ] Total time for which application threads were stopped: 0.0000867 seconds, Stopping threads took: 0.0000191 seconds
[2019-12-09T04:11:06.945+0000][1][safepoint    ] Application time: 1.0000810 seconds
[2019-12-09T04:11:06.945+0000][1][safepoint    ] Entering safepoint region: Cleanup
[2019-12-09T04:11:06.945+0000][1][safepoint    ] Leaving safepoint region
[2019-12-09T04:11:06.945+0000][1][safepoint    ] Total time for which application threads were stopped: 0.0000890 seconds, Stopping threads took: 0.0000191 seconds
[2019-12-09T04:11:07.945+0000][1][safepoint    ] Application time: 1.0000755 seconds
[2019-12-09T04:11:07.945+0000][1][safepoint    ] Entering safepoint region: Cleanup
[2019-12-09T04:11:07.945+0000][1][safepoint    ] Leaving safepoint region
[2019-12-09T04:11:07.945+0000][1][safepoint    ] Total time for which application threads were stopped: 0.0000886 seconds, Stopping threads took: 0.0000223 seconds
[2019-12-09T04:11:08.945+0000][1][safepoint    ] Application time: 1.0000765 seconds
[2019-12-09T04:11:08.945+0000][1][safepoint    ] Entering safepoint region: Cleanup
[2019-12-09T04:11:08.945+0000][1][safepoint    ] Leaving safepoint region
[2019-12-09T04:11:08.945+0000][1][safepoint    ] Total time for which application threads were stopped: 0.0000855 seconds, Stopping threads took: 0.0000183 seconds
[2019-12-09T04:11:09.945+0000][1][safepoint    ] Application time: 1.0000763 seconds
[2019-12-09T04:11:09.945+0000][1][safepoint    ] Entering safepoint region: Cleanup
[2019-12-09T04:11:09.945+0000][1][safepoint    ] Leaving safepoint region
[2019-12-09T04:11:09.945+0000][1][safepoint    ] Total time for which application threads were stopped: 0.0000834 seconds, Stopping threads took: 0.0000182 seconds
[2019-12-09T04:11:10.946+0000][1][safepoint    ] Application time: 1.0000768 seconds
[2019-12-09T04:11:10.946+0000][1][safepoint    ] Entering safepoint region: Cleanup
[2019-12-09T04:11:10.946+0000][1][safepoint    ] Leaving safepoint region
[2019-12-09T04:11:10.946+0000][1][safepoint    ] Total time for which application threads were stopped: 0.0000922 seconds, Stopping threads took: 0.0000186 seconds
[2019-12-09T04:11:11.946+0000][1][safepoint    ] Application time: 1.0000770 seconds
[2019-12-09T04:11:11.946+0000][1][safepoint    ] Entering safepoint region: Cleanup
[2019-12-09T04:11:11.946+0000][1][safepoint    ] Leaving safepoint region
[2019-12-09T04:11:11.946+0000][1][safepoint    ] Total time for which application threads were stopped: 0.0000880 seconds, Stopping threads took: 0.0000200 seconds
[2019-12-09T04:11:12.946+0000][1][safepoint    ] Application time: 1.0000741 seconds
[2019-12-09T04:11:12.946+0000][1][safepoint    ] Entering safepoint region: Cleanup
[2019-12-09T04:11:12.946+0000][1][safepoint    ] Leaving safepoint region
[2019-12-09T04:11:12.946+0000][1][safepoint    ] Total time for which application threads were stopped: 0.0000897 seconds, Stopping threads took: 0.0000220 seconds
[2019-12-09T04:11:13.946+0000][1][safepoint    ] Application time: 1.0000737 seconds
[2019-12-09T04:11:13.946+0000][1][safepoint    ] Entering safepoint region: Cleanup
[2019-12-09T04:11:13.946+0000][1][safepoint    ] Leaving safepoint region
[2019-12-09T04:11:13.946+0000][1][safepoint    ] Total time for which application threads were stopped: 0.0000862 seconds, Stopping threads took: 0.0000186 seconds
[2019-12-09T04:11:14.946+0000][1][safepoint    ] Application time: 1.0000764 seconds
[2019-12-09T04:11:14.946+0000][1][safepoint    ] Entering safepoint region: Cleanup
[2019-12-09T04:11:14.946+0000][1][safepoint    ] Leaving safepoint region
[2019-12-09T04:11:14.946+0000][1][safepoint    ] Total time for which application threads were stopped: 0.0000861 seconds, Stopping threads took: 0.0000171 seconds
[2019-12-09T04:11:15.021+0000][1][safepoint    ] Application time: 0.0742951 seconds
[2019-12-09T04:11:15.021+0000][1][safepoint    ] Entering safepoint region: GenCollectForAllocation
[2019-12-09T04:11:15.021+0000][1][gc,start     ] GC(58) Pause Young (Allocation Failure)
[2019-12-09T04:11:15.021+0000][1][gc,task      ] GC(58) Using 2 workers of 2 for evacuation
[2019-12-09T04:11:15.023+0000][1][gc,age       ] GC(58) Desired survivor size 4456448 bytes, new threshold 6 (max threshold 6)
[2019-12-09T04:11:15.023+0000][1][gc,age       ] GC(58) Age table with threshold 6 (max threshold 6)
[2019-12-09T04:11:15.023+0000][1][gc,age       ] GC(58) - age   1:      10224 bytes,      10224 total
[2019-12-09T04:11:15.023+0000][1][gc,age       ] GC(58) - age   2:        352 bytes,      10576 total
[2019-12-09T04:11:15.023+0000][1][gc,age       ] GC(58) - age   3:      13016 bytes,      23592 total
[2019-12-09T04:11:15.023+0000][1][gc,age       ] GC(58) - age   4:        440 bytes,      24032 total
[2019-12-09T04:11:15.023+0000][1][gc,age       ] GC(58) - age   5:       5200 bytes,      29232 total
[2019-12-09T04:11:15.023+0000][1][gc,age       ] GC(58) - age   6:       2928 bytes,      32160 total
[2019-12-09T04:11:15.023+0000][1][gc,heap      ] GC(58) ParNew: 70150K->66K(78656K)
[2019-12-09T04:11:15.023+0000][1][gc,heap      ] GC(58) CMS: 119362K->119363K(174784K)
[2019-12-09T04:11:15.023+0000][1][gc,metaspace ] GC(58) Metaspace: 83380K->83380K(1126400K)
[2019-12-09T04:11:15.023+0000][1][gc           ] GC(58) Pause Young (Allocation Failure) 185M->116M(247M) 1.807ms
[2019-12-09T04:11:15.023+0000][1][gc,cpu       ] GC(58) User=0.01s Sys=0.00s Real=0.00s
[2019-12-09T04:11:15.023+0000][1][safepoint    ] Leaving safepoint region
[2019-12-09T04:11:15.023+0000][1][safepoint    ] Total time for which application threads were stopped: 0.0019649 seconds, Stopping threads took: 0.0000191 seconds
[2019-12-09T04:11:16.023+0000][1][safepoint    ] Application time: 1.0000882 seconds
[2019-12-09T04:11:16.023+0000][1][safepoint    ] Entering safepoint region: Cleanup
[2019-12-09T04:11:16.023+0000][1][safepoint    ] Leaving safepoint region
[2019-12-09T04:11:16.023+0000][1][safepoint    ] Total time for which application threads were stopped: 0.0000902 seconds, Stopping threads took: 0.0000199 seconds
[2019-12-09T04:11:17.023+0000][1][safepoint    ] Application time: 1.0000802 seconds
[2019-12-09T04:11:17.023+0000][1][safepoint    ] Entering safepoint region: Cleanup
[2019-12-09T04:11:17.023+0000][1][safepoint    ] Leaving safepoint region
[2019-12-09T04:11:17.023+0000][1][safepoint    ] Total time for which application threads were stopped: 0.0000949 seconds, Stopping threads took: 0.0000265 seconds
[2019-12-09T04:11:18.023+0000][1][safepoint    ] Application time: 1.0000778 seconds
[2019-12-09T04:11:18.023+0000][1][safepoint    ] Entering safepoint region: Cleanup
[2019-12-09T04:11:18.023+0000][1][safepoint    ] Leaving safepoint region
[2019-12-09T04:11:18.023+0000][1][safepoint    ] Total time for which application threads were stopped: 0.0000911 seconds, Stopping threads took: 0.0000211 seconds
[2019-12-09T04:11:19.024+0000][1][safepoint    ] Application time: 1.0000770 seconds
[2019-12-09T04:11:19.024+0000][1][safepoint    ] Entering safepoint region: Cleanup
[2019-12-09T04:11:19.024+0000][1][safepoint    ] Leaving safepoint region
[2019-12-09T04:11:19.024+0000][1][safepoint    ] Total time for which application threads were stopped: 0.0000848 seconds, Stopping threads took: 0.0000183 seconds
[2019-12-09T04:11:20.024+0000][1][safepoint    ] Application time: 1.0000771 seconds
[2019-12-09T04:11:20.024+0000][1][safepoint    ] Entering safepoint region: Cleanup
[2019-12-09T04:11:20.024+0000][1][safepoint    ] Leaving safepoint region
[2019-12-09T04:11:20.024+0000][1][safepoint    ] Total time for which application threads were stopped: 0.0000902 seconds, Stopping threads took: 0.0000204 seconds
[2019-12-09T04:11:21.024+0000][1][safepoint    ] Application time: 1.0000765 seconds
[2019-12-09T04:11:21.024+0000][1][safepoint    ] Entering safepoint region: Cleanup
[2019-12-09T04:11:21.024+0000][1][safepoint    ] Leaving safepoint region
[2019-12-09T04:11:21.024+0000][1][safepoint    ] Total time for which application threads were stopped: 0.0000897 seconds, Stopping threads took: 0.0000196 seconds
[2019-12-09T04:11:22.024+0000][1][safepoint    ] Application time: 1.0000783 seconds
[2019-12-09T04:11:22.024+0000][1][safepoint    ] Entering safepoint region: Cleanup
[2019-12-09T04:11:22.024+0000][1][safepoint    ] Leaving safepoint region
[2019-12-09T04:11:22.024+0000][1][safepoint    ] Total time for which application threads were stopped: 0.0001056 seconds, Stopping threads took: 0.0000324 seconds
[2019-12-09T04:11:23.024+0000][1][safepoint    ] Application time: 1.0000776 seconds
[2019-12-09T04:11:23.024+0000][1][safepoint    ] Entering safepoint region: Cleanup
[2019-12-09T04:11:23.024+0000][1][safepoint    ] Leaving safepoint region
[2019-12-09T04:11:23.024+0000][1][safepoint    ] Total time for which application threads were stopped: 0.0000866 seconds, Stopping threads took: 0.0000186 seconds
[2019-12-09T04:11:24.025+0000][1][safepoint    ] Application time: 1.0000766 seconds
[2019-12-09T04:11:24.025+0000][1][safepoint    ] Entering safepoint region: Cleanup
[2019-12-09T04:11:24.025+0000][1][safepoint    ] Leaving safepoint region
[2019-12-09T04:11:24.025+0000][1][safepoint    ] Total time for which application threads were stopped: 0.0001037 seconds, Stopping threads took: 0.0000232 seconds
[2019-12-09T04:11:25.025+0000][1][safepoint    ] Application time: 1.0000764 seconds
[2019-12-09T04:11:25.025+0000][1][safepoint    ] Entering safepoint region: Cleanup
[2019-12-09T04:11:25.025+0000][1][safepoint    ] Leaving safepoint region
[2019-12-09T04:11:25.025+0000][1][safepoint    ] Total time for which application threads were stopped: 0.0000866 seconds, Stopping threads took: 0.0000188 seconds
[2019-12-09T04:11:26.025+0000][1][safepoint    ] Application time: 1.0000765 seconds
[2019-12-09T04:11:26.025+0000][1][safepoint    ] Entering safepoint region: Cleanup
[2019-12-09T04:11:26.025+0000][1][safepoint    ] Leaving safepoint region
[2019-12-09T04:11:26.025+0000][1][safepoint    ] Total time for which application threads were stopped: 0.0000850 seconds, Stopping threads took: 0.0000186 seconds
[2019-12-09T04:11:27.025+0000][1][safepoint    ] Application time: 1.0000810 seconds
[2019-12-09T04:11:27.025+0000][1][safepoint    ] Entering safepoint region: Cleanup
[2019-12-09T04:11:27.025+0000][1][safepoint    ] Leaving safepoint region
[2019-12-09T04:11:27.025+0000][1][safepoint    ] Total time for which application threads were stopped: 0.0000936 seconds, Stopping threads took: 0.0000250 seconds
[2019-12-09T04:11:28.025+0000][1][safepoint    ] Application time: 1.0000781 seconds
[2019-12-09T04:11:28.025+0000][1][safepoint    ] Entering safepoint region: Cleanup
[2019-12-09T04:11:28.026+0000][1][safepoint    ] Leaving safepoint region
[2019-12-09T04:11:28.026+0000][1][safepoint    ] Total time for which application threads were stopped: 0.0000853 seconds, Stopping threads took: 0.0000191 seconds
[2019-12-09T04:11:29.026+0000][1][safepoint    ] Application time: 1.0000749 seconds
[2019-12-09T04:11:29.026+0000][1][safepoint    ] Entering safepoint region: Cleanup
[2019-12-09T04:11:29.026+0000][1][safepoint    ] Leaving safepoint region
[2019-12-09T04:11:29.026+0000][1][safepoint    ] Total time for which application threads were stopped: 0.0001075 seconds, Stopping threads took: 0.0000402 seconds
[2019-12-09T04:11:30.026+0000][1][safepoint    ] Application time: 1.0000751 seconds
[2019-12-09T04:11:30.026+0000][1][safepoint    ] Entering safepoint region: Cleanup
[2019-12-09T04:11:30.026+0000][1][safepoint    ] Leaving safepoint region
[2019-12-09T04:11:30.026+0000][1][safepoint    ] Total time for which application threads were stopped: 0.0000888 seconds, Stopping threads took: 0.0000194 seconds
[2019-12-09T04:11:31.026+0000][1][safepoint    ] Application time: 1.0000773 seconds
[2019-12-09T04:11:31.026+0000][1][safepoint    ] Entering safepoint region: Cleanup
[2019-12-09T04:11:31.026+0000][1][safepoint    ] Leaving safepoint region
[2019-12-09T04:11:31.026+0000][1][safepoint    ] Total time for which application threads were stopped: 0.0000909 seconds, Stopping threads took: 0.0000193 seconds
[2019-12-09T04:11:32.026+0000][1][safepoint    ] Application time: 1.0000765 seconds
[2019-12-09T04:11:32.026+0000][1][safepoint    ] Entering safepoint region: Cleanup
[2019-12-09T04:11:32.026+0000][1][safepoint    ] Leaving safepoint region
[2019-12-09T04:11:32.026+0000][1][safepoint    ] Total time for which application threads were stopped: 0.0000897 seconds, Stopping threads took: 0.0000218 seconds
[2019-12-09T04:11:33.026+0000][1][safepoint    ] Application time: 1.0000758 seconds
[2019-12-09T04:11:33.027+0000][1][safepoint    ] Entering safepoint region: Cleanup
[2019-12-09T04:11:33.027+0000][1][safepoint    ] Leaving safepoint region
[2019-12-09T04:11:33.027+0000][1][safepoint    ] Total time for which application threads were stopped: 0.0000846 seconds, Stopping threads took: 0.0000187 seconds
[2019-12-09T04:11:34.027+0000][1][safepoint    ] Application time: 1.0000835 seconds
[2019-12-09T04:11:34.027+0000][1][safepoint    ] Entering safepoint region: Cleanup
[2019-12-09T04:11:34.027+0000][1][safepoint    ] Leaving safepoint region
[2019-12-09T04:11:34.027+0000][1][safepoint    ] Total time for which application threads were stopped: 0.0000860 seconds, Stopping threads took: 0.0000182 seconds
[2019-12-09T04:11:35.027+0000][1][safepoint    ] Application time: 1.0000767 seconds
[2019-12-09T04:11:35.027+0000][1][safepoint    ] Entering safepoint region: Cleanup
[2019-12-09T04:11:35.027+0000][1][safepoint    ] Leaving safepoint region
[2019-12-09T04:11:35.027+0000][1][safepoint    ] Total time for which application threads were stopped: 0.0000869 seconds, Stopping threads took: 0.0000184 seconds
[2019-12-09T04:11:36.027+0000][1][safepoint    ] Application time: 1.0000803 seconds
[2019-12-09T04:11:36.027+0000][1][safepoint    ] Entering safepoint region: Cleanup
[2019-12-09T04:11:36.027+0000][1][safepoint    ] Leaving safepoint region
[2019-12-09T04:11:36.027+0000][1][safepoint    ] Total time for which application threads were stopped: 0.0000889 seconds, Stopping threads took: 0.0000212 seconds
[2019-12-09T04:11:37.027+0000][1][safepoint    ] Application time: 1.0000827 seconds
[2019-12-09T04:11:37.027+0000][1][safepoint    ] Entering safepoint region: Cleanup
[2019-12-09T04:11:37.028+0000][1][safepoint    ] Leaving safepoint region
[2019-12-09T04:11:37.028+0000][1][safepoint    ] Total time for which application threads were stopped: 0.0001493 seconds, Stopping threads took: 0.0000465 seconds
[2019-12-09T04:11:38.028+0000][1][safepoint    ] Application time: 1.0000798 seconds
[2019-12-09T04:11:38.028+0000][1][safepoint    ] Entering safepoint region: Cleanup
[2019-12-09T04:11:38.028+0000][1][safepoint    ] Leaving safepoint region
[2019-12-09T04:11:38.028+0000][1][safepoint    ] Total time for which application threads were stopped: 0.0001065 seconds, Stopping threads took: 0.0000212 seconds
[2019-12-09T04:11:39.028+0000][1][safepoint    ] Application time: 1.0000791 seconds
[2019-12-09T04:11:39.028+0000][1][safepoint    ] Entering safepoint region: Cleanup
[2019-12-09T04:11:39.028+0000][1][safepoint    ] Leaving safepoint region
[2019-12-09T04:11:39.028+0000][1][safepoint    ] Total time for which application threads were stopped: 0.0000892 seconds, Stopping threads took: 0.0000214 seconds
[2019-12-09T04:11:40.091+0000][1][safepoint    ] Application time: 1.0629051 seconds
[2019-12-09T04:11:40.091+0000][1][safepoint    ] Entering safepoint region: Cleanup
[2019-12-09T04:11:40.091+0000][1][safepoint    ] Leaving safepoint region
[2019-12-09T04:11:40.091+0000][1][safepoint    ] Total time for which application threads were stopped: 0.0000937 seconds, Stopping threads took: 0.0000188 seconds
[2019-12-09T04:11:41.091+0000][1][safepoint    ] Application time: 1.0000750 seconds
[2019-12-09T04:11:41.091+0000][1][safepoint    ] Entering safepoint region: Cleanup
[2019-12-09T04:11:41.091+0000][1][safepoint    ] Leaving safepoint region
[2019-12-09T04:11:41.091+0000][1][safepoint    ] Total time for which application threads were stopped: 0.0000823 seconds, Stopping threads took: 0.0000173 seconds
[2019-12-09T04:11:42.091+0000][1][safepoint    ] Application time: 1.0000762 seconds
[2019-12-09T04:11:42.091+0000][1][safepoint    ] Entering safepoint region: Cleanup
[2019-12-09T04:11:42.091+0000][1][safepoint    ] Leaving safepoint region
[2019-12-09T04:11:42.091+0000][1][safepoint    ] Total time for which application threads were stopped: 0.0000847 seconds, Stopping threads took: 0.0000189 seconds
[2019-12-09T04:11:43.092+0000][1][safepoint    ] Application time: 1.0000768 seconds
[2019-12-09T04:11:43.092+0000][1][safepoint    ] Entering safepoint region: Cleanup
[2019-12-09T04:11:43.092+0000][1][safepoint    ] Leaving safepoint region
[2019-12-09T04:11:43.092+0000][1][safepoint    ] Total time for which application threads were stopped: 0.0000845 seconds, Stopping threads took: 0.0000177 seconds
[2019-12-09T04:11:44.092+0000][1][safepoint    ] Application time: 1.0000762 seconds
[2019-12-09T04:11:44.092+0000][1][safepoint    ] Entering safepoint region: Cleanup
[2019-12-09T04:11:44.092+0000][1][safepoint    ] Leaving safepoint region
[2019-12-09T04:11:44.092+0000][1][safepoint    ] Total time for which application threads were stopped: 0.0000823 seconds, Stopping threads took: 0.0000178 seconds
[2019-12-09T04:11:45.092+0000][1][safepoint    ] Application time: 1.0000776 seconds
[2019-12-09T04:11:45.092+0000][1][safepoint    ] Entering safepoint region: Cleanup
[2019-12-09T04:11:45.092+0000][1][safepoint    ] Leaving safepoint region
[2019-12-09T04:11:45.092+0000][1][safepoint    ] Total time for which application threads were stopped: 0.0000849 seconds, Stopping threads took: 0.0000175 seconds
[2019-12-09T04:11:46.092+0000][1][safepoint    ] Application time: 1.0000764 seconds
[2019-12-09T04:11:46.092+0000][1][safepoint    ] Entering safepoint region: Cleanup
[2019-12-09T04:11:46.092+0000][1][safepoint    ] Leaving safepoint region
[2019-12-09T04:11:46.092+0000][1][safepoint    ] Total time for which application threads were stopped: 0.0000850 seconds, Stopping threads took: 0.0000181 seconds
[2019-12-09T04:11:47.092+0000][1][safepoint    ] Application time: 1.0000756 seconds
[2019-12-09T04:11:47.092+0000][1][safepoint    ] Entering safepoint region: Cleanup
[2019-12-09T04:11:47.092+0000][1][safepoint    ] Leaving safepoint region
[2019-12-09T04:11:47.092+0000][1][safepoint    ] Total time for which application threads were stopped: 0.0000925 seconds, Stopping threads took: 0.0000264 seconds
[2019-12-09T04:11:48.093+0000][1][safepoint    ] Application time: 1.0000765 seconds
[2019-12-09T04:11:48.093+0000][1][safepoint    ] Entering safepoint region: Cleanup
[2019-12-09T04:11:48.093+0000][1][safepoint    ] Leaving safepoint region
[2019-12-09T04:11:48.093+0000][1][safepoint    ] Total time for which application threads were stopped: 0.0000886 seconds, Stopping threads took: 0.0000202 seconds
[2019-12-09T04:11:49.093+0000][1][safepoint    ] Application time: 1.0000770 seconds
[2019-12-09T04:11:49.093+0000][1][safepoint    ] Entering safepoint region: Cleanup
[2019-12-09T04:11:49.093+0000][1][safepoint    ] Leaving safepoint region
[2019-12-09T04:11:49.093+0000][1][safepoint    ] Total time for which application threads were stopped: 0.0000857 seconds, Stopping threads took: 0.0000181 seconds
[2019-12-09T04:11:50.093+0000][1][safepoint    ] Application time: 1.0000762 seconds
[2019-12-09T04:11:50.093+0000][1][safepoint    ] Entering safepoint region: Cleanup
[2019-12-09T04:11:50.093+0000][1][safepoint    ] Leaving safepoint region
[2019-12-09T04:11:50.093+0000][1][safepoint    ] Total time for which application threads were stopped: 0.0000866 seconds, Stopping threads took: 0.0000164 seconds
[2019-12-09T04:11:51.093+0000][1][safepoint    ] Application time: 1.0000759 seconds
[2019-12-09T04:11:51.093+0000][1][safepoint    ] Entering safepoint region: Cleanup
[2019-12-09T04:11:51.093+0000][1][safepoint    ] Leaving safepoint region
[2019-12-09T04:11:51.093+0000][1][safepoint    ] Total time for which application threads were stopped: 0.0000875 seconds, Stopping threads took: 0.0000177 seconds
[2019-12-09T04:11:52.093+0000][1][safepoint    ] Application time: 1.0000771 seconds
[2019-12-09T04:11:52.093+0000][1][safepoint    ] Entering safepoint region: Cleanup
[2019-12-09T04:11:52.093+0000][1][safepoint    ] Leaving safepoint region
[2019-12-09T04:11:52.093+0000][1][safepoint    ] Total time for which application threads were stopped: 0.0000939 seconds, Stopping threads took: 0.0000269 seconds
[2019-12-09T04:11:53.094+0000][1][safepoint    ] Application time: 1.0000782 seconds
[2019-12-09T04:11:53.094+0000][1][safepoint    ] Entering safepoint region: Cleanup
[2019-12-09T04:11:53.094+0000][1][safepoint    ] Leaving safepoint region
[2019-12-09T04:11:53.094+0000][1][safepoint    ] Total time for which application threads were stopped: 0.0000929 seconds, Stopping threads took: 0.0000174 seconds
[2019-12-09T04:11:54.094+0000][1][safepoint    ] Application time: 1.0000763 seconds
[2019-12-09T04:11:54.094+0000][1][safepoint    ] Entering safepoint region: Cleanup
[2019-12-09T04:11:54.094+0000][1][safepoint    ] Leaving safepoint region
[2019-12-09T04:11:54.094+0000][1][safepoint    ] Total time for which application threads were stopped: 0.0000873 seconds, Stopping threads took: 0.0000213 seconds
[2019-12-09T04:11:55.094+0000][1][safepoint    ] Application time: 1.0000773 seconds
[2019-12-09T04:11:55.094+0000][1][safepoint    ] Entering safepoint region: Cleanup
[2019-12-09T04:11:55.094+0000][1][safepoint    ] Leaving safepoint region
[2019-12-09T04:11:55.094+0000][1][safepoint    ] Total time for which application threads were stopped: 0.0000827 seconds, Stopping threads took: 0.0000169 seconds
[2019-12-09T04:11:56.094+0000][1][safepoint    ] Application time: 1.0000772 seconds
[2019-12-09T04:11:56.094+0000][1][safepoint    ] Entering safepoint region: Cleanup
[2019-12-09T04:11:56.094+0000][1][safepoint    ] Leaving safepoint region
[2019-12-09T04:11:56.094+0000][1][safepoint    ] Total time for which application threads were stopped: 0.0000846 seconds, Stopping threads took: 0.0000188 seconds
[2019-12-09T04:11:57.094+0000][1][safepoint    ] Application time: 1.0000769 seconds
[2019-12-09T04:11:57.094+0000][1][safepoint    ] Entering safepoint region: Cleanup
[2019-12-09T04:11:57.094+0000][1][safepoint    ] Leaving safepoint region
[2019-12-09T04:11:57.095+0000][1][safepoint    ] Total time for which application threads were stopped: 0.0000909 seconds, Stopping threads took: 0.0000180 seconds
[2019-12-09T04:11:58.095+0000][1][safepoint    ] Application time: 1.0000759 seconds
[2019-12-09T04:11:58.095+0000][1][safepoint    ] Entering safepoint region: Cleanup
[2019-12-09T04:11:58.095+0000][1][safepoint    ] Leaving safepoint region
[2019-12-09T04:11:58.095+0000][1][safepoint    ] Total time for which application threads were stopped: 0.0001106 seconds, Stopping threads took: 0.0000340 seconds
[2019-12-09T04:11:59.095+0000][1][safepoint    ] Application time: 1.0000777 seconds
[2019-12-09T04:11:59.095+0000][1][safepoint    ] Entering safepoint region: Cleanup
[2019-12-09T04:11:59.095+0000][1][safepoint    ] Leaving safepoint region
[2019-12-09T04:11:59.095+0000][1][safepoint    ] Total time for which application threads were stopped: 0.0000826 seconds, Stopping threads took: 0.0000169 seconds
[2019-12-09T04:12:00.095+0000][1][safepoint    ] Application time: 1.0000758 seconds
[2019-12-09T04:12:00.095+0000][1][safepoint    ] Entering safepoint region: Cleanup
[2019-12-09T04:12:00.095+0000][1][safepoint    ] Leaving safepoint region
[2019-12-09T04:12:00.095+0000][1][safepoint    ] Total time for which application threads were stopped: 0.0000832 seconds, Stopping threads took: 0.0000171 seconds
[2019-12-09T04:12:01.095+0000][1][safepoint    ] Application time: 1.0000997 seconds
[2019-12-09T04:12:01.095+0000][1][safepoint    ] Entering safepoint region: Cleanup
[2019-12-09T04:12:01.095+0000][1][safepoint    ] Leaving safepoint region
[2019-12-09T04:12:01.095+0000][1][safepoint    ] Total time for which application threads were stopped: 0.0001436 seconds, Stopping threads took: 0.0000306 seconds
[2019-12-09T04:12:02.096+0000][1][safepoint    ] Application time: 1.0000805 seconds
[2019-12-09T04:12:02.096+0000][1][safepoint    ] Entering safepoint region: Cleanup
[2019-12-09T04:12:02.096+0000][1][safepoint    ] Leaving safepoint region
[2019-12-09T04:12:02.096+0000][1][safepoint    ] Total time for which application threads were stopped: 0.0001091 seconds, Stopping threads took: 0.0000274 seconds
[2019-12-09T04:12:03.096+0000][1][safepoint    ] Application time: 1.0000782 seconds
[2019-12-09T04:12:03.096+0000][1][safepoint    ] Entering safepoint region: Cleanup
[2019-12-09T04:12:03.096+0000][1][safepoint    ] Leaving safepoint region
[2019-12-09T04:12:03.096+0000][1][safepoint    ] Total time for which application threads were stopped: 0.0000897 seconds, Stopping threads took: 0.0000194 seconds
[2019-12-09T04:12:04.096+0000][1][safepoint    ] Application time: 1.0000769 seconds
[2019-12-09T04:12:04.096+0000][1][safepoint    ] Entering safepoint region: Cleanup
[2019-12-09T04:12:04.096+0000][1][safepoint    ] Leaving safepoint region
[2019-12-09T04:12:04.096+0000][1][safepoint    ] Total time for which application threads were stopped: 0.0000889 seconds, Stopping threads took: 0.0000183 seconds
[2019-12-09T04:12:05.096+0000][1][safepoint    ] Application time: 1.0000774 seconds
[2019-12-09T04:12:05.096+0000][1][safepoint    ] Entering safepoint region: Cleanup
[2019-12-09T04:12:05.096+0000][1][safepoint    ] Leaving safepoint region
[2019-12-09T04:12:05.096+0000][1][safepoint    ] Total time for which application threads were stopped: 0.0000889 seconds, Stopping threads took: 0.0000183 seconds
[2019-12-09T04:12:06.096+0000][1][safepoint    ] Application time: 1.0000781 seconds
[2019-12-09T04:12:06.096+0000][1][safepoint    ] Entering safepoint region: Cleanup
[2019-12-09T04:12:06.097+0000][1][safepoint    ] Leaving safepoint region
[2019-12-09T04:12:06.097+0000][1][safepoint    ] Total time for which application threads were stopped: 0.0000883 seconds, Stopping threads took: 0.0000198 seconds
[2019-12-09T04:12:07.097+0000][1][safepoint    ] Application time: 1.0000765 seconds
[2019-12-09T04:12:07.097+0000][1][safepoint    ] Entering safepoint region: Cleanup
[2019-12-09T04:12:07.097+0000][1][safepoint    ] Leaving safepoint region
[2019-12-09T04:12:07.097+0000][1][safepoint    ] Total time for which application threads were stopped: 0.0001052 seconds, Stopping threads took: 0.0000174 seconds
[2019-12-09T04:12:08.097+0000][1][safepoint    ] Application time: 1.0000779 seconds
[2019-12-09T04:12:08.097+0000][1][safepoint    ] Entering safepoint region: Cleanup
[2019-12-09T04:12:08.097+0000][1][safepoint    ] Leaving safepoint region
[2019-12-09T04:12:08.097+0000][1][safepoint    ] Total time for which application threads were stopped: 0.0000895 seconds, Stopping threads took: 0.0000190 seconds
[2019-12-09T04:12:09.097+0000][1][safepoint    ] Application time: 1.0000765 seconds
[2019-12-09T04:12:09.097+0000][1][safepoint    ] Entering safepoint region: Cleanup
[2019-12-09T04:12:09.097+0000][1][safepoint    ] Leaving safepoint region
[2019-12-09T04:12:09.097+0000][1][safepoint    ] Total time for which application threads were stopped: 0.0000847 seconds, Stopping threads took: 0.0000170 seconds
[2019-12-09T04:12:10.097+0000][1][safepoint    ] Application time: 1.0000764 seconds
[2019-12-09T04:12:10.097+0000][1][safepoint    ] Entering safepoint region: Cleanup
[2019-12-09T04:12:10.097+0000][1][safepoint    ] Leaving safepoint region
[2019-12-09T04:12:10.097+0000][1][safepoint    ] Total time for which application threads were stopped: 0.0000858 seconds, Stopping threads took: 0.0000171 seconds
[2019-12-09T04:12:11.097+0000][1][safepoint    ] Application time: 1.0000775 seconds
[2019-12-09T04:12:11.098+0000][1][safepoint    ] Entering safepoint region: Cleanup
[2019-12-09T04:12:11.098+0000][1][safepoint    ] Leaving safepoint region
[2019-12-09T04:12:11.098+0000][1][safepoint    ] Total time for which application threads were stopped: 0.0000847 seconds, Stopping threads took: 0.0000170 seconds
[2019-12-09T04:12:12.981+0000][1][safepoint    ] Application time: 1.8832395 seconds
[2019-12-09T04:12:12.981+0000][1][safepoint    ] Entering safepoint region: Cleanup
[2019-12-09T04:12:12.981+0000][1][safepoint    ] Leaving safepoint region
[2019-12-09T04:12:12.981+0000][1][safepoint    ] Total time for which application threads were stopped: 0.0000896 seconds, Stopping threads took: 0.0000181 seconds
[2019-12-09T04:12:13.981+0000][1][safepoint    ] Application time: 1.0000754 seconds
[2019-12-09T04:12:13.981+0000][1][safepoint    ] Entering safepoint region: Cleanup
[2019-12-09T04:12:13.981+0000][1][safepoint    ] Leaving safepoint region
[2019-12-09T04:12:13.981+0000][1][safepoint    ] Total time for which application threads were stopped: 0.0000836 seconds, Stopping threads took: 0.0000160 seconds
[2019-12-09T04:12:14.981+0000][1][safepoint    ] Application time: 1.0000760 seconds
[2019-12-09T04:12:14.981+0000][1][safepoint    ] Entering safepoint region: Cleanup
[2019-12-09T04:12:14.981+0000][1][safepoint    ] Leaving safepoint region
[2019-12-09T04:12:14.981+0000][1][safepoint    ] Total time for which application threads were stopped: 0.0000873 seconds, Stopping threads took: 0.0000163 seconds
[2019-12-09T04:12:15.981+0000][1][safepoint    ] Application time: 1.0000870 seconds
[2019-12-09T04:12:15.982+0000][1][safepoint    ] Entering safepoint region: Cleanup
[2019-12-09T04:12:15.982+0000][1][safepoint    ] Leaving safepoint region
[2019-12-09T04:12:15.982+0000][1][safepoint    ] Total time for which application threads were stopped: 0.0000928 seconds, Stopping threads took: 0.0000233 seconds
[2019-12-09T04:12:16.982+0000][1][safepoint    ] Application time: 1.0001104 seconds
[2019-12-09T04:12:16.982+0000][1][safepoint    ] Entering safepoint region: Cleanup
[2019-12-09T04:12:16.982+0000][1][safepoint    ] Leaving safepoint region
[2019-12-09T04:12:16.982+0000][1][safepoint    ] Total time for which application threads were stopped: 0.0000960 seconds, Stopping threads took: 0.0000235 seconds
[2019-12-09T04:12:17.982+0000][1][safepoint    ] Application time: 1.0000886 seconds
[2019-12-09T04:12:17.982+0000][1][safepoint    ] Entering safepoint region: Cleanup
[2019-12-09T04:12:17.982+0000][1][safepoint    ] Leaving safepoint region
[2019-12-09T04:12:17.982+0000][1][safepoint    ] Total time for which application threads were stopped: 0.0001305 seconds, Stopping threads took: 0.0000537 seconds
[2019-12-09T04:12:18.982+0000][1][safepoint    ] Application time: 1.0000844 seconds
[2019-12-09T04:12:18.982+0000][1][safepoint    ] Entering safepoint region: Cleanup
[2019-12-09T04:12:18.982+0000][1][safepoint    ] Leaving safepoint region
[2019-12-09T04:12:18.982+0000][1][safepoint    ] Total time for which application threads were stopped: 0.0000973 seconds, Stopping threads took: 0.0000204 seconds
[2019-12-09T04:12:19.982+0000][1][safepoint    ] Application time: 1.0000847 seconds
[2019-12-09T04:12:19.982+0000][1][safepoint    ] Entering safepoint region: Cleanup
[2019-12-09T04:12:19.983+0000][1][safepoint    ] Leaving safepoint region
[2019-12-09T04:12:19.983+0000][1][safepoint    ] Total time for which application threads were stopped: 0.0000952 seconds, Stopping threads took: 0.0000188 seconds
[2019-12-09T04:12:20.983+0000][1][safepoint    ] Application time: 1.0000824 seconds
[2019-12-09T04:12:20.983+0000][1][safepoint    ] Entering safepoint region: Cleanup
[2019-12-09T04:12:20.983+0000][1][safepoint    ] Leaving safepoint region
[2019-12-09T04:12:20.983+0000][1][safepoint    ] Total time for which application threads were stopped: 0.0000975 seconds, Stopping threads took: 0.0000235 seconds
[2019-12-09T04:12:21.991+0000][1][safepoint    ] Application time: 1.0079115 seconds
[2019-12-09T04:12:21.991+0000][1][safepoint    ] Entering safepoint region: Cleanup
[2019-12-09T04:12:21.991+0000][1][safepoint    ] Leaving safepoint region
[2019-12-09T04:12:21.991+0000][1][safepoint    ] Total time for which application threads were stopped: 0.0001168 seconds, Stopping threads took: 0.0000245 seconds
[2019-12-09T04:12:22.991+0000][1][safepoint    ] Application time: 1.0000798 seconds
[2019-12-09T04:12:22.991+0000][1][safepoint    ] Entering safepoint region: Cleanup
[2019-12-09T04:12:22.991+0000][1][safepoint    ] Leaving safepoint region
[2019-12-09T04:12:22.991+0000][1][safepoint    ] Total time for which application threads were stopped: 0.0000910 seconds, Stopping threads took: 0.0000189 seconds
[2019-12-09T04:12:23.991+0000][1][safepoint    ] Application time: 1.0000800 seconds
[2019-12-09T04:12:23.991+0000][1][safepoint    ] Entering safepoint region: Cleanup
[2019-12-09T04:12:23.991+0000][1][safepoint    ] Leaving safepoint region
[2019-12-09T04:12:23.991+0000][1][safepoint    ] Total time for which application threads were stopped: 0.0000905 seconds, Stopping threads took: 0.0000179 seconds
[2019-12-09T04:12:24.991+0000][1][safepoint    ] Application time: 1.0000797 seconds
[2019-12-09T04:12:24.991+0000][1][safepoint    ] Entering safepoint region: Cleanup
[2019-12-09T04:12:24.992+0000][1][safepoint    ] Leaving safepoint region
[2019-12-09T04:12:24.992+0000][1][safepoint    ] Total time for which application threads were stopped: 0.0000886 seconds, Stopping threads took: 0.0000180 seconds
[2019-12-09T04:12:25.992+0000][1][safepoint    ] Application time: 1.0000774 seconds
[2019-12-09T04:12:25.992+0000][1][safepoint    ] Entering safepoint region: Cleanup
[2019-12-09T04:12:25.992+0000][1][safepoint    ] Leaving safepoint region
[2019-12-09T04:12:25.992+0000][1][safepoint    ] Total time for which application threads were stopped: 0.0001025 seconds, Stopping threads took: 0.0000185 seconds
[2019-12-09T04:12:26.992+0000][1][safepoint    ] Application time: 1.0000759 seconds
[2019-12-09T04:12:26.992+0000][1][safepoint    ] Entering safepoint region: Cleanup
[2019-12-09T04:12:26.992+0000][1][safepoint    ] Leaving safepoint region
[2019-12-09T04:12:26.992+0000][1][safepoint    ] Total time for which application threads were stopped: 0.0000890 seconds, Stopping threads took: 0.0000190 seconds
[2019-12-09T04:12:27.992+0000][1][safepoint    ] Application time: 1.0000788 seconds
[2019-12-09T04:12:27.992+0000][1][safepoint    ] Entering safepoint region: Cleanup
[2019-12-09T04:12:27.992+0000][1][safepoint    ] Leaving safepoint region
[2019-12-09T04:12:27.992+0000][1][safepoint    ] Total time for which application threads were stopped: 0.0000920 seconds, Stopping threads took: 0.0000201 seconds
[2019-12-09T04:12:28.992+0000][1][safepoint    ] Application time: 1.0000806 seconds
[2019-12-09T04:12:28.992+0000][1][safepoint    ] Entering safepoint region: Cleanup
[2019-12-09T04:12:28.992+0000][1][safepoint    ] Leaving safepoint region
[2019-12-09T04:12:28.992+0000][1][safepoint    ] Total time for which application threads were stopped: 0.0000919 seconds, Stopping threads took: 0.0000189 seconds
[2019-12-09T04:12:29.992+0000][1][safepoint    ] Application time: 1.0000779 seconds
[2019-12-09T04:12:29.993+0000][1][safepoint    ] Entering safepoint region: Cleanup
[2019-12-09T04:12:29.993+0000][1][safepoint    ] Leaving safepoint region
[2019-12-09T04:12:29.993+0000][1][safepoint    ] Total time for which application threads were stopped: 0.0000913 seconds, Stopping threads took: 0.0000191 seconds
[2019-12-09T04:12:30.993+0000][1][safepoint    ] Application time: 1.0000882 seconds
[2019-12-09T04:12:30.993+0000][1][safepoint    ] Entering safepoint region: Cleanup
[2019-12-09T04:12:30.993+0000][1][safepoint    ] Leaving safepoint region
[2019-12-09T04:12:30.993+0000][1][safepoint    ] Total time for which application threads were stopped: 0.0000984 seconds, Stopping threads took: 0.0000187 seconds
[2019-12-09T04:12:31.993+0000][1][safepoint    ] Application time: 1.0000786 seconds
[2019-12-09T04:12:31.993+0000][1][safepoint    ] Entering safepoint region: Cleanup
[2019-12-09T04:12:31.993+0000][1][safepoint    ] Leaving safepoint region
[2019-12-09T04:12:31.993+0000][1][safepoint    ] Total time for which application threads were stopped: 0.0001016 seconds, Stopping threads took: 0.0000282 seconds
[2019-12-09T04:12:32.993+0000][1][safepoint    ] Application time: 1.0000787 seconds
[2019-12-09T04:12:32.993+0000][1][safepoint    ] Entering safepoint region: Cleanup
[2019-12-09T04:12:32.993+0000][1][safepoint    ] Leaving safepoint region
[2019-12-09T04:12:32.993+0000][1][safepoint    ] Total time for which application threads were stopped: 0.0000891 seconds, Stopping threads took: 0.0000186 seconds
[2019-12-09T04:12:33.993+0000][1][safepoint    ] Application time: 1.0000788 seconds
[2019-12-09T04:12:33.993+0000][1][safepoint    ] Entering safepoint region: Cleanup
[2019-12-09T04:12:33.993+0000][1][safepoint    ] Leaving safepoint region
[2019-12-09T04:12:33.993+0000][1][safepoint    ] Total time for which application threads were stopped: 0.0000878 seconds, Stopping threads took: 0.0000207 seconds
[2019-12-09T04:12:34.994+0000][1][safepoint    ] Application time: 1.0000784 seconds
[2019-12-09T04:12:34.994+0000][1][safepoint    ] Entering safepoint region: Cleanup
[2019-12-09T04:12:34.994+0000][1][safepoint    ] Leaving safepoint region
[2019-12-09T04:12:34.994+0000][1][safepoint    ] Total time for which application threads were stopped: 0.0001021 seconds, Stopping threads took: 0.0000196 seconds
[2019-12-09T04:12:35.994+0000][1][safepoint    ] Application time: 1.0000770 seconds
[2019-12-09T04:12:35.994+0000][1][safepoint    ] Entering safepoint region: Cleanup
[2019-12-09T04:12:35.994+0000][1][safepoint    ] Leaving safepoint region
[2019-12-09T04:12:35.994+0000][1][safepoint    ] Total time for which application threads were stopped: 0.0000893 seconds, Stopping threads took: 0.0000186 seconds
[2019-12-09T04:12:36.994+0000][1][safepoint    ] Application time: 1.0000823 seconds
[2019-12-09T04:12:36.994+0000][1][safepoint    ] Entering safepoint region: Cleanup
[2019-12-09T04:12:36.994+0000][1][safepoint    ] Leaving safepoint region
[2019-12-09T04:12:36.994+0000][1][safepoint    ] Total time for which application threads were stopped: 0.0001167 seconds, Stopping threads took: 0.0000191 seconds
[2019-12-09T04:12:37.994+0000][1][safepoint    ] Application time: 1.0000781 seconds
[2019-12-09T04:12:37.994+0000][1][safepoint    ] Entering safepoint region: Cleanup
[2019-12-09T04:12:37.994+0000][1][safepoint    ] Leaving safepoint region
[2019-12-09T04:12:37.994+0000][1][safepoint    ] Total time for which application threads were stopped: 0.0000887 seconds, Stopping threads took: 0.0000181 seconds
[2019-12-09T04:12:38.994+0000][1][safepoint    ] Application time: 1.0000792 seconds
[2019-12-09T04:12:38.995+0000][1][safepoint    ] Entering safepoint region: Cleanup
[2019-12-09T04:12:38.995+0000][1][safepoint    ] Leaving safepoint region
[2019-12-09T04:12:38.995+0000][1][safepoint    ] Total time for which application threads were stopped: 0.0000879 seconds, Stopping threads took: 0.0000183 seconds
[2019-12-09T04:12:39.995+0000][1][safepoint    ] Application time: 1.0000763 seconds
[2019-12-09T04:12:39.995+0000][1][safepoint    ] Entering safepoint region: Cleanup
[2019-12-09T04:12:39.995+0000][1][safepoint    ] Leaving safepoint region
[2019-12-09T04:12:39.995+0000][1][safepoint    ] Total time for which application threads were stopped: 0.0000917 seconds, Stopping threads took: 0.0000195 seconds
[2019-12-09T04:12:40.995+0000][1][safepoint    ] Application time: 1.0000781 seconds
[2019-12-09T04:12:40.995+0000][1][safepoint    ] Entering safepoint region: Cleanup
[2019-12-09T04:12:40.995+0000][1][safepoint    ] Leaving safepoint region
[2019-12-09T04:12:40.995+0000][1][safepoint    ] Total time for which application threads were stopped: 0.0000896 seconds, Stopping threads took: 0.0000198 seconds
[2019-12-09T04:12:41.995+0000][1][safepoint    ] Application time: 1.0000768 seconds
[2019-12-09T04:12:41.995+0000][1][safepoint    ] Entering safepoint region: Cleanup
[2019-12-09T04:12:41.995+0000][1][safepoint    ] Leaving safepoint region
[2019-12-09T04:12:41.995+0000][1][safepoint    ] Total time for which application threads were stopped: 0.0000953 seconds, Stopping threads took: 0.0000255 seconds
[2019-12-09T04:12:42.995+0000][1][safepoint    ] Application time: 1.0000752 seconds
[2019-12-09T04:12:42.995+0000][1][safepoint    ] Entering safepoint region: Cleanup
[2019-12-09T04:12:42.995+0000][1][safepoint    ] Leaving safepoint region
[2019-12-09T04:12:42.995+0000][1][safepoint    ] Total time for which application threads were stopped: 0.0000880 seconds, Stopping threads took: 0.0000188 seconds
[2019-12-09T04:12:43.996+0000][1][safepoint    ] Application time: 1.0000763 seconds
[2019-12-09T04:12:43.996+0000][1][safepoint    ] Entering safepoint region: Cleanup
[2019-12-09T04:12:43.996+0000][1][safepoint    ] Leaving safepoint region
[2019-12-09T04:12:43.996+0000][1][safepoint    ] Total time for which application threads were stopped: 0.0000908 seconds, Stopping threads took: 0.0000188 seconds
[2019-12-09T04:12:44.996+0000][1][safepoint    ] Application time: 1.0000771 seconds
[2019-12-09T04:12:44.996+0000][1][safepoint    ] Entering safepoint region: Cleanup
[2019-12-09T04:12:44.996+0000][1][safepoint    ] Leaving safepoint region
[2019-12-09T04:12:44.996+0000][1][safepoint    ] Total time for which application threads were stopped: 0.0000887 seconds, Stopping threads took: 0.0000188 seconds
[2019-12-09T04:12:45.996+0000][1][safepoint    ] Application time: 1.0000751 seconds
[2019-12-09T04:12:45.996+0000][1][safepoint    ] Entering safepoint region: Cleanup
[2019-12-09T04:12:45.996+0000][1][safepoint    ] Leaving safepoint region
[2019-12-09T04:12:45.996+0000][1][safepoint    ] Total time for which application threads were stopped: 0.0000994 seconds, Stopping threads took: 0.0000194 seconds
[2019-12-09T04:12:46.996+0000][1][safepoint    ] Application time: 1.0000767 seconds
[2019-12-09T04:12:46.996+0000][1][safepoint    ] Entering safepoint region: Cleanup
[2019-12-09T04:12:46.996+0000][1][safepoint    ] Leaving safepoint region
[2019-12-09T04:12:46.996+0000][1][safepoint    ] Total time for which application threads were stopped: 0.0000909 seconds, Stopping threads took: 0.0000203 seconds
[2019-12-09T04:12:47.996+0000][1][safepoint    ] Application time: 1.0000829 seconds
[2019-12-09T04:12:47.996+0000][1][safepoint    ] Entering safepoint region: Cleanup
[2019-12-09T04:12:47.996+0000][1][safepoint    ] Leaving safepoint region
[2019-12-09T04:12:47.996+0000][1][safepoint    ] Total time for which application threads were stopped: 0.0000896 seconds, Stopping threads took: 0.0000189 seconds
[2019-12-09T04:12:48.997+0000][1][safepoint    ] Application time: 1.0000785 seconds
[2019-12-09T04:12:48.997+0000][1][safepoint    ] Entering safepoint region: Cleanup
[2019-12-09T04:12:48.997+0000][1][safepoint    ] Leaving safepoint region
[2019-12-09T04:12:48.997+0000][1][safepoint    ] Total time for which application threads were stopped: 0.0001021 seconds, Stopping threads took: 0.0000183 seconds
[2019-12-09T04:12:49.997+0000][1][safepoint    ] Application time: 1.0000767 seconds
[2019-12-09T04:12:49.997+0000][1][safepoint    ] Entering safepoint region: Cleanup
[2019-12-09T04:12:49.997+0000][1][safepoint    ] Leaving safepoint region
[2019-12-09T04:12:49.997+0000][1][safepoint    ] Total time for which application threads were stopped: 0.0000876 seconds, Stopping threads took: 0.0000180 seconds
[2019-12-09T04:12:50.997+0000][1][safepoint    ] Application time: 1.0000771 seconds
[2019-12-09T04:12:50.997+0000][1][safepoint    ] Entering safepoint region: Cleanup
[2019-12-09T04:12:50.997+0000][1][safepoint    ] Leaving safepoint region
[2019-12-09T04:12:50.997+0000][1][safepoint    ] Total time for which application threads were stopped: 0.0000909 seconds, Stopping threads took: 0.0000193 seconds
[2019-12-09T04:12:51.997+0000][1][safepoint    ] Application time: 1.0000765 seconds
[2019-12-09T04:12:51.997+0000][1][safepoint    ] Entering safepoint region: Cleanup
[2019-12-09T04:12:51.997+0000][1][safepoint    ] Leaving safepoint region
[2019-12-09T04:12:51.997+0000][1][safepoint    ] Total time for which application threads were stopped: 0.0000991 seconds, Stopping threads took: 0.0000198 seconds
[2019-12-09T04:12:52.997+0000][1][safepoint    ] Application time: 1.0000768 seconds
[2019-12-09T04:12:52.997+0000][1][safepoint    ] Entering safepoint region: Cleanup
[2019-12-09T04:12:52.998+0000][1][safepoint    ] Leaving safepoint region
[2019-12-09T04:12:52.998+0000][1][safepoint    ] Total time for which application threads were stopped: 0.0000912 seconds, Stopping threads took: 0.0000204 seconds
[2019-12-09T04:12:53.998+0000][1][safepoint    ] Application time: 1.0000778 seconds
[2019-12-09T04:12:53.998+0000][1][safepoint    ] Entering safepoint region: Cleanup
[2019-12-09T04:12:53.998+0000][1][safepoint    ] Leaving safepoint region
[2019-12-09T04:12:53.998+0000][1][safepoint    ] Total time for which application threads were stopped: 0.0000915 seconds, Stopping threads took: 0.0000204 seconds
[2019-12-09T04:12:54.998+0000][1][safepoint    ] Application time: 1.0000774 seconds
[2019-12-09T04:12:54.998+0000][1][safepoint    ] Entering safepoint region: Cleanup
[2019-12-09T04:12:54.998+0000][1][safepoint    ] Leaving safepoint region
[2019-12-09T04:12:54.998+0000][1][safepoint    ] Total time for which application threads were stopped: 0.0000890 seconds, Stopping threads took: 0.0000188 seconds
[2019-12-09T04:12:55.998+0000][1][safepoint    ] Application time: 1.0000763 seconds
[2019-12-09T04:12:55.998+0000][1][safepoint    ] Entering safepoint region: Cleanup
[2019-12-09T04:12:55.998+0000][1][safepoint    ] Leaving safepoint region
[2019-12-09T04:12:55.998+0000][1][safepoint    ] Total time for which application threads were stopped: 0.0000874 seconds, Stopping threads took: 0.0000182 seconds
[2019-12-09T04:12:56.998+0000][1][safepoint    ] Application time: 1.0000771 seconds
[2019-12-09T04:12:56.998+0000][1][safepoint    ] Entering safepoint region: Cleanup
[2019-12-09T04:12:56.998+0000][1][safepoint    ] Leaving safepoint region
[2019-12-09T04:12:56.998+0000][1][safepoint    ] Total time for which application threads were stopped: 0.0000882 seconds, Stopping threads took: 0.0000193 seconds
[2019-12-09T04:12:57.999+0000][1][safepoint    ] Application time: 1.0000766 seconds
[2019-12-09T04:12:57.999+0000][1][safepoint    ] Entering safepoint region: Cleanup
[2019-12-09T04:12:57.999+0000][1][safepoint    ] Leaving safepoint region
[2019-12-09T04:12:57.999+0000][1][safepoint    ] Total time for which application threads were stopped: 0.0000897 seconds, Stopping threads took: 0.0000195 seconds
[2019-12-09T04:12:58.999+0000][1][safepoint    ] Application time: 1.0000750 seconds
[2019-12-09T04:12:58.999+0000][1][safepoint    ] Entering safepoint region: Cleanup
[2019-12-09T04:12:58.999+0000][1][safepoint    ] Leaving safepoint region
[2019-12-09T04:12:58.999+0000][1][safepoint    ] Total time for which application threads were stopped: 0.0000883 seconds, Stopping threads took: 0.0000182 seconds
[2019-12-09T04:12:59.999+0000][1][safepoint    ] Application time: 1.0000768 seconds
[2019-12-09T04:12:59.999+0000][1][safepoint    ] Entering safepoint region: Cleanup
[2019-12-09T04:12:59.999+0000][1][safepoint    ] Leaving safepoint region
[2019-12-09T04:12:59.999+0000][1][safepoint    ] Total time for which application threads were stopped: 0.0000918 seconds, Stopping threads took: 0.0000200 seconds
[2019-12-09T04:13:01.165+0000][1][safepoint    ] Application time: 1.1663790 seconds
[2019-12-09T04:13:01.165+0000][1][safepoint    ] Entering safepoint region: Cleanup
[2019-12-09T04:13:01.166+0000][1][safepoint    ] Leaving safepoint region
[2019-12-09T04:13:01.166+0000][1][safepoint    ] Total time for which application threads were stopped: 0.0000962 seconds, Stopping threads took: 0.0000194 seconds
[2019-12-09T04:13:02.166+0000][1][safepoint    ] Application time: 1.0000770 seconds
[2019-12-09T04:13:02.166+0000][1][safepoint    ] Entering safepoint region: Cleanup
[2019-12-09T04:13:02.166+0000][1][safepoint    ] Leaving safepoint region
[2019-12-09T04:13:02.166+0000][1][safepoint    ] Total time for which application threads were stopped: 0.0000909 seconds, Stopping threads took: 0.0000210 seconds
[2019-12-09T04:13:03.166+0000][1][safepoint    ] Application time: 1.0000762 seconds
[2019-12-09T04:13:03.166+0000][1][safepoint    ] Entering safepoint region: Cleanup
[2019-12-09T04:13:03.166+0000][1][safepoint    ] Leaving safepoint region
[2019-12-09T04:13:03.166+0000][1][safepoint    ] Total time for which application threads were stopped: 0.0000896 seconds, Stopping threads took: 0.0000215 seconds
[2019-12-09T04:13:04.166+0000][1][safepoint    ] Application time: 1.0000779 seconds
[2019-12-09T04:13:04.166+0000][1][safepoint    ] Entering safepoint region: Cleanup
[2019-12-09T04:13:04.166+0000][1][safepoint    ] Leaving safepoint region
[2019-12-09T04:13:04.166+0000][1][safepoint    ] Total time for which application threads were stopped: 0.0000928 seconds, Stopping threads took: 0.0000198 seconds
[2019-12-09T04:13:05.166+0000][1][safepoint    ] Application time: 1.0000753 seconds
[2019-12-09T04:13:05.166+0000][1][safepoint    ] Entering safepoint region: Cleanup
[2019-12-09T04:13:05.166+0000][1][safepoint    ] Leaving safepoint region
[2019-12-09T04:13:05.166+0000][1][safepoint    ] Total time for which application threads were stopped: 0.0000887 seconds, Stopping threads took: 0.0000193 seconds
[2019-12-09T04:13:06.167+0000][1][safepoint    ] Application time: 1.0000769 seconds
[2019-12-09T04:13:06.167+0000][1][safepoint    ] Entering safepoint region: Cleanup
[2019-12-09T04:13:06.167+0000][1][safepoint    ] Leaving safepoint region
[2019-12-09T04:13:06.167+0000][1][safepoint    ] Total time for which application threads were stopped: 0.0000899 seconds, Stopping threads took: 0.0000184 seconds
[2019-12-09T04:13:07.138+0000][1][safepoint    ] Application time: 0.9715570 seconds
[2019-12-09T04:13:07.138+0000][1][safepoint    ] Entering safepoint region: GenCollectForAllocation
[2019-12-09T04:13:07.138+0000][1][gc,start     ] GC(59) Pause Young (Allocation Failure)
[2019-12-09T04:13:07.138+0000][1][gc,task      ] GC(59) Using 2 workers of 2 for evacuation
[2019-12-09T04:13:07.140+0000][1][gc,age       ] GC(59) Desired survivor size 4456448 bytes, new threshold 6 (max threshold 6)
[2019-12-09T04:13:07.140+0000][1][gc,age       ] GC(59) Age table with threshold 6 (max threshold 6)
[2019-12-09T04:13:07.140+0000][1][gc,age       ] GC(59) - age   1:       8240 bytes,       8240 total
[2019-12-09T04:13:07.141+0000][1][gc,age       ] GC(59) - age   2:       3536 bytes,      11776 total
[2019-12-09T04:13:07.141+0000][1][gc,age       ] GC(59) - age   3:        232 bytes,      12008 total
[2019-12-09T04:13:07.141+0000][1][gc,age       ] GC(59) - age   4:       2896 bytes,      14904 total
[2019-12-09T04:13:07.141+0000][1][gc,age       ] GC(59) - age   5:        320 bytes,      15224 total
[2019-12-09T04:13:07.141+0000][1][gc,age       ] GC(59) - age   6:       5200 bytes,      20424 total
[2019-12-09T04:13:07.141+0000][1][gc,heap      ] GC(59) ParNew: 70018K->42K(78656K)
[2019-12-09T04:13:07.141+0000][1][gc,heap      ] GC(59) CMS: 119363K->119366K(174784K)
[2019-12-09T04:13:07.141+0000][1][gc,metaspace ] GC(59) Metaspace: 83403K->83403K(1126400K)
[2019-12-09T04:13:07.141+0000][1][gc           ] GC(59) Pause Young (Allocation Failure) 184M->116M(247M) 2.220ms
[2019-12-09T04:13:07.141+0000][1][gc,cpu       ] GC(59) User=0.01s Sys=0.00s Real=0.00s
[2019-12-09T04:13:07.141+0000][1][safepoint    ] Leaving safepoint region
[2019-12-09T04:13:07.141+0000][1][safepoint    ] Total time for which application threads were stopped: 0.0024575 seconds, Stopping threads took: 0.0000234 seconds
[2019-12-09T04:13:08.141+0000][1][safepoint    ] Application time: 1.0000915 seconds
[2019-12-09T04:13:08.141+0000][1][safepoint    ] Entering safepoint region: Cleanup
[2019-12-09T04:13:08.141+0000][1][safepoint    ] Leaving safepoint region
[2019-12-09T04:13:08.141+0000][1][safepoint    ] Total time for which application threads were stopped: 0.0000897 seconds, Stopping threads took: 0.0000185 seconds
[2019-12-09T04:13:09.141+0000][1][safepoint    ] Application time: 1.0000773 seconds
[2019-12-09T04:13:09.141+0000][1][safepoint    ] Entering safepoint region: Cleanup
[2019-12-09T04:13:09.141+0000][1][safepoint    ] Leaving safepoint region
[2019-12-09T04:13:09.141+0000][1][safepoint    ] Total time for which application threads were stopped: 0.0000884 seconds, Stopping threads took: 0.0000193 seconds
[2019-12-09T04:13:10.141+0000][1][safepoint    ] Application time: 1.0000756 seconds
[2019-12-09T04:13:10.141+0000][1][safepoint    ] Entering safepoint region: Cleanup
[2019-12-09T04:13:10.141+0000][1][safepoint    ] Leaving safepoint region
[2019-12-09T04:13:10.141+0000][1][safepoint    ] Total time for which application threads were stopped: 0.0000933 seconds, Stopping threads took: 0.0000221 seconds
[2019-12-09T04:13:11.141+0000][1][safepoint    ] Application time: 1.0000734 seconds
[2019-12-09T04:13:11.141+0000][1][safepoint    ] Entering safepoint region: Cleanup
[2019-12-09T04:13:11.142+0000][1][safepoint    ] Leaving safepoint region
[2019-12-09T04:13:11.142+0000][1][safepoint    ] Total time for which application threads were stopped: 0.0001036 seconds, Stopping threads took: 0.0000178 seconds
[2019-12-09T04:13:12.142+0000][1][safepoint    ] Application time: 1.0000742 seconds
[2019-12-09T04:13:12.142+0000][1][safepoint    ] Entering safepoint region: Cleanup
[2019-12-09T04:13:12.142+0000][1][safepoint    ] Leaving safepoint region
[2019-12-09T04:13:12.142+0000][1][safepoint    ] Total time for which application threads were stopped: 0.0001004 seconds, Stopping threads took: 0.0000279 seconds
[2019-12-09T04:13:13.142+0000][1][safepoint    ] Application time: 1.0000764 seconds
[2019-12-09T04:13:13.142+0000][1][safepoint    ] Entering safepoint region: Cleanup
[2019-12-09T04:13:13.142+0000][1][safepoint    ] Leaving safepoint region
[2019-12-09T04:13:13.142+0000][1][safepoint    ] Total time for which application threads were stopped: 0.0000865 seconds, Stopping threads took: 0.0000191 seconds
[2019-12-09T04:13:14.142+0000][1][safepoint    ] Application time: 1.0000763 seconds
[2019-12-09T04:13:14.142+0000][1][safepoint    ] Entering safepoint region: Cleanup
[2019-12-09T04:13:14.142+0000][1][safepoint    ] Leaving safepoint region
[2019-12-09T04:13:14.142+0000][1][safepoint    ] Total time for which application threads were stopped: 0.0000867 seconds, Stopping threads took: 0.0000176 seconds
[2019-12-09T04:13:15.142+0000][1][safepoint    ] Application time: 1.0000761 seconds
[2019-12-09T04:13:15.142+0000][1][safepoint    ] Entering safepoint region: Cleanup
[2019-12-09T04:13:15.142+0000][1][safepoint    ] Leaving safepoint region
[2019-12-09T04:13:15.142+0000][1][safepoint    ] Total time for which application threads were stopped: 0.0000979 seconds, Stopping threads took: 0.0000270 seconds
[2019-12-09T04:13:16.143+0000][1][safepoint    ] Application time: 1.0000774 seconds
[2019-12-09T04:13:16.143+0000][1][safepoint    ] Entering safepoint region: Cleanup
[2019-12-09T04:13:16.143+0000][1][safepoint    ] Leaving safepoint region
[2019-12-09T04:13:16.143+0000][1][safepoint    ] Total time for which application threads were stopped: 0.0000907 seconds, Stopping threads took: 0.0000189 seconds
[2019-12-09T04:13:17.143+0000][1][safepoint    ] Application time: 1.0000725 seconds
[2019-12-09T04:13:17.143+0000][1][safepoint    ] Entering safepoint region: Cleanup
[2019-12-09T04:13:17.143+0000][1][safepoint    ] Leaving safepoint region
[2019-12-09T04:13:17.143+0000][1][safepoint    ] Total time for which application threads were stopped: 0.0000904 seconds, Stopping threads took: 0.0000208 seconds
[2019-12-09T04:13:18.143+0000][1][safepoint    ] Application time: 1.0000765 seconds
[2019-12-09T04:13:18.143+0000][1][safepoint    ] Entering safepoint region: Cleanup
[2019-12-09T04:13:18.143+0000][1][safepoint    ] Leaving safepoint region
[2019-12-09T04:13:18.143+0000][1][safepoint    ] Total time for which application threads were stopped: 0.0000879 seconds, Stopping threads took: 0.0000191 seconds
[2019-12-09T04:13:19.143+0000][1][safepoint    ] Application time: 1.0000757 seconds
[2019-12-09T04:13:19.143+0000][1][safepoint    ] Entering safepoint region: Cleanup
[2019-12-09T04:13:19.143+0000][1][safepoint    ] Leaving safepoint region
[2019-12-09T04:13:19.143+0000][1][safepoint    ] Total time for which application threads were stopped: 0.0000902 seconds, Stopping threads took: 0.0000202 seconds
[2019-12-09T04:13:20.143+0000][1][safepoint    ] Application time: 1.0000748 seconds
[2019-12-09T04:13:20.143+0000][1][safepoint    ] Entering safepoint region: Cleanup
[2019-12-09T04:13:20.143+0000][1][safepoint    ] Leaving safepoint region
[2019-12-09T04:13:20.143+0000][1][safepoint    ] Total time for which application threads were stopped: 0.0000865 seconds, Stopping threads took: 0.0000190 seconds
[2019-12-09T04:13:21.144+0000][1][safepoint    ] Application time: 1.0000781 seconds
[2019-12-09T04:13:21.144+0000][1][safepoint    ] Entering safepoint region: Cleanup
[2019-12-09T04:13:21.144+0000][1][safepoint    ] Leaving safepoint region
[2019-12-09T04:13:21.144+0000][1][safepoint    ] Total time for which application threads were stopped: 0.0000862 seconds, Stopping threads took: 0.0000175 seconds
[2019-12-09T04:13:22.144+0000][1][safepoint    ] Application time: 1.0000770 seconds
[2019-12-09T04:13:22.144+0000][1][safepoint    ] Entering safepoint region: Cleanup
[2019-12-09T04:13:22.144+0000][1][safepoint    ] Leaving safepoint region
[2019-12-09T04:13:22.144+0000][1][safepoint    ] Total time for which application threads were stopped: 0.0000869 seconds, Stopping threads took: 0.0000181 seconds
[2019-12-09T04:13:23.144+0000][1][safepoint    ] Application time: 1.0000752 seconds
[2019-12-09T04:13:23.144+0000][1][safepoint    ] Entering safepoint region: Cleanup
[2019-12-09T04:13:23.144+0000][1][safepoint    ] Leaving safepoint region
[2019-12-09T04:13:23.144+0000][1][safepoint    ] Total time for which application threads were stopped: 0.0000846 seconds, Stopping threads took: 0.0000176 seconds
[2019-12-09T04:13:24.144+0000][1][safepoint    ] Application time: 1.0000769 seconds
[2019-12-09T04:13:24.144+0000][1][safepoint    ] Entering safepoint region: Cleanup
[2019-12-09T04:13:24.144+0000][1][safepoint    ] Leaving safepoint region
[2019-12-09T04:13:24.144+0000][1][safepoint    ] Total time for which application threads were stopped: 0.0000895 seconds, Stopping threads took: 0.0000190 seconds
[2019-12-09T04:13:25.144+0000][1][safepoint    ] Application time: 1.0000750 seconds
[2019-12-09T04:13:25.144+0000][1][safepoint    ] Entering safepoint region: Cleanup
[2019-12-09T04:13:25.145+0000][1][safepoint    ] Leaving safepoint region
[2019-12-09T04:13:25.145+0000][1][safepoint    ] Total time for which application threads were stopped: 0.0001023 seconds, Stopping threads took: 0.0000314 seconds
[2019-12-09T04:13:26.145+0000][1][safepoint    ] Application time: 1.0000769 seconds
[2019-12-09T04:13:26.145+0000][1][safepoint    ] Entering safepoint region: Cleanup
[2019-12-09T04:13:26.145+0000][1][safepoint    ] Leaving safepoint region
[2019-12-09T04:13:26.145+0000][1][safepoint    ] Total time for which application threads were stopped: 0.0001110 seconds, Stopping threads took: 0.0000195 seconds
[2019-12-09T04:13:27.145+0000][1][safepoint    ] Application time: 1.0000783 seconds
[2019-12-09T04:13:27.145+0000][1][safepoint    ] Entering safepoint region: Cleanup
[2019-12-09T04:13:27.145+0000][1][safepoint    ] Leaving safepoint region
[2019-12-09T04:13:27.145+0000][1][safepoint    ] Total time for which application threads were stopped: 0.0000853 seconds, Stopping threads took: 0.0000177 seconds
[2019-12-09T04:13:28.145+0000][1][safepoint    ] Application time: 1.0000759 seconds
[2019-12-09T04:13:28.145+0000][1][safepoint    ] Entering safepoint region: Cleanup
[2019-12-09T04:13:28.145+0000][1][safepoint    ] Leaving safepoint region
[2019-12-09T04:13:28.145+0000][1][safepoint    ] Total time for which application threads were stopped: 0.0000974 seconds, Stopping threads took: 0.0000189 seconds
[2019-12-09T04:13:29.145+0000][1][safepoint    ] Application time: 1.0000737 seconds
[2019-12-09T04:13:29.145+0000][1][safepoint    ] Entering safepoint region: Cleanup
[2019-12-09T04:13:29.145+0000][1][safepoint    ] Leaving safepoint region
[2019-12-09T04:13:29.145+0000][1][safepoint    ] Total time for which application threads were stopped: 0.0000867 seconds, Stopping threads took: 0.0000187 seconds
[2019-12-09T04:13:30.145+0000][1][safepoint    ] Application time: 1.0000757 seconds
[2019-12-09T04:13:30.146+0000][1][safepoint    ] Entering safepoint region: Cleanup
[2019-12-09T04:13:30.146+0000][1][safepoint    ] Leaving safepoint region
[2019-12-09T04:13:30.146+0000][1][safepoint    ] Total time for which application threads were stopped: 0.0000894 seconds, Stopping threads took: 0.0000188 seconds
[2019-12-09T04:13:31.146+0000][1][safepoint    ] Application time: 1.0000868 seconds
[2019-12-09T04:13:31.146+0000][1][safepoint    ] Entering safepoint region: Cleanup
[2019-12-09T04:13:31.146+0000][1][safepoint    ] Leaving safepoint region
[2019-12-09T04:13:31.146+0000][1][safepoint    ] Total time for which application threads were stopped: 0.0000891 seconds, Stopping threads took: 0.0000202 seconds
[2019-12-09T04:13:32.146+0000][1][safepoint    ] Application time: 1.0000767 seconds
[2019-12-09T04:13:32.146+0000][1][safepoint    ] Entering safepoint region: Cleanup
[2019-12-09T04:13:32.146+0000][1][safepoint    ] Leaving safepoint region
[2019-12-09T04:13:32.146+0000][1][safepoint    ] Total time for which application threads were stopped: 0.0000868 seconds, Stopping threads took: 0.0000181 seconds
[2019-12-09T04:13:33.146+0000][1][safepoint    ] Application time: 1.0000776 seconds
[2019-12-09T04:13:33.146+0000][1][safepoint    ] Entering safepoint region: Cleanup
[2019-12-09T04:13:33.146+0000][1][safepoint    ] Leaving safepoint region
[2019-12-09T04:13:33.146+0000][1][safepoint    ] Total time for which application threads were stopped: 0.0000925 seconds, Stopping threads took: 0.0000174 seconds
[2019-12-09T04:13:34.146+0000][1][safepoint    ] Application time: 1.0000773 seconds
[2019-12-09T04:13:34.146+0000][1][safepoint    ] Entering safepoint region: Cleanup
[2019-12-09T04:13:34.146+0000][1][safepoint    ] Leaving safepoint region
[2019-12-09T04:13:34.146+0000][1][safepoint    ] Total time for which application threads were stopped: 0.0000892 seconds, Stopping threads took: 0.0000175 seconds
[2019-12-09T04:13:35.147+0000][1][safepoint    ] Application time: 1.0000780 seconds
[2019-12-09T04:13:35.147+0000][1][safepoint    ] Entering safepoint region: Cleanup
[2019-12-09T04:13:35.147+0000][1][safepoint    ] Leaving safepoint region
[2019-12-09T04:13:35.147+0000][1][safepoint    ] Total time for which application threads were stopped: 0.0000939 seconds, Stopping threads took: 0.0000177 seconds
[2019-12-09T04:13:36.147+0000][1][safepoint    ] Application time: 1.0000848 seconds
[2019-12-09T04:13:36.147+0000][1][safepoint    ] Entering safepoint region: Cleanup
[2019-12-09T04:13:36.147+0000][1][safepoint    ] Leaving safepoint region
[2019-12-09T04:13:36.147+0000][1][safepoint    ] Total time for which application threads were stopped: 0.0000912 seconds, Stopping threads took: 0.0000193 seconds
[2019-12-09T04:13:37.147+0000][1][safepoint    ] Application time: 1.0000769 seconds
[2019-12-09T04:13:37.147+0000][1][safepoint    ] Entering safepoint region: Cleanup
[2019-12-09T04:13:37.147+0000][1][safepoint    ] Leaving safepoint region
[2019-12-09T04:13:37.147+0000][1][safepoint    ] Total time for which application threads were stopped: 0.0000838 seconds, Stopping threads took: 0.0000181 seconds
[2019-12-09T04:13:38.147+0000][1][safepoint    ] Application time: 1.0000765 seconds
[2019-12-09T04:13:38.147+0000][1][safepoint    ] Entering safepoint region: Cleanup
[2019-12-09T04:13:38.147+0000][1][safepoint    ] Leaving safepoint region
[2019-12-09T04:13:38.147+0000][1][safepoint    ] Total time for which application threads were stopped: 0.0000888 seconds, Stopping threads took: 0.0000190 seconds
[2019-12-09T04:13:39.147+0000][1][safepoint    ] Application time: 1.0000845 seconds
[2019-12-09T04:13:39.147+0000][1][safepoint    ] Entering safepoint region: Cleanup
[2019-12-09T04:13:39.148+0000][1][safepoint    ] Leaving safepoint region
[2019-12-09T04:13:39.148+0000][1][safepoint    ] Total time for which application threads were stopped: 0.0000869 seconds, Stopping threads took: 0.0000189 seconds
[2019-12-09T04:13:40.148+0000][1][safepoint    ] Application time: 1.0000771 seconds
[2019-12-09T04:13:40.148+0000][1][safepoint    ] Entering safepoint region: Cleanup
[2019-12-09T04:13:40.148+0000][1][safepoint    ] Leaving safepoint region
[2019-12-09T04:13:40.148+0000][1][safepoint    ] Total time for which application threads were stopped: 0.0000964 seconds, Stopping threads took: 0.0000179 seconds
[2019-12-09T04:13:41.148+0000][1][safepoint    ] Application time: 1.0000778 seconds
[2019-12-09T04:13:41.148+0000][1][safepoint    ] Entering safepoint region: Cleanup
[2019-12-09T04:13:41.148+0000][1][safepoint    ] Leaving safepoint region
[2019-12-09T04:13:41.148+0000][1][safepoint    ] Total time for which application threads were stopped: 0.0000873 seconds, Stopping threads took: 0.0000202 seconds
[2019-12-09T04:13:42.148+0000][1][safepoint    ] Application time: 1.0000759 seconds
[2019-12-09T04:13:42.148+0000][1][safepoint    ] Entering safepoint region: Cleanup
[2019-12-09T04:13:42.148+0000][1][safepoint    ] Leaving safepoint region
[2019-12-09T04:13:42.148+0000][1][safepoint    ] Total time for which application threads were stopped: 0.0000951 seconds, Stopping threads took: 0.0000272 seconds
[2019-12-09T04:13:43.148+0000][1][safepoint    ] Application time: 1.0000749 seconds
[2019-12-09T04:13:43.148+0000][1][safepoint    ] Entering safepoint region: Cleanup
[2019-12-09T04:13:43.148+0000][1][safepoint    ] Leaving safepoint region
[2019-12-09T04:13:43.148+0000][1][safepoint    ] Total time for which application threads were stopped: 0.0000862 seconds, Stopping threads took: 0.0000188 seconds
[2019-12-09T04:13:44.148+0000][1][safepoint    ] Application time: 1.0000772 seconds
[2019-12-09T04:13:44.148+0000][1][safepoint    ] Entering safepoint region: Cleanup
[2019-12-09T04:13:44.149+0000][1][safepoint    ] Leaving safepoint region
[2019-12-09T04:13:44.149+0000][1][safepoint    ] Total time for which application threads were stopped: 0.0000867 seconds, Stopping threads took: 0.0000197 seconds
[2019-12-09T04:13:45.149+0000][1][safepoint    ] Application time: 1.0000752 seconds
[2019-12-09T04:13:45.149+0000][1][safepoint    ] Entering safepoint region: Cleanup
[2019-12-09T04:13:45.149+0000][1][safepoint    ] Leaving safepoint region
[2019-12-09T04:13:45.149+0000][1][safepoint    ] Total time for which application threads were stopped: 0.0001027 seconds, Stopping threads took: 0.0000211 seconds
[2019-12-09T04:13:46.149+0000][1][safepoint    ] Application time: 1.0000734 seconds
[2019-12-09T04:13:46.149+0000][1][safepoint    ] Entering safepoint region: Cleanup
[2019-12-09T04:13:46.149+0000][1][safepoint    ] Leaving safepoint region
[2019-12-09T04:13:46.149+0000][1][safepoint    ] Total time for which application threads were stopped: 0.0000898 seconds, Stopping threads took: 0.0000199 seconds
[2019-12-09T04:13:47.149+0000][1][safepoint    ] Application time: 1.0000749 seconds
[2019-12-09T04:13:47.149+0000][1][safepoint    ] Entering safepoint region: Cleanup
[2019-12-09T04:13:47.149+0000][1][safepoint    ] Leaving safepoint region
[2019-12-09T04:13:47.149+0000][1][safepoint    ] Total time for which application threads were stopped: 0.0000865 seconds, Stopping threads took: 0.0000177 seconds
[2019-12-09T04:13:48.149+0000][1][safepoint    ] Application time: 1.0000738 seconds
[2019-12-09T04:13:48.149+0000][1][safepoint    ] Entering safepoint region: Cleanup
[2019-12-09T04:13:48.149+0000][1][safepoint    ] Leaving safepoint region
[2019-12-09T04:13:48.149+0000][1][safepoint    ] Total time for which application threads were stopped: 0.0000860 seconds, Stopping threads took: 0.0000193 seconds
[2019-12-09T04:13:49.149+0000][1][safepoint    ] Application time: 1.0000758 seconds
[2019-12-09T04:13:49.150+0000][1][safepoint    ] Entering safepoint region: Cleanup
[2019-12-09T04:13:49.150+0000][1][safepoint    ] Leaving safepoint region
[2019-12-09T04:13:49.150+0000][1][safepoint    ] Total time for which application threads were stopped: 0.0000892 seconds, Stopping threads took: 0.0000198 seconds
[2019-12-09T04:13:50.150+0000][1][safepoint    ] Application time: 1.0000738 seconds
[2019-12-09T04:13:50.150+0000][1][safepoint    ] Entering safepoint region: Cleanup
[2019-12-09T04:13:50.150+0000][1][safepoint    ] Leaving safepoint region
[2019-12-09T04:13:50.150+0000][1][safepoint    ] Total time for which application threads were stopped: 0.0000940 seconds, Stopping threads took: 0.0000188 seconds
[2019-12-09T04:13:51.150+0000][1][safepoint    ] Application time: 1.0000722 seconds
[2019-12-09T04:13:51.150+0000][1][safepoint    ] Entering safepoint region: Cleanup
[2019-12-09T04:13:51.150+0000][1][safepoint    ] Leaving safepoint region
[2019-12-09T04:13:51.150+0000][1][safepoint    ] Total time for which application threads were stopped: 0.0000901 seconds, Stopping threads took: 0.0000217 seconds
[2019-12-09T04:13:52.150+0000][1][safepoint    ] Application time: 1.0000744 seconds
[2019-12-09T04:13:52.150+0000][1][safepoint    ] Entering safepoint region: Cleanup
[2019-12-09T04:13:52.150+0000][1][safepoint    ] Leaving safepoint region
[2019-12-09T04:13:52.150+0000][1][safepoint    ] Total time for which application threads were stopped: 0.0000865 seconds, Stopping threads took: 0.0000167 seconds
[2019-12-09T04:13:53.150+0000][1][safepoint    ] Application time: 1.0000741 seconds
[2019-12-09T04:13:53.150+0000][1][safepoint    ] Entering safepoint region: Cleanup
[2019-12-09T04:13:53.150+0000][1][safepoint    ] Leaving safepoint region
[2019-12-09T04:13:53.150+0000][1][safepoint    ] Total time for which application threads were stopped: 0.0000868 seconds, Stopping threads took: 0.0000173 seconds
[2019-12-09T04:13:54.151+0000][1][safepoint    ] Application time: 1.0000745 seconds
[2019-12-09T04:13:54.151+0000][1][safepoint    ] Entering safepoint region: Cleanup
[2019-12-09T04:13:54.151+0000][1][safepoint    ] Leaving safepoint region
[2019-12-09T04:13:54.151+0000][1][safepoint    ] Total time for which application threads were stopped: 0.0000871 seconds, Stopping threads took: 0.0000188 seconds
[2019-12-09T04:13:55.151+0000][1][safepoint    ] Application time: 1.0000758 seconds
[2019-12-09T04:13:55.151+0000][1][safepoint    ] Entering safepoint region: Cleanup
[2019-12-09T04:13:55.151+0000][1][safepoint    ] Leaving safepoint region
[2019-12-09T04:13:55.151+0000][1][safepoint    ] Total time for which application threads were stopped: 0.0001044 seconds, Stopping threads took: 0.0000193 seconds
[2019-12-09T04:13:56.151+0000][1][safepoint    ] Application time: 1.0000762 seconds
[2019-12-09T04:13:56.151+0000][1][safepoint    ] Entering safepoint region: Cleanup
[2019-12-09T04:13:56.151+0000][1][safepoint    ] Leaving safepoint region
[2019-12-09T04:13:56.151+0000][1][safepoint    ] Total time for which application threads were stopped: 0.0000901 seconds, Stopping threads took: 0.0000186 seconds
[2019-12-09T04:13:57.151+0000][1][safepoint    ] Application time: 1.0000742 seconds
[2019-12-09T04:13:57.151+0000][1][safepoint    ] Entering safepoint region: Cleanup
[2019-12-09T04:13:57.151+0000][1][safepoint    ] Leaving safepoint region
[2019-12-09T04:13:57.151+0000][1][safepoint    ] Total time for which application threads were stopped: 0.0000865 seconds, Stopping threads took: 0.0000188 seconds
[2019-12-09T04:13:58.151+0000][1][safepoint    ] Application time: 1.0000757 seconds
[2019-12-09T04:13:58.151+0000][1][safepoint    ] Entering safepoint region: Cleanup
[2019-12-09T04:13:58.151+0000][1][safepoint    ] Leaving safepoint region
[2019-12-09T04:13:58.151+0000][1][safepoint    ] Total time for which application threads were stopped: 0.0000855 seconds, Stopping threads took: 0.0000170 seconds
[2019-12-09T04:13:59.152+0000][1][safepoint    ] Application time: 1.0000751 seconds
[2019-12-09T04:13:59.152+0000][1][safepoint    ] Entering safepoint region: Cleanup
[2019-12-09T04:13:59.152+0000][1][safepoint    ] Leaving safepoint region
[2019-12-09T04:13:59.152+0000][1][safepoint    ] Total time for which application threads were stopped: 0.0000992 seconds, Stopping threads took: 0.0000173 seconds
[2019-12-09T04:14:00.152+0000][1][safepoint    ] Application time: 1.0000755 seconds
[2019-12-09T04:14:00.152+0000][1][safepoint    ] Entering safepoint region: Cleanup
[2019-12-09T04:14:00.152+0000][1][safepoint    ] Leaving safepoint region
[2019-12-09T04:14:00.152+0000][1][safepoint    ] Total time for which application threads were stopped: 0.0000871 seconds, Stopping threads took: 0.0000179 seconds
[2019-12-09T04:14:01.152+0000][1][safepoint    ] Application time: 1.0000777 seconds
[2019-12-09T04:14:01.152+0000][1][safepoint    ] Entering safepoint region: Cleanup
[2019-12-09T04:14:01.152+0000][1][safepoint    ] Leaving safepoint region
[2019-12-09T04:14:01.152+0000][1][safepoint    ] Total time for which application threads were stopped: 0.0000884 seconds, Stopping threads took: 0.0000183 seconds
[2019-12-09T04:14:02.152+0000][1][safepoint    ] Application time: 1.0000777 seconds
[2019-12-09T04:14:02.152+0000][1][safepoint    ] Entering safepoint region: Cleanup
[2019-12-09T04:14:02.152+0000][1][safepoint    ] Leaving safepoint region
[2019-12-09T04:14:02.152+0000][1][safepoint    ] Total time for which application threads were stopped: 0.0000877 seconds, Stopping threads took: 0.0000193 seconds
[2019-12-09T04:14:03.152+0000][1][safepoint    ] Application time: 1.0000762 seconds
[2019-12-09T04:14:03.152+0000][1][safepoint    ] Entering safepoint region: Cleanup
[2019-12-09T04:14:03.153+0000][1][safepoint    ] Leaving safepoint region
[2019-12-09T04:14:03.153+0000][1][safepoint    ] Total time for which application threads were stopped: 0.0000894 seconds, Stopping threads took: 0.0000214 seconds
[2019-12-09T04:14:04.153+0000][1][safepoint    ] Application time: 1.0000782 seconds
[2019-12-09T04:14:04.153+0000][1][safepoint    ] Entering safepoint region: Cleanup
[2019-12-09T04:14:04.153+0000][1][safepoint    ] Leaving safepoint region
[2019-12-09T04:14:04.153+0000][1][safepoint    ] Total time for which application threads were stopped: 0.0000936 seconds, Stopping threads took: 0.0000192 seconds
[2019-12-09T04:14:05.153+0000][1][safepoint    ] Application time: 1.0000738 seconds
[2019-12-09T04:14:05.153+0000][1][safepoint    ] Entering safepoint region: Cleanup
[2019-12-09T04:14:05.153+0000][1][safepoint    ] Leaving safepoint region
[2019-12-09T04:14:05.153+0000][1][safepoint    ] Total time for which application threads were stopped: 0.0000889 seconds, Stopping threads took: 0.0000196 seconds
[2019-12-09T04:14:06.153+0000][1][safepoint    ] Application time: 1.0000784 seconds
[2019-12-09T04:14:06.153+0000][1][safepoint    ] Entering safepoint region: Cleanup
[2019-12-09T04:14:06.153+0000][1][safepoint    ] Leaving safepoint region
[2019-12-09T04:14:06.153+0000][1][safepoint    ] Total time for which application threads were stopped: 0.0000899 seconds, Stopping threads took: 0.0000201 seconds
[2019-12-09T04:14:07.153+0000][1][safepoint    ] Application time: 1.0000770 seconds
[2019-12-09T04:14:07.153+0000][1][safepoint    ] Entering safepoint region: Cleanup
[2019-12-09T04:14:07.153+0000][1][safepoint    ] Leaving safepoint region
[2019-12-09T04:14:07.153+0000][1][safepoint    ] Total time for which application threads were stopped: 0.0000860 seconds, Stopping threads took: 0.0000190 seconds
[2019-12-09T04:14:08.153+0000][1][safepoint    ] Application time: 1.0000751 seconds
[2019-12-09T04:14:08.154+0000][1][safepoint    ] Entering safepoint region: Cleanup
[2019-12-09T04:14:08.154+0000][1][safepoint    ] Leaving safepoint region
[2019-12-09T04:14:08.154+0000][1][safepoint    ] Total time for which application threads were stopped: 0.0000856 seconds, Stopping threads took: 0.0000170 seconds
[2019-12-09T04:14:09.154+0000][1][safepoint    ] Application time: 1.0000745 seconds
[2019-12-09T04:14:09.154+0000][1][safepoint    ] Entering safepoint region: Cleanup
[2019-12-09T04:14:09.154+0000][1][safepoint    ] Leaving safepoint region
[2019-12-09T04:14:09.154+0000][1][safepoint    ] Total time for which application threads were stopped: 0.0000855 seconds, Stopping threads took: 0.0000170 seconds
[2019-12-09T04:14:10.154+0000][1][safepoint    ] Application time: 1.0000745 seconds
[2019-12-09T04:14:10.154+0000][1][safepoint    ] Entering safepoint region: Cleanup
[2019-12-09T04:14:10.154+0000][1][safepoint    ] Leaving safepoint region
[2019-12-09T04:14:10.154+0000][1][safepoint    ] Total time for which application threads were stopped: 0.0000871 seconds, Stopping threads took: 0.0000170 seconds
[2019-12-09T04:14:11.154+0000][1][safepoint    ] Application time: 1.0000780 seconds
[2019-12-09T04:14:11.154+0000][1][safepoint    ] Entering safepoint region: Cleanup
[2019-12-09T04:14:11.154+0000][1][safepoint    ] Leaving safepoint region
[2019-12-09T04:14:11.154+0000][1][safepoint    ] Total time for which application threads were stopped: 0.0000847 seconds, Stopping threads took: 0.0000172 seconds
[2019-12-09T04:14:12.154+0000][1][safepoint    ] Application time: 1.0000748 seconds
[2019-12-09T04:14:12.154+0000][1][safepoint    ] Entering safepoint region: Cleanup
[2019-12-09T04:14:12.154+0000][1][safepoint    ] Leaving safepoint region
[2019-12-09T04:14:12.154+0000][1][safepoint    ] Total time for which application threads were stopped: 0.0000922 seconds, Stopping threads took: 0.0000246 seconds
[2019-12-09T04:14:13.155+0000][1][safepoint    ] Application time: 1.0000796 seconds
[2019-12-09T04:14:13.155+0000][1][safepoint    ] Entering safepoint region: Cleanup
[2019-12-09T04:14:13.155+0000][1][safepoint    ] Leaving safepoint region
[2019-12-09T04:14:13.155+0000][1][safepoint    ] Total time for which application threads were stopped: 0.0000856 seconds, Stopping threads took: 0.0000177 seconds
[2019-12-09T04:14:14.155+0000][1][safepoint    ] Application time: 1.0000542 seconds
[2019-12-09T04:14:14.155+0000][1][safepoint    ] Entering safepoint region: Cleanup
[2019-12-09T04:14:14.155+0000][1][safepoint    ] Leaving safepoint region
[2019-12-09T04:14:14.155+0000][1][safepoint    ] Total time for which application threads were stopped: 0.0000899 seconds, Stopping threads took: 0.0000199 seconds
[2019-12-09T04:14:15.155+0000][1][safepoint    ] Application time: 1.0000755 seconds
[2019-12-09T04:14:15.155+0000][1][safepoint    ] Entering safepoint region: Cleanup
[2019-12-09T04:14:15.155+0000][1][safepoint    ] Leaving safepoint region
[2019-12-09T04:14:15.155+0000][1][safepoint    ] Total time for which application threads were stopped: 0.0000865 seconds, Stopping threads took: 0.0000179 seconds
[2019-12-09T04:14:16.155+0000][1][safepoint    ] Application time: 1.0000766 seconds
[2019-12-09T04:14:16.155+0000][1][safepoint    ] Entering safepoint region: Cleanup
[2019-12-09T04:14:16.155+0000][1][safepoint    ] Leaving safepoint region
[2019-12-09T04:14:16.155+0000][1][safepoint    ] Total time for which application threads were stopped: 0.0000951 seconds, Stopping threads took: 0.0000184 seconds
[2019-12-09T04:14:17.155+0000][1][safepoint    ] Application time: 1.0000795 seconds
[2019-12-09T04:14:17.155+0000][1][safepoint    ] Entering safepoint region: Cleanup
[2019-12-09T04:14:17.155+0000][1][safepoint    ] Leaving safepoint region
[2019-12-09T04:14:17.155+0000][1][safepoint    ] Total time for which application threads were stopped: 0.0000870 seconds, Stopping threads took: 0.0000190 seconds
[2019-12-09T04:14:18.156+0000][1][safepoint    ] Application time: 1.0000754 seconds
[2019-12-09T04:14:18.156+0000][1][safepoint    ] Entering safepoint region: Cleanup
[2019-12-09T04:14:18.156+0000][1][safepoint    ] Leaving safepoint region
[2019-12-09T04:14:18.156+0000][1][safepoint    ] Total time for which application threads were stopped: 0.0000850 seconds, Stopping threads took: 0.0000189 seconds
[2019-12-09T04:14:19.156+0000][1][safepoint    ] Application time: 1.0000857 seconds
[2019-12-09T04:14:19.156+0000][1][safepoint    ] Entering safepoint region: Cleanup
[2019-12-09T04:14:19.156+0000][1][safepoint    ] Leaving safepoint region
[2019-12-09T04:14:19.156+0000][1][safepoint    ] Total time for which application threads were stopped: 0.0000909 seconds, Stopping threads took: 0.0000193 seconds
[2019-12-09T04:14:20.156+0000][1][safepoint    ] Application time: 1.0000781 seconds
[2019-12-09T04:14:20.156+0000][1][safepoint    ] Entering safepoint region: Cleanup
[2019-12-09T04:14:20.156+0000][1][safepoint    ] Leaving safepoint region
[2019-12-09T04:14:20.156+0000][1][safepoint    ] Total time for which application threads were stopped: 0.0000863 seconds, Stopping threads took: 0.0000179 seconds
[2019-12-09T04:14:21.156+0000][1][safepoint    ] Application time: 1.0000790 seconds
[2019-12-09T04:14:21.156+0000][1][safepoint    ] Entering safepoint region: Cleanup
[2019-12-09T04:14:21.156+0000][1][safepoint    ] Leaving safepoint region
[2019-12-09T04:14:21.156+0000][1][safepoint    ] Total time for which application threads were stopped: 0.0000928 seconds, Stopping threads took: 0.0000180 seconds
[2019-12-09T04:14:22.156+0000][1][safepoint    ] Application time: 1.0000782 seconds
[2019-12-09T04:14:22.156+0000][1][safepoint    ] Entering safepoint region: Cleanup
[2019-12-09T04:14:22.157+0000][1][safepoint    ] Leaving safepoint region
[2019-12-09T04:14:22.157+0000][1][safepoint    ] Total time for which application threads were stopped: 0.0000937 seconds, Stopping threads took: 0.0000226 seconds
[2019-12-09T04:14:23.157+0000][1][safepoint    ] Application time: 1.0000775 seconds
[2019-12-09T04:14:23.157+0000][1][safepoint    ] Entering safepoint region: Cleanup
[2019-12-09T04:14:23.157+0000][1][safepoint    ] Leaving safepoint region
[2019-12-09T04:14:23.157+0000][1][safepoint    ] Total time for which application threads were stopped: 0.0001046 seconds, Stopping threads took: 0.0000165 seconds
[2019-12-09T04:14:24.157+0000][1][safepoint    ] Application time: 1.0000782 seconds
[2019-12-09T04:14:24.157+0000][1][safepoint    ] Entering safepoint region: Cleanup
[2019-12-09T04:14:24.157+0000][1][safepoint    ] Leaving safepoint region
[2019-12-09T04:14:24.157+0000][1][safepoint    ] Total time for which application threads were stopped: 0.0000897 seconds, Stopping threads took: 0.0000211 seconds
[2019-12-09T04:14:25.157+0000][1][safepoint    ] Application time: 1.0000781 seconds
[2019-12-09T04:14:25.157+0000][1][safepoint    ] Entering safepoint region: Cleanup
[2019-12-09T04:14:25.157+0000][1][safepoint    ] Leaving safepoint region
[2019-12-09T04:14:25.157+0000][1][safepoint    ] Total time for which application threads were stopped: 0.0000867 seconds, Stopping threads took: 0.0000179 seconds
[2019-12-09T04:14:26.157+0000][1][safepoint    ] Application time: 1.0000744 seconds
[2019-12-09T04:14:26.157+0000][1][safepoint    ] Entering safepoint region: Cleanup
[2019-12-09T04:14:26.157+0000][1][safepoint    ] Leaving safepoint region
[2019-12-09T04:14:26.157+0000][1][safepoint    ] Total time for which application threads were stopped: 0.0000893 seconds, Stopping threads took: 0.0000189 seconds
[2019-12-09T04:14:27.157+0000][1][safepoint    ] Application time: 1.0000781 seconds
[2019-12-09T04:14:27.158+0000][1][safepoint    ] Entering safepoint region: Cleanup
[2019-12-09T04:14:27.158+0000][1][safepoint    ] Leaving safepoint region
[2019-12-09T04:14:27.158+0000][1][safepoint    ] Total time for which application threads were stopped: 0.0000914 seconds, Stopping threads took: 0.0000232 seconds
[2019-12-09T04:14:28.158+0000][1][safepoint    ] Application time: 1.0000772 seconds
[2019-12-09T04:14:28.158+0000][1][safepoint    ] Entering safepoint region: Cleanup
[2019-12-09T04:14:28.158+0000][1][safepoint    ] Leaving safepoint region
[2019-12-09T04:14:28.158+0000][1][safepoint    ] Total time for which application threads were stopped: 0.0000915 seconds, Stopping threads took: 0.0000183 seconds
[2019-12-09T04:14:29.158+0000][1][safepoint    ] Application time: 1.0000765 seconds
[2019-12-09T04:14:29.158+0000][1][safepoint    ] Entering safepoint region: Cleanup
[2019-12-09T04:14:29.158+0000][1][safepoint    ] Leaving safepoint region
[2019-12-09T04:14:29.158+0000][1][safepoint    ] Total time for which application threads were stopped: 0.0000880 seconds, Stopping threads took: 0.0000183 seconds
[2019-12-09T04:14:30.158+0000][1][safepoint    ] Application time: 1.0000767 seconds
[2019-12-09T04:14:30.158+0000][1][safepoint    ] Entering safepoint region: Cleanup
[2019-12-09T04:14:30.158+0000][1][safepoint    ] Leaving safepoint region
[2019-12-09T04:14:30.158+0000][1][safepoint    ] Total time for which application threads were stopped: 0.0000857 seconds, Stopping threads took: 0.0000175 seconds
[2019-12-09T04:14:31.158+0000][1][safepoint    ] Application time: 1.0000776 seconds
[2019-12-09T04:14:31.158+0000][1][safepoint    ] Entering safepoint region: Cleanup
[2019-12-09T04:14:31.158+0000][1][safepoint    ] Leaving safepoint region
[2019-12-09T04:14:31.158+0000][1][safepoint    ] Total time for which application threads were stopped: 0.0000881 seconds, Stopping threads took: 0.0000193 seconds
[2019-12-09T04:14:32.159+0000][1][safepoint    ] Application time: 1.0000789 seconds
[2019-12-09T04:14:32.159+0000][1][safepoint    ] Entering safepoint region: Cleanup
[2019-12-09T04:14:32.159+0000][1][safepoint    ] Leaving safepoint region
[2019-12-09T04:14:32.159+0000][1][safepoint    ] Total time for which application threads were stopped: 0.0000876 seconds, Stopping threads took: 0.0000183 seconds
[2019-12-09T04:14:33.159+0000][1][safepoint    ] Application time: 1.0000778 seconds
[2019-12-09T04:14:33.159+0000][1][safepoint    ] Entering safepoint region: Cleanup
[2019-12-09T04:14:33.159+0000][1][safepoint    ] Leaving safepoint region
[2019-12-09T04:14:33.159+0000][1][safepoint    ] Total time for which application threads were stopped: 0.0000906 seconds, Stopping threads took: 0.0000204 seconds
[2019-12-09T04:14:34.159+0000][1][safepoint    ] Application time: 1.0000771 seconds
[2019-12-09T04:14:34.159+0000][1][safepoint    ] Entering safepoint region: Cleanup
[2019-12-09T04:14:34.159+0000][1][safepoint    ] Leaving safepoint region
[2019-12-09T04:14:34.159+0000][1][safepoint    ] Total time for which application threads were stopped: 0.0000956 seconds, Stopping threads took: 0.0000202 seconds
[2019-12-09T04:14:35.159+0000][1][safepoint    ] Application time: 1.0000757 seconds
[2019-12-09T04:14:35.159+0000][1][safepoint    ] Entering safepoint region: Cleanup
[2019-12-09T04:14:35.159+0000][1][safepoint    ] Leaving safepoint region
[2019-12-09T04:14:35.159+0000][1][safepoint    ] Total time for which application threads were stopped: 0.0000876 seconds, Stopping threads took: 0.0000181 seconds
[2019-12-09T04:14:36.159+0000][1][safepoint    ] Application time: 1.0000811 seconds
[2019-12-09T04:14:36.159+0000][1][safepoint    ] Entering safepoint region: Cleanup
[2019-12-09T04:14:36.159+0000][1][safepoint    ] Leaving safepoint region
[2019-12-09T04:14:36.160+0000][1][safepoint    ] Total time for which application threads were stopped: 0.0000885 seconds, Stopping threads took: 0.0000186 seconds
[2019-12-09T04:14:37.160+0000][1][safepoint    ] Application time: 1.0000766 seconds
[2019-12-09T04:14:37.160+0000][1][safepoint    ] Entering safepoint region: Cleanup
[2019-12-09T04:14:37.160+0000][1][safepoint    ] Leaving safepoint region
[2019-12-09T04:14:37.160+0000][1][safepoint    ] Total time for which application threads were stopped: 0.0000999 seconds, Stopping threads took: 0.0000194 seconds
[2019-12-09T04:14:38.160+0000][1][safepoint    ] Application time: 1.0000765 seconds
[2019-12-09T04:14:38.160+0000][1][safepoint    ] Entering safepoint region: Cleanup
[2019-12-09T04:14:38.160+0000][1][safepoint    ] Leaving safepoint region
[2019-12-09T04:14:38.160+0000][1][safepoint    ] Total time for which application threads were stopped: 0.0000883 seconds, Stopping threads took: 0.0000187 seconds
[2019-12-09T04:14:39.160+0000][1][safepoint    ] Application time: 1.0000755 seconds
[2019-12-09T04:14:39.160+0000][1][safepoint    ] Entering safepoint region: Cleanup
[2019-12-09T04:14:39.160+0000][1][safepoint    ] Leaving safepoint region
[2019-12-09T04:14:39.160+0000][1][safepoint    ] Total time for which application threads were stopped: 0.0000862 seconds, Stopping threads took: 0.0000176 seconds
[2019-12-09T04:14:40.160+0000][1][safepoint    ] Application time: 1.0000767 seconds
[2019-12-09T04:14:40.160+0000][1][safepoint    ] Entering safepoint region: Cleanup
[2019-12-09T04:14:40.160+0000][1][safepoint    ] Leaving safepoint region
[2019-12-09T04:14:40.160+0000][1][safepoint    ] Total time for which application threads were stopped: 0.0000870 seconds, Stopping threads took: 0.0000181 seconds
[2019-12-09T04:14:41.160+0000][1][safepoint    ] Application time: 1.0000810 seconds
[2019-12-09T04:14:41.160+0000][1][safepoint    ] Entering safepoint region: Cleanup
[2019-12-09T04:14:41.161+0000][1][safepoint    ] Leaving safepoint region
[2019-12-09T04:14:41.161+0000][1][safepoint    ] Total time for which application threads were stopped: 0.0000917 seconds, Stopping threads took: 0.0000193 seconds
[2019-12-09T04:14:42.161+0000][1][safepoint    ] Application time: 1.0000778 seconds
[2019-12-09T04:14:42.161+0000][1][safepoint    ] Entering safepoint region: Cleanup
[2019-12-09T04:14:42.161+0000][1][safepoint    ] Leaving safepoint region
[2019-12-09T04:14:42.161+0000][1][safepoint    ] Total time for which application threads were stopped: 0.0000837 seconds, Stopping threads took: 0.0000176 seconds
[2019-12-09T04:14:43.161+0000][1][safepoint    ] Application time: 1.0000774 seconds
[2019-12-09T04:14:43.161+0000][1][safepoint    ] Entering safepoint region: Cleanup
[2019-12-09T04:14:43.161+0000][1][safepoint    ] Leaving safepoint region
[2019-12-09T04:14:43.161+0000][1][safepoint    ] Total time for which application threads were stopped: 0.0000849 seconds, Stopping threads took: 0.0000180 seconds
[2019-12-09T04:14:44.161+0000][1][safepoint    ] Application time: 1.0000765 seconds
[2019-12-09T04:14:44.161+0000][1][safepoint    ] Entering safepoint region: Cleanup
[2019-12-09T04:14:44.161+0000][1][safepoint    ] Leaving safepoint region
[2019-12-09T04:14:44.161+0000][1][safepoint    ] Total time for which application threads were stopped: 0.0000881 seconds, Stopping threads took: 0.0000197 seconds
[2019-12-09T04:14:45.161+0000][1][safepoint    ] Application time: 1.0000758 seconds
[2019-12-09T04:14:45.161+0000][1][safepoint    ] Entering safepoint region: Cleanup
[2019-12-09T04:14:45.161+0000][1][safepoint    ] Leaving safepoint region
[2019-12-09T04:14:45.161+0000][1][safepoint    ] Total time for which application threads were stopped: 0.0000865 seconds, Stopping threads took: 0.0000185 seconds
[2019-12-09T04:14:46.161+0000][1][safepoint    ] Application time: 1.0000776 seconds
[2019-12-09T04:14:46.162+0000][1][safepoint    ] Entering safepoint region: Cleanup
[2019-12-09T04:14:46.162+0000][1][safepoint    ] Leaving safepoint region
[2019-12-09T04:14:46.162+0000][1][safepoint    ] Total time for which application threads were stopped: 0.0000922 seconds, Stopping threads took: 0.0000204 seconds
[2019-12-09T04:14:47.162+0000][1][safepoint    ] Application time: 1.0000774 seconds
[2019-12-09T04:14:47.162+0000][1][safepoint    ] Entering safepoint region: Cleanup
[2019-12-09T04:14:47.162+0000][1][safepoint    ] Leaving safepoint region
[2019-12-09T04:14:47.162+0000][1][safepoint    ] Total time for which application threads were stopped: 0.0000849 seconds, Stopping threads took: 0.0000164 seconds
[2019-12-09T04:14:48.162+0000][1][safepoint    ] Application time: 1.0000759 seconds
[2019-12-09T04:14:48.162+0000][1][safepoint    ] Entering safepoint region: Cleanup
[2019-12-09T04:14:48.162+0000][1][safepoint    ] Leaving safepoint region
[2019-12-09T04:14:48.162+0000][1][safepoint    ] Total time for which application threads were stopped: 0.0000868 seconds, Stopping threads took: 0.0000197 seconds
[2019-12-09T04:14:49.162+0000][1][safepoint    ] Application time: 1.0000759 seconds
[2019-12-09T04:14:49.162+0000][1][safepoint    ] Entering safepoint region: Cleanup
[2019-12-09T04:14:49.162+0000][1][safepoint    ] Leaving safepoint region
[2019-12-09T04:14:49.162+0000][1][safepoint    ] Total time for which application threads were stopped: 0.0000845 seconds, Stopping threads took: 0.0000184 seconds
[2019-12-09T04:14:50.162+0000][1][safepoint    ] Application time: 1.0000756 seconds
[2019-12-09T04:14:50.162+0000][1][safepoint    ] Entering safepoint region: Cleanup
[2019-12-09T04:14:50.162+0000][1][safepoint    ] Leaving safepoint region
[2019-12-09T04:14:50.162+0000][1][safepoint    ] Total time for which application threads were stopped: 0.0000846 seconds, Stopping threads took: 0.0000183 seconds
[2019-12-09T04:14:51.163+0000][1][safepoint    ] Application time: 1.0000737 seconds
[2019-12-09T04:14:51.163+0000][1][safepoint    ] Entering safepoint region: Cleanup
[2019-12-09T04:14:51.163+0000][1][safepoint    ] Leaving safepoint region
[2019-12-09T04:14:51.163+0000][1][safepoint    ] Total time for which application threads were stopped: 0.0000853 seconds, Stopping threads took: 0.0000178 seconds
[2019-12-09T04:14:52.163+0000][1][safepoint    ] Application time: 1.0000760 seconds
[2019-12-09T04:14:52.163+0000][1][safepoint    ] Entering safepoint region: Cleanup
[2019-12-09T04:14:52.163+0000][1][safepoint    ] Leaving safepoint region
[2019-12-09T04:14:52.163+0000][1][safepoint    ] Total time for which application threads were stopped: 0.0000901 seconds, Stopping threads took: 0.0000176 seconds
[2019-12-09T04:14:53.163+0000][1][safepoint    ] Application time: 1.0000750 seconds
[2019-12-09T04:14:53.163+0000][1][safepoint    ] Entering safepoint region: Cleanup
[2019-12-09T04:14:53.163+0000][1][safepoint    ] Leaving safepoint region
[2019-12-09T04:14:53.163+0000][1][safepoint    ] Total time for which application threads were stopped: 0.0000893 seconds, Stopping threads took: 0.0000191 seconds
[2019-12-09T04:14:54.163+0000][1][safepoint    ] Application time: 1.0000761 seconds
[2019-12-09T04:14:54.163+0000][1][safepoint    ] Entering safepoint region: Cleanup
[2019-12-09T04:14:54.163+0000][1][safepoint    ] Leaving safepoint region
[2019-12-09T04:14:54.163+0000][1][safepoint    ] Total time for which application threads were stopped: 0.0000896 seconds, Stopping threads took: 0.0000189 seconds
[2019-12-09T04:14:55.163+0000][1][safepoint    ] Application time: 1.0000783 seconds
[2019-12-09T04:14:55.163+0000][1][safepoint    ] Entering safepoint region: Cleanup
[2019-12-09T04:14:55.163+0000][1][safepoint    ] Leaving safepoint region
[2019-12-09T04:14:55.163+0000][1][safepoint    ] Total time for which application threads were stopped: 0.0000925 seconds, Stopping threads took: 0.0000223 seconds
[2019-12-09T04:14:56.164+0000][1][safepoint    ] Application time: 1.0000767 seconds
[2019-12-09T04:14:56.164+0000][1][safepoint    ] Entering safepoint region: Cleanup
[2019-12-09T04:14:56.164+0000][1][safepoint    ] Leaving safepoint region
[2019-12-09T04:14:56.164+0000][1][safepoint    ] Total time for which application threads were stopped: 0.0001070 seconds, Stopping threads took: 0.0000191 seconds
[2019-12-09T04:14:57.164+0000][1][safepoint    ] Application time: 1.0000786 seconds
[2019-12-09T04:14:57.164+0000][1][safepoint    ] Entering safepoint region: Cleanup
[2019-12-09T04:14:57.164+0000][1][safepoint    ] Leaving safepoint region
[2019-12-09T04:14:57.164+0000][1][safepoint    ] Total time for which application threads were stopped: 0.0000911 seconds, Stopping threads took: 0.0000239 seconds
[2019-12-09T04:14:58.164+0000][1][safepoint    ] Application time: 1.0000780 seconds
[2019-12-09T04:14:58.164+0000][1][safepoint    ] Entering safepoint region: Cleanup
[2019-12-09T04:14:58.164+0000][1][safepoint    ] Leaving safepoint region
[2019-12-09T04:14:58.164+0000][1][safepoint    ] Total time for which application threads were stopped: 0.0000880 seconds, Stopping threads took: 0.0000183 seconds
[2019-12-09T04:14:59.164+0000][1][safepoint    ] Application time: 1.0000777 seconds
[2019-12-09T04:14:59.164+0000][1][safepoint    ] Entering safepoint region: Cleanup
[2019-12-09T04:14:59.164+0000][1][safepoint    ] Leaving safepoint region
[2019-12-09T04:14:59.164+0000][1][safepoint    ] Total time for which application threads were stopped: 0.0000851 seconds, Stopping threads took: 0.0000177 seconds
[2019-12-09T04:15:00.164+0000][1][safepoint    ] Application time: 1.0000798 seconds
[2019-12-09T04:15:00.164+0000][1][safepoint    ] Entering safepoint region: Cleanup
[2019-12-09T04:15:00.165+0000][1][safepoint    ] Leaving safepoint region
[2019-12-09T04:15:00.165+0000][1][safepoint    ] Total time for which application threads were stopped: 0.0000934 seconds, Stopping threads took: 0.0000199 seconds
[2019-12-09T04:15:01.165+0000][1][safepoint    ] Application time: 1.0000778 seconds
[2019-12-09T04:15:01.165+0000][1][safepoint    ] Entering safepoint region: Cleanup
[2019-12-09T04:15:01.165+0000][1][safepoint    ] Leaving safepoint region
[2019-12-09T04:15:01.165+0000][1][safepoint    ] Total time for which application threads were stopped: 0.0000965 seconds, Stopping threads took: 0.0000210 seconds
[2019-12-09T04:15:02.047+0000][1][safepoint    ] Application time: 0.8823091 seconds
[2019-12-09T04:15:02.047+0000][1][safepoint    ] Entering safepoint region: GenCollectForAllocation
[2019-12-09T04:15:02.047+0000][1][gc,start     ] GC(60) Pause Young (Allocation Failure)
[2019-12-09T04:15:02.047+0000][1][gc,task      ] GC(60) Using 2 workers of 2 for evacuation
[2019-12-09T04:15:02.049+0000][1][gc,age       ] GC(60) Desired survivor size 4456448 bytes, new threshold 6 (max threshold 6)
[2019-12-09T04:15:02.049+0000][1][gc,age       ] GC(60) Age table with threshold 6 (max threshold 6)
[2019-12-09T04:15:02.049+0000][1][gc,age       ] GC(60) - age   1:      10232 bytes,      10232 total
[2019-12-09T04:15:02.049+0000][1][gc,age       ] GC(60) - age   2:       2568 bytes,      12800 total
[2019-12-09T04:15:02.049+0000][1][gc,age       ] GC(60) - age   3:       3296 bytes,      16096 total
[2019-12-09T04:15:02.049+0000][1][gc,age       ] GC(60) - age   4:        232 bytes,      16328 total
[2019-12-09T04:15:02.049+0000][1][gc,age       ] GC(60) - age   5:       2896 bytes,      19224 total
[2019-12-09T04:15:02.049+0000][1][gc,age       ] GC(60) - age   6:        320 bytes,      19544 total
[2019-12-09T04:15:02.049+0000][1][gc,heap      ] GC(60) ParNew: 69994K->29K(78656K)
[2019-12-09T04:15:02.049+0000][1][gc,heap      ] GC(60) CMS: 119366K->119371K(174784K)
[2019-12-09T04:15:02.049+0000][1][gc,metaspace ] GC(60) Metaspace: 83439K->83439K(1126400K)
[2019-12-09T04:15:02.049+0000][1][gc           ] GC(60) Pause Young (Allocation Failure) 184M->116M(247M) 1.801ms
[2019-12-09T04:15:02.049+0000][1][gc,cpu       ] GC(60) User=0.01s Sys=0.00s Real=0.00s
[2019-12-09T04:15:02.049+0000][1][safepoint    ] Leaving safepoint region
[2019-12-09T04:15:02.049+0000][1][safepoint    ] Total time for which application threads were stopped: 0.0019728 seconds, Stopping threads took: 0.0000180 seconds
[2019-12-09T04:15:03.049+0000][1][safepoint    ] Application time: 1.0000886 seconds
[2019-12-09T04:15:03.049+0000][1][safepoint    ] Entering safepoint region: Cleanup
[2019-12-09T04:15:03.049+0000][1][safepoint    ] Leaving safepoint region
[2019-12-09T04:15:03.049+0000][1][safepoint    ] Total time for which application threads were stopped: 0.0000912 seconds, Stopping threads took: 0.0000200 seconds
[2019-12-09T04:15:04.049+0000][1][safepoint    ] Application time: 1.0000794 seconds
[2019-12-09T04:15:04.049+0000][1][safepoint    ] Entering safepoint region: Cleanup
[2019-12-09T04:15:04.050+0000][1][safepoint    ] Leaving safepoint region
[2019-12-09T04:15:04.050+0000][1][safepoint    ] Total time for which application threads were stopped: 0.0000975 seconds, Stopping threads took: 0.0000242 seconds
[2019-12-09T04:15:05.050+0000][1][safepoint    ] Application time: 1.0000773 seconds
[2019-12-09T04:15:05.050+0000][1][safepoint    ] Entering safepoint region: Cleanup
[2019-12-09T04:15:05.050+0000][1][safepoint    ] Leaving safepoint region
[2019-12-09T04:15:05.050+0000][1][safepoint    ] Total time for which application threads were stopped: 0.0000933 seconds, Stopping threads took: 0.0000200 seconds
[2019-12-09T04:15:06.050+0000][1][safepoint    ] Application time: 1.0000750 seconds
[2019-12-09T04:15:06.050+0000][1][safepoint    ] Entering safepoint region: Cleanup
[2019-12-09T04:15:06.050+0000][1][safepoint    ] Leaving safepoint region
[2019-12-09T04:15:06.050+0000][1][safepoint    ] Total time for which application threads were stopped: 0.0000905 seconds, Stopping threads took: 0.0000205 seconds
[2019-12-09T04:15:07.050+0000][1][safepoint    ] Application time: 1.0000803 seconds
[2019-12-09T04:15:07.050+0000][1][safepoint    ] Entering safepoint region: Cleanup
[2019-12-09T04:15:07.050+0000][1][safepoint    ] Leaving safepoint region
[2019-12-09T04:15:07.050+0000][1][safepoint    ] Total time for which application threads were stopped: 0.0000962 seconds, Stopping threads took: 0.0000230 seconds
[2019-12-09T04:15:08.050+0000][1][safepoint    ] Application time: 1.0000843 seconds
[2019-12-09T04:15:08.050+0000][1][safepoint    ] Entering safepoint region: Cleanup
[2019-12-09T04:15:08.050+0000][1][safepoint    ] Leaving safepoint region
[2019-12-09T04:15:08.050+0000][1][safepoint    ] Total time for which application threads were stopped: 0.0000887 seconds, Stopping threads took: 0.0000195 seconds
[2019-12-09T04:15:09.051+0000][1][safepoint    ] Application time: 1.0000773 seconds
[2019-12-09T04:15:09.051+0000][1][safepoint    ] Entering safepoint region: Cleanup
[2019-12-09T04:15:09.051+0000][1][safepoint    ] Leaving safepoint region
[2019-12-09T04:15:09.051+0000][1][safepoint    ] Total time for which application threads were stopped: 0.0000903 seconds, Stopping threads took: 0.0000214 seconds
[2019-12-09T04:15:10.051+0000][1][safepoint    ] Application time: 1.0000762 seconds
[2019-12-09T04:15:10.051+0000][1][safepoint    ] Entering safepoint region: Cleanup
[2019-12-09T04:15:10.051+0000][1][safepoint    ] Leaving safepoint region
[2019-12-09T04:15:10.051+0000][1][safepoint    ] Total time for which application threads were stopped: 0.0000910 seconds, Stopping threads took: 0.0000188 seconds
[2019-12-09T04:15:11.051+0000][1][safepoint    ] Application time: 1.0000765 seconds
[2019-12-09T04:15:11.051+0000][1][safepoint    ] Entering safepoint region: Cleanup
[2019-12-09T04:15:11.051+0000][1][safepoint    ] Leaving safepoint region
[2019-12-09T04:15:11.051+0000][1][safepoint    ] Total time for which application threads were stopped: 0.0000909 seconds, Stopping threads took: 0.0000204 seconds
[2019-12-09T04:15:12.051+0000][1][safepoint    ] Application time: 1.0000761 seconds
[2019-12-09T04:15:12.051+0000][1][safepoint    ] Entering safepoint region: Cleanup
[2019-12-09T04:15:12.051+0000][1][safepoint    ] Leaving safepoint region
[2019-12-09T04:15:12.051+0000][1][safepoint    ] Total time for which application threads were stopped: 0.0000998 seconds, Stopping threads took: 0.0000292 seconds
[2019-12-09T04:15:13.051+0000][1][safepoint    ] Application time: 1.0000774 seconds
[2019-12-09T04:15:13.051+0000][1][safepoint    ] Entering safepoint region: Cleanup
[2019-12-09T04:15:13.052+0000][1][safepoint    ] Leaving safepoint region
[2019-12-09T04:15:13.052+0000][1][safepoint    ] Total time for which application threads were stopped: 0.0000909 seconds, Stopping threads took: 0.0000203 seconds
[2019-12-09T04:15:14.052+0000][1][safepoint    ] Application time: 1.0000751 seconds
[2019-12-09T04:15:14.052+0000][1][safepoint    ] Entering safepoint region: Cleanup
[2019-12-09T04:15:14.052+0000][1][safepoint    ] Leaving safepoint region
[2019-12-09T04:15:14.052+0000][1][safepoint    ] Total time for which application threads were stopped: 0.0001081 seconds, Stopping threads took: 0.0000224 seconds
[2019-12-09T04:15:15.052+0000][1][safepoint    ] Application time: 1.0000758 seconds
[2019-12-09T04:15:15.052+0000][1][safepoint    ] Entering safepoint region: Cleanup
[2019-12-09T04:15:15.052+0000][1][safepoint    ] Leaving safepoint region
[2019-12-09T04:15:15.052+0000][1][safepoint    ] Total time for which application threads were stopped: 0.0000882 seconds, Stopping threads took: 0.0000192 seconds
[2019-12-09T04:15:16.052+0000][1][safepoint    ] Application time: 1.0000766 seconds
[2019-12-09T04:15:16.052+0000][1][safepoint    ] Entering safepoint region: Cleanup
[2019-12-09T04:15:16.052+0000][1][safepoint    ] Leaving safepoint region
[2019-12-09T04:15:16.052+0000][1][safepoint    ] Total time for which application threads were stopped: 0.0000954 seconds, Stopping threads took: 0.0000233 seconds
[2019-12-09T04:15:17.052+0000][1][safepoint    ] Application time: 1.0000757 seconds
[2019-12-09T04:15:17.052+0000][1][safepoint    ] Entering safepoint region: Cleanup
[2019-12-09T04:15:17.052+0000][1][safepoint    ] Leaving safepoint region
[2019-12-09T04:15:17.052+0000][1][safepoint    ] Total time for which application threads were stopped: 0.0000899 seconds, Stopping threads took: 0.0000195 seconds
[2019-12-09T04:15:18.052+0000][1][safepoint    ] Application time: 1.0000764 seconds
[2019-12-09T04:15:18.053+0000][1][safepoint    ] Entering safepoint region: Cleanup
[2019-12-09T04:15:18.053+0000][1][safepoint    ] Leaving safepoint region
[2019-12-09T04:15:18.053+0000][1][safepoint    ] Total time for which application threads were stopped: 0.0000975 seconds, Stopping threads took: 0.0000215 seconds
[2019-12-09T04:15:19.053+0000][1][safepoint    ] Application time: 1.0000769 seconds
[2019-12-09T04:15:19.053+0000][1][safepoint    ] Entering safepoint region: Cleanup
[2019-12-09T04:15:19.053+0000][1][safepoint    ] Leaving safepoint region
[2019-12-09T04:15:19.053+0000][1][safepoint    ] Total time for which application threads were stopped: 0.0000944 seconds, Stopping threads took: 0.0000241 seconds
[2019-12-09T04:15:20.053+0000][1][safepoint    ] Application time: 1.0000796 seconds
[2019-12-09T04:15:20.053+0000][1][safepoint    ] Entering safepoint region: Cleanup
[2019-12-09T04:15:20.053+0000][1][safepoint    ] Leaving safepoint region
[2019-12-09T04:15:20.053+0000][1][safepoint    ] Total time for which application threads were stopped: 0.0000830 seconds, Stopping threads took: 0.0000158 seconds
[2019-12-09T04:15:21.053+0000][1][safepoint    ] Application time: 1.0000769 seconds
[2019-12-09T04:15:21.053+0000][1][safepoint    ] Entering safepoint region: Cleanup
[2019-12-09T04:15:21.053+0000][1][safepoint    ] Leaving safepoint region
[2019-12-09T04:15:21.053+0000][1][safepoint    ] Total time for which application threads were stopped: 0.0000886 seconds, Stopping threads took: 0.0000201 seconds
[2019-12-09T04:15:22.053+0000][1][safepoint    ] Application time: 1.0000757 seconds
[2019-12-09T04:15:22.053+0000][1][safepoint    ] Entering safepoint region: Cleanup
[2019-12-09T04:15:22.053+0000][1][safepoint    ] Leaving safepoint region
[2019-12-09T04:15:22.053+0000][1][safepoint    ] Total time for which application threads were stopped: 0.0000951 seconds, Stopping threads took: 0.0000197 seconds
[2019-12-09T04:15:23.054+0000][1][safepoint    ] Application time: 1.0000781 seconds
[2019-12-09T04:15:23.054+0000][1][safepoint    ] Entering safepoint region: Cleanup
[2019-12-09T04:15:23.054+0000][1][safepoint    ] Leaving safepoint region
[2019-12-09T04:15:23.054+0000][1][safepoint    ] Total time for which application threads were stopped: 0.0000899 seconds, Stopping threads took: 0.0000203 seconds
[2019-12-09T04:15:24.054+0000][1][safepoint    ] Application time: 1.0000760 seconds
[2019-12-09T04:15:24.054+0000][1][safepoint    ] Entering safepoint region: Cleanup
[2019-12-09T04:15:24.054+0000][1][safepoint    ] Leaving safepoint region
[2019-12-09T04:15:24.054+0000][1][safepoint    ] Total time for which application threads were stopped: 0.0000904 seconds, Stopping threads took: 0.0000189 seconds
[2019-12-09T04:15:25.054+0000][1][safepoint    ] Application time: 1.0000773 seconds
[2019-12-09T04:15:25.054+0000][1][safepoint    ] Entering safepoint region: Cleanup
[2019-12-09T04:15:25.054+0000][1][safepoint    ] Leaving safepoint region
[2019-12-09T04:15:25.054+0000][1][safepoint    ] Total time for which application threads were stopped: 0.0000876 seconds, Stopping threads took: 0.0000195 seconds
[2019-12-09T04:15:26.054+0000][1][safepoint    ] Application time: 1.0000777 seconds
[2019-12-09T04:15:26.054+0000][1][safepoint    ] Entering safepoint region: Cleanup
[2019-12-09T04:15:26.054+0000][1][safepoint    ] Leaving safepoint region
[2019-12-09T04:15:26.054+0000][1][safepoint    ] Total time for which application threads were stopped: 0.0000859 seconds, Stopping threads took: 0.0000174 seconds
[2019-12-09T04:15:27.054+0000][1][safepoint    ] Application time: 1.0000770 seconds
[2019-12-09T04:15:27.054+0000][1][safepoint    ] Entering safepoint region: Cleanup
[2019-12-09T04:15:27.054+0000][1][safepoint    ] Leaving safepoint region
[2019-12-09T04:15:27.054+0000][1][safepoint    ] Total time for which application threads were stopped: 0.0000891 seconds, Stopping threads took: 0.0000189 seconds
[2019-12-09T04:15:28.055+0000][1][safepoint    ] Application time: 1.0000759 seconds
[2019-12-09T04:15:28.055+0000][1][safepoint    ] Entering safepoint region: Cleanup
[2019-12-09T04:15:28.055+0000][1][safepoint    ] Leaving safepoint region
[2019-12-09T04:15:28.055+0000][1][safepoint    ] Total time for which application threads were stopped: 0.0001056 seconds, Stopping threads took: 0.0000271 seconds
[2019-12-09T04:15:29.055+0000][1][safepoint    ] Application time: 1.0000753 seconds
[2019-12-09T04:15:29.055+0000][1][safepoint    ] Entering safepoint region: Cleanup
[2019-12-09T04:15:29.055+0000][1][safepoint    ] Leaving safepoint region
[2019-12-09T04:15:29.055+0000][1][safepoint    ] Total time for which application threads were stopped: 0.0000883 seconds, Stopping threads took: 0.0000195 seconds
[2019-12-09T04:15:30.057+0000][1][safepoint    ] Application time: 1.0021366 seconds
[2019-12-09T04:15:30.058+0000][1][safepoint    ] Entering safepoint region: Cleanup
[2019-12-09T04:15:30.058+0000][1][safepoint    ] Leaving safepoint region
[2019-12-09T04:15:30.058+0000][1][safepoint    ] Total time for which application threads were stopped: 0.0007488 seconds, Stopping threads took: 0.0006535 seconds
[2019-12-09T04:15:31.058+0000][1][safepoint    ] Application time: 1.0000852 seconds
[2019-12-09T04:15:31.058+0000][1][safepoint    ] Entering safepoint region: Cleanup
[2019-12-09T04:15:31.058+0000][1][safepoint    ] Leaving safepoint region
[2019-12-09T04:15:31.058+0000][1][safepoint    ] Total time for which application threads were stopped: 0.0000901 seconds, Stopping threads took: 0.0000189 seconds
[2019-12-09T04:15:32.058+0000][1][safepoint    ] Application time: 1.0000756 seconds
[2019-12-09T04:15:32.058+0000][1][safepoint    ] Entering safepoint region: Cleanup
[2019-12-09T04:15:32.058+0000][1][safepoint    ] Leaving safepoint region
[2019-12-09T04:15:32.058+0000][1][safepoint    ] Total time for which application threads were stopped: 0.0001104 seconds, Stopping threads took: 0.0000241 seconds
[2019-12-09T04:15:33.058+0000][1][safepoint    ] Application time: 1.0000831 seconds
[2019-12-09T04:15:33.058+0000][1][safepoint    ] Entering safepoint region: Cleanup
[2019-12-09T04:15:33.059+0000][1][safepoint    ] Leaving safepoint region
[2019-12-09T04:15:33.059+0000][1][safepoint    ] Total time for which application threads were stopped: 0.0000883 seconds, Stopping threads took: 0.0000185 seconds
[2019-12-09T04:15:34.059+0000][1][safepoint    ] Application time: 1.0000770 seconds
[2019-12-09T04:15:34.059+0000][1][safepoint    ] Entering safepoint region: Cleanup
[2019-12-09T04:15:34.059+0000][1][safepoint    ] Leaving safepoint region
[2019-12-09T04:15:34.059+0000][1][safepoint    ] Total time for which application threads were stopped: 0.0000989 seconds, Stopping threads took: 0.0000191 seconds
[2019-12-09T04:15:35.059+0000][1][safepoint    ] Application time: 1.0000773 seconds
[2019-12-09T04:15:35.059+0000][1][safepoint    ] Entering safepoint region: Cleanup
[2019-12-09T04:15:35.059+0000][1][safepoint    ] Leaving safepoint region
[2019-12-09T04:15:35.059+0000][1][safepoint    ] Total time for which application threads were stopped: 0.0000878 seconds, Stopping threads took: 0.0000184 seconds
[2019-12-09T04:15:36.059+0000][1][safepoint    ] Application time: 1.0000797 seconds
[2019-12-09T04:15:36.059+0000][1][safepoint    ] Entering safepoint region: Cleanup
[2019-12-09T04:15:36.059+0000][1][safepoint    ] Leaving safepoint region
[2019-12-09T04:15:36.059+0000][1][safepoint    ] Total time for which application threads were stopped: 0.0000926 seconds, Stopping threads took: 0.0000211 seconds
[2019-12-09T04:15:37.059+0000][1][safepoint    ] Application time: 1.0000818 seconds
[2019-12-09T04:15:37.059+0000][1][safepoint    ] Entering safepoint region: Cleanup
[2019-12-09T04:15:37.059+0000][1][safepoint    ] Leaving safepoint region
[2019-12-09T04:15:37.059+0000][1][safepoint    ] Total time for which application threads were stopped: 0.0000913 seconds, Stopping threads took: 0.0000210 seconds
[2019-12-09T04:15:38.059+0000][1][safepoint    ] Application time: 1.0000762 seconds
[2019-12-09T04:15:38.060+0000][1][safepoint    ] Entering safepoint region: Cleanup
[2019-12-09T04:15:38.060+0000][1][safepoint    ] Leaving safepoint region
[2019-12-09T04:15:38.060+0000][1][safepoint    ] Total time for which application threads were stopped: 0.0000895 seconds, Stopping threads took: 0.0000208 seconds
[2019-12-09T04:15:39.060+0000][1][safepoint    ] Application time: 1.0000772 seconds
[2019-12-09T04:15:39.060+0000][1][safepoint    ] Entering safepoint region: Cleanup
[2019-12-09T04:15:39.060+0000][1][safepoint    ] Leaving safepoint region
[2019-12-09T04:15:39.060+0000][1][safepoint    ] Total time for which application threads were stopped: 0.0000883 seconds, Stopping threads took: 0.0000182 seconds
[2019-12-09T04:15:40.060+0000][1][safepoint    ] Application time: 1.0000780 seconds
[2019-12-09T04:15:40.060+0000][1][safepoint    ] Entering safepoint region: Cleanup
[2019-12-09T04:15:40.060+0000][1][safepoint    ] Leaving safepoint region
[2019-12-09T04:15:40.060+0000][1][safepoint    ] Total time for which application threads were stopped: 0.0000900 seconds, Stopping threads took: 0.0000212 seconds
[2019-12-09T04:15:41.060+0000][1][safepoint    ] Application time: 1.0000781 seconds
[2019-12-09T04:15:41.060+0000][1][safepoint    ] Entering safepoint region: Cleanup
[2019-12-09T04:15:41.060+0000][1][safepoint    ] Leaving safepoint region
[2019-12-09T04:15:41.060+0000][1][safepoint    ] Total time for which application threads were stopped: 0.0000910 seconds, Stopping threads took: 0.0000190 seconds
[2019-12-09T04:15:42.060+0000][1][safepoint    ] Application time: 1.0000775 seconds
[2019-12-09T04:15:42.060+0000][1][safepoint    ] Entering safepoint region: Cleanup
[2019-12-09T04:15:42.060+0000][1][safepoint    ] Leaving safepoint region
[2019-12-09T04:15:42.060+0000][1][safepoint    ] Total time for which application threads were stopped: 0.0000990 seconds, Stopping threads took: 0.0000203 seconds
[2019-12-09T04:15:43.061+0000][1][safepoint    ] Application time: 1.0000763 seconds
[2019-12-09T04:15:43.061+0000][1][safepoint    ] Entering safepoint region: Cleanup
[2019-12-09T04:15:43.061+0000][1][safepoint    ] Leaving safepoint region
[2019-12-09T04:15:43.061+0000][1][safepoint    ] Total time for which application threads were stopped: 0.0000916 seconds, Stopping threads took: 0.0000216 seconds
[2019-12-09T04:15:44.061+0000][1][safepoint    ] Application time: 1.0000866 seconds
[2019-12-09T04:15:44.061+0000][1][safepoint    ] Entering safepoint region: Cleanup
[2019-12-09T04:15:44.061+0000][1][safepoint    ] Leaving safepoint region
[2019-12-09T04:15:44.061+0000][1][safepoint    ] Total time for which application threads were stopped: 0.0000887 seconds, Stopping threads took: 0.0000200 seconds
[2019-12-09T04:15:45.061+0000][1][safepoint    ] Application time: 1.0000763 seconds
[2019-12-09T04:15:45.061+0000][1][safepoint    ] Entering safepoint region: Cleanup
[2019-12-09T04:15:45.061+0000][1][safepoint    ] Leaving safepoint region
[2019-12-09T04:15:45.061+0000][1][safepoint    ] Total time for which application threads were stopped: 0.0000931 seconds, Stopping threads took: 0.0000222 seconds
[2019-12-09T04:15:46.061+0000][1][safepoint    ] Application time: 1.0000781 seconds
[2019-12-09T04:15:46.061+0000][1][safepoint    ] Entering safepoint region: Cleanup
[2019-12-09T04:15:46.061+0000][1][safepoint    ] Leaving safepoint region
[2019-12-09T04:15:46.061+0000][1][safepoint    ] Total time for which application threads were stopped: 0.0000912 seconds, Stopping threads took: 0.0000206 seconds
[2019-12-09T04:15:47.061+0000][1][safepoint    ] Application time: 1.0000751 seconds
[2019-12-09T04:15:47.061+0000][1][safepoint    ] Entering safepoint region: Cleanup
[2019-12-09T04:15:47.062+0000][1][safepoint    ] Leaving safepoint region
[2019-12-09T04:15:47.062+0000][1][safepoint    ] Total time for which application threads were stopped: 0.0000942 seconds, Stopping threads took: 0.0000222 seconds
[2019-12-09T04:15:48.062+0000][1][safepoint    ] Application time: 1.0000769 seconds
[2019-12-09T04:15:48.062+0000][1][safepoint    ] Entering safepoint region: Cleanup
[2019-12-09T04:15:48.062+0000][1][safepoint    ] Leaving safepoint region
[2019-12-09T04:15:48.062+0000][1][safepoint    ] Total time for which application threads were stopped: 0.0001044 seconds, Stopping threads took: 0.0000211 seconds
[2019-12-09T04:15:49.062+0000][1][safepoint    ] Application time: 1.0000761 seconds
[2019-12-09T04:15:49.062+0000][1][safepoint    ] Entering safepoint region: Cleanup
[2019-12-09T04:15:49.062+0000][1][safepoint    ] Leaving safepoint region
[2019-12-09T04:15:49.062+0000][1][safepoint    ] Total time for which application threads were stopped: 0.0000903 seconds, Stopping threads took: 0.0000188 seconds
[2019-12-09T04:15:50.062+0000][1][safepoint    ] Application time: 1.0000770 seconds
[2019-12-09T04:15:50.062+0000][1][safepoint    ] Entering safepoint region: Cleanup
[2019-12-09T04:15:50.062+0000][1][safepoint    ] Leaving safepoint region
[2019-12-09T04:15:50.062+0000][1][safepoint    ] Total time for which application threads were stopped: 0.0000892 seconds, Stopping threads took: 0.0000199 seconds
[2019-12-09T04:15:51.062+0000][1][safepoint    ] Application time: 1.0000748 seconds
[2019-12-09T04:15:51.062+0000][1][safepoint    ] Entering safepoint region: Cleanup
[2019-12-09T04:15:51.062+0000][1][safepoint    ] Leaving safepoint region
[2019-12-09T04:15:51.062+0000][1][safepoint    ] Total time for which application threads were stopped: 0.0000878 seconds, Stopping threads took: 0.0000197 seconds
[2019-12-09T04:15:52.062+0000][1][safepoint    ] Application time: 1.0000770 seconds
[2019-12-09T04:15:52.063+0000][1][safepoint    ] Entering safepoint region: Cleanup
[2019-12-09T04:15:52.063+0000][1][safepoint    ] Leaving safepoint region
[2019-12-09T04:15:52.063+0000][1][safepoint    ] Total time for which application threads were stopped: 0.0000995 seconds, Stopping threads took: 0.0000227 seconds
[2019-12-09T04:15:53.063+0000][1][safepoint    ] Application time: 1.0000856 seconds
[2019-12-09T04:15:53.063+0000][1][safepoint    ] Entering safepoint region: Cleanup
[2019-12-09T04:15:53.063+0000][1][safepoint    ] Leaving safepoint region
[2019-12-09T04:15:53.063+0000][1][safepoint    ] Total time for which application threads were stopped: 0.0000951 seconds, Stopping threads took: 0.0000205 seconds
[2019-12-09T04:15:54.063+0000][1][safepoint    ] Application time: 1.0000781 seconds
[2019-12-09T04:15:54.063+0000][1][safepoint    ] Entering safepoint region: Cleanup
[2019-12-09T04:15:54.063+0000][1][safepoint    ] Leaving safepoint region
[2019-12-09T04:15:54.063+0000][1][safepoint    ] Total time for which application threads were stopped: 0.0000913 seconds, Stopping threads took: 0.0000206 seconds
[2019-12-09T04:15:55.063+0000][1][safepoint    ] Application time: 1.0000818 seconds
[2019-12-09T04:15:55.063+0000][1][safepoint    ] Entering safepoint region: Cleanup
[2019-12-09T04:15:55.063+0000][1][safepoint    ] Leaving safepoint region
[2019-12-09T04:15:55.063+0000][1][safepoint    ] Total time for which application threads were stopped: 0.0000904 seconds, Stopping threads took: 0.0000201 seconds
[2019-12-09T04:15:56.063+0000][1][safepoint    ] Application time: 1.0000761 seconds
[2019-12-09T04:15:56.063+0000][1][safepoint    ] Entering safepoint region: Cleanup
[2019-12-09T04:15:56.063+0000][1][safepoint    ] Leaving safepoint region
[2019-12-09T04:15:56.063+0000][1][safepoint    ] Total time for which application threads were stopped: 0.0000983 seconds, Stopping threads took: 0.0000203 seconds
[2019-12-09T04:15:57.064+0000][1][safepoint    ] Application time: 1.0000784 seconds
[2019-12-09T04:15:57.064+0000][1][safepoint    ] Entering safepoint region: Cleanup
[2019-12-09T04:15:57.064+0000][1][safepoint    ] Leaving safepoint region
[2019-12-09T04:15:57.064+0000][1][safepoint    ] Total time for which application threads were stopped: 0.0001017 seconds, Stopping threads took: 0.0000216 seconds
[2019-12-09T04:15:58.064+0000][1][safepoint    ] Application time: 1.0000774 seconds
[2019-12-09T04:15:58.064+0000][1][safepoint    ] Entering safepoint region: Cleanup
[2019-12-09T04:15:58.064+0000][1][safepoint    ] Leaving safepoint region
[2019-12-09T04:15:58.064+0000][1][safepoint    ] Total time for which application threads were stopped: 0.0001007 seconds, Stopping threads took: 0.0000300 seconds
[2019-12-09T04:15:59.064+0000][1][safepoint    ] Application time: 1.0000786 seconds
[2019-12-09T04:15:59.064+0000][1][safepoint    ] Entering safepoint region: Cleanup
[2019-12-09T04:15:59.064+0000][1][safepoint    ] Leaving safepoint region
[2019-12-09T04:15:59.064+0000][1][safepoint    ] Total time for which application threads were stopped: 0.0000893 seconds, Stopping threads took: 0.0000197 seconds
[2019-12-09T04:16:00.064+0000][1][safepoint    ] Application time: 1.0000763 seconds
[2019-12-09T04:16:00.064+0000][1][safepoint    ] Entering safepoint region: Cleanup
[2019-12-09T04:16:00.064+0000][1][safepoint    ] Leaving safepoint region
[2019-12-09T04:16:00.064+0000][1][safepoint    ] Total time for which application threads were stopped: 0.0000869 seconds, Stopping threads took: 0.0000182 seconds
[2019-12-09T04:16:01.064+0000][1][safepoint    ] Application time: 1.0000785 seconds
[2019-12-09T04:16:01.064+0000][1][safepoint    ] Entering safepoint region: Cleanup
[2019-12-09T04:16:01.065+0000][1][safepoint    ] Leaving safepoint region
[2019-12-09T04:16:01.065+0000][1][safepoint    ] Total time for which application threads were stopped: 0.0000911 seconds, Stopping threads took: 0.0000203 seconds
[2019-12-09T04:16:02.065+0000][1][safepoint    ] Application time: 1.0000809 seconds
[2019-12-09T04:16:02.065+0000][1][safepoint    ] Entering safepoint region: Cleanup
[2019-12-09T04:16:02.065+0000][1][safepoint    ] Leaving safepoint region
[2019-12-09T04:16:02.065+0000][1][safepoint    ] Total time for which application threads were stopped: 0.0001028 seconds, Stopping threads took: 0.0000317 seconds
[2019-12-09T04:16:03.065+0000][1][safepoint    ] Application time: 1.0000798 seconds
[2019-12-09T04:16:03.065+0000][1][safepoint    ] Entering safepoint region: Cleanup
[2019-12-09T04:16:03.065+0000][1][safepoint    ] Leaving safepoint region
[2019-12-09T04:16:03.065+0000][1][safepoint    ] Total time for which application threads were stopped: 0.0000909 seconds, Stopping threads took: 0.0000226 seconds
[2019-12-09T04:16:04.065+0000][1][safepoint    ] Application time: 1.0000777 seconds
[2019-12-09T04:16:04.065+0000][1][safepoint    ] Entering safepoint region: Cleanup
[2019-12-09T04:16:04.065+0000][1][safepoint    ] Leaving safepoint region
[2019-12-09T04:16:04.065+0000][1][safepoint    ] Total time for which application threads were stopped: 0.0000899 seconds, Stopping threads took: 0.0000192 seconds
[2019-12-09T04:16:05.065+0000][1][safepoint    ] Application time: 1.0000775 seconds
[2019-12-09T04:16:05.065+0000][1][safepoint    ] Entering safepoint region: Cleanup
[2019-12-09T04:16:05.065+0000][1][safepoint    ] Leaving safepoint region
[2019-12-09T04:16:05.065+0000][1][safepoint    ] Total time for which application threads were stopped: 0.0000913 seconds, Stopping threads took: 0.0000191 seconds
[2019-12-09T04:16:06.066+0000][1][safepoint    ] Application time: 1.0000784 seconds
[2019-12-09T04:16:06.066+0000][1][safepoint    ] Entering safepoint region: Cleanup
[2019-12-09T04:16:06.066+0000][1][safepoint    ] Leaving safepoint region
[2019-12-09T04:16:06.066+0000][1][safepoint    ] Total time for which application threads were stopped: 0.0000934 seconds, Stopping threads took: 0.0000199 seconds
[2019-12-09T04:16:07.066+0000][1][safepoint    ] Application time: 1.0000777 seconds
[2019-12-09T04:16:07.066+0000][1][safepoint    ] Entering safepoint region: Cleanup
[2019-12-09T04:16:07.066+0000][1][safepoint    ] Leaving safepoint region
[2019-12-09T04:16:07.066+0000][1][safepoint    ] Total time for which application threads were stopped: 0.0000878 seconds, Stopping threads took: 0.0000188 seconds
[2019-12-09T04:16:08.066+0000][1][safepoint    ] Application time: 1.0000796 seconds
[2019-12-09T04:16:08.066+0000][1][safepoint    ] Entering safepoint region: Cleanup
[2019-12-09T04:16:08.066+0000][1][safepoint    ] Leaving safepoint region
[2019-12-09T04:16:08.066+0000][1][safepoint    ] Total time for which application threads were stopped: 0.0000898 seconds, Stopping threads took: 0.0000199 seconds
[2019-12-09T04:16:09.066+0000][1][safepoint    ] Application time: 1.0000770 seconds
[2019-12-09T04:16:09.066+0000][1][safepoint    ] Entering safepoint region: Cleanup
[2019-12-09T04:16:09.066+0000][1][safepoint    ] Leaving safepoint region
[2019-12-09T04:16:09.066+0000][1][safepoint    ] Total time for which application threads were stopped: 0.0000891 seconds, Stopping threads took: 0.0000193 seconds
[2019-12-09T04:16:10.066+0000][1][safepoint    ] Application time: 1.0000769 seconds
[2019-12-09T04:16:10.066+0000][1][safepoint    ] Entering safepoint region: Cleanup
[2019-12-09T04:16:10.066+0000][1][safepoint    ] Leaving safepoint region
[2019-12-09T04:16:10.066+0000][1][safepoint    ] Total time for which application threads were stopped: 0.0000909 seconds, Stopping threads took: 0.0000217 seconds
[2019-12-09T04:16:11.067+0000][1][safepoint    ] Application time: 1.0000784 seconds
[2019-12-09T04:16:11.067+0000][1][safepoint    ] Entering safepoint region: Cleanup
[2019-12-09T04:16:11.067+0000][1][safepoint    ] Leaving safepoint region
[2019-12-09T04:16:11.067+0000][1][safepoint    ] Total time for which application threads were stopped: 0.0001066 seconds, Stopping threads took: 0.0000226 seconds
[2019-12-09T04:16:12.067+0000][1][safepoint    ] Application time: 1.0000782 seconds
[2019-12-09T04:16:12.067+0000][1][safepoint    ] Entering safepoint region: Cleanup
[2019-12-09T04:16:12.067+0000][1][safepoint    ] Leaving safepoint region
[2019-12-09T04:16:12.067+0000][1][safepoint    ] Total time for which application threads were stopped: 0.0000902 seconds, Stopping threads took: 0.0000192 seconds
[2019-12-09T04:16:13.067+0000][1][safepoint    ] Application time: 1.0000759 seconds
[2019-12-09T04:16:13.067+0000][1][safepoint    ] Entering safepoint region: Cleanup
[2019-12-09T04:16:13.067+0000][1][safepoint    ] Leaving safepoint region
[2019-12-09T04:16:13.067+0000][1][safepoint    ] Total time for which application threads were stopped: 0.0000894 seconds, Stopping threads took: 0.0000199 seconds
[2019-12-09T04:16:14.067+0000][1][safepoint    ] Application time: 1.0000777 seconds
[2019-12-09T04:16:14.067+0000][1][safepoint    ] Entering safepoint region: Cleanup
[2019-12-09T04:16:14.067+0000][1][safepoint    ] Leaving safepoint region
[2019-12-09T04:16:14.067+0000][1][safepoint    ] Total time for which application threads were stopped: 0.0000889 seconds, Stopping threads took: 0.0000198 seconds
[2019-12-09T04:16:15.067+0000][1][safepoint    ] Application time: 1.0000787 seconds
[2019-12-09T04:16:15.067+0000][1][safepoint    ] Entering safepoint region: Cleanup
[2019-12-09T04:16:15.068+0000][1][safepoint    ] Leaving safepoint region
[2019-12-09T04:16:15.068+0000][1][safepoint    ] Total time for which application threads were stopped: 0.0000911 seconds, Stopping threads took: 0.0000194 seconds
[2019-12-09T04:16:16.068+0000][1][safepoint    ] Application time: 1.0000814 seconds
[2019-12-09T04:16:16.068+0000][1][safepoint    ] Entering safepoint region: Cleanup
[2019-12-09T04:16:16.068+0000][1][safepoint    ] Leaving safepoint region
[2019-12-09T04:16:16.068+0000][1][safepoint    ] Total time for which application threads were stopped: 0.0000961 seconds, Stopping threads took: 0.0000214 seconds
[2019-12-09T04:16:17.068+0000][1][safepoint    ] Application time: 1.0000765 seconds
[2019-12-09T04:16:17.068+0000][1][safepoint    ] Entering safepoint region: Cleanup
[2019-12-09T04:16:17.068+0000][1][safepoint    ] Leaving safepoint region
[2019-12-09T04:16:17.068+0000][1][safepoint    ] Total time for which application threads were stopped: 0.0000921 seconds, Stopping threads took: 0.0000218 seconds
[2019-12-09T04:16:18.068+0000][1][safepoint    ] Application time: 1.0000754 seconds
[2019-12-09T04:16:18.068+0000][1][safepoint    ] Entering safepoint region: Cleanup
[2019-12-09T04:16:18.068+0000][1][safepoint    ] Leaving safepoint region
[2019-12-09T04:16:18.068+0000][1][safepoint    ] Total time for which application threads were stopped: 0.0000882 seconds, Stopping threads took: 0.0000182 seconds
[2019-12-09T04:16:19.068+0000][1][safepoint    ] Application time: 1.0000759 seconds
[2019-12-09T04:16:19.068+0000][1][safepoint    ] Entering safepoint region: Cleanup
[2019-12-09T04:16:19.068+0000][1][safepoint    ] Leaving safepoint region
[2019-12-09T04:16:19.068+0000][1][safepoint    ] Total time for which application threads were stopped: 0.0000900 seconds, Stopping threads took: 0.0000204 seconds
[2019-12-09T04:16:20.808+0000][1][safepoint    ] Application time: 1.7390937 seconds
[2019-12-09T04:16:20.808+0000][1][safepoint    ] Entering safepoint region: Cleanup
[2019-12-09T04:16:20.808+0000][1][safepoint    ] Leaving safepoint region
[2019-12-09T04:16:20.808+0000][1][safepoint    ] Total time for which application threads were stopped: 0.0001007 seconds, Stopping threads took: 0.0000190 seconds
[2019-12-09T04:16:21.808+0000][1][safepoint    ] Application time: 1.0000755 seconds
[2019-12-09T04:16:21.808+0000][1][safepoint    ] Entering safepoint region: Cleanup
[2019-12-09T04:16:21.808+0000][1][safepoint    ] Leaving safepoint region
[2019-12-09T04:16:21.808+0000][1][safepoint    ] Total time for which application threads were stopped: 0.0000905 seconds, Stopping threads took: 0.0000206 seconds
[2019-12-09T04:16:22.808+0000][1][safepoint    ] Application time: 1.0000754 seconds
[2019-12-09T04:16:22.808+0000][1][safepoint    ] Entering safepoint region: Cleanup
[2019-12-09T04:16:22.808+0000][1][safepoint    ] Leaving safepoint region
[2019-12-09T04:16:22.808+0000][1][safepoint    ] Total time for which application threads were stopped: 0.0000877 seconds, Stopping threads took: 0.0000180 seconds
[2019-12-09T04:16:23.808+0000][1][safepoint    ] Application time: 1.0000759 seconds
[2019-12-09T04:16:23.808+0000][1][safepoint    ] Entering safepoint region: Cleanup
[2019-12-09T04:16:23.808+0000][1][safepoint    ] Leaving safepoint region
[2019-12-09T04:16:23.808+0000][1][safepoint    ] Total time for which application threads were stopped: 0.0000877 seconds, Stopping threads took: 0.0000200 seconds
[2019-12-09T04:16:24.808+0000][1][safepoint    ] Application time: 1.0000750 seconds
[2019-12-09T04:16:24.808+0000][1][safepoint    ] Entering safepoint region: Cleanup
[2019-12-09T04:16:24.809+0000][1][safepoint    ] Leaving safepoint region
[2019-12-09T04:16:24.809+0000][1][safepoint    ] Total time for which application threads were stopped: 0.0000888 seconds, Stopping threads took: 0.0000189 seconds
[2019-12-09T04:16:25.809+0000][1][safepoint    ] Application time: 1.0000754 seconds
[2019-12-09T04:16:25.809+0000][1][safepoint    ] Entering safepoint region: Cleanup
[2019-12-09T04:16:25.809+0000][1][safepoint    ] Leaving safepoint region
[2019-12-09T04:16:25.809+0000][1][safepoint    ] Total time for which application threads were stopped: 0.0000974 seconds, Stopping threads took: 0.0000171 seconds
[2019-12-09T04:16:26.811+0000][1][safepoint    ] Application time: 1.0021002 seconds
[2019-12-09T04:16:26.811+0000][1][safepoint    ] Entering safepoint region: Cleanup
[2019-12-09T04:16:26.811+0000][1][safepoint    ] Leaving safepoint region
[2019-12-09T04:16:26.811+0000][1][safepoint    ] Total time for which application threads were stopped: 0.0001183 seconds, Stopping threads took: 0.0000260 seconds
[2019-12-09T04:16:27.811+0000][1][safepoint    ] Application time: 1.0000763 seconds
[2019-12-09T04:16:27.811+0000][1][safepoint    ] Entering safepoint region: Cleanup
[2019-12-09T04:16:27.811+0000][1][safepoint    ] Leaving safepoint region
[2019-12-09T04:16:27.811+0000][1][safepoint    ] Total time for which application threads were stopped: 0.0000957 seconds, Stopping threads took: 0.0000268 seconds
[2019-12-09T04:16:28.811+0000][1][safepoint    ] Application time: 1.0000764 seconds
[2019-12-09T04:16:28.811+0000][1][safepoint    ] Entering safepoint region: Cleanup
[2019-12-09T04:16:28.811+0000][1][safepoint    ] Leaving safepoint region
[2019-12-09T04:16:28.811+0000][1][safepoint    ] Total time for which application threads were stopped: 0.0000857 seconds, Stopping threads took: 0.0000177 seconds
[2019-12-09T04:16:29.812+0000][1][safepoint    ] Application time: 1.0000769 seconds
[2019-12-09T04:16:29.812+0000][1][safepoint    ] Entering safepoint region: Cleanup
[2019-12-09T04:16:29.812+0000][1][safepoint    ] Leaving safepoint region
[2019-12-09T04:16:29.812+0000][1][safepoint    ] Total time for which application threads were stopped: 0.0000858 seconds, Stopping threads took: 0.0000200 seconds
[2019-12-09T04:16:30.812+0000][1][safepoint    ] Application time: 1.0000753 seconds
[2019-12-09T04:16:30.812+0000][1][safepoint    ] Entering safepoint region: Cleanup
[2019-12-09T04:16:30.812+0000][1][safepoint    ] Leaving safepoint region
[2019-12-09T04:16:30.812+0000][1][safepoint    ] Total time for which application threads were stopped: 0.0000843 seconds, Stopping threads took: 0.0000167 seconds
[2019-12-09T04:16:31.812+0000][1][safepoint    ] Application time: 1.0000792 seconds
[2019-12-09T04:16:31.812+0000][1][safepoint    ] Entering safepoint region: Cleanup
[2019-12-09T04:16:31.812+0000][1][safepoint    ] Leaving safepoint region
[2019-12-09T04:16:31.812+0000][1][safepoint    ] Total time for which application threads were stopped: 0.0001174 seconds, Stopping threads took: 0.0000245 seconds
[2019-12-09T04:16:32.812+0000][1][safepoint    ] Application time: 1.0000757 seconds
[2019-12-09T04:16:32.812+0000][1][safepoint    ] Entering safepoint region: Cleanup
[2019-12-09T04:16:32.812+0000][1][safepoint    ] Leaving safepoint region
[2019-12-09T04:16:32.812+0000][1][safepoint    ] Total time for which application threads were stopped: 0.0000876 seconds, Stopping threads took: 0.0000188 seconds
[2019-12-09T04:16:33.812+0000][1][safepoint    ] Application time: 1.0000761 seconds
[2019-12-09T04:16:33.812+0000][1][safepoint    ] Entering safepoint region: Cleanup
[2019-12-09T04:16:33.813+0000][1][safepoint    ] Leaving safepoint region
[2019-12-09T04:16:33.813+0000][1][safepoint    ] Total time for which application threads were stopped: 0.0000857 seconds, Stopping threads took: 0.0000183 seconds
[2019-12-09T04:16:34.813+0000][1][safepoint    ] Application time: 1.0000737 seconds
[2019-12-09T04:16:34.813+0000][1][safepoint    ] Entering safepoint region: Cleanup
[2019-12-09T04:16:34.813+0000][1][safepoint    ] Leaving safepoint region
[2019-12-09T04:16:34.813+0000][1][safepoint    ] Total time for which application threads were stopped: 0.0001138 seconds, Stopping threads took: 0.0000204 seconds
[2019-12-09T04:16:35.813+0000][1][safepoint    ] Application time: 1.0000758 seconds
[2019-12-09T04:16:35.813+0000][1][safepoint    ] Entering safepoint region: Cleanup
[2019-12-09T04:16:35.813+0000][1][safepoint    ] Leaving safepoint region
[2019-12-09T04:16:35.813+0000][1][safepoint    ] Total time for which application threads were stopped: 0.0000875 seconds, Stopping threads took: 0.0000188 seconds
[2019-12-09T04:16:36.813+0000][1][safepoint    ] Application time: 1.0000764 seconds
[2019-12-09T04:16:36.813+0000][1][safepoint    ] Entering safepoint region: Cleanup
[2019-12-09T04:16:36.813+0000][1][safepoint    ] Leaving safepoint region
[2019-12-09T04:16:36.813+0000][1][safepoint    ] Total time for which application threads were stopped: 0.0000876 seconds, Stopping threads took: 0.0000188 seconds
[2019-12-09T04:16:37.813+0000][1][safepoint    ] Application time: 1.0000775 seconds
[2019-12-09T04:16:37.813+0000][1][safepoint    ] Entering safepoint region: Cleanup
[2019-12-09T04:16:37.813+0000][1][safepoint    ] Leaving safepoint region
[2019-12-09T04:16:37.813+0000][1][safepoint    ] Total time for which application threads were stopped: 0.0000900 seconds, Stopping threads took: 0.0000188 seconds
[2019-12-09T04:16:38.813+0000][1][safepoint    ] Application time: 1.0000758 seconds
[2019-12-09T04:16:38.813+0000][1][safepoint    ] Entering safepoint region: Cleanup
[2019-12-09T04:16:38.814+0000][1][safepoint    ] Leaving safepoint region
[2019-12-09T04:16:38.814+0000][1][safepoint    ] Total time for which application threads were stopped: 0.0000899 seconds, Stopping threads took: 0.0000199 seconds
[2019-12-09T04:16:39.814+0000][1][safepoint    ] Application time: 1.0000766 seconds
[2019-12-09T04:16:39.814+0000][1][safepoint    ] Entering safepoint region: Cleanup
[2019-12-09T04:16:39.814+0000][1][safepoint    ] Leaving safepoint region
[2019-12-09T04:16:39.814+0000][1][safepoint    ] Total time for which application threads were stopped: 0.0000968 seconds, Stopping threads took: 0.0000248 seconds
[2019-12-09T04:16:40.814+0000][1][safepoint    ] Application time: 1.0000771 seconds
[2019-12-09T04:16:40.814+0000][1][safepoint    ] Entering safepoint region: Cleanup
[2019-12-09T04:16:40.814+0000][1][safepoint    ] Leaving safepoint region
[2019-12-09T04:16:40.814+0000][1][safepoint    ] Total time for which application threads were stopped: 0.0000883 seconds, Stopping threads took: 0.0000200 seconds
[2019-12-09T04:16:41.814+0000][1][safepoint    ] Application time: 1.0000748 seconds
[2019-12-09T04:16:41.814+0000][1][safepoint    ] Entering safepoint region: Cleanup
[2019-12-09T04:16:41.814+0000][1][safepoint    ] Leaving safepoint region
[2019-12-09T04:16:41.814+0000][1][safepoint    ] Total time for which application threads were stopped: 0.0000887 seconds, Stopping threads took: 0.0000185 seconds
[2019-12-09T04:16:42.814+0000][1][safepoint    ] Application time: 1.0000761 seconds
[2019-12-09T04:16:42.814+0000][1][safepoint    ] Entering safepoint region: Cleanup
[2019-12-09T04:16:42.814+0000][1][safepoint    ] Leaving safepoint region
[2019-12-09T04:16:42.814+0000][1][safepoint    ] Total time for which application threads were stopped: 0.0000849 seconds, Stopping threads took: 0.0000162 seconds
[2019-12-09T04:16:43.814+0000][1][safepoint    ] Application time: 1.0000768 seconds
[2019-12-09T04:16:43.815+0000][1][safepoint    ] Entering safepoint region: Cleanup
[2019-12-09T04:16:43.815+0000][1][safepoint    ] Leaving safepoint region
[2019-12-09T04:16:43.815+0000][1][safepoint    ] Total time for which application threads were stopped: 0.0000889 seconds, Stopping threads took: 0.0000186 seconds
[2019-12-09T04:16:44.815+0000][1][safepoint    ] Application time: 1.0000843 seconds
[2019-12-09T04:16:44.815+0000][1][safepoint    ] Entering safepoint region: Cleanup
[2019-12-09T04:16:44.815+0000][1][safepoint    ] Leaving safepoint region
[2019-12-09T04:16:44.815+0000][1][safepoint    ] Total time for which application threads were stopped: 0.0000845 seconds, Stopping threads took: 0.0000173 seconds
[2019-12-09T04:16:45.815+0000][1][safepoint    ] Application time: 1.0000750 seconds
[2019-12-09T04:16:45.815+0000][1][safepoint    ] Entering safepoint region: Cleanup
[2019-12-09T04:16:45.815+0000][1][safepoint    ] Leaving safepoint region
[2019-12-09T04:16:45.815+0000][1][safepoint    ] Total time for which application threads were stopped: 0.0000866 seconds, Stopping threads took: 0.0000184 seconds
[2019-12-09T04:16:46.815+0000][1][safepoint    ] Application time: 1.0000748 seconds
[2019-12-09T04:16:46.815+0000][1][safepoint    ] Entering safepoint region: Cleanup
[2019-12-09T04:16:46.815+0000][1][safepoint    ] Leaving safepoint region
[2019-12-09T04:16:46.815+0000][1][safepoint    ] Total time for which application threads were stopped: 0.0000844 seconds, Stopping threads took: 0.0000171 seconds
[2019-12-09T04:16:47.815+0000][1][safepoint    ] Application time: 1.0000761 seconds
[2019-12-09T04:16:47.815+0000][1][safepoint    ] Entering safepoint region: Cleanup
[2019-12-09T04:16:47.815+0000][1][safepoint    ] Leaving safepoint region
[2019-12-09T04:16:47.815+0000][1][safepoint    ] Total time for which application threads were stopped: 0.0000891 seconds, Stopping threads took: 0.0000196 seconds
[2019-12-09T04:16:48.816+0000][1][safepoint    ] Application time: 1.0000756 seconds
[2019-12-09T04:16:48.816+0000][1][safepoint    ] Entering safepoint region: Cleanup
[2019-12-09T04:16:48.816+0000][1][safepoint    ] Leaving safepoint region
[2019-12-09T04:16:48.816+0000][1][safepoint    ] Total time for which application threads were stopped: 0.0000842 seconds, Stopping threads took: 0.0000179 seconds
[2019-12-09T04:16:49.816+0000][1][safepoint    ] Application time: 1.0000765 seconds
[2019-12-09T04:16:49.816+0000][1][safepoint    ] Entering safepoint region: Cleanup
[2019-12-09T04:16:49.816+0000][1][safepoint    ] Leaving safepoint region
[2019-12-09T04:16:49.816+0000][1][safepoint    ] Total time for which application threads were stopped: 0.0000878 seconds, Stopping threads took: 0.0000190 seconds
[2019-12-09T04:16:50.816+0000][1][safepoint    ] Application time: 1.0000773 seconds
[2019-12-09T04:16:50.816+0000][1][safepoint    ] Entering safepoint region: Cleanup
[2019-12-09T04:16:50.816+0000][1][safepoint    ] Leaving safepoint region
[2019-12-09T04:16:50.816+0000][1][safepoint    ] Total time for which application threads were stopped: 0.0000885 seconds, Stopping threads took: 0.0000191 seconds
[2019-12-09T04:16:51.816+0000][1][safepoint    ] Application time: 1.0000781 seconds
[2019-12-09T04:16:51.816+0000][1][safepoint    ] Entering safepoint region: Cleanup
[2019-12-09T04:16:51.816+0000][1][safepoint    ] Leaving safepoint region
[2019-12-09T04:16:51.816+0000][1][safepoint    ] Total time for which application threads were stopped: 0.0000873 seconds, Stopping threads took: 0.0000183 seconds
[2019-12-09T04:16:52.816+0000][1][safepoint    ] Application time: 1.0000781 seconds
[2019-12-09T04:16:52.816+0000][1][safepoint    ] Entering safepoint region: Cleanup
[2019-12-09T04:16:52.816+0000][1][safepoint    ] Leaving safepoint region
[2019-12-09T04:16:52.816+0000][1][safepoint    ] Total time for which application threads were stopped: 0.0000885 seconds, Stopping threads took: 0.0000187 seconds
[2019-12-09T04:16:53.817+0000][1][safepoint    ] Application time: 1.0000773 seconds
[2019-12-09T04:16:53.817+0000][1][safepoint    ] Entering safepoint region: Cleanup
[2019-12-09T04:16:53.817+0000][1][safepoint    ] Leaving safepoint region
[2019-12-09T04:16:53.817+0000][1][safepoint    ] Total time for which application threads were stopped: 0.0000885 seconds, Stopping threads took: 0.0000183 seconds
[2019-12-09T04:16:54.817+0000][1][safepoint    ] Application time: 1.0000883 seconds
[2019-12-09T04:16:54.817+0000][1][safepoint    ] Entering safepoint region: Cleanup
[2019-12-09T04:16:54.817+0000][1][safepoint    ] Leaving safepoint region
[2019-12-09T04:16:54.817+0000][1][safepoint    ] Total time for which application threads were stopped: 0.0000897 seconds, Stopping threads took: 0.0000204 seconds
[2019-12-09T04:16:55.817+0000][1][safepoint    ] Application time: 1.0000767 seconds
[2019-12-09T04:16:55.817+0000][1][safepoint    ] Entering safepoint region: Cleanup
[2019-12-09T04:16:55.817+0000][1][safepoint    ] Leaving safepoint region
[2019-12-09T04:16:55.817+0000][1][safepoint    ] Total time for which application threads were stopped: 0.0000869 seconds, Stopping threads took: 0.0000177 seconds
[2019-12-09T04:16:56.817+0000][1][safepoint    ] Application time: 1.0000757 seconds
[2019-12-09T04:16:56.817+0000][1][safepoint    ] Entering safepoint region: Cleanup
[2019-12-09T04:16:56.817+0000][1][safepoint    ] Leaving safepoint region
[2019-12-09T04:16:56.817+0000][1][safepoint    ] Total time for which application threads were stopped: 0.0000861 seconds, Stopping threads took: 0.0000212 seconds
[2019-12-09T04:16:57.087+0000][1][safepoint    ] Application time: 0.2695656 seconds
[2019-12-09T04:16:57.087+0000][1][safepoint    ] Entering safepoint region: GenCollectForAllocation
[2019-12-09T04:16:57.087+0000][1][gc,start     ] GC(61) Pause Young (Allocation Failure)
[2019-12-09T04:16:57.087+0000][1][gc,task      ] GC(61) Using 2 workers of 2 for evacuation
[2019-12-09T04:16:57.089+0000][1][gc,age       ] GC(61) Desired survivor size 4456448 bytes, new threshold 6 (max threshold 6)
[2019-12-09T04:16:57.089+0000][1][gc,age       ] GC(61) Age table with threshold 6 (max threshold 6)
[2019-12-09T04:16:57.089+0000][1][gc,age       ] GC(61) - age   1:      11488 bytes,      11488 total
[2019-12-09T04:16:57.089+0000][1][gc,age       ] GC(61) - age   2:       2712 bytes,      14200 total
[2019-12-09T04:16:57.089+0000][1][gc,age       ] GC(61) - age   3:       2448 bytes,      16648 total
[2019-12-09T04:16:57.089+0000][1][gc,age       ] GC(61) - age   4:       3296 bytes,      19944 total
[2019-12-09T04:16:57.089+0000][1][gc,age       ] GC(61) - age   5:        232 bytes,      20176 total
[2019-12-09T04:16:57.089+0000][1][gc,age       ] GC(61) - age   6:       2896 bytes,      23072 total
[2019-12-09T04:16:57.089+0000][1][gc,heap      ] GC(61) ParNew: 69981K->26K(78656K)
[2019-12-09T04:16:57.089+0000][1][gc,heap      ] GC(61) CMS: 119371K->119371K(174784K)
[2019-12-09T04:16:57.089+0000][1][gc,metaspace ] GC(61) Metaspace: 83445K->83445K(1126400K)
[2019-12-09T04:16:57.089+0000][1][gc           ] GC(61) Pause Young (Allocation Failure) 184M->116M(247M) 1.798ms
[2019-12-09T04:16:57.089+0000][1][gc,cpu       ] GC(61) User=0.00s Sys=0.00s Real=0.00s
[2019-12-09T04:16:57.089+0000][1][safepoint    ] Leaving safepoint region
[2019-12-09T04:16:57.089+0000][1][safepoint    ] Total time for which application threads were stopped: 0.0019620 seconds, Stopping threads took: 0.0000187 seconds
[2019-12-09T04:16:58.089+0000][1][safepoint    ] Application time: 1.0000881 seconds
[2019-12-09T04:16:58.089+0000][1][safepoint    ] Entering safepoint region: Cleanup
[2019-12-09T04:16:58.089+0000][1][safepoint    ] Leaving safepoint region
[2019-12-09T04:16:58.089+0000][1][safepoint    ] Total time for which application threads were stopped: 0.0001014 seconds, Stopping threads took: 0.0000290 seconds
[2019-12-09T04:16:59.089+0000][1][safepoint    ] Application time: 1.0000781 seconds
[2019-12-09T04:16:59.089+0000][1][safepoint    ] Entering safepoint region: Cleanup
[2019-12-09T04:16:59.089+0000][1][safepoint    ] Leaving safepoint region
[2019-12-09T04:16:59.089+0000][1][safepoint    ] Total time for which application threads were stopped: 0.0000985 seconds, Stopping threads took: 0.0000308 seconds
[2019-12-09T04:17:00.089+0000][1][safepoint    ] Application time: 1.0000766 seconds
[2019-12-09T04:17:00.089+0000][1][safepoint    ] Entering safepoint region: Cleanup
[2019-12-09T04:17:00.090+0000][1][safepoint    ] Leaving safepoint region
[2019-12-09T04:17:00.090+0000][1][safepoint    ] Total time for which application threads were stopped: 0.0000886 seconds, Stopping threads took: 0.0000190 seconds
[2019-12-09T04:17:01.090+0000][1][safepoint    ] Application time: 1.0000864 seconds
[2019-12-09T04:17:01.090+0000][1][safepoint    ] Entering safepoint region: Cleanup
[2019-12-09T04:17:01.090+0000][1][safepoint    ] Leaving safepoint region
[2019-12-09T04:17:01.090+0000][1][safepoint    ] Total time for which application threads were stopped: 0.0001310 seconds, Stopping threads took: 0.0000410 seconds
[2019-12-09T04:17:02.090+0000][1][safepoint    ] Application time: 1.0000784 seconds
[2019-12-09T04:17:02.090+0000][1][safepoint    ] Entering safepoint region: Cleanup
[2019-12-09T04:17:02.090+0000][1][safepoint    ] Leaving safepoint region
[2019-12-09T04:17:02.090+0000][1][safepoint    ] Total time for which application threads were stopped: 0.0001503 seconds, Stopping threads took: 0.0000712 seconds
[2019-12-09T04:17:03.090+0000][1][safepoint    ] Application time: 1.0000815 seconds
[2019-12-09T04:17:03.090+0000][1][safepoint    ] Entering safepoint region: Cleanup
[2019-12-09T04:17:03.090+0000][1][safepoint    ] Leaving safepoint region
[2019-12-09T04:17:03.090+0000][1][safepoint    ] Total time for which application threads were stopped: 0.0000913 seconds, Stopping threads took: 0.0000195 seconds
[2019-12-09T04:17:04.090+0000][1][safepoint    ] Application time: 1.0000747 seconds
[2019-12-09T04:17:04.090+0000][1][safepoint    ] Entering safepoint region: Cleanup
[2019-12-09T04:17:04.091+0000][1][safepoint    ] Leaving safepoint region
[2019-12-09T04:17:04.091+0000][1][safepoint    ] Total time for which application threads were stopped: 0.0000890 seconds, Stopping threads took: 0.0000197 seconds
[2019-12-09T04:17:05.091+0000][1][safepoint    ] Application time: 1.0000769 seconds
[2019-12-09T04:17:05.091+0000][1][safepoint    ] Entering safepoint region: Cleanup
[2019-12-09T04:17:05.091+0000][1][safepoint    ] Leaving safepoint region
[2019-12-09T04:17:05.091+0000][1][safepoint    ] Total time for which application threads were stopped: 0.0001000 seconds, Stopping threads took: 0.0000203 seconds
[2019-12-09T04:17:06.091+0000][1][safepoint    ] Application time: 1.0000771 seconds
[2019-12-09T04:17:06.091+0000][1][safepoint    ] Entering safepoint region: Cleanup
[2019-12-09T04:17:06.091+0000][1][safepoint    ] Leaving safepoint region
[2019-12-09T04:17:06.091+0000][1][safepoint    ] Total time for which application threads were stopped: 0.0000917 seconds, Stopping threads took: 0.0000200 seconds
[2019-12-09T04:17:07.091+0000][1][safepoint    ] Application time: 1.0000764 seconds
[2019-12-09T04:17:07.091+0000][1][safepoint    ] Entering safepoint region: Cleanup
[2019-12-09T04:17:07.091+0000][1][safepoint    ] Leaving safepoint region
[2019-12-09T04:17:07.091+0000][1][safepoint    ] Total time for which application threads were stopped: 0.0000896 seconds, Stopping threads took: 0.0000195 seconds
[2019-12-09T04:17:08.091+0000][1][safepoint    ] Application time: 1.0000776 seconds
[2019-12-09T04:17:08.091+0000][1][safepoint    ] Entering safepoint region: Cleanup
[2019-12-09T04:17:08.091+0000][1][safepoint    ] Leaving safepoint region
[2019-12-09T04:17:08.091+0000][1][safepoint    ] Total time for which application threads were stopped: 0.0000899 seconds, Stopping threads took: 0.0000190 seconds
[2019-12-09T04:17:09.091+0000][1][safepoint    ] Application time: 1.0000776 seconds
[2019-12-09T04:17:09.092+0000][1][safepoint    ] Entering safepoint region: Cleanup
[2019-12-09T04:17:09.092+0000][1][safepoint    ] Leaving safepoint region
[2019-12-09T04:17:09.092+0000][1][safepoint    ] Total time for which application threads were stopped: 0.0000976 seconds, Stopping threads took: 0.0000217 seconds
[2019-12-09T04:17:10.150+0000][1][safepoint    ] Application time: 1.0581255 seconds
[2019-12-09T04:17:10.150+0000][1][safepoint    ] Entering safepoint region: Cleanup
[2019-12-09T04:17:10.150+0000][1][safepoint    ] Leaving safepoint region
[2019-12-09T04:17:10.150+0000][1][safepoint    ] Total time for which application threads were stopped: 0.0000859 seconds, Stopping threads took: 0.0000152 seconds
[2019-12-09T04:17:11.150+0000][1][safepoint    ] Application time: 1.0000782 seconds
[2019-12-09T04:17:11.150+0000][1][safepoint    ] Entering safepoint region: Cleanup
[2019-12-09T04:17:11.150+0000][1][safepoint    ] Leaving safepoint region
[2019-12-09T04:17:11.150+0000][1][safepoint    ] Total time for which application threads were stopped: 0.0000906 seconds, Stopping threads took: 0.0000182 seconds
[2019-12-09T04:17:12.150+0000][1][safepoint    ] Application time: 1.0000784 seconds
[2019-12-09T04:17:12.150+0000][1][safepoint    ] Entering safepoint region: Cleanup
[2019-12-09T04:17:12.150+0000][1][safepoint    ] Leaving safepoint region
[2019-12-09T04:17:12.150+0000][1][safepoint    ] Total time for which application threads were stopped: 0.0000906 seconds, Stopping threads took: 0.0000183 seconds
[2019-12-09T04:17:13.150+0000][1][safepoint    ] Application time: 1.0000777 seconds
[2019-12-09T04:17:13.150+0000][1][safepoint    ] Entering safepoint region: Cleanup
[2019-12-09T04:17:13.150+0000][1][safepoint    ] Leaving safepoint region
[2019-12-09T04:17:13.150+0000][1][safepoint    ] Total time for which application threads were stopped: 0.0000899 seconds, Stopping threads took: 0.0000185 seconds
[2019-12-09T04:17:14.151+0000][1][safepoint    ] Application time: 1.0000851 seconds
[2019-12-09T04:17:14.151+0000][1][safepoint    ] Entering safepoint region: Cleanup
[2019-12-09T04:17:14.151+0000][1][safepoint    ] Leaving safepoint region
[2019-12-09T04:17:14.151+0000][1][safepoint    ] Total time for which application threads were stopped: 0.0001029 seconds, Stopping threads took: 0.0000192 seconds
[2019-12-09T04:17:15.151+0000][1][safepoint    ] Application time: 1.0000779 seconds
[2019-12-09T04:17:15.151+0000][1][safepoint    ] Entering safepoint region: Cleanup
[2019-12-09T04:17:15.151+0000][1][safepoint    ] Leaving safepoint region
[2019-12-09T04:17:15.151+0000][1][safepoint    ] Total time for which application threads were stopped: 0.0000875 seconds, Stopping threads took: 0.0000181 seconds
[2019-12-09T04:17:16.151+0000][1][safepoint    ] Application time: 1.0000818 seconds
[2019-12-09T04:17:16.151+0000][1][safepoint    ] Entering safepoint region: Cleanup
[2019-12-09T04:17:16.151+0000][1][safepoint    ] Leaving safepoint region
[2019-12-09T04:17:16.151+0000][1][safepoint    ] Total time for which application threads were stopped: 0.0000871 seconds, Stopping threads took: 0.0000173 seconds
[2019-12-09T04:17:17.151+0000][1][safepoint    ] Application time: 1.0000792 seconds
[2019-12-09T04:17:17.151+0000][1][safepoint    ] Entering safepoint region: Cleanup
[2019-12-09T04:17:17.151+0000][1][safepoint    ] Leaving safepoint region
[2019-12-09T04:17:17.151+0000][1][safepoint    ] Total time for which application threads were stopped: 0.0000860 seconds, Stopping threads took: 0.0000180 seconds
[2019-12-09T04:17:18.151+0000][1][safepoint    ] Application time: 1.0000771 seconds
[2019-12-09T04:17:18.152+0000][1][safepoint    ] Entering safepoint region: Cleanup
[2019-12-09T04:17:18.152+0000][1][safepoint    ] Leaving safepoint region
[2019-12-09T04:17:18.152+0000][1][safepoint    ] Total time for which application threads were stopped: 0.0000889 seconds, Stopping threads took: 0.0000188 seconds
[2019-12-09T04:17:19.152+0000][1][safepoint    ] Application time: 1.0000775 seconds
[2019-12-09T04:17:19.152+0000][1][safepoint    ] Entering safepoint region: Cleanup
[2019-12-09T04:17:19.152+0000][1][safepoint    ] Leaving safepoint region
[2019-12-09T04:17:19.152+0000][1][safepoint    ] Total time for which application threads were stopped: 0.0000961 seconds, Stopping threads took: 0.0000182 seconds
[2019-12-09T04:17:20.152+0000][1][safepoint    ] Application time: 1.0000775 seconds
[2019-12-09T04:17:20.152+0000][1][safepoint    ] Entering safepoint region: Cleanup
[2019-12-09T04:17:20.152+0000][1][safepoint    ] Leaving safepoint region
[2019-12-09T04:17:20.152+0000][1][safepoint    ] Total time for which application threads were stopped: 0.0000864 seconds, Stopping threads took: 0.0000179 seconds
[2019-12-09T04:17:21.152+0000][1][safepoint    ] Application time: 1.0000754 seconds
[2019-12-09T04:17:21.152+0000][1][safepoint    ] Entering safepoint region: Cleanup
[2019-12-09T04:17:21.152+0000][1][safepoint    ] Leaving safepoint region
[2019-12-09T04:17:21.152+0000][1][safepoint    ] Total time for which application threads were stopped: 0.0000916 seconds, Stopping threads took: 0.0000191 seconds
[2019-12-09T04:17:22.152+0000][1][safepoint    ] Application time: 1.0000771 seconds
[2019-12-09T04:17:22.152+0000][1][safepoint    ] Entering safepoint region: Cleanup
[2019-12-09T04:17:22.152+0000][1][safepoint    ] Leaving safepoint region
[2019-12-09T04:17:22.152+0000][1][safepoint    ] Total time for which application threads were stopped: 0.0000857 seconds, Stopping threads took: 0.0000177 seconds
[2019-12-09T04:17:23.153+0000][1][safepoint    ] Application time: 1.0000775 seconds
[2019-12-09T04:17:23.153+0000][1][safepoint    ] Entering safepoint region: Cleanup
[2019-12-09T04:17:23.153+0000][1][safepoint    ] Leaving safepoint region
[2019-12-09T04:17:23.153+0000][1][safepoint    ] Total time for which application threads were stopped: 0.0000899 seconds, Stopping threads took: 0.0000194 seconds
[2019-12-09T04:17:24.153+0000][1][safepoint    ] Application time: 1.0000790 seconds
[2019-12-09T04:17:24.153+0000][1][safepoint    ] Entering safepoint region: Cleanup
[2019-12-09T04:17:24.153+0000][1][safepoint    ] Leaving safepoint region
[2019-12-09T04:17:24.153+0000][1][safepoint    ] Total time for which application threads were stopped: 0.0000882 seconds, Stopping threads took: 0.0000180 seconds
[2019-12-09T04:17:25.153+0000][1][safepoint    ] Application time: 1.0000791 seconds
[2019-12-09T04:17:25.153+0000][1][safepoint    ] Entering safepoint region: Cleanup
[2019-12-09T04:17:25.153+0000][1][safepoint    ] Leaving safepoint region
[2019-12-09T04:17:25.153+0000][1][safepoint    ] Total time for which application threads were stopped: 0.0000911 seconds, Stopping threads took: 0.0000191 seconds
[2019-12-09T04:17:26.153+0000][1][safepoint    ] Application time: 1.0000783 seconds
[2019-12-09T04:17:26.153+0000][1][safepoint    ] Entering safepoint region: Cleanup
[2019-12-09T04:17:26.153+0000][1][safepoint    ] Leaving safepoint region
[2019-12-09T04:17:26.153+0000][1][safepoint    ] Total time for which application threads were stopped: 0.0000893 seconds, Stopping threads took: 0.0000179 seconds
[2019-12-09T04:17:27.153+0000][1][safepoint    ] Application time: 1.0000770 seconds
[2019-12-09T04:17:27.153+0000][1][safepoint    ] Entering safepoint region: Cleanup
[2019-12-09T04:17:27.154+0000][1][safepoint    ] Leaving safepoint region
[2019-12-09T04:17:27.154+0000][1][safepoint    ] Total time for which application threads were stopped: 0.0000867 seconds, Stopping threads took: 0.0000177 seconds
[2019-12-09T04:17:28.154+0000][1][safepoint    ] Application time: 1.0000792 seconds
[2019-12-09T04:17:28.154+0000][1][safepoint    ] Entering safepoint region: Cleanup
[2019-12-09T04:17:28.154+0000][1][safepoint    ] Leaving safepoint region
[2019-12-09T04:17:28.154+0000][1][safepoint    ] Total time for which application threads were stopped: 0.0001100 seconds, Stopping threads took: 0.0000274 seconds
[2019-12-09T04:17:29.154+0000][1][safepoint    ] Application time: 1.0000782 seconds
[2019-12-09T04:17:29.154+0000][1][safepoint    ] Entering safepoint region: Cleanup
[2019-12-09T04:17:29.154+0000][1][safepoint    ] Leaving safepoint region
[2019-12-09T04:17:29.154+0000][1][safepoint    ] Total time for which application threads were stopped: 0.0000987 seconds, Stopping threads took: 0.0000210 seconds
[2019-12-09T04:17:30.154+0000][1][safepoint    ] Application time: 1.0000608 seconds
[2019-12-09T04:17:30.154+0000][1][safepoint    ] Entering safepoint region: Cleanup
[2019-12-09T04:17:30.154+0000][1][safepoint    ] Leaving safepoint region
[2019-12-09T04:17:30.154+0000][1][safepoint    ] Total time for which application threads were stopped: 0.0000896 seconds, Stopping threads took: 0.0000193 seconds
[2019-12-09T04:17:31.154+0000][1][safepoint    ] Application time: 1.0000782 seconds
[2019-12-09T04:17:31.154+0000][1][safepoint    ] Entering safepoint region: Cleanup
[2019-12-09T04:17:31.154+0000][1][safepoint    ] Leaving safepoint region
[2019-12-09T04:17:31.154+0000][1][safepoint    ] Total time for which application threads were stopped: 0.0001081 seconds, Stopping threads took: 0.0000206 seconds
[2019-12-09T04:17:32.154+0000][1][safepoint    ] Application time: 1.0000774 seconds
[2019-12-09T04:17:32.155+0000][1][safepoint    ] Entering safepoint region: Cleanup
[2019-12-09T04:17:32.155+0000][1][safepoint    ] Leaving safepoint region
[2019-12-09T04:17:32.155+0000][1][safepoint    ] Total time for which application threads were stopped: 0.0000870 seconds, Stopping threads took: 0.0000183 seconds
[2019-12-09T04:17:33.155+0000][1][safepoint    ] Application time: 1.0000760 seconds
[2019-12-09T04:17:33.155+0000][1][safepoint    ] Entering safepoint region: Cleanup
[2019-12-09T04:17:33.155+0000][1][safepoint    ] Leaving safepoint region
[2019-12-09T04:17:33.155+0000][1][safepoint    ] Total time for which application threads were stopped: 0.0000970 seconds, Stopping threads took: 0.0000192 seconds
[2019-12-09T04:17:34.155+0000][1][safepoint    ] Application time: 1.0000754 seconds
[2019-12-09T04:17:34.155+0000][1][safepoint    ] Entering safepoint region: Cleanup
[2019-12-09T04:17:34.155+0000][1][safepoint    ] Leaving safepoint region
[2019-12-09T04:17:34.155+0000][1][safepoint    ] Total time for which application threads were stopped: 0.0000889 seconds, Stopping threads took: 0.0000164 seconds
[2019-12-09T04:17:35.155+0000][1][safepoint    ] Application time: 1.0000777 seconds
[2019-12-09T04:17:35.155+0000][1][safepoint    ] Entering safepoint region: Cleanup
[2019-12-09T04:17:35.155+0000][1][safepoint    ] Leaving safepoint region
[2019-12-09T04:17:35.155+0000][1][safepoint    ] Total time for which application threads were stopped: 0.0000907 seconds, Stopping threads took: 0.0000211 seconds
[2019-12-09T04:17:36.155+0000][1][safepoint    ] Application time: 1.0000781 seconds
[2019-12-09T04:17:36.155+0000][1][safepoint    ] Entering safepoint region: Cleanup
[2019-12-09T04:17:36.155+0000][1][safepoint    ] Leaving safepoint region
[2019-12-09T04:17:36.155+0000][1][safepoint    ] Total time for which application threads were stopped: 0.0000911 seconds, Stopping threads took: 0.0000190 seconds
[2019-12-09T04:17:37.156+0000][1][safepoint    ] Application time: 1.0000773 seconds
[2019-12-09T04:17:37.156+0000][1][safepoint    ] Entering safepoint region: Cleanup
[2019-12-09T04:17:37.156+0000][1][safepoint    ] Leaving safepoint region
[2019-12-09T04:17:37.156+0000][1][safepoint    ] Total time for which application threads were stopped: 0.0001091 seconds, Stopping threads took: 0.0000205 seconds
[2019-12-09T04:17:38.156+0000][1][safepoint    ] Application time: 1.0000785 seconds
[2019-12-09T04:17:38.156+0000][1][safepoint    ] Entering safepoint region: Cleanup
[2019-12-09T04:17:38.156+0000][1][safepoint    ] Leaving safepoint region
[2019-12-09T04:17:38.156+0000][1][safepoint    ] Total time for which application threads were stopped: 0.0000951 seconds, Stopping threads took: 0.0000179 seconds
[2019-12-09T04:17:39.156+0000][1][safepoint    ] Application time: 1.0000780 seconds
[2019-12-09T04:17:39.156+0000][1][safepoint    ] Entering safepoint region: Cleanup
[2019-12-09T04:17:39.156+0000][1][safepoint    ] Leaving safepoint region
[2019-12-09T04:17:39.156+0000][1][safepoint    ] Total time for which application threads were stopped: 0.0000907 seconds, Stopping threads took: 0.0000186 seconds
[2019-12-09T04:17:40.156+0000][1][safepoint    ] Application time: 1.0000787 seconds
[2019-12-09T04:17:40.156+0000][1][safepoint    ] Entering safepoint region: Cleanup
[2019-12-09T04:17:40.156+0000][1][safepoint    ] Leaving safepoint region
[2019-12-09T04:17:40.156+0000][1][safepoint    ] Total time for which application threads were stopped: 0.0000993 seconds, Stopping threads took: 0.0000194 seconds
[2019-12-09T04:17:41.156+0000][1][safepoint    ] Application time: 1.0000805 seconds
[2019-12-09T04:17:41.157+0000][1][safepoint    ] Entering safepoint region: Cleanup
[2019-12-09T04:17:41.157+0000][1][safepoint    ] Leaving safepoint region
[2019-12-09T04:17:41.157+0000][1][safepoint    ] Total time for which application threads were stopped: 0.0000933 seconds, Stopping threads took: 0.0000218 seconds
[2019-12-09T04:17:42.157+0000][1][safepoint    ] Application time: 1.0000856 seconds
[2019-12-09T04:17:42.157+0000][1][safepoint    ] Entering safepoint region: Cleanup
[2019-12-09T04:17:42.157+0000][1][safepoint    ] Leaving safepoint region
[2019-12-09T04:17:42.157+0000][1][safepoint    ] Total time for which application threads were stopped: 0.0000880 seconds, Stopping threads took: 0.0000173 seconds
[2019-12-09T04:17:43.157+0000][1][safepoint    ] Application time: 1.0000771 seconds
[2019-12-09T04:17:43.157+0000][1][safepoint    ] Entering safepoint region: Cleanup
[2019-12-09T04:17:43.157+0000][1][safepoint    ] Leaving safepoint region
[2019-12-09T04:17:43.157+0000][1][safepoint    ] Total time for which application threads were stopped: 0.0000891 seconds, Stopping threads took: 0.0000182 seconds
[2019-12-09T04:17:44.157+0000][1][safepoint    ] Application time: 1.0000847 seconds
[2019-12-09T04:17:44.157+0000][1][safepoint    ] Entering safepoint region: Cleanup
[2019-12-09T04:17:44.157+0000][1][safepoint    ] Leaving safepoint region
[2019-12-09T04:17:44.157+0000][1][safepoint    ] Total time for which application threads were stopped: 0.0000866 seconds, Stopping threads took: 0.0000169 seconds
[2019-12-09T04:17:45.157+0000][1][safepoint    ] Application time: 1.0000777 seconds
[2019-12-09T04:17:45.157+0000][1][safepoint    ] Entering safepoint region: Cleanup
[2019-12-09T04:17:45.157+0000][1][safepoint    ] Leaving safepoint region
[2019-12-09T04:17:45.157+0000][1][safepoint    ] Total time for which application threads were stopped: 0.0000904 seconds, Stopping threads took: 0.0000175 seconds
[2019-12-09T04:17:46.158+0000][1][safepoint    ] Application time: 1.0000786 seconds
[2019-12-09T04:17:46.158+0000][1][safepoint    ] Entering safepoint region: Cleanup
[2019-12-09T04:17:46.158+0000][1][safepoint    ] Leaving safepoint region
[2019-12-09T04:17:46.158+0000][1][safepoint    ] Total time for which application threads were stopped: 0.0001042 seconds, Stopping threads took: 0.0000188 seconds
[2019-12-09T04:17:47.158+0000][1][safepoint    ] Application time: 1.0000773 seconds
[2019-12-09T04:17:47.158+0000][1][safepoint    ] Entering safepoint region: Cleanup
[2019-12-09T04:17:47.158+0000][1][safepoint    ] Leaving safepoint region
[2019-12-09T04:17:47.158+0000][1][safepoint    ] Total time for which application threads were stopped: 0.0000891 seconds, Stopping threads took: 0.0000196 seconds
[2019-12-09T04:17:48.158+0000][1][safepoint    ] Application time: 1.0000764 seconds
[2019-12-09T04:17:48.158+0000][1][safepoint    ] Entering safepoint region: Cleanup
[2019-12-09T04:17:48.158+0000][1][safepoint    ] Leaving safepoint region
[2019-12-09T04:17:48.158+0000][1][safepoint    ] Total time for which application threads were stopped: 0.0000887 seconds, Stopping threads took: 0.0000190 seconds
[2019-12-09T04:17:49.158+0000][1][safepoint    ] Application time: 1.0000776 seconds
[2019-12-09T04:17:49.158+0000][1][safepoint    ] Entering safepoint region: Cleanup
[2019-12-09T04:17:49.158+0000][1][safepoint    ] Leaving safepoint region
[2019-12-09T04:17:49.158+0000][1][safepoint    ] Total time for which application threads were stopped: 0.0000890 seconds, Stopping threads took: 0.0000195 seconds
[2019-12-09T04:17:50.158+0000][1][safepoint    ] Application time: 1.0000779 seconds
[2019-12-09T04:17:50.158+0000][1][safepoint    ] Entering safepoint region: Cleanup
[2019-12-09T04:17:50.159+0000][1][safepoint    ] Leaving safepoint region
[2019-12-09T04:17:50.159+0000][1][safepoint    ] Total time for which application threads were stopped: 0.0000894 seconds, Stopping threads took: 0.0000188 seconds
[2019-12-09T04:17:51.159+0000][1][safepoint    ] Application time: 1.0000759 seconds
[2019-12-09T04:17:51.159+0000][1][safepoint    ] Entering safepoint region: Cleanup
[2019-12-09T04:17:51.159+0000][1][safepoint    ] Leaving safepoint region
[2019-12-09T04:17:51.159+0000][1][safepoint    ] Total time for which application threads were stopped: 0.0000922 seconds, Stopping threads took: 0.0000204 seconds
[2019-12-09T04:17:52.159+0000][1][safepoint    ] Application time: 1.0000789 seconds
[2019-12-09T04:17:52.159+0000][1][safepoint    ] Entering safepoint region: Cleanup
[2019-12-09T04:17:52.159+0000][1][safepoint    ] Leaving safepoint region
[2019-12-09T04:17:52.159+0000][1][safepoint    ] Total time for which application threads were stopped: 0.0000885 seconds, Stopping threads took: 0.0000179 seconds
[2019-12-09T04:17:53.159+0000][1][safepoint    ] Application time: 1.0000756 seconds
[2019-12-09T04:17:53.159+0000][1][safepoint    ] Entering safepoint region: Cleanup
[2019-12-09T04:17:53.159+0000][1][safepoint    ] Leaving safepoint region
[2019-12-09T04:17:53.159+0000][1][safepoint    ] Total time for which application threads were stopped: 0.0000866 seconds, Stopping threads took: 0.0000182 seconds
[2019-12-09T04:17:54.159+0000][1][safepoint    ] Application time: 1.0000767 seconds
[2019-12-09T04:17:54.159+0000][1][safepoint    ] Entering safepoint region: Cleanup
[2019-12-09T04:17:54.159+0000][1][safepoint    ] Leaving safepoint region
[2019-12-09T04:17:54.159+0000][1][safepoint    ] Total time for which application threads were stopped: 0.0000850 seconds, Stopping threads took: 0.0000174 seconds
[2019-12-09T04:17:55.160+0000][1][safepoint    ] Application time: 1.0000777 seconds
[2019-12-09T04:17:55.160+0000][1][safepoint    ] Entering safepoint region: Cleanup
[2019-12-09T04:17:55.160+0000][1][safepoint    ] Leaving safepoint region
[2019-12-09T04:17:55.160+0000][1][safepoint    ] Total time for which application threads were stopped: 0.0000888 seconds, Stopping threads took: 0.0000179 seconds
[2019-12-09T04:17:56.160+0000][1][safepoint    ] Application time: 1.0000761 seconds
[2019-12-09T04:17:56.160+0000][1][safepoint    ] Entering safepoint region: Cleanup
[2019-12-09T04:17:56.160+0000][1][safepoint    ] Leaving safepoint region
[2019-12-09T04:17:56.160+0000][1][safepoint    ] Total time for which application threads were stopped: 0.0000871 seconds, Stopping threads took: 0.0000186 seconds
[2019-12-09T04:17:57.160+0000][1][safepoint    ] Application time: 1.0000778 seconds
[2019-12-09T04:17:57.160+0000][1][safepoint    ] Entering safepoint region: Cleanup
[2019-12-09T04:17:57.160+0000][1][safepoint    ] Leaving safepoint region
[2019-12-09T04:17:57.160+0000][1][safepoint    ] Total time for which application threads were stopped: 0.0000916 seconds, Stopping threads took: 0.0000198 seconds
[2019-12-09T04:17:58.160+0000][1][safepoint    ] Application time: 1.0000762 seconds
[2019-12-09T04:17:58.160+0000][1][safepoint    ] Entering safepoint region: Cleanup
[2019-12-09T04:17:58.160+0000][1][safepoint    ] Leaving safepoint region
[2019-12-09T04:17:58.160+0000][1][safepoint    ] Total time for which application threads were stopped: 0.0000959 seconds, Stopping threads took: 0.0000252 seconds
[2019-12-09T04:17:59.160+0000][1][safepoint    ] Application time: 1.0000766 seconds
[2019-12-09T04:17:59.160+0000][1][safepoint    ] Entering safepoint region: Cleanup
[2019-12-09T04:17:59.160+0000][1][safepoint    ] Leaving safepoint region
[2019-12-09T04:17:59.160+0000][1][safepoint    ] Total time for which application threads were stopped: 0.0000895 seconds, Stopping threads took: 0.0000170 seconds
[2019-12-09T04:18:00.161+0000][1][safepoint    ] Application time: 1.0000765 seconds
[2019-12-09T04:18:00.161+0000][1][safepoint    ] Entering safepoint region: Cleanup
[2019-12-09T04:18:00.161+0000][1][safepoint    ] Leaving safepoint region
[2019-12-09T04:18:00.161+0000][1][safepoint    ] Total time for which application threads were stopped: 0.0001059 seconds, Stopping threads took: 0.0000191 seconds
[2019-12-09T04:18:01.161+0000][1][safepoint    ] Application time: 1.0000768 seconds
[2019-12-09T04:18:01.161+0000][1][safepoint    ] Entering safepoint region: Cleanup
[2019-12-09T04:18:01.161+0000][1][safepoint    ] Leaving safepoint region
[2019-12-09T04:18:01.161+0000][1][safepoint    ] Total time for which application threads were stopped: 0.0000911 seconds, Stopping threads took: 0.0000183 seconds
[2019-12-09T04:18:02.161+0000][1][safepoint    ] Application time: 1.0000775 seconds
[2019-12-09T04:18:02.161+0000][1][safepoint    ] Entering safepoint region: Cleanup
[2019-12-09T04:18:02.161+0000][1][safepoint    ] Leaving safepoint region
[2019-12-09T04:18:02.161+0000][1][safepoint    ] Total time for which application threads were stopped: 0.0000904 seconds, Stopping threads took: 0.0000190 seconds
[2019-12-09T04:18:04.039+0000][1][safepoint    ] Application time: 1.8782173 seconds
[2019-12-09T04:18:04.039+0000][1][safepoint    ] Entering safepoint region: Cleanup
[2019-12-09T04:18:04.040+0000][1][safepoint    ] Leaving safepoint region
[2019-12-09T04:18:04.040+0000][1][safepoint    ] Total time for which application threads were stopped: 0.0001029 seconds, Stopping threads took: 0.0000230 seconds
[2019-12-09T04:18:05.040+0000][1][safepoint    ] Application time: 1.0000764 seconds
[2019-12-09T04:18:05.040+0000][1][safepoint    ] Entering safepoint region: Cleanup
[2019-12-09T04:18:05.040+0000][1][safepoint    ] Leaving safepoint region
[2019-12-09T04:18:05.040+0000][1][safepoint    ] Total time for which application threads were stopped: 0.0000961 seconds, Stopping threads took: 0.0000177 seconds
[2019-12-09T04:18:06.040+0000][1][safepoint    ] Application time: 1.0000784 seconds
[2019-12-09T04:18:06.040+0000][1][safepoint    ] Entering safepoint region: Cleanup
[2019-12-09T04:18:06.040+0000][1][safepoint    ] Leaving safepoint region
[2019-12-09T04:18:06.040+0000][1][safepoint    ] Total time for which application threads were stopped: 0.0000839 seconds, Stopping threads took: 0.0000174 seconds
[2019-12-09T04:18:07.040+0000][1][safepoint    ] Application time: 1.0000773 seconds
[2019-12-09T04:18:07.040+0000][1][safepoint    ] Entering safepoint region: Cleanup
[2019-12-09T04:18:07.040+0000][1][safepoint    ] Leaving safepoint region
[2019-12-09T04:18:07.040+0000][1][safepoint    ] Total time for which application threads were stopped: 0.0000844 seconds, Stopping threads took: 0.0000194 seconds
[2019-12-09T04:18:08.040+0000][1][safepoint    ] Application time: 1.0000865 seconds
[2019-12-09T04:18:08.040+0000][1][safepoint    ] Entering safepoint region: Cleanup
[2019-12-09T04:18:08.040+0000][1][safepoint    ] Leaving safepoint region
[2019-12-09T04:18:08.040+0000][1][safepoint    ] Total time for which application threads were stopped: 0.0000824 seconds, Stopping threads took: 0.0000179 seconds
[2019-12-09T04:18:09.040+0000][1][safepoint    ] Application time: 1.0000788 seconds
[2019-12-09T04:18:09.040+0000][1][safepoint    ] Entering safepoint region: Cleanup
[2019-12-09T04:18:09.040+0000][1][safepoint    ] Leaving safepoint region
[2019-12-09T04:18:09.040+0000][1][safepoint    ] Total time for which application threads were stopped: 0.0000840 seconds, Stopping threads took: 0.0000189 seconds
[2019-12-09T04:18:10.041+0000][1][safepoint    ] Application time: 1.0000785 seconds
[2019-12-09T04:18:10.041+0000][1][safepoint    ] Entering safepoint region: Cleanup
[2019-12-09T04:18:10.041+0000][1][safepoint    ] Leaving safepoint region
[2019-12-09T04:18:10.041+0000][1][safepoint    ] Total time for which application threads were stopped: 0.0000845 seconds, Stopping threads took: 0.0000178 seconds
[2019-12-09T04:18:11.041+0000][1][safepoint    ] Application time: 1.0000868 seconds
[2019-12-09T04:18:11.041+0000][1][safepoint    ] Entering safepoint region: Cleanup
[2019-12-09T04:18:11.041+0000][1][safepoint    ] Leaving safepoint region
[2019-12-09T04:18:11.041+0000][1][safepoint    ] Total time for which application threads were stopped: 0.0000839 seconds, Stopping threads took: 0.0000186 seconds
[2019-12-09T04:18:12.041+0000][1][safepoint    ] Application time: 1.0000786 seconds
[2019-12-09T04:18:12.041+0000][1][safepoint    ] Entering safepoint region: Cleanup
[2019-12-09T04:18:12.041+0000][1][safepoint    ] Leaving safepoint region
[2019-12-09T04:18:12.041+0000][1][safepoint    ] Total time for which application threads were stopped: 0.0000844 seconds, Stopping threads took: 0.0000182 seconds
[2019-12-09T04:18:13.041+0000][1][safepoint    ] Application time: 1.0000821 seconds
[2019-12-09T04:18:13.041+0000][1][safepoint    ] Entering safepoint region: Cleanup
[2019-12-09T04:18:13.041+0000][1][safepoint    ] Leaving safepoint region
[2019-12-09T04:18:13.041+0000][1][safepoint    ] Total time for which application threads were stopped: 0.0000894 seconds, Stopping threads took: 0.0000200 seconds
[2019-12-09T04:18:14.041+0000][1][safepoint    ] Application time: 1.0000830 seconds
[2019-12-09T04:18:14.041+0000][1][safepoint    ] Entering safepoint region: Cleanup
[2019-12-09T04:18:14.041+0000][1][safepoint    ] Leaving safepoint region
[2019-12-09T04:18:14.041+0000][1][safepoint    ] Total time for which application threads were stopped: 0.0000890 seconds, Stopping threads took: 0.0000202 seconds
[2019-12-09T04:18:15.042+0000][1][safepoint    ] Application time: 1.0000829 seconds
[2019-12-09T04:18:15.042+0000][1][safepoint    ] Entering safepoint region: Cleanup
[2019-12-09T04:18:15.042+0000][1][safepoint    ] Leaving safepoint region
[2019-12-09T04:18:15.042+0000][1][safepoint    ] Total time for which application threads were stopped: 0.0001039 seconds, Stopping threads took: 0.0000201 seconds
[2019-12-09T04:18:16.042+0000][1][safepoint    ] Application time: 1.0000782 seconds
[2019-12-09T04:18:16.042+0000][1][safepoint    ] Entering safepoint region: Cleanup
[2019-12-09T04:18:16.042+0000][1][safepoint    ] Leaving safepoint region
[2019-12-09T04:18:16.042+0000][1][safepoint    ] Total time for which application threads were stopped: 0.0000893 seconds, Stopping threads took: 0.0000198 seconds
[2019-12-09T04:18:17.042+0000][1][safepoint    ] Application time: 1.0000781 seconds
[2019-12-09T04:18:17.042+0000][1][safepoint    ] Entering safepoint region: Cleanup
[2019-12-09T04:18:17.042+0000][1][safepoint    ] Leaving safepoint region
[2019-12-09T04:18:17.042+0000][1][safepoint    ] Total time for which application threads were stopped: 0.0000894 seconds, Stopping threads took: 0.0000198 seconds
[2019-12-09T04:18:18.042+0000][1][safepoint    ] Application time: 1.0000764 seconds
[2019-12-09T04:18:18.042+0000][1][safepoint    ] Entering safepoint region: Cleanup
[2019-12-09T04:18:18.042+0000][1][safepoint    ] Leaving safepoint region
[2019-12-09T04:18:18.042+0000][1][safepoint    ] Total time for which application threads were stopped: 0.0000912 seconds, Stopping threads took: 0.0000188 seconds
[2019-12-09T04:18:19.042+0000][1][safepoint    ] Application time: 1.0000763 seconds
[2019-12-09T04:18:19.042+0000][1][safepoint    ] Entering safepoint region: Cleanup
[2019-12-09T04:18:19.043+0000][1][safepoint    ] Leaving safepoint region
[2019-12-09T04:18:19.043+0000][1][safepoint    ] Total time for which application threads were stopped: 0.0000936 seconds, Stopping threads took: 0.0000236 seconds
[2019-12-09T04:18:20.043+0000][1][safepoint    ] Application time: 1.0000770 seconds
[2019-12-09T04:18:20.043+0000][1][safepoint    ] Entering safepoint region: Cleanup
[2019-12-09T04:18:20.043+0000][1][safepoint    ] Leaving safepoint region
[2019-12-09T04:18:20.043+0000][1][safepoint    ] Total time for which application threads were stopped: 0.0001017 seconds, Stopping threads took: 0.0000313 seconds
[2019-12-09T04:18:21.043+0000][1][safepoint    ] Application time: 1.0000776 seconds
[2019-12-09T04:18:21.043+0000][1][safepoint    ] Entering safepoint region: Cleanup
[2019-12-09T04:18:21.043+0000][1][safepoint    ] Leaving safepoint region
[2019-12-09T04:18:21.043+0000][1][safepoint    ] Total time for which application threads were stopped: 0.0000897 seconds, Stopping threads took: 0.0000205 seconds
[2019-12-09T04:18:22.043+0000][1][safepoint    ] Application time: 1.0000758 seconds
[2019-12-09T04:18:22.043+0000][1][safepoint    ] Entering safepoint region: Cleanup
[2019-12-09T04:18:22.043+0000][1][safepoint    ] Leaving safepoint region
[2019-12-09T04:18:22.043+0000][1][safepoint    ] Total time for which application threads were stopped: 0.0000866 seconds, Stopping threads took: 0.0000182 seconds
[2019-12-09T04:18:23.043+0000][1][safepoint    ] Application time: 1.0000744 seconds
[2019-12-09T04:18:23.043+0000][1][safepoint    ] Entering safepoint region: Cleanup
[2019-12-09T04:18:23.043+0000][1][safepoint    ] Leaving safepoint region
[2019-12-09T04:18:23.043+0000][1][safepoint    ] Total time for which application threads were stopped: 0.0000850 seconds, Stopping threads took: 0.0000189 seconds
[2019-12-09T04:18:24.043+0000][1][safepoint    ] Application time: 1.0000818 seconds
[2019-12-09T04:18:24.044+0000][1][safepoint    ] Entering safepoint region: Cleanup
[2019-12-09T04:18:24.044+0000][1][safepoint    ] Leaving safepoint region
[2019-12-09T04:18:24.044+0000][1][safepoint    ] Total time for which application threads were stopped: 0.0001106 seconds, Stopping threads took: 0.0000193 seconds
[2019-12-09T04:18:25.044+0000][1][safepoint    ] Application time: 1.0000817 seconds
[2019-12-09T04:18:25.044+0000][1][safepoint    ] Entering safepoint region: Cleanup
[2019-12-09T04:18:25.044+0000][1][safepoint    ] Leaving safepoint region
[2019-12-09T04:18:25.044+0000][1][safepoint    ] Total time for which application threads were stopped: 0.0000897 seconds, Stopping threads took: 0.0000210 seconds
[2019-12-09T04:18:26.044+0000][1][safepoint    ] Application time: 1.0000814 seconds
[2019-12-09T04:18:26.044+0000][1][safepoint    ] Entering safepoint region: Cleanup
[2019-12-09T04:18:26.044+0000][1][safepoint    ] Leaving safepoint region
[2019-12-09T04:18:26.044+0000][1][safepoint    ] Total time for which application threads were stopped: 0.0000887 seconds, Stopping threads took: 0.0000190 seconds
[2019-12-09T04:18:27.044+0000][1][safepoint    ] Application time: 1.0000816 seconds
[2019-12-09T04:18:27.044+0000][1][safepoint    ] Entering safepoint region: Cleanup
[2019-12-09T04:18:27.044+0000][1][safepoint    ] Leaving safepoint region
[2019-12-09T04:18:27.044+0000][1][safepoint    ] Total time for which application threads were stopped: 0.0000905 seconds, Stopping threads took: 0.0000200 seconds
[2019-12-09T04:18:28.044+0000][1][safepoint    ] Application time: 1.0000809 seconds
[2019-12-09T04:18:28.044+0000][1][safepoint    ] Entering safepoint region: Cleanup
[2019-12-09T04:18:28.044+0000][1][safepoint    ] Leaving safepoint region
[2019-12-09T04:18:28.044+0000][1][safepoint    ] Total time for which application threads were stopped: 0.0000966 seconds, Stopping threads took: 0.0000278 seconds
[2019-12-09T04:18:29.251+0000][1][safepoint    ] Application time: 1.2065722 seconds
[2019-12-09T04:18:29.251+0000][1][safepoint    ] Entering safepoint region: Cleanup
[2019-12-09T04:18:29.251+0000][1][safepoint    ] Leaving safepoint region
[2019-12-09T04:18:29.251+0000][1][safepoint    ] Total time for which application threads were stopped: 0.0001372 seconds, Stopping threads took: 0.0000241 seconds
[2019-12-09T04:18:30.251+0000][1][safepoint    ] Application time: 1.0000760 seconds
[2019-12-09T04:18:30.251+0000][1][safepoint    ] Entering safepoint region: Cleanup
[2019-12-09T04:18:30.251+0000][1][safepoint    ] Leaving safepoint region
[2019-12-09T04:18:30.251+0000][1][safepoint    ] Total time for which application threads were stopped: 0.0000880 seconds, Stopping threads took: 0.0000199 seconds
[2019-12-09T04:18:31.252+0000][1][safepoint    ] Application time: 1.0000784 seconds
[2019-12-09T04:18:31.252+0000][1][safepoint    ] Entering safepoint region: Cleanup
[2019-12-09T04:18:31.252+0000][1][safepoint    ] Leaving safepoint region
[2019-12-09T04:18:31.252+0000][1][safepoint    ] Total time for which application threads were stopped: 0.0001012 seconds, Stopping threads took: 0.0000196 seconds
[2019-12-09T04:18:32.252+0000][1][safepoint    ] Application time: 1.0000756 seconds
[2019-12-09T04:18:32.252+0000][1][safepoint    ] Entering safepoint region: Cleanup
[2019-12-09T04:18:32.252+0000][1][safepoint    ] Leaving safepoint region
[2019-12-09T04:18:32.252+0000][1][safepoint    ] Total time for which application threads were stopped: 0.0000853 seconds, Stopping threads took: 0.0000179 seconds
[2019-12-09T04:18:33.252+0000][1][safepoint    ] Application time: 1.0000757 seconds
[2019-12-09T04:18:33.252+0000][1][safepoint    ] Entering safepoint region: Cleanup
[2019-12-09T04:18:33.252+0000][1][safepoint    ] Leaving safepoint region
[2019-12-09T04:18:33.252+0000][1][safepoint    ] Total time for which application threads were stopped: 0.0000884 seconds, Stopping threads took: 0.0000196 seconds
[2019-12-09T04:18:34.252+0000][1][safepoint    ] Application time: 1.0000766 seconds
[2019-12-09T04:18:34.252+0000][1][safepoint    ] Entering safepoint region: Cleanup
[2019-12-09T04:18:34.252+0000][1][safepoint    ] Leaving safepoint region
[2019-12-09T04:18:34.252+0000][1][safepoint    ] Total time for which application threads were stopped: 0.0000873 seconds, Stopping threads took: 0.0000183 seconds
[2019-12-09T04:18:35.252+0000][1][safepoint    ] Application time: 1.0000776 seconds
[2019-12-09T04:18:35.252+0000][1][safepoint    ] Entering safepoint region: Cleanup
[2019-12-09T04:18:35.253+0000][1][safepoint    ] Leaving safepoint region
[2019-12-09T04:18:35.253+0000][1][safepoint    ] Total time for which application threads were stopped: 0.0000896 seconds, Stopping threads took: 0.0000194 seconds
[2019-12-09T04:18:36.253+0000][1][safepoint    ] Application time: 1.0000767 seconds
[2019-12-09T04:18:36.253+0000][1][safepoint    ] Entering safepoint region: Cleanup
[2019-12-09T04:18:36.253+0000][1][safepoint    ] Leaving safepoint region
[2019-12-09T04:18:36.253+0000][1][safepoint    ] Total time for which application threads were stopped: 0.0001027 seconds, Stopping threads took: 0.0000201 seconds
[2019-12-09T04:18:37.253+0000][1][safepoint    ] Application time: 1.0000783 seconds
[2019-12-09T04:18:37.253+0000][1][safepoint    ] Entering safepoint region: Cleanup
[2019-12-09T04:18:37.253+0000][1][safepoint    ] Leaving safepoint region
[2019-12-09T04:18:37.253+0000][1][safepoint    ] Total time for which application threads were stopped: 0.0000898 seconds, Stopping threads took: 0.0000203 seconds
[2019-12-09T04:18:38.253+0000][1][safepoint    ] Application time: 1.0000765 seconds
[2019-12-09T04:18:38.253+0000][1][safepoint    ] Entering safepoint region: Cleanup
[2019-12-09T04:18:38.253+0000][1][safepoint    ] Leaving safepoint region
[2019-12-09T04:18:38.253+0000][1][safepoint    ] Total time for which application threads were stopped: 0.0000869 seconds, Stopping threads took: 0.0000189 seconds
[2019-12-09T04:18:39.253+0000][1][safepoint    ] Application time: 1.0000777 seconds
[2019-12-09T04:18:39.253+0000][1][safepoint    ] Entering safepoint region: Cleanup
[2019-12-09T04:18:39.253+0000][1][safepoint    ] Leaving safepoint region
[2019-12-09T04:18:39.253+0000][1][safepoint    ] Total time for which application threads were stopped: 0.0000915 seconds, Stopping threads took: 0.0000202 seconds
[2019-12-09T04:18:40.253+0000][1][safepoint    ] Application time: 1.0000780 seconds
[2019-12-09T04:18:40.254+0000][1][safepoint    ] Entering safepoint region: Cleanup
[2019-12-09T04:18:40.254+0000][1][safepoint    ] Leaving safepoint region
[2019-12-09T04:18:40.254+0000][1][safepoint    ] Total time for which application threads were stopped: 0.0000882 seconds, Stopping threads took: 0.0000182 seconds
[2019-12-09T04:18:41.254+0000][1][safepoint    ] Application time: 1.0000863 seconds
[2019-12-09T04:18:41.254+0000][1][safepoint    ] Entering safepoint region: Cleanup
[2019-12-09T04:18:41.254+0000][1][safepoint    ] Leaving safepoint region
[2019-12-09T04:18:41.254+0000][1][safepoint    ] Total time for which application threads were stopped: 0.0000897 seconds, Stopping threads took: 0.0000187 seconds
[2019-12-09T04:18:42.254+0000][1][safepoint    ] Application time: 1.0000768 seconds
[2019-12-09T04:18:42.254+0000][1][safepoint    ] Entering safepoint region: Cleanup
[2019-12-09T04:18:42.254+0000][1][safepoint    ] Leaving safepoint region
[2019-12-09T04:18:42.254+0000][1][safepoint    ] Total time for which application threads were stopped: 0.0000854 seconds, Stopping threads took: 0.0000182 seconds
[2019-12-09T04:18:43.254+0000][1][safepoint    ] Application time: 1.0000758 seconds
[2019-12-09T04:18:43.254+0000][1][safepoint    ] Entering safepoint region: Cleanup
[2019-12-09T04:18:43.254+0000][1][safepoint    ] Leaving safepoint region
[2019-12-09T04:18:43.254+0000][1][safepoint    ] Total time for which application threads were stopped: 0.0000948 seconds, Stopping threads took: 0.0000275 seconds
[2019-12-09T04:18:44.254+0000][1][safepoint    ] Application time: 1.0000765 seconds
[2019-12-09T04:18:44.254+0000][1][safepoint    ] Entering safepoint region: Cleanup
[2019-12-09T04:18:44.254+0000][1][safepoint    ] Leaving safepoint region
[2019-12-09T04:18:44.254+0000][1][safepoint    ] Total time for which application threads were stopped: 0.0000937 seconds, Stopping threads took: 0.0000212 seconds
[2019-12-09T04:18:45.255+0000][1][safepoint    ] Application time: 1.0000775 seconds
[2019-12-09T04:18:45.255+0000][1][safepoint    ] Entering safepoint region: Cleanup
[2019-12-09T04:18:45.255+0000][1][safepoint    ] Leaving safepoint region
[2019-12-09T04:18:45.255+0000][1][safepoint    ] Total time for which application threads were stopped: 0.0000888 seconds, Stopping threads took: 0.0000190 seconds
[2019-12-09T04:18:46.255+0000][1][safepoint    ] Application time: 1.0000873 seconds
[2019-12-09T04:18:46.255+0000][1][safepoint    ] Entering safepoint region: Cleanup
[2019-12-09T04:18:46.255+0000][1][safepoint    ] Leaving safepoint region
[2019-12-09T04:18:46.255+0000][1][safepoint    ] Total time for which application threads were stopped: 0.0000926 seconds, Stopping threads took: 0.0000213 seconds
[2019-12-09T04:18:47.255+0000][1][safepoint    ] Application time: 1.0000772 seconds
[2019-12-09T04:18:47.255+0000][1][safepoint    ] Entering safepoint region: Cleanup
[2019-12-09T04:18:47.255+0000][1][safepoint    ] Leaving safepoint region
[2019-12-09T04:18:47.255+0000][1][safepoint    ] Total time for which application threads were stopped: 0.0000870 seconds, Stopping threads took: 0.0000195 seconds
[2019-12-09T04:18:48.255+0000][1][safepoint    ] Application time: 1.0000758 seconds
[2019-12-09T04:18:48.255+0000][1][safepoint    ] Entering safepoint region: Cleanup
[2019-12-09T04:18:48.255+0000][1][safepoint    ] Leaving safepoint region
[2019-12-09T04:18:48.255+0000][1][safepoint    ] Total time for which application threads were stopped: 0.0000845 seconds, Stopping threads took: 0.0000172 seconds
[2019-12-09T04:18:49.255+0000][1][safepoint    ] Application time: 1.0000754 seconds
[2019-12-09T04:18:49.255+0000][1][safepoint    ] Entering safepoint region: Cleanup
[2019-12-09T04:18:49.256+0000][1][safepoint    ] Leaving safepoint region
[2019-12-09T04:18:49.256+0000][1][safepoint    ] Total time for which application threads were stopped: 0.0000946 seconds, Stopping threads took: 0.0000188 seconds
[2019-12-09T04:18:50.256+0000][1][safepoint    ] Application time: 1.0000771 seconds
[2019-12-09T04:18:50.256+0000][1][safepoint    ] Entering safepoint region: Cleanup
[2019-12-09T04:18:50.256+0000][1][safepoint    ] Leaving safepoint region
[2019-12-09T04:18:50.256+0000][1][safepoint    ] Total time for which application threads were stopped: 0.0000954 seconds, Stopping threads took: 0.0000188 seconds
[2019-12-09T04:18:51.256+0000][1][safepoint    ] Application time: 1.0000771 seconds
[2019-12-09T04:18:51.256+0000][1][safepoint    ] Entering safepoint region: Cleanup
[2019-12-09T04:18:51.256+0000][1][safepoint    ] Leaving safepoint region
[2019-12-09T04:18:51.256+0000][1][safepoint    ] Total time for which application threads were stopped: 0.0000884 seconds, Stopping threads took: 0.0000198 seconds
[2019-12-09T04:18:51.388+0000][1][safepoint    ] Application time: 0.1319491 seconds
[2019-12-09T04:18:51.388+0000][1][safepoint    ] Entering safepoint region: GenCollectForAllocation
[2019-12-09T04:18:51.388+0000][1][gc,start     ] GC(62) Pause Young (Allocation Failure)
[2019-12-09T04:18:51.388+0000][1][gc,task      ] GC(62) Using 2 workers of 2 for evacuation
[2019-12-09T04:18:51.392+0000][1][gc,age       ] GC(62) Desired survivor size 4456448 bytes, new threshold 6 (max threshold 6)
[2019-12-09T04:18:51.392+0000][1][gc,age       ] GC(62) Age table with threshold 6 (max threshold 6)
[2019-12-09T04:18:51.392+0000][1][gc,age       ] GC(62) - age   1:       7592 bytes,       7592 total
[2019-12-09T04:18:51.392+0000][1][gc,age       ] GC(62) - age   2:       4248 bytes,      11840 total
[2019-12-09T04:18:51.392+0000][1][gc,age       ] GC(62) - age   3:       2712 bytes,      14552 total
[2019-12-09T04:18:51.392+0000][1][gc,age       ] GC(62) - age   4:       2328 bytes,      16880 total
[2019-12-09T04:18:51.392+0000][1][gc,age       ] GC(62) - age   5:       3296 bytes,      20176 total
[2019-12-09T04:18:51.392+0000][1][gc,age       ] GC(62) - age   6:        232 bytes,      20408 total
[2019-12-09T04:18:51.392+0000][1][gc,heap      ] GC(62) ParNew: 69962K->21K(78656K)
[2019-12-09T04:18:51.392+0000][1][gc,heap      ] GC(62) CMS: 119371K->119374K(174784K)
[2019-12-09T04:18:51.392+0000][1][gc,metaspace ] GC(62) Metaspace: 83462K->83462K(1126400K)
[2019-12-09T04:18:51.392+0000][1][gc           ] GC(62) Pause Young (Allocation Failure) 184M->116M(247M) 3.936ms
[2019-12-09T04:18:51.392+0000][1][gc,cpu       ] GC(62) User=0.01s Sys=0.00s Real=0.00s
[2019-12-09T04:18:51.392+0000][1][safepoint    ] Leaving safepoint region
[2019-12-09T04:18:51.392+0000][1][safepoint    ] Total time for which application threads were stopped: 0.0041581 seconds, Stopping threads took: 0.0000550 seconds
[2019-12-09T04:18:52.392+0000][1][safepoint    ] Application time: 1.0000857 seconds
[2019-12-09T04:18:52.392+0000][1][safepoint    ] Entering safepoint region: Cleanup
[2019-12-09T04:18:52.392+0000][1][safepoint    ] Leaving safepoint region
[2019-12-09T04:18:52.392+0000][1][safepoint    ] Total time for which application threads were stopped: 0.0000838 seconds, Stopping threads took: 0.0000180 seconds
[2019-12-09T04:18:53.392+0000][1][safepoint    ] Application time: 1.0000761 seconds
[2019-12-09T04:18:53.392+0000][1][safepoint    ] Entering safepoint region: Cleanup
[2019-12-09T04:18:53.392+0000][1][safepoint    ] Leaving safepoint region
[2019-12-09T04:18:53.392+0000][1][safepoint    ] Total time for which application threads were stopped: 0.0000827 seconds, Stopping threads took: 0.0000178 seconds
[2019-12-09T04:18:54.393+0000][1][safepoint    ] Application time: 1.0000756 seconds
[2019-12-09T04:18:54.393+0000][1][safepoint    ] Entering safepoint region: Cleanup
[2019-12-09T04:18:54.393+0000][1][safepoint    ] Leaving safepoint region
[2019-12-09T04:18:54.393+0000][1][safepoint    ] Total time for which application threads were stopped: 0.0000801 seconds, Stopping threads took: 0.0000157 seconds
[2019-12-09T04:18:55.393+0000][1][safepoint    ] Application time: 1.0000830 seconds
[2019-12-09T04:18:55.393+0000][1][safepoint    ] Entering safepoint region: Cleanup
[2019-12-09T04:18:55.393+0000][1][safepoint    ] Leaving safepoint region
[2019-12-09T04:18:55.393+0000][1][safepoint    ] Total time for which application threads were stopped: 0.0000846 seconds, Stopping threads took: 0.0000188 seconds
[2019-12-09T04:18:56.393+0000][1][safepoint    ] Application time: 1.0000749 seconds
[2019-12-09T04:18:56.393+0000][1][safepoint    ] Entering safepoint region: Cleanup
[2019-12-09T04:18:56.393+0000][1][safepoint    ] Leaving safepoint region
[2019-12-09T04:18:56.393+0000][1][safepoint    ] Total time for which application threads were stopped: 0.0000897 seconds, Stopping threads took: 0.0000186 seconds
[2019-12-09T04:18:57.393+0000][1][safepoint    ] Application time: 1.0000745 seconds
[2019-12-09T04:18:57.393+0000][1][safepoint    ] Entering safepoint region: Cleanup
[2019-12-09T04:18:57.393+0000][1][safepoint    ] Leaving safepoint region
[2019-12-09T04:18:57.393+0000][1][safepoint    ] Total time for which application threads were stopped: 0.0000841 seconds, Stopping threads took: 0.0000175 seconds
[2019-12-09T04:18:58.393+0000][1][safepoint    ] Application time: 1.0000759 seconds
[2019-12-09T04:18:58.393+0000][1][safepoint    ] Entering safepoint region: Cleanup
[2019-12-09T04:18:58.393+0000][1][safepoint    ] Leaving safepoint region
[2019-12-09T04:18:58.393+0000][1][safepoint    ] Total time for which application threads were stopped: 0.0000947 seconds, Stopping threads took: 0.0000186 seconds
[2019-12-09T04:18:59.394+0000][1][safepoint    ] Application time: 1.0000767 seconds
[2019-12-09T04:18:59.394+0000][1][safepoint    ] Entering safepoint region: Cleanup
[2019-12-09T04:18:59.394+0000][1][safepoint    ] Leaving safepoint region
[2019-12-09T04:18:59.394+0000][1][safepoint    ] Total time for which application threads were stopped: 0.0000845 seconds, Stopping threads took: 0.0000192 seconds
[2019-12-09T04:19:00.394+0000][1][safepoint    ] Application time: 1.0000744 seconds
[2019-12-09T04:19:00.394+0000][1][safepoint    ] Entering safepoint region: Cleanup
[2019-12-09T04:19:00.394+0000][1][safepoint    ] Leaving safepoint region
[2019-12-09T04:19:00.394+0000][1][safepoint    ] Total time for which application threads were stopped: 0.0000817 seconds, Stopping threads took: 0.0000191 seconds
[2019-12-09T04:19:01.394+0000][1][safepoint    ] Application time: 1.0000750 seconds
[2019-12-09T04:19:01.394+0000][1][safepoint    ] Entering safepoint region: Cleanup
[2019-12-09T04:19:01.394+0000][1][safepoint    ] Leaving safepoint region
[2019-12-09T04:19:01.394+0000][1][safepoint    ] Total time for which application threads were stopped: 0.0000854 seconds, Stopping threads took: 0.0000189 seconds
[2019-12-09T04:19:02.394+0000][1][safepoint    ] Application time: 1.0000760 seconds
[2019-12-09T04:19:02.394+0000][1][safepoint    ] Entering safepoint region: Cleanup
[2019-12-09T04:19:02.394+0000][1][safepoint    ] Leaving safepoint region
[2019-12-09T04:19:02.394+0000][1][safepoint    ] Total time for which application threads were stopped: 0.0000829 seconds, Stopping threads took: 0.0000186 seconds
[2019-12-09T04:19:03.394+0000][1][safepoint    ] Application time: 1.0000748 seconds
[2019-12-09T04:19:03.394+0000][1][safepoint    ] Entering safepoint region: Cleanup
[2019-12-09T04:19:03.394+0000][1][safepoint    ] Leaving safepoint region
[2019-12-09T04:19:03.394+0000][1][safepoint    ] Total time for which application threads were stopped: 0.0000802 seconds, Stopping threads took: 0.0000175 seconds
[2019-12-09T04:19:04.394+0000][1][safepoint    ] Application time: 1.0000757 seconds
[2019-12-09T04:19:04.394+0000][1][safepoint    ] Entering safepoint region: Cleanup
[2019-12-09T04:19:04.395+0000][1][safepoint    ] Leaving safepoint region
[2019-12-09T04:19:04.395+0000][1][safepoint    ] Total time for which application threads were stopped: 0.0000861 seconds, Stopping threads took: 0.0000198 seconds
[2019-12-09T04:19:05.395+0000][1][safepoint    ] Application time: 1.0000755 seconds
[2019-12-09T04:19:05.395+0000][1][safepoint    ] Entering safepoint region: Cleanup
[2019-12-09T04:19:05.395+0000][1][safepoint    ] Leaving safepoint region
[2019-12-09T04:19:05.395+0000][1][safepoint    ] Total time for which application threads were stopped: 0.0000944 seconds, Stopping threads took: 0.0000171 seconds
[2019-12-09T04:19:06.395+0000][1][safepoint    ] Application time: 1.0000758 seconds
[2019-12-09T04:19:06.395+0000][1][safepoint    ] Entering safepoint region: Cleanup
[2019-12-09T04:19:06.395+0000][1][safepoint    ] Leaving safepoint region
[2019-12-09T04:19:06.395+0000][1][safepoint    ] Total time for which application threads were stopped: 0.0000973 seconds, Stopping threads took: 0.0000209 seconds
[2019-12-09T04:19:07.395+0000][1][safepoint    ] Application time: 1.0000767 seconds
[2019-12-09T04:19:07.395+0000][1][safepoint    ] Entering safepoint region: Cleanup
[2019-12-09T04:19:07.395+0000][1][safepoint    ] Leaving safepoint region
[2019-12-09T04:19:07.395+0000][1][safepoint    ] Total time for which application threads were stopped: 0.0000846 seconds, Stopping threads took: 0.0000198 seconds
[2019-12-09T04:19:08.395+0000][1][safepoint    ] Application time: 1.0000770 seconds
[2019-12-09T04:19:08.395+0000][1][safepoint    ] Entering safepoint region: Cleanup
[2019-12-09T04:19:08.395+0000][1][safepoint    ] Leaving safepoint region
[2019-12-09T04:19:08.395+0000][1][safepoint    ] Total time for which application threads were stopped: 0.0000820 seconds, Stopping threads took: 0.0000184 seconds
[2019-12-09T04:19:10.273+0000][1][safepoint    ] Application time: 1.8771997 seconds
[2019-12-09T04:19:10.273+0000][1][safepoint    ] Entering safepoint region: Cleanup
[2019-12-09T04:19:10.273+0000][1][safepoint    ] Leaving safepoint region
[2019-12-09T04:19:10.273+0000][1][safepoint    ] Total time for which application threads were stopped: 0.0000877 seconds, Stopping threads took: 0.0000157 seconds
[2019-12-09T04:19:11.273+0000][1][safepoint    ] Application time: 1.0000746 seconds
[2019-12-09T04:19:11.273+0000][1][safepoint    ] Entering safepoint region: Cleanup
[2019-12-09T04:19:11.273+0000][1][safepoint    ] Leaving safepoint region
[2019-12-09T04:19:11.273+0000][1][safepoint    ] Total time for which application threads were stopped: 0.0000837 seconds, Stopping threads took: 0.0000177 seconds
[2019-12-09T04:19:12.273+0000][1][safepoint    ] Application time: 1.0000752 seconds
[2019-12-09T04:19:12.273+0000][1][safepoint    ] Entering safepoint region: Cleanup
[2019-12-09T04:19:12.273+0000][1][safepoint    ] Leaving safepoint region
[2019-12-09T04:19:12.273+0000][1][safepoint    ] Total time for which application threads were stopped: 0.0000839 seconds, Stopping threads took: 0.0000174 seconds
[2019-12-09T04:19:13.274+0000][1][safepoint    ] Application time: 1.0006560 seconds
[2019-12-09T04:19:13.274+0000][1][safepoint    ] Entering safepoint region: Cleanup
[2019-12-09T04:19:13.274+0000][1][safepoint    ] Leaving safepoint region
[2019-12-09T04:19:13.274+0000][1][safepoint    ] Total time for which application threads were stopped: 0.0001322 seconds, Stopping threads took: 0.0000348 seconds
[2019-12-09T04:19:14.274+0000][1][safepoint    ] Application time: 1.0000762 seconds
[2019-12-09T04:19:14.274+0000][1][safepoint    ] Entering safepoint region: Cleanup
[2019-12-09T04:19:14.274+0000][1][safepoint    ] Leaving safepoint region
[2019-12-09T04:19:14.274+0000][1][safepoint    ] Total time for which application threads were stopped: 0.0000846 seconds, Stopping threads took: 0.0000172 seconds
[2019-12-09T04:19:15.274+0000][1][safepoint    ] Application time: 1.0000789 seconds
[2019-12-09T04:19:15.274+0000][1][safepoint    ] Entering safepoint region: Cleanup
[2019-12-09T04:19:15.274+0000][1][safepoint    ] Leaving safepoint region
[2019-12-09T04:19:15.274+0000][1][safepoint    ] Total time for which application threads were stopped: 0.0000905 seconds, Stopping threads took: 0.0000219 seconds
[2019-12-09T04:19:16.274+0000][1][safepoint    ] Application time: 1.0000815 seconds
[2019-12-09T04:19:16.274+0000][1][safepoint    ] Entering safepoint region: Cleanup
[2019-12-09T04:19:16.275+0000][1][safepoint    ] Leaving safepoint region
[2019-12-09T04:19:16.275+0000][1][safepoint    ] Total time for which application threads were stopped: 0.0000926 seconds, Stopping threads took: 0.0000239 seconds
[2019-12-09T04:19:17.275+0000][1][safepoint    ] Application time: 1.0000752 seconds
[2019-12-09T04:19:17.275+0000][1][safepoint    ] Entering safepoint region: Cleanup
[2019-12-09T04:19:17.275+0000][1][safepoint    ] Leaving safepoint region
[2019-12-09T04:19:17.275+0000][1][safepoint    ] Total time for which application threads were stopped: 0.0001051 seconds, Stopping threads took: 0.0000299 seconds
[2019-12-09T04:19:18.275+0000][1][safepoint    ] Application time: 1.0000765 seconds
[2019-12-09T04:19:18.275+0000][1][safepoint    ] Entering safepoint region: Cleanup
[2019-12-09T04:19:18.275+0000][1][safepoint    ] Leaving safepoint region
[2019-12-09T04:19:18.275+0000][1][safepoint    ] Total time for which application threads were stopped: 0.0000847 seconds, Stopping threads took: 0.0000176 seconds
[2019-12-09T04:19:19.275+0000][1][safepoint    ] Application time: 1.0000746 seconds
[2019-12-09T04:19:19.275+0000][1][safepoint    ] Entering safepoint region: Cleanup
[2019-12-09T04:19:19.275+0000][1][safepoint    ] Leaving safepoint region
[2019-12-09T04:19:19.275+0000][1][safepoint    ] Total time for which application threads were stopped: 0.0000879 seconds, Stopping threads took: 0.0000188 seconds
[2019-12-09T04:19:20.275+0000][1][safepoint    ] Application time: 1.0000741 seconds
[2019-12-09T04:19:20.275+0000][1][safepoint    ] Entering safepoint region: Cleanup
[2019-12-09T04:19:20.275+0000][1][safepoint    ] Leaving safepoint region
[2019-12-09T04:19:20.275+0000][1][safepoint    ] Total time for which application threads were stopped: 0.0000830 seconds, Stopping threads took: 0.0000165 seconds
[2019-12-09T04:19:21.275+0000][1][safepoint    ] Application time: 1.0000755 seconds
[2019-12-09T04:19:21.276+0000][1][safepoint    ] Entering safepoint region: Cleanup
[2019-12-09T04:19:21.276+0000][1][safepoint    ] Leaving safepoint region
[2019-12-09T04:19:21.276+0000][1][safepoint    ] Total time for which application threads were stopped: 0.0000841 seconds, Stopping threads took: 0.0000180 seconds
[2019-12-09T04:19:22.276+0000][1][safepoint    ] Application time: 1.0000749 seconds
[2019-12-09T04:19:22.276+0000][1][safepoint    ] Entering safepoint region: Cleanup
[2019-12-09T04:19:22.276+0000][1][safepoint    ] Leaving safepoint region
[2019-12-09T04:19:22.276+0000][1][safepoint    ] Total time for which application threads were stopped: 0.0000887 seconds, Stopping threads took: 0.0000180 seconds
[2019-12-09T04:19:23.276+0000][1][safepoint    ] Application time: 1.0000753 seconds
[2019-12-09T04:19:23.276+0000][1][safepoint    ] Entering safepoint region: Cleanup
[2019-12-09T04:19:23.276+0000][1][safepoint    ] Leaving safepoint region
[2019-12-09T04:19:23.276+0000][1][safepoint    ] Total time for which application threads were stopped: 0.0000874 seconds, Stopping threads took: 0.0000186 seconds
[2019-12-09T04:19:24.276+0000][1][safepoint    ] Application time: 1.0000750 seconds
[2019-12-09T04:19:24.276+0000][1][safepoint    ] Entering safepoint region: Cleanup
[2019-12-09T04:19:24.276+0000][1][safepoint    ] Leaving safepoint region
[2019-12-09T04:19:24.276+0000][1][safepoint    ] Total time for which application threads were stopped: 0.0000851 seconds, Stopping threads took: 0.0000181 seconds
[2019-12-09T04:19:25.629+0000][1][safepoint    ] Application time: 1.3523958 seconds
[2019-12-09T04:19:25.629+0000][1][safepoint    ] Entering safepoint region: Cleanup
[2019-12-09T04:19:25.629+0000][1][safepoint    ] Leaving safepoint region
[2019-12-09T04:19:25.629+0000][1][safepoint    ] Total time for which application threads were stopped: 0.0001179 seconds, Stopping threads took: 0.0000178 seconds
[2019-12-09T04:19:26.629+0000][1][safepoint    ] Application time: 1.0000783 seconds
[2019-12-09T04:19:26.629+0000][1][safepoint    ] Entering safepoint region: Cleanup
[2019-12-09T04:19:26.629+0000][1][safepoint    ] Leaving safepoint region
[2019-12-09T04:19:26.629+0000][1][safepoint    ] Total time for which application threads were stopped: 0.0000832 seconds, Stopping threads took: 0.0000176 seconds
[2019-12-09T04:19:27.629+0000][1][safepoint    ] Application time: 1.0000807 seconds
[2019-12-09T04:19:27.629+0000][1][safepoint    ] Entering safepoint region: Cleanup
[2019-12-09T04:19:27.629+0000][1][safepoint    ] Leaving safepoint region
[2019-12-09T04:19:27.629+0000][1][safepoint    ] Total time for which application threads were stopped: 0.0001194 seconds, Stopping threads took: 0.0000312 seconds
[2019-12-09T04:19:28.629+0000][1][safepoint    ] Application time: 1.0000820 seconds
[2019-12-09T04:19:28.629+0000][1][safepoint    ] Entering safepoint region: Cleanup
[2019-12-09T04:19:28.629+0000][1][safepoint    ] Leaving safepoint region
[2019-12-09T04:19:28.629+0000][1][safepoint    ] Total time for which application threads were stopped: 0.0000870 seconds, Stopping threads took: 0.0000218 seconds
[2019-12-09T04:19:29.629+0000][1][safepoint    ] Application time: 1.0000763 seconds
[2019-12-09T04:19:29.630+0000][1][safepoint    ] Entering safepoint region: Cleanup
[2019-12-09T04:19:29.630+0000][1][safepoint    ] Leaving safepoint region
[2019-12-09T04:19:29.630+0000][1][safepoint    ] Total time for which application threads were stopped: 0.0000846 seconds, Stopping threads took: 0.0000186 seconds
[2019-12-09T04:19:30.630+0000][1][safepoint    ] Application time: 1.0000783 seconds
[2019-12-09T04:19:30.630+0000][1][safepoint    ] Entering safepoint region: Cleanup
[2019-12-09T04:19:30.630+0000][1][safepoint    ] Leaving safepoint region
[2019-12-09T04:19:30.630+0000][1][safepoint    ] Total time for which application threads were stopped: 0.0000883 seconds, Stopping threads took: 0.0000193 seconds
[2019-12-09T04:19:31.630+0000][1][safepoint    ] Application time: 1.0000785 seconds
[2019-12-09T04:19:31.630+0000][1][safepoint    ] Entering safepoint region: Cleanup
[2019-12-09T04:19:31.630+0000][1][safepoint    ] Leaving safepoint region
[2019-12-09T04:19:31.630+0000][1][safepoint    ] Total time for which application threads were stopped: 0.0000857 seconds, Stopping threads took: 0.0000185 seconds
[2019-12-09T04:19:32.630+0000][1][safepoint    ] Application time: 1.0000757 seconds
[2019-12-09T04:19:32.630+0000][1][safepoint    ] Entering safepoint region: Cleanup
[2019-12-09T04:19:32.630+0000][1][safepoint    ] Leaving safepoint region
[2019-12-09T04:19:32.630+0000][1][safepoint    ] Total time for which application threads were stopped: 0.0000836 seconds, Stopping threads took: 0.0000174 seconds
[2019-12-09T04:19:33.630+0000][1][safepoint    ] Application time: 1.0000791 seconds
[2019-12-09T04:19:33.630+0000][1][safepoint    ] Entering safepoint region: Cleanup
[2019-12-09T04:19:33.630+0000][1][safepoint    ] Leaving safepoint region
[2019-12-09T04:19:33.630+0000][1][safepoint    ] Total time for which application threads were stopped: 0.0000851 seconds, Stopping threads took: 0.0000177 seconds
[2019-12-09T04:19:34.630+0000][1][safepoint    ] Application time: 1.0000775 seconds
[2019-12-09T04:19:34.631+0000][1][safepoint    ] Entering safepoint region: Cleanup
[2019-12-09T04:19:34.631+0000][1][safepoint    ] Leaving safepoint region
[2019-12-09T04:19:34.631+0000][1][safepoint    ] Total time for which application threads were stopped: 0.0000850 seconds, Stopping threads took: 0.0000179 seconds
[2019-12-09T04:19:35.631+0000][1][safepoint    ] Application time: 1.0000784 seconds
[2019-12-09T04:19:35.631+0000][1][safepoint    ] Entering safepoint region: Cleanup
[2019-12-09T04:19:35.631+0000][1][safepoint    ] Leaving safepoint region
[2019-12-09T04:19:35.631+0000][1][safepoint    ] Total time for which application threads were stopped: 0.0000843 seconds, Stopping threads took: 0.0000187 seconds
[2019-12-09T04:19:36.631+0000][1][safepoint    ] Application time: 1.0000781 seconds
[2019-12-09T04:19:36.631+0000][1][safepoint    ] Entering safepoint region: Cleanup
[2019-12-09T04:19:36.631+0000][1][safepoint    ] Leaving safepoint region
[2019-12-09T04:19:36.631+0000][1][safepoint    ] Total time for which application threads were stopped: 0.0000876 seconds, Stopping threads took: 0.0000165 seconds
[2019-12-09T04:19:37.631+0000][1][safepoint    ] Application time: 1.0000767 seconds
[2019-12-09T04:19:37.631+0000][1][safepoint    ] Entering safepoint region: Cleanup
[2019-12-09T04:19:37.631+0000][1][safepoint    ] Leaving safepoint region
[2019-12-09T04:19:37.631+0000][1][safepoint    ] Total time for which application threads were stopped: 0.0000865 seconds, Stopping threads took: 0.0000194 seconds
[2019-12-09T04:19:38.631+0000][1][safepoint    ] Application time: 1.0000771 seconds
[2019-12-09T04:19:38.631+0000][1][safepoint    ] Entering safepoint region: Cleanup
[2019-12-09T04:19:38.631+0000][1][safepoint    ] Leaving safepoint region
[2019-12-09T04:19:38.631+0000][1][safepoint    ] Total time for which application threads were stopped: 0.0000849 seconds, Stopping threads took: 0.0000188 seconds
[2019-12-09T04:19:39.631+0000][1][safepoint    ] Application time: 1.0000784 seconds
[2019-12-09T04:19:39.631+0000][1][safepoint    ] Entering safepoint region: Cleanup
[2019-12-09T04:19:39.632+0000][1][safepoint    ] Leaving safepoint region
[2019-12-09T04:19:39.632+0000][1][safepoint    ] Total time for which application threads were stopped: 0.0000849 seconds, Stopping threads took: 0.0000182 seconds
[2019-12-09T04:19:40.632+0000][1][safepoint    ] Application time: 1.0000782 seconds
[2019-12-09T04:19:40.632+0000][1][safepoint    ] Entering safepoint region: Cleanup
[2019-12-09T04:19:40.632+0000][1][safepoint    ] Leaving safepoint region
[2019-12-09T04:19:40.632+0000][1][safepoint    ] Total time for which application threads were stopped: 0.0000873 seconds, Stopping threads took: 0.0000187 seconds
[2019-12-09T04:19:41.632+0000][1][safepoint    ] Application time: 1.0000759 seconds
[2019-12-09T04:19:41.632+0000][1][safepoint    ] Entering safepoint region: Cleanup
[2019-12-09T04:19:41.632+0000][1][safepoint    ] Leaving safepoint region
[2019-12-09T04:19:41.632+0000][1][safepoint    ] Total time for which application threads were stopped: 0.0000832 seconds, Stopping threads took: 0.0000176 seconds
[2019-12-09T04:19:42.632+0000][1][safepoint    ] Application time: 1.0000778 seconds
[2019-12-09T04:19:42.632+0000][1][safepoint    ] Entering safepoint region: Cleanup
[2019-12-09T04:19:42.632+0000][1][safepoint    ] Leaving safepoint region
[2019-12-09T04:19:42.632+0000][1][safepoint    ] Total time for which application threads were stopped: 0.0000863 seconds, Stopping threads took: 0.0000185 seconds
[2019-12-09T04:19:43.632+0000][1][safepoint    ] Application time: 1.0000773 seconds
[2019-12-09T04:19:43.632+0000][1][safepoint    ] Entering safepoint region: Cleanup
[2019-12-09T04:19:43.632+0000][1][safepoint    ] Leaving safepoint region
[2019-12-09T04:19:43.632+0000][1][safepoint    ] Total time for which application threads were stopped: 0.0000836 seconds, Stopping threads took: 0.0000179 seconds
[2019-12-09T04:19:44.632+0000][1][safepoint    ] Application time: 1.0000791 seconds
[2019-12-09T04:19:44.632+0000][1][safepoint    ] Entering safepoint region: Cleanup
[2019-12-09T04:19:44.633+0000][1][safepoint    ] Leaving safepoint region
[2019-12-09T04:19:44.633+0000][1][safepoint    ] Total time for which application threads were stopped: 0.0000875 seconds, Stopping threads took: 0.0000183 seconds
[2019-12-09T04:19:45.633+0000][1][safepoint    ] Application time: 1.0000795 seconds
[2019-12-09T04:19:45.633+0000][1][safepoint    ] Entering safepoint region: Cleanup
[2019-12-09T04:19:45.633+0000][1][safepoint    ] Leaving safepoint region
[2019-12-09T04:19:45.633+0000][1][safepoint    ] Total time for which application threads were stopped: 0.0001014 seconds, Stopping threads took: 0.0000312 seconds
[2019-12-09T04:19:46.633+0000][1][safepoint    ] Application time: 1.0000771 seconds
[2019-12-09T04:19:46.633+0000][1][safepoint    ] Entering safepoint region: Cleanup
[2019-12-09T04:19:46.633+0000][1][safepoint    ] Leaving safepoint region
[2019-12-09T04:19:46.633+0000][1][safepoint    ] Total time for which application threads were stopped: 0.0000862 seconds, Stopping threads took: 0.0000184 seconds
[2019-12-09T04:19:47.633+0000][1][safepoint    ] Application time: 1.0000770 seconds
[2019-12-09T04:19:47.633+0000][1][safepoint    ] Entering safepoint region: Cleanup
[2019-12-09T04:19:47.633+0000][1][safepoint    ] Leaving safepoint region
[2019-12-09T04:19:47.633+0000][1][safepoint    ] Total time for which application threads were stopped: 0.0000862 seconds, Stopping threads took: 0.0000191 seconds
[2019-12-09T04:19:48.633+0000][1][safepoint    ] Application time: 1.0000770 seconds
[2019-12-09T04:19:48.633+0000][1][safepoint    ] Entering safepoint region: Cleanup
[2019-12-09T04:19:48.633+0000][1][safepoint    ] Leaving safepoint region
[2019-12-09T04:19:48.633+0000][1][safepoint    ] Total time for which application threads were stopped: 0.0000840 seconds, Stopping threads took: 0.0000170 seconds
[2019-12-09T04:19:49.633+0000][1][safepoint    ] Application time: 1.0000753 seconds
[2019-12-09T04:19:49.633+0000][1][safepoint    ] Entering safepoint region: Cleanup
[2019-12-09T04:19:49.634+0000][1][safepoint    ] Leaving safepoint region
[2019-12-09T04:19:49.634+0000][1][safepoint    ] Total time for which application threads were stopped: 0.0000853 seconds, Stopping threads took: 0.0000195 seconds
[2019-12-09T04:19:50.634+0000][1][safepoint    ] Application time: 1.0000800 seconds
[2019-12-09T04:19:50.634+0000][1][safepoint    ] Entering safepoint region: Cleanup
[2019-12-09T04:19:50.634+0000][1][safepoint    ] Leaving safepoint region
[2019-12-09T04:19:50.634+0000][1][safepoint    ] Total time for which application threads were stopped: 0.0000931 seconds, Stopping threads took: 0.0000229 seconds
[2019-12-09T04:19:51.634+0000][1][safepoint    ] Application time: 1.0000761 seconds
[2019-12-09T04:19:51.634+0000][1][safepoint    ] Entering safepoint region: Cleanup
[2019-12-09T04:19:51.634+0000][1][safepoint    ] Leaving safepoint region
[2019-12-09T04:19:51.634+0000][1][safepoint    ] Total time for which application threads were stopped: 0.0000896 seconds, Stopping threads took: 0.0000219 seconds
[2019-12-09T04:19:52.634+0000][1][safepoint    ] Application time: 1.0000770 seconds
[2019-12-09T04:19:52.634+0000][1][safepoint    ] Entering safepoint region: Cleanup
[2019-12-09T04:19:52.634+0000][1][safepoint    ] Leaving safepoint region
[2019-12-09T04:19:52.634+0000][1][safepoint    ] Total time for which application threads were stopped: 0.0000867 seconds, Stopping threads took: 0.0000187 seconds
[2019-12-09T04:19:53.634+0000][1][safepoint    ] Application time: 1.0000763 seconds
[2019-12-09T04:19:53.634+0000][1][safepoint    ] Entering safepoint region: Cleanup
[2019-12-09T04:19:53.634+0000][1][safepoint    ] Leaving safepoint region
[2019-12-09T04:19:53.634+0000][1][safepoint    ] Total time for which application threads were stopped: 0.0000891 seconds, Stopping threads took: 0.0000203 seconds
[2019-12-09T04:19:54.634+0000][1][safepoint    ] Application time: 1.0000768 seconds
[2019-12-09T04:19:54.635+0000][1][safepoint    ] Entering safepoint region: Cleanup
[2019-12-09T04:19:54.635+0000][1][safepoint    ] Leaving safepoint region
[2019-12-09T04:19:54.635+0000][1][safepoint    ] Total time for which application threads were stopped: 0.0000864 seconds, Stopping threads took: 0.0000190 seconds
[2019-12-09T04:19:55.635+0000][1][safepoint    ] Application time: 1.0000783 seconds
[2019-12-09T04:19:55.635+0000][1][safepoint    ] Entering safepoint region: Cleanup
[2019-12-09T04:19:55.635+0000][1][safepoint    ] Leaving safepoint region
[2019-12-09T04:19:55.635+0000][1][safepoint    ] Total time for which application threads were stopped: 0.0000861 seconds, Stopping threads took: 0.0000182 seconds
[2019-12-09T04:19:56.635+0000][1][safepoint    ] Application time: 1.0000773 seconds
[2019-12-09T04:19:56.635+0000][1][safepoint    ] Entering safepoint region: Cleanup
[2019-12-09T04:19:56.635+0000][1][safepoint    ] Leaving safepoint region
[2019-12-09T04:19:56.635+0000][1][safepoint    ] Total time for which application threads were stopped: 0.0000869 seconds, Stopping threads took: 0.0000184 seconds
[2019-12-09T04:19:57.635+0000][1][safepoint    ] Application time: 1.0000753 seconds
[2019-12-09T04:19:57.635+0000][1][safepoint    ] Entering safepoint region: Cleanup
[2019-12-09T04:19:57.635+0000][1][safepoint    ] Leaving safepoint region
[2019-12-09T04:19:57.635+0000][1][safepoint    ] Total time for which application threads were stopped: 0.0000935 seconds, Stopping threads took: 0.0000246 seconds
[2019-12-09T04:19:58.635+0000][1][safepoint    ] Application time: 1.0000785 seconds
[2019-12-09T04:19:58.635+0000][1][safepoint    ] Entering safepoint region: Cleanup
[2019-12-09T04:19:58.635+0000][1][safepoint    ] Leaving safepoint region
[2019-12-09T04:19:58.635+0000][1][safepoint    ] Total time for which application threads were stopped: 0.0000861 seconds, Stopping threads took: 0.0000184 seconds
[2019-12-09T04:19:59.635+0000][1][safepoint    ] Application time: 1.0000769 seconds
[2019-12-09T04:19:59.636+0000][1][safepoint    ] Entering safepoint region: Cleanup
[2019-12-09T04:19:59.636+0000][1][safepoint    ] Leaving safepoint region
[2019-12-09T04:19:59.636+0000][1][safepoint    ] Total time for which application threads were stopped: 0.0000860 seconds, Stopping threads took: 0.0000183 seconds
[2019-12-09T04:20:00.636+0000][1][safepoint    ] Application time: 1.0000778 seconds
[2019-12-09T04:20:00.636+0000][1][safepoint    ] Entering safepoint region: Cleanup
[2019-12-09T04:20:00.636+0000][1][safepoint    ] Leaving safepoint region
[2019-12-09T04:20:00.636+0000][1][safepoint    ] Total time for which application threads were stopped: 0.0000869 seconds, Stopping threads took: 0.0000189 seconds
[2019-12-09T04:20:01.636+0000][1][safepoint    ] Application time: 1.0000803 seconds
[2019-12-09T04:20:01.636+0000][1][safepoint    ] Entering safepoint region: Cleanup
[2019-12-09T04:20:01.636+0000][1][safepoint    ] Leaving safepoint region
[2019-12-09T04:20:01.636+0000][1][safepoint    ] Total time for which application threads were stopped: 0.0000904 seconds, Stopping threads took: 0.0000212 seconds
[2019-12-09T04:20:02.636+0000][1][safepoint    ] Application time: 1.0000791 seconds
[2019-12-09T04:20:02.636+0000][1][safepoint    ] Entering safepoint region: Cleanup
[2019-12-09T04:20:02.636+0000][1][safepoint    ] Leaving safepoint region
[2019-12-09T04:20:02.636+0000][1][safepoint    ] Total time for which application threads were stopped: 0.0000887 seconds, Stopping threads took: 0.0000187 seconds
[2019-12-09T04:20:03.636+0000][1][safepoint    ] Application time: 1.0000785 seconds
[2019-12-09T04:20:03.636+0000][1][safepoint    ] Entering safepoint region: Cleanup
[2019-12-09T04:20:03.636+0000][1][safepoint    ] Leaving safepoint region
[2019-12-09T04:20:03.636+0000][1][safepoint    ] Total time for which application threads were stopped: 0.0000897 seconds, Stopping threads took: 0.0000197 seconds
[2019-12-09T04:20:04.637+0000][1][safepoint    ] Application time: 1.0000786 seconds
[2019-12-09T04:20:04.637+0000][1][safepoint    ] Entering safepoint region: Cleanup
[2019-12-09T04:20:04.637+0000][1][safepoint    ] Leaving safepoint region
[2019-12-09T04:20:04.637+0000][1][safepoint    ] Total time for which application threads were stopped: 0.0000878 seconds, Stopping threads took: 0.0000190 seconds
[2019-12-09T04:20:05.637+0000][1][safepoint    ] Application time: 1.0000774 seconds
[2019-12-09T04:20:05.637+0000][1][safepoint    ] Entering safepoint region: Cleanup
[2019-12-09T04:20:05.637+0000][1][safepoint    ] Leaving safepoint region
[2019-12-09T04:20:05.637+0000][1][safepoint    ] Total time for which application threads were stopped: 0.0000885 seconds, Stopping threads took: 0.0000197 seconds
[2019-12-09T04:20:06.637+0000][1][safepoint    ] Application time: 1.0000800 seconds
[2019-12-09T04:20:06.637+0000][1][safepoint    ] Entering safepoint region: Cleanup
[2019-12-09T04:20:06.637+0000][1][safepoint    ] Leaving safepoint region
[2019-12-09T04:20:06.637+0000][1][safepoint    ] Total time for which application threads were stopped: 0.0000886 seconds, Stopping threads took: 0.0000206 seconds
[2019-12-09T04:20:07.637+0000][1][safepoint    ] Application time: 1.0000799 seconds
[2019-12-09T04:20:07.637+0000][1][safepoint    ] Entering safepoint region: Cleanup
[2019-12-09T04:20:07.637+0000][1][safepoint    ] Leaving safepoint region
[2019-12-09T04:20:07.637+0000][1][safepoint    ] Total time for which application threads were stopped: 0.0000898 seconds, Stopping threads took: 0.0000201 seconds
[2019-12-09T04:20:08.637+0000][1][safepoint    ] Application time: 1.0000789 seconds
[2019-12-09T04:20:08.637+0000][1][safepoint    ] Entering safepoint region: Cleanup
[2019-12-09T04:20:08.638+0000][1][safepoint    ] Leaving safepoint region
[2019-12-09T04:20:08.638+0000][1][safepoint    ] Total time for which application threads were stopped: 0.0000891 seconds, Stopping threads took: 0.0000189 seconds
[2019-12-09T04:20:09.638+0000][1][safepoint    ] Application time: 1.0000793 seconds
[2019-12-09T04:20:09.638+0000][1][safepoint    ] Entering safepoint region: Cleanup
[2019-12-09T04:20:09.638+0000][1][safepoint    ] Leaving safepoint region
[2019-12-09T04:20:09.638+0000][1][safepoint    ] Total time for which application threads were stopped: 0.0001016 seconds, Stopping threads took: 0.0000203 seconds
[2019-12-09T04:20:10.638+0000][1][safepoint    ] Application time: 1.0000784 seconds
[2019-12-09T04:20:10.638+0000][1][safepoint    ] Entering safepoint region: Cleanup
[2019-12-09T04:20:10.638+0000][1][safepoint    ] Leaving safepoint region
[2019-12-09T04:20:10.638+0000][1][safepoint    ] Total time for which application threads were stopped: 0.0000875 seconds, Stopping threads took: 0.0000190 seconds
[2019-12-09T04:20:11.638+0000][1][safepoint    ] Application time: 1.0000771 seconds
[2019-12-09T04:20:11.638+0000][1][safepoint    ] Entering safepoint region: Cleanup
[2019-12-09T04:20:11.638+0000][1][safepoint    ] Leaving safepoint region
[2019-12-09T04:20:11.638+0000][1][safepoint    ] Total time for which application threads were stopped: 0.0000886 seconds, Stopping threads took: 0.0000184 seconds
[2019-12-09T04:20:12.638+0000][1][safepoint    ] Application time: 1.0000780 seconds
[2019-12-09T04:20:12.638+0000][1][safepoint    ] Entering safepoint region: Cleanup
[2019-12-09T04:20:12.638+0000][1][safepoint    ] Leaving safepoint region
[2019-12-09T04:20:12.638+0000][1][safepoint    ] Total time for which application threads were stopped: 0.0000911 seconds, Stopping threads took: 0.0000211 seconds
[2019-12-09T04:20:13.638+0000][1][safepoint    ] Application time: 1.0000777 seconds
[2019-12-09T04:20:13.639+0000][1][safepoint    ] Entering safepoint region: Cleanup
[2019-12-09T04:20:13.639+0000][1][safepoint    ] Leaving safepoint region
[2019-12-09T04:20:13.639+0000][1][safepoint    ] Total time for which application threads were stopped: 0.0000965 seconds, Stopping threads took: 0.0000195 seconds
[2019-12-09T04:20:14.639+0000][1][safepoint    ] Application time: 1.0000780 seconds
[2019-12-09T04:20:14.639+0000][1][safepoint    ] Entering safepoint region: Cleanup
[2019-12-09T04:20:14.639+0000][1][safepoint    ] Leaving safepoint region
[2019-12-09T04:20:14.639+0000][1][safepoint    ] Total time for which application threads were stopped: 0.0000933 seconds, Stopping threads took: 0.0000226 seconds
[2019-12-09T04:20:15.639+0000][1][safepoint    ] Application time: 1.0000765 seconds
[2019-12-09T04:20:15.639+0000][1][safepoint    ] Entering safepoint region: Cleanup
[2019-12-09T04:20:15.639+0000][1][safepoint    ] Leaving safepoint region
[2019-12-09T04:20:15.639+0000][1][safepoint    ] Total time for which application threads were stopped: 0.0000892 seconds, Stopping threads took: 0.0000185 seconds
[2019-12-09T04:20:16.639+0000][1][safepoint    ] Application time: 1.0000779 seconds
[2019-12-09T04:20:16.639+0000][1][safepoint    ] Entering safepoint region: Cleanup
[2019-12-09T04:20:16.639+0000][1][safepoint    ] Leaving safepoint region
[2019-12-09T04:20:16.639+0000][1][safepoint    ] Total time for which application threads were stopped: 0.0000936 seconds, Stopping threads took: 0.0000190 seconds
[2019-12-09T04:20:17.639+0000][1][safepoint    ] Application time: 1.0000773 seconds
[2019-12-09T04:20:17.639+0000][1][safepoint    ] Entering safepoint region: Cleanup
[2019-12-09T04:20:17.639+0000][1][safepoint    ] Leaving safepoint region
[2019-12-09T04:20:17.639+0000][1][safepoint    ] Total time for which application threads were stopped: 0.0000884 seconds, Stopping threads took: 0.0000185 seconds
[2019-12-09T04:20:18.640+0000][1][safepoint    ] Application time: 1.0000787 seconds
[2019-12-09T04:20:18.640+0000][1][safepoint    ] Entering safepoint region: Cleanup
[2019-12-09T04:20:18.640+0000][1][safepoint    ] Leaving safepoint region
[2019-12-09T04:20:18.640+0000][1][safepoint    ] Total time for which application threads were stopped: 0.0000891 seconds, Stopping threads took: 0.0000198 seconds
[2019-12-09T04:20:19.640+0000][1][safepoint    ] Application time: 1.0000784 seconds
[2019-12-09T04:20:19.640+0000][1][safepoint    ] Entering safepoint region: Cleanup
[2019-12-09T04:20:19.640+0000][1][safepoint    ] Leaving safepoint region
[2019-12-09T04:20:19.640+0000][1][safepoint    ] Total time for which application threads were stopped: 0.0000903 seconds, Stopping threads took: 0.0000220 seconds
[2019-12-09T04:20:20.640+0000][1][safepoint    ] Application time: 1.0000786 seconds
[2019-12-09T04:20:20.640+0000][1][safepoint    ] Entering safepoint region: Cleanup
[2019-12-09T04:20:20.640+0000][1][safepoint    ] Leaving safepoint region
[2019-12-09T04:20:20.640+0000][1][safepoint    ] Total time for which application threads were stopped: 0.0000887 seconds, Stopping threads took: 0.0000199 seconds
[2019-12-09T04:20:21.640+0000][1][safepoint    ] Application time: 1.0000776 seconds
[2019-12-09T04:20:21.640+0000][1][safepoint    ] Entering safepoint region: Cleanup
[2019-12-09T04:20:21.640+0000][1][safepoint    ] Leaving safepoint region
[2019-12-09T04:20:21.640+0000][1][safepoint    ] Total time for which application threads were stopped: 0.0000889 seconds, Stopping threads took: 0.0000198 seconds
[2019-12-09T04:20:22.640+0000][1][safepoint    ] Application time: 1.0000777 seconds
[2019-12-09T04:20:22.640+0000][1][safepoint    ] Entering safepoint region: Cleanup
[2019-12-09T04:20:22.640+0000][1][safepoint    ] Leaving safepoint region
[2019-12-09T04:20:22.640+0000][1][safepoint    ] Total time for which application threads were stopped: 0.0000871 seconds, Stopping threads took: 0.0000181 seconds
[2019-12-09T04:20:23.641+0000][1][safepoint    ] Application time: 1.0000775 seconds
[2019-12-09T04:20:23.641+0000][1][safepoint    ] Entering safepoint region: Cleanup
[2019-12-09T04:20:23.641+0000][1][safepoint    ] Leaving safepoint region
[2019-12-09T04:20:23.641+0000][1][safepoint    ] Total time for which application threads were stopped: 0.0000994 seconds, Stopping threads took: 0.0000195 seconds
[2019-12-09T04:20:24.641+0000][1][safepoint    ] Application time: 1.0000778 seconds
[2019-12-09T04:20:24.641+0000][1][safepoint    ] Entering safepoint region: Cleanup
[2019-12-09T04:20:24.641+0000][1][safepoint    ] Leaving safepoint region
[2019-12-09T04:20:24.641+0000][1][safepoint    ] Total time for which application threads were stopped: 0.0000942 seconds, Stopping threads took: 0.0000226 seconds
[2019-12-09T04:20:25.641+0000][1][safepoint    ] Application time: 1.0000777 seconds
[2019-12-09T04:20:25.641+0000][1][safepoint    ] Entering safepoint region: Cleanup
[2019-12-09T04:20:25.641+0000][1][safepoint    ] Leaving safepoint region
[2019-12-09T04:20:25.641+0000][1][safepoint    ] Total time for which application threads were stopped: 0.0000851 seconds, Stopping threads took: 0.0000172 seconds
[2019-12-09T04:20:26.641+0000][1][safepoint    ] Application time: 1.0000774 seconds
[2019-12-09T04:20:26.641+0000][1][safepoint    ] Entering safepoint region: Cleanup
[2019-12-09T04:20:26.641+0000][1][safepoint    ] Leaving safepoint region
[2019-12-09T04:20:26.641+0000][1][safepoint    ] Total time for which application threads were stopped: 0.0000877 seconds, Stopping threads took: 0.0000194 seconds
[2019-12-09T04:20:27.641+0000][1][safepoint    ] Application time: 1.0000777 seconds
[2019-12-09T04:20:27.641+0000][1][safepoint    ] Entering safepoint region: Cleanup
[2019-12-09T04:20:27.642+0000][1][safepoint    ] Leaving safepoint region
[2019-12-09T04:20:27.642+0000][1][safepoint    ] Total time for which application threads were stopped: 0.0000938 seconds, Stopping threads took: 0.0000236 seconds
[2019-12-09T04:20:28.642+0000][1][safepoint    ] Application time: 1.0000763 seconds
[2019-12-09T04:20:28.642+0000][1][safepoint    ] Entering safepoint region: Cleanup
[2019-12-09T04:20:28.642+0000][1][safepoint    ] Leaving safepoint region
[2019-12-09T04:20:28.642+0000][1][safepoint    ] Total time for which application threads were stopped: 0.0000995 seconds, Stopping threads took: 0.0000302 seconds
[2019-12-09T04:20:29.642+0000][1][safepoint    ] Application time: 1.0000769 seconds
[2019-12-09T04:20:29.642+0000][1][safepoint    ] Entering safepoint region: Cleanup
[2019-12-09T04:20:29.642+0000][1][safepoint    ] Leaving safepoint region
[2019-12-09T04:20:29.642+0000][1][safepoint    ] Total time for which application threads were stopped: 0.0000887 seconds, Stopping threads took: 0.0000195 seconds
[2019-12-09T04:20:30.642+0000][1][safepoint    ] Application time: 1.0000773 seconds
[2019-12-09T04:20:30.642+0000][1][safepoint    ] Entering safepoint region: Cleanup
[2019-12-09T04:20:30.642+0000][1][safepoint    ] Leaving safepoint region
[2019-12-09T04:20:30.642+0000][1][safepoint    ] Total time for which application threads were stopped: 0.0000930 seconds, Stopping threads took: 0.0000226 seconds
[2019-12-09T04:20:31.642+0000][1][safepoint    ] Application time: 1.0000772 seconds
[2019-12-09T04:20:31.642+0000][1][safepoint    ] Entering safepoint region: Cleanup
[2019-12-09T04:20:31.642+0000][1][safepoint    ] Leaving safepoint region
[2019-12-09T04:20:31.642+0000][1][safepoint    ] Total time for which application threads were stopped: 0.0000889 seconds, Stopping threads took: 0.0000200 seconds
[2019-12-09T04:20:32.642+0000][1][safepoint    ] Application time: 1.0000776 seconds
[2019-12-09T04:20:32.643+0000][1][safepoint    ] Entering safepoint region: Cleanup
[2019-12-09T04:20:32.643+0000][1][safepoint    ] Leaving safepoint region
[2019-12-09T04:20:32.643+0000][1][safepoint    ] Total time for which application threads were stopped: 0.0000903 seconds, Stopping threads took: 0.0000219 seconds
[2019-12-09T04:20:33.643+0000][1][safepoint    ] Application time: 1.0000837 seconds
[2019-12-09T04:20:33.643+0000][1][safepoint    ] Entering safepoint region: Cleanup
[2019-12-09T04:20:33.643+0000][1][safepoint    ] Leaving safepoint region
[2019-12-09T04:20:33.643+0000][1][safepoint    ] Total time for which application threads were stopped: 0.0000937 seconds, Stopping threads took: 0.0000235 seconds
[2019-12-09T04:20:34.643+0000][1][safepoint    ] Application time: 1.0000764 seconds
[2019-12-09T04:20:34.643+0000][1][safepoint    ] Entering safepoint region: Cleanup
[2019-12-09T04:20:34.643+0000][1][safepoint    ] Leaving safepoint region
[2019-12-09T04:20:34.643+0000][1][safepoint    ] Total time for which application threads were stopped: 0.0000927 seconds, Stopping threads took: 0.0000228 seconds
[2019-12-09T04:20:35.643+0000][1][safepoint    ] Application time: 1.0000768 seconds
[2019-12-09T04:20:35.643+0000][1][safepoint    ] Entering safepoint region: Cleanup
[2019-12-09T04:20:35.643+0000][1][safepoint    ] Leaving safepoint region
[2019-12-09T04:20:35.643+0000][1][safepoint    ] Total time for which application threads were stopped: 0.0000885 seconds, Stopping threads took: 0.0000189 seconds
[2019-12-09T04:20:36.643+0000][1][safepoint    ] Application time: 1.0000783 seconds
[2019-12-09T04:20:36.643+0000][1][safepoint    ] Entering safepoint region: Cleanup
[2019-12-09T04:20:36.643+0000][1][safepoint    ] Leaving safepoint region
[2019-12-09T04:20:36.643+0000][1][safepoint    ] Total time for which application threads were stopped: 0.0000884 seconds, Stopping threads took: 0.0000193 seconds
[2019-12-09T04:20:37.644+0000][1][safepoint    ] Application time: 1.0000770 seconds
[2019-12-09T04:20:37.644+0000][1][safepoint    ] Entering safepoint region: Cleanup
[2019-12-09T04:20:37.644+0000][1][safepoint    ] Leaving safepoint region
[2019-12-09T04:20:37.644+0000][1][safepoint    ] Total time for which application threads were stopped: 0.0000882 seconds, Stopping threads took: 0.0000207 seconds
[2019-12-09T04:20:38.644+0000][1][safepoint    ] Application time: 1.0000764 seconds
[2019-12-09T04:20:38.644+0000][1][safepoint    ] Entering safepoint region: Cleanup
[2019-12-09T04:20:38.644+0000][1][safepoint    ] Leaving safepoint region
[2019-12-09T04:20:38.644+0000][1][safepoint    ] Total time for which application threads were stopped: 0.0000866 seconds, Stopping threads took: 0.0000186 seconds
[2019-12-09T04:20:39.644+0000][1][safepoint    ] Application time: 1.0000793 seconds
[2019-12-09T04:20:39.644+0000][1][safepoint    ] Entering safepoint region: Cleanup
[2019-12-09T04:20:39.644+0000][1][safepoint    ] Leaving safepoint region
[2019-12-09T04:20:39.644+0000][1][safepoint    ] Total time for which application threads were stopped: 0.0000873 seconds, Stopping threads took: 0.0000195 seconds
[2019-12-09T04:20:40.644+0000][1][safepoint    ] Application time: 1.0000778 seconds
[2019-12-09T04:20:40.644+0000][1][safepoint    ] Entering safepoint region: Cleanup
[2019-12-09T04:20:40.644+0000][1][safepoint    ] Leaving safepoint region
[2019-12-09T04:20:40.644+0000][1][safepoint    ] Total time for which application threads were stopped: 0.0000846 seconds, Stopping threads took: 0.0000178 seconds
[2019-12-09T04:20:41.644+0000][1][safepoint    ] Application time: 1.0000767 seconds
[2019-12-09T04:20:41.644+0000][1][safepoint    ] Entering safepoint region: Cleanup
[2019-12-09T04:20:41.644+0000][1][safepoint    ] Leaving safepoint region
[2019-12-09T04:20:41.644+0000][1][safepoint    ] Total time for which application threads were stopped: 0.0000867 seconds, Stopping threads took: 0.0000204 seconds
[2019-12-09T04:20:42.164+0000][1][safepoint    ] Application time: 0.5193968 seconds
[2019-12-09T04:20:42.164+0000][1][safepoint    ] Entering safepoint region: GenCollectForAllocation
[2019-12-09T04:20:42.164+0000][1][gc,start     ] GC(63) Pause Young (Allocation Failure)
[2019-12-09T04:20:42.164+0000][1][gc,task      ] GC(63) Using 2 workers of 2 for evacuation
[2019-12-09T04:20:42.166+0000][1][gc,age       ] GC(63) Desired survivor size 4456448 bytes, new threshold 6 (max threshold 6)
[2019-12-09T04:20:42.166+0000][1][gc,age       ] GC(63) Age table with threshold 6 (max threshold 6)
[2019-12-09T04:20:42.166+0000][1][gc,age       ] GC(63) - age   1:       8480 bytes,       8480 total
[2019-12-09T04:20:42.166+0000][1][gc,age       ] GC(63) - age   2:       1144 bytes,       9624 total
[2019-12-09T04:20:42.166+0000][1][gc,age       ] GC(63) - age   3:       4128 bytes,      13752 total
[2019-12-09T04:20:42.166+0000][1][gc,age       ] GC(63) - age   4:       2592 bytes,      16344 total
[2019-12-09T04:20:42.166+0000][1][gc,age       ] GC(63) - age   5:       2328 bytes,      18672 total
[2019-12-09T04:20:42.166+0000][1][gc,age       ] GC(63) - age   6:       3296 bytes,      21968 total
[2019-12-09T04:20:42.166+0000][1][gc,heap      ] GC(63) ParNew: 69973K->30K(78656K)
[2019-12-09T04:20:42.166+0000][1][gc,heap      ] GC(63) CMS: 119374K->119374K(174784K)
[2019-12-09T04:20:42.166+0000][1][gc,metaspace ] GC(63) Metaspace: 83513K->83513K(1126400K)
[2019-12-09T04:20:42.166+0000][1][gc           ] GC(63) Pause Young (Allocation Failure) 184M->116M(247M) 1.805ms
[2019-12-09T04:20:42.166+0000][1][gc,cpu       ] GC(63) User=0.00s Sys=0.00s Real=0.01s
[2019-12-09T04:20:42.166+0000][1][safepoint    ] Leaving safepoint region
[2019-12-09T04:20:42.166+0000][1][safepoint    ] Total time for which application threads were stopped: 0.0019607 seconds, Stopping threads took: 0.0000164 seconds
[2019-12-09T04:20:43.166+0000][1][safepoint    ] Application time: 1.0000844 seconds
[2019-12-09T04:20:43.166+0000][1][safepoint    ] Entering safepoint region: Cleanup
[2019-12-09T04:20:43.166+0000][1][safepoint    ] Leaving safepoint region
[2019-12-09T04:20:43.166+0000][1][safepoint    ] Total time for which application threads were stopped: 0.0000967 seconds, Stopping threads took: 0.0000235 seconds
[2019-12-09T04:20:44.166+0000][1][safepoint    ] Application time: 1.0000806 seconds
[2019-12-09T04:20:44.166+0000][1][safepoint    ] Entering safepoint region: Cleanup
[2019-12-09T04:20:44.166+0000][1][safepoint    ] Leaving safepoint region
[2019-12-09T04:20:44.166+0000][1][safepoint    ] Total time for which application threads were stopped: 0.0001370 seconds, Stopping threads took: 0.0000567 seconds
[2019-12-09T04:20:45.166+0000][1][safepoint    ] Application time: 1.0000786 seconds
[2019-12-09T04:20:45.167+0000][1][safepoint    ] Entering safepoint region: Cleanup
[2019-12-09T04:20:45.167+0000][1][safepoint    ] Leaving safepoint region
[2019-12-09T04:20:45.167+0000][1][safepoint    ] Total time for which application threads were stopped: 0.0001265 seconds, Stopping threads took: 0.0000571 seconds
[2019-12-09T04:20:46.167+0000][1][safepoint    ] Application time: 1.0000803 seconds
[2019-12-09T04:20:46.167+0000][1][safepoint    ] Entering safepoint region: Cleanup
[2019-12-09T04:20:46.167+0000][1][safepoint    ] Leaving safepoint region
[2019-12-09T04:20:46.167+0000][1][safepoint    ] Total time for which application threads were stopped: 0.0000909 seconds, Stopping threads took: 0.0000178 seconds
[2019-12-09T04:20:47.167+0000][1][safepoint    ] Application time: 1.0000756 seconds
[2019-12-09T04:20:47.167+0000][1][safepoint    ] Entering safepoint region: Cleanup
[2019-12-09T04:20:47.167+0000][1][safepoint    ] Leaving safepoint region
[2019-12-09T04:20:47.167+0000][1][safepoint    ] Total time for which application threads were stopped: 0.0000868 seconds, Stopping threads took: 0.0000185 seconds
[2019-12-09T04:20:48.167+0000][1][safepoint    ] Application time: 1.0000748 seconds
[2019-12-09T04:20:48.167+0000][1][safepoint    ] Entering safepoint region: Cleanup
[2019-12-09T04:20:48.167+0000][1][safepoint    ] Leaving safepoint region
[2019-12-09T04:20:48.167+0000][1][safepoint    ] Total time for which application threads were stopped: 0.0000908 seconds, Stopping threads took: 0.0000225 seconds
[2019-12-09T04:20:49.167+0000][1][safepoint    ] Application time: 1.0000737 seconds
[2019-12-09T04:20:49.167+0000][1][safepoint    ] Entering safepoint region: Cleanup
[2019-12-09T04:20:49.167+0000][1][safepoint    ] Leaving safepoint region
[2019-12-09T04:20:49.167+0000][1][safepoint    ] Total time for which application threads were stopped: 0.0000872 seconds, Stopping threads took: 0.0000181 seconds
[2019-12-09T04:20:50.168+0000][1][safepoint    ] Application time: 1.0000734 seconds
[2019-12-09T04:20:50.168+0000][1][safepoint    ] Entering safepoint region: Cleanup
[2019-12-09T04:20:50.168+0000][1][safepoint    ] Leaving safepoint region
[2019-12-09T04:20:50.168+0000][1][safepoint    ] Total time for which application threads were stopped: 0.0000886 seconds, Stopping threads took: 0.0000211 seconds
[2019-12-09T04:20:51.168+0000][1][safepoint    ] Application time: 1.0000545 seconds
[2019-12-09T04:20:51.168+0000][1][safepoint    ] Entering safepoint region: Cleanup
[2019-12-09T04:20:51.168+0000][1][safepoint    ] Leaving safepoint region
[2019-12-09T04:20:51.168+0000][1][safepoint    ] Total time for which application threads were stopped: 0.0000832 seconds, Stopping threads took: 0.0000163 seconds
[2019-12-09T04:20:52.168+0000][1][safepoint    ] Application time: 1.0000725 seconds
[2019-12-09T04:20:52.168+0000][1][safepoint    ] Entering safepoint region: Cleanup
[2019-12-09T04:20:52.168+0000][1][safepoint    ] Leaving safepoint region
[2019-12-09T04:20:52.168+0000][1][safepoint    ] Total time for which application threads were stopped: 0.0000870 seconds, Stopping threads took: 0.0000200 seconds
[2019-12-09T04:20:53.168+0000][1][safepoint    ] Application time: 1.0000745 seconds
[2019-12-09T04:20:53.168+0000][1][safepoint    ] Entering safepoint region: Cleanup
[2019-12-09T04:20:53.168+0000][1][safepoint    ] Leaving safepoint region
[2019-12-09T04:20:53.168+0000][1][safepoint    ] Total time for which application threads were stopped: 0.0000830 seconds, Stopping threads took: 0.0000178 seconds
[2019-12-09T04:20:54.168+0000][1][safepoint    ] Application time: 1.0000742 seconds
[2019-12-09T04:20:54.168+0000][1][safepoint    ] Entering safepoint region: Cleanup
[2019-12-09T04:20:54.168+0000][1][safepoint    ] Leaving safepoint region
[2019-12-09T04:20:54.168+0000][1][safepoint    ] Total time for which application threads were stopped: 0.0000979 seconds, Stopping threads took: 0.0000217 seconds
[2019-12-09T04:20:55.169+0000][1][safepoint    ] Application time: 1.0000757 seconds
[2019-12-09T04:20:55.169+0000][1][safepoint    ] Entering safepoint region: Cleanup
[2019-12-09T04:20:55.169+0000][1][safepoint    ] Leaving safepoint region
[2019-12-09T04:20:55.169+0000][1][safepoint    ] Total time for which application threads were stopped: 0.0000967 seconds, Stopping threads took: 0.0000220 seconds
[2019-12-09T04:20:56.169+0000][1][safepoint    ] Application time: 1.0000779 seconds
[2019-12-09T04:20:56.169+0000][1][safepoint    ] Entering safepoint region: Cleanup
[2019-12-09T04:20:56.169+0000][1][safepoint    ] Leaving safepoint region
[2019-12-09T04:20:56.169+0000][1][safepoint    ] Total time for which application threads were stopped: 0.0000860 seconds, Stopping threads took: 0.0000186 seconds
[2019-12-09T04:20:57.169+0000][1][safepoint    ] Application time: 1.0000771 seconds
[2019-12-09T04:20:57.169+0000][1][safepoint    ] Entering safepoint region: Cleanup
[2019-12-09T04:20:57.169+0000][1][safepoint    ] Leaving safepoint region
[2019-12-09T04:20:57.169+0000][1][safepoint    ] Total time for which application threads were stopped: 0.0000884 seconds, Stopping threads took: 0.0000182 seconds
[2019-12-09T04:20:58.169+0000][1][safepoint    ] Application time: 1.0000760 seconds
[2019-12-09T04:20:58.169+0000][1][safepoint    ] Entering safepoint region: Cleanup
[2019-12-09T04:20:58.169+0000][1][safepoint    ] Leaving safepoint region
[2019-12-09T04:20:58.169+0000][1][safepoint    ] Total time for which application threads were stopped: 0.0000913 seconds, Stopping threads took: 0.0000254 seconds
[2019-12-09T04:20:59.169+0000][1][safepoint    ] Application time: 1.0000751 seconds
[2019-12-09T04:20:59.169+0000][1][safepoint    ] Entering safepoint region: Cleanup
[2019-12-09T04:20:59.169+0000][1][safepoint    ] Leaving safepoint region
[2019-12-09T04:20:59.169+0000][1][safepoint    ] Total time for which application threads were stopped: 0.0000868 seconds, Stopping threads took: 0.0000187 seconds
[2019-12-09T04:21:00.170+0000][1][safepoint    ] Application time: 1.0000808 seconds
[2019-12-09T04:21:00.170+0000][1][safepoint    ] Entering safepoint region: Cleanup
[2019-12-09T04:21:00.170+0000][1][safepoint    ] Leaving safepoint region
[2019-12-09T04:21:00.170+0000][1][safepoint    ] Total time for which application threads were stopped: 0.0001202 seconds, Stopping threads took: 0.0000224 seconds
[2019-12-09T04:21:01.170+0000][1][safepoint    ] Application time: 1.0000720 seconds
[2019-12-09T04:21:01.170+0000][1][safepoint    ] Entering safepoint region: Cleanup
[2019-12-09T04:21:01.170+0000][1][safepoint    ] Leaving safepoint region
[2019-12-09T04:21:01.170+0000][1][safepoint    ] Total time for which application threads were stopped: 0.0000990 seconds, Stopping threads took: 0.0000173 seconds
[2019-12-09T04:21:02.170+0000][1][safepoint    ] Application time: 1.0000965 seconds
[2019-12-09T04:21:02.170+0000][1][safepoint    ] Entering safepoint region: Cleanup
[2019-12-09T04:21:02.170+0000][1][safepoint    ] Leaving safepoint region
[2019-12-09T04:21:02.170+0000][1][safepoint    ] Total time for which application threads were stopped: 0.0001599 seconds, Stopping threads took: 0.0000673 seconds
[2019-12-09T04:21:03.170+0000][1][safepoint    ] Application time: 1.0000906 seconds
[2019-12-09T04:21:03.170+0000][1][safepoint    ] Entering safepoint region: Cleanup
[2019-12-09T04:21:03.170+0000][1][safepoint    ] Leaving safepoint region
[2019-12-09T04:21:03.170+0000][1][safepoint    ] Total time for which application threads were stopped: 0.0000926 seconds, Stopping threads took: 0.0000234 seconds
[2019-12-09T04:21:04.171+0000][1][safepoint    ] Application time: 1.0000819 seconds
[2019-12-09T04:21:04.171+0000][1][safepoint    ] Entering safepoint region: Cleanup
[2019-12-09T04:21:04.171+0000][1][safepoint    ] Leaving safepoint region
[2019-12-09T04:21:04.171+0000][1][safepoint    ] Total time for which application threads were stopped: 0.0001071 seconds, Stopping threads took: 0.0000195 seconds
[2019-12-09T04:21:05.171+0000][1][safepoint    ] Application time: 1.0000795 seconds
[2019-12-09T04:21:05.171+0000][1][safepoint    ] Entering safepoint region: Cleanup
[2019-12-09T04:21:05.171+0000][1][safepoint    ] Leaving safepoint region
[2019-12-09T04:21:05.171+0000][1][safepoint    ] Total time for which application threads were stopped: 0.0000980 seconds, Stopping threads took: 0.0000204 seconds
[2019-12-09T04:21:06.171+0000][1][safepoint    ] Application time: 1.0000846 seconds
[2019-12-09T04:21:06.171+0000][1][safepoint    ] Entering safepoint region: Cleanup
[2019-12-09T04:21:06.171+0000][1][safepoint    ] Leaving safepoint region
[2019-12-09T04:21:06.171+0000][1][safepoint    ] Total time for which application threads were stopped: 0.0000996 seconds, Stopping threads took: 0.0000231 seconds
[2019-12-09T04:21:07.171+0000][1][safepoint    ] Application time: 1.0000930 seconds
[2019-12-09T04:21:07.171+0000][1][safepoint    ] Entering safepoint region: Cleanup
[2019-12-09T04:21:07.171+0000][1][safepoint    ] Leaving safepoint region
[2019-12-09T04:21:07.171+0000][1][safepoint    ] Total time for which application threads were stopped: 0.0001042 seconds, Stopping threads took: 0.0000261 seconds
[2019-12-09T04:21:08.172+0000][1][safepoint    ] Application time: 1.0000865 seconds
[2019-12-09T04:21:08.172+0000][1][safepoint    ] Entering safepoint region: Cleanup
[2019-12-09T04:21:08.172+0000][1][safepoint    ] Leaving safepoint region
[2019-12-09T04:21:08.172+0000][1][safepoint    ] Total time for which application threads were stopped: 0.0000890 seconds, Stopping threads took: 0.0000203 seconds
[2019-12-09T04:21:09.172+0000][1][safepoint    ] Application time: 1.0000779 seconds
[2019-12-09T04:21:09.172+0000][1][safepoint    ] Entering safepoint region: Cleanup
[2019-12-09T04:21:09.172+0000][1][safepoint    ] Leaving safepoint region
[2019-12-09T04:21:09.172+0000][1][safepoint    ] Total time for which application threads were stopped: 0.0000899 seconds, Stopping threads took: 0.0000188 seconds
[2019-12-09T04:21:10.172+0000][1][safepoint    ] Application time: 1.0000766 seconds
[2019-12-09T04:21:10.172+0000][1][safepoint    ] Entering safepoint region: Cleanup
[2019-12-09T04:21:10.172+0000][1][safepoint    ] Leaving safepoint region
[2019-12-09T04:21:10.172+0000][1][safepoint    ] Total time for which application threads were stopped: 0.0000938 seconds, Stopping threads took: 0.0000199 seconds
[2019-12-09T04:21:11.172+0000][1][safepoint    ] Application time: 1.0000759 seconds
[2019-12-09T04:21:11.172+0000][1][safepoint    ] Entering safepoint region: Cleanup
[2019-12-09T04:21:11.172+0000][1][safepoint    ] Leaving safepoint region
[2019-12-09T04:21:11.172+0000][1][safepoint    ] Total time for which application threads were stopped: 0.0000856 seconds, Stopping threads took: 0.0000181 seconds
[2019-12-09T04:21:12.172+0000][1][safepoint    ] Application time: 1.0000792 seconds
[2019-12-09T04:21:12.172+0000][1][safepoint    ] Entering safepoint region: Cleanup
[2019-12-09T04:21:12.173+0000][1][safepoint    ] Leaving safepoint region
[2019-12-09T04:21:12.173+0000][1][safepoint    ] Total time for which application threads were stopped: 0.0001286 seconds, Stopping threads took: 0.0000492 seconds
[2019-12-09T04:21:13.173+0000][1][safepoint    ] Application time: 1.0000847 seconds
[2019-12-09T04:21:13.173+0000][1][safepoint    ] Entering safepoint region: Cleanup
[2019-12-09T04:21:13.173+0000][1][safepoint    ] Leaving safepoint region
[2019-12-09T04:21:13.173+0000][1][safepoint    ] Total time for which application threads were stopped: 0.0001055 seconds, Stopping threads took: 0.0000349 seconds
[2019-12-09T04:21:14.173+0000][1][safepoint    ] Application time: 1.0000772 seconds
[2019-12-09T04:21:14.173+0000][1][safepoint    ] Entering safepoint region: Cleanup
[2019-12-09T04:21:14.173+0000][1][safepoint    ] Leaving safepoint region
[2019-12-09T04:21:14.173+0000][1][safepoint    ] Total time for which application threads were stopped: 0.0000894 seconds, Stopping threads took: 0.0000203 seconds
[2019-12-09T04:21:15.173+0000][1][safepoint    ] Application time: 1.0000776 seconds
[2019-12-09T04:21:15.173+0000][1][safepoint    ] Entering safepoint region: Cleanup
[2019-12-09T04:21:15.173+0000][1][safepoint    ] Leaving safepoint region
[2019-12-09T04:21:15.173+0000][1][safepoint    ] Total time for which application threads were stopped: 0.0000905 seconds, Stopping threads took: 0.0000202 seconds
[2019-12-09T04:21:16.173+0000][1][safepoint    ] Application time: 1.0000785 seconds
[2019-12-09T04:21:16.173+0000][1][safepoint    ] Entering safepoint region: Cleanup
[2019-12-09T04:21:16.173+0000][1][safepoint    ] Leaving safepoint region
[2019-12-09T04:21:16.173+0000][1][safepoint    ] Total time for which application threads were stopped: 0.0000899 seconds, Stopping threads took: 0.0000188 seconds
[2019-12-09T04:21:17.174+0000][1][safepoint    ] Application time: 1.0000771 seconds
[2019-12-09T04:21:17.174+0000][1][safepoint    ] Entering safepoint region: Cleanup
[2019-12-09T04:21:17.174+0000][1][safepoint    ] Leaving safepoint region
[2019-12-09T04:21:17.174+0000][1][safepoint    ] Total time for which application threads were stopped: 0.0000885 seconds, Stopping threads took: 0.0000195 seconds
[2019-12-09T04:21:18.174+0000][1][safepoint    ] Application time: 1.0000778 seconds
[2019-12-09T04:21:18.174+0000][1][safepoint    ] Entering safepoint region: Cleanup
[2019-12-09T04:21:18.174+0000][1][safepoint    ] Leaving safepoint region
[2019-12-09T04:21:18.174+0000][1][safepoint    ] Total time for which application threads were stopped: 0.0000891 seconds, Stopping threads took: 0.0000202 seconds
[2019-12-09T04:21:19.174+0000][1][safepoint    ] Application time: 1.0000779 seconds
[2019-12-09T04:21:19.174+0000][1][safepoint    ] Entering safepoint region: Cleanup
[2019-12-09T04:21:19.174+0000][1][safepoint    ] Leaving safepoint region
[2019-12-09T04:21:19.174+0000][1][safepoint    ] Total time for which application threads were stopped: 0.0000903 seconds, Stopping threads took: 0.0000206 seconds
[2019-12-09T04:21:20.174+0000][1][safepoint    ] Application time: 1.0000765 seconds
[2019-12-09T04:21:20.174+0000][1][safepoint    ] Entering safepoint region: Cleanup
[2019-12-09T04:21:20.174+0000][1][safepoint    ] Leaving safepoint region
[2019-12-09T04:21:20.174+0000][1][safepoint    ] Total time for which application threads were stopped: 0.0000904 seconds, Stopping threads took: 0.0000179 seconds
[2019-12-09T04:21:21.175+0000][1][safepoint    ] Application time: 1.0007818 seconds
[2019-12-09T04:21:21.175+0000][1][safepoint    ] Entering safepoint region: Cleanup
[2019-12-09T04:21:21.175+0000][1][safepoint    ] Leaving safepoint region
[2019-12-09T04:21:21.175+0000][1][safepoint    ] Total time for which application threads were stopped: 0.0001240 seconds, Stopping threads took: 0.0000276 seconds
[2019-12-09T04:21:22.175+0000][1][safepoint    ] Application time: 1.0000781 seconds
[2019-12-09T04:21:22.175+0000][1][safepoint    ] Entering safepoint region: Cleanup
[2019-12-09T04:21:22.175+0000][1][safepoint    ] Leaving safepoint region
[2019-12-09T04:21:22.175+0000][1][safepoint    ] Total time for which application threads were stopped: 0.0000925 seconds, Stopping threads took: 0.0000191 seconds
[2019-12-09T04:21:23.176+0000][1][safepoint    ] Application time: 1.0000764 seconds
[2019-12-09T04:21:23.176+0000][1][safepoint    ] Entering safepoint region: Cleanup
[2019-12-09T04:21:23.176+0000][1][safepoint    ] Leaving safepoint region
[2019-12-09T04:21:23.176+0000][1][safepoint    ] Total time for which application threads were stopped: 0.0000922 seconds, Stopping threads took: 0.0000214 seconds
[2019-12-09T04:21:24.176+0000][1][safepoint    ] Application time: 1.0000606 seconds
[2019-12-09T04:21:24.176+0000][1][safepoint    ] Entering safepoint region: Cleanup
[2019-12-09T04:21:24.176+0000][1][safepoint    ] Leaving safepoint region
[2019-12-09T04:21:24.176+0000][1][safepoint    ] Total time for which application threads were stopped: 0.0001190 seconds, Stopping threads took: 0.0000258 seconds
[2019-12-09T04:21:25.176+0000][1][safepoint    ] Application time: 1.0000796 seconds
[2019-12-09T04:21:25.176+0000][1][safepoint    ] Entering safepoint region: Cleanup
[2019-12-09T04:21:25.176+0000][1][safepoint    ] Leaving safepoint region
[2019-12-09T04:21:25.176+0000][1][safepoint    ] Total time for which application threads were stopped: 0.0000887 seconds, Stopping threads took: 0.0000185 seconds
[2019-12-09T04:21:26.176+0000][1][safepoint    ] Application time: 1.0000912 seconds
[2019-12-09T04:21:26.176+0000][1][safepoint    ] Entering safepoint region: Cleanup
[2019-12-09T04:21:26.176+0000][1][safepoint    ] Leaving safepoint region
[2019-12-09T04:21:26.176+0000][1][safepoint    ] Total time for which application threads were stopped: 0.0001179 seconds, Stopping threads took: 0.0000263 seconds
[2019-12-09T04:21:27.176+0000][1][safepoint    ] Application time: 1.0000785 seconds
[2019-12-09T04:21:27.176+0000][1][safepoint    ] Entering safepoint region: Cleanup
[2019-12-09T04:21:27.177+0000][1][safepoint    ] Leaving safepoint region
[2019-12-09T04:21:27.177+0000][1][safepoint    ] Total time for which application threads were stopped: 0.0000846 seconds, Stopping threads took: 0.0000190 seconds
[2019-12-09T04:21:28.177+0000][1][safepoint    ] Application time: 1.0000754 seconds
[2019-12-09T04:21:28.177+0000][1][safepoint    ] Entering safepoint region: Cleanup
[2019-12-09T04:21:28.177+0000][1][safepoint    ] Leaving safepoint region
[2019-12-09T04:21:28.177+0000][1][safepoint    ] Total time for which application threads were stopped: 0.0001074 seconds, Stopping threads took: 0.0000228 seconds
[2019-12-09T04:21:29.177+0000][1][safepoint    ] Application time: 1.0000746 seconds
[2019-12-09T04:21:29.177+0000][1][safepoint    ] Entering safepoint region: Cleanup
[2019-12-09T04:21:29.177+0000][1][safepoint    ] Leaving safepoint region
[2019-12-09T04:21:29.177+0000][1][safepoint    ] Total time for which application threads were stopped: 0.0000836 seconds, Stopping threads took: 0.0000182 seconds
[2019-12-09T04:21:30.177+0000][1][safepoint    ] Application time: 1.0000742 seconds
[2019-12-09T04:21:30.177+0000][1][safepoint    ] Entering safepoint region: Cleanup
[2019-12-09T04:21:30.177+0000][1][safepoint    ] Leaving safepoint region
[2019-12-09T04:21:30.177+0000][1][safepoint    ] Total time for which application threads were stopped: 0.0000819 seconds, Stopping threads took: 0.0000188 seconds
[2019-12-09T04:21:31.177+0000][1][safepoint    ] Application time: 1.0003596 seconds
[2019-12-09T04:21:31.178+0000][1][safepoint    ] Entering safepoint region: Cleanup
[2019-12-09T04:21:31.178+0000][1][safepoint    ] Leaving safepoint region
[2019-12-09T04:21:31.178+0000][1][safepoint    ] Total time for which application threads were stopped: 0.0001164 seconds, Stopping threads took: 0.0000245 seconds
[2019-12-09T04:21:32.178+0000][1][safepoint    ] Application time: 1.0000812 seconds
[2019-12-09T04:21:32.178+0000][1][safepoint    ] Entering safepoint region: Cleanup
[2019-12-09T04:21:32.178+0000][1][safepoint    ] Leaving safepoint region
[2019-12-09T04:21:32.178+0000][1][safepoint    ] Total time for which application threads were stopped: 0.0000816 seconds, Stopping threads took: 0.0000177 seconds
[2019-12-09T04:21:33.178+0000][1][safepoint    ] Application time: 1.0000760 seconds
[2019-12-09T04:21:33.178+0000][1][safepoint    ] Entering safepoint region: Cleanup
[2019-12-09T04:21:33.178+0000][1][safepoint    ] Leaving safepoint region
[2019-12-09T04:21:33.178+0000][1][safepoint    ] Total time for which application threads were stopped: 0.0000812 seconds, Stopping threads took: 0.0000170 seconds
[2019-12-09T04:21:34.178+0000][1][safepoint    ] Application time: 1.0000764 seconds
[2019-12-09T04:21:34.178+0000][1][safepoint    ] Entering safepoint region: Cleanup
[2019-12-09T04:21:34.178+0000][1][safepoint    ] Leaving safepoint region
[2019-12-09T04:21:34.178+0000][1][safepoint    ] Total time for which application threads were stopped: 0.0000832 seconds, Stopping threads took: 0.0000190 seconds
[2019-12-09T04:21:35.178+0000][1][safepoint    ] Application time: 1.0000760 seconds
[2019-12-09T04:21:35.178+0000][1][safepoint    ] Entering safepoint region: Cleanup
[2019-12-09T04:21:35.178+0000][1][safepoint    ] Leaving safepoint region
[2019-12-09T04:21:35.178+0000][1][safepoint    ] Total time for which application threads were stopped: 0.0000827 seconds, Stopping threads took: 0.0000200 seconds
[2019-12-09T04:21:36.178+0000][1][safepoint    ] Application time: 1.0000759 seconds
[2019-12-09T04:21:36.179+0000][1][safepoint    ] Entering safepoint region: Cleanup
[2019-12-09T04:21:36.179+0000][1][safepoint    ] Leaving safepoint region
[2019-12-09T04:21:36.179+0000][1][safepoint    ] Total time for which application threads were stopped: 0.0000813 seconds, Stopping threads took: 0.0000174 seconds
[2019-12-09T04:21:37.179+0000][1][safepoint    ] Application time: 1.0000811 seconds
[2019-12-09T04:21:37.179+0000][1][safepoint    ] Entering safepoint region: Cleanup
[2019-12-09T04:21:37.179+0000][1][safepoint    ] Leaving safepoint region
[2019-12-09T04:21:37.179+0000][1][safepoint    ] Total time for which application threads were stopped: 0.0000827 seconds, Stopping threads took: 0.0000195 seconds
[2019-12-09T04:21:38.179+0000][1][safepoint    ] Application time: 1.0000751 seconds
[2019-12-09T04:21:38.179+0000][1][safepoint    ] Entering safepoint region: Cleanup
[2019-12-09T04:21:38.179+0000][1][safepoint    ] Leaving safepoint region
[2019-12-09T04:21:38.179+0000][1][safepoint    ] Total time for which application threads were stopped: 0.0000840 seconds, Stopping threads took: 0.0000182 seconds
[2019-12-09T04:21:39.179+0000][1][safepoint    ] Application time: 1.0000749 seconds
[2019-12-09T04:21:39.179+0000][1][safepoint    ] Entering safepoint region: Cleanup
[2019-12-09T04:21:39.179+0000][1][safepoint    ] Leaving safepoint region
[2019-12-09T04:21:39.179+0000][1][safepoint    ] Total time for which application threads were stopped: 0.0000845 seconds, Stopping threads took: 0.0000198 seconds
[2019-12-09T04:21:40.179+0000][1][safepoint    ] Application time: 1.0000760 seconds
[2019-12-09T04:21:40.179+0000][1][safepoint    ] Entering safepoint region: Cleanup
[2019-12-09T04:21:40.179+0000][1][safepoint    ] Leaving safepoint region
[2019-12-09T04:21:40.179+0000][1][safepoint    ] Total time for which application threads were stopped: 0.0000875 seconds, Stopping threads took: 0.0000176 seconds
[2019-12-09T04:21:41.179+0000][1][safepoint    ] Application time: 1.0000846 seconds
[2019-12-09T04:21:41.179+0000][1][safepoint    ] Entering safepoint region: Cleanup
[2019-12-09T04:21:41.180+0000][1][safepoint    ] Leaving safepoint region
[2019-12-09T04:21:41.180+0000][1][safepoint    ] Total time for which application threads were stopped: 0.0000840 seconds, Stopping threads took: 0.0000187 seconds
[2019-12-09T04:21:42.180+0000][1][safepoint    ] Application time: 1.0000757 seconds
[2019-12-09T04:21:42.180+0000][1][safepoint    ] Entering safepoint region: Cleanup
[2019-12-09T04:21:42.180+0000][1][safepoint    ] Leaving safepoint region
[2019-12-09T04:21:42.180+0000][1][safepoint    ] Total time for which application threads were stopped: 0.0000901 seconds, Stopping threads took: 0.0000244 seconds
[2019-12-09T04:21:43.180+0000][1][safepoint    ] Application time: 1.0000779 seconds
[2019-12-09T04:21:43.180+0000][1][safepoint    ] Entering safepoint region: Cleanup
[2019-12-09T04:21:43.180+0000][1][safepoint    ] Leaving safepoint region
[2019-12-09T04:21:43.180+0000][1][safepoint    ] Total time for which application threads were stopped: 0.0000825 seconds, Stopping threads took: 0.0000175 seconds
[2019-12-09T04:21:44.180+0000][1][safepoint    ] Application time: 1.0000778 seconds
[2019-12-09T04:21:44.180+0000][1][safepoint    ] Entering safepoint region: Cleanup
[2019-12-09T04:21:44.180+0000][1][safepoint    ] Leaving safepoint region
[2019-12-09T04:21:44.180+0000][1][safepoint    ] Total time for which application threads were stopped: 0.0000839 seconds, Stopping threads took: 0.0000182 seconds
[2019-12-09T04:21:45.180+0000][1][safepoint    ] Application time: 1.0000846 seconds
[2019-12-09T04:21:45.180+0000][1][safepoint    ] Entering safepoint region: Cleanup
[2019-12-09T04:21:45.180+0000][1][safepoint    ] Leaving safepoint region
[2019-12-09T04:21:45.180+0000][1][safepoint    ] Total time for which application threads were stopped: 0.0000827 seconds, Stopping threads took: 0.0000179 seconds
[2019-12-09T04:21:46.180+0000][1][safepoint    ] Application time: 1.0000773 seconds
[2019-12-09T04:21:46.180+0000][1][safepoint    ] Entering safepoint region: Cleanup
[2019-12-09T04:21:46.181+0000][1][safepoint    ] Leaving safepoint region
[2019-12-09T04:21:46.181+0000][1][safepoint    ] Total time for which application threads were stopped: 0.0000841 seconds, Stopping threads took: 0.0000169 seconds
[2019-12-09T04:21:47.181+0000][1][safepoint    ] Application time: 1.0000774 seconds
[2019-12-09T04:21:47.181+0000][1][safepoint    ] Entering safepoint region: Cleanup
[2019-12-09T04:21:47.181+0000][1][safepoint    ] Leaving safepoint region
[2019-12-09T04:21:47.181+0000][1][safepoint    ] Total time for which application threads were stopped: 0.0000956 seconds, Stopping threads took: 0.0000182 seconds
[2019-12-09T04:21:48.181+0000][1][safepoint    ] Application time: 1.0000770 seconds
[2019-12-09T04:21:48.181+0000][1][safepoint    ] Entering safepoint region: Cleanup
[2019-12-09T04:21:48.181+0000][1][safepoint    ] Leaving safepoint region
[2019-12-09T04:21:48.181+0000][1][safepoint    ] Total time for which application threads were stopped: 0.0000862 seconds, Stopping threads took: 0.0000198 seconds
[2019-12-09T04:21:49.181+0000][1][safepoint    ] Application time: 1.0000746 seconds
[2019-12-09T04:21:49.181+0000][1][safepoint    ] Entering safepoint region: Cleanup
[2019-12-09T04:21:49.181+0000][1][safepoint    ] Leaving safepoint region
[2019-12-09T04:21:49.181+0000][1][safepoint    ] Total time for which application threads were stopped: 0.0000820 seconds, Stopping threads took: 0.0000170 seconds
[2019-12-09T04:21:50.181+0000][1][safepoint    ] Application time: 1.0000778 seconds
[2019-12-09T04:21:50.181+0000][1][safepoint    ] Entering safepoint region: Cleanup
[2019-12-09T04:21:50.181+0000][1][safepoint    ] Leaving safepoint region
[2019-12-09T04:21:50.181+0000][1][safepoint    ] Total time for which application threads were stopped: 0.0000825 seconds, Stopping threads took: 0.0000180 seconds
[2019-12-09T04:21:51.181+0000][1][safepoint    ] Application time: 1.0000773 seconds
[2019-12-09T04:21:51.181+0000][1][safepoint    ] Entering safepoint region: Cleanup
[2019-12-09T04:21:51.181+0000][1][safepoint    ] Leaving safepoint region
[2019-12-09T04:21:51.181+0000][1][safepoint    ] Total time for which application threads were stopped: 0.0000834 seconds, Stopping threads took: 0.0000188 seconds
[2019-12-09T04:21:52.182+0000][1][safepoint    ] Application time: 1.0000773 seconds
[2019-12-09T04:21:52.182+0000][1][safepoint    ] Entering safepoint region: Cleanup
[2019-12-09T04:21:52.182+0000][1][safepoint    ] Leaving safepoint region
[2019-12-09T04:21:52.182+0000][1][safepoint    ] Total time for which application threads were stopped: 0.0000854 seconds, Stopping threads took: 0.0000177 seconds
[2019-12-09T04:21:53.182+0000][1][safepoint    ] Application time: 1.0000778 seconds
[2019-12-09T04:21:53.182+0000][1][safepoint    ] Entering safepoint region: Cleanup
[2019-12-09T04:21:53.182+0000][1][safepoint    ] Leaving safepoint region
[2019-12-09T04:21:53.182+0000][1][safepoint    ] Total time for which application threads were stopped: 0.0000844 seconds, Stopping threads took: 0.0000198 seconds
[2019-12-09T04:21:54.182+0000][1][safepoint    ] Application time: 1.0000762 seconds
[2019-12-09T04:21:54.182+0000][1][safepoint    ] Entering safepoint region: Cleanup
[2019-12-09T04:21:54.182+0000][1][safepoint    ] Leaving safepoint region
[2019-12-09T04:21:54.182+0000][1][safepoint    ] Total time for which application threads were stopped: 0.0000832 seconds, Stopping threads took: 0.0000186 seconds
[2019-12-09T04:21:55.182+0000][1][safepoint    ] Application time: 1.0000777 seconds
[2019-12-09T04:21:55.182+0000][1][safepoint    ] Entering safepoint region: Cleanup
[2019-12-09T04:21:55.182+0000][1][safepoint    ] Leaving safepoint region
[2019-12-09T04:21:55.182+0000][1][safepoint    ] Total time for which application threads were stopped: 0.0000824 seconds, Stopping threads took: 0.0000175 seconds
[2019-12-09T04:21:56.182+0000][1][safepoint    ] Application time: 1.0000773 seconds
[2019-12-09T04:21:56.182+0000][1][safepoint    ] Entering safepoint region: Cleanup
[2019-12-09T04:21:56.182+0000][1][safepoint    ] Leaving safepoint region
[2019-12-09T04:21:56.182+0000][1][safepoint    ] Total time for which application threads were stopped: 0.0000840 seconds, Stopping threads took: 0.0000183 seconds
[2019-12-09T04:21:57.183+0000][1][safepoint    ] Application time: 1.0000753 seconds
[2019-12-09T04:21:57.183+0000][1][safepoint    ] Entering safepoint region: Cleanup
[2019-12-09T04:21:57.183+0000][1][safepoint    ] Leaving safepoint region
[2019-12-09T04:21:57.183+0000][1][safepoint    ] Total time for which application threads were stopped: 0.0000820 seconds, Stopping threads took: 0.0000180 seconds
[2019-12-09T04:21:58.183+0000][1][safepoint    ] Application time: 1.0000881 seconds
[2019-12-09T04:21:58.183+0000][1][safepoint    ] Entering safepoint region: Cleanup
[2019-12-09T04:21:58.183+0000][1][safepoint    ] Leaving safepoint region
[2019-12-09T04:21:58.183+0000][1][safepoint    ] Total time for which application threads were stopped: 0.0000910 seconds, Stopping threads took: 0.0000250 seconds
[2019-12-09T04:21:59.183+0000][1][safepoint    ] Application time: 1.0000762 seconds
[2019-12-09T04:21:59.183+0000][1][safepoint    ] Entering safepoint region: Cleanup
[2019-12-09T04:21:59.183+0000][1][safepoint    ] Leaving safepoint region
[2019-12-09T04:21:59.183+0000][1][safepoint    ] Total time for which application threads were stopped: 0.0000833 seconds, Stopping threads took: 0.0000183 seconds
[2019-12-09T04:22:00.183+0000][1][safepoint    ] Application time: 1.0000760 seconds
[2019-12-09T04:22:00.183+0000][1][safepoint    ] Entering safepoint region: Cleanup
[2019-12-09T04:22:00.183+0000][1][safepoint    ] Leaving safepoint region
[2019-12-09T04:22:00.183+0000][1][safepoint    ] Total time for which application threads were stopped: 0.0000777 seconds, Stopping threads took: 0.0000171 seconds
[2019-12-09T04:22:01.183+0000][1][safepoint    ] Application time: 1.0000862 seconds
[2019-12-09T04:22:01.183+0000][1][safepoint    ] Entering safepoint region: Cleanup
[2019-12-09T04:22:01.183+0000][1][safepoint    ] Leaving safepoint region
[2019-12-09T04:22:01.183+0000][1][safepoint    ] Total time for which application threads were stopped: 0.0001144 seconds, Stopping threads took: 0.0000243 seconds
[2019-12-09T04:22:02.891+0000][1][safepoint    ] Application time: 1.7078781 seconds
[2019-12-09T04:22:02.891+0000][1][safepoint    ] Entering safepoint region: Cleanup
[2019-12-09T04:22:02.891+0000][1][safepoint    ] Leaving safepoint region
[2019-12-09T04:22:02.891+0000][1][safepoint    ] Total time for which application threads were stopped: 0.0000922 seconds, Stopping threads took: 0.0000192 seconds
[2019-12-09T04:22:03.892+0000][1][safepoint    ] Application time: 1.0000768 seconds
[2019-12-09T04:22:03.892+0000][1][safepoint    ] Entering safepoint region: Cleanup
[2019-12-09T04:22:03.892+0000][1][safepoint    ] Leaving safepoint region
[2019-12-09T04:22:03.892+0000][1][safepoint    ] Total time for which application threads were stopped: 0.0000850 seconds, Stopping threads took: 0.0000174 seconds
[2019-12-09T04:22:04.892+0000][1][safepoint    ] Application time: 1.0000772 seconds
[2019-12-09T04:22:04.892+0000][1][safepoint    ] Entering safepoint region: Cleanup
[2019-12-09T04:22:04.892+0000][1][safepoint    ] Leaving safepoint region
[2019-12-09T04:22:04.892+0000][1][safepoint    ] Total time for which application threads were stopped: 0.0000914 seconds, Stopping threads took: 0.0000202 seconds
[2019-12-09T04:22:05.892+0000][1][safepoint    ] Application time: 1.0000776 seconds
[2019-12-09T04:22:05.892+0000][1][safepoint    ] Entering safepoint region: Cleanup
[2019-12-09T04:22:05.892+0000][1][safepoint    ] Leaving safepoint region
[2019-12-09T04:22:05.892+0000][1][safepoint    ] Total time for which application threads were stopped: 0.0000835 seconds, Stopping threads took: 0.0000177 seconds
[2019-12-09T04:22:06.892+0000][1][safepoint    ] Application time: 1.0000769 seconds
[2019-12-09T04:22:06.892+0000][1][safepoint    ] Entering safepoint region: Cleanup
[2019-12-09T04:22:06.892+0000][1][safepoint    ] Leaving safepoint region
[2019-12-09T04:22:06.892+0000][1][safepoint    ] Total time for which application threads were stopped: 0.0001279 seconds, Stopping threads took: 0.0000257 seconds
[2019-12-09T04:22:07.892+0000][1][safepoint    ] Application time: 1.0000768 seconds
[2019-12-09T04:22:07.892+0000][1][safepoint    ] Entering safepoint region: Cleanup
[2019-12-09T04:22:07.893+0000][1][safepoint    ] Leaving safepoint region
[2019-12-09T04:22:07.893+0000][1][safepoint    ] Total time for which application threads were stopped: 0.0000852 seconds, Stopping threads took: 0.0000163 seconds
[2019-12-09T04:22:08.893+0000][1][safepoint    ] Application time: 1.0000758 seconds
[2019-12-09T04:22:08.893+0000][1][safepoint    ] Entering safepoint region: Cleanup
[2019-12-09T04:22:08.893+0000][1][safepoint    ] Leaving safepoint region
[2019-12-09T04:22:08.893+0000][1][safepoint    ] Total time for which application threads were stopped: 0.0001008 seconds, Stopping threads took: 0.0000313 seconds
[2019-12-09T04:22:09.893+0000][1][safepoint    ] Application time: 1.0000762 seconds
[2019-12-09T04:22:09.893+0000][1][safepoint    ] Entering safepoint region: Cleanup
[2019-12-09T04:22:09.893+0000][1][safepoint    ] Leaving safepoint region
[2019-12-09T04:22:09.893+0000][1][safepoint    ] Total time for which application threads were stopped: 0.0000834 seconds, Stopping threads took: 0.0000174 seconds
[2019-12-09T04:22:10.893+0000][1][safepoint    ] Application time: 1.0000767 seconds
[2019-12-09T04:22:10.893+0000][1][safepoint    ] Entering safepoint region: Cleanup
[2019-12-09T04:22:10.893+0000][1][safepoint    ] Leaving safepoint region
[2019-12-09T04:22:10.893+0000][1][safepoint    ] Total time for which application threads were stopped: 0.0000834 seconds, Stopping threads took: 0.0000181 seconds
[2019-12-09T04:22:11.893+0000][1][safepoint    ] Application time: 1.0000752 seconds
[2019-12-09T04:22:11.893+0000][1][safepoint    ] Entering safepoint region: Cleanup
[2019-12-09T04:22:11.893+0000][1][safepoint    ] Leaving safepoint region
[2019-12-09T04:22:11.893+0000][1][safepoint    ] Total time for which application threads were stopped: 0.0000856 seconds, Stopping threads took: 0.0000187 seconds
[2019-12-09T04:22:12.893+0000][1][safepoint    ] Application time: 1.0000774 seconds
[2019-12-09T04:22:12.893+0000][1][safepoint    ] Entering safepoint region: Cleanup
[2019-12-09T04:22:12.894+0000][1][safepoint    ] Leaving safepoint region
[2019-12-09T04:22:12.894+0000][1][safepoint    ] Total time for which application threads were stopped: 0.0000864 seconds, Stopping threads took: 0.0000188 seconds
[2019-12-09T04:22:13.894+0000][1][safepoint    ] Application time: 1.0000764 seconds
[2019-12-09T04:22:13.894+0000][1][safepoint    ] Entering safepoint region: Cleanup
[2019-12-09T04:22:13.894+0000][1][safepoint    ] Leaving safepoint region
[2019-12-09T04:22:13.894+0000][1][safepoint    ] Total time for which application threads were stopped: 0.0000926 seconds, Stopping threads took: 0.0000200 seconds
[2019-12-09T04:22:14.894+0000][1][safepoint    ] Application time: 1.0000755 seconds
[2019-12-09T04:22:14.894+0000][1][safepoint    ] Entering safepoint region: Cleanup
[2019-12-09T04:22:14.894+0000][1][safepoint    ] Leaving safepoint region
[2019-12-09T04:22:14.894+0000][1][safepoint    ] Total time for which application threads were stopped: 0.0000856 seconds, Stopping threads took: 0.0000183 seconds
[2019-12-09T04:22:15.894+0000][1][safepoint    ] Application time: 1.0000745 seconds
[2019-12-09T04:22:15.894+0000][1][safepoint    ] Entering safepoint region: Cleanup
[2019-12-09T04:22:15.894+0000][1][safepoint    ] Leaving safepoint region
[2019-12-09T04:22:15.894+0000][1][safepoint    ] Total time for which application threads were stopped: 0.0000820 seconds, Stopping threads took: 0.0000168 seconds
[2019-12-09T04:22:16.894+0000][1][safepoint    ] Application time: 1.0000777 seconds
[2019-12-09T04:22:16.894+0000][1][safepoint    ] Entering safepoint region: Cleanup
[2019-12-09T04:22:16.894+0000][1][safepoint    ] Leaving safepoint region
[2019-12-09T04:22:16.894+0000][1][safepoint    ] Total time for which application threads were stopped: 0.0000833 seconds, Stopping threads took: 0.0000174 seconds
[2019-12-09T04:22:17.894+0000][1][safepoint    ] Application time: 1.0000757 seconds
[2019-12-09T04:22:17.895+0000][1][safepoint    ] Entering safepoint region: Cleanup
[2019-12-09T04:22:17.895+0000][1][safepoint    ] Leaving safepoint region
[2019-12-09T04:22:17.895+0000][1][safepoint    ] Total time for which application threads were stopped: 0.0000851 seconds, Stopping threads took: 0.0000177 seconds
[2019-12-09T04:22:18.895+0000][1][safepoint    ] Application time: 1.0000853 seconds
[2019-12-09T04:22:18.895+0000][1][safepoint    ] Entering safepoint region: Cleanup
[2019-12-09T04:22:18.895+0000][1][safepoint    ] Leaving safepoint region
[2019-12-09T04:22:18.895+0000][1][safepoint    ] Total time for which application threads were stopped: 0.0000882 seconds, Stopping threads took: 0.0000224 seconds
[2019-12-09T04:22:19.895+0000][1][safepoint    ] Application time: 1.0000852 seconds
[2019-12-09T04:22:19.895+0000][1][safepoint    ] Entering safepoint region: Cleanup
[2019-12-09T04:22:19.895+0000][1][safepoint    ] Leaving safepoint region
[2019-12-09T04:22:19.895+0000][1][safepoint    ] Total time for which application threads were stopped: 0.0000910 seconds, Stopping threads took: 0.0000225 seconds
[2019-12-09T04:22:20.895+0000][1][safepoint    ] Application time: 1.0000806 seconds
[2019-12-09T04:22:20.895+0000][1][safepoint    ] Entering safepoint region: Cleanup
[2019-12-09T04:22:20.895+0000][1][safepoint    ] Leaving safepoint region
[2019-12-09T04:22:20.895+0000][1][safepoint    ] Total time for which application threads were stopped: 0.0000916 seconds, Stopping threads took: 0.0000210 seconds
[2019-12-09T04:22:21.895+0000][1][safepoint    ] Application time: 1.0000812 seconds
[2019-12-09T04:22:21.895+0000][1][safepoint    ] Entering safepoint region: Cleanup
[2019-12-09T04:22:21.895+0000][1][safepoint    ] Leaving safepoint region
[2019-12-09T04:22:21.895+0000][1][safepoint    ] Total time for which application threads were stopped: 0.0000900 seconds, Stopping threads took: 0.0000203 seconds
[2019-12-09T04:22:22.896+0000][1][safepoint    ] Application time: 1.0001067 seconds
[2019-12-09T04:22:22.896+0000][1][safepoint    ] Entering safepoint region: Cleanup
[2019-12-09T04:22:22.896+0000][1][safepoint    ] Leaving safepoint region
[2019-12-09T04:22:22.896+0000][1][safepoint    ] Total time for which application threads were stopped: 0.0001565 seconds, Stopping threads took: 0.0000827 seconds
[2019-12-09T04:22:23.896+0000][1][safepoint    ] Application time: 1.0000838 seconds
[2019-12-09T04:22:23.896+0000][1][safepoint    ] Entering safepoint region: Cleanup
[2019-12-09T04:22:23.896+0000][1][safepoint    ] Leaving safepoint region
[2019-12-09T04:22:23.896+0000][1][safepoint    ] Total time for which application threads were stopped: 0.0001193 seconds, Stopping threads took: 0.0000286 seconds
[2019-12-09T04:22:24.896+0000][1][safepoint    ] Application time: 1.0000744 seconds
[2019-12-09T04:22:24.896+0000][1][safepoint    ] Entering safepoint region: Cleanup
[2019-12-09T04:22:24.896+0000][1][safepoint    ] Leaving safepoint region
[2019-12-09T04:22:24.896+0000][1][safepoint    ] Total time for which application threads were stopped: 0.0001036 seconds, Stopping threads took: 0.0000179 seconds
[2019-12-09T04:22:25.896+0000][1][safepoint    ] Application time: 1.0000817 seconds
[2019-12-09T04:22:25.896+0000][1][safepoint    ] Entering safepoint region: Cleanup
[2019-12-09T04:22:25.896+0000][1][safepoint    ] Leaving safepoint region
[2019-12-09T04:22:25.896+0000][1][safepoint    ] Total time for which application threads were stopped: 0.0000873 seconds, Stopping threads took: 0.0000202 seconds
[2019-12-09T04:22:26.897+0000][1][safepoint    ] Application time: 1.0000801 seconds
[2019-12-09T04:22:26.897+0000][1][safepoint    ] Entering safepoint region: Cleanup
[2019-12-09T04:22:26.897+0000][1][safepoint    ] Leaving safepoint region
[2019-12-09T04:22:26.897+0000][1][safepoint    ] Total time for which application threads were stopped: 0.0001057 seconds, Stopping threads took: 0.0000185 seconds
[2019-12-09T04:22:27.897+0000][1][safepoint    ] Application time: 1.0000775 seconds
[2019-12-09T04:22:27.897+0000][1][safepoint    ] Entering safepoint region: Cleanup
[2019-12-09T04:22:27.897+0000][1][safepoint    ] Leaving safepoint region
[2019-12-09T04:22:27.897+0000][1][safepoint    ] Total time for which application threads were stopped: 0.0000919 seconds, Stopping threads took: 0.0000252 seconds
[2019-12-09T04:22:28.897+0000][1][safepoint    ] Application time: 1.0000765 seconds
[2019-12-09T04:22:28.897+0000][1][safepoint    ] Entering safepoint region: Cleanup
[2019-12-09T04:22:28.897+0000][1][safepoint    ] Leaving safepoint region
[2019-12-09T04:22:28.897+0000][1][safepoint    ] Total time for which application threads were stopped: 0.0000834 seconds, Stopping threads took: 0.0000185 seconds
[2019-12-09T04:22:29.897+0000][1][safepoint    ] Application time: 1.0000772 seconds
[2019-12-09T04:22:29.897+0000][1][safepoint    ] Entering safepoint region: Cleanup
[2019-12-09T04:22:29.897+0000][1][safepoint    ] Leaving safepoint region
[2019-12-09T04:22:29.897+0000][1][safepoint    ] Total time for which application threads were stopped: 0.0000857 seconds, Stopping threads took: 0.0000183 seconds
[2019-12-09T04:22:30.897+0000][1][safepoint    ] Application time: 1.0000768 seconds
[2019-12-09T04:22:30.897+0000][1][safepoint    ] Entering safepoint region: Cleanup
[2019-12-09T04:22:30.898+0000][1][safepoint    ] Leaving safepoint region
[2019-12-09T04:22:30.898+0000][1][safepoint    ] Total time for which application threads were stopped: 0.0000886 seconds, Stopping threads took: 0.0000189 seconds
[2019-12-09T04:22:31.898+0000][1][safepoint    ] Application time: 1.0000774 seconds
[2019-12-09T04:22:31.898+0000][1][safepoint    ] Entering safepoint region: Cleanup
[2019-12-09T04:22:31.898+0000][1][safepoint    ] Leaving safepoint region
[2019-12-09T04:22:31.898+0000][1][safepoint    ] Total time for which application threads were stopped: 0.0000958 seconds, Stopping threads took: 0.0000288 seconds
[2019-12-09T04:22:32.898+0000][1][safepoint    ] Application time: 1.0000743 seconds
[2019-12-09T04:22:32.898+0000][1][safepoint    ] Entering safepoint region: Cleanup
[2019-12-09T04:22:32.898+0000][1][safepoint    ] Leaving safepoint region
[2019-12-09T04:22:32.898+0000][1][safepoint    ] Total time for which application threads were stopped: 0.0000929 seconds, Stopping threads took: 0.0000232 seconds
[2019-12-09T04:22:33.898+0000][1][safepoint    ] Application time: 1.0000767 seconds
[2019-12-09T04:22:33.898+0000][1][safepoint    ] Entering safepoint region: Cleanup
[2019-12-09T04:22:33.898+0000][1][safepoint    ] Leaving safepoint region
[2019-12-09T04:22:33.898+0000][1][safepoint    ] Total time for which application threads were stopped: 0.0000843 seconds, Stopping threads took: 0.0000178 seconds
[2019-12-09T04:22:34.898+0000][1][safepoint    ] Application time: 1.0000766 seconds
[2019-12-09T04:22:34.898+0000][1][safepoint    ] Entering safepoint region: Cleanup
[2019-12-09T04:22:34.898+0000][1][safepoint    ] Leaving safepoint region
[2019-12-09T04:22:34.898+0000][1][safepoint    ] Total time for which application threads were stopped: 0.0000891 seconds, Stopping threads took: 0.0000188 seconds
[2019-12-09T04:22:35.898+0000][1][safepoint    ] Application time: 1.0000787 seconds
[2019-12-09T04:22:35.899+0000][1][safepoint    ] Entering safepoint region: Cleanup
[2019-12-09T04:22:35.899+0000][1][safepoint    ] Leaving safepoint region
[2019-12-09T04:22:35.899+0000][1][safepoint    ] Total time for which application threads were stopped: 0.0000867 seconds, Stopping threads took: 0.0000194 seconds
[2019-12-09T04:22:36.899+0000][1][safepoint    ] Application time: 1.0000781 seconds
[2019-12-09T04:22:36.899+0000][1][safepoint    ] Entering safepoint region: Cleanup
[2019-12-09T04:22:36.899+0000][1][safepoint    ] Leaving safepoint region
[2019-12-09T04:22:36.899+0000][1][safepoint    ] Total time for which application threads were stopped: 0.0000846 seconds, Stopping threads took: 0.0000176 seconds
[2019-12-09T04:22:37.202+0000][1][safepoint    ] Application time: 0.3027054 seconds
[2019-12-09T04:22:37.202+0000][1][safepoint    ] Entering safepoint region: GenCollectForAllocation
[2019-12-09T04:22:37.202+0000][1][gc,start     ] GC(64) Pause Young (Allocation Failure)
[2019-12-09T04:22:37.202+0000][1][gc,task      ] GC(64) Using 2 workers of 2 for evacuation
[2019-12-09T04:22:37.203+0000][1][gc,age       ] GC(64) Desired survivor size 4456448 bytes, new threshold 6 (max threshold 6)
[2019-12-09T04:22:37.203+0000][1][gc,age       ] GC(64) Age table with threshold 6 (max threshold 6)
[2019-12-09T04:22:37.203+0000][1][gc,age       ] GC(64) - age   1:      18576 bytes,      18576 total
[2019-12-09T04:22:37.203+0000][1][gc,age       ] GC(64) - age   2:       1784 bytes,      20360 total
[2019-12-09T04:22:37.203+0000][1][gc,age       ] GC(64) - age   3:       1024 bytes,      21384 total
[2019-12-09T04:22:37.203+0000][1][gc,age       ] GC(64) - age   4:       4008 bytes,      25392 total
[2019-12-09T04:22:37.203+0000][1][gc,age       ] GC(64) - age   5:       2592 bytes,      27984 total
[2019-12-09T04:22:37.204+0000][1][gc,age       ] GC(64) - age   6:       2192 bytes,      30176 total
[2019-12-09T04:22:37.204+0000][1][gc,heap      ] GC(64) ParNew: 69982K->31K(78656K)
[2019-12-09T04:22:37.204+0000][1][gc,heap      ] GC(64) CMS: 119374K->119377K(174784K)
[2019-12-09T04:22:37.204+0000][1][gc,metaspace ] GC(64) Metaspace: 83516K->83516K(1126400K)
[2019-12-09T04:22:37.204+0000][1][gc           ] GC(64) Pause Young (Allocation Failure) 184M->116M(247M) 1.879ms
[2019-12-09T04:22:37.204+0000][1][gc,cpu       ] GC(64) User=0.01s Sys=0.00s Real=0.00s
[2019-12-09T04:22:37.204+0000][1][safepoint    ] Leaving safepoint region
[2019-12-09T04:22:37.204+0000][1][safepoint    ] Total time for which application threads were stopped: 0.0020423 seconds, Stopping threads took: 0.0000188 seconds
[2019-12-09T04:22:38.204+0000][1][safepoint    ] Application time: 1.0001003 seconds
[2019-12-09T04:22:38.204+0000][1][safepoint    ] Entering safepoint region: Cleanup
[2019-12-09T04:22:38.204+0000][1][safepoint    ] Leaving safepoint region
[2019-12-09T04:22:38.204+0000][1][safepoint    ] Total time for which application threads were stopped: 0.0000908 seconds, Stopping threads took: 0.0000200 seconds
[2019-12-09T04:22:39.204+0000][1][safepoint    ] Application time: 1.0000751 seconds
[2019-12-09T04:22:39.204+0000][1][safepoint    ] Entering safepoint region: Cleanup
[2019-12-09T04:22:39.204+0000][1][safepoint    ] Leaving safepoint region
[2019-12-09T04:22:39.204+0000][1][safepoint    ] Total time for which application threads were stopped: 0.0000859 seconds, Stopping threads took: 0.0000183 seconds
[2019-12-09T04:22:40.204+0000][1][safepoint    ] Application time: 1.0000768 seconds
[2019-12-09T04:22:40.204+0000][1][safepoint    ] Entering safepoint region: Cleanup
[2019-12-09T04:22:40.204+0000][1][safepoint    ] Leaving safepoint region
[2019-12-09T04:22:40.204+0000][1][safepoint    ] Total time for which application threads were stopped: 0.0000884 seconds, Stopping threads took: 0.0000191 seconds
[2019-12-09T04:22:41.204+0000][1][safepoint    ] Application time: 1.0000754 seconds
[2019-12-09T04:22:41.204+0000][1][safepoint    ] Entering safepoint region: Cleanup
[2019-12-09T04:22:41.204+0000][1][safepoint    ] Leaving safepoint region
[2019-12-09T04:22:41.204+0000][1][safepoint    ] Total time for which application threads were stopped: 0.0000959 seconds, Stopping threads took: 0.0000186 seconds
[2019-12-09T04:22:42.205+0000][1][safepoint    ] Application time: 1.0000879 seconds
[2019-12-09T04:22:42.205+0000][1][safepoint    ] Entering safepoint region: Cleanup
[2019-12-09T04:22:42.205+0000][1][safepoint    ] Leaving safepoint region
[2019-12-09T04:22:42.205+0000][1][safepoint    ] Total time for which application threads were stopped: 0.0001595 seconds, Stopping threads took: 0.0000446 seconds
[2019-12-09T04:22:43.205+0000][1][safepoint    ] Application time: 1.0000844 seconds
[2019-12-09T04:22:43.205+0000][1][safepoint    ] Entering safepoint region: Cleanup
[2019-12-09T04:22:43.205+0000][1][safepoint    ] Leaving safepoint region
[2019-12-09T04:22:43.205+0000][1][safepoint    ] Total time for which application threads were stopped: 0.0000892 seconds, Stopping threads took: 0.0000212 seconds
[2019-12-09T04:22:44.205+0000][1][safepoint    ] Application time: 1.0000776 seconds
[2019-12-09T04:22:44.205+0000][1][safepoint    ] Entering safepoint region: Cleanup
[2019-12-09T04:22:44.205+0000][1][safepoint    ] Leaving safepoint region
[2019-12-09T04:22:44.205+0000][1][safepoint    ] Total time for which application threads were stopped: 0.0000896 seconds, Stopping threads took: 0.0000197 seconds
[2019-12-09T04:22:45.205+0000][1][safepoint    ] Application time: 1.0000771 seconds
[2019-12-09T04:22:45.205+0000][1][safepoint    ] Entering safepoint region: Cleanup
[2019-12-09T04:22:45.205+0000][1][safepoint    ] Leaving safepoint region
[2019-12-09T04:22:45.205+0000][1][safepoint    ] Total time for which application threads were stopped: 0.0000924 seconds, Stopping threads took: 0.0000216 seconds
[2019-12-09T04:22:46.205+0000][1][safepoint    ] Application time: 1.0000783 seconds
[2019-12-09T04:22:46.206+0000][1][safepoint    ] Entering safepoint region: Cleanup
[2019-12-09T04:22:46.206+0000][1][safepoint    ] Leaving safepoint region
[2019-12-09T04:22:46.206+0000][1][safepoint    ] Total time for which application threads were stopped: 0.0000897 seconds, Stopping threads took: 0.0000204 seconds
[2019-12-09T04:22:47.206+0000][1][safepoint    ] Application time: 1.0000765 seconds
[2019-12-09T04:22:47.206+0000][1][safepoint    ] Entering safepoint region: Cleanup
[2019-12-09T04:22:47.206+0000][1][safepoint    ] Leaving safepoint region
[2019-12-09T04:22:47.206+0000][1][safepoint    ] Total time for which application threads were stopped: 0.0000907 seconds, Stopping threads took: 0.0000214 seconds
[2019-12-09T04:22:48.206+0000][1][safepoint    ] Application time: 1.0000779 seconds
[2019-12-09T04:22:48.206+0000][1][safepoint    ] Entering safepoint region: Cleanup
[2019-12-09T04:22:48.206+0000][1][safepoint    ] Leaving safepoint region
[2019-12-09T04:22:48.206+0000][1][safepoint    ] Total time for which application threads were stopped: 0.0000908 seconds, Stopping threads took: 0.0000207 seconds
[2019-12-09T04:22:49.206+0000][1][safepoint    ] Application time: 1.0000765 seconds
[2019-12-09T04:22:49.206+0000][1][safepoint    ] Entering safepoint region: Cleanup
[2019-12-09T04:22:49.206+0000][1][safepoint    ] Leaving safepoint region
[2019-12-09T04:22:49.206+0000][1][safepoint    ] Total time for which application threads were stopped: 0.0000922 seconds, Stopping threads took: 0.0000225 seconds
[2019-12-09T04:22:50.206+0000][1][safepoint    ] Application time: 1.0000763 seconds
[2019-12-09T04:22:50.206+0000][1][safepoint    ] Entering safepoint region: Cleanup
[2019-12-09T04:22:50.206+0000][1][safepoint    ] Leaving safepoint region
[2019-12-09T04:22:50.206+0000][1][safepoint    ] Total time for which application threads were stopped: 0.0000896 seconds, Stopping threads took: 0.0000188 seconds
[2019-12-09T04:22:51.207+0000][1][safepoint    ] Application time: 1.0000771 seconds
[2019-12-09T04:22:51.207+0000][1][safepoint    ] Entering safepoint region: Cleanup
[2019-12-09T04:22:51.207+0000][1][safepoint    ] Leaving safepoint region
[2019-12-09T04:22:51.207+0000][1][safepoint    ] Total time for which application threads were stopped: 0.0000865 seconds, Stopping threads took: 0.0000184 seconds
[2019-12-09T04:22:52.207+0000][1][safepoint    ] Application time: 1.0000756 seconds
[2019-12-09T04:22:52.207+0000][1][safepoint    ] Entering safepoint region: Cleanup
[2019-12-09T04:22:52.207+0000][1][safepoint    ] Leaving safepoint region
[2019-12-09T04:22:52.207+0000][1][safepoint    ] Total time for which application threads were stopped: 0.0001157 seconds, Stopping threads took: 0.0000336 seconds
[2019-12-09T04:22:53.207+0000][1][safepoint    ] Application time: 1.0000765 seconds
[2019-12-09T04:22:53.207+0000][1][safepoint    ] Entering safepoint region: Cleanup
[2019-12-09T04:22:53.207+0000][1][safepoint    ] Leaving safepoint region
[2019-12-09T04:22:53.207+0000][1][safepoint    ] Total time for which application threads were stopped: 0.0000888 seconds, Stopping threads took: 0.0000201 seconds
[2019-12-09T04:22:54.207+0000][1][safepoint    ] Application time: 1.0000744 seconds
[2019-12-09T04:22:54.207+0000][1][safepoint    ] Entering safepoint region: Cleanup
[2019-12-09T04:22:54.207+0000][1][safepoint    ] Leaving safepoint region
[2019-12-09T04:22:54.207+0000][1][safepoint    ] Total time for which application threads were stopped: 0.0000919 seconds, Stopping threads took: 0.0000191 seconds
[2019-12-09T04:22:55.207+0000][1][safepoint    ] Application time: 1.0000771 seconds
[2019-12-09T04:22:55.207+0000][1][safepoint    ] Entering safepoint region: Cleanup
[2019-12-09T04:22:55.208+0000][1][safepoint    ] Leaving safepoint region
[2019-12-09T04:22:55.208+0000][1][safepoint    ] Total time for which application threads were stopped: 0.0000885 seconds, Stopping threads took: 0.0000189 seconds
[2019-12-09T04:22:56.208+0000][1][safepoint    ] Application time: 1.0000760 seconds
[2019-12-09T04:22:56.208+0000][1][safepoint    ] Entering safepoint region: Cleanup
[2019-12-09T04:22:56.208+0000][1][safepoint    ] Leaving safepoint region
[2019-12-09T04:22:56.208+0000][1][safepoint    ] Total time for which application threads were stopped: 0.0000998 seconds, Stopping threads took: 0.0000203 seconds
[2019-12-09T04:22:57.208+0000][1][safepoint    ] Application time: 1.0000775 seconds
[2019-12-09T04:22:57.208+0000][1][safepoint    ] Entering safepoint region: Cleanup
[2019-12-09T04:22:57.208+0000][1][safepoint    ] Leaving safepoint region
[2019-12-09T04:22:57.208+0000][1][safepoint    ] Total time for which application threads were stopped: 0.0000885 seconds, Stopping threads took: 0.0000190 seconds
[2019-12-09T04:22:58.208+0000][1][safepoint    ] Application time: 1.0000815 seconds
[2019-12-09T04:22:58.208+0000][1][safepoint    ] Entering safepoint region: Cleanup
[2019-12-09T04:22:58.208+0000][1][safepoint    ] Leaving safepoint region
[2019-12-09T04:22:58.208+0000][1][safepoint    ] Total time for which application threads were stopped: 0.0000950 seconds, Stopping threads took: 0.0000268 seconds
[2019-12-09T04:22:59.208+0000][1][safepoint    ] Application time: 1.0000793 seconds
[2019-12-09T04:22:59.208+0000][1][safepoint    ] Entering safepoint region: Cleanup
[2019-12-09T04:22:59.208+0000][1][safepoint    ] Leaving safepoint region
[2019-12-09T04:22:59.208+0000][1][safepoint    ] Total time for which application threads were stopped: 0.0000853 seconds, Stopping threads took: 0.0000176 seconds
[2019-12-09T04:23:00.208+0000][1][safepoint    ] Application time: 1.0000770 seconds
[2019-12-09T04:23:00.209+0000][1][safepoint    ] Entering safepoint region: Cleanup
[2019-12-09T04:23:00.209+0000][1][safepoint    ] Leaving safepoint region
[2019-12-09T04:23:00.209+0000][1][safepoint    ] Total time for which application threads were stopped: 0.0000839 seconds, Stopping threads took: 0.0000178 seconds
[2019-12-09T04:23:01.209+0000][1][safepoint    ] Application time: 1.0000763 seconds
[2019-12-09T04:23:01.209+0000][1][safepoint    ] Entering safepoint region: Cleanup
[2019-12-09T04:23:01.209+0000][1][safepoint    ] Leaving safepoint region
[2019-12-09T04:23:01.209+0000][1][safepoint    ] Total time for which application threads were stopped: 0.0000933 seconds, Stopping threads took: 0.0000231 seconds
[2019-12-09T04:23:02.209+0000][1][safepoint    ] Application time: 1.0000766 seconds
[2019-12-09T04:23:02.209+0000][1][safepoint    ] Entering safepoint region: Cleanup
[2019-12-09T04:23:02.209+0000][1][safepoint    ] Leaving safepoint region
[2019-12-09T04:23:02.209+0000][1][safepoint    ] Total time for which application threads were stopped: 0.0000857 seconds, Stopping threads took: 0.0000186 seconds
[2019-12-09T04:23:03.209+0000][1][safepoint    ] Application time: 1.0000764 seconds
[2019-12-09T04:23:03.209+0000][1][safepoint    ] Entering safepoint region: Cleanup
[2019-12-09T04:23:03.209+0000][1][safepoint    ] Leaving safepoint region
[2019-12-09T04:23:03.209+0000][1][safepoint    ] Total time for which application threads were stopped: 0.0000954 seconds, Stopping threads took: 0.0000264 seconds
[2019-12-09T04:23:04.209+0000][1][safepoint    ] Application time: 1.0000778 seconds
[2019-12-09T04:23:04.209+0000][1][safepoint    ] Entering safepoint region: Cleanup
[2019-12-09T04:23:04.209+0000][1][safepoint    ] Leaving safepoint region
[2019-12-09T04:23:04.209+0000][1][safepoint    ] Total time for which application threads were stopped: 0.0000918 seconds, Stopping threads took: 0.0000197 seconds
[2019-12-09T04:23:05.210+0000][1][safepoint    ] Application time: 1.0000756 seconds
[2019-12-09T04:23:05.210+0000][1][safepoint    ] Entering safepoint region: Cleanup
[2019-12-09T04:23:05.210+0000][1][safepoint    ] Leaving safepoint region
[2019-12-09T04:23:05.210+0000][1][safepoint    ] Total time for which application threads were stopped: 0.0000880 seconds, Stopping threads took: 0.0000193 seconds
[2019-12-09T04:23:06.210+0000][1][safepoint    ] Application time: 1.0000770 seconds
[2019-12-09T04:23:06.210+0000][1][safepoint    ] Entering safepoint region: Cleanup
[2019-12-09T04:23:06.210+0000][1][safepoint    ] Leaving safepoint region
[2019-12-09T04:23:06.210+0000][1][safepoint    ] Total time for which application threads were stopped: 0.0000896 seconds, Stopping threads took: 0.0000194 seconds
[2019-12-09T04:23:07.210+0000][1][safepoint    ] Application time: 1.0000754 seconds
[2019-12-09T04:23:07.210+0000][1][safepoint    ] Entering safepoint region: Cleanup
[2019-12-09T04:23:07.210+0000][1][safepoint    ] Leaving safepoint region
[2019-12-09T04:23:07.210+0000][1][safepoint    ] Total time for which application threads were stopped: 0.0000889 seconds, Stopping threads took: 0.0000196 seconds
[2019-12-09T04:23:08.210+0000][1][safepoint    ] Application time: 1.0000771 seconds
[2019-12-09T04:23:08.210+0000][1][safepoint    ] Entering safepoint region: Cleanup
[2019-12-09T04:23:08.210+0000][1][safepoint    ] Leaving safepoint region
[2019-12-09T04:23:08.210+0000][1][safepoint    ] Total time for which application threads were stopped: 0.0000876 seconds, Stopping threads took: 0.0000188 seconds
[2019-12-09T04:23:09.210+0000][1][safepoint    ] Application time: 1.0000777 seconds
[2019-12-09T04:23:09.210+0000][1][safepoint    ] Entering safepoint region: Cleanup
[2019-12-09T04:23:09.210+0000][1][safepoint    ] Leaving safepoint region
[2019-12-09T04:23:09.210+0000][1][safepoint    ] Total time for which application threads were stopped: 0.0000880 seconds, Stopping threads took: 0.0000195 seconds
[2019-12-09T04:23:10.211+0000][1][safepoint    ] Application time: 1.0000784 seconds
[2019-12-09T04:23:10.211+0000][1][safepoint    ] Entering safepoint region: Cleanup
[2019-12-09T04:23:10.211+0000][1][safepoint    ] Leaving safepoint region
[2019-12-09T04:23:10.211+0000][1][safepoint    ] Total time for which application threads were stopped: 0.0000985 seconds, Stopping threads took: 0.0000202 seconds
[2019-12-09T04:23:11.211+0000][1][safepoint    ] Application time: 1.0000752 seconds
[2019-12-09T04:23:11.211+0000][1][safepoint    ] Entering safepoint region: Cleanup
[2019-12-09T04:23:11.211+0000][1][safepoint    ] Leaving safepoint region
[2019-12-09T04:23:11.211+0000][1][safepoint    ] Total time for which application threads were stopped: 0.0000888 seconds, Stopping threads took: 0.0000186 seconds
[2019-12-09T04:23:12.211+0000][1][safepoint    ] Application time: 1.0000776 seconds
[2019-12-09T04:23:12.211+0000][1][safepoint    ] Entering safepoint region: Cleanup
[2019-12-09T04:23:12.211+0000][1][safepoint    ] Leaving safepoint region
[2019-12-09T04:23:12.211+0000][1][safepoint    ] Total time for which application threads were stopped: 0.0000901 seconds, Stopping threads took: 0.0000211 seconds
[2019-12-09T04:23:13.211+0000][1][safepoint    ] Application time: 1.0000776 seconds
[2019-12-09T04:23:13.211+0000][1][safepoint    ] Entering safepoint region: Cleanup
[2019-12-09T04:23:13.211+0000][1][safepoint    ] Leaving safepoint region
[2019-12-09T04:23:13.211+0000][1][safepoint    ] Total time for which application threads were stopped: 0.0000890 seconds, Stopping threads took: 0.0000196 seconds
[2019-12-09T04:23:14.211+0000][1][safepoint    ] Application time: 1.0000776 seconds
[2019-12-09T04:23:14.211+0000][1][safepoint    ] Entering safepoint region: Cleanup
[2019-12-09T04:23:14.212+0000][1][safepoint    ] Leaving safepoint region
[2019-12-09T04:23:14.212+0000][1][safepoint    ] Total time for which application threads were stopped: 0.0000876 seconds, Stopping threads took: 0.0000189 seconds
[2019-12-09T04:23:15.212+0000][1][safepoint    ] Application time: 1.0000775 seconds
[2019-12-09T04:23:15.212+0000][1][safepoint    ] Entering safepoint region: Cleanup
[2019-12-09T04:23:15.212+0000][1][safepoint    ] Leaving safepoint region
[2019-12-09T04:23:15.212+0000][1][safepoint    ] Total time for which application threads were stopped: 0.0000993 seconds, Stopping threads took: 0.0000299 seconds
[2019-12-09T04:23:16.212+0000][1][safepoint    ] Application time: 1.0000786 seconds
[2019-12-09T04:23:16.212+0000][1][safepoint    ] Entering safepoint region: Cleanup
[2019-12-09T04:23:16.212+0000][1][safepoint    ] Leaving safepoint region
[2019-12-09T04:23:16.212+0000][1][safepoint    ] Total time for which application threads were stopped: 0.0001041 seconds, Stopping threads took: 0.0000200 seconds
[2019-12-09T04:23:17.212+0000][1][safepoint    ] Application time: 1.0000771 seconds
[2019-12-09T04:23:17.212+0000][1][safepoint    ] Entering safepoint region: Cleanup
[2019-12-09T04:23:17.212+0000][1][safepoint    ] Leaving safepoint region
[2019-12-09T04:23:17.212+0000][1][safepoint    ] Total time for which application threads were stopped: 0.0000879 seconds, Stopping threads took: 0.0000192 seconds
[2019-12-09T04:23:18.212+0000][1][safepoint    ] Application time: 1.0000777 seconds
[2019-12-09T04:23:18.212+0000][1][safepoint    ] Entering safepoint region: Cleanup
[2019-12-09T04:23:18.212+0000][1][safepoint    ] Leaving safepoint region
[2019-12-09T04:23:18.212+0000][1][safepoint    ] Total time for which application threads were stopped: 0.0000867 seconds, Stopping threads took: 0.0000190 seconds
[2019-12-09T04:23:19.212+0000][1][safepoint    ] Application time: 1.0000764 seconds
[2019-12-09T04:23:19.213+0000][1][safepoint    ] Entering safepoint region: Cleanup
[2019-12-09T04:23:19.213+0000][1][safepoint    ] Leaving safepoint region
[2019-12-09T04:23:19.213+0000][1][safepoint    ] Total time for which application threads were stopped: 0.0000900 seconds, Stopping threads took: 0.0000203 seconds
[2019-12-09T04:23:20.213+0000][1][safepoint    ] Application time: 1.0000773 seconds
[2019-12-09T04:23:20.213+0000][1][safepoint    ] Entering safepoint region: Cleanup
[2019-12-09T04:23:20.213+0000][1][safepoint    ] Leaving safepoint region
[2019-12-09T04:23:20.213+0000][1][safepoint    ] Total time for which application threads were stopped: 0.0000880 seconds, Stopping threads took: 0.0000183 seconds
[2019-12-09T04:23:21.213+0000][1][safepoint    ] Application time: 1.0000771 seconds
[2019-12-09T04:23:21.213+0000][1][safepoint    ] Entering safepoint region: Cleanup
[2019-12-09T04:23:21.213+0000][1][safepoint    ] Leaving safepoint region
[2019-12-09T04:23:21.213+0000][1][safepoint    ] Total time for which application threads were stopped: 0.0000883 seconds, Stopping threads took: 0.0000195 seconds
[2019-12-09T04:23:22.213+0000][1][safepoint    ] Application time: 1.0000767 seconds
[2019-12-09T04:23:22.213+0000][1][safepoint    ] Entering safepoint region: Cleanup
[2019-12-09T04:23:22.213+0000][1][safepoint    ] Leaving safepoint region
[2019-12-09T04:23:22.213+0000][1][safepoint    ] Total time for which application threads were stopped: 0.0000924 seconds, Stopping threads took: 0.0000213 seconds
[2019-12-09T04:23:23.213+0000][1][safepoint    ] Application time: 1.0000766 seconds
[2019-12-09T04:23:23.213+0000][1][safepoint    ] Entering safepoint region: Cleanup
[2019-12-09T04:23:23.213+0000][1][safepoint    ] Leaving safepoint region
[2019-12-09T04:23:23.213+0000][1][safepoint    ] Total time for which application threads were stopped: 0.0000879 seconds, Stopping threads took: 0.0000192 seconds
[2019-12-09T04:23:24.214+0000][1][safepoint    ] Application time: 1.0000768 seconds
[2019-12-09T04:23:24.214+0000][1][safepoint    ] Entering safepoint region: Cleanup
[2019-12-09T04:23:24.214+0000][1][safepoint    ] Leaving safepoint region
[2019-12-09T04:23:24.214+0000][1][safepoint    ] Total time for which application threads were stopped: 0.0000886 seconds, Stopping threads took: 0.0000189 seconds
[2019-12-09T04:23:25.214+0000][1][safepoint    ] Application time: 1.0000852 seconds
[2019-12-09T04:23:25.214+0000][1][safepoint    ] Entering safepoint region: Cleanup
[2019-12-09T04:23:25.214+0000][1][safepoint    ] Leaving safepoint region
[2019-12-09T04:23:25.214+0000][1][safepoint    ] Total time for which application threads were stopped: 0.0000897 seconds, Stopping threads took: 0.0000211 seconds
[2019-12-09T04:23:26.214+0000][1][safepoint    ] Application time: 1.0000770 seconds
[2019-12-09T04:23:26.214+0000][1][safepoint    ] Entering safepoint region: Cleanup
[2019-12-09T04:23:26.214+0000][1][safepoint    ] Leaving safepoint region
[2019-12-09T04:23:26.214+0000][1][safepoint    ] Total time for which application threads were stopped: 0.0000893 seconds, Stopping threads took: 0.0000187 seconds
[2019-12-09T04:23:27.214+0000][1][safepoint    ] Application time: 1.0000762 seconds
[2019-12-09T04:23:27.214+0000][1][safepoint    ] Entering safepoint region: Cleanup
[2019-12-09T04:23:27.214+0000][1][safepoint    ] Leaving safepoint region
[2019-12-09T04:23:27.214+0000][1][safepoint    ] Total time for which application threads were stopped: 0.0000925 seconds, Stopping threads took: 0.0000223 seconds
[2019-12-09T04:23:28.398+0000][1][safepoint    ] Application time: 1.1836364 seconds
[2019-12-09T04:23:28.398+0000][1][safepoint    ] Entering safepoint region: Cleanup
[2019-12-09T04:23:28.398+0000][1][safepoint    ] Leaving safepoint region
[2019-12-09T04:23:28.398+0000][1][safepoint    ] Total time for which application threads were stopped: 0.0001013 seconds, Stopping threads took: 0.0000298 seconds
[2019-12-09T04:23:29.398+0000][1][safepoint    ] Application time: 1.0000790 seconds
[2019-12-09T04:23:29.398+0000][1][safepoint    ] Entering safepoint region: Cleanup
[2019-12-09T04:23:29.398+0000][1][safepoint    ] Leaving safepoint region
[2019-12-09T04:23:29.398+0000][1][safepoint    ] Total time for which application threads were stopped: 0.0000840 seconds, Stopping threads took: 0.0000174 seconds
[2019-12-09T04:23:30.399+0000][1][safepoint    ] Application time: 1.0002257 seconds
[2019-12-09T04:23:30.399+0000][1][safepoint    ] Entering safepoint region: Cleanup
[2019-12-09T04:23:30.399+0000][1][safepoint    ] Leaving safepoint region
[2019-12-09T04:23:30.399+0000][1][safepoint    ] Total time for which application threads were stopped: 0.0001182 seconds, Stopping threads took: 0.0000264 seconds
[2019-12-09T04:23:31.402+0000][1][safepoint    ] Application time: 1.0033371 seconds
[2019-12-09T04:23:31.402+0000][1][safepoint    ] Entering safepoint region: Cleanup
[2019-12-09T04:23:31.402+0000][1][safepoint    ] Leaving safepoint region
[2019-12-09T04:23:31.402+0000][1][safepoint    ] Total time for which application threads were stopped: 0.0001303 seconds, Stopping threads took: 0.0000286 seconds
[2019-12-09T04:23:32.402+0000][1][safepoint    ] Application time: 1.0000746 seconds
[2019-12-09T04:23:32.402+0000][1][safepoint    ] Entering safepoint region: Cleanup
[2019-12-09T04:23:32.402+0000][1][safepoint    ] Leaving safepoint region
[2019-12-09T04:23:32.402+0000][1][safepoint    ] Total time for which application threads were stopped: 0.0000812 seconds, Stopping threads took: 0.0000174 seconds
[2019-12-09T04:23:33.402+0000][1][safepoint    ] Application time: 1.0000773 seconds
[2019-12-09T04:23:33.402+0000][1][safepoint    ] Entering safepoint region: Cleanup
[2019-12-09T04:23:33.403+0000][1][safepoint    ] Leaving safepoint region
[2019-12-09T04:23:33.403+0000][1][safepoint    ] Total time for which application threads were stopped: 0.0000877 seconds, Stopping threads took: 0.0000232 seconds
[2019-12-09T04:23:34.403+0000][1][safepoint    ] Application time: 1.0000759 seconds
[2019-12-09T04:23:34.403+0000][1][safepoint    ] Entering safepoint region: Cleanup
[2019-12-09T04:23:34.403+0000][1][safepoint    ] Leaving safepoint region
[2019-12-09T04:23:34.403+0000][1][safepoint    ] Total time for which application threads were stopped: 0.0000906 seconds, Stopping threads took: 0.0000155 seconds
[2019-12-09T04:23:35.403+0000][1][safepoint    ] Application time: 1.0000801 seconds
[2019-12-09T04:23:35.403+0000][1][safepoint    ] Entering safepoint region: Cleanup
[2019-12-09T04:23:35.403+0000][1][safepoint    ] Leaving safepoint region
[2019-12-09T04:23:35.403+0000][1][safepoint    ] Total time for which application threads were stopped: 0.0000916 seconds, Stopping threads took: 0.0000191 seconds
[2019-12-09T04:23:36.403+0000][1][safepoint    ] Application time: 1.0000766 seconds
[2019-12-09T04:23:36.403+0000][1][safepoint    ] Entering safepoint region: Cleanup
[2019-12-09T04:23:36.403+0000][1][safepoint    ] Leaving safepoint region
[2019-12-09T04:23:36.403+0000][1][safepoint    ] Total time for which application threads were stopped: 0.0000916 seconds, Stopping threads took: 0.0000163 seconds
[2019-12-09T04:23:37.403+0000][1][safepoint    ] Application time: 1.0000770 seconds
[2019-12-09T04:23:37.403+0000][1][safepoint    ] Entering safepoint region: Cleanup
[2019-12-09T04:23:37.403+0000][1][safepoint    ] Leaving safepoint region
[2019-12-09T04:23:37.403+0000][1][safepoint    ] Total time for which application threads were stopped: 0.0000843 seconds, Stopping threads took: 0.0000168 seconds
[2019-12-09T04:23:38.403+0000][1][safepoint    ] Application time: 1.0000778 seconds
[2019-12-09T04:23:38.403+0000][1][safepoint    ] Entering safepoint region: Cleanup
[2019-12-09T04:23:38.403+0000][1][safepoint    ] Leaving safepoint region
[2019-12-09T04:23:38.403+0000][1][safepoint    ] Total time for which application threads were stopped: 0.0000821 seconds, Stopping threads took: 0.0000175 seconds
[2019-12-09T04:23:39.404+0000][1][safepoint    ] Application time: 1.0000762 seconds
[2019-12-09T04:23:39.404+0000][1][safepoint    ] Entering safepoint region: Cleanup
[2019-12-09T04:23:39.404+0000][1][safepoint    ] Leaving safepoint region
[2019-12-09T04:23:39.404+0000][1][safepoint    ] Total time for which application threads were stopped: 0.0000805 seconds, Stopping threads took: 0.0000181 seconds
[2019-12-09T04:23:40.044+0000][1][safepoint    ] Application time: 0.6398736 seconds
[2019-12-09T04:23:40.044+0000][1][safepoint    ] Entering safepoint region: GenCollectForAllocation
[2019-12-09T04:23:40.044+0000][1][gc,start     ] GC(65) Pause Young (Allocation Failure)
[2019-12-09T04:23:40.044+0000][1][gc,task      ] GC(65) Using 2 workers of 2 for evacuation
[2019-12-09T04:23:40.046+0000][1][gc,age       ] GC(65) Desired survivor size 4456448 bytes, new threshold 6 (max threshold 6)
[2019-12-09T04:23:40.046+0000][1][gc,age       ] GC(65) Age table with threshold 6 (max threshold 6)
[2019-12-09T04:23:40.046+0000][1][gc,age       ] GC(65) - age   1:     356792 bytes,     356792 total
[2019-12-09T04:23:40.046+0000][1][gc,age       ] GC(65) - age   2:      11656 bytes,     368448 total
[2019-12-09T04:23:40.046+0000][1][gc,age       ] GC(65) - age   3:       1544 bytes,     369992 total
[2019-12-09T04:23:40.046+0000][1][gc,age       ] GC(65) - age   4:       1024 bytes,     371016 total
[2019-12-09T04:23:40.046+0000][1][gc,age       ] GC(65) - age   5:       4008 bytes,     375024 total
[2019-12-09T04:23:40.046+0000][1][gc,age       ] GC(65) - age   6:       2592 bytes,     377616 total
[2019-12-09T04:23:40.046+0000][1][gc,heap      ] GC(65) ParNew: 69983K->383K(78656K)
[2019-12-09T04:23:40.046+0000][1][gc,heap      ] GC(65) CMS: 119377K->119379K(174784K)
[2019-12-09T04:23:40.046+0000][1][gc,metaspace ] GC(65) Metaspace: 83539K->83539K(1126400K)
[2019-12-09T04:23:40.046+0000][1][gc           ] GC(65) Pause Young (Allocation Failure) 184M->116M(247M) 2.668ms
[2019-12-09T04:23:40.046+0000][1][gc,cpu       ] GC(65) User=0.01s Sys=0.00s Real=0.01s
[2019-12-09T04:23:40.047+0000][1][safepoint    ] Leaving safepoint region
[2019-12-09T04:23:40.047+0000][1][safepoint    ] Total time for which application threads were stopped: 0.0029044 seconds, Stopping threads took: 0.0000253 seconds
[2019-12-09T04:23:41.047+0000][1][safepoint    ] Application time: 1.0000939 seconds
[2019-12-09T04:23:41.047+0000][1][safepoint    ] Entering safepoint region: Cleanup
[2019-12-09T04:23:41.047+0000][1][safepoint    ] Leaving safepoint region
[2019-12-09T04:23:41.047+0000][1][safepoint    ] Total time for which application threads were stopped: 0.0001428 seconds, Stopping threads took: 0.0000207 seconds
[2019-12-09T04:23:42.047+0000][1][safepoint    ] Application time: 1.0000766 seconds
[2019-12-09T04:23:42.047+0000][1][safepoint    ] Entering safepoint region: Cleanup
[2019-12-09T04:23:42.047+0000][1][safepoint    ] Leaving safepoint region
[2019-12-09T04:23:42.047+0000][1][safepoint    ] Total time for which application threads were stopped: 0.0000894 seconds, Stopping threads took: 0.0000187 seconds
[2019-12-09T04:23:43.047+0000][1][safepoint    ] Application time: 1.0000764 seconds
[2019-12-09T04:23:43.047+0000][1][safepoint    ] Entering safepoint region: Cleanup
[2019-12-09T04:23:43.047+0000][1][safepoint    ] Leaving safepoint region
[2019-12-09T04:23:43.047+0000][1][safepoint    ] Total time for which application threads were stopped: 0.0000894 seconds, Stopping threads took: 0.0000196 seconds
[2019-12-09T04:23:44.047+0000][1][safepoint    ] Application time: 1.0000896 seconds
[2019-12-09T04:23:44.047+0000][1][safepoint    ] Entering safepoint region: Cleanup
[2019-12-09T04:23:44.047+0000][1][safepoint    ] Leaving safepoint region
[2019-12-09T04:23:44.047+0000][1][safepoint    ] Total time for which application threads were stopped: 0.0001200 seconds, Stopping threads took: 0.0000246 seconds
[2019-12-09T04:23:45.048+0000][1][safepoint    ] Application time: 1.0000773 seconds
[2019-12-09T04:23:45.048+0000][1][safepoint    ] Entering safepoint region: Cleanup
[2019-12-09T04:23:45.048+0000][1][safepoint    ] Leaving safepoint region
[2019-12-09T04:23:45.048+0000][1][safepoint    ] Total time for which application threads were stopped: 0.0000984 seconds, Stopping threads took: 0.0000195 seconds
[2019-12-09T04:23:46.048+0000][1][safepoint    ] Application time: 1.0000774 seconds
[2019-12-09T04:23:46.048+0000][1][safepoint    ] Entering safepoint region: Cleanup
[2019-12-09T04:23:46.048+0000][1][safepoint    ] Leaving safepoint region
[2019-12-09T04:23:46.048+0000][1][safepoint    ] Total time for which application threads were stopped: 0.0000877 seconds, Stopping threads took: 0.0000200 seconds
[2019-12-09T04:23:47.048+0000][1][safepoint    ] Application time: 1.0000766 seconds
[2019-12-09T04:23:47.048+0000][1][safepoint    ] Entering safepoint region: Cleanup
[2019-12-09T04:23:47.048+0000][1][safepoint    ] Leaving safepoint region
[2019-12-09T04:23:47.048+0000][1][safepoint    ] Total time for which application threads were stopped: 0.0000863 seconds, Stopping threads took: 0.0000179 seconds
[2019-12-09T04:23:48.048+0000][1][safepoint    ] Application time: 1.0000839 seconds
[2019-12-09T04:23:48.048+0000][1][safepoint    ] Entering safepoint region: Cleanup
[2019-12-09T04:23:48.048+0000][1][safepoint    ] Leaving safepoint region
[2019-12-09T04:23:48.048+0000][1][safepoint    ] Total time for which application threads were stopped: 0.0000952 seconds, Stopping threads took: 0.0000267 seconds
[2019-12-09T04:23:49.048+0000][1][safepoint    ] Application time: 1.0000770 seconds
[2019-12-09T04:23:49.048+0000][1][safepoint    ] Entering safepoint region: Cleanup
[2019-12-09T04:23:49.049+0000][1][safepoint    ] Leaving safepoint region
[2019-12-09T04:23:49.049+0000][1][safepoint    ] Total time for which application threads were stopped: 0.0000899 seconds, Stopping threads took: 0.0000194 seconds
[2019-12-09T04:23:50.049+0000][1][safepoint    ] Application time: 1.0000789 seconds
[2019-12-09T04:23:50.049+0000][1][safepoint    ] Entering safepoint region: Cleanup
[2019-12-09T04:23:50.049+0000][1][safepoint    ] Leaving safepoint region
[2019-12-09T04:23:50.049+0000][1][safepoint    ] Total time for which application threads were stopped: 0.0001038 seconds, Stopping threads took: 0.0000353 seconds
[2019-12-09T04:23:51.049+0000][1][safepoint    ] Application time: 1.0000768 seconds
[2019-12-09T04:23:51.049+0000][1][safepoint    ] Entering safepoint region: Cleanup
[2019-12-09T04:23:51.049+0000][1][safepoint    ] Leaving safepoint region
[2019-12-09T04:23:51.049+0000][1][safepoint    ] Total time for which application threads were stopped: 0.0000895 seconds, Stopping threads took: 0.0000200 seconds
[2019-12-09T04:23:52.049+0000][1][safepoint    ] Application time: 1.0000801 seconds
[2019-12-09T04:23:52.049+0000][1][safepoint    ] Entering safepoint region: Cleanup
[2019-12-09T04:23:52.049+0000][1][safepoint    ] Leaving safepoint region
[2019-12-09T04:23:52.049+0000][1][safepoint    ] Total time for which application threads were stopped: 0.0000923 seconds, Stopping threads took: 0.0000216 seconds
[2019-12-09T04:23:53.049+0000][1][safepoint    ] Application time: 1.0000843 seconds
[2019-12-09T04:23:53.049+0000][1][safepoint    ] Entering safepoint region: Cleanup
[2019-12-09T04:23:53.049+0000][1][safepoint    ] Leaving safepoint region
[2019-12-09T04:23:53.049+0000][1][safepoint    ] Total time for which application threads were stopped: 0.0001231 seconds, Stopping threads took: 0.0000263 seconds
[2019-12-09T04:23:54.050+0000][1][safepoint    ] Application time: 1.0000750 seconds
[2019-12-09T04:23:54.050+0000][1][safepoint    ] Entering safepoint region: Cleanup
[2019-12-09T04:23:54.050+0000][1][safepoint    ] Leaving safepoint region
[2019-12-09T04:23:54.050+0000][1][safepoint    ] Total time for which application threads were stopped: 0.0000899 seconds, Stopping threads took: 0.0000215 seconds
[2019-12-09T04:23:55.050+0000][1][safepoint    ] Application time: 1.0000797 seconds
[2019-12-09T04:23:55.050+0000][1][safepoint    ] Entering safepoint region: Cleanup
[2019-12-09T04:23:55.050+0000][1][safepoint    ] Leaving safepoint region
[2019-12-09T04:23:55.050+0000][1][safepoint    ] Total time for which application threads were stopped: 0.0000904 seconds, Stopping threads took: 0.0000203 seconds
[2019-12-09T04:23:56.050+0000][1][safepoint    ] Application time: 1.0000773 seconds
[2019-12-09T04:23:56.050+0000][1][safepoint    ] Entering safepoint region: Cleanup
[2019-12-09T04:23:56.050+0000][1][safepoint    ] Leaving safepoint region
[2019-12-09T04:23:56.050+0000][1][safepoint    ] Total time for which application threads were stopped: 0.0000922 seconds, Stopping threads took: 0.0000238 seconds
[2019-12-09T04:23:57.050+0000][1][safepoint    ] Application time: 1.0000766 seconds
[2019-12-09T04:23:57.050+0000][1][safepoint    ] Entering safepoint region: Cleanup
[2019-12-09T04:23:57.050+0000][1][safepoint    ] Leaving safepoint region
[2019-12-09T04:23:57.050+0000][1][safepoint    ] Total time for which application threads were stopped: 0.0000891 seconds, Stopping threads took: 0.0000188 seconds
[2019-12-09T04:23:58.050+0000][1][safepoint    ] Application time: 1.0000768 seconds
[2019-12-09T04:23:58.050+0000][1][safepoint    ] Entering safepoint region: Cleanup
[2019-12-09T04:23:58.051+0000][1][safepoint    ] Leaving safepoint region
[2019-12-09T04:23:58.051+0000][1][safepoint    ] Total time for which application threads were stopped: 0.0000967 seconds, Stopping threads took: 0.0000265 seconds
[2019-12-09T04:23:59.051+0000][1][safepoint    ] Application time: 1.0000781 seconds
[2019-12-09T04:23:59.051+0000][1][safepoint    ] Entering safepoint region: Cleanup
[2019-12-09T04:23:59.051+0000][1][safepoint    ] Leaving safepoint region
[2019-12-09T04:23:59.051+0000][1][safepoint    ] Total time for which application threads were stopped: 0.0001007 seconds, Stopping threads took: 0.0000311 seconds
[2019-12-09T04:24:00.051+0000][1][safepoint    ] Application time: 1.0000768 seconds
[2019-12-09T04:24:00.051+0000][1][safepoint    ] Entering safepoint region: Cleanup
[2019-12-09T04:24:00.051+0000][1][safepoint    ] Leaving safepoint region
[2019-12-09T04:24:00.051+0000][1][safepoint    ] Total time for which application threads were stopped: 0.0000909 seconds, Stopping threads took: 0.0000213 seconds
[2019-12-09T04:24:01.051+0000][1][safepoint    ] Application time: 1.0000779 seconds
[2019-12-09T04:24:01.051+0000][1][safepoint    ] Entering safepoint region: Cleanup
[2019-12-09T04:24:01.051+0000][1][safepoint    ] Leaving safepoint region
[2019-12-09T04:24:01.051+0000][1][safepoint    ] Total time for which application threads were stopped: 0.0000965 seconds, Stopping threads took: 0.0000202 seconds
[2019-12-09T04:24:02.051+0000][1][safepoint    ] Application time: 1.0000762 seconds
[2019-12-09T04:24:02.051+0000][1][safepoint    ] Entering safepoint region: Cleanup
[2019-12-09T04:24:02.051+0000][1][safepoint    ] Leaving safepoint region
[2019-12-09T04:24:02.051+0000][1][safepoint    ] Total time for which application threads were stopped: 0.0000927 seconds, Stopping threads took: 0.0000229 seconds
[2019-12-09T04:24:03.051+0000][1][safepoint    ] Application time: 1.0000768 seconds
[2019-12-09T04:24:03.052+0000][1][safepoint    ] Entering safepoint region: Cleanup
[2019-12-09T04:24:03.052+0000][1][safepoint    ] Leaving safepoint region
[2019-12-09T04:24:03.052+0000][1][safepoint    ] Total time for which application threads were stopped: 0.0001030 seconds, Stopping threads took: 0.0000298 seconds
[2019-12-09T04:24:04.052+0000][1][safepoint    ] Application time: 1.0000756 seconds
[2019-12-09T04:24:04.052+0000][1][safepoint    ] Entering safepoint region: Cleanup
[2019-12-09T04:24:04.052+0000][1][safepoint    ] Leaving safepoint region
[2019-12-09T04:24:04.052+0000][1][safepoint    ] Total time for which application threads were stopped: 0.0000985 seconds, Stopping threads took: 0.0000188 seconds
[2019-12-09T04:24:05.052+0000][1][safepoint    ] Application time: 1.0000768 seconds
[2019-12-09T04:24:05.052+0000][1][safepoint    ] Entering safepoint region: Cleanup
[2019-12-09T04:24:05.052+0000][1][safepoint    ] Leaving safepoint region
[2019-12-09T04:24:05.052+0000][1][safepoint    ] Total time for which application threads were stopped: 0.0000939 seconds, Stopping threads took: 0.0000201 seconds
[2019-12-09T04:24:06.052+0000][1][safepoint    ] Application time: 1.0000765 seconds
[2019-12-09T04:24:06.052+0000][1][safepoint    ] Entering safepoint region: Cleanup
[2019-12-09T04:24:06.052+0000][1][safepoint    ] Leaving safepoint region
[2019-12-09T04:24:06.052+0000][1][safepoint    ] Total time for which application threads were stopped: 0.0000927 seconds, Stopping threads took: 0.0000223 seconds
[2019-12-09T04:24:07.052+0000][1][safepoint    ] Application time: 1.0000772 seconds
[2019-12-09T04:24:07.052+0000][1][safepoint    ] Entering safepoint region: Cleanup
[2019-12-09T04:24:07.052+0000][1][safepoint    ] Leaving safepoint region
[2019-12-09T04:24:07.052+0000][1][safepoint    ] Total time for which application threads were stopped: 0.0000890 seconds, Stopping threads took: 0.0000199 seconds
[2019-12-09T04:24:08.053+0000][1][safepoint    ] Application time: 1.0000762 seconds
[2019-12-09T04:24:08.053+0000][1][safepoint    ] Entering safepoint region: Cleanup
[2019-12-09T04:24:08.053+0000][1][safepoint    ] Leaving safepoint region
[2019-12-09T04:24:08.053+0000][1][safepoint    ] Total time for which application threads were stopped: 0.0001071 seconds, Stopping threads took: 0.0000195 seconds
[2019-12-09T04:24:09.053+0000][1][safepoint    ] Application time: 1.0000785 seconds
[2019-12-09T04:24:09.053+0000][1][safepoint    ] Entering safepoint region: Cleanup
[2019-12-09T04:24:09.053+0000][1][safepoint    ] Leaving safepoint region
[2019-12-09T04:24:09.053+0000][1][safepoint    ] Total time for which application threads were stopped: 0.0000900 seconds, Stopping threads took: 0.0000216 seconds
[2019-12-09T04:24:10.053+0000][1][safepoint    ] Application time: 1.0000769 seconds
[2019-12-09T04:24:10.053+0000][1][safepoint    ] Entering safepoint region: Cleanup
[2019-12-09T04:24:10.053+0000][1][safepoint    ] Leaving safepoint region
[2019-12-09T04:24:10.053+0000][1][safepoint    ] Total time for which application threads were stopped: 0.0000916 seconds, Stopping threads took: 0.0000203 seconds
[2019-12-09T04:24:11.053+0000][1][safepoint    ] Application time: 1.0000759 seconds
[2019-12-09T04:24:11.053+0000][1][safepoint    ] Entering safepoint region: Cleanup
[2019-12-09T04:24:11.053+0000][1][safepoint    ] Leaving safepoint region
[2019-12-09T04:24:11.053+0000][1][safepoint    ] Total time for which application threads were stopped: 0.0000876 seconds, Stopping threads took: 0.0000188 seconds
[2019-12-09T04:24:12.053+0000][1][safepoint    ] Application time: 1.0000762 seconds
[2019-12-09T04:24:12.053+0000][1][safepoint    ] Entering safepoint region: Cleanup
[2019-12-09T04:24:12.054+0000][1][safepoint    ] Leaving safepoint region
[2019-12-09T04:24:12.054+0000][1][safepoint    ] Total time for which application threads were stopped: 0.0000916 seconds, Stopping threads took: 0.0000210 seconds
[2019-12-09T04:24:13.054+0000][1][safepoint    ] Application time: 1.0000779 seconds
[2019-12-09T04:24:13.054+0000][1][safepoint    ] Entering safepoint region: Cleanup
[2019-12-09T04:24:13.054+0000][1][safepoint    ] Leaving safepoint region
[2019-12-09T04:24:13.054+0000][1][safepoint    ] Total time for which application threads were stopped: 0.0001091 seconds, Stopping threads took: 0.0000401 seconds
[2019-12-09T04:24:14.054+0000][1][safepoint    ] Application time: 1.0000777 seconds
[2019-12-09T04:24:14.054+0000][1][safepoint    ] Entering safepoint region: Cleanup
[2019-12-09T04:24:14.054+0000][1][safepoint    ] Leaving safepoint region
[2019-12-09T04:24:14.054+0000][1][safepoint    ] Total time for which application threads were stopped: 0.0000889 seconds, Stopping threads took: 0.0000203 seconds
[2019-12-09T04:24:15.054+0000][1][safepoint    ] Application time: 1.0000758 seconds
[2019-12-09T04:24:15.054+0000][1][safepoint    ] Entering safepoint region: Cleanup
[2019-12-09T04:24:15.054+0000][1][safepoint    ] Leaving safepoint region
[2019-12-09T04:24:15.054+0000][1][safepoint    ] Total time for which application threads were stopped: 0.0000871 seconds, Stopping threads took: 0.0000199 seconds
[2019-12-09T04:24:16.054+0000][1][safepoint    ] Application time: 1.0000765 seconds
[2019-12-09T04:24:16.054+0000][1][safepoint    ] Entering safepoint region: Cleanup
[2019-12-09T04:24:16.054+0000][1][safepoint    ] Leaving safepoint region
[2019-12-09T04:24:16.054+0000][1][safepoint    ] Total time for which application threads were stopped: 0.0000923 seconds, Stopping threads took: 0.0000238 seconds
[2019-12-09T04:24:17.054+0000][1][safepoint    ] Application time: 1.0000779 seconds
[2019-12-09T04:24:17.055+0000][1][safepoint    ] Entering safepoint region: Cleanup
[2019-12-09T04:24:17.055+0000][1][safepoint    ] Leaving safepoint region
[2019-12-09T04:24:17.055+0000][1][safepoint    ] Total time for which application threads were stopped: 0.0000885 seconds, Stopping threads took: 0.0000203 seconds
[2019-12-09T04:24:18.055+0000][1][safepoint    ] Application time: 1.0000798 seconds
[2019-12-09T04:24:18.055+0000][1][safepoint    ] Entering safepoint region: Cleanup
[2019-12-09T04:24:18.055+0000][1][safepoint    ] Leaving safepoint region
[2019-12-09T04:24:18.055+0000][1][safepoint    ] Total time for which application threads were stopped: 0.0000950 seconds, Stopping threads took: 0.0000188 seconds
[2019-12-09T04:24:19.950+0000][1][safepoint    ] Application time: 1.8951886 seconds
[2019-12-09T04:24:19.950+0000][1][safepoint    ] Entering safepoint region: Cleanup
[2019-12-09T04:24:19.950+0000][1][safepoint    ] Leaving safepoint region
[2019-12-09T04:24:19.950+0000][1][safepoint    ] Total time for which application threads were stopped: 0.0001726 seconds, Stopping threads took: 0.0000684 seconds
[2019-12-09T04:24:20.950+0000][1][safepoint    ] Application time: 1.0000871 seconds
[2019-12-09T04:24:20.950+0000][1][safepoint    ] Entering safepoint region: Cleanup
[2019-12-09T04:24:20.950+0000][1][safepoint    ] Leaving safepoint region
[2019-12-09T04:24:20.950+0000][1][safepoint    ] Total time for which application threads were stopped: 0.0000875 seconds, Stopping threads took: 0.0000190 seconds
[2019-12-09T04:24:21.951+0000][1][safepoint    ] Application time: 1.0001262 seconds
[2019-12-09T04:24:21.951+0000][1][safepoint    ] Entering safepoint region: Cleanup
[2019-12-09T04:24:21.951+0000][1][safepoint    ] Leaving safepoint region
[2019-12-09T04:24:21.951+0000][1][safepoint    ] Total time for which application threads were stopped: 0.0001444 seconds, Stopping threads took: 0.0000260 seconds
[2019-12-09T04:24:22.951+0000][1][safepoint    ] Application time: 1.0000798 seconds
[2019-12-09T04:24:22.951+0000][1][safepoint    ] Entering safepoint region: Cleanup
[2019-12-09T04:24:22.951+0000][1][safepoint    ] Leaving safepoint region
[2019-12-09T04:24:22.951+0000][1][safepoint    ] Total time for which application threads were stopped: 0.0000930 seconds, Stopping threads took: 0.0000221 seconds
[2019-12-09T04:24:23.951+0000][1][safepoint    ] Application time: 1.0000780 seconds
[2019-12-09T04:24:23.951+0000][1][safepoint    ] Entering safepoint region: Cleanup
[2019-12-09T04:24:23.951+0000][1][safepoint    ] Leaving safepoint region
[2019-12-09T04:24:23.951+0000][1][safepoint    ] Total time for which application threads were stopped: 0.0000864 seconds, Stopping threads took: 0.0000196 seconds
[2019-12-09T04:24:24.951+0000][1][safepoint    ] Application time: 1.0000772 seconds
[2019-12-09T04:24:24.951+0000][1][safepoint    ] Entering safepoint region: Cleanup
[2019-12-09T04:24:24.951+0000][1][safepoint    ] Leaving safepoint region
[2019-12-09T04:24:24.951+0000][1][safepoint    ] Total time for which application threads were stopped: 0.0000890 seconds, Stopping threads took: 0.0000199 seconds
[2019-12-09T04:24:25.952+0000][1][safepoint    ] Application time: 1.0000759 seconds
[2019-12-09T04:24:25.952+0000][1][safepoint    ] Entering safepoint region: Cleanup
[2019-12-09T04:24:25.952+0000][1][safepoint    ] Leaving safepoint region
[2019-12-09T04:24:25.952+0000][1][safepoint    ] Total time for which application threads were stopped: 0.0000908 seconds, Stopping threads took: 0.0000197 seconds
[2019-12-09T04:24:26.952+0000][1][safepoint    ] Application time: 1.0000518 seconds
[2019-12-09T04:24:26.952+0000][1][safepoint    ] Entering safepoint region: Cleanup
[2019-12-09T04:24:26.952+0000][1][safepoint    ] Leaving safepoint region
[2019-12-09T04:24:26.952+0000][1][safepoint    ] Total time for which application threads were stopped: 0.0001208 seconds, Stopping threads took: 0.0000262 seconds
[2019-12-09T04:24:27.952+0000][1][safepoint    ] Application time: 1.0000779 seconds
[2019-12-09T04:24:27.952+0000][1][safepoint    ] Entering safepoint region: Cleanup
[2019-12-09T04:24:27.952+0000][1][safepoint    ] Leaving safepoint region
[2019-12-09T04:24:27.952+0000][1][safepoint    ] Total time for which application threads were stopped: 0.0000863 seconds, Stopping threads took: 0.0000186 seconds
[2019-12-09T04:24:28.952+0000][1][safepoint    ] Application time: 1.0000760 seconds
[2019-12-09T04:24:28.952+0000][1][safepoint    ] Entering safepoint region: Cleanup
[2019-12-09T04:24:28.952+0000][1][safepoint    ] Leaving safepoint region
[2019-12-09T04:24:28.952+0000][1][safepoint    ] Total time for which application threads were stopped: 0.0001056 seconds, Stopping threads took: 0.0000285 seconds
[2019-12-09T04:24:29.952+0000][1][safepoint    ] Application time: 1.0000774 seconds
[2019-12-09T04:24:29.952+0000][1][safepoint    ] Entering safepoint region: Cleanup
[2019-12-09T04:24:29.953+0000][1][safepoint    ] Leaving safepoint region
[2019-12-09T04:24:29.953+0000][1][safepoint    ] Total time for which application threads were stopped: 0.0000939 seconds, Stopping threads took: 0.0000230 seconds
[2019-12-09T04:24:30.953+0000][1][safepoint    ] Application time: 1.0000781 seconds
[2019-12-09T04:24:30.953+0000][1][safepoint    ] Entering safepoint region: Cleanup
[2019-12-09T04:24:30.953+0000][1][safepoint    ] Leaving safepoint region
[2019-12-09T04:24:30.953+0000][1][safepoint    ] Total time for which application threads were stopped: 0.0001046 seconds, Stopping threads took: 0.0000197 seconds
[2019-12-09T04:24:31.953+0000][1][safepoint    ] Application time: 1.0000779 seconds
[2019-12-09T04:24:31.953+0000][1][safepoint    ] Entering safepoint region: Cleanup
[2019-12-09T04:24:31.953+0000][1][safepoint    ] Leaving safepoint region
[2019-12-09T04:24:31.953+0000][1][safepoint    ] Total time for which application threads were stopped: 0.0000876 seconds, Stopping threads took: 0.0000194 seconds
[2019-12-09T04:24:32.953+0000][1][safepoint    ] Application time: 1.0000767 seconds
[2019-12-09T04:24:32.953+0000][1][safepoint    ] Entering safepoint region: Cleanup
[2019-12-09T04:24:32.953+0000][1][safepoint    ] Leaving safepoint region
[2019-12-09T04:24:32.953+0000][1][safepoint    ] Total time for which application threads were stopped: 0.0000858 seconds, Stopping threads took: 0.0000180 seconds
[2019-12-09T04:24:33.953+0000][1][safepoint    ] Application time: 1.0000774 seconds
[2019-12-09T04:24:33.953+0000][1][safepoint    ] Entering safepoint region: Cleanup
[2019-12-09T04:24:33.953+0000][1][safepoint    ] Leaving safepoint region
[2019-12-09T04:24:33.953+0000][1][safepoint    ] Total time for which application threads were stopped: 0.0000866 seconds, Stopping threads took: 0.0000189 seconds
[2019-12-09T04:24:34.953+0000][1][safepoint    ] Application time: 1.0000760 seconds
[2019-12-09T04:24:34.954+0000][1][safepoint    ] Entering safepoint region: Cleanup
[2019-12-09T04:24:34.954+0000][1][safepoint    ] Leaving safepoint region
[2019-12-09T04:24:34.954+0000][1][safepoint    ] Total time for which application threads were stopped: 0.0000902 seconds, Stopping threads took: 0.0000209 seconds
[2019-12-09T04:24:35.954+0000][1][safepoint    ] Application time: 1.0000775 seconds
[2019-12-09T04:24:35.954+0000][1][safepoint    ] Entering safepoint region: Cleanup
[2019-12-09T04:24:35.954+0000][1][safepoint    ] Leaving safepoint region
[2019-12-09T04:24:35.954+0000][1][safepoint    ] Total time for which application threads were stopped: 0.0000875 seconds, Stopping threads took: 0.0000186 seconds
[2019-12-09T04:24:36.954+0000][1][safepoint    ] Application time: 1.0000759 seconds
[2019-12-09T04:24:36.954+0000][1][safepoint    ] Entering safepoint region: Cleanup
[2019-12-09T04:24:36.954+0000][1][safepoint    ] Leaving safepoint region
[2019-12-09T04:24:36.954+0000][1][safepoint    ] Total time for which application threads were stopped: 0.0000867 seconds, Stopping threads took: 0.0000179 seconds
[2019-12-09T04:24:37.432+0000][1][safepoint    ] Application time: 0.4782942 seconds
[2019-12-09T04:24:37.432+0000][1][safepoint    ] Entering safepoint region: GenCollectForAllocation
[2019-12-09T04:24:37.432+0000][1][gc,start     ] GC(66) Pause Young (Allocation Failure)
[2019-12-09T04:24:37.432+0000][1][gc,task      ] GC(66) Using 2 workers of 2 for evacuation
[2019-12-09T04:24:37.434+0000][1][gc,age       ] GC(66) Desired survivor size 4456448 bytes, new threshold 6 (max threshold 6)
[2019-12-09T04:24:37.434+0000][1][gc,age       ] GC(66) Age table with threshold 6 (max threshold 6)
[2019-12-09T04:24:37.434+0000][1][gc,age       ] GC(66) - age   1:       5800 bytes,       5800 total
[2019-12-09T04:24:37.434+0000][1][gc,age       ] GC(66) - age   2:      16168 bytes,      21968 total
[2019-12-09T04:24:37.434+0000][1][gc,age       ] GC(66) - age   3:      11416 bytes,      33384 total
[2019-12-09T04:24:37.434+0000][1][gc,age       ] GC(66) - age   4:       1544 bytes,      34928 total
[2019-12-09T04:24:37.434+0000][1][gc,age       ] GC(66) - age   5:       1024 bytes,      35952 total
[2019-12-09T04:24:37.434+0000][1][gc,age       ] GC(66) - age   6:       4008 bytes,      39960 total
[2019-12-09T04:24:37.434+0000][1][gc,heap      ] GC(66) ParNew: 70335K->283K(78656K)
[2019-12-09T04:24:37.434+0000][1][gc,heap      ] GC(66) CMS: 119379K->119382K(174784K)
[2019-12-09T04:24:37.434+0000][1][gc,metaspace ] GC(66) Metaspace: 83556K->83556K(1126400K)
[2019-12-09T04:24:37.434+0000][1][gc           ] GC(66) Pause Young (Allocation Failure) 185M->116M(247M) 1.955ms
[2019-12-09T04:24:37.434+0000][1][gc,cpu       ] GC(66) User=0.00s Sys=0.00s Real=0.00s
[2019-12-09T04:24:37.434+0000][1][safepoint    ] Leaving safepoint region
[2019-12-09T04:24:37.434+0000][1][safepoint    ] Total time for which application threads were stopped: 0.0021355 seconds, Stopping threads took: 0.0000231 seconds
[2019-12-09T04:24:38.435+0000][1][safepoint    ] Application time: 1.0000833 seconds
[2019-12-09T04:24:38.435+0000][1][safepoint    ] Entering safepoint region: Cleanup
[2019-12-09T04:24:38.435+0000][1][safepoint    ] Leaving safepoint region
[2019-12-09T04:24:38.435+0000][1][safepoint    ] Total time for which application threads were stopped: 0.0001041 seconds, Stopping threads took: 0.0000188 seconds
[2019-12-09T04:24:39.435+0000][1][safepoint    ] Application time: 1.0000761 seconds
[2019-12-09T04:24:39.435+0000][1][safepoint    ] Entering safepoint region: Cleanup
[2019-12-09T04:24:39.435+0000][1][safepoint    ] Leaving safepoint region
[2019-12-09T04:24:39.435+0000][1][safepoint    ] Total time for which application threads were stopped: 0.0000889 seconds, Stopping threads took: 0.0000202 seconds
[2019-12-09T04:24:40.435+0000][1][safepoint    ] Application time: 1.0000764 seconds
[2019-12-09T04:24:40.435+0000][1][safepoint    ] Entering safepoint region: Cleanup
[2019-12-09T04:24:40.435+0000][1][safepoint    ] Leaving safepoint region
[2019-12-09T04:24:40.435+0000][1][safepoint    ] Total time for which application threads were stopped: 0.0000904 seconds, Stopping threads took: 0.0000196 seconds
[2019-12-09T04:24:41.435+0000][1][safepoint    ] Application time: 1.0000733 seconds
[2019-12-09T04:24:41.435+0000][1][safepoint    ] Entering safepoint region: Cleanup
[2019-12-09T04:24:41.435+0000][1][safepoint    ] Leaving safepoint region
[2019-12-09T04:24:41.435+0000][1][safepoint    ] Total time for which application threads were stopped: 0.0000886 seconds, Stopping threads took: 0.0000189 seconds
[2019-12-09T04:24:42.435+0000][1][safepoint    ] Application time: 1.0000776 seconds
[2019-12-09T04:24:42.435+0000][1][safepoint    ] Entering safepoint region: Cleanup
[2019-12-09T04:24:42.436+0000][1][safepoint    ] Leaving safepoint region
[2019-12-09T04:24:42.436+0000][1][safepoint    ] Total time for which application threads were stopped: 0.0000880 seconds, Stopping threads took: 0.0000201 seconds
[2019-12-09T04:24:43.436+0000][1][safepoint    ] Application time: 1.0000762 seconds
[2019-12-09T04:24:43.436+0000][1][safepoint    ] Entering safepoint region: Cleanup
[2019-12-09T04:24:43.436+0000][1][safepoint    ] Leaving safepoint region
[2019-12-09T04:24:43.436+0000][1][safepoint    ] Total time for which application threads were stopped: 0.0001091 seconds, Stopping threads took: 0.0000371 seconds
[2019-12-09T04:24:44.436+0000][1][safepoint    ] Application time: 1.0000770 seconds
[2019-12-09T04:24:44.436+0000][1][safepoint    ] Entering safepoint region: Cleanup
[2019-12-09T04:24:44.436+0000][1][safepoint    ] Leaving safepoint region
[2019-12-09T04:24:44.436+0000][1][safepoint    ] Total time for which application threads were stopped: 0.0000867 seconds, Stopping threads took: 0.0000189 seconds
[2019-12-09T04:24:45.436+0000][1][safepoint    ] Application time: 1.0000763 seconds
[2019-12-09T04:24:45.436+0000][1][safepoint    ] Entering safepoint region: Cleanup
[2019-12-09T04:24:45.436+0000][1][safepoint    ] Leaving safepoint region
[2019-12-09T04:24:45.436+0000][1][safepoint    ] Total time for which application threads were stopped: 0.0000885 seconds, Stopping threads took: 0.0000204 seconds
[2019-12-09T04:24:46.436+0000][1][safepoint    ] Application time: 1.0000739 seconds
[2019-12-09T04:24:46.436+0000][1][safepoint    ] Entering safepoint region: Cleanup
[2019-12-09T04:24:46.436+0000][1][safepoint    ] Leaving safepoint region
[2019-12-09T04:24:46.436+0000][1][safepoint    ] Total time for which application threads were stopped: 0.0000853 seconds, Stopping threads took: 0.0000188 seconds
[2019-12-09T04:24:47.436+0000][1][safepoint    ] Application time: 1.0000813 seconds
[2019-12-09T04:24:47.437+0000][1][safepoint    ] Entering safepoint region: Cleanup
[2019-12-09T04:24:47.437+0000][1][safepoint    ] Leaving safepoint region
[2019-12-09T04:24:47.437+0000][1][safepoint    ] Total time for which application threads were stopped: 0.0001230 seconds, Stopping threads took: 0.0000258 seconds
[2019-12-09T04:24:48.437+0000][1][safepoint    ] Application time: 1.0000918 seconds
[2019-12-09T04:24:48.437+0000][1][safepoint    ] Entering safepoint region: Cleanup
[2019-12-09T04:24:48.437+0000][1][safepoint    ] Leaving safepoint region
[2019-12-09T04:24:48.437+0000][1][safepoint    ] Total time for which application threads were stopped: 0.0000873 seconds, Stopping threads took: 0.0000191 seconds
[2019-12-09T04:24:49.437+0000][1][safepoint    ] Application time: 1.0000749 seconds
[2019-12-09T04:24:49.437+0000][1][safepoint    ] Entering safepoint region: Cleanup
[2019-12-09T04:24:49.437+0000][1][safepoint    ] Leaving safepoint region
[2019-12-09T04:24:49.437+0000][1][safepoint    ] Total time for which application threads were stopped: 0.0000860 seconds, Stopping threads took: 0.0000189 seconds
[2019-12-09T04:24:50.437+0000][1][safepoint    ] Application time: 1.0000767 seconds
[2019-12-09T04:24:50.437+0000][1][safepoint    ] Entering safepoint region: Cleanup
[2019-12-09T04:24:50.437+0000][1][safepoint    ] Leaving safepoint region
[2019-12-09T04:24:50.437+0000][1][safepoint    ] Total time for which application threads were stopped: 0.0000892 seconds, Stopping threads took: 0.0000206 seconds
[2019-12-09T04:24:51.437+0000][1][safepoint    ] Application time: 1.0000757 seconds
[2019-12-09T04:24:51.437+0000][1][safepoint    ] Entering safepoint region: Cleanup
[2019-12-09T04:24:51.437+0000][1][safepoint    ] Leaving safepoint region
[2019-12-09T04:24:51.438+0000][1][safepoint    ] Total time for which application threads were stopped: 0.0000845 seconds, Stopping threads took: 0.0000184 seconds
[2019-12-09T04:24:52.468+0000][1][safepoint    ] Application time: 1.0303803 seconds
[2019-12-09T04:24:52.468+0000][1][safepoint    ] Entering safepoint region: Cleanup
[2019-12-09T04:24:52.468+0000][1][safepoint    ] Leaving safepoint region
[2019-12-09T04:24:52.468+0000][1][safepoint    ] Total time for which application threads were stopped: 0.0001057 seconds, Stopping threads took: 0.0000215 seconds
[2019-12-09T04:24:53.468+0000][1][safepoint    ] Application time: 1.0000779 seconds
[2019-12-09T04:24:53.468+0000][1][safepoint    ] Entering safepoint region: Cleanup
[2019-12-09T04:24:53.468+0000][1][safepoint    ] Leaving safepoint region
[2019-12-09T04:24:53.468+0000][1][safepoint    ] Total time for which application threads were stopped: 0.0000918 seconds, Stopping threads took: 0.0000254 seconds
[2019-12-09T04:24:54.468+0000][1][safepoint    ] Application time: 1.0000747 seconds
[2019-12-09T04:24:54.468+0000][1][safepoint    ] Entering safepoint region: Cleanup
[2019-12-09T04:24:54.468+0000][1][safepoint    ] Leaving safepoint region
[2019-12-09T04:24:54.468+0000][1][safepoint    ] Total time for which application threads were stopped: 0.0000923 seconds, Stopping threads took: 0.0000177 seconds
[2019-12-09T04:24:55.469+0000][1][safepoint    ] Application time: 1.0000773 seconds
[2019-12-09T04:24:55.469+0000][1][safepoint    ] Entering safepoint region: Cleanup
[2019-12-09T04:24:55.469+0000][1][safepoint    ] Leaving safepoint region
[2019-12-09T04:24:55.469+0000][1][safepoint    ] Total time for which application threads were stopped: 0.0000885 seconds, Stopping threads took: 0.0000204 seconds
[2019-12-09T04:24:56.469+0000][1][safepoint    ] Application time: 1.0000769 seconds
[2019-12-09T04:24:56.469+0000][1][safepoint    ] Entering safepoint region: Cleanup
[2019-12-09T04:24:56.469+0000][1][safepoint    ] Leaving safepoint region
[2019-12-09T04:24:56.469+0000][1][safepoint    ] Total time for which application threads were stopped: 0.0000892 seconds, Stopping threads took: 0.0000204 seconds
[2019-12-09T04:24:57.469+0000][1][safepoint    ] Application time: 1.0000758 seconds
[2019-12-09T04:24:57.469+0000][1][safepoint    ] Entering safepoint region: Cleanup
[2019-12-09T04:24:57.469+0000][1][safepoint    ] Leaving safepoint region
[2019-12-09T04:24:57.469+0000][1][safepoint    ] Total time for which application threads were stopped: 0.0000840 seconds, Stopping threads took: 0.0000181 seconds
[2019-12-09T04:24:58.469+0000][1][safepoint    ] Application time: 1.0000780 seconds
[2019-12-09T04:24:58.469+0000][1][safepoint    ] Entering safepoint region: Cleanup
[2019-12-09T04:24:58.469+0000][1][safepoint    ] Leaving safepoint region
[2019-12-09T04:24:58.469+0000][1][safepoint    ] Total time for which application threads were stopped: 0.0000957 seconds, Stopping threads took: 0.0000280 seconds
[2019-12-09T04:24:59.469+0000][1][safepoint    ] Application time: 1.0000778 seconds
[2019-12-09T04:24:59.469+0000][1][safepoint    ] Entering safepoint region: Cleanup
[2019-12-09T04:24:59.470+0000][1][safepoint    ] Leaving safepoint region
[2019-12-09T04:24:59.470+0000][1][safepoint    ] Total time for which application threads were stopped: 0.0000847 seconds, Stopping threads took: 0.0000184 seconds
[2019-12-09T04:25:00.470+0000][1][safepoint    ] Application time: 1.0000765 seconds
[2019-12-09T04:25:00.470+0000][1][safepoint    ] Entering safepoint region: Cleanup
[2019-12-09T04:25:00.470+0000][1][safepoint    ] Leaving safepoint region
[2019-12-09T04:25:00.470+0000][1][safepoint    ] Total time for which application threads were stopped: 0.0001025 seconds, Stopping threads took: 0.0000187 seconds
[2019-12-09T04:25:01.470+0000][1][safepoint    ] Application time: 1.0000786 seconds
[2019-12-09T04:25:01.470+0000][1][safepoint    ] Entering safepoint region: Cleanup
[2019-12-09T04:25:01.470+0000][1][safepoint    ] Leaving safepoint region
[2019-12-09T04:25:01.470+0000][1][safepoint    ] Total time for which application threads were stopped: 0.0000911 seconds, Stopping threads took: 0.0000205 seconds
[2019-12-09T04:25:02.470+0000][1][safepoint    ] Application time: 1.0000751 seconds
[2019-12-09T04:25:02.470+0000][1][safepoint    ] Entering safepoint region: Cleanup
[2019-12-09T04:25:02.470+0000][1][safepoint    ] Leaving safepoint region
[2019-12-09T04:25:02.470+0000][1][safepoint    ] Total time for which application threads were stopped: 0.0000941 seconds, Stopping threads took: 0.0000179 seconds
[2019-12-09T04:25:03.470+0000][1][safepoint    ] Application time: 1.0000788 seconds
[2019-12-09T04:25:03.470+0000][1][safepoint    ] Entering safepoint region: Cleanup
[2019-12-09T04:25:03.470+0000][1][safepoint    ] Leaving safepoint region
[2019-12-09T04:25:03.470+0000][1][safepoint    ] Total time for which application threads were stopped: 0.0000850 seconds, Stopping threads took: 0.0000180 seconds
[2019-12-09T04:25:04.470+0000][1][safepoint    ] Application time: 1.0000776 seconds
[2019-12-09T04:25:04.471+0000][1][safepoint    ] Entering safepoint region: Cleanup
[2019-12-09T04:25:04.471+0000][1][safepoint    ] Leaving safepoint region
[2019-12-09T04:25:04.471+0000][1][safepoint    ] Total time for which application threads were stopped: 0.0000849 seconds, Stopping threads took: 0.0000174 seconds
[2019-12-09T04:25:05.471+0000][1][safepoint    ] Application time: 1.0000778 seconds
[2019-12-09T04:25:05.471+0000][1][safepoint    ] Entering safepoint region: Cleanup
[2019-12-09T04:25:05.471+0000][1][safepoint    ] Leaving safepoint region
[2019-12-09T04:25:05.471+0000][1][safepoint    ] Total time for which application threads were stopped: 0.0000887 seconds, Stopping threads took: 0.0000201 seconds
[2019-12-09T04:25:06.471+0000][1][safepoint    ] Application time: 1.0000781 seconds
[2019-12-09T04:25:06.471+0000][1][safepoint    ] Entering safepoint region: Cleanup
[2019-12-09T04:25:06.471+0000][1][safepoint    ] Leaving safepoint region
[2019-12-09T04:25:06.471+0000][1][safepoint    ] Total time for which application threads were stopped: 0.0000852 seconds, Stopping threads took: 0.0000183 seconds
[2019-12-09T04:25:07.471+0000][1][safepoint    ] Application time: 1.0000764 seconds
[2019-12-09T04:25:07.471+0000][1][safepoint    ] Entering safepoint region: Cleanup
[2019-12-09T04:25:07.471+0000][1][safepoint    ] Leaving safepoint region
[2019-12-09T04:25:07.471+0000][1][safepoint    ] Total time for which application threads were stopped: 0.0000845 seconds, Stopping threads took: 0.0000183 seconds
[2019-12-09T04:25:08.471+0000][1][safepoint    ] Application time: 1.0000770 seconds
[2019-12-09T04:25:08.471+0000][1][safepoint    ] Entering safepoint region: Cleanup
[2019-12-09T04:25:08.471+0000][1][safepoint    ] Leaving safepoint region
[2019-12-09T04:25:08.471+0000][1][safepoint    ] Total time for which application threads were stopped: 0.0000936 seconds, Stopping threads took: 0.0000267 seconds
[2019-12-09T04:25:09.472+0000][1][safepoint    ] Application time: 1.0000772 seconds
[2019-12-09T04:25:09.472+0000][1][safepoint    ] Entering safepoint region: Cleanup
[2019-12-09T04:25:09.472+0000][1][safepoint    ] Leaving safepoint region
[2019-12-09T04:25:09.472+0000][1][safepoint    ] Total time for which application threads were stopped: 0.0000885 seconds, Stopping threads took: 0.0000197 seconds
[2019-12-09T04:25:10.472+0000][1][safepoint    ] Application time: 1.0000791 seconds
[2019-12-09T04:25:10.472+0000][1][safepoint    ] Entering safepoint region: Cleanup
[2019-12-09T04:25:10.472+0000][1][safepoint    ] Leaving safepoint region
[2019-12-09T04:25:10.472+0000][1][safepoint    ] Total time for which application threads were stopped: 0.0000979 seconds, Stopping threads took: 0.0000197 seconds
[2019-12-09T04:25:11.472+0000][1][safepoint    ] Application time: 1.0000757 seconds
[2019-12-09T04:25:11.472+0000][1][safepoint    ] Entering safepoint region: Cleanup
[2019-12-09T04:25:11.472+0000][1][safepoint    ] Leaving safepoint region
[2019-12-09T04:25:11.472+0000][1][safepoint    ] Total time for which application threads were stopped: 0.0000846 seconds, Stopping threads took: 0.0000177 seconds
[2019-12-09T04:25:12.472+0000][1][safepoint    ] Application time: 1.0000746 seconds
[2019-12-09T04:25:12.472+0000][1][safepoint    ] Entering safepoint region: Cleanup
[2019-12-09T04:25:12.472+0000][1][safepoint    ] Leaving safepoint region
[2019-12-09T04:25:12.472+0000][1][safepoint    ] Total time for which application threads were stopped: 0.0000847 seconds, Stopping threads took: 0.0000175 seconds
[2019-12-09T04:25:13.472+0000][1][safepoint    ] Application time: 1.0000773 seconds
[2019-12-09T04:25:13.472+0000][1][safepoint    ] Entering safepoint region: Cleanup
[2019-12-09T04:25:13.472+0000][1][safepoint    ] Leaving safepoint region
[2019-12-09T04:25:13.472+0000][1][safepoint    ] Total time for which application threads were stopped: 0.0000928 seconds, Stopping threads took: 0.0000260 seconds
[2019-12-09T04:25:14.473+0000][1][safepoint    ] Application time: 1.0000774 seconds
[2019-12-09T04:25:14.473+0000][1][safepoint    ] Entering safepoint region: Cleanup
[2019-12-09T04:25:14.473+0000][1][safepoint    ] Leaving safepoint region
[2019-12-09T04:25:14.473+0000][1][safepoint    ] Total time for which application threads were stopped: 0.0000956 seconds, Stopping threads took: 0.0000166 seconds
[2019-12-09T04:25:15.473+0000][1][safepoint    ] Application time: 1.0000751 seconds
[2019-12-09T04:25:15.473+0000][1][safepoint    ] Entering safepoint region: Cleanup
[2019-12-09T04:25:15.473+0000][1][safepoint    ] Leaving safepoint region
[2019-12-09T04:25:15.473+0000][1][safepoint    ] Total time for which application threads were stopped: 0.0001059 seconds, Stopping threads took: 0.0000195 seconds
[2019-12-09T04:25:16.473+0000][1][safepoint    ] Application time: 1.0000772 seconds
[2019-12-09T04:25:16.473+0000][1][safepoint    ] Entering safepoint region: Cleanup
[2019-12-09T04:25:16.473+0000][1][safepoint    ] Leaving safepoint region
[2019-12-09T04:25:16.473+0000][1][safepoint    ] Total time for which application threads were stopped: 0.0000873 seconds, Stopping threads took: 0.0000189 seconds
[2019-12-09T04:25:17.473+0000][1][safepoint    ] Application time: 1.0000762 seconds
[2019-12-09T04:25:17.473+0000][1][safepoint    ] Entering safepoint region: Cleanup
[2019-12-09T04:25:17.473+0000][1][safepoint    ] Leaving safepoint region
[2019-12-09T04:25:17.473+0000][1][safepoint    ] Total time for which application threads were stopped: 0.0000864 seconds, Stopping threads took: 0.0000203 seconds
[2019-12-09T04:25:18.473+0000][1][safepoint    ] Application time: 1.0000774 seconds
[2019-12-09T04:25:18.473+0000][1][safepoint    ] Entering safepoint region: Cleanup
[2019-12-09T04:25:18.474+0000][1][safepoint    ] Leaving safepoint region
[2019-12-09T04:25:18.474+0000][1][safepoint    ] Total time for which application threads were stopped: 0.0000859 seconds, Stopping threads took: 0.0000189 seconds
[2019-12-09T04:25:19.474+0000][1][safepoint    ] Application time: 1.0000774 seconds
[2019-12-09T04:25:19.474+0000][1][safepoint    ] Entering safepoint region: Cleanup
[2019-12-09T04:25:19.474+0000][1][safepoint    ] Leaving safepoint region
[2019-12-09T04:25:19.474+0000][1][safepoint    ] Total time for which application threads were stopped: 0.0000860 seconds, Stopping threads took: 0.0000185 seconds
[2019-12-09T04:25:20.474+0000][1][safepoint    ] Application time: 1.0000782 seconds
[2019-12-09T04:25:20.474+0000][1][safepoint    ] Entering safepoint region: Cleanup
[2019-12-09T04:25:20.474+0000][1][safepoint    ] Leaving safepoint region
[2019-12-09T04:25:20.474+0000][1][safepoint    ] Total time for which application threads were stopped: 0.0000890 seconds, Stopping threads took: 0.0000200 seconds
[2019-12-09T04:25:21.474+0000][1][safepoint    ] Application time: 1.0000735 seconds
[2019-12-09T04:25:21.474+0000][1][safepoint    ] Entering safepoint region: Cleanup
[2019-12-09T04:25:21.474+0000][1][safepoint    ] Leaving safepoint region
[2019-12-09T04:25:21.474+0000][1][safepoint    ] Total time for which application threads were stopped: 0.0000813 seconds, Stopping threads took: 0.0000174 seconds
[2019-12-09T04:25:22.474+0000][1][safepoint    ] Application time: 1.0000757 seconds
[2019-12-09T04:25:22.474+0000][1][safepoint    ] Entering safepoint region: Cleanup
[2019-12-09T04:25:22.474+0000][1][safepoint    ] Leaving safepoint region
[2019-12-09T04:25:22.474+0000][1][safepoint    ] Total time for which application threads were stopped: 0.0000847 seconds, Stopping threads took: 0.0000190 seconds
[2019-12-09T04:25:23.474+0000][1][safepoint    ] Application time: 1.0000747 seconds
[2019-12-09T04:25:23.475+0000][1][safepoint    ] Entering safepoint region: Cleanup
[2019-12-09T04:25:23.475+0000][1][safepoint    ] Leaving safepoint region
[2019-12-09T04:25:23.475+0000][1][safepoint    ] Total time for which application threads were stopped: 0.0000923 seconds, Stopping threads took: 0.0000247 seconds
[2019-12-09T04:25:24.475+0000][1][safepoint    ] Application time: 1.0000846 seconds
[2019-12-09T04:25:24.475+0000][1][safepoint    ] Entering safepoint region: Cleanup
[2019-12-09T04:25:24.475+0000][1][safepoint    ] Leaving safepoint region
[2019-12-09T04:25:24.475+0000][1][safepoint    ] Total time for which application threads were stopped: 0.0000850 seconds, Stopping threads took: 0.0000174 seconds
[2019-12-09T04:25:25.475+0000][1][safepoint    ] Application time: 1.0000771 seconds
[2019-12-09T04:25:25.475+0000][1][safepoint    ] Entering safepoint region: Cleanup
[2019-12-09T04:25:25.475+0000][1][safepoint    ] Leaving safepoint region
[2019-12-09T04:25:25.475+0000][1][safepoint    ] Total time for which application threads were stopped: 0.0000978 seconds, Stopping threads took: 0.0000304 seconds
[2019-12-09T04:25:26.475+0000][1][safepoint    ] Application time: 1.0000806 seconds
[2019-12-09T04:25:26.475+0000][1][safepoint    ] Entering safepoint region: Cleanup
[2019-12-09T04:25:26.475+0000][1][safepoint    ] Leaving safepoint region
[2019-12-09T04:25:26.475+0000][1][safepoint    ] Total time for which application threads were stopped: 0.0000865 seconds, Stopping threads took: 0.0000194 seconds
[2019-12-09T04:25:27.475+0000][1][safepoint    ] Application time: 1.0000749 seconds
[2019-12-09T04:25:27.475+0000][1][safepoint    ] Entering safepoint region: Cleanup
[2019-12-09T04:25:27.475+0000][1][safepoint    ] Leaving safepoint region
[2019-12-09T04:25:27.475+0000][1][safepoint    ] Total time for which application threads were stopped: 0.0000875 seconds, Stopping threads took: 0.0000195 seconds
[2019-12-09T04:25:28.476+0000][1][safepoint    ] Application time: 1.0000777 seconds
[2019-12-09T04:25:28.476+0000][1][safepoint    ] Entering safepoint region: Cleanup
[2019-12-09T04:25:28.476+0000][1][safepoint    ] Leaving safepoint region
[2019-12-09T04:25:28.476+0000][1][safepoint    ] Total time for which application threads were stopped: 0.0000855 seconds, Stopping threads took: 0.0000187 seconds
[2019-12-09T04:25:29.476+0000][1][safepoint    ] Application time: 1.0000754 seconds
[2019-12-09T04:25:29.476+0000][1][safepoint    ] Entering safepoint region: Cleanup
[2019-12-09T04:25:29.476+0000][1][safepoint    ] Leaving safepoint region
[2019-12-09T04:25:29.476+0000][1][safepoint    ] Total time for which application threads were stopped: 0.0000845 seconds, Stopping threads took: 0.0000170 seconds
[2019-12-09T04:25:30.476+0000][1][safepoint    ] Application time: 1.0000773 seconds
[2019-12-09T04:25:30.476+0000][1][safepoint    ] Entering safepoint region: Cleanup
[2019-12-09T04:25:30.476+0000][1][safepoint    ] Leaving safepoint region
[2019-12-09T04:25:30.476+0000][1][safepoint    ] Total time for which application threads were stopped: 0.0000882 seconds, Stopping threads took: 0.0000195 seconds
[2019-12-09T04:25:31.476+0000][1][safepoint    ] Application time: 1.0000882 seconds
[2019-12-09T04:25:31.476+0000][1][safepoint    ] Entering safepoint region: Cleanup
[2019-12-09T04:25:31.476+0000][1][safepoint    ] Leaving safepoint region
[2019-12-09T04:25:31.476+0000][1][safepoint    ] Total time for which application threads were stopped: 0.0001154 seconds, Stopping threads took: 0.0000260 seconds
[2019-12-09T04:25:32.476+0000][1][safepoint    ] Application time: 1.0000759 seconds
[2019-12-09T04:25:32.476+0000][1][safepoint    ] Entering safepoint region: Cleanup
[2019-12-09T04:25:32.477+0000][1][safepoint    ] Leaving safepoint region
[2019-12-09T04:25:32.477+0000][1][safepoint    ] Total time for which application threads were stopped: 0.0000836 seconds, Stopping threads took: 0.0000181 seconds
[2019-12-09T04:25:33.477+0000][1][safepoint    ] Application time: 1.0000799 seconds
[2019-12-09T04:25:33.477+0000][1][safepoint    ] Entering safepoint region: Cleanup
[2019-12-09T04:25:33.477+0000][1][safepoint    ] Leaving safepoint region
[2019-12-09T04:25:33.477+0000][1][safepoint    ] Total time for which application threads were stopped: 0.0001012 seconds, Stopping threads took: 0.0000181 seconds
[2019-12-09T04:25:34.477+0000][1][safepoint    ] Application time: 1.0000753 seconds
[2019-12-09T04:25:34.477+0000][1][safepoint    ] Entering safepoint region: Cleanup
[2019-12-09T04:25:34.477+0000][1][safepoint    ] Leaving safepoint region
[2019-12-09T04:25:34.477+0000][1][safepoint    ] Total time for which application threads were stopped: 0.0000843 seconds, Stopping threads took: 0.0000173 seconds
[2019-12-09T04:25:35.477+0000][1][safepoint    ] Application time: 1.0000323 seconds
[2019-12-09T04:25:35.477+0000][1][safepoint    ] Entering safepoint region: Cleanup
[2019-12-09T04:25:35.477+0000][1][safepoint    ] Leaving safepoint region
[2019-12-09T04:25:35.477+0000][1][safepoint    ] Total time for which application threads were stopped: 0.0000934 seconds, Stopping threads took: 0.0000263 seconds
[2019-12-09T04:25:36.477+0000][1][safepoint    ] Application time: 1.0000776 seconds
[2019-12-09T04:25:36.477+0000][1][safepoint    ] Entering safepoint region: Cleanup
[2019-12-09T04:25:36.477+0000][1][safepoint    ] Leaving safepoint region
[2019-12-09T04:25:36.477+0000][1][safepoint    ] Total time for which application threads were stopped: 0.0000862 seconds, Stopping threads took: 0.0000183 seconds
[2019-12-09T04:25:37.477+0000][1][safepoint    ] Application time: 1.0000763 seconds
[2019-12-09T04:25:37.477+0000][1][safepoint    ] Entering safepoint region: Cleanup
[2019-12-09T04:25:37.478+0000][1][safepoint    ] Leaving safepoint region
[2019-12-09T04:25:37.478+0000][1][safepoint    ] Total time for which application threads were stopped: 0.0001001 seconds, Stopping threads took: 0.0000261 seconds
[2019-12-09T04:25:38.478+0000][1][safepoint    ] Application time: 1.0000762 seconds
[2019-12-09T04:25:38.478+0000][1][safepoint    ] Entering safepoint region: Cleanup
[2019-12-09T04:25:38.478+0000][1][safepoint    ] Leaving safepoint region
[2019-12-09T04:25:38.478+0000][1][safepoint    ] Total time for which application threads were stopped: 0.0000914 seconds, Stopping threads took: 0.0000264 seconds
[2019-12-09T04:25:39.478+0000][1][safepoint    ] Application time: 1.0000766 seconds
[2019-12-09T04:25:39.478+0000][1][safepoint    ] Entering safepoint region: Cleanup
[2019-12-09T04:25:39.478+0000][1][safepoint    ] Leaving safepoint region
[2019-12-09T04:25:39.478+0000][1][safepoint    ] Total time for which application threads were stopped: 0.0000815 seconds, Stopping threads took: 0.0000169 seconds
[2019-12-09T04:25:40.478+0000][1][safepoint    ] Application time: 1.0000856 seconds
[2019-12-09T04:25:40.478+0000][1][safepoint    ] Entering safepoint region: Cleanup
[2019-12-09T04:25:40.478+0000][1][safepoint    ] Leaving safepoint region
[2019-12-09T04:25:40.478+0000][1][safepoint    ] Total time for which application threads were stopped: 0.0001157 seconds, Stopping threads took: 0.0000255 seconds
[2019-12-09T04:25:41.478+0000][1][safepoint    ] Application time: 1.0000759 seconds
[2019-12-09T04:25:41.478+0000][1][safepoint    ] Entering safepoint region: Cleanup
[2019-12-09T04:25:41.478+0000][1][safepoint    ] Leaving safepoint region
[2019-12-09T04:25:41.478+0000][1][safepoint    ] Total time for which application threads were stopped: 0.0000869 seconds, Stopping threads took: 0.0000203 seconds
[2019-12-09T04:25:42.479+0000][1][safepoint    ] Application time: 1.0000764 seconds
[2019-12-09T04:25:42.479+0000][1][safepoint    ] Entering safepoint region: Cleanup
[2019-12-09T04:25:42.479+0000][1][safepoint    ] Leaving safepoint region
[2019-12-09T04:25:42.479+0000][1][safepoint    ] Total time for which application threads were stopped: 0.0000956 seconds, Stopping threads took: 0.0000182 seconds
[2019-12-09T04:25:43.479+0000][1][safepoint    ] Application time: 1.0000772 seconds
[2019-12-09T04:25:43.479+0000][1][safepoint    ] Entering safepoint region: Cleanup
[2019-12-09T04:25:43.479+0000][1][safepoint    ] Leaving safepoint region
[2019-12-09T04:25:43.479+0000][1][safepoint    ] Total time for which application threads were stopped: 0.0000837 seconds, Stopping threads took: 0.0000172 seconds
[2019-12-09T04:25:44.479+0000][1][safepoint    ] Application time: 1.0000775 seconds
[2019-12-09T04:25:44.479+0000][1][safepoint    ] Entering safepoint region: Cleanup
[2019-12-09T04:25:44.479+0000][1][safepoint    ] Leaving safepoint region
[2019-12-09T04:25:44.479+0000][1][safepoint    ] Total time for which application threads were stopped: 0.0000831 seconds, Stopping threads took: 0.0000181 seconds
[2019-12-09T04:25:45.479+0000][1][safepoint    ] Application time: 1.0000785 seconds
[2019-12-09T04:25:45.479+0000][1][safepoint    ] Entering safepoint region: Cleanup
[2019-12-09T04:25:45.479+0000][1][safepoint    ] Leaving safepoint region
[2019-12-09T04:25:45.479+0000][1][safepoint    ] Total time for which application threads were stopped: 0.0000978 seconds, Stopping threads took: 0.0000277 seconds
[2019-12-09T04:25:46.479+0000][1][safepoint    ] Application time: 1.0000776 seconds
[2019-12-09T04:25:46.479+0000][1][safepoint    ] Entering safepoint region: Cleanup
[2019-12-09T04:25:46.479+0000][1][safepoint    ] Leaving safepoint region
[2019-12-09T04:25:46.479+0000][1][safepoint    ] Total time for which application threads were stopped: 0.0000833 seconds, Stopping threads took: 0.0000180 seconds
[2019-12-09T04:25:47.480+0000][1][safepoint    ] Application time: 1.0000779 seconds
[2019-12-09T04:25:47.480+0000][1][safepoint    ] Entering safepoint region: Cleanup
[2019-12-09T04:25:47.480+0000][1][safepoint    ] Leaving safepoint region
[2019-12-09T04:25:47.480+0000][1][safepoint    ] Total time for which application threads were stopped: 0.0000844 seconds, Stopping threads took: 0.0000182 seconds
[2019-12-09T04:25:48.480+0000][1][safepoint    ] Application time: 1.0000862 seconds
[2019-12-09T04:25:48.480+0000][1][safepoint    ] Entering safepoint region: Cleanup
[2019-12-09T04:25:48.480+0000][1][safepoint    ] Leaving safepoint region
[2019-12-09T04:25:48.480+0000][1][safepoint    ] Total time for which application threads were stopped: 0.0000880 seconds, Stopping threads took: 0.0000204 seconds
[2019-12-09T04:25:49.480+0000][1][safepoint    ] Application time: 1.0000760 seconds
[2019-12-09T04:25:49.480+0000][1][safepoint    ] Entering safepoint region: Cleanup
[2019-12-09T04:25:49.480+0000][1][safepoint    ] Leaving safepoint region
[2019-12-09T04:25:49.480+0000][1][safepoint    ] Total time for which application threads were stopped: 0.0000833 seconds, Stopping threads took: 0.0000168 seconds
[2019-12-09T04:25:50.480+0000][1][safepoint    ] Application time: 1.0000772 seconds
[2019-12-09T04:25:50.480+0000][1][safepoint    ] Entering safepoint region: Cleanup
[2019-12-09T04:25:50.480+0000][1][safepoint    ] Leaving safepoint region
[2019-12-09T04:25:50.480+0000][1][safepoint    ] Total time for which application threads were stopped: 0.0000840 seconds, Stopping threads took: 0.0000171 seconds
[2019-12-09T04:25:51.480+0000][1][safepoint    ] Application time: 1.0000777 seconds
[2019-12-09T04:25:51.480+0000][1][safepoint    ] Entering safepoint region: Cleanup
[2019-12-09T04:25:51.480+0000][1][safepoint    ] Leaving safepoint region
[2019-12-09T04:25:51.480+0000][1][safepoint    ] Total time for which application threads were stopped: 0.0000818 seconds, Stopping threads took: 0.0000183 seconds
[2019-12-09T04:25:52.481+0000][1][safepoint    ] Application time: 1.0000768 seconds
[2019-12-09T04:25:52.481+0000][1][safepoint    ] Entering safepoint region: Cleanup
[2019-12-09T04:25:52.481+0000][1][safepoint    ] Leaving safepoint region
[2019-12-09T04:25:52.481+0000][1][safepoint    ] Total time for which application threads were stopped: 0.0000951 seconds, Stopping threads took: 0.0000182 seconds
[2019-12-09T04:25:53.481+0000][1][safepoint    ] Application time: 1.0000764 seconds
[2019-12-09T04:25:53.481+0000][1][safepoint    ] Entering safepoint region: Cleanup
[2019-12-09T04:25:53.481+0000][1][safepoint    ] Leaving safepoint region
[2019-12-09T04:25:53.481+0000][1][safepoint    ] Total time for which application threads were stopped: 0.0000927 seconds, Stopping threads took: 0.0000263 seconds
[2019-12-09T04:25:55.439+0000][1][safepoint    ] Application time: 1.9576401 seconds
[2019-12-09T04:25:55.439+0000][1][safepoint    ] Entering safepoint region: Cleanup
[2019-12-09T04:25:55.439+0000][1][safepoint    ] Leaving safepoint region
[2019-12-09T04:25:55.439+0000][1][safepoint    ] Total time for which application threads were stopped: 0.0001232 seconds, Stopping threads took: 0.0000181 seconds
[2019-12-09T04:25:56.439+0000][1][safepoint    ] Application time: 1.0000793 seconds
[2019-12-09T04:25:56.439+0000][1][safepoint    ] Entering safepoint region: Cleanup
[2019-12-09T04:25:56.439+0000][1][safepoint    ] Leaving safepoint region
[2019-12-09T04:25:56.439+0000][1][safepoint    ] Total time for which application threads were stopped: 0.0000957 seconds, Stopping threads took: 0.0000199 seconds
[2019-12-09T04:25:57.439+0000][1][safepoint    ] Application time: 1.0000838 seconds
[2019-12-09T04:25:57.439+0000][1][safepoint    ] Entering safepoint region: Cleanup
[2019-12-09T04:25:57.439+0000][1][safepoint    ] Leaving safepoint region
[2019-12-09T04:25:57.439+0000][1][safepoint    ] Total time for which application threads were stopped: 0.0000858 seconds, Stopping threads took: 0.0000183 seconds
[2019-12-09T04:25:58.439+0000][1][safepoint    ] Application time: 1.0000785 seconds
[2019-12-09T04:25:58.439+0000][1][safepoint    ] Entering safepoint region: Cleanup
[2019-12-09T04:25:58.439+0000][1][safepoint    ] Leaving safepoint region
[2019-12-09T04:25:58.439+0000][1][safepoint    ] Total time for which application threads were stopped: 0.0000886 seconds, Stopping threads took: 0.0000196 seconds
[2019-12-09T04:25:59.439+0000][1][safepoint    ] Application time: 1.0000765 seconds
[2019-12-09T04:25:59.440+0000][1][safepoint    ] Entering safepoint region: Cleanup
[2019-12-09T04:25:59.440+0000][1][safepoint    ] Leaving safepoint region
[2019-12-09T04:25:59.440+0000][1][safepoint    ] Total time for which application threads were stopped: 0.0000869 seconds, Stopping threads took: 0.0000207 seconds
[2019-12-09T04:26:00.440+0000][1][safepoint    ] Application time: 1.0001508 seconds
[2019-12-09T04:26:00.440+0000][1][safepoint    ] Entering safepoint region: Cleanup
[2019-12-09T04:26:00.440+0000][1][safepoint    ] Leaving safepoint region
[2019-12-09T04:26:00.440+0000][1][safepoint    ] Total time for which application threads were stopped: 0.0000872 seconds, Stopping threads took: 0.0000183 seconds
[2019-12-09T04:26:01.440+0000][1][safepoint    ] Application time: 1.0000788 seconds
[2019-12-09T04:26:01.440+0000][1][safepoint    ] Entering safepoint region: Cleanup
[2019-12-09T04:26:01.440+0000][1][safepoint    ] Leaving safepoint region
[2019-12-09T04:26:01.440+0000][1][safepoint    ] Total time for which application threads were stopped: 0.0000892 seconds, Stopping threads took: 0.0000213 seconds
[2019-12-09T04:26:02.440+0000][1][safepoint    ] Application time: 1.0000762 seconds
[2019-12-09T04:26:02.440+0000][1][safepoint    ] Entering safepoint region: Cleanup
[2019-12-09T04:26:02.440+0000][1][safepoint    ] Leaving safepoint region
[2019-12-09T04:26:02.440+0000][1][safepoint    ] Total time for which application threads were stopped: 0.0000850 seconds, Stopping threads took: 0.0000189 seconds
[2019-12-09T04:26:03.440+0000][1][safepoint    ] Application time: 1.0000789 seconds
[2019-12-09T04:26:03.440+0000][1][safepoint    ] Entering safepoint region: Cleanup
[2019-12-09T04:26:03.440+0000][1][safepoint    ] Leaving safepoint region
[2019-12-09T04:26:03.440+0000][1][safepoint    ] Total time for which application threads were stopped: 0.0000871 seconds, Stopping threads took: 0.0000194 seconds
[2019-12-09T04:26:04.441+0000][1][safepoint    ] Application time: 1.0000759 seconds
[2019-12-09T04:26:04.441+0000][1][safepoint    ] Entering safepoint region: Cleanup
[2019-12-09T04:26:04.441+0000][1][safepoint    ] Leaving safepoint region
[2019-12-09T04:26:04.441+0000][1][safepoint    ] Total time for which application threads were stopped: 0.0001012 seconds, Stopping threads took: 0.0000232 seconds
[2019-12-09T04:26:05.441+0000][1][safepoint    ] Application time: 1.0000828 seconds
[2019-12-09T04:26:05.441+0000][1][safepoint    ] Entering safepoint region: Cleanup
[2019-12-09T04:26:05.441+0000][1][safepoint    ] Leaving safepoint region
[2019-12-09T04:26:05.441+0000][1][safepoint    ] Total time for which application threads were stopped: 0.0000884 seconds, Stopping threads took: 0.0000196 seconds
[2019-12-09T04:26:06.441+0000][1][safepoint    ] Application time: 1.0000784 seconds
[2019-12-09T04:26:06.441+0000][1][safepoint    ] Entering safepoint region: Cleanup
[2019-12-09T04:26:06.441+0000][1][safepoint    ] Leaving safepoint region
[2019-12-09T04:26:06.441+0000][1][safepoint    ] Total time for which application threads were stopped: 0.0000923 seconds, Stopping threads took: 0.0000193 seconds
[2019-12-09T04:26:07.441+0000][1][safepoint    ] Application time: 1.0000770 seconds
[2019-12-09T04:26:07.441+0000][1][safepoint    ] Entering safepoint region: Cleanup
[2019-12-09T04:26:07.441+0000][1][safepoint    ] Leaving safepoint region
[2019-12-09T04:26:07.441+0000][1][safepoint    ] Total time for which application threads were stopped: 0.0000878 seconds, Stopping threads took: 0.0000199 seconds
[2019-12-09T04:26:08.441+0000][1][safepoint    ] Application time: 1.0000774 seconds
[2019-12-09T04:26:08.441+0000][1][safepoint    ] Entering safepoint region: Cleanup
[2019-12-09T04:26:08.442+0000][1][safepoint    ] Leaving safepoint region
[2019-12-09T04:26:08.442+0000][1][safepoint    ] Total time for which application threads were stopped: 0.0000853 seconds, Stopping threads took: 0.0000188 seconds
[2019-12-09T04:26:09.442+0000][1][safepoint    ] Application time: 1.0000772 seconds
[2019-12-09T04:26:09.442+0000][1][safepoint    ] Entering safepoint region: Cleanup
[2019-12-09T04:26:09.442+0000][1][safepoint    ] Leaving safepoint region
[2019-12-09T04:26:09.442+0000][1][safepoint    ] Total time for which application threads were stopped: 0.0000977 seconds, Stopping threads took: 0.0000306 seconds
[2019-12-09T04:26:10.442+0000][1][safepoint    ] Application time: 1.0000790 seconds
[2019-12-09T04:26:10.442+0000][1][safepoint    ] Entering safepoint region: Cleanup
[2019-12-09T04:26:10.442+0000][1][safepoint    ] Leaving safepoint region
[2019-12-09T04:26:10.442+0000][1][safepoint    ] Total time for which application threads were stopped: 0.0000862 seconds, Stopping threads took: 0.0000187 seconds
[2019-12-09T04:26:11.442+0000][1][safepoint    ] Application time: 1.0000759 seconds
[2019-12-09T04:26:11.442+0000][1][safepoint    ] Entering safepoint region: Cleanup
[2019-12-09T04:26:11.442+0000][1][safepoint    ] Leaving safepoint region
[2019-12-09T04:26:11.442+0000][1][safepoint    ] Total time for which application threads were stopped: 0.0000860 seconds, Stopping threads took: 0.0000190 seconds
[2019-12-09T04:26:12.442+0000][1][safepoint    ] Application time: 1.0000766 seconds
[2019-12-09T04:26:12.442+0000][1][safepoint    ] Entering safepoint region: Cleanup
[2019-12-09T04:26:12.442+0000][1][safepoint    ] Leaving safepoint region
[2019-12-09T04:26:12.442+0000][1][safepoint    ] Total time for which application threads were stopped: 0.0000887 seconds, Stopping threads took: 0.0000200 seconds
[2019-12-09T04:26:13.442+0000][1][safepoint    ] Application time: 1.0000764 seconds
[2019-12-09T04:26:13.443+0000][1][safepoint    ] Entering safepoint region: Cleanup
[2019-12-09T04:26:13.443+0000][1][safepoint    ] Leaving safepoint region
[2019-12-09T04:26:13.443+0000][1][safepoint    ] Total time for which application threads were stopped: 0.0000885 seconds, Stopping threads took: 0.0000203 seconds
[2019-12-09T04:26:14.443+0000][1][safepoint    ] Application time: 1.0000836 seconds
[2019-12-09T04:26:14.443+0000][1][safepoint    ] Entering safepoint region: Cleanup
[2019-12-09T04:26:14.443+0000][1][safepoint    ] Leaving safepoint region
[2019-12-09T04:26:14.443+0000][1][safepoint    ] Total time for which application threads were stopped: 0.0000860 seconds, Stopping threads took: 0.0000202 seconds
[2019-12-09T04:26:15.443+0000][1][safepoint    ] Application time: 1.0000784 seconds
[2019-12-09T04:26:15.443+0000][1][safepoint    ] Entering safepoint region: Cleanup
[2019-12-09T04:26:15.443+0000][1][safepoint    ] Leaving safepoint region
[2019-12-09T04:26:15.443+0000][1][safepoint    ] Total time for which application threads were stopped: 0.0001220 seconds, Stopping threads took: 0.0000252 seconds
[2019-12-09T04:26:16.443+0000][1][safepoint    ] Application time: 1.0000776 seconds
[2019-12-09T04:26:16.443+0000][1][safepoint    ] Entering safepoint region: Cleanup
[2019-12-09T04:26:16.443+0000][1][safepoint    ] Leaving safepoint region
[2019-12-09T04:26:16.443+0000][1][safepoint    ] Total time for which application threads were stopped: 0.0000954 seconds, Stopping threads took: 0.0000198 seconds
[2019-12-09T04:26:17.443+0000][1][safepoint    ] Application time: 1.0000805 seconds
[2019-12-09T04:26:17.443+0000][1][safepoint    ] Entering safepoint region: Cleanup
[2019-12-09T04:26:17.444+0000][1][safepoint    ] Leaving safepoint region
[2019-12-09T04:26:17.444+0000][1][safepoint    ] Total time for which application threads were stopped: 0.0001083 seconds, Stopping threads took: 0.0000211 seconds
[2019-12-09T04:26:18.444+0000][1][safepoint    ] Application time: 1.0000763 seconds
[2019-12-09T04:26:18.444+0000][1][safepoint    ] Entering safepoint region: Cleanup
[2019-12-09T04:26:18.444+0000][1][safepoint    ] Leaving safepoint region
[2019-12-09T04:26:18.444+0000][1][safepoint    ] Total time for which application threads were stopped: 0.0000989 seconds, Stopping threads took: 0.0000198 seconds
[2019-12-09T04:26:19.444+0000][1][safepoint    ] Application time: 1.0000452 seconds
[2019-12-09T04:26:19.444+0000][1][safepoint    ] Entering safepoint region: Cleanup
[2019-12-09T04:26:19.444+0000][1][safepoint    ] Leaving safepoint region
[2019-12-09T04:26:19.444+0000][1][safepoint    ] Total time for which application threads were stopped: 0.0000858 seconds, Stopping threads took: 0.0000203 seconds
[2019-12-09T04:26:20.444+0000][1][safepoint    ] Application time: 1.0000761 seconds
[2019-12-09T04:26:20.444+0000][1][safepoint    ] Entering safepoint region: Cleanup
[2019-12-09T04:26:20.444+0000][1][safepoint    ] Leaving safepoint region
[2019-12-09T04:26:20.444+0000][1][safepoint    ] Total time for which application threads were stopped: 0.0000847 seconds, Stopping threads took: 0.0000194 seconds
[2019-12-09T04:26:21.444+0000][1][safepoint    ] Application time: 1.0000764 seconds
[2019-12-09T04:26:21.444+0000][1][safepoint    ] Entering safepoint region: Cleanup
[2019-12-09T04:26:21.444+0000][1][safepoint    ] Leaving safepoint region
[2019-12-09T04:26:21.444+0000][1][safepoint    ] Total time for which application threads were stopped: 0.0000861 seconds, Stopping threads took: 0.0000189 seconds
[2019-12-09T04:26:22.444+0000][1][safepoint    ] Application time: 1.0000786 seconds
[2019-12-09T04:26:22.444+0000][1][safepoint    ] Entering safepoint region: Cleanup
[2019-12-09T04:26:22.445+0000][1][safepoint    ] Leaving safepoint region
[2019-12-09T04:26:22.445+0000][1][safepoint    ] Total time for which application threads were stopped: 0.0000850 seconds, Stopping threads took: 0.0000194 seconds
[2019-12-09T04:26:23.445+0000][1][safepoint    ] Application time: 1.0000775 seconds
[2019-12-09T04:26:23.445+0000][1][safepoint    ] Entering safepoint region: Cleanup
[2019-12-09T04:26:23.445+0000][1][safepoint    ] Leaving safepoint region
[2019-12-09T04:26:23.445+0000][1][safepoint    ] Total time for which application threads were stopped: 0.0000989 seconds, Stopping threads took: 0.0000342 seconds
[2019-12-09T04:26:24.445+0000][1][safepoint    ] Application time: 1.0000762 seconds
[2019-12-09T04:26:24.445+0000][1][safepoint    ] Entering safepoint region: Cleanup
[2019-12-09T04:26:24.445+0000][1][safepoint    ] Leaving safepoint region
[2019-12-09T04:26:24.445+0000][1][safepoint    ] Total time for which application threads were stopped: 0.0000856 seconds, Stopping threads took: 0.0000182 seconds
[2019-12-09T04:26:25.445+0000][1][safepoint    ] Application time: 1.0000748 seconds
[2019-12-09T04:26:25.445+0000][1][safepoint    ] Entering safepoint region: Cleanup
[2019-12-09T04:26:25.445+0000][1][safepoint    ] Leaving safepoint region
[2019-12-09T04:26:25.445+0000][1][safepoint    ] Total time for which application threads were stopped: 0.0000866 seconds, Stopping threads took: 0.0000209 seconds
[2019-12-09T04:26:26.445+0000][1][safepoint    ] Application time: 1.0000755 seconds
[2019-12-09T04:26:26.445+0000][1][safepoint    ] Entering safepoint region: Cleanup
[2019-12-09T04:26:26.445+0000][1][safepoint    ] Leaving safepoint region
[2019-12-09T04:26:26.445+0000][1][safepoint    ] Total time for which application threads were stopped: 0.0000883 seconds, Stopping threads took: 0.0000200 seconds
[2019-12-09T04:26:27.445+0000][1][safepoint    ] Application time: 1.0000766 seconds
[2019-12-09T04:26:27.446+0000][1][safepoint    ] Entering safepoint region: Cleanup
[2019-12-09T04:26:27.446+0000][1][safepoint    ] Leaving safepoint region
[2019-12-09T04:26:27.446+0000][1][safepoint    ] Total time for which application threads were stopped: 0.0000861 seconds, Stopping threads took: 0.0000181 seconds
[2019-12-09T04:26:28.446+0000][1][safepoint    ] Application time: 1.0000768 seconds
[2019-12-09T04:26:28.446+0000][1][safepoint    ] Entering safepoint region: Cleanup
[2019-12-09T04:26:28.446+0000][1][safepoint    ] Leaving safepoint region
[2019-12-09T04:26:28.446+0000][1][safepoint    ] Total time for which application threads were stopped: 0.0000882 seconds, Stopping threads took: 0.0000196 seconds
[2019-12-09T04:26:29.446+0000][1][safepoint    ] Application time: 1.0000766 seconds
[2019-12-09T04:26:29.446+0000][1][safepoint    ] Entering safepoint region: Cleanup
[2019-12-09T04:26:29.446+0000][1][safepoint    ] Leaving safepoint region
[2019-12-09T04:26:29.446+0000][1][safepoint    ] Total time for which application threads were stopped: 0.0000865 seconds, Stopping threads took: 0.0000190 seconds
[2019-12-09T04:26:31.187+0000][1][safepoint    ] Application time: 1.7410186 seconds
[2019-12-09T04:26:31.187+0000][1][safepoint    ] Entering safepoint region: Cleanup
[2019-12-09T04:26:31.187+0000][1][safepoint    ] Leaving safepoint region
[2019-12-09T04:26:31.187+0000][1][safepoint    ] Total time for which application threads were stopped: 0.0000856 seconds, Stopping threads took: 0.0000191 seconds
[2019-12-09T04:26:32.187+0000][1][safepoint    ] Application time: 1.0000763 seconds
[2019-12-09T04:26:32.187+0000][1][safepoint    ] Entering safepoint region: Cleanup
[2019-12-09T04:26:32.187+0000][1][safepoint    ] Leaving safepoint region
[2019-12-09T04:26:32.187+0000][1][safepoint    ] Total time for which application threads were stopped: 0.0000872 seconds, Stopping threads took: 0.0000196 seconds
[2019-12-09T04:26:32.281+0000][1][safepoint    ] Application time: 0.0936250 seconds
[2019-12-09T04:26:32.281+0000][1][safepoint    ] Entering safepoint region: GenCollectForAllocation
[2019-12-09T04:26:32.281+0000][1][gc,start     ] GC(67) Pause Young (Allocation Failure)
[2019-12-09T04:26:32.281+0000][1][gc,task      ] GC(67) Using 2 workers of 2 for evacuation
[2019-12-09T04:26:32.283+0000][1][gc,age       ] GC(67) Desired survivor size 4456448 bytes, new threshold 6 (max threshold 6)
[2019-12-09T04:26:32.283+0000][1][gc,age       ] GC(67) Age table with threshold 6 (max threshold 6)
[2019-12-09T04:26:32.283+0000][1][gc,age       ] GC(67) - age   1:       7944 bytes,       7944 total
[2019-12-09T04:26:32.283+0000][1][gc,age       ] GC(67) - age   2:        288 bytes,       8232 total
[2019-12-09T04:26:32.283+0000][1][gc,age       ] GC(67) - age   3:      16048 bytes,      24280 total
[2019-12-09T04:26:32.283+0000][1][gc,age       ] GC(67) - age   4:      11296 bytes,      35576 total
[2019-12-09T04:26:32.283+0000][1][gc,age       ] GC(67) - age   5:       1544 bytes,      37120 total
[2019-12-09T04:26:32.283+0000][1][gc,age       ] GC(67) - age   6:       1024 bytes,      38144 total
[2019-12-09T04:26:32.283+0000][1][gc,heap      ] GC(67) ParNew: 70235K->78K(78656K)
[2019-12-09T04:26:32.283+0000][1][gc,heap      ] GC(67) CMS: 119382K->119386K(174784K)
[2019-12-09T04:26:32.283+0000][1][gc,metaspace ] GC(67) Metaspace: 83566K->83566K(1126400K)
[2019-12-09T04:26:32.283+0000][1][gc           ] GC(67) Pause Young (Allocation Failure) 185M->116M(247M) 1.780ms
[2019-12-09T04:26:32.283+0000][1][gc,cpu       ] GC(67) User=0.00s Sys=0.00s Real=0.00s
[2019-12-09T04:26:32.283+0000][1][safepoint    ] Leaving safepoint region
[2019-12-09T04:26:32.283+0000][1][safepoint    ] Total time for which application threads were stopped: 0.0019360 seconds, Stopping threads took: 0.0000176 seconds
[2019-12-09T04:26:33.283+0000][1][safepoint    ] Application time: 1.0000851 seconds
[2019-12-09T04:26:33.283+0000][1][safepoint    ] Entering safepoint region: Cleanup
[2019-12-09T04:26:33.283+0000][1][safepoint    ] Leaving safepoint region
[2019-12-09T04:26:33.283+0000][1][safepoint    ] Total time for which application threads were stopped: 0.0000861 seconds, Stopping threads took: 0.0000185 seconds
[2019-12-09T04:26:34.283+0000][1][safepoint    ] Application time: 1.0000768 seconds
[2019-12-09T04:26:34.283+0000][1][safepoint    ] Entering safepoint region: Cleanup
[2019-12-09T04:26:34.283+0000][1][safepoint    ] Leaving safepoint region
[2019-12-09T04:26:34.283+0000][1][safepoint    ] Total time for which application threads were stopped: 0.0000821 seconds, Stopping threads took: 0.0000175 seconds
[2019-12-09T04:26:35.283+0000][1][safepoint    ] Application time: 1.0000759 seconds
[2019-12-09T04:26:35.284+0000][1][safepoint    ] Entering safepoint region: Cleanup
[2019-12-09T04:26:35.284+0000][1][safepoint    ] Leaving safepoint region
[2019-12-09T04:26:35.284+0000][1][safepoint    ] Total time for which application threads were stopped: 0.0000833 seconds, Stopping threads took: 0.0000178 seconds
[2019-12-09T04:26:36.284+0000][1][safepoint    ] Application time: 1.0000760 seconds
[2019-12-09T04:26:36.284+0000][1][safepoint    ] Entering safepoint region: Cleanup
[2019-12-09T04:26:36.284+0000][1][safepoint    ] Leaving safepoint region
[2019-12-09T04:26:36.284+0000][1][safepoint    ] Total time for which application threads were stopped: 0.0000845 seconds, Stopping threads took: 0.0000178 seconds
[2019-12-09T04:26:37.284+0000][1][safepoint    ] Application time: 1.0000762 seconds
[2019-12-09T04:26:37.284+0000][1][safepoint    ] Entering safepoint region: Cleanup
[2019-12-09T04:26:37.284+0000][1][safepoint    ] Leaving safepoint region
[2019-12-09T04:26:37.284+0000][1][safepoint    ] Total time for which application threads were stopped: 0.0001164 seconds, Stopping threads took: 0.0000261 seconds
[2019-12-09T04:26:38.284+0000][1][safepoint    ] Application time: 1.0000760 seconds
[2019-12-09T04:26:38.284+0000][1][safepoint    ] Entering safepoint region: Cleanup
[2019-12-09T04:26:38.284+0000][1][safepoint    ] Leaving safepoint region
[2019-12-09T04:26:38.284+0000][1][safepoint    ] Total time for which application threads were stopped: 0.0000823 seconds, Stopping threads took: 0.0000174 seconds
[2019-12-09T04:26:39.284+0000][1][safepoint    ] Application time: 1.0000726 seconds
[2019-12-09T04:26:39.284+0000][1][safepoint    ] Entering safepoint region: Cleanup
[2019-12-09T04:26:39.284+0000][1][safepoint    ] Leaving safepoint region
[2019-12-09T04:26:39.284+0000][1][safepoint    ] Total time for which application threads were stopped: 0.0000833 seconds, Stopping threads took: 0.0000172 seconds
[2019-12-09T04:26:40.285+0000][1][safepoint    ] Application time: 1.0000755 seconds
[2019-12-09T04:26:40.285+0000][1][safepoint    ] Entering safepoint region: Cleanup
[2019-12-09T04:26:40.285+0000][1][safepoint    ] Leaving safepoint region
[2019-12-09T04:26:40.285+0000][1][safepoint    ] Total time for which application threads were stopped: 0.0000861 seconds, Stopping threads took: 0.0000181 seconds
[2019-12-09T04:26:41.285+0000][1][safepoint    ] Application time: 1.0000738 seconds
[2019-12-09T04:26:41.285+0000][1][safepoint    ] Entering safepoint region: Cleanup
[2019-12-09T04:26:41.285+0000][1][safepoint    ] Leaving safepoint region
[2019-12-09T04:26:41.285+0000][1][safepoint    ] Total time for which application threads were stopped: 0.0000854 seconds, Stopping threads took: 0.0000174 seconds
[2019-12-09T04:26:42.285+0000][1][safepoint    ] Application time: 1.0000817 seconds
[2019-12-09T04:26:42.285+0000][1][safepoint    ] Entering safepoint region: Cleanup
[2019-12-09T04:26:42.285+0000][1][safepoint    ] Leaving safepoint region
[2019-12-09T04:26:42.285+0000][1][safepoint    ] Total time for which application threads were stopped: 0.0000844 seconds, Stopping threads took: 0.0000188 seconds
[2019-12-09T04:26:43.285+0000][1][safepoint    ] Application time: 1.0000765 seconds
[2019-12-09T04:26:43.285+0000][1][safepoint    ] Entering safepoint region: Cleanup
[2019-12-09T04:26:43.285+0000][1][safepoint    ] Leaving safepoint region
[2019-12-09T04:26:43.285+0000][1][safepoint    ] Total time for which application threads were stopped: 0.0000931 seconds, Stopping threads took: 0.0000259 seconds
[2019-12-09T04:26:44.285+0000][1][safepoint    ] Application time: 1.0000743 seconds
[2019-12-09T04:26:44.285+0000][1][safepoint    ] Entering safepoint region: Cleanup
[2019-12-09T04:26:44.285+0000][1][safepoint    ] Leaving safepoint region
[2019-12-09T04:26:44.285+0000][1][safepoint    ] Total time for which application threads were stopped: 0.0000824 seconds, Stopping threads took: 0.0000186 seconds
[2019-12-09T04:26:45.286+0000][1][safepoint    ] Application time: 1.0000753 seconds
[2019-12-09T04:26:45.286+0000][1][safepoint    ] Entering safepoint region: Cleanup
[2019-12-09T04:26:45.286+0000][1][safepoint    ] Leaving safepoint region
[2019-12-09T04:26:45.286+0000][1][safepoint    ] Total time for which application threads were stopped: 0.0000851 seconds, Stopping threads took: 0.0000188 seconds
[2019-12-09T04:26:46.286+0000][1][safepoint    ] Application time: 1.0000752 seconds
[2019-12-09T04:26:46.286+0000][1][safepoint    ] Entering safepoint region: Cleanup
[2019-12-09T04:26:46.286+0000][1][safepoint    ] Leaving safepoint region
[2019-12-09T04:26:46.286+0000][1][safepoint    ] Total time for which application threads were stopped: 0.0000852 seconds, Stopping threads took: 0.0000177 seconds
[2019-12-09T04:26:48.022+0000][1][safepoint    ] Application time: 1.7359331 seconds
[2019-12-09T04:26:48.022+0000][1][safepoint    ] Entering safepoint region: Cleanup
[2019-12-09T04:26:48.022+0000][1][safepoint    ] Leaving safepoint region
[2019-12-09T04:26:48.022+0000][1][safepoint    ] Total time for which application threads were stopped: 0.0000827 seconds, Stopping threads took: 0.0000180 seconds
[2019-12-09T04:26:49.022+0000][1][safepoint    ] Application time: 1.0000789 seconds
[2019-12-09T04:26:49.022+0000][1][safepoint    ] Entering safepoint region: Cleanup
[2019-12-09T04:26:49.022+0000][1][safepoint    ] Leaving safepoint region
[2019-12-09T04:26:49.022+0000][1][safepoint    ] Total time for which application threads were stopped: 0.0000808 seconds, Stopping threads took: 0.0000172 seconds
[2019-12-09T04:26:50.022+0000][1][safepoint    ] Application time: 1.0000787 seconds
[2019-12-09T04:26:50.022+0000][1][safepoint    ] Entering safepoint region: Cleanup
[2019-12-09T04:26:50.022+0000][1][safepoint    ] Leaving safepoint region
[2019-12-09T04:26:50.022+0000][1][safepoint    ] Total time for which application threads were stopped: 0.0000836 seconds, Stopping threads took: 0.0000172 seconds
[2019-12-09T04:26:51.022+0000][1][safepoint    ] Application time: 1.0000797 seconds
[2019-12-09T04:26:51.022+0000][1][safepoint    ] Entering safepoint region: Cleanup
[2019-12-09T04:26:51.023+0000][1][safepoint    ] Leaving safepoint region
[2019-12-09T04:26:51.023+0000][1][safepoint    ] Total time for which application threads were stopped: 0.0000853 seconds, Stopping threads took: 0.0000170 seconds
[2019-12-09T04:26:52.023+0000][1][safepoint    ] Application time: 1.0000945 seconds
[2019-12-09T04:26:52.023+0000][1][safepoint    ] Entering safepoint region: Cleanup
[2019-12-09T04:26:52.023+0000][1][safepoint    ] Leaving safepoint region
[2019-12-09T04:26:52.023+0000][1][safepoint    ] Total time for which application threads were stopped: 0.0000866 seconds, Stopping threads took: 0.0000190 seconds
[2019-12-09T04:26:53.023+0000][1][safepoint    ] Application time: 1.0000846 seconds
[2019-12-09T04:26:53.023+0000][1][safepoint    ] Entering safepoint region: Cleanup
[2019-12-09T04:26:53.023+0000][1][safepoint    ] Leaving safepoint region
[2019-12-09T04:26:53.023+0000][1][safepoint    ] Total time for which application threads were stopped: 0.0001267 seconds, Stopping threads took: 0.0000525 seconds
[2019-12-09T04:26:54.023+0000][1][safepoint    ] Application time: 1.0000892 seconds
[2019-12-09T04:26:54.023+0000][1][safepoint    ] Entering safepoint region: Cleanup
[2019-12-09T04:26:54.023+0000][1][safepoint    ] Leaving safepoint region
[2019-12-09T04:26:54.023+0000][1][safepoint    ] Total time for which application threads were stopped: 0.0001170 seconds, Stopping threads took: 0.0000241 seconds
[2019-12-09T04:26:55.023+0000][1][safepoint    ] Application time: 1.0000825 seconds
[2019-12-09T04:26:55.023+0000][1][safepoint    ] Entering safepoint region: Cleanup
[2019-12-09T04:26:55.024+0000][1][safepoint    ] Leaving safepoint region
[2019-12-09T04:26:55.024+0000][1][safepoint    ] Total time for which application threads were stopped: 0.0001005 seconds, Stopping threads took: 0.0000181 seconds
[2019-12-09T04:26:56.024+0000][1][safepoint    ] Application time: 1.0000830 seconds
[2019-12-09T04:26:56.024+0000][1][safepoint    ] Entering safepoint region: Cleanup
[2019-12-09T04:26:56.024+0000][1][safepoint    ] Leaving safepoint region
[2019-12-09T04:26:56.024+0000][1][safepoint    ] Total time for which application threads were stopped: 0.0000942 seconds, Stopping threads took: 0.0000165 seconds
[2019-12-09T04:26:57.024+0000][1][safepoint    ] Application time: 1.0000750 seconds
[2019-12-09T04:26:57.024+0000][1][safepoint    ] Entering safepoint region: Cleanup
[2019-12-09T04:26:57.024+0000][1][safepoint    ] Leaving safepoint region
[2019-12-09T04:26:57.024+0000][1][safepoint    ] Total time for which application threads were stopped: 0.0000811 seconds, Stopping threads took: 0.0000170 seconds
[2019-12-09T04:26:58.024+0000][1][safepoint    ] Application time: 1.0000772 seconds
[2019-12-09T04:26:58.024+0000][1][safepoint    ] Entering safepoint region: Cleanup
[2019-12-09T04:26:58.024+0000][1][safepoint    ] Leaving safepoint region
[2019-12-09T04:26:58.024+0000][1][safepoint    ] Total time for which application threads were stopped: 0.0000830 seconds, Stopping threads took: 0.0000169 seconds
[2019-12-09T04:26:59.024+0000][1][safepoint    ] Application time: 1.0000761 seconds
[2019-12-09T04:26:59.024+0000][1][safepoint    ] Entering safepoint region: Cleanup
[2019-12-09T04:26:59.024+0000][1][safepoint    ] Leaving safepoint region
[2019-12-09T04:26:59.024+0000][1][safepoint    ] Total time for which application threads were stopped: 0.0000832 seconds, Stopping threads took: 0.0000190 seconds
[2019-12-09T04:27:00.024+0000][1][safepoint    ] Application time: 1.0000775 seconds
[2019-12-09T04:27:00.024+0000][1][safepoint    ] Entering safepoint region: Cleanup
[2019-12-09T04:27:00.025+0000][1][safepoint    ] Leaving safepoint region
[2019-12-09T04:27:00.025+0000][1][safepoint    ] Total time for which application threads were stopped: 0.0000866 seconds, Stopping threads took: 0.0000192 seconds
[2019-12-09T04:27:01.025+0000][1][safepoint    ] Application time: 1.0000781 seconds
[2019-12-09T04:27:01.025+0000][1][safepoint    ] Entering safepoint region: Cleanup
[2019-12-09T04:27:01.025+0000][1][safepoint    ] Leaving safepoint region
[2019-12-09T04:27:01.025+0000][1][safepoint    ] Total time for which application threads were stopped: 0.0001040 seconds, Stopping threads took: 0.0000189 seconds
[2019-12-09T04:27:02.025+0000][1][safepoint    ] Application time: 1.0000782 seconds
[2019-12-09T04:27:02.025+0000][1][safepoint    ] Entering safepoint region: Cleanup
[2019-12-09T04:27:02.025+0000][1][safepoint    ] Leaving safepoint region
[2019-12-09T04:27:02.025+0000][1][safepoint    ] Total time for which application threads were stopped: 0.0000900 seconds, Stopping threads took: 0.0000215 seconds
[2019-12-09T04:27:03.025+0000][1][safepoint    ] Application time: 1.0000779 seconds
[2019-12-09T04:27:03.025+0000][1][safepoint    ] Entering safepoint region: Cleanup
[2019-12-09T04:27:03.025+0000][1][safepoint    ] Leaving safepoint region
[2019-12-09T04:27:03.025+0000][1][safepoint    ] Total time for which application threads were stopped: 0.0000860 seconds, Stopping threads took: 0.0000186 seconds
[2019-12-09T04:27:04.025+0000][1][safepoint    ] Application time: 1.0000765 seconds
[2019-12-09T04:27:04.025+0000][1][safepoint    ] Entering safepoint region: Cleanup
[2019-12-09T04:27:04.025+0000][1][safepoint    ] Leaving safepoint region
[2019-12-09T04:27:04.025+0000][1][safepoint    ] Total time for which application threads were stopped: 0.0000912 seconds, Stopping threads took: 0.0000224 seconds
[2019-12-09T04:27:05.025+0000][1][safepoint    ] Application time: 1.0000792 seconds
[2019-12-09T04:27:05.026+0000][1][safepoint    ] Entering safepoint region: Cleanup
[2019-12-09T04:27:05.026+0000][1][safepoint    ] Leaving safepoint region
[2019-12-09T04:27:05.026+0000][1][safepoint    ] Total time for which application threads were stopped: 0.0000871 seconds, Stopping threads took: 0.0000182 seconds
[2019-12-09T04:27:06.026+0000][1][safepoint    ] Application time: 1.0000850 seconds
[2019-12-09T04:27:06.026+0000][1][safepoint    ] Entering safepoint region: Cleanup
[2019-12-09T04:27:06.026+0000][1][safepoint    ] Leaving safepoint region
[2019-12-09T04:27:06.026+0000][1][safepoint    ] Total time for which application threads were stopped: 0.0000894 seconds, Stopping threads took: 0.0000220 seconds
[2019-12-09T04:27:07.026+0000][1][safepoint    ] Application time: 1.0000772 seconds
[2019-12-09T04:27:07.026+0000][1][safepoint    ] Entering safepoint region: Cleanup
[2019-12-09T04:27:07.026+0000][1][safepoint    ] Leaving safepoint region
[2019-12-09T04:27:07.026+0000][1][safepoint    ] Total time for which application threads were stopped: 0.0000921 seconds, Stopping threads took: 0.0000223 seconds
[2019-12-09T04:27:08.026+0000][1][safepoint    ] Application time: 1.0000768 seconds
[2019-12-09T04:27:08.026+0000][1][safepoint    ] Entering safepoint region: Cleanup
[2019-12-09T04:27:08.026+0000][1][safepoint    ] Leaving safepoint region
[2019-12-09T04:27:08.026+0000][1][safepoint    ] Total time for which application threads were stopped: 0.0000877 seconds, Stopping threads took: 0.0000217 seconds
[2019-12-09T04:27:09.026+0000][1][safepoint    ] Application time: 1.0000769 seconds
[2019-12-09T04:27:09.026+0000][1][safepoint    ] Entering safepoint region: Cleanup
[2019-12-09T04:27:09.026+0000][1][safepoint    ] Leaving safepoint region
[2019-12-09T04:27:09.026+0000][1][safepoint    ] Total time for which application threads were stopped: 0.0000838 seconds, Stopping threads took: 0.0000182 seconds
[2019-12-09T04:27:10.027+0000][1][safepoint    ] Application time: 1.0000783 seconds
[2019-12-09T04:27:10.027+0000][1][safepoint    ] Entering safepoint region: Cleanup
[2019-12-09T04:27:10.027+0000][1][safepoint    ] Leaving safepoint region
[2019-12-09T04:27:10.027+0000][1][safepoint    ] Total time for which application threads were stopped: 0.0000871 seconds, Stopping threads took: 0.0000181 seconds
[2019-12-09T04:27:11.027+0000][1][safepoint    ] Application time: 1.0000762 seconds
[2019-12-09T04:27:11.027+0000][1][safepoint    ] Entering safepoint region: Cleanup
[2019-12-09T04:27:11.027+0000][1][safepoint    ] Leaving safepoint region
[2019-12-09T04:27:11.027+0000][1][safepoint    ] Total time for which application threads were stopped: 0.0000874 seconds, Stopping threads took: 0.0000199 seconds
[2019-12-09T04:27:12.027+0000][1][safepoint    ] Application time: 1.0000758 seconds
[2019-12-09T04:27:12.027+0000][1][safepoint    ] Entering safepoint region: Cleanup
[2019-12-09T04:27:12.027+0000][1][safepoint    ] Leaving safepoint region
[2019-12-09T04:27:12.027+0000][1][safepoint    ] Total time for which application threads were stopped: 0.0000853 seconds, Stopping threads took: 0.0000195 seconds
[2019-12-09T04:27:13.027+0000][1][safepoint    ] Application time: 1.0000750 seconds
[2019-12-09T04:27:13.027+0000][1][safepoint    ] Entering safepoint region: Cleanup
[2019-12-09T04:27:13.027+0000][1][safepoint    ] Leaving safepoint region
[2019-12-09T04:27:13.027+0000][1][safepoint    ] Total time for which application threads were stopped: 0.0000866 seconds, Stopping threads took: 0.0000205 seconds
[2019-12-09T04:27:14.027+0000][1][safepoint    ] Application time: 1.0000795 seconds
[2019-12-09T04:27:14.027+0000][1][safepoint    ] Entering safepoint region: Cleanup
[2019-12-09T04:27:14.027+0000][1][safepoint    ] Leaving safepoint region
[2019-12-09T04:27:14.027+0000][1][safepoint    ] Total time for which application threads were stopped: 0.0000986 seconds, Stopping threads took: 0.0000326 seconds
[2019-12-09T04:27:15.028+0000][1][safepoint    ] Application time: 1.0000817 seconds
[2019-12-09T04:27:15.028+0000][1][safepoint    ] Entering safepoint region: Cleanup
[2019-12-09T04:27:15.028+0000][1][safepoint    ] Leaving safepoint region
[2019-12-09T04:27:15.028+0000][1][safepoint    ] Total time for which application threads were stopped: 0.0000962 seconds, Stopping threads took: 0.0000190 seconds
[2019-12-09T04:27:16.028+0000][1][safepoint    ] Application time: 1.0000780 seconds
[2019-12-09T04:27:16.028+0000][1][safepoint    ] Entering safepoint region: Cleanup
[2019-12-09T04:27:16.028+0000][1][safepoint    ] Leaving safepoint region
[2019-12-09T04:27:16.028+0000][1][safepoint    ] Total time for which application threads were stopped: 0.0000845 seconds, Stopping threads took: 0.0000191 seconds
[2019-12-09T04:27:17.152+0000][1][safepoint    ] Application time: 1.1240963 seconds
[2019-12-09T04:27:17.152+0000][1][safepoint    ] Entering safepoint region: Cleanup
[2019-12-09T04:27:17.152+0000][1][safepoint    ] Leaving safepoint region
[2019-12-09T04:27:17.152+0000][1][safepoint    ] Total time for which application threads were stopped: 0.0000825 seconds, Stopping threads took: 0.0000164 seconds
[2019-12-09T04:27:18.152+0000][1][safepoint    ] Application time: 1.0000756 seconds
[2019-12-09T04:27:18.152+0000][1][safepoint    ] Entering safepoint region: Cleanup
[2019-12-09T04:27:18.152+0000][1][safepoint    ] Leaving safepoint region
[2019-12-09T04:27:18.152+0000][1][safepoint    ] Total time for which application threads were stopped: 0.0000804 seconds, Stopping threads took: 0.0000161 seconds
[2019-12-09T04:27:19.152+0000][1][safepoint    ] Application time: 1.0000770 seconds
[2019-12-09T04:27:19.152+0000][1][safepoint    ] Entering safepoint region: Cleanup
[2019-12-09T04:27:19.152+0000][1][safepoint    ] Leaving safepoint region
[2019-12-09T04:27:19.152+0000][1][safepoint    ] Total time for which application threads were stopped: 0.0000811 seconds, Stopping threads took: 0.0000179 seconds
[2019-12-09T04:27:20.153+0000][1][safepoint    ] Application time: 1.0000754 seconds
[2019-12-09T04:27:20.153+0000][1][safepoint    ] Entering safepoint region: Cleanup
[2019-12-09T04:27:20.153+0000][1][safepoint    ] Leaving safepoint region
[2019-12-09T04:27:20.153+0000][1][safepoint    ] Total time for which application threads were stopped: 0.0000802 seconds, Stopping threads took: 0.0000174 seconds
[2019-12-09T04:27:21.153+0000][1][safepoint    ] Application time: 1.0000779 seconds
[2019-12-09T04:27:21.153+0000][1][safepoint    ] Entering safepoint region: Cleanup
[2019-12-09T04:27:21.153+0000][1][safepoint    ] Leaving safepoint region
[2019-12-09T04:27:21.153+0000][1][safepoint    ] Total time for which application threads were stopped: 0.0000803 seconds, Stopping threads took: 0.0000170 seconds
[2019-12-09T04:27:22.153+0000][1][safepoint    ] Application time: 1.0000596 seconds
[2019-12-09T04:27:22.153+0000][1][safepoint    ] Entering safepoint region: Cleanup
[2019-12-09T04:27:22.153+0000][1][safepoint    ] Leaving safepoint region
[2019-12-09T04:27:22.153+0000][1][safepoint    ] Total time for which application threads were stopped: 0.0000815 seconds, Stopping threads took: 0.0000193 seconds
[2019-12-09T04:27:23.153+0000][1][safepoint    ] Application time: 1.0000759 seconds
[2019-12-09T04:27:23.153+0000][1][safepoint    ] Entering safepoint region: Cleanup
[2019-12-09T04:27:23.153+0000][1][safepoint    ] Leaving safepoint region
[2019-12-09T04:27:23.153+0000][1][safepoint    ] Total time for which application threads were stopped: 0.0000793 seconds, Stopping threads took: 0.0000183 seconds
[2019-12-09T04:27:24.153+0000][1][safepoint    ] Application time: 1.0000749 seconds
[2019-12-09T04:27:24.153+0000][1][safepoint    ] Entering safepoint region: Cleanup
[2019-12-09T04:27:24.153+0000][1][safepoint    ] Leaving safepoint region
[2019-12-09T04:27:24.153+0000][1][safepoint    ] Total time for which application threads were stopped: 0.0000894 seconds, Stopping threads took: 0.0000256 seconds
[2019-12-09T04:27:25.153+0000][1][safepoint    ] Application time: 1.0000761 seconds
[2019-12-09T04:27:25.153+0000][1][safepoint    ] Entering safepoint region: Cleanup
[2019-12-09T04:27:25.154+0000][1][safepoint    ] Leaving safepoint region
[2019-12-09T04:27:25.154+0000][1][safepoint    ] Total time for which application threads were stopped: 0.0000948 seconds, Stopping threads took: 0.0000153 seconds
[2019-12-09T04:27:26.154+0000][1][safepoint    ] Application time: 1.0000757 seconds
[2019-12-09T04:27:26.154+0000][1][safepoint    ] Entering safepoint region: Cleanup
[2019-12-09T04:27:26.154+0000][1][safepoint    ] Leaving safepoint region
[2019-12-09T04:27:26.154+0000][1][safepoint    ] Total time for which application threads were stopped: 0.0000895 seconds, Stopping threads took: 0.0000278 seconds
[2019-12-09T04:27:27.154+0000][1][safepoint    ] Application time: 1.0000744 seconds
[2019-12-09T04:27:27.154+0000][1][safepoint    ] Entering safepoint region: Cleanup
[2019-12-09T04:27:27.154+0000][1][safepoint    ] Leaving safepoint region
[2019-12-09T04:27:27.154+0000][1][safepoint    ] Total time for which application threads were stopped: 0.0000785 seconds, Stopping threads took: 0.0000159 seconds
[2019-12-09T04:27:28.154+0000][1][safepoint    ] Application time: 1.0000765 seconds
[2019-12-09T04:27:28.154+0000][1][safepoint    ] Entering safepoint region: Cleanup
[2019-12-09T04:27:28.154+0000][1][safepoint    ] Leaving safepoint region
[2019-12-09T04:27:28.154+0000][1][safepoint    ] Total time for which application threads were stopped: 0.0000846 seconds, Stopping threads took: 0.0000158 seconds
[2019-12-09T04:27:29.154+0000][1][safepoint    ] Application time: 1.0000764 seconds
[2019-12-09T04:27:29.154+0000][1][safepoint    ] Entering safepoint region: Cleanup
[2019-12-09T04:27:29.154+0000][1][safepoint    ] Leaving safepoint region
[2019-12-09T04:27:29.154+0000][1][safepoint    ] Total time for which application threads were stopped: 0.0000839 seconds, Stopping threads took: 0.0000203 seconds
[2019-12-09T04:27:30.154+0000][1][safepoint    ] Application time: 1.0000754 seconds
[2019-12-09T04:27:30.154+0000][1][safepoint    ] Entering safepoint region: Cleanup
[2019-12-09T04:27:30.155+0000][1][safepoint    ] Leaving safepoint region
[2019-12-09T04:27:30.155+0000][1][safepoint    ] Total time for which application threads were stopped: 0.0000831 seconds, Stopping threads took: 0.0000184 seconds
[2019-12-09T04:27:31.155+0000][1][safepoint    ] Application time: 1.0000748 seconds
[2019-12-09T04:27:31.155+0000][1][safepoint    ] Entering safepoint region: Cleanup
[2019-12-09T04:27:31.155+0000][1][safepoint    ] Leaving safepoint region
[2019-12-09T04:27:31.155+0000][1][safepoint    ] Total time for which application threads were stopped: 0.0000945 seconds, Stopping threads took: 0.0000180 seconds
[2019-12-09T04:27:32.155+0000][1][safepoint    ] Application time: 1.0000758 seconds
[2019-12-09T04:27:32.155+0000][1][safepoint    ] Entering safepoint region: Cleanup
[2019-12-09T04:27:32.155+0000][1][safepoint    ] Leaving safepoint region
[2019-12-09T04:27:32.155+0000][1][safepoint    ] Total time for which application threads were stopped: 0.0000840 seconds, Stopping threads took: 0.0000186 seconds
[2019-12-09T04:27:33.155+0000][1][safepoint    ] Application time: 1.0000746 seconds
[2019-12-09T04:27:33.155+0000][1][safepoint    ] Entering safepoint region: Cleanup
[2019-12-09T04:27:33.155+0000][1][safepoint    ] Leaving safepoint region
[2019-12-09T04:27:33.155+0000][1][safepoint    ] Total time for which application threads were stopped: 0.0001002 seconds, Stopping threads took: 0.0000184 seconds
[2019-12-09T04:27:34.155+0000][1][safepoint    ] Application time: 1.0000781 seconds
[2019-12-09T04:27:34.155+0000][1][safepoint    ] Entering safepoint region: Cleanup
[2019-12-09T04:27:34.155+0000][1][safepoint    ] Leaving safepoint region
[2019-12-09T04:27:34.155+0000][1][safepoint    ] Total time for which application threads were stopped: 0.0001003 seconds, Stopping threads took: 0.0000333 seconds
[2019-12-09T04:27:35.155+0000][1][safepoint    ] Application time: 1.0000570 seconds
[2019-12-09T04:27:35.155+0000][1][safepoint    ] Entering safepoint region: Cleanup
[2019-12-09T04:27:35.156+0000][1][safepoint    ] Leaving safepoint region
[2019-12-09T04:27:35.156+0000][1][safepoint    ] Total time for which application threads were stopped: 0.0000855 seconds, Stopping threads took: 0.0000188 seconds
[2019-12-09T04:27:36.156+0000][1][safepoint    ] Application time: 1.0000778 seconds
[2019-12-09T04:27:36.156+0000][1][safepoint    ] Entering safepoint region: Cleanup
[2019-12-09T04:27:36.156+0000][1][safepoint    ] Leaving safepoint region
[2019-12-09T04:27:36.156+0000][1][safepoint    ] Total time for which application threads were stopped: 0.0000894 seconds, Stopping threads took: 0.0000217 seconds
[2019-12-09T04:27:37.156+0000][1][safepoint    ] Application time: 1.0000776 seconds
[2019-12-09T04:27:37.156+0000][1][safepoint    ] Entering safepoint region: Cleanup
[2019-12-09T04:27:37.156+0000][1][safepoint    ] Leaving safepoint region
[2019-12-09T04:27:37.156+0000][1][safepoint    ] Total time for which application threads were stopped: 0.0000854 seconds, Stopping threads took: 0.0000189 seconds
[2019-12-09T04:27:38.156+0000][1][safepoint    ] Application time: 1.0000778 seconds
[2019-12-09T04:27:38.156+0000][1][safepoint    ] Entering safepoint region: Cleanup
[2019-12-09T04:27:38.156+0000][1][safepoint    ] Leaving safepoint region
[2019-12-09T04:27:38.156+0000][1][safepoint    ] Total time for which application threads were stopped: 0.0000877 seconds, Stopping threads took: 0.0000190 seconds
[2019-12-09T04:27:39.156+0000][1][safepoint    ] Application time: 1.0000762 seconds
[2019-12-09T04:27:39.156+0000][1][safepoint    ] Entering safepoint region: Cleanup
[2019-12-09T04:27:39.156+0000][1][safepoint    ] Leaving safepoint region
[2019-12-09T04:27:39.156+0000][1][safepoint    ] Total time for which application threads were stopped: 0.0000863 seconds, Stopping threads took: 0.0000200 seconds
[2019-12-09T04:27:40.156+0000][1][safepoint    ] Application time: 1.0000774 seconds
[2019-12-09T04:27:40.157+0000][1][safepoint    ] Entering safepoint region: Cleanup
[2019-12-09T04:27:40.157+0000][1][safepoint    ] Leaving safepoint region
[2019-12-09T04:27:40.157+0000][1][safepoint    ] Total time for which application threads were stopped: 0.0000846 seconds, Stopping threads took: 0.0000189 seconds
[2019-12-09T04:27:41.157+0000][1][safepoint    ] Application time: 1.0000842 seconds
[2019-12-09T04:27:41.157+0000][1][safepoint    ] Entering safepoint region: Cleanup
[2019-12-09T04:27:41.157+0000][1][safepoint    ] Leaving safepoint region
[2019-12-09T04:27:41.157+0000][1][safepoint    ] Total time for which application threads were stopped: 0.0000905 seconds, Stopping threads took: 0.0000188 seconds
[2019-12-09T04:27:42.157+0000][1][safepoint    ] Application time: 1.0000772 seconds
[2019-12-09T04:27:42.157+0000][1][safepoint    ] Entering safepoint region: Cleanup
[2019-12-09T04:27:42.157+0000][1][safepoint    ] Leaving safepoint region
[2019-12-09T04:27:42.157+0000][1][safepoint    ] Total time for which application threads were stopped: 0.0000850 seconds, Stopping threads took: 0.0000169 seconds
[2019-12-09T04:27:43.157+0000][1][safepoint    ] Application time: 1.0000766 seconds
[2019-12-09T04:27:43.157+0000][1][safepoint    ] Entering safepoint region: Cleanup
[2019-12-09T04:27:43.157+0000][1][safepoint    ] Leaving safepoint region
[2019-12-09T04:27:43.157+0000][1][safepoint    ] Total time for which application threads were stopped: 0.0000909 seconds, Stopping threads took: 0.0000189 seconds
[2019-12-09T04:27:44.157+0000][1][safepoint    ] Application time: 1.0000762 seconds
[2019-12-09T04:27:44.157+0000][1][safepoint    ] Entering safepoint region: Cleanup
[2019-12-09T04:27:44.157+0000][1][safepoint    ] Leaving safepoint region
[2019-12-09T04:27:44.157+0000][1][safepoint    ] Total time for which application threads were stopped: 0.0001026 seconds, Stopping threads took: 0.0000276 seconds
[2019-12-09T04:27:45.158+0000][1][safepoint    ] Application time: 1.0000764 seconds
[2019-12-09T04:27:45.158+0000][1][safepoint    ] Entering safepoint region: Cleanup
[2019-12-09T04:27:45.158+0000][1][safepoint    ] Leaving safepoint region
[2019-12-09T04:27:45.158+0000][1][safepoint    ] Total time for which application threads were stopped: 0.0001175 seconds, Stopping threads took: 0.0000191 seconds
[2019-12-09T04:27:46.158+0000][1][safepoint    ] Application time: 1.0000774 seconds
[2019-12-09T04:27:46.158+0000][1][safepoint    ] Entering safepoint region: Cleanup
[2019-12-09T04:27:46.158+0000][1][safepoint    ] Leaving safepoint region
[2019-12-09T04:27:46.158+0000][1][safepoint    ] Total time for which application threads were stopped: 0.0000872 seconds, Stopping threads took: 0.0000195 seconds
[2019-12-09T04:27:47.158+0000][1][safepoint    ] Application time: 1.0000767 seconds
[2019-12-09T04:27:47.158+0000][1][safepoint    ] Entering safepoint region: Cleanup
[2019-12-09T04:27:47.158+0000][1][safepoint    ] Leaving safepoint region
[2019-12-09T04:27:47.158+0000][1][safepoint    ] Total time for which application threads were stopped: 0.0000848 seconds, Stopping threads took: 0.0000193 seconds
[2019-12-09T04:27:48.158+0000][1][safepoint    ] Application time: 1.0000767 seconds
[2019-12-09T04:27:48.158+0000][1][safepoint    ] Entering safepoint region: Cleanup
[2019-12-09T04:27:48.158+0000][1][safepoint    ] Leaving safepoint region
[2019-12-09T04:27:48.158+0000][1][safepoint    ] Total time for which application threads were stopped: 0.0000841 seconds, Stopping threads took: 0.0000177 seconds
[2019-12-09T04:27:49.158+0000][1][safepoint    ] Application time: 1.0000766 seconds
[2019-12-09T04:27:49.158+0000][1][safepoint    ] Entering safepoint region: Cleanup
[2019-12-09T04:27:49.159+0000][1][safepoint    ] Leaving safepoint region
[2019-12-09T04:27:49.159+0000][1][safepoint    ] Total time for which application threads were stopped: 0.0000846 seconds, Stopping threads took: 0.0000193 seconds
[2019-12-09T04:27:50.159+0000][1][safepoint    ] Application time: 1.0000783 seconds
[2019-12-09T04:27:50.159+0000][1][safepoint    ] Entering safepoint region: Cleanup
[2019-12-09T04:27:50.159+0000][1][safepoint    ] Leaving safepoint region
[2019-12-09T04:27:50.159+0000][1][safepoint    ] Total time for which application threads were stopped: 0.0000967 seconds, Stopping threads took: 0.0000199 seconds
[2019-12-09T04:27:51.159+0000][1][safepoint    ] Application time: 1.0000744 seconds
[2019-12-09T04:27:51.159+0000][1][safepoint    ] Entering safepoint region: Cleanup
[2019-12-09T04:27:51.159+0000][1][safepoint    ] Leaving safepoint region
[2019-12-09T04:27:51.159+0000][1][safepoint    ] Total time for which application threads were stopped: 0.0000811 seconds, Stopping threads took: 0.0000177 seconds
[2019-12-09T04:27:52.159+0000][1][safepoint    ] Application time: 1.0000763 seconds
[2019-12-09T04:27:52.159+0000][1][safepoint    ] Entering safepoint region: Cleanup
[2019-12-09T04:27:52.159+0000][1][safepoint    ] Leaving safepoint region
[2019-12-09T04:27:52.159+0000][1][safepoint    ] Total time for which application threads were stopped: 0.0000906 seconds, Stopping threads took: 0.0000181 seconds
[2019-12-09T04:27:53.159+0000][1][safepoint    ] Application time: 1.0000772 seconds
[2019-12-09T04:27:53.159+0000][1][safepoint    ] Entering safepoint region: Cleanup
[2019-12-09T04:27:53.159+0000][1][safepoint    ] Leaving safepoint region
[2019-12-09T04:27:53.159+0000][1][safepoint    ] Total time for which application threads were stopped: 0.0000876 seconds, Stopping threads took: 0.0000192 seconds
[2019-12-09T04:27:54.159+0000][1][safepoint    ] Application time: 1.0000776 seconds
[2019-12-09T04:27:54.160+0000][1][safepoint    ] Entering safepoint region: Cleanup
[2019-12-09T04:27:54.160+0000][1][safepoint    ] Leaving safepoint region
[2019-12-09T04:27:54.160+0000][1][safepoint    ] Total time for which application threads were stopped: 0.0000897 seconds, Stopping threads took: 0.0000174 seconds
[2019-12-09T04:27:55.160+0000][1][safepoint    ] Application time: 1.0000797 seconds
[2019-12-09T04:27:55.160+0000][1][safepoint    ] Entering safepoint region: Cleanup
[2019-12-09T04:27:55.160+0000][1][safepoint    ] Leaving safepoint region
[2019-12-09T04:27:55.160+0000][1][safepoint    ] Total time for which application threads were stopped: 0.0000853 seconds, Stopping threads took: 0.0000193 seconds
[2019-12-09T04:27:56.160+0000][1][safepoint    ] Application time: 1.0000777 seconds
[2019-12-09T04:27:56.160+0000][1][safepoint    ] Entering safepoint region: Cleanup
[2019-12-09T04:27:56.160+0000][1][safepoint    ] Leaving safepoint region
[2019-12-09T04:27:56.160+0000][1][safepoint    ] Total time for which application threads were stopped: 0.0000858 seconds, Stopping threads took: 0.0000181 seconds
[2019-12-09T04:27:57.160+0000][1][safepoint    ] Application time: 1.0000772 seconds
[2019-12-09T04:27:57.160+0000][1][safepoint    ] Entering safepoint region: Cleanup
[2019-12-09T04:27:57.160+0000][1][safepoint    ] Leaving safepoint region
[2019-12-09T04:27:57.160+0000][1][safepoint    ] Total time for which application threads were stopped: 0.0000824 seconds, Stopping threads took: 0.0000177 seconds
[2019-12-09T04:27:58.160+0000][1][safepoint    ] Application time: 1.0000776 seconds
[2019-12-09T04:27:58.160+0000][1][safepoint    ] Entering safepoint region: Cleanup
[2019-12-09T04:27:58.160+0000][1][safepoint    ] Leaving safepoint region
[2019-12-09T04:27:58.160+0000][1][safepoint    ] Total time for which application threads were stopped: 0.0000840 seconds, Stopping threads took: 0.0000177 seconds
[2019-12-09T04:27:59.161+0000][1][safepoint    ] Application time: 1.0000780 seconds
[2019-12-09T04:27:59.161+0000][1][safepoint    ] Entering safepoint region: Cleanup
[2019-12-09T04:27:59.161+0000][1][safepoint    ] Leaving safepoint region
[2019-12-09T04:27:59.161+0000][1][safepoint    ] Total time for which application threads were stopped: 0.0000863 seconds, Stopping threads took: 0.0000186 seconds
[2019-12-09T04:28:00.161+0000][1][safepoint    ] Application time: 1.0000772 seconds
[2019-12-09T04:28:00.161+0000][1][safepoint    ] Entering safepoint region: Cleanup
[2019-12-09T04:28:00.161+0000][1][safepoint    ] Leaving safepoint region
[2019-12-09T04:28:00.161+0000][1][safepoint    ] Total time for which application threads were stopped: 0.0000883 seconds, Stopping threads took: 0.0000208 seconds
[2019-12-09T04:28:01.161+0000][1][safepoint    ] Application time: 1.0000756 seconds
[2019-12-09T04:28:01.161+0000][1][safepoint    ] Entering safepoint region: Cleanup
[2019-12-09T04:28:01.161+0000][1][safepoint    ] Leaving safepoint region
[2019-12-09T04:28:01.161+0000][1][safepoint    ] Total time for which application threads were stopped: 0.0000863 seconds, Stopping threads took: 0.0000185 seconds
[2019-12-09T04:28:02.161+0000][1][safepoint    ] Application time: 1.0000790 seconds
[2019-12-09T04:28:02.161+0000][1][safepoint    ] Entering safepoint region: Cleanup
[2019-12-09T04:28:02.161+0000][1][safepoint    ] Leaving safepoint region
[2019-12-09T04:28:02.161+0000][1][safepoint    ] Total time for which application threads were stopped: 0.0000857 seconds, Stopping threads took: 0.0000186 seconds
[2019-12-09T04:28:03.161+0000][1][safepoint    ] Application time: 1.0000806 seconds
[2019-12-09T04:28:03.161+0000][1][safepoint    ] Entering safepoint region: Cleanup
[2019-12-09T04:28:03.161+0000][1][safepoint    ] Leaving safepoint region
[2019-12-09T04:28:03.161+0000][1][safepoint    ] Total time for which application threads were stopped: 0.0000897 seconds, Stopping threads took: 0.0000208 seconds
[2019-12-09T04:28:04.162+0000][1][safepoint    ] Application time: 1.0000770 seconds
[2019-12-09T04:28:04.162+0000][1][safepoint    ] Entering safepoint region: Cleanup
[2019-12-09T04:28:04.162+0000][1][safepoint    ] Leaving safepoint region
[2019-12-09T04:28:04.162+0000][1][safepoint    ] Total time for which application threads were stopped: 0.0000928 seconds, Stopping threads took: 0.0000203 seconds
[2019-12-09T04:28:05.162+0000][1][safepoint    ] Application time: 1.0000763 seconds
[2019-12-09T04:28:05.162+0000][1][safepoint    ] Entering safepoint region: Cleanup
[2019-12-09T04:28:05.162+0000][1][safepoint    ] Leaving safepoint region
[2019-12-09T04:28:05.162+0000][1][safepoint    ] Total time for which application threads were stopped: 0.0000857 seconds, Stopping threads took: 0.0000184 seconds
[2019-12-09T04:28:06.162+0000][1][safepoint    ] Application time: 1.0000776 seconds
[2019-12-09T04:28:06.162+0000][1][safepoint    ] Entering safepoint region: Cleanup
[2019-12-09T04:28:06.162+0000][1][safepoint    ] Leaving safepoint region
[2019-12-09T04:28:06.162+0000][1][safepoint    ] Total time for which application threads were stopped: 0.0000884 seconds, Stopping threads took: 0.0000184 seconds
[2019-12-09T04:28:07.162+0000][1][safepoint    ] Application time: 1.0000772 seconds
[2019-12-09T04:28:07.162+0000][1][safepoint    ] Entering safepoint region: Cleanup
[2019-12-09T04:28:07.162+0000][1][safepoint    ] Leaving safepoint region
[2019-12-09T04:28:07.162+0000][1][safepoint    ] Total time for which application threads were stopped: 0.0000828 seconds, Stopping threads took: 0.0000178 seconds
[2019-12-09T04:28:08.162+0000][1][safepoint    ] Application time: 1.0000766 seconds
[2019-12-09T04:28:08.162+0000][1][safepoint    ] Entering safepoint region: Cleanup
[2019-12-09T04:28:08.163+0000][1][safepoint    ] Leaving safepoint region
[2019-12-09T04:28:08.163+0000][1][safepoint    ] Total time for which application threads were stopped: 0.0000855 seconds, Stopping threads took: 0.0000192 seconds
[2019-12-09T04:28:09.163+0000][1][safepoint    ] Application time: 1.0000761 seconds
[2019-12-09T04:28:09.163+0000][1][safepoint    ] Entering safepoint region: Cleanup
[2019-12-09T04:28:09.163+0000][1][safepoint    ] Leaving safepoint region
[2019-12-09T04:28:09.163+0000][1][safepoint    ] Total time for which application threads were stopped: 0.0000973 seconds, Stopping threads took: 0.0000184 seconds
[2019-12-09T04:28:10.163+0000][1][safepoint    ] Application time: 1.0000764 seconds
[2019-12-09T04:28:10.163+0000][1][safepoint    ] Entering safepoint region: Cleanup
[2019-12-09T04:28:10.163+0000][1][safepoint    ] Leaving safepoint region
[2019-12-09T04:28:10.163+0000][1][safepoint    ] Total time for which application threads were stopped: 0.0000839 seconds, Stopping threads took: 0.0000184 seconds
[2019-12-09T04:28:11.163+0000][1][safepoint    ] Application time: 1.0000742 seconds
[2019-12-09T04:28:11.163+0000][1][safepoint    ] Entering safepoint region: Cleanup
[2019-12-09T04:28:11.163+0000][1][safepoint    ] Leaving safepoint region
[2019-12-09T04:28:11.163+0000][1][safepoint    ] Total time for which application threads were stopped: 0.0000828 seconds, Stopping threads took: 0.0000184 seconds
[2019-12-09T04:28:12.163+0000][1][safepoint    ] Application time: 1.0000776 seconds
[2019-12-09T04:28:12.163+0000][1][safepoint    ] Entering safepoint region: Cleanup
[2019-12-09T04:28:12.163+0000][1][safepoint    ] Leaving safepoint region
[2019-12-09T04:28:12.163+0000][1][safepoint    ] Total time for which application threads were stopped: 0.0000873 seconds, Stopping threads took: 0.0000205 seconds
[2019-12-09T04:28:13.163+0000][1][safepoint    ] Application time: 1.0000754 seconds
[2019-12-09T04:28:13.163+0000][1][safepoint    ] Entering safepoint region: Cleanup
[2019-12-09T04:28:13.164+0000][1][safepoint    ] Leaving safepoint region
[2019-12-09T04:28:13.164+0000][1][safepoint    ] Total time for which application threads were stopped: 0.0000831 seconds, Stopping threads took: 0.0000175 seconds
[2019-12-09T04:28:14.164+0000][1][safepoint    ] Application time: 1.0000762 seconds
[2019-12-09T04:28:14.164+0000][1][safepoint    ] Entering safepoint region: Cleanup
[2019-12-09T04:28:14.164+0000][1][safepoint    ] Leaving safepoint region
[2019-12-09T04:28:14.164+0000][1][safepoint    ] Total time for which application threads were stopped: 0.0001079 seconds, Stopping threads took: 0.0000417 seconds
[2019-12-09T04:28:15.164+0000][1][safepoint    ] Application time: 1.0000787 seconds
[2019-12-09T04:28:15.164+0000][1][safepoint    ] Entering safepoint region: Cleanup
[2019-12-09T04:28:15.164+0000][1][safepoint    ] Leaving safepoint region
[2019-12-09T04:28:15.164+0000][1][safepoint    ] Total time for which application threads were stopped: 0.0000857 seconds, Stopping threads took: 0.0000188 seconds
[2019-12-09T04:28:16.164+0000][1][safepoint    ] Application time: 1.0000761 seconds
[2019-12-09T04:28:16.164+0000][1][safepoint    ] Entering safepoint region: Cleanup
[2019-12-09T04:28:16.164+0000][1][safepoint    ] Leaving safepoint region
[2019-12-09T04:28:16.164+0000][1][safepoint    ] Total time for which application threads were stopped: 0.0000865 seconds, Stopping threads took: 0.0000191 seconds
[2019-12-09T04:28:17.164+0000][1][safepoint    ] Application time: 1.0000786 seconds
[2019-12-09T04:28:17.164+0000][1][safepoint    ] Entering safepoint region: Cleanup
[2019-12-09T04:28:17.164+0000][1][safepoint    ] Leaving safepoint region
[2019-12-09T04:28:17.164+0000][1][safepoint    ] Total time for which application threads were stopped: 0.0000854 seconds, Stopping threads took: 0.0000184 seconds
[2019-12-09T04:28:18.165+0000][1][safepoint    ] Application time: 1.0000792 seconds
[2019-12-09T04:28:18.165+0000][1][safepoint    ] Entering safepoint region: Cleanup
[2019-12-09T04:28:18.165+0000][1][safepoint    ] Leaving safepoint region
[2019-12-09T04:28:18.165+0000][1][safepoint    ] Total time for which application threads were stopped: 0.0000828 seconds, Stopping threads took: 0.0000176 seconds
[2019-12-09T04:28:19.165+0000][1][safepoint    ] Application time: 1.0000765 seconds
[2019-12-09T04:28:19.165+0000][1][safepoint    ] Entering safepoint region: Cleanup
[2019-12-09T04:28:19.165+0000][1][safepoint    ] Leaving safepoint region
[2019-12-09T04:28:19.165+0000][1][safepoint    ] Total time for which application threads were stopped: 0.0000872 seconds, Stopping threads took: 0.0000186 seconds
[2019-12-09T04:28:20.165+0000][1][safepoint    ] Application time: 1.0000792 seconds
[2019-12-09T04:28:20.165+0000][1][safepoint    ] Entering safepoint region: Cleanup
[2019-12-09T04:28:20.165+0000][1][safepoint    ] Leaving safepoint region
[2019-12-09T04:28:20.165+0000][1][safepoint    ] Total time for which application threads were stopped: 0.0000889 seconds, Stopping threads took: 0.0000197 seconds
[2019-12-09T04:28:21.165+0000][1][safepoint    ] Application time: 1.0000768 seconds
[2019-12-09T04:28:21.165+0000][1][safepoint    ] Entering safepoint region: Cleanup
[2019-12-09T04:28:21.165+0000][1][safepoint    ] Leaving safepoint region
[2019-12-09T04:28:21.165+0000][1][safepoint    ] Total time for which application threads were stopped: 0.0000820 seconds, Stopping threads took: 0.0000182 seconds
[2019-12-09T04:28:22.492+0000][1][safepoint    ] Application time: 1.3266752 seconds
[2019-12-09T04:28:22.492+0000][1][safepoint    ] Entering safepoint region: Cleanup
[2019-12-09T04:28:22.492+0000][1][safepoint    ] Leaving safepoint region
[2019-12-09T04:28:22.492+0000][1][safepoint    ] Total time for which application threads were stopped: 0.0000835 seconds, Stopping threads took: 0.0000169 seconds
[2019-12-09T04:28:23.492+0000][1][safepoint    ] Application time: 1.0000765 seconds
[2019-12-09T04:28:23.492+0000][1][safepoint    ] Entering safepoint region: Cleanup
[2019-12-09T04:28:23.492+0000][1][safepoint    ] Leaving safepoint region
[2019-12-09T04:28:23.492+0000][1][safepoint    ] Total time for which application threads were stopped: 0.0000812 seconds, Stopping threads took: 0.0000191 seconds
[2019-12-09T04:28:24.492+0000][1][safepoint    ] Application time: 1.0000780 seconds
[2019-12-09T04:28:24.492+0000][1][safepoint    ] Entering safepoint region: Cleanup
[2019-12-09T04:28:24.492+0000][1][safepoint    ] Leaving safepoint region
[2019-12-09T04:28:24.492+0000][1][safepoint    ] Total time for which application threads were stopped: 0.0000827 seconds, Stopping threads took: 0.0000168 seconds
[2019-12-09T04:28:25.493+0000][1][safepoint    ] Application time: 1.0000784 seconds
[2019-12-09T04:28:25.493+0000][1][safepoint    ] Entering safepoint region: Cleanup
[2019-12-09T04:28:25.493+0000][1][safepoint    ] Leaving safepoint region
[2019-12-09T04:28:25.493+0000][1][safepoint    ] Total time for which application threads were stopped: 0.0000839 seconds, Stopping threads took: 0.0000190 seconds
[2019-12-09T04:28:26.493+0000][1][safepoint    ] Application time: 1.0000754 seconds
[2019-12-09T04:28:26.493+0000][1][safepoint    ] Entering safepoint region: Cleanup
[2019-12-09T04:28:26.493+0000][1][safepoint    ] Leaving safepoint region
[2019-12-09T04:28:26.493+0000][1][safepoint    ] Total time for which application threads were stopped: 0.0000825 seconds, Stopping threads took: 0.0000174 seconds
[2019-12-09T04:28:27.323+0000][1][safepoint    ] Application time: 0.8302999 seconds
[2019-12-09T04:28:27.323+0000][1][safepoint    ] Entering safepoint region: GenCollectForAllocation
[2019-12-09T04:28:27.323+0000][1][gc,start     ] GC(68) Pause Young (Allocation Failure)
[2019-12-09T04:28:27.323+0000][1][gc,task      ] GC(68) Using 2 workers of 2 for evacuation
[2019-12-09T04:28:27.325+0000][1][gc,age       ] GC(68) Desired survivor size 4456448 bytes, new threshold 6 (max threshold 6)
[2019-12-09T04:28:27.325+0000][1][gc,age       ] GC(68) Age table with threshold 6 (max threshold 6)
[2019-12-09T04:28:27.325+0000][1][gc,age       ] GC(68) - age   1:       7928 bytes,       7928 total
[2019-12-09T04:28:27.325+0000][1][gc,age       ] GC(68) - age   2:        280 bytes,       8208 total
[2019-12-09T04:28:27.325+0000][1][gc,age       ] GC(68) - age   3:        168 bytes,       8376 total
[2019-12-09T04:28:27.325+0000][1][gc,age       ] GC(68) - age   4:       5928 bytes,      14304 total
[2019-12-09T04:28:27.325+0000][1][gc,age       ] GC(68) - age   5:      11296 bytes,      25600 total
[2019-12-09T04:28:27.325+0000][1][gc,age       ] GC(68) - age   6:       1544 bytes,      27144 total
[2019-12-09T04:28:27.325+0000][1][gc,heap      ] GC(68) ParNew: 70030K->33K(78656K)
[2019-12-09T04:28:27.325+0000][1][gc,heap      ] GC(68) CMS: 119386K->119387K(174784K)
[2019-12-09T04:28:27.325+0000][1][gc,metaspace ] GC(68) Metaspace: 83583K->83583K(1126400K)
[2019-12-09T04:28:27.325+0000][1][gc           ] GC(68) Pause Young (Allocation Failure) 184M->116M(247M) 1.775ms
[2019-12-09T04:28:27.325+0000][1][gc,cpu       ] GC(68) User=0.01s Sys=0.00s Real=0.01s
[2019-12-09T04:28:27.325+0000][1][safepoint    ] Leaving safepoint region
[2019-12-09T04:28:27.325+0000][1][safepoint    ] Total time for which application threads were stopped: 0.0019280 seconds, Stopping threads took: 0.0000157 seconds
[2019-12-09T04:28:28.325+0000][1][safepoint    ] Application time: 1.0000875 seconds
[2019-12-09T04:28:28.325+0000][1][safepoint    ] Entering safepoint region: Cleanup
[2019-12-09T04:28:28.325+0000][1][safepoint    ] Leaving safepoint region
[2019-12-09T04:28:28.325+0000][1][safepoint    ] Total time for which application threads were stopped: 0.0000828 seconds, Stopping threads took: 0.0000179 seconds
[2019-12-09T04:28:29.325+0000][1][safepoint    ] Application time: 1.0000750 seconds
[2019-12-09T04:28:29.325+0000][1][safepoint    ] Entering safepoint region: Cleanup
[2019-12-09T04:28:29.325+0000][1][safepoint    ] Leaving safepoint region
[2019-12-09T04:28:29.325+0000][1][safepoint    ] Total time for which application threads were stopped: 0.0000795 seconds, Stopping threads took: 0.0000163 seconds
[2019-12-09T04:28:30.326+0000][1][safepoint    ] Application time: 1.0000746 seconds
[2019-12-09T04:28:30.326+0000][1][safepoint    ] Entering safepoint region: Cleanup
[2019-12-09T04:28:30.326+0000][1][safepoint    ] Leaving safepoint region
[2019-12-09T04:28:30.326+0000][1][safepoint    ] Total time for which application threads were stopped: 0.0000792 seconds, Stopping threads took: 0.0000159 seconds
[2019-12-09T04:28:31.326+0000][1][safepoint    ] Application time: 1.0000752 seconds
[2019-12-09T04:28:31.326+0000][1][safepoint    ] Entering safepoint region: Cleanup
[2019-12-09T04:28:31.326+0000][1][safepoint    ] Leaving safepoint region
[2019-12-09T04:28:31.326+0000][1][safepoint    ] Total time for which application threads were stopped: 0.0000862 seconds, Stopping threads took: 0.0000181 seconds
[2019-12-09T04:28:32.326+0000][1][safepoint    ] Application time: 1.0000752 seconds
[2019-12-09T04:28:32.326+0000][1][safepoint    ] Entering safepoint region: Cleanup
[2019-12-09T04:28:32.326+0000][1][safepoint    ] Leaving safepoint region
[2019-12-09T04:28:32.326+0000][1][safepoint    ] Total time for which application threads were stopped: 0.0000905 seconds, Stopping threads took: 0.0000183 seconds
[2019-12-09T04:28:33.326+0000][1][safepoint    ] Application time: 1.0000803 seconds
[2019-12-09T04:28:33.326+0000][1][safepoint    ] Entering safepoint region: Cleanup
[2019-12-09T04:28:33.326+0000][1][safepoint    ] Leaving safepoint region
[2019-12-09T04:28:33.326+0000][1][safepoint    ] Total time for which application threads were stopped: 0.0000833 seconds, Stopping threads took: 0.0000180 seconds
[2019-12-09T04:28:34.326+0000][1][safepoint    ] Application time: 1.0000768 seconds
[2019-12-09T04:28:34.326+0000][1][safepoint    ] Entering safepoint region: Cleanup
[2019-12-09T04:28:34.327+0000][1][safepoint    ] Leaving safepoint region
[2019-12-09T04:28:34.327+0000][1][safepoint    ] Total time for which application threads were stopped: 0.0000831 seconds, Stopping threads took: 0.0000169 seconds
[2019-12-09T04:28:35.327+0000][1][safepoint    ] Application time: 1.0000750 seconds
[2019-12-09T04:28:35.327+0000][1][safepoint    ] Entering safepoint region: Cleanup
[2019-12-09T04:28:35.327+0000][1][safepoint    ] Leaving safepoint region
[2019-12-09T04:28:35.327+0000][1][safepoint    ] Total time for which application threads were stopped: 0.0000951 seconds, Stopping threads took: 0.0000178 seconds
[2019-12-09T04:28:36.327+0000][1][safepoint    ] Application time: 1.0000775 seconds
[2019-12-09T04:28:36.327+0000][1][safepoint    ] Entering safepoint region: Cleanup
[2019-12-09T04:28:36.327+0000][1][safepoint    ] Leaving safepoint region
[2019-12-09T04:28:36.327+0000][1][safepoint    ] Total time for which application threads were stopped: 0.0000859 seconds, Stopping threads took: 0.0000203 seconds
[2019-12-09T04:28:37.327+0000][1][safepoint    ] Application time: 1.0000749 seconds
[2019-12-09T04:28:37.327+0000][1][safepoint    ] Entering safepoint region: Cleanup
[2019-12-09T04:28:37.327+0000][1][safepoint    ] Leaving safepoint region
[2019-12-09T04:28:37.327+0000][1][safepoint    ] Total time for which application threads were stopped: 0.0000860 seconds, Stopping threads took: 0.0000180 seconds
[2019-12-09T04:28:38.327+0000][1][safepoint    ] Application time: 1.0000758 seconds
[2019-12-09T04:28:38.327+0000][1][safepoint    ] Entering safepoint region: Cleanup
[2019-12-09T04:28:38.327+0000][1][safepoint    ] Leaving safepoint region
[2019-12-09T04:28:38.327+0000][1][safepoint    ] Total time for which application threads were stopped: 0.0000810 seconds, Stopping threads took: 0.0000178 seconds
[2019-12-09T04:28:39.327+0000][1][safepoint    ] Application time: 1.0000758 seconds
[2019-12-09T04:28:39.327+0000][1][safepoint    ] Entering safepoint region: Cleanup
[2019-12-09T04:28:39.328+0000][1][safepoint    ] Leaving safepoint region
[2019-12-09T04:28:39.328+0000][1][safepoint    ] Total time for which application threads were stopped: 0.0000873 seconds, Stopping threads took: 0.0000200 seconds
[2019-12-09T04:28:40.328+0000][1][safepoint    ] Application time: 1.0000751 seconds
[2019-12-09T04:28:40.328+0000][1][safepoint    ] Entering safepoint region: Cleanup
[2019-12-09T04:28:40.328+0000][1][safepoint    ] Leaving safepoint region
[2019-12-09T04:28:40.328+0000][1][safepoint    ] Total time for which application threads were stopped: 0.0000969 seconds, Stopping threads took: 0.0000173 seconds
[2019-12-09T04:28:41.328+0000][1][safepoint    ] Application time: 1.0000751 seconds
[2019-12-09T04:28:41.328+0000][1][safepoint    ] Entering safepoint region: Cleanup
[2019-12-09T04:28:41.328+0000][1][safepoint    ] Leaving safepoint region
[2019-12-09T04:28:41.328+0000][1][safepoint    ] Total time for which application threads were stopped: 0.0000852 seconds, Stopping threads took: 0.0000193 seconds
[2019-12-09T04:28:42.328+0000][1][safepoint    ] Application time: 1.0000744 seconds
[2019-12-09T04:28:42.328+0000][1][safepoint    ] Entering safepoint region: Cleanup
[2019-12-09T04:28:42.328+0000][1][safepoint    ] Leaving safepoint region
[2019-12-09T04:28:42.328+0000][1][safepoint    ] Total time for which application threads were stopped: 0.0000839 seconds, Stopping threads took: 0.0000172 seconds
[2019-12-09T04:28:43.328+0000][1][safepoint    ] Application time: 1.0000746 seconds
[2019-12-09T04:28:43.328+0000][1][safepoint    ] Entering safepoint region: Cleanup
[2019-12-09T04:28:43.328+0000][1][safepoint    ] Leaving safepoint region
[2019-12-09T04:28:43.328+0000][1][safepoint    ] Total time for which application threads were stopped: 0.0000843 seconds, Stopping threads took: 0.0000180 seconds
[2019-12-09T04:28:44.328+0000][1][safepoint    ] Application time: 1.0000762 seconds
[2019-12-09T04:28:44.329+0000][1][safepoint    ] Entering safepoint region: Cleanup
[2019-12-09T04:28:44.329+0000][1][safepoint    ] Leaving safepoint region
[2019-12-09T04:28:44.329+0000][1][safepoint    ] Total time for which application threads were stopped: 0.0000924 seconds, Stopping threads took: 0.0000252 seconds
[2019-12-09T04:28:45.329+0000][1][safepoint    ] Application time: 1.0000748 seconds
[2019-12-09T04:28:45.329+0000][1][safepoint    ] Entering safepoint region: Cleanup
[2019-12-09T04:28:45.329+0000][1][safepoint    ] Leaving safepoint region
[2019-12-09T04:28:45.329+0000][1][safepoint    ] Total time for which application threads were stopped: 0.0000886 seconds, Stopping threads took: 0.0000210 seconds
[2019-12-09T04:28:46.329+0000][1][safepoint    ] Application time: 1.0000760 seconds
[2019-12-09T04:28:46.329+0000][1][safepoint    ] Entering safepoint region: Cleanup
[2019-12-09T04:28:46.329+0000][1][safepoint    ] Leaving safepoint region
[2019-12-09T04:28:46.329+0000][1][safepoint    ] Total time for which application threads were stopped: 0.0000847 seconds, Stopping threads took: 0.0000182 seconds
[2019-12-09T04:28:47.329+0000][1][safepoint    ] Application time: 1.0000753 seconds
[2019-12-09T04:28:47.329+0000][1][safepoint    ] Entering safepoint region: Cleanup
[2019-12-09T04:28:47.329+0000][1][safepoint    ] Leaving safepoint region
[2019-12-09T04:28:47.329+0000][1][safepoint    ] Total time for which application threads were stopped: 0.0000813 seconds, Stopping threads took: 0.0000171 seconds
[2019-12-09T04:28:48.329+0000][1][safepoint    ] Application time: 1.0000748 seconds
[2019-12-09T04:28:48.329+0000][1][safepoint    ] Entering safepoint region: Cleanup
[2019-12-09T04:28:48.329+0000][1][safepoint    ] Leaving safepoint region
[2019-12-09T04:28:48.329+0000][1][safepoint    ] Total time for which application threads were stopped: 0.0000890 seconds, Stopping threads took: 0.0000175 seconds
[2019-12-09T04:28:49.329+0000][1][safepoint    ] Application time: 1.0000757 seconds
[2019-12-09T04:28:49.330+0000][1][safepoint    ] Entering safepoint region: Cleanup
[2019-12-09T04:28:49.330+0000][1][safepoint    ] Leaving safepoint region
[2019-12-09T04:28:49.330+0000][1][safepoint    ] Total time for which application threads were stopped: 0.0000850 seconds, Stopping threads took: 0.0000198 seconds
[2019-12-09T04:28:50.330+0000][1][safepoint    ] Application time: 1.0000858 seconds
[2019-12-09T04:28:50.330+0000][1][safepoint    ] Entering safepoint region: Cleanup
[2019-12-09T04:28:50.330+0000][1][safepoint    ] Leaving safepoint region
[2019-12-09T04:28:50.330+0000][1][safepoint    ] Total time for which application threads were stopped: 0.0000866 seconds, Stopping threads took: 0.0000189 seconds
[2019-12-09T04:28:51.330+0000][1][safepoint    ] Application time: 1.0000755 seconds
[2019-12-09T04:28:51.330+0000][1][safepoint    ] Entering safepoint region: Cleanup
[2019-12-09T04:28:51.330+0000][1][safepoint    ] Leaving safepoint region
[2019-12-09T04:28:51.330+0000][1][safepoint    ] Total time for which application threads were stopped: 0.0000874 seconds, Stopping threads took: 0.0000196 seconds
[2019-12-09T04:28:52.330+0000][1][safepoint    ] Application time: 1.0000752 seconds
[2019-12-09T04:28:52.330+0000][1][safepoint    ] Entering safepoint region: Cleanup
[2019-12-09T04:28:52.330+0000][1][safepoint    ] Leaving safepoint region
[2019-12-09T04:28:52.330+0000][1][safepoint    ] Total time for which application threads were stopped: 0.0000846 seconds, Stopping threads took: 0.0000194 seconds
[2019-12-09T04:28:53.330+0000][1][safepoint    ] Application time: 1.0000752 seconds
[2019-12-09T04:28:53.330+0000][1][safepoint    ] Entering safepoint region: Cleanup
[2019-12-09T04:28:53.330+0000][1][safepoint    ] Leaving safepoint region
[2019-12-09T04:28:53.330+0000][1][safepoint    ] Total time for which application threads were stopped: 0.0000868 seconds, Stopping threads took: 0.0000193 seconds
[2019-12-09T04:28:54.331+0000][1][safepoint    ] Application time: 1.0000761 seconds
[2019-12-09T04:28:54.331+0000][1][safepoint    ] Entering safepoint region: Cleanup
[2019-12-09T04:28:54.331+0000][1][safepoint    ] Leaving safepoint region
[2019-12-09T04:28:54.331+0000][1][safepoint    ] Total time for which application threads were stopped: 0.0000851 seconds, Stopping threads took: 0.0000177 seconds
[2019-12-09T04:28:55.331+0000][1][safepoint    ] Application time: 1.0000748 seconds
[2019-12-09T04:28:55.331+0000][1][safepoint    ] Entering safepoint region: Cleanup
[2019-12-09T04:28:55.331+0000][1][safepoint    ] Leaving safepoint region
[2019-12-09T04:28:55.331+0000][1][safepoint    ] Total time for which application threads were stopped: 0.0000855 seconds, Stopping threads took: 0.0000175 seconds
[2019-12-09T04:28:56.331+0000][1][safepoint    ] Application time: 1.0000765 seconds
[2019-12-09T04:28:56.331+0000][1][safepoint    ] Entering safepoint region: Cleanup
[2019-12-09T04:28:56.331+0000][1][safepoint    ] Leaving safepoint region
[2019-12-09T04:28:56.331+0000][1][safepoint    ] Total time for which application threads were stopped: 0.0000851 seconds, Stopping threads took: 0.0000181 seconds
[2019-12-09T04:28:57.331+0000][1][safepoint    ] Application time: 1.0000734 seconds
[2019-12-09T04:28:57.331+0000][1][safepoint    ] Entering safepoint region: Cleanup
[2019-12-09T04:28:57.331+0000][1][safepoint    ] Leaving safepoint region
[2019-12-09T04:28:57.331+0000][1][safepoint    ] Total time for which application threads were stopped: 0.0000887 seconds, Stopping threads took: 0.0000197 seconds
[2019-12-09T04:28:58.331+0000][1][safepoint    ] Application time: 1.0000749 seconds
[2019-12-09T04:28:58.331+0000][1][safepoint    ] Entering safepoint region: Cleanup
[2019-12-09T04:28:58.331+0000][1][safepoint    ] Leaving safepoint region
[2019-12-09T04:28:58.331+0000][1][safepoint    ] Total time for which application threads were stopped: 0.0000849 seconds, Stopping threads took: 0.0000175 seconds
[2019-12-09T04:28:59.332+0000][1][safepoint    ] Application time: 1.0000750 seconds
[2019-12-09T04:28:59.332+0000][1][safepoint    ] Entering safepoint region: Cleanup
[2019-12-09T04:28:59.332+0000][1][safepoint    ] Leaving safepoint region
[2019-12-09T04:28:59.332+0000][1][safepoint    ] Total time for which application threads were stopped: 0.0000862 seconds, Stopping threads took: 0.0000192 seconds
[2019-12-09T04:29:00.332+0000][1][safepoint    ] Application time: 1.0000739 seconds
[2019-12-09T04:29:00.332+0000][1][safepoint    ] Entering safepoint region: Cleanup
[2019-12-09T04:29:00.332+0000][1][safepoint    ] Leaving safepoint region
[2019-12-09T04:29:00.332+0000][1][safepoint    ] Total time for which application threads were stopped: 0.0000818 seconds, Stopping threads took: 0.0000175 seconds
[2019-12-09T04:29:01.332+0000][1][safepoint    ] Application time: 1.0000724 seconds
[2019-12-09T04:29:01.332+0000][1][safepoint    ] Entering safepoint region: Cleanup
[2019-12-09T04:29:01.332+0000][1][safepoint    ] Leaving safepoint region
[2019-12-09T04:29:01.332+0000][1][safepoint    ] Total time for which application threads were stopped: 0.0000964 seconds, Stopping threads took: 0.0000295 seconds
[2019-12-09T04:29:02.332+0000][1][safepoint    ] Application time: 1.0000775 seconds
[2019-12-09T04:29:02.332+0000][1][safepoint    ] Entering safepoint region: Cleanup
[2019-12-09T04:29:02.332+0000][1][safepoint    ] Leaving safepoint region
[2019-12-09T04:29:02.332+0000][1][safepoint    ] Total time for which application threads were stopped: 0.0000865 seconds, Stopping threads took: 0.0000185 seconds
[2019-12-09T04:29:03.332+0000][1][safepoint    ] Application time: 1.0000768 seconds
[2019-12-09T04:29:03.332+0000][1][safepoint    ] Entering safepoint region: Cleanup
[2019-12-09T04:29:03.332+0000][1][safepoint    ] Leaving safepoint region
[2019-12-09T04:29:03.332+0000][1][safepoint    ] Total time for which application threads were stopped: 0.0000855 seconds, Stopping threads took: 0.0000185 seconds
[2019-12-09T04:29:04.333+0000][1][safepoint    ] Application time: 1.0000758 seconds
[2019-12-09T04:29:04.333+0000][1][safepoint    ] Entering safepoint region: Cleanup
[2019-12-09T04:29:04.333+0000][1][safepoint    ] Leaving safepoint region
[2019-12-09T04:29:04.333+0000][1][safepoint    ] Total time for which application threads were stopped: 0.0000951 seconds, Stopping threads took: 0.0000170 seconds
[2019-12-09T04:29:05.370+0000][1][safepoint    ] Application time: 1.0372656 seconds
[2019-12-09T04:29:05.370+0000][1][safepoint    ] Entering safepoint region: Cleanup
[2019-12-09T04:29:05.370+0000][1][safepoint    ] Leaving safepoint region
[2019-12-09T04:29:05.370+0000][1][safepoint    ] Total time for which application threads were stopped: 0.0000801 seconds, Stopping threads took: 0.0000165 seconds
[2019-12-09T04:29:06.370+0000][1][safepoint    ] Application time: 1.0000793 seconds
[2019-12-09T04:29:06.370+0000][1][safepoint    ] Entering safepoint region: Cleanup
[2019-12-09T04:29:06.370+0000][1][safepoint    ] Leaving safepoint region
[2019-12-09T04:29:06.370+0000][1][safepoint    ] Total time for which application threads were stopped: 0.0000880 seconds, Stopping threads took: 0.0000196 seconds
[2019-12-09T04:29:07.370+0000][1][safepoint    ] Application time: 1.0000771 seconds
[2019-12-09T04:29:07.370+0000][1][safepoint    ] Entering safepoint region: Cleanup
[2019-12-09T04:29:07.370+0000][1][safepoint    ] Leaving safepoint region
[2019-12-09T04:29:07.370+0000][1][safepoint    ] Total time for which application threads were stopped: 0.0000808 seconds, Stopping threads took: 0.0000160 seconds
[2019-12-09T04:29:08.371+0000][1][safepoint    ] Application time: 1.0000769 seconds
[2019-12-09T04:29:08.371+0000][1][safepoint    ] Entering safepoint region: Cleanup
[2019-12-09T04:29:08.371+0000][1][safepoint    ] Leaving safepoint region
[2019-12-09T04:29:08.371+0000][1][safepoint    ] Total time for which application threads were stopped: 0.0000913 seconds, Stopping threads took: 0.0000183 seconds
[2019-12-09T04:29:09.371+0000][1][safepoint    ] Application time: 1.0000750 seconds
[2019-12-09T04:29:09.371+0000][1][safepoint    ] Entering safepoint region: Cleanup
[2019-12-09T04:29:09.371+0000][1][safepoint    ] Leaving safepoint region
[2019-12-09T04:29:09.371+0000][1][safepoint    ] Total time for which application threads were stopped: 0.0000799 seconds, Stopping threads took: 0.0000168 seconds
[2019-12-09T04:29:10.371+0000][1][safepoint    ] Application time: 1.0000758 seconds
[2019-12-09T04:29:10.371+0000][1][safepoint    ] Entering safepoint region: Cleanup
[2019-12-09T04:29:10.371+0000][1][safepoint    ] Leaving safepoint region
[2019-12-09T04:29:10.371+0000][1][safepoint    ] Total time for which application threads were stopped: 0.0000779 seconds, Stopping threads took: 0.0000163 seconds
[2019-12-09T04:29:11.371+0000][1][safepoint    ] Application time: 1.0000747 seconds
[2019-12-09T04:29:11.371+0000][1][safepoint    ] Entering safepoint region: Cleanup
[2019-12-09T04:29:11.371+0000][1][safepoint    ] Leaving safepoint region
[2019-12-09T04:29:11.371+0000][1][safepoint    ] Total time for which application threads were stopped: 0.0000891 seconds, Stopping threads took: 0.0000232 seconds
[2019-12-09T04:29:12.371+0000][1][safepoint    ] Application time: 1.0000764 seconds
[2019-12-09T04:29:12.371+0000][1][safepoint    ] Entering safepoint region: Cleanup
[2019-12-09T04:29:12.372+0000][1][safepoint    ] Leaving safepoint region
[2019-12-09T04:29:12.372+0000][1][safepoint    ] Total time for which application threads were stopped: 0.0000793 seconds, Stopping threads took: 0.0000166 seconds
[2019-12-09T04:29:13.372+0000][1][safepoint    ] Application time: 1.0000685 seconds
[2019-12-09T04:29:13.372+0000][1][safepoint    ] Entering safepoint region: Cleanup
[2019-12-09T04:29:13.372+0000][1][safepoint    ] Leaving safepoint region
[2019-12-09T04:29:13.372+0000][1][safepoint    ] Total time for which application threads were stopped: 0.0001280 seconds, Stopping threads took: 0.0000239 seconds
[2019-12-09T04:29:14.372+0000][1][safepoint    ] Application time: 1.0000767 seconds
[2019-12-09T04:29:14.372+0000][1][safepoint    ] Entering safepoint region: Cleanup
[2019-12-09T04:29:14.372+0000][1][safepoint    ] Leaving safepoint region
[2019-12-09T04:29:14.372+0000][1][safepoint    ] Total time for which application threads were stopped: 0.0000880 seconds, Stopping threads took: 0.0000243 seconds
[2019-12-09T04:29:15.372+0000][1][safepoint    ] Application time: 1.0000759 seconds
[2019-12-09T04:29:15.372+0000][1][safepoint    ] Entering safepoint region: Cleanup
[2019-12-09T04:29:15.372+0000][1][safepoint    ] Leaving safepoint region
[2019-12-09T04:29:15.372+0000][1][safepoint    ] Total time for which application threads were stopped: 0.0000803 seconds, Stopping threads took: 0.0000161 seconds
[2019-12-09T04:29:16.372+0000][1][safepoint    ] Application time: 1.0000771 seconds
[2019-12-09T04:29:16.372+0000][1][safepoint    ] Entering safepoint region: Cleanup
[2019-12-09T04:29:16.372+0000][1][safepoint    ] Leaving safepoint region
[2019-12-09T04:29:16.372+0000][1][safepoint    ] Total time for which application threads were stopped: 0.0000808 seconds, Stopping threads took: 0.0000175 seconds
[2019-12-09T04:29:17.372+0000][1][safepoint    ] Application time: 1.0000759 seconds
[2019-12-09T04:29:17.372+0000][1][safepoint    ] Entering safepoint region: Cleanup
[2019-12-09T04:29:17.373+0000][1][safepoint    ] Leaving safepoint region
[2019-12-09T04:29:17.373+0000][1][safepoint    ] Total time for which application threads were stopped: 0.0000769 seconds, Stopping threads took: 0.0000162 seconds
[2019-12-09T04:29:18.373+0000][1][safepoint    ] Application time: 1.0000753 seconds
[2019-12-09T04:29:18.373+0000][1][safepoint    ] Entering safepoint region: Cleanup
[2019-12-09T04:29:18.373+0000][1][safepoint    ] Leaving safepoint region
[2019-12-09T04:29:18.373+0000][1][safepoint    ] Total time for which application threads were stopped: 0.0000786 seconds, Stopping threads took: 0.0000171 seconds
[2019-12-09T04:29:19.373+0000][1][safepoint    ] Application time: 1.0000747 seconds
[2019-12-09T04:29:19.373+0000][1][safepoint    ] Entering safepoint region: Cleanup
[2019-12-09T04:29:19.373+0000][1][safepoint    ] Leaving safepoint region
[2019-12-09T04:29:19.373+0000][1][safepoint    ] Total time for which application threads were stopped: 0.0000786 seconds, Stopping threads took: 0.0000161 seconds
[2019-12-09T04:29:20.373+0000][1][safepoint    ] Application time: 1.0000793 seconds
[2019-12-09T04:29:20.373+0000][1][safepoint    ] Entering safepoint region: Cleanup
[2019-12-09T04:29:20.373+0000][1][safepoint    ] Leaving safepoint region
[2019-12-09T04:29:20.373+0000][1][safepoint    ] Total time for which application threads were stopped: 0.0000816 seconds, Stopping threads took: 0.0000162 seconds
[2019-12-09T04:29:21.373+0000][1][safepoint    ] Application time: 1.0000752 seconds
[2019-12-09T04:29:21.373+0000][1][safepoint    ] Entering safepoint region: Cleanup
[2019-12-09T04:29:21.373+0000][1][safepoint    ] Leaving safepoint region
[2019-12-09T04:29:21.373+0000][1][safepoint    ] Total time for which application threads were stopped: 0.0000908 seconds, Stopping threads took: 0.0000240 seconds
[2019-12-09T04:29:22.373+0000][1][safepoint    ] Application time: 1.0000757 seconds
[2019-12-09T04:29:22.374+0000][1][safepoint    ] Entering safepoint region: Cleanup
[2019-12-09T04:29:22.374+0000][1][safepoint    ] Leaving safepoint region
[2019-12-09T04:29:22.374+0000][1][safepoint    ] Total time for which application threads were stopped: 0.0000807 seconds, Stopping threads took: 0.0000169 seconds
[2019-12-09T04:29:23.374+0000][1][safepoint    ] Application time: 1.0000736 seconds
[2019-12-09T04:29:23.374+0000][1][safepoint    ] Entering safepoint region: Cleanup
[2019-12-09T04:29:23.374+0000][1][safepoint    ] Leaving safepoint region
[2019-12-09T04:29:23.374+0000][1][safepoint    ] Total time for which application threads were stopped: 0.0000951 seconds, Stopping threads took: 0.0000244 seconds
[2019-12-09T04:29:24.374+0000][1][safepoint    ] Application time: 1.0000762 seconds
[2019-12-09T04:29:24.374+0000][1][safepoint    ] Entering safepoint region: Cleanup
[2019-12-09T04:29:24.374+0000][1][safepoint    ] Leaving safepoint region
[2019-12-09T04:29:24.374+0000][1][safepoint    ] Total time for which application threads were stopped: 0.0000811 seconds, Stopping threads took: 0.0000173 seconds
[2019-12-09T04:29:25.374+0000][1][safepoint    ] Application time: 1.0000751 seconds
[2019-12-09T04:29:25.374+0000][1][safepoint    ] Entering safepoint region: Cleanup
[2019-12-09T04:29:25.374+0000][1][safepoint    ] Leaving safepoint region
[2019-12-09T04:29:25.374+0000][1][safepoint    ] Total time for which application threads were stopped: 0.0000796 seconds, Stopping threads took: 0.0000159 seconds
[2019-12-09T04:29:26.374+0000][1][safepoint    ] Application time: 1.0000767 seconds
[2019-12-09T04:29:26.374+0000][1][safepoint    ] Entering safepoint region: Cleanup
[2019-12-09T04:29:26.374+0000][1][safepoint    ] Leaving safepoint region
[2019-12-09T04:29:26.374+0000][1][safepoint    ] Total time for which application threads were stopped: 0.0000815 seconds, Stopping threads took: 0.0000178 seconds
[2019-12-09T04:29:27.374+0000][1][safepoint    ] Application time: 1.0000769 seconds
[2019-12-09T04:29:27.375+0000][1][safepoint    ] Entering safepoint region: Cleanup
[2019-12-09T04:29:27.375+0000][1][safepoint    ] Leaving safepoint region
[2019-12-09T04:29:27.375+0000][1][safepoint    ] Total time for which application threads were stopped: 0.0000832 seconds, Stopping threads took: 0.0000169 seconds
[2019-12-09T04:29:28.375+0000][1][safepoint    ] Application time: 1.0000749 seconds
[2019-12-09T04:29:28.375+0000][1][safepoint    ] Entering safepoint region: Cleanup
[2019-12-09T04:29:28.375+0000][1][safepoint    ] Leaving safepoint region
[2019-12-09T04:29:28.375+0000][1][safepoint    ] Total time for which application threads were stopped: 0.0000828 seconds, Stopping threads took: 0.0000190 seconds
[2019-12-09T04:29:29.375+0000][1][safepoint    ] Application time: 1.0000735 seconds
[2019-12-09T04:29:29.375+0000][1][safepoint    ] Entering safepoint region: Cleanup
[2019-12-09T04:29:29.375+0000][1][safepoint    ] Leaving safepoint region
[2019-12-09T04:29:29.375+0000][1][safepoint    ] Total time for which application threads were stopped: 0.0000985 seconds, Stopping threads took: 0.0000330 seconds
[2019-12-09T04:29:30.375+0000][1][safepoint    ] Application time: 1.0000771 seconds
[2019-12-09T04:29:30.375+0000][1][safepoint    ] Entering safepoint region: Cleanup
[2019-12-09T04:29:30.375+0000][1][safepoint    ] Leaving safepoint region
[2019-12-09T04:29:30.375+0000][1][safepoint    ] Total time for which application threads were stopped: 0.0000820 seconds, Stopping threads took: 0.0000178 seconds
[2019-12-09T04:29:31.375+0000][1][safepoint    ] Application time: 1.0000789 seconds
[2019-12-09T04:29:31.375+0000][1][safepoint    ] Entering safepoint region: Cleanup
[2019-12-09T04:29:31.375+0000][1][safepoint    ] Leaving safepoint region
[2019-12-09T04:29:31.375+0000][1][safepoint    ] Total time for which application threads were stopped: 0.0000961 seconds, Stopping threads took: 0.0000183 seconds
[2019-12-09T04:29:32.376+0000][1][safepoint    ] Application time: 1.0000769 seconds
[2019-12-09T04:29:32.376+0000][1][safepoint    ] Entering safepoint region: Cleanup
[2019-12-09T04:29:32.376+0000][1][safepoint    ] Leaving safepoint region
[2019-12-09T04:29:32.376+0000][1][safepoint    ] Total time for which application threads were stopped: 0.0000829 seconds, Stopping threads took: 0.0000166 seconds
[2019-12-09T04:29:33.376+0000][1][safepoint    ] Application time: 1.0000674 seconds
[2019-12-09T04:29:33.376+0000][1][safepoint    ] Entering safepoint region: Cleanup
[2019-12-09T04:29:33.376+0000][1][safepoint    ] Leaving safepoint region
[2019-12-09T04:29:33.376+0000][1][safepoint    ] Total time for which application threads were stopped: 0.0001198 seconds, Stopping threads took: 0.0000244 seconds
[2019-12-09T04:29:34.376+0000][1][safepoint    ] Application time: 1.0000730 seconds
[2019-12-09T04:29:34.376+0000][1][safepoint    ] Entering safepoint region: Cleanup
[2019-12-09T04:29:34.376+0000][1][safepoint    ] Leaving safepoint region
[2019-12-09T04:29:34.376+0000][1][safepoint    ] Total time for which application threads were stopped: 0.0000861 seconds, Stopping threads took: 0.0000187 seconds
[2019-12-09T04:29:35.376+0000][1][safepoint    ] Application time: 1.0000727 seconds
[2019-12-09T04:29:35.376+0000][1][safepoint    ] Entering safepoint region: Cleanup
[2019-12-09T04:29:35.376+0000][1][safepoint    ] Leaving safepoint region
[2019-12-09T04:29:35.376+0000][1][safepoint    ] Total time for which application threads were stopped: 0.0000813 seconds, Stopping threads took: 0.0000170 seconds
[2019-12-09T04:29:36.376+0000][1][safepoint    ] Application time: 1.0000758 seconds
[2019-12-09T04:29:36.376+0000][1][safepoint    ] Entering safepoint region: Cleanup
[2019-12-09T04:29:36.376+0000][1][safepoint    ] Leaving safepoint region
[2019-12-09T04:29:36.376+0000][1][safepoint    ] Total time for which application threads were stopped: 0.0000865 seconds, Stopping threads took: 0.0000176 seconds
[2019-12-09T04:29:37.377+0000][1][safepoint    ] Application time: 1.0000750 seconds
[2019-12-09T04:29:37.377+0000][1][safepoint    ] Entering safepoint region: Cleanup
[2019-12-09T04:29:37.377+0000][1][safepoint    ] Leaving safepoint region
[2019-12-09T04:29:37.377+0000][1][safepoint    ] Total time for which application threads were stopped: 0.0000875 seconds, Stopping threads took: 0.0000162 seconds
[2019-12-09T04:29:38.377+0000][1][safepoint    ] Application time: 1.0000751 seconds
[2019-12-09T04:29:38.377+0000][1][safepoint    ] Entering safepoint region: Cleanup
[2019-12-09T04:29:38.377+0000][1][safepoint    ] Leaving safepoint region
[2019-12-09T04:29:38.377+0000][1][safepoint    ] Total time for which application threads were stopped: 0.0000806 seconds, Stopping threads took: 0.0000169 seconds
[2019-12-09T04:29:39.377+0000][1][safepoint    ] Application time: 1.0000742 seconds
[2019-12-09T04:29:39.377+0000][1][safepoint    ] Entering safepoint region: Cleanup
[2019-12-09T04:29:39.377+0000][1][safepoint    ] Leaving safepoint region
[2019-12-09T04:29:39.377+0000][1][safepoint    ] Total time for which application threads were stopped: 0.0000798 seconds, Stopping threads took: 0.0000163 seconds
[2019-12-09T04:29:40.377+0000][1][safepoint    ] Application time: 1.0000820 seconds
[2019-12-09T04:29:40.377+0000][1][safepoint    ] Entering safepoint region: Cleanup
[2019-12-09T04:29:40.377+0000][1][safepoint    ] Leaving safepoint region
[2019-12-09T04:29:40.377+0000][1][safepoint    ] Total time for which application threads were stopped: 0.0001106 seconds, Stopping threads took: 0.0000224 seconds
[2019-12-09T04:29:41.377+0000][1][safepoint    ] Application time: 1.0000753 seconds
[2019-12-09T04:29:41.377+0000][1][safepoint    ] Entering safepoint region: Cleanup
[2019-12-09T04:29:41.378+0000][1][safepoint    ] Leaving safepoint region
[2019-12-09T04:29:41.378+0000][1][safepoint    ] Total time for which application threads were stopped: 0.0000900 seconds, Stopping threads took: 0.0000177 seconds
[2019-12-09T04:29:42.378+0000][1][safepoint    ] Application time: 1.0000753 seconds
[2019-12-09T04:29:42.378+0000][1][safepoint    ] Entering safepoint region: Cleanup
[2019-12-09T04:29:42.378+0000][1][safepoint    ] Leaving safepoint region
[2019-12-09T04:29:42.378+0000][1][safepoint    ] Total time for which application threads were stopped: 0.0000955 seconds, Stopping threads took: 0.0000163 seconds
[2019-12-09T04:29:43.378+0000][1][safepoint    ] Application time: 1.0000755 seconds
[2019-12-09T04:29:43.378+0000][1][safepoint    ] Entering safepoint region: Cleanup
[2019-12-09T04:29:43.378+0000][1][safepoint    ] Leaving safepoint region
[2019-12-09T04:29:43.378+0000][1][safepoint    ] Total time for which application threads were stopped: 0.0000841 seconds, Stopping threads took: 0.0000164 seconds
[2019-12-09T04:29:44.378+0000][1][safepoint    ] Application time: 1.0000748 seconds
[2019-12-09T04:29:44.378+0000][1][safepoint    ] Entering safepoint region: Cleanup
[2019-12-09T04:29:44.378+0000][1][safepoint    ] Leaving safepoint region
[2019-12-09T04:29:44.378+0000][1][safepoint    ] Total time for which application threads were stopped: 0.0000863 seconds, Stopping threads took: 0.0000222 seconds
[2019-12-09T04:29:45.378+0000][1][safepoint    ] Application time: 1.0000763 seconds
[2019-12-09T04:29:45.378+0000][1][safepoint    ] Entering safepoint region: Cleanup
[2019-12-09T04:29:45.378+0000][1][safepoint    ] Leaving safepoint region
[2019-12-09T04:29:45.378+0000][1][safepoint    ] Total time for which application threads were stopped: 0.0000793 seconds, Stopping threads took: 0.0000159 seconds
[2019-12-09T04:29:46.378+0000][1][safepoint    ] Application time: 1.0000768 seconds
[2019-12-09T04:29:46.378+0000][1][safepoint    ] Entering safepoint region: Cleanup
[2019-12-09T04:29:46.379+0000][1][safepoint    ] Leaving safepoint region
[2019-12-09T04:29:46.379+0000][1][safepoint    ] Total time for which application threads were stopped: 0.0000833 seconds, Stopping threads took: 0.0000179 seconds
[2019-12-09T04:29:47.379+0000][1][safepoint    ] Application time: 1.0000777 seconds
[2019-12-09T04:29:47.379+0000][1][safepoint    ] Entering safepoint region: Cleanup
[2019-12-09T04:29:47.379+0000][1][safepoint    ] Leaving safepoint region
[2019-12-09T04:29:47.379+0000][1][safepoint    ] Total time for which application threads were stopped: 0.0000916 seconds, Stopping threads took: 0.0000165 seconds
[2019-12-09T04:29:48.379+0000][1][safepoint    ] Application time: 1.0000770 seconds
[2019-12-09T04:29:48.379+0000][1][safepoint    ] Entering safepoint region: Cleanup
[2019-12-09T04:29:48.379+0000][1][safepoint    ] Leaving safepoint region
[2019-12-09T04:29:48.379+0000][1][safepoint    ] Total time for which application threads were stopped: 0.0000809 seconds, Stopping threads took: 0.0000159 seconds
[2019-12-09T04:29:49.379+0000][1][safepoint    ] Application time: 1.0000788 seconds
[2019-12-09T04:29:49.379+0000][1][safepoint    ] Entering safepoint region: Cleanup
[2019-12-09T04:29:49.379+0000][1][safepoint    ] Leaving safepoint region
[2019-12-09T04:29:49.379+0000][1][safepoint    ] Total time for which application threads were stopped: 0.0000873 seconds, Stopping threads took: 0.0000185 seconds
[2019-12-09T04:29:50.379+0000][1][safepoint    ] Application time: 1.0000780 seconds
[2019-12-09T04:29:50.379+0000][1][safepoint    ] Entering safepoint region: Cleanup
[2019-12-09T04:29:50.379+0000][1][safepoint    ] Leaving safepoint region
[2019-12-09T04:29:50.379+0000][1][safepoint    ] Total time for which application threads were stopped: 0.0000801 seconds, Stopping threads took: 0.0000179 seconds
[2019-12-09T04:29:51.379+0000][1][safepoint    ] Application time: 1.0000780 seconds
[2019-12-09T04:29:51.379+0000][1][safepoint    ] Entering safepoint region: Cleanup
[2019-12-09T04:29:51.380+0000][1][safepoint    ] Leaving safepoint region
[2019-12-09T04:29:51.380+0000][1][safepoint    ] Total time for which application threads were stopped: 0.0000882 seconds, Stopping threads took: 0.0000170 seconds
[2019-12-09T04:29:52.380+0000][1][safepoint    ] Application time: 1.0000780 seconds
[2019-12-09T04:29:52.380+0000][1][safepoint    ] Entering safepoint region: Cleanup
[2019-12-09T04:29:52.380+0000][1][safepoint    ] Leaving safepoint region
[2019-12-09T04:29:52.380+0000][1][safepoint    ] Total time for which application threads were stopped: 0.0001068 seconds, Stopping threads took: 0.0000338 seconds
[2019-12-09T04:29:53.380+0000][1][safepoint    ] Application time: 1.0000778 seconds
[2019-12-09T04:29:53.380+0000][1][safepoint    ] Entering safepoint region: Cleanup
[2019-12-09T04:29:53.380+0000][1][safepoint    ] Leaving safepoint region
[2019-12-09T04:29:53.380+0000][1][safepoint    ] Total time for which application threads were stopped: 0.0000808 seconds, Stopping threads took: 0.0000168 seconds
[2019-12-09T04:29:54.380+0000][1][safepoint    ] Application time: 1.0000748 seconds
[2019-12-09T04:29:54.380+0000][1][safepoint    ] Entering safepoint region: Cleanup
[2019-12-09T04:29:54.380+0000][1][safepoint    ] Leaving safepoint region
[2019-12-09T04:29:54.380+0000][1][safepoint    ] Total time for which application threads were stopped: 0.0000831 seconds, Stopping threads took: 0.0000173 seconds
[2019-12-09T04:29:56.170+0000][1][safepoint    ] Application time: 1.7900239 seconds
[2019-12-09T04:29:56.170+0000][1][safepoint    ] Entering safepoint region: Cleanup
[2019-12-09T04:29:56.170+0000][1][safepoint    ] Leaving safepoint region
[2019-12-09T04:29:56.170+0000][1][safepoint    ] Total time for which application threads were stopped: 0.0000866 seconds, Stopping threads took: 0.0000185 seconds
[2019-12-09T04:29:57.170+0000][1][safepoint    ] Application time: 1.0000755 seconds
[2019-12-09T04:29:57.170+0000][1][safepoint    ] Entering safepoint region: Cleanup
[2019-12-09T04:29:57.170+0000][1][safepoint    ] Leaving safepoint region
[2019-12-09T04:29:57.171+0000][1][safepoint    ] Total time for which application threads were stopped: 0.0000810 seconds, Stopping threads took: 0.0000162 seconds
[2019-12-09T04:29:58.171+0000][1][safepoint    ] Application time: 1.0000755 seconds
[2019-12-09T04:29:58.171+0000][1][safepoint    ] Entering safepoint region: Cleanup
[2019-12-09T04:29:58.171+0000][1][safepoint    ] Leaving safepoint region
[2019-12-09T04:29:58.171+0000][1][safepoint    ] Total time for which application threads were stopped: 0.0000946 seconds, Stopping threads took: 0.0000170 seconds
[2019-12-09T04:29:59.171+0000][1][safepoint    ] Application time: 1.0000742 seconds
[2019-12-09T04:29:59.171+0000][1][safepoint    ] Entering safepoint region: Cleanup
[2019-12-09T04:29:59.171+0000][1][safepoint    ] Leaving safepoint region
[2019-12-09T04:29:59.171+0000][1][safepoint    ] Total time for which application threads were stopped: 0.0000772 seconds, Stopping threads took: 0.0000163 seconds
[2019-12-09T04:30:00.171+0000][1][safepoint    ] Application time: 1.0000747 seconds
[2019-12-09T04:30:00.171+0000][1][safepoint    ] Entering safepoint region: Cleanup
[2019-12-09T04:30:00.171+0000][1][safepoint    ] Leaving safepoint region
[2019-12-09T04:30:00.171+0000][1][safepoint    ] Total time for which application threads were stopped: 0.0000908 seconds, Stopping threads took: 0.0000173 seconds
[2019-12-09T04:30:01.171+0000][1][safepoint    ] Application time: 1.0000812 seconds
[2019-12-09T04:30:01.171+0000][1][safepoint    ] Entering safepoint region: Cleanup
[2019-12-09T04:30:01.171+0000][1][safepoint    ] Leaving safepoint region
[2019-12-09T04:30:01.171+0000][1][safepoint    ] Total time for which application threads were stopped: 0.0000816 seconds, Stopping threads took: 0.0000169 seconds
[2019-12-09T04:30:02.171+0000][1][safepoint    ] Application time: 1.0000802 seconds
[2019-12-09T04:30:02.171+0000][1][safepoint    ] Entering safepoint region: Cleanup
[2019-12-09T04:30:02.171+0000][1][safepoint    ] Leaving safepoint region
[2019-12-09T04:30:02.172+0000][1][safepoint    ] Total time for which application threads were stopped: 0.0000855 seconds, Stopping threads took: 0.0000172 seconds
[2019-12-09T04:30:03.172+0000][1][safepoint    ] Application time: 1.0000766 seconds
[2019-12-09T04:30:03.172+0000][1][safepoint    ] Entering safepoint region: Cleanup
[2019-12-09T04:30:03.172+0000][1][safepoint    ] Leaving safepoint region
[2019-12-09T04:30:03.172+0000][1][safepoint    ] Total time for which application threads were stopped: 0.0000928 seconds, Stopping threads took: 0.0000163 seconds
[2019-12-09T04:30:04.172+0000][1][safepoint    ] Application time: 1.0000760 seconds
[2019-12-09T04:30:04.172+0000][1][safepoint    ] Entering safepoint region: Cleanup
[2019-12-09T04:30:04.172+0000][1][safepoint    ] Leaving safepoint region
[2019-12-09T04:30:04.172+0000][1][safepoint    ] Total time for which application threads were stopped: 0.0000811 seconds, Stopping threads took: 0.0000179 seconds
[2019-12-09T04:30:05.172+0000][1][safepoint    ] Application time: 1.0000768 seconds
[2019-12-09T04:30:05.172+0000][1][safepoint    ] Entering safepoint region: Cleanup
[2019-12-09T04:30:05.172+0000][1][safepoint    ] Leaving safepoint region
[2019-12-09T04:30:05.172+0000][1][safepoint    ] Total time for which application threads were stopped: 0.0000835 seconds, Stopping threads took: 0.0000160 seconds
[2019-12-09T04:30:06.172+0000][1][safepoint    ] Application time: 1.0000786 seconds
[2019-12-09T04:30:06.172+0000][1][safepoint    ] Entering safepoint region: Cleanup
[2019-12-09T04:30:06.172+0000][1][safepoint    ] Leaving safepoint region
[2019-12-09T04:30:06.172+0000][1][safepoint    ] Total time for which application threads were stopped: 0.0000826 seconds, Stopping threads took: 0.0000176 seconds
[2019-12-09T04:30:07.172+0000][1][safepoint    ] Application time: 1.0000773 seconds
[2019-12-09T04:30:07.172+0000][1][safepoint    ] Entering safepoint region: Cleanup
[2019-12-09T04:30:07.172+0000][1][safepoint    ] Leaving safepoint region
[2019-12-09T04:30:07.172+0000][1][safepoint    ] Total time for which application threads were stopped: 0.0000787 seconds, Stopping threads took: 0.0000157 seconds
[2019-12-09T04:30:08.173+0000][1][safepoint    ] Application time: 1.0000773 seconds
[2019-12-09T04:30:08.173+0000][1][safepoint    ] Entering safepoint region: Cleanup
[2019-12-09T04:30:08.173+0000][1][safepoint    ] Leaving safepoint region
[2019-12-09T04:30:08.173+0000][1][safepoint    ] Total time for which application threads were stopped: 0.0001169 seconds, Stopping threads took: 0.0000202 seconds
[2019-12-09T04:30:09.173+0000][1][safepoint    ] Application time: 1.0000783 seconds
[2019-12-09T04:30:09.173+0000][1][safepoint    ] Entering safepoint region: Cleanup
[2019-12-09T04:30:09.173+0000][1][safepoint    ] Leaving safepoint region
[2019-12-09T04:30:09.173+0000][1][safepoint    ] Total time for which application threads were stopped: 0.0000814 seconds, Stopping threads took: 0.0000164 seconds
[2019-12-09T04:30:10.173+0000][1][safepoint    ] Application time: 1.0000772 seconds
[2019-12-09T04:30:10.173+0000][1][safepoint    ] Entering safepoint region: Cleanup
[2019-12-09T04:30:10.173+0000][1][safepoint    ] Leaving safepoint region
[2019-12-09T04:30:10.173+0000][1][safepoint    ] Total time for which application threads were stopped: 0.0000807 seconds, Stopping threads took: 0.0000166 seconds
[2019-12-09T04:30:11.173+0000][1][safepoint    ] Application time: 1.0000775 seconds
[2019-12-09T04:30:11.173+0000][1][safepoint    ] Entering safepoint region: Cleanup
[2019-12-09T04:30:11.173+0000][1][safepoint    ] Leaving safepoint region
[2019-12-09T04:30:11.173+0000][1][safepoint    ] Total time for which application threads were stopped: 0.0000849 seconds, Stopping threads took: 0.0000185 seconds
[2019-12-09T04:30:12.173+0000][1][safepoint    ] Application time: 1.0000765 seconds
[2019-12-09T04:30:12.173+0000][1][safepoint    ] Entering safepoint region: Cleanup
[2019-12-09T04:30:12.173+0000][1][safepoint    ] Leaving safepoint region
[2019-12-09T04:30:12.173+0000][1][safepoint    ] Total time for which application threads were stopped: 0.0000839 seconds, Stopping threads took: 0.0000178 seconds
[2019-12-09T04:30:13.174+0000][1][safepoint    ] Application time: 1.0000779 seconds
[2019-12-09T04:30:13.174+0000][1][safepoint    ] Entering safepoint region: Cleanup
[2019-12-09T04:30:13.174+0000][1][safepoint    ] Leaving safepoint region
[2019-12-09T04:30:13.174+0000][1][safepoint    ] Total time for which application threads were stopped: 0.0000924 seconds, Stopping threads took: 0.0000167 seconds
[2019-12-09T04:30:14.174+0000][1][safepoint    ] Application time: 1.0000779 seconds
[2019-12-09T04:30:14.174+0000][1][safepoint    ] Entering safepoint region: Cleanup
[2019-12-09T04:30:14.174+0000][1][safepoint    ] Leaving safepoint region
[2019-12-09T04:30:14.174+0000][1][safepoint    ] Total time for which application threads were stopped: 0.0000910 seconds, Stopping threads took: 0.0000248 seconds
[2019-12-09T04:30:15.175+0000][1][safepoint    ] Application time: 1.0010521 seconds
[2019-12-09T04:30:15.175+0000][1][safepoint    ] Entering safepoint region: Cleanup
[2019-12-09T04:30:15.175+0000][1][safepoint    ] Leaving safepoint region
[2019-12-09T04:30:15.175+0000][1][safepoint    ] Total time for which application threads were stopped: 0.0001149 seconds, Stopping threads took: 0.0000235 seconds
[2019-12-09T04:30:16.175+0000][1][safepoint    ] Application time: 1.0000905 seconds
[2019-12-09T04:30:16.175+0000][1][safepoint    ] Entering safepoint region: Cleanup
[2019-12-09T04:30:16.175+0000][1][safepoint    ] Leaving safepoint region
[2019-12-09T04:30:16.175+0000][1][safepoint    ] Total time for which application threads were stopped: 0.0000804 seconds, Stopping threads took: 0.0000167 seconds
[2019-12-09T04:30:17.175+0000][1][safepoint    ] Application time: 1.0000769 seconds
[2019-12-09T04:30:17.175+0000][1][safepoint    ] Entering safepoint region: Cleanup
[2019-12-09T04:30:17.176+0000][1][safepoint    ] Leaving safepoint region
[2019-12-09T04:30:17.176+0000][1][safepoint    ] Total time for which application threads were stopped: 0.0000791 seconds, Stopping threads took: 0.0000162 seconds
[2019-12-09T04:30:18.176+0000][1][safepoint    ] Application time: 1.0000756 seconds
[2019-12-09T04:30:18.176+0000][1][safepoint    ] Entering safepoint region: Cleanup
[2019-12-09T04:30:18.176+0000][1][safepoint    ] Leaving safepoint region
[2019-12-09T04:30:18.176+0000][1][safepoint    ] Total time for which application threads were stopped: 0.0000959 seconds, Stopping threads took: 0.0000170 seconds
[2019-12-09T04:30:19.176+0000][1][safepoint    ] Application time: 1.0000804 seconds
[2019-12-09T04:30:19.176+0000][1][safepoint    ] Entering safepoint region: Cleanup
[2019-12-09T04:30:19.176+0000][1][safepoint    ] Leaving safepoint region
[2019-12-09T04:30:19.176+0000][1][safepoint    ] Total time for which application threads were stopped: 0.0000833 seconds, Stopping threads took: 0.0000171 seconds
[2019-12-09T04:30:20.176+0000][1][safepoint    ] Application time: 1.0000750 seconds
[2019-12-09T04:30:20.176+0000][1][safepoint    ] Entering safepoint region: Cleanup
[2019-12-09T04:30:20.176+0000][1][safepoint    ] Leaving safepoint region
[2019-12-09T04:30:20.176+0000][1][safepoint    ] Total time for which application threads were stopped: 0.0000808 seconds, Stopping threads took: 0.0000156 seconds
[2019-12-09T04:30:21.176+0000][1][safepoint    ] Application time: 1.0000741 seconds
[2019-12-09T04:30:21.176+0000][1][safepoint    ] Entering safepoint region: Cleanup
[2019-12-09T04:30:21.176+0000][1][safepoint    ] Leaving safepoint region
[2019-12-09T04:30:21.176+0000][1][safepoint    ] Total time for which application threads were stopped: 0.0000821 seconds, Stopping threads took: 0.0000188 seconds
[2019-12-09T04:30:22.176+0000][1][safepoint    ] Application time: 1.0000770 seconds
[2019-12-09T04:30:22.176+0000][1][safepoint    ] Entering safepoint region: Cleanup
[2019-12-09T04:30:22.176+0000][1][safepoint    ] Leaving safepoint region
[2019-12-09T04:30:22.176+0000][1][safepoint    ] Total time for which application threads were stopped: 0.0000805 seconds, Stopping threads took: 0.0000165 seconds
[2019-12-09T04:30:22.364+0000][1][safepoint    ] Application time: 0.1870439 seconds
[2019-12-09T04:30:22.364+0000][1][safepoint    ] Entering safepoint region: GenCollectForAllocation
[2019-12-09T04:30:22.364+0000][1][gc,start     ] GC(69) Pause Young (Allocation Failure)
[2019-12-09T04:30:22.364+0000][1][gc,task      ] GC(69) Using 2 workers of 2 for evacuation
[2019-12-09T04:30:22.365+0000][1][gc,age       ] GC(69) Desired survivor size 4456448 bytes, new threshold 6 (max threshold 6)
[2019-12-09T04:30:22.365+0000][1][gc,age       ] GC(69) Age table with threshold 6 (max threshold 6)
[2019-12-09T04:30:22.365+0000][1][gc,age       ] GC(69) - age   1:      23928 bytes,      23928 total
[2019-12-09T04:30:22.365+0000][1][gc,age       ] GC(69) - age   2:        848 bytes,      24776 total
[2019-12-09T04:30:22.365+0000][1][gc,age       ] GC(69) - age   3:        280 bytes,      25056 total
[2019-12-09T04:30:22.365+0000][1][gc,age       ] GC(69) - age   4:        168 bytes,      25224 total
[2019-12-09T04:30:22.365+0000][1][gc,age       ] GC(69) - age   5:       5808 bytes,      31032 total
[2019-12-09T04:30:22.365+0000][1][gc,age       ] GC(69) - age   6:      11216 bytes,      42248 total
[2019-12-09T04:30:22.365+0000][1][gc,heap      ] GC(69) ParNew: 69985K->56K(78656K)
[2019-12-09T04:30:22.365+0000][1][gc,heap      ] GC(69) CMS: 119387K->119388K(174784K)
[2019-12-09T04:30:22.365+0000][1][gc,metaspace ] GC(69) Metaspace: 83593K->83593K(1126400K)
[2019-12-09T04:30:22.365+0000][1][gc           ] GC(69) Pause Young (Allocation Failure) 184M->116M(247M) 1.750ms
[2019-12-09T04:30:22.365+0000][1][gc,cpu       ] GC(69) User=0.01s Sys=0.00s Real=0.01s
[2019-12-09T04:30:22.365+0000][1][safepoint    ] Leaving safepoint region
[2019-12-09T04:30:22.365+0000][1][safepoint    ] Total time for which application threads were stopped: 0.0019143 seconds, Stopping threads took: 0.0000168 seconds
[2019-12-09T04:30:23.366+0000][1][safepoint    ] Application time: 1.0000840 seconds
[2019-12-09T04:30:23.366+0000][1][safepoint    ] Entering safepoint region: Cleanup
[2019-12-09T04:30:23.366+0000][1][safepoint    ] Leaving safepoint region
[2019-12-09T04:30:23.366+0000][1][safepoint    ] Total time for which application threads were stopped: 0.0000910 seconds, Stopping threads took: 0.0000169 seconds
[2019-12-09T04:30:24.366+0000][1][safepoint    ] Application time: 1.0000767 seconds
[2019-12-09T04:30:24.366+0000][1][safepoint    ] Entering safepoint region: Cleanup
[2019-12-09T04:30:24.366+0000][1][safepoint    ] Leaving safepoint region
[2019-12-09T04:30:24.366+0000][1][safepoint    ] Total time for which application threads were stopped: 0.0000867 seconds, Stopping threads took: 0.0000191 seconds
[2019-12-09T04:30:25.366+0000][1][safepoint    ] Application time: 1.0000738 seconds
[2019-12-09T04:30:25.366+0000][1][safepoint    ] Entering safepoint region: Cleanup
[2019-12-09T04:30:25.366+0000][1][safepoint    ] Leaving safepoint region
[2019-12-09T04:30:25.366+0000][1][safepoint    ] Total time for which application threads were stopped: 0.0000782 seconds, Stopping threads took: 0.0000160 seconds
[2019-12-09T04:30:26.366+0000][1][safepoint    ] Application time: 1.0000762 seconds
[2019-12-09T04:30:26.366+0000][1][safepoint    ] Entering safepoint region: Cleanup
[2019-12-09T04:30:26.366+0000][1][safepoint    ] Leaving safepoint region
[2019-12-09T04:30:26.366+0000][1][safepoint    ] Total time for which application threads were stopped: 0.0000802 seconds, Stopping threads took: 0.0000174 seconds
[2019-12-09T04:30:27.366+0000][1][safepoint    ] Application time: 1.0000744 seconds
[2019-12-09T04:30:27.366+0000][1][safepoint    ] Entering safepoint region: Cleanup
[2019-12-09T04:30:27.366+0000][1][safepoint    ] Leaving safepoint region
[2019-12-09T04:30:27.366+0000][1][safepoint    ] Total time for which application threads were stopped: 0.0000873 seconds, Stopping threads took: 0.0000186 seconds
[2019-12-09T04:30:28.367+0000][1][safepoint    ] Application time: 1.0000858 seconds
[2019-12-09T04:30:28.367+0000][1][safepoint    ] Entering safepoint region: Cleanup
[2019-12-09T04:30:28.367+0000][1][safepoint    ] Leaving safepoint region
[2019-12-09T04:30:28.367+0000][1][safepoint    ] Total time for which application threads were stopped: 0.0001186 seconds, Stopping threads took: 0.0000227 seconds
[2019-12-09T04:30:29.367+0000][1][safepoint    ] Application time: 1.0000736 seconds
[2019-12-09T04:30:29.367+0000][1][safepoint    ] Entering safepoint region: Cleanup
[2019-12-09T04:30:29.367+0000][1][safepoint    ] Leaving safepoint region
[2019-12-09T04:30:29.367+0000][1][safepoint    ] Total time for which application threads were stopped: 0.0000787 seconds, Stopping threads took: 0.0000171 seconds
[2019-12-09T04:30:30.367+0000][1][safepoint    ] Application time: 1.0000742 seconds
[2019-12-09T04:30:30.367+0000][1][safepoint    ] Entering safepoint region: Cleanup
[2019-12-09T04:30:30.367+0000][1][safepoint    ] Leaving safepoint region
[2019-12-09T04:30:30.367+0000][1][safepoint    ] Total time for which application threads were stopped: 0.0000863 seconds, Stopping threads took: 0.0000193 seconds
[2019-12-09T04:30:31.367+0000][1][safepoint    ] Application time: 1.0000735 seconds
[2019-12-09T04:30:31.367+0000][1][safepoint    ] Entering safepoint region: Cleanup
[2019-12-09T04:30:31.367+0000][1][safepoint    ] Leaving safepoint region
[2019-12-09T04:30:31.367+0000][1][safepoint    ] Total time for which application threads were stopped: 0.0000803 seconds, Stopping threads took: 0.0000169 seconds
[2019-12-09T04:30:32.367+0000][1][safepoint    ] Application time: 1.0000728 seconds
[2019-12-09T04:30:32.367+0000][1][safepoint    ] Entering safepoint region: Cleanup
[2019-12-09T04:30:32.367+0000][1][safepoint    ] Leaving safepoint region
[2019-12-09T04:30:32.367+0000][1][safepoint    ] Total time for which application threads were stopped: 0.0000828 seconds, Stopping threads took: 0.0000179 seconds
[2019-12-09T04:30:33.368+0000][1][safepoint    ] Application time: 1.0000800 seconds
[2019-12-09T04:30:33.368+0000][1][safepoint    ] Entering safepoint region: Cleanup
[2019-12-09T04:30:33.368+0000][1][safepoint    ] Leaving safepoint region
[2019-12-09T04:30:33.368+0000][1][safepoint    ] Total time for which application threads were stopped: 0.0000943 seconds, Stopping threads took: 0.0000165 seconds
[2019-12-09T04:30:34.368+0000][1][safepoint    ] Application time: 1.0000736 seconds
[2019-12-09T04:30:34.368+0000][1][safepoint    ] Entering safepoint region: Cleanup
[2019-12-09T04:30:34.368+0000][1][safepoint    ] Leaving safepoint region
[2019-12-09T04:30:34.368+0000][1][safepoint    ] Total time for which application threads were stopped: 0.0000778 seconds, Stopping threads took: 0.0000170 seconds
[2019-12-09T04:30:35.368+0000][1][safepoint    ] Application time: 1.0000754 seconds
[2019-12-09T04:30:35.368+0000][1][safepoint    ] Entering safepoint region: Cleanup
[2019-12-09T04:30:35.368+0000][1][safepoint    ] Leaving safepoint region
[2019-12-09T04:30:35.368+0000][1][safepoint    ] Total time for which application threads were stopped: 0.0000813 seconds, Stopping threads took: 0.0000169 seconds
[2019-12-09T04:30:36.368+0000][1][safepoint    ] Application time: 1.0000737 seconds
[2019-12-09T04:30:36.368+0000][1][safepoint    ] Entering safepoint region: Cleanup
[2019-12-09T04:30:36.368+0000][1][safepoint    ] Leaving safepoint region
[2019-12-09T04:30:36.368+0000][1][safepoint    ] Total time for which application threads were stopped: 0.0000800 seconds, Stopping threads took: 0.0000180 seconds
[2019-12-09T04:30:37.368+0000][1][safepoint    ] Application time: 1.0000758 seconds
[2019-12-09T04:30:37.368+0000][1][safepoint    ] Entering safepoint region: Cleanup
[2019-12-09T04:30:37.368+0000][1][safepoint    ] Leaving safepoint region
[2019-12-09T04:30:37.368+0000][1][safepoint    ] Total time for which application threads were stopped: 0.0000792 seconds, Stopping threads took: 0.0000167 seconds
[2019-12-09T04:30:38.369+0000][1][safepoint    ] Application time: 1.0000754 seconds
[2019-12-09T04:30:38.369+0000][1][safepoint    ] Entering safepoint region: Cleanup
[2019-12-09T04:30:38.369+0000][1][safepoint    ] Leaving safepoint region
[2019-12-09T04:30:38.369+0000][1][safepoint    ] Total time for which application threads were stopped: 0.0000883 seconds, Stopping threads took: 0.0000247 seconds
[2019-12-09T04:30:39.369+0000][1][safepoint    ] Application time: 1.0000751 seconds
[2019-12-09T04:30:39.369+0000][1][safepoint    ] Entering safepoint region: Cleanup
[2019-12-09T04:30:39.369+0000][1][safepoint    ] Leaving safepoint region
[2019-12-09T04:30:39.369+0000][1][safepoint    ] Total time for which application threads were stopped: 0.0000800 seconds, Stopping threads took: 0.0000179 seconds
[2019-12-09T04:30:40.369+0000][1][safepoint    ] Application time: 1.0000740 seconds
[2019-12-09T04:30:40.369+0000][1][safepoint    ] Entering safepoint region: Cleanup
[2019-12-09T04:30:40.369+0000][1][safepoint    ] Leaving safepoint region
[2019-12-09T04:30:40.369+0000][1][safepoint    ] Total time for which application threads were stopped: 0.0000782 seconds, Stopping threads took: 0.0000167 seconds
[2019-12-09T04:30:41.369+0000][1][safepoint    ] Application time: 1.0000758 seconds
[2019-12-09T04:30:41.369+0000][1][safepoint    ] Entering safepoint region: Cleanup
[2019-12-09T04:30:41.369+0000][1][safepoint    ] Leaving safepoint region
[2019-12-09T04:30:41.369+0000][1][safepoint    ] Total time for which application threads were stopped: 0.0000812 seconds, Stopping threads took: 0.0000168 seconds
[2019-12-09T04:30:42.369+0000][1][safepoint    ] Application time: 1.0000738 seconds
[2019-12-09T04:30:42.369+0000][1][safepoint    ] Entering safepoint region: Cleanup
[2019-12-09T04:30:42.369+0000][1][safepoint    ] Leaving safepoint region
[2019-12-09T04:30:42.369+0000][1][safepoint    ] Total time for which application threads were stopped: 0.0000800 seconds, Stopping threads took: 0.0000169 seconds
[2019-12-09T04:30:43.369+0000][1][safepoint    ] Application time: 1.0000801 seconds
[2019-12-09T04:30:43.370+0000][1][safepoint    ] Entering safepoint region: Cleanup
[2019-12-09T04:30:43.370+0000][1][safepoint    ] Leaving safepoint region
[2019-12-09T04:30:43.370+0000][1][safepoint    ] Total time for which application threads were stopped: 0.0000840 seconds, Stopping threads took: 0.0000167 seconds
[2019-12-09T04:30:44.370+0000][1][safepoint    ] Application time: 1.0000754 seconds
[2019-12-09T04:30:44.370+0000][1][safepoint    ] Entering safepoint region: Cleanup
[2019-12-09T04:30:44.370+0000][1][safepoint    ] Leaving safepoint region
[2019-12-09T04:30:44.370+0000][1][safepoint    ] Total time for which application threads were stopped: 0.0000941 seconds, Stopping threads took: 0.0000230 seconds
[2019-12-09T04:30:45.370+0000][1][safepoint    ] Application time: 1.0000739 seconds
[2019-12-09T04:30:45.370+0000][1][safepoint    ] Entering safepoint region: Cleanup
[2019-12-09T04:30:45.370+0000][1][safepoint    ] Leaving safepoint region
[2019-12-09T04:30:45.370+0000][1][safepoint    ] Total time for which application threads were stopped: 0.0000813 seconds, Stopping threads took: 0.0000174 seconds
[2019-12-09T04:30:46.370+0000][1][safepoint    ] Application time: 1.0000803 seconds
[2019-12-09T04:30:46.370+0000][1][safepoint    ] Entering safepoint region: Cleanup
[2019-12-09T04:30:46.370+0000][1][safepoint    ] Leaving safepoint region
[2019-12-09T04:30:46.370+0000][1][safepoint    ] Total time for which application threads were stopped: 0.0000816 seconds, Stopping threads took: 0.0000165 seconds
[2019-12-09T04:30:47.370+0000][1][safepoint    ] Application time: 1.0000750 seconds
[2019-12-09T04:30:47.370+0000][1][safepoint    ] Entering safepoint region: Cleanup
[2019-12-09T04:30:47.370+0000][1][safepoint    ] Leaving safepoint region
[2019-12-09T04:30:47.370+0000][1][safepoint    ] Total time for which application threads were stopped: 0.0000832 seconds, Stopping threads took: 0.0000186 seconds
[2019-12-09T04:30:48.370+0000][1][safepoint    ] Application time: 1.0000735 seconds
[2019-12-09T04:30:48.371+0000][1][safepoint    ] Entering safepoint region: Cleanup
[2019-12-09T04:30:48.371+0000][1][safepoint    ] Leaving safepoint region
[2019-12-09T04:30:48.371+0000][1][safepoint    ] Total time for which application threads were stopped: 0.0000877 seconds, Stopping threads took: 0.0000257 seconds
[2019-12-09T04:30:49.371+0000][1][safepoint    ] Application time: 1.0000764 seconds
[2019-12-09T04:30:49.371+0000][1][safepoint    ] Entering safepoint region: Cleanup
[2019-12-09T04:30:49.371+0000][1][safepoint    ] Leaving safepoint region
[2019-12-09T04:30:49.371+0000][1][safepoint    ] Total time for which application threads were stopped: 0.0000800 seconds, Stopping threads took: 0.0000163 seconds
[2019-12-09T04:30:50.371+0000][1][safepoint    ] Application time: 1.0000749 seconds
[2019-12-09T04:30:50.371+0000][1][safepoint    ] Entering safepoint region: Cleanup
[2019-12-09T04:30:50.371+0000][1][safepoint    ] Leaving safepoint region
[2019-12-09T04:30:50.371+0000][1][safepoint    ] Total time for which application threads were stopped: 0.0000805 seconds, Stopping threads took: 0.0000181 seconds
[2019-12-09T04:30:51.371+0000][1][safepoint    ] Application time: 1.0000760 seconds
[2019-12-09T04:30:51.371+0000][1][safepoint    ] Entering safepoint region: Cleanup
[2019-12-09T04:30:51.371+0000][1][safepoint    ] Leaving safepoint region
[2019-12-09T04:30:51.371+0000][1][safepoint    ] Total time for which application threads were stopped: 0.0000808 seconds, Stopping threads took: 0.0000181 seconds
[2019-12-09T04:30:52.371+0000][1][safepoint    ] Application time: 1.0000749 seconds
[2019-12-09T04:30:52.371+0000][1][safepoint    ] Entering safepoint region: Cleanup
[2019-12-09T04:30:52.371+0000][1][safepoint    ] Leaving safepoint region
[2019-12-09T04:30:52.371+0000][1][safepoint    ] Total time for which application threads were stopped: 0.0000800 seconds, Stopping threads took: 0.0000171 seconds
[2019-12-09T04:30:53.371+0000][1][safepoint    ] Application time: 1.0000746 seconds
[2019-12-09T04:30:53.371+0000][1][safepoint    ] Entering safepoint region: Cleanup
[2019-12-09T04:30:53.372+0000][1][safepoint    ] Leaving safepoint region
[2019-12-09T04:30:53.372+0000][1][safepoint    ] Total time for which application threads were stopped: 0.0000826 seconds, Stopping threads took: 0.0000176 seconds
[2019-12-09T04:30:54.372+0000][1][safepoint    ] Application time: 1.0000732 seconds
[2019-12-09T04:30:54.372+0000][1][safepoint    ] Entering safepoint region: Cleanup
[2019-12-09T04:30:54.372+0000][1][safepoint    ] Leaving safepoint region
[2019-12-09T04:30:54.372+0000][1][safepoint    ] Total time for which application threads were stopped: 0.0000915 seconds, Stopping threads took: 0.0000177 seconds
[2019-12-09T04:30:55.372+0000][1][safepoint    ] Application time: 1.0000745 seconds
[2019-12-09T04:30:55.372+0000][1][safepoint    ] Entering safepoint region: Cleanup
[2019-12-09T04:30:55.372+0000][1][safepoint    ] Leaving safepoint region
[2019-12-09T04:30:55.372+0000][1][safepoint    ] Total time for which application threads were stopped: 0.0000833 seconds, Stopping threads took: 0.0000190 seconds
[2019-12-09T04:30:56.372+0000][1][safepoint    ] Application time: 1.0000747 seconds
[2019-12-09T04:30:56.372+0000][1][safepoint    ] Entering safepoint region: Cleanup
[2019-12-09T04:30:56.372+0000][1][safepoint    ] Leaving safepoint region
[2019-12-09T04:30:56.372+0000][1][safepoint    ] Total time for which application threads were stopped: 0.0000797 seconds, Stopping threads took: 0.0000173 seconds
[2019-12-09T04:30:57.372+0000][1][safepoint    ] Application time: 1.0000753 seconds
[2019-12-09T04:30:57.372+0000][1][safepoint    ] Entering safepoint region: Cleanup
[2019-12-09T04:30:57.372+0000][1][safepoint    ] Leaving safepoint region
[2019-12-09T04:30:57.372+0000][1][safepoint    ] Total time for which application threads were stopped: 0.0000828 seconds, Stopping threads took: 0.0000170 seconds
[2019-12-09T04:30:58.372+0000][1][safepoint    ] Application time: 1.0000751 seconds
[2019-12-09T04:30:58.372+0000][1][safepoint    ] Entering safepoint region: Cleanup
[2019-12-09T04:30:58.372+0000][1][safepoint    ] Leaving safepoint region
[2019-12-09T04:30:58.372+0000][1][safepoint    ] Total time for which application threads were stopped: 0.0000885 seconds, Stopping threads took: 0.0000249 seconds
[2019-12-09T04:30:59.373+0000][1][safepoint    ] Application time: 1.0000742 seconds
[2019-12-09T04:30:59.373+0000][1][safepoint    ] Entering safepoint region: Cleanup
[2019-12-09T04:30:59.373+0000][1][safepoint    ] Leaving safepoint region
[2019-12-09T04:30:59.373+0000][1][safepoint    ] Total time for which application threads were stopped: 0.0000968 seconds, Stopping threads took: 0.0000235 seconds
[2019-12-09T04:31:00.373+0000][1][safepoint    ] Application time: 1.0000747 seconds
[2019-12-09T04:31:00.373+0000][1][safepoint    ] Entering safepoint region: Cleanup
[2019-12-09T04:31:00.373+0000][1][safepoint    ] Leaving safepoint region
[2019-12-09T04:31:00.373+0000][1][safepoint    ] Total time for which application threads were stopped: 0.0000862 seconds, Stopping threads took: 0.0000175 seconds
[2019-12-09T04:31:01.373+0000][1][safepoint    ] Application time: 1.0000769 seconds
[2019-12-09T04:31:01.373+0000][1][safepoint    ] Entering safepoint region: Cleanup
[2019-12-09T04:31:01.373+0000][1][safepoint    ] Leaving safepoint region
[2019-12-09T04:31:01.373+0000][1][safepoint    ] Total time for which application threads were stopped: 0.0000835 seconds, Stopping threads took: 0.0000186 seconds
[2019-12-09T04:31:02.373+0000][1][safepoint    ] Application time: 1.0000761 seconds
[2019-12-09T04:31:02.373+0000][1][safepoint    ] Entering safepoint region: Cleanup
[2019-12-09T04:31:02.373+0000][1][safepoint    ] Leaving safepoint region
[2019-12-09T04:31:02.373+0000][1][safepoint    ] Total time for which application threads were stopped: 0.0000815 seconds, Stopping threads took: 0.0000186 seconds
[2019-12-09T04:31:03.373+0000][1][safepoint    ] Application time: 1.0000745 seconds
[2019-12-09T04:31:03.373+0000][1][safepoint    ] Entering safepoint region: Cleanup
[2019-12-09T04:31:03.373+0000][1][safepoint    ] Leaving safepoint region
[2019-12-09T04:31:03.373+0000][1][safepoint    ] Total time for which application threads were stopped: 0.0000865 seconds, Stopping threads took: 0.0000187 seconds
[2019-12-09T04:31:04.374+0000][1][safepoint    ] Application time: 1.0000756 seconds
[2019-12-09T04:31:04.374+0000][1][safepoint    ] Entering safepoint region: Cleanup
[2019-12-09T04:31:04.374+0000][1][safepoint    ] Leaving safepoint region
[2019-12-09T04:31:04.374+0000][1][safepoint    ] Total time for which application threads were stopped: 0.0000769 seconds, Stopping threads took: 0.0000153 seconds
[2019-12-09T04:31:05.374+0000][1][safepoint    ] Application time: 1.0000728 seconds
[2019-12-09T04:31:05.374+0000][1][safepoint    ] Entering safepoint region: Cleanup
[2019-12-09T04:31:05.374+0000][1][safepoint    ] Leaving safepoint region
[2019-12-09T04:31:05.374+0000][1][safepoint    ] Total time for which application threads were stopped: 0.0000793 seconds, Stopping threads took: 0.0000163 seconds
[2019-12-09T04:31:06.374+0000][1][safepoint    ] Application time: 1.0000745 seconds
[2019-12-09T04:31:06.374+0000][1][safepoint    ] Entering safepoint region: Cleanup
[2019-12-09T04:31:06.374+0000][1][safepoint    ] Leaving safepoint region
[2019-12-09T04:31:06.374+0000][1][safepoint    ] Total time for which application threads were stopped: 0.0000790 seconds, Stopping threads took: 0.0000166 seconds
[2019-12-09T04:31:07.374+0000][1][safepoint    ] Application time: 1.0000735 seconds
[2019-12-09T04:31:07.374+0000][1][safepoint    ] Entering safepoint region: Cleanup
[2019-12-09T04:31:07.374+0000][1][safepoint    ] Leaving safepoint region
[2019-12-09T04:31:07.374+0000][1][safepoint    ] Total time for which application threads were stopped: 0.0000809 seconds, Stopping threads took: 0.0000166 seconds
[2019-12-09T04:31:08.374+0000][1][safepoint    ] Application time: 1.0000725 seconds
[2019-12-09T04:31:08.374+0000][1][safepoint    ] Entering safepoint region: Cleanup
[2019-12-09T04:31:08.374+0000][1][safepoint    ] Leaving safepoint region
[2019-12-09T04:31:08.374+0000][1][safepoint    ] Total time for which application threads were stopped: 0.0000910 seconds, Stopping threads took: 0.0000253 seconds
[2019-12-09T04:31:09.374+0000][1][safepoint    ] Application time: 1.0000753 seconds
[2019-12-09T04:31:09.375+0000][1][safepoint    ] Entering safepoint region: Cleanup
[2019-12-09T04:31:09.375+0000][1][safepoint    ] Leaving safepoint region
[2019-12-09T04:31:09.375+0000][1][safepoint    ] Total time for which application threads were stopped: 0.0000807 seconds, Stopping threads took: 0.0000189 seconds
[2019-12-09T04:31:10.375+0000][1][safepoint    ] Application time: 1.0000739 seconds
[2019-12-09T04:31:10.375+0000][1][safepoint    ] Entering safepoint region: Cleanup
[2019-12-09T04:31:10.375+0000][1][safepoint    ] Leaving safepoint region
[2019-12-09T04:31:10.375+0000][1][safepoint    ] Total time for which application threads were stopped: 0.0000963 seconds, Stopping threads took: 0.0000160 seconds
[2019-12-09T04:31:11.375+0000][1][safepoint    ] Application time: 1.0000737 seconds
[2019-12-09T04:31:11.375+0000][1][safepoint    ] Entering safepoint region: Cleanup
[2019-12-09T04:31:11.375+0000][1][safepoint    ] Leaving safepoint region
[2019-12-09T04:31:11.375+0000][1][safepoint    ] Total time for which application threads were stopped: 0.0000826 seconds, Stopping threads took: 0.0000166 seconds
[2019-12-09T04:31:12.375+0000][1][safepoint    ] Application time: 1.0000746 seconds
[2019-12-09T04:31:12.375+0000][1][safepoint    ] Entering safepoint region: Cleanup
[2019-12-09T04:31:12.375+0000][1][safepoint    ] Leaving safepoint region
[2019-12-09T04:31:12.375+0000][1][safepoint    ] Total time for which application threads were stopped: 0.0000823 seconds, Stopping threads took: 0.0000170 seconds
[2019-12-09T04:31:13.375+0000][1][safepoint    ] Application time: 1.0000720 seconds
[2019-12-09T04:31:13.375+0000][1][safepoint    ] Entering safepoint region: Cleanup
[2019-12-09T04:31:13.375+0000][1][safepoint    ] Leaving safepoint region
[2019-12-09T04:31:13.375+0000][1][safepoint    ] Total time for which application threads were stopped: 0.0000914 seconds, Stopping threads took: 0.0000165 seconds
[2019-12-09T04:31:14.375+0000][1][safepoint    ] Application time: 1.0000775 seconds
[2019-12-09T04:31:14.376+0000][1][safepoint    ] Entering safepoint region: Cleanup
[2019-12-09T04:31:14.376+0000][1][safepoint    ] Leaving safepoint region
[2019-12-09T04:31:14.376+0000][1][safepoint    ] Total time for which application threads were stopped: 0.0000852 seconds, Stopping threads took: 0.0000170 seconds
[2019-12-09T04:31:15.376+0000][1][safepoint    ] Application time: 1.0000868 seconds
[2019-12-09T04:31:15.376+0000][1][safepoint    ] Entering safepoint region: Cleanup
[2019-12-09T04:31:15.376+0000][1][safepoint    ] Leaving safepoint region
[2019-12-09T04:31:15.376+0000][1][safepoint    ] Total time for which application threads were stopped: 0.0000837 seconds, Stopping threads took: 0.0000170 seconds
[2019-12-09T04:31:16.376+0000][1][safepoint    ] Application time: 1.0000754 seconds
[2019-12-09T04:31:16.376+0000][1][safepoint    ] Entering safepoint region: Cleanup
[2019-12-09T04:31:16.376+0000][1][safepoint    ] Leaving safepoint region
[2019-12-09T04:31:16.376+0000][1][safepoint    ] Total time for which application threads were stopped: 0.0000848 seconds, Stopping threads took: 0.0000171 seconds
[2019-12-09T04:31:17.376+0000][1][safepoint    ] Application time: 1.0000755 seconds
[2019-12-09T04:31:17.376+0000][1][safepoint    ] Entering safepoint region: Cleanup
[2019-12-09T04:31:17.376+0000][1][safepoint    ] Leaving safepoint region
[2019-12-09T04:31:17.376+0000][1][safepoint    ] Total time for which application threads were stopped: 0.0000830 seconds, Stopping threads took: 0.0000176 seconds
[2019-12-09T04:31:18.376+0000][1][safepoint    ] Application time: 1.0000733 seconds
[2019-12-09T04:31:18.376+0000][1][safepoint    ] Entering safepoint region: Cleanup
[2019-12-09T04:31:18.376+0000][1][safepoint    ] Leaving safepoint region
[2019-12-09T04:31:18.376+0000][1][safepoint    ] Total time for which application threads were stopped: 0.0000929 seconds, Stopping threads took: 0.0000162 seconds
[2019-12-09T04:31:19.377+0000][1][safepoint    ] Application time: 1.0000743 seconds
[2019-12-09T04:31:19.377+0000][1][safepoint    ] Entering safepoint region: Cleanup
[2019-12-09T04:31:19.377+0000][1][safepoint    ] Leaving safepoint region
[2019-12-09T04:31:19.377+0000][1][safepoint    ] Total time for which application threads were stopped: 0.0000853 seconds, Stopping threads took: 0.0000188 seconds
[2019-12-09T04:31:20.403+0000][1][safepoint    ] Application time: 1.0260975 seconds
[2019-12-09T04:31:20.410+0000][1][safepoint    ] Entering safepoint region: Cleanup
[2019-12-09T04:31:20.410+0000][1][safepoint    ] Leaving safepoint region
[2019-12-09T04:31:20.410+0000][1][safepoint    ] Total time for which application threads were stopped: 0.0070632 seconds, Stopping threads took: 0.0069624 seconds
[2019-12-09T04:31:21.410+0000][1][safepoint    ] Application time: 1.0000937 seconds
[2019-12-09T04:31:21.410+0000][1][safepoint    ] Entering safepoint region: Cleanup
[2019-12-09T04:31:21.410+0000][1][safepoint    ] Leaving safepoint region
[2019-12-09T04:31:21.410+0000][1][safepoint    ] Total time for which application threads were stopped: 0.0001147 seconds, Stopping threads took: 0.0000233 seconds
[2019-12-09T04:31:22.410+0000][1][safepoint    ] Application time: 1.0000836 seconds
[2019-12-09T04:31:22.410+0000][1][safepoint    ] Entering safepoint region: Cleanup
[2019-12-09T04:31:22.410+0000][1][safepoint    ] Leaving safepoint region
[2019-12-09T04:31:22.410+0000][1][safepoint    ] Total time for which application threads were stopped: 0.0000819 seconds, Stopping threads took: 0.0000167 seconds
[2019-12-09T04:31:23.410+0000][1][safepoint    ] Application time: 1.0000825 seconds
[2019-12-09T04:31:23.410+0000][1][safepoint    ] Entering safepoint region: Cleanup
[2019-12-09T04:31:23.411+0000][1][safepoint    ] Leaving safepoint region
[2019-12-09T04:31:23.411+0000][1][safepoint    ] Total time for which application threads were stopped: 0.0001014 seconds, Stopping threads took: 0.0000203 seconds
[2019-12-09T04:31:24.411+0000][1][safepoint    ] Application time: 1.0000763 seconds
[2019-12-09T04:31:24.411+0000][1][safepoint    ] Entering safepoint region: Cleanup
[2019-12-09T04:31:24.411+0000][1][safepoint    ] Leaving safepoint region
[2019-12-09T04:31:24.411+0000][1][safepoint    ] Total time for which application threads were stopped: 0.0000883 seconds, Stopping threads took: 0.0000144 seconds
[2019-12-09T04:31:25.411+0000][1][safepoint    ] Application time: 1.0000744 seconds
[2019-12-09T04:31:25.411+0000][1][safepoint    ] Entering safepoint region: Cleanup
[2019-12-09T04:31:25.411+0000][1][safepoint    ] Leaving safepoint region
[2019-12-09T04:31:25.411+0000][1][safepoint    ] Total time for which application threads were stopped: 0.0000810 seconds, Stopping threads took: 0.0000162 seconds
[2019-12-09T04:31:26.411+0000][1][safepoint    ] Application time: 1.0000766 seconds
[2019-12-09T04:31:26.411+0000][1][safepoint    ] Entering safepoint region: Cleanup
[2019-12-09T04:31:26.411+0000][1][safepoint    ] Leaving safepoint region
[2019-12-09T04:31:26.411+0000][1][safepoint    ] Total time for which application threads were stopped: 0.0000835 seconds, Stopping threads took: 0.0000180 seconds
[2019-12-09T04:31:27.411+0000][1][safepoint    ] Application time: 1.0000752 seconds
[2019-12-09T04:31:27.411+0000][1][safepoint    ] Entering safepoint region: Cleanup
[2019-12-09T04:31:27.411+0000][1][safepoint    ] Leaving safepoint region
[2019-12-09T04:31:27.411+0000][1][safepoint    ] Total time for which application threads were stopped: 0.0000744 seconds, Stopping threads took: 0.0000143 seconds
[2019-12-09T04:31:28.411+0000][1][safepoint    ] Application time: 1.0000766 seconds
[2019-12-09T04:31:28.411+0000][1][safepoint    ] Entering safepoint region: Cleanup
[2019-12-09T04:31:28.411+0000][1][safepoint    ] Leaving safepoint region
[2019-12-09T04:31:28.411+0000][1][safepoint    ] Total time for which application threads were stopped: 0.0000831 seconds, Stopping threads took: 0.0000163 seconds
[2019-12-09T04:31:29.412+0000][1][safepoint    ] Application time: 1.0000747 seconds
[2019-12-09T04:31:29.412+0000][1][safepoint    ] Entering safepoint region: Cleanup
[2019-12-09T04:31:29.412+0000][1][safepoint    ] Leaving safepoint region
[2019-12-09T04:31:29.412+0000][1][safepoint    ] Total time for which application threads were stopped: 0.0000981 seconds, Stopping threads took: 0.0000229 seconds
[2019-12-09T04:31:30.412+0000][1][safepoint    ] Application time: 1.0000765 seconds
[2019-12-09T04:31:30.412+0000][1][safepoint    ] Entering safepoint region: Cleanup
[2019-12-09T04:31:30.412+0000][1][safepoint    ] Leaving safepoint region
[2019-12-09T04:31:30.412+0000][1][safepoint    ] Total time for which application threads were stopped: 0.0000802 seconds, Stopping threads took: 0.0000160 seconds
[2019-12-09T04:31:31.415+0000][1][safepoint    ] Application time: 1.0028077 seconds
[2019-12-09T04:31:31.415+0000][1][safepoint    ] Entering safepoint region: Cleanup
[2019-12-09T04:31:31.415+0000][1][safepoint    ] Leaving safepoint region
[2019-12-09T04:31:31.415+0000][1][safepoint    ] Total time for which application threads were stopped: 0.0001187 seconds, Stopping threads took: 0.0000240 seconds
[2019-12-09T04:31:32.415+0000][1][safepoint    ] Application time: 1.0000751 seconds
[2019-12-09T04:31:32.415+0000][1][safepoint    ] Entering safepoint region: Cleanup
[2019-12-09T04:31:32.415+0000][1][safepoint    ] Leaving safepoint region
[2019-12-09T04:31:32.415+0000][1][safepoint    ] Total time for which application threads were stopped: 0.0000912 seconds, Stopping threads took: 0.0000163 seconds
[2019-12-09T04:31:33.415+0000][1][safepoint    ] Application time: 1.0000757 seconds
[2019-12-09T04:31:33.415+0000][1][safepoint    ] Entering safepoint region: Cleanup
[2019-12-09T04:31:33.415+0000][1][safepoint    ] Leaving safepoint region
[2019-12-09T04:31:33.415+0000][1][safepoint    ] Total time for which application threads were stopped: 0.0000839 seconds, Stopping threads took: 0.0000182 seconds
[2019-12-09T04:31:34.415+0000][1][safepoint    ] Application time: 1.0000780 seconds
[2019-12-09T04:31:34.415+0000][1][safepoint    ] Entering safepoint region: Cleanup
[2019-12-09T04:31:34.415+0000][1][safepoint    ] Leaving safepoint region
[2019-12-09T04:31:34.415+0000][1][safepoint    ] Total time for which application threads were stopped: 0.0000839 seconds, Stopping threads took: 0.0000180 seconds
[2019-12-09T04:31:35.416+0000][1][safepoint    ] Application time: 1.0000792 seconds
[2019-12-09T04:31:35.416+0000][1][safepoint    ] Entering safepoint region: Cleanup
[2019-12-09T04:31:35.416+0000][1][safepoint    ] Leaving safepoint region
[2019-12-09T04:31:35.416+0000][1][safepoint    ] Total time for which application threads were stopped: 0.0000788 seconds, Stopping threads took: 0.0000154 seconds
[2019-12-09T04:31:36.416+0000][1][safepoint    ] Application time: 1.0000756 seconds
[2019-12-09T04:31:36.416+0000][1][safepoint    ] Entering safepoint region: Cleanup
[2019-12-09T04:31:36.416+0000][1][safepoint    ] Leaving safepoint region
[2019-12-09T04:31:36.416+0000][1][safepoint    ] Total time for which application threads were stopped: 0.0000799 seconds, Stopping threads took: 0.0000157 seconds
[2019-12-09T04:31:37.416+0000][1][safepoint    ] Application time: 1.0001016 seconds
[2019-12-09T04:31:37.416+0000][1][safepoint    ] Entering safepoint region: Cleanup
[2019-12-09T04:31:37.416+0000][1][safepoint    ] Leaving safepoint region
[2019-12-09T04:31:37.416+0000][1][safepoint    ] Total time for which application threads were stopped: 0.0000793 seconds, Stopping threads took: 0.0000184 seconds
[2019-12-09T04:31:39.402+0000][1][safepoint    ] Application time: 1.9861350 seconds
[2019-12-09T04:31:39.402+0000][1][safepoint    ] Entering safepoint region: Cleanup
[2019-12-09T04:31:39.402+0000][1][safepoint    ] Leaving safepoint region
[2019-12-09T04:31:39.402+0000][1][safepoint    ] Total time for which application threads were stopped: 0.0000776 seconds, Stopping threads took: 0.0000183 seconds
[2019-12-09T04:31:40.402+0000][1][safepoint    ] Application time: 1.0000759 seconds
[2019-12-09T04:31:40.402+0000][1][safepoint    ] Entering safepoint region: Cleanup
[2019-12-09T04:31:40.402+0000][1][safepoint    ] Leaving safepoint region
[2019-12-09T04:31:40.403+0000][1][safepoint    ] Total time for which application threads were stopped: 0.0000754 seconds, Stopping threads took: 0.0000149 seconds
[2019-12-09T04:31:41.403+0000][1][safepoint    ] Application time: 1.0000738 seconds
[2019-12-09T04:31:41.403+0000][1][safepoint    ] Entering safepoint region: Cleanup
[2019-12-09T04:31:41.403+0000][1][safepoint    ] Leaving safepoint region
[2019-12-09T04:31:41.403+0000][1][safepoint    ] Total time for which application threads were stopped: 0.0000890 seconds, Stopping threads took: 0.0000148 seconds
[2019-12-09T04:31:42.403+0000][1][safepoint    ] Application time: 1.0000755 seconds
[2019-12-09T04:31:42.403+0000][1][safepoint    ] Entering safepoint region: Cleanup
[2019-12-09T04:31:42.403+0000][1][safepoint    ] Leaving safepoint region
[2019-12-09T04:31:42.403+0000][1][safepoint    ] Total time for which application threads were stopped: 0.0000754 seconds, Stopping threads took: 0.0000162 seconds
[2019-12-09T04:31:43.403+0000][1][safepoint    ] Application time: 1.0000749 seconds
[2019-12-09T04:31:43.403+0000][1][safepoint    ] Entering safepoint region: Cleanup
[2019-12-09T04:31:43.403+0000][1][safepoint    ] Leaving safepoint region
[2019-12-09T04:31:43.403+0000][1][safepoint    ] Total time for which application threads were stopped: 0.0000773 seconds, Stopping threads took: 0.0000167 seconds
[2019-12-09T04:31:44.403+0000][1][safepoint    ] Application time: 1.0000747 seconds
[2019-12-09T04:31:44.403+0000][1][safepoint    ] Entering safepoint region: Cleanup
[2019-12-09T04:31:44.403+0000][1][safepoint    ] Leaving safepoint region
[2019-12-09T04:31:44.403+0000][1][safepoint    ] Total time for which application threads were stopped: 0.0000796 seconds, Stopping threads took: 0.0000167 seconds
[2019-12-09T04:31:45.403+0000][1][safepoint    ] Application time: 1.0000746 seconds
[2019-12-09T04:31:45.403+0000][1][safepoint    ] Entering safepoint region: Cleanup
[2019-12-09T04:31:45.403+0000][1][safepoint    ] Leaving safepoint region
[2019-12-09T04:31:45.403+0000][1][safepoint    ] Total time for which application threads were stopped: 0.0000815 seconds, Stopping threads took: 0.0000185 seconds
[2019-12-09T04:31:46.404+0000][1][safepoint    ] Application time: 1.0000741 seconds
[2019-12-09T04:31:46.404+0000][1][safepoint    ] Entering safepoint region: Cleanup
[2019-12-09T04:31:46.404+0000][1][safepoint    ] Leaving safepoint region
[2019-12-09T04:31:46.404+0000][1][safepoint    ] Total time for which application threads were stopped: 0.0000762 seconds, Stopping threads took: 0.0000163 seconds
[2019-12-09T04:31:47.404+0000][1][safepoint    ] Application time: 1.0000771 seconds
[2019-12-09T04:31:47.404+0000][1][safepoint    ] Entering safepoint region: Cleanup
[2019-12-09T04:31:47.404+0000][1][safepoint    ] Leaving safepoint region
[2019-12-09T04:31:47.404+0000][1][safepoint    ] Total time for which application threads were stopped: 0.0000790 seconds, Stopping threads took: 0.0000157 seconds
[2019-12-09T04:31:48.404+0000][1][safepoint    ] Application time: 1.0000776 seconds
[2019-12-09T04:31:48.404+0000][1][safepoint    ] Entering safepoint region: Cleanup
[2019-12-09T04:31:48.404+0000][1][safepoint    ] Leaving safepoint region
[2019-12-09T04:31:48.404+0000][1][safepoint    ] Total time for which application threads were stopped: 0.0000776 seconds, Stopping threads took: 0.0000146 seconds
[2019-12-09T04:31:49.404+0000][1][safepoint    ] Application time: 1.0000738 seconds
[2019-12-09T04:31:49.404+0000][1][safepoint    ] Entering safepoint region: Cleanup
[2019-12-09T04:31:49.404+0000][1][safepoint    ] Leaving safepoint region
[2019-12-09T04:31:49.404+0000][1][safepoint    ] Total time for which application threads were stopped: 0.0000765 seconds, Stopping threads took: 0.0000144 seconds
[2019-12-09T04:31:50.404+0000][1][safepoint    ] Application time: 1.0000761 seconds
[2019-12-09T04:31:50.404+0000][1][safepoint    ] Entering safepoint region: Cleanup
[2019-12-09T04:31:50.404+0000][1][safepoint    ] Leaving safepoint region
[2019-12-09T04:31:50.404+0000][1][safepoint    ] Total time for which application threads were stopped: 0.0000832 seconds, Stopping threads took: 0.0000156 seconds
[2019-12-09T04:31:51.404+0000][1][safepoint    ] Application time: 1.0000772 seconds
[2019-12-09T04:31:51.405+0000][1][safepoint    ] Entering safepoint region: Cleanup
[2019-12-09T04:31:51.405+0000][1][safepoint    ] Leaving safepoint region
[2019-12-09T04:31:51.405+0000][1][safepoint    ] Total time for which application threads were stopped: 0.0000787 seconds, Stopping threads took: 0.0000155 seconds
[2019-12-09T04:31:52.405+0000][1][safepoint    ] Application time: 1.0000751 seconds
[2019-12-09T04:31:52.405+0000][1][safepoint    ] Entering safepoint region: Cleanup
[2019-12-09T04:31:52.405+0000][1][safepoint    ] Leaving safepoint region
[2019-12-09T04:31:52.405+0000][1][safepoint    ] Total time for which application threads were stopped: 0.0000782 seconds, Stopping threads took: 0.0000154 seconds
[2019-12-09T04:31:53.405+0000][1][safepoint    ] Application time: 1.0000810 seconds
[2019-12-09T04:31:53.405+0000][1][safepoint    ] Entering safepoint region: Cleanup
[2019-12-09T04:31:53.405+0000][1][safepoint    ] Leaving safepoint region
[2019-12-09T04:31:53.405+0000][1][safepoint    ] Total time for which application threads were stopped: 0.0000811 seconds, Stopping threads took: 0.0000175 seconds
[2019-12-09T04:31:54.405+0000][1][safepoint    ] Application time: 1.0000728 seconds
[2019-12-09T04:31:54.405+0000][1][safepoint    ] Entering safepoint region: Cleanup
[2019-12-09T04:31:54.405+0000][1][safepoint    ] Leaving safepoint region
[2019-12-09T04:31:54.405+0000][1][safepoint    ] Total time for which application threads were stopped: 0.0000829 seconds, Stopping threads took: 0.0000183 seconds
[2019-12-09T04:31:55.405+0000][1][safepoint    ] Application time: 1.0000746 seconds
[2019-12-09T04:31:55.405+0000][1][safepoint    ] Entering safepoint region: Cleanup
[2019-12-09T04:31:55.405+0000][1][safepoint    ] Leaving safepoint region
[2019-12-09T04:31:55.405+0000][1][safepoint    ] Total time for which application threads were stopped: 0.0001062 seconds, Stopping threads took: 0.0000164 seconds
[2019-12-09T04:31:56.405+0000][1][safepoint    ] Application time: 1.0000765 seconds
[2019-12-09T04:31:56.406+0000][1][safepoint    ] Entering safepoint region: Cleanup
[2019-12-09T04:31:56.406+0000][1][safepoint    ] Leaving safepoint region
[2019-12-09T04:31:56.406+0000][1][safepoint    ] Total time for which application threads were stopped: 0.0000824 seconds, Stopping threads took: 0.0000166 seconds
[2019-12-09T04:31:57.406+0000][1][safepoint    ] Application time: 1.0000763 seconds
[2019-12-09T04:31:57.406+0000][1][safepoint    ] Entering safepoint region: Cleanup
[2019-12-09T04:31:57.406+0000][1][safepoint    ] Leaving safepoint region
[2019-12-09T04:31:57.406+0000][1][safepoint    ] Total time for which application threads were stopped: 0.0000808 seconds, Stopping threads took: 0.0000160 seconds
[2019-12-09T04:31:58.406+0000][1][safepoint    ] Application time: 1.0000799 seconds
[2019-12-09T04:31:58.406+0000][1][safepoint    ] Entering safepoint region: Cleanup
[2019-12-09T04:31:58.406+0000][1][safepoint    ] Leaving safepoint region
[2019-12-09T04:31:58.406+0000][1][safepoint    ] Total time for which application threads were stopped: 0.0001072 seconds, Stopping threads took: 0.0000230 seconds
[2019-12-09T04:31:59.406+0000][1][safepoint    ] Application time: 1.0000778 seconds
[2019-12-09T04:31:59.406+0000][1][safepoint    ] Entering safepoint region: Cleanup
[2019-12-09T04:31:59.406+0000][1][safepoint    ] Leaving safepoint region
[2019-12-09T04:31:59.406+0000][1][safepoint    ] Total time for which application threads were stopped: 0.0000919 seconds, Stopping threads took: 0.0000259 seconds
[2019-12-09T04:32:00.406+0000][1][safepoint    ] Application time: 1.0000761 seconds
[2019-12-09T04:32:00.406+0000][1][safepoint    ] Entering safepoint region: Cleanup
[2019-12-09T04:32:00.406+0000][1][safepoint    ] Leaving safepoint region
[2019-12-09T04:32:00.406+0000][1][safepoint    ] Total time for which application threads were stopped: 0.0000846 seconds, Stopping threads took: 0.0000175 seconds
[2019-12-09T04:32:01.407+0000][1][safepoint    ] Application time: 1.0000760 seconds
[2019-12-09T04:32:01.407+0000][1][safepoint    ] Entering safepoint region: Cleanup
[2019-12-09T04:32:01.407+0000][1][safepoint    ] Leaving safepoint region
[2019-12-09T04:32:01.407+0000][1][safepoint    ] Total time for which application threads were stopped: 0.0000944 seconds, Stopping threads took: 0.0000188 seconds
[2019-12-09T04:32:02.407+0000][1][safepoint    ] Application time: 1.0000765 seconds
[2019-12-09T04:32:02.407+0000][1][safepoint    ] Entering safepoint region: Cleanup
[2019-12-09T04:32:02.407+0000][1][safepoint    ] Leaving safepoint region
[2019-12-09T04:32:02.407+0000][1][safepoint    ] Total time for which application threads were stopped: 0.0000808 seconds, Stopping threads took: 0.0000166 seconds
[2019-12-09T04:32:03.407+0000][1][safepoint    ] Application time: 1.0000823 seconds
[2019-12-09T04:32:03.407+0000][1][safepoint    ] Entering safepoint region: Cleanup
[2019-12-09T04:32:03.407+0000][1][safepoint    ] Leaving safepoint region
[2019-12-09T04:32:03.407+0000][1][safepoint    ] Total time for which application threads were stopped: 0.0001143 seconds, Stopping threads took: 0.0000236 seconds
[2019-12-09T04:32:04.407+0000][1][safepoint    ] Application time: 1.0000592 seconds
[2019-12-09T04:32:04.407+0000][1][safepoint    ] Entering safepoint region: Cleanup
[2019-12-09T04:32:04.407+0000][1][safepoint    ] Leaving safepoint region
[2019-12-09T04:32:04.407+0000][1][safepoint    ] Total time for which application threads were stopped: 0.0000855 seconds, Stopping threads took: 0.0000193 seconds
[2019-12-09T04:32:05.407+0000][1][safepoint    ] Application time: 1.0000744 seconds
[2019-12-09T04:32:05.407+0000][1][safepoint    ] Entering safepoint region: Cleanup
[2019-12-09T04:32:05.408+0000][1][safepoint    ] Leaving safepoint region
[2019-12-09T04:32:05.408+0000][1][safepoint    ] Total time for which application threads were stopped: 0.0000810 seconds, Stopping threads took: 0.0000179 seconds
[2019-12-09T04:32:06.408+0000][1][safepoint    ] Application time: 1.0000747 seconds
[2019-12-09T04:32:06.408+0000][1][safepoint    ] Entering safepoint region: Cleanup
[2019-12-09T04:32:06.408+0000][1][safepoint    ] Leaving safepoint region
[2019-12-09T04:32:06.408+0000][1][safepoint    ] Total time for which application threads were stopped: 0.0000898 seconds, Stopping threads took: 0.0000161 seconds
[2019-12-09T04:32:07.408+0000][1][safepoint    ] Application time: 1.0000576 seconds
[2019-12-09T04:32:07.408+0000][1][safepoint    ] Entering safepoint region: Cleanup
[2019-12-09T04:32:07.408+0000][1][safepoint    ] Leaving safepoint region
[2019-12-09T04:32:07.408+0000][1][safepoint    ] Total time for which application threads were stopped: 0.0000833 seconds, Stopping threads took: 0.0000156 seconds
[2019-12-09T04:32:08.408+0000][1][safepoint    ] Application time: 1.0000790 seconds
[2019-12-09T04:32:08.408+0000][1][safepoint    ] Entering safepoint region: Cleanup
[2019-12-09T04:32:08.408+0000][1][safepoint    ] Leaving safepoint region
[2019-12-09T04:32:08.408+0000][1][safepoint    ] Total time for which application threads were stopped: 0.0001082 seconds, Stopping threads took: 0.0000216 seconds
[2019-12-09T04:32:09.408+0000][1][safepoint    ] Application time: 1.0000776 seconds
[2019-12-09T04:32:09.408+0000][1][safepoint    ] Entering safepoint region: Cleanup
[2019-12-09T04:32:09.408+0000][1][safepoint    ] Leaving safepoint region
[2019-12-09T04:32:09.408+0000][1][safepoint    ] Total time for which application threads were stopped: 0.0000823 seconds, Stopping threads took: 0.0000157 seconds
[2019-12-09T04:32:10.408+0000][1][safepoint    ] Application time: 1.0000758 seconds
[2019-12-09T04:32:10.409+0000][1][safepoint    ] Entering safepoint region: Cleanup
[2019-12-09T04:32:10.409+0000][1][safepoint    ] Leaving safepoint region
[2019-12-09T04:32:10.409+0000][1][safepoint    ] Total time for which application threads were stopped: 0.0000821 seconds, Stopping threads took: 0.0000173 seconds
[2019-12-09T04:32:11.409+0000][1][safepoint    ] Application time: 1.0000758 seconds
[2019-12-09T04:32:11.409+0000][1][safepoint    ] Entering safepoint region: Cleanup
[2019-12-09T04:32:11.409+0000][1][safepoint    ] Leaving safepoint region
[2019-12-09T04:32:11.409+0000][1][safepoint    ] Total time for which application threads were stopped: 0.0000801 seconds, Stopping threads took: 0.0000157 seconds
[2019-12-09T04:32:12.409+0000][1][safepoint    ] Application time: 1.0000749 seconds
[2019-12-09T04:32:12.409+0000][1][safepoint    ] Entering safepoint region: Cleanup
[2019-12-09T04:32:12.409+0000][1][safepoint    ] Leaving safepoint region
[2019-12-09T04:32:12.409+0000][1][safepoint    ] Total time for which application threads were stopped: 0.0000785 seconds, Stopping threads took: 0.0000160 seconds
[2019-12-09T04:32:13.409+0000][1][safepoint    ] Application time: 1.0000860 seconds
[2019-12-09T04:32:13.409+0000][1][safepoint    ] Entering safepoint region: Cleanup
[2019-12-09T04:32:13.409+0000][1][safepoint    ] Leaving safepoint region
[2019-12-09T04:32:13.409+0000][1][safepoint    ] Total time for which application threads were stopped: 0.0001138 seconds, Stopping threads took: 0.0000258 seconds
[2019-12-09T04:32:14.409+0000][1][safepoint    ] Application time: 1.0000762 seconds
[2019-12-09T04:32:14.409+0000][1][safepoint    ] Entering safepoint region: Cleanup
[2019-12-09T04:32:14.409+0000][1][safepoint    ] Leaving safepoint region
[2019-12-09T04:32:14.409+0000][1][safepoint    ] Total time for which application threads were stopped: 0.0000827 seconds, Stopping threads took: 0.0000196 seconds
[2019-12-09T04:32:15.410+0000][1][safepoint    ] Application time: 1.0000748 seconds
[2019-12-09T04:32:15.410+0000][1][safepoint    ] Entering safepoint region: Cleanup
[2019-12-09T04:32:15.410+0000][1][safepoint    ] Leaving safepoint region
[2019-12-09T04:32:15.410+0000][1][safepoint    ] Total time for which application threads were stopped: 0.0000804 seconds, Stopping threads took: 0.0000166 seconds
[2019-12-09T04:32:16.410+0000][1][safepoint    ] Application time: 1.0000749 seconds
[2019-12-09T04:32:16.410+0000][1][safepoint    ] Entering safepoint region: Cleanup
[2019-12-09T04:32:16.410+0000][1][safepoint    ] Leaving safepoint region
[2019-12-09T04:32:16.410+0000][1][safepoint    ] Total time for which application threads were stopped: 0.0000808 seconds, Stopping threads took: 0.0000169 seconds
[2019-12-09T04:32:17.403+0000][1][safepoint    ] Application time: 0.9935996 seconds
[2019-12-09T04:32:17.403+0000][1][safepoint    ] Entering safepoint region: GenCollectForAllocation
[2019-12-09T04:32:17.404+0000][1][gc,start     ] GC(70) Pause Young (Allocation Failure)
[2019-12-09T04:32:17.404+0000][1][gc,task      ] GC(70) Using 2 workers of 2 for evacuation
[2019-12-09T04:32:17.405+0000][1][gc,age       ] GC(70) Desired survivor size 4456448 bytes, new threshold 6 (max threshold 6)
[2019-12-09T04:32:17.405+0000][1][gc,age       ] GC(70) Age table with threshold 6 (max threshold 6)
[2019-12-09T04:32:17.405+0000][1][gc,age       ] GC(70) - age   1:       8296 bytes,       8296 total
[2019-12-09T04:32:17.405+0000][1][gc,age       ] GC(70) - age   2:      17136 bytes,      25432 total
[2019-12-09T04:32:17.405+0000][1][gc,age       ] GC(70) - age   3:        728 bytes,      26160 total
[2019-12-09T04:32:17.405+0000][1][gc,age       ] GC(70) - age   4:        160 bytes,      26320 total
[2019-12-09T04:32:17.405+0000][1][gc,age       ] GC(70) - age   5:        168 bytes,      26488 total
[2019-12-09T04:32:17.405+0000][1][gc,age       ] GC(70) - age   6:       5808 bytes,      32296 total
[2019-12-09T04:32:17.405+0000][1][gc,heap      ] GC(70) ParNew: 70008K->37K(78656K)
[2019-12-09T04:32:17.405+0000][1][gc,heap      ] GC(70) CMS: 119388K->119399K(174784K)
[2019-12-09T04:32:17.405+0000][1][gc,metaspace ] GC(70) Metaspace: 83614K->83614K(1126400K)
[2019-12-09T04:32:17.405+0000][1][gc           ] GC(70) Pause Young (Allocation Failure) 184M->116M(247M) 1.860ms
[2019-12-09T04:32:17.405+0000][1][gc,cpu       ] GC(70) User=0.01s Sys=0.00s Real=0.01s
[2019-12-09T04:32:17.405+0000][1][safepoint    ] Leaving safepoint region
[2019-12-09T04:32:17.405+0000][1][safepoint    ] Total time for which application threads were stopped: 0.0020163 seconds, Stopping threads took: 0.0000179 seconds
[2019-12-09T04:32:18.406+0000][1][safepoint    ] Application time: 1.0000920 seconds
[2019-12-09T04:32:18.406+0000][1][safepoint    ] Entering safepoint region: Cleanup
[2019-12-09T04:32:18.406+0000][1][safepoint    ] Leaving safepoint region
[2019-12-09T04:32:18.406+0000][1][safepoint    ] Total time for which application threads were stopped: 0.0000954 seconds, Stopping threads took: 0.0000173 seconds
[2019-12-09T04:32:19.406+0000][1][safepoint    ] Application time: 1.0000750 seconds
[2019-12-09T04:32:19.406+0000][1][safepoint    ] Entering safepoint region: Cleanup
[2019-12-09T04:32:19.406+0000][1][safepoint    ] Leaving safepoint region
[2019-12-09T04:32:19.406+0000][1][safepoint    ] Total time for which application threads were stopped: 0.0000859 seconds, Stopping threads took: 0.0000178 seconds
[2019-12-09T04:32:20.406+0000][1][safepoint    ] Application time: 1.0000749 seconds
[2019-12-09T04:32:20.406+0000][1][safepoint    ] Entering safepoint region: Cleanup
[2019-12-09T04:32:20.406+0000][1][safepoint    ] Leaving safepoint region
[2019-12-09T04:32:20.406+0000][1][safepoint    ] Total time for which application threads were stopped: 0.0000859 seconds, Stopping threads took: 0.0000188 seconds
[2019-12-09T04:32:21.406+0000][1][safepoint    ] Application time: 1.0000758 seconds
[2019-12-09T04:32:21.406+0000][1][safepoint    ] Entering safepoint region: Cleanup
[2019-12-09T04:32:21.406+0000][1][safepoint    ] Leaving safepoint region
[2019-12-09T04:32:21.406+0000][1][safepoint    ] Total time for which application threads were stopped: 0.0000857 seconds, Stopping threads took: 0.0000180 seconds
[2019-12-09T04:32:22.406+0000][1][safepoint    ] Application time: 1.0000776 seconds
[2019-12-09T04:32:22.406+0000][1][safepoint    ] Entering safepoint region: Cleanup
[2019-12-09T04:32:22.407+0000][1][safepoint    ] Leaving safepoint region
[2019-12-09T04:32:22.407+0000][1][safepoint    ] Total time for which application threads were stopped: 0.0000999 seconds, Stopping threads took: 0.0000246 seconds
[2019-12-09T04:32:23.407+0000][1][safepoint    ] Application time: 1.0000794 seconds
[2019-12-09T04:32:23.407+0000][1][safepoint    ] Entering safepoint region: Cleanup
[2019-12-09T04:32:23.407+0000][1][safepoint    ] Leaving safepoint region
[2019-12-09T04:32:23.407+0000][1][safepoint    ] Total time for which application threads were stopped: 0.0000988 seconds, Stopping threads took: 0.0000318 seconds
[2019-12-09T04:32:24.407+0000][1][safepoint    ] Application time: 1.0000759 seconds
[2019-12-09T04:32:24.407+0000][1][safepoint    ] Entering safepoint region: Cleanup
[2019-12-09T04:32:24.407+0000][1][safepoint    ] Leaving safepoint region
[2019-12-09T04:32:24.407+0000][1][safepoint    ] Total time for which application threads were stopped: 0.0000851 seconds, Stopping threads took: 0.0000178 seconds
[2019-12-09T04:32:25.407+0000][1][safepoint    ] Application time: 1.0000760 seconds
[2019-12-09T04:32:25.407+0000][1][safepoint    ] Entering safepoint region: Cleanup
[2019-12-09T04:32:25.407+0000][1][safepoint    ] Leaving safepoint region
[2019-12-09T04:32:25.407+0000][1][safepoint    ] Total time for which application threads were stopped: 0.0000877 seconds, Stopping threads took: 0.0000202 seconds
[2019-12-09T04:32:26.407+0000][1][safepoint    ] Application time: 1.0000769 seconds
[2019-12-09T04:32:26.407+0000][1][safepoint    ] Entering safepoint region: Cleanup
[2019-12-09T04:32:26.407+0000][1][safepoint    ] Leaving safepoint region
[2019-12-09T04:32:26.407+0000][1][safepoint    ] Total time for which application threads were stopped: 0.0000941 seconds, Stopping threads took: 0.0000233 seconds
[2019-12-09T04:32:27.407+0000][1][safepoint    ] Application time: 1.0000746 seconds
[2019-12-09T04:32:27.408+0000][1][safepoint    ] Entering safepoint region: Cleanup
[2019-12-09T04:32:27.408+0000][1][safepoint    ] Leaving safepoint region
[2019-12-09T04:32:27.408+0000][1][safepoint    ] Total time for which application threads were stopped: 0.0000854 seconds, Stopping threads took: 0.0000180 seconds
[2019-12-09T04:32:28.408+0000][1][safepoint    ] Application time: 1.0000761 seconds
[2019-12-09T04:32:28.408+0000][1][safepoint    ] Entering safepoint region: Cleanup
[2019-12-09T04:32:28.408+0000][1][safepoint    ] Leaving safepoint region
[2019-12-09T04:32:28.408+0000][1][safepoint    ] Total time for which application threads were stopped: 0.0000861 seconds, Stopping threads took: 0.0000189 seconds
[2019-12-09T04:32:29.408+0000][1][safepoint    ] Application time: 1.0000757 seconds
[2019-12-09T04:32:29.408+0000][1][safepoint    ] Entering safepoint region: Cleanup
[2019-12-09T04:32:29.408+0000][1][safepoint    ] Leaving safepoint region
[2019-12-09T04:32:29.408+0000][1][safepoint    ] Total time for which application threads were stopped: 0.0000927 seconds, Stopping threads took: 0.0000268 seconds
[2019-12-09T04:32:30.408+0000][1][safepoint    ] Application time: 1.0000753 seconds
[2019-12-09T04:32:30.408+0000][1][safepoint    ] Entering safepoint region: Cleanup
[2019-12-09T04:32:30.408+0000][1][safepoint    ] Leaving safepoint region
[2019-12-09T04:32:30.408+0000][1][safepoint    ] Total time for which application threads were stopped: 0.0000919 seconds, Stopping threads took: 0.0000187 seconds
[2019-12-09T04:32:31.408+0000][1][safepoint    ] Application time: 1.0000753 seconds
[2019-12-09T04:32:31.408+0000][1][safepoint    ] Entering safepoint region: Cleanup
[2019-12-09T04:32:31.408+0000][1][safepoint    ] Leaving safepoint region
[2019-12-09T04:32:31.408+0000][1][safepoint    ] Total time for which application threads were stopped: 0.0000871 seconds, Stopping threads took: 0.0000187 seconds
[2019-12-09T04:32:32.409+0000][1][safepoint    ] Application time: 1.0000748 seconds
[2019-12-09T04:32:32.409+0000][1][safepoint    ] Entering safepoint region: Cleanup
[2019-12-09T04:32:32.409+0000][1][safepoint    ] Leaving safepoint region
[2019-12-09T04:32:32.409+0000][1][safepoint    ] Total time for which application threads were stopped: 0.0000906 seconds, Stopping threads took: 0.0000193 seconds
[2019-12-09T04:32:33.409+0000][1][safepoint    ] Application time: 1.0000747 seconds
[2019-12-09T04:32:33.409+0000][1][safepoint    ] Entering safepoint region: Cleanup
[2019-12-09T04:32:33.409+0000][1][safepoint    ] Leaving safepoint region
[2019-12-09T04:32:33.409+0000][1][safepoint    ] Total time for which application threads were stopped: 0.0000835 seconds, Stopping threads took: 0.0000176 seconds
[2019-12-09T04:32:34.409+0000][1][safepoint    ] Application time: 1.0000761 seconds
[2019-12-09T04:32:34.409+0000][1][safepoint    ] Entering safepoint region: Cleanup
[2019-12-09T04:32:34.409+0000][1][safepoint    ] Leaving safepoint region
[2019-12-09T04:32:34.409+0000][1][safepoint    ] Total time for which application threads were stopped: 0.0000857 seconds, Stopping threads took: 0.0000184 seconds
[2019-12-09T04:32:35.409+0000][1][safepoint    ] Application time: 1.0000744 seconds
[2019-12-09T04:32:35.409+0000][1][safepoint    ] Entering safepoint region: Cleanup
[2019-12-09T04:32:35.409+0000][1][safepoint    ] Leaving safepoint region
[2019-12-09T04:32:35.409+0000][1][safepoint    ] Total time for which application threads were stopped: 0.0000858 seconds, Stopping threads took: 0.0000182 seconds
[2019-12-09T04:32:36.409+0000][1][safepoint    ] Application time: 1.0000758 seconds
[2019-12-09T04:32:36.409+0000][1][safepoint    ] Entering safepoint region: Cleanup
[2019-12-09T04:32:36.409+0000][1][safepoint    ] Leaving safepoint region
[2019-12-09T04:32:36.409+0000][1][safepoint    ] Total time for which application threads were stopped: 0.0000934 seconds, Stopping threads took: 0.0000259 seconds
[2019-12-09T04:32:37.410+0000][1][safepoint    ] Application time: 1.0000769 seconds
[2019-12-09T04:32:37.410+0000][1][safepoint    ] Entering safepoint region: Cleanup
[2019-12-09T04:32:37.410+0000][1][safepoint    ] Leaving safepoint region
[2019-12-09T04:32:37.410+0000][1][safepoint    ] Total time for which application threads were stopped: 0.0000900 seconds, Stopping threads took: 0.0000213 seconds
[2019-12-09T04:32:38.410+0000][1][safepoint    ] Application time: 1.0000350 seconds
[2019-12-09T04:32:38.410+0000][1][safepoint    ] Entering safepoint region: Cleanup
[2019-12-09T04:32:38.410+0000][1][safepoint    ] Leaving safepoint region
[2019-12-09T04:32:38.410+0000][1][safepoint    ] Total time for which application threads were stopped: 0.0001165 seconds, Stopping threads took: 0.0000240 seconds
[2019-12-09T04:32:39.410+0000][1][safepoint    ] Application time: 1.0000745 seconds
[2019-12-09T04:32:39.410+0000][1][safepoint    ] Entering safepoint region: Cleanup
[2019-12-09T04:32:39.410+0000][1][safepoint    ] Leaving safepoint region
[2019-12-09T04:32:39.410+0000][1][safepoint    ] Total time for which application threads were stopped: 0.0000864 seconds, Stopping threads took: 0.0000186 seconds
[2019-12-09T04:32:40.410+0000][1][safepoint    ] Application time: 1.0000743 seconds
[2019-12-09T04:32:40.410+0000][1][safepoint    ] Entering safepoint region: Cleanup
[2019-12-09T04:32:40.410+0000][1][safepoint    ] Leaving safepoint region
[2019-12-09T04:32:40.410+0000][1][safepoint    ] Total time for which application threads were stopped: 0.0000827 seconds, Stopping threads took: 0.0000187 seconds
[2019-12-09T04:32:41.410+0000][1][safepoint    ] Application time: 1.0000942 seconds
[2019-12-09T04:32:41.410+0000][1][safepoint    ] Entering safepoint region: Cleanup
[2019-12-09T04:32:41.410+0000][1][safepoint    ] Leaving safepoint region
[2019-12-09T04:32:41.411+0000][1][safepoint    ] Total time for which application threads were stopped: 0.0001143 seconds, Stopping threads took: 0.0000238 seconds
[2019-12-09T04:32:42.411+0000][1][safepoint    ] Application time: 1.0000769 seconds
[2019-12-09T04:32:42.411+0000][1][safepoint    ] Entering safepoint region: Cleanup
[2019-12-09T04:32:42.411+0000][1][safepoint    ] Leaving safepoint region
[2019-12-09T04:32:42.411+0000][1][safepoint    ] Total time for which application threads were stopped: 0.0000940 seconds, Stopping threads took: 0.0000179 seconds
[2019-12-09T04:32:43.411+0000][1][safepoint    ] Application time: 1.0000798 seconds
[2019-12-09T04:32:43.411+0000][1][safepoint    ] Entering safepoint region: Cleanup
[2019-12-09T04:32:43.411+0000][1][safepoint    ] Leaving safepoint region
[2019-12-09T04:32:43.411+0000][1][safepoint    ] Total time for which application threads were stopped: 0.0000798 seconds, Stopping threads took: 0.0000168 seconds
[2019-12-09T04:32:44.411+0000][1][safepoint    ] Application time: 1.0000756 seconds
[2019-12-09T04:32:44.411+0000][1][safepoint    ] Entering safepoint region: Cleanup
[2019-12-09T04:32:44.411+0000][1][safepoint    ] Leaving safepoint region
[2019-12-09T04:32:44.411+0000][1][safepoint    ] Total time for which application threads were stopped: 0.0000851 seconds, Stopping threads took: 0.0000186 seconds
[2019-12-09T04:32:45.411+0000][1][safepoint    ] Application time: 1.0000610 seconds
[2019-12-09T04:32:45.411+0000][1][safepoint    ] Entering safepoint region: Cleanup
[2019-12-09T04:32:45.411+0000][1][safepoint    ] Leaving safepoint region
[2019-12-09T04:32:45.411+0000][1][safepoint    ] Total time for which application threads were stopped: 0.0000838 seconds, Stopping threads took: 0.0000174 seconds
[2019-12-09T04:32:46.411+0000][1][safepoint    ] Application time: 1.0000782 seconds
[2019-12-09T04:32:46.411+0000][1][safepoint    ] Entering safepoint region: Cleanup
[2019-12-09T04:32:46.411+0000][1][safepoint    ] Leaving safepoint region
[2019-12-09T04:32:46.411+0000][1][safepoint    ] Total time for which application threads were stopped: 0.0000890 seconds, Stopping threads took: 0.0000233 seconds
[2019-12-09T04:32:47.412+0000][1][safepoint    ] Application time: 1.0000760 seconds
[2019-12-09T04:32:47.412+0000][1][safepoint    ] Entering safepoint region: Cleanup
[2019-12-09T04:32:47.412+0000][1][safepoint    ] Leaving safepoint region
[2019-12-09T04:32:47.412+0000][1][safepoint    ] Total time for which application threads were stopped: 0.0000815 seconds, Stopping threads took: 0.0000176 seconds
[2019-12-09T04:32:48.412+0000][1][safepoint    ] Application time: 1.0000807 seconds
[2019-12-09T04:32:48.412+0000][1][safepoint    ] Entering safepoint region: Cleanup
[2019-12-09T04:32:48.412+0000][1][safepoint    ] Leaving safepoint region
[2019-12-09T04:32:48.412+0000][1][safepoint    ] Total time for which application threads were stopped: 0.0000824 seconds, Stopping threads took: 0.0000176 seconds
[2019-12-09T04:32:49.412+0000][1][safepoint    ] Application time: 1.0000790 seconds
[2019-12-09T04:32:49.412+0000][1][safepoint    ] Entering safepoint region: Cleanup
[2019-12-09T04:32:49.412+0000][1][safepoint    ] Leaving safepoint region
[2019-12-09T04:32:49.412+0000][1][safepoint    ] Total time for which application threads were stopped: 0.0000796 seconds, Stopping threads took: 0.0000170 seconds
[2019-12-09T04:32:50.412+0000][1][safepoint    ] Application time: 1.0000775 seconds
[2019-12-09T04:32:50.412+0000][1][safepoint    ] Entering safepoint region: Cleanup
[2019-12-09T04:32:50.412+0000][1][safepoint    ] Leaving safepoint region
[2019-12-09T04:32:50.412+0000][1][safepoint    ] Total time for which application threads were stopped: 0.0000845 seconds, Stopping threads took: 0.0000185 seconds
[2019-12-09T04:32:51.412+0000][1][safepoint    ] Application time: 1.0000869 seconds
[2019-12-09T04:32:51.412+0000][1][safepoint    ] Entering safepoint region: Cleanup
[2019-12-09T04:32:51.412+0000][1][safepoint    ] Leaving safepoint region
[2019-12-09T04:32:51.412+0000][1][safepoint    ] Total time for which application threads were stopped: 0.0001143 seconds, Stopping threads took: 0.0000236 seconds
[2019-12-09T04:32:52.413+0000][1][safepoint    ] Application time: 1.0000777 seconds
[2019-12-09T04:32:52.413+0000][1][safepoint    ] Entering safepoint region: Cleanup
[2019-12-09T04:32:52.413+0000][1][safepoint    ] Leaving safepoint region
[2019-12-09T04:32:52.413+0000][1][safepoint    ] Total time for which application threads were stopped: 0.0000919 seconds, Stopping threads took: 0.0000180 seconds
[2019-12-09T04:32:53.413+0000][1][safepoint    ] Application time: 1.0000753 seconds
[2019-12-09T04:32:53.413+0000][1][safepoint    ] Entering safepoint region: Cleanup
[2019-12-09T04:32:53.413+0000][1][safepoint    ] Leaving safepoint region
[2019-12-09T04:32:53.413+0000][1][safepoint    ] Total time for which application threads were stopped: 0.0001069 seconds, Stopping threads took: 0.0000290 seconds
[2019-12-09T04:32:54.413+0000][1][safepoint    ] Application time: 1.0000764 seconds
[2019-12-09T04:32:54.413+0000][1][safepoint    ] Entering safepoint region: Cleanup
[2019-12-09T04:32:54.413+0000][1][safepoint    ] Leaving safepoint region
[2019-12-09T04:32:54.413+0000][1][safepoint    ] Total time for which application threads were stopped: 0.0000802 seconds, Stopping threads took: 0.0000165 seconds
[2019-12-09T04:32:55.413+0000][1][safepoint    ] Application time: 1.0000783 seconds
[2019-12-09T04:32:55.413+0000][1][safepoint    ] Entering safepoint region: Cleanup
[2019-12-09T04:32:55.413+0000][1][safepoint    ] Leaving safepoint region
[2019-12-09T04:32:55.413+0000][1][safepoint    ] Total time for which application threads were stopped: 0.0000838 seconds, Stopping threads took: 0.0000181 seconds
[2019-12-09T04:32:56.413+0000][1][safepoint    ] Application time: 1.0000775 seconds
[2019-12-09T04:32:56.413+0000][1][safepoint    ] Entering safepoint region: Cleanup
[2019-12-09T04:32:56.413+0000][1][safepoint    ] Leaving safepoint region
[2019-12-09T04:32:56.413+0000][1][safepoint    ] Total time for which application threads were stopped: 0.0000863 seconds, Stopping threads took: 0.0000171 seconds
[2019-12-09T04:32:57.414+0000][1][safepoint    ] Application time: 1.0000761 seconds
[2019-12-09T04:32:57.414+0000][1][safepoint    ] Entering safepoint region: Cleanup
[2019-12-09T04:32:57.414+0000][1][safepoint    ] Leaving safepoint region
[2019-12-09T04:32:57.414+0000][1][safepoint    ] Total time for which application threads were stopped: 0.0000817 seconds, Stopping threads took: 0.0000185 seconds
[2019-12-09T04:32:58.414+0000][1][safepoint    ] Application time: 1.0000896 seconds
[2019-12-09T04:32:58.414+0000][1][safepoint    ] Entering safepoint region: Cleanup
[2019-12-09T04:32:58.414+0000][1][safepoint    ] Leaving safepoint region
[2019-12-09T04:32:58.414+0000][1][safepoint    ] Total time for which application threads were stopped: 0.0000805 seconds, Stopping threads took: 0.0000166 seconds
[2019-12-09T04:32:59.414+0000][1][safepoint    ] Application time: 1.0000769 seconds
[2019-12-09T04:32:59.414+0000][1][safepoint    ] Entering safepoint region: Cleanup
[2019-12-09T04:32:59.414+0000][1][safepoint    ] Leaving safepoint region
[2019-12-09T04:32:59.414+0000][1][safepoint    ] Total time for which application threads were stopped: 0.0000866 seconds, Stopping threads took: 0.0000239 seconds
[2019-12-09T04:33:00.414+0000][1][safepoint    ] Application time: 1.0000763 seconds
[2019-12-09T04:33:00.414+0000][1][safepoint    ] Entering safepoint region: Cleanup
[2019-12-09T04:33:00.414+0000][1][safepoint    ] Leaving safepoint region
[2019-12-09T04:33:00.414+0000][1][safepoint    ] Total time for which application threads were stopped: 0.0000897 seconds, Stopping threads took: 0.0000210 seconds
[2019-12-09T04:33:01.415+0000][1][safepoint    ] Application time: 1.0004435 seconds
[2019-12-09T04:33:01.415+0000][1][safepoint    ] Entering safepoint region: Cleanup
[2019-12-09T04:33:01.415+0000][1][safepoint    ] Leaving safepoint region
[2019-12-09T04:33:01.415+0000][1][safepoint    ] Total time for which application threads were stopped: 0.0001100 seconds, Stopping threads took: 0.0000221 seconds
[2019-12-09T04:33:02.415+0000][1][safepoint    ] Application time: 1.0000782 seconds
[2019-12-09T04:33:02.415+0000][1][safepoint    ] Entering safepoint region: Cleanup
[2019-12-09T04:33:02.415+0000][1][safepoint    ] Leaving safepoint region
[2019-12-09T04:33:02.415+0000][1][safepoint    ] Total time for which application threads were stopped: 0.0000814 seconds, Stopping threads took: 0.0000173 seconds
[2019-12-09T04:33:03.415+0000][1][safepoint    ] Application time: 1.0000765 seconds
[2019-12-09T04:33:03.415+0000][1][safepoint    ] Entering safepoint region: Cleanup
[2019-12-09T04:33:03.415+0000][1][safepoint    ] Leaving safepoint region
[2019-12-09T04:33:03.415+0000][1][safepoint    ] Total time for which application threads were stopped: 0.0000834 seconds, Stopping threads took: 0.0000191 seconds
[2019-12-09T04:33:04.415+0000][1][safepoint    ] Application time: 1.0000759 seconds
[2019-12-09T04:33:04.415+0000][1][safepoint    ] Entering safepoint region: Cleanup
[2019-12-09T04:33:04.415+0000][1][safepoint    ] Leaving safepoint region
[2019-12-09T04:33:04.415+0000][1][safepoint    ] Total time for which application threads were stopped: 0.0000806 seconds, Stopping threads took: 0.0000169 seconds
[2019-12-09T04:33:05.416+0000][1][safepoint    ] Application time: 1.0000775 seconds
[2019-12-09T04:33:05.416+0000][1][safepoint    ] Entering safepoint region: Cleanup
[2019-12-09T04:33:05.416+0000][1][safepoint    ] Leaving safepoint region
[2019-12-09T04:33:05.416+0000][1][safepoint    ] Total time for which application threads were stopped: 0.0000863 seconds, Stopping threads took: 0.0000193 seconds
[2019-12-09T04:33:06.416+0000][1][safepoint    ] Application time: 1.0000831 seconds
[2019-12-09T04:33:06.416+0000][1][safepoint    ] Entering safepoint region: Cleanup
[2019-12-09T04:33:06.416+0000][1][safepoint    ] Leaving safepoint region
[2019-12-09T04:33:06.416+0000][1][safepoint    ] Total time for which application threads were stopped: 0.0000872 seconds, Stopping threads took: 0.0000195 seconds
[2019-12-09T04:33:07.416+0000][1][safepoint    ] Application time: 1.0000769 seconds
[2019-12-09T04:33:07.416+0000][1][safepoint    ] Entering safepoint region: Cleanup
[2019-12-09T04:33:07.416+0000][1][safepoint    ] Leaving safepoint region
[2019-12-09T04:33:07.416+0000][1][safepoint    ] Total time for which application threads were stopped: 0.0000813 seconds, Stopping threads took: 0.0000173 seconds
[2019-12-09T04:33:08.416+0000][1][safepoint    ] Application time: 1.0000764 seconds
[2019-12-09T04:33:08.416+0000][1][safepoint    ] Entering safepoint region: Cleanup
[2019-12-09T04:33:08.416+0000][1][safepoint    ] Leaving safepoint region
[2019-12-09T04:33:08.416+0000][1][safepoint    ] Total time for which application threads were stopped: 0.0000807 seconds, Stopping threads took: 0.0000168 seconds
[2019-12-09T04:33:09.416+0000][1][safepoint    ] Application time: 1.0000743 seconds
[2019-12-09T04:33:09.416+0000][1][safepoint    ] Entering safepoint region: Cleanup
[2019-12-09T04:33:09.416+0000][1][safepoint    ] Leaving safepoint region
[2019-12-09T04:33:09.416+0000][1][safepoint    ] Total time for which application threads were stopped: 0.0000861 seconds, Stopping threads took: 0.0000227 seconds
[2019-12-09T04:33:10.416+0000][1][safepoint    ] Application time: 1.0000764 seconds
[2019-12-09T04:33:10.417+0000][1][safepoint    ] Entering safepoint region: Cleanup
[2019-12-09T04:33:10.417+0000][1][safepoint    ] Leaving safepoint region
[2019-12-09T04:33:10.417+0000][1][safepoint    ] Total time for which application threads were stopped: 0.0000784 seconds, Stopping threads took: 0.0000165 seconds
[2019-12-09T04:33:11.418+0000][1][safepoint    ] Application time: 1.0011254 seconds
[2019-12-09T04:33:11.418+0000][1][safepoint    ] Entering safepoint region: Cleanup
[2019-12-09T04:33:11.418+0000][1][safepoint    ] Leaving safepoint region
[2019-12-09T04:33:11.418+0000][1][safepoint    ] Total time for which application threads were stopped: 0.0001166 seconds, Stopping threads took: 0.0000257 seconds
[2019-12-09T04:33:12.418+0000][1][safepoint    ] Application time: 1.0000787 seconds
[2019-12-09T04:33:12.418+0000][1][safepoint    ] Entering safepoint region: Cleanup
[2019-12-09T04:33:12.418+0000][1][safepoint    ] Leaving safepoint region
[2019-12-09T04:33:12.418+0000][1][safepoint    ] Total time for which application threads were stopped: 0.0000811 seconds, Stopping threads took: 0.0000179 seconds
[2019-12-09T04:33:13.418+0000][1][safepoint    ] Application time: 1.0000755 seconds
[2019-12-09T04:33:13.418+0000][1][safepoint    ] Entering safepoint region: Cleanup
[2019-12-09T04:33:13.418+0000][1][safepoint    ] Leaving safepoint region
[2019-12-09T04:33:13.418+0000][1][safepoint    ] Total time for which application threads were stopped: 0.0000827 seconds, Stopping threads took: 0.0000184 seconds
[2019-12-09T04:33:15.373+0000][1][safepoint    ] Application time: 1.9546430 seconds
[2019-12-09T04:33:15.373+0000][1][safepoint    ] Entering safepoint region: Cleanup
[2019-12-09T04:33:15.373+0000][1][safepoint    ] Leaving safepoint region
[2019-12-09T04:33:15.373+0000][1][safepoint    ] Total time for which application threads were stopped: 0.0000865 seconds, Stopping threads took: 0.0000203 seconds
[2019-12-09T04:33:16.373+0000][1][safepoint    ] Application time: 1.0000763 seconds
[2019-12-09T04:33:16.373+0000][1][safepoint    ] Entering safepoint region: Cleanup
[2019-12-09T04:33:16.373+0000][1][safepoint    ] Leaving safepoint region
[2019-12-09T04:33:16.373+0000][1][safepoint    ] Total time for which application threads were stopped: 0.0000844 seconds, Stopping threads took: 0.0000180 seconds
[2019-12-09T04:33:17.373+0000][1][safepoint    ] Application time: 1.0000747 seconds
[2019-12-09T04:33:17.373+0000][1][safepoint    ] Entering safepoint region: Cleanup
[2019-12-09T04:33:17.373+0000][1][safepoint    ] Leaving safepoint region
[2019-12-09T04:33:17.373+0000][1][safepoint    ] Total time for which application threads were stopped: 0.0000896 seconds, Stopping threads took: 0.0000176 seconds
[2019-12-09T04:33:18.374+0000][1][safepoint    ] Application time: 1.0000780 seconds
[2019-12-09T04:33:18.374+0000][1][safepoint    ] Entering safepoint region: Cleanup
[2019-12-09T04:33:18.374+0000][1][safepoint    ] Leaving safepoint region
[2019-12-09T04:33:18.374+0000][1][safepoint    ] Total time for which application threads were stopped: 0.0000855 seconds, Stopping threads took: 0.0000187 seconds
[2019-12-09T04:33:19.374+0000][1][safepoint    ] Application time: 1.0000767 seconds
[2019-12-09T04:33:19.374+0000][1][safepoint    ] Entering safepoint region: Cleanup
[2019-12-09T04:33:19.374+0000][1][safepoint    ] Leaving safepoint region
[2019-12-09T04:33:19.374+0000][1][safepoint    ] Total time for which application threads were stopped: 0.0000837 seconds, Stopping threads took: 0.0000174 seconds
[2019-12-09T04:33:20.374+0000][1][safepoint    ] Application time: 1.0000741 seconds
[2019-12-09T04:33:20.374+0000][1][safepoint    ] Entering safepoint region: Cleanup
[2019-12-09T04:33:20.374+0000][1][safepoint    ] Leaving safepoint region
[2019-12-09T04:33:20.374+0000][1][safepoint    ] Total time for which application threads were stopped: 0.0000887 seconds, Stopping threads took: 0.0000200 seconds
[2019-12-09T04:33:21.374+0000][1][safepoint    ] Application time: 1.0000739 seconds
[2019-12-09T04:33:21.374+0000][1][safepoint    ] Entering safepoint region: Cleanup
[2019-12-09T04:33:21.374+0000][1][safepoint    ] Leaving safepoint region
[2019-12-09T04:33:21.374+0000][1][safepoint    ] Total time for which application threads were stopped: 0.0000807 seconds, Stopping threads took: 0.0000168 seconds
[2019-12-09T04:33:22.374+0000][1][safepoint    ] Application time: 1.0000808 seconds
[2019-12-09T04:33:22.374+0000][1][safepoint    ] Entering safepoint region: Cleanup
[2019-12-09T04:33:22.374+0000][1][safepoint    ] Leaving safepoint region
[2019-12-09T04:33:22.374+0000][1][safepoint    ] Total time for which application threads were stopped: 0.0000816 seconds, Stopping threads took: 0.0000177 seconds
[2019-12-09T04:33:23.375+0000][1][safepoint    ] Application time: 1.0000762 seconds
[2019-12-09T04:33:23.375+0000][1][safepoint    ] Entering safepoint region: Cleanup
[2019-12-09T04:33:23.375+0000][1][safepoint    ] Leaving safepoint region
[2019-12-09T04:33:23.375+0000][1][safepoint    ] Total time for which application threads were stopped: 0.0000819 seconds, Stopping threads took: 0.0000188 seconds
[2019-12-09T04:33:24.375+0000][1][safepoint    ] Application time: 1.0000744 seconds
[2019-12-09T04:33:24.375+0000][1][safepoint    ] Entering safepoint region: Cleanup
[2019-12-09T04:33:24.375+0000][1][safepoint    ] Leaving safepoint region
[2019-12-09T04:33:24.375+0000][1][safepoint    ] Total time for which application threads were stopped: 0.0000772 seconds, Stopping threads took: 0.0000158 seconds
[2019-12-09T04:33:25.375+0000][1][safepoint    ] Application time: 1.0000768 seconds
[2019-12-09T04:33:25.375+0000][1][safepoint    ] Entering safepoint region: Cleanup
[2019-12-09T04:33:25.375+0000][1][safepoint    ] Leaving safepoint region
[2019-12-09T04:33:25.375+0000][1][safepoint    ] Total time for which application threads were stopped: 0.0000802 seconds, Stopping threads took: 0.0000166 seconds
[2019-12-09T04:33:26.375+0000][1][safepoint    ] Application time: 1.0000755 seconds
[2019-12-09T04:33:26.375+0000][1][safepoint    ] Entering safepoint region: Cleanup
[2019-12-09T04:33:26.375+0000][1][safepoint    ] Leaving safepoint region
[2019-12-09T04:33:26.375+0000][1][safepoint    ] Total time for which application threads were stopped: 0.0000830 seconds, Stopping threads took: 0.0000187 seconds
[2019-12-09T04:33:27.375+0000][1][safepoint    ] Application time: 1.0000761 seconds
[2019-12-09T04:33:27.375+0000][1][safepoint    ] Entering safepoint region: Cleanup
[2019-12-09T04:33:27.375+0000][1][safepoint    ] Leaving safepoint region
[2019-12-09T04:33:27.375+0000][1][safepoint    ] Total time for which application threads were stopped: 0.0000800 seconds, Stopping threads took: 0.0000170 seconds
[2019-12-09T04:33:28.375+0000][1][safepoint    ] Application time: 1.0000723 seconds
[2019-12-09T04:33:28.375+0000][1][safepoint    ] Entering safepoint region: Cleanup
[2019-12-09T04:33:28.376+0000][1][safepoint    ] Leaving safepoint region
[2019-12-09T04:33:28.376+0000][1][safepoint    ] Total time for which application threads were stopped: 0.0000811 seconds, Stopping threads took: 0.0000173 seconds
[2019-12-09T04:33:29.376+0000][1][safepoint    ] Application time: 1.0000772 seconds
[2019-12-09T04:33:29.376+0000][1][safepoint    ] Entering safepoint region: Cleanup
[2019-12-09T04:33:29.376+0000][1][safepoint    ] Leaving safepoint region
[2019-12-09T04:33:29.376+0000][1][safepoint    ] Total time for which application threads were stopped: 0.0000949 seconds, Stopping threads took: 0.0000176 seconds
[2019-12-09T04:33:30.376+0000][1][safepoint    ] Application time: 1.0000791 seconds
[2019-12-09T04:33:30.376+0000][1][safepoint    ] Entering safepoint region: Cleanup
[2019-12-09T04:33:30.376+0000][1][safepoint    ] Leaving safepoint region
[2019-12-09T04:33:30.376+0000][1][safepoint    ] Total time for which application threads were stopped: 0.0000806 seconds, Stopping threads took: 0.0000183 seconds
[2019-12-09T04:33:31.376+0000][1][safepoint    ] Application time: 1.0000766 seconds
[2019-12-09T04:33:31.376+0000][1][safepoint    ] Entering safepoint region: Cleanup
[2019-12-09T04:33:31.376+0000][1][safepoint    ] Leaving safepoint region
[2019-12-09T04:33:31.376+0000][1][safepoint    ] Total time for which application threads were stopped: 0.0000814 seconds, Stopping threads took: 0.0000179 seconds
[2019-12-09T04:33:32.376+0000][1][safepoint    ] Application time: 1.0000834 seconds
[2019-12-09T04:33:32.376+0000][1][safepoint    ] Entering safepoint region: Cleanup
[2019-12-09T04:33:32.376+0000][1][safepoint    ] Leaving safepoint region
[2019-12-09T04:33:32.376+0000][1][safepoint    ] Total time for which application threads were stopped: 0.0001080 seconds, Stopping threads took: 0.0000227 seconds
[2019-12-09T04:33:33.376+0000][1][safepoint    ] Application time: 1.0000781 seconds
[2019-12-09T04:33:33.376+0000][1][safepoint    ] Entering safepoint region: Cleanup
[2019-12-09T04:33:33.377+0000][1][safepoint    ] Leaving safepoint region
[2019-12-09T04:33:33.377+0000][1][safepoint    ] Total time for which application threads were stopped: 0.0000795 seconds, Stopping threads took: 0.0000168 seconds
[2019-12-09T04:33:34.377+0000][1][safepoint    ] Application time: 1.0000778 seconds
[2019-12-09T04:33:34.377+0000][1][safepoint    ] Entering safepoint region: Cleanup
[2019-12-09T04:33:34.377+0000][1][safepoint    ] Leaving safepoint region
[2019-12-09T04:33:34.377+0000][1][safepoint    ] Total time for which application threads were stopped: 0.0000878 seconds, Stopping threads took: 0.0000251 seconds
[2019-12-09T04:33:35.377+0000][1][safepoint    ] Application time: 1.0000776 seconds
[2019-12-09T04:33:35.377+0000][1][safepoint    ] Entering safepoint region: Cleanup
[2019-12-09T04:33:35.377+0000][1][safepoint    ] Leaving safepoint region
[2019-12-09T04:33:35.377+0000][1][safepoint    ] Total time for which application threads were stopped: 0.0000851 seconds, Stopping threads took: 0.0000169 seconds
[2019-12-09T04:33:36.377+0000][1][safepoint    ] Application time: 1.0000787 seconds
[2019-12-09T04:33:36.377+0000][1][safepoint    ] Entering safepoint region: Cleanup
[2019-12-09T04:33:36.377+0000][1][safepoint    ] Leaving safepoint region
[2019-12-09T04:33:36.377+0000][1][safepoint    ] Total time for which application threads were stopped: 0.0000866 seconds, Stopping threads took: 0.0000181 seconds
[2019-12-09T04:33:37.377+0000][1][safepoint    ] Application time: 1.0000762 seconds
[2019-12-09T04:33:37.377+0000][1][safepoint    ] Entering safepoint region: Cleanup
[2019-12-09T04:33:37.377+0000][1][safepoint    ] Leaving safepoint region
[2019-12-09T04:33:37.377+0000][1][safepoint    ] Total time for which application threads were stopped: 0.0000846 seconds, Stopping threads took: 0.0000181 seconds
[2019-12-09T04:33:38.377+0000][1][safepoint    ] Application time: 1.0000776 seconds
[2019-12-09T04:33:38.377+0000][1][safepoint    ] Entering safepoint region: Cleanup
[2019-12-09T04:33:38.378+0000][1][safepoint    ] Leaving safepoint region
[2019-12-09T04:33:38.378+0000][1][safepoint    ] Total time for which application threads were stopped: 0.0000806 seconds, Stopping threads took: 0.0000170 seconds
[2019-12-09T04:33:39.378+0000][1][safepoint    ] Application time: 1.0000769 seconds
[2019-12-09T04:33:39.378+0000][1][safepoint    ] Entering safepoint region: Cleanup
[2019-12-09T04:33:39.378+0000][1][safepoint    ] Leaving safepoint region
[2019-12-09T04:33:39.378+0000][1][safepoint    ] Total time for which application threads were stopped: 0.0000944 seconds, Stopping threads took: 0.0000226 seconds
[2019-12-09T04:33:40.378+0000][1][safepoint    ] Application time: 1.0000763 seconds
[2019-12-09T04:33:40.378+0000][1][safepoint    ] Entering safepoint region: Cleanup
[2019-12-09T04:33:40.378+0000][1][safepoint    ] Leaving safepoint region
[2019-12-09T04:33:40.378+0000][1][safepoint    ] Total time for which application threads were stopped: 0.0000809 seconds, Stopping threads took: 0.0000168 seconds
[2019-12-09T04:33:41.378+0000][1][safepoint    ] Application time: 1.0000761 seconds
[2019-12-09T04:33:41.378+0000][1][safepoint    ] Entering safepoint region: Cleanup
[2019-12-09T04:33:41.378+0000][1][safepoint    ] Leaving safepoint region
[2019-12-09T04:33:41.378+0000][1][safepoint    ] Total time for which application threads were stopped: 0.0000822 seconds, Stopping threads took: 0.0000177 seconds
[2019-12-09T04:33:42.378+0000][1][safepoint    ] Application time: 1.0000783 seconds
[2019-12-09T04:33:42.378+0000][1][safepoint    ] Entering safepoint region: Cleanup
[2019-12-09T04:33:42.378+0000][1][safepoint    ] Leaving safepoint region
[2019-12-09T04:33:42.378+0000][1][safepoint    ] Total time for which application threads were stopped: 0.0000806 seconds, Stopping threads took: 0.0000179 seconds
[2019-12-09T04:33:43.378+0000][1][safepoint    ] Application time: 1.0000746 seconds
[2019-12-09T04:33:43.378+0000][1][safepoint    ] Entering safepoint region: Cleanup
[2019-12-09T04:33:43.378+0000][1][safepoint    ] Leaving safepoint region
[2019-12-09T04:33:43.378+0000][1][safepoint    ] Total time for which application threads were stopped: 0.0000804 seconds, Stopping threads took: 0.0000171 seconds
[2019-12-09T04:33:44.379+0000][1][safepoint    ] Application time: 1.0000815 seconds
[2019-12-09T04:33:44.379+0000][1][safepoint    ] Entering safepoint region: Cleanup
[2019-12-09T04:33:44.379+0000][1][safepoint    ] Leaving safepoint region
[2019-12-09T04:33:44.379+0000][1][safepoint    ] Total time for which application threads were stopped: 0.0001048 seconds, Stopping threads took: 0.0000176 seconds
[2019-12-09T04:33:45.379+0000][1][safepoint    ] Application time: 1.0000811 seconds
[2019-12-09T04:33:45.379+0000][1][safepoint    ] Entering safepoint region: Cleanup
[2019-12-09T04:33:45.379+0000][1][safepoint    ] Leaving safepoint region
[2019-12-09T04:33:45.379+0000][1][safepoint    ] Total time for which application threads were stopped: 0.0000862 seconds, Stopping threads took: 0.0000194 seconds
[2019-12-09T04:33:46.379+0000][1][safepoint    ] Application time: 1.0000821 seconds
[2019-12-09T04:33:46.379+0000][1][safepoint    ] Entering safepoint region: Cleanup
[2019-12-09T04:33:46.379+0000][1][safepoint    ] Leaving safepoint region
[2019-12-09T04:33:46.379+0000][1][safepoint    ] Total time for which application threads were stopped: 0.0000881 seconds, Stopping threads took: 0.0000187 seconds
[2019-12-09T04:33:47.379+0000][1][safepoint    ] Application time: 1.0000948 seconds
[2019-12-09T04:33:47.379+0000][1][safepoint    ] Entering safepoint region: Cleanup
[2019-12-09T04:33:47.379+0000][1][safepoint    ] Leaving safepoint region
[2019-12-09T04:33:47.379+0000][1][safepoint    ] Total time for which application threads were stopped: 0.0001258 seconds, Stopping threads took: 0.0000265 seconds
[2019-12-09T04:33:48.379+0000][1][safepoint    ] Application time: 1.0000923 seconds
[2019-12-09T04:33:48.380+0000][1][safepoint    ] Entering safepoint region: Cleanup
[2019-12-09T04:33:48.380+0000][1][safepoint    ] Leaving safepoint region
[2019-12-09T04:33:48.380+0000][1][safepoint    ] Total time for which application threads were stopped: 0.0001167 seconds, Stopping threads took: 0.0000252 seconds
[2019-12-09T04:33:49.380+0000][1][safepoint    ] Application time: 1.0001004 seconds
[2019-12-09T04:33:49.380+0000][1][safepoint    ] Entering safepoint region: Cleanup
[2019-12-09T04:33:49.380+0000][1][safepoint    ] Leaving safepoint region
[2019-12-09T04:33:49.380+0000][1][safepoint    ] Total time for which application threads were stopped: 0.0001236 seconds, Stopping threads took: 0.0000193 seconds
[2019-12-09T04:33:50.380+0000][1][safepoint    ] Application time: 1.0001130 seconds
[2019-12-09T04:33:50.380+0000][1][safepoint    ] Entering safepoint region: Cleanup
[2019-12-09T04:33:50.380+0000][1][safepoint    ] Leaving safepoint region
[2019-12-09T04:33:50.380+0000][1][safepoint    ] Total time for which application threads were stopped: 0.0001168 seconds, Stopping threads took: 0.0000236 seconds
[2019-12-09T04:33:51.380+0000][1][safepoint    ] Application time: 1.0001922 seconds
[2019-12-09T04:33:51.380+0000][1][safepoint    ] Entering safepoint region: Cleanup
[2019-12-09T04:33:51.381+0000][1][safepoint    ] Leaving safepoint region
[2019-12-09T04:33:51.381+0000][1][safepoint    ] Total time for which application threads were stopped: 0.0001184 seconds, Stopping threads took: 0.0000256 seconds
[2019-12-09T04:33:52.547+0000][1][safepoint    ] Application time: 1.1663782 seconds
[2019-12-09T04:33:52.547+0000][1][safepoint    ] Entering safepoint region: Cleanup
[2019-12-09T04:33:52.547+0000][1][safepoint    ] Leaving safepoint region
[2019-12-09T04:33:52.547+0000][1][safepoint    ] Total time for which application threads were stopped: 0.0000812 seconds, Stopping threads took: 0.0000157 seconds
[2019-12-09T04:33:53.547+0000][1][safepoint    ] Application time: 1.0000740 seconds
[2019-12-09T04:33:53.547+0000][1][safepoint    ] Entering safepoint region: Cleanup
[2019-12-09T04:33:53.547+0000][1][safepoint    ] Leaving safepoint region
[2019-12-09T04:33:53.547+0000][1][safepoint    ] Total time for which application threads were stopped: 0.0000768 seconds, Stopping threads took: 0.0000163 seconds
[2019-12-09T04:33:54.547+0000][1][safepoint    ] Application time: 1.0000575 seconds
[2019-12-09T04:33:54.547+0000][1][safepoint    ] Entering safepoint region: Cleanup
[2019-12-09T04:33:54.547+0000][1][safepoint    ] Leaving safepoint region
[2019-12-09T04:33:54.547+0000][1][safepoint    ] Total time for which application threads were stopped: 0.0000755 seconds, Stopping threads took: 0.0000155 seconds
[2019-12-09T04:33:55.547+0000][1][safepoint    ] Application time: 1.0000748 seconds
[2019-12-09T04:33:55.547+0000][1][safepoint    ] Entering safepoint region: Cleanup
[2019-12-09T04:33:55.548+0000][1][safepoint    ] Leaving safepoint region
[2019-12-09T04:33:55.548+0000][1][safepoint    ] Total time for which application threads were stopped: 0.0000776 seconds, Stopping threads took: 0.0000166 seconds
[2019-12-09T04:33:56.548+0000][1][safepoint    ] Application time: 1.0000753 seconds
[2019-12-09T04:33:56.548+0000][1][safepoint    ] Entering safepoint region: Cleanup
[2019-12-09T04:33:56.548+0000][1][safepoint    ] Leaving safepoint region
[2019-12-09T04:33:56.548+0000][1][safepoint    ] Total time for which application threads were stopped: 0.0000930 seconds, Stopping threads took: 0.0000184 seconds
[2019-12-09T04:33:57.548+0000][1][safepoint    ] Application time: 1.0000764 seconds
[2019-12-09T04:33:57.548+0000][1][safepoint    ] Entering safepoint region: Cleanup
[2019-12-09T04:33:57.548+0000][1][safepoint    ] Leaving safepoint region
[2019-12-09T04:33:57.548+0000][1][safepoint    ] Total time for which application threads were stopped: 0.0000767 seconds, Stopping threads took: 0.0000160 seconds
[2019-12-09T04:33:58.548+0000][1][safepoint    ] Application time: 1.0000755 seconds
[2019-12-09T04:33:58.548+0000][1][safepoint    ] Entering safepoint region: Cleanup
[2019-12-09T04:33:58.548+0000][1][safepoint    ] Leaving safepoint region
[2019-12-09T04:33:58.548+0000][1][safepoint    ] Total time for which application threads were stopped: 0.0000786 seconds, Stopping threads took: 0.0000164 seconds
[2019-12-09T04:33:59.548+0000][1][safepoint    ] Application time: 1.0000751 seconds
[2019-12-09T04:33:59.548+0000][1][safepoint    ] Entering safepoint region: Cleanup
[2019-12-09T04:33:59.548+0000][1][safepoint    ] Leaving safepoint region
[2019-12-09T04:33:59.548+0000][1][safepoint    ] Total time for which application threads were stopped: 0.0000812 seconds, Stopping threads took: 0.0000172 seconds
[2019-12-09T04:34:00.548+0000][1][safepoint    ] Application time: 1.0000767 seconds
[2019-12-09T04:34:00.548+0000][1][safepoint    ] Entering safepoint region: Cleanup
[2019-12-09T04:34:00.548+0000][1][safepoint    ] Leaving safepoint region
[2019-12-09T04:34:00.548+0000][1][safepoint    ] Total time for which application threads were stopped: 0.0000897 seconds, Stopping threads took: 0.0000188 seconds
[2019-12-09T04:34:01.549+0000][1][safepoint    ] Application time: 1.0000874 seconds
[2019-12-09T04:34:01.549+0000][1][safepoint    ] Entering safepoint region: Cleanup
[2019-12-09T04:34:01.549+0000][1][safepoint    ] Leaving safepoint region
[2019-12-09T04:34:01.549+0000][1][safepoint    ] Total time for which application threads were stopped: 0.0001395 seconds, Stopping threads took: 0.0000257 seconds
[2019-12-09T04:34:02.549+0000][1][safepoint    ] Application time: 1.0000764 seconds
[2019-12-09T04:34:02.549+0000][1][safepoint    ] Entering safepoint region: Cleanup
[2019-12-09T04:34:02.549+0000][1][safepoint    ] Leaving safepoint region
[2019-12-09T04:34:02.549+0000][1][safepoint    ] Total time for which application threads were stopped: 0.0000763 seconds, Stopping threads took: 0.0000161 seconds
[2019-12-09T04:34:03.549+0000][1][safepoint    ] Application time: 1.0000756 seconds
[2019-12-09T04:34:03.549+0000][1][safepoint    ] Entering safepoint region: Cleanup
[2019-12-09T04:34:03.549+0000][1][safepoint    ] Leaving safepoint region
[2019-12-09T04:34:03.549+0000][1][safepoint    ] Total time for which application threads were stopped: 0.0000838 seconds, Stopping threads took: 0.0000196 seconds
[2019-12-09T04:34:04.549+0000][1][safepoint    ] Application time: 1.0000754 seconds
[2019-12-09T04:34:04.549+0000][1][safepoint    ] Entering safepoint region: Cleanup
[2019-12-09T04:34:04.549+0000][1][safepoint    ] Leaving safepoint region
[2019-12-09T04:34:04.549+0000][1][safepoint    ] Total time for which application threads were stopped: 0.0000799 seconds, Stopping threads took: 0.0000163 seconds
[2019-12-09T04:34:05.549+0000][1][safepoint    ] Application time: 1.0000762 seconds
[2019-12-09T04:34:05.549+0000][1][safepoint    ] Entering safepoint region: Cleanup
[2019-12-09T04:34:05.549+0000][1][safepoint    ] Leaving safepoint region
[2019-12-09T04:34:05.549+0000][1][safepoint    ] Total time for which application threads were stopped: 0.0000806 seconds, Stopping threads took: 0.0000187 seconds
[2019-12-09T04:34:06.550+0000][1][safepoint    ] Application time: 1.0000753 seconds
[2019-12-09T04:34:06.550+0000][1][safepoint    ] Entering safepoint region: Cleanup
[2019-12-09T04:34:06.550+0000][1][safepoint    ] Leaving safepoint region
[2019-12-09T04:34:06.550+0000][1][safepoint    ] Total time for which application threads were stopped: 0.0000861 seconds, Stopping threads took: 0.0000166 seconds
[2019-12-09T04:34:07.550+0000][1][safepoint    ] Application time: 1.0000750 seconds
[2019-12-09T04:34:07.550+0000][1][safepoint    ] Entering safepoint region: Cleanup
[2019-12-09T04:34:07.550+0000][1][safepoint    ] Leaving safepoint region
[2019-12-09T04:34:07.550+0000][1][safepoint    ] Total time for which application threads were stopped: 0.0000775 seconds, Stopping threads took: 0.0000180 seconds
[2019-12-09T04:34:09.315+0000][1][safepoint    ] Application time: 1.7647757 seconds
[2019-12-09T04:34:09.315+0000][1][safepoint    ] Entering safepoint region: Cleanup
[2019-12-09T04:34:09.315+0000][1][safepoint    ] Leaving safepoint region
[2019-12-09T04:34:09.315+0000][1][safepoint    ] Total time for which application threads were stopped: 0.0001074 seconds, Stopping threads took: 0.0000364 seconds
[2019-12-09T04:34:10.315+0000][1][safepoint    ] Application time: 1.0000746 seconds
[2019-12-09T04:34:10.315+0000][1][safepoint    ] Entering safepoint region: Cleanup
[2019-12-09T04:34:10.315+0000][1][safepoint    ] Leaving safepoint region
[2019-12-09T04:34:10.315+0000][1][safepoint    ] Total time for which application threads were stopped: 0.0000828 seconds, Stopping threads took: 0.0000181 seconds
[2019-12-09T04:34:11.315+0000][1][safepoint    ] Application time: 1.0000827 seconds
[2019-12-09T04:34:11.315+0000][1][safepoint    ] Entering safepoint region: Cleanup
[2019-12-09T04:34:11.315+0000][1][safepoint    ] Leaving safepoint region
[2019-12-09T04:34:11.315+0000][1][safepoint    ] Total time for which application threads were stopped: 0.0000828 seconds, Stopping threads took: 0.0000178 seconds
[2019-12-09T04:34:12.315+0000][1][safepoint    ] Application time: 1.0000828 seconds
[2019-12-09T04:34:12.315+0000][1][safepoint    ] Entering safepoint region: Cleanup
[2019-12-09T04:34:12.315+0000][1][safepoint    ] Leaving safepoint region
[2019-12-09T04:34:12.315+0000][1][safepoint    ] Total time for which application threads were stopped: 0.0000853 seconds, Stopping threads took: 0.0000174 seconds
[2019-12-09T04:34:12.443+0000][1][safepoint    ] Application time: 0.1278116 seconds
[2019-12-09T04:34:12.443+0000][1][safepoint    ] Entering safepoint region: GenCollectForAllocation
[2019-12-09T04:34:12.443+0000][1][gc,start     ] GC(71) Pause Young (Allocation Failure)
[2019-12-09T04:34:12.443+0000][1][gc,task      ] GC(71) Using 2 workers of 2 for evacuation
[2019-12-09T04:34:12.445+0000][1][gc,age       ] GC(71) Desired survivor size 4456448 bytes, new threshold 6 (max threshold 6)
[2019-12-09T04:34:12.445+0000][1][gc,age       ] GC(71) Age table with threshold 6 (max threshold 6)
[2019-12-09T04:34:12.445+0000][1][gc,age       ] GC(71) - age   1:       7632 bytes,       7632 total
[2019-12-09T04:34:12.445+0000][1][gc,age       ] GC(71) - age   2:        912 bytes,       8544 total
[2019-12-09T04:34:12.445+0000][1][gc,age       ] GC(71) - age   3:      17016 bytes,      25560 total
[2019-12-09T04:34:12.445+0000][1][gc,age       ] GC(71) - age   4:        728 bytes,      26288 total
[2019-12-09T04:34:12.445+0000][1][gc,age       ] GC(71) - age   5:        160 bytes,      26448 total
[2019-12-09T04:34:12.445+0000][1][gc,age       ] GC(71) - age   6:        168 bytes,      26616 total
[2019-12-09T04:34:12.445+0000][1][gc,heap      ] GC(71) ParNew: 69989K->33K(78656K)
[2019-12-09T04:34:12.445+0000][1][gc,heap      ] GC(71) CMS: 119399K->119405K(174784K)
[2019-12-09T04:34:12.445+0000][1][gc,metaspace ] GC(71) Metaspace: 83626K->83626K(1126400K)
[2019-12-09T04:34:12.445+0000][1][gc           ] GC(71) Pause Young (Allocation Failure) 184M->116M(247M) 1.763ms
[2019-12-09T04:34:12.445+0000][1][gc,cpu       ] GC(71) User=0.01s Sys=0.00s Real=0.01s
[2019-12-09T04:34:12.445+0000][1][safepoint    ] Leaving safepoint region
[2019-12-09T04:34:12.445+0000][1][safepoint    ] Total time for which application threads were stopped: 0.0019200 seconds, Stopping threads took: 0.0000168 seconds
[2019-12-09T04:34:13.445+0000][1][safepoint    ] Application time: 1.0000860 seconds
[2019-12-09T04:34:13.445+0000][1][safepoint    ] Entering safepoint region: Cleanup
[2019-12-09T04:34:13.445+0000][1][safepoint    ] Leaving safepoint region
[2019-12-09T04:34:13.445+0000][1][safepoint    ] Total time for which application threads were stopped: 0.0000827 seconds, Stopping threads took: 0.0000184 seconds
[2019-12-09T04:34:14.445+0000][1][safepoint    ] Application time: 1.0000750 seconds
[2019-12-09T04:34:14.445+0000][1][safepoint    ] Entering safepoint region: Cleanup
[2019-12-09T04:34:14.446+0000][1][safepoint    ] Leaving safepoint region
[2019-12-09T04:34:14.446+0000][1][safepoint    ] Total time for which application threads were stopped: 0.0000884 seconds, Stopping threads took: 0.0000233 seconds
[2019-12-09T04:34:15.446+0000][1][safepoint    ] Application time: 1.0000749 seconds
[2019-12-09T04:34:15.446+0000][1][safepoint    ] Entering safepoint region: Cleanup
[2019-12-09T04:34:15.446+0000][1][safepoint    ] Leaving safepoint region
[2019-12-09T04:34:15.446+0000][1][safepoint    ] Total time for which application threads were stopped: 0.0000905 seconds, Stopping threads took: 0.0000210 seconds
[2019-12-09T04:34:16.446+0000][1][safepoint    ] Application time: 1.0000746 seconds
[2019-12-09T04:34:16.446+0000][1][safepoint    ] Entering safepoint region: Cleanup
[2019-12-09T04:34:16.446+0000][1][safepoint    ] Leaving safepoint region
[2019-12-09T04:34:16.446+0000][1][safepoint    ] Total time for which application threads were stopped: 0.0000836 seconds, Stopping threads took: 0.0000183 seconds
[2019-12-09T04:34:17.446+0000][1][safepoint    ] Application time: 1.0000723 seconds
[2019-12-09T04:34:17.446+0000][1][safepoint    ] Entering safepoint region: Cleanup
[2019-12-09T04:34:17.446+0000][1][safepoint    ] Leaving safepoint region
[2019-12-09T04:34:17.446+0000][1][safepoint    ] Total time for which application threads were stopped: 0.0000966 seconds, Stopping threads took: 0.0000180 seconds
[2019-12-09T04:34:18.446+0000][1][safepoint    ] Application time: 1.0000778 seconds
[2019-12-09T04:34:18.446+0000][1][safepoint    ] Entering safepoint region: Cleanup
[2019-12-09T04:34:18.446+0000][1][safepoint    ] Leaving safepoint region
[2019-12-09T04:34:18.446+0000][1][safepoint    ] Total time for which application threads were stopped: 0.0000806 seconds, Stopping threads took: 0.0000170 seconds
[2019-12-09T04:34:19.446+0000][1][safepoint    ] Application time: 1.0000767 seconds
[2019-12-09T04:34:19.447+0000][1][safepoint    ] Entering safepoint region: Cleanup
[2019-12-09T04:34:19.447+0000][1][safepoint    ] Leaving safepoint region
[2019-12-09T04:34:19.447+0000][1][safepoint    ] Total time for which application threads were stopped: 0.0000924 seconds, Stopping threads took: 0.0000257 seconds
[2019-12-09T04:34:20.447+0000][1][safepoint    ] Application time: 1.0000768 seconds
[2019-12-09T04:34:20.447+0000][1][safepoint    ] Entering safepoint region: Cleanup
[2019-12-09T04:34:20.447+0000][1][safepoint    ] Leaving safepoint region
[2019-12-09T04:34:20.447+0000][1][safepoint    ] Total time for which application threads were stopped: 0.0000814 seconds, Stopping threads took: 0.0000172 seconds
[2019-12-09T04:34:21.447+0000][1][safepoint    ] Application time: 1.0000778 seconds
[2019-12-09T04:34:21.447+0000][1][safepoint    ] Entering safepoint region: Cleanup
[2019-12-09T04:34:21.447+0000][1][safepoint    ] Leaving safepoint region
[2019-12-09T04:34:21.447+0000][1][safepoint    ] Total time for which application threads were stopped: 0.0000857 seconds, Stopping threads took: 0.0000183 seconds
[2019-12-09T04:34:22.447+0000][1][safepoint    ] Application time: 1.0000755 seconds
[2019-12-09T04:34:22.447+0000][1][safepoint    ] Entering safepoint region: Cleanup
[2019-12-09T04:34:22.447+0000][1][safepoint    ] Leaving safepoint region
[2019-12-09T04:34:22.447+0000][1][safepoint    ] Total time for which application threads were stopped: 0.0000921 seconds, Stopping threads took: 0.0000175 seconds
[2019-12-09T04:34:23.447+0000][1][safepoint    ] Application time: 1.0000777 seconds
[2019-12-09T04:34:23.447+0000][1][safepoint    ] Entering safepoint region: Cleanup
[2019-12-09T04:34:23.447+0000][1][safepoint    ] Leaving safepoint region
[2019-12-09T04:34:23.447+0000][1][safepoint    ] Total time for which application threads were stopped: 0.0000815 seconds, Stopping threads took: 0.0000164 seconds
[2019-12-09T04:34:24.447+0000][1][safepoint    ] Application time: 1.0000768 seconds
[2019-12-09T04:34:24.448+0000][1][safepoint    ] Entering safepoint region: Cleanup
[2019-12-09T04:34:24.448+0000][1][safepoint    ] Leaving safepoint region
[2019-12-09T04:34:24.448+0000][1][safepoint    ] Total time for which application threads were stopped: 0.0001041 seconds, Stopping threads took: 0.0000391 seconds
[2019-12-09T04:34:25.448+0000][1][safepoint    ] Application time: 1.0000844 seconds
[2019-12-09T04:34:25.448+0000][1][safepoint    ] Entering safepoint region: Cleanup
[2019-12-09T04:34:25.448+0000][1][safepoint    ] Leaving safepoint region
[2019-12-09T04:34:25.448+0000][1][safepoint    ] Total time for which application threads were stopped: 0.0000828 seconds, Stopping threads took: 0.0000185 seconds
[2019-12-09T04:34:26.448+0000][1][safepoint    ] Application time: 1.0000757 seconds
[2019-12-09T04:34:26.448+0000][1][safepoint    ] Entering safepoint region: Cleanup
[2019-12-09T04:34:26.448+0000][1][safepoint    ] Leaving safepoint region
[2019-12-09T04:34:26.448+0000][1][safepoint    ] Total time for which application threads were stopped: 0.0000855 seconds, Stopping threads took: 0.0000186 seconds
[2019-12-09T04:34:27.448+0000][1][safepoint    ] Application time: 1.0000763 seconds
[2019-12-09T04:34:27.448+0000][1][safepoint    ] Entering safepoint region: Cleanup
[2019-12-09T04:34:27.448+0000][1][safepoint    ] Leaving safepoint region
[2019-12-09T04:34:27.448+0000][1][safepoint    ] Total time for which application threads were stopped: 0.0000858 seconds, Stopping threads took: 0.0000179 seconds
[2019-12-09T04:34:28.448+0000][1][safepoint    ] Application time: 1.0000769 seconds
[2019-12-09T04:34:28.448+0000][1][safepoint    ] Entering safepoint region: Cleanup
[2019-12-09T04:34:28.448+0000][1][safepoint    ] Leaving safepoint region
[2019-12-09T04:34:28.448+0000][1][safepoint    ] Total time for which application threads were stopped: 0.0000833 seconds, Stopping threads took: 0.0000163 seconds
[2019-12-09T04:34:29.448+0000][1][safepoint    ] Application time: 1.0000785 seconds
[2019-12-09T04:34:29.449+0000][1][safepoint    ] Entering safepoint region: Cleanup
[2019-12-09T04:34:29.449+0000][1][safepoint    ] Leaving safepoint region
[2019-12-09T04:34:29.449+0000][1][safepoint    ] Total time for which application threads were stopped: 0.0000912 seconds, Stopping threads took: 0.0000189 seconds
[2019-12-09T04:34:30.449+0000][1][safepoint    ] Application time: 1.0000813 seconds
[2019-12-09T04:34:30.449+0000][1][safepoint    ] Entering safepoint region: Cleanup
[2019-12-09T04:34:30.449+0000][1][safepoint    ] Leaving safepoint region
[2019-12-09T04:34:30.449+0000][1][safepoint    ] Total time for which application threads were stopped: 0.0000846 seconds, Stopping threads took: 0.0000175 seconds
[2019-12-09T04:34:31.449+0000][1][safepoint    ] Application time: 1.0000763 seconds
[2019-12-09T04:34:31.449+0000][1][safepoint    ] Entering safepoint region: Cleanup
[2019-12-09T04:34:31.449+0000][1][safepoint    ] Leaving safepoint region
[2019-12-09T04:34:31.449+0000][1][safepoint    ] Total time for which application threads were stopped: 0.0000824 seconds, Stopping threads took: 0.0000165 seconds
[2019-12-09T04:34:32.449+0000][1][safepoint    ] Application time: 1.0000743 seconds
[2019-12-09T04:34:32.449+0000][1][safepoint    ] Entering safepoint region: Cleanup
[2019-12-09T04:34:32.449+0000][1][safepoint    ] Leaving safepoint region
[2019-12-09T04:34:32.449+0000][1][safepoint    ] Total time for which application threads were stopped: 0.0000798 seconds, Stopping threads took: 0.0000176 seconds
[2019-12-09T04:34:33.449+0000][1][safepoint    ] Application time: 1.0000767 seconds
[2019-12-09T04:34:33.449+0000][1][safepoint    ] Entering safepoint region: Cleanup
[2019-12-09T04:34:33.449+0000][1][safepoint    ] Leaving safepoint region
[2019-12-09T04:34:33.449+0000][1][safepoint    ] Total time for which application threads were stopped: 0.0000980 seconds, Stopping threads took: 0.0000238 seconds
[2019-12-09T04:34:34.449+0000][1][safepoint    ] Application time: 1.0000741 seconds
[2019-12-09T04:34:34.450+0000][1][safepoint    ] Entering safepoint region: Cleanup
[2019-12-09T04:34:34.450+0000][1][safepoint    ] Leaving safepoint region
[2019-12-09T04:34:34.450+0000][1][safepoint    ] Total time for which application threads were stopped: 0.0001144 seconds, Stopping threads took: 0.0000256 seconds
[2019-12-09T04:34:35.450+0000][1][safepoint    ] Application time: 1.0000758 seconds
[2019-12-09T04:34:35.450+0000][1][safepoint    ] Entering safepoint region: Cleanup
[2019-12-09T04:34:35.450+0000][1][safepoint    ] Leaving safepoint region
[2019-12-09T04:34:35.450+0000][1][safepoint    ] Total time for which application threads were stopped: 0.0000874 seconds, Stopping threads took: 0.0000217 seconds
[2019-12-09T04:34:36.450+0000][1][safepoint    ] Application time: 1.0000744 seconds
[2019-12-09T04:34:36.450+0000][1][safepoint    ] Entering safepoint region: Cleanup
[2019-12-09T04:34:36.450+0000][1][safepoint    ] Leaving safepoint region
[2019-12-09T04:34:36.450+0000][1][safepoint    ] Total time for which application threads were stopped: 0.0000836 seconds, Stopping threads took: 0.0000184 seconds
[2019-12-09T04:34:37.450+0000][1][safepoint    ] Application time: 1.0000746 seconds
[2019-12-09T04:34:37.450+0000][1][safepoint    ] Entering safepoint region: Cleanup
[2019-12-09T04:34:37.450+0000][1][safepoint    ] Leaving safepoint region
[2019-12-09T04:34:37.450+0000][1][safepoint    ] Total time for which application threads were stopped: 0.0001093 seconds, Stopping threads took: 0.0000174 seconds
[2019-12-09T04:34:38.450+0000][1][safepoint    ] Application time: 1.0000741 seconds
[2019-12-09T04:34:38.450+0000][1][safepoint    ] Entering safepoint region: Cleanup
[2019-12-09T04:34:38.450+0000][1][safepoint    ] Leaving safepoint region
[2019-12-09T04:34:38.450+0000][1][safepoint    ] Total time for which application threads were stopped: 0.0000812 seconds, Stopping threads took: 0.0000167 seconds
[2019-12-09T04:34:39.451+0000][1][safepoint    ] Application time: 1.0000764 seconds
[2019-12-09T04:34:39.451+0000][1][safepoint    ] Entering safepoint region: Cleanup
[2019-12-09T04:34:39.451+0000][1][safepoint    ] Leaving safepoint region
[2019-12-09T04:34:39.451+0000][1][safepoint    ] Total time for which application threads were stopped: 0.0000915 seconds, Stopping threads took: 0.0000260 seconds
[2019-12-09T04:34:40.451+0000][1][safepoint    ] Application time: 1.0000852 seconds
[2019-12-09T04:34:40.451+0000][1][safepoint    ] Entering safepoint region: Cleanup
[2019-12-09T04:34:40.451+0000][1][safepoint    ] Leaving safepoint region
[2019-12-09T04:34:40.451+0000][1][safepoint    ] Total time for which application threads were stopped: 0.0000863 seconds, Stopping threads took: 0.0000189 seconds
[2019-12-09T04:34:41.451+0000][1][safepoint    ] Application time: 1.0000769 seconds
[2019-12-09T04:34:41.451+0000][1][safepoint    ] Entering safepoint region: Cleanup
[2019-12-09T04:34:41.451+0000][1][safepoint    ] Leaving safepoint region
[2019-12-09T04:34:41.451+0000][1][safepoint    ] Total time for which application threads were stopped: 0.0000858 seconds, Stopping threads took: 0.0000196 seconds
[2019-12-09T04:34:42.451+0000][1][safepoint    ] Application time: 1.0000742 seconds
[2019-12-09T04:34:42.451+0000][1][safepoint    ] Entering safepoint region: Cleanup
[2019-12-09T04:34:42.451+0000][1][safepoint    ] Leaving safepoint region
[2019-12-09T04:34:42.451+0000][1][safepoint    ] Total time for which application threads were stopped: 0.0000814 seconds, Stopping threads took: 0.0000167 seconds
[2019-12-09T04:34:43.451+0000][1][safepoint    ] Application time: 1.0000763 seconds
[2019-12-09T04:34:43.451+0000][1][safepoint    ] Entering safepoint region: Cleanup
[2019-12-09T04:34:43.451+0000][1][safepoint    ] Leaving safepoint region
[2019-12-09T04:34:43.451+0000][1][safepoint    ] Total time for which application threads were stopped: 0.0000873 seconds, Stopping threads took: 0.0000189 seconds
[2019-12-09T04:34:44.452+0000][1][safepoint    ] Application time: 1.0000760 seconds
[2019-12-09T04:34:44.452+0000][1][safepoint    ] Entering safepoint region: Cleanup
[2019-12-09T04:34:44.452+0000][1][safepoint    ] Leaving safepoint region
[2019-12-09T04:34:44.452+0000][1][safepoint    ] Total time for which application threads were stopped: 0.0001028 seconds, Stopping threads took: 0.0000180 seconds
[2019-12-09T04:34:45.452+0000][1][safepoint    ] Application time: 1.0000769 seconds
[2019-12-09T04:34:45.452+0000][1][safepoint    ] Entering safepoint region: Cleanup
[2019-12-09T04:34:45.452+0000][1][safepoint    ] Leaving safepoint region
[2019-12-09T04:34:45.452+0000][1][safepoint    ] Total time for which application threads were stopped: 0.0000840 seconds, Stopping threads took: 0.0000174 seconds
[2019-12-09T04:34:46.452+0000][1][safepoint    ] Application time: 1.0000748 seconds
[2019-12-09T04:34:46.452+0000][1][safepoint    ] Entering safepoint region: Cleanup
[2019-12-09T04:34:46.452+0000][1][safepoint    ] Leaving safepoint region
[2019-12-09T04:34:46.452+0000][1][safepoint    ] Total time for which application threads were stopped: 0.0000862 seconds, Stopping threads took: 0.0000181 seconds
[2019-12-09T04:34:47.452+0000][1][safepoint    ] Application time: 1.0000747 seconds
[2019-12-09T04:34:47.452+0000][1][safepoint    ] Entering safepoint region: Cleanup
[2019-12-09T04:34:47.452+0000][1][safepoint    ] Leaving safepoint region
[2019-12-09T04:34:47.452+0000][1][safepoint    ] Total time for which application threads were stopped: 0.0000835 seconds, Stopping threads took: 0.0000187 seconds
[2019-12-09T04:34:48.452+0000][1][safepoint    ] Application time: 1.0000761 seconds
[2019-12-09T04:34:48.452+0000][1][safepoint    ] Entering safepoint region: Cleanup
[2019-12-09T04:34:48.452+0000][1][safepoint    ] Leaving safepoint region
[2019-12-09T04:34:48.452+0000][1][safepoint    ] Total time for which application threads were stopped: 0.0000829 seconds, Stopping threads took: 0.0000163 seconds
[2019-12-09T04:34:49.453+0000][1][safepoint    ] Application time: 1.0000748 seconds
[2019-12-09T04:34:49.453+0000][1][safepoint    ] Entering safepoint region: Cleanup
[2019-12-09T04:34:49.453+0000][1][safepoint    ] Leaving safepoint region
[2019-12-09T04:34:49.453+0000][1][safepoint    ] Total time for which application threads were stopped: 0.0000929 seconds, Stopping threads took: 0.0000192 seconds
[2019-12-09T04:34:50.453+0000][1][safepoint    ] Application time: 1.0000742 seconds
[2019-12-09T04:34:50.453+0000][1][safepoint    ] Entering safepoint region: Cleanup
[2019-12-09T04:34:50.453+0000][1][safepoint    ] Leaving safepoint region
[2019-12-09T04:34:50.453+0000][1][safepoint    ] Total time for which application threads were stopped: 0.0000838 seconds, Stopping threads took: 0.0000175 seconds
[2019-12-09T04:34:51.453+0000][1][safepoint    ] Application time: 1.0000758 seconds
[2019-12-09T04:34:51.453+0000][1][safepoint    ] Entering safepoint region: Cleanup
[2019-12-09T04:34:51.453+0000][1][safepoint    ] Leaving safepoint region
[2019-12-09T04:34:51.453+0000][1][safepoint    ] Total time for which application threads were stopped: 0.0000858 seconds, Stopping threads took: 0.0000183 seconds
[2019-12-09T04:34:52.453+0000][1][safepoint    ] Application time: 1.0000741 seconds
[2019-12-09T04:34:52.453+0000][1][safepoint    ] Entering safepoint region: Cleanup
[2019-12-09T04:34:52.453+0000][1][safepoint    ] Leaving safepoint region
[2019-12-09T04:34:52.453+0000][1][safepoint    ] Total time for which application threads were stopped: 0.0000868 seconds, Stopping threads took: 0.0000204 seconds
[2019-12-09T04:34:53.453+0000][1][safepoint    ] Application time: 1.0000763 seconds
[2019-12-09T04:34:53.453+0000][1][safepoint    ] Entering safepoint region: Cleanup
[2019-12-09T04:34:53.453+0000][1][safepoint    ] Leaving safepoint region
[2019-12-09T04:34:53.453+0000][1][safepoint    ] Total time for which application threads were stopped: 0.0000831 seconds, Stopping threads took: 0.0000174 seconds
[2019-12-09T04:34:54.454+0000][1][safepoint    ] Application time: 1.0000761 seconds
[2019-12-09T04:34:54.454+0000][1][safepoint    ] Entering safepoint region: Cleanup
[2019-12-09T04:34:54.454+0000][1][safepoint    ] Leaving safepoint region
[2019-12-09T04:34:54.454+0000][1][safepoint    ] Total time for which application threads were stopped: 0.0001042 seconds, Stopping threads took: 0.0000206 seconds
[2019-12-09T04:34:55.454+0000][1][safepoint    ] Application time: 1.0000758 seconds
[2019-12-09T04:34:55.454+0000][1][safepoint    ] Entering safepoint region: Cleanup
[2019-12-09T04:34:55.454+0000][1][safepoint    ] Leaving safepoint region
[2019-12-09T04:34:55.454+0000][1][safepoint    ] Total time for which application threads were stopped: 0.0000835 seconds, Stopping threads took: 0.0000177 seconds
[2019-12-09T04:34:56.454+0000][1][safepoint    ] Application time: 1.0000744 seconds
[2019-12-09T04:34:56.454+0000][1][safepoint    ] Entering safepoint region: Cleanup
[2019-12-09T04:34:56.454+0000][1][safepoint    ] Leaving safepoint region
[2019-12-09T04:34:56.454+0000][1][safepoint    ] Total time for which application threads were stopped: 0.0000834 seconds, Stopping threads took: 0.0000167 seconds
[2019-12-09T04:34:57.454+0000][1][safepoint    ] Application time: 1.0000730 seconds
[2019-12-09T04:34:57.454+0000][1][safepoint    ] Entering safepoint region: Cleanup
[2019-12-09T04:34:57.454+0000][1][safepoint    ] Leaving safepoint region
[2019-12-09T04:34:57.454+0000][1][safepoint    ] Total time for which application threads were stopped: 0.0000878 seconds, Stopping threads took: 0.0000210 seconds
[2019-12-09T04:34:58.454+0000][1][safepoint    ] Application time: 1.0000740 seconds
[2019-12-09T04:34:58.454+0000][1][safepoint    ] Entering safepoint region: Cleanup
[2019-12-09T04:34:58.454+0000][1][safepoint    ] Leaving safepoint region
[2019-12-09T04:34:58.454+0000][1][safepoint    ] Total time for which application threads were stopped: 0.0000844 seconds, Stopping threads took: 0.0000167 seconds
[2019-12-09T04:34:59.455+0000][1][safepoint    ] Application time: 1.0000763 seconds
[2019-12-09T04:34:59.455+0000][1][safepoint    ] Entering safepoint region: Cleanup
[2019-12-09T04:34:59.455+0000][1][safepoint    ] Leaving safepoint region
[2019-12-09T04:34:59.455+0000][1][safepoint    ] Total time for which application threads were stopped: 0.0001044 seconds, Stopping threads took: 0.0000193 seconds
[2019-12-09T04:35:00.455+0000][1][safepoint    ] Application time: 1.0000783 seconds
[2019-12-09T04:35:00.455+0000][1][safepoint    ] Entering safepoint region: Cleanup
[2019-12-09T04:35:00.455+0000][1][safepoint    ] Leaving safepoint region
[2019-12-09T04:35:00.455+0000][1][safepoint    ] Total time for which application threads were stopped: 0.0000872 seconds, Stopping threads took: 0.0000200 seconds
[2019-12-09T04:35:01.455+0000][1][safepoint    ] Application time: 1.0000807 seconds
[2019-12-09T04:35:01.455+0000][1][safepoint    ] Entering safepoint region: Cleanup
[2019-12-09T04:35:01.455+0000][1][safepoint    ] Leaving safepoint region
[2019-12-09T04:35:01.455+0000][1][safepoint    ] Total time for which application threads were stopped: 0.0000901 seconds, Stopping threads took: 0.0000204 seconds
[2019-12-09T04:35:02.455+0000][1][safepoint    ] Application time: 1.0000819 seconds
[2019-12-09T04:35:02.455+0000][1][safepoint    ] Entering safepoint region: Cleanup
[2019-12-09T04:35:02.455+0000][1][safepoint    ] Leaving safepoint region
[2019-12-09T04:35:02.455+0000][1][safepoint    ] Total time for which application threads were stopped: 0.0000869 seconds, Stopping threads took: 0.0000197 seconds
[2019-12-09T04:35:03.455+0000][1][safepoint    ] Application time: 1.0000884 seconds
[2019-12-09T04:35:03.456+0000][1][safepoint    ] Entering safepoint region: Cleanup
[2019-12-09T04:35:03.456+0000][1][safepoint    ] Leaving safepoint region
[2019-12-09T04:35:03.456+0000][1][safepoint    ] Total time for which application threads were stopped: 0.0001212 seconds, Stopping threads took: 0.0000240 seconds
[2019-12-09T04:35:04.456+0000][1][safepoint    ] Application time: 1.0000849 seconds
[2019-12-09T04:35:04.456+0000][1][safepoint    ] Entering safepoint region: Cleanup
[2019-12-09T04:35:04.456+0000][1][safepoint    ] Leaving safepoint region
[2019-12-09T04:35:04.456+0000][1][safepoint    ] Total time for which application threads were stopped: 0.0000965 seconds, Stopping threads took: 0.0000196 seconds
[2019-12-09T04:35:05.456+0000][1][safepoint    ] Application time: 1.0000773 seconds
[2019-12-09T04:35:05.456+0000][1][safepoint    ] Entering safepoint region: Cleanup
[2019-12-09T04:35:05.456+0000][1][safepoint    ] Leaving safepoint region
[2019-12-09T04:35:05.456+0000][1][safepoint    ] Total time for which application threads were stopped: 0.0000882 seconds, Stopping threads took: 0.0000170 seconds
[2019-12-09T04:35:06.456+0000][1][safepoint    ] Application time: 1.0000780 seconds
[2019-12-09T04:35:06.456+0000][1][safepoint    ] Entering safepoint region: Cleanup
[2019-12-09T04:35:06.456+0000][1][safepoint    ] Leaving safepoint region
[2019-12-09T04:35:06.456+0000][1][safepoint    ] Total time for which application threads were stopped: 0.0000821 seconds, Stopping threads took: 0.0000175 seconds
[2019-12-09T04:35:07.456+0000][1][safepoint    ] Application time: 1.0000772 seconds
[2019-12-09T04:35:07.456+0000][1][safepoint    ] Entering safepoint region: Cleanup
[2019-12-09T04:35:07.456+0000][1][safepoint    ] Leaving safepoint region
[2019-12-09T04:35:07.456+0000][1][safepoint    ] Total time for which application threads were stopped: 0.0000860 seconds, Stopping threads took: 0.0000194 seconds
[2019-12-09T04:35:08.457+0000][1][safepoint    ] Application time: 1.0000769 seconds
[2019-12-09T04:35:08.457+0000][1][safepoint    ] Entering safepoint region: Cleanup
[2019-12-09T04:35:08.457+0000][1][safepoint    ] Leaving safepoint region
[2019-12-09T04:35:08.457+0000][1][safepoint    ] Total time for which application threads were stopped: 0.0000845 seconds, Stopping threads took: 0.0000166 seconds
[2019-12-09T04:35:09.457+0000][1][safepoint    ] Application time: 1.0000786 seconds
[2019-12-09T04:35:09.457+0000][1][safepoint    ] Entering safepoint region: Cleanup
[2019-12-09T04:35:09.457+0000][1][safepoint    ] Leaving safepoint region
[2019-12-09T04:35:09.457+0000][1][safepoint    ] Total time for which application threads were stopped: 0.0000888 seconds, Stopping threads took: 0.0000248 seconds
[2019-12-09T04:35:10.457+0000][1][safepoint    ] Application time: 1.0000784 seconds
[2019-12-09T04:35:10.457+0000][1][safepoint    ] Entering safepoint region: Cleanup
[2019-12-09T04:35:10.457+0000][1][safepoint    ] Leaving safepoint region
[2019-12-09T04:35:10.457+0000][1][safepoint    ] Total time for which application threads were stopped: 0.0000931 seconds, Stopping threads took: 0.0000243 seconds
[2019-12-09T04:35:11.457+0000][1][safepoint    ] Application time: 1.0000792 seconds
[2019-12-09T04:35:11.457+0000][1][safepoint    ] Entering safepoint region: Cleanup
[2019-12-09T04:35:11.457+0000][1][safepoint    ] Leaving safepoint region
[2019-12-09T04:35:11.457+0000][1][safepoint    ] Total time for which application threads were stopped: 0.0000857 seconds, Stopping threads took: 0.0000185 seconds
[2019-12-09T04:35:12.457+0000][1][safepoint    ] Application time: 1.0000763 seconds
[2019-12-09T04:35:12.457+0000][1][safepoint    ] Entering safepoint region: Cleanup
[2019-12-09T04:35:12.457+0000][1][safepoint    ] Leaving safepoint region
[2019-12-09T04:35:12.457+0000][1][safepoint    ] Total time for which application threads were stopped: 0.0000839 seconds, Stopping threads took: 0.0000199 seconds
[2019-12-09T04:35:13.458+0000][1][safepoint    ] Application time: 1.0000781 seconds
[2019-12-09T04:35:13.458+0000][1][safepoint    ] Entering safepoint region: Cleanup
[2019-12-09T04:35:13.458+0000][1][safepoint    ] Leaving safepoint region
[2019-12-09T04:35:13.458+0000][1][safepoint    ] Total time for which application threads were stopped: 0.0000848 seconds, Stopping threads took: 0.0000179 seconds
[2019-12-09T04:35:14.458+0000][1][safepoint    ] Application time: 1.0000879 seconds
[2019-12-09T04:35:14.458+0000][1][safepoint    ] Entering safepoint region: Cleanup
[2019-12-09T04:35:14.458+0000][1][safepoint    ] Leaving safepoint region
[2019-12-09T04:35:14.458+0000][1][safepoint    ] Total time for which application threads were stopped: 0.0000883 seconds, Stopping threads took: 0.0000215 seconds
[2019-12-09T04:35:15.458+0000][1][safepoint    ] Application time: 1.0000778 seconds
[2019-12-09T04:35:15.458+0000][1][safepoint    ] Entering safepoint region: Cleanup
[2019-12-09T04:35:15.458+0000][1][safepoint    ] Leaving safepoint region
[2019-12-09T04:35:15.458+0000][1][safepoint    ] Total time for which application threads were stopped: 0.0000853 seconds, Stopping threads took: 0.0000186 seconds
[2019-12-09T04:35:16.458+0000][1][safepoint    ] Application time: 1.0000753 seconds
[2019-12-09T04:35:16.458+0000][1][safepoint    ] Entering safepoint region: Cleanup
[2019-12-09T04:35:16.458+0000][1][safepoint    ] Leaving safepoint region
[2019-12-09T04:35:16.458+0000][1][safepoint    ] Total time for which application threads were stopped: 0.0000874 seconds, Stopping threads took: 0.0000189 seconds
[2019-12-09T04:35:17.458+0000][1][safepoint    ] Application time: 1.0000771 seconds
[2019-12-09T04:35:17.458+0000][1][safepoint    ] Entering safepoint region: Cleanup
[2019-12-09T04:35:17.458+0000][1][safepoint    ] Leaving safepoint region
[2019-12-09T04:35:17.458+0000][1][safepoint    ] Total time for which application threads were stopped: 0.0000834 seconds, Stopping threads took: 0.0000179 seconds
[2019-12-09T04:35:18.459+0000][1][safepoint    ] Application time: 1.0000777 seconds
[2019-12-09T04:35:18.459+0000][1][safepoint    ] Entering safepoint region: Cleanup
[2019-12-09T04:35:18.459+0000][1][safepoint    ] Leaving safepoint region
[2019-12-09T04:35:18.459+0000][1][safepoint    ] Total time for which application threads were stopped: 0.0000929 seconds, Stopping threads took: 0.0000167 seconds
[2019-12-09T04:35:19.459+0000][1][safepoint    ] Application time: 1.0000783 seconds
[2019-12-09T04:35:19.459+0000][1][safepoint    ] Entering safepoint region: Cleanup
[2019-12-09T04:35:19.459+0000][1][safepoint    ] Leaving safepoint region
[2019-12-09T04:35:19.459+0000][1][safepoint    ] Total time for which application threads were stopped: 0.0000943 seconds, Stopping threads took: 0.0000272 seconds
[2019-12-09T04:35:20.459+0000][1][safepoint    ] Application time: 1.0000773 seconds
[2019-12-09T04:35:20.459+0000][1][safepoint    ] Entering safepoint region: Cleanup
[2019-12-09T04:35:20.459+0000][1][safepoint    ] Leaving safepoint region
[2019-12-09T04:35:20.459+0000][1][safepoint    ] Total time for which application threads were stopped: 0.0000863 seconds, Stopping threads took: 0.0000185 seconds
[2019-12-09T04:35:21.459+0000][1][safepoint    ] Application time: 1.0000776 seconds
[2019-12-09T04:35:21.459+0000][1][safepoint    ] Entering safepoint region: Cleanup
[2019-12-09T04:35:21.459+0000][1][safepoint    ] Leaving safepoint region
[2019-12-09T04:35:21.459+0000][1][safepoint    ] Total time for which application threads were stopped: 0.0000863 seconds, Stopping threads took: 0.0000180 seconds
[2019-12-09T04:35:22.459+0000][1][safepoint    ] Application time: 1.0000764 seconds
[2019-12-09T04:35:22.459+0000][1][safepoint    ] Entering safepoint region: Cleanup
[2019-12-09T04:35:22.460+0000][1][safepoint    ] Leaving safepoint region
[2019-12-09T04:35:22.460+0000][1][safepoint    ] Total time for which application threads were stopped: 0.0000926 seconds, Stopping threads took: 0.0000163 seconds
[2019-12-09T04:35:23.460+0000][1][safepoint    ] Application time: 1.0001983 seconds
[2019-12-09T04:35:23.460+0000][1][safepoint    ] Entering safepoint region: Cleanup
[2019-12-09T04:35:23.460+0000][1][safepoint    ] Leaving safepoint region
[2019-12-09T04:35:23.460+0000][1][safepoint    ] Total time for which application threads were stopped: 0.0001262 seconds, Stopping threads took: 0.0000260 seconds
[2019-12-09T04:35:24.460+0000][1][safepoint    ] Application time: 1.0000770 seconds
[2019-12-09T04:35:24.460+0000][1][safepoint    ] Entering safepoint region: Cleanup
[2019-12-09T04:35:24.460+0000][1][safepoint    ] Leaving safepoint region
[2019-12-09T04:35:24.460+0000][1][safepoint    ] Total time for which application threads were stopped: 0.0000927 seconds, Stopping threads took: 0.0000251 seconds
[2019-12-09T04:35:25.460+0000][1][safepoint    ] Application time: 1.0000766 seconds
[2019-12-09T04:35:25.460+0000][1][safepoint    ] Entering safepoint region: Cleanup
[2019-12-09T04:35:25.460+0000][1][safepoint    ] Leaving safepoint region
[2019-12-09T04:35:25.460+0000][1][safepoint    ] Total time for which application threads were stopped: 0.0000880 seconds, Stopping threads took: 0.0000203 seconds
[2019-12-09T04:35:26.460+0000][1][safepoint    ] Application time: 1.0000783 seconds
[2019-12-09T04:35:26.460+0000][1][safepoint    ] Entering safepoint region: Cleanup
[2019-12-09T04:35:26.461+0000][1][safepoint    ] Leaving safepoint region
[2019-12-09T04:35:26.461+0000][1][safepoint    ] Total time for which application threads were stopped: 0.0000871 seconds, Stopping threads took: 0.0000193 seconds
[2019-12-09T04:35:27.461+0000][1][safepoint    ] Application time: 1.0000782 seconds
[2019-12-09T04:35:27.461+0000][1][safepoint    ] Entering safepoint region: Cleanup
[2019-12-09T04:35:27.461+0000][1][safepoint    ] Leaving safepoint region
[2019-12-09T04:35:27.461+0000][1][safepoint    ] Total time for which application threads were stopped: 0.0000941 seconds, Stopping threads took: 0.0000276 seconds
[2019-12-09T04:35:28.461+0000][1][safepoint    ] Application time: 1.0000755 seconds
[2019-12-09T04:35:28.461+0000][1][safepoint    ] Entering safepoint region: Cleanup
[2019-12-09T04:35:28.461+0000][1][safepoint    ] Leaving safepoint region
[2019-12-09T04:35:28.461+0000][1][safepoint    ] Total time for which application threads were stopped: 0.0000870 seconds, Stopping threads took: 0.0000194 seconds
[2019-12-09T04:35:29.461+0000][1][safepoint    ] Application time: 1.0000780 seconds
[2019-12-09T04:35:29.461+0000][1][safepoint    ] Entering safepoint region: Cleanup
[2019-12-09T04:35:29.461+0000][1][safepoint    ] Leaving safepoint region
[2019-12-09T04:35:29.461+0000][1][safepoint    ] Total time for which application threads were stopped: 0.0000882 seconds, Stopping threads took: 0.0000185 seconds
[2019-12-09T04:35:30.461+0000][1][safepoint    ] Application time: 1.0000776 seconds
[2019-12-09T04:35:30.461+0000][1][safepoint    ] Entering safepoint region: Cleanup
[2019-12-09T04:35:30.461+0000][1][safepoint    ] Leaving safepoint region
[2019-12-09T04:35:30.461+0000][1][safepoint    ] Total time for which application threads were stopped: 0.0000852 seconds, Stopping threads took: 0.0000177 seconds
[2019-12-09T04:35:31.461+0000][1][safepoint    ] Application time: 1.0000779 seconds
[2019-12-09T04:35:31.462+0000][1][safepoint    ] Entering safepoint region: Cleanup
[2019-12-09T04:35:31.462+0000][1][safepoint    ] Leaving safepoint region
[2019-12-09T04:35:31.462+0000][1][safepoint    ] Total time for which application threads were stopped: 0.0000862 seconds, Stopping threads took: 0.0000185 seconds
[2019-12-09T04:35:32.462+0000][1][safepoint    ] Application time: 1.0000853 seconds
[2019-12-09T04:35:32.462+0000][1][safepoint    ] Entering safepoint region: Cleanup
[2019-12-09T04:35:32.462+0000][1][safepoint    ] Leaving safepoint region
[2019-12-09T04:35:32.462+0000][1][safepoint    ] Total time for which application threads were stopped: 0.0000850 seconds, Stopping threads took: 0.0000188 seconds
[2019-12-09T04:35:33.462+0000][1][safepoint    ] Application time: 1.0000756 seconds
[2019-12-09T04:35:33.462+0000][1][safepoint    ] Entering safepoint region: Cleanup
[2019-12-09T04:35:33.462+0000][1][safepoint    ] Leaving safepoint region
[2019-12-09T04:35:33.462+0000][1][safepoint    ] Total time for which application threads were stopped: 0.0000974 seconds, Stopping threads took: 0.0000183 seconds
[2019-12-09T04:35:34.462+0000][1][safepoint    ] Application time: 1.0000749 seconds
[2019-12-09T04:35:34.462+0000][1][safepoint    ] Entering safepoint region: Cleanup
[2019-12-09T04:35:34.462+0000][1][safepoint    ] Leaving safepoint region
[2019-12-09T04:35:34.462+0000][1][safepoint    ] Total time for which application threads were stopped: 0.0000901 seconds, Stopping threads took: 0.0000246 seconds
[2019-12-09T04:35:35.462+0000][1][safepoint    ] Application time: 1.0000757 seconds
[2019-12-09T04:35:35.462+0000][1][safepoint    ] Entering safepoint region: Cleanup
[2019-12-09T04:35:35.462+0000][1][safepoint    ] Leaving safepoint region
[2019-12-09T04:35:35.462+0000][1][safepoint    ] Total time for which application threads were stopped: 0.0000861 seconds, Stopping threads took: 0.0000177 seconds
[2019-12-09T04:35:36.463+0000][1][safepoint    ] Application time: 1.0000762 seconds
[2019-12-09T04:35:36.463+0000][1][safepoint    ] Entering safepoint region: Cleanup
[2019-12-09T04:35:36.463+0000][1][safepoint    ] Leaving safepoint region
[2019-12-09T04:35:36.463+0000][1][safepoint    ] Total time for which application threads were stopped: 0.0000840 seconds, Stopping threads took: 0.0000177 seconds
[2019-12-09T04:35:37.463+0000][1][safepoint    ] Application time: 1.0000764 seconds
[2019-12-09T04:35:37.463+0000][1][safepoint    ] Entering safepoint region: Cleanup
[2019-12-09T04:35:37.463+0000][1][safepoint    ] Leaving safepoint region
[2019-12-09T04:35:37.463+0000][1][safepoint    ] Total time for which application threads were stopped: 0.0000807 seconds, Stopping threads took: 0.0000167 seconds
[2019-12-09T04:35:38.463+0000][1][safepoint    ] Application time: 1.0000775 seconds
[2019-12-09T04:35:38.463+0000][1][safepoint    ] Entering safepoint region: Cleanup
[2019-12-09T04:35:38.463+0000][1][safepoint    ] Leaving safepoint region
[2019-12-09T04:35:38.463+0000][1][safepoint    ] Total time for which application threads were stopped: 0.0000842 seconds, Stopping threads took: 0.0000167 seconds
[2019-12-09T04:35:39.463+0000][1][safepoint    ] Application time: 1.0000782 seconds
[2019-12-09T04:35:39.463+0000][1][safepoint    ] Entering safepoint region: Cleanup
[2019-12-09T04:35:39.463+0000][1][safepoint    ] Leaving safepoint region
[2019-12-09T04:35:39.463+0000][1][safepoint    ] Total time for which application threads were stopped: 0.0000895 seconds, Stopping threads took: 0.0000175 seconds
[2019-12-09T04:35:40.463+0000][1][safepoint    ] Application time: 1.0000766 seconds
[2019-12-09T04:35:40.463+0000][1][safepoint    ] Entering safepoint region: Cleanup
[2019-12-09T04:35:40.463+0000][1][safepoint    ] Leaving safepoint region
[2019-12-09T04:35:40.463+0000][1][safepoint    ] Total time for which application threads were stopped: 0.0000825 seconds, Stopping threads took: 0.0000177 seconds
[2019-12-09T04:35:41.464+0000][1][safepoint    ] Application time: 1.0000778 seconds
[2019-12-09T04:35:41.464+0000][1][safepoint    ] Entering safepoint region: Cleanup
[2019-12-09T04:35:41.464+0000][1][safepoint    ] Leaving safepoint region
[2019-12-09T04:35:41.464+0000][1][safepoint    ] Total time for which application threads were stopped: 0.0000879 seconds, Stopping threads took: 0.0000198 seconds
[2019-12-09T04:35:42.464+0000][1][safepoint    ] Application time: 1.0000760 seconds
[2019-12-09T04:35:42.464+0000][1][safepoint    ] Entering safepoint region: Cleanup
[2019-12-09T04:35:42.464+0000][1][safepoint    ] Leaving safepoint region
[2019-12-09T04:35:42.464+0000][1][safepoint    ] Total time for which application threads were stopped: 0.0000820 seconds, Stopping threads took: 0.0000175 seconds
[2019-12-09T04:35:43.464+0000][1][safepoint    ] Application time: 1.0000773 seconds
[2019-12-09T04:35:43.464+0000][1][safepoint    ] Entering safepoint region: Cleanup
[2019-12-09T04:35:43.464+0000][1][safepoint    ] Leaving safepoint region
[2019-12-09T04:35:43.464+0000][1][safepoint    ] Total time for which application threads were stopped: 0.0000844 seconds, Stopping threads took: 0.0000188 seconds
[2019-12-09T04:35:44.464+0000][1][safepoint    ] Application time: 1.0000786 seconds
[2019-12-09T04:35:44.464+0000][1][safepoint    ] Entering safepoint region: Cleanup
[2019-12-09T04:35:44.464+0000][1][safepoint    ] Leaving safepoint region
[2019-12-09T04:35:44.464+0000][1][safepoint    ] Total time for which application threads were stopped: 0.0000831 seconds, Stopping threads took: 0.0000175 seconds
[2019-12-09T04:35:45.464+0000][1][safepoint    ] Application time: 1.0000769 seconds
[2019-12-09T04:35:45.464+0000][1][safepoint    ] Entering safepoint region: Cleanup
[2019-12-09T04:35:45.464+0000][1][safepoint    ] Leaving safepoint region
[2019-12-09T04:35:45.464+0000][1][safepoint    ] Total time for which application threads were stopped: 0.0000847 seconds, Stopping threads took: 0.0000175 seconds
[2019-12-09T04:35:46.465+0000][1][safepoint    ] Application time: 1.0000783 seconds
[2019-12-09T04:35:46.465+0000][1][safepoint    ] Entering safepoint region: Cleanup
[2019-12-09T04:35:46.465+0000][1][safepoint    ] Leaving safepoint region
[2019-12-09T04:35:46.465+0000][1][safepoint    ] Total time for which application threads were stopped: 0.0000861 seconds, Stopping threads took: 0.0000187 seconds
[2019-12-09T04:35:47.465+0000][1][safepoint    ] Application time: 1.0000777 seconds
[2019-12-09T04:35:47.465+0000][1][safepoint    ] Entering safepoint region: Cleanup
[2019-12-09T04:35:47.465+0000][1][safepoint    ] Leaving safepoint region
[2019-12-09T04:35:47.465+0000][1][safepoint    ] Total time for which application threads were stopped: 0.0000859 seconds, Stopping threads took: 0.0000176 seconds
[2019-12-09T04:35:48.465+0000][1][safepoint    ] Application time: 1.0000790 seconds
[2019-12-09T04:35:48.465+0000][1][safepoint    ] Entering safepoint region: Cleanup
[2019-12-09T04:35:48.465+0000][1][safepoint    ] Leaving safepoint region
[2019-12-09T04:35:48.465+0000][1][safepoint    ] Total time for which application threads were stopped: 0.0000827 seconds, Stopping threads took: 0.0000182 seconds
[2019-12-09T04:35:49.465+0000][1][safepoint    ] Application time: 1.0000778 seconds
[2019-12-09T04:35:49.465+0000][1][safepoint    ] Entering safepoint region: Cleanup
[2019-12-09T04:35:49.465+0000][1][safepoint    ] Leaving safepoint region
[2019-12-09T04:35:49.465+0000][1][safepoint    ] Total time for which application threads were stopped: 0.0000854 seconds, Stopping threads took: 0.0000204 seconds
[2019-12-09T04:35:50.465+0000][1][safepoint    ] Application time: 1.0000762 seconds
[2019-12-09T04:35:50.465+0000][1][safepoint    ] Entering safepoint region: Cleanup
[2019-12-09T04:35:50.465+0000][1][safepoint    ] Leaving safepoint region
[2019-12-09T04:35:50.465+0000][1][safepoint    ] Total time for which application threads were stopped: 0.0000875 seconds, Stopping threads took: 0.0000180 seconds
[2019-12-09T04:35:51.466+0000][1][safepoint    ] Application time: 1.0000779 seconds
[2019-12-09T04:35:51.466+0000][1][safepoint    ] Entering safepoint region: Cleanup
[2019-12-09T04:35:51.466+0000][1][safepoint    ] Leaving safepoint region
[2019-12-09T04:35:51.466+0000][1][safepoint    ] Total time for which application threads were stopped: 0.0000843 seconds, Stopping threads took: 0.0000184 seconds
[2019-12-09T04:35:52.466+0000][1][safepoint    ] Application time: 1.0000770 seconds
[2019-12-09T04:35:52.466+0000][1][safepoint    ] Entering safepoint region: Cleanup
[2019-12-09T04:35:52.466+0000][1][safepoint    ] Leaving safepoint region
[2019-12-09T04:35:52.466+0000][1][safepoint    ] Total time for which application threads were stopped: 0.0000832 seconds, Stopping threads took: 0.0000183 seconds
[2019-12-09T04:35:53.466+0000][1][safepoint    ] Application time: 1.0000770 seconds
[2019-12-09T04:35:53.466+0000][1][safepoint    ] Entering safepoint region: Cleanup
[2019-12-09T04:35:53.466+0000][1][safepoint    ] Leaving safepoint region
[2019-12-09T04:35:53.466+0000][1][safepoint    ] Total time for which application threads were stopped: 0.0000838 seconds, Stopping threads took: 0.0000184 seconds
[2019-12-09T04:35:54.466+0000][1][safepoint    ] Application time: 1.0000773 seconds
[2019-12-09T04:35:54.466+0000][1][safepoint    ] Entering safepoint region: Cleanup
[2019-12-09T04:35:54.466+0000][1][safepoint    ] Leaving safepoint region
[2019-12-09T04:35:54.466+0000][1][safepoint    ] Total time for which application threads were stopped: 0.0000825 seconds, Stopping threads took: 0.0000179 seconds
[2019-12-09T04:35:55.466+0000][1][safepoint    ] Application time: 1.0000781 seconds
[2019-12-09T04:35:55.466+0000][1][safepoint    ] Entering safepoint region: Cleanup
[2019-12-09T04:35:55.466+0000][1][safepoint    ] Leaving safepoint region
[2019-12-09T04:35:55.466+0000][1][safepoint    ] Total time for which application threads were stopped: 0.0000848 seconds, Stopping threads took: 0.0000190 seconds
[2019-12-09T04:35:56.467+0000][1][safepoint    ] Application time: 1.0000762 seconds
[2019-12-09T04:35:56.467+0000][1][safepoint    ] Entering safepoint region: Cleanup
[2019-12-09T04:35:56.467+0000][1][safepoint    ] Leaving safepoint region
[2019-12-09T04:35:56.467+0000][1][safepoint    ] Total time for which application threads were stopped: 0.0000841 seconds, Stopping threads took: 0.0000174 seconds
[2019-12-09T04:35:57.467+0000][1][safepoint    ] Application time: 1.0000754 seconds
[2019-12-09T04:35:57.467+0000][1][safepoint    ] Entering safepoint region: Cleanup
[2019-12-09T04:35:57.467+0000][1][safepoint    ] Leaving safepoint region
[2019-12-09T04:35:57.467+0000][1][safepoint    ] Total time for which application threads were stopped: 0.0000830 seconds, Stopping threads took: 0.0000179 seconds
[2019-12-09T04:35:58.467+0000][1][safepoint    ] Application time: 1.0000766 seconds
[2019-12-09T04:35:58.467+0000][1][safepoint    ] Entering safepoint region: Cleanup
[2019-12-09T04:35:58.467+0000][1][safepoint    ] Leaving safepoint region
[2019-12-09T04:35:58.467+0000][1][safepoint    ] Total time for which application threads were stopped: 0.0000838 seconds, Stopping threads took: 0.0000175 seconds
[2019-12-09T04:35:59.467+0000][1][safepoint    ] Application time: 1.0000767 seconds
[2019-12-09T04:35:59.467+0000][1][safepoint    ] Entering safepoint region: Cleanup
[2019-12-09T04:35:59.467+0000][1][safepoint    ] Leaving safepoint region
[2019-12-09T04:35:59.467+0000][1][safepoint    ] Total time for which application threads were stopped: 0.0000851 seconds, Stopping threads took: 0.0000208 seconds
[2019-12-09T04:36:00.502+0000][1][safepoint    ] Application time: 1.0348154 seconds
[2019-12-09T04:36:00.502+0000][1][safepoint    ] Entering safepoint region: Cleanup
[2019-12-09T04:36:00.502+0000][1][safepoint    ] Leaving safepoint region
[2019-12-09T04:36:00.502+0000][1][safepoint    ] Total time for which application threads were stopped: 0.0000860 seconds, Stopping threads took: 0.0000142 seconds
[2019-12-09T04:36:01.502+0000][1][safepoint    ] Application time: 1.0000754 seconds
[2019-12-09T04:36:01.502+0000][1][safepoint    ] Entering safepoint region: Cleanup
[2019-12-09T04:36:01.502+0000][1][safepoint    ] Leaving safepoint region
[2019-12-09T04:36:01.502+0000][1][safepoint    ] Total time for which application threads were stopped: 0.0000810 seconds, Stopping threads took: 0.0000165 seconds
[2019-12-09T04:36:02.502+0000][1][safepoint    ] Application time: 1.0000751 seconds
[2019-12-09T04:36:02.502+0000][1][safepoint    ] Entering safepoint region: Cleanup
[2019-12-09T04:36:02.503+0000][1][safepoint    ] Leaving safepoint region
[2019-12-09T04:36:02.503+0000][1][safepoint    ] Total time for which application threads were stopped: 0.0000816 seconds, Stopping threads took: 0.0000188 seconds
[2019-12-09T04:36:03.503+0000][1][safepoint    ] Application time: 1.0000764 seconds
[2019-12-09T04:36:03.503+0000][1][safepoint    ] Entering safepoint region: Cleanup
[2019-12-09T04:36:03.503+0000][1][safepoint    ] Leaving safepoint region
[2019-12-09T04:36:03.503+0000][1][safepoint    ] Total time for which application threads were stopped: 0.0000976 seconds, Stopping threads took: 0.0000292 seconds
[2019-12-09T04:36:04.503+0000][1][safepoint    ] Application time: 1.0000746 seconds
[2019-12-09T04:36:04.503+0000][1][safepoint    ] Entering safepoint region: Cleanup
[2019-12-09T04:36:04.503+0000][1][safepoint    ] Leaving safepoint region
[2019-12-09T04:36:04.503+0000][1][safepoint    ] Total time for which application threads were stopped: 0.0000834 seconds, Stopping threads took: 0.0000212 seconds
[2019-12-09T04:36:05.503+0000][1][safepoint    ] Application time: 1.0000753 seconds
[2019-12-09T04:36:05.503+0000][1][safepoint    ] Entering safepoint region: Cleanup
[2019-12-09T04:36:05.503+0000][1][safepoint    ] Leaving safepoint region
[2019-12-09T04:36:05.503+0000][1][safepoint    ] Total time for which application threads were stopped: 0.0000782 seconds, Stopping threads took: 0.0000162 seconds
[2019-12-09T04:36:06.503+0000][1][safepoint    ] Application time: 1.0000736 seconds
[2019-12-09T04:36:06.503+0000][1][safepoint    ] Entering safepoint region: Cleanup
[2019-12-09T04:36:06.503+0000][1][safepoint    ] Leaving safepoint region
[2019-12-09T04:36:06.503+0000][1][safepoint    ] Total time for which application threads were stopped: 0.0000756 seconds, Stopping threads took: 0.0000157 seconds
[2019-12-09T04:36:07.482+0000][1][safepoint    ] Application time: 0.9785241 seconds
[2019-12-09T04:36:07.482+0000][1][safepoint    ] Entering safepoint region: GenCollectForAllocation
[2019-12-09T04:36:07.482+0000][1][gc,start     ] GC(72) Pause Young (Allocation Failure)
[2019-12-09T04:36:07.482+0000][1][gc,task      ] GC(72) Using 2 workers of 2 for evacuation
[2019-12-09T04:36:07.484+0000][1][gc,age       ] GC(72) Desired survivor size 4456448 bytes, new threshold 6 (max threshold 6)
[2019-12-09T04:36:07.484+0000][1][gc,age       ] GC(72) Age table with threshold 6 (max threshold 6)
[2019-12-09T04:36:07.484+0000][1][gc,age       ] GC(72) - age   1:       8760 bytes,       8760 total
[2019-12-09T04:36:07.484+0000][1][gc,age       ] GC(72) - age   2:        320 bytes,       9080 total
[2019-12-09T04:36:07.484+0000][1][gc,age       ] GC(72) - age   3:        792 bytes,       9872 total
[2019-12-09T04:36:07.484+0000][1][gc,age       ] GC(72) - age   4:      17016 bytes,      26888 total
[2019-12-09T04:36:07.484+0000][1][gc,age       ] GC(72) - age   5:        728 bytes,      27616 total
[2019-12-09T04:36:07.484+0000][1][gc,age       ] GC(72) - age   6:        160 bytes,      27776 total
[2019-12-09T04:36:07.484+0000][1][gc,heap      ] GC(72) ParNew: 69985K->41K(78656K)
[2019-12-09T04:36:07.484+0000][1][gc,heap      ] GC(72) CMS: 119405K->119405K(174784K)
[2019-12-09T04:36:07.484+0000][1][gc,metaspace ] GC(72) Metaspace: 83649K->83649K(1126400K)
[2019-12-09T04:36:07.484+0000][1][gc           ] GC(72) Pause Young (Allocation Failure) 184M->116M(247M) 1.745ms
[2019-12-09T04:36:07.484+0000][1][gc,cpu       ] GC(72) User=0.00s Sys=0.00s Real=0.00s
[2019-12-09T04:36:07.484+0000][1][safepoint    ] Leaving safepoint region
[2019-12-09T04:36:07.484+0000][1][safepoint    ] Total time for which application threads were stopped: 0.0018942 seconds, Stopping threads took: 0.0000171 seconds
[2019-12-09T04:36:08.484+0000][1][safepoint    ] Application time: 1.0000857 seconds
[2019-12-09T04:36:08.484+0000][1][safepoint    ] Entering safepoint region: Cleanup
[2019-12-09T04:36:08.484+0000][1][safepoint    ] Leaving safepoint region
[2019-12-09T04:36:08.484+0000][1][safepoint    ] Total time for which application threads were stopped: 0.0000809 seconds, Stopping threads took: 0.0000185 seconds
[2019-12-09T04:36:09.484+0000][1][safepoint    ] Application time: 1.0000784 seconds
[2019-12-09T04:36:09.484+0000][1][safepoint    ] Entering safepoint region: Cleanup
[2019-12-09T04:36:09.484+0000][1][safepoint    ] Leaving safepoint region
[2019-12-09T04:36:09.484+0000][1][safepoint    ] Total time for which application threads were stopped: 0.0000845 seconds, Stopping threads took: 0.0000185 seconds
[2019-12-09T04:36:10.484+0000][1][safepoint    ] Application time: 1.0000766 seconds
[2019-12-09T04:36:10.484+0000][1][safepoint    ] Entering safepoint region: Cleanup
[2019-12-09T04:36:10.484+0000][1][safepoint    ] Leaving safepoint region
[2019-12-09T04:36:10.484+0000][1][safepoint    ] Total time for which application threads were stopped: 0.0000825 seconds, Stopping threads took: 0.0000178 seconds
[2019-12-09T04:36:11.484+0000][1][safepoint    ] Application time: 1.0000767 seconds
[2019-12-09T04:36:11.484+0000][1][safepoint    ] Entering safepoint region: Cleanup
[2019-12-09T04:36:11.485+0000][1][safepoint    ] Leaving safepoint region
[2019-12-09T04:36:11.485+0000][1][safepoint    ] Total time for which application threads were stopped: 0.0000894 seconds, Stopping threads took: 0.0000234 seconds
[2019-12-09T04:36:12.485+0000][1][safepoint    ] Application time: 1.0000763 seconds
[2019-12-09T04:36:12.485+0000][1][safepoint    ] Entering safepoint region: Cleanup
[2019-12-09T04:36:12.485+0000][1][safepoint    ] Leaving safepoint region
[2019-12-09T04:36:12.485+0000][1][safepoint    ] Total time for which application threads were stopped: 0.0000923 seconds, Stopping threads took: 0.0000277 seconds
[2019-12-09T04:36:13.485+0000][1][safepoint    ] Application time: 1.0000764 seconds
[2019-12-09T04:36:13.485+0000][1][safepoint    ] Entering safepoint region: Cleanup
[2019-12-09T04:36:13.485+0000][1][safepoint    ] Leaving safepoint region
[2019-12-09T04:36:13.485+0000][1][safepoint    ] Total time for which application threads were stopped: 0.0000893 seconds, Stopping threads took: 0.0000163 seconds
[2019-12-09T04:36:14.485+0000][1][safepoint    ] Application time: 1.0000745 seconds
[2019-12-09T04:36:14.485+0000][1][safepoint    ] Entering safepoint region: Cleanup
[2019-12-09T04:36:14.485+0000][1][safepoint    ] Leaving safepoint region
[2019-12-09T04:36:14.485+0000][1][safepoint    ] Total time for which application threads were stopped: 0.0000849 seconds, Stopping threads took: 0.0000206 seconds
[2019-12-09T04:36:15.485+0000][1][safepoint    ] Application time: 1.0000755 seconds
[2019-12-09T04:36:15.485+0000][1][safepoint    ] Entering safepoint region: Cleanup
[2019-12-09T04:36:15.485+0000][1][safepoint    ] Leaving safepoint region
[2019-12-09T04:36:15.485+0000][1][safepoint    ] Total time for which application threads were stopped: 0.0000818 seconds, Stopping threads took: 0.0000180 seconds
[2019-12-09T04:36:16.485+0000][1][safepoint    ] Application time: 1.0000772 seconds
[2019-12-09T04:36:16.485+0000][1][safepoint    ] Entering safepoint region: Cleanup
[2019-12-09T04:36:16.486+0000][1][safepoint    ] Leaving safepoint region
[2019-12-09T04:36:16.486+0000][1][safepoint    ] Total time for which application threads were stopped: 0.0000844 seconds, Stopping threads took: 0.0000185 seconds
[2019-12-09T04:36:17.486+0000][1][safepoint    ] Application time: 1.0000761 seconds
[2019-12-09T04:36:17.486+0000][1][safepoint    ] Entering safepoint region: Cleanup
[2019-12-09T04:36:17.486+0000][1][safepoint    ] Leaving safepoint region
[2019-12-09T04:36:17.486+0000][1][safepoint    ] Total time for which application threads were stopped: 0.0000959 seconds, Stopping threads took: 0.0000163 seconds
[2019-12-09T04:36:18.486+0000][1][safepoint    ] Application time: 1.0000747 seconds
[2019-12-09T04:36:18.486+0000][1][safepoint    ] Entering safepoint region: Cleanup
[2019-12-09T04:36:18.486+0000][1][safepoint    ] Leaving safepoint region
[2019-12-09T04:36:18.486+0000][1][safepoint    ] Total time for which application threads were stopped: 0.0000816 seconds, Stopping threads took: 0.0000173 seconds
[2019-12-09T04:36:19.486+0000][1][safepoint    ] Application time: 1.0000738 seconds
[2019-12-09T04:36:19.486+0000][1][safepoint    ] Entering safepoint region: Cleanup
[2019-12-09T04:36:19.486+0000][1][safepoint    ] Leaving safepoint region
[2019-12-09T04:36:19.486+0000][1][safepoint    ] Total time for which application threads were stopped: 0.0000811 seconds, Stopping threads took: 0.0000178 seconds
[2019-12-09T04:36:20.486+0000][1][safepoint    ] Application time: 1.0000739 seconds
[2019-12-09T04:36:20.486+0000][1][safepoint    ] Entering safepoint region: Cleanup
[2019-12-09T04:36:20.486+0000][1][safepoint    ] Leaving safepoint region
[2019-12-09T04:36:20.486+0000][1][safepoint    ] Total time for which application threads were stopped: 0.0000790 seconds, Stopping threads took: 0.0000174 seconds
[2019-12-09T04:36:21.486+0000][1][safepoint    ] Application time: 1.0000749 seconds
[2019-12-09T04:36:21.486+0000][1][safepoint    ] Entering safepoint region: Cleanup
[2019-12-09T04:36:21.486+0000][1][safepoint    ] Leaving safepoint region
[2019-12-09T04:36:21.486+0000][1][safepoint    ] Total time for which application threads were stopped: 0.0000905 seconds, Stopping threads took: 0.0000235 seconds
[2019-12-09T04:36:22.490+0000][1][safepoint    ] Application time: 1.0036945 seconds
[2019-12-09T04:36:22.490+0000][1][safepoint    ] Entering safepoint region: Cleanup
[2019-12-09T04:36:22.490+0000][1][safepoint    ] Leaving safepoint region
[2019-12-09T04:36:22.490+0000][1][safepoint    ] Total time for which application threads were stopped: 0.0001338 seconds, Stopping threads took: 0.0000667 seconds
[2019-12-09T04:36:23.490+0000][1][safepoint    ] Application time: 1.0000867 seconds
[2019-12-09T04:36:23.490+0000][1][safepoint    ] Entering safepoint region: Cleanup
[2019-12-09T04:36:23.491+0000][1][safepoint    ] Leaving safepoint region
[2019-12-09T04:36:23.491+0000][1][safepoint    ] Total time for which application threads were stopped: 0.0000832 seconds, Stopping threads took: 0.0000193 seconds
[2019-12-09T04:36:24.491+0000][1][safepoint    ] Application time: 1.0000748 seconds
[2019-12-09T04:36:24.491+0000][1][safepoint    ] Entering safepoint region: Cleanup
[2019-12-09T04:36:24.491+0000][1][safepoint    ] Leaving safepoint region
[2019-12-09T04:36:24.491+0000][1][safepoint    ] Total time for which application threads were stopped: 0.0000940 seconds, Stopping threads took: 0.0000176 seconds
[2019-12-09T04:36:25.491+0000][1][safepoint    ] Application time: 1.0000769 seconds
[2019-12-09T04:36:25.491+0000][1][safepoint    ] Entering safepoint region: Cleanup
[2019-12-09T04:36:25.491+0000][1][safepoint    ] Leaving safepoint region
[2019-12-09T04:36:25.491+0000][1][safepoint    ] Total time for which application threads were stopped: 0.0000787 seconds, Stopping threads took: 0.0000154 seconds
[2019-12-09T04:36:26.491+0000][1][safepoint    ] Application time: 1.0000762 seconds
[2019-12-09T04:36:26.491+0000][1][safepoint    ] Entering safepoint region: Cleanup
[2019-12-09T04:36:26.491+0000][1][safepoint    ] Leaving safepoint region
[2019-12-09T04:36:26.491+0000][1][safepoint    ] Total time for which application threads were stopped: 0.0000811 seconds, Stopping threads took: 0.0000167 seconds
[2019-12-09T04:36:27.491+0000][1][safepoint    ] Application time: 1.0000876 seconds
[2019-12-09T04:36:27.491+0000][1][safepoint    ] Entering safepoint region: Cleanup
[2019-12-09T04:36:27.491+0000][1][safepoint    ] Leaving safepoint region
[2019-12-09T04:36:27.491+0000][1][safepoint    ] Total time for which application threads were stopped: 0.0000914 seconds, Stopping threads took: 0.0000227 seconds
[2019-12-09T04:36:28.491+0000][1][safepoint    ] Application time: 1.0000851 seconds
[2019-12-09T04:36:28.491+0000][1][safepoint    ] Entering safepoint region: Cleanup
[2019-12-09T04:36:28.492+0000][1][safepoint    ] Leaving safepoint region
[2019-12-09T04:36:28.492+0000][1][safepoint    ] Total time for which application threads were stopped: 0.0000801 seconds, Stopping threads took: 0.0000165 seconds
[2019-12-09T04:36:29.492+0000][1][safepoint    ] Application time: 1.0000744 seconds
[2019-12-09T04:36:29.492+0000][1][safepoint    ] Entering safepoint region: Cleanup
[2019-12-09T04:36:29.492+0000][1][safepoint    ] Leaving safepoint region
[2019-12-09T04:36:29.492+0000][1][safepoint    ] Total time for which application threads were stopped: 0.0000933 seconds, Stopping threads took: 0.0000179 seconds
[2019-12-09T04:36:30.492+0000][1][safepoint    ] Application time: 1.0000750 seconds
[2019-12-09T04:36:30.492+0000][1][safepoint    ] Entering safepoint region: Cleanup
[2019-12-09T04:36:30.492+0000][1][safepoint    ] Leaving safepoint region
[2019-12-09T04:36:30.492+0000][1][safepoint    ] Total time for which application threads were stopped: 0.0000806 seconds, Stopping threads took: 0.0000169 seconds
[2019-12-09T04:36:31.492+0000][1][safepoint    ] Application time: 1.0000737 seconds
[2019-12-09T04:36:31.492+0000][1][safepoint    ] Entering safepoint region: Cleanup
[2019-12-09T04:36:31.492+0000][1][safepoint    ] Leaving safepoint region
[2019-12-09T04:36:31.492+0000][1][safepoint    ] Total time for which application threads were stopped: 0.0000931 seconds, Stopping threads took: 0.0000177 seconds
[2019-12-09T04:36:32.492+0000][1][safepoint    ] Application time: 1.0000852 seconds
[2019-12-09T04:36:32.492+0000][1][safepoint    ] Entering safepoint region: Cleanup
[2019-12-09T04:36:32.492+0000][1][safepoint    ] Leaving safepoint region
[2019-12-09T04:36:32.492+0000][1][safepoint    ] Total time for which application threads were stopped: 0.0001175 seconds, Stopping threads took: 0.0000471 seconds
[2019-12-09T04:36:33.492+0000][1][safepoint    ] Application time: 1.0000844 seconds
[2019-12-09T04:36:33.492+0000][1][safepoint    ] Entering safepoint region: Cleanup
[2019-12-09T04:36:33.493+0000][1][safepoint    ] Leaving safepoint region
[2019-12-09T04:36:33.493+0000][1][safepoint    ] Total time for which application threads were stopped: 0.0000799 seconds, Stopping threads took: 0.0000174 seconds
[2019-12-09T04:36:34.493+0000][1][safepoint    ] Application time: 1.0000761 seconds
[2019-12-09T04:36:34.493+0000][1][safepoint    ] Entering safepoint region: Cleanup
[2019-12-09T04:36:34.493+0000][1][safepoint    ] Leaving safepoint region
[2019-12-09T04:36:34.493+0000][1][safepoint    ] Total time for which application threads were stopped: 0.0000983 seconds, Stopping threads took: 0.0000258 seconds
[2019-12-09T04:36:35.493+0000][1][safepoint    ] Application time: 1.0000754 seconds
[2019-12-09T04:36:35.493+0000][1][safepoint    ] Entering safepoint region: Cleanup
[2019-12-09T04:36:35.493+0000][1][safepoint    ] Leaving safepoint region
[2019-12-09T04:36:35.493+0000][1][safepoint    ] Total time for which application threads were stopped: 0.0000786 seconds, Stopping threads took: 0.0000168 seconds
[2019-12-09T04:36:36.493+0000][1][safepoint    ] Application time: 1.0000769 seconds
[2019-12-09T04:36:36.493+0000][1][safepoint    ] Entering safepoint region: Cleanup
[2019-12-09T04:36:36.493+0000][1][safepoint    ] Leaving safepoint region
[2019-12-09T04:36:36.493+0000][1][safepoint    ] Total time for which application threads were stopped: 0.0000821 seconds, Stopping threads took: 0.0000169 seconds
[2019-12-09T04:36:37.493+0000][1][safepoint    ] Application time: 1.0000761 seconds
[2019-12-09T04:36:37.493+0000][1][safepoint    ] Entering safepoint region: Cleanup
[2019-12-09T04:36:37.493+0000][1][safepoint    ] Leaving safepoint region
[2019-12-09T04:36:37.493+0000][1][safepoint    ] Total time for which application threads were stopped: 0.0000816 seconds, Stopping threads took: 0.0000182 seconds
[2019-12-09T04:36:38.493+0000][1][safepoint    ] Application time: 1.0000770 seconds
[2019-12-09T04:36:38.493+0000][1][safepoint    ] Entering safepoint region: Cleanup
[2019-12-09T04:36:38.493+0000][1][safepoint    ] Leaving safepoint region
[2019-12-09T04:36:38.493+0000][1][safepoint    ] Total time for which application threads were stopped: 0.0000804 seconds, Stopping threads took: 0.0000173 seconds
[2019-12-09T04:36:39.494+0000][1][safepoint    ] Application time: 1.0000750 seconds
[2019-12-09T04:36:39.494+0000][1][safepoint    ] Entering safepoint region: Cleanup
[2019-12-09T04:36:39.494+0000][1][safepoint    ] Leaving safepoint region
[2019-12-09T04:36:39.494+0000][1][safepoint    ] Total time for which application threads were stopped: 0.0000779 seconds, Stopping threads took: 0.0000166 seconds
[2019-12-09T04:36:40.494+0000][1][safepoint    ] Application time: 1.0000778 seconds
[2019-12-09T04:36:40.494+0000][1][safepoint    ] Entering safepoint region: Cleanup
[2019-12-09T04:36:40.494+0000][1][safepoint    ] Leaving safepoint region
[2019-12-09T04:36:40.494+0000][1][safepoint    ] Total time for which application threads were stopped: 0.0000840 seconds, Stopping threads took: 0.0000194 seconds
[2019-12-09T04:36:41.494+0000][1][safepoint    ] Application time: 1.0000764 seconds
[2019-12-09T04:36:41.494+0000][1][safepoint    ] Entering safepoint region: Cleanup
[2019-12-09T04:36:41.494+0000][1][safepoint    ] Leaving safepoint region
[2019-12-09T04:36:41.494+0000][1][safepoint    ] Total time for which application threads were stopped: 0.0000898 seconds, Stopping threads took: 0.0000169 seconds
[2019-12-09T04:36:42.494+0000][1][safepoint    ] Application time: 1.0000768 seconds
[2019-12-09T04:36:42.494+0000][1][safepoint    ] Entering safepoint region: Cleanup
[2019-12-09T04:36:42.494+0000][1][safepoint    ] Leaving safepoint region
[2019-12-09T04:36:42.494+0000][1][safepoint    ] Total time for which application threads were stopped: 0.0000826 seconds, Stopping threads took: 0.0000178 seconds
[2019-12-09T04:36:43.494+0000][1][safepoint    ] Application time: 1.0000768 seconds
[2019-12-09T04:36:43.494+0000][1][safepoint    ] Entering safepoint region: Cleanup
[2019-12-09T04:36:43.494+0000][1][safepoint    ] Leaving safepoint region
[2019-12-09T04:36:43.494+0000][1][safepoint    ] Total time for which application threads were stopped: 0.0000837 seconds, Stopping threads took: 0.0000182 seconds
[2019-12-09T04:36:44.495+0000][1][safepoint    ] Application time: 1.0000761 seconds
[2019-12-09T04:36:44.495+0000][1][safepoint    ] Entering safepoint region: Cleanup
[2019-12-09T04:36:44.495+0000][1][safepoint    ] Leaving safepoint region
[2019-12-09T04:36:44.495+0000][1][safepoint    ] Total time for which application threads were stopped: 0.0000818 seconds, Stopping threads took: 0.0000180 seconds
[2019-12-09T04:36:45.495+0000][1][safepoint    ] Application time: 1.0000778 seconds
[2019-12-09T04:36:45.495+0000][1][safepoint    ] Entering safepoint region: Cleanup
[2019-12-09T04:36:45.495+0000][1][safepoint    ] Leaving safepoint region
[2019-12-09T04:36:45.495+0000][1][safepoint    ] Total time for which application threads were stopped: 0.0000832 seconds, Stopping threads took: 0.0000176 seconds
[2019-12-09T04:36:47.223+0000][1][safepoint    ] Application time: 1.7282095 seconds
[2019-12-09T04:36:47.223+0000][1][safepoint    ] Entering safepoint region: Cleanup
[2019-12-09T04:36:47.223+0000][1][safepoint    ] Leaving safepoint region
[2019-12-09T04:36:47.223+0000][1][safepoint    ] Total time for which application threads were stopped: 0.0001039 seconds, Stopping threads took: 0.0000187 seconds
[2019-12-09T04:36:48.223+0000][1][safepoint    ] Application time: 1.0000778 seconds
[2019-12-09T04:36:48.223+0000][1][safepoint    ] Entering safepoint region: Cleanup
[2019-12-09T04:36:48.223+0000][1][safepoint    ] Leaving safepoint region
[2019-12-09T04:36:48.223+0000][1][safepoint    ] Total time for which application threads were stopped: 0.0000845 seconds, Stopping threads took: 0.0000178 seconds
[2019-12-09T04:36:49.223+0000][1][safepoint    ] Application time: 1.0000749 seconds
[2019-12-09T04:36:49.224+0000][1][safepoint    ] Entering safepoint region: Cleanup
[2019-12-09T04:36:49.224+0000][1][safepoint    ] Leaving safepoint region
[2019-12-09T04:36:49.224+0000][1][safepoint    ] Total time for which application threads were stopped: 0.0000850 seconds, Stopping threads took: 0.0000178 seconds
[2019-12-09T04:36:50.224+0000][1][safepoint    ] Application time: 1.0000750 seconds
[2019-12-09T04:36:50.224+0000][1][safepoint    ] Entering safepoint region: Cleanup
[2019-12-09T04:36:50.224+0000][1][safepoint    ] Leaving safepoint region
[2019-12-09T04:36:50.224+0000][1][safepoint    ] Total time for which application threads were stopped: 0.0000889 seconds, Stopping threads took: 0.0000193 seconds
[2019-12-09T04:36:51.224+0000][1][safepoint    ] Application time: 1.0000746 seconds
[2019-12-09T04:36:51.224+0000][1][safepoint    ] Entering safepoint region: Cleanup
[2019-12-09T04:36:51.224+0000][1][safepoint    ] Leaving safepoint region
[2019-12-09T04:36:51.224+0000][1][safepoint    ] Total time for which application threads were stopped: 0.0000858 seconds, Stopping threads took: 0.0000180 seconds
[2019-12-09T04:36:52.224+0000][1][safepoint    ] Application time: 1.0000746 seconds
[2019-12-09T04:36:52.224+0000][1][safepoint    ] Entering safepoint region: Cleanup
[2019-12-09T04:36:52.224+0000][1][safepoint    ] Leaving safepoint region
[2019-12-09T04:36:52.224+0000][1][safepoint    ] Total time for which application threads were stopped: 0.0000949 seconds, Stopping threads took: 0.0000193 seconds
[2019-12-09T04:36:53.224+0000][1][safepoint    ] Application time: 1.0000777 seconds
[2019-12-09T04:36:53.224+0000][1][safepoint    ] Entering safepoint region: Cleanup
[2019-12-09T04:36:53.224+0000][1][safepoint    ] Leaving safepoint region
[2019-12-09T04:36:53.224+0000][1][safepoint    ] Total time for which application threads were stopped: 0.0000852 seconds, Stopping threads took: 0.0000194 seconds
[2019-12-09T04:36:54.225+0000][1][safepoint    ] Application time: 1.0000765 seconds
[2019-12-09T04:36:54.225+0000][1][safepoint    ] Entering safepoint region: Cleanup
[2019-12-09T04:36:54.225+0000][1][safepoint    ] Leaving safepoint region
[2019-12-09T04:36:54.225+0000][1][safepoint    ] Total time for which application threads were stopped: 0.0000856 seconds, Stopping threads took: 0.0000182 seconds
[2019-12-09T04:36:55.225+0000][1][safepoint    ] Application time: 1.0000758 seconds
[2019-12-09T04:36:55.225+0000][1][safepoint    ] Entering safepoint region: Cleanup
[2019-12-09T04:36:55.225+0000][1][safepoint    ] Leaving safepoint region
[2019-12-09T04:36:55.225+0000][1][safepoint    ] Total time for which application threads were stopped: 0.0000887 seconds, Stopping threads took: 0.0000203 seconds
[2019-12-09T04:36:56.225+0000][1][safepoint    ] Application time: 1.0000754 seconds
[2019-12-09T04:36:56.225+0000][1][safepoint    ] Entering safepoint region: Cleanup
[2019-12-09T04:36:56.225+0000][1][safepoint    ] Leaving safepoint region
[2019-12-09T04:36:56.225+0000][1][safepoint    ] Total time for which application threads were stopped: 0.0000905 seconds, Stopping threads took: 0.0000218 seconds
[2019-12-09T04:36:57.225+0000][1][safepoint    ] Application time: 1.0000778 seconds
[2019-12-09T04:36:57.225+0000][1][safepoint    ] Entering safepoint region: Cleanup
[2019-12-09T04:36:57.225+0000][1][safepoint    ] Leaving safepoint region
[2019-12-09T04:36:57.225+0000][1][safepoint    ] Total time for which application threads were stopped: 0.0000866 seconds, Stopping threads took: 0.0000183 seconds
[2019-12-09T04:36:58.226+0000][1][safepoint    ] Application time: 1.0008153 seconds
[2019-12-09T04:36:58.226+0000][1][safepoint    ] Entering safepoint region: Cleanup
[2019-12-09T04:36:58.226+0000][1][safepoint    ] Leaving safepoint region
[2019-12-09T04:36:58.226+0000][1][safepoint    ] Total time for which application threads were stopped: 0.0001230 seconds, Stopping threads took: 0.0000269 seconds
[2019-12-09T04:36:59.226+0000][1][safepoint    ] Application time: 1.0000775 seconds
[2019-12-09T04:36:59.226+0000][1][safepoint    ] Entering safepoint region: Cleanup
[2019-12-09T04:36:59.226+0000][1][safepoint    ] Leaving safepoint region
[2019-12-09T04:36:59.226+0000][1][safepoint    ] Total time for which application threads were stopped: 0.0000860 seconds, Stopping threads took: 0.0000195 seconds
[2019-12-09T04:37:00.227+0000][1][safepoint    ] Application time: 1.0000816 seconds
[2019-12-09T04:37:00.227+0000][1][safepoint    ] Entering safepoint region: Cleanup
[2019-12-09T04:37:00.227+0000][1][safepoint    ] Leaving safepoint region
[2019-12-09T04:37:00.227+0000][1][safepoint    ] Total time for which application threads were stopped: 0.0000826 seconds, Stopping threads took: 0.0000181 seconds
[2019-12-09T04:37:01.227+0000][1][safepoint    ] Application time: 1.0002991 seconds
[2019-12-09T04:37:01.227+0000][1][safepoint    ] Entering safepoint region: Cleanup
[2019-12-09T04:37:01.227+0000][1][safepoint    ] Leaving safepoint region
[2019-12-09T04:37:01.227+0000][1][safepoint    ] Total time for which application threads were stopped: 0.0001234 seconds, Stopping threads took: 0.0000261 seconds
[2019-12-09T04:37:02.227+0000][1][safepoint    ] Application time: 1.0000853 seconds
[2019-12-09T04:37:02.227+0000][1][safepoint    ] Entering safepoint region: Cleanup
[2019-12-09T04:37:02.227+0000][1][safepoint    ] Leaving safepoint region
[2019-12-09T04:37:02.227+0000][1][safepoint    ] Total time for which application threads were stopped: 0.0000849 seconds, Stopping threads took: 0.0000187 seconds
[2019-12-09T04:37:03.227+0000][1][safepoint    ] Application time: 1.0000795 seconds
[2019-12-09T04:37:03.228+0000][1][safepoint    ] Entering safepoint region: Cleanup
[2019-12-09T04:37:03.228+0000][1][safepoint    ] Leaving safepoint region
[2019-12-09T04:37:03.228+0000][1][safepoint    ] Total time for which application threads were stopped: 0.0000872 seconds, Stopping threads took: 0.0000196 seconds
[2019-12-09T04:37:04.228+0000][1][safepoint    ] Application time: 1.0000769 seconds
[2019-12-09T04:37:04.228+0000][1][safepoint    ] Entering safepoint region: Cleanup
[2019-12-09T04:37:04.228+0000][1][safepoint    ] Leaving safepoint region
[2019-12-09T04:37:04.228+0000][1][safepoint    ] Total time for which application threads were stopped: 0.0000922 seconds, Stopping threads took: 0.0000200 seconds
[2019-12-09T04:37:05.228+0000][1][safepoint    ] Application time: 1.0000772 seconds
[2019-12-09T04:37:05.228+0000][1][safepoint    ] Entering safepoint region: Cleanup
[2019-12-09T04:37:05.228+0000][1][safepoint    ] Leaving safepoint region
[2019-12-09T04:37:05.228+0000][1][safepoint    ] Total time for which application threads were stopped: 0.0000950 seconds, Stopping threads took: 0.0000262 seconds
[2019-12-09T04:37:06.228+0000][1][safepoint    ] Application time: 1.0000750 seconds
[2019-12-09T04:37:06.228+0000][1][safepoint    ] Entering safepoint region: Cleanup
[2019-12-09T04:37:06.228+0000][1][safepoint    ] Leaving safepoint region
[2019-12-09T04:37:06.228+0000][1][safepoint    ] Total time for which application threads were stopped: 0.0000868 seconds, Stopping threads took: 0.0000183 seconds
[2019-12-09T04:37:07.228+0000][1][safepoint    ] Application time: 1.0000760 seconds
[2019-12-09T04:37:07.228+0000][1][safepoint    ] Entering safepoint region: Cleanup
[2019-12-09T04:37:07.228+0000][1][safepoint    ] Leaving safepoint region
[2019-12-09T04:37:07.228+0000][1][safepoint    ] Total time for which application threads were stopped: 0.0000858 seconds, Stopping threads took: 0.0000179 seconds
[2019-12-09T04:37:08.229+0000][1][safepoint    ] Application time: 1.0000778 seconds
[2019-12-09T04:37:08.229+0000][1][safepoint    ] Entering safepoint region: Cleanup
[2019-12-09T04:37:08.229+0000][1][safepoint    ] Leaving safepoint region
[2019-12-09T04:37:08.229+0000][1][safepoint    ] Total time for which application threads were stopped: 0.0000839 seconds, Stopping threads took: 0.0000176 seconds
[2019-12-09T04:37:09.750+0000][1][safepoint    ] Application time: 1.5212038 seconds
[2019-12-09T04:37:09.750+0000][1][safepoint    ] Entering safepoint region: Cleanup
[2019-12-09T04:37:09.750+0000][1][safepoint    ] Leaving safepoint region
[2019-12-09T04:37:09.750+0000][1][safepoint    ] Total time for which application threads were stopped: 0.0000817 seconds, Stopping threads took: 0.0000169 seconds
[2019-12-09T04:37:10.750+0000][1][safepoint    ] Application time: 1.0000738 seconds
[2019-12-09T04:37:10.750+0000][1][safepoint    ] Entering safepoint region: Cleanup
[2019-12-09T04:37:10.750+0000][1][safepoint    ] Leaving safepoint region
[2019-12-09T04:37:10.750+0000][1][safepoint    ] Total time for which application threads were stopped: 0.0000820 seconds, Stopping threads took: 0.0000180 seconds
[2019-12-09T04:37:11.750+0000][1][safepoint    ] Application time: 1.0000751 seconds
[2019-12-09T04:37:11.750+0000][1][safepoint    ] Entering safepoint region: Cleanup
[2019-12-09T04:37:11.750+0000][1][safepoint    ] Leaving safepoint region
[2019-12-09T04:37:11.750+0000][1][safepoint    ] Total time for which application threads were stopped: 0.0000809 seconds, Stopping threads took: 0.0000170 seconds
[2019-12-09T04:37:12.750+0000][1][safepoint    ] Application time: 1.0000759 seconds
[2019-12-09T04:37:12.750+0000][1][safepoint    ] Entering safepoint region: Cleanup
[2019-12-09T04:37:12.751+0000][1][safepoint    ] Leaving safepoint region
[2019-12-09T04:37:12.751+0000][1][safepoint    ] Total time for which application threads were stopped: 0.0000832 seconds, Stopping threads took: 0.0000178 seconds
[2019-12-09T04:37:13.751+0000][1][safepoint    ] Application time: 1.0000784 seconds
[2019-12-09T04:37:13.751+0000][1][safepoint    ] Entering safepoint region: Cleanup
[2019-12-09T04:37:13.751+0000][1][safepoint    ] Leaving safepoint region
[2019-12-09T04:37:13.751+0000][1][safepoint    ] Total time for which application threads were stopped: 0.0000848 seconds, Stopping threads took: 0.0000180 seconds
[2019-12-09T04:37:14.751+0000][1][safepoint    ] Application time: 1.0000764 seconds
[2019-12-09T04:37:14.751+0000][1][safepoint    ] Entering safepoint region: Cleanup
[2019-12-09T04:37:14.751+0000][1][safepoint    ] Leaving safepoint region
[2019-12-09T04:37:14.751+0000][1][safepoint    ] Total time for which application threads were stopped: 0.0000796 seconds, Stopping threads took: 0.0000168 seconds
[2019-12-09T04:37:15.751+0000][1][safepoint    ] Application time: 1.0000758 seconds
[2019-12-09T04:37:15.751+0000][1][safepoint    ] Entering safepoint region: Cleanup
[2019-12-09T04:37:15.751+0000][1][safepoint    ] Leaving safepoint region
[2019-12-09T04:37:15.751+0000][1][safepoint    ] Total time for which application threads were stopped: 0.0000825 seconds, Stopping threads took: 0.0000174 seconds
[2019-12-09T04:37:16.751+0000][1][safepoint    ] Application time: 1.0000769 seconds
[2019-12-09T04:37:16.751+0000][1][safepoint    ] Entering safepoint region: Cleanup
[2019-12-09T04:37:16.751+0000][1][safepoint    ] Leaving safepoint region
[2019-12-09T04:37:16.751+0000][1][safepoint    ] Total time for which application threads were stopped: 0.0000834 seconds, Stopping threads took: 0.0000173 seconds
[2019-12-09T04:37:17.751+0000][1][safepoint    ] Application time: 1.0000758 seconds
[2019-12-09T04:37:17.752+0000][1][safepoint    ] Entering safepoint region: Cleanup
[2019-12-09T04:37:17.752+0000][1][safepoint    ] Leaving safepoint region
[2019-12-09T04:37:17.752+0000][1][safepoint    ] Total time for which application threads were stopped: 0.0000824 seconds, Stopping threads took: 0.0000178 seconds
[2019-12-09T04:37:18.752+0000][1][safepoint    ] Application time: 1.0000777 seconds
[2019-12-09T04:37:18.752+0000][1][safepoint    ] Entering safepoint region: Cleanup
[2019-12-09T04:37:18.752+0000][1][safepoint    ] Leaving safepoint region
[2019-12-09T04:37:18.752+0000][1][safepoint    ] Total time for which application threads were stopped: 0.0000801 seconds, Stopping threads took: 0.0000168 seconds
[2019-12-09T04:37:19.752+0000][1][safepoint    ] Application time: 1.0000767 seconds
[2019-12-09T04:37:19.752+0000][1][safepoint    ] Entering safepoint region: Cleanup
[2019-12-09T04:37:19.752+0000][1][safepoint    ] Leaving safepoint region
[2019-12-09T04:37:19.752+0000][1][safepoint    ] Total time for which application threads were stopped: 0.0000792 seconds, Stopping threads took: 0.0000165 seconds
[2019-12-09T04:37:20.752+0000][1][safepoint    ] Application time: 1.0000780 seconds
[2019-12-09T04:37:20.752+0000][1][safepoint    ] Entering safepoint region: Cleanup
[2019-12-09T04:37:20.752+0000][1][safepoint    ] Leaving safepoint region
[2019-12-09T04:37:20.752+0000][1][safepoint    ] Total time for which application threads were stopped: 0.0000831 seconds, Stopping threads took: 0.0000167 seconds
[2019-12-09T04:37:21.752+0000][1][safepoint    ] Application time: 1.0000758 seconds
[2019-12-09T04:37:21.752+0000][1][safepoint    ] Entering safepoint region: Cleanup
[2019-12-09T04:37:21.752+0000][1][safepoint    ] Leaving safepoint region
[2019-12-09T04:37:21.752+0000][1][safepoint    ] Total time for which application threads were stopped: 0.0000797 seconds, Stopping threads took: 0.0000168 seconds
[2019-12-09T04:37:22.752+0000][1][safepoint    ] Application time: 1.0000760 seconds
[2019-12-09T04:37:22.753+0000][1][safepoint    ] Entering safepoint region: Cleanup
[2019-12-09T04:37:22.753+0000][1][safepoint    ] Leaving safepoint region
[2019-12-09T04:37:22.753+0000][1][safepoint    ] Total time for which application threads were stopped: 0.0000831 seconds, Stopping threads took: 0.0000189 seconds
[2019-12-09T04:37:23.753+0000][1][safepoint    ] Application time: 1.0000774 seconds
[2019-12-09T04:37:23.753+0000][1][safepoint    ] Entering safepoint region: Cleanup
[2019-12-09T04:37:23.753+0000][1][safepoint    ] Leaving safepoint region
[2019-12-09T04:37:23.753+0000][1][safepoint    ] Total time for which application threads were stopped: 0.0000795 seconds, Stopping threads took: 0.0000165 seconds
[2019-12-09T04:37:24.753+0000][1][safepoint    ] Application time: 1.0000773 seconds
[2019-12-09T04:37:24.753+0000][1][safepoint    ] Entering safepoint region: Cleanup
[2019-12-09T04:37:24.753+0000][1][safepoint    ] Leaving safepoint region
[2019-12-09T04:37:24.753+0000][1][safepoint    ] Total time for which application threads were stopped: 0.0000866 seconds, Stopping threads took: 0.0000193 seconds
[2019-12-09T04:37:25.753+0000][1][safepoint    ] Application time: 1.0000784 seconds
[2019-12-09T04:37:25.753+0000][1][safepoint    ] Entering safepoint region: Cleanup
[2019-12-09T04:37:25.753+0000][1][safepoint    ] Leaving safepoint region
[2019-12-09T04:37:25.753+0000][1][safepoint    ] Total time for which application threads were stopped: 0.0000823 seconds, Stopping threads took: 0.0000173 seconds
[2019-12-09T04:37:26.753+0000][1][safepoint    ] Application time: 1.0000756 seconds
[2019-12-09T04:37:26.753+0000][1][safepoint    ] Entering safepoint region: Cleanup
[2019-12-09T04:37:26.753+0000][1][safepoint    ] Leaving safepoint region
[2019-12-09T04:37:26.753+0000][1][safepoint    ] Total time for which application threads were stopped: 0.0000821 seconds, Stopping threads took: 0.0000167 seconds
[2019-12-09T04:37:27.753+0000][1][safepoint    ] Application time: 1.0000753 seconds
[2019-12-09T04:37:27.754+0000][1][safepoint    ] Entering safepoint region: Cleanup
[2019-12-09T04:37:27.754+0000][1][safepoint    ] Leaving safepoint region
[2019-12-09T04:37:27.754+0000][1][safepoint    ] Total time for which application threads were stopped: 0.0000848 seconds, Stopping threads took: 0.0000187 seconds
[2019-12-09T04:37:28.754+0000][1][safepoint    ] Application time: 1.0000748 seconds
[2019-12-09T04:37:28.754+0000][1][safepoint    ] Entering safepoint region: Cleanup
[2019-12-09T04:37:28.754+0000][1][safepoint    ] Leaving safepoint region
[2019-12-09T04:37:28.754+0000][1][safepoint    ] Total time for which application threads were stopped: 0.0000805 seconds, Stopping threads took: 0.0000179 seconds
[2019-12-09T04:37:29.754+0000][1][safepoint    ] Application time: 1.0000753 seconds
[2019-12-09T04:37:29.754+0000][1][safepoint    ] Entering safepoint region: Cleanup
[2019-12-09T04:37:29.754+0000][1][safepoint    ] Leaving safepoint region
[2019-12-09T04:37:29.754+0000][1][safepoint    ] Total time for which application threads were stopped: 0.0000822 seconds, Stopping threads took: 0.0000164 seconds
[2019-12-09T04:37:30.754+0000][1][safepoint    ] Application time: 1.0000756 seconds
[2019-12-09T04:37:30.754+0000][1][safepoint    ] Entering safepoint region: Cleanup
[2019-12-09T04:37:30.754+0000][1][safepoint    ] Leaving safepoint region
[2019-12-09T04:37:30.754+0000][1][safepoint    ] Total time for which application threads were stopped: 0.0000787 seconds, Stopping threads took: 0.0000157 seconds
[2019-12-09T04:37:31.754+0000][1][safepoint    ] Application time: 1.0000765 seconds
[2019-12-09T04:37:31.754+0000][1][safepoint    ] Entering safepoint region: Cleanup
[2019-12-09T04:37:31.754+0000][1][safepoint    ] Leaving safepoint region
[2019-12-09T04:37:31.754+0000][1][safepoint    ] Total time for which application threads were stopped: 0.0000819 seconds, Stopping threads took: 0.0000172 seconds
[2019-12-09T04:37:32.754+0000][1][safepoint    ] Application time: 1.0000778 seconds
[2019-12-09T04:37:32.755+0000][1][safepoint    ] Entering safepoint region: Cleanup
[2019-12-09T04:37:32.755+0000][1][safepoint    ] Leaving safepoint region
[2019-12-09T04:37:32.755+0000][1][safepoint    ] Total time for which application threads were stopped: 0.0000827 seconds, Stopping threads took: 0.0000160 seconds
[2019-12-09T04:37:33.755+0000][1][safepoint    ] Application time: 1.0000755 seconds
[2019-12-09T04:37:33.755+0000][1][safepoint    ] Entering safepoint region: Cleanup
[2019-12-09T04:37:33.755+0000][1][safepoint    ] Leaving safepoint region
[2019-12-09T04:37:33.755+0000][1][safepoint    ] Total time for which application threads were stopped: 0.0000791 seconds, Stopping threads took: 0.0000163 seconds
[2019-12-09T04:37:34.755+0000][1][safepoint    ] Application time: 1.0000747 seconds
[2019-12-09T04:37:34.755+0000][1][safepoint    ] Entering safepoint region: Cleanup
[2019-12-09T04:37:34.755+0000][1][safepoint    ] Leaving safepoint region
[2019-12-09T04:37:34.755+0000][1][safepoint    ] Total time for which application threads were stopped: 0.0000908 seconds, Stopping threads took: 0.0000255 seconds
[2019-12-09T04:37:35.755+0000][1][safepoint    ] Application time: 1.0000748 seconds
[2019-12-09T04:37:35.755+0000][1][safepoint    ] Entering safepoint region: Cleanup
[2019-12-09T04:37:35.755+0000][1][safepoint    ] Leaving safepoint region
[2019-12-09T04:37:35.755+0000][1][safepoint    ] Total time for which application threads were stopped: 0.0000866 seconds, Stopping threads took: 0.0000174 seconds
[2019-12-09T04:37:36.755+0000][1][safepoint    ] Application time: 1.0000767 seconds
[2019-12-09T04:37:36.755+0000][1][safepoint    ] Entering safepoint region: Cleanup
[2019-12-09T04:37:36.755+0000][1][safepoint    ] Leaving safepoint region
[2019-12-09T04:37:36.755+0000][1][safepoint    ] Total time for which application threads were stopped: 0.0000822 seconds, Stopping threads took: 0.0000175 seconds
[2019-12-09T04:37:37.755+0000][1][safepoint    ] Application time: 1.0000769 seconds
[2019-12-09T04:37:37.756+0000][1][safepoint    ] Entering safepoint region: Cleanup
[2019-12-09T04:37:37.756+0000][1][safepoint    ] Leaving safepoint region
[2019-12-09T04:37:37.756+0000][1][safepoint    ] Total time for which application threads were stopped: 0.0000823 seconds, Stopping threads took: 0.0000163 seconds
[2019-12-09T04:37:38.756+0000][1][safepoint    ] Application time: 1.0000772 seconds
[2019-12-09T04:37:38.756+0000][1][safepoint    ] Entering safepoint region: Cleanup
[2019-12-09T04:37:38.756+0000][1][safepoint    ] Leaving safepoint region
[2019-12-09T04:37:38.756+0000][1][safepoint    ] Total time for which application threads were stopped: 0.0000820 seconds, Stopping threads took: 0.0000168 seconds
[2019-12-09T04:37:39.756+0000][1][safepoint    ] Application time: 1.0000771 seconds
[2019-12-09T04:37:39.756+0000][1][safepoint    ] Entering safepoint region: Cleanup
[2019-12-09T04:37:39.756+0000][1][safepoint    ] Leaving safepoint region
[2019-12-09T04:37:39.756+0000][1][safepoint    ] Total time for which application threads were stopped: 0.0000842 seconds, Stopping threads took: 0.0000178 seconds
[2019-12-09T04:37:40.756+0000][1][safepoint    ] Application time: 1.0000780 seconds
[2019-12-09T04:37:40.756+0000][1][safepoint    ] Entering safepoint region: Cleanup
[2019-12-09T04:37:40.756+0000][1][safepoint    ] Leaving safepoint region
[2019-12-09T04:37:40.756+0000][1][safepoint    ] Total time for which application threads were stopped: 0.0000820 seconds, Stopping threads took: 0.0000172 seconds
[2019-12-09T04:37:41.756+0000][1][safepoint    ] Application time: 1.0000760 seconds
[2019-12-09T04:37:41.756+0000][1][safepoint    ] Entering safepoint region: Cleanup
[2019-12-09T04:37:41.756+0000][1][safepoint    ] Leaving safepoint region
[2019-12-09T04:37:41.756+0000][1][safepoint    ] Total time for which application threads were stopped: 0.0000839 seconds, Stopping threads took: 0.0000180 seconds
[2019-12-09T04:37:42.756+0000][1][safepoint    ] Application time: 1.0000796 seconds
[2019-12-09T04:37:42.757+0000][1][safepoint    ] Entering safepoint region: Cleanup
[2019-12-09T04:37:42.757+0000][1][safepoint    ] Leaving safepoint region
[2019-12-09T04:37:42.757+0000][1][safepoint    ] Total time for which application threads were stopped: 0.0000937 seconds, Stopping threads took: 0.0000177 seconds
[2019-12-09T04:37:43.757+0000][1][safepoint    ] Application time: 1.0000784 seconds
[2019-12-09T04:37:43.757+0000][1][safepoint    ] Entering safepoint region: Cleanup
[2019-12-09T04:37:43.757+0000][1][safepoint    ] Leaving safepoint region
[2019-12-09T04:37:43.757+0000][1][safepoint    ] Total time for which application threads were stopped: 0.0000861 seconds, Stopping threads took: 0.0000180 seconds
[2019-12-09T04:37:44.757+0000][1][safepoint    ] Application time: 1.0000781 seconds
[2019-12-09T04:37:44.757+0000][1][safepoint    ] Entering safepoint region: Cleanup
[2019-12-09T04:37:44.757+0000][1][safepoint    ] Leaving safepoint region
[2019-12-09T04:37:44.757+0000][1][safepoint    ] Total time for which application threads were stopped: 0.0000888 seconds, Stopping threads took: 0.0000188 seconds
[2019-12-09T04:37:45.757+0000][1][safepoint    ] Application time: 1.0000833 seconds
[2019-12-09T04:37:45.757+0000][1][safepoint    ] Entering safepoint region: Cleanup
[2019-12-09T04:37:45.757+0000][1][safepoint    ] Leaving safepoint region
[2019-12-09T04:37:45.757+0000][1][safepoint    ] Total time for which application threads were stopped: 0.0001615 seconds, Stopping threads took: 0.0000538 seconds
[2019-12-09T04:37:46.757+0000][1][safepoint    ] Application time: 1.0000952 seconds
[2019-12-09T04:37:46.758+0000][1][safepoint    ] Entering safepoint region: Cleanup
[2019-12-09T04:37:46.758+0000][1][safepoint    ] Leaving safepoint region
[2019-12-09T04:37:46.758+0000][1][safepoint    ] Total time for which application threads were stopped: 0.0001037 seconds, Stopping threads took: 0.0000260 seconds
[2019-12-09T04:37:47.799+0000][1][safepoint    ] Application time: 1.0415640 seconds
[2019-12-09T04:37:47.799+0000][1][safepoint    ] Entering safepoint region: Cleanup
[2019-12-09T04:37:47.799+0000][1][safepoint    ] Leaving safepoint region
[2019-12-09T04:37:47.799+0000][1][safepoint    ] Total time for which application threads were stopped: 0.0000858 seconds, Stopping threads took: 0.0000158 seconds
[2019-12-09T04:37:48.799+0000][1][safepoint    ] Application time: 1.0000758 seconds
[2019-12-09T04:37:48.799+0000][1][safepoint    ] Entering safepoint region: Cleanup
[2019-12-09T04:37:48.799+0000][1][safepoint    ] Leaving safepoint region
[2019-12-09T04:37:48.799+0000][1][safepoint    ] Total time for which application threads were stopped: 0.0000833 seconds, Stopping threads took: 0.0000180 seconds
[2019-12-09T04:37:49.800+0000][1][safepoint    ] Application time: 1.0000776 seconds
[2019-12-09T04:37:49.800+0000][1][safepoint    ] Entering safepoint region: Cleanup
[2019-12-09T04:37:49.800+0000][1][safepoint    ] Leaving safepoint region
[2019-12-09T04:37:49.800+0000][1][safepoint    ] Total time for which application threads were stopped: 0.0000856 seconds, Stopping threads took: 0.0000182 seconds
[2019-12-09T04:37:50.800+0000][1][safepoint    ] Application time: 1.0000764 seconds
[2019-12-09T04:37:50.800+0000][1][safepoint    ] Entering safepoint region: Cleanup
[2019-12-09T04:37:50.800+0000][1][safepoint    ] Leaving safepoint region
[2019-12-09T04:37:50.800+0000][1][safepoint    ] Total time for which application threads were stopped: 0.0000822 seconds, Stopping threads took: 0.0000176 seconds
[2019-12-09T04:37:51.800+0000][1][safepoint    ] Application time: 1.0000744 seconds
[2019-12-09T04:37:51.800+0000][1][safepoint    ] Entering safepoint region: Cleanup
[2019-12-09T04:37:51.800+0000][1][safepoint    ] Leaving safepoint region
[2019-12-09T04:37:51.800+0000][1][safepoint    ] Total time for which application threads were stopped: 0.0000776 seconds, Stopping threads took: 0.0000168 seconds
[2019-12-09T04:37:52.800+0000][1][safepoint    ] Application time: 1.0000754 seconds
[2019-12-09T04:37:52.800+0000][1][safepoint    ] Entering safepoint region: Cleanup
[2019-12-09T04:37:52.800+0000][1][safepoint    ] Leaving safepoint region
[2019-12-09T04:37:52.800+0000][1][safepoint    ] Total time for which application threads were stopped: 0.0000818 seconds, Stopping threads took: 0.0000172 seconds
[2019-12-09T04:37:53.800+0000][1][safepoint    ] Application time: 1.0000774 seconds
[2019-12-09T04:37:53.800+0000][1][safepoint    ] Entering safepoint region: Cleanup
[2019-12-09T04:37:53.800+0000][1][safepoint    ] Leaving safepoint region
[2019-12-09T04:37:53.800+0000][1][safepoint    ] Total time for which application threads were stopped: 0.0000833 seconds, Stopping threads took: 0.0000171 seconds
[2019-12-09T04:37:54.801+0000][1][safepoint    ] Application time: 1.0000774 seconds
[2019-12-09T04:37:54.801+0000][1][safepoint    ] Entering safepoint region: Cleanup
[2019-12-09T04:37:54.801+0000][1][safepoint    ] Leaving safepoint region
[2019-12-09T04:37:54.801+0000][1][safepoint    ] Total time for which application threads were stopped: 0.0000826 seconds, Stopping threads took: 0.0000166 seconds
[2019-12-09T04:37:55.801+0000][1][safepoint    ] Application time: 1.0000755 seconds
[2019-12-09T04:37:55.801+0000][1][safepoint    ] Entering safepoint region: Cleanup
[2019-12-09T04:37:55.801+0000][1][safepoint    ] Leaving safepoint region
[2019-12-09T04:37:55.801+0000][1][safepoint    ] Total time for which application threads were stopped: 0.0000863 seconds, Stopping threads took: 0.0000187 seconds
[2019-12-09T04:37:56.801+0000][1][safepoint    ] Application time: 1.0000768 seconds
[2019-12-09T04:37:56.801+0000][1][safepoint    ] Entering safepoint region: Cleanup
[2019-12-09T04:37:56.801+0000][1][safepoint    ] Leaving safepoint region
[2019-12-09T04:37:56.801+0000][1][safepoint    ] Total time for which application threads were stopped: 0.0000843 seconds, Stopping threads took: 0.0000177 seconds
[2019-12-09T04:37:57.801+0000][1][safepoint    ] Application time: 1.0000746 seconds
[2019-12-09T04:37:57.801+0000][1][safepoint    ] Entering safepoint region: Cleanup
[2019-12-09T04:37:57.801+0000][1][safepoint    ] Leaving safepoint region
[2019-12-09T04:37:57.801+0000][1][safepoint    ] Total time for which application threads were stopped: 0.0000833 seconds, Stopping threads took: 0.0000181 seconds
[2019-12-09T04:37:58.801+0000][1][safepoint    ] Application time: 1.0000765 seconds
[2019-12-09T04:37:58.801+0000][1][safepoint    ] Entering safepoint region: Cleanup
[2019-12-09T04:37:58.801+0000][1][safepoint    ] Leaving safepoint region
[2019-12-09T04:37:58.801+0000][1][safepoint    ] Total time for which application threads were stopped: 0.0000829 seconds, Stopping threads took: 0.0000172 seconds
[2019-12-09T04:37:58.895+0000][1][safepoint    ] Application time: 0.0933921 seconds
[2019-12-09T04:37:58.895+0000][1][safepoint    ] Entering safepoint region: GenCollectForAllocation
[2019-12-09T04:37:58.895+0000][1][gc,start     ] GC(73) Pause Young (Allocation Failure)
[2019-12-09T04:37:58.895+0000][1][gc,task      ] GC(73) Using 2 workers of 2 for evacuation
[2019-12-09T04:37:58.897+0000][1][gc,age       ] GC(73) Desired survivor size 4456448 bytes, new threshold 6 (max threshold 6)
[2019-12-09T04:37:58.897+0000][1][gc,age       ] GC(73) Age table with threshold 6 (max threshold 6)
[2019-12-09T04:37:58.897+0000][1][gc,age       ] GC(73) - age   1:      16440 bytes,      16440 total
[2019-12-09T04:37:58.897+0000][1][gc,age       ] GC(73) - age   2:        960 bytes,      17400 total
[2019-12-09T04:37:58.897+0000][1][gc,age       ] GC(73) - age   3:        320 bytes,      17720 total
[2019-12-09T04:37:58.897+0000][1][gc,age       ] GC(73) - age   4:        792 bytes,      18512 total
[2019-12-09T04:37:58.897+0000][1][gc,age       ] GC(73) - age   5:      16896 bytes,      35408 total
[2019-12-09T04:37:58.897+0000][1][gc,age       ] GC(73) - age   6:        728 bytes,      36136 total
[2019-12-09T04:37:58.897+0000][1][gc,heap      ] GC(73) ParNew: 69993K->54K(78656K)
[2019-12-09T04:37:58.897+0000][1][gc,heap      ] GC(73) CMS: 119405K->119405K(174784K)
[2019-12-09T04:37:58.897+0000][1][gc,metaspace ] GC(73) Metaspace: 83649K->83649K(1126400K)
[2019-12-09T04:37:58.897+0000][1][gc           ] GC(73) Pause Young (Allocation Failure) 184M->116M(247M) 2.135ms
[2019-12-09T04:37:58.897+0000][1][gc,cpu       ] GC(73) User=0.01s Sys=0.00s Real=0.00s
[2019-12-09T04:37:58.897+0000][1][safepoint    ] Leaving safepoint region
[2019-12-09T04:37:58.897+0000][1][safepoint    ] Total time for which application threads were stopped: 0.0023583 seconds, Stopping threads took: 0.0000224 seconds
[2019-12-09T04:37:59.897+0000][1][safepoint    ] Application time: 1.0000857 seconds
[2019-12-09T04:37:59.897+0000][1][safepoint    ] Entering safepoint region: Cleanup
[2019-12-09T04:37:59.897+0000][1][safepoint    ] Leaving safepoint region
[2019-12-09T04:37:59.897+0000][1][safepoint    ] Total time for which application threads were stopped: 0.0000839 seconds, Stopping threads took: 0.0000162 seconds
[2019-12-09T04:38:00.898+0000][1][safepoint    ] Application time: 1.0000758 seconds
[2019-12-09T04:38:00.898+0000][1][safepoint    ] Entering safepoint region: Cleanup
[2019-12-09T04:38:00.898+0000][1][safepoint    ] Leaving safepoint region
[2019-12-09T04:38:00.898+0000][1][safepoint    ] Total time for which application threads were stopped: 0.0000873 seconds, Stopping threads took: 0.0000193 seconds
[2019-12-09T04:38:01.898+0000][1][safepoint    ] Application time: 1.0000851 seconds
[2019-12-09T04:38:01.898+0000][1][safepoint    ] Entering safepoint region: Cleanup
[2019-12-09T04:38:01.898+0000][1][safepoint    ] Leaving safepoint region
[2019-12-09T04:38:01.898+0000][1][safepoint    ] Total time for which application threads were stopped: 0.0000873 seconds, Stopping threads took: 0.0000192 seconds
[2019-12-09T04:38:02.898+0000][1][safepoint    ] Application time: 1.0000745 seconds
[2019-12-09T04:38:02.898+0000][1][safepoint    ] Entering safepoint region: Cleanup
[2019-12-09T04:38:02.898+0000][1][safepoint    ] Leaving safepoint region
[2019-12-09T04:38:02.898+0000][1][safepoint    ] Total time for which application threads were stopped: 0.0000828 seconds, Stopping threads took: 0.0000170 seconds
[2019-12-09T04:38:03.898+0000][1][safepoint    ] Application time: 1.0000767 seconds
[2019-12-09T04:38:03.898+0000][1][safepoint    ] Entering safepoint region: Cleanup
[2019-12-09T04:38:03.898+0000][1][safepoint    ] Leaving safepoint region
[2019-12-09T04:38:03.898+0000][1][safepoint    ] Total time for which application threads were stopped: 0.0000862 seconds, Stopping threads took: 0.0000187 seconds
[2019-12-09T04:38:04.898+0000][1][safepoint    ] Application time: 1.0000743 seconds
[2019-12-09T04:38:04.898+0000][1][safepoint    ] Entering safepoint region: Cleanup
[2019-12-09T04:38:04.898+0000][1][safepoint    ] Leaving safepoint region
[2019-12-09T04:38:04.898+0000][1][safepoint    ] Total time for which application threads were stopped: 0.0000879 seconds, Stopping threads took: 0.0000221 seconds
[2019-12-09T04:38:05.899+0000][1][safepoint    ] Application time: 1.0000760 seconds
[2019-12-09T04:38:05.899+0000][1][safepoint    ] Entering safepoint region: Cleanup
[2019-12-09T04:38:05.899+0000][1][safepoint    ] Leaving safepoint region
[2019-12-09T04:38:05.899+0000][1][safepoint    ] Total time for which application threads were stopped: 0.0000955 seconds, Stopping threads took: 0.0000185 seconds
[2019-12-09T04:38:06.899+0000][1][safepoint    ] Application time: 1.0000743 seconds
[2019-12-09T04:38:06.899+0000][1][safepoint    ] Entering safepoint region: Cleanup
[2019-12-09T04:38:06.899+0000][1][safepoint    ] Leaving safepoint region
[2019-12-09T04:38:06.899+0000][1][safepoint    ] Total time for which application threads were stopped: 0.0000844 seconds, Stopping threads took: 0.0000181 seconds
[2019-12-09T04:38:07.899+0000][1][safepoint    ] Application time: 1.0000745 seconds
[2019-12-09T04:38:07.899+0000][1][safepoint    ] Entering safepoint region: Cleanup
[2019-12-09T04:38:07.899+0000][1][safepoint    ] Leaving safepoint region
[2019-12-09T04:38:07.899+0000][1][safepoint    ] Total time for which application threads were stopped: 0.0000838 seconds, Stopping threads took: 0.0000168 seconds
[2019-12-09T04:38:08.899+0000][1][safepoint    ] Application time: 1.0000759 seconds
[2019-12-09T04:38:08.899+0000][1][safepoint    ] Entering safepoint region: Cleanup
[2019-12-09T04:38:08.899+0000][1][safepoint    ] Leaving safepoint region
[2019-12-09T04:38:08.899+0000][1][safepoint    ] Total time for which application threads were stopped: 0.0001055 seconds, Stopping threads took: 0.0000295 seconds
[2019-12-09T04:38:09.899+0000][1][safepoint    ] Application time: 1.0000762 seconds
[2019-12-09T04:38:09.899+0000][1][safepoint    ] Entering safepoint region: Cleanup
[2019-12-09T04:38:09.900+0000][1][safepoint    ] Leaving safepoint region
[2019-12-09T04:38:09.900+0000][1][safepoint    ] Total time for which application threads were stopped: 0.0000799 seconds, Stopping threads took: 0.0000160 seconds
[2019-12-09T04:38:11.825+0000][1][safepoint    ] Application time: 1.9252706 seconds
[2019-12-09T04:38:11.825+0000][1][safepoint    ] Entering safepoint region: Cleanup
[2019-12-09T04:38:11.825+0000][1][safepoint    ] Leaving safepoint region
[2019-12-09T04:38:11.825+0000][1][safepoint    ] Total time for which application threads were stopped: 0.0000860 seconds, Stopping threads took: 0.0000189 seconds
[2019-12-09T04:38:12.825+0000][1][safepoint    ] Application time: 1.0000750 seconds
[2019-12-09T04:38:12.825+0000][1][safepoint    ] Entering safepoint region: Cleanup
[2019-12-09T04:38:12.825+0000][1][safepoint    ] Leaving safepoint region
[2019-12-09T04:38:12.825+0000][1][safepoint    ] Total time for which application threads were stopped: 0.0000866 seconds, Stopping threads took: 0.0000183 seconds
[2019-12-09T04:38:13.825+0000][1][safepoint    ] Application time: 1.0000877 seconds
[2019-12-09T04:38:13.825+0000][1][safepoint    ] Entering safepoint region: Cleanup
[2019-12-09T04:38:13.825+0000][1][safepoint    ] Leaving safepoint region
[2019-12-09T04:38:13.825+0000][1][safepoint    ] Total time for which application threads were stopped: 0.0001181 seconds, Stopping threads took: 0.0000259 seconds
[2019-12-09T04:38:14.825+0000][1][safepoint    ] Application time: 1.0000770 seconds
[2019-12-09T04:38:14.826+0000][1][safepoint    ] Entering safepoint region: Cleanup
[2019-12-09T04:38:14.826+0000][1][safepoint    ] Leaving safepoint region
[2019-12-09T04:38:14.826+0000][1][safepoint    ] Total time for which application threads were stopped: 0.0000903 seconds, Stopping threads took: 0.0000178 seconds
[2019-12-09T04:38:15.826+0000][1][safepoint    ] Application time: 1.0000813 seconds
[2019-12-09T04:38:15.826+0000][1][safepoint    ] Entering safepoint region: Cleanup
[2019-12-09T04:38:15.826+0000][1][safepoint    ] Leaving safepoint region
[2019-12-09T04:38:15.826+0000][1][safepoint    ] Total time for which application threads were stopped: 0.0000844 seconds, Stopping threads took: 0.0000177 seconds
[2019-12-09T04:38:16.826+0000][1][safepoint    ] Application time: 1.0000767 seconds
[2019-12-09T04:38:16.826+0000][1][safepoint    ] Entering safepoint region: Cleanup
[2019-12-09T04:38:16.826+0000][1][safepoint    ] Leaving safepoint region
[2019-12-09T04:38:16.826+0000][1][safepoint    ] Total time for which application threads were stopped: 0.0000883 seconds, Stopping threads took: 0.0000205 seconds
[2019-12-09T04:38:17.826+0000][1][safepoint    ] Application time: 1.0000770 seconds
[2019-12-09T04:38:17.826+0000][1][safepoint    ] Entering safepoint region: Cleanup
[2019-12-09T04:38:17.826+0000][1][safepoint    ] Leaving safepoint region
[2019-12-09T04:38:17.826+0000][1][safepoint    ] Total time for which application threads were stopped: 0.0000886 seconds, Stopping threads took: 0.0000186 seconds
[2019-12-09T04:38:18.826+0000][1][safepoint    ] Application time: 1.0000750 seconds
[2019-12-09T04:38:18.826+0000][1][safepoint    ] Entering safepoint region: Cleanup
[2019-12-09T04:38:18.826+0000][1][safepoint    ] Leaving safepoint region
[2019-12-09T04:38:18.826+0000][1][safepoint    ] Total time for which application threads were stopped: 0.0000846 seconds, Stopping threads took: 0.0000177 seconds
[2019-12-09T04:38:19.827+0000][1][safepoint    ] Application time: 1.0000823 seconds
[2019-12-09T04:38:19.827+0000][1][safepoint    ] Entering safepoint region: Cleanup
[2019-12-09T04:38:19.827+0000][1][safepoint    ] Leaving safepoint region
[2019-12-09T04:38:19.827+0000][1][safepoint    ] Total time for which application threads were stopped: 0.0001004 seconds, Stopping threads took: 0.0000257 seconds
[2019-12-09T04:38:20.827+0000][1][safepoint    ] Application time: 1.0000764 seconds
[2019-12-09T04:38:20.827+0000][1][safepoint    ] Entering safepoint region: Cleanup
[2019-12-09T04:38:20.827+0000][1][safepoint    ] Leaving safepoint region
[2019-12-09T04:38:20.827+0000][1][safepoint    ] Total time for which application threads were stopped: 0.0000935 seconds, Stopping threads took: 0.0000192 seconds
[2019-12-09T04:38:21.827+0000][1][safepoint    ] Application time: 1.0000758 seconds
[2019-12-09T04:38:21.827+0000][1][safepoint    ] Entering safepoint region: Cleanup
[2019-12-09T04:38:21.827+0000][1][safepoint    ] Leaving safepoint region
[2019-12-09T04:38:21.827+0000][1][safepoint    ] Total time for which application threads were stopped: 0.0000858 seconds, Stopping threads took: 0.0000169 seconds
[2019-12-09T04:38:22.827+0000][1][safepoint    ] Application time: 1.0000751 seconds
[2019-12-09T04:38:22.827+0000][1][safepoint    ] Entering safepoint region: Cleanup
[2019-12-09T04:38:22.827+0000][1][safepoint    ] Leaving safepoint region
[2019-12-09T04:38:22.827+0000][1][safepoint    ] Total time for which application threads were stopped: 0.0000866 seconds, Stopping threads took: 0.0000185 seconds
[2019-12-09T04:38:23.827+0000][1][safepoint    ] Application time: 1.0000749 seconds
[2019-12-09T04:38:23.827+0000][1][safepoint    ] Entering safepoint region: Cleanup
[2019-12-09T04:38:23.828+0000][1][safepoint    ] Leaving safepoint region
[2019-12-09T04:38:23.828+0000][1][safepoint    ] Total time for which application threads were stopped: 0.0000843 seconds, Stopping threads took: 0.0000168 seconds
[2019-12-09T04:38:24.828+0000][1][safepoint    ] Application time: 1.0000759 seconds
[2019-12-09T04:38:24.828+0000][1][safepoint    ] Entering safepoint region: Cleanup
[2019-12-09T04:38:24.828+0000][1][safepoint    ] Leaving safepoint region
[2019-12-09T04:38:24.828+0000][1][safepoint    ] Total time for which application threads were stopped: 0.0001046 seconds, Stopping threads took: 0.0000265 seconds
[2019-12-09T04:38:25.828+0000][1][safepoint    ] Application time: 1.0000765 seconds
[2019-12-09T04:38:25.828+0000][1][safepoint    ] Entering safepoint region: Cleanup
[2019-12-09T04:38:25.828+0000][1][safepoint    ] Leaving safepoint region
[2019-12-09T04:38:25.828+0000][1][safepoint    ] Total time for which application threads were stopped: 0.0000843 seconds, Stopping threads took: 0.0000169 seconds
[2019-12-09T04:38:26.828+0000][1][safepoint    ] Application time: 1.0000777 seconds
[2019-12-09T04:38:26.828+0000][1][safepoint    ] Entering safepoint region: Cleanup
[2019-12-09T04:38:26.828+0000][1][safepoint    ] Leaving safepoint region
[2019-12-09T04:38:26.828+0000][1][safepoint    ] Total time for which application threads were stopped: 0.0000869 seconds, Stopping threads took: 0.0000185 seconds
[2019-12-09T04:38:27.828+0000][1][safepoint    ] Application time: 1.0000746 seconds
[2019-12-09T04:38:27.828+0000][1][safepoint    ] Entering safepoint region: Cleanup
[2019-12-09T04:38:27.828+0000][1][safepoint    ] Leaving safepoint region
[2019-12-09T04:38:27.828+0000][1][safepoint    ] Total time for which application threads were stopped: 0.0000842 seconds, Stopping threads took: 0.0000172 seconds
[2019-12-09T04:38:28.828+0000][1][safepoint    ] Application time: 1.0000747 seconds
[2019-12-09T04:38:28.828+0000][1][safepoint    ] Entering safepoint region: Cleanup
[2019-12-09T04:38:28.829+0000][1][safepoint    ] Leaving safepoint region
[2019-12-09T04:38:28.829+0000][1][safepoint    ] Total time for which application threads were stopped: 0.0000830 seconds, Stopping threads took: 0.0000174 seconds
[2019-12-09T04:38:29.829+0000][1][safepoint    ] Application time: 1.0000774 seconds
[2019-12-09T04:38:29.829+0000][1][safepoint    ] Entering safepoint region: Cleanup
[2019-12-09T04:38:29.829+0000][1][safepoint    ] Leaving safepoint region
[2019-12-09T04:38:29.829+0000][1][safepoint    ] Total time for which application threads were stopped: 0.0001071 seconds, Stopping threads took: 0.0000283 seconds
[2019-12-09T04:38:30.829+0000][1][safepoint    ] Application time: 1.0000764 seconds
[2019-12-09T04:38:30.829+0000][1][safepoint    ] Entering safepoint region: Cleanup
[2019-12-09T04:38:30.829+0000][1][safepoint    ] Leaving safepoint region
[2019-12-09T04:38:30.829+0000][1][safepoint    ] Total time for which application threads were stopped: 0.0000900 seconds, Stopping threads took: 0.0000222 seconds
[2019-12-09T04:38:31.829+0000][1][safepoint    ] Application time: 1.0000761 seconds
[2019-12-09T04:38:31.829+0000][1][safepoint    ] Entering safepoint region: Cleanup
[2019-12-09T04:38:31.829+0000][1][safepoint    ] Leaving safepoint region
[2019-12-09T04:38:31.829+0000][1][safepoint    ] Total time for which application threads were stopped: 0.0000887 seconds, Stopping threads took: 0.0000197 seconds
[2019-12-09T04:38:32.829+0000][1][safepoint    ] Application time: 1.0000771 seconds
[2019-12-09T04:38:32.829+0000][1][safepoint    ] Entering safepoint region: Cleanup
[2019-12-09T04:38:32.829+0000][1][safepoint    ] Leaving safepoint region
[2019-12-09T04:38:32.829+0000][1][safepoint    ] Total time for which application threads were stopped: 0.0000871 seconds, Stopping threads took: 0.0000184 seconds
[2019-12-09T04:38:33.829+0000][1][safepoint    ] Application time: 1.0000780 seconds
[2019-12-09T04:38:33.830+0000][1][safepoint    ] Entering safepoint region: Cleanup
[2019-12-09T04:38:33.830+0000][1][safepoint    ] Leaving safepoint region
[2019-12-09T04:38:33.830+0000][1][safepoint    ] Total time for which application threads were stopped: 0.0000935 seconds, Stopping threads took: 0.0000217 seconds
[2019-12-09T04:38:34.830+0000][1][safepoint    ] Application time: 1.0000867 seconds
[2019-12-09T04:38:34.830+0000][1][safepoint    ] Entering safepoint region: Cleanup
[2019-12-09T04:38:34.830+0000][1][safepoint    ] Leaving safepoint region
[2019-12-09T04:38:34.830+0000][1][safepoint    ] Total time for which application threads were stopped: 0.0000989 seconds, Stopping threads took: 0.0000260 seconds
[2019-12-09T04:38:35.830+0000][1][safepoint    ] Application time: 1.0000772 seconds
[2019-12-09T04:38:35.830+0000][1][safepoint    ] Entering safepoint region: Cleanup
[2019-12-09T04:38:35.830+0000][1][safepoint    ] Leaving safepoint region
[2019-12-09T04:38:35.830+0000][1][safepoint    ] Total time for which application threads were stopped: 0.0000987 seconds, Stopping threads took: 0.0000179 seconds
[2019-12-09T04:38:36.830+0000][1][safepoint    ] Application time: 1.0000759 seconds
[2019-12-09T04:38:36.830+0000][1][safepoint    ] Entering safepoint region: Cleanup
[2019-12-09T04:38:36.830+0000][1][safepoint    ] Leaving safepoint region
[2019-12-09T04:38:36.830+0000][1][safepoint    ] Total time for which application threads were stopped: 0.0000859 seconds, Stopping threads took: 0.0000180 seconds
[2019-12-09T04:38:37.830+0000][1][safepoint    ] Application time: 1.0000757 seconds
[2019-12-09T04:38:37.830+0000][1][safepoint    ] Entering safepoint region: Cleanup
[2019-12-09T04:38:37.830+0000][1][safepoint    ] Leaving safepoint region
[2019-12-09T04:38:37.830+0000][1][safepoint    ] Total time for which application threads were stopped: 0.0000864 seconds, Stopping threads took: 0.0000193 seconds
[2019-12-09T04:38:38.831+0000][1][safepoint    ] Application time: 1.0000742 seconds
[2019-12-09T04:38:38.831+0000][1][safepoint    ] Entering safepoint region: Cleanup
[2019-12-09T04:38:38.831+0000][1][safepoint    ] Leaving safepoint region
[2019-12-09T04:38:38.831+0000][1][safepoint    ] Total time for which application threads were stopped: 0.0000886 seconds, Stopping threads took: 0.0000183 seconds
[2019-12-09T04:38:39.831+0000][1][safepoint    ] Application time: 1.0000437 seconds
[2019-12-09T04:38:39.831+0000][1][safepoint    ] Entering safepoint region: Cleanup
[2019-12-09T04:38:39.831+0000][1][safepoint    ] Leaving safepoint region
[2019-12-09T04:38:39.831+0000][1][safepoint    ] Total time for which application threads were stopped: 0.0000915 seconds, Stopping threads took: 0.0000186 seconds
[2019-12-09T04:38:40.831+0000][1][safepoint    ] Application time: 1.0000765 seconds
[2019-12-09T04:38:40.831+0000][1][safepoint    ] Entering safepoint region: Cleanup
[2019-12-09T04:38:40.831+0000][1][safepoint    ] Leaving safepoint region
[2019-12-09T04:38:40.831+0000][1][safepoint    ] Total time for which application threads were stopped: 0.0000868 seconds, Stopping threads took: 0.0000178 seconds
[2019-12-09T04:38:40.936+0000][1][safepoint    ] Application time: 0.1044683 seconds
[2019-12-09T04:38:40.936+0000][1][safepoint    ] Entering safepoint region: RevokeBias
[2019-12-09T04:38:40.936+0000][1][safepoint    ] Leaving safepoint region
[2019-12-09T04:38:40.936+0000][1][safepoint    ] Total time for which application threads were stopped: 0.0001646 seconds, Stopping threads took: 0.0000548 seconds
[2019-12-09T04:38:40.936+0000][1][safepoint    ] Application time: 0.0000722 seconds
[2019-12-09T04:38:40.936+0000][1][safepoint    ] Entering safepoint region: RevokeBias
[2019-12-09T04:38:40.936+0000][1][safepoint    ] Leaving safepoint region
[2019-12-09T04:38:40.936+0000][1][safepoint    ] Total time for which application threads were stopped: 0.0000947 seconds, Stopping threads took: 0.0000211 seconds
[2019-12-09T04:38:40.936+0000][1][safepoint    ] Application time: 0.0000528 seconds
[2019-12-09T04:38:40.936+0000][1][safepoint    ] Entering safepoint region: RevokeBias
[2019-12-09T04:38:40.936+0000][1][safepoint    ] Leaving safepoint region
[2019-12-09T04:38:40.936+0000][1][safepoint    ] Total time for which application threads were stopped: 0.0000439 seconds, Stopping threads took: 0.0000070 seconds
[2019-12-09T04:38:40.936+0000][1][safepoint    ] Application time: 0.0001235 seconds
[2019-12-09T04:38:40.936+0000][1][safepoint    ] Entering safepoint region: RevokeBias
[2019-12-09T04:38:40.936+0000][1][safepoint    ] Leaving safepoint region
[2019-12-09T04:38:40.936+0000][1][safepoint    ] Total time for which application threads were stopped: 0.0000551 seconds, Stopping threads took: 0.0000081 seconds
[2019-12-09T04:38:40.936+0000][1][safepoint    ] Application time: 0.0000524 seconds
[2019-12-09T04:38:40.936+0000][1][safepoint    ] Entering safepoint region: RevokeBias
[2019-12-09T04:38:40.936+0000][1][safepoint    ] Leaving safepoint region
[2019-12-09T04:38:40.936+0000][1][safepoint    ] Total time for which application threads were stopped: 0.0000405 seconds, Stopping threads took: 0.0000068 seconds
[2019-12-09T04:38:40.936+0000][1][safepoint    ] Application time: 0.0000534 seconds
[2019-12-09T04:38:40.936+0000][1][safepoint    ] Entering safepoint region: RevokeBias
[2019-12-09T04:38:40.936+0000][1][safepoint    ] Leaving safepoint region
[2019-12-09T04:38:40.936+0000][1][safepoint    ] Total time for which application threads were stopped: 0.0000626 seconds, Stopping threads took: 0.0000308 seconds
[2019-12-09T04:38:40.937+0000][1][safepoint    ] Application time: 0.0000438 seconds
[2019-12-09T04:38:40.937+0000][1][safepoint    ] Entering safepoint region: RevokeBias
[2019-12-09T04:38:40.937+0000][1][safepoint    ] Leaving safepoint region
[2019-12-09T04:38:40.937+0000][1][safepoint    ] Total time for which application threads were stopped: 0.0000701 seconds, Stopping threads took: 0.0000338 seconds
[2019-12-09T04:38:40.937+0000][1][safepoint    ] Application time: 0.0000434 seconds
[2019-12-09T04:38:40.937+0000][1][safepoint    ] Entering safepoint region: RevokeBias
[2019-12-09T04:38:40.937+0000][1][safepoint    ] Leaving safepoint region
[2019-12-09T04:38:40.937+0000][1][safepoint    ] Total time for which application threads were stopped: 0.0000794 seconds, Stopping threads took: 0.0000082 seconds
[2019-12-09T04:38:40.937+0000][1][safepoint    ] Application time: 0.0000446 seconds
[2019-12-09T04:38:40.937+0000][1][safepoint    ] Entering safepoint region: RevokeBias
[2019-12-09T04:38:40.937+0000][1][safepoint    ] Leaving safepoint region
[2019-12-09T04:38:40.937+0000][1][safepoint    ] Total time for which application threads were stopped: 0.0000589 seconds, Stopping threads took: 0.0000087 seconds
[2019-12-09T04:38:41.032+0000][1][safepoint    ] Application time: 0.0952566 seconds
[2019-12-09T04:38:41.032+0000][1][safepoint    ] Entering safepoint region: GenCollectForAllocation
[2019-12-09T04:38:41.032+0000][1][gc,start     ] GC(74) Pause Young (Allocation Failure)
[2019-12-09T04:38:41.032+0000][1][gc,task      ] GC(74) Using 2 workers of 2 for evacuation
[2019-12-09T04:38:41.035+0000][1][gc,age       ] GC(74) Desired survivor size 4456448 bytes, new threshold 6 (max threshold 6)
[2019-12-09T04:38:41.035+0000][1][gc,age       ] GC(74) Age table with threshold 6 (max threshold 6)
[2019-12-09T04:38:41.035+0000][1][gc,age       ] GC(74) - age   1:     488424 bytes,     488424 total
[2019-12-09T04:38:41.035+0000][1][gc,age       ] GC(74) - age   2:       3360 bytes,     491784 total
[2019-12-09T04:38:41.035+0000][1][gc,age       ] GC(74) - age   3:        960 bytes,     492744 total
[2019-12-09T04:38:41.035+0000][1][gc,age       ] GC(74) - age   4:        320 bytes,     493064 total
[2019-12-09T04:38:41.035+0000][1][gc,age       ] GC(74) - age   5:        792 bytes,     493856 total
[2019-12-09T04:38:41.035+0000][1][gc,age       ] GC(74) - age   6:      16800 bytes,     510656 total
[2019-12-09T04:38:41.035+0000][1][gc,heap      ] GC(74) ParNew: 70006K->523K(78656K)
[2019-12-09T04:38:41.035+0000][1][gc,heap      ] GC(74) CMS: 119405K->119406K(174784K)
[2019-12-09T04:38:41.035+0000][1][gc,metaspace ] GC(74) Metaspace: 83688K->83688K(1126400K)
[2019-12-09T04:38:41.035+0000][1][gc           ] GC(74) Pause Young (Allocation Failure) 184M->117M(247M) 2.864ms
[2019-12-09T04:38:41.035+0000][1][gc,cpu       ] GC(74) User=0.00s Sys=0.00s Real=0.01s
[2019-12-09T04:38:41.035+0000][1][safepoint    ] Leaving safepoint region
[2019-12-09T04:38:41.035+0000][1][safepoint    ] Total time for which application threads were stopped: 0.0030828 seconds, Stopping threads took: 0.0000228 seconds
[2019-12-09T04:38:42.035+0000][1][safepoint    ] Application time: 1.0000843 seconds
[2019-12-09T04:38:42.035+0000][1][safepoint    ] Entering safepoint region: Cleanup
[2019-12-09T04:38:42.035+0000][1][safepoint    ] Leaving safepoint region
[2019-12-09T04:38:42.035+0000][1][safepoint    ] Total time for which application threads were stopped: 0.0000977 seconds, Stopping threads took: 0.0000178 seconds
[2019-12-09T04:38:43.036+0000][1][safepoint    ] Application time: 1.0000770 seconds
[2019-12-09T04:38:43.036+0000][1][safepoint    ] Entering safepoint region: Cleanup
[2019-12-09T04:38:43.036+0000][1][safepoint    ] Leaving safepoint region
[2019-12-09T04:38:43.036+0000][1][safepoint    ] Total time for which application threads were stopped: 0.0000910 seconds, Stopping threads took: 0.0000198 seconds
[2019-12-09T04:38:44.036+0000][1][safepoint    ] Application time: 1.0000754 seconds
[2019-12-09T04:38:44.036+0000][1][safepoint    ] Entering safepoint region: Cleanup
[2019-12-09T04:38:44.036+0000][1][safepoint    ] Leaving safepoint region
[2019-12-09T04:38:44.036+0000][1][safepoint    ] Total time for which application threads were stopped: 0.0000818 seconds, Stopping threads took: 0.0000168 seconds
[2019-12-09T04:38:45.036+0000][1][safepoint    ] Application time: 1.0000771 seconds
[2019-12-09T04:38:45.036+0000][1][safepoint    ] Entering safepoint region: Cleanup
[2019-12-09T04:38:45.036+0000][1][safepoint    ] Leaving safepoint region
[2019-12-09T04:38:45.036+0000][1][safepoint    ] Total time for which application threads were stopped: 0.0000929 seconds, Stopping threads took: 0.0000184 seconds
[2019-12-09T04:38:46.036+0000][1][safepoint    ] Application time: 1.0000755 seconds
[2019-12-09T04:38:46.036+0000][1][safepoint    ] Entering safepoint region: Cleanup
[2019-12-09T04:38:46.036+0000][1][safepoint    ] Leaving safepoint region
[2019-12-09T04:38:46.036+0000][1][safepoint    ] Total time for which application threads were stopped: 0.0000832 seconds, Stopping threads took: 0.0000176 seconds
[2019-12-09T04:38:47.036+0000][1][safepoint    ] Application time: 1.0000784 seconds
[2019-12-09T04:38:47.036+0000][1][safepoint    ] Entering safepoint region: Cleanup
[2019-12-09T04:38:47.036+0000][1][safepoint    ] Leaving safepoint region
[2019-12-09T04:38:47.036+0000][1][safepoint    ] Total time for which application threads were stopped: 0.0000850 seconds, Stopping threads took: 0.0000172 seconds
[2019-12-09T04:38:48.037+0000][1][safepoint    ] Application time: 1.0000777 seconds
[2019-12-09T04:38:48.037+0000][1][safepoint    ] Entering safepoint region: Cleanup
[2019-12-09T04:38:48.037+0000][1][safepoint    ] Leaving safepoint region
[2019-12-09T04:38:48.037+0000][1][safepoint    ] Total time for which application threads were stopped: 0.0000970 seconds, Stopping threads took: 0.0000184 seconds
[2019-12-09T04:38:49.037+0000][1][safepoint    ] Application time: 1.0000755 seconds
[2019-12-09T04:38:49.037+0000][1][safepoint    ] Entering safepoint region: Cleanup
[2019-12-09T04:38:49.037+0000][1][safepoint    ] Leaving safepoint region
[2019-12-09T04:38:49.037+0000][1][safepoint    ] Total time for which application threads were stopped: 0.0000845 seconds, Stopping threads took: 0.0000176 seconds
[2019-12-09T04:38:50.037+0000][1][safepoint    ] Application time: 1.0000744 seconds
[2019-12-09T04:38:50.037+0000][1][safepoint    ] Entering safepoint region: Cleanup
[2019-12-09T04:38:50.037+0000][1][safepoint    ] Leaving safepoint region
[2019-12-09T04:38:50.037+0000][1][safepoint    ] Total time for which application threads were stopped: 0.0000856 seconds, Stopping threads took: 0.0000178 seconds
[2019-12-09T04:38:51.037+0000][1][safepoint    ] Application time: 1.0000750 seconds
[2019-12-09T04:38:51.037+0000][1][safepoint    ] Entering safepoint region: Cleanup
[2019-12-09T04:38:51.037+0000][1][safepoint    ] Leaving safepoint region
[2019-12-09T04:38:51.037+0000][1][safepoint    ] Total time for which application threads were stopped: 0.0000817 seconds, Stopping threads took: 0.0000178 seconds
[2019-12-09T04:38:52.037+0000][1][safepoint    ] Application time: 1.0000756 seconds
[2019-12-09T04:38:52.037+0000][1][safepoint    ] Entering safepoint region: Cleanup
[2019-12-09T04:38:52.038+0000][1][safepoint    ] Leaving safepoint region
[2019-12-09T04:38:52.038+0000][1][safepoint    ] Total time for which application threads were stopped: 0.0000858 seconds, Stopping threads took: 0.0000181 seconds
[2019-12-09T04:38:53.038+0000][1][safepoint    ] Application time: 1.0000743 seconds
[2019-12-09T04:38:53.038+0000][1][safepoint    ] Entering safepoint region: Cleanup
[2019-12-09T04:38:53.038+0000][1][safepoint    ] Leaving safepoint region
[2019-12-09T04:38:53.038+0000][1][safepoint    ] Total time for which application threads were stopped: 0.0000973 seconds, Stopping threads took: 0.0000175 seconds
[2019-12-09T04:38:54.038+0000][1][safepoint    ] Application time: 1.0000830 seconds
[2019-12-09T04:38:54.038+0000][1][safepoint    ] Entering safepoint region: Cleanup
[2019-12-09T04:38:54.038+0000][1][safepoint    ] Leaving safepoint region
[2019-12-09T04:38:54.038+0000][1][safepoint    ] Total time for which application threads were stopped: 0.0001228 seconds, Stopping threads took: 0.0000241 seconds
[2019-12-09T04:38:55.038+0000][1][safepoint    ] Application time: 1.0000817 seconds
[2019-12-09T04:38:55.038+0000][1][safepoint    ] Entering safepoint region: Cleanup
[2019-12-09T04:38:55.038+0000][1][safepoint    ] Leaving safepoint region
[2019-12-09T04:38:55.038+0000][1][safepoint    ] Total time for which application threads were stopped: 0.0000842 seconds, Stopping threads took: 0.0000172 seconds
[2019-12-09T04:38:56.038+0000][1][safepoint    ] Application time: 1.0000768 seconds
[2019-12-09T04:38:56.038+0000][1][safepoint    ] Entering safepoint region: Cleanup
[2019-12-09T04:38:56.038+0000][1][safepoint    ] Leaving safepoint region
[2019-12-09T04:38:56.038+0000][1][safepoint    ] Total time for which application threads were stopped: 0.0000842 seconds, Stopping threads took: 0.0000173 seconds
[2019-12-09T04:38:57.039+0000][1][safepoint    ] Application time: 1.0000766 seconds
[2019-12-09T04:38:57.039+0000][1][safepoint    ] Entering safepoint region: Cleanup
[2019-12-09T04:38:57.039+0000][1][safepoint    ] Leaving safepoint region
[2019-12-09T04:38:57.039+0000][1][safepoint    ] Total time for which application threads were stopped: 0.0000887 seconds, Stopping threads took: 0.0000184 seconds
[2019-12-09T04:38:58.039+0000][1][safepoint    ] Application time: 1.0000748 seconds
[2019-12-09T04:38:58.039+0000][1][safepoint    ] Entering safepoint region: Cleanup
[2019-12-09T04:38:58.039+0000][1][safepoint    ] Leaving safepoint region
[2019-12-09T04:38:58.039+0000][1][safepoint    ] Total time for which application threads were stopped: 0.0000804 seconds, Stopping threads took: 0.0000169 seconds
[2019-12-09T04:38:59.039+0000][1][safepoint    ] Application time: 1.0000738 seconds
[2019-12-09T04:38:59.039+0000][1][safepoint    ] Entering safepoint region: Cleanup
[2019-12-09T04:38:59.039+0000][1][safepoint    ] Leaving safepoint region
[2019-12-09T04:38:59.039+0000][1][safepoint    ] Total time for which application threads were stopped: 0.0000855 seconds, Stopping threads took: 0.0000174 seconds
[2019-12-09T04:39:00.039+0000][1][safepoint    ] Application time: 1.0000724 seconds
[2019-12-09T04:39:00.039+0000][1][safepoint    ] Entering safepoint region: Cleanup
[2019-12-09T04:39:00.039+0000][1][safepoint    ] Leaving safepoint region
[2019-12-09T04:39:00.039+0000][1][safepoint    ] Total time for which application threads were stopped: 0.0000882 seconds, Stopping threads took: 0.0000175 seconds
[2019-12-09T04:39:01.039+0000][1][safepoint    ] Application time: 1.0000762 seconds
[2019-12-09T04:39:01.039+0000][1][safepoint    ] Entering safepoint region: Cleanup
[2019-12-09T04:39:01.039+0000][1][safepoint    ] Leaving safepoint region
[2019-12-09T04:39:01.039+0000][1][safepoint    ] Total time for which application threads were stopped: 0.0000849 seconds, Stopping threads took: 0.0000185 seconds
[2019-12-09T04:39:02.040+0000][1][safepoint    ] Application time: 1.0000758 seconds
[2019-12-09T04:39:02.040+0000][1][safepoint    ] Entering safepoint region: Cleanup
[2019-12-09T04:39:02.040+0000][1][safepoint    ] Leaving safepoint region
[2019-12-09T04:39:02.040+0000][1][safepoint    ] Total time for which application threads were stopped: 0.0000820 seconds, Stopping threads took: 0.0000177 seconds
[2019-12-09T04:39:03.040+0000][1][safepoint    ] Application time: 1.0000767 seconds
[2019-12-09T04:39:03.040+0000][1][safepoint    ] Entering safepoint region: Cleanup
[2019-12-09T04:39:03.040+0000][1][safepoint    ] Leaving safepoint region
[2019-12-09T04:39:03.040+0000][1][safepoint    ] Total time for which application threads were stopped: 0.0000863 seconds, Stopping threads took: 0.0000183 seconds
[2019-12-09T04:39:04.040+0000][1][safepoint    ] Application time: 1.0000752 seconds
[2019-12-09T04:39:04.040+0000][1][safepoint    ] Entering safepoint region: Cleanup
[2019-12-09T04:39:04.040+0000][1][safepoint    ] Leaving safepoint region
[2019-12-09T04:39:04.040+0000][1][safepoint    ] Total time for which application threads were stopped: 0.0000864 seconds, Stopping threads took: 0.0000184 seconds
[2019-12-09T04:39:05.040+0000][1][safepoint    ] Application time: 1.0000760 seconds
[2019-12-09T04:39:05.040+0000][1][safepoint    ] Entering safepoint region: Cleanup
[2019-12-09T04:39:05.040+0000][1][safepoint    ] Leaving safepoint region
[2019-12-09T04:39:05.040+0000][1][safepoint    ] Total time for which application threads were stopped: 0.0000968 seconds, Stopping threads took: 0.0000266 seconds
[2019-12-09T04:39:06.040+0000][1][safepoint    ] Application time: 1.0000754 seconds
[2019-12-09T04:39:06.040+0000][1][safepoint    ] Entering safepoint region: Cleanup
[2019-12-09T04:39:06.040+0000][1][safepoint    ] Leaving safepoint region
[2019-12-09T04:39:06.040+0000][1][safepoint    ] Total time for which application threads were stopped: 0.0000853 seconds, Stopping threads took: 0.0000187 seconds
[2019-12-09T04:39:07.041+0000][1][safepoint    ] Application time: 1.0000747 seconds
[2019-12-09T04:39:07.041+0000][1][safepoint    ] Entering safepoint region: Cleanup
[2019-12-09T04:39:07.041+0000][1][safepoint    ] Leaving safepoint region
[2019-12-09T04:39:07.041+0000][1][safepoint    ] Total time for which application threads were stopped: 0.0000945 seconds, Stopping threads took: 0.0000181 seconds
[2019-12-09T04:39:08.041+0000][1][safepoint    ] Application time: 1.0000772 seconds
[2019-12-09T04:39:08.041+0000][1][safepoint    ] Entering safepoint region: Cleanup
[2019-12-09T04:39:08.041+0000][1][safepoint    ] Leaving safepoint region
[2019-12-09T04:39:08.041+0000][1][safepoint    ] Total time for which application threads were stopped: 0.0000865 seconds, Stopping threads took: 0.0000192 seconds
[2019-12-09T04:39:09.041+0000][1][safepoint    ] Application time: 1.0000745 seconds
[2019-12-09T04:39:09.041+0000][1][safepoint    ] Entering safepoint region: Cleanup
[2019-12-09T04:39:09.041+0000][1][safepoint    ] Leaving safepoint region
[2019-12-09T04:39:09.041+0000][1][safepoint    ] Total time for which application threads were stopped: 0.0000855 seconds, Stopping threads took: 0.0000174 seconds
[2019-12-09T04:39:10.041+0000][1][safepoint    ] Application time: 1.0000777 seconds
[2019-12-09T04:39:10.041+0000][1][safepoint    ] Entering safepoint region: Cleanup
[2019-12-09T04:39:10.041+0000][1][safepoint    ] Leaving safepoint region
[2019-12-09T04:39:10.041+0000][1][safepoint    ] Total time for which application threads were stopped: 0.0000884 seconds, Stopping threads took: 0.0000204 seconds
[2019-12-09T04:39:11.041+0000][1][safepoint    ] Application time: 1.0000756 seconds
[2019-12-09T04:39:11.041+0000][1][safepoint    ] Entering safepoint region: Cleanup
[2019-12-09T04:39:11.042+0000][1][safepoint    ] Leaving safepoint region
[2019-12-09T04:39:11.042+0000][1][safepoint    ] Total time for which application threads were stopped: 0.0000853 seconds, Stopping threads took: 0.0000175 seconds
[2019-12-09T04:39:12.042+0000][1][safepoint    ] Application time: 1.0000605 seconds
[2019-12-09T04:39:12.042+0000][1][safepoint    ] Entering safepoint region: Cleanup
[2019-12-09T04:39:12.042+0000][1][safepoint    ] Leaving safepoint region
[2019-12-09T04:39:12.042+0000][1][safepoint    ] Total time for which application threads were stopped: 0.0000978 seconds, Stopping threads took: 0.0000183 seconds
[2019-12-09T04:39:13.042+0000][1][safepoint    ] Application time: 1.0000707 seconds
[2019-12-09T04:39:13.042+0000][1][safepoint    ] Entering safepoint region: Cleanup
[2019-12-09T04:39:13.042+0000][1][safepoint    ] Leaving safepoint region
[2019-12-09T04:39:13.042+0000][1][safepoint    ] Total time for which application threads were stopped: 0.0000853 seconds, Stopping threads took: 0.0000169 seconds
[2019-12-09T04:39:14.042+0000][1][safepoint    ] Application time: 1.0000764 seconds
[2019-12-09T04:39:14.042+0000][1][safepoint    ] Entering safepoint region: Cleanup
[2019-12-09T04:39:14.042+0000][1][safepoint    ] Leaving safepoint region
[2019-12-09T04:39:14.042+0000][1][safepoint    ] Total time for which application threads were stopped: 0.0000859 seconds, Stopping threads took: 0.0000187 seconds
[2019-12-09T04:39:15.042+0000][1][safepoint    ] Application time: 1.0000763 seconds
[2019-12-09T04:39:15.042+0000][1][safepoint    ] Entering safepoint region: Cleanup
[2019-12-09T04:39:15.042+0000][1][safepoint    ] Leaving safepoint region
[2019-12-09T04:39:15.042+0000][1][safepoint    ] Total time for which application threads were stopped: 0.0000863 seconds, Stopping threads took: 0.0000183 seconds
[2019-12-09T04:39:16.042+0000][1][safepoint    ] Application time: 1.0000749 seconds
[2019-12-09T04:39:16.042+0000][1][safepoint    ] Entering safepoint region: Cleanup
[2019-12-09T04:39:16.043+0000][1][safepoint    ] Leaving safepoint region
[2019-12-09T04:39:16.043+0000][1][safepoint    ] Total time for which application threads were stopped: 0.0000842 seconds, Stopping threads took: 0.0000187 seconds
[2019-12-09T04:39:17.043+0000][1][safepoint    ] Application time: 1.0000753 seconds
[2019-12-09T04:39:17.043+0000][1][safepoint    ] Entering safepoint region: Cleanup
[2019-12-09T04:39:17.043+0000][1][safepoint    ] Leaving safepoint region
[2019-12-09T04:39:17.043+0000][1][safepoint    ] Total time for which application threads were stopped: 0.0000943 seconds, Stopping threads took: 0.0000276 seconds
[2019-12-09T04:39:18.043+0000][1][safepoint    ] Application time: 1.0000739 seconds
[2019-12-09T04:39:18.043+0000][1][safepoint    ] Entering safepoint region: Cleanup
[2019-12-09T04:39:18.043+0000][1][safepoint    ] Leaving safepoint region
[2019-12-09T04:39:18.043+0000][1][safepoint    ] Total time for which application threads were stopped: 0.0000859 seconds, Stopping threads took: 0.0000184 seconds
[2019-12-09T04:39:19.043+0000][1][safepoint    ] Application time: 1.0000737 seconds
[2019-12-09T04:39:19.043+0000][1][safepoint    ] Entering safepoint region: Cleanup
[2019-12-09T04:39:19.043+0000][1][safepoint    ] Leaving safepoint region
[2019-12-09T04:39:19.043+0000][1][safepoint    ] Total time for which application threads were stopped: 0.0000846 seconds, Stopping threads took: 0.0000174 seconds
[2019-12-09T04:39:20.043+0000][1][safepoint    ] Application time: 1.0000750 seconds
[2019-12-09T04:39:20.043+0000][1][safepoint    ] Entering safepoint region: Cleanup
[2019-12-09T04:39:20.043+0000][1][safepoint    ] Leaving safepoint region
[2019-12-09T04:39:20.043+0000][1][safepoint    ] Total time for which application threads were stopped: 0.0000866 seconds, Stopping threads took: 0.0000188 seconds
[2019-12-09T04:39:21.043+0000][1][safepoint    ] Application time: 1.0000766 seconds
[2019-12-09T04:39:21.044+0000][1][safepoint    ] Entering safepoint region: Cleanup
[2019-12-09T04:39:21.044+0000][1][safepoint    ] Leaving safepoint region
[2019-12-09T04:39:21.044+0000][1][safepoint    ] Total time for which application threads were stopped: 0.0000829 seconds, Stopping threads took: 0.0000173 seconds
[2019-12-09T04:39:22.614+0000][1][safepoint    ] Application time: 1.5704732 seconds
[2019-12-09T04:39:22.614+0000][1][safepoint    ] Entering safepoint region: Cleanup
[2019-12-09T04:39:22.614+0000][1][safepoint    ] Leaving safepoint region
[2019-12-09T04:39:22.614+0000][1][safepoint    ] Total time for which application threads were stopped: 0.0000871 seconds, Stopping threads took: 0.0000164 seconds
[2019-12-09T04:39:23.615+0000][1][safepoint    ] Application time: 1.0006321 seconds
[2019-12-09T04:39:23.615+0000][1][safepoint    ] Entering safepoint region: Cleanup
[2019-12-09T04:39:23.615+0000][1][safepoint    ] Leaving safepoint region
[2019-12-09T04:39:23.615+0000][1][safepoint    ] Total time for which application threads were stopped: 0.0001209 seconds, Stopping threads took: 0.0000257 seconds
[2019-12-09T04:39:24.615+0000][1][safepoint    ] Application time: 1.0000750 seconds
[2019-12-09T04:39:24.615+0000][1][safepoint    ] Entering safepoint region: Cleanup
[2019-12-09T04:39:24.615+0000][1][safepoint    ] Leaving safepoint region
[2019-12-09T04:39:24.615+0000][1][safepoint    ] Total time for which application threads were stopped: 0.0000828 seconds, Stopping threads took: 0.0000188 seconds
[2019-12-09T04:39:25.615+0000][1][safepoint    ] Application time: 1.0000751 seconds
[2019-12-09T04:39:25.615+0000][1][safepoint    ] Entering safepoint region: Cleanup
[2019-12-09T04:39:25.615+0000][1][safepoint    ] Leaving safepoint region
[2019-12-09T04:39:25.615+0000][1][safepoint    ] Total time for which application threads were stopped: 0.0000790 seconds, Stopping threads took: 0.0000174 seconds
[2019-12-09T04:39:26.615+0000][1][safepoint    ] Application time: 1.0000754 seconds
[2019-12-09T04:39:26.615+0000][1][safepoint    ] Entering safepoint region: Cleanup
[2019-12-09T04:39:26.616+0000][1][safepoint    ] Leaving safepoint region
[2019-12-09T04:39:26.616+0000][1][safepoint    ] Total time for which application threads were stopped: 0.0000816 seconds, Stopping threads took: 0.0000173 seconds
[2019-12-09T04:39:27.616+0000][1][safepoint    ] Application time: 1.0000746 seconds
[2019-12-09T04:39:27.616+0000][1][safepoint    ] Entering safepoint region: Cleanup
[2019-12-09T04:39:27.616+0000][1][safepoint    ] Leaving safepoint region
[2019-12-09T04:39:27.616+0000][1][safepoint    ] Total time for which application threads were stopped: 0.0000843 seconds, Stopping threads took: 0.0000160 seconds
[2019-12-09T04:39:28.616+0000][1][safepoint    ] Application time: 1.0000772 seconds
[2019-12-09T04:39:28.616+0000][1][safepoint    ] Entering safepoint region: Cleanup
[2019-12-09T04:39:28.616+0000][1][safepoint    ] Leaving safepoint region
[2019-12-09T04:39:28.616+0000][1][safepoint    ] Total time for which application threads were stopped: 0.0000775 seconds, Stopping threads took: 0.0000157 seconds
[2019-12-09T04:39:29.616+0000][1][safepoint    ] Application time: 1.0000748 seconds
[2019-12-09T04:39:29.616+0000][1][safepoint    ] Entering safepoint region: Cleanup
[2019-12-09T04:39:29.616+0000][1][safepoint    ] Leaving safepoint region
[2019-12-09T04:39:29.616+0000][1][safepoint    ] Total time for which application threads were stopped: 0.0000831 seconds, Stopping threads took: 0.0000180 seconds
[2019-12-09T04:39:30.616+0000][1][safepoint    ] Application time: 1.0000751 seconds
[2019-12-09T04:39:30.616+0000][1][safepoint    ] Entering safepoint region: Cleanup
[2019-12-09T04:39:30.616+0000][1][safepoint    ] Leaving safepoint region
[2019-12-09T04:39:30.616+0000][1][safepoint    ] Total time for which application threads were stopped: 0.0000804 seconds, Stopping threads took: 0.0000168 seconds
[2019-12-09T04:39:31.616+0000][1][safepoint    ] Application time: 1.0000801 seconds
[2019-12-09T04:39:31.616+0000][1][safepoint    ] Entering safepoint region: Cleanup
[2019-12-09T04:39:31.616+0000][1][safepoint    ] Leaving safepoint region
[2019-12-09T04:39:31.616+0000][1][safepoint    ] Total time for which application threads were stopped: 0.0000802 seconds, Stopping threads took: 0.0000187 seconds
[2019-12-09T04:39:32.617+0000][1][safepoint    ] Application time: 1.0000765 seconds
[2019-12-09T04:39:32.617+0000][1][safepoint    ] Entering safepoint region: Cleanup
[2019-12-09T04:39:32.617+0000][1][safepoint    ] Leaving safepoint region
[2019-12-09T04:39:32.617+0000][1][safepoint    ] Total time for which application threads were stopped: 0.0000797 seconds, Stopping threads took: 0.0000174 seconds
[2019-12-09T04:39:33.617+0000][1][safepoint    ] Application time: 1.0000809 seconds
[2019-12-09T04:39:33.617+0000][1][safepoint    ] Entering safepoint region: Cleanup
[2019-12-09T04:39:33.617+0000][1][safepoint    ] Leaving safepoint region
[2019-12-09T04:39:33.617+0000][1][safepoint    ] Total time for which application threads were stopped: 0.0000785 seconds, Stopping threads took: 0.0000173 seconds
[2019-12-09T04:39:34.617+0000][1][safepoint    ] Application time: 1.0000764 seconds
[2019-12-09T04:39:34.617+0000][1][safepoint    ] Entering safepoint region: Cleanup
[2019-12-09T04:39:34.617+0000][1][safepoint    ] Leaving safepoint region
[2019-12-09T04:39:34.617+0000][1][safepoint    ] Total time for which application threads were stopped: 0.0000789 seconds, Stopping threads took: 0.0000168 seconds
[2019-12-09T04:39:35.617+0000][1][safepoint    ] Application time: 1.0000746 seconds
[2019-12-09T04:39:35.617+0000][1][safepoint    ] Entering safepoint region: Cleanup
[2019-12-09T04:39:35.617+0000][1][safepoint    ] Leaving safepoint region
[2019-12-09T04:39:35.617+0000][1][safepoint    ] Total time for which application threads were stopped: 0.0000829 seconds, Stopping threads took: 0.0000215 seconds
[2019-12-09T04:39:36.617+0000][1][safepoint    ] Application time: 1.0000752 seconds
[2019-12-09T04:39:36.617+0000][1][safepoint    ] Entering safepoint region: Cleanup
[2019-12-09T04:39:36.617+0000][1][safepoint    ] Leaving safepoint region
[2019-12-09T04:39:36.617+0000][1][safepoint    ] Total time for which application threads were stopped: 0.0000785 seconds, Stopping threads took: 0.0000160 seconds
[2019-12-09T04:39:37.617+0000][1][safepoint    ] Application time: 1.0000749 seconds
[2019-12-09T04:39:37.617+0000][1][safepoint    ] Entering safepoint region: Cleanup
[2019-12-09T04:39:37.618+0000][1][safepoint    ] Leaving safepoint region
[2019-12-09T04:39:37.618+0000][1][safepoint    ] Total time for which application threads were stopped: 0.0000896 seconds, Stopping threads took: 0.0000266 seconds
[2019-12-09T04:39:38.618+0000][1][safepoint    ] Application time: 1.0000751 seconds
[2019-12-09T04:39:38.618+0000][1][safepoint    ] Entering safepoint region: Cleanup
[2019-12-09T04:39:38.618+0000][1][safepoint    ] Leaving safepoint region
[2019-12-09T04:39:38.618+0000][1][safepoint    ] Total time for which application threads were stopped: 0.0000914 seconds, Stopping threads took: 0.0000280 seconds
[2019-12-09T04:39:39.618+0000][1][safepoint    ] Application time: 1.0000759 seconds
[2019-12-09T04:39:39.618+0000][1][safepoint    ] Entering safepoint region: Cleanup
[2019-12-09T04:39:39.618+0000][1][safepoint    ] Leaving safepoint region
[2019-12-09T04:39:39.618+0000][1][safepoint    ] Total time for which application threads were stopped: 0.0000807 seconds, Stopping threads took: 0.0000162 seconds
[2019-12-09T04:39:41.395+0000][1][safepoint    ] Application time: 1.7773802 seconds
[2019-12-09T04:39:41.395+0000][1][safepoint    ] Entering safepoint region: Cleanup
[2019-12-09T04:39:41.395+0000][1][safepoint    ] Leaving safepoint region
[2019-12-09T04:39:41.395+0000][1][safepoint    ] Total time for which application threads were stopped: 0.0000879 seconds, Stopping threads took: 0.0000169 seconds
[2019-12-09T04:39:42.396+0000][1][safepoint    ] Application time: 1.0000751 seconds
[2019-12-09T04:39:42.396+0000][1][safepoint    ] Entering safepoint region: Cleanup
[2019-12-09T04:39:42.396+0000][1][safepoint    ] Leaving safepoint region
[2019-12-09T04:39:42.396+0000][1][safepoint    ] Total time for which application threads were stopped: 0.0000827 seconds, Stopping threads took: 0.0000183 seconds
[2019-12-09T04:39:43.396+0000][1][safepoint    ] Application time: 1.0000757 seconds
[2019-12-09T04:39:43.396+0000][1][safepoint    ] Entering safepoint region: Cleanup
[2019-12-09T04:39:43.396+0000][1][safepoint    ] Leaving safepoint region
[2019-12-09T04:39:43.396+0000][1][safepoint    ] Total time for which application threads were stopped: 0.0000816 seconds, Stopping threads took: 0.0000180 seconds
[2019-12-09T04:39:44.396+0000][1][safepoint    ] Application time: 1.0000725 seconds
[2019-12-09T04:39:44.396+0000][1][safepoint    ] Entering safepoint region: Cleanup
[2019-12-09T04:39:44.396+0000][1][safepoint    ] Leaving safepoint region
[2019-12-09T04:39:44.396+0000][1][safepoint    ] Total time for which application threads were stopped: 0.0000827 seconds, Stopping threads took: 0.0000182 seconds
[2019-12-09T04:39:45.396+0000][1][safepoint    ] Application time: 1.0000763 seconds
[2019-12-09T04:39:45.396+0000][1][safepoint    ] Entering safepoint region: Cleanup
[2019-12-09T04:39:45.396+0000][1][safepoint    ] Leaving safepoint region
[2019-12-09T04:39:45.396+0000][1][safepoint    ] Total time for which application threads were stopped: 0.0000893 seconds, Stopping threads took: 0.0000251 seconds
[2019-12-09T04:39:46.396+0000][1][safepoint    ] Application time: 1.0000752 seconds
[2019-12-09T04:39:46.396+0000][1][safepoint    ] Entering safepoint region: Cleanup
[2019-12-09T04:39:46.396+0000][1][safepoint    ] Leaving safepoint region
[2019-12-09T04:39:46.396+0000][1][safepoint    ] Total time for which application threads were stopped: 0.0000825 seconds, Stopping threads took: 0.0000174 seconds
[2019-12-09T04:39:47.397+0000][1][safepoint    ] Application time: 1.0000763 seconds
[2019-12-09T04:39:47.397+0000][1][safepoint    ] Entering safepoint region: Cleanup
[2019-12-09T04:39:47.397+0000][1][safepoint    ] Leaving safepoint region
[2019-12-09T04:39:47.397+0000][1][safepoint    ] Total time for which application threads were stopped: 0.0000831 seconds, Stopping threads took: 0.0000172 seconds
[2019-12-09T04:39:48.397+0000][1][safepoint    ] Application time: 1.0000761 seconds
[2019-12-09T04:39:48.397+0000][1][safepoint    ] Entering safepoint region: Cleanup
[2019-12-09T04:39:48.397+0000][1][safepoint    ] Leaving safepoint region
[2019-12-09T04:39:48.397+0000][1][safepoint    ] Total time for which application threads were stopped: 0.0000913 seconds, Stopping threads took: 0.0000254 seconds
[2019-12-09T04:39:49.397+0000][1][safepoint    ] Application time: 1.0000793 seconds
[2019-12-09T04:39:49.397+0000][1][safepoint    ] Entering safepoint region: Cleanup
[2019-12-09T04:39:49.397+0000][1][safepoint    ] Leaving safepoint region
[2019-12-09T04:39:49.397+0000][1][safepoint    ] Total time for which application threads were stopped: 0.0000846 seconds, Stopping threads took: 0.0000212 seconds
[2019-12-09T04:39:50.397+0000][1][safepoint    ] Application time: 1.0000759 seconds
[2019-12-09T04:39:50.397+0000][1][safepoint    ] Entering safepoint region: Cleanup
[2019-12-09T04:39:50.397+0000][1][safepoint    ] Leaving safepoint region
[2019-12-09T04:39:50.397+0000][1][safepoint    ] Total time for which application threads were stopped: 0.0000806 seconds, Stopping threads took: 0.0000173 seconds
[2019-12-09T04:39:51.397+0000][1][safepoint    ] Application time: 1.0000754 seconds
[2019-12-09T04:39:51.397+0000][1][safepoint    ] Entering safepoint region: Cleanup
[2019-12-09T04:39:51.397+0000][1][safepoint    ] Leaving safepoint region
[2019-12-09T04:39:51.397+0000][1][safepoint    ] Total time for which application threads were stopped: 0.0000830 seconds, Stopping threads took: 0.0000164 seconds
[2019-12-09T04:39:52.398+0000][1][safepoint    ] Application time: 1.0000762 seconds
[2019-12-09T04:39:52.398+0000][1][safepoint    ] Entering safepoint region: Cleanup
[2019-12-09T04:39:52.398+0000][1][safepoint    ] Leaving safepoint region
[2019-12-09T04:39:52.398+0000][1][safepoint    ] Total time for which application threads were stopped: 0.0000971 seconds, Stopping threads took: 0.0000210 seconds
[2019-12-09T04:39:53.398+0000][1][safepoint    ] Application time: 1.0000377 seconds
[2019-12-09T04:39:53.398+0000][1][safepoint    ] Entering safepoint region: Cleanup
[2019-12-09T04:39:53.398+0000][1][safepoint    ] Leaving safepoint region
[2019-12-09T04:39:53.398+0000][1][safepoint    ] Total time for which application threads were stopped: 0.0000799 seconds, Stopping threads took: 0.0000161 seconds
[2019-12-09T04:39:54.398+0000][1][safepoint    ] Application time: 1.0000755 seconds
[2019-12-09T04:39:54.398+0000][1][safepoint    ] Entering safepoint region: Cleanup
[2019-12-09T04:39:54.398+0000][1][safepoint    ] Leaving safepoint region
[2019-12-09T04:39:54.398+0000][1][safepoint    ] Total time for which application threads were stopped: 0.0000856 seconds, Stopping threads took: 0.0000188 seconds
[2019-12-09T04:39:55.398+0000][1][safepoint    ] Application time: 1.0000748 seconds
[2019-12-09T04:39:55.398+0000][1][safepoint    ] Entering safepoint region: Cleanup
[2019-12-09T04:39:55.398+0000][1][safepoint    ] Leaving safepoint region
[2019-12-09T04:39:55.398+0000][1][safepoint    ] Total time for which application threads were stopped: 0.0000848 seconds, Stopping threads took: 0.0000193 seconds
[2019-12-09T04:39:56.398+0000][1][safepoint    ] Application time: 1.0000766 seconds
[2019-12-09T04:39:56.398+0000][1][safepoint    ] Entering safepoint region: Cleanup
[2019-12-09T04:39:56.398+0000][1][safepoint    ] Leaving safepoint region
[2019-12-09T04:39:56.398+0000][1][safepoint    ] Total time for which application threads were stopped: 0.0000838 seconds, Stopping threads took: 0.0000182 seconds
[2019-12-09T04:39:57.399+0000][1][safepoint    ] Application time: 1.0000759 seconds
[2019-12-09T04:39:57.399+0000][1][safepoint    ] Entering safepoint region: Cleanup
[2019-12-09T04:39:57.399+0000][1][safepoint    ] Leaving safepoint region
[2019-12-09T04:39:57.399+0000][1][safepoint    ] Total time for which application threads were stopped: 0.0000829 seconds, Stopping threads took: 0.0000173 seconds
[2019-12-09T04:39:58.399+0000][1][safepoint    ] Application time: 1.0000764 seconds
[2019-12-09T04:39:58.399+0000][1][safepoint    ] Entering safepoint region: Cleanup
[2019-12-09T04:39:58.399+0000][1][safepoint    ] Leaving safepoint region
[2019-12-09T04:39:58.399+0000][1][safepoint    ] Total time for which application threads were stopped: 0.0000904 seconds, Stopping threads took: 0.0000247 seconds
[2019-12-09T04:39:58.940+0000][1][safepoint    ] Application time: 0.5415703 seconds
[2019-12-09T04:39:58.941+0000][1][safepoint    ] Entering safepoint region: GenCollectForAllocation
[2019-12-09T04:39:58.941+0000][1][gc,start     ] GC(75) Pause Young (Allocation Failure)
[2019-12-09T04:39:58.941+0000][1][gc,task      ] GC(75) Using 2 workers of 2 for evacuation
[2019-12-09T04:39:58.942+0000][1][gc,age       ] GC(75) Desired survivor size 4456448 bytes, new threshold 6 (max threshold 6)
[2019-12-09T04:39:58.942+0000][1][gc,age       ] GC(75) Age table with threshold 6 (max threshold 6)
[2019-12-09T04:39:58.942+0000][1][gc,age       ] GC(75) - age   1:      11560 bytes,      11560 total
[2019-12-09T04:39:58.942+0000][1][gc,age       ] GC(75) - age   2:      13656 bytes,      25216 total
[2019-12-09T04:39:58.942+0000][1][gc,age       ] GC(75) - age   3:       2600 bytes,      27816 total
[2019-12-09T04:39:58.942+0000][1][gc,age       ] GC(75) - age   4:        960 bytes,      28776 total
[2019-12-09T04:39:58.942+0000][1][gc,age       ] GC(75) - age   5:        320 bytes,      29096 total
[2019-12-09T04:39:58.942+0000][1][gc,age       ] GC(75) - age   6:        792 bytes,      29888 total
[2019-12-09T04:39:58.942+0000][1][gc,heap      ] GC(75) ParNew: 70475K->376K(78656K)
[2019-12-09T04:39:58.942+0000][1][gc,heap      ] GC(75) CMS: 119406K->119422K(174784K)
[2019-12-09T04:39:58.942+0000][1][gc,metaspace ] GC(75) Metaspace: 83690K->83690K(1126400K)
[2019-12-09T04:39:58.942+0000][1][gc           ] GC(75) Pause Young (Allocation Failure) 185M->116M(247M) 1.872ms
[2019-12-09T04:39:58.943+0000][1][gc,cpu       ] GC(75) User=0.00s Sys=0.00s Real=0.00s
[2019-12-09T04:39:58.943+0000][1][safepoint    ] Leaving safepoint region
[2019-12-09T04:39:58.943+0000][1][safepoint    ] Total time for which application threads were stopped: 0.0020309 seconds, Stopping threads took: 0.0000170 seconds
[2019-12-09T04:39:59.943+0000][1][safepoint    ] Application time: 1.0000872 seconds
[2019-12-09T04:39:59.943+0000][1][safepoint    ] Entering safepoint region: Cleanup
[2019-12-09T04:39:59.943+0000][1][safepoint    ] Leaving safepoint region
[2019-12-09T04:39:59.943+0000][1][safepoint    ] Total time for which application threads were stopped: 0.0000959 seconds, Stopping threads took: 0.0000282 seconds
[2019-12-09T04:40:00.943+0000][1][safepoint    ] Application time: 1.0000755 seconds
[2019-12-09T04:40:00.943+0000][1][safepoint    ] Entering safepoint region: Cleanup
[2019-12-09T04:40:00.943+0000][1][safepoint    ] Leaving safepoint region
[2019-12-09T04:40:00.943+0000][1][safepoint    ] Total time for which application threads were stopped: 0.0000849 seconds, Stopping threads took: 0.0000179 seconds
[2019-12-09T04:40:01.943+0000][1][safepoint    ] Application time: 1.0000866 seconds
[2019-12-09T04:40:01.943+0000][1][safepoint    ] Entering safepoint region: Cleanup
[2019-12-09T04:40:01.943+0000][1][safepoint    ] Leaving safepoint region
[2019-12-09T04:40:01.943+0000][1][safepoint    ] Total time for which application threads were stopped: 0.0001192 seconds, Stopping threads took: 0.0000257 seconds
[2019-12-09T04:40:02.943+0000][1][safepoint    ] Application time: 1.0000763 seconds
[2019-12-09T04:40:02.943+0000][1][safepoint    ] Entering safepoint region: Cleanup
[2019-12-09T04:40:02.943+0000][1][safepoint    ] Leaving safepoint region
[2019-12-09T04:40:02.943+0000][1][safepoint    ] Total time for which application threads were stopped: 0.0000820 seconds, Stopping threads took: 0.0000169 seconds
[2019-12-09T04:40:03.943+0000][1][safepoint    ] Application time: 1.0000745 seconds
[2019-12-09T04:40:03.944+0000][1][safepoint    ] Entering safepoint region: Cleanup
[2019-12-09T04:40:03.944+0000][1][safepoint    ] Leaving safepoint region
[2019-12-09T04:40:03.944+0000][1][safepoint    ] Total time for which application threads were stopped: 0.0000833 seconds, Stopping threads took: 0.0000178 seconds
[2019-12-09T04:40:04.944+0000][1][safepoint    ] Application time: 1.0000754 seconds
[2019-12-09T04:40:04.944+0000][1][safepoint    ] Entering safepoint region: Cleanup
[2019-12-09T04:40:04.944+0000][1][safepoint    ] Leaving safepoint region
[2019-12-09T04:40:04.944+0000][1][safepoint    ] Total time for which application threads were stopped: 0.0000847 seconds, Stopping threads took: 0.0000191 seconds
[2019-12-09T04:40:05.944+0000][1][safepoint    ] Application time: 1.0000823 seconds
[2019-12-09T04:40:05.944+0000][1][safepoint    ] Entering safepoint region: Cleanup
[2019-12-09T04:40:05.944+0000][1][safepoint    ] Leaving safepoint region
[2019-12-09T04:40:05.944+0000][1][safepoint    ] Total time for which application threads were stopped: 0.0000874 seconds, Stopping threads took: 0.0000185 seconds
[2019-12-09T04:40:06.944+0000][1][safepoint    ] Application time: 1.0000735 seconds
[2019-12-09T04:40:06.944+0000][1][safepoint    ] Entering safepoint region: Cleanup
[2019-12-09T04:40:06.944+0000][1][safepoint    ] Leaving safepoint region
[2019-12-09T04:40:06.944+0000][1][safepoint    ] Total time for which application threads were stopped: 0.0000852 seconds, Stopping threads took: 0.0000173 seconds
[2019-12-09T04:40:07.944+0000][1][safepoint    ] Application time: 1.0000751 seconds
[2019-12-09T04:40:07.944+0000][1][safepoint    ] Entering safepoint region: Cleanup
[2019-12-09T04:40:07.944+0000][1][safepoint    ] Leaving safepoint region
[2019-12-09T04:40:07.944+0000][1][safepoint    ] Total time for which application threads were stopped: 0.0000832 seconds, Stopping threads took: 0.0000175 seconds
[2019-12-09T04:40:08.945+0000][1][safepoint    ] Application time: 1.0000743 seconds
[2019-12-09T04:40:08.945+0000][1][safepoint    ] Entering safepoint region: Cleanup
[2019-12-09T04:40:08.945+0000][1][safepoint    ] Leaving safepoint region
[2019-12-09T04:40:08.945+0000][1][safepoint    ] Total time for which application threads were stopped: 0.0000871 seconds, Stopping threads took: 0.0000195 seconds
[2019-12-09T04:40:09.945+0000][1][safepoint    ] Application time: 1.0000747 seconds
[2019-12-09T04:40:09.945+0000][1][safepoint    ] Entering safepoint region: Cleanup
[2019-12-09T04:40:09.945+0000][1][safepoint    ] Leaving safepoint region
[2019-12-09T04:40:09.945+0000][1][safepoint    ] Total time for which application threads were stopped: 0.0000880 seconds, Stopping threads took: 0.0000177 seconds
[2019-12-09T04:40:10.945+0000][1][safepoint    ] Application time: 1.0000739 seconds
[2019-12-09T04:40:10.945+0000][1][safepoint    ] Entering safepoint region: Cleanup
[2019-12-09T04:40:10.945+0000][1][safepoint    ] Leaving safepoint region
[2019-12-09T04:40:10.945+0000][1][safepoint    ] Total time for which application threads were stopped: 0.0000864 seconds, Stopping threads took: 0.0000193 seconds
[2019-12-09T04:40:11.945+0000][1][safepoint    ] Application time: 1.0000748 seconds
[2019-12-09T04:40:11.945+0000][1][safepoint    ] Entering safepoint region: Cleanup
[2019-12-09T04:40:11.945+0000][1][safepoint    ] Leaving safepoint region
[2019-12-09T04:40:11.945+0000][1][safepoint    ] Total time for which application threads were stopped: 0.0000891 seconds, Stopping threads took: 0.0000207 seconds
[2019-12-09T04:40:12.945+0000][1][safepoint    ] Application time: 1.0000769 seconds
[2019-12-09T04:40:12.945+0000][1][safepoint    ] Entering safepoint region: Cleanup
[2019-12-09T04:40:12.945+0000][1][safepoint    ] Leaving safepoint region
[2019-12-09T04:40:12.945+0000][1][safepoint    ] Total time for which application threads were stopped: 0.0000858 seconds, Stopping threads took: 0.0000176 seconds
[2019-12-09T04:40:13.946+0000][1][safepoint    ] Application time: 1.0000757 seconds
[2019-12-09T04:40:13.946+0000][1][safepoint    ] Entering safepoint region: Cleanup
[2019-12-09T04:40:13.946+0000][1][safepoint    ] Leaving safepoint region
[2019-12-09T04:40:13.946+0000][1][safepoint    ] Total time for which application threads were stopped: 0.0001143 seconds, Stopping threads took: 0.0000174 seconds
[2019-12-09T04:40:14.946+0000][1][safepoint    ] Application time: 1.0000754 seconds
[2019-12-09T04:40:14.946+0000][1][safepoint    ] Entering safepoint region: Cleanup
[2019-12-09T04:40:14.946+0000][1][safepoint    ] Leaving safepoint region
[2019-12-09T04:40:14.946+0000][1][safepoint    ] Total time for which application threads were stopped: 0.0000925 seconds, Stopping threads took: 0.0000266 seconds
[2019-12-09T04:40:15.946+0000][1][safepoint    ] Application time: 1.0000759 seconds
[2019-12-09T04:40:15.946+0000][1][safepoint    ] Entering safepoint region: Cleanup
[2019-12-09T04:40:15.946+0000][1][safepoint    ] Leaving safepoint region
[2019-12-09T04:40:15.946+0000][1][safepoint    ] Total time for which application threads were stopped: 0.0000862 seconds, Stopping threads took: 0.0000200 seconds
[2019-12-09T04:40:16.946+0000][1][safepoint    ] Application time: 1.0000760 seconds
[2019-12-09T04:40:16.946+0000][1][safepoint    ] Entering safepoint region: Cleanup
[2019-12-09T04:40:16.946+0000][1][safepoint    ] Leaving safepoint region
[2019-12-09T04:40:16.946+0000][1][safepoint    ] Total time for which application threads were stopped: 0.0000844 seconds, Stopping threads took: 0.0000183 seconds
[2019-12-09T04:40:17.946+0000][1][safepoint    ] Application time: 1.0000770 seconds
[2019-12-09T04:40:17.946+0000][1][safepoint    ] Entering safepoint region: Cleanup
[2019-12-09T04:40:17.947+0000][1][safepoint    ] Leaving safepoint region
[2019-12-09T04:40:17.947+0000][1][safepoint    ] Total time for which application threads were stopped: 0.0000866 seconds, Stopping threads took: 0.0000184 seconds
[2019-12-09T04:40:18.947+0000][1][safepoint    ] Application time: 1.0000753 seconds
[2019-12-09T04:40:18.947+0000][1][safepoint    ] Entering safepoint region: Cleanup
[2019-12-09T04:40:18.947+0000][1][safepoint    ] Leaving safepoint region
[2019-12-09T04:40:18.947+0000][1][safepoint    ] Total time for which application threads were stopped: 0.0000928 seconds, Stopping threads took: 0.0000171 seconds
[2019-12-09T04:40:19.947+0000][1][safepoint    ] Application time: 1.0000755 seconds
[2019-12-09T04:40:19.947+0000][1][safepoint    ] Entering safepoint region: Cleanup
[2019-12-09T04:40:19.947+0000][1][safepoint    ] Leaving safepoint region
[2019-12-09T04:40:19.947+0000][1][safepoint    ] Total time for which application threads were stopped: 0.0000851 seconds, Stopping threads took: 0.0000184 seconds
[2019-12-09T04:40:20.947+0000][1][safepoint    ] Application time: 1.0000758 seconds
[2019-12-09T04:40:20.947+0000][1][safepoint    ] Entering safepoint region: Cleanup
[2019-12-09T04:40:20.947+0000][1][safepoint    ] Leaving safepoint region
[2019-12-09T04:40:20.947+0000][1][safepoint    ] Total time for which application threads were stopped: 0.0000832 seconds, Stopping threads took: 0.0000186 seconds
[2019-12-09T04:40:21.947+0000][1][safepoint    ] Application time: 1.0000760 seconds
[2019-12-09T04:40:21.947+0000][1][safepoint    ] Entering safepoint region: Cleanup
[2019-12-09T04:40:21.947+0000][1][safepoint    ] Leaving safepoint region
[2019-12-09T04:40:21.947+0000][1][safepoint    ] Total time for which application threads were stopped: 0.0000849 seconds, Stopping threads took: 0.0000171 seconds
[2019-12-09T04:40:22.947+0000][1][safepoint    ] Application time: 1.0000748 seconds
[2019-12-09T04:40:22.947+0000][1][safepoint    ] Entering safepoint region: Cleanup
[2019-12-09T04:40:22.948+0000][1][safepoint    ] Leaving safepoint region
[2019-12-09T04:40:22.948+0000][1][safepoint    ] Total time for which application threads were stopped: 0.0000862 seconds, Stopping threads took: 0.0000190 seconds
[2019-12-09T04:40:23.948+0000][1][safepoint    ] Application time: 1.0000757 seconds
[2019-12-09T04:40:23.948+0000][1][safepoint    ] Entering safepoint region: Cleanup
[2019-12-09T04:40:23.948+0000][1][safepoint    ] Leaving safepoint region
[2019-12-09T04:40:23.948+0000][1][safepoint    ] Total time for which application threads were stopped: 0.0000880 seconds, Stopping threads took: 0.0000206 seconds
[2019-12-09T04:40:24.948+0000][1][safepoint    ] Application time: 1.0000745 seconds
[2019-12-09T04:40:24.948+0000][1][safepoint    ] Entering safepoint region: Cleanup
[2019-12-09T04:40:24.948+0000][1][safepoint    ] Leaving safepoint region
[2019-12-09T04:40:24.948+0000][1][safepoint    ] Total time for which application threads were stopped: 0.0000931 seconds, Stopping threads took: 0.0000261 seconds
[2019-12-09T04:40:25.948+0000][1][safepoint    ] Application time: 1.0000751 seconds
[2019-12-09T04:40:25.948+0000][1][safepoint    ] Entering safepoint region: Cleanup
[2019-12-09T04:40:25.948+0000][1][safepoint    ] Leaving safepoint region
[2019-12-09T04:40:25.948+0000][1][safepoint    ] Total time for which application threads were stopped: 0.0000853 seconds, Stopping threads took: 0.0000180 seconds
[2019-12-09T04:40:26.948+0000][1][safepoint    ] Application time: 1.0000761 seconds
[2019-12-09T04:40:26.948+0000][1][safepoint    ] Entering safepoint region: Cleanup
[2019-12-09T04:40:26.948+0000][1][safepoint    ] Leaving safepoint region
[2019-12-09T04:40:26.948+0000][1][safepoint    ] Total time for which application threads were stopped: 0.0000862 seconds, Stopping threads took: 0.0000181 seconds
[2019-12-09T04:40:27.948+0000][1][safepoint    ] Application time: 1.0000755 seconds
[2019-12-09T04:40:27.949+0000][1][safepoint    ] Entering safepoint region: Cleanup
[2019-12-09T04:40:27.949+0000][1][safepoint    ] Leaving safepoint region
[2019-12-09T04:40:27.949+0000][1][safepoint    ] Total time for which application threads were stopped: 0.0000894 seconds, Stopping threads took: 0.0000180 seconds
[2019-12-09T04:40:28.949+0000][1][safepoint    ] Application time: 1.0000757 seconds
[2019-12-09T04:40:28.949+0000][1][safepoint    ] Entering safepoint region: Cleanup
[2019-12-09T04:40:28.949+0000][1][safepoint    ] Leaving safepoint region
[2019-12-09T04:40:28.949+0000][1][safepoint    ] Total time for which application threads were stopped: 0.0000844 seconds, Stopping threads took: 0.0000183 seconds
[2019-12-09T04:40:29.949+0000][1][safepoint    ] Application time: 1.0000757 seconds
[2019-12-09T04:40:29.949+0000][1][safepoint    ] Entering safepoint region: Cleanup
[2019-12-09T04:40:29.949+0000][1][safepoint    ] Leaving safepoint region
[2019-12-09T04:40:29.949+0000][1][safepoint    ] Total time for which application threads were stopped: 0.0000846 seconds, Stopping threads took: 0.0000179 seconds
[2019-12-09T04:40:30.949+0000][1][safepoint    ] Application time: 1.0000762 seconds
[2019-12-09T04:40:30.949+0000][1][safepoint    ] Entering safepoint region: Cleanup
[2019-12-09T04:40:30.949+0000][1][safepoint    ] Leaving safepoint region
[2019-12-09T04:40:30.949+0000][1][safepoint    ] Total time for which application threads were stopped: 0.0000844 seconds, Stopping threads took: 0.0000174 seconds
[2019-12-09T04:40:31.949+0000][1][safepoint    ] Application time: 1.0000766 seconds
[2019-12-09T04:40:31.949+0000][1][safepoint    ] Entering safepoint region: Cleanup
[2019-12-09T04:40:31.949+0000][1][safepoint    ] Leaving safepoint region
[2019-12-09T04:40:31.949+0000][1][safepoint    ] Total time for which application threads were stopped: 0.0000896 seconds, Stopping threads took: 0.0000202 seconds
[2019-12-09T04:40:32.950+0000][1][safepoint    ] Application time: 1.0000747 seconds
[2019-12-09T04:40:32.950+0000][1][safepoint    ] Entering safepoint region: Cleanup
[2019-12-09T04:40:32.950+0000][1][safepoint    ] Leaving safepoint region
[2019-12-09T04:40:32.950+0000][1][safepoint    ] Total time for which application threads were stopped: 0.0000798 seconds, Stopping threads took: 0.0000166 seconds
[2019-12-09T04:40:33.950+0000][1][safepoint    ] Application time: 1.0000738 seconds
[2019-12-09T04:40:33.950+0000][1][safepoint    ] Entering safepoint region: Cleanup
[2019-12-09T04:40:33.950+0000][1][safepoint    ] Leaving safepoint region
[2019-12-09T04:40:33.950+0000][1][safepoint    ] Total time for which application threads were stopped: 0.0000853 seconds, Stopping threads took: 0.0000179 seconds
[2019-12-09T04:40:34.950+0000][1][safepoint    ] Application time: 1.0000757 seconds
[2019-12-09T04:40:34.950+0000][1][safepoint    ] Entering safepoint region: Cleanup
[2019-12-09T04:40:34.950+0000][1][safepoint    ] Leaving safepoint region
[2019-12-09T04:40:34.950+0000][1][safepoint    ] Total time for which application threads were stopped: 0.0000848 seconds, Stopping threads took: 0.0000182 seconds
[2019-12-09T04:40:35.950+0000][1][safepoint    ] Application time: 1.0000757 seconds
[2019-12-09T04:40:35.950+0000][1][safepoint    ] Entering safepoint region: Cleanup
[2019-12-09T04:40:35.950+0000][1][safepoint    ] Leaving safepoint region
[2019-12-09T04:40:35.950+0000][1][safepoint    ] Total time for which application threads were stopped: 0.0000863 seconds, Stopping threads took: 0.0000183 seconds
[2019-12-09T04:40:36.950+0000][1][safepoint    ] Application time: 1.0000769 seconds
[2019-12-09T04:40:36.950+0000][1][safepoint    ] Entering safepoint region: Cleanup
[2019-12-09T04:40:36.950+0000][1][safepoint    ] Leaving safepoint region
[2019-12-09T04:40:36.950+0000][1][safepoint    ] Total time for which application threads were stopped: 0.0000853 seconds, Stopping threads took: 0.0000176 seconds
[2019-12-09T04:40:37.951+0000][1][safepoint    ] Application time: 1.0000758 seconds
[2019-12-09T04:40:37.951+0000][1][safepoint    ] Entering safepoint region: Cleanup
[2019-12-09T04:40:37.951+0000][1][safepoint    ] Leaving safepoint region
[2019-12-09T04:40:37.951+0000][1][safepoint    ] Total time for which application threads were stopped: 0.0000870 seconds, Stopping threads took: 0.0000187 seconds
[2019-12-09T04:40:38.951+0000][1][safepoint    ] Application time: 1.0000734 seconds
[2019-12-09T04:40:38.951+0000][1][safepoint    ] Entering safepoint region: Cleanup
[2019-12-09T04:40:38.951+0000][1][safepoint    ] Leaving safepoint region
[2019-12-09T04:40:38.951+0000][1][safepoint    ] Total time for which application threads were stopped: 0.0000844 seconds, Stopping threads took: 0.0000177 seconds
[2019-12-09T04:40:39.951+0000][1][safepoint    ] Application time: 1.0000744 seconds
[2019-12-09T04:40:39.951+0000][1][safepoint    ] Entering safepoint region: Cleanup
[2019-12-09T04:40:39.951+0000][1][safepoint    ] Leaving safepoint region
[2019-12-09T04:40:39.951+0000][1][safepoint    ] Total time for which application threads were stopped: 0.0001040 seconds, Stopping threads took: 0.0000182 seconds
[2019-12-09T04:40:40.951+0000][1][safepoint    ] Application time: 1.0000750 seconds
[2019-12-09T04:40:40.951+0000][1][safepoint    ] Entering safepoint region: Cleanup
[2019-12-09T04:40:40.951+0000][1][safepoint    ] Leaving safepoint region
[2019-12-09T04:40:40.951+0000][1][safepoint    ] Total time for which application threads were stopped: 0.0000868 seconds, Stopping threads took: 0.0000181 seconds
[2019-12-09T04:40:41.951+0000][1][safepoint    ] Application time: 1.0000747 seconds
[2019-12-09T04:40:41.951+0000][1][safepoint    ] Entering safepoint region: Cleanup
[2019-12-09T04:40:41.952+0000][1][safepoint    ] Leaving safepoint region
[2019-12-09T04:40:41.952+0000][1][safepoint    ] Total time for which application threads were stopped: 0.0000855 seconds, Stopping threads took: 0.0000187 seconds
[2019-12-09T04:40:42.952+0000][1][safepoint    ] Application time: 1.0000745 seconds
[2019-12-09T04:40:42.952+0000][1][safepoint    ] Entering safepoint region: Cleanup
[2019-12-09T04:40:42.952+0000][1][safepoint    ] Leaving safepoint region
[2019-12-09T04:40:42.952+0000][1][safepoint    ] Total time for which application threads were stopped: 0.0000980 seconds, Stopping threads took: 0.0000177 seconds
[2019-12-09T04:40:43.952+0000][1][safepoint    ] Application time: 1.0000758 seconds
[2019-12-09T04:40:43.952+0000][1][safepoint    ] Entering safepoint region: Cleanup
[2019-12-09T04:40:43.952+0000][1][safepoint    ] Leaving safepoint region
[2019-12-09T04:40:43.952+0000][1][safepoint    ] Total time for which application threads were stopped: 0.0000853 seconds, Stopping threads took: 0.0000197 seconds
[2019-12-09T04:40:44.952+0000][1][safepoint    ] Application time: 1.0000733 seconds
[2019-12-09T04:40:44.952+0000][1][safepoint    ] Entering safepoint region: Cleanup
[2019-12-09T04:40:44.952+0000][1][safepoint    ] Leaving safepoint region
[2019-12-09T04:40:44.952+0000][1][safepoint    ] Total time for which application threads were stopped: 0.0001046 seconds, Stopping threads took: 0.0000185 seconds
[2019-12-09T04:40:45.952+0000][1][safepoint    ] Application time: 1.0000763 seconds
[2019-12-09T04:40:45.952+0000][1][safepoint    ] Entering safepoint region: Cleanup
[2019-12-09T04:40:45.952+0000][1][safepoint    ] Leaving safepoint region
[2019-12-09T04:40:45.952+0000][1][safepoint    ] Total time for which application threads were stopped: 0.0000855 seconds, Stopping threads took: 0.0000169 seconds
[2019-12-09T04:40:46.952+0000][1][safepoint    ] Application time: 1.0000749 seconds
[2019-12-09T04:40:46.952+0000][1][safepoint    ] Entering safepoint region: Cleanup
[2019-12-09T04:40:46.953+0000][1][safepoint    ] Leaving safepoint region
[2019-12-09T04:40:46.953+0000][1][safepoint    ] Total time for which application threads were stopped: 0.0000868 seconds, Stopping threads took: 0.0000179 seconds
[2019-12-09T04:40:47.953+0000][1][safepoint    ] Application time: 1.0000759 seconds
[2019-12-09T04:40:47.953+0000][1][safepoint    ] Entering safepoint region: Cleanup
[2019-12-09T04:40:47.953+0000][1][safepoint    ] Leaving safepoint region
[2019-12-09T04:40:47.953+0000][1][safepoint    ] Total time for which application threads were stopped: 0.0000854 seconds, Stopping threads took: 0.0000190 seconds
[2019-12-09T04:40:48.953+0000][1][safepoint    ] Application time: 1.0000745 seconds
[2019-12-09T04:40:48.953+0000][1][safepoint    ] Entering safepoint region: Cleanup
[2019-12-09T04:40:48.953+0000][1][safepoint    ] Leaving safepoint region
[2019-12-09T04:40:48.953+0000][1][safepoint    ] Total time for which application threads were stopped: 0.0000846 seconds, Stopping threads took: 0.0000177 seconds
[2019-12-09T04:40:49.953+0000][1][safepoint    ] Application time: 1.0000722 seconds
[2019-12-09T04:40:49.953+0000][1][safepoint    ] Entering safepoint region: Cleanup
[2019-12-09T04:40:49.953+0000][1][safepoint    ] Leaving safepoint region
[2019-12-09T04:40:49.953+0000][1][safepoint    ] Total time for which application threads were stopped: 0.0000864 seconds, Stopping threads took: 0.0000183 seconds
[2019-12-09T04:40:50.953+0000][1][safepoint    ] Application time: 1.0000756 seconds
[2019-12-09T04:40:50.953+0000][1][safepoint    ] Entering safepoint region: Cleanup
[2019-12-09T04:40:50.953+0000][1][safepoint    ] Leaving safepoint region
[2019-12-09T04:40:50.953+0000][1][safepoint    ] Total time for which application threads were stopped: 0.0000846 seconds, Stopping threads took: 0.0000171 seconds
[2019-12-09T04:40:52.638+0000][1][safepoint    ] Application time: 1.6846988 seconds
[2019-12-09T04:40:52.638+0000][1][safepoint    ] Entering safepoint region: Cleanup
[2019-12-09T04:40:52.638+0000][1][safepoint    ] Leaving safepoint region
[2019-12-09T04:40:52.638+0000][1][safepoint    ] Total time for which application threads were stopped: 0.0000813 seconds, Stopping threads took: 0.0000149 seconds
[2019-12-09T04:40:53.638+0000][1][safepoint    ] Application time: 1.0000729 seconds
[2019-12-09T04:40:53.638+0000][1][safepoint    ] Entering safepoint region: Cleanup
[2019-12-09T04:40:53.638+0000][1][safepoint    ] Leaving safepoint region
[2019-12-09T04:40:53.638+0000][1][safepoint    ] Total time for which application threads were stopped: 0.0000825 seconds, Stopping threads took: 0.0000171 seconds
[2019-12-09T04:40:54.638+0000][1][safepoint    ] Application time: 1.0000793 seconds
[2019-12-09T04:40:54.639+0000][1][safepoint    ] Entering safepoint region: Cleanup
[2019-12-09T04:40:54.639+0000][1][safepoint    ] Leaving safepoint region
[2019-12-09T04:40:54.639+0000][1][safepoint    ] Total time for which application threads were stopped: 0.0000828 seconds, Stopping threads took: 0.0000183 seconds
[2019-12-09T04:40:55.639+0000][1][safepoint    ] Application time: 1.0000795 seconds
[2019-12-09T04:40:55.639+0000][1][safepoint    ] Entering safepoint region: Cleanup
[2019-12-09T04:40:55.639+0000][1][safepoint    ] Leaving safepoint region
[2019-12-09T04:40:55.639+0000][1][safepoint    ] Total time for which application threads were stopped: 0.0000913 seconds, Stopping threads took: 0.0000253 seconds
[2019-12-09T04:40:56.639+0000][1][safepoint    ] Application time: 1.0000789 seconds
[2019-12-09T04:40:56.639+0000][1][safepoint    ] Entering safepoint region: Cleanup
[2019-12-09T04:40:56.639+0000][1][safepoint    ] Leaving safepoint region
[2019-12-09T04:40:56.639+0000][1][safepoint    ] Total time for which application threads were stopped: 0.0000818 seconds, Stopping threads took: 0.0000170 seconds
[2019-12-09T04:40:57.639+0000][1][safepoint    ] Application time: 1.0000806 seconds
[2019-12-09T04:40:57.639+0000][1][safepoint    ] Entering safepoint region: Cleanup
[2019-12-09T04:40:57.639+0000][1][safepoint    ] Leaving safepoint region
[2019-12-09T04:40:57.639+0000][1][safepoint    ] Total time for which application threads were stopped: 0.0000830 seconds, Stopping threads took: 0.0000166 seconds
[2019-12-09T04:40:58.639+0000][1][safepoint    ] Application time: 1.0000747 seconds
[2019-12-09T04:40:58.639+0000][1][safepoint    ] Entering safepoint region: Cleanup
[2019-12-09T04:40:58.639+0000][1][safepoint    ] Leaving safepoint region
[2019-12-09T04:40:58.639+0000][1][safepoint    ] Total time for which application threads were stopped: 0.0000894 seconds, Stopping threads took: 0.0000168 seconds
[2019-12-09T04:40:59.640+0000][1][safepoint    ] Application time: 1.0000759 seconds
[2019-12-09T04:40:59.640+0000][1][safepoint    ] Entering safepoint region: Cleanup
[2019-12-09T04:40:59.640+0000][1][safepoint    ] Leaving safepoint region
[2019-12-09T04:40:59.640+0000][1][safepoint    ] Total time for which application threads were stopped: 0.0000866 seconds, Stopping threads took: 0.0000195 seconds
[2019-12-09T04:41:00.640+0000][1][safepoint    ] Application time: 1.0000763 seconds
[2019-12-09T04:41:00.640+0000][1][safepoint    ] Entering safepoint region: Cleanup
[2019-12-09T04:41:00.640+0000][1][safepoint    ] Leaving safepoint region
[2019-12-09T04:41:00.640+0000][1][safepoint    ] Total time for which application threads were stopped: 0.0000808 seconds, Stopping threads took: 0.0000167 seconds
[2019-12-09T04:41:01.640+0000][1][safepoint    ] Application time: 1.0000748 seconds
[2019-12-09T04:41:01.640+0000][1][safepoint    ] Entering safepoint region: Cleanup
[2019-12-09T04:41:01.640+0000][1][safepoint    ] Leaving safepoint region
[2019-12-09T04:41:01.640+0000][1][safepoint    ] Total time for which application threads were stopped: 0.0000819 seconds, Stopping threads took: 0.0000158 seconds
[2019-12-09T04:41:02.640+0000][1][safepoint    ] Application time: 1.0000747 seconds
[2019-12-09T04:41:02.640+0000][1][safepoint    ] Entering safepoint region: Cleanup
[2019-12-09T04:41:02.640+0000][1][safepoint    ] Leaving safepoint region
[2019-12-09T04:41:02.640+0000][1][safepoint    ] Total time for which application threads were stopped: 0.0000808 seconds, Stopping threads took: 0.0000175 seconds
[2019-12-09T04:41:03.640+0000][1][safepoint    ] Application time: 1.0000742 seconds
[2019-12-09T04:41:03.640+0000][1][safepoint    ] Entering safepoint region: Cleanup
[2019-12-09T04:41:03.640+0000][1][safepoint    ] Leaving safepoint region
[2019-12-09T04:41:03.640+0000][1][safepoint    ] Total time for which application threads were stopped: 0.0000846 seconds, Stopping threads took: 0.0000174 seconds
[2019-12-09T04:41:04.641+0000][1][safepoint    ] Application time: 1.0000745 seconds
[2019-12-09T04:41:04.641+0000][1][safepoint    ] Entering safepoint region: Cleanup
[2019-12-09T04:41:04.641+0000][1][safepoint    ] Leaving safepoint region
[2019-12-09T04:41:04.641+0000][1][safepoint    ] Total time for which application threads were stopped: 0.0000817 seconds, Stopping threads took: 0.0000174 seconds
[2019-12-09T04:41:05.641+0000][1][safepoint    ] Application time: 1.0000752 seconds
[2019-12-09T04:41:05.641+0000][1][safepoint    ] Entering safepoint region: Cleanup
[2019-12-09T04:41:05.641+0000][1][safepoint    ] Leaving safepoint region
[2019-12-09T04:41:05.641+0000][1][safepoint    ] Total time for which application threads were stopped: 0.0000829 seconds, Stopping threads took: 0.0000162 seconds
[2019-12-09T04:41:06.641+0000][1][safepoint    ] Application time: 1.0000747 seconds
[2019-12-09T04:41:06.641+0000][1][safepoint    ] Entering safepoint region: Cleanup
[2019-12-09T04:41:06.641+0000][1][safepoint    ] Leaving safepoint region
[2019-12-09T04:41:06.641+0000][1][safepoint    ] Total time for which application threads were stopped: 0.0000795 seconds, Stopping threads took: 0.0000155 seconds
[2019-12-09T04:41:07.641+0000][1][safepoint    ] Application time: 1.0000750 seconds
[2019-12-09T04:41:07.641+0000][1][safepoint    ] Entering safepoint region: Cleanup
[2019-12-09T04:41:07.641+0000][1][safepoint    ] Leaving safepoint region
[2019-12-09T04:41:07.641+0000][1][safepoint    ] Total time for which application threads were stopped: 0.0000818 seconds, Stopping threads took: 0.0000168 seconds
[2019-12-09T04:41:08.641+0000][1][safepoint    ] Application time: 1.0000744 seconds
[2019-12-09T04:41:08.641+0000][1][safepoint    ] Entering safepoint region: Cleanup
[2019-12-09T04:41:08.641+0000][1][safepoint    ] Leaving safepoint region
[2019-12-09T04:41:08.641+0000][1][safepoint    ] Total time for which application threads were stopped: 0.0000845 seconds, Stopping threads took: 0.0000179 seconds
[2019-12-09T04:41:09.642+0000][1][safepoint    ] Application time: 1.0000764 seconds
[2019-12-09T04:41:09.642+0000][1][safepoint    ] Entering safepoint region: Cleanup
[2019-12-09T04:41:09.642+0000][1][safepoint    ] Leaving safepoint region
[2019-12-09T04:41:09.642+0000][1][safepoint    ] Total time for which application threads were stopped: 0.0000824 seconds, Stopping threads took: 0.0000166 seconds
[2019-12-09T04:41:10.642+0000][1][safepoint    ] Application time: 1.0000751 seconds
[2019-12-09T04:41:10.642+0000][1][safepoint    ] Entering safepoint region: Cleanup
[2019-12-09T04:41:10.642+0000][1][safepoint    ] Leaving safepoint region
[2019-12-09T04:41:10.642+0000][1][safepoint    ] Total time for which application threads were stopped: 0.0000859 seconds, Stopping threads took: 0.0000184 seconds
[2019-12-09T04:41:11.642+0000][1][safepoint    ] Application time: 1.0000762 seconds
[2019-12-09T04:41:11.642+0000][1][safepoint    ] Entering safepoint region: Cleanup
[2019-12-09T04:41:11.642+0000][1][safepoint    ] Leaving safepoint region
[2019-12-09T04:41:11.642+0000][1][safepoint    ] Total time for which application threads were stopped: 0.0000853 seconds, Stopping threads took: 0.0000180 seconds
[2019-12-09T04:41:12.642+0000][1][safepoint    ] Application time: 1.0000745 seconds
[2019-12-09T04:41:12.642+0000][1][safepoint    ] Entering safepoint region: Cleanup
[2019-12-09T04:41:12.642+0000][1][safepoint    ] Leaving safepoint region
[2019-12-09T04:41:12.642+0000][1][safepoint    ] Total time for which application threads were stopped: 0.0000780 seconds, Stopping threads took: 0.0000162 seconds
[2019-12-09T04:41:13.642+0000][1][safepoint    ] Application time: 1.0000760 seconds
[2019-12-09T04:41:13.642+0000][1][safepoint    ] Entering safepoint region: Cleanup
[2019-12-09T04:41:13.642+0000][1][safepoint    ] Leaving safepoint region
[2019-12-09T04:41:13.642+0000][1][safepoint    ] Total time for which application threads were stopped: 0.0000884 seconds, Stopping threads took: 0.0000179 seconds
[2019-12-09T04:41:14.643+0000][1][safepoint    ] Application time: 1.0000763 seconds
[2019-12-09T04:41:14.643+0000][1][safepoint    ] Entering safepoint region: Cleanup
[2019-12-09T04:41:14.643+0000][1][safepoint    ] Leaving safepoint region
[2019-12-09T04:41:14.643+0000][1][safepoint    ] Total time for which application threads were stopped: 0.0000827 seconds, Stopping threads took: 0.0000179 seconds
[2019-12-09T04:41:15.643+0000][1][safepoint    ] Application time: 1.0000749 seconds
[2019-12-09T04:41:15.643+0000][1][safepoint    ] Entering safepoint region: Cleanup
[2019-12-09T04:41:15.643+0000][1][safepoint    ] Leaving safepoint region
[2019-12-09T04:41:15.643+0000][1][safepoint    ] Total time for which application threads were stopped: 0.0000923 seconds, Stopping threads took: 0.0000257 seconds
[2019-12-09T04:41:16.643+0000][1][safepoint    ] Application time: 1.0000746 seconds
[2019-12-09T04:41:16.643+0000][1][safepoint    ] Entering safepoint region: Cleanup
[2019-12-09T04:41:16.643+0000][1][safepoint    ] Leaving safepoint region
[2019-12-09T04:41:16.643+0000][1][safepoint    ] Total time for which application threads were stopped: 0.0000828 seconds, Stopping threads took: 0.0000174 seconds
[2019-12-09T04:41:17.643+0000][1][safepoint    ] Application time: 1.0000750 seconds
[2019-12-09T04:41:17.643+0000][1][safepoint    ] Entering safepoint region: Cleanup
[2019-12-09T04:41:17.643+0000][1][safepoint    ] Leaving safepoint region
[2019-12-09T04:41:17.643+0000][1][safepoint    ] Total time for which application threads were stopped: 0.0000854 seconds, Stopping threads took: 0.0000168 seconds
[2019-12-09T04:41:18.643+0000][1][safepoint    ] Application time: 1.0000771 seconds
[2019-12-09T04:41:18.643+0000][1][safepoint    ] Entering safepoint region: Cleanup
[2019-12-09T04:41:18.643+0000][1][safepoint    ] Leaving safepoint region
[2019-12-09T04:41:18.643+0000][1][safepoint    ] Total time for which application threads were stopped: 0.0000846 seconds, Stopping threads took: 0.0000177 seconds
[2019-12-09T04:41:19.644+0000][1][safepoint    ] Application time: 1.0000757 seconds
[2019-12-09T04:41:19.644+0000][1][safepoint    ] Entering safepoint region: Cleanup
[2019-12-09T04:41:19.644+0000][1][safepoint    ] Leaving safepoint region
[2019-12-09T04:41:19.644+0000][1][safepoint    ] Total time for which application threads were stopped: 0.0000819 seconds, Stopping threads took: 0.0000168 seconds
[2019-12-09T04:41:20.644+0000][1][safepoint    ] Application time: 1.0000748 seconds
[2019-12-09T04:41:20.644+0000][1][safepoint    ] Entering safepoint region: Cleanup
[2019-12-09T04:41:20.644+0000][1][safepoint    ] Leaving safepoint region
[2019-12-09T04:41:20.644+0000][1][safepoint    ] Total time for which application threads were stopped: 0.0000836 seconds, Stopping threads took: 0.0000164 seconds
[2019-12-09T04:41:21.645+0000][1][safepoint    ] Application time: 1.0008679 seconds
[2019-12-09T04:41:21.645+0000][1][safepoint    ] Entering safepoint region: Cleanup
[2019-12-09T04:41:21.645+0000][1][safepoint    ] Leaving safepoint region
[2019-12-09T04:41:21.645+0000][1][safepoint    ] Total time for which application threads were stopped: 0.0001078 seconds, Stopping threads took: 0.0000226 seconds
[2019-12-09T04:41:22.645+0000][1][safepoint    ] Application time: 1.0000753 seconds
[2019-12-09T04:41:22.645+0000][1][safepoint    ] Entering safepoint region: Cleanup
[2019-12-09T04:41:22.645+0000][1][safepoint    ] Leaving safepoint region
[2019-12-09T04:41:22.645+0000][1][safepoint    ] Total time for which application threads were stopped: 0.0000878 seconds, Stopping threads took: 0.0000163 seconds
[2019-12-09T04:41:23.645+0000][1][safepoint    ] Application time: 1.0000753 seconds
[2019-12-09T04:41:23.645+0000][1][safepoint    ] Entering safepoint region: Cleanup
[2019-12-09T04:41:23.645+0000][1][safepoint    ] Leaving safepoint region
[2019-12-09T04:41:23.645+0000][1][safepoint    ] Total time for which application threads were stopped: 0.0000771 seconds, Stopping threads took: 0.0000153 seconds
[2019-12-09T04:41:24.645+0000][1][safepoint    ] Application time: 1.0000736 seconds
[2019-12-09T04:41:24.645+0000][1][safepoint    ] Entering safepoint region: Cleanup
[2019-12-09T04:41:24.645+0000][1][safepoint    ] Leaving safepoint region
[2019-12-09T04:41:24.645+0000][1][safepoint    ] Total time for which application threads were stopped: 0.0000818 seconds, Stopping threads took: 0.0000188 seconds
[2019-12-09T04:41:25.645+0000][1][safepoint    ] Application time: 1.0000729 seconds
[2019-12-09T04:41:25.646+0000][1][safepoint    ] Entering safepoint region: Cleanup
[2019-12-09T04:41:25.646+0000][1][safepoint    ] Leaving safepoint region
[2019-12-09T04:41:25.646+0000][1][safepoint    ] Total time for which application threads were stopped: 0.0000896 seconds, Stopping threads took: 0.0000298 seconds
[2019-12-09T04:41:26.646+0000][1][safepoint    ] Application time: 1.0000483 seconds
[2019-12-09T04:41:26.646+0000][1][safepoint    ] Entering safepoint region: Cleanup
[2019-12-09T04:41:26.646+0000][1][safepoint    ] Leaving safepoint region
[2019-12-09T04:41:26.646+0000][1][safepoint    ] Total time for which application threads were stopped: 0.0000917 seconds, Stopping threads took: 0.0000275 seconds
[2019-12-09T04:41:27.646+0000][1][safepoint    ] Application time: 1.0000735 seconds
[2019-12-09T04:41:27.646+0000][1][safepoint    ] Entering safepoint region: Cleanup
[2019-12-09T04:41:27.646+0000][1][safepoint    ] Leaving safepoint region
[2019-12-09T04:41:27.646+0000][1][safepoint    ] Total time for which application threads were stopped: 0.0000766 seconds, Stopping threads took: 0.0000163 seconds
[2019-12-09T04:41:28.646+0000][1][safepoint    ] Application time: 1.0000732 seconds
[2019-12-09T04:41:28.646+0000][1][safepoint    ] Entering safepoint region: Cleanup
[2019-12-09T04:41:28.646+0000][1][safepoint    ] Leaving safepoint region
[2019-12-09T04:41:28.646+0000][1][safepoint    ] Total time for which application threads were stopped: 0.0000781 seconds, Stopping threads took: 0.0000154 seconds
[2019-12-09T04:41:29.646+0000][1][safepoint    ] Application time: 1.0000795 seconds
[2019-12-09T04:41:29.646+0000][1][safepoint    ] Entering safepoint region: Cleanup
[2019-12-09T04:41:29.646+0000][1][safepoint    ] Leaving safepoint region
[2019-12-09T04:41:29.646+0000][1][safepoint    ] Total time for which application threads were stopped: 0.0000805 seconds, Stopping threads took: 0.0000171 seconds
[2019-12-09T04:41:30.646+0000][1][safepoint    ] Application time: 1.0000740 seconds
[2019-12-09T04:41:30.646+0000][1][safepoint    ] Entering safepoint region: Cleanup
[2019-12-09T04:41:30.646+0000][1][safepoint    ] Leaving safepoint region
[2019-12-09T04:41:30.646+0000][1][safepoint    ] Total time for which application threads were stopped: 0.0000776 seconds, Stopping threads took: 0.0000158 seconds
[2019-12-09T04:41:31.647+0000][1][safepoint    ] Application time: 1.0000742 seconds
[2019-12-09T04:41:31.647+0000][1][safepoint    ] Entering safepoint region: Cleanup
[2019-12-09T04:41:31.647+0000][1][safepoint    ] Leaving safepoint region
[2019-12-09T04:41:31.647+0000][1][safepoint    ] Total time for which application threads were stopped: 0.0000765 seconds, Stopping threads took: 0.0000165 seconds
[2019-12-09T04:41:32.647+0000][1][safepoint    ] Application time: 1.0000732 seconds
[2019-12-09T04:41:32.647+0000][1][safepoint    ] Entering safepoint region: Cleanup
[2019-12-09T04:41:32.647+0000][1][safepoint    ] Leaving safepoint region
[2019-12-09T04:41:32.647+0000][1][safepoint    ] Total time for which application threads were stopped: 0.0000758 seconds, Stopping threads took: 0.0000158 seconds
[2019-12-09T04:41:33.647+0000][1][safepoint    ] Application time: 1.0000783 seconds
[2019-12-09T04:41:33.647+0000][1][safepoint    ] Entering safepoint region: Cleanup
[2019-12-09T04:41:33.647+0000][1][safepoint    ] Leaving safepoint region
[2019-12-09T04:41:33.647+0000][1][safepoint    ] Total time for which application threads were stopped: 0.0000831 seconds, Stopping threads took: 0.0000186 seconds
[2019-12-09T04:41:34.647+0000][1][safepoint    ] Application time: 1.0000840 seconds
[2019-12-09T04:41:34.647+0000][1][safepoint    ] Entering safepoint region: Cleanup
[2019-12-09T04:41:34.647+0000][1][safepoint    ] Leaving safepoint region
[2019-12-09T04:41:34.647+0000][1][safepoint    ] Total time for which application threads were stopped: 0.0001087 seconds, Stopping threads took: 0.0000236 seconds
[2019-12-09T04:41:35.647+0000][1][safepoint    ] Application time: 1.0000750 seconds
[2019-12-09T04:41:35.647+0000][1][safepoint    ] Entering safepoint region: Cleanup
[2019-12-09T04:41:35.647+0000][1][safepoint    ] Leaving safepoint region
[2019-12-09T04:41:35.647+0000][1][safepoint    ] Total time for which application threads were stopped: 0.0000937 seconds, Stopping threads took: 0.0000236 seconds
[2019-12-09T04:41:36.648+0000][1][safepoint    ] Application time: 1.0000741 seconds
[2019-12-09T04:41:36.648+0000][1][safepoint    ] Entering safepoint region: Cleanup
[2019-12-09T04:41:36.648+0000][1][safepoint    ] Leaving safepoint region
[2019-12-09T04:41:36.648+0000][1][safepoint    ] Total time for which application threads were stopped: 0.0000809 seconds, Stopping threads took: 0.0000178 seconds
[2019-12-09T04:41:37.648+0000][1][safepoint    ] Application time: 1.0000827 seconds
[2019-12-09T04:41:37.648+0000][1][safepoint    ] Entering safepoint region: Cleanup
[2019-12-09T04:41:37.648+0000][1][safepoint    ] Leaving safepoint region
[2019-12-09T04:41:37.648+0000][1][safepoint    ] Total time for which application threads were stopped: 0.0000756 seconds, Stopping threads took: 0.0000160 seconds
[2019-12-09T04:41:38.648+0000][1][safepoint    ] Application time: 1.0000734 seconds
[2019-12-09T04:41:38.648+0000][1][safepoint    ] Entering safepoint region: Cleanup
[2019-12-09T04:41:38.648+0000][1][safepoint    ] Leaving safepoint region
[2019-12-09T04:41:38.648+0000][1][safepoint    ] Total time for which application threads were stopped: 0.0000802 seconds, Stopping threads took: 0.0000160 seconds
[2019-12-09T04:41:39.648+0000][1][safepoint    ] Application time: 1.0000741 seconds
[2019-12-09T04:41:39.648+0000][1][safepoint    ] Entering safepoint region: Cleanup
[2019-12-09T04:41:39.648+0000][1][safepoint    ] Leaving safepoint region
[2019-12-09T04:41:39.648+0000][1][safepoint    ] Total time for which application threads were stopped: 0.0000776 seconds, Stopping threads took: 0.0000155 seconds
[2019-12-09T04:41:40.648+0000][1][safepoint    ] Application time: 1.0000736 seconds
[2019-12-09T04:41:40.648+0000][1][safepoint    ] Entering safepoint region: Cleanup
[2019-12-09T04:41:40.648+0000][1][safepoint    ] Leaving safepoint region
[2019-12-09T04:41:40.648+0000][1][safepoint    ] Total time for which application threads were stopped: 0.0000842 seconds, Stopping threads took: 0.0000215 seconds
[2019-12-09T04:41:41.648+0000][1][safepoint    ] Application time: 1.0000737 seconds
[2019-12-09T04:41:41.648+0000][1][safepoint    ] Entering safepoint region: Cleanup
[2019-12-09T04:41:41.648+0000][1][safepoint    ] Leaving safepoint region
[2019-12-09T04:41:41.648+0000][1][safepoint    ] Total time for which application threads were stopped: 0.0000766 seconds, Stopping threads took: 0.0000164 seconds
[2019-12-09T04:41:42.649+0000][1][safepoint    ] Application time: 1.0000743 seconds
[2019-12-09T04:41:42.649+0000][1][safepoint    ] Entering safepoint region: Cleanup
[2019-12-09T04:41:42.649+0000][1][safepoint    ] Leaving safepoint region
[2019-12-09T04:41:42.649+0000][1][safepoint    ] Total time for which application threads were stopped: 0.0000808 seconds, Stopping threads took: 0.0000178 seconds
[2019-12-09T04:41:43.649+0000][1][safepoint    ] Application time: 1.0000830 seconds
[2019-12-09T04:41:43.649+0000][1][safepoint    ] Entering safepoint region: Cleanup
[2019-12-09T04:41:43.649+0000][1][safepoint    ] Leaving safepoint region
[2019-12-09T04:41:43.649+0000][1][safepoint    ] Total time for which application threads were stopped: 0.0000787 seconds, Stopping threads took: 0.0000148 seconds
[2019-12-09T04:41:44.649+0000][1][safepoint    ] Application time: 1.0000749 seconds
[2019-12-09T04:41:44.649+0000][1][safepoint    ] Entering safepoint region: Cleanup
[2019-12-09T04:41:44.649+0000][1][safepoint    ] Leaving safepoint region
[2019-12-09T04:41:44.649+0000][1][safepoint    ] Total time for which application threads were stopped: 0.0000855 seconds, Stopping threads took: 0.0000217 seconds
[2019-12-09T04:41:45.649+0000][1][safepoint    ] Application time: 1.0000771 seconds
[2019-12-09T04:41:45.649+0000][1][safepoint    ] Entering safepoint region: Cleanup
[2019-12-09T04:41:45.649+0000][1][safepoint    ] Leaving safepoint region
[2019-12-09T04:41:45.649+0000][1][safepoint    ] Total time for which application threads were stopped: 0.0000859 seconds, Stopping threads took: 0.0000261 seconds
[2019-12-09T04:41:46.649+0000][1][safepoint    ] Application time: 1.0000751 seconds
[2019-12-09T04:41:46.649+0000][1][safepoint    ] Entering safepoint region: Cleanup
[2019-12-09T04:41:46.649+0000][1][safepoint    ] Leaving safepoint region
[2019-12-09T04:41:46.649+0000][1][safepoint    ] Total time for which application threads were stopped: 0.0000774 seconds, Stopping threads took: 0.0000157 seconds
[2019-12-09T04:41:47.649+0000][1][safepoint    ] Application time: 1.0000753 seconds
[2019-12-09T04:41:47.650+0000][1][safepoint    ] Entering safepoint region: Cleanup
[2019-12-09T04:41:47.650+0000][1][safepoint    ] Leaving safepoint region
[2019-12-09T04:41:47.650+0000][1][safepoint    ] Total time for which application threads were stopped: 0.0000780 seconds, Stopping threads took: 0.0000149 seconds
[2019-12-09T04:41:48.650+0000][1][safepoint    ] Application time: 1.0000751 seconds
[2019-12-09T04:41:48.650+0000][1][safepoint    ] Entering safepoint region: Cleanup
[2019-12-09T04:41:48.650+0000][1][safepoint    ] Leaving safepoint region
[2019-12-09T04:41:48.650+0000][1][safepoint    ] Total time for which application threads were stopped: 0.0000893 seconds, Stopping threads took: 0.0000257 seconds
[2019-12-09T04:41:49.650+0000][1][safepoint    ] Application time: 1.0000764 seconds
[2019-12-09T04:41:49.650+0000][1][safepoint    ] Entering safepoint region: Cleanup
[2019-12-09T04:41:49.650+0000][1][safepoint    ] Leaving safepoint region
[2019-12-09T04:41:49.650+0000][1][safepoint    ] Total time for which application threads were stopped: 0.0000806 seconds, Stopping threads took: 0.0000162 seconds
[2019-12-09T04:41:50.650+0000][1][safepoint    ] Application time: 1.0000760 seconds
[2019-12-09T04:41:50.650+0000][1][safepoint    ] Entering safepoint region: Cleanup
[2019-12-09T04:41:50.650+0000][1][safepoint    ] Leaving safepoint region
[2019-12-09T04:41:50.650+0000][1][safepoint    ] Total time for which application threads were stopped: 0.0000951 seconds, Stopping threads took: 0.0000273 seconds
[2019-12-09T04:41:51.650+0000][1][safepoint    ] Application time: 1.0000765 seconds
[2019-12-09T04:41:51.650+0000][1][safepoint    ] Entering safepoint region: Cleanup
[2019-12-09T04:41:51.650+0000][1][safepoint    ] Leaving safepoint region
[2019-12-09T04:41:51.650+0000][1][safepoint    ] Total time for which application threads were stopped: 0.0000807 seconds, Stopping threads took: 0.0000164 seconds
[2019-12-09T04:41:52.600+0000][1][safepoint    ] Application time: 0.9498858 seconds
[2019-12-09T04:41:52.600+0000][1][safepoint    ] Entering safepoint region: GenCollectForAllocation
[2019-12-09T04:41:52.600+0000][1][gc,start     ] GC(76) Pause Young (Allocation Failure)
[2019-12-09T04:41:52.600+0000][1][gc,task      ] GC(76) Using 2 workers of 2 for evacuation
[2019-12-09T04:41:52.602+0000][1][gc,age       ] GC(76) Desired survivor size 4456448 bytes, new threshold 6 (max threshold 6)
[2019-12-09T04:41:52.602+0000][1][gc,age       ] GC(76) Age table with threshold 6 (max threshold 6)
[2019-12-09T04:41:52.602+0000][1][gc,age       ] GC(76) - age   1:       8232 bytes,       8232 total
[2019-12-09T04:41:52.602+0000][1][gc,age       ] GC(76) - age   2:        144 bytes,       8376 total
[2019-12-09T04:41:52.602+0000][1][gc,age       ] GC(76) - age   3:      13536 bytes,      21912 total
[2019-12-09T04:41:52.602+0000][1][gc,age       ] GC(76) - age   4:       2600 bytes,      24512 total
[2019-12-09T04:41:52.602+0000][1][gc,age       ] GC(76) - age   5:        840 bytes,      25352 total
[2019-12-09T04:41:52.602+0000][1][gc,age       ] GC(76) - age   6:        320 bytes,      25672 total
[2019-12-09T04:41:52.602+0000][1][gc,heap      ] GC(76) ParNew: 70328K->99K(78656K)
[2019-12-09T04:41:52.602+0000][1][gc,heap      ] GC(76) CMS: 119422K->119423K(174784K)
[2019-12-09T04:41:52.602+0000][1][gc,metaspace ] GC(76) Metaspace: 83805K->83805K(1126400K)
[2019-12-09T04:41:52.602+0000][1][gc           ] GC(76) Pause Young (Allocation Failure) 185M->116M(247M) 1.751ms
[2019-12-09T04:41:52.602+0000][1][gc,cpu       ] GC(76) User=0.01s Sys=0.00s Real=0.00s
[2019-12-09T04:41:52.602+0000][1][safepoint    ] Leaving safepoint region
[2019-12-09T04:41:52.602+0000][1][safepoint    ] Total time for which application threads were stopped: 0.0019038 seconds, Stopping threads took: 0.0000194 seconds
[2019-12-09T04:41:53.602+0000][1][safepoint    ] Application time: 1.0000868 seconds
[2019-12-09T04:41:53.602+0000][1][safepoint    ] Entering safepoint region: Cleanup
[2019-12-09T04:41:53.602+0000][1][safepoint    ] Leaving safepoint region
[2019-12-09T04:41:53.602+0000][1][safepoint    ] Total time for which application threads were stopped: 0.0000847 seconds, Stopping threads took: 0.0000214 seconds
[2019-12-09T04:41:54.605+0000][1][safepoint    ] Application time: 1.0030168 seconds
[2019-12-09T04:41:54.605+0000][1][safepoint    ] Entering safepoint region: Cleanup
[2019-12-09T04:41:54.605+0000][1][safepoint    ] Leaving safepoint region
[2019-12-09T04:41:54.605+0000][1][safepoint    ] Total time for which application threads were stopped: 0.0000772 seconds, Stopping threads took: 0.0000151 seconds
[2019-12-09T04:41:55.606+0000][1][safepoint    ] Application time: 1.0000741 seconds
[2019-12-09T04:41:55.606+0000][1][safepoint    ] Entering safepoint region: Cleanup
[2019-12-09T04:41:55.606+0000][1][safepoint    ] Leaving safepoint region
[2019-12-09T04:41:55.606+0000][1][safepoint    ] Total time for which application threads were stopped: 0.0000753 seconds, Stopping threads took: 0.0000148 seconds
[2019-12-09T04:41:56.606+0000][1][safepoint    ] Application time: 1.0000749 seconds
[2019-12-09T04:41:56.606+0000][1][safepoint    ] Entering safepoint region: Cleanup
[2019-12-09T04:41:56.606+0000][1][safepoint    ] Leaving safepoint region
[2019-12-09T04:41:56.606+0000][1][safepoint    ] Total time for which application threads were stopped: 0.0000745 seconds, Stopping threads took: 0.0000150 seconds
[2019-12-09T04:41:57.606+0000][1][safepoint    ] Application time: 1.0000759 seconds
[2019-12-09T04:41:57.606+0000][1][safepoint    ] Entering safepoint region: Cleanup
[2019-12-09T04:41:57.606+0000][1][safepoint    ] Leaving safepoint region
[2019-12-09T04:41:57.606+0000][1][safepoint    ] Total time for which application threads were stopped: 0.0000735 seconds, Stopping threads took: 0.0000146 seconds
[2019-12-09T04:41:58.606+0000][1][safepoint    ] Application time: 1.0000748 seconds
[2019-12-09T04:41:58.606+0000][1][safepoint    ] Entering safepoint region: Cleanup
[2019-12-09T04:41:58.606+0000][1][safepoint    ] Leaving safepoint region
[2019-12-09T04:41:58.606+0000][1][safepoint    ] Total time for which application threads were stopped: 0.0000763 seconds, Stopping threads took: 0.0000166 seconds
[2019-12-09T04:41:59.606+0000][1][safepoint    ] Application time: 1.0000753 seconds
[2019-12-09T04:41:59.606+0000][1][safepoint    ] Entering safepoint region: Cleanup
[2019-12-09T04:41:59.606+0000][1][safepoint    ] Leaving safepoint region
[2019-12-09T04:41:59.606+0000][1][safepoint    ] Total time for which application threads were stopped: 0.0000806 seconds, Stopping threads took: 0.0000171 seconds
[2019-12-09T04:42:00.606+0000][1][safepoint    ] Application time: 1.0000758 seconds
[2019-12-09T04:42:00.607+0000][1][safepoint    ] Entering safepoint region: Cleanup
[2019-12-09T04:42:00.607+0000][1][safepoint    ] Leaving safepoint region
[2019-12-09T04:42:00.607+0000][1][safepoint    ] Total time for which application threads were stopped: 0.0000782 seconds, Stopping threads took: 0.0000158 seconds
[2019-12-09T04:42:01.607+0000][1][safepoint    ] Application time: 1.0000839 seconds
[2019-12-09T04:42:01.607+0000][1][safepoint    ] Entering safepoint region: Cleanup
[2019-12-09T04:42:01.607+0000][1][safepoint    ] Leaving safepoint region
[2019-12-09T04:42:01.607+0000][1][safepoint    ] Total time for which application threads were stopped: 0.0000789 seconds, Stopping threads took: 0.0000160 seconds
[2019-12-09T04:42:02.607+0000][1][safepoint    ] Application time: 1.0000737 seconds
[2019-12-09T04:42:02.607+0000][1][safepoint    ] Entering safepoint region: Cleanup
[2019-12-09T04:42:02.607+0000][1][safepoint    ] Leaving safepoint region
[2019-12-09T04:42:02.607+0000][1][safepoint    ] Total time for which application threads were stopped: 0.0000824 seconds, Stopping threads took: 0.0000156 seconds
[2019-12-09T04:42:03.607+0000][1][safepoint    ] Application time: 1.0000770 seconds
[2019-12-09T04:42:03.607+0000][1][safepoint    ] Entering safepoint region: Cleanup
[2019-12-09T04:42:03.607+0000][1][safepoint    ] Leaving safepoint region
[2019-12-09T04:42:03.607+0000][1][safepoint    ] Total time for which application threads were stopped: 0.0000821 seconds, Stopping threads took: 0.0000166 seconds
[2019-12-09T04:42:04.607+0000][1][safepoint    ] Application time: 1.0000785 seconds
[2019-12-09T04:42:04.607+0000][1][safepoint    ] Entering safepoint region: Cleanup
[2019-12-09T04:42:04.607+0000][1][safepoint    ] Leaving safepoint region
[2019-12-09T04:42:04.607+0000][1][safepoint    ] Total time for which application threads were stopped: 0.0000812 seconds, Stopping threads took: 0.0000161 seconds
[2019-12-09T04:42:05.607+0000][1][safepoint    ] Application time: 1.0000780 seconds
[2019-12-09T04:42:05.608+0000][1][safepoint    ] Entering safepoint region: Cleanup
[2019-12-09T04:42:05.608+0000][1][safepoint    ] Leaving safepoint region
[2019-12-09T04:42:05.608+0000][1][safepoint    ] Total time for which application threads were stopped: 0.0000812 seconds, Stopping threads took: 0.0000159 seconds
[2019-12-09T04:42:06.608+0000][1][safepoint    ] Application time: 1.0000917 seconds
[2019-12-09T04:42:06.608+0000][1][safepoint    ] Entering safepoint region: Cleanup
[2019-12-09T04:42:06.608+0000][1][safepoint    ] Leaving safepoint region
[2019-12-09T04:42:06.608+0000][1][safepoint    ] Total time for which application threads were stopped: 0.0000895 seconds, Stopping threads took: 0.0000161 seconds
[2019-12-09T04:42:07.608+0000][1][safepoint    ] Application time: 1.0000861 seconds
[2019-12-09T04:42:07.608+0000][1][safepoint    ] Entering safepoint region: Cleanup
[2019-12-09T04:42:07.608+0000][1][safepoint    ] Leaving safepoint region
[2019-12-09T04:42:07.608+0000][1][safepoint    ] Total time for which application threads were stopped: 0.0001295 seconds, Stopping threads took: 0.0000566 seconds
[2019-12-09T04:42:08.608+0000][1][safepoint    ] Application time: 1.0000841 seconds
[2019-12-09T04:42:08.608+0000][1][safepoint    ] Entering safepoint region: Cleanup
[2019-12-09T04:42:08.608+0000][1][safepoint    ] Leaving safepoint region
[2019-12-09T04:42:08.608+0000][1][safepoint    ] Total time for which application threads were stopped: 0.0000918 seconds, Stopping threads took: 0.0000175 seconds
[2019-12-09T04:42:09.608+0000][1][safepoint    ] Application time: 1.0000771 seconds
[2019-12-09T04:42:09.608+0000][1][safepoint    ] Entering safepoint region: Cleanup
[2019-12-09T04:42:09.608+0000][1][safepoint    ] Leaving safepoint region
[2019-12-09T04:42:09.608+0000][1][safepoint    ] Total time for which application threads were stopped: 0.0000882 seconds, Stopping threads took: 0.0000187 seconds
[2019-12-09T04:42:10.609+0000][1][safepoint    ] Application time: 1.0000793 seconds
[2019-12-09T04:42:10.609+0000][1][safepoint    ] Entering safepoint region: Cleanup
[2019-12-09T04:42:10.609+0000][1][safepoint    ] Leaving safepoint region
[2019-12-09T04:42:10.609+0000][1][safepoint    ] Total time for which application threads were stopped: 0.0000995 seconds, Stopping threads took: 0.0000185 seconds
[2019-12-09T04:42:11.609+0000][1][safepoint    ] Application time: 1.0000788 seconds
[2019-12-09T04:42:11.609+0000][1][safepoint    ] Entering safepoint region: Cleanup
[2019-12-09T04:42:11.609+0000][1][safepoint    ] Leaving safepoint region
[2019-12-09T04:42:11.609+0000][1][safepoint    ] Total time for which application threads were stopped: 0.0000919 seconds, Stopping threads took: 0.0000180 seconds
[2019-12-09T04:42:12.609+0000][1][safepoint    ] Application time: 1.0000924 seconds
[2019-12-09T04:42:12.609+0000][1][safepoint    ] Entering safepoint region: Cleanup
[2019-12-09T04:42:12.609+0000][1][safepoint    ] Leaving safepoint region
[2019-12-09T04:42:12.609+0000][1][safepoint    ] Total time for which application threads were stopped: 0.0001196 seconds, Stopping threads took: 0.0000484 seconds
[2019-12-09T04:42:13.609+0000][1][safepoint    ] Application time: 1.0000873 seconds
[2019-12-09T04:42:13.609+0000][1][safepoint    ] Entering safepoint region: Cleanup
[2019-12-09T04:42:13.609+0000][1][safepoint    ] Leaving safepoint region
[2019-12-09T04:42:13.609+0000][1][safepoint    ] Total time for which application threads were stopped: 0.0000841 seconds, Stopping threads took: 0.0000186 seconds
[2019-12-09T04:42:14.609+0000][1][safepoint    ] Application time: 1.0000790 seconds
[2019-12-09T04:42:14.609+0000][1][safepoint    ] Entering safepoint region: Cleanup
[2019-12-09T04:42:14.610+0000][1][safepoint    ] Leaving safepoint region
[2019-12-09T04:42:14.610+0000][1][safepoint    ] Total time for which application threads were stopped: 0.0000840 seconds, Stopping threads took: 0.0000186 seconds
[2019-12-09T04:42:15.610+0000][1][safepoint    ] Application time: 1.0000795 seconds
[2019-12-09T04:42:15.610+0000][1][safepoint    ] Entering safepoint region: Cleanup
[2019-12-09T04:42:15.610+0000][1][safepoint    ] Leaving safepoint region
[2019-12-09T04:42:15.610+0000][1][safepoint    ] Total time for which application threads were stopped: 0.0000869 seconds, Stopping threads took: 0.0000204 seconds
[2019-12-09T04:42:16.610+0000][1][safepoint    ] Application time: 1.0001125 seconds
[2019-12-09T04:42:16.610+0000][1][safepoint    ] Entering safepoint region: Cleanup
[2019-12-09T04:42:16.610+0000][1][safepoint    ] Leaving safepoint region
[2019-12-09T04:42:16.610+0000][1][safepoint    ] Total time for which application threads were stopped: 0.0000856 seconds, Stopping threads took: 0.0000175 seconds
[2019-12-09T04:42:17.610+0000][1][safepoint    ] Application time: 1.0000761 seconds
[2019-12-09T04:42:17.610+0000][1][safepoint    ] Entering safepoint region: Cleanup
[2019-12-09T04:42:17.610+0000][1][safepoint    ] Leaving safepoint region
[2019-12-09T04:42:17.610+0000][1][safepoint    ] Total time for which application threads were stopped: 0.0001062 seconds, Stopping threads took: 0.0000245 seconds
[2019-12-09T04:42:18.610+0000][1][safepoint    ] Application time: 1.0000900 seconds
[2019-12-09T04:42:18.610+0000][1][safepoint    ] Entering safepoint region: Cleanup
[2019-12-09T04:42:18.610+0000][1][safepoint    ] Leaving safepoint region
[2019-12-09T04:42:18.610+0000][1][safepoint    ] Total time for which application threads were stopped: 0.0001161 seconds, Stopping threads took: 0.0000262 seconds
[2019-12-09T04:42:19.611+0000][1][safepoint    ] Application time: 1.0000840 seconds
[2019-12-09T04:42:19.611+0000][1][safepoint    ] Entering safepoint region: Cleanup
[2019-12-09T04:42:19.611+0000][1][safepoint    ] Leaving safepoint region
[2019-12-09T04:42:19.611+0000][1][safepoint    ] Total time for which application threads were stopped: 0.0001435 seconds, Stopping threads took: 0.0000244 seconds
[2019-12-09T04:42:20.611+0000][1][safepoint    ] Application time: 1.0000776 seconds
[2019-12-09T04:42:20.611+0000][1][safepoint    ] Entering safepoint region: Cleanup
[2019-12-09T04:42:20.611+0000][1][safepoint    ] Leaving safepoint region
[2019-12-09T04:42:20.611+0000][1][safepoint    ] Total time for which application threads were stopped: 0.0001212 seconds, Stopping threads took: 0.0000246 seconds
[2019-12-09T04:42:21.611+0000][1][safepoint    ] Application time: 1.0000745 seconds
[2019-12-09T04:42:21.611+0000][1][safepoint    ] Entering safepoint region: Cleanup
[2019-12-09T04:42:21.611+0000][1][safepoint    ] Leaving safepoint region
[2019-12-09T04:42:21.611+0000][1][safepoint    ] Total time for which application threads were stopped: 0.0000972 seconds, Stopping threads took: 0.0000171 seconds
[2019-12-09T04:42:22.668+0000][1][safepoint    ] Application time: 1.0563148 seconds
[2019-12-09T04:42:22.668+0000][1][safepoint    ] Entering safepoint region: Cleanup
[2019-12-09T04:42:22.668+0000][1][safepoint    ] Leaving safepoint region
[2019-12-09T04:42:22.668+0000][1][safepoint    ] Total time for which application threads were stopped: 0.0000808 seconds, Stopping threads took: 0.0000160 seconds
[2019-12-09T04:42:23.668+0000][1][safepoint    ] Application time: 1.0000747 seconds
[2019-12-09T04:42:23.668+0000][1][safepoint    ] Entering safepoint region: Cleanup
[2019-12-09T04:42:23.668+0000][1][safepoint    ] Leaving safepoint region
[2019-12-09T04:42:23.668+0000][1][safepoint    ] Total time for which application threads were stopped: 0.0000806 seconds, Stopping threads took: 0.0000180 seconds
[2019-12-09T04:42:24.668+0000][1][safepoint    ] Application time: 1.0000747 seconds
[2019-12-09T04:42:24.668+0000][1][safepoint    ] Entering safepoint region: Cleanup
[2019-12-09T04:42:24.668+0000][1][safepoint    ] Leaving safepoint region
[2019-12-09T04:42:24.668+0000][1][safepoint    ] Total time for which application threads were stopped: 0.0000830 seconds, Stopping threads took: 0.0000175 seconds
[2019-12-09T04:42:25.668+0000][1][safepoint    ] Application time: 1.0000750 seconds
[2019-12-09T04:42:25.668+0000][1][safepoint    ] Entering safepoint region: Cleanup
[2019-12-09T04:42:25.668+0000][1][safepoint    ] Leaving safepoint region
[2019-12-09T04:42:25.668+0000][1][safepoint    ] Total time for which application threads were stopped: 0.0000815 seconds, Stopping threads took: 0.0000173 seconds
[2019-12-09T04:42:26.668+0000][1][safepoint    ] Application time: 1.0000741 seconds
[2019-12-09T04:42:26.668+0000][1][safepoint    ] Entering safepoint region: Cleanup
[2019-12-09T04:42:26.668+0000][1][safepoint    ] Leaving safepoint region
[2019-12-09T04:42:26.668+0000][1][safepoint    ] Total time for which application threads were stopped: 0.0000807 seconds, Stopping threads took: 0.0000172 seconds
[2019-12-09T04:42:27.669+0000][1][safepoint    ] Application time: 1.0000731 seconds
[2019-12-09T04:42:27.669+0000][1][safepoint    ] Entering safepoint region: Cleanup
[2019-12-09T04:42:27.669+0000][1][safepoint    ] Leaving safepoint region
[2019-12-09T04:42:27.669+0000][1][safepoint    ] Total time for which application threads were stopped: 0.0000818 seconds, Stopping threads took: 0.0000176 seconds
[2019-12-09T04:42:28.669+0000][1][safepoint    ] Application time: 1.0000753 seconds
[2019-12-09T04:42:28.669+0000][1][safepoint    ] Entering safepoint region: Cleanup
[2019-12-09T04:42:28.669+0000][1][safepoint    ] Leaving safepoint region
[2019-12-09T04:42:28.669+0000][1][safepoint    ] Total time for which application threads were stopped: 0.0000849 seconds, Stopping threads took: 0.0000178 seconds
[2019-12-09T04:42:29.669+0000][1][safepoint    ] Application time: 1.0000801 seconds
[2019-12-09T04:42:29.669+0000][1][safepoint    ] Entering safepoint region: Cleanup
[2019-12-09T04:42:29.669+0000][1][safepoint    ] Leaving safepoint region
[2019-12-09T04:42:29.669+0000][1][safepoint    ] Total time for which application threads were stopped: 0.0000832 seconds, Stopping threads took: 0.0000175 seconds
[2019-12-09T04:42:30.669+0000][1][safepoint    ] Application time: 1.0000765 seconds
[2019-12-09T04:42:30.669+0000][1][safepoint    ] Entering safepoint region: Cleanup
[2019-12-09T04:42:30.669+0000][1][safepoint    ] Leaving safepoint region
[2019-12-09T04:42:30.669+0000][1][safepoint    ] Total time for which application threads were stopped: 0.0000918 seconds, Stopping threads took: 0.0000224 seconds
[2019-12-09T04:42:31.669+0000][1][safepoint    ] Application time: 1.0000755 seconds
[2019-12-09T04:42:31.669+0000][1][safepoint    ] Entering safepoint region: Cleanup
[2019-12-09T04:42:31.669+0000][1][safepoint    ] Leaving safepoint region
[2019-12-09T04:42:31.669+0000][1][safepoint    ] Total time for which application threads were stopped: 0.0000792 seconds, Stopping threads took: 0.0000153 seconds
[2019-12-09T04:42:32.669+0000][1][safepoint    ] Application time: 1.0000752 seconds
[2019-12-09T04:42:32.670+0000][1][safepoint    ] Entering safepoint region: Cleanup
[2019-12-09T04:42:32.670+0000][1][safepoint    ] Leaving safepoint region
[2019-12-09T04:42:32.670+0000][1][safepoint    ] Total time for which application threads were stopped: 0.0000793 seconds, Stopping threads took: 0.0000163 seconds
[2019-12-09T04:42:33.670+0000][1][safepoint    ] Application time: 1.0000850 seconds
[2019-12-09T04:42:33.670+0000][1][safepoint    ] Entering safepoint region: Cleanup
[2019-12-09T04:42:33.670+0000][1][safepoint    ] Leaving safepoint region
[2019-12-09T04:42:33.670+0000][1][safepoint    ] Total time for which application threads were stopped: 0.0000780 seconds, Stopping threads took: 0.0000175 seconds
[2019-12-09T04:42:34.670+0000][1][safepoint    ] Application time: 1.0000765 seconds
[2019-12-09T04:42:34.670+0000][1][safepoint    ] Entering safepoint region: Cleanup
[2019-12-09T04:42:34.670+0000][1][safepoint    ] Leaving safepoint region
[2019-12-09T04:42:34.670+0000][1][safepoint    ] Total time for which application threads were stopped: 0.0000790 seconds, Stopping threads took: 0.0000161 seconds
[2019-12-09T04:42:35.670+0000][1][safepoint    ] Application time: 1.0000751 seconds
[2019-12-09T04:42:35.670+0000][1][safepoint    ] Entering safepoint region: Cleanup
[2019-12-09T04:42:35.670+0000][1][safepoint    ] Leaving safepoint region
[2019-12-09T04:42:35.670+0000][1][safepoint    ] Total time for which application threads were stopped: 0.0000861 seconds, Stopping threads took: 0.0000178 seconds
[2019-12-09T04:42:36.670+0000][1][safepoint    ] Application time: 1.0000738 seconds
[2019-12-09T04:42:36.670+0000][1][safepoint    ] Entering safepoint region: Cleanup
[2019-12-09T04:42:36.670+0000][1][safepoint    ] Leaving safepoint region
[2019-12-09T04:42:36.670+0000][1][safepoint    ] Total time for which application threads were stopped: 0.0000802 seconds, Stopping threads took: 0.0000154 seconds
[2019-12-09T04:42:37.670+0000][1][safepoint    ] Application time: 1.0000746 seconds
[2019-12-09T04:42:37.670+0000][1][safepoint    ] Entering safepoint region: Cleanup
[2019-12-09T04:42:37.671+0000][1][safepoint    ] Leaving safepoint region
[2019-12-09T04:42:37.671+0000][1][safepoint    ] Total time for which application threads were stopped: 0.0000787 seconds, Stopping threads took: 0.0000168 seconds
[2019-12-09T04:42:38.671+0000][1][safepoint    ] Application time: 1.0000747 seconds
[2019-12-09T04:42:38.671+0000][1][safepoint    ] Entering safepoint region: Cleanup
[2019-12-09T04:42:38.671+0000][1][safepoint    ] Leaving safepoint region
[2019-12-09T04:42:38.671+0000][1][safepoint    ] Total time for which application threads were stopped: 0.0000902 seconds, Stopping threads took: 0.0000154 seconds
[2019-12-09T04:42:39.671+0000][1][safepoint    ] Application time: 1.0000757 seconds
[2019-12-09T04:42:39.671+0000][1][safepoint    ] Entering safepoint region: Cleanup
[2019-12-09T04:42:39.671+0000][1][safepoint    ] Leaving safepoint region
[2019-12-09T04:42:39.671+0000][1][safepoint    ] Total time for which application threads were stopped: 0.0000790 seconds, Stopping threads took: 0.0000162 seconds
[2019-12-09T04:42:40.671+0000][1][safepoint    ] Application time: 1.0000767 seconds
[2019-12-09T04:42:40.671+0000][1][safepoint    ] Entering safepoint region: Cleanup
[2019-12-09T04:42:40.671+0000][1][safepoint    ] Leaving safepoint region
[2019-12-09T04:42:40.671+0000][1][safepoint    ] Total time for which application threads were stopped: 0.0000815 seconds, Stopping threads took: 0.0000179 seconds
[2019-12-09T04:42:41.671+0000][1][safepoint    ] Application time: 1.0000755 seconds
[2019-12-09T04:42:41.671+0000][1][safepoint    ] Entering safepoint region: Cleanup
[2019-12-09T04:42:41.671+0000][1][safepoint    ] Leaving safepoint region
[2019-12-09T04:42:41.671+0000][1][safepoint    ] Total time for which application threads were stopped: 0.0000791 seconds, Stopping threads took: 0.0000171 seconds
[2019-12-09T04:42:42.671+0000][1][safepoint    ] Application time: 1.0000738 seconds
[2019-12-09T04:42:42.671+0000][1][safepoint    ] Entering safepoint region: Cleanup
[2019-12-09T04:42:42.671+0000][1][safepoint    ] Leaving safepoint region
[2019-12-09T04:42:42.671+0000][1][safepoint    ] Total time for which application threads were stopped: 0.0000780 seconds, Stopping threads took: 0.0000164 seconds
[2019-12-09T04:42:43.672+0000][1][safepoint    ] Application time: 1.0000750 seconds
[2019-12-09T04:42:43.672+0000][1][safepoint    ] Entering safepoint region: Cleanup
[2019-12-09T04:42:43.672+0000][1][safepoint    ] Leaving safepoint region
[2019-12-09T04:42:43.672+0000][1][safepoint    ] Total time for which application threads were stopped: 0.0000937 seconds, Stopping threads took: 0.0000180 seconds
[2019-12-09T04:42:44.672+0000][1][safepoint    ] Application time: 1.0000742 seconds
[2019-12-09T04:42:44.672+0000][1][safepoint    ] Entering safepoint region: Cleanup
[2019-12-09T04:42:44.672+0000][1][safepoint    ] Leaving safepoint region
[2019-12-09T04:42:44.672+0000][1][safepoint    ] Total time for which application threads were stopped: 0.0000842 seconds, Stopping threads took: 0.0000182 seconds
[2019-12-09T04:42:45.672+0000][1][safepoint    ] Application time: 1.0000756 seconds
[2019-12-09T04:42:45.672+0000][1][safepoint    ] Entering safepoint region: Cleanup
[2019-12-09T04:42:45.672+0000][1][safepoint    ] Leaving safepoint region
[2019-12-09T04:42:45.672+0000][1][safepoint    ] Total time for which application threads were stopped: 0.0000818 seconds, Stopping threads took: 0.0000174 seconds
[2019-12-09T04:42:46.672+0000][1][safepoint    ] Application time: 1.0000744 seconds
[2019-12-09T04:42:46.672+0000][1][safepoint    ] Entering safepoint region: Cleanup
[2019-12-09T04:42:46.672+0000][1][safepoint    ] Leaving safepoint region
[2019-12-09T04:42:46.672+0000][1][safepoint    ] Total time for which application threads were stopped: 0.0000867 seconds, Stopping threads took: 0.0000183 seconds
[2019-12-09T04:42:47.672+0000][1][safepoint    ] Application time: 1.0000736 seconds
[2019-12-09T04:42:47.672+0000][1][safepoint    ] Entering safepoint region: Cleanup
[2019-12-09T04:42:47.672+0000][1][safepoint    ] Leaving safepoint region
[2019-12-09T04:42:47.672+0000][1][safepoint    ] Total time for which application threads were stopped: 0.0000774 seconds, Stopping threads took: 0.0000160 seconds
[2019-12-09T04:42:48.673+0000][1][safepoint    ] Application time: 1.0000763 seconds
[2019-12-09T04:42:48.673+0000][1][safepoint    ] Entering safepoint region: Cleanup
[2019-12-09T04:42:48.673+0000][1][safepoint    ] Leaving safepoint region
[2019-12-09T04:42:48.673+0000][1][safepoint    ] Total time for which application threads were stopped: 0.0000853 seconds, Stopping threads took: 0.0000175 seconds
[2019-12-09T04:42:49.673+0000][1][safepoint    ] Application time: 1.0000747 seconds
[2019-12-09T04:42:49.673+0000][1][safepoint    ] Entering safepoint region: Cleanup
[2019-12-09T04:42:49.673+0000][1][safepoint    ] Leaving safepoint region
[2019-12-09T04:42:49.673+0000][1][safepoint    ] Total time for which application threads were stopped: 0.0000786 seconds, Stopping threads took: 0.0000170 seconds
[2019-12-09T04:42:50.673+0000][1][safepoint    ] Application time: 1.0000749 seconds
[2019-12-09T04:42:50.673+0000][1][safepoint    ] Entering safepoint region: Cleanup
[2019-12-09T04:42:50.673+0000][1][safepoint    ] Leaving safepoint region
[2019-12-09T04:42:50.673+0000][1][safepoint    ] Total time for which application threads were stopped: 0.0000809 seconds, Stopping threads took: 0.0000191 seconds
[2019-12-09T04:42:51.673+0000][1][safepoint    ] Application time: 1.0000755 seconds
[2019-12-09T04:42:51.673+0000][1][safepoint    ] Entering safepoint region: Cleanup
[2019-12-09T04:42:51.673+0000][1][safepoint    ] Leaving safepoint region
[2019-12-09T04:42:51.673+0000][1][safepoint    ] Total time for which application threads were stopped: 0.0000788 seconds, Stopping threads took: 0.0000161 seconds
[2019-12-09T04:42:52.673+0000][1][safepoint    ] Application time: 1.0000752 seconds
[2019-12-09T04:42:52.673+0000][1][safepoint    ] Entering safepoint region: Cleanup
[2019-12-09T04:42:52.673+0000][1][safepoint    ] Leaving safepoint region
[2019-12-09T04:42:52.673+0000][1][safepoint    ] Total time for which application threads were stopped: 0.0000799 seconds, Stopping threads took: 0.0000161 seconds
[2019-12-09T04:42:53.674+0000][1][safepoint    ] Application time: 1.0000743 seconds
[2019-12-09T04:42:53.674+0000][1][safepoint    ] Entering safepoint region: Cleanup
[2019-12-09T04:42:53.674+0000][1][safepoint    ] Leaving safepoint region
[2019-12-09T04:42:53.674+0000][1][safepoint    ] Total time for which application threads were stopped: 0.0000862 seconds, Stopping threads took: 0.0000176 seconds
[2019-12-09T04:42:54.674+0000][1][safepoint    ] Application time: 1.0000739 seconds
[2019-12-09T04:42:54.674+0000][1][safepoint    ] Entering safepoint region: Cleanup
[2019-12-09T04:42:54.674+0000][1][safepoint    ] Leaving safepoint region
[2019-12-09T04:42:54.674+0000][1][safepoint    ] Total time for which application threads were stopped: 0.0000863 seconds, Stopping threads took: 0.0000182 seconds
[2019-12-09T04:42:55.674+0000][1][safepoint    ] Application time: 1.0000740 seconds
[2019-12-09T04:42:55.674+0000][1][safepoint    ] Entering safepoint region: Cleanup
[2019-12-09T04:42:55.674+0000][1][safepoint    ] Leaving safepoint region
[2019-12-09T04:42:55.674+0000][1][safepoint    ] Total time for which application threads were stopped: 0.0000841 seconds, Stopping threads took: 0.0000199 seconds
[2019-12-09T04:42:56.674+0000][1][safepoint    ] Application time: 1.0000744 seconds
[2019-12-09T04:42:56.674+0000][1][safepoint    ] Entering safepoint region: Cleanup
[2019-12-09T04:42:56.674+0000][1][safepoint    ] Leaving safepoint region
[2019-12-09T04:42:56.674+0000][1][safepoint    ] Total time for which application threads were stopped: 0.0000811 seconds, Stopping threads took: 0.0000162 seconds
[2019-12-09T04:42:57.674+0000][1][safepoint    ] Application time: 1.0000753 seconds
[2019-12-09T04:42:57.674+0000][1][safepoint    ] Entering safepoint region: Cleanup
[2019-12-09T04:42:57.674+0000][1][safepoint    ] Leaving safepoint region
[2019-12-09T04:42:57.674+0000][1][safepoint    ] Total time for which application threads were stopped: 0.0000809 seconds, Stopping threads took: 0.0000175 seconds
[2019-12-09T04:42:58.675+0000][1][safepoint    ] Application time: 1.0000759 seconds
[2019-12-09T04:42:58.675+0000][1][safepoint    ] Entering safepoint region: Cleanup
[2019-12-09T04:42:58.675+0000][1][safepoint    ] Leaving safepoint region
[2019-12-09T04:42:58.675+0000][1][safepoint    ] Total time for which application threads were stopped: 0.0000828 seconds, Stopping threads took: 0.0000175 seconds
[2019-12-09T04:42:59.675+0000][1][safepoint    ] Application time: 1.0000804 seconds
[2019-12-09T04:42:59.675+0000][1][safepoint    ] Entering safepoint region: Cleanup
[2019-12-09T04:42:59.675+0000][1][safepoint    ] Leaving safepoint region
[2019-12-09T04:42:59.675+0000][1][safepoint    ] Total time for which application threads were stopped: 0.0001171 seconds, Stopping threads took: 0.0000249 seconds
[2019-12-09T04:43:00.675+0000][1][safepoint    ] Application time: 1.0000817 seconds
[2019-12-09T04:43:00.675+0000][1][safepoint    ] Entering safepoint region: Cleanup
[2019-12-09T04:43:00.675+0000][1][safepoint    ] Leaving safepoint region
[2019-12-09T04:43:00.675+0000][1][safepoint    ] Total time for which application threads were stopped: 0.0000820 seconds, Stopping threads took: 0.0000170 seconds
[2019-12-09T04:43:01.675+0000][1][safepoint    ] Application time: 1.0000734 seconds
[2019-12-09T04:43:01.675+0000][1][safepoint    ] Entering safepoint region: Cleanup
[2019-12-09T04:43:01.675+0000][1][safepoint    ] Leaving safepoint region
[2019-12-09T04:43:01.675+0000][1][safepoint    ] Total time for which application threads were stopped: 0.0000832 seconds, Stopping threads took: 0.0000178 seconds
[2019-12-09T04:43:02.675+0000][1][safepoint    ] Application time: 1.0000743 seconds
[2019-12-09T04:43:02.675+0000][1][safepoint    ] Entering safepoint region: Cleanup
[2019-12-09T04:43:02.675+0000][1][safepoint    ] Leaving safepoint region
[2019-12-09T04:43:02.675+0000][1][safepoint    ] Total time for which application threads were stopped: 0.0001037 seconds, Stopping threads took: 0.0000242 seconds
[2019-12-09T04:43:03.676+0000][1][safepoint    ] Application time: 1.0000792 seconds
[2019-12-09T04:43:03.676+0000][1][safepoint    ] Entering safepoint region: Cleanup
[2019-12-09T04:43:03.676+0000][1][safepoint    ] Leaving safepoint region
[2019-12-09T04:43:03.676+0000][1][safepoint    ] Total time for which application threads were stopped: 0.0000923 seconds, Stopping threads took: 0.0000188 seconds
[2019-12-09T04:43:04.676+0000][1][safepoint    ] Application time: 1.0000747 seconds
[2019-12-09T04:43:04.676+0000][1][safepoint    ] Entering safepoint region: Cleanup
[2019-12-09T04:43:04.676+0000][1][safepoint    ] Leaving safepoint region
[2019-12-09T04:43:04.676+0000][1][safepoint    ] Total time for which application threads were stopped: 0.0000839 seconds, Stopping threads took: 0.0000165 seconds
[2019-12-09T04:43:05.676+0000][1][safepoint    ] Application time: 1.0000753 seconds
[2019-12-09T04:43:05.676+0000][1][safepoint    ] Entering safepoint region: Cleanup
[2019-12-09T04:43:05.676+0000][1][safepoint    ] Leaving safepoint region
[2019-12-09T04:43:05.676+0000][1][safepoint    ] Total time for which application threads were stopped: 0.0000854 seconds, Stopping threads took: 0.0000172 seconds
[2019-12-09T04:43:06.676+0000][1][safepoint    ] Application time: 1.0000750 seconds
[2019-12-09T04:43:06.676+0000][1][safepoint    ] Entering safepoint region: Cleanup
[2019-12-09T04:43:06.676+0000][1][safepoint    ] Leaving safepoint region
[2019-12-09T04:43:06.676+0000][1][safepoint    ] Total time for which application threads were stopped: 0.0000820 seconds, Stopping threads took: 0.0000174 seconds
[2019-12-09T04:43:07.676+0000][1][safepoint    ] Application time: 1.0000741 seconds
[2019-12-09T04:43:07.676+0000][1][safepoint    ] Entering safepoint region: Cleanup
[2019-12-09T04:43:07.676+0000][1][safepoint    ] Leaving safepoint region
[2019-12-09T04:43:07.676+0000][1][safepoint    ] Total time for which application threads were stopped: 0.0000790 seconds, Stopping threads took: 0.0000174 seconds
[2019-12-09T04:43:08.677+0000][1][safepoint    ] Application time: 1.0000752 seconds
[2019-12-09T04:43:08.677+0000][1][safepoint    ] Entering safepoint region: Cleanup
[2019-12-09T04:43:08.677+0000][1][safepoint    ] Leaving safepoint region
[2019-12-09T04:43:08.677+0000][1][safepoint    ] Total time for which application threads were stopped: 0.0000807 seconds, Stopping threads took: 0.0000173 seconds
[2019-12-09T04:43:09.677+0000][1][safepoint    ] Application time: 1.0000761 seconds
[2019-12-09T04:43:09.677+0000][1][safepoint    ] Entering safepoint region: Cleanup
[2019-12-09T04:43:09.677+0000][1][safepoint    ] Leaving safepoint region
[2019-12-09T04:43:09.677+0000][1][safepoint    ] Total time for which application threads were stopped: 0.0000892 seconds, Stopping threads took: 0.0000210 seconds
[2019-12-09T04:43:10.677+0000][1][safepoint    ] Application time: 1.0000760 seconds
[2019-12-09T04:43:10.677+0000][1][safepoint    ] Entering safepoint region: Cleanup
[2019-12-09T04:43:10.677+0000][1][safepoint    ] Leaving safepoint region
[2019-12-09T04:43:10.677+0000][1][safepoint    ] Total time for which application threads were stopped: 0.0000960 seconds, Stopping threads took: 0.0000277 seconds
[2019-12-09T04:43:11.677+0000][1][safepoint    ] Application time: 1.0000764 seconds
[2019-12-09T04:43:11.677+0000][1][safepoint    ] Entering safepoint region: Cleanup
[2019-12-09T04:43:11.677+0000][1][safepoint    ] Leaving safepoint region
[2019-12-09T04:43:11.677+0000][1][safepoint    ] Total time for which application threads were stopped: 0.0000849 seconds, Stopping threads took: 0.0000190 seconds
[2019-12-09T04:43:13.631+0000][1][safepoint    ] Application time: 1.9537660 seconds
[2019-12-09T04:43:13.631+0000][1][safepoint    ] Entering safepoint region: Cleanup
[2019-12-09T04:43:13.631+0000][1][safepoint    ] Leaving safepoint region
[2019-12-09T04:43:13.631+0000][1][safepoint    ] Total time for which application threads were stopped: 0.0000984 seconds, Stopping threads took: 0.0000254 seconds
[2019-12-09T04:43:14.631+0000][1][safepoint    ] Application time: 1.0000798 seconds
[2019-12-09T04:43:14.631+0000][1][safepoint    ] Entering safepoint region: Cleanup
[2019-12-09T04:43:14.631+0000][1][safepoint    ] Leaving safepoint region
[2019-12-09T04:43:14.631+0000][1][safepoint    ] Total time for which application threads were stopped: 0.0000818 seconds, Stopping threads took: 0.0000181 seconds
[2019-12-09T04:43:15.636+0000][1][safepoint    ] Application time: 1.0044069 seconds
[2019-12-09T04:43:15.636+0000][1][safepoint    ] Entering safepoint region: Cleanup
[2019-12-09T04:43:15.636+0000][1][safepoint    ] Leaving safepoint region
[2019-12-09T04:43:15.636+0000][1][safepoint    ] Total time for which application threads were stopped: 0.0001216 seconds, Stopping threads took: 0.0000321 seconds
[2019-12-09T04:43:16.636+0000][1][safepoint    ] Application time: 1.0000770 seconds
[2019-12-09T04:43:16.636+0000][1][safepoint    ] Entering safepoint region: Cleanup
[2019-12-09T04:43:16.636+0000][1][safepoint    ] Leaving safepoint region
[2019-12-09T04:43:16.636+0000][1][safepoint    ] Total time for which application threads were stopped: 0.0000799 seconds, Stopping threads took: 0.0000158 seconds
[2019-12-09T04:43:17.636+0000][1][safepoint    ] Application time: 1.0000722 seconds
[2019-12-09T04:43:17.636+0000][1][safepoint    ] Entering safepoint region: Cleanup
[2019-12-09T04:43:17.636+0000][1][safepoint    ] Leaving safepoint region
[2019-12-09T04:43:17.636+0000][1][safepoint    ] Total time for which application threads were stopped: 0.0000791 seconds, Stopping threads took: 0.0000157 seconds
[2019-12-09T04:43:18.636+0000][1][safepoint    ] Application time: 1.0000749 seconds
[2019-12-09T04:43:18.636+0000][1][safepoint    ] Entering safepoint region: Cleanup
[2019-12-09T04:43:18.637+0000][1][safepoint    ] Leaving safepoint region
[2019-12-09T04:43:18.637+0000][1][safepoint    ] Total time for which application threads were stopped: 0.0000839 seconds, Stopping threads took: 0.0000173 seconds
[2019-12-09T04:43:19.637+0000][1][safepoint    ] Application time: 1.0000766 seconds
[2019-12-09T04:43:19.637+0000][1][safepoint    ] Entering safepoint region: Cleanup
[2019-12-09T04:43:19.637+0000][1][safepoint    ] Leaving safepoint region
[2019-12-09T04:43:19.637+0000][1][safepoint    ] Total time for which application threads were stopped: 0.0000996 seconds, Stopping threads took: 0.0000317 seconds
[2019-12-09T04:43:20.637+0000][1][safepoint    ] Application time: 1.0000740 seconds
[2019-12-09T04:43:20.637+0000][1][safepoint    ] Entering safepoint region: Cleanup
[2019-12-09T04:43:20.637+0000][1][safepoint    ] Leaving safepoint region
[2019-12-09T04:43:20.637+0000][1][safepoint    ] Total time for which application threads were stopped: 0.0000936 seconds, Stopping threads took: 0.0000271 seconds
[2019-12-09T04:43:21.637+0000][1][safepoint    ] Application time: 1.0000772 seconds
[2019-12-09T04:43:21.637+0000][1][safepoint    ] Entering safepoint region: Cleanup
[2019-12-09T04:43:21.637+0000][1][safepoint    ] Leaving safepoint region
[2019-12-09T04:43:21.637+0000][1][safepoint    ] Total time for which application threads were stopped: 0.0001105 seconds, Stopping threads took: 0.0000208 seconds
[2019-12-09T04:43:22.637+0000][1][safepoint    ] Application time: 1.0000820 seconds
[2019-12-09T04:43:22.637+0000][1][safepoint    ] Entering safepoint region: Cleanup
[2019-12-09T04:43:22.637+0000][1][safepoint    ] Leaving safepoint region
[2019-12-09T04:43:22.637+0000][1][safepoint    ] Total time for which application threads were stopped: 0.0000844 seconds, Stopping threads took: 0.0000178 seconds
[2019-12-09T04:43:23.638+0000][1][safepoint    ] Application time: 1.0000761 seconds
[2019-12-09T04:43:23.638+0000][1][safepoint    ] Entering safepoint region: Cleanup
[2019-12-09T04:43:23.638+0000][1][safepoint    ] Leaving safepoint region
[2019-12-09T04:43:23.638+0000][1][safepoint    ] Total time for which application threads were stopped: 0.0001067 seconds, Stopping threads took: 0.0000257 seconds
[2019-12-09T04:43:24.638+0000][1][safepoint    ] Application time: 1.0000810 seconds
[2019-12-09T04:43:24.638+0000][1][safepoint    ] Entering safepoint region: Cleanup
[2019-12-09T04:43:24.638+0000][1][safepoint    ] Leaving safepoint region
[2019-12-09T04:43:24.638+0000][1][safepoint    ] Total time for which application threads were stopped: 0.0000919 seconds, Stopping threads took: 0.0000187 seconds
[2019-12-09T04:43:25.638+0000][1][safepoint    ] Application time: 1.0000741 seconds
[2019-12-09T04:43:25.638+0000][1][safepoint    ] Entering safepoint region: Cleanup
[2019-12-09T04:43:25.638+0000][1][safepoint    ] Leaving safepoint region
[2019-12-09T04:43:25.638+0000][1][safepoint    ] Total time for which application threads were stopped: 0.0000965 seconds, Stopping threads took: 0.0000184 seconds
[2019-12-09T04:43:26.638+0000][1][safepoint    ] Application time: 1.0000800 seconds
[2019-12-09T04:43:26.638+0000][1][safepoint    ] Entering safepoint region: Cleanup
[2019-12-09T04:43:26.638+0000][1][safepoint    ] Leaving safepoint region
[2019-12-09T04:43:26.638+0000][1][safepoint    ] Total time for which application threads were stopped: 0.0000920 seconds, Stopping threads took: 0.0000187 seconds
[2019-12-09T04:43:27.638+0000][1][safepoint    ] Application time: 1.0000756 seconds
[2019-12-09T04:43:27.638+0000][1][safepoint    ] Entering safepoint region: Cleanup
[2019-12-09T04:43:27.639+0000][1][safepoint    ] Leaving safepoint region
[2019-12-09T04:43:27.639+0000][1][safepoint    ] Total time for which application threads were stopped: 0.0000863 seconds, Stopping threads took: 0.0000166 seconds
[2019-12-09T04:43:28.639+0000][1][safepoint    ] Application time: 1.0000808 seconds
[2019-12-09T04:43:28.639+0000][1][safepoint    ] Entering safepoint region: Cleanup
[2019-12-09T04:43:28.639+0000][1][safepoint    ] Leaving safepoint region
[2019-12-09T04:43:28.639+0000][1][safepoint    ] Total time for which application threads were stopped: 0.0001021 seconds, Stopping threads took: 0.0000181 seconds
[2019-12-09T04:43:29.639+0000][1][safepoint    ] Application time: 1.0000824 seconds
[2019-12-09T04:43:29.639+0000][1][safepoint    ] Entering safepoint region: Cleanup
[2019-12-09T04:43:29.639+0000][1][safepoint    ] Leaving safepoint region
[2019-12-09T04:43:29.639+0000][1][safepoint    ] Total time for which application threads were stopped: 0.0000869 seconds, Stopping threads took: 0.0000168 seconds
[2019-12-09T04:43:30.639+0000][1][safepoint    ] Application time: 1.0000745 seconds
[2019-12-09T04:43:30.639+0000][1][safepoint    ] Entering safepoint region: Cleanup
[2019-12-09T04:43:30.639+0000][1][safepoint    ] Leaving safepoint region
[2019-12-09T04:43:30.639+0000][1][safepoint    ] Total time for which application threads were stopped: 0.0000969 seconds, Stopping threads took: 0.0000194 seconds
[2019-12-09T04:43:31.639+0000][1][safepoint    ] Application time: 1.0000822 seconds
[2019-12-09T04:43:31.639+0000][1][safepoint    ] Entering safepoint region: Cleanup
[2019-12-09T04:43:31.639+0000][1][safepoint    ] Leaving safepoint region
[2019-12-09T04:43:31.639+0000][1][safepoint    ] Total time for which application threads were stopped: 0.0000828 seconds, Stopping threads took: 0.0000175 seconds
[2019-12-09T04:43:32.639+0000][1][safepoint    ] Application time: 1.0000727 seconds
[2019-12-09T04:43:32.640+0000][1][safepoint    ] Entering safepoint region: Cleanup
[2019-12-09T04:43:32.640+0000][1][safepoint    ] Leaving safepoint region
[2019-12-09T04:43:32.640+0000][1][safepoint    ] Total time for which application threads were stopped: 0.0000832 seconds, Stopping threads took: 0.0000170 seconds
[2019-12-09T04:43:33.640+0000][1][safepoint    ] Application time: 1.0000743 seconds
[2019-12-09T04:43:33.640+0000][1][safepoint    ] Entering safepoint region: Cleanup
[2019-12-09T04:43:33.640+0000][1][safepoint    ] Leaving safepoint region
[2019-12-09T04:43:33.640+0000][1][safepoint    ] Total time for which application threads were stopped: 0.0001002 seconds, Stopping threads took: 0.0000174 seconds
[2019-12-09T04:43:34.640+0000][1][safepoint    ] Application time: 1.0000797 seconds
[2019-12-09T04:43:34.640+0000][1][safepoint    ] Entering safepoint region: Cleanup
[2019-12-09T04:43:34.640+0000][1][safepoint    ] Leaving safepoint region
[2019-12-09T04:43:34.640+0000][1][safepoint    ] Total time for which application threads were stopped: 0.0000916 seconds, Stopping threads took: 0.0000207 seconds
[2019-12-09T04:43:35.640+0000][1][safepoint    ] Application time: 1.0000728 seconds
[2019-12-09T04:43:35.640+0000][1][safepoint    ] Entering safepoint region: Cleanup
[2019-12-09T04:43:35.640+0000][1][safepoint    ] Leaving safepoint region
[2019-12-09T04:43:35.640+0000][1][safepoint    ] Total time for which application threads were stopped: 0.0001003 seconds, Stopping threads took: 0.0000182 seconds
[2019-12-09T04:43:36.640+0000][1][safepoint    ] Application time: 1.0000737 seconds
[2019-12-09T04:43:36.640+0000][1][safepoint    ] Entering safepoint region: Cleanup
[2019-12-09T04:43:36.640+0000][1][safepoint    ] Leaving safepoint region
[2019-12-09T04:43:36.640+0000][1][safepoint    ] Total time for which application threads were stopped: 0.0000935 seconds, Stopping threads took: 0.0000184 seconds
[2019-12-09T04:43:37.641+0000][1][safepoint    ] Application time: 1.0000838 seconds
[2019-12-09T04:43:37.641+0000][1][safepoint    ] Entering safepoint region: Cleanup
[2019-12-09T04:43:37.641+0000][1][safepoint    ] Leaving safepoint region
[2019-12-09T04:43:37.641+0000][1][safepoint    ] Total time for which application threads were stopped: 0.0000813 seconds, Stopping threads took: 0.0000153 seconds
[2019-12-09T04:43:38.641+0000][1][safepoint    ] Application time: 1.0000738 seconds
[2019-12-09T04:43:38.641+0000][1][safepoint    ] Entering safepoint region: Cleanup
[2019-12-09T04:43:38.641+0000][1][safepoint    ] Leaving safepoint region
[2019-12-09T04:43:38.641+0000][1][safepoint    ] Total time for which application threads were stopped: 0.0000944 seconds, Stopping threads took: 0.0000175 seconds
[2019-12-09T04:43:39.641+0000][1][safepoint    ] Application time: 1.0000813 seconds
[2019-12-09T04:43:39.641+0000][1][safepoint    ] Entering safepoint region: Cleanup
[2019-12-09T04:43:39.641+0000][1][safepoint    ] Leaving safepoint region
[2019-12-09T04:43:39.641+0000][1][safepoint    ] Total time for which application threads were stopped: 0.0000880 seconds, Stopping threads took: 0.0000175 seconds
[2019-12-09T04:43:40.641+0000][1][safepoint    ] Application time: 1.0000761 seconds
[2019-12-09T04:43:40.641+0000][1][safepoint    ] Entering safepoint region: Cleanup
[2019-12-09T04:43:40.641+0000][1][safepoint    ] Leaving safepoint region
[2019-12-09T04:43:40.641+0000][1][safepoint    ] Total time for which application threads were stopped: 0.0000955 seconds, Stopping threads took: 0.0000175 seconds
[2019-12-09T04:43:41.641+0000][1][safepoint    ] Application time: 1.0000825 seconds
[2019-12-09T04:43:41.641+0000][1][safepoint    ] Entering safepoint region: Cleanup
[2019-12-09T04:43:41.642+0000][1][safepoint    ] Leaving safepoint region
[2019-12-09T04:43:41.642+0000][1][safepoint    ] Total time for which application threads were stopped: 0.0000884 seconds, Stopping threads took: 0.0000170 seconds
[2019-12-09T04:43:42.642+0000][1][safepoint    ] Application time: 1.0000784 seconds
[2019-12-09T04:43:42.642+0000][1][safepoint    ] Entering safepoint region: Cleanup
[2019-12-09T04:43:42.642+0000][1][safepoint    ] Leaving safepoint region
[2019-12-09T04:43:42.642+0000][1][safepoint    ] Total time for which application threads were stopped: 0.0001100 seconds, Stopping threads took: 0.0000375 seconds
[2019-12-09T04:43:43.642+0000][1][safepoint    ] Application time: 1.0000817 seconds
[2019-12-09T04:43:43.642+0000][1][safepoint    ] Entering safepoint region: Cleanup
[2019-12-09T04:43:43.642+0000][1][safepoint    ] Leaving safepoint region
[2019-12-09T04:43:43.642+0000][1][safepoint    ] Total time for which application threads were stopped: 0.0000986 seconds, Stopping threads took: 0.0000176 seconds
[2019-12-09T04:43:44.642+0000][1][safepoint    ] Application time: 1.0000841 seconds
[2019-12-09T04:43:44.642+0000][1][safepoint    ] Entering safepoint region: Cleanup
[2019-12-09T04:43:44.642+0000][1][safepoint    ] Leaving safepoint region
[2019-12-09T04:43:44.642+0000][1][safepoint    ] Total time for which application threads were stopped: 0.0000916 seconds, Stopping threads took: 0.0000195 seconds
[2019-12-09T04:43:45.642+0000][1][safepoint    ] Application time: 1.0000754 seconds
[2019-12-09T04:43:45.642+0000][1][safepoint    ] Entering safepoint region: Cleanup
[2019-12-09T04:43:45.642+0000][1][safepoint    ] Leaving safepoint region
[2019-12-09T04:43:45.642+0000][1][safepoint    ] Total time for which application threads were stopped: 0.0000936 seconds, Stopping threads took: 0.0000199 seconds
[2019-12-09T04:43:46.643+0000][1][safepoint    ] Application time: 1.0000831 seconds
[2019-12-09T04:43:46.643+0000][1][safepoint    ] Entering safepoint region: Cleanup
[2019-12-09T04:43:46.643+0000][1][safepoint    ] Leaving safepoint region
[2019-12-09T04:43:46.643+0000][1][safepoint    ] Total time for which application threads were stopped: 0.0000890 seconds, Stopping threads took: 0.0000183 seconds
[2019-12-09T04:43:47.641+0000][1][safepoint    ] Application time: 0.9984067 seconds
[2019-12-09T04:43:47.641+0000][1][safepoint    ] Entering safepoint region: GenCollectForAllocation
[2019-12-09T04:43:47.641+0000][1][gc,start     ] GC(77) Pause Young (Allocation Failure)
[2019-12-09T04:43:47.641+0000][1][gc,task      ] GC(77) Using 2 workers of 2 for evacuation
[2019-12-09T04:43:47.643+0000][1][gc,age       ] GC(77) Desired survivor size 4456448 bytes, new threshold 6 (max threshold 6)
[2019-12-09T04:43:47.643+0000][1][gc,age       ] GC(77) Age table with threshold 6 (max threshold 6)
[2019-12-09T04:43:47.643+0000][1][gc,age       ] GC(77) - age   1:       8096 bytes,       8096 total
[2019-12-09T04:43:47.643+0000][1][gc,age       ] GC(77) - age   2:       1288 bytes,       9384 total
[2019-12-09T04:43:47.643+0000][1][gc,age       ] GC(77) - age   3:        144 bytes,       9528 total
[2019-12-09T04:43:47.643+0000][1][gc,age       ] GC(77) - age   4:       3416 bytes,      12944 total
[2019-12-09T04:43:47.643+0000][1][gc,age       ] GC(77) - age   5:       2600 bytes,      15544 total
[2019-12-09T04:43:47.643+0000][1][gc,age       ] GC(77) - age   6:        840 bytes,      16384 total
[2019-12-09T04:43:47.643+0000][1][gc,heap      ] GC(77) ParNew: 70051K->31K(78656K)
[2019-12-09T04:43:47.643+0000][1][gc,heap      ] GC(77) CMS: 119423K->119423K(174784K)
[2019-12-09T04:43:47.643+0000][1][gc,metaspace ] GC(77) Metaspace: 83805K->83805K(1126400K)
[2019-12-09T04:43:47.643+0000][1][gc           ] GC(77) Pause Young (Allocation Failure) 185M->116M(247M) 1.711ms
[2019-12-09T04:43:47.643+0000][1][gc,cpu       ] GC(77) User=0.00s Sys=0.00s Real=0.00s
[2019-12-09T04:43:47.643+0000][1][safepoint    ] Leaving safepoint region
[2019-12-09T04:43:47.643+0000][1][safepoint    ] Total time for which application threads were stopped: 0.0018679 seconds, Stopping threads took: 0.0000172 seconds
[2019-12-09T04:43:48.643+0000][1][safepoint    ] Application time: 1.0000865 seconds
[2019-12-09T04:43:48.643+0000][1][safepoint    ] Entering safepoint region: Cleanup
[2019-12-09T04:43:48.643+0000][1][safepoint    ] Leaving safepoint region
[2019-12-09T04:43:48.643+0000][1][safepoint    ] Total time for which application threads were stopped: 0.0000872 seconds, Stopping threads took: 0.0000186 seconds
[2019-12-09T04:43:49.643+0000][1][safepoint    ] Application time: 1.0000758 seconds
[2019-12-09T04:43:49.643+0000][1][safepoint    ] Entering safepoint region: Cleanup
[2019-12-09T04:43:49.643+0000][1][safepoint    ] Leaving safepoint region
[2019-12-09T04:43:49.643+0000][1][safepoint    ] Total time for which application threads were stopped: 0.0000831 seconds, Stopping threads took: 0.0000176 seconds
[2019-12-09T04:43:50.643+0000][1][safepoint    ] Application time: 1.0000767 seconds
[2019-12-09T04:43:50.644+0000][1][safepoint    ] Entering safepoint region: Cleanup
[2019-12-09T04:43:50.644+0000][1][safepoint    ] Leaving safepoint region
[2019-12-09T04:43:50.644+0000][1][safepoint    ] Total time for which application threads were stopped: 0.0000940 seconds, Stopping threads took: 0.0000269 seconds
[2019-12-09T04:43:51.644+0000][1][safepoint    ] Application time: 1.0000741 seconds
[2019-12-09T04:43:51.644+0000][1][safepoint    ] Entering safepoint region: Cleanup
[2019-12-09T04:43:51.644+0000][1][safepoint    ] Leaving safepoint region
[2019-12-09T04:43:51.644+0000][1][safepoint    ] Total time for which application threads were stopped: 0.0000850 seconds, Stopping threads took: 0.0000187 seconds
[2019-12-09T04:43:52.644+0000][1][safepoint    ] Application time: 1.0000818 seconds
[2019-12-09T04:43:52.644+0000][1][safepoint    ] Entering safepoint region: Cleanup
[2019-12-09T04:43:52.644+0000][1][safepoint    ] Leaving safepoint region
[2019-12-09T04:43:52.644+0000][1][safepoint    ] Total time for which application threads were stopped: 0.0001276 seconds, Stopping threads took: 0.0000582 seconds
[2019-12-09T04:43:53.644+0000][1][safepoint    ] Application time: 1.0000795 seconds
[2019-12-09T04:43:53.644+0000][1][safepoint    ] Entering safepoint region: Cleanup
[2019-12-09T04:43:53.644+0000][1][safepoint    ] Leaving safepoint region
[2019-12-09T04:43:53.644+0000][1][safepoint    ] Total time for which application threads were stopped: 0.0000850 seconds, Stopping threads took: 0.0000187 seconds
[2019-12-09T04:43:54.644+0000][1][safepoint    ] Application time: 1.0000756 seconds
[2019-12-09T04:43:54.644+0000][1][safepoint    ] Entering safepoint region: Cleanup
[2019-12-09T04:43:54.644+0000][1][safepoint    ] Leaving safepoint region
[2019-12-09T04:43:54.644+0000][1][safepoint    ] Total time for which application threads were stopped: 0.0000854 seconds, Stopping threads took: 0.0000194 seconds
[2019-12-09T04:43:55.645+0000][1][safepoint    ] Application time: 1.0000752 seconds
[2019-12-09T04:43:55.645+0000][1][safepoint    ] Entering safepoint region: Cleanup
[2019-12-09T04:43:55.645+0000][1][safepoint    ] Leaving safepoint region
[2019-12-09T04:43:55.645+0000][1][safepoint    ] Total time for which application threads were stopped: 0.0000980 seconds, Stopping threads took: 0.0000188 seconds
[2019-12-09T04:43:56.645+0000][1][safepoint    ] Application time: 1.0000759 seconds
[2019-12-09T04:43:56.645+0000][1][safepoint    ] Entering safepoint region: Cleanup
[2019-12-09T04:43:56.645+0000][1][safepoint    ] Leaving safepoint region
[2019-12-09T04:43:56.645+0000][1][safepoint    ] Total time for which application threads were stopped: 0.0000876 seconds, Stopping threads took: 0.0000198 seconds
[2019-12-09T04:43:57.645+0000][1][safepoint    ] Application time: 1.0000761 seconds
[2019-12-09T04:43:57.645+0000][1][safepoint    ] Entering safepoint region: Cleanup
[2019-12-09T04:43:57.645+0000][1][safepoint    ] Leaving safepoint region
[2019-12-09T04:43:57.645+0000][1][safepoint    ] Total time for which application threads were stopped: 0.0000869 seconds, Stopping threads took: 0.0000195 seconds
[2019-12-09T04:43:58.645+0000][1][safepoint    ] Application time: 1.0000757 seconds
[2019-12-09T04:43:58.645+0000][1][safepoint    ] Entering safepoint region: Cleanup
[2019-12-09T04:43:58.645+0000][1][safepoint    ] Leaving safepoint region
[2019-12-09T04:43:58.645+0000][1][safepoint    ] Total time for which application threads were stopped: 0.0000881 seconds, Stopping threads took: 0.0000185 seconds
[2019-12-09T04:43:59.645+0000][1][safepoint    ] Application time: 1.0000749 seconds
[2019-12-09T04:43:59.645+0000][1][safepoint    ] Entering safepoint region: Cleanup
[2019-12-09T04:43:59.646+0000][1][safepoint    ] Leaving safepoint region
[2019-12-09T04:43:59.646+0000][1][safepoint    ] Total time for which application threads were stopped: 0.0000854 seconds, Stopping threads took: 0.0000173 seconds
[2019-12-09T04:44:00.646+0000][1][safepoint    ] Application time: 1.0000763 seconds
[2019-12-09T04:44:00.646+0000][1][safepoint    ] Entering safepoint region: Cleanup
[2019-12-09T04:44:00.646+0000][1][safepoint    ] Leaving safepoint region
[2019-12-09T04:44:00.646+0000][1][safepoint    ] Total time for which application threads were stopped: 0.0000957 seconds, Stopping threads took: 0.0000296 seconds
[2019-12-09T04:44:01.649+0000][1][safepoint    ] Application time: 1.0028783 seconds
[2019-12-09T04:44:01.649+0000][1][safepoint    ] Entering safepoint region: Cleanup
[2019-12-09T04:44:01.649+0000][1][safepoint    ] Leaving safepoint region
[2019-12-09T04:44:01.649+0000][1][safepoint    ] Total time for which application threads were stopped: 0.0001106 seconds, Stopping threads took: 0.0000236 seconds
[2019-12-09T04:44:02.649+0000][1][safepoint    ] Application time: 1.0000802 seconds
[2019-12-09T04:44:02.649+0000][1][safepoint    ] Entering safepoint region: Cleanup
[2019-12-09T04:44:02.649+0000][1][safepoint    ] Leaving safepoint region
[2019-12-09T04:44:02.649+0000][1][safepoint    ] Total time for which application threads were stopped: 0.0000875 seconds, Stopping threads took: 0.0000181 seconds
[2019-12-09T04:44:03.649+0000][1][safepoint    ] Application time: 1.0000817 seconds
[2019-12-09T04:44:03.649+0000][1][safepoint    ] Entering safepoint region: Cleanup
[2019-12-09T04:44:03.649+0000][1][safepoint    ] Leaving safepoint region
[2019-12-09T04:44:03.649+0000][1][safepoint    ] Total time for which application threads were stopped: 0.0000883 seconds, Stopping threads took: 0.0000182 seconds
[2019-12-09T04:44:04.649+0000][1][safepoint    ] Application time: 1.0000801 seconds
[2019-12-09T04:44:04.649+0000][1][safepoint    ] Entering safepoint region: Cleanup
[2019-12-09T04:44:04.649+0000][1][safepoint    ] Leaving safepoint region
[2019-12-09T04:44:04.649+0000][1][safepoint    ] Total time for which application threads were stopped: 0.0000868 seconds, Stopping threads took: 0.0000193 seconds
[2019-12-09T04:44:05.650+0000][1][safepoint    ] Application time: 1.0000788 seconds
[2019-12-09T04:44:05.650+0000][1][safepoint    ] Entering safepoint region: Cleanup
[2019-12-09T04:44:05.650+0000][1][safepoint    ] Leaving safepoint region
[2019-12-09T04:44:05.650+0000][1][safepoint    ] Total time for which application threads were stopped: 0.0001115 seconds, Stopping threads took: 0.0000219 seconds
[2019-12-09T04:44:06.650+0000][1][safepoint    ] Application time: 1.0000769 seconds
[2019-12-09T04:44:06.650+0000][1][safepoint    ] Entering safepoint region: Cleanup
[2019-12-09T04:44:06.650+0000][1][safepoint    ] Leaving safepoint region
[2019-12-09T04:44:06.650+0000][1][safepoint    ] Total time for which application threads were stopped: 0.0001110 seconds, Stopping threads took: 0.0000235 seconds
[2019-12-09T04:44:07.650+0000][1][safepoint    ] Application time: 1.0000833 seconds
[2019-12-09T04:44:07.650+0000][1][safepoint    ] Entering safepoint region: Cleanup
[2019-12-09T04:44:07.650+0000][1][safepoint    ] Leaving safepoint region
[2019-12-09T04:44:07.650+0000][1][safepoint    ] Total time for which application threads were stopped: 0.0001708 seconds, Stopping threads took: 0.0000841 seconds
[2019-12-09T04:44:08.650+0000][1][safepoint    ] Application time: 1.0000837 seconds
[2019-12-09T04:44:08.650+0000][1][safepoint    ] Entering safepoint region: Cleanup
[2019-12-09T04:44:08.650+0000][1][safepoint    ] Leaving safepoint region
[2019-12-09T04:44:08.650+0000][1][safepoint    ] Total time for which application threads were stopped: 0.0001095 seconds, Stopping threads took: 0.0000196 seconds
[2019-12-09T04:44:09.651+0000][1][safepoint    ] Application time: 1.0000770 seconds
[2019-12-09T04:44:09.651+0000][1][safepoint    ] Entering safepoint region: Cleanup
[2019-12-09T04:44:09.651+0000][1][safepoint    ] Leaving safepoint region
[2019-12-09T04:44:09.651+0000][1][safepoint    ] Total time for which application threads were stopped: 0.0001118 seconds, Stopping threads took: 0.0000188 seconds
[2019-12-09T04:44:10.651+0000][1][safepoint    ] Application time: 1.0000753 seconds
[2019-12-09T04:44:10.651+0000][1][safepoint    ] Entering safepoint region: Cleanup
[2019-12-09T04:44:10.651+0000][1][safepoint    ] Leaving safepoint region
[2019-12-09T04:44:10.651+0000][1][safepoint    ] Total time for which application threads were stopped: 0.0000874 seconds, Stopping threads took: 0.0000190 seconds
[2019-12-09T04:44:11.651+0000][1][safepoint    ] Application time: 1.0000728 seconds
[2019-12-09T04:44:11.651+0000][1][safepoint    ] Entering safepoint region: Cleanup
[2019-12-09T04:44:11.651+0000][1][safepoint    ] Leaving safepoint region
[2019-12-09T04:44:11.651+0000][1][safepoint    ] Total time for which application threads were stopped: 0.0000846 seconds, Stopping threads took: 0.0000184 seconds
[2019-12-09T04:44:12.651+0000][1][safepoint    ] Application time: 1.0000834 seconds
[2019-12-09T04:44:12.651+0000][1][safepoint    ] Entering safepoint region: Cleanup
[2019-12-09T04:44:12.651+0000][1][safepoint    ] Leaving safepoint region
[2019-12-09T04:44:12.651+0000][1][safepoint    ] Total time for which application threads were stopped: 0.0001156 seconds, Stopping threads took: 0.0000435 seconds
[2019-12-09T04:44:13.651+0000][1][safepoint    ] Application time: 1.0000854 seconds
[2019-12-09T04:44:13.652+0000][1][safepoint    ] Entering safepoint region: Cleanup
[2019-12-09T04:44:13.652+0000][1][safepoint    ] Leaving safepoint region
[2019-12-09T04:44:13.652+0000][1][safepoint    ] Total time for which application threads were stopped: 0.0000876 seconds, Stopping threads took: 0.0000189 seconds
[2019-12-09T04:44:14.652+0000][1][safepoint    ] Application time: 1.0000764 seconds
[2019-12-09T04:44:14.652+0000][1][safepoint    ] Entering safepoint region: Cleanup
[2019-12-09T04:44:14.652+0000][1][safepoint    ] Leaving safepoint region
[2019-12-09T04:44:14.652+0000][1][safepoint    ] Total time for which application threads were stopped: 0.0001065 seconds, Stopping threads took: 0.0000352 seconds
[2019-12-09T04:44:15.652+0000][1][safepoint    ] Application time: 1.0000745 seconds
[2019-12-09T04:44:15.652+0000][1][safepoint    ] Entering safepoint region: Cleanup
[2019-12-09T04:44:15.652+0000][1][safepoint    ] Leaving safepoint region
[2019-12-09T04:44:15.652+0000][1][safepoint    ] Total time for which application threads were stopped: 0.0000842 seconds, Stopping threads took: 0.0000187 seconds
[2019-12-09T04:44:16.652+0000][1][safepoint    ] Application time: 1.0000752 seconds
[2019-12-09T04:44:16.652+0000][1][safepoint    ] Entering safepoint region: Cleanup
[2019-12-09T04:44:16.652+0000][1][safepoint    ] Leaving safepoint region
[2019-12-09T04:44:16.652+0000][1][safepoint    ] Total time for which application threads were stopped: 0.0000857 seconds, Stopping threads took: 0.0000188 seconds
[2019-12-09T04:44:17.652+0000][1][safepoint    ] Application time: 1.0000779 seconds
[2019-12-09T04:44:17.652+0000][1][safepoint    ] Entering safepoint region: Cleanup
[2019-12-09T04:44:17.653+0000][1][safepoint    ] Leaving safepoint region
[2019-12-09T04:44:17.653+0000][1][safepoint    ] Total time for which application threads were stopped: 0.0001227 seconds, Stopping threads took: 0.0000486 seconds
[2019-12-09T04:44:18.653+0000][1][safepoint    ] Application time: 1.0000849 seconds
[2019-12-09T04:44:18.653+0000][1][safepoint    ] Entering safepoint region: Cleanup
[2019-12-09T04:44:18.653+0000][1][safepoint    ] Leaving safepoint region
[2019-12-09T04:44:18.653+0000][1][safepoint    ] Total time for which application threads were stopped: 0.0000926 seconds, Stopping threads took: 0.0000187 seconds
[2019-12-09T04:44:19.653+0000][1][safepoint    ] Application time: 1.0000744 seconds
[2019-12-09T04:44:19.653+0000][1][safepoint    ] Entering safepoint region: Cleanup
[2019-12-09T04:44:19.653+0000][1][safepoint    ] Leaving safepoint region
[2019-12-09T04:44:19.653+0000][1][safepoint    ] Total time for which application threads were stopped: 0.0000870 seconds, Stopping threads took: 0.0000195 seconds
[2019-12-09T04:44:20.653+0000][1][safepoint    ] Application time: 1.0000742 seconds
[2019-12-09T04:44:20.653+0000][1][safepoint    ] Entering safepoint region: Cleanup
[2019-12-09T04:44:20.653+0000][1][safepoint    ] Leaving safepoint region
[2019-12-09T04:44:20.653+0000][1][safepoint    ] Total time for which application threads were stopped: 0.0000948 seconds, Stopping threads took: 0.0000268 seconds
[2019-12-09T04:44:21.653+0000][1][safepoint    ] Application time: 1.0000763 seconds
[2019-12-09T04:44:21.653+0000][1][safepoint    ] Entering safepoint region: Cleanup
[2019-12-09T04:44:21.653+0000][1][safepoint    ] Leaving safepoint region
[2019-12-09T04:44:21.653+0000][1][safepoint    ] Total time for which application threads were stopped: 0.0000876 seconds, Stopping threads took: 0.0000194 seconds
[2019-12-09T04:44:22.653+0000][1][safepoint    ] Application time: 1.0000770 seconds
[2019-12-09T04:44:22.654+0000][1][safepoint    ] Entering safepoint region: Cleanup
[2019-12-09T04:44:22.654+0000][1][safepoint    ] Leaving safepoint region
[2019-12-09T04:44:22.654+0000][1][safepoint    ] Total time for which application threads were stopped: 0.0000855 seconds, Stopping threads took: 0.0000180 seconds
[2019-12-09T04:44:23.654+0000][1][safepoint    ] Application time: 1.0000757 seconds
[2019-12-09T04:44:23.654+0000][1][safepoint    ] Entering safepoint region: Cleanup
[2019-12-09T04:44:23.654+0000][1][safepoint    ] Leaving safepoint region
[2019-12-09T04:44:23.654+0000][1][safepoint    ] Total time for which application threads were stopped: 0.0000866 seconds, Stopping threads took: 0.0000185 seconds
[2019-12-09T04:44:24.654+0000][1][safepoint    ] Application time: 1.0000743 seconds
[2019-12-09T04:44:24.654+0000][1][safepoint    ] Entering safepoint region: Cleanup
[2019-12-09T04:44:24.654+0000][1][safepoint    ] Leaving safepoint region
[2019-12-09T04:44:24.654+0000][1][safepoint    ] Total time for which application threads were stopped: 0.0000863 seconds, Stopping threads took: 0.0000188 seconds
[2019-12-09T04:44:25.654+0000][1][safepoint    ] Application time: 1.0000754 seconds
[2019-12-09T04:44:25.654+0000][1][safepoint    ] Entering safepoint region: Cleanup
[2019-12-09T04:44:25.654+0000][1][safepoint    ] Leaving safepoint region
[2019-12-09T04:44:25.654+0000][1][safepoint    ] Total time for which application threads were stopped: 0.0000858 seconds, Stopping threads took: 0.0000192 seconds
[2019-12-09T04:44:26.654+0000][1][safepoint    ] Application time: 1.0000752 seconds
[2019-12-09T04:44:26.654+0000][1][safepoint    ] Entering safepoint region: Cleanup
[2019-12-09T04:44:26.654+0000][1][safepoint    ] Leaving safepoint region
[2019-12-09T04:44:26.654+0000][1][safepoint    ] Total time for which application threads were stopped: 0.0000862 seconds, Stopping threads took: 0.0000192 seconds
[2019-12-09T04:44:27.654+0000][1][safepoint    ] Application time: 1.0000754 seconds
[2019-12-09T04:44:27.655+0000][1][safepoint    ] Entering safepoint region: Cleanup
[2019-12-09T04:44:27.655+0000][1][safepoint    ] Leaving safepoint region
[2019-12-09T04:44:27.655+0000][1][safepoint    ] Total time for which application threads were stopped: 0.0000875 seconds, Stopping threads took: 0.0000206 seconds
[2019-12-09T04:44:28.655+0000][1][safepoint    ] Application time: 1.0000755 seconds
[2019-12-09T04:44:28.655+0000][1][safepoint    ] Entering safepoint region: Cleanup
[2019-12-09T04:44:28.655+0000][1][safepoint    ] Leaving safepoint region
[2019-12-09T04:44:28.655+0000][1][safepoint    ] Total time for which application threads were stopped: 0.0000863 seconds, Stopping threads took: 0.0000175 seconds
[2019-12-09T04:44:29.655+0000][1][safepoint    ] Application time: 1.0000737 seconds
[2019-12-09T04:44:29.655+0000][1][safepoint    ] Entering safepoint region: Cleanup
[2019-12-09T04:44:29.655+0000][1][safepoint    ] Leaving safepoint region
[2019-12-09T04:44:29.655+0000][1][safepoint    ] Total time for which application threads were stopped: 0.0000840 seconds, Stopping threads took: 0.0000178 seconds
[2019-12-09T04:44:30.655+0000][1][safepoint    ] Application time: 1.0000758 seconds
[2019-12-09T04:44:30.655+0000][1][safepoint    ] Entering safepoint region: Cleanup
[2019-12-09T04:44:30.655+0000][1][safepoint    ] Leaving safepoint region
[2019-12-09T04:44:30.655+0000][1][safepoint    ] Total time for which application threads were stopped: 0.0000874 seconds, Stopping threads took: 0.0000191 seconds
[2019-12-09T04:44:31.655+0000][1][safepoint    ] Application time: 1.0000771 seconds
[2019-12-09T04:44:31.655+0000][1][safepoint    ] Entering safepoint region: Cleanup
[2019-12-09T04:44:31.655+0000][1][safepoint    ] Leaving safepoint region
[2019-12-09T04:44:31.655+0000][1][safepoint    ] Total time for which application threads were stopped: 0.0000859 seconds, Stopping threads took: 0.0000196 seconds
[2019-12-09T04:44:32.656+0000][1][safepoint    ] Application time: 1.0000774 seconds
[2019-12-09T04:44:32.656+0000][1][safepoint    ] Entering safepoint region: Cleanup
[2019-12-09T04:44:32.656+0000][1][safepoint    ] Leaving safepoint region
[2019-12-09T04:44:32.656+0000][1][safepoint    ] Total time for which application threads were stopped: 0.0000886 seconds, Stopping threads took: 0.0000195 seconds
[2019-12-09T04:44:33.656+0000][1][safepoint    ] Application time: 1.0000760 seconds
[2019-12-09T04:44:33.656+0000][1][safepoint    ] Entering safepoint region: Cleanup
[2019-12-09T04:44:33.656+0000][1][safepoint    ] Leaving safepoint region
[2019-12-09T04:44:33.656+0000][1][safepoint    ] Total time for which application threads were stopped: 0.0000854 seconds, Stopping threads took: 0.0000189 seconds
[2019-12-09T04:44:34.656+0000][1][safepoint    ] Application time: 1.0000763 seconds
[2019-12-09T04:44:34.656+0000][1][safepoint    ] Entering safepoint region: Cleanup
[2019-12-09T04:44:34.656+0000][1][safepoint    ] Leaving safepoint region
[2019-12-09T04:44:34.656+0000][1][safepoint    ] Total time for which application threads were stopped: 0.0000854 seconds, Stopping threads took: 0.0000197 seconds
[2019-12-09T04:44:35.656+0000][1][safepoint    ] Application time: 1.0000766 seconds
[2019-12-09T04:44:35.656+0000][1][safepoint    ] Entering safepoint region: Cleanup
[2019-12-09T04:44:35.656+0000][1][safepoint    ] Leaving safepoint region
[2019-12-09T04:44:35.656+0000][1][safepoint    ] Total time for which application threads were stopped: 0.0000893 seconds, Stopping threads took: 0.0000207 seconds
[2019-12-09T04:44:36.656+0000][1][safepoint    ] Application time: 1.0000750 seconds
[2019-12-09T04:44:36.656+0000][1][safepoint    ] Entering safepoint region: Cleanup
[2019-12-09T04:44:36.656+0000][1][safepoint    ] Leaving safepoint region
[2019-12-09T04:44:36.656+0000][1][safepoint    ] Total time for which application threads were stopped: 0.0000849 seconds, Stopping threads took: 0.0000196 seconds
[2019-12-09T04:44:37.657+0000][1][safepoint    ] Application time: 1.0000750 seconds
[2019-12-09T04:44:37.657+0000][1][safepoint    ] Entering safepoint region: Cleanup
[2019-12-09T04:44:37.657+0000][1][safepoint    ] Leaving safepoint region
[2019-12-09T04:44:37.657+0000][1][safepoint    ] Total time for which application threads were stopped: 0.0000939 seconds, Stopping threads took: 0.0000188 seconds
[2019-12-09T04:44:38.657+0000][1][safepoint    ] Application time: 1.0000774 seconds
[2019-12-09T04:44:38.657+0000][1][safepoint    ] Entering safepoint region: Cleanup
[2019-12-09T04:44:38.657+0000][1][safepoint    ] Leaving safepoint region
[2019-12-09T04:44:38.657+0000][1][safepoint    ] Total time for which application threads were stopped: 0.0000858 seconds, Stopping threads took: 0.0000175 seconds
[2019-12-09T04:44:39.657+0000][1][safepoint    ] Application time: 1.0000767 seconds
[2019-12-09T04:44:39.657+0000][1][safepoint    ] Entering safepoint region: Cleanup
[2019-12-09T04:44:39.657+0000][1][safepoint    ] Leaving safepoint region
[2019-12-09T04:44:39.657+0000][1][safepoint    ] Total time for which application threads were stopped: 0.0000897 seconds, Stopping threads took: 0.0000199 seconds
[2019-12-09T04:44:40.657+0000][1][safepoint    ] Application time: 1.0000767 seconds
[2019-12-09T04:44:40.657+0000][1][safepoint    ] Entering safepoint region: Cleanup
[2019-12-09T04:44:40.657+0000][1][safepoint    ] Leaving safepoint region
[2019-12-09T04:44:40.657+0000][1][safepoint    ] Total time for which application threads were stopped: 0.0000903 seconds, Stopping threads took: 0.0000193 seconds
[2019-12-09T04:44:41.657+0000][1][safepoint    ] Application time: 1.0000759 seconds
[2019-12-09T04:44:41.657+0000][1][safepoint    ] Entering safepoint region: Cleanup
[2019-12-09T04:44:41.658+0000][1][safepoint    ] Leaving safepoint region
[2019-12-09T04:44:41.658+0000][1][safepoint    ] Total time for which application threads were stopped: 0.0000888 seconds, Stopping threads took: 0.0000191 seconds
[2019-12-09T04:44:42.658+0000][1][safepoint    ] Application time: 1.0000751 seconds
[2019-12-09T04:44:42.658+0000][1][safepoint    ] Entering safepoint region: Cleanup
[2019-12-09T04:44:42.658+0000][1][safepoint    ] Leaving safepoint region
[2019-12-09T04:44:42.658+0000][1][safepoint    ] Total time for which application threads were stopped: 0.0001000 seconds, Stopping threads took: 0.0000318 seconds
[2019-12-09T04:44:43.658+0000][1][safepoint    ] Application time: 1.0000753 seconds
[2019-12-09T04:44:43.658+0000][1][safepoint    ] Entering safepoint region: Cleanup
[2019-12-09T04:44:43.658+0000][1][safepoint    ] Leaving safepoint region
[2019-12-09T04:44:43.658+0000][1][safepoint    ] Total time for which application threads were stopped: 0.0000855 seconds, Stopping threads took: 0.0000185 seconds
[2019-12-09T04:44:44.658+0000][1][safepoint    ] Application time: 1.0000751 seconds
[2019-12-09T04:44:44.658+0000][1][safepoint    ] Entering safepoint region: Cleanup
[2019-12-09T04:44:44.658+0000][1][safepoint    ] Leaving safepoint region
[2019-12-09T04:44:44.658+0000][1][safepoint    ] Total time for which application threads were stopped: 0.0000866 seconds, Stopping threads took: 0.0000191 seconds
[2019-12-09T04:44:45.658+0000][1][safepoint    ] Application time: 1.0000754 seconds
[2019-12-09T04:44:45.658+0000][1][safepoint    ] Entering safepoint region: Cleanup
[2019-12-09T04:44:45.658+0000][1][safepoint    ] Leaving safepoint region
[2019-12-09T04:44:45.658+0000][1][safepoint    ] Total time for which application threads were stopped: 0.0000846 seconds, Stopping threads took: 0.0000177 seconds
[2019-12-09T04:44:46.658+0000][1][safepoint    ] Application time: 1.0000750 seconds
[2019-12-09T04:44:46.659+0000][1][safepoint    ] Entering safepoint region: Cleanup
[2019-12-09T04:44:46.659+0000][1][safepoint    ] Leaving safepoint region
[2019-12-09T04:44:46.659+0000][1][safepoint    ] Total time for which application threads were stopped: 0.0000874 seconds, Stopping threads took: 0.0000187 seconds
[2019-12-09T04:44:47.659+0000][1][safepoint    ] Application time: 1.0000853 seconds
[2019-12-09T04:44:47.659+0000][1][safepoint    ] Entering safepoint region: Cleanup
[2019-12-09T04:44:47.659+0000][1][safepoint    ] Leaving safepoint region
[2019-12-09T04:44:47.659+0000][1][safepoint    ] Total time for which application threads were stopped: 0.0000864 seconds, Stopping threads took: 0.0000193 seconds
[2019-12-09T04:44:48.659+0000][1][safepoint    ] Application time: 1.0000773 seconds
[2019-12-09T04:44:48.659+0000][1][safepoint    ] Entering safepoint region: Cleanup
[2019-12-09T04:44:48.659+0000][1][safepoint    ] Leaving safepoint region
[2019-12-09T04:44:48.659+0000][1][safepoint    ] Total time for which application threads were stopped: 0.0000862 seconds, Stopping threads took: 0.0000177 seconds
[2019-12-09T04:44:49.659+0000][1][safepoint    ] Application time: 1.0000763 seconds
[2019-12-09T04:44:49.659+0000][1][safepoint    ] Entering safepoint region: Cleanup
[2019-12-09T04:44:49.659+0000][1][safepoint    ] Leaving safepoint region
[2019-12-09T04:44:49.659+0000][1][safepoint    ] Total time for which application threads were stopped: 0.0000848 seconds, Stopping threads took: 0.0000174 seconds
[2019-12-09T04:44:50.659+0000][1][safepoint    ] Application time: 1.0000754 seconds
[2019-12-09T04:44:50.659+0000][1][safepoint    ] Entering safepoint region: Cleanup
[2019-12-09T04:44:50.659+0000][1][safepoint    ] Leaving safepoint region
[2019-12-09T04:44:50.659+0000][1][safepoint    ] Total time for which application threads were stopped: 0.0001037 seconds, Stopping threads took: 0.0000362 seconds
[2019-12-09T04:44:51.660+0000][1][safepoint    ] Application time: 1.0000769 seconds
[2019-12-09T04:44:51.660+0000][1][safepoint    ] Entering safepoint region: Cleanup
[2019-12-09T04:44:51.660+0000][1][safepoint    ] Leaving safepoint region
[2019-12-09T04:44:51.660+0000][1][safepoint    ] Total time for which application threads were stopped: 0.0000878 seconds, Stopping threads took: 0.0000189 seconds
[2019-12-09T04:44:52.674+0000][1][safepoint    ] Application time: 1.0144843 seconds
[2019-12-09T04:44:52.674+0000][1][safepoint    ] Entering safepoint region: Cleanup
[2019-12-09T04:44:52.674+0000][1][safepoint    ] Leaving safepoint region
[2019-12-09T04:44:52.674+0000][1][safepoint    ] Total time for which application threads were stopped: 0.0000819 seconds, Stopping threads took: 0.0000152 seconds
[2019-12-09T04:44:53.674+0000][1][safepoint    ] Application time: 1.0000793 seconds
[2019-12-09T04:44:53.674+0000][1][safepoint    ] Entering safepoint region: Cleanup
[2019-12-09T04:44:53.674+0000][1][safepoint    ] Leaving safepoint region
[2019-12-09T04:44:53.674+0000][1][safepoint    ] Total time for which application threads were stopped: 0.0000770 seconds, Stopping threads took: 0.0000162 seconds
[2019-12-09T04:44:54.675+0000][1][safepoint    ] Application time: 1.0000790 seconds
[2019-12-09T04:44:54.675+0000][1][safepoint    ] Entering safepoint region: Cleanup
[2019-12-09T04:44:54.675+0000][1][safepoint    ] Leaving safepoint region
[2019-12-09T04:44:54.675+0000][1][safepoint    ] Total time for which application threads were stopped: 0.0000778 seconds, Stopping threads took: 0.0000160 seconds
[2019-12-09T04:44:55.675+0000][1][safepoint    ] Application time: 1.0000746 seconds
[2019-12-09T04:44:55.675+0000][1][safepoint    ] Entering safepoint region: Cleanup
[2019-12-09T04:44:55.675+0000][1][safepoint    ] Leaving safepoint region
[2019-12-09T04:44:55.675+0000][1][safepoint    ] Total time for which application threads were stopped: 0.0000796 seconds, Stopping threads took: 0.0000173 seconds
[2019-12-09T04:44:56.675+0000][1][safepoint    ] Application time: 1.0000747 seconds
[2019-12-09T04:44:56.675+0000][1][safepoint    ] Entering safepoint region: Cleanup
[2019-12-09T04:44:56.675+0000][1][safepoint    ] Leaving safepoint region
[2019-12-09T04:44:56.675+0000][1][safepoint    ] Total time for which application threads were stopped: 0.0000750 seconds, Stopping threads took: 0.0000154 seconds
[2019-12-09T04:44:57.675+0000][1][safepoint    ] Application time: 1.0000738 seconds
[2019-12-09T04:44:57.675+0000][1][safepoint    ] Entering safepoint region: Cleanup
[2019-12-09T04:44:57.675+0000][1][safepoint    ] Leaving safepoint region
[2019-12-09T04:44:57.675+0000][1][safepoint    ] Total time for which application threads were stopped: 0.0000729 seconds, Stopping threads took: 0.0000141 seconds
[2019-12-09T04:44:58.675+0000][1][safepoint    ] Application time: 1.0000756 seconds
[2019-12-09T04:44:58.675+0000][1][safepoint    ] Entering safepoint region: Cleanup
[2019-12-09T04:44:58.675+0000][1][safepoint    ] Leaving safepoint region
[2019-12-09T04:44:58.675+0000][1][safepoint    ] Total time for which application threads were stopped: 0.0000779 seconds, Stopping threads took: 0.0000161 seconds
[2019-12-09T04:44:59.675+0000][1][safepoint    ] Application time: 1.0000751 seconds
[2019-12-09T04:44:59.675+0000][1][safepoint    ] Entering safepoint region: Cleanup
[2019-12-09T04:44:59.675+0000][1][safepoint    ] Leaving safepoint region
[2019-12-09T04:44:59.676+0000][1][safepoint    ] Total time for which application threads were stopped: 0.0000775 seconds, Stopping threads took: 0.0000164 seconds
[2019-12-09T04:45:00.676+0000][1][safepoint    ] Application time: 1.0000759 seconds
[2019-12-09T04:45:00.676+0000][1][safepoint    ] Entering safepoint region: Cleanup
[2019-12-09T04:45:00.676+0000][1][safepoint    ] Leaving safepoint region
[2019-12-09T04:45:00.676+0000][1][safepoint    ] Total time for which application threads were stopped: 0.0000966 seconds, Stopping threads took: 0.0000226 seconds
[2019-12-09T04:45:01.676+0000][1][safepoint    ] Application time: 1.0000771 seconds
[2019-12-09T04:45:01.676+0000][1][safepoint    ] Entering safepoint region: Cleanup
[2019-12-09T04:45:01.676+0000][1][safepoint    ] Leaving safepoint region
[2019-12-09T04:45:01.676+0000][1][safepoint    ] Total time for which application threads were stopped: 0.0000769 seconds, Stopping threads took: 0.0000154 seconds
[2019-12-09T04:45:02.676+0000][1][safepoint    ] Application time: 1.0000764 seconds
[2019-12-09T04:45:02.676+0000][1][safepoint    ] Entering safepoint region: Cleanup
[2019-12-09T04:45:02.676+0000][1][safepoint    ] Leaving safepoint region
[2019-12-09T04:45:02.676+0000][1][safepoint    ] Total time for which application threads were stopped: 0.0000731 seconds, Stopping threads took: 0.0000138 seconds
[2019-12-09T04:45:03.676+0000][1][safepoint    ] Application time: 1.0000748 seconds
[2019-12-09T04:45:03.676+0000][1][safepoint    ] Entering safepoint region: Cleanup
[2019-12-09T04:45:03.676+0000][1][safepoint    ] Leaving safepoint region
[2019-12-09T04:45:03.676+0000][1][safepoint    ] Total time for which application threads were stopped: 0.0000772 seconds, Stopping threads took: 0.0000143 seconds
[2019-12-09T04:45:04.676+0000][1][safepoint    ] Application time: 1.0000750 seconds
[2019-12-09T04:45:04.676+0000][1][safepoint    ] Entering safepoint region: Cleanup
[2019-12-09T04:45:04.676+0000][1][safepoint    ] Leaving safepoint region
[2019-12-09T04:45:04.676+0000][1][safepoint    ] Total time for which application threads were stopped: 0.0000766 seconds, Stopping threads took: 0.0000167 seconds
[2019-12-09T04:45:05.676+0000][1][safepoint    ] Application time: 1.0000758 seconds
[2019-12-09T04:45:05.677+0000][1][safepoint    ] Entering safepoint region: Cleanup
[2019-12-09T04:45:05.677+0000][1][safepoint    ] Leaving safepoint region
[2019-12-09T04:45:05.677+0000][1][safepoint    ] Total time for which application threads were stopped: 0.0000772 seconds, Stopping threads took: 0.0000167 seconds
[2019-12-09T04:45:06.677+0000][1][safepoint    ] Application time: 1.0000752 seconds
[2019-12-09T04:45:06.677+0000][1][safepoint    ] Entering safepoint region: Cleanup
[2019-12-09T04:45:06.677+0000][1][safepoint    ] Leaving safepoint region
[2019-12-09T04:45:06.677+0000][1][safepoint    ] Total time for which application threads were stopped: 0.0000774 seconds, Stopping threads took: 0.0000164 seconds
[2019-12-09T04:45:07.677+0000][1][safepoint    ] Application time: 1.0000756 seconds
[2019-12-09T04:45:07.677+0000][1][safepoint    ] Entering safepoint region: Cleanup
[2019-12-09T04:45:07.677+0000][1][safepoint    ] Leaving safepoint region
[2019-12-09T04:45:07.677+0000][1][safepoint    ] Total time for which application threads were stopped: 0.0000730 seconds, Stopping threads took: 0.0000139 seconds
[2019-12-09T04:45:08.677+0000][1][safepoint    ] Application time: 1.0000750 seconds
[2019-12-09T04:45:08.677+0000][1][safepoint    ] Entering safepoint region: Cleanup
[2019-12-09T04:45:08.677+0000][1][safepoint    ] Leaving safepoint region
[2019-12-09T04:45:08.677+0000][1][safepoint    ] Total time for which application threads were stopped: 0.0000747 seconds, Stopping threads took: 0.0000146 seconds
[2019-12-09T04:45:09.677+0000][1][safepoint    ] Application time: 1.0000761 seconds
[2019-12-09T04:45:09.677+0000][1][safepoint    ] Entering safepoint region: Cleanup
[2019-12-09T04:45:09.677+0000][1][safepoint    ] Leaving safepoint region
[2019-12-09T04:45:09.677+0000][1][safepoint    ] Total time for which application threads were stopped: 0.0000753 seconds, Stopping threads took: 0.0000163 seconds
[2019-12-09T04:45:10.677+0000][1][safepoint    ] Application time: 1.0000748 seconds
[2019-12-09T04:45:10.677+0000][1][safepoint    ] Entering safepoint region: Cleanup
[2019-12-09T04:45:10.677+0000][1][safepoint    ] Leaving safepoint region
[2019-12-09T04:45:10.677+0000][1][safepoint    ] Total time for which application threads were stopped: 0.0000849 seconds, Stopping threads took: 0.0000231 seconds
[2019-12-09T04:45:11.678+0000][1][safepoint    ] Application time: 1.0000760 seconds
[2019-12-09T04:45:11.678+0000][1][safepoint    ] Entering safepoint region: Cleanup
[2019-12-09T04:45:11.678+0000][1][safepoint    ] Leaving safepoint region
[2019-12-09T04:45:11.678+0000][1][safepoint    ] Total time for which application threads were stopped: 0.0000735 seconds, Stopping threads took: 0.0000152 seconds
[2019-12-09T04:45:12.678+0000][1][safepoint    ] Application time: 1.0000758 seconds
[2019-12-09T04:45:12.678+0000][1][safepoint    ] Entering safepoint region: Cleanup
[2019-12-09T04:45:12.678+0000][1][safepoint    ] Leaving safepoint region
[2019-12-09T04:45:12.678+0000][1][safepoint    ] Total time for which application threads were stopped: 0.0000835 seconds, Stopping threads took: 0.0000151 seconds
[2019-12-09T04:45:13.678+0000][1][safepoint    ] Application time: 1.0000750 seconds
[2019-12-09T04:45:13.678+0000][1][safepoint    ] Entering safepoint region: Cleanup
[2019-12-09T04:45:13.678+0000][1][safepoint    ] Leaving safepoint region
[2019-12-09T04:45:13.678+0000][1][safepoint    ] Total time for which application threads were stopped: 0.0000750 seconds, Stopping threads took: 0.0000148 seconds
[2019-12-09T04:45:14.678+0000][1][safepoint    ] Application time: 1.0000847 seconds
[2019-12-09T04:45:14.678+0000][1][safepoint    ] Entering safepoint region: Cleanup
[2019-12-09T04:45:14.678+0000][1][safepoint    ] Leaving safepoint region
[2019-12-09T04:45:14.678+0000][1][safepoint    ] Total time for which application threads were stopped: 0.0000748 seconds, Stopping threads took: 0.0000154 seconds
[2019-12-09T04:45:15.678+0000][1][safepoint    ] Application time: 1.0000776 seconds
[2019-12-09T04:45:15.678+0000][1][safepoint    ] Entering safepoint region: Cleanup
[2019-12-09T04:45:15.678+0000][1][safepoint    ] Leaving safepoint region
[2019-12-09T04:45:15.678+0000][1][safepoint    ] Total time for which application threads were stopped: 0.0000926 seconds, Stopping threads took: 0.0000294 seconds
[2019-12-09T04:45:16.679+0000][1][safepoint    ] Application time: 1.0002255 seconds
[2019-12-09T04:45:16.679+0000][1][safepoint    ] Entering safepoint region: Cleanup
[2019-12-09T04:45:16.679+0000][1][safepoint    ] Leaving safepoint region
[2019-12-09T04:45:16.679+0000][1][safepoint    ] Total time for which application threads were stopped: 0.0001299 seconds, Stopping threads took: 0.0000449 seconds
[2019-12-09T04:45:18.469+0000][1][safepoint    ] Application time: 1.7898174 seconds
[2019-12-09T04:45:18.469+0000][1][safepoint    ] Entering safepoint region: Cleanup
[2019-12-09T04:45:18.469+0000][1][safepoint    ] Leaving safepoint region
[2019-12-09T04:45:18.469+0000][1][safepoint    ] Total time for which application threads were stopped: 0.0001034 seconds, Stopping threads took: 0.0000171 seconds
[2019-12-09T04:45:19.469+0000][1][safepoint    ] Application time: 1.0000817 seconds
[2019-12-09T04:45:19.469+0000][1][safepoint    ] Entering safepoint region: Cleanup
[2019-12-09T04:45:19.469+0000][1][safepoint    ] Leaving safepoint region
[2019-12-09T04:45:19.469+0000][1][safepoint    ] Total time for which application threads were stopped: 0.0000876 seconds, Stopping threads took: 0.0000189 seconds
[2019-12-09T04:45:20.469+0000][1][safepoint    ] Application time: 1.0000759 seconds
[2019-12-09T04:45:20.469+0000][1][safepoint    ] Entering safepoint region: Cleanup
[2019-12-09T04:45:20.469+0000][1][safepoint    ] Leaving safepoint region
[2019-12-09T04:45:20.469+0000][1][safepoint    ] Total time for which application threads were stopped: 0.0000879 seconds, Stopping threads took: 0.0000208 seconds
[2019-12-09T04:45:21.469+0000][1][safepoint    ] Application time: 1.0000789 seconds
[2019-12-09T04:45:21.469+0000][1][safepoint    ] Entering safepoint region: Cleanup
[2019-12-09T04:45:21.469+0000][1][safepoint    ] Leaving safepoint region
[2019-12-09T04:45:21.469+0000][1][safepoint    ] Total time for which application threads were stopped: 0.0000924 seconds, Stopping threads took: 0.0000187 seconds
[2019-12-09T04:45:22.469+0000][1][safepoint    ] Application time: 1.0000760 seconds
[2019-12-09T04:45:22.469+0000][1][safepoint    ] Entering safepoint region: Cleanup
[2019-12-09T04:45:22.470+0000][1][safepoint    ] Leaving safepoint region
[2019-12-09T04:45:22.470+0000][1][safepoint    ] Total time for which application threads were stopped: 0.0000871 seconds, Stopping threads took: 0.0000188 seconds
[2019-12-09T04:45:23.470+0000][1][safepoint    ] Application time: 1.0000751 seconds
[2019-12-09T04:45:23.470+0000][1][safepoint    ] Entering safepoint region: Cleanup
[2019-12-09T04:45:23.470+0000][1][safepoint    ] Leaving safepoint region
[2019-12-09T04:45:23.470+0000][1][safepoint    ] Total time for which application threads were stopped: 0.0000850 seconds, Stopping threads took: 0.0000178 seconds
[2019-12-09T04:45:24.470+0000][1][safepoint    ] Application time: 1.0000746 seconds
[2019-12-09T04:45:24.470+0000][1][safepoint    ] Entering safepoint region: Cleanup
[2019-12-09T04:45:24.470+0000][1][safepoint    ] Leaving safepoint region
[2019-12-09T04:45:24.470+0000][1][safepoint    ] Total time for which application threads were stopped: 0.0000850 seconds, Stopping threads took: 0.0000178 seconds
[2019-12-09T04:45:25.470+0000][1][safepoint    ] Application time: 1.0000748 seconds
[2019-12-09T04:45:25.470+0000][1][safepoint    ] Entering safepoint region: Cleanup
[2019-12-09T04:45:25.470+0000][1][safepoint    ] Leaving safepoint region
[2019-12-09T04:45:25.470+0000][1][safepoint    ] Total time for which application threads were stopped: 0.0000885 seconds, Stopping threads took: 0.0000190 seconds
[2019-12-09T04:45:26.470+0000][1][safepoint    ] Application time: 1.0000762 seconds
[2019-12-09T04:45:26.470+0000][1][safepoint    ] Entering safepoint region: Cleanup
[2019-12-09T04:45:26.470+0000][1][safepoint    ] Leaving safepoint region
[2019-12-09T04:45:26.470+0000][1][safepoint    ] Total time for which application threads were stopped: 0.0000865 seconds, Stopping threads took: 0.0000190 seconds
[2019-12-09T04:45:27.470+0000][1][safepoint    ] Application time: 1.0000745 seconds
[2019-12-09T04:45:27.471+0000][1][safepoint    ] Entering safepoint region: Cleanup
[2019-12-09T04:45:27.471+0000][1][safepoint    ] Leaving safepoint region
[2019-12-09T04:45:27.471+0000][1][safepoint    ] Total time for which application threads were stopped: 0.0000829 seconds, Stopping threads took: 0.0000182 seconds
[2019-12-09T04:45:28.471+0000][1][safepoint    ] Application time: 1.0000759 seconds
[2019-12-09T04:45:28.471+0000][1][safepoint    ] Entering safepoint region: Cleanup
[2019-12-09T04:45:28.471+0000][1][safepoint    ] Leaving safepoint region
[2019-12-09T04:45:28.471+0000][1][safepoint    ] Total time for which application threads were stopped: 0.0000859 seconds, Stopping threads took: 0.0000183 seconds
[2019-12-09T04:45:29.471+0000][1][safepoint    ] Application time: 1.0000765 seconds
[2019-12-09T04:45:29.471+0000][1][safepoint    ] Entering safepoint region: Cleanup
[2019-12-09T04:45:29.471+0000][1][safepoint    ] Leaving safepoint region
[2019-12-09T04:45:29.471+0000][1][safepoint    ] Total time for which application threads were stopped: 0.0000855 seconds, Stopping threads took: 0.0000176 seconds
[2019-12-09T04:45:30.471+0000][1][safepoint    ] Application time: 1.0000747 seconds
[2019-12-09T04:45:30.471+0000][1][safepoint    ] Entering safepoint region: Cleanup
[2019-12-09T04:45:30.471+0000][1][safepoint    ] Leaving safepoint region
[2019-12-09T04:45:30.471+0000][1][safepoint    ] Total time for which application threads were stopped: 0.0000837 seconds, Stopping threads took: 0.0000182 seconds
[2019-12-09T04:45:31.471+0000][1][safepoint    ] Application time: 1.0000792 seconds
[2019-12-09T04:45:31.471+0000][1][safepoint    ] Entering safepoint region: Cleanup
[2019-12-09T04:45:31.471+0000][1][safepoint    ] Leaving safepoint region
[2019-12-09T04:45:31.471+0000][1][safepoint    ] Total time for which application threads were stopped: 0.0000942 seconds, Stopping threads took: 0.0000180 seconds
[2019-12-09T04:45:32.472+0000][1][safepoint    ] Application time: 1.0000762 seconds
[2019-12-09T04:45:32.472+0000][1][safepoint    ] Entering safepoint region: Cleanup
[2019-12-09T04:45:32.472+0000][1][safepoint    ] Leaving safepoint region
[2019-12-09T04:45:32.472+0000][1][safepoint    ] Total time for which application threads were stopped: 0.0000865 seconds, Stopping threads took: 0.0000179 seconds
[2019-12-09T04:45:33.679+0000][1][safepoint    ] Application time: 1.2074143 seconds
[2019-12-09T04:45:33.679+0000][1][safepoint    ] Entering safepoint region: Cleanup
[2019-12-09T04:45:33.679+0000][1][safepoint    ] Leaving safepoint region
[2019-12-09T04:45:33.679+0000][1][safepoint    ] Total time for which application threads were stopped: 0.0000884 seconds, Stopping threads took: 0.0000169 seconds
[2019-12-09T04:45:34.679+0000][1][safepoint    ] Application time: 1.0000789 seconds
[2019-12-09T04:45:34.679+0000][1][safepoint    ] Entering safepoint region: Cleanup
[2019-12-09T04:45:34.679+0000][1][safepoint    ] Leaving safepoint region
[2019-12-09T04:45:34.679+0000][1][safepoint    ] Total time for which application threads were stopped: 0.0000855 seconds, Stopping threads took: 0.0000178 seconds
[2019-12-09T04:45:35.679+0000][1][safepoint    ] Application time: 1.0000790 seconds
[2019-12-09T04:45:35.680+0000][1][safepoint    ] Entering safepoint region: Cleanup
[2019-12-09T04:45:35.680+0000][1][safepoint    ] Leaving safepoint region
[2019-12-09T04:45:35.680+0000][1][safepoint    ] Total time for which application threads were stopped: 0.0000826 seconds, Stopping threads took: 0.0000159 seconds
[2019-12-09T04:45:36.680+0000][1][safepoint    ] Application time: 1.0000781 seconds
[2019-12-09T04:45:36.680+0000][1][safepoint    ] Entering safepoint region: Cleanup
[2019-12-09T04:45:36.680+0000][1][safepoint    ] Leaving safepoint region
[2019-12-09T04:45:36.680+0000][1][safepoint    ] Total time for which application threads were stopped: 0.0000859 seconds, Stopping threads took: 0.0000183 seconds
[2019-12-09T04:45:37.680+0000][1][safepoint    ] Application time: 1.0000875 seconds
[2019-12-09T04:45:37.680+0000][1][safepoint    ] Entering safepoint region: Cleanup
[2019-12-09T04:45:37.680+0000][1][safepoint    ] Leaving safepoint region
[2019-12-09T04:45:37.680+0000][1][safepoint    ] Total time for which application threads were stopped: 0.0001246 seconds, Stopping threads took: 0.0000500 seconds
[2019-12-09T04:45:38.680+0000][1][safepoint    ] Application time: 1.0000850 seconds
[2019-12-09T04:45:38.680+0000][1][safepoint    ] Entering safepoint region: Cleanup
[2019-12-09T04:45:38.680+0000][1][safepoint    ] Leaving safepoint region
[2019-12-09T04:45:38.680+0000][1][safepoint    ] Total time for which application threads were stopped: 0.0000858 seconds, Stopping threads took: 0.0000186 seconds
[2019-12-09T04:45:39.680+0000][1][safepoint    ] Application time: 1.0000763 seconds
[2019-12-09T04:45:39.680+0000][1][safepoint    ] Entering safepoint region: Cleanup
[2019-12-09T04:45:39.680+0000][1][safepoint    ] Leaving safepoint region
[2019-12-09T04:45:39.681+0000][1][safepoint    ] Total time for which application threads were stopped: 0.0000886 seconds, Stopping threads took: 0.0000217 seconds
[2019-12-09T04:45:40.681+0000][1][safepoint    ] Application time: 1.0000753 seconds
[2019-12-09T04:45:40.681+0000][1][safepoint    ] Entering safepoint region: Cleanup
[2019-12-09T04:45:40.681+0000][1][safepoint    ] Leaving safepoint region
[2019-12-09T04:45:40.681+0000][1][safepoint    ] Total time for which application threads were stopped: 0.0000958 seconds, Stopping threads took: 0.0000181 seconds
[2019-12-09T04:45:41.681+0000][1][safepoint    ] Application time: 1.0000764 seconds
[2019-12-09T04:45:41.681+0000][1][safepoint    ] Entering safepoint region: Cleanup
[2019-12-09T04:45:41.681+0000][1][safepoint    ] Leaving safepoint region
[2019-12-09T04:45:41.681+0000][1][safepoint    ] Total time for which application threads were stopped: 0.0000920 seconds, Stopping threads took: 0.0000176 seconds
[2019-12-09T04:45:42.681+0000][1][safepoint    ] Application time: 1.0000848 seconds
[2019-12-09T04:45:42.681+0000][1][safepoint    ] Entering safepoint region: Cleanup
[2019-12-09T04:45:42.681+0000][1][safepoint    ] Leaving safepoint region
[2019-12-09T04:45:42.681+0000][1][safepoint    ] Total time for which application threads were stopped: 0.0001251 seconds, Stopping threads took: 0.0000499 seconds
[2019-12-09T04:45:42.682+0000][1][safepoint    ] Application time: 0.0005056 seconds
[2019-12-09T04:45:42.682+0000][1][safepoint    ] Entering safepoint region: GenCollectForAllocation
[2019-12-09T04:45:42.682+0000][1][gc,start     ] GC(78) Pause Young (Allocation Failure)
[2019-12-09T04:45:42.682+0000][1][gc,task      ] GC(78) Using 2 workers of 2 for evacuation
[2019-12-09T04:45:42.683+0000][1][gc,age       ] GC(78) Desired survivor size 4456448 bytes, new threshold 6 (max threshold 6)
[2019-12-09T04:45:42.683+0000][1][gc,age       ] GC(78) Age table with threshold 6 (max threshold 6)
[2019-12-09T04:45:42.683+0000][1][gc,age       ] GC(78) - age   1:       7240 bytes,       7240 total
[2019-12-09T04:45:42.683+0000][1][gc,age       ] GC(78) - age   2:       1792 bytes,       9032 total
[2019-12-09T04:45:42.683+0000][1][gc,age       ] GC(78) - age   3:       1288 bytes,      10320 total
[2019-12-09T04:45:42.683+0000][1][gc,age       ] GC(78) - age   4:         24 bytes,      10344 total
[2019-12-09T04:45:42.683+0000][1][gc,age       ] GC(78) - age   5:       3416 bytes,      13760 total
[2019-12-09T04:45:42.683+0000][1][gc,age       ] GC(78) - age   6:       2600 bytes,      16360 total
[2019-12-09T04:45:42.683+0000][1][gc,heap      ] GC(78) ParNew: 69983K->27K(78656K)
[2019-12-09T04:45:42.683+0000][1][gc,heap      ] GC(78) CMS: 119423K->119424K(174784K)
[2019-12-09T04:45:42.683+0000][1][gc,metaspace ] GC(78) Metaspace: 83807K->83807K(1126400K)
[2019-12-09T04:45:42.684+0000][1][gc           ] GC(78) Pause Young (Allocation Failure) 184M->116M(247M) 1.690ms
[2019-12-09T04:45:42.684+0000][1][gc,cpu       ] GC(78) User=0.01s Sys=0.00s Real=0.00s
[2019-12-09T04:45:42.684+0000][1][safepoint    ] Leaving safepoint region
[2019-12-09T04:45:42.684+0000][1][safepoint    ] Total time for which application threads were stopped: 0.0018221 seconds, Stopping threads took: 0.0000129 seconds
[2019-12-09T04:45:43.684+0000][1][safepoint    ] Application time: 1.0000849 seconds
[2019-12-09T04:45:43.684+0000][1][safepoint    ] Entering safepoint region: Cleanup
[2019-12-09T04:45:43.684+0000][1][safepoint    ] Leaving safepoint region
[2019-12-09T04:45:43.684+0000][1][safepoint    ] Total time for which application threads were stopped: 0.0001001 seconds, Stopping threads took: 0.0000319 seconds
[2019-12-09T04:45:44.684+0000][1][safepoint    ] Application time: 1.0000742 seconds
[2019-12-09T04:45:44.684+0000][1][safepoint    ] Entering safepoint region: Cleanup
[2019-12-09T04:45:44.684+0000][1][safepoint    ] Leaving safepoint region
[2019-12-09T04:45:44.684+0000][1][safepoint    ] Total time for which application threads were stopped: 0.0000844 seconds, Stopping threads took: 0.0000192 seconds
[2019-12-09T04:45:45.684+0000][1][safepoint    ] Application time: 1.0000744 seconds
[2019-12-09T04:45:45.684+0000][1][safepoint    ] Entering safepoint region: Cleanup
[2019-12-09T04:45:45.684+0000][1][safepoint    ] Leaving safepoint region
[2019-12-09T04:45:45.684+0000][1][safepoint    ] Total time for which application threads were stopped: 0.0000957 seconds, Stopping threads took: 0.0000273 seconds
[2019-12-09T04:45:46.684+0000][1][safepoint    ] Application time: 1.0000750 seconds
[2019-12-09T04:45:46.684+0000][1][safepoint    ] Entering safepoint region: Cleanup
[2019-12-09T04:45:46.684+0000][1][safepoint    ] Leaving safepoint region
[2019-12-09T04:45:46.684+0000][1][safepoint    ] Total time for which application threads were stopped: 0.0000854 seconds, Stopping threads took: 0.0000187 seconds
[2019-12-09T04:45:47.684+0000][1][safepoint    ] Application time: 1.0000824 seconds
[2019-12-09T04:45:47.685+0000][1][safepoint    ] Entering safepoint region: Cleanup
[2019-12-09T04:45:47.685+0000][1][safepoint    ] Leaving safepoint region
[2019-12-09T04:45:47.685+0000][1][safepoint    ] Total time for which application threads were stopped: 0.0001239 seconds, Stopping threads took: 0.0000512 seconds
[2019-12-09T04:45:48.685+0000][1][safepoint    ] Application time: 1.0000977 seconds
[2019-12-09T04:45:48.685+0000][1][safepoint    ] Entering safepoint region: Cleanup
[2019-12-09T04:45:48.685+0000][1][safepoint    ] Leaving safepoint region
[2019-12-09T04:45:48.685+0000][1][safepoint    ] Total time for which application threads were stopped: 0.0000853 seconds, Stopping threads took: 0.0000174 seconds
[2019-12-09T04:45:49.685+0000][1][safepoint    ] Application time: 1.0000737 seconds
[2019-12-09T04:45:49.685+0000][1][safepoint    ] Entering safepoint region: Cleanup
[2019-12-09T04:45:49.685+0000][1][safepoint    ] Leaving safepoint region
[2019-12-09T04:45:49.685+0000][1][safepoint    ] Total time for which application threads were stopped: 0.0000864 seconds, Stopping threads took: 0.0000176 seconds
[2019-12-09T04:45:50.685+0000][1][safepoint    ] Application time: 1.0000732 seconds
[2019-12-09T04:45:50.685+0000][1][safepoint    ] Entering safepoint region: Cleanup
[2019-12-09T04:45:50.685+0000][1][safepoint    ] Leaving safepoint region
[2019-12-09T04:45:50.685+0000][1][safepoint    ] Total time for which application threads were stopped: 0.0000829 seconds, Stopping threads took: 0.0000182 seconds
[2019-12-09T04:45:51.685+0000][1][safepoint    ] Application time: 1.0000754 seconds
[2019-12-09T04:45:51.685+0000][1][safepoint    ] Entering safepoint region: Cleanup
[2019-12-09T04:45:51.685+0000][1][safepoint    ] Leaving safepoint region
[2019-12-09T04:45:51.685+0000][1][safepoint    ] Total time for which application threads were stopped: 0.0000862 seconds, Stopping threads took: 0.0000186 seconds
[2019-12-09T04:45:52.686+0000][1][safepoint    ] Application time: 1.0000846 seconds
[2019-12-09T04:45:52.686+0000][1][safepoint    ] Entering safepoint region: Cleanup
[2019-12-09T04:45:52.686+0000][1][safepoint    ] Leaving safepoint region
[2019-12-09T04:45:52.686+0000][1][safepoint    ] Total time for which application threads were stopped: 0.0001347 seconds, Stopping threads took: 0.0000236 seconds
[2019-12-09T04:45:53.689+0000][1][safepoint    ] Application time: 1.0033311 seconds
[2019-12-09T04:45:53.689+0000][1][safepoint    ] Entering safepoint region: Cleanup
[2019-12-09T04:45:53.689+0000][1][safepoint    ] Leaving safepoint region
[2019-12-09T04:45:53.689+0000][1][safepoint    ] Total time for which application threads were stopped: 0.0000836 seconds, Stopping threads took: 0.0000165 seconds
[2019-12-09T04:45:54.689+0000][1][safepoint    ] Application time: 1.0000774 seconds
[2019-12-09T04:45:54.689+0000][1][safepoint    ] Entering safepoint region: Cleanup
[2019-12-09T04:45:54.689+0000][1][safepoint    ] Leaving safepoint region
[2019-12-09T04:45:54.689+0000][1][safepoint    ] Total time for which application threads were stopped: 0.0000847 seconds, Stopping threads took: 0.0000174 seconds
[2019-12-09T04:45:55.690+0000][1][safepoint    ] Application time: 1.0000771 seconds
[2019-12-09T04:45:55.690+0000][1][safepoint    ] Entering safepoint region: Cleanup
[2019-12-09T04:45:55.690+0000][1][safepoint    ] Leaving safepoint region
[2019-12-09T04:45:55.690+0000][1][safepoint    ] Total time for which application threads were stopped: 0.0000886 seconds, Stopping threads took: 0.0000185 seconds
[2019-12-09T04:45:56.690+0000][1][safepoint    ] Application time: 1.0000781 seconds
[2019-12-09T04:45:56.690+0000][1][safepoint    ] Entering safepoint region: Cleanup
[2019-12-09T04:45:56.690+0000][1][safepoint    ] Leaving safepoint region
[2019-12-09T04:45:56.690+0000][1][safepoint    ] Total time for which application threads were stopped: 0.0000861 seconds, Stopping threads took: 0.0000169 seconds
[2019-12-09T04:45:57.690+0000][1][safepoint    ] Application time: 1.0000896 seconds
[2019-12-09T04:45:57.690+0000][1][safepoint    ] Entering safepoint region: Cleanup
[2019-12-09T04:45:57.690+0000][1][safepoint    ] Leaving safepoint region
[2019-12-09T04:45:57.690+0000][1][safepoint    ] Total time for which application threads were stopped: 0.0001608 seconds, Stopping threads took: 0.0000848 seconds
[2019-12-09T04:45:58.690+0000][1][safepoint    ] Application time: 1.0000816 seconds
[2019-12-09T04:45:58.690+0000][1][safepoint    ] Entering safepoint region: Cleanup
[2019-12-09T04:45:58.690+0000][1][safepoint    ] Leaving safepoint region
[2019-12-09T04:45:58.690+0000][1][safepoint    ] Total time for which application threads were stopped: 0.0000860 seconds, Stopping threads took: 0.0000183 seconds
[2019-12-09T04:45:59.690+0000][1][safepoint    ] Application time: 1.0000757 seconds
[2019-12-09T04:45:59.691+0000][1][safepoint    ] Entering safepoint region: Cleanup
[2019-12-09T04:45:59.691+0000][1][safepoint    ] Leaving safepoint region
[2019-12-09T04:45:59.691+0000][1][safepoint    ] Total time for which application threads were stopped: 0.0000865 seconds, Stopping threads took: 0.0000194 seconds
[2019-12-09T04:46:00.691+0000][1][safepoint    ] Application time: 1.0000918 seconds
[2019-12-09T04:46:00.691+0000][1][safepoint    ] Entering safepoint region: Cleanup
[2019-12-09T04:46:00.691+0000][1][safepoint    ] Leaving safepoint region
[2019-12-09T04:46:00.691+0000][1][safepoint    ] Total time for which application threads were stopped: 0.0000842 seconds, Stopping threads took: 0.0000185 seconds
[2019-12-09T04:46:01.691+0000][1][safepoint    ] Application time: 1.0000801 seconds
[2019-12-09T04:46:01.691+0000][1][safepoint    ] Entering safepoint region: Cleanup
[2019-12-09T04:46:01.691+0000][1][safepoint    ] Leaving safepoint region
[2019-12-09T04:46:01.691+0000][1][safepoint    ] Total time for which application threads were stopped: 0.0000846 seconds, Stopping threads took: 0.0000178 seconds
[2019-12-09T04:46:02.691+0000][1][safepoint    ] Application time: 1.0000868 seconds
[2019-12-09T04:46:02.691+0000][1][safepoint    ] Entering safepoint region: Cleanup
[2019-12-09T04:46:02.691+0000][1][safepoint    ] Leaving safepoint region
[2019-12-09T04:46:02.691+0000][1][safepoint    ] Total time for which application threads were stopped: 0.0001657 seconds, Stopping threads took: 0.0000890 seconds
[2019-12-09T04:46:03.691+0000][1][safepoint    ] Application time: 1.0000829 seconds
[2019-12-09T04:46:03.691+0000][1][safepoint    ] Entering safepoint region: Cleanup
[2019-12-09T04:46:03.692+0000][1][safepoint    ] Leaving safepoint region
[2019-12-09T04:46:03.692+0000][1][safepoint    ] Total time for which application threads were stopped: 0.0000846 seconds, Stopping threads took: 0.0000180 seconds
[2019-12-09T04:46:04.692+0000][1][safepoint    ] Application time: 1.0000764 seconds
[2019-12-09T04:46:04.692+0000][1][safepoint    ] Entering safepoint region: Cleanup
[2019-12-09T04:46:04.692+0000][1][safepoint    ] Leaving safepoint region
[2019-12-09T04:46:04.692+0000][1][safepoint    ] Total time for which application threads were stopped: 0.0000961 seconds, Stopping threads took: 0.0000288 seconds
[2019-12-09T04:46:05.692+0000][1][safepoint    ] Application time: 1.0000748 seconds
[2019-12-09T04:46:05.692+0000][1][safepoint    ] Entering safepoint region: Cleanup
[2019-12-09T04:46:05.692+0000][1][safepoint    ] Leaving safepoint region
[2019-12-09T04:46:05.692+0000][1][safepoint    ] Total time for which application threads were stopped: 0.0000837 seconds, Stopping threads took: 0.0000172 seconds
[2019-12-09T04:46:06.692+0000][1][safepoint    ] Application time: 1.0000764 seconds
[2019-12-09T04:46:06.692+0000][1][safepoint    ] Entering safepoint region: Cleanup
[2019-12-09T04:46:06.692+0000][1][safepoint    ] Leaving safepoint region
[2019-12-09T04:46:06.692+0000][1][safepoint    ] Total time for which application threads were stopped: 0.0000866 seconds, Stopping threads took: 0.0000187 seconds
[2019-12-09T04:46:07.692+0000][1][safepoint    ] Application time: 1.0000812 seconds
[2019-12-09T04:46:07.692+0000][1][safepoint    ] Entering safepoint region: Cleanup
[2019-12-09T04:46:07.692+0000][1][safepoint    ] Leaving safepoint region
[2019-12-09T04:46:07.692+0000][1][safepoint    ] Total time for which application threads were stopped: 0.0001223 seconds, Stopping threads took: 0.0000494 seconds
[2019-12-09T04:46:08.693+0000][1][safepoint    ] Application time: 1.0000836 seconds
[2019-12-09T04:46:08.693+0000][1][safepoint    ] Entering safepoint region: Cleanup
[2019-12-09T04:46:08.693+0000][1][safepoint    ] Leaving safepoint region
[2019-12-09T04:46:08.693+0000][1][safepoint    ] Total time for which application threads were stopped: 0.0000869 seconds, Stopping threads took: 0.0000185 seconds
[2019-12-09T04:46:09.693+0000][1][safepoint    ] Application time: 1.0000855 seconds
[2019-12-09T04:46:09.693+0000][1][safepoint    ] Entering safepoint region: Cleanup
[2019-12-09T04:46:09.693+0000][1][safepoint    ] Leaving safepoint region
[2019-12-09T04:46:09.693+0000][1][safepoint    ] Total time for which application threads were stopped: 0.0000838 seconds, Stopping threads took: 0.0000186 seconds
[2019-12-09T04:46:10.693+0000][1][safepoint    ] Application time: 1.0000741 seconds
[2019-12-09T04:46:10.693+0000][1][safepoint    ] Entering safepoint region: Cleanup
[2019-12-09T04:46:10.693+0000][1][safepoint    ] Leaving safepoint region
[2019-12-09T04:46:10.693+0000][1][safepoint    ] Total time for which application threads were stopped: 0.0000850 seconds, Stopping threads took: 0.0000169 seconds
[2019-12-09T04:46:11.693+0000][1][safepoint    ] Application time: 1.0000750 seconds
[2019-12-09T04:46:11.693+0000][1][safepoint    ] Entering safepoint region: Cleanup
[2019-12-09T04:46:11.693+0000][1][safepoint    ] Leaving safepoint region
[2019-12-09T04:46:11.693+0000][1][safepoint    ] Total time for which application threads were stopped: 0.0000857 seconds, Stopping threads took: 0.0000175 seconds
[2019-12-09T04:46:12.693+0000][1][safepoint    ] Application time: 1.0000766 seconds
[2019-12-09T04:46:12.693+0000][1][safepoint    ] Entering safepoint region: Cleanup
[2019-12-09T04:46:12.693+0000][1][safepoint    ] Leaving safepoint region
[2019-12-09T04:46:12.693+0000][1][safepoint    ] Total time for which application threads were stopped: 0.0000872 seconds, Stopping threads took: 0.0000186 seconds
[2019-12-09T04:46:13.694+0000][1][safepoint    ] Application time: 1.0000762 seconds
[2019-12-09T04:46:13.694+0000][1][safepoint    ] Entering safepoint region: Cleanup
[2019-12-09T04:46:13.694+0000][1][safepoint    ] Leaving safepoint region
[2019-12-09T04:46:13.694+0000][1][safepoint    ] Total time for which application threads were stopped: 0.0000954 seconds, Stopping threads took: 0.0000182 seconds
[2019-12-09T04:46:14.694+0000][1][safepoint    ] Application time: 1.0000788 seconds
[2019-12-09T04:46:14.694+0000][1][safepoint    ] Entering safepoint region: Cleanup
[2019-12-09T04:46:14.694+0000][1][safepoint    ] Leaving safepoint region
[2019-12-09T04:46:14.694+0000][1][safepoint    ] Total time for which application threads were stopped: 0.0000855 seconds, Stopping threads took: 0.0000191 seconds
[2019-12-09T04:46:15.694+0000][1][safepoint    ] Application time: 1.0000763 seconds
[2019-12-09T04:46:15.694+0000][1][safepoint    ] Entering safepoint region: Cleanup
[2019-12-09T04:46:15.694+0000][1][safepoint    ] Leaving safepoint region
[2019-12-09T04:46:15.694+0000][1][safepoint    ] Total time for which application threads were stopped: 0.0000922 seconds, Stopping threads took: 0.0000274 seconds
[2019-12-09T04:46:16.694+0000][1][safepoint    ] Application time: 1.0000762 seconds
[2019-12-09T04:46:16.694+0000][1][safepoint    ] Entering safepoint region: Cleanup
[2019-12-09T04:46:16.694+0000][1][safepoint    ] Leaving safepoint region
[2019-12-09T04:46:16.694+0000][1][safepoint    ] Total time for which application threads were stopped: 0.0000870 seconds, Stopping threads took: 0.0000181 seconds
[2019-12-09T04:46:17.694+0000][1][safepoint    ] Application time: 1.0000769 seconds
[2019-12-09T04:46:17.694+0000][1][safepoint    ] Entering safepoint region: Cleanup
[2019-12-09T04:46:17.695+0000][1][safepoint    ] Leaving safepoint region
[2019-12-09T04:46:17.695+0000][1][safepoint    ] Total time for which application threads were stopped: 0.0000854 seconds, Stopping threads took: 0.0000176 seconds
[2019-12-09T04:46:18.706+0000][1][safepoint    ] Application time: 1.0111001 seconds
[2019-12-09T04:46:18.706+0000][1][safepoint    ] Entering safepoint region: Cleanup
[2019-12-09T04:46:18.706+0000][1][safepoint    ] Leaving safepoint region
[2019-12-09T04:46:18.706+0000][1][safepoint    ] Total time for which application threads were stopped: 0.0000791 seconds, Stopping threads took: 0.0000163 seconds
[2019-12-09T04:46:19.706+0000][1][safepoint    ] Application time: 1.0000742 seconds
[2019-12-09T04:46:19.706+0000][1][safepoint    ] Entering safepoint region: Cleanup
[2019-12-09T04:46:19.706+0000][1][safepoint    ] Leaving safepoint region
[2019-12-09T04:46:19.706+0000][1][safepoint    ] Total time for which application threads were stopped: 0.0000824 seconds, Stopping threads took: 0.0000174 seconds
[2019-12-09T04:46:20.706+0000][1][safepoint    ] Application time: 1.0000723 seconds
[2019-12-09T04:46:20.706+0000][1][safepoint    ] Entering safepoint region: Cleanup
[2019-12-09T04:46:20.706+0000][1][safepoint    ] Leaving safepoint region
[2019-12-09T04:46:20.706+0000][1][safepoint    ] Total time for which application threads were stopped: 0.0000788 seconds, Stopping threads took: 0.0000153 seconds
[2019-12-09T04:46:21.706+0000][1][safepoint    ] Application time: 1.0000756 seconds
[2019-12-09T04:46:21.706+0000][1][safepoint    ] Entering safepoint region: Cleanup
[2019-12-09T04:46:21.706+0000][1][safepoint    ] Leaving safepoint region
[2019-12-09T04:46:21.706+0000][1][safepoint    ] Total time for which application threads were stopped: 0.0000743 seconds, Stopping threads took: 0.0000142 seconds
[2019-12-09T04:46:22.706+0000][1][safepoint    ] Application time: 1.0000755 seconds
[2019-12-09T04:46:22.706+0000][1][safepoint    ] Entering safepoint region: Cleanup
[2019-12-09T04:46:22.707+0000][1][safepoint    ] Leaving safepoint region
[2019-12-09T04:46:22.707+0000][1][safepoint    ] Total time for which application threads were stopped: 0.0000762 seconds, Stopping threads took: 0.0000144 seconds
[2019-12-09T04:46:23.707+0000][1][safepoint    ] Application time: 1.0000752 seconds
[2019-12-09T04:46:23.707+0000][1][safepoint    ] Entering safepoint region: Cleanup
[2019-12-09T04:46:23.707+0000][1][safepoint    ] Leaving safepoint region
[2019-12-09T04:46:23.707+0000][1][safepoint    ] Total time for which application threads were stopped: 0.0000895 seconds, Stopping threads took: 0.0000269 seconds
[2019-12-09T04:46:24.707+0000][1][safepoint    ] Application time: 1.0000736 seconds
[2019-12-09T04:46:24.707+0000][1][safepoint    ] Entering safepoint region: Cleanup
[2019-12-09T04:46:24.707+0000][1][safepoint    ] Leaving safepoint region
[2019-12-09T04:46:24.707+0000][1][safepoint    ] Total time for which application threads were stopped: 0.0000804 seconds, Stopping threads took: 0.0000166 seconds
[2019-12-09T04:46:25.707+0000][1][safepoint    ] Application time: 1.0000740 seconds
[2019-12-09T04:46:25.707+0000][1][safepoint    ] Entering safepoint region: Cleanup
[2019-12-09T04:46:25.707+0000][1][safepoint    ] Leaving safepoint region
[2019-12-09T04:46:25.707+0000][1][safepoint    ] Total time for which application threads were stopped: 0.0000808 seconds, Stopping threads took: 0.0000170 seconds
[2019-12-09T04:46:26.707+0000][1][safepoint    ] Application time: 1.0000754 seconds
[2019-12-09T04:46:26.707+0000][1][safepoint    ] Entering safepoint region: Cleanup
[2019-12-09T04:46:26.707+0000][1][safepoint    ] Leaving safepoint region
[2019-12-09T04:46:26.707+0000][1][safepoint    ] Total time for which application threads were stopped: 0.0000824 seconds, Stopping threads took: 0.0000175 seconds
[2019-12-09T04:46:27.707+0000][1][safepoint    ] Application time: 1.0000743 seconds
[2019-12-09T04:46:27.707+0000][1][safepoint    ] Entering safepoint region: Cleanup
[2019-12-09T04:46:27.708+0000][1][safepoint    ] Leaving safepoint region
[2019-12-09T04:46:27.708+0000][1][safepoint    ] Total time for which application threads were stopped: 0.0000883 seconds, Stopping threads took: 0.0000146 seconds
[2019-12-09T04:46:28.708+0000][1][safepoint    ] Application time: 1.0000754 seconds
[2019-12-09T04:46:28.708+0000][1][safepoint    ] Entering safepoint region: Cleanup
[2019-12-09T04:46:28.708+0000][1][safepoint    ] Leaving safepoint region
[2019-12-09T04:46:28.708+0000][1][safepoint    ] Total time for which application threads were stopped: 0.0000819 seconds, Stopping threads took: 0.0000172 seconds
[2019-12-09T04:46:29.708+0000][1][safepoint    ] Application time: 1.0000755 seconds
[2019-12-09T04:46:29.708+0000][1][safepoint    ] Entering safepoint region: Cleanup
[2019-12-09T04:46:29.708+0000][1][safepoint    ] Leaving safepoint region
[2019-12-09T04:46:29.708+0000][1][safepoint    ] Total time for which application threads were stopped: 0.0000785 seconds, Stopping threads took: 0.0000168 seconds
[2019-12-09T04:46:30.708+0000][1][safepoint    ] Application time: 1.0000719 seconds
[2019-12-09T04:46:30.708+0000][1][safepoint    ] Entering safepoint region: Cleanup
[2019-12-09T04:46:30.708+0000][1][safepoint    ] Leaving safepoint region
[2019-12-09T04:46:30.708+0000][1][safepoint    ] Total time for which application threads were stopped: 0.0000802 seconds, Stopping threads took: 0.0000169 seconds
[2019-12-09T04:46:31.708+0000][1][safepoint    ] Application time: 1.0000765 seconds
[2019-12-09T04:46:31.708+0000][1][safepoint    ] Entering safepoint region: Cleanup
[2019-12-09T04:46:31.708+0000][1][safepoint    ] Leaving safepoint region
[2019-12-09T04:46:31.708+0000][1][safepoint    ] Total time for which application threads were stopped: 0.0000842 seconds, Stopping threads took: 0.0000176 seconds
[2019-12-09T04:46:32.708+0000][1][safepoint    ] Application time: 1.0000749 seconds
[2019-12-09T04:46:32.708+0000][1][safepoint    ] Entering safepoint region: Cleanup
[2019-12-09T04:46:32.709+0000][1][safepoint    ] Leaving safepoint region
[2019-12-09T04:46:32.709+0000][1][safepoint    ] Total time for which application threads were stopped: 0.0000873 seconds, Stopping threads took: 0.0000149 seconds
[2019-12-09T04:46:33.709+0000][1][safepoint    ] Application time: 1.0000752 seconds
[2019-12-09T04:46:33.709+0000][1][safepoint    ] Entering safepoint region: Cleanup
[2019-12-09T04:46:33.709+0000][1][safepoint    ] Leaving safepoint region
[2019-12-09T04:46:33.709+0000][1][safepoint    ] Total time for which application threads were stopped: 0.0000830 seconds, Stopping threads took: 0.0000175 seconds
[2019-12-09T04:46:34.709+0000][1][safepoint    ] Application time: 1.0000750 seconds
[2019-12-09T04:46:34.709+0000][1][safepoint    ] Entering safepoint region: Cleanup
[2019-12-09T04:46:34.709+0000][1][safepoint    ] Leaving safepoint region
[2019-12-09T04:46:34.709+0000][1][safepoint    ] Total time for which application threads were stopped: 0.0000773 seconds, Stopping threads took: 0.0000155 seconds
[2019-12-09T04:46:35.709+0000][1][safepoint    ] Application time: 1.0000751 seconds
[2019-12-09T04:46:35.709+0000][1][safepoint    ] Entering safepoint region: Cleanup
[2019-12-09T04:46:35.709+0000][1][safepoint    ] Leaving safepoint region
[2019-12-09T04:46:35.709+0000][1][safepoint    ] Total time for which application threads were stopped: 0.0000816 seconds, Stopping threads took: 0.0000169 seconds
[2019-12-09T04:46:36.709+0000][1][safepoint    ] Application time: 1.0000728 seconds
[2019-12-09T04:46:36.709+0000][1][safepoint    ] Entering safepoint region: Cleanup
[2019-12-09T04:46:36.709+0000][1][safepoint    ] Leaving safepoint region
[2019-12-09T04:46:36.709+0000][1][safepoint    ] Total time for which application threads were stopped: 0.0000827 seconds, Stopping threads took: 0.0000168 seconds
[2019-12-09T04:46:37.709+0000][1][safepoint    ] Application time: 1.0000761 seconds
[2019-12-09T04:46:37.710+0000][1][safepoint    ] Entering safepoint region: Cleanup
[2019-12-09T04:46:37.710+0000][1][safepoint    ] Leaving safepoint region
[2019-12-09T04:46:37.710+0000][1][safepoint    ] Total time for which application threads were stopped: 0.0000826 seconds, Stopping threads took: 0.0000213 seconds
[2019-12-09T04:46:38.710+0000][1][safepoint    ] Application time: 1.0000737 seconds
[2019-12-09T04:46:38.710+0000][1][safepoint    ] Entering safepoint region: Cleanup
[2019-12-09T04:46:38.710+0000][1][safepoint    ] Leaving safepoint region
[2019-12-09T04:46:38.710+0000][1][safepoint    ] Total time for which application threads were stopped: 0.0000797 seconds, Stopping threads took: 0.0000158 seconds
[2019-12-09T04:46:39.710+0000][1][safepoint    ] Application time: 1.0000736 seconds
[2019-12-09T04:46:39.710+0000][1][safepoint    ] Entering safepoint region: Cleanup
[2019-12-09T04:46:39.710+0000][1][safepoint    ] Leaving safepoint region
[2019-12-09T04:46:39.710+0000][1][safepoint    ] Total time for which application threads were stopped: 0.0000802 seconds, Stopping threads took: 0.0000170 seconds
[2019-12-09T04:46:40.710+0000][1][safepoint    ] Application time: 1.0000792 seconds
[2019-12-09T04:46:40.710+0000][1][safepoint    ] Entering safepoint region: Cleanup
[2019-12-09T04:46:40.710+0000][1][safepoint    ] Leaving safepoint region
[2019-12-09T04:46:40.710+0000][1][safepoint    ] Total time for which application threads were stopped: 0.0000836 seconds, Stopping threads took: 0.0000163 seconds
[2019-12-09T04:46:41.710+0000][1][safepoint    ] Application time: 1.0000748 seconds
[2019-12-09T04:46:41.710+0000][1][safepoint    ] Entering safepoint region: Cleanup
[2019-12-09T04:46:41.710+0000][1][safepoint    ] Leaving safepoint region
[2019-12-09T04:46:41.710+0000][1][safepoint    ] Total time for which application threads were stopped: 0.0000789 seconds, Stopping threads took: 0.0000161 seconds
[2019-12-09T04:46:42.710+0000][1][safepoint    ] Application time: 1.0000776 seconds
[2019-12-09T04:46:42.711+0000][1][safepoint    ] Entering safepoint region: Cleanup
[2019-12-09T04:46:42.711+0000][1][safepoint    ] Leaving safepoint region
[2019-12-09T04:46:42.711+0000][1][safepoint    ] Total time for which application threads were stopped: 0.0000835 seconds, Stopping threads took: 0.0000165 seconds
[2019-12-09T04:46:43.711+0000][1][safepoint    ] Application time: 1.0000764 seconds
[2019-12-09T04:46:43.711+0000][1][safepoint    ] Entering safepoint region: Cleanup
[2019-12-09T04:46:43.711+0000][1][safepoint    ] Leaving safepoint region
[2019-12-09T04:46:43.711+0000][1][safepoint    ] Total time for which application threads were stopped: 0.0000808 seconds, Stopping threads took: 0.0000167 seconds
[2019-12-09T04:46:44.711+0000][1][safepoint    ] Application time: 1.0000748 seconds
[2019-12-09T04:46:44.711+0000][1][safepoint    ] Entering safepoint region: Cleanup
[2019-12-09T04:46:44.711+0000][1][safepoint    ] Leaving safepoint region
[2019-12-09T04:46:44.711+0000][1][safepoint    ] Total time for which application threads were stopped: 0.0000807 seconds, Stopping threads took: 0.0000165 seconds
[2019-12-09T04:46:45.711+0000][1][safepoint    ] Application time: 1.0000741 seconds
[2019-12-09T04:46:45.711+0000][1][safepoint    ] Entering safepoint region: Cleanup
[2019-12-09T04:46:45.711+0000][1][safepoint    ] Leaving safepoint region
[2019-12-09T04:46:45.711+0000][1][safepoint    ] Total time for which application threads were stopped: 0.0000880 seconds, Stopping threads took: 0.0000239 seconds
[2019-12-09T04:46:46.711+0000][1][safepoint    ] Application time: 1.0000747 seconds
[2019-12-09T04:46:46.711+0000][1][safepoint    ] Entering safepoint region: Cleanup
[2019-12-09T04:46:46.711+0000][1][safepoint    ] Leaving safepoint region
[2019-12-09T04:46:46.711+0000][1][safepoint    ] Total time for which application threads were stopped: 0.0000814 seconds, Stopping threads took: 0.0000163 seconds
[2019-12-09T04:46:47.711+0000][1][safepoint    ] Application time: 1.0000759 seconds
[2019-12-09T04:46:47.712+0000][1][safepoint    ] Entering safepoint region: Cleanup
[2019-12-09T04:46:47.712+0000][1][safepoint    ] Leaving safepoint region
[2019-12-09T04:46:47.712+0000][1][safepoint    ] Total time for which application threads were stopped: 0.0000861 seconds, Stopping threads took: 0.0000236 seconds
[2019-12-09T04:46:48.712+0000][1][safepoint    ] Application time: 1.0000833 seconds
[2019-12-09T04:46:48.712+0000][1][safepoint    ] Entering safepoint region: Cleanup
[2019-12-09T04:46:48.712+0000][1][safepoint    ] Leaving safepoint region
[2019-12-09T04:46:48.712+0000][1][safepoint    ] Total time for which application threads were stopped: 0.0000788 seconds, Stopping threads took: 0.0000155 seconds
[2019-12-09T04:46:49.712+0000][1][safepoint    ] Application time: 1.0000742 seconds
[2019-12-09T04:46:49.712+0000][1][safepoint    ] Entering safepoint region: Cleanup
[2019-12-09T04:46:49.712+0000][1][safepoint    ] Leaving safepoint region
[2019-12-09T04:46:49.712+0000][1][safepoint    ] Total time for which application threads were stopped: 0.0000801 seconds, Stopping threads took: 0.0000165 seconds
[2019-12-09T04:46:50.712+0000][1][safepoint    ] Application time: 1.0000746 seconds
[2019-12-09T04:46:50.712+0000][1][safepoint    ] Entering safepoint region: Cleanup
[2019-12-09T04:46:50.712+0000][1][safepoint    ] Leaving safepoint region
[2019-12-09T04:46:50.712+0000][1][safepoint    ] Total time for which application threads were stopped: 0.0000786 seconds, Stopping threads took: 0.0000169 seconds
[2019-12-09T04:46:51.712+0000][1][safepoint    ] Application time: 1.0000746 seconds
[2019-12-09T04:46:51.712+0000][1][safepoint    ] Entering safepoint region: Cleanup
[2019-12-09T04:46:51.712+0000][1][safepoint    ] Leaving safepoint region
[2019-12-09T04:46:51.712+0000][1][safepoint    ] Total time for which application threads were stopped: 0.0000776 seconds, Stopping threads took: 0.0000152 seconds
[2019-12-09T04:46:52.712+0000][1][safepoint    ] Application time: 1.0000835 seconds
[2019-12-09T04:46:52.713+0000][1][safepoint    ] Entering safepoint region: Cleanup
[2019-12-09T04:46:52.713+0000][1][safepoint    ] Leaving safepoint region
[2019-12-09T04:46:52.713+0000][1][safepoint    ] Total time for which application threads were stopped: 0.0001165 seconds, Stopping threads took: 0.0000241 seconds
[2019-12-09T04:46:53.713+0000][1][safepoint    ] Application time: 1.0000756 seconds
[2019-12-09T04:46:53.713+0000][1][safepoint    ] Entering safepoint region: Cleanup
[2019-12-09T04:46:53.713+0000][1][safepoint    ] Leaving safepoint region
[2019-12-09T04:46:53.713+0000][1][safepoint    ] Total time for which application threads were stopped: 0.0000794 seconds, Stopping threads took: 0.0000153 seconds
[2019-12-09T04:46:54.713+0000][1][safepoint    ] Application time: 1.0000781 seconds
[2019-12-09T04:46:54.713+0000][1][safepoint    ] Entering safepoint region: Cleanup
[2019-12-09T04:46:54.713+0000][1][safepoint    ] Leaving safepoint region
[2019-12-09T04:46:54.713+0000][1][safepoint    ] Total time for which application threads were stopped: 0.0000821 seconds, Stopping threads took: 0.0000178 seconds
[2019-12-09T04:46:55.713+0000][1][safepoint    ] Application time: 1.0000781 seconds
[2019-12-09T04:46:55.713+0000][1][safepoint    ] Entering safepoint region: Cleanup
[2019-12-09T04:46:55.713+0000][1][safepoint    ] Leaving safepoint region
[2019-12-09T04:46:55.713+0000][1][safepoint    ] Total time for which application threads were stopped: 0.0000805 seconds, Stopping threads took: 0.0000156 seconds
[2019-12-09T04:46:56.713+0000][1][safepoint    ] Application time: 1.0000743 seconds
[2019-12-09T04:46:56.713+0000][1][safepoint    ] Entering safepoint region: Cleanup
[2019-12-09T04:46:56.713+0000][1][safepoint    ] Leaving safepoint region
[2019-12-09T04:46:56.713+0000][1][safepoint    ] Total time for which application threads were stopped: 0.0000807 seconds, Stopping threads took: 0.0000177 seconds
[2019-12-09T04:46:57.714+0000][1][safepoint    ] Application time: 1.0000728 seconds
[2019-12-09T04:46:57.714+0000][1][safepoint    ] Entering safepoint region: Cleanup
[2019-12-09T04:46:57.714+0000][1][safepoint    ] Leaving safepoint region
[2019-12-09T04:46:57.714+0000][1][safepoint    ] Total time for which application threads were stopped: 0.0000984 seconds, Stopping threads took: 0.0000320 seconds
[2019-12-09T04:46:58.714+0000][1][safepoint    ] Application time: 1.0000745 seconds
[2019-12-09T04:46:58.714+0000][1][safepoint    ] Entering safepoint region: Cleanup
[2019-12-09T04:46:58.714+0000][1][safepoint    ] Leaving safepoint region
[2019-12-09T04:46:58.714+0000][1][safepoint    ] Total time for which application threads were stopped: 0.0000787 seconds, Stopping threads took: 0.0000158 seconds
[2019-12-09T04:46:59.714+0000][1][safepoint    ] Application time: 1.0000798 seconds
[2019-12-09T04:46:59.714+0000][1][safepoint    ] Entering safepoint region: Cleanup
[2019-12-09T04:46:59.714+0000][1][safepoint    ] Leaving safepoint region
[2019-12-09T04:46:59.714+0000][1][safepoint    ] Total time for which application threads were stopped: 0.0001114 seconds, Stopping threads took: 0.0000240 seconds
[2019-12-09T04:47:00.714+0000][1][safepoint    ] Application time: 1.0000722 seconds
[2019-12-09T04:47:00.714+0000][1][safepoint    ] Entering safepoint region: Cleanup
[2019-12-09T04:47:00.714+0000][1][safepoint    ] Leaving safepoint region
[2019-12-09T04:47:00.714+0000][1][safepoint    ] Total time for which application threads were stopped: 0.0000882 seconds, Stopping threads took: 0.0000152 seconds
[2019-12-09T04:47:01.714+0000][1][safepoint    ] Application time: 1.0000777 seconds
[2019-12-09T04:47:01.714+0000][1][safepoint    ] Entering safepoint region: Cleanup
[2019-12-09T04:47:01.714+0000][1][safepoint    ] Leaving safepoint region
[2019-12-09T04:47:01.714+0000][1][safepoint    ] Total time for which application threads were stopped: 0.0000805 seconds, Stopping threads took: 0.0000173 seconds
[2019-12-09T04:47:03.713+0000][1][safepoint    ] Application time: 1.9989777 seconds
[2019-12-09T04:47:03.713+0000][1][safepoint    ] Entering safepoint region: Cleanup
[2019-12-09T04:47:03.714+0000][1][safepoint    ] Leaving safepoint region
[2019-12-09T04:47:03.714+0000][1][safepoint    ] Total time for which application threads were stopped: 0.0000924 seconds, Stopping threads took: 0.0000168 seconds
[2019-12-09T04:47:04.714+0000][1][safepoint    ] Application time: 1.0000739 seconds
[2019-12-09T04:47:04.714+0000][1][safepoint    ] Entering safepoint region: Cleanup
[2019-12-09T04:47:04.714+0000][1][safepoint    ] Leaving safepoint region
[2019-12-09T04:47:04.714+0000][1][safepoint    ] Total time for which application threads were stopped: 0.0000761 seconds, Stopping threads took: 0.0000159 seconds
[2019-12-09T04:47:05.714+0000][1][safepoint    ] Application time: 1.0000729 seconds
[2019-12-09T04:47:05.714+0000][1][safepoint    ] Entering safepoint region: Cleanup
[2019-12-09T04:47:05.714+0000][1][safepoint    ] Leaving safepoint region
[2019-12-09T04:47:05.714+0000][1][safepoint    ] Total time for which application threads were stopped: 0.0000763 seconds, Stopping threads took: 0.0000161 seconds
[2019-12-09T04:47:06.714+0000][1][safepoint    ] Application time: 1.0000743 seconds
[2019-12-09T04:47:06.714+0000][1][safepoint    ] Entering safepoint region: Cleanup
[2019-12-09T04:47:06.714+0000][1][safepoint    ] Leaving safepoint region
[2019-12-09T04:47:06.714+0000][1][safepoint    ] Total time for which application threads were stopped: 0.0000809 seconds, Stopping threads took: 0.0000146 seconds
[2019-12-09T04:47:07.714+0000][1][safepoint    ] Application time: 1.0000718 seconds
[2019-12-09T04:47:07.714+0000][1][safepoint    ] Entering safepoint region: Cleanup
[2019-12-09T04:47:07.714+0000][1][safepoint    ] Leaving safepoint region
[2019-12-09T04:47:07.714+0000][1][safepoint    ] Total time for which application threads were stopped: 0.0000732 seconds, Stopping threads took: 0.0000143 seconds
[2019-12-09T04:47:08.714+0000][1][safepoint    ] Application time: 1.0000742 seconds
[2019-12-09T04:47:08.714+0000][1][safepoint    ] Entering safepoint region: Cleanup
[2019-12-09T04:47:08.714+0000][1][safepoint    ] Leaving safepoint region
[2019-12-09T04:47:08.714+0000][1][safepoint    ] Total time for which application threads were stopped: 0.0000841 seconds, Stopping threads took: 0.0000151 seconds
[2019-12-09T04:47:09.715+0000][1][safepoint    ] Application time: 1.0000761 seconds
[2019-12-09T04:47:09.715+0000][1][safepoint    ] Entering safepoint region: Cleanup
[2019-12-09T04:47:09.715+0000][1][safepoint    ] Leaving safepoint region
[2019-12-09T04:47:09.715+0000][1][safepoint    ] Total time for which application threads were stopped: 0.0000763 seconds, Stopping threads took: 0.0000152 seconds
[2019-12-09T04:47:10.715+0000][1][safepoint    ] Application time: 1.0000737 seconds
[2019-12-09T04:47:10.715+0000][1][safepoint    ] Entering safepoint region: Cleanup
[2019-12-09T04:47:10.715+0000][1][safepoint    ] Leaving safepoint region
[2019-12-09T04:47:10.715+0000][1][safepoint    ] Total time for which application threads were stopped: 0.0000764 seconds, Stopping threads took: 0.0000159 seconds
[2019-12-09T04:47:11.715+0000][1][safepoint    ] Application time: 1.0000851 seconds
[2019-12-09T04:47:11.715+0000][1][safepoint    ] Entering safepoint region: Cleanup
[2019-12-09T04:47:11.715+0000][1][safepoint    ] Leaving safepoint region
[2019-12-09T04:47:11.715+0000][1][safepoint    ] Total time for which application threads were stopped: 0.0000790 seconds, Stopping threads took: 0.0000177 seconds
[2019-12-09T04:47:12.715+0000][1][safepoint    ] Application time: 1.0000740 seconds
[2019-12-09T04:47:12.715+0000][1][safepoint    ] Entering safepoint region: Cleanup
[2019-12-09T04:47:12.715+0000][1][safepoint    ] Leaving safepoint region
[2019-12-09T04:47:12.715+0000][1][safepoint    ] Total time for which application threads were stopped: 0.0000823 seconds, Stopping threads took: 0.0000199 seconds
[2019-12-09T04:47:13.715+0000][1][safepoint    ] Application time: 1.0000772 seconds
[2019-12-09T04:47:13.715+0000][1][safepoint    ] Entering safepoint region: Cleanup
[2019-12-09T04:47:13.715+0000][1][safepoint    ] Leaving safepoint region
[2019-12-09T04:47:13.715+0000][1][safepoint    ] Total time for which application threads were stopped: 0.0000797 seconds, Stopping threads took: 0.0000169 seconds
[2019-12-09T04:47:14.716+0000][1][safepoint    ] Application time: 1.0000754 seconds
[2019-12-09T04:47:14.716+0000][1][safepoint    ] Entering safepoint region: Cleanup
[2019-12-09T04:47:14.716+0000][1][safepoint    ] Leaving safepoint region
[2019-12-09T04:47:14.716+0000][1][safepoint    ] Total time for which application threads were stopped: 0.0000796 seconds, Stopping threads took: 0.0000154 seconds
[2019-12-09T04:47:15.716+0000][1][safepoint    ] Application time: 1.0000752 seconds
[2019-12-09T04:47:15.716+0000][1][safepoint    ] Entering safepoint region: Cleanup
[2019-12-09T04:47:15.716+0000][1][safepoint    ] Leaving safepoint region
[2019-12-09T04:47:15.716+0000][1][safepoint    ] Total time for which application threads were stopped: 0.0000883 seconds, Stopping threads took: 0.0000241 seconds
[2019-12-09T04:47:16.716+0000][1][safepoint    ] Application time: 1.0000760 seconds
[2019-12-09T04:47:16.716+0000][1][safepoint    ] Entering safepoint region: Cleanup
[2019-12-09T04:47:16.716+0000][1][safepoint    ] Leaving safepoint region
[2019-12-09T04:47:16.716+0000][1][safepoint    ] Total time for which application threads were stopped: 0.0000855 seconds, Stopping threads took: 0.0000201 seconds
[2019-12-09T04:47:17.716+0000][1][safepoint    ] Application time: 1.0000827 seconds
[2019-12-09T04:47:17.716+0000][1][safepoint    ] Entering safepoint region: Cleanup
[2019-12-09T04:47:17.716+0000][1][safepoint    ] Leaving safepoint region
[2019-12-09T04:47:17.716+0000][1][safepoint    ] Total time for which application threads were stopped: 0.0001500 seconds, Stopping threads took: 0.0000766 seconds
[2019-12-09T04:47:18.716+0000][1][safepoint    ] Application time: 1.0000802 seconds
[2019-12-09T04:47:18.716+0000][1][safepoint    ] Entering safepoint region: Cleanup
[2019-12-09T04:47:18.716+0000][1][safepoint    ] Leaving safepoint region
[2019-12-09T04:47:18.716+0000][1][safepoint    ] Total time for which application threads were stopped: 0.0000873 seconds, Stopping threads took: 0.0000170 seconds
[2019-12-09T04:47:19.717+0000][1][safepoint    ] Application time: 1.0000748 seconds
[2019-12-09T04:47:19.717+0000][1][safepoint    ] Entering safepoint region: Cleanup
[2019-12-09T04:47:19.717+0000][1][safepoint    ] Leaving safepoint region
[2019-12-09T04:47:19.717+0000][1][safepoint    ] Total time for which application threads were stopped: 0.0000797 seconds, Stopping threads took: 0.0000155 seconds
[2019-12-09T04:47:20.717+0000][1][safepoint    ] Application time: 1.0000760 seconds
[2019-12-09T04:47:20.717+0000][1][safepoint    ] Entering safepoint region: Cleanup
[2019-12-09T04:47:20.717+0000][1][safepoint    ] Leaving safepoint region
[2019-12-09T04:47:20.717+0000][1][safepoint    ] Total time for which application threads were stopped: 0.0000820 seconds, Stopping threads took: 0.0000192 seconds
[2019-12-09T04:47:21.717+0000][1][safepoint    ] Application time: 1.0000763 seconds
[2019-12-09T04:47:21.717+0000][1][safepoint    ] Entering safepoint region: Cleanup
[2019-12-09T04:47:21.717+0000][1][safepoint    ] Leaving safepoint region
[2019-12-09T04:47:21.717+0000][1][safepoint    ] Total time for which application threads were stopped: 0.0000915 seconds, Stopping threads took: 0.0000161 seconds
[2019-12-09T04:47:22.717+0000][1][safepoint    ] Application time: 1.0000819 seconds
[2019-12-09T04:47:22.717+0000][1][safepoint    ] Entering safepoint region: Cleanup
[2019-12-09T04:47:22.717+0000][1][safepoint    ] Leaving safepoint region
[2019-12-09T04:47:22.717+0000][1][safepoint    ] Total time for which application threads were stopped: 0.0000957 seconds, Stopping threads took: 0.0000243 seconds
[2019-12-09T04:47:23.717+0000][1][safepoint    ] Application time: 1.0000852 seconds
[2019-12-09T04:47:23.717+0000][1][safepoint    ] Entering safepoint region: Cleanup
[2019-12-09T04:47:23.717+0000][1][safepoint    ] Leaving safepoint region
[2019-12-09T04:47:23.717+0000][1][safepoint    ] Total time for which application threads were stopped: 0.0000845 seconds, Stopping threads took: 0.0000180 seconds
[2019-12-09T04:47:24.718+0000][1][safepoint    ] Application time: 1.0000773 seconds
[2019-12-09T04:47:24.718+0000][1][safepoint    ] Entering safepoint region: Cleanup
[2019-12-09T04:47:24.718+0000][1][safepoint    ] Leaving safepoint region
[2019-12-09T04:47:24.718+0000][1][safepoint    ] Total time for which application threads were stopped: 0.0001018 seconds, Stopping threads took: 0.0000191 seconds
[2019-12-09T04:47:25.718+0000][1][safepoint    ] Application time: 1.0000752 seconds
[2019-12-09T04:47:25.718+0000][1][safepoint    ] Entering safepoint region: Cleanup
[2019-12-09T04:47:25.718+0000][1][safepoint    ] Leaving safepoint region
[2019-12-09T04:47:25.718+0000][1][safepoint    ] Total time for which application threads were stopped: 0.0000879 seconds, Stopping threads took: 0.0000190 seconds
[2019-12-09T04:47:26.718+0000][1][safepoint    ] Application time: 1.0000765 seconds
[2019-12-09T04:47:26.718+0000][1][safepoint    ] Entering safepoint region: Cleanup
[2019-12-09T04:47:26.718+0000][1][safepoint    ] Leaving safepoint region
[2019-12-09T04:47:26.718+0000][1][safepoint    ] Total time for which application threads were stopped: 0.0000839 seconds, Stopping threads took: 0.0000168 seconds
[2019-12-09T04:47:27.718+0000][1][safepoint    ] Application time: 1.0000749 seconds
[2019-12-09T04:47:27.718+0000][1][safepoint    ] Entering safepoint region: Cleanup
[2019-12-09T04:47:27.718+0000][1][safepoint    ] Leaving safepoint region
[2019-12-09T04:47:27.718+0000][1][safepoint    ] Total time for which application threads were stopped: 0.0000864 seconds, Stopping threads took: 0.0000187 seconds
[2019-12-09T04:47:28.718+0000][1][safepoint    ] Application time: 1.0000734 seconds
[2019-12-09T04:47:28.718+0000][1][safepoint    ] Entering safepoint region: Cleanup
[2019-12-09T04:47:28.719+0000][1][safepoint    ] Leaving safepoint region
[2019-12-09T04:47:28.719+0000][1][safepoint    ] Total time for which application threads were stopped: 0.0001033 seconds, Stopping threads took: 0.0000163 seconds
[2019-12-09T04:47:29.719+0000][1][safepoint    ] Application time: 1.0000778 seconds
[2019-12-09T04:47:29.719+0000][1][safepoint    ] Entering safepoint region: Cleanup
[2019-12-09T04:47:29.719+0000][1][safepoint    ] Leaving safepoint region
[2019-12-09T04:47:29.719+0000][1][safepoint    ] Total time for which application threads were stopped: 0.0000952 seconds, Stopping threads took: 0.0000182 seconds
[2019-12-09T04:47:30.719+0000][1][safepoint    ] Application time: 1.0000750 seconds
[2019-12-09T04:47:30.719+0000][1][safepoint    ] Entering safepoint region: Cleanup
[2019-12-09T04:47:30.719+0000][1][safepoint    ] Leaving safepoint region
[2019-12-09T04:47:30.719+0000][1][safepoint    ] Total time for which application threads were stopped: 0.0000835 seconds, Stopping threads took: 0.0000183 seconds
[2019-12-09T04:47:31.719+0000][1][safepoint    ] Application time: 1.0000759 seconds
[2019-12-09T04:47:31.719+0000][1][safepoint    ] Entering safepoint region: Cleanup
[2019-12-09T04:47:31.719+0000][1][safepoint    ] Leaving safepoint region
[2019-12-09T04:47:31.719+0000][1][safepoint    ] Total time for which application threads were stopped: 0.0000840 seconds, Stopping threads took: 0.0000177 seconds
[2019-12-09T04:47:32.719+0000][1][safepoint    ] Application time: 1.0000757 seconds
[2019-12-09T04:47:32.719+0000][1][safepoint    ] Entering safepoint region: Cleanup
[2019-12-09T04:47:32.719+0000][1][safepoint    ] Leaving safepoint region
[2019-12-09T04:47:32.719+0000][1][safepoint    ] Total time for which application threads were stopped: 0.0000865 seconds, Stopping threads took: 0.0000179 seconds
[2019-12-09T04:47:33.719+0000][1][safepoint    ] Application time: 1.0000753 seconds
[2019-12-09T04:47:33.719+0000][1][safepoint    ] Entering safepoint region: Cleanup
[2019-12-09T04:47:33.720+0000][1][safepoint    ] Leaving safepoint region
[2019-12-09T04:47:33.720+0000][1][safepoint    ] Total time for which application threads were stopped: 0.0000836 seconds, Stopping threads took: 0.0000168 seconds
[2019-12-09T04:47:34.720+0000][1][safepoint    ] Application time: 1.0000754 seconds
[2019-12-09T04:47:34.720+0000][1][safepoint    ] Entering safepoint region: Cleanup
[2019-12-09T04:47:34.720+0000][1][safepoint    ] Leaving safepoint region
[2019-12-09T04:47:34.720+0000][1][safepoint    ] Total time for which application threads were stopped: 0.0000927 seconds, Stopping threads took: 0.0000258 seconds
[2019-12-09T04:47:35.720+0000][1][safepoint    ] Application time: 1.0000748 seconds
[2019-12-09T04:47:35.720+0000][1][safepoint    ] Entering safepoint region: Cleanup
[2019-12-09T04:47:35.720+0000][1][safepoint    ] Leaving safepoint region
[2019-12-09T04:47:35.720+0000][1][safepoint    ] Total time for which application threads were stopped: 0.0000832 seconds, Stopping threads took: 0.0000183 seconds
[2019-12-09T04:47:36.720+0000][1][safepoint    ] Application time: 1.0000767 seconds
[2019-12-09T04:47:36.720+0000][1][safepoint    ] Entering safepoint region: Cleanup
[2019-12-09T04:47:36.720+0000][1][safepoint    ] Leaving safepoint region
[2019-12-09T04:47:36.720+0000][1][safepoint    ] Total time for which application threads were stopped: 0.0000870 seconds, Stopping threads took: 0.0000198 seconds
[2019-12-09T04:47:37.720+0000][1][safepoint    ] Application time: 1.0000766 seconds
[2019-12-09T04:47:37.720+0000][1][safepoint    ] Entering safepoint region: Cleanup
[2019-12-09T04:47:37.720+0000][1][safepoint    ] Leaving safepoint region
[2019-12-09T04:47:37.720+0000][1][safepoint    ] Total time for which application threads were stopped: 0.0000877 seconds, Stopping threads took: 0.0000196 seconds
[2019-12-09T04:47:37.723+0000][1][safepoint    ] Application time: 0.0028652 seconds
[2019-12-09T04:47:37.723+0000][1][safepoint    ] Entering safepoint region: GenCollectForAllocation
[2019-12-09T04:47:37.723+0000][1][gc,start     ] GC(79) Pause Young (Allocation Failure)
[2019-12-09T04:47:37.723+0000][1][gc,task      ] GC(79) Using 2 workers of 2 for evacuation
[2019-12-09T04:47:37.725+0000][1][gc,age       ] GC(79) Desired survivor size 4456448 bytes, new threshold 6 (max threshold 6)
[2019-12-09T04:47:37.725+0000][1][gc,age       ] GC(79) Age table with threshold 6 (max threshold 6)
[2019-12-09T04:47:37.725+0000][1][gc,age       ] GC(79) - age   1:       7224 bytes,       7224 total
[2019-12-09T04:47:37.725+0000][1][gc,age       ] GC(79) - age   2:        184 bytes,       7408 total
[2019-12-09T04:47:37.725+0000][1][gc,age       ] GC(79) - age   3:       1672 bytes,       9080 total
[2019-12-09T04:47:37.725+0000][1][gc,age       ] GC(79) - age   4:       1288 bytes,      10368 total
[2019-12-09T04:47:37.725+0000][1][gc,age       ] GC(79) - age   5:         24 bytes,      10392 total
[2019-12-09T04:47:37.725+0000][1][gc,age       ] GC(79) - age   6:       3416 bytes,      13808 total
[2019-12-09T04:47:37.725+0000][1][gc,heap      ] GC(79) ParNew: 69979K->18K(78656K)
[2019-12-09T04:47:37.725+0000][1][gc,heap      ] GC(79) CMS: 119424K->119427K(174784K)
[2019-12-09T04:47:37.725+0000][1][gc,metaspace ] GC(79) Metaspace: 83808K->83808K(1126400K)
[2019-12-09T04:47:37.725+0000][1][gc           ] GC(79) Pause Young (Allocation Failure) 184M->116M(247M) 1.709ms
[2019-12-09T04:47:37.725+0000][1][gc,cpu       ] GC(79) User=0.00s Sys=0.00s Real=0.01s
[2019-12-09T04:47:37.725+0000][1][safepoint    ] Leaving safepoint region
[2019-12-09T04:47:37.725+0000][1][safepoint    ] Total time for which application threads were stopped: 0.0018444 seconds, Stopping threads took: 0.0000149 seconds
[2019-12-09T04:47:38.725+0000][1][safepoint    ] Application time: 1.0000842 seconds
[2019-12-09T04:47:38.725+0000][1][safepoint    ] Entering safepoint region: Cleanup
[2019-12-09T04:47:38.725+0000][1][safepoint    ] Leaving safepoint region
[2019-12-09T04:47:38.725+0000][1][safepoint    ] Total time for which application threads were stopped: 0.0000837 seconds, Stopping threads took: 0.0000177 seconds
[2019-12-09T04:47:39.725+0000][1][safepoint    ] Application time: 1.0000751 seconds
[2019-12-09T04:47:39.725+0000][1][safepoint    ] Entering safepoint region: Cleanup
[2019-12-09T04:47:39.726+0000][1][safepoint    ] Leaving safepoint region
[2019-12-09T04:47:39.726+0000][1][safepoint    ] Total time for which application threads were stopped: 0.0000832 seconds, Stopping threads took: 0.0000178 seconds
[2019-12-09T04:47:40.726+0000][1][safepoint    ] Application time: 1.0000759 seconds
[2019-12-09T04:47:40.726+0000][1][safepoint    ] Entering safepoint region: Cleanup
[2019-12-09T04:47:40.726+0000][1][safepoint    ] Leaving safepoint region
[2019-12-09T04:47:40.726+0000][1][safepoint    ] Total time for which application threads were stopped: 0.0000972 seconds, Stopping threads took: 0.0000189 seconds
[2019-12-09T04:47:41.726+0000][1][safepoint    ] Application time: 1.0000739 seconds
[2019-12-09T04:47:41.726+0000][1][safepoint    ] Entering safepoint region: Cleanup
[2019-12-09T04:47:41.726+0000][1][safepoint    ] Leaving safepoint region
[2019-12-09T04:47:41.726+0000][1][safepoint    ] Total time for which application threads were stopped: 0.0000865 seconds, Stopping threads took: 0.0000175 seconds
[2019-12-09T04:47:42.726+0000][1][safepoint    ] Application time: 1.0000821 seconds
[2019-12-09T04:47:42.726+0000][1][safepoint    ] Entering safepoint region: Cleanup
[2019-12-09T04:47:42.726+0000][1][safepoint    ] Leaving safepoint region
[2019-12-09T04:47:42.726+0000][1][safepoint    ] Total time for which application threads were stopped: 0.0001312 seconds, Stopping threads took: 0.0000577 seconds
[2019-12-09T04:47:43.726+0000][1][safepoint    ] Application time: 1.0000834 seconds
[2019-12-09T04:47:43.726+0000][1][safepoint    ] Entering safepoint region: Cleanup
[2019-12-09T04:47:43.726+0000][1][safepoint    ] Leaving safepoint region
[2019-12-09T04:47:43.726+0000][1][safepoint    ] Total time for which application threads were stopped: 0.0000852 seconds, Stopping threads took: 0.0000178 seconds
[2019-12-09T04:47:44.727+0000][1][safepoint    ] Application time: 1.0000758 seconds
[2019-12-09T04:47:44.727+0000][1][safepoint    ] Entering safepoint region: Cleanup
[2019-12-09T04:47:44.727+0000][1][safepoint    ] Leaving safepoint region
[2019-12-09T04:47:44.727+0000][1][safepoint    ] Total time for which application threads were stopped: 0.0000885 seconds, Stopping threads took: 0.0000225 seconds
[2019-12-09T04:47:45.727+0000][1][safepoint    ] Application time: 1.0000767 seconds
[2019-12-09T04:47:45.727+0000][1][safepoint    ] Entering safepoint region: Cleanup
[2019-12-09T04:47:45.727+0000][1][safepoint    ] Leaving safepoint region
[2019-12-09T04:47:45.727+0000][1][safepoint    ] Total time for which application threads were stopped: 0.0000929 seconds, Stopping threads took: 0.0000243 seconds
[2019-12-09T04:47:46.727+0000][1][safepoint    ] Application time: 1.0000747 seconds
[2019-12-09T04:47:46.727+0000][1][safepoint    ] Entering safepoint region: Cleanup
[2019-12-09T04:47:46.727+0000][1][safepoint    ] Leaving safepoint region
[2019-12-09T04:47:46.727+0000][1][safepoint    ] Total time for which application threads were stopped: 0.0000847 seconds, Stopping threads took: 0.0000172 seconds
[2019-12-09T04:47:48.432+0000][1][safepoint    ] Application time: 1.7049874 seconds
[2019-12-09T04:47:48.432+0000][1][safepoint    ] Entering safepoint region: Cleanup
[2019-12-09T04:47:48.432+0000][1][safepoint    ] Leaving safepoint region
[2019-12-09T04:47:48.432+0000][1][safepoint    ] Total time for which application threads were stopped: 0.0000810 seconds, Stopping threads took: 0.0000171 seconds
[2019-12-09T04:47:49.432+0000][1][safepoint    ] Application time: 1.0000756 seconds
[2019-12-09T04:47:49.432+0000][1][safepoint    ] Entering safepoint region: Cleanup
[2019-12-09T04:47:49.432+0000][1][safepoint    ] Leaving safepoint region
[2019-12-09T04:47:49.432+0000][1][safepoint    ] Total time for which application threads were stopped: 0.0000807 seconds, Stopping threads took: 0.0000170 seconds
[2019-12-09T04:47:50.432+0000][1][safepoint    ] Application time: 1.0000755 seconds
[2019-12-09T04:47:50.432+0000][1][safepoint    ] Entering safepoint region: Cleanup
[2019-12-09T04:47:50.433+0000][1][safepoint    ] Leaving safepoint region
[2019-12-09T04:47:50.433+0000][1][safepoint    ] Total time for which application threads were stopped: 0.0000818 seconds, Stopping threads took: 0.0000177 seconds
[2019-12-09T04:47:51.433+0000][1][safepoint    ] Application time: 1.0000867 seconds
[2019-12-09T04:47:51.433+0000][1][safepoint    ] Entering safepoint region: Cleanup
[2019-12-09T04:47:51.433+0000][1][safepoint    ] Leaving safepoint region
[2019-12-09T04:47:51.433+0000][1][safepoint    ] Total time for which application threads were stopped: 0.0001399 seconds, Stopping threads took: 0.0000399 seconds
[2019-12-09T04:47:52.433+0000][1][safepoint    ] Application time: 1.0000749 seconds
[2019-12-09T04:47:52.433+0000][1][safepoint    ] Entering safepoint region: Cleanup
[2019-12-09T04:47:52.433+0000][1][safepoint    ] Leaving safepoint region
[2019-12-09T04:47:52.433+0000][1][safepoint    ] Total time for which application threads were stopped: 0.0000796 seconds, Stopping threads took: 0.0000178 seconds
[2019-12-09T04:47:53.433+0000][1][safepoint    ] Application time: 1.0000761 seconds
[2019-12-09T04:47:53.433+0000][1][safepoint    ] Entering safepoint region: Cleanup
[2019-12-09T04:47:53.433+0000][1][safepoint    ] Leaving safepoint region
[2019-12-09T04:47:53.433+0000][1][safepoint    ] Total time for which application threads were stopped: 0.0000780 seconds, Stopping threads took: 0.0000165 seconds
[2019-12-09T04:47:54.433+0000][1][safepoint    ] Application time: 1.0000757 seconds
[2019-12-09T04:47:54.433+0000][1][safepoint    ] Entering safepoint region: Cleanup
[2019-12-09T04:47:54.433+0000][1][safepoint    ] Leaving safepoint region
[2019-12-09T04:47:54.433+0000][1][safepoint    ] Total time for which application threads were stopped: 0.0000829 seconds, Stopping threads took: 0.0000176 seconds
[2019-12-09T04:47:55.433+0000][1][safepoint    ] Application time: 1.0000757 seconds
[2019-12-09T04:47:55.433+0000][1][safepoint    ] Entering safepoint region: Cleanup
[2019-12-09T04:47:55.434+0000][1][safepoint    ] Leaving safepoint region
[2019-12-09T04:47:55.434+0000][1][safepoint    ] Total time for which application threads were stopped: 0.0000818 seconds, Stopping threads took: 0.0000174 seconds
[2019-12-09T04:47:56.434+0000][1][safepoint    ] Application time: 1.0000765 seconds
[2019-12-09T04:47:56.434+0000][1][safepoint    ] Entering safepoint region: Cleanup
[2019-12-09T04:47:56.434+0000][1][safepoint    ] Leaving safepoint region
[2019-12-09T04:47:56.434+0000][1][safepoint    ] Total time for which application threads were stopped: 0.0000940 seconds, Stopping threads took: 0.0000180 seconds
[2019-12-09T04:47:57.434+0000][1][safepoint    ] Application time: 1.0000749 seconds
[2019-12-09T04:47:57.434+0000][1][safepoint    ] Entering safepoint region: Cleanup
[2019-12-09T04:47:57.434+0000][1][safepoint    ] Leaving safepoint region
[2019-12-09T04:47:57.434+0000][1][safepoint    ] Total time for which application threads were stopped: 0.0000801 seconds, Stopping threads took: 0.0000172 seconds
[2019-12-09T04:47:58.434+0000][1][safepoint    ] Application time: 1.0000766 seconds
[2019-12-09T04:47:58.434+0000][1][safepoint    ] Entering safepoint region: Cleanup
[2019-12-09T04:47:58.434+0000][1][safepoint    ] Leaving safepoint region
[2019-12-09T04:47:58.434+0000][1][safepoint    ] Total time for which application threads were stopped: 0.0000824 seconds, Stopping threads took: 0.0000173 seconds
[2019-12-09T04:47:59.434+0000][1][safepoint    ] Application time: 1.0000760 seconds
[2019-12-09T04:47:59.434+0000][1][safepoint    ] Entering safepoint region: Cleanup
[2019-12-09T04:47:59.434+0000][1][safepoint    ] Leaving safepoint region
[2019-12-09T04:47:59.434+0000][1][safepoint    ] Total time for which application threads were stopped: 0.0000819 seconds, Stopping threads took: 0.0000176 seconds
[2019-12-09T04:48:00.434+0000][1][safepoint    ] Application time: 1.0000744 seconds
[2019-12-09T04:48:00.434+0000][1][safepoint    ] Entering safepoint region: Cleanup
[2019-12-09T04:48:00.434+0000][1][safepoint    ] Leaving safepoint region
[2019-12-09T04:48:00.434+0000][1][safepoint    ] Total time for which application threads were stopped: 0.0000794 seconds, Stopping threads took: 0.0000170 seconds
[2019-12-09T04:48:01.435+0000][1][safepoint    ] Application time: 1.0000854 seconds
[2019-12-09T04:48:01.435+0000][1][safepoint    ] Entering safepoint region: Cleanup
[2019-12-09T04:48:01.435+0000][1][safepoint    ] Leaving safepoint region
[2019-12-09T04:48:01.435+0000][1][safepoint    ] Total time for which application threads were stopped: 0.0001341 seconds, Stopping threads took: 0.0000271 seconds
[2019-12-09T04:48:02.435+0000][1][safepoint    ] Application time: 1.0000750 seconds
[2019-12-09T04:48:02.435+0000][1][safepoint    ] Entering safepoint region: Cleanup
[2019-12-09T04:48:02.435+0000][1][safepoint    ] Leaving safepoint region
[2019-12-09T04:48:02.435+0000][1][safepoint    ] Total time for which application threads were stopped: 0.0000807 seconds, Stopping threads took: 0.0000162 seconds
[2019-12-09T04:48:03.435+0000][1][safepoint    ] Application time: 1.0000741 seconds
[2019-12-09T04:48:03.435+0000][1][safepoint    ] Entering safepoint region: Cleanup
[2019-12-09T04:48:03.435+0000][1][safepoint    ] Leaving safepoint region
[2019-12-09T04:48:03.435+0000][1][safepoint    ] Total time for which application threads were stopped: 0.0000815 seconds, Stopping threads took: 0.0000169 seconds
[2019-12-09T04:48:04.435+0000][1][safepoint    ] Application time: 1.0000732 seconds
[2019-12-09T04:48:04.435+0000][1][safepoint    ] Entering safepoint region: Cleanup
[2019-12-09T04:48:04.435+0000][1][safepoint    ] Leaving safepoint region
[2019-12-09T04:48:04.435+0000][1][safepoint    ] Total time for which application threads were stopped: 0.0001061 seconds, Stopping threads took: 0.0000173 seconds
[2019-12-09T04:48:05.435+0000][1][safepoint    ] Application time: 1.0000699 seconds
[2019-12-09T04:48:05.435+0000][1][safepoint    ] Entering safepoint region: Cleanup
[2019-12-09T04:48:05.435+0000][1][safepoint    ] Leaving safepoint region
[2019-12-09T04:48:05.435+0000][1][safepoint    ] Total time for which application threads were stopped: 0.0000772 seconds, Stopping threads took: 0.0000157 seconds
[2019-12-09T04:48:06.436+0000][1][safepoint    ] Application time: 1.0000740 seconds
[2019-12-09T04:48:06.436+0000][1][safepoint    ] Entering safepoint region: Cleanup
[2019-12-09T04:48:06.436+0000][1][safepoint    ] Leaving safepoint region
[2019-12-09T04:48:06.436+0000][1][safepoint    ] Total time for which application threads were stopped: 0.0000810 seconds, Stopping threads took: 0.0000178 seconds
[2019-12-09T04:48:07.436+0000][1][safepoint    ] Application time: 1.0000771 seconds
[2019-12-09T04:48:07.436+0000][1][safepoint    ] Entering safepoint region: Cleanup
[2019-12-09T04:48:07.436+0000][1][safepoint    ] Leaving safepoint region
[2019-12-09T04:48:07.436+0000][1][safepoint    ] Total time for which application threads were stopped: 0.0000964 seconds, Stopping threads took: 0.0000162 seconds
[2019-12-09T04:48:08.436+0000][1][safepoint    ] Application time: 1.0000774 seconds
[2019-12-09T04:48:08.436+0000][1][safepoint    ] Entering safepoint region: Cleanup
[2019-12-09T04:48:08.436+0000][1][safepoint    ] Leaving safepoint region
[2019-12-09T04:48:08.436+0000][1][safepoint    ] Total time for which application threads were stopped: 0.0000831 seconds, Stopping threads took: 0.0000179 seconds
[2019-12-09T04:48:09.436+0000][1][safepoint    ] Application time: 1.0000758 seconds
[2019-12-09T04:48:09.436+0000][1][safepoint    ] Entering safepoint region: Cleanup
[2019-12-09T04:48:09.436+0000][1][safepoint    ] Leaving safepoint region
[2019-12-09T04:48:09.436+0000][1][safepoint    ] Total time for which application threads were stopped: 0.0000815 seconds, Stopping threads took: 0.0000178 seconds
[2019-12-09T04:48:10.436+0000][1][safepoint    ] Application time: 1.0000791 seconds
[2019-12-09T04:48:10.436+0000][1][safepoint    ] Entering safepoint region: Cleanup
[2019-12-09T04:48:10.436+0000][1][safepoint    ] Leaving safepoint region
[2019-12-09T04:48:10.436+0000][1][safepoint    ] Total time for which application threads were stopped: 0.0000822 seconds, Stopping threads took: 0.0000174 seconds
[2019-12-09T04:48:11.437+0000][1][safepoint    ] Application time: 1.0000778 seconds
[2019-12-09T04:48:11.437+0000][1][safepoint    ] Entering safepoint region: Cleanup
[2019-12-09T04:48:11.437+0000][1][safepoint    ] Leaving safepoint region
[2019-12-09T04:48:11.437+0000][1][safepoint    ] Total time for which application threads were stopped: 0.0000820 seconds, Stopping threads took: 0.0000173 seconds
[2019-12-09T04:48:12.437+0000][1][safepoint    ] Application time: 1.0000751 seconds
[2019-12-09T04:48:12.437+0000][1][safepoint    ] Entering safepoint region: Cleanup
[2019-12-09T04:48:12.437+0000][1][safepoint    ] Leaving safepoint region
[2019-12-09T04:48:12.437+0000][1][safepoint    ] Total time for which application threads were stopped: 0.0000798 seconds, Stopping threads took: 0.0000169 seconds
[2019-12-09T04:48:13.437+0000][1][safepoint    ] Application time: 1.0000753 seconds
[2019-12-09T04:48:13.437+0000][1][safepoint    ] Entering safepoint region: Cleanup
[2019-12-09T04:48:13.437+0000][1][safepoint    ] Leaving safepoint region
[2019-12-09T04:48:13.437+0000][1][safepoint    ] Total time for which application threads were stopped: 0.0000797 seconds, Stopping threads took: 0.0000171 seconds
[2019-12-09T04:48:14.437+0000][1][safepoint    ] Application time: 1.0000763 seconds
[2019-12-09T04:48:14.437+0000][1][safepoint    ] Entering safepoint region: Cleanup
[2019-12-09T04:48:14.437+0000][1][safepoint    ] Leaving safepoint region
[2019-12-09T04:48:14.437+0000][1][safepoint    ] Total time for which application threads were stopped: 0.0000776 seconds, Stopping threads took: 0.0000162 seconds
[2019-12-09T04:48:15.437+0000][1][safepoint    ] Application time: 1.0000745 seconds
[2019-12-09T04:48:15.437+0000][1][safepoint    ] Entering safepoint region: Cleanup
[2019-12-09T04:48:15.437+0000][1][safepoint    ] Leaving safepoint region
[2019-12-09T04:48:15.437+0000][1][safepoint    ] Total time for which application threads were stopped: 0.0000824 seconds, Stopping threads took: 0.0000189 seconds
[2019-12-09T04:48:16.437+0000][1][safepoint    ] Application time: 1.0000823 seconds
[2019-12-09T04:48:16.437+0000][1][safepoint    ] Entering safepoint region: Cleanup
[2019-12-09T04:48:16.438+0000][1][safepoint    ] Leaving safepoint region
[2019-12-09T04:48:16.438+0000][1][safepoint    ] Total time for which application threads were stopped: 0.0000887 seconds, Stopping threads took: 0.0000248 seconds
[2019-12-09T04:48:17.438+0000][1][safepoint    ] Application time: 1.0000754 seconds
[2019-12-09T04:48:17.438+0000][1][safepoint    ] Entering safepoint region: Cleanup
[2019-12-09T04:48:17.438+0000][1][safepoint    ] Leaving safepoint region
[2019-12-09T04:48:17.438+0000][1][safepoint    ] Total time for which application threads were stopped: 0.0000952 seconds, Stopping threads took: 0.0000171 seconds
[2019-12-09T04:48:18.438+0000][1][safepoint    ] Application time: 1.0000760 seconds
[2019-12-09T04:48:18.438+0000][1][safepoint    ] Entering safepoint region: Cleanup
[2019-12-09T04:48:18.438+0000][1][safepoint    ] Leaving safepoint region
[2019-12-09T04:48:18.438+0000][1][safepoint    ] Total time for which application threads were stopped: 0.0000865 seconds, Stopping threads took: 0.0000187 seconds
[2019-12-09T04:48:19.438+0000][1][safepoint    ] Application time: 1.0000744 seconds
[2019-12-09T04:48:19.438+0000][1][safepoint    ] Entering safepoint region: Cleanup
[2019-12-09T04:48:19.438+0000][1][safepoint    ] Leaving safepoint region
[2019-12-09T04:48:19.438+0000][1][safepoint    ] Total time for which application threads were stopped: 0.0000827 seconds, Stopping threads took: 0.0000163 seconds
[2019-12-09T04:48:20.438+0000][1][safepoint    ] Application time: 1.0000798 seconds
[2019-12-09T04:48:20.438+0000][1][safepoint    ] Entering safepoint region: Cleanup
[2019-12-09T04:48:20.438+0000][1][safepoint    ] Leaving safepoint region
[2019-12-09T04:48:20.438+0000][1][safepoint    ] Total time for which application threads were stopped: 0.0000832 seconds, Stopping threads took: 0.0000179 seconds
[2019-12-09T04:48:21.438+0000][1][safepoint    ] Application time: 1.0000767 seconds
[2019-12-09T04:48:21.438+0000][1][safepoint    ] Entering safepoint region: Cleanup
[2019-12-09T04:48:21.439+0000][1][safepoint    ] Leaving safepoint region
[2019-12-09T04:48:21.439+0000][1][safepoint    ] Total time for which application threads were stopped: 0.0000841 seconds, Stopping threads took: 0.0000174 seconds
[2019-12-09T04:48:22.439+0000][1][safepoint    ] Application time: 1.0000772 seconds
[2019-12-09T04:48:22.439+0000][1][safepoint    ] Entering safepoint region: Cleanup
[2019-12-09T04:48:22.439+0000][1][safepoint    ] Leaving safepoint region
[2019-12-09T04:48:22.439+0000][1][safepoint    ] Total time for which application threads were stopped: 0.0000867 seconds, Stopping threads took: 0.0000200 seconds
[2019-12-09T04:48:23.439+0000][1][safepoint    ] Application time: 1.0000768 seconds
[2019-12-09T04:48:23.439+0000][1][safepoint    ] Entering safepoint region: Cleanup
[2019-12-09T04:48:23.439+0000][1][safepoint    ] Leaving safepoint region
[2019-12-09T04:48:23.439+0000][1][safepoint    ] Total time for which application threads were stopped: 0.0000860 seconds, Stopping threads took: 0.0000181 seconds
[2019-12-09T04:48:24.439+0000][1][safepoint    ] Application time: 1.0000749 seconds
[2019-12-09T04:48:24.439+0000][1][safepoint    ] Entering safepoint region: Cleanup
[2019-12-09T04:48:24.439+0000][1][safepoint    ] Leaving safepoint region
[2019-12-09T04:48:24.439+0000][1][safepoint    ] Total time for which application threads were stopped: 0.0000982 seconds, Stopping threads took: 0.0000173 seconds
[2019-12-09T04:48:25.439+0000][1][safepoint    ] Application time: 1.0000763 seconds
[2019-12-09T04:48:25.439+0000][1][safepoint    ] Entering safepoint region: Cleanup
[2019-12-09T04:48:25.439+0000][1][safepoint    ] Leaving safepoint region
[2019-12-09T04:48:25.439+0000][1][safepoint    ] Total time for which application threads were stopped: 0.0000933 seconds, Stopping threads took: 0.0000257 seconds
[2019-12-09T04:48:26.439+0000][1][safepoint    ] Application time: 1.0000769 seconds
[2019-12-09T04:48:26.440+0000][1][safepoint    ] Entering safepoint region: Cleanup
[2019-12-09T04:48:26.440+0000][1][safepoint    ] Leaving safepoint region
[2019-12-09T04:48:26.440+0000][1][safepoint    ] Total time for which application threads were stopped: 0.0000865 seconds, Stopping threads took: 0.0000200 seconds
[2019-12-09T04:48:27.440+0000][1][safepoint    ] Application time: 1.0000767 seconds
[2019-12-09T04:48:27.440+0000][1][safepoint    ] Entering safepoint region: Cleanup
[2019-12-09T04:48:27.440+0000][1][safepoint    ] Leaving safepoint region
[2019-12-09T04:48:27.440+0000][1][safepoint    ] Total time for which application threads were stopped: 0.0000835 seconds, Stopping threads took: 0.0000165 seconds
[2019-12-09T04:48:28.440+0000][1][safepoint    ] Application time: 1.0000752 seconds
[2019-12-09T04:48:28.440+0000][1][safepoint    ] Entering safepoint region: Cleanup
[2019-12-09T04:48:28.440+0000][1][safepoint    ] Leaving safepoint region
[2019-12-09T04:48:28.440+0000][1][safepoint    ] Total time for which application threads were stopped: 0.0000815 seconds, Stopping threads took: 0.0000173 seconds
[2019-12-09T04:48:29.440+0000][1][safepoint    ] Application time: 1.0000730 seconds
[2019-12-09T04:48:29.440+0000][1][safepoint    ] Entering safepoint region: Cleanup
[2019-12-09T04:48:29.440+0000][1][safepoint    ] Leaving safepoint region
[2019-12-09T04:48:29.440+0000][1][safepoint    ] Total time for which application threads were stopped: 0.0000847 seconds, Stopping threads took: 0.0000187 seconds
[2019-12-09T04:48:30.475+0000][1][safepoint    ] Application time: 1.0348079 seconds
[2019-12-09T04:48:30.475+0000][1][safepoint    ] Entering safepoint region: Cleanup
[2019-12-09T04:48:30.475+0000][1][safepoint    ] Leaving safepoint region
[2019-12-09T04:48:30.475+0000][1][safepoint    ] Total time for which application threads were stopped: 0.0000781 seconds, Stopping threads took: 0.0000157 seconds
[2019-12-09T04:48:31.475+0000][1][safepoint    ] Application time: 1.0000812 seconds
[2019-12-09T04:48:31.475+0000][1][safepoint    ] Entering safepoint region: Cleanup
[2019-12-09T04:48:31.475+0000][1][safepoint    ] Leaving safepoint region
[2019-12-09T04:48:31.475+0000][1][safepoint    ] Total time for which application threads were stopped: 0.0000852 seconds, Stopping threads took: 0.0000192 seconds
[2019-12-09T04:48:32.475+0000][1][safepoint    ] Application time: 1.0000763 seconds
[2019-12-09T04:48:32.475+0000][1][safepoint    ] Entering safepoint region: Cleanup
[2019-12-09T04:48:32.475+0000][1][safepoint    ] Leaving safepoint region
[2019-12-09T04:48:32.476+0000][1][safepoint    ] Total time for which application threads were stopped: 0.0000810 seconds, Stopping threads took: 0.0000163 seconds
[2019-12-09T04:48:33.476+0000][1][safepoint    ] Application time: 1.0000807 seconds
[2019-12-09T04:48:33.476+0000][1][safepoint    ] Entering safepoint region: Cleanup
[2019-12-09T04:48:33.476+0000][1][safepoint    ] Leaving safepoint region
[2019-12-09T04:48:33.476+0000][1][safepoint    ] Total time for which application threads were stopped: 0.0000904 seconds, Stopping threads took: 0.0000183 seconds
[2019-12-09T04:48:34.476+0000][1][safepoint    ] Application time: 1.0000716 seconds
[2019-12-09T04:48:34.476+0000][1][safepoint    ] Entering safepoint region: Cleanup
[2019-12-09T04:48:34.476+0000][1][safepoint    ] Leaving safepoint region
[2019-12-09T04:48:34.476+0000][1][safepoint    ] Total time for which application threads were stopped: 0.0000784 seconds, Stopping threads took: 0.0000168 seconds
[2019-12-09T04:48:35.476+0000][1][safepoint    ] Application time: 1.0000745 seconds
[2019-12-09T04:48:35.476+0000][1][safepoint    ] Entering safepoint region: Cleanup
[2019-12-09T04:48:35.476+0000][1][safepoint    ] Leaving safepoint region
[2019-12-09T04:48:35.476+0000][1][safepoint    ] Total time for which application threads were stopped: 0.0000871 seconds, Stopping threads took: 0.0000234 seconds
[2019-12-09T04:48:36.476+0000][1][safepoint    ] Application time: 1.0000767 seconds
[2019-12-09T04:48:36.476+0000][1][safepoint    ] Entering safepoint region: Cleanup
[2019-12-09T04:48:36.476+0000][1][safepoint    ] Leaving safepoint region
[2019-12-09T04:48:36.476+0000][1][safepoint    ] Total time for which application threads were stopped: 0.0000781 seconds, Stopping threads took: 0.0000153 seconds
[2019-12-09T04:48:37.476+0000][1][safepoint    ] Application time: 1.0000751 seconds
[2019-12-09T04:48:37.476+0000][1][safepoint    ] Entering safepoint region: Cleanup
[2019-12-09T04:48:37.476+0000][1][safepoint    ] Leaving safepoint region
[2019-12-09T04:48:37.476+0000][1][safepoint    ] Total time for which application threads were stopped: 0.0000811 seconds, Stopping threads took: 0.0000184 seconds
[2019-12-09T04:48:38.477+0000][1][safepoint    ] Application time: 1.0000764 seconds
[2019-12-09T04:48:38.477+0000][1][safepoint    ] Entering safepoint region: Cleanup
[2019-12-09T04:48:38.477+0000][1][safepoint    ] Leaving safepoint region
[2019-12-09T04:48:38.477+0000][1][safepoint    ] Total time for which application threads were stopped: 0.0000776 seconds, Stopping threads took: 0.0000161 seconds
[2019-12-09T04:48:39.477+0000][1][safepoint    ] Application time: 1.0000837 seconds
[2019-12-09T04:48:39.477+0000][1][safepoint    ] Entering safepoint region: Cleanup
[2019-12-09T04:48:39.477+0000][1][safepoint    ] Leaving safepoint region
[2019-12-09T04:48:39.477+0000][1][safepoint    ] Total time for which application threads were stopped: 0.0000810 seconds, Stopping threads took: 0.0000176 seconds
[2019-12-09T04:48:40.477+0000][1][safepoint    ] Application time: 1.0000761 seconds
[2019-12-09T04:48:40.477+0000][1][safepoint    ] Entering safepoint region: Cleanup
[2019-12-09T04:48:40.477+0000][1][safepoint    ] Leaving safepoint region
[2019-12-09T04:48:40.477+0000][1][safepoint    ] Total time for which application threads were stopped: 0.0000830 seconds, Stopping threads took: 0.0000199 seconds
[2019-12-09T04:48:41.477+0000][1][safepoint    ] Application time: 1.0000809 seconds
[2019-12-09T04:48:41.477+0000][1][safepoint    ] Entering safepoint region: Cleanup
[2019-12-09T04:48:41.477+0000][1][safepoint    ] Leaving safepoint region
[2019-12-09T04:48:41.477+0000][1][safepoint    ] Total time for which application threads were stopped: 0.0000826 seconds, Stopping threads took: 0.0000176 seconds
[2019-12-09T04:48:42.477+0000][1][safepoint    ] Application time: 1.0000757 seconds
[2019-12-09T04:48:42.477+0000][1][safepoint    ] Entering safepoint region: Cleanup
[2019-12-09T04:48:42.477+0000][1][safepoint    ] Leaving safepoint region
[2019-12-09T04:48:42.477+0000][1][safepoint    ] Total time for which application threads were stopped: 0.0000817 seconds, Stopping threads took: 0.0000167 seconds
[2019-12-09T04:48:43.477+0000][1][safepoint    ] Application time: 1.0000806 seconds
[2019-12-09T04:48:43.477+0000][1][safepoint    ] Entering safepoint region: Cleanup
[2019-12-09T04:48:43.478+0000][1][safepoint    ] Leaving safepoint region
[2019-12-09T04:48:43.478+0000][1][safepoint    ] Total time for which application threads were stopped: 0.0000812 seconds, Stopping threads took: 0.0000162 seconds
[2019-12-09T04:48:44.478+0000][1][safepoint    ] Application time: 1.0000748 seconds
[2019-12-09T04:48:44.478+0000][1][safepoint    ] Entering safepoint region: Cleanup
[2019-12-09T04:48:44.478+0000][1][safepoint    ] Leaving safepoint region
[2019-12-09T04:48:44.478+0000][1][safepoint    ] Total time for which application threads were stopped: 0.0000899 seconds, Stopping threads took: 0.0000161 seconds
[2019-12-09T04:48:45.478+0000][1][safepoint    ] Application time: 1.0000775 seconds
[2019-12-09T04:48:45.478+0000][1][safepoint    ] Entering safepoint region: Cleanup
[2019-12-09T04:48:45.478+0000][1][safepoint    ] Leaving safepoint region
[2019-12-09T04:48:45.478+0000][1][safepoint    ] Total time for which application threads were stopped: 0.0000911 seconds, Stopping threads took: 0.0000244 seconds
[2019-12-09T04:48:46.478+0000][1][safepoint    ] Application time: 1.0000753 seconds
[2019-12-09T04:48:46.478+0000][1][safepoint    ] Entering safepoint region: Cleanup
[2019-12-09T04:48:46.478+0000][1][safepoint    ] Leaving safepoint region
[2019-12-09T04:48:46.478+0000][1][safepoint    ] Total time for which application threads were stopped: 0.0000847 seconds, Stopping threads took: 0.0000219 seconds
[2019-12-09T04:48:47.478+0000][1][safepoint    ] Application time: 1.0000783 seconds
[2019-12-09T04:48:47.478+0000][1][safepoint    ] Entering safepoint region: Cleanup
[2019-12-09T04:48:47.478+0000][1][safepoint    ] Leaving safepoint region
[2019-12-09T04:48:47.478+0000][1][safepoint    ] Total time for which application threads were stopped: 0.0000820 seconds, Stopping threads took: 0.0000174 seconds
[2019-12-09T04:48:48.478+0000][1][safepoint    ] Application time: 1.0000816 seconds
[2019-12-09T04:48:48.478+0000][1][safepoint    ] Entering safepoint region: Cleanup
[2019-12-09T04:48:48.478+0000][1][safepoint    ] Leaving safepoint region
[2019-12-09T04:48:48.478+0000][1][safepoint    ] Total time for which application threads were stopped: 0.0000777 seconds, Stopping threads took: 0.0000163 seconds
[2019-12-09T04:48:49.479+0000][1][safepoint    ] Application time: 1.0000760 seconds
[2019-12-09T04:48:49.479+0000][1][safepoint    ] Entering safepoint region: Cleanup
[2019-12-09T04:48:49.479+0000][1][safepoint    ] Leaving safepoint region
[2019-12-09T04:48:49.479+0000][1][safepoint    ] Total time for which application threads were stopped: 0.0000797 seconds, Stopping threads took: 0.0000169 seconds
[2019-12-09T04:48:50.479+0000][1][safepoint    ] Application time: 1.0000744 seconds
[2019-12-09T04:48:50.479+0000][1][safepoint    ] Entering safepoint region: Cleanup
[2019-12-09T04:48:50.479+0000][1][safepoint    ] Leaving safepoint region
[2019-12-09T04:48:50.479+0000][1][safepoint    ] Total time for which application threads were stopped: 0.0000798 seconds, Stopping threads took: 0.0000161 seconds
[2019-12-09T04:48:51.479+0000][1][safepoint    ] Application time: 1.0000881 seconds
[2019-12-09T04:48:51.479+0000][1][safepoint    ] Entering safepoint region: Cleanup
[2019-12-09T04:48:51.479+0000][1][safepoint    ] Leaving safepoint region
[2019-12-09T04:48:51.479+0000][1][safepoint    ] Total time for which application threads were stopped: 0.0000855 seconds, Stopping threads took: 0.0000190 seconds
[2019-12-09T04:48:52.720+0000][1][safepoint    ] Application time: 1.2414338 seconds
[2019-12-09T04:48:52.721+0000][1][safepoint    ] Entering safepoint region: Cleanup
[2019-12-09T04:48:52.721+0000][1][safepoint    ] Leaving safepoint region
[2019-12-09T04:48:52.721+0000][1][safepoint    ] Total time for which application threads were stopped: 0.0000779 seconds, Stopping threads took: 0.0000149 seconds
[2019-12-09T04:48:53.721+0000][1][safepoint    ] Application time: 1.0000757 seconds
[2019-12-09T04:48:53.721+0000][1][safepoint    ] Entering safepoint region: Cleanup
[2019-12-09T04:48:53.721+0000][1][safepoint    ] Leaving safepoint region
[2019-12-09T04:48:53.721+0000][1][safepoint    ] Total time for which application threads were stopped: 0.0000796 seconds, Stopping threads took: 0.0000163 seconds
[2019-12-09T04:48:54.721+0000][1][safepoint    ] Application time: 1.0000745 seconds
[2019-12-09T04:48:54.721+0000][1][safepoint    ] Entering safepoint region: Cleanup
[2019-12-09T04:48:54.721+0000][1][safepoint    ] Leaving safepoint region
[2019-12-09T04:48:54.721+0000][1][safepoint    ] Total time for which application threads were stopped: 0.0000813 seconds, Stopping threads took: 0.0000161 seconds
[2019-12-09T04:48:55.721+0000][1][safepoint    ] Application time: 1.0000755 seconds
[2019-12-09T04:48:55.721+0000][1][safepoint    ] Entering safepoint region: Cleanup
[2019-12-09T04:48:55.721+0000][1][safepoint    ] Leaving safepoint region
[2019-12-09T04:48:55.721+0000][1][safepoint    ] Total time for which application threads were stopped: 0.0000915 seconds, Stopping threads took: 0.0000165 seconds
[2019-12-09T04:48:56.721+0000][1][safepoint    ] Application time: 1.0000736 seconds
[2019-12-09T04:48:56.721+0000][1][safepoint    ] Entering safepoint region: Cleanup
[2019-12-09T04:48:56.721+0000][1][safepoint    ] Leaving safepoint region
[2019-12-09T04:48:56.721+0000][1][safepoint    ] Total time for which application threads were stopped: 0.0000803 seconds, Stopping threads took: 0.0000190 seconds
[2019-12-09T04:48:57.721+0000][1][safepoint    ] Application time: 1.0000746 seconds
[2019-12-09T04:48:57.721+0000][1][safepoint    ] Entering safepoint region: Cleanup
[2019-12-09T04:48:57.721+0000][1][safepoint    ] Leaving safepoint region
[2019-12-09T04:48:57.721+0000][1][safepoint    ] Total time for which application threads were stopped: 0.0000786 seconds, Stopping threads took: 0.0000144 seconds
[2019-12-09T04:48:58.722+0000][1][safepoint    ] Application time: 1.0000429 seconds
[2019-12-09T04:48:58.722+0000][1][safepoint    ] Entering safepoint region: Cleanup
[2019-12-09T04:48:58.722+0000][1][safepoint    ] Leaving safepoint region
[2019-12-09T04:48:58.722+0000][1][safepoint    ] Total time for which application threads were stopped: 0.0000972 seconds, Stopping threads took: 0.0000224 seconds
[2019-12-09T04:48:59.722+0000][1][safepoint    ] Application time: 1.0000885 seconds
[2019-12-09T04:48:59.722+0000][1][safepoint    ] Entering safepoint region: Cleanup
[2019-12-09T04:48:59.722+0000][1][safepoint    ] Leaving safepoint region
[2019-12-09T04:48:59.722+0000][1][safepoint    ] Total time for which application threads were stopped: 0.0000810 seconds, Stopping threads took: 0.0000176 seconds
[2019-12-09T04:49:00.722+0000][1][safepoint    ] Application time: 1.0000747 seconds
[2019-12-09T04:49:00.722+0000][1][safepoint    ] Entering safepoint region: Cleanup
[2019-12-09T04:49:00.722+0000][1][safepoint    ] Leaving safepoint region
[2019-12-09T04:49:00.722+0000][1][safepoint    ] Total time for which application threads were stopped: 0.0000762 seconds, Stopping threads took: 0.0000150 seconds
[2019-12-09T04:49:01.722+0000][1][safepoint    ] Application time: 1.0000788 seconds
[2019-12-09T04:49:01.722+0000][1][safepoint    ] Entering safepoint region: Cleanup
[2019-12-09T04:49:01.722+0000][1][safepoint    ] Leaving safepoint region
[2019-12-09T04:49:01.722+0000][1][safepoint    ] Total time for which application threads were stopped: 0.0001058 seconds, Stopping threads took: 0.0000236 seconds
[2019-12-09T04:49:02.722+0000][1][safepoint    ] Application time: 1.0000756 seconds
[2019-12-09T04:49:02.722+0000][1][safepoint    ] Entering safepoint region: Cleanup
[2019-12-09T04:49:02.722+0000][1][safepoint    ] Leaving safepoint region
[2019-12-09T04:49:02.722+0000][1][safepoint    ] Total time for which application threads were stopped: 0.0000768 seconds, Stopping threads took: 0.0000158 seconds
[2019-12-09T04:49:03.723+0000][1][safepoint    ] Application time: 1.0000762 seconds
[2019-12-09T04:49:03.723+0000][1][safepoint    ] Entering safepoint region: Cleanup
[2019-12-09T04:49:03.723+0000][1][safepoint    ] Leaving safepoint region
[2019-12-09T04:49:03.723+0000][1][safepoint    ] Total time for which application threads were stopped: 0.0000812 seconds, Stopping threads took: 0.0000174 seconds
[2019-12-09T04:49:04.723+0000][1][safepoint    ] Application time: 1.0000747 seconds
[2019-12-09T04:49:04.723+0000][1][safepoint    ] Entering safepoint region: Cleanup
[2019-12-09T04:49:04.723+0000][1][safepoint    ] Leaving safepoint region
[2019-12-09T04:49:04.723+0000][1][safepoint    ] Total time for which application threads were stopped: 0.0000778 seconds, Stopping threads took: 0.0000173 seconds
[2019-12-09T04:49:05.723+0000][1][safepoint    ] Application time: 1.0000749 seconds
[2019-12-09T04:49:05.723+0000][1][safepoint    ] Entering safepoint region: Cleanup
[2019-12-09T04:49:05.723+0000][1][safepoint    ] Leaving safepoint region
[2019-12-09T04:49:05.723+0000][1][safepoint    ] Total time for which application threads were stopped: 0.0000898 seconds, Stopping threads took: 0.0000175 seconds
[2019-12-09T04:49:06.723+0000][1][safepoint    ] Application time: 1.0000750 seconds
[2019-12-09T04:49:06.723+0000][1][safepoint    ] Entering safepoint region: Cleanup
[2019-12-09T04:49:06.723+0000][1][safepoint    ] Leaving safepoint region
[2019-12-09T04:49:06.723+0000][1][safepoint    ] Total time for which application threads were stopped: 0.0000767 seconds, Stopping threads took: 0.0000155 seconds
[2019-12-09T04:49:07.723+0000][1][safepoint    ] Application time: 1.0000748 seconds
[2019-12-09T04:49:07.723+0000][1][safepoint    ] Entering safepoint region: Cleanup
[2019-12-09T04:49:07.723+0000][1][safepoint    ] Leaving safepoint region
[2019-12-09T04:49:07.723+0000][1][safepoint    ] Total time for which application threads were stopped: 0.0000797 seconds, Stopping threads took: 0.0000157 seconds
[2019-12-09T04:49:08.723+0000][1][safepoint    ] Application time: 1.0000758 seconds
[2019-12-09T04:49:08.723+0000][1][safepoint    ] Entering safepoint region: Cleanup
[2019-12-09T04:49:08.724+0000][1][safepoint    ] Leaving safepoint region
[2019-12-09T04:49:08.724+0000][1][safepoint    ] Total time for which application threads were stopped: 0.0000800 seconds, Stopping threads took: 0.0000154 seconds
[2019-12-09T04:49:09.724+0000][1][safepoint    ] Application time: 1.0000744 seconds
[2019-12-09T04:49:09.724+0000][1][safepoint    ] Entering safepoint region: Cleanup
[2019-12-09T04:49:09.724+0000][1][safepoint    ] Leaving safepoint region
[2019-12-09T04:49:09.724+0000][1][safepoint    ] Total time for which application threads were stopped: 0.0000991 seconds, Stopping threads took: 0.0000164 seconds
[2019-12-09T04:49:10.724+0000][1][safepoint    ] Application time: 1.0000768 seconds
[2019-12-09T04:49:10.724+0000][1][safepoint    ] Entering safepoint region: Cleanup
[2019-12-09T04:49:10.724+0000][1][safepoint    ] Leaving safepoint region
[2019-12-09T04:49:10.724+0000][1][safepoint    ] Total time for which application threads were stopped: 0.0000796 seconds, Stopping threads took: 0.0000177 seconds
[2019-12-09T04:49:11.724+0000][1][safepoint    ] Application time: 1.0000741 seconds
[2019-12-09T04:49:11.724+0000][1][safepoint    ] Entering safepoint region: Cleanup
[2019-12-09T04:49:11.724+0000][1][safepoint    ] Leaving safepoint region
[2019-12-09T04:49:11.724+0000][1][safepoint    ] Total time for which application threads were stopped: 0.0000773 seconds, Stopping threads took: 0.0000164 seconds
[2019-12-09T04:49:12.724+0000][1][safepoint    ] Application time: 1.0000750 seconds
[2019-12-09T04:49:12.724+0000][1][safepoint    ] Entering safepoint region: Cleanup
[2019-12-09T04:49:12.724+0000][1][safepoint    ] Leaving safepoint region
[2019-12-09T04:49:12.724+0000][1][safepoint    ] Total time for which application threads were stopped: 0.0000784 seconds, Stopping threads took: 0.0000177 seconds
[2019-12-09T04:49:13.724+0000][1][safepoint    ] Application time: 1.0000759 seconds
[2019-12-09T04:49:13.724+0000][1][safepoint    ] Entering safepoint region: Cleanup
[2019-12-09T04:49:13.724+0000][1][safepoint    ] Leaving safepoint region
[2019-12-09T04:49:13.724+0000][1][safepoint    ] Total time for which application threads were stopped: 0.0000802 seconds, Stopping threads took: 0.0000156 seconds
[2019-12-09T04:49:14.725+0000][1][safepoint    ] Application time: 1.0000741 seconds
[2019-12-09T04:49:14.725+0000][1][safepoint    ] Entering safepoint region: Cleanup
[2019-12-09T04:49:14.725+0000][1][safepoint    ] Leaving safepoint region
[2019-12-09T04:49:14.725+0000][1][safepoint    ] Total time for which application threads were stopped: 0.0000822 seconds, Stopping threads took: 0.0000181 seconds
[2019-12-09T04:49:15.725+0000][1][safepoint    ] Application time: 1.0000833 seconds
[2019-12-09T04:49:15.725+0000][1][safepoint    ] Entering safepoint region: Cleanup
[2019-12-09T04:49:15.725+0000][1][safepoint    ] Leaving safepoint region
[2019-12-09T04:49:15.725+0000][1][safepoint    ] Total time for which application threads were stopped: 0.0000954 seconds, Stopping threads took: 0.0000236 seconds
[2019-12-09T04:49:16.725+0000][1][safepoint    ] Application time: 1.0000746 seconds
[2019-12-09T04:49:16.725+0000][1][safepoint    ] Entering safepoint region: Cleanup
[2019-12-09T04:49:16.725+0000][1][safepoint    ] Leaving safepoint region
[2019-12-09T04:49:16.725+0000][1][safepoint    ] Total time for which application threads were stopped: 0.0000829 seconds, Stopping threads took: 0.0000180 seconds
[2019-12-09T04:49:17.725+0000][1][safepoint    ] Application time: 1.0000741 seconds
[2019-12-09T04:49:17.725+0000][1][safepoint    ] Entering safepoint region: Cleanup
[2019-12-09T04:49:17.725+0000][1][safepoint    ] Leaving safepoint region
[2019-12-09T04:49:17.725+0000][1][safepoint    ] Total time for which application threads were stopped: 0.0000818 seconds, Stopping threads took: 0.0000179 seconds
[2019-12-09T04:49:18.725+0000][1][safepoint    ] Application time: 1.0000747 seconds
[2019-12-09T04:49:18.725+0000][1][safepoint    ] Entering safepoint region: Cleanup
[2019-12-09T04:49:18.725+0000][1][safepoint    ] Leaving safepoint region
[2019-12-09T04:49:18.725+0000][1][safepoint    ] Total time for which application threads were stopped: 0.0000759 seconds, Stopping threads took: 0.0000149 seconds
[2019-12-09T04:49:19.725+0000][1][safepoint    ] Application time: 1.0000753 seconds
[2019-12-09T04:49:19.725+0000][1][safepoint    ] Entering safepoint region: Cleanup
[2019-12-09T04:49:19.726+0000][1][safepoint    ] Leaving safepoint region
[2019-12-09T04:49:19.726+0000][1][safepoint    ] Total time for which application threads were stopped: 0.0000790 seconds, Stopping threads took: 0.0000183 seconds
[2019-12-09T04:49:20.726+0000][1][safepoint    ] Application time: 1.0000792 seconds
[2019-12-09T04:49:20.726+0000][1][safepoint    ] Entering safepoint region: Cleanup
[2019-12-09T04:49:20.726+0000][1][safepoint    ] Leaving safepoint region
[2019-12-09T04:49:20.726+0000][1][safepoint    ] Total time for which application threads were stopped: 0.0000937 seconds, Stopping threads took: 0.0000166 seconds
[2019-12-09T04:49:21.726+0000][1][safepoint    ] Application time: 1.0000761 seconds
[2019-12-09T04:49:21.726+0000][1][safepoint    ] Entering safepoint region: Cleanup
[2019-12-09T04:49:21.726+0000][1][safepoint    ] Leaving safepoint region
[2019-12-09T04:49:21.726+0000][1][safepoint    ] Total time for which application threads were stopped: 0.0000718 seconds, Stopping threads took: 0.0000144 seconds
[2019-12-09T04:49:22.726+0000][1][safepoint    ] Application time: 1.0000749 seconds
[2019-12-09T04:49:22.726+0000][1][safepoint    ] Entering safepoint region: Cleanup
[2019-12-09T04:49:22.726+0000][1][safepoint    ] Leaving safepoint region
[2019-12-09T04:49:22.726+0000][1][safepoint    ] Total time for which application threads were stopped: 0.0000824 seconds, Stopping threads took: 0.0000171 seconds
[2019-12-09T04:49:23.726+0000][1][safepoint    ] Application time: 1.0000754 seconds
[2019-12-09T04:49:23.726+0000][1][safepoint    ] Entering safepoint region: Cleanup
[2019-12-09T04:49:23.726+0000][1][safepoint    ] Leaving safepoint region
[2019-12-09T04:49:23.726+0000][1][safepoint    ] Total time for which application threads were stopped: 0.0000775 seconds, Stopping threads took: 0.0000162 seconds
[2019-12-09T04:49:24.726+0000][1][safepoint    ] Application time: 1.0000764 seconds
[2019-12-09T04:49:24.726+0000][1][safepoint    ] Entering safepoint region: Cleanup
[2019-12-09T04:49:24.726+0000][1][safepoint    ] Leaving safepoint region
[2019-12-09T04:49:24.726+0000][1][safepoint    ] Total time for which application threads were stopped: 0.0000786 seconds, Stopping threads took: 0.0000167 seconds
[2019-12-09T04:49:25.727+0000][1][safepoint    ] Application time: 1.0000751 seconds
[2019-12-09T04:49:25.727+0000][1][safepoint    ] Entering safepoint region: Cleanup
[2019-12-09T04:49:25.727+0000][1][safepoint    ] Leaving safepoint region
[2019-12-09T04:49:25.727+0000][1][safepoint    ] Total time for which application threads were stopped: 0.0000794 seconds, Stopping threads took: 0.0000178 seconds
[2019-12-09T04:49:26.727+0000][1][safepoint    ] Application time: 1.0000758 seconds
[2019-12-09T04:49:26.727+0000][1][safepoint    ] Entering safepoint region: Cleanup
[2019-12-09T04:49:26.727+0000][1][safepoint    ] Leaving safepoint region
[2019-12-09T04:49:26.727+0000][1][safepoint    ] Total time for which application threads were stopped: 0.0000803 seconds, Stopping threads took: 0.0000188 seconds
[2019-12-09T04:49:27.727+0000][1][safepoint    ] Application time: 1.0000729 seconds
[2019-12-09T04:49:27.727+0000][1][safepoint    ] Entering safepoint region: Cleanup
[2019-12-09T04:49:27.727+0000][1][safepoint    ] Leaving safepoint region
[2019-12-09T04:49:27.727+0000][1][safepoint    ] Total time for which application threads were stopped: 0.0000777 seconds, Stopping threads took: 0.0000160 seconds
[2019-12-09T04:49:28.727+0000][1][safepoint    ] Application time: 1.0000766 seconds
[2019-12-09T04:49:28.727+0000][1][safepoint    ] Entering safepoint region: Cleanup
[2019-12-09T04:49:28.727+0000][1][safepoint    ] Leaving safepoint region
[2019-12-09T04:49:28.727+0000][1][safepoint    ] Total time for which application threads were stopped: 0.0000821 seconds, Stopping threads took: 0.0000198 seconds
[2019-12-09T04:49:29.727+0000][1][safepoint    ] Application time: 1.0000758 seconds
[2019-12-09T04:49:29.727+0000][1][safepoint    ] Entering safepoint region: Cleanup
[2019-12-09T04:49:29.727+0000][1][safepoint    ] Leaving safepoint region
[2019-12-09T04:49:29.727+0000][1][safepoint    ] Total time for which application threads were stopped: 0.0000781 seconds, Stopping threads took: 0.0000155 seconds
[2019-12-09T04:49:30.727+0000][1][safepoint    ] Application time: 1.0000755 seconds
[2019-12-09T04:49:30.727+0000][1][safepoint    ] Entering safepoint region: Cleanup
[2019-12-09T04:49:30.728+0000][1][safepoint    ] Leaving safepoint region
[2019-12-09T04:49:30.728+0000][1][safepoint    ] Total time for which application threads were stopped: 0.0000812 seconds, Stopping threads took: 0.0000174 seconds
[2019-12-09T04:49:31.728+0000][1][safepoint    ] Application time: 1.0000756 seconds
[2019-12-09T04:49:31.728+0000][1][safepoint    ] Entering safepoint region: Cleanup
[2019-12-09T04:49:31.728+0000][1][safepoint    ] Leaving safepoint region
[2019-12-09T04:49:31.728+0000][1][safepoint    ] Total time for which application threads were stopped: 0.0000959 seconds, Stopping threads took: 0.0000186 seconds
[2019-12-09T04:49:32.728+0000][1][safepoint    ] Application time: 1.0000738 seconds
[2019-12-09T04:49:32.728+0000][1][safepoint    ] Entering safepoint region: Cleanup
[2019-12-09T04:49:32.728+0000][1][safepoint    ] Leaving safepoint region
[2019-12-09T04:49:32.728+0000][1][safepoint    ] Total time for which application threads were stopped: 0.0000789 seconds, Stopping threads took: 0.0000173 seconds
[2019-12-09T04:49:32.762+0000][1][safepoint    ] Application time: 0.0344015 seconds
[2019-12-09T04:49:32.762+0000][1][safepoint    ] Entering safepoint region: GenCollectForAllocation
[2019-12-09T04:49:32.762+0000][1][gc,start     ] GC(80) Pause Young (Allocation Failure)
[2019-12-09T04:49:32.762+0000][1][gc,task      ] GC(80) Using 2 workers of 2 for evacuation
[2019-12-09T04:49:32.764+0000][1][gc,age       ] GC(80) Desired survivor size 4456448 bytes, new threshold 6 (max threshold 6)
[2019-12-09T04:49:32.764+0000][1][gc,age       ] GC(80) Age table with threshold 6 (max threshold 6)
[2019-12-09T04:49:32.764+0000][1][gc,age       ] GC(80) - age   1:       7160 bytes,       7160 total
[2019-12-09T04:49:32.764+0000][1][gc,age       ] GC(80) - age   2:        208 bytes,       7368 total
[2019-12-09T04:49:32.764+0000][1][gc,age       ] GC(80) - age   3:         64 bytes,       7432 total
[2019-12-09T04:49:32.764+0000][1][gc,age       ] GC(80) - age   4:       1672 bytes,       9104 total
[2019-12-09T04:49:32.764+0000][1][gc,age       ] GC(80) - age   5:       1168 bytes,      10272 total
[2019-12-09T04:49:32.764+0000][1][gc,age       ] GC(80) - age   6:         24 bytes,      10296 total
[2019-12-09T04:49:32.764+0000][1][gc,heap      ] GC(80) ParNew: 69970K->12K(78656K)
[2019-12-09T04:49:32.764+0000][1][gc,heap      ] GC(80) CMS: 119427K->119430K(174784K)
[2019-12-09T04:49:32.764+0000][1][gc,metaspace ] GC(80) Metaspace: 83814K->83814K(1126400K)
[2019-12-09T04:49:32.764+0000][1][gc           ] GC(80) Pause Young (Allocation Failure) 184M->116M(247M) 1.742ms
[2019-12-09T04:49:32.764+0000][1][gc,cpu       ] GC(80) User=0.00s Sys=0.00s Real=0.00s
[2019-12-09T04:49:32.764+0000][1][safepoint    ] Leaving safepoint region
[2019-12-09T04:49:32.764+0000][1][safepoint    ] Total time for which application threads were stopped: 0.0018911 seconds, Stopping threads took: 0.0000144 seconds
[2019-12-09T04:49:33.764+0000][1][safepoint    ] Application time: 1.0000841 seconds
[2019-12-09T04:49:33.764+0000][1][safepoint    ] Entering safepoint region: Cleanup
[2019-12-09T04:49:33.764+0000][1][safepoint    ] Leaving safepoint region
[2019-12-09T04:49:33.764+0000][1][safepoint    ] Total time for which application threads were stopped: 0.0000858 seconds, Stopping threads took: 0.0000183 seconds
[2019-12-09T04:49:34.765+0000][1][safepoint    ] Application time: 1.0000752 seconds
[2019-12-09T04:49:34.765+0000][1][safepoint    ] Entering safepoint region: Cleanup
[2019-12-09T04:49:34.765+0000][1][safepoint    ] Leaving safepoint region
[2019-12-09T04:49:34.765+0000][1][safepoint    ] Total time for which application threads were stopped: 0.0000859 seconds, Stopping threads took: 0.0000189 seconds
[2019-12-09T04:49:35.765+0000][1][safepoint    ] Application time: 1.0000748 seconds
[2019-12-09T04:49:35.765+0000][1][safepoint    ] Entering safepoint region: Cleanup
[2019-12-09T04:49:35.765+0000][1][safepoint    ] Leaving safepoint region
[2019-12-09T04:49:35.765+0000][1][safepoint    ] Total time for which application threads were stopped: 0.0000888 seconds, Stopping threads took: 0.0000204 seconds
[2019-12-09T04:49:36.765+0000][1][safepoint    ] Application time: 1.0000748 seconds
[2019-12-09T04:49:36.765+0000][1][safepoint    ] Entering safepoint region: Cleanup
[2019-12-09T04:49:36.765+0000][1][safepoint    ] Leaving safepoint region
[2019-12-09T04:49:36.765+0000][1][safepoint    ] Total time for which application threads were stopped: 0.0000904 seconds, Stopping threads took: 0.0000213 seconds
[2019-12-09T04:49:37.765+0000][1][safepoint    ] Application time: 1.0000821 seconds
[2019-12-09T04:49:37.765+0000][1][safepoint    ] Entering safepoint region: Cleanup
[2019-12-09T04:49:37.765+0000][1][safepoint    ] Leaving safepoint region
[2019-12-09T04:49:37.765+0000][1][safepoint    ] Total time for which application threads were stopped: 0.0001246 seconds, Stopping threads took: 0.0000511 seconds
[2019-12-09T04:49:38.765+0000][1][safepoint    ] Application time: 1.0000843 seconds
[2019-12-09T04:49:38.765+0000][1][safepoint    ] Entering safepoint region: Cleanup
[2019-12-09T04:49:38.766+0000][1][safepoint    ] Leaving safepoint region
[2019-12-09T04:49:38.766+0000][1][safepoint    ] Total time for which application threads were stopped: 0.0000855 seconds, Stopping threads took: 0.0000187 seconds
[2019-12-09T04:49:39.766+0000][1][safepoint    ] Application time: 1.0000755 seconds
[2019-12-09T04:49:39.766+0000][1][safepoint    ] Entering safepoint region: Cleanup
[2019-12-09T04:49:39.766+0000][1][safepoint    ] Leaving safepoint region
[2019-12-09T04:49:39.766+0000][1][safepoint    ] Total time for which application threads were stopped: 0.0001228 seconds, Stopping threads took: 0.0000189 seconds
[2019-12-09T04:49:40.766+0000][1][safepoint    ] Application time: 1.0000747 seconds
[2019-12-09T04:49:40.766+0000][1][safepoint    ] Entering safepoint region: Cleanup
[2019-12-09T04:49:40.766+0000][1][safepoint    ] Leaving safepoint region
[2019-12-09T04:49:40.766+0000][1][safepoint    ] Total time for which application threads were stopped: 0.0000880 seconds, Stopping threads took: 0.0000187 seconds
[2019-12-09T04:49:41.766+0000][1][safepoint    ] Application time: 1.0000776 seconds
[2019-12-09T04:49:41.766+0000][1][safepoint    ] Entering safepoint region: Cleanup
[2019-12-09T04:49:41.766+0000][1][safepoint    ] Leaving safepoint region
[2019-12-09T04:49:41.766+0000][1][safepoint    ] Total time for which application threads were stopped: 0.0000875 seconds, Stopping threads took: 0.0000183 seconds
[2019-12-09T04:49:42.766+0000][1][safepoint    ] Application time: 1.0000751 seconds
[2019-12-09T04:49:42.766+0000][1][safepoint    ] Entering safepoint region: Cleanup
[2019-12-09T04:49:42.766+0000][1][safepoint    ] Leaving safepoint region
[2019-12-09T04:49:42.766+0000][1][safepoint    ] Total time for which application threads were stopped: 0.0000855 seconds, Stopping threads took: 0.0000181 seconds
[2019-12-09T04:49:43.766+0000][1][safepoint    ] Application time: 1.0000782 seconds
[2019-12-09T04:49:43.767+0000][1][safepoint    ] Entering safepoint region: Cleanup
[2019-12-09T04:49:43.767+0000][1][safepoint    ] Leaving safepoint region
[2019-12-09T04:49:43.767+0000][1][safepoint    ] Total time for which application threads were stopped: 0.0000848 seconds, Stopping threads took: 0.0000192 seconds
[2019-12-09T04:49:44.767+0000][1][safepoint    ] Application time: 1.0000751 seconds
[2019-12-09T04:49:44.767+0000][1][safepoint    ] Entering safepoint region: Cleanup
[2019-12-09T04:49:44.767+0000][1][safepoint    ] Leaving safepoint region
[2019-12-09T04:49:44.767+0000][1][safepoint    ] Total time for which application threads were stopped: 0.0000860 seconds, Stopping threads took: 0.0000181 seconds
[2019-12-09T04:49:45.767+0000][1][safepoint    ] Application time: 1.0000795 seconds
[2019-12-09T04:49:45.767+0000][1][safepoint    ] Entering safepoint region: Cleanup
[2019-12-09T04:49:45.767+0000][1][safepoint    ] Leaving safepoint region
[2019-12-09T04:49:45.767+0000][1][safepoint    ] Total time for which application threads were stopped: 0.0000919 seconds, Stopping threads took: 0.0000262 seconds
[2019-12-09T04:49:46.767+0000][1][safepoint    ] Application time: 1.0000766 seconds
[2019-12-09T04:49:46.767+0000][1][safepoint    ] Entering safepoint region: Cleanup
[2019-12-09T04:49:46.767+0000][1][safepoint    ] Leaving safepoint region
[2019-12-09T04:49:46.767+0000][1][safepoint    ] Total time for which application threads were stopped: 0.0000836 seconds, Stopping threads took: 0.0000183 seconds
[2019-12-09T04:49:47.767+0000][1][safepoint    ] Application time: 1.0000810 seconds
[2019-12-09T04:49:47.767+0000][1][safepoint    ] Entering safepoint region: Cleanup
[2019-12-09T04:49:47.767+0000][1][safepoint    ] Leaving safepoint region
[2019-12-09T04:49:47.767+0000][1][safepoint    ] Total time for which application threads were stopped: 0.0000968 seconds, Stopping threads took: 0.0000202 seconds
[2019-12-09T04:49:48.768+0000][1][safepoint    ] Application time: 1.0000774 seconds
[2019-12-09T04:49:48.768+0000][1][safepoint    ] Entering safepoint region: Cleanup
[2019-12-09T04:49:48.768+0000][1][safepoint    ] Leaving safepoint region
[2019-12-09T04:49:48.768+0000][1][safepoint    ] Total time for which application threads were stopped: 0.0000835 seconds, Stopping threads took: 0.0000183 seconds
[2019-12-09T04:49:49.768+0000][1][safepoint    ] Application time: 1.0000905 seconds
[2019-12-09T04:49:49.768+0000][1][safepoint    ] Entering safepoint region: Cleanup
[2019-12-09T04:49:49.768+0000][1][safepoint    ] Leaving safepoint region
[2019-12-09T04:49:49.768+0000][1][safepoint    ] Total time for which application threads were stopped: 0.0000858 seconds, Stopping threads took: 0.0000179 seconds
[2019-12-09T04:49:50.768+0000][1][safepoint    ] Application time: 1.0000763 seconds
[2019-12-09T04:49:50.768+0000][1][safepoint    ] Entering safepoint region: Cleanup
[2019-12-09T04:49:50.768+0000][1][safepoint    ] Leaving safepoint region
[2019-12-09T04:49:50.768+0000][1][safepoint    ] Total time for which application threads were stopped: 0.0000866 seconds, Stopping threads took: 0.0000196 seconds
[2019-12-09T04:49:51.768+0000][1][safepoint    ] Application time: 1.0000756 seconds
[2019-12-09T04:49:51.768+0000][1][safepoint    ] Entering safepoint region: Cleanup
[2019-12-09T04:49:51.768+0000][1][safepoint    ] Leaving safepoint region
[2019-12-09T04:49:51.768+0000][1][safepoint    ] Total time for which application threads were stopped: 0.0000856 seconds, Stopping threads took: 0.0000169 seconds
[2019-12-09T04:49:52.768+0000][1][safepoint    ] Application time: 1.0000761 seconds
[2019-12-09T04:49:52.768+0000][1][safepoint    ] Entering safepoint region: Cleanup
[2019-12-09T04:49:52.769+0000][1][safepoint    ] Leaving safepoint region
[2019-12-09T04:49:52.769+0000][1][safepoint    ] Total time for which application threads were stopped: 0.0000860 seconds, Stopping threads took: 0.0000177 seconds
[2019-12-09T04:49:53.769+0000][1][safepoint    ] Application time: 1.0000747 seconds
[2019-12-09T04:49:53.769+0000][1][safepoint    ] Entering safepoint region: Cleanup
[2019-12-09T04:49:53.769+0000][1][safepoint    ] Leaving safepoint region
[2019-12-09T04:49:53.769+0000][1][safepoint    ] Total time for which application threads were stopped: 0.0000976 seconds, Stopping threads took: 0.0000187 seconds
[2019-12-09T04:49:54.769+0000][1][safepoint    ] Application time: 1.0000751 seconds
[2019-12-09T04:49:54.769+0000][1][safepoint    ] Entering safepoint region: Cleanup
[2019-12-09T04:49:54.769+0000][1][safepoint    ] Leaving safepoint region
[2019-12-09T04:49:54.769+0000][1][safepoint    ] Total time for which application threads were stopped: 0.0000834 seconds, Stopping threads took: 0.0000181 seconds
[2019-12-09T04:49:55.769+0000][1][safepoint    ] Application time: 1.0000801 seconds
[2019-12-09T04:49:55.769+0000][1][safepoint    ] Entering safepoint region: Cleanup
[2019-12-09T04:49:55.769+0000][1][safepoint    ] Leaving safepoint region
[2019-12-09T04:49:55.769+0000][1][safepoint    ] Total time for which application threads were stopped: 0.0000876 seconds, Stopping threads took: 0.0000199 seconds
[2019-12-09T04:49:56.769+0000][1][safepoint    ] Application time: 1.0000766 seconds
[2019-12-09T04:49:56.769+0000][1][safepoint    ] Entering safepoint region: Cleanup
[2019-12-09T04:49:56.769+0000][1][safepoint    ] Leaving safepoint region
[2019-12-09T04:49:56.769+0000][1][safepoint    ] Total time for which application threads were stopped: 0.0000884 seconds, Stopping threads took: 0.0000192 seconds
[2019-12-09T04:49:57.769+0000][1][safepoint    ] Application time: 1.0000741 seconds
[2019-12-09T04:49:57.769+0000][1][safepoint    ] Entering safepoint region: Cleanup
[2019-12-09T04:49:57.770+0000][1][safepoint    ] Leaving safepoint region
[2019-12-09T04:49:57.770+0000][1][safepoint    ] Total time for which application threads were stopped: 0.0000856 seconds, Stopping threads took: 0.0000183 seconds
[2019-12-09T04:49:58.770+0000][1][safepoint    ] Application time: 1.0000748 seconds
[2019-12-09T04:49:58.770+0000][1][safepoint    ] Entering safepoint region: Cleanup
[2019-12-09T04:49:58.770+0000][1][safepoint    ] Leaving safepoint region
[2019-12-09T04:49:58.770+0000][1][safepoint    ] Total time for which application threads were stopped: 0.0000973 seconds, Stopping threads took: 0.0000303 seconds
[2019-12-09T04:49:59.770+0000][1][safepoint    ] Application time: 1.0000761 seconds
[2019-12-09T04:49:59.770+0000][1][safepoint    ] Entering safepoint region: Cleanup
[2019-12-09T04:49:59.770+0000][1][safepoint    ] Leaving safepoint region
[2019-12-09T04:49:59.770+0000][1][safepoint    ] Total time for which application threads were stopped: 0.0000840 seconds, Stopping threads took: 0.0000185 seconds
[2019-12-09T04:50:01.202+0000][1][safepoint    ] Application time: 1.4323543 seconds
[2019-12-09T04:50:01.202+0000][1][safepoint    ] Entering safepoint region: Cleanup
[2019-12-09T04:50:01.202+0000][1][safepoint    ] Leaving safepoint region
[2019-12-09T04:50:01.202+0000][1][safepoint    ] Total time for which application threads were stopped: 0.0000851 seconds, Stopping threads took: 0.0000176 seconds
[2019-12-09T04:50:02.203+0000][1][safepoint    ] Application time: 1.0000770 seconds
[2019-12-09T04:50:02.203+0000][1][safepoint    ] Entering safepoint region: Cleanup
[2019-12-09T04:50:02.203+0000][1][safepoint    ] Leaving safepoint region
[2019-12-09T04:50:02.203+0000][1][safepoint    ] Total time for which application threads were stopped: 0.0001062 seconds, Stopping threads took: 0.0000264 seconds
[2019-12-09T04:50:03.203+0000][1][safepoint    ] Application time: 1.0000779 seconds
[2019-12-09T04:50:03.203+0000][1][safepoint    ] Entering safepoint region: Cleanup
[2019-12-09T04:50:03.203+0000][1][safepoint    ] Leaving safepoint region
[2019-12-09T04:50:03.203+0000][1][safepoint    ] Total time for which application threads were stopped: 0.0000831 seconds, Stopping threads took: 0.0000171 seconds
[2019-12-09T04:50:04.203+0000][1][safepoint    ] Application time: 1.0000773 seconds
[2019-12-09T04:50:04.203+0000][1][safepoint    ] Entering safepoint region: Cleanup
[2019-12-09T04:50:04.203+0000][1][safepoint    ] Leaving safepoint region
[2019-12-09T04:50:04.203+0000][1][safepoint    ] Total time for which application threads were stopped: 0.0000827 seconds, Stopping threads took: 0.0000161 seconds
[2019-12-09T04:50:05.203+0000][1][safepoint    ] Application time: 1.0000748 seconds
[2019-12-09T04:50:05.203+0000][1][safepoint    ] Entering safepoint region: Cleanup
[2019-12-09T04:50:05.203+0000][1][safepoint    ] Leaving safepoint region
[2019-12-09T04:50:05.203+0000][1][safepoint    ] Total time for which application threads were stopped: 0.0000883 seconds, Stopping threads took: 0.0000196 seconds
[2019-12-09T04:50:06.203+0000][1][safepoint    ] Application time: 1.0000779 seconds
[2019-12-09T04:50:06.203+0000][1][safepoint    ] Entering safepoint region: Cleanup
[2019-12-09T04:50:06.204+0000][1][safepoint    ] Leaving safepoint region
[2019-12-09T04:50:06.204+0000][1][safepoint    ] Total time for which application threads were stopped: 0.0000891 seconds, Stopping threads took: 0.0000210 seconds
[2019-12-09T04:50:07.204+0000][1][safepoint    ] Application time: 1.0000782 seconds
[2019-12-09T04:50:07.204+0000][1][safepoint    ] Entering safepoint region: Cleanup
[2019-12-09T04:50:07.204+0000][1][safepoint    ] Leaving safepoint region
[2019-12-09T04:50:07.204+0000][1][safepoint    ] Total time for which application threads were stopped: 0.0000976 seconds, Stopping threads took: 0.0000189 seconds
[2019-12-09T04:50:08.204+0000][1][safepoint    ] Application time: 1.0000810 seconds
[2019-12-09T04:50:08.204+0000][1][safepoint    ] Entering safepoint region: Cleanup
[2019-12-09T04:50:08.204+0000][1][safepoint    ] Leaving safepoint region
[2019-12-09T04:50:08.204+0000][1][safepoint    ] Total time for which application threads were stopped: 0.0000817 seconds, Stopping threads took: 0.0000172 seconds
[2019-12-09T04:50:09.204+0000][1][safepoint    ] Application time: 1.0000774 seconds
[2019-12-09T04:50:09.204+0000][1][safepoint    ] Entering safepoint region: Cleanup
[2019-12-09T04:50:09.204+0000][1][safepoint    ] Leaving safepoint region
[2019-12-09T04:50:09.204+0000][1][safepoint    ] Total time for which application threads were stopped: 0.0000852 seconds, Stopping threads took: 0.0000199 seconds
[2019-12-09T04:50:10.204+0000][1][safepoint    ] Application time: 1.0000759 seconds
[2019-12-09T04:50:10.204+0000][1][safepoint    ] Entering safepoint region: Cleanup
[2019-12-09T04:50:10.204+0000][1][safepoint    ] Leaving safepoint region
[2019-12-09T04:50:10.204+0000][1][safepoint    ] Total time for which application threads were stopped: 0.0000845 seconds, Stopping threads took: 0.0000167 seconds
[2019-12-09T04:50:11.204+0000][1][safepoint    ] Application time: 1.0000758 seconds
[2019-12-09T04:50:11.204+0000][1][safepoint    ] Entering safepoint region: Cleanup
[2019-12-09T04:50:11.205+0000][1][safepoint    ] Leaving safepoint region
[2019-12-09T04:50:11.205+0000][1][safepoint    ] Total time for which application threads were stopped: 0.0000832 seconds, Stopping threads took: 0.0000177 seconds
[2019-12-09T04:50:12.205+0000][1][safepoint    ] Application time: 1.0000756 seconds
[2019-12-09T04:50:12.205+0000][1][safepoint    ] Entering safepoint region: Cleanup
[2019-12-09T04:50:12.205+0000][1][safepoint    ] Leaving safepoint region
[2019-12-09T04:50:12.205+0000][1][safepoint    ] Total time for which application threads were stopped: 0.0001079 seconds, Stopping threads took: 0.0000361 seconds
[2019-12-09T04:50:13.205+0000][1][safepoint    ] Application time: 1.0000785 seconds
[2019-12-09T04:50:13.205+0000][1][safepoint    ] Entering safepoint region: Cleanup
[2019-12-09T04:50:13.205+0000][1][safepoint    ] Leaving safepoint region
[2019-12-09T04:50:13.205+0000][1][safepoint    ] Total time for which application threads were stopped: 0.0000889 seconds, Stopping threads took: 0.0000177 seconds
[2019-12-09T04:50:14.205+0000][1][safepoint    ] Application time: 1.0000784 seconds
[2019-12-09T04:50:14.205+0000][1][safepoint    ] Entering safepoint region: Cleanup
[2019-12-09T04:50:14.205+0000][1][safepoint    ] Leaving safepoint region
[2019-12-09T04:50:14.205+0000][1][safepoint    ] Total time for which application threads were stopped: 0.0000818 seconds, Stopping threads took: 0.0000164 seconds
[2019-12-09T04:50:15.205+0000][1][safepoint    ] Application time: 1.0000750 seconds
[2019-12-09T04:50:15.205+0000][1][safepoint    ] Entering safepoint region: Cleanup
[2019-12-09T04:50:15.205+0000][1][safepoint    ] Leaving safepoint region
[2019-12-09T04:50:15.205+0000][1][safepoint    ] Total time for which application threads were stopped: 0.0000854 seconds, Stopping threads took: 0.0000176 seconds
[2019-12-09T04:50:16.205+0000][1][safepoint    ] Application time: 1.0000748 seconds
[2019-12-09T04:50:16.206+0000][1][safepoint    ] Entering safepoint region: Cleanup
[2019-12-09T04:50:16.206+0000][1][safepoint    ] Leaving safepoint region
[2019-12-09T04:50:16.206+0000][1][safepoint    ] Total time for which application threads were stopped: 0.0000911 seconds, Stopping threads took: 0.0000259 seconds
[2019-12-09T04:50:17.206+0000][1][safepoint    ] Application time: 1.0000759 seconds
[2019-12-09T04:50:17.206+0000][1][safepoint    ] Entering safepoint region: Cleanup
[2019-12-09T04:50:17.206+0000][1][safepoint    ] Leaving safepoint region
[2019-12-09T04:50:17.206+0000][1][safepoint    ] Total time for which application threads were stopped: 0.0000838 seconds, Stopping threads took: 0.0000168 seconds
[2019-12-09T04:50:18.206+0000][1][safepoint    ] Application time: 1.0000762 seconds
[2019-12-09T04:50:18.206+0000][1][safepoint    ] Entering safepoint region: Cleanup
[2019-12-09T04:50:18.206+0000][1][safepoint    ] Leaving safepoint region
[2019-12-09T04:50:18.206+0000][1][safepoint    ] Total time for which application threads were stopped: 0.0000826 seconds, Stopping threads took: 0.0000181 seconds
[2019-12-09T04:50:19.206+0000][1][safepoint    ] Application time: 1.0000767 seconds
[2019-12-09T04:50:19.206+0000][1][safepoint    ] Entering safepoint region: Cleanup
[2019-12-09T04:50:19.206+0000][1][safepoint    ] Leaving safepoint region
[2019-12-09T04:50:19.206+0000][1][safepoint    ] Total time for which application threads were stopped: 0.0000875 seconds, Stopping threads took: 0.0000189 seconds
[2019-12-09T04:50:20.206+0000][1][safepoint    ] Application time: 1.0000752 seconds
[2019-12-09T04:50:20.206+0000][1][safepoint    ] Entering safepoint region: Cleanup
[2019-12-09T04:50:20.206+0000][1][safepoint    ] Leaving safepoint region
[2019-12-09T04:50:20.206+0000][1][safepoint    ] Total time for which application threads were stopped: 0.0000846 seconds, Stopping threads took: 0.0000183 seconds
[2019-12-09T04:50:21.206+0000][1][safepoint    ] Application time: 1.0000755 seconds
[2019-12-09T04:50:21.207+0000][1][safepoint    ] Entering safepoint region: Cleanup
[2019-12-09T04:50:21.207+0000][1][safepoint    ] Leaving safepoint region
[2019-12-09T04:50:21.207+0000][1][safepoint    ] Total time for which application threads were stopped: 0.0000814 seconds, Stopping threads took: 0.0000182 seconds
[2019-12-09T04:50:22.207+0000][1][safepoint    ] Application time: 1.0000847 seconds
[2019-12-09T04:50:22.207+0000][1][safepoint    ] Entering safepoint region: Cleanup
[2019-12-09T04:50:22.207+0000][1][safepoint    ] Leaving safepoint region
[2019-12-09T04:50:22.207+0000][1][safepoint    ] Total time for which application threads were stopped: 0.0000935 seconds, Stopping threads took: 0.0000254 seconds
[2019-12-09T04:50:23.207+0000][1][safepoint    ] Application time: 1.0000764 seconds
[2019-12-09T04:50:23.207+0000][1][safepoint    ] Entering safepoint region: Cleanup
[2019-12-09T04:50:23.207+0000][1][safepoint    ] Leaving safepoint region
[2019-12-09T04:50:23.207+0000][1][safepoint    ] Total time for which application threads were stopped: 0.0000842 seconds, Stopping threads took: 0.0000188 seconds
[2019-12-09T04:50:24.207+0000][1][safepoint    ] Application time: 1.0000756 seconds
[2019-12-09T04:50:24.207+0000][1][safepoint    ] Entering safepoint region: Cleanup
[2019-12-09T04:50:24.207+0000][1][safepoint    ] Leaving safepoint region
[2019-12-09T04:50:24.207+0000][1][safepoint    ] Total time for which application threads were stopped: 0.0000826 seconds, Stopping threads took: 0.0000176 seconds
[2019-12-09T04:50:25.207+0000][1][safepoint    ] Application time: 1.0000766 seconds
[2019-12-09T04:50:25.207+0000][1][safepoint    ] Entering safepoint region: Cleanup
[2019-12-09T04:50:25.207+0000][1][safepoint    ] Leaving safepoint region
[2019-12-09T04:50:25.207+0000][1][safepoint    ] Total time for which application threads were stopped: 0.0000835 seconds, Stopping threads took: 0.0000174 seconds
[2019-12-09T04:50:26.208+0000][1][safepoint    ] Application time: 1.0000760 seconds
[2019-12-09T04:50:26.208+0000][1][safepoint    ] Entering safepoint region: Cleanup
[2019-12-09T04:50:26.208+0000][1][safepoint    ] Leaving safepoint region
[2019-12-09T04:50:26.208+0000][1][safepoint    ] Total time for which application threads were stopped: 0.0000901 seconds, Stopping threads took: 0.0000215 seconds
[2019-12-09T04:50:27.208+0000][1][safepoint    ] Application time: 1.0000760 seconds
[2019-12-09T04:50:27.208+0000][1][safepoint    ] Entering safepoint region: Cleanup
[2019-12-09T04:50:27.208+0000][1][safepoint    ] Leaving safepoint region
[2019-12-09T04:50:27.208+0000][1][safepoint    ] Total time for which application threads were stopped: 0.0000830 seconds, Stopping threads took: 0.0000173 seconds
[2019-12-09T04:50:28.208+0000][1][safepoint    ] Application time: 1.0000795 seconds
[2019-12-09T04:50:28.208+0000][1][safepoint    ] Entering safepoint region: Cleanup
[2019-12-09T04:50:28.208+0000][1][safepoint    ] Leaving safepoint region
[2019-12-09T04:50:28.208+0000][1][safepoint    ] Total time for which application threads were stopped: 0.0000846 seconds, Stopping threads took: 0.0000187 seconds
[2019-12-09T04:50:29.208+0000][1][safepoint    ] Application time: 1.0000744 seconds
[2019-12-09T04:50:29.208+0000][1][safepoint    ] Entering safepoint region: Cleanup
[2019-12-09T04:50:29.208+0000][1][safepoint    ] Leaving safepoint region
[2019-12-09T04:50:29.208+0000][1][safepoint    ] Total time for which application threads were stopped: 0.0000914 seconds, Stopping threads took: 0.0000177 seconds
[2019-12-09T04:50:30.208+0000][1][safepoint    ] Application time: 1.0000755 seconds
[2019-12-09T04:50:30.208+0000][1][safepoint    ] Entering safepoint region: Cleanup
[2019-12-09T04:50:30.208+0000][1][safepoint    ] Leaving safepoint region
[2019-12-09T04:50:30.208+0000][1][safepoint    ] Total time for which application threads were stopped: 0.0000783 seconds, Stopping threads took: 0.0000166 seconds
[2019-12-09T04:50:31.209+0000][1][safepoint    ] Application time: 1.0000770 seconds
[2019-12-09T04:50:31.209+0000][1][safepoint    ] Entering safepoint region: Cleanup
[2019-12-09T04:50:31.209+0000][1][safepoint    ] Leaving safepoint region
[2019-12-09T04:50:31.209+0000][1][safepoint    ] Total time for which application threads were stopped: 0.0000987 seconds, Stopping threads took: 0.0000182 seconds
[2019-12-09T04:50:32.209+0000][1][safepoint    ] Application time: 1.0000768 seconds
[2019-12-09T04:50:32.209+0000][1][safepoint    ] Entering safepoint region: Cleanup
[2019-12-09T04:50:32.209+0000][1][safepoint    ] Leaving safepoint region
[2019-12-09T04:50:32.209+0000][1][safepoint    ] Total time for which application threads were stopped: 0.0000947 seconds, Stopping threads took: 0.0000286 seconds
[2019-12-09T04:50:33.886+0000][1][safepoint    ] Application time: 1.6767366 seconds
[2019-12-09T04:50:33.886+0000][1][safepoint    ] Entering safepoint region: Cleanup
[2019-12-09T04:50:33.886+0000][1][safepoint    ] Leaving safepoint region
[2019-12-09T04:50:33.886+0000][1][safepoint    ] Total time for which application threads were stopped: 0.0000907 seconds, Stopping threads took: 0.0000282 seconds
[2019-12-09T04:50:34.886+0000][1][safepoint    ] Application time: 1.0000784 seconds
[2019-12-09T04:50:34.886+0000][1][safepoint    ] Entering safepoint region: Cleanup
[2019-12-09T04:50:34.886+0000][1][safepoint    ] Leaving safepoint region
[2019-12-09T04:50:34.886+0000][1][safepoint    ] Total time for which application threads were stopped: 0.0000785 seconds, Stopping threads took: 0.0000164 seconds
[2019-12-09T04:50:35.886+0000][1][safepoint    ] Application time: 1.0000772 seconds
[2019-12-09T04:50:35.886+0000][1][safepoint    ] Entering safepoint region: Cleanup
[2019-12-09T04:50:35.886+0000][1][safepoint    ] Leaving safepoint region
[2019-12-09T04:50:35.886+0000][1][safepoint    ] Total time for which application threads were stopped: 0.0000815 seconds, Stopping threads took: 0.0000180 seconds
[2019-12-09T04:50:36.886+0000][1][safepoint    ] Application time: 1.0000745 seconds
[2019-12-09T04:50:36.886+0000][1][safepoint    ] Entering safepoint region: Cleanup
[2019-12-09T04:50:36.886+0000][1][safepoint    ] Leaving safepoint region
[2019-12-09T04:50:36.886+0000][1][safepoint    ] Total time for which application threads were stopped: 0.0000813 seconds, Stopping threads took: 0.0000176 seconds
[2019-12-09T04:50:37.886+0000][1][safepoint    ] Application time: 1.0000767 seconds
[2019-12-09T04:50:37.886+0000][1][safepoint    ] Entering safepoint region: Cleanup
[2019-12-09T04:50:37.886+0000][1][safepoint    ] Leaving safepoint region
[2019-12-09T04:50:37.886+0000][1][safepoint    ] Total time for which application threads were stopped: 0.0000789 seconds, Stopping threads took: 0.0000155 seconds
[2019-12-09T04:50:38.887+0000][1][safepoint    ] Application time: 1.0000767 seconds
[2019-12-09T04:50:38.887+0000][1][safepoint    ] Entering safepoint region: Cleanup
[2019-12-09T04:50:38.887+0000][1][safepoint    ] Leaving safepoint region
[2019-12-09T04:50:38.887+0000][1][safepoint    ] Total time for which application threads were stopped: 0.0000797 seconds, Stopping threads took: 0.0000159 seconds
[2019-12-09T04:50:39.887+0000][1][safepoint    ] Application time: 1.0000751 seconds
[2019-12-09T04:50:39.887+0000][1][safepoint    ] Entering safepoint region: Cleanup
[2019-12-09T04:50:39.887+0000][1][safepoint    ] Leaving safepoint region
[2019-12-09T04:50:39.887+0000][1][safepoint    ] Total time for which application threads were stopped: 0.0000796 seconds, Stopping threads took: 0.0000160 seconds
[2019-12-09T04:50:40.887+0000][1][safepoint    ] Application time: 1.0000761 seconds
[2019-12-09T04:50:40.887+0000][1][safepoint    ] Entering safepoint region: Cleanup
[2019-12-09T04:50:40.887+0000][1][safepoint    ] Leaving safepoint region
[2019-12-09T04:50:40.887+0000][1][safepoint    ] Total time for which application threads were stopped: 0.0000771 seconds, Stopping threads took: 0.0000161 seconds
[2019-12-09T04:50:41.887+0000][1][safepoint    ] Application time: 1.0000770 seconds
[2019-12-09T04:50:41.887+0000][1][safepoint    ] Entering safepoint region: Cleanup
[2019-12-09T04:50:41.887+0000][1][safepoint    ] Leaving safepoint region
[2019-12-09T04:50:41.887+0000][1][safepoint    ] Total time for which application threads were stopped: 0.0000797 seconds, Stopping threads took: 0.0000158 seconds
[2019-12-09T04:50:42.887+0000][1][safepoint    ] Application time: 1.0000742 seconds
[2019-12-09T04:50:42.887+0000][1][safepoint    ] Entering safepoint region: Cleanup
[2019-12-09T04:50:42.887+0000][1][safepoint    ] Leaving safepoint region
[2019-12-09T04:50:42.887+0000][1][safepoint    ] Total time for which application threads were stopped: 0.0000898 seconds, Stopping threads took: 0.0000190 seconds
[2019-12-09T04:50:43.888+0000][1][safepoint    ] Application time: 1.0000765 seconds
[2019-12-09T04:50:43.888+0000][1][safepoint    ] Entering safepoint region: Cleanup
[2019-12-09T04:50:43.888+0000][1][safepoint    ] Leaving safepoint region
[2019-12-09T04:50:43.888+0000][1][safepoint    ] Total time for which application threads were stopped: 0.0000829 seconds, Stopping threads took: 0.0000186 seconds
[2019-12-09T04:50:44.888+0000][1][safepoint    ] Application time: 1.0000841 seconds
[2019-12-09T04:50:44.888+0000][1][safepoint    ] Entering safepoint region: Cleanup
[2019-12-09T04:50:44.888+0000][1][safepoint    ] Leaving safepoint region
[2019-12-09T04:50:44.888+0000][1][safepoint    ] Total time for which application threads were stopped: 0.0000806 seconds, Stopping threads took: 0.0000190 seconds
[2019-12-09T04:50:45.888+0000][1][safepoint    ] Application time: 1.0000758 seconds
[2019-12-09T04:50:45.888+0000][1][safepoint    ] Entering safepoint region: Cleanup
[2019-12-09T04:50:45.888+0000][1][safepoint    ] Leaving safepoint region
[2019-12-09T04:50:45.888+0000][1][safepoint    ] Total time for which application threads were stopped: 0.0000865 seconds, Stopping threads took: 0.0000218 seconds
[2019-12-09T04:50:46.888+0000][1][safepoint    ] Application time: 1.0000784 seconds
[2019-12-09T04:50:46.888+0000][1][safepoint    ] Entering safepoint region: Cleanup
[2019-12-09T04:50:46.888+0000][1][safepoint    ] Leaving safepoint region
[2019-12-09T04:50:46.888+0000][1][safepoint    ] Total time for which application threads were stopped: 0.0000807 seconds, Stopping threads took: 0.0000173 seconds
[2019-12-09T04:50:47.888+0000][1][safepoint    ] Application time: 1.0000774 seconds
[2019-12-09T04:50:47.888+0000][1][safepoint    ] Entering safepoint region: Cleanup
[2019-12-09T04:50:47.888+0000][1][safepoint    ] Leaving safepoint region
[2019-12-09T04:50:47.888+0000][1][safepoint    ] Total time for which application threads were stopped: 0.0000813 seconds, Stopping threads took: 0.0000166 seconds
[2019-12-09T04:50:48.888+0000][1][safepoint    ] Application time: 1.0000792 seconds
[2019-12-09T04:50:48.888+0000][1][safepoint    ] Entering safepoint region: Cleanup
[2019-12-09T04:50:48.889+0000][1][safepoint    ] Leaving safepoint region
[2019-12-09T04:50:48.889+0000][1][safepoint    ] Total time for which application threads were stopped: 0.0000836 seconds, Stopping threads took: 0.0000185 seconds
[2019-12-09T04:50:49.889+0000][1][safepoint    ] Application time: 1.0000737 seconds
[2019-12-09T04:50:49.889+0000][1][safepoint    ] Entering safepoint region: Cleanup
[2019-12-09T04:50:49.889+0000][1][safepoint    ] Leaving safepoint region
[2019-12-09T04:50:49.889+0000][1][safepoint    ] Total time for which application threads were stopped: 0.0000922 seconds, Stopping threads took: 0.0000172 seconds
[2019-12-09T04:50:50.889+0000][1][safepoint    ] Application time: 1.0000764 seconds
[2019-12-09T04:50:50.889+0000][1][safepoint    ] Entering safepoint region: Cleanup
[2019-12-09T04:50:50.889+0000][1][safepoint    ] Leaving safepoint region
[2019-12-09T04:50:50.889+0000][1][safepoint    ] Total time for which application threads were stopped: 0.0000789 seconds, Stopping threads took: 0.0000165 seconds
[2019-12-09T04:50:51.889+0000][1][safepoint    ] Application time: 1.0000764 seconds
[2019-12-09T04:50:51.889+0000][1][safepoint    ] Entering safepoint region: Cleanup
[2019-12-09T04:50:51.889+0000][1][safepoint    ] Leaving safepoint region
[2019-12-09T04:50:51.889+0000][1][safepoint    ] Total time for which application threads were stopped: 0.0000834 seconds, Stopping threads took: 0.0000177 seconds
[2019-12-09T04:50:52.889+0000][1][safepoint    ] Application time: 1.0000768 seconds
[2019-12-09T04:50:52.889+0000][1][safepoint    ] Entering safepoint region: Cleanup
[2019-12-09T04:50:52.889+0000][1][safepoint    ] Leaving safepoint region
[2019-12-09T04:50:52.889+0000][1][safepoint    ] Total time for which application threads were stopped: 0.0000956 seconds, Stopping threads took: 0.0000173 seconds
[2019-12-09T04:50:53.889+0000][1][safepoint    ] Application time: 1.0000770 seconds
[2019-12-09T04:50:53.889+0000][1][safepoint    ] Entering safepoint region: Cleanup
[2019-12-09T04:50:53.890+0000][1][safepoint    ] Leaving safepoint region
[2019-12-09T04:50:53.890+0000][1][safepoint    ] Total time for which application threads were stopped: 0.0000825 seconds, Stopping threads took: 0.0000177 seconds
[2019-12-09T04:50:54.890+0000][1][safepoint    ] Application time: 1.0000757 seconds
[2019-12-09T04:50:54.890+0000][1][safepoint    ] Entering safepoint region: Cleanup
[2019-12-09T04:50:54.890+0000][1][safepoint    ] Leaving safepoint region
[2019-12-09T04:50:54.890+0000][1][safepoint    ] Total time for which application threads were stopped: 0.0000956 seconds, Stopping threads took: 0.0000170 seconds
[2019-12-09T04:50:55.890+0000][1][safepoint    ] Application time: 1.0000757 seconds
[2019-12-09T04:50:55.890+0000][1][safepoint    ] Entering safepoint region: Cleanup
[2019-12-09T04:50:55.890+0000][1][safepoint    ] Leaving safepoint region
[2019-12-09T04:50:55.890+0000][1][safepoint    ] Total time for which application threads were stopped: 0.0000840 seconds, Stopping threads took: 0.0000189 seconds
[2019-12-09T04:50:56.890+0000][1][safepoint    ] Application time: 1.0000752 seconds
[2019-12-09T04:50:56.890+0000][1][safepoint    ] Entering safepoint region: Cleanup
[2019-12-09T04:50:56.890+0000][1][safepoint    ] Leaving safepoint region
[2019-12-09T04:50:56.890+0000][1][safepoint    ] Total time for which application threads were stopped: 0.0000913 seconds, Stopping threads took: 0.0000182 seconds
[2019-12-09T04:50:57.890+0000][1][safepoint    ] Application time: 1.0000722 seconds
[2019-12-09T04:50:57.890+0000][1][safepoint    ] Entering safepoint region: Cleanup
[2019-12-09T04:50:57.890+0000][1][safepoint    ] Leaving safepoint region
[2019-12-09T04:50:57.890+0000][1][safepoint    ] Total time for which application threads were stopped: 0.0000836 seconds, Stopping threads took: 0.0000185 seconds
[2019-12-09T04:50:58.890+0000][1][safepoint    ] Application time: 1.0000765 seconds
[2019-12-09T04:50:58.890+0000][1][safepoint    ] Entering safepoint region: Cleanup
[2019-12-09T04:50:58.891+0000][1][safepoint    ] Leaving safepoint region
[2019-12-09T04:50:58.891+0000][1][safepoint    ] Total time for which application threads were stopped: 0.0000847 seconds, Stopping threads took: 0.0000184 seconds
[2019-12-09T04:50:59.891+0000][1][safepoint    ] Application time: 1.0000752 seconds
[2019-12-09T04:50:59.891+0000][1][safepoint    ] Entering safepoint region: Cleanup
[2019-12-09T04:50:59.891+0000][1][safepoint    ] Leaving safepoint region
[2019-12-09T04:50:59.891+0000][1][safepoint    ] Total time for which application threads were stopped: 0.0000971 seconds, Stopping threads took: 0.0000288 seconds
[2019-12-09T04:51:00.891+0000][1][safepoint    ] Application time: 1.0000760 seconds
[2019-12-09T04:51:00.891+0000][1][safepoint    ] Entering safepoint region: Cleanup
[2019-12-09T04:51:00.891+0000][1][safepoint    ] Leaving safepoint region
[2019-12-09T04:51:00.891+0000][1][safepoint    ] Total time for which application threads were stopped: 0.0000855 seconds, Stopping threads took: 0.0000191 seconds
[2019-12-09T04:51:01.891+0000][1][safepoint    ] Application time: 1.0000784 seconds
[2019-12-09T04:51:01.891+0000][1][safepoint    ] Entering safepoint region: Cleanup
[2019-12-09T04:51:01.891+0000][1][safepoint    ] Leaving safepoint region
[2019-12-09T04:51:01.891+0000][1][safepoint    ] Total time for which application threads were stopped: 0.0000874 seconds, Stopping threads took: 0.0000199 seconds
[2019-12-09T04:51:02.891+0000][1][safepoint    ] Application time: 1.0000768 seconds
[2019-12-09T04:51:02.891+0000][1][safepoint    ] Entering safepoint region: Cleanup
[2019-12-09T04:51:02.891+0000][1][safepoint    ] Leaving safepoint region
[2019-12-09T04:51:02.891+0000][1][safepoint    ] Total time for which application threads were stopped: 0.0000814 seconds, Stopping threads took: 0.0000168 seconds
[2019-12-09T04:51:03.891+0000][1][safepoint    ] Application time: 1.0000749 seconds
[2019-12-09T04:51:03.892+0000][1][safepoint    ] Entering safepoint region: Cleanup
[2019-12-09T04:51:03.892+0000][1][safepoint    ] Leaving safepoint region
[2019-12-09T04:51:03.892+0000][1][safepoint    ] Total time for which application threads were stopped: 0.0000854 seconds, Stopping threads took: 0.0000168 seconds
[2019-12-09T04:51:04.892+0000][1][safepoint    ] Application time: 1.0000840 seconds
[2019-12-09T04:51:04.892+0000][1][safepoint    ] Entering safepoint region: Cleanup
[2019-12-09T04:51:04.892+0000][1][safepoint    ] Leaving safepoint region
[2019-12-09T04:51:04.892+0000][1][safepoint    ] Total time for which application threads were stopped: 0.0000836 seconds, Stopping threads took: 0.0000183 seconds
[2019-12-09T04:51:05.892+0000][1][safepoint    ] Application time: 1.0000765 seconds
[2019-12-09T04:51:05.892+0000][1][safepoint    ] Entering safepoint region: Cleanup
[2019-12-09T04:51:05.892+0000][1][safepoint    ] Leaving safepoint region
[2019-12-09T04:51:05.892+0000][1][safepoint    ] Total time for which application threads were stopped: 0.0000914 seconds, Stopping threads took: 0.0000221 seconds
[2019-12-09T04:51:06.892+0000][1][safepoint    ] Application time: 1.0000779 seconds
[2019-12-09T04:51:06.892+0000][1][safepoint    ] Entering safepoint region: Cleanup
[2019-12-09T04:51:06.892+0000][1][safepoint    ] Leaving safepoint region
[2019-12-09T04:51:06.892+0000][1][safepoint    ] Total time for which application threads were stopped: 0.0000869 seconds, Stopping threads took: 0.0000187 seconds
[2019-12-09T04:51:07.892+0000][1][safepoint    ] Application time: 1.0000767 seconds
[2019-12-09T04:51:07.892+0000][1][safepoint    ] Entering safepoint region: Cleanup
[2019-12-09T04:51:07.892+0000][1][safepoint    ] Leaving safepoint region
[2019-12-09T04:51:07.892+0000][1][safepoint    ] Total time for which application threads were stopped: 0.0000846 seconds, Stopping threads took: 0.0000192 seconds
[2019-12-09T04:51:08.893+0000][1][safepoint    ] Application time: 1.0000745 seconds
[2019-12-09T04:51:08.893+0000][1][safepoint    ] Entering safepoint region: Cleanup
[2019-12-09T04:51:08.893+0000][1][safepoint    ] Leaving safepoint region
[2019-12-09T04:51:08.893+0000][1][safepoint    ] Total time for which application threads were stopped: 0.0000871 seconds, Stopping threads took: 0.0000188 seconds
[2019-12-09T04:51:09.893+0000][1][safepoint    ] Application time: 1.0000748 seconds
[2019-12-09T04:51:09.893+0000][1][safepoint    ] Entering safepoint region: Cleanup
[2019-12-09T04:51:09.893+0000][1][safepoint    ] Leaving safepoint region
[2019-12-09T04:51:09.893+0000][1][safepoint    ] Total time for which application threads were stopped: 0.0000872 seconds, Stopping threads took: 0.0000197 seconds
[2019-12-09T04:51:10.893+0000][1][safepoint    ] Application time: 1.0000761 seconds
[2019-12-09T04:51:10.893+0000][1][safepoint    ] Entering safepoint region: Cleanup
[2019-12-09T04:51:10.893+0000][1][safepoint    ] Leaving safepoint region
[2019-12-09T04:51:10.893+0000][1][safepoint    ] Total time for which application threads were stopped: 0.0000834 seconds, Stopping threads took: 0.0000177 seconds
[2019-12-09T04:51:11.893+0000][1][safepoint    ] Application time: 1.0000765 seconds
[2019-12-09T04:51:11.893+0000][1][safepoint    ] Entering safepoint region: Cleanup
[2019-12-09T04:51:11.893+0000][1][safepoint    ] Leaving safepoint region
[2019-12-09T04:51:11.893+0000][1][safepoint    ] Total time for which application threads were stopped: 0.0000855 seconds, Stopping threads took: 0.0000190 seconds
[2019-12-09T04:51:12.893+0000][1][safepoint    ] Application time: 1.0000751 seconds
[2019-12-09T04:51:12.893+0000][1][safepoint    ] Entering safepoint region: Cleanup
[2019-12-09T04:51:12.893+0000][1][safepoint    ] Leaving safepoint region
[2019-12-09T04:51:12.893+0000][1][safepoint    ] Total time for which application threads were stopped: 0.0000844 seconds, Stopping threads took: 0.0000185 seconds
[2019-12-09T04:51:13.894+0000][1][safepoint    ] Application time: 1.0000789 seconds
[2019-12-09T04:51:13.894+0000][1][safepoint    ] Entering safepoint region: Cleanup
[2019-12-09T04:51:13.894+0000][1][safepoint    ] Leaving safepoint region
[2019-12-09T04:51:13.894+0000][1][safepoint    ] Total time for which application threads were stopped: 0.0000854 seconds, Stopping threads took: 0.0000188 seconds
[2019-12-09T04:51:14.894+0000][1][safepoint    ] Application time: 1.0000883 seconds
[2019-12-09T04:51:14.894+0000][1][safepoint    ] Entering safepoint region: Cleanup
[2019-12-09T04:51:14.894+0000][1][safepoint    ] Leaving safepoint region
[2019-12-09T04:51:14.894+0000][1][safepoint    ] Total time for which application threads were stopped: 0.0000869 seconds, Stopping threads took: 0.0000185 seconds
[2019-12-09T04:51:15.894+0000][1][safepoint    ] Application time: 1.0000765 seconds
[2019-12-09T04:51:15.894+0000][1][safepoint    ] Entering safepoint region: Cleanup
[2019-12-09T04:51:15.894+0000][1][safepoint    ] Leaving safepoint region
[2019-12-09T04:51:15.894+0000][1][safepoint    ] Total time for which application threads were stopped: 0.0000935 seconds, Stopping threads took: 0.0000267 seconds
[2019-12-09T04:51:16.894+0000][1][safepoint    ] Application time: 1.0000771 seconds
[2019-12-09T04:51:16.894+0000][1][safepoint    ] Entering safepoint region: Cleanup
[2019-12-09T04:51:16.894+0000][1][safepoint    ] Leaving safepoint region
[2019-12-09T04:51:16.894+0000][1][safepoint    ] Total time for which application threads were stopped: 0.0000843 seconds, Stopping threads took: 0.0000171 seconds
[2019-12-09T04:51:17.894+0000][1][safepoint    ] Application time: 1.0000767 seconds
[2019-12-09T04:51:17.894+0000][1][safepoint    ] Entering safepoint region: Cleanup
[2019-12-09T04:51:17.894+0000][1][safepoint    ] Leaving safepoint region
[2019-12-09T04:51:17.895+0000][1][safepoint    ] Total time for which application threads were stopped: 0.0000862 seconds, Stopping threads took: 0.0000173 seconds
[2019-12-09T04:51:18.895+0000][1][safepoint    ] Application time: 1.0000756 seconds
[2019-12-09T04:51:18.895+0000][1][safepoint    ] Entering safepoint region: Cleanup
[2019-12-09T04:51:18.895+0000][1][safepoint    ] Leaving safepoint region
[2019-12-09T04:51:18.895+0000][1][safepoint    ] Total time for which application threads were stopped: 0.0000967 seconds, Stopping threads took: 0.0000184 seconds
[2019-12-09T04:51:19.895+0000][1][safepoint    ] Application time: 1.0000765 seconds
[2019-12-09T04:51:19.895+0000][1][safepoint    ] Entering safepoint region: Cleanup
[2019-12-09T04:51:19.895+0000][1][safepoint    ] Leaving safepoint region
[2019-12-09T04:51:19.895+0000][1][safepoint    ] Total time for which application threads were stopped: 0.0000877 seconds, Stopping threads took: 0.0000182 seconds
[2019-12-09T04:51:20.895+0000][1][safepoint    ] Application time: 1.0000775 seconds
[2019-12-09T04:51:20.895+0000][1][safepoint    ] Entering safepoint region: Cleanup
[2019-12-09T04:51:20.895+0000][1][safepoint    ] Leaving safepoint region
[2019-12-09T04:51:20.895+0000][1][safepoint    ] Total time for which application threads were stopped: 0.0000849 seconds, Stopping threads took: 0.0000173 seconds
[2019-12-09T04:51:22.739+0000][1][safepoint    ] Application time: 1.8439431 seconds
[2019-12-09T04:51:22.739+0000][1][safepoint    ] Entering safepoint region: Cleanup
[2019-12-09T04:51:22.739+0000][1][safepoint    ] Leaving safepoint region
[2019-12-09T04:51:22.739+0000][1][safepoint    ] Total time for which application threads were stopped: 0.0000911 seconds, Stopping threads took: 0.0000187 seconds
[2019-12-09T04:51:23.739+0000][1][safepoint    ] Application time: 1.0000743 seconds
[2019-12-09T04:51:23.739+0000][1][safepoint    ] Entering safepoint region: Cleanup
[2019-12-09T04:51:23.739+0000][1][safepoint    ] Leaving safepoint region
[2019-12-09T04:51:23.739+0000][1][safepoint    ] Total time for which application threads were stopped: 0.0000808 seconds, Stopping threads took: 0.0000165 seconds
[2019-12-09T04:51:24.739+0000][1][safepoint    ] Application time: 1.0000729 seconds
[2019-12-09T04:51:24.740+0000][1][safepoint    ] Entering safepoint region: Cleanup
[2019-12-09T04:51:24.740+0000][1][safepoint    ] Leaving safepoint region
[2019-12-09T04:51:24.740+0000][1][safepoint    ] Total time for which application threads were stopped: 0.0000807 seconds, Stopping threads took: 0.0000172 seconds
[2019-12-09T04:51:25.740+0000][1][safepoint    ] Application time: 1.0000848 seconds
[2019-12-09T04:51:25.740+0000][1][safepoint    ] Entering safepoint region: Cleanup
[2019-12-09T04:51:25.740+0000][1][safepoint    ] Leaving safepoint region
[2019-12-09T04:51:25.740+0000][1][safepoint    ] Total time for which application threads were stopped: 0.0000852 seconds, Stopping threads took: 0.0000205 seconds
[2019-12-09T04:51:26.740+0000][1][safepoint    ] Application time: 1.0000765 seconds
[2019-12-09T04:51:26.740+0000][1][safepoint    ] Entering safepoint region: Cleanup
[2019-12-09T04:51:26.740+0000][1][safepoint    ] Leaving safepoint region
[2019-12-09T04:51:26.740+0000][1][safepoint    ] Total time for which application threads were stopped: 0.0000822 seconds, Stopping threads took: 0.0000167 seconds
[2019-12-09T04:51:27.740+0000][1][safepoint    ] Application time: 1.0000820 seconds
[2019-12-09T04:51:27.740+0000][1][safepoint    ] Entering safepoint region: Cleanup
[2019-12-09T04:51:27.740+0000][1][safepoint    ] Leaving safepoint region
[2019-12-09T04:51:27.740+0000][1][safepoint    ] Total time for which application threads were stopped: 0.0000839 seconds, Stopping threads took: 0.0000187 seconds
[2019-12-09T04:51:27.802+0000][1][safepoint    ] Application time: 0.0615197 seconds
[2019-12-09T04:51:27.802+0000][1][safepoint    ] Entering safepoint region: GenCollectForAllocation
[2019-12-09T04:51:27.802+0000][1][gc,start     ] GC(81) Pause Young (Allocation Failure)
[2019-12-09T04:51:27.802+0000][1][gc,task      ] GC(81) Using 2 workers of 2 for evacuation
[2019-12-09T04:51:27.803+0000][1][gc,age       ] GC(81) Desired survivor size 4456448 bytes, new threshold 6 (max threshold 6)
[2019-12-09T04:51:27.803+0000][1][gc,age       ] GC(81) Age table with threshold 6 (max threshold 6)
[2019-12-09T04:51:27.803+0000][1][gc,age       ] GC(81) - age   1:       8160 bytes,       8160 total
[2019-12-09T04:51:27.803+0000][1][gc,age       ] GC(81) - age   2:        312 bytes,       8472 total
[2019-12-09T04:51:27.803+0000][1][gc,age       ] GC(81) - age   3:         88 bytes,       8560 total
[2019-12-09T04:51:27.803+0000][1][gc,age       ] GC(81) - age   4:         64 bytes,       8624 total
[2019-12-09T04:51:27.803+0000][1][gc,age       ] GC(81) - age   5:       1672 bytes,      10296 total
[2019-12-09T04:51:27.803+0000][1][gc,age       ] GC(81) - age   6:       1032 bytes,      11328 total
[2019-12-09T04:51:27.803+0000][1][gc,heap      ] GC(81) ParNew: 69964K->21K(78656K)
[2019-12-09T04:51:27.803+0000][1][gc,heap      ] GC(81) CMS: 119430K->119430K(174784K)
[2019-12-09T04:51:27.804+0000][1][gc,metaspace ] GC(81) Metaspace: 83818K->83818K(1126400K)
[2019-12-09T04:51:27.804+0000][1][gc           ] GC(81) Pause Young (Allocation Failure) 184M->116M(247M) 1.673ms
[2019-12-09T04:51:27.804+0000][1][gc,cpu       ] GC(81) User=0.01s Sys=0.00s Real=0.00s
[2019-12-09T04:51:27.804+0000][1][safepoint    ] Leaving safepoint region
[2019-12-09T04:51:27.804+0000][1][safepoint    ] Total time for which application threads were stopped: 0.0018244 seconds, Stopping threads took: 0.0000167 seconds
[2019-12-09T04:51:28.804+0000][1][safepoint    ] Application time: 1.0000876 seconds
[2019-12-09T04:51:28.804+0000][1][safepoint    ] Entering safepoint region: Cleanup
[2019-12-09T04:51:28.804+0000][1][safepoint    ] Leaving safepoint region
[2019-12-09T04:51:28.804+0000][1][safepoint    ] Total time for which application threads were stopped: 0.0000902 seconds, Stopping threads took: 0.0000205 seconds
[2019-12-09T04:51:29.804+0000][1][safepoint    ] Application time: 1.0000773 seconds
[2019-12-09T04:51:29.804+0000][1][safepoint    ] Entering safepoint region: Cleanup
[2019-12-09T04:51:29.804+0000][1][safepoint    ] Leaving safepoint region
[2019-12-09T04:51:29.804+0000][1][safepoint    ] Total time for which application threads were stopped: 0.0000884 seconds, Stopping threads took: 0.0000216 seconds
[2019-12-09T04:51:30.804+0000][1][safepoint    ] Application time: 1.0000790 seconds
[2019-12-09T04:51:30.804+0000][1][safepoint    ] Entering safepoint region: Cleanup
[2019-12-09T04:51:30.804+0000][1][safepoint    ] Leaving safepoint region
[2019-12-09T04:51:30.804+0000][1][safepoint    ] Total time for which application threads were stopped: 0.0000874 seconds, Stopping threads took: 0.0000181 seconds
[2019-12-09T04:51:31.804+0000][1][safepoint    ] Application time: 1.0000777 seconds
[2019-12-09T04:51:31.804+0000][1][safepoint    ] Entering safepoint region: Cleanup
[2019-12-09T04:51:31.804+0000][1][safepoint    ] Leaving safepoint region
[2019-12-09T04:51:31.804+0000][1][safepoint    ] Total time for which application threads were stopped: 0.0000835 seconds, Stopping threads took: 0.0000187 seconds
[2019-12-09T04:51:32.804+0000][1][safepoint    ] Application time: 1.0000807 seconds
[2019-12-09T04:51:32.805+0000][1][safepoint    ] Entering safepoint region: Cleanup
[2019-12-09T04:51:32.805+0000][1][safepoint    ] Leaving safepoint region
[2019-12-09T04:51:32.805+0000][1][safepoint    ] Total time for which application threads were stopped: 0.0001161 seconds, Stopping threads took: 0.0000461 seconds
[2019-12-09T04:51:33.805+0000][1][safepoint    ] Application time: 1.0000829 seconds
[2019-12-09T04:51:33.805+0000][1][safepoint    ] Entering safepoint region: Cleanup
[2019-12-09T04:51:33.805+0000][1][safepoint    ] Leaving safepoint region
[2019-12-09T04:51:33.805+0000][1][safepoint    ] Total time for which application threads were stopped: 0.0000870 seconds, Stopping threads took: 0.0000205 seconds
[2019-12-09T04:51:34.805+0000][1][safepoint    ] Application time: 1.0000755 seconds
[2019-12-09T04:51:34.805+0000][1][safepoint    ] Entering safepoint region: Cleanup
[2019-12-09T04:51:34.805+0000][1][safepoint    ] Leaving safepoint region
[2019-12-09T04:51:34.805+0000][1][safepoint    ] Total time for which application threads were stopped: 0.0000872 seconds, Stopping threads took: 0.0000196 seconds
[2019-12-09T04:51:35.805+0000][1][safepoint    ] Application time: 1.0000747 seconds
[2019-12-09T04:51:35.805+0000][1][safepoint    ] Entering safepoint region: Cleanup
[2019-12-09T04:51:35.805+0000][1][safepoint    ] Leaving safepoint region
[2019-12-09T04:51:35.805+0000][1][safepoint    ] Total time for which application threads were stopped: 0.0000852 seconds, Stopping threads took: 0.0000181 seconds
[2019-12-09T04:51:36.805+0000][1][safepoint    ] Application time: 1.0000752 seconds
[2019-12-09T04:51:36.805+0000][1][safepoint    ] Entering safepoint region: Cleanup
[2019-12-09T04:51:36.805+0000][1][safepoint    ] Leaving safepoint region
[2019-12-09T04:51:36.805+0000][1][safepoint    ] Total time for which application threads were stopped: 0.0000832 seconds, Stopping threads took: 0.0000168 seconds
[2019-12-09T04:51:37.806+0000][1][safepoint    ] Application time: 1.0000760 seconds
[2019-12-09T04:51:37.806+0000][1][safepoint    ] Entering safepoint region: Cleanup
[2019-12-09T04:51:37.806+0000][1][safepoint    ] Leaving safepoint region
[2019-12-09T04:51:37.806+0000][1][safepoint    ] Total time for which application threads were stopped: 0.0000866 seconds, Stopping threads took: 0.0000178 seconds
[2019-12-09T04:51:38.806+0000][1][safepoint    ] Application time: 1.0000831 seconds
[2019-12-09T04:51:38.806+0000][1][safepoint    ] Entering safepoint region: Cleanup
[2019-12-09T04:51:38.806+0000][1][safepoint    ] Leaving safepoint region
[2019-12-09T04:51:38.806+0000][1][safepoint    ] Total time for which application threads were stopped: 0.0000818 seconds, Stopping threads took: 0.0000175 seconds
[2019-12-09T04:51:39.806+0000][1][safepoint    ] Application time: 1.0000737 seconds
[2019-12-09T04:51:39.806+0000][1][safepoint    ] Entering safepoint region: Cleanup
[2019-12-09T04:51:39.806+0000][1][safepoint    ] Leaving safepoint region
[2019-12-09T04:51:39.806+0000][1][safepoint    ] Total time for which application threads were stopped: 0.0000890 seconds, Stopping threads took: 0.0000187 seconds
[2019-12-09T04:51:40.806+0000][1][safepoint    ] Application time: 1.0000744 seconds
[2019-12-09T04:51:40.806+0000][1][safepoint    ] Entering safepoint region: Cleanup
[2019-12-09T04:51:40.806+0000][1][safepoint    ] Leaving safepoint region
[2019-12-09T04:51:40.806+0000][1][safepoint    ] Total time for which application threads were stopped: 0.0000953 seconds, Stopping threads took: 0.0000187 seconds
[2019-12-09T04:51:41.806+0000][1][safepoint    ] Application time: 1.0000758 seconds
[2019-12-09T04:51:41.806+0000][1][safepoint    ] Entering safepoint region: Cleanup
[2019-12-09T04:51:41.806+0000][1][safepoint    ] Leaving safepoint region
[2019-12-09T04:51:41.806+0000][1][safepoint    ] Total time for which application threads were stopped: 0.0000867 seconds, Stopping threads took: 0.0000184 seconds
[2019-12-09T04:51:42.807+0000][1][safepoint    ] Application time: 1.0000752 seconds
[2019-12-09T04:51:42.807+0000][1][safepoint    ] Entering safepoint region: Cleanup
[2019-12-09T04:51:42.807+0000][1][safepoint    ] Leaving safepoint region
[2019-12-09T04:51:42.807+0000][1][safepoint    ] Total time for which application threads were stopped: 0.0000969 seconds, Stopping threads took: 0.0000181 seconds
[2019-12-09T04:51:43.807+0000][1][safepoint    ] Application time: 1.0000741 seconds
[2019-12-09T04:51:43.807+0000][1][safepoint    ] Entering safepoint region: Cleanup
[2019-12-09T04:51:43.807+0000][1][safepoint    ] Leaving safepoint region
[2019-12-09T04:51:43.807+0000][1][safepoint    ] Total time for which application threads were stopped: 0.0000848 seconds, Stopping threads took: 0.0000176 seconds
[2019-12-09T04:51:44.807+0000][1][safepoint    ] Application time: 1.0000742 seconds
[2019-12-09T04:51:44.807+0000][1][safepoint    ] Entering safepoint region: Cleanup
[2019-12-09T04:51:44.807+0000][1][safepoint    ] Leaving safepoint region
[2019-12-09T04:51:44.807+0000][1][safepoint    ] Total time for which application threads were stopped: 0.0000822 seconds, Stopping threads took: 0.0000182 seconds
[2019-12-09T04:51:45.807+0000][1][safepoint    ] Application time: 1.0000749 seconds
[2019-12-09T04:51:45.807+0000][1][safepoint    ] Entering safepoint region: Cleanup
[2019-12-09T04:51:45.807+0000][1][safepoint    ] Leaving safepoint region
[2019-12-09T04:51:45.807+0000][1][safepoint    ] Total time for which application threads were stopped: 0.0000851 seconds, Stopping threads took: 0.0000206 seconds
[2019-12-09T04:51:46.807+0000][1][safepoint    ] Application time: 1.0000747 seconds
[2019-12-09T04:51:46.807+0000][1][safepoint    ] Entering safepoint region: Cleanup
[2019-12-09T04:51:46.807+0000][1][safepoint    ] Leaving safepoint region
[2019-12-09T04:51:46.807+0000][1][safepoint    ] Total time for which application threads were stopped: 0.0000884 seconds, Stopping threads took: 0.0000232 seconds
[2019-12-09T04:51:47.808+0000][1][safepoint    ] Application time: 1.0000755 seconds
[2019-12-09T04:51:47.808+0000][1][safepoint    ] Entering safepoint region: Cleanup
[2019-12-09T04:51:47.808+0000][1][safepoint    ] Leaving safepoint region
[2019-12-09T04:51:47.808+0000][1][safepoint    ] Total time for which application threads were stopped: 0.0000989 seconds, Stopping threads took: 0.0000188 seconds
[2019-12-09T04:51:48.808+0000][1][safepoint    ] Application time: 1.0000760 seconds
[2019-12-09T04:51:48.808+0000][1][safepoint    ] Entering safepoint region: Cleanup
[2019-12-09T04:51:48.808+0000][1][safepoint    ] Leaving safepoint region
[2019-12-09T04:51:48.808+0000][1][safepoint    ] Total time for which application threads were stopped: 0.0000901 seconds, Stopping threads took: 0.0000212 seconds
[2019-12-09T04:51:49.808+0000][1][safepoint    ] Application time: 1.0000771 seconds
[2019-12-09T04:51:49.808+0000][1][safepoint    ] Entering safepoint region: Cleanup
[2019-12-09T04:51:49.808+0000][1][safepoint    ] Leaving safepoint region
[2019-12-09T04:51:49.808+0000][1][safepoint    ] Total time for which application threads were stopped: 0.0000985 seconds, Stopping threads took: 0.0000300 seconds
[2019-12-09T04:51:50.808+0000][1][safepoint    ] Application time: 1.0000704 seconds
[2019-12-09T04:51:50.808+0000][1][safepoint    ] Entering safepoint region: Cleanup
[2019-12-09T04:51:50.808+0000][1][safepoint    ] Leaving safepoint region
[2019-12-09T04:51:50.808+0000][1][safepoint    ] Total time for which application threads were stopped: 0.0001004 seconds, Stopping threads took: 0.0000210 seconds
[2019-12-09T04:51:52.748+0000][1][safepoint    ] Application time: 1.9396711 seconds
[2019-12-09T04:51:52.748+0000][1][safepoint    ] Entering safepoint region: Cleanup
[2019-12-09T04:51:52.748+0000][1][safepoint    ] Leaving safepoint region
[2019-12-09T04:51:52.748+0000][1][safepoint    ] Total time for which application threads were stopped: 0.0000783 seconds, Stopping threads took: 0.0000169 seconds
[2019-12-09T04:51:53.748+0000][1][safepoint    ] Application time: 1.0000760 seconds
[2019-12-09T04:51:53.748+0000][1][safepoint    ] Entering safepoint region: Cleanup
[2019-12-09T04:51:53.748+0000][1][safepoint    ] Leaving safepoint region
[2019-12-09T04:51:53.748+0000][1][safepoint    ] Total time for which application threads were stopped: 0.0000784 seconds, Stopping threads took: 0.0000162 seconds
[2019-12-09T04:51:54.748+0000][1][safepoint    ] Application time: 1.0000744 seconds
[2019-12-09T04:51:54.748+0000][1][safepoint    ] Entering safepoint region: Cleanup
[2019-12-09T04:51:54.748+0000][1][safepoint    ] Leaving safepoint region
[2019-12-09T04:51:54.748+0000][1][safepoint    ] Total time for which application threads were stopped: 0.0000796 seconds, Stopping threads took: 0.0000158 seconds
[2019-12-09T04:51:55.749+0000][1][safepoint    ] Application time: 1.0000770 seconds
[2019-12-09T04:51:55.749+0000][1][safepoint    ] Entering safepoint region: Cleanup
[2019-12-09T04:51:55.749+0000][1][safepoint    ] Leaving safepoint region
[2019-12-09T04:51:55.749+0000][1][safepoint    ] Total time for which application threads were stopped: 0.0000818 seconds, Stopping threads took: 0.0000173 seconds
[2019-12-09T04:51:56.749+0000][1][safepoint    ] Application time: 1.0000758 seconds
[2019-12-09T04:51:56.749+0000][1][safepoint    ] Entering safepoint region: Cleanup
[2019-12-09T04:51:56.749+0000][1][safepoint    ] Leaving safepoint region
[2019-12-09T04:51:56.749+0000][1][safepoint    ] Total time for which application threads were stopped: 0.0000796 seconds, Stopping threads took: 0.0000164 seconds
[2019-12-09T04:51:57.749+0000][1][safepoint    ] Application time: 1.0000758 seconds
[2019-12-09T04:51:57.749+0000][1][safepoint    ] Entering safepoint region: Cleanup
[2019-12-09T04:51:57.749+0000][1][safepoint    ] Leaving safepoint region
[2019-12-09T04:51:57.749+0000][1][safepoint    ] Total time for which application threads were stopped: 0.0000778 seconds, Stopping threads took: 0.0000163 seconds
[2019-12-09T04:51:58.749+0000][1][safepoint    ] Application time: 1.0000747 seconds
[2019-12-09T04:51:58.749+0000][1][safepoint    ] Entering safepoint region: Cleanup
[2019-12-09T04:51:58.749+0000][1][safepoint    ] Leaving safepoint region
[2019-12-09T04:51:58.749+0000][1][safepoint    ] Total time for which application threads were stopped: 0.0000815 seconds, Stopping threads took: 0.0000162 seconds
[2019-12-09T04:51:59.749+0000][1][safepoint    ] Application time: 1.0000750 seconds
[2019-12-09T04:51:59.749+0000][1][safepoint    ] Entering safepoint region: Cleanup
[2019-12-09T04:51:59.749+0000][1][safepoint    ] Leaving safepoint region
[2019-12-09T04:51:59.749+0000][1][safepoint    ] Total time for which application threads were stopped: 0.0000790 seconds, Stopping threads took: 0.0000157 seconds
[2019-12-09T04:52:00.749+0000][1][safepoint    ] Application time: 1.0000746 seconds
[2019-12-09T04:52:00.750+0000][1][safepoint    ] Entering safepoint region: Cleanup
[2019-12-09T04:52:00.750+0000][1][safepoint    ] Leaving safepoint region
[2019-12-09T04:52:00.750+0000][1][safepoint    ] Total time for which application threads were stopped: 0.0000899 seconds, Stopping threads took: 0.0000254 seconds
[2019-12-09T04:52:01.750+0000][1][safepoint    ] Application time: 1.0000737 seconds
[2019-12-09T04:52:01.750+0000][1][safepoint    ] Entering safepoint region: Cleanup
[2019-12-09T04:52:01.750+0000][1][safepoint    ] Leaving safepoint region
[2019-12-09T04:52:01.750+0000][1][safepoint    ] Total time for which application threads were stopped: 0.0000829 seconds, Stopping threads took: 0.0000190 seconds
[2019-12-09T04:52:02.750+0000][1][safepoint    ] Application time: 1.0000767 seconds
[2019-12-09T04:52:02.750+0000][1][safepoint    ] Entering safepoint region: Cleanup
[2019-12-09T04:52:02.750+0000][1][safepoint    ] Leaving safepoint region
[2019-12-09T04:52:02.750+0000][1][safepoint    ] Total time for which application threads were stopped: 0.0000827 seconds, Stopping threads took: 0.0000177 seconds
[2019-12-09T04:52:03.750+0000][1][safepoint    ] Application time: 1.0000760 seconds
[2019-12-09T04:52:03.750+0000][1][safepoint    ] Entering safepoint region: Cleanup
[2019-12-09T04:52:03.750+0000][1][safepoint    ] Leaving safepoint region
[2019-12-09T04:52:03.750+0000][1][safepoint    ] Total time for which application threads were stopped: 0.0000844 seconds, Stopping threads took: 0.0000162 seconds
[2019-12-09T04:52:04.750+0000][1][safepoint    ] Application time: 1.0000765 seconds
[2019-12-09T04:52:04.750+0000][1][safepoint    ] Entering safepoint region: Cleanup
[2019-12-09T04:52:04.750+0000][1][safepoint    ] Leaving safepoint region
[2019-12-09T04:52:04.750+0000][1][safepoint    ] Total time for which application threads were stopped: 0.0000821 seconds, Stopping threads took: 0.0000164 seconds
[2019-12-09T04:52:05.750+0000][1][safepoint    ] Application time: 1.0000764 seconds
[2019-12-09T04:52:05.750+0000][1][safepoint    ] Entering safepoint region: Cleanup
[2019-12-09T04:52:05.751+0000][1][safepoint    ] Leaving safepoint region
[2019-12-09T04:52:05.751+0000][1][safepoint    ] Total time for which application threads were stopped: 0.0000823 seconds, Stopping threads took: 0.0000189 seconds
[2019-12-09T04:52:07.096+0000][1][safepoint    ] Application time: 1.3451412 seconds
[2019-12-09T04:52:07.096+0000][1][safepoint    ] Entering safepoint region: Cleanup
[2019-12-09T04:52:07.096+0000][1][safepoint    ] Leaving safepoint region
[2019-12-09T04:52:07.096+0000][1][safepoint    ] Total time for which application threads were stopped: 0.0000837 seconds, Stopping threads took: 0.0000170 seconds
[2019-12-09T04:52:08.096+0000][1][safepoint    ] Application time: 1.0000878 seconds
[2019-12-09T04:52:08.096+0000][1][safepoint    ] Entering safepoint region: Cleanup
[2019-12-09T04:52:08.096+0000][1][safepoint    ] Leaving safepoint region
[2019-12-09T04:52:08.096+0000][1][safepoint    ] Total time for which application threads were stopped: 0.0000879 seconds, Stopping threads took: 0.0000194 seconds
[2019-12-09T04:52:09.096+0000][1][safepoint    ] Application time: 1.0000772 seconds
[2019-12-09T04:52:09.096+0000][1][safepoint    ] Entering safepoint region: Cleanup
[2019-12-09T04:52:09.096+0000][1][safepoint    ] Leaving safepoint region
[2019-12-09T04:52:09.096+0000][1][safepoint    ] Total time for which application threads were stopped: 0.0000880 seconds, Stopping threads took: 0.0000196 seconds
[2019-12-09T04:52:10.096+0000][1][safepoint    ] Application time: 1.0000824 seconds
[2019-12-09T04:52:10.096+0000][1][safepoint    ] Entering safepoint region: Cleanup
[2019-12-09T04:52:10.096+0000][1][safepoint    ] Leaving safepoint region
[2019-12-09T04:52:10.096+0000][1][safepoint    ] Total time for which application threads were stopped: 0.0001041 seconds, Stopping threads took: 0.0000274 seconds
[2019-12-09T04:52:11.097+0000][1][safepoint    ] Application time: 1.0000800 seconds
[2019-12-09T04:52:11.097+0000][1][safepoint    ] Entering safepoint region: Cleanup
[2019-12-09T04:52:11.097+0000][1][safepoint    ] Leaving safepoint region
[2019-12-09T04:52:11.097+0000][1][safepoint    ] Total time for which application threads were stopped: 0.0001266 seconds, Stopping threads took: 0.0000367 seconds
[2019-12-09T04:52:12.097+0000][1][safepoint    ] Application time: 1.0000840 seconds
[2019-12-09T04:52:12.097+0000][1][safepoint    ] Entering safepoint region: Cleanup
[2019-12-09T04:52:12.097+0000][1][safepoint    ] Leaving safepoint region
[2019-12-09T04:52:12.097+0000][1][safepoint    ] Total time for which application threads were stopped: 0.0000883 seconds, Stopping threads took: 0.0000186 seconds
[2019-12-09T04:52:13.097+0000][1][safepoint    ] Application time: 1.0000757 seconds
[2019-12-09T04:52:13.097+0000][1][safepoint    ] Entering safepoint region: Cleanup
[2019-12-09T04:52:13.097+0000][1][safepoint    ] Leaving safepoint region
[2019-12-09T04:52:13.097+0000][1][safepoint    ] Total time for which application threads were stopped: 0.0000853 seconds, Stopping threads took: 0.0000187 seconds
