[2019-12-08T09:54:35.006+0000][1][gc] Using Concurrent Mark Sweep
[2019-12-08T09:54:35.006+0000][1][gc,heap,coops] Heap address: 0x00000000f0000000, size: 256 MB, Compressed Oops mode: 32-bit
[2019-12-08T09:54:35.148+0000][1][safepoint    ] Entering safepoint region: EnableBiasedLocking
[2019-12-08T09:54:35.148+0000][1][safepoint    ] Leaving safepoint region
[2019-12-08T09:54:35.148+0000][1][safepoint    ] Total time for which application threads were stopped: 0.0043650 seconds, Stopping threads took: 0.0042897 seconds
[2019-12-08T09:54:35.169+0000][1][safepoint    ] Application time: 0.0147418 seconds
[2019-12-08T09:54:35.169+0000][1][safepoint    ] Entering safepoint region: RevokeBias
[2019-12-08T09:54:35.169+0000][1][safepoint    ] Leaving safepoint region
[2019-12-08T09:54:35.169+0000][1][safepoint    ] Total time for which application threads were stopped: 0.0001310 seconds, Stopping threads took: 0.0000418 seconds
[2019-12-08T09:54:35.180+0000][1][safepoint    ] Application time: 0.0112771 seconds
[2019-12-08T09:54:35.180+0000][1][safepoint    ] Entering safepoint region: Deoptimize
[2019-12-08T09:54:35.180+0000][1][safepoint    ] Leaving safepoint region
[2019-12-08T09:54:35.180+0000][1][safepoint    ] Total time for which application threads were stopped: 0.0000431 seconds, Stopping threads took: 0.0000093 seconds
[2019-12-08T09:54:35.428+0000][1][safepoint    ] Application time: 0.2483185 seconds
[2019-12-08T09:54:35.428+0000][1][safepoint    ] Entering safepoint region: Deoptimize
[2019-12-08T09:54:35.429+0000][1][safepoint    ] Leaving safepoint region
[2019-12-08T09:54:35.429+0000][1][safepoint    ] Total time for which application threads were stopped: 0.0000919 seconds, Stopping threads took: 0.0000109 seconds
[2019-12-08T09:54:36.042+0000][1][safepoint    ] Application time: 0.6130938 seconds
[2019-12-08T09:54:36.042+0000][1][safepoint    ] Entering safepoint region: Deoptimize
[2019-12-08T09:54:36.042+0000][1][safepoint    ] Leaving safepoint region
[2019-12-08T09:54:36.042+0000][1][safepoint    ] Total time for which application threads were stopped: 0.0001681 seconds, Stopping threads took: 0.0000103 seconds
[2019-12-08T09:54:36.123+0000][1][safepoint    ] Application time: 0.0812082 seconds
[2019-12-08T09:54:36.123+0000][1][safepoint    ] Entering safepoint region: Deoptimize
[2019-12-08T09:54:36.123+0000][1][safepoint    ] Leaving safepoint region
[2019-12-08T09:54:36.123+0000][1][safepoint    ] Total time for which application threads were stopped: 0.0001386 seconds, Stopping threads took: 0.0000106 seconds
[2019-12-08T09:54:36.234+0000][1][safepoint    ] Application time: 0.1111840 seconds
[2019-12-08T09:54:36.234+0000][1][safepoint    ] Entering safepoint region: Deoptimize
[2019-12-08T09:54:36.235+0000][1][safepoint    ] Leaving safepoint region
[2019-12-08T09:54:36.235+0000][1][safepoint    ] Total time for which application threads were stopped: 0.0001397 seconds, Stopping threads took: 0.0000104 seconds
[2019-12-08T09:54:36.256+0000][1][safepoint    ] Application time: 0.0210728 seconds
[2019-12-08T09:54:36.256+0000][1][safepoint    ] Entering safepoint region: Deoptimize
[2019-12-08T09:54:36.256+0000][1][safepoint    ] Leaving safepoint region
[2019-12-08T09:54:36.256+0000][1][safepoint    ] Total time for which application threads were stopped: 0.0001487 seconds, Stopping threads took: 0.0000106 seconds
[2019-12-08T09:54:37.258+0000][1][safepoint    ] Application time: 1.0018574 seconds
[2019-12-08T09:54:37.258+0000][1][safepoint    ] Entering safepoint region: Cleanup
[2019-12-08T09:54:37.258+0000][1][safepoint    ] Leaving safepoint region
[2019-12-08T09:54:37.258+0000][1][safepoint    ] Total time for which application threads were stopped: 0.0001003 seconds, Stopping threads took: 0.0000133 seconds
[2019-12-08T09:54:37.497+0000][1][safepoint    ] Application time: 0.2396084 seconds
[2019-12-08T09:54:37.498+0000][1][safepoint    ] Entering safepoint region: Deoptimize
[2019-12-08T09:54:37.498+0000][1][safepoint    ] Leaving safepoint region
[2019-12-08T09:54:37.498+0000][1][safepoint    ] Total time for which application threads were stopped: 0.0002369 seconds, Stopping threads took: 0.0000105 seconds
[2019-12-08T09:54:38.083+0000][1][safepoint    ] Application time: 0.5854064 seconds
[2019-12-08T09:54:38.083+0000][1][safepoint    ] Entering safepoint region: RevokeBias
[2019-12-08T09:54:38.083+0000][1][safepoint    ] Leaving safepoint region
[2019-12-08T09:54:38.083+0000][1][safepoint    ] Total time for which application threads were stopped: 0.0001212 seconds, Stopping threads took: 0.0000108 seconds
[2019-12-08T09:54:38.406+0000][1][safepoint    ] Application time: 0.3231189 seconds
[2019-12-08T09:54:38.406+0000][1][safepoint    ] Entering safepoint region: Deoptimize
[2019-12-08T09:54:38.407+0000][1][safepoint    ] Leaving safepoint region
[2019-12-08T09:54:38.407+0000][1][safepoint    ] Total time for which application threads were stopped: 0.0002501 seconds, Stopping threads took: 0.0000102 seconds
[2019-12-08T09:54:38.835+0000][1][safepoint    ] Application time: 0.4280279 seconds
[2019-12-08T09:54:38.835+0000][1][safepoint    ] Entering safepoint region: Deoptimize
[2019-12-08T09:54:38.835+0000][1][safepoint    ] Leaving safepoint region
[2019-12-08T09:54:38.835+0000][1][safepoint    ] Total time for which application threads were stopped: 0.0002706 seconds, Stopping threads took: 0.0000114 seconds
[2019-12-08T09:54:38.835+0000][1][safepoint    ] Application time: 0.0001348 seconds
[2019-12-08T09:54:38.835+0000][1][safepoint    ] Entering safepoint region: Deoptimize
[2019-12-08T09:54:38.835+0000][1][safepoint    ] Leaving safepoint region
[2019-12-08T09:54:38.835+0000][1][safepoint    ] Total time for which application threads were stopped: 0.0001648 seconds, Stopping threads took: 0.0000072 seconds
[2019-12-08T09:54:38.864+0000][1][safepoint    ] Application time: 0.0286245 seconds
[2019-12-08T09:54:38.864+0000][1][safepoint    ] Entering safepoint region: Deoptimize
[2019-12-08T09:54:38.864+0000][1][safepoint    ] Leaving safepoint region
[2019-12-08T09:54:38.864+0000][1][safepoint    ] Total time for which application threads were stopped: 0.0002530 seconds, Stopping threads took: 0.0000118 seconds
[2019-12-08T09:54:38.893+0000][1][safepoint    ] Application time: 0.0282469 seconds
[2019-12-08T09:54:38.893+0000][1][safepoint    ] Entering safepoint region: RevokeBias
[2019-12-08T09:54:38.893+0000][1][safepoint    ] Leaving safepoint region
[2019-12-08T09:54:38.893+0000][1][safepoint    ] Total time for which application threads were stopped: 0.0003000 seconds, Stopping threads took: 0.0002509 seconds
[2019-12-08T09:54:38.893+0000][1][safepoint    ] Application time: 0.0002296 seconds
[2019-12-08T09:54:38.893+0000][1][safepoint    ] Entering safepoint region: RevokeBias
[2019-12-08T09:54:38.893+0000][1][safepoint    ] Leaving safepoint region
[2019-12-08T09:54:38.893+0000][1][safepoint    ] Total time for which application threads were stopped: 0.0000345 seconds, Stopping threads took: 0.0000086 seconds
[2019-12-08T09:54:38.893+0000][1][safepoint    ] Application time: 0.0000450 seconds
[2019-12-08T09:54:38.893+0000][1][safepoint    ] Entering safepoint region: RevokeBias
[2019-12-08T09:54:38.893+0000][1][safepoint    ] Leaving safepoint region
[2019-12-08T09:54:38.893+0000][1][safepoint    ] Total time for which application threads were stopped: 0.0000272 seconds, Stopping threads took: 0.0000062 seconds
[2019-12-08T09:54:38.893+0000][1][safepoint    ] Application time: 0.0000649 seconds
[2019-12-08T09:54:38.893+0000][1][safepoint    ] Entering safepoint region: RevokeBias
[2019-12-08T09:54:38.893+0000][1][safepoint    ] Leaving safepoint region
[2019-12-08T09:54:38.893+0000][1][safepoint    ] Total time for which application threads were stopped: 0.0000278 seconds, Stopping threads took: 0.0000068 seconds
[2019-12-08T09:54:38.894+0000][1][safepoint    ] Application time: 0.0001283 seconds
[2019-12-08T09:54:38.894+0000][1][safepoint    ] Entering safepoint region: RevokeBias
[2019-12-08T09:54:38.894+0000][1][safepoint    ] Leaving safepoint region
[2019-12-08T09:54:38.894+0000][1][safepoint    ] Total time for which application threads were stopped: 0.0000297 seconds, Stopping threads took: 0.0000065 seconds
[2019-12-08T09:54:39.501+0000][1][safepoint    ] Application time: 0.6071612 seconds
[2019-12-08T09:54:39.510+0000][1][safepoint    ] Entering safepoint region: GenCollectForAllocation
[2019-12-08T09:54:39.511+0000][1][gc,start     ] GC(0) Pause Young (Allocation Failure)
[2019-12-08T09:54:39.534+0000][1][gc,task      ] GC(0) Using 4 workers of 4 for evacuation
[2019-12-08T09:54:39.580+0000][1][gc,age       ] GC(0) Desired survivor size 4456448 bytes, new threshold 1 (max threshold 6)
[2019-12-08T09:54:39.580+0000][1][gc,age       ] GC(0) Age table with threshold 1 (max threshold 6)
[2019-12-08T09:54:39.580+0000][1][gc,age       ] GC(0) - age   1:    6756232 bytes,    6756232 total
[2019-12-08T09:54:39.580+0000][1][gc,heap      ] GC(0) ParNew: 69952K->6679K(78656K)
[2019-12-08T09:54:39.580+0000][1][gc,heap      ] GC(0) CMS: 0K->0K(174784K)
[2019-12-08T09:54:39.580+0000][1][gc,metaspace ] GC(0) Metaspace: 12898K->12898K(1060864K)
[2019-12-08T09:54:39.580+0000][1][gc           ] GC(0) Pause Young (Allocation Failure) 68M->6M(247M) 69.584ms
[2019-12-08T09:54:39.580+0000][1][gc,cpu       ] GC(0) User=0.05s Sys=0.00s Real=0.07s
[2019-12-08T09:54:39.580+0000][1][safepoint    ] Leaving safepoint region
[2019-12-08T09:54:39.580+0000][1][safepoint    ] Total time for which application threads were stopped: 0.0794808 seconds, Stopping threads took: 0.0097502 seconds
[2019-12-08T09:54:39.585+0000][1][safepoint    ] Application time: 0.0050165 seconds
[2019-12-08T09:54:39.589+0000][1][safepoint    ] Entering safepoint region: RevokeBias
[2019-12-08T09:54:39.589+0000][1][safepoint    ] Leaving safepoint region
[2019-12-08T09:54:39.589+0000][1][safepoint    ] Total time for which application threads were stopped: 0.0040728 seconds, Stopping threads took: 0.0040172 seconds
[2019-12-08T09:54:39.605+0000][1][safepoint    ] Application time: 0.0154698 seconds
[2019-12-08T09:54:39.614+0000][1][safepoint    ] Entering safepoint region: RevokeBias
[2019-12-08T09:54:39.614+0000][1][safepoint    ] Leaving safepoint region
[2019-12-08T09:54:39.614+0000][1][safepoint    ] Total time for which application threads were stopped: 0.0088448 seconds, Stopping threads took: 0.0087504 seconds
[2019-12-08T09:54:39.614+0000][1][safepoint    ] Application time: 0.0000607 seconds
[2019-12-08T09:54:39.614+0000][1][safepoint    ] Entering safepoint region: RevokeBias
[2019-12-08T09:54:39.614+0000][1][safepoint    ] Leaving safepoint region
[2019-12-08T09:54:39.614+0000][1][safepoint    ] Total time for which application threads were stopped: 0.0000567 seconds, Stopping threads took: 0.0000080 seconds
[2019-12-08T09:54:39.614+0000][1][safepoint    ] Application time: 0.0000569 seconds
[2019-12-08T09:54:39.614+0000][1][safepoint    ] Entering safepoint region: RevokeBias
[2019-12-08T09:54:39.614+0000][1][safepoint    ] Leaving safepoint region
[2019-12-08T09:54:39.614+0000][1][safepoint    ] Total time for which application threads were stopped: 0.0000515 seconds, Stopping threads took: 0.0000066 seconds
[2019-12-08T09:54:39.614+0000][1][safepoint    ] Application time: 0.0000437 seconds
[2019-12-08T09:54:39.614+0000][1][safepoint    ] Entering safepoint region: RevokeBias
[2019-12-08T09:54:39.614+0000][1][safepoint    ] Leaving safepoint region
[2019-12-08T09:54:39.614+0000][1][safepoint    ] Total time for which application threads were stopped: 0.0000501 seconds, Stopping threads took: 0.0000066 seconds
[2019-12-08T09:54:39.614+0000][1][safepoint    ] Application time: 0.0000517 seconds
[2019-12-08T09:54:39.614+0000][1][safepoint    ] Entering safepoint region: RevokeBias
[2019-12-08T09:54:39.614+0000][1][safepoint    ] Leaving safepoint region
[2019-12-08T09:54:39.614+0000][1][safepoint    ] Total time for which application threads were stopped: 0.0000513 seconds, Stopping threads took: 0.0000070 seconds
[2019-12-08T09:54:39.614+0000][1][safepoint    ] Application time: 0.0000439 seconds
[2019-12-08T09:54:39.614+0000][1][safepoint    ] Entering safepoint region: RevokeBias
[2019-12-08T09:54:39.614+0000][1][safepoint    ] Leaving safepoint region
[2019-12-08T09:54:39.614+0000][1][safepoint    ] Total time for which application threads were stopped: 0.0000589 seconds, Stopping threads took: 0.0000147 seconds
[2019-12-08T09:54:39.614+0000][1][safepoint    ] Application time: 0.0000489 seconds
[2019-12-08T09:54:39.614+0000][1][safepoint    ] Entering safepoint region: RevokeBias
[2019-12-08T09:54:39.614+0000][1][safepoint    ] Leaving safepoint region
[2019-12-08T09:54:39.614+0000][1][safepoint    ] Total time for which application threads were stopped: 0.0000503 seconds, Stopping threads took: 0.0000067 seconds
[2019-12-08T09:54:39.614+0000][1][safepoint    ] Application time: 0.0000439 seconds
[2019-12-08T09:54:39.614+0000][1][safepoint    ] Entering safepoint region: RevokeBias
[2019-12-08T09:54:39.615+0000][1][safepoint    ] Leaving safepoint region
[2019-12-08T09:54:39.615+0000][1][safepoint    ] Total time for which application threads were stopped: 0.0000489 seconds, Stopping threads took: 0.0000064 seconds
[2019-12-08T09:54:39.615+0000][1][safepoint    ] Application time: 0.0000497 seconds
[2019-12-08T09:54:39.615+0000][1][safepoint    ] Entering safepoint region: RevokeBias
[2019-12-08T09:54:39.615+0000][1][safepoint    ] Leaving safepoint region
[2019-12-08T09:54:39.615+0000][1][safepoint    ] Total time for which application threads were stopped: 0.0000489 seconds, Stopping threads took: 0.0000068 seconds
[2019-12-08T09:54:39.615+0000][1][safepoint    ] Application time: 0.0000556 seconds
[2019-12-08T09:54:39.615+0000][1][safepoint    ] Entering safepoint region: RevokeBias
[2019-12-08T09:54:39.615+0000][1][safepoint    ] Leaving safepoint region
[2019-12-08T09:54:39.615+0000][1][safepoint    ] Total time for which application threads were stopped: 0.0000491 seconds, Stopping threads took: 0.0000066 seconds
[2019-12-08T09:54:39.615+0000][1][safepoint    ] Application time: 0.0000619 seconds
[2019-12-08T09:54:39.615+0000][1][safepoint    ] Entering safepoint region: RevokeBias
[2019-12-08T09:54:39.615+0000][1][safepoint    ] Leaving safepoint region
[2019-12-08T09:54:39.615+0000][1][safepoint    ] Total time for which application threads were stopped: 0.0000525 seconds, Stopping threads took: 0.0000063 seconds
[2019-12-08T09:54:39.615+0000][1][safepoint    ] Application time: 0.0000430 seconds
[2019-12-08T09:54:39.615+0000][1][safepoint    ] Entering safepoint region: RevokeBias
[2019-12-08T09:54:39.615+0000][1][safepoint    ] Leaving safepoint region
[2019-12-08T09:54:39.615+0000][1][safepoint    ] Total time for which application threads were stopped: 0.0000706 seconds, Stopping threads took: 0.0000054 seconds
[2019-12-08T09:54:39.615+0000][1][safepoint    ] Application time: 0.0000500 seconds
[2019-12-08T09:54:39.615+0000][1][safepoint    ] Entering safepoint region: RevokeBias
[2019-12-08T09:54:39.615+0000][1][safepoint    ] Leaving safepoint region
[2019-12-08T09:54:39.615+0000][1][safepoint    ] Total time for which application threads were stopped: 0.0000495 seconds, Stopping threads took: 0.0000063 seconds
[2019-12-08T09:54:39.615+0000][1][safepoint    ] Application time: 0.0000443 seconds
[2019-12-08T09:54:39.615+0000][1][safepoint    ] Entering safepoint region: RevokeBias
[2019-12-08T09:54:39.615+0000][1][safepoint    ] Leaving safepoint region
[2019-12-08T09:54:39.615+0000][1][safepoint    ] Total time for which application threads were stopped: 0.0000485 seconds, Stopping threads took: 0.0000063 seconds
[2019-12-08T09:54:39.615+0000][1][safepoint    ] Application time: 0.0000515 seconds
[2019-12-08T09:54:39.615+0000][1][safepoint    ] Entering safepoint region: RevokeBias
[2019-12-08T09:54:39.615+0000][1][safepoint    ] Leaving safepoint region
[2019-12-08T09:54:39.615+0000][1][safepoint    ] Total time for which application threads were stopped: 0.0000504 seconds, Stopping threads took: 0.0000065 seconds
[2019-12-08T09:54:39.615+0000][1][safepoint    ] Application time: 0.0000442 seconds
[2019-12-08T09:54:39.615+0000][1][safepoint    ] Entering safepoint region: RevokeBias
[2019-12-08T09:54:39.615+0000][1][safepoint    ] Leaving safepoint region
[2019-12-08T09:54:39.615+0000][1][safepoint    ] Total time for which application threads were stopped: 0.0000553 seconds, Stopping threads took: 0.0000123 seconds
[2019-12-08T09:54:39.616+0000][1][safepoint    ] Application time: 0.0000570 seconds
[2019-12-08T09:54:39.616+0000][1][safepoint    ] Entering safepoint region: RevokeBias
[2019-12-08T09:54:39.616+0000][1][safepoint    ] Leaving safepoint region
[2019-12-08T09:54:39.616+0000][1][safepoint    ] Total time for which application threads were stopped: 0.0000504 seconds, Stopping threads took: 0.0000066 seconds
[2019-12-08T09:54:39.616+0000][1][safepoint    ] Application time: 0.0000448 seconds
[2019-12-08T09:54:39.616+0000][1][safepoint    ] Entering safepoint region: RevokeBias
[2019-12-08T09:54:39.616+0000][1][safepoint    ] Leaving safepoint region
[2019-12-08T09:54:39.616+0000][1][safepoint    ] Total time for which application threads were stopped: 0.0000663 seconds, Stopping threads took: 0.0000066 seconds
[2019-12-08T09:54:39.616+0000][1][safepoint    ] Application time: 0.0000783 seconds
[2019-12-08T09:54:39.616+0000][1][safepoint    ] Entering safepoint region: RevokeBias
[2019-12-08T09:54:39.616+0000][1][safepoint    ] Leaving safepoint region
[2019-12-08T09:54:39.616+0000][1][safepoint    ] Total time for which application threads were stopped: 0.0000545 seconds, Stopping threads took: 0.0000072 seconds
[2019-12-08T09:54:39.616+0000][1][safepoint    ] Application time: 0.0000447 seconds
[2019-12-08T09:54:39.616+0000][1][safepoint    ] Entering safepoint region: RevokeBias
[2019-12-08T09:54:39.616+0000][1][safepoint    ] Leaving safepoint region
[2019-12-08T09:54:39.616+0000][1][safepoint    ] Total time for which application threads were stopped: 0.0000503 seconds, Stopping threads took: 0.0000067 seconds
[2019-12-08T09:54:39.616+0000][1][safepoint    ] Application time: 0.0000500 seconds
[2019-12-08T09:54:39.616+0000][1][safepoint    ] Entering safepoint region: RevokeBias
[2019-12-08T09:54:39.616+0000][1][safepoint    ] Leaving safepoint region
[2019-12-08T09:54:39.616+0000][1][safepoint    ] Total time for which application threads were stopped: 0.0000479 seconds, Stopping threads took: 0.0000066 seconds
[2019-12-08T09:54:39.616+0000][1][safepoint    ] Application time: 0.0000454 seconds
[2019-12-08T09:54:39.616+0000][1][safepoint    ] Entering safepoint region: RevokeBias
[2019-12-08T09:54:39.616+0000][1][safepoint    ] Leaving safepoint region
[2019-12-08T09:54:39.616+0000][1][safepoint    ] Total time for which application threads were stopped: 0.0000493 seconds, Stopping threads took: 0.0000063 seconds
[2019-12-08T09:54:39.616+0000][1][safepoint    ] Application time: 0.0000513 seconds
[2019-12-08T09:54:39.616+0000][1][safepoint    ] Entering safepoint region: RevokeBias
[2019-12-08T09:54:39.616+0000][1][safepoint    ] Leaving safepoint region
[2019-12-08T09:54:39.616+0000][1][safepoint    ] Total time for which application threads were stopped: 0.0000498 seconds, Stopping threads took: 0.0000065 seconds
[2019-12-08T09:54:39.616+0000][1][safepoint    ] Application time: 0.0000445 seconds
[2019-12-08T09:54:39.616+0000][1][safepoint    ] Entering safepoint region: RevokeBias
[2019-12-08T09:54:39.616+0000][1][safepoint    ] Leaving safepoint region
[2019-12-08T09:54:39.616+0000][1][safepoint    ] Total time for which application threads were stopped: 0.0000488 seconds, Stopping threads took: 0.0000065 seconds
[2019-12-08T09:54:39.616+0000][1][safepoint    ] Application time: 0.0000700 seconds
[2019-12-08T09:54:39.616+0000][1][safepoint    ] Entering safepoint region: RevokeBias
[2019-12-08T09:54:39.617+0000][1][safepoint    ] Leaving safepoint region
[2019-12-08T09:54:39.617+0000][1][safepoint    ] Total time for which application threads were stopped: 0.0000513 seconds, Stopping threads took: 0.0000070 seconds
[2019-12-08T09:54:39.617+0000][1][safepoint    ] Application time: 0.0000453 seconds
[2019-12-08T09:54:39.617+0000][1][safepoint    ] Entering safepoint region: RevokeBias
[2019-12-08T09:54:39.617+0000][1][safepoint    ] Leaving safepoint region
[2019-12-08T09:54:39.617+0000][1][safepoint    ] Total time for which application threads were stopped: 0.0000559 seconds, Stopping threads took: 0.0000115 seconds
[2019-12-08T09:54:39.617+0000][1][safepoint    ] Application time: 0.0003444 seconds
[2019-12-08T09:54:39.617+0000][1][safepoint    ] Entering safepoint region: RevokeBias
[2019-12-08T09:54:39.617+0000][1][safepoint    ] Leaving safepoint region
[2019-12-08T09:54:39.617+0000][1][safepoint    ] Total time for which application threads were stopped: 0.0000721 seconds, Stopping threads took: 0.0000093 seconds
[2019-12-08T09:54:39.617+0000][1][safepoint    ] Application time: 0.0000574 seconds
[2019-12-08T09:54:39.617+0000][1][safepoint    ] Entering safepoint region: RevokeBias
[2019-12-08T09:54:39.617+0000][1][safepoint    ] Leaving safepoint region
[2019-12-08T09:54:39.617+0000][1][safepoint    ] Total time for which application threads were stopped: 0.0000558 seconds, Stopping threads took: 0.0000083 seconds
[2019-12-08T09:54:39.617+0000][1][safepoint    ] Application time: 0.0000644 seconds
[2019-12-08T09:54:39.617+0000][1][safepoint    ] Entering safepoint region: RevokeBias
[2019-12-08T09:54:39.617+0000][1][safepoint    ] Leaving safepoint region
[2019-12-08T09:54:39.617+0000][1][safepoint    ] Total time for which application threads were stopped: 0.0000579 seconds, Stopping threads took: 0.0000084 seconds
[2019-12-08T09:54:39.617+0000][1][safepoint    ] Application time: 0.0000534 seconds
[2019-12-08T09:54:39.617+0000][1][safepoint    ] Entering safepoint region: RevokeBias
[2019-12-08T09:54:39.617+0000][1][safepoint    ] Leaving safepoint region
[2019-12-08T09:54:39.617+0000][1][safepoint    ] Total time for which application threads were stopped: 0.0000528 seconds, Stopping threads took: 0.0000071 seconds
[2019-12-08T09:54:40.564+0000][1][safepoint    ] Application time: 0.9467169 seconds
[2019-12-08T09:54:40.565+0000][1][safepoint    ] Entering safepoint region: RevokeBias
[2019-12-08T09:54:40.565+0000][1][safepoint    ] Leaving safepoint region
[2019-12-08T09:54:40.566+0000][1][safepoint    ] Total time for which application threads were stopped: 0.0012587 seconds, Stopping threads took: 0.0011101 seconds
[2019-12-08T09:54:41.213+0000][1][safepoint    ] Application time: 0.6472117 seconds
[2019-12-08T09:54:41.213+0000][1][safepoint    ] Entering safepoint region: GenCollectForAllocation
[2019-12-08T09:54:41.213+0000][1][gc,start     ] GC(1) Pause Young (Allocation Failure)
[2019-12-08T09:54:41.213+0000][1][gc,task      ] GC(1) Using 4 workers of 4 for evacuation
[2019-12-08T09:54:41.387+0000][1][gc,age       ] GC(1) Desired survivor size 4456448 bytes, new threshold 6 (max threshold 6)
[2019-12-08T09:54:41.387+0000][1][gc,age       ] GC(1) Age table with threshold 6 (max threshold 6)
[2019-12-08T09:54:41.387+0000][1][gc,age       ] GC(1) - age   1:    1215600 bytes,    1215600 total
[2019-12-08T09:54:41.387+0000][1][gc,heap      ] GC(1) ParNew: 76631K->4130K(78656K)
[2019-12-08T09:54:41.387+0000][1][gc,heap      ] GC(1) CMS: 0K->7063K(174784K)
[2019-12-08T09:54:41.387+0000][1][gc,metaspace ] GC(1) Metaspace: 14892K->14892K(1062912K)
[2019-12-08T09:54:41.387+0000][1][gc           ] GC(1) Pause Young (Allocation Failure) 74M->10M(247M) 174.142ms
[2019-12-08T09:54:41.387+0000][1][gc,cpu       ] GC(1) User=0.14s Sys=0.00s Real=0.17s
[2019-12-08T09:54:41.387+0000][1][safepoint    ] Leaving safepoint region
[2019-12-08T09:54:41.387+0000][1][safepoint    ] Total time for which application threads were stopped: 0.1743863 seconds, Stopping threads took: 0.0000721 seconds
[2019-12-08T09:54:41.394+0000][1][safepoint    ] Application time: 0.0066808 seconds
[2019-12-08T09:54:41.430+0000][1][safepoint    ] Entering safepoint region: BulkRevokeBias
[2019-12-08T09:54:41.430+0000][1][safepoint    ] Leaving safepoint region
[2019-12-08T09:54:41.430+0000][1][safepoint    ] Total time for which application threads were stopped: 0.0360990 seconds, Stopping threads took: 0.0358825 seconds
[2019-12-08T09:54:41.430+0000][1][safepoint    ] Application time: 0.0001316 seconds
[2019-12-08T09:54:41.430+0000][1][safepoint    ] Entering safepoint region: RevokeBias
[2019-12-08T09:54:41.430+0000][1][safepoint    ] Leaving safepoint region
[2019-12-08T09:54:41.430+0000][1][safepoint    ] Total time for which application threads were stopped: 0.0000746 seconds, Stopping threads took: 0.0000095 seconds
[2019-12-08T09:54:41.430+0000][1][safepoint    ] Application time: 0.0000507 seconds
[2019-12-08T09:54:41.430+0000][1][safepoint    ] Entering safepoint region: RevokeBias
[2019-12-08T09:54:41.430+0000][1][safepoint    ] Leaving safepoint region
[2019-12-08T09:54:41.430+0000][1][safepoint    ] Total time for which application threads were stopped: 0.0000674 seconds, Stopping threads took: 0.0000073 seconds
[2019-12-08T09:54:41.430+0000][1][safepoint    ] Application time: 0.0000307 seconds
[2019-12-08T09:54:41.430+0000][1][safepoint    ] Entering safepoint region: RevokeBias
[2019-12-08T09:54:41.430+0000][1][safepoint    ] Leaving safepoint region
[2019-12-08T09:54:41.430+0000][1][safepoint    ] Total time for which application threads were stopped: 0.0000616 seconds, Stopping threads took: 0.0000068 seconds
[2019-12-08T09:54:41.430+0000][1][safepoint    ] Application time: 0.0000397 seconds
[2019-12-08T09:54:41.430+0000][1][safepoint    ] Entering safepoint region: RevokeBias
[2019-12-08T09:54:41.431+0000][1][safepoint    ] Leaving safepoint region
[2019-12-08T09:54:41.431+0000][1][safepoint    ] Total time for which application threads were stopped: 0.0000603 seconds, Stopping threads took: 0.0000062 seconds
[2019-12-08T09:54:41.431+0000][1][safepoint    ] Application time: 0.0000304 seconds
[2019-12-08T09:54:41.431+0000][1][safepoint    ] Entering safepoint region: RevokeBias
[2019-12-08T09:54:41.431+0000][1][safepoint    ] Leaving safepoint region
[2019-12-08T09:54:41.431+0000][1][safepoint    ] Total time for which application threads were stopped: 0.0000612 seconds, Stopping threads took: 0.0000070 seconds
[2019-12-08T09:54:41.431+0000][1][safepoint    ] Application time: 0.0000499 seconds
[2019-12-08T09:54:41.431+0000][1][safepoint    ] Entering safepoint region: BulkRevokeBias
[2019-12-08T09:54:41.431+0000][1][safepoint    ] Leaving safepoint region
[2019-12-08T09:54:41.431+0000][1][safepoint    ] Total time for which application threads were stopped: 0.0000925 seconds, Stopping threads took: 0.0000076 seconds
[2019-12-08T09:54:41.431+0000][1][safepoint    ] Application time: 0.0000313 seconds
[2019-12-08T09:54:41.431+0000][1][safepoint    ] Entering safepoint region: RevokeBias
[2019-12-08T09:54:41.431+0000][1][safepoint    ] Leaving safepoint region
[2019-12-08T09:54:41.431+0000][1][safepoint    ] Total time for which application threads were stopped: 0.0000615 seconds, Stopping threads took: 0.0000064 seconds
[2019-12-08T09:54:41.431+0000][1][safepoint    ] Application time: 0.0000353 seconds
[2019-12-08T09:54:41.431+0000][1][safepoint    ] Entering safepoint region: BulkRevokeBias
[2019-12-08T09:54:41.431+0000][1][safepoint    ] Leaving safepoint region
[2019-12-08T09:54:41.431+0000][1][safepoint    ] Total time for which application threads were stopped: 0.0000899 seconds, Stopping threads took: 0.0000066 seconds
[2019-12-08T09:54:42.441+0000][1][safepoint    ] Application time: 1.0096491 seconds
[2019-12-08T09:54:42.445+0000][1][safepoint    ] Entering safepoint region: Cleanup
[2019-12-08T09:54:42.445+0000][1][safepoint    ] Leaving safepoint region
[2019-12-08T09:54:42.445+0000][1][safepoint    ] Total time for which application threads were stopped: 0.0040908 seconds, Stopping threads took: 0.0039885 seconds
[2019-12-08T09:54:42.722+0000][1][safepoint    ] Application time: 0.2768920 seconds
[2019-12-08T09:54:42.722+0000][1][safepoint    ] Entering safepoint region: Deoptimize
[2019-12-08T09:54:42.722+0000][1][safepoint    ] Leaving safepoint region
[2019-12-08T09:54:42.722+0000][1][safepoint    ] Total time for which application threads were stopped: 0.0003827 seconds, Stopping threads took: 0.0000113 seconds
[2019-12-08T09:54:42.723+0000][1][safepoint    ] Application time: 0.0004823 seconds
[2019-12-08T09:54:42.723+0000][1][safepoint    ] Entering safepoint region: Deoptimize
[2019-12-08T09:54:42.723+0000][1][safepoint    ] Leaving safepoint region
[2019-12-08T09:54:42.723+0000][1][safepoint    ] Total time for which application threads were stopped: 0.0003405 seconds, Stopping threads took: 0.0000320 seconds
[2019-12-08T09:54:42.990+0000][1][safepoint    ] Application time: 0.2669483 seconds
[2019-12-08T09:54:42.990+0000][1][safepoint    ] Entering safepoint region: GenCollectForAllocation
[2019-12-08T09:54:42.990+0000][1][gc,start     ] GC(2) Pause Young (Allocation Failure)
[2019-12-08T09:54:42.990+0000][1][gc,task      ] GC(2) Using 4 workers of 4 for evacuation
[2019-12-08T09:54:43.112+0000][1][gc,age       ] GC(2) Desired survivor size 4456448 bytes, new threshold 6 (max threshold 6)
[2019-12-08T09:54:43.112+0000][1][gc,age       ] GC(2) Age table with threshold 6 (max threshold 6)
[2019-12-08T09:54:43.112+0000][1][gc,age       ] GC(2) - age   1:    2217720 bytes,    2217720 total
[2019-12-08T09:54:43.112+0000][1][gc,age       ] GC(2) - age   2:     943896 bytes,    3161616 total
[2019-12-08T09:54:43.112+0000][1][gc,heap      ] GC(2) ParNew: 74082K->3291K(78656K)
[2019-12-08T09:54:43.112+0000][1][gc,heap      ] GC(2) CMS: 7063K->7063K(174784K)
[2019-12-08T09:54:43.112+0000][1][gc,metaspace ] GC(2) Metaspace: 17064K->17064K(1064960K)
[2019-12-08T09:54:43.112+0000][1][gc           ] GC(2) Pause Young (Allocation Failure) 79M->10M(247M) 121.940ms
[2019-12-08T09:54:43.112+0000][1][gc,cpu       ] GC(2) User=0.03s Sys=0.00s Real=0.13s
[2019-12-08T09:54:43.112+0000][1][safepoint    ] Leaving safepoint region
[2019-12-08T09:54:43.112+0000][1][safepoint    ] Total time for which application threads were stopped: 0.1220829 seconds, Stopping threads took: 0.0000130 seconds
[2019-12-08T09:54:43.119+0000][1][safepoint    ] Application time: 0.0069686 seconds
[2019-12-08T09:54:43.166+0000][1][safepoint    ] Entering safepoint region: RevokeBias
[2019-12-08T09:54:43.166+0000][1][safepoint    ] Leaving safepoint region
[2019-12-08T09:54:43.166+0000][1][safepoint    ] Total time for which application threads were stopped: 0.0468209 seconds, Stopping threads took: 0.0466879 seconds
[2019-12-08T09:54:43.168+0000][1][safepoint    ] Application time: 0.0018696 seconds
[2019-12-08T09:54:43.168+0000][1][safepoint    ] Entering safepoint region: RevokeBias
[2019-12-08T09:54:43.168+0000][1][safepoint    ] Leaving safepoint region
[2019-12-08T09:54:43.168+0000][1][safepoint    ] Total time for which application threads were stopped: 0.0001755 seconds, Stopping threads took: 0.0000676 seconds
[2019-12-08T09:54:43.168+0000][1][safepoint    ] Application time: 0.0000785 seconds
[2019-12-08T09:54:43.168+0000][1][safepoint    ] Entering safepoint region: RevokeBias
[2019-12-08T09:54:43.168+0000][1][safepoint    ] Leaving safepoint region
[2019-12-08T09:54:43.168+0000][1][safepoint    ] Total time for which application threads were stopped: 0.0000971 seconds, Stopping threads took: 0.0000092 seconds
[2019-12-08T09:54:43.168+0000][1][safepoint    ] Application time: 0.0000583 seconds
[2019-12-08T09:54:43.168+0000][1][safepoint    ] Entering safepoint region: RevokeBias
[2019-12-08T09:54:43.168+0000][1][safepoint    ] Leaving safepoint region
[2019-12-08T09:54:43.168+0000][1][safepoint    ] Total time for which application threads were stopped: 0.0000919 seconds, Stopping threads took: 0.0000082 seconds
[2019-12-08T09:54:43.168+0000][1][safepoint    ] Application time: 0.0000651 seconds
[2019-12-08T09:54:43.168+0000][1][safepoint    ] Entering safepoint region: RevokeBias
[2019-12-08T09:54:43.169+0000][1][safepoint    ] Leaving safepoint region
[2019-12-08T09:54:43.169+0000][1][safepoint    ] Total time for which application threads were stopped: 0.0000845 seconds, Stopping threads took: 0.0000176 seconds
[2019-12-08T09:54:43.169+0000][1][safepoint    ] Application time: 0.0000472 seconds
[2019-12-08T09:54:43.169+0000][1][safepoint    ] Entering safepoint region: RevokeBias
[2019-12-08T09:54:43.169+0000][1][safepoint    ] Leaving safepoint region
[2019-12-08T09:54:43.169+0000][1][safepoint    ] Total time for which application threads were stopped: 0.0000828 seconds, Stopping threads took: 0.0000161 seconds
[2019-12-08T09:54:43.169+0000][1][safepoint    ] Application time: 0.0000699 seconds
[2019-12-08T09:54:43.169+0000][1][safepoint    ] Entering safepoint region: RevokeBias
[2019-12-08T09:54:43.169+0000][1][safepoint    ] Leaving safepoint region
[2019-12-08T09:54:43.169+0000][1][safepoint    ] Total time for which application threads were stopped: 0.0000725 seconds, Stopping threads took: 0.0000071 seconds
[2019-12-08T09:54:43.169+0000][1][safepoint    ] Application time: 0.0000465 seconds
[2019-12-08T09:54:43.169+0000][1][safepoint    ] Entering safepoint region: RevokeBias
[2019-12-08T09:54:43.169+0000][1][safepoint    ] Leaving safepoint region
[2019-12-08T09:54:43.169+0000][1][safepoint    ] Total time for which application threads were stopped: 0.0000699 seconds, Stopping threads took: 0.0000066 seconds
[2019-12-08T09:54:43.169+0000][1][safepoint    ] Application time: 0.0000547 seconds
[2019-12-08T09:54:43.169+0000][1][safepoint    ] Entering safepoint region: RevokeBias
[2019-12-08T09:54:43.169+0000][1][safepoint    ] Leaving safepoint region
[2019-12-08T09:54:43.169+0000][1][safepoint    ] Total time for which application threads were stopped: 0.0000701 seconds, Stopping threads took: 0.0000071 seconds
[2019-12-08T09:54:43.169+0000][1][safepoint    ] Application time: 0.0000475 seconds
[2019-12-08T09:54:43.169+0000][1][safepoint    ] Entering safepoint region: RevokeBias
[2019-12-08T09:54:43.169+0000][1][safepoint    ] Leaving safepoint region
[2019-12-08T09:54:43.169+0000][1][safepoint    ] Total time for which application threads were stopped: 0.0000690 seconds, Stopping threads took: 0.0000069 seconds
[2019-12-08T09:54:43.169+0000][1][safepoint    ] Application time: 0.0000530 seconds
[2019-12-08T09:54:43.169+0000][1][safepoint    ] Entering safepoint region: RevokeBias
[2019-12-08T09:54:43.169+0000][1][safepoint    ] Leaving safepoint region
[2019-12-08T09:54:43.169+0000][1][safepoint    ] Total time for which application threads were stopped: 0.0000683 seconds, Stopping threads took: 0.0000071 seconds
[2019-12-08T09:54:43.169+0000][1][safepoint    ] Application time: 0.0000445 seconds
[2019-12-08T09:54:43.169+0000][1][safepoint    ] Entering safepoint region: RevokeBias
[2019-12-08T09:54:43.169+0000][1][safepoint    ] Leaving safepoint region
[2019-12-08T09:54:43.169+0000][1][safepoint    ] Total time for which application threads were stopped: 0.0000666 seconds, Stopping threads took: 0.0000062 seconds
[2019-12-08T09:54:43.170+0000][1][safepoint    ] Application time: 0.0000531 seconds
[2019-12-08T09:54:43.170+0000][1][safepoint    ] Entering safepoint region: RevokeBias
[2019-12-08T09:54:43.170+0000][1][safepoint    ] Leaving safepoint region
[2019-12-08T09:54:43.170+0000][1][safepoint    ] Total time for which application threads were stopped: 0.0000700 seconds, Stopping threads took: 0.0000065 seconds
[2019-12-08T09:54:43.170+0000][1][safepoint    ] Application time: 0.0000464 seconds
[2019-12-08T09:54:43.170+0000][1][safepoint    ] Entering safepoint region: RevokeBias
[2019-12-08T09:54:43.170+0000][1][safepoint    ] Leaving safepoint region
[2019-12-08T09:54:43.170+0000][1][safepoint    ] Total time for which application threads were stopped: 0.0001780 seconds, Stopping threads took: 0.0000725 seconds
[2019-12-08T09:54:43.170+0000][1][safepoint    ] Application time: 0.0000848 seconds
[2019-12-08T09:54:43.170+0000][1][safepoint    ] Entering safepoint region: RevokeBias
[2019-12-08T09:54:43.170+0000][1][safepoint    ] Leaving safepoint region
[2019-12-08T09:54:43.170+0000][1][safepoint    ] Total time for which application threads were stopped: 0.0000746 seconds, Stopping threads took: 0.0000075 seconds
[2019-12-08T09:54:43.174+0000][1][safepoint    ] Application time: 0.0038690 seconds
[2019-12-08T09:54:43.174+0000][1][safepoint    ] Entering safepoint region: RevokeBias
[2019-12-08T09:54:43.174+0000][1][safepoint    ] Leaving safepoint region
[2019-12-08T09:54:43.174+0000][1][safepoint    ] Total time for which application threads were stopped: 0.0001188 seconds, Stopping threads took: 0.0000178 seconds
[2019-12-08T09:54:43.174+0000][1][safepoint    ] Application time: 0.0000668 seconds
[2019-12-08T09:54:43.174+0000][1][safepoint    ] Entering safepoint region: RevokeBias
[2019-12-08T09:54:43.174+0000][1][safepoint    ] Leaving safepoint region
[2019-12-08T09:54:43.174+0000][1][safepoint    ] Total time for which application threads were stopped: 0.0000819 seconds, Stopping threads took: 0.0000081 seconds
[2019-12-08T09:54:43.174+0000][1][safepoint    ] Application time: 0.0000541 seconds
[2019-12-08T09:54:43.174+0000][1][safepoint    ] Entering safepoint region: RevokeBias
[2019-12-08T09:54:43.174+0000][1][safepoint    ] Leaving safepoint region
[2019-12-08T09:54:43.174+0000][1][safepoint    ] Total time for which application threads were stopped: 0.0000778 seconds, Stopping threads took: 0.0000080 seconds
[2019-12-08T09:54:43.174+0000][1][safepoint    ] Application time: 0.0000619 seconds
[2019-12-08T09:54:43.174+0000][1][safepoint    ] Entering safepoint region: RevokeBias
[2019-12-08T09:54:43.175+0000][1][safepoint    ] Leaving safepoint region
[2019-12-08T09:54:43.175+0000][1][safepoint    ] Total time for which application threads were stopped: 0.0000783 seconds, Stopping threads took: 0.0000080 seconds
[2019-12-08T09:54:43.175+0000][1][safepoint    ] Application time: 0.0002185 seconds
[2019-12-08T09:54:43.175+0000][1][safepoint    ] Entering safepoint region: RevokeBias
[2019-12-08T09:54:43.175+0000][1][safepoint    ] Leaving safepoint region
[2019-12-08T09:54:43.175+0000][1][safepoint    ] Total time for which application threads were stopped: 0.0000848 seconds, Stopping threads took: 0.0000088 seconds
[2019-12-08T09:54:43.175+0000][1][safepoint    ] Application time: 0.0000555 seconds
[2019-12-08T09:54:43.175+0000][1][safepoint    ] Entering safepoint region: RevokeBias
[2019-12-08T09:54:43.175+0000][1][safepoint    ] Leaving safepoint region
[2019-12-08T09:54:43.175+0000][1][safepoint    ] Total time for which application threads were stopped: 0.0000780 seconds, Stopping threads took: 0.0000079 seconds
[2019-12-08T09:54:43.968+0000][1][safepoint    ] Application time: 0.7933765 seconds
[2019-12-08T09:54:43.989+0000][1][safepoint    ] Entering safepoint region: GenCollectForAllocation
[2019-12-08T09:54:43.989+0000][1][gc,start     ] GC(3) Pause Young (Allocation Failure)
[2019-12-08T09:54:43.989+0000][1][gc,task      ] GC(3) Using 4 workers of 4 for evacuation
[2019-12-08T09:54:44.100+0000][1][gc,age       ] GC(3) Desired survivor size 4456448 bytes, new threshold 2 (max threshold 6)
[2019-12-08T09:54:44.100+0000][1][gc,age       ] GC(3) Age table with threshold 2 (max threshold 6)
[2019-12-08T09:54:44.100+0000][1][gc,age       ] GC(3) - age   1:    3313136 bytes,    3313136 total
[2019-12-08T09:54:44.100+0000][1][gc,age       ] GC(3) - age   2:    2039280 bytes,    5352416 total
[2019-12-08T09:54:44.100+0000][1][gc,age       ] GC(3) - age   3:     943768 bytes,    6296184 total
[2019-12-08T09:54:44.100+0000][1][gc,heap      ] GC(3) ParNew: 73243K->7619K(78656K)
[2019-12-08T09:54:44.100+0000][1][gc,heap      ] GC(3) CMS: 7063K->7063K(174784K)
[2019-12-08T09:54:44.100+0000][1][gc,metaspace ] GC(3) Metaspace: 18493K->18493K(1067008K)
[2019-12-08T09:54:44.100+0000][1][gc           ] GC(3) Pause Young (Allocation Failure) 78M->14M(247M) 111.128ms
[2019-12-08T09:54:44.100+0000][1][gc,cpu       ] GC(3) User=0.07s Sys=0.00s Real=0.11s
[2019-12-08T09:54:44.100+0000][1][safepoint    ] Leaving safepoint region
[2019-12-08T09:54:44.100+0000][1][safepoint    ] Total time for which application threads were stopped: 0.1316247 seconds, Stopping threads took: 0.0203429 seconds
[2019-12-08T09:54:44.109+0000][1][safepoint    ] Application time: 0.0090584 seconds
[2019-12-08T09:54:44.109+0000][1][safepoint    ] Entering safepoint region: BulkRevokeBias
[2019-12-08T09:54:44.109+0000][1][safepoint    ] Leaving safepoint region
[2019-12-08T09:54:44.109+0000][1][safepoint    ] Total time for which application threads were stopped: 0.0001905 seconds, Stopping threads took: 0.0000620 seconds
[2019-12-08T09:54:44.110+0000][1][safepoint    ] Application time: 0.0007545 seconds
[2019-12-08T09:54:44.110+0000][1][safepoint    ] Entering safepoint region: RevokeBias
[2019-12-08T09:54:44.110+0000][1][safepoint    ] Leaving safepoint region
[2019-12-08T09:54:44.110+0000][1][safepoint    ] Total time for which application threads were stopped: 0.0000629 seconds, Stopping threads took: 0.0000109 seconds
[2019-12-08T09:54:44.110+0000][1][safepoint    ] Application time: 0.0000691 seconds
[2019-12-08T09:54:44.110+0000][1][safepoint    ] Entering safepoint region: RevokeBias
[2019-12-08T09:54:44.110+0000][1][safepoint    ] Leaving safepoint region
[2019-12-08T09:54:44.110+0000][1][safepoint    ] Total time for which application threads were stopped: 0.0000461 seconds, Stopping threads took: 0.0000082 seconds
[2019-12-08T09:54:44.110+0000][1][safepoint    ] Application time: 0.0000528 seconds
[2019-12-08T09:54:44.110+0000][1][safepoint    ] Entering safepoint region: RevokeBias
[2019-12-08T09:54:44.110+0000][1][safepoint    ] Leaving safepoint region
[2019-12-08T09:54:44.110+0000][1][safepoint    ] Total time for which application threads were stopped: 0.0000405 seconds, Stopping threads took: 0.0000075 seconds
[2019-12-08T09:54:44.571+0000][1][safepoint    ] Application time: 0.4604452 seconds
[2019-12-08T09:54:44.571+0000][1][safepoint    ] Entering safepoint region: Deoptimize
[2019-12-08T09:54:44.571+0000][1][safepoint    ] Leaving safepoint region
[2019-12-08T09:54:44.571+0000][1][safepoint    ] Total time for which application threads were stopped: 0.0004095 seconds, Stopping threads took: 0.0000119 seconds
[2019-12-08T09:54:44.724+0000][1][safepoint    ] Application time: 0.1531506 seconds
[2019-12-08T09:54:44.725+0000][1][safepoint    ] Entering safepoint region: Deoptimize
[2019-12-08T09:54:44.725+0000][1][safepoint    ] Leaving safepoint region
[2019-12-08T09:54:44.725+0000][1][safepoint    ] Total time for which application threads were stopped: 0.0004297 seconds, Stopping threads took: 0.0000127 seconds
[2019-12-08T09:54:44.764+0000][1][safepoint    ] Application time: 0.0391968 seconds
[2019-12-08T09:54:44.764+0000][1][safepoint    ] Entering safepoint region: RevokeBias
[2019-12-08T09:54:44.764+0000][1][safepoint    ] Leaving safepoint region
[2019-12-08T09:54:44.764+0000][1][safepoint    ] Total time for which application threads were stopped: 0.0000834 seconds, Stopping threads took: 0.0000142 seconds
[2019-12-08T09:54:44.813+0000][1][safepoint    ] Application time: 0.0488286 seconds
[2019-12-08T09:54:44.813+0000][1][safepoint    ] Entering safepoint region: GenCollectForAllocation
[2019-12-08T09:54:44.813+0000][1][gc,start     ] GC(4) Pause Young (Allocation Failure)
[2019-12-08T09:54:44.813+0000][1][gc,task      ] GC(4) Using 4 workers of 4 for evacuation
[2019-12-08T09:54:44.887+0000][1][gc,age       ] GC(4) Desired survivor size 4456448 bytes, new threshold 6 (max threshold 6)
[2019-12-08T09:54:44.887+0000][1][gc,age       ] GC(4) Age table with threshold 6 (max threshold 6)
[2019-12-08T09:54:44.887+0000][1][gc,age       ] GC(4) - age   1:    2463320 bytes,    2463320 total
[2019-12-08T09:54:44.887+0000][1][gc,age       ] GC(4) - age   2:    1674072 bytes,    4137392 total
[2019-12-08T09:54:44.887+0000][1][gc,heap      ] GC(4) ParNew: 77571K->6359K(78656K)
[2019-12-08T09:54:44.887+0000][1][gc,heap      ] GC(4) CMS: 7063K->10008K(174784K)
[2019-12-08T09:54:44.887+0000][1][gc,metaspace ] GC(4) Metaspace: 18861K->18861K(1067008K)
[2019-12-08T09:54:44.887+0000][1][gc           ] GC(4) Pause Young (Allocation Failure) 82M->15M(247M) 73.739ms
[2019-12-08T09:54:44.887+0000][1][gc,cpu       ] GC(4) User=0.09s Sys=0.00s Real=0.07s
[2019-12-08T09:54:44.887+0000][1][safepoint    ] Leaving safepoint region
[2019-12-08T09:54:44.887+0000][1][safepoint    ] Total time for which application threads were stopped: 0.0738603 seconds, Stopping threads took: 0.0000116 seconds
[2019-12-08T09:54:44.892+0000][1][safepoint    ] Application time: 0.0050714 seconds
[2019-12-08T09:54:44.959+0000][1][safepoint    ] Entering safepoint region: RevokeBias
[2019-12-08T09:54:44.959+0000][1][safepoint    ] Leaving safepoint region
[2019-12-08T09:54:44.959+0000][1][safepoint    ] Total time for which application threads were stopped: 0.0667256 seconds, Stopping threads took: 0.0666514 seconds
[2019-12-08T09:54:44.966+0000][1][safepoint    ] Application time: 0.0068773 seconds
[2019-12-08T09:54:44.966+0000][1][safepoint    ] Entering safepoint region: RevokeBias
[2019-12-08T09:54:44.966+0000][1][safepoint    ] Leaving safepoint region
[2019-12-08T09:54:44.966+0000][1][safepoint    ] Total time for which application threads were stopped: 0.0000743 seconds, Stopping threads took: 0.0000133 seconds
[2019-12-08T09:54:44.982+0000][1][safepoint    ] Application time: 0.0159079 seconds
[2019-12-08T09:54:44.982+0000][1][safepoint    ] Entering safepoint region: RevokeBias
[2019-12-08T09:54:44.982+0000][1][safepoint    ] Leaving safepoint region
[2019-12-08T09:54:44.982+0000][1][safepoint    ] Total time for which application threads were stopped: 0.0000727 seconds, Stopping threads took: 0.0000131 seconds
[2019-12-08T09:54:44.999+0000][1][safepoint    ] Application time: 0.0171651 seconds
[2019-12-08T09:54:44.999+0000][1][safepoint    ] Entering safepoint region: RevokeBias
[2019-12-08T09:54:44.999+0000][1][safepoint    ] Leaving safepoint region
[2019-12-08T09:54:44.999+0000][1][safepoint    ] Total time for which application threads were stopped: 0.0000649 seconds, Stopping threads took: 0.0000133 seconds
[2019-12-08T09:54:44.999+0000][1][safepoint    ] Application time: 0.0000864 seconds
[2019-12-08T09:54:44.999+0000][1][safepoint    ] Entering safepoint region: RevokeBias
[2019-12-08T09:54:44.999+0000][1][safepoint    ] Leaving safepoint region
[2019-12-08T09:54:44.999+0000][1][safepoint    ] Total time for which application threads were stopped: 0.0000991 seconds, Stopping threads took: 0.0000398 seconds
[2019-12-08T09:54:44.999+0000][1][safepoint    ] Application time: 0.0000517 seconds
[2019-12-08T09:54:44.999+0000][1][safepoint    ] Entering safepoint region: RevokeBias
[2019-12-08T09:54:44.999+0000][1][safepoint    ] Leaving safepoint region
[2019-12-08T09:54:44.999+0000][1][safepoint    ] Total time for which application threads were stopped: 0.0000558 seconds, Stopping threads took: 0.0000080 seconds
[2019-12-08T09:54:45.000+0000][1][safepoint    ] Application time: 0.0000580 seconds
[2019-12-08T09:54:45.000+0000][1][safepoint    ] Entering safepoint region: RevokeBias
[2019-12-08T09:54:45.000+0000][1][safepoint    ] Leaving safepoint region
[2019-12-08T09:54:45.000+0000][1][safepoint    ] Total time for which application threads were stopped: 0.0000558 seconds, Stopping threads took: 0.0000079 seconds
[2019-12-08T09:54:45.000+0000][1][safepoint    ] Application time: 0.0000493 seconds
[2019-12-08T09:54:45.000+0000][1][safepoint    ] Entering safepoint region: RevokeBias
[2019-12-08T09:54:45.000+0000][1][safepoint    ] Leaving safepoint region
[2019-12-08T09:54:45.000+0000][1][safepoint    ] Total time for which application threads were stopped: 0.0000735 seconds, Stopping threads took: 0.0000072 seconds
[2019-12-08T09:54:45.089+0000][1][safepoint    ] Application time: 0.0888503 seconds
[2019-12-08T09:54:45.089+0000][1][safepoint    ] Entering safepoint region: RevokeBias
[2019-12-08T09:54:45.089+0000][1][safepoint    ] Leaving safepoint region
[2019-12-08T09:54:45.089+0000][1][safepoint    ] Total time for which application threads were stopped: 0.0000601 seconds, Stopping threads took: 0.0000121 seconds
[2019-12-08T09:54:45.313+0000][1][safepoint    ] Application time: 0.2243072 seconds
[2019-12-08T09:54:45.313+0000][1][safepoint    ] Entering safepoint region: GenCollectForAllocation
[2019-12-08T09:54:45.313+0000][1][gc,start     ] GC(5) Pause Young (Allocation Failure)
[2019-12-08T09:54:45.313+0000][1][gc,task      ] GC(5) Using 4 workers of 4 for evacuation
[2019-12-08T09:54:45.360+0000][1][gc,age       ] GC(5) Desired survivor size 4456448 bytes, new threshold 6 (max threshold 6)
[2019-12-08T09:54:45.360+0000][1][gc,age       ] GC(5) Age table with threshold 6 (max threshold 6)
[2019-12-08T09:54:45.360+0000][1][gc,age       ] GC(5) - age   1:     867568 bytes,     867568 total
[2019-12-08T09:54:45.360+0000][1][gc,age       ] GC(5) - age   2:    1865256 bytes,    2732824 total
[2019-12-08T09:54:45.360+0000][1][gc,age       ] GC(5) - age   3:    1673264 bytes,    4406088 total
[2019-12-08T09:54:45.360+0000][1][gc,heap      ] GC(5) ParNew: 76311K->5346K(78656K)
[2019-12-08T09:54:45.360+0000][1][gc,heap      ] GC(5) CMS: 10008K->10008K(174784K)
[2019-12-08T09:54:45.360+0000][1][gc,metaspace ] GC(5) Metaspace: 19069K->19069K(1067008K)
[2019-12-08T09:54:45.360+0000][1][gc           ] GC(5) Pause Young (Allocation Failure) 84M->14M(247M) 46.924ms
[2019-12-08T09:54:45.360+0000][1][gc,cpu       ] GC(5) User=0.03s Sys=0.00s Real=0.04s
[2019-12-08T09:54:45.360+0000][1][safepoint    ] Leaving safepoint region
[2019-12-08T09:54:45.360+0000][1][safepoint    ] Total time for which application threads were stopped: 0.0470768 seconds, Stopping threads took: 0.0000226 seconds
[2019-12-08T09:54:45.361+0000][1][safepoint    ] Application time: 0.0007965 seconds
[2019-12-08T09:54:45.361+0000][1][safepoint    ] Entering safepoint region: RevokeBias
[2019-12-08T09:54:45.361+0000][1][safepoint    ] Leaving safepoint region
[2019-12-08T09:54:45.361+0000][1][safepoint    ] Total time for which application threads were stopped: 0.0001600 seconds, Stopping threads took: 0.0000533 seconds
[2019-12-08T09:54:45.361+0000][1][safepoint    ] Application time: 0.0000606 seconds
[2019-12-08T09:54:45.361+0000][1][safepoint    ] Entering safepoint region: RevokeBias
[2019-12-08T09:54:45.361+0000][1][safepoint    ] Leaving safepoint region
[2019-12-08T09:54:45.361+0000][1][safepoint    ] Total time for which application threads were stopped: 0.0000732 seconds, Stopping threads took: 0.0000083 seconds
[2019-12-08T09:54:45.361+0000][1][safepoint    ] Application time: 0.0000630 seconds
[2019-12-08T09:54:45.361+0000][1][safepoint    ] Entering safepoint region: RevokeBias
[2019-12-08T09:54:45.361+0000][1][safepoint    ] Leaving safepoint region
[2019-12-08T09:54:45.361+0000][1][safepoint    ] Total time for which application threads were stopped: 0.0000682 seconds, Stopping threads took: 0.0000078 seconds
[2019-12-08T09:54:45.361+0000][1][safepoint    ] Application time: 0.0000510 seconds
[2019-12-08T09:54:45.361+0000][1][safepoint    ] Entering safepoint region: RevokeBias
[2019-12-08T09:54:45.361+0000][1][safepoint    ] Leaving safepoint region
[2019-12-08T09:54:45.361+0000][1][safepoint    ] Total time for which application threads were stopped: 0.0000601 seconds, Stopping threads took: 0.0000074 seconds
[2019-12-08T09:54:45.362+0000][1][safepoint    ] Application time: 0.0000566 seconds
[2019-12-08T09:54:45.362+0000][1][safepoint    ] Entering safepoint region: RevokeBias
[2019-12-08T09:54:45.362+0000][1][safepoint    ] Leaving safepoint region
[2019-12-08T09:54:45.362+0000][1][safepoint    ] Total time for which application threads were stopped: 0.0000671 seconds, Stopping threads took: 0.0000081 seconds
[2019-12-08T09:54:45.362+0000][1][safepoint    ] Application time: 0.0000577 seconds
[2019-12-08T09:54:45.362+0000][1][safepoint    ] Entering safepoint region: BulkRevokeBias
[2019-12-08T09:54:45.362+0000][1][safepoint    ] Leaving safepoint region
[2019-12-08T09:54:45.362+0000][1][safepoint    ] Total time for which application threads were stopped: 0.0000940 seconds, Stopping threads took: 0.0000069 seconds
[2019-12-08T09:54:45.413+0000][1][safepoint    ] Application time: 0.0510162 seconds
[2019-12-08T09:54:45.413+0000][1][safepoint    ] Entering safepoint region: BulkRevokeBias
[2019-12-08T09:54:45.413+0000][1][safepoint    ] Leaving safepoint region
[2019-12-08T09:54:45.413+0000][1][safepoint    ] Total time for which application threads were stopped: 0.0001184 seconds, Stopping threads took: 0.0000117 seconds
[2019-12-08T09:54:45.650+0000][1][safepoint    ] Application time: 0.2371347 seconds
[2019-12-08T09:54:45.653+0000][1][safepoint    ] Entering safepoint region: GenCollectForAllocation
[2019-12-08T09:54:45.653+0000][1][gc,start     ] GC(6) Pause Young (Allocation Failure)
[2019-12-08T09:54:45.653+0000][1][gc,task      ] GC(6) Using 4 workers of 4 for evacuation
[2019-12-08T09:54:45.712+0000][1][gc,age       ] GC(6) Desired survivor size 4456448 bytes, new threshold 3 (max threshold 6)
[2019-12-08T09:54:45.712+0000][1][gc,age       ] GC(6) Age table with threshold 3 (max threshold 6)
[2019-12-08T09:54:45.712+0000][1][gc,age       ] GC(6) - age   1:    1939376 bytes,    1939376 total
[2019-12-08T09:54:45.712+0000][1][gc,age       ] GC(6) - age   2:     856648 bytes,    2796024 total
[2019-12-08T09:54:45.712+0000][1][gc,age       ] GC(6) - age   3:    1865232 bytes,    4661256 total
[2019-12-08T09:54:45.712+0000][1][gc,age       ] GC(6) - age   4:    1673264 bytes,    6334520 total
[2019-12-08T09:54:45.712+0000][1][gc,heap      ] GC(6) ParNew: 75298K->7412K(78656K)
[2019-12-08T09:54:45.712+0000][1][gc,heap      ] GC(6) CMS: 10008K->10008K(174784K)
[2019-12-08T09:54:45.712+0000][1][gc,metaspace ] GC(6) Metaspace: 19604K->19604K(1067008K)
[2019-12-08T09:54:45.712+0000][1][gc           ] GC(6) Pause Young (Allocation Failure) 83M->17M(247M) 58.826ms
[2019-12-08T09:54:45.712+0000][1][gc,cpu       ] GC(6) User=0.01s Sys=0.00s Real=0.06s
[2019-12-08T09:54:45.712+0000][1][safepoint    ] Leaving safepoint region
[2019-12-08T09:54:45.712+0000][1][safepoint    ] Total time for which application threads were stopped: 0.0618279 seconds, Stopping threads took: 0.0028876 seconds
[2019-12-08T09:54:46.151+0000][1][safepoint    ] Application time: 0.4387384 seconds
[2019-12-08T09:54:46.151+0000][1][safepoint    ] Entering safepoint region: CollectForMetadataAllocation
[2019-12-08T09:54:46.151+0000][1][safepoint    ] Leaving safepoint region
[2019-12-08T09:54:46.151+0000][1][safepoint    ] Total time for which application threads were stopped: 0.0002575 seconds, Stopping threads took: 0.0000131 seconds
[2019-12-08T09:54:46.217+0000][1][safepoint    ] Application time: 0.0662573 seconds
[2019-12-08T09:54:46.217+0000][1][safepoint    ] Entering safepoint region: CollectForMetadataAllocation
[2019-12-08T09:54:46.218+0000][1][safepoint    ] Leaving safepoint region
[2019-12-08T09:54:46.218+0000][1][safepoint    ] Total time for which application threads were stopped: 0.0002381 seconds, Stopping threads took: 0.0000137 seconds
[2019-12-08T09:54:46.234+0000][1][safepoint    ] Application time: 0.0167363 seconds
[2019-12-08T09:54:46.234+0000][1][safepoint    ] Entering safepoint region: RevokeBias
[2019-12-08T09:54:46.234+0000][1][safepoint    ] Leaving safepoint region
[2019-12-08T09:54:46.234+0000][1][safepoint    ] Total time for which application threads were stopped: 0.0000955 seconds, Stopping threads took: 0.0000129 seconds
[2019-12-08T09:54:46.238+0000][1][safepoint    ] Application time: 0.0034564 seconds
[2019-12-08T09:54:46.238+0000][1][safepoint    ] Entering safepoint region: RevokeBias
[2019-12-08T09:54:46.238+0000][1][safepoint    ] Leaving safepoint region
[2019-12-08T09:54:46.238+0000][1][safepoint    ] Total time for which application threads were stopped: 0.0000625 seconds, Stopping threads took: 0.0000094 seconds
[2019-12-08T09:54:46.251+0000][1][safepoint    ] Application time: 0.0127211 seconds
[2019-12-08T09:54:46.251+0000][1][safepoint    ] Entering safepoint region: RevokeBias
[2019-12-08T09:54:46.251+0000][1][safepoint    ] Leaving safepoint region
[2019-12-08T09:54:46.251+0000][1][safepoint    ] Total time for which application threads were stopped: 0.0000866 seconds, Stopping threads took: 0.0000127 seconds
[2019-12-08T09:54:46.262+0000][1][safepoint    ] Application time: 0.0109991 seconds
[2019-12-08T09:54:46.262+0000][1][safepoint    ] Entering safepoint region: RevokeBias
[2019-12-08T09:54:46.262+0000][1][safepoint    ] Leaving safepoint region
[2019-12-08T09:54:46.262+0000][1][safepoint    ] Total time for which application threads were stopped: 0.0000794 seconds, Stopping threads took: 0.0000098 seconds
[2019-12-08T09:54:46.278+0000][1][safepoint    ] Application time: 0.0160840 seconds
[2019-12-08T09:54:46.278+0000][1][safepoint    ] Entering safepoint region: RevokeBias
[2019-12-08T09:54:46.278+0000][1][safepoint    ] Leaving safepoint region
[2019-12-08T09:54:46.278+0000][1][safepoint    ] Total time for which application threads were stopped: 0.0000753 seconds, Stopping threads took: 0.0000110 seconds
[2019-12-08T09:54:46.358+0000][1][safepoint    ] Application time: 0.0798065 seconds
[2019-12-08T09:54:46.358+0000][1][safepoint    ] Entering safepoint region: RevokeBias
[2019-12-08T09:54:46.358+0000][1][safepoint    ] Leaving safepoint region
[2019-12-08T09:54:46.358+0000][1][safepoint    ] Total time for which application threads were stopped: 0.0000867 seconds, Stopping threads took: 0.0000138 seconds
[2019-12-08T09:54:46.368+0000][1][safepoint    ] Application time: 0.0097643 seconds
[2019-12-08T09:54:46.368+0000][1][safepoint    ] Entering safepoint region: RevokeBias
[2019-12-08T09:54:46.368+0000][1][safepoint    ] Leaving safepoint region
[2019-12-08T09:54:46.368+0000][1][safepoint    ] Total time for which application threads were stopped: 0.0000841 seconds, Stopping threads took: 0.0000132 seconds
[2019-12-08T09:54:46.435+0000][1][safepoint    ] Application time: 0.0669364 seconds
[2019-12-08T09:54:46.435+0000][1][safepoint    ] Entering safepoint region: RevokeBias
[2019-12-08T09:54:46.435+0000][1][safepoint    ] Leaving safepoint region
[2019-12-08T09:54:46.435+0000][1][safepoint    ] Total time for which application threads were stopped: 0.0000813 seconds, Stopping threads took: 0.0000121 seconds
[2019-12-08T09:54:46.445+0000][1][safepoint    ] Application time: 0.0096795 seconds
[2019-12-08T09:54:46.445+0000][1][safepoint    ] Entering safepoint region: RevokeBias
[2019-12-08T09:54:46.445+0000][1][safepoint    ] Leaving safepoint region
[2019-12-08T09:54:46.445+0000][1][safepoint    ] Total time for which application threads were stopped: 0.0000849 seconds, Stopping threads took: 0.0000133 seconds
[2019-12-08T09:54:46.472+0000][1][safepoint    ] Application time: 0.0275404 seconds
[2019-12-08T09:54:46.472+0000][1][safepoint    ] Entering safepoint region: GenCollectForAllocation
[2019-12-08T09:54:46.472+0000][1][gc,start     ] GC(7) Pause Young (Allocation Failure)
[2019-12-08T09:54:46.473+0000][1][gc,task      ] GC(7) Using 4 workers of 4 for evacuation
[2019-12-08T09:54:46.515+0000][1][gc,age       ] GC(7) Desired survivor size 4456448 bytes, new threshold 6 (max threshold 6)
[2019-12-08T09:54:46.515+0000][1][gc,age       ] GC(7) Age table with threshold 6 (max threshold 6)
[2019-12-08T09:54:46.515+0000][1][gc,age       ] GC(7) - age   1:    1192704 bytes,    1192704 total
[2019-12-08T09:54:46.515+0000][1][gc,age       ] GC(7) - age   2:    1394992 bytes,    2587696 total
[2019-12-08T09:54:46.515+0000][1][gc,age       ] GC(7) - age   3:     856648 bytes,    3444344 total
[2019-12-08T09:54:46.516+0000][1][gc,heap      ] GC(7) ParNew: 77364K->6930K(78656K)
[2019-12-08T09:54:46.516+0000][1][gc,heap      ] GC(7) CMS: 10008K->13506K(174784K)
[2019-12-08T09:54:46.516+0000][1][gc,metaspace ] GC(7) Metaspace: 20411K->20411K(1069056K)
[2019-12-08T09:54:46.516+0000][1][gc           ] GC(7) Pause Young (Allocation Failure) 85M->19M(247M) 43.071ms
[2019-12-08T09:54:46.516+0000][1][gc,cpu       ] GC(7) User=0.03s Sys=0.00s Real=0.04s
[2019-12-08T09:54:46.516+0000][1][safepoint    ] Leaving safepoint region
[2019-12-08T09:54:46.516+0000][1][safepoint    ] Total time for which application threads were stopped: 0.0431975 seconds, Stopping threads took: 0.0000131 seconds
[2019-12-08T09:54:46.529+0000][1][safepoint    ] Application time: 0.0132205 seconds
[2019-12-08T09:54:46.544+0000][1][safepoint    ] Entering safepoint region: CMS_Initial_Mark
[2019-12-08T09:54:46.544+0000][1][gc,start     ] GC(8) Pause Initial Mark
[2019-12-08T09:54:46.547+0000][1][gc           ] GC(8) Pause Initial Mark 25M->25M(247M) 3.040ms
[2019-12-08T09:54:46.547+0000][1][gc,cpu       ] GC(8) User=0.00s Sys=0.00s Real=0.00s
[2019-12-08T09:54:46.547+0000][1][safepoint    ] Leaving safepoint region
[2019-12-08T09:54:46.547+0000][1][safepoint    ] Total time for which application threads were stopped: 0.0181207 seconds, Stopping threads took: 0.0149738 seconds
[2019-12-08T09:54:46.547+0000][1][gc           ] GC(8) Concurrent Mark
[2019-12-08T09:54:46.615+0000][1][gc           ] GC(8) Concurrent Mark 68.297ms
[2019-12-08T09:54:46.615+0000][1][gc,cpu       ] GC(8) User=0.05s Sys=0.00s Real=0.07s
[2019-12-08T09:54:46.615+0000][1][gc           ] GC(8) Concurrent Preclean
[2019-12-08T09:54:46.652+0000][1][gc           ] GC(8) Concurrent Preclean 36.460ms
[2019-12-08T09:54:46.652+0000][1][gc,cpu       ] GC(8) User=0.01s Sys=0.00s Real=0.04s
[2019-12-08T09:54:46.652+0000][1][gc           ] GC(8) Concurrent Abortable Preclean
[2019-12-08T09:54:46.724+0000][1][safepoint    ] Application time: 0.1772716 seconds
[2019-12-08T09:54:46.724+0000][1][safepoint    ] Entering safepoint region: RevokeBias
[2019-12-08T09:54:46.724+0000][1][safepoint    ] Leaving safepoint region
[2019-12-08T09:54:46.724+0000][1][safepoint    ] Total time for which application threads were stopped: 0.0000899 seconds, Stopping threads took: 0.0000133 seconds
[2019-12-08T09:54:46.757+0000][1][safepoint    ] Application time: 0.0323596 seconds
[2019-12-08T09:54:46.757+0000][1][safepoint    ] Entering safepoint region: RevokeBias
[2019-12-08T09:54:46.757+0000][1][safepoint    ] Leaving safepoint region
[2019-12-08T09:54:46.757+0000][1][safepoint    ] Total time for which application threads were stopped: 0.0000861 seconds, Stopping threads took: 0.0000133 seconds
[2019-12-08T09:54:47.128+0000][1][safepoint    ] Application time: 0.3709529 seconds
[2019-12-08T09:54:47.128+0000][1][safepoint    ] Entering safepoint region: GenCollectForAllocation
[2019-12-08T09:54:47.128+0000][1][gc,start     ] GC(9) Pause Young (Allocation Failure)
[2019-12-08T09:54:47.128+0000][1][gc,task      ] GC(9) Using 4 workers of 4 for evacuation
[2019-12-08T09:54:47.149+0000][1][gc,age       ] GC(9) Desired survivor size 4456448 bytes, new threshold 4 (max threshold 6)
[2019-12-08T09:54:47.149+0000][1][gc,age       ] GC(9) Age table with threshold 4 (max threshold 6)
[2019-12-08T09:54:47.149+0000][1][gc,age       ] GC(9) - age   1:    1878072 bytes,    1878072 total
[2019-12-08T09:54:47.149+0000][1][gc,age       ] GC(9) - age   2:     656736 bytes,    2534808 total
[2019-12-08T09:54:47.149+0000][1][gc,age       ] GC(9) - age   3:    1394992 bytes,    3929800 total
[2019-12-08T09:54:47.149+0000][1][gc,age       ] GC(9) - age   4:     856648 bytes,    4786448 total
[2019-12-08T09:54:47.149+0000][1][gc,heap      ] GC(9) ParNew: 76882K->5721K(78656K)
[2019-12-08T09:54:47.149+0000][1][gc,heap      ] GC(9) CMS: 13506K->13506K(174784K)
[2019-12-08T09:54:47.149+0000][1][gc,metaspace ] GC(9) Metaspace: 20516K->20516K(1069056K)
[2019-12-08T09:54:47.149+0000][1][gc           ] GC(9) Pause Young (Allocation Failure) 88M->18M(247M) 20.981ms
[2019-12-08T09:54:47.149+0000][1][gc,cpu       ] GC(9) User=0.02s Sys=0.00s Real=0.02s
[2019-12-08T09:54:47.149+0000][1][safepoint    ] Leaving safepoint region
[2019-12-08T09:54:47.149+0000][1][safepoint    ] Total time for which application threads were stopped: 0.0211198 seconds, Stopping threads took: 0.0000149 seconds
[2019-12-08T09:54:47.603+0000][1][gc           ] GC(8) Concurrent Abortable Preclean 950.804ms
[2019-12-08T09:54:47.603+0000][1][gc,cpu       ] GC(8) User=0.80s Sys=0.02s Real=0.95s
[2019-12-08T09:54:47.603+0000][1][safepoint    ] Application time: 0.4537983 seconds
[2019-12-08T09:54:47.610+0000][1][safepoint    ] Entering safepoint region: CMS_Final_Remark
[2019-12-08T09:54:47.610+0000][1][gc,start     ] GC(8) Pause Remark
[2019-12-08T09:54:47.643+0000][1][gc           ] GC(8) Pause Remark 74M->74M(247M) 32.870ms
[2019-12-08T09:54:47.643+0000][1][gc,cpu       ] GC(8) User=0.04s Sys=0.00s Real=0.04s
[2019-12-08T09:54:47.643+0000][1][safepoint    ] Leaving safepoint region
[2019-12-08T09:54:47.643+0000][1][safepoint    ] Total time for which application threads were stopped: 0.0401713 seconds, Stopping threads took: 0.0071861 seconds
[2019-12-08T09:54:47.643+0000][1][gc           ] GC(8) Concurrent Sweep
[2019-12-08T09:54:47.649+0000][1][gc           ] GC(8) Concurrent Sweep 6.075ms
[2019-12-08T09:54:47.649+0000][1][gc,cpu       ] GC(8) User=0.01s Sys=0.00s Real=0.00s
[2019-12-08T09:54:47.649+0000][1][gc           ] GC(8) Concurrent Reset
[2019-12-08T09:54:47.649+0000][1][gc           ] GC(8) Concurrent Reset 0.305ms
[2019-12-08T09:54:47.649+0000][1][gc,cpu       ] GC(8) User=0.00s Sys=0.00s Real=0.00s
[2019-12-08T09:54:47.649+0000][1][gc,heap      ] GC(8) Old: 13506K->13492K(174784K)
[2019-12-08T09:54:47.728+0000][1][safepoint    ] Application time: 0.0852112 seconds
[2019-12-08T09:54:47.728+0000][1][safepoint    ] Entering safepoint region: GenCollectForAllocation
[2019-12-08T09:54:47.729+0000][1][gc,start     ] GC(10) Pause Young (Allocation Failure)
[2019-12-08T09:54:47.729+0000][1][gc,task      ] GC(10) Using 4 workers of 4 for evacuation
[2019-12-08T09:54:47.770+0000][1][gc,age       ] GC(10) Desired survivor size 4456448 bytes, new threshold 6 (max threshold 6)
[2019-12-08T09:54:47.770+0000][1][gc,age       ] GC(10) Age table with threshold 6 (max threshold 6)
[2019-12-08T09:54:47.770+0000][1][gc,age       ] GC(10) - age   1:    1341520 bytes,    1341520 total
[2019-12-08T09:54:47.770+0000][1][gc,age       ] GC(10) - age   2:      98104 bytes,    1439624 total
[2019-12-08T09:54:47.770+0000][1][gc,age       ] GC(10) - age   3:     656592 bytes,    2096216 total
[2019-12-08T09:54:47.770+0000][1][gc,age       ] GC(10) - age   4:    1394744 bytes,    3490960 total
[2019-12-08T09:54:47.770+0000][1][gc,heap      ] GC(10) ParNew: 75673K->4809K(78656K)
[2019-12-08T09:54:47.770+0000][1][gc,heap      ] GC(10) CMS: 13492K->14335K(174784K)
[2019-12-08T09:54:47.770+0000][1][gc,metaspace ] GC(10) Metaspace: 20605K->20605K(1069056K)
[2019-12-08T09:54:47.770+0000][1][gc           ] GC(10) Pause Young (Allocation Failure) 87M->18M(247M) 40.955ms
[2019-12-08T09:54:47.770+0000][1][gc,cpu       ] GC(10) User=0.03s Sys=0.00s Real=0.04s
[2019-12-08T09:54:47.770+0000][1][safepoint    ] Leaving safepoint region
[2019-12-08T09:54:47.770+0000][1][safepoint    ] Total time for which application threads were stopped: 0.0414738 seconds, Stopping threads took: 0.0000133 seconds
[2019-12-08T09:54:47.994+0000][1][safepoint    ] Application time: 0.2241158 seconds
[2019-12-08T09:54:47.994+0000][1][safepoint    ] Entering safepoint region: Deoptimize
[2019-12-08T09:54:47.994+0000][1][safepoint    ] Leaving safepoint region
[2019-12-08T09:54:47.994+0000][1][safepoint    ] Total time for which application threads were stopped: 0.0005261 seconds, Stopping threads took: 0.0000119 seconds
[2019-12-08T09:54:48.017+0000][1][safepoint    ] Application time: 0.0224498 seconds
[2019-12-08T09:54:48.017+0000][1][safepoint    ] Entering safepoint region: Deoptimize
[2019-12-08T09:54:48.017+0000][1][safepoint    ] Leaving safepoint region
[2019-12-08T09:54:48.017+0000][1][safepoint    ] Total time for which application threads were stopped: 0.0004096 seconds, Stopping threads took: 0.0000113 seconds
[2019-12-08T09:54:49.019+0000][1][safepoint    ] Application time: 1.0014436 seconds
[2019-12-08T09:54:49.029+0000][1][safepoint    ] Entering safepoint region: Cleanup
[2019-12-08T09:54:49.030+0000][1][safepoint    ] Leaving safepoint region
[2019-12-08T09:54:49.030+0000][1][safepoint    ] Total time for which application threads were stopped: 0.0109129 seconds, Stopping threads took: 0.0106596 seconds
[2019-12-08T09:54:49.381+0000][1][safepoint    ] Application time: 0.3512090 seconds
[2019-12-08T09:54:49.381+0000][1][safepoint    ] Entering safepoint region: RevokeBias
[2019-12-08T09:54:49.381+0000][1][safepoint    ] Leaving safepoint region
[2019-12-08T09:54:49.381+0000][1][safepoint    ] Total time for which application threads were stopped: 0.0000947 seconds, Stopping threads took: 0.0000140 seconds
[2019-12-08T09:54:49.531+0000][1][safepoint    ] Application time: 0.1496901 seconds
[2019-12-08T09:54:49.531+0000][1][safepoint    ] Entering safepoint region: Deoptimize
[2019-12-08T09:54:49.531+0000][1][safepoint    ] Leaving safepoint region
[2019-12-08T09:54:49.531+0000][1][safepoint    ] Total time for which application threads were stopped: 0.0004710 seconds, Stopping threads took: 0.0000141 seconds
[2019-12-08T09:54:49.552+0000][1][safepoint    ] Application time: 0.0210831 seconds
[2019-12-08T09:54:49.552+0000][1][safepoint    ] Entering safepoint region: Deoptimize
[2019-12-08T09:54:49.553+0000][1][safepoint    ] Leaving safepoint region
[2019-12-08T09:54:49.553+0000][1][safepoint    ] Total time for which application threads were stopped: 0.0004677 seconds, Stopping threads took: 0.0000133 seconds
[2019-12-08T09:54:49.561+0000][1][safepoint    ] Application time: 0.0082619 seconds
[2019-12-08T09:54:49.561+0000][1][safepoint    ] Entering safepoint region: Deoptimize
[2019-12-08T09:54:49.561+0000][1][safepoint    ] Leaving safepoint region
[2019-12-08T09:54:49.562+0000][1][safepoint    ] Total time for which application threads were stopped: 0.0004019 seconds, Stopping threads took: 0.0000122 seconds
[2019-12-08T09:54:50.258+0000][1][safepoint    ] Application time: 0.6964447 seconds
[2019-12-08T09:54:50.258+0000][1][safepoint    ] Entering safepoint region: GenCollectForAllocation
[2019-12-08T09:54:50.258+0000][1][gc,start     ] GC(11) Pause Young (Allocation Failure)
[2019-12-08T09:54:50.258+0000][1][gc,task      ] GC(11) Using 4 workers of 4 for evacuation
[2019-12-08T09:54:50.313+0000][1][gc,age       ] GC(11) Desired survivor size 4456448 bytes, new threshold 2 (max threshold 6)
[2019-12-08T09:54:50.313+0000][1][gc,age       ] GC(11) Age table with threshold 2 (max threshold 6)
[2019-12-08T09:54:50.313+0000][1][gc,age       ] GC(11) - age   1:    4380608 bytes,    4380608 total
[2019-12-08T09:54:50.313+0000][1][gc,age       ] GC(11) - age   2:     387072 bytes,    4767680 total
[2019-12-08T09:54:50.313+0000][1][gc,age       ] GC(11) - age   3:      96656 bytes,    4864336 total
[2019-12-08T09:54:50.313+0000][1][gc,age       ] GC(11) - age   4:     649904 bytes,    5514240 total
[2019-12-08T09:54:50.313+0000][1][gc,age       ] GC(11) - age   5:    1389696 bytes,    6903936 total
[2019-12-08T09:54:50.314+0000][1][gc,heap      ] GC(11) ParNew: 74761K->8704K(78656K)
[2019-12-08T09:54:50.314+0000][1][gc,heap      ] GC(11) CMS: 14335K->14859K(174784K)
[2019-12-08T09:54:50.314+0000][1][gc,metaspace ] GC(11) Metaspace: 26654K->26654K(1073152K)
[2019-12-08T09:54:50.314+0000][1][gc           ] GC(11) Pause Young (Allocation Failure) 87M->23M(247M) 55.471ms
[2019-12-08T09:54:50.314+0000][1][gc,cpu       ] GC(11) User=0.05s Sys=0.00s Real=0.06s
[2019-12-08T09:54:50.314+0000][1][safepoint    ] Leaving safepoint region
[2019-12-08T09:54:50.314+0000][1][safepoint    ] Total time for which application threads were stopped: 0.0555966 seconds, Stopping threads took: 0.0000127 seconds
[2019-12-08T09:54:50.892+0000][1][safepoint    ] Application time: 0.5780735 seconds
[2019-12-08T09:54:50.892+0000][1][safepoint    ] Entering safepoint region: RevokeBias
[2019-12-08T09:54:50.892+0000][1][safepoint    ] Leaving safepoint region
[2019-12-08T09:54:50.892+0000][1][safepoint    ] Total time for which application threads were stopped: 0.0002910 seconds, Stopping threads took: 0.0000135 seconds
[2019-12-08T09:54:52.223+0000][1][safepoint    ] Application time: 1.3306752 seconds
[2019-12-08T09:54:52.249+0000][1][safepoint    ] Entering safepoint region: Cleanup
[2019-12-08T09:54:52.249+0000][1][safepoint    ] Leaving safepoint region
[2019-12-08T09:54:52.249+0000][1][safepoint    ] Total time for which application threads were stopped: 0.0261702 seconds, Stopping threads took: 0.0260436 seconds
[2019-12-08T09:54:52.895+0000][1][safepoint    ] Application time: 0.6458346 seconds
[2019-12-08T09:54:52.895+0000][1][safepoint    ] Entering safepoint region: GenCollectForAllocation
[2019-12-08T09:54:52.895+0000][1][gc,start     ] GC(12) Pause Young (Allocation Failure)
[2019-12-08T09:54:52.895+0000][1][gc,task      ] GC(12) Using 4 workers of 4 for evacuation
[2019-12-08T09:54:53.066+0000][1][gc,age       ] GC(12) Desired survivor size 4456448 bytes, new threshold 1 (max threshold 6)
[2019-12-08T09:54:53.066+0000][1][gc,age       ] GC(12) Age table with threshold 1 (max threshold 6)
[2019-12-08T09:54:53.066+0000][1][gc,age       ] GC(12) - age   1:    5132888 bytes,    5132888 total
[2019-12-08T09:54:53.066+0000][1][gc,age       ] GC(12) - age   2:    3779768 bytes,    8912656 total
[2019-12-08T09:54:53.066+0000][1][gc,heap      ] GC(12) ParNew: 78656K->8704K(78656K)
[2019-12-08T09:54:53.066+0000][1][gc,heap      ] GC(12) CMS: 14859K->26821K(174784K)
[2019-12-08T09:54:53.066+0000][1][gc,metaspace ] GC(12) Metaspace: 27122K->27122K(1075200K)
[2019-12-08T09:54:53.066+0000][1][gc           ] GC(12) Pause Young (Allocation Failure) 91M->34M(247M) 171.185ms
[2019-12-08T09:54:53.066+0000][1][gc,cpu       ] GC(12) User=0.12s Sys=0.00s Real=0.17s
[2019-12-08T09:54:53.066+0000][1][safepoint    ] Leaving safepoint region
[2019-12-08T09:54:53.066+0000][1][safepoint    ] Total time for which application threads were stopped: 0.1713301 seconds, Stopping threads took: 0.0000149 seconds
[2019-12-08T09:54:53.847+0000][1][safepoint    ] Application time: 0.7805968 seconds
[2019-12-08T09:54:53.847+0000][1][safepoint    ] Entering safepoint region: Deoptimize
[2019-12-08T09:54:53.847+0000][1][safepoint    ] Leaving safepoint region
[2019-12-08T09:54:53.847+0000][1][safepoint    ] Total time for which application threads were stopped: 0.0005151 seconds, Stopping threads took: 0.0000207 seconds
[2019-12-08T09:54:54.850+0000][1][safepoint    ] Application time: 1.0024533 seconds
[2019-12-08T09:54:54.887+0000][1][safepoint    ] Entering safepoint region: Cleanup
[2019-12-08T09:54:54.887+0000][1][safepoint    ] Leaving safepoint region
[2019-12-08T09:54:54.887+0000][1][safepoint    ] Total time for which application threads were stopped: 0.0370830 seconds, Stopping threads took: 0.0370290 seconds
[2019-12-08T09:54:55.029+0000][1][safepoint    ] Application time: 0.1419160 seconds
[2019-12-08T09:54:55.029+0000][1][safepoint    ] Entering safepoint region: GenCollectForAllocation
[2019-12-08T09:54:55.029+0000][1][gc,start     ] GC(13) Pause Young (Allocation Failure)
[2019-12-08T09:54:55.029+0000][1][gc,task      ] GC(13) Using 4 workers of 4 for evacuation
[2019-12-08T09:54:55.221+0000][1][gc,age       ] GC(13) Desired survivor size 4456448 bytes, new threshold 1 (max threshold 6)
[2019-12-08T09:54:55.221+0000][1][gc,age       ] GC(13) Age table with threshold 1 (max threshold 6)
[2019-12-08T09:54:55.221+0000][1][gc,age       ] GC(13) - age   1:    8912688 bytes,    8912688 total
[2019-12-08T09:54:55.221+0000][1][gc,heap      ] GC(13) ParNew: 78656K->8704K(78656K)
[2019-12-08T09:54:55.221+0000][1][gc,heap      ] GC(13) CMS: 26821K->39633K(174784K)
[2019-12-08T09:54:55.221+0000][1][gc,metaspace ] GC(13) Metaspace: 27246K->27246K(1075200K)
[2019-12-08T09:54:55.221+0000][1][gc           ] GC(13) Pause Young (Allocation Failure) 103M->47M(247M) 192.339ms
[2019-12-08T09:54:55.221+0000][1][gc,cpu       ] GC(13) User=0.17s Sys=0.00s Real=0.20s
[2019-12-08T09:54:55.221+0000][1][safepoint    ] Leaving safepoint region
[2019-12-08T09:54:55.221+0000][1][safepoint    ] Total time for which application threads were stopped: 0.1924618 seconds, Stopping threads took: 0.0000140 seconds
[2019-12-08T09:54:56.226+0000][1][safepoint    ] Application time: 1.0044726 seconds
[2019-12-08T09:54:56.250+0000][1][safepoint    ] Entering safepoint region: Cleanup
[2019-12-08T09:54:56.250+0000][1][safepoint    ] Leaving safepoint region
[2019-12-08T09:54:56.250+0000][1][safepoint    ] Total time for which application threads were stopped: 0.0240184 seconds, Stopping threads took: 0.0239594 seconds
[2019-12-08T09:54:57.258+0000][1][safepoint    ] Application time: 1.0079100 seconds
[2019-12-08T09:54:57.281+0000][1][safepoint    ] Entering safepoint region: Cleanup
[2019-12-08T09:54:57.281+0000][1][safepoint    ] Leaving safepoint region
[2019-12-08T09:54:57.281+0000][1][safepoint    ] Total time for which application threads were stopped: 0.0231471 seconds, Stopping threads took: 0.0230579 seconds
[2019-12-08T09:54:57.773+0000][1][safepoint    ] Application time: 0.4923867 seconds
[2019-12-08T09:54:57.773+0000][1][safepoint    ] Entering safepoint region: GenCollectForAllocation
[2019-12-08T09:54:57.773+0000][1][gc,start     ] GC(14) Pause Young (Allocation Failure)
[2019-12-08T09:54:57.773+0000][1][gc,task      ] GC(14) Using 4 workers of 4 for evacuation
[2019-12-08T09:54:57.885+0000][1][gc,age       ] GC(14) Desired survivor size 4456448 bytes, new threshold 1 (max threshold 6)
[2019-12-08T09:54:57.885+0000][1][gc,age       ] GC(14) Age table with threshold 1 (max threshold 6)
[2019-12-08T09:54:57.885+0000][1][gc,age       ] GC(14) - age   1:    6513112 bytes,    6513112 total
[2019-12-08T09:54:57.885+0000][1][gc,heap      ] GC(14) ParNew: 78656K->8704K(78656K)
[2019-12-08T09:54:57.885+0000][1][gc,heap      ] GC(14) CMS: 39633K->49686K(174784K)
[2019-12-08T09:54:57.885+0000][1][gc,metaspace ] GC(14) Metaspace: 33002K->33002K(1079296K)
[2019-12-08T09:54:57.885+0000][1][gc           ] GC(14) Pause Young (Allocation Failure) 115M->57M(247M) 111.386ms
[2019-12-08T09:54:57.885+0000][1][gc,cpu       ] GC(14) User=0.08s Sys=0.00s Real=0.11s
[2019-12-08T09:54:57.885+0000][1][safepoint    ] Leaving safepoint region
[2019-12-08T09:54:57.885+0000][1][safepoint    ] Total time for which application threads were stopped: 0.1115319 seconds, Stopping threads took: 0.0000128 seconds
[2019-12-08T09:54:58.447+0000][1][safepoint    ] Application time: 0.5619310 seconds
[2019-12-08T09:54:58.447+0000][1][safepoint    ] Entering safepoint region: GenCollectForAllocation
[2019-12-08T09:54:58.447+0000][1][gc,start     ] GC(15) Pause Young (Allocation Failure)
[2019-12-08T09:54:58.447+0000][1][gc,task      ] GC(15) Using 4 workers of 4 for evacuation
[2019-12-08T09:54:58.500+0000][1][gc,age       ] GC(15) Desired survivor size 4456448 bytes, new threshold 6 (max threshold 6)
[2019-12-08T09:54:58.500+0000][1][gc,age       ] GC(15) Age table with threshold 6 (max threshold 6)
[2019-12-08T09:54:58.500+0000][1][gc,age       ] GC(15) - age   1:      70488 bytes,      70488 total
[2019-12-08T09:54:58.500+0000][1][gc,heap      ] GC(15) ParNew: 78656K->3451K(78656K)
[2019-12-08T09:54:58.500+0000][1][gc,heap      ] GC(15) CMS: 49686K->56094K(174784K)
[2019-12-08T09:54:58.500+0000][1][gc,metaspace ] GC(15) Metaspace: 33009K->33009K(1079296K)
[2019-12-08T09:54:58.500+0000][1][gc           ] GC(15) Pause Young (Allocation Failure) 125M->58M(247M) 53.412ms
[2019-12-08T09:54:58.500+0000][1][gc,cpu       ] GC(15) User=0.05s Sys=0.00s Real=0.05s
[2019-12-08T09:54:58.500+0000][1][safepoint    ] Leaving safepoint region
[2019-12-08T09:54:58.500+0000][1][safepoint    ] Total time for which application threads were stopped: 0.0535470 seconds, Stopping threads took: 0.0000121 seconds
[2019-12-08T09:54:59.101+0000][1][safepoint    ] Application time: 0.6007141 seconds
[2019-12-08T09:54:59.101+0000][1][safepoint    ] Entering safepoint region: CollectForMetadataAllocation
[2019-12-08T09:54:59.101+0000][1][safepoint    ] Leaving safepoint region
[2019-12-08T09:54:59.101+0000][1][safepoint    ] Total time for which application threads were stopped: 0.0002773 seconds, Stopping threads took: 0.0000130 seconds
[2019-12-08T09:54:59.183+0000][1][safepoint    ] Application time: 0.0820359 seconds
[2019-12-08T09:54:59.184+0000][1][safepoint    ] Entering safepoint region: CollectForMetadataAllocation
[2019-12-08T09:54:59.184+0000][1][safepoint    ] Leaving safepoint region
[2019-12-08T09:54:59.184+0000][1][safepoint    ] Total time for which application threads were stopped: 0.0003346 seconds, Stopping threads took: 0.0000920 seconds
[2019-12-08T09:54:59.289+0000][1][safepoint    ] Application time: 0.1050768 seconds
[2019-12-08T09:54:59.289+0000][1][safepoint    ] Entering safepoint region: CollectForMetadataAllocation
[2019-12-08T09:54:59.289+0000][1][safepoint    ] Leaving safepoint region
[2019-12-08T09:54:59.289+0000][1][safepoint    ] Total time for which application threads were stopped: 0.0002534 seconds, Stopping threads took: 0.0000139 seconds
[2019-12-08T09:54:59.317+0000][1][safepoint    ] Application time: 0.0275355 seconds
[2019-12-08T09:54:59.317+0000][1][safepoint    ] Entering safepoint region: CollectForMetadataAllocation
[2019-12-08T09:54:59.317+0000][1][safepoint    ] Leaving safepoint region
[2019-12-08T09:54:59.317+0000][1][safepoint    ] Total time for which application threads were stopped: 0.0002236 seconds, Stopping threads took: 0.0000135 seconds
[2019-12-08T09:54:59.365+0000][1][safepoint    ] Application time: 0.0479535 seconds
[2019-12-08T09:54:59.365+0000][1][safepoint    ] Entering safepoint region: CollectForMetadataAllocation
[2019-12-08T09:54:59.365+0000][1][safepoint    ] Leaving safepoint region
[2019-12-08T09:54:59.365+0000][1][safepoint    ] Total time for which application threads were stopped: 0.0002765 seconds, Stopping threads took: 0.0000564 seconds
[2019-12-08T09:54:59.427+0000][1][safepoint    ] Application time: 0.0618627 seconds
[2019-12-08T09:54:59.427+0000][1][safepoint    ] Entering safepoint region: CollectForMetadataAllocation
[2019-12-08T09:54:59.427+0000][1][safepoint    ] Leaving safepoint region
[2019-12-08T09:54:59.427+0000][1][safepoint    ] Total time for which application threads were stopped: 0.0001509 seconds, Stopping threads took: 0.0000127 seconds
[2019-12-08T09:54:59.473+0000][1][safepoint    ] Application time: 0.0451593 seconds
[2019-12-08T09:54:59.473+0000][1][safepoint    ] Entering safepoint region: CollectForMetadataAllocation
[2019-12-08T09:54:59.473+0000][1][safepoint    ] Leaving safepoint region
[2019-12-08T09:54:59.473+0000][1][safepoint    ] Total time for which application threads were stopped: 0.0002282 seconds, Stopping threads took: 0.0000127 seconds
[2019-12-08T09:54:59.498+0000][1][safepoint    ] Application time: 0.0249173 seconds
[2019-12-08T09:54:59.498+0000][1][safepoint    ] Entering safepoint region: CollectForMetadataAllocation
[2019-12-08T09:54:59.498+0000][1][safepoint    ] Leaving safepoint region
[2019-12-08T09:54:59.498+0000][1][safepoint    ] Total time for which application threads were stopped: 0.0002254 seconds, Stopping threads took: 0.0000139 seconds
[2019-12-08T09:54:59.545+0000][1][safepoint    ] Application time: 0.0467914 seconds
[2019-12-08T09:54:59.545+0000][1][safepoint    ] Entering safepoint region: CollectForMetadataAllocation
[2019-12-08T09:54:59.545+0000][1][safepoint    ] Leaving safepoint region
[2019-12-08T09:54:59.545+0000][1][safepoint    ] Total time for which application threads were stopped: 0.0002386 seconds, Stopping threads took: 0.0000133 seconds
[2019-12-08T09:54:59.609+0000][1][safepoint    ] Application time: 0.0635396 seconds
[2019-12-08T09:54:59.609+0000][1][safepoint    ] Entering safepoint region: CollectForMetadataAllocation
[2019-12-08T09:54:59.609+0000][1][safepoint    ] Leaving safepoint region
[2019-12-08T09:54:59.609+0000][1][safepoint    ] Total time for which application threads were stopped: 0.0002668 seconds, Stopping threads took: 0.0000134 seconds
[2019-12-08T09:54:59.621+0000][1][safepoint    ] Application time: 0.0119016 seconds
[2019-12-08T09:54:59.621+0000][1][safepoint    ] Entering safepoint region: RevokeBias
[2019-12-08T09:54:59.621+0000][1][safepoint    ] Leaving safepoint region
[2019-12-08T09:54:59.621+0000][1][safepoint    ] Total time for which application threads were stopped: 0.0001009 seconds, Stopping threads took: 0.0000116 seconds
[2019-12-08T09:54:59.738+0000][1][safepoint    ] Application time: 0.1167839 seconds
[2019-12-08T09:54:59.738+0000][1][safepoint    ] Entering safepoint region: CollectForMetadataAllocation
[2019-12-08T09:54:59.738+0000][1][safepoint    ] Leaving safepoint region
[2019-12-08T09:54:59.738+0000][1][safepoint    ] Total time for which application threads were stopped: 0.0002049 seconds, Stopping threads took: 0.0000146 seconds
[2019-12-08T09:54:59.792+0000][1][safepoint    ] Application time: 0.0544495 seconds
[2019-12-08T09:54:59.792+0000][1][safepoint    ] Entering safepoint region: CollectForMetadataAllocation
[2019-12-08T09:54:59.793+0000][1][safepoint    ] Leaving safepoint region
[2019-12-08T09:54:59.793+0000][1][safepoint    ] Total time for which application threads were stopped: 0.0002575 seconds, Stopping threads took: 0.0000138 seconds
[2019-12-08T09:54:59.858+0000][1][safepoint    ] Application time: 0.0651639 seconds
[2019-12-08T09:54:59.858+0000][1][safepoint    ] Entering safepoint region: CollectForMetadataAllocation
[2019-12-08T09:54:59.858+0000][1][safepoint    ] Leaving safepoint region
[2019-12-08T09:54:59.858+0000][1][safepoint    ] Total time for which application threads were stopped: 0.0002044 seconds, Stopping threads took: 0.0000135 seconds
[2019-12-08T09:54:59.946+0000][1][safepoint    ] Application time: 0.0874984 seconds
[2019-12-08T09:54:59.946+0000][1][safepoint    ] Entering safepoint region: CollectForMetadataAllocation
[2019-12-08T09:54:59.946+0000][1][safepoint    ] Leaving safepoint region
[2019-12-08T09:54:59.946+0000][1][safepoint    ] Total time for which application threads were stopped: 0.0002564 seconds, Stopping threads took: 0.0000312 seconds
[2019-12-08T09:55:00.022+0000][1][safepoint    ] Application time: 0.0757917 seconds
[2019-12-08T09:55:00.022+0000][1][safepoint    ] Entering safepoint region: CollectForMetadataAllocation
[2019-12-08T09:55:00.022+0000][1][safepoint    ] Leaving safepoint region
[2019-12-08T09:55:00.022+0000][1][safepoint    ] Total time for which application threads were stopped: 0.0001609 seconds, Stopping threads took: 0.0000126 seconds
[2019-12-08T09:55:00.084+0000][1][safepoint    ] Application time: 0.0621093 seconds
[2019-12-08T09:55:00.084+0000][1][safepoint    ] Entering safepoint region: CollectForMetadataAllocation
[2019-12-08T09:55:00.084+0000][1][safepoint    ] Leaving safepoint region
[2019-12-08T09:55:00.084+0000][1][safepoint    ] Total time for which application threads were stopped: 0.0002321 seconds, Stopping threads took: 0.0000131 seconds
[2019-12-08T09:55:00.130+0000][1][safepoint    ] Application time: 0.0455303 seconds
[2019-12-08T09:55:00.130+0000][1][safepoint    ] Entering safepoint region: CollectForMetadataAllocation
[2019-12-08T09:55:00.130+0000][1][safepoint    ] Leaving safepoint region
[2019-12-08T09:55:00.130+0000][1][safepoint    ] Total time for which application threads were stopped: 0.0002531 seconds, Stopping threads took: 0.0000123 seconds
[2019-12-08T09:55:00.146+0000][1][safepoint    ] Application time: 0.0157145 seconds
[2019-12-08T09:55:00.146+0000][1][safepoint    ] Entering safepoint region: CollectForMetadataAllocation
[2019-12-08T09:55:00.146+0000][1][safepoint    ] Leaving safepoint region
[2019-12-08T09:55:00.146+0000][1][safepoint    ] Total time for which application threads were stopped: 0.0002701 seconds, Stopping threads took: 0.0000705 seconds
[2019-12-08T09:55:00.202+0000][1][safepoint    ] Application time: 0.0562722 seconds
[2019-12-08T09:55:00.203+0000][1][safepoint    ] Entering safepoint region: CollectForMetadataAllocation
[2019-12-08T09:55:00.203+0000][1][safepoint    ] Leaving safepoint region
[2019-12-08T09:55:00.203+0000][1][safepoint    ] Total time for which application threads were stopped: 0.0002368 seconds, Stopping threads took: 0.0000134 seconds
[2019-12-08T09:55:00.220+0000][1][safepoint    ] Application time: 0.0167873 seconds
[2019-12-08T09:55:00.220+0000][1][safepoint    ] Entering safepoint region: CollectForMetadataAllocation
[2019-12-08T09:55:00.220+0000][1][safepoint    ] Leaving safepoint region
[2019-12-08T09:55:00.220+0000][1][safepoint    ] Total time for which application threads were stopped: 0.0002363 seconds, Stopping threads took: 0.0000123 seconds
[2019-12-08T09:55:00.280+0000][1][safepoint    ] Application time: 0.0603760 seconds
[2019-12-08T09:55:00.280+0000][1][safepoint    ] Entering safepoint region: CollectForMetadataAllocation
[2019-12-08T09:55:00.281+0000][1][safepoint    ] Leaving safepoint region
[2019-12-08T09:55:00.281+0000][1][safepoint    ] Total time for which application threads were stopped: 0.0003809 seconds, Stopping threads took: 0.0002546 seconds
[2019-12-08T09:55:00.370+0000][1][safepoint    ] Application time: 0.0889979 seconds
[2019-12-08T09:55:00.370+0000][1][safepoint    ] Entering safepoint region: CollectForMetadataAllocation
[2019-12-08T09:55:00.370+0000][1][safepoint    ] Leaving safepoint region
[2019-12-08T09:55:00.370+0000][1][safepoint    ] Total time for which application threads were stopped: 0.0001795 seconds, Stopping threads took: 0.0000129 seconds
[2019-12-08T09:55:00.514+0000][1][safepoint    ] Application time: 0.1439273 seconds
[2019-12-08T09:55:00.559+0000][1][safepoint    ] Entering safepoint region: CMS_Initial_Mark
[2019-12-08T09:55:00.559+0000][1][gc,start     ] GC(16) Pause Initial Mark
[2019-12-08T09:55:00.581+0000][1][gc           ] GC(16) Pause Initial Mark 121M->121M(247M) 21.866ms
[2019-12-08T09:55:00.581+0000][1][gc,cpu       ] GC(16) User=0.03s Sys=0.00s Real=0.03s
[2019-12-08T09:55:00.581+0000][1][safepoint    ] Leaving safepoint region
[2019-12-08T09:55:00.581+0000][1][safepoint    ] Total time for which application threads were stopped: 0.0670546 seconds, Stopping threads took: 0.0450512 seconds
[2019-12-08T09:55:00.581+0000][1][gc           ] GC(16) Concurrent Mark
[2019-12-08T09:55:00.720+0000][1][safepoint    ] Application time: 0.1388921 seconds
[2019-12-08T09:55:00.720+0000][1][safepoint    ] Entering safepoint region: CollectForMetadataAllocation
[2019-12-08T09:55:00.720+0000][1][safepoint    ] Leaving safepoint region
[2019-12-08T09:55:00.720+0000][1][safepoint    ] Total time for which application threads were stopped: 0.0002600 seconds, Stopping threads took: 0.0000159 seconds
[2019-12-08T09:55:00.871+0000][1][safepoint    ] Application time: 0.1506876 seconds
[2019-12-08T09:55:00.871+0000][1][safepoint    ] Entering safepoint region: CollectForMetadataAllocation
[2019-12-08T09:55:00.871+0000][1][safepoint    ] Leaving safepoint region
[2019-12-08T09:55:00.871+0000][1][safepoint    ] Total time for which application threads were stopped: 0.0002238 seconds, Stopping threads took: 0.0000146 seconds
[2019-12-08T09:55:01.013+0000][1][safepoint    ] Application time: 0.1417381 seconds
[2019-12-08T09:55:01.013+0000][1][safepoint    ] Entering safepoint region: CollectForMetadataAllocation
[2019-12-08T09:55:01.013+0000][1][safepoint    ] Leaving safepoint region
[2019-12-08T09:55:01.013+0000][1][safepoint    ] Total time for which application threads were stopped: 0.0002394 seconds, Stopping threads took: 0.0000145 seconds
[2019-12-08T09:55:01.016+0000][1][gc           ] GC(16) Concurrent Mark 435.590ms
[2019-12-08T09:55:01.016+0000][1][gc,cpu       ] GC(16) User=0.26s Sys=0.00s Real=0.43s
[2019-12-08T09:55:01.017+0000][1][gc           ] GC(16) Concurrent Preclean
[2019-12-08T09:55:01.074+0000][1][gc           ] GC(16) Concurrent Preclean 57.891ms
[2019-12-08T09:55:01.074+0000][1][gc,cpu       ] GC(16) User=0.02s Sys=0.00s Real=0.06s
[2019-12-08T09:55:01.074+0000][1][gc           ] GC(16) Concurrent Abortable Preclean
[2019-12-08T09:55:01.108+0000][1][safepoint    ] Application time: 0.0947301 seconds
[2019-12-08T09:55:01.108+0000][1][safepoint    ] Entering safepoint region: CollectForMetadataAllocation
[2019-12-08T09:55:01.108+0000][1][safepoint    ] Leaving safepoint region
[2019-12-08T09:55:01.108+0000][1][safepoint    ] Total time for which application threads were stopped: 0.0002080 seconds, Stopping threads took: 0.0000130 seconds
[2019-12-08T09:55:01.117+0000][1][safepoint    ] Application time: 0.0087279 seconds
[2019-12-08T09:55:01.117+0000][1][safepoint    ] Entering safepoint region: GenCollectForAllocation
[2019-12-08T09:55:01.117+0000][1][gc,start     ] GC(17) Pause Young (Allocation Failure)
[2019-12-08T09:55:01.117+0000][1][gc,task      ] GC(17) Using 4 workers of 4 for evacuation
[2019-12-08T09:55:01.177+0000][1][gc,age       ] GC(17) Desired survivor size 4456448 bytes, new threshold 6 (max threshold 6)
[2019-12-08T09:55:01.177+0000][1][gc,age       ] GC(17) Age table with threshold 6 (max threshold 6)
[2019-12-08T09:55:01.177+0000][1][gc,age       ] GC(17) - age   1:    3181080 bytes,    3181080 total
[2019-12-08T09:55:01.177+0000][1][gc,age       ] GC(17) - age   2:      70184 bytes,    3251264 total
[2019-12-08T09:55:01.177+0000][1][gc,heap      ] GC(17) ParNew: 73403K->3911K(78656K)
[2019-12-08T09:55:01.177+0000][1][gc,heap      ] GC(17) CMS: 56094K->56094K(174784K)
[2019-12-08T09:55:01.177+0000][1][gc,metaspace ] GC(17) Metaspace: 41597K->41597K(1087488K)
[2019-12-08T09:55:01.177+0000][1][gc           ] GC(17) Pause Young (Allocation Failure) 126M->58M(247M) 60.400ms
[2019-12-08T09:55:01.177+0000][1][gc,cpu       ] GC(17) User=0.04s Sys=0.00s Real=0.06s
[2019-12-08T09:55:01.177+0000][1][safepoint    ] Leaving safepoint region
[2019-12-08T09:55:01.177+0000][1][safepoint    ] Total time for which application threads were stopped: 0.0605297 seconds, Stopping threads took: 0.0000118 seconds
[2019-12-08T09:55:01.275+0000][1][safepoint    ] Application time: 0.0975511 seconds
[2019-12-08T09:55:01.275+0000][1][safepoint    ] Entering safepoint region: CollectForMetadataAllocation
[2019-12-08T09:55:01.275+0000][1][safepoint    ] Leaving safepoint region
[2019-12-08T09:55:01.275+0000][1][safepoint    ] Total time for which application threads were stopped: 0.0002220 seconds, Stopping threads took: 0.0000131 seconds
[2019-12-08T09:55:01.361+0000][1][safepoint    ] Application time: 0.0856238 seconds
[2019-12-08T09:55:01.361+0000][1][safepoint    ] Entering safepoint region: RevokeBias
[2019-12-08T09:55:01.361+0000][1][safepoint    ] Leaving safepoint region
[2019-12-08T09:55:01.361+0000][1][safepoint    ] Total time for which application threads were stopped: 0.0003284 seconds, Stopping threads took: 0.0000266 seconds
[2019-12-08T09:55:01.361+0000][1][safepoint    ] Application time: 0.0001788 seconds
[2019-12-08T09:55:01.361+0000][1][safepoint    ] Entering safepoint region: RevokeBias
[2019-12-08T09:55:01.361+0000][1][safepoint    ] Leaving safepoint region
[2019-12-08T09:55:01.361+0000][1][safepoint    ] Total time for which application threads were stopped: 0.0000857 seconds, Stopping threads took: 0.0000107 seconds
[2019-12-08T09:55:01.372+0000][1][safepoint    ] Application time: 0.0104170 seconds
[2019-12-08T09:55:01.380+0000][1][safepoint    ] Entering safepoint region: RevokeBias
[2019-12-08T09:55:01.381+0000][1][safepoint    ] Leaving safepoint region
[2019-12-08T09:55:01.381+0000][1][safepoint    ] Total time for which application threads were stopped: 0.0087745 seconds, Stopping threads took: 0.0086318 seconds
[2019-12-08T09:55:02.382+0000][1][safepoint    ] Application time: 1.0011035 seconds
[2019-12-08T09:55:02.382+0000][1][safepoint    ] Entering safepoint region: Cleanup
[2019-12-08T09:55:02.382+0000][1][safepoint    ] Leaving safepoint region
[2019-12-08T09:55:02.382+0000][1][safepoint    ] Total time for which application threads were stopped: 0.0000703 seconds, Stopping threads took: 0.0000140 seconds
[2019-12-08T09:55:02.411+0000][1][safepoint    ] Application time: 0.0288863 seconds
[2019-12-08T09:55:02.411+0000][1][safepoint    ] Entering safepoint region: CollectForMetadataAllocation
[2019-12-08T09:55:02.411+0000][1][safepoint    ] Leaving safepoint region
[2019-12-08T09:55:02.411+0000][1][safepoint    ] Total time for which application threads were stopped: 0.0002677 seconds, Stopping threads took: 0.0000150 seconds
[2019-12-08T09:55:03.407+0000][1][safepoint    ] Application time: 0.9956726 seconds
[2019-12-08T09:55:03.409+0000][1][safepoint    ] Entering safepoint region: CollectForMetadataAllocation
[2019-12-08T09:55:03.409+0000][1][safepoint    ] Leaving safepoint region
[2019-12-08T09:55:03.409+0000][1][safepoint    ] Total time for which application threads were stopped: 0.0022691 seconds, Stopping threads took: 0.0020269 seconds
[2019-12-08T09:55:04.111+0000][1][safepoint    ] Application time: 0.7016794 seconds
[2019-12-08T09:55:04.111+0000][1][safepoint    ] Entering safepoint region: CollectForMetadataAllocation
[2019-12-08T09:55:04.111+0000][1][safepoint    ] Leaving safepoint region
[2019-12-08T09:55:04.111+0000][1][safepoint    ] Total time for which application threads were stopped: 0.0002175 seconds, Stopping threads took: 0.0000134 seconds
[2019-12-08T09:55:04.316+0000][1][gc           ] GC(16) Concurrent Abortable Preclean 3241.262ms
[2019-12-08T09:55:04.316+0000][1][gc,cpu       ] GC(16) User=2.87s Sys=0.03s Real=3.24s
[2019-12-08T09:55:04.316+0000][1][safepoint    ] Application time: 0.2048407 seconds
[2019-12-08T09:55:04.316+0000][1][safepoint    ] Entering safepoint region: CMS_Final_Remark
[2019-12-08T09:55:04.316+0000][1][gc,start     ] GC(16) Pause Remark
[2019-12-08T09:55:04.417+0000][1][gc           ] GC(16) Pause Remark 94M->94M(247M) 100.676ms
[2019-12-08T09:55:04.417+0000][1][gc,cpu       ] GC(16) User=0.09s Sys=0.00s Real=0.10s
[2019-12-08T09:55:04.417+0000][1][safepoint    ] Leaving safepoint region
[2019-12-08T09:55:04.417+0000][1][safepoint    ] Total time for which application threads were stopped: 0.1009938 seconds, Stopping threads took: 0.0000490 seconds
[2019-12-08T09:55:04.426+0000][1][gc           ] GC(16) Concurrent Sweep
[2019-12-08T09:55:04.533+0000][1][gc           ] GC(16) Concurrent Sweep 107.178ms
[2019-12-08T09:55:04.533+0000][1][gc,cpu       ] GC(16) User=0.11s Sys=0.00s Real=0.11s
[2019-12-08T09:55:04.533+0000][1][gc           ] GC(16) Concurrent Reset
[2019-12-08T09:55:04.533+0000][1][gc           ] GC(16) Concurrent Reset 0.304ms
[2019-12-08T09:55:04.533+0000][1][gc,cpu       ] GC(16) User=0.00s Sys=0.00s Real=0.00s
[2019-12-08T09:55:04.533+0000][1][gc,heap      ] GC(16) Old: 56094K->55847K(174784K)
[2019-12-08T09:55:04.939+0000][1][safepoint    ] Application time: 0.5220680 seconds
[2019-12-08T09:55:04.939+0000][1][safepoint    ] Entering safepoint region: Deoptimize
[2019-12-08T09:55:04.940+0000][1][safepoint    ] Leaving safepoint region
[2019-12-08T09:55:04.940+0000][1][safepoint    ] Total time for which application threads were stopped: 0.0014215 seconds, Stopping threads took: 0.0000132 seconds
[2019-12-08T09:55:05.243+0000][1][safepoint    ] Application time: 0.3029164 seconds
[2019-12-08T09:55:05.243+0000][1][safepoint    ] Entering safepoint region: RevokeBias
[2019-12-08T09:55:05.243+0000][1][safepoint    ] Leaving safepoint region
[2019-12-08T09:55:05.243+0000][1][safepoint    ] Total time for which application threads were stopped: 0.0001067 seconds, Stopping threads took: 0.0000137 seconds
[2019-12-08T09:55:05.663+0000][1][safepoint    ] Application time: 0.4192944 seconds
[2019-12-08T09:55:05.663+0000][1][safepoint    ] Entering safepoint region: GenCollectForAllocation
[2019-12-08T09:55:05.663+0000][1][gc,start     ] GC(18) Pause Young (Allocation Failure)
[2019-12-08T09:55:05.663+0000][1][gc,task      ] GC(18) Using 4 workers of 4 for evacuation
[2019-12-08T09:55:05.699+0000][1][gc,age       ] GC(18) Desired survivor size 4456448 bytes, new threshold 2 (max threshold 6)
[2019-12-08T09:55:05.699+0000][1][gc,age       ] GC(18) Age table with threshold 2 (max threshold 6)
[2019-12-08T09:55:05.699+0000][1][gc,age       ] GC(18) - age   1:    3322392 bytes,    3322392 total
[2019-12-08T09:55:05.699+0000][1][gc,age       ] GC(18) - age   2:    3097912 bytes,    6420304 total
[2019-12-08T09:55:05.699+0000][1][gc,age       ] GC(18) - age   3:      70184 bytes,    6490488 total
[2019-12-08T09:55:05.699+0000][1][gc,heap      ] GC(18) ParNew: 73863K->7743K(78656K)
[2019-12-08T09:55:05.699+0000][1][gc,heap      ] GC(18) CMS: 55847K->55847K(174784K)
[2019-12-08T09:55:05.699+0000][1][gc,metaspace ] GC(18) Metaspace: 45703K->45703K(1091584K)
[2019-12-08T09:55:05.699+0000][1][gc           ] GC(18) Pause Young (Allocation Failure) 126M->62M(247M) 36.385ms
[2019-12-08T09:55:05.699+0000][1][gc,cpu       ] GC(18) User=0.03s Sys=0.00s Real=0.03s
[2019-12-08T09:55:05.699+0000][1][safepoint    ] Leaving safepoint region
[2019-12-08T09:55:05.699+0000][1][safepoint    ] Total time for which application threads were stopped: 0.0365573 seconds, Stopping threads took: 0.0000172 seconds
[2019-12-08T09:55:06.121+0000][1][safepoint    ] Application time: 0.4215619 seconds
[2019-12-08T09:55:06.121+0000][1][safepoint    ] Entering safepoint region: RevokeBias
[2019-12-08T09:55:06.121+0000][1][safepoint    ] Leaving safepoint region
[2019-12-08T09:55:06.121+0000][1][safepoint    ] Total time for which application threads were stopped: 0.0004987 seconds, Stopping threads took: 0.0000144 seconds
[2019-12-08T09:55:06.122+0000][1][safepoint    ] Application time: 0.0000804 seconds
[2019-12-08T09:55:06.122+0000][1][safepoint    ] Entering safepoint region: RevokeBias
[2019-12-08T09:55:06.122+0000][1][safepoint    ] Leaving safepoint region
[2019-12-08T09:55:06.122+0000][1][safepoint    ] Total time for which application threads were stopped: 0.0000661 seconds, Stopping threads took: 0.0000104 seconds
[2019-12-08T09:55:06.122+0000][1][safepoint    ] Application time: 0.0001038 seconds
[2019-12-08T09:55:06.122+0000][1][safepoint    ] Entering safepoint region: RevokeBias
[2019-12-08T09:55:06.122+0000][1][safepoint    ] Leaving safepoint region
[2019-12-08T09:55:06.122+0000][1][safepoint    ] Total time for which application threads were stopped: 0.0000477 seconds, Stopping threads took: 0.0000080 seconds
[2019-12-08T09:55:06.122+0000][1][safepoint    ] Application time: 0.0001214 seconds
[2019-12-08T09:55:06.122+0000][1][safepoint    ] Entering safepoint region: RevokeBias
[2019-12-08T09:55:06.122+0000][1][safepoint    ] Leaving safepoint region
[2019-12-08T09:55:06.122+0000][1][safepoint    ] Total time for which application threads were stopped: 0.0000439 seconds, Stopping threads took: 0.0000084 seconds
[2019-12-08T09:55:06.122+0000][1][safepoint    ] Application time: 0.0001922 seconds
[2019-12-08T09:55:06.122+0000][1][safepoint    ] Entering safepoint region: RevokeBias
[2019-12-08T09:55:06.122+0000][1][safepoint    ] Leaving safepoint region
[2019-12-08T09:55:06.122+0000][1][safepoint    ] Total time for which application threads were stopped: 0.0000472 seconds, Stopping threads took: 0.0000084 seconds
[2019-12-08T09:55:06.122+0000][1][safepoint    ] Application time: 0.0000515 seconds
[2019-12-08T09:55:06.122+0000][1][safepoint    ] Entering safepoint region: RevokeBias
[2019-12-08T09:55:06.122+0000][1][safepoint    ] Leaving safepoint region
[2019-12-08T09:55:06.122+0000][1][safepoint    ] Total time for which application threads were stopped: 0.0000416 seconds, Stopping threads took: 0.0000084 seconds
[2019-12-08T09:55:06.122+0000][1][safepoint    ] Application time: 0.0001519 seconds
[2019-12-08T09:55:06.122+0000][1][safepoint    ] Entering safepoint region: RevokeBias
[2019-12-08T09:55:06.123+0000][1][safepoint    ] Leaving safepoint region
[2019-12-08T09:55:06.123+0000][1][safepoint    ] Total time for which application threads were stopped: 0.0000481 seconds, Stopping threads took: 0.0000090 seconds
[2019-12-08T09:55:06.123+0000][1][safepoint    ] Application time: 0.0000780 seconds
[2019-12-08T09:55:06.123+0000][1][safepoint    ] Entering safepoint region: RevokeBias
[2019-12-08T09:55:06.123+0000][1][safepoint    ] Leaving safepoint region
[2019-12-08T09:55:06.123+0000][1][safepoint    ] Total time for which application threads were stopped: 0.0000443 seconds, Stopping threads took: 0.0000081 seconds
[2019-12-08T09:55:06.123+0000][1][safepoint    ] Application time: 0.0000663 seconds
[2019-12-08T09:55:06.123+0000][1][safepoint    ] Entering safepoint region: RevokeBias
[2019-12-08T09:55:06.123+0000][1][safepoint    ] Leaving safepoint region
[2019-12-08T09:55:06.123+0000][1][safepoint    ] Total time for which application threads were stopped: 0.0000441 seconds, Stopping threads took: 0.0000079 seconds
[2019-12-08T09:55:06.123+0000][1][safepoint    ] Application time: 0.0001483 seconds
[2019-12-08T09:55:06.123+0000][1][safepoint    ] Entering safepoint region: RevokeBias
[2019-12-08T09:55:06.123+0000][1][safepoint    ] Leaving safepoint region
[2019-12-08T09:55:06.123+0000][1][safepoint    ] Total time for which application threads were stopped: 0.0000561 seconds, Stopping threads took: 0.0000078 seconds
[2019-12-08T09:55:06.123+0000][1][safepoint    ] Application time: 0.0000498 seconds
[2019-12-08T09:55:06.123+0000][1][safepoint    ] Entering safepoint region: RevokeBias
[2019-12-08T09:55:06.123+0000][1][safepoint    ] Leaving safepoint region
[2019-12-08T09:55:06.123+0000][1][safepoint    ] Total time for which application threads were stopped: 0.0000435 seconds, Stopping threads took: 0.0000075 seconds
[2019-12-08T09:55:06.123+0000][1][safepoint    ] Application time: 0.0000509 seconds
[2019-12-08T09:55:06.123+0000][1][safepoint    ] Entering safepoint region: RevokeBias
[2019-12-08T09:55:06.123+0000][1][safepoint    ] Leaving safepoint region
[2019-12-08T09:55:06.123+0000][1][safepoint    ] Total time for which application threads were stopped: 0.0000420 seconds, Stopping threads took: 0.0000072 seconds
[2019-12-08T09:55:06.123+0000][1][safepoint    ] Application time: 0.0000482 seconds
[2019-12-08T09:55:06.123+0000][1][safepoint    ] Entering safepoint region: RevokeBias
[2019-12-08T09:55:06.123+0000][1][safepoint    ] Leaving safepoint region
[2019-12-08T09:55:06.123+0000][1][safepoint    ] Total time for which application threads were stopped: 0.0000421 seconds, Stopping threads took: 0.0000073 seconds
[2019-12-08T09:55:06.123+0000][1][safepoint    ] Application time: 0.0000480 seconds
[2019-12-08T09:55:06.123+0000][1][safepoint    ] Entering safepoint region: RevokeBias
[2019-12-08T09:55:06.123+0000][1][safepoint    ] Leaving safepoint region
[2019-12-08T09:55:06.123+0000][1][safepoint    ] Total time for which application threads were stopped: 0.0000416 seconds, Stopping threads took: 0.0000075 seconds
[2019-12-08T09:55:06.124+0000][1][safepoint    ] Application time: 0.0000476 seconds
[2019-12-08T09:55:06.124+0000][1][safepoint    ] Entering safepoint region: RevokeBias
[2019-12-08T09:55:06.124+0000][1][safepoint    ] Leaving safepoint region
[2019-12-08T09:55:06.124+0000][1][safepoint    ] Total time for which application threads were stopped: 0.0000394 seconds, Stopping threads took: 0.0000067 seconds
[2019-12-08T09:55:06.124+0000][1][safepoint    ] Application time: 0.0000484 seconds
[2019-12-08T09:55:06.124+0000][1][safepoint    ] Entering safepoint region: RevokeBias
[2019-12-08T09:55:06.124+0000][1][safepoint    ] Leaving safepoint region
[2019-12-08T09:55:06.124+0000][1][safepoint    ] Total time for which application threads were stopped: 0.0000412 seconds, Stopping threads took: 0.0000076 seconds
[2019-12-08T09:55:06.124+0000][1][safepoint    ] Application time: 0.0000641 seconds
[2019-12-08T09:55:06.124+0000][1][safepoint    ] Entering safepoint region: RevokeBias
[2019-12-08T09:55:06.124+0000][1][safepoint    ] Leaving safepoint region
[2019-12-08T09:55:06.124+0000][1][safepoint    ] Total time for which application threads were stopped: 0.0000418 seconds, Stopping threads took: 0.0000078 seconds
[2019-12-08T09:55:06.124+0000][1][safepoint    ] Application time: 0.0000490 seconds
[2019-12-08T09:55:06.124+0000][1][safepoint    ] Entering safepoint region: RevokeBias
[2019-12-08T09:55:06.124+0000][1][safepoint    ] Leaving safepoint region
[2019-12-08T09:55:06.124+0000][1][safepoint    ] Total time for which application threads were stopped: 0.0000412 seconds, Stopping threads took: 0.0000068 seconds
[2019-12-08T09:55:06.124+0000][1][safepoint    ] Application time: 0.0000477 seconds
[2019-12-08T09:55:06.124+0000][1][safepoint    ] Entering safepoint region: RevokeBias
[2019-12-08T09:55:06.124+0000][1][safepoint    ] Leaving safepoint region
[2019-12-08T09:55:06.124+0000][1][safepoint    ] Total time for which application threads were stopped: 0.0000505 seconds, Stopping threads took: 0.0000073 seconds
[2019-12-08T09:55:06.124+0000][1][safepoint    ] Application time: 0.0000617 seconds
[2019-12-08T09:55:06.124+0000][1][safepoint    ] Entering safepoint region: RevokeBias
[2019-12-08T09:55:06.124+0000][1][safepoint    ] Leaving safepoint region
[2019-12-08T09:55:06.124+0000][1][safepoint    ] Total time for which application threads were stopped: 0.0000412 seconds, Stopping threads took: 0.0000075 seconds
[2019-12-08T09:55:06.124+0000][1][safepoint    ] Application time: 0.0000475 seconds
[2019-12-08T09:55:06.124+0000][1][safepoint    ] Entering safepoint region: RevokeBias
[2019-12-08T09:55:06.124+0000][1][safepoint    ] Leaving safepoint region
[2019-12-08T09:55:06.124+0000][1][safepoint    ] Total time for which application threads were stopped: 0.0000408 seconds, Stopping threads took: 0.0000077 seconds
[2019-12-08T09:55:06.124+0000][1][safepoint    ] Application time: 0.0000484 seconds
[2019-12-08T09:55:06.124+0000][1][safepoint    ] Entering safepoint region: RevokeBias
[2019-12-08T09:55:06.124+0000][1][safepoint    ] Leaving safepoint region
[2019-12-08T09:55:06.124+0000][1][safepoint    ] Total time for which application threads were stopped: 0.0000416 seconds, Stopping threads took: 0.0000076 seconds
[2019-12-08T09:55:06.124+0000][1][safepoint    ] Application time: 0.0000490 seconds
[2019-12-08T09:55:06.124+0000][1][safepoint    ] Entering safepoint region: RevokeBias
[2019-12-08T09:55:06.124+0000][1][safepoint    ] Leaving safepoint region
[2019-12-08T09:55:06.124+0000][1][safepoint    ] Total time for which application threads were stopped: 0.0000407 seconds, Stopping threads took: 0.0000076 seconds
[2019-12-08T09:55:06.124+0000][1][safepoint    ] Application time: 0.0000481 seconds
[2019-12-08T09:55:06.124+0000][1][safepoint    ] Entering safepoint region: RevokeBias
[2019-12-08T09:55:06.125+0000][1][safepoint    ] Leaving safepoint region
[2019-12-08T09:55:06.125+0000][1][safepoint    ] Total time for which application threads were stopped: 0.0000398 seconds, Stopping threads took: 0.0000071 seconds
[2019-12-08T09:55:06.125+0000][1][safepoint    ] Application time: 0.0000480 seconds
[2019-12-08T09:55:06.125+0000][1][safepoint    ] Entering safepoint region: RevokeBias
[2019-12-08T09:55:06.125+0000][1][safepoint    ] Leaving safepoint region
[2019-12-08T09:55:06.125+0000][1][safepoint    ] Total time for which application threads were stopped: 0.0000394 seconds, Stopping threads took: 0.0000073 seconds
[2019-12-08T09:55:06.125+0000][1][safepoint    ] Application time: 0.0000606 seconds
[2019-12-08T09:55:06.125+0000][1][safepoint    ] Entering safepoint region: RevokeBias
[2019-12-08T09:55:06.125+0000][1][safepoint    ] Leaving safepoint region
[2019-12-08T09:55:06.125+0000][1][safepoint    ] Total time for which application threads were stopped: 0.0000440 seconds, Stopping threads took: 0.0000079 seconds
[2019-12-08T09:55:06.125+0000][1][safepoint    ] Application time: 0.0000504 seconds
[2019-12-08T09:55:06.125+0000][1][safepoint    ] Entering safepoint region: BulkRevokeBias
[2019-12-08T09:55:06.125+0000][1][safepoint    ] Leaving safepoint region
[2019-12-08T09:55:06.125+0000][1][safepoint    ] Total time for which application threads were stopped: 0.0001147 seconds, Stopping threads took: 0.0000079 seconds
[2019-12-08T09:55:06.125+0000][1][safepoint    ] Application time: 0.0001723 seconds
[2019-12-08T09:55:06.125+0000][1][safepoint    ] Entering safepoint region: RevokeBias
[2019-12-08T09:55:06.125+0000][1][safepoint    ] Leaving safepoint region
[2019-12-08T09:55:06.125+0000][1][safepoint    ] Total time for which application threads were stopped: 0.0000693 seconds, Stopping threads took: 0.0000089 seconds
[2019-12-08T09:55:06.125+0000][1][safepoint    ] Application time: 0.0000828 seconds
[2019-12-08T09:55:06.125+0000][1][safepoint    ] Entering safepoint region: RevokeBias
[2019-12-08T09:55:06.125+0000][1][safepoint    ] Leaving safepoint region
[2019-12-08T09:55:06.125+0000][1][safepoint    ] Total time for which application threads were stopped: 0.0000541 seconds, Stopping threads took: 0.0000081 seconds
[2019-12-08T09:55:06.125+0000][1][safepoint    ] Application time: 0.0001195 seconds
[2019-12-08T09:55:06.125+0000][1][safepoint    ] Entering safepoint region: RevokeBias
[2019-12-08T09:55:06.126+0000][1][safepoint    ] Leaving safepoint region
[2019-12-08T09:55:06.126+0000][1][safepoint    ] Total time for which application threads were stopped: 0.0000474 seconds, Stopping threads took: 0.0000070 seconds
[2019-12-08T09:55:06.126+0000][1][safepoint    ] Application time: 0.0000690 seconds
[2019-12-08T09:55:06.126+0000][1][safepoint    ] Entering safepoint region: RevokeBias
[2019-12-08T09:55:06.126+0000][1][safepoint    ] Leaving safepoint region
[2019-12-08T09:55:06.126+0000][1][safepoint    ] Total time for which application threads were stopped: 0.0000415 seconds, Stopping threads took: 0.0000071 seconds
[2019-12-08T09:55:06.126+0000][1][safepoint    ] Application time: 0.0001043 seconds
[2019-12-08T09:55:06.126+0000][1][safepoint    ] Entering safepoint region: RevokeBias
[2019-12-08T09:55:06.126+0000][1][safepoint    ] Leaving safepoint region
[2019-12-08T09:55:06.126+0000][1][safepoint    ] Total time for which application threads were stopped: 0.0000417 seconds, Stopping threads took: 0.0000073 seconds
[2019-12-08T09:55:06.126+0000][1][safepoint    ] Application time: 0.0000673 seconds
[2019-12-08T09:55:06.126+0000][1][safepoint    ] Entering safepoint region: RevokeBias
[2019-12-08T09:55:06.126+0000][1][safepoint    ] Leaving safepoint region
[2019-12-08T09:55:06.126+0000][1][safepoint    ] Total time for which application threads were stopped: 0.0000567 seconds, Stopping threads took: 0.0000070 seconds
[2019-12-08T09:55:06.126+0000][1][safepoint    ] Application time: 0.0000503 seconds
[2019-12-08T09:55:06.126+0000][1][safepoint    ] Entering safepoint region: RevokeBias
[2019-12-08T09:55:06.126+0000][1][safepoint    ] Leaving safepoint region
[2019-12-08T09:55:06.126+0000][1][safepoint    ] Total time for which application threads were stopped: 0.0000404 seconds, Stopping threads took: 0.0000072 seconds
[2019-12-08T09:55:06.126+0000][1][safepoint    ] Application time: 0.0000550 seconds
[2019-12-08T09:55:06.126+0000][1][safepoint    ] Entering safepoint region: RevokeBias
[2019-12-08T09:55:06.126+0000][1][safepoint    ] Leaving safepoint region
[2019-12-08T09:55:06.126+0000][1][safepoint    ] Total time for which application threads were stopped: 0.0000487 seconds, Stopping threads took: 0.0000071 seconds
[2019-12-08T09:55:06.126+0000][1][safepoint    ] Application time: 0.0000517 seconds
[2019-12-08T09:55:06.126+0000][1][safepoint    ] Entering safepoint region: RevokeBias
[2019-12-08T09:55:06.126+0000][1][safepoint    ] Leaving safepoint region
[2019-12-08T09:55:06.126+0000][1][safepoint    ] Total time for which application threads were stopped: 0.0000387 seconds, Stopping threads took: 0.0000068 seconds
[2019-12-08T09:55:06.126+0000][1][safepoint    ] Application time: 0.0001663 seconds
[2019-12-08T09:55:06.126+0000][1][safepoint    ] Entering safepoint region: RevokeBias
[2019-12-08T09:55:06.127+0000][1][safepoint    ] Leaving safepoint region
[2019-12-08T09:55:06.127+0000][1][safepoint    ] Total time for which application threads were stopped: 0.0000561 seconds, Stopping threads took: 0.0000078 seconds
[2019-12-08T09:55:06.127+0000][1][safepoint    ] Application time: 0.0000496 seconds
[2019-12-08T09:55:06.127+0000][1][safepoint    ] Entering safepoint region: RevokeBias
[2019-12-08T09:55:06.127+0000][1][safepoint    ] Leaving safepoint region
[2019-12-08T09:55:06.127+0000][1][safepoint    ] Total time for which application threads were stopped: 0.0000365 seconds, Stopping threads took: 0.0000072 seconds
[2019-12-08T09:55:06.127+0000][1][safepoint    ] Application time: 0.0003194 seconds
[2019-12-08T09:55:06.127+0000][1][safepoint    ] Entering safepoint region: RevokeBias
[2019-12-08T09:55:06.127+0000][1][safepoint    ] Leaving safepoint region
[2019-12-08T09:55:06.127+0000][1][safepoint    ] Total time for which application threads were stopped: 0.0000667 seconds, Stopping threads took: 0.0000104 seconds
[2019-12-08T09:55:06.127+0000][1][safepoint    ] Application time: 0.0000575 seconds
[2019-12-08T09:55:06.127+0000][1][safepoint    ] Entering safepoint region: RevokeBias
[2019-12-08T09:55:06.127+0000][1][safepoint    ] Leaving safepoint region
[2019-12-08T09:55:06.127+0000][1][safepoint    ] Total time for which application threads were stopped: 0.0000471 seconds, Stopping threads took: 0.0000083 seconds
[2019-12-08T09:55:06.127+0000][1][safepoint    ] Application time: 0.0000503 seconds
[2019-12-08T09:55:06.127+0000][1][safepoint    ] Entering safepoint region: RevokeBias
[2019-12-08T09:55:06.127+0000][1][safepoint    ] Leaving safepoint region
[2019-12-08T09:55:06.127+0000][1][safepoint    ] Total time for which application threads were stopped: 0.0000448 seconds, Stopping threads took: 0.0000083 seconds
[2019-12-08T09:55:06.127+0000][1][safepoint    ] Application time: 0.0000498 seconds
[2019-12-08T09:55:06.127+0000][1][safepoint    ] Entering safepoint region: RevokeBias
[2019-12-08T09:55:06.127+0000][1][safepoint    ] Leaving safepoint region
[2019-12-08T09:55:06.127+0000][1][safepoint    ] Total time for which application threads were stopped: 0.0000438 seconds, Stopping threads took: 0.0000071 seconds
[2019-12-08T09:55:06.127+0000][1][safepoint    ] Application time: 0.0000504 seconds
[2019-12-08T09:55:06.127+0000][1][safepoint    ] Entering safepoint region: RevokeBias
[2019-12-08T09:55:06.127+0000][1][safepoint    ] Leaving safepoint region
[2019-12-08T09:55:06.128+0000][1][safepoint    ] Total time for which application threads were stopped: 0.0000451 seconds, Stopping threads took: 0.0000076 seconds
[2019-12-08T09:55:06.128+0000][1][safepoint    ] Application time: 0.0000522 seconds
[2019-12-08T09:55:06.128+0000][1][safepoint    ] Entering safepoint region: RevokeBias
[2019-12-08T09:55:06.128+0000][1][safepoint    ] Leaving safepoint region
[2019-12-08T09:55:06.128+0000][1][safepoint    ] Total time for which application threads were stopped: 0.0000428 seconds, Stopping threads took: 0.0000076 seconds
[2019-12-08T09:55:06.128+0000][1][safepoint    ] Application time: 0.0000525 seconds
[2019-12-08T09:55:06.128+0000][1][safepoint    ] Entering safepoint region: RevokeBias
[2019-12-08T09:55:06.128+0000][1][safepoint    ] Leaving safepoint region
[2019-12-08T09:55:06.128+0000][1][safepoint    ] Total time for which application threads were stopped: 0.0000514 seconds, Stopping threads took: 0.0000122 seconds
[2019-12-08T09:55:06.128+0000][1][safepoint    ] Application time: 0.0000505 seconds
[2019-12-08T09:55:06.128+0000][1][safepoint    ] Entering safepoint region: RevokeBias
[2019-12-08T09:55:06.128+0000][1][safepoint    ] Leaving safepoint region
[2019-12-08T09:55:06.128+0000][1][safepoint    ] Total time for which application threads were stopped: 0.0000431 seconds, Stopping threads took: 0.0000073 seconds
[2019-12-08T09:55:06.128+0000][1][safepoint    ] Application time: 0.0000480 seconds
[2019-12-08T09:55:06.128+0000][1][safepoint    ] Entering safepoint region: RevokeBias
[2019-12-08T09:55:06.128+0000][1][safepoint    ] Leaving safepoint region
[2019-12-08T09:55:06.128+0000][1][safepoint    ] Total time for which application threads were stopped: 0.0000406 seconds, Stopping threads took: 0.0000073 seconds
[2019-12-08T09:55:06.128+0000][1][safepoint    ] Application time: 0.0000588 seconds
[2019-12-08T09:55:06.128+0000][1][safepoint    ] Entering safepoint region: RevokeBias
[2019-12-08T09:55:06.128+0000][1][safepoint    ] Leaving safepoint region
[2019-12-08T09:55:06.128+0000][1][safepoint    ] Total time for which application threads were stopped: 0.0000445 seconds, Stopping threads took: 0.0000081 seconds
[2019-12-08T09:55:06.128+0000][1][safepoint    ] Application time: 0.0000489 seconds
[2019-12-08T09:55:06.128+0000][1][safepoint    ] Entering safepoint region: RevokeBias
[2019-12-08T09:55:06.128+0000][1][safepoint    ] Leaving safepoint region
[2019-12-08T09:55:06.128+0000][1][safepoint    ] Total time for which application threads were stopped: 0.0000510 seconds, Stopping threads took: 0.0000092 seconds
[2019-12-08T09:55:06.128+0000][1][safepoint    ] Application time: 0.0000582 seconds
[2019-12-08T09:55:06.128+0000][1][safepoint    ] Entering safepoint region: RevokeBias
[2019-12-08T09:55:06.128+0000][1][safepoint    ] Leaving safepoint region
[2019-12-08T09:55:06.128+0000][1][safepoint    ] Total time for which application threads were stopped: 0.0000462 seconds, Stopping threads took: 0.0000084 seconds
[2019-12-08T09:55:06.128+0000][1][safepoint    ] Application time: 0.0000501 seconds
[2019-12-08T09:55:06.128+0000][1][safepoint    ] Entering safepoint region: RevokeBias
[2019-12-08T09:55:06.128+0000][1][safepoint    ] Leaving safepoint region
[2019-12-08T09:55:06.128+0000][1][safepoint    ] Total time for which application threads were stopped: 0.0000454 seconds, Stopping threads took: 0.0000078 seconds
[2019-12-08T09:55:06.128+0000][1][safepoint    ] Application time: 0.0000499 seconds
[2019-12-08T09:55:06.128+0000][1][safepoint    ] Entering safepoint region: RevokeBias
[2019-12-08T09:55:06.129+0000][1][safepoint    ] Leaving safepoint region
[2019-12-08T09:55:06.129+0000][1][safepoint    ] Total time for which application threads were stopped: 0.0000448 seconds, Stopping threads took: 0.0000081 seconds
[2019-12-08T09:55:06.129+0000][1][safepoint    ] Application time: 0.0000497 seconds
[2019-12-08T09:55:06.129+0000][1][safepoint    ] Entering safepoint region: RevokeBias
[2019-12-08T09:55:06.129+0000][1][safepoint    ] Leaving safepoint region
[2019-12-08T09:55:06.129+0000][1][safepoint    ] Total time for which application threads were stopped: 0.0000430 seconds, Stopping threads took: 0.0000080 seconds
[2019-12-08T09:55:06.129+0000][1][safepoint    ] Application time: 0.0000655 seconds
[2019-12-08T09:55:06.129+0000][1][safepoint    ] Entering safepoint region: BulkRevokeBias
[2019-12-08T09:55:06.129+0000][1][safepoint    ] Leaving safepoint region
[2019-12-08T09:55:06.129+0000][1][safepoint    ] Total time for which application threads were stopped: 0.0001188 seconds, Stopping threads took: 0.0000081 seconds
[2019-12-08T09:55:06.131+0000][1][safepoint    ] Application time: 0.0021840 seconds
[2019-12-08T09:55:06.131+0000][1][safepoint    ] Entering safepoint region: RevokeBias
[2019-12-08T09:55:06.131+0000][1][safepoint    ] Leaving safepoint region
[2019-12-08T09:55:06.131+0000][1][safepoint    ] Total time for which application threads were stopped: 0.0000662 seconds, Stopping threads took: 0.0000116 seconds
[2019-12-08T09:55:06.131+0000][1][safepoint    ] Application time: 0.0000771 seconds
[2019-12-08T09:55:06.131+0000][1][safepoint    ] Entering safepoint region: RevokeBias
[2019-12-08T09:55:06.131+0000][1][safepoint    ] Leaving safepoint region
[2019-12-08T09:55:06.131+0000][1][safepoint    ] Total time for which application threads were stopped: 0.0000407 seconds, Stopping threads took: 0.0000075 seconds
[2019-12-08T09:55:06.131+0000][1][safepoint    ] Application time: 0.0001585 seconds
[2019-12-08T09:55:06.131+0000][1][safepoint    ] Entering safepoint region: RevokeBias
[2019-12-08T09:55:06.131+0000][1][safepoint    ] Leaving safepoint region
[2019-12-08T09:55:06.131+0000][1][safepoint    ] Total time for which application threads were stopped: 0.0000365 seconds, Stopping threads took: 0.0000068 seconds
[2019-12-08T09:55:06.132+0000][1][safepoint    ] Application time: 0.0000553 seconds
[2019-12-08T09:55:06.132+0000][1][safepoint    ] Entering safepoint region: RevokeBias
[2019-12-08T09:55:06.132+0000][1][safepoint    ] Leaving safepoint region
[2019-12-08T09:55:06.132+0000][1][safepoint    ] Total time for which application threads were stopped: 0.0000368 seconds, Stopping threads took: 0.0000071 seconds
[2019-12-08T09:55:06.132+0000][1][safepoint    ] Application time: 0.0000446 seconds
[2019-12-08T09:55:06.132+0000][1][safepoint    ] Entering safepoint region: RevokeBias
[2019-12-08T09:55:06.132+0000][1][safepoint    ] Leaving safepoint region
[2019-12-08T09:55:06.132+0000][1][safepoint    ] Total time for which application threads were stopped: 0.0000533 seconds, Stopping threads took: 0.0000073 seconds
[2019-12-08T09:55:06.132+0000][1][safepoint    ] Application time: 0.0000470 seconds
[2019-12-08T09:55:06.132+0000][1][safepoint    ] Entering safepoint region: RevokeBias
[2019-12-08T09:55:06.132+0000][1][safepoint    ] Leaving safepoint region
[2019-12-08T09:55:06.132+0000][1][safepoint    ] Total time for which application threads were stopped: 0.0000370 seconds, Stopping threads took: 0.0000074 seconds
[2019-12-08T09:55:06.132+0000][1][safepoint    ] Application time: 0.0002939 seconds
[2019-12-08T09:55:06.132+0000][1][safepoint    ] Entering safepoint region: RevokeBias
[2019-12-08T09:55:06.132+0000][1][safepoint    ] Leaving safepoint region
[2019-12-08T09:55:06.132+0000][1][safepoint    ] Total time for which application threads were stopped: 0.0000410 seconds, Stopping threads took: 0.0000084 seconds
[2019-12-08T09:55:06.132+0000][1][safepoint    ] Application time: 0.0001092 seconds
[2019-12-08T09:55:06.132+0000][1][safepoint    ] Entering safepoint region: RevokeBias
[2019-12-08T09:55:06.132+0000][1][safepoint    ] Leaving safepoint region
[2019-12-08T09:55:06.132+0000][1][safepoint    ] Total time for which application threads were stopped: 0.0000344 seconds, Stopping threads took: 0.0000072 seconds
[2019-12-08T09:55:06.133+0000][1][safepoint    ] Application time: 0.0003297 seconds
[2019-12-08T09:55:06.133+0000][1][safepoint    ] Entering safepoint region: RevokeBias
[2019-12-08T09:55:06.133+0000][1][safepoint    ] Leaving safepoint region
[2019-12-08T09:55:06.133+0000][1][safepoint    ] Total time for which application threads were stopped: 0.0000722 seconds, Stopping threads took: 0.0000097 seconds
[2019-12-08T09:55:06.133+0000][1][safepoint    ] Application time: 0.0000918 seconds
[2019-12-08T09:55:06.133+0000][1][safepoint    ] Entering safepoint region: RevokeBias
[2019-12-08T09:55:06.133+0000][1][safepoint    ] Leaving safepoint region
[2019-12-08T09:55:06.133+0000][1][safepoint    ] Total time for which application threads were stopped: 0.0000392 seconds, Stopping threads took: 0.0000078 seconds
[2019-12-08T09:55:06.133+0000][1][safepoint    ] Application time: 0.0002492 seconds
[2019-12-08T09:55:06.133+0000][1][safepoint    ] Entering safepoint region: RevokeBias
[2019-12-08T09:55:06.133+0000][1][safepoint    ] Leaving safepoint region
[2019-12-08T09:55:06.133+0000][1][safepoint    ] Total time for which application threads were stopped: 0.0000466 seconds, Stopping threads took: 0.0000081 seconds
[2019-12-08T09:55:06.133+0000][1][safepoint    ] Application time: 0.0002257 seconds
[2019-12-08T09:55:06.133+0000][1][safepoint    ] Entering safepoint region: RevokeBias
[2019-12-08T09:55:06.133+0000][1][safepoint    ] Leaving safepoint region
[2019-12-08T09:55:06.133+0000][1][safepoint    ] Total time for which application threads were stopped: 0.0000433 seconds, Stopping threads took: 0.0000083 seconds
[2019-12-08T09:55:06.134+0000][1][safepoint    ] Application time: 0.0001124 seconds
[2019-12-08T09:55:06.134+0000][1][safepoint    ] Entering safepoint region: RevokeBias
[2019-12-08T09:55:06.134+0000][1][safepoint    ] Leaving safepoint region
[2019-12-08T09:55:06.134+0000][1][safepoint    ] Total time for which application threads were stopped: 0.0000435 seconds, Stopping threads took: 0.0000090 seconds
[2019-12-08T09:55:06.134+0000][1][safepoint    ] Application time: 0.0000731 seconds
[2019-12-08T09:55:06.134+0000][1][safepoint    ] Entering safepoint region: RevokeBias
[2019-12-08T09:55:06.134+0000][1][safepoint    ] Leaving safepoint region
[2019-12-08T09:55:06.134+0000][1][safepoint    ] Total time for which application threads were stopped: 0.0000394 seconds, Stopping threads took: 0.0000084 seconds
[2019-12-08T09:55:06.134+0000][1][safepoint    ] Application time: 0.0002070 seconds
[2019-12-08T09:55:06.134+0000][1][safepoint    ] Entering safepoint region: RevokeBias
[2019-12-08T09:55:06.134+0000][1][safepoint    ] Leaving safepoint region
[2019-12-08T09:55:06.134+0000][1][safepoint    ] Total time for which application threads were stopped: 0.0000445 seconds, Stopping threads took: 0.0000088 seconds
[2019-12-08T09:55:06.136+0000][1][safepoint    ] Application time: 0.0017910 seconds
[2019-12-08T09:55:06.136+0000][1][safepoint    ] Entering safepoint region: RevokeBias
[2019-12-08T09:55:06.136+0000][1][safepoint    ] Leaving safepoint region
[2019-12-08T09:55:06.136+0000][1][safepoint    ] Total time for which application threads were stopped: 0.0000634 seconds, Stopping threads took: 0.0000100 seconds
[2019-12-08T09:55:06.136+0000][1][safepoint    ] Application time: 0.0001061 seconds
[2019-12-08T09:55:06.136+0000][1][safepoint    ] Entering safepoint region: RevokeBias
[2019-12-08T09:55:06.136+0000][1][safepoint    ] Leaving safepoint region
[2019-12-08T09:55:06.136+0000][1][safepoint    ] Total time for which application threads were stopped: 0.0000596 seconds, Stopping threads took: 0.0000084 seconds
[2019-12-08T09:55:06.137+0000][1][safepoint    ] Application time: 0.0004452 seconds
[2019-12-08T09:55:06.137+0000][1][safepoint    ] Entering safepoint region: RevokeBias
[2019-12-08T09:55:06.137+0000][1][safepoint    ] Leaving safepoint region
[2019-12-08T09:55:06.137+0000][1][safepoint    ] Total time for which application threads were stopped: 0.0000898 seconds, Stopping threads took: 0.0000088 seconds
[2019-12-08T09:55:06.162+0000][1][safepoint    ] Application time: 0.0250692 seconds
[2019-12-08T09:55:06.162+0000][1][safepoint    ] Entering safepoint region: RevokeBias
[2019-12-08T09:55:06.162+0000][1][safepoint    ] Leaving safepoint region
[2019-12-08T09:55:06.162+0000][1][safepoint    ] Total time for which application threads were stopped: 0.0001173 seconds, Stopping threads took: 0.0000530 seconds
[2019-12-08T09:55:06.162+0000][1][safepoint    ] Application time: 0.0000667 seconds
[2019-12-08T09:55:06.162+0000][1][safepoint    ] Entering safepoint region: RevokeBias
[2019-12-08T09:55:06.162+0000][1][safepoint    ] Leaving safepoint region
[2019-12-08T09:55:06.162+0000][1][safepoint    ] Total time for which application threads were stopped: 0.0000429 seconds, Stopping threads took: 0.0000083 seconds
[2019-12-08T09:55:06.163+0000][1][safepoint    ] Application time: 0.0008808 seconds
[2019-12-08T09:55:06.163+0000][1][safepoint    ] Entering safepoint region: RevokeBias
[2019-12-08T09:55:06.163+0000][1][safepoint    ] Leaving safepoint region
[2019-12-08T09:55:06.163+0000][1][safepoint    ] Total time for which application threads were stopped: 0.0000611 seconds, Stopping threads took: 0.0000112 seconds
[2019-12-08T09:55:06.164+0000][1][safepoint    ] Application time: 0.0010330 seconds
[2019-12-08T09:55:06.164+0000][1][safepoint    ] Entering safepoint region: RevokeBias
[2019-12-08T09:55:06.164+0000][1][safepoint    ] Leaving safepoint region
[2019-12-08T09:55:06.164+0000][1][safepoint    ] Total time for which application threads were stopped: 0.0000640 seconds, Stopping threads took: 0.0000100 seconds
[2019-12-08T09:55:06.164+0000][1][safepoint    ] Application time: 0.0000594 seconds
[2019-12-08T09:55:06.164+0000][1][safepoint    ] Entering safepoint region: RevokeBias
[2019-12-08T09:55:06.164+0000][1][safepoint    ] Leaving safepoint region
[2019-12-08T09:55:06.164+0000][1][safepoint    ] Total time for which application threads were stopped: 0.0000454 seconds, Stopping threads took: 0.0000085 seconds
[2019-12-08T09:55:06.165+0000][1][safepoint    ] Application time: 0.0002559 seconds
[2019-12-08T09:55:06.165+0000][1][safepoint    ] Entering safepoint region: RevokeBias
[2019-12-08T09:55:06.165+0000][1][safepoint    ] Leaving safepoint region
[2019-12-08T09:55:06.165+0000][1][safepoint    ] Total time for which application threads were stopped: 0.0000482 seconds, Stopping threads took: 0.0000088 seconds
[2019-12-08T09:55:06.354+0000][1][safepoint    ] Application time: 0.1891929 seconds
[2019-12-08T09:55:06.355+0000][1][safepoint    ] Entering safepoint region: RevokeBias
[2019-12-08T09:55:06.355+0000][1][safepoint    ] Leaving safepoint region
[2019-12-08T09:55:06.355+0000][1][safepoint    ] Total time for which application threads were stopped: 0.0011262 seconds, Stopping threads took: 0.0009966 seconds
[2019-12-08T09:55:06.358+0000][1][safepoint    ] Application time: 0.0029638 seconds
[2019-12-08T09:55:06.358+0000][1][safepoint    ] Entering safepoint region: RevokeBias
[2019-12-08T09:55:06.358+0000][1][safepoint    ] Leaving safepoint region
[2019-12-08T09:55:06.358+0000][1][safepoint    ] Total time for which application threads were stopped: 0.0001042 seconds, Stopping threads took: 0.0000123 seconds
[2019-12-08T09:55:06.358+0000][1][safepoint    ] Application time: 0.0002344 seconds
[2019-12-08T09:55:06.358+0000][1][safepoint    ] Entering safepoint region: RevokeBias
[2019-12-08T09:55:06.358+0000][1][safepoint    ] Leaving safepoint region
[2019-12-08T09:55:06.358+0000][1][safepoint    ] Total time for which application threads were stopped: 0.0000844 seconds, Stopping threads took: 0.0000097 seconds
[2019-12-08T09:55:06.359+0000][1][safepoint    ] Application time: 0.0001813 seconds
[2019-12-08T09:55:06.359+0000][1][safepoint    ] Entering safepoint region: RevokeBias
[2019-12-08T09:55:06.359+0000][1][safepoint    ] Leaving safepoint region
[2019-12-08T09:55:06.359+0000][1][safepoint    ] Total time for which application threads were stopped: 0.0001052 seconds, Stopping threads took: 0.0000088 seconds
[2019-12-08T09:55:06.359+0000][1][safepoint    ] Application time: 0.0000603 seconds
[2019-12-08T09:55:06.359+0000][1][safepoint    ] Entering safepoint region: RevokeBias
[2019-12-08T09:55:06.359+0000][1][safepoint    ] Leaving safepoint region
[2019-12-08T09:55:06.359+0000][1][safepoint    ] Total time for which application threads were stopped: 0.0000713 seconds, Stopping threads took: 0.0000084 seconds
[2019-12-08T09:55:06.360+0000][1][safepoint    ] Application time: 0.0011504 seconds
[2019-12-08T09:55:06.360+0000][1][safepoint    ] Entering safepoint region: RevokeBias
[2019-12-08T09:55:06.360+0000][1][safepoint    ] Leaving safepoint region
[2019-12-08T09:55:06.360+0000][1][safepoint    ] Total time for which application threads were stopped: 0.0000947 seconds, Stopping threads took: 0.0000121 seconds
[2019-12-08T09:55:06.799+0000][1][safepoint    ] Application time: 0.4391521 seconds
[2019-12-08T09:55:06.799+0000][1][safepoint    ] Entering safepoint region: RevokeBias
[2019-12-08T09:55:06.799+0000][1][safepoint    ] Leaving safepoint region
[2019-12-08T09:55:06.799+0000][1][safepoint    ] Total time for which application threads were stopped: 0.0001027 seconds, Stopping threads took: 0.0000143 seconds
[2019-12-08T09:55:06.829+0000][1][safepoint    ] Application time: 0.0295148 seconds
[2019-12-08T09:55:06.843+0000][1][safepoint    ] Entering safepoint region: RevokeBias
[2019-12-08T09:55:06.843+0000][1][safepoint    ] Leaving safepoint region
[2019-12-08T09:55:06.843+0000][1][safepoint    ] Total time for which application threads were stopped: 0.0138479 seconds, Stopping threads took: 0.0137703 seconds
[2019-12-08T09:55:06.866+0000][1][safepoint    ] Application time: 0.0234192 seconds
[2019-12-08T09:55:06.872+0000][1][safepoint    ] Entering safepoint region: RevokeBias
[2019-12-08T09:55:06.872+0000][1][safepoint    ] Leaving safepoint region
[2019-12-08T09:55:06.872+0000][1][safepoint    ] Total time for which application threads were stopped: 0.0055919 seconds, Stopping threads took: 0.0055340 seconds
[2019-12-08T09:55:06.887+0000][1][safepoint    ] Application time: 0.0153745 seconds
[2019-12-08T09:55:06.889+0000][1][safepoint    ] Entering safepoint region: RevokeBias
[2019-12-08T09:55:06.889+0000][1][safepoint    ] Leaving safepoint region
[2019-12-08T09:55:06.889+0000][1][safepoint    ] Total time for which application threads were stopped: 0.0017892 seconds, Stopping threads took: 0.0017050 seconds
[2019-12-08T09:55:06.889+0000][1][safepoint    ] Application time: 0.0001645 seconds
[2019-12-08T09:55:06.889+0000][1][safepoint    ] Entering safepoint region: RevokeBias
[2019-12-08T09:55:06.889+0000][1][safepoint    ] Leaving safepoint region
[2019-12-08T09:55:06.889+0000][1][safepoint    ] Total time for which application threads were stopped: 0.0000654 seconds, Stopping threads took: 0.0000100 seconds
[2019-12-08T09:55:07.639+0000][1][safepoint    ] Application time: 0.7496613 seconds
[2019-12-08T09:55:07.639+0000][1][safepoint    ] Entering safepoint region: GenCollectForAllocation
[2019-12-08T09:55:07.640+0000][1][gc,start     ] GC(19) Pause Young (Allocation Failure)
[2019-12-08T09:55:07.640+0000][1][gc,task      ] GC(19) Using 4 workers of 4 for evacuation
[2019-12-08T09:55:07.696+0000][1][gc,age       ] GC(19) Desired survivor size 4456448 bytes, new threshold 2 (max threshold 6)
[2019-12-08T09:55:07.696+0000][1][gc,age       ] GC(19) Age table with threshold 2 (max threshold 6)
[2019-12-08T09:55:07.696+0000][1][gc,age       ] GC(19) - age   1:    1267912 bytes,    1267912 total
[2019-12-08T09:55:07.696+0000][1][gc,age       ] GC(19) - age   2:    3284864 bytes,    4552776 total
[2019-12-08T09:55:07.696+0000][1][gc,heap      ] GC(19) ParNew: 77695K->8186K(78656K)
[2019-12-08T09:55:07.696+0000][1][gc,heap      ] GC(19) CMS: 55847K->59036K(174784K)
[2019-12-08T09:55:07.696+0000][1][gc,metaspace ] GC(19) Metaspace: 51195K->51195K(1095680K)
[2019-12-08T09:55:07.696+0000][1][gc           ] GC(19) Pause Young (Allocation Failure) 130M->65M(247M) 56.779ms
[2019-12-08T09:55:07.696+0000][1][gc,cpu       ] GC(19) User=0.07s Sys=0.00s Real=0.06s
[2019-12-08T09:55:07.696+0000][1][safepoint    ] Leaving safepoint region
[2019-12-08T09:55:07.696+0000][1][safepoint    ] Total time for which application threads were stopped: 0.0572986 seconds, Stopping threads took: 0.0000166 seconds
[2019-12-08T09:55:07.910+0000][1][safepoint    ] Application time: 0.2135376 seconds
[2019-12-08T09:55:07.922+0000][1][safepoint    ] Entering safepoint region: BulkRevokeBias
[2019-12-08T09:55:07.922+0000][1][safepoint    ] Leaving safepoint region
[2019-12-08T09:55:07.922+0000][1][safepoint    ] Total time for which application threads were stopped: 0.0119198 seconds, Stopping threads took: 0.0117933 seconds
[2019-12-08T09:55:07.943+0000][1][safepoint    ] Application time: 0.0212059 seconds
[2019-12-08T09:55:07.943+0000][1][safepoint    ] Entering safepoint region: RevokeBias
[2019-12-08T09:55:07.943+0000][1][safepoint    ] Leaving safepoint region
[2019-12-08T09:55:07.943+0000][1][safepoint    ] Total time for which application threads were stopped: 0.0003224 seconds, Stopping threads took: 0.0002757 seconds
[2019-12-08T09:55:07.944+0000][1][safepoint    ] Application time: 0.0000772 seconds
[2019-12-08T09:55:07.944+0000][1][safepoint    ] Entering safepoint region: RevokeBias
[2019-12-08T09:55:07.944+0000][1][safepoint    ] Leaving safepoint region
[2019-12-08T09:55:07.944+0000][1][safepoint    ] Total time for which application threads were stopped: 0.0000299 seconds, Stopping threads took: 0.0000074 seconds
[2019-12-08T09:55:08.944+0000][1][safepoint    ] Application time: 1.0000891 seconds
[2019-12-08T09:55:08.944+0000][1][safepoint    ] Entering safepoint region: Cleanup
[2019-12-08T09:55:08.945+0000][1][safepoint    ] Leaving safepoint region
[2019-12-08T09:55:08.945+0000][1][safepoint    ] Total time for which application threads were stopped: 0.0008573 seconds, Stopping threads took: 0.0003320 seconds
[2019-12-08T09:55:08.965+0000][1][safepoint    ] Application time: 0.0206424 seconds
[2019-12-08T09:55:08.966+0000][1][safepoint    ] Entering safepoint region: RevokeBias
[2019-12-08T09:55:08.966+0000][1][safepoint    ] Leaving safepoint region
[2019-12-08T09:55:08.966+0000][1][safepoint    ] Total time for which application threads were stopped: 0.0004053 seconds, Stopping threads took: 0.0003460 seconds
[2019-12-08T09:55:09.009+0000][1][safepoint    ] Application time: 0.0433668 seconds
[2019-12-08T09:55:09.009+0000][1][safepoint    ] Entering safepoint region: RevokeBias
[2019-12-08T09:55:09.009+0000][1][safepoint    ] Leaving safepoint region
[2019-12-08T09:55:09.009+0000][1][safepoint    ] Total time for which application threads were stopped: 0.0000850 seconds, Stopping threads took: 0.0000159 seconds
[2019-12-08T09:55:09.013+0000][1][safepoint    ] Application time: 0.0036194 seconds
[2019-12-08T09:55:09.013+0000][1][safepoint    ] Entering safepoint region: RevokeBias
[2019-12-08T09:55:09.013+0000][1][safepoint    ] Leaving safepoint region
[2019-12-08T09:55:09.013+0000][1][safepoint    ] Total time for which application threads were stopped: 0.0000774 seconds, Stopping threads took: 0.0000131 seconds
[2019-12-08T09:55:09.021+0000][1][safepoint    ] Application time: 0.0080660 seconds
[2019-12-08T09:55:09.021+0000][1][safepoint    ] Entering safepoint region: RevokeBias
[2019-12-08T09:55:09.021+0000][1][safepoint    ] Leaving safepoint region
[2019-12-08T09:55:09.021+0000][1][safepoint    ] Total time for which application threads were stopped: 0.0000603 seconds, Stopping threads took: 0.0000154 seconds
[2019-12-08T09:55:09.024+0000][1][safepoint    ] Application time: 0.0028889 seconds
[2019-12-08T09:55:09.024+0000][1][safepoint    ] Entering safepoint region: RevokeBias
[2019-12-08T09:55:09.024+0000][1][safepoint    ] Leaving safepoint region
[2019-12-08T09:55:09.024+0000][1][safepoint    ] Total time for which application threads were stopped: 0.0000652 seconds, Stopping threads took: 0.0000116 seconds
[2019-12-08T09:55:09.426+0000][1][safepoint    ] Application time: 0.4022350 seconds
[2019-12-08T09:55:09.426+0000][1][safepoint    ] Entering safepoint region: Deoptimize
[2019-12-08T09:55:09.428+0000][1][safepoint    ] Leaving safepoint region
[2019-12-08T09:55:09.428+0000][1][safepoint    ] Total time for which application threads were stopped: 0.0016838 seconds, Stopping threads took: 0.0000161 seconds
[2019-12-08T09:55:09.927+0000][1][safepoint    ] Application time: 0.4992732 seconds
[2019-12-08T09:55:09.927+0000][1][safepoint    ] Entering safepoint region: GenCollectForAllocation
[2019-12-08T09:55:09.927+0000][1][gc,start     ] GC(20) Pause Young (Allocation Failure)
[2019-12-08T09:55:09.927+0000][1][gc,task      ] GC(20) Using 4 workers of 4 for evacuation
[2019-12-08T09:55:09.964+0000][1][gc,age       ] GC(20) Desired survivor size 4456448 bytes, new threshold 2 (max threshold 6)
[2019-12-08T09:55:09.964+0000][1][gc,age       ] GC(20) Age table with threshold 2 (max threshold 6)
[2019-12-08T09:55:09.964+0000][1][gc,age       ] GC(20) - age   1:    3338096 bytes,    3338096 total
[2019-12-08T09:55:09.964+0000][1][gc,age       ] GC(20) - age   2:    1211384 bytes,    4549480 total
[2019-12-08T09:55:09.964+0000][1][gc,heap      ] GC(20) ParNew: 78138K->6063K(78656K)
[2019-12-08T09:55:09.964+0000][1][gc,heap      ] GC(20) CMS: 59036K->62340K(174784K)
[2019-12-08T09:55:09.964+0000][1][gc,metaspace ] GC(20) Metaspace: 59427K->59427K(1103872K)
[2019-12-08T09:55:09.964+0000][1][gc           ] GC(20) Pause Young (Allocation Failure) 133M->66M(247M) 36.495ms
[2019-12-08T09:55:09.964+0000][1][gc,cpu       ] GC(20) User=0.04s Sys=0.00s Real=0.04s
[2019-12-08T09:55:09.964+0000][1][safepoint    ] Leaving safepoint region
[2019-12-08T09:55:09.964+0000][1][safepoint    ] Total time for which application threads were stopped: 0.0366496 seconds, Stopping threads took: 0.0000150 seconds
[2019-12-08T09:55:09.998+0000][1][safepoint    ] Application time: 0.0338381 seconds
[2019-12-08T09:55:09.998+0000][1][safepoint    ] Entering safepoint region: RevokeBias
[2019-12-08T09:55:09.998+0000][1][safepoint    ] Leaving safepoint region
[2019-12-08T09:55:09.998+0000][1][safepoint    ] Total time for which application threads were stopped: 0.0001725 seconds, Stopping threads took: 0.0001173 seconds
[2019-12-08T09:55:10.020+0000][1][safepoint    ] Application time: 0.0224946 seconds
[2019-12-08T09:55:10.020+0000][1][safepoint    ] Entering safepoint region: RevokeBias
[2019-12-08T09:55:10.020+0000][1][safepoint    ] Leaving safepoint region
[2019-12-08T09:55:10.020+0000][1][safepoint    ] Total time for which application threads were stopped: 0.0000611 seconds, Stopping threads took: 0.0000136 seconds
[2019-12-08T09:55:10.263+0000][1][safepoint    ] Application time: 0.2420427 seconds
[2019-12-08T09:55:10.263+0000][1][safepoint    ] Entering safepoint region: RevokeBias
[2019-12-08T09:55:10.263+0000][1][safepoint    ] Leaving safepoint region
[2019-12-08T09:55:10.263+0000][1][safepoint    ] Total time for which application threads were stopped: 0.0000877 seconds, Stopping threads took: 0.0000147 seconds
[2019-12-08T09:55:10.431+0000][1][safepoint    ] Application time: 0.1682711 seconds
[2019-12-08T09:55:10.431+0000][1][safepoint    ] Entering safepoint region: Deoptimize
[2019-12-08T09:55:10.432+0000][1][safepoint    ] Leaving safepoint region
[2019-12-08T09:55:10.432+0000][1][safepoint    ] Total time for which application threads were stopped: 0.0006804 seconds, Stopping threads took: 0.0000155 seconds
[2019-12-08T09:55:10.458+0000][1][safepoint    ] Application time: 0.0265768 seconds
[2019-12-08T09:55:10.458+0000][1][safepoint    ] Entering safepoint region: RevokeBias
[2019-12-08T09:55:10.458+0000][1][safepoint    ] Leaving safepoint region
[2019-12-08T09:55:10.458+0000][1][safepoint    ] Total time for which application threads were stopped: 0.0000924 seconds, Stopping threads took: 0.0000155 seconds
[2019-12-08T09:55:10.459+0000][1][safepoint    ] Application time: 0.0004631 seconds
[2019-12-08T09:55:10.459+0000][1][safepoint    ] Entering safepoint region: BulkRevokeBias
[2019-12-08T09:55:10.459+0000][1][safepoint    ] Leaving safepoint region
[2019-12-08T09:55:10.459+0000][1][safepoint    ] Total time for which application threads were stopped: 0.0001754 seconds, Stopping threads took: 0.0000123 seconds
[2019-12-08T09:55:10.460+0000][1][safepoint    ] Application time: 0.0010105 seconds
[2019-12-08T09:55:10.460+0000][1][safepoint    ] Entering safepoint region: RevokeBias
[2019-12-08T09:55:10.460+0000][1][safepoint    ] Leaving safepoint region
[2019-12-08T09:55:10.460+0000][1][safepoint    ] Total time for which application threads were stopped: 0.0000766 seconds, Stopping threads took: 0.0000118 seconds
[2019-12-08T09:55:10.461+0000][1][safepoint    ] Application time: 0.0004234 seconds
[2019-12-08T09:55:10.461+0000][1][safepoint    ] Entering safepoint region: RevokeBias
[2019-12-08T09:55:10.461+0000][1][safepoint    ] Leaving safepoint region
[2019-12-08T09:55:10.461+0000][1][safepoint    ] Total time for which application threads were stopped: 0.0000643 seconds, Stopping threads took: 0.0000112 seconds
[2019-12-08T09:55:10.461+0000][1][safepoint    ] Application time: 0.0000754 seconds
[2019-12-08T09:55:10.461+0000][1][safepoint    ] Entering safepoint region: RevokeBias
[2019-12-08T09:55:10.461+0000][1][safepoint    ] Leaving safepoint region
[2019-12-08T09:55:10.461+0000][1][safepoint    ] Total time for which application threads were stopped: 0.0000490 seconds, Stopping threads took: 0.0000089 seconds
[2019-12-08T09:55:10.461+0000][1][safepoint    ] Application time: 0.0000961 seconds
[2019-12-08T09:55:10.461+0000][1][safepoint    ] Entering safepoint region: RevokeBias
[2019-12-08T09:55:10.461+0000][1][safepoint    ] Leaving safepoint region
[2019-12-08T09:55:10.461+0000][1][safepoint    ] Total time for which application threads were stopped: 0.0000494 seconds, Stopping threads took: 0.0000088 seconds
[2019-12-08T09:55:10.461+0000][1][safepoint    ] Application time: 0.0001440 seconds
[2019-12-08T09:55:10.461+0000][1][safepoint    ] Entering safepoint region: RevokeBias
[2019-12-08T09:55:10.461+0000][1][safepoint    ] Leaving safepoint region
[2019-12-08T09:55:10.461+0000][1][safepoint    ] Total time for which application threads were stopped: 0.0000466 seconds, Stopping threads took: 0.0000086 seconds
[2019-12-08T09:55:10.461+0000][1][safepoint    ] Application time: 0.0002129 seconds
[2019-12-08T09:55:10.461+0000][1][safepoint    ] Entering safepoint region: RevokeBias
[2019-12-08T09:55:10.461+0000][1][safepoint    ] Leaving safepoint region
[2019-12-08T09:55:10.461+0000][1][safepoint    ] Total time for which application threads were stopped: 0.0000481 seconds, Stopping threads took: 0.0000094 seconds
[2019-12-08T09:55:10.462+0000][1][safepoint    ] Application time: 0.0002287 seconds
[2019-12-08T09:55:10.462+0000][1][safepoint    ] Entering safepoint region: RevokeBias
[2019-12-08T09:55:10.462+0000][1][safepoint    ] Leaving safepoint region
[2019-12-08T09:55:10.462+0000][1][safepoint    ] Total time for which application threads were stopped: 0.0000521 seconds, Stopping threads took: 0.0000098 seconds
[2019-12-08T09:55:10.462+0000][1][safepoint    ] Application time: 0.0000542 seconds
[2019-12-08T09:55:10.462+0000][1][safepoint    ] Entering safepoint region: RevokeBias
[2019-12-08T09:55:10.462+0000][1][safepoint    ] Leaving safepoint region
[2019-12-08T09:55:10.462+0000][1][safepoint    ] Total time for which application threads were stopped: 0.0000413 seconds, Stopping threads took: 0.0000078 seconds
[2019-12-08T09:55:10.462+0000][1][safepoint    ] Application time: 0.0000944 seconds
[2019-12-08T09:55:10.462+0000][1][safepoint    ] Entering safepoint region: RevokeBias
[2019-12-08T09:55:10.462+0000][1][safepoint    ] Leaving safepoint region
[2019-12-08T09:55:10.462+0000][1][safepoint    ] Total time for which application threads were stopped: 0.0000439 seconds, Stopping threads took: 0.0000077 seconds
[2019-12-08T09:55:10.464+0000][1][safepoint    ] Application time: 0.0016013 seconds
[2019-12-08T09:55:10.464+0000][1][safepoint    ] Entering safepoint region: RevokeBias
[2019-12-08T09:55:10.464+0000][1][safepoint    ] Leaving safepoint region
[2019-12-08T09:55:10.464+0000][1][safepoint    ] Total time for which application threads were stopped: 0.0000802 seconds, Stopping threads took: 0.0000258 seconds
[2019-12-08T09:55:10.465+0000][1][safepoint    ] Application time: 0.0011502 seconds
[2019-12-08T09:55:10.465+0000][1][safepoint    ] Entering safepoint region: RevokeBias
[2019-12-08T09:55:10.465+0000][1][safepoint    ] Leaving safepoint region
[2019-12-08T09:55:10.465+0000][1][safepoint    ] Total time for which application threads were stopped: 0.0000715 seconds, Stopping threads took: 0.0000107 seconds
[2019-12-08T09:55:10.466+0000][1][safepoint    ] Application time: 0.0012944 seconds
[2019-12-08T09:55:10.466+0000][1][safepoint    ] Entering safepoint region: RevokeBias
[2019-12-08T09:55:10.466+0000][1][safepoint    ] Leaving safepoint region
[2019-12-08T09:55:10.466+0000][1][safepoint    ] Total time for which application threads were stopped: 0.0000645 seconds, Stopping threads took: 0.0000116 seconds
[2019-12-08T09:55:10.468+0000][1][safepoint    ] Application time: 0.0020682 seconds
[2019-12-08T09:55:10.468+0000][1][safepoint    ] Entering safepoint region: Deoptimize
[2019-12-08T09:55:10.469+0000][1][safepoint    ] Leaving safepoint region
[2019-12-08T09:55:10.469+0000][1][safepoint    ] Total time for which application threads were stopped: 0.0006294 seconds, Stopping threads took: 0.0000107 seconds
[2019-12-08T09:55:10.470+0000][1][safepoint    ] Application time: 0.0011803 seconds
[2019-12-08T09:55:10.470+0000][1][safepoint    ] Entering safepoint region: RevokeBias
[2019-12-08T09:55:10.470+0000][1][safepoint    ] Leaving safepoint region
[2019-12-08T09:55:10.470+0000][1][safepoint    ] Total time for which application threads were stopped: 0.0000592 seconds, Stopping threads took: 0.0000109 seconds
[2019-12-08T09:55:10.471+0000][1][safepoint    ] Application time: 0.0010345 seconds
[2019-12-08T09:55:10.471+0000][1][safepoint    ] Entering safepoint region: RevokeBias
[2019-12-08T09:55:10.471+0000][1][safepoint    ] Leaving safepoint region
[2019-12-08T09:55:10.472+0000][1][safepoint    ] Total time for which application threads were stopped: 0.0000596 seconds, Stopping threads took: 0.0000107 seconds
[2019-12-08T09:55:10.543+0000][1][safepoint    ] Application time: 0.0711906 seconds
[2019-12-08T09:55:10.543+0000][1][safepoint    ] Entering safepoint region: RevokeBias
[2019-12-08T09:55:10.543+0000][1][safepoint    ] Leaving safepoint region
[2019-12-08T09:55:10.543+0000][1][safepoint    ] Total time for which application threads were stopped: 0.0002170 seconds, Stopping threads took: 0.0000490 seconds
[2019-12-08T09:55:10.571+0000][1][safepoint    ] Application time: 0.0283015 seconds
[2019-12-08T09:55:10.571+0000][1][safepoint    ] Entering safepoint region: RevokeBias
[2019-12-08T09:55:10.571+0000][1][safepoint    ] Leaving safepoint region
[2019-12-08T09:55:10.571+0000][1][safepoint    ] Total time for which application threads were stopped: 0.0000916 seconds, Stopping threads took: 0.0000147 seconds
[2019-12-08T09:55:10.574+0000][1][safepoint    ] Application time: 0.0022217 seconds
[2019-12-08T09:55:10.574+0000][1][safepoint    ] Entering safepoint region: RevokeBias
[2019-12-08T09:55:10.574+0000][1][safepoint    ] Leaving safepoint region
[2019-12-08T09:55:10.574+0000][1][safepoint    ] Total time for which application threads were stopped: 0.0001040 seconds, Stopping threads took: 0.0000145 seconds
[2019-12-08T09:55:10.600+0000][1][safepoint    ] Application time: 0.0258831 seconds
[2019-12-08T09:55:10.626+0000][1][safepoint    ] Entering safepoint region: RevokeBias
[2019-12-08T09:55:10.626+0000][1][safepoint    ] Leaving safepoint region
[2019-12-08T09:55:10.626+0000][1][safepoint    ] Total time for which application threads were stopped: 0.0261444 seconds, Stopping threads took: 0.0260714 seconds
[2019-12-08T09:55:10.626+0000][1][safepoint    ] Application time: 0.0002000 seconds
[2019-12-08T09:55:10.626+0000][1][safepoint    ] Entering safepoint region: RevokeBias
[2019-12-08T09:55:10.626+0000][1][safepoint    ] Leaving safepoint region
[2019-12-08T09:55:10.626+0000][1][safepoint    ] Total time for which application threads were stopped: 0.0000529 seconds, Stopping threads took: 0.0000101 seconds
[2019-12-08T09:55:10.626+0000][1][safepoint    ] Application time: 0.0000598 seconds
[2019-12-08T09:55:10.626+0000][1][safepoint    ] Entering safepoint region: RevokeBias
[2019-12-08T09:55:10.626+0000][1][safepoint    ] Leaving safepoint region
[2019-12-08T09:55:10.626+0000][1][safepoint    ] Total time for which application threads were stopped: 0.0000383 seconds, Stopping threads took: 0.0000080 seconds
[2019-12-08T09:55:10.626+0000][1][safepoint    ] Application time: 0.0002908 seconds
[2019-12-08T09:55:10.626+0000][1][safepoint    ] Entering safepoint region: RevokeBias
[2019-12-08T09:55:10.627+0000][1][safepoint    ] Leaving safepoint region
[2019-12-08T09:55:10.627+0000][1][safepoint    ] Total time for which application threads were stopped: 0.0000517 seconds, Stopping threads took: 0.0000095 seconds
[2019-12-08T09:55:10.627+0000][1][safepoint    ] Application time: 0.0000564 seconds
[2019-12-08T09:55:10.627+0000][1][safepoint    ] Entering safepoint region: RevokeBias
[2019-12-08T09:55:10.627+0000][1][safepoint    ] Leaving safepoint region
[2019-12-08T09:55:10.627+0000][1][safepoint    ] Total time for which application threads were stopped: 0.0000396 seconds, Stopping threads took: 0.0000079 seconds
[2019-12-08T09:55:10.627+0000][1][safepoint    ] Application time: 0.0000948 seconds
[2019-12-08T09:55:10.627+0000][1][safepoint    ] Entering safepoint region: RevokeBias
[2019-12-08T09:55:10.627+0000][1][safepoint    ] Leaving safepoint region
[2019-12-08T09:55:10.627+0000][1][safepoint    ] Total time for which application threads were stopped: 0.0000409 seconds, Stopping threads took: 0.0000081 seconds
[2019-12-08T09:55:10.627+0000][1][safepoint    ] Application time: 0.0001996 seconds
[2019-12-08T09:55:10.627+0000][1][safepoint    ] Entering safepoint region: RevokeBias
[2019-12-08T09:55:10.627+0000][1][safepoint    ] Leaving safepoint region
[2019-12-08T09:55:10.627+0000][1][safepoint    ] Total time for which application threads were stopped: 0.0000402 seconds, Stopping threads took: 0.0000087 seconds
[2019-12-08T09:55:10.627+0000][1][safepoint    ] Application time: 0.0000522 seconds
[2019-12-08T09:55:10.627+0000][1][safepoint    ] Entering safepoint region: RevokeBias
[2019-12-08T09:55:10.627+0000][1][safepoint    ] Leaving safepoint region
[2019-12-08T09:55:10.627+0000][1][safepoint    ] Total time for which application threads were stopped: 0.0000354 seconds, Stopping threads took: 0.0000079 seconds
[2019-12-08T09:55:10.629+0000][1][safepoint    ] Application time: 0.0017095 seconds
[2019-12-08T09:55:10.629+0000][1][safepoint    ] Entering safepoint region: RevokeBias
[2019-12-08T09:55:10.629+0000][1][safepoint    ] Leaving safepoint region
[2019-12-08T09:55:10.629+0000][1][safepoint    ] Total time for which application threads were stopped: 0.0000834 seconds, Stopping threads took: 0.0000393 seconds
[2019-12-08T09:55:10.633+0000][1][safepoint    ] Application time: 0.0039472 seconds
[2019-12-08T09:55:10.633+0000][1][safepoint    ] Entering safepoint region: RevokeBias
[2019-12-08T09:55:10.633+0000][1][safepoint    ] Leaving safepoint region
[2019-12-08T09:55:10.633+0000][1][safepoint    ] Total time for which application threads were stopped: 0.0001171 seconds, Stopping threads took: 0.0000732 seconds
[2019-12-08T09:55:10.634+0000][1][safepoint    ] Application time: 0.0007265 seconds
[2019-12-08T09:55:10.637+0000][1][safepoint    ] Entering safepoint region: RevokeBias
[2019-12-08T09:55:10.637+0000][1][safepoint    ] Leaving safepoint region
[2019-12-08T09:55:10.637+0000][1][safepoint    ] Total time for which application threads were stopped: 0.0029396 seconds, Stopping threads took: 0.0028816 seconds
[2019-12-08T09:55:10.641+0000][1][safepoint    ] Application time: 0.0043575 seconds
[2019-12-08T09:55:10.641+0000][1][safepoint    ] Entering safepoint region: RevokeBias
[2019-12-08T09:55:10.641+0000][1][safepoint    ] Leaving safepoint region
[2019-12-08T09:55:10.641+0000][1][safepoint    ] Total time for which application threads were stopped: 0.0000566 seconds, Stopping threads took: 0.0000117 seconds
[2019-12-08T09:55:10.642+0000][1][safepoint    ] Application time: 0.0004092 seconds
[2019-12-08T09:55:10.642+0000][1][safepoint    ] Entering safepoint region: RevokeBias
[2019-12-08T09:55:10.642+0000][1][safepoint    ] Leaving safepoint region
[2019-12-08T09:55:10.642+0000][1][safepoint    ] Total time for which application threads were stopped: 0.0000778 seconds, Stopping threads took: 0.0000110 seconds
[2019-12-08T09:55:10.642+0000][1][safepoint    ] Application time: 0.0000551 seconds
[2019-12-08T09:55:10.642+0000][1][safepoint    ] Entering safepoint region: RevokeBias
[2019-12-08T09:55:10.642+0000][1][safepoint    ] Leaving safepoint region
[2019-12-08T09:55:10.642+0000][1][safepoint    ] Total time for which application threads were stopped: 0.0000406 seconds, Stopping threads took: 0.0000088 seconds
[2019-12-08T09:55:10.642+0000][1][safepoint    ] Application time: 0.0000483 seconds
[2019-12-08T09:55:10.642+0000][1][safepoint    ] Entering safepoint region: RevokeBias
[2019-12-08T09:55:10.642+0000][1][safepoint    ] Leaving safepoint region
[2019-12-08T09:55:10.642+0000][1][safepoint    ] Total time for which application threads were stopped: 0.0000393 seconds, Stopping threads took: 0.0000084 seconds
[2019-12-08T09:55:10.642+0000][1][safepoint    ] Application time: 0.0000482 seconds
[2019-12-08T09:55:10.642+0000][1][safepoint    ] Entering safepoint region: RevokeBias
[2019-12-08T09:55:10.642+0000][1][safepoint    ] Leaving safepoint region
[2019-12-08T09:55:10.642+0000][1][safepoint    ] Total time for which application threads were stopped: 0.0000387 seconds, Stopping threads took: 0.0000080 seconds
[2019-12-08T09:55:10.642+0000][1][safepoint    ] Application time: 0.0000534 seconds
[2019-12-08T09:55:10.642+0000][1][safepoint    ] Entering safepoint region: RevokeBias
[2019-12-08T09:55:10.642+0000][1][safepoint    ] Leaving safepoint region
[2019-12-08T09:55:10.642+0000][1][safepoint    ] Total time for which application threads were stopped: 0.0000343 seconds, Stopping threads took: 0.0000073 seconds
[2019-12-08T09:55:10.642+0000][1][safepoint    ] Application time: 0.0000416 seconds
[2019-12-08T09:55:10.642+0000][1][safepoint    ] Entering safepoint region: RevokeBias
[2019-12-08T09:55:10.642+0000][1][safepoint    ] Leaving safepoint region
[2019-12-08T09:55:10.642+0000][1][safepoint    ] Total time for which application threads were stopped: 0.0000337 seconds, Stopping threads took: 0.0000072 seconds
[2019-12-08T09:55:10.642+0000][1][safepoint    ] Application time: 0.0000435 seconds
[2019-12-08T09:55:10.642+0000][1][safepoint    ] Entering safepoint region: RevokeBias
[2019-12-08T09:55:10.642+0000][1][safepoint    ] Leaving safepoint region
[2019-12-08T09:55:10.642+0000][1][safepoint    ] Total time for which application threads were stopped: 0.0000340 seconds, Stopping threads took: 0.0000072 seconds
[2019-12-08T09:55:10.642+0000][1][safepoint    ] Application time: 0.0000424 seconds
[2019-12-08T09:55:10.642+0000][1][safepoint    ] Entering safepoint region: BulkRevokeBias
[2019-12-08T09:55:10.643+0000][1][safepoint    ] Leaving safepoint region
[2019-12-08T09:55:10.643+0000][1][safepoint    ] Total time for which application threads were stopped: 0.0001905 seconds, Stopping threads took: 0.0000074 seconds
[2019-12-08T09:55:10.647+0000][1][safepoint    ] Application time: 0.0041870 seconds
[2019-12-08T09:55:10.647+0000][1][safepoint    ] Entering safepoint region: RevokeBias
[2019-12-08T09:55:10.647+0000][1][safepoint    ] Leaving safepoint region
[2019-12-08T09:55:10.647+0000][1][safepoint    ] Total time for which application threads were stopped: 0.0000657 seconds, Stopping threads took: 0.0000113 seconds
[2019-12-08T09:55:10.648+0000][1][safepoint    ] Application time: 0.0011775 seconds
[2019-12-08T09:55:10.659+0000][1][safepoint    ] Entering safepoint region: RevokeBias
[2019-12-08T09:55:10.659+0000][1][safepoint    ] Leaving safepoint region
[2019-12-08T09:55:10.659+0000][1][safepoint    ] Total time for which application threads were stopped: 0.0107051 seconds, Stopping threads took: 0.0106464 seconds
[2019-12-08T09:55:10.666+0000][1][safepoint    ] Application time: 0.0073910 seconds
[2019-12-08T09:55:10.666+0000][1][safepoint    ] Entering safepoint region: RevokeBias
[2019-12-08T09:55:10.666+0000][1][safepoint    ] Leaving safepoint region
[2019-12-08T09:55:10.666+0000][1][safepoint    ] Total time for which application threads were stopped: 0.0001083 seconds, Stopping threads took: 0.0000476 seconds
[2019-12-08T09:55:10.666+0000][1][safepoint    ] Application time: 0.0001580 seconds
[2019-12-08T09:55:10.666+0000][1][safepoint    ] Entering safepoint region: RevokeBias
[2019-12-08T09:55:10.667+0000][1][safepoint    ] Leaving safepoint region
[2019-12-08T09:55:10.667+0000][1][safepoint    ] Total time for which application threads were stopped: 0.0000798 seconds, Stopping threads took: 0.0000102 seconds
[2019-12-08T09:55:10.667+0000][1][safepoint    ] Application time: 0.0004517 seconds
[2019-12-08T09:55:10.667+0000][1][safepoint    ] Entering safepoint region: RevokeBias
[2019-12-08T09:55:10.667+0000][1][safepoint    ] Leaving safepoint region
[2019-12-08T09:55:10.667+0000][1][safepoint    ] Total time for which application threads were stopped: 0.0000546 seconds, Stopping threads took: 0.0000106 seconds
[2019-12-08T09:55:10.667+0000][1][safepoint    ] Application time: 0.0000909 seconds
[2019-12-08T09:55:10.667+0000][1][safepoint    ] Entering safepoint region: RevokeBias
[2019-12-08T09:55:10.667+0000][1][safepoint    ] Leaving safepoint region
[2019-12-08T09:55:10.667+0000][1][safepoint    ] Total time for which application threads were stopped: 0.0000499 seconds, Stopping threads took: 0.0000089 seconds
[2019-12-08T09:55:10.678+0000][1][safepoint    ] Application time: 0.0108351 seconds
[2019-12-08T09:55:10.683+0000][1][safepoint    ] Entering safepoint region: RevokeBias
[2019-12-08T09:55:10.683+0000][1][safepoint    ] Leaving safepoint region
[2019-12-08T09:55:10.683+0000][1][safepoint    ] Total time for which application threads were stopped: 0.0046531 seconds, Stopping threads took: 0.0045928 seconds
[2019-12-08T09:55:10.683+0000][1][safepoint    ] Application time: 0.0000598 seconds
[2019-12-08T09:55:10.683+0000][1][safepoint    ] Entering safepoint region: RevokeBias
[2019-12-08T09:55:10.683+0000][1][safepoint    ] Leaving safepoint region
[2019-12-08T09:55:10.683+0000][1][safepoint    ] Total time for which application threads were stopped: 0.0000395 seconds, Stopping threads took: 0.0000078 seconds
[2019-12-08T09:55:10.686+0000][1][safepoint    ] Application time: 0.0028760 seconds
[2019-12-08T09:55:10.686+0000][1][safepoint    ] Entering safepoint region: RevokeBias
[2019-12-08T09:55:10.686+0000][1][safepoint    ] Leaving safepoint region
[2019-12-08T09:55:10.686+0000][1][safepoint    ] Total time for which application threads were stopped: 0.0003591 seconds, Stopping threads took: 0.0002975 seconds
[2019-12-08T09:55:10.687+0000][1][safepoint    ] Application time: 0.0004978 seconds
[2019-12-08T09:55:10.687+0000][1][safepoint    ] Entering safepoint region: RevokeBias
[2019-12-08T09:55:10.687+0000][1][safepoint    ] Leaving safepoint region
[2019-12-08T09:55:10.687+0000][1][safepoint    ] Total time for which application threads were stopped: 0.0000704 seconds, Stopping threads took: 0.0000292 seconds
[2019-12-08T09:55:10.687+0000][1][safepoint    ] Application time: 0.0001004 seconds
[2019-12-08T09:55:10.687+0000][1][safepoint    ] Entering safepoint region: RevokeBias
[2019-12-08T09:55:10.687+0000][1][safepoint    ] Leaving safepoint region
[2019-12-08T09:55:10.687+0000][1][safepoint    ] Total time for which application threads were stopped: 0.0000408 seconds, Stopping threads took: 0.0000081 seconds
[2019-12-08T09:55:10.687+0000][1][safepoint    ] Application time: 0.0000649 seconds
[2019-12-08T09:55:10.687+0000][1][safepoint    ] Entering safepoint region: RevokeBias
[2019-12-08T09:55:10.687+0000][1][safepoint    ] Leaving safepoint region
[2019-12-08T09:55:10.687+0000][1][safepoint    ] Total time for which application threads were stopped: 0.0000380 seconds, Stopping threads took: 0.0000078 seconds
[2019-12-08T09:55:10.687+0000][1][safepoint    ] Application time: 0.0000643 seconds
[2019-12-08T09:55:10.687+0000][1][safepoint    ] Entering safepoint region: RevokeBias
[2019-12-08T09:55:10.687+0000][1][safepoint    ] Leaving safepoint region
[2019-12-08T09:55:10.687+0000][1][safepoint    ] Total time for which application threads were stopped: 0.0000367 seconds, Stopping threads took: 0.0000075 seconds
[2019-12-08T09:55:10.687+0000][1][safepoint    ] Application time: 0.0000624 seconds
[2019-12-08T09:55:10.687+0000][1][safepoint    ] Entering safepoint region: RevokeBias
[2019-12-08T09:55:10.687+0000][1][safepoint    ] Leaving safepoint region
[2019-12-08T09:55:10.687+0000][1][safepoint    ] Total time for which application threads were stopped: 0.0000373 seconds, Stopping threads took: 0.0000076 seconds
[2019-12-08T09:55:10.688+0000][1][safepoint    ] Application time: 0.0003833 seconds
[2019-12-08T09:55:10.688+0000][1][safepoint    ] Entering safepoint region: RevokeBias
[2019-12-08T09:55:10.688+0000][1][safepoint    ] Leaving safepoint region
[2019-12-08T09:55:10.688+0000][1][safepoint    ] Total time for which application threads were stopped: 0.0000736 seconds, Stopping threads took: 0.0000100 seconds
[2019-12-08T09:55:10.688+0000][1][safepoint    ] Application time: 0.0000765 seconds
[2019-12-08T09:55:10.688+0000][1][safepoint    ] Entering safepoint region: RevokeBias
[2019-12-08T09:55:10.688+0000][1][safepoint    ] Leaving safepoint region
[2019-12-08T09:55:10.688+0000][1][safepoint    ] Total time for which application threads were stopped: 0.0000461 seconds, Stopping threads took: 0.0000089 seconds
[2019-12-08T09:55:10.688+0000][1][safepoint    ] Application time: 0.0000501 seconds
[2019-12-08T09:55:10.688+0000][1][safepoint    ] Entering safepoint region: RevokeBias
[2019-12-08T09:55:10.688+0000][1][safepoint    ] Leaving safepoint region
[2019-12-08T09:55:10.688+0000][1][safepoint    ] Total time for which application threads were stopped: 0.0000449 seconds, Stopping threads took: 0.0000084 seconds
[2019-12-08T09:55:10.688+0000][1][safepoint    ] Application time: 0.0000584 seconds
[2019-12-08T09:55:10.688+0000][1][safepoint    ] Entering safepoint region: RevokeBias
[2019-12-08T09:55:10.688+0000][1][safepoint    ] Leaving safepoint region
[2019-12-08T09:55:10.688+0000][1][safepoint    ] Total time for which application threads were stopped: 0.0000438 seconds, Stopping threads took: 0.0000082 seconds
[2019-12-08T09:55:10.688+0000][1][safepoint    ] Application time: 0.0000511 seconds
[2019-12-08T09:55:10.688+0000][1][safepoint    ] Entering safepoint region: RevokeBias
[2019-12-08T09:55:10.688+0000][1][safepoint    ] Leaving safepoint region
[2019-12-08T09:55:10.688+0000][1][safepoint    ] Total time for which application threads were stopped: 0.0000439 seconds, Stopping threads took: 0.0000080 seconds
[2019-12-08T09:55:10.688+0000][1][safepoint    ] Application time: 0.0000836 seconds
[2019-12-08T09:55:10.688+0000][1][safepoint    ] Entering safepoint region: RevokeBias
[2019-12-08T09:55:10.688+0000][1][safepoint    ] Leaving safepoint region
[2019-12-08T09:55:10.688+0000][1][safepoint    ] Total time for which application threads were stopped: 0.0000668 seconds, Stopping threads took: 0.0000073 seconds
[2019-12-08T09:55:10.691+0000][1][safepoint    ] Application time: 0.0026034 seconds
[2019-12-08T09:55:10.691+0000][1][safepoint    ] Entering safepoint region: RevokeBias
[2019-12-08T09:55:10.691+0000][1][safepoint    ] Leaving safepoint region
[2019-12-08T09:55:10.691+0000][1][safepoint    ] Total time for which application threads were stopped: 0.0001338 seconds, Stopping threads took: 0.0000126 seconds
[2019-12-08T09:55:10.691+0000][1][safepoint    ] Application time: 0.0002917 seconds
[2019-12-08T09:55:10.691+0000][1][safepoint    ] Entering safepoint region: RevokeBias
[2019-12-08T09:55:10.692+0000][1][safepoint    ] Leaving safepoint region
[2019-12-08T09:55:10.692+0000][1][safepoint    ] Total time for which application threads were stopped: 0.0000849 seconds, Stopping threads took: 0.0000115 seconds
[2019-12-08T09:55:10.692+0000][1][safepoint    ] Application time: 0.0000606 seconds
[2019-12-08T09:55:10.692+0000][1][safepoint    ] Entering safepoint region: RevokeBias
[2019-12-08T09:55:10.692+0000][1][safepoint    ] Leaving safepoint region
[2019-12-08T09:55:10.692+0000][1][safepoint    ] Total time for which application threads were stopped: 0.0000773 seconds, Stopping threads took: 0.0000090 seconds
[2019-12-08T09:55:10.697+0000][1][safepoint    ] Application time: 0.0049066 seconds
[2019-12-08T09:55:10.697+0000][1][safepoint    ] Entering safepoint region: RevokeBias
[2019-12-08T09:55:10.697+0000][1][safepoint    ] Leaving safepoint region
[2019-12-08T09:55:10.697+0000][1][safepoint    ] Total time for which application threads were stopped: 0.0000733 seconds, Stopping threads took: 0.0000108 seconds
[2019-12-08T09:55:10.697+0000][1][safepoint    ] Application time: 0.0001924 seconds
[2019-12-08T09:55:10.697+0000][1][safepoint    ] Entering safepoint region: RevokeBias
[2019-12-08T09:55:10.697+0000][1][safepoint    ] Leaving safepoint region
[2019-12-08T09:55:10.697+0000][1][safepoint    ] Total time for which application threads were stopped: 0.0000448 seconds, Stopping threads took: 0.0000085 seconds
[2019-12-08T09:55:10.697+0000][1][safepoint    ] Application time: 0.0001249 seconds
[2019-12-08T09:55:10.697+0000][1][safepoint    ] Entering safepoint region: RevokeBias
[2019-12-08T09:55:10.697+0000][1][safepoint    ] Leaving safepoint region
[2019-12-08T09:55:10.697+0000][1][safepoint    ] Total time for which application threads were stopped: 0.0000399 seconds, Stopping threads took: 0.0000075 seconds
[2019-12-08T09:55:10.697+0000][1][safepoint    ] Application time: 0.0001429 seconds
[2019-12-08T09:55:10.697+0000][1][safepoint    ] Entering safepoint region: RevokeBias
[2019-12-08T09:55:10.697+0000][1][safepoint    ] Leaving safepoint region
[2019-12-08T09:55:10.697+0000][1][safepoint    ] Total time for which application threads were stopped: 0.0000397 seconds, Stopping threads took: 0.0000078 seconds
[2019-12-08T09:55:10.698+0000][1][safepoint    ] Application time: 0.0002013 seconds
[2019-12-08T09:55:10.698+0000][1][safepoint    ] Entering safepoint region: RevokeBias
[2019-12-08T09:55:10.698+0000][1][safepoint    ] Leaving safepoint region
[2019-12-08T09:55:10.698+0000][1][safepoint    ] Total time for which application threads were stopped: 0.0000482 seconds, Stopping threads took: 0.0000092 seconds
[2019-12-08T09:55:10.698+0000][1][safepoint    ] Application time: 0.0001052 seconds
[2019-12-08T09:55:10.698+0000][1][safepoint    ] Entering safepoint region: RevokeBias
[2019-12-08T09:55:10.698+0000][1][safepoint    ] Leaving safepoint region
[2019-12-08T09:55:10.698+0000][1][safepoint    ] Total time for which application threads were stopped: 0.0000472 seconds, Stopping threads took: 0.0000089 seconds
[2019-12-08T09:55:10.698+0000][1][safepoint    ] Application time: 0.0000796 seconds
[2019-12-08T09:55:10.698+0000][1][safepoint    ] Entering safepoint region: RevokeBias
[2019-12-08T09:55:10.698+0000][1][safepoint    ] Leaving safepoint region
[2019-12-08T09:55:10.698+0000][1][safepoint    ] Total time for which application threads were stopped: 0.0000637 seconds, Stopping threads took: 0.0000081 seconds
[2019-12-08T09:55:10.698+0000][1][safepoint    ] Application time: 0.0000677 seconds
[2019-12-08T09:55:10.698+0000][1][safepoint    ] Entering safepoint region: RevokeBias
[2019-12-08T09:55:10.698+0000][1][safepoint    ] Leaving safepoint region
[2019-12-08T09:55:10.698+0000][1][safepoint    ] Total time for which application threads were stopped: 0.0000459 seconds, Stopping threads took: 0.0000084 seconds
[2019-12-08T09:55:10.698+0000][1][safepoint    ] Application time: 0.0000522 seconds
[2019-12-08T09:55:10.698+0000][1][safepoint    ] Entering safepoint region: RevokeBias
[2019-12-08T09:55:10.698+0000][1][safepoint    ] Leaving safepoint region
[2019-12-08T09:55:10.698+0000][1][safepoint    ] Total time for which application threads were stopped: 0.0000450 seconds, Stopping threads took: 0.0000083 seconds
[2019-12-08T09:55:10.698+0000][1][safepoint    ] Application time: 0.0002822 seconds
[2019-12-08T09:55:10.698+0000][1][safepoint    ] Entering safepoint region: RevokeBias
[2019-12-08T09:55:10.699+0000][1][safepoint    ] Leaving safepoint region
[2019-12-08T09:55:10.699+0000][1][safepoint    ] Total time for which application threads were stopped: 0.0000474 seconds, Stopping threads took: 0.0000088 seconds
[2019-12-08T09:55:10.702+0000][1][safepoint    ] Application time: 0.0029955 seconds
[2019-12-08T09:55:10.702+0000][1][safepoint    ] Entering safepoint region: RevokeBias
[2019-12-08T09:55:10.702+0000][1][safepoint    ] Leaving safepoint region
[2019-12-08T09:55:10.702+0000][1][safepoint    ] Total time for which application threads were stopped: 0.0000563 seconds, Stopping threads took: 0.0000118 seconds
[2019-12-08T09:55:10.703+0000][1][safepoint    ] Application time: 0.0011236 seconds
[2019-12-08T09:55:10.703+0000][1][safepoint    ] Entering safepoint region: RevokeBias
[2019-12-08T09:55:10.703+0000][1][safepoint    ] Leaving safepoint region
[2019-12-08T09:55:10.703+0000][1][safepoint    ] Total time for which application threads were stopped: 0.0000675 seconds, Stopping threads took: 0.0000126 seconds
[2019-12-08T09:55:10.703+0000][1][safepoint    ] Application time: 0.0000794 seconds
[2019-12-08T09:55:10.703+0000][1][safepoint    ] Entering safepoint region: RevokeBias
[2019-12-08T09:55:10.703+0000][1][safepoint    ] Leaving safepoint region
[2019-12-08T09:55:10.703+0000][1][safepoint    ] Total time for which application threads were stopped: 0.0000508 seconds, Stopping threads took: 0.0000093 seconds
[2019-12-08T09:55:10.704+0000][1][safepoint    ] Application time: 0.0012178 seconds
[2019-12-08T09:55:10.704+0000][1][safepoint    ] Entering safepoint region: RevokeBias
[2019-12-08T09:55:10.704+0000][1][safepoint    ] Leaving safepoint region
[2019-12-08T09:55:10.704+0000][1][safepoint    ] Total time for which application threads were stopped: 0.0000571 seconds, Stopping threads took: 0.0000117 seconds
[2019-12-08T09:55:10.705+0000][1][safepoint    ] Application time: 0.0002073 seconds
[2019-12-08T09:55:10.705+0000][1][safepoint    ] Entering safepoint region: RevokeBias
[2019-12-08T09:55:10.705+0000][1][safepoint    ] Leaving safepoint region
[2019-12-08T09:55:10.705+0000][1][safepoint    ] Total time for which application threads were stopped: 0.0000573 seconds, Stopping threads took: 0.0000093 seconds
[2019-12-08T09:55:10.706+0000][1][safepoint    ] Application time: 0.0011831 seconds
[2019-12-08T09:55:10.706+0000][1][safepoint    ] Entering safepoint region: RevokeBias
[2019-12-08T09:55:10.706+0000][1][safepoint    ] Leaving safepoint region
[2019-12-08T09:55:10.706+0000][1][safepoint    ] Total time for which application threads were stopped: 0.0000617 seconds, Stopping threads took: 0.0000122 seconds
[2019-12-08T09:55:10.706+0000][1][safepoint    ] Application time: 0.0002617 seconds
[2019-12-08T09:55:10.706+0000][1][safepoint    ] Entering safepoint region: RevokeBias
[2019-12-08T09:55:10.706+0000][1][safepoint    ] Leaving safepoint region
[2019-12-08T09:55:10.706+0000][1][safepoint    ] Total time for which application threads were stopped: 0.0000651 seconds, Stopping threads took: 0.0000108 seconds
[2019-12-08T09:55:10.706+0000][1][safepoint    ] Application time: 0.0000622 seconds
[2019-12-08T09:55:10.706+0000][1][safepoint    ] Entering safepoint region: RevokeBias
[2019-12-08T09:55:10.706+0000][1][safepoint    ] Leaving safepoint region
[2019-12-08T09:55:10.706+0000][1][safepoint    ] Total time for which application threads were stopped: 0.0000464 seconds, Stopping threads took: 0.0000087 seconds
[2019-12-08T09:55:10.708+0000][1][safepoint    ] Application time: 0.0012626 seconds
[2019-12-08T09:55:10.708+0000][1][safepoint    ] Entering safepoint region: RevokeBias
[2019-12-08T09:55:10.708+0000][1][safepoint    ] Leaving safepoint region
[2019-12-08T09:55:10.708+0000][1][safepoint    ] Total time for which application threads were stopped: 0.0000801 seconds, Stopping threads took: 0.0000115 seconds
[2019-12-08T09:55:10.710+0000][1][safepoint    ] Application time: 0.0023068 seconds
[2019-12-08T09:55:10.710+0000][1][safepoint    ] Entering safepoint region: RevokeBias
[2019-12-08T09:55:10.710+0000][1][safepoint    ] Leaving safepoint region
[2019-12-08T09:55:10.710+0000][1][safepoint    ] Total time for which application threads were stopped: 0.0000811 seconds, Stopping threads took: 0.0000125 seconds
[2019-12-08T09:55:10.720+0000][1][safepoint    ] Application time: 0.0101106 seconds
[2019-12-08T09:55:10.720+0000][1][safepoint    ] Entering safepoint region: RevokeBias
[2019-12-08T09:55:10.720+0000][1][safepoint    ] Leaving safepoint region
[2019-12-08T09:55:10.720+0000][1][safepoint    ] Total time for which application threads were stopped: 0.0000679 seconds, Stopping threads took: 0.0000109 seconds
[2019-12-08T09:55:10.722+0000][1][safepoint    ] Application time: 0.0014038 seconds
[2019-12-08T09:55:10.722+0000][1][safepoint    ] Entering safepoint region: RevokeBias
[2019-12-08T09:55:10.722+0000][1][safepoint    ] Leaving safepoint region
[2019-12-08T09:55:10.722+0000][1][safepoint    ] Total time for which application threads were stopped: 0.0001161 seconds, Stopping threads took: 0.0000237 seconds
[2019-12-08T09:55:10.722+0000][1][safepoint    ] Application time: 0.0001316 seconds
[2019-12-08T09:55:10.722+0000][1][safepoint    ] Entering safepoint region: RevokeBias
[2019-12-08T09:55:10.723+0000][1][safepoint    ] Leaving safepoint region
[2019-12-08T09:55:10.723+0000][1][safepoint    ] Total time for which application threads were stopped: 0.0006201 seconds, Stopping threads took: 0.0000096 seconds
[2019-12-08T09:55:10.737+0000][1][safepoint    ] Application time: 0.0140958 seconds
[2019-12-08T09:55:10.737+0000][1][safepoint    ] Entering safepoint region: RevokeBias
[2019-12-08T09:55:10.737+0000][1][safepoint    ] Leaving safepoint region
[2019-12-08T09:55:10.737+0000][1][safepoint    ] Total time for which application threads were stopped: 0.0000724 seconds, Stopping threads took: 0.0000314 seconds
[2019-12-08T09:55:10.754+0000][1][safepoint    ] Application time: 0.0173043 seconds
[2019-12-08T09:55:10.754+0000][1][safepoint    ] Entering safepoint region: RevokeBias
[2019-12-08T09:55:10.754+0000][1][safepoint    ] Leaving safepoint region
[2019-12-08T09:55:10.754+0000][1][safepoint    ] Total time for which application threads were stopped: 0.0000631 seconds, Stopping threads took: 0.0000130 seconds
[2019-12-08T09:55:10.754+0000][1][safepoint    ] Application time: 0.0002520 seconds
[2019-12-08T09:55:10.755+0000][1][safepoint    ] Entering safepoint region: RevokeBias
[2019-12-08T09:55:10.755+0000][1][safepoint    ] Leaving safepoint region
[2019-12-08T09:55:10.755+0000][1][safepoint    ] Total time for which application threads were stopped: 0.0000594 seconds, Stopping threads took: 0.0000120 seconds
[2019-12-08T09:55:10.755+0000][1][safepoint    ] Application time: 0.0001388 seconds
[2019-12-08T09:55:10.755+0000][1][safepoint    ] Entering safepoint region: RevokeBias
[2019-12-08T09:55:10.755+0000][1][safepoint    ] Leaving safepoint region
[2019-12-08T09:55:10.755+0000][1][safepoint    ] Total time for which application threads were stopped: 0.0000610 seconds, Stopping threads took: 0.0000112 seconds
[2019-12-08T09:55:10.755+0000][1][safepoint    ] Application time: 0.0000572 seconds
[2019-12-08T09:55:10.755+0000][1][safepoint    ] Entering safepoint region: RevokeBias
[2019-12-08T09:55:10.755+0000][1][safepoint    ] Leaving safepoint region
[2019-12-08T09:55:10.755+0000][1][safepoint    ] Total time for which application threads were stopped: 0.0000457 seconds, Stopping threads took: 0.0000089 seconds
[2019-12-08T09:55:10.755+0000][1][safepoint    ] Application time: 0.0003101 seconds
[2019-12-08T09:55:10.755+0000][1][safepoint    ] Entering safepoint region: RevokeBias
[2019-12-08T09:55:10.755+0000][1][safepoint    ] Leaving safepoint region
[2019-12-08T09:55:10.755+0000][1][safepoint    ] Total time for which application threads were stopped: 0.0000585 seconds, Stopping threads took: 0.0000114 seconds
[2019-12-08T09:55:10.812+0000][1][safepoint    ] Application time: 0.0562566 seconds
[2019-12-08T09:55:10.812+0000][1][safepoint    ] Entering safepoint region: RevokeBias
[2019-12-08T09:55:10.812+0000][1][safepoint    ] Leaving safepoint region
[2019-12-08T09:55:10.812+0000][1][safepoint    ] Total time for which application threads were stopped: 0.0001713 seconds, Stopping threads took: 0.0000174 seconds
[2019-12-08T09:55:10.812+0000][1][safepoint    ] Application time: 0.0002759 seconds
[2019-12-08T09:55:10.812+0000][1][safepoint    ] Entering safepoint region: RevokeBias
[2019-12-08T09:55:10.812+0000][1][safepoint    ] Leaving safepoint region
[2019-12-08T09:55:10.812+0000][1][safepoint    ] Total time for which application threads were stopped: 0.0000654 seconds, Stopping threads took: 0.0000118 seconds
[2019-12-08T09:55:10.820+0000][1][safepoint    ] Application time: 0.0078457 seconds
[2019-12-08T09:55:10.824+0000][1][safepoint    ] Entering safepoint region: RevokeBias
[2019-12-08T09:55:10.824+0000][1][safepoint    ] Leaving safepoint region
[2019-12-08T09:55:10.824+0000][1][safepoint    ] Total time for which application threads were stopped: 0.0039024 seconds, Stopping threads took: 0.0037261 seconds
[2019-12-08T09:55:10.826+0000][1][safepoint    ] Application time: 0.0023352 seconds
[2019-12-08T09:55:10.827+0000][1][safepoint    ] Entering safepoint region: RevokeBias
[2019-12-08T09:55:10.827+0000][1][safepoint    ] Leaving safepoint region
[2019-12-08T09:55:10.827+0000][1][safepoint    ] Total time for which application threads were stopped: 0.0005197 seconds, Stopping threads took: 0.0004552 seconds
[2019-12-08T09:55:10.829+0000][1][safepoint    ] Application time: 0.0024356 seconds
[2019-12-08T09:55:10.829+0000][1][safepoint    ] Entering safepoint region: RevokeBias
[2019-12-08T09:55:10.829+0000][1][safepoint    ] Leaving safepoint region
[2019-12-08T09:55:10.829+0000][1][safepoint    ] Total time for which application threads were stopped: 0.0001004 seconds, Stopping threads took: 0.0000434 seconds
[2019-12-08T09:55:10.838+0000][1][safepoint    ] Application time: 0.0087895 seconds
[2019-12-08T09:55:10.839+0000][1][safepoint    ] Entering safepoint region: RevokeBias
[2019-12-08T09:55:10.839+0000][1][safepoint    ] Leaving safepoint region
[2019-12-08T09:55:10.839+0000][1][safepoint    ] Total time for which application threads were stopped: 0.0003951 seconds, Stopping threads took: 0.0003374 seconds
[2019-12-08T09:55:10.839+0000][1][safepoint    ] Application time: 0.0005712 seconds
[2019-12-08T09:55:10.839+0000][1][safepoint    ] Entering safepoint region: RevokeBias
[2019-12-08T09:55:10.839+0000][1][safepoint    ] Leaving safepoint region
[2019-12-08T09:55:10.839+0000][1][safepoint    ] Total time for which application threads were stopped: 0.0000547 seconds, Stopping threads took: 0.0000104 seconds
[2019-12-08T09:55:10.839+0000][1][safepoint    ] Application time: 0.0000822 seconds
[2019-12-08T09:55:10.839+0000][1][safepoint    ] Entering safepoint region: RevokeBias
[2019-12-08T09:55:10.839+0000][1][safepoint    ] Leaving safepoint region
[2019-12-08T09:55:10.839+0000][1][safepoint    ] Total time for which application threads were stopped: 0.0000522 seconds, Stopping threads took: 0.0000092 seconds
[2019-12-08T09:55:10.840+0000][1][safepoint    ] Application time: 0.0001189 seconds
[2019-12-08T09:55:10.840+0000][1][safepoint    ] Entering safepoint region: RevokeBias
[2019-12-08T09:55:10.840+0000][1][safepoint    ] Leaving safepoint region
[2019-12-08T09:55:10.840+0000][1][safepoint    ] Total time for which application threads were stopped: 0.0000459 seconds, Stopping threads took: 0.0000087 seconds
[2019-12-08T09:55:10.840+0000][1][safepoint    ] Application time: 0.0002309 seconds
[2019-12-08T09:55:10.840+0000][1][safepoint    ] Entering safepoint region: RevokeBias
[2019-12-08T09:55:10.840+0000][1][safepoint    ] Leaving safepoint region
[2019-12-08T09:55:10.840+0000][1][safepoint    ] Total time for which application threads were stopped: 0.0000749 seconds, Stopping threads took: 0.0000117 seconds
[2019-12-08T09:55:10.840+0000][1][safepoint    ] Application time: 0.0003125 seconds
[2019-12-08T09:55:10.840+0000][1][safepoint    ] Entering safepoint region: RevokeBias
[2019-12-08T09:55:10.840+0000][1][safepoint    ] Leaving safepoint region
[2019-12-08T09:55:10.840+0000][1][safepoint    ] Total time for which application threads were stopped: 0.0000611 seconds, Stopping threads took: 0.0000122 seconds
[2019-12-08T09:55:10.841+0000][1][safepoint    ] Application time: 0.0002597 seconds
[2019-12-08T09:55:10.841+0000][1][safepoint    ] Entering safepoint region: RevokeBias
[2019-12-08T09:55:10.841+0000][1][safepoint    ] Leaving safepoint region
[2019-12-08T09:55:10.841+0000][1][safepoint    ] Total time for which application threads were stopped: 0.0000589 seconds, Stopping threads took: 0.0000119 seconds
[2019-12-08T09:55:10.841+0000][1][safepoint    ] Application time: 0.0006023 seconds
[2019-12-08T09:55:10.841+0000][1][safepoint    ] Entering safepoint region: RevokeBias
[2019-12-08T09:55:10.841+0000][1][safepoint    ] Leaving safepoint region
[2019-12-08T09:55:10.841+0000][1][safepoint    ] Total time for which application threads were stopped: 0.0000593 seconds, Stopping threads took: 0.0000105 seconds
[2019-12-08T09:55:10.842+0000][1][safepoint    ] Application time: 0.0004157 seconds
[2019-12-08T09:55:10.842+0000][1][safepoint    ] Entering safepoint region: RevokeBias
[2019-12-08T09:55:10.842+0000][1][safepoint    ] Leaving safepoint region
[2019-12-08T09:55:10.842+0000][1][safepoint    ] Total time for which application threads were stopped: 0.0000531 seconds, Stopping threads took: 0.0000102 seconds
[2019-12-08T09:55:10.842+0000][1][safepoint    ] Application time: 0.0000744 seconds
[2019-12-08T09:55:10.842+0000][1][safepoint    ] Entering safepoint region: RevokeBias
[2019-12-08T09:55:10.842+0000][1][safepoint    ] Leaving safepoint region
[2019-12-08T09:55:10.842+0000][1][safepoint    ] Total time for which application threads were stopped: 0.0000450 seconds, Stopping threads took: 0.0000081 seconds
[2019-12-08T09:55:10.842+0000][1][safepoint    ] Application time: 0.0002369 seconds
[2019-12-08T09:55:10.842+0000][1][safepoint    ] Entering safepoint region: RevokeBias
[2019-12-08T09:55:10.842+0000][1][safepoint    ] Leaving safepoint region
[2019-12-08T09:55:10.842+0000][1][safepoint    ] Total time for which application threads were stopped: 0.0000598 seconds, Stopping threads took: 0.0000113 seconds
[2019-12-08T09:55:10.844+0000][1][safepoint    ] Application time: 0.0019963 seconds
[2019-12-08T09:55:10.844+0000][1][safepoint    ] Entering safepoint region: RevokeBias
[2019-12-08T09:55:10.844+0000][1][safepoint    ] Leaving safepoint region
[2019-12-08T09:55:10.844+0000][1][safepoint    ] Total time for which application threads were stopped: 0.0000772 seconds, Stopping threads took: 0.0000115 seconds
[2019-12-08T09:55:10.845+0000][1][safepoint    ] Application time: 0.0006227 seconds
[2019-12-08T09:55:10.845+0000][1][safepoint    ] Entering safepoint region: RevokeBias
[2019-12-08T09:55:10.845+0000][1][safepoint    ] Leaving safepoint region
[2019-12-08T09:55:10.845+0000][1][safepoint    ] Total time for which application threads were stopped: 0.0000815 seconds, Stopping threads took: 0.0000107 seconds
[2019-12-08T09:55:10.845+0000][1][safepoint    ] Application time: 0.0001268 seconds
[2019-12-08T09:55:10.845+0000][1][safepoint    ] Entering safepoint region: RevokeBias
[2019-12-08T09:55:10.845+0000][1][safepoint    ] Leaving safepoint region
[2019-12-08T09:55:10.845+0000][1][safepoint    ] Total time for which application threads were stopped: 0.0000495 seconds, Stopping threads took: 0.0000090 seconds
[2019-12-08T09:55:10.846+0000][1][safepoint    ] Application time: 0.0008275 seconds
[2019-12-08T09:55:10.846+0000][1][safepoint    ] Entering safepoint region: RevokeBias
[2019-12-08T09:55:10.846+0000][1][safepoint    ] Leaving safepoint region
[2019-12-08T09:55:10.846+0000][1][safepoint    ] Total time for which application threads were stopped: 0.0000880 seconds, Stopping threads took: 0.0000128 seconds
[2019-12-08T09:55:10.851+0000][1][safepoint    ] Application time: 0.0044422 seconds
[2019-12-08T09:55:10.851+0000][1][safepoint    ] Entering safepoint region: RevokeBias
[2019-12-08T09:55:10.851+0000][1][safepoint    ] Leaving safepoint region
[2019-12-08T09:55:10.851+0000][1][safepoint    ] Total time for which application threads were stopped: 0.0001658 seconds, Stopping threads took: 0.0000456 seconds
[2019-12-08T09:55:10.851+0000][1][safepoint    ] Application time: 0.0002902 seconds
[2019-12-08T09:55:10.851+0000][1][safepoint    ] Entering safepoint region: RevokeBias
[2019-12-08T09:55:10.851+0000][1][safepoint    ] Leaving safepoint region
[2019-12-08T09:55:10.851+0000][1][safepoint    ] Total time for which application threads were stopped: 0.0000665 seconds, Stopping threads took: 0.0000122 seconds
[2019-12-08T09:55:10.852+0000][1][safepoint    ] Application time: 0.0003026 seconds
[2019-12-08T09:55:10.852+0000][1][safepoint    ] Entering safepoint region: RevokeBias
[2019-12-08T09:55:10.852+0000][1][safepoint    ] Leaving safepoint region
[2019-12-08T09:55:10.852+0000][1][safepoint    ] Total time for which application threads were stopped: 0.0000573 seconds, Stopping threads took: 0.0000120 seconds
[2019-12-08T09:55:10.852+0000][1][safepoint    ] Application time: 0.0001939 seconds
[2019-12-08T09:55:10.852+0000][1][safepoint    ] Entering safepoint region: RevokeBias
[2019-12-08T09:55:10.852+0000][1][safepoint    ] Leaving safepoint region
[2019-12-08T09:55:10.852+0000][1][safepoint    ] Total time for which application threads were stopped: 0.0000492 seconds, Stopping threads took: 0.0000102 seconds
[2019-12-08T09:55:10.852+0000][1][safepoint    ] Application time: 0.0002330 seconds
[2019-12-08T09:55:10.852+0000][1][safepoint    ] Entering safepoint region: RevokeBias
[2019-12-08T09:55:10.852+0000][1][safepoint    ] Leaving safepoint region
[2019-12-08T09:55:10.852+0000][1][safepoint    ] Total time for which application threads were stopped: 0.0000551 seconds, Stopping threads took: 0.0000108 seconds
[2019-12-08T09:55:10.852+0000][1][safepoint    ] Application time: 0.0002026 seconds
[2019-12-08T09:55:10.852+0000][1][safepoint    ] Entering safepoint region: RevokeBias
[2019-12-08T09:55:10.853+0000][1][safepoint    ] Leaving safepoint region
[2019-12-08T09:55:10.853+0000][1][safepoint    ] Total time for which application threads were stopped: 0.0000562 seconds, Stopping threads took: 0.0000121 seconds
[2019-12-08T09:55:10.853+0000][1][safepoint    ] Application time: 0.0003519 seconds
[2019-12-08T09:55:10.853+0000][1][safepoint    ] Entering safepoint region: RevokeBias
[2019-12-08T09:55:10.853+0000][1][safepoint    ] Leaving safepoint region
[2019-12-08T09:55:10.853+0000][1][safepoint    ] Total time for which application threads were stopped: 0.0000603 seconds, Stopping threads took: 0.0000119 seconds
[2019-12-08T09:55:10.859+0000][1][safepoint    ] Application time: 0.0059311 seconds
[2019-12-08T09:55:10.859+0000][1][safepoint    ] Entering safepoint region: RevokeBias
[2019-12-08T09:55:10.859+0000][1][safepoint    ] Leaving safepoint region
[2019-12-08T09:55:10.859+0000][1][safepoint    ] Total time for which application threads were stopped: 0.0000719 seconds, Stopping threads took: 0.0000121 seconds
[2019-12-08T09:55:10.868+0000][1][safepoint    ] Application time: 0.0085740 seconds
[2019-12-08T09:55:10.868+0000][1][safepoint    ] Entering safepoint region: BulkRevokeBias
[2019-12-08T09:55:10.868+0000][1][safepoint    ] Leaving safepoint region
[2019-12-08T09:55:10.868+0000][1][safepoint    ] Total time for which application threads were stopped: 0.0003380 seconds, Stopping threads took: 0.0000216 seconds
[2019-12-08T09:55:10.884+0000][1][safepoint    ] Application time: 0.0160516 seconds
[2019-12-08T09:55:10.884+0000][1][safepoint    ] Entering safepoint region: RevokeBias
[2019-12-08T09:55:10.884+0000][1][safepoint    ] Leaving safepoint region
[2019-12-08T09:55:10.884+0000][1][safepoint    ] Total time for which application threads were stopped: 0.0000672 seconds, Stopping threads took: 0.0000139 seconds
[2019-12-08T09:55:10.891+0000][1][safepoint    ] Application time: 0.0070591 seconds
[2019-12-08T09:55:10.897+0000][1][safepoint    ] Entering safepoint region: RevokeBias
[2019-12-08T09:55:10.897+0000][1][safepoint    ] Leaving safepoint region
[2019-12-08T09:55:10.897+0000][1][safepoint    ] Total time for which application threads were stopped: 0.0058266 seconds, Stopping threads took: 0.0057556 seconds
[2019-12-08T09:55:10.908+0000][1][safepoint    ] Application time: 0.0106251 seconds
[2019-12-08T09:55:10.908+0000][1][safepoint    ] Entering safepoint region: RevokeBias
[2019-12-08T09:55:10.908+0000][1][safepoint    ] Leaving safepoint region
[2019-12-08T09:55:10.908+0000][1][safepoint    ] Total time for which application threads were stopped: 0.0006044 seconds, Stopping threads took: 0.0000148 seconds
[2019-12-08T09:55:10.909+0000][1][safepoint    ] Application time: 0.0010030 seconds
[2019-12-08T09:55:10.909+0000][1][safepoint    ] Entering safepoint region: RevokeBias
[2019-12-08T09:55:10.909+0000][1][safepoint    ] Leaving safepoint region
[2019-12-08T09:55:10.909+0000][1][safepoint    ] Total time for which application threads were stopped: 0.0000522 seconds, Stopping threads took: 0.0000111 seconds
[2019-12-08T09:55:10.910+0000][1][safepoint    ] Application time: 0.0009481 seconds
[2019-12-08T09:55:10.910+0000][1][safepoint    ] Entering safepoint region: RevokeBias
[2019-12-08T09:55:10.910+0000][1][safepoint    ] Leaving safepoint region
[2019-12-08T09:55:10.910+0000][1][safepoint    ] Total time for which application threads were stopped: 0.0000675 seconds, Stopping threads took: 0.0000107 seconds
[2019-12-08T09:55:10.911+0000][1][safepoint    ] Application time: 0.0002005 seconds
[2019-12-08T09:55:10.911+0000][1][safepoint    ] Entering safepoint region: RevokeBias
[2019-12-08T09:55:10.911+0000][1][safepoint    ] Leaving safepoint region
[2019-12-08T09:55:10.911+0000][1][safepoint    ] Total time for which application threads were stopped: 0.0000469 seconds, Stopping threads took: 0.0000092 seconds
[2019-12-08T09:55:10.914+0000][1][safepoint    ] Application time: 0.0036971 seconds
[2019-12-08T09:55:10.914+0000][1][safepoint    ] Entering safepoint region: RevokeBias
[2019-12-08T09:55:10.914+0000][1][safepoint    ] Leaving safepoint region
[2019-12-08T09:55:10.914+0000][1][safepoint    ] Total time for which application threads were stopped: 0.0000605 seconds, Stopping threads took: 0.0000130 seconds
[2019-12-08T09:55:10.915+0000][1][safepoint    ] Application time: 0.0001126 seconds
[2019-12-08T09:55:10.915+0000][1][safepoint    ] Entering safepoint region: RevokeBias
[2019-12-08T09:55:10.915+0000][1][safepoint    ] Leaving safepoint region
[2019-12-08T09:55:10.915+0000][1][safepoint    ] Total time for which application threads were stopped: 0.0000677 seconds, Stopping threads took: 0.0000093 seconds
[2019-12-08T09:55:10.916+0000][1][safepoint    ] Application time: 0.0016792 seconds
[2019-12-08T09:55:10.916+0000][1][safepoint    ] Entering safepoint region: RevokeBias
[2019-12-08T09:55:10.916+0000][1][safepoint    ] Leaving safepoint region
[2019-12-08T09:55:10.916+0000][1][safepoint    ] Total time for which application threads were stopped: 0.0000537 seconds, Stopping threads took: 0.0000114 seconds
[2019-12-08T09:55:10.953+0000][1][safepoint    ] Application time: 0.0365557 seconds
[2019-12-08T09:55:10.960+0000][1][safepoint    ] Entering safepoint region: RevokeBias
[2019-12-08T09:55:10.960+0000][1][safepoint    ] Leaving safepoint region
[2019-12-08T09:55:10.960+0000][1][safepoint    ] Total time for which application threads were stopped: 0.0071425 seconds, Stopping threads took: 0.0070290 seconds
[2019-12-08T09:55:11.052+0000][1][safepoint    ] Application time: 0.0920511 seconds
[2019-12-08T09:55:11.052+0000][1][safepoint    ] Entering safepoint region: RevokeBias
[2019-12-08T09:55:11.052+0000][1][safepoint    ] Leaving safepoint region
[2019-12-08T09:55:11.052+0000][1][safepoint    ] Total time for which application threads were stopped: 0.0001009 seconds, Stopping threads took: 0.0000225 seconds
[2019-12-08T09:55:11.066+0000][1][safepoint    ] Application time: 0.0132779 seconds
[2019-12-08T09:55:11.066+0000][1][safepoint    ] Entering safepoint region: RevokeBias
[2019-12-08T09:55:11.066+0000][1][safepoint    ] Leaving safepoint region
[2019-12-08T09:55:11.066+0000][1][safepoint    ] Total time for which application threads were stopped: 0.0001036 seconds, Stopping threads took: 0.0000166 seconds
[2019-12-08T09:55:11.078+0000][1][safepoint    ] Application time: 0.0119979 seconds
[2019-12-08T09:55:11.078+0000][1][safepoint    ] Entering safepoint region: RevokeBias
[2019-12-08T09:55:11.078+0000][1][safepoint    ] Leaving safepoint region
[2019-12-08T09:55:11.078+0000][1][safepoint    ] Total time for which application threads were stopped: 0.0000837 seconds, Stopping threads took: 0.0000176 seconds
[2019-12-08T09:55:11.094+0000][1][safepoint    ] Application time: 0.0159340 seconds
[2019-12-08T09:55:11.094+0000][1][safepoint    ] Entering safepoint region: RevokeBias
[2019-12-08T09:55:11.094+0000][1][safepoint    ] Leaving safepoint region
[2019-12-08T09:55:11.094+0000][1][safepoint    ] Total time for which application threads were stopped: 0.0000837 seconds, Stopping threads took: 0.0000191 seconds
[2019-12-08T09:55:11.110+0000][1][safepoint    ] Application time: 0.0165456 seconds
[2019-12-08T09:55:11.110+0000][1][safepoint    ] Entering safepoint region: RevokeBias
[2019-12-08T09:55:11.111+0000][1][safepoint    ] Leaving safepoint region
[2019-12-08T09:55:11.111+0000][1][safepoint    ] Total time for which application threads were stopped: 0.0001186 seconds, Stopping threads took: 0.0000175 seconds
[2019-12-08T09:55:11.112+0000][1][safepoint    ] Application time: 0.0011633 seconds
[2019-12-08T09:55:11.112+0000][1][safepoint    ] Entering safepoint region: RevokeBias
[2019-12-08T09:55:11.112+0000][1][safepoint    ] Leaving safepoint region
[2019-12-08T09:55:11.112+0000][1][safepoint    ] Total time for which application threads were stopped: 0.0003611 seconds, Stopping threads took: 0.0000316 seconds
[2019-12-08T09:55:11.113+0000][1][safepoint    ] Application time: 0.0006010 seconds
[2019-12-08T09:55:11.113+0000][1][safepoint    ] Entering safepoint region: RevokeBias
[2019-12-08T09:55:11.113+0000][1][safepoint    ] Leaving safepoint region
[2019-12-08T09:55:11.113+0000][1][safepoint    ] Total time for which application threads were stopped: 0.0001115 seconds, Stopping threads took: 0.0000489 seconds
[2019-12-08T09:55:11.115+0000][1][safepoint    ] Application time: 0.0019165 seconds
[2019-12-08T09:55:11.119+0000][1][safepoint    ] Entering safepoint region: RevokeBias
[2019-12-08T09:55:11.119+0000][1][safepoint    ] Leaving safepoint region
[2019-12-08T09:55:11.119+0000][1][safepoint    ] Total time for which application threads were stopped: 0.0040364 seconds, Stopping threads took: 0.0039190 seconds
[2019-12-08T09:55:11.144+0000][1][safepoint    ] Application time: 0.0250878 seconds
[2019-12-08T09:55:11.144+0000][1][safepoint    ] Entering safepoint region: RevokeBias
[2019-12-08T09:55:11.144+0000][1][safepoint    ] Leaving safepoint region
[2019-12-08T09:55:11.144+0000][1][safepoint    ] Total time for which application threads were stopped: 0.0000928 seconds, Stopping threads took: 0.0000141 seconds
[2019-12-08T09:55:11.148+0000][1][safepoint    ] Application time: 0.0036516 seconds
[2019-12-08T09:55:11.153+0000][1][safepoint    ] Entering safepoint region: RevokeBias
[2019-12-08T09:55:11.153+0000][1][safepoint    ] Leaving safepoint region
[2019-12-08T09:55:11.153+0000][1][safepoint    ] Total time for which application threads were stopped: 0.0051538 seconds, Stopping threads took: 0.0050720 seconds
[2019-12-08T09:55:11.153+0000][1][safepoint    ] Application time: 0.0003087 seconds
[2019-12-08T09:55:11.153+0000][1][safepoint    ] Entering safepoint region: BulkRevokeBias
[2019-12-08T09:55:11.154+0000][1][safepoint    ] Leaving safepoint region
[2019-12-08T09:55:11.154+0000][1][safepoint    ] Total time for which application threads were stopped: 0.0003934 seconds, Stopping threads took: 0.0000114 seconds
[2019-12-08T09:55:11.154+0000][1][safepoint    ] Application time: 0.0008514 seconds
[2019-12-08T09:55:11.154+0000][1][safepoint    ] Entering safepoint region: RevokeBias
[2019-12-08T09:55:11.155+0000][1][safepoint    ] Leaving safepoint region
[2019-12-08T09:55:11.155+0000][1][safepoint    ] Total time for which application threads were stopped: 0.0000993 seconds, Stopping threads took: 0.0000128 seconds
[2019-12-08T09:55:11.157+0000][1][safepoint    ] Application time: 0.0028519 seconds
[2019-12-08T09:55:11.157+0000][1][safepoint    ] Entering safepoint region: RevokeBias
[2019-12-08T09:55:11.158+0000][1][safepoint    ] Leaving safepoint region
[2019-12-08T09:55:11.158+0000][1][safepoint    ] Total time for which application threads were stopped: 0.0000810 seconds, Stopping threads took: 0.0000125 seconds
[2019-12-08T09:55:11.158+0000][1][safepoint    ] Application time: 0.0003976 seconds
[2019-12-08T09:55:11.158+0000][1][safepoint    ] Entering safepoint region: RevokeBias
[2019-12-08T09:55:11.158+0000][1][safepoint    ] Leaving safepoint region
[2019-12-08T09:55:11.158+0000][1][safepoint    ] Total time for which application threads were stopped: 0.0004710 seconds, Stopping threads took: 0.0004108 seconds
[2019-12-08T09:55:11.159+0000][1][safepoint    ] Application time: 0.0002300 seconds
[2019-12-08T09:55:11.159+0000][1][safepoint    ] Entering safepoint region: RevokeBias
[2019-12-08T09:55:11.159+0000][1][safepoint    ] Leaving safepoint region
[2019-12-08T09:55:11.159+0000][1][safepoint    ] Total time for which application threads were stopped: 0.0000591 seconds, Stopping threads took: 0.0000102 seconds
[2019-12-08T09:55:11.159+0000][1][safepoint    ] Application time: 0.0004605 seconds
[2019-12-08T09:55:11.159+0000][1][safepoint    ] Entering safepoint region: RevokeBias
[2019-12-08T09:55:11.160+0000][1][safepoint    ] Leaving safepoint region
[2019-12-08T09:55:11.160+0000][1][safepoint    ] Total time for which application threads were stopped: 0.0004881 seconds, Stopping threads took: 0.0000112 seconds
[2019-12-08T09:55:11.160+0000][1][safepoint    ] Application time: 0.0002686 seconds
[2019-12-08T09:55:11.160+0000][1][safepoint    ] Entering safepoint region: RevokeBias
[2019-12-08T09:55:11.160+0000][1][safepoint    ] Leaving safepoint region
[2019-12-08T09:55:11.160+0000][1][safepoint    ] Total time for which application threads were stopped: 0.0000826 seconds, Stopping threads took: 0.0000327 seconds
[2019-12-08T09:55:11.161+0000][1][safepoint    ] Application time: 0.0009753 seconds
[2019-12-08T09:55:11.161+0000][1][safepoint    ] Entering safepoint region: BulkRevokeBias
[2019-12-08T09:55:11.161+0000][1][safepoint    ] Leaving safepoint region
[2019-12-08T09:55:11.162+0000][1][safepoint    ] Total time for which application threads were stopped: 0.0003960 seconds, Stopping threads took: 0.0000121 seconds
[2019-12-08T09:55:11.174+0000][1][safepoint    ] Application time: 0.0122136 seconds
[2019-12-08T09:55:11.174+0000][1][safepoint    ] Entering safepoint region: RevokeBias
[2019-12-08T09:55:11.174+0000][1][safepoint    ] Leaving safepoint region
[2019-12-08T09:55:11.174+0000][1][safepoint    ] Total time for which application threads were stopped: 0.0001565 seconds, Stopping threads took: 0.0000171 seconds
[2019-12-08T09:55:11.176+0000][1][safepoint    ] Application time: 0.0024655 seconds
[2019-12-08T09:55:11.176+0000][1][safepoint    ] Entering safepoint region: RevokeBias
[2019-12-08T09:55:11.177+0000][1][safepoint    ] Leaving safepoint region
[2019-12-08T09:55:11.177+0000][1][safepoint    ] Total time for which application threads were stopped: 0.0001028 seconds, Stopping threads took: 0.0000167 seconds
[2019-12-08T09:55:11.178+0000][1][safepoint    ] Application time: 0.0012438 seconds
[2019-12-08T09:55:11.178+0000][1][safepoint    ] Entering safepoint region: RevokeBias
[2019-12-08T09:55:11.178+0000][1][safepoint    ] Leaving safepoint region
[2019-12-08T09:55:11.178+0000][1][safepoint    ] Total time for which application threads were stopped: 0.0000778 seconds, Stopping threads took: 0.0000142 seconds
[2019-12-08T09:55:11.188+0000][1][safepoint    ] Application time: 0.0098791 seconds
[2019-12-08T09:55:11.188+0000][1][safepoint    ] Entering safepoint region: RevokeBias
[2019-12-08T09:55:11.188+0000][1][safepoint    ] Leaving safepoint region
[2019-12-08T09:55:11.188+0000][1][safepoint    ] Total time for which application threads were stopped: 0.0001817 seconds, Stopping threads took: 0.0001053 seconds
[2019-12-08T09:55:11.196+0000][1][safepoint    ] Application time: 0.0076869 seconds
[2019-12-08T09:55:11.196+0000][1][safepoint    ] Entering safepoint region: RevokeBias
[2019-12-08T09:55:11.196+0000][1][safepoint    ] Leaving safepoint region
[2019-12-08T09:55:11.196+0000][1][safepoint    ] Total time for which application threads were stopped: 0.0000935 seconds, Stopping threads took: 0.0000304 seconds
[2019-12-08T09:55:11.211+0000][1][safepoint    ] Application time: 0.0148365 seconds
[2019-12-08T09:55:11.211+0000][1][safepoint    ] Entering safepoint region: RevokeBias
[2019-12-08T09:55:11.211+0000][1][safepoint    ] Leaving safepoint region
[2019-12-08T09:55:11.211+0000][1][safepoint    ] Total time for which application threads were stopped: 0.0001333 seconds, Stopping threads took: 0.0000176 seconds
[2019-12-08T09:55:11.211+0000][1][safepoint    ] Application time: 0.0000649 seconds
[2019-12-08T09:55:11.211+0000][1][safepoint    ] Entering safepoint region: RevokeBias
[2019-12-08T09:55:11.211+0000][1][safepoint    ] Leaving safepoint region
[2019-12-08T09:55:11.211+0000][1][safepoint    ] Total time for which application threads were stopped: 0.0000690 seconds, Stopping threads took: 0.0000107 seconds
[2019-12-08T09:55:11.211+0000][1][safepoint    ] Application time: 0.0000554 seconds
[2019-12-08T09:55:11.211+0000][1][safepoint    ] Entering safepoint region: RevokeBias
[2019-12-08T09:55:11.211+0000][1][safepoint    ] Leaving safepoint region
[2019-12-08T09:55:11.211+0000][1][safepoint    ] Total time for which application threads were stopped: 0.0000654 seconds, Stopping threads took: 0.0000092 seconds
[2019-12-08T09:55:11.212+0000][1][safepoint    ] Application time: 0.0010013 seconds
[2019-12-08T09:55:11.212+0000][1][safepoint    ] Entering safepoint region: RevokeBias
[2019-12-08T09:55:11.212+0000][1][safepoint    ] Leaving safepoint region
[2019-12-08T09:55:11.212+0000][1][safepoint    ] Total time for which application threads were stopped: 0.0000823 seconds, Stopping threads took: 0.0000147 seconds
[2019-12-08T09:55:11.213+0000][1][safepoint    ] Application time: 0.0012714 seconds
[2019-12-08T09:55:11.213+0000][1][safepoint    ] Entering safepoint region: RevokeBias
[2019-12-08T09:55:11.214+0000][1][safepoint    ] Leaving safepoint region
[2019-12-08T09:55:11.214+0000][1][safepoint    ] Total time for which application threads were stopped: 0.0000743 seconds, Stopping threads took: 0.0000138 seconds
[2019-12-08T09:55:11.214+0000][1][safepoint    ] Application time: 0.0000603 seconds
[2019-12-08T09:55:11.214+0000][1][safepoint    ] Entering safepoint region: RevokeBias
[2019-12-08T09:55:11.214+0000][1][safepoint    ] Leaving safepoint region
[2019-12-08T09:55:11.214+0000][1][safepoint    ] Total time for which application threads were stopped: 0.0000768 seconds, Stopping threads took: 0.0000095 seconds
[2019-12-08T09:55:11.250+0000][1][safepoint    ] Application time: 0.0364963 seconds
[2019-12-08T09:55:11.265+0000][1][safepoint    ] Entering safepoint region: RevokeBias
[2019-12-08T09:55:11.265+0000][1][safepoint    ] Leaving safepoint region
[2019-12-08T09:55:11.265+0000][1][safepoint    ] Total time for which application threads were stopped: 0.0146127 seconds, Stopping threads took: 0.0145171 seconds
[2019-12-08T09:55:11.272+0000][1][safepoint    ] Application time: 0.0068590 seconds
[2019-12-08T09:55:11.272+0000][1][safepoint    ] Entering safepoint region: RevokeBias
[2019-12-08T09:55:11.272+0000][1][safepoint    ] Leaving safepoint region
[2019-12-08T09:55:11.272+0000][1][safepoint    ] Total time for which application threads were stopped: 0.0001418 seconds, Stopping threads took: 0.0000598 seconds
[2019-12-08T09:55:11.280+0000][1][safepoint    ] Application time: 0.0084494 seconds
[2019-12-08T09:55:11.280+0000][1][safepoint    ] Entering safepoint region: RevokeBias
[2019-12-08T09:55:11.280+0000][1][safepoint    ] Leaving safepoint region
[2019-12-08T09:55:11.280+0000][1][safepoint    ] Total time for which application threads were stopped: 0.0000974 seconds, Stopping threads took: 0.0000166 seconds
[2019-12-08T09:55:11.289+0000][1][safepoint    ] Application time: 0.0081134 seconds
[2019-12-08T09:55:11.289+0000][1][safepoint    ] Entering safepoint region: RevokeBias
[2019-12-08T09:55:11.289+0000][1][safepoint    ] Leaving safepoint region
[2019-12-08T09:55:11.289+0000][1][safepoint    ] Total time for which application threads were stopped: 0.0001036 seconds, Stopping threads took: 0.0000166 seconds
[2019-12-08T09:55:11.289+0000][1][safepoint    ] Application time: 0.0001416 seconds
[2019-12-08T09:55:11.300+0000][1][safepoint    ] Entering safepoint region: RevokeBias
[2019-12-08T09:55:11.300+0000][1][safepoint    ] Leaving safepoint region
[2019-12-08T09:55:11.300+0000][1][safepoint    ] Total time for which application threads were stopped: 0.0109290 seconds, Stopping threads took: 0.0108289 seconds
[2019-12-08T09:55:11.300+0000][1][safepoint    ] Application time: 0.0001039 seconds
[2019-12-08T09:55:11.300+0000][1][safepoint    ] Entering safepoint region: RevokeBias
[2019-12-08T09:55:11.300+0000][1][safepoint    ] Leaving safepoint region
[2019-12-08T09:55:11.300+0000][1][safepoint    ] Total time for which application threads were stopped: 0.0000492 seconds, Stopping threads took: 0.0000097 seconds
[2019-12-08T09:55:11.300+0000][1][safepoint    ] Application time: 0.0000378 seconds
[2019-12-08T09:55:11.300+0000][1][safepoint    ] Entering safepoint region: RevokeBias
[2019-12-08T09:55:11.300+0000][1][safepoint    ] Leaving safepoint region
[2019-12-08T09:55:11.300+0000][1][safepoint    ] Total time for which application threads were stopped: 0.0000425 seconds, Stopping threads took: 0.0000081 seconds
[2019-12-08T09:55:11.300+0000][1][safepoint    ] Application time: 0.0000378 seconds
[2019-12-08T09:55:11.300+0000][1][safepoint    ] Entering safepoint region: RevokeBias
[2019-12-08T09:55:11.300+0000][1][safepoint    ] Leaving safepoint region
[2019-12-08T09:55:11.300+0000][1][safepoint    ] Total time for which application threads were stopped: 0.0000417 seconds, Stopping threads took: 0.0000080 seconds
[2019-12-08T09:55:11.369+0000][1][safepoint    ] Application time: 0.0685053 seconds
[2019-12-08T09:55:11.369+0000][1][safepoint    ] Entering safepoint region: RevokeBias
[2019-12-08T09:55:11.369+0000][1][safepoint    ] Leaving safepoint region
[2019-12-08T09:55:11.369+0000][1][safepoint    ] Total time for which application threads were stopped: 0.0001074 seconds, Stopping threads took: 0.0000231 seconds
[2019-12-08T09:55:11.398+0000][1][safepoint    ] Application time: 0.0290301 seconds
[2019-12-08T09:55:11.398+0000][1][safepoint    ] Entering safepoint region: RevokeBias
[2019-12-08T09:55:11.398+0000][1][safepoint    ] Leaving safepoint region
[2019-12-08T09:55:11.398+0000][1][safepoint    ] Total time for which application threads were stopped: 0.0000958 seconds, Stopping threads took: 0.0000222 seconds
[2019-12-08T09:55:11.444+0000][1][safepoint    ] Application time: 0.0458834 seconds
[2019-12-08T09:55:11.444+0000][1][safepoint    ] Entering safepoint region: RevokeBias
[2019-12-08T09:55:11.444+0000][1][safepoint    ] Leaving safepoint region
[2019-12-08T09:55:11.444+0000][1][safepoint    ] Total time for which application threads were stopped: 0.0000941 seconds, Stopping threads took: 0.0000208 seconds
[2019-12-08T09:55:11.445+0000][1][safepoint    ] Application time: 0.0006340 seconds
[2019-12-08T09:55:11.445+0000][1][safepoint    ] Entering safepoint region: RevokeBias
[2019-12-08T09:55:11.445+0000][1][safepoint    ] Leaving safepoint region
[2019-12-08T09:55:11.445+0000][1][safepoint    ] Total time for which application threads were stopped: 0.0001003 seconds, Stopping threads took: 0.0000362 seconds
[2019-12-08T09:55:11.696+0000][1][safepoint    ] Application time: 0.2514226 seconds
[2019-12-08T09:55:11.696+0000][1][safepoint    ] Entering safepoint region: RevokeBias
[2019-12-08T09:55:11.696+0000][1][safepoint    ] Leaving safepoint region
[2019-12-08T09:55:11.696+0000][1][safepoint    ] Total time for which application threads were stopped: 0.0001899 seconds, Stopping threads took: 0.0001066 seconds
[2019-12-08T09:55:11.697+0000][1][safepoint    ] Application time: 0.0001699 seconds
[2019-12-08T09:55:11.697+0000][1][safepoint    ] Entering safepoint region: RevokeBias
[2019-12-08T09:55:11.697+0000][1][safepoint    ] Leaving safepoint region
[2019-12-08T09:55:11.697+0000][1][safepoint    ] Total time for which application threads were stopped: 0.0001228 seconds, Stopping threads took: 0.0000483 seconds
[2019-12-08T09:55:11.697+0000][1][safepoint    ] Application time: 0.0005741 seconds
[2019-12-08T09:55:11.697+0000][1][safepoint    ] Entering safepoint region: RevokeBias
[2019-12-08T09:55:11.697+0000][1][safepoint    ] Leaving safepoint region
[2019-12-08T09:55:11.697+0000][1][safepoint    ] Total time for which application threads were stopped: 0.0000603 seconds, Stopping threads took: 0.0000149 seconds
[2019-12-08T09:55:11.698+0000][1][safepoint    ] Application time: 0.0002552 seconds
[2019-12-08T09:55:11.698+0000][1][safepoint    ] Entering safepoint region: RevokeBias
[2019-12-08T09:55:11.698+0000][1][safepoint    ] Leaving safepoint region
[2019-12-08T09:55:11.698+0000][1][safepoint    ] Total time for which application threads were stopped: 0.0000668 seconds, Stopping threads took: 0.0000266 seconds
[2019-12-08T09:55:11.698+0000][1][safepoint    ] Application time: 0.0000543 seconds
[2019-12-08T09:55:11.698+0000][1][safepoint    ] Entering safepoint region: RevokeBias
[2019-12-08T09:55:11.698+0000][1][safepoint    ] Leaving safepoint region
[2019-12-08T09:55:11.698+0000][1][safepoint    ] Total time for which application threads were stopped: 0.0000437 seconds, Stopping threads took: 0.0000095 seconds
[2019-12-08T09:55:11.698+0000][1][safepoint    ] Application time: 0.0000504 seconds
[2019-12-08T09:55:11.698+0000][1][safepoint    ] Entering safepoint region: RevokeBias
[2019-12-08T09:55:11.698+0000][1][safepoint    ] Leaving safepoint region
[2019-12-08T09:55:11.698+0000][1][safepoint    ] Total time for which application threads were stopped: 0.0000426 seconds, Stopping threads took: 0.0000093 seconds
[2019-12-08T09:55:11.698+0000][1][safepoint    ] Application time: 0.0000488 seconds
[2019-12-08T09:55:11.698+0000][1][safepoint    ] Entering safepoint region: RevokeBias
[2019-12-08T09:55:11.698+0000][1][safepoint    ] Leaving safepoint region
[2019-12-08T09:55:11.698+0000][1][safepoint    ] Total time for which application threads were stopped: 0.0000419 seconds, Stopping threads took: 0.0000089 seconds
[2019-12-08T09:55:11.698+0000][1][safepoint    ] Application time: 0.0000480 seconds
[2019-12-08T09:55:11.698+0000][1][safepoint    ] Entering safepoint region: RevokeBias
[2019-12-08T09:55:11.698+0000][1][safepoint    ] Leaving safepoint region
[2019-12-08T09:55:11.698+0000][1][safepoint    ] Total time for which application threads were stopped: 0.0000549 seconds, Stopping threads took: 0.0000090 seconds
[2019-12-08T09:55:11.698+0000][1][safepoint    ] Application time: 0.0000429 seconds
[2019-12-08T09:55:11.698+0000][1][safepoint    ] Entering safepoint region: RevokeBias
[2019-12-08T09:55:11.698+0000][1][safepoint    ] Leaving safepoint region
[2019-12-08T09:55:11.698+0000][1][safepoint    ] Total time for which application threads were stopped: 0.0000364 seconds, Stopping threads took: 0.0000079 seconds
[2019-12-08T09:55:11.698+0000][1][safepoint    ] Application time: 0.0000424 seconds
[2019-12-08T09:55:11.698+0000][1][safepoint    ] Entering safepoint region: RevokeBias
[2019-12-08T09:55:11.698+0000][1][safepoint    ] Leaving safepoint region
[2019-12-08T09:55:11.698+0000][1][safepoint    ] Total time for which application threads were stopped: 0.0000363 seconds, Stopping threads took: 0.0000078 seconds
[2019-12-08T09:55:11.698+0000][1][safepoint    ] Application time: 0.0000421 seconds
[2019-12-08T09:55:11.698+0000][1][safepoint    ] Entering safepoint region: RevokeBias
[2019-12-08T09:55:11.698+0000][1][safepoint    ] Leaving safepoint region
[2019-12-08T09:55:11.698+0000][1][safepoint    ] Total time for which application threads were stopped: 0.0000366 seconds, Stopping threads took: 0.0000079 seconds
[2019-12-08T09:55:12.699+0000][1][safepoint    ] Application time: 1.0002443 seconds
[2019-12-08T09:55:12.701+0000][1][safepoint    ] Entering safepoint region: Cleanup
[2019-12-08T09:55:12.701+0000][1][safepoint    ] Leaving safepoint region
[2019-12-08T09:55:12.701+0000][1][safepoint    ] Total time for which application threads were stopped: 0.0026614 seconds, Stopping threads took: 0.0025568 seconds
[2019-12-08T09:55:13.480+0000][1][safepoint    ] Application time: 0.7782971 seconds
[2019-12-08T09:55:13.480+0000][1][safepoint    ] Entering safepoint region: GenCollectForAllocation
[2019-12-08T09:55:13.480+0000][1][gc,start     ] GC(21) Pause Young (Allocation Failure)
[2019-12-08T09:55:13.480+0000][1][gc,task      ] GC(21) Using 4 workers of 4 for evacuation
[2019-12-08T09:55:13.543+0000][1][gc,age       ] GC(21) Desired survivor size 4456448 bytes, new threshold 2 (max threshold 6)
[2019-12-08T09:55:13.543+0000][1][gc,age       ] GC(21) Age table with threshold 2 (max threshold 6)
[2019-12-08T09:55:13.543+0000][1][gc,age       ] GC(21) - age   1:    2405008 bytes,    2405008 total
[2019-12-08T09:55:13.543+0000][1][gc,age       ] GC(21) - age   2:    3238040 bytes,    5643048 total
[2019-12-08T09:55:13.543+0000][1][gc,heap      ] GC(21) ParNew: 76015K->6135K(78656K)
[2019-12-08T09:55:13.543+0000][1][gc,heap      ] GC(21) CMS: 62340K->63533K(174784K)
[2019-12-08T09:55:13.543+0000][1][gc,metaspace ] GC(21) Metaspace: 65368K->65368K(1110016K)
[2019-12-08T09:55:13.543+0000][1][gc           ] GC(21) Pause Young (Allocation Failure) 135M->68M(247M) 63.399ms
[2019-12-08T09:55:13.543+0000][1][gc,cpu       ] GC(21) User=0.04s Sys=0.00s Real=0.07s
[2019-12-08T09:55:13.543+0000][1][safepoint    ] Leaving safepoint region
[2019-12-08T09:55:13.543+0000][1][safepoint    ] Total time for which application threads were stopped: 0.0636341 seconds, Stopping threads took: 0.0000214 seconds
[2019-12-08T09:55:13.896+0000][1][safepoint    ] Application time: 0.3523194 seconds
[2019-12-08T09:55:13.896+0000][1][safepoint    ] Entering safepoint region: RevokeBias
[2019-12-08T09:55:13.896+0000][1][safepoint    ] Leaving safepoint region
[2019-12-08T09:55:13.896+0000][1][safepoint    ] Total time for which application threads were stopped: 0.0001128 seconds, Stopping threads took: 0.0000206 seconds
[2019-12-08T09:55:13.911+0000][1][safepoint    ] Application time: 0.0148669 seconds
[2019-12-08T09:55:13.911+0000][1][safepoint    ] Entering safepoint region: RevokeBias
[2019-12-08T09:55:13.911+0000][1][safepoint    ] Leaving safepoint region
[2019-12-08T09:55:13.911+0000][1][safepoint    ] Total time for which application threads were stopped: 0.0001002 seconds, Stopping threads took: 0.0000207 seconds
[2019-12-08T09:55:14.235+0000][1][safepoint    ] Application time: 0.3236978 seconds
[2019-12-08T09:55:14.235+0000][1][safepoint    ] Entering safepoint region: RevokeBias
[2019-12-08T09:55:14.235+0000][1][safepoint    ] Leaving safepoint region
[2019-12-08T09:55:14.235+0000][1][safepoint    ] Total time for which application threads were stopped: 0.0001345 seconds, Stopping threads took: 0.0000225 seconds
[2019-12-08T09:55:14.650+0000][1][safepoint    ] Application time: 0.4157458 seconds
[2019-12-08T09:55:14.651+0000][1][safepoint    ] Entering safepoint region: RevokeBias
[2019-12-08T09:55:14.651+0000][1][safepoint    ] Leaving safepoint region
[2019-12-08T09:55:14.651+0000][1][safepoint    ] Total time for which application threads were stopped: 0.0002126 seconds, Stopping threads took: 0.0000882 seconds
[2019-12-08T09:55:14.658+0000][1][safepoint    ] Application time: 0.0074393 seconds
[2019-12-08T09:55:14.658+0000][1][safepoint    ] Entering safepoint region: RevokeBias
[2019-12-08T09:55:14.658+0000][1][safepoint    ] Leaving safepoint region
[2019-12-08T09:55:14.658+0000][1][safepoint    ] Total time for which application threads were stopped: 0.0001073 seconds, Stopping threads took: 0.0000458 seconds
[2019-12-08T09:55:14.658+0000][1][safepoint    ] Application time: 0.0000771 seconds
[2019-12-08T09:55:14.658+0000][1][safepoint    ] Entering safepoint region: RevokeBias
[2019-12-08T09:55:14.658+0000][1][safepoint    ] Leaving safepoint region
[2019-12-08T09:55:14.658+0000][1][safepoint    ] Total time for which application threads were stopped: 0.0000504 seconds, Stopping threads took: 0.0000096 seconds
[2019-12-08T09:55:14.659+0000][1][safepoint    ] Application time: 0.0001962 seconds
[2019-12-08T09:55:14.659+0000][1][safepoint    ] Entering safepoint region: RevokeBias
[2019-12-08T09:55:14.659+0000][1][safepoint    ] Leaving safepoint region
[2019-12-08T09:55:14.659+0000][1][safepoint    ] Total time for which application threads were stopped: 0.0000731 seconds, Stopping threads took: 0.0000303 seconds
[2019-12-08T09:55:14.660+0000][1][safepoint    ] Application time: 0.0014763 seconds
[2019-12-08T09:55:14.660+0000][1][safepoint    ] Entering safepoint region: RevokeBias
[2019-12-08T09:55:14.660+0000][1][safepoint    ] Leaving safepoint region
[2019-12-08T09:55:14.660+0000][1][safepoint    ] Total time for which application threads were stopped: 0.0001065 seconds, Stopping threads took: 0.0000148 seconds
[2019-12-08T09:55:14.660+0000][1][safepoint    ] Application time: 0.0000900 seconds
[2019-12-08T09:55:14.660+0000][1][safepoint    ] Entering safepoint region: RevokeBias
[2019-12-08T09:55:14.661+0000][1][safepoint    ] Leaving safepoint region
[2019-12-08T09:55:14.661+0000][1][safepoint    ] Total time for which application threads were stopped: 0.0000582 seconds, Stopping threads took: 0.0000120 seconds
[2019-12-08T09:55:14.661+0000][1][safepoint    ] Application time: 0.0003592 seconds
[2019-12-08T09:55:14.661+0000][1][safepoint    ] Entering safepoint region: RevokeBias
[2019-12-08T09:55:14.661+0000][1][safepoint    ] Leaving safepoint region
[2019-12-08T09:55:14.661+0000][1][safepoint    ] Total time for which application threads were stopped: 0.0000625 seconds, Stopping threads took: 0.0000138 seconds
[2019-12-08T09:55:14.667+0000][1][safepoint    ] Application time: 0.0055156 seconds
[2019-12-08T09:55:14.667+0000][1][safepoint    ] Entering safepoint region: RevokeBias
[2019-12-08T09:55:14.667+0000][1][safepoint    ] Leaving safepoint region
[2019-12-08T09:55:14.667+0000][1][safepoint    ] Total time for which application threads were stopped: 0.0000672 seconds, Stopping threads took: 0.0000148 seconds
[2019-12-08T09:55:14.667+0000][1][safepoint    ] Application time: 0.0000535 seconds
[2019-12-08T09:55:14.667+0000][1][safepoint    ] Entering safepoint region: RevokeBias
[2019-12-08T09:55:14.667+0000][1][safepoint    ] Leaving safepoint region
[2019-12-08T09:55:14.667+0000][1][safepoint    ] Total time for which application threads were stopped: 0.0000743 seconds, Stopping threads took: 0.0000100 seconds
[2019-12-08T09:55:14.770+0000][1][safepoint    ] Application time: 0.1033852 seconds
[2019-12-08T09:55:14.771+0000][1][safepoint    ] Entering safepoint region: Deoptimize
[2019-12-08T09:55:14.771+0000][1][safepoint    ] Leaving safepoint region
[2019-12-08T09:55:14.771+0000][1][safepoint    ] Total time for which application threads were stopped: 0.0012457 seconds, Stopping threads took: 0.0004855 seconds
[2019-12-08T09:55:14.997+0000][1][safepoint    ] Application time: 0.2256828 seconds
[2019-12-08T09:55:14.997+0000][1][safepoint    ] Entering safepoint region: BulkRevokeBias
[2019-12-08T09:55:14.998+0000][1][safepoint    ] Leaving safepoint region
[2019-12-08T09:55:14.998+0000][1][safepoint    ] Total time for which application threads were stopped: 0.0005167 seconds, Stopping threads took: 0.0000232 seconds
[2019-12-08T09:55:14.998+0000][1][safepoint    ] Application time: 0.0000908 seconds
[2019-12-08T09:55:14.998+0000][1][safepoint    ] Entering safepoint region: RevokeBias
[2019-12-08T09:55:14.998+0000][1][safepoint    ] Leaving safepoint region
[2019-12-08T09:55:14.998+0000][1][safepoint    ] Total time for which application threads were stopped: 0.0000645 seconds, Stopping threads took: 0.0000117 seconds
[2019-12-08T09:55:15.015+0000][1][safepoint    ] Application time: 0.0172728 seconds
[2019-12-08T09:55:15.015+0000][1][safepoint    ] Entering safepoint region: RevokeBias
[2019-12-08T09:55:15.015+0000][1][safepoint    ] Leaving safepoint region
[2019-12-08T09:55:15.015+0000][1][safepoint    ] Total time for which application threads were stopped: 0.0000856 seconds, Stopping threads took: 0.0000178 seconds
[2019-12-08T09:55:15.017+0000][1][safepoint    ] Application time: 0.0013555 seconds
[2019-12-08T09:55:15.017+0000][1][safepoint    ] Entering safepoint region: BulkRevokeBias
[2019-12-08T09:55:15.017+0000][1][safepoint    ] Leaving safepoint region
[2019-12-08T09:55:15.017+0000][1][safepoint    ] Total time for which application threads were stopped: 0.0003691 seconds, Stopping threads took: 0.0000163 seconds
[2019-12-08T09:55:15.017+0000][1][safepoint    ] Application time: 0.0002571 seconds
[2019-12-08T09:55:15.017+0000][1][safepoint    ] Entering safepoint region: RevokeBias
[2019-12-08T09:55:15.017+0000][1][safepoint    ] Leaving safepoint region
[2019-12-08T09:55:15.017+0000][1][safepoint    ] Total time for which application threads were stopped: 0.0000660 seconds, Stopping threads took: 0.0000151 seconds
[2019-12-08T09:55:15.024+0000][1][safepoint    ] Application time: 0.0063645 seconds
[2019-12-08T09:55:15.024+0000][1][safepoint    ] Entering safepoint region: RevokeBias
[2019-12-08T09:55:15.024+0000][1][safepoint    ] Leaving safepoint region
[2019-12-08T09:55:15.024+0000][1][safepoint    ] Total time for which application threads were stopped: 0.0000703 seconds, Stopping threads took: 0.0000149 seconds
[2019-12-08T09:55:15.040+0000][1][safepoint    ] Application time: 0.0158670 seconds
[2019-12-08T09:55:15.040+0000][1][safepoint    ] Entering safepoint region: RevokeBias
[2019-12-08T09:55:15.040+0000][1][safepoint    ] Leaving safepoint region
[2019-12-08T09:55:15.040+0000][1][safepoint    ] Total time for which application threads were stopped: 0.0000825 seconds, Stopping threads took: 0.0000173 seconds
[2019-12-08T09:55:16.040+0000][1][safepoint    ] Application time: 1.0000896 seconds
[2019-12-08T09:55:16.040+0000][1][safepoint    ] Entering safepoint region: Cleanup
[2019-12-08T09:55:16.040+0000][1][safepoint    ] Leaving safepoint region
[2019-12-08T09:55:16.040+0000][1][safepoint    ] Total time for which application threads were stopped: 0.0000823 seconds, Stopping threads took: 0.0000218 seconds
[2019-12-08T09:55:17.040+0000][1][safepoint    ] Application time: 1.0000789 seconds
[2019-12-08T09:55:17.040+0000][1][safepoint    ] Entering safepoint region: Cleanup
[2019-12-08T09:55:17.040+0000][1][safepoint    ] Leaving safepoint region
[2019-12-08T09:55:17.040+0000][1][safepoint    ] Total time for which application threads were stopped: 0.0000755 seconds, Stopping threads took: 0.0000168 seconds
[2019-12-08T09:55:18.040+0000][1][safepoint    ] Application time: 1.0000781 seconds
[2019-12-08T09:55:18.040+0000][1][safepoint    ] Entering safepoint region: Cleanup
[2019-12-08T09:55:18.040+0000][1][safepoint    ] Leaving safepoint region
[2019-12-08T09:55:18.040+0000][1][safepoint    ] Total time for which application threads were stopped: 0.0000792 seconds, Stopping threads took: 0.0000173 seconds
[2019-12-08T09:55:19.040+0000][1][safepoint    ] Application time: 1.0000786 seconds
[2019-12-08T09:55:19.041+0000][1][safepoint    ] Entering safepoint region: Cleanup
[2019-12-08T09:55:19.041+0000][1][safepoint    ] Leaving safepoint region
[2019-12-08T09:55:19.041+0000][1][safepoint    ] Total time for which application threads were stopped: 0.0000757 seconds, Stopping threads took: 0.0000175 seconds
[2019-12-08T09:55:20.041+0000][1][safepoint    ] Application time: 1.0000774 seconds
[2019-12-08T09:55:20.041+0000][1][safepoint    ] Entering safepoint region: Cleanup
[2019-12-08T09:55:20.041+0000][1][safepoint    ] Leaving safepoint region
[2019-12-08T09:55:20.041+0000][1][safepoint    ] Total time for which application threads were stopped: 0.0000883 seconds, Stopping threads took: 0.0000300 seconds
[2019-12-08T09:55:21.041+0000][1][safepoint    ] Application time: 1.0000765 seconds
[2019-12-08T09:55:21.041+0000][1][safepoint    ] Entering safepoint region: Cleanup
[2019-12-08T09:55:21.041+0000][1][safepoint    ] Leaving safepoint region
[2019-12-08T09:55:21.041+0000][1][safepoint    ] Total time for which application threads were stopped: 0.0000782 seconds, Stopping threads took: 0.0000206 seconds
[2019-12-08T09:55:22.041+0000][1][safepoint    ] Application time: 1.0000772 seconds
[2019-12-08T09:55:22.041+0000][1][safepoint    ] Entering safepoint region: Cleanup
[2019-12-08T09:55:22.041+0000][1][safepoint    ] Leaving safepoint region
[2019-12-08T09:55:22.041+0000][1][safepoint    ] Total time for which application threads were stopped: 0.0000902 seconds, Stopping threads took: 0.0000306 seconds
[2019-12-08T09:55:23.041+0000][1][safepoint    ] Application time: 1.0000761 seconds
[2019-12-08T09:55:23.041+0000][1][safepoint    ] Entering safepoint region: Cleanup
[2019-12-08T09:55:23.041+0000][1][safepoint    ] Leaving safepoint region
[2019-12-08T09:55:23.041+0000][1][safepoint    ] Total time for which application threads were stopped: 0.0000823 seconds, Stopping threads took: 0.0000193 seconds
[2019-12-08T09:55:24.041+0000][1][safepoint    ] Application time: 1.0000857 seconds
[2019-12-08T09:55:24.041+0000][1][safepoint    ] Entering safepoint region: Cleanup
[2019-12-08T09:55:24.042+0000][1][safepoint    ] Leaving safepoint region
[2019-12-08T09:55:24.042+0000][1][safepoint    ] Total time for which application threads were stopped: 0.0001126 seconds, Stopping threads took: 0.0000250 seconds
[2019-12-08T09:55:25.042+0000][1][safepoint    ] Application time: 1.0000812 seconds
[2019-12-08T09:55:25.042+0000][1][safepoint    ] Entering safepoint region: Cleanup
[2019-12-08T09:55:25.042+0000][1][safepoint    ] Leaving safepoint region
[2019-12-08T09:55:25.042+0000][1][safepoint    ] Total time for which application threads were stopped: 0.0000874 seconds, Stopping threads took: 0.0000222 seconds
[2019-12-08T09:55:26.042+0000][1][safepoint    ] Application time: 1.0000750 seconds
[2019-12-08T09:55:26.042+0000][1][safepoint    ] Entering safepoint region: Cleanup
[2019-12-08T09:55:26.042+0000][1][safepoint    ] Leaving safepoint region
[2019-12-08T09:55:26.042+0000][1][safepoint    ] Total time for which application threads were stopped: 0.0000829 seconds, Stopping threads took: 0.0000176 seconds
[2019-12-08T09:55:27.042+0000][1][safepoint    ] Application time: 1.0000799 seconds
[2019-12-08T09:55:27.042+0000][1][safepoint    ] Entering safepoint region: Cleanup
[2019-12-08T09:55:27.042+0000][1][safepoint    ] Leaving safepoint region
[2019-12-08T09:55:27.042+0000][1][safepoint    ] Total time for which application threads were stopped: 0.0000850 seconds, Stopping threads took: 0.0000194 seconds
[2019-12-08T09:55:28.042+0000][1][safepoint    ] Application time: 1.0000781 seconds
[2019-12-08T09:55:28.042+0000][1][safepoint    ] Entering safepoint region: Cleanup
[2019-12-08T09:55:28.042+0000][1][safepoint    ] Leaving safepoint region
[2019-12-08T09:55:28.042+0000][1][safepoint    ] Total time for which application threads were stopped: 0.0000837 seconds, Stopping threads took: 0.0000178 seconds
[2019-12-08T09:55:29.042+0000][1][safepoint    ] Application time: 1.0000735 seconds
[2019-12-08T09:55:29.042+0000][1][safepoint    ] Entering safepoint region: Cleanup
[2019-12-08T09:55:29.043+0000][1][safepoint    ] Leaving safepoint region
[2019-12-08T09:55:29.043+0000][1][safepoint    ] Total time for which application threads were stopped: 0.0000788 seconds, Stopping threads took: 0.0000173 seconds
[2019-12-08T09:55:30.043+0000][1][safepoint    ] Application time: 1.0000826 seconds
[2019-12-08T09:55:30.043+0000][1][safepoint    ] Entering safepoint region: Cleanup
[2019-12-08T09:55:30.043+0000][1][safepoint    ] Leaving safepoint region
[2019-12-08T09:55:30.043+0000][1][safepoint    ] Total time for which application threads were stopped: 0.0000985 seconds, Stopping threads took: 0.0000331 seconds
[2019-12-08T09:55:31.043+0000][1][safepoint    ] Application time: 1.0000759 seconds
[2019-12-08T09:55:31.043+0000][1][safepoint    ] Entering safepoint region: Cleanup
[2019-12-08T09:55:31.043+0000][1][safepoint    ] Leaving safepoint region
[2019-12-08T09:55:31.043+0000][1][safepoint    ] Total time for which application threads were stopped: 0.0000826 seconds, Stopping threads took: 0.0000188 seconds
[2019-12-08T09:55:32.043+0000][1][safepoint    ] Application time: 1.0000768 seconds
[2019-12-08T09:55:32.043+0000][1][safepoint    ] Entering safepoint region: Cleanup
[2019-12-08T09:55:32.043+0000][1][safepoint    ] Leaving safepoint region
[2019-12-08T09:55:32.043+0000][1][safepoint    ] Total time for which application threads were stopped: 0.0000749 seconds, Stopping threads took: 0.0000174 seconds
[2019-12-08T09:55:33.043+0000][1][safepoint    ] Application time: 1.0000791 seconds
[2019-12-08T09:55:33.043+0000][1][safepoint    ] Entering safepoint region: Cleanup
[2019-12-08T09:55:33.043+0000][1][safepoint    ] Leaving safepoint region
[2019-12-08T09:55:33.043+0000][1][safepoint    ] Total time for which application threads were stopped: 0.0000882 seconds, Stopping threads took: 0.0000191 seconds
[2019-12-08T09:55:34.043+0000][1][safepoint    ] Application time: 1.0000776 seconds
[2019-12-08T09:55:34.043+0000][1][safepoint    ] Entering safepoint region: Cleanup
[2019-12-08T09:55:34.044+0000][1][safepoint    ] Leaving safepoint region
[2019-12-08T09:55:34.044+0000][1][safepoint    ] Total time for which application threads were stopped: 0.0000796 seconds, Stopping threads took: 0.0000158 seconds
[2019-12-08T09:55:35.044+0000][1][safepoint    ] Application time: 1.0000824 seconds
[2019-12-08T09:55:35.044+0000][1][safepoint    ] Entering safepoint region: Cleanup
[2019-12-08T09:55:35.044+0000][1][safepoint    ] Leaving safepoint region
[2019-12-08T09:55:35.044+0000][1][safepoint    ] Total time for which application threads were stopped: 0.0001101 seconds, Stopping threads took: 0.0000402 seconds
[2019-12-08T09:55:36.044+0000][1][safepoint    ] Application time: 1.0000805 seconds
[2019-12-08T09:55:36.044+0000][1][safepoint    ] Entering safepoint region: Cleanup
[2019-12-08T09:55:36.044+0000][1][safepoint    ] Leaving safepoint region
[2019-12-08T09:55:36.044+0000][1][safepoint    ] Total time for which application threads were stopped: 0.0000830 seconds, Stopping threads took: 0.0000191 seconds
[2019-12-08T09:55:37.044+0000][1][safepoint    ] Application time: 1.0000771 seconds
[2019-12-08T09:55:37.044+0000][1][safepoint    ] Entering safepoint region: Cleanup
[2019-12-08T09:55:37.044+0000][1][safepoint    ] Leaving safepoint region
[2019-12-08T09:55:37.044+0000][1][safepoint    ] Total time for which application threads were stopped: 0.0000768 seconds, Stopping threads took: 0.0000168 seconds
[2019-12-08T09:55:38.044+0000][1][safepoint    ] Application time: 1.0000763 seconds
[2019-12-08T09:55:38.044+0000][1][safepoint    ] Entering safepoint region: Cleanup
[2019-12-08T09:55:38.044+0000][1][safepoint    ] Leaving safepoint region
[2019-12-08T09:55:38.044+0000][1][safepoint    ] Total time for which application threads were stopped: 0.0000820 seconds, Stopping threads took: 0.0000220 seconds
[2019-12-08T09:55:39.044+0000][1][safepoint    ] Application time: 1.0000757 seconds
[2019-12-08T09:55:39.044+0000][1][safepoint    ] Entering safepoint region: Cleanup
[2019-12-08T09:55:39.045+0000][1][safepoint    ] Leaving safepoint region
[2019-12-08T09:55:39.045+0000][1][safepoint    ] Total time for which application threads were stopped: 0.0000789 seconds, Stopping threads took: 0.0000157 seconds
[2019-12-08T09:55:40.045+0000][1][safepoint    ] Application time: 1.0000770 seconds
[2019-12-08T09:55:40.045+0000][1][safepoint    ] Entering safepoint region: Cleanup
[2019-12-08T09:55:40.045+0000][1][safepoint    ] Leaving safepoint region
[2019-12-08T09:55:40.045+0000][1][safepoint    ] Total time for which application threads were stopped: 0.0000889 seconds, Stopping threads took: 0.0000171 seconds
[2019-12-08T09:55:41.045+0000][1][safepoint    ] Application time: 1.0000769 seconds
[2019-12-08T09:55:41.045+0000][1][safepoint    ] Entering safepoint region: Cleanup
[2019-12-08T09:55:41.045+0000][1][safepoint    ] Leaving safepoint region
[2019-12-08T09:55:41.045+0000][1][safepoint    ] Total time for which application threads were stopped: 0.0000997 seconds, Stopping threads took: 0.0000210 seconds
[2019-12-08T09:55:42.045+0000][1][safepoint    ] Application time: 1.0000753 seconds
[2019-12-08T09:55:42.045+0000][1][safepoint    ] Entering safepoint region: Cleanup
[2019-12-08T09:55:42.045+0000][1][safepoint    ] Leaving safepoint region
[2019-12-08T09:55:42.045+0000][1][safepoint    ] Total time for which application threads were stopped: 0.0000917 seconds, Stopping threads took: 0.0000273 seconds
[2019-12-08T09:55:43.045+0000][1][safepoint    ] Application time: 1.0000775 seconds
[2019-12-08T09:55:43.045+0000][1][safepoint    ] Entering safepoint region: Cleanup
[2019-12-08T09:55:43.045+0000][1][safepoint    ] Leaving safepoint region
[2019-12-08T09:55:43.045+0000][1][safepoint    ] Total time for which application threads were stopped: 0.0000831 seconds, Stopping threads took: 0.0000188 seconds
[2019-12-08T09:55:44.045+0000][1][safepoint    ] Application time: 1.0000774 seconds
[2019-12-08T09:55:44.045+0000][1][safepoint    ] Entering safepoint region: Cleanup
[2019-12-08T09:55:44.046+0000][1][safepoint    ] Leaving safepoint region
[2019-12-08T09:55:44.046+0000][1][safepoint    ] Total time for which application threads were stopped: 0.0000776 seconds, Stopping threads took: 0.0000173 seconds
[2019-12-08T09:55:45.046+0000][1][safepoint    ] Application time: 1.0000831 seconds
[2019-12-08T09:55:45.046+0000][1][safepoint    ] Entering safepoint region: Cleanup
[2019-12-08T09:55:45.046+0000][1][safepoint    ] Leaving safepoint region
[2019-12-08T09:55:45.046+0000][1][safepoint    ] Total time for which application threads were stopped: 0.0000955 seconds, Stopping threads took: 0.0000193 seconds
[2019-12-08T09:55:46.046+0000][1][safepoint    ] Application time: 1.0000763 seconds
[2019-12-08T09:55:46.046+0000][1][safepoint    ] Entering safepoint region: Cleanup
[2019-12-08T09:55:46.046+0000][1][safepoint    ] Leaving safepoint region
[2019-12-08T09:55:46.046+0000][1][safepoint    ] Total time for which application threads were stopped: 0.0000872 seconds, Stopping threads took: 0.0000211 seconds
[2019-12-08T09:55:47.046+0000][1][safepoint    ] Application time: 1.0000771 seconds
[2019-12-08T09:55:47.046+0000][1][safepoint    ] Entering safepoint region: Cleanup
[2019-12-08T09:55:47.046+0000][1][safepoint    ] Leaving safepoint region
[2019-12-08T09:55:47.046+0000][1][safepoint    ] Total time for which application threads were stopped: 0.0000756 seconds, Stopping threads took: 0.0000183 seconds
[2019-12-08T09:55:48.046+0000][1][safepoint    ] Application time: 1.0000777 seconds
[2019-12-08T09:55:48.046+0000][1][safepoint    ] Entering safepoint region: Cleanup
[2019-12-08T09:55:48.046+0000][1][safepoint    ] Leaving safepoint region
[2019-12-08T09:55:48.046+0000][1][safepoint    ] Total time for which application threads were stopped: 0.0000822 seconds, Stopping threads took: 0.0000205 seconds
[2019-12-08T09:55:49.046+0000][1][safepoint    ] Application time: 1.0000764 seconds
[2019-12-08T09:55:49.046+0000][1][safepoint    ] Entering safepoint region: Cleanup
[2019-12-08T09:55:49.047+0000][1][safepoint    ] Leaving safepoint region
[2019-12-08T09:55:49.047+0000][1][safepoint    ] Total time for which application threads were stopped: 0.0000795 seconds, Stopping threads took: 0.0000187 seconds
[2019-12-08T09:55:50.047+0000][1][safepoint    ] Application time: 1.0000767 seconds
[2019-12-08T09:55:50.047+0000][1][safepoint    ] Entering safepoint region: Cleanup
[2019-12-08T09:55:50.047+0000][1][safepoint    ] Leaving safepoint region
[2019-12-08T09:55:50.047+0000][1][safepoint    ] Total time for which application threads were stopped: 0.0000946 seconds, Stopping threads took: 0.0000172 seconds
[2019-12-08T09:55:51.047+0000][1][safepoint    ] Application time: 1.0000763 seconds
[2019-12-08T09:55:51.047+0000][1][safepoint    ] Entering safepoint region: Cleanup
[2019-12-08T09:55:51.047+0000][1][safepoint    ] Leaving safepoint region
[2019-12-08T09:55:51.047+0000][1][safepoint    ] Total time for which application threads were stopped: 0.0000793 seconds, Stopping threads took: 0.0000171 seconds
[2019-12-08T09:55:52.047+0000][1][safepoint    ] Application time: 1.0000797 seconds
[2019-12-08T09:55:52.047+0000][1][safepoint    ] Entering safepoint region: Cleanup
[2019-12-08T09:55:52.047+0000][1][safepoint    ] Leaving safepoint region
[2019-12-08T09:55:52.047+0000][1][safepoint    ] Total time for which application threads were stopped: 0.0000829 seconds, Stopping threads took: 0.0000187 seconds
[2019-12-08T09:55:53.047+0000][1][safepoint    ] Application time: 1.0000793 seconds
[2019-12-08T09:55:53.047+0000][1][safepoint    ] Entering safepoint region: Cleanup
[2019-12-08T09:55:53.047+0000][1][safepoint    ] Leaving safepoint region
[2019-12-08T09:55:53.047+0000][1][safepoint    ] Total time for which application threads were stopped: 0.0000763 seconds, Stopping threads took: 0.0000173 seconds
[2019-12-08T09:55:54.047+0000][1][safepoint    ] Application time: 1.0000847 seconds
[2019-12-08T09:55:54.047+0000][1][safepoint    ] Entering safepoint region: Cleanup
[2019-12-08T09:55:54.048+0000][1][safepoint    ] Leaving safepoint region
[2019-12-08T09:55:54.048+0000][1][safepoint    ] Total time for which application threads were stopped: 0.0000844 seconds, Stopping threads took: 0.0000174 seconds
[2019-12-08T09:55:55.048+0000][1][safepoint    ] Application time: 1.0000783 seconds
[2019-12-08T09:55:55.048+0000][1][safepoint    ] Entering safepoint region: Cleanup
[2019-12-08T09:55:55.048+0000][1][safepoint    ] Leaving safepoint region
[2019-12-08T09:55:55.048+0000][1][safepoint    ] Total time for which application threads were stopped: 0.0000929 seconds, Stopping threads took: 0.0000183 seconds
[2019-12-08T09:55:56.048+0000][1][safepoint    ] Application time: 1.0000793 seconds
[2019-12-08T09:55:56.048+0000][1][safepoint    ] Entering safepoint region: Cleanup
[2019-12-08T09:55:56.048+0000][1][safepoint    ] Leaving safepoint region
[2019-12-08T09:55:56.048+0000][1][safepoint    ] Total time for which application threads were stopped: 0.0000775 seconds, Stopping threads took: 0.0000163 seconds
[2019-12-08T09:55:57.048+0000][1][safepoint    ] Application time: 1.0000878 seconds
[2019-12-08T09:55:57.048+0000][1][safepoint    ] Entering safepoint region: Cleanup
[2019-12-08T09:55:57.048+0000][1][safepoint    ] Leaving safepoint region
[2019-12-08T09:55:57.048+0000][1][safepoint    ] Total time for which application threads were stopped: 0.0000873 seconds, Stopping threads took: 0.0000197 seconds
[2019-12-08T09:55:58.048+0000][1][safepoint    ] Application time: 1.0000785 seconds
[2019-12-08T09:55:58.048+0000][1][safepoint    ] Entering safepoint region: Cleanup
[2019-12-08T09:55:58.048+0000][1][safepoint    ] Leaving safepoint region
[2019-12-08T09:55:58.048+0000][1][safepoint    ] Total time for which application threads were stopped: 0.0000821 seconds, Stopping threads took: 0.0000197 seconds
[2019-12-08T09:55:59.048+0000][1][safepoint    ] Application time: 1.0000768 seconds
[2019-12-08T09:55:59.048+0000][1][safepoint    ] Entering safepoint region: Cleanup
[2019-12-08T09:55:59.049+0000][1][safepoint    ] Leaving safepoint region
[2019-12-08T09:55:59.049+0000][1][safepoint    ] Total time for which application threads were stopped: 0.0000932 seconds, Stopping threads took: 0.0000160 seconds
[2019-12-08T09:56:00.049+0000][1][safepoint    ] Application time: 1.0000746 seconds
[2019-12-08T09:56:00.049+0000][1][safepoint    ] Entering safepoint region: Cleanup
[2019-12-08T09:56:00.049+0000][1][safepoint    ] Leaving safepoint region
[2019-12-08T09:56:00.049+0000][1][safepoint    ] Total time for which application threads were stopped: 0.0000892 seconds, Stopping threads took: 0.0000171 seconds
[2019-12-08T09:56:01.049+0000][1][safepoint    ] Application time: 1.0000769 seconds
[2019-12-08T09:56:01.049+0000][1][safepoint    ] Entering safepoint region: Cleanup
[2019-12-08T09:56:01.049+0000][1][safepoint    ] Leaving safepoint region
[2019-12-08T09:56:01.049+0000][1][safepoint    ] Total time for which application threads were stopped: 0.0000795 seconds, Stopping threads took: 0.0000194 seconds
[2019-12-08T09:56:02.049+0000][1][safepoint    ] Application time: 1.0000796 seconds
[2019-12-08T09:56:02.049+0000][1][safepoint    ] Entering safepoint region: Cleanup
[2019-12-08T09:56:02.049+0000][1][safepoint    ] Leaving safepoint region
[2019-12-08T09:56:02.049+0000][1][safepoint    ] Total time for which application threads were stopped: 0.0000804 seconds, Stopping threads took: 0.0000171 seconds
[2019-12-08T09:56:03.049+0000][1][safepoint    ] Application time: 1.0000799 seconds
[2019-12-08T09:56:03.049+0000][1][safepoint    ] Entering safepoint region: Cleanup
[2019-12-08T09:56:03.049+0000][1][safepoint    ] Leaving safepoint region
[2019-12-08T09:56:03.049+0000][1][safepoint    ] Total time for which application threads were stopped: 0.0000861 seconds, Stopping threads took: 0.0000164 seconds
[2019-12-08T09:56:04.049+0000][1][safepoint    ] Application time: 1.0000741 seconds
[2019-12-08T09:56:04.049+0000][1][safepoint    ] Entering safepoint region: Cleanup
[2019-12-08T09:56:04.050+0000][1][safepoint    ] Leaving safepoint region
[2019-12-08T09:56:04.050+0000][1][safepoint    ] Total time for which application threads were stopped: 0.0000876 seconds, Stopping threads took: 0.0000193 seconds
[2019-12-08T09:56:05.050+0000][1][safepoint    ] Application time: 1.0000809 seconds
[2019-12-08T09:56:05.050+0000][1][safepoint    ] Entering safepoint region: Cleanup
[2019-12-08T09:56:05.050+0000][1][safepoint    ] Leaving safepoint region
[2019-12-08T09:56:05.050+0000][1][safepoint    ] Total time for which application threads were stopped: 0.0000942 seconds, Stopping threads took: 0.0000177 seconds
[2019-12-08T09:56:06.050+0000][1][safepoint    ] Application time: 1.0000779 seconds
[2019-12-08T09:56:06.050+0000][1][safepoint    ] Entering safepoint region: Cleanup
[2019-12-08T09:56:06.050+0000][1][safepoint    ] Leaving safepoint region
[2019-12-08T09:56:06.050+0000][1][safepoint    ] Total time for which application threads were stopped: 0.0001050 seconds, Stopping threads took: 0.0000399 seconds
[2019-12-08T09:56:07.050+0000][1][safepoint    ] Application time: 1.0000769 seconds
[2019-12-08T09:56:07.050+0000][1][safepoint    ] Entering safepoint region: Cleanup
[2019-12-08T09:56:07.050+0000][1][safepoint    ] Leaving safepoint region
[2019-12-08T09:56:07.050+0000][1][safepoint    ] Total time for which application threads were stopped: 0.0000803 seconds, Stopping threads took: 0.0000200 seconds
[2019-12-08T09:56:08.050+0000][1][safepoint    ] Application time: 1.0000764 seconds
[2019-12-08T09:56:08.050+0000][1][safepoint    ] Entering safepoint region: Cleanup
[2019-12-08T09:56:08.050+0000][1][safepoint    ] Leaving safepoint region
[2019-12-08T09:56:08.050+0000][1][safepoint    ] Total time for which application threads were stopped: 0.0000837 seconds, Stopping threads took: 0.0000167 seconds
[2019-12-08T09:56:09.050+0000][1][safepoint    ] Application time: 1.0000827 seconds
[2019-12-08T09:56:09.050+0000][1][safepoint    ] Entering safepoint region: Cleanup
[2019-12-08T09:56:09.051+0000][1][safepoint    ] Leaving safepoint region
[2019-12-08T09:56:09.051+0000][1][safepoint    ] Total time for which application threads were stopped: 0.0000817 seconds, Stopping threads took: 0.0000195 seconds
[2019-12-08T09:56:10.051+0000][1][safepoint    ] Application time: 1.0000772 seconds
[2019-12-08T09:56:10.051+0000][1][safepoint    ] Entering safepoint region: Cleanup
[2019-12-08T09:56:10.051+0000][1][safepoint    ] Leaving safepoint region
[2019-12-08T09:56:10.051+0000][1][safepoint    ] Total time for which application threads were stopped: 0.0000897 seconds, Stopping threads took: 0.0000197 seconds
[2019-12-08T09:56:11.051+0000][1][safepoint    ] Application time: 1.0000814 seconds
[2019-12-08T09:56:11.051+0000][1][safepoint    ] Entering safepoint region: Cleanup
[2019-12-08T09:56:11.051+0000][1][safepoint    ] Leaving safepoint region
[2019-12-08T09:56:11.051+0000][1][safepoint    ] Total time for which application threads were stopped: 0.0000795 seconds, Stopping threads took: 0.0000172 seconds
[2019-12-08T09:56:12.051+0000][1][safepoint    ] Application time: 1.0000890 seconds
[2019-12-08T09:56:12.051+0000][1][safepoint    ] Entering safepoint region: Cleanup
[2019-12-08T09:56:12.051+0000][1][safepoint    ] Leaving safepoint region
[2019-12-08T09:56:12.051+0000][1][safepoint    ] Total time for which application threads were stopped: 0.0000779 seconds, Stopping threads took: 0.0000182 seconds
[2019-12-08T09:56:13.051+0000][1][safepoint    ] Application time: 1.0000778 seconds
[2019-12-08T09:56:13.051+0000][1][safepoint    ] Entering safepoint region: Cleanup
[2019-12-08T09:56:13.051+0000][1][safepoint    ] Leaving safepoint region
[2019-12-08T09:56:13.051+0000][1][safepoint    ] Total time for which application threads were stopped: 0.0000775 seconds, Stopping threads took: 0.0000166 seconds
[2019-12-08T09:56:14.051+0000][1][safepoint    ] Application time: 1.0000753 seconds
[2019-12-08T09:56:14.052+0000][1][safepoint    ] Entering safepoint region: Cleanup
[2019-12-08T09:56:14.052+0000][1][safepoint    ] Leaving safepoint region
[2019-12-08T09:56:14.052+0000][1][safepoint    ] Total time for which application threads were stopped: 0.0000775 seconds, Stopping threads took: 0.0000160 seconds
[2019-12-08T09:56:16.052+0000][1][safepoint    ] Application time: 2.0001453 seconds
[2019-12-08T09:56:16.052+0000][1][safepoint    ] Entering safepoint region: Cleanup
[2019-12-08T09:56:16.052+0000][1][safepoint    ] Leaving safepoint region
[2019-12-08T09:56:16.052+0000][1][safepoint    ] Total time for which application threads were stopped: 0.0000800 seconds, Stopping threads took: 0.0000179 seconds
[2019-12-08T09:56:20.052+0000][1][safepoint    ] Application time: 4.0002820 seconds
[2019-12-08T09:56:20.052+0000][1][safepoint    ] Entering safepoint region: Cleanup
[2019-12-08T09:56:20.052+0000][1][safepoint    ] Leaving safepoint region
[2019-12-08T09:56:20.052+0000][1][safepoint    ] Total time for which application threads were stopped: 0.0000789 seconds, Stopping threads took: 0.0000163 seconds
[2019-12-08T09:56:21.052+0000][1][safepoint    ] Application time: 1.0000770 seconds
[2019-12-08T09:56:21.052+0000][1][safepoint    ] Entering safepoint region: Cleanup
[2019-12-08T09:56:21.052+0000][1][safepoint    ] Leaving safepoint region
[2019-12-08T09:56:21.052+0000][1][safepoint    ] Total time for which application threads were stopped: 0.0000851 seconds, Stopping threads took: 0.0000179 seconds
[2019-12-08T09:56:24.053+0000][1][safepoint    ] Application time: 3.0002069 seconds
[2019-12-08T09:56:24.053+0000][1][safepoint    ] Entering safepoint region: Cleanup
[2019-12-08T09:56:24.053+0000][1][safepoint    ] Leaving safepoint region
[2019-12-08T09:56:24.053+0000][1][safepoint    ] Total time for which application threads were stopped: 0.0000902 seconds, Stopping threads took: 0.0000245 seconds
[2019-12-08T09:56:27.053+0000][1][safepoint    ] Application time: 3.0002128 seconds
[2019-12-08T09:56:27.053+0000][1][safepoint    ] Entering safepoint region: Cleanup
[2019-12-08T09:56:27.053+0000][1][safepoint    ] Leaving safepoint region
[2019-12-08T09:56:27.053+0000][1][safepoint    ] Total time for which application threads were stopped: 0.0000911 seconds, Stopping threads took: 0.0000247 seconds
[2019-12-08T09:56:28.053+0000][1][safepoint    ] Application time: 1.0000751 seconds
[2019-12-08T09:56:28.053+0000][1][safepoint    ] Entering safepoint region: Cleanup
[2019-12-08T09:56:28.053+0000][1][safepoint    ] Leaving safepoint region
[2019-12-08T09:56:28.053+0000][1][safepoint    ] Total time for which application threads were stopped: 0.0000799 seconds, Stopping threads took: 0.0000157 seconds
[2019-12-08T09:56:30.053+0000][1][safepoint    ] Application time: 2.0001424 seconds
[2019-12-08T09:56:30.053+0000][1][safepoint    ] Entering safepoint region: Cleanup
[2019-12-08T09:56:30.054+0000][1][safepoint    ] Leaving safepoint region
[2019-12-08T09:56:30.054+0000][1][safepoint    ] Total time for which application threads were stopped: 0.0000771 seconds, Stopping threads took: 0.0000173 seconds
[2019-12-08T09:56:31.054+0000][1][safepoint    ] Application time: 1.0000767 seconds
[2019-12-08T09:56:31.054+0000][1][safepoint    ] Entering safepoint region: Cleanup
[2019-12-08T09:56:31.054+0000][1][safepoint    ] Leaving safepoint region
[2019-12-08T09:56:31.054+0000][1][safepoint    ] Total time for which application threads were stopped: 0.0000918 seconds, Stopping threads took: 0.0000282 seconds
[2019-12-08T09:56:32.054+0000][1][safepoint    ] Application time: 1.0000755 seconds
[2019-12-08T09:56:32.054+0000][1][safepoint    ] Entering safepoint region: Cleanup
[2019-12-08T09:56:32.054+0000][1][safepoint    ] Leaving safepoint region
[2019-12-08T09:56:32.054+0000][1][safepoint    ] Total time for which application threads were stopped: 0.0000806 seconds, Stopping threads took: 0.0000173 seconds
[2019-12-08T09:56:35.054+0000][1][safepoint    ] Application time: 3.0002205 seconds
[2019-12-08T09:56:35.054+0000][1][safepoint    ] Entering safepoint region: Cleanup
[2019-12-08T09:56:35.054+0000][1][safepoint    ] Leaving safepoint region
[2019-12-08T09:56:35.054+0000][1][safepoint    ] Total time for which application threads were stopped: 0.0000870 seconds, Stopping threads took: 0.0000236 seconds
[2019-12-08T09:56:36.054+0000][1][safepoint    ] Application time: 1.0000791 seconds
[2019-12-08T09:56:36.054+0000][1][safepoint    ] Entering safepoint region: Cleanup
[2019-12-08T09:56:36.054+0000][1][safepoint    ] Leaving safepoint region
[2019-12-08T09:56:36.055+0000][1][safepoint    ] Total time for which application threads were stopped: 0.0000791 seconds, Stopping threads took: 0.0000168 seconds
[2019-12-08T09:56:37.055+0000][1][safepoint    ] Application time: 1.0000785 seconds
[2019-12-08T09:56:37.055+0000][1][safepoint    ] Entering safepoint region: Cleanup
[2019-12-08T09:56:37.055+0000][1][safepoint    ] Leaving safepoint region
[2019-12-08T09:56:37.055+0000][1][safepoint    ] Total time for which application threads were stopped: 0.0000890 seconds, Stopping threads took: 0.0000156 seconds
[2019-12-08T09:56:39.055+0000][1][safepoint    ] Application time: 2.0001442 seconds
[2019-12-08T09:56:39.055+0000][1][safepoint    ] Entering safepoint region: Cleanup
[2019-12-08T09:56:39.055+0000][1][safepoint    ] Leaving safepoint region
[2019-12-08T09:56:39.055+0000][1][safepoint    ] Total time for which application threads were stopped: 0.0000877 seconds, Stopping threads took: 0.0000177 seconds
[2019-12-08T09:56:40.055+0000][1][safepoint    ] Application time: 1.0000759 seconds
[2019-12-08T09:56:40.055+0000][1][safepoint    ] Entering safepoint region: Cleanup
[2019-12-08T09:56:40.055+0000][1][safepoint    ] Leaving safepoint region
[2019-12-08T09:56:40.055+0000][1][safepoint    ] Total time for which application threads were stopped: 0.0000869 seconds, Stopping threads took: 0.0000252 seconds
[2019-12-08T09:56:41.055+0000][1][safepoint    ] Application time: 1.0000764 seconds
[2019-12-08T09:56:41.055+0000][1][safepoint    ] Entering safepoint region: Cleanup
[2019-12-08T09:56:41.055+0000][1][safepoint    ] Leaving safepoint region
[2019-12-08T09:56:41.055+0000][1][safepoint    ] Total time for which application threads were stopped: 0.0000790 seconds, Stopping threads took: 0.0000168 seconds
[2019-12-08T09:56:45.056+0000][1][safepoint    ] Application time: 4.0002884 seconds
[2019-12-08T09:56:45.056+0000][1][safepoint    ] Entering safepoint region: Cleanup
[2019-12-08T09:56:45.056+0000][1][safepoint    ] Leaving safepoint region
[2019-12-08T09:56:45.056+0000][1][safepoint    ] Total time for which application threads were stopped: 0.0000864 seconds, Stopping threads took: 0.0000180 seconds
[2019-12-08T09:56:46.056+0000][1][safepoint    ] Application time: 1.0000771 seconds
[2019-12-08T09:56:46.056+0000][1][safepoint    ] Entering safepoint region: Cleanup
[2019-12-08T09:56:46.056+0000][1][safepoint    ] Leaving safepoint region
[2019-12-08T09:56:46.056+0000][1][safepoint    ] Total time for which application threads were stopped: 0.0000817 seconds, Stopping threads took: 0.0000169 seconds
[2019-12-08T09:56:47.056+0000][1][safepoint    ] Application time: 1.0000780 seconds
[2019-12-08T09:56:47.056+0000][1][safepoint    ] Entering safepoint region: Cleanup
[2019-12-08T09:56:47.056+0000][1][safepoint    ] Leaving safepoint region
[2019-12-08T09:56:47.056+0000][1][safepoint    ] Total time for which application threads were stopped: 0.0000876 seconds, Stopping threads took: 0.0000191 seconds
[2019-12-08T09:56:49.056+0000][1][safepoint    ] Application time: 2.0001445 seconds
[2019-12-08T09:56:49.056+0000][1][safepoint    ] Entering safepoint region: Cleanup
[2019-12-08T09:56:49.056+0000][1][safepoint    ] Leaving safepoint region
[2019-12-08T09:56:49.056+0000][1][safepoint    ] Total time for which application threads were stopped: 0.0000780 seconds, Stopping threads took: 0.0000176 seconds
[2019-12-08T09:56:50.057+0000][1][safepoint    ] Application time: 1.0000759 seconds
[2019-12-08T09:56:50.057+0000][1][safepoint    ] Entering safepoint region: Cleanup
[2019-12-08T09:56:50.057+0000][1][safepoint    ] Leaving safepoint region
[2019-12-08T09:56:50.057+0000][1][safepoint    ] Total time for which application threads were stopped: 0.0000817 seconds, Stopping threads took: 0.0000162 seconds
[2019-12-08T09:56:51.057+0000][1][safepoint    ] Application time: 1.0000873 seconds
[2019-12-08T09:56:51.057+0000][1][safepoint    ] Entering safepoint region: Cleanup
[2019-12-08T09:56:51.057+0000][1][safepoint    ] Leaving safepoint region
[2019-12-08T09:56:51.057+0000][1][safepoint    ] Total time for which application threads were stopped: 0.0000815 seconds, Stopping threads took: 0.0000166 seconds
[2019-12-08T09:56:52.057+0000][1][safepoint    ] Application time: 1.0000775 seconds
[2019-12-08T09:56:52.057+0000][1][safepoint    ] Entering safepoint region: Cleanup
[2019-12-08T09:56:52.057+0000][1][safepoint    ] Leaving safepoint region
[2019-12-08T09:56:52.057+0000][1][safepoint    ] Total time for which application threads were stopped: 0.0000840 seconds, Stopping threads took: 0.0000166 seconds
[2019-12-08T09:56:54.057+0000][1][safepoint    ] Application time: 2.0001465 seconds
[2019-12-08T09:56:54.057+0000][1][safepoint    ] Entering safepoint region: Cleanup
[2019-12-08T09:56:54.057+0000][1][safepoint    ] Leaving safepoint region
[2019-12-08T09:56:54.057+0000][1][safepoint    ] Total time for which application threads were stopped: 0.0000758 seconds, Stopping threads took: 0.0000159 seconds
[2019-12-08T09:57:01.058+0000][1][safepoint    ] Application time: 7.0004856 seconds
[2019-12-08T09:57:01.058+0000][1][safepoint    ] Entering safepoint region: Cleanup
[2019-12-08T09:57:01.058+0000][1][safepoint    ] Leaving safepoint region
[2019-12-08T09:57:01.058+0000][1][safepoint    ] Total time for which application threads were stopped: 0.0000865 seconds, Stopping threads took: 0.0000232 seconds
[2019-12-08T09:57:02.058+0000][1][safepoint    ] Application time: 1.0000837 seconds
[2019-12-08T09:57:02.058+0000][1][safepoint    ] Entering safepoint region: Cleanup
[2019-12-08T09:57:02.058+0000][1][safepoint    ] Leaving safepoint region
[2019-12-08T09:57:02.058+0000][1][safepoint    ] Total time for which application threads were stopped: 0.0001087 seconds, Stopping threads took: 0.0000238 seconds
[2019-12-08T09:57:04.058+0000][1][safepoint    ] Application time: 2.0001455 seconds
[2019-12-08T09:57:04.058+0000][1][safepoint    ] Entering safepoint region: Cleanup
[2019-12-08T09:57:04.058+0000][1][safepoint    ] Leaving safepoint region
[2019-12-08T09:57:04.058+0000][1][safepoint    ] Total time for which application threads were stopped: 0.0000776 seconds, Stopping threads took: 0.0000169 seconds
[2019-12-08T09:57:05.059+0000][1][safepoint    ] Application time: 1.0000759 seconds
[2019-12-08T09:57:05.059+0000][1][safepoint    ] Entering safepoint region: Cleanup
[2019-12-08T09:57:05.059+0000][1][safepoint    ] Leaving safepoint region
[2019-12-08T09:57:05.059+0000][1][safepoint    ] Total time for which application threads were stopped: 0.0000796 seconds, Stopping threads took: 0.0000163 seconds
[2019-12-08T09:57:07.059+0000][1][safepoint    ] Application time: 2.0001406 seconds
[2019-12-08T09:57:07.059+0000][1][safepoint    ] Entering safepoint region: Cleanup
[2019-12-08T09:57:07.059+0000][1][safepoint    ] Leaving safepoint region
[2019-12-08T09:57:07.059+0000][1][safepoint    ] Total time for which application threads were stopped: 0.0000788 seconds, Stopping threads took: 0.0000172 seconds
[2019-12-08T09:57:10.059+0000][1][safepoint    ] Application time: 3.0002065 seconds
[2019-12-08T09:57:10.059+0000][1][safepoint    ] Entering safepoint region: Cleanup
[2019-12-08T09:57:10.059+0000][1][safepoint    ] Leaving safepoint region
[2019-12-08T09:57:10.059+0000][1][safepoint    ] Total time for which application threads were stopped: 0.0000844 seconds, Stopping threads took: 0.0000214 seconds
[2019-12-08T09:57:12.059+0000][1][safepoint    ] Application time: 2.0001433 seconds
[2019-12-08T09:57:12.059+0000][1][safepoint    ] Entering safepoint region: Cleanup
[2019-12-08T09:57:12.059+0000][1][safepoint    ] Leaving safepoint region
[2019-12-08T09:57:12.060+0000][1][safepoint    ] Total time for which application threads were stopped: 0.0000830 seconds, Stopping threads took: 0.0000178 seconds
[2019-12-08T09:57:13.060+0000][1][safepoint    ] Application time: 1.0000789 seconds
[2019-12-08T09:57:13.060+0000][1][safepoint    ] Entering safepoint region: Cleanup
[2019-12-08T09:57:13.060+0000][1][safepoint    ] Leaving safepoint region
[2019-12-08T09:57:13.060+0000][1][safepoint    ] Total time for which application threads were stopped: 0.0000926 seconds, Stopping threads took: 0.0000188 seconds
[2019-12-08T09:57:17.060+0000][1][safepoint    ] Application time: 4.0002761 seconds
[2019-12-08T09:57:17.060+0000][1][safepoint    ] Entering safepoint region: Cleanup
[2019-12-08T09:57:17.060+0000][1][safepoint    ] Leaving safepoint region
[2019-12-08T09:57:17.060+0000][1][safepoint    ] Total time for which application threads were stopped: 0.0000831 seconds, Stopping threads took: 0.0000167 seconds
[2019-12-08T09:57:20.060+0000][1][safepoint    ] Application time: 3.0002225 seconds
[2019-12-08T09:57:20.060+0000][1][safepoint    ] Entering safepoint region: Cleanup
[2019-12-08T09:57:20.060+0000][1][safepoint    ] Leaving safepoint region
[2019-12-08T09:57:20.060+0000][1][safepoint    ] Total time for which application threads were stopped: 0.0000876 seconds, Stopping threads took: 0.0000237 seconds
[2019-12-08T09:57:20.297+0000][1][safepoint    ] Application time: 0.2368423 seconds
[2019-12-08T09:57:20.297+0000][1][safepoint    ] Entering safepoint region: GenCollectForAllocation
[2019-12-08T09:57:20.297+0000][1][gc,start     ] GC(22) Pause Young (Allocation Failure)
[2019-12-08T09:57:20.297+0000][1][gc,task      ] GC(22) Using 4 workers of 4 for evacuation
[2019-12-08T09:57:20.307+0000][1][gc,age       ] GC(22) Desired survivor size 4456448 bytes, new threshold 6 (max threshold 6)
[2019-12-08T09:57:20.307+0000][1][gc,age       ] GC(22) Age table with threshold 6 (max threshold 6)
[2019-12-08T09:57:20.307+0000][1][gc,age       ] GC(22) - age   1:     629136 bytes,     629136 total
[2019-12-08T09:57:20.307+0000][1][gc,age       ] GC(22) - age   2:    2291480 bytes,    2920616 total
[2019-12-08T09:57:20.307+0000][1][gc,heap      ] GC(22) ParNew: 76087K->5155K(78656K)
[2019-12-08T09:57:20.307+0000][1][gc,heap      ] GC(22) CMS: 63533K->66826K(174784K)
[2019-12-08T09:57:20.307+0000][1][gc,metaspace ] GC(22) Metaspace: 67774K->67774K(1112064K)
[2019-12-08T09:57:20.307+0000][1][gc           ] GC(22) Pause Young (Allocation Failure) 136M->70M(247M) 9.426ms
[2019-12-08T09:57:20.307+0000][1][gc,cpu       ] GC(22) User=0.03s Sys=0.00s Real=0.01s
[2019-12-08T09:57:20.307+0000][1][safepoint    ] Leaving safepoint region
[2019-12-08T09:57:20.307+0000][1][safepoint    ] Total time for which application threads were stopped: 0.0095703 seconds, Stopping threads took: 0.0000218 seconds
[2019-12-08T09:57:23.307+0000][1][safepoint    ] Application time: 3.0002314 seconds
[2019-12-08T09:57:23.307+0000][1][safepoint    ] Entering safepoint region: Cleanup
[2019-12-08T09:57:23.307+0000][1][safepoint    ] Leaving safepoint region
[2019-12-08T09:57:23.307+0000][1][safepoint    ] Total time for which application threads were stopped: 0.0001071 seconds, Stopping threads took: 0.0000205 seconds
[2019-12-08T09:57:24.307+0000][1][safepoint    ] Application time: 1.0000814 seconds
[2019-12-08T09:57:24.307+0000][1][safepoint    ] Entering safepoint region: Cleanup
[2019-12-08T09:57:24.307+0000][1][safepoint    ] Leaving safepoint region
[2019-12-08T09:57:24.307+0000][1][safepoint    ] Total time for which application threads were stopped: 0.0000753 seconds, Stopping threads took: 0.0000163 seconds
[2019-12-08T09:57:25.308+0000][1][safepoint    ] Application time: 1.0000867 seconds
[2019-12-08T09:57:25.308+0000][1][safepoint    ] Entering safepoint region: Cleanup
[2019-12-08T09:57:25.308+0000][1][safepoint    ] Leaving safepoint region
[2019-12-08T09:57:25.308+0000][1][safepoint    ] Total time for which application threads were stopped: 0.0001270 seconds, Stopping threads took: 0.0000240 seconds
[2019-12-08T09:57:26.308+0000][1][safepoint    ] Application time: 1.0000785 seconds
[2019-12-08T09:57:26.308+0000][1][safepoint    ] Entering safepoint region: Cleanup
[2019-12-08T09:57:26.308+0000][1][safepoint    ] Leaving safepoint region
[2019-12-08T09:57:26.308+0000][1][safepoint    ] Total time for which application threads were stopped: 0.0000871 seconds, Stopping threads took: 0.0000245 seconds
[2019-12-08T09:57:29.308+0000][1][safepoint    ] Application time: 3.0002112 seconds
[2019-12-08T09:57:29.308+0000][1][safepoint    ] Entering safepoint region: Cleanup
[2019-12-08T09:57:29.308+0000][1][safepoint    ] Leaving safepoint region
[2019-12-08T09:57:29.308+0000][1][safepoint    ] Total time for which application threads were stopped: 0.0000734 seconds, Stopping threads took: 0.0000149 seconds
[2019-12-08T09:57:40.309+0000][1][safepoint    ] Application time: 11.0007554 seconds
[2019-12-08T09:57:40.309+0000][1][safepoint    ] Entering safepoint region: Cleanup
[2019-12-08T09:57:40.309+0000][1][safepoint    ] Leaving safepoint region
[2019-12-08T09:57:40.309+0000][1][safepoint    ] Total time for which application threads were stopped: 0.0000826 seconds, Stopping threads took: 0.0000216 seconds
[2019-12-08T09:57:44.309+0000][1][safepoint    ] Application time: 4.0002930 seconds
[2019-12-08T09:57:44.309+0000][1][safepoint    ] Entering safepoint region: Cleanup
[2019-12-08T09:57:44.310+0000][1][safepoint    ] Leaving safepoint region
[2019-12-08T09:57:44.310+0000][1][safepoint    ] Total time for which application threads were stopped: 0.0000739 seconds, Stopping threads took: 0.0000151 seconds
[2019-12-08T09:57:54.310+0000][1][safepoint    ] Application time: 10.0008761 seconds
[2019-12-08T09:57:54.310+0000][1][safepoint    ] Entering safepoint region: Cleanup
[2019-12-08T09:57:54.311+0000][1][safepoint    ] Leaving safepoint region
[2019-12-08T09:57:54.311+0000][1][safepoint    ] Total time for which application threads were stopped: 0.0000739 seconds, Stopping threads took: 0.0000144 seconds
[2019-12-08T09:57:56.311+0000][1][safepoint    ] Application time: 2.0001622 seconds
[2019-12-08T09:57:56.311+0000][1][safepoint    ] Entering safepoint region: Cleanup
[2019-12-08T09:57:56.311+0000][1][safepoint    ] Leaving safepoint region
[2019-12-08T09:57:56.311+0000][1][safepoint    ] Total time for which application threads were stopped: 0.0001310 seconds, Stopping threads took: 0.0000501 seconds
[2019-12-08T09:58:00.311+0000][1][safepoint    ] Application time: 4.0002915 seconds
[2019-12-08T09:58:00.311+0000][1][safepoint    ] Entering safepoint region: Cleanup
[2019-12-08T09:58:00.311+0000][1][safepoint    ] Leaving safepoint region
[2019-12-08T09:58:00.311+0000][1][safepoint    ] Total time for which application threads were stopped: 0.0000893 seconds, Stopping threads took: 0.0000194 seconds
[2019-12-08T09:58:16.313+0000][1][safepoint    ] Application time: 16.0013963 seconds
[2019-12-08T09:58:16.313+0000][1][safepoint    ] Entering safepoint region: Cleanup
[2019-12-08T09:58:16.313+0000][1][safepoint    ] Leaving safepoint region
[2019-12-08T09:58:16.313+0000][1][safepoint    ] Total time for which application threads were stopped: 0.0000858 seconds, Stopping threads took: 0.0000172 seconds
[2019-12-08T09:58:17.313+0000][1][safepoint    ] Application time: 1.0000799 seconds
[2019-12-08T09:58:17.313+0000][1][safepoint    ] Entering safepoint region: Cleanup
[2019-12-08T09:58:17.313+0000][1][safepoint    ] Leaving safepoint region
[2019-12-08T09:58:17.313+0000][1][safepoint    ] Total time for which application threads were stopped: 0.0000830 seconds, Stopping threads took: 0.0000184 seconds
[2019-12-08T09:58:20.313+0000][1][safepoint    ] Application time: 3.0002143 seconds
[2019-12-08T09:58:20.313+0000][1][safepoint    ] Entering safepoint region: Cleanup
[2019-12-08T09:58:20.313+0000][1][safepoint    ] Leaving safepoint region
[2019-12-08T09:58:20.313+0000][1][safepoint    ] Total time for which application threads were stopped: 0.0000775 seconds, Stopping threads took: 0.0000157 seconds
[2019-12-08T09:58:21.313+0000][1][safepoint    ] Application time: 1.0000786 seconds
[2019-12-08T09:58:21.313+0000][1][safepoint    ] Entering safepoint region: Cleanup
[2019-12-08T09:58:21.314+0000][1][safepoint    ] Leaving safepoint region
[2019-12-08T09:58:21.314+0000][1][safepoint    ] Total time for which application threads were stopped: 0.0000838 seconds, Stopping threads took: 0.0000169 seconds
[2019-12-08T09:58:22.314+0000][1][safepoint    ] Application time: 1.0000773 seconds
[2019-12-08T09:58:22.314+0000][1][safepoint    ] Entering safepoint region: Cleanup
[2019-12-08T09:58:22.314+0000][1][safepoint    ] Leaving safepoint region
[2019-12-08T09:58:22.314+0000][1][safepoint    ] Total time for which application threads were stopped: 0.0000909 seconds, Stopping threads took: 0.0000278 seconds
[2019-12-08T09:58:26.314+0000][1][safepoint    ] Application time: 4.0002851 seconds
[2019-12-08T09:58:26.314+0000][1][safepoint    ] Entering safepoint region: Cleanup
[2019-12-08T09:58:26.314+0000][1][safepoint    ] Leaving safepoint region
[2019-12-08T09:58:26.314+0000][1][safepoint    ] Total time for which application threads were stopped: 0.0000980 seconds, Stopping threads took: 0.0000273 seconds
[2019-12-08T09:58:29.314+0000][1][safepoint    ] Application time: 3.0002154 seconds
[2019-12-08T09:58:29.314+0000][1][safepoint    ] Entering safepoint region: Cleanup
[2019-12-08T09:58:29.315+0000][1][safepoint    ] Leaving safepoint region
[2019-12-08T09:58:29.315+0000][1][safepoint    ] Total time for which application threads were stopped: 0.0000811 seconds, Stopping threads took: 0.0000184 seconds
[2019-12-08T09:58:40.318+0000][1][safepoint    ] Application time: 11.0033003 seconds
[2019-12-08T09:58:40.318+0000][1][safepoint    ] Entering safepoint region: Cleanup
[2019-12-08T09:58:40.318+0000][1][safepoint    ] Leaving safepoint region
[2019-12-08T09:58:40.318+0000][1][safepoint    ] Total time for which application threads were stopped: 0.0000940 seconds, Stopping threads took: 0.0000267 seconds
[2019-12-08T09:58:42.318+0000][1][safepoint    ] Application time: 2.0001505 seconds
[2019-12-08T09:58:42.318+0000][1][safepoint    ] Entering safepoint region: Cleanup
[2019-12-08T09:58:42.318+0000][1][safepoint    ] Leaving safepoint region
[2019-12-08T09:58:42.318+0000][1][safepoint    ] Total time for which application threads were stopped: 0.0000837 seconds, Stopping threads took: 0.0000196 seconds
[2019-12-08T09:58:44.318+0000][1][safepoint    ] Application time: 2.0001522 seconds
[2019-12-08T09:58:44.318+0000][1][safepoint    ] Entering safepoint region: Cleanup
[2019-12-08T09:58:44.319+0000][1][safepoint    ] Leaving safepoint region
[2019-12-08T09:58:44.319+0000][1][safepoint    ] Total time for which application threads were stopped: 0.0000846 seconds, Stopping threads took: 0.0000181 seconds
[2019-12-08T09:58:46.319+0000][1][safepoint    ] Application time: 2.0001526 seconds
[2019-12-08T09:58:46.319+0000][1][safepoint    ] Entering safepoint region: Cleanup
[2019-12-08T09:58:46.319+0000][1][safepoint    ] Leaving safepoint region
[2019-12-08T09:58:46.319+0000][1][safepoint    ] Total time for which application threads were stopped: 0.0000880 seconds, Stopping threads took: 0.0000181 seconds
[2019-12-08T09:58:47.319+0000][1][safepoint    ] Application time: 1.0000791 seconds
[2019-12-08T09:58:47.319+0000][1][safepoint    ] Entering safepoint region: Cleanup
[2019-12-08T09:58:47.319+0000][1][safepoint    ] Leaving safepoint region
[2019-12-08T09:58:47.319+0000][1][safepoint    ] Total time for which application threads were stopped: 0.0000867 seconds, Stopping threads took: 0.0000185 seconds
[2019-12-08T09:58:50.319+0000][1][safepoint    ] Application time: 3.0002148 seconds
[2019-12-08T09:58:50.319+0000][1][safepoint    ] Entering safepoint region: Cleanup
[2019-12-08T09:58:50.319+0000][1][safepoint    ] Leaving safepoint region
[2019-12-08T09:58:50.319+0000][1][safepoint    ] Total time for which application threads were stopped: 0.0000842 seconds, Stopping threads took: 0.0000172 seconds
[2019-12-08T09:58:52.320+0000][1][safepoint    ] Application time: 2.0001486 seconds
[2019-12-08T09:58:52.320+0000][1][safepoint    ] Entering safepoint region: Cleanup
[2019-12-08T09:58:52.320+0000][1][safepoint    ] Leaving safepoint region
[2019-12-08T09:58:52.320+0000][1][safepoint    ] Total time for which application threads were stopped: 0.0000806 seconds, Stopping threads took: 0.0000173 seconds
[2019-12-08T09:58:53.320+0000][1][safepoint    ] Application time: 1.0000821 seconds
[2019-12-08T09:58:53.320+0000][1][safepoint    ] Entering safepoint region: Cleanup
[2019-12-08T09:58:53.320+0000][1][safepoint    ] Leaving safepoint region
[2019-12-08T09:58:53.320+0000][1][safepoint    ] Total time for which application threads were stopped: 0.0000998 seconds, Stopping threads took: 0.0000199 seconds
[2019-12-08T09:58:57.320+0000][1][safepoint    ] Application time: 4.0003089 seconds
[2019-12-08T09:58:57.320+0000][1][safepoint    ] Entering safepoint region: Cleanup
[2019-12-08T09:58:57.320+0000][1][safepoint    ] Leaving safepoint region
[2019-12-08T09:58:57.320+0000][1][safepoint    ] Total time for which application threads were stopped: 0.0000877 seconds, Stopping threads took: 0.0000192 seconds
[2019-12-08T09:59:01.321+0000][1][safepoint    ] Application time: 4.0002980 seconds
[2019-12-08T09:59:01.321+0000][1][safepoint    ] Entering safepoint region: Cleanup
[2019-12-08T09:59:01.321+0000][1][safepoint    ] Leaving safepoint region
[2019-12-08T09:59:01.321+0000][1][safepoint    ] Total time for which application threads were stopped: 0.0000999 seconds, Stopping threads took: 0.0000185 seconds
[2019-12-08T09:59:02.322+0000][1][safepoint    ] Application time: 1.0009557 seconds
[2019-12-08T09:59:02.322+0000][1][safepoint    ] Entering safepoint region: Cleanup
[2019-12-08T09:59:02.322+0000][1][safepoint    ] Leaving safepoint region
[2019-12-08T09:59:02.322+0000][1][safepoint    ] Total time for which application threads were stopped: 0.0000839 seconds, Stopping threads took: 0.0000189 seconds
[2019-12-08T09:59:11.323+0000][1][safepoint    ] Application time: 9.0006592 seconds
[2019-12-08T09:59:11.323+0000][1][safepoint    ] Entering safepoint region: Cleanup
[2019-12-08T09:59:11.323+0000][1][safepoint    ] Leaving safepoint region
[2019-12-08T09:59:11.323+0000][1][safepoint    ] Total time for which application threads were stopped: 0.0000852 seconds, Stopping threads took: 0.0000193 seconds
[2019-12-08T09:59:13.323+0000][1][safepoint    ] Application time: 2.0001537 seconds
[2019-12-08T09:59:13.323+0000][1][safepoint    ] Entering safepoint region: Cleanup
[2019-12-08T09:59:13.323+0000][1][safepoint    ] Leaving safepoint region
[2019-12-08T09:59:13.323+0000][1][safepoint    ] Total time for which application threads were stopped: 0.0000837 seconds, Stopping threads took: 0.0000186 seconds
[2019-12-08T09:59:15.323+0000][1][safepoint    ] Application time: 2.0001564 seconds
[2019-12-08T09:59:15.323+0000][1][safepoint    ] Entering safepoint region: Cleanup
[2019-12-08T09:59:15.323+0000][1][safepoint    ] Leaving safepoint region
[2019-12-08T09:59:15.323+0000][1][safepoint    ] Total time for which application threads were stopped: 0.0000805 seconds, Stopping threads took: 0.0000185 seconds
[2019-12-08T09:59:16.323+0000][1][safepoint    ] Application time: 1.0000797 seconds
[2019-12-08T09:59:16.323+0000][1][safepoint    ] Entering safepoint region: Cleanup
[2019-12-08T09:59:16.323+0000][1][safepoint    ] Leaving safepoint region
[2019-12-08T09:59:16.323+0000][1][safepoint    ] Total time for which application threads were stopped: 0.0000772 seconds, Stopping threads took: 0.0000178 seconds
[2019-12-08T09:59:17.323+0000][1][safepoint    ] Application time: 1.0000809 seconds
[2019-12-08T09:59:17.324+0000][1][safepoint    ] Entering safepoint region: Cleanup
[2019-12-08T09:59:17.324+0000][1][safepoint    ] Leaving safepoint region
[2019-12-08T09:59:17.324+0000][1][safepoint    ] Total time for which application threads were stopped: 0.0000781 seconds, Stopping threads took: 0.0000176 seconds
[2019-12-08T09:59:18.324+0000][1][safepoint    ] Application time: 1.0000810 seconds
[2019-12-08T09:59:18.324+0000][1][safepoint    ] Entering safepoint region: Cleanup
[2019-12-08T09:59:18.324+0000][1][safepoint    ] Leaving safepoint region
[2019-12-08T09:59:18.324+0000][1][safepoint    ] Total time for which application threads were stopped: 0.0000802 seconds, Stopping threads took: 0.0000191 seconds
[2019-12-08T09:59:19.324+0000][1][safepoint    ] Application time: 1.0000788 seconds
[2019-12-08T09:59:19.324+0000][1][safepoint    ] Entering safepoint region: Cleanup
[2019-12-08T09:59:19.324+0000][1][safepoint    ] Leaving safepoint region
[2019-12-08T09:59:19.324+0000][1][safepoint    ] Total time for which application threads were stopped: 0.0000849 seconds, Stopping threads took: 0.0000185 seconds
[2019-12-08T09:59:20.324+0000][1][safepoint    ] Application time: 1.0000753 seconds
[2019-12-08T09:59:20.324+0000][1][safepoint    ] Entering safepoint region: Cleanup
[2019-12-08T09:59:20.324+0000][1][safepoint    ] Leaving safepoint region
[2019-12-08T09:59:20.324+0000][1][safepoint    ] Total time for which application threads were stopped: 0.0000796 seconds, Stopping threads took: 0.0000169 seconds
[2019-12-08T09:59:21.324+0000][1][safepoint    ] Application time: 1.0000768 seconds
[2019-12-08T09:59:21.324+0000][1][safepoint    ] Entering safepoint region: Cleanup
[2019-12-08T09:59:21.324+0000][1][safepoint    ] Leaving safepoint region
[2019-12-08T09:59:21.324+0000][1][safepoint    ] Total time for which application threads were stopped: 0.0000807 seconds, Stopping threads took: 0.0000201 seconds
[2019-12-08T09:59:22.324+0000][1][safepoint    ] Application time: 1.0000817 seconds
[2019-12-08T09:59:22.325+0000][1][safepoint    ] Entering safepoint region: Cleanup
[2019-12-08T09:59:22.325+0000][1][safepoint    ] Leaving safepoint region
[2019-12-08T09:59:22.325+0000][1][safepoint    ] Total time for which application threads were stopped: 0.0000777 seconds, Stopping threads took: 0.0000177 seconds
[2019-12-08T09:59:23.325+0000][1][safepoint    ] Application time: 1.0000945 seconds
[2019-12-08T09:59:23.325+0000][1][safepoint    ] Entering safepoint region: Cleanup
[2019-12-08T09:59:23.325+0000][1][safepoint    ] Leaving safepoint region
[2019-12-08T09:59:23.325+0000][1][safepoint    ] Total time for which application threads were stopped: 0.0001138 seconds, Stopping threads took: 0.0000265 seconds
[2019-12-08T09:59:24.325+0000][1][safepoint    ] Application time: 1.0000864 seconds
[2019-12-08T09:59:24.325+0000][1][safepoint    ] Entering safepoint region: Cleanup
[2019-12-08T09:59:24.325+0000][1][safepoint    ] Leaving safepoint region
[2019-12-08T09:59:24.325+0000][1][safepoint    ] Total time for which application threads were stopped: 0.0000781 seconds, Stopping threads took: 0.0000180 seconds
[2019-12-08T09:59:25.325+0000][1][safepoint    ] Application time: 1.0000851 seconds
[2019-12-08T09:59:25.325+0000][1][safepoint    ] Entering safepoint region: Cleanup
[2019-12-08T09:59:25.325+0000][1][safepoint    ] Leaving safepoint region
[2019-12-08T09:59:25.325+0000][1][safepoint    ] Total time for which application threads were stopped: 0.0000776 seconds, Stopping threads took: 0.0000172 seconds
[2019-12-08T09:59:26.325+0000][1][safepoint    ] Application time: 1.0001034 seconds
[2019-12-08T09:59:26.325+0000][1][safepoint    ] Entering safepoint region: Cleanup
[2019-12-08T09:59:26.326+0000][1][safepoint    ] Leaving safepoint region
[2019-12-08T09:59:26.326+0000][1][safepoint    ] Total time for which application threads were stopped: 0.0000928 seconds, Stopping threads took: 0.0000286 seconds
[2019-12-08T09:59:27.326+0000][1][safepoint    ] Application time: 1.0000863 seconds
[2019-12-08T09:59:27.326+0000][1][safepoint    ] Entering safepoint region: Cleanup
[2019-12-08T09:59:27.326+0000][1][safepoint    ] Leaving safepoint region
[2019-12-08T09:59:27.326+0000][1][safepoint    ] Total time for which application threads were stopped: 0.0000919 seconds, Stopping threads took: 0.0000175 seconds
[2019-12-08T09:59:28.326+0000][1][safepoint    ] Application time: 1.0000803 seconds
[2019-12-08T09:59:28.326+0000][1][safepoint    ] Entering safepoint region: Cleanup
[2019-12-08T09:59:28.326+0000][1][safepoint    ] Leaving safepoint region
[2019-12-08T09:59:28.326+0000][1][safepoint    ] Total time for which application threads were stopped: 0.0000839 seconds, Stopping threads took: 0.0000188 seconds
[2019-12-08T09:59:29.326+0000][1][safepoint    ] Application time: 1.0000804 seconds
[2019-12-08T09:59:29.326+0000][1][safepoint    ] Entering safepoint region: Cleanup
[2019-12-08T09:59:29.326+0000][1][safepoint    ] Leaving safepoint region
[2019-12-08T09:59:29.326+0000][1][safepoint    ] Total time for which application threads were stopped: 0.0000795 seconds, Stopping threads took: 0.0000180 seconds
[2019-12-08T09:59:30.326+0000][1][safepoint    ] Application time: 1.0000776 seconds
[2019-12-08T09:59:30.326+0000][1][safepoint    ] Entering safepoint region: Cleanup
[2019-12-08T09:59:30.326+0000][1][safepoint    ] Leaving safepoint region
[2019-12-08T09:59:30.326+0000][1][safepoint    ] Total time for which application threads were stopped: 0.0000774 seconds, Stopping threads took: 0.0000190 seconds
[2019-12-08T09:59:31.326+0000][1][safepoint    ] Application time: 1.0000774 seconds
[2019-12-08T09:59:31.326+0000][1][safepoint    ] Entering safepoint region: Cleanup
[2019-12-08T09:59:31.327+0000][1][safepoint    ] Leaving safepoint region
[2019-12-08T09:59:31.327+0000][1][safepoint    ] Total time for which application threads were stopped: 0.0000781 seconds, Stopping threads took: 0.0000189 seconds
[2019-12-08T09:59:32.327+0000][1][safepoint    ] Application time: 1.0000797 seconds
[2019-12-08T09:59:32.327+0000][1][safepoint    ] Entering safepoint region: Cleanup
[2019-12-08T09:59:32.327+0000][1][safepoint    ] Leaving safepoint region
[2019-12-08T09:59:32.327+0000][1][safepoint    ] Total time for which application threads were stopped: 0.0000909 seconds, Stopping threads took: 0.0000211 seconds
[2019-12-08T09:59:33.327+0000][1][safepoint    ] Application time: 1.0000786 seconds
[2019-12-08T09:59:33.327+0000][1][safepoint    ] Entering safepoint region: Cleanup
[2019-12-08T09:59:33.327+0000][1][safepoint    ] Leaving safepoint region
[2019-12-08T09:59:33.327+0000][1][safepoint    ] Total time for which application threads were stopped: 0.0000771 seconds, Stopping threads took: 0.0000182 seconds
[2019-12-08T09:59:34.327+0000][1][safepoint    ] Application time: 1.0000856 seconds
[2019-12-08T09:59:34.327+0000][1][safepoint    ] Entering safepoint region: Cleanup
[2019-12-08T09:59:34.327+0000][1][safepoint    ] Leaving safepoint region
[2019-12-08T09:59:34.327+0000][1][safepoint    ] Total time for which application threads were stopped: 0.0000770 seconds, Stopping threads took: 0.0000177 seconds
[2019-12-08T09:59:35.327+0000][1][safepoint    ] Application time: 1.0000791 seconds
[2019-12-08T09:59:35.327+0000][1][safepoint    ] Entering safepoint region: Cleanup
[2019-12-08T09:59:35.327+0000][1][safepoint    ] Leaving safepoint region
[2019-12-08T09:59:35.327+0000][1][safepoint    ] Total time for which application threads were stopped: 0.0000849 seconds, Stopping threads took: 0.0000249 seconds
[2019-12-08T09:59:36.327+0000][1][safepoint    ] Application time: 1.0000863 seconds
[2019-12-08T09:59:36.327+0000][1][safepoint    ] Entering safepoint region: Cleanup
[2019-12-08T09:59:36.328+0000][1][safepoint    ] Leaving safepoint region
[2019-12-08T09:59:36.328+0000][1][safepoint    ] Total time for which application threads were stopped: 0.0000784 seconds, Stopping threads took: 0.0000179 seconds
[2019-12-08T09:59:37.328+0000][1][safepoint    ] Application time: 1.0000768 seconds
[2019-12-08T09:59:37.328+0000][1][safepoint    ] Entering safepoint region: Cleanup
[2019-12-08T09:59:37.328+0000][1][safepoint    ] Leaving safepoint region
[2019-12-08T09:59:37.328+0000][1][safepoint    ] Total time for which application threads were stopped: 0.0000921 seconds, Stopping threads took: 0.0000324 seconds
[2019-12-08T09:59:38.328+0000][1][safepoint    ] Application time: 1.0000860 seconds
[2019-12-08T09:59:38.328+0000][1][safepoint    ] Entering safepoint region: Cleanup
[2019-12-08T09:59:38.328+0000][1][safepoint    ] Leaving safepoint region
[2019-12-08T09:59:38.328+0000][1][safepoint    ] Total time for which application threads were stopped: 0.0001061 seconds, Stopping threads took: 0.0000247 seconds
[2019-12-08T09:59:39.407+0000][1][safepoint    ] Application time: 1.0789652 seconds
[2019-12-08T09:59:39.407+0000][1][safepoint    ] Entering safepoint region: Cleanup
[2019-12-08T09:59:39.407+0000][1][safepoint    ] Leaving safepoint region
[2019-12-08T09:59:39.407+0000][1][safepoint    ] Total time for which application threads were stopped: 0.0001218 seconds, Stopping threads took: 0.0000158 seconds
[2019-12-08T09:59:40.407+0000][1][safepoint    ] Application time: 1.0002196 seconds
[2019-12-08T09:59:40.407+0000][1][safepoint    ] Entering safepoint region: Cleanup
[2019-12-08T09:59:40.408+0000][1][safepoint    ] Leaving safepoint region
[2019-12-08T09:59:40.408+0000][1][safepoint    ] Total time for which application threads were stopped: 0.0001310 seconds, Stopping threads took: 0.0000609 seconds
[2019-12-08T09:59:41.408+0000][1][safepoint    ] Application time: 1.0000947 seconds
[2019-12-08T09:59:41.408+0000][1][safepoint    ] Entering safepoint region: Cleanup
[2019-12-08T09:59:41.408+0000][1][safepoint    ] Leaving safepoint region
[2019-12-08T09:59:41.408+0000][1][safepoint    ] Total time for which application threads were stopped: 0.0001312 seconds, Stopping threads took: 0.0000650 seconds
[2019-12-08T09:59:42.408+0000][1][safepoint    ] Application time: 1.0000864 seconds
[2019-12-08T09:59:42.408+0000][1][safepoint    ] Entering safepoint region: Cleanup
[2019-12-08T09:59:42.408+0000][1][safepoint    ] Leaving safepoint region
[2019-12-08T09:59:42.408+0000][1][safepoint    ] Total time for which application threads were stopped: 0.0000731 seconds, Stopping threads took: 0.0000159 seconds
[2019-12-08T09:59:43.408+0000][1][safepoint    ] Application time: 1.0000828 seconds
[2019-12-08T09:59:43.408+0000][1][safepoint    ] Entering safepoint region: Cleanup
[2019-12-08T09:59:43.408+0000][1][safepoint    ] Leaving safepoint region
[2019-12-08T09:59:43.408+0000][1][safepoint    ] Total time for which application threads were stopped: 0.0000753 seconds, Stopping threads took: 0.0000168 seconds
[2019-12-08T09:59:44.408+0000][1][safepoint    ] Application time: 1.0000791 seconds
[2019-12-08T09:59:44.408+0000][1][safepoint    ] Entering safepoint region: Cleanup
[2019-12-08T09:59:44.408+0000][1][safepoint    ] Leaving safepoint region
[2019-12-08T09:59:44.408+0000][1][safepoint    ] Total time for which application threads were stopped: 0.0000810 seconds, Stopping threads took: 0.0000237 seconds
[2019-12-08T09:59:45.408+0000][1][safepoint    ] Application time: 1.0000760 seconds
[2019-12-08T09:59:45.408+0000][1][safepoint    ] Entering safepoint region: Cleanup
[2019-12-08T09:59:45.409+0000][1][safepoint    ] Leaving safepoint region
[2019-12-08T09:59:45.409+0000][1][safepoint    ] Total time for which application threads were stopped: 0.0000762 seconds, Stopping threads took: 0.0000164 seconds
[2019-12-08T09:59:46.409+0000][1][safepoint    ] Application time: 1.0000783 seconds
[2019-12-08T09:59:46.409+0000][1][safepoint    ] Entering safepoint region: Cleanup
[2019-12-08T09:59:46.409+0000][1][safepoint    ] Leaving safepoint region
[2019-12-08T09:59:46.409+0000][1][safepoint    ] Total time for which application threads were stopped: 0.0000839 seconds, Stopping threads took: 0.0000153 seconds
[2019-12-08T09:59:47.409+0000][1][safepoint    ] Application time: 1.0000801 seconds
[2019-12-08T09:59:47.409+0000][1][safepoint    ] Entering safepoint region: Cleanup
[2019-12-08T09:59:47.409+0000][1][safepoint    ] Leaving safepoint region
[2019-12-08T09:59:47.409+0000][1][safepoint    ] Total time for which application threads were stopped: 0.0000771 seconds, Stopping threads took: 0.0000195 seconds
[2019-12-08T09:59:48.409+0000][1][safepoint    ] Application time: 1.0000794 seconds
[2019-12-08T09:59:48.409+0000][1][safepoint    ] Entering safepoint region: Cleanup
[2019-12-08T09:59:48.409+0000][1][safepoint    ] Leaving safepoint region
[2019-12-08T09:59:48.409+0000][1][safepoint    ] Total time for which application threads were stopped: 0.0000745 seconds, Stopping threads took: 0.0000159 seconds
[2019-12-08T09:59:49.409+0000][1][safepoint    ] Application time: 1.0000820 seconds
[2019-12-08T09:59:49.409+0000][1][safepoint    ] Entering safepoint region: Cleanup
[2019-12-08T09:59:49.409+0000][1][safepoint    ] Leaving safepoint region
[2019-12-08T09:59:49.409+0000][1][safepoint    ] Total time for which application threads were stopped: 0.0000748 seconds, Stopping threads took: 0.0000156 seconds
[2019-12-08T09:59:50.409+0000][1][safepoint    ] Application time: 1.0000772 seconds
[2019-12-08T09:59:50.409+0000][1][safepoint    ] Entering safepoint region: Cleanup
[2019-12-08T09:59:50.410+0000][1][safepoint    ] Leaving safepoint region
[2019-12-08T09:59:50.410+0000][1][safepoint    ] Total time for which application threads were stopped: 0.0000757 seconds, Stopping threads took: 0.0000163 seconds
[2019-12-08T09:59:51.410+0000][1][safepoint    ] Application time: 1.0000789 seconds
[2019-12-08T09:59:51.410+0000][1][safepoint    ] Entering safepoint region: Cleanup
[2019-12-08T09:59:51.410+0000][1][safepoint    ] Leaving safepoint region
[2019-12-08T09:59:51.410+0000][1][safepoint    ] Total time for which application threads were stopped: 0.0000857 seconds, Stopping threads took: 0.0000150 seconds
[2019-12-08T09:59:52.410+0000][1][safepoint    ] Application time: 1.0000791 seconds
[2019-12-08T09:59:52.410+0000][1][safepoint    ] Entering safepoint region: Cleanup
[2019-12-08T09:59:52.410+0000][1][safepoint    ] Leaving safepoint region
[2019-12-08T09:59:52.410+0000][1][safepoint    ] Total time for which application threads were stopped: 0.0001027 seconds, Stopping threads took: 0.0000168 seconds
[2019-12-08T09:59:53.410+0000][1][safepoint    ] Application time: 1.0000820 seconds
[2019-12-08T09:59:53.410+0000][1][safepoint    ] Entering safepoint region: Cleanup
[2019-12-08T09:59:53.410+0000][1][safepoint    ] Leaving safepoint region
[2019-12-08T09:59:53.410+0000][1][safepoint    ] Total time for which application threads were stopped: 0.0000790 seconds, Stopping threads took: 0.0000173 seconds
[2019-12-08T09:59:54.410+0000][1][safepoint    ] Application time: 1.0000811 seconds
[2019-12-08T09:59:54.410+0000][1][safepoint    ] Entering safepoint region: Cleanup
[2019-12-08T09:59:54.410+0000][1][safepoint    ] Leaving safepoint region
[2019-12-08T09:59:54.410+0000][1][safepoint    ] Total time for which application threads were stopped: 0.0000780 seconds, Stopping threads took: 0.0000166 seconds
[2019-12-08T09:59:55.410+0000][1][safepoint    ] Application time: 1.0000856 seconds
[2019-12-08T09:59:55.410+0000][1][safepoint    ] Entering safepoint region: Cleanup
[2019-12-08T09:59:55.411+0000][1][safepoint    ] Leaving safepoint region
[2019-12-08T09:59:55.411+0000][1][safepoint    ] Total time for which application threads were stopped: 0.0000762 seconds, Stopping threads took: 0.0000177 seconds
[2019-12-08T09:59:56.411+0000][1][safepoint    ] Application time: 1.0000879 seconds
[2019-12-08T09:59:56.411+0000][1][safepoint    ] Entering safepoint region: Cleanup
[2019-12-08T09:59:56.411+0000][1][safepoint    ] Leaving safepoint region
[2019-12-08T09:59:56.411+0000][1][safepoint    ] Total time for which application threads were stopped: 0.0001139 seconds, Stopping threads took: 0.0000546 seconds
[2019-12-08T09:59:57.411+0000][1][safepoint    ] Application time: 1.0000911 seconds
[2019-12-08T09:59:57.411+0000][1][safepoint    ] Entering safepoint region: Cleanup
[2019-12-08T09:59:57.411+0000][1][safepoint    ] Leaving safepoint region
[2019-12-08T09:59:57.411+0000][1][safepoint    ] Total time for which application threads were stopped: 0.0001146 seconds, Stopping threads took: 0.0000505 seconds
[2019-12-08T09:59:58.411+0000][1][safepoint    ] Application time: 1.0000942 seconds
[2019-12-08T09:59:58.411+0000][1][safepoint    ] Entering safepoint region: Cleanup
[2019-12-08T09:59:58.411+0000][1][safepoint    ] Leaving safepoint region
[2019-12-08T09:59:58.411+0000][1][safepoint    ] Total time for which application threads were stopped: 0.0000828 seconds, Stopping threads took: 0.0000192 seconds
[2019-12-08T09:59:59.411+0000][1][safepoint    ] Application time: 1.0000854 seconds
[2019-12-08T09:59:59.411+0000][1][safepoint    ] Entering safepoint region: Cleanup
[2019-12-08T09:59:59.411+0000][1][safepoint    ] Leaving safepoint region
[2019-12-08T09:59:59.412+0000][1][safepoint    ] Total time for which application threads were stopped: 0.0000801 seconds, Stopping threads took: 0.0000183 seconds
[2019-12-08T10:00:00.412+0000][1][safepoint    ] Application time: 1.0000795 seconds
[2019-12-08T10:00:00.412+0000][1][safepoint    ] Entering safepoint region: Cleanup
[2019-12-08T10:00:00.412+0000][1][safepoint    ] Leaving safepoint region
[2019-12-08T10:00:00.412+0000][1][safepoint    ] Total time for which application threads were stopped: 0.0000860 seconds, Stopping threads took: 0.0000184 seconds
[2019-12-08T10:00:01.412+0000][1][safepoint    ] Application time: 1.0000802 seconds
[2019-12-08T10:00:01.412+0000][1][safepoint    ] Entering safepoint region: Cleanup
[2019-12-08T10:00:01.412+0000][1][safepoint    ] Leaving safepoint region
[2019-12-08T10:00:01.412+0000][1][safepoint    ] Total time for which application threads were stopped: 0.0000790 seconds, Stopping threads took: 0.0000181 seconds
[2019-12-08T10:00:02.412+0000][1][safepoint    ] Application time: 1.0000823 seconds
[2019-12-08T10:00:02.412+0000][1][safepoint    ] Entering safepoint region: Cleanup
[2019-12-08T10:00:02.412+0000][1][safepoint    ] Leaving safepoint region
[2019-12-08T10:00:02.412+0000][1][safepoint    ] Total time for which application threads were stopped: 0.0000780 seconds, Stopping threads took: 0.0000185 seconds
[2019-12-08T10:00:03.412+0000][1][safepoint    ] Application time: 1.0000856 seconds
[2019-12-08T10:00:03.412+0000][1][safepoint    ] Entering safepoint region: Cleanup
[2019-12-08T10:00:03.412+0000][1][safepoint    ] Leaving safepoint region
[2019-12-08T10:00:03.412+0000][1][safepoint    ] Total time for which application threads were stopped: 0.0000796 seconds, Stopping threads took: 0.0000187 seconds
[2019-12-08T10:00:04.412+0000][1][safepoint    ] Application time: 1.0000805 seconds
[2019-12-08T10:00:04.412+0000][1][safepoint    ] Entering safepoint region: Cleanup
[2019-12-08T10:00:04.413+0000][1][safepoint    ] Leaving safepoint region
[2019-12-08T10:00:04.413+0000][1][safepoint    ] Total time for which application threads were stopped: 0.0000798 seconds, Stopping threads took: 0.0000182 seconds
[2019-12-08T10:00:05.413+0000][1][safepoint    ] Application time: 1.0000794 seconds
[2019-12-08T10:00:05.413+0000][1][safepoint    ] Entering safepoint region: Cleanup
[2019-12-08T10:00:05.413+0000][1][safepoint    ] Leaving safepoint region
[2019-12-08T10:00:05.413+0000][1][safepoint    ] Total time for which application threads were stopped: 0.0000968 seconds, Stopping threads took: 0.0000180 seconds
[2019-12-08T10:00:06.413+0000][1][safepoint    ] Application time: 1.0000767 seconds
[2019-12-08T10:00:06.413+0000][1][safepoint    ] Entering safepoint region: Cleanup
[2019-12-08T10:00:06.413+0000][1][safepoint    ] Leaving safepoint region
[2019-12-08T10:00:06.413+0000][1][safepoint    ] Total time for which application threads were stopped: 0.0000872 seconds, Stopping threads took: 0.0000182 seconds
[2019-12-08T10:00:07.413+0000][1][safepoint    ] Application time: 1.0000766 seconds
[2019-12-08T10:00:07.413+0000][1][safepoint    ] Entering safepoint region: Cleanup
[2019-12-08T10:00:07.413+0000][1][safepoint    ] Leaving safepoint region
[2019-12-08T10:00:07.413+0000][1][safepoint    ] Total time for which application threads were stopped: 0.0000771 seconds, Stopping threads took: 0.0000177 seconds
[2019-12-08T10:00:08.413+0000][1][safepoint    ] Application time: 1.0000635 seconds
[2019-12-08T10:00:08.413+0000][1][safepoint    ] Entering safepoint region: Cleanup
[2019-12-08T10:00:08.413+0000][1][safepoint    ] Leaving safepoint region
[2019-12-08T10:00:08.413+0000][1][safepoint    ] Total time for which application threads were stopped: 0.0000825 seconds, Stopping threads took: 0.0000172 seconds
[2019-12-08T10:00:09.413+0000][1][safepoint    ] Application time: 1.0000755 seconds
[2019-12-08T10:00:09.413+0000][1][safepoint    ] Entering safepoint region: Cleanup
[2019-12-08T10:00:09.414+0000][1][safepoint    ] Leaving safepoint region
[2019-12-08T10:00:09.414+0000][1][safepoint    ] Total time for which application threads were stopped: 0.0000773 seconds, Stopping threads took: 0.0000177 seconds
[2019-12-08T10:00:10.414+0000][1][safepoint    ] Application time: 1.0000771 seconds
[2019-12-08T10:00:10.414+0000][1][safepoint    ] Entering safepoint region: Cleanup
[2019-12-08T10:00:10.414+0000][1][safepoint    ] Leaving safepoint region
[2019-12-08T10:00:10.414+0000][1][safepoint    ] Total time for which application threads were stopped: 0.0000839 seconds, Stopping threads took: 0.0000162 seconds
[2019-12-08T10:00:11.414+0000][1][safepoint    ] Application time: 1.0000783 seconds
[2019-12-08T10:00:11.414+0000][1][safepoint    ] Entering safepoint region: Cleanup
[2019-12-08T10:00:11.414+0000][1][safepoint    ] Leaving safepoint region
[2019-12-08T10:00:11.414+0000][1][safepoint    ] Total time for which application threads were stopped: 0.0000786 seconds, Stopping threads took: 0.0000163 seconds
[2019-12-08T10:00:12.414+0000][1][safepoint    ] Application time: 1.0000774 seconds
[2019-12-08T10:00:12.414+0000][1][safepoint    ] Entering safepoint region: Cleanup
[2019-12-08T10:00:12.414+0000][1][safepoint    ] Leaving safepoint region
[2019-12-08T10:00:12.414+0000][1][safepoint    ] Total time for which application threads were stopped: 0.0000867 seconds, Stopping threads took: 0.0000266 seconds
[2019-12-08T10:00:13.414+0000][1][safepoint    ] Application time: 1.0000770 seconds
[2019-12-08T10:00:13.414+0000][1][safepoint    ] Entering safepoint region: Cleanup
[2019-12-08T10:00:13.414+0000][1][safepoint    ] Leaving safepoint region
[2019-12-08T10:00:13.414+0000][1][safepoint    ] Total time for which application threads were stopped: 0.0000787 seconds, Stopping threads took: 0.0000182 seconds
[2019-12-08T10:00:14.414+0000][1][safepoint    ] Application time: 1.0000788 seconds
[2019-12-08T10:00:14.414+0000][1][safepoint    ] Entering safepoint region: Cleanup
[2019-12-08T10:00:14.415+0000][1][safepoint    ] Leaving safepoint region
[2019-12-08T10:00:14.415+0000][1][safepoint    ] Total time for which application threads were stopped: 0.0000810 seconds, Stopping threads took: 0.0000191 seconds
[2019-12-08T10:00:15.415+0000][1][safepoint    ] Application time: 1.0000778 seconds
[2019-12-08T10:00:15.415+0000][1][safepoint    ] Entering safepoint region: Cleanup
[2019-12-08T10:00:15.415+0000][1][safepoint    ] Leaving safepoint region
[2019-12-08T10:00:15.415+0000][1][safepoint    ] Total time for which application threads were stopped: 0.0000830 seconds, Stopping threads took: 0.0000162 seconds
[2019-12-08T10:00:16.415+0000][1][safepoint    ] Application time: 1.0000778 seconds
[2019-12-08T10:00:16.415+0000][1][safepoint    ] Entering safepoint region: Cleanup
[2019-12-08T10:00:16.415+0000][1][safepoint    ] Leaving safepoint region
[2019-12-08T10:00:16.415+0000][1][safepoint    ] Total time for which application threads were stopped: 0.0000742 seconds, Stopping threads took: 0.0000162 seconds
[2019-12-08T10:00:17.415+0000][1][safepoint    ] Application time: 1.0000772 seconds
[2019-12-08T10:00:17.415+0000][1][safepoint    ] Entering safepoint region: Cleanup
[2019-12-08T10:00:17.415+0000][1][safepoint    ] Leaving safepoint region
[2019-12-08T10:00:17.415+0000][1][safepoint    ] Total time for which application threads were stopped: 0.0000755 seconds, Stopping threads took: 0.0000179 seconds
[2019-12-08T10:00:18.415+0000][1][safepoint    ] Application time: 1.0000784 seconds
[2019-12-08T10:00:18.415+0000][1][safepoint    ] Entering safepoint region: Cleanup
[2019-12-08T10:00:18.415+0000][1][safepoint    ] Leaving safepoint region
[2019-12-08T10:00:18.415+0000][1][safepoint    ] Total time for which application threads were stopped: 0.0000742 seconds, Stopping threads took: 0.0000172 seconds
[2019-12-08T10:00:19.415+0000][1][safepoint    ] Application time: 1.0000792 seconds
[2019-12-08T10:00:19.415+0000][1][safepoint    ] Entering safepoint region: Cleanup
[2019-12-08T10:00:19.416+0000][1][safepoint    ] Leaving safepoint region
[2019-12-08T10:00:19.416+0000][1][safepoint    ] Total time for which application threads were stopped: 0.0000804 seconds, Stopping threads took: 0.0000177 seconds
[2019-12-08T10:00:20.416+0000][1][safepoint    ] Application time: 1.0000857 seconds
[2019-12-08T10:00:20.416+0000][1][safepoint    ] Entering safepoint region: Cleanup
[2019-12-08T10:00:20.416+0000][1][safepoint    ] Leaving safepoint region
[2019-12-08T10:00:20.416+0000][1][safepoint    ] Total time for which application threads were stopped: 0.0000957 seconds, Stopping threads took: 0.0000166 seconds
[2019-12-08T10:00:21.416+0000][1][safepoint    ] Application time: 1.0000830 seconds
[2019-12-08T10:00:21.416+0000][1][safepoint    ] Entering safepoint region: Cleanup
[2019-12-08T10:00:21.416+0000][1][safepoint    ] Leaving safepoint region
[2019-12-08T10:00:21.416+0000][1][safepoint    ] Total time for which application threads were stopped: 0.0001017 seconds, Stopping threads took: 0.0000241 seconds
[2019-12-08T10:00:22.416+0000][1][safepoint    ] Application time: 1.0000834 seconds
[2019-12-08T10:00:22.416+0000][1][safepoint    ] Entering safepoint region: Cleanup
[2019-12-08T10:00:22.416+0000][1][safepoint    ] Leaving safepoint region
[2019-12-08T10:00:22.416+0000][1][safepoint    ] Total time for which application threads were stopped: 0.0000840 seconds, Stopping threads took: 0.0000261 seconds
[2019-12-08T10:00:23.416+0000][1][safepoint    ] Application time: 1.0000824 seconds
[2019-12-08T10:00:23.416+0000][1][safepoint    ] Entering safepoint region: Cleanup
[2019-12-08T10:00:23.416+0000][1][safepoint    ] Leaving safepoint region
[2019-12-08T10:00:23.416+0000][1][safepoint    ] Total time for which application threads were stopped: 0.0000788 seconds, Stopping threads took: 0.0000177 seconds
[2019-12-08T10:00:24.416+0000][1][safepoint    ] Application time: 1.0000817 seconds
[2019-12-08T10:00:24.417+0000][1][safepoint    ] Entering safepoint region: Cleanup
[2019-12-08T10:00:24.417+0000][1][safepoint    ] Leaving safepoint region
[2019-12-08T10:00:24.417+0000][1][safepoint    ] Total time for which application threads were stopped: 0.0000759 seconds, Stopping threads took: 0.0000183 seconds
[2019-12-08T10:00:25.417+0000][1][safepoint    ] Application time: 1.0000823 seconds
[2019-12-08T10:00:25.417+0000][1][safepoint    ] Entering safepoint region: Cleanup
[2019-12-08T10:00:25.417+0000][1][safepoint    ] Leaving safepoint region
[2019-12-08T10:00:25.417+0000][1][safepoint    ] Total time for which application threads were stopped: 0.0000713 seconds, Stopping threads took: 0.0000165 seconds
[2019-12-08T10:00:26.417+0000][1][safepoint    ] Application time: 1.0000799 seconds
[2019-12-08T10:00:26.417+0000][1][safepoint    ] Entering safepoint region: Cleanup
[2019-12-08T10:00:26.417+0000][1][safepoint    ] Leaving safepoint region
[2019-12-08T10:00:26.417+0000][1][safepoint    ] Total time for which application threads were stopped: 0.0000851 seconds, Stopping threads took: 0.0000240 seconds
[2019-12-08T10:00:27.417+0000][1][safepoint    ] Application time: 1.0000797 seconds
[2019-12-08T10:00:27.417+0000][1][safepoint    ] Entering safepoint region: Cleanup
[2019-12-08T10:00:27.417+0000][1][safepoint    ] Leaving safepoint region
[2019-12-08T10:00:27.417+0000][1][safepoint    ] Total time for which application threads were stopped: 0.0000761 seconds, Stopping threads took: 0.0000172 seconds
[2019-12-08T10:00:28.417+0000][1][safepoint    ] Application time: 1.0000831 seconds
[2019-12-08T10:00:28.417+0000][1][safepoint    ] Entering safepoint region: Cleanup
[2019-12-08T10:00:28.417+0000][1][safepoint    ] Leaving safepoint region
[2019-12-08T10:00:28.417+0000][1][safepoint    ] Total time for which application threads were stopped: 0.0000757 seconds, Stopping threads took: 0.0000173 seconds
[2019-12-08T10:00:29.417+0000][1][safepoint    ] Application time: 1.0000889 seconds
[2019-12-08T10:00:29.418+0000][1][safepoint    ] Entering safepoint region: Cleanup
[2019-12-08T10:00:29.418+0000][1][safepoint    ] Leaving safepoint region
[2019-12-08T10:00:29.418+0000][1][safepoint    ] Total time for which application threads were stopped: 0.0000814 seconds, Stopping threads took: 0.0000194 seconds
[2019-12-08T10:00:30.418+0000][1][safepoint    ] Application time: 1.0000816 seconds
[2019-12-08T10:00:30.418+0000][1][safepoint    ] Entering safepoint region: Cleanup
[2019-12-08T10:00:30.418+0000][1][safepoint    ] Leaving safepoint region
[2019-12-08T10:00:30.418+0000][1][safepoint    ] Total time for which application threads were stopped: 0.0000739 seconds, Stopping threads took: 0.0000162 seconds
[2019-12-08T10:00:31.418+0000][1][safepoint    ] Application time: 1.0000782 seconds
[2019-12-08T10:00:31.418+0000][1][safepoint    ] Entering safepoint region: Cleanup
[2019-12-08T10:00:31.418+0000][1][safepoint    ] Leaving safepoint region
[2019-12-08T10:00:31.418+0000][1][safepoint    ] Total time for which application threads were stopped: 0.0000735 seconds, Stopping threads took: 0.0000180 seconds
[2019-12-08T10:00:32.418+0000][1][safepoint    ] Application time: 1.0000803 seconds
[2019-12-08T10:00:32.418+0000][1][safepoint    ] Entering safepoint region: Cleanup
[2019-12-08T10:00:32.418+0000][1][safepoint    ] Leaving safepoint region
[2019-12-08T10:00:32.418+0000][1][safepoint    ] Total time for which application threads were stopped: 0.0000821 seconds, Stopping threads took: 0.0000249 seconds
[2019-12-08T10:00:33.418+0000][1][safepoint    ] Application time: 1.0000818 seconds
[2019-12-08T10:00:33.418+0000][1][safepoint    ] Entering safepoint region: Cleanup
[2019-12-08T10:00:33.418+0000][1][safepoint    ] Leaving safepoint region
[2019-12-08T10:00:33.418+0000][1][safepoint    ] Total time for which application threads were stopped: 0.0000785 seconds, Stopping threads took: 0.0000182 seconds
[2019-12-08T10:00:34.419+0000][1][safepoint    ] Application time: 1.0000912 seconds
[2019-12-08T10:00:34.419+0000][1][safepoint    ] Entering safepoint region: Cleanup
[2019-12-08T10:00:34.419+0000][1][safepoint    ] Leaving safepoint region
[2019-12-08T10:00:34.419+0000][1][safepoint    ] Total time for which application threads were stopped: 0.0000776 seconds, Stopping threads took: 0.0000174 seconds
[2019-12-08T10:00:35.419+0000][1][safepoint    ] Application time: 1.0000803 seconds
[2019-12-08T10:00:35.419+0000][1][safepoint    ] Entering safepoint region: Cleanup
[2019-12-08T10:00:35.419+0000][1][safepoint    ] Leaving safepoint region
[2019-12-08T10:00:35.419+0000][1][safepoint    ] Total time for which application threads were stopped: 0.0000847 seconds, Stopping threads took: 0.0000207 seconds
[2019-12-08T10:00:36.419+0000][1][safepoint    ] Application time: 1.0000827 seconds
[2019-12-08T10:00:36.419+0000][1][safepoint    ] Entering safepoint region: Cleanup
[2019-12-08T10:00:36.419+0000][1][safepoint    ] Leaving safepoint region
[2019-12-08T10:00:36.419+0000][1][safepoint    ] Total time for which application threads were stopped: 0.0000758 seconds, Stopping threads took: 0.0000181 seconds
[2019-12-08T10:00:37.419+0000][1][safepoint    ] Application time: 1.0000822 seconds
[2019-12-08T10:00:37.419+0000][1][safepoint    ] Entering safepoint region: Cleanup
[2019-12-08T10:00:37.419+0000][1][safepoint    ] Leaving safepoint region
[2019-12-08T10:00:37.419+0000][1][safepoint    ] Total time for which application threads were stopped: 0.0000777 seconds, Stopping threads took: 0.0000179 seconds
[2019-12-08T10:00:38.419+0000][1][safepoint    ] Application time: 1.0000778 seconds
[2019-12-08T10:00:38.419+0000][1][safepoint    ] Entering safepoint region: Cleanup
[2019-12-08T10:00:38.419+0000][1][safepoint    ] Leaving safepoint region
[2019-12-08T10:00:38.419+0000][1][safepoint    ] Total time for which application threads were stopped: 0.0000773 seconds, Stopping threads took: 0.0000186 seconds
[2019-12-08T10:00:39.420+0000][1][safepoint    ] Application time: 1.0000897 seconds
[2019-12-08T10:00:39.420+0000][1][safepoint    ] Entering safepoint region: Cleanup
[2019-12-08T10:00:39.420+0000][1][safepoint    ] Leaving safepoint region
[2019-12-08T10:00:39.420+0000][1][safepoint    ] Total time for which application threads were stopped: 0.0000779 seconds, Stopping threads took: 0.0000182 seconds
[2019-12-08T10:00:40.420+0000][1][safepoint    ] Application time: 1.0000783 seconds
[2019-12-08T10:00:40.420+0000][1][safepoint    ] Entering safepoint region: Cleanup
[2019-12-08T10:00:40.420+0000][1][safepoint    ] Leaving safepoint region
[2019-12-08T10:00:40.420+0000][1][safepoint    ] Total time for which application threads were stopped: 0.0000684 seconds, Stopping threads took: 0.0000149 seconds
[2019-12-08T10:00:41.420+0000][1][safepoint    ] Application time: 1.0000869 seconds
[2019-12-08T10:00:41.420+0000][1][safepoint    ] Entering safepoint region: Cleanup
[2019-12-08T10:00:41.420+0000][1][safepoint    ] Leaving safepoint region
[2019-12-08T10:00:41.420+0000][1][safepoint    ] Total time for which application threads were stopped: 0.0000781 seconds, Stopping threads took: 0.0000186 seconds
[2019-12-08T10:00:42.420+0000][1][safepoint    ] Application time: 1.0000915 seconds
[2019-12-08T10:00:42.420+0000][1][safepoint    ] Entering safepoint region: Cleanup
[2019-12-08T10:00:42.420+0000][1][safepoint    ] Leaving safepoint region
[2019-12-08T10:00:42.420+0000][1][safepoint    ] Total time for which application threads were stopped: 0.0000867 seconds, Stopping threads took: 0.0000184 seconds
[2019-12-08T10:00:43.420+0000][1][safepoint    ] Application time: 1.0000871 seconds
[2019-12-08T10:00:43.420+0000][1][safepoint    ] Entering safepoint region: Cleanup
[2019-12-08T10:00:43.420+0000][1][safepoint    ] Leaving safepoint region
[2019-12-08T10:00:43.420+0000][1][safepoint    ] Total time for which application threads were stopped: 0.0000755 seconds, Stopping threads took: 0.0000171 seconds
[2019-12-08T10:00:44.421+0000][1][safepoint    ] Application time: 1.0000916 seconds
[2019-12-08T10:00:44.421+0000][1][safepoint    ] Entering safepoint region: Cleanup
[2019-12-08T10:00:44.421+0000][1][safepoint    ] Leaving safepoint region
[2019-12-08T10:00:44.421+0000][1][safepoint    ] Total time for which application threads were stopped: 0.0000955 seconds, Stopping threads took: 0.0000194 seconds
[2019-12-08T10:00:44.459+0000][1][safepoint    ] Application time: 0.0384220 seconds
[2019-12-08T10:00:44.459+0000][1][safepoint    ] Entering safepoint region: GenCollectForAllocation
[2019-12-08T10:00:44.459+0000][1][gc,start     ] GC(23) Pause Young (Allocation Failure)
[2019-12-08T10:00:44.459+0000][1][gc,task      ] GC(23) Using 4 workers of 4 for evacuation
[2019-12-08T10:00:44.464+0000][1][gc,age       ] GC(23) Desired survivor size 4456448 bytes, new threshold 6 (max threshold 6)
[2019-12-08T10:00:44.464+0000][1][gc,age       ] GC(23) Age table with threshold 6 (max threshold 6)
[2019-12-08T10:00:44.464+0000][1][gc,age       ] GC(23) - age   1:      10656 bytes,      10656 total
[2019-12-08T10:00:44.464+0000][1][gc,age       ] GC(23) - age   2:     618984 bytes,     629640 total
[2019-12-08T10:00:44.464+0000][1][gc,age       ] GC(23) - age   3:    2288272 bytes,    2917912 total
[2019-12-08T10:00:44.464+0000][1][gc,heap      ] GC(23) ParNew: 75052K->4191K(78656K)
[2019-12-08T10:00:44.464+0000][1][gc,heap      ] GC(23) CMS: 66826K->66826K(174784K)
[2019-12-08T10:00:44.464+0000][1][gc,metaspace ] GC(23) Metaspace: 68077K->68077K(1112064K)
[2019-12-08T10:00:44.464+0000][1][gc           ] GC(23) Pause Young (Allocation Failure) 138M->69M(247M) 4.541ms
[2019-12-08T10:00:44.464+0000][1][gc,cpu       ] GC(23) User=0.01s Sys=0.01s Real=0.01s
[2019-12-08T10:00:44.464+0000][1][safepoint    ] Leaving safepoint region
[2019-12-08T10:00:44.464+0000][1][safepoint    ] Total time for which application threads were stopped: 0.0046711 seconds, Stopping threads took: 0.0000139 seconds
[2019-12-08T10:00:45.464+0000][1][safepoint    ] Application time: 1.0000917 seconds
[2019-12-08T10:00:45.464+0000][1][safepoint    ] Entering safepoint region: Cleanup
[2019-12-08T10:00:45.464+0000][1][safepoint    ] Leaving safepoint region
[2019-12-08T10:00:45.464+0000][1][safepoint    ] Total time for which application threads were stopped: 0.0000672 seconds, Stopping threads took: 0.0000140 seconds
[2019-12-08T10:00:46.464+0000][1][safepoint    ] Application time: 1.0000785 seconds
[2019-12-08T10:00:46.464+0000][1][safepoint    ] Entering safepoint region: Cleanup
[2019-12-08T10:00:46.464+0000][1][safepoint    ] Leaving safepoint region
[2019-12-08T10:00:46.464+0000][1][safepoint    ] Total time for which application threads were stopped: 0.0000705 seconds, Stopping threads took: 0.0000152 seconds
[2019-12-08T10:00:47.464+0000][1][safepoint    ] Application time: 1.0000832 seconds
[2019-12-08T10:00:47.464+0000][1][safepoint    ] Entering safepoint region: Cleanup
[2019-12-08T10:00:47.464+0000][1][safepoint    ] Leaving safepoint region
[2019-12-08T10:00:47.464+0000][1][safepoint    ] Total time for which application threads were stopped: 0.0000727 seconds, Stopping threads took: 0.0000164 seconds
[2019-12-08T10:00:48.464+0000][1][safepoint    ] Application time: 1.0000793 seconds
[2019-12-08T10:00:48.465+0000][1][safepoint    ] Entering safepoint region: Cleanup
[2019-12-08T10:00:48.465+0000][1][safepoint    ] Leaving safepoint region
[2019-12-08T10:00:48.465+0000][1][safepoint    ] Total time for which application threads were stopped: 0.0000779 seconds, Stopping threads took: 0.0000163 seconds
[2019-12-08T10:00:49.465+0000][1][safepoint    ] Application time: 1.0000912 seconds
[2019-12-08T10:00:49.465+0000][1][safepoint    ] Entering safepoint region: Cleanup
[2019-12-08T10:00:49.465+0000][1][safepoint    ] Leaving safepoint region
[2019-12-08T10:00:49.465+0000][1][safepoint    ] Total time for which application threads were stopped: 0.0000705 seconds, Stopping threads took: 0.0000160 seconds
[2019-12-08T10:00:50.465+0000][1][safepoint    ] Application time: 1.0000821 seconds
[2019-12-08T10:00:50.465+0000][1][safepoint    ] Entering safepoint region: Cleanup
[2019-12-08T10:00:50.465+0000][1][safepoint    ] Leaving safepoint region
[2019-12-08T10:00:50.465+0000][1][safepoint    ] Total time for which application threads were stopped: 0.0000756 seconds, Stopping threads took: 0.0000162 seconds
[2019-12-08T10:00:51.465+0000][1][safepoint    ] Application time: 1.0000803 seconds
[2019-12-08T10:00:51.465+0000][1][safepoint    ] Entering safepoint region: Cleanup
[2019-12-08T10:00:51.465+0000][1][safepoint    ] Leaving safepoint region
[2019-12-08T10:00:51.465+0000][1][safepoint    ] Total time for which application threads were stopped: 0.0000724 seconds, Stopping threads took: 0.0000156 seconds
[2019-12-08T10:00:52.465+0000][1][safepoint    ] Application time: 1.0000831 seconds
[2019-12-08T10:00:52.465+0000][1][safepoint    ] Entering safepoint region: Cleanup
[2019-12-08T10:00:52.465+0000][1][safepoint    ] Leaving safepoint region
[2019-12-08T10:00:52.465+0000][1][safepoint    ] Total time for which application threads were stopped: 0.0001077 seconds, Stopping threads took: 0.0000476 seconds
[2019-12-08T10:00:53.465+0000][1][safepoint    ] Application time: 1.0000843 seconds
[2019-12-08T10:00:53.465+0000][1][safepoint    ] Entering safepoint region: Cleanup
[2019-12-08T10:00:53.466+0000][1][safepoint    ] Leaving safepoint region
[2019-12-08T10:00:53.466+0000][1][safepoint    ] Total time for which application threads were stopped: 0.0000720 seconds, Stopping threads took: 0.0000169 seconds
[2019-12-08T10:00:54.466+0000][1][safepoint    ] Application time: 1.0000774 seconds
[2019-12-08T10:00:54.466+0000][1][safepoint    ] Entering safepoint region: Cleanup
[2019-12-08T10:00:54.466+0000][1][safepoint    ] Leaving safepoint region
[2019-12-08T10:00:54.466+0000][1][safepoint    ] Total time for which application threads were stopped: 0.0000824 seconds, Stopping threads took: 0.0000266 seconds
[2019-12-08T10:00:55.466+0000][1][safepoint    ] Application time: 1.0000779 seconds
[2019-12-08T10:00:55.466+0000][1][safepoint    ] Entering safepoint region: Cleanup
[2019-12-08T10:00:55.466+0000][1][safepoint    ] Leaving safepoint region
[2019-12-08T10:00:55.466+0000][1][safepoint    ] Total time for which application threads were stopped: 0.0000753 seconds, Stopping threads took: 0.0000155 seconds
[2019-12-08T10:00:56.478+0000][1][safepoint    ] Application time: 1.0124660 seconds
[2019-12-08T10:00:56.478+0000][1][safepoint    ] Entering safepoint region: Cleanup
[2019-12-08T10:00:56.478+0000][1][safepoint    ] Leaving safepoint region
[2019-12-08T10:00:56.479+0000][1][safepoint    ] Total time for which application threads were stopped: 0.0000791 seconds, Stopping threads took: 0.0000141 seconds
[2019-12-08T10:00:57.479+0000][1][safepoint    ] Application time: 1.0000844 seconds
[2019-12-08T10:00:57.479+0000][1][safepoint    ] Entering safepoint region: Cleanup
[2019-12-08T10:00:57.479+0000][1][safepoint    ] Leaving safepoint region
[2019-12-08T10:00:57.479+0000][1][safepoint    ] Total time for which application threads were stopped: 0.0000858 seconds, Stopping threads took: 0.0000144 seconds
[2019-12-08T10:00:58.479+0000][1][safepoint    ] Application time: 1.0000805 seconds
[2019-12-08T10:00:58.479+0000][1][safepoint    ] Entering safepoint region: Cleanup
[2019-12-08T10:00:58.479+0000][1][safepoint    ] Leaving safepoint region
[2019-12-08T10:00:58.479+0000][1][safepoint    ] Total time for which application threads were stopped: 0.0000656 seconds, Stopping threads took: 0.0000143 seconds
[2019-12-08T10:00:59.479+0000][1][safepoint    ] Application time: 1.0000815 seconds
[2019-12-08T10:00:59.479+0000][1][safepoint    ] Entering safepoint region: Cleanup
[2019-12-08T10:00:59.479+0000][1][safepoint    ] Leaving safepoint region
[2019-12-08T10:00:59.479+0000][1][safepoint    ] Total time for which application threads were stopped: 0.0000784 seconds, Stopping threads took: 0.0000152 seconds
[2019-12-08T10:01:00.479+0000][1][safepoint    ] Application time: 1.0000781 seconds
[2019-12-08T10:01:00.479+0000][1][safepoint    ] Entering safepoint region: Cleanup
[2019-12-08T10:01:00.479+0000][1][safepoint    ] Leaving safepoint region
[2019-12-08T10:01:00.479+0000][1][safepoint    ] Total time for which application threads were stopped: 0.0000682 seconds, Stopping threads took: 0.0000165 seconds
[2019-12-08T10:01:01.479+0000][1][safepoint    ] Application time: 1.0000858 seconds
[2019-12-08T10:01:01.479+0000][1][safepoint    ] Entering safepoint region: Cleanup
[2019-12-08T10:01:01.479+0000][1][safepoint    ] Leaving safepoint region
[2019-12-08T10:01:01.479+0000][1][safepoint    ] Total time for which application threads were stopped: 0.0000946 seconds, Stopping threads took: 0.0000231 seconds
[2019-12-08T10:01:02.480+0000][1][safepoint    ] Application time: 1.0000769 seconds
[2019-12-08T10:01:02.480+0000][1][safepoint    ] Entering safepoint region: Cleanup
[2019-12-08T10:01:02.480+0000][1][safepoint    ] Leaving safepoint region
[2019-12-08T10:01:02.480+0000][1][safepoint    ] Total time for which application threads were stopped: 0.0001366 seconds, Stopping threads took: 0.0000628 seconds
[2019-12-08T10:01:03.480+0000][1][safepoint    ] Application time: 1.0000862 seconds
[2019-12-08T10:01:03.480+0000][1][safepoint    ] Entering safepoint region: Cleanup
[2019-12-08T10:01:03.480+0000][1][safepoint    ] Leaving safepoint region
[2019-12-08T10:01:03.480+0000][1][safepoint    ] Total time for which application threads were stopped: 0.0001096 seconds, Stopping threads took: 0.0000341 seconds
[2019-12-08T10:01:04.480+0000][1][safepoint    ] Application time: 1.0000852 seconds
[2019-12-08T10:01:04.480+0000][1][safepoint    ] Entering safepoint region: Cleanup
[2019-12-08T10:01:04.480+0000][1][safepoint    ] Leaving safepoint region
[2019-12-08T10:01:04.480+0000][1][safepoint    ] Total time for which application threads were stopped: 0.0000691 seconds, Stopping threads took: 0.0000155 seconds
[2019-12-08T10:01:05.480+0000][1][safepoint    ] Application time: 1.0000839 seconds
[2019-12-08T10:01:05.480+0000][1][safepoint    ] Entering safepoint region: Cleanup
[2019-12-08T10:01:05.480+0000][1][safepoint    ] Leaving safepoint region
[2019-12-08T10:01:05.480+0000][1][safepoint    ] Total time for which application threads were stopped: 0.0000717 seconds, Stopping threads took: 0.0000161 seconds
[2019-12-08T10:01:06.480+0000][1][safepoint    ] Application time: 1.0000925 seconds
[2019-12-08T10:01:06.480+0000][1][safepoint    ] Entering safepoint region: Cleanup
[2019-12-08T10:01:06.481+0000][1][safepoint    ] Leaving safepoint region
[2019-12-08T10:01:06.481+0000][1][safepoint    ] Total time for which application threads were stopped: 0.0000709 seconds, Stopping threads took: 0.0000159 seconds
[2019-12-08T10:01:07.481+0000][1][safepoint    ] Application time: 1.0000918 seconds
[2019-12-08T10:01:07.481+0000][1][safepoint    ] Entering safepoint region: Cleanup
[2019-12-08T10:01:07.481+0000][1][safepoint    ] Leaving safepoint region
[2019-12-08T10:01:07.481+0000][1][safepoint    ] Total time for which application threads were stopped: 0.0000927 seconds, Stopping threads took: 0.0000218 seconds
[2019-12-08T10:01:08.481+0000][1][safepoint    ] Application time: 1.0000954 seconds
[2019-12-08T10:01:08.481+0000][1][safepoint    ] Entering safepoint region: Cleanup
[2019-12-08T10:01:08.481+0000][1][safepoint    ] Leaving safepoint region
[2019-12-08T10:01:08.481+0000][1][safepoint    ] Total time for which application threads were stopped: 0.0000749 seconds, Stopping threads took: 0.0000187 seconds
[2019-12-08T10:01:09.481+0000][1][safepoint    ] Application time: 1.0000832 seconds
[2019-12-08T10:01:09.481+0000][1][safepoint    ] Entering safepoint region: Cleanup
[2019-12-08T10:01:09.481+0000][1][safepoint    ] Leaving safepoint region
[2019-12-08T10:01:09.481+0000][1][safepoint    ] Total time for which application threads were stopped: 0.0000791 seconds, Stopping threads took: 0.0000168 seconds
[2019-12-08T10:01:10.481+0000][1][safepoint    ] Application time: 1.0000866 seconds
[2019-12-08T10:01:10.481+0000][1][safepoint    ] Entering safepoint region: Cleanup
[2019-12-08T10:01:10.481+0000][1][safepoint    ] Leaving safepoint region
[2019-12-08T10:01:10.481+0000][1][safepoint    ] Total time for which application threads were stopped: 0.0000828 seconds, Stopping threads took: 0.0000165 seconds
[2019-12-08T10:01:11.482+0000][1][safepoint    ] Application time: 1.0000852 seconds
[2019-12-08T10:01:11.482+0000][1][safepoint    ] Entering safepoint region: Cleanup
[2019-12-08T10:01:11.482+0000][1][safepoint    ] Leaving safepoint region
[2019-12-08T10:01:11.482+0000][1][safepoint    ] Total time for which application threads were stopped: 0.0000723 seconds, Stopping threads took: 0.0000160 seconds
[2019-12-08T10:01:12.482+0000][1][safepoint    ] Application time: 1.0000908 seconds
[2019-12-08T10:01:12.482+0000][1][safepoint    ] Entering safepoint region: Cleanup
[2019-12-08T10:01:12.482+0000][1][safepoint    ] Leaving safepoint region
[2019-12-08T10:01:12.482+0000][1][safepoint    ] Total time for which application threads were stopped: 0.0000691 seconds, Stopping threads took: 0.0000156 seconds
[2019-12-08T10:01:13.482+0000][1][safepoint    ] Application time: 1.0000896 seconds
[2019-12-08T10:01:13.482+0000][1][safepoint    ] Entering safepoint region: Cleanup
[2019-12-08T10:01:13.482+0000][1][safepoint    ] Leaving safepoint region
[2019-12-08T10:01:13.482+0000][1][safepoint    ] Total time for which application threads were stopped: 0.0000690 seconds, Stopping threads took: 0.0000156 seconds
[2019-12-08T10:01:14.482+0000][1][safepoint    ] Application time: 1.0000773 seconds
[2019-12-08T10:01:14.482+0000][1][safepoint    ] Entering safepoint region: Cleanup
[2019-12-08T10:01:14.482+0000][1][safepoint    ] Leaving safepoint region
[2019-12-08T10:01:14.482+0000][1][safepoint    ] Total time for which application threads were stopped: 0.0000838 seconds, Stopping threads took: 0.0000170 seconds
[2019-12-08T10:01:15.482+0000][1][safepoint    ] Application time: 1.0000798 seconds
[2019-12-08T10:01:15.482+0000][1][safepoint    ] Entering safepoint region: Cleanup
[2019-12-08T10:01:15.482+0000][1][safepoint    ] Leaving safepoint region
[2019-12-08T10:01:15.482+0000][1][safepoint    ] Total time for which application threads were stopped: 0.0000697 seconds, Stopping threads took: 0.0000163 seconds
[2019-12-08T10:01:16.482+0000][1][safepoint    ] Application time: 1.0000780 seconds
[2019-12-08T10:01:16.482+0000][1][safepoint    ] Entering safepoint region: Cleanup
[2019-12-08T10:01:16.483+0000][1][safepoint    ] Leaving safepoint region
[2019-12-08T10:01:16.483+0000][1][safepoint    ] Total time for which application threads were stopped: 0.0000713 seconds, Stopping threads took: 0.0000171 seconds
[2019-12-08T10:01:17.483+0000][1][safepoint    ] Application time: 1.0000779 seconds
[2019-12-08T10:01:17.483+0000][1][safepoint    ] Entering safepoint region: Cleanup
[2019-12-08T10:01:17.483+0000][1][safepoint    ] Leaving safepoint region
[2019-12-08T10:01:17.483+0000][1][safepoint    ] Total time for which application threads were stopped: 0.0000818 seconds, Stopping threads took: 0.0000246 seconds
[2019-12-08T10:01:18.483+0000][1][safepoint    ] Application time: 1.0000799 seconds
[2019-12-08T10:01:18.483+0000][1][safepoint    ] Entering safepoint region: Cleanup
[2019-12-08T10:01:18.483+0000][1][safepoint    ] Leaving safepoint region
[2019-12-08T10:01:18.483+0000][1][safepoint    ] Total time for which application threads were stopped: 0.0000721 seconds, Stopping threads took: 0.0000176 seconds
[2019-12-08T10:01:19.483+0000][1][safepoint    ] Application time: 1.0000808 seconds
[2019-12-08T10:01:19.483+0000][1][safepoint    ] Entering safepoint region: Cleanup
[2019-12-08T10:01:19.483+0000][1][safepoint    ] Leaving safepoint region
[2019-12-08T10:01:19.483+0000][1][safepoint    ] Total time for which application threads were stopped: 0.0000812 seconds, Stopping threads took: 0.0000171 seconds
[2019-12-08T10:01:20.483+0000][1][safepoint    ] Application time: 1.0000833 seconds
[2019-12-08T10:01:20.483+0000][1][safepoint    ] Entering safepoint region: Cleanup
[2019-12-08T10:01:20.483+0000][1][safepoint    ] Leaving safepoint region
[2019-12-08T10:01:20.483+0000][1][safepoint    ] Total time for which application threads were stopped: 0.0000739 seconds, Stopping threads took: 0.0000177 seconds
[2019-12-08T10:01:21.483+0000][1][safepoint    ] Application time: 1.0000777 seconds
[2019-12-08T10:01:21.483+0000][1][safepoint    ] Entering safepoint region: Cleanup
[2019-12-08T10:01:21.484+0000][1][safepoint    ] Leaving safepoint region
[2019-12-08T10:01:21.484+0000][1][safepoint    ] Total time for which application threads were stopped: 0.0000707 seconds, Stopping threads took: 0.0000165 seconds
[2019-12-08T10:01:22.484+0000][1][safepoint    ] Application time: 1.0000758 seconds
[2019-12-08T10:01:22.484+0000][1][safepoint    ] Entering safepoint region: Cleanup
[2019-12-08T10:01:22.484+0000][1][safepoint    ] Leaving safepoint region
[2019-12-08T10:01:22.484+0000][1][safepoint    ] Total time for which application threads were stopped: 0.0000846 seconds, Stopping threads took: 0.0000254 seconds
[2019-12-08T10:01:23.484+0000][1][safepoint    ] Application time: 1.0000731 seconds
[2019-12-08T10:01:23.484+0000][1][safepoint    ] Entering safepoint region: Cleanup
[2019-12-08T10:01:23.484+0000][1][safepoint    ] Leaving safepoint region
[2019-12-08T10:01:23.484+0000][1][safepoint    ] Total time for which application threads were stopped: 0.0000743 seconds, Stopping threads took: 0.0000161 seconds
[2019-12-08T10:01:24.615+0000][1][safepoint    ] Application time: 1.1311594 seconds
[2019-12-08T10:01:24.615+0000][1][safepoint    ] Entering safepoint region: Cleanup
[2019-12-08T10:01:24.615+0000][1][safepoint    ] Leaving safepoint region
[2019-12-08T10:01:24.615+0000][1][safepoint    ] Total time for which application threads were stopped: 0.0000712 seconds, Stopping threads took: 0.0000163 seconds
[2019-12-08T10:01:25.615+0000][1][safepoint    ] Application time: 1.0000771 seconds
[2019-12-08T10:01:25.615+0000][1][safepoint    ] Entering safepoint region: Cleanup
[2019-12-08T10:01:25.615+0000][1][safepoint    ] Leaving safepoint region
[2019-12-08T10:01:25.615+0000][1][safepoint    ] Total time for which application threads were stopped: 0.0000698 seconds, Stopping threads took: 0.0000161 seconds
[2019-12-08T10:01:26.615+0000][1][safepoint    ] Application time: 1.0000780 seconds
[2019-12-08T10:01:26.616+0000][1][safepoint    ] Entering safepoint region: Cleanup
[2019-12-08T10:01:26.616+0000][1][safepoint    ] Leaving safepoint region
[2019-12-08T10:01:26.616+0000][1][safepoint    ] Total time for which application threads were stopped: 0.0000820 seconds, Stopping threads took: 0.0000253 seconds
[2019-12-08T10:01:27.616+0000][1][safepoint    ] Application time: 1.0000881 seconds
[2019-12-08T10:01:27.616+0000][1][safepoint    ] Entering safepoint region: Cleanup
[2019-12-08T10:01:27.616+0000][1][safepoint    ] Leaving safepoint region
[2019-12-08T10:01:27.616+0000][1][safepoint    ] Total time for which application threads were stopped: 0.0000735 seconds, Stopping threads took: 0.0000160 seconds
[2019-12-08T10:01:28.616+0000][1][safepoint    ] Application time: 1.0000754 seconds
[2019-12-08T10:01:28.616+0000][1][safepoint    ] Entering safepoint region: Cleanup
[2019-12-08T10:01:28.616+0000][1][safepoint    ] Leaving safepoint region
[2019-12-08T10:01:28.616+0000][1][safepoint    ] Total time for which application threads were stopped: 0.0000682 seconds, Stopping threads took: 0.0000143 seconds
[2019-12-08T10:01:29.616+0000][1][safepoint    ] Application time: 1.0000763 seconds
[2019-12-08T10:01:29.616+0000][1][safepoint    ] Entering safepoint region: Cleanup
[2019-12-08T10:01:29.616+0000][1][safepoint    ] Leaving safepoint region
[2019-12-08T10:01:29.616+0000][1][safepoint    ] Total time for which application threads were stopped: 0.0000707 seconds, Stopping threads took: 0.0000160 seconds
[2019-12-08T10:01:30.616+0000][1][safepoint    ] Application time: 1.0000752 seconds
[2019-12-08T10:01:30.616+0000][1][safepoint    ] Entering safepoint region: Cleanup
[2019-12-08T10:01:30.616+0000][1][safepoint    ] Leaving safepoint region
[2019-12-08T10:01:30.616+0000][1][safepoint    ] Total time for which application threads were stopped: 0.0000680 seconds, Stopping threads took: 0.0000147 seconds
[2019-12-08T10:01:31.616+0000][1][safepoint    ] Application time: 1.0000754 seconds
[2019-12-08T10:01:31.616+0000][1][safepoint    ] Entering safepoint region: Cleanup
[2019-12-08T10:01:31.617+0000][1][safepoint    ] Leaving safepoint region
[2019-12-08T10:01:31.617+0000][1][safepoint    ] Total time for which application threads were stopped: 0.0000713 seconds, Stopping threads took: 0.0000143 seconds
[2019-12-08T10:01:32.617+0000][1][safepoint    ] Application time: 1.0000724 seconds
[2019-12-08T10:01:32.617+0000][1][safepoint    ] Entering safepoint region: Cleanup
[2019-12-08T10:01:32.617+0000][1][safepoint    ] Leaving safepoint region
[2019-12-08T10:01:32.617+0000][1][safepoint    ] Total time for which application threads were stopped: 0.0000817 seconds, Stopping threads took: 0.0000265 seconds
[2019-12-08T10:01:33.617+0000][1][safepoint    ] Application time: 1.0000735 seconds
[2019-12-08T10:01:33.617+0000][1][safepoint    ] Entering safepoint region: Cleanup
[2019-12-08T10:01:33.617+0000][1][safepoint    ] Leaving safepoint region
[2019-12-08T10:01:33.617+0000][1][safepoint    ] Total time for which application threads were stopped: 0.0000682 seconds, Stopping threads took: 0.0000156 seconds
[2019-12-08T10:01:34.617+0000][1][safepoint    ] Application time: 1.0000861 seconds
[2019-12-08T10:01:34.617+0000][1][safepoint    ] Entering safepoint region: Cleanup
[2019-12-08T10:01:34.617+0000][1][safepoint    ] Leaving safepoint region
[2019-12-08T10:01:34.617+0000][1][safepoint    ] Total time for which application threads were stopped: 0.0001688 seconds, Stopping threads took: 0.0001162 seconds
[2019-12-08T10:01:35.617+0000][1][safepoint    ] Application time: 1.0000883 seconds
[2019-12-08T10:01:35.617+0000][1][safepoint    ] Entering safepoint region: Cleanup
[2019-12-08T10:01:35.617+0000][1][safepoint    ] Leaving safepoint region
[2019-12-08T10:01:35.617+0000][1][safepoint    ] Total time for which application threads were stopped: 0.0001030 seconds, Stopping threads took: 0.0000217 seconds
[2019-12-08T10:01:36.618+0000][1][safepoint    ] Application time: 1.0000807 seconds
[2019-12-08T10:01:36.618+0000][1][safepoint    ] Entering safepoint region: Cleanup
[2019-12-08T10:01:36.618+0000][1][safepoint    ] Leaving safepoint region
[2019-12-08T10:01:36.618+0000][1][safepoint    ] Total time for which application threads were stopped: 0.0000755 seconds, Stopping threads took: 0.0000238 seconds
[2019-12-08T10:01:37.618+0000][1][safepoint    ] Application time: 1.0000872 seconds
[2019-12-08T10:01:37.618+0000][1][safepoint    ] Entering safepoint region: Cleanup
[2019-12-08T10:01:37.618+0000][1][safepoint    ] Leaving safepoint region
[2019-12-08T10:01:37.618+0000][1][safepoint    ] Total time for which application threads were stopped: 0.0000682 seconds, Stopping threads took: 0.0000153 seconds
[2019-12-08T10:01:38.618+0000][1][safepoint    ] Application time: 1.0000776 seconds
[2019-12-08T10:01:38.618+0000][1][safepoint    ] Entering safepoint region: Cleanup
[2019-12-08T10:01:38.618+0000][1][safepoint    ] Leaving safepoint region
[2019-12-08T10:01:38.618+0000][1][safepoint    ] Total time for which application threads were stopped: 0.0000686 seconds, Stopping threads took: 0.0000157 seconds
[2019-12-08T10:01:39.618+0000][1][safepoint    ] Application time: 1.0000749 seconds
[2019-12-08T10:01:39.618+0000][1][safepoint    ] Entering safepoint region: Cleanup
[2019-12-08T10:01:39.618+0000][1][safepoint    ] Leaving safepoint region
[2019-12-08T10:01:39.618+0000][1][safepoint    ] Total time for which application threads were stopped: 0.0000675 seconds, Stopping threads took: 0.0000155 seconds
[2019-12-08T10:01:40.618+0000][1][safepoint    ] Application time: 1.0000759 seconds
[2019-12-08T10:01:40.618+0000][1][safepoint    ] Entering safepoint region: Cleanup
[2019-12-08T10:01:40.618+0000][1][safepoint    ] Leaving safepoint region
[2019-12-08T10:01:40.618+0000][1][safepoint    ] Total time for which application threads were stopped: 0.0000701 seconds, Stopping threads took: 0.0000157 seconds
[2019-12-08T10:01:41.619+0000][1][safepoint    ] Application time: 1.0000749 seconds
[2019-12-08T10:01:41.619+0000][1][safepoint    ] Entering safepoint region: Cleanup
[2019-12-08T10:01:41.619+0000][1][safepoint    ] Leaving safepoint region
[2019-12-08T10:01:41.619+0000][1][safepoint    ] Total time for which application threads were stopped: 0.0000719 seconds, Stopping threads took: 0.0000167 seconds
[2019-12-08T10:01:42.619+0000][1][safepoint    ] Application time: 1.0000742 seconds
[2019-12-08T10:01:42.619+0000][1][safepoint    ] Entering safepoint region: Cleanup
[2019-12-08T10:01:42.619+0000][1][safepoint    ] Leaving safepoint region
[2019-12-08T10:01:42.619+0000][1][safepoint    ] Total time for which application threads were stopped: 0.0000697 seconds, Stopping threads took: 0.0000165 seconds
[2019-12-08T10:01:43.619+0000][1][safepoint    ] Application time: 1.0000760 seconds
[2019-12-08T10:01:43.619+0000][1][safepoint    ] Entering safepoint region: Cleanup
[2019-12-08T10:01:43.619+0000][1][safepoint    ] Leaving safepoint region
[2019-12-08T10:01:43.619+0000][1][safepoint    ] Total time for which application threads were stopped: 0.0000698 seconds, Stopping threads took: 0.0000165 seconds
[2019-12-08T10:01:45.511+0000][1][safepoint    ] Application time: 1.8923331 seconds
[2019-12-08T10:01:45.511+0000][1][safepoint    ] Entering safepoint region: Cleanup
[2019-12-08T10:01:45.511+0000][1][safepoint    ] Leaving safepoint region
[2019-12-08T10:01:45.512+0000][1][safepoint    ] Total time for which application threads were stopped: 0.0001295 seconds, Stopping threads took: 0.0000561 seconds
[2019-12-08T10:01:46.512+0000][1][safepoint    ] Application time: 1.0000874 seconds
[2019-12-08T10:01:46.512+0000][1][safepoint    ] Entering safepoint region: Cleanup
[2019-12-08T10:01:46.512+0000][1][safepoint    ] Leaving safepoint region
[2019-12-08T10:01:46.512+0000][1][safepoint    ] Total time for which application threads were stopped: 0.0000891 seconds, Stopping threads took: 0.0000198 seconds
[2019-12-08T10:01:47.512+0000][1][safepoint    ] Application time: 1.0000844 seconds
[2019-12-08T10:01:47.512+0000][1][safepoint    ] Entering safepoint region: Cleanup
[2019-12-08T10:01:47.512+0000][1][safepoint    ] Leaving safepoint region
[2019-12-08T10:01:47.512+0000][1][safepoint    ] Total time for which application threads were stopped: 0.0000761 seconds, Stopping threads took: 0.0000182 seconds
[2019-12-08T10:01:48.512+0000][1][safepoint    ] Application time: 1.0000827 seconds
[2019-12-08T10:01:48.512+0000][1][safepoint    ] Entering safepoint region: Cleanup
[2019-12-08T10:01:48.512+0000][1][safepoint    ] Leaving safepoint region
[2019-12-08T10:01:48.512+0000][1][safepoint    ] Total time for which application threads were stopped: 0.0000745 seconds, Stopping threads took: 0.0000177 seconds
[2019-12-08T10:01:49.512+0000][1][safepoint    ] Application time: 1.0000780 seconds
[2019-12-08T10:01:49.512+0000][1][safepoint    ] Entering safepoint region: Cleanup
[2019-12-08T10:01:49.512+0000][1][safepoint    ] Leaving safepoint region
[2019-12-08T10:01:49.512+0000][1][safepoint    ] Total time for which application threads were stopped: 0.0000712 seconds, Stopping threads took: 0.0000161 seconds
[2019-12-08T10:01:50.512+0000][1][safepoint    ] Application time: 1.0000772 seconds
[2019-12-08T10:01:50.512+0000][1][safepoint    ] Entering safepoint region: Cleanup
[2019-12-08T10:01:50.513+0000][1][safepoint    ] Leaving safepoint region
[2019-12-08T10:01:50.513+0000][1][safepoint    ] Total time for which application threads were stopped: 0.0000691 seconds, Stopping threads took: 0.0000159 seconds
[2019-12-08T10:01:51.513+0000][1][safepoint    ] Application time: 1.0000774 seconds
[2019-12-08T10:01:51.513+0000][1][safepoint    ] Entering safepoint region: Cleanup
[2019-12-08T10:01:51.513+0000][1][safepoint    ] Leaving safepoint region
[2019-12-08T10:01:51.513+0000][1][safepoint    ] Total time for which application threads were stopped: 0.0000904 seconds, Stopping threads took: 0.0000179 seconds
[2019-12-08T10:01:52.513+0000][1][safepoint    ] Application time: 1.0000825 seconds
[2019-12-08T10:01:52.513+0000][1][safepoint    ] Entering safepoint region: Cleanup
[2019-12-08T10:01:52.513+0000][1][safepoint    ] Leaving safepoint region
[2019-12-08T10:01:52.513+0000][1][safepoint    ] Total time for which application threads were stopped: 0.0000766 seconds, Stopping threads took: 0.0000190 seconds
[2019-12-08T10:01:53.513+0000][1][safepoint    ] Application time: 1.0000866 seconds
[2019-12-08T10:01:53.513+0000][1][safepoint    ] Entering safepoint region: Cleanup
[2019-12-08T10:01:53.513+0000][1][safepoint    ] Leaving safepoint region
[2019-12-08T10:01:53.513+0000][1][safepoint    ] Total time for which application threads were stopped: 0.0000750 seconds, Stopping threads took: 0.0000183 seconds
[2019-12-08T10:01:54.513+0000][1][safepoint    ] Application time: 1.0000779 seconds
[2019-12-08T10:01:54.513+0000][1][safepoint    ] Entering safepoint region: Cleanup
[2019-12-08T10:01:54.513+0000][1][safepoint    ] Leaving safepoint region
[2019-12-08T10:01:54.513+0000][1][safepoint    ] Total time for which application threads were stopped: 0.0000721 seconds, Stopping threads took: 0.0000159 seconds
[2019-12-08T10:01:55.513+0000][1][safepoint    ] Application time: 1.0000808 seconds
[2019-12-08T10:01:55.513+0000][1][safepoint    ] Entering safepoint region: Cleanup
[2019-12-08T10:01:55.514+0000][1][safepoint    ] Leaving safepoint region
[2019-12-08T10:01:55.514+0000][1][safepoint    ] Total time for which application threads were stopped: 0.0000740 seconds, Stopping threads took: 0.0000173 seconds
[2019-12-08T10:01:56.514+0000][1][safepoint    ] Application time: 1.0000795 seconds
[2019-12-08T10:01:56.514+0000][1][safepoint    ] Entering safepoint region: Cleanup
[2019-12-08T10:01:56.514+0000][1][safepoint    ] Leaving safepoint region
[2019-12-08T10:01:56.514+0000][1][safepoint    ] Total time for which application threads were stopped: 0.0000877 seconds, Stopping threads took: 0.0000166 seconds
[2019-12-08T10:01:57.514+0000][1][safepoint    ] Application time: 1.0000777 seconds
[2019-12-08T10:01:57.514+0000][1][safepoint    ] Entering safepoint region: Cleanup
[2019-12-08T10:01:57.514+0000][1][safepoint    ] Leaving safepoint region
[2019-12-08T10:01:57.514+0000][1][safepoint    ] Total time for which application threads were stopped: 0.0000741 seconds, Stopping threads took: 0.0000173 seconds
[2019-12-08T10:01:58.514+0000][1][safepoint    ] Application time: 1.0000778 seconds
[2019-12-08T10:01:58.514+0000][1][safepoint    ] Entering safepoint region: Cleanup
[2019-12-08T10:01:58.514+0000][1][safepoint    ] Leaving safepoint region
[2019-12-08T10:01:58.514+0000][1][safepoint    ] Total time for which application threads were stopped: 0.0000741 seconds, Stopping threads took: 0.0000165 seconds
[2019-12-08T10:01:59.514+0000][1][safepoint    ] Application time: 1.0000806 seconds
[2019-12-08T10:01:59.514+0000][1][safepoint    ] Entering safepoint region: Cleanup
[2019-12-08T10:01:59.514+0000][1][safepoint    ] Leaving safepoint region
[2019-12-08T10:01:59.514+0000][1][safepoint    ] Total time for which application threads were stopped: 0.0000793 seconds, Stopping threads took: 0.0000184 seconds
[2019-12-08T10:02:00.514+0000][1][safepoint    ] Application time: 1.0000772 seconds
[2019-12-08T10:02:00.514+0000][1][safepoint    ] Entering safepoint region: Cleanup
[2019-12-08T10:02:00.515+0000][1][safepoint    ] Leaving safepoint region
[2019-12-08T10:02:00.515+0000][1][safepoint    ] Total time for which application threads were stopped: 0.0000750 seconds, Stopping threads took: 0.0000152 seconds
[2019-12-08T10:02:01.770+0000][1][safepoint    ] Application time: 1.2559134 seconds
[2019-12-08T10:02:01.771+0000][1][safepoint    ] Entering safepoint region: Cleanup
[2019-12-08T10:02:01.771+0000][1][safepoint    ] Leaving safepoint region
[2019-12-08T10:02:01.771+0000][1][safepoint    ] Total time for which application threads were stopped: 0.0001247 seconds, Stopping threads took: 0.0000297 seconds
[2019-12-08T10:02:02.771+0000][1][safepoint    ] Application time: 1.0000895 seconds
[2019-12-08T10:02:02.771+0000][1][safepoint    ] Entering safepoint region: Cleanup
[2019-12-08T10:02:02.771+0000][1][safepoint    ] Leaving safepoint region
[2019-12-08T10:02:02.771+0000][1][safepoint    ] Total time for which application threads were stopped: 0.0000733 seconds, Stopping threads took: 0.0000171 seconds
[2019-12-08T10:02:03.771+0000][1][safepoint    ] Application time: 1.0000818 seconds
[2019-12-08T10:02:03.771+0000][1][safepoint    ] Entering safepoint region: Cleanup
[2019-12-08T10:02:03.771+0000][1][safepoint    ] Leaving safepoint region
[2019-12-08T10:02:03.771+0000][1][safepoint    ] Total time for which application threads were stopped: 0.0000754 seconds, Stopping threads took: 0.0000180 seconds
[2019-12-08T10:02:04.771+0000][1][safepoint    ] Application time: 1.0000829 seconds
[2019-12-08T10:02:04.771+0000][1][safepoint    ] Entering safepoint region: Cleanup
[2019-12-08T10:02:04.771+0000][1][safepoint    ] Leaving safepoint region
[2019-12-08T10:02:04.771+0000][1][safepoint    ] Total time for which application threads were stopped: 0.0000804 seconds, Stopping threads took: 0.0000170 seconds
[2019-12-08T10:02:05.771+0000][1][safepoint    ] Application time: 1.0000803 seconds
[2019-12-08T10:02:05.771+0000][1][safepoint    ] Entering safepoint region: Cleanup
[2019-12-08T10:02:05.771+0000][1][safepoint    ] Leaving safepoint region
[2019-12-08T10:02:05.771+0000][1][safepoint    ] Total time for which application threads were stopped: 0.0000767 seconds, Stopping threads took: 0.0000188 seconds
[2019-12-08T10:02:06.772+0000][1][safepoint    ] Application time: 1.0000785 seconds
[2019-12-08T10:02:06.772+0000][1][safepoint    ] Entering safepoint region: Cleanup
[2019-12-08T10:02:06.772+0000][1][safepoint    ] Leaving safepoint region
[2019-12-08T10:02:06.772+0000][1][safepoint    ] Total time for which application threads were stopped: 0.0000742 seconds, Stopping threads took: 0.0000186 seconds
[2019-12-08T10:02:07.772+0000][1][safepoint    ] Application time: 1.0000871 seconds
[2019-12-08T10:02:07.772+0000][1][safepoint    ] Entering safepoint region: Cleanup
[2019-12-08T10:02:07.772+0000][1][safepoint    ] Leaving safepoint region
[2019-12-08T10:02:07.772+0000][1][safepoint    ] Total time for which application threads were stopped: 0.0000748 seconds, Stopping threads took: 0.0000176 seconds
[2019-12-08T10:02:08.772+0000][1][safepoint    ] Application time: 1.0000835 seconds
[2019-12-08T10:02:08.772+0000][1][safepoint    ] Entering safepoint region: Cleanup
[2019-12-08T10:02:08.772+0000][1][safepoint    ] Leaving safepoint region
[2019-12-08T10:02:08.772+0000][1][safepoint    ] Total time for which application threads were stopped: 0.0000751 seconds, Stopping threads took: 0.0000184 seconds
[2019-12-08T10:02:09.772+0000][1][safepoint    ] Application time: 1.0000805 seconds
[2019-12-08T10:02:09.772+0000][1][safepoint    ] Entering safepoint region: Cleanup
[2019-12-08T10:02:09.772+0000][1][safepoint    ] Leaving safepoint region
[2019-12-08T10:02:09.772+0000][1][safepoint    ] Total time for which application threads were stopped: 0.0000723 seconds, Stopping threads took: 0.0000164 seconds
[2019-12-08T10:02:10.772+0000][1][safepoint    ] Application time: 1.0000775 seconds
[2019-12-08T10:02:10.772+0000][1][safepoint    ] Entering safepoint region: Cleanup
[2019-12-08T10:02:10.772+0000][1][safepoint    ] Leaving safepoint region
[2019-12-08T10:02:10.772+0000][1][safepoint    ] Total time for which application threads were stopped: 0.0000729 seconds, Stopping threads took: 0.0000169 seconds
[2019-12-08T10:02:11.773+0000][1][safepoint    ] Application time: 1.0000898 seconds
[2019-12-08T10:02:11.773+0000][1][safepoint    ] Entering safepoint region: Cleanup
[2019-12-08T10:02:11.773+0000][1][safepoint    ] Leaving safepoint region
[2019-12-08T10:02:11.773+0000][1][safepoint    ] Total time for which application threads were stopped: 0.0000752 seconds, Stopping threads took: 0.0000185 seconds
[2019-12-08T10:02:12.773+0000][1][safepoint    ] Application time: 1.0000870 seconds
[2019-12-08T10:02:12.773+0000][1][safepoint    ] Entering safepoint region: Cleanup
[2019-12-08T10:02:12.773+0000][1][safepoint    ] Leaving safepoint region
[2019-12-08T10:02:12.773+0000][1][safepoint    ] Total time for which application threads were stopped: 0.0000824 seconds, Stopping threads took: 0.0000165 seconds
[2019-12-08T10:02:13.773+0000][1][safepoint    ] Application time: 1.0000774 seconds
[2019-12-08T10:02:13.773+0000][1][safepoint    ] Entering safepoint region: Cleanup
[2019-12-08T10:02:13.773+0000][1][safepoint    ] Leaving safepoint region
[2019-12-08T10:02:13.773+0000][1][safepoint    ] Total time for which application threads were stopped: 0.0000803 seconds, Stopping threads took: 0.0000173 seconds
[2019-12-08T10:02:14.773+0000][1][safepoint    ] Application time: 1.0000819 seconds
[2019-12-08T10:02:14.773+0000][1][safepoint    ] Entering safepoint region: Cleanup
[2019-12-08T10:02:14.773+0000][1][safepoint    ] Leaving safepoint region
[2019-12-08T10:02:14.773+0000][1][safepoint    ] Total time for which application threads were stopped: 0.0000788 seconds, Stopping threads took: 0.0000165 seconds
[2019-12-08T10:02:15.773+0000][1][safepoint    ] Application time: 1.0000790 seconds
[2019-12-08T10:02:15.773+0000][1][safepoint    ] Entering safepoint region: Cleanup
[2019-12-08T10:02:15.773+0000][1][safepoint    ] Leaving safepoint region
[2019-12-08T10:02:15.773+0000][1][safepoint    ] Total time for which application threads were stopped: 0.0000705 seconds, Stopping threads took: 0.0000154 seconds
[2019-12-08T10:02:16.774+0000][1][safepoint    ] Application time: 1.0000782 seconds
[2019-12-08T10:02:16.774+0000][1][safepoint    ] Entering safepoint region: Cleanup
[2019-12-08T10:02:16.774+0000][1][safepoint    ] Leaving safepoint region
[2019-12-08T10:02:16.774+0000][1][safepoint    ] Total time for which application threads were stopped: 0.0000665 seconds, Stopping threads took: 0.0000156 seconds
[2019-12-08T10:02:17.774+0000][1][safepoint    ] Application time: 1.0000882 seconds
[2019-12-08T10:02:17.774+0000][1][safepoint    ] Entering safepoint region: Cleanup
[2019-12-08T10:02:17.774+0000][1][safepoint    ] Leaving safepoint region
[2019-12-08T10:02:17.774+0000][1][safepoint    ] Total time for which application threads were stopped: 0.0000697 seconds, Stopping threads took: 0.0000170 seconds
[2019-12-08T10:02:18.774+0000][1][safepoint    ] Application time: 1.0000771 seconds
[2019-12-08T10:02:18.774+0000][1][safepoint    ] Entering safepoint region: Cleanup
[2019-12-08T10:02:18.774+0000][1][safepoint    ] Leaving safepoint region
[2019-12-08T10:02:18.774+0000][1][safepoint    ] Total time for which application threads were stopped: 0.0000664 seconds, Stopping threads took: 0.0000153 seconds
[2019-12-08T10:02:19.774+0000][1][safepoint    ] Application time: 1.0000807 seconds
[2019-12-08T10:02:19.774+0000][1][safepoint    ] Entering safepoint region: Cleanup
[2019-12-08T10:02:19.774+0000][1][safepoint    ] Leaving safepoint region
[2019-12-08T10:02:19.774+0000][1][safepoint    ] Total time for which application threads were stopped: 0.0000758 seconds, Stopping threads took: 0.0000177 seconds
[2019-12-08T10:02:20.774+0000][1][safepoint    ] Application time: 1.0000768 seconds
[2019-12-08T10:02:20.774+0000][1][safepoint    ] Entering safepoint region: Cleanup
[2019-12-08T10:02:20.774+0000][1][safepoint    ] Leaving safepoint region
[2019-12-08T10:02:20.774+0000][1][safepoint    ] Total time for which application threads were stopped: 0.0000721 seconds, Stopping threads took: 0.0000155 seconds
[2019-12-08T10:02:21.774+0000][1][safepoint    ] Application time: 1.0000758 seconds
[2019-12-08T10:02:21.774+0000][1][safepoint    ] Entering safepoint region: Cleanup
[2019-12-08T10:02:21.775+0000][1][safepoint    ] Leaving safepoint region
[2019-12-08T10:02:21.775+0000][1][safepoint    ] Total time for which application threads were stopped: 0.0000680 seconds, Stopping threads took: 0.0000167 seconds
[2019-12-08T10:02:22.775+0000][1][safepoint    ] Application time: 1.0000885 seconds
[2019-12-08T10:02:22.775+0000][1][safepoint    ] Entering safepoint region: Cleanup
[2019-12-08T10:02:22.775+0000][1][safepoint    ] Leaving safepoint region
[2019-12-08T10:02:22.775+0000][1][safepoint    ] Total time for which application threads were stopped: 0.0000898 seconds, Stopping threads took: 0.0000204 seconds
[2019-12-08T10:02:23.775+0000][1][safepoint    ] Application time: 1.0000801 seconds
[2019-12-08T10:02:23.775+0000][1][safepoint    ] Entering safepoint region: Cleanup
[2019-12-08T10:02:23.775+0000][1][safepoint    ] Leaving safepoint region
[2019-12-08T10:02:23.775+0000][1][safepoint    ] Total time for which application threads were stopped: 0.0000724 seconds, Stopping threads took: 0.0000178 seconds
[2019-12-08T10:02:24.775+0000][1][safepoint    ] Application time: 1.0000780 seconds
[2019-12-08T10:02:24.775+0000][1][safepoint    ] Entering safepoint region: Cleanup
[2019-12-08T10:02:24.775+0000][1][safepoint    ] Leaving safepoint region
[2019-12-08T10:02:24.775+0000][1][safepoint    ] Total time for which application threads were stopped: 0.0000684 seconds, Stopping threads took: 0.0000171 seconds
[2019-12-08T10:02:25.775+0000][1][safepoint    ] Application time: 1.0000796 seconds
[2019-12-08T10:02:25.775+0000][1][safepoint    ] Entering safepoint region: Cleanup
[2019-12-08T10:02:25.775+0000][1][safepoint    ] Leaving safepoint region
[2019-12-08T10:02:25.775+0000][1][safepoint    ] Total time for which application threads were stopped: 0.0000697 seconds, Stopping threads took: 0.0000166 seconds
[2019-12-08T10:02:26.775+0000][1][safepoint    ] Application time: 1.0000762 seconds
[2019-12-08T10:02:26.775+0000][1][safepoint    ] Entering safepoint region: Cleanup
[2019-12-08T10:02:26.775+0000][1][safepoint    ] Leaving safepoint region
[2019-12-08T10:02:26.775+0000][1][safepoint    ] Total time for which application threads were stopped: 0.0000794 seconds, Stopping threads took: 0.0000229 seconds
[2019-12-08T10:02:27.776+0000][1][safepoint    ] Application time: 1.0000753 seconds
[2019-12-08T10:02:27.776+0000][1][safepoint    ] Entering safepoint region: Cleanup
[2019-12-08T10:02:27.776+0000][1][safepoint    ] Leaving safepoint region
[2019-12-08T10:02:27.776+0000][1][safepoint    ] Total time for which application threads were stopped: 0.0000675 seconds, Stopping threads took: 0.0000160 seconds
[2019-12-08T10:02:28.776+0000][1][safepoint    ] Application time: 1.0000835 seconds
[2019-12-08T10:02:28.776+0000][1][safepoint    ] Entering safepoint region: Cleanup
[2019-12-08T10:02:28.776+0000][1][safepoint    ] Leaving safepoint region
[2019-12-08T10:02:28.776+0000][1][safepoint    ] Total time for which application threads were stopped: 0.0000687 seconds, Stopping threads took: 0.0000168 seconds
[2019-12-08T10:02:29.776+0000][1][safepoint    ] Application time: 1.0000746 seconds
[2019-12-08T10:02:29.776+0000][1][safepoint    ] Entering safepoint region: Cleanup
[2019-12-08T10:02:29.776+0000][1][safepoint    ] Leaving safepoint region
[2019-12-08T10:02:29.776+0000][1][safepoint    ] Total time for which application threads were stopped: 0.0000712 seconds, Stopping threads took: 0.0000168 seconds
[2019-12-08T10:02:30.776+0000][1][safepoint    ] Application time: 1.0000783 seconds
[2019-12-08T10:02:30.776+0000][1][safepoint    ] Entering safepoint region: Cleanup
[2019-12-08T10:02:30.776+0000][1][safepoint    ] Leaving safepoint region
[2019-12-08T10:02:30.776+0000][1][safepoint    ] Total time for which application threads were stopped: 0.0000706 seconds, Stopping threads took: 0.0000172 seconds
[2019-12-08T10:02:31.776+0000][1][safepoint    ] Application time: 1.0000817 seconds
[2019-12-08T10:02:31.776+0000][1][safepoint    ] Entering safepoint region: Cleanup
[2019-12-08T10:02:31.776+0000][1][safepoint    ] Leaving safepoint region
[2019-12-08T10:02:31.776+0000][1][safepoint    ] Total time for which application threads were stopped: 0.0000680 seconds, Stopping threads took: 0.0000167 seconds
[2019-12-08T10:02:32.777+0000][1][safepoint    ] Application time: 1.0000779 seconds
[2019-12-08T10:02:32.777+0000][1][safepoint    ] Entering safepoint region: Cleanup
[2019-12-08T10:02:32.777+0000][1][safepoint    ] Leaving safepoint region
[2019-12-08T10:02:32.777+0000][1][safepoint    ] Total time for which application threads were stopped: 0.0000675 seconds, Stopping threads took: 0.0000155 seconds
[2019-12-08T10:02:33.777+0000][1][safepoint    ] Application time: 1.0000747 seconds
[2019-12-08T10:02:33.777+0000][1][safepoint    ] Entering safepoint region: Cleanup
[2019-12-08T10:02:33.777+0000][1][safepoint    ] Leaving safepoint region
[2019-12-08T10:02:33.777+0000][1][safepoint    ] Total time for which application threads were stopped: 0.0000692 seconds, Stopping threads took: 0.0000159 seconds
[2019-12-08T10:02:35.453+0000][1][safepoint    ] Application time: 1.6760015 seconds
[2019-12-08T10:02:35.453+0000][1][safepoint    ] Entering safepoint region: Cleanup
[2019-12-08T10:02:35.453+0000][1][safepoint    ] Leaving safepoint region
[2019-12-08T10:02:35.453+0000][1][safepoint    ] Total time for which application threads were stopped: 0.0000704 seconds, Stopping threads took: 0.0000146 seconds
[2019-12-08T10:02:36.453+0000][1][safepoint    ] Application time: 1.0000770 seconds
[2019-12-08T10:02:36.453+0000][1][safepoint    ] Entering safepoint region: Cleanup
[2019-12-08T10:02:36.453+0000][1][safepoint    ] Leaving safepoint region
[2019-12-08T10:02:36.453+0000][1][safepoint    ] Total time for which application threads were stopped: 0.0000855 seconds, Stopping threads took: 0.0000320 seconds
[2019-12-08T10:02:37.453+0000][1][safepoint    ] Application time: 1.0000812 seconds
[2019-12-08T10:02:37.453+0000][1][safepoint    ] Entering safepoint region: Cleanup
[2019-12-08T10:02:37.453+0000][1][safepoint    ] Leaving safepoint region
[2019-12-08T10:02:37.453+0000][1][safepoint    ] Total time for which application threads were stopped: 0.0000844 seconds, Stopping threads took: 0.0000173 seconds
[2019-12-08T10:02:38.453+0000][1][safepoint    ] Application time: 1.0000827 seconds
[2019-12-08T10:02:38.453+0000][1][safepoint    ] Entering safepoint region: Cleanup
[2019-12-08T10:02:38.454+0000][1][safepoint    ] Leaving safepoint region
[2019-12-08T10:02:38.454+0000][1][safepoint    ] Total time for which application threads were stopped: 0.0000761 seconds, Stopping threads took: 0.0000176 seconds
[2019-12-08T10:02:39.454+0000][1][safepoint    ] Application time: 1.0000786 seconds
[2019-12-08T10:02:39.454+0000][1][safepoint    ] Entering safepoint region: Cleanup
[2019-12-08T10:02:39.454+0000][1][safepoint    ] Leaving safepoint region
[2019-12-08T10:02:39.454+0000][1][safepoint    ] Total time for which application threads were stopped: 0.0000954 seconds, Stopping threads took: 0.0000166 seconds
[2019-12-08T10:02:40.454+0000][1][safepoint    ] Application time: 1.0000806 seconds
[2019-12-08T10:02:40.454+0000][1][safepoint    ] Entering safepoint region: Cleanup
[2019-12-08T10:02:40.454+0000][1][safepoint    ] Leaving safepoint region
[2019-12-08T10:02:40.454+0000][1][safepoint    ] Total time for which application threads were stopped: 0.0000698 seconds, Stopping threads took: 0.0000160 seconds
[2019-12-08T10:02:41.454+0000][1][safepoint    ] Application time: 1.0000837 seconds
[2019-12-08T10:02:41.454+0000][1][safepoint    ] Entering safepoint region: Cleanup
[2019-12-08T10:02:41.454+0000][1][safepoint    ] Leaving safepoint region
[2019-12-08T10:02:41.454+0000][1][safepoint    ] Total time for which application threads were stopped: 0.0000816 seconds, Stopping threads took: 0.0000252 seconds
[2019-12-08T10:02:42.454+0000][1][safepoint    ] Application time: 1.0000786 seconds
[2019-12-08T10:02:42.454+0000][1][safepoint    ] Entering safepoint region: Cleanup
[2019-12-08T10:02:42.454+0000][1][safepoint    ] Leaving safepoint region
[2019-12-08T10:02:42.454+0000][1][safepoint    ] Total time for which application threads were stopped: 0.0000735 seconds, Stopping threads took: 0.0000179 seconds
[2019-12-08T10:02:43.454+0000][1][safepoint    ] Application time: 1.0000868 seconds
[2019-12-08T10:02:43.454+0000][1][safepoint    ] Entering safepoint region: Cleanup
[2019-12-08T10:02:43.455+0000][1][safepoint    ] Leaving safepoint region
[2019-12-08T10:02:43.455+0000][1][safepoint    ] Total time for which application threads were stopped: 0.0001002 seconds, Stopping threads took: 0.0000239 seconds
[2019-12-08T10:02:44.455+0000][1][safepoint    ] Application time: 1.0000828 seconds
[2019-12-08T10:02:44.455+0000][1][safepoint    ] Entering safepoint region: Cleanup
[2019-12-08T10:02:44.455+0000][1][safepoint    ] Leaving safepoint region
[2019-12-08T10:02:44.455+0000][1][safepoint    ] Total time for which application threads were stopped: 0.0000743 seconds, Stopping threads took: 0.0000173 seconds
[2019-12-08T10:02:45.455+0000][1][safepoint    ] Application time: 1.0000785 seconds
[2019-12-08T10:02:45.455+0000][1][safepoint    ] Entering safepoint region: Cleanup
[2019-12-08T10:02:45.455+0000][1][safepoint    ] Leaving safepoint region
[2019-12-08T10:02:45.455+0000][1][safepoint    ] Total time for which application threads were stopped: 0.0000719 seconds, Stopping threads took: 0.0000171 seconds
[2019-12-08T10:02:46.455+0000][1][safepoint    ] Application time: 1.0000799 seconds
[2019-12-08T10:02:46.455+0000][1][safepoint    ] Entering safepoint region: Cleanup
[2019-12-08T10:02:46.455+0000][1][safepoint    ] Leaving safepoint region
[2019-12-08T10:02:46.455+0000][1][safepoint    ] Total time for which application threads were stopped: 0.0000728 seconds, Stopping threads took: 0.0000169 seconds
[2019-12-08T10:02:47.455+0000][1][safepoint    ] Application time: 1.0000792 seconds
[2019-12-08T10:02:47.455+0000][1][safepoint    ] Entering safepoint region: Cleanup
[2019-12-08T10:02:47.455+0000][1][safepoint    ] Leaving safepoint region
[2019-12-08T10:02:47.455+0000][1][safepoint    ] Total time for which application threads were stopped: 0.0000706 seconds, Stopping threads took: 0.0000170 seconds
[2019-12-08T10:02:48.455+0000][1][safepoint    ] Application time: 1.0000807 seconds
[2019-12-08T10:02:48.456+0000][1][safepoint    ] Entering safepoint region: Cleanup
[2019-12-08T10:02:48.456+0000][1][safepoint    ] Leaving safepoint region
[2019-12-08T10:02:48.456+0000][1][safepoint    ] Total time for which application threads were stopped: 0.0000757 seconds, Stopping threads took: 0.0000182 seconds
[2019-12-08T10:02:49.456+0000][1][safepoint    ] Application time: 1.0000776 seconds
[2019-12-08T10:02:49.456+0000][1][safepoint    ] Entering safepoint region: Cleanup
[2019-12-08T10:02:49.456+0000][1][safepoint    ] Leaving safepoint region
[2019-12-08T10:02:49.456+0000][1][safepoint    ] Total time for which application threads were stopped: 0.0000730 seconds, Stopping threads took: 0.0000171 seconds
[2019-12-08T10:02:50.456+0000][1][safepoint    ] Application time: 1.0000778 seconds
[2019-12-08T10:02:50.456+0000][1][safepoint    ] Entering safepoint region: Cleanup
[2019-12-08T10:02:50.456+0000][1][safepoint    ] Leaving safepoint region
[2019-12-08T10:02:50.456+0000][1][safepoint    ] Total time for which application threads were stopped: 0.0000783 seconds, Stopping threads took: 0.0000174 seconds
[2019-12-08T10:02:51.456+0000][1][safepoint    ] Application time: 1.0000757 seconds
[2019-12-08T10:02:51.456+0000][1][safepoint    ] Entering safepoint region: Cleanup
[2019-12-08T10:02:51.456+0000][1][safepoint    ] Leaving safepoint region
[2019-12-08T10:02:51.456+0000][1][safepoint    ] Total time for which application threads were stopped: 0.0000851 seconds, Stopping threads took: 0.0000303 seconds
[2019-12-08T10:02:52.456+0000][1][safepoint    ] Application time: 1.0000864 seconds
[2019-12-08T10:02:52.456+0000][1][safepoint    ] Entering safepoint region: Cleanup
[2019-12-08T10:02:52.456+0000][1][safepoint    ] Leaving safepoint region
[2019-12-08T10:02:52.456+0000][1][safepoint    ] Total time for which application threads were stopped: 0.0001033 seconds, Stopping threads took: 0.0000510 seconds
[2019-12-08T10:02:53.457+0000][1][safepoint    ] Application time: 1.0000857 seconds
[2019-12-08T10:02:53.457+0000][1][safepoint    ] Entering safepoint region: Cleanup
[2019-12-08T10:02:53.457+0000][1][safepoint    ] Leaving safepoint region
[2019-12-08T10:02:53.457+0000][1][safepoint    ] Total time for which application threads were stopped: 0.0001232 seconds, Stopping threads took: 0.0000494 seconds
[2019-12-08T10:02:54.457+0000][1][safepoint    ] Application time: 1.0000903 seconds
[2019-12-08T10:02:54.457+0000][1][safepoint    ] Entering safepoint region: Cleanup
[2019-12-08T10:02:54.457+0000][1][safepoint    ] Leaving safepoint region
[2019-12-08T10:02:54.457+0000][1][safepoint    ] Total time for which application threads were stopped: 0.0000996 seconds, Stopping threads took: 0.0000437 seconds
[2019-12-08T10:02:55.457+0000][1][safepoint    ] Application time: 1.0000863 seconds
[2019-12-08T10:02:55.457+0000][1][safepoint    ] Entering safepoint region: Cleanup
[2019-12-08T10:02:55.457+0000][1][safepoint    ] Leaving safepoint region
[2019-12-08T10:02:55.457+0000][1][safepoint    ] Total time for which application threads were stopped: 0.0000688 seconds, Stopping threads took: 0.0000156 seconds
[2019-12-08T10:02:56.457+0000][1][safepoint    ] Application time: 1.0000787 seconds
[2019-12-08T10:02:56.457+0000][1][safepoint    ] Entering safepoint region: Cleanup
[2019-12-08T10:02:56.457+0000][1][safepoint    ] Leaving safepoint region
[2019-12-08T10:02:56.457+0000][1][safepoint    ] Total time for which application threads were stopped: 0.0000752 seconds, Stopping threads took: 0.0000178 seconds
[2019-12-08T10:02:57.457+0000][1][safepoint    ] Application time: 1.0000772 seconds
[2019-12-08T10:02:57.457+0000][1][safepoint    ] Entering safepoint region: Cleanup
[2019-12-08T10:02:57.458+0000][1][safepoint    ] Leaving safepoint region
[2019-12-08T10:02:57.458+0000][1][safepoint    ] Total time for which application threads were stopped: 0.0000711 seconds, Stopping threads took: 0.0000166 seconds
[2019-12-08T10:02:58.458+0000][1][safepoint    ] Application time: 1.0000768 seconds
[2019-12-08T10:02:58.458+0000][1][safepoint    ] Entering safepoint region: Cleanup
[2019-12-08T10:02:58.458+0000][1][safepoint    ] Leaving safepoint region
[2019-12-08T10:02:58.458+0000][1][safepoint    ] Total time for which application threads were stopped: 0.0000868 seconds, Stopping threads took: 0.0000183 seconds
[2019-12-08T10:02:59.458+0000][1][safepoint    ] Application time: 1.0000777 seconds
[2019-12-08T10:02:59.458+0000][1][safepoint    ] Entering safepoint region: Cleanup
[2019-12-08T10:02:59.458+0000][1][safepoint    ] Leaving safepoint region
[2019-12-08T10:02:59.458+0000][1][safepoint    ] Total time for which application threads were stopped: 0.0000739 seconds, Stopping threads took: 0.0000180 seconds
[2019-12-08T10:03:00.458+0000][1][safepoint    ] Application time: 1.0000783 seconds
[2019-12-08T10:03:00.458+0000][1][safepoint    ] Entering safepoint region: Cleanup
[2019-12-08T10:03:00.458+0000][1][safepoint    ] Leaving safepoint region
[2019-12-08T10:03:00.458+0000][1][safepoint    ] Total time for which application threads were stopped: 0.0000673 seconds, Stopping threads took: 0.0000153 seconds
[2019-12-08T10:03:01.458+0000][1][safepoint    ] Application time: 1.0000807 seconds
[2019-12-08T10:03:01.458+0000][1][safepoint    ] Entering safepoint region: Cleanup
[2019-12-08T10:03:01.458+0000][1][safepoint    ] Leaving safepoint region
[2019-12-08T10:03:01.458+0000][1][safepoint    ] Total time for which application threads were stopped: 0.0000866 seconds, Stopping threads took: 0.0000254 seconds
[2019-12-08T10:03:02.458+0000][1][safepoint    ] Application time: 1.0000786 seconds
[2019-12-08T10:03:02.458+0000][1][safepoint    ] Entering safepoint region: Cleanup
[2019-12-08T10:03:02.458+0000][1][safepoint    ] Leaving safepoint region
[2019-12-08T10:03:02.458+0000][1][safepoint    ] Total time for which application threads were stopped: 0.0000711 seconds, Stopping threads took: 0.0000181 seconds
[2019-12-08T10:03:03.459+0000][1][safepoint    ] Application time: 1.0000786 seconds
[2019-12-08T10:03:03.459+0000][1][safepoint    ] Entering safepoint region: Cleanup
[2019-12-08T10:03:03.459+0000][1][safepoint    ] Leaving safepoint region
[2019-12-08T10:03:03.459+0000][1][safepoint    ] Total time for which application threads were stopped: 0.0000837 seconds, Stopping threads took: 0.0000177 seconds
[2019-12-08T10:03:04.459+0000][1][safepoint    ] Application time: 1.0000807 seconds
[2019-12-08T10:03:04.459+0000][1][safepoint    ] Entering safepoint region: Cleanup
[2019-12-08T10:03:04.459+0000][1][safepoint    ] Leaving safepoint region
[2019-12-08T10:03:04.459+0000][1][safepoint    ] Total time for which application threads were stopped: 0.0000714 seconds, Stopping threads took: 0.0000178 seconds
[2019-12-08T10:03:05.459+0000][1][safepoint    ] Application time: 1.0000837 seconds
[2019-12-08T10:03:05.459+0000][1][safepoint    ] Entering safepoint region: Cleanup
[2019-12-08T10:03:05.459+0000][1][safepoint    ] Leaving safepoint region
[2019-12-08T10:03:05.459+0000][1][safepoint    ] Total time for which application threads were stopped: 0.0000670 seconds, Stopping threads took: 0.0000157 seconds
[2019-12-08T10:03:06.459+0000][1][safepoint    ] Application time: 1.0000898 seconds
[2019-12-08T10:03:06.459+0000][1][safepoint    ] Entering safepoint region: Cleanup
[2019-12-08T10:03:06.459+0000][1][safepoint    ] Leaving safepoint region
[2019-12-08T10:03:06.459+0000][1][safepoint    ] Total time for which application threads were stopped: 0.0000739 seconds, Stopping threads took: 0.0000188 seconds
[2019-12-08T10:03:07.459+0000][1][safepoint    ] Application time: 1.0000789 seconds
[2019-12-08T10:03:07.459+0000][1][safepoint    ] Entering safepoint region: Cleanup
[2019-12-08T10:03:07.459+0000][1][safepoint    ] Leaving safepoint region
[2019-12-08T10:03:07.459+0000][1][safepoint    ] Total time for which application threads were stopped: 0.0000681 seconds, Stopping threads took: 0.0000166 seconds
[2019-12-08T10:03:08.460+0000][1][safepoint    ] Application time: 1.0000757 seconds
[2019-12-08T10:03:08.460+0000][1][safepoint    ] Entering safepoint region: Cleanup
[2019-12-08T10:03:08.460+0000][1][safepoint    ] Leaving safepoint region
[2019-12-08T10:03:08.460+0000][1][safepoint    ] Total time for which application threads were stopped: 0.0000721 seconds, Stopping threads took: 0.0000180 seconds
[2019-12-08T10:03:09.460+0000][1][safepoint    ] Application time: 1.0000770 seconds
[2019-12-08T10:03:09.460+0000][1][safepoint    ] Entering safepoint region: Cleanup
[2019-12-08T10:03:09.460+0000][1][safepoint    ] Leaving safepoint region
[2019-12-08T10:03:09.460+0000][1][safepoint    ] Total time for which application threads were stopped: 0.0000701 seconds, Stopping threads took: 0.0000179 seconds
[2019-12-08T10:03:10.460+0000][1][safepoint    ] Application time: 1.0000792 seconds
[2019-12-08T10:03:10.460+0000][1][safepoint    ] Entering safepoint region: Cleanup
[2019-12-08T10:03:10.460+0000][1][safepoint    ] Leaving safepoint region
[2019-12-08T10:03:10.460+0000][1][safepoint    ] Total time for which application threads were stopped: 0.0000852 seconds, Stopping threads took: 0.0000330 seconds
[2019-12-08T10:03:11.460+0000][1][safepoint    ] Application time: 1.0000753 seconds
[2019-12-08T10:03:11.460+0000][1][safepoint    ] Entering safepoint region: Cleanup
[2019-12-08T10:03:11.460+0000][1][safepoint    ] Leaving safepoint region
[2019-12-08T10:03:11.460+0000][1][safepoint    ] Total time for which application threads were stopped: 0.0000774 seconds, Stopping threads took: 0.0000170 seconds
[2019-12-08T10:03:12.460+0000][1][safepoint    ] Application time: 1.0000793 seconds
[2019-12-08T10:03:12.460+0000][1][safepoint    ] Entering safepoint region: Cleanup
[2019-12-08T10:03:12.460+0000][1][safepoint    ] Leaving safepoint region
[2019-12-08T10:03:12.460+0000][1][safepoint    ] Total time for which application threads were stopped: 0.0000717 seconds, Stopping threads took: 0.0000180 seconds
[2019-12-08T10:03:13.461+0000][1][safepoint    ] Application time: 1.0000773 seconds
[2019-12-08T10:03:13.461+0000][1][safepoint    ] Entering safepoint region: Cleanup
[2019-12-08T10:03:13.461+0000][1][safepoint    ] Leaving safepoint region
[2019-12-08T10:03:13.461+0000][1][safepoint    ] Total time for which application threads were stopped: 0.0000694 seconds, Stopping threads took: 0.0000172 seconds
[2019-12-08T10:03:14.461+0000][1][safepoint    ] Application time: 1.0000851 seconds
[2019-12-08T10:03:14.461+0000][1][safepoint    ] Entering safepoint region: Cleanup
[2019-12-08T10:03:14.461+0000][1][safepoint    ] Leaving safepoint region
[2019-12-08T10:03:14.461+0000][1][safepoint    ] Total time for which application threads were stopped: 0.0000737 seconds, Stopping threads took: 0.0000185 seconds
[2019-12-08T10:03:15.461+0000][1][safepoint    ] Application time: 1.0000792 seconds
[2019-12-08T10:03:15.461+0000][1][safepoint    ] Entering safepoint region: Cleanup
[2019-12-08T10:03:15.461+0000][1][safepoint    ] Leaving safepoint region
[2019-12-08T10:03:15.461+0000][1][safepoint    ] Total time for which application threads were stopped: 0.0000695 seconds, Stopping threads took: 0.0000177 seconds
[2019-12-08T10:03:16.461+0000][1][safepoint    ] Application time: 1.0000818 seconds
[2019-12-08T10:03:16.461+0000][1][safepoint    ] Entering safepoint region: Cleanup
[2019-12-08T10:03:16.461+0000][1][safepoint    ] Leaving safepoint region
[2019-12-08T10:03:16.461+0000][1][safepoint    ] Total time for which application threads were stopped: 0.0000834 seconds, Stopping threads took: 0.0000314 seconds
[2019-12-08T10:03:17.461+0000][1][safepoint    ] Application time: 1.0000835 seconds
[2019-12-08T10:03:17.461+0000][1][safepoint    ] Entering safepoint region: Cleanup
[2019-12-08T10:03:17.461+0000][1][safepoint    ] Leaving safepoint region
[2019-12-08T10:03:17.461+0000][1][safepoint    ] Total time for which application threads were stopped: 0.0000841 seconds, Stopping threads took: 0.0000181 seconds
[2019-12-08T10:03:18.462+0000][1][safepoint    ] Application time: 1.0000807 seconds
[2019-12-08T10:03:18.462+0000][1][safepoint    ] Entering safepoint region: Cleanup
[2019-12-08T10:03:18.462+0000][1][safepoint    ] Leaving safepoint region
[2019-12-08T10:03:18.462+0000][1][safepoint    ] Total time for which application threads were stopped: 0.0000779 seconds, Stopping threads took: 0.0000179 seconds
[2019-12-08T10:03:19.462+0000][1][safepoint    ] Application time: 1.0000798 seconds
[2019-12-08T10:03:19.462+0000][1][safepoint    ] Entering safepoint region: Cleanup
[2019-12-08T10:03:19.462+0000][1][safepoint    ] Leaving safepoint region
[2019-12-08T10:03:19.462+0000][1][safepoint    ] Total time for which application threads were stopped: 0.0000767 seconds, Stopping threads took: 0.0000173 seconds
[2019-12-08T10:03:20.462+0000][1][safepoint    ] Application time: 1.0000767 seconds
[2019-12-08T10:03:20.462+0000][1][safepoint    ] Entering safepoint region: Cleanup
[2019-12-08T10:03:20.462+0000][1][safepoint    ] Leaving safepoint region
[2019-12-08T10:03:20.462+0000][1][safepoint    ] Total time for which application threads were stopped: 0.0000687 seconds, Stopping threads took: 0.0000163 seconds
[2019-12-08T10:03:21.462+0000][1][safepoint    ] Application time: 1.0000755 seconds
[2019-12-08T10:03:21.462+0000][1][safepoint    ] Entering safepoint region: Cleanup
[2019-12-08T10:03:21.462+0000][1][safepoint    ] Leaving safepoint region
[2019-12-08T10:03:21.462+0000][1][safepoint    ] Total time for which application threads were stopped: 0.0000786 seconds, Stopping threads took: 0.0000215 seconds
[2019-12-08T10:03:22.462+0000][1][safepoint    ] Application time: 1.0000761 seconds
[2019-12-08T10:03:22.462+0000][1][safepoint    ] Entering safepoint region: Cleanup
[2019-12-08T10:03:22.462+0000][1][safepoint    ] Leaving safepoint region
[2019-12-08T10:03:22.462+0000][1][safepoint    ] Total time for which application threads were stopped: 0.0000703 seconds, Stopping threads took: 0.0000182 seconds
[2019-12-08T10:03:23.462+0000][1][safepoint    ] Application time: 1.0000758 seconds
[2019-12-08T10:03:23.462+0000][1][safepoint    ] Entering safepoint region: Cleanup
[2019-12-08T10:03:23.463+0000][1][safepoint    ] Leaving safepoint region
[2019-12-08T10:03:23.463+0000][1][safepoint    ] Total time for which application threads were stopped: 0.0000702 seconds, Stopping threads took: 0.0000182 seconds
[2019-12-08T10:03:24.583+0000][1][safepoint    ] Application time: 1.1205523 seconds
[2019-12-08T10:03:24.583+0000][1][safepoint    ] Entering safepoint region: Cleanup
[2019-12-08T10:03:24.583+0000][1][safepoint    ] Leaving safepoint region
[2019-12-08T10:03:24.583+0000][1][safepoint    ] Total time for which application threads were stopped: 0.0001346 seconds, Stopping threads took: 0.0000485 seconds
[2019-12-08T10:03:26.492+0000][1][safepoint    ] Application time: 1.9090721 seconds
[2019-12-08T10:03:26.492+0000][1][safepoint    ] Entering safepoint region: Cleanup
[2019-12-08T10:03:26.492+0000][1][safepoint    ] Leaving safepoint region
[2019-12-08T10:03:26.492+0000][1][safepoint    ] Total time for which application threads were stopped: 0.0000678 seconds, Stopping threads took: 0.0000163 seconds
[2019-12-08T10:03:27.493+0000][1][safepoint    ] Application time: 1.0000813 seconds
[2019-12-08T10:03:27.493+0000][1][safepoint    ] Entering safepoint region: Cleanup
[2019-12-08T10:03:27.493+0000][1][safepoint    ] Leaving safepoint region
[2019-12-08T10:03:27.493+0000][1][safepoint    ] Total time for which application threads were stopped: 0.0000786 seconds, Stopping threads took: 0.0000253 seconds
[2019-12-08T10:03:28.493+0000][1][safepoint    ] Application time: 1.0000859 seconds
[2019-12-08T10:03:28.493+0000][1][safepoint    ] Entering safepoint region: Cleanup
[2019-12-08T10:03:28.493+0000][1][safepoint    ] Leaving safepoint region
[2019-12-08T10:03:28.493+0000][1][safepoint    ] Total time for which application threads were stopped: 0.0000697 seconds, Stopping threads took: 0.0000168 seconds
[2019-12-08T10:03:29.493+0000][1][safepoint    ] Application time: 1.0000797 seconds
[2019-12-08T10:03:29.493+0000][1][safepoint    ] Entering safepoint region: Cleanup
[2019-12-08T10:03:29.493+0000][1][safepoint    ] Leaving safepoint region
[2019-12-08T10:03:29.493+0000][1][safepoint    ] Total time for which application threads were stopped: 0.0000685 seconds, Stopping threads took: 0.0000160 seconds
[2019-12-08T10:03:30.493+0000][1][safepoint    ] Application time: 1.0000767 seconds
[2019-12-08T10:03:30.493+0000][1][safepoint    ] Entering safepoint region: Cleanup
[2019-12-08T10:03:30.493+0000][1][safepoint    ] Leaving safepoint region
[2019-12-08T10:03:30.493+0000][1][safepoint    ] Total time for which application threads were stopped: 0.0000730 seconds, Stopping threads took: 0.0000166 seconds
[2019-12-08T10:03:31.493+0000][1][safepoint    ] Application time: 1.0000769 seconds
[2019-12-08T10:03:31.493+0000][1][safepoint    ] Entering safepoint region: Cleanup
[2019-12-08T10:03:31.493+0000][1][safepoint    ] Leaving safepoint region
[2019-12-08T10:03:31.493+0000][1][safepoint    ] Total time for which application threads were stopped: 0.0000683 seconds, Stopping threads took: 0.0000165 seconds
[2019-12-08T10:03:32.494+0000][1][safepoint    ] Application time: 1.0000830 seconds
[2019-12-08T10:03:32.494+0000][1][safepoint    ] Entering safepoint region: Cleanup
[2019-12-08T10:03:32.494+0000][1][safepoint    ] Leaving safepoint region
[2019-12-08T10:03:32.494+0000][1][safepoint    ] Total time for which application threads were stopped: 0.0000843 seconds, Stopping threads took: 0.0000162 seconds
[2019-12-08T10:03:33.494+0000][1][safepoint    ] Application time: 1.0000786 seconds
[2019-12-08T10:03:33.494+0000][1][safepoint    ] Entering safepoint region: Cleanup
[2019-12-08T10:03:33.494+0000][1][safepoint    ] Leaving safepoint region
[2019-12-08T10:03:33.494+0000][1][safepoint    ] Total time for which application threads were stopped: 0.0000691 seconds, Stopping threads took: 0.0000166 seconds
[2019-12-08T10:03:34.494+0000][1][safepoint    ] Application time: 1.0000785 seconds
[2019-12-08T10:03:34.494+0000][1][safepoint    ] Entering safepoint region: Cleanup
[2019-12-08T10:03:34.494+0000][1][safepoint    ] Leaving safepoint region
[2019-12-08T10:03:34.494+0000][1][safepoint    ] Total time for which application threads were stopped: 0.0000697 seconds, Stopping threads took: 0.0000168 seconds
[2019-12-08T10:03:35.494+0000][1][safepoint    ] Application time: 1.0000758 seconds
[2019-12-08T10:03:35.494+0000][1][safepoint    ] Entering safepoint region: Cleanup
[2019-12-08T10:03:35.494+0000][1][safepoint    ] Leaving safepoint region
[2019-12-08T10:03:35.494+0000][1][safepoint    ] Total time for which application threads were stopped: 0.0000660 seconds, Stopping threads took: 0.0000147 seconds
[2019-12-08T10:03:36.494+0000][1][safepoint    ] Application time: 1.0000855 seconds
[2019-12-08T10:03:36.494+0000][1][safepoint    ] Entering safepoint region: Cleanup
[2019-12-08T10:03:36.494+0000][1][safepoint    ] Leaving safepoint region
[2019-12-08T10:03:36.494+0000][1][safepoint    ] Total time for which application threads were stopped: 0.0000934 seconds, Stopping threads took: 0.0000236 seconds
[2019-12-08T10:03:37.495+0000][1][safepoint    ] Application time: 1.0000817 seconds
[2019-12-08T10:03:37.495+0000][1][safepoint    ] Entering safepoint region: Cleanup
[2019-12-08T10:03:37.495+0000][1][safepoint    ] Leaving safepoint region
[2019-12-08T10:03:37.495+0000][1][safepoint    ] Total time for which application threads were stopped: 0.0000753 seconds, Stopping threads took: 0.0000236 seconds
[2019-12-08T10:03:38.495+0000][1][safepoint    ] Application time: 1.0000745 seconds
[2019-12-08T10:03:38.495+0000][1][safepoint    ] Entering safepoint region: Cleanup
[2019-12-08T10:03:38.495+0000][1][safepoint    ] Leaving safepoint region
[2019-12-08T10:03:38.495+0000][1][safepoint    ] Total time for which application threads were stopped: 0.0000654 seconds, Stopping threads took: 0.0000153 seconds
[2019-12-08T10:03:39.495+0000][1][safepoint    ] Application time: 1.0000758 seconds
[2019-12-08T10:03:39.495+0000][1][safepoint    ] Entering safepoint region: Cleanup
[2019-12-08T10:03:39.495+0000][1][safepoint    ] Leaving safepoint region
[2019-12-08T10:03:39.495+0000][1][safepoint    ] Total time for which application threads were stopped: 0.0000690 seconds, Stopping threads took: 0.0000158 seconds
[2019-12-08T10:03:40.495+0000][1][safepoint    ] Application time: 1.0000748 seconds
[2019-12-08T10:03:40.495+0000][1][safepoint    ] Entering safepoint region: Cleanup
[2019-12-08T10:03:40.495+0000][1][safepoint    ] Leaving safepoint region
[2019-12-08T10:03:40.495+0000][1][safepoint    ] Total time for which application threads were stopped: 0.0000665 seconds, Stopping threads took: 0.0000153 seconds
[2019-12-08T10:03:41.495+0000][1][safepoint    ] Application time: 1.0000785 seconds
[2019-12-08T10:03:41.495+0000][1][safepoint    ] Entering safepoint region: Cleanup
[2019-12-08T10:03:41.495+0000][1][safepoint    ] Leaving safepoint region
[2019-12-08T10:03:41.495+0000][1][safepoint    ] Total time for which application threads were stopped: 0.0000696 seconds, Stopping threads took: 0.0000160 seconds
[2019-12-08T10:03:42.495+0000][1][safepoint    ] Application time: 1.0000790 seconds
[2019-12-08T10:03:42.495+0000][1][safepoint    ] Entering safepoint region: Cleanup
[2019-12-08T10:03:42.496+0000][1][safepoint    ] Leaving safepoint region
[2019-12-08T10:03:42.496+0000][1][safepoint    ] Total time for which application threads were stopped: 0.0000677 seconds, Stopping threads took: 0.0000162 seconds
[2019-12-08T10:03:43.496+0000][1][safepoint    ] Application time: 1.0000806 seconds
[2019-12-08T10:03:43.496+0000][1][safepoint    ] Entering safepoint region: Cleanup
[2019-12-08T10:03:43.496+0000][1][safepoint    ] Leaving safepoint region
[2019-12-08T10:03:43.496+0000][1][safepoint    ] Total time for which application threads were stopped: 0.0000782 seconds, Stopping threads took: 0.0000253 seconds
[2019-12-08T10:03:44.496+0000][1][safepoint    ] Application time: 1.0000824 seconds
[2019-12-08T10:03:44.496+0000][1][safepoint    ] Entering safepoint region: Cleanup
[2019-12-08T10:03:44.496+0000][1][safepoint    ] Leaving safepoint region
[2019-12-08T10:03:44.496+0000][1][safepoint    ] Total time for which application threads were stopped: 0.0000723 seconds, Stopping threads took: 0.0000152 seconds
[2019-12-08T10:03:45.496+0000][1][safepoint    ] Application time: 1.0000781 seconds
[2019-12-08T10:03:45.496+0000][1][safepoint    ] Entering safepoint region: Cleanup
[2019-12-08T10:03:45.496+0000][1][safepoint    ] Leaving safepoint region
[2019-12-08T10:03:45.496+0000][1][safepoint    ] Total time for which application threads were stopped: 0.0000656 seconds, Stopping threads took: 0.0000156 seconds
[2019-12-08T10:03:46.496+0000][1][safepoint    ] Application time: 1.0000772 seconds
[2019-12-08T10:03:46.496+0000][1][safepoint    ] Entering safepoint region: Cleanup
[2019-12-08T10:03:46.496+0000][1][safepoint    ] Leaving safepoint region
[2019-12-08T10:03:46.496+0000][1][safepoint    ] Total time for which application threads were stopped: 0.0000673 seconds, Stopping threads took: 0.0000163 seconds
[2019-12-08T10:03:47.496+0000][1][safepoint    ] Application time: 1.0000774 seconds
[2019-12-08T10:03:47.496+0000][1][safepoint    ] Entering safepoint region: Cleanup
[2019-12-08T10:03:47.496+0000][1][safepoint    ] Leaving safepoint region
[2019-12-08T10:03:47.496+0000][1][safepoint    ] Total time for which application threads were stopped: 0.0000713 seconds, Stopping threads took: 0.0000172 seconds
[2019-12-08T10:03:48.497+0000][1][safepoint    ] Application time: 1.0000826 seconds
[2019-12-08T10:03:48.497+0000][1][safepoint    ] Entering safepoint region: Cleanup
[2019-12-08T10:03:48.497+0000][1][safepoint    ] Leaving safepoint region
[2019-12-08T10:03:48.497+0000][1][safepoint    ] Total time for which application threads were stopped: 0.0000829 seconds, Stopping threads took: 0.0000176 seconds
[2019-12-08T10:03:49.497+0000][1][safepoint    ] Application time: 1.0000783 seconds
[2019-12-08T10:03:49.497+0000][1][safepoint    ] Entering safepoint region: Cleanup
[2019-12-08T10:03:49.497+0000][1][safepoint    ] Leaving safepoint region
[2019-12-08T10:03:49.497+0000][1][safepoint    ] Total time for which application threads were stopped: 0.0000682 seconds, Stopping threads took: 0.0000163 seconds
[2019-12-08T10:03:50.497+0000][1][safepoint    ] Application time: 1.0000779 seconds
[2019-12-08T10:03:50.497+0000][1][safepoint    ] Entering safepoint region: Cleanup
[2019-12-08T10:03:50.497+0000][1][safepoint    ] Leaving safepoint region
[2019-12-08T10:03:50.497+0000][1][safepoint    ] Total time for which application threads were stopped: 0.0000672 seconds, Stopping threads took: 0.0000158 seconds
[2019-12-08T10:03:51.497+0000][1][safepoint    ] Application time: 1.0000802 seconds
[2019-12-08T10:03:51.497+0000][1][safepoint    ] Entering safepoint region: Cleanup
[2019-12-08T10:03:51.497+0000][1][safepoint    ] Leaving safepoint region
[2019-12-08T10:03:51.497+0000][1][safepoint    ] Total time for which application threads were stopped: 0.0000701 seconds, Stopping threads took: 0.0000171 seconds
[2019-12-08T10:03:52.497+0000][1][safepoint    ] Application time: 1.0000932 seconds
[2019-12-08T10:03:52.497+0000][1][safepoint    ] Entering safepoint region: Cleanup
[2019-12-08T10:03:52.497+0000][1][safepoint    ] Leaving safepoint region
[2019-12-08T10:03:52.497+0000][1][safepoint    ] Total time for which application threads were stopped: 0.0000735 seconds, Stopping threads took: 0.0000189 seconds
[2019-12-08T10:03:53.498+0000][1][safepoint    ] Application time: 1.0000845 seconds
[2019-12-08T10:03:53.498+0000][1][safepoint    ] Entering safepoint region: Cleanup
[2019-12-08T10:03:53.498+0000][1][safepoint    ] Leaving safepoint region
[2019-12-08T10:03:53.498+0000][1][safepoint    ] Total time for which application threads were stopped: 0.0000855 seconds, Stopping threads took: 0.0000168 seconds
[2019-12-08T10:03:54.498+0000][1][safepoint    ] Application time: 1.0000798 seconds
[2019-12-08T10:03:54.498+0000][1][safepoint    ] Entering safepoint region: Cleanup
[2019-12-08T10:03:54.498+0000][1][safepoint    ] Leaving safepoint region
[2019-12-08T10:03:54.498+0000][1][safepoint    ] Total time for which application threads were stopped: 0.0000695 seconds, Stopping threads took: 0.0000166 seconds
[2019-12-08T10:03:55.498+0000][1][safepoint    ] Application time: 1.0000813 seconds
[2019-12-08T10:03:55.498+0000][1][safepoint    ] Entering safepoint region: Cleanup
[2019-12-08T10:03:55.498+0000][1][safepoint    ] Leaving safepoint region
[2019-12-08T10:03:55.498+0000][1][safepoint    ] Total time for which application threads were stopped: 0.0000703 seconds, Stopping threads took: 0.0000174 seconds
[2019-12-08T10:03:56.498+0000][1][safepoint    ] Application time: 1.0000825 seconds
[2019-12-08T10:03:56.498+0000][1][safepoint    ] Entering safepoint region: Cleanup
[2019-12-08T10:03:56.498+0000][1][safepoint    ] Leaving safepoint region
[2019-12-08T10:03:56.498+0000][1][safepoint    ] Total time for which application threads were stopped: 0.0000763 seconds, Stopping threads took: 0.0000181 seconds
[2019-12-08T10:03:57.498+0000][1][safepoint    ] Application time: 1.0000779 seconds
[2019-12-08T10:03:57.498+0000][1][safepoint    ] Entering safepoint region: Cleanup
[2019-12-08T10:03:57.498+0000][1][safepoint    ] Leaving safepoint region
[2019-12-08T10:03:57.498+0000][1][safepoint    ] Total time for which application threads were stopped: 0.0000717 seconds, Stopping threads took: 0.0000183 seconds
[2019-12-08T10:03:58.499+0000][1][safepoint    ] Application time: 1.0000840 seconds
[2019-12-08T10:03:58.499+0000][1][safepoint    ] Entering safepoint region: Cleanup
[2019-12-08T10:03:58.499+0000][1][safepoint    ] Leaving safepoint region
[2019-12-08T10:03:58.499+0000][1][safepoint    ] Total time for which application threads were stopped: 0.0000686 seconds, Stopping threads took: 0.0000163 seconds
[2019-12-08T10:03:59.499+0000][1][safepoint    ] Application time: 1.0000779 seconds
[2019-12-08T10:03:59.499+0000][1][safepoint    ] Entering safepoint region: Cleanup
[2019-12-08T10:03:59.499+0000][1][safepoint    ] Leaving safepoint region
[2019-12-08T10:03:59.499+0000][1][safepoint    ] Total time for which application threads were stopped: 0.0000681 seconds, Stopping threads took: 0.0000159 seconds
[2019-12-08T10:04:00.499+0000][1][safepoint    ] Application time: 1.0000880 seconds
[2019-12-08T10:04:00.499+0000][1][safepoint    ] Entering safepoint region: Cleanup
[2019-12-08T10:04:00.499+0000][1][safepoint    ] Leaving safepoint region
[2019-12-08T10:04:00.499+0000][1][safepoint    ] Total time for which application threads were stopped: 0.0000789 seconds, Stopping threads took: 0.0000181 seconds
[2019-12-08T10:04:01.499+0000][1][safepoint    ] Application time: 1.0000812 seconds
[2019-12-08T10:04:01.499+0000][1][safepoint    ] Entering safepoint region: Cleanup
[2019-12-08T10:04:01.499+0000][1][safepoint    ] Leaving safepoint region
[2019-12-08T10:04:01.499+0000][1][safepoint    ] Total time for which application threads were stopped: 0.0000707 seconds, Stopping threads took: 0.0000182 seconds
[2019-12-08T10:04:02.499+0000][1][safepoint    ] Application time: 1.0000869 seconds
[2019-12-08T10:04:02.499+0000][1][safepoint    ] Entering safepoint region: Cleanup
[2019-12-08T10:04:02.499+0000][1][safepoint    ] Leaving safepoint region
[2019-12-08T10:04:02.499+0000][1][safepoint    ] Total time for which application threads were stopped: 0.0000812 seconds, Stopping threads took: 0.0000186 seconds
[2019-12-08T10:04:03.500+0000][1][safepoint    ] Application time: 1.0000897 seconds
[2019-12-08T10:04:03.500+0000][1][safepoint    ] Entering safepoint region: Cleanup
[2019-12-08T10:04:03.500+0000][1][safepoint    ] Leaving safepoint region
[2019-12-08T10:04:03.500+0000][1][safepoint    ] Total time for which application threads were stopped: 0.0000865 seconds, Stopping threads took: 0.0000174 seconds
[2019-12-08T10:04:04.500+0000][1][safepoint    ] Application time: 1.0000866 seconds
[2019-12-08T10:04:04.500+0000][1][safepoint    ] Entering safepoint region: Cleanup
[2019-12-08T10:04:04.500+0000][1][safepoint    ] Leaving safepoint region
[2019-12-08T10:04:04.500+0000][1][safepoint    ] Total time for which application threads were stopped: 0.0000775 seconds, Stopping threads took: 0.0000176 seconds
[2019-12-08T10:04:05.500+0000][1][safepoint    ] Application time: 1.0000863 seconds
[2019-12-08T10:04:05.500+0000][1][safepoint    ] Entering safepoint region: Cleanup
[2019-12-08T10:04:05.500+0000][1][safepoint    ] Leaving safepoint region
[2019-12-08T10:04:05.500+0000][1][safepoint    ] Total time for which application threads were stopped: 0.0000709 seconds, Stopping threads took: 0.0000179 seconds
[2019-12-08T10:04:06.500+0000][1][safepoint    ] Application time: 1.0000930 seconds
[2019-12-08T10:04:06.500+0000][1][safepoint    ] Entering safepoint region: Cleanup
[2019-12-08T10:04:06.500+0000][1][safepoint    ] Leaving safepoint region
[2019-12-08T10:04:06.500+0000][1][safepoint    ] Total time for which application threads were stopped: 0.0000704 seconds, Stopping threads took: 0.0000160 seconds
[2019-12-08T10:04:06.612+0000][1][safepoint    ] Application time: 0.1119350 seconds
[2019-12-08T10:04:06.612+0000][1][safepoint    ] Entering safepoint region: GenCollectForAllocation
[2019-12-08T10:04:06.612+0000][1][gc,start     ] GC(24) Pause Young (Allocation Failure)
[2019-12-08T10:04:06.612+0000][1][gc,task      ] GC(24) Using 4 workers of 4 for evacuation
[2019-12-08T10:04:06.616+0000][1][gc,age       ] GC(24) Desired survivor size 4456448 bytes, new threshold 6 (max threshold 6)
[2019-12-08T10:04:06.616+0000][1][gc,age       ] GC(24) Age table with threshold 6 (max threshold 6)
[2019-12-08T10:04:06.616+0000][1][gc,age       ] GC(24) - age   1:      10232 bytes,      10232 total
[2019-12-08T10:04:06.616+0000][1][gc,age       ] GC(24) - age   2:       7864 bytes,      18096 total
[2019-12-08T10:04:06.616+0000][1][gc,age       ] GC(24) - age   3:     586888 bytes,     604984 total
[2019-12-08T10:04:06.616+0000][1][gc,age       ] GC(24) - age   4:    2165648 bytes,    2770632 total
[2019-12-08T10:04:06.616+0000][1][gc,heap      ] GC(24) ParNew: 74143K->4687K(78656K)
[2019-12-08T10:04:06.616+0000][1][gc,heap      ] GC(24) CMS: 66826K->66826K(174784K)
[2019-12-08T10:04:06.616+0000][1][gc,metaspace ] GC(24) Metaspace: 68201K->68201K(1112064K)
[2019-12-08T10:04:06.616+0000][1][gc           ] GC(24) Pause Young (Allocation Failure) 137M->69M(247M) 3.761ms
[2019-12-08T10:04:06.616+0000][1][gc,cpu       ] GC(24) User=0.01s Sys=0.00s Real=0.00s
[2019-12-08T10:04:06.616+0000][1][safepoint    ] Leaving safepoint region
[2019-12-08T10:04:06.616+0000][1][safepoint    ] Total time for which application threads were stopped: 0.0039042 seconds, Stopping threads took: 0.0000159 seconds
[2019-12-08T10:04:07.616+0000][1][safepoint    ] Application time: 1.0000910 seconds
[2019-12-08T10:04:07.616+0000][1][safepoint    ] Entering safepoint region: Cleanup
[2019-12-08T10:04:07.616+0000][1][safepoint    ] Leaving safepoint region
[2019-12-08T10:04:07.616+0000][1][safepoint    ] Total time for which application threads were stopped: 0.0000681 seconds, Stopping threads took: 0.0000164 seconds
[2019-12-08T10:04:08.617+0000][1][safepoint    ] Application time: 1.0000788 seconds
[2019-12-08T10:04:08.617+0000][1][safepoint    ] Entering safepoint region: Cleanup
[2019-12-08T10:04:08.617+0000][1][safepoint    ] Leaving safepoint region
[2019-12-08T10:04:08.617+0000][1][safepoint    ] Total time for which application threads were stopped: 0.0000666 seconds, Stopping threads took: 0.0000166 seconds
[2019-12-08T10:04:09.617+0000][1][safepoint    ] Application time: 1.0000842 seconds
[2019-12-08T10:04:09.617+0000][1][safepoint    ] Entering safepoint region: Cleanup
[2019-12-08T10:04:09.617+0000][1][safepoint    ] Leaving safepoint region
[2019-12-08T10:04:09.617+0000][1][safepoint    ] Total time for which application threads were stopped: 0.0000928 seconds, Stopping threads took: 0.0000238 seconds
[2019-12-08T10:04:10.617+0000][1][safepoint    ] Application time: 1.0000825 seconds
[2019-12-08T10:04:10.617+0000][1][safepoint    ] Entering safepoint region: Cleanup
[2019-12-08T10:04:10.617+0000][1][safepoint    ] Leaving safepoint region
[2019-12-08T10:04:10.617+0000][1][safepoint    ] Total time for which application threads were stopped: 0.0000672 seconds, Stopping threads took: 0.0000149 seconds
[2019-12-08T10:04:11.617+0000][1][safepoint    ] Application time: 1.0000812 seconds
[2019-12-08T10:04:11.617+0000][1][safepoint    ] Entering safepoint region: Cleanup
[2019-12-08T10:04:11.617+0000][1][safepoint    ] Leaving safepoint region
[2019-12-08T10:04:11.617+0000][1][safepoint    ] Total time for which application threads were stopped: 0.0000706 seconds, Stopping threads took: 0.0000170 seconds
[2019-12-08T10:04:12.617+0000][1][safepoint    ] Application time: 1.0000793 seconds
[2019-12-08T10:04:12.617+0000][1][safepoint    ] Entering safepoint region: Cleanup
[2019-12-08T10:04:12.617+0000][1][safepoint    ] Leaving safepoint region
[2019-12-08T10:04:12.617+0000][1][safepoint    ] Total time for which application threads were stopped: 0.0000674 seconds, Stopping threads took: 0.0000161 seconds
[2019-12-08T10:04:13.618+0000][1][safepoint    ] Application time: 1.0000770 seconds
[2019-12-08T10:04:13.618+0000][1][safepoint    ] Entering safepoint region: Cleanup
[2019-12-08T10:04:13.618+0000][1][safepoint    ] Leaving safepoint region
[2019-12-08T10:04:13.618+0000][1][safepoint    ] Total time for which application threads were stopped: 0.0000745 seconds, Stopping threads took: 0.0000164 seconds
[2019-12-08T10:04:14.618+0000][1][safepoint    ] Application time: 1.0000814 seconds
[2019-12-08T10:04:14.618+0000][1][safepoint    ] Entering safepoint region: Cleanup
[2019-12-08T10:04:14.618+0000][1][safepoint    ] Leaving safepoint region
[2019-12-08T10:04:14.618+0000][1][safepoint    ] Total time for which application threads were stopped: 0.0000730 seconds, Stopping threads took: 0.0000171 seconds
[2019-12-08T10:04:15.618+0000][1][safepoint    ] Application time: 1.0000855 seconds
[2019-12-08T10:04:15.618+0000][1][safepoint    ] Entering safepoint region: Cleanup
[2019-12-08T10:04:15.618+0000][1][safepoint    ] Leaving safepoint region
[2019-12-08T10:04:15.618+0000][1][safepoint    ] Total time for which application threads were stopped: 0.0001320 seconds, Stopping threads took: 0.0000520 seconds
[2019-12-08T10:04:16.618+0000][1][safepoint    ] Application time: 1.0000842 seconds
[2019-12-08T10:04:16.618+0000][1][safepoint    ] Entering safepoint region: Cleanup
[2019-12-08T10:04:16.618+0000][1][safepoint    ] Leaving safepoint region
[2019-12-08T10:04:16.618+0000][1][safepoint    ] Total time for which application threads were stopped: 0.0000728 seconds, Stopping threads took: 0.0000190 seconds
[2019-12-08T10:04:17.618+0000][1][safepoint    ] Application time: 1.0000674 seconds
[2019-12-08T10:04:17.618+0000][1][safepoint    ] Entering safepoint region: Cleanup
[2019-12-08T10:04:17.618+0000][1][safepoint    ] Leaving safepoint region
[2019-12-08T10:04:17.618+0000][1][safepoint    ] Total time for which application threads were stopped: 0.0000721 seconds, Stopping threads took: 0.0000176 seconds
[2019-12-08T10:04:18.619+0000][1][safepoint    ] Application time: 1.0000753 seconds
[2019-12-08T10:04:18.619+0000][1][safepoint    ] Entering safepoint region: Cleanup
[2019-12-08T10:04:18.619+0000][1][safepoint    ] Leaving safepoint region
[2019-12-08T10:04:18.619+0000][1][safepoint    ] Total time for which application threads were stopped: 0.0000828 seconds, Stopping threads took: 0.0000188 seconds
[2019-12-08T10:04:19.619+0000][1][safepoint    ] Application time: 1.0000771 seconds
[2019-12-08T10:04:19.619+0000][1][safepoint    ] Entering safepoint region: Cleanup
[2019-12-08T10:04:19.619+0000][1][safepoint    ] Leaving safepoint region
[2019-12-08T10:04:19.619+0000][1][safepoint    ] Total time for which application threads were stopped: 0.0000709 seconds, Stopping threads took: 0.0000171 seconds
[2019-12-08T10:04:20.619+0000][1][safepoint    ] Application time: 1.0000823 seconds
[2019-12-08T10:04:20.619+0000][1][safepoint    ] Entering safepoint region: Cleanup
[2019-12-08T10:04:20.619+0000][1][safepoint    ] Leaving safepoint region
[2019-12-08T10:04:20.619+0000][1][safepoint    ] Total time for which application threads were stopped: 0.0000720 seconds, Stopping threads took: 0.0000177 seconds
[2019-12-08T10:04:21.619+0000][1][safepoint    ] Application time: 1.0000682 seconds
[2019-12-08T10:04:21.619+0000][1][safepoint    ] Entering safepoint region: Cleanup
[2019-12-08T10:04:21.619+0000][1][safepoint    ] Leaving safepoint region
[2019-12-08T10:04:21.619+0000][1][safepoint    ] Total time for which application threads were stopped: 0.0000770 seconds, Stopping threads took: 0.0000160 seconds
[2019-12-08T10:04:22.619+0000][1][safepoint    ] Application time: 1.0000714 seconds
[2019-12-08T10:04:22.619+0000][1][safepoint    ] Entering safepoint region: Cleanup
[2019-12-08T10:04:22.619+0000][1][safepoint    ] Leaving safepoint region
[2019-12-08T10:04:22.619+0000][1][safepoint    ] Total time for which application threads were stopped: 0.0000743 seconds, Stopping threads took: 0.0000168 seconds
[2019-12-08T10:04:23.620+0000][1][safepoint    ] Application time: 1.0000763 seconds
[2019-12-08T10:04:23.620+0000][1][safepoint    ] Entering safepoint region: Cleanup
[2019-12-08T10:04:23.620+0000][1][safepoint    ] Leaving safepoint region
[2019-12-08T10:04:23.620+0000][1][safepoint    ] Total time for which application threads were stopped: 0.0000732 seconds, Stopping threads took: 0.0000183 seconds
[2019-12-08T10:04:24.620+0000][1][safepoint    ] Application time: 1.0000786 seconds
[2019-12-08T10:04:24.620+0000][1][safepoint    ] Entering safepoint region: Cleanup
[2019-12-08T10:04:24.620+0000][1][safepoint    ] Leaving safepoint region
[2019-12-08T10:04:24.620+0000][1][safepoint    ] Total time for which application threads were stopped: 0.0000722 seconds, Stopping threads took: 0.0000182 seconds
[2019-12-08T10:04:25.620+0000][1][safepoint    ] Application time: 1.0000759 seconds
[2019-12-08T10:04:25.620+0000][1][safepoint    ] Entering safepoint region: Cleanup
[2019-12-08T10:04:25.620+0000][1][safepoint    ] Leaving safepoint region
[2019-12-08T10:04:25.620+0000][1][safepoint    ] Total time for which application threads were stopped: 0.0000723 seconds, Stopping threads took: 0.0000175 seconds
[2019-12-08T10:04:26.620+0000][1][safepoint    ] Application time: 1.0000805 seconds
[2019-12-08T10:04:26.620+0000][1][safepoint    ] Entering safepoint region: Cleanup
[2019-12-08T10:04:26.620+0000][1][safepoint    ] Leaving safepoint region
[2019-12-08T10:04:26.620+0000][1][safepoint    ] Total time for which application threads were stopped: 0.0000703 seconds, Stopping threads took: 0.0000176 seconds
[2019-12-08T10:04:27.620+0000][1][safepoint    ] Application time: 1.0000613 seconds
[2019-12-08T10:04:27.620+0000][1][safepoint    ] Entering safepoint region: Cleanup
[2019-12-08T10:04:27.620+0000][1][safepoint    ] Leaving safepoint region
[2019-12-08T10:04:27.620+0000][1][safepoint    ] Total time for which application threads were stopped: 0.0000803 seconds, Stopping threads took: 0.0000269 seconds
[2019-12-08T10:04:28.620+0000][1][safepoint    ] Application time: 1.0000716 seconds
[2019-12-08T10:04:28.621+0000][1][safepoint    ] Entering safepoint region: Cleanup
[2019-12-08T10:04:28.621+0000][1][safepoint    ] Leaving safepoint region
[2019-12-08T10:04:28.621+0000][1][safepoint    ] Total time for which application threads were stopped: 0.0000720 seconds, Stopping threads took: 0.0000175 seconds
[2019-12-08T10:04:29.621+0000][1][safepoint    ] Application time: 1.0000818 seconds
[2019-12-08T10:04:29.621+0000][1][safepoint    ] Entering safepoint region: Cleanup
[2019-12-08T10:04:29.621+0000][1][safepoint    ] Leaving safepoint region
[2019-12-08T10:04:29.621+0000][1][safepoint    ] Total time for which application threads were stopped: 0.0000706 seconds, Stopping threads took: 0.0000181 seconds
[2019-12-08T10:04:31.484+0000][1][safepoint    ] Application time: 1.8629817 seconds
[2019-12-08T10:04:31.484+0000][1][safepoint    ] Entering safepoint region: Cleanup
[2019-12-08T10:04:31.484+0000][1][safepoint    ] Leaving safepoint region
[2019-12-08T10:04:31.484+0000][1][safepoint    ] Total time for which application threads were stopped: 0.0000697 seconds, Stopping threads took: 0.0000158 seconds
[2019-12-08T10:04:32.484+0000][1][safepoint    ] Application time: 1.0000787 seconds
[2019-12-08T10:04:32.484+0000][1][safepoint    ] Entering safepoint region: Cleanup
[2019-12-08T10:04:32.484+0000][1][safepoint    ] Leaving safepoint region
[2019-12-08T10:04:32.484+0000][1][safepoint    ] Total time for which application threads were stopped: 0.0000694 seconds, Stopping threads took: 0.0000168 seconds
[2019-12-08T10:04:33.484+0000][1][safepoint    ] Application time: 1.0000822 seconds
[2019-12-08T10:04:33.484+0000][1][safepoint    ] Entering safepoint region: Cleanup
[2019-12-08T10:04:33.484+0000][1][safepoint    ] Leaving safepoint region
[2019-12-08T10:04:33.484+0000][1][safepoint    ] Total time for which application threads were stopped: 0.0000698 seconds, Stopping threads took: 0.0000157 seconds
[2019-12-08T10:04:34.484+0000][1][safepoint    ] Application time: 1.0000778 seconds
[2019-12-08T10:04:34.484+0000][1][safepoint    ] Entering safepoint region: Cleanup
[2019-12-08T10:04:34.484+0000][1][safepoint    ] Leaving safepoint region
[2019-12-08T10:04:34.484+0000][1][safepoint    ] Total time for which application threads were stopped: 0.0000691 seconds, Stopping threads took: 0.0000165 seconds
[2019-12-08T10:04:35.485+0000][1][safepoint    ] Application time: 1.0000780 seconds
[2019-12-08T10:04:35.485+0000][1][safepoint    ] Entering safepoint region: Cleanup
[2019-12-08T10:04:35.485+0000][1][safepoint    ] Leaving safepoint region
[2019-12-08T10:04:35.485+0000][1][safepoint    ] Total time for which application threads were stopped: 0.0000693 seconds, Stopping threads took: 0.0000162 seconds
[2019-12-08T10:04:36.485+0000][1][safepoint    ] Application time: 1.0000792 seconds
[2019-12-08T10:04:36.485+0000][1][safepoint    ] Entering safepoint region: Cleanup
[2019-12-08T10:04:36.485+0000][1][safepoint    ] Leaving safepoint region
[2019-12-08T10:04:36.485+0000][1][safepoint    ] Total time for which application threads were stopped: 0.0000688 seconds, Stopping threads took: 0.0000161 seconds
[2019-12-08T10:04:37.485+0000][1][safepoint    ] Application time: 1.0000789 seconds
[2019-12-08T10:04:37.485+0000][1][safepoint    ] Entering safepoint region: Cleanup
[2019-12-08T10:04:37.485+0000][1][safepoint    ] Leaving safepoint region
[2019-12-08T10:04:37.485+0000][1][safepoint    ] Total time for which application threads were stopped: 0.0000779 seconds, Stopping threads took: 0.0000236 seconds
[2019-12-08T10:04:38.485+0000][1][safepoint    ] Application time: 1.0000806 seconds
[2019-12-08T10:04:38.485+0000][1][safepoint    ] Entering safepoint region: Cleanup
[2019-12-08T10:04:38.485+0000][1][safepoint    ] Leaving safepoint region
[2019-12-08T10:04:38.485+0000][1][safepoint    ] Total time for which application threads were stopped: 0.0000691 seconds, Stopping threads took: 0.0000166 seconds
[2019-12-08T10:04:39.485+0000][1][safepoint    ] Application time: 1.0000824 seconds
[2019-12-08T10:04:39.485+0000][1][safepoint    ] Entering safepoint region: Cleanup
[2019-12-08T10:04:39.485+0000][1][safepoint    ] Leaving safepoint region
[2019-12-08T10:04:39.485+0000][1][safepoint    ] Total time for which application threads were stopped: 0.0000690 seconds, Stopping threads took: 0.0000167 seconds
[2019-12-08T10:04:40.486+0000][1][safepoint    ] Application time: 1.0000879 seconds
[2019-12-08T10:04:40.486+0000][1][safepoint    ] Entering safepoint region: Cleanup
[2019-12-08T10:04:40.486+0000][1][safepoint    ] Leaving safepoint region
[2019-12-08T10:04:40.486+0000][1][safepoint    ] Total time for which application threads were stopped: 0.0000690 seconds, Stopping threads took: 0.0000162 seconds
[2019-12-08T10:04:41.486+0000][1][safepoint    ] Application time: 1.0000861 seconds
[2019-12-08T10:04:41.486+0000][1][safepoint    ] Entering safepoint region: Cleanup
[2019-12-08T10:04:41.486+0000][1][safepoint    ] Leaving safepoint region
[2019-12-08T10:04:41.486+0000][1][safepoint    ] Total time for which application threads were stopped: 0.0000735 seconds, Stopping threads took: 0.0000178 seconds
[2019-12-08T10:04:42.486+0000][1][safepoint    ] Application time: 1.0000830 seconds
[2019-12-08T10:04:42.486+0000][1][safepoint    ] Entering safepoint region: Cleanup
[2019-12-08T10:04:42.486+0000][1][safepoint    ] Leaving safepoint region
[2019-12-08T10:04:42.486+0000][1][safepoint    ] Total time for which application threads were stopped: 0.0000679 seconds, Stopping threads took: 0.0000169 seconds
[2019-12-08T10:04:43.486+0000][1][safepoint    ] Application time: 1.0000835 seconds
[2019-12-08T10:04:43.486+0000][1][safepoint    ] Entering safepoint region: Cleanup
[2019-12-08T10:04:43.486+0000][1][safepoint    ] Leaving safepoint region
[2019-12-08T10:04:43.486+0000][1][safepoint    ] Total time for which application threads were stopped: 0.0000700 seconds, Stopping threads took: 0.0000174 seconds
[2019-12-08T10:04:44.486+0000][1][safepoint    ] Application time: 1.0000808 seconds
[2019-12-08T10:04:44.486+0000][1][safepoint    ] Entering safepoint region: Cleanup
[2019-12-08T10:04:44.486+0000][1][safepoint    ] Leaving safepoint region
[2019-12-08T10:04:44.486+0000][1][safepoint    ] Total time for which application threads were stopped: 0.0000706 seconds, Stopping threads took: 0.0000182 seconds
[2019-12-08T10:04:45.487+0000][1][safepoint    ] Application time: 1.0000790 seconds
[2019-12-08T10:04:45.487+0000][1][safepoint    ] Entering safepoint region: Cleanup
[2019-12-08T10:04:45.487+0000][1][safepoint    ] Leaving safepoint region
[2019-12-08T10:04:45.487+0000][1][safepoint    ] Total time for which application threads were stopped: 0.0000690 seconds, Stopping threads took: 0.0000159 seconds
[2019-12-08T10:04:46.487+0000][1][safepoint    ] Application time: 1.0000799 seconds
[2019-12-08T10:04:46.487+0000][1][safepoint    ] Entering safepoint region: Cleanup
[2019-12-08T10:04:46.487+0000][1][safepoint    ] Leaving safepoint region
[2019-12-08T10:04:46.487+0000][1][safepoint    ] Total time for which application threads were stopped: 0.0000721 seconds, Stopping threads took: 0.0000175 seconds
[2019-12-08T10:04:47.487+0000][1][safepoint    ] Application time: 1.0000796 seconds
[2019-12-08T10:04:47.487+0000][1][safepoint    ] Entering safepoint region: Cleanup
[2019-12-08T10:04:47.487+0000][1][safepoint    ] Leaving safepoint region
[2019-12-08T10:04:47.487+0000][1][safepoint    ] Total time for which application threads were stopped: 0.0000695 seconds, Stopping threads took: 0.0000166 seconds
[2019-12-08T10:04:48.487+0000][1][safepoint    ] Application time: 1.0000757 seconds
[2019-12-08T10:04:48.487+0000][1][safepoint    ] Entering safepoint region: Cleanup
[2019-12-08T10:04:48.487+0000][1][safepoint    ] Leaving safepoint region
[2019-12-08T10:04:48.487+0000][1][safepoint    ] Total time for which application threads were stopped: 0.0000691 seconds, Stopping threads took: 0.0000165 seconds
[2019-12-08T10:04:49.487+0000][1][safepoint    ] Application time: 1.0000776 seconds
[2019-12-08T10:04:49.487+0000][1][safepoint    ] Entering safepoint region: Cleanup
[2019-12-08T10:04:49.487+0000][1][safepoint    ] Leaving safepoint region
[2019-12-08T10:04:49.487+0000][1][safepoint    ] Total time for which application threads were stopped: 0.0000707 seconds, Stopping threads took: 0.0000170 seconds
[2019-12-08T10:04:51.487+0000][1][safepoint    ] Application time: 1.9999105 seconds
[2019-12-08T10:04:51.487+0000][1][safepoint    ] Entering safepoint region: Cleanup
[2019-12-08T10:04:51.487+0000][1][safepoint    ] Leaving safepoint region
[2019-12-08T10:04:51.487+0000][1][safepoint    ] Total time for which application threads were stopped: 0.0000686 seconds, Stopping threads took: 0.0000169 seconds
[2019-12-08T10:04:52.487+0000][1][safepoint    ] Application time: 1.0000778 seconds
[2019-12-08T10:04:52.488+0000][1][safepoint    ] Entering safepoint region: Cleanup
[2019-12-08T10:04:52.488+0000][1][safepoint    ] Leaving safepoint region
[2019-12-08T10:04:52.488+0000][1][safepoint    ] Total time for which application threads were stopped: 0.0000734 seconds, Stopping threads took: 0.0000172 seconds
[2019-12-08T10:04:53.488+0000][1][safepoint    ] Application time: 1.0000889 seconds
[2019-12-08T10:04:53.488+0000][1][safepoint    ] Entering safepoint region: Cleanup
[2019-12-08T10:04:53.488+0000][1][safepoint    ] Leaving safepoint region
[2019-12-08T10:04:53.488+0000][1][safepoint    ] Total time for which application threads were stopped: 0.0000678 seconds, Stopping threads took: 0.0000167 seconds
[2019-12-08T10:04:54.488+0000][1][safepoint    ] Application time: 1.0000859 seconds
[2019-12-08T10:04:54.488+0000][1][safepoint    ] Entering safepoint region: Cleanup
[2019-12-08T10:04:54.488+0000][1][safepoint    ] Leaving safepoint region
[2019-12-08T10:04:54.488+0000][1][safepoint    ] Total time for which application threads were stopped: 0.0000701 seconds, Stopping threads took: 0.0000173 seconds
[2019-12-08T10:04:55.488+0000][1][safepoint    ] Application time: 1.0000790 seconds
[2019-12-08T10:04:55.488+0000][1][safepoint    ] Entering safepoint region: Cleanup
[2019-12-08T10:04:55.488+0000][1][safepoint    ] Leaving safepoint region
[2019-12-08T10:04:55.488+0000][1][safepoint    ] Total time for which application threads were stopped: 0.0000659 seconds, Stopping threads took: 0.0000160 seconds
[2019-12-08T10:04:56.488+0000][1][safepoint    ] Application time: 1.0000812 seconds
[2019-12-08T10:04:56.488+0000][1][safepoint    ] Entering safepoint region: Cleanup
[2019-12-08T10:04:56.488+0000][1][safepoint    ] Leaving safepoint region
[2019-12-08T10:04:56.488+0000][1][safepoint    ] Total time for which application threads were stopped: 0.0000695 seconds, Stopping threads took: 0.0000174 seconds
[2019-12-08T10:04:57.488+0000][1][safepoint    ] Application time: 1.0000796 seconds
[2019-12-08T10:04:57.489+0000][1][safepoint    ] Entering safepoint region: Cleanup
[2019-12-08T10:04:57.489+0000][1][safepoint    ] Leaving safepoint region
[2019-12-08T10:04:57.489+0000][1][safepoint    ] Total time for which application threads were stopped: 0.0000703 seconds, Stopping threads took: 0.0000179 seconds
[2019-12-08T10:04:58.489+0000][1][safepoint    ] Application time: 1.0000793 seconds
[2019-12-08T10:04:58.489+0000][1][safepoint    ] Entering safepoint region: Cleanup
[2019-12-08T10:04:58.489+0000][1][safepoint    ] Leaving safepoint region
[2019-12-08T10:04:58.489+0000][1][safepoint    ] Total time for which application threads were stopped: 0.0000699 seconds, Stopping threads took: 0.0000172 seconds
[2019-12-08T10:04:59.489+0000][1][safepoint    ] Application time: 1.0000804 seconds
[2019-12-08T10:04:59.489+0000][1][safepoint    ] Entering safepoint region: Cleanup
[2019-12-08T10:04:59.489+0000][1][safepoint    ] Leaving safepoint region
[2019-12-08T10:04:59.489+0000][1][safepoint    ] Total time for which application threads were stopped: 0.0000694 seconds, Stopping threads took: 0.0000161 seconds
[2019-12-08T10:05:00.489+0000][1][safepoint    ] Application time: 1.0000782 seconds
[2019-12-08T10:05:00.489+0000][1][safepoint    ] Entering safepoint region: Cleanup
[2019-12-08T10:05:00.489+0000][1][safepoint    ] Leaving safepoint region
[2019-12-08T10:05:00.489+0000][1][safepoint    ] Total time for which application threads were stopped: 0.0000702 seconds, Stopping threads took: 0.0000169 seconds
[2019-12-08T10:05:01.489+0000][1][safepoint    ] Application time: 1.0000778 seconds
[2019-12-08T10:05:01.489+0000][1][safepoint    ] Entering safepoint region: Cleanup
[2019-12-08T10:05:01.489+0000][1][safepoint    ] Leaving safepoint region
[2019-12-08T10:05:01.489+0000][1][safepoint    ] Total time for which application threads were stopped: 0.0000702 seconds, Stopping threads took: 0.0000173 seconds
[2019-12-08T10:05:02.489+0000][1][safepoint    ] Application time: 1.0000778 seconds
[2019-12-08T10:05:02.489+0000][1][safepoint    ] Entering safepoint region: Cleanup
[2019-12-08T10:05:02.490+0000][1][safepoint    ] Leaving safepoint region
[2019-12-08T10:05:02.490+0000][1][safepoint    ] Total time for which application threads were stopped: 0.0000720 seconds, Stopping threads took: 0.0000168 seconds
[2019-12-08T10:05:03.490+0000][1][safepoint    ] Application time: 1.0000783 seconds
[2019-12-08T10:05:03.490+0000][1][safepoint    ] Entering safepoint region: Cleanup
[2019-12-08T10:05:03.490+0000][1][safepoint    ] Leaving safepoint region
[2019-12-08T10:05:03.490+0000][1][safepoint    ] Total time for which application threads were stopped: 0.0000890 seconds, Stopping threads took: 0.0000169 seconds
[2019-12-08T10:05:04.490+0000][1][safepoint    ] Application time: 1.0000779 seconds
[2019-12-08T10:05:04.490+0000][1][safepoint    ] Entering safepoint region: Cleanup
[2019-12-08T10:05:04.490+0000][1][safepoint    ] Leaving safepoint region
[2019-12-08T10:05:04.490+0000][1][safepoint    ] Total time for which application threads were stopped: 0.0001500 seconds, Stopping threads took: 0.0000510 seconds
[2019-12-08T10:05:05.490+0000][1][safepoint    ] Application time: 1.0000854 seconds
[2019-12-08T10:05:05.490+0000][1][safepoint    ] Entering safepoint region: Cleanup
[2019-12-08T10:05:05.490+0000][1][safepoint    ] Leaving safepoint region
[2019-12-08T10:05:05.490+0000][1][safepoint    ] Total time for which application threads were stopped: 0.0000947 seconds, Stopping threads took: 0.0000394 seconds
[2019-12-08T10:05:06.490+0000][1][safepoint    ] Application time: 1.0000842 seconds
[2019-12-08T10:05:06.490+0000][1][safepoint    ] Entering safepoint region: Cleanup
[2019-12-08T10:05:06.490+0000][1][safepoint    ] Leaving safepoint region
[2019-12-08T10:05:06.490+0000][1][safepoint    ] Total time for which application threads were stopped: 0.0000723 seconds, Stopping threads took: 0.0000179 seconds
[2019-12-08T10:05:07.491+0000][1][safepoint    ] Application time: 1.0000778 seconds
[2019-12-08T10:05:07.491+0000][1][safepoint    ] Entering safepoint region: Cleanup
[2019-12-08T10:05:07.491+0000][1][safepoint    ] Leaving safepoint region
[2019-12-08T10:05:07.491+0000][1][safepoint    ] Total time for which application threads were stopped: 0.0000696 seconds, Stopping threads took: 0.0000186 seconds
[2019-12-08T10:05:08.491+0000][1][safepoint    ] Application time: 1.0000857 seconds
[2019-12-08T10:05:08.491+0000][1][safepoint    ] Entering safepoint region: Cleanup
[2019-12-08T10:05:08.491+0000][1][safepoint    ] Leaving safepoint region
[2019-12-08T10:05:08.491+0000][1][safepoint    ] Total time for which application threads were stopped: 0.0000746 seconds, Stopping threads took: 0.0000186 seconds
[2019-12-08T10:05:09.491+0000][1][safepoint    ] Application time: 1.0000861 seconds
[2019-12-08T10:05:09.491+0000][1][safepoint    ] Entering safepoint region: Cleanup
[2019-12-08T10:05:09.491+0000][1][safepoint    ] Leaving safepoint region
[2019-12-08T10:05:09.491+0000][1][safepoint    ] Total time for which application threads were stopped: 0.0000732 seconds, Stopping threads took: 0.0000182 seconds
[2019-12-08T10:05:10.491+0000][1][safepoint    ] Application time: 1.0000837 seconds
[2019-12-08T10:05:10.491+0000][1][safepoint    ] Entering safepoint region: Cleanup
[2019-12-08T10:05:10.491+0000][1][safepoint    ] Leaving safepoint region
[2019-12-08T10:05:10.491+0000][1][safepoint    ] Total time for which application threads were stopped: 0.0000819 seconds, Stopping threads took: 0.0000166 seconds
[2019-12-08T10:05:11.491+0000][1][safepoint    ] Application time: 1.0000792 seconds
[2019-12-08T10:05:11.491+0000][1][safepoint    ] Entering safepoint region: Cleanup
[2019-12-08T10:05:11.491+0000][1][safepoint    ] Leaving safepoint region
[2019-12-08T10:05:11.491+0000][1][safepoint    ] Total time for which application threads were stopped: 0.0000725 seconds, Stopping threads took: 0.0000179 seconds
[2019-12-08T10:05:12.492+0000][1][safepoint    ] Application time: 1.0000836 seconds
[2019-12-08T10:05:12.492+0000][1][safepoint    ] Entering safepoint region: Cleanup
[2019-12-08T10:05:12.492+0000][1][safepoint    ] Leaving safepoint region
[2019-12-08T10:05:12.492+0000][1][safepoint    ] Total time for which application threads were stopped: 0.0000725 seconds, Stopping threads took: 0.0000179 seconds
[2019-12-08T10:05:13.492+0000][1][safepoint    ] Application time: 1.0000780 seconds
[2019-12-08T10:05:13.492+0000][1][safepoint    ] Entering safepoint region: Cleanup
[2019-12-08T10:05:13.492+0000][1][safepoint    ] Leaving safepoint region
[2019-12-08T10:05:13.492+0000][1][safepoint    ] Total time for which application threads were stopped: 0.0000705 seconds, Stopping threads took: 0.0000163 seconds
[2019-12-08T10:05:14.492+0000][1][safepoint    ] Application time: 1.0000864 seconds
[2019-12-08T10:05:14.492+0000][1][safepoint    ] Entering safepoint region: Cleanup
[2019-12-08T10:05:14.492+0000][1][safepoint    ] Leaving safepoint region
[2019-12-08T10:05:14.492+0000][1][safepoint    ] Total time for which application threads were stopped: 0.0000707 seconds, Stopping threads took: 0.0000170 seconds
[2019-12-08T10:05:15.492+0000][1][safepoint    ] Application time: 1.0000822 seconds
[2019-12-08T10:05:15.492+0000][1][safepoint    ] Entering safepoint region: Cleanup
[2019-12-08T10:05:15.492+0000][1][safepoint    ] Leaving safepoint region
[2019-12-08T10:05:15.492+0000][1][safepoint    ] Total time for which application threads were stopped: 0.0000693 seconds, Stopping threads took: 0.0000159 seconds
[2019-12-08T10:05:16.492+0000][1][safepoint    ] Application time: 1.0000775 seconds
[2019-12-08T10:05:16.492+0000][1][safepoint    ] Entering safepoint region: Cleanup
[2019-12-08T10:05:16.492+0000][1][safepoint    ] Leaving safepoint region
[2019-12-08T10:05:16.492+0000][1][safepoint    ] Total time for which application threads were stopped: 0.0000705 seconds, Stopping threads took: 0.0000165 seconds
[2019-12-08T10:05:17.493+0000][1][safepoint    ] Application time: 1.0000781 seconds
[2019-12-08T10:05:17.493+0000][1][safepoint    ] Entering safepoint region: Cleanup
[2019-12-08T10:05:17.493+0000][1][safepoint    ] Leaving safepoint region
[2019-12-08T10:05:17.493+0000][1][safepoint    ] Total time for which application threads were stopped: 0.0000706 seconds, Stopping threads took: 0.0000175 seconds
[2019-12-08T10:05:18.493+0000][1][safepoint    ] Application time: 1.0000878 seconds
[2019-12-08T10:05:18.493+0000][1][safepoint    ] Entering safepoint region: Cleanup
[2019-12-08T10:05:18.493+0000][1][safepoint    ] Leaving safepoint region
[2019-12-08T10:05:18.493+0000][1][safepoint    ] Total time for which application threads were stopped: 0.0000732 seconds, Stopping threads took: 0.0000189 seconds
[2019-12-08T10:05:19.493+0000][1][safepoint    ] Application time: 1.0000797 seconds
[2019-12-08T10:05:19.493+0000][1][safepoint    ] Entering safepoint region: Cleanup
[2019-12-08T10:05:19.493+0000][1][safepoint    ] Leaving safepoint region
[2019-12-08T10:05:19.493+0000][1][safepoint    ] Total time for which application threads were stopped: 0.0000710 seconds, Stopping threads took: 0.0000183 seconds
[2019-12-08T10:05:20.493+0000][1][safepoint    ] Application time: 1.0000808 seconds
[2019-12-08T10:05:20.493+0000][1][safepoint    ] Entering safepoint region: Cleanup
[2019-12-08T10:05:20.493+0000][1][safepoint    ] Leaving safepoint region
[2019-12-08T10:05:20.493+0000][1][safepoint    ] Total time for which application threads were stopped: 0.0000680 seconds, Stopping threads took: 0.0000164 seconds
[2019-12-08T10:05:21.493+0000][1][safepoint    ] Application time: 1.0000815 seconds
[2019-12-08T10:05:21.493+0000][1][safepoint    ] Entering safepoint region: Cleanup
[2019-12-08T10:05:21.493+0000][1][safepoint    ] Leaving safepoint region
[2019-12-08T10:05:21.493+0000][1][safepoint    ] Total time for which application threads were stopped: 0.0000717 seconds, Stopping threads took: 0.0000177 seconds
[2019-12-08T10:05:22.493+0000][1][safepoint    ] Application time: 1.0000848 seconds
[2019-12-08T10:05:22.494+0000][1][safepoint    ] Entering safepoint region: Cleanup
[2019-12-08T10:05:22.494+0000][1][safepoint    ] Leaving safepoint region
[2019-12-08T10:05:22.494+0000][1][safepoint    ] Total time for which application threads were stopped: 0.0000717 seconds, Stopping threads took: 0.0000182 seconds
[2019-12-08T10:05:23.494+0000][1][safepoint    ] Application time: 1.0000743 seconds
[2019-12-08T10:05:23.494+0000][1][safepoint    ] Entering safepoint region: Cleanup
[2019-12-08T10:05:23.494+0000][1][safepoint    ] Leaving safepoint region
[2019-12-08T10:05:23.494+0000][1][safepoint    ] Total time for which application threads were stopped: 0.0000704 seconds, Stopping threads took: 0.0000183 seconds
[2019-12-08T10:05:24.494+0000][1][safepoint    ] Application time: 1.0000783 seconds
[2019-12-08T10:05:24.494+0000][1][safepoint    ] Entering safepoint region: Cleanup
[2019-12-08T10:05:24.494+0000][1][safepoint    ] Leaving safepoint region
[2019-12-08T10:05:24.494+0000][1][safepoint    ] Total time for which application threads were stopped: 0.0000698 seconds, Stopping threads took: 0.0000167 seconds
[2019-12-08T10:05:25.494+0000][1][safepoint    ] Application time: 1.0000791 seconds
[2019-12-08T10:05:25.494+0000][1][safepoint    ] Entering safepoint region: Cleanup
[2019-12-08T10:05:25.494+0000][1][safepoint    ] Leaving safepoint region
[2019-12-08T10:05:25.494+0000][1][safepoint    ] Total time for which application threads were stopped: 0.0000708 seconds, Stopping threads took: 0.0000170 seconds
[2019-12-08T10:05:26.494+0000][1][safepoint    ] Application time: 1.0000795 seconds
[2019-12-08T10:05:26.494+0000][1][safepoint    ] Entering safepoint region: Cleanup
[2019-12-08T10:05:26.494+0000][1][safepoint    ] Leaving safepoint region
[2019-12-08T10:05:26.494+0000][1][safepoint    ] Total time for which application threads were stopped: 0.0000710 seconds, Stopping threads took: 0.0000172 seconds
[2019-12-08T10:05:27.494+0000][1][safepoint    ] Application time: 1.0000795 seconds
[2019-12-08T10:05:27.494+0000][1][safepoint    ] Entering safepoint region: Cleanup
[2019-12-08T10:05:27.495+0000][1][safepoint    ] Leaving safepoint region
[2019-12-08T10:05:27.495+0000][1][safepoint    ] Total time for which application threads were stopped: 0.0000778 seconds, Stopping threads took: 0.0000221 seconds
[2019-12-08T10:05:28.495+0000][1][safepoint    ] Application time: 1.0000744 seconds
[2019-12-08T10:05:28.495+0000][1][safepoint    ] Entering safepoint region: Cleanup
[2019-12-08T10:05:28.495+0000][1][safepoint    ] Leaving safepoint region
[2019-12-08T10:05:28.495+0000][1][safepoint    ] Total time for which application threads were stopped: 0.0000815 seconds, Stopping threads took: 0.0000266 seconds
[2019-12-08T10:05:29.495+0000][1][safepoint    ] Application time: 1.0000798 seconds
[2019-12-08T10:05:29.495+0000][1][safepoint    ] Entering safepoint region: Cleanup
[2019-12-08T10:05:29.495+0000][1][safepoint    ] Leaving safepoint region
[2019-12-08T10:05:29.495+0000][1][safepoint    ] Total time for which application threads were stopped: 0.0000721 seconds, Stopping threads took: 0.0000174 seconds
[2019-12-08T10:05:30.495+0000][1][safepoint    ] Application time: 1.0000751 seconds
[2019-12-08T10:05:30.495+0000][1][safepoint    ] Entering safepoint region: Cleanup
[2019-12-08T10:05:30.495+0000][1][safepoint    ] Leaving safepoint region
[2019-12-08T10:05:30.495+0000][1][safepoint    ] Total time for which application threads were stopped: 0.0000660 seconds, Stopping threads took: 0.0000157 seconds
[2019-12-08T10:05:31.495+0000][1][safepoint    ] Application time: 1.0000777 seconds
[2019-12-08T10:05:31.495+0000][1][safepoint    ] Entering safepoint region: Cleanup
[2019-12-08T10:05:31.495+0000][1][safepoint    ] Leaving safepoint region
[2019-12-08T10:05:31.495+0000][1][safepoint    ] Total time for which application threads were stopped: 0.0000696 seconds, Stopping threads took: 0.0000169 seconds
[2019-12-08T10:05:32.495+0000][1][safepoint    ] Application time: 1.0000811 seconds
[2019-12-08T10:05:32.495+0000][1][safepoint    ] Entering safepoint region: Cleanup
[2019-12-08T10:05:32.495+0000][1][safepoint    ] Leaving safepoint region
[2019-12-08T10:05:32.496+0000][1][safepoint    ] Total time for which application threads were stopped: 0.0000718 seconds, Stopping threads took: 0.0000180 seconds
[2019-12-08T10:05:33.496+0000][1][safepoint    ] Application time: 1.0000797 seconds
[2019-12-08T10:05:33.496+0000][1][safepoint    ] Entering safepoint region: Cleanup
[2019-12-08T10:05:33.496+0000][1][safepoint    ] Leaving safepoint region
[2019-12-08T10:05:33.496+0000][1][safepoint    ] Total time for which application threads were stopped: 0.0000885 seconds, Stopping threads took: 0.0000177 seconds
[2019-12-08T10:05:34.496+0000][1][safepoint    ] Application time: 1.0000756 seconds
[2019-12-08T10:05:34.496+0000][1][safepoint    ] Entering safepoint region: Cleanup
[2019-12-08T10:05:34.496+0000][1][safepoint    ] Leaving safepoint region
[2019-12-08T10:05:34.496+0000][1][safepoint    ] Total time for which application threads were stopped: 0.0000743 seconds, Stopping threads took: 0.0000190 seconds
[2019-12-08T10:05:35.496+0000][1][safepoint    ] Application time: 1.0000746 seconds
[2019-12-08T10:05:35.496+0000][1][safepoint    ] Entering safepoint region: Cleanup
[2019-12-08T10:05:35.496+0000][1][safepoint    ] Leaving safepoint region
[2019-12-08T10:05:35.496+0000][1][safepoint    ] Total time for which application threads were stopped: 0.0000765 seconds, Stopping threads took: 0.0000183 seconds
[2019-12-08T10:05:36.496+0000][1][safepoint    ] Application time: 1.0000776 seconds
[2019-12-08T10:05:36.496+0000][1][safepoint    ] Entering safepoint region: Cleanup
[2019-12-08T10:05:36.496+0000][1][safepoint    ] Leaving safepoint region
[2019-12-08T10:05:36.496+0000][1][safepoint    ] Total time for which application threads were stopped: 0.0000698 seconds, Stopping threads took: 0.0000171 seconds
[2019-12-08T10:05:37.498+0000][1][safepoint    ] Application time: 1.0014212 seconds
[2019-12-08T10:05:37.498+0000][1][safepoint    ] Entering safepoint region: Cleanup
[2019-12-08T10:05:37.498+0000][1][safepoint    ] Leaving safepoint region
[2019-12-08T10:05:37.498+0000][1][safepoint    ] Total time for which application threads were stopped: 0.0000757 seconds, Stopping threads took: 0.0000173 seconds
[2019-12-08T10:05:38.498+0000][1][safepoint    ] Application time: 1.0000454 seconds
[2019-12-08T10:05:38.498+0000][1][safepoint    ] Entering safepoint region: Cleanup
[2019-12-08T10:05:38.498+0000][1][safepoint    ] Leaving safepoint region
[2019-12-08T10:05:38.498+0000][1][safepoint    ] Total time for which application threads were stopped: 0.0000814 seconds, Stopping threads took: 0.0000264 seconds
[2019-12-08T10:05:39.498+0000][1][safepoint    ] Application time: 1.0000775 seconds
[2019-12-08T10:05:39.498+0000][1][safepoint    ] Entering safepoint region: Cleanup
[2019-12-08T10:05:39.498+0000][1][safepoint    ] Leaving safepoint region
[2019-12-08T10:05:39.498+0000][1][safepoint    ] Total time for which application threads were stopped: 0.0000709 seconds, Stopping threads took: 0.0000170 seconds
[2019-12-08T10:05:40.498+0000][1][safepoint    ] Application time: 1.0000765 seconds
[2019-12-08T10:05:40.498+0000][1][safepoint    ] Entering safepoint region: Cleanup
[2019-12-08T10:05:40.498+0000][1][safepoint    ] Leaving safepoint region
[2019-12-08T10:05:40.498+0000][1][safepoint    ] Total time for which application threads were stopped: 0.0000744 seconds, Stopping threads took: 0.0000153 seconds
[2019-12-08T10:05:41.498+0000][1][safepoint    ] Application time: 1.0000800 seconds
[2019-12-08T10:05:41.498+0000][1][safepoint    ] Entering safepoint region: Cleanup
[2019-12-08T10:05:41.499+0000][1][safepoint    ] Leaving safepoint region
[2019-12-08T10:05:41.499+0000][1][safepoint    ] Total time for which application threads were stopped: 0.0000764 seconds, Stopping threads took: 0.0000235 seconds
[2019-12-08T10:05:42.499+0000][1][safepoint    ] Application time: 1.0000901 seconds
[2019-12-08T10:05:42.499+0000][1][safepoint    ] Entering safepoint region: Cleanup
[2019-12-08T10:05:42.499+0000][1][safepoint    ] Leaving safepoint region
[2019-12-08T10:05:42.499+0000][1][safepoint    ] Total time for which application threads were stopped: 0.0000847 seconds, Stopping threads took: 0.0000300 seconds
[2019-12-08T10:05:43.499+0000][1][safepoint    ] Application time: 1.0000833 seconds
[2019-12-08T10:05:43.499+0000][1][safepoint    ] Entering safepoint region: Cleanup
[2019-12-08T10:05:43.499+0000][1][safepoint    ] Leaving safepoint region
[2019-12-08T10:05:43.499+0000][1][safepoint    ] Total time for which application threads were stopped: 0.0000710 seconds, Stopping threads took: 0.0000172 seconds
[2019-12-08T10:05:44.499+0000][1][safepoint    ] Application time: 1.0000888 seconds
[2019-12-08T10:05:44.499+0000][1][safepoint    ] Entering safepoint region: Cleanup
[2019-12-08T10:05:44.499+0000][1][safepoint    ] Leaving safepoint region
[2019-12-08T10:05:44.499+0000][1][safepoint    ] Total time for which application threads were stopped: 0.0000712 seconds, Stopping threads took: 0.0000177 seconds
[2019-12-08T10:05:45.499+0000][1][safepoint    ] Application time: 1.0000804 seconds
[2019-12-08T10:05:45.499+0000][1][safepoint    ] Entering safepoint region: Cleanup
[2019-12-08T10:05:45.499+0000][1][safepoint    ] Leaving safepoint region
[2019-12-08T10:05:45.499+0000][1][safepoint    ] Total time for which application threads were stopped: 0.0000656 seconds, Stopping threads took: 0.0000155 seconds
[2019-12-08T10:05:46.499+0000][1][safepoint    ] Application time: 1.0000772 seconds
[2019-12-08T10:05:46.499+0000][1][safepoint    ] Entering safepoint region: Cleanup
[2019-12-08T10:05:46.500+0000][1][safepoint    ] Leaving safepoint region
[2019-12-08T10:05:46.500+0000][1][safepoint    ] Total time for which application threads were stopped: 0.0000714 seconds, Stopping threads took: 0.0000179 seconds
[2019-12-08T10:05:47.500+0000][1][safepoint    ] Application time: 1.0000742 seconds
[2019-12-08T10:05:47.500+0000][1][safepoint    ] Entering safepoint region: Cleanup
[2019-12-08T10:05:47.500+0000][1][safepoint    ] Leaving safepoint region
[2019-12-08T10:05:47.500+0000][1][safepoint    ] Total time for which application threads were stopped: 0.0000895 seconds, Stopping threads took: 0.0000182 seconds
[2019-12-08T10:05:48.673+0000][1][safepoint    ] Application time: 1.1735498 seconds
[2019-12-08T10:05:48.673+0000][1][safepoint    ] Entering safepoint region: Cleanup
[2019-12-08T10:05:48.673+0000][1][safepoint    ] Leaving safepoint region
[2019-12-08T10:05:48.673+0000][1][safepoint    ] Total time for which application threads were stopped: 0.0000712 seconds, Stopping threads took: 0.0000152 seconds
[2019-12-08T10:05:49.673+0000][1][safepoint    ] Application time: 1.0000827 seconds
[2019-12-08T10:05:49.674+0000][1][safepoint    ] Entering safepoint region: Cleanup
[2019-12-08T10:05:49.674+0000][1][safepoint    ] Leaving safepoint region
[2019-12-08T10:05:49.674+0000][1][safepoint    ] Total time for which application threads were stopped: 0.0000813 seconds, Stopping threads took: 0.0000171 seconds
[2019-12-08T10:05:50.674+0000][1][safepoint    ] Application time: 1.0000956 seconds
[2019-12-08T10:05:50.674+0000][1][safepoint    ] Entering safepoint region: Cleanup
[2019-12-08T10:05:50.674+0000][1][safepoint    ] Leaving safepoint region
[2019-12-08T10:05:50.674+0000][1][safepoint    ] Total time for which application threads were stopped: 0.0000782 seconds, Stopping threads took: 0.0000189 seconds
[2019-12-08T10:05:51.674+0000][1][safepoint    ] Application time: 1.0000818 seconds
[2019-12-08T10:05:51.674+0000][1][safepoint    ] Entering safepoint region: Cleanup
[2019-12-08T10:05:51.674+0000][1][safepoint    ] Leaving safepoint region
[2019-12-08T10:05:51.674+0000][1][safepoint    ] Total time for which application threads were stopped: 0.0001365 seconds, Stopping threads took: 0.0000598 seconds
[2019-12-08T10:05:52.674+0000][1][safepoint    ] Application time: 1.0000893 seconds
[2019-12-08T10:05:52.674+0000][1][safepoint    ] Entering safepoint region: Cleanup
[2019-12-08T10:05:52.674+0000][1][safepoint    ] Leaving safepoint region
[2019-12-08T10:05:52.674+0000][1][safepoint    ] Total time for which application threads were stopped: 0.0000710 seconds, Stopping threads took: 0.0000175 seconds
[2019-12-08T10:05:53.674+0000][1][safepoint    ] Application time: 1.0000775 seconds
[2019-12-08T10:05:53.674+0000][1][safepoint    ] Entering safepoint region: Cleanup
[2019-12-08T10:05:53.674+0000][1][safepoint    ] Leaving safepoint region
[2019-12-08T10:05:53.675+0000][1][safepoint    ] Total time for which application threads were stopped: 0.0000787 seconds, Stopping threads took: 0.0000252 seconds
[2019-12-08T10:05:54.675+0000][1][safepoint    ] Application time: 1.0000771 seconds
[2019-12-08T10:05:54.675+0000][1][safepoint    ] Entering safepoint region: Cleanup
[2019-12-08T10:05:54.675+0000][1][safepoint    ] Leaving safepoint region
[2019-12-08T10:05:54.675+0000][1][safepoint    ] Total time for which application threads were stopped: 0.0000822 seconds, Stopping threads took: 0.0000169 seconds
[2019-12-08T10:05:55.675+0000][1][safepoint    ] Application time: 1.0000737 seconds
[2019-12-08T10:05:55.675+0000][1][safepoint    ] Entering safepoint region: Cleanup
[2019-12-08T10:05:55.675+0000][1][safepoint    ] Leaving safepoint region
[2019-12-08T10:05:55.675+0000][1][safepoint    ] Total time for which application threads were stopped: 0.0000686 seconds, Stopping threads took: 0.0000166 seconds
[2019-12-08T10:05:56.675+0000][1][safepoint    ] Application time: 1.0000741 seconds
[2019-12-08T10:05:56.675+0000][1][safepoint    ] Entering safepoint region: Cleanup
[2019-12-08T10:05:56.675+0000][1][safepoint    ] Leaving safepoint region
[2019-12-08T10:05:56.675+0000][1][safepoint    ] Total time for which application threads were stopped: 0.0000695 seconds, Stopping threads took: 0.0000178 seconds
[2019-12-08T10:05:57.675+0000][1][safepoint    ] Application time: 1.0000742 seconds
[2019-12-08T10:05:57.675+0000][1][safepoint    ] Entering safepoint region: Cleanup
[2019-12-08T10:05:57.675+0000][1][safepoint    ] Leaving safepoint region
[2019-12-08T10:05:57.675+0000][1][safepoint    ] Total time for which application threads were stopped: 0.0000821 seconds, Stopping threads took: 0.0000167 seconds
[2019-12-08T10:05:58.675+0000][1][safepoint    ] Application time: 1.0000769 seconds
[2019-12-08T10:05:58.675+0000][1][safepoint    ] Entering safepoint region: Cleanup
[2019-12-08T10:05:58.675+0000][1][safepoint    ] Leaving safepoint region
[2019-12-08T10:05:58.675+0000][1][safepoint    ] Total time for which application threads were stopped: 0.0000680 seconds, Stopping threads took: 0.0000170 seconds
[2019-12-08T10:05:59.676+0000][1][safepoint    ] Application time: 1.0000779 seconds
[2019-12-08T10:05:59.676+0000][1][safepoint    ] Entering safepoint region: Cleanup
[2019-12-08T10:05:59.676+0000][1][safepoint    ] Leaving safepoint region
[2019-12-08T10:05:59.676+0000][1][safepoint    ] Total time for which application threads were stopped: 0.0000820 seconds, Stopping threads took: 0.0000162 seconds
[2019-12-08T10:06:00.676+0000][1][safepoint    ] Application time: 1.0000732 seconds
[2019-12-08T10:06:00.676+0000][1][safepoint    ] Entering safepoint region: Cleanup
[2019-12-08T10:06:00.676+0000][1][safepoint    ] Leaving safepoint region
[2019-12-08T10:06:00.676+0000][1][safepoint    ] Total time for which application threads were stopped: 0.0000703 seconds, Stopping threads took: 0.0000165 seconds
[2019-12-08T10:06:01.676+0000][1][safepoint    ] Application time: 1.0000791 seconds
[2019-12-08T10:06:01.676+0000][1][safepoint    ] Entering safepoint region: Cleanup
[2019-12-08T10:06:01.676+0000][1][safepoint    ] Leaving safepoint region
[2019-12-08T10:06:01.676+0000][1][safepoint    ] Total time for which application threads were stopped: 0.0000790 seconds, Stopping threads took: 0.0000258 seconds
[2019-12-08T10:06:02.676+0000][1][safepoint    ] Application time: 1.0000815 seconds
[2019-12-08T10:06:02.676+0000][1][safepoint    ] Entering safepoint region: Cleanup
[2019-12-08T10:06:02.676+0000][1][safepoint    ] Leaving safepoint region
[2019-12-08T10:06:02.676+0000][1][safepoint    ] Total time for which application threads were stopped: 0.0000733 seconds, Stopping threads took: 0.0000188 seconds
[2019-12-08T10:06:03.676+0000][1][safepoint    ] Application time: 1.0000818 seconds
[2019-12-08T10:06:03.676+0000][1][safepoint    ] Entering safepoint region: Cleanup
[2019-12-08T10:06:03.676+0000][1][safepoint    ] Leaving safepoint region
[2019-12-08T10:06:03.676+0000][1][safepoint    ] Total time for which application threads were stopped: 0.0000767 seconds, Stopping threads took: 0.0000168 seconds
[2019-12-08T10:06:04.677+0000][1][safepoint    ] Application time: 1.0000790 seconds
[2019-12-08T10:06:04.677+0000][1][safepoint    ] Entering safepoint region: Cleanup
[2019-12-08T10:06:04.677+0000][1][safepoint    ] Leaving safepoint region
[2019-12-08T10:06:04.677+0000][1][safepoint    ] Total time for which application threads were stopped: 0.0000728 seconds, Stopping threads took: 0.0000180 seconds
[2019-12-08T10:06:05.677+0000][1][safepoint    ] Application time: 1.0000802 seconds
[2019-12-08T10:06:05.677+0000][1][safepoint    ] Entering safepoint region: Cleanup
[2019-12-08T10:06:05.677+0000][1][safepoint    ] Leaving safepoint region
[2019-12-08T10:06:05.677+0000][1][safepoint    ] Total time for which application threads were stopped: 0.0000710 seconds, Stopping threads took: 0.0000181 seconds
[2019-12-08T10:06:06.677+0000][1][safepoint    ] Application time: 1.0000781 seconds
[2019-12-08T10:06:06.677+0000][1][safepoint    ] Entering safepoint region: Cleanup
[2019-12-08T10:06:06.677+0000][1][safepoint    ] Leaving safepoint region
[2019-12-08T10:06:06.677+0000][1][safepoint    ] Total time for which application threads were stopped: 0.0000703 seconds, Stopping threads took: 0.0000169 seconds
[2019-12-08T10:06:07.677+0000][1][safepoint    ] Application time: 1.0000818 seconds
[2019-12-08T10:06:07.677+0000][1][safepoint    ] Entering safepoint region: Cleanup
[2019-12-08T10:06:07.677+0000][1][safepoint    ] Leaving safepoint region
[2019-12-08T10:06:07.677+0000][1][safepoint    ] Total time for which application threads were stopped: 0.0000699 seconds, Stopping threads took: 0.0000173 seconds
[2019-12-08T10:06:08.677+0000][1][safepoint    ] Application time: 1.0000818 seconds
[2019-12-08T10:06:08.677+0000][1][safepoint    ] Entering safepoint region: Cleanup
[2019-12-08T10:06:08.677+0000][1][safepoint    ] Leaving safepoint region
[2019-12-08T10:06:08.677+0000][1][safepoint    ] Total time for which application threads were stopped: 0.0000713 seconds, Stopping threads took: 0.0000174 seconds
[2019-12-08T10:06:09.678+0000][1][safepoint    ] Application time: 1.0000773 seconds
[2019-12-08T10:06:09.678+0000][1][safepoint    ] Entering safepoint region: Cleanup
[2019-12-08T10:06:09.678+0000][1][safepoint    ] Leaving safepoint region
[2019-12-08T10:06:09.678+0000][1][safepoint    ] Total time for which application threads were stopped: 0.0000707 seconds, Stopping threads took: 0.0000176 seconds
[2019-12-08T10:06:10.678+0000][1][safepoint    ] Application time: 1.0000780 seconds
[2019-12-08T10:06:10.678+0000][1][safepoint    ] Entering safepoint region: Cleanup
[2019-12-08T10:06:10.678+0000][1][safepoint    ] Leaving safepoint region
[2019-12-08T10:06:10.678+0000][1][safepoint    ] Total time for which application threads were stopped: 0.0000704 seconds, Stopping threads took: 0.0000171 seconds
[2019-12-08T10:06:11.678+0000][1][safepoint    ] Application time: 1.0000790 seconds
[2019-12-08T10:06:11.678+0000][1][safepoint    ] Entering safepoint region: Cleanup
[2019-12-08T10:06:11.678+0000][1][safepoint    ] Leaving safepoint region
[2019-12-08T10:06:11.678+0000][1][safepoint    ] Total time for which application threads were stopped: 0.0000783 seconds, Stopping threads took: 0.0000171 seconds
[2019-12-08T10:06:12.678+0000][1][safepoint    ] Application time: 1.0000793 seconds
[2019-12-08T10:06:12.678+0000][1][safepoint    ] Entering safepoint region: Cleanup
[2019-12-08T10:06:12.678+0000][1][safepoint    ] Leaving safepoint region
[2019-12-08T10:06:12.678+0000][1][safepoint    ] Total time for which application threads were stopped: 0.0000712 seconds, Stopping threads took: 0.0000169 seconds
[2019-12-08T10:06:13.678+0000][1][safepoint    ] Application time: 1.0000758 seconds
[2019-12-08T10:06:13.678+0000][1][safepoint    ] Entering safepoint region: Cleanup
[2019-12-08T10:06:13.678+0000][1][safepoint    ] Leaving safepoint region
[2019-12-08T10:06:13.678+0000][1][safepoint    ] Total time for which application threads were stopped: 0.0000657 seconds, Stopping threads took: 0.0000150 seconds
[2019-12-08T10:06:14.678+0000][1][safepoint    ] Application time: 1.0000755 seconds
[2019-12-08T10:06:14.679+0000][1][safepoint    ] Entering safepoint region: Cleanup
[2019-12-08T10:06:14.679+0000][1][safepoint    ] Leaving safepoint region
[2019-12-08T10:06:14.679+0000][1][safepoint    ] Total time for which application threads were stopped: 0.0000681 seconds, Stopping threads took: 0.0000163 seconds
[2019-12-08T10:06:15.679+0000][1][safepoint    ] Application time: 1.0000787 seconds
[2019-12-08T10:06:15.679+0000][1][safepoint    ] Entering safepoint region: Cleanup
[2019-12-08T10:06:15.679+0000][1][safepoint    ] Leaving safepoint region
[2019-12-08T10:06:15.679+0000][1][safepoint    ] Total time for which application threads were stopped: 0.0000713 seconds, Stopping threads took: 0.0000187 seconds
[2019-12-08T10:06:16.679+0000][1][safepoint    ] Application time: 1.0000774 seconds
[2019-12-08T10:06:16.679+0000][1][safepoint    ] Entering safepoint region: Cleanup
[2019-12-08T10:06:16.679+0000][1][safepoint    ] Leaving safepoint region
[2019-12-08T10:06:16.679+0000][1][safepoint    ] Total time for which application threads were stopped: 0.0000682 seconds, Stopping threads took: 0.0000165 seconds
[2019-12-08T10:06:17.679+0000][1][safepoint    ] Application time: 1.0000778 seconds
[2019-12-08T10:06:17.679+0000][1][safepoint    ] Entering safepoint region: Cleanup
[2019-12-08T10:06:17.679+0000][1][safepoint    ] Leaving safepoint region
[2019-12-08T10:06:17.679+0000][1][safepoint    ] Total time for which application threads were stopped: 0.0000722 seconds, Stopping threads took: 0.0000174 seconds
[2019-12-08T10:06:18.679+0000][1][safepoint    ] Application time: 1.0000787 seconds
[2019-12-08T10:06:18.679+0000][1][safepoint    ] Entering safepoint region: Cleanup
[2019-12-08T10:06:18.679+0000][1][safepoint    ] Leaving safepoint region
[2019-12-08T10:06:18.679+0000][1][safepoint    ] Total time for which application threads were stopped: 0.0000757 seconds, Stopping threads took: 0.0000172 seconds
[2019-12-08T10:06:19.679+0000][1][safepoint    ] Application time: 1.0000752 seconds
[2019-12-08T10:06:19.679+0000][1][safepoint    ] Entering safepoint region: Cleanup
[2019-12-08T10:06:19.680+0000][1][safepoint    ] Leaving safepoint region
[2019-12-08T10:06:19.680+0000][1][safepoint    ] Total time for which application threads were stopped: 0.0000672 seconds, Stopping threads took: 0.0000156 seconds
[2019-12-08T10:06:20.680+0000][1][safepoint    ] Application time: 1.0000755 seconds
[2019-12-08T10:06:20.680+0000][1][safepoint    ] Entering safepoint region: Cleanup
[2019-12-08T10:06:20.680+0000][1][safepoint    ] Leaving safepoint region
[2019-12-08T10:06:20.680+0000][1][safepoint    ] Total time for which application threads were stopped: 0.0000783 seconds, Stopping threads took: 0.0000166 seconds
[2019-12-08T10:06:21.680+0000][1][safepoint    ] Application time: 1.0000752 seconds
[2019-12-08T10:06:21.680+0000][1][safepoint    ] Entering safepoint region: Cleanup
[2019-12-08T10:06:21.680+0000][1][safepoint    ] Leaving safepoint region
[2019-12-08T10:06:21.680+0000][1][safepoint    ] Total time for which application threads were stopped: 0.0000774 seconds, Stopping threads took: 0.0000173 seconds
[2019-12-08T10:06:22.680+0000][1][safepoint    ] Application time: 1.0000848 seconds
[2019-12-08T10:06:22.680+0000][1][safepoint    ] Entering safepoint region: Cleanup
[2019-12-08T10:06:22.680+0000][1][safepoint    ] Leaving safepoint region
[2019-12-08T10:06:22.680+0000][1][safepoint    ] Total time for which application threads were stopped: 0.0000745 seconds, Stopping threads took: 0.0000172 seconds
[2019-12-08T10:06:23.680+0000][1][safepoint    ] Application time: 1.0000789 seconds
[2019-12-08T10:06:23.680+0000][1][safepoint    ] Entering safepoint region: Cleanup
[2019-12-08T10:06:23.680+0000][1][safepoint    ] Leaving safepoint region
[2019-12-08T10:06:23.680+0000][1][safepoint    ] Total time for which application threads were stopped: 0.0000801 seconds, Stopping threads took: 0.0000265 seconds
[2019-12-08T10:06:24.680+0000][1][safepoint    ] Application time: 1.0000813 seconds
[2019-12-08T10:06:24.680+0000][1][safepoint    ] Entering safepoint region: Cleanup
[2019-12-08T10:06:24.681+0000][1][safepoint    ] Leaving safepoint region
[2019-12-08T10:06:24.681+0000][1][safepoint    ] Total time for which application threads were stopped: 0.0000720 seconds, Stopping threads took: 0.0000181 seconds
[2019-12-08T10:06:25.681+0000][1][safepoint    ] Application time: 1.0000805 seconds
[2019-12-08T10:06:25.681+0000][1][safepoint    ] Entering safepoint region: Cleanup
[2019-12-08T10:06:25.681+0000][1][safepoint    ] Leaving safepoint region
[2019-12-08T10:06:25.681+0000][1][safepoint    ] Total time for which application threads were stopped: 0.0000779 seconds, Stopping threads took: 0.0000171 seconds
[2019-12-08T10:06:26.681+0000][1][safepoint    ] Application time: 1.0000790 seconds
[2019-12-08T10:06:26.681+0000][1][safepoint    ] Entering safepoint region: Cleanup
[2019-12-08T10:06:26.681+0000][1][safepoint    ] Leaving safepoint region
[2019-12-08T10:06:26.681+0000][1][safepoint    ] Total time for which application threads were stopped: 0.0000700 seconds, Stopping threads took: 0.0000167 seconds
[2019-12-08T10:06:27.681+0000][1][safepoint    ] Application time: 1.0000796 seconds
[2019-12-08T10:06:27.681+0000][1][safepoint    ] Entering safepoint region: Cleanup
[2019-12-08T10:06:27.681+0000][1][safepoint    ] Leaving safepoint region
[2019-12-08T10:06:27.681+0000][1][safepoint    ] Total time for which application threads were stopped: 0.0000824 seconds, Stopping threads took: 0.0000232 seconds
[2019-12-08T10:06:28.681+0000][1][safepoint    ] Application time: 1.0000757 seconds
[2019-12-08T10:06:28.681+0000][1][safepoint    ] Entering safepoint region: Cleanup
[2019-12-08T10:06:28.681+0000][1][safepoint    ] Leaving safepoint region
[2019-12-08T10:06:28.681+0000][1][safepoint    ] Total time for which application threads were stopped: 0.0000684 seconds, Stopping threads took: 0.0000161 seconds
[2019-12-08T10:06:29.681+0000][1][safepoint    ] Application time: 1.0000775 seconds
[2019-12-08T10:06:29.681+0000][1][safepoint    ] Entering safepoint region: Cleanup
[2019-12-08T10:06:29.681+0000][1][safepoint    ] Leaving safepoint region
[2019-12-08T10:06:29.681+0000][1][safepoint    ] Total time for which application threads were stopped: 0.0000706 seconds, Stopping threads took: 0.0000173 seconds
[2019-12-08T10:06:30.682+0000][1][safepoint    ] Application time: 1.0000788 seconds
[2019-12-08T10:06:30.682+0000][1][safepoint    ] Entering safepoint region: Cleanup
[2019-12-08T10:06:30.682+0000][1][safepoint    ] Leaving safepoint region
[2019-12-08T10:06:30.682+0000][1][safepoint    ] Total time for which application threads were stopped: 0.0000783 seconds, Stopping threads took: 0.0000170 seconds
[2019-12-08T10:06:31.682+0000][1][safepoint    ] Application time: 1.0000773 seconds
[2019-12-08T10:06:31.682+0000][1][safepoint    ] Entering safepoint region: Cleanup
[2019-12-08T10:06:31.682+0000][1][safepoint    ] Leaving safepoint region
[2019-12-08T10:06:31.682+0000][1][safepoint    ] Total time for which application threads were stopped: 0.0000783 seconds, Stopping threads took: 0.0000179 seconds
[2019-12-08T10:06:32.682+0000][1][safepoint    ] Application time: 1.0000864 seconds
[2019-12-08T10:06:32.682+0000][1][safepoint    ] Entering safepoint region: Cleanup
[2019-12-08T10:06:32.682+0000][1][safepoint    ] Leaving safepoint region
[2019-12-08T10:06:32.682+0000][1][safepoint    ] Total time for which application threads were stopped: 0.0000711 seconds, Stopping threads took: 0.0000176 seconds
[2019-12-08T10:06:33.682+0000][1][safepoint    ] Application time: 1.0000799 seconds
[2019-12-08T10:06:33.682+0000][1][safepoint    ] Entering safepoint region: Cleanup
[2019-12-08T10:06:33.682+0000][1][safepoint    ] Leaving safepoint region
[2019-12-08T10:06:33.682+0000][1][safepoint    ] Total time for which application threads were stopped: 0.0000713 seconds, Stopping threads took: 0.0000180 seconds
[2019-12-08T10:06:34.682+0000][1][safepoint    ] Application time: 1.0000755 seconds
[2019-12-08T10:06:34.682+0000][1][safepoint    ] Entering safepoint region: Cleanup
[2019-12-08T10:06:34.682+0000][1][safepoint    ] Leaving safepoint region
[2019-12-08T10:06:34.682+0000][1][safepoint    ] Total time for which application threads were stopped: 0.0000753 seconds, Stopping threads took: 0.0000162 seconds
[2019-12-08T10:06:35.683+0000][1][safepoint    ] Application time: 1.0000842 seconds
[2019-12-08T10:06:35.683+0000][1][safepoint    ] Entering safepoint region: Cleanup
[2019-12-08T10:06:35.683+0000][1][safepoint    ] Leaving safepoint region
[2019-12-08T10:06:35.683+0000][1][safepoint    ] Total time for which application threads were stopped: 0.0000900 seconds, Stopping threads took: 0.0000172 seconds
[2019-12-08T10:06:36.683+0000][1][safepoint    ] Application time: 1.0000802 seconds
[2019-12-08T10:06:36.683+0000][1][safepoint    ] Entering safepoint region: Cleanup
[2019-12-08T10:06:36.683+0000][1][safepoint    ] Leaving safepoint region
[2019-12-08T10:06:36.683+0000][1][safepoint    ] Total time for which application threads were stopped: 0.0000727 seconds, Stopping threads took: 0.0000185 seconds
[2019-12-08T10:06:37.683+0000][1][safepoint    ] Application time: 1.0000777 seconds
[2019-12-08T10:06:37.683+0000][1][safepoint    ] Entering safepoint region: Cleanup
[2019-12-08T10:06:37.683+0000][1][safepoint    ] Leaving safepoint region
[2019-12-08T10:06:37.683+0000][1][safepoint    ] Total time for which application threads were stopped: 0.0000673 seconds, Stopping threads took: 0.0000161 seconds
[2019-12-08T10:06:38.683+0000][1][safepoint    ] Application time: 1.0000798 seconds
[2019-12-08T10:06:38.683+0000][1][safepoint    ] Entering safepoint region: Cleanup
[2019-12-08T10:06:38.683+0000][1][safepoint    ] Leaving safepoint region
[2019-12-08T10:06:38.683+0000][1][safepoint    ] Total time for which application threads were stopped: 0.0000802 seconds, Stopping threads took: 0.0000257 seconds
[2019-12-08T10:06:39.683+0000][1][safepoint    ] Application time: 1.0000760 seconds
[2019-12-08T10:06:39.683+0000][1][safepoint    ] Entering safepoint region: Cleanup
[2019-12-08T10:06:39.683+0000][1][safepoint    ] Leaving safepoint region
[2019-12-08T10:06:39.683+0000][1][safepoint    ] Total time for which application threads were stopped: 0.0000682 seconds, Stopping threads took: 0.0000167 seconds
[2019-12-08T10:06:40.684+0000][1][safepoint    ] Application time: 1.0000812 seconds
[2019-12-08T10:06:40.684+0000][1][safepoint    ] Entering safepoint region: Cleanup
[2019-12-08T10:06:40.684+0000][1][safepoint    ] Leaving safepoint region
[2019-12-08T10:06:40.684+0000][1][safepoint    ] Total time for which application threads were stopped: 0.0000690 seconds, Stopping threads took: 0.0000171 seconds
[2019-12-08T10:06:41.684+0000][1][safepoint    ] Application time: 1.0000905 seconds
[2019-12-08T10:06:41.684+0000][1][safepoint    ] Entering safepoint region: Cleanup
[2019-12-08T10:06:41.684+0000][1][safepoint    ] Leaving safepoint region
[2019-12-08T10:06:41.684+0000][1][safepoint    ] Total time for which application threads were stopped: 0.0000732 seconds, Stopping threads took: 0.0000175 seconds
[2019-12-08T10:06:42.684+0000][1][safepoint    ] Application time: 1.0000807 seconds
[2019-12-08T10:06:42.684+0000][1][safepoint    ] Entering safepoint region: Cleanup
[2019-12-08T10:06:42.684+0000][1][safepoint    ] Leaving safepoint region
[2019-12-08T10:06:42.684+0000][1][safepoint    ] Total time for which application threads were stopped: 0.0000695 seconds, Stopping threads took: 0.0000172 seconds
[2019-12-08T10:06:43.684+0000][1][safepoint    ] Application time: 1.0000775 seconds
[2019-12-08T10:06:43.684+0000][1][safepoint    ] Entering safepoint region: Cleanup
[2019-12-08T10:06:43.684+0000][1][safepoint    ] Leaving safepoint region
[2019-12-08T10:06:43.684+0000][1][safepoint    ] Total time for which application threads were stopped: 0.0000664 seconds, Stopping threads took: 0.0000163 seconds
[2019-12-08T10:06:44.684+0000][1][safepoint    ] Application time: 1.0000830 seconds
[2019-12-08T10:06:44.684+0000][1][safepoint    ] Entering safepoint region: Cleanup
[2019-12-08T10:06:44.684+0000][1][safepoint    ] Leaving safepoint region
[2019-12-08T10:06:44.684+0000][1][safepoint    ] Total time for which application threads were stopped: 0.0000700 seconds, Stopping threads took: 0.0000178 seconds
[2019-12-08T10:06:45.685+0000][1][safepoint    ] Application time: 1.0000819 seconds
[2019-12-08T10:06:45.685+0000][1][safepoint    ] Entering safepoint region: Cleanup
[2019-12-08T10:06:45.685+0000][1][safepoint    ] Leaving safepoint region
[2019-12-08T10:06:45.685+0000][1][safepoint    ] Total time for which application threads were stopped: 0.0000704 seconds, Stopping threads took: 0.0000174 seconds
[2019-12-08T10:06:46.685+0000][1][safepoint    ] Application time: 1.0000912 seconds
[2019-12-08T10:06:46.685+0000][1][safepoint    ] Entering safepoint region: Cleanup
[2019-12-08T10:06:46.685+0000][1][safepoint    ] Leaving safepoint region
[2019-12-08T10:06:46.685+0000][1][safepoint    ] Total time for which application threads were stopped: 0.0000685 seconds, Stopping threads took: 0.0000176 seconds
[2019-12-08T10:06:47.685+0000][1][safepoint    ] Application time: 1.0000841 seconds
[2019-12-08T10:06:47.685+0000][1][safepoint    ] Entering safepoint region: Cleanup
[2019-12-08T10:06:47.685+0000][1][safepoint    ] Leaving safepoint region
[2019-12-08T10:06:47.685+0000][1][safepoint    ] Total time for which application threads were stopped: 0.0000760 seconds, Stopping threads took: 0.0000175 seconds
[2019-12-08T10:06:48.685+0000][1][safepoint    ] Application time: 1.0000799 seconds
[2019-12-08T10:06:48.685+0000][1][safepoint    ] Entering safepoint region: Cleanup
[2019-12-08T10:06:48.685+0000][1][safepoint    ] Leaving safepoint region
[2019-12-08T10:06:48.685+0000][1][safepoint    ] Total time for which application threads were stopped: 0.0000706 seconds, Stopping threads took: 0.0000170 seconds
[2019-12-08T10:06:49.685+0000][1][safepoint    ] Application time: 1.0000770 seconds
[2019-12-08T10:06:49.685+0000][1][safepoint    ] Entering safepoint region: Cleanup
[2019-12-08T10:06:49.685+0000][1][safepoint    ] Leaving safepoint region
[2019-12-08T10:06:49.685+0000][1][safepoint    ] Total time for which application threads were stopped: 0.0000683 seconds, Stopping threads took: 0.0000172 seconds
[2019-12-08T10:06:50.686+0000][1][safepoint    ] Application time: 1.0000810 seconds
[2019-12-08T10:06:50.686+0000][1][safepoint    ] Entering safepoint region: Cleanup
[2019-12-08T10:06:50.686+0000][1][safepoint    ] Leaving safepoint region
[2019-12-08T10:06:50.686+0000][1][safepoint    ] Total time for which application threads were stopped: 0.0000705 seconds, Stopping threads took: 0.0000184 seconds
[2019-12-08T10:06:51.686+0000][1][safepoint    ] Application time: 1.0000822 seconds
[2019-12-08T10:06:51.686+0000][1][safepoint    ] Entering safepoint region: Cleanup
[2019-12-08T10:06:51.686+0000][1][safepoint    ] Leaving safepoint region
[2019-12-08T10:06:51.686+0000][1][safepoint    ] Total time for which application threads were stopped: 0.0000743 seconds, Stopping threads took: 0.0000177 seconds
[2019-12-08T10:06:52.686+0000][1][safepoint    ] Application time: 1.0000820 seconds
[2019-12-08T10:06:52.686+0000][1][safepoint    ] Entering safepoint region: Cleanup
[2019-12-08T10:06:52.686+0000][1][safepoint    ] Leaving safepoint region
[2019-12-08T10:06:52.686+0000][1][safepoint    ] Total time for which application threads were stopped: 0.0000714 seconds, Stopping threads took: 0.0000186 seconds
[2019-12-08T10:06:53.686+0000][1][safepoint    ] Application time: 1.0000883 seconds
[2019-12-08T10:06:53.686+0000][1][safepoint    ] Entering safepoint region: Cleanup
[2019-12-08T10:06:53.686+0000][1][safepoint    ] Leaving safepoint region
[2019-12-08T10:06:53.686+0000][1][safepoint    ] Total time for which application threads were stopped: 0.0000695 seconds, Stopping threads took: 0.0000180 seconds
[2019-12-08T10:06:54.686+0000][1][safepoint    ] Application time: 1.0000821 seconds
[2019-12-08T10:06:54.686+0000][1][safepoint    ] Entering safepoint region: Cleanup
[2019-12-08T10:06:54.686+0000][1][safepoint    ] Leaving safepoint region
[2019-12-08T10:06:54.686+0000][1][safepoint    ] Total time for which application threads were stopped: 0.0000707 seconds, Stopping threads took: 0.0000171 seconds
[2019-12-08T10:06:55.687+0000][1][safepoint    ] Application time: 1.0000796 seconds
[2019-12-08T10:06:55.687+0000][1][safepoint    ] Entering safepoint region: Cleanup
[2019-12-08T10:06:55.687+0000][1][safepoint    ] Leaving safepoint region
[2019-12-08T10:06:55.687+0000][1][safepoint    ] Total time for which application threads were stopped: 0.0000712 seconds, Stopping threads took: 0.0000168 seconds
[2019-12-08T10:06:56.687+0000][1][safepoint    ] Application time: 1.0000854 seconds
[2019-12-08T10:06:56.687+0000][1][safepoint    ] Entering safepoint region: Cleanup
[2019-12-08T10:06:56.687+0000][1][safepoint    ] Leaving safepoint region
[2019-12-08T10:06:56.687+0000][1][safepoint    ] Total time for which application threads were stopped: 0.0000712 seconds, Stopping threads took: 0.0000180 seconds
[2019-12-08T10:06:57.687+0000][1][safepoint    ] Application time: 1.0000817 seconds
[2019-12-08T10:06:57.687+0000][1][safepoint    ] Entering safepoint region: Cleanup
[2019-12-08T10:06:57.687+0000][1][safepoint    ] Leaving safepoint region
[2019-12-08T10:06:57.687+0000][1][safepoint    ] Total time for which application threads were stopped: 0.0000712 seconds, Stopping threads took: 0.0000173 seconds
[2019-12-08T10:06:58.687+0000][1][safepoint    ] Application time: 1.0000780 seconds
[2019-12-08T10:06:58.687+0000][1][safepoint    ] Entering safepoint region: Cleanup
[2019-12-08T10:06:58.687+0000][1][safepoint    ] Leaving safepoint region
[2019-12-08T10:06:58.687+0000][1][safepoint    ] Total time for which application threads were stopped: 0.0000709 seconds, Stopping threads took: 0.0000178 seconds
[2019-12-08T10:06:59.687+0000][1][safepoint    ] Application time: 1.0000787 seconds
[2019-12-08T10:06:59.687+0000][1][safepoint    ] Entering safepoint region: Cleanup
[2019-12-08T10:06:59.687+0000][1][safepoint    ] Leaving safepoint region
[2019-12-08T10:06:59.687+0000][1][safepoint    ] Total time for which application threads were stopped: 0.0000711 seconds, Stopping threads took: 0.0000185 seconds
[2019-12-08T10:07:00.688+0000][1][safepoint    ] Application time: 1.0000802 seconds
[2019-12-08T10:07:00.688+0000][1][safepoint    ] Entering safepoint region: Cleanup
[2019-12-08T10:07:00.688+0000][1][safepoint    ] Leaving safepoint region
[2019-12-08T10:07:00.688+0000][1][safepoint    ] Total time for which application threads were stopped: 0.0000716 seconds, Stopping threads took: 0.0000179 seconds
[2019-12-08T10:07:01.688+0000][1][safepoint    ] Application time: 1.0000851 seconds
[2019-12-08T10:07:01.688+0000][1][safepoint    ] Entering safepoint region: Cleanup
[2019-12-08T10:07:01.688+0000][1][safepoint    ] Leaving safepoint region
[2019-12-08T10:07:01.688+0000][1][safepoint    ] Total time for which application threads were stopped: 0.0001110 seconds, Stopping threads took: 0.0000284 seconds
[2019-12-08T10:07:03.520+0000][1][safepoint    ] Application time: 1.8323910 seconds
[2019-12-08T10:07:03.520+0000][1][safepoint    ] Entering safepoint region: Cleanup
[2019-12-08T10:07:03.520+0000][1][safepoint    ] Leaving safepoint region
[2019-12-08T10:07:03.520+0000][1][safepoint    ] Total time for which application threads were stopped: 0.0000801 seconds, Stopping threads took: 0.0000164 seconds
[2019-12-08T10:07:04.520+0000][1][safepoint    ] Application time: 1.0000813 seconds
[2019-12-08T10:07:04.521+0000][1][safepoint    ] Entering safepoint region: Cleanup
[2019-12-08T10:07:04.521+0000][1][safepoint    ] Leaving safepoint region
[2019-12-08T10:07:04.521+0000][1][safepoint    ] Total time for which application threads were stopped: 0.0000691 seconds, Stopping threads took: 0.0000167 seconds
[2019-12-08T10:07:05.521+0000][1][safepoint    ] Application time: 1.0000796 seconds
[2019-12-08T10:07:05.521+0000][1][safepoint    ] Entering safepoint region: Cleanup
[2019-12-08T10:07:05.521+0000][1][safepoint    ] Leaving safepoint region
[2019-12-08T10:07:05.521+0000][1][safepoint    ] Total time for which application threads were stopped: 0.0000643 seconds, Stopping threads took: 0.0000156 seconds
[2019-12-08T10:07:06.521+0000][1][safepoint    ] Application time: 1.0000779 seconds
[2019-12-08T10:07:06.521+0000][1][safepoint    ] Entering safepoint region: Cleanup
[2019-12-08T10:07:06.521+0000][1][safepoint    ] Leaving safepoint region
[2019-12-08T10:07:06.521+0000][1][safepoint    ] Total time for which application threads were stopped: 0.0000729 seconds, Stopping threads took: 0.0000166 seconds
[2019-12-08T10:07:07.521+0000][1][safepoint    ] Application time: 1.0000840 seconds
[2019-12-08T10:07:07.521+0000][1][safepoint    ] Entering safepoint region: Cleanup
[2019-12-08T10:07:07.521+0000][1][safepoint    ] Leaving safepoint region
[2019-12-08T10:07:07.521+0000][1][safepoint    ] Total time for which application threads were stopped: 0.0000851 seconds, Stopping threads took: 0.0000182 seconds
[2019-12-08T10:07:08.521+0000][1][safepoint    ] Application time: 1.0000804 seconds
[2019-12-08T10:07:08.521+0000][1][safepoint    ] Entering safepoint region: Cleanup
[2019-12-08T10:07:08.521+0000][1][safepoint    ] Leaving safepoint region
[2019-12-08T10:07:08.521+0000][1][safepoint    ] Total time for which application threads were stopped: 0.0000684 seconds, Stopping threads took: 0.0000173 seconds
[2019-12-08T10:07:09.521+0000][1][safepoint    ] Application time: 1.0000808 seconds
[2019-12-08T10:07:09.521+0000][1][safepoint    ] Entering safepoint region: Cleanup
[2019-12-08T10:07:09.522+0000][1][safepoint    ] Leaving safepoint region
[2019-12-08T10:07:09.522+0000][1][safepoint    ] Total time for which application threads were stopped: 0.0000695 seconds, Stopping threads took: 0.0000168 seconds
[2019-12-08T10:07:10.522+0000][1][safepoint    ] Application time: 1.0000787 seconds
[2019-12-08T10:07:10.522+0000][1][safepoint    ] Entering safepoint region: Cleanup
[2019-12-08T10:07:10.522+0000][1][safepoint    ] Leaving safepoint region
[2019-12-08T10:07:10.522+0000][1][safepoint    ] Total time for which application threads were stopped: 0.0000791 seconds, Stopping threads took: 0.0000273 seconds
[2019-12-08T10:07:11.522+0000][1][safepoint    ] Application time: 1.0000763 seconds
[2019-12-08T10:07:11.522+0000][1][safepoint    ] Entering safepoint region: Cleanup
[2019-12-08T10:07:11.522+0000][1][safepoint    ] Leaving safepoint region
[2019-12-08T10:07:11.522+0000][1][safepoint    ] Total time for which application threads were stopped: 0.0000667 seconds, Stopping threads took: 0.0000163 seconds
[2019-12-08T10:07:12.522+0000][1][safepoint    ] Application time: 1.0000774 seconds
[2019-12-08T10:07:12.522+0000][1][safepoint    ] Entering safepoint region: Cleanup
[2019-12-08T10:07:12.522+0000][1][safepoint    ] Leaving safepoint region
[2019-12-08T10:07:12.522+0000][1][safepoint    ] Total time for which application threads were stopped: 0.0000663 seconds, Stopping threads took: 0.0000156 seconds
[2019-12-08T10:07:13.522+0000][1][safepoint    ] Application time: 1.0000791 seconds
[2019-12-08T10:07:13.522+0000][1][safepoint    ] Entering safepoint region: Cleanup
[2019-12-08T10:07:13.522+0000][1][safepoint    ] Leaving safepoint region
[2019-12-08T10:07:13.522+0000][1][safepoint    ] Total time for which application threads were stopped: 0.0000655 seconds, Stopping threads took: 0.0000153 seconds
[2019-12-08T10:07:14.522+0000][1][safepoint    ] Application time: 1.0000796 seconds
[2019-12-08T10:07:14.522+0000][1][safepoint    ] Entering safepoint region: Cleanup
[2019-12-08T10:07:14.522+0000][1][safepoint    ] Leaving safepoint region
[2019-12-08T10:07:14.522+0000][1][safepoint    ] Total time for which application threads were stopped: 0.0000662 seconds, Stopping threads took: 0.0000172 seconds
[2019-12-08T10:07:15.523+0000][1][safepoint    ] Application time: 1.0000761 seconds
[2019-12-08T10:07:15.523+0000][1][safepoint    ] Entering safepoint region: Cleanup
[2019-12-08T10:07:15.523+0000][1][safepoint    ] Leaving safepoint region
[2019-12-08T10:07:15.523+0000][1][safepoint    ] Total time for which application threads were stopped: 0.0000669 seconds, Stopping threads took: 0.0000165 seconds
[2019-12-08T10:07:16.523+0000][1][safepoint    ] Application time: 1.0000797 seconds
[2019-12-08T10:07:16.523+0000][1][safepoint    ] Entering safepoint region: Cleanup
[2019-12-08T10:07:16.523+0000][1][safepoint    ] Leaving safepoint region
[2019-12-08T10:07:16.523+0000][1][safepoint    ] Total time for which application threads were stopped: 0.0000660 seconds, Stopping threads took: 0.0000158 seconds
[2019-12-08T10:07:17.523+0000][1][safepoint    ] Application time: 1.0000795 seconds
[2019-12-08T10:07:17.523+0000][1][safepoint    ] Entering safepoint region: Cleanup
[2019-12-08T10:07:17.523+0000][1][safepoint    ] Leaving safepoint region
[2019-12-08T10:07:17.523+0000][1][safepoint    ] Total time for which application threads were stopped: 0.0000648 seconds, Stopping threads took: 0.0000159 seconds
[2019-12-08T10:07:18.523+0000][1][safepoint    ] Application time: 1.0000803 seconds
[2019-12-08T10:07:18.523+0000][1][safepoint    ] Entering safepoint region: Cleanup
[2019-12-08T10:07:18.523+0000][1][safepoint    ] Leaving safepoint region
[2019-12-08T10:07:18.523+0000][1][safepoint    ] Total time for which application threads were stopped: 0.0000768 seconds, Stopping threads took: 0.0000250 seconds
[2019-12-08T10:07:19.523+0000][1][safepoint    ] Application time: 1.0000795 seconds
[2019-12-08T10:07:19.523+0000][1][safepoint    ] Entering safepoint region: Cleanup
[2019-12-08T10:07:19.523+0000][1][safepoint    ] Leaving safepoint region
[2019-12-08T10:07:19.523+0000][1][safepoint    ] Total time for which application threads were stopped: 0.0000653 seconds, Stopping threads took: 0.0000160 seconds
[2019-12-08T10:07:20.523+0000][1][safepoint    ] Application time: 1.0000767 seconds
[2019-12-08T10:07:20.523+0000][1][safepoint    ] Entering safepoint region: Cleanup
[2019-12-08T10:07:20.524+0000][1][safepoint    ] Leaving safepoint region
[2019-12-08T10:07:20.524+0000][1][safepoint    ] Total time for which application threads were stopped: 0.0000617 seconds, Stopping threads took: 0.0000146 seconds
[2019-12-08T10:07:21.524+0000][1][safepoint    ] Application time: 1.0000819 seconds
[2019-12-08T10:07:21.524+0000][1][safepoint    ] Entering safepoint region: Cleanup
[2019-12-08T10:07:21.524+0000][1][safepoint    ] Leaving safepoint region
[2019-12-08T10:07:21.524+0000][1][safepoint    ] Total time for which application threads were stopped: 0.0000788 seconds, Stopping threads took: 0.0000166 seconds
[2019-12-08T10:07:22.524+0000][1][safepoint    ] Application time: 1.0000766 seconds
[2019-12-08T10:07:22.524+0000][1][safepoint    ] Entering safepoint region: Cleanup
[2019-12-08T10:07:22.524+0000][1][safepoint    ] Leaving safepoint region
[2019-12-08T10:07:22.524+0000][1][safepoint    ] Total time for which application threads were stopped: 0.0000651 seconds, Stopping threads took: 0.0000162 seconds
[2019-12-08T10:07:23.524+0000][1][safepoint    ] Application time: 1.0000764 seconds
[2019-12-08T10:07:23.524+0000][1][safepoint    ] Entering safepoint region: Cleanup
[2019-12-08T10:07:23.524+0000][1][safepoint    ] Leaving safepoint region
[2019-12-08T10:07:23.524+0000][1][safepoint    ] Total time for which application threads were stopped: 0.0000649 seconds, Stopping threads took: 0.0000158 seconds
[2019-12-08T10:07:24.524+0000][1][safepoint    ] Application time: 1.0000750 seconds
[2019-12-08T10:07:24.524+0000][1][safepoint    ] Entering safepoint region: Cleanup
[2019-12-08T10:07:24.524+0000][1][safepoint    ] Leaving safepoint region
[2019-12-08T10:07:24.524+0000][1][safepoint    ] Total time for which application threads were stopped: 0.0000637 seconds, Stopping threads took: 0.0000158 seconds
[2019-12-08T10:07:25.524+0000][1][safepoint    ] Application time: 1.0000758 seconds
[2019-12-08T10:07:25.524+0000][1][safepoint    ] Entering safepoint region: Cleanup
[2019-12-08T10:07:25.524+0000][1][safepoint    ] Leaving safepoint region
[2019-12-08T10:07:25.524+0000][1][safepoint    ] Total time for which application threads were stopped: 0.0000628 seconds, Stopping threads took: 0.0000143 seconds
[2019-12-08T10:07:26.524+0000][1][safepoint    ] Application time: 1.0000788 seconds
[2019-12-08T10:07:26.525+0000][1][safepoint    ] Entering safepoint region: Cleanup
[2019-12-08T10:07:26.525+0000][1][safepoint    ] Leaving safepoint region
[2019-12-08T10:07:26.525+0000][1][safepoint    ] Total time for which application threads were stopped: 0.0000644 seconds, Stopping threads took: 0.0000165 seconds
[2019-12-08T10:07:27.525+0000][1][safepoint    ] Application time: 1.0000753 seconds
[2019-12-08T10:07:27.525+0000][1][safepoint    ] Entering safepoint region: Cleanup
[2019-12-08T10:07:27.525+0000][1][safepoint    ] Leaving safepoint region
[2019-12-08T10:07:27.525+0000][1][safepoint    ] Total time for which application threads were stopped: 0.0000722 seconds, Stopping threads took: 0.0000171 seconds
[2019-12-08T10:07:28.525+0000][1][safepoint    ] Application time: 1.0000824 seconds
[2019-12-08T10:07:28.525+0000][1][safepoint    ] Entering safepoint region: Cleanup
[2019-12-08T10:07:28.525+0000][1][safepoint    ] Leaving safepoint region
[2019-12-08T10:07:28.525+0000][1][safepoint    ] Total time for which application threads were stopped: 0.0000733 seconds, Stopping threads took: 0.0000228 seconds
[2019-12-08T10:07:29.525+0000][1][safepoint    ] Application time: 1.0000781 seconds
[2019-12-08T10:07:29.525+0000][1][safepoint    ] Entering safepoint region: Cleanup
[2019-12-08T10:07:29.525+0000][1][safepoint    ] Leaving safepoint region
[2019-12-08T10:07:29.525+0000][1][safepoint    ] Total time for which application threads were stopped: 0.0000697 seconds, Stopping threads took: 0.0000155 seconds
[2019-12-08T10:07:30.525+0000][1][safepoint    ] Application time: 1.0000827 seconds
[2019-12-08T10:07:30.525+0000][1][safepoint    ] Entering safepoint region: Cleanup
[2019-12-08T10:07:30.525+0000][1][safepoint    ] Leaving safepoint region
[2019-12-08T10:07:30.525+0000][1][safepoint    ] Total time for which application threads were stopped: 0.0000800 seconds, Stopping threads took: 0.0000167 seconds
[2019-12-08T10:07:31.525+0000][1][safepoint    ] Application time: 1.0000782 seconds
[2019-12-08T10:07:31.525+0000][1][safepoint    ] Entering safepoint region: Cleanup
[2019-12-08T10:07:31.526+0000][1][safepoint    ] Leaving safepoint region
[2019-12-08T10:07:31.526+0000][1][safepoint    ] Total time for which application threads were stopped: 0.0000809 seconds, Stopping threads took: 0.0000181 seconds
[2019-12-08T10:07:32.526+0000][1][safepoint    ] Application time: 1.0000777 seconds
[2019-12-08T10:07:32.526+0000][1][safepoint    ] Entering safepoint region: Cleanup
[2019-12-08T10:07:32.526+0000][1][safepoint    ] Leaving safepoint region
[2019-12-08T10:07:32.526+0000][1][safepoint    ] Total time for which application threads were stopped: 0.0000841 seconds, Stopping threads took: 0.0000165 seconds
[2019-12-08T10:07:33.526+0000][1][safepoint    ] Application time: 1.0000848 seconds
[2019-12-08T10:07:33.526+0000][1][safepoint    ] Entering safepoint region: Cleanup
[2019-12-08T10:07:33.526+0000][1][safepoint    ] Leaving safepoint region
[2019-12-08T10:07:33.526+0000][1][safepoint    ] Total time for which application threads were stopped: 0.0000765 seconds, Stopping threads took: 0.0000179 seconds
[2019-12-08T10:07:33.734+0000][1][safepoint    ] Application time: 0.2080137 seconds
[2019-12-08T10:07:33.734+0000][1][safepoint    ] Entering safepoint region: GenCollectForAllocation
[2019-12-08T10:07:33.734+0000][1][gc,start     ] GC(25) Pause Young (Allocation Failure)
[2019-12-08T10:07:33.734+0000][1][gc,task      ] GC(25) Using 4 workers of 4 for evacuation
[2019-12-08T10:07:33.738+0000][1][gc,age       ] GC(25) Desired survivor size 4456448 bytes, new threshold 6 (max threshold 6)
[2019-12-08T10:07:33.738+0000][1][gc,age       ] GC(25) Age table with threshold 6 (max threshold 6)
[2019-12-08T10:07:33.738+0000][1][gc,age       ] GC(25) - age   1:       6936 bytes,       6936 total
[2019-12-08T10:07:33.738+0000][1][gc,age       ] GC(25) - age   2:       7440 bytes,      14376 total
[2019-12-08T10:07:33.738+0000][1][gc,age       ] GC(25) - age   3:       7864 bytes,      22240 total
[2019-12-08T10:07:33.738+0000][1][gc,age       ] GC(25) - age   4:     586888 bytes,     609128 total
[2019-12-08T10:07:33.738+0000][1][gc,age       ] GC(25) - age   5:    2165440 bytes,    2774568 total
[2019-12-08T10:07:33.738+0000][1][gc,heap      ] GC(25) ParNew: 74606K->3368K(78656K)
[2019-12-08T10:07:33.738+0000][1][gc,heap      ] GC(25) CMS: 66826K->66826K(174784K)
[2019-12-08T10:07:33.738+0000][1][gc,metaspace ] GC(25) Metaspace: 68217K->68217K(1112064K)
[2019-12-08T10:07:33.738+0000][1][gc           ] GC(25) Pause Young (Allocation Failure) 138M->68M(247M) 3.670ms
[2019-12-08T10:07:33.738+0000][1][gc,cpu       ] GC(25) User=0.01s Sys=0.00s Real=0.00s
[2019-12-08T10:07:33.738+0000][1][safepoint    ] Leaving safepoint region
[2019-12-08T10:07:33.738+0000][1][safepoint    ] Total time for which application threads were stopped: 0.0038047 seconds, Stopping threads took: 0.0000148 seconds
[2019-12-08T10:07:35.736+0000][1][safepoint    ] Application time: 1.9977447 seconds
[2019-12-08T10:07:35.736+0000][1][safepoint    ] Entering safepoint region: Cleanup
[2019-12-08T10:07:35.736+0000][1][safepoint    ] Leaving safepoint region
[2019-12-08T10:07:35.736+0000][1][safepoint    ] Total time for which application threads were stopped: 0.0000728 seconds, Stopping threads took: 0.0000171 seconds
[2019-12-08T10:07:36.736+0000][1][safepoint    ] Application time: 1.0000929 seconds
[2019-12-08T10:07:36.736+0000][1][safepoint    ] Entering safepoint region: Cleanup
[2019-12-08T10:07:36.736+0000][1][safepoint    ] Leaving safepoint region
[2019-12-08T10:07:36.736+0000][1][safepoint    ] Total time for which application threads were stopped: 0.0000805 seconds, Stopping threads took: 0.0000168 seconds
[2019-12-08T10:07:37.736+0000][1][safepoint    ] Application time: 1.0000768 seconds
[2019-12-08T10:07:37.736+0000][1][safepoint    ] Entering safepoint region: Cleanup
[2019-12-08T10:07:37.736+0000][1][safepoint    ] Leaving safepoint region
[2019-12-08T10:07:37.736+0000][1][safepoint    ] Total time for which application threads were stopped: 0.0001094 seconds, Stopping threads took: 0.0000481 seconds
[2019-12-08T10:07:38.736+0000][1][safepoint    ] Application time: 1.0000866 seconds
[2019-12-08T10:07:38.736+0000][1][safepoint    ] Entering safepoint region: Cleanup
[2019-12-08T10:07:38.736+0000][1][safepoint    ] Leaving safepoint region
[2019-12-08T10:07:38.736+0000][1][safepoint    ] Total time for which application threads were stopped: 0.0000733 seconds, Stopping threads took: 0.0000186 seconds
[2019-12-08T10:07:39.736+0000][1][safepoint    ] Application time: 1.0000779 seconds
[2019-12-08T10:07:39.736+0000][1][safepoint    ] Entering safepoint region: Cleanup
[2019-12-08T10:07:39.737+0000][1][safepoint    ] Leaving safepoint region
[2019-12-08T10:07:39.737+0000][1][safepoint    ] Total time for which application threads were stopped: 0.0000884 seconds, Stopping threads took: 0.0000260 seconds
[2019-12-08T10:07:40.737+0000][1][safepoint    ] Application time: 1.0000773 seconds
[2019-12-08T10:07:40.737+0000][1][safepoint    ] Entering safepoint region: Cleanup
[2019-12-08T10:07:40.737+0000][1][safepoint    ] Leaving safepoint region
[2019-12-08T10:07:40.737+0000][1][safepoint    ] Total time for which application threads were stopped: 0.0000890 seconds, Stopping threads took: 0.0000175 seconds
[2019-12-08T10:07:41.737+0000][1][safepoint    ] Application time: 1.0000758 seconds
[2019-12-08T10:07:41.737+0000][1][safepoint    ] Entering safepoint region: Cleanup
[2019-12-08T10:07:41.737+0000][1][safepoint    ] Leaving safepoint region
[2019-12-08T10:07:41.737+0000][1][safepoint    ] Total time for which application threads were stopped: 0.0000728 seconds, Stopping threads took: 0.0000180 seconds
[2019-12-08T10:07:42.737+0000][1][safepoint    ] Application time: 1.0000757 seconds
[2019-12-08T10:07:42.737+0000][1][safepoint    ] Entering safepoint region: Cleanup
[2019-12-08T10:07:42.737+0000][1][safepoint    ] Leaving safepoint region
[2019-12-08T10:07:42.737+0000][1][safepoint    ] Total time for which application threads were stopped: 0.0000710 seconds, Stopping threads took: 0.0000176 seconds
[2019-12-08T10:07:43.737+0000][1][safepoint    ] Application time: 1.0000748 seconds
[2019-12-08T10:07:43.737+0000][1][safepoint    ] Entering safepoint region: Cleanup
[2019-12-08T10:07:43.737+0000][1][safepoint    ] Leaving safepoint region
[2019-12-08T10:07:43.737+0000][1][safepoint    ] Total time for which application threads were stopped: 0.0000702 seconds, Stopping threads took: 0.0000171 seconds
[2019-12-08T10:07:44.737+0000][1][safepoint    ] Application time: 1.0000757 seconds
[2019-12-08T10:07:44.737+0000][1][safepoint    ] Entering safepoint region: Cleanup
[2019-12-08T10:07:44.737+0000][1][safepoint    ] Leaving safepoint region
[2019-12-08T10:07:44.737+0000][1][safepoint    ] Total time for which application threads were stopped: 0.0000704 seconds, Stopping threads took: 0.0000182 seconds
[2019-12-08T10:07:45.738+0000][1][safepoint    ] Application time: 1.0000760 seconds
[2019-12-08T10:07:45.738+0000][1][safepoint    ] Entering safepoint region: Cleanup
[2019-12-08T10:07:45.738+0000][1][safepoint    ] Leaving safepoint region
[2019-12-08T10:07:45.738+0000][1][safepoint    ] Total time for which application threads were stopped: 0.0000698 seconds, Stopping threads took: 0.0000164 seconds
[2019-12-08T10:07:46.738+0000][1][safepoint    ] Application time: 1.0000884 seconds
[2019-12-08T10:07:46.738+0000][1][safepoint    ] Entering safepoint region: Cleanup
[2019-12-08T10:07:46.738+0000][1][safepoint    ] Leaving safepoint region
[2019-12-08T10:07:46.738+0000][1][safepoint    ] Total time for which application threads were stopped: 0.0000723 seconds, Stopping threads took: 0.0000182 seconds
[2019-12-08T10:07:47.738+0000][1][safepoint    ] Application time: 1.0000777 seconds
[2019-12-08T10:07:47.738+0000][1][safepoint    ] Entering safepoint region: Cleanup
[2019-12-08T10:07:47.738+0000][1][safepoint    ] Leaving safepoint region
[2019-12-08T10:07:47.738+0000][1][safepoint    ] Total time for which application threads were stopped: 0.0000710 seconds, Stopping threads took: 0.0000177 seconds
[2019-12-08T10:07:48.738+0000][1][safepoint    ] Application time: 1.0000841 seconds
[2019-12-08T10:07:48.738+0000][1][safepoint    ] Entering safepoint region: Cleanup
[2019-12-08T10:07:48.738+0000][1][safepoint    ] Leaving safepoint region
[2019-12-08T10:07:48.738+0000][1][safepoint    ] Total time for which application threads were stopped: 0.0000733 seconds, Stopping threads took: 0.0000186 seconds
[2019-12-08T10:07:49.738+0000][1][safepoint    ] Application time: 1.0000809 seconds
[2019-12-08T10:07:49.738+0000][1][safepoint    ] Entering safepoint region: Cleanup
[2019-12-08T10:07:49.738+0000][1][safepoint    ] Leaving safepoint region
[2019-12-08T10:07:49.738+0000][1][safepoint    ] Total time for which application threads were stopped: 0.0000710 seconds, Stopping threads took: 0.0000178 seconds
[2019-12-08T10:07:50.739+0000][1][safepoint    ] Application time: 1.0000786 seconds
[2019-12-08T10:07:50.739+0000][1][safepoint    ] Entering safepoint region: Cleanup
[2019-12-08T10:07:50.739+0000][1][safepoint    ] Leaving safepoint region
[2019-12-08T10:07:50.739+0000][1][safepoint    ] Total time for which application threads were stopped: 0.0000735 seconds, Stopping threads took: 0.0000189 seconds
[2019-12-08T10:07:51.739+0000][1][safepoint    ] Application time: 1.0000826 seconds
[2019-12-08T10:07:51.739+0000][1][safepoint    ] Entering safepoint region: Cleanup
[2019-12-08T10:07:51.739+0000][1][safepoint    ] Leaving safepoint region
[2019-12-08T10:07:51.739+0000][1][safepoint    ] Total time for which application threads were stopped: 0.0000706 seconds, Stopping threads took: 0.0000176 seconds
[2019-12-08T10:07:52.739+0000][1][safepoint    ] Application time: 1.0000772 seconds
[2019-12-08T10:07:52.739+0000][1][safepoint    ] Entering safepoint region: Cleanup
[2019-12-08T10:07:52.739+0000][1][safepoint    ] Leaving safepoint region
[2019-12-08T10:07:52.739+0000][1][safepoint    ] Total time for which application threads were stopped: 0.0000668 seconds, Stopping threads took: 0.0000165 seconds
[2019-12-08T10:07:53.739+0000][1][safepoint    ] Application time: 1.0000793 seconds
[2019-12-08T10:07:53.739+0000][1][safepoint    ] Entering safepoint region: Cleanup
[2019-12-08T10:07:53.739+0000][1][safepoint    ] Leaving safepoint region
[2019-12-08T10:07:53.739+0000][1][safepoint    ] Total time for which application threads were stopped: 0.0000713 seconds, Stopping threads took: 0.0000178 seconds
[2019-12-08T10:07:54.739+0000][1][safepoint    ] Application time: 1.0000763 seconds
[2019-12-08T10:07:54.739+0000][1][safepoint    ] Entering safepoint region: Cleanup
[2019-12-08T10:07:54.739+0000][1][safepoint    ] Leaving safepoint region
[2019-12-08T10:07:54.739+0000][1][safepoint    ] Total time for which application threads were stopped: 0.0000686 seconds, Stopping threads took: 0.0000163 seconds
[2019-12-08T10:07:55.739+0000][1][safepoint    ] Application time: 1.0000782 seconds
[2019-12-08T10:07:55.740+0000][1][safepoint    ] Entering safepoint region: Cleanup
[2019-12-08T10:07:55.740+0000][1][safepoint    ] Leaving safepoint region
[2019-12-08T10:07:55.740+0000][1][safepoint    ] Total time for which application threads were stopped: 0.0000707 seconds, Stopping threads took: 0.0000176 seconds
[2019-12-08T10:07:56.740+0000][1][safepoint    ] Application time: 1.0000891 seconds
[2019-12-08T10:07:56.740+0000][1][safepoint    ] Entering safepoint region: Cleanup
[2019-12-08T10:07:56.740+0000][1][safepoint    ] Leaving safepoint region
[2019-12-08T10:07:56.740+0000][1][safepoint    ] Total time for which application threads were stopped: 0.0000726 seconds, Stopping threads took: 0.0000181 seconds
[2019-12-08T10:07:57.740+0000][1][safepoint    ] Application time: 1.0000773 seconds
[2019-12-08T10:07:57.740+0000][1][safepoint    ] Entering safepoint region: Cleanup
[2019-12-08T10:07:57.740+0000][1][safepoint    ] Leaving safepoint region
[2019-12-08T10:07:57.740+0000][1][safepoint    ] Total time for which application threads were stopped: 0.0000985 seconds, Stopping threads took: 0.0000179 seconds
[2019-12-08T10:07:58.740+0000][1][safepoint    ] Application time: 1.0000792 seconds
[2019-12-08T10:07:58.740+0000][1][safepoint    ] Entering safepoint region: Cleanup
[2019-12-08T10:07:58.740+0000][1][safepoint    ] Leaving safepoint region
[2019-12-08T10:07:58.740+0000][1][safepoint    ] Total time for which application threads were stopped: 0.0000717 seconds, Stopping threads took: 0.0000180 seconds
[2019-12-08T10:07:59.740+0000][1][safepoint    ] Application time: 1.0000838 seconds
[2019-12-08T10:07:59.740+0000][1][safepoint    ] Entering safepoint region: Cleanup
[2019-12-08T10:07:59.740+0000][1][safepoint    ] Leaving safepoint region
[2019-12-08T10:07:59.740+0000][1][safepoint    ] Total time for which application threads were stopped: 0.0000739 seconds, Stopping threads took: 0.0000179 seconds
[2019-12-08T10:08:00.741+0000][1][safepoint    ] Application time: 1.0000787 seconds
[2019-12-08T10:08:00.741+0000][1][safepoint    ] Entering safepoint region: Cleanup
[2019-12-08T10:08:00.741+0000][1][safepoint    ] Leaving safepoint region
[2019-12-08T10:08:00.741+0000][1][safepoint    ] Total time for which application threads were stopped: 0.0000770 seconds, Stopping threads took: 0.0000201 seconds
[2019-12-08T10:08:01.741+0000][1][safepoint    ] Application time: 1.0000768 seconds
[2019-12-08T10:08:01.741+0000][1][safepoint    ] Entering safepoint region: Cleanup
[2019-12-08T10:08:01.741+0000][1][safepoint    ] Leaving safepoint region
[2019-12-08T10:08:01.741+0000][1][safepoint    ] Total time for which application threads were stopped: 0.0000739 seconds, Stopping threads took: 0.0000183 seconds
[2019-12-08T10:08:02.741+0000][1][safepoint    ] Application time: 1.0000789 seconds
[2019-12-08T10:08:02.741+0000][1][safepoint    ] Entering safepoint region: Cleanup
[2019-12-08T10:08:02.741+0000][1][safepoint    ] Leaving safepoint region
[2019-12-08T10:08:02.741+0000][1][safepoint    ] Total time for which application threads were stopped: 0.0000740 seconds, Stopping threads took: 0.0000183 seconds
[2019-12-08T10:08:03.741+0000][1][safepoint    ] Application time: 1.0000769 seconds
[2019-12-08T10:08:03.741+0000][1][safepoint    ] Entering safepoint region: Cleanup
[2019-12-08T10:08:03.741+0000][1][safepoint    ] Leaving safepoint region
[2019-12-08T10:08:03.741+0000][1][safepoint    ] Total time for which application threads were stopped: 0.0000846 seconds, Stopping threads took: 0.0000185 seconds
[2019-12-08T10:08:04.741+0000][1][safepoint    ] Application time: 1.0000814 seconds
[2019-12-08T10:08:04.741+0000][1][safepoint    ] Entering safepoint region: Cleanup
[2019-12-08T10:08:04.741+0000][1][safepoint    ] Leaving safepoint region
[2019-12-08T10:08:04.741+0000][1][safepoint    ] Total time for which application threads were stopped: 0.0000731 seconds, Stopping threads took: 0.0000183 seconds
[2019-12-08T10:08:05.742+0000][1][safepoint    ] Application time: 1.0000883 seconds
[2019-12-08T10:08:05.742+0000][1][safepoint    ] Entering safepoint region: Cleanup
[2019-12-08T10:08:05.742+0000][1][safepoint    ] Leaving safepoint region
[2019-12-08T10:08:05.742+0000][1][safepoint    ] Total time for which application threads were stopped: 0.0000728 seconds, Stopping threads took: 0.0000185 seconds
[2019-12-08T10:08:07.535+0000][1][safepoint    ] Application time: 1.7930052 seconds
[2019-12-08T10:08:07.535+0000][1][safepoint    ] Entering safepoint region: Cleanup
[2019-12-08T10:08:07.535+0000][1][safepoint    ] Leaving safepoint region
[2019-12-08T10:08:07.535+0000][1][safepoint    ] Total time for which application threads were stopped: 0.0000772 seconds, Stopping threads took: 0.0000162 seconds
[2019-12-08T10:08:08.535+0000][1][safepoint    ] Application time: 1.0000779 seconds
[2019-12-08T10:08:08.535+0000][1][safepoint    ] Entering safepoint region: Cleanup
[2019-12-08T10:08:08.535+0000][1][safepoint    ] Leaving safepoint region
[2019-12-08T10:08:08.535+0000][1][safepoint    ] Total time for which application threads were stopped: 0.0000657 seconds, Stopping threads took: 0.0000158 seconds
[2019-12-08T10:08:09.535+0000][1][safepoint    ] Application time: 1.0000790 seconds
[2019-12-08T10:08:09.535+0000][1][safepoint    ] Entering safepoint region: Cleanup
[2019-12-08T10:08:09.535+0000][1][safepoint    ] Leaving safepoint region
[2019-12-08T10:08:09.535+0000][1][safepoint    ] Total time for which application threads were stopped: 0.0000660 seconds, Stopping threads took: 0.0000162 seconds
[2019-12-08T10:08:10.535+0000][1][safepoint    ] Application time: 1.0000780 seconds
[2019-12-08T10:08:10.535+0000][1][safepoint    ] Entering safepoint region: Cleanup
[2019-12-08T10:08:10.535+0000][1][safepoint    ] Leaving safepoint region
[2019-12-08T10:08:10.535+0000][1][safepoint    ] Total time for which application threads were stopped: 0.0000646 seconds, Stopping threads took: 0.0000150 seconds
[2019-12-08T10:08:11.535+0000][1][safepoint    ] Application time: 1.0000798 seconds
[2019-12-08T10:08:11.535+0000][1][safepoint    ] Entering safepoint region: Cleanup
[2019-12-08T10:08:11.535+0000][1][safepoint    ] Leaving safepoint region
[2019-12-08T10:08:11.535+0000][1][safepoint    ] Total time for which application threads were stopped: 0.0000661 seconds, Stopping threads took: 0.0000165 seconds
[2019-12-08T10:08:12.536+0000][1][safepoint    ] Application time: 1.0000799 seconds
[2019-12-08T10:08:12.536+0000][1][safepoint    ] Entering safepoint region: Cleanup
[2019-12-08T10:08:12.536+0000][1][safepoint    ] Leaving safepoint region
[2019-12-08T10:08:12.536+0000][1][safepoint    ] Total time for which application threads were stopped: 0.0000672 seconds, Stopping threads took: 0.0000168 seconds
[2019-12-08T10:08:13.536+0000][1][safepoint    ] Application time: 1.0000830 seconds
[2019-12-08T10:08:13.536+0000][1][safepoint    ] Entering safepoint region: Cleanup
[2019-12-08T10:08:13.536+0000][1][safepoint    ] Leaving safepoint region
[2019-12-08T10:08:13.536+0000][1][safepoint    ] Total time for which application threads were stopped: 0.0000640 seconds, Stopping threads took: 0.0000166 seconds
[2019-12-08T10:08:14.536+0000][1][safepoint    ] Application time: 1.0000808 seconds
[2019-12-08T10:08:14.536+0000][1][safepoint    ] Entering safepoint region: Cleanup
[2019-12-08T10:08:14.536+0000][1][safepoint    ] Leaving safepoint region
[2019-12-08T10:08:14.536+0000][1][safepoint    ] Total time for which application threads were stopped: 0.0000687 seconds, Stopping threads took: 0.0000167 seconds
[2019-12-08T10:08:15.536+0000][1][safepoint    ] Application time: 1.0000781 seconds
[2019-12-08T10:08:15.536+0000][1][safepoint    ] Entering safepoint region: Cleanup
[2019-12-08T10:08:15.536+0000][1][safepoint    ] Leaving safepoint region
[2019-12-08T10:08:15.536+0000][1][safepoint    ] Total time for which application threads were stopped: 0.0000641 seconds, Stopping threads took: 0.0000155 seconds
[2019-12-08T10:08:16.536+0000][1][safepoint    ] Application time: 1.0000767 seconds
[2019-12-08T10:08:16.536+0000][1][safepoint    ] Entering safepoint region: Cleanup
[2019-12-08T10:08:16.536+0000][1][safepoint    ] Leaving safepoint region
[2019-12-08T10:08:16.536+0000][1][safepoint    ] Total time for which application threads were stopped: 0.0000638 seconds, Stopping threads took: 0.0000161 seconds
[2019-12-08T10:08:17.536+0000][1][safepoint    ] Application time: 1.0000834 seconds
[2019-12-08T10:08:17.537+0000][1][safepoint    ] Entering safepoint region: Cleanup
[2019-12-08T10:08:17.537+0000][1][safepoint    ] Leaving safepoint region
[2019-12-08T10:08:17.537+0000][1][safepoint    ] Total time for which application threads were stopped: 0.0000731 seconds, Stopping threads took: 0.0000184 seconds
[2019-12-08T10:08:18.537+0000][1][safepoint    ] Application time: 1.0000974 seconds
[2019-12-08T10:08:18.537+0000][1][safepoint    ] Entering safepoint region: Cleanup
[2019-12-08T10:08:18.537+0000][1][safepoint    ] Leaving safepoint region
[2019-12-08T10:08:18.537+0000][1][safepoint    ] Total time for which application threads were stopped: 0.0000705 seconds, Stopping threads took: 0.0000183 seconds
[2019-12-08T10:08:19.537+0000][1][safepoint    ] Application time: 1.0000960 seconds
[2019-12-08T10:08:19.537+0000][1][safepoint    ] Entering safepoint region: Cleanup
[2019-12-08T10:08:19.537+0000][1][safepoint    ] Leaving safepoint region
[2019-12-08T10:08:19.537+0000][1][safepoint    ] Total time for which application threads were stopped: 0.0000890 seconds, Stopping threads took: 0.0000230 seconds
[2019-12-08T10:08:20.537+0000][1][safepoint    ] Application time: 1.0000794 seconds
[2019-12-08T10:08:20.537+0000][1][safepoint    ] Entering safepoint region: Cleanup
[2019-12-08T10:08:20.537+0000][1][safepoint    ] Leaving safepoint region
[2019-12-08T10:08:20.537+0000][1][safepoint    ] Total time for which application threads were stopped: 0.0000689 seconds, Stopping threads took: 0.0000155 seconds
[2019-12-08T10:08:21.537+0000][1][safepoint    ] Application time: 1.0000808 seconds
[2019-12-08T10:08:21.537+0000][1][safepoint    ] Entering safepoint region: Cleanup
[2019-12-08T10:08:21.537+0000][1][safepoint    ] Leaving safepoint region
[2019-12-08T10:08:21.537+0000][1][safepoint    ] Total time for which application threads were stopped: 0.0000684 seconds, Stopping threads took: 0.0000168 seconds
[2019-12-08T10:08:22.538+0000][1][safepoint    ] Application time: 1.0000783 seconds
[2019-12-08T10:08:22.538+0000][1][safepoint    ] Entering safepoint region: Cleanup
[2019-12-08T10:08:22.538+0000][1][safepoint    ] Leaving safepoint region
[2019-12-08T10:08:22.538+0000][1][safepoint    ] Total time for which application threads were stopped: 0.0000656 seconds, Stopping threads took: 0.0000166 seconds
[2019-12-08T10:08:23.538+0000][1][safepoint    ] Application time: 1.0000816 seconds
[2019-12-08T10:08:23.538+0000][1][safepoint    ] Entering safepoint region: Cleanup
[2019-12-08T10:08:23.538+0000][1][safepoint    ] Leaving safepoint region
[2019-12-08T10:08:23.538+0000][1][safepoint    ] Total time for which application threads were stopped: 0.0000647 seconds, Stopping threads took: 0.0000165 seconds
[2019-12-08T10:08:24.538+0000][1][safepoint    ] Application time: 1.0000794 seconds
[2019-12-08T10:08:24.538+0000][1][safepoint    ] Entering safepoint region: Cleanup
[2019-12-08T10:08:24.538+0000][1][safepoint    ] Leaving safepoint region
[2019-12-08T10:08:24.538+0000][1][safepoint    ] Total time for which application threads were stopped: 0.0000650 seconds, Stopping threads took: 0.0000163 seconds
[2019-12-08T10:08:25.538+0000][1][safepoint    ] Application time: 1.0000793 seconds
[2019-12-08T10:08:25.538+0000][1][safepoint    ] Entering safepoint region: Cleanup
[2019-12-08T10:08:25.538+0000][1][safepoint    ] Leaving safepoint region
[2019-12-08T10:08:25.538+0000][1][safepoint    ] Total time for which application threads were stopped: 0.0000670 seconds, Stopping threads took: 0.0000153 seconds
[2019-12-08T10:08:26.538+0000][1][safepoint    ] Application time: 1.0000782 seconds
[2019-12-08T10:08:26.538+0000][1][safepoint    ] Entering safepoint region: Cleanup
[2019-12-08T10:08:26.538+0000][1][safepoint    ] Leaving safepoint region
[2019-12-08T10:08:26.538+0000][1][safepoint    ] Total time for which application threads were stopped: 0.0000648 seconds, Stopping threads took: 0.0000164 seconds
[2019-12-08T10:08:27.539+0000][1][safepoint    ] Application time: 1.0002009 seconds
[2019-12-08T10:08:27.539+0000][1][safepoint    ] Entering safepoint region: Cleanup
[2019-12-08T10:08:27.539+0000][1][safepoint    ] Leaving safepoint region
[2019-12-08T10:08:27.539+0000][1][safepoint    ] Total time for which application threads were stopped: 0.0000958 seconds, Stopping threads took: 0.0000395 seconds
[2019-12-08T10:08:28.539+0000][1][safepoint    ] Application time: 1.0000852 seconds
[2019-12-08T10:08:28.539+0000][1][safepoint    ] Entering safepoint region: Cleanup
[2019-12-08T10:08:28.539+0000][1][safepoint    ] Leaving safepoint region
[2019-12-08T10:08:28.539+0000][1][safepoint    ] Total time for which application threads were stopped: 0.0000859 seconds, Stopping threads took: 0.0000244 seconds
[2019-12-08T10:08:29.539+0000][1][safepoint    ] Application time: 1.0000775 seconds
[2019-12-08T10:08:29.539+0000][1][safepoint    ] Entering safepoint region: Cleanup
[2019-12-08T10:08:29.539+0000][1][safepoint    ] Leaving safepoint region
[2019-12-08T10:08:29.539+0000][1][safepoint    ] Total time for which application threads were stopped: 0.0000722 seconds, Stopping threads took: 0.0000180 seconds
[2019-12-08T10:08:30.539+0000][1][safepoint    ] Application time: 1.0000767 seconds
[2019-12-08T10:08:30.539+0000][1][safepoint    ] Entering safepoint region: Cleanup
[2019-12-08T10:08:30.539+0000][1][safepoint    ] Leaving safepoint region
[2019-12-08T10:08:30.539+0000][1][safepoint    ] Total time for which application threads were stopped: 0.0000658 seconds, Stopping threads took: 0.0000165 seconds
[2019-12-08T10:08:31.539+0000][1][safepoint    ] Application time: 1.0000753 seconds
[2019-12-08T10:08:31.539+0000][1][safepoint    ] Entering safepoint region: Cleanup
[2019-12-08T10:08:31.540+0000][1][safepoint    ] Leaving safepoint region
[2019-12-08T10:08:31.540+0000][1][safepoint    ] Total time for which application threads were stopped: 0.0000719 seconds, Stopping threads took: 0.0000196 seconds
[2019-12-08T10:08:32.540+0000][1][safepoint    ] Application time: 1.0000796 seconds
[2019-12-08T10:08:32.540+0000][1][safepoint    ] Entering safepoint region: Cleanup
[2019-12-08T10:08:32.540+0000][1][safepoint    ] Leaving safepoint region
[2019-12-08T10:08:32.540+0000][1][safepoint    ] Total time for which application threads were stopped: 0.0000775 seconds, Stopping threads took: 0.0000272 seconds
[2019-12-08T10:08:33.540+0000][1][safepoint    ] Application time: 1.0000782 seconds
[2019-12-08T10:08:33.540+0000][1][safepoint    ] Entering safepoint region: Cleanup
[2019-12-08T10:08:33.540+0000][1][safepoint    ] Leaving safepoint region
[2019-12-08T10:08:33.540+0000][1][safepoint    ] Total time for which application threads were stopped: 0.0000739 seconds, Stopping threads took: 0.0000188 seconds
[2019-12-08T10:08:34.540+0000][1][safepoint    ] Application time: 1.0000803 seconds
[2019-12-08T10:08:34.540+0000][1][safepoint    ] Entering safepoint region: Cleanup
[2019-12-08T10:08:34.540+0000][1][safepoint    ] Leaving safepoint region
[2019-12-08T10:08:34.540+0000][1][safepoint    ] Total time for which application threads were stopped: 0.0000684 seconds, Stopping threads took: 0.0000181 seconds
[2019-12-08T10:08:35.540+0000][1][safepoint    ] Application time: 1.0000807 seconds
[2019-12-08T10:08:35.540+0000][1][safepoint    ] Entering safepoint region: Cleanup
[2019-12-08T10:08:35.540+0000][1][safepoint    ] Leaving safepoint region
[2019-12-08T10:08:35.540+0000][1][safepoint    ] Total time for which application threads were stopped: 0.0000648 seconds, Stopping threads took: 0.0000170 seconds
[2019-12-08T10:08:36.540+0000][1][safepoint    ] Application time: 1.0000850 seconds
[2019-12-08T10:08:36.540+0000][1][safepoint    ] Entering safepoint region: Cleanup
[2019-12-08T10:08:36.541+0000][1][safepoint    ] Leaving safepoint region
[2019-12-08T10:08:36.541+0000][1][safepoint    ] Total time for which application threads were stopped: 0.0000716 seconds, Stopping threads took: 0.0000187 seconds
[2019-12-08T10:08:37.541+0000][1][safepoint    ] Application time: 1.0000827 seconds
[2019-12-08T10:08:37.541+0000][1][safepoint    ] Entering safepoint region: Cleanup
[2019-12-08T10:08:37.541+0000][1][safepoint    ] Leaving safepoint region
[2019-12-08T10:08:37.541+0000][1][safepoint    ] Total time for which application threads were stopped: 0.0000790 seconds, Stopping threads took: 0.0000186 seconds
[2019-12-08T10:08:38.541+0000][1][safepoint    ] Application time: 1.0000769 seconds
[2019-12-08T10:08:38.541+0000][1][safepoint    ] Entering safepoint region: Cleanup
[2019-12-08T10:08:38.541+0000][1][safepoint    ] Leaving safepoint region
[2019-12-08T10:08:38.541+0000][1][safepoint    ] Total time for which application threads were stopped: 0.0000692 seconds, Stopping threads took: 0.0000178 seconds
[2019-12-08T10:08:39.541+0000][1][safepoint    ] Application time: 1.0000871 seconds
[2019-12-08T10:08:39.541+0000][1][safepoint    ] Entering safepoint region: Cleanup
[2019-12-08T10:08:39.541+0000][1][safepoint    ] Leaving safepoint region
[2019-12-08T10:08:39.541+0000][1][safepoint    ] Total time for which application threads were stopped: 0.0000811 seconds, Stopping threads took: 0.0000278 seconds
[2019-12-08T10:08:40.541+0000][1][safepoint    ] Application time: 1.0000776 seconds
[2019-12-08T10:08:40.541+0000][1][safepoint    ] Entering safepoint region: Cleanup
[2019-12-08T10:08:40.541+0000][1][safepoint    ] Leaving safepoint region
[2019-12-08T10:08:40.541+0000][1][safepoint    ] Total time for which application threads were stopped: 0.0000620 seconds, Stopping threads took: 0.0000158 seconds
[2019-12-08T10:08:41.541+0000][1][safepoint    ] Application time: 1.0000828 seconds
[2019-12-08T10:08:41.541+0000][1][safepoint    ] Entering safepoint region: Cleanup
[2019-12-08T10:08:41.542+0000][1][safepoint    ] Leaving safepoint region
[2019-12-08T10:08:41.542+0000][1][safepoint    ] Total time for which application threads were stopped: 0.0000678 seconds, Stopping threads took: 0.0000190 seconds
[2019-12-08T10:08:42.542+0000][1][safepoint    ] Application time: 1.0000814 seconds
[2019-12-08T10:08:42.542+0000][1][safepoint    ] Entering safepoint region: Cleanup
[2019-12-08T10:08:42.542+0000][1][safepoint    ] Leaving safepoint region
[2019-12-08T10:08:42.542+0000][1][safepoint    ] Total time for which application threads were stopped: 0.0000784 seconds, Stopping threads took: 0.0000182 seconds
[2019-12-08T10:08:43.542+0000][1][safepoint    ] Application time: 1.0000823 seconds
[2019-12-08T10:08:43.542+0000][1][safepoint    ] Entering safepoint region: Cleanup
[2019-12-08T10:08:43.542+0000][1][safepoint    ] Leaving safepoint region
[2019-12-08T10:08:43.542+0000][1][safepoint    ] Total time for which application threads were stopped: 0.0000699 seconds, Stopping threads took: 0.0000191 seconds
[2019-12-08T10:08:44.542+0000][1][safepoint    ] Application time: 1.0000794 seconds
[2019-12-08T10:08:44.542+0000][1][safepoint    ] Entering safepoint region: Cleanup
[2019-12-08T10:08:44.542+0000][1][safepoint    ] Leaving safepoint region
[2019-12-08T10:08:44.542+0000][1][safepoint    ] Total time for which application threads were stopped: 0.0000649 seconds, Stopping threads took: 0.0000168 seconds
[2019-12-08T10:08:45.542+0000][1][safepoint    ] Application time: 1.0000767 seconds
[2019-12-08T10:08:45.542+0000][1][safepoint    ] Entering safepoint region: Cleanup
[2019-12-08T10:08:45.542+0000][1][safepoint    ] Leaving safepoint region
[2019-12-08T10:08:45.542+0000][1][safepoint    ] Total time for which application threads were stopped: 0.0000625 seconds, Stopping threads took: 0.0000145 seconds
[2019-12-08T10:08:46.542+0000][1][safepoint    ] Application time: 1.0000788 seconds
[2019-12-08T10:08:46.542+0000][1][safepoint    ] Entering safepoint region: Cleanup
[2019-12-08T10:08:46.542+0000][1][safepoint    ] Leaving safepoint region
[2019-12-08T10:08:46.542+0000][1][safepoint    ] Total time for which application threads were stopped: 0.0000664 seconds, Stopping threads took: 0.0000187 seconds
[2019-12-08T10:08:47.543+0000][1][safepoint    ] Application time: 1.0000781 seconds
[2019-12-08T10:08:47.543+0000][1][safepoint    ] Entering safepoint region: Cleanup
[2019-12-08T10:08:47.543+0000][1][safepoint    ] Leaving safepoint region
[2019-12-08T10:08:47.543+0000][1][safepoint    ] Total time for which application threads were stopped: 0.0000677 seconds, Stopping threads took: 0.0000164 seconds
[2019-12-08T10:08:48.543+0000][1][safepoint    ] Application time: 1.0000887 seconds
[2019-12-08T10:08:48.543+0000][1][safepoint    ] Entering safepoint region: Cleanup
[2019-12-08T10:08:48.543+0000][1][safepoint    ] Leaving safepoint region
[2019-12-08T10:08:48.543+0000][1][safepoint    ] Total time for which application threads were stopped: 0.0000686 seconds, Stopping threads took: 0.0000178 seconds
[2019-12-08T10:08:49.543+0000][1][safepoint    ] Application time: 1.0000783 seconds
[2019-12-08T10:08:49.543+0000][1][safepoint    ] Entering safepoint region: Cleanup
[2019-12-08T10:08:49.543+0000][1][safepoint    ] Leaving safepoint region
[2019-12-08T10:08:49.543+0000][1][safepoint    ] Total time for which application threads were stopped: 0.0000744 seconds, Stopping threads took: 0.0000240 seconds
[2019-12-08T10:08:50.543+0000][1][safepoint    ] Application time: 1.0000776 seconds
[2019-12-08T10:08:50.543+0000][1][safepoint    ] Entering safepoint region: Cleanup
[2019-12-08T10:08:50.543+0000][1][safepoint    ] Leaving safepoint region
[2019-12-08T10:08:50.543+0000][1][safepoint    ] Total time for which application threads were stopped: 0.0000631 seconds, Stopping threads took: 0.0000156 seconds
[2019-12-08T10:08:51.543+0000][1][safepoint    ] Application time: 1.0000920 seconds
[2019-12-08T10:08:51.543+0000][1][safepoint    ] Entering safepoint region: Cleanup
[2019-12-08T10:08:51.543+0000][1][safepoint    ] Leaving safepoint region
[2019-12-08T10:08:51.543+0000][1][safepoint    ] Total time for which application threads were stopped: 0.0000704 seconds, Stopping threads took: 0.0000180 seconds
[2019-12-08T10:08:52.779+0000][1][safepoint    ] Application time: 1.2353693 seconds
[2019-12-08T10:08:52.779+0000][1][safepoint    ] Entering safepoint region: Cleanup
[2019-12-08T10:08:52.779+0000][1][safepoint    ] Leaving safepoint region
[2019-12-08T10:08:52.779+0000][1][safepoint    ] Total time for which application threads were stopped: 0.0001593 seconds, Stopping threads took: 0.0000542 seconds
[2019-12-08T10:08:53.779+0000][1][safepoint    ] Application time: 1.0000893 seconds
[2019-12-08T10:08:53.779+0000][1][safepoint    ] Entering safepoint region: Cleanup
[2019-12-08T10:08:53.779+0000][1][safepoint    ] Leaving safepoint region
[2019-12-08T10:08:53.779+0000][1][safepoint    ] Total time for which application threads were stopped: 0.0000853 seconds, Stopping threads took: 0.0000176 seconds
[2019-12-08T10:08:54.779+0000][1][safepoint    ] Application time: 1.0000892 seconds
[2019-12-08T10:08:54.779+0000][1][safepoint    ] Entering safepoint region: Cleanup
[2019-12-08T10:08:54.779+0000][1][safepoint    ] Leaving safepoint region
[2019-12-08T10:08:54.779+0000][1][safepoint    ] Total time for which application threads were stopped: 0.0000672 seconds, Stopping threads took: 0.0000178 seconds
[2019-12-08T10:08:55.780+0000][1][safepoint    ] Application time: 1.0000852 seconds
[2019-12-08T10:08:55.780+0000][1][safepoint    ] Entering safepoint region: Cleanup
[2019-12-08T10:08:55.780+0000][1][safepoint    ] Leaving safepoint region
[2019-12-08T10:08:55.780+0000][1][safepoint    ] Total time for which application threads were stopped: 0.0000689 seconds, Stopping threads took: 0.0000180 seconds
[2019-12-08T10:08:56.780+0000][1][safepoint    ] Application time: 1.0000760 seconds
[2019-12-08T10:08:56.780+0000][1][safepoint    ] Entering safepoint region: Cleanup
[2019-12-08T10:08:56.780+0000][1][safepoint    ] Leaving safepoint region
[2019-12-08T10:08:56.780+0000][1][safepoint    ] Total time for which application threads were stopped: 0.0000675 seconds, Stopping threads took: 0.0000181 seconds
[2019-12-08T10:08:57.780+0000][1][safepoint    ] Application time: 1.0000777 seconds
[2019-12-08T10:08:57.780+0000][1][safepoint    ] Entering safepoint region: Cleanup
[2019-12-08T10:08:57.780+0000][1][safepoint    ] Leaving safepoint region
[2019-12-08T10:08:57.780+0000][1][safepoint    ] Total time for which application threads were stopped: 0.0000849 seconds, Stopping threads took: 0.0000356 seconds
[2019-12-08T10:08:58.780+0000][1][safepoint    ] Application time: 1.0000789 seconds
[2019-12-08T10:08:58.780+0000][1][safepoint    ] Entering safepoint region: Cleanup
[2019-12-08T10:08:58.780+0000][1][safepoint    ] Leaving safepoint region
[2019-12-08T10:08:58.780+0000][1][safepoint    ] Total time for which application threads were stopped: 0.0000680 seconds, Stopping threads took: 0.0000182 seconds
[2019-12-08T10:08:59.780+0000][1][safepoint    ] Application time: 1.0000779 seconds
[2019-12-08T10:08:59.780+0000][1][safepoint    ] Entering safepoint region: Cleanup
[2019-12-08T10:08:59.780+0000][1][safepoint    ] Leaving safepoint region
[2019-12-08T10:08:59.780+0000][1][safepoint    ] Total time for which application threads were stopped: 0.0000676 seconds, Stopping threads took: 0.0000180 seconds
[2019-12-08T10:09:00.781+0000][1][safepoint    ] Application time: 1.0000799 seconds
[2019-12-08T10:09:00.781+0000][1][safepoint    ] Entering safepoint region: Cleanup
[2019-12-08T10:09:00.781+0000][1][safepoint    ] Leaving safepoint region
[2019-12-08T10:09:00.781+0000][1][safepoint    ] Total time for which application threads were stopped: 0.0000671 seconds, Stopping threads took: 0.0000176 seconds
[2019-12-08T10:09:01.781+0000][1][safepoint    ] Application time: 1.0000911 seconds
[2019-12-08T10:09:01.781+0000][1][safepoint    ] Entering safepoint region: Cleanup
[2019-12-08T10:09:01.781+0000][1][safepoint    ] Leaving safepoint region
[2019-12-08T10:09:01.781+0000][1][safepoint    ] Total time for which application threads were stopped: 0.0001084 seconds, Stopping threads took: 0.0000289 seconds
[2019-12-08T10:09:02.781+0000][1][safepoint    ] Application time: 1.0000891 seconds
[2019-12-08T10:09:02.781+0000][1][safepoint    ] Entering safepoint region: Cleanup
[2019-12-08T10:09:02.781+0000][1][safepoint    ] Leaving safepoint region
[2019-12-08T10:09:02.781+0000][1][safepoint    ] Total time for which application threads were stopped: 0.0000685 seconds, Stopping threads took: 0.0000189 seconds
[2019-12-08T10:09:03.781+0000][1][safepoint    ] Application time: 1.0000926 seconds
[2019-12-08T10:09:03.781+0000][1][safepoint    ] Entering safepoint region: Cleanup
[2019-12-08T10:09:03.781+0000][1][safepoint    ] Leaving safepoint region
[2019-12-08T10:09:03.781+0000][1][safepoint    ] Total time for which application threads were stopped: 0.0000677 seconds, Stopping threads took: 0.0000173 seconds
[2019-12-08T10:09:04.781+0000][1][safepoint    ] Application time: 1.0000851 seconds
[2019-12-08T10:09:04.781+0000][1][safepoint    ] Entering safepoint region: Cleanup
[2019-12-08T10:09:04.781+0000][1][safepoint    ] Leaving safepoint region
[2019-12-08T10:09:04.781+0000][1][safepoint    ] Total time for which application threads were stopped: 0.0000679 seconds, Stopping threads took: 0.0000174 seconds
[2019-12-08T10:09:05.782+0000][1][safepoint    ] Application time: 1.0000814 seconds
[2019-12-08T10:09:05.782+0000][1][safepoint    ] Entering safepoint region: Cleanup
[2019-12-08T10:09:05.782+0000][1][safepoint    ] Leaving safepoint region
[2019-12-08T10:09:05.782+0000][1][safepoint    ] Total time for which application threads were stopped: 0.0000759 seconds, Stopping threads took: 0.0000177 seconds
[2019-12-08T10:09:06.782+0000][1][safepoint    ] Application time: 1.0000770 seconds
[2019-12-08T10:09:06.782+0000][1][safepoint    ] Entering safepoint region: Cleanup
[2019-12-08T10:09:06.782+0000][1][safepoint    ] Leaving safepoint region
[2019-12-08T10:09:06.782+0000][1][safepoint    ] Total time for which application threads were stopped: 0.0000660 seconds, Stopping threads took: 0.0000170 seconds
[2019-12-08T10:09:07.782+0000][1][safepoint    ] Application time: 1.0000778 seconds
[2019-12-08T10:09:07.782+0000][1][safepoint    ] Entering safepoint region: Cleanup
[2019-12-08T10:09:07.782+0000][1][safepoint    ] Leaving safepoint region
[2019-12-08T10:09:07.782+0000][1][safepoint    ] Total time for which application threads were stopped: 0.0000662 seconds, Stopping threads took: 0.0000181 seconds
[2019-12-08T10:09:08.782+0000][1][safepoint    ] Application time: 1.0000768 seconds
[2019-12-08T10:09:08.782+0000][1][safepoint    ] Entering safepoint region: Cleanup
[2019-12-08T10:09:08.782+0000][1][safepoint    ] Leaving safepoint region
[2019-12-08T10:09:08.782+0000][1][safepoint    ] Total time for which application threads were stopped: 0.0000657 seconds, Stopping threads took: 0.0000175 seconds
[2019-12-08T10:09:09.782+0000][1][safepoint    ] Application time: 1.0000830 seconds
[2019-12-08T10:09:09.782+0000][1][safepoint    ] Entering safepoint region: Cleanup
[2019-12-08T10:09:09.782+0000][1][safepoint    ] Leaving safepoint region
[2019-12-08T10:09:09.782+0000][1][safepoint    ] Total time for which application threads were stopped: 0.0000671 seconds, Stopping threads took: 0.0000172 seconds
[2019-12-08T10:09:10.783+0000][1][safepoint    ] Application time: 1.0000805 seconds
[2019-12-08T10:09:10.783+0000][1][safepoint    ] Entering safepoint region: Cleanup
[2019-12-08T10:09:10.783+0000][1][safepoint    ] Leaving safepoint region
[2019-12-08T10:09:10.783+0000][1][safepoint    ] Total time for which application threads were stopped: 0.0000699 seconds, Stopping threads took: 0.0000159 seconds
[2019-12-08T10:09:11.783+0000][1][safepoint    ] Application time: 1.0000778 seconds
[2019-12-08T10:09:11.783+0000][1][safepoint    ] Entering safepoint region: Cleanup
[2019-12-08T10:09:11.783+0000][1][safepoint    ] Leaving safepoint region
[2019-12-08T10:09:11.783+0000][1][safepoint    ] Total time for which application threads were stopped: 0.0000658 seconds, Stopping threads took: 0.0000171 seconds
[2019-12-08T10:09:12.783+0000][1][safepoint    ] Application time: 1.0000775 seconds
[2019-12-08T10:09:12.783+0000][1][safepoint    ] Entering safepoint region: Cleanup
[2019-12-08T10:09:12.783+0000][1][safepoint    ] Leaving safepoint region
[2019-12-08T10:09:12.783+0000][1][safepoint    ] Total time for which application threads were stopped: 0.0000666 seconds, Stopping threads took: 0.0000164 seconds
[2019-12-08T10:09:13.783+0000][1][safepoint    ] Application time: 1.0000779 seconds
[2019-12-08T10:09:13.783+0000][1][safepoint    ] Entering safepoint region: Cleanup
[2019-12-08T10:09:13.783+0000][1][safepoint    ] Leaving safepoint region
[2019-12-08T10:09:13.783+0000][1][safepoint    ] Total time for which application threads were stopped: 0.0000652 seconds, Stopping threads took: 0.0000165 seconds
[2019-12-08T10:09:14.783+0000][1][safepoint    ] Application time: 1.0000770 seconds
[2019-12-08T10:09:14.783+0000][1][safepoint    ] Entering safepoint region: Cleanup
[2019-12-08T10:09:14.783+0000][1][safepoint    ] Leaving safepoint region
[2019-12-08T10:09:14.783+0000][1][safepoint    ] Total time for which application threads were stopped: 0.0000655 seconds, Stopping threads took: 0.0000168 seconds
[2019-12-08T10:09:15.783+0000][1][safepoint    ] Application time: 1.0000790 seconds
[2019-12-08T10:09:15.784+0000][1][safepoint    ] Entering safepoint region: Cleanup
[2019-12-08T10:09:15.784+0000][1][safepoint    ] Leaving safepoint region
[2019-12-08T10:09:15.784+0000][1][safepoint    ] Total time for which application threads were stopped: 0.0000671 seconds, Stopping threads took: 0.0000170 seconds
[2019-12-08T10:09:16.784+0000][1][safepoint    ] Application time: 1.0000774 seconds
[2019-12-08T10:09:16.784+0000][1][safepoint    ] Entering safepoint region: Cleanup
[2019-12-08T10:09:16.784+0000][1][safepoint    ] Leaving safepoint region
[2019-12-08T10:09:16.784+0000][1][safepoint    ] Total time for which application threads were stopped: 0.0000738 seconds, Stopping threads took: 0.0000256 seconds
[2019-12-08T10:09:17.784+0000][1][safepoint    ] Application time: 1.0000792 seconds
[2019-12-08T10:09:17.784+0000][1][safepoint    ] Entering safepoint region: Cleanup
[2019-12-08T10:09:17.784+0000][1][safepoint    ] Leaving safepoint region
[2019-12-08T10:09:17.784+0000][1][safepoint    ] Total time for which application threads were stopped: 0.0000679 seconds, Stopping threads took: 0.0000181 seconds
[2019-12-08T10:09:18.795+0000][1][safepoint    ] Application time: 1.0105667 seconds
[2019-12-08T10:09:18.795+0000][1][safepoint    ] Entering safepoint region: Cleanup
[2019-12-08T10:09:18.795+0000][1][safepoint    ] Leaving safepoint region
[2019-12-08T10:09:18.795+0000][1][safepoint    ] Total time for which application threads were stopped: 0.0000698 seconds, Stopping threads took: 0.0000188 seconds
[2019-12-08T10:09:19.795+0000][1][safepoint    ] Application time: 1.0000787 seconds
[2019-12-08T10:09:19.795+0000][1][safepoint    ] Entering safepoint region: Cleanup
[2019-12-08T10:09:19.795+0000][1][safepoint    ] Leaving safepoint region
[2019-12-08T10:09:19.795+0000][1][safepoint    ] Total time for which application threads were stopped: 0.0000720 seconds, Stopping threads took: 0.0000238 seconds
[2019-12-08T10:09:20.795+0000][1][safepoint    ] Application time: 1.0000766 seconds
[2019-12-08T10:09:20.795+0000][1][safepoint    ] Entering safepoint region: Cleanup
[2019-12-08T10:09:20.795+0000][1][safepoint    ] Leaving safepoint region
[2019-12-08T10:09:20.795+0000][1][safepoint    ] Total time for which application threads were stopped: 0.0000669 seconds, Stopping threads took: 0.0000170 seconds
[2019-12-08T10:09:21.795+0000][1][safepoint    ] Application time: 1.0000769 seconds
[2019-12-08T10:09:21.795+0000][1][safepoint    ] Entering safepoint region: Cleanup
[2019-12-08T10:09:21.795+0000][1][safepoint    ] Leaving safepoint region
[2019-12-08T10:09:21.795+0000][1][safepoint    ] Total time for which application threads were stopped: 0.0000671 seconds, Stopping threads took: 0.0000177 seconds
[2019-12-08T10:09:22.795+0000][1][safepoint    ] Application time: 1.0000797 seconds
[2019-12-08T10:09:22.795+0000][1][safepoint    ] Entering safepoint region: Cleanup
[2019-12-08T10:09:22.795+0000][1][safepoint    ] Leaving safepoint region
[2019-12-08T10:09:22.795+0000][1][safepoint    ] Total time for which application threads were stopped: 0.0000655 seconds, Stopping threads took: 0.0000167 seconds
[2019-12-08T10:09:23.795+0000][1][safepoint    ] Application time: 1.0000773 seconds
[2019-12-08T10:09:23.796+0000][1][safepoint    ] Entering safepoint region: Cleanup
[2019-12-08T10:09:23.796+0000][1][safepoint    ] Leaving safepoint region
[2019-12-08T10:09:23.796+0000][1][safepoint    ] Total time for which application threads were stopped: 0.0000661 seconds, Stopping threads took: 0.0000172 seconds
[2019-12-08T10:09:24.796+0000][1][safepoint    ] Application time: 1.0000771 seconds
[2019-12-08T10:09:24.796+0000][1][safepoint    ] Entering safepoint region: Cleanup
[2019-12-08T10:09:24.796+0000][1][safepoint    ] Leaving safepoint region
[2019-12-08T10:09:24.796+0000][1][safepoint    ] Total time for which application threads were stopped: 0.0000691 seconds, Stopping threads took: 0.0000185 seconds
[2019-12-08T10:09:25.796+0000][1][safepoint    ] Application time: 1.0000780 seconds
[2019-12-08T10:09:25.796+0000][1][safepoint    ] Entering safepoint region: Cleanup
[2019-12-08T10:09:25.796+0000][1][safepoint    ] Leaving safepoint region
[2019-12-08T10:09:25.796+0000][1][safepoint    ] Total time for which application threads were stopped: 0.0000677 seconds, Stopping threads took: 0.0000177 seconds
[2019-12-08T10:09:26.796+0000][1][safepoint    ] Application time: 1.0000769 seconds
[2019-12-08T10:09:26.796+0000][1][safepoint    ] Entering safepoint region: Cleanup
[2019-12-08T10:09:26.796+0000][1][safepoint    ] Leaving safepoint region
[2019-12-08T10:09:26.796+0000][1][safepoint    ] Total time for which application threads were stopped: 0.0000655 seconds, Stopping threads took: 0.0000173 seconds
[2019-12-08T10:09:27.796+0000][1][safepoint    ] Application time: 1.0000865 seconds
[2019-12-08T10:09:27.796+0000][1][safepoint    ] Entering safepoint region: Cleanup
[2019-12-08T10:09:27.796+0000][1][safepoint    ] Leaving safepoint region
[2019-12-08T10:09:27.796+0000][1][safepoint    ] Total time for which application threads were stopped: 0.0000681 seconds, Stopping threads took: 0.0000175 seconds
[2019-12-08T10:09:28.796+0000][1][safepoint    ] Application time: 1.0000798 seconds
[2019-12-08T10:09:28.796+0000][1][safepoint    ] Entering safepoint region: Cleanup
[2019-12-08T10:09:28.797+0000][1][safepoint    ] Leaving safepoint region
[2019-12-08T10:09:28.797+0000][1][safepoint    ] Total time for which application threads were stopped: 0.0000748 seconds, Stopping threads took: 0.0000253 seconds
[2019-12-08T10:09:29.797+0000][1][safepoint    ] Application time: 1.0000780 seconds
[2019-12-08T10:09:29.797+0000][1][safepoint    ] Entering safepoint region: Cleanup
[2019-12-08T10:09:29.797+0000][1][safepoint    ] Leaving safepoint region
[2019-12-08T10:09:29.797+0000][1][safepoint    ] Total time for which application threads were stopped: 0.0000793 seconds, Stopping threads took: 0.0000177 seconds
[2019-12-08T10:09:30.797+0000][1][safepoint    ] Application time: 1.0000770 seconds
[2019-12-08T10:09:30.797+0000][1][safepoint    ] Entering safepoint region: Cleanup
[2019-12-08T10:09:30.797+0000][1][safepoint    ] Leaving safepoint region
[2019-12-08T10:09:30.797+0000][1][safepoint    ] Total time for which application threads were stopped: 0.0000657 seconds, Stopping threads took: 0.0000166 seconds
[2019-12-08T10:09:31.797+0000][1][safepoint    ] Application time: 1.0000832 seconds
[2019-12-08T10:09:31.797+0000][1][safepoint    ] Entering safepoint region: Cleanup
[2019-12-08T10:09:31.797+0000][1][safepoint    ] Leaving safepoint region
[2019-12-08T10:09:31.797+0000][1][safepoint    ] Total time for which application threads were stopped: 0.0000778 seconds, Stopping threads took: 0.0000270 seconds
[2019-12-08T10:09:32.797+0000][1][safepoint    ] Application time: 1.0000818 seconds
[2019-12-08T10:09:32.797+0000][1][safepoint    ] Entering safepoint region: Cleanup
[2019-12-08T10:09:32.797+0000][1][safepoint    ] Leaving safepoint region
[2019-12-08T10:09:32.797+0000][1][safepoint    ] Total time for which application threads were stopped: 0.0000662 seconds, Stopping threads took: 0.0000175 seconds
[2019-12-08T10:09:33.797+0000][1][safepoint    ] Application time: 1.0000763 seconds
[2019-12-08T10:09:33.797+0000][1][safepoint    ] Entering safepoint region: Cleanup
[2019-12-08T10:09:33.797+0000][1][safepoint    ] Leaving safepoint region
[2019-12-08T10:09:33.797+0000][1][safepoint    ] Total time for which application threads were stopped: 0.0000641 seconds, Stopping threads took: 0.0000171 seconds
[2019-12-08T10:09:34.798+0000][1][safepoint    ] Application time: 1.0000796 seconds
[2019-12-08T10:09:34.798+0000][1][safepoint    ] Entering safepoint region: Cleanup
[2019-12-08T10:09:34.798+0000][1][safepoint    ] Leaving safepoint region
[2019-12-08T10:09:34.798+0000][1][safepoint    ] Total time for which application threads were stopped: 0.0000671 seconds, Stopping threads took: 0.0000180 seconds
[2019-12-08T10:09:35.798+0000][1][safepoint    ] Application time: 1.0000879 seconds
[2019-12-08T10:09:35.798+0000][1][safepoint    ] Entering safepoint region: Cleanup
[2019-12-08T10:09:35.798+0000][1][safepoint    ] Leaving safepoint region
[2019-12-08T10:09:35.798+0000][1][safepoint    ] Total time for which application threads were stopped: 0.0000669 seconds, Stopping threads took: 0.0000181 seconds
[2019-12-08T10:09:36.798+0000][1][safepoint    ] Application time: 1.0000780 seconds
[2019-12-08T10:09:36.798+0000][1][safepoint    ] Entering safepoint region: Cleanup
[2019-12-08T10:09:36.798+0000][1][safepoint    ] Leaving safepoint region
[2019-12-08T10:09:36.798+0000][1][safepoint    ] Total time for which application threads were stopped: 0.0000739 seconds, Stopping threads took: 0.0000187 seconds
[2019-12-08T10:09:37.798+0000][1][safepoint    ] Application time: 1.0000779 seconds
[2019-12-08T10:09:37.798+0000][1][safepoint    ] Entering safepoint region: Cleanup
[2019-12-08T10:09:37.798+0000][1][safepoint    ] Leaving safepoint region
[2019-12-08T10:09:37.798+0000][1][safepoint    ] Total time for which application threads were stopped: 0.0000658 seconds, Stopping threads took: 0.0000172 seconds
[2019-12-08T10:09:38.798+0000][1][safepoint    ] Application time: 1.0000786 seconds
[2019-12-08T10:09:38.798+0000][1][safepoint    ] Entering safepoint region: Cleanup
[2019-12-08T10:09:38.798+0000][1][safepoint    ] Leaving safepoint region
[2019-12-08T10:09:38.798+0000][1][safepoint    ] Total time for which application threads were stopped: 0.0000680 seconds, Stopping threads took: 0.0000181 seconds
[2019-12-08T10:09:39.799+0000][1][safepoint    ] Application time: 1.0000799 seconds
[2019-12-08T10:09:39.799+0000][1][safepoint    ] Entering safepoint region: Cleanup
[2019-12-08T10:09:39.799+0000][1][safepoint    ] Leaving safepoint region
[2019-12-08T10:09:39.799+0000][1][safepoint    ] Total time for which application threads were stopped: 0.0000744 seconds, Stopping threads took: 0.0000179 seconds
[2019-12-08T10:09:40.799+0000][1][safepoint    ] Application time: 1.0000822 seconds
[2019-12-08T10:09:40.799+0000][1][safepoint    ] Entering safepoint region: Cleanup
[2019-12-08T10:09:40.799+0000][1][safepoint    ] Leaving safepoint region
[2019-12-08T10:09:40.799+0000][1][safepoint    ] Total time for which application threads were stopped: 0.0000764 seconds, Stopping threads took: 0.0000287 seconds
[2019-12-08T10:09:41.799+0000][1][safepoint    ] Application time: 1.0000793 seconds
[2019-12-08T10:09:41.799+0000][1][safepoint    ] Entering safepoint region: Cleanup
[2019-12-08T10:09:41.799+0000][1][safepoint    ] Leaving safepoint region
[2019-12-08T10:09:41.799+0000][1][safepoint    ] Total time for which application threads were stopped: 0.0000756 seconds, Stopping threads took: 0.0000257 seconds
[2019-12-08T10:09:42.799+0000][1][safepoint    ] Application time: 1.0000758 seconds
[2019-12-08T10:09:42.799+0000][1][safepoint    ] Entering safepoint region: Cleanup
[2019-12-08T10:09:42.799+0000][1][safepoint    ] Leaving safepoint region
[2019-12-08T10:09:42.799+0000][1][safepoint    ] Total time for which application threads were stopped: 0.0000733 seconds, Stopping threads took: 0.0000169 seconds
[2019-12-08T10:09:43.799+0000][1][safepoint    ] Application time: 1.0000760 seconds
[2019-12-08T10:09:43.799+0000][1][safepoint    ] Entering safepoint region: Cleanup
[2019-12-08T10:09:43.799+0000][1][safepoint    ] Leaving safepoint region
[2019-12-08T10:09:43.799+0000][1][safepoint    ] Total time for which application threads were stopped: 0.0000636 seconds, Stopping threads took: 0.0000166 seconds
[2019-12-08T10:09:44.799+0000][1][safepoint    ] Application time: 1.0000754 seconds
[2019-12-08T10:09:44.800+0000][1][safepoint    ] Entering safepoint region: Cleanup
[2019-12-08T10:09:44.800+0000][1][safepoint    ] Leaving safepoint region
[2019-12-08T10:09:44.800+0000][1][safepoint    ] Total time for which application threads were stopped: 0.0000677 seconds, Stopping threads took: 0.0000171 seconds
[2019-12-08T10:09:45.800+0000][1][safepoint    ] Application time: 1.0000764 seconds
[2019-12-08T10:09:45.800+0000][1][safepoint    ] Entering safepoint region: Cleanup
[2019-12-08T10:09:45.800+0000][1][safepoint    ] Leaving safepoint region
[2019-12-08T10:09:45.800+0000][1][safepoint    ] Total time for which application threads were stopped: 0.0000704 seconds, Stopping threads took: 0.0000197 seconds
[2019-12-08T10:09:46.800+0000][1][safepoint    ] Application time: 1.0000747 seconds
[2019-12-08T10:09:46.800+0000][1][safepoint    ] Entering safepoint region: Cleanup
[2019-12-08T10:09:46.800+0000][1][safepoint    ] Leaving safepoint region
[2019-12-08T10:09:46.800+0000][1][safepoint    ] Total time for which application threads were stopped: 0.0000737 seconds, Stopping threads took: 0.0000170 seconds
[2019-12-08T10:09:47.800+0000][1][safepoint    ] Application time: 1.0000861 seconds
[2019-12-08T10:09:47.800+0000][1][safepoint    ] Entering safepoint region: Cleanup
[2019-12-08T10:09:47.800+0000][1][safepoint    ] Leaving safepoint region
[2019-12-08T10:09:47.800+0000][1][safepoint    ] Total time for which application threads were stopped: 0.0000872 seconds, Stopping threads took: 0.0000223 seconds
[2019-12-08T10:09:48.800+0000][1][safepoint    ] Application time: 1.0000791 seconds
[2019-12-08T10:09:48.800+0000][1][safepoint    ] Entering safepoint region: Cleanup
[2019-12-08T10:09:48.800+0000][1][safepoint    ] Leaving safepoint region
[2019-12-08T10:09:48.800+0000][1][safepoint    ] Total time for which application threads were stopped: 0.0000662 seconds, Stopping threads took: 0.0000163 seconds
[2019-12-08T10:09:49.800+0000][1][safepoint    ] Application time: 1.0000750 seconds
[2019-12-08T10:09:49.800+0000][1][safepoint    ] Entering safepoint region: Cleanup
[2019-12-08T10:09:49.801+0000][1][safepoint    ] Leaving safepoint region
[2019-12-08T10:09:49.801+0000][1][safepoint    ] Total time for which application threads were stopped: 0.0000692 seconds, Stopping threads took: 0.0000185 seconds
[2019-12-08T10:09:50.801+0000][1][safepoint    ] Application time: 1.0000818 seconds
[2019-12-08T10:09:50.801+0000][1][safepoint    ] Entering safepoint region: Cleanup
[2019-12-08T10:09:50.801+0000][1][safepoint    ] Leaving safepoint region
[2019-12-08T10:09:50.801+0000][1][safepoint    ] Total time for which application threads were stopped: 0.0000771 seconds, Stopping threads took: 0.0000258 seconds
[2019-12-08T10:09:51.801+0000][1][safepoint    ] Application time: 1.0000765 seconds
[2019-12-08T10:09:51.801+0000][1][safepoint    ] Entering safepoint region: Cleanup
[2019-12-08T10:09:51.801+0000][1][safepoint    ] Leaving safepoint region
[2019-12-08T10:09:51.801+0000][1][safepoint    ] Total time for which application threads were stopped: 0.0000774 seconds, Stopping threads took: 0.0000254 seconds
[2019-12-08T10:09:52.801+0000][1][safepoint    ] Application time: 1.0000752 seconds
[2019-12-08T10:09:52.801+0000][1][safepoint    ] Entering safepoint region: Cleanup
[2019-12-08T10:09:52.801+0000][1][safepoint    ] Leaving safepoint region
[2019-12-08T10:09:52.801+0000][1][safepoint    ] Total time for which application threads were stopped: 0.0000669 seconds, Stopping threads took: 0.0000178 seconds
[2019-12-08T10:09:53.801+0000][1][safepoint    ] Application time: 1.0000736 seconds
[2019-12-08T10:09:53.801+0000][1][safepoint    ] Entering safepoint region: Cleanup
[2019-12-08T10:09:53.801+0000][1][safepoint    ] Leaving safepoint region
[2019-12-08T10:09:53.801+0000][1][safepoint    ] Total time for which application threads were stopped: 0.0000705 seconds, Stopping threads took: 0.0000175 seconds
[2019-12-08T10:09:54.801+0000][1][safepoint    ] Application time: 1.0000798 seconds
[2019-12-08T10:09:54.801+0000][1][safepoint    ] Entering safepoint region: Cleanup
[2019-12-08T10:09:54.802+0000][1][safepoint    ] Leaving safepoint region
[2019-12-08T10:09:54.802+0000][1][safepoint    ] Total time for which application threads were stopped: 0.0000695 seconds, Stopping threads took: 0.0000189 seconds
[2019-12-08T10:09:55.802+0000][1][safepoint    ] Application time: 1.0000807 seconds
[2019-12-08T10:09:55.802+0000][1][safepoint    ] Entering safepoint region: Cleanup
[2019-12-08T10:09:55.802+0000][1][safepoint    ] Leaving safepoint region
[2019-12-08T10:09:55.802+0000][1][safepoint    ] Total time for which application threads were stopped: 0.0000813 seconds, Stopping threads took: 0.0000187 seconds
[2019-12-08T10:09:56.802+0000][1][safepoint    ] Application time: 1.0000809 seconds
[2019-12-08T10:09:56.802+0000][1][safepoint    ] Entering safepoint region: Cleanup
[2019-12-08T10:09:56.802+0000][1][safepoint    ] Leaving safepoint region
[2019-12-08T10:09:56.802+0000][1][safepoint    ] Total time for which application threads were stopped: 0.0000656 seconds, Stopping threads took: 0.0000166 seconds
[2019-12-08T10:09:57.802+0000][1][safepoint    ] Application time: 1.0000791 seconds
[2019-12-08T10:09:57.802+0000][1][safepoint    ] Entering safepoint region: Cleanup
[2019-12-08T10:09:57.802+0000][1][safepoint    ] Leaving safepoint region
[2019-12-08T10:09:57.802+0000][1][safepoint    ] Total time for which application threads were stopped: 0.0000676 seconds, Stopping threads took: 0.0000171 seconds
[2019-12-08T10:09:58.802+0000][1][safepoint    ] Application time: 1.0000801 seconds
[2019-12-08T10:09:58.802+0000][1][safepoint    ] Entering safepoint region: Cleanup
[2019-12-08T10:09:58.802+0000][1][safepoint    ] Leaving safepoint region
[2019-12-08T10:09:58.802+0000][1][safepoint    ] Total time for which application threads were stopped: 0.0000669 seconds, Stopping threads took: 0.0000179 seconds
[2019-12-08T10:09:59.802+0000][1][safepoint    ] Application time: 1.0000829 seconds
[2019-12-08T10:09:59.802+0000][1][safepoint    ] Entering safepoint region: Cleanup
[2019-12-08T10:09:59.802+0000][1][safepoint    ] Leaving safepoint region
[2019-12-08T10:09:59.802+0000][1][safepoint    ] Total time for which application threads were stopped: 0.0000703 seconds, Stopping threads took: 0.0000179 seconds
[2019-12-08T10:10:00.803+0000][1][safepoint    ] Application time: 1.0000840 seconds
[2019-12-08T10:10:00.803+0000][1][safepoint    ] Entering safepoint region: Cleanup
[2019-12-08T10:10:00.803+0000][1][safepoint    ] Leaving safepoint region
[2019-12-08T10:10:00.803+0000][1][safepoint    ] Total time for which application threads were stopped: 0.0000951 seconds, Stopping threads took: 0.0000282 seconds
[2019-12-08T10:10:01.803+0000][1][safepoint    ] Application time: 1.0000849 seconds
[2019-12-08T10:10:01.803+0000][1][safepoint    ] Entering safepoint region: Cleanup
[2019-12-08T10:10:01.803+0000][1][safepoint    ] Leaving safepoint region
[2019-12-08T10:10:01.803+0000][1][safepoint    ] Total time for which application threads were stopped: 0.0000802 seconds, Stopping threads took: 0.0000194 seconds
[2019-12-08T10:10:02.803+0000][1][safepoint    ] Application time: 1.0000811 seconds
[2019-12-08T10:10:02.803+0000][1][safepoint    ] Entering safepoint region: Cleanup
[2019-12-08T10:10:02.803+0000][1][safepoint    ] Leaving safepoint region
[2019-12-08T10:10:02.803+0000][1][safepoint    ] Total time for which application threads were stopped: 0.0000675 seconds, Stopping threads took: 0.0000172 seconds
[2019-12-08T10:10:03.803+0000][1][safepoint    ] Application time: 1.0000795 seconds
[2019-12-08T10:10:03.803+0000][1][safepoint    ] Entering safepoint region: Cleanup
[2019-12-08T10:10:03.803+0000][1][safepoint    ] Leaving safepoint region
[2019-12-08T10:10:03.803+0000][1][safepoint    ] Total time for which application threads were stopped: 0.0000641 seconds, Stopping threads took: 0.0000164 seconds
[2019-12-08T10:10:04.803+0000][1][safepoint    ] Application time: 1.0000763 seconds
[2019-12-08T10:10:04.803+0000][1][safepoint    ] Entering safepoint region: Cleanup
[2019-12-08T10:10:04.803+0000][1][safepoint    ] Leaving safepoint region
[2019-12-08T10:10:04.803+0000][1][safepoint    ] Total time for which application threads were stopped: 0.0000687 seconds, Stopping threads took: 0.0000188 seconds
[2019-12-08T10:10:05.804+0000][1][safepoint    ] Application time: 1.0000813 seconds
[2019-12-08T10:10:05.804+0000][1][safepoint    ] Entering safepoint region: Cleanup
[2019-12-08T10:10:05.804+0000][1][safepoint    ] Leaving safepoint region
[2019-12-08T10:10:05.804+0000][1][safepoint    ] Total time for which application threads were stopped: 0.0000667 seconds, Stopping threads took: 0.0000175 seconds
[2019-12-08T10:10:06.804+0000][1][safepoint    ] Application time: 1.0000936 seconds
[2019-12-08T10:10:06.804+0000][1][safepoint    ] Entering safepoint region: Cleanup
[2019-12-08T10:10:06.804+0000][1][safepoint    ] Leaving safepoint region
[2019-12-08T10:10:06.804+0000][1][safepoint    ] Total time for which application threads were stopped: 0.0000672 seconds, Stopping threads took: 0.0000177 seconds
[2019-12-08T10:10:07.804+0000][1][safepoint    ] Application time: 1.0000805 seconds
[2019-12-08T10:10:07.804+0000][1][safepoint    ] Entering safepoint region: Cleanup
[2019-12-08T10:10:07.804+0000][1][safepoint    ] Leaving safepoint region
[2019-12-08T10:10:07.804+0000][1][safepoint    ] Total time for which application threads were stopped: 0.0000698 seconds, Stopping threads took: 0.0000184 seconds
[2019-12-08T10:10:08.804+0000][1][safepoint    ] Application time: 1.0000457 seconds
[2019-12-08T10:10:08.804+0000][1][safepoint    ] Entering safepoint region: Cleanup
[2019-12-08T10:10:08.804+0000][1][safepoint    ] Leaving safepoint region
[2019-12-08T10:10:08.804+0000][1][safepoint    ] Total time for which application threads were stopped: 0.0000681 seconds, Stopping threads took: 0.0000176 seconds
[2019-12-08T10:10:09.804+0000][1][safepoint    ] Application time: 1.0000813 seconds
[2019-12-08T10:10:09.804+0000][1][safepoint    ] Entering safepoint region: Cleanup
[2019-12-08T10:10:09.804+0000][1][safepoint    ] Leaving safepoint region
[2019-12-08T10:10:09.804+0000][1][safepoint    ] Total time for which application threads were stopped: 0.0000668 seconds, Stopping threads took: 0.0000181 seconds
[2019-12-08T10:10:10.805+0000][1][safepoint    ] Application time: 1.0000808 seconds
[2019-12-08T10:10:10.805+0000][1][safepoint    ] Entering safepoint region: Cleanup
[2019-12-08T10:10:10.805+0000][1][safepoint    ] Leaving safepoint region
[2019-12-08T10:10:10.805+0000][1][safepoint    ] Total time for which application threads were stopped: 0.0000686 seconds, Stopping threads took: 0.0000188 seconds
[2019-12-08T10:10:11.805+0000][1][safepoint    ] Application time: 1.0000867 seconds
[2019-12-08T10:10:11.805+0000][1][safepoint    ] Entering safepoint region: Cleanup
[2019-12-08T10:10:11.805+0000][1][safepoint    ] Leaving safepoint region
[2019-12-08T10:10:11.805+0000][1][safepoint    ] Total time for which application threads were stopped: 0.0000724 seconds, Stopping threads took: 0.0000173 seconds
[2019-12-08T10:10:12.805+0000][1][safepoint    ] Application time: 1.0000794 seconds
[2019-12-08T10:10:12.805+0000][1][safepoint    ] Entering safepoint region: Cleanup
[2019-12-08T10:10:12.805+0000][1][safepoint    ] Leaving safepoint region
[2019-12-08T10:10:12.805+0000][1][safepoint    ] Total time for which application threads were stopped: 0.0000668 seconds, Stopping threads took: 0.0000179 seconds
[2019-12-08T10:10:13.805+0000][1][safepoint    ] Application time: 1.0000791 seconds
[2019-12-08T10:10:13.805+0000][1][safepoint    ] Entering safepoint region: Cleanup
[2019-12-08T10:10:13.805+0000][1][safepoint    ] Leaving safepoint region
[2019-12-08T10:10:13.805+0000][1][safepoint    ] Total time for which application threads were stopped: 0.0000651 seconds, Stopping threads took: 0.0000172 seconds
[2019-12-08T10:10:14.805+0000][1][safepoint    ] Application time: 1.0000768 seconds
[2019-12-08T10:10:14.805+0000][1][safepoint    ] Entering safepoint region: Cleanup
[2019-12-08T10:10:14.805+0000][1][safepoint    ] Leaving safepoint region
[2019-12-08T10:10:14.805+0000][1][safepoint    ] Total time for which application threads were stopped: 0.0000652 seconds, Stopping threads took: 0.0000173 seconds
[2019-12-08T10:10:15.805+0000][1][safepoint    ] Application time: 1.0000796 seconds
[2019-12-08T10:10:15.805+0000][1][safepoint    ] Entering safepoint region: Cleanup
[2019-12-08T10:10:15.806+0000][1][safepoint    ] Leaving safepoint region
[2019-12-08T10:10:15.806+0000][1][safepoint    ] Total time for which application threads were stopped: 0.0000676 seconds, Stopping threads took: 0.0000177 seconds
[2019-12-08T10:10:16.806+0000][1][safepoint    ] Application time: 1.0000840 seconds
[2019-12-08T10:10:16.806+0000][1][safepoint    ] Entering safepoint region: Cleanup
[2019-12-08T10:10:16.806+0000][1][safepoint    ] Leaving safepoint region
[2019-12-08T10:10:16.806+0000][1][safepoint    ] Total time for which application threads were stopped: 0.0000843 seconds, Stopping threads took: 0.0000347 seconds
[2019-12-08T10:10:17.806+0000][1][safepoint    ] Application time: 1.0000826 seconds
[2019-12-08T10:10:17.806+0000][1][safepoint    ] Entering safepoint region: Cleanup
[2019-12-08T10:10:17.806+0000][1][safepoint    ] Leaving safepoint region
[2019-12-08T10:10:17.806+0000][1][safepoint    ] Total time for which application threads were stopped: 0.0000679 seconds, Stopping threads took: 0.0000175 seconds
[2019-12-08T10:10:18.806+0000][1][safepoint    ] Application time: 1.0000770 seconds
[2019-12-08T10:10:18.806+0000][1][safepoint    ] Entering safepoint region: Cleanup
[2019-12-08T10:10:18.806+0000][1][safepoint    ] Leaving safepoint region
[2019-12-08T10:10:18.806+0000][1][safepoint    ] Total time for which application threads were stopped: 0.0000669 seconds, Stopping threads took: 0.0000171 seconds
[2019-12-08T10:10:19.806+0000][1][safepoint    ] Application time: 1.0000771 seconds
[2019-12-08T10:10:19.806+0000][1][safepoint    ] Entering safepoint region: Cleanup
[2019-12-08T10:10:19.806+0000][1][safepoint    ] Leaving safepoint region
[2019-12-08T10:10:19.806+0000][1][safepoint    ] Total time for which application threads were stopped: 0.0000668 seconds, Stopping threads took: 0.0000178 seconds
[2019-12-08T10:10:20.806+0000][1][safepoint    ] Application time: 1.0000762 seconds
[2019-12-08T10:10:20.806+0000][1][safepoint    ] Entering safepoint region: Cleanup
[2019-12-08T10:10:20.807+0000][1][safepoint    ] Leaving safepoint region
[2019-12-08T10:10:20.807+0000][1][safepoint    ] Total time for which application threads were stopped: 0.0000661 seconds, Stopping threads took: 0.0000172 seconds
[2019-12-08T10:10:21.807+0000][1][safepoint    ] Application time: 1.0000756 seconds
[2019-12-08T10:10:21.807+0000][1][safepoint    ] Entering safepoint region: Cleanup
[2019-12-08T10:10:21.807+0000][1][safepoint    ] Leaving safepoint region
[2019-12-08T10:10:21.807+0000][1][safepoint    ] Total time for which application threads were stopped: 0.0000907 seconds, Stopping threads took: 0.0000163 seconds
[2019-12-08T10:10:22.807+0000][1][safepoint    ] Application time: 1.0000759 seconds
[2019-12-08T10:10:22.807+0000][1][safepoint    ] Entering safepoint region: Cleanup
[2019-12-08T10:10:22.807+0000][1][safepoint    ] Leaving safepoint region
[2019-12-08T10:10:22.807+0000][1][safepoint    ] Total time for which application threads were stopped: 0.0000688 seconds, Stopping threads took: 0.0000179 seconds
[2019-12-08T10:10:23.807+0000][1][safepoint    ] Application time: 1.0000777 seconds
[2019-12-08T10:10:23.807+0000][1][safepoint    ] Entering safepoint region: Cleanup
[2019-12-08T10:10:23.807+0000][1][safepoint    ] Leaving safepoint region
[2019-12-08T10:10:23.807+0000][1][safepoint    ] Total time for which application threads were stopped: 0.0000668 seconds, Stopping threads took: 0.0000177 seconds
[2019-12-08T10:10:24.833+0000][1][safepoint    ] Application time: 1.0262560 seconds
[2019-12-08T10:10:24.833+0000][1][safepoint    ] Entering safepoint region: Cleanup
[2019-12-08T10:10:24.833+0000][1][safepoint    ] Leaving safepoint region
[2019-12-08T10:10:24.833+0000][1][safepoint    ] Total time for which application threads were stopped: 0.0000762 seconds, Stopping threads took: 0.0000153 seconds
[2019-12-08T10:10:25.834+0000][1][safepoint    ] Application time: 1.0000813 seconds
[2019-12-08T10:10:25.834+0000][1][safepoint    ] Entering safepoint region: Cleanup
[2019-12-08T10:10:25.834+0000][1][safepoint    ] Leaving safepoint region
[2019-12-08T10:10:25.834+0000][1][safepoint    ] Total time for which application threads were stopped: 0.0000640 seconds, Stopping threads took: 0.0000169 seconds
[2019-12-08T10:10:26.834+0000][1][safepoint    ] Application time: 1.0000785 seconds
[2019-12-08T10:10:26.834+0000][1][safepoint    ] Entering safepoint region: Cleanup
[2019-12-08T10:10:26.834+0000][1][safepoint    ] Leaving safepoint region
[2019-12-08T10:10:26.834+0000][1][safepoint    ] Total time for which application threads were stopped: 0.0001075 seconds, Stopping threads took: 0.0000494 seconds
[2019-12-08T10:10:27.834+0000][1][safepoint    ] Application time: 1.0000860 seconds
[2019-12-08T10:10:27.834+0000][1][safepoint    ] Entering safepoint region: Cleanup
[2019-12-08T10:10:27.834+0000][1][safepoint    ] Leaving safepoint region
[2019-12-08T10:10:27.834+0000][1][safepoint    ] Total time for which application threads were stopped: 0.0000634 seconds, Stopping threads took: 0.0000161 seconds
[2019-12-08T10:10:28.834+0000][1][safepoint    ] Application time: 1.0000740 seconds
[2019-12-08T10:10:28.834+0000][1][safepoint    ] Entering safepoint region: Cleanup
[2019-12-08T10:10:28.834+0000][1][safepoint    ] Leaving safepoint region
[2019-12-08T10:10:28.834+0000][1][safepoint    ] Total time for which application threads were stopped: 0.0000688 seconds, Stopping threads took: 0.0000225 seconds
[2019-12-08T10:10:29.834+0000][1][safepoint    ] Application time: 1.0000797 seconds
[2019-12-08T10:10:29.834+0000][1][safepoint    ] Entering safepoint region: Cleanup
[2019-12-08T10:10:29.834+0000][1][safepoint    ] Leaving safepoint region
[2019-12-08T10:10:29.834+0000][1][safepoint    ] Total time for which application threads were stopped: 0.0000659 seconds, Stopping threads took: 0.0000174 seconds
[2019-12-08T10:10:30.834+0000][1][safepoint    ] Application time: 1.0000793 seconds
[2019-12-08T10:10:30.835+0000][1][safepoint    ] Entering safepoint region: Cleanup
[2019-12-08T10:10:30.835+0000][1][safepoint    ] Leaving safepoint region
[2019-12-08T10:10:30.835+0000][1][safepoint    ] Total time for which application threads were stopped: 0.0000653 seconds, Stopping threads took: 0.0000175 seconds
[2019-12-08T10:10:31.835+0000][1][safepoint    ] Application time: 1.0000763 seconds
[2019-12-08T10:10:31.835+0000][1][safepoint    ] Entering safepoint region: Cleanup
[2019-12-08T10:10:31.835+0000][1][safepoint    ] Leaving safepoint region
[2019-12-08T10:10:31.835+0000][1][safepoint    ] Total time for which application threads were stopped: 0.0000775 seconds, Stopping threads took: 0.0000169 seconds
[2019-12-08T10:10:32.835+0000][1][safepoint    ] Application time: 1.0000775 seconds
[2019-12-08T10:10:32.835+0000][1][safepoint    ] Entering safepoint region: Cleanup
[2019-12-08T10:10:32.835+0000][1][safepoint    ] Leaving safepoint region
[2019-12-08T10:10:32.835+0000][1][safepoint    ] Total time for which application threads were stopped: 0.0000628 seconds, Stopping threads took: 0.0000158 seconds
[2019-12-08T10:10:33.835+0000][1][safepoint    ] Application time: 1.0000778 seconds
[2019-12-08T10:10:33.835+0000][1][safepoint    ] Entering safepoint region: Cleanup
[2019-12-08T10:10:33.835+0000][1][safepoint    ] Leaving safepoint region
[2019-12-08T10:10:33.835+0000][1][safepoint    ] Total time for which application threads were stopped: 0.0000657 seconds, Stopping threads took: 0.0000175 seconds
[2019-12-08T10:10:34.835+0000][1][safepoint    ] Application time: 1.0000769 seconds
[2019-12-08T10:10:34.835+0000][1][safepoint    ] Entering safepoint region: Cleanup
[2019-12-08T10:10:34.835+0000][1][safepoint    ] Leaving safepoint region
[2019-12-08T10:10:34.835+0000][1][safepoint    ] Total time for which application threads were stopped: 0.0000634 seconds, Stopping threads took: 0.0000161 seconds
[2019-12-08T10:10:35.835+0000][1][safepoint    ] Application time: 1.0000763 seconds
[2019-12-08T10:10:35.835+0000][1][safepoint    ] Entering safepoint region: Cleanup
[2019-12-08T10:10:35.835+0000][1][safepoint    ] Leaving safepoint region
[2019-12-08T10:10:35.835+0000][1][safepoint    ] Total time for which application threads were stopped: 0.0000688 seconds, Stopping threads took: 0.0000171 seconds
[2019-12-08T10:10:36.836+0000][1][safepoint    ] Application time: 1.0000765 seconds
[2019-12-08T10:10:36.836+0000][1][safepoint    ] Entering safepoint region: Cleanup
[2019-12-08T10:10:36.836+0000][1][safepoint    ] Leaving safepoint region
[2019-12-08T10:10:36.836+0000][1][safepoint    ] Total time for which application threads were stopped: 0.0000634 seconds, Stopping threads took: 0.0000168 seconds
[2019-12-08T10:10:37.836+0000][1][safepoint    ] Application time: 1.0000929 seconds
[2019-12-08T10:10:37.836+0000][1][safepoint    ] Entering safepoint region: Cleanup
[2019-12-08T10:10:37.836+0000][1][safepoint    ] Leaving safepoint region
[2019-12-08T10:10:37.836+0000][1][safepoint    ] Total time for which application threads were stopped: 0.0000673 seconds, Stopping threads took: 0.0000179 seconds
[2019-12-08T10:10:38.836+0000][1][safepoint    ] Application time: 1.0000778 seconds
[2019-12-08T10:10:38.836+0000][1][safepoint    ] Entering safepoint region: Cleanup
[2019-12-08T10:10:38.836+0000][1][safepoint    ] Leaving safepoint region
[2019-12-08T10:10:38.836+0000][1][safepoint    ] Total time for which application threads were stopped: 0.0000643 seconds, Stopping threads took: 0.0000168 seconds
[2019-12-08T10:10:39.836+0000][1][safepoint    ] Application time: 1.0000825 seconds
[2019-12-08T10:10:39.836+0000][1][safepoint    ] Entering safepoint region: Cleanup
[2019-12-08T10:10:39.836+0000][1][safepoint    ] Leaving safepoint region
[2019-12-08T10:10:39.836+0000][1][safepoint    ] Total time for which application threads were stopped: 0.0000684 seconds, Stopping threads took: 0.0000177 seconds
[2019-12-08T10:10:40.568+0000][1][safepoint    ] Application time: 0.7317288 seconds
[2019-12-08T10:10:40.568+0000][1][safepoint    ] Entering safepoint region: RevokeBias
[2019-12-08T10:10:40.568+0000][1][safepoint    ] Leaving safepoint region
[2019-12-08T10:10:40.568+0000][1][safepoint    ] Total time for which application threads were stopped: 0.0001205 seconds, Stopping threads took: 0.0000233 seconds
[2019-12-08T10:10:41.568+0000][1][safepoint    ] Application time: 1.0000888 seconds
[2019-12-08T10:10:41.568+0000][1][safepoint    ] Entering safepoint region: Cleanup
[2019-12-08T10:10:41.568+0000][1][safepoint    ] Leaving safepoint region
[2019-12-08T10:10:41.568+0000][1][safepoint    ] Total time for which application threads were stopped: 0.0000735 seconds, Stopping threads took: 0.0000179 seconds
[2019-12-08T10:10:42.568+0000][1][safepoint    ] Application time: 1.0000784 seconds
[2019-12-08T10:10:42.568+0000][1][safepoint    ] Entering safepoint region: Cleanup
[2019-12-08T10:10:42.568+0000][1][safepoint    ] Leaving safepoint region
[2019-12-08T10:10:42.568+0000][1][safepoint    ] Total time for which application threads were stopped: 0.0000676 seconds, Stopping threads took: 0.0000177 seconds
[2019-12-08T10:10:43.569+0000][1][safepoint    ] Application time: 1.0000787 seconds
[2019-12-08T10:10:43.569+0000][1][safepoint    ] Entering safepoint region: Cleanup
[2019-12-08T10:10:43.569+0000][1][safepoint    ] Leaving safepoint region
[2019-12-08T10:10:43.569+0000][1][safepoint    ] Total time for which application threads were stopped: 0.0000682 seconds, Stopping threads took: 0.0000176 seconds
[2019-12-08T10:10:44.569+0000][1][safepoint    ] Application time: 1.0000805 seconds
[2019-12-08T10:10:44.569+0000][1][safepoint    ] Entering safepoint region: Cleanup
[2019-12-08T10:10:44.569+0000][1][safepoint    ] Leaving safepoint region
[2019-12-08T10:10:44.569+0000][1][safepoint    ] Total time for which application threads were stopped: 0.0000656 seconds, Stopping threads took: 0.0000168 seconds
[2019-12-08T10:10:45.569+0000][1][safepoint    ] Application time: 1.0000790 seconds
[2019-12-08T10:10:45.569+0000][1][safepoint    ] Entering safepoint region: Cleanup
[2019-12-08T10:10:45.569+0000][1][safepoint    ] Leaving safepoint region
[2019-12-08T10:10:45.569+0000][1][safepoint    ] Total time for which application threads were stopped: 0.0000681 seconds, Stopping threads took: 0.0000171 seconds
[2019-12-08T10:10:46.569+0000][1][safepoint    ] Application time: 1.0000786 seconds
[2019-12-08T10:10:46.569+0000][1][safepoint    ] Entering safepoint region: Cleanup
[2019-12-08T10:10:46.569+0000][1][safepoint    ] Leaving safepoint region
[2019-12-08T10:10:46.569+0000][1][safepoint    ] Total time for which application threads were stopped: 0.0000666 seconds, Stopping threads took: 0.0000183 seconds
[2019-12-08T10:10:47.569+0000][1][safepoint    ] Application time: 1.0000796 seconds
[2019-12-08T10:10:47.569+0000][1][safepoint    ] Entering safepoint region: Cleanup
[2019-12-08T10:10:47.569+0000][1][safepoint    ] Leaving safepoint region
[2019-12-08T10:10:47.569+0000][1][safepoint    ] Total time for which application threads were stopped: 0.0000672 seconds, Stopping threads took: 0.0000178 seconds
[2019-12-08T10:10:48.569+0000][1][safepoint    ] Application time: 1.0000837 seconds
[2019-12-08T10:10:48.570+0000][1][safepoint    ] Entering safepoint region: Cleanup
[2019-12-08T10:10:48.570+0000][1][safepoint    ] Leaving safepoint region
[2019-12-08T10:10:48.570+0000][1][safepoint    ] Total time for which application threads were stopped: 0.0000730 seconds, Stopping threads took: 0.0000185 seconds
[2019-12-08T10:10:49.570+0000][1][safepoint    ] Application time: 1.0000803 seconds
[2019-12-08T10:10:49.570+0000][1][safepoint    ] Entering safepoint region: Cleanup
[2019-12-08T10:10:49.570+0000][1][safepoint    ] Leaving safepoint region
[2019-12-08T10:10:49.570+0000][1][safepoint    ] Total time for which application threads were stopped: 0.0000707 seconds, Stopping threads took: 0.0000187 seconds
[2019-12-08T10:10:50.570+0000][1][safepoint    ] Application time: 1.0000794 seconds
[2019-12-08T10:10:50.570+0000][1][safepoint    ] Entering safepoint region: Cleanup
[2019-12-08T10:10:50.570+0000][1][safepoint    ] Leaving safepoint region
[2019-12-08T10:10:50.570+0000][1][safepoint    ] Total time for which application threads were stopped: 0.0000921 seconds, Stopping threads took: 0.0000186 seconds
[2019-12-08T10:10:51.570+0000][1][safepoint    ] Application time: 1.0000809 seconds
[2019-12-08T10:10:51.570+0000][1][safepoint    ] Entering safepoint region: Cleanup
[2019-12-08T10:10:51.570+0000][1][safepoint    ] Leaving safepoint region
[2019-12-08T10:10:51.570+0000][1][safepoint    ] Total time for which application threads were stopped: 0.0000684 seconds, Stopping threads took: 0.0000181 seconds
[2019-12-08T10:10:52.570+0000][1][safepoint    ] Application time: 1.0000829 seconds
[2019-12-08T10:10:52.570+0000][1][safepoint    ] Entering safepoint region: Cleanup
[2019-12-08T10:10:52.570+0000][1][safepoint    ] Leaving safepoint region
[2019-12-08T10:10:52.570+0000][1][safepoint    ] Total time for which application threads were stopped: 0.0000728 seconds, Stopping threads took: 0.0000183 seconds
[2019-12-08T10:10:53.571+0000][1][safepoint    ] Application time: 1.0000793 seconds
[2019-12-08T10:10:53.571+0000][1][safepoint    ] Entering safepoint region: Cleanup
[2019-12-08T10:10:53.571+0000][1][safepoint    ] Leaving safepoint region
[2019-12-08T10:10:53.571+0000][1][safepoint    ] Total time for which application threads were stopped: 0.0000706 seconds, Stopping threads took: 0.0000188 seconds
[2019-12-08T10:10:54.571+0000][1][safepoint    ] Application time: 1.0000951 seconds
[2019-12-08T10:10:54.571+0000][1][safepoint    ] Entering safepoint region: Cleanup
[2019-12-08T10:10:54.571+0000][1][safepoint    ] Leaving safepoint region
[2019-12-08T10:10:54.571+0000][1][safepoint    ] Total time for which application threads were stopped: 0.0000692 seconds, Stopping threads took: 0.0000184 seconds
[2019-12-08T10:10:55.571+0000][1][safepoint    ] Application time: 1.0000828 seconds
[2019-12-08T10:10:55.571+0000][1][safepoint    ] Entering safepoint region: Cleanup
[2019-12-08T10:10:55.571+0000][1][safepoint    ] Leaving safepoint region
[2019-12-08T10:10:55.571+0000][1][safepoint    ] Total time for which application threads were stopped: 0.0000696 seconds, Stopping threads took: 0.0000177 seconds
[2019-12-08T10:10:56.571+0000][1][safepoint    ] Application time: 1.0000843 seconds
[2019-12-08T10:10:56.571+0000][1][safepoint    ] Entering safepoint region: Cleanup
[2019-12-08T10:10:56.571+0000][1][safepoint    ] Leaving safepoint region
[2019-12-08T10:10:56.571+0000][1][safepoint    ] Total time for which application threads were stopped: 0.0000810 seconds, Stopping threads took: 0.0000175 seconds
[2019-12-08T10:10:57.571+0000][1][safepoint    ] Application time: 1.0000815 seconds
[2019-12-08T10:10:57.571+0000][1][safepoint    ] Entering safepoint region: Cleanup
[2019-12-08T10:10:57.571+0000][1][safepoint    ] Leaving safepoint region
[2019-12-08T10:10:57.571+0000][1][safepoint    ] Total time for which application threads were stopped: 0.0000769 seconds, Stopping threads took: 0.0000185 seconds
[2019-12-08T10:10:58.572+0000][1][safepoint    ] Application time: 1.0000822 seconds
[2019-12-08T10:10:58.572+0000][1][safepoint    ] Entering safepoint region: Cleanup
[2019-12-08T10:10:58.572+0000][1][safepoint    ] Leaving safepoint region
[2019-12-08T10:10:58.572+0000][1][safepoint    ] Total time for which application threads were stopped: 0.0000671 seconds, Stopping threads took: 0.0000172 seconds
[2019-12-08T10:10:59.572+0000][1][safepoint    ] Application time: 1.0000839 seconds
[2019-12-08T10:10:59.572+0000][1][safepoint    ] Entering safepoint region: Cleanup
[2019-12-08T10:10:59.572+0000][1][safepoint    ] Leaving safepoint region
[2019-12-08T10:10:59.572+0000][1][safepoint    ] Total time for which application threads were stopped: 0.0000796 seconds, Stopping threads took: 0.0000248 seconds
[2019-12-08T10:11:00.572+0000][1][safepoint    ] Application time: 1.0000864 seconds
[2019-12-08T10:11:00.572+0000][1][safepoint    ] Entering safepoint region: Cleanup
[2019-12-08T10:11:00.572+0000][1][safepoint    ] Leaving safepoint region
[2019-12-08T10:11:00.572+0000][1][safepoint    ] Total time for which application threads were stopped: 0.0000707 seconds, Stopping threads took: 0.0000182 seconds
[2019-12-08T10:11:00.575+0000][1][safepoint    ] Application time: 0.0030585 seconds
[2019-12-08T10:11:00.575+0000][1][safepoint    ] Entering safepoint region: GenCollectForAllocation
[2019-12-08T10:11:00.575+0000][1][gc,start     ] GC(26) Pause Young (Allocation Failure)
[2019-12-08T10:11:00.575+0000][1][gc,task      ] GC(26) Using 4 workers of 4 for evacuation
[2019-12-08T10:11:00.579+0000][1][gc,age       ] GC(26) Desired survivor size 4456448 bytes, new threshold 6 (max threshold 6)
[2019-12-08T10:11:00.579+0000][1][gc,age       ] GC(26) Age table with threshold 6 (max threshold 6)
[2019-12-08T10:11:00.579+0000][1][gc,age       ] GC(26) - age   1:       7520 bytes,       7520 total
[2019-12-08T10:11:00.579+0000][1][gc,age       ] GC(26) - age   2:       4144 bytes,      11664 total
[2019-12-08T10:11:00.579+0000][1][gc,age       ] GC(26) - age   3:       7440 bytes,      19104 total
[2019-12-08T10:11:00.579+0000][1][gc,age       ] GC(26) - age   4:       7864 bytes,      26968 total
[2019-12-08T10:11:00.579+0000][1][gc,age       ] GC(26) - age   5:     586888 bytes,     613856 total
[2019-12-08T10:11:00.579+0000][1][gc,age       ] GC(26) - age   6:    2165440 bytes,    2779296 total
[2019-12-08T10:11:00.579+0000][1][gc,heap      ] GC(26) ParNew: 73320K->4293K(78656K)
[2019-12-08T10:11:00.579+0000][1][gc,heap      ] GC(26) CMS: 66826K->66826K(174784K)
[2019-12-08T10:11:00.579+0000][1][gc,metaspace ] GC(26) Metaspace: 68219K->68219K(1112064K)
[2019-12-08T10:11:00.579+0000][1][gc           ] GC(26) Pause Young (Allocation Failure) 136M->69M(247M) 3.693ms
[2019-12-08T10:11:00.579+0000][1][gc,cpu       ] GC(26) User=0.01s Sys=0.00s Real=0.00s
[2019-12-08T10:11:00.579+0000][1][safepoint    ] Leaving safepoint region
[2019-12-08T10:11:00.579+0000][1][safepoint    ] Total time for which application threads were stopped: 0.0037958 seconds, Stopping threads took: 0.0000069 seconds
[2019-12-08T10:11:01.579+0000][1][safepoint    ] Application time: 1.0000978 seconds
[2019-12-08T10:11:01.579+0000][1][safepoint    ] Entering safepoint region: Cleanup
[2019-12-08T10:11:01.579+0000][1][safepoint    ] Leaving safepoint region
[2019-12-08T10:11:01.579+0000][1][safepoint    ] Total time for which application threads were stopped: 0.0000701 seconds, Stopping threads took: 0.0000191 seconds
[2019-12-08T10:11:02.579+0000][1][safepoint    ] Application time: 1.0000795 seconds
[2019-12-08T10:11:02.579+0000][1][safepoint    ] Entering safepoint region: Cleanup
[2019-12-08T10:11:02.579+0000][1][safepoint    ] Leaving safepoint region
[2019-12-08T10:11:02.579+0000][1][safepoint    ] Total time for which application threads were stopped: 0.0000701 seconds, Stopping threads took: 0.0000185 seconds
[2019-12-08T10:11:03.579+0000][1][safepoint    ] Application time: 1.0000809 seconds
[2019-12-08T10:11:03.579+0000][1][safepoint    ] Entering safepoint region: Cleanup
[2019-12-08T10:11:03.579+0000][1][safepoint    ] Leaving safepoint region
[2019-12-08T10:11:03.579+0000][1][safepoint    ] Total time for which application threads were stopped: 0.0000692 seconds, Stopping threads took: 0.0000182 seconds
[2019-12-08T10:11:04.580+0000][1][safepoint    ] Application time: 1.0000792 seconds
[2019-12-08T10:11:04.580+0000][1][safepoint    ] Entering safepoint region: Cleanup
[2019-12-08T10:11:04.580+0000][1][safepoint    ] Leaving safepoint region
[2019-12-08T10:11:04.580+0000][1][safepoint    ] Total time for which application threads were stopped: 0.0000828 seconds, Stopping threads took: 0.0000172 seconds
[2019-12-08T10:11:05.580+0000][1][safepoint    ] Application time: 1.0000803 seconds
[2019-12-08T10:11:05.580+0000][1][safepoint    ] Entering safepoint region: Cleanup
[2019-12-08T10:11:05.580+0000][1][safepoint    ] Leaving safepoint region
[2019-12-08T10:11:05.580+0000][1][safepoint    ] Total time for which application threads were stopped: 0.0000727 seconds, Stopping threads took: 0.0000172 seconds
[2019-12-08T10:11:06.580+0000][1][safepoint    ] Application time: 1.0001038 seconds
[2019-12-08T10:11:06.580+0000][1][safepoint    ] Entering safepoint region: Cleanup
[2019-12-08T10:11:06.580+0000][1][safepoint    ] Leaving safepoint region
[2019-12-08T10:11:06.580+0000][1][safepoint    ] Total time for which application threads were stopped: 0.0000708 seconds, Stopping threads took: 0.0000174 seconds
[2019-12-08T10:11:07.580+0000][1][safepoint    ] Application time: 1.0000882 seconds
[2019-12-08T10:11:07.580+0000][1][safepoint    ] Entering safepoint region: Cleanup
[2019-12-08T10:11:07.580+0000][1][safepoint    ] Leaving safepoint region
[2019-12-08T10:11:07.580+0000][1][safepoint    ] Total time for which application threads were stopped: 0.0000714 seconds, Stopping threads took: 0.0000185 seconds
[2019-12-08T10:11:08.580+0000][1][safepoint    ] Application time: 1.0000797 seconds
[2019-12-08T10:11:08.580+0000][1][safepoint    ] Entering safepoint region: Cleanup
[2019-12-08T10:11:08.581+0000][1][safepoint    ] Leaving safepoint region
[2019-12-08T10:11:08.581+0000][1][safepoint    ] Total time for which application threads were stopped: 0.0000748 seconds, Stopping threads took: 0.0000196 seconds
[2019-12-08T10:11:09.581+0000][1][safepoint    ] Application time: 1.0000848 seconds
[2019-12-08T10:11:09.581+0000][1][safepoint    ] Entering safepoint region: Cleanup
[2019-12-08T10:11:09.581+0000][1][safepoint    ] Leaving safepoint region
[2019-12-08T10:11:09.581+0000][1][safepoint    ] Total time for which application threads were stopped: 0.0000913 seconds, Stopping threads took: 0.0000191 seconds
[2019-12-08T10:11:10.581+0000][1][safepoint    ] Application time: 1.0000783 seconds
[2019-12-08T10:11:10.581+0000][1][safepoint    ] Entering safepoint region: Cleanup
[2019-12-08T10:11:10.581+0000][1][safepoint    ] Leaving safepoint region
[2019-12-08T10:11:10.581+0000][1][safepoint    ] Total time for which application threads were stopped: 0.0000685 seconds, Stopping threads took: 0.0000183 seconds
[2019-12-08T10:11:11.581+0000][1][safepoint    ] Application time: 1.0000791 seconds
[2019-12-08T10:11:11.581+0000][1][safepoint    ] Entering safepoint region: Cleanup
[2019-12-08T10:11:11.581+0000][1][safepoint    ] Leaving safepoint region
[2019-12-08T10:11:11.581+0000][1][safepoint    ] Total time for which application threads were stopped: 0.0000672 seconds, Stopping threads took: 0.0000179 seconds
[2019-12-08T10:11:12.581+0000][1][safepoint    ] Application time: 1.0000808 seconds
[2019-12-08T10:11:12.581+0000][1][safepoint    ] Entering safepoint region: Cleanup
[2019-12-08T10:11:12.581+0000][1][safepoint    ] Leaving safepoint region
[2019-12-08T10:11:12.581+0000][1][safepoint    ] Total time for which application threads were stopped: 0.0000712 seconds, Stopping threads took: 0.0000200 seconds
[2019-12-08T10:11:13.581+0000][1][safepoint    ] Application time: 1.0000779 seconds
[2019-12-08T10:11:13.581+0000][1][safepoint    ] Entering safepoint region: Cleanup
[2019-12-08T10:11:13.582+0000][1][safepoint    ] Leaving safepoint region
[2019-12-08T10:11:13.582+0000][1][safepoint    ] Total time for which application threads were stopped: 0.0000691 seconds, Stopping threads took: 0.0000191 seconds
[2019-12-08T10:11:14.582+0000][1][safepoint    ] Application time: 1.0000764 seconds
[2019-12-08T10:11:14.582+0000][1][safepoint    ] Entering safepoint region: Cleanup
[2019-12-08T10:11:14.582+0000][1][safepoint    ] Leaving safepoint region
[2019-12-08T10:11:14.582+0000][1][safepoint    ] Total time for which application threads were stopped: 0.0000853 seconds, Stopping threads took: 0.0000185 seconds
[2019-12-08T10:11:15.582+0000][1][safepoint    ] Application time: 1.0000766 seconds
[2019-12-08T10:11:15.582+0000][1][safepoint    ] Entering safepoint region: Cleanup
[2019-12-08T10:11:15.582+0000][1][safepoint    ] Leaving safepoint region
[2019-12-08T10:11:15.582+0000][1][safepoint    ] Total time for which application threads were stopped: 0.0000692 seconds, Stopping threads took: 0.0000187 seconds
[2019-12-08T10:11:16.582+0000][1][safepoint    ] Application time: 1.0000764 seconds
[2019-12-08T10:11:16.582+0000][1][safepoint    ] Entering safepoint region: Cleanup
[2019-12-08T10:11:16.582+0000][1][safepoint    ] Leaving safepoint region
[2019-12-08T10:11:16.582+0000][1][safepoint    ] Total time for which application threads were stopped: 0.0000674 seconds, Stopping threads took: 0.0000178 seconds
[2019-12-08T10:11:17.582+0000][1][safepoint    ] Application time: 1.0000784 seconds
[2019-12-08T10:11:17.582+0000][1][safepoint    ] Entering safepoint region: Cleanup
[2019-12-08T10:11:17.582+0000][1][safepoint    ] Leaving safepoint region
[2019-12-08T10:11:17.582+0000][1][safepoint    ] Total time for which application threads were stopped: 0.0000747 seconds, Stopping threads took: 0.0000243 seconds
[2019-12-08T10:11:18.582+0000][1][safepoint    ] Application time: 1.0000779 seconds
[2019-12-08T10:11:18.582+0000][1][safepoint    ] Entering safepoint region: Cleanup
[2019-12-08T10:11:18.582+0000][1][safepoint    ] Leaving safepoint region
[2019-12-08T10:11:18.582+0000][1][safepoint    ] Total time for which application threads were stopped: 0.0000676 seconds, Stopping threads took: 0.0000168 seconds
[2019-12-08T10:11:19.583+0000][1][safepoint    ] Application time: 1.0000779 seconds
[2019-12-08T10:11:19.583+0000][1][safepoint    ] Entering safepoint region: Cleanup
[2019-12-08T10:11:19.583+0000][1][safepoint    ] Leaving safepoint region
[2019-12-08T10:11:19.583+0000][1][safepoint    ] Total time for which application threads were stopped: 0.0000695 seconds, Stopping threads took: 0.0000188 seconds
[2019-12-08T10:11:20.583+0000][1][safepoint    ] Application time: 1.0000761 seconds
[2019-12-08T10:11:20.583+0000][1][safepoint    ] Entering safepoint region: Cleanup
[2019-12-08T10:11:20.583+0000][1][safepoint    ] Leaving safepoint region
[2019-12-08T10:11:20.583+0000][1][safepoint    ] Total time for which application threads were stopped: 0.0000677 seconds, Stopping threads took: 0.0000177 seconds
[2019-12-08T10:11:21.583+0000][1][safepoint    ] Application time: 1.0000806 seconds
[2019-12-08T10:11:21.583+0000][1][safepoint    ] Entering safepoint region: Cleanup
[2019-12-08T10:11:21.583+0000][1][safepoint    ] Leaving safepoint region
[2019-12-08T10:11:21.583+0000][1][safepoint    ] Total time for which application threads were stopped: 0.0000684 seconds, Stopping threads took: 0.0000186 seconds
[2019-12-08T10:11:22.583+0000][1][safepoint    ] Application time: 1.0000810 seconds
[2019-12-08T10:11:22.583+0000][1][safepoint    ] Entering safepoint region: Cleanup
[2019-12-08T10:11:22.583+0000][1][safepoint    ] Leaving safepoint region
[2019-12-08T10:11:22.583+0000][1][safepoint    ] Total time for which application threads were stopped: 0.0000703 seconds, Stopping threads took: 0.0000188 seconds
[2019-12-08T10:11:23.583+0000][1][safepoint    ] Application time: 1.0000791 seconds
[2019-12-08T10:11:23.583+0000][1][safepoint    ] Entering safepoint region: Cleanup
[2019-12-08T10:11:23.583+0000][1][safepoint    ] Leaving safepoint region
[2019-12-08T10:11:23.583+0000][1][safepoint    ] Total time for which application threads were stopped: 0.0000692 seconds, Stopping threads took: 0.0000174 seconds
[2019-12-08T10:11:24.584+0000][1][safepoint    ] Application time: 1.0000875 seconds
[2019-12-08T10:11:24.584+0000][1][safepoint    ] Entering safepoint region: Cleanup
[2019-12-08T10:11:24.584+0000][1][safepoint    ] Leaving safepoint region
[2019-12-08T10:11:24.584+0000][1][safepoint    ] Total time for which application threads were stopped: 0.0000728 seconds, Stopping threads took: 0.0000177 seconds
[2019-12-08T10:11:25.584+0000][1][safepoint    ] Application time: 1.0000851 seconds
[2019-12-08T10:11:25.584+0000][1][safepoint    ] Entering safepoint region: Cleanup
[2019-12-08T10:11:25.584+0000][1][safepoint    ] Leaving safepoint region
[2019-12-08T10:11:25.584+0000][1][safepoint    ] Total time for which application threads were stopped: 0.0000704 seconds, Stopping threads took: 0.0000173 seconds
[2019-12-08T10:11:26.584+0000][1][safepoint    ] Application time: 1.0000787 seconds
[2019-12-08T10:11:26.584+0000][1][safepoint    ] Entering safepoint region: Cleanup
[2019-12-08T10:11:26.584+0000][1][safepoint    ] Leaving safepoint region
[2019-12-08T10:11:26.584+0000][1][safepoint    ] Total time for which application threads were stopped: 0.0000689 seconds, Stopping threads took: 0.0000182 seconds
[2019-12-08T10:11:27.584+0000][1][safepoint    ] Application time: 1.0000800 seconds
[2019-12-08T10:11:27.584+0000][1][safepoint    ] Entering safepoint region: Cleanup
[2019-12-08T10:11:27.584+0000][1][safepoint    ] Leaving safepoint region
[2019-12-08T10:11:27.584+0000][1][safepoint    ] Total time for which application threads were stopped: 0.0000780 seconds, Stopping threads took: 0.0000265 seconds
[2019-12-08T10:11:28.584+0000][1][safepoint    ] Application time: 1.0000803 seconds
[2019-12-08T10:11:28.584+0000][1][safepoint    ] Entering safepoint region: Cleanup
[2019-12-08T10:11:28.584+0000][1][safepoint    ] Leaving safepoint region
[2019-12-08T10:11:28.584+0000][1][safepoint    ] Total time for which application threads were stopped: 0.0000674 seconds, Stopping threads took: 0.0000173 seconds
[2019-12-08T10:11:29.584+0000][1][safepoint    ] Application time: 1.0000769 seconds
[2019-12-08T10:11:29.585+0000][1][safepoint    ] Entering safepoint region: Cleanup
[2019-12-08T10:11:29.585+0000][1][safepoint    ] Leaving safepoint region
[2019-12-08T10:11:29.585+0000][1][safepoint    ] Total time for which application threads were stopped: 0.0000781 seconds, Stopping threads took: 0.0000258 seconds
[2019-12-08T10:11:30.585+0000][1][safepoint    ] Application time: 1.0000909 seconds
[2019-12-08T10:11:30.585+0000][1][safepoint    ] Entering safepoint region: Cleanup
[2019-12-08T10:11:30.585+0000][1][safepoint    ] Leaving safepoint region
[2019-12-08T10:11:30.585+0000][1][safepoint    ] Total time for which application threads were stopped: 0.0000683 seconds, Stopping threads took: 0.0000173 seconds
[2019-12-08T10:11:31.585+0000][1][safepoint    ] Application time: 1.0000769 seconds
[2019-12-08T10:11:31.585+0000][1][safepoint    ] Entering safepoint region: Cleanup
[2019-12-08T10:11:31.585+0000][1][safepoint    ] Leaving safepoint region
[2019-12-08T10:11:31.585+0000][1][safepoint    ] Total time for which application threads were stopped: 0.0000711 seconds, Stopping threads took: 0.0000186 seconds
[2019-12-08T10:11:32.585+0000][1][safepoint    ] Application time: 1.0000763 seconds
[2019-12-08T10:11:32.585+0000][1][safepoint    ] Entering safepoint region: Cleanup
[2019-12-08T10:11:32.585+0000][1][safepoint    ] Leaving safepoint region
[2019-12-08T10:11:32.585+0000][1][safepoint    ] Total time for which application threads were stopped: 0.0000684 seconds, Stopping threads took: 0.0000172 seconds
[2019-12-08T10:11:33.585+0000][1][safepoint    ] Application time: 1.0000805 seconds
[2019-12-08T10:11:33.585+0000][1][safepoint    ] Entering safepoint region: Cleanup
[2019-12-08T10:11:33.585+0000][1][safepoint    ] Leaving safepoint region
[2019-12-08T10:11:33.585+0000][1][safepoint    ] Total time for which application threads were stopped: 0.0000746 seconds, Stopping threads took: 0.0000192 seconds
[2019-12-08T10:11:34.585+0000][1][safepoint    ] Application time: 1.0000774 seconds
[2019-12-08T10:11:34.586+0000][1][safepoint    ] Entering safepoint region: Cleanup
[2019-12-08T10:11:34.586+0000][1][safepoint    ] Leaving safepoint region
[2019-12-08T10:11:34.586+0000][1][safepoint    ] Total time for which application threads were stopped: 0.0000721 seconds, Stopping threads took: 0.0000174 seconds
[2019-12-08T10:11:35.586+0000][1][safepoint    ] Application time: 1.0000767 seconds
[2019-12-08T10:11:35.586+0000][1][safepoint    ] Entering safepoint region: Cleanup
[2019-12-08T10:11:35.586+0000][1][safepoint    ] Leaving safepoint region
[2019-12-08T10:11:35.586+0000][1][safepoint    ] Total time for which application threads were stopped: 0.0000731 seconds, Stopping threads took: 0.0000184 seconds
[2019-12-08T10:11:36.586+0000][1][safepoint    ] Application time: 1.0000784 seconds
[2019-12-08T10:11:36.586+0000][1][safepoint    ] Entering safepoint region: Cleanup
[2019-12-08T10:11:36.586+0000][1][safepoint    ] Leaving safepoint region
[2019-12-08T10:11:36.586+0000][1][safepoint    ] Total time for which application threads were stopped: 0.0000672 seconds, Stopping threads took: 0.0000171 seconds
[2019-12-08T10:11:37.586+0000][1][safepoint    ] Application time: 1.0000764 seconds
[2019-12-08T10:11:37.586+0000][1][safepoint    ] Entering safepoint region: Cleanup
[2019-12-08T10:11:37.586+0000][1][safepoint    ] Leaving safepoint region
[2019-12-08T10:11:37.586+0000][1][safepoint    ] Total time for which application threads were stopped: 0.0000755 seconds, Stopping threads took: 0.0000250 seconds
[2019-12-08T10:11:38.586+0000][1][safepoint    ] Application time: 1.0000859 seconds
[2019-12-08T10:11:38.586+0000][1][safepoint    ] Entering safepoint region: Cleanup
[2019-12-08T10:11:38.586+0000][1][safepoint    ] Leaving safepoint region
[2019-12-08T10:11:38.586+0000][1][safepoint    ] Total time for which application threads were stopped: 0.0000690 seconds, Stopping threads took: 0.0000184 seconds
[2019-12-08T10:11:39.586+0000][1][safepoint    ] Application time: 1.0000901 seconds
[2019-12-08T10:11:39.586+0000][1][safepoint    ] Entering safepoint region: Cleanup
[2019-12-08T10:11:39.587+0000][1][safepoint    ] Leaving safepoint region
[2019-12-08T10:11:39.587+0000][1][safepoint    ] Total time for which application threads were stopped: 0.0000688 seconds, Stopping threads took: 0.0000182 seconds
[2019-12-08T10:11:40.587+0000][1][safepoint    ] Application time: 1.0000936 seconds
[2019-12-08T10:11:40.587+0000][1][safepoint    ] Entering safepoint region: Cleanup
[2019-12-08T10:11:40.587+0000][1][safepoint    ] Leaving safepoint region
[2019-12-08T10:11:40.587+0000][1][safepoint    ] Total time for which application threads were stopped: 0.0000929 seconds, Stopping threads took: 0.0000262 seconds
[2019-12-08T10:11:41.593+0000][1][safepoint    ] Application time: 1.0058412 seconds
[2019-12-08T10:11:41.593+0000][1][safepoint    ] Entering safepoint region: Cleanup
[2019-12-08T10:11:41.593+0000][1][safepoint    ] Leaving safepoint region
[2019-12-08T10:11:41.593+0000][1][safepoint    ] Total time for which application threads were stopped: 0.0000958 seconds, Stopping threads took: 0.0000396 seconds
[2019-12-08T10:11:42.593+0000][1][safepoint    ] Application time: 1.0000810 seconds
[2019-12-08T10:11:42.593+0000][1][safepoint    ] Entering safepoint region: Cleanup
[2019-12-08T10:11:42.593+0000][1][safepoint    ] Leaving safepoint region
[2019-12-08T10:11:42.593+0000][1][safepoint    ] Total time for which application threads were stopped: 0.0000765 seconds, Stopping threads took: 0.0000174 seconds
[2019-12-08T10:11:43.593+0000][1][safepoint    ] Application time: 1.0000778 seconds
[2019-12-08T10:11:43.593+0000][1][safepoint    ] Entering safepoint region: Cleanup
[2019-12-08T10:11:43.593+0000][1][safepoint    ] Leaving safepoint region
[2019-12-08T10:11:43.593+0000][1][safepoint    ] Total time for which application threads were stopped: 0.0000659 seconds, Stopping threads took: 0.0000174 seconds
[2019-12-08T10:11:44.593+0000][1][safepoint    ] Application time: 1.0000803 seconds
[2019-12-08T10:11:44.593+0000][1][safepoint    ] Entering safepoint region: Cleanup
[2019-12-08T10:11:44.593+0000][1][safepoint    ] Leaving safepoint region
[2019-12-08T10:11:44.593+0000][1][safepoint    ] Total time for which application threads were stopped: 0.0000647 seconds, Stopping threads took: 0.0000171 seconds
[2019-12-08T10:11:45.593+0000][1][safepoint    ] Application time: 1.0000765 seconds
[2019-12-08T10:11:45.594+0000][1][safepoint    ] Entering safepoint region: Cleanup
[2019-12-08T10:11:45.594+0000][1][safepoint    ] Leaving safepoint region
[2019-12-08T10:11:45.594+0000][1][safepoint    ] Total time for which application threads were stopped: 0.0001048 seconds, Stopping threads took: 0.0000467 seconds
[2019-12-08T10:11:46.594+0000][1][safepoint    ] Application time: 1.0000951 seconds
[2019-12-08T10:11:46.594+0000][1][safepoint    ] Entering safepoint region: Cleanup
[2019-12-08T10:11:46.594+0000][1][safepoint    ] Leaving safepoint region
[2019-12-08T10:11:46.594+0000][1][safepoint    ] Total time for which application threads were stopped: 0.0000693 seconds, Stopping threads took: 0.0000181 seconds
[2019-12-08T10:11:47.594+0000][1][safepoint    ] Application time: 1.0000820 seconds
[2019-12-08T10:11:47.594+0000][1][safepoint    ] Entering safepoint region: Cleanup
[2019-12-08T10:11:47.594+0000][1][safepoint    ] Leaving safepoint region
[2019-12-08T10:11:47.594+0000][1][safepoint    ] Total time for which application threads were stopped: 0.0000745 seconds, Stopping threads took: 0.0000170 seconds
[2019-12-08T10:11:48.594+0000][1][safepoint    ] Application time: 1.0000806 seconds
[2019-12-08T10:11:48.594+0000][1][safepoint    ] Entering safepoint region: Cleanup
[2019-12-08T10:11:48.594+0000][1][safepoint    ] Leaving safepoint region
[2019-12-08T10:11:48.594+0000][1][safepoint    ] Total time for which application threads were stopped: 0.0000675 seconds, Stopping threads took: 0.0000175 seconds
[2019-12-08T10:11:49.594+0000][1][safepoint    ] Application time: 1.0000794 seconds
[2019-12-08T10:11:49.594+0000][1][safepoint    ] Entering safepoint region: Cleanup
[2019-12-08T10:11:49.594+0000][1][safepoint    ] Leaving safepoint region
[2019-12-08T10:11:49.594+0000][1][safepoint    ] Total time for which application threads were stopped: 0.0000664 seconds, Stopping threads took: 0.0000161 seconds
[2019-12-08T10:11:50.594+0000][1][safepoint    ] Application time: 1.0000783 seconds
[2019-12-08T10:11:50.594+0000][1][safepoint    ] Entering safepoint region: Cleanup
[2019-12-08T10:11:50.595+0000][1][safepoint    ] Leaving safepoint region
[2019-12-08T10:11:50.595+0000][1][safepoint    ] Total time for which application threads were stopped: 0.0000856 seconds, Stopping threads took: 0.0000161 seconds
[2019-12-08T10:11:50.876+0000][1][safepoint    ] Application time: 0.2818377 seconds
[2019-12-08T10:11:50.876+0000][1][safepoint    ] Entering safepoint region: RevokeBias
[2019-12-08T10:11:50.877+0000][1][safepoint    ] Leaving safepoint region
[2019-12-08T10:11:50.877+0000][1][safepoint    ] Total time for which application threads were stopped: 0.0001035 seconds, Stopping threads took: 0.0000437 seconds
[2019-12-08T10:11:51.877+0000][1][safepoint    ] Application time: 1.0000927 seconds
[2019-12-08T10:11:51.877+0000][1][safepoint    ] Entering safepoint region: Cleanup
[2019-12-08T10:11:51.877+0000][1][safepoint    ] Leaving safepoint region
[2019-12-08T10:11:51.877+0000][1][safepoint    ] Total time for which application threads were stopped: 0.0000732 seconds, Stopping threads took: 0.0000169 seconds
[2019-12-08T10:11:52.877+0000][1][safepoint    ] Application time: 1.0000775 seconds
[2019-12-08T10:11:52.877+0000][1][safepoint    ] Entering safepoint region: Cleanup
[2019-12-08T10:11:52.877+0000][1][safepoint    ] Leaving safepoint region
[2019-12-08T10:11:52.877+0000][1][safepoint    ] Total time for which application threads were stopped: 0.0000666 seconds, Stopping threads took: 0.0000178 seconds
[2019-12-08T10:11:53.877+0000][1][safepoint    ] Application time: 1.0000786 seconds
[2019-12-08T10:11:53.877+0000][1][safepoint    ] Entering safepoint region: Cleanup
[2019-12-08T10:11:53.877+0000][1][safepoint    ] Leaving safepoint region
[2019-12-08T10:11:53.877+0000][1][safepoint    ] Total time for which application threads were stopped: 0.0000677 seconds, Stopping threads took: 0.0000173 seconds
[2019-12-08T10:11:54.877+0000][1][safepoint    ] Application time: 1.0000789 seconds
[2019-12-08T10:11:54.877+0000][1][safepoint    ] Entering safepoint region: Cleanup
[2019-12-08T10:11:54.877+0000][1][safepoint    ] Leaving safepoint region
[2019-12-08T10:11:54.877+0000][1][safepoint    ] Total time for which application threads were stopped: 0.0000659 seconds, Stopping threads took: 0.0000168 seconds
[2019-12-08T10:11:55.877+0000][1][safepoint    ] Application time: 1.0000801 seconds
[2019-12-08T10:11:55.877+0000][1][safepoint    ] Entering safepoint region: Cleanup
[2019-12-08T10:11:55.877+0000][1][safepoint    ] Leaving safepoint region
[2019-12-08T10:11:55.877+0000][1][safepoint    ] Total time for which application threads were stopped: 0.0000628 seconds, Stopping threads took: 0.0000168 seconds
[2019-12-08T10:11:56.878+0000][1][safepoint    ] Application time: 1.0000775 seconds
[2019-12-08T10:11:56.878+0000][1][safepoint    ] Entering safepoint region: Cleanup
[2019-12-08T10:11:56.878+0000][1][safepoint    ] Leaving safepoint region
[2019-12-08T10:11:56.878+0000][1][safepoint    ] Total time for which application threads were stopped: 0.0000827 seconds, Stopping threads took: 0.0000175 seconds
[2019-12-08T10:11:57.878+0000][1][safepoint    ] Application time: 1.0000792 seconds
[2019-12-08T10:11:57.878+0000][1][safepoint    ] Entering safepoint region: Cleanup
[2019-12-08T10:11:57.878+0000][1][safepoint    ] Leaving safepoint region
[2019-12-08T10:11:57.878+0000][1][safepoint    ] Total time for which application threads were stopped: 0.0000630 seconds, Stopping threads took: 0.0000165 seconds
[2019-12-08T10:11:58.878+0000][1][safepoint    ] Application time: 1.0000787 seconds
[2019-12-08T10:11:58.878+0000][1][safepoint    ] Entering safepoint region: Cleanup
[2019-12-08T10:11:58.878+0000][1][safepoint    ] Leaving safepoint region
[2019-12-08T10:11:58.878+0000][1][safepoint    ] Total time for which application threads were stopped: 0.0000645 seconds, Stopping threads took: 0.0000173 seconds
[2019-12-08T10:11:59.878+0000][1][safepoint    ] Application time: 1.0000782 seconds
[2019-12-08T10:11:59.878+0000][1][safepoint    ] Entering safepoint region: Cleanup
[2019-12-08T10:11:59.878+0000][1][safepoint    ] Leaving safepoint region
[2019-12-08T10:11:59.878+0000][1][safepoint    ] Total time for which application threads were stopped: 0.0000640 seconds, Stopping threads took: 0.0000169 seconds
[2019-12-08T10:12:00.878+0000][1][safepoint    ] Application time: 1.0000776 seconds
[2019-12-08T10:12:00.878+0000][1][safepoint    ] Entering safepoint region: Cleanup
[2019-12-08T10:12:00.878+0000][1][safepoint    ] Leaving safepoint region
[2019-12-08T10:12:00.878+0000][1][safepoint    ] Total time for which application threads were stopped: 0.0000653 seconds, Stopping threads took: 0.0000175 seconds
[2019-12-08T10:12:01.878+0000][1][safepoint    ] Application time: 1.0000943 seconds
[2019-12-08T10:12:01.879+0000][1][safepoint    ] Entering safepoint region: Cleanup
[2019-12-08T10:12:01.879+0000][1][safepoint    ] Leaving safepoint region
[2019-12-08T10:12:01.879+0000][1][safepoint    ] Total time for which application threads were stopped: 0.0001073 seconds, Stopping threads took: 0.0000287 seconds
[2019-12-08T10:12:02.879+0000][1][safepoint    ] Application time: 1.0001000 seconds
[2019-12-08T10:12:02.879+0000][1][safepoint    ] Entering safepoint region: Cleanup
[2019-12-08T10:12:02.879+0000][1][safepoint    ] Leaving safepoint region
[2019-12-08T10:12:02.879+0000][1][safepoint    ] Total time for which application threads were stopped: 0.0000676 seconds, Stopping threads took: 0.0000177 seconds
[2019-12-08T10:12:03.879+0000][1][safepoint    ] Application time: 1.0000819 seconds
[2019-12-08T10:12:03.879+0000][1][safepoint    ] Entering safepoint region: Cleanup
[2019-12-08T10:12:03.879+0000][1][safepoint    ] Leaving safepoint region
[2019-12-08T10:12:03.879+0000][1][safepoint    ] Total time for which application threads were stopped: 0.0000680 seconds, Stopping threads took: 0.0000167 seconds
[2019-12-08T10:12:04.879+0000][1][safepoint    ] Application time: 1.0000830 seconds
[2019-12-08T10:12:04.879+0000][1][safepoint    ] Entering safepoint region: Cleanup
[2019-12-08T10:12:04.879+0000][1][safepoint    ] Leaving safepoint region
[2019-12-08T10:12:04.879+0000][1][safepoint    ] Total time for which application threads were stopped: 0.0000704 seconds, Stopping threads took: 0.0000173 seconds
[2019-12-08T10:12:05.879+0000][1][safepoint    ] Application time: 1.0000789 seconds
[2019-12-08T10:12:05.879+0000][1][safepoint    ] Entering safepoint region: Cleanup
[2019-12-08T10:12:05.879+0000][1][safepoint    ] Leaving safepoint region
[2019-12-08T10:12:05.879+0000][1][safepoint    ] Total time for which application threads were stopped: 0.0000654 seconds, Stopping threads took: 0.0000170 seconds
[2019-12-08T10:12:06.879+0000][1][safepoint    ] Application time: 1.0000787 seconds
[2019-12-08T10:12:06.879+0000][1][safepoint    ] Entering safepoint region: Cleanup
[2019-12-08T10:12:06.880+0000][1][safepoint    ] Leaving safepoint region
[2019-12-08T10:12:06.880+0000][1][safepoint    ] Total time for which application threads were stopped: 0.0000741 seconds, Stopping threads took: 0.0000165 seconds
[2019-12-08T10:12:07.880+0000][1][safepoint    ] Application time: 1.0000936 seconds
[2019-12-08T10:12:07.880+0000][1][safepoint    ] Entering safepoint region: Cleanup
[2019-12-08T10:12:07.880+0000][1][safepoint    ] Leaving safepoint region
[2019-12-08T10:12:07.880+0000][1][safepoint    ] Total time for which application threads were stopped: 0.0000827 seconds, Stopping threads took: 0.0000170 seconds
[2019-12-08T10:12:08.880+0000][1][safepoint    ] Application time: 1.0000930 seconds
[2019-12-08T10:12:08.880+0000][1][safepoint    ] Entering safepoint region: Cleanup
[2019-12-08T10:12:08.880+0000][1][safepoint    ] Leaving safepoint region
[2019-12-08T10:12:08.880+0000][1][safepoint    ] Total time for which application threads were stopped: 0.0000643 seconds, Stopping threads took: 0.0000166 seconds
[2019-12-08T10:12:09.880+0000][1][safepoint    ] Application time: 1.0000996 seconds
[2019-12-08T10:12:09.880+0000][1][safepoint    ] Entering safepoint region: Cleanup
[2019-12-08T10:12:09.880+0000][1][safepoint    ] Leaving safepoint region
[2019-12-08T10:12:09.880+0000][1][safepoint    ] Total time for which application threads were stopped: 0.0000682 seconds, Stopping threads took: 0.0000170 seconds
[2019-12-08T10:12:10.880+0000][1][safepoint    ] Application time: 1.0000906 seconds
[2019-12-08T10:12:10.880+0000][1][safepoint    ] Entering safepoint region: Cleanup
[2019-12-08T10:12:10.880+0000][1][safepoint    ] Leaving safepoint region
[2019-12-08T10:12:10.880+0000][1][safepoint    ] Total time for which application threads were stopped: 0.0000703 seconds, Stopping threads took: 0.0000179 seconds
[2019-12-08T10:12:11.880+0000][1][safepoint    ] Application time: 1.0000826 seconds
[2019-12-08T10:12:11.880+0000][1][safepoint    ] Entering safepoint region: Cleanup
[2019-12-08T10:12:11.880+0000][1][safepoint    ] Leaving safepoint region
[2019-12-08T10:12:11.880+0000][1][safepoint    ] Total time for which application threads were stopped: 0.0000643 seconds, Stopping threads took: 0.0000172 seconds
[2019-12-08T10:12:12.881+0000][1][safepoint    ] Application time: 1.0000869 seconds
[2019-12-08T10:12:12.881+0000][1][safepoint    ] Entering safepoint region: Cleanup
[2019-12-08T10:12:12.881+0000][1][safepoint    ] Leaving safepoint region
[2019-12-08T10:12:12.881+0000][1][safepoint    ] Total time for which application threads were stopped: 0.0000697 seconds, Stopping threads took: 0.0000181 seconds
[2019-12-08T10:12:13.881+0000][1][safepoint    ] Application time: 1.0000866 seconds
[2019-12-08T10:12:13.881+0000][1][safepoint    ] Entering safepoint region: Cleanup
[2019-12-08T10:12:13.881+0000][1][safepoint    ] Leaving safepoint region
[2019-12-08T10:12:13.881+0000][1][safepoint    ] Total time for which application threads were stopped: 0.0000668 seconds, Stopping threads took: 0.0000178 seconds
[2019-12-08T10:12:14.881+0000][1][safepoint    ] Application time: 1.0000823 seconds
[2019-12-08T10:12:14.881+0000][1][safepoint    ] Entering safepoint region: Cleanup
[2019-12-08T10:12:14.881+0000][1][safepoint    ] Leaving safepoint region
[2019-12-08T10:12:14.881+0000][1][safepoint    ] Total time for which application threads were stopped: 0.0000693 seconds, Stopping threads took: 0.0000179 seconds
[2019-12-08T10:12:15.881+0000][1][safepoint    ] Application time: 1.0000905 seconds
[2019-12-08T10:12:15.881+0000][1][safepoint    ] Entering safepoint region: Cleanup
[2019-12-08T10:12:15.881+0000][1][safepoint    ] Leaving safepoint region
[2019-12-08T10:12:15.881+0000][1][safepoint    ] Total time for which application threads were stopped: 0.0000844 seconds, Stopping threads took: 0.0000184 seconds
[2019-12-08T10:12:16.881+0000][1][safepoint    ] Application time: 1.0000814 seconds
[2019-12-08T10:12:16.881+0000][1][safepoint    ] Entering safepoint region: Cleanup
[2019-12-08T10:12:16.881+0000][1][safepoint    ] Leaving safepoint region
[2019-12-08T10:12:16.881+0000][1][safepoint    ] Total time for which application threads were stopped: 0.0000728 seconds, Stopping threads took: 0.0000182 seconds
[2019-12-08T10:12:17.882+0000][1][safepoint    ] Application time: 1.0000824 seconds
[2019-12-08T10:12:17.882+0000][1][safepoint    ] Entering safepoint region: Cleanup
[2019-12-08T10:12:17.882+0000][1][safepoint    ] Leaving safepoint region
[2019-12-08T10:12:17.882+0000][1][safepoint    ] Total time for which application threads were stopped: 0.0000669 seconds, Stopping threads took: 0.0000170 seconds
[2019-12-08T10:12:18.882+0000][1][safepoint    ] Application time: 1.0000983 seconds
[2019-12-08T10:12:18.882+0000][1][safepoint    ] Entering safepoint region: Cleanup
[2019-12-08T10:12:18.882+0000][1][safepoint    ] Leaving safepoint region
[2019-12-08T10:12:18.882+0000][1][safepoint    ] Total time for which application threads were stopped: 0.0000692 seconds, Stopping threads took: 0.0000180 seconds
[2019-12-08T10:12:19.882+0000][1][safepoint    ] Application time: 1.0000778 seconds
[2019-12-08T10:12:19.882+0000][1][safepoint    ] Entering safepoint region: Cleanup
[2019-12-08T10:12:19.882+0000][1][safepoint    ] Leaving safepoint region
[2019-12-08T10:12:19.882+0000][1][safepoint    ] Total time for which application threads were stopped: 0.0000692 seconds, Stopping threads took: 0.0000175 seconds
[2019-12-08T10:12:20.882+0000][1][safepoint    ] Application time: 1.0000793 seconds
[2019-12-08T10:12:20.882+0000][1][safepoint    ] Entering safepoint region: Cleanup
[2019-12-08T10:12:20.882+0000][1][safepoint    ] Leaving safepoint region
[2019-12-08T10:12:20.882+0000][1][safepoint    ] Total time for which application threads were stopped: 0.0000670 seconds, Stopping threads took: 0.0000172 seconds
[2019-12-08T10:12:21.882+0000][1][safepoint    ] Application time: 1.0000809 seconds
[2019-12-08T10:12:21.882+0000][1][safepoint    ] Entering safepoint region: Cleanup
[2019-12-08T10:12:21.882+0000][1][safepoint    ] Leaving safepoint region
[2019-12-08T10:12:21.882+0000][1][safepoint    ] Total time for which application threads were stopped: 0.0000692 seconds, Stopping threads took: 0.0000178 seconds
[2019-12-08T10:12:22.883+0000][1][safepoint    ] Application time: 1.0000818 seconds
[2019-12-08T10:12:22.883+0000][1][safepoint    ] Entering safepoint region: Cleanup
[2019-12-08T10:12:22.883+0000][1][safepoint    ] Leaving safepoint region
[2019-12-08T10:12:22.883+0000][1][safepoint    ] Total time for which application threads were stopped: 0.0000704 seconds, Stopping threads took: 0.0000176 seconds
[2019-12-08T10:12:23.883+0000][1][safepoint    ] Application time: 1.0000859 seconds
[2019-12-08T10:12:23.883+0000][1][safepoint    ] Entering safepoint region: Cleanup
[2019-12-08T10:12:23.883+0000][1][safepoint    ] Leaving safepoint region
[2019-12-08T10:12:23.883+0000][1][safepoint    ] Total time for which application threads were stopped: 0.0000718 seconds, Stopping threads took: 0.0000189 seconds
[2019-12-08T10:12:24.883+0000][1][safepoint    ] Application time: 1.0000828 seconds
[2019-12-08T10:12:24.883+0000][1][safepoint    ] Entering safepoint region: Cleanup
[2019-12-08T10:12:24.883+0000][1][safepoint    ] Leaving safepoint region
[2019-12-08T10:12:24.883+0000][1][safepoint    ] Total time for which application threads were stopped: 0.0000701 seconds, Stopping threads took: 0.0000178 seconds
[2019-12-08T10:12:26.607+0000][1][safepoint    ] Application time: 1.7241516 seconds
[2019-12-08T10:12:26.607+0000][1][safepoint    ] Entering safepoint region: Cleanup
[2019-12-08T10:12:26.607+0000][1][safepoint    ] Leaving safepoint region
[2019-12-08T10:12:26.607+0000][1][safepoint    ] Total time for which application threads were stopped: 0.0000694 seconds, Stopping threads took: 0.0000156 seconds
[2019-12-08T10:12:27.607+0000][1][safepoint    ] Application time: 1.0000814 seconds
[2019-12-08T10:12:27.607+0000][1][safepoint    ] Entering safepoint region: Cleanup
[2019-12-08T10:12:27.607+0000][1][safepoint    ] Leaving safepoint region
[2019-12-08T10:12:27.607+0000][1][safepoint    ] Total time for which application threads were stopped: 0.0000704 seconds, Stopping threads took: 0.0000183 seconds
[2019-12-08T10:12:28.608+0000][1][safepoint    ] Application time: 1.0000820 seconds
[2019-12-08T10:12:28.608+0000][1][safepoint    ] Entering safepoint region: Cleanup
[2019-12-08T10:12:28.608+0000][1][safepoint    ] Leaving safepoint region
[2019-12-08T10:12:28.608+0000][1][safepoint    ] Total time for which application threads were stopped: 0.0001000 seconds, Stopping threads took: 0.0000180 seconds
[2019-12-08T10:12:29.608+0000][1][safepoint    ] Application time: 1.0000807 seconds
[2019-12-08T10:12:29.608+0000][1][safepoint    ] Entering safepoint region: Cleanup
[2019-12-08T10:12:29.608+0000][1][safepoint    ] Leaving safepoint region
[2019-12-08T10:12:29.608+0000][1][safepoint    ] Total time for which application threads were stopped: 0.0000922 seconds, Stopping threads took: 0.0000266 seconds
[2019-12-08T10:12:30.608+0000][1][safepoint    ] Application time: 1.0000793 seconds
[2019-12-08T10:12:30.608+0000][1][safepoint    ] Entering safepoint region: Cleanup
[2019-12-08T10:12:30.608+0000][1][safepoint    ] Leaving safepoint region
[2019-12-08T10:12:30.608+0000][1][safepoint    ] Total time for which application threads were stopped: 0.0000673 seconds, Stopping threads took: 0.0000159 seconds
[2019-12-08T10:12:31.608+0000][1][safepoint    ] Application time: 1.0000900 seconds
[2019-12-08T10:12:31.608+0000][1][safepoint    ] Entering safepoint region: Cleanup
[2019-12-08T10:12:31.608+0000][1][safepoint    ] Leaving safepoint region
[2019-12-08T10:12:31.608+0000][1][safepoint    ] Total time for which application threads were stopped: 0.0000701 seconds, Stopping threads took: 0.0000200 seconds
[2019-12-08T10:12:32.608+0000][1][safepoint    ] Application time: 1.0000750 seconds
[2019-12-08T10:12:32.608+0000][1][safepoint    ] Entering safepoint region: Cleanup
[2019-12-08T10:12:32.609+0000][1][safepoint    ] Leaving safepoint region
[2019-12-08T10:12:32.609+0000][1][safepoint    ] Total time for which application threads were stopped: 0.0000686 seconds, Stopping threads took: 0.0000166 seconds
[2019-12-08T10:12:33.609+0000][1][safepoint    ] Application time: 1.0000818 seconds
[2019-12-08T10:12:33.609+0000][1][safepoint    ] Entering safepoint region: Cleanup
[2019-12-08T10:12:33.609+0000][1][safepoint    ] Leaving safepoint region
[2019-12-08T10:12:33.609+0000][1][safepoint    ] Total time for which application threads were stopped: 0.0000851 seconds, Stopping threads took: 0.0000182 seconds
[2019-12-08T10:12:34.609+0000][1][safepoint    ] Application time: 1.0000765 seconds
[2019-12-08T10:12:34.609+0000][1][safepoint    ] Entering safepoint region: Cleanup
[2019-12-08T10:12:34.609+0000][1][safepoint    ] Leaving safepoint region
[2019-12-08T10:12:34.609+0000][1][safepoint    ] Total time for which application threads were stopped: 0.0000674 seconds, Stopping threads took: 0.0000165 seconds
[2019-12-08T10:12:35.609+0000][1][safepoint    ] Application time: 1.0000835 seconds
[2019-12-08T10:12:35.609+0000][1][safepoint    ] Entering safepoint region: Cleanup
[2019-12-08T10:12:35.609+0000][1][safepoint    ] Leaving safepoint region
[2019-12-08T10:12:35.609+0000][1][safepoint    ] Total time for which application threads were stopped: 0.0000708 seconds, Stopping threads took: 0.0000162 seconds
[2019-12-08T10:12:36.609+0000][1][safepoint    ] Application time: 1.0000855 seconds
[2019-12-08T10:12:36.609+0000][1][safepoint    ] Entering safepoint region: Cleanup
[2019-12-08T10:12:36.609+0000][1][safepoint    ] Leaving safepoint region
[2019-12-08T10:12:36.609+0000][1][safepoint    ] Total time for which application threads were stopped: 0.0000685 seconds, Stopping threads took: 0.0000166 seconds
[2019-12-08T10:12:37.609+0000][1][safepoint    ] Application time: 1.0000764 seconds
[2019-12-08T10:12:37.609+0000][1][safepoint    ] Entering safepoint region: Cleanup
[2019-12-08T10:12:37.610+0000][1][safepoint    ] Leaving safepoint region
[2019-12-08T10:12:37.610+0000][1][safepoint    ] Total time for which application threads were stopped: 0.0000713 seconds, Stopping threads took: 0.0000192 seconds
[2019-12-08T10:12:38.610+0000][1][safepoint    ] Application time: 1.0000762 seconds
[2019-12-08T10:12:38.610+0000][1][safepoint    ] Entering safepoint region: Cleanup
[2019-12-08T10:12:38.610+0000][1][safepoint    ] Leaving safepoint region
[2019-12-08T10:12:38.610+0000][1][safepoint    ] Total time for which application threads were stopped: 0.0000813 seconds, Stopping threads took: 0.0000173 seconds
[2019-12-08T10:12:39.610+0000][1][safepoint    ] Application time: 1.0000746 seconds
[2019-12-08T10:12:39.610+0000][1][safepoint    ] Entering safepoint region: Cleanup
[2019-12-08T10:12:39.610+0000][1][safepoint    ] Leaving safepoint region
[2019-12-08T10:12:39.610+0000][1][safepoint    ] Total time for which application threads were stopped: 0.0000712 seconds, Stopping threads took: 0.0000182 seconds
[2019-12-08T10:12:40.610+0000][1][safepoint    ] Application time: 1.0000807 seconds
[2019-12-08T10:12:40.610+0000][1][safepoint    ] Entering safepoint region: Cleanup
[2019-12-08T10:12:40.610+0000][1][safepoint    ] Leaving safepoint region
[2019-12-08T10:12:40.610+0000][1][safepoint    ] Total time for which application threads were stopped: 0.0001065 seconds, Stopping threads took: 0.0000460 seconds
[2019-12-08T10:12:41.610+0000][1][safepoint    ] Application time: 1.0000921 seconds
[2019-12-08T10:12:41.610+0000][1][safepoint    ] Entering safepoint region: Cleanup
[2019-12-08T10:12:41.610+0000][1][safepoint    ] Leaving safepoint region
[2019-12-08T10:12:41.610+0000][1][safepoint    ] Total time for which application threads were stopped: 0.0000770 seconds, Stopping threads took: 0.0000250 seconds
[2019-12-08T10:12:42.610+0000][1][safepoint    ] Application time: 1.0000907 seconds
[2019-12-08T10:12:42.611+0000][1][safepoint    ] Entering safepoint region: Cleanup
[2019-12-08T10:12:42.611+0000][1][safepoint    ] Leaving safepoint region
[2019-12-08T10:12:42.611+0000][1][safepoint    ] Total time for which application threads were stopped: 0.0000814 seconds, Stopping threads took: 0.0000189 seconds
[2019-12-08T10:12:43.611+0000][1][safepoint    ] Application time: 1.0000784 seconds
[2019-12-08T10:12:43.611+0000][1][safepoint    ] Entering safepoint region: Cleanup
[2019-12-08T10:12:43.611+0000][1][safepoint    ] Leaving safepoint region
[2019-12-08T10:12:43.611+0000][1][safepoint    ] Total time for which application threads were stopped: 0.0000735 seconds, Stopping threads took: 0.0000196 seconds
[2019-12-08T10:12:44.611+0000][1][safepoint    ] Application time: 1.0000821 seconds
[2019-12-08T10:12:44.611+0000][1][safepoint    ] Entering safepoint region: Cleanup
[2019-12-08T10:12:44.611+0000][1][safepoint    ] Leaving safepoint region
[2019-12-08T10:12:44.611+0000][1][safepoint    ] Total time for which application threads were stopped: 0.0000686 seconds, Stopping threads took: 0.0000180 seconds
[2019-12-08T10:12:45.611+0000][1][safepoint    ] Application time: 1.0000809 seconds
[2019-12-08T10:12:45.611+0000][1][safepoint    ] Entering safepoint region: Cleanup
[2019-12-08T10:12:45.611+0000][1][safepoint    ] Leaving safepoint region
[2019-12-08T10:12:45.611+0000][1][safepoint    ] Total time for which application threads were stopped: 0.0001250 seconds, Stopping threads took: 0.0000497 seconds
[2019-12-08T10:12:46.611+0000][1][safepoint    ] Application time: 1.0000910 seconds
[2019-12-08T10:12:46.611+0000][1][safepoint    ] Entering safepoint region: Cleanup
[2019-12-08T10:12:46.611+0000][1][safepoint    ] Leaving safepoint region
[2019-12-08T10:12:46.611+0000][1][safepoint    ] Total time for which application threads were stopped: 0.0000690 seconds, Stopping threads took: 0.0000176 seconds
[2019-12-08T10:12:47.612+0000][1][safepoint    ] Application time: 1.0000832 seconds
[2019-12-08T10:12:47.612+0000][1][safepoint    ] Entering safepoint region: Cleanup
[2019-12-08T10:12:47.612+0000][1][safepoint    ] Leaving safepoint region
[2019-12-08T10:12:47.612+0000][1][safepoint    ] Total time for which application threads were stopped: 0.0000679 seconds, Stopping threads took: 0.0000169 seconds
[2019-12-08T10:12:48.612+0000][1][safepoint    ] Application time: 1.0000804 seconds
[2019-12-08T10:12:48.612+0000][1][safepoint    ] Entering safepoint region: Cleanup
[2019-12-08T10:12:48.612+0000][1][safepoint    ] Leaving safepoint region
[2019-12-08T10:12:48.612+0000][1][safepoint    ] Total time for which application threads were stopped: 0.0000690 seconds, Stopping threads took: 0.0000169 seconds
[2019-12-08T10:12:49.612+0000][1][safepoint    ] Application time: 1.0000828 seconds
[2019-12-08T10:12:49.612+0000][1][safepoint    ] Entering safepoint region: Cleanup
[2019-12-08T10:12:49.612+0000][1][safepoint    ] Leaving safepoint region
[2019-12-08T10:12:49.612+0000][1][safepoint    ] Total time for which application threads were stopped: 0.0000697 seconds, Stopping threads took: 0.0000184 seconds
[2019-12-08T10:12:50.612+0000][1][safepoint    ] Application time: 1.0000797 seconds
[2019-12-08T10:12:50.612+0000][1][safepoint    ] Entering safepoint region: Cleanup
[2019-12-08T10:12:50.612+0000][1][safepoint    ] Leaving safepoint region
[2019-12-08T10:12:50.612+0000][1][safepoint    ] Total time for which application threads were stopped: 0.0000695 seconds, Stopping threads took: 0.0000173 seconds
[2019-12-08T10:12:51.612+0000][1][safepoint    ] Application time: 1.0000810 seconds
[2019-12-08T10:12:51.612+0000][1][safepoint    ] Entering safepoint region: Cleanup
[2019-12-08T10:12:51.612+0000][1][safepoint    ] Leaving safepoint region
[2019-12-08T10:12:51.612+0000][1][safepoint    ] Total time for which application threads were stopped: 0.0000731 seconds, Stopping threads took: 0.0000169 seconds
[2019-12-08T10:12:52.612+0000][1][safepoint    ] Application time: 1.0000824 seconds
[2019-12-08T10:12:52.613+0000][1][safepoint    ] Entering safepoint region: Cleanup
[2019-12-08T10:12:52.613+0000][1][safepoint    ] Leaving safepoint region
[2019-12-08T10:12:52.613+0000][1][safepoint    ] Total time for which application threads were stopped: 0.0000703 seconds, Stopping threads took: 0.0000186 seconds
[2019-12-08T10:12:53.613+0000][1][safepoint    ] Application time: 1.0000809 seconds
[2019-12-08T10:12:53.613+0000][1][safepoint    ] Entering safepoint region: Cleanup
[2019-12-08T10:12:53.613+0000][1][safepoint    ] Leaving safepoint region
[2019-12-08T10:12:53.613+0000][1][safepoint    ] Total time for which application threads were stopped: 0.0000693 seconds, Stopping threads took: 0.0000183 seconds
[2019-12-08T10:12:54.613+0000][1][safepoint    ] Application time: 1.0000795 seconds
[2019-12-08T10:12:54.613+0000][1][safepoint    ] Entering safepoint region: Cleanup
[2019-12-08T10:12:54.613+0000][1][safepoint    ] Leaving safepoint region
[2019-12-08T10:12:54.613+0000][1][safepoint    ] Total time for which application threads were stopped: 0.0000723 seconds, Stopping threads took: 0.0000191 seconds
[2019-12-08T10:12:55.613+0000][1][safepoint    ] Application time: 1.0000807 seconds
[2019-12-08T10:12:55.613+0000][1][safepoint    ] Entering safepoint region: Cleanup
[2019-12-08T10:12:55.613+0000][1][safepoint    ] Leaving safepoint region
[2019-12-08T10:12:55.613+0000][1][safepoint    ] Total time for which application threads were stopped: 0.0000758 seconds, Stopping threads took: 0.0000186 seconds
[2019-12-08T10:12:56.613+0000][1][safepoint    ] Application time: 1.0000815 seconds
[2019-12-08T10:12:56.613+0000][1][safepoint    ] Entering safepoint region: Cleanup
[2019-12-08T10:12:56.613+0000][1][safepoint    ] Leaving safepoint region
[2019-12-08T10:12:56.613+0000][1][safepoint    ] Total time for which application threads were stopped: 0.0000683 seconds, Stopping threads took: 0.0000167 seconds
[2019-12-08T10:12:57.613+0000][1][safepoint    ] Application time: 1.0000802 seconds
[2019-12-08T10:12:57.614+0000][1][safepoint    ] Entering safepoint region: Cleanup
[2019-12-08T10:12:57.614+0000][1][safepoint    ] Leaving safepoint region
[2019-12-08T10:12:57.614+0000][1][safepoint    ] Total time for which application threads were stopped: 0.0000700 seconds, Stopping threads took: 0.0000182 seconds
[2019-12-08T10:12:58.614+0000][1][safepoint    ] Application time: 1.0000838 seconds
[2019-12-08T10:12:58.614+0000][1][safepoint    ] Entering safepoint region: Cleanup
[2019-12-08T10:12:58.614+0000][1][safepoint    ] Leaving safepoint region
[2019-12-08T10:12:58.614+0000][1][safepoint    ] Total time for which application threads were stopped: 0.0000708 seconds, Stopping threads took: 0.0000178 seconds
[2019-12-08T10:12:59.614+0000][1][safepoint    ] Application time: 1.0000783 seconds
[2019-12-08T10:12:59.614+0000][1][safepoint    ] Entering safepoint region: Cleanup
[2019-12-08T10:12:59.614+0000][1][safepoint    ] Leaving safepoint region
[2019-12-08T10:12:59.614+0000][1][safepoint    ] Total time for which application threads were stopped: 0.0000660 seconds, Stopping threads took: 0.0000169 seconds
[2019-12-08T10:13:00.614+0000][1][safepoint    ] Application time: 1.0000787 seconds
[2019-12-08T10:13:00.614+0000][1][safepoint    ] Entering safepoint region: Cleanup
[2019-12-08T10:13:00.614+0000][1][safepoint    ] Leaving safepoint region
[2019-12-08T10:13:00.614+0000][1][safepoint    ] Total time for which application threads were stopped: 0.0000684 seconds, Stopping threads took: 0.0000171 seconds
[2019-12-08T10:13:01.614+0000][1][safepoint    ] Application time: 1.0000906 seconds
[2019-12-08T10:13:01.614+0000][1][safepoint    ] Entering safepoint region: Cleanup
[2019-12-08T10:13:01.614+0000][1][safepoint    ] Leaving safepoint region
[2019-12-08T10:13:01.614+0000][1][safepoint    ] Total time for which application threads were stopped: 0.0000941 seconds, Stopping threads took: 0.0000239 seconds
[2019-12-08T10:13:02.614+0000][1][safepoint    ] Application time: 1.0000800 seconds
[2019-12-08T10:13:02.615+0000][1][safepoint    ] Entering safepoint region: Cleanup
[2019-12-08T10:13:02.615+0000][1][safepoint    ] Leaving safepoint region
[2019-12-08T10:13:02.615+0000][1][safepoint    ] Total time for which application threads were stopped: 0.0000678 seconds, Stopping threads took: 0.0000185 seconds
[2019-12-08T10:13:03.615+0000][1][safepoint    ] Application time: 1.0000753 seconds
[2019-12-08T10:13:03.615+0000][1][safepoint    ] Entering safepoint region: Cleanup
[2019-12-08T10:13:03.615+0000][1][safepoint    ] Leaving safepoint region
[2019-12-08T10:13:03.615+0000][1][safepoint    ] Total time for which application threads were stopped: 0.0000800 seconds, Stopping threads took: 0.0000298 seconds
[2019-12-08T10:13:04.615+0000][1][safepoint    ] Application time: 1.0000777 seconds
[2019-12-08T10:13:04.615+0000][1][safepoint    ] Entering safepoint region: Cleanup
[2019-12-08T10:13:04.615+0000][1][safepoint    ] Leaving safepoint region
[2019-12-08T10:13:04.615+0000][1][safepoint    ] Total time for which application threads were stopped: 0.0000678 seconds, Stopping threads took: 0.0000165 seconds
[2019-12-08T10:13:05.615+0000][1][safepoint    ] Application time: 1.0000795 seconds
[2019-12-08T10:13:05.615+0000][1][safepoint    ] Entering safepoint region: Cleanup
[2019-12-08T10:13:05.615+0000][1][safepoint    ] Leaving safepoint region
[2019-12-08T10:13:05.615+0000][1][safepoint    ] Total time for which application threads were stopped: 0.0000675 seconds, Stopping threads took: 0.0000177 seconds
[2019-12-08T10:13:06.615+0000][1][safepoint    ] Application time: 1.0000788 seconds
[2019-12-08T10:13:06.615+0000][1][safepoint    ] Entering safepoint region: Cleanup
[2019-12-08T10:13:06.615+0000][1][safepoint    ] Leaving safepoint region
[2019-12-08T10:13:06.615+0000][1][safepoint    ] Total time for which application threads were stopped: 0.0000670 seconds, Stopping threads took: 0.0000169 seconds
[2019-12-08T10:13:07.615+0000][1][safepoint    ] Application time: 1.0000870 seconds
[2019-12-08T10:13:07.615+0000][1][safepoint    ] Entering safepoint region: Cleanup
[2019-12-08T10:13:07.616+0000][1][safepoint    ] Leaving safepoint region
[2019-12-08T10:13:07.616+0000][1][safepoint    ] Total time for which application threads were stopped: 0.0000710 seconds, Stopping threads took: 0.0000186 seconds
[2019-12-08T10:13:08.616+0000][1][safepoint    ] Application time: 1.0000804 seconds
[2019-12-08T10:13:08.616+0000][1][safepoint    ] Entering safepoint region: Cleanup
[2019-12-08T10:13:08.616+0000][1][safepoint    ] Leaving safepoint region
[2019-12-08T10:13:08.616+0000][1][safepoint    ] Total time for which application threads were stopped: 0.0000775 seconds, Stopping threads took: 0.0000162 seconds
[2019-12-08T10:13:09.616+0000][1][safepoint    ] Application time: 1.0000818 seconds
[2019-12-08T10:13:09.616+0000][1][safepoint    ] Entering safepoint region: Cleanup
[2019-12-08T10:13:09.616+0000][1][safepoint    ] Leaving safepoint region
[2019-12-08T10:13:09.616+0000][1][safepoint    ] Total time for which application threads were stopped: 0.0000671 seconds, Stopping threads took: 0.0000167 seconds
[2019-12-08T10:13:10.616+0000][1][safepoint    ] Application time: 1.0000794 seconds
[2019-12-08T10:13:10.616+0000][1][safepoint    ] Entering safepoint region: Cleanup
[2019-12-08T10:13:10.616+0000][1][safepoint    ] Leaving safepoint region
[2019-12-08T10:13:10.616+0000][1][safepoint    ] Total time for which application threads were stopped: 0.0000684 seconds, Stopping threads took: 0.0000168 seconds
[2019-12-08T10:13:11.616+0000][1][safepoint    ] Application time: 1.0000786 seconds
[2019-12-08T10:13:11.616+0000][1][safepoint    ] Entering safepoint region: Cleanup
[2019-12-08T10:13:11.616+0000][1][safepoint    ] Leaving safepoint region
[2019-12-08T10:13:11.616+0000][1][safepoint    ] Total time for which application threads were stopped: 0.0000810 seconds, Stopping threads took: 0.0000246 seconds
[2019-12-08T10:13:12.616+0000][1][safepoint    ] Application time: 1.0000845 seconds
[2019-12-08T10:13:12.616+0000][1][safepoint    ] Entering safepoint region: Cleanup
[2019-12-08T10:13:12.616+0000][1][safepoint    ] Leaving safepoint region
[2019-12-08T10:13:12.617+0000][1][safepoint    ] Total time for which application threads were stopped: 0.0000692 seconds, Stopping threads took: 0.0000169 seconds
[2019-12-08T10:13:13.617+0000][1][safepoint    ] Application time: 1.0000790 seconds
[2019-12-08T10:13:13.617+0000][1][safepoint    ] Entering safepoint region: Cleanup
[2019-12-08T10:13:13.617+0000][1][safepoint    ] Leaving safepoint region
[2019-12-08T10:13:13.617+0000][1][safepoint    ] Total time for which application threads were stopped: 0.0000774 seconds, Stopping threads took: 0.0000180 seconds
[2019-12-08T10:13:14.617+0000][1][safepoint    ] Application time: 1.0000767 seconds
[2019-12-08T10:13:14.617+0000][1][safepoint    ] Entering safepoint region: Cleanup
[2019-12-08T10:13:14.617+0000][1][safepoint    ] Leaving safepoint region
[2019-12-08T10:13:14.617+0000][1][safepoint    ] Total time for which application threads were stopped: 0.0000694 seconds, Stopping threads took: 0.0000178 seconds
[2019-12-08T10:13:15.617+0000][1][safepoint    ] Application time: 1.0000778 seconds
[2019-12-08T10:13:15.617+0000][1][safepoint    ] Entering safepoint region: Cleanup
[2019-12-08T10:13:15.617+0000][1][safepoint    ] Leaving safepoint region
[2019-12-08T10:13:15.617+0000][1][safepoint    ] Total time for which application threads were stopped: 0.0000699 seconds, Stopping threads took: 0.0000177 seconds
[2019-12-08T10:13:16.617+0000][1][safepoint    ] Application time: 1.0000787 seconds
[2019-12-08T10:13:16.617+0000][1][safepoint    ] Entering safepoint region: Cleanup
[2019-12-08T10:13:16.617+0000][1][safepoint    ] Leaving safepoint region
[2019-12-08T10:13:16.617+0000][1][safepoint    ] Total time for which application threads were stopped: 0.0000718 seconds, Stopping threads took: 0.0000163 seconds
[2019-12-08T10:13:17.617+0000][1][safepoint    ] Application time: 1.0000828 seconds
[2019-12-08T10:13:17.617+0000][1][safepoint    ] Entering safepoint region: Cleanup
[2019-12-08T10:13:17.617+0000][1][safepoint    ] Leaving safepoint region
[2019-12-08T10:13:17.617+0000][1][safepoint    ] Total time for which application threads were stopped: 0.0000702 seconds, Stopping threads took: 0.0000183 seconds
[2019-12-08T10:13:18.618+0000][1][safepoint    ] Application time: 1.0000940 seconds
[2019-12-08T10:13:18.618+0000][1][safepoint    ] Entering safepoint region: Cleanup
[2019-12-08T10:13:18.618+0000][1][safepoint    ] Leaving safepoint region
[2019-12-08T10:13:18.618+0000][1][safepoint    ] Total time for which application threads were stopped: 0.0000974 seconds, Stopping threads took: 0.0000200 seconds
[2019-12-08T10:13:19.618+0000][1][safepoint    ] Application time: 1.0000826 seconds
[2019-12-08T10:13:19.618+0000][1][safepoint    ] Entering safepoint region: Cleanup
[2019-12-08T10:13:19.618+0000][1][safepoint    ] Leaving safepoint region
[2019-12-08T10:13:19.618+0000][1][safepoint    ] Total time for which application threads were stopped: 0.0000695 seconds, Stopping threads took: 0.0000181 seconds
[2019-12-08T10:13:20.618+0000][1][safepoint    ] Application time: 1.0000865 seconds
[2019-12-08T10:13:20.618+0000][1][safepoint    ] Entering safepoint region: Cleanup
[2019-12-08T10:13:20.618+0000][1][safepoint    ] Leaving safepoint region
[2019-12-08T10:13:20.618+0000][1][safepoint    ] Total time for which application threads were stopped: 0.0000678 seconds, Stopping threads took: 0.0000177 seconds
[2019-12-08T10:13:21.618+0000][1][safepoint    ] Application time: 1.0000831 seconds
[2019-12-08T10:13:21.618+0000][1][safepoint    ] Entering safepoint region: Cleanup
[2019-12-08T10:13:21.618+0000][1][safepoint    ] Leaving safepoint region
[2019-12-08T10:13:21.618+0000][1][safepoint    ] Total time for which application threads were stopped: 0.0000741 seconds, Stopping threads took: 0.0000173 seconds
[2019-12-08T10:13:22.618+0000][1][safepoint    ] Application time: 1.0000807 seconds
[2019-12-08T10:13:22.618+0000][1][safepoint    ] Entering safepoint region: Cleanup
[2019-12-08T10:13:22.618+0000][1][safepoint    ] Leaving safepoint region
[2019-12-08T10:13:22.619+0000][1][safepoint    ] Total time for which application threads were stopped: 0.0000691 seconds, Stopping threads took: 0.0000176 seconds
[2019-12-08T10:13:23.619+0000][1][safepoint    ] Application time: 1.0000833 seconds
[2019-12-08T10:13:23.619+0000][1][safepoint    ] Entering safepoint region: Cleanup
[2019-12-08T10:13:23.619+0000][1][safepoint    ] Leaving safepoint region
[2019-12-08T10:13:23.619+0000][1][safepoint    ] Total time for which application threads were stopped: 0.0000812 seconds, Stopping threads took: 0.0000171 seconds
[2019-12-08T10:13:24.619+0000][1][safepoint    ] Application time: 1.0000770 seconds
[2019-12-08T10:13:24.619+0000][1][safepoint    ] Entering safepoint region: Cleanup
[2019-12-08T10:13:24.619+0000][1][safepoint    ] Leaving safepoint region
[2019-12-08T10:13:24.619+0000][1][safepoint    ] Total time for which application threads were stopped: 0.0000684 seconds, Stopping threads took: 0.0000174 seconds
[2019-12-08T10:13:25.619+0000][1][safepoint    ] Application time: 1.0000772 seconds
[2019-12-08T10:13:25.619+0000][1][safepoint    ] Entering safepoint region: Cleanup
[2019-12-08T10:13:25.619+0000][1][safepoint    ] Leaving safepoint region
[2019-12-08T10:13:25.619+0000][1][safepoint    ] Total time for which application threads were stopped: 0.0000716 seconds, Stopping threads took: 0.0000182 seconds
[2019-12-08T10:13:26.619+0000][1][safepoint    ] Application time: 1.0000781 seconds
[2019-12-08T10:13:26.619+0000][1][safepoint    ] Entering safepoint region: Cleanup
[2019-12-08T10:13:26.619+0000][1][safepoint    ] Leaving safepoint region
[2019-12-08T10:13:26.619+0000][1][safepoint    ] Total time for which application threads were stopped: 0.0000758 seconds, Stopping threads took: 0.0000246 seconds
[2019-12-08T10:13:27.619+0000][1][safepoint    ] Application time: 1.0000858 seconds
[2019-12-08T10:13:27.619+0000][1][safepoint    ] Entering safepoint region: Cleanup
[2019-12-08T10:13:27.619+0000][1][safepoint    ] Leaving safepoint region
[2019-12-08T10:13:27.619+0000][1][safepoint    ] Total time for which application threads were stopped: 0.0000686 seconds, Stopping threads took: 0.0000178 seconds
[2019-12-08T10:13:28.620+0000][1][safepoint    ] Application time: 1.0000824 seconds
[2019-12-08T10:13:28.620+0000][1][safepoint    ] Entering safepoint region: Cleanup
[2019-12-08T10:13:28.620+0000][1][safepoint    ] Leaving safepoint region
[2019-12-08T10:13:28.620+0000][1][safepoint    ] Total time for which application threads were stopped: 0.0000818 seconds, Stopping threads took: 0.0000177 seconds
[2019-12-08T10:13:29.620+0000][1][safepoint    ] Application time: 1.0000776 seconds
[2019-12-08T10:13:29.620+0000][1][safepoint    ] Entering safepoint region: Cleanup
[2019-12-08T10:13:29.620+0000][1][safepoint    ] Leaving safepoint region
[2019-12-08T10:13:29.620+0000][1][safepoint    ] Total time for which application threads were stopped: 0.0000764 seconds, Stopping threads took: 0.0000225 seconds
[2019-12-08T10:13:30.620+0000][1][safepoint    ] Application time: 1.0000887 seconds
[2019-12-08T10:13:30.620+0000][1][safepoint    ] Entering safepoint region: Cleanup
[2019-12-08T10:13:30.620+0000][1][safepoint    ] Leaving safepoint region
[2019-12-08T10:13:30.620+0000][1][safepoint    ] Total time for which application threads were stopped: 0.0000720 seconds, Stopping threads took: 0.0000183 seconds
[2019-12-08T10:13:32.574+0000][1][safepoint    ] Application time: 1.9540460 seconds
[2019-12-08T10:13:32.574+0000][1][safepoint    ] Entering safepoint region: Cleanup
[2019-12-08T10:13:32.574+0000][1][safepoint    ] Leaving safepoint region
[2019-12-08T10:13:32.574+0000][1][safepoint    ] Total time for which application threads were stopped: 0.0000700 seconds, Stopping threads took: 0.0000179 seconds
[2019-12-08T10:13:33.574+0000][1][safepoint    ] Application time: 1.0000795 seconds
[2019-12-08T10:13:33.574+0000][1][safepoint    ] Entering safepoint region: Cleanup
[2019-12-08T10:13:33.574+0000][1][safepoint    ] Leaving safepoint region
[2019-12-08T10:13:33.574+0000][1][safepoint    ] Total time for which application threads were stopped: 0.0000711 seconds, Stopping threads took: 0.0000182 seconds
[2019-12-08T10:13:34.575+0000][1][safepoint    ] Application time: 1.0000880 seconds
[2019-12-08T10:13:34.575+0000][1][safepoint    ] Entering safepoint region: Cleanup
[2019-12-08T10:13:34.575+0000][1][safepoint    ] Leaving safepoint region
[2019-12-08T10:13:34.575+0000][1][safepoint    ] Total time for which application threads were stopped: 0.0000718 seconds, Stopping threads took: 0.0000178 seconds
[2019-12-08T10:13:35.575+0000][1][safepoint    ] Application time: 1.0000901 seconds
[2019-12-08T10:13:35.575+0000][1][safepoint    ] Entering safepoint region: Cleanup
[2019-12-08T10:13:35.575+0000][1][safepoint    ] Leaving safepoint region
[2019-12-08T10:13:35.575+0000][1][safepoint    ] Total time for which application threads were stopped: 0.0000709 seconds, Stopping threads took: 0.0000171 seconds
[2019-12-08T10:13:36.575+0000][1][safepoint    ] Application time: 1.0000762 seconds
[2019-12-08T10:13:36.575+0000][1][safepoint    ] Entering safepoint region: Cleanup
[2019-12-08T10:13:36.575+0000][1][safepoint    ] Leaving safepoint region
[2019-12-08T10:13:36.575+0000][1][safepoint    ] Total time for which application threads were stopped: 0.0000723 seconds, Stopping threads took: 0.0000182 seconds
[2019-12-08T10:13:37.575+0000][1][safepoint    ] Application time: 1.0000784 seconds
[2019-12-08T10:13:37.575+0000][1][safepoint    ] Entering safepoint region: Cleanup
[2019-12-08T10:13:37.575+0000][1][safepoint    ] Leaving safepoint region
[2019-12-08T10:13:37.575+0000][1][safepoint    ] Total time for which application threads were stopped: 0.0000712 seconds, Stopping threads took: 0.0000180 seconds
[2019-12-08T10:13:38.575+0000][1][safepoint    ] Application time: 1.0000776 seconds
[2019-12-08T10:13:38.575+0000][1][safepoint    ] Entering safepoint region: Cleanup
[2019-12-08T10:13:38.575+0000][1][safepoint    ] Leaving safepoint region
[2019-12-08T10:13:38.575+0000][1][safepoint    ] Total time for which application threads were stopped: 0.0000682 seconds, Stopping threads took: 0.0000178 seconds
[2019-12-08T10:13:39.576+0000][1][safepoint    ] Application time: 1.0000764 seconds
[2019-12-08T10:13:39.576+0000][1][safepoint    ] Entering safepoint region: Cleanup
[2019-12-08T10:13:39.576+0000][1][safepoint    ] Leaving safepoint region
[2019-12-08T10:13:39.576+0000][1][safepoint    ] Total time for which application threads were stopped: 0.0000759 seconds, Stopping threads took: 0.0000175 seconds
[2019-12-08T10:13:40.576+0000][1][safepoint    ] Application time: 1.0000801 seconds
[2019-12-08T10:13:40.576+0000][1][safepoint    ] Entering safepoint region: Cleanup
[2019-12-08T10:13:40.576+0000][1][safepoint    ] Leaving safepoint region
[2019-12-08T10:13:40.576+0000][1][safepoint    ] Total time for which application threads were stopped: 0.0000711 seconds, Stopping threads took: 0.0000186 seconds
[2019-12-08T10:13:41.576+0000][1][safepoint    ] Application time: 1.0000842 seconds
[2019-12-08T10:13:41.576+0000][1][safepoint    ] Entering safepoint region: Cleanup
[2019-12-08T10:13:41.576+0000][1][safepoint    ] Leaving safepoint region
[2019-12-08T10:13:41.576+0000][1][safepoint    ] Total time for which application threads were stopped: 0.0000895 seconds, Stopping threads took: 0.0000236 seconds
[2019-12-08T10:13:42.576+0000][1][safepoint    ] Application time: 1.0000816 seconds
[2019-12-08T10:13:42.576+0000][1][safepoint    ] Entering safepoint region: Cleanup
[2019-12-08T10:13:42.576+0000][1][safepoint    ] Leaving safepoint region
[2019-12-08T10:13:42.576+0000][1][safepoint    ] Total time for which application threads were stopped: 0.0000826 seconds, Stopping threads took: 0.0000265 seconds
[2019-12-08T10:13:43.576+0000][1][safepoint    ] Application time: 1.0000802 seconds
[2019-12-08T10:13:43.576+0000][1][safepoint    ] Entering safepoint region: Cleanup
[2019-12-08T10:13:43.576+0000][1][safepoint    ] Leaving safepoint region
[2019-12-08T10:13:43.576+0000][1][safepoint    ] Total time for which application threads were stopped: 0.0000740 seconds, Stopping threads took: 0.0000188 seconds
[2019-12-08T10:13:44.577+0000][1][safepoint    ] Application time: 1.0000781 seconds
[2019-12-08T10:13:44.577+0000][1][safepoint    ] Entering safepoint region: Cleanup
[2019-12-08T10:13:44.577+0000][1][safepoint    ] Leaving safepoint region
[2019-12-08T10:13:44.577+0000][1][safepoint    ] Total time for which application threads were stopped: 0.0000707 seconds, Stopping threads took: 0.0000187 seconds
[2019-12-08T10:13:45.577+0000][1][safepoint    ] Application time: 1.0000792 seconds
[2019-12-08T10:13:45.577+0000][1][safepoint    ] Entering safepoint region: Cleanup
[2019-12-08T10:13:45.577+0000][1][safepoint    ] Leaving safepoint region
[2019-12-08T10:13:45.577+0000][1][safepoint    ] Total time for which application threads were stopped: 0.0000714 seconds, Stopping threads took: 0.0000179 seconds
[2019-12-08T10:13:46.577+0000][1][safepoint    ] Application time: 1.0000795 seconds
[2019-12-08T10:13:46.577+0000][1][safepoint    ] Entering safepoint region: Cleanup
[2019-12-08T10:13:46.577+0000][1][safepoint    ] Leaving safepoint region
[2019-12-08T10:13:46.577+0000][1][safepoint    ] Total time for which application threads were stopped: 0.0000690 seconds, Stopping threads took: 0.0000183 seconds
[2019-12-08T10:13:47.577+0000][1][safepoint    ] Application time: 1.0000768 seconds
[2019-12-08T10:13:47.577+0000][1][safepoint    ] Entering safepoint region: Cleanup
[2019-12-08T10:13:47.577+0000][1][safepoint    ] Leaving safepoint region
[2019-12-08T10:13:47.577+0000][1][safepoint    ] Total time for which application threads were stopped: 0.0000693 seconds, Stopping threads took: 0.0000176 seconds
[2019-12-08T10:13:48.577+0000][1][safepoint    ] Application time: 1.0000839 seconds
[2019-12-08T10:13:48.577+0000][1][safepoint    ] Entering safepoint region: Cleanup
[2019-12-08T10:13:48.577+0000][1][safepoint    ] Leaving safepoint region
[2019-12-08T10:13:48.577+0000][1][safepoint    ] Total time for which application threads were stopped: 0.0000709 seconds, Stopping threads took: 0.0000179 seconds
[2019-12-08T10:13:49.578+0000][1][safepoint    ] Application time: 1.0000821 seconds
[2019-12-08T10:13:49.578+0000][1][safepoint    ] Entering safepoint region: Cleanup
[2019-12-08T10:13:49.578+0000][1][safepoint    ] Leaving safepoint region
[2019-12-08T10:13:49.578+0000][1][safepoint    ] Total time for which application threads were stopped: 0.0000780 seconds, Stopping threads took: 0.0000260 seconds
[2019-12-08T10:13:50.578+0000][1][safepoint    ] Application time: 1.0000770 seconds
[2019-12-08T10:13:50.578+0000][1][safepoint    ] Entering safepoint region: Cleanup
[2019-12-08T10:13:50.578+0000][1][safepoint    ] Leaving safepoint region
[2019-12-08T10:13:50.578+0000][1][safepoint    ] Total time for which application threads were stopped: 0.0000691 seconds, Stopping threads took: 0.0000183 seconds
[2019-12-08T10:13:51.578+0000][1][safepoint    ] Application time: 1.0000813 seconds
[2019-12-08T10:13:51.578+0000][1][safepoint    ] Entering safepoint region: Cleanup
[2019-12-08T10:13:51.578+0000][1][safepoint    ] Leaving safepoint region
[2019-12-08T10:13:51.578+0000][1][safepoint    ] Total time for which application threads were stopped: 0.0000746 seconds, Stopping threads took: 0.0000170 seconds
[2019-12-08T10:13:52.578+0000][1][safepoint    ] Application time: 1.0000872 seconds
[2019-12-08T10:13:52.578+0000][1][safepoint    ] Entering safepoint region: Cleanup
[2019-12-08T10:13:52.578+0000][1][safepoint    ] Leaving safepoint region
[2019-12-08T10:13:52.578+0000][1][safepoint    ] Total time for which application threads were stopped: 0.0000713 seconds, Stopping threads took: 0.0000188 seconds
[2019-12-08T10:13:53.578+0000][1][safepoint    ] Application time: 1.0000835 seconds
[2019-12-08T10:13:53.578+0000][1][safepoint    ] Entering safepoint region: Cleanup
[2019-12-08T10:13:53.578+0000][1][safepoint    ] Leaving safepoint region
[2019-12-08T10:13:53.578+0000][1][safepoint    ] Total time for which application threads were stopped: 0.0000713 seconds, Stopping threads took: 0.0000189 seconds
[2019-12-08T10:13:54.578+0000][1][safepoint    ] Application time: 1.0000807 seconds
[2019-12-08T10:13:54.579+0000][1][safepoint    ] Entering safepoint region: Cleanup
[2019-12-08T10:13:54.579+0000][1][safepoint    ] Leaving safepoint region
[2019-12-08T10:13:54.579+0000][1][safepoint    ] Total time for which application threads were stopped: 0.0000709 seconds, Stopping threads took: 0.0000178 seconds
[2019-12-08T10:13:55.579+0000][1][safepoint    ] Application time: 1.0000925 seconds
[2019-12-08T10:13:55.579+0000][1][safepoint    ] Entering safepoint region: Cleanup
[2019-12-08T10:13:55.579+0000][1][safepoint    ] Leaving safepoint region
[2019-12-08T10:13:55.579+0000][1][safepoint    ] Total time for which application threads were stopped: 0.0000677 seconds, Stopping threads took: 0.0000165 seconds
[2019-12-08T10:13:56.579+0000][1][safepoint    ] Application time: 1.0000796 seconds
[2019-12-08T10:13:56.579+0000][1][safepoint    ] Entering safepoint region: Cleanup
[2019-12-08T10:13:56.579+0000][1][safepoint    ] Leaving safepoint region
[2019-12-08T10:13:56.579+0000][1][safepoint    ] Total time for which application threads were stopped: 0.0000702 seconds, Stopping threads took: 0.0000168 seconds
[2019-12-08T10:13:57.579+0000][1][safepoint    ] Application time: 1.0000755 seconds
[2019-12-08T10:13:57.579+0000][1][safepoint    ] Entering safepoint region: Cleanup
[2019-12-08T10:13:57.579+0000][1][safepoint    ] Leaving safepoint region
[2019-12-08T10:13:57.579+0000][1][safepoint    ] Total time for which application threads were stopped: 0.0000703 seconds, Stopping threads took: 0.0000185 seconds
[2019-12-08T10:13:58.579+0000][1][safepoint    ] Application time: 1.0000849 seconds
[2019-12-08T10:13:58.579+0000][1][safepoint    ] Entering safepoint region: Cleanup
[2019-12-08T10:13:58.579+0000][1][safepoint    ] Leaving safepoint region
[2019-12-08T10:13:58.579+0000][1][safepoint    ] Total time for which application threads were stopped: 0.0000681 seconds, Stopping threads took: 0.0000172 seconds
[2019-12-08T10:13:59.579+0000][1][safepoint    ] Application time: 1.0000822 seconds
[2019-12-08T10:13:59.580+0000][1][safepoint    ] Entering safepoint region: Cleanup
[2019-12-08T10:13:59.580+0000][1][safepoint    ] Leaving safepoint region
[2019-12-08T10:13:59.580+0000][1][safepoint    ] Total time for which application threads were stopped: 0.0000786 seconds, Stopping threads took: 0.0000265 seconds
[2019-12-08T10:14:00.580+0000][1][safepoint    ] Application time: 1.0000843 seconds
[2019-12-08T10:14:00.580+0000][1][safepoint    ] Entering safepoint region: Cleanup
[2019-12-08T10:14:00.580+0000][1][safepoint    ] Leaving safepoint region
[2019-12-08T10:14:00.580+0000][1][safepoint    ] Total time for which application threads were stopped: 0.0000679 seconds, Stopping threads took: 0.0000180 seconds
[2019-12-08T10:14:01.580+0000][1][safepoint    ] Application time: 1.0000883 seconds
[2019-12-08T10:14:01.580+0000][1][safepoint    ] Entering safepoint region: Cleanup
[2019-12-08T10:14:01.580+0000][1][safepoint    ] Leaving safepoint region
[2019-12-08T10:14:01.580+0000][1][safepoint    ] Total time for which application threads were stopped: 0.0001312 seconds, Stopping threads took: 0.0000284 seconds
[2019-12-08T10:14:02.580+0000][1][safepoint    ] Application time: 1.0000947 seconds
[2019-12-08T10:14:02.580+0000][1][safepoint    ] Entering safepoint region: Cleanup
[2019-12-08T10:14:02.580+0000][1][safepoint    ] Leaving safepoint region
[2019-12-08T10:14:02.580+0000][1][safepoint    ] Total time for which application threads were stopped: 0.0000730 seconds, Stopping threads took: 0.0000181 seconds
[2019-12-08T10:14:03.580+0000][1][safepoint    ] Application time: 1.0000953 seconds
[2019-12-08T10:14:03.580+0000][1][safepoint    ] Entering safepoint region: Cleanup
[2019-12-08T10:14:03.580+0000][1][safepoint    ] Leaving safepoint region
[2019-12-08T10:14:03.580+0000][1][safepoint    ] Total time for which application threads were stopped: 0.0000707 seconds, Stopping threads took: 0.0000185 seconds
[2019-12-08T10:14:04.581+0000][1][safepoint    ] Application time: 1.0000934 seconds
[2019-12-08T10:14:04.581+0000][1][safepoint    ] Entering safepoint region: Cleanup
[2019-12-08T10:14:04.581+0000][1][safepoint    ] Leaving safepoint region
[2019-12-08T10:14:04.581+0000][1][safepoint    ] Total time for which application threads were stopped: 0.0000886 seconds, Stopping threads took: 0.0000181 seconds
[2019-12-08T10:14:05.581+0000][1][safepoint    ] Application time: 1.0000994 seconds
[2019-12-08T10:14:05.581+0000][1][safepoint    ] Entering safepoint region: Cleanup
[2019-12-08T10:14:05.581+0000][1][safepoint    ] Leaving safepoint region
[2019-12-08T10:14:05.581+0000][1][safepoint    ] Total time for which application threads were stopped: 0.0000709 seconds, Stopping threads took: 0.0000183 seconds
[2019-12-08T10:14:06.581+0000][1][safepoint    ] Application time: 1.0000918 seconds
[2019-12-08T10:14:06.581+0000][1][safepoint    ] Entering safepoint region: Cleanup
[2019-12-08T10:14:06.581+0000][1][safepoint    ] Leaving safepoint region
[2019-12-08T10:14:06.581+0000][1][safepoint    ] Total time for which application threads were stopped: 0.0000717 seconds, Stopping threads took: 0.0000181 seconds
[2019-12-08T10:14:07.581+0000][1][safepoint    ] Application time: 1.0000843 seconds
[2019-12-08T10:14:07.581+0000][1][safepoint    ] Entering safepoint region: Cleanup
[2019-12-08T10:14:07.581+0000][1][safepoint    ] Leaving safepoint region
[2019-12-08T10:14:07.581+0000][1][safepoint    ] Total time for which application threads were stopped: 0.0000684 seconds, Stopping threads took: 0.0000184 seconds
[2019-12-08T10:14:08.581+0000][1][safepoint    ] Application time: 1.0000838 seconds
[2019-12-08T10:14:08.581+0000][1][safepoint    ] Entering safepoint region: Cleanup
[2019-12-08T10:14:08.582+0000][1][safepoint    ] Leaving safepoint region
[2019-12-08T10:14:08.582+0000][1][safepoint    ] Total time for which application threads were stopped: 0.0000686 seconds, Stopping threads took: 0.0000179 seconds
[2019-12-08T10:14:09.582+0000][1][safepoint    ] Application time: 1.0000900 seconds
[2019-12-08T10:14:09.582+0000][1][safepoint    ] Entering safepoint region: Cleanup
[2019-12-08T10:14:09.582+0000][1][safepoint    ] Leaving safepoint region
[2019-12-08T10:14:09.582+0000][1][safepoint    ] Total time for which application threads were stopped: 0.0000909 seconds, Stopping threads took: 0.0000379 seconds
[2019-12-08T10:14:10.582+0000][1][safepoint    ] Application time: 1.0000870 seconds
[2019-12-08T10:14:10.582+0000][1][safepoint    ] Entering safepoint region: Cleanup
[2019-12-08T10:14:10.582+0000][1][safepoint    ] Leaving safepoint region
[2019-12-08T10:14:10.582+0000][1][safepoint    ] Total time for which application threads were stopped: 0.0000689 seconds, Stopping threads took: 0.0000177 seconds
[2019-12-08T10:14:11.582+0000][1][safepoint    ] Application time: 1.0000793 seconds
[2019-12-08T10:14:11.582+0000][1][safepoint    ] Entering safepoint region: Cleanup
[2019-12-08T10:14:11.582+0000][1][safepoint    ] Leaving safepoint region
[2019-12-08T10:14:11.582+0000][1][safepoint    ] Total time for which application threads were stopped: 0.0000679 seconds, Stopping threads took: 0.0000176 seconds
[2019-12-08T10:14:12.582+0000][1][safepoint    ] Application time: 1.0000863 seconds
[2019-12-08T10:14:12.582+0000][1][safepoint    ] Entering safepoint region: Cleanup
[2019-12-08T10:14:12.582+0000][1][safepoint    ] Leaving safepoint region
[2019-12-08T10:14:12.582+0000][1][safepoint    ] Total time for which application threads were stopped: 0.0000700 seconds, Stopping threads took: 0.0000182 seconds
[2019-12-08T10:14:13.582+0000][1][safepoint    ] Application time: 1.0000829 seconds
[2019-12-08T10:14:13.582+0000][1][safepoint    ] Entering safepoint region: Cleanup
[2019-12-08T10:14:13.583+0000][1][safepoint    ] Leaving safepoint region
[2019-12-08T10:14:13.583+0000][1][safepoint    ] Total time for which application threads were stopped: 0.0000716 seconds, Stopping threads took: 0.0000190 seconds
[2019-12-08T10:14:14.583+0000][1][safepoint    ] Application time: 1.0000791 seconds
[2019-12-08T10:14:14.583+0000][1][safepoint    ] Entering safepoint region: Cleanup
[2019-12-08T10:14:14.583+0000][1][safepoint    ] Leaving safepoint region
[2019-12-08T10:14:14.583+0000][1][safepoint    ] Total time for which application threads were stopped: 0.0000794 seconds, Stopping threads took: 0.0000275 seconds
[2019-12-08T10:14:15.583+0000][1][safepoint    ] Application time: 1.0000806 seconds
[2019-12-08T10:14:15.583+0000][1][safepoint    ] Entering safepoint region: Cleanup
[2019-12-08T10:14:15.583+0000][1][safepoint    ] Leaving safepoint region
[2019-12-08T10:14:15.583+0000][1][safepoint    ] Total time for which application threads were stopped: 0.0000699 seconds, Stopping threads took: 0.0000176 seconds
[2019-12-08T10:14:16.583+0000][1][safepoint    ] Application time: 1.0000816 seconds
[2019-12-08T10:14:16.583+0000][1][safepoint    ] Entering safepoint region: Cleanup
[2019-12-08T10:14:16.583+0000][1][safepoint    ] Leaving safepoint region
[2019-12-08T10:14:16.583+0000][1][safepoint    ] Total time for which application threads were stopped: 0.0000725 seconds, Stopping threads took: 0.0000178 seconds
[2019-12-08T10:14:17.583+0000][1][safepoint    ] Application time: 1.0000795 seconds
[2019-12-08T10:14:17.583+0000][1][safepoint    ] Entering safepoint region: Cleanup
[2019-12-08T10:14:17.583+0000][1][safepoint    ] Leaving safepoint region
[2019-12-08T10:14:17.583+0000][1][safepoint    ] Total time for which application threads were stopped: 0.0000678 seconds, Stopping threads took: 0.0000173 seconds
[2019-12-08T10:14:18.583+0000][1][safepoint    ] Application time: 1.0000843 seconds
[2019-12-08T10:14:18.583+0000][1][safepoint    ] Entering safepoint region: Cleanup
[2019-12-08T10:14:18.584+0000][1][safepoint    ] Leaving safepoint region
[2019-12-08T10:14:18.584+0000][1][safepoint    ] Total time for which application threads were stopped: 0.0000687 seconds, Stopping threads took: 0.0000185 seconds
[2019-12-08T10:14:19.584+0000][1][safepoint    ] Application time: 1.0000812 seconds
[2019-12-08T10:14:19.584+0000][1][safepoint    ] Entering safepoint region: Cleanup
[2019-12-08T10:14:19.584+0000][1][safepoint    ] Leaving safepoint region
[2019-12-08T10:14:19.584+0000][1][safepoint    ] Total time for which application threads were stopped: 0.0000953 seconds, Stopping threads took: 0.0000311 seconds
[2019-12-08T10:14:20.584+0000][1][safepoint    ] Application time: 1.0000783 seconds
[2019-12-08T10:14:20.584+0000][1][safepoint    ] Entering safepoint region: Cleanup
[2019-12-08T10:14:20.584+0000][1][safepoint    ] Leaving safepoint region
[2019-12-08T10:14:20.584+0000][1][safepoint    ] Total time for which application threads were stopped: 0.0000684 seconds, Stopping threads took: 0.0000178 seconds
[2019-12-08T10:14:21.584+0000][1][safepoint    ] Application time: 1.0000802 seconds
[2019-12-08T10:14:21.584+0000][1][safepoint    ] Entering safepoint region: Cleanup
[2019-12-08T10:14:21.584+0000][1][safepoint    ] Leaving safepoint region
[2019-12-08T10:14:21.584+0000][1][safepoint    ] Total time for which application threads were stopped: 0.0000694 seconds, Stopping threads took: 0.0000184 seconds
[2019-12-08T10:14:22.584+0000][1][safepoint    ] Application time: 1.0000791 seconds
[2019-12-08T10:14:22.584+0000][1][safepoint    ] Entering safepoint region: Cleanup
[2019-12-08T10:14:22.584+0000][1][safepoint    ] Leaving safepoint region
[2019-12-08T10:14:22.584+0000][1][safepoint    ] Total time for which application threads were stopped: 0.0000697 seconds, Stopping threads took: 0.0000178 seconds
[2019-12-08T10:14:23.584+0000][1][safepoint    ] Application time: 1.0000857 seconds
[2019-12-08T10:14:23.584+0000][1][safepoint    ] Entering safepoint region: Cleanup
[2019-12-08T10:14:23.585+0000][1][safepoint    ] Leaving safepoint region
[2019-12-08T10:14:23.585+0000][1][safepoint    ] Total time for which application threads were stopped: 0.0000671 seconds, Stopping threads took: 0.0000172 seconds
[2019-12-08T10:14:24.585+0000][1][safepoint    ] Application time: 1.0000946 seconds
[2019-12-08T10:14:24.585+0000][1][safepoint    ] Entering safepoint region: Cleanup
[2019-12-08T10:14:24.585+0000][1][safepoint    ] Leaving safepoint region
[2019-12-08T10:14:24.585+0000][1][safepoint    ] Total time for which application threads were stopped: 0.0000869 seconds, Stopping threads took: 0.0000180 seconds
[2019-12-08T10:14:25.585+0000][1][safepoint    ] Application time: 1.0000820 seconds
[2019-12-08T10:14:25.585+0000][1][safepoint    ] Entering safepoint region: Cleanup
[2019-12-08T10:14:25.585+0000][1][safepoint    ] Leaving safepoint region
[2019-12-08T10:14:25.585+0000][1][safepoint    ] Total time for which application threads were stopped: 0.0000668 seconds, Stopping threads took: 0.0000169 seconds
[2019-12-08T10:14:25.957+0000][1][safepoint    ] Application time: 0.3721673 seconds
[2019-12-08T10:14:25.957+0000][1][safepoint    ] Entering safepoint region: GenCollectForAllocation
[2019-12-08T10:14:25.957+0000][1][gc,start     ] GC(27) Pause Young (Allocation Failure)
[2019-12-08T10:14:25.957+0000][1][gc,task      ] GC(27) Using 4 workers of 4 for evacuation
[2019-12-08T10:14:25.962+0000][1][gc,age       ] GC(27) Desired survivor size 4456448 bytes, new threshold 6 (max threshold 6)
[2019-12-08T10:14:25.962+0000][1][gc,age       ] GC(27) Age table with threshold 6 (max threshold 6)
[2019-12-08T10:14:25.962+0000][1][gc,age       ] GC(27) - age   1:       4680 bytes,       4680 total
[2019-12-08T10:14:25.962+0000][1][gc,age       ] GC(27) - age   2:       4008 bytes,       8688 total
[2019-12-08T10:14:25.962+0000][1][gc,age       ] GC(27) - age   3:       4144 bytes,      12832 total
[2019-12-08T10:14:25.962+0000][1][gc,age       ] GC(27) - age   4:       7440 bytes,      20272 total
[2019-12-08T10:14:25.962+0000][1][gc,age       ] GC(27) - age   5:       7864 bytes,      28136 total
[2019-12-08T10:14:25.962+0000][1][gc,age       ] GC(27) - age   6:     586888 bytes,     615024 total
[2019-12-08T10:14:25.962+0000][1][gc,heap      ] GC(27) ParNew: 74237K->2648K(78656K)
[2019-12-08T10:14:25.962+0000][1][gc,heap      ] GC(27) CMS: 66826K->68995K(174784K)
[2019-12-08T10:14:25.962+0000][1][gc,metaspace ] GC(27) Metaspace: 68224K->68224K(1112064K)
[2019-12-08T10:14:25.962+0000][1][gc           ] GC(27) Pause Young (Allocation Failure) 137M->69M(247M) 5.062ms
[2019-12-08T10:14:25.962+0000][1][gc,cpu       ] GC(27) User=0.01s Sys=0.00s Real=0.01s
[2019-12-08T10:14:25.962+0000][1][safepoint    ] Leaving safepoint region
[2019-12-08T10:14:25.962+0000][1][safepoint    ] Total time for which application threads were stopped: 0.0051911 seconds, Stopping threads took: 0.0000160 seconds
[2019-12-08T10:14:26.962+0000][1][safepoint    ] Application time: 1.0000933 seconds
[2019-12-08T10:14:26.962+0000][1][safepoint    ] Entering safepoint region: Cleanup
[2019-12-08T10:14:26.963+0000][1][safepoint    ] Leaving safepoint region
[2019-12-08T10:14:26.963+0000][1][safepoint    ] Total time for which application threads were stopped: 0.0000643 seconds, Stopping threads took: 0.0000171 seconds
[2019-12-08T10:14:27.963+0000][1][safepoint    ] Application time: 1.0000758 seconds
[2019-12-08T10:14:27.963+0000][1][safepoint    ] Entering safepoint region: Cleanup
[2019-12-08T10:14:27.963+0000][1][safepoint    ] Leaving safepoint region
[2019-12-08T10:14:27.963+0000][1][safepoint    ] Total time for which application threads were stopped: 0.0000672 seconds, Stopping threads took: 0.0000172 seconds
[2019-12-08T10:14:28.963+0000][1][safepoint    ] Application time: 1.0000755 seconds
[2019-12-08T10:14:28.963+0000][1][safepoint    ] Entering safepoint region: Cleanup
[2019-12-08T10:14:28.963+0000][1][safepoint    ] Leaving safepoint region
[2019-12-08T10:14:28.963+0000][1][safepoint    ] Total time for which application threads were stopped: 0.0000657 seconds, Stopping threads took: 0.0000156 seconds
[2019-12-08T10:14:29.963+0000][1][safepoint    ] Application time: 1.0000760 seconds
[2019-12-08T10:14:29.963+0000][1][safepoint    ] Entering safepoint region: Cleanup
[2019-12-08T10:14:29.963+0000][1][safepoint    ] Leaving safepoint region
[2019-12-08T10:14:29.963+0000][1][safepoint    ] Total time for which application threads were stopped: 0.0000728 seconds, Stopping threads took: 0.0000248 seconds
[2019-12-08T10:14:30.963+0000][1][safepoint    ] Application time: 1.0000767 seconds
[2019-12-08T10:14:30.963+0000][1][safepoint    ] Entering safepoint region: Cleanup
[2019-12-08T10:14:30.963+0000][1][safepoint    ] Leaving safepoint region
[2019-12-08T10:14:30.963+0000][1][safepoint    ] Total time for which application threads were stopped: 0.0000638 seconds, Stopping threads took: 0.0000161 seconds
[2019-12-08T10:14:31.963+0000][1][safepoint    ] Application time: 1.0000779 seconds
[2019-12-08T10:14:31.963+0000][1][safepoint    ] Entering safepoint region: Cleanup
[2019-12-08T10:14:31.963+0000][1][safepoint    ] Leaving safepoint region
[2019-12-08T10:14:31.963+0000][1][safepoint    ] Total time for which application threads were stopped: 0.0000713 seconds, Stopping threads took: 0.0000174 seconds
[2019-12-08T10:14:32.963+0000][1][safepoint    ] Application time: 1.0000784 seconds
[2019-12-08T10:14:32.964+0000][1][safepoint    ] Entering safepoint region: Cleanup
[2019-12-08T10:14:32.964+0000][1][safepoint    ] Leaving safepoint region
[2019-12-08T10:14:32.964+0000][1][safepoint    ] Total time for which application threads were stopped: 0.0000677 seconds, Stopping threads took: 0.0000170 seconds
[2019-12-08T10:14:33.964+0000][1][safepoint    ] Application time: 1.0000756 seconds
[2019-12-08T10:14:33.964+0000][1][safepoint    ] Entering safepoint region: Cleanup
[2019-12-08T10:14:33.964+0000][1][safepoint    ] Leaving safepoint region
[2019-12-08T10:14:33.964+0000][1][safepoint    ] Total time for which application threads were stopped: 0.0000774 seconds, Stopping threads took: 0.0000165 seconds
[2019-12-08T10:14:34.964+0000][1][safepoint    ] Application time: 1.0000758 seconds
[2019-12-08T10:14:34.964+0000][1][safepoint    ] Entering safepoint region: Cleanup
[2019-12-08T10:14:34.964+0000][1][safepoint    ] Leaving safepoint region
[2019-12-08T10:14:34.964+0000][1][safepoint    ] Total time for which application threads were stopped: 0.0000674 seconds, Stopping threads took: 0.0000158 seconds
[2019-12-08T10:14:35.964+0000][1][safepoint    ] Application time: 1.0000754 seconds
[2019-12-08T10:14:35.964+0000][1][safepoint    ] Entering safepoint region: Cleanup
[2019-12-08T10:14:35.964+0000][1][safepoint    ] Leaving safepoint region
[2019-12-08T10:14:35.964+0000][1][safepoint    ] Total time for which application threads were stopped: 0.0000630 seconds, Stopping threads took: 0.0000166 seconds
[2019-12-08T10:14:36.964+0000][1][safepoint    ] Application time: 1.0000763 seconds
[2019-12-08T10:14:36.964+0000][1][safepoint    ] Entering safepoint region: Cleanup
[2019-12-08T10:14:36.964+0000][1][safepoint    ] Leaving safepoint region
[2019-12-08T10:14:36.964+0000][1][safepoint    ] Total time for which application threads were stopped: 0.0000649 seconds, Stopping threads took: 0.0000167 seconds
[2019-12-08T10:14:37.964+0000][1][safepoint    ] Application time: 1.0000759 seconds
[2019-12-08T10:14:37.964+0000][1][safepoint    ] Entering safepoint region: Cleanup
[2019-12-08T10:14:37.964+0000][1][safepoint    ] Leaving safepoint region
[2019-12-08T10:14:37.964+0000][1][safepoint    ] Total time for which application threads were stopped: 0.0000680 seconds, Stopping threads took: 0.0000174 seconds
[2019-12-08T10:14:38.965+0000][1][safepoint    ] Application time: 1.0000768 seconds
[2019-12-08T10:14:38.965+0000][1][safepoint    ] Entering safepoint region: Cleanup
[2019-12-08T10:14:38.965+0000][1][safepoint    ] Leaving safepoint region
[2019-12-08T10:14:38.965+0000][1][safepoint    ] Total time for which application threads were stopped: 0.0000641 seconds, Stopping threads took: 0.0000169 seconds
[2019-12-08T10:14:40.650+0000][1][safepoint    ] Application time: 1.6849083 seconds
[2019-12-08T10:14:40.650+0000][1][safepoint    ] Entering safepoint region: Cleanup
[2019-12-08T10:14:40.650+0000][1][safepoint    ] Leaving safepoint region
[2019-12-08T10:14:40.650+0000][1][safepoint    ] Total time for which application threads were stopped: 0.0000719 seconds, Stopping threads took: 0.0000163 seconds
[2019-12-08T10:14:41.650+0000][1][safepoint    ] Application time: 1.0000869 seconds
[2019-12-08T10:14:41.650+0000][1][safepoint    ] Entering safepoint region: Cleanup
[2019-12-08T10:14:41.650+0000][1][safepoint    ] Leaving safepoint region
[2019-12-08T10:14:41.650+0000][1][safepoint    ] Total time for which application threads were stopped: 0.0000678 seconds, Stopping threads took: 0.0000172 seconds
[2019-12-08T10:14:42.650+0000][1][safepoint    ] Application time: 1.0000772 seconds
[2019-12-08T10:14:42.650+0000][1][safepoint    ] Entering safepoint region: Cleanup
[2019-12-08T10:14:42.650+0000][1][safepoint    ] Leaving safepoint region
[2019-12-08T10:14:42.650+0000][1][safepoint    ] Total time for which application threads were stopped: 0.0000821 seconds, Stopping threads took: 0.0000256 seconds
[2019-12-08T10:14:43.650+0000][1][safepoint    ] Application time: 1.0000770 seconds
[2019-12-08T10:14:43.650+0000][1][safepoint    ] Entering safepoint region: Cleanup
[2019-12-08T10:14:43.650+0000][1][safepoint    ] Leaving safepoint region
[2019-12-08T10:14:43.650+0000][1][safepoint    ] Total time for which application threads were stopped: 0.0000704 seconds, Stopping threads took: 0.0000180 seconds
[2019-12-08T10:14:44.650+0000][1][safepoint    ] Application time: 1.0000803 seconds
[2019-12-08T10:14:44.650+0000][1][safepoint    ] Entering safepoint region: Cleanup
[2019-12-08T10:14:44.650+0000][1][safepoint    ] Leaving safepoint region
[2019-12-08T10:14:44.650+0000][1][safepoint    ] Total time for which application threads were stopped: 0.0000739 seconds, Stopping threads took: 0.0000176 seconds
[2019-12-08T10:14:45.651+0000][1][safepoint    ] Application time: 1.0000807 seconds
[2019-12-08T10:14:45.651+0000][1][safepoint    ] Entering safepoint region: Cleanup
[2019-12-08T10:14:45.651+0000][1][safepoint    ] Leaving safepoint region
[2019-12-08T10:14:45.651+0000][1][safepoint    ] Total time for which application threads were stopped: 0.0000667 seconds, Stopping threads took: 0.0000170 seconds
[2019-12-08T10:14:46.651+0000][1][safepoint    ] Application time: 1.0000843 seconds
[2019-12-08T10:14:46.651+0000][1][safepoint    ] Entering safepoint region: Cleanup
[2019-12-08T10:14:46.651+0000][1][safepoint    ] Leaving safepoint region
[2019-12-08T10:14:46.651+0000][1][safepoint    ] Total time for which application threads were stopped: 0.0000694 seconds, Stopping threads took: 0.0000178 seconds
[2019-12-08T10:14:47.651+0000][1][safepoint    ] Application time: 1.0000793 seconds
[2019-12-08T10:14:47.651+0000][1][safepoint    ] Entering safepoint region: Cleanup
[2019-12-08T10:14:47.651+0000][1][safepoint    ] Leaving safepoint region
[2019-12-08T10:14:47.651+0000][1][safepoint    ] Total time for which application threads were stopped: 0.0000684 seconds, Stopping threads took: 0.0000181 seconds
[2019-12-08T10:14:48.651+0000][1][safepoint    ] Application time: 1.0000850 seconds
[2019-12-08T10:14:48.651+0000][1][safepoint    ] Entering safepoint region: Cleanup
[2019-12-08T10:14:48.651+0000][1][safepoint    ] Leaving safepoint region
[2019-12-08T10:14:48.651+0000][1][safepoint    ] Total time for which application threads were stopped: 0.0000840 seconds, Stopping threads took: 0.0000183 seconds
[2019-12-08T10:14:49.651+0000][1][safepoint    ] Application time: 1.0000817 seconds
[2019-12-08T10:14:49.651+0000][1][safepoint    ] Entering safepoint region: Cleanup
[2019-12-08T10:14:49.651+0000][1][safepoint    ] Leaving safepoint region
[2019-12-08T10:14:49.651+0000][1][safepoint    ] Total time for which application threads were stopped: 0.0000677 seconds, Stopping threads took: 0.0000177 seconds
[2019-12-08T10:14:50.651+0000][1][safepoint    ] Application time: 1.0000803 seconds
[2019-12-08T10:14:50.652+0000][1][safepoint    ] Entering safepoint region: Cleanup
[2019-12-08T10:14:50.652+0000][1][safepoint    ] Leaving safepoint region
[2019-12-08T10:14:50.652+0000][1][safepoint    ] Total time for which application threads were stopped: 0.0000674 seconds, Stopping threads took: 0.0000163 seconds
[2019-12-08T10:14:51.652+0000][1][safepoint    ] Application time: 1.0000789 seconds
[2019-12-08T10:14:51.652+0000][1][safepoint    ] Entering safepoint region: Cleanup
[2019-12-08T10:14:51.652+0000][1][safepoint    ] Leaving safepoint region
[2019-12-08T10:14:51.652+0000][1][safepoint    ] Total time for which application threads were stopped: 0.0000678 seconds, Stopping threads took: 0.0000174 seconds
[2019-12-08T10:14:52.652+0000][1][safepoint    ] Application time: 1.0000864 seconds
[2019-12-08T10:14:52.652+0000][1][safepoint    ] Entering safepoint region: Cleanup
[2019-12-08T10:14:52.652+0000][1][safepoint    ] Leaving safepoint region
[2019-12-08T10:14:52.652+0000][1][safepoint    ] Total time for which application threads were stopped: 0.0000797 seconds, Stopping threads took: 0.0000267 seconds
[2019-12-08T10:14:53.652+0000][1][safepoint    ] Application time: 1.0000771 seconds
[2019-12-08T10:14:53.652+0000][1][safepoint    ] Entering safepoint region: Cleanup
[2019-12-08T10:14:53.652+0000][1][safepoint    ] Leaving safepoint region
[2019-12-08T10:14:53.652+0000][1][safepoint    ] Total time for which application threads were stopped: 0.0000676 seconds, Stopping threads took: 0.0000171 seconds
[2019-12-08T10:14:54.652+0000][1][safepoint    ] Application time: 1.0000756 seconds
[2019-12-08T10:14:54.652+0000][1][safepoint    ] Entering safepoint region: Cleanup
[2019-12-08T10:14:54.652+0000][1][safepoint    ] Leaving safepoint region
[2019-12-08T10:14:54.652+0000][1][safepoint    ] Total time for which application threads were stopped: 0.0000659 seconds, Stopping threads took: 0.0000169 seconds
[2019-12-08T10:14:55.652+0000][1][safepoint    ] Application time: 1.0000852 seconds
[2019-12-08T10:14:55.653+0000][1][safepoint    ] Entering safepoint region: Cleanup
[2019-12-08T10:14:55.653+0000][1][safepoint    ] Leaving safepoint region
[2019-12-08T10:14:55.653+0000][1][safepoint    ] Total time for which application threads were stopped: 0.0000622 seconds, Stopping threads took: 0.0000155 seconds
[2019-12-08T10:14:56.653+0000][1][safepoint    ] Application time: 1.0000782 seconds
[2019-12-08T10:14:56.653+0000][1][safepoint    ] Entering safepoint region: Cleanup
[2019-12-08T10:14:56.653+0000][1][safepoint    ] Leaving safepoint region
[2019-12-08T10:14:56.653+0000][1][safepoint    ] Total time for which application threads were stopped: 0.0000695 seconds, Stopping threads took: 0.0000170 seconds
[2019-12-08T10:14:57.653+0000][1][safepoint    ] Application time: 1.0000781 seconds
[2019-12-08T10:14:57.653+0000][1][safepoint    ] Entering safepoint region: Cleanup
[2019-12-08T10:14:57.653+0000][1][safepoint    ] Leaving safepoint region
[2019-12-08T10:14:57.653+0000][1][safepoint    ] Total time for which application threads were stopped: 0.0000680 seconds, Stopping threads took: 0.0000167 seconds
[2019-12-08T10:14:58.653+0000][1][safepoint    ] Application time: 1.0000794 seconds
[2019-12-08T10:14:58.653+0000][1][safepoint    ] Entering safepoint region: Cleanup
[2019-12-08T10:14:58.653+0000][1][safepoint    ] Leaving safepoint region
[2019-12-08T10:14:58.653+0000][1][safepoint    ] Total time for which application threads were stopped: 0.0000653 seconds, Stopping threads took: 0.0000163 seconds
[2019-12-08T10:14:59.653+0000][1][safepoint    ] Application time: 1.0000798 seconds
[2019-12-08T10:14:59.653+0000][1][safepoint    ] Entering safepoint region: Cleanup
[2019-12-08T10:14:59.653+0000][1][safepoint    ] Leaving safepoint region
[2019-12-08T10:14:59.653+0000][1][safepoint    ] Total time for which application threads were stopped: 0.0000662 seconds, Stopping threads took: 0.0000172 seconds
[2019-12-08T10:15:00.653+0000][1][safepoint    ] Application time: 1.0000778 seconds
[2019-12-08T10:15:00.653+0000][1][safepoint    ] Entering safepoint region: Cleanup
[2019-12-08T10:15:00.654+0000][1][safepoint    ] Leaving safepoint region
[2019-12-08T10:15:00.654+0000][1][safepoint    ] Total time for which application threads were stopped: 0.0000671 seconds, Stopping threads took: 0.0000171 seconds
[2019-12-08T10:15:01.654+0000][1][safepoint    ] Application time: 1.0000889 seconds
[2019-12-08T10:15:01.654+0000][1][safepoint    ] Entering safepoint region: Cleanup
[2019-12-08T10:15:01.654+0000][1][safepoint    ] Leaving safepoint region
[2019-12-08T10:15:01.654+0000][1][safepoint    ] Total time for which application threads were stopped: 0.0001120 seconds, Stopping threads took: 0.0000229 seconds
[2019-12-08T10:15:02.654+0000][1][safepoint    ] Application time: 1.0000835 seconds
[2019-12-08T10:15:02.654+0000][1][safepoint    ] Entering safepoint region: Cleanup
[2019-12-08T10:15:02.654+0000][1][safepoint    ] Leaving safepoint region
[2019-12-08T10:15:02.654+0000][1][safepoint    ] Total time for which application threads were stopped: 0.0000765 seconds, Stopping threads took: 0.0000256 seconds
[2019-12-08T10:15:03.654+0000][1][safepoint    ] Application time: 1.0000847 seconds
[2019-12-08T10:15:03.654+0000][1][safepoint    ] Entering safepoint region: Cleanup
[2019-12-08T10:15:03.654+0000][1][safepoint    ] Leaving safepoint region
[2019-12-08T10:15:03.654+0000][1][safepoint    ] Total time for which application threads were stopped: 0.0000673 seconds, Stopping threads took: 0.0000161 seconds
[2019-12-08T10:15:04.654+0000][1][safepoint    ] Application time: 1.0000923 seconds
[2019-12-08T10:15:04.654+0000][1][safepoint    ] Entering safepoint region: Cleanup
[2019-12-08T10:15:04.654+0000][1][safepoint    ] Leaving safepoint region
[2019-12-08T10:15:04.654+0000][1][safepoint    ] Total time for which application threads were stopped: 0.0000671 seconds, Stopping threads took: 0.0000176 seconds
[2019-12-08T10:15:05.654+0000][1][safepoint    ] Application time: 1.0000816 seconds
[2019-12-08T10:15:05.655+0000][1][safepoint    ] Entering safepoint region: Cleanup
[2019-12-08T10:15:05.655+0000][1][safepoint    ] Leaving safepoint region
[2019-12-08T10:15:05.655+0000][1][safepoint    ] Total time for which application threads were stopped: 0.0000660 seconds, Stopping threads took: 0.0000155 seconds
[2019-12-08T10:15:06.655+0000][1][safepoint    ] Application time: 1.0000811 seconds
[2019-12-08T10:15:06.655+0000][1][safepoint    ] Entering safepoint region: Cleanup
[2019-12-08T10:15:06.655+0000][1][safepoint    ] Leaving safepoint region
[2019-12-08T10:15:06.655+0000][1][safepoint    ] Total time for which application threads were stopped: 0.0000710 seconds, Stopping threads took: 0.0000188 seconds
[2019-12-08T10:15:07.655+0000][1][safepoint    ] Application time: 1.0000789 seconds
[2019-12-08T10:15:07.655+0000][1][safepoint    ] Entering safepoint region: Cleanup
[2019-12-08T10:15:07.655+0000][1][safepoint    ] Leaving safepoint region
[2019-12-08T10:15:07.655+0000][1][safepoint    ] Total time for which application threads were stopped: 0.0000789 seconds, Stopping threads took: 0.0000164 seconds
[2019-12-08T10:15:08.655+0000][1][safepoint    ] Application time: 1.0002104 seconds
[2019-12-08T10:15:08.655+0000][1][safepoint    ] Entering safepoint region: Cleanup
[2019-12-08T10:15:08.655+0000][1][safepoint    ] Leaving safepoint region
[2019-12-08T10:15:08.655+0000][1][safepoint    ] Total time for which application threads were stopped: 0.0000750 seconds, Stopping threads took: 0.0000183 seconds
[2019-12-08T10:15:09.655+0000][1][safepoint    ] Application time: 1.0000820 seconds
[2019-12-08T10:15:09.655+0000][1][safepoint    ] Entering safepoint region: Cleanup
[2019-12-08T10:15:09.655+0000][1][safepoint    ] Leaving safepoint region
[2019-12-08T10:15:09.656+0000][1][safepoint    ] Total time for which application threads were stopped: 0.0000735 seconds, Stopping threads took: 0.0000196 seconds
[2019-12-08T10:15:10.656+0000][1][safepoint    ] Application time: 1.0000939 seconds
[2019-12-08T10:15:10.656+0000][1][safepoint    ] Entering safepoint region: Cleanup
[2019-12-08T10:15:10.656+0000][1][safepoint    ] Leaving safepoint region
[2019-12-08T10:15:10.656+0000][1][safepoint    ] Total time for which application threads were stopped: 0.0000883 seconds, Stopping threads took: 0.0000166 seconds
[2019-12-08T10:15:11.656+0000][1][safepoint    ] Application time: 1.0000845 seconds
[2019-12-08T10:15:11.656+0000][1][safepoint    ] Entering safepoint region: Cleanup
[2019-12-08T10:15:11.656+0000][1][safepoint    ] Leaving safepoint region
[2019-12-08T10:15:11.656+0000][1][safepoint    ] Total time for which application threads were stopped: 0.0000685 seconds, Stopping threads took: 0.0000174 seconds
[2019-12-08T10:15:12.656+0000][1][safepoint    ] Application time: 1.0000793 seconds
[2019-12-08T10:15:12.656+0000][1][safepoint    ] Entering safepoint region: Cleanup
[2019-12-08T10:15:12.656+0000][1][safepoint    ] Leaving safepoint region
[2019-12-08T10:15:12.656+0000][1][safepoint    ] Total time for which application threads were stopped: 0.0000691 seconds, Stopping threads took: 0.0000166 seconds
[2019-12-08T10:15:13.656+0000][1][safepoint    ] Application time: 1.0000925 seconds
[2019-12-08T10:15:13.656+0000][1][safepoint    ] Entering safepoint region: Cleanup
[2019-12-08T10:15:13.656+0000][1][safepoint    ] Leaving safepoint region
[2019-12-08T10:15:13.656+0000][1][safepoint    ] Total time for which application threads were stopped: 0.0000737 seconds, Stopping threads took: 0.0000214 seconds
[2019-12-08T10:15:14.656+0000][1][safepoint    ] Application time: 1.0000976 seconds
[2019-12-08T10:15:14.657+0000][1][safepoint    ] Entering safepoint region: Cleanup
[2019-12-08T10:15:14.657+0000][1][safepoint    ] Leaving safepoint region
[2019-12-08T10:15:14.657+0000][1][safepoint    ] Total time for which application threads were stopped: 0.0001211 seconds, Stopping threads took: 0.0000627 seconds
[2019-12-08T10:15:15.657+0000][1][safepoint    ] Application time: 1.0000996 seconds
[2019-12-08T10:15:15.657+0000][1][safepoint    ] Entering safepoint region: Cleanup
[2019-12-08T10:15:15.657+0000][1][safepoint    ] Leaving safepoint region
[2019-12-08T10:15:15.657+0000][1][safepoint    ] Total time for which application threads were stopped: 0.0001101 seconds, Stopping threads took: 0.0000483 seconds
[2019-12-08T10:15:16.657+0000][1][safepoint    ] Application time: 1.0000934 seconds
[2019-12-08T10:15:16.657+0000][1][safepoint    ] Entering safepoint region: Cleanup
[2019-12-08T10:15:16.657+0000][1][safepoint    ] Leaving safepoint region
[2019-12-08T10:15:16.657+0000][1][safepoint    ] Total time for which application threads were stopped: 0.0000685 seconds, Stopping threads took: 0.0000176 seconds
[2019-12-08T10:15:17.657+0000][1][safepoint    ] Application time: 1.0000854 seconds
[2019-12-08T10:15:17.657+0000][1][safepoint    ] Entering safepoint region: Cleanup
[2019-12-08T10:15:17.657+0000][1][safepoint    ] Leaving safepoint region
[2019-12-08T10:15:17.657+0000][1][safepoint    ] Total time for which application threads were stopped: 0.0000800 seconds, Stopping threads took: 0.0000267 seconds
[2019-12-08T10:15:18.657+0000][1][safepoint    ] Application time: 1.0000849 seconds
[2019-12-08T10:15:18.657+0000][1][safepoint    ] Entering safepoint region: Cleanup
[2019-12-08T10:15:18.658+0000][1][safepoint    ] Leaving safepoint region
[2019-12-08T10:15:18.658+0000][1][safepoint    ] Total time for which application threads were stopped: 0.0000726 seconds, Stopping threads took: 0.0000190 seconds
[2019-12-08T10:15:19.658+0000][1][safepoint    ] Application time: 1.0000822 seconds
[2019-12-08T10:15:19.658+0000][1][safepoint    ] Entering safepoint region: Cleanup
[2019-12-08T10:15:19.658+0000][1][safepoint    ] Leaving safepoint region
[2019-12-08T10:15:19.658+0000][1][safepoint    ] Total time for which application threads were stopped: 0.0000848 seconds, Stopping threads took: 0.0000182 seconds
[2019-12-08T10:15:20.658+0000][1][safepoint    ] Application time: 1.0000859 seconds
[2019-12-08T10:15:20.658+0000][1][safepoint    ] Entering safepoint region: Cleanup
[2019-12-08T10:15:20.658+0000][1][safepoint    ] Leaving safepoint region
[2019-12-08T10:15:20.658+0000][1][safepoint    ] Total time for which application threads were stopped: 0.0001458 seconds, Stopping threads took: 0.0000838 seconds
[2019-12-08T10:15:21.658+0000][1][safepoint    ] Application time: 1.0000883 seconds
[2019-12-08T10:15:21.658+0000][1][safepoint    ] Entering safepoint region: Cleanup
[2019-12-08T10:15:21.658+0000][1][safepoint    ] Leaving safepoint region
[2019-12-08T10:15:21.658+0000][1][safepoint    ] Total time for which application threads were stopped: 0.0000706 seconds, Stopping threads took: 0.0000180 seconds
[2019-12-08T10:15:22.995+0000][1][safepoint    ] Application time: 1.3365062 seconds
[2019-12-08T10:15:22.995+0000][1][safepoint    ] Entering safepoint region: Cleanup
[2019-12-08T10:15:22.995+0000][1][safepoint    ] Leaving safepoint region
[2019-12-08T10:15:22.995+0000][1][safepoint    ] Total time for which application threads were stopped: 0.0000718 seconds, Stopping threads took: 0.0000156 seconds
[2019-12-08T10:15:23.995+0000][1][safepoint    ] Application time: 1.0000849 seconds
[2019-12-08T10:15:23.995+0000][1][safepoint    ] Entering safepoint region: Cleanup
[2019-12-08T10:15:23.995+0000][1][safepoint    ] Leaving safepoint region
[2019-12-08T10:15:23.995+0000][1][safepoint    ] Total time for which application threads were stopped: 0.0000683 seconds, Stopping threads took: 0.0000155 seconds
[2019-12-08T10:15:24.995+0000][1][safepoint    ] Application time: 1.0000862 seconds
[2019-12-08T10:15:24.995+0000][1][safepoint    ] Entering safepoint region: Cleanup
[2019-12-08T10:15:24.995+0000][1][safepoint    ] Leaving safepoint region
[2019-12-08T10:15:24.995+0000][1][safepoint    ] Total time for which application threads were stopped: 0.0001284 seconds, Stopping threads took: 0.0000603 seconds
[2019-12-08T10:15:25.995+0000][1][safepoint    ] Application time: 1.0000959 seconds
[2019-12-08T10:15:25.995+0000][1][safepoint    ] Entering safepoint region: Cleanup
[2019-12-08T10:15:25.995+0000][1][safepoint    ] Leaving safepoint region
[2019-12-08T10:15:25.996+0000][1][safepoint    ] Total time for which application threads were stopped: 0.0000692 seconds, Stopping threads took: 0.0000178 seconds
[2019-12-08T10:15:26.996+0000][1][safepoint    ] Application time: 1.0000825 seconds
[2019-12-08T10:15:26.996+0000][1][safepoint    ] Entering safepoint region: Cleanup
[2019-12-08T10:15:26.996+0000][1][safepoint    ] Leaving safepoint region
[2019-12-08T10:15:26.996+0000][1][safepoint    ] Total time for which application threads were stopped: 0.0000799 seconds, Stopping threads took: 0.0000179 seconds
[2019-12-08T10:15:27.996+0000][1][safepoint    ] Application time: 1.0000780 seconds
[2019-12-08T10:15:27.996+0000][1][safepoint    ] Entering safepoint region: Cleanup
[2019-12-08T10:15:27.996+0000][1][safepoint    ] Leaving safepoint region
[2019-12-08T10:15:27.996+0000][1][safepoint    ] Total time for which application threads were stopped: 0.0000683 seconds, Stopping threads took: 0.0000172 seconds
[2019-12-08T10:15:28.996+0000][1][safepoint    ] Application time: 1.0000771 seconds
[2019-12-08T10:15:28.996+0000][1][safepoint    ] Entering safepoint region: Cleanup
[2019-12-08T10:15:28.996+0000][1][safepoint    ] Leaving safepoint region
[2019-12-08T10:15:28.996+0000][1][safepoint    ] Total time for which application threads were stopped: 0.0000696 seconds, Stopping threads took: 0.0000172 seconds
[2019-12-08T10:15:29.996+0000][1][safepoint    ] Application time: 1.0000763 seconds
[2019-12-08T10:15:29.996+0000][1][safepoint    ] Entering safepoint region: Cleanup
[2019-12-08T10:15:29.996+0000][1][safepoint    ] Leaving safepoint region
[2019-12-08T10:15:29.996+0000][1][safepoint    ] Total time for which application threads were stopped: 0.0000729 seconds, Stopping threads took: 0.0000222 seconds
[2019-12-08T10:15:30.996+0000][1][safepoint    ] Application time: 1.0000770 seconds
[2019-12-08T10:15:30.996+0000][1][safepoint    ] Entering safepoint region: Cleanup
[2019-12-08T10:15:30.996+0000][1][safepoint    ] Leaving safepoint region
[2019-12-08T10:15:30.996+0000][1][safepoint    ] Total time for which application threads were stopped: 0.0000690 seconds, Stopping threads took: 0.0000182 seconds
[2019-12-08T10:15:31.997+0000][1][safepoint    ] Application time: 1.0000782 seconds
[2019-12-08T10:15:31.997+0000][1][safepoint    ] Entering safepoint region: Cleanup
[2019-12-08T10:15:31.997+0000][1][safepoint    ] Leaving safepoint region
[2019-12-08T10:15:31.997+0000][1][safepoint    ] Total time for which application threads were stopped: 0.0000706 seconds, Stopping threads took: 0.0000176 seconds
[2019-12-08T10:15:32.997+0000][1][safepoint    ] Application time: 1.0000394 seconds
[2019-12-08T10:15:32.997+0000][1][safepoint    ] Entering safepoint region: Cleanup
[2019-12-08T10:15:32.997+0000][1][safepoint    ] Leaving safepoint region
[2019-12-08T10:15:32.997+0000][1][safepoint    ] Total time for which application threads were stopped: 0.0000690 seconds, Stopping threads took: 0.0000178 seconds
[2019-12-08T10:15:33.997+0000][1][safepoint    ] Application time: 1.0000766 seconds
[2019-12-08T10:15:33.997+0000][1][safepoint    ] Entering safepoint region: Cleanup
[2019-12-08T10:15:33.997+0000][1][safepoint    ] Leaving safepoint region
[2019-12-08T10:15:33.997+0000][1][safepoint    ] Total time for which application threads were stopped: 0.0000708 seconds, Stopping threads took: 0.0000179 seconds
[2019-12-08T10:15:34.997+0000][1][safepoint    ] Application time: 1.0000786 seconds
[2019-12-08T10:15:34.997+0000][1][safepoint    ] Entering safepoint region: Cleanup
[2019-12-08T10:15:34.997+0000][1][safepoint    ] Leaving safepoint region
[2019-12-08T10:15:34.997+0000][1][safepoint    ] Total time for which application threads were stopped: 0.0000673 seconds, Stopping threads took: 0.0000166 seconds
[2019-12-08T10:15:35.997+0000][1][safepoint    ] Application time: 1.0000774 seconds
[2019-12-08T10:15:35.997+0000][1][safepoint    ] Entering safepoint region: Cleanup
[2019-12-08T10:15:35.997+0000][1][safepoint    ] Leaving safepoint region
[2019-12-08T10:15:35.997+0000][1][safepoint    ] Total time for which application threads were stopped: 0.0000654 seconds, Stopping threads took: 0.0000167 seconds
[2019-12-08T10:15:36.997+0000][1][safepoint    ] Application time: 1.0000798 seconds
[2019-12-08T10:15:36.997+0000][1][safepoint    ] Entering safepoint region: Cleanup
[2019-12-08T10:15:36.998+0000][1][safepoint    ] Leaving safepoint region
[2019-12-08T10:15:36.998+0000][1][safepoint    ] Total time for which application threads were stopped: 0.0000752 seconds, Stopping threads took: 0.0000257 seconds
[2019-12-08T10:15:37.998+0000][1][safepoint    ] Application time: 1.0000776 seconds
[2019-12-08T10:15:37.998+0000][1][safepoint    ] Entering safepoint region: Cleanup
[2019-12-08T10:15:37.998+0000][1][safepoint    ] Leaving safepoint region
[2019-12-08T10:15:37.998+0000][1][safepoint    ] Total time for which application threads were stopped: 0.0000747 seconds, Stopping threads took: 0.0000164 seconds
[2019-12-08T10:15:38.998+0000][1][safepoint    ] Application time: 1.0000777 seconds
[2019-12-08T10:15:38.998+0000][1][safepoint    ] Entering safepoint region: Cleanup
[2019-12-08T10:15:38.998+0000][1][safepoint    ] Leaving safepoint region
[2019-12-08T10:15:38.998+0000][1][safepoint    ] Total time for which application threads were stopped: 0.0000665 seconds, Stopping threads took: 0.0000172 seconds
[2019-12-08T10:15:39.998+0000][1][safepoint    ] Application time: 1.0000776 seconds
[2019-12-08T10:15:39.998+0000][1][safepoint    ] Entering safepoint region: Cleanup
[2019-12-08T10:15:39.998+0000][1][safepoint    ] Leaving safepoint region
[2019-12-08T10:15:39.998+0000][1][safepoint    ] Total time for which application threads were stopped: 0.0000668 seconds, Stopping threads took: 0.0000170 seconds
[2019-12-08T10:15:40.998+0000][1][safepoint    ] Application time: 1.0000772 seconds
[2019-12-08T10:15:40.998+0000][1][safepoint    ] Entering safepoint region: Cleanup
[2019-12-08T10:15:40.998+0000][1][safepoint    ] Leaving safepoint region
[2019-12-08T10:15:40.998+0000][1][safepoint    ] Total time for which application threads were stopped: 0.0000693 seconds, Stopping threads took: 0.0000191 seconds
[2019-12-08T10:15:41.998+0000][1][safepoint    ] Application time: 1.0000762 seconds
[2019-12-08T10:15:41.998+0000][1][safepoint    ] Entering safepoint region: Cleanup
[2019-12-08T10:15:41.998+0000][1][safepoint    ] Leaving safepoint region
[2019-12-08T10:15:41.998+0000][1][safepoint    ] Total time for which application threads were stopped: 0.0000646 seconds, Stopping threads took: 0.0000180 seconds
[2019-12-08T10:15:42.999+0000][1][safepoint    ] Application time: 1.0000774 seconds
[2019-12-08T10:15:42.999+0000][1][safepoint    ] Entering safepoint region: Cleanup
[2019-12-08T10:15:42.999+0000][1][safepoint    ] Leaving safepoint region
[2019-12-08T10:15:42.999+0000][1][safepoint    ] Total time for which application threads were stopped: 0.0000752 seconds, Stopping threads took: 0.0000249 seconds
[2019-12-08T10:15:43.999+0000][1][safepoint    ] Application time: 1.0000779 seconds
[2019-12-08T10:15:43.999+0000][1][safepoint    ] Entering safepoint region: Cleanup
[2019-12-08T10:15:43.999+0000][1][safepoint    ] Leaving safepoint region
[2019-12-08T10:15:43.999+0000][1][safepoint    ] Total time for which application threads were stopped: 0.0000670 seconds, Stopping threads took: 0.0000169 seconds
[2019-12-08T10:15:44.999+0000][1][safepoint    ] Application time: 1.0000799 seconds
[2019-12-08T10:15:44.999+0000][1][safepoint    ] Entering safepoint region: Cleanup
[2019-12-08T10:15:44.999+0000][1][safepoint    ] Leaving safepoint region
[2019-12-08T10:15:44.999+0000][1][safepoint    ] Total time for which application threads were stopped: 0.0000687 seconds, Stopping threads took: 0.0000176 seconds
[2019-12-08T10:15:46.009+0000][1][safepoint    ] Application time: 1.0098457 seconds
[2019-12-08T10:15:46.009+0000][1][safepoint    ] Entering safepoint region: Cleanup
[2019-12-08T10:15:46.009+0000][1][safepoint    ] Leaving safepoint region
[2019-12-08T10:15:46.009+0000][1][safepoint    ] Total time for which application threads were stopped: 0.0000617 seconds, Stopping threads took: 0.0000150 seconds
[2019-12-08T10:15:47.009+0000][1][safepoint    ] Application time: 1.0000774 seconds
[2019-12-08T10:15:47.009+0000][1][safepoint    ] Entering safepoint region: Cleanup
[2019-12-08T10:15:47.009+0000][1][safepoint    ] Leaving safepoint region
[2019-12-08T10:15:47.009+0000][1][safepoint    ] Total time for which application threads were stopped: 0.0000715 seconds, Stopping threads took: 0.0000230 seconds
[2019-12-08T10:15:48.009+0000][1][safepoint    ] Application time: 1.0000768 seconds
[2019-12-08T10:15:48.009+0000][1][safepoint    ] Entering safepoint region: Cleanup
[2019-12-08T10:15:48.009+0000][1][safepoint    ] Leaving safepoint region
[2019-12-08T10:15:48.009+0000][1][safepoint    ] Total time for which application threads were stopped: 0.0000661 seconds, Stopping threads took: 0.0000168 seconds
[2019-12-08T10:15:49.009+0000][1][safepoint    ] Application time: 1.0000767 seconds
[2019-12-08T10:15:49.009+0000][1][safepoint    ] Entering safepoint region: Cleanup
[2019-12-08T10:15:49.009+0000][1][safepoint    ] Leaving safepoint region
[2019-12-08T10:15:49.009+0000][1][safepoint    ] Total time for which application threads were stopped: 0.0000660 seconds, Stopping threads took: 0.0000164 seconds
[2019-12-08T10:15:50.010+0000][1][safepoint    ] Application time: 1.0000824 seconds
[2019-12-08T10:15:50.010+0000][1][safepoint    ] Entering safepoint region: Cleanup
[2019-12-08T10:15:50.010+0000][1][safepoint    ] Leaving safepoint region
[2019-12-08T10:15:50.010+0000][1][safepoint    ] Total time for which application threads were stopped: 0.0000772 seconds, Stopping threads took: 0.0000158 seconds
[2019-12-08T10:15:51.010+0000][1][safepoint    ] Application time: 1.0000767 seconds
[2019-12-08T10:15:51.010+0000][1][safepoint    ] Entering safepoint region: Cleanup
[2019-12-08T10:15:51.010+0000][1][safepoint    ] Leaving safepoint region
[2019-12-08T10:15:51.010+0000][1][safepoint    ] Total time for which application threads were stopped: 0.0000643 seconds, Stopping threads took: 0.0000154 seconds
[2019-12-08T10:15:52.010+0000][1][safepoint    ] Application time: 1.0000789 seconds
[2019-12-08T10:15:52.010+0000][1][safepoint    ] Entering safepoint region: Cleanup
[2019-12-08T10:15:52.010+0000][1][safepoint    ] Leaving safepoint region
[2019-12-08T10:15:52.010+0000][1][safepoint    ] Total time for which application threads were stopped: 0.0000863 seconds, Stopping threads took: 0.0000165 seconds
[2019-12-08T10:15:53.010+0000][1][safepoint    ] Application time: 1.0000829 seconds
[2019-12-08T10:15:53.010+0000][1][safepoint    ] Entering safepoint region: Cleanup
[2019-12-08T10:15:53.010+0000][1][safepoint    ] Leaving safepoint region
[2019-12-08T10:15:53.010+0000][1][safepoint    ] Total time for which application threads were stopped: 0.0000786 seconds, Stopping threads took: 0.0000175 seconds
[2019-12-08T10:15:54.010+0000][1][safepoint    ] Application time: 1.0000826 seconds
[2019-12-08T10:15:54.010+0000][1][safepoint    ] Entering safepoint region: Cleanup
[2019-12-08T10:15:54.010+0000][1][safepoint    ] Leaving safepoint region
[2019-12-08T10:15:54.010+0000][1][safepoint    ] Total time for which application threads were stopped: 0.0000642 seconds, Stopping threads took: 0.0000157 seconds
[2019-12-08T10:15:55.011+0000][1][safepoint    ] Application time: 1.0000849 seconds
[2019-12-08T10:15:55.011+0000][1][safepoint    ] Entering safepoint region: Cleanup
[2019-12-08T10:15:55.011+0000][1][safepoint    ] Leaving safepoint region
[2019-12-08T10:15:55.011+0000][1][safepoint    ] Total time for which application threads were stopped: 0.0000718 seconds, Stopping threads took: 0.0000202 seconds
[2019-12-08T10:15:56.011+0000][1][safepoint    ] Application time: 1.0000905 seconds
[2019-12-08T10:15:56.011+0000][1][safepoint    ] Entering safepoint region: Cleanup
[2019-12-08T10:15:56.011+0000][1][safepoint    ] Leaving safepoint region
[2019-12-08T10:15:56.011+0000][1][safepoint    ] Total time for which application threads were stopped: 0.0001180 seconds, Stopping threads took: 0.0000685 seconds
[2019-12-08T10:15:57.011+0000][1][safepoint    ] Application time: 1.0000847 seconds
[2019-12-08T10:15:57.011+0000][1][safepoint    ] Entering safepoint region: Cleanup
[2019-12-08T10:15:57.011+0000][1][safepoint    ] Leaving safepoint region
[2019-12-08T10:15:57.011+0000][1][safepoint    ] Total time for which application threads were stopped: 0.0000744 seconds, Stopping threads took: 0.0000252 seconds
[2019-12-08T10:15:58.011+0000][1][safepoint    ] Application time: 1.0000839 seconds
[2019-12-08T10:15:58.011+0000][1][safepoint    ] Entering safepoint region: Cleanup
[2019-12-08T10:15:58.011+0000][1][safepoint    ] Leaving safepoint region
[2019-12-08T10:15:58.011+0000][1][safepoint    ] Total time for which application threads were stopped: 0.0000683 seconds, Stopping threads took: 0.0000172 seconds
[2019-12-08T10:15:59.011+0000][1][safepoint    ] Application time: 1.0000820 seconds
[2019-12-08T10:15:59.011+0000][1][safepoint    ] Entering safepoint region: Cleanup
[2019-12-08T10:15:59.011+0000][1][safepoint    ] Leaving safepoint region
[2019-12-08T10:15:59.011+0000][1][safepoint    ] Total time for which application threads were stopped: 0.0000644 seconds, Stopping threads took: 0.0000168 seconds
[2019-12-08T10:16:00.012+0000][1][safepoint    ] Application time: 1.0000816 seconds
[2019-12-08T10:16:00.012+0000][1][safepoint    ] Entering safepoint region: Cleanup
[2019-12-08T10:16:00.012+0000][1][safepoint    ] Leaving safepoint region
[2019-12-08T10:16:00.012+0000][1][safepoint    ] Total time for which application threads were stopped: 0.0000660 seconds, Stopping threads took: 0.0000178 seconds
[2019-12-08T10:16:01.012+0000][1][safepoint    ] Application time: 1.0000879 seconds
[2019-12-08T10:16:01.012+0000][1][safepoint    ] Entering safepoint region: Cleanup
[2019-12-08T10:16:01.012+0000][1][safepoint    ] Leaving safepoint region
[2019-12-08T10:16:01.012+0000][1][safepoint    ] Total time for which application threads were stopped: 0.0000652 seconds, Stopping threads took: 0.0000172 seconds
[2019-12-08T10:16:02.012+0000][1][safepoint    ] Application time: 1.0000876 seconds
[2019-12-08T10:16:02.012+0000][1][safepoint    ] Entering safepoint region: Cleanup
[2019-12-08T10:16:02.012+0000][1][safepoint    ] Leaving safepoint region
[2019-12-08T10:16:02.012+0000][1][safepoint    ] Total time for which application threads were stopped: 0.0001050 seconds, Stopping threads took: 0.0000281 seconds
[2019-12-08T10:16:03.012+0000][1][safepoint    ] Application time: 1.0000850 seconds
[2019-12-08T10:16:03.012+0000][1][safepoint    ] Entering safepoint region: Cleanup
[2019-12-08T10:16:03.012+0000][1][safepoint    ] Leaving safepoint region
[2019-12-08T10:16:03.012+0000][1][safepoint    ] Total time for which application threads were stopped: 0.0000682 seconds, Stopping threads took: 0.0000177 seconds
[2019-12-08T10:16:04.012+0000][1][safepoint    ] Application time: 1.0000786 seconds
[2019-12-08T10:16:04.012+0000][1][safepoint    ] Entering safepoint region: Cleanup
[2019-12-08T10:16:04.012+0000][1][safepoint    ] Leaving safepoint region
[2019-12-08T10:16:04.012+0000][1][safepoint    ] Total time for which application threads were stopped: 0.0000661 seconds, Stopping threads took: 0.0000167 seconds
[2019-12-08T10:16:05.013+0000][1][safepoint    ] Application time: 1.0000813 seconds
[2019-12-08T10:16:05.013+0000][1][safepoint    ] Entering safepoint region: Cleanup
[2019-12-08T10:16:05.013+0000][1][safepoint    ] Leaving safepoint region
[2019-12-08T10:16:05.013+0000][1][safepoint    ] Total time for which application threads were stopped: 0.0000658 seconds, Stopping threads took: 0.0000170 seconds
[2019-12-08T10:16:06.018+0000][1][safepoint    ] Application time: 1.0051839 seconds
[2019-12-08T10:16:06.018+0000][1][safepoint    ] Entering safepoint region: Cleanup
[2019-12-08T10:16:06.018+0000][1][safepoint    ] Leaving safepoint region
[2019-12-08T10:16:06.018+0000][1][safepoint    ] Total time for which application threads were stopped: 0.0000602 seconds, Stopping threads took: 0.0000146 seconds
[2019-12-08T10:16:07.018+0000][1][safepoint    ] Application time: 1.0000781 seconds
[2019-12-08T10:16:07.018+0000][1][safepoint    ] Entering safepoint region: Cleanup
[2019-12-08T10:16:07.018+0000][1][safepoint    ] Leaving safepoint region
[2019-12-08T10:16:07.018+0000][1][safepoint    ] Total time for which application threads were stopped: 0.0000664 seconds, Stopping threads took: 0.0000133 seconds
[2019-12-08T10:16:08.018+0000][1][safepoint    ] Application time: 1.0000803 seconds
[2019-12-08T10:16:08.018+0000][1][safepoint    ] Entering safepoint region: Cleanup
[2019-12-08T10:16:08.018+0000][1][safepoint    ] Leaving safepoint region
[2019-12-08T10:16:08.018+0000][1][safepoint    ] Total time for which application threads were stopped: 0.0000617 seconds, Stopping threads took: 0.0000148 seconds
[2019-12-08T10:16:09.018+0000][1][safepoint    ] Application time: 1.0001237 seconds
[2019-12-08T10:16:09.018+0000][1][safepoint    ] Entering safepoint region: Cleanup
[2019-12-08T10:16:09.019+0000][1][safepoint    ] Leaving safepoint region
[2019-12-08T10:16:09.019+0000][1][safepoint    ] Total time for which application threads were stopped: 0.0001094 seconds, Stopping threads took: 0.0000507 seconds
[2019-12-08T10:16:10.019+0000][1][safepoint    ] Application time: 1.0000884 seconds
[2019-12-08T10:16:10.019+0000][1][safepoint    ] Entering safepoint region: Cleanup
[2019-12-08T10:16:10.019+0000][1][safepoint    ] Leaving safepoint region
[2019-12-08T10:16:10.019+0000][1][safepoint    ] Total time for which application threads were stopped: 0.0001572 seconds, Stopping threads took: 0.0000940 seconds
[2019-12-08T10:16:11.019+0000][1][safepoint    ] Application time: 1.0000835 seconds
[2019-12-08T10:16:11.019+0000][1][safepoint    ] Entering safepoint region: Cleanup
[2019-12-08T10:16:11.019+0000][1][safepoint    ] Leaving safepoint region
[2019-12-08T10:16:11.019+0000][1][safepoint    ] Total time for which application threads were stopped: 0.0000681 seconds, Stopping threads took: 0.0000173 seconds
[2019-12-08T10:16:12.019+0000][1][safepoint    ] Application time: 1.0000777 seconds
[2019-12-08T10:16:12.019+0000][1][safepoint    ] Entering safepoint region: Cleanup
[2019-12-08T10:16:12.019+0000][1][safepoint    ] Leaving safepoint region
[2019-12-08T10:16:12.019+0000][1][safepoint    ] Total time for which application threads were stopped: 0.0000675 seconds, Stopping threads took: 0.0000172 seconds
[2019-12-08T10:16:13.019+0000][1][safepoint    ] Application time: 1.0000792 seconds
[2019-12-08T10:16:13.019+0000][1][safepoint    ] Entering safepoint region: Cleanup
[2019-12-08T10:16:13.019+0000][1][safepoint    ] Leaving safepoint region
[2019-12-08T10:16:13.019+0000][1][safepoint    ] Total time for which application threads were stopped: 0.0000675 seconds, Stopping threads took: 0.0000182 seconds
[2019-12-08T10:16:14.019+0000][1][safepoint    ] Application time: 1.0000759 seconds
[2019-12-08T10:16:14.019+0000][1][safepoint    ] Entering safepoint region: Cleanup
[2019-12-08T10:16:14.020+0000][1][safepoint    ] Leaving safepoint region
[2019-12-08T10:16:14.020+0000][1][safepoint    ] Total time for which application threads were stopped: 0.0000638 seconds, Stopping threads took: 0.0000161 seconds
[2019-12-08T10:16:15.020+0000][1][safepoint    ] Application time: 1.0000541 seconds
[2019-12-08T10:16:15.020+0000][1][safepoint    ] Entering safepoint region: Cleanup
[2019-12-08T10:16:15.020+0000][1][safepoint    ] Leaving safepoint region
[2019-12-08T10:16:15.020+0000][1][safepoint    ] Total time for which application threads were stopped: 0.0000626 seconds, Stopping threads took: 0.0000157 seconds
[2019-12-08T10:16:16.020+0000][1][safepoint    ] Application time: 1.0000770 seconds
[2019-12-08T10:16:16.020+0000][1][safepoint    ] Entering safepoint region: Cleanup
[2019-12-08T10:16:16.020+0000][1][safepoint    ] Leaving safepoint region
[2019-12-08T10:16:16.020+0000][1][safepoint    ] Total time for which application threads were stopped: 0.0000646 seconds, Stopping threads took: 0.0000167 seconds
[2019-12-08T10:16:17.020+0000][1][safepoint    ] Application time: 1.0000760 seconds
[2019-12-08T10:16:17.020+0000][1][safepoint    ] Entering safepoint region: Cleanup
[2019-12-08T10:16:17.020+0000][1][safepoint    ] Leaving safepoint region
[2019-12-08T10:16:17.020+0000][1][safepoint    ] Total time for which application threads were stopped: 0.0000768 seconds, Stopping threads took: 0.0000164 seconds
[2019-12-08T10:16:18.020+0000][1][safepoint    ] Application time: 1.0000948 seconds
[2019-12-08T10:16:18.020+0000][1][safepoint    ] Entering safepoint region: Cleanup
[2019-12-08T10:16:18.020+0000][1][safepoint    ] Leaving safepoint region
[2019-12-08T10:16:18.020+0000][1][safepoint    ] Total time for which application threads were stopped: 0.0000660 seconds, Stopping threads took: 0.0000170 seconds
[2019-12-08T10:16:19.020+0000][1][safepoint    ] Application time: 1.0000784 seconds
[2019-12-08T10:16:19.020+0000][1][safepoint    ] Entering safepoint region: Cleanup
[2019-12-08T10:16:19.020+0000][1][safepoint    ] Leaving safepoint region
[2019-12-08T10:16:19.020+0000][1][safepoint    ] Total time for which application threads were stopped: 0.0000662 seconds, Stopping threads took: 0.0000172 seconds
[2019-12-08T10:16:20.020+0000][1][safepoint    ] Application time: 1.0000805 seconds
[2019-12-08T10:16:20.020+0000][1][safepoint    ] Entering safepoint region: Cleanup
[2019-12-08T10:16:20.021+0000][1][safepoint    ] Leaving safepoint region
[2019-12-08T10:16:20.021+0000][1][safepoint    ] Total time for which application threads were stopped: 0.0000650 seconds, Stopping threads took: 0.0000166 seconds
[2019-12-08T10:16:21.021+0000][1][safepoint    ] Application time: 1.0000789 seconds
[2019-12-08T10:16:21.021+0000][1][safepoint    ] Entering safepoint region: Cleanup
[2019-12-08T10:16:21.021+0000][1][safepoint    ] Leaving safepoint region
[2019-12-08T10:16:21.021+0000][1][safepoint    ] Total time for which application threads were stopped: 0.0000811 seconds, Stopping threads took: 0.0000171 seconds
[2019-12-08T10:16:22.021+0000][1][safepoint    ] Application time: 1.0000780 seconds
[2019-12-08T10:16:22.021+0000][1][safepoint    ] Entering safepoint region: Cleanup
[2019-12-08T10:16:22.021+0000][1][safepoint    ] Leaving safepoint region
[2019-12-08T10:16:22.021+0000][1][safepoint    ] Total time for which application threads were stopped: 0.0000666 seconds, Stopping threads took: 0.0000173 seconds
[2019-12-08T10:16:23.021+0000][1][safepoint    ] Application time: 1.0000788 seconds
[2019-12-08T10:16:23.021+0000][1][safepoint    ] Entering safepoint region: Cleanup
[2019-12-08T10:16:23.021+0000][1][safepoint    ] Leaving safepoint region
[2019-12-08T10:16:23.021+0000][1][safepoint    ] Total time for which application threads were stopped: 0.0000634 seconds, Stopping threads took: 0.0000171 seconds
[2019-12-08T10:16:24.021+0000][1][safepoint    ] Application time: 1.0000784 seconds
[2019-12-08T10:16:24.021+0000][1][safepoint    ] Entering safepoint region: Cleanup
[2019-12-08T10:16:24.021+0000][1][safepoint    ] Leaving safepoint region
[2019-12-08T10:16:24.021+0000][1][safepoint    ] Total time for which application threads were stopped: 0.0000762 seconds, Stopping threads took: 0.0000165 seconds
[2019-12-08T10:16:25.021+0000][1][safepoint    ] Application time: 1.0000796 seconds
[2019-12-08T10:16:25.021+0000][1][safepoint    ] Entering safepoint region: Cleanup
[2019-12-08T10:16:25.021+0000][1][safepoint    ] Leaving safepoint region
[2019-12-08T10:16:25.021+0000][1][safepoint    ] Total time for which application threads were stopped: 0.0000648 seconds, Stopping threads took: 0.0000167 seconds
[2019-12-08T10:16:26.022+0000][1][safepoint    ] Application time: 1.0000779 seconds
[2019-12-08T10:16:26.022+0000][1][safepoint    ] Entering safepoint region: Cleanup
[2019-12-08T10:16:26.022+0000][1][safepoint    ] Leaving safepoint region
[2019-12-08T10:16:26.022+0000][1][safepoint    ] Total time for which application threads were stopped: 0.0000633 seconds, Stopping threads took: 0.0000163 seconds
[2019-12-08T10:16:27.022+0000][1][safepoint    ] Application time: 1.0000769 seconds
[2019-12-08T10:16:27.022+0000][1][safepoint    ] Entering safepoint region: Cleanup
[2019-12-08T10:16:27.022+0000][1][safepoint    ] Leaving safepoint region
[2019-12-08T10:16:27.022+0000][1][safepoint    ] Total time for which application threads were stopped: 0.0000758 seconds, Stopping threads took: 0.0000169 seconds
[2019-12-08T10:16:28.022+0000][1][safepoint    ] Application time: 1.0000757 seconds
[2019-12-08T10:16:28.022+0000][1][safepoint    ] Entering safepoint region: Cleanup
[2019-12-08T10:16:28.022+0000][1][safepoint    ] Leaving safepoint region
[2019-12-08T10:16:28.022+0000][1][safepoint    ] Total time for which application threads were stopped: 0.0000638 seconds, Stopping threads took: 0.0000163 seconds
[2019-12-08T10:16:29.022+0000][1][safepoint    ] Application time: 1.0000747 seconds
[2019-12-08T10:16:29.022+0000][1][safepoint    ] Entering safepoint region: Cleanup
[2019-12-08T10:16:29.022+0000][1][safepoint    ] Leaving safepoint region
[2019-12-08T10:16:29.022+0000][1][safepoint    ] Total time for which application threads were stopped: 0.0000621 seconds, Stopping threads took: 0.0000159 seconds
[2019-12-08T10:16:30.022+0000][1][safepoint    ] Application time: 1.0000847 seconds
[2019-12-08T10:16:30.022+0000][1][safepoint    ] Entering safepoint region: Cleanup
[2019-12-08T10:16:30.022+0000][1][safepoint    ] Leaving safepoint region
[2019-12-08T10:16:30.022+0000][1][safepoint    ] Total time for which application threads were stopped: 0.0000864 seconds, Stopping threads took: 0.0000230 seconds
[2019-12-08T10:16:31.022+0000][1][safepoint    ] Application time: 1.0000788 seconds
[2019-12-08T10:16:31.022+0000][1][safepoint    ] Entering safepoint region: Cleanup
[2019-12-08T10:16:31.022+0000][1][safepoint    ] Leaving safepoint region
[2019-12-08T10:16:31.022+0000][1][safepoint    ] Total time for which application threads were stopped: 0.0000722 seconds, Stopping threads took: 0.0000228 seconds
[2019-12-08T10:16:32.023+0000][1][safepoint    ] Application time: 1.0000761 seconds
[2019-12-08T10:16:32.023+0000][1][safepoint    ] Entering safepoint region: Cleanup
[2019-12-08T10:16:32.023+0000][1][safepoint    ] Leaving safepoint region
[2019-12-08T10:16:32.023+0000][1][safepoint    ] Total time for which application threads were stopped: 0.0000658 seconds, Stopping threads took: 0.0000172 seconds
[2019-12-08T10:16:33.023+0000][1][safepoint    ] Application time: 1.0000778 seconds
[2019-12-08T10:16:33.023+0000][1][safepoint    ] Entering safepoint region: Cleanup
[2019-12-08T10:16:33.023+0000][1][safepoint    ] Leaving safepoint region
[2019-12-08T10:16:33.023+0000][1][safepoint    ] Total time for which application threads were stopped: 0.0000636 seconds, Stopping threads took: 0.0000160 seconds
[2019-12-08T10:16:34.023+0000][1][safepoint    ] Application time: 1.0000753 seconds
[2019-12-08T10:16:34.023+0000][1][safepoint    ] Entering safepoint region: Cleanup
[2019-12-08T10:16:34.023+0000][1][safepoint    ] Leaving safepoint region
[2019-12-08T10:16:34.023+0000][1][safepoint    ] Total time for which application threads were stopped: 0.0000665 seconds, Stopping threads took: 0.0000169 seconds
[2019-12-08T10:16:35.023+0000][1][safepoint    ] Application time: 1.0000748 seconds
[2019-12-08T10:16:35.023+0000][1][safepoint    ] Entering safepoint region: Cleanup
[2019-12-08T10:16:35.023+0000][1][safepoint    ] Leaving safepoint region
[2019-12-08T10:16:35.023+0000][1][safepoint    ] Total time for which application threads were stopped: 0.0000635 seconds, Stopping threads took: 0.0000162 seconds
[2019-12-08T10:16:36.023+0000][1][safepoint    ] Application time: 1.0000743 seconds
[2019-12-08T10:16:36.023+0000][1][safepoint    ] Entering safepoint region: Cleanup
[2019-12-08T10:16:36.023+0000][1][safepoint    ] Leaving safepoint region
[2019-12-08T10:16:36.023+0000][1][safepoint    ] Total time for which application threads were stopped: 0.0000647 seconds, Stopping threads took: 0.0000167 seconds
[2019-12-08T10:16:37.023+0000][1][safepoint    ] Application time: 1.0000787 seconds
[2019-12-08T10:16:37.023+0000][1][safepoint    ] Entering safepoint region: Cleanup
[2019-12-08T10:16:37.023+0000][1][safepoint    ] Leaving safepoint region
[2019-12-08T10:16:37.024+0000][1][safepoint    ] Total time for which application threads were stopped: 0.0000637 seconds, Stopping threads took: 0.0000161 seconds
[2019-12-08T10:16:38.024+0000][1][safepoint    ] Application time: 1.0000785 seconds
[2019-12-08T10:16:38.024+0000][1][safepoint    ] Entering safepoint region: Cleanup
[2019-12-08T10:16:38.024+0000][1][safepoint    ] Leaving safepoint region
[2019-12-08T10:16:38.024+0000][1][safepoint    ] Total time for which application threads were stopped: 0.0000661 seconds, Stopping threads took: 0.0000172 seconds
[2019-12-08T10:16:39.024+0000][1][safepoint    ] Application time: 1.0000851 seconds
[2019-12-08T10:16:39.024+0000][1][safepoint    ] Entering safepoint region: Cleanup
[2019-12-08T10:16:39.024+0000][1][safepoint    ] Leaving safepoint region
[2019-12-08T10:16:39.024+0000][1][safepoint    ] Total time for which application threads were stopped: 0.0000911 seconds, Stopping threads took: 0.0000232 seconds
[2019-12-08T10:16:40.024+0000][1][safepoint    ] Application time: 1.0000860 seconds
[2019-12-08T10:16:40.024+0000][1][safepoint    ] Entering safepoint region: Cleanup
[2019-12-08T10:16:40.024+0000][1][safepoint    ] Leaving safepoint region
[2019-12-08T10:16:40.024+0000][1][safepoint    ] Total time for which application threads were stopped: 0.0000704 seconds, Stopping threads took: 0.0000167 seconds
[2019-12-08T10:16:41.024+0000][1][safepoint    ] Application time: 1.0000768 seconds
[2019-12-08T10:16:41.024+0000][1][safepoint    ] Entering safepoint region: Cleanup
[2019-12-08T10:16:41.024+0000][1][safepoint    ] Leaving safepoint region
[2019-12-08T10:16:41.024+0000][1][safepoint    ] Total time for which application threads were stopped: 0.0000659 seconds, Stopping threads took: 0.0000170 seconds
[2019-12-08T10:16:42.024+0000][1][safepoint    ] Application time: 1.0000785 seconds
[2019-12-08T10:16:42.024+0000][1][safepoint    ] Entering safepoint region: Cleanup
[2019-12-08T10:16:42.024+0000][1][safepoint    ] Leaving safepoint region
[2019-12-08T10:16:42.024+0000][1][safepoint    ] Total time for which application threads were stopped: 0.0000648 seconds, Stopping threads took: 0.0000177 seconds
[2019-12-08T10:16:43.025+0000][1][safepoint    ] Application time: 1.0000763 seconds
[2019-12-08T10:16:43.025+0000][1][safepoint    ] Entering safepoint region: Cleanup
[2019-12-08T10:16:43.025+0000][1][safepoint    ] Leaving safepoint region
[2019-12-08T10:16:43.025+0000][1][safepoint    ] Total time for which application threads were stopped: 0.0000734 seconds, Stopping threads took: 0.0000193 seconds
[2019-12-08T10:16:44.025+0000][1][safepoint    ] Application time: 1.0000836 seconds
[2019-12-08T10:16:44.025+0000][1][safepoint    ] Entering safepoint region: Cleanup
[2019-12-08T10:16:44.025+0000][1][safepoint    ] Leaving safepoint region
[2019-12-08T10:16:44.025+0000][1][safepoint    ] Total time for which application threads were stopped: 0.0000695 seconds, Stopping threads took: 0.0000220 seconds
[2019-12-08T10:16:45.025+0000][1][safepoint    ] Application time: 1.0000782 seconds
[2019-12-08T10:16:45.025+0000][1][safepoint    ] Entering safepoint region: Cleanup
[2019-12-08T10:16:45.025+0000][1][safepoint    ] Leaving safepoint region
[2019-12-08T10:16:45.025+0000][1][safepoint    ] Total time for which application threads were stopped: 0.0000662 seconds, Stopping threads took: 0.0000168 seconds
[2019-12-08T10:16:46.025+0000][1][safepoint    ] Application time: 1.0000805 seconds
[2019-12-08T10:16:46.025+0000][1][safepoint    ] Entering safepoint region: Cleanup
[2019-12-08T10:16:46.025+0000][1][safepoint    ] Leaving safepoint region
[2019-12-08T10:16:46.025+0000][1][safepoint    ] Total time for which application threads were stopped: 0.0000654 seconds, Stopping threads took: 0.0000162 seconds
[2019-12-08T10:16:47.025+0000][1][safepoint    ] Application time: 1.0000524 seconds
[2019-12-08T10:16:47.025+0000][1][safepoint    ] Entering safepoint region: Cleanup
[2019-12-08T10:16:47.025+0000][1][safepoint    ] Leaving safepoint region
[2019-12-08T10:16:47.025+0000][1][safepoint    ] Total time for which application threads were stopped: 0.0000755 seconds, Stopping threads took: 0.0000221 seconds
[2019-12-08T10:16:48.025+0000][1][safepoint    ] Application time: 1.0000778 seconds
[2019-12-08T10:16:48.025+0000][1][safepoint    ] Entering safepoint region: Cleanup
[2019-12-08T10:16:48.025+0000][1][safepoint    ] Leaving safepoint region
[2019-12-08T10:16:48.025+0000][1][safepoint    ] Total time for which application threads were stopped: 0.0000745 seconds, Stopping threads took: 0.0000178 seconds
[2019-12-08T10:16:49.026+0000][1][safepoint    ] Application time: 1.0000757 seconds
[2019-12-08T10:16:49.026+0000][1][safepoint    ] Entering safepoint region: Cleanup
[2019-12-08T10:16:49.026+0000][1][safepoint    ] Leaving safepoint region
[2019-12-08T10:16:49.026+0000][1][safepoint    ] Total time for which application threads were stopped: 0.0000674 seconds, Stopping threads took: 0.0000177 seconds
[2019-12-08T10:16:50.026+0000][1][safepoint    ] Application time: 1.0000863 seconds
[2019-12-08T10:16:50.026+0000][1][safepoint    ] Entering safepoint region: Cleanup
[2019-12-08T10:16:50.026+0000][1][safepoint    ] Leaving safepoint region
[2019-12-08T10:16:50.026+0000][1][safepoint    ] Total time for which application threads were stopped: 0.0000644 seconds, Stopping threads took: 0.0000164 seconds
[2019-12-08T10:16:51.026+0000][1][safepoint    ] Application time: 1.0000752 seconds
[2019-12-08T10:16:51.026+0000][1][safepoint    ] Entering safepoint region: Cleanup
[2019-12-08T10:16:51.026+0000][1][safepoint    ] Leaving safepoint region
[2019-12-08T10:16:51.026+0000][1][safepoint    ] Total time for which application threads were stopped: 0.0000646 seconds, Stopping threads took: 0.0000169 seconds
[2019-12-08T10:16:52.026+0000][1][safepoint    ] Application time: 1.0000762 seconds
[2019-12-08T10:16:52.026+0000][1][safepoint    ] Entering safepoint region: Cleanup
[2019-12-08T10:16:52.026+0000][1][safepoint    ] Leaving safepoint region
[2019-12-08T10:16:52.026+0000][1][safepoint    ] Total time for which application threads were stopped: 0.0000665 seconds, Stopping threads took: 0.0000177 seconds
[2019-12-08T10:16:53.026+0000][1][safepoint    ] Application time: 1.0000765 seconds
[2019-12-08T10:16:53.026+0000][1][safepoint    ] Entering safepoint region: Cleanup
[2019-12-08T10:16:53.026+0000][1][safepoint    ] Leaving safepoint region
[2019-12-08T10:16:53.026+0000][1][safepoint    ] Total time for which application threads were stopped: 0.0000661 seconds, Stopping threads took: 0.0000170 seconds
[2019-12-08T10:16:54.026+0000][1][safepoint    ] Application time: 1.0000766 seconds
[2019-12-08T10:16:54.027+0000][1][safepoint    ] Entering safepoint region: Cleanup
[2019-12-08T10:16:54.027+0000][1][safepoint    ] Leaving safepoint region
[2019-12-08T10:16:54.027+0000][1][safepoint    ] Total time for which application threads were stopped: 0.0000693 seconds, Stopping threads took: 0.0000169 seconds
[2019-12-08T10:16:55.027+0000][1][safepoint    ] Application time: 1.0000775 seconds
[2019-12-08T10:16:55.027+0000][1][safepoint    ] Entering safepoint region: Cleanup
[2019-12-08T10:16:55.027+0000][1][safepoint    ] Leaving safepoint region
[2019-12-08T10:16:55.027+0000][1][safepoint    ] Total time for which application threads were stopped: 0.0000746 seconds, Stopping threads took: 0.0000270 seconds
[2019-12-08T10:16:56.027+0000][1][safepoint    ] Application time: 1.0000759 seconds
[2019-12-08T10:16:56.027+0000][1][safepoint    ] Entering safepoint region: Cleanup
[2019-12-08T10:16:56.027+0000][1][safepoint    ] Leaving safepoint region
[2019-12-08T10:16:56.027+0000][1][safepoint    ] Total time for which application threads were stopped: 0.0000652 seconds, Stopping threads took: 0.0000165 seconds
[2019-12-08T10:16:57.027+0000][1][safepoint    ] Application time: 1.0000757 seconds
[2019-12-08T10:16:57.027+0000][1][safepoint    ] Entering safepoint region: Cleanup
[2019-12-08T10:16:57.027+0000][1][safepoint    ] Leaving safepoint region
[2019-12-08T10:16:57.027+0000][1][safepoint    ] Total time for which application threads were stopped: 0.0000644 seconds, Stopping threads took: 0.0000167 seconds
[2019-12-08T10:16:58.027+0000][1][safepoint    ] Application time: 1.0000755 seconds
[2019-12-08T10:16:58.027+0000][1][safepoint    ] Entering safepoint region: Cleanup
[2019-12-08T10:16:58.027+0000][1][safepoint    ] Leaving safepoint region
[2019-12-08T10:16:58.027+0000][1][safepoint    ] Total time for which application threads were stopped: 0.0000700 seconds, Stopping threads took: 0.0000167 seconds
[2019-12-08T10:16:59.027+0000][1][safepoint    ] Application time: 1.0000751 seconds
[2019-12-08T10:16:59.027+0000][1][safepoint    ] Entering safepoint region: Cleanup
[2019-12-08T10:16:59.027+0000][1][safepoint    ] Leaving safepoint region
[2019-12-08T10:16:59.027+0000][1][safepoint    ] Total time for which application threads were stopped: 0.0000647 seconds, Stopping threads took: 0.0000173 seconds
[2019-12-08T10:17:00.028+0000][1][safepoint    ] Application time: 1.0000748 seconds
[2019-12-08T10:17:00.028+0000][1][safepoint    ] Entering safepoint region: Cleanup
[2019-12-08T10:17:00.028+0000][1][safepoint    ] Leaving safepoint region
[2019-12-08T10:17:00.028+0000][1][safepoint    ] Total time for which application threads were stopped: 0.0000634 seconds, Stopping threads took: 0.0000172 seconds
[2019-12-08T10:17:01.028+0000][1][safepoint    ] Application time: 1.0000791 seconds
[2019-12-08T10:17:01.028+0000][1][safepoint    ] Entering safepoint region: Cleanup
[2019-12-08T10:17:01.028+0000][1][safepoint    ] Leaving safepoint region
[2019-12-08T10:17:01.028+0000][1][safepoint    ] Total time for which application threads were stopped: 0.0000675 seconds, Stopping threads took: 0.0000178 seconds
[2019-12-08T10:17:02.028+0000][1][safepoint    ] Application time: 1.0000781 seconds
[2019-12-08T10:17:02.028+0000][1][safepoint    ] Entering safepoint region: Cleanup
[2019-12-08T10:17:02.028+0000][1][safepoint    ] Leaving safepoint region
[2019-12-08T10:17:02.028+0000][1][safepoint    ] Total time for which application threads were stopped: 0.0000671 seconds, Stopping threads took: 0.0000166 seconds
[2019-12-08T10:17:03.028+0000][1][safepoint    ] Application time: 1.0000790 seconds
[2019-12-08T10:17:03.028+0000][1][safepoint    ] Entering safepoint region: Cleanup
[2019-12-08T10:17:03.028+0000][1][safepoint    ] Leaving safepoint region
[2019-12-08T10:17:03.028+0000][1][safepoint    ] Total time for which application threads were stopped: 0.0000644 seconds, Stopping threads took: 0.0000159 seconds
[2019-12-08T10:17:04.028+0000][1][safepoint    ] Application time: 1.0000791 seconds
[2019-12-08T10:17:04.028+0000][1][safepoint    ] Entering safepoint region: Cleanup
[2019-12-08T10:17:04.028+0000][1][safepoint    ] Leaving safepoint region
[2019-12-08T10:17:04.028+0000][1][safepoint    ] Total time for which application threads were stopped: 0.0000681 seconds, Stopping threads took: 0.0000173 seconds
[2019-12-08T10:17:05.028+0000][1][safepoint    ] Application time: 1.0000776 seconds
[2019-12-08T10:17:05.028+0000][1][safepoint    ] Entering safepoint region: Cleanup
[2019-12-08T10:17:05.029+0000][1][safepoint    ] Leaving safepoint region
[2019-12-08T10:17:05.029+0000][1][safepoint    ] Total time for which application threads were stopped: 0.0000679 seconds, Stopping threads took: 0.0000169 seconds
[2019-12-08T10:17:06.029+0000][1][safepoint    ] Application time: 1.0000783 seconds
[2019-12-08T10:17:06.029+0000][1][safepoint    ] Entering safepoint region: Cleanup
[2019-12-08T10:17:06.029+0000][1][safepoint    ] Leaving safepoint region
[2019-12-08T10:17:06.029+0000][1][safepoint    ] Total time for which application threads were stopped: 0.0000793 seconds, Stopping threads took: 0.0000162 seconds
[2019-12-08T10:17:07.029+0000][1][safepoint    ] Application time: 1.0000813 seconds
[2019-12-08T10:17:07.029+0000][1][safepoint    ] Entering safepoint region: Cleanup
[2019-12-08T10:17:07.029+0000][1][safepoint    ] Leaving safepoint region
[2019-12-08T10:17:07.029+0000][1][safepoint    ] Total time for which application threads were stopped: 0.0000738 seconds, Stopping threads took: 0.0000177 seconds
[2019-12-08T10:17:08.029+0000][1][safepoint    ] Application time: 1.0000813 seconds
[2019-12-08T10:17:08.029+0000][1][safepoint    ] Entering safepoint region: Cleanup
[2019-12-08T10:17:08.029+0000][1][safepoint    ] Leaving safepoint region
[2019-12-08T10:17:08.029+0000][1][safepoint    ] Total time for which application threads were stopped: 0.0000680 seconds, Stopping threads took: 0.0000172 seconds
[2019-12-08T10:17:09.029+0000][1][safepoint    ] Application time: 1.0000822 seconds
[2019-12-08T10:17:09.029+0000][1][safepoint    ] Entering safepoint region: Cleanup
[2019-12-08T10:17:09.029+0000][1][safepoint    ] Leaving safepoint region
[2019-12-08T10:17:09.029+0000][1][safepoint    ] Total time for which application threads were stopped: 0.0000694 seconds, Stopping threads took: 0.0000176 seconds
[2019-12-08T10:17:10.029+0000][1][safepoint    ] Application time: 1.0000771 seconds
[2019-12-08T10:17:10.029+0000][1][safepoint    ] Entering safepoint region: Cleanup
[2019-12-08T10:17:10.030+0000][1][safepoint    ] Leaving safepoint region
[2019-12-08T10:17:10.030+0000][1][safepoint    ] Total time for which application threads were stopped: 0.0000701 seconds, Stopping threads took: 0.0000177 seconds
[2019-12-08T10:17:11.030+0000][1][safepoint    ] Application time: 1.0000826 seconds
[2019-12-08T10:17:11.030+0000][1][safepoint    ] Entering safepoint region: Cleanup
[2019-12-08T10:17:11.030+0000][1][safepoint    ] Leaving safepoint region
[2019-12-08T10:17:11.030+0000][1][safepoint    ] Total time for which application threads were stopped: 0.0000803 seconds, Stopping threads took: 0.0000174 seconds
[2019-12-08T10:17:12.030+0000][1][safepoint    ] Application time: 1.0000761 seconds
[2019-12-08T10:17:12.030+0000][1][safepoint    ] Entering safepoint region: Cleanup
[2019-12-08T10:17:12.030+0000][1][safepoint    ] Leaving safepoint region
[2019-12-08T10:17:12.030+0000][1][safepoint    ] Total time for which application threads were stopped: 0.0000679 seconds, Stopping threads took: 0.0000173 seconds
[2019-12-08T10:17:13.030+0000][1][safepoint    ] Application time: 1.0000833 seconds
[2019-12-08T10:17:13.030+0000][1][safepoint    ] Entering safepoint region: Cleanup
[2019-12-08T10:17:13.030+0000][1][safepoint    ] Leaving safepoint region
[2019-12-08T10:17:13.030+0000][1][safepoint    ] Total time for which application threads were stopped: 0.0000708 seconds, Stopping threads took: 0.0000189 seconds
[2019-12-08T10:17:14.030+0000][1][safepoint    ] Application time: 1.0000778 seconds
[2019-12-08T10:17:14.030+0000][1][safepoint    ] Entering safepoint region: Cleanup
[2019-12-08T10:17:14.030+0000][1][safepoint    ] Leaving safepoint region
[2019-12-08T10:17:14.030+0000][1][safepoint    ] Total time for which application threads were stopped: 0.0000690 seconds, Stopping threads took: 0.0000178 seconds
[2019-12-08T10:17:15.030+0000][1][safepoint    ] Application time: 1.0000759 seconds
[2019-12-08T10:17:15.030+0000][1][safepoint    ] Entering safepoint region: Cleanup
[2019-12-08T10:17:15.030+0000][1][safepoint    ] Leaving safepoint region
[2019-12-08T10:17:15.030+0000][1][safepoint    ] Total time for which application threads were stopped: 0.0000693 seconds, Stopping threads took: 0.0000173 seconds
[2019-12-08T10:17:16.031+0000][1][safepoint    ] Application time: 1.0000822 seconds
[2019-12-08T10:17:16.031+0000][1][safepoint    ] Entering safepoint region: Cleanup
[2019-12-08T10:17:16.031+0000][1][safepoint    ] Leaving safepoint region
[2019-12-08T10:17:16.031+0000][1][safepoint    ] Total time for which application threads were stopped: 0.0000839 seconds, Stopping threads took: 0.0000189 seconds
[2019-12-08T10:17:17.031+0000][1][safepoint    ] Application time: 1.0000802 seconds
[2019-12-08T10:17:17.031+0000][1][safepoint    ] Entering safepoint region: Cleanup
[2019-12-08T10:17:17.031+0000][1][safepoint    ] Leaving safepoint region
[2019-12-08T10:17:17.031+0000][1][safepoint    ] Total time for which application threads were stopped: 0.0000701 seconds, Stopping threads took: 0.0000188 seconds
[2019-12-08T10:17:18.031+0000][1][safepoint    ] Application time: 1.0000789 seconds
[2019-12-08T10:17:18.031+0000][1][safepoint    ] Entering safepoint region: Cleanup
[2019-12-08T10:17:18.031+0000][1][safepoint    ] Leaving safepoint region
[2019-12-08T10:17:18.031+0000][1][safepoint    ] Total time for which application threads were stopped: 0.0000683 seconds, Stopping threads took: 0.0000183 seconds
[2019-12-08T10:17:19.031+0000][1][safepoint    ] Application time: 1.0000769 seconds
[2019-12-08T10:17:19.031+0000][1][safepoint    ] Entering safepoint region: Cleanup
[2019-12-08T10:17:19.031+0000][1][safepoint    ] Leaving safepoint region
[2019-12-08T10:17:19.031+0000][1][safepoint    ] Total time for which application threads were stopped: 0.0000831 seconds, Stopping threads took: 0.0000303 seconds
[2019-12-08T10:17:20.031+0000][1][safepoint    ] Application time: 1.0000780 seconds
[2019-12-08T10:17:20.031+0000][1][safepoint    ] Entering safepoint region: Cleanup
[2019-12-08T10:17:20.031+0000][1][safepoint    ] Leaving safepoint region
[2019-12-08T10:17:20.031+0000][1][safepoint    ] Total time for which application threads were stopped: 0.0000696 seconds, Stopping threads took: 0.0000170 seconds
[2019-12-08T10:17:21.058+0000][1][safepoint    ] Application time: 1.0268995 seconds
[2019-12-08T10:17:21.058+0000][1][safepoint    ] Entering safepoint region: Cleanup
[2019-12-08T10:17:21.058+0000][1][safepoint    ] Leaving safepoint region
[2019-12-08T10:17:21.058+0000][1][safepoint    ] Total time for which application threads were stopped: 0.0000678 seconds, Stopping threads took: 0.0000160 seconds
[2019-12-08T10:17:22.059+0000][1][safepoint    ] Application time: 1.0000846 seconds
[2019-12-08T10:17:22.059+0000][1][safepoint    ] Entering safepoint region: Cleanup
[2019-12-08T10:17:22.059+0000][1][safepoint    ] Leaving safepoint region
[2019-12-08T10:17:22.059+0000][1][safepoint    ] Total time for which application threads were stopped: 0.0000836 seconds, Stopping threads took: 0.0000187 seconds
[2019-12-08T10:17:23.059+0000][1][safepoint    ] Application time: 1.0000728 seconds
[2019-12-08T10:17:23.059+0000][1][safepoint    ] Entering safepoint region: Cleanup
[2019-12-08T10:17:23.059+0000][1][safepoint    ] Leaving safepoint region
[2019-12-08T10:17:23.059+0000][1][safepoint    ] Total time for which application threads were stopped: 0.0000615 seconds, Stopping threads took: 0.0000146 seconds
[2019-12-08T10:17:24.059+0000][1][safepoint    ] Application time: 1.0000744 seconds
[2019-12-08T10:17:24.059+0000][1][safepoint    ] Entering safepoint region: Cleanup
[2019-12-08T10:17:24.059+0000][1][safepoint    ] Leaving safepoint region
[2019-12-08T10:17:24.059+0000][1][safepoint    ] Total time for which application threads were stopped: 0.0000613 seconds, Stopping threads took: 0.0000141 seconds
[2019-12-08T10:17:25.059+0000][1][safepoint    ] Application time: 1.0000810 seconds
[2019-12-08T10:17:25.059+0000][1][safepoint    ] Entering safepoint region: Cleanup
[2019-12-08T10:17:25.059+0000][1][safepoint    ] Leaving safepoint region
[2019-12-08T10:17:25.059+0000][1][safepoint    ] Total time for which application threads were stopped: 0.0000679 seconds, Stopping threads took: 0.0000154 seconds
[2019-12-08T10:17:26.059+0000][1][safepoint    ] Application time: 1.0000809 seconds
[2019-12-08T10:17:26.059+0000][1][safepoint    ] Entering safepoint region: Cleanup
[2019-12-08T10:17:26.059+0000][1][safepoint    ] Leaving safepoint region
[2019-12-08T10:17:26.059+0000][1][safepoint    ] Total time for which application threads were stopped: 0.0000659 seconds, Stopping threads took: 0.0000163 seconds
[2019-12-08T10:17:27.060+0000][1][safepoint    ] Application time: 1.0000878 seconds
[2019-12-08T10:17:27.060+0000][1][safepoint    ] Entering safepoint region: Cleanup
[2019-12-08T10:17:27.060+0000][1][safepoint    ] Leaving safepoint region
[2019-12-08T10:17:27.060+0000][1][safepoint    ] Total time for which application threads were stopped: 0.0000695 seconds, Stopping threads took: 0.0000197 seconds
[2019-12-08T10:17:28.060+0000][1][safepoint    ] Application time: 1.0000920 seconds
[2019-12-08T10:17:28.060+0000][1][safepoint    ] Entering safepoint region: Cleanup
[2019-12-08T10:17:28.060+0000][1][safepoint    ] Leaving safepoint region
[2019-12-08T10:17:28.060+0000][1][safepoint    ] Total time for which application threads were stopped: 0.0000657 seconds, Stopping threads took: 0.0000163 seconds
[2019-12-08T10:17:29.060+0000][1][safepoint    ] Application time: 1.0000804 seconds
[2019-12-08T10:17:29.060+0000][1][safepoint    ] Entering safepoint region: Cleanup
[2019-12-08T10:17:29.060+0000][1][safepoint    ] Leaving safepoint region
[2019-12-08T10:17:29.060+0000][1][safepoint    ] Total time for which application threads were stopped: 0.0000891 seconds, Stopping threads took: 0.0000160 seconds
[2019-12-08T10:17:30.060+0000][1][safepoint    ] Application time: 1.0000813 seconds
[2019-12-08T10:17:30.060+0000][1][safepoint    ] Entering safepoint region: Cleanup
[2019-12-08T10:17:30.060+0000][1][safepoint    ] Leaving safepoint region
[2019-12-08T10:17:30.060+0000][1][safepoint    ] Total time for which application threads were stopped: 0.0000655 seconds, Stopping threads took: 0.0000160 seconds
[2019-12-08T10:17:31.060+0000][1][safepoint    ] Application time: 1.0000801 seconds
[2019-12-08T10:17:31.060+0000][1][safepoint    ] Entering safepoint region: Cleanup
[2019-12-08T10:17:31.060+0000][1][safepoint    ] Leaving safepoint region
[2019-12-08T10:17:31.060+0000][1][safepoint    ] Total time for which application threads were stopped: 0.0000806 seconds, Stopping threads took: 0.0000291 seconds
[2019-12-08T10:17:32.061+0000][1][safepoint    ] Application time: 1.0000804 seconds
[2019-12-08T10:17:32.061+0000][1][safepoint    ] Entering safepoint region: Cleanup
[2019-12-08T10:17:32.061+0000][1][safepoint    ] Leaving safepoint region
[2019-12-08T10:17:32.061+0000][1][safepoint    ] Total time for which application threads were stopped: 0.0000644 seconds, Stopping threads took: 0.0000151 seconds
[2019-12-08T10:17:33.061+0000][1][safepoint    ] Application time: 1.0000702 seconds
[2019-12-08T10:17:33.061+0000][1][safepoint    ] Entering safepoint region: Cleanup
[2019-12-08T10:17:33.061+0000][1][safepoint    ] Leaving safepoint region
[2019-12-08T10:17:33.061+0000][1][safepoint    ] Total time for which application threads were stopped: 0.0001413 seconds, Stopping threads took: 0.0000575 seconds
[2019-12-08T10:17:34.061+0000][1][safepoint    ] Application time: 1.0001826 seconds
[2019-12-08T10:17:34.061+0000][1][safepoint    ] Entering safepoint region: Cleanup
[2019-12-08T10:17:34.061+0000][1][safepoint    ] Leaving safepoint region
[2019-12-08T10:17:34.061+0000][1][safepoint    ] Total time for which application threads were stopped: 0.0001635 seconds, Stopping threads took: 0.0000768 seconds
[2019-12-08T10:17:35.061+0000][1][safepoint    ] Application time: 1.0000814 seconds
[2019-12-08T10:17:35.061+0000][1][safepoint    ] Entering safepoint region: Cleanup
[2019-12-08T10:17:35.062+0000][1][safepoint    ] Leaving safepoint region
[2019-12-08T10:17:35.062+0000][1][safepoint    ] Total time for which application threads were stopped: 0.0001436 seconds, Stopping threads took: 0.0000558 seconds
[2019-12-08T10:17:36.062+0000][1][safepoint    ] Application time: 1.0000851 seconds
[2019-12-08T10:17:36.062+0000][1][safepoint    ] Entering safepoint region: Cleanup
[2019-12-08T10:17:36.062+0000][1][safepoint    ] Leaving safepoint region
[2019-12-08T10:17:36.062+0000][1][safepoint    ] Total time for which application threads were stopped: 0.0000818 seconds, Stopping threads took: 0.0000165 seconds
[2019-12-08T10:17:37.062+0000][1][safepoint    ] Application time: 1.0000845 seconds
[2019-12-08T10:17:37.062+0000][1][safepoint    ] Entering safepoint region: Cleanup
[2019-12-08T10:17:37.062+0000][1][safepoint    ] Leaving safepoint region
[2019-12-08T10:17:37.062+0000][1][safepoint    ] Total time for which application threads were stopped: 0.0000668 seconds, Stopping threads took: 0.0000175 seconds
[2019-12-08T10:17:38.062+0000][1][safepoint    ] Application time: 1.0000799 seconds
[2019-12-08T10:17:38.062+0000][1][safepoint    ] Entering safepoint region: Cleanup
[2019-12-08T10:17:38.062+0000][1][safepoint    ] Leaving safepoint region
[2019-12-08T10:17:38.062+0000][1][safepoint    ] Total time for which application threads were stopped: 0.0000686 seconds, Stopping threads took: 0.0000173 seconds
[2019-12-08T10:17:39.062+0000][1][safepoint    ] Application time: 1.0000800 seconds
[2019-12-08T10:17:39.062+0000][1][safepoint    ] Entering safepoint region: Cleanup
[2019-12-08T10:17:39.062+0000][1][safepoint    ] Leaving safepoint region
[2019-12-08T10:17:39.062+0000][1][safepoint    ] Total time for which application threads were stopped: 0.0000684 seconds, Stopping threads took: 0.0000172 seconds
[2019-12-08T10:17:40.062+0000][1][safepoint    ] Application time: 1.0000885 seconds
[2019-12-08T10:17:40.062+0000][1][safepoint    ] Entering safepoint region: Cleanup
[2019-12-08T10:17:40.062+0000][1][safepoint    ] Leaving safepoint region
[2019-12-08T10:17:40.062+0000][1][safepoint    ] Total time for which application threads were stopped: 0.0000681 seconds, Stopping threads took: 0.0000170 seconds
[2019-12-08T10:17:41.063+0000][1][safepoint    ] Application time: 1.0000858 seconds
[2019-12-08T10:17:41.063+0000][1][safepoint    ] Entering safepoint region: Cleanup
[2019-12-08T10:17:41.063+0000][1][safepoint    ] Leaving safepoint region
[2019-12-08T10:17:41.063+0000][1][safepoint    ] Total time for which application threads were stopped: 0.0000843 seconds, Stopping threads took: 0.0000176 seconds
[2019-12-08T10:17:42.065+0000][1][safepoint    ] Application time: 1.0026275 seconds
[2019-12-08T10:17:42.065+0000][1][safepoint    ] Entering safepoint region: Cleanup
[2019-12-08T10:17:42.065+0000][1][safepoint    ] Leaving safepoint region
[2019-12-08T10:17:42.065+0000][1][safepoint    ] Total time for which application threads were stopped: 0.0000681 seconds, Stopping threads took: 0.0000167 seconds
[2019-12-08T10:17:43.066+0000][1][safepoint    ] Application time: 1.0000939 seconds
[2019-12-08T10:17:43.066+0000][1][safepoint    ] Entering safepoint region: Cleanup
[2019-12-08T10:17:43.066+0000][1][safepoint    ] Leaving safepoint region
[2019-12-08T10:17:43.066+0000][1][safepoint    ] Total time for which application threads were stopped: 0.0001667 seconds, Stopping threads took: 0.0000808 seconds
[2019-12-08T10:17:44.066+0000][1][safepoint    ] Application time: 1.0000851 seconds
[2019-12-08T10:17:44.066+0000][1][safepoint    ] Entering safepoint region: Cleanup
[2019-12-08T10:17:44.066+0000][1][safepoint    ] Leaving safepoint region
[2019-12-08T10:17:44.066+0000][1][safepoint    ] Total time for which application threads were stopped: 0.0000700 seconds, Stopping threads took: 0.0000218 seconds
[2019-12-08T10:17:45.066+0000][1][safepoint    ] Application time: 1.0000832 seconds
[2019-12-08T10:17:45.066+0000][1][safepoint    ] Entering safepoint region: Cleanup
[2019-12-08T10:17:45.066+0000][1][safepoint    ] Leaving safepoint region
[2019-12-08T10:17:45.066+0000][1][safepoint    ] Total time for which application threads were stopped: 0.0000686 seconds, Stopping threads took: 0.0000172 seconds
[2019-12-08T10:17:46.066+0000][1][safepoint    ] Application time: 1.0000801 seconds
[2019-12-08T10:17:46.066+0000][1][safepoint    ] Entering safepoint region: Cleanup
[2019-12-08T10:17:46.066+0000][1][safepoint    ] Leaving safepoint region
[2019-12-08T10:17:46.066+0000][1][safepoint    ] Total time for which application threads were stopped: 0.0000666 seconds, Stopping threads took: 0.0000171 seconds
[2019-12-08T10:17:47.066+0000][1][safepoint    ] Application time: 1.0000840 seconds
[2019-12-08T10:17:47.066+0000][1][safepoint    ] Entering safepoint region: Cleanup
[2019-12-08T10:17:47.066+0000][1][safepoint    ] Leaving safepoint region
[2019-12-08T10:17:47.067+0000][1][safepoint    ] Total time for which application threads were stopped: 0.0000706 seconds, Stopping threads took: 0.0000181 seconds
[2019-12-08T10:17:48.067+0000][1][safepoint    ] Application time: 1.0000782 seconds
[2019-12-08T10:17:48.067+0000][1][safepoint    ] Entering safepoint region: Cleanup
[2019-12-08T10:17:48.067+0000][1][safepoint    ] Leaving safepoint region
[2019-12-08T10:17:48.067+0000][1][safepoint    ] Total time for which application threads were stopped: 0.0000622 seconds, Stopping threads took: 0.0000160 seconds
[2019-12-08T10:17:49.067+0000][1][safepoint    ] Application time: 1.0000805 seconds
[2019-12-08T10:17:49.067+0000][1][safepoint    ] Entering safepoint region: Cleanup
[2019-12-08T10:17:49.067+0000][1][safepoint    ] Leaving safepoint region
[2019-12-08T10:17:49.067+0000][1][safepoint    ] Total time for which application threads were stopped: 0.0000670 seconds, Stopping threads took: 0.0000175 seconds
[2019-12-08T10:17:50.067+0000][1][safepoint    ] Application time: 1.0000786 seconds
[2019-12-08T10:17:50.067+0000][1][safepoint    ] Entering safepoint region: Cleanup
[2019-12-08T10:17:50.067+0000][1][safepoint    ] Leaving safepoint region
[2019-12-08T10:17:50.067+0000][1][safepoint    ] Total time for which application threads were stopped: 0.0000700 seconds, Stopping threads took: 0.0000173 seconds
[2019-12-08T10:17:51.067+0000][1][safepoint    ] Application time: 1.0000784 seconds
[2019-12-08T10:17:51.067+0000][1][safepoint    ] Entering safepoint region: Cleanup
[2019-12-08T10:17:51.067+0000][1][safepoint    ] Leaving safepoint region
[2019-12-08T10:17:51.067+0000][1][safepoint    ] Total time for which application threads were stopped: 0.0000684 seconds, Stopping threads took: 0.0000177 seconds
[2019-12-08T10:17:52.067+0000][1][safepoint    ] Application time: 1.0000761 seconds
[2019-12-08T10:17:52.067+0000][1][safepoint    ] Entering safepoint region: Cleanup
[2019-12-08T10:17:52.067+0000][1][safepoint    ] Leaving safepoint region
[2019-12-08T10:17:52.067+0000][1][safepoint    ] Total time for which application threads were stopped: 0.0000652 seconds, Stopping threads took: 0.0000160 seconds
[2019-12-08T10:17:52.070+0000][1][safepoint    ] Application time: 0.0024009 seconds
[2019-12-08T10:17:52.070+0000][1][safepoint    ] Entering safepoint region: GenCollectForAllocation
[2019-12-08T10:17:52.070+0000][1][gc,start     ] GC(28) Pause Young (Allocation Failure)
[2019-12-08T10:17:52.070+0000][1][gc,task      ] GC(28) Using 4 workers of 4 for evacuation
[2019-12-08T10:17:52.072+0000][1][gc,age       ] GC(28) Desired survivor size 4456448 bytes, new threshold 6 (max threshold 6)
[2019-12-08T10:17:52.072+0000][1][gc,age       ] GC(28) Age table with threshold 6 (max threshold 6)
[2019-12-08T10:17:52.072+0000][1][gc,age       ] GC(28) - age   1:      73536 bytes,      73536 total
[2019-12-08T10:17:52.072+0000][1][gc,age       ] GC(28) - age   2:       1888 bytes,      75424 total
[2019-12-08T10:17:52.072+0000][1][gc,age       ] GC(28) - age   3:       4008 bytes,      79432 total
[2019-12-08T10:17:52.072+0000][1][gc,age       ] GC(28) - age   4:       4144 bytes,      83576 total
[2019-12-08T10:17:52.072+0000][1][gc,age       ] GC(28) - age   5:       7440 bytes,      91016 total
[2019-12-08T10:17:52.072+0000][1][gc,age       ] GC(28) - age   6:       7864 bytes,      98880 total
[2019-12-08T10:17:52.072+0000][1][gc,heap      ] GC(28) ParNew: 72600K->812K(78656K)
[2019-12-08T10:17:52.072+0000][1][gc,heap      ] GC(28) CMS: 68995K->69579K(174784K)
[2019-12-08T10:17:52.072+0000][1][gc,metaspace ] GC(28) Metaspace: 68237K->68237K(1112064K)
[2019-12-08T10:17:52.072+0000][1][gc           ] GC(28) Pause Young (Allocation Failure) 138M->68M(247M) 2.303ms
[2019-12-08T10:17:52.072+0000][1][gc,cpu       ] GC(28) User=0.01s Sys=0.00s Real=0.01s
[2019-12-08T10:17:52.072+0000][1][safepoint    ] Leaving safepoint region
[2019-12-08T10:17:52.072+0000][1][safepoint    ] Total time for which application threads were stopped: 0.0024611 seconds, Stopping threads took: 0.0000140 seconds
[2019-12-08T10:17:53.072+0000][1][safepoint    ] Application time: 1.0000947 seconds
[2019-12-08T10:17:53.072+0000][1][safepoint    ] Entering safepoint region: Cleanup
[2019-12-08T10:17:53.072+0000][1][safepoint    ] Leaving safepoint region
[2019-12-08T10:17:53.073+0000][1][safepoint    ] Total time for which application threads were stopped: 0.0000688 seconds, Stopping threads took: 0.0000167 seconds
[2019-12-08T10:17:54.073+0000][1][safepoint    ] Application time: 1.0000749 seconds
[2019-12-08T10:17:54.073+0000][1][safepoint    ] Entering safepoint region: Cleanup
[2019-12-08T10:17:54.073+0000][1][safepoint    ] Leaving safepoint region
[2019-12-08T10:17:54.073+0000][1][safepoint    ] Total time for which application threads were stopped: 0.0000624 seconds, Stopping threads took: 0.0000158 seconds
[2019-12-08T10:17:55.073+0000][1][safepoint    ] Application time: 1.0000844 seconds
[2019-12-08T10:17:55.073+0000][1][safepoint    ] Entering safepoint region: Cleanup
[2019-12-08T10:17:55.073+0000][1][safepoint    ] Leaving safepoint region
[2019-12-08T10:17:55.073+0000][1][safepoint    ] Total time for which application threads were stopped: 0.0000638 seconds, Stopping threads took: 0.0000157 seconds
[2019-12-08T10:17:56.073+0000][1][safepoint    ] Application time: 1.0000805 seconds
[2019-12-08T10:17:56.073+0000][1][safepoint    ] Entering safepoint region: Cleanup
[2019-12-08T10:17:56.073+0000][1][safepoint    ] Leaving safepoint region
[2019-12-08T10:17:56.073+0000][1][safepoint    ] Total time for which application threads were stopped: 0.0000635 seconds, Stopping threads took: 0.0000161 seconds
[2019-12-08T10:17:57.073+0000][1][safepoint    ] Application time: 1.0000745 seconds
[2019-12-08T10:17:57.073+0000][1][safepoint    ] Entering safepoint region: Cleanup
[2019-12-08T10:17:57.073+0000][1][safepoint    ] Leaving safepoint region
[2019-12-08T10:17:57.073+0000][1][safepoint    ] Total time for which application threads were stopped: 0.0000665 seconds, Stopping threads took: 0.0000160 seconds
[2019-12-08T10:17:58.073+0000][1][safepoint    ] Application time: 1.0000825 seconds
[2019-12-08T10:17:58.073+0000][1][safepoint    ] Entering safepoint region: Cleanup
[2019-12-08T10:17:58.073+0000][1][safepoint    ] Leaving safepoint region
[2019-12-08T10:17:58.073+0000][1][safepoint    ] Total time for which application threads were stopped: 0.0000632 seconds, Stopping threads took: 0.0000153 seconds
[2019-12-08T10:17:59.073+0000][1][safepoint    ] Application time: 1.0000826 seconds
[2019-12-08T10:17:59.074+0000][1][safepoint    ] Entering safepoint region: Cleanup
[2019-12-08T10:17:59.074+0000][1][safepoint    ] Leaving safepoint region
[2019-12-08T10:17:59.074+0000][1][safepoint    ] Total time for which application threads were stopped: 0.0000681 seconds, Stopping threads took: 0.0000167 seconds
[2019-12-08T10:18:00.074+0000][1][safepoint    ] Application time: 1.0001009 seconds
[2019-12-08T10:18:00.074+0000][1][safepoint    ] Entering safepoint region: Cleanup
[2019-12-08T10:18:00.074+0000][1][safepoint    ] Leaving safepoint region
[2019-12-08T10:18:00.074+0000][1][safepoint    ] Total time for which application threads were stopped: 0.0000665 seconds, Stopping threads took: 0.0000174 seconds
[2019-12-08T10:18:01.074+0000][1][safepoint    ] Application time: 1.0000865 seconds
[2019-12-08T10:18:01.074+0000][1][safepoint    ] Entering safepoint region: Cleanup
[2019-12-08T10:18:01.074+0000][1][safepoint    ] Leaving safepoint region
[2019-12-08T10:18:01.074+0000][1][safepoint    ] Total time for which application threads were stopped: 0.0000949 seconds, Stopping threads took: 0.0000422 seconds
[2019-12-08T10:18:02.074+0000][1][safepoint    ] Application time: 1.0000867 seconds
[2019-12-08T10:18:02.074+0000][1][safepoint    ] Entering safepoint region: Cleanup
[2019-12-08T10:18:02.074+0000][1][safepoint    ] Leaving safepoint region
[2019-12-08T10:18:02.074+0000][1][safepoint    ] Total time for which application threads were stopped: 0.0000707 seconds, Stopping threads took: 0.0000192 seconds
[2019-12-08T10:18:03.074+0000][1][safepoint    ] Application time: 1.0000768 seconds
[2019-12-08T10:18:03.074+0000][1][safepoint    ] Entering safepoint region: Cleanup
[2019-12-08T10:18:03.074+0000][1][safepoint    ] Leaving safepoint region
[2019-12-08T10:18:03.074+0000][1][safepoint    ] Total time for which application threads were stopped: 0.0000713 seconds, Stopping threads took: 0.0000176 seconds
[2019-12-08T10:18:04.074+0000][1][safepoint    ] Application time: 1.0000756 seconds
[2019-12-08T10:18:04.075+0000][1][safepoint    ] Entering safepoint region: Cleanup
[2019-12-08T10:18:04.075+0000][1][safepoint    ] Leaving safepoint region
[2019-12-08T10:18:04.075+0000][1][safepoint    ] Total time for which application threads were stopped: 0.0000667 seconds, Stopping threads took: 0.0000172 seconds
[2019-12-08T10:18:05.075+0000][1][safepoint    ] Application time: 1.0000773 seconds
[2019-12-08T10:18:05.075+0000][1][safepoint    ] Entering safepoint region: Cleanup
[2019-12-08T10:18:05.075+0000][1][safepoint    ] Leaving safepoint region
[2019-12-08T10:18:05.075+0000][1][safepoint    ] Total time for which application threads were stopped: 0.0000658 seconds, Stopping threads took: 0.0000173 seconds
[2019-12-08T10:18:06.075+0000][1][safepoint    ] Application time: 1.0000766 seconds
[2019-12-08T10:18:06.075+0000][1][safepoint    ] Entering safepoint region: Cleanup
[2019-12-08T10:18:06.075+0000][1][safepoint    ] Leaving safepoint region
[2019-12-08T10:18:06.075+0000][1][safepoint    ] Total time for which application threads were stopped: 0.0000648 seconds, Stopping threads took: 0.0000165 seconds
[2019-12-08T10:18:07.075+0000][1][safepoint    ] Application time: 1.0000759 seconds
[2019-12-08T10:18:07.075+0000][1][safepoint    ] Entering safepoint region: Cleanup
[2019-12-08T10:18:07.075+0000][1][safepoint    ] Leaving safepoint region
[2019-12-08T10:18:07.075+0000][1][safepoint    ] Total time for which application threads were stopped: 0.0000640 seconds, Stopping threads took: 0.0000173 seconds
[2019-12-08T10:18:08.075+0000][1][safepoint    ] Application time: 1.0000756 seconds
[2019-12-08T10:18:08.075+0000][1][safepoint    ] Entering safepoint region: Cleanup
[2019-12-08T10:18:08.075+0000][1][safepoint    ] Leaving safepoint region
[2019-12-08T10:18:08.075+0000][1][safepoint    ] Total time for which application threads were stopped: 0.0000635 seconds, Stopping threads took: 0.0000157 seconds
[2019-12-08T10:18:09.075+0000][1][safepoint    ] Application time: 1.0000785 seconds
[2019-12-08T10:18:09.075+0000][1][safepoint    ] Entering safepoint region: Cleanup
[2019-12-08T10:18:09.075+0000][1][safepoint    ] Leaving safepoint region
[2019-12-08T10:18:09.075+0000][1][safepoint    ] Total time for which application threads were stopped: 0.0000687 seconds, Stopping threads took: 0.0000177 seconds
[2019-12-08T10:18:10.076+0000][1][safepoint    ] Application time: 1.0000751 seconds
[2019-12-08T10:18:10.076+0000][1][safepoint    ] Entering safepoint region: Cleanup
[2019-12-08T10:18:10.076+0000][1][safepoint    ] Leaving safepoint region
[2019-12-08T10:18:10.076+0000][1][safepoint    ] Total time for which application threads were stopped: 0.0000680 seconds, Stopping threads took: 0.0000172 seconds
[2019-12-08T10:18:11.076+0000][1][safepoint    ] Application time: 1.0000774 seconds
[2019-12-08T10:18:11.076+0000][1][safepoint    ] Entering safepoint region: Cleanup
[2019-12-08T10:18:11.076+0000][1][safepoint    ] Leaving safepoint region
[2019-12-08T10:18:11.076+0000][1][safepoint    ] Total time for which application threads were stopped: 0.0000691 seconds, Stopping threads took: 0.0000175 seconds
[2019-12-08T10:18:12.076+0000][1][safepoint    ] Application time: 1.0000786 seconds
[2019-12-08T10:18:12.076+0000][1][safepoint    ] Entering safepoint region: Cleanup
[2019-12-08T10:18:12.076+0000][1][safepoint    ] Leaving safepoint region
[2019-12-08T10:18:12.076+0000][1][safepoint    ] Total time for which application threads were stopped: 0.0000691 seconds, Stopping threads took: 0.0000178 seconds
[2019-12-08T10:18:13.088+0000][1][safepoint    ] Application time: 1.0123640 seconds
[2019-12-08T10:18:13.088+0000][1][safepoint    ] Entering safepoint region: Cleanup
[2019-12-08T10:18:13.088+0000][1][safepoint    ] Leaving safepoint region
[2019-12-08T10:18:13.089+0000][1][safepoint    ] Total time for which application threads were stopped: 0.0000721 seconds, Stopping threads took: 0.0000155 seconds
[2019-12-08T10:18:14.089+0000][1][safepoint    ] Application time: 1.0000772 seconds
[2019-12-08T10:18:14.089+0000][1][safepoint    ] Entering safepoint region: Cleanup
[2019-12-08T10:18:14.089+0000][1][safepoint    ] Leaving safepoint region
[2019-12-08T10:18:14.089+0000][1][safepoint    ] Total time for which application threads were stopped: 0.0000745 seconds, Stopping threads took: 0.0000141 seconds
[2019-12-08T10:18:15.089+0000][1][safepoint    ] Application time: 1.0000772 seconds
[2019-12-08T10:18:15.089+0000][1][safepoint    ] Entering safepoint region: Cleanup
[2019-12-08T10:18:15.089+0000][1][safepoint    ] Leaving safepoint region
[2019-12-08T10:18:15.089+0000][1][safepoint    ] Total time for which application threads were stopped: 0.0000637 seconds, Stopping threads took: 0.0000138 seconds
[2019-12-08T10:18:16.089+0000][1][safepoint    ] Application time: 1.0000832 seconds
[2019-12-08T10:18:16.089+0000][1][safepoint    ] Entering safepoint region: Cleanup
[2019-12-08T10:18:16.089+0000][1][safepoint    ] Leaving safepoint region
[2019-12-08T10:18:16.089+0000][1][safepoint    ] Total time for which application threads were stopped: 0.0000638 seconds, Stopping threads took: 0.0000141 seconds
[2019-12-08T10:18:17.089+0000][1][safepoint    ] Application time: 1.0000783 seconds
[2019-12-08T10:18:17.089+0000][1][safepoint    ] Entering safepoint region: Cleanup
[2019-12-08T10:18:17.089+0000][1][safepoint    ] Leaving safepoint region
[2019-12-08T10:18:17.089+0000][1][safepoint    ] Total time for which application threads were stopped: 0.0000665 seconds, Stopping threads took: 0.0000168 seconds
[2019-12-08T10:18:18.089+0000][1][safepoint    ] Application time: 1.0000801 seconds
[2019-12-08T10:18:18.089+0000][1][safepoint    ] Entering safepoint region: Cleanup
[2019-12-08T10:18:18.089+0000][1][safepoint    ] Leaving safepoint region
[2019-12-08T10:18:18.089+0000][1][safepoint    ] Total time for which application threads were stopped: 0.0000641 seconds, Stopping threads took: 0.0000154 seconds
[2019-12-08T10:18:19.089+0000][1][safepoint    ] Application time: 1.0000800 seconds
[2019-12-08T10:18:19.090+0000][1][safepoint    ] Entering safepoint region: Cleanup
[2019-12-08T10:18:19.090+0000][1][safepoint    ] Leaving safepoint region
[2019-12-08T10:18:19.090+0000][1][safepoint    ] Total time for which application threads were stopped: 0.0000619 seconds, Stopping threads took: 0.0000158 seconds
[2019-12-08T10:18:20.090+0000][1][safepoint    ] Application time: 1.0000752 seconds
[2019-12-08T10:18:20.090+0000][1][safepoint    ] Entering safepoint region: Cleanup
[2019-12-08T10:18:20.090+0000][1][safepoint    ] Leaving safepoint region
[2019-12-08T10:18:20.090+0000][1][safepoint    ] Total time for which application threads were stopped: 0.0000637 seconds, Stopping threads took: 0.0000162 seconds
[2019-12-08T10:18:21.090+0000][1][safepoint    ] Application time: 1.0000793 seconds
[2019-12-08T10:18:21.090+0000][1][safepoint    ] Entering safepoint region: Cleanup
[2019-12-08T10:18:21.090+0000][1][safepoint    ] Leaving safepoint region
[2019-12-08T10:18:21.090+0000][1][safepoint    ] Total time for which application threads were stopped: 0.0000618 seconds, Stopping threads took: 0.0000146 seconds
[2019-12-08T10:18:22.090+0000][1][safepoint    ] Application time: 1.0000805 seconds
[2019-12-08T10:18:22.090+0000][1][safepoint    ] Entering safepoint region: Cleanup
[2019-12-08T10:18:22.090+0000][1][safepoint    ] Leaving safepoint region
[2019-12-08T10:18:22.090+0000][1][safepoint    ] Total time for which application threads were stopped: 0.0000620 seconds, Stopping threads took: 0.0000156 seconds
[2019-12-08T10:18:23.090+0000][1][safepoint    ] Application time: 1.0000807 seconds
[2019-12-08T10:18:23.090+0000][1][safepoint    ] Entering safepoint region: Cleanup
[2019-12-08T10:18:23.090+0000][1][safepoint    ] Leaving safepoint region
[2019-12-08T10:18:23.090+0000][1][safepoint    ] Total time for which application threads were stopped: 0.0000638 seconds, Stopping threads took: 0.0000163 seconds
[2019-12-08T10:18:24.090+0000][1][safepoint    ] Application time: 1.0000780 seconds
[2019-12-08T10:18:24.090+0000][1][safepoint    ] Entering safepoint region: Cleanup
[2019-12-08T10:18:24.090+0000][1][safepoint    ] Leaving safepoint region
[2019-12-08T10:18:24.091+0000][1][safepoint    ] Total time for which application threads were stopped: 0.0000658 seconds, Stopping threads took: 0.0000165 seconds
[2019-12-08T10:18:25.091+0000][1][safepoint    ] Application time: 1.0000783 seconds
[2019-12-08T10:18:25.091+0000][1][safepoint    ] Entering safepoint region: Cleanup
[2019-12-08T10:18:25.091+0000][1][safepoint    ] Leaving safepoint region
[2019-12-08T10:18:25.091+0000][1][safepoint    ] Total time for which application threads were stopped: 0.0000761 seconds, Stopping threads took: 0.0000158 seconds
[2019-12-08T10:18:26.091+0000][1][safepoint    ] Application time: 1.0000788 seconds
[2019-12-08T10:18:26.091+0000][1][safepoint    ] Entering safepoint region: Cleanup
[2019-12-08T10:18:26.091+0000][1][safepoint    ] Leaving safepoint region
[2019-12-08T10:18:26.091+0000][1][safepoint    ] Total time for which application threads were stopped: 0.0000664 seconds, Stopping threads took: 0.0000168 seconds
[2019-12-08T10:18:27.091+0000][1][safepoint    ] Application time: 1.0000808 seconds
[2019-12-08T10:18:27.091+0000][1][safepoint    ] Entering safepoint region: Cleanup
[2019-12-08T10:18:27.091+0000][1][safepoint    ] Leaving safepoint region
[2019-12-08T10:18:27.091+0000][1][safepoint    ] Total time for which application threads were stopped: 0.0000680 seconds, Stopping threads took: 0.0000172 seconds
[2019-12-08T10:18:28.091+0000][1][safepoint    ] Application time: 1.0000791 seconds
[2019-12-08T10:18:28.091+0000][1][safepoint    ] Entering safepoint region: Cleanup
[2019-12-08T10:18:28.091+0000][1][safepoint    ] Leaving safepoint region
[2019-12-08T10:18:28.091+0000][1][safepoint    ] Total time for which application threads were stopped: 0.0000775 seconds, Stopping threads took: 0.0000168 seconds
[2019-12-08T10:18:29.091+0000][1][safepoint    ] Application time: 1.0000778 seconds
[2019-12-08T10:18:29.091+0000][1][safepoint    ] Entering safepoint region: Cleanup
[2019-12-08T10:18:29.091+0000][1][safepoint    ] Leaving safepoint region
[2019-12-08T10:18:29.091+0000][1][safepoint    ] Total time for which application threads were stopped: 0.0000640 seconds, Stopping threads took: 0.0000155 seconds
[2019-12-08T10:18:30.092+0000][1][safepoint    ] Application time: 1.0000792 seconds
[2019-12-08T10:18:30.092+0000][1][safepoint    ] Entering safepoint region: Cleanup
[2019-12-08T10:18:30.092+0000][1][safepoint    ] Leaving safepoint region
[2019-12-08T10:18:30.092+0000][1][safepoint    ] Total time for which application threads were stopped: 0.0000614 seconds, Stopping threads took: 0.0000147 seconds
[2019-12-08T10:18:31.092+0000][1][safepoint    ] Application time: 1.0000789 seconds
[2019-12-08T10:18:31.092+0000][1][safepoint    ] Entering safepoint region: Cleanup
[2019-12-08T10:18:31.092+0000][1][safepoint    ] Leaving safepoint region
[2019-12-08T10:18:31.092+0000][1][safepoint    ] Total time for which application threads were stopped: 0.0000752 seconds, Stopping threads took: 0.0000251 seconds
[2019-12-08T10:18:32.092+0000][1][safepoint    ] Application time: 1.0000782 seconds
[2019-12-08T10:18:32.092+0000][1][safepoint    ] Entering safepoint region: Cleanup
[2019-12-08T10:18:32.092+0000][1][safepoint    ] Leaving safepoint region
[2019-12-08T10:18:32.092+0000][1][safepoint    ] Total time for which application threads were stopped: 0.0000632 seconds, Stopping threads took: 0.0000158 seconds
[2019-12-08T10:18:33.092+0000][1][safepoint    ] Application time: 1.0000925 seconds
[2019-12-08T10:18:33.092+0000][1][safepoint    ] Entering safepoint region: Cleanup
[2019-12-08T10:18:33.092+0000][1][safepoint    ] Leaving safepoint region
[2019-12-08T10:18:33.092+0000][1][safepoint    ] Total time for which application threads were stopped: 0.0000638 seconds, Stopping threads took: 0.0000157 seconds
[2019-12-08T10:18:34.092+0000][1][safepoint    ] Application time: 1.0000799 seconds
[2019-12-08T10:18:34.092+0000][1][safepoint    ] Entering safepoint region: Cleanup
[2019-12-08T10:18:34.092+0000][1][safepoint    ] Leaving safepoint region
[2019-12-08T10:18:34.092+0000][1][safepoint    ] Total time for which application threads were stopped: 0.0000653 seconds, Stopping threads took: 0.0000164 seconds
[2019-12-08T10:18:35.092+0000][1][safepoint    ] Application time: 1.0000812 seconds
[2019-12-08T10:18:35.093+0000][1][safepoint    ] Entering safepoint region: Cleanup
[2019-12-08T10:18:35.093+0000][1][safepoint    ] Leaving safepoint region
[2019-12-08T10:18:35.093+0000][1][safepoint    ] Total time for which application threads were stopped: 0.0000676 seconds, Stopping threads took: 0.0000171 seconds
[2019-12-08T10:18:36.093+0000][1][safepoint    ] Application time: 1.0001355 seconds
[2019-12-08T10:18:36.093+0000][1][safepoint    ] Entering safepoint region: Cleanup
[2019-12-08T10:18:36.093+0000][1][safepoint    ] Leaving safepoint region
[2019-12-08T10:18:36.093+0000][1][safepoint    ] Total time for which application threads were stopped: 0.0001211 seconds, Stopping threads took: 0.0000597 seconds
[2019-12-08T10:18:37.093+0000][1][safepoint    ] Application time: 1.0000938 seconds
[2019-12-08T10:18:37.093+0000][1][safepoint    ] Entering safepoint region: Cleanup
[2019-12-08T10:18:37.093+0000][1][safepoint    ] Leaving safepoint region
[2019-12-08T10:18:37.093+0000][1][safepoint    ] Total time for which application threads were stopped: 0.0000818 seconds, Stopping threads took: 0.0000211 seconds
[2019-12-08T10:18:38.093+0000][1][safepoint    ] Application time: 1.0000858 seconds
[2019-12-08T10:18:38.093+0000][1][safepoint    ] Entering safepoint region: Cleanup
[2019-12-08T10:18:38.093+0000][1][safepoint    ] Leaving safepoint region
[2019-12-08T10:18:38.093+0000][1][safepoint    ] Total time for which application threads were stopped: 0.0000677 seconds, Stopping threads took: 0.0000171 seconds
[2019-12-08T10:18:39.093+0000][1][safepoint    ] Application time: 1.0000794 seconds
[2019-12-08T10:18:39.093+0000][1][safepoint    ] Entering safepoint region: Cleanup
[2019-12-08T10:18:39.093+0000][1][safepoint    ] Leaving safepoint region
[2019-12-08T10:18:39.093+0000][1][safepoint    ] Total time for which application threads were stopped: 0.0000667 seconds, Stopping threads took: 0.0000168 seconds
[2019-12-08T10:18:40.094+0000][1][safepoint    ] Application time: 1.0000817 seconds
[2019-12-08T10:18:40.094+0000][1][safepoint    ] Entering safepoint region: Cleanup
[2019-12-08T10:18:40.094+0000][1][safepoint    ] Leaving safepoint region
[2019-12-08T10:18:40.094+0000][1][safepoint    ] Total time for which application threads were stopped: 0.0000691 seconds, Stopping threads took: 0.0000180 seconds
[2019-12-08T10:18:41.094+0000][1][safepoint    ] Application time: 1.0000801 seconds
[2019-12-08T10:18:41.094+0000][1][safepoint    ] Entering safepoint region: Cleanup
[2019-12-08T10:18:41.094+0000][1][safepoint    ] Leaving safepoint region
[2019-12-08T10:18:41.094+0000][1][safepoint    ] Total time for which application threads were stopped: 0.0000684 seconds, Stopping threads took: 0.0000165 seconds
[2019-12-08T10:18:42.094+0000][1][safepoint    ] Application time: 1.0000805 seconds
[2019-12-08T10:18:42.094+0000][1][safepoint    ] Entering safepoint region: Cleanup
[2019-12-08T10:18:42.094+0000][1][safepoint    ] Leaving safepoint region
[2019-12-08T10:18:42.094+0000][1][safepoint    ] Total time for which application threads were stopped: 0.0000683 seconds, Stopping threads took: 0.0000176 seconds
[2019-12-08T10:18:43.094+0000][1][safepoint    ] Application time: 1.0000771 seconds
[2019-12-08T10:18:43.094+0000][1][safepoint    ] Entering safepoint region: Cleanup
[2019-12-08T10:18:43.094+0000][1][safepoint    ] Leaving safepoint region
[2019-12-08T10:18:43.094+0000][1][safepoint    ] Total time for which application threads were stopped: 0.0000693 seconds, Stopping threads took: 0.0000181 seconds
[2019-12-08T10:18:44.094+0000][1][safepoint    ] Application time: 1.0000788 seconds
[2019-12-08T10:18:44.094+0000][1][safepoint    ] Entering safepoint region: Cleanup
[2019-12-08T10:18:44.094+0000][1][safepoint    ] Leaving safepoint region
[2019-12-08T10:18:44.094+0000][1][safepoint    ] Total time for which application threads were stopped: 0.0000883 seconds, Stopping threads took: 0.0000226 seconds
[2019-12-08T10:18:45.095+0000][1][safepoint    ] Application time: 1.0000791 seconds
[2019-12-08T10:18:45.095+0000][1][safepoint    ] Entering safepoint region: Cleanup
[2019-12-08T10:18:45.095+0000][1][safepoint    ] Leaving safepoint region
[2019-12-08T10:18:45.095+0000][1][safepoint    ] Total time for which application threads were stopped: 0.0000755 seconds, Stopping threads took: 0.0000240 seconds
[2019-12-08T10:18:46.095+0000][1][safepoint    ] Application time: 1.0000852 seconds
[2019-12-08T10:18:46.095+0000][1][safepoint    ] Entering safepoint region: Cleanup
[2019-12-08T10:18:46.095+0000][1][safepoint    ] Leaving safepoint region
[2019-12-08T10:18:46.095+0000][1][safepoint    ] Total time for which application threads were stopped: 0.0000715 seconds, Stopping threads took: 0.0000188 seconds
[2019-12-08T10:18:47.095+0000][1][safepoint    ] Application time: 1.0000798 seconds
[2019-12-08T10:18:47.095+0000][1][safepoint    ] Entering safepoint region: Cleanup
[2019-12-08T10:18:47.095+0000][1][safepoint    ] Leaving safepoint region
[2019-12-08T10:18:47.095+0000][1][safepoint    ] Total time for which application threads were stopped: 0.0000682 seconds, Stopping threads took: 0.0000168 seconds
[2019-12-08T10:18:48.095+0000][1][safepoint    ] Application time: 1.0000774 seconds
[2019-12-08T10:18:48.095+0000][1][safepoint    ] Entering safepoint region: Cleanup
[2019-12-08T10:18:48.095+0000][1][safepoint    ] Leaving safepoint region
[2019-12-08T10:18:48.095+0000][1][safepoint    ] Total time for which application threads were stopped: 0.0000676 seconds, Stopping threads took: 0.0000181 seconds
[2019-12-08T10:18:49.095+0000][1][safepoint    ] Application time: 1.0000769 seconds
[2019-12-08T10:18:49.095+0000][1][safepoint    ] Entering safepoint region: Cleanup
[2019-12-08T10:18:49.095+0000][1][safepoint    ] Leaving safepoint region
[2019-12-08T10:18:49.095+0000][1][safepoint    ] Total time for which application threads were stopped: 0.0000658 seconds, Stopping threads took: 0.0000170 seconds
[2019-12-08T10:18:50.095+0000][1][safepoint    ] Application time: 1.0000780 seconds
[2019-12-08T10:18:50.096+0000][1][safepoint    ] Entering safepoint region: Cleanup
[2019-12-08T10:18:50.096+0000][1][safepoint    ] Leaving safepoint region
[2019-12-08T10:18:50.096+0000][1][safepoint    ] Total time for which application threads were stopped: 0.0000647 seconds, Stopping threads took: 0.0000162 seconds
[2019-12-08T10:18:51.096+0000][1][safepoint    ] Application time: 1.0000784 seconds
[2019-12-08T10:18:51.096+0000][1][safepoint    ] Entering safepoint region: Cleanup
[2019-12-08T10:18:51.096+0000][1][safepoint    ] Leaving safepoint region
[2019-12-08T10:18:51.096+0000][1][safepoint    ] Total time for which application threads were stopped: 0.0000638 seconds, Stopping threads took: 0.0000165 seconds
[2019-12-08T10:18:52.096+0000][1][safepoint    ] Application time: 1.0000822 seconds
[2019-12-08T10:18:52.096+0000][1][safepoint    ] Entering safepoint region: Cleanup
[2019-12-08T10:18:52.096+0000][1][safepoint    ] Leaving safepoint region
[2019-12-08T10:18:52.096+0000][1][safepoint    ] Total time for which application threads were stopped: 0.0000681 seconds, Stopping threads took: 0.0000172 seconds
[2019-12-08T10:18:53.096+0000][1][safepoint    ] Application time: 1.0000818 seconds
[2019-12-08T10:18:53.096+0000][1][safepoint    ] Entering safepoint region: Cleanup
[2019-12-08T10:18:53.096+0000][1][safepoint    ] Leaving safepoint region
[2019-12-08T10:18:53.096+0000][1][safepoint    ] Total time for which application threads were stopped: 0.0000658 seconds, Stopping threads took: 0.0000173 seconds
[2019-12-08T10:18:54.096+0000][1][safepoint    ] Application time: 1.0000781 seconds
[2019-12-08T10:18:54.096+0000][1][safepoint    ] Entering safepoint region: Cleanup
[2019-12-08T10:18:54.096+0000][1][safepoint    ] Leaving safepoint region
[2019-12-08T10:18:54.096+0000][1][safepoint    ] Total time for which application threads were stopped: 0.0000677 seconds, Stopping threads took: 0.0000178 seconds
[2019-12-08T10:18:55.096+0000][1][safepoint    ] Application time: 1.0000780 seconds
[2019-12-08T10:18:55.096+0000][1][safepoint    ] Entering safepoint region: Cleanup
[2019-12-08T10:18:55.097+0000][1][safepoint    ] Leaving safepoint region
[2019-12-08T10:18:55.097+0000][1][safepoint    ] Total time for which application threads were stopped: 0.0000659 seconds, Stopping threads took: 0.0000169 seconds
[2019-12-08T10:18:56.723+0000][1][safepoint    ] Application time: 1.6263895 seconds
[2019-12-08T10:18:56.723+0000][1][safepoint    ] Entering safepoint region: Cleanup
[2019-12-08T10:18:56.723+0000][1][safepoint    ] Leaving safepoint region
[2019-12-08T10:18:56.723+0000][1][safepoint    ] Total time for which application threads were stopped: 0.0001302 seconds, Stopping threads took: 0.0000629 seconds
[2019-12-08T10:18:57.723+0000][1][safepoint    ] Application time: 1.0000965 seconds
[2019-12-08T10:18:57.723+0000][1][safepoint    ] Entering safepoint region: Cleanup
[2019-12-08T10:18:57.723+0000][1][safepoint    ] Leaving safepoint region
[2019-12-08T10:18:57.723+0000][1][safepoint    ] Total time for which application threads were stopped: 0.0000691 seconds, Stopping threads took: 0.0000180 seconds
[2019-12-08T10:18:58.723+0000][1][safepoint    ] Application time: 1.0001005 seconds
[2019-12-08T10:18:58.723+0000][1][safepoint    ] Entering safepoint region: Cleanup
[2019-12-08T10:18:58.724+0000][1][safepoint    ] Leaving safepoint region
[2019-12-08T10:18:58.724+0000][1][safepoint    ] Total time for which application threads were stopped: 0.0000712 seconds, Stopping threads took: 0.0000182 seconds
[2019-12-08T10:18:59.724+0000][1][safepoint    ] Application time: 1.0000866 seconds
[2019-12-08T10:18:59.724+0000][1][safepoint    ] Entering safepoint region: Cleanup
[2019-12-08T10:18:59.724+0000][1][safepoint    ] Leaving safepoint region
[2019-12-08T10:18:59.724+0000][1][safepoint    ] Total time for which application threads were stopped: 0.0000834 seconds, Stopping threads took: 0.0000196 seconds
[2019-12-08T10:19:00.724+0000][1][safepoint    ] Application time: 1.0000795 seconds
[2019-12-08T10:19:00.724+0000][1][safepoint    ] Entering safepoint region: Cleanup
[2019-12-08T10:19:00.724+0000][1][safepoint    ] Leaving safepoint region
[2019-12-08T10:19:00.724+0000][1][safepoint    ] Total time for which application threads were stopped: 0.0001042 seconds, Stopping threads took: 0.0000464 seconds
[2019-12-08T10:19:01.724+0000][1][safepoint    ] Application time: 1.0000860 seconds
[2019-12-08T10:19:01.724+0000][1][safepoint    ] Entering safepoint region: Cleanup
[2019-12-08T10:19:01.724+0000][1][safepoint    ] Leaving safepoint region
[2019-12-08T10:19:01.724+0000][1][safepoint    ] Total time for which application threads were stopped: 0.0000722 seconds, Stopping threads took: 0.0000188 seconds
[2019-12-08T10:19:02.724+0000][1][safepoint    ] Application time: 1.0000796 seconds
[2019-12-08T10:19:02.724+0000][1][safepoint    ] Entering safepoint region: Cleanup
[2019-12-08T10:19:02.724+0000][1][safepoint    ] Leaving safepoint region
[2019-12-08T10:19:02.724+0000][1][safepoint    ] Total time for which application threads were stopped: 0.0000709 seconds, Stopping threads took: 0.0000185 seconds
[2019-12-08T10:19:03.724+0000][1][safepoint    ] Application time: 1.0000837 seconds
[2019-12-08T10:19:03.724+0000][1][safepoint    ] Entering safepoint region: Cleanup
[2019-12-08T10:19:03.725+0000][1][safepoint    ] Leaving safepoint region
[2019-12-08T10:19:03.725+0000][1][safepoint    ] Total time for which application threads were stopped: 0.0000715 seconds, Stopping threads took: 0.0000193 seconds
[2019-12-08T10:19:04.725+0000][1][safepoint    ] Application time: 1.0000788 seconds
[2019-12-08T10:19:04.725+0000][1][safepoint    ] Entering safepoint region: Cleanup
[2019-12-08T10:19:04.725+0000][1][safepoint    ] Leaving safepoint region
[2019-12-08T10:19:04.725+0000][1][safepoint    ] Total time for which application threads were stopped: 0.0000725 seconds, Stopping threads took: 0.0000199 seconds
[2019-12-08T10:19:05.725+0000][1][safepoint    ] Application time: 1.0000787 seconds
[2019-12-08T10:19:05.725+0000][1][safepoint    ] Entering safepoint region: Cleanup
[2019-12-08T10:19:05.725+0000][1][safepoint    ] Leaving safepoint region
[2019-12-08T10:19:05.725+0000][1][safepoint    ] Total time for which application threads were stopped: 0.0001011 seconds, Stopping threads took: 0.0000443 seconds
[2019-12-08T10:19:06.725+0000][1][safepoint    ] Application time: 1.0000911 seconds
[2019-12-08T10:19:06.725+0000][1][safepoint    ] Entering safepoint region: Cleanup
[2019-12-08T10:19:06.725+0000][1][safepoint    ] Leaving safepoint region
[2019-12-08T10:19:06.725+0000][1][safepoint    ] Total time for which application threads were stopped: 0.0000755 seconds, Stopping threads took: 0.0000184 seconds
[2019-12-08T10:19:07.725+0000][1][safepoint    ] Application time: 1.0000817 seconds
[2019-12-08T10:19:07.725+0000][1][safepoint    ] Entering safepoint region: Cleanup
[2019-12-08T10:19:07.725+0000][1][safepoint    ] Leaving safepoint region
[2019-12-08T10:19:07.725+0000][1][safepoint    ] Total time for which application threads were stopped: 0.0000680 seconds, Stopping threads took: 0.0000175 seconds
[2019-12-08T10:19:08.725+0000][1][safepoint    ] Application time: 1.0000811 seconds
[2019-12-08T10:19:08.726+0000][1][safepoint    ] Entering safepoint region: Cleanup
[2019-12-08T10:19:08.726+0000][1][safepoint    ] Leaving safepoint region
[2019-12-08T10:19:08.726+0000][1][safepoint    ] Total time for which application threads were stopped: 0.0000703 seconds, Stopping threads took: 0.0000182 seconds
[2019-12-08T10:19:09.726+0000][1][safepoint    ] Application time: 1.0000899 seconds
[2019-12-08T10:19:09.726+0000][1][safepoint    ] Entering safepoint region: Cleanup
[2019-12-08T10:19:09.726+0000][1][safepoint    ] Leaving safepoint region
[2019-12-08T10:19:09.726+0000][1][safepoint    ] Total time for which application threads were stopped: 0.0000701 seconds, Stopping threads took: 0.0000179 seconds
[2019-12-08T10:19:10.726+0000][1][safepoint    ] Application time: 1.0000800 seconds
[2019-12-08T10:19:10.726+0000][1][safepoint    ] Entering safepoint region: Cleanup
[2019-12-08T10:19:10.726+0000][1][safepoint    ] Leaving safepoint region
[2019-12-08T10:19:10.726+0000][1][safepoint    ] Total time for which application threads were stopped: 0.0000698 seconds, Stopping threads took: 0.0000184 seconds
[2019-12-08T10:19:11.726+0000][1][safepoint    ] Application time: 1.0000863 seconds
[2019-12-08T10:19:11.726+0000][1][safepoint    ] Entering safepoint region: Cleanup
[2019-12-08T10:19:11.726+0000][1][safepoint    ] Leaving safepoint region
[2019-12-08T10:19:11.726+0000][1][safepoint    ] Total time for which application threads were stopped: 0.0000678 seconds, Stopping threads took: 0.0000176 seconds
[2019-12-08T10:19:12.726+0000][1][safepoint    ] Application time: 1.0000791 seconds
[2019-12-08T10:19:12.726+0000][1][safepoint    ] Entering safepoint region: Cleanup
[2019-12-08T10:19:12.726+0000][1][safepoint    ] Leaving safepoint region
[2019-12-08T10:19:12.726+0000][1][safepoint    ] Total time for which application threads were stopped: 0.0000692 seconds, Stopping threads took: 0.0000175 seconds
[2019-12-08T10:19:13.726+0000][1][safepoint    ] Application time: 1.0000791 seconds
[2019-12-08T10:19:13.727+0000][1][safepoint    ] Entering safepoint region: Cleanup
[2019-12-08T10:19:13.727+0000][1][safepoint    ] Leaving safepoint region
[2019-12-08T10:19:13.727+0000][1][safepoint    ] Total time for which application threads were stopped: 0.0000671 seconds, Stopping threads took: 0.0000176 seconds
[2019-12-08T10:19:14.727+0000][1][safepoint    ] Application time: 1.0000756 seconds
[2019-12-08T10:19:14.727+0000][1][safepoint    ] Entering safepoint region: Cleanup
[2019-12-08T10:19:14.727+0000][1][safepoint    ] Leaving safepoint region
[2019-12-08T10:19:14.727+0000][1][safepoint    ] Total time for which application threads were stopped: 0.0000796 seconds, Stopping threads took: 0.0000294 seconds
[2019-12-08T10:19:15.727+0000][1][safepoint    ] Application time: 1.0000758 seconds
[2019-12-08T10:19:15.727+0000][1][safepoint    ] Entering safepoint region: Cleanup
[2019-12-08T10:19:15.727+0000][1][safepoint    ] Leaving safepoint region
[2019-12-08T10:19:15.727+0000][1][safepoint    ] Total time for which application threads were stopped: 0.0000678 seconds, Stopping threads took: 0.0000178 seconds
[2019-12-08T10:19:16.727+0000][1][safepoint    ] Application time: 1.0000765 seconds
[2019-12-08T10:19:16.727+0000][1][safepoint    ] Entering safepoint region: Cleanup
[2019-12-08T10:19:16.727+0000][1][safepoint    ] Leaving safepoint region
[2019-12-08T10:19:16.727+0000][1][safepoint    ] Total time for which application threads were stopped: 0.0000659 seconds, Stopping threads took: 0.0000172 seconds
[2019-12-08T10:19:17.727+0000][1][safepoint    ] Application time: 1.0000757 seconds
[2019-12-08T10:19:17.727+0000][1][safepoint    ] Entering safepoint region: Cleanup
[2019-12-08T10:19:17.727+0000][1][safepoint    ] Leaving safepoint region
[2019-12-08T10:19:17.727+0000][1][safepoint    ] Total time for which application threads were stopped: 0.0000648 seconds, Stopping threads took: 0.0000166 seconds
[2019-12-08T10:19:18.727+0000][1][safepoint    ] Application time: 1.0000773 seconds
[2019-12-08T10:19:18.727+0000][1][safepoint    ] Entering safepoint region: Cleanup
[2019-12-08T10:19:18.727+0000][1][safepoint    ] Leaving safepoint region
[2019-12-08T10:19:18.727+0000][1][safepoint    ] Total time for which application threads were stopped: 0.0000706 seconds, Stopping threads took: 0.0000189 seconds
[2019-12-08T10:19:19.728+0000][1][safepoint    ] Application time: 1.0000782 seconds
[2019-12-08T10:19:19.728+0000][1][safepoint    ] Entering safepoint region: Cleanup
[2019-12-08T10:19:19.728+0000][1][safepoint    ] Leaving safepoint region
[2019-12-08T10:19:19.728+0000][1][safepoint    ] Total time for which application threads were stopped: 0.0000689 seconds, Stopping threads took: 0.0000182 seconds
[2019-12-08T10:19:21.114+0000][1][safepoint    ] Application time: 1.3867292 seconds
[2019-12-08T10:19:21.114+0000][1][safepoint    ] Entering safepoint region: Cleanup
[2019-12-08T10:19:21.114+0000][1][safepoint    ] Leaving safepoint region
[2019-12-08T10:19:21.114+0000][1][safepoint    ] Total time for which application threads were stopped: 0.0000624 seconds, Stopping threads took: 0.0000143 seconds
[2019-12-08T10:19:22.115+0000][1][safepoint    ] Application time: 1.0000812 seconds
[2019-12-08T10:19:22.115+0000][1][safepoint    ] Entering safepoint region: Cleanup
[2019-12-08T10:19:22.115+0000][1][safepoint    ] Leaving safepoint region
[2019-12-08T10:19:22.115+0000][1][safepoint    ] Total time for which application threads were stopped: 0.0000835 seconds, Stopping threads took: 0.0000170 seconds
[2019-12-08T10:19:23.115+0000][1][safepoint    ] Application time: 1.0000785 seconds
[2019-12-08T10:19:23.115+0000][1][safepoint    ] Entering safepoint region: Cleanup
[2019-12-08T10:19:23.115+0000][1][safepoint    ] Leaving safepoint region
[2019-12-08T10:19:23.115+0000][1][safepoint    ] Total time for which application threads were stopped: 0.0001023 seconds, Stopping threads took: 0.0000451 seconds
[2019-12-08T10:19:24.115+0000][1][safepoint    ] Application time: 1.0000829 seconds
[2019-12-08T10:19:24.115+0000][1][safepoint    ] Entering safepoint region: Cleanup
[2019-12-08T10:19:24.115+0000][1][safepoint    ] Leaving safepoint region
[2019-12-08T10:19:24.115+0000][1][safepoint    ] Total time for which application threads were stopped: 0.0000670 seconds, Stopping threads took: 0.0000175 seconds
[2019-12-08T10:19:25.115+0000][1][safepoint    ] Application time: 1.0000760 seconds
[2019-12-08T10:19:25.115+0000][1][safepoint    ] Entering safepoint region: Cleanup
[2019-12-08T10:19:25.115+0000][1][safepoint    ] Leaving safepoint region
[2019-12-08T10:19:25.115+0000][1][safepoint    ] Total time for which application threads were stopped: 0.0000674 seconds, Stopping threads took: 0.0000171 seconds
[2019-12-08T10:19:26.115+0000][1][safepoint    ] Application time: 1.0000807 seconds
[2019-12-08T10:19:26.115+0000][1][safepoint    ] Entering safepoint region: Cleanup
[2019-12-08T10:19:26.116+0000][1][safepoint    ] Leaving safepoint region
[2019-12-08T10:19:26.116+0000][1][safepoint    ] Total time for which application threads were stopped: 0.0000667 seconds, Stopping threads took: 0.0000171 seconds
[2019-12-08T10:19:27.116+0000][1][safepoint    ] Application time: 1.0000791 seconds
[2019-12-08T10:19:27.116+0000][1][safepoint    ] Entering safepoint region: Cleanup
[2019-12-08T10:19:27.116+0000][1][safepoint    ] Leaving safepoint region
[2019-12-08T10:19:27.116+0000][1][safepoint    ] Total time for which application threads were stopped: 0.0000797 seconds, Stopping threads took: 0.0000172 seconds
[2019-12-08T10:19:28.116+0000][1][safepoint    ] Application time: 1.0000783 seconds
[2019-12-08T10:19:28.116+0000][1][safepoint    ] Entering safepoint region: Cleanup
[2019-12-08T10:19:28.116+0000][1][safepoint    ] Leaving safepoint region
[2019-12-08T10:19:28.116+0000][1][safepoint    ] Total time for which application threads were stopped: 0.0000648 seconds, Stopping threads took: 0.0000175 seconds
[2019-12-08T10:19:29.116+0000][1][safepoint    ] Application time: 1.0000790 seconds
[2019-12-08T10:19:29.116+0000][1][safepoint    ] Entering safepoint region: Cleanup
[2019-12-08T10:19:29.116+0000][1][safepoint    ] Leaving safepoint region
[2019-12-08T10:19:29.116+0000][1][safepoint    ] Total time for which application threads were stopped: 0.0000670 seconds, Stopping threads took: 0.0000174 seconds
[2019-12-08T10:19:30.116+0000][1][safepoint    ] Application time: 1.0000789 seconds
[2019-12-08T10:19:30.116+0000][1][safepoint    ] Entering safepoint region: Cleanup
[2019-12-08T10:19:30.116+0000][1][safepoint    ] Leaving safepoint region
[2019-12-08T10:19:30.116+0000][1][safepoint    ] Total time for which application threads were stopped: 0.0000679 seconds, Stopping threads took: 0.0000174 seconds
[2019-12-08T10:19:31.116+0000][1][safepoint    ] Application time: 1.0000847 seconds
[2019-12-08T10:19:31.116+0000][1][safepoint    ] Entering safepoint region: Cleanup
[2019-12-08T10:19:31.116+0000][1][safepoint    ] Leaving safepoint region
[2019-12-08T10:19:31.116+0000][1][safepoint    ] Total time for which application threads were stopped: 0.0000756 seconds, Stopping threads took: 0.0000253 seconds
[2019-12-08T10:19:32.117+0000][1][safepoint    ] Application time: 1.0000766 seconds
[2019-12-08T10:19:32.117+0000][1][safepoint    ] Entering safepoint region: Cleanup
[2019-12-08T10:19:32.117+0000][1][safepoint    ] Leaving safepoint region
[2019-12-08T10:19:32.117+0000][1][safepoint    ] Total time for which application threads were stopped: 0.0000649 seconds, Stopping threads took: 0.0000171 seconds
[2019-12-08T10:19:33.117+0000][1][safepoint    ] Application time: 1.0000762 seconds
[2019-12-08T10:19:33.117+0000][1][safepoint    ] Entering safepoint region: Cleanup
[2019-12-08T10:19:33.117+0000][1][safepoint    ] Leaving safepoint region
[2019-12-08T10:19:33.117+0000][1][safepoint    ] Total time for which application threads were stopped: 0.0000686 seconds, Stopping threads took: 0.0000188 seconds
[2019-12-08T10:19:34.117+0000][1][safepoint    ] Application time: 1.0000789 seconds
[2019-12-08T10:19:34.117+0000][1][safepoint    ] Entering safepoint region: Cleanup
[2019-12-08T10:19:34.117+0000][1][safepoint    ] Leaving safepoint region
[2019-12-08T10:19:34.117+0000][1][safepoint    ] Total time for which application threads were stopped: 0.0000677 seconds, Stopping threads took: 0.0000175 seconds
[2019-12-08T10:19:35.117+0000][1][safepoint    ] Application time: 1.0000758 seconds
[2019-12-08T10:19:35.117+0000][1][safepoint    ] Entering safepoint region: Cleanup
[2019-12-08T10:19:35.117+0000][1][safepoint    ] Leaving safepoint region
[2019-12-08T10:19:35.117+0000][1][safepoint    ] Total time for which application threads were stopped: 0.0000647 seconds, Stopping threads took: 0.0000180 seconds
[2019-12-08T10:19:36.117+0000][1][safepoint    ] Application time: 1.0000812 seconds
[2019-12-08T10:19:36.117+0000][1][safepoint    ] Entering safepoint region: Cleanup
[2019-12-08T10:19:36.117+0000][1][safepoint    ] Leaving safepoint region
[2019-12-08T10:19:36.117+0000][1][safepoint    ] Total time for which application threads were stopped: 0.0000672 seconds, Stopping threads took: 0.0000174 seconds
[2019-12-08T10:19:37.118+0000][1][safepoint    ] Application time: 1.0000838 seconds
[2019-12-08T10:19:37.118+0000][1][safepoint    ] Entering safepoint region: Cleanup
[2019-12-08T10:19:37.118+0000][1][safepoint    ] Leaving safepoint region
[2019-12-08T10:19:37.118+0000][1][safepoint    ] Total time for which application threads were stopped: 0.0000726 seconds, Stopping threads took: 0.0000179 seconds
[2019-12-08T10:19:38.118+0000][1][safepoint    ] Application time: 1.0000881 seconds
[2019-12-08T10:19:38.118+0000][1][safepoint    ] Entering safepoint region: Cleanup
[2019-12-08T10:19:38.118+0000][1][safepoint    ] Leaving safepoint region
[2019-12-08T10:19:38.118+0000][1][safepoint    ] Total time for which application threads were stopped: 0.0000667 seconds, Stopping threads took: 0.0000182 seconds
[2019-12-08T10:19:39.118+0000][1][safepoint    ] Application time: 1.0000797 seconds
[2019-12-08T10:19:39.118+0000][1][safepoint    ] Entering safepoint region: Cleanup
[2019-12-08T10:19:39.118+0000][1][safepoint    ] Leaving safepoint region
[2019-12-08T10:19:39.118+0000][1][safepoint    ] Total time for which application threads were stopped: 0.0000674 seconds, Stopping threads took: 0.0000180 seconds
[2019-12-08T10:19:40.118+0000][1][safepoint    ] Application time: 1.0000784 seconds
[2019-12-08T10:19:40.118+0000][1][safepoint    ] Entering safepoint region: Cleanup
[2019-12-08T10:19:40.118+0000][1][safepoint    ] Leaving safepoint region
[2019-12-08T10:19:40.118+0000][1][safepoint    ] Total time for which application threads were stopped: 0.0000669 seconds, Stopping threads took: 0.0000178 seconds
[2019-12-08T10:19:41.118+0000][1][safepoint    ] Application time: 1.0000800 seconds
[2019-12-08T10:19:41.118+0000][1][safepoint    ] Entering safepoint region: Cleanup
[2019-12-08T10:19:41.118+0000][1][safepoint    ] Leaving safepoint region
[2019-12-08T10:19:41.118+0000][1][safepoint    ] Total time for which application threads were stopped: 0.0000713 seconds, Stopping threads took: 0.0000172 seconds
[2019-12-08T10:19:42.118+0000][1][safepoint    ] Application time: 1.0000813 seconds
[2019-12-08T10:19:42.119+0000][1][safepoint    ] Entering safepoint region: Cleanup
[2019-12-08T10:19:42.119+0000][1][safepoint    ] Leaving safepoint region
[2019-12-08T10:19:42.119+0000][1][safepoint    ] Total time for which application threads were stopped: 0.0000676 seconds, Stopping threads took: 0.0000179 seconds
[2019-12-08T10:19:43.119+0000][1][safepoint    ] Application time: 1.0000778 seconds
[2019-12-08T10:19:43.119+0000][1][safepoint    ] Entering safepoint region: Cleanup
[2019-12-08T10:19:43.119+0000][1][safepoint    ] Leaving safepoint region
[2019-12-08T10:19:43.119+0000][1][safepoint    ] Total time for which application threads were stopped: 0.0000675 seconds, Stopping threads took: 0.0000181 seconds
[2019-12-08T10:19:44.119+0000][1][safepoint    ] Application time: 1.0000772 seconds
[2019-12-08T10:19:44.119+0000][1][safepoint    ] Entering safepoint region: Cleanup
[2019-12-08T10:19:44.119+0000][1][safepoint    ] Leaving safepoint region
[2019-12-08T10:19:44.119+0000][1][safepoint    ] Total time for which application threads were stopped: 0.0000655 seconds, Stopping threads took: 0.0000168 seconds
[2019-12-08T10:19:45.119+0000][1][safepoint    ] Application time: 1.0000771 seconds
[2019-12-08T10:19:45.119+0000][1][safepoint    ] Entering safepoint region: Cleanup
[2019-12-08T10:19:45.119+0000][1][safepoint    ] Leaving safepoint region
[2019-12-08T10:19:45.119+0000][1][safepoint    ] Total time for which application threads were stopped: 0.0000735 seconds, Stopping threads took: 0.0000237 seconds
[2019-12-08T10:19:46.119+0000][1][safepoint    ] Application time: 1.0000791 seconds
[2019-12-08T10:19:46.119+0000][1][safepoint    ] Entering safepoint region: Cleanup
[2019-12-08T10:19:46.119+0000][1][safepoint    ] Leaving safepoint region
[2019-12-08T10:19:46.119+0000][1][safepoint    ] Total time for which application threads were stopped: 0.0000676 seconds, Stopping threads took: 0.0000177 seconds
[2019-12-08T10:19:47.119+0000][1][safepoint    ] Application time: 1.0000806 seconds
[2019-12-08T10:19:47.119+0000][1][safepoint    ] Entering safepoint region: Cleanup
[2019-12-08T10:19:47.120+0000][1][safepoint    ] Leaving safepoint region
[2019-12-08T10:19:47.120+0000][1][safepoint    ] Total time for which application threads were stopped: 0.0000668 seconds, Stopping threads took: 0.0000174 seconds
[2019-12-08T10:19:48.120+0000][1][safepoint    ] Application time: 1.0000762 seconds
[2019-12-08T10:19:48.120+0000][1][safepoint    ] Entering safepoint region: Cleanup
[2019-12-08T10:19:48.120+0000][1][safepoint    ] Leaving safepoint region
[2019-12-08T10:19:48.120+0000][1][safepoint    ] Total time for which application threads were stopped: 0.0000815 seconds, Stopping threads took: 0.0000171 seconds
[2019-12-08T10:19:49.120+0000][1][safepoint    ] Application time: 1.0000773 seconds
[2019-12-08T10:19:49.120+0000][1][safepoint    ] Entering safepoint region: Cleanup
[2019-12-08T10:19:49.120+0000][1][safepoint    ] Leaving safepoint region
[2019-12-08T10:19:49.120+0000][1][safepoint    ] Total time for which application threads were stopped: 0.0000667 seconds, Stopping threads took: 0.0000181 seconds
[2019-12-08T10:19:50.120+0000][1][safepoint    ] Application time: 1.0000781 seconds
[2019-12-08T10:19:50.120+0000][1][safepoint    ] Entering safepoint region: Cleanup
[2019-12-08T10:19:50.120+0000][1][safepoint    ] Leaving safepoint region
[2019-12-08T10:19:50.120+0000][1][safepoint    ] Total time for which application threads were stopped: 0.0000869 seconds, Stopping threads took: 0.0000344 seconds
[2019-12-08T10:19:51.120+0000][1][safepoint    ] Application time: 1.0000778 seconds
[2019-12-08T10:19:51.120+0000][1][safepoint    ] Entering safepoint region: Cleanup
[2019-12-08T10:19:51.120+0000][1][safepoint    ] Leaving safepoint region
[2019-12-08T10:19:51.120+0000][1][safepoint    ] Total time for which application threads were stopped: 0.0000670 seconds, Stopping threads took: 0.0000169 seconds
[2019-12-08T10:19:52.120+0000][1][safepoint    ] Application time: 1.0000792 seconds
[2019-12-08T10:19:52.120+0000][1][safepoint    ] Entering safepoint region: Cleanup
[2019-12-08T10:19:52.120+0000][1][safepoint    ] Leaving safepoint region
[2019-12-08T10:19:52.121+0000][1][safepoint    ] Total time for which application threads were stopped: 0.0000691 seconds, Stopping threads took: 0.0000185 seconds
[2019-12-08T10:19:53.948+0000][1][safepoint    ] Application time: 1.8278215 seconds
[2019-12-08T10:19:53.948+0000][1][safepoint    ] Entering safepoint region: Cleanup
[2019-12-08T10:19:53.948+0000][1][safepoint    ] Leaving safepoint region
[2019-12-08T10:19:53.948+0000][1][safepoint    ] Total time for which application threads were stopped: 0.0000635 seconds, Stopping threads took: 0.0000163 seconds
[2019-12-08T10:19:54.949+0000][1][safepoint    ] Application time: 1.0000819 seconds
[2019-12-08T10:19:54.949+0000][1][safepoint    ] Entering safepoint region: Cleanup
[2019-12-08T10:19:54.949+0000][1][safepoint    ] Leaving safepoint region
[2019-12-08T10:19:54.949+0000][1][safepoint    ] Total time for which application threads were stopped: 0.0000669 seconds, Stopping threads took: 0.0000175 seconds
[2019-12-08T10:19:55.949+0000][1][safepoint    ] Application time: 1.0000792 seconds
[2019-12-08T10:19:55.949+0000][1][safepoint    ] Entering safepoint region: Cleanup
[2019-12-08T10:19:55.949+0000][1][safepoint    ] Leaving safepoint region
[2019-12-08T10:19:55.949+0000][1][safepoint    ] Total time for which application threads were stopped: 0.0000769 seconds, Stopping threads took: 0.0000268 seconds
[2019-12-08T10:19:56.949+0000][1][safepoint    ] Application time: 1.0000838 seconds
[2019-12-08T10:19:56.949+0000][1][safepoint    ] Entering safepoint region: Cleanup
[2019-12-08T10:19:56.949+0000][1][safepoint    ] Leaving safepoint region
[2019-12-08T10:19:56.949+0000][1][safepoint    ] Total time for which application threads were stopped: 0.0000703 seconds, Stopping threads took: 0.0000199 seconds
[2019-12-08T10:19:57.949+0000][1][safepoint    ] Application time: 1.0000787 seconds
[2019-12-08T10:19:57.949+0000][1][safepoint    ] Entering safepoint region: Cleanup
[2019-12-08T10:19:57.949+0000][1][safepoint    ] Leaving safepoint region
[2019-12-08T10:19:57.949+0000][1][safepoint    ] Total time for which application threads were stopped: 0.0000691 seconds, Stopping threads took: 0.0000188 seconds
[2019-12-08T10:19:58.949+0000][1][safepoint    ] Application time: 1.0000771 seconds
[2019-12-08T10:19:58.949+0000][1][safepoint    ] Entering safepoint region: Cleanup
[2019-12-08T10:19:58.949+0000][1][safepoint    ] Leaving safepoint region
[2019-12-08T10:19:58.949+0000][1][safepoint    ] Total time for which application threads were stopped: 0.0000665 seconds, Stopping threads took: 0.0000171 seconds
[2019-12-08T10:19:59.949+0000][1][safepoint    ] Application time: 1.0000800 seconds
[2019-12-08T10:19:59.950+0000][1][safepoint    ] Entering safepoint region: Cleanup
[2019-12-08T10:19:59.950+0000][1][safepoint    ] Leaving safepoint region
[2019-12-08T10:19:59.950+0000][1][safepoint    ] Total time for which application threads were stopped: 0.0000681 seconds, Stopping threads took: 0.0000190 seconds
[2019-12-08T10:20:00.950+0000][1][safepoint    ] Application time: 1.0000808 seconds
[2019-12-08T10:20:00.950+0000][1][safepoint    ] Entering safepoint region: Cleanup
[2019-12-08T10:20:00.950+0000][1][safepoint    ] Leaving safepoint region
[2019-12-08T10:20:00.950+0000][1][safepoint    ] Total time for which application threads were stopped: 0.0000667 seconds, Stopping threads took: 0.0000174 seconds
[2019-12-08T10:20:01.950+0000][1][safepoint    ] Application time: 1.0000891 seconds
[2019-12-08T10:20:01.950+0000][1][safepoint    ] Entering safepoint region: Cleanup
[2019-12-08T10:20:01.950+0000][1][safepoint    ] Leaving safepoint region
[2019-12-08T10:20:01.950+0000][1][safepoint    ] Total time for which application threads were stopped: 0.0000703 seconds, Stopping threads took: 0.0000184 seconds
[2019-12-08T10:20:02.950+0000][1][safepoint    ] Application time: 1.0000942 seconds
[2019-12-08T10:20:02.950+0000][1][safepoint    ] Entering safepoint region: Cleanup
[2019-12-08T10:20:02.950+0000][1][safepoint    ] Leaving safepoint region
[2019-12-08T10:20:02.950+0000][1][safepoint    ] Total time for which application threads were stopped: 0.0000710 seconds, Stopping threads took: 0.0000187 seconds
[2019-12-08T10:20:03.950+0000][1][safepoint    ] Application time: 1.0000837 seconds
[2019-12-08T10:20:03.950+0000][1][safepoint    ] Entering safepoint region: Cleanup
[2019-12-08T10:20:03.950+0000][1][safepoint    ] Leaving safepoint region
[2019-12-08T10:20:03.950+0000][1][safepoint    ] Total time for which application threads were stopped: 0.0000688 seconds, Stopping threads took: 0.0000186 seconds
[2019-12-08T10:20:04.950+0000][1][safepoint    ] Application time: 1.0000828 seconds
[2019-12-08T10:20:04.951+0000][1][safepoint    ] Entering safepoint region: Cleanup
[2019-12-08T10:20:04.951+0000][1][safepoint    ] Leaving safepoint region
[2019-12-08T10:20:04.951+0000][1][safepoint    ] Total time for which application threads were stopped: 0.0000686 seconds, Stopping threads took: 0.0000180 seconds
[2019-12-08T10:20:05.951+0000][1][safepoint    ] Application time: 1.0000809 seconds
[2019-12-08T10:20:05.951+0000][1][safepoint    ] Entering safepoint region: Cleanup
[2019-12-08T10:20:05.951+0000][1][safepoint    ] Leaving safepoint region
[2019-12-08T10:20:05.951+0000][1][safepoint    ] Total time for which application threads were stopped: 0.0000778 seconds, Stopping threads took: 0.0000279 seconds
[2019-12-08T10:20:06.951+0000][1][safepoint    ] Application time: 1.0000821 seconds
[2019-12-08T10:20:06.951+0000][1][safepoint    ] Entering safepoint region: Cleanup
[2019-12-08T10:20:06.951+0000][1][safepoint    ] Leaving safepoint region
[2019-12-08T10:20:06.951+0000][1][safepoint    ] Total time for which application threads were stopped: 0.0000671 seconds, Stopping threads took: 0.0000179 seconds
[2019-12-08T10:20:07.951+0000][1][safepoint    ] Application time: 1.0000821 seconds
[2019-12-08T10:20:07.951+0000][1][safepoint    ] Entering safepoint region: Cleanup
[2019-12-08T10:20:07.951+0000][1][safepoint    ] Leaving safepoint region
[2019-12-08T10:20:07.951+0000][1][safepoint    ] Total time for which application threads were stopped: 0.0000675 seconds, Stopping threads took: 0.0000177 seconds
[2019-12-08T10:20:08.951+0000][1][safepoint    ] Application time: 1.0000974 seconds
[2019-12-08T10:20:08.951+0000][1][safepoint    ] Entering safepoint region: Cleanup
[2019-12-08T10:20:08.951+0000][1][safepoint    ] Leaving safepoint region
[2019-12-08T10:20:08.951+0000][1][safepoint    ] Total time for which application threads were stopped: 0.0000724 seconds, Stopping threads took: 0.0000188 seconds
[2019-12-08T10:20:09.952+0000][1][safepoint    ] Application time: 1.0000882 seconds
[2019-12-08T10:20:09.952+0000][1][safepoint    ] Entering safepoint region: Cleanup
[2019-12-08T10:20:09.952+0000][1][safepoint    ] Leaving safepoint region
[2019-12-08T10:20:09.952+0000][1][safepoint    ] Total time for which application threads were stopped: 0.0000804 seconds, Stopping threads took: 0.0000234 seconds
[2019-12-08T10:20:10.952+0000][1][safepoint    ] Application time: 1.0001490 seconds
[2019-12-08T10:20:10.952+0000][1][safepoint    ] Entering safepoint region: Cleanup
[2019-12-08T10:20:10.952+0000][1][safepoint    ] Leaving safepoint region
[2019-12-08T10:20:10.952+0000][1][safepoint    ] Total time for which application threads were stopped: 0.0000935 seconds, Stopping threads took: 0.0000260 seconds
[2019-12-08T10:20:11.952+0000][1][safepoint    ] Application time: 1.0000872 seconds
[2019-12-08T10:20:11.952+0000][1][safepoint    ] Entering safepoint region: Cleanup
[2019-12-08T10:20:11.952+0000][1][safepoint    ] Leaving safepoint region
[2019-12-08T10:20:11.952+0000][1][safepoint    ] Total time for which application threads were stopped: 0.0000892 seconds, Stopping threads took: 0.0000237 seconds
[2019-12-08T10:20:12.952+0000][1][safepoint    ] Application time: 1.0000775 seconds
[2019-12-08T10:20:12.952+0000][1][safepoint    ] Entering safepoint region: Cleanup
[2019-12-08T10:20:12.952+0000][1][safepoint    ] Leaving safepoint region
[2019-12-08T10:20:12.952+0000][1][safepoint    ] Total time for which application threads were stopped: 0.0000670 seconds, Stopping threads took: 0.0000188 seconds
[2019-12-08T10:20:13.952+0000][1][safepoint    ] Application time: 1.0000776 seconds
[2019-12-08T10:20:13.952+0000][1][safepoint    ] Entering safepoint region: Cleanup
[2019-12-08T10:20:13.953+0000][1][safepoint    ] Leaving safepoint region
[2019-12-08T10:20:13.953+0000][1][safepoint    ] Total time for which application threads were stopped: 0.0000664 seconds, Stopping threads took: 0.0000176 seconds
[2019-12-08T10:20:14.953+0000][1][safepoint    ] Application time: 1.0000773 seconds
[2019-12-08T10:20:14.953+0000][1][safepoint    ] Entering safepoint region: Cleanup
[2019-12-08T10:20:14.953+0000][1][safepoint    ] Leaving safepoint region
[2019-12-08T10:20:14.953+0000][1][safepoint    ] Total time for which application threads were stopped: 0.0000765 seconds, Stopping threads took: 0.0000177 seconds
[2019-12-08T10:20:15.953+0000][1][safepoint    ] Application time: 1.0000792 seconds
[2019-12-08T10:20:15.953+0000][1][safepoint    ] Entering safepoint region: Cleanup
[2019-12-08T10:20:15.953+0000][1][safepoint    ] Leaving safepoint region
[2019-12-08T10:20:15.953+0000][1][safepoint    ] Total time for which application threads were stopped: 0.0000758 seconds, Stopping threads took: 0.0000260 seconds
[2019-12-08T10:20:16.953+0000][1][safepoint    ] Application time: 1.0000841 seconds
[2019-12-08T10:20:16.953+0000][1][safepoint    ] Entering safepoint region: Cleanup
[2019-12-08T10:20:16.953+0000][1][safepoint    ] Leaving safepoint region
[2019-12-08T10:20:16.953+0000][1][safepoint    ] Total time for which application threads were stopped: 0.0000697 seconds, Stopping threads took: 0.0000188 seconds
[2019-12-08T10:20:17.953+0000][1][safepoint    ] Application time: 1.0000786 seconds
[2019-12-08T10:20:17.953+0000][1][safepoint    ] Entering safepoint region: Cleanup
[2019-12-08T10:20:17.953+0000][1][safepoint    ] Leaving safepoint region
[2019-12-08T10:20:17.953+0000][1][safepoint    ] Total time for which application threads were stopped: 0.0000668 seconds, Stopping threads took: 0.0000166 seconds
[2019-12-08T10:20:18.953+0000][1][safepoint    ] Application time: 1.0000789 seconds
[2019-12-08T10:20:18.953+0000][1][safepoint    ] Entering safepoint region: Cleanup
[2019-12-08T10:20:18.953+0000][1][safepoint    ] Leaving safepoint region
[2019-12-08T10:20:18.953+0000][1][safepoint    ] Total time for which application threads were stopped: 0.0000675 seconds, Stopping threads took: 0.0000186 seconds
[2019-12-08T10:20:19.954+0000][1][safepoint    ] Application time: 1.0000791 seconds
[2019-12-08T10:20:19.954+0000][1][safepoint    ] Entering safepoint region: Cleanup
[2019-12-08T10:20:19.954+0000][1][safepoint    ] Leaving safepoint region
[2019-12-08T10:20:19.954+0000][1][safepoint    ] Total time for which application threads were stopped: 0.0000792 seconds, Stopping threads took: 0.0000179 seconds
[2019-12-08T10:20:20.954+0000][1][safepoint    ] Application time: 1.0000769 seconds
[2019-12-08T10:20:20.954+0000][1][safepoint    ] Entering safepoint region: Cleanup
[2019-12-08T10:20:20.954+0000][1][safepoint    ] Leaving safepoint region
[2019-12-08T10:20:20.954+0000][1][safepoint    ] Total time for which application threads were stopped: 0.0000683 seconds, Stopping threads took: 0.0000179 seconds
[2019-12-08T10:20:21.954+0000][1][safepoint    ] Application time: 1.0000827 seconds
[2019-12-08T10:20:21.954+0000][1][safepoint    ] Entering safepoint region: Cleanup
[2019-12-08T10:20:21.954+0000][1][safepoint    ] Leaving safepoint region
[2019-12-08T10:20:21.954+0000][1][safepoint    ] Total time for which application threads were stopped: 0.0000698 seconds, Stopping threads took: 0.0000189 seconds
[2019-12-08T10:20:22.954+0000][1][safepoint    ] Application time: 1.0000797 seconds
[2019-12-08T10:20:22.954+0000][1][safepoint    ] Entering safepoint region: Cleanup
[2019-12-08T10:20:22.954+0000][1][safepoint    ] Leaving safepoint region
[2019-12-08T10:20:22.954+0000][1][safepoint    ] Total time for which application threads were stopped: 0.0000708 seconds, Stopping threads took: 0.0000179 seconds
[2019-12-08T10:20:23.954+0000][1][safepoint    ] Application time: 1.0000791 seconds
[2019-12-08T10:20:23.954+0000][1][safepoint    ] Entering safepoint region: Cleanup
[2019-12-08T10:20:23.954+0000][1][safepoint    ] Leaving safepoint region
[2019-12-08T10:20:23.954+0000][1][safepoint    ] Total time for which application threads were stopped: 0.0000669 seconds, Stopping threads took: 0.0000174 seconds
[2019-12-08T10:20:24.955+0000][1][safepoint    ] Application time: 1.0000781 seconds
[2019-12-08T10:20:24.955+0000][1][safepoint    ] Entering safepoint region: Cleanup
[2019-12-08T10:20:24.955+0000][1][safepoint    ] Leaving safepoint region
[2019-12-08T10:20:24.955+0000][1][safepoint    ] Total time for which application threads were stopped: 0.0000660 seconds, Stopping threads took: 0.0000182 seconds
[2019-12-08T10:20:25.955+0000][1][safepoint    ] Application time: 1.0000930 seconds
[2019-12-08T10:20:25.955+0000][1][safepoint    ] Entering safepoint region: Cleanup
[2019-12-08T10:20:25.955+0000][1][safepoint    ] Leaving safepoint region
[2019-12-08T10:20:25.955+0000][1][safepoint    ] Total time for which application threads were stopped: 0.0000805 seconds, Stopping threads took: 0.0000274 seconds
[2019-12-08T10:20:26.955+0000][1][safepoint    ] Application time: 1.0000801 seconds
[2019-12-08T10:20:26.955+0000][1][safepoint    ] Entering safepoint region: Cleanup
[2019-12-08T10:20:26.955+0000][1][safepoint    ] Leaving safepoint region
[2019-12-08T10:20:26.955+0000][1][safepoint    ] Total time for which application threads were stopped: 0.0000677 seconds, Stopping threads took: 0.0000178 seconds
[2019-12-08T10:20:27.955+0000][1][safepoint    ] Application time: 1.0000795 seconds
[2019-12-08T10:20:27.955+0000][1][safepoint    ] Entering safepoint region: Cleanup
[2019-12-08T10:20:27.955+0000][1][safepoint    ] Leaving safepoint region
[2019-12-08T10:20:27.955+0000][1][safepoint    ] Total time for which application threads were stopped: 0.0000697 seconds, Stopping threads took: 0.0000190 seconds
[2019-12-08T10:20:28.955+0000][1][safepoint    ] Application time: 1.0000840 seconds
[2019-12-08T10:20:28.955+0000][1][safepoint    ] Entering safepoint region: Cleanup
[2019-12-08T10:20:28.955+0000][1][safepoint    ] Leaving safepoint region
[2019-12-08T10:20:28.955+0000][1][safepoint    ] Total time for which application threads were stopped: 0.0000691 seconds, Stopping threads took: 0.0000188 seconds
[2019-12-08T10:20:29.956+0000][1][safepoint    ] Application time: 1.0000880 seconds
[2019-12-08T10:20:29.956+0000][1][safepoint    ] Entering safepoint region: Cleanup
[2019-12-08T10:20:29.956+0000][1][safepoint    ] Leaving safepoint region
[2019-12-08T10:20:29.956+0000][1][safepoint    ] Total time for which application threads were stopped: 0.0000660 seconds, Stopping threads took: 0.0000170 seconds
[2019-12-08T10:20:30.956+0000][1][safepoint    ] Application time: 1.0000790 seconds
[2019-12-08T10:20:30.956+0000][1][safepoint    ] Entering safepoint region: Cleanup
[2019-12-08T10:20:30.956+0000][1][safepoint    ] Leaving safepoint region
[2019-12-08T10:20:30.956+0000][1][safepoint    ] Total time for which application threads were stopped: 0.0000655 seconds, Stopping threads took: 0.0000168 seconds
[2019-12-08T10:20:31.956+0000][1][safepoint    ] Application time: 1.0000805 seconds
[2019-12-08T10:20:31.956+0000][1][safepoint    ] Entering safepoint region: Cleanup
[2019-12-08T10:20:31.956+0000][1][safepoint    ] Leaving safepoint region
[2019-12-08T10:20:31.956+0000][1][safepoint    ] Total time for which application threads were stopped: 0.0000767 seconds, Stopping threads took: 0.0000259 seconds
[2019-12-08T10:20:32.956+0000][1][safepoint    ] Application time: 1.0000793 seconds
[2019-12-08T10:20:32.956+0000][1][safepoint    ] Entering safepoint region: Cleanup
[2019-12-08T10:20:32.956+0000][1][safepoint    ] Leaving safepoint region
[2019-12-08T10:20:32.956+0000][1][safepoint    ] Total time for which application threads were stopped: 0.0000737 seconds, Stopping threads took: 0.0000182 seconds
[2019-12-08T10:20:33.956+0000][1][safepoint    ] Application time: 1.0000815 seconds
[2019-12-08T10:20:33.956+0000][1][safepoint    ] Entering safepoint region: Cleanup
[2019-12-08T10:20:33.956+0000][1][safepoint    ] Leaving safepoint region
[2019-12-08T10:20:33.956+0000][1][safepoint    ] Total time for which application threads were stopped: 0.0000698 seconds, Stopping threads took: 0.0000189 seconds
[2019-12-08T10:20:34.957+0000][1][safepoint    ] Application time: 1.0000791 seconds
[2019-12-08T10:20:34.957+0000][1][safepoint    ] Entering safepoint region: Cleanup
[2019-12-08T10:20:34.957+0000][1][safepoint    ] Leaving safepoint region
[2019-12-08T10:20:34.957+0000][1][safepoint    ] Total time for which application threads were stopped: 0.0000700 seconds, Stopping threads took: 0.0000190 seconds
[2019-12-08T10:20:35.957+0000][1][safepoint    ] Application time: 1.0000799 seconds
[2019-12-08T10:20:35.957+0000][1][safepoint    ] Entering safepoint region: Cleanup
[2019-12-08T10:20:35.957+0000][1][safepoint    ] Leaving safepoint region
[2019-12-08T10:20:35.957+0000][1][safepoint    ] Total time for which application threads were stopped: 0.0000790 seconds, Stopping threads took: 0.0000174 seconds
[2019-12-08T10:20:36.957+0000][1][safepoint    ] Application time: 1.0000786 seconds
[2019-12-08T10:20:36.957+0000][1][safepoint    ] Entering safepoint region: Cleanup
[2019-12-08T10:20:36.957+0000][1][safepoint    ] Leaving safepoint region
[2019-12-08T10:20:36.957+0000][1][safepoint    ] Total time for which application threads were stopped: 0.0000679 seconds, Stopping threads took: 0.0000181 seconds
[2019-12-08T10:20:37.957+0000][1][safepoint    ] Application time: 1.0000768 seconds
[2019-12-08T10:20:37.957+0000][1][safepoint    ] Entering safepoint region: Cleanup
[2019-12-08T10:20:37.957+0000][1][safepoint    ] Leaving safepoint region
[2019-12-08T10:20:37.957+0000][1][safepoint    ] Total time for which application threads were stopped: 0.0000672 seconds, Stopping threads took: 0.0000177 seconds
[2019-12-08T10:20:38.957+0000][1][safepoint    ] Application time: 1.0000766 seconds
[2019-12-08T10:20:38.957+0000][1][safepoint    ] Entering safepoint region: Cleanup
[2019-12-08T10:20:38.957+0000][1][safepoint    ] Leaving safepoint region
[2019-12-08T10:20:38.957+0000][1][safepoint    ] Total time for which application threads were stopped: 0.0000689 seconds, Stopping threads took: 0.0000176 seconds
[2019-12-08T10:20:39.957+0000][1][safepoint    ] Application time: 1.0000794 seconds
[2019-12-08T10:20:39.958+0000][1][safepoint    ] Entering safepoint region: Cleanup
[2019-12-08T10:20:39.958+0000][1][safepoint    ] Leaving safepoint region
[2019-12-08T10:20:39.958+0000][1][safepoint    ] Total time for which application threads were stopped: 0.0000707 seconds, Stopping threads took: 0.0000181 seconds
[2019-12-08T10:20:40.958+0000][1][safepoint    ] Application time: 1.0000926 seconds
[2019-12-08T10:20:40.958+0000][1][safepoint    ] Entering safepoint region: Cleanup
[2019-12-08T10:20:40.958+0000][1][safepoint    ] Leaving safepoint region
[2019-12-08T10:20:40.958+0000][1][safepoint    ] Total time for which application threads were stopped: 0.0000689 seconds, Stopping threads took: 0.0000187 seconds
[2019-12-08T10:20:41.958+0000][1][safepoint    ] Application time: 1.0000770 seconds
[2019-12-08T10:20:41.958+0000][1][safepoint    ] Entering safepoint region: Cleanup
[2019-12-08T10:20:41.958+0000][1][safepoint    ] Leaving safepoint region
[2019-12-08T10:20:41.958+0000][1][safepoint    ] Total time for which application threads were stopped: 0.0000658 seconds, Stopping threads took: 0.0000179 seconds
[2019-12-08T10:20:42.958+0000][1][safepoint    ] Application time: 1.0000772 seconds
[2019-12-08T10:20:42.958+0000][1][safepoint    ] Entering safepoint region: Cleanup
[2019-12-08T10:20:42.958+0000][1][safepoint    ] Leaving safepoint region
[2019-12-08T10:20:42.958+0000][1][safepoint    ] Total time for which application threads were stopped: 0.0000714 seconds, Stopping threads took: 0.0000194 seconds
[2019-12-08T10:20:43.958+0000][1][safepoint    ] Application time: 1.0000846 seconds
[2019-12-08T10:20:43.958+0000][1][safepoint    ] Entering safepoint region: Cleanup
[2019-12-08T10:20:43.958+0000][1][safepoint    ] Leaving safepoint region
[2019-12-08T10:20:43.958+0000][1][safepoint    ] Total time for which application threads were stopped: 0.0000709 seconds, Stopping threads took: 0.0000196 seconds
[2019-12-08T10:20:44.958+0000][1][safepoint    ] Application time: 1.0000810 seconds
[2019-12-08T10:20:44.959+0000][1][safepoint    ] Entering safepoint region: Cleanup
[2019-12-08T10:20:44.959+0000][1][safepoint    ] Leaving safepoint region
[2019-12-08T10:20:44.959+0000][1][safepoint    ] Total time for which application threads were stopped: 0.0000847 seconds, Stopping threads took: 0.0000229 seconds
[2019-12-08T10:20:46.123+0000][1][safepoint    ] Application time: 1.1647603 seconds
[2019-12-08T10:20:46.123+0000][1][safepoint    ] Entering safepoint region: Cleanup
[2019-12-08T10:20:46.123+0000][1][safepoint    ] Leaving safepoint region
[2019-12-08T10:20:46.123+0000][1][safepoint    ] Total time for which application threads were stopped: 0.0000867 seconds, Stopping threads took: 0.0000280 seconds
[2019-12-08T10:20:47.124+0000][1][safepoint    ] Application time: 1.0000902 seconds
[2019-12-08T10:20:47.124+0000][1][safepoint    ] Entering safepoint region: Cleanup
[2019-12-08T10:20:47.124+0000][1][safepoint    ] Leaving safepoint region
[2019-12-08T10:20:47.124+0000][1][safepoint    ] Total time for which application threads were stopped: 0.0000865 seconds, Stopping threads took: 0.0000186 seconds
[2019-12-08T10:20:48.124+0000][1][safepoint    ] Application time: 1.0000817 seconds
[2019-12-08T10:20:48.124+0000][1][safepoint    ] Entering safepoint region: Cleanup
[2019-12-08T10:20:48.124+0000][1][safepoint    ] Leaving safepoint region
[2019-12-08T10:20:48.124+0000][1][safepoint    ] Total time for which application threads were stopped: 0.0000673 seconds, Stopping threads took: 0.0000184 seconds
[2019-12-08T10:20:49.124+0000][1][safepoint    ] Application time: 1.0000815 seconds
[2019-12-08T10:20:49.124+0000][1][safepoint    ] Entering safepoint region: Cleanup
[2019-12-08T10:20:49.124+0000][1][safepoint    ] Leaving safepoint region
[2019-12-08T10:20:49.124+0000][1][safepoint    ] Total time for which application threads were stopped: 0.0000699 seconds, Stopping threads took: 0.0000187 seconds
[2019-12-08T10:20:50.124+0000][1][safepoint    ] Application time: 1.0000808 seconds
[2019-12-08T10:20:50.124+0000][1][safepoint    ] Entering safepoint region: Cleanup
[2019-12-08T10:20:50.124+0000][1][safepoint    ] Leaving safepoint region
[2019-12-08T10:20:50.124+0000][1][safepoint    ] Total time for which application threads were stopped: 0.0000675 seconds, Stopping threads took: 0.0000172 seconds
[2019-12-08T10:20:51.124+0000][1][safepoint    ] Application time: 1.0000797 seconds
[2019-12-08T10:20:51.124+0000][1][safepoint    ] Entering safepoint region: Cleanup
[2019-12-08T10:20:51.124+0000][1][safepoint    ] Leaving safepoint region
[2019-12-08T10:20:51.124+0000][1][safepoint    ] Total time for which application threads were stopped: 0.0000688 seconds, Stopping threads took: 0.0000185 seconds
[2019-12-08T10:20:52.125+0000][1][safepoint    ] Application time: 1.0000857 seconds
[2019-12-08T10:20:52.125+0000][1][safepoint    ] Entering safepoint region: Cleanup
[2019-12-08T10:20:52.125+0000][1][safepoint    ] Leaving safepoint region
[2019-12-08T10:20:52.125+0000][1][safepoint    ] Total time for which application threads were stopped: 0.0000882 seconds, Stopping threads took: 0.0000192 seconds
[2019-12-08T10:20:53.128+0000][1][safepoint    ] Application time: 1.0030482 seconds
[2019-12-08T10:20:53.128+0000][1][safepoint    ] Entering safepoint region: Cleanup
[2019-12-08T10:20:53.128+0000][1][safepoint    ] Leaving safepoint region
[2019-12-08T10:20:53.128+0000][1][safepoint    ] Total time for which application threads were stopped: 0.0000722 seconds, Stopping threads took: 0.0000180 seconds
[2019-12-08T10:20:54.128+0000][1][safepoint    ] Application time: 1.0000836 seconds
[2019-12-08T10:20:54.128+0000][1][safepoint    ] Entering safepoint region: Cleanup
[2019-12-08T10:20:54.128+0000][1][safepoint    ] Leaving safepoint region
[2019-12-08T10:20:54.128+0000][1][safepoint    ] Total time for which application threads were stopped: 0.0000669 seconds, Stopping threads took: 0.0000183 seconds
[2019-12-08T10:20:55.128+0000][1][safepoint    ] Application time: 1.0000815 seconds
[2019-12-08T10:20:55.128+0000][1][safepoint    ] Entering safepoint region: Cleanup
[2019-12-08T10:20:55.128+0000][1][safepoint    ] Leaving safepoint region
[2019-12-08T10:20:55.128+0000][1][safepoint    ] Total time for which application threads were stopped: 0.0000717 seconds, Stopping threads took: 0.0000186 seconds
[2019-12-08T10:20:56.128+0000][1][safepoint    ] Application time: 1.0000821 seconds
[2019-12-08T10:20:56.128+0000][1][safepoint    ] Entering safepoint region: Cleanup
[2019-12-08T10:20:56.128+0000][1][safepoint    ] Leaving safepoint region
[2019-12-08T10:20:56.128+0000][1][safepoint    ] Total time for which application threads were stopped: 0.0000753 seconds, Stopping threads took: 0.0000180 seconds
[2019-12-08T10:20:57.129+0000][1][safepoint    ] Application time: 1.0000804 seconds
[2019-12-08T10:20:57.129+0000][1][safepoint    ] Entering safepoint region: Cleanup
[2019-12-08T10:20:57.129+0000][1][safepoint    ] Leaving safepoint region
[2019-12-08T10:20:57.129+0000][1][safepoint    ] Total time for which application threads were stopped: 0.0000711 seconds, Stopping threads took: 0.0000181 seconds
[2019-12-08T10:20:58.129+0000][1][safepoint    ] Application time: 1.0000885 seconds
[2019-12-08T10:20:58.129+0000][1][safepoint    ] Entering safepoint region: Cleanup
[2019-12-08T10:20:58.129+0000][1][safepoint    ] Leaving safepoint region
[2019-12-08T10:20:58.129+0000][1][safepoint    ] Total time for which application threads were stopped: 0.0000670 seconds, Stopping threads took: 0.0000177 seconds
[2019-12-08T10:20:59.129+0000][1][safepoint    ] Application time: 1.0000825 seconds
[2019-12-08T10:20:59.129+0000][1][safepoint    ] Entering safepoint region: Cleanup
[2019-12-08T10:20:59.129+0000][1][safepoint    ] Leaving safepoint region
[2019-12-08T10:20:59.129+0000][1][safepoint    ] Total time for which application threads were stopped: 0.0000680 seconds, Stopping threads took: 0.0000180 seconds
[2019-12-08T10:21:00.129+0000][1][safepoint    ] Application time: 1.0000758 seconds
[2019-12-08T10:21:00.129+0000][1][safepoint    ] Entering safepoint region: Cleanup
[2019-12-08T10:21:00.129+0000][1][safepoint    ] Leaving safepoint region
[2019-12-08T10:21:00.129+0000][1][safepoint    ] Total time for which application threads were stopped: 0.0000656 seconds, Stopping threads took: 0.0000177 seconds
[2019-12-08T10:21:01.129+0000][1][safepoint    ] Application time: 1.0001000 seconds
[2019-12-08T10:21:01.129+0000][1][safepoint    ] Entering safepoint region: Cleanup
[2019-12-08T10:21:01.129+0000][1][safepoint    ] Leaving safepoint region
[2019-12-08T10:21:01.129+0000][1][safepoint    ] Total time for which application threads were stopped: 0.0000684 seconds, Stopping threads took: 0.0000184 seconds
[2019-12-08T10:21:02.130+0000][1][safepoint    ] Application time: 1.0000838 seconds
[2019-12-08T10:21:02.130+0000][1][safepoint    ] Entering safepoint region: Cleanup
[2019-12-08T10:21:02.130+0000][1][safepoint    ] Leaving safepoint region
[2019-12-08T10:21:02.130+0000][1][safepoint    ] Total time for which application threads were stopped: 0.0000744 seconds, Stopping threads took: 0.0000182 seconds
[2019-12-08T10:21:03.130+0000][1][safepoint    ] Application time: 1.0000835 seconds
[2019-12-08T10:21:03.130+0000][1][safepoint    ] Entering safepoint region: Cleanup
[2019-12-08T10:21:03.130+0000][1][safepoint    ] Leaving safepoint region
[2019-12-08T10:21:03.130+0000][1][safepoint    ] Total time for which application threads were stopped: 0.0000673 seconds, Stopping threads took: 0.0000172 seconds
[2019-12-08T10:21:04.130+0000][1][safepoint    ] Application time: 1.0000834 seconds
[2019-12-08T10:21:04.130+0000][1][safepoint    ] Entering safepoint region: Cleanup
[2019-12-08T10:21:04.130+0000][1][safepoint    ] Leaving safepoint region
[2019-12-08T10:21:04.130+0000][1][safepoint    ] Total time for which application threads were stopped: 0.0000667 seconds, Stopping threads took: 0.0000175 seconds
[2019-12-08T10:21:05.130+0000][1][safepoint    ] Application time: 1.0001016 seconds
[2019-12-08T10:21:05.130+0000][1][safepoint    ] Entering safepoint region: Cleanup
[2019-12-08T10:21:05.130+0000][1][safepoint    ] Leaving safepoint region
[2019-12-08T10:21:05.130+0000][1][safepoint    ] Total time for which application threads were stopped: 0.0000671 seconds, Stopping threads took: 0.0000175 seconds
[2019-12-08T10:21:06.130+0000][1][safepoint    ] Application time: 1.0000967 seconds
[2019-12-08T10:21:06.130+0000][1][safepoint    ] Entering safepoint region: Cleanup
[2019-12-08T10:21:06.130+0000][1][safepoint    ] Leaving safepoint region
[2019-12-08T10:21:06.130+0000][1][safepoint    ] Total time for which application threads were stopped: 0.0000700 seconds, Stopping threads took: 0.0000189 seconds
[2019-12-08T10:21:07.131+0000][1][safepoint    ] Application time: 1.0000818 seconds
[2019-12-08T10:21:07.131+0000][1][safepoint    ] Entering safepoint region: Cleanup
[2019-12-08T10:21:07.131+0000][1][safepoint    ] Leaving safepoint region
[2019-12-08T10:21:07.131+0000][1][safepoint    ] Total time for which application threads were stopped: 0.0000699 seconds, Stopping threads took: 0.0000186 seconds
[2019-12-08T10:21:08.131+0000][1][safepoint    ] Application time: 1.0000930 seconds
[2019-12-08T10:21:08.131+0000][1][safepoint    ] Entering safepoint region: Cleanup
[2019-12-08T10:21:08.131+0000][1][safepoint    ] Leaving safepoint region
[2019-12-08T10:21:08.131+0000][1][safepoint    ] Total time for which application threads were stopped: 0.0000672 seconds, Stopping threads took: 0.0000177 seconds
[2019-12-08T10:21:09.131+0000][1][safepoint    ] Application time: 1.0000794 seconds
[2019-12-08T10:21:09.131+0000][1][safepoint    ] Entering safepoint region: Cleanup
[2019-12-08T10:21:09.131+0000][1][safepoint    ] Leaving safepoint region
[2019-12-08T10:21:09.131+0000][1][safepoint    ] Total time for which application threads were stopped: 0.0000678 seconds, Stopping threads took: 0.0000180 seconds
[2019-12-08T10:21:10.131+0000][1][safepoint    ] Application time: 1.0000771 seconds
[2019-12-08T10:21:10.131+0000][1][safepoint    ] Entering safepoint region: Cleanup
[2019-12-08T10:21:10.131+0000][1][safepoint    ] Leaving safepoint region
[2019-12-08T10:21:10.131+0000][1][safepoint    ] Total time for which application threads were stopped: 0.0000654 seconds, Stopping threads took: 0.0000183 seconds
[2019-12-08T10:21:11.131+0000][1][safepoint    ] Application time: 1.0000980 seconds
[2019-12-08T10:21:11.131+0000][1][safepoint    ] Entering safepoint region: Cleanup
[2019-12-08T10:21:11.131+0000][1][safepoint    ] Leaving safepoint region
[2019-12-08T10:21:11.131+0000][1][safepoint    ] Total time for which application threads were stopped: 0.0000727 seconds, Stopping threads took: 0.0000251 seconds
[2019-12-08T10:21:12.131+0000][1][safepoint    ] Application time: 1.0000803 seconds
[2019-12-08T10:21:12.131+0000][1][safepoint    ] Entering safepoint region: Cleanup
[2019-12-08T10:21:12.132+0000][1][safepoint    ] Leaving safepoint region
[2019-12-08T10:21:12.132+0000][1][safepoint    ] Total time for which application threads were stopped: 0.0000645 seconds, Stopping threads took: 0.0000171 seconds
[2019-12-08T10:21:13.132+0000][1][safepoint    ] Application time: 1.0000798 seconds
[2019-12-08T10:21:13.132+0000][1][safepoint    ] Entering safepoint region: Cleanup
[2019-12-08T10:21:13.132+0000][1][safepoint    ] Leaving safepoint region
[2019-12-08T10:21:13.132+0000][1][safepoint    ] Total time for which application threads were stopped: 0.0000739 seconds, Stopping threads took: 0.0000256 seconds
[2019-12-08T10:21:14.132+0000][1][safepoint    ] Application time: 1.0000767 seconds
[2019-12-08T10:21:14.132+0000][1][safepoint    ] Entering safepoint region: Cleanup
[2019-12-08T10:21:14.132+0000][1][safepoint    ] Leaving safepoint region
[2019-12-08T10:21:14.132+0000][1][safepoint    ] Total time for which application threads were stopped: 0.0000674 seconds, Stopping threads took: 0.0000166 seconds
[2019-12-08T10:21:15.132+0000][1][safepoint    ] Application time: 1.0000776 seconds
[2019-12-08T10:21:15.132+0000][1][safepoint    ] Entering safepoint region: Cleanup
[2019-12-08T10:21:15.132+0000][1][safepoint    ] Leaving safepoint region
[2019-12-08T10:21:15.132+0000][1][safepoint    ] Total time for which application threads were stopped: 0.0000626 seconds, Stopping threads took: 0.0000169 seconds
[2019-12-08T10:21:16.132+0000][1][safepoint    ] Application time: 1.0000840 seconds
[2019-12-08T10:21:16.132+0000][1][safepoint    ] Entering safepoint region: Cleanup
[2019-12-08T10:21:16.132+0000][1][safepoint    ] Leaving safepoint region
[2019-12-08T10:21:16.132+0000][1][safepoint    ] Total time for which application threads were stopped: 0.0000668 seconds, Stopping threads took: 0.0000178 seconds
[2019-12-08T10:21:17.132+0000][1][safepoint    ] Application time: 1.0000800 seconds
[2019-12-08T10:21:17.132+0000][1][safepoint    ] Entering safepoint region: Cleanup
[2019-12-08T10:21:17.132+0000][1][safepoint    ] Leaving safepoint region
[2019-12-08T10:21:17.132+0000][1][safepoint    ] Total time for which application threads were stopped: 0.0000640 seconds, Stopping threads took: 0.0000178 seconds
[2019-12-08T10:21:18.133+0000][1][safepoint    ] Application time: 1.0000797 seconds
[2019-12-08T10:21:18.133+0000][1][safepoint    ] Entering safepoint region: Cleanup
[2019-12-08T10:21:18.133+0000][1][safepoint    ] Leaving safepoint region
[2019-12-08T10:21:18.133+0000][1][safepoint    ] Total time for which application threads were stopped: 0.0000668 seconds, Stopping threads took: 0.0000178 seconds
[2019-12-08T10:21:19.133+0000][1][safepoint    ] Application time: 1.0000780 seconds
[2019-12-08T10:21:19.133+0000][1][safepoint    ] Entering safepoint region: Cleanup
[2019-12-08T10:21:19.133+0000][1][safepoint    ] Leaving safepoint region
[2019-12-08T10:21:19.133+0000][1][safepoint    ] Total time for which application threads were stopped: 0.0000654 seconds, Stopping threads took: 0.0000178 seconds
[2019-12-08T10:21:20.133+0000][1][safepoint    ] Application time: 1.0000747 seconds
[2019-12-08T10:21:20.133+0000][1][safepoint    ] Entering safepoint region: Cleanup
[2019-12-08T10:21:20.133+0000][1][safepoint    ] Leaving safepoint region
[2019-12-08T10:21:20.133+0000][1][safepoint    ] Total time for which application threads were stopped: 0.0000616 seconds, Stopping threads took: 0.0000166 seconds
[2019-12-08T10:21:20.766+0000][1][safepoint    ] Application time: 0.6328805 seconds
[2019-12-08T10:21:20.766+0000][1][safepoint    ] Entering safepoint region: GenCollectForAllocation
[2019-12-08T10:21:20.766+0000][1][gc,start     ] GC(29) Pause Young (Allocation Failure)
[2019-12-08T10:21:20.766+0000][1][gc,task      ] GC(29) Using 4 workers of 4 for evacuation
[2019-12-08T10:21:20.767+0000][1][gc,age       ] GC(29) Desired survivor size 4456448 bytes, new threshold 6 (max threshold 6)
[2019-12-08T10:21:20.767+0000][1][gc,age       ] GC(29) Age table with threshold 6 (max threshold 6)
[2019-12-08T10:21:20.767+0000][1][gc,age       ] GC(29) - age   1:       4984 bytes,       4984 total
[2019-12-08T10:21:20.767+0000][1][gc,age       ] GC(29) - age   2:       1968 bytes,       6952 total
[2019-12-08T10:21:20.767+0000][1][gc,age       ] GC(29) - age   3:       1888 bytes,       8840 total
[2019-12-08T10:21:20.767+0000][1][gc,age       ] GC(29) - age   4:       4008 bytes,      12848 total
[2019-12-08T10:21:20.767+0000][1][gc,age       ] GC(29) - age   5:       4144 bytes,      16992 total
[2019-12-08T10:21:20.767+0000][1][gc,age       ] GC(29) - age   6:       7440 bytes,      24432 total
[2019-12-08T10:21:20.767+0000][1][gc,heap      ] GC(29) ParNew: 70764K->221K(78656K)
[2019-12-08T10:21:20.767+0000][1][gc,heap      ] GC(29) CMS: 69579K->69587K(174784K)
[2019-12-08T10:21:20.767+0000][1][gc,metaspace ] GC(29) Metaspace: 68238K->68238K(1112064K)
[2019-12-08T10:21:20.767+0000][1][gc           ] GC(29) Pause Young (Allocation Failure) 137M->68M(247M) 1.238ms
[2019-12-08T10:21:20.767+0000][1][gc,cpu       ] GC(29) User=0.00s Sys=0.00s Real=0.00s
[2019-12-08T10:21:20.767+0000][1][safepoint    ] Leaving safepoint region
[2019-12-08T10:21:20.767+0000][1][safepoint    ] Total time for which application threads were stopped: 0.0013798 seconds, Stopping threads took: 0.0000250 seconds
[2019-12-08T10:21:21.767+0000][1][safepoint    ] Application time: 1.0000876 seconds
[2019-12-08T10:21:21.767+0000][1][safepoint    ] Entering safepoint region: Cleanup
[2019-12-08T10:21:21.767+0000][1][safepoint    ] Leaving safepoint region
[2019-12-08T10:21:21.767+0000][1][safepoint    ] Total time for which application threads were stopped: 0.0000693 seconds, Stopping threads took: 0.0000182 seconds
[2019-12-08T10:21:22.768+0000][1][safepoint    ] Application time: 1.0000777 seconds
[2019-12-08T10:21:22.768+0000][1][safepoint    ] Entering safepoint region: Cleanup
[2019-12-08T10:21:22.768+0000][1][safepoint    ] Leaving safepoint region
[2019-12-08T10:21:22.768+0000][1][safepoint    ] Total time for which application threads were stopped: 0.0000779 seconds, Stopping threads took: 0.0000175 seconds
[2019-12-08T10:21:23.768+0000][1][safepoint    ] Application time: 1.0000762 seconds
[2019-12-08T10:21:23.768+0000][1][safepoint    ] Entering safepoint region: Cleanup
[2019-12-08T10:21:23.768+0000][1][safepoint    ] Leaving safepoint region
[2019-12-08T10:21:23.768+0000][1][safepoint    ] Total time for which application threads were stopped: 0.0000701 seconds, Stopping threads took: 0.0000188 seconds
[2019-12-08T10:21:24.768+0000][1][safepoint    ] Application time: 1.0000774 seconds
[2019-12-08T10:21:24.768+0000][1][safepoint    ] Entering safepoint region: Cleanup
[2019-12-08T10:21:24.768+0000][1][safepoint    ] Leaving safepoint region
[2019-12-08T10:21:24.768+0000][1][safepoint    ] Total time for which application threads were stopped: 0.0000691 seconds, Stopping threads took: 0.0000189 seconds
[2019-12-08T10:21:25.768+0000][1][safepoint    ] Application time: 1.0000764 seconds
[2019-12-08T10:21:25.768+0000][1][safepoint    ] Entering safepoint region: Cleanup
[2019-12-08T10:21:25.768+0000][1][safepoint    ] Leaving safepoint region
[2019-12-08T10:21:25.768+0000][1][safepoint    ] Total time for which application threads were stopped: 0.0000683 seconds, Stopping threads took: 0.0000176 seconds
[2019-12-08T10:21:26.768+0000][1][safepoint    ] Application time: 1.0000845 seconds
[2019-12-08T10:21:26.768+0000][1][safepoint    ] Entering safepoint region: Cleanup
[2019-12-08T10:21:26.768+0000][1][safepoint    ] Leaving safepoint region
[2019-12-08T10:21:26.768+0000][1][safepoint    ] Total time for which application threads were stopped: 0.0000662 seconds, Stopping threads took: 0.0000180 seconds
[2019-12-08T10:21:27.769+0000][1][safepoint    ] Application time: 1.0000779 seconds
[2019-12-08T10:21:27.769+0000][1][safepoint    ] Entering safepoint region: Cleanup
[2019-12-08T10:21:27.769+0000][1][safepoint    ] Leaving safepoint region
[2019-12-08T10:21:27.769+0000][1][safepoint    ] Total time for which application threads were stopped: 0.0000680 seconds, Stopping threads took: 0.0000175 seconds
[2019-12-08T10:21:28.769+0000][1][safepoint    ] Application time: 1.0000783 seconds
[2019-12-08T10:21:28.769+0000][1][safepoint    ] Entering safepoint region: Cleanup
[2019-12-08T10:21:28.769+0000][1][safepoint    ] Leaving safepoint region
[2019-12-08T10:21:28.769+0000][1][safepoint    ] Total time for which application threads were stopped: 0.0000698 seconds, Stopping threads took: 0.0000183 seconds
[2019-12-08T10:21:29.769+0000][1][safepoint    ] Application time: 1.0000756 seconds
[2019-12-08T10:21:29.769+0000][1][safepoint    ] Entering safepoint region: Cleanup
[2019-12-08T10:21:29.769+0000][1][safepoint    ] Leaving safepoint region
[2019-12-08T10:21:29.769+0000][1][safepoint    ] Total time for which application threads were stopped: 0.0000675 seconds, Stopping threads took: 0.0000169 seconds
[2019-12-08T10:21:30.769+0000][1][safepoint    ] Application time: 1.0000762 seconds
[2019-12-08T10:21:30.769+0000][1][safepoint    ] Entering safepoint region: Cleanup
[2019-12-08T10:21:30.769+0000][1][safepoint    ] Leaving safepoint region
[2019-12-08T10:21:30.769+0000][1][safepoint    ] Total time for which application threads were stopped: 0.0000655 seconds, Stopping threads took: 0.0000186 seconds
[2019-12-08T10:21:31.769+0000][1][safepoint    ] Application time: 1.0000789 seconds
[2019-12-08T10:21:31.769+0000][1][safepoint    ] Entering safepoint region: Cleanup
[2019-12-08T10:21:31.769+0000][1][safepoint    ] Leaving safepoint region
[2019-12-08T10:21:31.769+0000][1][safepoint    ] Total time for which application threads were stopped: 0.0000748 seconds, Stopping threads took: 0.0000253 seconds
[2019-12-08T10:21:32.770+0000][1][safepoint    ] Application time: 1.0000797 seconds
[2019-12-08T10:21:32.770+0000][1][safepoint    ] Entering safepoint region: Cleanup
[2019-12-08T10:21:32.770+0000][1][safepoint    ] Leaving safepoint region
[2019-12-08T10:21:32.770+0000][1][safepoint    ] Total time for which application threads were stopped: 0.0000717 seconds, Stopping threads took: 0.0000185 seconds
[2019-12-08T10:21:33.770+0000][1][safepoint    ] Application time: 1.0000821 seconds
[2019-12-08T10:21:33.770+0000][1][safepoint    ] Entering safepoint region: Cleanup
[2019-12-08T10:21:33.770+0000][1][safepoint    ] Leaving safepoint region
[2019-12-08T10:21:33.770+0000][1][safepoint    ] Total time for which application threads were stopped: 0.0000710 seconds, Stopping threads took: 0.0000189 seconds
[2019-12-08T10:21:34.770+0000][1][safepoint    ] Application time: 1.0000771 seconds
[2019-12-08T10:21:34.770+0000][1][safepoint    ] Entering safepoint region: Cleanup
[2019-12-08T10:21:34.770+0000][1][safepoint    ] Leaving safepoint region
[2019-12-08T10:21:34.770+0000][1][safepoint    ] Total time for which application threads were stopped: 0.0000682 seconds, Stopping threads took: 0.0000176 seconds
[2019-12-08T10:21:35.770+0000][1][safepoint    ] Application time: 1.0000937 seconds
[2019-12-08T10:21:35.770+0000][1][safepoint    ] Entering safepoint region: Cleanup
[2019-12-08T10:21:35.770+0000][1][safepoint    ] Leaving safepoint region
[2019-12-08T10:21:35.770+0000][1][safepoint    ] Total time for which application threads were stopped: 0.0000677 seconds, Stopping threads took: 0.0000181 seconds
[2019-12-08T10:21:36.770+0000][1][safepoint    ] Application time: 1.0000787 seconds
[2019-12-08T10:21:36.770+0000][1][safepoint    ] Entering safepoint region: Cleanup
[2019-12-08T10:21:36.770+0000][1][safepoint    ] Leaving safepoint region
[2019-12-08T10:21:36.770+0000][1][safepoint    ] Total time for which application threads were stopped: 0.0000676 seconds, Stopping threads took: 0.0000185 seconds
[2019-12-08T10:21:37.770+0000][1][safepoint    ] Application time: 1.0000786 seconds
[2019-12-08T10:21:37.771+0000][1][safepoint    ] Entering safepoint region: Cleanup
[2019-12-08T10:21:37.771+0000][1][safepoint    ] Leaving safepoint region
[2019-12-08T10:21:37.771+0000][1][safepoint    ] Total time for which application threads were stopped: 0.0000666 seconds, Stopping threads took: 0.0000172 seconds
[2019-12-08T10:21:38.771+0000][1][safepoint    ] Application time: 1.0000788 seconds
[2019-12-08T10:21:38.771+0000][1][safepoint    ] Entering safepoint region: Cleanup
[2019-12-08T10:21:38.771+0000][1][safepoint    ] Leaving safepoint region
[2019-12-08T10:21:38.771+0000][1][safepoint    ] Total time for which application threads were stopped: 0.0000698 seconds, Stopping threads took: 0.0000187 seconds
[2019-12-08T10:21:39.771+0000][1][safepoint    ] Application time: 1.0000791 seconds
[2019-12-08T10:21:39.771+0000][1][safepoint    ] Entering safepoint region: Cleanup
[2019-12-08T10:21:39.771+0000][1][safepoint    ] Leaving safepoint region
[2019-12-08T10:21:39.771+0000][1][safepoint    ] Total time for which application threads were stopped: 0.0000705 seconds, Stopping threads took: 0.0000185 seconds
[2019-12-08T10:21:40.771+0000][1][safepoint    ] Application time: 1.0000799 seconds
[2019-12-08T10:21:40.771+0000][1][safepoint    ] Entering safepoint region: Cleanup
[2019-12-08T10:21:40.771+0000][1][safepoint    ] Leaving safepoint region
[2019-12-08T10:21:40.771+0000][1][safepoint    ] Total time for which application threads were stopped: 0.0000687 seconds, Stopping threads took: 0.0000186 seconds
[2019-12-08T10:21:41.771+0000][1][safepoint    ] Application time: 1.0000895 seconds
[2019-12-08T10:21:41.771+0000][1][safepoint    ] Entering safepoint region: Cleanup
[2019-12-08T10:21:41.771+0000][1][safepoint    ] Leaving safepoint region
[2019-12-08T10:21:41.771+0000][1][safepoint    ] Total time for which application threads were stopped: 0.0000647 seconds, Stopping threads took: 0.0000169 seconds
[2019-12-08T10:21:42.771+0000][1][safepoint    ] Application time: 1.0000770 seconds
[2019-12-08T10:21:42.771+0000][1][safepoint    ] Entering safepoint region: Cleanup
[2019-12-08T10:21:42.772+0000][1][safepoint    ] Leaving safepoint region
[2019-12-08T10:21:42.772+0000][1][safepoint    ] Total time for which application threads were stopped: 0.0000770 seconds, Stopping threads took: 0.0000259 seconds
[2019-12-08T10:21:43.772+0000][1][safepoint    ] Application time: 1.0000774 seconds
[2019-12-08T10:21:43.772+0000][1][safepoint    ] Entering safepoint region: Cleanup
[2019-12-08T10:21:43.772+0000][1][safepoint    ] Leaving safepoint region
[2019-12-08T10:21:43.772+0000][1][safepoint    ] Total time for which application threads were stopped: 0.0000666 seconds, Stopping threads took: 0.0000177 seconds
[2019-12-08T10:21:44.772+0000][1][safepoint    ] Application time: 1.0000772 seconds
[2019-12-08T10:21:44.772+0000][1][safepoint    ] Entering safepoint region: Cleanup
[2019-12-08T10:21:44.772+0000][1][safepoint    ] Leaving safepoint region
[2019-12-08T10:21:44.772+0000][1][safepoint    ] Total time for which application threads were stopped: 0.0000668 seconds, Stopping threads took: 0.0000184 seconds
[2019-12-08T10:21:45.772+0000][1][safepoint    ] Application time: 1.0000757 seconds
[2019-12-08T10:21:45.772+0000][1][safepoint    ] Entering safepoint region: Cleanup
[2019-12-08T10:21:45.772+0000][1][safepoint    ] Leaving safepoint region
[2019-12-08T10:21:45.772+0000][1][safepoint    ] Total time for which application threads were stopped: 0.0000722 seconds, Stopping threads took: 0.0000214 seconds
[2019-12-08T10:21:46.772+0000][1][safepoint    ] Application time: 1.0000759 seconds
[2019-12-08T10:21:46.772+0000][1][safepoint    ] Entering safepoint region: Cleanup
[2019-12-08T10:21:46.772+0000][1][safepoint    ] Leaving safepoint region
[2019-12-08T10:21:46.772+0000][1][safepoint    ] Total time for which application threads were stopped: 0.0000678 seconds, Stopping threads took: 0.0000178 seconds
[2019-12-08T10:21:47.772+0000][1][safepoint    ] Application time: 1.0000793 seconds
[2019-12-08T10:21:47.772+0000][1][safepoint    ] Entering safepoint region: Cleanup
[2019-12-08T10:21:47.773+0000][1][safepoint    ] Leaving safepoint region
[2019-12-08T10:21:47.773+0000][1][safepoint    ] Total time for which application threads were stopped: 0.0000673 seconds, Stopping threads took: 0.0000171 seconds
[2019-12-08T10:21:48.773+0000][1][safepoint    ] Application time: 1.0000784 seconds
[2019-12-08T10:21:48.773+0000][1][safepoint    ] Entering safepoint region: Cleanup
[2019-12-08T10:21:48.773+0000][1][safepoint    ] Leaving safepoint region
[2019-12-08T10:21:48.773+0000][1][safepoint    ] Total time for which application threads were stopped: 0.0000787 seconds, Stopping threads took: 0.0000181 seconds
[2019-12-08T10:21:49.773+0000][1][safepoint    ] Application time: 1.0000807 seconds
[2019-12-08T10:21:49.773+0000][1][safepoint    ] Entering safepoint region: Cleanup
[2019-12-08T10:21:49.773+0000][1][safepoint    ] Leaving safepoint region
[2019-12-08T10:21:49.773+0000][1][safepoint    ] Total time for which application threads were stopped: 0.0000664 seconds, Stopping threads took: 0.0000173 seconds
[2019-12-08T10:21:50.773+0000][1][safepoint    ] Application time: 1.0000788 seconds
[2019-12-08T10:21:50.773+0000][1][safepoint    ] Entering safepoint region: Cleanup
[2019-12-08T10:21:50.773+0000][1][safepoint    ] Leaving safepoint region
[2019-12-08T10:21:50.773+0000][1][safepoint    ] Total time for which application threads were stopped: 0.0000691 seconds, Stopping threads took: 0.0000180 seconds
[2019-12-08T10:21:51.773+0000][1][safepoint    ] Application time: 1.0000834 seconds
[2019-12-08T10:21:51.773+0000][1][safepoint    ] Entering safepoint region: Cleanup
[2019-12-08T10:21:51.773+0000][1][safepoint    ] Leaving safepoint region
[2019-12-08T10:21:51.773+0000][1][safepoint    ] Total time for which application threads were stopped: 0.0000714 seconds, Stopping threads took: 0.0000191 seconds
[2019-12-08T10:21:52.773+0000][1][safepoint    ] Application time: 1.0000809 seconds
[2019-12-08T10:21:52.773+0000][1][safepoint    ] Entering safepoint region: Cleanup
[2019-12-08T10:21:52.773+0000][1][safepoint    ] Leaving safepoint region
[2019-12-08T10:21:52.773+0000][1][safepoint    ] Total time for which application threads were stopped: 0.0000751 seconds, Stopping threads took: 0.0000255 seconds
[2019-12-08T10:21:53.774+0000][1][safepoint    ] Application time: 1.0000772 seconds
[2019-12-08T10:21:53.774+0000][1][safepoint    ] Entering safepoint region: Cleanup
[2019-12-08T10:21:53.774+0000][1][safepoint    ] Leaving safepoint region
[2019-12-08T10:21:53.774+0000][1][safepoint    ] Total time for which application threads were stopped: 0.0000685 seconds, Stopping threads took: 0.0000170 seconds
[2019-12-08T10:21:54.774+0000][1][safepoint    ] Application time: 1.0000952 seconds
[2019-12-08T10:21:54.774+0000][1][safepoint    ] Entering safepoint region: Cleanup
[2019-12-08T10:21:54.774+0000][1][safepoint    ] Leaving safepoint region
[2019-12-08T10:21:54.774+0000][1][safepoint    ] Total time for which application threads were stopped: 0.0000729 seconds, Stopping threads took: 0.0000190 seconds
[2019-12-08T10:21:55.774+0000][1][safepoint    ] Application time: 1.0000791 seconds
[2019-12-08T10:21:55.774+0000][1][safepoint    ] Entering safepoint region: Cleanup
[2019-12-08T10:21:55.774+0000][1][safepoint    ] Leaving safepoint region
[2019-12-08T10:21:55.774+0000][1][safepoint    ] Total time for which application threads were stopped: 0.0000683 seconds, Stopping threads took: 0.0000166 seconds
[2019-12-08T10:21:56.774+0000][1][safepoint    ] Application time: 1.0000796 seconds
[2019-12-08T10:21:56.774+0000][1][safepoint    ] Entering safepoint region: Cleanup
[2019-12-08T10:21:56.774+0000][1][safepoint    ] Leaving safepoint region
[2019-12-08T10:21:56.774+0000][1][safepoint    ] Total time for which application threads were stopped: 0.0000773 seconds, Stopping threads took: 0.0000257 seconds
[2019-12-08T10:21:57.774+0000][1][safepoint    ] Application time: 1.0000854 seconds
[2019-12-08T10:21:57.774+0000][1][safepoint    ] Entering safepoint region: Cleanup
[2019-12-08T10:21:57.774+0000][1][safepoint    ] Leaving safepoint region
[2019-12-08T10:21:57.774+0000][1][safepoint    ] Total time for which application threads were stopped: 0.0000711 seconds, Stopping threads took: 0.0000194 seconds
[2019-12-08T10:21:58.775+0000][1][safepoint    ] Application time: 1.0000830 seconds
[2019-12-08T10:21:58.775+0000][1][safepoint    ] Entering safepoint region: Cleanup
[2019-12-08T10:21:58.775+0000][1][safepoint    ] Leaving safepoint region
[2019-12-08T10:21:58.775+0000][1][safepoint    ] Total time for which application threads were stopped: 0.0000678 seconds, Stopping threads took: 0.0000175 seconds
[2019-12-08T10:22:00.191+0000][1][safepoint    ] Application time: 1.4167724 seconds
[2019-12-08T10:22:00.191+0000][1][safepoint    ] Entering safepoint region: Cleanup
[2019-12-08T10:22:00.192+0000][1][safepoint    ] Leaving safepoint region
[2019-12-08T10:22:00.192+0000][1][safepoint    ] Total time for which application threads were stopped: 0.0000647 seconds, Stopping threads took: 0.0000156 seconds
[2019-12-08T10:22:01.192+0000][1][safepoint    ] Application time: 1.0000900 seconds
[2019-12-08T10:22:01.192+0000][1][safepoint    ] Entering safepoint region: Cleanup
[2019-12-08T10:22:01.192+0000][1][safepoint    ] Leaving safepoint region
[2019-12-08T10:22:01.192+0000][1][safepoint    ] Total time for which application threads were stopped: 0.0000891 seconds, Stopping threads took: 0.0000261 seconds
[2019-12-08T10:22:02.192+0000][1][safepoint    ] Application time: 1.0000832 seconds
[2019-12-08T10:22:02.192+0000][1][safepoint    ] Entering safepoint region: Cleanup
[2019-12-08T10:22:02.192+0000][1][safepoint    ] Leaving safepoint region
[2019-12-08T10:22:02.192+0000][1][safepoint    ] Total time for which application threads were stopped: 0.0000696 seconds, Stopping threads took: 0.0000177 seconds
[2019-12-08T10:22:03.192+0000][1][safepoint    ] Application time: 1.0000835 seconds
[2019-12-08T10:22:03.192+0000][1][safepoint    ] Entering safepoint region: Cleanup
[2019-12-08T10:22:03.192+0000][1][safepoint    ] Leaving safepoint region
[2019-12-08T10:22:03.192+0000][1][safepoint    ] Total time for which application threads were stopped: 0.0000770 seconds, Stopping threads took: 0.0000243 seconds
[2019-12-08T10:22:04.192+0000][1][safepoint    ] Application time: 1.0001329 seconds
[2019-12-08T10:22:04.192+0000][1][safepoint    ] Entering safepoint region: Cleanup
[2019-12-08T10:22:04.192+0000][1][safepoint    ] Leaving safepoint region
[2019-12-08T10:22:04.192+0000][1][safepoint    ] Total time for which application threads were stopped: 0.0001257 seconds, Stopping threads took: 0.0000523 seconds
[2019-12-08T10:22:05.193+0000][1][safepoint    ] Application time: 1.0000868 seconds
[2019-12-08T10:22:05.193+0000][1][safepoint    ] Entering safepoint region: Cleanup
[2019-12-08T10:22:05.193+0000][1][safepoint    ] Leaving safepoint region
[2019-12-08T10:22:05.193+0000][1][safepoint    ] Total time for which application threads were stopped: 0.0001074 seconds, Stopping threads took: 0.0000179 seconds
[2019-12-08T10:22:06.193+0000][1][safepoint    ] Application time: 1.0000943 seconds
[2019-12-08T10:22:06.193+0000][1][safepoint    ] Entering safepoint region: Cleanup
[2019-12-08T10:22:06.193+0000][1][safepoint    ] Leaving safepoint region
[2019-12-08T10:22:06.193+0000][1][safepoint    ] Total time for which application threads were stopped: 0.0000674 seconds, Stopping threads took: 0.0000172 seconds
[2019-12-08T10:22:07.193+0000][1][safepoint    ] Application time: 1.0000822 seconds
[2019-12-08T10:22:07.193+0000][1][safepoint    ] Entering safepoint region: Cleanup
[2019-12-08T10:22:07.193+0000][1][safepoint    ] Leaving safepoint region
[2019-12-08T10:22:07.193+0000][1][safepoint    ] Total time for which application threads were stopped: 0.0000670 seconds, Stopping threads took: 0.0000175 seconds
[2019-12-08T10:22:08.193+0000][1][safepoint    ] Application time: 1.0000886 seconds
[2019-12-08T10:22:08.193+0000][1][safepoint    ] Entering safepoint region: Cleanup
[2019-12-08T10:22:08.193+0000][1][safepoint    ] Leaving safepoint region
[2019-12-08T10:22:08.193+0000][1][safepoint    ] Total time for which application threads were stopped: 0.0000684 seconds, Stopping threads took: 0.0000180 seconds
[2019-12-08T10:22:09.193+0000][1][safepoint    ] Application time: 1.0000783 seconds
[2019-12-08T10:22:09.193+0000][1][safepoint    ] Entering safepoint region: Cleanup
[2019-12-08T10:22:09.193+0000][1][safepoint    ] Leaving safepoint region
[2019-12-08T10:22:09.193+0000][1][safepoint    ] Total time for which application threads were stopped: 0.0000691 seconds, Stopping threads took: 0.0000167 seconds
[2019-12-08T10:22:10.194+0000][1][safepoint    ] Application time: 1.0000894 seconds
[2019-12-08T10:22:10.194+0000][1][safepoint    ] Entering safepoint region: Cleanup
[2019-12-08T10:22:10.194+0000][1][safepoint    ] Leaving safepoint region
[2019-12-08T10:22:10.194+0000][1][safepoint    ] Total time for which application threads were stopped: 0.0000666 seconds, Stopping threads took: 0.0000168 seconds
[2019-12-08T10:22:11.194+0000][1][safepoint    ] Application time: 1.0000981 seconds
[2019-12-08T10:22:11.194+0000][1][safepoint    ] Entering safepoint region: Cleanup
[2019-12-08T10:22:11.194+0000][1][safepoint    ] Leaving safepoint region
[2019-12-08T10:22:11.194+0000][1][safepoint    ] Total time for which application threads were stopped: 0.0000667 seconds, Stopping threads took: 0.0000170 seconds
[2019-12-08T10:22:12.194+0000][1][safepoint    ] Application time: 1.0000899 seconds
[2019-12-08T10:22:12.194+0000][1][safepoint    ] Entering safepoint region: Cleanup
[2019-12-08T10:22:12.194+0000][1][safepoint    ] Leaving safepoint region
[2019-12-08T10:22:12.194+0000][1][safepoint    ] Total time for which application threads were stopped: 0.0000654 seconds, Stopping threads took: 0.0000174 seconds
[2019-12-08T10:22:13.194+0000][1][safepoint    ] Application time: 1.0000815 seconds
[2019-12-08T10:22:13.194+0000][1][safepoint    ] Entering safepoint region: Cleanup
[2019-12-08T10:22:13.194+0000][1][safepoint    ] Leaving safepoint region
[2019-12-08T10:22:13.194+0000][1][safepoint    ] Total time for which application threads were stopped: 0.0000756 seconds, Stopping threads took: 0.0000179 seconds
[2019-12-08T10:22:14.194+0000][1][safepoint    ] Application time: 1.0000802 seconds
[2019-12-08T10:22:14.194+0000][1][safepoint    ] Entering safepoint region: Cleanup
[2019-12-08T10:22:14.194+0000][1][safepoint    ] Leaving safepoint region
[2019-12-08T10:22:14.194+0000][1][safepoint    ] Total time for which application threads were stopped: 0.0000633 seconds, Stopping threads took: 0.0000172 seconds
[2019-12-08T10:22:15.195+0000][1][safepoint    ] Application time: 1.0000779 seconds
[2019-12-08T10:22:15.195+0000][1][safepoint    ] Entering safepoint region: Cleanup
[2019-12-08T10:22:15.195+0000][1][safepoint    ] Leaving safepoint region
[2019-12-08T10:22:15.195+0000][1][safepoint    ] Total time for which application threads were stopped: 0.0000624 seconds, Stopping threads took: 0.0000166 seconds
[2019-12-08T10:22:16.195+0000][1][safepoint    ] Application time: 1.0001003 seconds
[2019-12-08T10:22:16.195+0000][1][safepoint    ] Entering safepoint region: Cleanup
[2019-12-08T10:22:16.195+0000][1][safepoint    ] Leaving safepoint region
[2019-12-08T10:22:16.195+0000][1][safepoint    ] Total time for which application threads were stopped: 0.0000689 seconds, Stopping threads took: 0.0000177 seconds
[2019-12-08T10:22:17.195+0000][1][safepoint    ] Application time: 1.0000825 seconds
[2019-12-08T10:22:17.195+0000][1][safepoint    ] Entering safepoint region: Cleanup
[2019-12-08T10:22:17.195+0000][1][safepoint    ] Leaving safepoint region
[2019-12-08T10:22:17.195+0000][1][safepoint    ] Total time for which application threads were stopped: 0.0000669 seconds, Stopping threads took: 0.0000168 seconds
[2019-12-08T10:22:18.195+0000][1][safepoint    ] Application time: 1.0000816 seconds
[2019-12-08T10:22:18.195+0000][1][safepoint    ] Entering safepoint region: Cleanup
[2019-12-08T10:22:18.195+0000][1][safepoint    ] Leaving safepoint region
[2019-12-08T10:22:18.195+0000][1][safepoint    ] Total time for which application threads were stopped: 0.0000644 seconds, Stopping threads took: 0.0000170 seconds
[2019-12-08T10:22:19.195+0000][1][safepoint    ] Application time: 1.0000801 seconds
[2019-12-08T10:22:19.195+0000][1][safepoint    ] Entering safepoint region: Cleanup
[2019-12-08T10:22:19.195+0000][1][safepoint    ] Leaving safepoint region
[2019-12-08T10:22:19.195+0000][1][safepoint    ] Total time for which application threads were stopped: 0.0000661 seconds, Stopping threads took: 0.0000177 seconds
[2019-12-08T10:22:20.195+0000][1][safepoint    ] Application time: 1.0000762 seconds
[2019-12-08T10:22:20.195+0000][1][safepoint    ] Entering safepoint region: Cleanup
[2019-12-08T10:22:20.196+0000][1][safepoint    ] Leaving safepoint region
[2019-12-08T10:22:20.196+0000][1][safepoint    ] Total time for which application threads were stopped: 0.0000650 seconds, Stopping threads took: 0.0000171 seconds
[2019-12-08T10:22:21.196+0000][1][safepoint    ] Application time: 1.0000756 seconds
[2019-12-08T10:22:21.196+0000][1][safepoint    ] Entering safepoint region: Cleanup
[2019-12-08T10:22:21.196+0000][1][safepoint    ] Leaving safepoint region
[2019-12-08T10:22:21.196+0000][1][safepoint    ] Total time for which application threads were stopped: 0.0000610 seconds, Stopping threads took: 0.0000154 seconds
[2019-12-08T10:22:22.196+0000][1][safepoint    ] Application time: 1.0000758 seconds
[2019-12-08T10:22:22.196+0000][1][safepoint    ] Entering safepoint region: Cleanup
[2019-12-08T10:22:22.196+0000][1][safepoint    ] Leaving safepoint region
[2019-12-08T10:22:22.196+0000][1][safepoint    ] Total time for which application threads were stopped: 0.0000623 seconds, Stopping threads took: 0.0000160 seconds
[2019-12-08T10:22:23.196+0000][1][safepoint    ] Application time: 1.0000757 seconds
[2019-12-08T10:22:23.196+0000][1][safepoint    ] Entering safepoint region: Cleanup
[2019-12-08T10:22:23.196+0000][1][safepoint    ] Leaving safepoint region
[2019-12-08T10:22:23.196+0000][1][safepoint    ] Total time for which application threads were stopped: 0.0000689 seconds, Stopping threads took: 0.0000169 seconds
[2019-12-08T10:22:24.196+0000][1][safepoint    ] Application time: 1.0000775 seconds
[2019-12-08T10:22:24.196+0000][1][safepoint    ] Entering safepoint region: Cleanup
[2019-12-08T10:22:24.196+0000][1][safepoint    ] Leaving safepoint region
[2019-12-08T10:22:24.196+0000][1][safepoint    ] Total time for which application threads were stopped: 0.0000661 seconds, Stopping threads took: 0.0000178 seconds
[2019-12-08T10:22:25.196+0000][1][safepoint    ] Application time: 1.0000917 seconds
[2019-12-08T10:22:25.196+0000][1][safepoint    ] Entering safepoint region: Cleanup
[2019-12-08T10:22:25.196+0000][1][safepoint    ] Leaving safepoint region
[2019-12-08T10:22:25.196+0000][1][safepoint    ] Total time for which application threads were stopped: 0.0000656 seconds, Stopping threads took: 0.0000172 seconds
[2019-12-08T10:22:26.196+0000][1][safepoint    ] Application time: 1.0000813 seconds
[2019-12-08T10:22:26.197+0000][1][safepoint    ] Entering safepoint region: Cleanup
[2019-12-08T10:22:26.197+0000][1][safepoint    ] Leaving safepoint region
[2019-12-08T10:22:26.197+0000][1][safepoint    ] Total time for which application threads were stopped: 0.0000740 seconds, Stopping threads took: 0.0000237 seconds
[2019-12-08T10:22:27.197+0000][1][safepoint    ] Application time: 1.0000892 seconds
[2019-12-08T10:22:27.197+0000][1][safepoint    ] Entering safepoint region: Cleanup
[2019-12-08T10:22:27.197+0000][1][safepoint    ] Leaving safepoint region
[2019-12-08T10:22:27.197+0000][1][safepoint    ] Total time for which application threads were stopped: 0.0000650 seconds, Stopping threads took: 0.0000170 seconds
[2019-12-08T10:22:28.197+0000][1][safepoint    ] Application time: 1.0000863 seconds
[2019-12-08T10:22:28.197+0000][1][safepoint    ] Entering safepoint region: Cleanup
[2019-12-08T10:22:28.197+0000][1][safepoint    ] Leaving safepoint region
[2019-12-08T10:22:28.197+0000][1][safepoint    ] Total time for which application threads were stopped: 0.0000678 seconds, Stopping threads took: 0.0000171 seconds
[2019-12-08T10:22:29.197+0000][1][safepoint    ] Application time: 1.0000909 seconds
[2019-12-08T10:22:29.197+0000][1][safepoint    ] Entering safepoint region: Cleanup
[2019-12-08T10:22:29.197+0000][1][safepoint    ] Leaving safepoint region
[2019-12-08T10:22:29.197+0000][1][safepoint    ] Total time for which application threads were stopped: 0.0000669 seconds, Stopping threads took: 0.0000171 seconds
[2019-12-08T10:22:30.197+0000][1][safepoint    ] Application time: 1.0000829 seconds
[2019-12-08T10:22:30.197+0000][1][safepoint    ] Entering safepoint region: Cleanup
[2019-12-08T10:22:30.197+0000][1][safepoint    ] Leaving safepoint region
[2019-12-08T10:22:30.197+0000][1][safepoint    ] Total time for which application threads were stopped: 0.0000674 seconds, Stopping threads took: 0.0000174 seconds
[2019-12-08T10:22:31.197+0000][1][safepoint    ] Application time: 1.0000765 seconds
[2019-12-08T10:22:31.198+0000][1][safepoint    ] Entering safepoint region: Cleanup
[2019-12-08T10:22:31.198+0000][1][safepoint    ] Leaving safepoint region
[2019-12-08T10:22:31.198+0000][1][safepoint    ] Total time for which application threads were stopped: 0.0000646 seconds, Stopping threads took: 0.0000168 seconds
[2019-12-08T10:22:32.198+0000][1][safepoint    ] Application time: 1.0000798 seconds
[2019-12-08T10:22:32.198+0000][1][safepoint    ] Entering safepoint region: Cleanup
[2019-12-08T10:22:32.198+0000][1][safepoint    ] Leaving safepoint region
[2019-12-08T10:22:32.198+0000][1][safepoint    ] Total time for which application threads were stopped: 0.0000791 seconds, Stopping threads took: 0.0000320 seconds
[2019-12-08T10:22:33.198+0000][1][safepoint    ] Application time: 1.0000814 seconds
[2019-12-08T10:22:33.198+0000][1][safepoint    ] Entering safepoint region: Cleanup
[2019-12-08T10:22:33.198+0000][1][safepoint    ] Leaving safepoint region
[2019-12-08T10:22:33.198+0000][1][safepoint    ] Total time for which application threads were stopped: 0.0000735 seconds, Stopping threads took: 0.0000176 seconds
[2019-12-08T10:22:34.198+0000][1][safepoint    ] Application time: 1.0000780 seconds
[2019-12-08T10:22:34.198+0000][1][safepoint    ] Entering safepoint region: Cleanup
[2019-12-08T10:22:34.198+0000][1][safepoint    ] Leaving safepoint region
[2019-12-08T10:22:34.198+0000][1][safepoint    ] Total time for which application threads were stopped: 0.0000648 seconds, Stopping threads took: 0.0000181 seconds
[2019-12-08T10:22:35.198+0000][1][safepoint    ] Application time: 1.0000826 seconds
[2019-12-08T10:22:35.198+0000][1][safepoint    ] Entering safepoint region: Cleanup
[2019-12-08T10:22:35.198+0000][1][safepoint    ] Leaving safepoint region
[2019-12-08T10:22:35.198+0000][1][safepoint    ] Total time for which application threads were stopped: 0.0000650 seconds, Stopping threads took: 0.0000173 seconds
[2019-12-08T10:22:36.198+0000][1][safepoint    ] Application time: 1.0000813 seconds
[2019-12-08T10:22:36.198+0000][1][safepoint    ] Entering safepoint region: Cleanup
[2019-12-08T10:22:36.198+0000][1][safepoint    ] Leaving safepoint region
[2019-12-08T10:22:36.198+0000][1][safepoint    ] Total time for which application threads were stopped: 0.0000651 seconds, Stopping threads took: 0.0000171 seconds
[2019-12-08T10:22:37.199+0000][1][safepoint    ] Application time: 1.0000810 seconds
[2019-12-08T10:22:37.199+0000][1][safepoint    ] Entering safepoint region: Cleanup
[2019-12-08T10:22:37.199+0000][1][safepoint    ] Leaving safepoint region
[2019-12-08T10:22:37.199+0000][1][safepoint    ] Total time for which application threads were stopped: 0.0000662 seconds, Stopping threads took: 0.0000176 seconds
[2019-12-08T10:22:38.199+0000][1][safepoint    ] Application time: 1.0000887 seconds
[2019-12-08T10:22:38.199+0000][1][safepoint    ] Entering safepoint region: Cleanup
[2019-12-08T10:22:38.199+0000][1][safepoint    ] Leaving safepoint region
[2019-12-08T10:22:38.199+0000][1][safepoint    ] Total time for which application threads were stopped: 0.0000662 seconds, Stopping threads took: 0.0000166 seconds
[2019-12-08T10:22:39.199+0000][1][safepoint    ] Application time: 1.0000730 seconds
[2019-12-08T10:22:39.199+0000][1][safepoint    ] Entering safepoint region: Cleanup
[2019-12-08T10:22:39.199+0000][1][safepoint    ] Leaving safepoint region
[2019-12-08T10:22:39.199+0000][1][safepoint    ] Total time for which application threads were stopped: 0.0000661 seconds, Stopping threads took: 0.0000172 seconds
[2019-12-08T10:22:40.199+0000][1][safepoint    ] Application time: 1.0000793 seconds
[2019-12-08T10:22:40.199+0000][1][safepoint    ] Entering safepoint region: Cleanup
[2019-12-08T10:22:40.199+0000][1][safepoint    ] Leaving safepoint region
[2019-12-08T10:22:40.199+0000][1][safepoint    ] Total time for which application threads were stopped: 0.0000681 seconds, Stopping threads took: 0.0000173 seconds
[2019-12-08T10:22:41.199+0000][1][safepoint    ] Application time: 1.0000776 seconds
[2019-12-08T10:22:41.199+0000][1][safepoint    ] Entering safepoint region: Cleanup
[2019-12-08T10:22:41.199+0000][1][safepoint    ] Leaving safepoint region
[2019-12-08T10:22:41.199+0000][1][safepoint    ] Total time for which application threads were stopped: 0.0000632 seconds, Stopping threads took: 0.0000177 seconds
[2019-12-08T10:22:42.199+0000][1][safepoint    ] Application time: 1.0000793 seconds
[2019-12-08T10:22:42.200+0000][1][safepoint    ] Entering safepoint region: Cleanup
[2019-12-08T10:22:42.200+0000][1][safepoint    ] Leaving safepoint region
[2019-12-08T10:22:42.200+0000][1][safepoint    ] Total time for which application threads were stopped: 0.0000668 seconds, Stopping threads took: 0.0000166 seconds
[2019-12-08T10:22:43.200+0000][1][safepoint    ] Application time: 1.0000818 seconds
[2019-12-08T10:22:43.200+0000][1][safepoint    ] Entering safepoint region: Cleanup
[2019-12-08T10:22:43.200+0000][1][safepoint    ] Leaving safepoint region
[2019-12-08T10:22:43.200+0000][1][safepoint    ] Total time for which application threads were stopped: 0.0000671 seconds, Stopping threads took: 0.0000182 seconds
[2019-12-08T10:22:44.200+0000][1][safepoint    ] Application time: 1.0000793 seconds
[2019-12-08T10:22:44.200+0000][1][safepoint    ] Entering safepoint region: Cleanup
[2019-12-08T10:22:44.200+0000][1][safepoint    ] Leaving safepoint region
[2019-12-08T10:22:44.200+0000][1][safepoint    ] Total time for which application threads were stopped: 0.0000661 seconds, Stopping threads took: 0.0000175 seconds
[2019-12-08T10:22:45.212+0000][1][safepoint    ] Application time: 1.0115313 seconds
[2019-12-08T10:22:45.212+0000][1][safepoint    ] Entering safepoint region: Cleanup
[2019-12-08T10:22:45.212+0000][1][safepoint    ] Leaving safepoint region
[2019-12-08T10:22:45.212+0000][1][safepoint    ] Total time for which application threads were stopped: 0.0001025 seconds, Stopping threads took: 0.0000407 seconds
[2019-12-08T10:22:46.212+0000][1][safepoint    ] Application time: 1.0000596 seconds
[2019-12-08T10:22:46.212+0000][1][safepoint    ] Entering safepoint region: Cleanup
[2019-12-08T10:22:46.212+0000][1][safepoint    ] Leaving safepoint region
[2019-12-08T10:22:46.212+0000][1][safepoint    ] Total time for which application threads were stopped: 0.0000617 seconds, Stopping threads took: 0.0000166 seconds
[2019-12-08T10:22:47.212+0000][1][safepoint    ] Application time: 1.0000756 seconds
[2019-12-08T10:22:47.212+0000][1][safepoint    ] Entering safepoint region: Cleanup
[2019-12-08T10:22:47.212+0000][1][safepoint    ] Leaving safepoint region
[2019-12-08T10:22:47.212+0000][1][safepoint    ] Total time for which application threads were stopped: 0.0000655 seconds, Stopping threads took: 0.0000214 seconds
[2019-12-08T10:22:48.212+0000][1][safepoint    ] Application time: 1.0000753 seconds
[2019-12-08T10:22:48.212+0000][1][safepoint    ] Entering safepoint region: Cleanup
[2019-12-08T10:22:48.212+0000][1][safepoint    ] Leaving safepoint region
[2019-12-08T10:22:48.212+0000][1][safepoint    ] Total time for which application threads were stopped: 0.0000609 seconds, Stopping threads took: 0.0000158 seconds
[2019-12-08T10:22:49.212+0000][1][safepoint    ] Application time: 1.0000736 seconds
[2019-12-08T10:22:49.212+0000][1][safepoint    ] Entering safepoint region: Cleanup
[2019-12-08T10:22:49.212+0000][1][safepoint    ] Leaving safepoint region
[2019-12-08T10:22:49.212+0000][1][safepoint    ] Total time for which application threads were stopped: 0.0000693 seconds, Stopping threads took: 0.0000163 seconds
[2019-12-08T10:22:50.212+0000][1][safepoint    ] Application time: 1.0000751 seconds
[2019-12-08T10:22:50.212+0000][1][safepoint    ] Entering safepoint region: Cleanup
[2019-12-08T10:22:50.212+0000][1][safepoint    ] Leaving safepoint region
[2019-12-08T10:22:50.212+0000][1][safepoint    ] Total time for which application threads were stopped: 0.0000619 seconds, Stopping threads took: 0.0000166 seconds
[2019-12-08T10:22:51.213+0000][1][safepoint    ] Application time: 1.0000768 seconds
[2019-12-08T10:22:51.213+0000][1][safepoint    ] Entering safepoint region: Cleanup
[2019-12-08T10:22:51.213+0000][1][safepoint    ] Leaving safepoint region
[2019-12-08T10:22:51.213+0000][1][safepoint    ] Total time for which application threads were stopped: 0.0000603 seconds, Stopping threads took: 0.0000156 seconds
[2019-12-08T10:22:52.213+0000][1][safepoint    ] Application time: 1.0000951 seconds
[2019-12-08T10:22:52.213+0000][1][safepoint    ] Entering safepoint region: Cleanup
[2019-12-08T10:22:52.213+0000][1][safepoint    ] Leaving safepoint region
[2019-12-08T10:22:52.213+0000][1][safepoint    ] Total time for which application threads were stopped: 0.0000619 seconds, Stopping threads took: 0.0000167 seconds
[2019-12-08T10:22:53.213+0000][1][safepoint    ] Application time: 1.0000782 seconds
[2019-12-08T10:22:53.213+0000][1][safepoint    ] Entering safepoint region: Cleanup
[2019-12-08T10:22:53.213+0000][1][safepoint    ] Leaving safepoint region
[2019-12-08T10:22:53.213+0000][1][safepoint    ] Total time for which application threads were stopped: 0.0000619 seconds, Stopping threads took: 0.0000157 seconds
[2019-12-08T10:22:54.213+0000][1][safepoint    ] Application time: 1.0000769 seconds
[2019-12-08T10:22:54.213+0000][1][safepoint    ] Entering safepoint region: Cleanup
[2019-12-08T10:22:54.213+0000][1][safepoint    ] Leaving safepoint region
[2019-12-08T10:22:54.213+0000][1][safepoint    ] Total time for which application threads were stopped: 0.0000627 seconds, Stopping threads took: 0.0000171 seconds
[2019-12-08T10:22:55.213+0000][1][safepoint    ] Application time: 1.0000757 seconds
[2019-12-08T10:22:55.213+0000][1][safepoint    ] Entering safepoint region: Cleanup
[2019-12-08T10:22:55.213+0000][1][safepoint    ] Leaving safepoint region
[2019-12-08T10:22:55.213+0000][1][safepoint    ] Total time for which application threads were stopped: 0.0000600 seconds, Stopping threads took: 0.0000159 seconds
[2019-12-08T10:22:56.213+0000][1][safepoint    ] Application time: 1.0000759 seconds
[2019-12-08T10:22:56.213+0000][1][safepoint    ] Entering safepoint region: Cleanup
[2019-12-08T10:22:56.213+0000][1][safepoint    ] Leaving safepoint region
[2019-12-08T10:22:56.213+0000][1][safepoint    ] Total time for which application threads were stopped: 0.0000616 seconds, Stopping threads took: 0.0000163 seconds
[2019-12-08T10:22:57.214+0000][1][safepoint    ] Application time: 1.0000752 seconds
[2019-12-08T10:22:57.214+0000][1][safepoint    ] Entering safepoint region: Cleanup
[2019-12-08T10:22:57.214+0000][1][safepoint    ] Leaving safepoint region
[2019-12-08T10:22:57.214+0000][1][safepoint    ] Total time for which application threads were stopped: 0.0000616 seconds, Stopping threads took: 0.0000164 seconds
[2019-12-08T10:22:58.214+0000][1][safepoint    ] Application time: 1.0000844 seconds
[2019-12-08T10:22:58.214+0000][1][safepoint    ] Entering safepoint region: Cleanup
[2019-12-08T10:22:58.214+0000][1][safepoint    ] Leaving safepoint region
[2019-12-08T10:22:58.214+0000][1][safepoint    ] Total time for which application threads were stopped: 0.0000617 seconds, Stopping threads took: 0.0000155 seconds
[2019-12-08T10:22:59.214+0000][1][safepoint    ] Application time: 1.0000759 seconds
[2019-12-08T10:22:59.214+0000][1][safepoint    ] Entering safepoint region: Cleanup
[2019-12-08T10:22:59.214+0000][1][safepoint    ] Leaving safepoint region
[2019-12-08T10:22:59.214+0000][1][safepoint    ] Total time for which application threads were stopped: 0.0000599 seconds, Stopping threads took: 0.0000158 seconds
[2019-12-08T10:23:00.214+0000][1][safepoint    ] Application time: 1.0000767 seconds
[2019-12-08T10:23:00.214+0000][1][safepoint    ] Entering safepoint region: Cleanup
[2019-12-08T10:23:00.214+0000][1][safepoint    ] Leaving safepoint region
[2019-12-08T10:23:00.214+0000][1][safepoint    ] Total time for which application threads were stopped: 0.0000618 seconds, Stopping threads took: 0.0000168 seconds
[2019-12-08T10:23:01.214+0000][1][safepoint    ] Application time: 1.0000772 seconds
[2019-12-08T10:23:01.214+0000][1][safepoint    ] Entering safepoint region: Cleanup
[2019-12-08T10:23:01.214+0000][1][safepoint    ] Leaving safepoint region
[2019-12-08T10:23:01.214+0000][1][safepoint    ] Total time for which application threads were stopped: 0.0000636 seconds, Stopping threads took: 0.0000166 seconds
[2019-12-08T10:23:02.214+0000][1][safepoint    ] Application time: 1.0000810 seconds
[2019-12-08T10:23:02.214+0000][1][safepoint    ] Entering safepoint region: Cleanup
[2019-12-08T10:23:02.214+0000][1][safepoint    ] Leaving safepoint region
[2019-12-08T10:23:02.214+0000][1][safepoint    ] Total time for which application threads were stopped: 0.0000653 seconds, Stopping threads took: 0.0000166 seconds
[2019-12-08T10:23:03.215+0000][1][safepoint    ] Application time: 1.0000764 seconds
[2019-12-08T10:23:03.215+0000][1][safepoint    ] Entering safepoint region: Cleanup
[2019-12-08T10:23:03.215+0000][1][safepoint    ] Leaving safepoint region
[2019-12-08T10:23:03.215+0000][1][safepoint    ] Total time for which application threads were stopped: 0.0000608 seconds, Stopping threads took: 0.0000161 seconds
[2019-12-08T10:23:04.215+0000][1][safepoint    ] Application time: 1.0000881 seconds
[2019-12-08T10:23:04.215+0000][1][safepoint    ] Entering safepoint region: Cleanup
[2019-12-08T10:23:04.215+0000][1][safepoint    ] Leaving safepoint region
[2019-12-08T10:23:04.215+0000][1][safepoint    ] Total time for which application threads were stopped: 0.0000630 seconds, Stopping threads took: 0.0000173 seconds
[2019-12-08T10:23:05.215+0000][1][safepoint    ] Application time: 1.0000758 seconds
[2019-12-08T10:23:05.215+0000][1][safepoint    ] Entering safepoint region: Cleanup
[2019-12-08T10:23:05.215+0000][1][safepoint    ] Leaving safepoint region
[2019-12-08T10:23:05.215+0000][1][safepoint    ] Total time for which application threads were stopped: 0.0000607 seconds, Stopping threads took: 0.0000158 seconds
[2019-12-08T10:23:06.215+0000][1][safepoint    ] Application time: 1.0000750 seconds
[2019-12-08T10:23:06.215+0000][1][safepoint    ] Entering safepoint region: Cleanup
[2019-12-08T10:23:06.215+0000][1][safepoint    ] Leaving safepoint region
[2019-12-08T10:23:06.215+0000][1][safepoint    ] Total time for which application threads were stopped: 0.0000622 seconds, Stopping threads took: 0.0000159 seconds
[2019-12-08T10:23:07.215+0000][1][safepoint    ] Application time: 1.0000772 seconds
[2019-12-08T10:23:07.215+0000][1][safepoint    ] Entering safepoint region: Cleanup
[2019-12-08T10:23:07.215+0000][1][safepoint    ] Leaving safepoint region
[2019-12-08T10:23:07.215+0000][1][safepoint    ] Total time for which application threads were stopped: 0.0000616 seconds, Stopping threads took: 0.0000171 seconds
[2019-12-08T10:23:08.215+0000][1][safepoint    ] Application time: 1.0000806 seconds
[2019-12-08T10:23:08.215+0000][1][safepoint    ] Entering safepoint region: Cleanup
[2019-12-08T10:23:08.215+0000][1][safepoint    ] Leaving safepoint region
[2019-12-08T10:23:08.215+0000][1][safepoint    ] Total time for which application threads were stopped: 0.0000636 seconds, Stopping threads took: 0.0000170 seconds
[2019-12-08T10:23:09.216+0000][1][safepoint    ] Application time: 1.0000780 seconds
[2019-12-08T10:23:09.216+0000][1][safepoint    ] Entering safepoint region: Cleanup
[2019-12-08T10:23:09.216+0000][1][safepoint    ] Leaving safepoint region
[2019-12-08T10:23:09.216+0000][1][safepoint    ] Total time for which application threads were stopped: 0.0000633 seconds, Stopping threads took: 0.0000168 seconds
[2019-12-08T10:23:10.216+0000][1][safepoint    ] Application time: 1.0000821 seconds
[2019-12-08T10:23:10.216+0000][1][safepoint    ] Entering safepoint region: Cleanup
[2019-12-08T10:23:10.216+0000][1][safepoint    ] Leaving safepoint region
[2019-12-08T10:23:10.216+0000][1][safepoint    ] Total time for which application threads were stopped: 0.0000641 seconds, Stopping threads took: 0.0000175 seconds
[2019-12-08T10:23:11.216+0000][1][safepoint    ] Application time: 1.0000798 seconds
[2019-12-08T10:23:11.216+0000][1][safepoint    ] Entering safepoint region: Cleanup
[2019-12-08T10:23:11.216+0000][1][safepoint    ] Leaving safepoint region
[2019-12-08T10:23:11.216+0000][1][safepoint    ] Total time for which application threads were stopped: 0.0000654 seconds, Stopping threads took: 0.0000171 seconds
[2019-12-08T10:23:12.216+0000][1][safepoint    ] Application time: 1.0000761 seconds
[2019-12-08T10:23:12.216+0000][1][safepoint    ] Entering safepoint region: Cleanup
[2019-12-08T10:23:12.216+0000][1][safepoint    ] Leaving safepoint region
[2019-12-08T10:23:12.216+0000][1][safepoint    ] Total time for which application threads were stopped: 0.0000664 seconds, Stopping threads took: 0.0000176 seconds
[2019-12-08T10:23:13.216+0000][1][safepoint    ] Application time: 1.0000920 seconds
[2019-12-08T10:23:13.216+0000][1][safepoint    ] Entering safepoint region: Cleanup
[2019-12-08T10:23:13.216+0000][1][safepoint    ] Leaving safepoint region
[2019-12-08T10:23:13.216+0000][1][safepoint    ] Total time for which application threads were stopped: 0.0000651 seconds, Stopping threads took: 0.0000177 seconds
[2019-12-08T10:23:14.216+0000][1][safepoint    ] Application time: 1.0000765 seconds
[2019-12-08T10:23:14.216+0000][1][safepoint    ] Entering safepoint region: Cleanup
[2019-12-08T10:23:14.217+0000][1][safepoint    ] Leaving safepoint region
[2019-12-08T10:23:14.217+0000][1][safepoint    ] Total time for which application threads were stopped: 0.0000596 seconds, Stopping threads took: 0.0000158 seconds
[2019-12-08T10:23:15.217+0000][1][safepoint    ] Application time: 1.0000780 seconds
[2019-12-08T10:23:15.217+0000][1][safepoint    ] Entering safepoint region: Cleanup
[2019-12-08T10:23:15.217+0000][1][safepoint    ] Leaving safepoint region
[2019-12-08T10:23:15.217+0000][1][safepoint    ] Total time for which application threads were stopped: 0.0000756 seconds, Stopping threads took: 0.0000172 seconds
[2019-12-08T10:23:16.217+0000][1][safepoint    ] Application time: 1.0000811 seconds
[2019-12-08T10:23:16.217+0000][1][safepoint    ] Entering safepoint region: Cleanup
[2019-12-08T10:23:16.217+0000][1][safepoint    ] Leaving safepoint region
[2019-12-08T10:23:16.217+0000][1][safepoint    ] Total time for which application threads were stopped: 0.0000631 seconds, Stopping threads took: 0.0000164 seconds
[2019-12-08T10:23:17.217+0000][1][safepoint    ] Application time: 1.0000800 seconds
[2019-12-08T10:23:17.217+0000][1][safepoint    ] Entering safepoint region: Cleanup
[2019-12-08T10:23:17.217+0000][1][safepoint    ] Leaving safepoint region
[2019-12-08T10:23:17.217+0000][1][safepoint    ] Total time for which application threads were stopped: 0.0000628 seconds, Stopping threads took: 0.0000160 seconds
[2019-12-08T10:23:18.242+0000][1][safepoint    ] Application time: 1.0252080 seconds
[2019-12-08T10:23:18.242+0000][1][safepoint    ] Entering safepoint region: Cleanup
[2019-12-08T10:23:18.242+0000][1][safepoint    ] Leaving safepoint region
[2019-12-08T10:23:18.242+0000][1][safepoint    ] Total time for which application threads were stopped: 0.0000650 seconds, Stopping threads took: 0.0000155 seconds
[2019-12-08T10:23:19.242+0000][1][safepoint    ] Application time: 1.0000780 seconds
[2019-12-08T10:23:19.243+0000][1][safepoint    ] Entering safepoint region: Cleanup
[2019-12-08T10:23:19.243+0000][1][safepoint    ] Leaving safepoint region
[2019-12-08T10:23:19.243+0000][1][safepoint    ] Total time for which application threads were stopped: 0.0000615 seconds, Stopping threads took: 0.0000154 seconds
[2019-12-08T10:23:20.243+0000][1][safepoint    ] Application time: 1.0000800 seconds
[2019-12-08T10:23:20.243+0000][1][safepoint    ] Entering safepoint region: Cleanup
[2019-12-08T10:23:20.243+0000][1][safepoint    ] Leaving safepoint region
[2019-12-08T10:23:20.243+0000][1][safepoint    ] Total time for which application threads were stopped: 0.0000642 seconds, Stopping threads took: 0.0000163 seconds
[2019-12-08T10:23:21.243+0000][1][safepoint    ] Application time: 1.0000772 seconds
[2019-12-08T10:23:21.243+0000][1][safepoint    ] Entering safepoint region: Cleanup
[2019-12-08T10:23:21.243+0000][1][safepoint    ] Leaving safepoint region
[2019-12-08T10:23:21.243+0000][1][safepoint    ] Total time for which application threads were stopped: 0.0000612 seconds, Stopping threads took: 0.0000154 seconds
[2019-12-08T10:23:22.243+0000][1][safepoint    ] Application time: 1.0000827 seconds
[2019-12-08T10:23:22.243+0000][1][safepoint    ] Entering safepoint region: Cleanup
[2019-12-08T10:23:22.243+0000][1][safepoint    ] Leaving safepoint region
[2019-12-08T10:23:22.243+0000][1][safepoint    ] Total time for which application threads were stopped: 0.0000639 seconds, Stopping threads took: 0.0000161 seconds
[2019-12-08T10:23:23.243+0000][1][safepoint    ] Application time: 1.0000792 seconds
[2019-12-08T10:23:23.243+0000][1][safepoint    ] Entering safepoint region: Cleanup
[2019-12-08T10:23:23.243+0000][1][safepoint    ] Leaving safepoint region
[2019-12-08T10:23:23.243+0000][1][safepoint    ] Total time for which application threads were stopped: 0.0000627 seconds, Stopping threads took: 0.0000154 seconds
[2019-12-08T10:23:24.243+0000][1][safepoint    ] Application time: 1.0000793 seconds
[2019-12-08T10:23:24.243+0000][1][safepoint    ] Entering safepoint region: Cleanup
[2019-12-08T10:23:24.243+0000][1][safepoint    ] Leaving safepoint region
[2019-12-08T10:23:24.244+0000][1][safepoint    ] Total time for which application threads were stopped: 0.0000640 seconds, Stopping threads took: 0.0000153 seconds
[2019-12-08T10:23:25.244+0000][1][safepoint    ] Application time: 1.0000780 seconds
[2019-12-08T10:23:25.244+0000][1][safepoint    ] Entering safepoint region: Cleanup
[2019-12-08T10:23:25.244+0000][1][safepoint    ] Leaving safepoint region
[2019-12-08T10:23:25.244+0000][1][safepoint    ] Total time for which application threads were stopped: 0.0000732 seconds, Stopping threads took: 0.0000156 seconds
[2019-12-08T10:23:26.244+0000][1][safepoint    ] Application time: 1.0000800 seconds
[2019-12-08T10:23:26.244+0000][1][safepoint    ] Entering safepoint region: Cleanup
[2019-12-08T10:23:26.244+0000][1][safepoint    ] Leaving safepoint region
[2019-12-08T10:23:26.244+0000][1][safepoint    ] Total time for which application threads were stopped: 0.0000630 seconds, Stopping threads took: 0.0000160 seconds
[2019-12-08T10:23:27.244+0000][1][safepoint    ] Application time: 1.0000915 seconds
[2019-12-08T10:23:27.244+0000][1][safepoint    ] Entering safepoint region: Cleanup
[2019-12-08T10:23:27.244+0000][1][safepoint    ] Leaving safepoint region
[2019-12-08T10:23:27.244+0000][1][safepoint    ] Total time for which application threads were stopped: 0.0000635 seconds, Stopping threads took: 0.0000171 seconds
[2019-12-08T10:23:28.244+0000][1][safepoint    ] Application time: 1.0000860 seconds
[2019-12-08T10:23:28.244+0000][1][safepoint    ] Entering safepoint region: Cleanup
[2019-12-08T10:23:28.244+0000][1][safepoint    ] Leaving safepoint region
[2019-12-08T10:23:28.244+0000][1][safepoint    ] Total time for which application threads were stopped: 0.0000637 seconds, Stopping threads took: 0.0000168 seconds
[2019-12-08T10:23:29.244+0000][1][safepoint    ] Application time: 1.0000808 seconds
[2019-12-08T10:23:29.244+0000][1][safepoint    ] Entering safepoint region: Cleanup
[2019-12-08T10:23:29.244+0000][1][safepoint    ] Leaving safepoint region
[2019-12-08T10:23:29.244+0000][1][safepoint    ] Total time for which application threads were stopped: 0.0000612 seconds, Stopping threads took: 0.0000148 seconds
[2019-12-08T10:23:30.245+0000][1][safepoint    ] Application time: 1.0000766 seconds
[2019-12-08T10:23:30.245+0000][1][safepoint    ] Entering safepoint region: Cleanup
[2019-12-08T10:23:30.245+0000][1][safepoint    ] Leaving safepoint region
[2019-12-08T10:23:30.245+0000][1][safepoint    ] Total time for which application threads were stopped: 0.0000618 seconds, Stopping threads took: 0.0000154 seconds
[2019-12-08T10:23:31.245+0000][1][safepoint    ] Application time: 1.0000880 seconds
[2019-12-08T10:23:31.245+0000][1][safepoint    ] Entering safepoint region: Cleanup
[2019-12-08T10:23:31.245+0000][1][safepoint    ] Leaving safepoint region
[2019-12-08T10:23:31.245+0000][1][safepoint    ] Total time for which application threads were stopped: 0.0000641 seconds, Stopping threads took: 0.0000161 seconds
[2019-12-08T10:23:32.245+0000][1][safepoint    ] Application time: 1.0000791 seconds
[2019-12-08T10:23:32.245+0000][1][safepoint    ] Entering safepoint region: Cleanup
[2019-12-08T10:23:32.245+0000][1][safepoint    ] Leaving safepoint region
[2019-12-08T10:23:32.245+0000][1][safepoint    ] Total time for which application threads were stopped: 0.0000714 seconds, Stopping threads took: 0.0000224 seconds
[2019-12-08T10:23:33.245+0000][1][safepoint    ] Application time: 1.0000814 seconds
[2019-12-08T10:23:33.245+0000][1][safepoint    ] Entering safepoint region: Cleanup
[2019-12-08T10:23:33.245+0000][1][safepoint    ] Leaving safepoint region
[2019-12-08T10:23:33.245+0000][1][safepoint    ] Total time for which application threads were stopped: 0.0000605 seconds, Stopping threads took: 0.0000132 seconds
[2019-12-08T10:23:34.245+0000][1][safepoint    ] Application time: 1.0000831 seconds
[2019-12-08T10:23:34.245+0000][1][safepoint    ] Entering safepoint region: Cleanup
[2019-12-08T10:23:34.245+0000][1][safepoint    ] Leaving safepoint region
[2019-12-08T10:23:34.245+0000][1][safepoint    ] Total time for which application threads were stopped: 0.0000640 seconds, Stopping threads took: 0.0000159 seconds
[2019-12-08T10:23:35.246+0000][1][safepoint    ] Application time: 1.0000849 seconds
[2019-12-08T10:23:35.246+0000][1][safepoint    ] Entering safepoint region: Cleanup
[2019-12-08T10:23:35.246+0000][1][safepoint    ] Leaving safepoint region
[2019-12-08T10:23:35.246+0000][1][safepoint    ] Total time for which application threads were stopped: 0.0000864 seconds, Stopping threads took: 0.0000210 seconds
[2019-12-08T10:23:36.246+0000][1][safepoint    ] Application time: 1.0000841 seconds
[2019-12-08T10:23:36.246+0000][1][safepoint    ] Entering safepoint region: Cleanup
[2019-12-08T10:23:36.246+0000][1][safepoint    ] Leaving safepoint region
[2019-12-08T10:23:36.246+0000][1][safepoint    ] Total time for which application threads were stopped: 0.0000612 seconds, Stopping threads took: 0.0000156 seconds
[2019-12-08T10:23:37.246+0000][1][safepoint    ] Application time: 1.0000831 seconds
[2019-12-08T10:23:37.246+0000][1][safepoint    ] Entering safepoint region: Cleanup
[2019-12-08T10:23:37.246+0000][1][safepoint    ] Leaving safepoint region
[2019-12-08T10:23:37.246+0000][1][safepoint    ] Total time for which application threads were stopped: 0.0000618 seconds, Stopping threads took: 0.0000161 seconds
[2019-12-08T10:23:38.246+0000][1][safepoint    ] Application time: 1.0000802 seconds
[2019-12-08T10:23:38.246+0000][1][safepoint    ] Entering safepoint region: Cleanup
[2019-12-08T10:23:38.246+0000][1][safepoint    ] Leaving safepoint region
[2019-12-08T10:23:38.246+0000][1][safepoint    ] Total time for which application threads were stopped: 0.0000609 seconds, Stopping threads took: 0.0000150 seconds
[2019-12-08T10:23:39.246+0000][1][safepoint    ] Application time: 1.0000793 seconds
[2019-12-08T10:23:39.246+0000][1][safepoint    ] Entering safepoint region: Cleanup
[2019-12-08T10:23:39.246+0000][1][safepoint    ] Leaving safepoint region
[2019-12-08T10:23:39.246+0000][1][safepoint    ] Total time for which application threads were stopped: 0.0000645 seconds, Stopping threads took: 0.0000163 seconds
[2019-12-08T10:23:40.810+0000][1][safepoint    ] Application time: 1.5636958 seconds
[2019-12-08T10:23:40.810+0000][1][safepoint    ] Entering safepoint region: Cleanup
[2019-12-08T10:23:40.810+0000][1][safepoint    ] Leaving safepoint region
[2019-12-08T10:23:40.810+0000][1][safepoint    ] Total time for which application threads were stopped: 0.0000619 seconds, Stopping threads took: 0.0000155 seconds
[2019-12-08T10:23:41.810+0000][1][safepoint    ] Application time: 1.0000750 seconds
[2019-12-08T10:23:41.810+0000][1][safepoint    ] Entering safepoint region: Cleanup
[2019-12-08T10:23:41.810+0000][1][safepoint    ] Leaving safepoint region
[2019-12-08T10:23:41.810+0000][1][safepoint    ] Total time for which application threads were stopped: 0.0000619 seconds, Stopping threads took: 0.0000151 seconds
[2019-12-08T10:23:42.810+0000][1][safepoint    ] Application time: 1.0000742 seconds
[2019-12-08T10:23:42.811+0000][1][safepoint    ] Entering safepoint region: Cleanup
[2019-12-08T10:23:42.811+0000][1][safepoint    ] Leaving safepoint region
[2019-12-08T10:23:42.811+0000][1][safepoint    ] Total time for which application threads were stopped: 0.0000695 seconds, Stopping threads took: 0.0000219 seconds
[2019-12-08T10:23:43.811+0000][1][safepoint    ] Application time: 1.0000748 seconds
[2019-12-08T10:23:43.811+0000][1][safepoint    ] Entering safepoint region: Cleanup
[2019-12-08T10:23:43.811+0000][1][safepoint    ] Leaving safepoint region
[2019-12-08T10:23:43.811+0000][1][safepoint    ] Total time for which application threads were stopped: 0.0000876 seconds, Stopping threads took: 0.0000395 seconds
[2019-12-08T10:23:44.811+0000][1][safepoint    ] Application time: 1.0000754 seconds
[2019-12-08T10:23:44.811+0000][1][safepoint    ] Entering safepoint region: Cleanup
[2019-12-08T10:23:44.811+0000][1][safepoint    ] Leaving safepoint region
[2019-12-08T10:23:44.811+0000][1][safepoint    ] Total time for which application threads were stopped: 0.0000635 seconds, Stopping threads took: 0.0000157 seconds
[2019-12-08T10:23:45.811+0000][1][safepoint    ] Application time: 1.0000758 seconds
[2019-12-08T10:23:45.811+0000][1][safepoint    ] Entering safepoint region: Cleanup
[2019-12-08T10:23:45.811+0000][1][safepoint    ] Leaving safepoint region
[2019-12-08T10:23:45.811+0000][1][safepoint    ] Total time for which application threads were stopped: 0.0000639 seconds, Stopping threads took: 0.0000156 seconds
[2019-12-08T10:23:46.811+0000][1][safepoint    ] Application time: 1.0000771 seconds
[2019-12-08T10:23:46.811+0000][1][safepoint    ] Entering safepoint region: Cleanup
[2019-12-08T10:23:46.811+0000][1][safepoint    ] Leaving safepoint region
[2019-12-08T10:23:46.811+0000][1][safepoint    ] Total time for which application threads were stopped: 0.0000865 seconds, Stopping threads took: 0.0000360 seconds
[2019-12-08T10:23:47.811+0000][1][safepoint    ] Application time: 1.0000782 seconds
[2019-12-08T10:23:47.811+0000][1][safepoint    ] Entering safepoint region: Cleanup
[2019-12-08T10:23:47.812+0000][1][safepoint    ] Leaving safepoint region
[2019-12-08T10:23:47.812+0000][1][safepoint    ] Total time for which application threads were stopped: 0.0000631 seconds, Stopping threads took: 0.0000162 seconds
[2019-12-08T10:23:48.812+0000][1][safepoint    ] Application time: 1.0000815 seconds
[2019-12-08T10:23:48.812+0000][1][safepoint    ] Entering safepoint region: Cleanup
[2019-12-08T10:23:48.812+0000][1][safepoint    ] Leaving safepoint region
[2019-12-08T10:23:48.812+0000][1][safepoint    ] Total time for which application threads were stopped: 0.0000794 seconds, Stopping threads took: 0.0000181 seconds
[2019-12-08T10:23:49.812+0000][1][safepoint    ] Application time: 1.0000792 seconds
[2019-12-08T10:23:49.812+0000][1][safepoint    ] Entering safepoint region: Cleanup
[2019-12-08T10:23:49.812+0000][1][safepoint    ] Leaving safepoint region
[2019-12-08T10:23:49.812+0000][1][safepoint    ] Total time for which application threads were stopped: 0.0000649 seconds, Stopping threads took: 0.0000159 seconds
[2019-12-08T10:23:50.812+0000][1][safepoint    ] Application time: 1.0000901 seconds
[2019-12-08T10:23:50.812+0000][1][safepoint    ] Entering safepoint region: Cleanup
[2019-12-08T10:23:50.812+0000][1][safepoint    ] Leaving safepoint region
[2019-12-08T10:23:50.812+0000][1][safepoint    ] Total time for which application threads were stopped: 0.0001125 seconds, Stopping threads took: 0.0000596 seconds
[2019-12-08T10:23:51.812+0000][1][safepoint    ] Application time: 1.0000867 seconds
[2019-12-08T10:23:51.812+0000][1][safepoint    ] Entering safepoint region: Cleanup
[2019-12-08T10:23:51.812+0000][1][safepoint    ] Leaving safepoint region
[2019-12-08T10:23:51.812+0000][1][safepoint    ] Total time for which application threads were stopped: 0.0000655 seconds, Stopping threads took: 0.0000176 seconds
[2019-12-08T10:23:52.812+0000][1][safepoint    ] Application time: 1.0000784 seconds
[2019-12-08T10:23:52.813+0000][1][safepoint    ] Entering safepoint region: Cleanup
[2019-12-08T10:23:52.813+0000][1][safepoint    ] Leaving safepoint region
[2019-12-08T10:23:52.813+0000][1][safepoint    ] Total time for which application threads were stopped: 0.0000652 seconds, Stopping threads took: 0.0000175 seconds
[2019-12-08T10:23:53.813+0000][1][safepoint    ] Application time: 1.0000884 seconds
[2019-12-08T10:23:53.813+0000][1][safepoint    ] Entering safepoint region: Cleanup
[2019-12-08T10:23:53.813+0000][1][safepoint    ] Leaving safepoint region
[2019-12-08T10:23:53.813+0000][1][safepoint    ] Total time for which application threads were stopped: 0.0000683 seconds, Stopping threads took: 0.0000189 seconds
[2019-12-08T10:23:54.813+0000][1][safepoint    ] Application time: 1.0000781 seconds
[2019-12-08T10:23:54.813+0000][1][safepoint    ] Entering safepoint region: Cleanup
[2019-12-08T10:23:54.813+0000][1][safepoint    ] Leaving safepoint region
[2019-12-08T10:23:54.813+0000][1][safepoint    ] Total time for which application threads were stopped: 0.0000680 seconds, Stopping threads took: 0.0000182 seconds
[2019-12-08T10:23:56.247+0000][1][safepoint    ] Application time: 1.4339751 seconds
[2019-12-08T10:23:56.247+0000][1][safepoint    ] Entering safepoint region: Cleanup
[2019-12-08T10:23:56.247+0000][1][safepoint    ] Leaving safepoint region
[2019-12-08T10:23:56.247+0000][1][safepoint    ] Total time for which application threads were stopped: 0.0000614 seconds, Stopping threads took: 0.0000155 seconds
[2019-12-08T10:23:57.247+0000][1][safepoint    ] Application time: 1.0000786 seconds
[2019-12-08T10:23:57.247+0000][1][safepoint    ] Entering safepoint region: Cleanup
[2019-12-08T10:23:57.247+0000][1][safepoint    ] Leaving safepoint region
[2019-12-08T10:23:57.247+0000][1][safepoint    ] Total time for which application threads were stopped: 0.0001104 seconds, Stopping threads took: 0.0000542 seconds
[2019-12-08T10:23:58.247+0000][1][safepoint    ] Application time: 1.0000875 seconds
[2019-12-08T10:23:58.247+0000][1][safepoint    ] Entering safepoint region: Cleanup
[2019-12-08T10:23:58.247+0000][1][safepoint    ] Leaving safepoint region
[2019-12-08T10:23:58.247+0000][1][safepoint    ] Total time for which application threads were stopped: 0.0000620 seconds, Stopping threads took: 0.0000139 seconds
[2019-12-08T10:23:59.248+0000][1][safepoint    ] Application time: 1.0000819 seconds
[2019-12-08T10:23:59.248+0000][1][safepoint    ] Entering safepoint region: Cleanup
[2019-12-08T10:23:59.248+0000][1][safepoint    ] Leaving safepoint region
[2019-12-08T10:23:59.248+0000][1][safepoint    ] Total time for which application threads were stopped: 0.0000639 seconds, Stopping threads took: 0.0000164 seconds
[2019-12-08T10:24:00.248+0000][1][safepoint    ] Application time: 1.0000801 seconds
[2019-12-08T10:24:00.248+0000][1][safepoint    ] Entering safepoint region: Cleanup
[2019-12-08T10:24:00.248+0000][1][safepoint    ] Leaving safepoint region
[2019-12-08T10:24:00.248+0000][1][safepoint    ] Total time for which application threads were stopped: 0.0000684 seconds, Stopping threads took: 0.0000173 seconds
[2019-12-08T10:24:01.248+0000][1][safepoint    ] Application time: 1.0000819 seconds
[2019-12-08T10:24:01.248+0000][1][safepoint    ] Entering safepoint region: Cleanup
[2019-12-08T10:24:01.248+0000][1][safepoint    ] Leaving safepoint region
[2019-12-08T10:24:01.248+0000][1][safepoint    ] Total time for which application threads were stopped: 0.0000674 seconds, Stopping threads took: 0.0000169 seconds
[2019-12-08T10:24:02.248+0000][1][safepoint    ] Application time: 1.0000837 seconds
[2019-12-08T10:24:02.248+0000][1][safepoint    ] Entering safepoint region: Cleanup
[2019-12-08T10:24:02.248+0000][1][safepoint    ] Leaving safepoint region
[2019-12-08T10:24:02.248+0000][1][safepoint    ] Total time for which application threads were stopped: 0.0000884 seconds, Stopping threads took: 0.0000259 seconds
[2019-12-08T10:24:03.248+0000][1][safepoint    ] Application time: 1.0000894 seconds
[2019-12-08T10:24:03.248+0000][1][safepoint    ] Entering safepoint region: Cleanup
[2019-12-08T10:24:03.248+0000][1][safepoint    ] Leaving safepoint region
[2019-12-08T10:24:03.248+0000][1][safepoint    ] Total time for which application threads were stopped: 0.0000671 seconds, Stopping threads took: 0.0000169 seconds
[2019-12-08T10:24:04.249+0000][1][safepoint    ] Application time: 1.0000927 seconds
[2019-12-08T10:24:04.249+0000][1][safepoint    ] Entering safepoint region: Cleanup
[2019-12-08T10:24:04.249+0000][1][safepoint    ] Leaving safepoint region
[2019-12-08T10:24:04.249+0000][1][safepoint    ] Total time for which application threads were stopped: 0.0000678 seconds, Stopping threads took: 0.0000180 seconds
[2019-12-08T10:24:05.249+0000][1][safepoint    ] Application time: 1.0000844 seconds
[2019-12-08T10:24:05.249+0000][1][safepoint    ] Entering safepoint region: Cleanup
[2019-12-08T10:24:05.249+0000][1][safepoint    ] Leaving safepoint region
[2019-12-08T10:24:05.249+0000][1][safepoint    ] Total time for which application threads were stopped: 0.0000691 seconds, Stopping threads took: 0.0000189 seconds
[2019-12-08T10:24:06.249+0000][1][safepoint    ] Application time: 1.0000888 seconds
[2019-12-08T10:24:06.249+0000][1][safepoint    ] Entering safepoint region: Cleanup
[2019-12-08T10:24:06.249+0000][1][safepoint    ] Leaving safepoint region
[2019-12-08T10:24:06.249+0000][1][safepoint    ] Total time for which application threads were stopped: 0.0000660 seconds, Stopping threads took: 0.0000179 seconds
[2019-12-08T10:24:07.249+0000][1][safepoint    ] Application time: 1.0000810 seconds
[2019-12-08T10:24:07.249+0000][1][safepoint    ] Entering safepoint region: Cleanup
[2019-12-08T10:24:07.249+0000][1][safepoint    ] Leaving safepoint region
[2019-12-08T10:24:07.249+0000][1][safepoint    ] Total time for which application threads were stopped: 0.0000661 seconds, Stopping threads took: 0.0000161 seconds
[2019-12-08T10:24:08.249+0000][1][safepoint    ] Application time: 1.0000836 seconds
[2019-12-08T10:24:08.249+0000][1][safepoint    ] Entering safepoint region: Cleanup
[2019-12-08T10:24:08.249+0000][1][safepoint    ] Leaving safepoint region
[2019-12-08T10:24:08.249+0000][1][safepoint    ] Total time for which application threads were stopped: 0.0000675 seconds, Stopping threads took: 0.0000168 seconds
[2019-12-08T10:24:09.250+0000][1][safepoint    ] Application time: 1.0001987 seconds
[2019-12-08T10:24:09.250+0000][1][safepoint    ] Entering safepoint region: Cleanup
[2019-12-08T10:24:09.250+0000][1][safepoint    ] Leaving safepoint region
[2019-12-08T10:24:09.250+0000][1][safepoint    ] Total time for which application threads were stopped: 0.0004254 seconds, Stopping threads took: 0.0001995 seconds
[2019-12-08T10:24:10.251+0000][1][safepoint    ] Application time: 1.0001342 seconds
[2019-12-08T10:24:10.251+0000][1][safepoint    ] Entering safepoint region: Cleanup
[2019-12-08T10:24:10.251+0000][1][safepoint    ] Leaving safepoint region
[2019-12-08T10:24:10.251+0000][1][safepoint    ] Total time for which application threads were stopped: 0.0000673 seconds, Stopping threads took: 0.0000167 seconds
[2019-12-08T10:24:11.251+0000][1][safepoint    ] Application time: 1.0002017 seconds
[2019-12-08T10:24:11.251+0000][1][safepoint    ] Entering safepoint region: Cleanup
[2019-12-08T10:24:11.252+0000][1][safepoint    ] Leaving safepoint region
[2019-12-08T10:24:11.252+0000][1][safepoint    ] Total time for which application threads were stopped: 0.0005032 seconds, Stopping threads took: 0.0001168 seconds
[2019-12-08T10:24:12.252+0000][1][safepoint    ] Application time: 1.0002379 seconds
[2019-12-08T10:24:12.252+0000][1][safepoint    ] Entering safepoint region: Cleanup
[2019-12-08T10:24:12.252+0000][1][safepoint    ] Leaving safepoint region
[2019-12-08T10:24:12.252+0000][1][safepoint    ] Total time for which application threads were stopped: 0.0000661 seconds, Stopping threads took: 0.0000175 seconds
[2019-12-08T10:24:13.252+0000][1][safepoint    ] Application time: 1.0000834 seconds
[2019-12-08T10:24:13.252+0000][1][safepoint    ] Entering safepoint region: Cleanup
[2019-12-08T10:24:13.252+0000][1][safepoint    ] Leaving safepoint region
[2019-12-08T10:24:13.252+0000][1][safepoint    ] Total time for which application threads were stopped: 0.0000685 seconds, Stopping threads took: 0.0000175 seconds
[2019-12-08T10:24:14.252+0000][1][safepoint    ] Application time: 1.0000964 seconds
[2019-12-08T10:24:14.252+0000][1][safepoint    ] Entering safepoint region: Cleanup
[2019-12-08T10:24:14.252+0000][1][safepoint    ] Leaving safepoint region
[2019-12-08T10:24:14.252+0000][1][safepoint    ] Total time for which application threads were stopped: 0.0000660 seconds, Stopping threads took: 0.0000175 seconds
[2019-12-08T10:24:15.253+0000][1][safepoint    ] Application time: 1.0000878 seconds
[2019-12-08T10:24:15.253+0000][1][safepoint    ] Entering safepoint region: Cleanup
[2019-12-08T10:24:15.253+0000][1][safepoint    ] Leaving safepoint region
[2019-12-08T10:24:15.253+0000][1][safepoint    ] Total time for which application threads were stopped: 0.0000654 seconds, Stopping threads took: 0.0000178 seconds
[2019-12-08T10:24:16.253+0000][1][safepoint    ] Application time: 1.0000785 seconds
[2019-12-08T10:24:16.253+0000][1][safepoint    ] Entering safepoint region: Cleanup
[2019-12-08T10:24:16.253+0000][1][safepoint    ] Leaving safepoint region
[2019-12-08T10:24:16.253+0000][1][safepoint    ] Total time for which application threads were stopped: 0.0000636 seconds, Stopping threads took: 0.0000167 seconds
[2019-12-08T10:24:17.253+0000][1][safepoint    ] Application time: 1.0000798 seconds
[2019-12-08T10:24:17.253+0000][1][safepoint    ] Entering safepoint region: Cleanup
[2019-12-08T10:24:17.253+0000][1][safepoint    ] Leaving safepoint region
[2019-12-08T10:24:17.253+0000][1][safepoint    ] Total time for which application threads were stopped: 0.0000645 seconds, Stopping threads took: 0.0000166 seconds
[2019-12-08T10:24:18.253+0000][1][safepoint    ] Application time: 1.0000795 seconds
[2019-12-08T10:24:18.253+0000][1][safepoint    ] Entering safepoint region: Cleanup
[2019-12-08T10:24:18.253+0000][1][safepoint    ] Leaving safepoint region
[2019-12-08T10:24:18.253+0000][1][safepoint    ] Total time for which application threads were stopped: 0.0000693 seconds, Stopping threads took: 0.0000174 seconds
[2019-12-08T10:24:19.253+0000][1][safepoint    ] Application time: 1.0000929 seconds
[2019-12-08T10:24:19.253+0000][1][safepoint    ] Entering safepoint region: Cleanup
[2019-12-08T10:24:19.253+0000][1][safepoint    ] Leaving safepoint region
[2019-12-08T10:24:19.253+0000][1][safepoint    ] Total time for which application threads were stopped: 0.0000645 seconds, Stopping threads took: 0.0000168 seconds
[2019-12-08T10:24:20.253+0000][1][safepoint    ] Application time: 1.0000786 seconds
[2019-12-08T10:24:20.254+0000][1][safepoint    ] Entering safepoint region: Cleanup
[2019-12-08T10:24:20.254+0000][1][safepoint    ] Leaving safepoint region
[2019-12-08T10:24:20.254+0000][1][safepoint    ] Total time for which application threads were stopped: 0.0000643 seconds, Stopping threads took: 0.0000160 seconds
[2019-12-08T10:24:21.254+0000][1][safepoint    ] Application time: 1.0000762 seconds
[2019-12-08T10:24:21.254+0000][1][safepoint    ] Entering safepoint region: Cleanup
[2019-12-08T10:24:21.254+0000][1][safepoint    ] Leaving safepoint region
[2019-12-08T10:24:21.254+0000][1][safepoint    ] Total time for which application threads were stopped: 0.0000750 seconds, Stopping threads took: 0.0000277 seconds
[2019-12-08T10:24:22.254+0000][1][safepoint    ] Application time: 1.0000746 seconds
[2019-12-08T10:24:22.254+0000][1][safepoint    ] Entering safepoint region: Cleanup
[2019-12-08T10:24:22.254+0000][1][safepoint    ] Leaving safepoint region
[2019-12-08T10:24:22.254+0000][1][safepoint    ] Total time for which application threads were stopped: 0.0000628 seconds, Stopping threads took: 0.0000167 seconds
[2019-12-08T10:24:23.254+0000][1][safepoint    ] Application time: 1.0000783 seconds
[2019-12-08T10:24:23.254+0000][1][safepoint    ] Entering safepoint region: Cleanup
[2019-12-08T10:24:23.254+0000][1][safepoint    ] Leaving safepoint region
[2019-12-08T10:24:23.254+0000][1][safepoint    ] Total time for which application threads were stopped: 0.0000630 seconds, Stopping threads took: 0.0000162 seconds
[2019-12-08T10:24:24.254+0000][1][safepoint    ] Application time: 1.0000906 seconds
[2019-12-08T10:24:24.254+0000][1][safepoint    ] Entering safepoint region: Cleanup
[2019-12-08T10:24:24.254+0000][1][safepoint    ] Leaving safepoint region
[2019-12-08T10:24:24.254+0000][1][safepoint    ] Total time for which application threads were stopped: 0.0000651 seconds, Stopping threads took: 0.0000170 seconds
[2019-12-08T10:24:25.254+0000][1][safepoint    ] Application time: 1.0000805 seconds
[2019-12-08T10:24:25.254+0000][1][safepoint    ] Entering safepoint region: Cleanup
[2019-12-08T10:24:25.254+0000][1][safepoint    ] Leaving safepoint region
[2019-12-08T10:24:25.254+0000][1][safepoint    ] Total time for which application threads were stopped: 0.0000705 seconds, Stopping threads took: 0.0000250 seconds
[2019-12-08T10:24:26.255+0000][1][safepoint    ] Application time: 1.0000807 seconds
[2019-12-08T10:24:26.255+0000][1][safepoint    ] Entering safepoint region: Cleanup
[2019-12-08T10:24:26.255+0000][1][safepoint    ] Leaving safepoint region
[2019-12-08T10:24:26.255+0000][1][safepoint    ] Total time for which application threads were stopped: 0.0000847 seconds, Stopping threads took: 0.0000171 seconds
[2019-12-08T10:24:27.255+0000][1][safepoint    ] Application time: 1.0000885 seconds
[2019-12-08T10:24:27.255+0000][1][safepoint    ] Entering safepoint region: Cleanup
[2019-12-08T10:24:27.255+0000][1][safepoint    ] Leaving safepoint region
[2019-12-08T10:24:27.255+0000][1][safepoint    ] Total time for which application threads were stopped: 0.0000656 seconds, Stopping threads took: 0.0000179 seconds
[2019-12-08T10:24:28.255+0000][1][safepoint    ] Application time: 1.0000879 seconds
[2019-12-08T10:24:28.255+0000][1][safepoint    ] Entering safepoint region: Cleanup
[2019-12-08T10:24:28.255+0000][1][safepoint    ] Leaving safepoint region
[2019-12-08T10:24:28.255+0000][1][safepoint    ] Total time for which application threads were stopped: 0.0000649 seconds, Stopping threads took: 0.0000178 seconds
[2019-12-08T10:24:29.255+0000][1][safepoint    ] Application time: 1.0000832 seconds
[2019-12-08T10:24:29.255+0000][1][safepoint    ] Entering safepoint region: Cleanup
[2019-12-08T10:24:29.255+0000][1][safepoint    ] Leaving safepoint region
[2019-12-08T10:24:29.255+0000][1][safepoint    ] Total time for which application threads were stopped: 0.0000674 seconds, Stopping threads took: 0.0000183 seconds
[2019-12-08T10:24:30.255+0000][1][safepoint    ] Application time: 1.0000778 seconds
[2019-12-08T10:24:30.255+0000][1][safepoint    ] Entering safepoint region: Cleanup
[2019-12-08T10:24:30.255+0000][1][safepoint    ] Leaving safepoint region
[2019-12-08T10:24:30.255+0000][1][safepoint    ] Total time for which application threads were stopped: 0.0000614 seconds, Stopping threads took: 0.0000162 seconds
[2019-12-08T10:24:31.256+0000][1][safepoint    ] Application time: 1.0000744 seconds
[2019-12-08T10:24:31.256+0000][1][safepoint    ] Entering safepoint region: Cleanup
[2019-12-08T10:24:31.256+0000][1][safepoint    ] Leaving safepoint region
[2019-12-08T10:24:31.256+0000][1][safepoint    ] Total time for which application threads were stopped: 0.0000602 seconds, Stopping threads took: 0.0000153 seconds
[2019-12-08T10:24:32.256+0000][1][safepoint    ] Application time: 1.0000728 seconds
[2019-12-08T10:24:32.256+0000][1][safepoint    ] Entering safepoint region: Cleanup
[2019-12-08T10:24:32.256+0000][1][safepoint    ] Leaving safepoint region
[2019-12-08T10:24:32.256+0000][1][safepoint    ] Total time for which application threads were stopped: 0.0000952 seconds, Stopping threads took: 0.0000309 seconds
[2019-12-08T10:24:33.256+0000][1][safepoint    ] Application time: 1.0000795 seconds
[2019-12-08T10:24:33.256+0000][1][safepoint    ] Entering safepoint region: Cleanup
[2019-12-08T10:24:33.256+0000][1][safepoint    ] Leaving safepoint region
[2019-12-08T10:24:33.256+0000][1][safepoint    ] Total time for which application threads were stopped: 0.0000711 seconds, Stopping threads took: 0.0000242 seconds
[2019-12-08T10:24:34.256+0000][1][safepoint    ] Application time: 1.0000799 seconds
[2019-12-08T10:24:34.256+0000][1][safepoint    ] Entering safepoint region: Cleanup
[2019-12-08T10:24:34.256+0000][1][safepoint    ] Leaving safepoint region
[2019-12-08T10:24:34.256+0000][1][safepoint    ] Total time for which application threads were stopped: 0.0000662 seconds, Stopping threads took: 0.0000183 seconds
[2019-12-08T10:24:35.256+0000][1][safepoint    ] Application time: 1.0000776 seconds
[2019-12-08T10:24:35.256+0000][1][safepoint    ] Entering safepoint region: Cleanup
[2019-12-08T10:24:35.256+0000][1][safepoint    ] Leaving safepoint region
[2019-12-08T10:24:35.256+0000][1][safepoint    ] Total time for which application threads were stopped: 0.0000679 seconds, Stopping threads took: 0.0000234 seconds
[2019-12-08T10:24:36.256+0000][1][safepoint    ] Application time: 1.0000751 seconds
[2019-12-08T10:24:36.256+0000][1][safepoint    ] Entering safepoint region: Cleanup
[2019-12-08T10:24:36.257+0000][1][safepoint    ] Leaving safepoint region
[2019-12-08T10:24:36.257+0000][1][safepoint    ] Total time for which application threads were stopped: 0.0000623 seconds, Stopping threads took: 0.0000161 seconds
[2019-12-08T10:24:37.257+0000][1][safepoint    ] Application time: 1.0000877 seconds
[2019-12-08T10:24:37.257+0000][1][safepoint    ] Entering safepoint region: Cleanup
[2019-12-08T10:24:37.257+0000][1][safepoint    ] Leaving safepoint region
[2019-12-08T10:24:37.257+0000][1][safepoint    ] Total time for which application threads were stopped: 0.0000778 seconds, Stopping threads took: 0.0000304 seconds
[2019-12-08T10:24:38.257+0000][1][safepoint    ] Application time: 1.0000796 seconds
[2019-12-08T10:24:38.257+0000][1][safepoint    ] Entering safepoint region: Cleanup
[2019-12-08T10:24:38.257+0000][1][safepoint    ] Leaving safepoint region
[2019-12-08T10:24:38.257+0000][1][safepoint    ] Total time for which application threads were stopped: 0.0000937 seconds, Stopping threads took: 0.0000267 seconds
[2019-12-08T10:24:39.257+0000][1][safepoint    ] Application time: 1.0000820 seconds
[2019-12-08T10:24:39.257+0000][1][safepoint    ] Entering safepoint region: Cleanup
[2019-12-08T10:24:39.257+0000][1][safepoint    ] Leaving safepoint region
[2019-12-08T10:24:39.257+0000][1][safepoint    ] Total time for which application threads were stopped: 0.0000621 seconds, Stopping threads took: 0.0000165 seconds
[2019-12-08T10:24:40.257+0000][1][safepoint    ] Application time: 1.0000791 seconds
[2019-12-08T10:24:40.257+0000][1][safepoint    ] Entering safepoint region: Cleanup
[2019-12-08T10:24:40.257+0000][1][safepoint    ] Leaving safepoint region
[2019-12-08T10:24:40.257+0000][1][safepoint    ] Total time for which application threads were stopped: 0.0000609 seconds, Stopping threads took: 0.0000155 seconds
[2019-12-08T10:24:41.257+0000][1][safepoint    ] Application time: 1.0000782 seconds
[2019-12-08T10:24:41.257+0000][1][safepoint    ] Entering safepoint region: Cleanup
[2019-12-08T10:24:41.257+0000][1][safepoint    ] Leaving safepoint region
[2019-12-08T10:24:41.257+0000][1][safepoint    ] Total time for which application threads were stopped: 0.0000661 seconds, Stopping threads took: 0.0000170 seconds
[2019-12-08T10:24:42.258+0000][1][safepoint    ] Application time: 1.0000776 seconds
[2019-12-08T10:24:42.258+0000][1][safepoint    ] Entering safepoint region: Cleanup
[2019-12-08T10:24:42.258+0000][1][safepoint    ] Leaving safepoint region
[2019-12-08T10:24:42.258+0000][1][safepoint    ] Total time for which application threads were stopped: 0.0000619 seconds, Stopping threads took: 0.0000159 seconds
[2019-12-08T10:24:43.258+0000][1][safepoint    ] Application time: 1.0000838 seconds
[2019-12-08T10:24:43.258+0000][1][safepoint    ] Entering safepoint region: Cleanup
[2019-12-08T10:24:43.258+0000][1][safepoint    ] Leaving safepoint region
[2019-12-08T10:24:43.258+0000][1][safepoint    ] Total time for which application threads were stopped: 0.0000643 seconds, Stopping threads took: 0.0000171 seconds
[2019-12-08T10:24:44.258+0000][1][safepoint    ] Application time: 1.0000764 seconds
[2019-12-08T10:24:44.258+0000][1][safepoint    ] Entering safepoint region: Cleanup
[2019-12-08T10:24:44.258+0000][1][safepoint    ] Leaving safepoint region
[2019-12-08T10:24:44.258+0000][1][safepoint    ] Total time for which application threads were stopped: 0.0000592 seconds, Stopping threads took: 0.0000155 seconds
[2019-12-08T10:24:45.258+0000][1][safepoint    ] Application time: 1.0000778 seconds
[2019-12-08T10:24:45.258+0000][1][safepoint    ] Entering safepoint region: Cleanup
[2019-12-08T10:24:45.258+0000][1][safepoint    ] Leaving safepoint region
[2019-12-08T10:24:45.258+0000][1][safepoint    ] Total time for which application threads were stopped: 0.0000738 seconds, Stopping threads took: 0.0000236 seconds
[2019-12-08T10:24:45.828+0000][1][safepoint    ] Application time: 0.5702556 seconds
[2019-12-08T10:24:45.829+0000][1][safepoint    ] Entering safepoint region: GenCollectForAllocation
[2019-12-08T10:24:45.829+0000][1][gc,start     ] GC(30) Pause Young (Allocation Failure)
[2019-12-08T10:24:45.829+0000][1][gc,task      ] GC(30) Using 4 workers of 4 for evacuation
[2019-12-08T10:24:45.830+0000][1][gc,age       ] GC(30) Desired survivor size 4456448 bytes, new threshold 6 (max threshold 6)
[2019-12-08T10:24:45.830+0000][1][gc,age       ] GC(30) Age table with threshold 6 (max threshold 6)
[2019-12-08T10:24:45.830+0000][1][gc,age       ] GC(30) - age   1:       6280 bytes,       6280 total
[2019-12-08T10:24:45.830+0000][1][gc,age       ] GC(30) - age   2:       1448 bytes,       7728 total
[2019-12-08T10:24:45.830+0000][1][gc,age       ] GC(30) - age   3:       1968 bytes,       9696 total
[2019-12-08T10:24:45.830+0000][1][gc,age       ] GC(30) - age   4:       1888 bytes,      11584 total
[2019-12-08T10:24:45.830+0000][1][gc,age       ] GC(30) - age   5:       4008 bytes,      15592 total
[2019-12-08T10:24:45.830+0000][1][gc,age       ] GC(30) - age   6:       4144 bytes,      19736 total
[2019-12-08T10:24:45.830+0000][1][gc,heap      ] GC(30) ParNew: 70173K->59K(78656K)
[2019-12-08T10:24:45.830+0000][1][gc,heap      ] GC(30) CMS: 69587K->69594K(174784K)
[2019-12-08T10:24:45.830+0000][1][gc,metaspace ] GC(30) Metaspace: 68240K->68240K(1112064K)
[2019-12-08T10:24:45.830+0000][1][gc           ] GC(30) Pause Young (Allocation Failure) 136M->68M(247M) 1.066ms
[2019-12-08T10:24:45.830+0000][1][gc,cpu       ] GC(30) User=0.00s Sys=0.00s Real=0.00s
[2019-12-08T10:24:45.830+0000][1][safepoint    ] Leaving safepoint region
[2019-12-08T10:24:45.830+0000][1][safepoint    ] Total time for which application threads were stopped: 0.0012094 seconds, Stopping threads took: 0.0000162 seconds
[2019-12-08T10:24:46.830+0000][1][safepoint    ] Application time: 1.0000694 seconds
[2019-12-08T10:24:46.830+0000][1][safepoint    ] Entering safepoint region: Cleanup
[2019-12-08T10:24:46.830+0000][1][safepoint    ] Leaving safepoint region
[2019-12-08T10:24:46.830+0000][1][safepoint    ] Total time for which application threads were stopped: 0.0000706 seconds, Stopping threads took: 0.0000182 seconds
[2019-12-08T10:24:47.830+0000][1][safepoint    ] Application time: 1.0000920 seconds
[2019-12-08T10:24:47.830+0000][1][safepoint    ] Entering safepoint region: Cleanup
[2019-12-08T10:24:47.830+0000][1][safepoint    ] Leaving safepoint region
[2019-12-08T10:24:47.830+0000][1][safepoint    ] Total time for which application threads were stopped: 0.0000785 seconds, Stopping threads took: 0.0000251 seconds
[2019-12-08T10:24:48.830+0000][1][safepoint    ] Application time: 1.0000817 seconds
[2019-12-08T10:24:48.830+0000][1][safepoint    ] Entering safepoint region: Cleanup
[2019-12-08T10:24:48.830+0000][1][safepoint    ] Leaving safepoint region
[2019-12-08T10:24:48.830+0000][1][safepoint    ] Total time for which application threads were stopped: 0.0000692 seconds, Stopping threads took: 0.0000184 seconds
[2019-12-08T10:24:49.831+0000][1][safepoint    ] Application time: 1.0009552 seconds
[2019-12-08T10:24:49.831+0000][1][safepoint    ] Entering safepoint region: Cleanup
[2019-12-08T10:24:49.831+0000][1][safepoint    ] Leaving safepoint region
[2019-12-08T10:24:49.831+0000][1][safepoint    ] Total time for which application threads were stopped: 0.0000665 seconds, Stopping threads took: 0.0000150 seconds
[2019-12-08T10:24:50.831+0000][1][safepoint    ] Application time: 1.0000778 seconds
[2019-12-08T10:24:50.832+0000][1][safepoint    ] Entering safepoint region: Cleanup
[2019-12-08T10:24:50.832+0000][1][safepoint    ] Leaving safepoint region
[2019-12-08T10:24:50.832+0000][1][safepoint    ] Total time for which application threads were stopped: 0.0000626 seconds, Stopping threads took: 0.0000158 seconds
[2019-12-08T10:24:51.832+0000][1][safepoint    ] Application time: 1.0000758 seconds
[2019-12-08T10:24:51.832+0000][1][safepoint    ] Entering safepoint region: Cleanup
[2019-12-08T10:24:51.832+0000][1][safepoint    ] Leaving safepoint region
[2019-12-08T10:24:51.832+0000][1][safepoint    ] Total time for which application threads were stopped: 0.0000645 seconds, Stopping threads took: 0.0000162 seconds
[2019-12-08T10:24:52.832+0000][1][safepoint    ] Application time: 1.0000765 seconds
[2019-12-08T10:24:52.832+0000][1][safepoint    ] Entering safepoint region: Cleanup
[2019-12-08T10:24:52.832+0000][1][safepoint    ] Leaving safepoint region
[2019-12-08T10:24:52.832+0000][1][safepoint    ] Total time for which application threads were stopped: 0.0000637 seconds, Stopping threads took: 0.0000167 seconds
[2019-12-08T10:24:53.832+0000][1][safepoint    ] Application time: 1.0000774 seconds
[2019-12-08T10:24:53.832+0000][1][safepoint    ] Entering safepoint region: Cleanup
[2019-12-08T10:24:53.832+0000][1][safepoint    ] Leaving safepoint region
[2019-12-08T10:24:53.832+0000][1][safepoint    ] Total time for which application threads were stopped: 0.0000654 seconds, Stopping threads took: 0.0000166 seconds
[2019-12-08T10:24:54.832+0000][1][safepoint    ] Application time: 1.0000752 seconds
[2019-12-08T10:24:54.832+0000][1][safepoint    ] Entering safepoint region: Cleanup
[2019-12-08T10:24:54.832+0000][1][safepoint    ] Leaving safepoint region
[2019-12-08T10:24:54.832+0000][1][safepoint    ] Total time for which application threads were stopped: 0.0000625 seconds, Stopping threads took: 0.0000164 seconds
[2019-12-08T10:24:55.832+0000][1][safepoint    ] Application time: 1.0000839 seconds
[2019-12-08T10:24:55.832+0000][1][safepoint    ] Entering safepoint region: Cleanup
[2019-12-08T10:24:55.833+0000][1][safepoint    ] Leaving safepoint region
[2019-12-08T10:24:55.833+0000][1][safepoint    ] Total time for which application threads were stopped: 0.0000647 seconds, Stopping threads took: 0.0000170 seconds
[2019-12-08T10:24:56.833+0000][1][safepoint    ] Application time: 1.0000794 seconds
[2019-12-08T10:24:56.833+0000][1][safepoint    ] Entering safepoint region: Cleanup
[2019-12-08T10:24:56.833+0000][1][safepoint    ] Leaving safepoint region
[2019-12-08T10:24:56.833+0000][1][safepoint    ] Total time for which application threads were stopped: 0.0000708 seconds, Stopping threads took: 0.0000151 seconds
[2019-12-08T10:24:57.833+0000][1][safepoint    ] Application time: 1.0000820 seconds
[2019-12-08T10:24:57.833+0000][1][safepoint    ] Entering safepoint region: Cleanup
[2019-12-08T10:24:57.833+0000][1][safepoint    ] Leaving safepoint region
[2019-12-08T10:24:57.833+0000][1][safepoint    ] Total time for which application threads were stopped: 0.0000642 seconds, Stopping threads took: 0.0000160 seconds
[2019-12-08T10:24:58.833+0000][1][safepoint    ] Application time: 1.0000797 seconds
[2019-12-08T10:24:58.833+0000][1][safepoint    ] Entering safepoint region: Cleanup
[2019-12-08T10:24:58.833+0000][1][safepoint    ] Leaving safepoint region
[2019-12-08T10:24:58.833+0000][1][safepoint    ] Total time for which application threads were stopped: 0.0000662 seconds, Stopping threads took: 0.0000169 seconds
[2019-12-08T10:24:59.833+0000][1][safepoint    ] Application time: 1.0000747 seconds
[2019-12-08T10:24:59.833+0000][1][safepoint    ] Entering safepoint region: Cleanup
[2019-12-08T10:24:59.833+0000][1][safepoint    ] Leaving safepoint region
[2019-12-08T10:24:59.833+0000][1][safepoint    ] Total time for which application threads were stopped: 0.0000639 seconds, Stopping threads took: 0.0000161 seconds
[2019-12-08T10:25:00.833+0000][1][safepoint    ] Application time: 1.0000788 seconds
[2019-12-08T10:25:00.833+0000][1][safepoint    ] Entering safepoint region: Cleanup
[2019-12-08T10:25:00.833+0000][1][safepoint    ] Leaving safepoint region
[2019-12-08T10:25:00.833+0000][1][safepoint    ] Total time for which application threads were stopped: 0.0000624 seconds, Stopping threads took: 0.0000153 seconds
[2019-12-08T10:25:01.834+0000][1][safepoint    ] Application time: 1.0000762 seconds
[2019-12-08T10:25:01.834+0000][1][safepoint    ] Entering safepoint region: Cleanup
[2019-12-08T10:25:01.834+0000][1][safepoint    ] Leaving safepoint region
[2019-12-08T10:25:01.834+0000][1][safepoint    ] Total time for which application threads were stopped: 0.0000655 seconds, Stopping threads took: 0.0000163 seconds
[2019-12-08T10:25:02.834+0000][1][safepoint    ] Application time: 1.0000799 seconds
[2019-12-08T10:25:02.834+0000][1][safepoint    ] Entering safepoint region: Cleanup
[2019-12-08T10:25:02.834+0000][1][safepoint    ] Leaving safepoint region
[2019-12-08T10:25:02.834+0000][1][safepoint    ] Total time for which application threads were stopped: 0.0000686 seconds, Stopping threads took: 0.0000174 seconds
[2019-12-08T10:25:03.834+0000][1][safepoint    ] Application time: 1.0000782 seconds
[2019-12-08T10:25:03.834+0000][1][safepoint    ] Entering safepoint region: Cleanup
[2019-12-08T10:25:03.834+0000][1][safepoint    ] Leaving safepoint region
[2019-12-08T10:25:03.834+0000][1][safepoint    ] Total time for which application threads were stopped: 0.0000681 seconds, Stopping threads took: 0.0000163 seconds
[2019-12-08T10:25:04.834+0000][1][safepoint    ] Application time: 1.0000791 seconds
[2019-12-08T10:25:04.834+0000][1][safepoint    ] Entering safepoint region: Cleanup
[2019-12-08T10:25:04.834+0000][1][safepoint    ] Leaving safepoint region
[2019-12-08T10:25:04.834+0000][1][safepoint    ] Total time for which application threads were stopped: 0.0000696 seconds, Stopping threads took: 0.0000179 seconds
[2019-12-08T10:25:05.834+0000][1][safepoint    ] Application time: 1.0000875 seconds
[2019-12-08T10:25:05.834+0000][1][safepoint    ] Entering safepoint region: Cleanup
[2019-12-08T10:25:05.834+0000][1][safepoint    ] Leaving safepoint region
[2019-12-08T10:25:05.834+0000][1][safepoint    ] Total time for which application threads were stopped: 0.0000643 seconds, Stopping threads took: 0.0000170 seconds
[2019-12-08T10:25:06.835+0000][1][safepoint    ] Application time: 1.0000812 seconds
[2019-12-08T10:25:06.835+0000][1][safepoint    ] Entering safepoint region: Cleanup
[2019-12-08T10:25:06.835+0000][1][safepoint    ] Leaving safepoint region
[2019-12-08T10:25:06.835+0000][1][safepoint    ] Total time for which application threads were stopped: 0.0000640 seconds, Stopping threads took: 0.0000174 seconds
[2019-12-08T10:25:07.835+0000][1][safepoint    ] Application time: 1.0000788 seconds
[2019-12-08T10:25:07.835+0000][1][safepoint    ] Entering safepoint region: Cleanup
[2019-12-08T10:25:07.835+0000][1][safepoint    ] Leaving safepoint region
[2019-12-08T10:25:07.835+0000][1][safepoint    ] Total time for which application threads were stopped: 0.0001011 seconds, Stopping threads took: 0.0000486 seconds
[2019-12-08T10:25:08.835+0000][1][safepoint    ] Application time: 1.0001578 seconds
[2019-12-08T10:25:08.835+0000][1][safepoint    ] Entering safepoint region: Cleanup
[2019-12-08T10:25:08.836+0000][1][safepoint    ] Leaving safepoint region
[2019-12-08T10:25:08.836+0000][1][safepoint    ] Total time for which application threads were stopped: 0.0006319 seconds, Stopping threads took: 0.0002613 seconds
[2019-12-08T10:25:09.836+0000][1][safepoint    ] Application time: 1.0001280 seconds
[2019-12-08T10:25:09.836+0000][1][safepoint    ] Entering safepoint region: Cleanup
[2019-12-08T10:25:09.836+0000][1][safepoint    ] Leaving safepoint region
[2019-12-08T10:25:09.836+0000][1][safepoint    ] Total time for which application threads were stopped: 0.0000664 seconds, Stopping threads took: 0.0000175 seconds
[2019-12-08T10:25:11.298+0000][1][safepoint    ] Application time: 1.4622516 seconds
[2019-12-08T10:25:11.298+0000][1][safepoint    ] Entering safepoint region: Cleanup
[2019-12-08T10:25:11.298+0000][1][safepoint    ] Leaving safepoint region
[2019-12-08T10:25:11.298+0000][1][safepoint    ] Total time for which application threads were stopped: 0.0000599 seconds, Stopping threads took: 0.0000139 seconds
[2019-12-08T10:25:12.299+0000][1][safepoint    ] Application time: 1.0000815 seconds
[2019-12-08T10:25:12.299+0000][1][safepoint    ] Entering safepoint region: Cleanup
[2019-12-08T10:25:12.299+0000][1][safepoint    ] Leaving safepoint region
[2019-12-08T10:25:12.299+0000][1][safepoint    ] Total time for which application threads were stopped: 0.0000581 seconds, Stopping threads took: 0.0000146 seconds
[2019-12-08T10:25:13.299+0000][1][safepoint    ] Application time: 1.0000971 seconds
[2019-12-08T10:25:13.299+0000][1][safepoint    ] Entering safepoint region: Cleanup
[2019-12-08T10:25:13.299+0000][1][safepoint    ] Leaving safepoint region
[2019-12-08T10:25:13.299+0000][1][safepoint    ] Total time for which application threads were stopped: 0.0000662 seconds, Stopping threads took: 0.0000163 seconds
[2019-12-08T10:25:14.299+0000][1][safepoint    ] Application time: 1.0000843 seconds
[2019-12-08T10:25:14.299+0000][1][safepoint    ] Entering safepoint region: Cleanup
[2019-12-08T10:25:14.299+0000][1][safepoint    ] Leaving safepoint region
[2019-12-08T10:25:14.299+0000][1][safepoint    ] Total time for which application threads were stopped: 0.0000694 seconds, Stopping threads took: 0.0000213 seconds
[2019-12-08T10:25:15.299+0000][1][safepoint    ] Application time: 1.0000940 seconds
[2019-12-08T10:25:15.299+0000][1][safepoint    ] Entering safepoint region: Cleanup
[2019-12-08T10:25:15.299+0000][1][safepoint    ] Leaving safepoint region
[2019-12-08T10:25:15.299+0000][1][safepoint    ] Total time for which application threads were stopped: 0.0000630 seconds, Stopping threads took: 0.0000147 seconds
[2019-12-08T10:25:16.299+0000][1][safepoint    ] Application time: 1.0000852 seconds
[2019-12-08T10:25:16.299+0000][1][safepoint    ] Entering safepoint region: Cleanup
[2019-12-08T10:25:16.299+0000][1][safepoint    ] Leaving safepoint region
[2019-12-08T10:25:16.299+0000][1][safepoint    ] Total time for which application threads were stopped: 0.0000658 seconds, Stopping threads took: 0.0000163 seconds
[2019-12-08T10:25:17.300+0000][1][safepoint    ] Application time: 1.0000978 seconds
[2019-12-08T10:25:17.300+0000][1][safepoint    ] Entering safepoint region: Cleanup
[2019-12-08T10:25:17.300+0000][1][safepoint    ] Leaving safepoint region
[2019-12-08T10:25:17.300+0000][1][safepoint    ] Total time for which application threads were stopped: 0.0001534 seconds, Stopping threads took: 0.0000641 seconds
[2019-12-08T10:25:18.300+0000][1][safepoint    ] Application time: 1.0000350 seconds
[2019-12-08T10:25:18.300+0000][1][safepoint    ] Entering safepoint region: Cleanup
[2019-12-08T10:25:18.300+0000][1][safepoint    ] Leaving safepoint region
[2019-12-08T10:25:18.300+0000][1][safepoint    ] Total time for which application threads were stopped: 0.0000626 seconds, Stopping threads took: 0.0000161 seconds
[2019-12-08T10:25:19.300+0000][1][safepoint    ] Application time: 1.0000827 seconds
[2019-12-08T10:25:19.300+0000][1][safepoint    ] Entering safepoint region: Cleanup
[2019-12-08T10:25:19.300+0000][1][safepoint    ] Leaving safepoint region
[2019-12-08T10:25:19.300+0000][1][safepoint    ] Total time for which application threads were stopped: 0.0000671 seconds, Stopping threads took: 0.0000170 seconds
[2019-12-08T10:25:20.300+0000][1][safepoint    ] Application time: 1.0000940 seconds
[2019-12-08T10:25:20.300+0000][1][safepoint    ] Entering safepoint region: Cleanup
[2019-12-08T10:25:20.300+0000][1][safepoint    ] Leaving safepoint region
[2019-12-08T10:25:20.300+0000][1][safepoint    ] Total time for which application threads were stopped: 0.0000631 seconds, Stopping threads took: 0.0000161 seconds
[2019-12-08T10:25:21.300+0000][1][safepoint    ] Application time: 1.0000755 seconds
[2019-12-08T10:25:21.300+0000][1][safepoint    ] Entering safepoint region: Cleanup
[2019-12-08T10:25:21.300+0000][1][safepoint    ] Leaving safepoint region
[2019-12-08T10:25:21.300+0000][1][safepoint    ] Total time for which application threads were stopped: 0.0000627 seconds, Stopping threads took: 0.0000166 seconds
[2019-12-08T10:25:22.301+0000][1][safepoint    ] Application time: 1.0000771 seconds
[2019-12-08T10:25:22.301+0000][1][safepoint    ] Entering safepoint region: Cleanup
[2019-12-08T10:25:22.301+0000][1][safepoint    ] Leaving safepoint region
[2019-12-08T10:25:22.301+0000][1][safepoint    ] Total time for which application threads were stopped: 0.0000626 seconds, Stopping threads took: 0.0000156 seconds
[2019-12-08T10:25:23.301+0000][1][safepoint    ] Application time: 1.0000970 seconds
[2019-12-08T10:25:23.301+0000][1][safepoint    ] Entering safepoint region: Cleanup
[2019-12-08T10:25:23.301+0000][1][safepoint    ] Leaving safepoint region
[2019-12-08T10:25:23.301+0000][1][safepoint    ] Total time for which application threads were stopped: 0.0000867 seconds, Stopping threads took: 0.0000227 seconds
[2019-12-08T10:25:24.301+0000][1][safepoint    ] Application time: 1.0000806 seconds
[2019-12-08T10:25:24.301+0000][1][safepoint    ] Entering safepoint region: Cleanup
[2019-12-08T10:25:24.301+0000][1][safepoint    ] Leaving safepoint region
[2019-12-08T10:25:24.301+0000][1][safepoint    ] Total time for which application threads were stopped: 0.0000653 seconds, Stopping threads took: 0.0000174 seconds
[2019-12-08T10:25:25.301+0000][1][safepoint    ] Application time: 1.0000786 seconds
[2019-12-08T10:25:25.301+0000][1][safepoint    ] Entering safepoint region: Cleanup
[2019-12-08T10:25:25.301+0000][1][safepoint    ] Leaving safepoint region
[2019-12-08T10:25:25.301+0000][1][safepoint    ] Total time for which application threads were stopped: 0.0000647 seconds, Stopping threads took: 0.0000167 seconds
[2019-12-08T10:25:26.301+0000][1][safepoint    ] Application time: 1.0000853 seconds
[2019-12-08T10:25:26.301+0000][1][safepoint    ] Entering safepoint region: Cleanup
[2019-12-08T10:25:26.301+0000][1][safepoint    ] Leaving safepoint region
[2019-12-08T10:25:26.301+0000][1][safepoint    ] Total time for which application threads were stopped: 0.0000637 seconds, Stopping threads took: 0.0000158 seconds
[2019-12-08T10:25:27.302+0000][1][safepoint    ] Application time: 1.0000802 seconds
[2019-12-08T10:25:27.302+0000][1][safepoint    ] Entering safepoint region: Cleanup
[2019-12-08T10:25:27.302+0000][1][safepoint    ] Leaving safepoint region
[2019-12-08T10:25:27.302+0000][1][safepoint    ] Total time for which application threads were stopped: 0.0000639 seconds, Stopping threads took: 0.0000157 seconds
[2019-12-08T10:25:28.302+0000][1][safepoint    ] Application time: 1.0001014 seconds
[2019-12-08T10:25:28.302+0000][1][safepoint    ] Entering safepoint region: Cleanup
[2019-12-08T10:25:28.302+0000][1][safepoint    ] Leaving safepoint region
[2019-12-08T10:25:28.302+0000][1][safepoint    ] Total time for which application threads were stopped: 0.0000618 seconds, Stopping threads took: 0.0000160 seconds
[2019-12-08T10:25:29.302+0000][1][safepoint    ] Application time: 1.0000801 seconds
[2019-12-08T10:25:29.302+0000][1][safepoint    ] Entering safepoint region: Cleanup
[2019-12-08T10:25:29.302+0000][1][safepoint    ] Leaving safepoint region
[2019-12-08T10:25:29.302+0000][1][safepoint    ] Total time for which application threads were stopped: 0.0000648 seconds, Stopping threads took: 0.0000170 seconds
[2019-12-08T10:25:30.302+0000][1][safepoint    ] Application time: 1.0000893 seconds
[2019-12-08T10:25:30.302+0000][1][safepoint    ] Entering safepoint region: Cleanup
[2019-12-08T10:25:30.302+0000][1][safepoint    ] Leaving safepoint region
[2019-12-08T10:25:30.302+0000][1][safepoint    ] Total time for which application threads were stopped: 0.0000623 seconds, Stopping threads took: 0.0000157 seconds
[2019-12-08T10:25:31.302+0000][1][safepoint    ] Application time: 1.0000869 seconds
[2019-12-08T10:25:31.302+0000][1][safepoint    ] Entering safepoint region: Cleanup
[2019-12-08T10:25:31.302+0000][1][safepoint    ] Leaving safepoint region
[2019-12-08T10:25:31.302+0000][1][safepoint    ] Total time for which application threads were stopped: 0.0000658 seconds, Stopping threads took: 0.0000173 seconds
[2019-12-08T10:25:32.302+0000][1][safepoint    ] Application time: 1.0000782 seconds
[2019-12-08T10:25:32.303+0000][1][safepoint    ] Entering safepoint region: Cleanup
[2019-12-08T10:25:32.303+0000][1][safepoint    ] Leaving safepoint region
[2019-12-08T10:25:32.303+0000][1][safepoint    ] Total time for which application threads were stopped: 0.0000663 seconds, Stopping threads took: 0.0000174 seconds
[2019-12-08T10:25:33.303+0000][1][safepoint    ] Application time: 1.0000751 seconds
[2019-12-08T10:25:33.303+0000][1][safepoint    ] Entering safepoint region: Cleanup
[2019-12-08T10:25:33.303+0000][1][safepoint    ] Leaving safepoint region
[2019-12-08T10:25:33.303+0000][1][safepoint    ] Total time for which application threads were stopped: 0.0000745 seconds, Stopping threads took: 0.0000274 seconds
[2019-12-08T10:25:34.303+0000][1][safepoint    ] Application time: 1.0000855 seconds
[2019-12-08T10:25:34.303+0000][1][safepoint    ] Entering safepoint region: Cleanup
[2019-12-08T10:25:34.303+0000][1][safepoint    ] Leaving safepoint region
[2019-12-08T10:25:34.303+0000][1][safepoint    ] Total time for which application threads were stopped: 0.0000998 seconds, Stopping threads took: 0.0000251 seconds
[2019-12-08T10:25:35.303+0000][1][safepoint    ] Application time: 1.0000831 seconds
[2019-12-08T10:25:35.303+0000][1][safepoint    ] Entering safepoint region: Cleanup
[2019-12-08T10:25:35.303+0000][1][safepoint    ] Leaving safepoint region
[2019-12-08T10:25:35.303+0000][1][safepoint    ] Total time for which application threads were stopped: 0.0000650 seconds, Stopping threads took: 0.0000171 seconds
[2019-12-08T10:25:36.303+0000][1][safepoint    ] Application time: 1.0000772 seconds
[2019-12-08T10:25:36.303+0000][1][safepoint    ] Entering safepoint region: Cleanup
[2019-12-08T10:25:36.303+0000][1][safepoint    ] Leaving safepoint region
[2019-12-08T10:25:36.303+0000][1][safepoint    ] Total time for which application threads were stopped: 0.0000602 seconds, Stopping threads took: 0.0000150 seconds
[2019-12-08T10:25:37.303+0000][1][safepoint    ] Application time: 1.0000801 seconds
[2019-12-08T10:25:37.303+0000][1][safepoint    ] Entering safepoint region: Cleanup
[2019-12-08T10:25:37.304+0000][1][safepoint    ] Leaving safepoint region
[2019-12-08T10:25:37.304+0000][1][safepoint    ] Total time for which application threads were stopped: 0.0000630 seconds, Stopping threads took: 0.0000170 seconds
[2019-12-08T10:25:38.304+0000][1][safepoint    ] Application time: 1.0000797 seconds
[2019-12-08T10:25:38.304+0000][1][safepoint    ] Entering safepoint region: Cleanup
[2019-12-08T10:25:38.304+0000][1][safepoint    ] Leaving safepoint region
[2019-12-08T10:25:38.304+0000][1][safepoint    ] Total time for which application threads were stopped: 0.0000754 seconds, Stopping threads took: 0.0000274 seconds
[2019-12-08T10:25:39.304+0000][1][safepoint    ] Application time: 1.0000822 seconds
[2019-12-08T10:25:39.304+0000][1][safepoint    ] Entering safepoint region: Cleanup
[2019-12-08T10:25:39.304+0000][1][safepoint    ] Leaving safepoint region
[2019-12-08T10:25:39.304+0000][1][safepoint    ] Total time for which application threads were stopped: 0.0000609 seconds, Stopping threads took: 0.0000152 seconds
[2019-12-08T10:25:40.304+0000][1][safepoint    ] Application time: 1.0000795 seconds
[2019-12-08T10:25:40.304+0000][1][safepoint    ] Entering safepoint region: Cleanup
[2019-12-08T10:25:40.304+0000][1][safepoint    ] Leaving safepoint region
[2019-12-08T10:25:40.304+0000][1][safepoint    ] Total time for which application threads were stopped: 0.0000642 seconds, Stopping threads took: 0.0000174 seconds
[2019-12-08T10:25:41.304+0000][1][safepoint    ] Application time: 1.0000857 seconds
[2019-12-08T10:25:41.304+0000][1][safepoint    ] Entering safepoint region: Cleanup
[2019-12-08T10:25:41.304+0000][1][safepoint    ] Leaving safepoint region
[2019-12-08T10:25:41.304+0000][1][safepoint    ] Total time for which application threads were stopped: 0.0000655 seconds, Stopping threads took: 0.0000172 seconds
[2019-12-08T10:25:42.304+0000][1][safepoint    ] Application time: 1.0000809 seconds
[2019-12-08T10:25:42.304+0000][1][safepoint    ] Entering safepoint region: Cleanup
[2019-12-08T10:25:42.304+0000][1][safepoint    ] Leaving safepoint region
[2019-12-08T10:25:42.304+0000][1][safepoint    ] Total time for which application threads were stopped: 0.0000629 seconds, Stopping threads took: 0.0000156 seconds
[2019-12-08T10:25:43.305+0000][1][safepoint    ] Application time: 1.0000868 seconds
[2019-12-08T10:25:43.305+0000][1][safepoint    ] Entering safepoint region: Cleanup
[2019-12-08T10:25:43.305+0000][1][safepoint    ] Leaving safepoint region
[2019-12-08T10:25:43.305+0000][1][safepoint    ] Total time for which application threads were stopped: 0.0000798 seconds, Stopping threads took: 0.0000173 seconds
[2019-12-08T10:25:44.305+0000][1][safepoint    ] Application time: 1.0000782 seconds
[2019-12-08T10:25:44.305+0000][1][safepoint    ] Entering safepoint region: Cleanup
[2019-12-08T10:25:44.305+0000][1][safepoint    ] Leaving safepoint region
[2019-12-08T10:25:44.305+0000][1][safepoint    ] Total time for which application threads were stopped: 0.0000615 seconds, Stopping threads took: 0.0000165 seconds
[2019-12-08T10:25:45.305+0000][1][safepoint    ] Application time: 1.0000783 seconds
[2019-12-08T10:25:45.305+0000][1][safepoint    ] Entering safepoint region: Cleanup
[2019-12-08T10:25:45.305+0000][1][safepoint    ] Leaving safepoint region
[2019-12-08T10:25:45.305+0000][1][safepoint    ] Total time for which application threads were stopped: 0.0000652 seconds, Stopping threads took: 0.0000169 seconds
[2019-12-08T10:25:46.305+0000][1][safepoint    ] Application time: 1.0000764 seconds
[2019-12-08T10:25:46.305+0000][1][safepoint    ] Entering safepoint region: Cleanup
[2019-12-08T10:25:46.305+0000][1][safepoint    ] Leaving safepoint region
[2019-12-08T10:25:46.305+0000][1][safepoint    ] Total time for which application threads were stopped: 0.0000608 seconds, Stopping threads took: 0.0000154 seconds
[2019-12-08T10:25:47.305+0000][1][safepoint    ] Application time: 1.0000762 seconds
[2019-12-08T10:25:47.305+0000][1][safepoint    ] Entering safepoint region: Cleanup
[2019-12-08T10:25:47.305+0000][1][safepoint    ] Leaving safepoint region
[2019-12-08T10:25:47.305+0000][1][safepoint    ] Total time for which application threads were stopped: 0.0000641 seconds, Stopping threads took: 0.0000171 seconds
[2019-12-08T10:25:48.305+0000][1][safepoint    ] Application time: 1.0000767 seconds
[2019-12-08T10:25:48.306+0000][1][safepoint    ] Entering safepoint region: Cleanup
[2019-12-08T10:25:48.306+0000][1][safepoint    ] Leaving safepoint region
[2019-12-08T10:25:48.306+0000][1][safepoint    ] Total time for which application threads were stopped: 0.0000711 seconds, Stopping threads took: 0.0000233 seconds
[2019-12-08T10:25:49.306+0000][1][safepoint    ] Application time: 1.0000754 seconds
[2019-12-08T10:25:49.306+0000][1][safepoint    ] Entering safepoint region: Cleanup
[2019-12-08T10:25:49.306+0000][1][safepoint    ] Leaving safepoint region
[2019-12-08T10:25:49.306+0000][1][safepoint    ] Total time for which application threads were stopped: 0.0000602 seconds, Stopping threads took: 0.0000152 seconds
[2019-12-08T10:25:50.306+0000][1][safepoint    ] Application time: 1.0000761 seconds
[2019-12-08T10:25:50.306+0000][1][safepoint    ] Entering safepoint region: Cleanup
[2019-12-08T10:25:50.306+0000][1][safepoint    ] Leaving safepoint region
[2019-12-08T10:25:50.306+0000][1][safepoint    ] Total time for which application threads were stopped: 0.0000617 seconds, Stopping threads took: 0.0000164 seconds
[2019-12-08T10:25:51.306+0000][1][safepoint    ] Application time: 1.0000757 seconds
[2019-12-08T10:25:51.306+0000][1][safepoint    ] Entering safepoint region: Cleanup
[2019-12-08T10:25:51.306+0000][1][safepoint    ] Leaving safepoint region
[2019-12-08T10:25:51.306+0000][1][safepoint    ] Total time for which application threads were stopped: 0.0000629 seconds, Stopping threads took: 0.0000161 seconds
[2019-12-08T10:25:52.306+0000][1][safepoint    ] Application time: 1.0000751 seconds
[2019-12-08T10:25:52.306+0000][1][safepoint    ] Entering safepoint region: Cleanup
[2019-12-08T10:25:52.306+0000][1][safepoint    ] Leaving safepoint region
[2019-12-08T10:25:52.306+0000][1][safepoint    ] Total time for which application threads were stopped: 0.0000626 seconds, Stopping threads took: 0.0000154 seconds
[2019-12-08T10:25:53.306+0000][1][safepoint    ] Application time: 1.0000794 seconds
[2019-12-08T10:25:53.306+0000][1][safepoint    ] Entering safepoint region: Cleanup
[2019-12-08T10:25:53.306+0000][1][safepoint    ] Leaving safepoint region
[2019-12-08T10:25:53.306+0000][1][safepoint    ] Total time for which application threads were stopped: 0.0000706 seconds, Stopping threads took: 0.0000207 seconds
[2019-12-08T10:25:54.307+0000][1][safepoint    ] Application time: 1.0000757 seconds
[2019-12-08T10:25:54.307+0000][1][safepoint    ] Entering safepoint region: Cleanup
[2019-12-08T10:25:54.307+0000][1][safepoint    ] Leaving safepoint region
[2019-12-08T10:25:54.307+0000][1][safepoint    ] Total time for which application threads were stopped: 0.0000603 seconds, Stopping threads took: 0.0000150 seconds
[2019-12-08T10:25:55.307+0000][1][safepoint    ] Application time: 1.0000826 seconds
[2019-12-08T10:25:55.307+0000][1][safepoint    ] Entering safepoint region: Cleanup
[2019-12-08T10:25:55.307+0000][1][safepoint    ] Leaving safepoint region
[2019-12-08T10:25:55.307+0000][1][safepoint    ] Total time for which application threads were stopped: 0.0000705 seconds, Stopping threads took: 0.0000247 seconds
[2019-12-08T10:25:57.272+0000][1][safepoint    ] Application time: 1.9649862 seconds
[2019-12-08T10:25:57.272+0000][1][safepoint    ] Entering safepoint region: Cleanup
[2019-12-08T10:25:57.272+0000][1][safepoint    ] Leaving safepoint region
[2019-12-08T10:25:57.272+0000][1][safepoint    ] Total time for which application threads were stopped: 0.0000587 seconds, Stopping threads took: 0.0000150 seconds
[2019-12-08T10:25:58.272+0000][1][safepoint    ] Application time: 1.0000751 seconds
[2019-12-08T10:25:58.272+0000][1][safepoint    ] Entering safepoint region: Cleanup
[2019-12-08T10:25:58.272+0000][1][safepoint    ] Leaving safepoint region
[2019-12-08T10:25:58.272+0000][1][safepoint    ] Total time for which application threads were stopped: 0.0000626 seconds, Stopping threads took: 0.0000159 seconds
[2019-12-08T10:25:59.272+0000][1][safepoint    ] Application time: 1.0000735 seconds
[2019-12-08T10:25:59.272+0000][1][safepoint    ] Entering safepoint region: Cleanup
[2019-12-08T10:25:59.272+0000][1][safepoint    ] Leaving safepoint region
[2019-12-08T10:25:59.272+0000][1][safepoint    ] Total time for which application threads were stopped: 0.0000607 seconds, Stopping threads took: 0.0000148 seconds
[2019-12-08T10:26:00.272+0000][1][safepoint    ] Application time: 1.0000739 seconds
[2019-12-08T10:26:00.272+0000][1][safepoint    ] Entering safepoint region: Cleanup
[2019-12-08T10:26:00.272+0000][1][safepoint    ] Leaving safepoint region
[2019-12-08T10:26:00.272+0000][1][safepoint    ] Total time for which application threads were stopped: 0.0000642 seconds, Stopping threads took: 0.0000160 seconds
[2019-12-08T10:26:01.273+0000][1][safepoint    ] Application time: 1.0000731 seconds
[2019-12-08T10:26:01.273+0000][1][safepoint    ] Entering safepoint region: Cleanup
[2019-12-08T10:26:01.273+0000][1][safepoint    ] Leaving safepoint region
[2019-12-08T10:26:01.273+0000][1][safepoint    ] Total time for which application threads were stopped: 0.0000616 seconds, Stopping threads took: 0.0000160 seconds
[2019-12-08T10:26:02.273+0000][1][safepoint    ] Application time: 1.0000744 seconds
[2019-12-08T10:26:02.273+0000][1][safepoint    ] Entering safepoint region: Cleanup
[2019-12-08T10:26:02.273+0000][1][safepoint    ] Leaving safepoint region
[2019-12-08T10:26:02.273+0000][1][safepoint    ] Total time for which application threads were stopped: 0.0000645 seconds, Stopping threads took: 0.0000170 seconds
[2019-12-08T10:26:03.273+0000][1][safepoint    ] Application time: 1.0000771 seconds
[2019-12-08T10:26:03.273+0000][1][safepoint    ] Entering safepoint region: Cleanup
[2019-12-08T10:26:03.273+0000][1][safepoint    ] Leaving safepoint region
[2019-12-08T10:26:03.273+0000][1][safepoint    ] Total time for which application threads were stopped: 0.0000651 seconds, Stopping threads took: 0.0000166 seconds
[2019-12-08T10:26:04.273+0000][1][safepoint    ] Application time: 1.0000764 seconds
[2019-12-08T10:26:04.273+0000][1][safepoint    ] Entering safepoint region: Cleanup
[2019-12-08T10:26:04.273+0000][1][safepoint    ] Leaving safepoint region
[2019-12-08T10:26:04.273+0000][1][safepoint    ] Total time for which application threads were stopped: 0.0000654 seconds, Stopping threads took: 0.0000163 seconds
[2019-12-08T10:26:05.273+0000][1][safepoint    ] Application time: 1.0000764 seconds
[2019-12-08T10:26:05.273+0000][1][safepoint    ] Entering safepoint region: Cleanup
[2019-12-08T10:26:05.273+0000][1][safepoint    ] Leaving safepoint region
[2019-12-08T10:26:05.273+0000][1][safepoint    ] Total time for which application threads were stopped: 0.0000643 seconds, Stopping threads took: 0.0000168 seconds
[2019-12-08T10:26:06.273+0000][1][safepoint    ] Application time: 1.0000766 seconds
[2019-12-08T10:26:06.274+0000][1][safepoint    ] Entering safepoint region: Cleanup
[2019-12-08T10:26:06.274+0000][1][safepoint    ] Leaving safepoint region
[2019-12-08T10:26:06.274+0000][1][safepoint    ] Total time for which application threads were stopped: 0.0000654 seconds, Stopping threads took: 0.0000160 seconds
[2019-12-08T10:26:07.274+0000][1][safepoint    ] Application time: 1.0000770 seconds
[2019-12-08T10:26:07.274+0000][1][safepoint    ] Entering safepoint region: Cleanup
[2019-12-08T10:26:07.274+0000][1][safepoint    ] Leaving safepoint region
[2019-12-08T10:26:07.274+0000][1][safepoint    ] Total time for which application threads were stopped: 0.0000655 seconds, Stopping threads took: 0.0000167 seconds
[2019-12-08T10:26:08.274+0000][1][safepoint    ] Application time: 1.0000843 seconds
[2019-12-08T10:26:08.274+0000][1][safepoint    ] Entering safepoint region: Cleanup
[2019-12-08T10:26:08.274+0000][1][safepoint    ] Leaving safepoint region
[2019-12-08T10:26:08.274+0000][1][safepoint    ] Total time for which application threads were stopped: 0.0000875 seconds, Stopping threads took: 0.0000229 seconds
[2019-12-08T10:26:09.274+0000][1][safepoint    ] Application time: 1.0000780 seconds
[2019-12-08T10:26:09.274+0000][1][safepoint    ] Entering safepoint region: Cleanup
[2019-12-08T10:26:09.274+0000][1][safepoint    ] Leaving safepoint region
[2019-12-08T10:26:09.274+0000][1][safepoint    ] Total time for which application threads were stopped: 0.0000650 seconds, Stopping threads took: 0.0000148 seconds
[2019-12-08T10:26:10.274+0000][1][safepoint    ] Application time: 1.0000801 seconds
[2019-12-08T10:26:10.274+0000][1][safepoint    ] Entering safepoint region: Cleanup
[2019-12-08T10:26:10.274+0000][1][safepoint    ] Leaving safepoint region
[2019-12-08T10:26:10.274+0000][1][safepoint    ] Total time for which application threads were stopped: 0.0000624 seconds, Stopping threads took: 0.0000153 seconds
[2019-12-08T10:26:11.274+0000][1][safepoint    ] Application time: 1.0000742 seconds
[2019-12-08T10:26:11.274+0000][1][safepoint    ] Entering safepoint region: Cleanup
[2019-12-08T10:26:11.275+0000][1][safepoint    ] Leaving safepoint region
[2019-12-08T10:26:11.275+0000][1][safepoint    ] Total time for which application threads were stopped: 0.0000638 seconds, Stopping threads took: 0.0000160 seconds
[2019-12-08T10:26:12.275+0000][1][safepoint    ] Application time: 1.0000759 seconds
[2019-12-08T10:26:12.275+0000][1][safepoint    ] Entering safepoint region: Cleanup
[2019-12-08T10:26:12.275+0000][1][safepoint    ] Leaving safepoint region
[2019-12-08T10:26:12.275+0000][1][safepoint    ] Total time for which application threads were stopped: 0.0000711 seconds, Stopping threads took: 0.0000262 seconds
[2019-12-08T10:26:13.275+0000][1][safepoint    ] Application time: 1.0000771 seconds
[2019-12-08T10:26:13.275+0000][1][safepoint    ] Entering safepoint region: Cleanup
[2019-12-08T10:26:13.275+0000][1][safepoint    ] Leaving safepoint region
[2019-12-08T10:26:13.275+0000][1][safepoint    ] Total time for which application threads were stopped: 0.0000744 seconds, Stopping threads took: 0.0000262 seconds
[2019-12-08T10:26:14.275+0000][1][safepoint    ] Application time: 1.0000752 seconds
[2019-12-08T10:26:14.275+0000][1][safepoint    ] Entering safepoint region: Cleanup
[2019-12-08T10:26:14.275+0000][1][safepoint    ] Leaving safepoint region
[2019-12-08T10:26:14.275+0000][1][safepoint    ] Total time for which application threads were stopped: 0.0000707 seconds, Stopping threads took: 0.0000162 seconds
[2019-12-08T10:26:15.275+0000][1][safepoint    ] Application time: 1.0000785 seconds
[2019-12-08T10:26:15.275+0000][1][safepoint    ] Entering safepoint region: Cleanup
[2019-12-08T10:26:15.275+0000][1][safepoint    ] Leaving safepoint region
[2019-12-08T10:26:15.275+0000][1][safepoint    ] Total time for which application threads were stopped: 0.0000667 seconds, Stopping threads took: 0.0000176 seconds
[2019-12-08T10:26:16.275+0000][1][safepoint    ] Application time: 1.0000783 seconds
[2019-12-08T10:26:16.275+0000][1][safepoint    ] Entering safepoint region: Cleanup
[2019-12-08T10:26:16.275+0000][1][safepoint    ] Leaving safepoint region
[2019-12-08T10:26:16.275+0000][1][safepoint    ] Total time for which application threads were stopped: 0.0000639 seconds, Stopping threads took: 0.0000159 seconds
[2019-12-08T10:26:17.276+0000][1][safepoint    ] Application time: 1.0000777 seconds
[2019-12-08T10:26:17.276+0000][1][safepoint    ] Entering safepoint region: Cleanup
[2019-12-08T10:26:17.276+0000][1][safepoint    ] Leaving safepoint region
[2019-12-08T10:26:17.276+0000][1][safepoint    ] Total time for which application threads were stopped: 0.0000609 seconds, Stopping threads took: 0.0000160 seconds
[2019-12-08T10:26:18.276+0000][1][safepoint    ] Application time: 1.0000787 seconds
[2019-12-08T10:26:18.276+0000][1][safepoint    ] Entering safepoint region: Cleanup
[2019-12-08T10:26:18.276+0000][1][safepoint    ] Leaving safepoint region
[2019-12-08T10:26:18.276+0000][1][safepoint    ] Total time for which application threads were stopped: 0.0000616 seconds, Stopping threads took: 0.0000162 seconds
[2019-12-08T10:26:19.276+0000][1][safepoint    ] Application time: 1.0000758 seconds
[2019-12-08T10:26:19.276+0000][1][safepoint    ] Entering safepoint region: Cleanup
[2019-12-08T10:26:19.276+0000][1][safepoint    ] Leaving safepoint region
[2019-12-08T10:26:19.276+0000][1][safepoint    ] Total time for which application threads were stopped: 0.0000631 seconds, Stopping threads took: 0.0000167 seconds
[2019-12-08T10:26:20.276+0000][1][safepoint    ] Application time: 1.0000805 seconds
[2019-12-08T10:26:20.276+0000][1][safepoint    ] Entering safepoint region: Cleanup
[2019-12-08T10:26:20.276+0000][1][safepoint    ] Leaving safepoint region
[2019-12-08T10:26:20.276+0000][1][safepoint    ] Total time for which application threads were stopped: 0.0000621 seconds, Stopping threads took: 0.0000159 seconds
[2019-12-08T10:26:21.338+0000][1][safepoint    ] Application time: 1.0621070 seconds
[2019-12-08T10:26:21.338+0000][1][safepoint    ] Entering safepoint region: Cleanup
[2019-12-08T10:26:21.338+0000][1][safepoint    ] Leaving safepoint region
[2019-12-08T10:26:21.338+0000][1][safepoint    ] Total time for which application threads were stopped: 0.0000580 seconds, Stopping threads took: 0.0000141 seconds
[2019-12-08T10:26:22.338+0000][1][safepoint    ] Application time: 1.0000755 seconds
[2019-12-08T10:26:22.339+0000][1][safepoint    ] Entering safepoint region: Cleanup
[2019-12-08T10:26:22.339+0000][1][safepoint    ] Leaving safepoint region
[2019-12-08T10:26:22.339+0000][1][safepoint    ] Total time for which application threads were stopped: 0.0000643 seconds, Stopping threads took: 0.0000165 seconds
[2019-12-08T10:26:23.339+0000][1][safepoint    ] Application time: 1.0005404 seconds
[2019-12-08T10:26:23.339+0000][1][safepoint    ] Entering safepoint region: Cleanup
[2019-12-08T10:26:23.339+0000][1][safepoint    ] Leaving safepoint region
[2019-12-08T10:26:23.339+0000][1][safepoint    ] Total time for which application threads were stopped: 0.0000777 seconds, Stopping threads took: 0.0000285 seconds
[2019-12-08T10:26:24.339+0000][1][safepoint    ] Application time: 1.0000780 seconds
[2019-12-08T10:26:24.339+0000][1][safepoint    ] Entering safepoint region: Cleanup
[2019-12-08T10:26:24.339+0000][1][safepoint    ] Leaving safepoint region
[2019-12-08T10:26:24.339+0000][1][safepoint    ] Total time for which application threads were stopped: 0.0000600 seconds, Stopping threads took: 0.0000149 seconds
[2019-12-08T10:26:25.340+0000][1][safepoint    ] Application time: 1.0000820 seconds
[2019-12-08T10:26:25.340+0000][1][safepoint    ] Entering safepoint region: Cleanup
[2019-12-08T10:26:25.340+0000][1][safepoint    ] Leaving safepoint region
[2019-12-08T10:26:25.340+0000][1][safepoint    ] Total time for which application threads were stopped: 0.0000610 seconds, Stopping threads took: 0.0000152 seconds
[2019-12-08T10:26:26.340+0000][1][safepoint    ] Application time: 1.0000922 seconds
[2019-12-08T10:26:26.340+0000][1][safepoint    ] Entering safepoint region: Cleanup
[2019-12-08T10:26:26.340+0000][1][safepoint    ] Leaving safepoint region
[2019-12-08T10:26:26.340+0000][1][safepoint    ] Total time for which application threads were stopped: 0.0000624 seconds, Stopping threads took: 0.0000167 seconds
[2019-12-08T10:26:27.340+0000][1][safepoint    ] Application time: 1.0000791 seconds
[2019-12-08T10:26:27.340+0000][1][safepoint    ] Entering safepoint region: Cleanup
[2019-12-08T10:26:27.340+0000][1][safepoint    ] Leaving safepoint region
[2019-12-08T10:26:27.340+0000][1][safepoint    ] Total time for which application threads were stopped: 0.0000607 seconds, Stopping threads took: 0.0000152 seconds
[2019-12-08T10:26:28.340+0000][1][safepoint    ] Application time: 1.0000798 seconds
[2019-12-08T10:26:28.340+0000][1][safepoint    ] Entering safepoint region: Cleanup
[2019-12-08T10:26:28.340+0000][1][safepoint    ] Leaving safepoint region
[2019-12-08T10:26:28.340+0000][1][safepoint    ] Total time for which application threads were stopped: 0.0000691 seconds, Stopping threads took: 0.0000212 seconds
[2019-12-08T10:26:29.340+0000][1][safepoint    ] Application time: 1.0000801 seconds
[2019-12-08T10:26:29.340+0000][1][safepoint    ] Entering safepoint region: Cleanup
[2019-12-08T10:26:29.340+0000][1][safepoint    ] Leaving safepoint region
[2019-12-08T10:26:29.340+0000][1][safepoint    ] Total time for which application threads were stopped: 0.0000638 seconds, Stopping threads took: 0.0000188 seconds
[2019-12-08T10:26:30.340+0000][1][safepoint    ] Application time: 1.0000790 seconds
[2019-12-08T10:26:30.340+0000][1][safepoint    ] Entering safepoint region: Cleanup
[2019-12-08T10:26:30.341+0000][1][safepoint    ] Leaving safepoint region
[2019-12-08T10:26:30.341+0000][1][safepoint    ] Total time for which application threads were stopped: 0.0000596 seconds, Stopping threads took: 0.0000161 seconds
[2019-12-08T10:26:31.341+0000][1][safepoint    ] Application time: 1.0000802 seconds
[2019-12-08T10:26:31.341+0000][1][safepoint    ] Entering safepoint region: Cleanup
[2019-12-08T10:26:31.341+0000][1][safepoint    ] Leaving safepoint region
[2019-12-08T10:26:31.341+0000][1][safepoint    ] Total time for which application threads were stopped: 0.0000782 seconds, Stopping threads took: 0.0000159 seconds
[2019-12-08T10:26:32.341+0000][1][safepoint    ] Application time: 1.0000784 seconds
[2019-12-08T10:26:32.341+0000][1][safepoint    ] Entering safepoint region: Cleanup
[2019-12-08T10:26:32.341+0000][1][safepoint    ] Leaving safepoint region
[2019-12-08T10:26:32.341+0000][1][safepoint    ] Total time for which application threads were stopped: 0.0000609 seconds, Stopping threads took: 0.0000161 seconds
[2019-12-08T10:26:33.341+0000][1][safepoint    ] Application time: 1.0000807 seconds
[2019-12-08T10:26:33.341+0000][1][safepoint    ] Entering safepoint region: Cleanup
[2019-12-08T10:26:33.341+0000][1][safepoint    ] Leaving safepoint region
[2019-12-08T10:26:33.341+0000][1][safepoint    ] Total time for which application threads were stopped: 0.0000780 seconds, Stopping threads took: 0.0000313 seconds
[2019-12-08T10:26:34.341+0000][1][safepoint    ] Application time: 1.0000785 seconds
[2019-12-08T10:26:34.341+0000][1][safepoint    ] Entering safepoint region: Cleanup
[2019-12-08T10:26:34.341+0000][1][safepoint    ] Leaving safepoint region
[2019-12-08T10:26:34.341+0000][1][safepoint    ] Total time for which application threads were stopped: 0.0000643 seconds, Stopping threads took: 0.0000164 seconds
[2019-12-08T10:26:35.341+0000][1][safepoint    ] Application time: 1.0000792 seconds
[2019-12-08T10:26:35.341+0000][1][safepoint    ] Entering safepoint region: Cleanup
[2019-12-08T10:26:35.341+0000][1][safepoint    ] Leaving safepoint region
[2019-12-08T10:26:35.341+0000][1][safepoint    ] Total time for which application threads were stopped: 0.0000632 seconds, Stopping threads took: 0.0000164 seconds
[2019-12-08T10:26:36.342+0000][1][safepoint    ] Application time: 1.0000785 seconds
[2019-12-08T10:26:36.342+0000][1][safepoint    ] Entering safepoint region: Cleanup
[2019-12-08T10:26:36.342+0000][1][safepoint    ] Leaving safepoint region
[2019-12-08T10:26:36.342+0000][1][safepoint    ] Total time for which application threads were stopped: 0.0000633 seconds, Stopping threads took: 0.0000167 seconds
[2019-12-08T10:26:37.342+0000][1][safepoint    ] Application time: 1.0000804 seconds
[2019-12-08T10:26:37.342+0000][1][safepoint    ] Entering safepoint region: Cleanup
[2019-12-08T10:26:37.342+0000][1][safepoint    ] Leaving safepoint region
[2019-12-08T10:26:37.342+0000][1][safepoint    ] Total time for which application threads were stopped: 0.0000618 seconds, Stopping threads took: 0.0000149 seconds
[2019-12-08T10:26:38.342+0000][1][safepoint    ] Application time: 1.0000803 seconds
[2019-12-08T10:26:38.342+0000][1][safepoint    ] Entering safepoint region: Cleanup
[2019-12-08T10:26:38.342+0000][1][safepoint    ] Leaving safepoint region
[2019-12-08T10:26:38.342+0000][1][safepoint    ] Total time for which application threads were stopped: 0.0000800 seconds, Stopping threads took: 0.0000222 seconds
[2019-12-08T10:26:40.337+0000][1][safepoint    ] Application time: 1.9951056 seconds
[2019-12-08T10:26:40.337+0000][1][safepoint    ] Entering safepoint region: Cleanup
[2019-12-08T10:26:40.337+0000][1][safepoint    ] Leaving safepoint region
[2019-12-08T10:26:40.337+0000][1][safepoint    ] Total time for which application threads were stopped: 0.0000612 seconds, Stopping threads took: 0.0000146 seconds
[2019-12-08T10:26:41.337+0000][1][safepoint    ] Application time: 1.0000770 seconds
[2019-12-08T10:26:41.337+0000][1][safepoint    ] Entering safepoint region: Cleanup
[2019-12-08T10:26:41.337+0000][1][safepoint    ] Leaving safepoint region
[2019-12-08T10:26:41.337+0000][1][safepoint    ] Total time for which application threads were stopped: 0.0000644 seconds, Stopping threads took: 0.0000170 seconds
[2019-12-08T10:26:42.338+0000][1][safepoint    ] Application time: 1.0000767 seconds
[2019-12-08T10:26:42.338+0000][1][safepoint    ] Entering safepoint region: Cleanup
[2019-12-08T10:26:42.338+0000][1][safepoint    ] Leaving safepoint region
[2019-12-08T10:26:42.338+0000][1][safepoint    ] Total time for which application threads were stopped: 0.0000619 seconds, Stopping threads took: 0.0000161 seconds
[2019-12-08T10:26:43.338+0000][1][safepoint    ] Application time: 1.0000776 seconds
[2019-12-08T10:26:43.338+0000][1][safepoint    ] Entering safepoint region: Cleanup
[2019-12-08T10:26:43.338+0000][1][safepoint    ] Leaving safepoint region
[2019-12-08T10:26:43.338+0000][1][safepoint    ] Total time for which application threads were stopped: 0.0000972 seconds, Stopping threads took: 0.0000443 seconds
[2019-12-08T10:26:44.338+0000][1][safepoint    ] Application time: 1.0000845 seconds
[2019-12-08T10:26:44.338+0000][1][safepoint    ] Entering safepoint region: Cleanup
[2019-12-08T10:26:44.338+0000][1][safepoint    ] Leaving safepoint region
[2019-12-08T10:26:44.338+0000][1][safepoint    ] Total time for which application threads were stopped: 0.0000738 seconds, Stopping threads took: 0.0000149 seconds
[2019-12-08T10:26:45.338+0000][1][safepoint    ] Application time: 1.0000840 seconds
[2019-12-08T10:26:45.338+0000][1][safepoint    ] Entering safepoint region: Cleanup
[2019-12-08T10:26:45.338+0000][1][safepoint    ] Leaving safepoint region
[2019-12-08T10:26:45.338+0000][1][safepoint    ] Total time for which application threads were stopped: 0.0000596 seconds, Stopping threads took: 0.0000159 seconds
[2019-12-08T10:26:46.338+0000][1][safepoint    ] Application time: 1.0000846 seconds
[2019-12-08T10:26:46.338+0000][1][safepoint    ] Entering safepoint region: Cleanup
[2019-12-08T10:26:46.338+0000][1][safepoint    ] Leaving safepoint region
[2019-12-08T10:26:46.338+0000][1][safepoint    ] Total time for which application threads were stopped: 0.0000644 seconds, Stopping threads took: 0.0000169 seconds
[2019-12-08T10:26:47.338+0000][1][safepoint    ] Application time: 1.0000771 seconds
[2019-12-08T10:26:47.338+0000][1][safepoint    ] Entering safepoint region: Cleanup
[2019-12-08T10:26:47.339+0000][1][safepoint    ] Leaving safepoint region
[2019-12-08T10:26:47.339+0000][1][safepoint    ] Total time for which application threads were stopped: 0.0000625 seconds, Stopping threads took: 0.0000165 seconds
[2019-12-08T10:26:48.339+0000][1][safepoint    ] Application time: 1.0000776 seconds
[2019-12-08T10:26:48.339+0000][1][safepoint    ] Entering safepoint region: Cleanup
[2019-12-08T10:26:48.339+0000][1][safepoint    ] Leaving safepoint region
[2019-12-08T10:26:48.339+0000][1][safepoint    ] Total time for which application threads were stopped: 0.0000784 seconds, Stopping threads took: 0.0000317 seconds
[2019-12-08T10:26:49.339+0000][1][safepoint    ] Application time: 1.0000777 seconds
[2019-12-08T10:26:49.339+0000][1][safepoint    ] Entering safepoint region: Cleanup
[2019-12-08T10:26:49.339+0000][1][safepoint    ] Leaving safepoint region
[2019-12-08T10:26:49.339+0000][1][safepoint    ] Total time for which application threads were stopped: 0.0000613 seconds, Stopping threads took: 0.0000163 seconds
[2019-12-08T10:26:50.339+0000][1][safepoint    ] Application time: 1.0000781 seconds
[2019-12-08T10:26:50.339+0000][1][safepoint    ] Entering safepoint region: Cleanup
[2019-12-08T10:26:50.339+0000][1][safepoint    ] Leaving safepoint region
[2019-12-08T10:26:50.339+0000][1][safepoint    ] Total time for which application threads were stopped: 0.0000633 seconds, Stopping threads took: 0.0000163 seconds
[2019-12-08T10:26:51.339+0000][1][safepoint    ] Application time: 1.0000759 seconds
[2019-12-08T10:26:51.339+0000][1][safepoint    ] Entering safepoint region: Cleanup
[2019-12-08T10:26:51.339+0000][1][safepoint    ] Leaving safepoint region
[2019-12-08T10:26:51.339+0000][1][safepoint    ] Total time for which application threads were stopped: 0.0000611 seconds, Stopping threads took: 0.0000155 seconds
[2019-12-08T10:26:52.339+0000][1][safepoint    ] Application time: 1.0000777 seconds
[2019-12-08T10:26:52.339+0000][1][safepoint    ] Entering safepoint region: Cleanup
[2019-12-08T10:26:52.339+0000][1][safepoint    ] Leaving safepoint region
[2019-12-08T10:26:52.339+0000][1][safepoint    ] Total time for which application threads were stopped: 0.0000631 seconds, Stopping threads took: 0.0000157 seconds
[2019-12-08T10:26:53.340+0000][1][safepoint    ] Application time: 1.0000813 seconds
[2019-12-08T10:26:53.340+0000][1][safepoint    ] Entering safepoint region: Cleanup
[2019-12-08T10:26:53.340+0000][1][safepoint    ] Leaving safepoint region
[2019-12-08T10:26:53.340+0000][1][safepoint    ] Total time for which application threads were stopped: 0.0000733 seconds, Stopping threads took: 0.0000182 seconds
[2019-12-08T10:26:54.340+0000][1][safepoint    ] Application time: 1.0000753 seconds
[2019-12-08T10:26:54.340+0000][1][safepoint    ] Entering safepoint region: Cleanup
[2019-12-08T10:26:54.340+0000][1][safepoint    ] Leaving safepoint region
[2019-12-08T10:26:54.340+0000][1][safepoint    ] Total time for which application threads were stopped: 0.0000680 seconds, Stopping threads took: 0.0000157 seconds
[2019-12-08T10:26:55.340+0000][1][safepoint    ] Application time: 1.0000772 seconds
[2019-12-08T10:26:55.340+0000][1][safepoint    ] Entering safepoint region: Cleanup
[2019-12-08T10:26:55.340+0000][1][safepoint    ] Leaving safepoint region
[2019-12-08T10:26:55.340+0000][1][safepoint    ] Total time for which application threads were stopped: 0.0000640 seconds, Stopping threads took: 0.0000172 seconds
[2019-12-08T10:26:56.340+0000][1][safepoint    ] Application time: 1.0000765 seconds
[2019-12-08T10:26:56.340+0000][1][safepoint    ] Entering safepoint region: Cleanup
[2019-12-08T10:26:56.340+0000][1][safepoint    ] Leaving safepoint region
[2019-12-08T10:26:56.340+0000][1][safepoint    ] Total time for which application threads were stopped: 0.0000865 seconds, Stopping threads took: 0.0000206 seconds
[2019-12-08T10:26:57.340+0000][1][safepoint    ] Application time: 1.0000813 seconds
[2019-12-08T10:26:57.340+0000][1][safepoint    ] Entering safepoint region: Cleanup
[2019-12-08T10:26:57.340+0000][1][safepoint    ] Leaving safepoint region
[2019-12-08T10:26:57.340+0000][1][safepoint    ] Total time for which application threads were stopped: 0.0000599 seconds, Stopping threads took: 0.0000162 seconds
[2019-12-08T10:26:58.340+0000][1][safepoint    ] Application time: 1.0000851 seconds
[2019-12-08T10:26:58.340+0000][1][safepoint    ] Entering safepoint region: Cleanup
[2019-12-08T10:26:58.341+0000][1][safepoint    ] Leaving safepoint region
[2019-12-08T10:26:58.341+0000][1][safepoint    ] Total time for which application threads were stopped: 0.0000667 seconds, Stopping threads took: 0.0000176 seconds
[2019-12-08T10:26:59.341+0000][1][safepoint    ] Application time: 1.0000810 seconds
[2019-12-08T10:26:59.341+0000][1][safepoint    ] Entering safepoint region: Cleanup
[2019-12-08T10:26:59.341+0000][1][safepoint    ] Leaving safepoint region
[2019-12-08T10:26:59.341+0000][1][safepoint    ] Total time for which application threads were stopped: 0.0000766 seconds, Stopping threads took: 0.0000269 seconds
[2019-12-08T10:27:00.341+0000][1][safepoint    ] Application time: 1.0000790 seconds
[2019-12-08T10:27:00.341+0000][1][safepoint    ] Entering safepoint region: Cleanup
[2019-12-08T10:27:00.341+0000][1][safepoint    ] Leaving safepoint region
[2019-12-08T10:27:00.341+0000][1][safepoint    ] Total time for which application threads were stopped: 0.0000629 seconds, Stopping threads took: 0.0000166 seconds
[2019-12-08T10:27:01.341+0000][1][safepoint    ] Application time: 1.0000800 seconds
[2019-12-08T10:27:01.341+0000][1][safepoint    ] Entering safepoint region: Cleanup
[2019-12-08T10:27:01.341+0000][1][safepoint    ] Leaving safepoint region
[2019-12-08T10:27:01.341+0000][1][safepoint    ] Total time for which application threads were stopped: 0.0000682 seconds, Stopping threads took: 0.0000186 seconds
[2019-12-08T10:27:02.341+0000][1][safepoint    ] Application time: 1.0000780 seconds
[2019-12-08T10:27:02.341+0000][1][safepoint    ] Entering safepoint region: Cleanup
[2019-12-08T10:27:02.341+0000][1][safepoint    ] Leaving safepoint region
[2019-12-08T10:27:02.341+0000][1][safepoint    ] Total time for which application threads were stopped: 0.0000641 seconds, Stopping threads took: 0.0000170 seconds
[2019-12-08T10:27:03.341+0000][1][safepoint    ] Application time: 1.0000793 seconds
[2019-12-08T10:27:03.341+0000][1][safepoint    ] Entering safepoint region: Cleanup
[2019-12-08T10:27:03.341+0000][1][safepoint    ] Leaving safepoint region
[2019-12-08T10:27:03.341+0000][1][safepoint    ] Total time for which application threads were stopped: 0.0000587 seconds, Stopping threads took: 0.0000149 seconds
[2019-12-08T10:27:04.342+0000][1][safepoint    ] Application time: 1.0000834 seconds
[2019-12-08T10:27:04.342+0000][1][safepoint    ] Entering safepoint region: Cleanup
[2019-12-08T10:27:04.342+0000][1][safepoint    ] Leaving safepoint region
[2019-12-08T10:27:04.342+0000][1][safepoint    ] Total time for which application threads were stopped: 0.0000737 seconds, Stopping threads took: 0.0000177 seconds
[2019-12-08T10:27:05.342+0000][1][safepoint    ] Application time: 1.0000806 seconds
[2019-12-08T10:27:05.342+0000][1][safepoint    ] Entering safepoint region: Cleanup
[2019-12-08T10:27:05.342+0000][1][safepoint    ] Leaving safepoint region
[2019-12-08T10:27:05.342+0000][1][safepoint    ] Total time for which application threads were stopped: 0.0000595 seconds, Stopping threads took: 0.0000157 seconds
[2019-12-08T10:27:06.342+0000][1][safepoint    ] Application time: 1.0000774 seconds
[2019-12-08T10:27:06.342+0000][1][safepoint    ] Entering safepoint region: Cleanup
[2019-12-08T10:27:06.342+0000][1][safepoint    ] Leaving safepoint region
[2019-12-08T10:27:06.342+0000][1][safepoint    ] Total time for which application threads were stopped: 0.0000592 seconds, Stopping threads took: 0.0000148 seconds
[2019-12-08T10:27:07.342+0000][1][safepoint    ] Application time: 1.0000778 seconds
[2019-12-08T10:27:07.342+0000][1][safepoint    ] Entering safepoint region: Cleanup
[2019-12-08T10:27:07.342+0000][1][safepoint    ] Leaving safepoint region
[2019-12-08T10:27:07.342+0000][1][safepoint    ] Total time for which application threads were stopped: 0.0000619 seconds, Stopping threads took: 0.0000154 seconds
[2019-12-08T10:27:08.342+0000][1][safepoint    ] Application time: 1.0000787 seconds
[2019-12-08T10:27:08.342+0000][1][safepoint    ] Entering safepoint region: Cleanup
[2019-12-08T10:27:08.342+0000][1][safepoint    ] Leaving safepoint region
[2019-12-08T10:27:08.342+0000][1][safepoint    ] Total time for which application threads were stopped: 0.0000663 seconds, Stopping threads took: 0.0000170 seconds
[2019-12-08T10:27:09.342+0000][1][safepoint    ] Application time: 1.0000801 seconds
[2019-12-08T10:27:09.342+0000][1][safepoint    ] Entering safepoint region: Cleanup
[2019-12-08T10:27:09.343+0000][1][safepoint    ] Leaving safepoint region
[2019-12-08T10:27:09.343+0000][1][safepoint    ] Total time for which application threads were stopped: 0.0000650 seconds, Stopping threads took: 0.0000168 seconds
[2019-12-08T10:27:10.343+0000][1][safepoint    ] Application time: 1.0000910 seconds
[2019-12-08T10:27:10.343+0000][1][safepoint    ] Entering safepoint region: Cleanup
[2019-12-08T10:27:10.343+0000][1][safepoint    ] Leaving safepoint region
[2019-12-08T10:27:10.343+0000][1][safepoint    ] Total time for which application threads were stopped: 0.0000822 seconds, Stopping threads took: 0.0000176 seconds
[2019-12-08T10:27:11.343+0000][1][safepoint    ] Application time: 1.0000791 seconds
[2019-12-08T10:27:11.343+0000][1][safepoint    ] Entering safepoint region: Cleanup
[2019-12-08T10:27:11.343+0000][1][safepoint    ] Leaving safepoint region
[2019-12-08T10:27:11.343+0000][1][safepoint    ] Total time for which application threads were stopped: 0.0000593 seconds, Stopping threads took: 0.0000154 seconds
[2019-12-08T10:27:12.343+0000][1][safepoint    ] Application time: 1.0000776 seconds
[2019-12-08T10:27:12.343+0000][1][safepoint    ] Entering safepoint region: Cleanup
[2019-12-08T10:27:12.343+0000][1][safepoint    ] Leaving safepoint region
[2019-12-08T10:27:12.343+0000][1][safepoint    ] Total time for which application threads were stopped: 0.0000583 seconds, Stopping threads took: 0.0000148 seconds
[2019-12-08T10:27:13.343+0000][1][safepoint    ] Application time: 1.0000815 seconds
[2019-12-08T10:27:13.343+0000][1][safepoint    ] Entering safepoint region: Cleanup
[2019-12-08T10:27:13.343+0000][1][safepoint    ] Leaving safepoint region
[2019-12-08T10:27:13.343+0000][1][safepoint    ] Total time for which application threads were stopped: 0.0000615 seconds, Stopping threads took: 0.0000151 seconds
[2019-12-08T10:27:14.343+0000][1][safepoint    ] Application time: 1.0000775 seconds
[2019-12-08T10:27:14.343+0000][1][safepoint    ] Entering safepoint region: Cleanup
[2019-12-08T10:27:14.343+0000][1][safepoint    ] Leaving safepoint region
[2019-12-08T10:27:14.343+0000][1][safepoint    ] Total time for which application threads were stopped: 0.0000608 seconds, Stopping threads took: 0.0000167 seconds
[2019-12-08T10:27:15.344+0000][1][safepoint    ] Application time: 1.0000748 seconds
[2019-12-08T10:27:15.344+0000][1][safepoint    ] Entering safepoint region: Cleanup
[2019-12-08T10:27:15.344+0000][1][safepoint    ] Leaving safepoint region
[2019-12-08T10:27:15.344+0000][1][safepoint    ] Total time for which application threads were stopped: 0.0000598 seconds, Stopping threads took: 0.0000154 seconds
[2019-12-08T10:27:16.344+0000][1][safepoint    ] Application time: 1.0000767 seconds
[2019-12-08T10:27:16.344+0000][1][safepoint    ] Entering safepoint region: Cleanup
[2019-12-08T10:27:16.344+0000][1][safepoint    ] Leaving safepoint region
[2019-12-08T10:27:16.344+0000][1][safepoint    ] Total time for which application threads were stopped: 0.0000612 seconds, Stopping threads took: 0.0000158 seconds
[2019-12-08T10:27:17.344+0000][1][safepoint    ] Application time: 1.0000782 seconds
[2019-12-08T10:27:17.344+0000][1][safepoint    ] Entering safepoint region: Cleanup
[2019-12-08T10:27:17.344+0000][1][safepoint    ] Leaving safepoint region
[2019-12-08T10:27:17.344+0000][1][safepoint    ] Total time for which application threads were stopped: 0.0000603 seconds, Stopping threads took: 0.0000155 seconds
[2019-12-08T10:27:18.344+0000][1][safepoint    ] Application time: 1.0000809 seconds
[2019-12-08T10:27:18.344+0000][1][safepoint    ] Entering safepoint region: Cleanup
[2019-12-08T10:27:18.344+0000][1][safepoint    ] Leaving safepoint region
[2019-12-08T10:27:18.344+0000][1][safepoint    ] Total time for which application threads were stopped: 0.0000637 seconds, Stopping threads took: 0.0000159 seconds
[2019-12-08T10:27:19.344+0000][1][safepoint    ] Application time: 1.0000771 seconds
[2019-12-08T10:27:19.344+0000][1][safepoint    ] Entering safepoint region: Cleanup
[2019-12-08T10:27:19.344+0000][1][safepoint    ] Leaving safepoint region
[2019-12-08T10:27:19.344+0000][1][safepoint    ] Total time for which application threads were stopped: 0.0000647 seconds, Stopping threads took: 0.0000161 seconds
[2019-12-08T10:27:20.344+0000][1][safepoint    ] Application time: 1.0000754 seconds
[2019-12-08T10:27:20.344+0000][1][safepoint    ] Entering safepoint region: Cleanup
[2019-12-08T10:27:20.344+0000][1][safepoint    ] Leaving safepoint region
[2019-12-08T10:27:20.344+0000][1][safepoint    ] Total time for which application threads were stopped: 0.0000602 seconds, Stopping threads took: 0.0000154 seconds
[2019-12-08T10:27:21.345+0000][1][safepoint    ] Application time: 1.0000763 seconds
[2019-12-08T10:27:21.345+0000][1][safepoint    ] Entering safepoint region: Cleanup
[2019-12-08T10:27:21.345+0000][1][safepoint    ] Leaving safepoint region
[2019-12-08T10:27:21.345+0000][1][safepoint    ] Total time for which application threads were stopped: 0.0000657 seconds, Stopping threads took: 0.0000168 seconds
[2019-12-08T10:27:22.345+0000][1][safepoint    ] Application time: 1.0000794 seconds
[2019-12-08T10:27:22.345+0000][1][safepoint    ] Entering safepoint region: Cleanup
[2019-12-08T10:27:22.345+0000][1][safepoint    ] Leaving safepoint region
[2019-12-08T10:27:22.345+0000][1][safepoint    ] Total time for which application threads were stopped: 0.0000630 seconds, Stopping threads took: 0.0000175 seconds
[2019-12-08T10:27:23.345+0000][1][safepoint    ] Application time: 1.0000790 seconds
[2019-12-08T10:27:23.345+0000][1][safepoint    ] Entering safepoint region: Cleanup
[2019-12-08T10:27:23.345+0000][1][safepoint    ] Leaving safepoint region
[2019-12-08T10:27:23.345+0000][1][safepoint    ] Total time for which application threads were stopped: 0.0000682 seconds, Stopping threads took: 0.0000182 seconds
[2019-12-08T10:27:24.345+0000][1][safepoint    ] Application time: 1.0000788 seconds
[2019-12-08T10:27:24.345+0000][1][safepoint    ] Entering safepoint region: Cleanup
[2019-12-08T10:27:24.345+0000][1][safepoint    ] Leaving safepoint region
[2019-12-08T10:27:24.345+0000][1][safepoint    ] Total time for which application threads were stopped: 0.0000634 seconds, Stopping threads took: 0.0000160 seconds
[2019-12-08T10:27:25.345+0000][1][safepoint    ] Application time: 1.0000892 seconds
[2019-12-08T10:27:25.345+0000][1][safepoint    ] Entering safepoint region: Cleanup
[2019-12-08T10:27:25.345+0000][1][safepoint    ] Leaving safepoint region
[2019-12-08T10:27:25.345+0000][1][safepoint    ] Total time for which application threads were stopped: 0.0000646 seconds, Stopping threads took: 0.0000155 seconds
[2019-12-08T10:27:26.345+0000][1][safepoint    ] Application time: 1.0000950 seconds
[2019-12-08T10:27:26.346+0000][1][safepoint    ] Entering safepoint region: Cleanup
[2019-12-08T10:27:26.346+0000][1][safepoint    ] Leaving safepoint region
[2019-12-08T10:27:26.346+0000][1][safepoint    ] Total time for which application threads were stopped: 0.0000676 seconds, Stopping threads took: 0.0000182 seconds
[2019-12-08T10:27:27.346+0000][1][safepoint    ] Application time: 1.0001050 seconds
[2019-12-08T10:27:27.346+0000][1][safepoint    ] Entering safepoint region: Cleanup
[2019-12-08T10:27:27.346+0000][1][safepoint    ] Leaving safepoint region
[2019-12-08T10:27:27.346+0000][1][safepoint    ] Total time for which application threads were stopped: 0.0000657 seconds, Stopping threads took: 0.0000178 seconds
[2019-12-08T10:27:28.346+0000][1][safepoint    ] Application time: 1.0000924 seconds
[2019-12-08T10:27:28.346+0000][1][safepoint    ] Entering safepoint region: Cleanup
[2019-12-08T10:27:28.346+0000][1][safepoint    ] Leaving safepoint region
[2019-12-08T10:27:28.346+0000][1][safepoint    ] Total time for which application threads were stopped: 0.0000649 seconds, Stopping threads took: 0.0000171 seconds
[2019-12-08T10:27:29.346+0000][1][safepoint    ] Application time: 1.0000756 seconds
[2019-12-08T10:27:29.346+0000][1][safepoint    ] Entering safepoint region: Cleanup
[2019-12-08T10:27:29.346+0000][1][safepoint    ] Leaving safepoint region
[2019-12-08T10:27:29.346+0000][1][safepoint    ] Total time for which application threads were stopped: 0.0000581 seconds, Stopping threads took: 0.0000158 seconds
[2019-12-08T10:27:30.346+0000][1][safepoint    ] Application time: 1.0000759 seconds
[2019-12-08T10:27:30.346+0000][1][safepoint    ] Entering safepoint region: Cleanup
[2019-12-08T10:27:30.346+0000][1][safepoint    ] Leaving safepoint region
[2019-12-08T10:27:30.346+0000][1][safepoint    ] Total time for which application threads were stopped: 0.0000598 seconds, Stopping threads took: 0.0000153 seconds
[2019-12-08T10:27:31.346+0000][1][safepoint    ] Application time: 1.0000762 seconds
[2019-12-08T10:27:31.346+0000][1][safepoint    ] Entering safepoint region: Cleanup
[2019-12-08T10:27:31.347+0000][1][safepoint    ] Leaving safepoint region
[2019-12-08T10:27:31.347+0000][1][safepoint    ] Total time for which application threads were stopped: 0.0000629 seconds, Stopping threads took: 0.0000169 seconds
[2019-12-08T10:27:32.347+0000][1][safepoint    ] Application time: 1.0000754 seconds
[2019-12-08T10:27:32.347+0000][1][safepoint    ] Entering safepoint region: Cleanup
[2019-12-08T10:27:32.347+0000][1][safepoint    ] Leaving safepoint region
[2019-12-08T10:27:32.347+0000][1][safepoint    ] Total time for which application threads were stopped: 0.0000636 seconds, Stopping threads took: 0.0000174 seconds
[2019-12-08T10:27:33.347+0000][1][safepoint    ] Application time: 1.0000758 seconds
[2019-12-08T10:27:33.347+0000][1][safepoint    ] Entering safepoint region: Cleanup
[2019-12-08T10:27:33.347+0000][1][safepoint    ] Leaving safepoint region
[2019-12-08T10:27:33.347+0000][1][safepoint    ] Total time for which application threads were stopped: 0.0000662 seconds, Stopping threads took: 0.0000209 seconds
[2019-12-08T10:27:34.347+0000][1][safepoint    ] Application time: 1.0000769 seconds
[2019-12-08T10:27:34.347+0000][1][safepoint    ] Entering safepoint region: Cleanup
[2019-12-08T10:27:34.347+0000][1][safepoint    ] Leaving safepoint region
[2019-12-08T10:27:34.347+0000][1][safepoint    ] Total time for which application threads were stopped: 0.0000638 seconds, Stopping threads took: 0.0000170 seconds
[2019-12-08T10:27:35.347+0000][1][safepoint    ] Application time: 1.0000766 seconds
[2019-12-08T10:27:35.347+0000][1][safepoint    ] Entering safepoint region: Cleanup
[2019-12-08T10:27:35.347+0000][1][safepoint    ] Leaving safepoint region
[2019-12-08T10:27:35.347+0000][1][safepoint    ] Total time for which application threads were stopped: 0.0000598 seconds, Stopping threads took: 0.0000157 seconds
[2019-12-08T10:27:36.347+0000][1][safepoint    ] Application time: 1.0000753 seconds
[2019-12-08T10:27:36.347+0000][1][safepoint    ] Entering safepoint region: Cleanup
[2019-12-08T10:27:36.347+0000][1][safepoint    ] Leaving safepoint region
[2019-12-08T10:27:36.347+0000][1][safepoint    ] Total time for which application threads were stopped: 0.0000583 seconds, Stopping threads took: 0.0000145 seconds
[2019-12-08T10:27:37.347+0000][1][safepoint    ] Application time: 1.0000851 seconds
[2019-12-08T10:27:37.348+0000][1][safepoint    ] Entering safepoint region: Cleanup
[2019-12-08T10:27:37.348+0000][1][safepoint    ] Leaving safepoint region
[2019-12-08T10:27:37.348+0000][1][safepoint    ] Total time for which application threads were stopped: 0.0000627 seconds, Stopping threads took: 0.0000161 seconds
[2019-12-08T10:27:38.353+0000][1][safepoint    ] Application time: 1.0051312 seconds
[2019-12-08T10:27:38.353+0000][1][safepoint    ] Entering safepoint region: Cleanup
[2019-12-08T10:27:38.353+0000][1][safepoint    ] Leaving safepoint region
[2019-12-08T10:27:38.353+0000][1][safepoint    ] Total time for which application threads were stopped: 0.0000971 seconds, Stopping threads took: 0.0000224 seconds
[2019-12-08T10:27:39.353+0000][1][safepoint    ] Application time: 1.0000769 seconds
[2019-12-08T10:27:39.353+0000][1][safepoint    ] Entering safepoint region: Cleanup
[2019-12-08T10:27:39.353+0000][1][safepoint    ] Leaving safepoint region
[2019-12-08T10:27:39.353+0000][1][safepoint    ] Total time for which application threads were stopped: 0.0000617 seconds, Stopping threads took: 0.0000155 seconds
[2019-12-08T10:27:40.353+0000][1][safepoint    ] Application time: 1.0000788 seconds
[2019-12-08T10:27:40.353+0000][1][safepoint    ] Entering safepoint region: Cleanup
[2019-12-08T10:27:40.353+0000][1][safepoint    ] Leaving safepoint region
[2019-12-08T10:27:40.353+0000][1][safepoint    ] Total time for which application threads were stopped: 0.0000652 seconds, Stopping threads took: 0.0000171 seconds
[2019-12-08T10:27:41.353+0000][1][safepoint    ] Application time: 1.0000775 seconds
[2019-12-08T10:27:41.353+0000][1][safepoint    ] Entering safepoint region: Cleanup
[2019-12-08T10:27:41.353+0000][1][safepoint    ] Leaving safepoint region
[2019-12-08T10:27:41.353+0000][1][safepoint    ] Total time for which application threads were stopped: 0.0000600 seconds, Stopping threads took: 0.0000149 seconds
[2019-12-08T10:27:42.353+0000][1][safepoint    ] Application time: 1.0000763 seconds
[2019-12-08T10:27:42.353+0000][1][safepoint    ] Entering safepoint region: Cleanup
[2019-12-08T10:27:42.354+0000][1][safepoint    ] Leaving safepoint region
[2019-12-08T10:27:42.354+0000][1][safepoint    ] Total time for which application threads were stopped: 0.0000594 seconds, Stopping threads took: 0.0000151 seconds
[2019-12-08T10:27:43.354+0000][1][safepoint    ] Application time: 1.0000754 seconds
[2019-12-08T10:27:43.354+0000][1][safepoint    ] Entering safepoint region: Cleanup
[2019-12-08T10:27:43.354+0000][1][safepoint    ] Leaving safepoint region
[2019-12-08T10:27:43.354+0000][1][safepoint    ] Total time for which application threads were stopped: 0.0000700 seconds, Stopping threads took: 0.0000168 seconds
[2019-12-08T10:27:44.354+0000][1][safepoint    ] Application time: 1.0000766 seconds
[2019-12-08T10:27:44.354+0000][1][safepoint    ] Entering safepoint region: Cleanup
[2019-12-08T10:27:44.354+0000][1][safepoint    ] Leaving safepoint region
[2019-12-08T10:27:44.354+0000][1][safepoint    ] Total time for which application threads were stopped: 0.0000621 seconds, Stopping threads took: 0.0000157 seconds
[2019-12-08T10:27:45.354+0000][1][safepoint    ] Application time: 1.0000778 seconds
[2019-12-08T10:27:45.354+0000][1][safepoint    ] Entering safepoint region: Cleanup
[2019-12-08T10:27:45.354+0000][1][safepoint    ] Leaving safepoint region
[2019-12-08T10:27:45.354+0000][1][safepoint    ] Total time for which application threads were stopped: 0.0000612 seconds, Stopping threads took: 0.0000158 seconds
[2019-12-08T10:27:46.354+0000][1][safepoint    ] Application time: 1.0000823 seconds
[2019-12-08T10:27:46.354+0000][1][safepoint    ] Entering safepoint region: Cleanup
[2019-12-08T10:27:46.354+0000][1][safepoint    ] Leaving safepoint region
[2019-12-08T10:27:46.354+0000][1][safepoint    ] Total time for which application threads were stopped: 0.0000723 seconds, Stopping threads took: 0.0000154 seconds
[2019-12-08T10:27:47.354+0000][1][safepoint    ] Application time: 1.0000728 seconds
[2019-12-08T10:27:47.354+0000][1][safepoint    ] Entering safepoint region: Cleanup
[2019-12-08T10:27:47.354+0000][1][safepoint    ] Leaving safepoint region
[2019-12-08T10:27:47.354+0000][1][safepoint    ] Total time for which application threads were stopped: 0.0000594 seconds, Stopping threads took: 0.0000158 seconds
[2019-12-08T10:27:48.354+0000][1][safepoint    ] Application time: 1.0000818 seconds
[2019-12-08T10:27:48.355+0000][1][safepoint    ] Entering safepoint region: Cleanup
[2019-12-08T10:27:48.355+0000][1][safepoint    ] Leaving safepoint region
[2019-12-08T10:27:48.355+0000][1][safepoint    ] Total time for which application threads were stopped: 0.0000633 seconds, Stopping threads took: 0.0000173 seconds
[2019-12-08T10:27:49.355+0000][1][safepoint    ] Application time: 1.0000822 seconds
[2019-12-08T10:27:49.355+0000][1][safepoint    ] Entering safepoint region: Cleanup
[2019-12-08T10:27:49.355+0000][1][safepoint    ] Leaving safepoint region
[2019-12-08T10:27:49.355+0000][1][safepoint    ] Total time for which application threads were stopped: 0.0000747 seconds, Stopping threads took: 0.0000251 seconds
[2019-12-08T10:27:50.355+0000][1][safepoint    ] Application time: 1.0000806 seconds
[2019-12-08T10:27:50.355+0000][1][safepoint    ] Entering safepoint region: Cleanup
[2019-12-08T10:27:50.355+0000][1][safepoint    ] Leaving safepoint region
[2019-12-08T10:27:50.355+0000][1][safepoint    ] Total time for which application threads were stopped: 0.0000650 seconds, Stopping threads took: 0.0000181 seconds
[2019-12-08T10:27:51.355+0000][1][safepoint    ] Application time: 1.0000758 seconds
[2019-12-08T10:27:51.355+0000][1][safepoint    ] Entering safepoint region: Cleanup
[2019-12-08T10:27:51.355+0000][1][safepoint    ] Leaving safepoint region
[2019-12-08T10:27:51.355+0000][1][safepoint    ] Total time for which application threads were stopped: 0.0000601 seconds, Stopping threads took: 0.0000152 seconds
[2019-12-08T10:27:52.355+0000][1][safepoint    ] Application time: 1.0000861 seconds
[2019-12-08T10:27:52.355+0000][1][safepoint    ] Entering safepoint region: Cleanup
[2019-12-08T10:27:52.355+0000][1][safepoint    ] Leaving safepoint region
[2019-12-08T10:27:52.355+0000][1][safepoint    ] Total time for which application threads were stopped: 0.0000666 seconds, Stopping threads took: 0.0000177 seconds
[2019-12-08T10:27:53.355+0000][1][safepoint    ] Application time: 1.0000828 seconds
[2019-12-08T10:27:53.355+0000][1][safepoint    ] Entering safepoint region: Cleanup
[2019-12-08T10:27:53.356+0000][1][safepoint    ] Leaving safepoint region
[2019-12-08T10:27:53.356+0000][1][safepoint    ] Total time for which application threads were stopped: 0.0000676 seconds, Stopping threads took: 0.0000180 seconds
[2019-12-08T10:27:54.356+0000][1][safepoint    ] Application time: 1.0000775 seconds
[2019-12-08T10:27:54.356+0000][1][safepoint    ] Entering safepoint region: Cleanup
[2019-12-08T10:27:54.356+0000][1][safepoint    ] Leaving safepoint region
[2019-12-08T10:27:54.356+0000][1][safepoint    ] Total time for which application threads were stopped: 0.0000743 seconds, Stopping threads took: 0.0000166 seconds
[2019-12-08T10:27:55.356+0000][1][safepoint    ] Application time: 1.0000866 seconds
[2019-12-08T10:27:55.356+0000][1][safepoint    ] Entering safepoint region: Cleanup
[2019-12-08T10:27:55.356+0000][1][safepoint    ] Leaving safepoint region
[2019-12-08T10:27:55.356+0000][1][safepoint    ] Total time for which application threads were stopped: 0.0000672 seconds, Stopping threads took: 0.0000176 seconds
[2019-12-08T10:27:56.356+0000][1][safepoint    ] Application time: 1.0000785 seconds
[2019-12-08T10:27:56.356+0000][1][safepoint    ] Entering safepoint region: Cleanup
[2019-12-08T10:27:56.356+0000][1][safepoint    ] Leaving safepoint region
[2019-12-08T10:27:56.356+0000][1][safepoint    ] Total time for which application threads were stopped: 0.0000643 seconds, Stopping threads took: 0.0000172 seconds
[2019-12-08T10:27:57.356+0000][1][safepoint    ] Application time: 1.0000769 seconds
[2019-12-08T10:27:57.356+0000][1][safepoint    ] Entering safepoint region: Cleanup
[2019-12-08T10:27:57.356+0000][1][safepoint    ] Leaving safepoint region
[2019-12-08T10:27:57.356+0000][1][safepoint    ] Total time for which application threads were stopped: 0.0000605 seconds, Stopping threads took: 0.0000165 seconds
[2019-12-08T10:27:58.356+0000][1][safepoint    ] Application time: 1.0000766 seconds
[2019-12-08T10:27:58.356+0000][1][safepoint    ] Entering safepoint region: Cleanup
[2019-12-08T10:27:58.356+0000][1][safepoint    ] Leaving safepoint region
[2019-12-08T10:27:58.356+0000][1][safepoint    ] Total time for which application threads were stopped: 0.0000600 seconds, Stopping threads took: 0.0000155 seconds
[2019-12-08T10:27:59.357+0000][1][safepoint    ] Application time: 1.0000758 seconds
[2019-12-08T10:27:59.357+0000][1][safepoint    ] Entering safepoint region: Cleanup
[2019-12-08T10:27:59.357+0000][1][safepoint    ] Leaving safepoint region
[2019-12-08T10:27:59.357+0000][1][safepoint    ] Total time for which application threads were stopped: 0.0000614 seconds, Stopping threads took: 0.0000168 seconds
[2019-12-08T10:28:00.357+0000][1][safepoint    ] Application time: 1.0000823 seconds
[2019-12-08T10:28:00.357+0000][1][safepoint    ] Entering safepoint region: Cleanup
[2019-12-08T10:28:00.357+0000][1][safepoint    ] Leaving safepoint region
[2019-12-08T10:28:00.357+0000][1][safepoint    ] Total time for which application threads were stopped: 0.0000667 seconds, Stopping threads took: 0.0000178 seconds
[2019-12-08T10:28:01.357+0000][1][safepoint    ] Application time: 1.0000781 seconds
[2019-12-08T10:28:01.357+0000][1][safepoint    ] Entering safepoint region: Cleanup
[2019-12-08T10:28:01.357+0000][1][safepoint    ] Leaving safepoint region
[2019-12-08T10:28:01.357+0000][1][safepoint    ] Total time for which application threads were stopped: 0.0000651 seconds, Stopping threads took: 0.0000172 seconds
[2019-12-08T10:28:02.357+0000][1][safepoint    ] Application time: 1.0000801 seconds
[2019-12-08T10:28:02.357+0000][1][safepoint    ] Entering safepoint region: Cleanup
[2019-12-08T10:28:02.357+0000][1][safepoint    ] Leaving safepoint region
[2019-12-08T10:28:02.357+0000][1][safepoint    ] Total time for which application threads were stopped: 0.0000684 seconds, Stopping threads took: 0.0000179 seconds
[2019-12-08T10:28:03.357+0000][1][safepoint    ] Application time: 1.0000785 seconds
[2019-12-08T10:28:03.357+0000][1][safepoint    ] Entering safepoint region: Cleanup
[2019-12-08T10:28:03.357+0000][1][safepoint    ] Leaving safepoint region
[2019-12-08T10:28:03.357+0000][1][safepoint    ] Total time for which application threads were stopped: 0.0000637 seconds, Stopping threads took: 0.0000167 seconds
[2019-12-08T10:28:04.357+0000][1][safepoint    ] Application time: 1.0000855 seconds
[2019-12-08T10:28:04.357+0000][1][safepoint    ] Entering safepoint region: Cleanup
[2019-12-08T10:28:04.358+0000][1][safepoint    ] Leaving safepoint region
[2019-12-08T10:28:04.358+0000][1][safepoint    ] Total time for which application threads were stopped: 0.0000680 seconds, Stopping threads took: 0.0000174 seconds
[2019-12-08T10:28:05.373+0000][1][safepoint    ] Application time: 1.0159074 seconds
[2019-12-08T10:28:05.373+0000][1][safepoint    ] Entering safepoint region: Cleanup
[2019-12-08T10:28:05.374+0000][1][safepoint    ] Leaving safepoint region
[2019-12-08T10:28:05.374+0000][1][safepoint    ] Total time for which application threads were stopped: 0.0000684 seconds, Stopping threads took: 0.0000159 seconds
[2019-12-08T10:28:06.374+0000][1][safepoint    ] Application time: 1.0000886 seconds
[2019-12-08T10:28:06.374+0000][1][safepoint    ] Entering safepoint region: Cleanup
[2019-12-08T10:28:06.374+0000][1][safepoint    ] Leaving safepoint region
[2019-12-08T10:28:06.374+0000][1][safepoint    ] Total time for which application threads were stopped: 0.0000869 seconds, Stopping threads took: 0.0000194 seconds
[2019-12-08T10:28:07.374+0000][1][safepoint    ] Application time: 1.0000860 seconds
[2019-12-08T10:28:07.374+0000][1][safepoint    ] Entering safepoint region: Cleanup
[2019-12-08T10:28:07.374+0000][1][safepoint    ] Leaving safepoint region
[2019-12-08T10:28:07.374+0000][1][safepoint    ] Total time for which application threads were stopped: 0.0000642 seconds, Stopping threads took: 0.0000164 seconds
[2019-12-08T10:28:08.374+0000][1][safepoint    ] Application time: 1.0000817 seconds
[2019-12-08T10:28:08.374+0000][1][safepoint    ] Entering safepoint region: Cleanup
[2019-12-08T10:28:08.374+0000][1][safepoint    ] Leaving safepoint region
[2019-12-08T10:28:08.374+0000][1][safepoint    ] Total time for which application threads were stopped: 0.0000731 seconds, Stopping threads took: 0.0000186 seconds
[2019-12-08T10:28:09.374+0000][1][safepoint    ] Application time: 1.0000725 seconds
[2019-12-08T10:28:09.374+0000][1][safepoint    ] Entering safepoint region: Cleanup
[2019-12-08T10:28:09.374+0000][1][safepoint    ] Leaving safepoint region
[2019-12-08T10:28:09.374+0000][1][safepoint    ] Total time for which application threads were stopped: 0.0000650 seconds, Stopping threads took: 0.0000186 seconds
[2019-12-08T10:28:10.374+0000][1][safepoint    ] Application time: 1.0000876 seconds
[2019-12-08T10:28:10.374+0000][1][safepoint    ] Entering safepoint region: Cleanup
[2019-12-08T10:28:10.375+0000][1][safepoint    ] Leaving safepoint region
[2019-12-08T10:28:10.375+0000][1][safepoint    ] Total time for which application threads were stopped: 0.0000635 seconds, Stopping threads took: 0.0000164 seconds
[2019-12-08T10:28:11.375+0000][1][safepoint    ] Application time: 1.0000812 seconds
[2019-12-08T10:28:11.375+0000][1][safepoint    ] Entering safepoint region: Cleanup
[2019-12-08T10:28:11.375+0000][1][safepoint    ] Leaving safepoint region
[2019-12-08T10:28:11.375+0000][1][safepoint    ] Total time for which application threads were stopped: 0.0000763 seconds, Stopping threads took: 0.0000168 seconds
[2019-12-08T10:28:12.375+0000][1][safepoint    ] Application time: 1.0000819 seconds
[2019-12-08T10:28:12.375+0000][1][safepoint    ] Entering safepoint region: Cleanup
[2019-12-08T10:28:12.375+0000][1][safepoint    ] Leaving safepoint region
[2019-12-08T10:28:12.375+0000][1][safepoint    ] Total time for which application threads were stopped: 0.0000620 seconds, Stopping threads took: 0.0000157 seconds
[2019-12-08T10:28:13.375+0000][1][safepoint    ] Application time: 1.0000796 seconds
[2019-12-08T10:28:13.375+0000][1][safepoint    ] Entering safepoint region: Cleanup
[2019-12-08T10:28:13.375+0000][1][safepoint    ] Leaving safepoint region
[2019-12-08T10:28:13.375+0000][1][safepoint    ] Total time for which application threads were stopped: 0.0000680 seconds, Stopping threads took: 0.0000183 seconds
[2019-12-08T10:28:14.289+0000][1][safepoint    ] Application time: 0.9138933 seconds
[2019-12-08T10:28:14.289+0000][1][safepoint    ] Entering safepoint region: GenCollectForAllocation
[2019-12-08T10:28:14.289+0000][1][gc,start     ] GC(31) Pause Young (Allocation Failure)
[2019-12-08T10:28:14.289+0000][1][gc,task      ] GC(31) Using 4 workers of 4 for evacuation
[2019-12-08T10:28:14.290+0000][1][gc,age       ] GC(31) Desired survivor size 4456448 bytes, new threshold 6 (max threshold 6)
[2019-12-08T10:28:14.290+0000][1][gc,age       ] GC(31) Age table with threshold 6 (max threshold 6)
[2019-12-08T10:28:14.290+0000][1][gc,age       ] GC(31) - age   1:       2512 bytes,       2512 total
[2019-12-08T10:28:14.290+0000][1][gc,age       ] GC(31) - age   2:       2664 bytes,       5176 total
[2019-12-08T10:28:14.290+0000][1][gc,age       ] GC(31) - age   3:       1448 bytes,       6624 total
[2019-12-08T10:28:14.290+0000][1][gc,age       ] GC(31) - age   4:       1968 bytes,       8592 total
[2019-12-08T10:28:14.290+0000][1][gc,age       ] GC(31) - age   5:       1888 bytes,      10480 total
[2019-12-08T10:28:14.290+0000][1][gc,age       ] GC(31) - age   6:       4008 bytes,      14488 total
[2019-12-08T10:28:14.290+0000][1][gc,heap      ] GC(31) ParNew: 70011K->24K(78656K)
[2019-12-08T10:28:14.290+0000][1][gc,heap      ] GC(31) CMS: 69594K->69598K(174784K)
[2019-12-08T10:28:14.290+0000][1][gc,metaspace ] GC(31) Metaspace: 68242K->68242K(1112064K)
[2019-12-08T10:28:14.290+0000][1][gc           ] GC(31) Pause Young (Allocation Failure) 136M->67M(247M) 0.945ms
[2019-12-08T10:28:14.290+0000][1][gc,cpu       ] GC(31) User=0.00s Sys=0.00s Real=0.00s
[2019-12-08T10:28:14.290+0000][1][safepoint    ] Leaving safepoint region
[2019-12-08T10:28:14.290+0000][1][safepoint    ] Total time for which application threads were stopped: 0.0010661 seconds, Stopping threads took: 0.0000132 seconds
[2019-12-08T10:28:15.290+0000][1][safepoint    ] Application time: 1.0001066 seconds
[2019-12-08T10:28:15.290+0000][1][safepoint    ] Entering safepoint region: Cleanup
[2019-12-08T10:28:15.290+0000][1][safepoint    ] Leaving safepoint region
[2019-12-08T10:28:15.290+0000][1][safepoint    ] Total time for which application threads were stopped: 0.0000928 seconds, Stopping threads took: 0.0000429 seconds
[2019-12-08T10:28:16.290+0000][1][safepoint    ] Application time: 1.0001022 seconds
[2019-12-08T10:28:16.290+0000][1][safepoint    ] Entering safepoint region: Cleanup
[2019-12-08T10:28:16.291+0000][1][safepoint    ] Leaving safepoint region
[2019-12-08T10:28:16.291+0000][1][safepoint    ] Total time for which application threads were stopped: 0.0001024 seconds, Stopping threads took: 0.0000526 seconds
[2019-12-08T10:28:17.291+0000][1][safepoint    ] Application time: 1.0000889 seconds
[2019-12-08T10:28:17.291+0000][1][safepoint    ] Entering safepoint region: Cleanup
[2019-12-08T10:28:17.291+0000][1][safepoint    ] Leaving safepoint region
[2019-12-08T10:28:17.291+0000][1][safepoint    ] Total time for which application threads were stopped: 0.0001130 seconds, Stopping threads took: 0.0000646 seconds
[2019-12-08T10:28:18.291+0000][1][safepoint    ] Application time: 1.0000859 seconds
[2019-12-08T10:28:18.291+0000][1][safepoint    ] Entering safepoint region: Cleanup
[2019-12-08T10:28:18.291+0000][1][safepoint    ] Leaving safepoint region
[2019-12-08T10:28:18.291+0000][1][safepoint    ] Total time for which application threads were stopped: 0.0000882 seconds, Stopping threads took: 0.0000420 seconds
[2019-12-08T10:28:19.291+0000][1][safepoint    ] Application time: 1.0000849 seconds
[2019-12-08T10:28:19.291+0000][1][safepoint    ] Entering safepoint region: Cleanup
[2019-12-08T10:28:19.291+0000][1][safepoint    ] Leaving safepoint region
[2019-12-08T10:28:19.291+0000][1][safepoint    ] Total time for which application threads were stopped: 0.0000626 seconds, Stopping threads took: 0.0000160 seconds
[2019-12-08T10:28:20.291+0000][1][safepoint    ] Application time: 1.0000824 seconds
[2019-12-08T10:28:20.291+0000][1][safepoint    ] Entering safepoint region: Cleanup
[2019-12-08T10:28:20.291+0000][1][safepoint    ] Leaving safepoint region
[2019-12-08T10:28:20.291+0000][1][safepoint    ] Total time for which application threads were stopped: 0.0000743 seconds, Stopping threads took: 0.0000158 seconds
[2019-12-08T10:28:21.291+0000][1][safepoint    ] Application time: 1.0000853 seconds
[2019-12-08T10:28:21.291+0000][1][safepoint    ] Entering safepoint region: Cleanup
[2019-12-08T10:28:21.292+0000][1][safepoint    ] Leaving safepoint region
[2019-12-08T10:28:21.292+0000][1][safepoint    ] Total time for which application threads were stopped: 0.0000663 seconds, Stopping threads took: 0.0000151 seconds
[2019-12-08T10:28:22.292+0000][1][safepoint    ] Application time: 1.0000892 seconds
[2019-12-08T10:28:22.292+0000][1][safepoint    ] Entering safepoint region: Cleanup
[2019-12-08T10:28:22.292+0000][1][safepoint    ] Leaving safepoint region
[2019-12-08T10:28:22.292+0000][1][safepoint    ] Total time for which application threads were stopped: 0.0000759 seconds, Stopping threads took: 0.0000264 seconds
[2019-12-08T10:28:23.292+0000][1][safepoint    ] Application time: 1.0000895 seconds
[2019-12-08T10:28:23.292+0000][1][safepoint    ] Entering safepoint region: Cleanup
[2019-12-08T10:28:23.292+0000][1][safepoint    ] Leaving safepoint region
[2019-12-08T10:28:23.292+0000][1][safepoint    ] Total time for which application threads were stopped: 0.0000685 seconds, Stopping threads took: 0.0000187 seconds
[2019-12-08T10:28:24.292+0000][1][safepoint    ] Application time: 1.0000841 seconds
[2019-12-08T10:28:24.292+0000][1][safepoint    ] Entering safepoint region: Cleanup
[2019-12-08T10:28:24.292+0000][1][safepoint    ] Leaving safepoint region
[2019-12-08T10:28:24.292+0000][1][safepoint    ] Total time for which application threads were stopped: 0.0000791 seconds, Stopping threads took: 0.0000288 seconds
[2019-12-08T10:28:25.292+0000][1][safepoint    ] Application time: 1.0000856 seconds
[2019-12-08T10:28:25.292+0000][1][safepoint    ] Entering safepoint region: Cleanup
[2019-12-08T10:28:25.292+0000][1][safepoint    ] Leaving safepoint region
[2019-12-08T10:28:25.292+0000][1][safepoint    ] Total time for which application threads were stopped: 0.0000636 seconds, Stopping threads took: 0.0000166 seconds
[2019-12-08T10:28:26.382+0000][1][safepoint    ] Application time: 1.0898433 seconds
[2019-12-08T10:28:26.382+0000][1][safepoint    ] Entering safepoint region: Cleanup
[2019-12-08T10:28:26.382+0000][1][safepoint    ] Leaving safepoint region
[2019-12-08T10:28:26.382+0000][1][safepoint    ] Total time for which application threads were stopped: 0.0001272 seconds, Stopping threads took: 0.0000606 seconds
[2019-12-08T10:28:27.382+0000][1][safepoint    ] Application time: 1.0000876 seconds
[2019-12-08T10:28:27.382+0000][1][safepoint    ] Entering safepoint region: Cleanup
[2019-12-08T10:28:27.383+0000][1][safepoint    ] Leaving safepoint region
[2019-12-08T10:28:27.383+0000][1][safepoint    ] Total time for which application threads were stopped: 0.0000869 seconds, Stopping threads took: 0.0000212 seconds
[2019-12-08T10:28:28.383+0000][1][safepoint    ] Application time: 1.0000899 seconds
[2019-12-08T10:28:28.383+0000][1][safepoint    ] Entering safepoint region: Cleanup
[2019-12-08T10:28:28.383+0000][1][safepoint    ] Leaving safepoint region
[2019-12-08T10:28:28.383+0000][1][safepoint    ] Total time for which application threads were stopped: 0.0000656 seconds, Stopping threads took: 0.0000175 seconds
[2019-12-08T10:28:29.383+0000][1][safepoint    ] Application time: 1.0000775 seconds
[2019-12-08T10:28:29.383+0000][1][safepoint    ] Entering safepoint region: Cleanup
[2019-12-08T10:28:29.383+0000][1][safepoint    ] Leaving safepoint region
[2019-12-08T10:28:29.383+0000][1][safepoint    ] Total time for which application threads were stopped: 0.0000626 seconds, Stopping threads took: 0.0000167 seconds
[2019-12-08T10:28:30.383+0000][1][safepoint    ] Application time: 1.0000752 seconds
[2019-12-08T10:28:30.383+0000][1][safepoint    ] Entering safepoint region: Cleanup
[2019-12-08T10:28:30.383+0000][1][safepoint    ] Leaving safepoint region
[2019-12-08T10:28:30.383+0000][1][safepoint    ] Total time for which application threads were stopped: 0.0000614 seconds, Stopping threads took: 0.0000150 seconds
[2019-12-08T10:28:31.383+0000][1][safepoint    ] Application time: 1.0000790 seconds
[2019-12-08T10:28:31.383+0000][1][safepoint    ] Entering safepoint region: Cleanup
[2019-12-08T10:28:31.383+0000][1][safepoint    ] Leaving safepoint region
[2019-12-08T10:28:31.383+0000][1][safepoint    ] Total time for which application threads were stopped: 0.0000739 seconds, Stopping threads took: 0.0000170 seconds
[2019-12-08T10:28:32.383+0000][1][safepoint    ] Application time: 1.0000816 seconds
[2019-12-08T10:28:32.383+0000][1][safepoint    ] Entering safepoint region: Cleanup
[2019-12-08T10:28:32.383+0000][1][safepoint    ] Leaving safepoint region
[2019-12-08T10:28:32.383+0000][1][safepoint    ] Total time for which application threads were stopped: 0.0000657 seconds, Stopping threads took: 0.0000160 seconds
[2019-12-08T10:28:33.384+0000][1][safepoint    ] Application time: 1.0000774 seconds
[2019-12-08T10:28:33.384+0000][1][safepoint    ] Entering safepoint region: Cleanup
[2019-12-08T10:28:33.384+0000][1][safepoint    ] Leaving safepoint region
[2019-12-08T10:28:33.384+0000][1][safepoint    ] Total time for which application threads were stopped: 0.0000694 seconds, Stopping threads took: 0.0000210 seconds
[2019-12-08T10:28:34.384+0000][1][safepoint    ] Application time: 1.0000924 seconds
[2019-12-08T10:28:34.384+0000][1][safepoint    ] Entering safepoint region: Cleanup
[2019-12-08T10:28:34.384+0000][1][safepoint    ] Leaving safepoint region
[2019-12-08T10:28:34.384+0000][1][safepoint    ] Total time for which application threads were stopped: 0.0000664 seconds, Stopping threads took: 0.0000168 seconds
[2019-12-08T10:28:35.384+0000][1][safepoint    ] Application time: 1.0000807 seconds
[2019-12-08T10:28:35.384+0000][1][safepoint    ] Entering safepoint region: Cleanup
[2019-12-08T10:28:35.384+0000][1][safepoint    ] Leaving safepoint region
[2019-12-08T10:28:35.384+0000][1][safepoint    ] Total time for which application threads were stopped: 0.0000634 seconds, Stopping threads took: 0.0000166 seconds
[2019-12-08T10:28:36.384+0000][1][safepoint    ] Application time: 1.0000811 seconds
[2019-12-08T10:28:36.384+0000][1][safepoint    ] Entering safepoint region: Cleanup
[2019-12-08T10:28:36.384+0000][1][safepoint    ] Leaving safepoint region
[2019-12-08T10:28:36.384+0000][1][safepoint    ] Total time for which application threads were stopped: 0.0000632 seconds, Stopping threads took: 0.0000155 seconds
[2019-12-08T10:28:37.384+0000][1][safepoint    ] Application time: 1.0000771 seconds
[2019-12-08T10:28:37.384+0000][1][safepoint    ] Entering safepoint region: Cleanup
[2019-12-08T10:28:37.384+0000][1][safepoint    ] Leaving safepoint region
[2019-12-08T10:28:37.384+0000][1][safepoint    ] Total time for which application threads were stopped: 0.0000621 seconds, Stopping threads took: 0.0000163 seconds
[2019-12-08T10:28:38.384+0000][1][safepoint    ] Application time: 1.0000789 seconds
[2019-12-08T10:28:38.385+0000][1][safepoint    ] Entering safepoint region: Cleanup
[2019-12-08T10:28:38.385+0000][1][safepoint    ] Leaving safepoint region
[2019-12-08T10:28:38.385+0000][1][safepoint    ] Total time for which application threads were stopped: 0.0000656 seconds, Stopping threads took: 0.0000186 seconds
[2019-12-08T10:28:39.385+0000][1][safepoint    ] Application time: 1.0000786 seconds
[2019-12-08T10:28:39.385+0000][1][safepoint    ] Entering safepoint region: Cleanup
[2019-12-08T10:28:39.385+0000][1][safepoint    ] Leaving safepoint region
[2019-12-08T10:28:39.385+0000][1][safepoint    ] Total time for which application threads were stopped: 0.0000624 seconds, Stopping threads took: 0.0000158 seconds
[2019-12-08T10:28:40.385+0000][1][safepoint    ] Application time: 1.0000786 seconds
[2019-12-08T10:28:40.385+0000][1][safepoint    ] Entering safepoint region: Cleanup
[2019-12-08T10:28:40.385+0000][1][safepoint    ] Leaving safepoint region
[2019-12-08T10:28:40.385+0000][1][safepoint    ] Total time for which application threads were stopped: 0.0000665 seconds, Stopping threads took: 0.0000183 seconds
[2019-12-08T10:28:41.385+0000][1][safepoint    ] Application time: 1.0000778 seconds
[2019-12-08T10:28:41.385+0000][1][safepoint    ] Entering safepoint region: Cleanup
[2019-12-08T10:28:41.385+0000][1][safepoint    ] Leaving safepoint region
[2019-12-08T10:28:41.385+0000][1][safepoint    ] Total time for which application threads were stopped: 0.0000722 seconds, Stopping threads took: 0.0000159 seconds
[2019-12-08T10:28:42.385+0000][1][safepoint    ] Application time: 1.0000778 seconds
[2019-12-08T10:28:42.385+0000][1][safepoint    ] Entering safepoint region: Cleanup
[2019-12-08T10:28:42.385+0000][1][safepoint    ] Leaving safepoint region
[2019-12-08T10:28:42.385+0000][1][safepoint    ] Total time for which application threads were stopped: 0.0000626 seconds, Stopping threads took: 0.0000161 seconds
[2019-12-08T10:28:43.385+0000][1][safepoint    ] Application time: 1.0000763 seconds
[2019-12-08T10:28:43.385+0000][1][safepoint    ] Entering safepoint region: Cleanup
[2019-12-08T10:28:43.386+0000][1][safepoint    ] Leaving safepoint region
[2019-12-08T10:28:43.386+0000][1][safepoint    ] Total time for which application threads were stopped: 0.0000638 seconds, Stopping threads took: 0.0000155 seconds
[2019-12-08T10:28:44.386+0000][1][safepoint    ] Application time: 1.0000774 seconds
[2019-12-08T10:28:44.386+0000][1][safepoint    ] Entering safepoint region: Cleanup
[2019-12-08T10:28:44.386+0000][1][safepoint    ] Leaving safepoint region
[2019-12-08T10:28:44.386+0000][1][safepoint    ] Total time for which application threads were stopped: 0.0000739 seconds, Stopping threads took: 0.0000160 seconds
[2019-12-08T10:28:45.386+0000][1][safepoint    ] Application time: 1.0000765 seconds
[2019-12-08T10:28:45.386+0000][1][safepoint    ] Entering safepoint region: Cleanup
[2019-12-08T10:28:45.386+0000][1][safepoint    ] Leaving safepoint region
[2019-12-08T10:28:45.386+0000][1][safepoint    ] Total time for which application threads were stopped: 0.0000662 seconds, Stopping threads took: 0.0000164 seconds
[2019-12-08T10:28:46.386+0000][1][safepoint    ] Application time: 1.0000798 seconds
[2019-12-08T10:28:46.386+0000][1][safepoint    ] Entering safepoint region: Cleanup
[2019-12-08T10:28:46.386+0000][1][safepoint    ] Leaving safepoint region
[2019-12-08T10:28:46.386+0000][1][safepoint    ] Total time for which application threads were stopped: 0.0000659 seconds, Stopping threads took: 0.0000167 seconds
[2019-12-08T10:28:47.386+0000][1][safepoint    ] Application time: 1.0000778 seconds
[2019-12-08T10:28:47.386+0000][1][safepoint    ] Entering safepoint region: Cleanup
[2019-12-08T10:28:47.386+0000][1][safepoint    ] Leaving safepoint region
[2019-12-08T10:28:47.386+0000][1][safepoint    ] Total time for which application threads were stopped: 0.0000629 seconds, Stopping threads took: 0.0000163 seconds
[2019-12-08T10:28:48.386+0000][1][safepoint    ] Application time: 1.0000782 seconds
[2019-12-08T10:28:48.386+0000][1][safepoint    ] Entering safepoint region: Cleanup
[2019-12-08T10:28:48.386+0000][1][safepoint    ] Leaving safepoint region
[2019-12-08T10:28:48.386+0000][1][safepoint    ] Total time for which application threads were stopped: 0.0000614 seconds, Stopping threads took: 0.0000157 seconds
[2019-12-08T10:28:49.387+0000][1][safepoint    ] Application time: 1.0000799 seconds
[2019-12-08T10:28:49.387+0000][1][safepoint    ] Entering safepoint region: Cleanup
[2019-12-08T10:28:49.387+0000][1][safepoint    ] Leaving safepoint region
[2019-12-08T10:28:49.387+0000][1][safepoint    ] Total time for which application threads were stopped: 0.0000748 seconds, Stopping threads took: 0.0000250 seconds
[2019-12-08T10:28:50.387+0000][1][safepoint    ] Application time: 1.0000787 seconds
[2019-12-08T10:28:50.387+0000][1][safepoint    ] Entering safepoint region: Cleanup
[2019-12-08T10:28:50.387+0000][1][safepoint    ] Leaving safepoint region
[2019-12-08T10:28:50.387+0000][1][safepoint    ] Total time for which application threads were stopped: 0.0000661 seconds, Stopping threads took: 0.0000167 seconds
[2019-12-08T10:28:51.387+0000][1][safepoint    ] Application time: 1.0000757 seconds
[2019-12-08T10:28:51.387+0000][1][safepoint    ] Entering safepoint region: Cleanup
[2019-12-08T10:28:51.387+0000][1][safepoint    ] Leaving safepoint region
[2019-12-08T10:28:51.387+0000][1][safepoint    ] Total time for which application threads were stopped: 0.0000634 seconds, Stopping threads took: 0.0000164 seconds
[2019-12-08T10:28:52.387+0000][1][safepoint    ] Application time: 1.0000769 seconds
[2019-12-08T10:28:52.387+0000][1][safepoint    ] Entering safepoint region: Cleanup
[2019-12-08T10:28:52.387+0000][1][safepoint    ] Leaving safepoint region
[2019-12-08T10:28:52.387+0000][1][safepoint    ] Total time for which application threads were stopped: 0.0000662 seconds, Stopping threads took: 0.0000168 seconds
[2019-12-08T10:28:53.387+0000][1][safepoint    ] Application time: 1.0000844 seconds
[2019-12-08T10:28:53.387+0000][1][safepoint    ] Entering safepoint region: Cleanup
[2019-12-08T10:28:53.387+0000][1][safepoint    ] Leaving safepoint region
[2019-12-08T10:28:53.387+0000][1][safepoint    ] Total time for which application threads were stopped: 0.0000835 seconds, Stopping threads took: 0.0000216 seconds
[2019-12-08T10:28:54.388+0000][1][safepoint    ] Application time: 1.0000777 seconds
[2019-12-08T10:28:54.388+0000][1][safepoint    ] Entering safepoint region: Cleanup
[2019-12-08T10:28:54.388+0000][1][safepoint    ] Leaving safepoint region
[2019-12-08T10:28:54.388+0000][1][safepoint    ] Total time for which application threads were stopped: 0.0000611 seconds, Stopping threads took: 0.0000152 seconds
[2019-12-08T10:28:55.388+0000][1][safepoint    ] Application time: 1.0000818 seconds
[2019-12-08T10:28:55.388+0000][1][safepoint    ] Entering safepoint region: Cleanup
[2019-12-08T10:28:55.388+0000][1][safepoint    ] Leaving safepoint region
[2019-12-08T10:28:55.388+0000][1][safepoint    ] Total time for which application threads were stopped: 0.0000654 seconds, Stopping threads took: 0.0000166 seconds
[2019-12-08T10:28:56.388+0000][1][safepoint    ] Application time: 1.0000806 seconds
[2019-12-08T10:28:56.388+0000][1][safepoint    ] Entering safepoint region: Cleanup
[2019-12-08T10:28:56.388+0000][1][safepoint    ] Leaving safepoint region
[2019-12-08T10:28:56.388+0000][1][safepoint    ] Total time for which application threads were stopped: 0.0000657 seconds, Stopping threads took: 0.0000164 seconds
[2019-12-08T10:28:57.388+0000][1][safepoint    ] Application time: 1.0000803 seconds
[2019-12-08T10:28:57.388+0000][1][safepoint    ] Entering safepoint region: Cleanup
[2019-12-08T10:28:57.388+0000][1][safepoint    ] Leaving safepoint region
[2019-12-08T10:28:57.388+0000][1][safepoint    ] Total time for which application threads were stopped: 0.0000635 seconds, Stopping threads took: 0.0000165 seconds
[2019-12-08T10:28:58.388+0000][1][safepoint    ] Application time: 1.0000812 seconds
[2019-12-08T10:28:58.388+0000][1][safepoint    ] Entering safepoint region: Cleanup
[2019-12-08T10:28:58.388+0000][1][safepoint    ] Leaving safepoint region
[2019-12-08T10:28:58.388+0000][1][safepoint    ] Total time for which application threads were stopped: 0.0000674 seconds, Stopping threads took: 0.0000193 seconds
[2019-12-08T10:28:59.388+0000][1][safepoint    ] Application time: 1.0000818 seconds
[2019-12-08T10:28:59.389+0000][1][safepoint    ] Entering safepoint region: Cleanup
[2019-12-08T10:28:59.389+0000][1][safepoint    ] Leaving safepoint region
[2019-12-08T10:28:59.389+0000][1][safepoint    ] Total time for which application threads were stopped: 0.0000669 seconds, Stopping threads took: 0.0000178 seconds
[2019-12-08T10:29:00.389+0000][1][safepoint    ] Application time: 1.0000779 seconds
[2019-12-08T10:29:00.389+0000][1][safepoint    ] Entering safepoint region: Cleanup
[2019-12-08T10:29:00.389+0000][1][safepoint    ] Leaving safepoint region
[2019-12-08T10:29:00.389+0000][1][safepoint    ] Total time for which application threads were stopped: 0.0000654 seconds, Stopping threads took: 0.0000179 seconds
[2019-12-08T10:29:01.389+0000][1][safepoint    ] Application time: 1.0000835 seconds
[2019-12-08T10:29:01.389+0000][1][safepoint    ] Entering safepoint region: Cleanup
[2019-12-08T10:29:01.389+0000][1][safepoint    ] Leaving safepoint region
[2019-12-08T10:29:01.389+0000][1][safepoint    ] Total time for which application threads were stopped: 0.0000675 seconds, Stopping threads took: 0.0000185 seconds
[2019-12-08T10:29:02.389+0000][1][safepoint    ] Application time: 1.0000802 seconds
[2019-12-08T10:29:02.389+0000][1][safepoint    ] Entering safepoint region: Cleanup
[2019-12-08T10:29:02.389+0000][1][safepoint    ] Leaving safepoint region
[2019-12-08T10:29:02.389+0000][1][safepoint    ] Total time for which application threads were stopped: 0.0000668 seconds, Stopping threads took: 0.0000180 seconds
[2019-12-08T10:29:03.389+0000][1][safepoint    ] Application time: 1.0000792 seconds
[2019-12-08T10:29:03.389+0000][1][safepoint    ] Entering safepoint region: Cleanup
[2019-12-08T10:29:03.389+0000][1][safepoint    ] Leaving safepoint region
[2019-12-08T10:29:03.389+0000][1][safepoint    ] Total time for which application threads were stopped: 0.0000683 seconds, Stopping threads took: 0.0000178 seconds
[2019-12-08T10:29:04.389+0000][1][safepoint    ] Application time: 1.0000843 seconds
[2019-12-08T10:29:04.389+0000][1][safepoint    ] Entering safepoint region: Cleanup
[2019-12-08T10:29:04.390+0000][1][safepoint    ] Leaving safepoint region
[2019-12-08T10:29:04.390+0000][1][safepoint    ] Total time for which application threads were stopped: 0.0000694 seconds, Stopping threads took: 0.0000189 seconds
[2019-12-08T10:29:05.390+0000][1][safepoint    ] Application time: 1.0000862 seconds
[2019-12-08T10:29:05.390+0000][1][safepoint    ] Entering safepoint region: Cleanup
[2019-12-08T10:29:05.390+0000][1][safepoint    ] Leaving safepoint region
[2019-12-08T10:29:05.390+0000][1][safepoint    ] Total time for which application threads were stopped: 0.0000786 seconds, Stopping threads took: 0.0000308 seconds
[2019-12-08T10:29:06.390+0000][1][safepoint    ] Application time: 1.0000832 seconds
[2019-12-08T10:29:06.390+0000][1][safepoint    ] Entering safepoint region: Cleanup
[2019-12-08T10:29:06.390+0000][1][safepoint    ] Leaving safepoint region
[2019-12-08T10:29:06.390+0000][1][safepoint    ] Total time for which application threads were stopped: 0.0000686 seconds, Stopping threads took: 0.0000180 seconds
[2019-12-08T10:29:07.390+0000][1][safepoint    ] Application time: 1.0000803 seconds
[2019-12-08T10:29:07.390+0000][1][safepoint    ] Entering safepoint region: Cleanup
[2019-12-08T10:29:07.390+0000][1][safepoint    ] Leaving safepoint region
[2019-12-08T10:29:07.390+0000][1][safepoint    ] Total time for which application threads were stopped: 0.0000719 seconds, Stopping threads took: 0.0000175 seconds
[2019-12-08T10:29:08.390+0000][1][safepoint    ] Application time: 1.0001013 seconds
[2019-12-08T10:29:08.390+0000][1][safepoint    ] Entering safepoint region: Cleanup
[2019-12-08T10:29:08.390+0000][1][safepoint    ] Leaving safepoint region
[2019-12-08T10:29:08.390+0000][1][safepoint    ] Total time for which application threads were stopped: 0.0000858 seconds, Stopping threads took: 0.0000235 seconds
[2019-12-08T10:29:09.390+0000][1][safepoint    ] Application time: 1.0000802 seconds
[2019-12-08T10:29:09.391+0000][1][safepoint    ] Entering safepoint region: Cleanup
[2019-12-08T10:29:09.391+0000][1][safepoint    ] Leaving safepoint region
[2019-12-08T10:29:09.391+0000][1][safepoint    ] Total time for which application threads were stopped: 0.0000653 seconds, Stopping threads took: 0.0000177 seconds
[2019-12-08T10:29:10.391+0000][1][safepoint    ] Application time: 1.0000786 seconds
[2019-12-08T10:29:10.391+0000][1][safepoint    ] Entering safepoint region: Cleanup
[2019-12-08T10:29:10.391+0000][1][safepoint    ] Leaving safepoint region
[2019-12-08T10:29:10.391+0000][1][safepoint    ] Total time for which application threads were stopped: 0.0000692 seconds, Stopping threads took: 0.0000194 seconds
[2019-12-08T10:29:11.391+0000][1][safepoint    ] Application time: 1.0000804 seconds
[2019-12-08T10:29:11.391+0000][1][safepoint    ] Entering safepoint region: Cleanup
[2019-12-08T10:29:11.391+0000][1][safepoint    ] Leaving safepoint region
[2019-12-08T10:29:11.391+0000][1][safepoint    ] Total time for which application threads were stopped: 0.0000668 seconds, Stopping threads took: 0.0000173 seconds
[2019-12-08T10:29:12.391+0000][1][safepoint    ] Application time: 1.0000819 seconds
[2019-12-08T10:29:12.391+0000][1][safepoint    ] Entering safepoint region: Cleanup
[2019-12-08T10:29:12.391+0000][1][safepoint    ] Leaving safepoint region
[2019-12-08T10:29:12.391+0000][1][safepoint    ] Total time for which application threads were stopped: 0.0000663 seconds, Stopping threads took: 0.0000191 seconds
[2019-12-08T10:29:13.391+0000][1][safepoint    ] Application time: 1.0000852 seconds
[2019-12-08T10:29:13.391+0000][1][safepoint    ] Entering safepoint region: Cleanup
[2019-12-08T10:29:13.391+0000][1][safepoint    ] Leaving safepoint region
[2019-12-08T10:29:13.391+0000][1][safepoint    ] Total time for which application threads were stopped: 0.0000693 seconds, Stopping threads took: 0.0000183 seconds
[2019-12-08T10:29:14.391+0000][1][safepoint    ] Application time: 1.0000839 seconds
[2019-12-08T10:29:14.392+0000][1][safepoint    ] Entering safepoint region: Cleanup
[2019-12-08T10:29:14.392+0000][1][safepoint    ] Leaving safepoint region
[2019-12-08T10:29:14.392+0000][1][safepoint    ] Total time for which application threads were stopped: 0.0000654 seconds, Stopping threads took: 0.0000169 seconds
[2019-12-08T10:29:15.392+0000][1][safepoint    ] Application time: 1.0000795 seconds
[2019-12-08T10:29:15.392+0000][1][safepoint    ] Entering safepoint region: Cleanup
[2019-12-08T10:29:15.392+0000][1][safepoint    ] Leaving safepoint region
[2019-12-08T10:29:15.392+0000][1][safepoint    ] Total time for which application threads were stopped: 0.0000682 seconds, Stopping threads took: 0.0000193 seconds
[2019-12-08T10:29:16.392+0000][1][safepoint    ] Application time: 1.0000791 seconds
[2019-12-08T10:29:16.392+0000][1][safepoint    ] Entering safepoint region: Cleanup
[2019-12-08T10:29:16.392+0000][1][safepoint    ] Leaving safepoint region
[2019-12-08T10:29:16.392+0000][1][safepoint    ] Total time for which application threads were stopped: 0.0000654 seconds, Stopping threads took: 0.0000168 seconds
[2019-12-08T10:29:17.392+0000][1][safepoint    ] Application time: 1.0000781 seconds
[2019-12-08T10:29:17.392+0000][1][safepoint    ] Entering safepoint region: Cleanup
[2019-12-08T10:29:17.392+0000][1][safepoint    ] Leaving safepoint region
[2019-12-08T10:29:17.392+0000][1][safepoint    ] Total time for which application threads were stopped: 0.0000653 seconds, Stopping threads took: 0.0000172 seconds
[2019-12-08T10:29:18.392+0000][1][safepoint    ] Application time: 1.0000765 seconds
[2019-12-08T10:29:18.392+0000][1][safepoint    ] Entering safepoint region: Cleanup
[2019-12-08T10:29:18.392+0000][1][safepoint    ] Leaving safepoint region
[2019-12-08T10:29:18.392+0000][1][safepoint    ] Total time for which application threads were stopped: 0.0000625 seconds, Stopping threads took: 0.0000157 seconds
[2019-12-08T10:29:19.392+0000][1][safepoint    ] Application time: 1.0000825 seconds
[2019-12-08T10:29:19.392+0000][1][safepoint    ] Entering safepoint region: Cleanup
[2019-12-08T10:29:19.392+0000][1][safepoint    ] Leaving safepoint region
[2019-12-08T10:29:19.392+0000][1][safepoint    ] Total time for which application threads were stopped: 0.0000636 seconds, Stopping threads took: 0.0000166 seconds
[2019-12-08T10:29:20.393+0000][1][safepoint    ] Application time: 1.0000833 seconds
[2019-12-08T10:29:20.393+0000][1][safepoint    ] Entering safepoint region: Cleanup
[2019-12-08T10:29:20.393+0000][1][safepoint    ] Leaving safepoint region
[2019-12-08T10:29:20.393+0000][1][safepoint    ] Total time for which application threads were stopped: 0.0000839 seconds, Stopping threads took: 0.0000169 seconds
[2019-12-08T10:29:21.393+0000][1][safepoint    ] Application time: 1.0000861 seconds
[2019-12-08T10:29:21.393+0000][1][safepoint    ] Entering safepoint region: Cleanup
[2019-12-08T10:29:21.393+0000][1][safepoint    ] Leaving safepoint region
[2019-12-08T10:29:21.393+0000][1][safepoint    ] Total time for which application threads were stopped: 0.0000667 seconds, Stopping threads took: 0.0000179 seconds
[2019-12-08T10:29:22.393+0000][1][safepoint    ] Application time: 1.0000861 seconds
[2019-12-08T10:29:22.393+0000][1][safepoint    ] Entering safepoint region: Cleanup
[2019-12-08T10:29:22.393+0000][1][safepoint    ] Leaving safepoint region
[2019-12-08T10:29:22.393+0000][1][safepoint    ] Total time for which application threads were stopped: 0.0000669 seconds, Stopping threads took: 0.0000171 seconds
[2019-12-08T10:29:23.393+0000][1][safepoint    ] Application time: 1.0000822 seconds
[2019-12-08T10:29:23.393+0000][1][safepoint    ] Entering safepoint region: Cleanup
[2019-12-08T10:29:23.393+0000][1][safepoint    ] Leaving safepoint region
[2019-12-08T10:29:23.393+0000][1][safepoint    ] Total time for which application threads were stopped: 0.0000659 seconds, Stopping threads took: 0.0000183 seconds
[2019-12-08T10:29:24.393+0000][1][safepoint    ] Application time: 1.0000792 seconds
[2019-12-08T10:29:24.393+0000][1][safepoint    ] Entering safepoint region: Cleanup
[2019-12-08T10:29:24.393+0000][1][safepoint    ] Leaving safepoint region
[2019-12-08T10:29:24.393+0000][1][safepoint    ] Total time for which application threads were stopped: 0.0000645 seconds, Stopping threads took: 0.0000173 seconds
[2019-12-08T10:29:25.394+0000][1][safepoint    ] Application time: 1.0000853 seconds
[2019-12-08T10:29:25.394+0000][1][safepoint    ] Entering safepoint region: Cleanup
[2019-12-08T10:29:25.394+0000][1][safepoint    ] Leaving safepoint region
[2019-12-08T10:29:25.394+0000][1][safepoint    ] Total time for which application threads were stopped: 0.0000859 seconds, Stopping threads took: 0.0000172 seconds
[2019-12-08T10:29:26.394+0000][1][safepoint    ] Application time: 1.0000767 seconds
[2019-12-08T10:29:26.394+0000][1][safepoint    ] Entering safepoint region: Cleanup
[2019-12-08T10:29:26.394+0000][1][safepoint    ] Leaving safepoint region
[2019-12-08T10:29:26.394+0000][1][safepoint    ] Total time for which application threads were stopped: 0.0000610 seconds, Stopping threads took: 0.0000162 seconds
[2019-12-08T10:29:27.394+0000][1][safepoint    ] Application time: 1.0000754 seconds
[2019-12-08T10:29:27.394+0000][1][safepoint    ] Entering safepoint region: Cleanup
[2019-12-08T10:29:27.394+0000][1][safepoint    ] Leaving safepoint region
[2019-12-08T10:29:27.394+0000][1][safepoint    ] Total time for which application threads were stopped: 0.0000603 seconds, Stopping threads took: 0.0000164 seconds
[2019-12-08T10:29:28.394+0000][1][safepoint    ] Application time: 1.0000774 seconds
[2019-12-08T10:29:28.394+0000][1][safepoint    ] Entering safepoint region: Cleanup
[2019-12-08T10:29:28.394+0000][1][safepoint    ] Leaving safepoint region
[2019-12-08T10:29:28.394+0000][1][safepoint    ] Total time for which application threads were stopped: 0.0000605 seconds, Stopping threads took: 0.0000165 seconds
[2019-12-08T10:29:29.394+0000][1][safepoint    ] Application time: 1.0000766 seconds
[2019-12-08T10:29:29.394+0000][1][safepoint    ] Entering safepoint region: Cleanup
[2019-12-08T10:29:29.394+0000][1][safepoint    ] Leaving safepoint region
[2019-12-08T10:29:29.394+0000][1][safepoint    ] Total time for which application threads were stopped: 0.0000628 seconds, Stopping threads took: 0.0000166 seconds
[2019-12-08T10:29:30.394+0000][1][safepoint    ] Application time: 1.0000783 seconds
[2019-12-08T10:29:30.395+0000][1][safepoint    ] Entering safepoint region: Cleanup
[2019-12-08T10:29:30.395+0000][1][safepoint    ] Leaving safepoint region
[2019-12-08T10:29:30.395+0000][1][safepoint    ] Total time for which application threads were stopped: 0.0000632 seconds, Stopping threads took: 0.0000168 seconds
[2019-12-08T10:29:31.395+0000][1][safepoint    ] Application time: 1.0000800 seconds
[2019-12-08T10:29:31.395+0000][1][safepoint    ] Entering safepoint region: Cleanup
[2019-12-08T10:29:31.395+0000][1][safepoint    ] Leaving safepoint region
[2019-12-08T10:29:31.395+0000][1][safepoint    ] Total time for which application threads were stopped: 0.0000685 seconds, Stopping threads took: 0.0000176 seconds
[2019-12-08T10:29:32.395+0000][1][safepoint    ] Application time: 1.0000764 seconds
[2019-12-08T10:29:32.395+0000][1][safepoint    ] Entering safepoint region: Cleanup
[2019-12-08T10:29:32.395+0000][1][safepoint    ] Leaving safepoint region
[2019-12-08T10:29:32.395+0000][1][safepoint    ] Total time for which application threads were stopped: 0.0000655 seconds, Stopping threads took: 0.0000172 seconds
[2019-12-08T10:29:33.395+0000][1][safepoint    ] Application time: 1.0000755 seconds
[2019-12-08T10:29:33.395+0000][1][safepoint    ] Entering safepoint region: Cleanup
[2019-12-08T10:29:33.395+0000][1][safepoint    ] Leaving safepoint region
[2019-12-08T10:29:33.395+0000][1][safepoint    ] Total time for which application threads were stopped: 0.0000673 seconds, Stopping threads took: 0.0000179 seconds
[2019-12-08T10:29:34.395+0000][1][safepoint    ] Application time: 1.0000797 seconds
[2019-12-08T10:29:34.395+0000][1][safepoint    ] Entering safepoint region: Cleanup
[2019-12-08T10:29:34.395+0000][1][safepoint    ] Leaving safepoint region
[2019-12-08T10:29:34.395+0000][1][safepoint    ] Total time for which application threads were stopped: 0.0000718 seconds, Stopping threads took: 0.0000248 seconds
[2019-12-08T10:29:35.395+0000][1][safepoint    ] Application time: 1.0000762 seconds
[2019-12-08T10:29:35.395+0000][1][safepoint    ] Entering safepoint region: Cleanup
[2019-12-08T10:29:35.396+0000][1][safepoint    ] Leaving safepoint region
[2019-12-08T10:29:35.396+0000][1][safepoint    ] Total time for which application threads were stopped: 0.0000613 seconds, Stopping threads took: 0.0000164 seconds
[2019-12-08T10:29:36.396+0000][1][safepoint    ] Application time: 1.0000786 seconds
[2019-12-08T10:29:36.396+0000][1][safepoint    ] Entering safepoint region: Cleanup
[2019-12-08T10:29:36.396+0000][1][safepoint    ] Leaving safepoint region
[2019-12-08T10:29:36.396+0000][1][safepoint    ] Total time for which application threads were stopped: 0.0000820 seconds, Stopping threads took: 0.0000164 seconds
[2019-12-08T10:29:37.396+0000][1][safepoint    ] Application time: 1.0000768 seconds
[2019-12-08T10:29:37.396+0000][1][safepoint    ] Entering safepoint region: Cleanup
[2019-12-08T10:29:37.396+0000][1][safepoint    ] Leaving safepoint region
[2019-12-08T10:29:37.396+0000][1][safepoint    ] Total time for which application threads were stopped: 0.0000635 seconds, Stopping threads took: 0.0000158 seconds
[2019-12-08T10:29:38.396+0000][1][safepoint    ] Application time: 1.0000798 seconds
[2019-12-08T10:29:38.396+0000][1][safepoint    ] Entering safepoint region: Cleanup
[2019-12-08T10:29:38.396+0000][1][safepoint    ] Leaving safepoint region
[2019-12-08T10:29:38.396+0000][1][safepoint    ] Total time for which application threads were stopped: 0.0000653 seconds, Stopping threads took: 0.0000173 seconds
[2019-12-08T10:29:39.396+0000][1][safepoint    ] Application time: 1.0000757 seconds
[2019-12-08T10:29:39.396+0000][1][safepoint    ] Entering safepoint region: Cleanup
[2019-12-08T10:29:39.396+0000][1][safepoint    ] Leaving safepoint region
[2019-12-08T10:29:39.396+0000][1][safepoint    ] Total time for which application threads were stopped: 0.0000620 seconds, Stopping threads took: 0.0000166 seconds
[2019-12-08T10:29:40.415+0000][1][safepoint    ] Application time: 1.0190426 seconds
[2019-12-08T10:29:40.415+0000][1][safepoint    ] Entering safepoint region: Cleanup
[2019-12-08T10:29:40.415+0000][1][safepoint    ] Leaving safepoint region
[2019-12-08T10:29:40.415+0000][1][safepoint    ] Total time for which application threads were stopped: 0.0000631 seconds, Stopping threads took: 0.0000142 seconds
[2019-12-08T10:29:41.415+0000][1][safepoint    ] Application time: 1.0000740 seconds
[2019-12-08T10:29:41.416+0000][1][safepoint    ] Entering safepoint region: Cleanup
[2019-12-08T10:29:41.416+0000][1][safepoint    ] Leaving safepoint region
[2019-12-08T10:29:41.416+0000][1][safepoint    ] Total time for which application threads were stopped: 0.0000654 seconds, Stopping threads took: 0.0000162 seconds
[2019-12-08T10:29:42.416+0000][1][safepoint    ] Application time: 1.0000782 seconds
[2019-12-08T10:29:42.416+0000][1][safepoint    ] Entering safepoint region: Cleanup
[2019-12-08T10:29:42.416+0000][1][safepoint    ] Leaving safepoint region
[2019-12-08T10:29:42.416+0000][1][safepoint    ] Total time for which application threads were stopped: 0.0000615 seconds, Stopping threads took: 0.0000174 seconds
[2019-12-08T10:29:43.416+0000][1][safepoint    ] Application time: 1.0000754 seconds
[2019-12-08T10:29:43.416+0000][1][safepoint    ] Entering safepoint region: Cleanup
[2019-12-08T10:29:43.416+0000][1][safepoint    ] Leaving safepoint region
[2019-12-08T10:29:43.416+0000][1][safepoint    ] Total time for which application threads were stopped: 0.0000598 seconds, Stopping threads took: 0.0000157 seconds
[2019-12-08T10:29:44.416+0000][1][safepoint    ] Application time: 1.0000796 seconds
[2019-12-08T10:29:44.416+0000][1][safepoint    ] Entering safepoint region: Cleanup
[2019-12-08T10:29:44.416+0000][1][safepoint    ] Leaving safepoint region
[2019-12-08T10:29:44.416+0000][1][safepoint    ] Total time for which application threads were stopped: 0.0000632 seconds, Stopping threads took: 0.0000166 seconds
[2019-12-08T10:29:45.416+0000][1][safepoint    ] Application time: 1.0000857 seconds
[2019-12-08T10:29:45.416+0000][1][safepoint    ] Entering safepoint region: Cleanup
[2019-12-08T10:29:45.416+0000][1][safepoint    ] Leaving safepoint region
[2019-12-08T10:29:45.416+0000][1][safepoint    ] Total time for which application threads were stopped: 0.0001157 seconds, Stopping threads took: 0.0000515 seconds
[2019-12-08T10:29:46.416+0000][1][safepoint    ] Application time: 1.0000896 seconds
[2019-12-08T10:29:46.416+0000][1][safepoint    ] Entering safepoint region: Cleanup
[2019-12-08T10:29:46.417+0000][1][safepoint    ] Leaving safepoint region
[2019-12-08T10:29:46.417+0000][1][safepoint    ] Total time for which application threads were stopped: 0.0000672 seconds, Stopping threads took: 0.0000173 seconds
[2019-12-08T10:29:47.417+0000][1][safepoint    ] Application time: 1.0000840 seconds
[2019-12-08T10:29:47.417+0000][1][safepoint    ] Entering safepoint region: Cleanup
[2019-12-08T10:29:47.417+0000][1][safepoint    ] Leaving safepoint region
[2019-12-08T10:29:47.417+0000][1][safepoint    ] Total time for which application threads were stopped: 0.0000722 seconds, Stopping threads took: 0.0000251 seconds
[2019-12-08T10:29:48.417+0000][1][safepoint    ] Application time: 1.0000851 seconds
[2019-12-08T10:29:48.417+0000][1][safepoint    ] Entering safepoint region: Cleanup
[2019-12-08T10:29:48.417+0000][1][safepoint    ] Leaving safepoint region
[2019-12-08T10:29:48.417+0000][1][safepoint    ] Total time for which application threads were stopped: 0.0000618 seconds, Stopping threads took: 0.0000160 seconds
[2019-12-08T10:29:49.417+0000][1][safepoint    ] Application time: 1.0000859 seconds
[2019-12-08T10:29:49.417+0000][1][safepoint    ] Entering safepoint region: Cleanup
[2019-12-08T10:29:49.417+0000][1][safepoint    ] Leaving safepoint region
[2019-12-08T10:29:49.417+0000][1][safepoint    ] Total time for which application threads were stopped: 0.0000867 seconds, Stopping threads took: 0.0000234 seconds
[2019-12-08T10:29:50.417+0000][1][safepoint    ] Application time: 1.0000765 seconds
[2019-12-08T10:29:50.417+0000][1][safepoint    ] Entering safepoint region: Cleanup
[2019-12-08T10:29:50.417+0000][1][safepoint    ] Leaving safepoint region
[2019-12-08T10:29:50.417+0000][1][safepoint    ] Total time for which application threads were stopped: 0.0000644 seconds, Stopping threads took: 0.0000211 seconds
[2019-12-08T10:29:51.417+0000][1][safepoint    ] Application time: 1.0000780 seconds
[2019-12-08T10:29:51.417+0000][1][safepoint    ] Entering safepoint region: Cleanup
[2019-12-08T10:29:51.418+0000][1][safepoint    ] Leaving safepoint region
[2019-12-08T10:29:51.418+0000][1][safepoint    ] Total time for which application threads were stopped: 0.0000662 seconds, Stopping threads took: 0.0000174 seconds
[2019-12-08T10:29:52.418+0000][1][safepoint    ] Application time: 1.0000833 seconds
[2019-12-08T10:29:52.418+0000][1][safepoint    ] Entering safepoint region: Cleanup
[2019-12-08T10:29:52.418+0000][1][safepoint    ] Leaving safepoint region
[2019-12-08T10:29:52.418+0000][1][safepoint    ] Total time for which application threads were stopped: 0.0000793 seconds, Stopping threads took: 0.0000177 seconds
[2019-12-08T10:29:53.418+0000][1][safepoint    ] Application time: 1.0000776 seconds
[2019-12-08T10:29:53.418+0000][1][safepoint    ] Entering safepoint region: Cleanup
[2019-12-08T10:29:53.418+0000][1][safepoint    ] Leaving safepoint region
[2019-12-08T10:29:53.418+0000][1][safepoint    ] Total time for which application threads were stopped: 0.0000644 seconds, Stopping threads took: 0.0000171 seconds
[2019-12-08T10:29:54.418+0000][1][safepoint    ] Application time: 1.0000762 seconds
[2019-12-08T10:29:54.418+0000][1][safepoint    ] Entering safepoint region: Cleanup
[2019-12-08T10:29:54.418+0000][1][safepoint    ] Leaving safepoint region
[2019-12-08T10:29:54.418+0000][1][safepoint    ] Total time for which application threads were stopped: 0.0000650 seconds, Stopping threads took: 0.0000170 seconds
[2019-12-08T10:29:55.418+0000][1][safepoint    ] Application time: 1.0000776 seconds
[2019-12-08T10:29:55.418+0000][1][safepoint    ] Entering safepoint region: Cleanup
[2019-12-08T10:29:55.418+0000][1][safepoint    ] Leaving safepoint region
[2019-12-08T10:29:55.418+0000][1][safepoint    ] Total time for which application threads were stopped: 0.0000657 seconds, Stopping threads took: 0.0000167 seconds
[2019-12-08T10:29:56.418+0000][1][safepoint    ] Application time: 1.0000760 seconds
[2019-12-08T10:29:56.418+0000][1][safepoint    ] Entering safepoint region: Cleanup
[2019-12-08T10:29:56.418+0000][1][safepoint    ] Leaving safepoint region
[2019-12-08T10:29:56.418+0000][1][safepoint    ] Total time for which application threads were stopped: 0.0000651 seconds, Stopping threads took: 0.0000172 seconds
[2019-12-08T10:29:57.419+0000][1][safepoint    ] Application time: 1.0000779 seconds
[2019-12-08T10:29:57.419+0000][1][safepoint    ] Entering safepoint region: Cleanup
[2019-12-08T10:29:57.419+0000][1][safepoint    ] Leaving safepoint region
[2019-12-08T10:29:57.419+0000][1][safepoint    ] Total time for which application threads were stopped: 0.0000652 seconds, Stopping threads took: 0.0000160 seconds
[2019-12-08T10:29:58.419+0000][1][safepoint    ] Application time: 1.0000775 seconds
[2019-12-08T10:29:58.419+0000][1][safepoint    ] Entering safepoint region: Cleanup
[2019-12-08T10:29:58.419+0000][1][safepoint    ] Leaving safepoint region
[2019-12-08T10:29:58.419+0000][1][safepoint    ] Total time for which application threads were stopped: 0.0000682 seconds, Stopping threads took: 0.0000174 seconds
[2019-12-08T10:29:59.419+0000][1][safepoint    ] Application time: 1.0000757 seconds
[2019-12-08T10:29:59.419+0000][1][safepoint    ] Entering safepoint region: Cleanup
[2019-12-08T10:29:59.419+0000][1][safepoint    ] Leaving safepoint region
[2019-12-08T10:29:59.419+0000][1][safepoint    ] Total time for which application threads were stopped: 0.0000635 seconds, Stopping threads took: 0.0000165 seconds
[2019-12-08T10:30:00.419+0000][1][safepoint    ] Application time: 1.0000766 seconds
[2019-12-08T10:30:00.419+0000][1][safepoint    ] Entering safepoint region: Cleanup
[2019-12-08T10:30:00.419+0000][1][safepoint    ] Leaving safepoint region
[2019-12-08T10:30:00.419+0000][1][safepoint    ] Total time for which application threads were stopped: 0.0000649 seconds, Stopping threads took: 0.0000173 seconds
[2019-12-08T10:30:01.419+0000][1][safepoint    ] Application time: 1.0000827 seconds
[2019-12-08T10:30:01.419+0000][1][safepoint    ] Entering safepoint region: Cleanup
[2019-12-08T10:30:01.419+0000][1][safepoint    ] Leaving safepoint region
[2019-12-08T10:30:01.419+0000][1][safepoint    ] Total time for which application threads were stopped: 0.0000650 seconds, Stopping threads took: 0.0000168 seconds
[2019-12-08T10:30:02.419+0000][1][safepoint    ] Application time: 1.0000860 seconds
[2019-12-08T10:30:02.420+0000][1][safepoint    ] Entering safepoint region: Cleanup
[2019-12-08T10:30:02.420+0000][1][safepoint    ] Leaving safepoint region
[2019-12-08T10:30:02.420+0000][1][safepoint    ] Total time for which application threads were stopped: 0.0000700 seconds, Stopping threads took: 0.0000179 seconds
[2019-12-08T10:30:03.420+0000][1][safepoint    ] Application time: 1.0000794 seconds
[2019-12-08T10:30:03.420+0000][1][safepoint    ] Entering safepoint region: Cleanup
[2019-12-08T10:30:03.420+0000][1][safepoint    ] Leaving safepoint region
[2019-12-08T10:30:03.420+0000][1][safepoint    ] Total time for which application threads were stopped: 0.0000667 seconds, Stopping threads took: 0.0000178 seconds
[2019-12-08T10:30:04.420+0000][1][safepoint    ] Application time: 1.0000922 seconds
[2019-12-08T10:30:04.420+0000][1][safepoint    ] Entering safepoint region: Cleanup
[2019-12-08T10:30:04.420+0000][1][safepoint    ] Leaving safepoint region
[2019-12-08T10:30:04.420+0000][1][safepoint    ] Total time for which application threads were stopped: 0.0000661 seconds, Stopping threads took: 0.0000186 seconds
[2019-12-08T10:30:05.420+0000][1][safepoint    ] Application time: 1.0000767 seconds
[2019-12-08T10:30:05.420+0000][1][safepoint    ] Entering safepoint region: Cleanup
[2019-12-08T10:30:05.420+0000][1][safepoint    ] Leaving safepoint region
[2019-12-08T10:30:05.420+0000][1][safepoint    ] Total time for which application threads were stopped: 0.0000875 seconds, Stopping threads took: 0.0000176 seconds
[2019-12-08T10:30:06.420+0000][1][safepoint    ] Application time: 1.0000782 seconds
[2019-12-08T10:30:06.420+0000][1][safepoint    ] Entering safepoint region: Cleanup
[2019-12-08T10:30:06.420+0000][1][safepoint    ] Leaving safepoint region
[2019-12-08T10:30:06.420+0000][1][safepoint    ] Total time for which application threads were stopped: 0.0000670 seconds, Stopping threads took: 0.0000190 seconds
[2019-12-08T10:30:07.420+0000][1][safepoint    ] Application time: 1.0000812 seconds
[2019-12-08T10:30:07.421+0000][1][safepoint    ] Entering safepoint region: Cleanup
[2019-12-08T10:30:07.421+0000][1][safepoint    ] Leaving safepoint region
[2019-12-08T10:30:07.421+0000][1][safepoint    ] Total time for which application threads were stopped: 0.0000657 seconds, Stopping threads took: 0.0000181 seconds
[2019-12-08T10:30:08.421+0000][1][safepoint    ] Application time: 1.0000798 seconds
[2019-12-08T10:30:08.421+0000][1][safepoint    ] Entering safepoint region: Cleanup
[2019-12-08T10:30:08.421+0000][1][safepoint    ] Leaving safepoint region
[2019-12-08T10:30:08.421+0000][1][safepoint    ] Total time for which application threads were stopped: 0.0000762 seconds, Stopping threads took: 0.0000289 seconds
[2019-12-08T10:30:09.421+0000][1][safepoint    ] Application time: 1.0000776 seconds
[2019-12-08T10:30:09.421+0000][1][safepoint    ] Entering safepoint region: Cleanup
[2019-12-08T10:30:09.421+0000][1][safepoint    ] Leaving safepoint region
[2019-12-08T10:30:09.421+0000][1][safepoint    ] Total time for which application threads were stopped: 0.0000618 seconds, Stopping threads took: 0.0000165 seconds
[2019-12-08T10:30:10.421+0000][1][safepoint    ] Application time: 1.0000783 seconds
[2019-12-08T10:30:10.421+0000][1][safepoint    ] Entering safepoint region: Cleanup
[2019-12-08T10:30:10.421+0000][1][safepoint    ] Leaving safepoint region
[2019-12-08T10:30:10.421+0000][1][safepoint    ] Total time for which application threads were stopped: 0.0000665 seconds, Stopping threads took: 0.0000181 seconds
[2019-12-08T10:30:11.421+0000][1][safepoint    ] Application time: 1.0000794 seconds
[2019-12-08T10:30:11.421+0000][1][safepoint    ] Entering safepoint region: Cleanup
[2019-12-08T10:30:11.421+0000][1][safepoint    ] Leaving safepoint region
[2019-12-08T10:30:11.421+0000][1][safepoint    ] Total time for which application threads were stopped: 0.0000668 seconds, Stopping threads took: 0.0000175 seconds
[2019-12-08T10:30:12.421+0000][1][safepoint    ] Application time: 1.0000887 seconds
[2019-12-08T10:30:12.421+0000][1][safepoint    ] Entering safepoint region: Cleanup
[2019-12-08T10:30:12.422+0000][1][safepoint    ] Leaving safepoint region
[2019-12-08T10:30:12.422+0000][1][safepoint    ] Total time for which application threads were stopped: 0.0000627 seconds, Stopping threads took: 0.0000169 seconds
[2019-12-08T10:30:13.422+0000][1][safepoint    ] Application time: 1.0000800 seconds
[2019-12-08T10:30:13.422+0000][1][safepoint    ] Entering safepoint region: Cleanup
[2019-12-08T10:30:13.422+0000][1][safepoint    ] Leaving safepoint region
[2019-12-08T10:30:13.422+0000][1][safepoint    ] Total time for which application threads were stopped: 0.0000793 seconds, Stopping threads took: 0.0000171 seconds
[2019-12-08T10:30:14.422+0000][1][safepoint    ] Application time: 1.0000830 seconds
[2019-12-08T10:30:14.422+0000][1][safepoint    ] Entering safepoint region: Cleanup
[2019-12-08T10:30:14.422+0000][1][safepoint    ] Leaving safepoint region
[2019-12-08T10:30:14.422+0000][1][safepoint    ] Total time for which application threads were stopped: 0.0000649 seconds, Stopping threads took: 0.0000165 seconds
[2019-12-08T10:30:15.422+0000][1][safepoint    ] Application time: 1.0000778 seconds
[2019-12-08T10:30:15.422+0000][1][safepoint    ] Entering safepoint region: Cleanup
[2019-12-08T10:30:15.422+0000][1][safepoint    ] Leaving safepoint region
[2019-12-08T10:30:15.422+0000][1][safepoint    ] Total time for which application threads were stopped: 0.0000576 seconds, Stopping threads took: 0.0000150 seconds
[2019-12-08T10:30:16.422+0000][1][safepoint    ] Application time: 1.0000768 seconds
[2019-12-08T10:30:16.422+0000][1][safepoint    ] Entering safepoint region: Cleanup
[2019-12-08T10:30:16.422+0000][1][safepoint    ] Leaving safepoint region
[2019-12-08T10:30:16.422+0000][1][safepoint    ] Total time for which application threads were stopped: 0.0000606 seconds, Stopping threads took: 0.0000162 seconds
[2019-12-08T10:30:17.422+0000][1][safepoint    ] Application time: 1.0000784 seconds
[2019-12-08T10:30:17.422+0000][1][safepoint    ] Entering safepoint region: Cleanup
[2019-12-08T10:30:17.422+0000][1][safepoint    ] Leaving safepoint region
[2019-12-08T10:30:17.422+0000][1][safepoint    ] Total time for which application threads were stopped: 0.0000641 seconds, Stopping threads took: 0.0000178 seconds
[2019-12-08T10:30:18.423+0000][1][safepoint    ] Application time: 1.0000821 seconds
[2019-12-08T10:30:18.423+0000][1][safepoint    ] Entering safepoint region: Cleanup
[2019-12-08T10:30:18.423+0000][1][safepoint    ] Leaving safepoint region
[2019-12-08T10:30:18.423+0000][1][safepoint    ] Total time for which application threads were stopped: 0.0000641 seconds, Stopping threads took: 0.0000173 seconds
[2019-12-08T10:30:19.423+0000][1][safepoint    ] Application time: 1.0000903 seconds
[2019-12-08T10:30:19.423+0000][1][safepoint    ] Entering safepoint region: Cleanup
[2019-12-08T10:30:19.423+0000][1][safepoint    ] Leaving safepoint region
[2019-12-08T10:30:19.423+0000][1][safepoint    ] Total time for which application threads were stopped: 0.0000648 seconds, Stopping threads took: 0.0000171 seconds
[2019-12-08T10:31:02.449+0000][1][safepoint    ] Application time: 43.0262823 seconds
[2019-12-08T10:31:02.449+0000][1][safepoint    ] Entering safepoint region: Cleanup
[2019-12-08T10:31:02.449+0000][1][safepoint    ] Leaving safepoint region
[2019-12-08T10:31:02.449+0000][1][safepoint    ] Total time for which application threads were stopped: 0.0000784 seconds, Stopping threads took: 0.0000243 seconds
[2019-12-08T10:31:40.950+0000][1][safepoint    ] Application time: 38.5007813 seconds
[2019-12-08T10:31:40.950+0000][1][safepoint    ] Entering safepoint region: GenCollectForAllocation
[2019-12-08T10:31:40.950+0000][1][gc,start     ] GC(32) Pause Young (Allocation Failure)
[2019-12-08T10:31:40.950+0000][1][gc,task      ] GC(32) Using 4 workers of 4 for evacuation
[2019-12-08T10:31:40.951+0000][1][gc,age       ] GC(32) Desired survivor size 4456448 bytes, new threshold 6 (max threshold 6)
[2019-12-08T10:31:40.951+0000][1][gc,age       ] GC(32) Age table with threshold 6 (max threshold 6)
[2019-12-08T10:31:40.951+0000][1][gc,age       ] GC(32) - age   1:       2728 bytes,       2728 total
[2019-12-08T10:31:40.951+0000][1][gc,age       ] GC(32) - age   2:        120 bytes,       2848 total
[2019-12-08T10:31:40.951+0000][1][gc,age       ] GC(32) - age   3:       2664 bytes,       5512 total
[2019-12-08T10:31:40.951+0000][1][gc,age       ] GC(32) - age   4:       1448 bytes,       6960 total
[2019-12-08T10:31:40.951+0000][1][gc,age       ] GC(32) - age   5:       1968 bytes,       8928 total
[2019-12-08T10:31:40.951+0000][1][gc,age       ] GC(32) - age   6:       1888 bytes,      10816 total
[2019-12-08T10:31:40.951+0000][1][gc,heap      ] GC(32) ParNew: 69976K->17K(78656K)
[2019-12-08T10:31:40.951+0000][1][gc,heap      ] GC(32) CMS: 69598K->69602K(174784K)
[2019-12-08T10:31:40.951+0000][1][gc,metaspace ] GC(32) Metaspace: 68242K->68242K(1112064K)
[2019-12-08T10:31:40.951+0000][1][gc           ] GC(32) Pause Young (Allocation Failure) 136M->67M(247M) 0.979ms
[2019-12-08T10:31:40.951+0000][1][gc,cpu       ] GC(32) User=0.01s Sys=0.00s Real=0.01s
[2019-12-08T10:31:40.951+0000][1][safepoint    ] Leaving safepoint region
[2019-12-08T10:31:40.951+0000][1][safepoint    ] Total time for which application threads were stopped: 0.0011300 seconds, Stopping threads took: 0.0000253 seconds
[2019-12-08T10:32:15.954+0000][1][safepoint    ] Application time: 35.0025712 seconds
[2019-12-08T10:32:15.954+0000][1][safepoint    ] Entering safepoint region: Cleanup
[2019-12-08T10:32:15.954+0000][1][safepoint    ] Leaving safepoint region
[2019-12-08T10:32:15.954+0000][1][safepoint    ] Total time for which application threads were stopped: 0.0000822 seconds, Stopping threads took: 0.0000250 seconds
[2019-12-08T10:32:47.956+0000][1][safepoint    ] Application time: 32.0022598 seconds
[2019-12-08T10:32:47.956+0000][1][safepoint    ] Entering safepoint region: Cleanup
[2019-12-08T10:32:47.956+0000][1][safepoint    ] Leaving safepoint region
[2019-12-08T10:32:47.956+0000][1][safepoint    ] Total time for which application threads were stopped: 0.0000676 seconds, Stopping threads took: 0.0000180 seconds
[2019-12-08T10:32:48.956+0000][1][safepoint    ] Application time: 1.0000779 seconds
[2019-12-08T10:32:48.956+0000][1][safepoint    ] Entering safepoint region: Cleanup
[2019-12-08T10:32:48.956+0000][1][safepoint    ] Leaving safepoint region
[2019-12-08T10:32:48.956+0000][1][safepoint    ] Total time for which application threads were stopped: 0.0000665 seconds, Stopping threads took: 0.0000166 seconds
[2019-12-08T10:32:49.957+0000][1][safepoint    ] Application time: 1.0000852 seconds
[2019-12-08T10:32:49.957+0000][1][safepoint    ] Entering safepoint region: Cleanup
[2019-12-08T10:32:49.957+0000][1][safepoint    ] Leaving safepoint region
[2019-12-08T10:32:49.957+0000][1][safepoint    ] Total time for which application threads were stopped: 0.0000671 seconds, Stopping threads took: 0.0000176 seconds
[2019-12-08T10:32:50.957+0000][1][safepoint    ] Application time: 1.0000821 seconds
[2019-12-08T10:32:50.957+0000][1][safepoint    ] Entering safepoint region: Cleanup
[2019-12-08T10:32:50.957+0000][1][safepoint    ] Leaving safepoint region
[2019-12-08T10:32:50.957+0000][1][safepoint    ] Total time for which application threads were stopped: 0.0000879 seconds, Stopping threads took: 0.0000233 seconds
[2019-12-08T10:32:51.957+0000][1][safepoint    ] Application time: 1.0000799 seconds
[2019-12-08T10:32:51.957+0000][1][safepoint    ] Entering safepoint region: Cleanup
[2019-12-08T10:32:51.957+0000][1][safepoint    ] Leaving safepoint region
[2019-12-08T10:32:51.957+0000][1][safepoint    ] Total time for which application threads were stopped: 0.0000772 seconds, Stopping threads took: 0.0000267 seconds
[2019-12-08T10:32:52.957+0000][1][safepoint    ] Application time: 1.0000784 seconds
[2019-12-08T10:32:52.957+0000][1][safepoint    ] Entering safepoint region: Cleanup
[2019-12-08T10:32:52.957+0000][1][safepoint    ] Leaving safepoint region
[2019-12-08T10:32:52.957+0000][1][safepoint    ] Total time for which application threads were stopped: 0.0000726 seconds, Stopping threads took: 0.0000168 seconds
[2019-12-08T10:32:53.957+0000][1][safepoint    ] Application time: 1.0000771 seconds
[2019-12-08T10:32:53.957+0000][1][safepoint    ] Entering safepoint region: Cleanup
[2019-12-08T10:32:53.957+0000][1][safepoint    ] Leaving safepoint region
[2019-12-08T10:32:53.957+0000][1][safepoint    ] Total time for which application threads were stopped: 0.0000632 seconds, Stopping threads took: 0.0000164 seconds
[2019-12-08T10:32:54.958+0000][1][safepoint    ] Application time: 1.0000781 seconds
[2019-12-08T10:32:54.958+0000][1][safepoint    ] Entering safepoint region: Cleanup
[2019-12-08T10:32:54.958+0000][1][safepoint    ] Leaving safepoint region
[2019-12-08T10:32:54.958+0000][1][safepoint    ] Total time for which application threads were stopped: 0.0000645 seconds, Stopping threads took: 0.0000167 seconds
[2019-12-08T10:32:55.958+0000][1][safepoint    ] Application time: 1.0000882 seconds
[2019-12-08T10:32:55.958+0000][1][safepoint    ] Entering safepoint region: Cleanup
[2019-12-08T10:32:55.958+0000][1][safepoint    ] Leaving safepoint region
[2019-12-08T10:32:55.958+0000][1][safepoint    ] Total time for which application threads were stopped: 0.0000649 seconds, Stopping threads took: 0.0000170 seconds
[2019-12-08T10:32:56.958+0000][1][safepoint    ] Application time: 1.0000761 seconds
[2019-12-08T10:32:56.958+0000][1][safepoint    ] Entering safepoint region: Cleanup
[2019-12-08T10:32:56.958+0000][1][safepoint    ] Leaving safepoint region
[2019-12-08T10:32:56.958+0000][1][safepoint    ] Total time for which application threads were stopped: 0.0000654 seconds, Stopping threads took: 0.0000176 seconds
[2019-12-08T10:32:57.958+0000][1][safepoint    ] Application time: 1.0000790 seconds
[2019-12-08T10:32:57.958+0000][1][safepoint    ] Entering safepoint region: Cleanup
[2019-12-08T10:32:57.958+0000][1][safepoint    ] Leaving safepoint region
[2019-12-08T10:32:57.958+0000][1][safepoint    ] Total time for which application threads were stopped: 0.0000638 seconds, Stopping threads took: 0.0000159 seconds
[2019-12-08T10:32:58.958+0000][1][safepoint    ] Application time: 1.0000795 seconds
[2019-12-08T10:32:58.958+0000][1][safepoint    ] Entering safepoint region: Cleanup
[2019-12-08T10:32:58.958+0000][1][safepoint    ] Leaving safepoint region
[2019-12-08T10:32:58.958+0000][1][safepoint    ] Total time for which application threads were stopped: 0.0000656 seconds, Stopping threads took: 0.0000169 seconds
[2019-12-08T10:32:59.958+0000][1][safepoint    ] Application time: 1.0000771 seconds
[2019-12-08T10:32:59.958+0000][1][safepoint    ] Entering safepoint region: Cleanup
[2019-12-08T10:32:59.959+0000][1][safepoint    ] Leaving safepoint region
[2019-12-08T10:32:59.959+0000][1][safepoint    ] Total time for which application threads were stopped: 0.0000673 seconds, Stopping threads took: 0.0000179 seconds
[2019-12-08T10:33:00.959+0000][1][safepoint    ] Application time: 1.0000770 seconds
[2019-12-08T10:33:00.959+0000][1][safepoint    ] Entering safepoint region: Cleanup
[2019-12-08T10:33:00.959+0000][1][safepoint    ] Leaving safepoint region
[2019-12-08T10:33:00.959+0000][1][safepoint    ] Total time for which application threads were stopped: 0.0000760 seconds, Stopping threads took: 0.0000167 seconds
[2019-12-08T10:33:01.959+0000][1][safepoint    ] Application time: 1.0000911 seconds
[2019-12-08T10:33:01.959+0000][1][safepoint    ] Entering safepoint region: Cleanup
[2019-12-08T10:33:01.959+0000][1][safepoint    ] Leaving safepoint region
[2019-12-08T10:33:01.959+0000][1][safepoint    ] Total time for which application threads were stopped: 0.0000943 seconds, Stopping threads took: 0.0000245 seconds
[2019-12-08T10:33:02.959+0000][1][safepoint    ] Application time: 1.0000823 seconds
[2019-12-08T10:33:02.959+0000][1][safepoint    ] Entering safepoint region: Cleanup
[2019-12-08T10:33:02.959+0000][1][safepoint    ] Leaving safepoint region
[2019-12-08T10:33:02.959+0000][1][safepoint    ] Total time for which application threads were stopped: 0.0000694 seconds, Stopping threads took: 0.0000188 seconds
[2019-12-08T10:33:03.959+0000][1][safepoint    ] Application time: 1.0000791 seconds
[2019-12-08T10:33:03.959+0000][1][safepoint    ] Entering safepoint region: Cleanup
[2019-12-08T10:33:03.959+0000][1][safepoint    ] Leaving safepoint region
[2019-12-08T10:33:03.959+0000][1][safepoint    ] Total time for which application threads were stopped: 0.0000651 seconds, Stopping threads took: 0.0000165 seconds
[2019-12-08T10:33:04.959+0000][1][safepoint    ] Application time: 1.0000861 seconds
[2019-12-08T10:33:04.960+0000][1][safepoint    ] Entering safepoint region: Cleanup
[2019-12-08T10:33:04.960+0000][1][safepoint    ] Leaving safepoint region
[2019-12-08T10:33:04.960+0000][1][safepoint    ] Total time for which application threads were stopped: 0.0000700 seconds, Stopping threads took: 0.0000191 seconds
[2019-12-08T10:33:06.689+0000][1][safepoint    ] Application time: 1.7297592 seconds
[2019-12-08T10:33:06.689+0000][1][safepoint    ] Entering safepoint region: Cleanup
[2019-12-08T10:33:06.689+0000][1][safepoint    ] Leaving safepoint region
[2019-12-08T10:33:06.689+0000][1][safepoint    ] Total time for which application threads were stopped: 0.0000804 seconds, Stopping threads took: 0.0000159 seconds
[2019-12-08T10:33:07.690+0000][1][safepoint    ] Application time: 1.0000762 seconds
[2019-12-08T10:33:07.690+0000][1][safepoint    ] Entering safepoint region: Cleanup
[2019-12-08T10:33:07.690+0000][1][safepoint    ] Leaving safepoint region
[2019-12-08T10:33:07.690+0000][1][safepoint    ] Total time for which application threads were stopped: 0.0000588 seconds, Stopping threads took: 0.0000161 seconds
[2019-12-08T10:33:08.690+0000][1][safepoint    ] Application time: 1.0000754 seconds
[2019-12-08T10:33:08.690+0000][1][safepoint    ] Entering safepoint region: Cleanup
[2019-12-08T10:33:08.690+0000][1][safepoint    ] Leaving safepoint region
[2019-12-08T10:33:08.690+0000][1][safepoint    ] Total time for which application threads were stopped: 0.0000605 seconds, Stopping threads took: 0.0000152 seconds
[2019-12-08T10:33:09.690+0000][1][safepoint    ] Application time: 1.0000755 seconds
[2019-12-08T10:33:09.690+0000][1][safepoint    ] Entering safepoint region: Cleanup
[2019-12-08T10:33:09.690+0000][1][safepoint    ] Leaving safepoint region
[2019-12-08T10:33:09.690+0000][1][safepoint    ] Total time for which application threads were stopped: 0.0000563 seconds, Stopping threads took: 0.0000150 seconds
[2019-12-08T10:33:10.690+0000][1][safepoint    ] Application time: 1.0000748 seconds
[2019-12-08T10:33:10.690+0000][1][safepoint    ] Entering safepoint region: Cleanup
[2019-12-08T10:33:10.690+0000][1][safepoint    ] Leaving safepoint region
[2019-12-08T10:33:10.690+0000][1][safepoint    ] Total time for which application threads were stopped: 0.0000614 seconds, Stopping threads took: 0.0000151 seconds
[2019-12-08T10:33:11.690+0000][1][safepoint    ] Application time: 1.0000760 seconds
[2019-12-08T10:33:11.690+0000][1][safepoint    ] Entering safepoint region: Cleanup
[2019-12-08T10:33:11.690+0000][1][safepoint    ] Leaving safepoint region
[2019-12-08T10:33:11.690+0000][1][safepoint    ] Total time for which application threads were stopped: 0.0000801 seconds, Stopping threads took: 0.0000345 seconds
[2019-12-08T10:33:12.690+0000][1][safepoint    ] Application time: 1.0000758 seconds
[2019-12-08T10:33:12.690+0000][1][safepoint    ] Entering safepoint region: Cleanup
[2019-12-08T10:33:12.690+0000][1][safepoint    ] Leaving safepoint region
[2019-12-08T10:33:12.690+0000][1][safepoint    ] Total time for which application threads were stopped: 0.0000599 seconds, Stopping threads took: 0.0000164 seconds
[2019-12-08T10:33:13.691+0000][1][safepoint    ] Application time: 1.0000826 seconds
[2019-12-08T10:33:13.691+0000][1][safepoint    ] Entering safepoint region: Cleanup
[2019-12-08T10:33:13.691+0000][1][safepoint    ] Leaving safepoint region
[2019-12-08T10:33:13.691+0000][1][safepoint    ] Total time for which application threads were stopped: 0.0000632 seconds, Stopping threads took: 0.0000169 seconds
[2019-12-08T10:33:14.691+0000][1][safepoint    ] Application time: 1.0000795 seconds
[2019-12-08T10:33:14.691+0000][1][safepoint    ] Entering safepoint region: Cleanup
[2019-12-08T10:33:14.691+0000][1][safepoint    ] Leaving safepoint region
[2019-12-08T10:33:14.691+0000][1][safepoint    ] Total time for which application threads were stopped: 0.0000615 seconds, Stopping threads took: 0.0000169 seconds
[2019-12-08T10:33:15.691+0000][1][safepoint    ] Application time: 1.0000778 seconds
[2019-12-08T10:33:15.691+0000][1][safepoint    ] Entering safepoint region: Cleanup
[2019-12-08T10:33:15.691+0000][1][safepoint    ] Leaving safepoint region
[2019-12-08T10:33:15.691+0000][1][safepoint    ] Total time for which application threads were stopped: 0.0000656 seconds, Stopping threads took: 0.0000164 seconds
[2019-12-08T10:33:16.691+0000][1][safepoint    ] Application time: 1.0000812 seconds
[2019-12-08T10:33:16.691+0000][1][safepoint    ] Entering safepoint region: Cleanup
[2019-12-08T10:33:16.691+0000][1][safepoint    ] Leaving safepoint region
[2019-12-08T10:33:16.691+0000][1][safepoint    ] Total time for which application threads were stopped: 0.0000623 seconds, Stopping threads took: 0.0000167 seconds
[2019-12-08T10:33:17.691+0000][1][safepoint    ] Application time: 1.0000774 seconds
[2019-12-08T10:33:17.691+0000][1][safepoint    ] Entering safepoint region: Cleanup
[2019-12-08T10:33:17.691+0000][1][safepoint    ] Leaving safepoint region
[2019-12-08T10:33:17.691+0000][1][safepoint    ] Total time for which application threads were stopped: 0.0000612 seconds, Stopping threads took: 0.0000154 seconds
[2019-12-08T10:33:18.691+0000][1][safepoint    ] Application time: 1.0000880 seconds
[2019-12-08T10:33:18.691+0000][1][safepoint    ] Entering safepoint region: Cleanup
[2019-12-08T10:33:18.691+0000][1][safepoint    ] Leaving safepoint region
[2019-12-08T10:33:18.691+0000][1][safepoint    ] Total time for which application threads were stopped: 0.0000638 seconds, Stopping threads took: 0.0000167 seconds
[2019-12-08T10:33:19.692+0000][1][safepoint    ] Application time: 1.0000794 seconds
[2019-12-08T10:33:19.692+0000][1][safepoint    ] Entering safepoint region: Cleanup
[2019-12-08T10:33:19.692+0000][1][safepoint    ] Leaving safepoint region
[2019-12-08T10:33:19.692+0000][1][safepoint    ] Total time for which application threads were stopped: 0.0000602 seconds, Stopping threads took: 0.0000154 seconds
[2019-12-08T10:33:20.692+0000][1][safepoint    ] Application time: 1.0000768 seconds
[2019-12-08T10:33:20.692+0000][1][safepoint    ] Entering safepoint region: Cleanup
[2019-12-08T10:33:20.692+0000][1][safepoint    ] Leaving safepoint region
[2019-12-08T10:33:20.692+0000][1][safepoint    ] Total time for which application threads were stopped: 0.0000597 seconds, Stopping threads took: 0.0000154 seconds
[2019-12-08T10:33:21.692+0000][1][safepoint    ] Application time: 1.0000748 seconds
[2019-12-08T10:33:21.692+0000][1][safepoint    ] Entering safepoint region: Cleanup
[2019-12-08T10:33:21.692+0000][1][safepoint    ] Leaving safepoint region
[2019-12-08T10:33:21.692+0000][1][safepoint    ] Total time for which application threads were stopped: 0.0000566 seconds, Stopping threads took: 0.0000144 seconds
[2019-12-08T10:33:22.692+0000][1][safepoint    ] Application time: 1.0000749 seconds
[2019-12-08T10:33:22.692+0000][1][safepoint    ] Entering safepoint region: Cleanup
[2019-12-08T10:33:22.692+0000][1][safepoint    ] Leaving safepoint region
[2019-12-08T10:33:22.692+0000][1][safepoint    ] Total time for which application threads were stopped: 0.0000608 seconds, Stopping threads took: 0.0000160 seconds
[2019-12-08T10:33:23.692+0000][1][safepoint    ] Application time: 1.0000754 seconds
[2019-12-08T10:33:23.692+0000][1][safepoint    ] Entering safepoint region: Cleanup
[2019-12-08T10:33:23.692+0000][1][safepoint    ] Leaving safepoint region
[2019-12-08T10:33:23.692+0000][1][safepoint    ] Total time for which application threads were stopped: 0.0000596 seconds, Stopping threads took: 0.0000159 seconds
[2019-12-08T10:33:24.692+0000][1][safepoint    ] Application time: 1.0000747 seconds
[2019-12-08T10:33:24.692+0000][1][safepoint    ] Entering safepoint region: Cleanup
[2019-12-08T10:33:24.692+0000][1][safepoint    ] Leaving safepoint region
[2019-12-08T10:33:24.692+0000][1][safepoint    ] Total time for which application threads were stopped: 0.0000603 seconds, Stopping threads took: 0.0000150 seconds
[2019-12-08T10:33:25.693+0000][1][safepoint    ] Application time: 1.0000798 seconds
[2019-12-08T10:33:25.693+0000][1][safepoint    ] Entering safepoint region: Cleanup
[2019-12-08T10:33:25.693+0000][1][safepoint    ] Leaving safepoint region
[2019-12-08T10:33:25.693+0000][1][safepoint    ] Total time for which application threads were stopped: 0.0000621 seconds, Stopping threads took: 0.0000158 seconds
[2019-12-08T10:33:26.693+0000][1][safepoint    ] Application time: 1.0000754 seconds
[2019-12-08T10:33:26.693+0000][1][safepoint    ] Entering safepoint region: Cleanup
[2019-12-08T10:33:26.693+0000][1][safepoint    ] Leaving safepoint region
[2019-12-08T10:33:26.693+0000][1][safepoint    ] Total time for which application threads were stopped: 0.0000607 seconds, Stopping threads took: 0.0000161 seconds
[2019-12-08T10:33:27.693+0000][1][safepoint    ] Application time: 1.0000472 seconds
[2019-12-08T10:33:27.693+0000][1][safepoint    ] Entering safepoint region: Cleanup
[2019-12-08T10:33:27.693+0000][1][safepoint    ] Leaving safepoint region
[2019-12-08T10:33:27.693+0000][1][safepoint    ] Total time for which application threads were stopped: 0.0000622 seconds, Stopping threads took: 0.0000175 seconds
[2019-12-08T10:33:28.693+0000][1][safepoint    ] Application time: 1.0000795 seconds
[2019-12-08T10:33:28.693+0000][1][safepoint    ] Entering safepoint region: Cleanup
[2019-12-08T10:33:28.693+0000][1][safepoint    ] Leaving safepoint region
[2019-12-08T10:33:28.693+0000][1][safepoint    ] Total time for which application threads were stopped: 0.0000611 seconds, Stopping threads took: 0.0000167 seconds
[2019-12-08T10:33:29.693+0000][1][safepoint    ] Application time: 1.0000756 seconds
[2019-12-08T10:33:29.693+0000][1][safepoint    ] Entering safepoint region: Cleanup
[2019-12-08T10:33:29.693+0000][1][safepoint    ] Leaving safepoint region
[2019-12-08T10:33:29.693+0000][1][safepoint    ] Total time for which application threads were stopped: 0.0000611 seconds, Stopping threads took: 0.0000163 seconds
[2019-12-08T10:33:30.991+0000][1][safepoint    ] Application time: 1.2975601 seconds
[2019-12-08T10:33:30.991+0000][1][safepoint    ] Entering safepoint region: Cleanup
[2019-12-08T10:33:30.991+0000][1][safepoint    ] Leaving safepoint region
[2019-12-08T10:33:30.991+0000][1][safepoint    ] Total time for which application threads were stopped: 0.0000643 seconds, Stopping threads took: 0.0000179 seconds
[2019-12-08T10:33:31.991+0000][1][safepoint    ] Application time: 1.0000772 seconds
[2019-12-08T10:33:31.991+0000][1][safepoint    ] Entering safepoint region: Cleanup
[2019-12-08T10:33:31.991+0000][1][safepoint    ] Leaving safepoint region
[2019-12-08T10:33:31.991+0000][1][safepoint    ] Total time for which application threads were stopped: 0.0000637 seconds, Stopping threads took: 0.0000164 seconds
[2019-12-08T10:33:32.991+0000][1][safepoint    ] Application time: 1.0000789 seconds
[2019-12-08T10:33:32.991+0000][1][safepoint    ] Entering safepoint region: Cleanup
[2019-12-08T10:33:32.991+0000][1][safepoint    ] Leaving safepoint region
[2019-12-08T10:33:32.991+0000][1][safepoint    ] Total time for which application threads were stopped: 0.0000661 seconds, Stopping threads took: 0.0000179 seconds
[2019-12-08T10:33:33.991+0000][1][safepoint    ] Application time: 1.0000905 seconds
[2019-12-08T10:33:33.991+0000][1][safepoint    ] Entering safepoint region: Cleanup
[2019-12-08T10:33:33.992+0000][1][safepoint    ] Leaving safepoint region
[2019-12-08T10:33:33.992+0000][1][safepoint    ] Total time for which application threads were stopped: 0.0000615 seconds, Stopping threads took: 0.0000164 seconds
[2019-12-08T10:33:34.992+0000][1][safepoint    ] Application time: 1.0000834 seconds
[2019-12-08T10:33:34.992+0000][1][safepoint    ] Entering safepoint region: Cleanup
[2019-12-08T10:33:34.992+0000][1][safepoint    ] Leaving safepoint region
[2019-12-08T10:33:34.992+0000][1][safepoint    ] Total time for which application threads were stopped: 0.0000867 seconds, Stopping threads took: 0.0000243 seconds
[2019-12-08T10:33:35.992+0000][1][safepoint    ] Application time: 1.0000779 seconds
[2019-12-08T10:33:35.992+0000][1][safepoint    ] Entering safepoint region: Cleanup
[2019-12-08T10:33:35.992+0000][1][safepoint    ] Leaving safepoint region
[2019-12-08T10:33:35.992+0000][1][safepoint    ] Total time for which application threads were stopped: 0.0000598 seconds, Stopping threads took: 0.0000144 seconds
[2019-12-08T10:33:36.992+0000][1][safepoint    ] Application time: 1.0000799 seconds
[2019-12-08T10:33:36.992+0000][1][safepoint    ] Entering safepoint region: Cleanup
[2019-12-08T10:33:36.992+0000][1][safepoint    ] Leaving safepoint region
[2019-12-08T10:33:36.992+0000][1][safepoint    ] Total time for which application threads were stopped: 0.0000636 seconds, Stopping threads took: 0.0000168 seconds
[2019-12-08T10:33:37.992+0000][1][safepoint    ] Application time: 1.0000752 seconds
[2019-12-08T10:33:37.992+0000][1][safepoint    ] Entering safepoint region: Cleanup
[2019-12-08T10:33:37.992+0000][1][safepoint    ] Leaving safepoint region
[2019-12-08T10:33:37.992+0000][1][safepoint    ] Total time for which application threads were stopped: 0.0000646 seconds, Stopping threads took: 0.0000164 seconds
[2019-12-08T10:33:38.992+0000][1][safepoint    ] Application time: 1.0000740 seconds
[2019-12-08T10:33:38.992+0000][1][safepoint    ] Entering safepoint region: Cleanup
[2019-12-08T10:33:38.992+0000][1][safepoint    ] Leaving safepoint region
[2019-12-08T10:33:38.992+0000][1][safepoint    ] Total time for which application threads were stopped: 0.0000639 seconds, Stopping threads took: 0.0000158 seconds
[2019-12-08T10:33:39.993+0000][1][safepoint    ] Application time: 1.0000822 seconds
[2019-12-08T10:33:39.993+0000][1][safepoint    ] Entering safepoint region: Cleanup
[2019-12-08T10:33:39.993+0000][1][safepoint    ] Leaving safepoint region
[2019-12-08T10:33:39.993+0000][1][safepoint    ] Total time for which application threads were stopped: 0.0000641 seconds, Stopping threads took: 0.0000171 seconds
[2019-12-08T10:33:40.993+0000][1][safepoint    ] Application time: 1.0000431 seconds
[2019-12-08T10:33:40.993+0000][1][safepoint    ] Entering safepoint region: Cleanup
[2019-12-08T10:33:40.993+0000][1][safepoint    ] Leaving safepoint region
[2019-12-08T10:33:40.993+0000][1][safepoint    ] Total time for which application threads were stopped: 0.0000617 seconds, Stopping threads took: 0.0000151 seconds
[2019-12-08T10:33:41.993+0000][1][safepoint    ] Application time: 1.0000839 seconds
[2019-12-08T10:33:41.993+0000][1][safepoint    ] Entering safepoint region: Cleanup
[2019-12-08T10:33:41.993+0000][1][safepoint    ] Leaving safepoint region
[2019-12-08T10:33:41.993+0000][1][safepoint    ] Total time for which application threads were stopped: 0.0000622 seconds, Stopping threads took: 0.0000157 seconds
[2019-12-08T10:33:42.993+0000][1][safepoint    ] Application time: 1.0000787 seconds
[2019-12-08T10:33:42.993+0000][1][safepoint    ] Entering safepoint region: Cleanup
[2019-12-08T10:33:42.993+0000][1][safepoint    ] Leaving safepoint region
[2019-12-08T10:33:42.993+0000][1][safepoint    ] Total time for which application threads were stopped: 0.0000636 seconds, Stopping threads took: 0.0000165 seconds
[2019-12-08T10:33:43.993+0000][1][safepoint    ] Application time: 1.0000740 seconds
[2019-12-08T10:33:43.993+0000][1][safepoint    ] Entering safepoint region: Cleanup
[2019-12-08T10:33:43.993+0000][1][safepoint    ] Leaving safepoint region
[2019-12-08T10:33:43.993+0000][1][safepoint    ] Total time for which application threads were stopped: 0.0000595 seconds, Stopping threads took: 0.0000143 seconds
[2019-12-08T10:33:44.993+0000][1][safepoint    ] Application time: 1.0000773 seconds
[2019-12-08T10:33:44.993+0000][1][safepoint    ] Entering safepoint region: Cleanup
[2019-12-08T10:33:44.994+0000][1][safepoint    ] Leaving safepoint region
[2019-12-08T10:33:44.994+0000][1][safepoint    ] Total time for which application threads were stopped: 0.0000599 seconds, Stopping threads took: 0.0000149 seconds
[2019-12-08T10:33:45.994+0000][1][safepoint    ] Application time: 1.0000766 seconds
[2019-12-08T10:33:45.994+0000][1][safepoint    ] Entering safepoint region: Cleanup
[2019-12-08T10:33:45.994+0000][1][safepoint    ] Leaving safepoint region
[2019-12-08T10:33:45.994+0000][1][safepoint    ] Total time for which application threads were stopped: 0.0000723 seconds, Stopping threads took: 0.0000154 seconds
[2019-12-08T10:33:46.994+0000][1][safepoint    ] Application time: 1.0000814 seconds
[2019-12-08T10:33:46.994+0000][1][safepoint    ] Entering safepoint region: Cleanup
[2019-12-08T10:33:46.994+0000][1][safepoint    ] Leaving safepoint region
[2019-12-08T10:33:46.994+0000][1][safepoint    ] Total time for which application threads were stopped: 0.0000612 seconds, Stopping threads took: 0.0000161 seconds
[2019-12-08T10:33:47.994+0000][1][safepoint    ] Application time: 1.0000795 seconds
[2019-12-08T10:33:47.994+0000][1][safepoint    ] Entering safepoint region: Cleanup
[2019-12-08T10:33:47.994+0000][1][safepoint    ] Leaving safepoint region
[2019-12-08T10:33:47.994+0000][1][safepoint    ] Total time for which application threads were stopped: 0.0000637 seconds, Stopping threads took: 0.0000162 seconds
[2019-12-08T10:33:48.994+0000][1][safepoint    ] Application time: 1.0000769 seconds
[2019-12-08T10:33:48.994+0000][1][safepoint    ] Entering safepoint region: Cleanup
[2019-12-08T10:33:48.994+0000][1][safepoint    ] Leaving safepoint region
[2019-12-08T10:33:48.994+0000][1][safepoint    ] Total time for which application threads were stopped: 0.0000627 seconds, Stopping threads took: 0.0000164 seconds
[2019-12-08T10:33:49.994+0000][1][safepoint    ] Application time: 1.0000762 seconds
[2019-12-08T10:33:49.994+0000][1][safepoint    ] Entering safepoint region: Cleanup
[2019-12-08T10:33:49.994+0000][1][safepoint    ] Leaving safepoint region
[2019-12-08T10:33:49.994+0000][1][safepoint    ] Total time for which application threads were stopped: 0.0000600 seconds, Stopping threads took: 0.0000148 seconds
[2019-12-08T10:33:50.995+0000][1][safepoint    ] Application time: 1.0000746 seconds
[2019-12-08T10:33:50.995+0000][1][safepoint    ] Entering safepoint region: Cleanup
[2019-12-08T10:33:50.995+0000][1][safepoint    ] Leaving safepoint region
[2019-12-08T10:33:50.995+0000][1][safepoint    ] Total time for which application threads were stopped: 0.0000605 seconds, Stopping threads took: 0.0000149 seconds
[2019-12-08T10:33:51.995+0000][1][safepoint    ] Application time: 1.0000809 seconds
[2019-12-08T10:33:51.995+0000][1][safepoint    ] Entering safepoint region: Cleanup
[2019-12-08T10:33:51.995+0000][1][safepoint    ] Leaving safepoint region
[2019-12-08T10:33:51.995+0000][1][safepoint    ] Total time for which application threads were stopped: 0.0000725 seconds, Stopping threads took: 0.0000244 seconds
[2019-12-08T10:33:52.995+0000][1][safepoint    ] Application time: 1.0000794 seconds
[2019-12-08T10:33:52.995+0000][1][safepoint    ] Entering safepoint region: Cleanup
[2019-12-08T10:33:52.995+0000][1][safepoint    ] Leaving safepoint region
[2019-12-08T10:33:52.995+0000][1][safepoint    ] Total time for which application threads were stopped: 0.0000642 seconds, Stopping threads took: 0.0000161 seconds
[2019-12-08T10:33:53.995+0000][1][safepoint    ] Application time: 1.0000780 seconds
[2019-12-08T10:33:53.995+0000][1][safepoint    ] Entering safepoint region: Cleanup
[2019-12-08T10:33:53.995+0000][1][safepoint    ] Leaving safepoint region
[2019-12-08T10:33:53.995+0000][1][safepoint    ] Total time for which application threads were stopped: 0.0000634 seconds, Stopping threads took: 0.0000169 seconds
[2019-12-08T10:33:54.995+0000][1][safepoint    ] Application time: 1.0000916 seconds
[2019-12-08T10:33:54.995+0000][1][safepoint    ] Entering safepoint region: Cleanup
[2019-12-08T10:33:54.995+0000][1][safepoint    ] Leaving safepoint region
[2019-12-08T10:33:54.995+0000][1][safepoint    ] Total time for which application threads were stopped: 0.0000640 seconds, Stopping threads took: 0.0000167 seconds
[2019-12-08T10:33:55.995+0000][1][safepoint    ] Application time: 1.0000810 seconds
[2019-12-08T10:33:55.996+0000][1][safepoint    ] Entering safepoint region: Cleanup
[2019-12-08T10:33:55.996+0000][1][safepoint    ] Leaving safepoint region
[2019-12-08T10:33:55.996+0000][1][safepoint    ] Total time for which application threads were stopped: 0.0000610 seconds, Stopping threads took: 0.0000152 seconds
[2019-12-08T10:33:56.996+0000][1][safepoint    ] Application time: 1.0000787 seconds
[2019-12-08T10:33:56.996+0000][1][safepoint    ] Entering safepoint region: Cleanup
[2019-12-08T10:33:56.996+0000][1][safepoint    ] Leaving safepoint region
[2019-12-08T10:33:56.996+0000][1][safepoint    ] Total time for which application threads were stopped: 0.0000650 seconds, Stopping threads took: 0.0000168 seconds
[2019-12-08T10:33:57.996+0000][1][safepoint    ] Application time: 1.0000796 seconds
[2019-12-08T10:33:57.996+0000][1][safepoint    ] Entering safepoint region: Cleanup
[2019-12-08T10:33:57.996+0000][1][safepoint    ] Leaving safepoint region
[2019-12-08T10:33:57.996+0000][1][safepoint    ] Total time for which application threads were stopped: 0.0000618 seconds, Stopping threads took: 0.0000165 seconds
[2019-12-08T10:33:58.996+0000][1][safepoint    ] Application time: 1.0000771 seconds
[2019-12-08T10:33:58.996+0000][1][safepoint    ] Entering safepoint region: Cleanup
[2019-12-08T10:33:58.996+0000][1][safepoint    ] Leaving safepoint region
[2019-12-08T10:33:58.996+0000][1][safepoint    ] Total time for which application threads were stopped: 0.0000644 seconds, Stopping threads took: 0.0000166 seconds
[2019-12-08T10:33:59.996+0000][1][safepoint    ] Application time: 1.0000798 seconds
[2019-12-08T10:33:59.996+0000][1][safepoint    ] Entering safepoint region: Cleanup
[2019-12-08T10:33:59.996+0000][1][safepoint    ] Leaving safepoint region
[2019-12-08T10:33:59.996+0000][1][safepoint    ] Total time for which application threads were stopped: 0.0000619 seconds, Stopping threads took: 0.0000165 seconds
[2019-12-08T10:34:00.996+0000][1][safepoint    ] Application time: 1.0000743 seconds
[2019-12-08T10:34:00.996+0000][1][safepoint    ] Entering safepoint region: Cleanup
[2019-12-08T10:34:00.996+0000][1][safepoint    ] Leaving safepoint region
[2019-12-08T10:34:00.997+0000][1][safepoint    ] Total time for which application threads were stopped: 0.0000588 seconds, Stopping threads took: 0.0000139 seconds
[2019-12-08T10:34:01.997+0000][1][safepoint    ] Application time: 1.0000843 seconds
[2019-12-08T10:34:01.997+0000][1][safepoint    ] Entering safepoint region: Cleanup
[2019-12-08T10:34:01.997+0000][1][safepoint    ] Leaving safepoint region
[2019-12-08T10:34:01.997+0000][1][safepoint    ] Total time for which application threads were stopped: 0.0000744 seconds, Stopping threads took: 0.0000175 seconds
[2019-12-08T10:34:02.997+0000][1][safepoint    ] Application time: 1.0000828 seconds
[2019-12-08T10:34:02.997+0000][1][safepoint    ] Entering safepoint region: Cleanup
[2019-12-08T10:34:02.997+0000][1][safepoint    ] Leaving safepoint region
[2019-12-08T10:34:02.997+0000][1][safepoint    ] Total time for which application threads were stopped: 0.0000678 seconds, Stopping threads took: 0.0000188 seconds
[2019-12-08T10:34:03.997+0000][1][safepoint    ] Application time: 1.0000782 seconds
[2019-12-08T10:34:03.997+0000][1][safepoint    ] Entering safepoint region: Cleanup
[2019-12-08T10:34:03.997+0000][1][safepoint    ] Leaving safepoint region
[2019-12-08T10:34:03.997+0000][1][safepoint    ] Total time for which application threads were stopped: 0.0000618 seconds, Stopping threads took: 0.0000154 seconds
[2019-12-08T10:34:04.997+0000][1][safepoint    ] Application time: 1.0000786 seconds
[2019-12-08T10:34:04.997+0000][1][safepoint    ] Entering safepoint region: Cleanup
[2019-12-08T10:34:04.997+0000][1][safepoint    ] Leaving safepoint region
[2019-12-08T10:34:04.997+0000][1][safepoint    ] Total time for which application threads were stopped: 0.0000594 seconds, Stopping threads took: 0.0000153 seconds
[2019-12-08T10:34:05.997+0000][1][safepoint    ] Application time: 1.0000768 seconds
[2019-12-08T10:34:05.997+0000][1][safepoint    ] Entering safepoint region: Cleanup
[2019-12-08T10:34:05.997+0000][1][safepoint    ] Leaving safepoint region
[2019-12-08T10:34:05.997+0000][1][safepoint    ] Total time for which application threads were stopped: 0.0000620 seconds, Stopping threads took: 0.0000158 seconds
[2019-12-08T10:34:06.998+0000][1][safepoint    ] Application time: 1.0000796 seconds
[2019-12-08T10:34:06.998+0000][1][safepoint    ] Entering safepoint region: Cleanup
[2019-12-08T10:34:06.998+0000][1][safepoint    ] Leaving safepoint region
[2019-12-08T10:34:06.998+0000][1][safepoint    ] Total time for which application threads were stopped: 0.0000606 seconds, Stopping threads took: 0.0000155 seconds
[2019-12-08T10:34:07.998+0000][1][safepoint    ] Application time: 1.0000777 seconds
[2019-12-08T10:34:07.998+0000][1][safepoint    ] Entering safepoint region: Cleanup
[2019-12-08T10:34:07.998+0000][1][safepoint    ] Leaving safepoint region
[2019-12-08T10:34:07.998+0000][1][safepoint    ] Total time for which application threads were stopped: 0.0000617 seconds, Stopping threads took: 0.0000151 seconds
[2019-12-08T10:34:08.998+0000][1][safepoint    ] Application time: 1.0000763 seconds
[2019-12-08T10:34:08.998+0000][1][safepoint    ] Entering safepoint region: Cleanup
[2019-12-08T10:34:08.998+0000][1][safepoint    ] Leaving safepoint region
[2019-12-08T10:34:08.998+0000][1][safepoint    ] Total time for which application threads were stopped: 0.0000628 seconds, Stopping threads took: 0.0000161 seconds
[2019-12-08T10:34:09.998+0000][1][safepoint    ] Application time: 1.0000800 seconds
[2019-12-08T10:34:09.998+0000][1][safepoint    ] Entering safepoint region: Cleanup
[2019-12-08T10:34:09.998+0000][1][safepoint    ] Leaving safepoint region
[2019-12-08T10:34:09.998+0000][1][safepoint    ] Total time for which application threads were stopped: 0.0000614 seconds, Stopping threads took: 0.0000148 seconds
[2019-12-08T10:34:10.998+0000][1][safepoint    ] Application time: 1.0000773 seconds
[2019-12-08T10:34:10.998+0000][1][safepoint    ] Entering safepoint region: Cleanup
[2019-12-08T10:34:10.998+0000][1][safepoint    ] Leaving safepoint region
[2019-12-08T10:34:10.998+0000][1][safepoint    ] Total time for which application threads were stopped: 0.0000621 seconds, Stopping threads took: 0.0000165 seconds
[2019-12-08T10:34:11.998+0000][1][safepoint    ] Application time: 1.0000776 seconds
[2019-12-08T10:34:11.998+0000][1][safepoint    ] Entering safepoint region: Cleanup
[2019-12-08T10:34:11.999+0000][1][safepoint    ] Leaving safepoint region
[2019-12-08T10:34:11.999+0000][1][safepoint    ] Total time for which application threads were stopped: 0.0000636 seconds, Stopping threads took: 0.0000162 seconds
[2019-12-08T10:34:12.999+0000][1][safepoint    ] Application time: 1.0000784 seconds
[2019-12-08T10:34:12.999+0000][1][safepoint    ] Entering safepoint region: Cleanup
[2019-12-08T10:34:12.999+0000][1][safepoint    ] Leaving safepoint region
[2019-12-08T10:34:12.999+0000][1][safepoint    ] Total time for which application threads were stopped: 0.0000727 seconds, Stopping threads took: 0.0000162 seconds
[2019-12-08T10:34:13.999+0000][1][safepoint    ] Application time: 1.0000787 seconds
[2019-12-08T10:34:13.999+0000][1][safepoint    ] Entering safepoint region: Cleanup
[2019-12-08T10:34:13.999+0000][1][safepoint    ] Leaving safepoint region
[2019-12-08T10:34:13.999+0000][1][safepoint    ] Total time for which application threads were stopped: 0.0000637 seconds, Stopping threads took: 0.0000167 seconds
[2019-12-08T10:34:14.999+0000][1][safepoint    ] Application time: 1.0000760 seconds
[2019-12-08T10:34:14.999+0000][1][safepoint    ] Entering safepoint region: Cleanup
[2019-12-08T10:34:14.999+0000][1][safepoint    ] Leaving safepoint region
[2019-12-08T10:34:14.999+0000][1][safepoint    ] Total time for which application threads were stopped: 0.0000609 seconds, Stopping threads took: 0.0000163 seconds
[2019-12-08T10:34:15.999+0000][1][safepoint    ] Application time: 1.0000765 seconds
[2019-12-08T10:34:15.999+0000][1][safepoint    ] Entering safepoint region: Cleanup
[2019-12-08T10:34:15.999+0000][1][safepoint    ] Leaving safepoint region
[2019-12-08T10:34:15.999+0000][1][safepoint    ] Total time for which application threads were stopped: 0.0000601 seconds, Stopping threads took: 0.0000153 seconds
[2019-12-08T10:34:16.999+0000][1][safepoint    ] Application time: 1.0000763 seconds
[2019-12-08T10:34:16.999+0000][1][safepoint    ] Entering safepoint region: Cleanup
[2019-12-08T10:34:16.999+0000][1][safepoint    ] Leaving safepoint region
[2019-12-08T10:34:16.999+0000][1][safepoint    ] Total time for which application threads were stopped: 0.0000614 seconds, Stopping threads took: 0.0000156 seconds
[2019-12-08T10:34:18.000+0000][1][safepoint    ] Application time: 1.0000806 seconds
[2019-12-08T10:34:18.000+0000][1][safepoint    ] Entering safepoint region: Cleanup
[2019-12-08T10:34:18.000+0000][1][safepoint    ] Leaving safepoint region
[2019-12-08T10:34:18.000+0000][1][safepoint    ] Total time for which application threads were stopped: 0.0000628 seconds, Stopping threads took: 0.0000156 seconds
[2019-12-08T10:34:19.000+0000][1][safepoint    ] Application time: 1.0000778 seconds
[2019-12-08T10:34:19.000+0000][1][safepoint    ] Entering safepoint region: Cleanup
[2019-12-08T10:34:19.000+0000][1][safepoint    ] Leaving safepoint region
[2019-12-08T10:34:19.000+0000][1][safepoint    ] Total time for which application threads were stopped: 0.0000647 seconds, Stopping threads took: 0.0000169 seconds
[2019-12-08T10:34:20.000+0000][1][safepoint    ] Application time: 1.0000771 seconds
[2019-12-08T10:34:20.000+0000][1][safepoint    ] Entering safepoint region: Cleanup
[2019-12-08T10:34:20.000+0000][1][safepoint    ] Leaving safepoint region
[2019-12-08T10:34:20.000+0000][1][safepoint    ] Total time for which application threads were stopped: 0.0000624 seconds, Stopping threads took: 0.0000154 seconds
[2019-12-08T10:34:21.000+0000][1][safepoint    ] Application time: 1.0000767 seconds
[2019-12-08T10:34:21.000+0000][1][safepoint    ] Entering safepoint region: Cleanup
[2019-12-08T10:34:21.000+0000][1][safepoint    ] Leaving safepoint region
[2019-12-08T10:34:21.000+0000][1][safepoint    ] Total time for which application threads were stopped: 0.0000862 seconds, Stopping threads took: 0.0000138 seconds
[2019-12-08T10:34:22.000+0000][1][safepoint    ] Application time: 1.0000810 seconds
[2019-12-08T10:34:22.000+0000][1][safepoint    ] Entering safepoint region: Cleanup
[2019-12-08T10:34:22.000+0000][1][safepoint    ] Leaving safepoint region
[2019-12-08T10:34:22.000+0000][1][safepoint    ] Total time for which application threads were stopped: 0.0000622 seconds, Stopping threads took: 0.0000158 seconds
[2019-12-08T10:34:23.000+0000][1][safepoint    ] Application time: 1.0000778 seconds
[2019-12-08T10:34:23.001+0000][1][safepoint    ] Entering safepoint region: Cleanup
[2019-12-08T10:34:23.001+0000][1][safepoint    ] Leaving safepoint region
[2019-12-08T10:34:23.001+0000][1][safepoint    ] Total time for which application threads were stopped: 0.0000654 seconds, Stopping threads took: 0.0000186 seconds
[2019-12-08T10:34:24.001+0000][1][safepoint    ] Application time: 1.0000776 seconds
[2019-12-08T10:34:24.001+0000][1][safepoint    ] Entering safepoint region: Cleanup
[2019-12-08T10:34:24.001+0000][1][safepoint    ] Leaving safepoint region
[2019-12-08T10:34:24.001+0000][1][safepoint    ] Total time for which application threads were stopped: 0.0000636 seconds, Stopping threads took: 0.0000164 seconds
[2019-12-08T10:34:25.001+0000][1][safepoint    ] Application time: 1.0000794 seconds
[2019-12-08T10:34:25.001+0000][1][safepoint    ] Entering safepoint region: Cleanup
[2019-12-08T10:34:25.001+0000][1][safepoint    ] Leaving safepoint region
[2019-12-08T10:34:25.001+0000][1][safepoint    ] Total time for which application threads were stopped: 0.0000646 seconds, Stopping threads took: 0.0000165 seconds
[2019-12-08T10:34:26.001+0000][1][safepoint    ] Application time: 1.0000788 seconds
[2019-12-08T10:34:26.001+0000][1][safepoint    ] Entering safepoint region: Cleanup
[2019-12-08T10:34:26.001+0000][1][safepoint    ] Leaving safepoint region
[2019-12-08T10:34:26.001+0000][1][safepoint    ] Total time for which application threads were stopped: 0.0000603 seconds, Stopping threads took: 0.0000150 seconds
[2019-12-08T10:34:27.001+0000][1][safepoint    ] Application time: 1.0000754 seconds
[2019-12-08T10:34:27.001+0000][1][safepoint    ] Entering safepoint region: Cleanup
[2019-12-08T10:34:27.001+0000][1][safepoint    ] Leaving safepoint region
[2019-12-08T10:34:27.001+0000][1][safepoint    ] Total time for which application threads were stopped: 0.0000628 seconds, Stopping threads took: 0.0000160 seconds
[2019-12-08T10:34:28.001+0000][1][safepoint    ] Application time: 1.0000920 seconds
[2019-12-08T10:34:28.001+0000][1][safepoint    ] Entering safepoint region: Cleanup
[2019-12-08T10:34:28.002+0000][1][safepoint    ] Leaving safepoint region
[2019-12-08T10:34:28.002+0000][1][safepoint    ] Total time for which application threads were stopped: 0.0000601 seconds, Stopping threads took: 0.0000148 seconds
[2019-12-08T10:34:29.002+0000][1][safepoint    ] Application time: 1.0000748 seconds
[2019-12-08T10:34:29.002+0000][1][safepoint    ] Entering safepoint region: Cleanup
[2019-12-08T10:34:29.002+0000][1][safepoint    ] Leaving safepoint region
[2019-12-08T10:34:29.002+0000][1][safepoint    ] Total time for which application threads were stopped: 0.0000765 seconds, Stopping threads took: 0.0000155 seconds
[2019-12-08T10:34:30.002+0000][1][safepoint    ] Application time: 1.0000785 seconds
[2019-12-08T10:34:30.002+0000][1][safepoint    ] Entering safepoint region: Cleanup
[2019-12-08T10:34:30.002+0000][1][safepoint    ] Leaving safepoint region
[2019-12-08T10:34:30.002+0000][1][safepoint    ] Total time for which application threads were stopped: 0.0000633 seconds, Stopping threads took: 0.0000165 seconds
[2019-12-08T10:34:31.002+0000][1][safepoint    ] Application time: 1.0000798 seconds
[2019-12-08T10:34:31.002+0000][1][safepoint    ] Entering safepoint region: Cleanup
[2019-12-08T10:34:31.002+0000][1][safepoint    ] Leaving safepoint region
[2019-12-08T10:34:31.002+0000][1][safepoint    ] Total time for which application threads were stopped: 0.0000577 seconds, Stopping threads took: 0.0000144 seconds
[2019-12-08T10:34:32.002+0000][1][safepoint    ] Application time: 1.0000770 seconds
[2019-12-08T10:34:32.002+0000][1][safepoint    ] Entering safepoint region: Cleanup
[2019-12-08T10:34:32.002+0000][1][safepoint    ] Leaving safepoint region
[2019-12-08T10:34:32.002+0000][1][safepoint    ] Total time for which application threads were stopped: 0.0000608 seconds, Stopping threads took: 0.0000156 seconds
[2019-12-08T10:34:33.002+0000][1][safepoint    ] Application time: 1.0000781 seconds
[2019-12-08T10:34:33.002+0000][1][safepoint    ] Entering safepoint region: Cleanup
[2019-12-08T10:34:33.002+0000][1][safepoint    ] Leaving safepoint region
[2019-12-08T10:34:33.002+0000][1][safepoint    ] Total time for which application threads were stopped: 0.0000615 seconds, Stopping threads took: 0.0000151 seconds
[2019-12-08T10:34:34.003+0000][1][safepoint    ] Application time: 1.0000732 seconds
[2019-12-08T10:34:34.003+0000][1][safepoint    ] Entering safepoint region: Cleanup
[2019-12-08T10:34:34.003+0000][1][safepoint    ] Leaving safepoint region
[2019-12-08T10:34:34.003+0000][1][safepoint    ] Total time for which application threads were stopped: 0.0000607 seconds, Stopping threads took: 0.0000159 seconds
[2019-12-08T10:34:35.003+0000][1][safepoint    ] Application time: 1.0000820 seconds
[2019-12-08T10:34:35.003+0000][1][safepoint    ] Entering safepoint region: Cleanup
[2019-12-08T10:34:35.003+0000][1][safepoint    ] Leaving safepoint region
[2019-12-08T10:34:35.003+0000][1][safepoint    ] Total time for which application threads were stopped: 0.0000691 seconds, Stopping threads took: 0.0000224 seconds
[2019-12-08T10:34:36.003+0000][1][safepoint    ] Application time: 1.0000806 seconds
[2019-12-08T10:34:36.003+0000][1][safepoint    ] Entering safepoint region: Cleanup
[2019-12-08T10:34:36.003+0000][1][safepoint    ] Leaving safepoint region
[2019-12-08T10:34:36.003+0000][1][safepoint    ] Total time for which application threads were stopped: 0.0000618 seconds, Stopping threads took: 0.0000149 seconds
[2019-12-08T10:34:37.003+0000][1][safepoint    ] Application time: 1.0000823 seconds
[2019-12-08T10:34:37.003+0000][1][safepoint    ] Entering safepoint region: Cleanup
[2019-12-08T10:34:37.003+0000][1][safepoint    ] Leaving safepoint region
[2019-12-08T10:34:37.003+0000][1][safepoint    ] Total time for which application threads were stopped: 0.0000645 seconds, Stopping threads took: 0.0000163 seconds
[2019-12-08T10:34:38.003+0000][1][safepoint    ] Application time: 1.0000836 seconds
[2019-12-08T10:34:38.003+0000][1][safepoint    ] Entering safepoint region: Cleanup
[2019-12-08T10:34:38.003+0000][1][safepoint    ] Leaving safepoint region
[2019-12-08T10:34:38.003+0000][1][safepoint    ] Total time for which application threads were stopped: 0.0000631 seconds, Stopping threads took: 0.0000160 seconds
[2019-12-08T10:34:39.003+0000][1][safepoint    ] Application time: 1.0000855 seconds
[2019-12-08T10:34:39.003+0000][1][safepoint    ] Entering safepoint region: Cleanup
[2019-12-08T10:34:39.004+0000][1][safepoint    ] Leaving safepoint region
[2019-12-08T10:34:39.004+0000][1][safepoint    ] Total time for which application threads were stopped: 0.0000630 seconds, Stopping threads took: 0.0000159 seconds
[2019-12-08T10:34:40.004+0000][1][safepoint    ] Application time: 1.0000842 seconds
[2019-12-08T10:34:40.004+0000][1][safepoint    ] Entering safepoint region: Cleanup
[2019-12-08T10:34:40.004+0000][1][safepoint    ] Leaving safepoint region
[2019-12-08T10:34:40.004+0000][1][safepoint    ] Total time for which application threads were stopped: 0.0000666 seconds, Stopping threads took: 0.0000192 seconds
[2019-12-08T10:34:41.004+0000][1][safepoint    ] Application time: 1.0000912 seconds
[2019-12-08T10:34:41.004+0000][1][safepoint    ] Entering safepoint region: Cleanup
[2019-12-08T10:34:41.004+0000][1][safepoint    ] Leaving safepoint region
[2019-12-08T10:34:41.004+0000][1][safepoint    ] Total time for which application threads were stopped: 0.0001033 seconds, Stopping threads took: 0.0000481 seconds
[2019-12-08T10:34:42.004+0000][1][safepoint    ] Application time: 1.0000936 seconds
[2019-12-08T10:34:42.004+0000][1][safepoint    ] Entering safepoint region: Cleanup
[2019-12-08T10:34:42.004+0000][1][safepoint    ] Leaving safepoint region
[2019-12-08T10:34:42.004+0000][1][safepoint    ] Total time for which application threads were stopped: 0.0000626 seconds, Stopping threads took: 0.0000171 seconds
[2019-12-08T10:34:43.004+0000][1][safepoint    ] Application time: 1.0000835 seconds
[2019-12-08T10:34:43.004+0000][1][safepoint    ] Entering safepoint region: Cleanup
[2019-12-08T10:34:43.004+0000][1][safepoint    ] Leaving safepoint region
[2019-12-08T10:34:43.004+0000][1][safepoint    ] Total time for which application threads were stopped: 0.0000647 seconds, Stopping threads took: 0.0000177 seconds
[2019-12-08T10:34:44.004+0000][1][safepoint    ] Application time: 1.0000831 seconds
[2019-12-08T10:34:44.005+0000][1][safepoint    ] Entering safepoint region: Cleanup
[2019-12-08T10:34:44.005+0000][1][safepoint    ] Leaving safepoint region
[2019-12-08T10:34:44.005+0000][1][safepoint    ] Total time for which application threads were stopped: 0.0000642 seconds, Stopping threads took: 0.0000170 seconds
[2019-12-08T10:34:45.005+0000][1][safepoint    ] Application time: 1.0000833 seconds
[2019-12-08T10:34:45.005+0000][1][safepoint    ] Entering safepoint region: Cleanup
[2019-12-08T10:34:45.005+0000][1][safepoint    ] Leaving safepoint region
[2019-12-08T10:34:45.005+0000][1][safepoint    ] Total time for which application threads were stopped: 0.0000702 seconds, Stopping threads took: 0.0000227 seconds
[2019-12-08T10:34:46.005+0000][1][safepoint    ] Application time: 1.0000872 seconds
[2019-12-08T10:34:46.005+0000][1][safepoint    ] Entering safepoint region: Cleanup
[2019-12-08T10:34:46.005+0000][1][safepoint    ] Leaving safepoint region
[2019-12-08T10:34:46.005+0000][1][safepoint    ] Total time for which application threads were stopped: 0.0001017 seconds, Stopping threads took: 0.0000470 seconds
[2019-12-08T10:34:47.005+0000][1][safepoint    ] Application time: 1.0000928 seconds
[2019-12-08T10:34:47.005+0000][1][safepoint    ] Entering safepoint region: Cleanup
[2019-12-08T10:34:47.005+0000][1][safepoint    ] Leaving safepoint region
[2019-12-08T10:34:47.005+0000][1][safepoint    ] Total time for which application threads were stopped: 0.0000634 seconds, Stopping threads took: 0.0000168 seconds
[2019-12-08T10:34:48.005+0000][1][safepoint    ] Application time: 1.0000815 seconds
[2019-12-08T10:34:48.005+0000][1][safepoint    ] Entering safepoint region: Cleanup
[2019-12-08T10:34:48.005+0000][1][safepoint    ] Leaving safepoint region
[2019-12-08T10:34:48.005+0000][1][safepoint    ] Total time for which application threads were stopped: 0.0000640 seconds, Stopping threads took: 0.0000177 seconds
[2019-12-08T10:34:49.006+0000][1][safepoint    ] Application time: 1.0000845 seconds
[2019-12-08T10:34:49.006+0000][1][safepoint    ] Entering safepoint region: Cleanup
[2019-12-08T10:34:49.006+0000][1][safepoint    ] Leaving safepoint region
[2019-12-08T10:34:49.006+0000][1][safepoint    ] Total time for which application threads were stopped: 0.0000660 seconds, Stopping threads took: 0.0000171 seconds
[2019-12-08T10:34:50.006+0000][1][safepoint    ] Application time: 1.0000831 seconds
[2019-12-08T10:34:50.006+0000][1][safepoint    ] Entering safepoint region: Cleanup
[2019-12-08T10:34:50.006+0000][1][safepoint    ] Leaving safepoint region
[2019-12-08T10:34:50.006+0000][1][safepoint    ] Total time for which application threads were stopped: 0.0000641 seconds, Stopping threads took: 0.0000176 seconds
[2019-12-08T10:34:51.006+0000][1][safepoint    ] Application time: 1.0000789 seconds
[2019-12-08T10:34:51.006+0000][1][safepoint    ] Entering safepoint region: Cleanup
[2019-12-08T10:34:51.006+0000][1][safepoint    ] Leaving safepoint region
[2019-12-08T10:34:51.006+0000][1][safepoint    ] Total time for which application threads were stopped: 0.0001112 seconds, Stopping threads took: 0.0000628 seconds
[2019-12-08T10:34:52.006+0000][1][safepoint    ] Application time: 1.0000874 seconds
[2019-12-08T10:34:52.006+0000][1][safepoint    ] Entering safepoint region: Cleanup
[2019-12-08T10:34:52.006+0000][1][safepoint    ] Leaving safepoint region
[2019-12-08T10:34:52.006+0000][1][safepoint    ] Total time for which application threads were stopped: 0.0000738 seconds, Stopping threads took: 0.0000274 seconds
[2019-12-08T10:34:53.006+0000][1][safepoint    ] Application time: 1.0000797 seconds
[2019-12-08T10:34:53.006+0000][1][safepoint    ] Entering safepoint region: Cleanup
[2019-12-08T10:34:53.006+0000][1][safepoint    ] Leaving safepoint region
[2019-12-08T10:34:53.006+0000][1][safepoint    ] Total time for which application threads were stopped: 0.0000750 seconds, Stopping threads took: 0.0000246 seconds
[2019-12-08T10:34:54.007+0000][1][safepoint    ] Application time: 1.0000806 seconds
[2019-12-08T10:34:54.007+0000][1][safepoint    ] Entering safepoint region: Cleanup
[2019-12-08T10:34:54.007+0000][1][safepoint    ] Leaving safepoint region
[2019-12-08T10:34:54.007+0000][1][safepoint    ] Total time for which application threads were stopped: 0.0000648 seconds, Stopping threads took: 0.0000164 seconds
[2019-12-08T10:34:55.007+0000][1][safepoint    ] Application time: 1.0000856 seconds
[2019-12-08T10:34:55.007+0000][1][safepoint    ] Entering safepoint region: Cleanup
[2019-12-08T10:34:55.007+0000][1][safepoint    ] Leaving safepoint region
[2019-12-08T10:34:55.007+0000][1][safepoint    ] Total time for which application threads were stopped: 0.0000743 seconds, Stopping threads took: 0.0000253 seconds
[2019-12-08T10:34:56.007+0000][1][safepoint    ] Application time: 1.0000816 seconds
[2019-12-08T10:34:56.007+0000][1][safepoint    ] Entering safepoint region: Cleanup
[2019-12-08T10:34:56.007+0000][1][safepoint    ] Leaving safepoint region
[2019-12-08T10:34:56.007+0000][1][safepoint    ] Total time for which application threads were stopped: 0.0000638 seconds, Stopping threads took: 0.0000170 seconds
[2019-12-08T10:34:57.007+0000][1][safepoint    ] Application time: 1.0000807 seconds
[2019-12-08T10:34:57.007+0000][1][safepoint    ] Entering safepoint region: Cleanup
[2019-12-08T10:34:57.007+0000][1][safepoint    ] Leaving safepoint region
[2019-12-08T10:34:57.007+0000][1][safepoint    ] Total time for which application threads were stopped: 0.0000658 seconds, Stopping threads took: 0.0000170 seconds
[2019-12-08T10:34:58.007+0000][1][safepoint    ] Application time: 1.0000824 seconds
[2019-12-08T10:34:58.007+0000][1][safepoint    ] Entering safepoint region: Cleanup
[2019-12-08T10:34:58.007+0000][1][safepoint    ] Leaving safepoint region
[2019-12-08T10:34:58.007+0000][1][safepoint    ] Total time for which application threads were stopped: 0.0000656 seconds, Stopping threads took: 0.0000178 seconds
[2019-12-08T10:34:59.007+0000][1][safepoint    ] Application time: 1.0000842 seconds
[2019-12-08T10:34:59.008+0000][1][safepoint    ] Entering safepoint region: Cleanup
[2019-12-08T10:34:59.008+0000][1][safepoint    ] Leaving safepoint region
[2019-12-08T10:34:59.008+0000][1][safepoint    ] Total time for which application threads were stopped: 0.0000646 seconds, Stopping threads took: 0.0000170 seconds
[2019-12-08T10:35:00.008+0000][1][safepoint    ] Application time: 1.0000810 seconds
[2019-12-08T10:35:00.008+0000][1][safepoint    ] Entering safepoint region: Cleanup
[2019-12-08T10:35:00.008+0000][1][safepoint    ] Leaving safepoint region
[2019-12-08T10:35:00.008+0000][1][safepoint    ] Total time for which application threads were stopped: 0.0000803 seconds, Stopping threads took: 0.0000328 seconds
[2019-12-08T10:35:01.008+0000][1][safepoint    ] Application time: 1.0000851 seconds
[2019-12-08T10:35:01.008+0000][1][safepoint    ] Entering safepoint region: Cleanup
[2019-12-08T10:35:01.008+0000][1][safepoint    ] Leaving safepoint region
[2019-12-08T10:35:01.008+0000][1][safepoint    ] Total time for which application threads were stopped: 0.0000674 seconds, Stopping threads took: 0.0000182 seconds
[2019-12-08T10:35:02.008+0000][1][safepoint    ] Application time: 1.0000886 seconds
[2019-12-08T10:35:02.008+0000][1][safepoint    ] Entering safepoint region: Cleanup
[2019-12-08T10:35:02.008+0000][1][safepoint    ] Leaving safepoint region
[2019-12-08T10:35:02.008+0000][1][safepoint    ] Total time for which application threads were stopped: 0.0000666 seconds, Stopping threads took: 0.0000173 seconds
[2019-12-08T10:35:03.008+0000][1][safepoint    ] Application time: 1.0000875 seconds
[2019-12-08T10:35:03.008+0000][1][safepoint    ] Entering safepoint region: Cleanup
[2019-12-08T10:35:03.008+0000][1][safepoint    ] Leaving safepoint region
[2019-12-08T10:35:03.008+0000][1][safepoint    ] Total time for which application threads were stopped: 0.0000686 seconds, Stopping threads took: 0.0000180 seconds
[2019-12-08T10:35:04.008+0000][1][safepoint    ] Application time: 1.0000790 seconds
[2019-12-08T10:35:04.008+0000][1][safepoint    ] Entering safepoint region: Cleanup
[2019-12-08T10:35:04.009+0000][1][safepoint    ] Leaving safepoint region
[2019-12-08T10:35:04.009+0000][1][safepoint    ] Total time for which application threads were stopped: 0.0000626 seconds, Stopping threads took: 0.0000159 seconds
[2019-12-08T10:35:05.009+0000][1][safepoint    ] Application time: 1.0000787 seconds
[2019-12-08T10:35:05.009+0000][1][safepoint    ] Entering safepoint region: Cleanup
[2019-12-08T10:35:05.009+0000][1][safepoint    ] Leaving safepoint region
[2019-12-08T10:35:05.009+0000][1][safepoint    ] Total time for which application threads were stopped: 0.0000775 seconds, Stopping threads took: 0.0000216 seconds
[2019-12-08T10:35:06.009+0000][1][safepoint    ] Application time: 1.0000754 seconds
[2019-12-08T10:35:06.009+0000][1][safepoint    ] Entering safepoint region: Cleanup
[2019-12-08T10:35:06.009+0000][1][safepoint    ] Leaving safepoint region
[2019-12-08T10:35:06.009+0000][1][safepoint    ] Total time for which application threads were stopped: 0.0000640 seconds, Stopping threads took: 0.0000163 seconds
[2019-12-08T10:35:06.011+0000][1][safepoint    ] Application time: 0.0019093 seconds
[2019-12-08T10:35:06.011+0000][1][safepoint    ] Entering safepoint region: GenCollectForAllocation
[2019-12-08T10:35:06.011+0000][1][gc,start     ] GC(33) Pause Young (Allocation Failure)
[2019-12-08T10:35:06.011+0000][1][gc,task      ] GC(33) Using 4 workers of 4 for evacuation
[2019-12-08T10:35:06.012+0000][1][gc,age       ] GC(33) Desired survivor size 4456448 bytes, new threshold 6 (max threshold 6)
[2019-12-08T10:35:06.012+0000][1][gc,age       ] GC(33) Age table with threshold 6 (max threshold 6)
[2019-12-08T10:35:06.012+0000][1][gc,age       ] GC(33) - age   1:       5640 bytes,       5640 total
[2019-12-08T10:35:06.012+0000][1][gc,age       ] GC(33) - age   2:         96 bytes,       5736 total
[2019-12-08T10:35:06.012+0000][1][gc,age       ] GC(33) - age   3:        120 bytes,       5856 total
[2019-12-08T10:35:06.012+0000][1][gc,age       ] GC(33) - age   4:       2664 bytes,       8520 total
[2019-12-08T10:35:06.012+0000][1][gc,age       ] GC(33) - age   5:       1448 bytes,       9968 total
[2019-12-08T10:35:06.012+0000][1][gc,age       ] GC(33) - age   6:       1968 bytes,      11936 total
[2019-12-08T10:35:06.012+0000][1][gc,heap      ] GC(33) ParNew: 69969K->18K(78656K)
[2019-12-08T10:35:06.012+0000][1][gc,heap      ] GC(33) CMS: 69602K->69604K(174784K)
[2019-12-08T10:35:06.012+0000][1][gc,metaspace ] GC(33) Metaspace: 68248K->68248K(1112064K)
[2019-12-08T10:35:06.012+0000][1][gc           ] GC(33) Pause Young (Allocation Failure) 136M->67M(247M) 0.961ms
[2019-12-08T10:35:06.012+0000][1][gc,cpu       ] GC(33) User=0.00s Sys=0.00s Real=0.00s
[2019-12-08T10:35:06.012+0000][1][safepoint    ] Leaving safepoint region
[2019-12-08T10:35:06.012+0000][1][safepoint    ] Total time for which application threads were stopped: 0.0010812 seconds, Stopping threads took: 0.0000136 seconds
[2019-12-08T10:35:07.012+0000][1][safepoint    ] Application time: 1.0000869 seconds
[2019-12-08T10:35:07.012+0000][1][safepoint    ] Entering safepoint region: Cleanup
[2019-12-08T10:35:07.012+0000][1][safepoint    ] Leaving safepoint region
[2019-12-08T10:35:07.012+0000][1][safepoint    ] Total time for which application threads were stopped: 0.0000650 seconds, Stopping threads took: 0.0000165 seconds
[2019-12-08T10:35:08.012+0000][1][safepoint    ] Application time: 1.0000800 seconds
[2019-12-08T10:35:08.012+0000][1][safepoint    ] Entering safepoint region: Cleanup
[2019-12-08T10:35:08.012+0000][1][safepoint    ] Leaving safepoint region
[2019-12-08T10:35:08.012+0000][1][safepoint    ] Total time for which application threads were stopped: 0.0000674 seconds, Stopping threads took: 0.0000173 seconds
[2019-12-08T10:35:09.012+0000][1][safepoint    ] Application time: 1.0000809 seconds
[2019-12-08T10:35:09.012+0000][1][safepoint    ] Entering safepoint region: Cleanup
[2019-12-08T10:35:09.012+0000][1][safepoint    ] Leaving safepoint region
[2019-12-08T10:35:09.012+0000][1][safepoint    ] Total time for which application threads were stopped: 0.0000664 seconds, Stopping threads took: 0.0000178 seconds
[2019-12-08T10:35:10.013+0000][1][safepoint    ] Application time: 1.0000808 seconds
[2019-12-08T10:35:10.013+0000][1][safepoint    ] Entering safepoint region: Cleanup
[2019-12-08T10:35:10.013+0000][1][safepoint    ] Leaving safepoint region
[2019-12-08T10:35:10.013+0000][1][safepoint    ] Total time for which application threads were stopped: 0.0000756 seconds, Stopping threads took: 0.0000175 seconds
[2019-12-08T10:35:11.013+0000][1][safepoint    ] Application time: 1.0000798 seconds
[2019-12-08T10:35:11.013+0000][1][safepoint    ] Entering safepoint region: Cleanup
[2019-12-08T10:35:11.013+0000][1][safepoint    ] Leaving safepoint region
[2019-12-08T10:35:11.013+0000][1][safepoint    ] Total time for which application threads were stopped: 0.0000650 seconds, Stopping threads took: 0.0000162 seconds
[2019-12-08T10:35:12.563+0000][1][safepoint    ] Application time: 1.5503585 seconds
[2019-12-08T10:35:12.563+0000][1][safepoint    ] Entering safepoint region: Cleanup
[2019-12-08T10:35:12.563+0000][1][safepoint    ] Leaving safepoint region
[2019-12-08T10:35:12.563+0000][1][safepoint    ] Total time for which application threads were stopped: 0.0000604 seconds, Stopping threads took: 0.0000145 seconds
[2019-12-08T10:35:13.563+0000][1][safepoint    ] Application time: 1.0000781 seconds
[2019-12-08T10:35:13.563+0000][1][safepoint    ] Entering safepoint region: Cleanup
[2019-12-08T10:35:13.564+0000][1][safepoint    ] Leaving safepoint region
[2019-12-08T10:35:13.564+0000][1][safepoint    ] Total time for which application threads were stopped: 0.0000616 seconds, Stopping threads took: 0.0000158 seconds
[2019-12-08T10:35:14.564+0000][1][safepoint    ] Application time: 1.0000802 seconds
[2019-12-08T10:35:14.564+0000][1][safepoint    ] Entering safepoint region: Cleanup
[2019-12-08T10:35:14.564+0000][1][safepoint    ] Leaving safepoint region
[2019-12-08T10:35:14.564+0000][1][safepoint    ] Total time for which application threads were stopped: 0.0000845 seconds, Stopping threads took: 0.0000164 seconds
[2019-12-08T10:35:15.564+0000][1][safepoint    ] Application time: 1.0001134 seconds
[2019-12-08T10:35:15.564+0000][1][safepoint    ] Entering safepoint region: Cleanup
[2019-12-08T10:35:15.564+0000][1][safepoint    ] Leaving safepoint region
[2019-12-08T10:35:15.564+0000][1][safepoint    ] Total time for which application threads were stopped: 0.0000637 seconds, Stopping threads took: 0.0000166 seconds
[2019-12-08T10:35:16.564+0000][1][safepoint    ] Application time: 1.0000855 seconds
[2019-12-08T10:35:16.564+0000][1][safepoint    ] Entering safepoint region: Cleanup
[2019-12-08T10:35:16.564+0000][1][safepoint    ] Leaving safepoint region
[2019-12-08T10:35:16.564+0000][1][safepoint    ] Total time for which application threads were stopped: 0.0001468 seconds, Stopping threads took: 0.0000792 seconds
[2019-12-08T10:35:17.564+0000][1][safepoint    ] Application time: 1.0000803 seconds
[2019-12-08T10:35:17.564+0000][1][safepoint    ] Entering safepoint region: Cleanup
[2019-12-08T10:35:17.564+0000][1][safepoint    ] Leaving safepoint region
[2019-12-08T10:35:17.564+0000][1][safepoint    ] Total time for which application threads were stopped: 0.0000787 seconds, Stopping threads took: 0.0000178 seconds
[2019-12-08T10:35:18.565+0000][1][safepoint    ] Application time: 1.0000904 seconds
[2019-12-08T10:35:18.565+0000][1][safepoint    ] Entering safepoint region: Cleanup
[2019-12-08T10:35:18.565+0000][1][safepoint    ] Leaving safepoint region
[2019-12-08T10:35:18.565+0000][1][safepoint    ] Total time for which application threads were stopped: 0.0000645 seconds, Stopping threads took: 0.0000167 seconds
[2019-12-08T10:35:19.565+0000][1][safepoint    ] Application time: 1.0000800 seconds
[2019-12-08T10:35:19.565+0000][1][safepoint    ] Entering safepoint region: Cleanup
[2019-12-08T10:35:19.565+0000][1][safepoint    ] Leaving safepoint region
[2019-12-08T10:35:19.565+0000][1][safepoint    ] Total time for which application threads were stopped: 0.0000662 seconds, Stopping threads took: 0.0000174 seconds
[2019-12-08T10:35:20.565+0000][1][safepoint    ] Application time: 1.0000828 seconds
[2019-12-08T10:35:20.565+0000][1][safepoint    ] Entering safepoint region: Cleanup
[2019-12-08T10:35:20.565+0000][1][safepoint    ] Leaving safepoint region
[2019-12-08T10:35:20.565+0000][1][safepoint    ] Total time for which application threads were stopped: 0.0000668 seconds, Stopping threads took: 0.0000174 seconds
[2019-12-08T10:35:21.565+0000][1][safepoint    ] Application time: 1.0000763 seconds
[2019-12-08T10:35:21.565+0000][1][safepoint    ] Entering safepoint region: Cleanup
[2019-12-08T10:35:21.565+0000][1][safepoint    ] Leaving safepoint region
[2019-12-08T10:35:21.565+0000][1][safepoint    ] Total time for which application threads were stopped: 0.0000610 seconds, Stopping threads took: 0.0000168 seconds
[2019-12-08T10:35:22.565+0000][1][safepoint    ] Application time: 1.0000773 seconds
[2019-12-08T10:35:22.565+0000][1][safepoint    ] Entering safepoint region: Cleanup
[2019-12-08T10:35:22.565+0000][1][safepoint    ] Leaving safepoint region
[2019-12-08T10:35:22.565+0000][1][safepoint    ] Total time for which application threads were stopped: 0.0000622 seconds, Stopping threads took: 0.0000173 seconds
[2019-12-08T10:35:23.565+0000][1][safepoint    ] Application time: 1.0000772 seconds
[2019-12-08T10:35:23.565+0000][1][safepoint    ] Entering safepoint region: Cleanup
[2019-12-08T10:35:23.566+0000][1][safepoint    ] Leaving safepoint region
[2019-12-08T10:35:23.566+0000][1][safepoint    ] Total time for which application threads were stopped: 0.0000616 seconds, Stopping threads took: 0.0000166 seconds
[2019-12-08T10:35:24.566+0000][1][safepoint    ] Application time: 1.0000739 seconds
[2019-12-08T10:35:24.566+0000][1][safepoint    ] Entering safepoint region: Cleanup
[2019-12-08T10:35:24.566+0000][1][safepoint    ] Leaving safepoint region
[2019-12-08T10:35:24.566+0000][1][safepoint    ] Total time for which application threads were stopped: 0.0000791 seconds, Stopping threads took: 0.0000175 seconds
[2019-12-08T10:35:25.566+0000][1][safepoint    ] Application time: 1.0000798 seconds
[2019-12-08T10:35:25.566+0000][1][safepoint    ] Entering safepoint region: Cleanup
[2019-12-08T10:35:25.566+0000][1][safepoint    ] Leaving safepoint region
[2019-12-08T10:35:25.566+0000][1][safepoint    ] Total time for which application threads were stopped: 0.0000788 seconds, Stopping threads took: 0.0000178 seconds
[2019-12-08T10:35:26.566+0000][1][safepoint    ] Application time: 1.0000790 seconds
[2019-12-08T10:35:26.566+0000][1][safepoint    ] Entering safepoint region: Cleanup
[2019-12-08T10:35:26.566+0000][1][safepoint    ] Leaving safepoint region
[2019-12-08T10:35:26.566+0000][1][safepoint    ] Total time for which application threads were stopped: 0.0000619 seconds, Stopping threads took: 0.0000160 seconds
[2019-12-08T10:35:27.566+0000][1][safepoint    ] Application time: 1.0000804 seconds
[2019-12-08T10:35:27.566+0000][1][safepoint    ] Entering safepoint region: Cleanup
[2019-12-08T10:35:27.566+0000][1][safepoint    ] Leaving safepoint region
[2019-12-08T10:35:27.566+0000][1][safepoint    ] Total time for which application threads were stopped: 0.0000624 seconds, Stopping threads took: 0.0000164 seconds
[2019-12-08T10:35:28.566+0000][1][safepoint    ] Application time: 1.0000819 seconds
[2019-12-08T10:35:28.566+0000][1][safepoint    ] Entering safepoint region: Cleanup
[2019-12-08T10:35:28.566+0000][1][safepoint    ] Leaving safepoint region
[2019-12-08T10:35:28.566+0000][1][safepoint    ] Total time for which application threads were stopped: 0.0000666 seconds, Stopping threads took: 0.0000176 seconds
[2019-12-08T10:35:29.567+0000][1][safepoint    ] Application time: 1.0000797 seconds
[2019-12-08T10:35:29.567+0000][1][safepoint    ] Entering safepoint region: Cleanup
[2019-12-08T10:35:29.567+0000][1][safepoint    ] Leaving safepoint region
[2019-12-08T10:35:29.567+0000][1][safepoint    ] Total time for which application threads were stopped: 0.0000604 seconds, Stopping threads took: 0.0000160 seconds
[2019-12-08T10:35:30.567+0000][1][safepoint    ] Application time: 1.0000773 seconds
[2019-12-08T10:35:30.567+0000][1][safepoint    ] Entering safepoint region: Cleanup
[2019-12-08T10:35:30.567+0000][1][safepoint    ] Leaving safepoint region
[2019-12-08T10:35:30.567+0000][1][safepoint    ] Total time for which application threads were stopped: 0.0000638 seconds, Stopping threads took: 0.0000162 seconds
[2019-12-08T10:35:31.567+0000][1][safepoint    ] Application time: 1.0000753 seconds
[2019-12-08T10:35:31.567+0000][1][safepoint    ] Entering safepoint region: Cleanup
[2019-12-08T10:35:31.567+0000][1][safepoint    ] Leaving safepoint region
[2019-12-08T10:35:31.567+0000][1][safepoint    ] Total time for which application threads were stopped: 0.0000633 seconds, Stopping threads took: 0.0000163 seconds
[2019-12-08T10:35:32.567+0000][1][safepoint    ] Application time: 1.0000727 seconds
[2019-12-08T10:35:32.567+0000][1][safepoint    ] Entering safepoint region: Cleanup
[2019-12-08T10:35:32.567+0000][1][safepoint    ] Leaving safepoint region
[2019-12-08T10:35:32.567+0000][1][safepoint    ] Total time for which application threads were stopped: 0.0000658 seconds, Stopping threads took: 0.0000161 seconds
[2019-12-08T10:35:33.567+0000][1][safepoint    ] Application time: 1.0000731 seconds
[2019-12-08T10:35:33.567+0000][1][safepoint    ] Entering safepoint region: Cleanup
[2019-12-08T10:35:33.567+0000][1][safepoint    ] Leaving safepoint region
[2019-12-08T10:35:33.567+0000][1][safepoint    ] Total time for which application threads were stopped: 0.0000599 seconds, Stopping threads took: 0.0000159 seconds
[2019-12-08T10:35:34.567+0000][1][safepoint    ] Application time: 1.0000744 seconds
[2019-12-08T10:35:34.567+0000][1][safepoint    ] Entering safepoint region: Cleanup
[2019-12-08T10:35:34.568+0000][1][safepoint    ] Leaving safepoint region
[2019-12-08T10:35:34.568+0000][1][safepoint    ] Total time for which application threads were stopped: 0.0000618 seconds, Stopping threads took: 0.0000168 seconds
[2019-12-08T10:35:35.568+0000][1][safepoint    ] Application time: 1.0000754 seconds
[2019-12-08T10:35:35.568+0000][1][safepoint    ] Entering safepoint region: Cleanup
[2019-12-08T10:35:35.568+0000][1][safepoint    ] Leaving safepoint region
[2019-12-08T10:35:35.568+0000][1][safepoint    ] Total time for which application threads were stopped: 0.0000773 seconds, Stopping threads took: 0.0000228 seconds
[2019-12-08T10:35:36.568+0000][1][safepoint    ] Application time: 1.0000761 seconds
[2019-12-08T10:35:36.568+0000][1][safepoint    ] Entering safepoint region: Cleanup
[2019-12-08T10:35:36.568+0000][1][safepoint    ] Leaving safepoint region
[2019-12-08T10:35:36.568+0000][1][safepoint    ] Total time for which application threads were stopped: 0.0000589 seconds, Stopping threads took: 0.0000166 seconds
[2019-12-08T10:35:37.568+0000][1][safepoint    ] Application time: 1.0000757 seconds
[2019-12-08T10:35:37.568+0000][1][safepoint    ] Entering safepoint region: Cleanup
[2019-12-08T10:35:37.568+0000][1][safepoint    ] Leaving safepoint region
[2019-12-08T10:35:37.568+0000][1][safepoint    ] Total time for which application threads were stopped: 0.0000594 seconds, Stopping threads took: 0.0000167 seconds
[2019-12-08T10:35:38.568+0000][1][safepoint    ] Application time: 1.0000745 seconds
[2019-12-08T10:35:38.568+0000][1][safepoint    ] Entering safepoint region: Cleanup
[2019-12-08T10:35:38.568+0000][1][safepoint    ] Leaving safepoint region
[2019-12-08T10:35:38.568+0000][1][safepoint    ] Total time for which application threads were stopped: 0.0000617 seconds, Stopping threads took: 0.0000161 seconds
[2019-12-08T10:35:39.568+0000][1][safepoint    ] Application time: 1.0000747 seconds
[2019-12-08T10:35:39.568+0000][1][safepoint    ] Entering safepoint region: Cleanup
[2019-12-08T10:35:39.568+0000][1][safepoint    ] Leaving safepoint region
[2019-12-08T10:35:39.568+0000][1][safepoint    ] Total time for which application threads were stopped: 0.0000618 seconds, Stopping threads took: 0.0000155 seconds
[2019-12-08T10:35:40.569+0000][1][safepoint    ] Application time: 1.0000996 seconds
[2019-12-08T10:35:40.569+0000][1][safepoint    ] Entering safepoint region: Cleanup
[2019-12-08T10:35:40.569+0000][1][safepoint    ] Leaving safepoint region
[2019-12-08T10:35:40.569+0000][1][safepoint    ] Total time for which application threads were stopped: 0.0000637 seconds, Stopping threads took: 0.0000170 seconds
[2019-12-08T10:35:41.569+0000][1][safepoint    ] Application time: 1.0000817 seconds
[2019-12-08T10:35:41.569+0000][1][safepoint    ] Entering safepoint region: Cleanup
[2019-12-08T10:35:41.569+0000][1][safepoint    ] Leaving safepoint region
[2019-12-08T10:35:41.569+0000][1][safepoint    ] Total time for which application threads were stopped: 0.0000628 seconds, Stopping threads took: 0.0000165 seconds
[2019-12-08T10:35:42.569+0000][1][safepoint    ] Application time: 1.0000805 seconds
[2019-12-08T10:35:42.569+0000][1][safepoint    ] Entering safepoint region: Cleanup
[2019-12-08T10:35:42.569+0000][1][safepoint    ] Leaving safepoint region
[2019-12-08T10:35:42.569+0000][1][safepoint    ] Total time for which application threads were stopped: 0.0000659 seconds, Stopping threads took: 0.0000183 seconds
[2019-12-08T10:35:43.569+0000][1][safepoint    ] Application time: 1.0000913 seconds
[2019-12-08T10:35:43.569+0000][1][safepoint    ] Entering safepoint region: Cleanup
[2019-12-08T10:35:43.569+0000][1][safepoint    ] Leaving safepoint region
[2019-12-08T10:35:43.569+0000][1][safepoint    ] Total time for which application threads were stopped: 0.0000940 seconds, Stopping threads took: 0.0000310 seconds
[2019-12-08T10:35:44.569+0000][1][safepoint    ] Application time: 1.0001430 seconds
[2019-12-08T10:35:44.569+0000][1][safepoint    ] Entering safepoint region: Cleanup
[2019-12-08T10:35:44.569+0000][1][safepoint    ] Leaving safepoint region
[2019-12-08T10:35:44.569+0000][1][safepoint    ] Total time for which application threads were stopped: 0.0000906 seconds, Stopping threads took: 0.0000228 seconds
[2019-12-08T10:35:45.570+0000][1][safepoint    ] Application time: 1.0000899 seconds
[2019-12-08T10:35:45.570+0000][1][safepoint    ] Entering safepoint region: Cleanup
[2019-12-08T10:35:45.570+0000][1][safepoint    ] Leaving safepoint region
[2019-12-08T10:35:45.570+0000][1][safepoint    ] Total time for which application threads were stopped: 0.0000975 seconds, Stopping threads took: 0.0000229 seconds
[2019-12-08T10:35:46.570+0000][1][safepoint    ] Application time: 1.0000823 seconds
[2019-12-08T10:35:46.570+0000][1][safepoint    ] Entering safepoint region: Cleanup
[2019-12-08T10:35:46.570+0000][1][safepoint    ] Leaving safepoint region
[2019-12-08T10:35:46.570+0000][1][safepoint    ] Total time for which application threads were stopped: 0.0000884 seconds, Stopping threads took: 0.0000233 seconds
[2019-12-08T10:35:47.571+0000][1][safepoint    ] Application time: 1.0007467 seconds
[2019-12-08T10:35:47.571+0000][1][safepoint    ] Entering safepoint region: Cleanup
[2019-12-08T10:35:47.571+0000][1][safepoint    ] Leaving safepoint region
[2019-12-08T10:35:47.571+0000][1][safepoint    ] Total time for which application threads were stopped: 0.0000853 seconds, Stopping threads took: 0.0000211 seconds
[2019-12-08T10:35:48.571+0000][1][safepoint    ] Application time: 1.0000850 seconds
[2019-12-08T10:35:48.571+0000][1][safepoint    ] Entering safepoint region: Cleanup
[2019-12-08T10:35:48.571+0000][1][safepoint    ] Leaving safepoint region
[2019-12-08T10:35:48.571+0000][1][safepoint    ] Total time for which application threads were stopped: 0.0000838 seconds, Stopping threads took: 0.0000228 seconds
[2019-12-08T10:35:49.572+0000][1][safepoint    ] Application time: 1.0006730 seconds
[2019-12-08T10:35:49.572+0000][1][safepoint    ] Entering safepoint region: Cleanup
[2019-12-08T10:35:49.572+0000][1][safepoint    ] Leaving safepoint region
[2019-12-08T10:35:49.572+0000][1][safepoint    ] Total time for which application threads were stopped: 0.0000869 seconds, Stopping threads took: 0.0000239 seconds
[2019-12-08T10:35:50.574+0000][1][safepoint    ] Application time: 1.0018536 seconds
[2019-12-08T10:35:50.574+0000][1][safepoint    ] Entering safepoint region: Cleanup
[2019-12-08T10:35:50.574+0000][1][safepoint    ] Leaving safepoint region
[2019-12-08T10:35:50.574+0000][1][safepoint    ] Total time for which application threads were stopped: 0.0000835 seconds, Stopping threads took: 0.0000226 seconds
[2019-12-08T10:35:51.574+0000][1][safepoint    ] Application time: 1.0002473 seconds
[2019-12-08T10:35:51.574+0000][1][safepoint    ] Entering safepoint region: Cleanup
[2019-12-08T10:35:51.574+0000][1][safepoint    ] Leaving safepoint region
[2019-12-08T10:35:51.574+0000][1][safepoint    ] Total time for which application threads were stopped: 0.0000863 seconds, Stopping threads took: 0.0000232 seconds
[2019-12-08T10:35:52.574+0000][1][safepoint    ] Application time: 1.0000926 seconds
[2019-12-08T10:35:52.574+0000][1][safepoint    ] Entering safepoint region: Cleanup
[2019-12-08T10:35:52.574+0000][1][safepoint    ] Leaving safepoint region
[2019-12-08T10:35:52.574+0000][1][safepoint    ] Total time for which application threads were stopped: 0.0000871 seconds, Stopping threads took: 0.0000222 seconds
[2019-12-08T10:35:53.507+0000][1][safepoint    ] Application time: 0.9324591 seconds
[2019-12-08T10:35:53.507+0000][1][safepoint    ] Entering safepoint region: RevokeBias
[2019-12-08T10:35:53.507+0000][1][safepoint    ] Leaving safepoint region
[2019-12-08T10:35:53.507+0000][1][safepoint    ] Total time for which application threads were stopped: 0.0001202 seconds, Stopping threads took: 0.0000174 seconds
[2019-12-08T10:35:53.573+0000][1][safepoint    ] Application time: 0.0658873 seconds
[2019-12-08T10:35:53.573+0000][1][safepoint    ] Entering safepoint region: RevokeBias
[2019-12-08T10:35:53.573+0000][1][safepoint    ] Leaving safepoint region
[2019-12-08T10:35:53.573+0000][1][safepoint    ] Total time for which application threads were stopped: 0.0001298 seconds, Stopping threads took: 0.0000281 seconds
[2019-12-08T10:35:53.704+0000][1][safepoint    ] Application time: 0.1310102 seconds
[2019-12-08T10:35:53.709+0000][1][safepoint    ] Entering safepoint region: RevokeBias
[2019-12-08T10:35:53.709+0000][1][safepoint    ] Leaving safepoint region
[2019-12-08T10:35:53.709+0000][1][safepoint    ] Total time for which application threads were stopped: 0.0052899 seconds, Stopping threads took: 0.0051635 seconds
[2019-12-08T10:35:53.714+0000][1][safepoint    ] Application time: 0.0048428 seconds
[2019-12-08T10:35:53.714+0000][1][safepoint    ] Entering safepoint region: RevokeBias
[2019-12-08T10:35:53.714+0000][1][safepoint    ] Leaving safepoint region
[2019-12-08T10:35:53.714+0000][1][safepoint    ] Total time for which application threads were stopped: 0.0001293 seconds, Stopping threads took: 0.0000448 seconds
[2019-12-08T10:35:53.715+0000][1][safepoint    ] Application time: 0.0001684 seconds
[2019-12-08T10:35:53.715+0000][1][safepoint    ] Entering safepoint region: RevokeBias
[2019-12-08T10:35:53.715+0000][1][safepoint    ] Leaving safepoint region
[2019-12-08T10:35:53.715+0000][1][safepoint    ] Total time for which application threads were stopped: 0.0001015 seconds, Stopping threads took: 0.0000216 seconds
[2019-12-08T10:35:53.716+0000][1][safepoint    ] Application time: 0.0012639 seconds
[2019-12-08T10:35:53.716+0000][1][safepoint    ] Entering safepoint region: RevokeBias
[2019-12-08T10:35:53.716+0000][1][safepoint    ] Leaving safepoint region
[2019-12-08T10:35:53.716+0000][1][safepoint    ] Total time for which application threads were stopped: 0.0001547 seconds, Stopping threads took: 0.0000749 seconds
[2019-12-08T10:35:53.719+0000][1][safepoint    ] Application time: 0.0029134 seconds
[2019-12-08T10:35:53.719+0000][1][safepoint    ] Entering safepoint region: RevokeBias
[2019-12-08T10:35:53.719+0000][1][safepoint    ] Leaving safepoint region
[2019-12-08T10:35:53.719+0000][1][safepoint    ] Total time for which application threads were stopped: 0.0001666 seconds, Stopping threads took: 0.0000251 seconds
[2019-12-08T10:35:53.720+0000][1][safepoint    ] Application time: 0.0010019 seconds
[2019-12-08T10:35:53.720+0000][1][safepoint    ] Entering safepoint region: RevokeBias
[2019-12-08T10:35:53.720+0000][1][safepoint    ] Leaving safepoint region
[2019-12-08T10:35:53.720+0000][1][safepoint    ] Total time for which application threads were stopped: 0.0000786 seconds, Stopping threads took: 0.0000116 seconds
[2019-12-08T10:35:53.724+0000][1][safepoint    ] Application time: 0.0040139 seconds
[2019-12-08T10:35:53.724+0000][1][safepoint    ] Entering safepoint region: RevokeBias
[2019-12-08T10:35:53.725+0000][1][safepoint    ] Leaving safepoint region
[2019-12-08T10:35:53.725+0000][1][safepoint    ] Total time for which application threads were stopped: 0.0000950 seconds, Stopping threads took: 0.0000128 seconds
[2019-12-08T10:35:53.748+0000][1][safepoint    ] Application time: 0.0237251 seconds
[2019-12-08T10:35:53.748+0000][1][safepoint    ] Entering safepoint region: RevokeBias
[2019-12-08T10:35:53.748+0000][1][safepoint    ] Leaving safepoint region
[2019-12-08T10:35:53.748+0000][1][safepoint    ] Total time for which application threads were stopped: 0.0000962 seconds, Stopping threads took: 0.0000142 seconds
[2019-12-08T10:35:54.748+0000][1][safepoint    ] Application time: 1.0000822 seconds
[2019-12-08T10:35:54.749+0000][1][safepoint    ] Entering safepoint region: Cleanup
[2019-12-08T10:35:54.749+0000][1][safepoint    ] Leaving safepoint region
[2019-12-08T10:35:54.749+0000][1][safepoint    ] Total time for which application threads were stopped: 0.0000820 seconds, Stopping threads took: 0.0000160 seconds
[2019-12-08T10:35:55.749+0000][1][safepoint    ] Application time: 1.0000915 seconds
[2019-12-08T10:35:55.749+0000][1][safepoint    ] Entering safepoint region: Cleanup
[2019-12-08T10:35:55.749+0000][1][safepoint    ] Leaving safepoint region
[2019-12-08T10:35:55.749+0000][1][safepoint    ] Total time for which application threads were stopped: 0.0000812 seconds, Stopping threads took: 0.0000190 seconds
[2019-12-08T10:35:56.749+0000][1][safepoint    ] Application time: 1.0000765 seconds
[2019-12-08T10:35:56.749+0000][1][safepoint    ] Entering safepoint region: Cleanup
[2019-12-08T10:35:56.749+0000][1][safepoint    ] Leaving safepoint region
[2019-12-08T10:35:56.749+0000][1][safepoint    ] Total time for which application threads were stopped: 0.0000788 seconds, Stopping threads took: 0.0000166 seconds
[2019-12-08T10:35:57.749+0000][1][safepoint    ] Application time: 1.0000761 seconds
[2019-12-08T10:35:57.749+0000][1][safepoint    ] Entering safepoint region: Cleanup
[2019-12-08T10:35:57.749+0000][1][safepoint    ] Leaving safepoint region
[2019-12-08T10:35:57.749+0000][1][safepoint    ] Total time for which application threads were stopped: 0.0000709 seconds, Stopping threads took: 0.0000171 seconds
[2019-12-08T10:35:58.749+0000][1][safepoint    ] Application time: 1.0000768 seconds
[2019-12-08T10:35:58.749+0000][1][safepoint    ] Entering safepoint region: Cleanup
[2019-12-08T10:35:58.749+0000][1][safepoint    ] Leaving safepoint region
[2019-12-08T10:35:58.749+0000][1][safepoint    ] Total time for which application threads were stopped: 0.0000756 seconds, Stopping threads took: 0.0000167 seconds
[2019-12-08T10:35:59.749+0000][1][safepoint    ] Application time: 1.0000778 seconds
[2019-12-08T10:35:59.750+0000][1][safepoint    ] Entering safepoint region: Cleanup
[2019-12-08T10:35:59.750+0000][1][safepoint    ] Leaving safepoint region
[2019-12-08T10:35:59.750+0000][1][safepoint    ] Total time for which application threads were stopped: 0.0000763 seconds, Stopping threads took: 0.0000157 seconds
[2019-12-08T10:36:00.750+0000][1][safepoint    ] Application time: 1.0000761 seconds
[2019-12-08T10:36:00.750+0000][1][safepoint    ] Entering safepoint region: Cleanup
[2019-12-08T10:36:00.750+0000][1][safepoint    ] Leaving safepoint region
[2019-12-08T10:36:00.750+0000][1][safepoint    ] Total time for which application threads were stopped: 0.0000702 seconds, Stopping threads took: 0.0000161 seconds
[2019-12-08T10:36:01.751+0000][1][safepoint    ] Application time: 1.0009409 seconds
[2019-12-08T10:36:01.751+0000][1][safepoint    ] Entering safepoint region: Cleanup
[2019-12-08T10:36:01.751+0000][1][safepoint    ] Leaving safepoint region
[2019-12-08T10:36:01.751+0000][1][safepoint    ] Total time for which application threads were stopped: 0.0000968 seconds, Stopping threads took: 0.0000221 seconds
[2019-12-08T10:36:02.751+0000][1][safepoint    ] Application time: 1.0000893 seconds
[2019-12-08T10:36:02.751+0000][1][safepoint    ] Entering safepoint region: Cleanup
[2019-12-08T10:36:02.751+0000][1][safepoint    ] Leaving safepoint region
[2019-12-08T10:36:02.751+0000][1][safepoint    ] Total time for which application threads were stopped: 0.0000823 seconds, Stopping threads took: 0.0000184 seconds
[2019-12-08T10:36:03.751+0000][1][safepoint    ] Application time: 1.0000819 seconds
[2019-12-08T10:36:03.751+0000][1][safepoint    ] Entering safepoint region: Cleanup
[2019-12-08T10:36:03.751+0000][1][safepoint    ] Leaving safepoint region
[2019-12-08T10:36:03.751+0000][1][safepoint    ] Total time for which application threads were stopped: 0.0000847 seconds, Stopping threads took: 0.0000194 seconds
[2019-12-08T10:36:04.751+0000][1][safepoint    ] Application time: 1.0000815 seconds
[2019-12-08T10:36:04.751+0000][1][safepoint    ] Entering safepoint region: Cleanup
[2019-12-08T10:36:04.751+0000][1][safepoint    ] Leaving safepoint region
[2019-12-08T10:36:04.751+0000][1][safepoint    ] Total time for which application threads were stopped: 0.0000878 seconds, Stopping threads took: 0.0000302 seconds
[2019-12-08T10:36:05.752+0000][1][safepoint    ] Application time: 1.0000777 seconds
[2019-12-08T10:36:05.752+0000][1][safepoint    ] Entering safepoint region: Cleanup
[2019-12-08T10:36:05.752+0000][1][safepoint    ] Leaving safepoint region
[2019-12-08T10:36:05.752+0000][1][safepoint    ] Total time for which application threads were stopped: 0.0000723 seconds, Stopping threads took: 0.0000171 seconds
[2019-12-08T10:36:06.752+0000][1][safepoint    ] Application time: 1.0000771 seconds
[2019-12-08T10:36:06.752+0000][1][safepoint    ] Entering safepoint region: Cleanup
[2019-12-08T10:36:06.752+0000][1][safepoint    ] Leaving safepoint region
[2019-12-08T10:36:06.752+0000][1][safepoint    ] Total time for which application threads were stopped: 0.0000777 seconds, Stopping threads took: 0.0000159 seconds
[2019-12-08T10:36:07.752+0000][1][safepoint    ] Application time: 1.0000884 seconds
[2019-12-08T10:36:07.752+0000][1][safepoint    ] Entering safepoint region: Cleanup
[2019-12-08T10:36:07.752+0000][1][safepoint    ] Leaving safepoint region
[2019-12-08T10:36:07.752+0000][1][safepoint    ] Total time for which application threads were stopped: 0.0001004 seconds, Stopping threads took: 0.0000218 seconds
[2019-12-08T10:36:08.752+0000][1][safepoint    ] Application time: 1.0000793 seconds
[2019-12-08T10:36:08.752+0000][1][safepoint    ] Entering safepoint region: Cleanup
[2019-12-08T10:36:08.752+0000][1][safepoint    ] Leaving safepoint region
[2019-12-08T10:36:08.752+0000][1][safepoint    ] Total time for which application threads were stopped: 0.0000761 seconds, Stopping threads took: 0.0000163 seconds
[2019-12-08T10:36:09.752+0000][1][safepoint    ] Application time: 1.0000763 seconds
[2019-12-08T10:36:09.752+0000][1][safepoint    ] Entering safepoint region: Cleanup
[2019-12-08T10:36:09.752+0000][1][safepoint    ] Leaving safepoint region
[2019-12-08T10:36:09.753+0000][1][safepoint    ] Total time for which application threads were stopped: 0.0000717 seconds, Stopping threads took: 0.0000157 seconds
[2019-12-08T10:36:10.753+0000][1][safepoint    ] Application time: 1.0000766 seconds
[2019-12-08T10:36:10.753+0000][1][safepoint    ] Entering safepoint region: Cleanup
[2019-12-08T10:36:10.753+0000][1][safepoint    ] Leaving safepoint region
[2019-12-08T10:36:10.753+0000][1][safepoint    ] Total time for which application threads were stopped: 0.0000905 seconds, Stopping threads took: 0.0000191 seconds
[2019-12-08T10:36:11.753+0000][1][safepoint    ] Application time: 1.0000768 seconds
[2019-12-08T10:36:11.753+0000][1][safepoint    ] Entering safepoint region: Cleanup
[2019-12-08T10:36:11.753+0000][1][safepoint    ] Leaving safepoint region
[2019-12-08T10:36:11.753+0000][1][safepoint    ] Total time for which application threads were stopped: 0.0000730 seconds, Stopping threads took: 0.0000173 seconds
[2019-12-08T10:36:12.753+0000][1][safepoint    ] Application time: 1.0000769 seconds
[2019-12-08T10:36:12.753+0000][1][safepoint    ] Entering safepoint region: Cleanup
[2019-12-08T10:36:12.753+0000][1][safepoint    ] Leaving safepoint region
[2019-12-08T10:36:12.753+0000][1][safepoint    ] Total time for which application threads were stopped: 0.0000774 seconds, Stopping threads took: 0.0000189 seconds
[2019-12-08T10:36:13.753+0000][1][safepoint    ] Application time: 1.0000760 seconds
[2019-12-08T10:36:13.753+0000][1][safepoint    ] Entering safepoint region: Cleanup
[2019-12-08T10:36:13.753+0000][1][safepoint    ] Leaving safepoint region
[2019-12-08T10:36:13.753+0000][1][safepoint    ] Total time for which application threads were stopped: 0.0000827 seconds, Stopping threads took: 0.0000251 seconds
[2019-12-08T10:36:14.753+0000][1][safepoint    ] Application time: 1.0000781 seconds
[2019-12-08T10:36:14.753+0000][1][safepoint    ] Entering safepoint region: Cleanup
[2019-12-08T10:36:14.753+0000][1][safepoint    ] Leaving safepoint region
[2019-12-08T10:36:14.754+0000][1][safepoint    ] Total time for which application threads were stopped: 0.0000796 seconds, Stopping threads took: 0.0000172 seconds
[2019-12-08T10:36:15.754+0000][1][safepoint    ] Application time: 1.0000759 seconds
[2019-12-08T10:36:15.754+0000][1][safepoint    ] Entering safepoint region: Cleanup
[2019-12-08T10:36:15.754+0000][1][safepoint    ] Leaving safepoint region
[2019-12-08T10:36:15.754+0000][1][safepoint    ] Total time for which application threads were stopped: 0.0000858 seconds, Stopping threads took: 0.0000166 seconds
[2019-12-08T10:36:16.754+0000][1][safepoint    ] Application time: 1.0000761 seconds
[2019-12-08T10:36:16.754+0000][1][safepoint    ] Entering safepoint region: Cleanup
[2019-12-08T10:36:16.754+0000][1][safepoint    ] Leaving safepoint region
[2019-12-08T10:36:16.754+0000][1][safepoint    ] Total time for which application threads were stopped: 0.0000759 seconds, Stopping threads took: 0.0000171 seconds
[2019-12-08T10:36:17.754+0000][1][safepoint    ] Application time: 1.0000746 seconds
[2019-12-08T10:36:17.754+0000][1][safepoint    ] Entering safepoint region: Cleanup
[2019-12-08T10:36:17.754+0000][1][safepoint    ] Leaving safepoint region
[2019-12-08T10:36:17.754+0000][1][safepoint    ] Total time for which application threads were stopped: 0.0000756 seconds, Stopping threads took: 0.0000167 seconds
[2019-12-08T10:36:18.754+0000][1][safepoint    ] Application time: 1.0000774 seconds
[2019-12-08T10:36:18.754+0000][1][safepoint    ] Entering safepoint region: Cleanup
[2019-12-08T10:36:18.754+0000][1][safepoint    ] Leaving safepoint region
[2019-12-08T10:36:18.754+0000][1][safepoint    ] Total time for which application threads were stopped: 0.0000820 seconds, Stopping threads took: 0.0000242 seconds
[2019-12-08T10:36:19.754+0000][1][safepoint    ] Application time: 1.0000780 seconds
[2019-12-08T10:36:19.754+0000][1][safepoint    ] Entering safepoint region: Cleanup
[2019-12-08T10:36:19.754+0000][1][safepoint    ] Leaving safepoint region
[2019-12-08T10:36:19.754+0000][1][safepoint    ] Total time for which application threads were stopped: 0.0000730 seconds, Stopping threads took: 0.0000161 seconds
[2019-12-08T10:36:20.755+0000][1][safepoint    ] Application time: 1.0000830 seconds
[2019-12-08T10:36:20.755+0000][1][safepoint    ] Entering safepoint region: Cleanup
[2019-12-08T10:36:20.755+0000][1][safepoint    ] Leaving safepoint region
[2019-12-08T10:36:20.755+0000][1][safepoint    ] Total time for which application threads were stopped: 0.0000748 seconds, Stopping threads took: 0.0000174 seconds
[2019-12-08T10:36:21.755+0000][1][safepoint    ] Application time: 1.0000871 seconds
[2019-12-08T10:36:21.755+0000][1][safepoint    ] Entering safepoint region: Cleanup
[2019-12-08T10:36:21.755+0000][1][safepoint    ] Leaving safepoint region
[2019-12-08T10:36:21.755+0000][1][safepoint    ] Total time for which application threads were stopped: 0.0000746 seconds, Stopping threads took: 0.0000170 seconds
[2019-12-08T10:36:22.755+0000][1][safepoint    ] Application time: 1.0000802 seconds
[2019-12-08T10:36:22.755+0000][1][safepoint    ] Entering safepoint region: Cleanup
[2019-12-08T10:36:22.755+0000][1][safepoint    ] Leaving safepoint region
[2019-12-08T10:36:22.755+0000][1][safepoint    ] Total time for which application threads were stopped: 0.0000750 seconds, Stopping threads took: 0.0000177 seconds
[2019-12-08T10:36:23.755+0000][1][safepoint    ] Application time: 1.0000747 seconds
[2019-12-08T10:36:23.755+0000][1][safepoint    ] Entering safepoint region: Cleanup
[2019-12-08T10:36:23.755+0000][1][safepoint    ] Leaving safepoint region
[2019-12-08T10:36:23.755+0000][1][safepoint    ] Total time for which application threads were stopped: 0.0000760 seconds, Stopping threads took: 0.0000148 seconds
[2019-12-08T10:36:24.755+0000][1][safepoint    ] Application time: 1.0000768 seconds
[2019-12-08T10:36:24.755+0000][1][safepoint    ] Entering safepoint region: Cleanup
[2019-12-08T10:36:24.755+0000][1][safepoint    ] Leaving safepoint region
[2019-12-08T10:36:24.755+0000][1][safepoint    ] Total time for which application threads were stopped: 0.0000786 seconds, Stopping threads took: 0.0000166 seconds
[2019-12-08T10:36:25.756+0000][1][safepoint    ] Application time: 1.0000765 seconds
[2019-12-08T10:36:25.756+0000][1][safepoint    ] Entering safepoint region: Cleanup
[2019-12-08T10:36:25.756+0000][1][safepoint    ] Leaving safepoint region
[2019-12-08T10:36:25.756+0000][1][safepoint    ] Total time for which application threads were stopped: 0.0000744 seconds, Stopping threads took: 0.0000170 seconds
[2019-12-08T10:36:26.756+0000][1][safepoint    ] Application time: 1.0000784 seconds
[2019-12-08T10:36:26.756+0000][1][safepoint    ] Entering safepoint region: Cleanup
[2019-12-08T10:36:26.756+0000][1][safepoint    ] Leaving safepoint region
[2019-12-08T10:36:26.756+0000][1][safepoint    ] Total time for which application threads were stopped: 0.0000727 seconds, Stopping threads took: 0.0000165 seconds
[2019-12-08T10:36:27.756+0000][1][safepoint    ] Application time: 1.0000778 seconds
[2019-12-08T10:36:27.756+0000][1][safepoint    ] Entering safepoint region: Cleanup
[2019-12-08T10:36:27.756+0000][1][safepoint    ] Leaving safepoint region
[2019-12-08T10:36:27.756+0000][1][safepoint    ] Total time for which application threads were stopped: 0.0000725 seconds, Stopping threads took: 0.0000154 seconds
[2019-12-08T10:36:28.756+0000][1][safepoint    ] Application time: 1.0000790 seconds
[2019-12-08T10:36:28.756+0000][1][safepoint    ] Entering safepoint region: Cleanup
[2019-12-08T10:36:28.756+0000][1][safepoint    ] Leaving safepoint region
[2019-12-08T10:36:28.756+0000][1][safepoint    ] Total time for which application threads were stopped: 0.0000775 seconds, Stopping threads took: 0.0000167 seconds
[2019-12-08T10:36:29.756+0000][1][safepoint    ] Application time: 1.0000780 seconds
[2019-12-08T10:36:29.756+0000][1][safepoint    ] Entering safepoint region: Cleanup
[2019-12-08T10:36:29.756+0000][1][safepoint    ] Leaving safepoint region
[2019-12-08T10:36:29.756+0000][1][safepoint    ] Total time for which application threads were stopped: 0.0000724 seconds, Stopping threads took: 0.0000165 seconds
[2019-12-08T10:36:30.756+0000][1][safepoint    ] Application time: 1.0000793 seconds
[2019-12-08T10:36:30.757+0000][1][safepoint    ] Entering safepoint region: Cleanup
[2019-12-08T10:36:30.757+0000][1][safepoint    ] Leaving safepoint region
[2019-12-08T10:36:30.757+0000][1][safepoint    ] Total time for which application threads were stopped: 0.0000726 seconds, Stopping threads took: 0.0000170 seconds
[2019-12-08T10:36:31.757+0000][1][safepoint    ] Application time: 1.0000800 seconds
[2019-12-08T10:36:31.757+0000][1][safepoint    ] Entering safepoint region: Cleanup
[2019-12-08T10:36:31.757+0000][1][safepoint    ] Leaving safepoint region
[2019-12-08T10:36:31.757+0000][1][safepoint    ] Total time for which application threads were stopped: 0.0000769 seconds, Stopping threads took: 0.0000193 seconds
[2019-12-08T10:36:32.757+0000][1][safepoint    ] Application time: 1.0000789 seconds
[2019-12-08T10:36:32.757+0000][1][safepoint    ] Entering safepoint region: Cleanup
[2019-12-08T10:36:32.757+0000][1][safepoint    ] Leaving safepoint region
[2019-12-08T10:36:32.757+0000][1][safepoint    ] Total time for which application threads were stopped: 0.0000765 seconds, Stopping threads took: 0.0000213 seconds
[2019-12-08T10:36:33.757+0000][1][safepoint    ] Application time: 1.0000789 seconds
[2019-12-08T10:36:33.757+0000][1][safepoint    ] Entering safepoint region: Cleanup
[2019-12-08T10:36:33.757+0000][1][safepoint    ] Leaving safepoint region
[2019-12-08T10:36:33.757+0000][1][safepoint    ] Total time for which application threads were stopped: 0.0000723 seconds, Stopping threads took: 0.0000168 seconds
[2019-12-08T10:36:34.757+0000][1][safepoint    ] Application time: 1.0000792 seconds
[2019-12-08T10:36:34.757+0000][1][safepoint    ] Entering safepoint region: Cleanup
[2019-12-08T10:36:34.757+0000][1][safepoint    ] Leaving safepoint region
[2019-12-08T10:36:34.757+0000][1][safepoint    ] Total time for which application threads were stopped: 0.0000735 seconds, Stopping threads took: 0.0000178 seconds
[2019-12-08T10:36:35.757+0000][1][safepoint    ] Application time: 1.0000780 seconds
[2019-12-08T10:36:35.757+0000][1][safepoint    ] Entering safepoint region: Cleanup
[2019-12-08T10:36:35.758+0000][1][safepoint    ] Leaving safepoint region
[2019-12-08T10:36:35.758+0000][1][safepoint    ] Total time for which application threads were stopped: 0.0000797 seconds, Stopping threads took: 0.0000248 seconds
[2019-12-08T10:36:36.758+0000][1][safepoint    ] Application time: 1.0000771 seconds
[2019-12-08T10:36:36.758+0000][1][safepoint    ] Entering safepoint region: Cleanup
[2019-12-08T10:36:36.758+0000][1][safepoint    ] Leaving safepoint region
[2019-12-08T10:36:36.758+0000][1][safepoint    ] Total time for which application threads were stopped: 0.0000854 seconds, Stopping threads took: 0.0000174 seconds
[2019-12-08T10:36:37.758+0000][1][safepoint    ] Application time: 1.0000791 seconds
[2019-12-08T10:36:37.758+0000][1][safepoint    ] Entering safepoint region: Cleanup
[2019-12-08T10:36:37.758+0000][1][safepoint    ] Leaving safepoint region
[2019-12-08T10:36:37.758+0000][1][safepoint    ] Total time for which application threads were stopped: 0.0000729 seconds, Stopping threads took: 0.0000176 seconds
[2019-12-08T10:36:38.758+0000][1][safepoint    ] Application time: 1.0000763 seconds
[2019-12-08T10:36:38.758+0000][1][safepoint    ] Entering safepoint region: Cleanup
[2019-12-08T10:36:38.758+0000][1][safepoint    ] Leaving safepoint region
[2019-12-08T10:36:38.758+0000][1][safepoint    ] Total time for which application threads were stopped: 0.0000738 seconds, Stopping threads took: 0.0000169 seconds
[2019-12-08T10:36:39.758+0000][1][safepoint    ] Application time: 1.0000792 seconds
[2019-12-08T10:36:39.758+0000][1][safepoint    ] Entering safepoint region: Cleanup
[2019-12-08T10:36:39.758+0000][1][safepoint    ] Leaving safepoint region
[2019-12-08T10:36:39.758+0000][1][safepoint    ] Total time for which application threads were stopped: 0.0000754 seconds, Stopping threads took: 0.0000166 seconds
[2019-12-08T10:36:40.758+0000][1][safepoint    ] Application time: 1.0000794 seconds
[2019-12-08T10:36:40.758+0000][1][safepoint    ] Entering safepoint region: Cleanup
[2019-12-08T10:36:40.758+0000][1][safepoint    ] Leaving safepoint region
[2019-12-08T10:36:40.758+0000][1][safepoint    ] Total time for which application threads were stopped: 0.0000755 seconds, Stopping threads took: 0.0000184 seconds
[2019-12-08T10:36:41.759+0000][1][safepoint    ] Application time: 1.0000772 seconds
[2019-12-08T10:36:41.759+0000][1][safepoint    ] Entering safepoint region: Cleanup
[2019-12-08T10:36:41.759+0000][1][safepoint    ] Leaving safepoint region
[2019-12-08T10:36:41.759+0000][1][safepoint    ] Total time for which application threads were stopped: 0.0000730 seconds, Stopping threads took: 0.0000160 seconds
[2019-12-08T10:36:42.759+0000][1][safepoint    ] Application time: 1.0000784 seconds
[2019-12-08T10:36:42.759+0000][1][safepoint    ] Entering safepoint region: Cleanup
[2019-12-08T10:36:42.759+0000][1][safepoint    ] Leaving safepoint region
[2019-12-08T10:36:42.759+0000][1][safepoint    ] Total time for which application threads were stopped: 0.0000838 seconds, Stopping threads took: 0.0000227 seconds
[2019-12-08T10:36:43.759+0000][1][safepoint    ] Application time: 1.0000758 seconds
[2019-12-08T10:36:43.759+0000][1][safepoint    ] Entering safepoint region: Cleanup
[2019-12-08T10:36:43.759+0000][1][safepoint    ] Leaving safepoint region
[2019-12-08T10:36:43.759+0000][1][safepoint    ] Total time for which application threads were stopped: 0.0000721 seconds, Stopping threads took: 0.0000167 seconds
[2019-12-08T10:36:44.759+0000][1][safepoint    ] Application time: 1.0000766 seconds
[2019-12-08T10:36:44.759+0000][1][safepoint    ] Entering safepoint region: Cleanup
[2019-12-08T10:36:44.759+0000][1][safepoint    ] Leaving safepoint region
[2019-12-08T10:36:44.759+0000][1][safepoint    ] Total time for which application threads were stopped: 0.0000750 seconds, Stopping threads took: 0.0000177 seconds
[2019-12-08T10:36:45.759+0000][1][safepoint    ] Application time: 1.0000747 seconds
[2019-12-08T10:36:45.759+0000][1][safepoint    ] Entering safepoint region: Cleanup
[2019-12-08T10:36:45.759+0000][1][safepoint    ] Leaving safepoint region
[2019-12-08T10:36:45.759+0000][1][safepoint    ] Total time for which application threads were stopped: 0.0000718 seconds, Stopping threads took: 0.0000163 seconds
[2019-12-08T10:36:46.760+0000][1][safepoint    ] Application time: 1.0000788 seconds
[2019-12-08T10:36:46.760+0000][1][safepoint    ] Entering safepoint region: Cleanup
[2019-12-08T10:36:46.760+0000][1][safepoint    ] Leaving safepoint region
[2019-12-08T10:36:46.760+0000][1][safepoint    ] Total time for which application threads were stopped: 0.0000768 seconds, Stopping threads took: 0.0000178 seconds
[2019-12-08T10:36:47.760+0000][1][safepoint    ] Application time: 1.0000846 seconds
[2019-12-08T10:36:47.760+0000][1][safepoint    ] Entering safepoint region: Cleanup
[2019-12-08T10:36:47.760+0000][1][safepoint    ] Leaving safepoint region
[2019-12-08T10:36:47.760+0000][1][safepoint    ] Total time for which application threads were stopped: 0.0000779 seconds, Stopping threads took: 0.0000184 seconds
[2019-12-08T10:36:48.760+0000][1][safepoint    ] Application time: 1.0000769 seconds
[2019-12-08T10:36:48.760+0000][1][safepoint    ] Entering safepoint region: Cleanup
[2019-12-08T10:36:48.760+0000][1][safepoint    ] Leaving safepoint region
[2019-12-08T10:36:48.760+0000][1][safepoint    ] Total time for which application threads were stopped: 0.0000770 seconds, Stopping threads took: 0.0000183 seconds
[2019-12-08T10:36:49.760+0000][1][safepoint    ] Application time: 1.0000757 seconds
[2019-12-08T10:36:49.760+0000][1][safepoint    ] Entering safepoint region: Cleanup
[2019-12-08T10:36:49.760+0000][1][safepoint    ] Leaving safepoint region
[2019-12-08T10:36:49.760+0000][1][safepoint    ] Total time for which application threads were stopped: 0.0000795 seconds, Stopping threads took: 0.0000160 seconds
[2019-12-08T10:36:50.760+0000][1][safepoint    ] Application time: 1.0000807 seconds
[2019-12-08T10:36:50.760+0000][1][safepoint    ] Entering safepoint region: Cleanup
[2019-12-08T10:36:50.760+0000][1][safepoint    ] Leaving safepoint region
[2019-12-08T10:36:50.760+0000][1][safepoint    ] Total time for which application threads were stopped: 0.0001152 seconds, Stopping threads took: 0.0000350 seconds
[2019-12-08T10:36:51.761+0000][1][safepoint    ] Application time: 1.0000852 seconds
[2019-12-08T10:36:51.761+0000][1][safepoint    ] Entering safepoint region: Cleanup
[2019-12-08T10:36:51.761+0000][1][safepoint    ] Leaving safepoint region
[2019-12-08T10:36:51.761+0000][1][safepoint    ] Total time for which application threads were stopped: 0.0000795 seconds, Stopping threads took: 0.0000189 seconds
[2019-12-08T10:36:52.761+0000][1][safepoint    ] Application time: 1.0000783 seconds
[2019-12-08T10:36:52.761+0000][1][safepoint    ] Entering safepoint region: Cleanup
[2019-12-08T10:36:52.761+0000][1][safepoint    ] Leaving safepoint region
[2019-12-08T10:36:52.761+0000][1][safepoint    ] Total time for which application threads were stopped: 0.0000809 seconds, Stopping threads took: 0.0000228 seconds
[2019-12-08T10:36:53.761+0000][1][safepoint    ] Application time: 1.0000794 seconds
[2019-12-08T10:36:53.761+0000][1][safepoint    ] Entering safepoint region: Cleanup
[2019-12-08T10:36:53.761+0000][1][safepoint    ] Leaving safepoint region
[2019-12-08T10:36:53.761+0000][1][safepoint    ] Total time for which application threads were stopped: 0.0000772 seconds, Stopping threads took: 0.0000194 seconds
[2019-12-08T10:36:54.761+0000][1][safepoint    ] Application time: 1.0000778 seconds
[2019-12-08T10:36:54.761+0000][1][safepoint    ] Entering safepoint region: Cleanup
[2019-12-08T10:36:54.761+0000][1][safepoint    ] Leaving safepoint region
[2019-12-08T10:36:54.761+0000][1][safepoint    ] Total time for which application threads were stopped: 0.0000736 seconds, Stopping threads took: 0.0000169 seconds
[2019-12-08T10:36:55.761+0000][1][safepoint    ] Application time: 1.0000801 seconds
[2019-12-08T10:36:55.761+0000][1][safepoint    ] Entering safepoint region: Cleanup
[2019-12-08T10:36:55.761+0000][1][safepoint    ] Leaving safepoint region
[2019-12-08T10:36:55.761+0000][1][safepoint    ] Total time for which application threads were stopped: 0.0000929 seconds, Stopping threads took: 0.0000189 seconds
[2019-12-08T10:36:56.762+0000][1][safepoint    ] Application time: 1.0000760 seconds
[2019-12-08T10:36:56.762+0000][1][safepoint    ] Entering safepoint region: Cleanup
[2019-12-08T10:36:56.762+0000][1][safepoint    ] Leaving safepoint region
[2019-12-08T10:36:56.762+0000][1][safepoint    ] Total time for which application threads were stopped: 0.0000783 seconds, Stopping threads took: 0.0000163 seconds
[2019-12-08T10:36:57.762+0000][1][safepoint    ] Application time: 1.0000741 seconds
[2019-12-08T10:36:57.762+0000][1][safepoint    ] Entering safepoint region: Cleanup
[2019-12-08T10:36:57.762+0000][1][safepoint    ] Leaving safepoint region
[2019-12-08T10:36:57.762+0000][1][safepoint    ] Total time for which application threads were stopped: 0.0000736 seconds, Stopping threads took: 0.0000162 seconds
[2019-12-08T10:36:58.762+0000][1][safepoint    ] Application time: 1.0000755 seconds
[2019-12-08T10:36:58.762+0000][1][safepoint    ] Entering safepoint region: Cleanup
[2019-12-08T10:36:58.762+0000][1][safepoint    ] Leaving safepoint region
[2019-12-08T10:36:58.762+0000][1][safepoint    ] Total time for which application threads were stopped: 0.0000734 seconds, Stopping threads took: 0.0000159 seconds
[2019-12-08T10:36:59.762+0000][1][safepoint    ] Application time: 1.0000755 seconds
[2019-12-08T10:36:59.762+0000][1][safepoint    ] Entering safepoint region: Cleanup
[2019-12-08T10:36:59.762+0000][1][safepoint    ] Leaving safepoint region
[2019-12-08T10:36:59.762+0000][1][safepoint    ] Total time for which application threads were stopped: 0.0000705 seconds, Stopping threads took: 0.0000169 seconds
[2019-12-08T10:37:00.762+0000][1][safepoint    ] Application time: 1.0000771 seconds
[2019-12-08T10:37:00.762+0000][1][safepoint    ] Entering safepoint region: Cleanup
[2019-12-08T10:37:00.762+0000][1][safepoint    ] Leaving safepoint region
[2019-12-08T10:37:00.762+0000][1][safepoint    ] Total time for which application threads were stopped: 0.0000772 seconds, Stopping threads took: 0.0000172 seconds
[2019-12-08T10:37:01.762+0000][1][safepoint    ] Application time: 1.0000763 seconds
[2019-12-08T10:37:01.762+0000][1][safepoint    ] Entering safepoint region: Cleanup
[2019-12-08T10:37:01.763+0000][1][safepoint    ] Leaving safepoint region
[2019-12-08T10:37:01.763+0000][1][safepoint    ] Total time for which application threads were stopped: 0.0000761 seconds, Stopping threads took: 0.0000181 seconds
[2019-12-08T10:37:02.763+0000][1][safepoint    ] Application time: 1.0000779 seconds
[2019-12-08T10:37:02.763+0000][1][safepoint    ] Entering safepoint region: Cleanup
[2019-12-08T10:37:02.763+0000][1][safepoint    ] Leaving safepoint region
[2019-12-08T10:37:02.763+0000][1][safepoint    ] Total time for which application threads were stopped: 0.0001030 seconds, Stopping threads took: 0.0000183 seconds
[2019-12-08T10:37:03.763+0000][1][safepoint    ] Application time: 1.0000793 seconds
[2019-12-08T10:37:03.763+0000][1][safepoint    ] Entering safepoint region: Cleanup
[2019-12-08T10:37:03.763+0000][1][safepoint    ] Leaving safepoint region
[2019-12-08T10:37:03.763+0000][1][safepoint    ] Total time for which application threads were stopped: 0.0000782 seconds, Stopping threads took: 0.0000172 seconds
[2019-12-08T10:37:04.763+0000][1][safepoint    ] Application time: 1.0000795 seconds
[2019-12-08T10:37:04.763+0000][1][safepoint    ] Entering safepoint region: Cleanup
[2019-12-08T10:37:04.763+0000][1][safepoint    ] Leaving safepoint region
[2019-12-08T10:37:04.763+0000][1][safepoint    ] Total time for which application threads were stopped: 0.0000752 seconds, Stopping threads took: 0.0000169 seconds
[2019-12-08T10:37:05.763+0000][1][safepoint    ] Application time: 1.0000808 seconds
[2019-12-08T10:37:05.763+0000][1][safepoint    ] Entering safepoint region: Cleanup
[2019-12-08T10:37:05.763+0000][1][safepoint    ] Leaving safepoint region
[2019-12-08T10:37:05.763+0000][1][safepoint    ] Total time for which application threads were stopped: 0.0000740 seconds, Stopping threads took: 0.0000175 seconds
[2019-12-08T10:37:06.763+0000][1][safepoint    ] Application time: 1.0000786 seconds
[2019-12-08T10:37:06.763+0000][1][safepoint    ] Entering safepoint region: Cleanup
[2019-12-08T10:37:06.764+0000][1][safepoint    ] Leaving safepoint region
[2019-12-08T10:37:06.764+0000][1][safepoint    ] Total time for which application threads were stopped: 0.0000727 seconds, Stopping threads took: 0.0000165 seconds
[2019-12-08T10:37:07.764+0000][1][safepoint    ] Application time: 1.0000778 seconds
[2019-12-08T10:37:07.764+0000][1][safepoint    ] Entering safepoint region: Cleanup
[2019-12-08T10:37:07.764+0000][1][safepoint    ] Leaving safepoint region
[2019-12-08T10:37:07.764+0000][1][safepoint    ] Total time for which application threads were stopped: 0.0000818 seconds, Stopping threads took: 0.0000167 seconds
[2019-12-08T10:37:08.764+0000][1][safepoint    ] Application time: 1.0000758 seconds
[2019-12-08T10:37:08.764+0000][1][safepoint    ] Entering safepoint region: Cleanup
[2019-12-08T10:37:08.764+0000][1][safepoint    ] Leaving safepoint region
[2019-12-08T10:37:08.764+0000][1][safepoint    ] Total time for which application threads were stopped: 0.0000733 seconds, Stopping threads took: 0.0000171 seconds
[2019-12-08T10:37:09.764+0000][1][safepoint    ] Application time: 1.0000779 seconds
[2019-12-08T10:37:09.764+0000][1][safepoint    ] Entering safepoint region: Cleanup
[2019-12-08T10:37:09.764+0000][1][safepoint    ] Leaving safepoint region
[2019-12-08T10:37:09.764+0000][1][safepoint    ] Total time for which application threads were stopped: 0.0000730 seconds, Stopping threads took: 0.0000161 seconds
[2019-12-08T10:37:10.764+0000][1][safepoint    ] Application time: 1.0000764 seconds
[2019-12-08T10:37:10.764+0000][1][safepoint    ] Entering safepoint region: Cleanup
[2019-12-08T10:37:10.764+0000][1][safepoint    ] Leaving safepoint region
[2019-12-08T10:37:10.764+0000][1][safepoint    ] Total time for which application threads were stopped: 0.0000733 seconds, Stopping threads took: 0.0000166 seconds
[2019-12-08T10:37:11.764+0000][1][safepoint    ] Application time: 1.0000801 seconds
[2019-12-08T10:37:11.764+0000][1][safepoint    ] Entering safepoint region: Cleanup
[2019-12-08T10:37:11.764+0000][1][safepoint    ] Leaving safepoint region
[2019-12-08T10:37:11.764+0000][1][safepoint    ] Total time for which application threads were stopped: 0.0000716 seconds, Stopping threads took: 0.0000163 seconds
[2019-12-08T10:37:12.765+0000][1][safepoint    ] Application time: 1.0000801 seconds
[2019-12-08T10:37:12.765+0000][1][safepoint    ] Entering safepoint region: Cleanup
[2019-12-08T10:37:12.765+0000][1][safepoint    ] Leaving safepoint region
[2019-12-08T10:37:12.765+0000][1][safepoint    ] Total time for which application threads were stopped: 0.0000810 seconds, Stopping threads took: 0.0000170 seconds
[2019-12-08T10:37:13.765+0000][1][safepoint    ] Application time: 1.0000784 seconds
[2019-12-08T10:37:13.765+0000][1][safepoint    ] Entering safepoint region: Cleanup
[2019-12-08T10:37:13.765+0000][1][safepoint    ] Leaving safepoint region
[2019-12-08T10:37:13.765+0000][1][safepoint    ] Total time for which application threads were stopped: 0.0000722 seconds, Stopping threads took: 0.0000165 seconds
[2019-12-08T10:37:14.765+0000][1][safepoint    ] Application time: 1.0000783 seconds
[2019-12-08T10:37:14.765+0000][1][safepoint    ] Entering safepoint region: Cleanup
[2019-12-08T10:37:14.765+0000][1][safepoint    ] Leaving safepoint region
[2019-12-08T10:37:14.765+0000][1][safepoint    ] Total time for which application threads were stopped: 0.0000741 seconds, Stopping threads took: 0.0000161 seconds
[2019-12-08T10:37:15.765+0000][1][safepoint    ] Application time: 1.0000813 seconds
[2019-12-08T10:37:15.765+0000][1][safepoint    ] Entering safepoint region: Cleanup
[2019-12-08T10:37:15.765+0000][1][safepoint    ] Leaving safepoint region
[2019-12-08T10:37:15.765+0000][1][safepoint    ] Total time for which application threads were stopped: 0.0000716 seconds, Stopping threads took: 0.0000159 seconds
[2019-12-08T10:37:16.765+0000][1][safepoint    ] Application time: 1.0000805 seconds
[2019-12-08T10:37:16.765+0000][1][safepoint    ] Entering safepoint region: Cleanup
[2019-12-08T10:37:16.765+0000][1][safepoint    ] Leaving safepoint region
[2019-12-08T10:37:16.765+0000][1][safepoint    ] Total time for which application threads were stopped: 0.0000757 seconds, Stopping threads took: 0.0000170 seconds
[2019-12-08T10:37:17.765+0000][1][safepoint    ] Application time: 1.0000756 seconds
[2019-12-08T10:37:17.765+0000][1][safepoint    ] Entering safepoint region: Cleanup
[2019-12-08T10:37:17.766+0000][1][safepoint    ] Leaving safepoint region
[2019-12-08T10:37:17.766+0000][1][safepoint    ] Total time for which application threads were stopped: 0.0000733 seconds, Stopping threads took: 0.0000166 seconds
[2019-12-08T10:37:19.637+0000][1][safepoint    ] Application time: 1.8716344 seconds
[2019-12-08T10:37:19.637+0000][1][safepoint    ] Entering safepoint region: Cleanup
[2019-12-08T10:37:19.637+0000][1][safepoint    ] Leaving safepoint region
[2019-12-08T10:37:19.637+0000][1][safepoint    ] Total time for which application threads were stopped: 0.0001199 seconds, Stopping threads took: 0.0000572 seconds
