[2019-12-09T02:25:02.389+0000][1][gc] Using Concurrent Mark Sweep
[2019-12-09T02:25:02.389+0000][1][gc,heap,coops] Heap address: 0x00000000f0000000, size: 256 MB, Compressed Oops mode: 32-bit
[2019-12-09T02:25:02.656+0000][1][safepoint    ] Entering safepoint region: EnableBiasedLocking
[2019-12-09T02:25:02.656+0000][1][safepoint    ] Leaving safepoint region
[2019-12-09T02:25:02.656+0000][1][safepoint    ] Total time for which application threads were stopped: 0.0052770 seconds, Stopping threads took: 0.0052008 seconds
[2019-12-09T02:25:02.678+0000][1][safepoint    ] Application time: 0.0185106 seconds
[2019-12-09T02:25:02.684+0000][1][safepoint    ] Entering safepoint region: RevokeBias
[2019-12-09T02:25:02.684+0000][1][safepoint    ] Leaving safepoint region
[2019-12-09T02:25:02.684+0000][1][safepoint    ] Total time for which application threads were stopped: 0.0062741 seconds, Stopping threads took: 0.0062015 seconds
[2019-12-09T02:25:02.737+0000][1][safepoint    ] Application time: 0.0530254 seconds
[2019-12-09T02:25:02.737+0000][1][safepoint    ] Entering safepoint region: Deoptimize
[2019-12-09T02:25:02.737+0000][1][safepoint    ] Leaving safepoint region
[2019-12-09T02:25:02.737+0000][1][safepoint    ] Total time for which application threads were stopped: 0.0000553 seconds, Stopping threads took: 0.0000108 seconds
[2019-12-09T02:25:03.655+0000][1][safepoint    ] Application time: 0.9176638 seconds
[2019-12-09T02:25:03.655+0000][1][safepoint    ] Entering safepoint region: Deoptimize
[2019-12-09T02:25:03.655+0000][1][safepoint    ] Leaving safepoint region
[2019-12-09T02:25:03.655+0000][1][safepoint    ] Total time for which application threads were stopped: 0.0001055 seconds, Stopping threads took: 0.0000110 seconds
[2019-12-09T02:25:04.671+0000][1][safepoint    ] Application time: 1.0159420 seconds
[2019-12-09T02:25:04.733+0000][1][safepoint    ] Entering safepoint region: Cleanup
[2019-12-09T02:25:04.733+0000][1][safepoint    ] Leaving safepoint region
[2019-12-09T02:25:04.733+0000][1][safepoint    ] Total time for which application threads were stopped: 0.0620705 seconds, Stopping threads took: 0.0620007 seconds
[2019-12-09T02:25:05.737+0000][1][safepoint    ] Application time: 1.0038220 seconds
[2019-12-09T02:25:05.787+0000][1][safepoint    ] Entering safepoint region: Cleanup
[2019-12-09T02:25:05.787+0000][1][safepoint    ] Leaving safepoint region
[2019-12-09T02:25:05.787+0000][1][safepoint    ] Total time for which application threads were stopped: 0.0500894 seconds, Stopping threads took: 0.0500245 seconds
[2019-12-09T02:25:06.354+0000][1][safepoint    ] Application time: 0.5675358 seconds
[2019-12-09T02:25:06.354+0000][1][safepoint    ] Entering safepoint region: Deoptimize
[2019-12-09T02:25:06.355+0000][1][safepoint    ] Leaving safepoint region
[2019-12-09T02:25:06.355+0000][1][safepoint    ] Total time for which application threads were stopped: 0.0001489 seconds, Stopping threads took: 0.0000118 seconds
[2019-12-09T02:25:06.599+0000][1][safepoint    ] Application time: 0.2444844 seconds
[2019-12-09T02:25:06.599+0000][1][safepoint    ] Entering safepoint region: Deoptimize
[2019-12-09T02:25:06.599+0000][1][safepoint    ] Leaving safepoint region
[2019-12-09T02:25:06.599+0000][1][safepoint    ] Total time for which application threads were stopped: 0.0001439 seconds, Stopping threads took: 0.0000111 seconds
[2019-12-09T02:25:07.147+0000][1][safepoint    ] Application time: 0.5475667 seconds
[2019-12-09T02:25:07.147+0000][1][safepoint    ] Entering safepoint region: Deoptimize
[2019-12-09T02:25:07.147+0000][1][safepoint    ] Leaving safepoint region
[2019-12-09T02:25:07.147+0000][1][safepoint    ] Total time for which application threads were stopped: 0.0001674 seconds, Stopping threads took: 0.0000106 seconds
[2019-12-09T02:25:07.227+0000][1][safepoint    ] Application time: 0.0797018 seconds
[2019-12-09T02:25:07.227+0000][1][safepoint    ] Entering safepoint region: Deoptimize
[2019-12-09T02:25:07.227+0000][1][safepoint    ] Leaving safepoint region
[2019-12-09T02:25:07.227+0000][1][safepoint    ] Total time for which application threads were stopped: 0.0001615 seconds, Stopping threads took: 0.0000116 seconds
[2019-12-09T02:25:08.236+0000][1][safepoint    ] Application time: 1.0087617 seconds
[2019-12-09T02:25:08.319+0000][1][safepoint    ] Entering safepoint region: Cleanup
[2019-12-09T02:25:08.319+0000][1][safepoint    ] Leaving safepoint region
[2019-12-09T02:25:08.319+0000][1][safepoint    ] Total time for which application threads were stopped: 0.0831241 seconds, Stopping threads took: 0.0830628 seconds
[2019-12-09T02:25:09.321+0000][1][safepoint    ] Application time: 1.0018202 seconds
[2019-12-09T02:25:09.393+0000][1][safepoint    ] Entering safepoint region: Cleanup
[2019-12-09T02:25:09.393+0000][1][safepoint    ] Leaving safepoint region
[2019-12-09T02:25:09.393+0000][1][safepoint    ] Total time for which application threads were stopped: 0.0721259 seconds, Stopping threads took: 0.0720675 seconds
[2019-12-09T02:25:10.395+0000][1][safepoint    ] Application time: 1.0018278 seconds
[2019-12-09T02:25:10.395+0000][1][safepoint    ] Entering safepoint region: Cleanup
[2019-12-09T02:25:10.395+0000][1][safepoint    ] Leaving safepoint region
[2019-12-09T02:25:10.395+0000][1][safepoint    ] Total time for which application threads were stopped: 0.0000637 seconds, Stopping threads took: 0.0000140 seconds
[2019-12-09T02:25:11.228+0000][1][safepoint    ] Application time: 0.8336583 seconds
[2019-12-09T02:25:11.229+0000][1][safepoint    ] Entering safepoint region: Deoptimize
[2019-12-09T02:25:11.229+0000][1][safepoint    ] Leaving safepoint region
[2019-12-09T02:25:11.229+0000][1][safepoint    ] Total time for which application threads were stopped: 0.0002132 seconds, Stopping threads took: 0.0000113 seconds
[2019-12-09T02:25:12.241+0000][1][safepoint    ] Application time: 1.0117818 seconds
[2019-12-09T02:25:12.284+0000][1][safepoint    ] Entering safepoint region: Cleanup
[2019-12-09T02:25:12.284+0000][1][safepoint    ] Leaving safepoint region
[2019-12-09T02:25:12.284+0000][1][safepoint    ] Total time for which application threads were stopped: 0.0437658 seconds, Stopping threads took: 0.0437211 seconds
[2019-12-09T02:25:13.288+0000][1][safepoint    ] Application time: 1.0033798 seconds
[2019-12-09T02:25:13.288+0000][1][safepoint    ] Entering safepoint region: Cleanup
[2019-12-09T02:25:13.288+0000][1][safepoint    ] Leaving safepoint region
[2019-12-09T02:25:13.288+0000][1][safepoint    ] Total time for which application threads were stopped: 0.0006059 seconds, Stopping threads took: 0.0005477 seconds
[2019-12-09T02:25:14.290+0000][1][safepoint    ] Application time: 1.0014255 seconds
[2019-12-09T02:25:14.308+0000][1][safepoint    ] Entering safepoint region: Cleanup
[2019-12-09T02:25:14.308+0000][1][safepoint    ] Leaving safepoint region
[2019-12-09T02:25:14.308+0000][1][safepoint    ] Total time for which application threads were stopped: 0.0181208 seconds, Stopping threads took: 0.0180293 seconds
[2019-12-09T02:25:14.359+0000][1][safepoint    ] Application time: 0.0511262 seconds
[2019-12-09T02:25:14.359+0000][1][safepoint    ] Entering safepoint region: Deoptimize
[2019-12-09T02:25:14.359+0000][1][safepoint    ] Leaving safepoint region
[2019-12-09T02:25:14.359+0000][1][safepoint    ] Total time for which application threads were stopped: 0.0002248 seconds, Stopping threads took: 0.0000112 seconds
[2019-12-09T02:25:15.316+0000][1][safepoint    ] Application time: 0.9562997 seconds
[2019-12-09T02:25:15.316+0000][1][safepoint    ] Entering safepoint region: Deoptimize
[2019-12-09T02:25:15.316+0000][1][safepoint    ] Leaving safepoint region
[2019-12-09T02:25:15.316+0000][1][safepoint    ] Total time for which application threads were stopped: 0.0003355 seconds, Stopping threads took: 0.0000291 seconds
[2019-12-09T02:25:15.331+0000][1][safepoint    ] Application time: 0.0148197 seconds
[2019-12-09T02:25:15.331+0000][1][safepoint    ] Entering safepoint region: Deoptimize
[2019-12-09T02:25:15.331+0000][1][safepoint    ] Leaving safepoint region
[2019-12-09T02:25:15.331+0000][1][safepoint    ] Total time for which application threads were stopped: 0.0002178 seconds, Stopping threads took: 0.0000114 seconds
[2019-12-09T02:25:15.536+0000][1][safepoint    ] Application time: 0.2046126 seconds
[2019-12-09T02:25:15.536+0000][1][safepoint    ] Entering safepoint region: Deoptimize
[2019-12-09T02:25:15.536+0000][1][safepoint    ] Leaving safepoint region
[2019-12-09T02:25:15.536+0000][1][safepoint    ] Total time for which application threads were stopped: 0.0002717 seconds, Stopping threads took: 0.0000149 seconds
[2019-12-09T02:25:15.584+0000][1][safepoint    ] Application time: 0.0479689 seconds
[2019-12-09T02:25:15.584+0000][1][safepoint    ] Entering safepoint region: RevokeBias
[2019-12-09T02:25:15.584+0000][1][safepoint    ] Leaving safepoint region
[2019-12-09T02:25:15.584+0000][1][safepoint    ] Total time for which application threads were stopped: 0.0001834 seconds, Stopping threads took: 0.0001118 seconds
[2019-12-09T02:25:15.584+0000][1][safepoint    ] Application time: 0.0001483 seconds
[2019-12-09T02:25:15.584+0000][1][safepoint    ] Entering safepoint region: RevokeBias
[2019-12-09T02:25:15.584+0000][1][safepoint    ] Leaving safepoint region
[2019-12-09T02:25:15.584+0000][1][safepoint    ] Total time for which application threads were stopped: 0.0000508 seconds, Stopping threads took: 0.0000086 seconds
[2019-12-09T02:25:15.585+0000][1][safepoint    ] Application time: 0.0000636 seconds
[2019-12-09T02:25:15.585+0000][1][safepoint    ] Entering safepoint region: RevokeBias
[2019-12-09T02:25:15.585+0000][1][safepoint    ] Leaving safepoint region
[2019-12-09T02:25:15.585+0000][1][safepoint    ] Total time for which application threads were stopped: 0.0000426 seconds, Stopping threads took: 0.0000074 seconds
[2019-12-09T02:25:15.585+0000][1][safepoint    ] Application time: 0.0001040 seconds
[2019-12-09T02:25:15.585+0000][1][safepoint    ] Entering safepoint region: RevokeBias
[2019-12-09T02:25:15.585+0000][1][safepoint    ] Leaving safepoint region
[2019-12-09T02:25:15.585+0000][1][safepoint    ] Total time for which application threads were stopped: 0.0000464 seconds, Stopping threads took: 0.0000083 seconds
[2019-12-09T02:25:15.585+0000][1][safepoint    ] Application time: 0.0000462 seconds
[2019-12-09T02:25:15.585+0000][1][safepoint    ] Entering safepoint region: RevokeBias
[2019-12-09T02:25:15.585+0000][1][safepoint    ] Leaving safepoint region
[2019-12-09T02:25:15.585+0000][1][safepoint    ] Total time for which application threads were stopped: 0.0000372 seconds, Stopping threads took: 0.0000071 seconds
[2019-12-09T02:25:15.585+0000][1][safepoint    ] Application time: 0.0000672 seconds
[2019-12-09T02:25:15.585+0000][1][safepoint    ] Entering safepoint region: RevokeBias
[2019-12-09T02:25:15.585+0000][1][safepoint    ] Leaving safepoint region
[2019-12-09T02:25:15.585+0000][1][safepoint    ] Total time for which application threads were stopped: 0.0000352 seconds, Stopping threads took: 0.0000061 seconds
[2019-12-09T02:25:15.585+0000][1][safepoint    ] Application time: 0.0001404 seconds
[2019-12-09T02:25:15.585+0000][1][safepoint    ] Entering safepoint region: RevokeBias
[2019-12-09T02:25:15.585+0000][1][safepoint    ] Leaving safepoint region
[2019-12-09T02:25:15.585+0000][1][safepoint    ] Total time for which application threads were stopped: 0.0000458 seconds, Stopping threads took: 0.0000073 seconds
[2019-12-09T02:25:15.595+0000][1][safepoint    ] Application time: 0.0099522 seconds
[2019-12-09T02:25:15.595+0000][1][safepoint    ] Entering safepoint region: Deoptimize
[2019-12-09T02:25:15.595+0000][1][safepoint    ] Leaving safepoint region
[2019-12-09T02:25:15.595+0000][1][safepoint    ] Total time for which application threads were stopped: 0.0002534 seconds, Stopping threads took: 0.0000119 seconds
[2019-12-09T02:25:16.598+0000][1][safepoint    ] Application time: 1.0023135 seconds
[2019-12-09T02:25:16.598+0000][1][safepoint    ] Entering safepoint region: Cleanup
[2019-12-09T02:25:16.598+0000][1][safepoint    ] Leaving safepoint region
[2019-12-09T02:25:16.598+0000][1][safepoint    ] Total time for which application threads were stopped: 0.0001580 seconds, Stopping threads took: 0.0000866 seconds
[2019-12-09T02:25:16.660+0000][1][safepoint    ] Application time: 0.0625576 seconds
[2019-12-09T02:25:16.661+0000][1][safepoint    ] Entering safepoint region: GenCollectForAllocation
[2019-12-09T02:25:16.661+0000][1][gc,start     ] GC(0) Pause Young (Allocation Failure)
[2019-12-09T02:25:16.661+0000][1][gc,task      ] GC(0) Using 2 workers of 2 for evacuation
[2019-12-09T02:25:16.746+0000][1][gc,age       ] GC(0) Desired survivor size 4456448 bytes, new threshold 1 (max threshold 6)
[2019-12-09T02:25:16.746+0000][1][gc,age       ] GC(0) Age table with threshold 1 (max threshold 6)
[2019-12-09T02:25:16.746+0000][1][gc,age       ] GC(0) - age   1:    6523552 bytes,    6523552 total
[2019-12-09T02:25:16.746+0000][1][gc,heap      ] GC(0) ParNew: 69952K->6418K(78656K)
[2019-12-09T02:25:16.746+0000][1][gc,heap      ] GC(0) CMS: 0K->0K(174784K)
[2019-12-09T02:25:16.746+0000][1][gc,metaspace ] GC(0) Metaspace: 12835K->12835K(1060864K)
[2019-12-09T02:25:16.746+0000][1][gc           ] GC(0) Pause Young (Allocation Failure) 68M->6M(247M) 85.696ms
[2019-12-09T02:25:16.746+0000][1][gc,cpu       ] GC(0) User=0.02s Sys=0.00s Real=0.09s
[2019-12-09T02:25:16.746+0000][1][safepoint    ] Leaving safepoint region
[2019-12-09T02:25:16.746+0000][1][safepoint    ] Total time for which application threads were stopped: 0.0858166 seconds, Stopping threads took: 0.0000128 seconds
[2019-12-09T02:25:16.772+0000][1][safepoint    ] Application time: 0.0256489 seconds
[2019-12-09T02:25:16.780+0000][1][safepoint    ] Entering safepoint region: RevokeBias
[2019-12-09T02:25:16.781+0000][1][safepoint    ] Leaving safepoint region
[2019-12-09T02:25:16.781+0000][1][safepoint    ] Total time for which application threads were stopped: 0.0085097 seconds, Stopping threads took: 0.0083983 seconds
[2019-12-09T02:25:16.787+0000][1][safepoint    ] Application time: 0.0061811 seconds
[2019-12-09T02:25:16.787+0000][1][safepoint    ] Entering safepoint region: RevokeBias
[2019-12-09T02:25:16.787+0000][1][safepoint    ] Leaving safepoint region
[2019-12-09T02:25:16.787+0000][1][safepoint    ] Total time for which application threads were stopped: 0.0001150 seconds, Stopping threads took: 0.0000493 seconds
[2019-12-09T02:25:16.787+0000][1][safepoint    ] Application time: 0.0000813 seconds
[2019-12-09T02:25:16.787+0000][1][safepoint    ] Entering safepoint region: RevokeBias
[2019-12-09T02:25:16.787+0000][1][safepoint    ] Leaving safepoint region
[2019-12-09T02:25:16.787+0000][1][safepoint    ] Total time for which application threads were stopped: 0.0000489 seconds, Stopping threads took: 0.0000091 seconds
[2019-12-09T02:25:16.787+0000][1][safepoint    ] Application time: 0.0000547 seconds
[2019-12-09T02:25:16.787+0000][1][safepoint    ] Entering safepoint region: RevokeBias
[2019-12-09T02:25:16.787+0000][1][safepoint    ] Leaving safepoint region
[2019-12-09T02:25:16.787+0000][1][safepoint    ] Total time for which application threads were stopped: 0.0000385 seconds, Stopping threads took: 0.0000085 seconds
[2019-12-09T02:25:16.787+0000][1][safepoint    ] Application time: 0.0000594 seconds
[2019-12-09T02:25:16.787+0000][1][safepoint    ] Entering safepoint region: RevokeBias
[2019-12-09T02:25:16.787+0000][1][safepoint    ] Leaving safepoint region
[2019-12-09T02:25:16.787+0000][1][safepoint    ] Total time for which application threads were stopped: 0.0000370 seconds, Stopping threads took: 0.0000082 seconds
[2019-12-09T02:25:16.787+0000][1][safepoint    ] Application time: 0.0000591 seconds
[2019-12-09T02:25:16.787+0000][1][safepoint    ] Entering safepoint region: RevokeBias
[2019-12-09T02:25:16.787+0000][1][safepoint    ] Leaving safepoint region
[2019-12-09T02:25:16.787+0000][1][safepoint    ] Total time for which application threads were stopped: 0.0000323 seconds, Stopping threads took: 0.0000074 seconds
[2019-12-09T02:25:16.787+0000][1][safepoint    ] Application time: 0.0000523 seconds
[2019-12-09T02:25:16.787+0000][1][safepoint    ] Entering safepoint region: RevokeBias
[2019-12-09T02:25:16.787+0000][1][safepoint    ] Leaving safepoint region
[2019-12-09T02:25:16.787+0000][1][safepoint    ] Total time for which application threads were stopped: 0.0000377 seconds, Stopping threads took: 0.0000123 seconds
[2019-12-09T02:25:16.788+0000][1][safepoint    ] Application time: 0.0000462 seconds
[2019-12-09T02:25:16.788+0000][1][safepoint    ] Entering safepoint region: RevokeBias
[2019-12-09T02:25:16.788+0000][1][safepoint    ] Leaving safepoint region
[2019-12-09T02:25:16.788+0000][1][safepoint    ] Total time for which application threads were stopped: 0.0000326 seconds, Stopping threads took: 0.0000073 seconds
[2019-12-09T02:25:16.788+0000][1][safepoint    ] Application time: 0.0000517 seconds
[2019-12-09T02:25:16.788+0000][1][safepoint    ] Entering safepoint region: RevokeBias
[2019-12-09T02:25:16.788+0000][1][safepoint    ] Leaving safepoint region
[2019-12-09T02:25:16.788+0000][1][safepoint    ] Total time for which application threads were stopped: 0.0000328 seconds, Stopping threads took: 0.0000070 seconds
[2019-12-09T02:25:16.788+0000][1][safepoint    ] Application time: 0.0000610 seconds
[2019-12-09T02:25:16.788+0000][1][safepoint    ] Entering safepoint region: RevokeBias
[2019-12-09T02:25:16.788+0000][1][safepoint    ] Leaving safepoint region
[2019-12-09T02:25:16.788+0000][1][safepoint    ] Total time for which application threads were stopped: 0.0000404 seconds, Stopping threads took: 0.0000074 seconds
[2019-12-09T02:25:16.788+0000][1][safepoint    ] Application time: 0.0000539 seconds
[2019-12-09T02:25:16.788+0000][1][safepoint    ] Entering safepoint region: RevokeBias
[2019-12-09T02:25:16.788+0000][1][safepoint    ] Leaving safepoint region
[2019-12-09T02:25:16.788+0000][1][safepoint    ] Total time for which application threads were stopped: 0.0000350 seconds, Stopping threads took: 0.0000073 seconds
[2019-12-09T02:25:16.788+0000][1][safepoint    ] Application time: 0.0000463 seconds
[2019-12-09T02:25:16.788+0000][1][safepoint    ] Entering safepoint region: RevokeBias
[2019-12-09T02:25:16.788+0000][1][safepoint    ] Leaving safepoint region
[2019-12-09T02:25:16.788+0000][1][safepoint    ] Total time for which application threads were stopped: 0.0000323 seconds, Stopping threads took: 0.0000071 seconds
[2019-12-09T02:25:16.788+0000][1][safepoint    ] Application time: 0.0000494 seconds
[2019-12-09T02:25:16.788+0000][1][safepoint    ] Entering safepoint region: RevokeBias
[2019-12-09T02:25:16.788+0000][1][safepoint    ] Leaving safepoint region
[2019-12-09T02:25:16.788+0000][1][safepoint    ] Total time for which application threads were stopped: 0.0000304 seconds, Stopping threads took: 0.0000069 seconds
[2019-12-09T02:25:16.788+0000][1][safepoint    ] Application time: 0.0000443 seconds
[2019-12-09T02:25:16.788+0000][1][safepoint    ] Entering safepoint region: RevokeBias
[2019-12-09T02:25:16.788+0000][1][safepoint    ] Leaving safepoint region
[2019-12-09T02:25:16.788+0000][1][safepoint    ] Total time for which application threads were stopped: 0.0000313 seconds, Stopping threads took: 0.0000069 seconds
[2019-12-09T02:25:16.788+0000][1][safepoint    ] Application time: 0.0000599 seconds
[2019-12-09T02:25:16.788+0000][1][safepoint    ] Entering safepoint region: RevokeBias
[2019-12-09T02:25:16.788+0000][1][safepoint    ] Leaving safepoint region
[2019-12-09T02:25:16.788+0000][1][safepoint    ] Total time for which application threads were stopped: 0.0000361 seconds, Stopping threads took: 0.0000080 seconds
[2019-12-09T02:25:16.788+0000][1][safepoint    ] Application time: 0.0000533 seconds
[2019-12-09T02:25:16.788+0000][1][safepoint    ] Entering safepoint region: RevokeBias
[2019-12-09T02:25:16.788+0000][1][safepoint    ] Leaving safepoint region
[2019-12-09T02:25:16.788+0000][1][safepoint    ] Total time for which application threads were stopped: 0.0000360 seconds, Stopping threads took: 0.0000082 seconds
[2019-12-09T02:25:16.788+0000][1][safepoint    ] Application time: 0.0000625 seconds
[2019-12-09T02:25:16.788+0000][1][safepoint    ] Entering safepoint region: RevokeBias
[2019-12-09T02:25:16.788+0000][1][safepoint    ] Leaving safepoint region
[2019-12-09T02:25:16.788+0000][1][safepoint    ] Total time for which application threads were stopped: 0.0000420 seconds, Stopping threads took: 0.0000138 seconds
[2019-12-09T02:25:16.789+0000][1][safepoint    ] Application time: 0.0000531 seconds
[2019-12-09T02:25:16.789+0000][1][safepoint    ] Entering safepoint region: RevokeBias
[2019-12-09T02:25:16.789+0000][1][safepoint    ] Leaving safepoint region
[2019-12-09T02:25:16.789+0000][1][safepoint    ] Total time for which application threads were stopped: 0.0000358 seconds, Stopping threads took: 0.0000082 seconds
[2019-12-09T02:25:16.789+0000][1][safepoint    ] Application time: 0.0001031 seconds
[2019-12-09T02:25:16.789+0000][1][safepoint    ] Entering safepoint region: RevokeBias
[2019-12-09T02:25:16.789+0000][1][safepoint    ] Leaving safepoint region
[2019-12-09T02:25:16.789+0000][1][safepoint    ] Total time for which application threads were stopped: 0.0000387 seconds, Stopping threads took: 0.0000085 seconds
[2019-12-09T02:25:16.789+0000][1][safepoint    ] Application time: 0.0000523 seconds
[2019-12-09T02:25:16.789+0000][1][safepoint    ] Entering safepoint region: RevokeBias
[2019-12-09T02:25:16.789+0000][1][safepoint    ] Leaving safepoint region
[2019-12-09T02:25:16.789+0000][1][safepoint    ] Total time for which application threads were stopped: 0.0000342 seconds, Stopping threads took: 0.0000068 seconds
[2019-12-09T02:25:16.789+0000][1][safepoint    ] Application time: 0.0000585 seconds
[2019-12-09T02:25:16.789+0000][1][safepoint    ] Entering safepoint region: RevokeBias
[2019-12-09T02:25:16.789+0000][1][safepoint    ] Leaving safepoint region
[2019-12-09T02:25:16.789+0000][1][safepoint    ] Total time for which application threads were stopped: 0.0000341 seconds, Stopping threads took: 0.0000073 seconds
[2019-12-09T02:25:16.799+0000][1][safepoint    ] Application time: 0.0097661 seconds
[2019-12-09T02:25:16.881+0000][1][safepoint    ] Entering safepoint region: RevokeBias
[2019-12-09T02:25:16.881+0000][1][safepoint    ] Leaving safepoint region
[2019-12-09T02:25:16.881+0000][1][safepoint    ] Total time for which application threads were stopped: 0.0821165 seconds, Stopping threads took: 0.0819974 seconds
[2019-12-09T02:25:16.881+0000][1][safepoint    ] Application time: 0.0000919 seconds
[2019-12-09T02:25:16.881+0000][1][safepoint    ] Entering safepoint region: RevokeBias
[2019-12-09T02:25:16.881+0000][1][safepoint    ] Leaving safepoint region
[2019-12-09T02:25:16.881+0000][1][safepoint    ] Total time for which application threads were stopped: 0.0000881 seconds, Stopping threads took: 0.0000087 seconds
[2019-12-09T02:25:16.881+0000][1][safepoint    ] Application time: 0.0000504 seconds
[2019-12-09T02:25:16.881+0000][1][safepoint    ] Entering safepoint region: RevokeBias
[2019-12-09T02:25:16.881+0000][1][safepoint    ] Leaving safepoint region
[2019-12-09T02:25:16.881+0000][1][safepoint    ] Total time for which application threads were stopped: 0.0000595 seconds, Stopping threads took: 0.0000073 seconds
[2019-12-09T02:25:16.881+0000][1][safepoint    ] Application time: 0.0000787 seconds
[2019-12-09T02:25:16.881+0000][1][safepoint    ] Entering safepoint region: RevokeBias
[2019-12-09T02:25:16.881+0000][1][safepoint    ] Leaving safepoint region
[2019-12-09T02:25:16.881+0000][1][safepoint    ] Total time for which application threads were stopped: 0.0000571 seconds, Stopping threads took: 0.0000073 seconds
[2019-12-09T02:25:16.881+0000][1][safepoint    ] Application time: 0.0000472 seconds
[2019-12-09T02:25:16.881+0000][1][safepoint    ] Entering safepoint region: RevokeBias
[2019-12-09T02:25:16.881+0000][1][safepoint    ] Leaving safepoint region
[2019-12-09T02:25:16.881+0000][1][safepoint    ] Total time for which application threads were stopped: 0.0000514 seconds, Stopping threads took: 0.0000065 seconds
[2019-12-09T02:25:16.882+0000][1][safepoint    ] Application time: 0.0003927 seconds
[2019-12-09T02:25:16.882+0000][1][safepoint    ] Entering safepoint region: RevokeBias
[2019-12-09T02:25:16.882+0000][1][safepoint    ] Leaving safepoint region
[2019-12-09T02:25:16.882+0000][1][safepoint    ] Total time for which application threads were stopped: 0.0000839 seconds, Stopping threads took: 0.0000178 seconds
[2019-12-09T02:25:16.882+0000][1][safepoint    ] Application time: 0.0000572 seconds
[2019-12-09T02:25:16.882+0000][1][safepoint    ] Entering safepoint region: RevokeBias
[2019-12-09T02:25:16.882+0000][1][safepoint    ] Leaving safepoint region
[2019-12-09T02:25:16.882+0000][1][safepoint    ] Total time for which application threads were stopped: 0.0000554 seconds, Stopping threads took: 0.0000080 seconds
[2019-12-09T02:25:16.882+0000][1][safepoint    ] Application time: 0.0000701 seconds
[2019-12-09T02:25:16.882+0000][1][safepoint    ] Entering safepoint region: RevokeBias
[2019-12-09T02:25:16.882+0000][1][safepoint    ] Leaving safepoint region
[2019-12-09T02:25:16.882+0000][1][safepoint    ] Total time for which application threads were stopped: 0.0000546 seconds, Stopping threads took: 0.0000087 seconds
[2019-12-09T02:25:16.882+0000][1][safepoint    ] Application time: 0.0000523 seconds
[2019-12-09T02:25:16.882+0000][1][safepoint    ] Entering safepoint region: RevokeBias
[2019-12-09T02:25:16.882+0000][1][safepoint    ] Leaving safepoint region
[2019-12-09T02:25:16.882+0000][1][safepoint    ] Total time for which application threads were stopped: 0.0000505 seconds, Stopping threads took: 0.0000080 seconds
[2019-12-09T02:25:17.975+0000][1][safepoint    ] Application time: 1.0923413 seconds
[2019-12-09T02:25:17.975+0000][1][safepoint    ] Entering safepoint region: Cleanup
[2019-12-09T02:25:17.975+0000][1][safepoint    ] Leaving safepoint region
[2019-12-09T02:25:17.975+0000][1][safepoint    ] Total time for which application threads were stopped: 0.0000887 seconds, Stopping threads took: 0.0000131 seconds
[2019-12-09T02:25:18.415+0000][1][safepoint    ] Application time: 0.4396969 seconds
[2019-12-09T02:25:18.415+0000][1][safepoint    ] Entering safepoint region: Deoptimize
[2019-12-09T02:25:18.415+0000][1][safepoint    ] Leaving safepoint region
[2019-12-09T02:25:18.415+0000][1][safepoint    ] Total time for which application threads were stopped: 0.0004025 seconds, Stopping threads took: 0.0000128 seconds
[2019-12-09T02:25:19.422+0000][1][safepoint    ] Application time: 1.0065603 seconds
[2019-12-09T02:25:19.487+0000][1][safepoint    ] Entering safepoint region: Cleanup
[2019-12-09T02:25:19.487+0000][1][safepoint    ] Leaving safepoint region
[2019-12-09T02:25:19.487+0000][1][safepoint    ] Total time for which application threads were stopped: 0.0654344 seconds, Stopping threads took: 0.0653511 seconds
[2019-12-09T02:25:19.818+0000][1][safepoint    ] Application time: 0.3306265 seconds
[2019-12-09T02:25:19.818+0000][1][safepoint    ] Entering safepoint region: RevokeBias
[2019-12-09T02:25:19.818+0000][1][safepoint    ] Leaving safepoint region
[2019-12-09T02:25:19.818+0000][1][safepoint    ] Total time for which application threads were stopped: 0.0000999 seconds, Stopping threads took: 0.0000312 seconds
[2019-12-09T02:25:20.846+0000][1][safepoint    ] Application time: 1.0279221 seconds
[2019-12-09T02:25:20.996+0000][1][safepoint    ] Entering safepoint region: Cleanup
[2019-12-09T02:25:20.996+0000][1][safepoint    ] Leaving safepoint region
[2019-12-09T02:25:20.996+0000][1][safepoint    ] Total time for which application threads were stopped: 0.1500552 seconds, Stopping threads took: 0.1499900 seconds
[2019-12-09T02:25:21.619+0000][1][safepoint    ] Application time: 0.6228914 seconds
[2019-12-09T02:25:21.619+0000][1][safepoint    ] Entering safepoint region: GenCollectForAllocation
[2019-12-09T02:25:21.619+0000][1][gc,start     ] GC(1) Pause Young (Allocation Failure)
[2019-12-09T02:25:21.619+0000][1][gc,task      ] GC(1) Using 2 workers of 2 for evacuation
[2019-12-09T02:25:22.019+0000][1][gc,age       ] GC(1) Desired survivor size 4456448 bytes, new threshold 6 (max threshold 6)
[2019-12-09T02:25:22.019+0000][1][gc,age       ] GC(1) Age table with threshold 6 (max threshold 6)
[2019-12-09T02:25:22.019+0000][1][gc,age       ] GC(1) - age   1:    1405504 bytes,    1405504 total
[2019-12-09T02:25:22.019+0000][1][gc,heap      ] GC(1) ParNew: 76370K->4132K(78656K)
[2019-12-09T02:25:22.019+0000][1][gc,heap      ] GC(1) CMS: 0K->6855K(174784K)
[2019-12-09T02:25:22.019+0000][1][gc,metaspace ] GC(1) Metaspace: 14958K->14958K(1062912K)
[2019-12-09T02:25:22.019+0000][1][gc           ] GC(1) Pause Young (Allocation Failure) 74M->10M(247M) 400.341ms
[2019-12-09T02:25:22.019+0000][1][gc,cpu       ] GC(1) User=0.06s Sys=0.00s Real=0.40s
[2019-12-09T02:25:22.019+0000][1][safepoint    ] Leaving safepoint region
[2019-12-09T02:25:22.019+0000][1][safepoint    ] Total time for which application threads were stopped: 0.4004908 seconds, Stopping threads took: 0.0000139 seconds
[2019-12-09T02:25:22.022+0000][1][safepoint    ] Application time: 0.0028211 seconds
[2019-12-09T02:25:22.022+0000][1][safepoint    ] Entering safepoint region: BulkRevokeBias
[2019-12-09T02:25:22.022+0000][1][safepoint    ] Leaving safepoint region
[2019-12-09T02:25:22.022+0000][1][safepoint    ] Total time for which application threads were stopped: 0.0002728 seconds, Stopping threads took: 0.0001829 seconds
[2019-12-09T02:25:22.023+0000][1][safepoint    ] Application time: 0.0001698 seconds
[2019-12-09T02:25:22.023+0000][1][safepoint    ] Entering safepoint region: RevokeBias
[2019-12-09T02:25:22.023+0000][1][safepoint    ] Leaving safepoint region
[2019-12-09T02:25:22.023+0000][1][safepoint    ] Total time for which application threads were stopped: 0.0000493 seconds, Stopping threads took: 0.0000073 seconds
[2019-12-09T02:25:22.023+0000][1][safepoint    ] Application time: 0.0000471 seconds
[2019-12-09T02:25:22.023+0000][1][safepoint    ] Entering safepoint region: RevokeBias
[2019-12-09T02:25:22.023+0000][1][safepoint    ] Leaving safepoint region
[2019-12-09T02:25:22.023+0000][1][safepoint    ] Total time for which application threads were stopped: 0.0000552 seconds, Stopping threads took: 0.0000063 seconds
[2019-12-09T02:25:22.023+0000][1][safepoint    ] Application time: 0.0001058 seconds
[2019-12-09T02:25:22.023+0000][1][safepoint    ] Entering safepoint region: RevokeBias
[2019-12-09T02:25:22.023+0000][1][safepoint    ] Leaving safepoint region
[2019-12-09T02:25:22.023+0000][1][safepoint    ] Total time for which application threads were stopped: 0.0000691 seconds, Stopping threads took: 0.0000089 seconds
[2019-12-09T02:25:22.023+0000][1][safepoint    ] Application time: 0.0000535 seconds
[2019-12-09T02:25:22.023+0000][1][safepoint    ] Entering safepoint region: RevokeBias
[2019-12-09T02:25:22.023+0000][1][safepoint    ] Leaving safepoint region
[2019-12-09T02:25:22.023+0000][1][safepoint    ] Total time for which application threads were stopped: 0.0000600 seconds, Stopping threads took: 0.0000078 seconds
[2019-12-09T02:25:22.023+0000][1][safepoint    ] Application time: 0.0000547 seconds
[2019-12-09T02:25:22.023+0000][1][safepoint    ] Entering safepoint region: RevokeBias
[2019-12-09T02:25:22.023+0000][1][safepoint    ] Leaving safepoint region
[2019-12-09T02:25:22.023+0000][1][safepoint    ] Total time for which application threads were stopped: 0.0000580 seconds, Stopping threads took: 0.0000078 seconds
[2019-12-09T02:25:22.023+0000][1][safepoint    ] Application time: 0.0000493 seconds
[2019-12-09T02:25:22.023+0000][1][safepoint    ] Entering safepoint region: RevokeBias
[2019-12-09T02:25:22.023+0000][1][safepoint    ] Leaving safepoint region
[2019-12-09T02:25:22.023+0000][1][safepoint    ] Total time for which application threads were stopped: 0.0000594 seconds, Stopping threads took: 0.0000076 seconds
[2019-12-09T02:25:22.023+0000][1][safepoint    ] Application time: 0.0000528 seconds
[2019-12-09T02:25:22.023+0000][1][safepoint    ] Entering safepoint region: BulkRevokeBias
[2019-12-09T02:25:22.023+0000][1][safepoint    ] Leaving safepoint region
[2019-12-09T02:25:22.023+0000][1][safepoint    ] Total time for which application threads were stopped: 0.0000748 seconds, Stopping threads took: 0.0000069 seconds
[2019-12-09T02:25:22.023+0000][1][safepoint    ] Application time: 0.0000451 seconds
[2019-12-09T02:25:22.023+0000][1][safepoint    ] Entering safepoint region: RevokeBias
[2019-12-09T02:25:22.024+0000][1][safepoint    ] Leaving safepoint region
[2019-12-09T02:25:22.024+0000][1][safepoint    ] Total time for which application threads were stopped: 0.0000352 seconds, Stopping threads took: 0.0000068 seconds
[2019-12-09T02:25:22.024+0000][1][safepoint    ] Application time: 0.0000505 seconds
[2019-12-09T02:25:22.024+0000][1][safepoint    ] Entering safepoint region: BulkRevokeBias
[2019-12-09T02:25:22.024+0000][1][safepoint    ] Leaving safepoint region
[2019-12-09T02:25:22.024+0000][1][safepoint    ] Total time for which application threads were stopped: 0.0000604 seconds, Stopping threads took: 0.0000066 seconds
[2019-12-09T02:25:23.034+0000][1][safepoint    ] Application time: 1.0100473 seconds
[2019-12-09T02:25:23.116+0000][1][safepoint    ] Entering safepoint region: Cleanup
[2019-12-09T02:25:23.116+0000][1][safepoint    ] Leaving safepoint region
[2019-12-09T02:25:23.116+0000][1][safepoint    ] Total time for which application threads were stopped: 0.0820960 seconds, Stopping threads took: 0.0820330 seconds
[2019-12-09T02:25:23.444+0000][1][safepoint    ] Application time: 0.3281185 seconds
[2019-12-09T02:25:23.444+0000][1][safepoint    ] Entering safepoint region: GenCollectForAllocation
[2019-12-09T02:25:23.444+0000][1][gc,start     ] GC(2) Pause Young (Allocation Failure)
[2019-12-09T02:25:23.444+0000][1][gc,task      ] GC(2) Using 2 workers of 2 for evacuation
[2019-12-09T02:25:23.488+0000][1][gc,age       ] GC(2) Desired survivor size 4456448 bytes, new threshold 6 (max threshold 6)
[2019-12-09T02:25:23.488+0000][1][gc,age       ] GC(2) Age table with threshold 6 (max threshold 6)
[2019-12-09T02:25:23.488+0000][1][gc,age       ] GC(2) - age   1:     701408 bytes,     701408 total
[2019-12-09T02:25:23.488+0000][1][gc,age       ] GC(2) - age   2:    1144032 bytes,    1845440 total
[2019-12-09T02:25:23.488+0000][1][gc,heap      ] GC(2) ParNew: 74084K->2752K(78656K)
[2019-12-09T02:25:23.488+0000][1][gc,heap      ] GC(2) CMS: 6855K->6855K(174784K)
[2019-12-09T02:25:23.488+0000][1][gc,metaspace ] GC(2) Metaspace: 15062K->15062K(1062912K)
[2019-12-09T02:25:23.488+0000][1][gc           ] GC(2) Pause Young (Allocation Failure) 79M->9M(247M) 43.891ms
[2019-12-09T02:25:23.488+0000][1][gc,cpu       ] GC(2) User=0.02s Sys=0.00s Real=0.05s
[2019-12-09T02:25:23.488+0000][1][safepoint    ] Leaving safepoint region
[2019-12-09T02:25:23.488+0000][1][safepoint    ] Total time for which application threads were stopped: 0.0440279 seconds, Stopping threads took: 0.0000140 seconds
[2019-12-09T02:25:23.492+0000][1][safepoint    ] Application time: 0.0037807 seconds
[2019-12-09T02:25:23.495+0000][1][safepoint    ] Entering safepoint region: RevokeBias
[2019-12-09T02:25:23.495+0000][1][safepoint    ] Leaving safepoint region
[2019-12-09T02:25:23.495+0000][1][safepoint    ] Total time for which application threads were stopped: 0.0034331 seconds, Stopping threads took: 0.0033476 seconds
[2019-12-09T02:25:23.495+0000][1][safepoint    ] Application time: 0.0000639 seconds
[2019-12-09T02:25:23.495+0000][1][safepoint    ] Entering safepoint region: RevokeBias
[2019-12-09T02:25:23.495+0000][1][safepoint    ] Leaving safepoint region
[2019-12-09T02:25:23.495+0000][1][safepoint    ] Total time for which application threads were stopped: 0.0000645 seconds, Stopping threads took: 0.0000083 seconds
[2019-12-09T02:25:23.496+0000][1][safepoint    ] Application time: 0.0000687 seconds
[2019-12-09T02:25:23.496+0000][1][safepoint    ] Entering safepoint region: RevokeBias
[2019-12-09T02:25:23.496+0000][1][safepoint    ] Leaving safepoint region
[2019-12-09T02:25:23.496+0000][1][safepoint    ] Total time for which application threads were stopped: 0.0000614 seconds, Stopping threads took: 0.0000084 seconds
[2019-12-09T02:25:23.496+0000][1][safepoint    ] Application time: 0.0000509 seconds
[2019-12-09T02:25:23.496+0000][1][safepoint    ] Entering safepoint region: RevokeBias
[2019-12-09T02:25:23.496+0000][1][safepoint    ] Leaving safepoint region
[2019-12-09T02:25:23.496+0000][1][safepoint    ] Total time for which application threads were stopped: 0.0000882 seconds, Stopping threads took: 0.0000398 seconds
[2019-12-09T02:25:23.496+0000][1][safepoint    ] Application time: 0.0000558 seconds
[2019-12-09T02:25:23.496+0000][1][safepoint    ] Entering safepoint region: RevokeBias
[2019-12-09T02:25:23.496+0000][1][safepoint    ] Leaving safepoint region
[2019-12-09T02:25:23.496+0000][1][safepoint    ] Total time for which application threads were stopped: 0.0000543 seconds, Stopping threads took: 0.0000065 seconds
[2019-12-09T02:25:23.496+0000][1][safepoint    ] Application time: 0.0000582 seconds
[2019-12-09T02:25:23.496+0000][1][safepoint    ] Entering safepoint region: RevokeBias
[2019-12-09T02:25:23.496+0000][1][safepoint    ] Leaving safepoint region
[2019-12-09T02:25:23.496+0000][1][safepoint    ] Total time for which application threads were stopped: 0.0000551 seconds, Stopping threads took: 0.0000069 seconds
[2019-12-09T02:25:23.496+0000][1][safepoint    ] Application time: 0.0000584 seconds
[2019-12-09T02:25:23.496+0000][1][safepoint    ] Entering safepoint region: RevokeBias
[2019-12-09T02:25:23.496+0000][1][safepoint    ] Leaving safepoint region
[2019-12-09T02:25:23.496+0000][1][safepoint    ] Total time for which application threads were stopped: 0.0000573 seconds, Stopping threads took: 0.0000077 seconds
[2019-12-09T02:25:23.496+0000][1][safepoint    ] Application time: 0.0000506 seconds
[2019-12-09T02:25:23.496+0000][1][safepoint    ] Entering safepoint region: RevokeBias
[2019-12-09T02:25:23.496+0000][1][safepoint    ] Leaving safepoint region
[2019-12-09T02:25:23.496+0000][1][safepoint    ] Total time for which application threads were stopped: 0.0000553 seconds, Stopping threads took: 0.0000081 seconds
[2019-12-09T02:25:23.496+0000][1][safepoint    ] Application time: 0.0000536 seconds
[2019-12-09T02:25:23.496+0000][1][safepoint    ] Entering safepoint region: RevokeBias
[2019-12-09T02:25:23.496+0000][1][safepoint    ] Leaving safepoint region
[2019-12-09T02:25:23.496+0000][1][safepoint    ] Total time for which application threads were stopped: 0.0000550 seconds, Stopping threads took: 0.0000079 seconds
[2019-12-09T02:25:23.496+0000][1][safepoint    ] Application time: 0.0000491 seconds
[2019-12-09T02:25:23.496+0000][1][safepoint    ] Entering safepoint region: RevokeBias
[2019-12-09T02:25:23.496+0000][1][safepoint    ] Leaving safepoint region
[2019-12-09T02:25:23.496+0000][1][safepoint    ] Total time for which application threads were stopped: 0.0000516 seconds, Stopping threads took: 0.0000070 seconds
[2019-12-09T02:25:23.497+0000][1][safepoint    ] Application time: 0.0000571 seconds
[2019-12-09T02:25:23.497+0000][1][safepoint    ] Entering safepoint region: RevokeBias
[2019-12-09T02:25:23.497+0000][1][safepoint    ] Leaving safepoint region
[2019-12-09T02:25:23.497+0000][1][safepoint    ] Total time for which application threads were stopped: 0.0000591 seconds, Stopping threads took: 0.0000082 seconds
[2019-12-09T02:25:23.497+0000][1][safepoint    ] Application time: 0.0000676 seconds
[2019-12-09T02:25:23.497+0000][1][safepoint    ] Entering safepoint region: RevokeBias
[2019-12-09T02:25:23.497+0000][1][safepoint    ] Leaving safepoint region
[2019-12-09T02:25:23.497+0000][1][safepoint    ] Total time for which application threads were stopped: 0.0000565 seconds, Stopping threads took: 0.0000081 seconds
[2019-12-09T02:25:23.497+0000][1][safepoint    ] Application time: 0.0000592 seconds
[2019-12-09T02:25:23.497+0000][1][safepoint    ] Entering safepoint region: RevokeBias
[2019-12-09T02:25:23.497+0000][1][safepoint    ] Leaving safepoint region
[2019-12-09T02:25:23.497+0000][1][safepoint    ] Total time for which application threads were stopped: 0.0000562 seconds, Stopping threads took: 0.0000075 seconds
[2019-12-09T02:25:23.497+0000][1][safepoint    ] Application time: 0.0000514 seconds
[2019-12-09T02:25:23.497+0000][1][safepoint    ] Entering safepoint region: RevokeBias
[2019-12-09T02:25:23.497+0000][1][safepoint    ] Leaving safepoint region
[2019-12-09T02:25:23.497+0000][1][safepoint    ] Total time for which application threads were stopped: 0.0000614 seconds, Stopping threads took: 0.0000137 seconds
[2019-12-09T02:25:23.497+0000][1][safepoint    ] Application time: 0.0000594 seconds
[2019-12-09T02:25:23.497+0000][1][safepoint    ] Entering safepoint region: RevokeBias
[2019-12-09T02:25:23.497+0000][1][safepoint    ] Leaving safepoint region
[2019-12-09T02:25:23.497+0000][1][safepoint    ] Total time for which application threads were stopped: 0.0000538 seconds, Stopping threads took: 0.0000071 seconds
[2019-12-09T02:25:23.497+0000][1][safepoint    ] Application time: 0.0000514 seconds
[2019-12-09T02:25:23.497+0000][1][safepoint    ] Entering safepoint region: RevokeBias
[2019-12-09T02:25:23.497+0000][1][safepoint    ] Leaving safepoint region
[2019-12-09T02:25:23.497+0000][1][safepoint    ] Total time for which application threads were stopped: 0.0000559 seconds, Stopping threads took: 0.0000073 seconds
[2019-12-09T02:25:24.443+0000][1][safepoint    ] Application time: 0.9459835 seconds
[2019-12-09T02:25:24.443+0000][1][safepoint    ] Entering safepoint region: Deoptimize
[2019-12-09T02:25:24.444+0000][1][safepoint    ] Leaving safepoint region
[2019-12-09T02:25:24.444+0000][1][safepoint    ] Total time for which application threads were stopped: 0.0004338 seconds, Stopping threads took: 0.0000138 seconds
[2019-12-09T02:25:24.444+0000][1][safepoint    ] Application time: 0.0004766 seconds
[2019-12-09T02:25:24.444+0000][1][safepoint    ] Entering safepoint region: Deoptimize
[2019-12-09T02:25:24.445+0000][1][safepoint    ] Leaving safepoint region
[2019-12-09T02:25:24.445+0000][1][safepoint    ] Total time for which application threads were stopped: 0.0003048 seconds, Stopping threads took: 0.0000112 seconds
[2019-12-09T02:25:25.448+0000][1][safepoint    ] Application time: 1.0031561 seconds
[2019-12-09T02:25:25.465+0000][1][safepoint    ] Entering safepoint region: Cleanup
[2019-12-09T02:25:25.465+0000][1][safepoint    ] Leaving safepoint region
[2019-12-09T02:25:25.465+0000][1][safepoint    ] Total time for which application threads were stopped: 0.0170673 seconds, Stopping threads took: 0.0169868 seconds
[2019-12-09T02:25:26.467+0000][1][safepoint    ] Application time: 1.0019071 seconds
[2019-12-09T02:25:26.469+0000][1][safepoint    ] Entering safepoint region: Cleanup
[2019-12-09T02:25:26.469+0000][1][safepoint    ] Leaving safepoint region
[2019-12-09T02:25:26.469+0000][1][safepoint    ] Total time for which application threads were stopped: 0.0020309 seconds, Stopping threads took: 0.0019853 seconds
[2019-12-09T02:25:26.760+0000][1][safepoint    ] Application time: 0.2909228 seconds
[2019-12-09T02:25:26.760+0000][1][safepoint    ] Entering safepoint region: GenCollectForAllocation
[2019-12-09T02:25:26.760+0000][1][gc,start     ] GC(3) Pause Young (Allocation Failure)
[2019-12-09T02:25:26.760+0000][1][gc,task      ] GC(3) Using 2 workers of 2 for evacuation
[2019-12-09T02:25:26.856+0000][1][gc,age       ] GC(3) Desired survivor size 4456448 bytes, new threshold 3 (max threshold 6)
[2019-12-09T02:25:26.856+0000][1][gc,age       ] GC(3) Age table with threshold 3 (max threshold 6)
[2019-12-09T02:25:26.856+0000][1][gc,age       ] GC(3) - age   1:    3588192 bytes,    3588192 total
[2019-12-09T02:25:26.856+0000][1][gc,age       ] GC(3) - age   2:     687104 bytes,    4275296 total
[2019-12-09T02:25:26.856+0000][1][gc,age       ] GC(3) - age   3:    1141952 bytes,    5417248 total
[2019-12-09T02:25:26.856+0000][1][gc,heap      ] GC(3) ParNew: 72704K->6114K(78656K)
[2019-12-09T02:25:26.856+0000][1][gc,heap      ] GC(3) CMS: 6855K->6855K(174784K)
[2019-12-09T02:25:26.856+0000][1][gc,metaspace ] GC(3) Metaspace: 18494K->18494K(1067008K)
[2019-12-09T02:25:26.856+0000][1][gc           ] GC(3) Pause Young (Allocation Failure) 77M->12M(247M) 96.188ms
[2019-12-09T02:25:26.856+0000][1][gc,cpu       ] GC(3) User=0.02s Sys=0.00s Real=0.10s
[2019-12-09T02:25:26.856+0000][1][safepoint    ] Leaving safepoint region
[2019-12-09T02:25:26.856+0000][1][safepoint    ] Total time for which application threads were stopped: 0.0963377 seconds, Stopping threads took: 0.0000140 seconds
[2019-12-09T02:25:26.859+0000][1][safepoint    ] Application time: 0.0026770 seconds
[2019-12-09T02:25:26.898+0000][1][safepoint    ] Entering safepoint region: BulkRevokeBias
[2019-12-09T02:25:26.898+0000][1][safepoint    ] Leaving safepoint region
[2019-12-09T02:25:26.898+0000][1][safepoint    ] Total time for which application threads were stopped: 0.0392105 seconds, Stopping threads took: 0.0390394 seconds
[2019-12-09T02:25:26.899+0000][1][safepoint    ] Application time: 0.0007964 seconds
[2019-12-09T02:25:26.899+0000][1][safepoint    ] Entering safepoint region: RevokeBias
[2019-12-09T02:25:26.899+0000][1][safepoint    ] Leaving safepoint region
[2019-12-09T02:25:26.899+0000][1][safepoint    ] Total time for which application threads were stopped: 0.0000744 seconds, Stopping threads took: 0.0000116 seconds
[2019-12-09T02:25:26.899+0000][1][safepoint    ] Application time: 0.0000793 seconds
[2019-12-09T02:25:26.899+0000][1][safepoint    ] Entering safepoint region: RevokeBias
[2019-12-09T02:25:26.899+0000][1][safepoint    ] Leaving safepoint region
[2019-12-09T02:25:26.899+0000][1][safepoint    ] Total time for which application threads were stopped: 0.0000544 seconds, Stopping threads took: 0.0000088 seconds
[2019-12-09T02:25:26.899+0000][1][safepoint    ] Application time: 0.0000536 seconds
[2019-12-09T02:25:26.899+0000][1][safepoint    ] Entering safepoint region: RevokeBias
[2019-12-09T02:25:26.899+0000][1][safepoint    ] Leaving safepoint region
[2019-12-09T02:25:26.899+0000][1][safepoint    ] Total time for which application threads were stopped: 0.0000516 seconds, Stopping threads took: 0.0000083 seconds
[2019-12-09T02:25:26.899+0000][1][safepoint    ] Application time: 0.0000602 seconds
[2019-12-09T02:25:26.899+0000][1][safepoint    ] Entering safepoint region: RevokeBias
[2019-12-09T02:25:26.899+0000][1][safepoint    ] Leaving safepoint region
[2019-12-09T02:25:26.899+0000][1][safepoint    ] Total time for which application threads were stopped: 0.0000512 seconds, Stopping threads took: 0.0000083 seconds
[2019-12-09T02:25:26.901+0000][1][safepoint    ] Application time: 0.0014957 seconds
[2019-12-09T02:25:26.901+0000][1][safepoint    ] Entering safepoint region: RevokeBias
[2019-12-09T02:25:26.901+0000][1][safepoint    ] Leaving safepoint region
[2019-12-09T02:25:26.901+0000][1][safepoint    ] Total time for which application threads were stopped: 0.0000633 seconds, Stopping threads took: 0.0000104 seconds
[2019-12-09T02:25:26.901+0000][1][safepoint    ] Application time: 0.0000550 seconds
[2019-12-09T02:25:26.901+0000][1][safepoint    ] Entering safepoint region: RevokeBias
[2019-12-09T02:25:26.901+0000][1][safepoint    ] Leaving safepoint region
[2019-12-09T02:25:26.901+0000][1][safepoint    ] Total time for which application threads were stopped: 0.0000416 seconds, Stopping threads took: 0.0000067 seconds
[2019-12-09T02:25:26.901+0000][1][safepoint    ] Application time: 0.0000642 seconds
[2019-12-09T02:25:26.901+0000][1][safepoint    ] Entering safepoint region: RevokeBias
[2019-12-09T02:25:26.901+0000][1][safepoint    ] Leaving safepoint region
[2019-12-09T02:25:26.901+0000][1][safepoint    ] Total time for which application threads were stopped: 0.0000409 seconds, Stopping threads took: 0.0000065 seconds
[2019-12-09T02:25:26.901+0000][1][safepoint    ] Application time: 0.0000428 seconds
[2019-12-09T02:25:26.901+0000][1][safepoint    ] Entering safepoint region: RevokeBias
[2019-12-09T02:25:26.901+0000][1][safepoint    ] Leaving safepoint region
[2019-12-09T02:25:26.901+0000][1][safepoint    ] Total time for which application threads were stopped: 0.0000393 seconds, Stopping threads took: 0.0000066 seconds
[2019-12-09T02:25:27.811+0000][1][safepoint    ] Application time: 0.9099303 seconds
[2019-12-09T02:25:27.811+0000][1][safepoint    ] Entering safepoint region: GenCollectForAllocation
[2019-12-09T02:25:27.811+0000][1][gc,start     ] GC(4) Pause Young (Allocation Failure)
[2019-12-09T02:25:27.811+0000][1][gc,task      ] GC(4) Using 2 workers of 2 for evacuation
[2019-12-09T02:25:27.894+0000][1][gc,age       ] GC(4) Desired survivor size 4456448 bytes, new threshold 2 (max threshold 6)
[2019-12-09T02:25:27.894+0000][1][gc,age       ] GC(4) Age table with threshold 2 (max threshold 6)
[2019-12-09T02:25:27.894+0000][1][gc,age       ] GC(4) - age   1:    1988112 bytes,    1988112 total
[2019-12-09T02:25:27.894+0000][1][gc,age       ] GC(4) - age   2:    3025048 bytes,    5013160 total
[2019-12-09T02:25:27.894+0000][1][gc,age       ] GC(4) - age   3:     687104 bytes,    5700264 total
[2019-12-09T02:25:27.894+0000][1][gc,heap      ] GC(4) ParNew: 76066K->6385K(78656K)
[2019-12-09T02:25:27.894+0000][1][gc,heap      ] GC(4) CMS: 6855K->7986K(174784K)
[2019-12-09T02:25:27.894+0000][1][gc,metaspace ] GC(4) Metaspace: 18701K->18701K(1067008K)
[2019-12-09T02:25:27.894+0000][1][gc           ] GC(4) Pause Young (Allocation Failure) 80M->14M(247M) 83.131ms
[2019-12-09T02:25:27.894+0000][1][gc,cpu       ] GC(4) User=0.04s Sys=0.00s Real=0.08s
[2019-12-09T02:25:27.894+0000][1][safepoint    ] Leaving safepoint region
[2019-12-09T02:25:27.894+0000][1][safepoint    ] Total time for which application threads were stopped: 0.0832954 seconds, Stopping threads took: 0.0000248 seconds
[2019-12-09T02:25:27.905+0000][1][safepoint    ] Application time: 0.0103167 seconds
[2019-12-09T02:25:27.932+0000][1][safepoint    ] Entering safepoint region: RevokeBias
[2019-12-09T02:25:27.932+0000][1][safepoint    ] Leaving safepoint region
[2019-12-09T02:25:27.932+0000][1][safepoint    ] Total time for which application threads were stopped: 0.0270683 seconds, Stopping threads took: 0.0269892 seconds
[2019-12-09T02:25:27.932+0000][1][safepoint    ] Application time: 0.0000722 seconds
[2019-12-09T02:25:27.932+0000][1][safepoint    ] Entering safepoint region: RevokeBias
[2019-12-09T02:25:27.932+0000][1][safepoint    ] Leaving safepoint region
[2019-12-09T02:25:27.932+0000][1][safepoint    ] Total time for which application threads were stopped: 0.0000578 seconds, Stopping threads took: 0.0000099 seconds
[2019-12-09T02:25:27.932+0000][1][safepoint    ] Application time: 0.0000668 seconds
[2019-12-09T02:25:27.932+0000][1][safepoint    ] Entering safepoint region: RevokeBias
[2019-12-09T02:25:27.932+0000][1][safepoint    ] Leaving safepoint region
[2019-12-09T02:25:27.932+0000][1][safepoint    ] Total time for which application threads were stopped: 0.0000537 seconds, Stopping threads took: 0.0000088 seconds
[2019-12-09T02:25:27.932+0000][1][safepoint    ] Application time: 0.0000517 seconds
[2019-12-09T02:25:27.932+0000][1][safepoint    ] Entering safepoint region: RevokeBias
[2019-12-09T02:25:27.932+0000][1][safepoint    ] Leaving safepoint region
[2019-12-09T02:25:27.932+0000][1][safepoint    ] Total time for which application threads were stopped: 0.0000506 seconds, Stopping threads took: 0.0000082 seconds
[2019-12-09T02:25:27.953+0000][1][safepoint    ] Application time: 0.0210165 seconds
[2019-12-09T02:25:27.953+0000][1][safepoint    ] Entering safepoint region: Deoptimize
[2019-12-09T02:25:27.954+0000][1][safepoint    ] Leaving safepoint region
[2019-12-09T02:25:27.954+0000][1][safepoint    ] Total time for which application threads were stopped: 0.0004120 seconds, Stopping threads took: 0.0000117 seconds
[2019-12-09T02:25:28.159+0000][1][safepoint    ] Application time: 0.2049878 seconds
[2019-12-09T02:25:28.159+0000][1][safepoint    ] Entering safepoint region: Deoptimize
[2019-12-09T02:25:28.159+0000][1][safepoint    ] Leaving safepoint region
[2019-12-09T02:25:28.159+0000][1][safepoint    ] Total time for which application threads were stopped: 0.0004314 seconds, Stopping threads took: 0.0000114 seconds
[2019-12-09T02:25:29.282+0000][1][safepoint    ] Application time: 1.1222811 seconds
[2019-12-09T02:25:29.282+0000][1][safepoint    ] Entering safepoint region: GenCollectForAllocation
[2019-12-09T02:25:29.282+0000][1][gc,start     ] GC(5) Pause Young (Allocation Failure)
[2019-12-09T02:25:29.282+0000][1][gc,task      ] GC(5) Using 2 workers of 2 for evacuation
[2019-12-09T02:25:29.387+0000][1][gc,age       ] GC(5) Desired survivor size 4456448 bytes, new threshold 6 (max threshold 6)
[2019-12-09T02:25:29.387+0000][1][gc,age       ] GC(5) Age table with threshold 6 (max threshold 6)
[2019-12-09T02:25:29.387+0000][1][gc,age       ] GC(5) - age   1:    2863464 bytes,    2863464 total
[2019-12-09T02:25:29.387+0000][1][gc,age       ] GC(5) - age   2:     442712 bytes,    3306176 total
[2019-12-09T02:25:29.387+0000][1][gc,heap      ] GC(5) ParNew: 76337K->5239K(78656K)
[2019-12-09T02:25:29.387+0000][1][gc,heap      ] GC(5) CMS: 7986K->11641K(174784K)
[2019-12-09T02:25:29.387+0000][1][gc,metaspace ] GC(5) Metaspace: 19041K->19041K(1067008K)
[2019-12-09T02:25:29.387+0000][1][gc           ] GC(5) Pause Young (Allocation Failure) 82M->16M(247M) 105.275ms
[2019-12-09T02:25:29.387+0000][1][gc,cpu       ] GC(5) User=0.03s Sys=0.00s Real=0.11s
[2019-12-09T02:25:29.387+0000][1][safepoint    ] Leaving safepoint region
[2019-12-09T02:25:29.387+0000][1][safepoint    ] Total time for which application threads were stopped: 0.1054605 seconds, Stopping threads took: 0.0000139 seconds
[2019-12-09T02:25:29.393+0000][1][safepoint    ] Application time: 0.0057429 seconds
[2019-12-09T02:25:29.445+0000][1][safepoint    ] Entering safepoint region: RevokeBias
[2019-12-09T02:25:29.445+0000][1][safepoint    ] Leaving safepoint region
[2019-12-09T02:25:29.445+0000][1][safepoint    ] Total time for which application threads were stopped: 0.0520638 seconds, Stopping threads took: 0.0519911 seconds
[2019-12-09T02:25:29.445+0000][1][safepoint    ] Application time: 0.0000636 seconds
[2019-12-09T02:25:29.445+0000][1][safepoint    ] Entering safepoint region: RevokeBias
[2019-12-09T02:25:29.445+0000][1][safepoint    ] Leaving safepoint region
[2019-12-09T02:25:29.445+0000][1][safepoint    ] Total time for which application threads were stopped: 0.0000456 seconds, Stopping threads took: 0.0000077 seconds
[2019-12-09T02:25:29.445+0000][1][safepoint    ] Application time: 0.0000553 seconds
[2019-12-09T02:25:29.445+0000][1][safepoint    ] Entering safepoint region: RevokeBias
[2019-12-09T02:25:29.445+0000][1][safepoint    ] Leaving safepoint region
[2019-12-09T02:25:29.445+0000][1][safepoint    ] Total time for which application threads were stopped: 0.0000421 seconds, Stopping threads took: 0.0000069 seconds
[2019-12-09T02:25:29.445+0000][1][safepoint    ] Application time: 0.0000428 seconds
[2019-12-09T02:25:29.445+0000][1][safepoint    ] Entering safepoint region: RevokeBias
[2019-12-09T02:25:29.445+0000][1][safepoint    ] Leaving safepoint region
[2019-12-09T02:25:29.445+0000][1][safepoint    ] Total time for which application threads were stopped: 0.0000389 seconds, Stopping threads took: 0.0000065 seconds
[2019-12-09T02:25:29.445+0000][1][safepoint    ] Application time: 0.0000455 seconds
[2019-12-09T02:25:29.445+0000][1][safepoint    ] Entering safepoint region: RevokeBias
[2019-12-09T02:25:29.445+0000][1][safepoint    ] Leaving safepoint region
[2019-12-09T02:25:29.445+0000][1][safepoint    ] Total time for which application threads were stopped: 0.0000411 seconds, Stopping threads took: 0.0000070 seconds
[2019-12-09T02:25:29.445+0000][1][safepoint    ] Application time: 0.0000427 seconds
[2019-12-09T02:25:29.445+0000][1][safepoint    ] Entering safepoint region: RevokeBias
[2019-12-09T02:25:29.445+0000][1][safepoint    ] Leaving safepoint region
[2019-12-09T02:25:29.445+0000][1][safepoint    ] Total time for which application threads were stopped: 0.0000400 seconds, Stopping threads took: 0.0000067 seconds
[2019-12-09T02:25:29.477+0000][1][safepoint    ] Application time: 0.0315309 seconds
[2019-12-09T02:25:29.477+0000][1][safepoint    ] Entering safepoint region: RevokeBias
[2019-12-09T02:25:29.477+0000][1][safepoint    ] Leaving safepoint region
[2019-12-09T02:25:29.477+0000][1][safepoint    ] Total time for which application threads were stopped: 0.0000739 seconds, Stopping threads took: 0.0000138 seconds
[2019-12-09T02:25:29.488+0000][1][safepoint    ] Application time: 0.0110162 seconds
[2019-12-09T02:25:29.488+0000][1][safepoint    ] Entering safepoint region: RevokeBias
[2019-12-09T02:25:29.488+0000][1][safepoint    ] Leaving safepoint region
[2019-12-09T02:25:29.488+0000][1][safepoint    ] Total time for which application threads were stopped: 0.0000957 seconds, Stopping threads took: 0.0000479 seconds
[2019-12-09T02:25:29.489+0000][1][safepoint    ] Application time: 0.0003919 seconds
[2019-12-09T02:25:29.489+0000][1][safepoint    ] Entering safepoint region: RevokeBias
[2019-12-09T02:25:29.489+0000][1][safepoint    ] Leaving safepoint region
[2019-12-09T02:25:29.489+0000][1][safepoint    ] Total time for which application threads were stopped: 0.0000519 seconds, Stopping threads took: 0.0000112 seconds
[2019-12-09T02:25:29.489+0000][1][safepoint    ] Application time: 0.0004083 seconds
[2019-12-09T02:25:29.489+0000][1][safepoint    ] Entering safepoint region: RevokeBias
[2019-12-09T02:25:29.489+0000][1][safepoint    ] Leaving safepoint region
[2019-12-09T02:25:29.489+0000][1][safepoint    ] Total time for which application threads were stopped: 0.0000465 seconds, Stopping threads took: 0.0000100 seconds
[2019-12-09T02:25:29.496+0000][1][safepoint    ] Application time: 0.0066248 seconds
[2019-12-09T02:25:29.496+0000][1][safepoint    ] Entering safepoint region: RevokeBias
[2019-12-09T02:25:29.496+0000][1][safepoint    ] Leaving safepoint region
[2019-12-09T02:25:29.496+0000][1][safepoint    ] Total time for which application threads were stopped: 0.0000528 seconds, Stopping threads took: 0.0000109 seconds
[2019-12-09T02:25:29.496+0000][1][safepoint    ] Application time: 0.0004119 seconds
[2019-12-09T02:25:29.496+0000][1][safepoint    ] Entering safepoint region: RevokeBias
[2019-12-09T02:25:29.496+0000][1][safepoint    ] Leaving safepoint region
[2019-12-09T02:25:29.496+0000][1][safepoint    ] Total time for which application threads were stopped: 0.0000520 seconds, Stopping threads took: 0.0000101 seconds
[2019-12-09T02:25:29.510+0000][1][safepoint    ] Application time: 0.0138131 seconds
[2019-12-09T02:25:29.510+0000][1][safepoint    ] Entering safepoint region: RevokeBias
[2019-12-09T02:25:29.510+0000][1][safepoint    ] Leaving safepoint region
[2019-12-09T02:25:29.510+0000][1][safepoint    ] Total time for which application threads were stopped: 0.0000584 seconds, Stopping threads took: 0.0000112 seconds
[2019-12-09T02:25:29.511+0000][1][safepoint    ] Application time: 0.0008141 seconds
[2019-12-09T02:25:29.511+0000][1][safepoint    ] Entering safepoint region: RevokeBias
[2019-12-09T02:25:29.511+0000][1][safepoint    ] Leaving safepoint region
[2019-12-09T02:25:29.511+0000][1][safepoint    ] Total time for which application threads were stopped: 0.0000542 seconds, Stopping threads took: 0.0000109 seconds
[2019-12-09T02:25:29.512+0000][1][safepoint    ] Application time: 0.0007363 seconds
[2019-12-09T02:25:29.512+0000][1][safepoint    ] Entering safepoint region: RevokeBias
[2019-12-09T02:25:29.512+0000][1][safepoint    ] Leaving safepoint region
[2019-12-09T02:25:29.512+0000][1][safepoint    ] Total time for which application threads were stopped: 0.0000501 seconds, Stopping threads took: 0.0000101 seconds
[2019-12-09T02:25:29.524+0000][1][safepoint    ] Application time: 0.0124719 seconds
[2019-12-09T02:25:29.524+0000][1][safepoint    ] Entering safepoint region: RevokeBias
[2019-12-09T02:25:29.525+0000][1][safepoint    ] Leaving safepoint region
[2019-12-09T02:25:29.525+0000][1][safepoint    ] Total time for which application threads were stopped: 0.0000571 seconds, Stopping threads took: 0.0000111 seconds
[2019-12-09T02:25:29.534+0000][1][safepoint    ] Application time: 0.0096630 seconds
[2019-12-09T02:25:29.534+0000][1][safepoint    ] Entering safepoint region: RevokeBias
[2019-12-09T02:25:29.534+0000][1][safepoint    ] Leaving safepoint region
[2019-12-09T02:25:29.534+0000][1][safepoint    ] Total time for which application threads were stopped: 0.0000550 seconds, Stopping threads took: 0.0000104 seconds
[2019-12-09T02:25:30.274+0000][1][safepoint    ] Application time: 0.7392220 seconds
[2019-12-09T02:25:30.274+0000][1][safepoint    ] Entering safepoint region: RevokeBias
[2019-12-09T02:25:30.274+0000][1][safepoint    ] Leaving safepoint region
[2019-12-09T02:25:30.274+0000][1][safepoint    ] Total time for which application threads were stopped: 0.0000618 seconds, Stopping threads took: 0.0000130 seconds
[2019-12-09T02:25:30.286+0000][1][safepoint    ] Application time: 0.0122485 seconds
[2019-12-09T02:25:30.286+0000][1][safepoint    ] Entering safepoint region: RevokeBias
[2019-12-09T02:25:30.286+0000][1][safepoint    ] Leaving safepoint region
[2019-12-09T02:25:30.286+0000][1][safepoint    ] Total time for which application threads were stopped: 0.0000559 seconds, Stopping threads took: 0.0000118 seconds
[2019-12-09T02:25:30.525+0000][1][safepoint    ] Application time: 0.2387137 seconds
[2019-12-09T02:25:30.525+0000][1][safepoint    ] Entering safepoint region: GenCollectForAllocation
[2019-12-09T02:25:30.525+0000][1][gc,start     ] GC(6) Pause Young (Allocation Failure)
[2019-12-09T02:25:30.525+0000][1][gc,task      ] GC(6) Using 2 workers of 2 for evacuation
[2019-12-09T02:25:30.678+0000][1][gc,age       ] GC(6) Desired survivor size 4456448 bytes, new threshold 6 (max threshold 6)
[2019-12-09T02:25:30.678+0000][1][gc,age       ] GC(6) Age table with threshold 6 (max threshold 6)
[2019-12-09T02:25:30.678+0000][1][gc,age       ] GC(6) - age   1:    1633520 bytes,    1633520 total
[2019-12-09T02:25:30.678+0000][1][gc,age       ] GC(6) - age   2:    2191200 bytes,    3824720 total
[2019-12-09T02:25:30.678+0000][1][gc,age       ] GC(6) - age   3:     442712 bytes,    4267432 total
[2019-12-09T02:25:30.678+0000][1][gc,heap      ] GC(6) ParNew: 75191K->5596K(78656K)
[2019-12-09T02:25:30.678+0000][1][gc,heap      ] GC(6) CMS: 11641K->11641K(174784K)
[2019-12-09T02:25:30.678+0000][1][gc,metaspace ] GC(6) Metaspace: 19346K->19346K(1067008K)
[2019-12-09T02:25:30.678+0000][1][gc           ] GC(6) Pause Young (Allocation Failure) 84M->16M(247M) 153.151ms
[2019-12-09T02:25:30.678+0000][1][gc,cpu       ] GC(6) User=0.01s Sys=0.00s Real=0.15s
[2019-12-09T02:25:30.678+0000][1][safepoint    ] Leaving safepoint region
[2019-12-09T02:25:30.678+0000][1][safepoint    ] Total time for which application threads were stopped: 0.1532823 seconds, Stopping threads took: 0.0000126 seconds
[2019-12-09T02:25:30.679+0000][1][safepoint    ] Application time: 0.0007840 seconds
[2019-12-09T02:25:30.679+0000][1][safepoint    ] Entering safepoint region: RevokeBias
[2019-12-09T02:25:30.679+0000][1][safepoint    ] Leaving safepoint region
[2019-12-09T02:25:30.679+0000][1][safepoint    ] Total time for which application threads were stopped: 0.0001129 seconds, Stopping threads took: 0.0000461 seconds
[2019-12-09T02:25:30.679+0000][1][safepoint    ] Application time: 0.0000621 seconds
[2019-12-09T02:25:30.679+0000][1][safepoint    ] Entering safepoint region: BulkRevokeBias
[2019-12-09T02:25:30.679+0000][1][safepoint    ] Leaving safepoint region
[2019-12-09T02:25:30.679+0000][1][safepoint    ] Total time for which application threads were stopped: 0.0000903 seconds, Stopping threads took: 0.0000088 seconds
[2019-12-09T02:25:30.679+0000][1][safepoint    ] Application time: 0.0000639 seconds
[2019-12-09T02:25:30.679+0000][1][safepoint    ] Entering safepoint region: BulkRevokeBias
[2019-12-09T02:25:30.679+0000][1][safepoint    ] Leaving safepoint region
[2019-12-09T02:25:30.679+0000][1][safepoint    ] Total time for which application threads were stopped: 0.0000702 seconds, Stopping threads took: 0.0000086 seconds
[2019-12-09T02:25:31.645+0000][1][safepoint    ] Application time: 0.9659875 seconds
[2019-12-09T02:25:31.645+0000][1][safepoint    ] Entering safepoint region: GenCollectForAllocation
[2019-12-09T02:25:31.645+0000][1][gc,start     ] GC(7) Pause Young (Allocation Failure)
[2019-12-09T02:25:31.645+0000][1][gc,task      ] GC(7) Using 2 workers of 2 for evacuation
[2019-12-09T02:25:31.773+0000][1][gc,age       ] GC(7) Desired survivor size 4456448 bytes, new threshold 6 (max threshold 6)
[2019-12-09T02:25:31.773+0000][1][gc,age       ] GC(7) Age table with threshold 6 (max threshold 6)
[2019-12-09T02:25:31.773+0000][1][gc,age       ] GC(7) - age   1:     417904 bytes,     417904 total
[2019-12-09T02:25:31.773+0000][1][gc,age       ] GC(7) - age   2:    1128800 bytes,    1546704 total
[2019-12-09T02:25:31.773+0000][1][gc,age       ] GC(7) - age   3:    2191120 bytes,    3737824 total
[2019-12-09T02:25:31.773+0000][1][gc,age       ] GC(7) - age   4:     442712 bytes,    4180536 total
[2019-12-09T02:25:31.773+0000][1][gc,heap      ] GC(7) ParNew: 75548K->6087K(78656K)
[2019-12-09T02:25:31.773+0000][1][gc,heap      ] GC(7) CMS: 11641K->11641K(174784K)
[2019-12-09T02:25:31.773+0000][1][gc,metaspace ] GC(7) Metaspace: 19635K->19635K(1067008K)
[2019-12-09T02:25:31.773+0000][1][gc           ] GC(7) Pause Young (Allocation Failure) 85M->17M(247M) 127.593ms
[2019-12-09T02:25:31.773+0000][1][gc,cpu       ] GC(7) User=0.03s Sys=0.00s Real=0.12s
[2019-12-09T02:25:31.773+0000][1][safepoint    ] Leaving safepoint region
[2019-12-09T02:25:31.773+0000][1][safepoint    ] Total time for which application threads were stopped: 0.1277272 seconds, Stopping threads took: 0.0000136 seconds
[2019-12-09T02:25:32.263+0000][1][safepoint    ] Application time: 0.4903871 seconds
[2019-12-09T02:25:32.263+0000][1][safepoint    ] Entering safepoint region: CollectForMetadataAllocation
[2019-12-09T02:25:32.264+0000][1][safepoint    ] Leaving safepoint region
[2019-12-09T02:25:32.264+0000][1][safepoint    ] Total time for which application threads were stopped: 0.0002825 seconds, Stopping threads took: 0.0000137 seconds
[2019-12-09T02:25:32.480+0000][1][safepoint    ] Application time: 0.2161540 seconds
[2019-12-09T02:25:32.480+0000][1][safepoint    ] Entering safepoint region: CollectForMetadataAllocation
[2019-12-09T02:25:32.480+0000][1][safepoint    ] Leaving safepoint region
[2019-12-09T02:25:32.480+0000][1][safepoint    ] Total time for which application threads were stopped: 0.0002331 seconds, Stopping threads took: 0.0000137 seconds
[2019-12-09T02:25:32.503+0000][1][safepoint    ] Application time: 0.0225911 seconds
[2019-12-09T02:25:32.556+0000][1][safepoint    ] Entering safepoint region: CollectForMetadataAllocation
[2019-12-09T02:25:32.556+0000][1][safepoint    ] Leaving safepoint region
[2019-12-09T02:25:32.556+0000][1][safepoint    ] Total time for which application threads were stopped: 0.0530142 seconds, Stopping threads took: 0.0529532 seconds
[2019-12-09T02:25:33.135+0000][1][safepoint    ] Application time: 0.5790662 seconds
[2019-12-09T02:25:33.135+0000][1][safepoint    ] Entering safepoint region: GenCollectForAllocation
[2019-12-09T02:25:33.135+0000][1][gc,start     ] GC(8) Pause Young (Allocation Failure)
[2019-12-09T02:25:33.135+0000][1][gc,task      ] GC(8) Using 2 workers of 2 for evacuation
[2019-12-09T02:25:33.176+0000][1][gc,age       ] GC(8) Desired survivor size 4456448 bytes, new threshold 4 (max threshold 6)
[2019-12-09T02:25:33.176+0000][1][gc,age       ] GC(8) Age table with threshold 4 (max threshold 6)
[2019-12-09T02:25:33.176+0000][1][gc,age       ] GC(8) - age   1:    1105448 bytes,    1105448 total
[2019-12-09T02:25:33.176+0000][1][gc,age       ] GC(8) - age   2:     387616 bytes,    1493064 total
[2019-12-09T02:25:33.176+0000][1][gc,age       ] GC(8) - age   3:    1128656 bytes,    2621720 total
[2019-12-09T02:25:33.176+0000][1][gc,age       ] GC(8) - age   4:    2188904 bytes,    4810624 total
[2019-12-09T02:25:33.176+0000][1][gc,age       ] GC(8) - age   5:     442712 bytes,    5253336 total
[2019-12-09T02:25:33.176+0000][1][gc,heap      ] GC(8) ParNew: 76039K->8153K(78656K)
[2019-12-09T02:25:33.176+0000][1][gc,heap      ] GC(8) CMS: 11641K->11641K(174784K)
[2019-12-09T02:25:33.176+0000][1][gc,metaspace ] GC(8) Metaspace: 20432K->20432K(1069056K)
[2019-12-09T02:25:33.176+0000][1][gc           ] GC(8) Pause Young (Allocation Failure) 85M->19M(247M) 41.011ms
[2019-12-09T02:25:33.176+0000][1][gc,cpu       ] GC(8) User=0.01s Sys=0.00s Real=0.04s
[2019-12-09T02:25:33.176+0000][1][safepoint    ] Leaving safepoint region
[2019-12-09T02:25:33.176+0000][1][safepoint    ] Total time for which application threads were stopped: 0.0411523 seconds, Stopping threads took: 0.0000143 seconds
[2019-12-09T02:25:33.198+0000][1][safepoint    ] Application time: 0.0217108 seconds
[2019-12-09T02:25:33.245+0000][1][safepoint    ] Entering safepoint region: CMS_Initial_Mark
[2019-12-09T02:25:33.245+0000][1][gc,start     ] GC(9) Pause Initial Mark
[2019-12-09T02:25:33.249+0000][1][gc           ] GC(9) Pause Initial Mark 23M->23M(247M) 3.977ms
[2019-12-09T02:25:33.249+0000][1][gc,cpu       ] GC(9) User=0.01s Sys=0.00s Real=0.00s
[2019-12-09T02:25:33.249+0000][1][safepoint    ] Leaving safepoint region
[2019-12-09T02:25:33.249+0000][1][safepoint    ] Total time for which application threads were stopped: 0.0509837 seconds, Stopping threads took: 0.0469117 seconds
[2019-12-09T02:25:33.249+0000][1][gc           ] GC(9) Concurrent Mark
[2019-12-09T02:25:33.372+0000][1][gc           ] GC(9) Concurrent Mark 122.775ms
[2019-12-09T02:25:33.372+0000][1][gc,cpu       ] GC(9) User=0.03s Sys=0.00s Real=0.12s
[2019-12-09T02:25:33.372+0000][1][gc           ] GC(9) Concurrent Preclean
[2019-12-09T02:25:33.372+0000][1][gc           ] GC(9) Concurrent Preclean 0.468ms
[2019-12-09T02:25:33.372+0000][1][gc,cpu       ] GC(9) User=0.00s Sys=0.00s Real=0.00s
[2019-12-09T02:25:33.372+0000][1][gc           ] GC(9) Concurrent Abortable Preclean
[2019-12-09T02:25:34.256+0000][1][safepoint    ] Application time: 1.0069010 seconds
[2019-12-09T02:25:34.333+0000][1][safepoint    ] Entering safepoint region: Cleanup
[2019-12-09T02:25:34.333+0000][1][safepoint    ] Leaving safepoint region
[2019-12-09T02:25:34.333+0000][1][safepoint    ] Total time for which application threads were stopped: 0.0772479 seconds, Stopping threads took: 0.0772058 seconds
[2019-12-09T02:25:34.453+0000][1][safepoint    ] Application time: 0.1202323 seconds
[2019-12-09T02:25:34.453+0000][1][safepoint    ] Entering safepoint region: GenCollectForAllocation
[2019-12-09T02:25:34.453+0000][1][gc,start     ] GC(10) Pause Young (Allocation Failure)
[2019-12-09T02:25:34.453+0000][1][gc,task      ] GC(10) Using 2 workers of 2 for evacuation
[2019-12-09T02:25:34.568+0000][1][gc,age       ] GC(10) Desired survivor size 4456448 bytes, new threshold 6 (max threshold 6)
[2019-12-09T02:25:34.568+0000][1][gc,age       ] GC(10) Age table with threshold 6 (max threshold 6)
[2019-12-09T02:25:34.568+0000][1][gc,age       ] GC(10) - age   1:    1446000 bytes,    1446000 total
[2019-12-09T02:25:34.568+0000][1][gc,age       ] GC(10) - age   2:     623520 bytes,    2069520 total
[2019-12-09T02:25:34.568+0000][1][gc,age       ] GC(10) - age   3:     387496 bytes,    2457016 total
[2019-12-09T02:25:34.568+0000][1][gc,age       ] GC(10) - age   4:    1128656 bytes,    3585672 total
[2019-12-09T02:25:34.568+0000][1][gc,heap      ] GC(10) ParNew: 78105K->7300K(78656K)
[2019-12-09T02:25:34.568+0000][1][gc,heap      ] GC(10) CMS: 11641K->14229K(174784K)
[2019-12-09T02:25:34.568+0000][1][gc,metaspace ] GC(10) Metaspace: 20540K->20540K(1069056K)
[2019-12-09T02:25:34.568+0000][1][gc           ] GC(10) Pause Young (Allocation Failure) 87M->21M(247M) 114.839ms
[2019-12-09T02:25:34.568+0000][1][gc,cpu       ] GC(10) User=0.03s Sys=0.00s Real=0.12s
[2019-12-09T02:25:34.568+0000][1][safepoint    ] Leaving safepoint region
[2019-12-09T02:25:34.568+0000][1][safepoint    ] Total time for which application threads were stopped: 0.1149633 seconds, Stopping threads took: 0.0000138 seconds
[2019-12-09T02:25:35.411+0000][1][gc           ] GC(9) Concurrent Abortable Preclean 2039.006ms
[2019-12-09T02:25:35.411+0000][1][gc,cpu       ] GC(9) User=0.58s Sys=0.01s Real=2.04s
[2019-12-09T02:25:35.411+0000][1][safepoint    ] Application time: 0.8430339 seconds
[2019-12-09T02:25:35.417+0000][1][safepoint    ] Entering safepoint region: CMS_Final_Remark
[2019-12-09T02:25:35.417+0000][1][gc,start     ] GC(9) Pause Remark
[2019-12-09T02:25:35.602+0000][1][gc           ] GC(9) Pause Remark 67M->67M(247M) 184.833ms
[2019-12-09T02:25:35.602+0000][1][gc,cpu       ] GC(9) User=0.04s Sys=0.00s Real=0.18s
[2019-12-09T02:25:35.602+0000][1][safepoint    ] Leaving safepoint region
[2019-12-09T02:25:35.602+0000][1][safepoint    ] Total time for which application threads were stopped: 0.1903827 seconds, Stopping threads took: 0.0054078 seconds
[2019-12-09T02:25:35.603+0000][1][gc           ] GC(9) Concurrent Sweep
[2019-12-09T02:25:35.616+0000][1][gc           ] GC(9) Concurrent Sweep 13.498ms
[2019-12-09T02:25:35.616+0000][1][gc,cpu       ] GC(9) User=0.01s Sys=0.00s Real=0.02s
[2019-12-09T02:25:35.616+0000][1][gc           ] GC(9) Concurrent Reset
[2019-12-09T02:25:35.617+0000][1][gc           ] GC(9) Concurrent Reset 0.294ms
[2019-12-09T02:25:35.617+0000][1][gc,cpu       ] GC(9) User=0.00s Sys=0.00s Real=0.00s
[2019-12-09T02:25:35.617+0000][1][gc,heap      ] GC(9) Old: 11641K->14219K(174784K)
[2019-12-09T02:25:35.963+0000][1][safepoint    ] Application time: 0.3610049 seconds
[2019-12-09T02:25:35.963+0000][1][safepoint    ] Entering safepoint region: GenCollectForAllocation
[2019-12-09T02:25:35.963+0000][1][gc,start     ] GC(11) Pause Young (Allocation Failure)
[2019-12-09T02:25:35.963+0000][1][gc,task      ] GC(11) Using 2 workers of 2 for evacuation
[2019-12-09T02:25:36.074+0000][1][gc,age       ] GC(11) Desired survivor size 4456448 bytes, new threshold 6 (max threshold 6)
[2019-12-09T02:25:36.074+0000][1][gc,age       ] GC(11) Age table with threshold 6 (max threshold 6)
[2019-12-09T02:25:36.074+0000][1][gc,age       ] GC(11) - age   1:    1060032 bytes,    1060032 total
[2019-12-09T02:25:36.074+0000][1][gc,age       ] GC(11) - age   2:      97424 bytes,    1157456 total
[2019-12-09T02:25:36.074+0000][1][gc,age       ] GC(11) - age   3:     623472 bytes,    1780928 total
[2019-12-09T02:25:36.074+0000][1][gc,age       ] GC(11) - age   4:     387392 bytes,    2168320 total
[2019-12-09T02:25:36.074+0000][1][gc,age       ] GC(11) - age   5:    1128368 bytes,    3296688 total
[2019-12-09T02:25:36.074+0000][1][gc,heap      ] GC(11) ParNew: 77252K->5059K(78656K)
[2019-12-09T02:25:36.074+0000][1][gc,heap      ] GC(11) CMS: 14219K->14219K(174784K)
[2019-12-09T02:25:36.074+0000][1][gc,metaspace ] GC(11) Metaspace: 20627K->20627K(1069056K)
[2019-12-09T02:25:36.074+0000][1][gc           ] GC(11) Pause Young (Allocation Failure) 89M->18M(247M) 110.797ms
[2019-12-09T02:25:36.074+0000][1][gc,cpu       ] GC(11) User=0.03s Sys=0.00s Real=0.11s
[2019-12-09T02:25:36.074+0000][1][safepoint    ] Leaving safepoint region
[2019-12-09T02:25:36.074+0000][1][safepoint    ] Total time for which application threads were stopped: 0.1113222 seconds, Stopping threads took: 0.0000141 seconds
[2019-12-09T02:25:36.934+0000][1][safepoint    ] Application time: 0.8596246 seconds
[2019-12-09T02:25:36.934+0000][1][safepoint    ] Entering safepoint region: Deoptimize
[2019-12-09T02:25:36.934+0000][1][safepoint    ] Leaving safepoint region
[2019-12-09T02:25:36.934+0000][1][safepoint    ] Total time for which application threads were stopped: 0.0004523 seconds, Stopping threads took: 0.0000207 seconds
[2019-12-09T02:25:37.935+0000][1][safepoint    ] Application time: 1.0005461 seconds
[2019-12-09T02:25:37.949+0000][1][safepoint    ] Entering safepoint region: Cleanup
[2019-12-09T02:25:37.949+0000][1][safepoint    ] Leaving safepoint region
[2019-12-09T02:25:37.949+0000][1][safepoint    ] Total time for which application threads were stopped: 0.0140375 seconds, Stopping threads took: 0.0139735 seconds
[2019-12-09T02:25:38.958+0000][1][safepoint    ] Application time: 1.0088638 seconds
[2019-12-09T02:25:38.991+0000][1][safepoint    ] Entering safepoint region: Cleanup
[2019-12-09T02:25:38.991+0000][1][safepoint    ] Leaving safepoint region
[2019-12-09T02:25:38.991+0000][1][safepoint    ] Total time for which application threads were stopped: 0.0330582 seconds, Stopping threads took: 0.0329930 seconds
[2019-12-09T02:25:39.154+0000][1][safepoint    ] Application time: 0.1626867 seconds
[2019-12-09T02:25:39.154+0000][1][safepoint    ] Entering safepoint region: GenCollectForAllocation
[2019-12-09T02:25:39.154+0000][1][gc,start     ] GC(12) Pause Young (Allocation Failure)
[2019-12-09T02:25:39.154+0000][1][gc,task      ] GC(12) Using 2 workers of 2 for evacuation
[2019-12-09T02:25:39.244+0000][1][gc,age       ] GC(12) Desired survivor size 4456448 bytes, new threshold 6 (max threshold 6)
[2019-12-09T02:25:39.244+0000][1][gc,age       ] GC(12) Age table with threshold 6 (max threshold 6)
[2019-12-09T02:25:39.244+0000][1][gc,age       ] GC(12) - age   1:    1056240 bytes,    1056240 total
[2019-12-09T02:25:39.244+0000][1][gc,age       ] GC(12) - age   2:     305568 bytes,    1361808 total
[2019-12-09T02:25:39.244+0000][1][gc,age       ] GC(12) - age   3:      97424 bytes,    1459232 total
[2019-12-09T02:25:39.244+0000][1][gc,age       ] GC(12) - age   4:     623472 bytes,    2082704 total
[2019-12-09T02:25:39.244+0000][1][gc,age       ] GC(12) - age   5:     387328 bytes,    2470032 total
[2019-12-09T02:25:39.244+0000][1][gc,age       ] GC(12) - age   6:    1128368 bytes,    3598400 total
[2019-12-09T02:25:39.244+0000][1][gc,heap      ] GC(12) ParNew: 75011K->4570K(78656K)
[2019-12-09T02:25:39.244+0000][1][gc,heap      ] GC(12) CMS: 14219K->14219K(174784K)
[2019-12-09T02:25:39.244+0000][1][gc,metaspace ] GC(12) Metaspace: 23126K->23126K(1071104K)
[2019-12-09T02:25:39.244+0000][1][gc           ] GC(12) Pause Young (Allocation Failure) 87M->18M(247M) 90.335ms
[2019-12-09T02:25:39.244+0000][1][gc,cpu       ] GC(12) User=0.03s Sys=0.00s Real=0.09s
[2019-12-09T02:25:39.244+0000][1][safepoint    ] Leaving safepoint region
[2019-12-09T02:25:39.244+0000][1][safepoint    ] Total time for which application threads were stopped: 0.0906296 seconds, Stopping threads took: 0.0000206 seconds
[2019-12-09T02:25:40.084+0000][1][safepoint    ] Application time: 0.8402442 seconds
[2019-12-09T02:25:40.084+0000][1][safepoint    ] Entering safepoint region: Deoptimize
[2019-12-09T02:25:40.085+0000][1][safepoint    ] Leaving safepoint region
[2019-12-09T02:25:40.085+0000][1][safepoint    ] Total time for which application threads were stopped: 0.0004399 seconds, Stopping threads took: 0.0000141 seconds
[2019-12-09T02:25:40.810+0000][1][safepoint    ] Application time: 0.7248894 seconds
[2019-12-09T02:25:40.810+0000][1][safepoint    ] Entering safepoint region: Deoptimize
[2019-12-09T02:25:40.810+0000][1][safepoint    ] Leaving safepoint region
[2019-12-09T02:25:40.810+0000][1][safepoint    ] Total time for which application threads were stopped: 0.0004227 seconds, Stopping threads took: 0.0000144 seconds
[2019-12-09T02:25:40.930+0000][1][safepoint    ] Application time: 0.1200981 seconds
[2019-12-09T02:25:40.930+0000][1][safepoint    ] Entering safepoint region: Deoptimize
[2019-12-09T02:25:40.931+0000][1][safepoint    ] Leaving safepoint region
[2019-12-09T02:25:40.931+0000][1][safepoint    ] Total time for which application threads were stopped: 0.0004499 seconds, Stopping threads took: 0.0000127 seconds
[2019-12-09T02:25:41.061+0000][1][safepoint    ] Application time: 0.1298438 seconds
[2019-12-09T02:25:41.061+0000][1][safepoint    ] Entering safepoint region: Deoptimize
[2019-12-09T02:25:41.061+0000][1][safepoint    ] Leaving safepoint region
[2019-12-09T02:25:41.061+0000][1][safepoint    ] Total time for which application threads were stopped: 0.0004855 seconds, Stopping threads took: 0.0000138 seconds
[2019-12-09T02:25:42.082+0000][1][safepoint    ] Application time: 1.0204356 seconds
[2019-12-09T02:25:42.082+0000][1][safepoint    ] Entering safepoint region: Cleanup
[2019-12-09T02:25:42.082+0000][1][safepoint    ] Leaving safepoint region
[2019-12-09T02:25:42.082+0000][1][safepoint    ] Total time for which application threads were stopped: 0.0000843 seconds, Stopping threads took: 0.0000437 seconds
[2019-12-09T02:25:43.085+0000][1][safepoint    ] Application time: 1.0029661 seconds
[2019-12-09T02:25:43.179+0000][1][safepoint    ] Entering safepoint region: Cleanup
[2019-12-09T02:25:43.179+0000][1][safepoint    ] Leaving safepoint region
[2019-12-09T02:25:43.179+0000][1][safepoint    ] Total time for which application threads were stopped: 0.0941913 seconds, Stopping threads took: 0.0939284 seconds
[2019-12-09T02:25:44.181+0000][1][safepoint    ] Application time: 1.0016774 seconds
[2019-12-09T02:25:44.181+0000][1][safepoint    ] Entering safepoint region: Cleanup
[2019-12-09T02:25:44.181+0000][1][safepoint    ] Leaving safepoint region
[2019-12-09T02:25:44.181+0000][1][safepoint    ] Total time for which application threads were stopped: 0.0001502 seconds, Stopping threads took: 0.0000835 seconds
[2019-12-09T02:25:45.185+0000][1][safepoint    ] Application time: 1.0037945 seconds
[2019-12-09T02:25:45.244+0000][1][safepoint    ] Entering safepoint region: Cleanup
[2019-12-09T02:25:45.244+0000][1][safepoint    ] Leaving safepoint region
[2019-12-09T02:25:45.244+0000][1][safepoint    ] Total time for which application threads were stopped: 0.0590466 seconds, Stopping threads took: 0.0589814 seconds
[2019-12-09T02:25:46.751+0000][1][safepoint    ] Application time: 1.5068921 seconds
[2019-12-09T02:25:46.751+0000][1][safepoint    ] Entering safepoint region: GenCollectForAllocation
[2019-12-09T02:25:46.751+0000][1][gc,start     ] GC(13) Pause Young (Allocation Failure)
[2019-12-09T02:25:46.751+0000][1][gc,task      ] GC(13) Using 2 workers of 2 for evacuation
[2019-12-09T02:25:47.244+0000][1][gc,age       ] GC(13) Desired survivor size 4456448 bytes, new threshold 1 (max threshold 6)
[2019-12-09T02:25:47.244+0000][1][gc,age       ] GC(13) Age table with threshold 1 (max threshold 6)
[2019-12-09T02:25:47.244+0000][1][gc,age       ] GC(13) - age   1:    6948040 bytes,    6948040 total
[2019-12-09T02:25:47.244+0000][1][gc,age       ] GC(13) - age   2:     627776 bytes,    7575816 total
[2019-12-09T02:25:47.244+0000][1][gc,age       ] GC(13) - age   3:     295776 bytes,    7871592 total
[2019-12-09T02:25:47.244+0000][1][gc,age       ] GC(13) - age   4:      91552 bytes,    7963144 total
[2019-12-09T02:25:47.244+0000][1][gc,age       ] GC(13) - age   5:     569880 bytes,    8533024 total
[2019-12-09T02:25:47.244+0000][1][gc,age       ] GC(13) - age   6:     379624 bytes,    8912648 total
[2019-12-09T02:25:47.244+0000][1][gc,heap      ] GC(13) ParNew: 74522K->8704K(78656K)
[2019-12-09T02:25:47.244+0000][1][gc,heap      ] GC(13) CMS: 14219K->21635K(174784K)
[2019-12-09T02:25:47.244+0000][1][gc,metaspace ] GC(13) Metaspace: 27105K->27105K(1075200K)
[2019-12-09T02:25:47.244+0000][1][gc           ] GC(13) Pause Young (Allocation Failure) 86M->29M(247M) 493.517ms
[2019-12-09T02:25:47.244+0000][1][gc,cpu       ] GC(13) User=0.14s Sys=0.00s Real=0.49s
[2019-12-09T02:25:47.244+0000][1][safepoint    ] Leaving safepoint region
[2019-12-09T02:25:47.244+0000][1][safepoint    ] Total time for which application threads were stopped: 0.4936600 seconds, Stopping threads took: 0.0000137 seconds
[2019-12-09T02:25:48.259+0000][1][safepoint    ] Application time: 1.0142963 seconds
[2019-12-09T02:25:48.324+0000][1][safepoint    ] Entering safepoint region: Cleanup
[2019-12-09T02:25:48.325+0000][1][safepoint    ] Leaving safepoint region
[2019-12-09T02:25:48.325+0000][1][safepoint    ] Total time for which application threads were stopped: 0.0657672 seconds, Stopping threads took: 0.0657120 seconds
[2019-12-09T02:25:49.346+0000][1][safepoint    ] Application time: 1.0211887 seconds
[2019-12-09T02:25:49.409+0000][1][safepoint    ] Entering safepoint region: Cleanup
[2019-12-09T02:25:49.409+0000][1][safepoint    ] Leaving safepoint region
[2019-12-09T02:25:49.409+0000][1][safepoint    ] Total time for which application threads were stopped: 0.0631145 seconds, Stopping threads took: 0.0630688 seconds
[2019-12-09T02:25:50.417+0000][1][safepoint    ] Application time: 1.0078362 seconds
[2019-12-09T02:25:50.546+0000][1][safepoint    ] Entering safepoint region: Cleanup
[2019-12-09T02:25:50.546+0000][1][safepoint    ] Leaving safepoint region
[2019-12-09T02:25:50.546+0000][1][safepoint    ] Total time for which application threads were stopped: 0.1291843 seconds, Stopping threads took: 0.1291072 seconds
[2019-12-09T02:25:51.452+0000][1][safepoint    ] Application time: 0.9057566 seconds
[2019-12-09T02:25:51.452+0000][1][safepoint    ] Entering safepoint region: RevokeBias
[2019-12-09T02:25:51.452+0000][1][safepoint    ] Leaving safepoint region
[2019-12-09T02:25:51.452+0000][1][safepoint    ] Total time for which application threads were stopped: 0.0000988 seconds, Stopping threads took: 0.0000261 seconds
[2019-12-09T02:25:51.854+0000][1][safepoint    ] Application time: 0.4018447 seconds
[2019-12-09T02:25:51.854+0000][1][safepoint    ] Entering safepoint region: GenCollectForAllocation
[2019-12-09T02:25:51.854+0000][1][gc,start     ] GC(14) Pause Young (Allocation Failure)
[2019-12-09T02:25:51.854+0000][1][gc,task      ] GC(14) Using 2 workers of 2 for evacuation
[2019-12-09T02:25:52.671+0000][1][gc,age       ] GC(14) Desired survivor size 4456448 bytes, new threshold 1 (max threshold 6)
[2019-12-09T02:25:52.671+0000][1][gc,age       ] GC(14) Age table with threshold 1 (max threshold 6)
[2019-12-09T02:25:52.671+0000][1][gc,age       ] GC(14) - age   1:    8912720 bytes,    8912720 total
[2019-12-09T02:25:52.671+0000][1][gc,heap      ] GC(14) ParNew: 78656K->8704K(78656K)
[2019-12-09T02:25:52.671+0000][1][gc,heap      ] GC(14) CMS: 21635K->35690K(174784K)
[2019-12-09T02:25:52.671+0000][1][gc,metaspace ] GC(14) Metaspace: 27286K->27286K(1075200K)
[2019-12-09T02:25:52.671+0000][1][gc           ] GC(14) Pause Young (Allocation Failure) 97M->43M(247M) 817.430ms
[2019-12-09T02:25:52.671+0000][1][gc,cpu       ] GC(14) User=0.22s Sys=0.00s Real=0.82s
[2019-12-09T02:25:52.671+0000][1][safepoint    ] Leaving safepoint region
[2019-12-09T02:25:52.671+0000][1][safepoint    ] Total time for which application threads were stopped: 0.8175538 seconds, Stopping threads took: 0.0000120 seconds
[2019-12-09T02:25:55.681+0000][1][safepoint    ] Application time: 3.0094086 seconds
[2019-12-09T02:25:55.789+0000][1][safepoint    ] Entering safepoint region: Cleanup
[2019-12-09T02:25:55.789+0000][1][safepoint    ] Leaving safepoint region
[2019-12-09T02:25:55.789+0000][1][safepoint    ] Total time for which application threads were stopped: 0.1080647 seconds, Stopping threads took: 0.1079874 seconds
[2019-12-09T02:25:56.756+0000][1][safepoint    ] Application time: 0.9668909 seconds
[2019-12-09T02:25:56.756+0000][1][safepoint    ] Entering safepoint region: GenCollectForAllocation
[2019-12-09T02:25:56.756+0000][1][gc,start     ] GC(15) Pause Young (Allocation Failure)
[2019-12-09T02:25:56.756+0000][1][gc,task      ] GC(15) Using 2 workers of 2 for evacuation
[2019-12-09T02:25:57.192+0000][1][gc,age       ] GC(15) Desired survivor size 4456448 bytes, new threshold 1 (max threshold 6)
[2019-12-09T02:25:57.192+0000][1][gc,age       ] GC(15) Age table with threshold 1 (max threshold 6)
[2019-12-09T02:25:57.192+0000][1][gc,age       ] GC(15) - age   1:    8763760 bytes,    8763760 total
[2019-12-09T02:25:57.192+0000][1][gc,heap      ] GC(15) ParNew: 78656K->8704K(78656K)
[2019-12-09T02:25:57.192+0000][1][gc,heap      ] GC(15) CMS: 35690K->46214K(174784K)
[2019-12-09T02:25:57.192+0000][1][gc,metaspace ] GC(15) Metaspace: 29616K->29616K(1077248K)
[2019-12-09T02:25:57.192+0000][1][gc           ] GC(15) Pause Young (Allocation Failure) 111M->53M(247M) 436.149ms
[2019-12-09T02:25:57.192+0000][1][gc,cpu       ] GC(15) User=0.10s Sys=0.00s Real=0.43s
[2019-12-09T02:25:57.192+0000][1][safepoint    ] Leaving safepoint region
[2019-12-09T02:25:57.192+0000][1][safepoint    ] Total time for which application threads were stopped: 0.4363126 seconds, Stopping threads took: 0.0000162 seconds
[2019-12-09T02:25:57.195+0000][1][safepoint    ] Application time: 0.0028754 seconds
[2019-12-09T02:25:57.195+0000][1][safepoint    ] Entering safepoint region: RevokeBias
[2019-12-09T02:25:57.195+0000][1][safepoint    ] Leaving safepoint region
[2019-12-09T02:25:57.195+0000][1][safepoint    ] Total time for which application threads were stopped: 0.0000920 seconds, Stopping threads took: 0.0000143 seconds
[2019-12-09T02:25:57.903+0000][1][safepoint    ] Application time: 0.7078246 seconds
[2019-12-09T02:25:57.903+0000][1][safepoint    ] Entering safepoint region: RevokeBias
[2019-12-09T02:25:57.903+0000][1][safepoint    ] Leaving safepoint region
[2019-12-09T02:25:57.903+0000][1][safepoint    ] Total time for which application threads were stopped: 0.0000963 seconds, Stopping threads took: 0.0000212 seconds
[2019-12-09T02:25:58.005+0000][1][safepoint    ] Application time: 0.1018030 seconds
[2019-12-09T02:25:58.005+0000][1][safepoint    ] Entering safepoint region: RevokeBias
[2019-12-09T02:25:58.005+0000][1][safepoint    ] Leaving safepoint region
[2019-12-09T02:25:58.005+0000][1][safepoint    ] Total time for which application threads were stopped: 0.0000814 seconds, Stopping threads took: 0.0000136 seconds
[2019-12-09T02:25:58.326+0000][1][safepoint    ] Application time: 0.3214664 seconds
[2019-12-09T02:25:58.326+0000][1][safepoint    ] Entering safepoint region: RevokeBias
[2019-12-09T02:25:58.327+0000][1][safepoint    ] Leaving safepoint region
[2019-12-09T02:25:58.327+0000][1][safepoint    ] Total time for which application threads were stopped: 0.0000777 seconds, Stopping threads took: 0.0000131 seconds
[2019-12-09T02:25:58.380+0000][1][safepoint    ] Application time: 0.0529358 seconds
[2019-12-09T02:25:58.380+0000][1][safepoint    ] Entering safepoint region: RevokeBias
[2019-12-09T02:25:58.380+0000][1][safepoint    ] Leaving safepoint region
[2019-12-09T02:25:58.380+0000][1][safepoint    ] Total time for which application threads were stopped: 0.0000840 seconds, Stopping threads took: 0.0000138 seconds
[2019-12-09T02:25:58.424+0000][1][safepoint    ] Application time: 0.0438651 seconds
[2019-12-09T02:25:58.424+0000][1][safepoint    ] Entering safepoint region: RevokeBias
[2019-12-09T02:25:58.424+0000][1][safepoint    ] Leaving safepoint region
[2019-12-09T02:25:58.424+0000][1][safepoint    ] Total time for which application threads were stopped: 0.0000826 seconds, Stopping threads took: 0.0000139 seconds
[2019-12-09T02:25:58.469+0000][1][safepoint    ] Application time: 0.0453480 seconds
[2019-12-09T02:25:58.469+0000][1][safepoint    ] Entering safepoint region: RevokeBias
[2019-12-09T02:25:58.469+0000][1][safepoint    ] Leaving safepoint region
[2019-12-09T02:25:58.469+0000][1][safepoint    ] Total time for which application threads were stopped: 0.0000886 seconds, Stopping threads took: 0.0000143 seconds
[2019-12-09T02:25:58.505+0000][1][safepoint    ] Application time: 0.0362615 seconds
[2019-12-09T02:25:58.505+0000][1][safepoint    ] Entering safepoint region: RevokeBias
[2019-12-09T02:25:58.506+0000][1][safepoint    ] Leaving safepoint region
[2019-12-09T02:25:58.506+0000][1][safepoint    ] Total time for which application threads were stopped: 0.0001262 seconds, Stopping threads took: 0.0000132 seconds
[2019-12-09T02:25:58.533+0000][1][safepoint    ] Application time: 0.0278494 seconds
[2019-12-09T02:25:58.533+0000][1][safepoint    ] Entering safepoint region: RevokeBias
[2019-12-09T02:25:58.534+0000][1][safepoint    ] Leaving safepoint region
[2019-12-09T02:25:58.534+0000][1][safepoint    ] Total time for which application threads were stopped: 0.0001952 seconds, Stopping threads took: 0.0000129 seconds
[2019-12-09T02:25:59.549+0000][1][safepoint    ] Application time: 1.0148893 seconds
[2019-12-09T02:25:59.549+0000][1][safepoint    ] Entering safepoint region: Cleanup
[2019-12-09T02:25:59.549+0000][1][safepoint    ] Leaving safepoint region
[2019-12-09T02:25:59.549+0000][1][safepoint    ] Total time for which application threads were stopped: 0.0003001 seconds, Stopping threads took: 0.0002660 seconds
[2019-12-09T02:26:00.259+0000][1][safepoint    ] Application time: 0.7097078 seconds
[2019-12-09T02:26:00.259+0000][1][safepoint    ] Entering safepoint region: GenCollectForAllocation
[2019-12-09T02:26:00.259+0000][1][gc,start     ] GC(16) Pause Young (Allocation Failure)
[2019-12-09T02:26:00.259+0000][1][gc,task      ] GC(16) Using 2 workers of 2 for evacuation
[2019-12-09T02:26:00.512+0000][1][gc,age       ] GC(16) Desired survivor size 4456448 bytes, new threshold 6 (max threshold 6)
[2019-12-09T02:26:00.512+0000][1][gc,age       ] GC(16) Age table with threshold 6 (max threshold 6)
[2019-12-09T02:26:00.512+0000][1][gc,age       ] GC(16) - age   1:    1256072 bytes,    1256072 total
[2019-12-09T02:26:00.513+0000][1][gc,heap      ] GC(16) ParNew: 78656K->8511K(78656K)
[2019-12-09T02:26:00.513+0000][1][gc,heap      ] GC(16) CMS: 46214K->54841K(174784K)
[2019-12-09T02:26:00.513+0000][1][gc,metaspace ] GC(16) Metaspace: 33049K->33049K(1079296K)
[2019-12-09T02:26:00.513+0000][1][gc           ] GC(16) Pause Young (Allocation Failure) 121M->61M(247M) 253.800ms
[2019-12-09T02:26:00.513+0000][1][gc,cpu       ] GC(16) User=0.05s Sys=0.00s Real=0.25s
[2019-12-09T02:26:00.513+0000][1][safepoint    ] Leaving safepoint region
[2019-12-09T02:26:00.513+0000][1][safepoint    ] Total time for which application threads were stopped: 0.2539722 seconds, Stopping threads took: 0.0000153 seconds
[2019-12-09T02:26:01.515+0000][1][safepoint    ] Application time: 1.0021381 seconds
[2019-12-09T02:26:01.515+0000][1][safepoint    ] Entering safepoint region: Cleanup
[2019-12-09T02:26:01.515+0000][1][safepoint    ] Leaving safepoint region
[2019-12-09T02:26:01.515+0000][1][safepoint    ] Total time for which application threads were stopped: 0.0001477 seconds, Stopping threads took: 0.0000822 seconds
[2019-12-09T02:26:02.518+0000][1][safepoint    ] Application time: 1.0027615 seconds
[2019-12-09T02:26:02.545+0000][1][safepoint    ] Entering safepoint region: Cleanup
[2019-12-09T02:26:02.545+0000][1][safepoint    ] Leaving safepoint region
[2019-12-09T02:26:02.545+0000][1][safepoint    ] Total time for which application threads were stopped: 0.0270915 seconds, Stopping threads took: 0.0270328 seconds
[2019-12-09T02:26:02.713+0000][1][safepoint    ] Application time: 0.1685325 seconds
[2019-12-09T02:26:02.713+0000][1][safepoint    ] Entering safepoint region: CollectForMetadataAllocation
[2019-12-09T02:26:02.714+0000][1][safepoint    ] Leaving safepoint region
[2019-12-09T02:26:02.714+0000][1][safepoint    ] Total time for which application threads were stopped: 0.0001591 seconds, Stopping threads took: 0.0000140 seconds
[2019-12-09T02:26:02.900+0000][1][safepoint    ] Application time: 0.1865168 seconds
[2019-12-09T02:26:02.900+0000][1][safepoint    ] Entering safepoint region: CollectForMetadataAllocation
[2019-12-09T02:26:02.900+0000][1][safepoint    ] Leaving safepoint region
[2019-12-09T02:26:02.900+0000][1][safepoint    ] Total time for which application threads were stopped: 0.0001326 seconds, Stopping threads took: 0.0000122 seconds
[2019-12-09T02:26:03.098+0000][1][safepoint    ] Application time: 0.1977771 seconds
[2019-12-09T02:26:03.098+0000][1][safepoint    ] Entering safepoint region: CollectForMetadataAllocation
[2019-12-09T02:26:03.098+0000][1][safepoint    ] Leaving safepoint region
[2019-12-09T02:26:03.098+0000][1][safepoint    ] Total time for which application threads were stopped: 0.0002347 seconds, Stopping threads took: 0.0000145 seconds
[2019-12-09T02:26:03.281+0000][1][safepoint    ] Application time: 0.1822833 seconds
[2019-12-09T02:26:03.281+0000][1][safepoint    ] Entering safepoint region: CollectForMetadataAllocation
[2019-12-09T02:26:03.281+0000][1][safepoint    ] Leaving safepoint region
[2019-12-09T02:26:03.281+0000][1][safepoint    ] Total time for which application threads were stopped: 0.0002592 seconds, Stopping threads took: 0.0000135 seconds
[2019-12-09T02:26:03.457+0000][1][safepoint    ] Application time: 0.1764124 seconds
[2019-12-09T02:26:03.457+0000][1][safepoint    ] Entering safepoint region: CollectForMetadataAllocation
[2019-12-09T02:26:03.458+0000][1][safepoint    ] Leaving safepoint region
[2019-12-09T02:26:03.458+0000][1][safepoint    ] Total time for which application threads were stopped: 0.0002405 seconds, Stopping threads took: 0.0000145 seconds
[2019-12-09T02:26:03.617+0000][1][safepoint    ] Application time: 0.1590860 seconds
[2019-12-09T02:26:03.617+0000][1][safepoint    ] Entering safepoint region: CollectForMetadataAllocation
[2019-12-09T02:26:03.617+0000][1][safepoint    ] Leaving safepoint region
[2019-12-09T02:26:03.617+0000][1][safepoint    ] Total time for which application threads were stopped: 0.0002617 seconds, Stopping threads took: 0.0000155 seconds
[2019-12-09T02:26:03.731+0000][1][safepoint    ] Application time: 0.1136796 seconds
[2019-12-09T02:26:03.731+0000][1][safepoint    ] Entering safepoint region: GenCollectForAllocation
[2019-12-09T02:26:03.731+0000][1][gc,start     ] GC(17) Pause Young (Allocation Failure)
[2019-12-09T02:26:03.731+0000][1][gc,task      ] GC(17) Using 2 workers of 2 for evacuation
[2019-12-09T02:26:03.906+0000][1][gc,age       ] GC(17) Desired survivor size 4456448 bytes, new threshold 6 (max threshold 6)
[2019-12-09T02:26:03.906+0000][1][gc,age       ] GC(17) Age table with threshold 6 (max threshold 6)
[2019-12-09T02:26:03.906+0000][1][gc,age       ] GC(17) - age   1:    1967032 bytes,    1967032 total
[2019-12-09T02:26:03.906+0000][1][gc,age       ] GC(17) - age   2:    1190264 bytes,    3157296 total
[2019-12-09T02:26:03.906+0000][1][gc,heap      ] GC(17) ParNew: 78463K->3536K(78656K)
[2019-12-09T02:26:03.906+0000][1][gc,heap      ] GC(17) CMS: 54841K->54841K(174784K)
[2019-12-09T02:26:03.906+0000][1][gc,metaspace ] GC(17) Metaspace: 35505K->35505K(1081344K)
[2019-12-09T02:26:03.906+0000][1][gc           ] GC(17) Pause Young (Allocation Failure) 130M->57M(247M) 175.319ms
[2019-12-09T02:26:03.906+0000][1][gc,cpu       ] GC(17) User=0.03s Sys=0.00s Real=0.18s
[2019-12-09T02:26:03.906+0000][1][safepoint    ] Leaving safepoint region
[2019-12-09T02:26:03.906+0000][1][safepoint    ] Total time for which application threads were stopped: 0.1754505 seconds, Stopping threads took: 0.0000135 seconds
[2019-12-09T02:26:03.907+0000][1][safepoint    ] Application time: 0.0011421 seconds
[2019-12-09T02:26:03.907+0000][1][safepoint    ] Entering safepoint region: CollectForMetadataAllocation
[2019-12-09T02:26:03.908+0000][1][safepoint    ] Leaving safepoint region
[2019-12-09T02:26:03.908+0000][1][safepoint    ] Total time for which application threads were stopped: 0.0002367 seconds, Stopping threads took: 0.0000124 seconds
[2019-12-09T02:26:03.909+0000][1][safepoint    ] Application time: 0.0014801 seconds
[2019-12-09T02:26:03.909+0000][1][safepoint    ] Entering safepoint region: CMS_Initial_Mark
[2019-12-09T02:26:03.909+0000][1][gc,start     ] GC(18) Pause Initial Mark
[2019-12-09T02:26:03.914+0000][1][gc           ] GC(18) Pause Initial Mark 58M->58M(247M) 4.639ms
[2019-12-09T02:26:03.914+0000][1][gc,cpu       ] GC(18) User=0.00s Sys=0.00s Real=0.00s
[2019-12-09T02:26:03.914+0000][1][safepoint    ] Leaving safepoint region
[2019-12-09T02:26:03.914+0000][1][safepoint    ] Total time for which application threads were stopped: 0.0047906 seconds, Stopping threads took: 0.0000650 seconds
[2019-12-09T02:26:03.914+0000][1][gc           ] GC(18) Concurrent Mark
[2019-12-09T02:26:04.136+0000][1][safepoint    ] Application time: 0.2218845 seconds
[2019-12-09T02:26:04.136+0000][1][safepoint    ] Entering safepoint region: CollectForMetadataAllocation
[2019-12-09T02:26:04.136+0000][1][safepoint    ] Leaving safepoint region
[2019-12-09T02:26:04.136+0000][1][safepoint    ] Total time for which application threads were stopped: 0.0002500 seconds, Stopping threads took: 0.0000146 seconds
[2019-12-09T02:26:04.494+0000][1][safepoint    ] Application time: 0.3575616 seconds
[2019-12-09T02:26:04.494+0000][1][safepoint    ] Entering safepoint region: CollectForMetadataAllocation
[2019-12-09T02:26:04.494+0000][1][safepoint    ] Leaving safepoint region
[2019-12-09T02:26:04.494+0000][1][safepoint    ] Total time for which application threads were stopped: 0.0001785 seconds, Stopping threads took: 0.0000320 seconds
[2019-12-09T02:26:04.714+0000][1][gc           ] GC(18) Concurrent Mark 800.428ms
[2019-12-09T02:26:04.714+0000][1][gc,cpu       ] GC(18) User=0.24s Sys=0.01s Real=0.80s
[2019-12-09T02:26:04.714+0000][1][gc           ] GC(18) Concurrent Preclean
[2019-12-09T02:26:04.789+0000][1][gc           ] GC(18) Concurrent Preclean 74.281ms
[2019-12-09T02:26:04.789+0000][1][gc,cpu       ] GC(18) User=0.02s Sys=0.00s Real=0.08s
[2019-12-09T02:26:04.789+0000][1][gc           ] GC(18) Concurrent Abortable Preclean
[2019-12-09T02:26:04.873+0000][1][safepoint    ] Application time: 0.3789611 seconds
[2019-12-09T02:26:04.873+0000][1][safepoint    ] Entering safepoint region: CollectForMetadataAllocation
[2019-12-09T02:26:04.873+0000][1][safepoint    ] Leaving safepoint region
[2019-12-09T02:26:04.873+0000][1][safepoint    ] Total time for which application threads were stopped: 0.0002152 seconds, Stopping threads took: 0.0000121 seconds
[2019-12-09T02:26:05.090+0000][1][safepoint    ] Application time: 0.2166288 seconds
[2019-12-09T02:26:05.090+0000][1][safepoint    ] Entering safepoint region: CollectForMetadataAllocation
[2019-12-09T02:26:05.090+0000][1][safepoint    ] Leaving safepoint region
[2019-12-09T02:26:05.090+0000][1][safepoint    ] Total time for which application threads were stopped: 0.0002443 seconds, Stopping threads took: 0.0000123 seconds
[2019-12-09T02:26:05.109+0000][1][safepoint    ] Application time: 0.0185263 seconds
[2019-12-09T02:26:05.109+0000][1][safepoint    ] Entering safepoint region: RevokeBias
[2019-12-09T02:26:05.109+0000][1][safepoint    ] Leaving safepoint region
[2019-12-09T02:26:05.109+0000][1][safepoint    ] Total time for which application threads were stopped: 0.0002987 seconds, Stopping threads took: 0.0000124 seconds
[2019-12-09T02:26:05.513+0000][1][safepoint    ] Application time: 0.4038657 seconds
[2019-12-09T02:26:05.533+0000][1][safepoint    ] Entering safepoint region: CollectForMetadataAllocation
[2019-12-09T02:26:05.533+0000][1][safepoint    ] Leaving safepoint region
[2019-12-09T02:26:05.533+0000][1][safepoint    ] Total time for which application threads were stopped: 0.0202278 seconds, Stopping threads took: 0.0199880 seconds
[2019-12-09T02:26:06.003+0000][1][safepoint    ] Application time: 0.4697421 seconds
[2019-12-09T02:26:06.003+0000][1][safepoint    ] Entering safepoint region: CollectForMetadataAllocation
[2019-12-09T02:26:06.003+0000][1][safepoint    ] Leaving safepoint region
[2019-12-09T02:26:06.003+0000][1][safepoint    ] Total time for which application threads were stopped: 0.0001611 seconds, Stopping threads took: 0.0000155 seconds
[2019-12-09T02:26:06.219+0000][1][safepoint    ] Application time: 0.2158214 seconds
[2019-12-09T02:26:06.219+0000][1][safepoint    ] Entering safepoint region: CollectForMetadataAllocation
[2019-12-09T02:26:06.219+0000][1][safepoint    ] Leaving safepoint region
[2019-12-09T02:26:06.219+0000][1][safepoint    ] Total time for which application threads were stopped: 0.0002694 seconds, Stopping threads took: 0.0000155 seconds
[2019-12-09T02:26:06.570+0000][1][safepoint    ] Application time: 0.3506396 seconds
[2019-12-09T02:26:06.570+0000][1][safepoint    ] Entering safepoint region: CollectForMetadataAllocation
[2019-12-09T02:26:06.570+0000][1][safepoint    ] Leaving safepoint region
[2019-12-09T02:26:06.570+0000][1][safepoint    ] Total time for which application threads were stopped: 0.0002404 seconds, Stopping threads took: 0.0000161 seconds
[2019-12-09T02:26:06.868+0000][1][safepoint    ] Application time: 0.2977405 seconds
[2019-12-09T02:26:06.868+0000][1][safepoint    ] Entering safepoint region: CollectForMetadataAllocation
[2019-12-09T02:26:06.868+0000][1][safepoint    ] Leaving safepoint region
[2019-12-09T02:26:06.868+0000][1][safepoint    ] Total time for which application threads were stopped: 0.0002079 seconds, Stopping threads took: 0.0000129 seconds
[2019-12-09T02:26:07.259+0000][1][safepoint    ] Application time: 0.3907109 seconds
[2019-12-09T02:26:07.259+0000][1][safepoint    ] Entering safepoint region: CollectForMetadataAllocation
[2019-12-09T02:26:07.259+0000][1][safepoint    ] Leaving safepoint region
[2019-12-09T02:26:07.259+0000][1][safepoint    ] Total time for which application threads were stopped: 0.0002358 seconds, Stopping threads took: 0.0000162 seconds
[2019-12-09T02:26:07.532+0000][1][safepoint    ] Application time: 0.2727148 seconds
[2019-12-09T02:26:07.532+0000][1][safepoint    ] Entering safepoint region: CollectForMetadataAllocation
[2019-12-09T02:26:07.532+0000][1][safepoint    ] Leaving safepoint region
[2019-12-09T02:26:07.532+0000][1][safepoint    ] Total time for which application threads were stopped: 0.0002087 seconds, Stopping threads took: 0.0000175 seconds
[2019-12-09T02:26:07.701+0000][1][safepoint    ] Application time: 0.1688081 seconds
[2019-12-09T02:26:07.701+0000][1][safepoint    ] Entering safepoint region: CollectForMetadataAllocation
[2019-12-09T02:26:07.701+0000][1][safepoint    ] Leaving safepoint region
[2019-12-09T02:26:07.701+0000][1][safepoint    ] Total time for which application threads were stopped: 0.0002097 seconds, Stopping threads took: 0.0000129 seconds
[2019-12-09T02:26:08.046+0000][1][safepoint    ] Application time: 0.3447337 seconds
[2019-12-09T02:26:08.092+0000][1][safepoint    ] Entering safepoint region: CollectForMetadataAllocation
[2019-12-09T02:26:08.092+0000][1][safepoint    ] Leaving safepoint region
[2019-12-09T02:26:08.092+0000][1][safepoint    ] Total time for which application threads were stopped: 0.0462343 seconds, Stopping threads took: 0.0460138 seconds
[2019-12-09T02:26:08.304+0000][1][safepoint    ] Application time: 0.2120918 seconds
[2019-12-09T02:26:08.304+0000][1][safepoint    ] Entering safepoint region: CollectForMetadataAllocation
[2019-12-09T02:26:08.304+0000][1][safepoint    ] Leaving safepoint region
[2019-12-09T02:26:08.304+0000][1][safepoint    ] Total time for which application threads were stopped: 0.0002833 seconds, Stopping threads took: 0.0000150 seconds
[2019-12-09T02:26:08.651+0000][1][safepoint    ] Application time: 0.3463070 seconds
[2019-12-09T02:26:08.651+0000][1][safepoint    ] Entering safepoint region: CollectForMetadataAllocation
[2019-12-09T02:26:08.651+0000][1][safepoint    ] Leaving safepoint region
[2019-12-09T02:26:08.651+0000][1][safepoint    ] Total time for which application threads were stopped: 0.0002528 seconds, Stopping threads took: 0.0000150 seconds
[2019-12-09T02:26:09.167+0000][1][safepoint    ] Application time: 0.5156716 seconds
[2019-12-09T02:26:09.167+0000][1][safepoint    ] Entering safepoint region: CollectForMetadataAllocation
[2019-12-09T02:26:09.167+0000][1][safepoint    ] Leaving safepoint region
[2019-12-09T02:26:09.167+0000][1][safepoint    ] Total time for which application threads were stopped: 0.0002376 seconds, Stopping threads took: 0.0000142 seconds
[2019-12-09T02:26:09.603+0000][1][safepoint    ] Application time: 0.4364840 seconds
[2019-12-09T02:26:09.604+0000][1][safepoint    ] Entering safepoint region: CollectForMetadataAllocation
[2019-12-09T02:26:09.604+0000][1][safepoint    ] Leaving safepoint region
[2019-12-09T02:26:09.604+0000][1][safepoint    ] Total time for which application threads were stopped: 0.0001836 seconds, Stopping threads took: 0.0000142 seconds
[2019-12-09T02:26:09.800+0000][1][safepoint    ] Application time: 0.1964229 seconds
[2019-12-09T02:26:09.800+0000][1][safepoint    ] Entering safepoint region: CollectForMetadataAllocation
[2019-12-09T02:26:09.800+0000][1][safepoint    ] Leaving safepoint region
[2019-12-09T02:26:09.800+0000][1][safepoint    ] Total time for which application threads were stopped: 0.0002670 seconds, Stopping threads took: 0.0000133 seconds
[2019-12-09T02:26:10.003+0000][1][gc           ] GC(18) Concurrent Abortable Preclean 5214.300ms
[2019-12-09T02:26:10.003+0000][1][gc,cpu       ] GC(18) User=1.41s Sys=0.02s Real=5.21s
[2019-12-09T02:26:10.003+0000][1][safepoint    ] Application time: 0.2027219 seconds
[2019-12-09T02:26:10.003+0000][1][safepoint    ] Entering safepoint region: CMS_Final_Remark
[2019-12-09T02:26:10.003+0000][1][gc,start     ] GC(18) Pause Remark
[2019-12-09T02:26:10.134+0000][1][gc           ] GC(18) Pause Remark 84M->84M(247M) 131.120ms
[2019-12-09T02:26:10.134+0000][1][gc,cpu       ] GC(18) User=0.04s Sys=0.00s Real=0.13s
[2019-12-09T02:26:10.134+0000][1][safepoint    ] Leaving safepoint region
[2019-12-09T02:26:10.134+0000][1][safepoint    ] Total time for which application threads were stopped: 0.1312633 seconds, Stopping threads took: 0.0000139 seconds
[2019-12-09T02:26:10.136+0000][1][gc           ] GC(18) Concurrent Sweep
[2019-12-09T02:26:10.209+0000][1][safepoint    ] Application time: 0.0742650 seconds
[2019-12-09T02:26:10.209+0000][1][safepoint    ] Entering safepoint region: CollectForMetadataAllocation
[2019-12-09T02:26:10.210+0000][1][safepoint    ] Leaving safepoint region
[2019-12-09T02:26:10.210+0000][1][safepoint    ] Total time for which application threads were stopped: 0.0009547 seconds, Stopping threads took: 0.0000123 seconds
[2019-12-09T02:26:10.236+0000][1][safepoint    ] Application time: 0.0260348 seconds
[2019-12-09T02:26:10.236+0000][1][safepoint    ] Entering safepoint region: CollectForMetadataAllocation
[2019-12-09T02:26:10.236+0000][1][safepoint    ] Leaving safepoint region
[2019-12-09T02:26:10.236+0000][1][safepoint    ] Total time for which application threads were stopped: 0.0002232 seconds, Stopping threads took: 0.0000129 seconds
[2019-12-09T02:26:10.283+0000][1][gc           ] GC(18) Concurrent Sweep 147.712ms
[2019-12-09T02:26:10.283+0000][1][gc,cpu       ] GC(18) User=0.08s Sys=0.00s Real=0.14s
[2019-12-09T02:26:10.283+0000][1][gc           ] GC(18) Concurrent Reset
[2019-12-09T02:26:10.287+0000][1][gc           ] GC(18) Concurrent Reset 3.249ms
[2019-12-09T02:26:10.287+0000][1][gc,cpu       ] GC(18) User=0.00s Sys=0.00s Real=0.01s
[2019-12-09T02:26:10.287+0000][1][gc,heap      ] GC(18) Old: 54841K->54602K(174784K)
[2019-12-09T02:26:10.412+0000][1][safepoint    ] Application time: 0.1759803 seconds
[2019-12-09T02:26:10.412+0000][1][safepoint    ] Entering safepoint region: RevokeBias
[2019-12-09T02:26:10.412+0000][1][safepoint    ] Leaving safepoint region
[2019-12-09T02:26:10.412+0000][1][safepoint    ] Total time for which application threads were stopped: 0.0002132 seconds, Stopping threads took: 0.0001425 seconds
[2019-12-09T02:26:10.412+0000][1][safepoint    ] Application time: 0.0000657 seconds
[2019-12-09T02:26:10.412+0000][1][safepoint    ] Entering safepoint region: RevokeBias
[2019-12-09T02:26:10.412+0000][1][safepoint    ] Leaving safepoint region
[2019-12-09T02:26:10.412+0000][1][safepoint    ] Total time for which application threads were stopped: 0.0000377 seconds, Stopping threads took: 0.0000070 seconds
[2019-12-09T02:26:11.420+0000][1][safepoint    ] Application time: 1.0073402 seconds
[2019-12-09T02:26:11.532+0000][1][safepoint    ] Entering safepoint region: Cleanup
[2019-12-09T02:26:11.532+0000][1][safepoint    ] Leaving safepoint region
[2019-12-09T02:26:11.532+0000][1][safepoint    ] Total time for which application threads were stopped: 0.1120373 seconds, Stopping threads took: 0.1119830 seconds
[2019-12-09T02:26:15.398+0000][1][safepoint    ] Application time: 3.8659127 seconds
[2019-12-09T02:26:15.442+0000][1][safepoint    ] Entering safepoint region: RevokeBias
[2019-12-09T02:26:15.442+0000][1][safepoint    ] Leaving safepoint region
[2019-12-09T02:26:15.442+0000][1][safepoint    ] Total time for which application threads were stopped: 0.0441926 seconds, Stopping threads took: 0.0440686 seconds
[2019-12-09T02:26:15.442+0000][1][safepoint    ] Application time: 0.0002298 seconds
[2019-12-09T02:26:15.442+0000][1][safepoint    ] Entering safepoint region: RevokeBias
[2019-12-09T02:26:15.442+0000][1][safepoint    ] Leaving safepoint region
[2019-12-09T02:26:15.442+0000][1][safepoint    ] Total time for which application threads were stopped: 0.0000930 seconds, Stopping threads took: 0.0000111 seconds
[2019-12-09T02:26:15.442+0000][1][safepoint    ] Application time: 0.0001044 seconds
[2019-12-09T02:26:15.442+0000][1][safepoint    ] Entering safepoint region: RevokeBias
[2019-12-09T02:26:15.442+0000][1][safepoint    ] Leaving safepoint region
[2019-12-09T02:26:15.442+0000][1][safepoint    ] Total time for which application threads were stopped: 0.0000596 seconds, Stopping threads took: 0.0000073 seconds
[2019-12-09T02:26:15.443+0000][1][safepoint    ] Application time: 0.0001718 seconds
[2019-12-09T02:26:15.443+0000][1][safepoint    ] Entering safepoint region: RevokeBias
[2019-12-09T02:26:15.443+0000][1][safepoint    ] Leaving safepoint region
[2019-12-09T02:26:15.443+0000][1][safepoint    ] Total time for which application threads were stopped: 0.0000994 seconds, Stopping threads took: 0.0000153 seconds
[2019-12-09T02:26:15.443+0000][1][safepoint    ] Application time: 0.0001659 seconds
[2019-12-09T02:26:15.443+0000][1][safepoint    ] Entering safepoint region: RevokeBias
[2019-12-09T02:26:15.443+0000][1][safepoint    ] Leaving safepoint region
[2019-12-09T02:26:15.443+0000][1][safepoint    ] Total time for which application threads were stopped: 0.0000782 seconds, Stopping threads took: 0.0000085 seconds
[2019-12-09T02:26:15.443+0000][1][safepoint    ] Application time: 0.0000858 seconds
[2019-12-09T02:26:15.443+0000][1][safepoint    ] Entering safepoint region: RevokeBias
[2019-12-09T02:26:15.443+0000][1][safepoint    ] Leaving safepoint region
[2019-12-09T02:26:15.443+0000][1][safepoint    ] Total time for which application threads were stopped: 0.0000686 seconds, Stopping threads took: 0.0000083 seconds
[2019-12-09T02:26:15.443+0000][1][safepoint    ] Application time: 0.0000526 seconds
[2019-12-09T02:26:15.443+0000][1][safepoint    ] Entering safepoint region: RevokeBias
[2019-12-09T02:26:15.443+0000][1][safepoint    ] Leaving safepoint region
[2019-12-09T02:26:15.443+0000][1][safepoint    ] Total time for which application threads were stopped: 0.0000657 seconds, Stopping threads took: 0.0000085 seconds
[2019-12-09T02:26:15.443+0000][1][safepoint    ] Application time: 0.0000918 seconds
[2019-12-09T02:26:15.443+0000][1][safepoint    ] Entering safepoint region: RevokeBias
[2019-12-09T02:26:15.444+0000][1][safepoint    ] Leaving safepoint region
[2019-12-09T02:26:15.444+0000][1][safepoint    ] Total time for which application threads were stopped: 0.0000783 seconds, Stopping threads took: 0.0000081 seconds
[2019-12-09T02:26:15.444+0000][1][safepoint    ] Application time: 0.0000634 seconds
[2019-12-09T02:26:15.444+0000][1][safepoint    ] Entering safepoint region: RevokeBias
[2019-12-09T02:26:15.444+0000][1][safepoint    ] Leaving safepoint region
[2019-12-09T02:26:15.444+0000][1][safepoint    ] Total time for which application threads were stopped: 0.0000950 seconds, Stopping threads took: 0.0000079 seconds
[2019-12-09T02:26:15.445+0000][1][safepoint    ] Application time: 0.0011953 seconds
[2019-12-09T02:26:15.445+0000][1][safepoint    ] Entering safepoint region: RevokeBias
[2019-12-09T02:26:15.445+0000][1][safepoint    ] Leaving safepoint region
[2019-12-09T02:26:15.445+0000][1][safepoint    ] Total time for which application threads were stopped: 0.0000908 seconds, Stopping threads took: 0.0000101 seconds
[2019-12-09T02:26:15.446+0000][1][safepoint    ] Application time: 0.0005795 seconds
[2019-12-09T02:26:15.446+0000][1][safepoint    ] Entering safepoint region: RevokeBias
[2019-12-09T02:26:15.446+0000][1][safepoint    ] Leaving safepoint region
[2019-12-09T02:26:15.446+0000][1][safepoint    ] Total time for which application threads were stopped: 0.0000994 seconds, Stopping threads took: 0.0000101 seconds
[2019-12-09T02:26:15.591+0000][1][safepoint    ] Application time: 0.1450821 seconds
[2019-12-09T02:26:15.618+0000][1][safepoint    ] Entering safepoint region: RevokeBias
[2019-12-09T02:26:15.618+0000][1][safepoint    ] Leaving safepoint region
[2019-12-09T02:26:15.618+0000][1][safepoint    ] Total time for which application threads were stopped: 0.0270961 seconds, Stopping threads took: 0.0269967 seconds
[2019-12-09T02:26:15.618+0000][1][safepoint    ] Application time: 0.0002106 seconds
[2019-12-09T02:26:15.618+0000][1][safepoint    ] Entering safepoint region: RevokeBias
[2019-12-09T02:26:15.618+0000][1][safepoint    ] Leaving safepoint region
[2019-12-09T02:26:15.618+0000][1][safepoint    ] Total time for which application threads were stopped: 0.0000691 seconds, Stopping threads took: 0.0000096 seconds
[2019-12-09T02:26:16.626+0000][1][safepoint    ] Application time: 1.0074343 seconds
[2019-12-09T02:26:16.682+0000][1][safepoint    ] Entering safepoint region: Cleanup
[2019-12-09T02:26:16.682+0000][1][safepoint    ] Leaving safepoint region
[2019-12-09T02:26:16.682+0000][1][safepoint    ] Total time for which application threads were stopped: 0.0561561 seconds, Stopping threads took: 0.0561108 seconds
[2019-12-09T02:26:18.345+0000][1][safepoint    ] Application time: 1.6627957 seconds
[2019-12-09T02:26:18.416+0000][1][safepoint    ] Entering safepoint region: Cleanup
[2019-12-09T02:26:18.416+0000][1][safepoint    ] Leaving safepoint region
[2019-12-09T02:26:18.416+0000][1][safepoint    ] Total time for which application threads were stopped: 0.0711461 seconds, Stopping threads took: 0.0710893 seconds
[2019-12-09T02:26:19.417+0000][1][safepoint    ] Application time: 1.0008065 seconds
[2019-12-09T02:26:19.511+0000][1][safepoint    ] Entering safepoint region: Cleanup
[2019-12-09T02:26:19.511+0000][1][safepoint    ] Leaving safepoint region
[2019-12-09T02:26:19.511+0000][1][safepoint    ] Total time for which application threads were stopped: 0.0941389 seconds, Stopping threads took: 0.0940603 seconds
[2019-12-09T02:26:20.513+0000][1][safepoint    ] Application time: 1.0018066 seconds
[2019-12-09T02:26:20.513+0000][1][safepoint    ] Entering safepoint region: Cleanup
[2019-12-09T02:26:20.513+0000][1][safepoint    ] Leaving safepoint region
[2019-12-09T02:26:20.513+0000][1][safepoint    ] Total time for which application threads were stopped: 0.0001640 seconds, Stopping threads took: 0.0001076 seconds
[2019-12-09T02:26:20.525+0000][1][safepoint    ] Application time: 0.0117935 seconds
[2019-12-09T02:26:20.525+0000][1][safepoint    ] Entering safepoint region: GenCollectForAllocation
[2019-12-09T02:26:20.525+0000][1][gc,start     ] GC(19) Pause Young (Allocation Failure)
[2019-12-09T02:26:20.525+0000][1][gc,task      ] GC(19) Using 2 workers of 2 for evacuation
[2019-12-09T02:26:20.690+0000][1][gc,age       ] GC(19) Desired survivor size 4456448 bytes, new threshold 2 (max threshold 6)
[2019-12-09T02:26:20.690+0000][1][gc,age       ] GC(19) Age table with threshold 2 (max threshold 6)
[2019-12-09T02:26:20.690+0000][1][gc,age       ] GC(19) - age   1:    2536248 bytes,    2536248 total
[2019-12-09T02:26:20.690+0000][1][gc,age       ] GC(19) - age   2:    1939984 bytes,    4476232 total
[2019-12-09T02:26:20.690+0000][1][gc,age       ] GC(19) - age   3:    1187896 bytes,    5664128 total
[2019-12-09T02:26:20.690+0000][1][gc,heap      ] GC(19) ParNew: 73488K->5803K(78656K)
[2019-12-09T02:26:20.690+0000][1][gc,heap      ] GC(19) CMS: 54602K->54602K(174784K)
[2019-12-09T02:26:20.690+0000][1][gc,metaspace ] GC(19) Metaspace: 43029K->43029K(1089536K)
[2019-12-09T02:26:20.690+0000][1][gc           ] GC(19) Pause Young (Allocation Failure) 125M->58M(247M) 164.837ms
[2019-12-09T02:26:20.690+0000][1][gc,cpu       ] GC(19) User=0.04s Sys=0.00s Real=0.16s
[2019-12-09T02:26:20.690+0000][1][safepoint    ] Leaving safepoint region
[2019-12-09T02:26:20.690+0000][1][safepoint    ] Total time for which application threads were stopped: 0.1649779 seconds, Stopping threads took: 0.0000126 seconds
[2019-12-09T02:26:20.695+0000][1][safepoint    ] Application time: 0.0051498 seconds
[2019-12-09T02:26:20.695+0000][1][safepoint    ] Entering safepoint region: RevokeBias
[2019-12-09T02:26:20.695+0000][1][safepoint    ] Leaving safepoint region
[2019-12-09T02:26:20.695+0000][1][safepoint    ] Total time for which application threads were stopped: 0.0000697 seconds, Stopping threads took: 0.0000135 seconds
[2019-12-09T02:26:20.695+0000][1][safepoint    ] Application time: 0.0000622 seconds
[2019-12-09T02:26:20.695+0000][1][safepoint    ] Entering safepoint region: RevokeBias
[2019-12-09T02:26:20.695+0000][1][safepoint    ] Leaving safepoint region
[2019-12-09T02:26:20.695+0000][1][safepoint    ] Total time for which application threads were stopped: 0.0000353 seconds, Stopping threads took: 0.0000085 seconds
[2019-12-09T02:26:20.695+0000][1][safepoint    ] Application time: 0.0000563 seconds
[2019-12-09T02:26:20.695+0000][1][safepoint    ] Entering safepoint region: RevokeBias
[2019-12-09T02:26:20.695+0000][1][safepoint    ] Leaving safepoint region
[2019-12-09T02:26:20.695+0000][1][safepoint    ] Total time for which application threads were stopped: 0.0000432 seconds, Stopping threads took: 0.0000088 seconds
[2019-12-09T02:26:21.703+0000][1][safepoint    ] Application time: 1.0074928 seconds
[2019-12-09T02:26:21.715+0000][1][safepoint    ] Entering safepoint region: Cleanup
[2019-12-09T02:26:21.715+0000][1][safepoint    ] Leaving safepoint region
[2019-12-09T02:26:21.715+0000][1][safepoint    ] Total time for which application threads were stopped: 0.0120836 seconds, Stopping threads took: 0.0120296 seconds
[2019-12-09T02:26:22.247+0000][1][safepoint    ] Application time: 0.5318979 seconds
[2019-12-09T02:26:22.247+0000][1][safepoint    ] Entering safepoint region: RevokeBias
[2019-12-09T02:26:22.247+0000][1][safepoint    ] Leaving safepoint region
[2019-12-09T02:26:22.247+0000][1][safepoint    ] Total time for which application threads were stopped: 0.0001008 seconds, Stopping threads took: 0.0000133 seconds
[2019-12-09T02:26:22.320+0000][1][safepoint    ] Application time: 0.0732995 seconds
[2019-12-09T02:26:22.320+0000][1][safepoint    ] Entering safepoint region: RevokeBias
[2019-12-09T02:26:22.320+0000][1][safepoint    ] Leaving safepoint region
[2019-12-09T02:26:22.320+0000][1][safepoint    ] Total time for which application threads were stopped: 0.0001077 seconds, Stopping threads took: 0.0000116 seconds
[2019-12-09T02:26:23.322+0000][1][safepoint    ] Application time: 1.0013819 seconds
[2019-12-09T02:26:23.330+0000][1][safepoint    ] Entering safepoint region: Cleanup
[2019-12-09T02:26:23.330+0000][1][safepoint    ] Leaving safepoint region
[2019-12-09T02:26:23.330+0000][1][safepoint    ] Total time for which application threads were stopped: 0.0083820 seconds, Stopping threads took: 0.0079909 seconds
[2019-12-09T02:26:23.501+0000][1][safepoint    ] Application time: 0.1705740 seconds
[2019-12-09T02:26:23.501+0000][1][safepoint    ] Entering safepoint region: RevokeBias
[2019-12-09T02:26:23.501+0000][1][safepoint    ] Leaving safepoint region
[2019-12-09T02:26:23.501+0000][1][safepoint    ] Total time for which application threads were stopped: 0.0000675 seconds, Stopping threads took: 0.0000136 seconds
[2019-12-09T02:26:23.651+0000][1][safepoint    ] Application time: 0.1500753 seconds
[2019-12-09T02:26:23.651+0000][1][safepoint    ] Entering safepoint region: RevokeBias
[2019-12-09T02:26:23.651+0000][1][safepoint    ] Leaving safepoint region
[2019-12-09T02:26:23.651+0000][1][safepoint    ] Total time for which application threads were stopped: 0.0000633 seconds, Stopping threads took: 0.0000138 seconds
[2019-12-09T02:26:24.054+0000][1][safepoint    ] Application time: 0.4027559 seconds
[2019-12-09T02:26:24.065+0000][1][safepoint    ] Entering safepoint region: RevokeBias
[2019-12-09T02:26:24.065+0000][1][safepoint    ] Leaving safepoint region
[2019-12-09T02:26:24.065+0000][1][safepoint    ] Total time for which application threads were stopped: 0.0110486 seconds, Stopping threads took: 0.0109411 seconds
[2019-12-09T02:26:24.065+0000][1][safepoint    ] Application time: 0.0001148 seconds
[2019-12-09T02:26:24.065+0000][1][safepoint    ] Entering safepoint region: BulkRevokeBias
[2019-12-09T02:26:24.065+0000][1][safepoint    ] Leaving safepoint region
[2019-12-09T02:26:24.065+0000][1][safepoint    ] Total time for which application threads were stopped: 0.0001127 seconds, Stopping threads took: 0.0000091 seconds
[2019-12-09T02:26:24.065+0000][1][safepoint    ] Application time: 0.0000605 seconds
[2019-12-09T02:26:24.065+0000][1][safepoint    ] Entering safepoint region: RevokeBias
[2019-12-09T02:26:24.065+0000][1][safepoint    ] Leaving safepoint region
[2019-12-09T02:26:24.065+0000][1][safepoint    ] Total time for which application threads were stopped: 0.0000539 seconds, Stopping threads took: 0.0000078 seconds
[2019-12-09T02:26:24.065+0000][1][safepoint    ] Application time: 0.0001201 seconds
[2019-12-09T02:26:24.065+0000][1][safepoint    ] Entering safepoint region: RevokeBias
[2019-12-09T02:26:24.065+0000][1][safepoint    ] Leaving safepoint region
[2019-12-09T02:26:24.065+0000][1][safepoint    ] Total time for which application threads were stopped: 0.0000626 seconds, Stopping threads took: 0.0000080 seconds
[2019-12-09T02:26:24.066+0000][1][safepoint    ] Application time: 0.0005830 seconds
[2019-12-09T02:26:24.066+0000][1][safepoint    ] Entering safepoint region: RevokeBias
[2019-12-09T02:26:24.066+0000][1][safepoint    ] Leaving safepoint region
[2019-12-09T02:26:24.066+0000][1][safepoint    ] Total time for which application threads were stopped: 0.0000733 seconds, Stopping threads took: 0.0000097 seconds
[2019-12-09T02:26:24.066+0000][1][safepoint    ] Application time: 0.0000838 seconds
[2019-12-09T02:26:24.066+0000][1][safepoint    ] Entering safepoint region: RevokeBias
[2019-12-09T02:26:24.066+0000][1][safepoint    ] Leaving safepoint region
[2019-12-09T02:26:24.066+0000][1][safepoint    ] Total time for which application threads were stopped: 0.0000615 seconds, Stopping threads took: 0.0000070 seconds
[2019-12-09T02:26:24.066+0000][1][safepoint    ] Application time: 0.0001834 seconds
[2019-12-09T02:26:24.066+0000][1][safepoint    ] Entering safepoint region: RevokeBias
[2019-12-09T02:26:24.067+0000][1][safepoint    ] Leaving safepoint region
[2019-12-09T02:26:24.067+0000][1][safepoint    ] Total time for which application threads were stopped: 0.0000664 seconds, Stopping threads took: 0.0000082 seconds
[2019-12-09T02:26:24.067+0000][1][safepoint    ] Application time: 0.0000525 seconds
[2019-12-09T02:26:24.067+0000][1][safepoint    ] Entering safepoint region: RevokeBias
[2019-12-09T02:26:24.067+0000][1][safepoint    ] Leaving safepoint region
[2019-12-09T02:26:24.067+0000][1][safepoint    ] Total time for which application threads were stopped: 0.0000478 seconds, Stopping threads took: 0.0000073 seconds
[2019-12-09T02:26:24.067+0000][1][safepoint    ] Application time: 0.0000717 seconds
[2019-12-09T02:26:24.067+0000][1][safepoint    ] Entering safepoint region: RevokeBias
[2019-12-09T02:26:24.067+0000][1][safepoint    ] Leaving safepoint region
[2019-12-09T02:26:24.067+0000][1][safepoint    ] Total time for which application threads were stopped: 0.0000559 seconds, Stopping threads took: 0.0000083 seconds
[2019-12-09T02:26:24.067+0000][1][safepoint    ] Application time: 0.0000521 seconds
[2019-12-09T02:26:24.067+0000][1][safepoint    ] Entering safepoint region: RevokeBias
[2019-12-09T02:26:24.067+0000][1][safepoint    ] Leaving safepoint region
[2019-12-09T02:26:24.067+0000][1][safepoint    ] Total time for which application threads were stopped: 0.0000477 seconds, Stopping threads took: 0.0000081 seconds
[2019-12-09T02:26:24.067+0000][1][safepoint    ] Application time: 0.0000515 seconds
[2019-12-09T02:26:24.067+0000][1][safepoint    ] Entering safepoint region: RevokeBias
[2019-12-09T02:26:24.067+0000][1][safepoint    ] Leaving safepoint region
[2019-12-09T02:26:24.067+0000][1][safepoint    ] Total time for which application threads were stopped: 0.0000511 seconds, Stopping threads took: 0.0000079 seconds
[2019-12-09T02:26:24.067+0000][1][safepoint    ] Application time: 0.0000520 seconds
[2019-12-09T02:26:24.067+0000][1][safepoint    ] Entering safepoint region: RevokeBias
[2019-12-09T02:26:24.067+0000][1][safepoint    ] Leaving safepoint region
[2019-12-09T02:26:24.067+0000][1][safepoint    ] Total time for which application threads were stopped: 0.0000526 seconds, Stopping threads took: 0.0000084 seconds
[2019-12-09T02:26:24.067+0000][1][safepoint    ] Application time: 0.0000505 seconds
[2019-12-09T02:26:24.067+0000][1][safepoint    ] Entering safepoint region: RevokeBias
[2019-12-09T02:26:24.067+0000][1][safepoint    ] Leaving safepoint region
[2019-12-09T02:26:24.067+0000][1][safepoint    ] Total time for which application threads were stopped: 0.0000503 seconds, Stopping threads took: 0.0000076 seconds
[2019-12-09T02:26:24.067+0000][1][safepoint    ] Application time: 0.0000531 seconds
[2019-12-09T02:26:24.067+0000][1][safepoint    ] Entering safepoint region: RevokeBias
[2019-12-09T02:26:24.067+0000][1][safepoint    ] Leaving safepoint region
[2019-12-09T02:26:24.067+0000][1][safepoint    ] Total time for which application threads were stopped: 0.0000536 seconds, Stopping threads took: 0.0000080 seconds
[2019-12-09T02:26:24.067+0000][1][safepoint    ] Application time: 0.0000516 seconds
[2019-12-09T02:26:24.067+0000][1][safepoint    ] Entering safepoint region: RevokeBias
[2019-12-09T02:26:24.067+0000][1][safepoint    ] Leaving safepoint region
[2019-12-09T02:26:24.068+0000][1][safepoint    ] Total time for which application threads were stopped: 0.0000490 seconds, Stopping threads took: 0.0000081 seconds
[2019-12-09T02:26:24.068+0000][1][safepoint    ] Application time: 0.0000524 seconds
[2019-12-09T02:26:24.068+0000][1][safepoint    ] Entering safepoint region: RevokeBias
[2019-12-09T02:26:24.068+0000][1][safepoint    ] Leaving safepoint region
[2019-12-09T02:26:24.068+0000][1][safepoint    ] Total time for which application threads were stopped: 0.0000499 seconds, Stopping threads took: 0.0000077 seconds
[2019-12-09T02:26:24.068+0000][1][safepoint    ] Application time: 0.0000686 seconds
[2019-12-09T02:26:24.068+0000][1][safepoint    ] Entering safepoint region: RevokeBias
[2019-12-09T02:26:24.068+0000][1][safepoint    ] Leaving safepoint region
[2019-12-09T02:26:24.068+0000][1][safepoint    ] Total time for which application threads were stopped: 0.0000538 seconds, Stopping threads took: 0.0000085 seconds
[2019-12-09T02:26:24.068+0000][1][safepoint    ] Application time: 0.0000534 seconds
[2019-12-09T02:26:24.068+0000][1][safepoint    ] Entering safepoint region: RevokeBias
[2019-12-09T02:26:24.068+0000][1][safepoint    ] Leaving safepoint region
[2019-12-09T02:26:24.068+0000][1][safepoint    ] Total time for which application threads were stopped: 0.0000517 seconds, Stopping threads took: 0.0000080 seconds
[2019-12-09T02:26:24.068+0000][1][safepoint    ] Application time: 0.0000536 seconds
[2019-12-09T02:26:24.068+0000][1][safepoint    ] Entering safepoint region: RevokeBias
[2019-12-09T02:26:24.068+0000][1][safepoint    ] Leaving safepoint region
[2019-12-09T02:26:24.068+0000][1][safepoint    ] Total time for which application threads were stopped: 0.0000507 seconds, Stopping threads took: 0.0000079 seconds
[2019-12-09T02:26:24.068+0000][1][safepoint    ] Application time: 0.0000520 seconds
[2019-12-09T02:26:24.068+0000][1][safepoint    ] Entering safepoint region: RevokeBias
[2019-12-09T02:26:24.068+0000][1][safepoint    ] Leaving safepoint region
[2019-12-09T02:26:24.068+0000][1][safepoint    ] Total time for which application threads were stopped: 0.0000507 seconds, Stopping threads took: 0.0000074 seconds
[2019-12-09T02:26:24.068+0000][1][safepoint    ] Application time: 0.0000523 seconds
[2019-12-09T02:26:24.068+0000][1][safepoint    ] Entering safepoint region: RevokeBias
[2019-12-09T02:26:24.068+0000][1][safepoint    ] Leaving safepoint region
[2019-12-09T02:26:24.068+0000][1][safepoint    ] Total time for which application threads were stopped: 0.0000495 seconds, Stopping threads took: 0.0000079 seconds
[2019-12-09T02:26:24.068+0000][1][safepoint    ] Application time: 0.0000509 seconds
[2019-12-09T02:26:24.068+0000][1][safepoint    ] Entering safepoint region: RevokeBias
[2019-12-09T02:26:24.068+0000][1][safepoint    ] Leaving safepoint region
[2019-12-09T02:26:24.068+0000][1][safepoint    ] Total time for which application threads were stopped: 0.0000485 seconds, Stopping threads took: 0.0000077 seconds
[2019-12-09T02:26:24.068+0000][1][safepoint    ] Application time: 0.0000510 seconds
[2019-12-09T02:26:24.068+0000][1][safepoint    ] Entering safepoint region: RevokeBias
[2019-12-09T02:26:24.068+0000][1][safepoint    ] Leaving safepoint region
[2019-12-09T02:26:24.068+0000][1][safepoint    ] Total time for which application threads were stopped: 0.0000470 seconds, Stopping threads took: 0.0000079 seconds
[2019-12-09T02:26:24.069+0000][1][safepoint    ] Application time: 0.0000538 seconds
[2019-12-09T02:26:24.069+0000][1][safepoint    ] Entering safepoint region: BulkRevokeBias
[2019-12-09T02:26:24.069+0000][1][safepoint    ] Leaving safepoint region
[2019-12-09T02:26:24.069+0000][1][safepoint    ] Total time for which application threads were stopped: 0.0001170 seconds, Stopping threads took: 0.0000086 seconds
[2019-12-09T02:26:24.069+0000][1][safepoint    ] Application time: 0.0001975 seconds
[2019-12-09T02:26:24.069+0000][1][safepoint    ] Entering safepoint region: RevokeBias
[2019-12-09T02:26:24.069+0000][1][safepoint    ] Leaving safepoint region
[2019-12-09T02:26:24.069+0000][1][safepoint    ] Total time for which application threads were stopped: 0.0000692 seconds, Stopping threads took: 0.0000096 seconds
[2019-12-09T02:26:24.069+0000][1][safepoint    ] Application time: 0.0001481 seconds
[2019-12-09T02:26:24.069+0000][1][safepoint    ] Entering safepoint region: RevokeBias
[2019-12-09T02:26:24.069+0000][1][safepoint    ] Leaving safepoint region
[2019-12-09T02:26:24.069+0000][1][safepoint    ] Total time for which application threads were stopped: 0.0000634 seconds, Stopping threads took: 0.0000089 seconds
[2019-12-09T02:26:24.069+0000][1][safepoint    ] Application time: 0.0000703 seconds
[2019-12-09T02:26:24.069+0000][1][safepoint    ] Entering safepoint region: RevokeBias
[2019-12-09T02:26:24.069+0000][1][safepoint    ] Leaving safepoint region
[2019-12-09T02:26:24.069+0000][1][safepoint    ] Total time for which application threads were stopped: 0.0000555 seconds, Stopping threads took: 0.0000082 seconds
[2019-12-09T02:26:24.069+0000][1][safepoint    ] Application time: 0.0000844 seconds
[2019-12-09T02:26:24.069+0000][1][safepoint    ] Entering safepoint region: RevokeBias
[2019-12-09T02:26:24.069+0000][1][safepoint    ] Leaving safepoint region
[2019-12-09T02:26:24.069+0000][1][safepoint    ] Total time for which application threads were stopped: 0.0000549 seconds, Stopping threads took: 0.0000077 seconds
[2019-12-09T02:26:24.070+0000][1][safepoint    ] Application time: 0.0000610 seconds
[2019-12-09T02:26:24.070+0000][1][safepoint    ] Entering safepoint region: RevokeBias
[2019-12-09T02:26:24.070+0000][1][safepoint    ] Leaving safepoint region
[2019-12-09T02:26:24.070+0000][1][safepoint    ] Total time for which application threads were stopped: 0.0000536 seconds, Stopping threads took: 0.0000083 seconds
[2019-12-09T02:26:24.070+0000][1][safepoint    ] Application time: 0.0001882 seconds
[2019-12-09T02:26:24.070+0000][1][safepoint    ] Entering safepoint region: RevokeBias
[2019-12-09T02:26:24.070+0000][1][safepoint    ] Leaving safepoint region
[2019-12-09T02:26:24.070+0000][1][safepoint    ] Total time for which application threads were stopped: 0.0000660 seconds, Stopping threads took: 0.0000101 seconds
[2019-12-09T02:26:24.070+0000][1][safepoint    ] Application time: 0.0002909 seconds
[2019-12-09T02:26:24.070+0000][1][safepoint    ] Entering safepoint region: RevokeBias
[2019-12-09T02:26:24.070+0000][1][safepoint    ] Leaving safepoint region
[2019-12-09T02:26:24.070+0000][1][safepoint    ] Total time for which application threads were stopped: 0.0000687 seconds, Stopping threads took: 0.0000097 seconds
[2019-12-09T02:26:24.070+0000][1][safepoint    ] Application time: 0.0001783 seconds
[2019-12-09T02:26:24.070+0000][1][safepoint    ] Entering safepoint region: RevokeBias
[2019-12-09T02:26:24.071+0000][1][safepoint    ] Leaving safepoint region
[2019-12-09T02:26:24.071+0000][1][safepoint    ] Total time for which application threads were stopped: 0.0000735 seconds, Stopping threads took: 0.0000216 seconds
[2019-12-09T02:26:24.071+0000][1][safepoint    ] Application time: 0.0001940 seconds
[2019-12-09T02:26:24.071+0000][1][safepoint    ] Entering safepoint region: RevokeBias
[2019-12-09T02:26:24.071+0000][1][safepoint    ] Leaving safepoint region
[2019-12-09T02:26:24.071+0000][1][safepoint    ] Total time for which application threads were stopped: 0.0000620 seconds, Stopping threads took: 0.0000087 seconds
[2019-12-09T02:26:24.071+0000][1][safepoint    ] Application time: 0.0000705 seconds
[2019-12-09T02:26:24.071+0000][1][safepoint    ] Entering safepoint region: RevokeBias
[2019-12-09T02:26:24.071+0000][1][safepoint    ] Leaving safepoint region
[2019-12-09T02:26:24.071+0000][1][safepoint    ] Total time for which application threads were stopped: 0.0000530 seconds, Stopping threads took: 0.0000078 seconds
[2019-12-09T02:26:24.071+0000][1][safepoint    ] Application time: 0.0000519 seconds
[2019-12-09T02:26:24.071+0000][1][safepoint    ] Entering safepoint region: RevokeBias
[2019-12-09T02:26:24.071+0000][1][safepoint    ] Leaving safepoint region
[2019-12-09T02:26:24.071+0000][1][safepoint    ] Total time for which application threads were stopped: 0.0000459 seconds, Stopping threads took: 0.0000075 seconds
[2019-12-09T02:26:24.071+0000][1][safepoint    ] Application time: 0.0000505 seconds
[2019-12-09T02:26:24.071+0000][1][safepoint    ] Entering safepoint region: RevokeBias
[2019-12-09T02:26:24.071+0000][1][safepoint    ] Leaving safepoint region
[2019-12-09T02:26:24.071+0000][1][safepoint    ] Total time for which application threads were stopped: 0.0000464 seconds, Stopping threads took: 0.0000076 seconds
[2019-12-09T02:26:24.072+0000][1][safepoint    ] Application time: 0.0003434 seconds
[2019-12-09T02:26:24.072+0000][1][safepoint    ] Entering safepoint region: RevokeBias
[2019-12-09T02:26:24.072+0000][1][safepoint    ] Leaving safepoint region
[2019-12-09T02:26:24.072+0000][1][safepoint    ] Total time for which application threads were stopped: 0.0000595 seconds, Stopping threads took: 0.0000176 seconds
[2019-12-09T02:26:24.072+0000][1][safepoint    ] Application time: 0.0001349 seconds
[2019-12-09T02:26:24.072+0000][1][safepoint    ] Entering safepoint region: RevokeBias
[2019-12-09T02:26:24.072+0000][1][safepoint    ] Leaving safepoint region
[2019-12-09T02:26:24.072+0000][1][safepoint    ] Total time for which application threads were stopped: 0.0000536 seconds, Stopping threads took: 0.0000073 seconds
[2019-12-09T02:26:24.072+0000][1][safepoint    ] Application time: 0.0001760 seconds
[2019-12-09T02:26:24.072+0000][1][safepoint    ] Entering safepoint region: RevokeBias
[2019-12-09T02:26:24.072+0000][1][safepoint    ] Leaving safepoint region
[2019-12-09T02:26:24.072+0000][1][safepoint    ] Total time for which application threads were stopped: 0.0000518 seconds, Stopping threads took: 0.0000071 seconds
[2019-12-09T02:26:24.072+0000][1][safepoint    ] Application time: 0.0003468 seconds
[2019-12-09T02:26:24.072+0000][1][safepoint    ] Entering safepoint region: RevokeBias
[2019-12-09T02:26:24.072+0000][1][safepoint    ] Leaving safepoint region
[2019-12-09T02:26:24.072+0000][1][safepoint    ] Total time for which application threads were stopped: 0.0000628 seconds, Stopping threads took: 0.0000090 seconds
[2019-12-09T02:26:24.073+0000][1][safepoint    ] Application time: 0.0004341 seconds
[2019-12-09T02:26:24.073+0000][1][safepoint    ] Entering safepoint region: RevokeBias
[2019-12-09T02:26:24.073+0000][1][safepoint    ] Leaving safepoint region
[2019-12-09T02:26:24.073+0000][1][safepoint    ] Total time for which application threads were stopped: 0.0000627 seconds, Stopping threads took: 0.0000090 seconds
[2019-12-09T02:26:24.100+0000][1][safepoint    ] Application time: 0.0269443 seconds
[2019-12-09T02:26:24.100+0000][1][safepoint    ] Entering safepoint region: RevokeBias
[2019-12-09T02:26:24.100+0000][1][safepoint    ] Leaving safepoint region
[2019-12-09T02:26:24.100+0000][1][safepoint    ] Total time for which application threads were stopped: 0.0000938 seconds, Stopping threads took: 0.0000118 seconds
[2019-12-09T02:26:24.138+0000][1][safepoint    ] Application time: 0.0382098 seconds
[2019-12-09T02:26:24.138+0000][1][safepoint    ] Entering safepoint region: RevokeBias
[2019-12-09T02:26:24.138+0000][1][safepoint    ] Leaving safepoint region
[2019-12-09T02:26:24.138+0000][1][safepoint    ] Total time for which application threads were stopped: 0.0001133 seconds, Stopping threads took: 0.0000314 seconds
[2019-12-09T02:26:24.140+0000][1][safepoint    ] Application time: 0.0017864 seconds
[2019-12-09T02:26:24.140+0000][1][safepoint    ] Entering safepoint region: RevokeBias
[2019-12-09T02:26:24.140+0000][1][safepoint    ] Leaving safepoint region
[2019-12-09T02:26:24.140+0000][1][safepoint    ] Total time for which application threads were stopped: 0.0001029 seconds, Stopping threads took: 0.0000111 seconds
[2019-12-09T02:26:24.180+0000][1][safepoint    ] Application time: 0.0393647 seconds
[2019-12-09T02:26:24.180+0000][1][safepoint    ] Entering safepoint region: RevokeBias
[2019-12-09T02:26:24.180+0000][1][safepoint    ] Leaving safepoint region
[2019-12-09T02:26:24.180+0000][1][safepoint    ] Total time for which application threads were stopped: 0.0001295 seconds, Stopping threads took: 0.0000150 seconds
[2019-12-09T02:26:24.196+0000][1][safepoint    ] Application time: 0.0158698 seconds
[2019-12-09T02:26:24.196+0000][1][safepoint    ] Entering safepoint region: RevokeBias
[2019-12-09T02:26:24.196+0000][1][safepoint    ] Leaving safepoint region
[2019-12-09T02:26:24.196+0000][1][safepoint    ] Total time for which application threads were stopped: 0.0001193 seconds, Stopping threads took: 0.0000475 seconds
[2019-12-09T02:26:24.196+0000][1][safepoint    ] Application time: 0.0000684 seconds
[2019-12-09T02:26:24.196+0000][1][safepoint    ] Entering safepoint region: RevokeBias
[2019-12-09T02:26:24.196+0000][1][safepoint    ] Leaving safepoint region
[2019-12-09T02:26:24.196+0000][1][safepoint    ] Total time for which application threads were stopped: 0.0000416 seconds, Stopping threads took: 0.0000079 seconds
[2019-12-09T02:26:24.196+0000][1][safepoint    ] Application time: 0.0000545 seconds
[2019-12-09T02:26:24.196+0000][1][safepoint    ] Entering safepoint region: RevokeBias
[2019-12-09T02:26:24.196+0000][1][safepoint    ] Leaving safepoint region
[2019-12-09T02:26:24.196+0000][1][safepoint    ] Total time for which application threads were stopped: 0.0000378 seconds, Stopping threads took: 0.0000074 seconds
[2019-12-09T02:26:24.196+0000][1][safepoint    ] Application time: 0.0000496 seconds
[2019-12-09T02:26:24.196+0000][1][safepoint    ] Entering safepoint region: RevokeBias
[2019-12-09T02:26:24.196+0000][1][safepoint    ] Leaving safepoint region
[2019-12-09T02:26:24.196+0000][1][safepoint    ] Total time for which application threads were stopped: 0.0000375 seconds, Stopping threads took: 0.0000073 seconds
[2019-12-09T02:26:24.196+0000][1][safepoint    ] Application time: 0.0000496 seconds
[2019-12-09T02:26:24.196+0000][1][safepoint    ] Entering safepoint region: RevokeBias
[2019-12-09T02:26:24.196+0000][1][safepoint    ] Leaving safepoint region
[2019-12-09T02:26:24.196+0000][1][safepoint    ] Total time for which application threads were stopped: 0.0000365 seconds, Stopping threads took: 0.0000071 seconds
[2019-12-09T02:26:24.196+0000][1][safepoint    ] Application time: 0.0000535 seconds
[2019-12-09T02:26:24.196+0000][1][safepoint    ] Entering safepoint region: RevokeBias
[2019-12-09T02:26:24.196+0000][1][safepoint    ] Leaving safepoint region
[2019-12-09T02:26:24.196+0000][1][safepoint    ] Total time for which application threads were stopped: 0.0000367 seconds, Stopping threads took: 0.0000072 seconds
[2019-12-09T02:26:24.197+0000][1][safepoint    ] Application time: 0.0000501 seconds
[2019-12-09T02:26:24.197+0000][1][safepoint    ] Entering safepoint region: RevokeBias
[2019-12-09T02:26:24.197+0000][1][safepoint    ] Leaving safepoint region
[2019-12-09T02:26:24.197+0000][1][safepoint    ] Total time for which application threads were stopped: 0.0000371 seconds, Stopping threads took: 0.0000074 seconds
[2019-12-09T02:26:24.197+0000][1][safepoint    ] Application time: 0.0000497 seconds
[2019-12-09T02:26:24.197+0000][1][safepoint    ] Entering safepoint region: RevokeBias
[2019-12-09T02:26:24.197+0000][1][safepoint    ] Leaving safepoint region
[2019-12-09T02:26:24.197+0000][1][safepoint    ] Total time for which application threads were stopped: 0.0000586 seconds, Stopping threads took: 0.0000073 seconds
[2019-12-09T02:26:24.197+0000][1][safepoint    ] Application time: 0.0000534 seconds
[2019-12-09T02:26:24.197+0000][1][safepoint    ] Entering safepoint region: RevokeBias
[2019-12-09T02:26:24.197+0000][1][safepoint    ] Leaving safepoint region
[2019-12-09T02:26:24.197+0000][1][safepoint    ] Total time for which application threads were stopped: 0.0000483 seconds, Stopping threads took: 0.0000080 seconds
[2019-12-09T02:26:24.197+0000][1][safepoint    ] Application time: 0.0001242 seconds
[2019-12-09T02:26:24.197+0000][1][safepoint    ] Entering safepoint region: RevokeBias
[2019-12-09T02:26:24.197+0000][1][safepoint    ] Leaving safepoint region
[2019-12-09T02:26:24.197+0000][1][safepoint    ] Total time for which application threads were stopped: 0.0000449 seconds, Stopping threads took: 0.0000086 seconds
[2019-12-09T02:26:24.197+0000][1][safepoint    ] Application time: 0.0000551 seconds
[2019-12-09T02:26:24.197+0000][1][safepoint    ] Entering safepoint region: RevokeBias
[2019-12-09T02:26:24.197+0000][1][safepoint    ] Leaving safepoint region
[2019-12-09T02:26:24.197+0000][1][safepoint    ] Total time for which application threads were stopped: 0.0000354 seconds, Stopping threads took: 0.0000077 seconds
[2019-12-09T02:26:24.197+0000][1][safepoint    ] Application time: 0.0000519 seconds
[2019-12-09T02:26:24.197+0000][1][safepoint    ] Entering safepoint region: RevokeBias
[2019-12-09T02:26:24.197+0000][1][safepoint    ] Leaving safepoint region
[2019-12-09T02:26:24.197+0000][1][safepoint    ] Total time for which application threads were stopped: 0.0000331 seconds, Stopping threads took: 0.0000076 seconds
[2019-12-09T02:26:24.197+0000][1][safepoint    ] Application time: 0.0000520 seconds
[2019-12-09T02:26:24.197+0000][1][safepoint    ] Entering safepoint region: RevokeBias
[2019-12-09T02:26:24.197+0000][1][safepoint    ] Leaving safepoint region
[2019-12-09T02:26:24.197+0000][1][safepoint    ] Total time for which application threads were stopped: 0.0000353 seconds, Stopping threads took: 0.0000081 seconds
[2019-12-09T02:26:24.197+0000][1][safepoint    ] Application time: 0.0000525 seconds
[2019-12-09T02:26:24.197+0000][1][safepoint    ] Entering safepoint region: RevokeBias
[2019-12-09T02:26:24.197+0000][1][safepoint    ] Leaving safepoint region
[2019-12-09T02:26:24.197+0000][1][safepoint    ] Total time for which application threads were stopped: 0.0000331 seconds, Stopping threads took: 0.0000076 seconds
[2019-12-09T02:26:24.197+0000][1][safepoint    ] Application time: 0.0000500 seconds
[2019-12-09T02:26:24.197+0000][1][safepoint    ] Entering safepoint region: RevokeBias
[2019-12-09T02:26:24.198+0000][1][safepoint    ] Leaving safepoint region
[2019-12-09T02:26:24.198+0000][1][safepoint    ] Total time for which application threads were stopped: 0.0000340 seconds, Stopping threads took: 0.0000077 seconds
[2019-12-09T02:26:24.198+0000][1][safepoint    ] Application time: 0.0000508 seconds
[2019-12-09T02:26:24.198+0000][1][safepoint    ] Entering safepoint region: RevokeBias
[2019-12-09T02:26:24.198+0000][1][safepoint    ] Leaving safepoint region
[2019-12-09T02:26:24.198+0000][1][safepoint    ] Total time for which application threads were stopped: 0.0000334 seconds, Stopping threads took: 0.0000075 seconds
[2019-12-09T02:26:24.198+0000][1][safepoint    ] Application time: 0.0000639 seconds
[2019-12-09T02:26:24.198+0000][1][safepoint    ] Entering safepoint region: RevokeBias
[2019-12-09T02:26:24.198+0000][1][safepoint    ] Leaving safepoint region
[2019-12-09T02:26:24.198+0000][1][safepoint    ] Total time for which application threads were stopped: 0.0000355 seconds, Stopping threads took: 0.0000081 seconds
[2019-12-09T02:26:24.198+0000][1][safepoint    ] Application time: 0.0000510 seconds
[2019-12-09T02:26:24.198+0000][1][safepoint    ] Entering safepoint region: RevokeBias
[2019-12-09T02:26:24.198+0000][1][safepoint    ] Leaving safepoint region
[2019-12-09T02:26:24.198+0000][1][safepoint    ] Total time for which application threads were stopped: 0.0000332 seconds, Stopping threads took: 0.0000074 seconds
[2019-12-09T02:26:24.198+0000][1][safepoint    ] Application time: 0.0000498 seconds
[2019-12-09T02:26:24.198+0000][1][safepoint    ] Entering safepoint region: RevokeBias
[2019-12-09T02:26:24.198+0000][1][safepoint    ] Leaving safepoint region
[2019-12-09T02:26:24.198+0000][1][safepoint    ] Total time for which application threads were stopped: 0.0000396 seconds, Stopping threads took: 0.0000135 seconds
[2019-12-09T02:26:24.198+0000][1][safepoint    ] Application time: 0.0000722 seconds
[2019-12-09T02:26:24.198+0000][1][safepoint    ] Entering safepoint region: BulkRevokeBias
[2019-12-09T02:26:24.198+0000][1][safepoint    ] Leaving safepoint region
[2019-12-09T02:26:24.198+0000][1][safepoint    ] Total time for which application threads were stopped: 0.0001215 seconds, Stopping threads took: 0.0000083 seconds
[2019-12-09T02:26:24.199+0000][1][safepoint    ] Application time: 0.0012473 seconds
[2019-12-09T02:26:24.199+0000][1][safepoint    ] Entering safepoint region: RevokeBias
[2019-12-09T02:26:24.200+0000][1][safepoint    ] Leaving safepoint region
[2019-12-09T02:26:24.200+0000][1][safepoint    ] Total time for which application threads were stopped: 0.0000915 seconds, Stopping threads took: 0.0000120 seconds
[2019-12-09T02:26:24.202+0000][1][safepoint    ] Application time: 0.0026335 seconds
[2019-12-09T02:26:24.202+0000][1][safepoint    ] Entering safepoint region: RevokeBias
[2019-12-09T02:26:24.202+0000][1][safepoint    ] Leaving safepoint region
[2019-12-09T02:26:24.202+0000][1][safepoint    ] Total time for which application threads were stopped: 0.0001538 seconds, Stopping threads took: 0.0000119 seconds
[2019-12-09T02:26:24.202+0000][1][safepoint    ] Application time: 0.0000734 seconds
[2019-12-09T02:26:24.202+0000][1][safepoint    ] Entering safepoint region: RevokeBias
[2019-12-09T02:26:24.203+0000][1][safepoint    ] Leaving safepoint region
[2019-12-09T02:26:24.203+0000][1][safepoint    ] Total time for which application threads were stopped: 0.0000808 seconds, Stopping threads took: 0.0000094 seconds
[2019-12-09T02:26:24.238+0000][1][safepoint    ] Application time: 0.0354602 seconds
[2019-12-09T02:26:24.238+0000][1][safepoint    ] Entering safepoint region: RevokeBias
[2019-12-09T02:26:24.238+0000][1][safepoint    ] Leaving safepoint region
[2019-12-09T02:26:24.238+0000][1][safepoint    ] Total time for which application threads were stopped: 0.0004229 seconds, Stopping threads took: 0.0003490 seconds
[2019-12-09T02:26:24.239+0000][1][safepoint    ] Application time: 0.0003259 seconds
[2019-12-09T02:26:24.239+0000][1][safepoint    ] Entering safepoint region: RevokeBias
[2019-12-09T02:26:24.239+0000][1][safepoint    ] Leaving safepoint region
[2019-12-09T02:26:24.239+0000][1][safepoint    ] Total time for which application threads were stopped: 0.0000523 seconds, Stopping threads took: 0.0000122 seconds
[2019-12-09T02:26:24.258+0000][1][safepoint    ] Application time: 0.0187478 seconds
[2019-12-09T02:26:24.258+0000][1][safepoint    ] Entering safepoint region: RevokeBias
[2019-12-09T02:26:24.258+0000][1][safepoint    ] Leaving safepoint region
[2019-12-09T02:26:24.258+0000][1][safepoint    ] Total time for which application threads were stopped: 0.0000977 seconds, Stopping threads took: 0.0000577 seconds
[2019-12-09T02:26:24.306+0000][1][safepoint    ] Application time: 0.0483859 seconds
[2019-12-09T02:26:24.306+0000][1][safepoint    ] Entering safepoint region: RevokeBias
[2019-12-09T02:26:24.306+0000][1][safepoint    ] Leaving safepoint region
[2019-12-09T02:26:24.306+0000][1][safepoint    ] Total time for which application threads were stopped: 0.0000603 seconds, Stopping threads took: 0.0000147 seconds
[2019-12-09T02:26:24.494+0000][1][safepoint    ] Application time: 0.1874572 seconds
[2019-12-09T02:26:24.494+0000][1][safepoint    ] Entering safepoint region: RevokeBias
[2019-12-09T02:26:24.494+0000][1][safepoint    ] Leaving safepoint region
[2019-12-09T02:26:24.494+0000][1][safepoint    ] Total time for which application threads were stopped: 0.0001473 seconds, Stopping threads took: 0.0000541 seconds
[2019-12-09T02:26:24.524+0000][1][safepoint    ] Application time: 0.0297986 seconds
[2019-12-09T02:26:24.658+0000][1][safepoint    ] Entering safepoint region: RevokeBias
[2019-12-09T02:26:24.658+0000][1][safepoint    ] Leaving safepoint region
[2019-12-09T02:26:24.658+0000][1][safepoint    ] Total time for which application threads were stopped: 0.1341310 seconds, Stopping threads took: 0.1340548 seconds
[2019-12-09T02:26:25.045+0000][1][safepoint    ] Application time: 0.3872254 seconds
[2019-12-09T02:26:25.045+0000][1][safepoint    ] Entering safepoint region: RevokeBias
[2019-12-09T02:26:25.045+0000][1][safepoint    ] Leaving safepoint region
[2019-12-09T02:26:25.045+0000][1][safepoint    ] Total time for which application threads were stopped: 0.0000770 seconds, Stopping threads took: 0.0000157 seconds
[2019-12-09T02:26:25.715+0000][1][safepoint    ] Application time: 0.6697247 seconds
[2019-12-09T02:26:25.770+0000][1][safepoint    ] Entering safepoint region: RevokeBias
[2019-12-09T02:26:25.771+0000][1][safepoint    ] Leaving safepoint region
[2019-12-09T02:26:25.771+0000][1][safepoint    ] Total time for which application threads were stopped: 0.0555290 seconds, Stopping threads took: 0.0554528 seconds
[2019-12-09T02:26:25.786+0000][1][safepoint    ] Application time: 0.0152519 seconds
[2019-12-09T02:26:25.839+0000][1][safepoint    ] Entering safepoint region: RevokeBias
[2019-12-09T02:26:25.839+0000][1][safepoint    ] Leaving safepoint region
[2019-12-09T02:26:25.839+0000][1][safepoint    ] Total time for which application threads were stopped: 0.0529997 seconds, Stopping threads took: 0.0529266 seconds
[2019-12-09T02:26:25.899+0000][1][safepoint    ] Application time: 0.0605019 seconds
[2019-12-09T02:26:25.899+0000][1][safepoint    ] Entering safepoint region: GenCollectForAllocation
[2019-12-09T02:26:25.899+0000][1][gc,start     ] GC(20) Pause Young (Allocation Failure)
[2019-12-09T02:26:25.899+0000][1][gc,task      ] GC(20) Using 2 workers of 2 for evacuation
[2019-12-09T02:26:26.106+0000][1][gc,age       ] GC(20) Desired survivor size 4456448 bytes, new threshold 2 (max threshold 6)
[2019-12-09T02:26:26.107+0000][1][gc,age       ] GC(20) Age table with threshold 2 (max threshold 6)
[2019-12-09T02:26:26.107+0000][1][gc,age       ] GC(20) - age   1:    2834896 bytes,    2834896 total
[2019-12-09T02:26:26.107+0000][1][gc,age       ] GC(20) - age   2:    2432456 bytes,    5267352 total
[2019-12-09T02:26:26.107+0000][1][gc,heap      ] GC(20) ParNew: 75755K->7311K(78656K)
[2019-12-09T02:26:26.107+0000][1][gc,heap      ] GC(20) CMS: 54602K->57744K(174784K)
[2019-12-09T02:26:26.107+0000][1][gc,metaspace ] GC(20) Metaspace: 48414K->48414K(1093632K)
[2019-12-09T02:26:26.107+0000][1][gc           ] GC(20) Pause Young (Allocation Failure) 127M->63M(247M) 207.149ms
[2019-12-09T02:26:26.107+0000][1][gc,cpu       ] GC(20) User=0.06s Sys=0.00s Real=0.21s
[2019-12-09T02:26:26.107+0000][1][safepoint    ] Leaving safepoint region
[2019-12-09T02:26:26.107+0000][1][safepoint    ] Total time for which application threads were stopped: 0.2072851 seconds, Stopping threads took: 0.0000142 seconds
[2019-12-09T02:26:26.869+0000][1][safepoint    ] Application time: 0.7623407 seconds
[2019-12-09T02:26:26.891+0000][1][safepoint    ] Entering safepoint region: RevokeBias
[2019-12-09T02:26:26.891+0000][1][safepoint    ] Leaving safepoint region
[2019-12-09T02:26:26.891+0000][1][safepoint    ] Total time for which application threads were stopped: 0.0222153 seconds, Stopping threads took: 0.0217539 seconds
[2019-12-09T02:26:27.030+0000][1][safepoint    ] Application time: 0.1386281 seconds
[2019-12-09T02:26:27.030+0000][1][safepoint    ] Entering safepoint region: RevokeBias
[2019-12-09T02:26:27.030+0000][1][safepoint    ] Leaving safepoint region
[2019-12-09T02:26:27.030+0000][1][safepoint    ] Total time for which application threads were stopped: 0.0000730 seconds, Stopping threads took: 0.0000157 seconds
[2019-12-09T02:26:27.784+0000][1][safepoint    ] Application time: 0.7538791 seconds
[2019-12-09T02:26:27.784+0000][1][safepoint    ] Entering safepoint region: RevokeBias
[2019-12-09T02:26:27.784+0000][1][safepoint    ] Leaving safepoint region
[2019-12-09T02:26:27.784+0000][1][safepoint    ] Total time for which application threads were stopped: 0.0000685 seconds, Stopping threads took: 0.0000139 seconds
[2019-12-09T02:26:27.785+0000][1][safepoint    ] Application time: 0.0010060 seconds
[2019-12-09T02:26:27.785+0000][1][safepoint    ] Entering safepoint region: RevokeBias
[2019-12-09T02:26:27.785+0000][1][safepoint    ] Leaving safepoint region
[2019-12-09T02:26:27.785+0000][1][safepoint    ] Total time for which application threads were stopped: 0.0000628 seconds, Stopping threads took: 0.0000141 seconds
[2019-12-09T02:26:27.868+0000][1][safepoint    ] Application time: 0.0827542 seconds
[2019-12-09T02:26:27.868+0000][1][safepoint    ] Entering safepoint region: RevokeBias
[2019-12-09T02:26:27.868+0000][1][safepoint    ] Leaving safepoint region
[2019-12-09T02:26:27.868+0000][1][safepoint    ] Total time for which application threads were stopped: 0.0000679 seconds, Stopping threads took: 0.0000144 seconds
[2019-12-09T02:26:27.874+0000][1][safepoint    ] Application time: 0.0057541 seconds
[2019-12-09T02:26:27.874+0000][1][safepoint    ] Entering safepoint region: RevokeBias
[2019-12-09T02:26:27.874+0000][1][safepoint    ] Leaving safepoint region
[2019-12-09T02:26:27.874+0000][1][safepoint    ] Total time for which application threads were stopped: 0.0000613 seconds, Stopping threads took: 0.0000143 seconds
[2019-12-09T02:26:27.915+0000][1][safepoint    ] Application time: 0.0406756 seconds
[2019-12-09T02:26:27.915+0000][1][safepoint    ] Entering safepoint region: RevokeBias
[2019-12-09T02:26:27.915+0000][1][safepoint    ] Leaving safepoint region
[2019-12-09T02:26:27.915+0000][1][safepoint    ] Total time for which application threads were stopped: 0.0000606 seconds, Stopping threads took: 0.0000143 seconds
[2019-12-09T02:26:27.939+0000][1][safepoint    ] Application time: 0.0242320 seconds
[2019-12-09T02:26:27.953+0000][1][safepoint    ] Entering safepoint region: RevokeBias
[2019-12-09T02:26:27.953+0000][1][safepoint    ] Leaving safepoint region
[2019-12-09T02:26:27.953+0000][1][safepoint    ] Total time for which application threads were stopped: 0.0142327 seconds, Stopping threads took: 0.0141741 seconds
[2019-12-09T02:26:27.956+0000][1][safepoint    ] Application time: 0.0024482 seconds
[2019-12-09T02:26:27.956+0000][1][safepoint    ] Entering safepoint region: RevokeBias
[2019-12-09T02:26:27.956+0000][1][safepoint    ] Leaving safepoint region
[2019-12-09T02:26:27.956+0000][1][safepoint    ] Total time for which application threads were stopped: 0.0000565 seconds, Stopping threads took: 0.0000133 seconds
[2019-12-09T02:26:28.009+0000][1][safepoint    ] Application time: 0.0535427 seconds
[2019-12-09T02:26:28.009+0000][1][safepoint    ] Entering safepoint region: RevokeBias
[2019-12-09T02:26:28.009+0000][1][safepoint    ] Leaving safepoint region
[2019-12-09T02:26:28.009+0000][1][safepoint    ] Total time for which application threads were stopped: 0.0000717 seconds, Stopping threads took: 0.0000157 seconds
[2019-12-09T02:26:28.110+0000][1][safepoint    ] Application time: 0.1008232 seconds
[2019-12-09T02:26:28.110+0000][1][safepoint    ] Entering safepoint region: RevokeBias
[2019-12-09T02:26:28.110+0000][1][safepoint    ] Leaving safepoint region
[2019-12-09T02:26:28.110+0000][1][safepoint    ] Total time for which application threads were stopped: 0.0000685 seconds, Stopping threads took: 0.0000147 seconds
[2019-12-09T02:26:29.123+0000][1][safepoint    ] Application time: 1.0124350 seconds
[2019-12-09T02:26:29.123+0000][1][safepoint    ] Entering safepoint region: Cleanup
[2019-12-09T02:26:29.123+0000][1][safepoint    ] Leaving safepoint region
[2019-12-09T02:26:29.123+0000][1][safepoint    ] Total time for which application threads were stopped: 0.0005734 seconds, Stopping threads took: 0.0000961 seconds
[2019-12-09T02:26:30.131+0000][1][safepoint    ] Application time: 1.0074315 seconds
[2019-12-09T02:26:30.159+0000][1][safepoint    ] Entering safepoint region: Cleanup
[2019-12-09T02:26:30.159+0000][1][safepoint    ] Leaving safepoint region
[2019-12-09T02:26:30.159+0000][1][safepoint    ] Total time for which application threads were stopped: 0.0283047 seconds, Stopping threads took: 0.0282434 seconds
[2019-12-09T02:26:30.277+0000][1][safepoint    ] Application time: 0.1178905 seconds
[2019-12-09T02:26:30.277+0000][1][safepoint    ] Entering safepoint region: RevokeBias
[2019-12-09T02:26:30.277+0000][1][safepoint    ] Leaving safepoint region
[2019-12-09T02:26:30.277+0000][1][safepoint    ] Total time for which application threads were stopped: 0.0000705 seconds, Stopping threads took: 0.0000163 seconds
[2019-12-09T02:26:30.511+0000][1][safepoint    ] Application time: 0.2337833 seconds
[2019-12-09T02:26:30.511+0000][1][safepoint    ] Entering safepoint region: RevokeBias
[2019-12-09T02:26:30.511+0000][1][safepoint    ] Leaving safepoint region
[2019-12-09T02:26:30.511+0000][1][safepoint    ] Total time for which application threads were stopped: 0.0000771 seconds, Stopping threads took: 0.0000150 seconds
[2019-12-09T02:26:30.528+0000][1][safepoint    ] Application time: 0.0169680 seconds
[2019-12-09T02:26:30.528+0000][1][safepoint    ] Entering safepoint region: RevokeBias
[2019-12-09T02:26:30.528+0000][1][safepoint    ] Leaving safepoint region
[2019-12-09T02:26:30.528+0000][1][safepoint    ] Total time for which application threads were stopped: 0.0000623 seconds, Stopping threads took: 0.0000128 seconds
[2019-12-09T02:26:31.533+0000][1][safepoint    ] Application time: 1.0046265 seconds
[2019-12-09T02:26:31.552+0000][1][safepoint    ] Entering safepoint region: Cleanup
[2019-12-09T02:26:31.552+0000][1][safepoint    ] Leaving safepoint region
[2019-12-09T02:26:31.552+0000][1][safepoint    ] Total time for which application threads were stopped: 0.0192381 seconds, Stopping threads took: 0.0191628 seconds
[2019-12-09T02:26:32.011+0000][1][safepoint    ] Application time: 0.4585788 seconds
[2019-12-09T02:26:32.011+0000][1][safepoint    ] Entering safepoint region: RevokeBias
[2019-12-09T02:26:32.011+0000][1][safepoint    ] Leaving safepoint region
[2019-12-09T02:26:32.011+0000][1][safepoint    ] Total time for which application threads were stopped: 0.0001214 seconds, Stopping threads took: 0.0000188 seconds
[2019-12-09T02:26:32.030+0000][1][safepoint    ] Application time: 0.0189391 seconds
[2019-12-09T02:26:32.030+0000][1][safepoint    ] Entering safepoint region: BulkRevokeBias
[2019-12-09T02:26:32.030+0000][1][safepoint    ] Leaving safepoint region
[2019-12-09T02:26:32.030+0000][1][safepoint    ] Total time for which application threads were stopped: 0.0001960 seconds, Stopping threads took: 0.0000150 seconds
[2019-12-09T02:26:32.223+0000][1][safepoint    ] Application time: 0.1927582 seconds
[2019-12-09T02:26:32.223+0000][1][safepoint    ] Entering safepoint region: GenCollectForAllocation
[2019-12-09T02:26:32.223+0000][1][gc,start     ] GC(21) Pause Young (Allocation Failure)
[2019-12-09T02:26:32.223+0000][1][gc,task      ] GC(21) Using 2 workers of 2 for evacuation
[2019-12-09T02:26:32.483+0000][1][gc,age       ] GC(21) Desired survivor size 4456448 bytes, new threshold 2 (max threshold 6)
[2019-12-09T02:26:32.483+0000][1][gc,age       ] GC(21) Age table with threshold 2 (max threshold 6)
[2019-12-09T02:26:32.483+0000][1][gc,age       ] GC(21) - age   1:    1833696 bytes,    1833696 total
[2019-12-09T02:26:32.483+0000][1][gc,age       ] GC(21) - age   2:    2765544 bytes,    4599240 total
[2019-12-09T02:26:32.483+0000][1][gc,heap      ] GC(21) ParNew: 77263K->5076K(78656K)
[2019-12-09T02:26:32.483+0000][1][gc,heap      ] GC(21) CMS: 57744K->60185K(174784K)
[2019-12-09T02:26:32.483+0000][1][gc,metaspace ] GC(21) Metaspace: 56387K->56387K(1099776K)
[2019-12-09T02:26:32.483+0000][1][gc           ] GC(21) Pause Young (Allocation Failure) 131M->63M(247M) 259.951ms
[2019-12-09T02:26:32.483+0000][1][gc,cpu       ] GC(21) User=0.06s Sys=0.00s Real=0.26s
[2019-12-09T02:26:32.483+0000][1][safepoint    ] Leaving safepoint region
[2019-12-09T02:26:32.483+0000][1][safepoint    ] Total time for which application threads were stopped: 0.2600947 seconds, Stopping threads took: 0.0000170 seconds
[2019-12-09T02:26:32.795+0000][1][safepoint    ] Application time: 0.3121667 seconds
[2019-12-09T02:26:32.888+0000][1][safepoint    ] Entering safepoint region: RevokeBias
[2019-12-09T02:26:32.888+0000][1][safepoint    ] Leaving safepoint region
[2019-12-09T02:26:32.888+0000][1][safepoint    ] Total time for which application threads were stopped: 0.0929031 seconds, Stopping threads took: 0.0927236 seconds
[2019-12-09T02:26:32.888+0000][1][safepoint    ] Application time: 0.0000909 seconds
[2019-12-09T02:26:32.888+0000][1][safepoint    ] Entering safepoint region: RevokeBias
[2019-12-09T02:26:32.888+0000][1][safepoint    ] Leaving safepoint region
[2019-12-09T02:26:32.888+0000][1][safepoint    ] Total time for which application threads were stopped: 0.0001113 seconds, Stopping threads took: 0.0000110 seconds
[2019-12-09T02:26:32.888+0000][1][safepoint    ] Application time: 0.0002155 seconds
[2019-12-09T02:26:32.888+0000][1][safepoint    ] Entering safepoint region: RevokeBias
[2019-12-09T02:26:32.889+0000][1][safepoint    ] Leaving safepoint region
[2019-12-09T02:26:32.889+0000][1][safepoint    ] Total time for which application threads were stopped: 0.0001075 seconds, Stopping threads took: 0.0000115 seconds
[2019-12-09T02:26:33.892+0000][1][safepoint    ] Application time: 1.0031679 seconds
[2019-12-09T02:26:33.894+0000][1][safepoint    ] Entering safepoint region: Cleanup
[2019-12-09T02:26:33.895+0000][1][safepoint    ] Leaving safepoint region
[2019-12-09T02:26:33.895+0000][1][safepoint    ] Total time for which application threads were stopped: 0.0033110 seconds, Stopping threads took: 0.0022244 seconds
[2019-12-09T02:26:34.903+0000][1][safepoint    ] Application time: 1.0076524 seconds
[2019-12-09T02:26:34.903+0000][1][safepoint    ] Entering safepoint region: Cleanup
[2019-12-09T02:26:34.903+0000][1][safepoint    ] Leaving safepoint region
[2019-12-09T02:26:34.903+0000][1][safepoint    ] Total time for which application threads were stopped: 0.0002751 seconds, Stopping threads took: 0.0002015 seconds
[2019-12-09T02:26:35.021+0000][1][safepoint    ] Application time: 0.1182939 seconds
[2019-12-09T02:26:35.021+0000][1][safepoint    ] Entering safepoint region: Deoptimize
[2019-12-09T02:26:35.022+0000][1][safepoint    ] Leaving safepoint region
[2019-12-09T02:26:35.022+0000][1][safepoint    ] Total time for which application threads were stopped: 0.0006389 seconds, Stopping threads took: 0.0000151 seconds
[2019-12-09T02:26:36.027+0000][1][safepoint    ] Application time: 1.0047157 seconds
[2019-12-09T02:26:36.140+0000][1][safepoint    ] Entering safepoint region: Cleanup
[2019-12-09T02:26:36.140+0000][1][safepoint    ] Leaving safepoint region
[2019-12-09T02:26:36.140+0000][1][safepoint    ] Total time for which application threads were stopped: 0.1131268 seconds, Stopping threads took: 0.1130482 seconds
[2019-12-09T02:26:37.148+0000][1][safepoint    ] Application time: 1.0081076 seconds
[2019-12-09T02:26:37.230+0000][1][safepoint    ] Entering safepoint region: Cleanup
[2019-12-09T02:26:37.230+0000][1][safepoint    ] Leaving safepoint region
[2019-12-09T02:26:37.230+0000][1][safepoint    ] Total time for which application threads were stopped: 0.0818352 seconds, Stopping threads took: 0.0817564 seconds
[2019-12-09T02:26:38.235+0000][1][safepoint    ] Application time: 1.0048337 seconds
[2019-12-09T02:26:38.271+0000][1][safepoint    ] Entering safepoint region: Cleanup
[2019-12-09T02:26:38.271+0000][1][safepoint    ] Leaving safepoint region
[2019-12-09T02:26:38.271+0000][1][safepoint    ] Total time for which application threads were stopped: 0.0361324 seconds, Stopping threads took: 0.0360223 seconds
[2019-12-09T02:26:39.015+0000][1][safepoint    ] Application time: 0.7445240 seconds
[2019-12-09T02:26:39.015+0000][1][safepoint    ] Entering safepoint region: RevokeBias
[2019-12-09T02:26:39.016+0000][1][safepoint    ] Leaving safepoint region
[2019-12-09T02:26:39.016+0000][1][safepoint    ] Total time for which application threads were stopped: 0.0000815 seconds, Stopping threads took: 0.0000159 seconds
[2019-12-09T02:26:39.921+0000][1][safepoint    ] Application time: 0.9057026 seconds
[2019-12-09T02:26:39.921+0000][1][safepoint    ] Entering safepoint region: RevokeBias
[2019-12-09T02:26:39.921+0000][1][safepoint    ] Leaving safepoint region
[2019-12-09T02:26:39.921+0000][1][safepoint    ] Total time for which application threads were stopped: 0.0002223 seconds, Stopping threads took: 0.0001033 seconds
[2019-12-09T02:26:39.922+0000][1][safepoint    ] Application time: 0.0000924 seconds
[2019-12-09T02:26:39.922+0000][1][safepoint    ] Entering safepoint region: RevokeBias
[2019-12-09T02:26:39.922+0000][1][safepoint    ] Leaving safepoint region
[2019-12-09T02:26:39.922+0000][1][safepoint    ] Total time for which application threads were stopped: 0.0001132 seconds, Stopping threads took: 0.0000095 seconds
[2019-12-09T02:26:39.922+0000][1][safepoint    ] Application time: 0.0000695 seconds
[2019-12-09T02:26:39.922+0000][1][safepoint    ] Entering safepoint region: RevokeBias
[2019-12-09T02:26:39.922+0000][1][safepoint    ] Leaving safepoint region
[2019-12-09T02:26:39.922+0000][1][safepoint    ] Total time for which application threads were stopped: 0.0000721 seconds, Stopping threads took: 0.0000091 seconds
[2019-12-09T02:26:39.922+0000][1][safepoint    ] Application time: 0.0000579 seconds
[2019-12-09T02:26:39.922+0000][1][safepoint    ] Entering safepoint region: RevokeBias
[2019-12-09T02:26:39.922+0000][1][safepoint    ] Leaving safepoint region
[2019-12-09T02:26:39.922+0000][1][safepoint    ] Total time for which application threads were stopped: 0.0000569 seconds, Stopping threads took: 0.0000084 seconds
[2019-12-09T02:26:39.922+0000][1][safepoint    ] Application time: 0.0000567 seconds
[2019-12-09T02:26:39.922+0000][1][safepoint    ] Entering safepoint region: RevokeBias
[2019-12-09T02:26:39.922+0000][1][safepoint    ] Leaving safepoint region
[2019-12-09T02:26:39.922+0000][1][safepoint    ] Total time for which application threads were stopped: 0.0000563 seconds, Stopping threads took: 0.0000082 seconds
[2019-12-09T02:26:39.922+0000][1][safepoint    ] Application time: 0.0000600 seconds
[2019-12-09T02:26:39.922+0000][1][safepoint    ] Entering safepoint region: RevokeBias
[2019-12-09T02:26:39.922+0000][1][safepoint    ] Leaving safepoint region
[2019-12-09T02:26:39.922+0000][1][safepoint    ] Total time for which application threads were stopped: 0.0000586 seconds, Stopping threads took: 0.0000086 seconds
[2019-12-09T02:26:39.922+0000][1][safepoint    ] Application time: 0.0000577 seconds
[2019-12-09T02:26:39.922+0000][1][safepoint    ] Entering safepoint region: RevokeBias
[2019-12-09T02:26:39.922+0000][1][safepoint    ] Leaving safepoint region
[2019-12-09T02:26:39.922+0000][1][safepoint    ] Total time for which application threads were stopped: 0.0000568 seconds, Stopping threads took: 0.0000081 seconds
[2019-12-09T02:26:39.922+0000][1][safepoint    ] Application time: 0.0000602 seconds
[2019-12-09T02:26:39.922+0000][1][safepoint    ] Entering safepoint region: RevokeBias
[2019-12-09T02:26:39.923+0000][1][safepoint    ] Leaving safepoint region
[2019-12-09T02:26:39.923+0000][1][safepoint    ] Total time for which application threads were stopped: 0.0000601 seconds, Stopping threads took: 0.0000085 seconds
[2019-12-09T02:26:39.938+0000][1][safepoint    ] Application time: 0.0150985 seconds
[2019-12-09T02:26:39.938+0000][1][safepoint    ] Entering safepoint region: Deoptimize
[2019-12-09T02:26:39.938+0000][1][safepoint    ] Leaving safepoint region
[2019-12-09T02:26:39.938+0000][1][safepoint    ] Total time for which application threads were stopped: 0.0006215 seconds, Stopping threads took: 0.0000279 seconds
[2019-12-09T02:26:39.988+0000][1][safepoint    ] Application time: 0.0496277 seconds
[2019-12-09T02:26:39.988+0000][1][safepoint    ] Entering safepoint region: BulkRevokeBias
[2019-12-09T02:26:39.988+0000][1][safepoint    ] Leaving safepoint region
[2019-12-09T02:26:39.988+0000][1][safepoint    ] Total time for which application threads were stopped: 0.0001956 seconds, Stopping threads took: 0.0000146 seconds
[2019-12-09T02:26:39.989+0000][1][safepoint    ] Application time: 0.0011934 seconds
[2019-12-09T02:26:39.989+0000][1][safepoint    ] Entering safepoint region: RevokeBias
[2019-12-09T02:26:39.989+0000][1][safepoint    ] Leaving safepoint region
[2019-12-09T02:26:39.989+0000][1][safepoint    ] Total time for which application threads were stopped: 0.0000704 seconds, Stopping threads took: 0.0000136 seconds
[2019-12-09T02:26:39.998+0000][1][safepoint    ] Application time: 0.0086844 seconds
[2019-12-09T02:26:39.998+0000][1][safepoint    ] Entering safepoint region: RevokeBias
[2019-12-09T02:26:39.998+0000][1][safepoint    ] Leaving safepoint region
[2019-12-09T02:26:39.998+0000][1][safepoint    ] Total time for which application threads were stopped: 0.0000698 seconds, Stopping threads took: 0.0000117 seconds
[2019-12-09T02:26:39.998+0000][1][safepoint    ] Application time: 0.0000643 seconds
[2019-12-09T02:26:39.998+0000][1][safepoint    ] Entering safepoint region: RevokeBias
[2019-12-09T02:26:39.998+0000][1][safepoint    ] Leaving safepoint region
[2019-12-09T02:26:39.998+0000][1][safepoint    ] Total time for which application threads were stopped: 0.0000545 seconds, Stopping threads took: 0.0000090 seconds
[2019-12-09T02:26:40.001+0000][1][safepoint    ] Application time: 0.0023289 seconds
[2019-12-09T02:26:40.001+0000][1][safepoint    ] Entering safepoint region: RevokeBias
[2019-12-09T02:26:40.001+0000][1][safepoint    ] Leaving safepoint region
[2019-12-09T02:26:40.001+0000][1][safepoint    ] Total time for which application threads were stopped: 0.0000692 seconds, Stopping threads took: 0.0000133 seconds
[2019-12-09T02:26:40.001+0000][1][safepoint    ] Application time: 0.0002315 seconds
[2019-12-09T02:26:40.001+0000][1][safepoint    ] Entering safepoint region: RevokeBias
[2019-12-09T02:26:40.001+0000][1][safepoint    ] Leaving safepoint region
[2019-12-09T02:26:40.001+0000][1][safepoint    ] Total time for which application threads were stopped: 0.0000662 seconds, Stopping threads took: 0.0000112 seconds
[2019-12-09T02:26:40.001+0000][1][safepoint    ] Application time: 0.0000603 seconds
[2019-12-09T02:26:40.001+0000][1][safepoint    ] Entering safepoint region: RevokeBias
[2019-12-09T02:26:40.001+0000][1][safepoint    ] Leaving safepoint region
[2019-12-09T02:26:40.001+0000][1][safepoint    ] Total time for which application threads were stopped: 0.0000571 seconds, Stopping threads took: 0.0000101 seconds
[2019-12-09T02:26:40.003+0000][1][safepoint    ] Application time: 0.0019021 seconds
[2019-12-09T02:26:40.003+0000][1][safepoint    ] Entering safepoint region: RevokeBias
[2019-12-09T02:26:40.003+0000][1][safepoint    ] Leaving safepoint region
[2019-12-09T02:26:40.003+0000][1][safepoint    ] Total time for which application threads were stopped: 0.0000698 seconds, Stopping threads took: 0.0000119 seconds
[2019-12-09T02:26:40.003+0000][1][safepoint    ] Application time: 0.0001042 seconds
[2019-12-09T02:26:40.003+0000][1][safepoint    ] Entering safepoint region: RevokeBias
[2019-12-09T02:26:40.003+0000][1][safepoint    ] Leaving safepoint region
[2019-12-09T02:26:40.003+0000][1][safepoint    ] Total time for which application threads were stopped: 0.0000525 seconds, Stopping threads took: 0.0000092 seconds
[2019-12-09T02:26:40.047+0000][1][safepoint    ] Application time: 0.0433443 seconds
[2019-12-09T02:26:40.117+0000][1][safepoint    ] Entering safepoint region: Deoptimize
[2019-12-09T02:26:40.118+0000][1][safepoint    ] Leaving safepoint region
[2019-12-09T02:26:40.118+0000][1][safepoint    ] Total time for which application threads were stopped: 0.0708373 seconds, Stopping threads took: 0.0702016 seconds
[2019-12-09T02:26:40.118+0000][1][safepoint    ] Application time: 0.0007440 seconds
[2019-12-09T02:26:40.118+0000][1][safepoint    ] Entering safepoint region: RevokeBias
[2019-12-09T02:26:40.119+0000][1][safepoint    ] Leaving safepoint region
[2019-12-09T02:26:40.119+0000][1][safepoint    ] Total time for which application threads were stopped: 0.0001185 seconds, Stopping threads took: 0.0000141 seconds
[2019-12-09T02:26:40.365+0000][1][safepoint    ] Application time: 0.2460689 seconds
[2019-12-09T02:26:40.374+0000][1][safepoint    ] Entering safepoint region: RevokeBias
[2019-12-09T02:26:40.374+0000][1][safepoint    ] Leaving safepoint region
[2019-12-09T02:26:40.374+0000][1][safepoint    ] Total time for which application threads were stopped: 0.0091894 seconds, Stopping threads took: 0.0091073 seconds
[2019-12-09T02:26:40.374+0000][1][safepoint    ] Application time: 0.0001614 seconds
[2019-12-09T02:26:40.374+0000][1][safepoint    ] Entering safepoint region: RevokeBias
[2019-12-09T02:26:40.374+0000][1][safepoint    ] Leaving safepoint region
[2019-12-09T02:26:40.374+0000][1][safepoint    ] Total time for which application threads were stopped: 0.0000831 seconds, Stopping threads took: 0.0000121 seconds
[2019-12-09T02:26:40.374+0000][1][safepoint    ] Application time: 0.0000527 seconds
[2019-12-09T02:26:40.374+0000][1][safepoint    ] Entering safepoint region: RevokeBias
[2019-12-09T02:26:40.374+0000][1][safepoint    ] Leaving safepoint region
[2019-12-09T02:26:40.374+0000][1][safepoint    ] Total time for which application threads were stopped: 0.0000648 seconds, Stopping threads took: 0.0000096 seconds
[2019-12-09T02:26:40.375+0000][1][safepoint    ] Application time: 0.0003099 seconds
[2019-12-09T02:26:40.375+0000][1][safepoint    ] Entering safepoint region: RevokeBias
[2019-12-09T02:26:40.375+0000][1][safepoint    ] Leaving safepoint region
[2019-12-09T02:26:40.375+0000][1][safepoint    ] Total time for which application threads were stopped: 0.0000799 seconds, Stopping threads took: 0.0000116 seconds
[2019-12-09T02:26:40.375+0000][1][safepoint    ] Application time: 0.0000651 seconds
[2019-12-09T02:26:40.375+0000][1][safepoint    ] Entering safepoint region: RevokeBias
[2019-12-09T02:26:40.375+0000][1][safepoint    ] Leaving safepoint region
[2019-12-09T02:26:40.375+0000][1][safepoint    ] Total time for which application threads were stopped: 0.0000627 seconds, Stopping threads took: 0.0000092 seconds
[2019-12-09T02:26:40.383+0000][1][safepoint    ] Application time: 0.0079023 seconds
[2019-12-09T02:26:40.383+0000][1][safepoint    ] Entering safepoint region: RevokeBias
[2019-12-09T02:26:40.383+0000][1][safepoint    ] Leaving safepoint region
[2019-12-09T02:26:40.383+0000][1][safepoint    ] Total time for which application threads were stopped: 0.0001307 seconds, Stopping threads took: 0.0000774 seconds
[2019-12-09T02:26:40.384+0000][1][safepoint    ] Application time: 0.0008512 seconds
[2019-12-09T02:26:40.384+0000][1][safepoint    ] Entering safepoint region: RevokeBias
[2019-12-09T02:26:40.384+0000][1][safepoint    ] Leaving safepoint region
[2019-12-09T02:26:40.384+0000][1][safepoint    ] Total time for which application threads were stopped: 0.0000988 seconds, Stopping threads took: 0.0000525 seconds
[2019-12-09T02:26:40.385+0000][1][safepoint    ] Application time: 0.0010197 seconds
[2019-12-09T02:26:40.385+0000][1][safepoint    ] Entering safepoint region: RevokeBias
[2019-12-09T02:26:40.385+0000][1][safepoint    ] Leaving safepoint region
[2019-12-09T02:26:40.385+0000][1][safepoint    ] Total time for which application threads were stopped: 0.0000565 seconds, Stopping threads took: 0.0000121 seconds
[2019-12-09T02:26:40.402+0000][1][safepoint    ] Application time: 0.0171541 seconds
[2019-12-09T02:26:40.402+0000][1][safepoint    ] Entering safepoint region: RevokeBias
[2019-12-09T02:26:40.402+0000][1][safepoint    ] Leaving safepoint region
[2019-12-09T02:26:40.402+0000][1][safepoint    ] Total time for which application threads were stopped: 0.0001096 seconds, Stopping threads took: 0.0000556 seconds
[2019-12-09T02:26:40.472+0000][1][safepoint    ] Application time: 0.0697337 seconds
[2019-12-09T02:26:40.494+0000][1][safepoint    ] Entering safepoint region: RevokeBias
[2019-12-09T02:26:40.494+0000][1][safepoint    ] Leaving safepoint region
[2019-12-09T02:26:40.494+0000][1][safepoint    ] Total time for which application threads were stopped: 0.0219756 seconds, Stopping threads took: 0.0218660 seconds
[2019-12-09T02:26:40.494+0000][1][safepoint    ] Application time: 0.0004650 seconds
[2019-12-09T02:26:40.509+0000][1][safepoint    ] Entering safepoint region: RevokeBias
[2019-12-09T02:26:40.509+0000][1][safepoint    ] Leaving safepoint region
[2019-12-09T02:26:40.509+0000][1][safepoint    ] Total time for which application threads were stopped: 0.0149494 seconds, Stopping threads took: 0.0148258 seconds
[2019-12-09T02:26:40.549+0000][1][safepoint    ] Application time: 0.0396390 seconds
[2019-12-09T02:26:40.554+0000][1][safepoint    ] Entering safepoint region: RevokeBias
[2019-12-09T02:26:40.554+0000][1][gc,start     ] GC(22) Pause Young (Allocation Failure)
[2019-12-09T02:26:40.554+0000][1][gc,task      ] GC(22) Using 2 workers of 2 for evacuation
[2019-12-09T02:26:40.762+0000][1][gc,age       ] GC(22) Desired survivor size 4456448 bytes, new threshold 2 (max threshold 6)
[2019-12-09T02:26:40.762+0000][1][gc,age       ] GC(22) Age table with threshold 2 (max threshold 6)
[2019-12-09T02:26:40.762+0000][1][gc,age       ] GC(22) - age   1:    3463720 bytes,    3463720 total
[2019-12-09T02:26:40.762+0000][1][gc,age       ] GC(22) - age   2:    1657848 bytes,    5121568 total
[2019-12-09T02:26:40.762+0000][1][gc,heap      ] GC(22) ParNew: 75028K->6956K(78656K)
[2019-12-09T02:26:40.762+0000][1][gc,heap      ] GC(22) CMS: 60185K->62913K(174784K)
[2019-12-09T02:26:40.762+0000][1][gc,metaspace ] GC(22) Metaspace: 63912K->63912K(1107968K)
[2019-12-09T02:26:40.762+0000][1][gc           ] GC(22) Pause Young (Allocation Failure) 132M->68M(247M) 207.511ms
[2019-12-09T02:26:40.762+0000][1][gc,cpu       ] GC(22) User=0.05s Sys=0.00s Real=0.21s
[2019-12-09T02:26:40.762+0000][1][safepoint    ] Leaving safepoint region
[2019-12-09T02:26:40.762+0000][1][safepoint    ] Total time for which application threads were stopped: 0.2127742 seconds, Stopping threads took: 0.0050424 seconds
[2019-12-09T02:26:40.791+0000][1][safepoint    ] Application time: 0.0292505 seconds
[2019-12-09T02:26:40.793+0000][1][safepoint    ] Entering safepoint region: RevokeBias
[2019-12-09T02:26:40.793+0000][1][safepoint    ] Leaving safepoint region
[2019-12-09T02:26:40.793+0000][1][safepoint    ] Total time for which application threads were stopped: 0.0020100 seconds, Stopping threads took: 0.0019080 seconds
[2019-12-09T02:26:40.807+0000][1][safepoint    ] Application time: 0.0135825 seconds
[2019-12-09T02:26:40.819+0000][1][safepoint    ] Entering safepoint region: RevokeBias
[2019-12-09T02:26:40.819+0000][1][safepoint    ] Leaving safepoint region
[2019-12-09T02:26:40.819+0000][1][safepoint    ] Total time for which application threads were stopped: 0.0120508 seconds, Stopping threads took: 0.0119493 seconds
[2019-12-09T02:26:40.824+0000][1][safepoint    ] Application time: 0.0052518 seconds
[2019-12-09T02:26:40.824+0000][1][safepoint    ] Entering safepoint region: RevokeBias
[2019-12-09T02:26:40.824+0000][1][safepoint    ] Leaving safepoint region
[2019-12-09T02:26:40.824+0000][1][safepoint    ] Total time for which application threads were stopped: 0.0000870 seconds, Stopping threads took: 0.0000128 seconds
[2019-12-09T02:26:40.857+0000][1][safepoint    ] Application time: 0.0325793 seconds
[2019-12-09T02:26:40.902+0000][1][safepoint    ] Entering safepoint region: RevokeBias
[2019-12-09T02:26:40.902+0000][1][safepoint    ] Leaving safepoint region
[2019-12-09T02:26:40.902+0000][1][safepoint    ] Total time for which application threads were stopped: 0.0450420 seconds, Stopping threads took: 0.0448895 seconds
[2019-12-09T02:26:40.902+0000][1][safepoint    ] Application time: 0.0002261 seconds
[2019-12-09T02:26:40.902+0000][1][safepoint    ] Entering safepoint region: RevokeBias
[2019-12-09T02:26:40.902+0000][1][safepoint    ] Leaving safepoint region
[2019-12-09T02:26:40.902+0000][1][safepoint    ] Total time for which application threads were stopped: 0.0001173 seconds, Stopping threads took: 0.0000137 seconds
[2019-12-09T02:26:40.902+0000][1][safepoint    ] Application time: 0.0001078 seconds
[2019-12-09T02:26:40.902+0000][1][safepoint    ] Entering safepoint region: RevokeBias
[2019-12-09T02:26:40.902+0000][1][safepoint    ] Leaving safepoint region
[2019-12-09T02:26:40.902+0000][1][safepoint    ] Total time for which application threads were stopped: 0.0000739 seconds, Stopping threads took: 0.0000183 seconds
[2019-12-09T02:26:40.903+0000][1][safepoint    ] Application time: 0.0001098 seconds
[2019-12-09T02:26:40.903+0000][1][safepoint    ] Entering safepoint region: RevokeBias
[2019-12-09T02:26:40.903+0000][1][safepoint    ] Leaving safepoint region
[2019-12-09T02:26:40.903+0000][1][safepoint    ] Total time for which application threads were stopped: 0.0000693 seconds, Stopping threads took: 0.0000089 seconds
[2019-12-09T02:26:40.903+0000][1][safepoint    ] Application time: 0.0000625 seconds
[2019-12-09T02:26:40.903+0000][1][safepoint    ] Entering safepoint region: RevokeBias
[2019-12-09T02:26:40.903+0000][1][safepoint    ] Leaving safepoint region
[2019-12-09T02:26:40.903+0000][1][safepoint    ] Total time for which application threads were stopped: 0.0000566 seconds, Stopping threads took: 0.0000086 seconds
[2019-12-09T02:26:40.929+0000][1][safepoint    ] Application time: 0.0258469 seconds
[2019-12-09T02:26:40.929+0000][1][safepoint    ] Entering safepoint region: RevokeBias
[2019-12-09T02:26:40.929+0000][1][safepoint    ] Leaving safepoint region
[2019-12-09T02:26:40.929+0000][1][safepoint    ] Total time for which application threads were stopped: 0.0002487 seconds, Stopping threads took: 0.0001041 seconds
[2019-12-09T02:26:40.930+0000][1][safepoint    ] Application time: 0.0008312 seconds
[2019-12-09T02:26:40.930+0000][1][safepoint    ] Entering safepoint region: RevokeBias
[2019-12-09T02:26:40.930+0000][1][safepoint    ] Leaving safepoint region
[2019-12-09T02:26:40.930+0000][1][safepoint    ] Total time for which application threads were stopped: 0.0001311 seconds, Stopping threads took: 0.0000126 seconds
[2019-12-09T02:26:40.930+0000][1][safepoint    ] Application time: 0.0001107 seconds
[2019-12-09T02:26:40.930+0000][1][safepoint    ] Entering safepoint region: RevokeBias
[2019-12-09T02:26:40.930+0000][1][safepoint    ] Leaving safepoint region
[2019-12-09T02:26:40.930+0000][1][safepoint    ] Total time for which application threads were stopped: 0.0000564 seconds, Stopping threads took: 0.0000086 seconds
[2019-12-09T02:26:40.933+0000][1][safepoint    ] Application time: 0.0027399 seconds
[2019-12-09T02:26:40.933+0000][1][safepoint    ] Entering safepoint region: RevokeBias
[2019-12-09T02:26:40.933+0000][1][safepoint    ] Leaving safepoint region
[2019-12-09T02:26:40.933+0000][1][safepoint    ] Total time for which application threads were stopped: 0.0000751 seconds, Stopping threads took: 0.0000124 seconds
[2019-12-09T02:26:40.933+0000][1][safepoint    ] Application time: 0.0003668 seconds
[2019-12-09T02:26:40.933+0000][1][safepoint    ] Entering safepoint region: RevokeBias
[2019-12-09T02:26:40.933+0000][1][safepoint    ] Leaving safepoint region
[2019-12-09T02:26:40.933+0000][1][safepoint    ] Total time for which application threads were stopped: 0.0000655 seconds, Stopping threads took: 0.0000111 seconds
[2019-12-09T02:26:40.933+0000][1][safepoint    ] Application time: 0.0000696 seconds
[2019-12-09T02:26:40.933+0000][1][safepoint    ] Entering safepoint region: RevokeBias
[2019-12-09T02:26:40.934+0000][1][safepoint    ] Leaving safepoint region
[2019-12-09T02:26:40.934+0000][1][safepoint    ] Total time for which application threads were stopped: 0.0000592 seconds, Stopping threads took: 0.0000100 seconds
[2019-12-09T02:26:40.934+0000][1][safepoint    ] Application time: 0.0000453 seconds
[2019-12-09T02:26:40.934+0000][1][safepoint    ] Entering safepoint region: RevokeBias
[2019-12-09T02:26:40.934+0000][1][safepoint    ] Leaving safepoint region
[2019-12-09T02:26:40.934+0000][1][safepoint    ] Total time for which application threads were stopped: 0.0000574 seconds, Stopping threads took: 0.0000092 seconds
[2019-12-09T02:26:40.976+0000][1][safepoint    ] Application time: 0.0422037 seconds
[2019-12-09T02:26:41.017+0000][1][safepoint    ] Entering safepoint region: RevokeBias
[2019-12-09T02:26:41.017+0000][1][safepoint    ] Leaving safepoint region
[2019-12-09T02:26:41.017+0000][1][safepoint    ] Total time for which application threads were stopped: 0.0409561 seconds, Stopping threads took: 0.0408499 seconds
[2019-12-09T02:26:41.017+0000][1][safepoint    ] Application time: 0.0004338 seconds
[2019-12-09T02:26:41.017+0000][1][safepoint    ] Entering safepoint region: RevokeBias
[2019-12-09T02:26:41.017+0000][1][safepoint    ] Leaving safepoint region
[2019-12-09T02:26:41.017+0000][1][safepoint    ] Total time for which application threads were stopped: 0.0000824 seconds, Stopping threads took: 0.0000135 seconds
[2019-12-09T02:26:41.017+0000][1][safepoint    ] Application time: 0.0000380 seconds
[2019-12-09T02:26:41.017+0000][1][safepoint    ] Entering safepoint region: RevokeBias
[2019-12-09T02:26:41.018+0000][1][safepoint    ] Leaving safepoint region
[2019-12-09T02:26:41.018+0000][1][safepoint    ] Total time for which application threads were stopped: 0.0000495 seconds, Stopping threads took: 0.0000084 seconds
[2019-12-09T02:26:41.018+0000][1][safepoint    ] Application time: 0.0000427 seconds
[2019-12-09T02:26:41.018+0000][1][safepoint    ] Entering safepoint region: RevokeBias
[2019-12-09T02:26:41.018+0000][1][safepoint    ] Leaving safepoint region
[2019-12-09T02:26:41.018+0000][1][safepoint    ] Total time for which application threads were stopped: 0.0000498 seconds, Stopping threads took: 0.0000082 seconds
[2019-12-09T02:26:41.021+0000][1][safepoint    ] Application time: 0.0037774 seconds
[2019-12-09T02:26:41.021+0000][1][safepoint    ] Entering safepoint region: RevokeBias
[2019-12-09T02:26:41.022+0000][1][safepoint    ] Leaving safepoint region
[2019-12-09T02:26:41.022+0000][1][safepoint    ] Total time for which application threads were stopped: 0.0000695 seconds, Stopping threads took: 0.0000127 seconds
[2019-12-09T02:26:41.022+0000][1][safepoint    ] Application time: 0.0003364 seconds
[2019-12-09T02:26:41.022+0000][1][safepoint    ] Entering safepoint region: RevokeBias
[2019-12-09T02:26:41.022+0000][1][safepoint    ] Leaving safepoint region
[2019-12-09T02:26:41.022+0000][1][safepoint    ] Total time for which application threads were stopped: 0.0000794 seconds, Stopping threads took: 0.0000106 seconds
[2019-12-09T02:26:41.023+0000][1][safepoint    ] Application time: 0.0012463 seconds
[2019-12-09T02:26:41.023+0000][1][safepoint    ] Entering safepoint region: RevokeBias
[2019-12-09T02:26:41.023+0000][1][safepoint    ] Leaving safepoint region
[2019-12-09T02:26:41.023+0000][1][safepoint    ] Total time for which application threads were stopped: 0.0000724 seconds, Stopping threads took: 0.0000124 seconds
[2019-12-09T02:26:41.023+0000][1][safepoint    ] Application time: 0.0000832 seconds
[2019-12-09T02:26:41.023+0000][1][safepoint    ] Entering safepoint region: RevokeBias
[2019-12-09T02:26:41.023+0000][1][safepoint    ] Leaving safepoint region
[2019-12-09T02:26:41.023+0000][1][safepoint    ] Total time for which application threads were stopped: 0.0000618 seconds, Stopping threads took: 0.0000092 seconds
[2019-12-09T02:26:41.025+0000][1][safepoint    ] Application time: 0.0013247 seconds
[2019-12-09T02:26:41.025+0000][1][safepoint    ] Entering safepoint region: RevokeBias
[2019-12-09T02:26:41.025+0000][1][safepoint    ] Leaving safepoint region
[2019-12-09T02:26:41.025+0000][1][safepoint    ] Total time for which application threads were stopped: 0.0001722 seconds, Stopping threads took: 0.0001123 seconds
[2019-12-09T02:26:41.025+0000][1][safepoint    ] Application time: 0.0002264 seconds
[2019-12-09T02:26:41.025+0000][1][safepoint    ] Entering safepoint region: RevokeBias
[2019-12-09T02:26:41.025+0000][1][safepoint    ] Leaving safepoint region
[2019-12-09T02:26:41.025+0000][1][safepoint    ] Total time for which application threads were stopped: 0.0000691 seconds, Stopping threads took: 0.0000095 seconds
[2019-12-09T02:26:41.026+0000][1][safepoint    ] Application time: 0.0002655 seconds
[2019-12-09T02:26:41.026+0000][1][safepoint    ] Entering safepoint region: BulkRevokeBias
[2019-12-09T02:26:41.026+0000][1][safepoint    ] Leaving safepoint region
[2019-12-09T02:26:41.026+0000][1][safepoint    ] Total time for which application threads were stopped: 0.0004308 seconds, Stopping threads took: 0.0000206 seconds
[2019-12-09T02:26:41.026+0000][1][safepoint    ] Application time: 0.0002892 seconds
[2019-12-09T02:26:41.026+0000][1][safepoint    ] Entering safepoint region: RevokeBias
[2019-12-09T02:26:41.026+0000][1][safepoint    ] Leaving safepoint region
[2019-12-09T02:26:41.026+0000][1][safepoint    ] Total time for which application threads were stopped: 0.0000670 seconds, Stopping threads took: 0.0000109 seconds
[2019-12-09T02:26:41.026+0000][1][safepoint    ] Application time: 0.0000417 seconds
[2019-12-09T02:26:41.026+0000][1][safepoint    ] Entering safepoint region: RevokeBias
[2019-12-09T02:26:41.027+0000][1][safepoint    ] Leaving safepoint region
[2019-12-09T02:26:41.027+0000][1][safepoint    ] Total time for which application threads were stopped: 0.0000471 seconds, Stopping threads took: 0.0000083 seconds
[2019-12-09T02:26:41.027+0000][1][safepoint    ] Application time: 0.0001475 seconds
[2019-12-09T02:26:41.027+0000][1][safepoint    ] Entering safepoint region: RevokeBias
[2019-12-09T02:26:41.027+0000][1][safepoint    ] Leaving safepoint region
[2019-12-09T02:26:41.027+0000][1][safepoint    ] Total time for which application threads were stopped: 0.0000537 seconds, Stopping threads took: 0.0000096 seconds
[2019-12-09T02:26:41.029+0000][1][safepoint    ] Application time: 0.0023109 seconds
[2019-12-09T02:26:41.029+0000][1][safepoint    ] Entering safepoint region: RevokeBias
[2019-12-09T02:26:41.029+0000][1][safepoint    ] Leaving safepoint region
[2019-12-09T02:26:41.029+0000][1][safepoint    ] Total time for which application threads were stopped: 0.0002724 seconds, Stopping threads took: 0.0002185 seconds
[2019-12-09T02:26:41.030+0000][1][safepoint    ] Application time: 0.0007482 seconds
[2019-12-09T02:26:41.030+0000][1][safepoint    ] Entering safepoint region: RevokeBias
[2019-12-09T02:26:41.030+0000][1][safepoint    ] Leaving safepoint region
[2019-12-09T02:26:41.030+0000][1][safepoint    ] Total time for which application threads were stopped: 0.0000809 seconds, Stopping threads took: 0.0000117 seconds
[2019-12-09T02:26:41.030+0000][1][safepoint    ] Application time: 0.0000842 seconds
[2019-12-09T02:26:41.030+0000][1][safepoint    ] Entering safepoint region: RevokeBias
[2019-12-09T02:26:41.030+0000][1][safepoint    ] Leaving safepoint region
[2019-12-09T02:26:41.030+0000][1][safepoint    ] Total time for which application threads were stopped: 0.0000506 seconds, Stopping threads took: 0.0000078 seconds
[2019-12-09T02:26:41.049+0000][1][safepoint    ] Application time: 0.0183586 seconds
[2019-12-09T02:26:41.085+0000][1][safepoint    ] Entering safepoint region: RevokeBias
[2019-12-09T02:26:41.085+0000][1][safepoint    ] Leaving safepoint region
[2019-12-09T02:26:41.085+0000][1][safepoint    ] Total time for which application threads were stopped: 0.0361441 seconds, Stopping threads took: 0.0360239 seconds
[2019-12-09T02:26:41.091+0000][1][safepoint    ] Application time: 0.0064766 seconds
[2019-12-09T02:26:41.091+0000][1][safepoint    ] Entering safepoint region: RevokeBias
[2019-12-09T02:26:41.092+0000][1][safepoint    ] Leaving safepoint region
[2019-12-09T02:26:41.092+0000][1][safepoint    ] Total time for which application threads were stopped: 0.0001559 seconds, Stopping threads took: 0.0000629 seconds
[2019-12-09T02:26:41.094+0000][1][safepoint    ] Application time: 0.0025267 seconds
[2019-12-09T02:26:41.094+0000][1][safepoint    ] Entering safepoint region: RevokeBias
[2019-12-09T02:26:41.094+0000][1][safepoint    ] Leaving safepoint region
[2019-12-09T02:26:41.094+0000][1][safepoint    ] Total time for which application threads were stopped: 0.0001124 seconds, Stopping threads took: 0.0000129 seconds
[2019-12-09T02:26:41.094+0000][1][safepoint    ] Application time: 0.0000521 seconds
[2019-12-09T02:26:41.094+0000][1][safepoint    ] Entering safepoint region: RevokeBias
[2019-12-09T02:26:41.094+0000][1][safepoint    ] Leaving safepoint region
[2019-12-09T02:26:41.094+0000][1][safepoint    ] Total time for which application threads were stopped: 0.0000624 seconds, Stopping threads took: 0.0000146 seconds
[2019-12-09T02:26:41.095+0000][1][safepoint    ] Application time: 0.0001717 seconds
[2019-12-09T02:26:41.095+0000][1][safepoint    ] Entering safepoint region: RevokeBias
[2019-12-09T02:26:41.095+0000][1][safepoint    ] Leaving safepoint region
[2019-12-09T02:26:41.095+0000][1][safepoint    ] Total time for which application threads were stopped: 0.0000580 seconds, Stopping threads took: 0.0000094 seconds
[2019-12-09T02:26:41.106+0000][1][safepoint    ] Application time: 0.0112477 seconds
[2019-12-09T02:26:41.106+0000][1][safepoint    ] Entering safepoint region: RevokeBias
[2019-12-09T02:26:41.106+0000][1][safepoint    ] Leaving safepoint region
[2019-12-09T02:26:41.106+0000][1][safepoint    ] Total time for which application threads were stopped: 0.0001318 seconds, Stopping threads took: 0.0000696 seconds
[2019-12-09T02:26:41.117+0000][1][safepoint    ] Application time: 0.0109413 seconds
[2019-12-09T02:26:41.117+0000][1][safepoint    ] Entering safepoint region: RevokeBias
[2019-12-09T02:26:41.117+0000][1][safepoint    ] Leaving safepoint region
[2019-12-09T02:26:41.117+0000][1][safepoint    ] Total time for which application threads were stopped: 0.0000710 seconds, Stopping threads took: 0.0000112 seconds
[2019-12-09T02:26:41.117+0000][1][safepoint    ] Application time: 0.0000757 seconds
[2019-12-09T02:26:41.117+0000][1][safepoint    ] Entering safepoint region: RevokeBias
[2019-12-09T02:26:41.117+0000][1][safepoint    ] Leaving safepoint region
[2019-12-09T02:26:41.117+0000][1][safepoint    ] Total time for which application threads were stopped: 0.0000484 seconds, Stopping threads took: 0.0000085 seconds
[2019-12-09T02:26:41.118+0000][1][safepoint    ] Application time: 0.0003122 seconds
[2019-12-09T02:26:41.118+0000][1][safepoint    ] Entering safepoint region: RevokeBias
[2019-12-09T02:26:41.118+0000][1][safepoint    ] Leaving safepoint region
[2019-12-09T02:26:41.118+0000][1][safepoint    ] Total time for which application threads were stopped: 0.0000695 seconds, Stopping threads took: 0.0000118 seconds
[2019-12-09T02:26:41.119+0000][1][safepoint    ] Application time: 0.0012375 seconds
[2019-12-09T02:26:41.119+0000][1][safepoint    ] Entering safepoint region: RevokeBias
[2019-12-09T02:26:41.119+0000][1][safepoint    ] Leaving safepoint region
[2019-12-09T02:26:41.119+0000][1][safepoint    ] Total time for which application threads were stopped: 0.0000728 seconds, Stopping threads took: 0.0000120 seconds
[2019-12-09T02:26:41.119+0000][1][safepoint    ] Application time: 0.0000443 seconds
[2019-12-09T02:26:41.119+0000][1][safepoint    ] Entering safepoint region: RevokeBias
[2019-12-09T02:26:41.119+0000][1][safepoint    ] Leaving safepoint region
[2019-12-09T02:26:41.119+0000][1][safepoint    ] Total time for which application threads were stopped: 0.0000578 seconds, Stopping threads took: 0.0000092 seconds
[2019-12-09T02:26:41.120+0000][1][safepoint    ] Application time: 0.0009924 seconds
[2019-12-09T02:26:41.120+0000][1][safepoint    ] Entering safepoint region: RevokeBias
[2019-12-09T02:26:41.120+0000][1][safepoint    ] Leaving safepoint region
[2019-12-09T02:26:41.120+0000][1][safepoint    ] Total time for which application threads were stopped: 0.0000727 seconds, Stopping threads took: 0.0000121 seconds
[2019-12-09T02:26:41.120+0000][1][safepoint    ] Application time: 0.0002990 seconds
[2019-12-09T02:26:41.121+0000][1][safepoint    ] Entering safepoint region: RevokeBias
[2019-12-09T02:26:41.121+0000][1][safepoint    ] Leaving safepoint region
[2019-12-09T02:26:41.121+0000][1][safepoint    ] Total time for which application threads were stopped: 0.0000653 seconds, Stopping threads took: 0.0000116 seconds
[2019-12-09T02:26:41.121+0000][1][safepoint    ] Application time: 0.0000606 seconds
[2019-12-09T02:26:41.121+0000][1][safepoint    ] Entering safepoint region: RevokeBias
[2019-12-09T02:26:41.121+0000][1][safepoint    ] Leaving safepoint region
[2019-12-09T02:26:41.121+0000][1][safepoint    ] Total time for which application threads were stopped: 0.0000787 seconds, Stopping threads took: 0.0000144 seconds
[2019-12-09T02:26:41.168+0000][1][safepoint    ] Application time: 0.0476393 seconds
[2019-12-09T02:26:41.216+0000][1][safepoint    ] Entering safepoint region: RevokeBias
[2019-12-09T02:26:41.216+0000][1][safepoint    ] Leaving safepoint region
[2019-12-09T02:26:41.216+0000][1][safepoint    ] Total time for which application threads were stopped: 0.0474972 seconds, Stopping threads took: 0.0473567 seconds
[2019-12-09T02:26:41.221+0000][1][safepoint    ] Application time: 0.0052882 seconds
[2019-12-09T02:26:41.221+0000][1][safepoint    ] Entering safepoint region: RevokeBias
[2019-12-09T02:26:41.221+0000][1][safepoint    ] Leaving safepoint region
[2019-12-09T02:26:41.221+0000][1][safepoint    ] Total time for which application threads were stopped: 0.0000938 seconds, Stopping threads took: 0.0000162 seconds
[2019-12-09T02:26:41.437+0000][1][safepoint    ] Application time: 0.2155701 seconds
[2019-12-09T02:26:41.574+0000][1][safepoint    ] Entering safepoint region: RevokeBias
[2019-12-09T02:26:41.574+0000][1][safepoint    ] Leaving safepoint region
[2019-12-09T02:26:41.574+0000][1][safepoint    ] Total time for which application threads were stopped: 0.1373746 seconds, Stopping threads took: 0.1372695 seconds
[2019-12-09T02:26:41.587+0000][1][safepoint    ] Application time: 0.0131265 seconds
[2019-12-09T02:26:41.626+0000][1][safepoint    ] Entering safepoint region: RevokeBias
[2019-12-09T02:26:41.627+0000][1][safepoint    ] Leaving safepoint region
[2019-12-09T02:26:41.627+0000][1][safepoint    ] Total time for which application threads were stopped: 0.0391207 seconds, Stopping threads took: 0.0390171 seconds
[2019-12-09T02:26:41.634+0000][1][safepoint    ] Application time: 0.0071688 seconds
[2019-12-09T02:26:41.634+0000][1][safepoint    ] Entering safepoint region: RevokeBias
[2019-12-09T02:26:41.634+0000][1][safepoint    ] Leaving safepoint region
[2019-12-09T02:26:41.634+0000][1][safepoint    ] Total time for which application threads were stopped: 0.0004263 seconds, Stopping threads took: 0.0003419 seconds
[2019-12-09T02:26:41.637+0000][1][safepoint    ] Application time: 0.0025410 seconds
[2019-12-09T02:26:41.637+0000][1][safepoint    ] Entering safepoint region: RevokeBias
[2019-12-09T02:26:41.637+0000][1][safepoint    ] Leaving safepoint region
[2019-12-09T02:26:41.637+0000][1][safepoint    ] Total time for which application threads were stopped: 0.0000738 seconds, Stopping threads took: 0.0000119 seconds
[2019-12-09T02:26:41.641+0000][1][safepoint    ] Application time: 0.0036867 seconds
[2019-12-09T02:26:41.641+0000][1][safepoint    ] Entering safepoint region: RevokeBias
[2019-12-09T02:26:41.641+0000][1][safepoint    ] Leaving safepoint region
[2019-12-09T02:26:41.641+0000][1][safepoint    ] Total time for which application threads were stopped: 0.0000737 seconds, Stopping threads took: 0.0000134 seconds
[2019-12-09T02:26:41.646+0000][1][safepoint    ] Application time: 0.0057040 seconds
[2019-12-09T02:26:41.646+0000][1][safepoint    ] Entering safepoint region: RevokeBias
[2019-12-09T02:26:41.646+0000][1][safepoint    ] Leaving safepoint region
[2019-12-09T02:26:41.646+0000][1][safepoint    ] Total time for which application threads were stopped: 0.0000663 seconds, Stopping threads took: 0.0000119 seconds
[2019-12-09T02:26:41.647+0000][1][safepoint    ] Application time: 0.0007071 seconds
[2019-12-09T02:26:41.647+0000][1][safepoint    ] Entering safepoint region: RevokeBias
[2019-12-09T02:26:41.647+0000][1][safepoint    ] Leaving safepoint region
[2019-12-09T02:26:41.647+0000][1][safepoint    ] Total time for which application threads were stopped: 0.0000658 seconds, Stopping threads took: 0.0000116 seconds
[2019-12-09T02:26:41.648+0000][1][safepoint    ] Application time: 0.0008165 seconds
[2019-12-09T02:26:41.648+0000][1][safepoint    ] Entering safepoint region: RevokeBias
[2019-12-09T02:26:41.648+0000][1][safepoint    ] Leaving safepoint region
[2019-12-09T02:26:41.648+0000][1][safepoint    ] Total time for which application threads were stopped: 0.0000967 seconds, Stopping threads took: 0.0000173 seconds
[2019-12-09T02:26:41.649+0000][1][safepoint    ] Application time: 0.0004709 seconds
[2019-12-09T02:26:41.649+0000][1][safepoint    ] Entering safepoint region: RevokeBias
[2019-12-09T02:26:41.649+0000][1][safepoint    ] Leaving safepoint region
[2019-12-09T02:26:41.649+0000][1][safepoint    ] Total time for which application threads were stopped: 0.0000751 seconds, Stopping threads took: 0.0000314 seconds
[2019-12-09T02:26:41.738+0000][1][safepoint    ] Application time: 0.0891302 seconds
[2019-12-09T02:26:41.764+0000][1][safepoint    ] Entering safepoint region: RevokeBias
[2019-12-09T02:26:41.764+0000][1][safepoint    ] Leaving safepoint region
[2019-12-09T02:26:41.764+0000][1][safepoint    ] Total time for which application threads were stopped: 0.0264194 seconds, Stopping threads took: 0.0263174 seconds
[2019-12-09T02:26:41.765+0000][1][safepoint    ] Application time: 0.0002885 seconds
[2019-12-09T02:26:41.765+0000][1][safepoint    ] Entering safepoint region: RevokeBias
[2019-12-09T02:26:41.765+0000][1][safepoint    ] Leaving safepoint region
[2019-12-09T02:26:41.765+0000][1][safepoint    ] Total time for which application threads were stopped: 0.0001014 seconds, Stopping threads took: 0.0000107 seconds
[2019-12-09T02:26:41.765+0000][1][safepoint    ] Application time: 0.0004901 seconds
[2019-12-09T02:26:41.765+0000][1][safepoint    ] Entering safepoint region: RevokeBias
[2019-12-09T02:26:41.765+0000][1][safepoint    ] Leaving safepoint region
[2019-12-09T02:26:41.765+0000][1][safepoint    ] Total time for which application threads were stopped: 0.0000785 seconds, Stopping threads took: 0.0000134 seconds
[2019-12-09T02:26:41.766+0000][1][safepoint    ] Application time: 0.0002013 seconds
[2019-12-09T02:26:41.766+0000][1][safepoint    ] Entering safepoint region: RevokeBias
[2019-12-09T02:26:41.766+0000][1][safepoint    ] Leaving safepoint region
[2019-12-09T02:26:41.766+0000][1][safepoint    ] Total time for which application threads were stopped: 0.0000605 seconds, Stopping threads took: 0.0000102 seconds
[2019-12-09T02:26:41.766+0000][1][safepoint    ] Application time: 0.0005339 seconds
[2019-12-09T02:26:41.766+0000][1][safepoint    ] Entering safepoint region: RevokeBias
[2019-12-09T02:26:41.766+0000][1][safepoint    ] Leaving safepoint region
[2019-12-09T02:26:41.766+0000][1][safepoint    ] Total time for which application threads were stopped: 0.0000605 seconds, Stopping threads took: 0.0000123 seconds
[2019-12-09T02:26:41.767+0000][1][safepoint    ] Application time: 0.0003579 seconds
[2019-12-09T02:26:41.767+0000][1][safepoint    ] Entering safepoint region: RevokeBias
[2019-12-09T02:26:41.767+0000][1][safepoint    ] Leaving safepoint region
[2019-12-09T02:26:41.767+0000][1][safepoint    ] Total time for which application threads were stopped: 0.0000938 seconds, Stopping threads took: 0.0000114 seconds
[2019-12-09T02:26:41.767+0000][1][safepoint    ] Application time: 0.0002058 seconds
[2019-12-09T02:26:41.767+0000][1][safepoint    ] Entering safepoint region: RevokeBias
[2019-12-09T02:26:41.767+0000][1][safepoint    ] Leaving safepoint region
[2019-12-09T02:26:41.767+0000][1][safepoint    ] Total time for which application threads were stopped: 0.0000589 seconds, Stopping threads took: 0.0000097 seconds
[2019-12-09T02:26:41.767+0000][1][safepoint    ] Application time: 0.0003611 seconds
[2019-12-09T02:26:41.767+0000][1][safepoint    ] Entering safepoint region: RevokeBias
[2019-12-09T02:26:41.767+0000][1][safepoint    ] Leaving safepoint region
[2019-12-09T02:26:41.767+0000][1][safepoint    ] Total time for which application threads were stopped: 0.0000670 seconds, Stopping threads took: 0.0000116 seconds
[2019-12-09T02:26:41.768+0000][1][safepoint    ] Application time: 0.0001920 seconds
[2019-12-09T02:26:41.768+0000][1][safepoint    ] Entering safepoint region: RevokeBias
[2019-12-09T02:26:41.768+0000][1][safepoint    ] Leaving safepoint region
[2019-12-09T02:26:41.768+0000][1][safepoint    ] Total time for which application threads were stopped: 0.0000904 seconds, Stopping threads took: 0.0000328 seconds
[2019-12-09T02:26:41.768+0000][1][safepoint    ] Application time: 0.0003134 seconds
[2019-12-09T02:26:41.768+0000][1][safepoint    ] Entering safepoint region: RevokeBias
[2019-12-09T02:26:41.768+0000][1][safepoint    ] Leaving safepoint region
[2019-12-09T02:26:41.768+0000][1][safepoint    ] Total time for which application threads were stopped: 0.0000618 seconds, Stopping threads took: 0.0000103 seconds
[2019-12-09T02:26:41.768+0000][1][safepoint    ] Application time: 0.0002852 seconds
[2019-12-09T02:26:41.768+0000][1][safepoint    ] Entering safepoint region: RevokeBias
[2019-12-09T02:26:41.769+0000][1][safepoint    ] Leaving safepoint region
[2019-12-09T02:26:41.769+0000][1][safepoint    ] Total time for which application threads were stopped: 0.0000624 seconds, Stopping threads took: 0.0000098 seconds
[2019-12-09T02:26:41.769+0000][1][safepoint    ] Application time: 0.0002825 seconds
[2019-12-09T02:26:41.769+0000][1][safepoint    ] Entering safepoint region: RevokeBias
[2019-12-09T02:26:41.769+0000][1][safepoint    ] Leaving safepoint region
[2019-12-09T02:26:41.769+0000][1][safepoint    ] Total time for which application threads were stopped: 0.0000605 seconds, Stopping threads took: 0.0000109 seconds
[2019-12-09T02:26:41.769+0000][1][safepoint    ] Application time: 0.0004583 seconds
[2019-12-09T02:26:41.769+0000][1][safepoint    ] Entering safepoint region: RevokeBias
[2019-12-09T02:26:41.769+0000][1][safepoint    ] Leaving safepoint region
[2019-12-09T02:26:41.769+0000][1][safepoint    ] Total time for which application threads were stopped: 0.0000615 seconds, Stopping threads took: 0.0000114 seconds
[2019-12-09T02:26:41.770+0000][1][safepoint    ] Application time: 0.0004572 seconds
[2019-12-09T02:26:41.770+0000][1][safepoint    ] Entering safepoint region: BulkRevokeBias
[2019-12-09T02:26:41.770+0000][1][safepoint    ] Leaving safepoint region
[2019-12-09T02:26:41.770+0000][1][safepoint    ] Total time for which application threads were stopped: 0.0002676 seconds, Stopping threads took: 0.0000118 seconds
[2019-12-09T02:26:41.771+0000][1][safepoint    ] Application time: 0.0004495 seconds
[2019-12-09T02:26:41.771+0000][1][safepoint    ] Entering safepoint region: RevokeBias
[2019-12-09T02:26:41.771+0000][1][safepoint    ] Leaving safepoint region
[2019-12-09T02:26:41.771+0000][1][safepoint    ] Total time for which application threads were stopped: 0.0000939 seconds, Stopping threads took: 0.0000259 seconds
[2019-12-09T02:26:41.771+0000][1][safepoint    ] Application time: 0.0002980 seconds
[2019-12-09T02:26:41.771+0000][1][safepoint    ] Entering safepoint region: RevokeBias
[2019-12-09T02:26:41.771+0000][1][safepoint    ] Leaving safepoint region
[2019-12-09T02:26:41.771+0000][1][safepoint    ] Total time for which application threads were stopped: 0.0000696 seconds, Stopping threads took: 0.0000107 seconds
[2019-12-09T02:26:41.772+0000][1][safepoint    ] Application time: 0.0003449 seconds
[2019-12-09T02:26:41.772+0000][1][safepoint    ] Entering safepoint region: RevokeBias
[2019-12-09T02:26:41.772+0000][1][safepoint    ] Leaving safepoint region
[2019-12-09T02:26:41.772+0000][1][safepoint    ] Total time for which application threads were stopped: 0.0000674 seconds, Stopping threads took: 0.0000102 seconds
[2019-12-09T02:26:41.772+0000][1][safepoint    ] Application time: 0.0007729 seconds
[2019-12-09T02:26:41.772+0000][1][safepoint    ] Entering safepoint region: RevokeBias
[2019-12-09T02:26:41.772+0000][1][safepoint    ] Leaving safepoint region
[2019-12-09T02:26:41.772+0000][1][safepoint    ] Total time for which application threads were stopped: 0.0000578 seconds, Stopping threads took: 0.0000110 seconds
[2019-12-09T02:26:41.773+0000][1][safepoint    ] Application time: 0.0008029 seconds
[2019-12-09T02:26:41.773+0000][1][safepoint    ] Entering safepoint region: RevokeBias
[2019-12-09T02:26:41.773+0000][1][safepoint    ] Leaving safepoint region
[2019-12-09T02:26:41.773+0000][1][safepoint    ] Total time for which application threads were stopped: 0.0000605 seconds, Stopping threads took: 0.0000166 seconds
[2019-12-09T02:26:41.774+0000][1][safepoint    ] Application time: 0.0001967 seconds
[2019-12-09T02:26:41.774+0000][1][safepoint    ] Entering safepoint region: RevokeBias
[2019-12-09T02:26:41.774+0000][1][safepoint    ] Leaving safepoint region
[2019-12-09T02:26:41.774+0000][1][safepoint    ] Total time for which application threads were stopped: 0.0000524 seconds, Stopping threads took: 0.0000094 seconds
[2019-12-09T02:26:41.885+0000][1][safepoint    ] Application time: 0.1115875 seconds
[2019-12-09T02:26:41.885+0000][1][safepoint    ] Entering safepoint region: RevokeBias
[2019-12-09T02:26:41.885+0000][1][safepoint    ] Leaving safepoint region
[2019-12-09T02:26:41.885+0000][1][safepoint    ] Total time for which application threads were stopped: 0.0000878 seconds, Stopping threads took: 0.0000147 seconds
[2019-12-09T02:26:41.943+0000][1][safepoint    ] Application time: 0.0576818 seconds
[2019-12-09T02:26:41.988+0000][1][safepoint    ] Entering safepoint region: RevokeBias
[2019-12-09T02:26:41.988+0000][1][safepoint    ] Leaving safepoint region
[2019-12-09T02:26:41.988+0000][1][safepoint    ] Total time for which application threads were stopped: 0.0450106 seconds, Stopping threads took: 0.0449266 seconds
[2019-12-09T02:26:42.011+0000][1][safepoint    ] Application time: 0.0231796 seconds
[2019-12-09T02:26:42.011+0000][1][safepoint    ] Entering safepoint region: RevokeBias
[2019-12-09T02:26:42.011+0000][1][safepoint    ] Leaving safepoint region
[2019-12-09T02:26:42.011+0000][1][safepoint    ] Total time for which application threads were stopped: 0.0001240 seconds, Stopping threads took: 0.0000525 seconds
[2019-12-09T02:26:42.044+0000][1][safepoint    ] Application time: 0.0321901 seconds
[2019-12-09T02:26:42.044+0000][1][safepoint    ] Entering safepoint region: RevokeBias
[2019-12-09T02:26:42.044+0000][1][safepoint    ] Leaving safepoint region
[2019-12-09T02:26:42.044+0000][1][safepoint    ] Total time for which application threads were stopped: 0.0002974 seconds, Stopping threads took: 0.0000196 seconds
[2019-12-09T02:26:42.045+0000][1][safepoint    ] Application time: 0.0008502 seconds
[2019-12-09T02:26:42.045+0000][1][safepoint    ] Entering safepoint region: RevokeBias
[2019-12-09T02:26:42.045+0000][1][safepoint    ] Leaving safepoint region
[2019-12-09T02:26:42.045+0000][1][safepoint    ] Total time for which application threads were stopped: 0.0000820 seconds, Stopping threads took: 0.0000147 seconds
[2019-12-09T02:26:42.072+0000][1][safepoint    ] Application time: 0.0273118 seconds
[2019-12-09T02:26:42.072+0000][1][safepoint    ] Entering safepoint region: RevokeBias
[2019-12-09T02:26:42.072+0000][1][safepoint    ] Leaving safepoint region
[2019-12-09T02:26:42.072+0000][1][safepoint    ] Total time for which application threads were stopped: 0.0000854 seconds, Stopping threads took: 0.0000149 seconds
[2019-12-09T02:26:42.073+0000][1][safepoint    ] Application time: 0.0005808 seconds
[2019-12-09T02:26:42.073+0000][1][safepoint    ] Entering safepoint region: RevokeBias
[2019-12-09T02:26:42.073+0000][1][safepoint    ] Leaving safepoint region
[2019-12-09T02:26:42.073+0000][1][safepoint    ] Total time for which application threads were stopped: 0.0000711 seconds, Stopping threads took: 0.0000122 seconds
[2019-12-09T02:26:42.092+0000][1][safepoint    ] Application time: 0.0191861 seconds
[2019-12-09T02:26:42.092+0000][1][safepoint    ] Entering safepoint region: RevokeBias
[2019-12-09T02:26:42.092+0000][1][safepoint    ] Leaving safepoint region
[2019-12-09T02:26:42.092+0000][1][safepoint    ] Total time for which application threads were stopped: 0.0000567 seconds, Stopping threads took: 0.0000113 seconds
[2019-12-09T02:26:42.093+0000][1][safepoint    ] Application time: 0.0004095 seconds
[2019-12-09T02:26:42.093+0000][1][safepoint    ] Entering safepoint region: RevokeBias
[2019-12-09T02:26:42.093+0000][1][safepoint    ] Leaving safepoint region
[2019-12-09T02:26:42.093+0000][1][safepoint    ] Total time for which application threads were stopped: 0.0000804 seconds, Stopping threads took: 0.0000179 seconds
[2019-12-09T02:26:42.210+0000][1][safepoint    ] Application time: 0.1171933 seconds
[2019-12-09T02:26:42.247+0000][1][safepoint    ] Entering safepoint region: RevokeBias
[2019-12-09T02:26:42.247+0000][1][safepoint    ] Leaving safepoint region
[2019-12-09T02:26:42.247+0000][1][safepoint    ] Total time for which application threads were stopped: 0.0367582 seconds, Stopping threads took: 0.0366584 seconds
[2019-12-09T02:26:42.247+0000][1][safepoint    ] Application time: 0.0004503 seconds
[2019-12-09T02:26:42.247+0000][1][safepoint    ] Entering safepoint region: RevokeBias
[2019-12-09T02:26:42.247+0000][1][safepoint    ] Leaving safepoint region
[2019-12-09T02:26:42.247+0000][1][safepoint    ] Total time for which application threads were stopped: 0.0000867 seconds, Stopping threads took: 0.0000162 seconds
[2019-12-09T02:26:42.270+0000][1][safepoint    ] Application time: 0.0228239 seconds
[2019-12-09T02:26:42.270+0000][1][safepoint    ] Entering safepoint region: RevokeBias
[2019-12-09T02:26:42.270+0000][1][safepoint    ] Leaving safepoint region
[2019-12-09T02:26:42.270+0000][1][safepoint    ] Total time for which application threads were stopped: 0.0000888 seconds, Stopping threads took: 0.0000156 seconds
[2019-12-09T02:26:42.270+0000][1][safepoint    ] Application time: 0.0000635 seconds
[2019-12-09T02:26:42.270+0000][1][safepoint    ] Entering safepoint region: RevokeBias
[2019-12-09T02:26:42.270+0000][1][safepoint    ] Leaving safepoint region
[2019-12-09T02:26:42.270+0000][1][safepoint    ] Total time for which application threads were stopped: 0.0000503 seconds, Stopping threads took: 0.0000093 seconds
[2019-12-09T02:26:42.313+0000][1][safepoint    ] Application time: 0.0423391 seconds
[2019-12-09T02:26:42.313+0000][1][safepoint    ] Entering safepoint region: RevokeBias
[2019-12-09T02:26:42.313+0000][1][safepoint    ] Leaving safepoint region
[2019-12-09T02:26:42.313+0000][1][safepoint    ] Total time for which application threads were stopped: 0.0000910 seconds, Stopping threads took: 0.0000162 seconds
[2019-12-09T02:26:42.326+0000][1][safepoint    ] Application time: 0.0128676 seconds
[2019-12-09T02:26:42.326+0000][1][safepoint    ] Entering safepoint region: RevokeBias
[2019-12-09T02:26:42.326+0000][1][safepoint    ] Leaving safepoint region
[2019-12-09T02:26:42.326+0000][1][safepoint    ] Total time for which application threads were stopped: 0.0000983 seconds, Stopping threads took: 0.0000180 seconds
[2019-12-09T02:26:42.477+0000][1][safepoint    ] Application time: 0.1508354 seconds
[2019-12-09T02:26:42.585+0000][1][safepoint    ] Entering safepoint region: RevokeBias
[2019-12-09T02:26:42.585+0000][1][safepoint    ] Leaving safepoint region
[2019-12-09T02:26:42.585+0000][1][safepoint    ] Total time for which application threads were stopped: 0.1083196 seconds, Stopping threads took: 0.1082016 seconds
[2019-12-09T02:26:42.607+0000][1][safepoint    ] Application time: 0.0214206 seconds
[2019-12-09T02:26:42.607+0000][1][safepoint    ] Entering safepoint region: RevokeBias
[2019-12-09T02:26:42.607+0000][1][safepoint    ] Leaving safepoint region
[2019-12-09T02:26:42.607+0000][1][safepoint    ] Total time for which application threads were stopped: 0.0002301 seconds, Stopping threads took: 0.0001151 seconds
[2019-12-09T02:26:42.618+0000][1][safepoint    ] Application time: 0.0116167 seconds
[2019-12-09T02:26:42.618+0000][1][safepoint    ] Entering safepoint region: RevokeBias
[2019-12-09T02:26:42.619+0000][1][safepoint    ] Leaving safepoint region
[2019-12-09T02:26:42.619+0000][1][safepoint    ] Total time for which application threads were stopped: 0.0001456 seconds, Stopping threads took: 0.0000628 seconds
[2019-12-09T02:26:42.621+0000][1][safepoint    ] Application time: 0.0026250 seconds
[2019-12-09T02:26:42.621+0000][1][safepoint    ] Entering safepoint region: RevokeBias
[2019-12-09T02:26:42.621+0000][1][safepoint    ] Leaving safepoint region
[2019-12-09T02:26:42.621+0000][1][safepoint    ] Total time for which application threads were stopped: 0.0000875 seconds, Stopping threads took: 0.0000211 seconds
[2019-12-09T02:26:42.623+0000][1][safepoint    ] Application time: 0.0021572 seconds
[2019-12-09T02:26:42.624+0000][1][safepoint    ] Entering safepoint region: RevokeBias
[2019-12-09T02:26:42.624+0000][1][safepoint    ] Leaving safepoint region
[2019-12-09T02:26:42.624+0000][1][safepoint    ] Total time for which application threads were stopped: 0.0000583 seconds, Stopping threads took: 0.0000113 seconds
[2019-12-09T02:26:42.626+0000][1][safepoint    ] Application time: 0.0023042 seconds
[2019-12-09T02:26:42.626+0000][1][safepoint    ] Entering safepoint region: RevokeBias
[2019-12-09T02:26:42.626+0000][1][safepoint    ] Leaving safepoint region
[2019-12-09T02:26:42.626+0000][1][safepoint    ] Total time for which application threads were stopped: 0.0000573 seconds, Stopping threads took: 0.0000114 seconds
[2019-12-09T02:26:42.649+0000][1][safepoint    ] Application time: 0.0233712 seconds
[2019-12-09T02:26:42.649+0000][1][safepoint    ] Entering safepoint region: RevokeBias
[2019-12-09T02:26:42.649+0000][1][safepoint    ] Leaving safepoint region
[2019-12-09T02:26:42.649+0000][1][safepoint    ] Total time for which application threads were stopped: 0.0000624 seconds, Stopping threads took: 0.0000123 seconds
[2019-12-09T02:26:42.650+0000][1][safepoint    ] Application time: 0.0004408 seconds
[2019-12-09T02:26:42.650+0000][1][safepoint    ] Entering safepoint region: RevokeBias
[2019-12-09T02:26:42.650+0000][1][safepoint    ] Leaving safepoint region
[2019-12-09T02:26:42.650+0000][1][safepoint    ] Total time for which application threads were stopped: 0.0000483 seconds, Stopping threads took: 0.0000103 seconds
[2019-12-09T02:26:42.661+0000][1][safepoint    ] Application time: 0.0110245 seconds
[2019-12-09T02:26:42.661+0000][1][safepoint    ] Entering safepoint region: RevokeBias
[2019-12-09T02:26:42.661+0000][1][safepoint    ] Leaving safepoint region
[2019-12-09T02:26:42.661+0000][1][safepoint    ] Total time for which application threads were stopped: 0.0000532 seconds, Stopping threads took: 0.0000125 seconds
[2019-12-09T02:26:42.947+0000][1][safepoint    ] Application time: 0.2857823 seconds
[2019-12-09T02:26:42.947+0000][1][safepoint    ] Entering safepoint region: RevokeBias
[2019-12-09T02:26:42.947+0000][1][safepoint    ] Leaving safepoint region
[2019-12-09T02:26:42.947+0000][1][safepoint    ] Total time for which application threads were stopped: 0.0000772 seconds, Stopping threads took: 0.0000176 seconds
[2019-12-09T02:26:42.947+0000][1][safepoint    ] Application time: 0.0003217 seconds
[2019-12-09T02:26:42.947+0000][1][safepoint    ] Entering safepoint region: BulkRevokeBias
[2019-12-09T02:26:42.948+0000][1][safepoint    ] Leaving safepoint region
[2019-12-09T02:26:42.948+0000][1][safepoint    ] Total time for which application threads were stopped: 0.0002655 seconds, Stopping threads took: 0.0000107 seconds
[2019-12-09T02:26:43.164+0000][1][safepoint    ] Application time: 0.2163862 seconds
[2019-12-09T02:26:43.164+0000][1][safepoint    ] Entering safepoint region: RevokeBias
[2019-12-09T02:26:43.164+0000][1][safepoint    ] Leaving safepoint region
[2019-12-09T02:26:43.164+0000][1][safepoint    ] Total time for which application threads were stopped: 0.0000809 seconds, Stopping threads took: 0.0000177 seconds
[2019-12-09T02:26:43.353+0000][1][safepoint    ] Application time: 0.1885965 seconds
[2019-12-09T02:26:43.353+0000][1][safepoint    ] Entering safepoint region: RevokeBias
[2019-12-09T02:26:43.353+0000][1][safepoint    ] Leaving safepoint region
[2019-12-09T02:26:43.353+0000][1][safepoint    ] Total time for which application threads were stopped: 0.0000959 seconds, Stopping threads took: 0.0000142 seconds
[2019-12-09T02:26:43.354+0000][1][safepoint    ] Application time: 0.0008695 seconds
[2019-12-09T02:26:43.354+0000][1][safepoint    ] Entering safepoint region: BulkRevokeBias
[2019-12-09T02:26:43.354+0000][1][safepoint    ] Leaving safepoint region
[2019-12-09T02:26:43.354+0000][1][safepoint    ] Total time for which application threads were stopped: 0.0003020 seconds, Stopping threads took: 0.0000176 seconds
[2019-12-09T02:26:43.355+0000][1][safepoint    ] Application time: 0.0007659 seconds
[2019-12-09T02:26:43.355+0000][1][safepoint    ] Entering safepoint region: RevokeBias
[2019-12-09T02:26:43.355+0000][1][safepoint    ] Leaving safepoint region
[2019-12-09T02:26:43.355+0000][1][safepoint    ] Total time for which application threads were stopped: 0.0000534 seconds, Stopping threads took: 0.0000103 seconds
[2019-12-09T02:26:43.396+0000][1][safepoint    ] Application time: 0.0416620 seconds
[2019-12-09T02:26:43.397+0000][1][safepoint    ] Entering safepoint region: RevokeBias
[2019-12-09T02:26:43.397+0000][1][safepoint    ] Leaving safepoint region
[2019-12-09T02:26:43.397+0000][1][safepoint    ] Total time for which application threads were stopped: 0.0001347 seconds, Stopping threads took: 0.0000792 seconds
[2019-12-09T02:26:43.398+0000][1][safepoint    ] Application time: 0.0011730 seconds
[2019-12-09T02:26:43.398+0000][1][safepoint    ] Entering safepoint region: RevokeBias
[2019-12-09T02:26:43.398+0000][1][safepoint    ] Leaving safepoint region
[2019-12-09T02:26:43.398+0000][1][safepoint    ] Total time for which application threads were stopped: 0.0000549 seconds, Stopping threads took: 0.0000119 seconds
[2019-12-09T02:26:43.462+0000][1][safepoint    ] Application time: 0.0640325 seconds
[2019-12-09T02:26:43.462+0000][1][safepoint    ] Entering safepoint region: RevokeBias
[2019-12-09T02:26:43.462+0000][1][safepoint    ] Leaving safepoint region
[2019-12-09T02:26:43.462+0000][1][safepoint    ] Total time for which application threads were stopped: 0.0000719 seconds, Stopping threads took: 0.0000149 seconds
[2019-12-09T02:26:43.997+0000][1][safepoint    ] Application time: 0.5353052 seconds
[2019-12-09T02:26:43.997+0000][1][safepoint    ] Entering safepoint region: RevokeBias
[2019-12-09T02:26:43.997+0000][1][safepoint    ] Leaving safepoint region
[2019-12-09T02:26:43.997+0000][1][safepoint    ] Total time for which application threads were stopped: 0.0001042 seconds, Stopping threads took: 0.0000188 seconds
[2019-12-09T02:26:44.388+0000][1][safepoint    ] Application time: 0.3902276 seconds
[2019-12-09T02:26:44.391+0000][1][safepoint    ] Entering safepoint region: RevokeBias
[2019-12-09T02:26:44.391+0000][1][safepoint    ] Leaving safepoint region
[2019-12-09T02:26:44.391+0000][1][safepoint    ] Total time for which application threads were stopped: 0.0031190 seconds, Stopping threads took: 0.0030240 seconds
[2019-12-09T02:26:44.391+0000][1][safepoint    ] Application time: 0.0005975 seconds
[2019-12-09T02:26:44.391+0000][1][safepoint    ] Entering safepoint region: RevokeBias
[2019-12-09T02:26:44.392+0000][1][safepoint    ] Leaving safepoint region
[2019-12-09T02:26:44.392+0000][1][safepoint    ] Total time for which application threads were stopped: 0.0000740 seconds, Stopping threads took: 0.0000139 seconds
[2019-12-09T02:26:44.395+0000][1][safepoint    ] Application time: 0.0034461 seconds
[2019-12-09T02:26:44.395+0000][1][safepoint    ] Entering safepoint region: RevokeBias
[2019-12-09T02:26:44.395+0000][1][safepoint    ] Leaving safepoint region
[2019-12-09T02:26:44.395+0000][1][safepoint    ] Total time for which application threads were stopped: 0.0000681 seconds, Stopping threads took: 0.0000120 seconds
[2019-12-09T02:26:44.396+0000][1][safepoint    ] Application time: 0.0004110 seconds
[2019-12-09T02:26:44.396+0000][1][safepoint    ] Entering safepoint region: RevokeBias
[2019-12-09T02:26:44.396+0000][1][safepoint    ] Leaving safepoint region
[2019-12-09T02:26:44.396+0000][1][safepoint    ] Total time for which application threads were stopped: 0.0000631 seconds, Stopping threads took: 0.0000115 seconds
[2019-12-09T02:26:44.404+0000][1][safepoint    ] Application time: 0.0082383 seconds
[2019-12-09T02:26:44.404+0000][1][safepoint    ] Entering safepoint region: RevokeBias
[2019-12-09T02:26:44.404+0000][1][safepoint    ] Leaving safepoint region
[2019-12-09T02:26:44.404+0000][1][safepoint    ] Total time for which application threads were stopped: 0.0000690 seconds, Stopping threads took: 0.0000182 seconds
[2019-12-09T02:26:44.405+0000][1][safepoint    ] Application time: 0.0010751 seconds
[2019-12-09T02:26:44.405+0000][1][safepoint    ] Entering safepoint region: RevokeBias
[2019-12-09T02:26:44.405+0000][1][safepoint    ] Leaving safepoint region
[2019-12-09T02:26:44.405+0000][1][safepoint    ] Total time for which application threads were stopped: 0.0000658 seconds, Stopping threads took: 0.0000135 seconds
[2019-12-09T02:26:44.432+0000][1][safepoint    ] Application time: 0.0266434 seconds
[2019-12-09T02:26:44.432+0000][1][safepoint    ] Entering safepoint region: RevokeBias
[2019-12-09T02:26:44.432+0000][1][safepoint    ] Leaving safepoint region
[2019-12-09T02:26:44.432+0000][1][safepoint    ] Total time for which application threads were stopped: 0.0000675 seconds, Stopping threads took: 0.0000142 seconds
[2019-12-09T02:26:44.433+0000][1][safepoint    ] Application time: 0.0010834 seconds
[2019-12-09T02:26:44.433+0000][1][safepoint    ] Entering safepoint region: RevokeBias
[2019-12-09T02:26:44.433+0000][1][safepoint    ] Leaving safepoint region
[2019-12-09T02:26:44.433+0000][1][safepoint    ] Total time for which application threads were stopped: 0.0000615 seconds, Stopping threads took: 0.0000129 seconds
[2019-12-09T02:26:44.458+0000][1][safepoint    ] Application time: 0.0244753 seconds
[2019-12-09T02:26:44.458+0000][1][safepoint    ] Entering safepoint region: RevokeBias
[2019-12-09T02:26:44.458+0000][1][safepoint    ] Leaving safepoint region
[2019-12-09T02:26:44.458+0000][1][safepoint    ] Total time for which application threads were stopped: 0.0000735 seconds, Stopping threads took: 0.0000130 seconds
[2019-12-09T02:26:44.522+0000][1][safepoint    ] Application time: 0.0647778 seconds
[2019-12-09T02:26:44.522+0000][1][safepoint    ] Entering safepoint region: RevokeBias
[2019-12-09T02:26:44.523+0000][1][safepoint    ] Leaving safepoint region
[2019-12-09T02:26:44.523+0000][1][safepoint    ] Total time for which application threads were stopped: 0.0001286 seconds, Stopping threads took: 0.0000643 seconds
[2019-12-09T02:26:45.124+0000][1][safepoint    ] Application time: 0.6009970 seconds
[2019-12-09T02:26:45.124+0000][1][safepoint    ] Entering safepoint region: RevokeBias
[2019-12-09T02:26:45.124+0000][1][safepoint    ] Leaving safepoint region
[2019-12-09T02:26:45.124+0000][1][safepoint    ] Total time for which application threads were stopped: 0.0006438 seconds, Stopping threads took: 0.0005394 seconds
[2019-12-09T02:26:45.126+0000][1][safepoint    ] Application time: 0.0018658 seconds
[2019-12-09T02:26:45.126+0000][1][safepoint    ] Entering safepoint region: BulkRevokeBias
[2019-12-09T02:26:45.127+0000][1][safepoint    ] Leaving safepoint region
[2019-12-09T02:26:45.127+0000][1][safepoint    ] Total time for which application threads were stopped: 0.0004022 seconds, Stopping threads took: 0.0000151 seconds
[2019-12-09T02:26:45.127+0000][1][safepoint    ] Application time: 0.0005827 seconds
[2019-12-09T02:26:45.127+0000][1][safepoint    ] Entering safepoint region: RevokeBias
[2019-12-09T02:26:45.127+0000][1][safepoint    ] Leaving safepoint region
[2019-12-09T02:26:45.127+0000][1][safepoint    ] Total time for which application threads were stopped: 0.0001003 seconds, Stopping threads took: 0.0000139 seconds
[2019-12-09T02:26:45.128+0000][1][safepoint    ] Application time: 0.0002983 seconds
[2019-12-09T02:26:45.128+0000][1][safepoint    ] Entering safepoint region: RevokeBias
[2019-12-09T02:26:45.128+0000][1][safepoint    ] Leaving safepoint region
[2019-12-09T02:26:45.128+0000][1][safepoint    ] Total time for which application threads were stopped: 0.0000742 seconds, Stopping threads took: 0.0000132 seconds
[2019-12-09T02:26:45.128+0000][1][safepoint    ] Application time: 0.0007801 seconds
[2019-12-09T02:26:45.128+0000][1][safepoint    ] Entering safepoint region: RevokeBias
[2019-12-09T02:26:45.129+0000][1][safepoint    ] Leaving safepoint region
[2019-12-09T02:26:45.129+0000][1][safepoint    ] Total time for which application threads were stopped: 0.0000835 seconds, Stopping threads took: 0.0000166 seconds
[2019-12-09T02:26:45.129+0000][1][safepoint    ] Application time: 0.0004455 seconds
[2019-12-09T02:26:45.129+0000][1][safepoint    ] Entering safepoint region: RevokeBias
[2019-12-09T02:26:45.129+0000][1][safepoint    ] Leaving safepoint region
[2019-12-09T02:26:45.129+0000][1][safepoint    ] Total time for which application threads were stopped: 0.0000738 seconds, Stopping threads took: 0.0000119 seconds
[2019-12-09T02:26:45.129+0000][1][safepoint    ] Application time: 0.0000422 seconds
[2019-12-09T02:26:45.129+0000][1][safepoint    ] Entering safepoint region: RevokeBias
[2019-12-09T02:26:45.129+0000][1][safepoint    ] Leaving safepoint region
[2019-12-09T02:26:45.129+0000][1][safepoint    ] Total time for which application threads were stopped: 0.0000622 seconds, Stopping threads took: 0.0000095 seconds
[2019-12-09T02:26:45.139+0000][1][safepoint    ] Application time: 0.0097417 seconds
[2019-12-09T02:26:45.139+0000][1][safepoint    ] Entering safepoint region: RevokeBias
[2019-12-09T02:26:45.139+0000][1][safepoint    ] Leaving safepoint region
[2019-12-09T02:26:45.139+0000][1][safepoint    ] Total time for which application threads were stopped: 0.0000885 seconds, Stopping threads took: 0.0000126 seconds
[2019-12-09T02:26:45.140+0000][1][safepoint    ] Application time: 0.0013429 seconds
[2019-12-09T02:26:45.140+0000][1][safepoint    ] Entering safepoint region: RevokeBias
[2019-12-09T02:26:45.141+0000][1][safepoint    ] Leaving safepoint region
[2019-12-09T02:26:45.141+0000][1][safepoint    ] Total time for which application threads were stopped: 0.0000947 seconds, Stopping threads took: 0.0000126 seconds
[2019-12-09T02:26:45.142+0000][1][safepoint    ] Application time: 0.0009939 seconds
[2019-12-09T02:26:45.157+0000][1][safepoint    ] Entering safepoint region: RevokeBias
[2019-12-09T02:26:45.157+0000][1][safepoint    ] Leaving safepoint region
[2019-12-09T02:26:45.157+0000][1][safepoint    ] Total time for which application threads were stopped: 0.0152379 seconds, Stopping threads took: 0.0151636 seconds
[2019-12-09T02:26:45.157+0000][1][safepoint    ] Application time: 0.0001033 seconds
[2019-12-09T02:26:45.157+0000][1][safepoint    ] Entering safepoint region: RevokeBias
[2019-12-09T02:26:45.157+0000][1][safepoint    ] Leaving safepoint region
[2019-12-09T02:26:45.157+0000][1][safepoint    ] Total time for which application threads were stopped: 0.0000519 seconds, Stopping threads took: 0.0000085 seconds
[2019-12-09T02:26:45.159+0000][1][safepoint    ] Application time: 0.0016543 seconds
[2019-12-09T02:26:45.159+0000][1][safepoint    ] Entering safepoint region: RevokeBias
[2019-12-09T02:26:45.159+0000][1][safepoint    ] Leaving safepoint region
[2019-12-09T02:26:45.159+0000][1][safepoint    ] Total time for which application threads were stopped: 0.0001446 seconds, Stopping threads took: 0.0000579 seconds
[2019-12-09T02:26:45.201+0000][1][safepoint    ] Application time: 0.0419165 seconds
[2019-12-09T02:26:45.244+0000][1][safepoint    ] Entering safepoint region: RevokeBias
[2019-12-09T02:26:45.244+0000][1][safepoint    ] Leaving safepoint region
[2019-12-09T02:26:45.244+0000][1][safepoint    ] Total time for which application threads were stopped: 0.0431469 seconds, Stopping threads took: 0.0430448 seconds
[2019-12-09T02:26:45.279+0000][1][safepoint    ] Application time: 0.0350919 seconds
[2019-12-09T02:26:45.279+0000][1][safepoint    ] Entering safepoint region: BulkRevokeBias
[2019-12-09T02:26:45.280+0000][1][safepoint    ] Leaving safepoint region
[2019-12-09T02:26:45.280+0000][1][safepoint    ] Total time for which application threads were stopped: 0.0005142 seconds, Stopping threads took: 0.0000196 seconds
[2019-12-09T02:26:45.283+0000][1][safepoint    ] Application time: 0.0033703 seconds
[2019-12-09T02:26:45.283+0000][1][safepoint    ] Entering safepoint region: BulkRevokeBias
[2019-12-09T02:26:45.284+0000][1][safepoint    ] Leaving safepoint region
[2019-12-09T02:26:45.284+0000][1][safepoint    ] Total time for which application threads were stopped: 0.0006520 seconds, Stopping threads took: 0.0000223 seconds
[2019-12-09T02:26:45.376+0000][1][safepoint    ] Application time: 0.0927775 seconds
[2019-12-09T02:26:45.376+0000][1][safepoint    ] Entering safepoint region: RevokeBias
[2019-12-09T02:26:45.377+0000][1][safepoint    ] Leaving safepoint region
[2019-12-09T02:26:45.377+0000][1][safepoint    ] Total time for which application threads were stopped: 0.0001196 seconds, Stopping threads took: 0.0000175 seconds
[2019-12-09T02:26:45.476+0000][1][safepoint    ] Application time: 0.0994113 seconds
[2019-12-09T02:26:45.476+0000][1][safepoint    ] Entering safepoint region: RevokeBias
[2019-12-09T02:26:45.476+0000][1][safepoint    ] Leaving safepoint region
[2019-12-09T02:26:45.476+0000][1][safepoint    ] Total time for which application threads were stopped: 0.0000889 seconds, Stopping threads took: 0.0000176 seconds
[2019-12-09T02:26:45.743+0000][1][safepoint    ] Application time: 0.2673590 seconds
[2019-12-09T02:26:45.743+0000][1][safepoint    ] Entering safepoint region: RevokeBias
[2019-12-09T02:26:45.744+0000][1][safepoint    ] Leaving safepoint region
[2019-12-09T02:26:45.744+0000][1][safepoint    ] Total time for which application threads were stopped: 0.0000972 seconds, Stopping threads took: 0.0000170 seconds
[2019-12-09T02:26:45.744+0000][1][safepoint    ] Application time: 0.0002237 seconds
[2019-12-09T02:26:45.744+0000][1][safepoint    ] Entering safepoint region: RevokeBias
[2019-12-09T02:26:45.744+0000][1][safepoint    ] Leaving safepoint region
[2019-12-09T02:26:45.744+0000][1][safepoint    ] Total time for which application threads were stopped: 0.0000581 seconds, Stopping threads took: 0.0000101 seconds
[2019-12-09T02:26:45.788+0000][1][safepoint    ] Application time: 0.0440591 seconds
[2019-12-09T02:26:45.788+0000][1][safepoint    ] Entering safepoint region: RevokeBias
[2019-12-09T02:26:45.788+0000][1][safepoint    ] Leaving safepoint region
[2019-12-09T02:26:45.788+0000][1][safepoint    ] Total time for which application threads were stopped: 0.0001028 seconds, Stopping threads took: 0.0000164 seconds
[2019-12-09T02:26:45.788+0000][1][safepoint    ] Application time: 0.0003208 seconds
[2019-12-09T02:26:45.788+0000][1][safepoint    ] Entering safepoint region: RevokeBias
[2019-12-09T02:26:45.788+0000][1][safepoint    ] Leaving safepoint region
[2019-12-09T02:26:45.788+0000][1][safepoint    ] Total time for which application threads were stopped: 0.0000809 seconds, Stopping threads took: 0.0000117 seconds
[2019-12-09T02:26:45.789+0000][1][safepoint    ] Application time: 0.0000454 seconds
[2019-12-09T02:26:45.789+0000][1][safepoint    ] Entering safepoint region: RevokeBias
[2019-12-09T02:26:45.789+0000][1][safepoint    ] Leaving safepoint region
[2019-12-09T02:26:45.789+0000][1][safepoint    ] Total time for which application threads were stopped: 0.0000513 seconds, Stopping threads took: 0.0000087 seconds
[2019-12-09T02:26:45.789+0000][1][safepoint    ] Application time: 0.0001999 seconds
[2019-12-09T02:26:45.789+0000][1][safepoint    ] Entering safepoint region: RevokeBias
[2019-12-09T02:26:45.789+0000][1][safepoint    ] Leaving safepoint region
[2019-12-09T02:26:45.789+0000][1][safepoint    ] Total time for which application threads were stopped: 0.0000746 seconds, Stopping threads took: 0.0000141 seconds
[2019-12-09T02:26:45.790+0000][1][safepoint    ] Application time: 0.0014701 seconds
[2019-12-09T02:26:45.790+0000][1][safepoint    ] Entering safepoint region: RevokeBias
[2019-12-09T02:26:45.790+0000][1][safepoint    ] Leaving safepoint region
[2019-12-09T02:26:45.790+0000][1][safepoint    ] Total time for which application threads were stopped: 0.0000685 seconds, Stopping threads took: 0.0000122 seconds
[2019-12-09T02:26:45.802+0000][1][safepoint    ] Application time: 0.0115597 seconds
[2019-12-09T02:26:45.802+0000][1][safepoint    ] Entering safepoint region: RevokeBias
[2019-12-09T02:26:45.802+0000][1][safepoint    ] Leaving safepoint region
[2019-12-09T02:26:45.802+0000][1][safepoint    ] Total time for which application threads were stopped: 0.0000745 seconds, Stopping threads took: 0.0000128 seconds
[2019-12-09T02:26:45.855+0000][1][safepoint    ] Application time: 0.0528480 seconds
[2019-12-09T02:26:45.855+0000][1][safepoint    ] Entering safepoint region: RevokeBias
[2019-12-09T02:26:45.855+0000][1][safepoint    ] Leaving safepoint region
[2019-12-09T02:26:45.855+0000][1][safepoint    ] Total time for which application threads were stopped: 0.0001100 seconds, Stopping threads took: 0.0000173 seconds
[2019-12-09T02:26:45.855+0000][1][safepoint    ] Application time: 0.0000671 seconds
[2019-12-09T02:26:45.855+0000][1][safepoint    ] Entering safepoint region: RevokeBias
[2019-12-09T02:26:45.855+0000][1][safepoint    ] Leaving safepoint region
[2019-12-09T02:26:45.855+0000][1][safepoint    ] Total time for which application threads were stopped: 0.0000616 seconds, Stopping threads took: 0.0000090 seconds
[2019-12-09T02:26:46.395+0000][1][safepoint    ] Application time: 0.5393741 seconds
[2019-12-09T02:26:46.395+0000][1][safepoint    ] Entering safepoint region: Deoptimize
[2019-12-09T02:26:46.395+0000][1][safepoint    ] Leaving safepoint region
[2019-12-09T02:26:46.395+0000][1][safepoint    ] Total time for which application threads were stopped: 0.0007048 seconds, Stopping threads took: 0.0000376 seconds
[2019-12-09T02:26:46.680+0000][1][safepoint    ] Application time: 0.2843868 seconds
[2019-12-09T02:26:46.680+0000][1][safepoint    ] Entering safepoint region: BulkRevokeBias
[2019-12-09T02:26:46.680+0000][1][safepoint    ] Leaving safepoint region
[2019-12-09T02:26:46.680+0000][1][safepoint    ] Total time for which application threads were stopped: 0.0004024 seconds, Stopping threads took: 0.0000197 seconds
[2019-12-09T02:26:46.680+0000][1][safepoint    ] Application time: 0.0000764 seconds
[2019-12-09T02:26:46.680+0000][1][safepoint    ] Entering safepoint region: BulkRevokeBias
[2019-12-09T02:26:46.681+0000][1][safepoint    ] Leaving safepoint region
[2019-12-09T02:26:46.681+0000][1][safepoint    ] Total time for which application threads were stopped: 0.0003854 seconds, Stopping threads took: 0.0000132 seconds
[2019-12-09T02:26:46.830+0000][1][safepoint    ] Application time: 0.1491077 seconds
[2019-12-09T02:26:46.840+0000][1][safepoint    ] Entering safepoint region: RevokeBias
[2019-12-09T02:26:46.840+0000][1][safepoint    ] Leaving safepoint region
[2019-12-09T02:26:46.840+0000][1][safepoint    ] Total time for which application threads were stopped: 0.0100034 seconds, Stopping threads took: 0.0098990 seconds
[2019-12-09T02:26:46.841+0000][1][safepoint    ] Application time: 0.0011689 seconds
[2019-12-09T02:26:46.841+0000][1][safepoint    ] Entering safepoint region: RevokeBias
[2019-12-09T02:26:46.841+0000][1][safepoint    ] Leaving safepoint region
[2019-12-09T02:26:46.841+0000][1][safepoint    ] Total time for which application threads were stopped: 0.0000871 seconds, Stopping threads took: 0.0000168 seconds
[2019-12-09T02:26:46.940+0000][1][safepoint    ] Application time: 0.0985434 seconds
[2019-12-09T02:26:46.940+0000][1][safepoint    ] Entering safepoint region: RevokeBias
[2019-12-09T02:26:46.940+0000][1][safepoint    ] Leaving safepoint region
[2019-12-09T02:26:46.940+0000][1][safepoint    ] Total time for which application threads were stopped: 0.0001023 seconds, Stopping threads took: 0.0000191 seconds
[2019-12-09T02:26:46.946+0000][1][safepoint    ] Application time: 0.0059227 seconds
[2019-12-09T02:26:46.946+0000][1][safepoint    ] Entering safepoint region: RevokeBias
[2019-12-09T02:26:46.946+0000][1][safepoint    ] Leaving safepoint region
[2019-12-09T02:26:46.946+0000][1][safepoint    ] Total time for which application threads were stopped: 0.0000936 seconds, Stopping threads took: 0.0000161 seconds
[2019-12-09T02:26:46.948+0000][1][safepoint    ] Application time: 0.0024189 seconds
[2019-12-09T02:26:46.948+0000][1][safepoint    ] Entering safepoint region: RevokeBias
[2019-12-09T02:26:46.948+0000][1][safepoint    ] Leaving safepoint region
[2019-12-09T02:26:46.948+0000][1][safepoint    ] Total time for which application threads were stopped: 0.0000812 seconds, Stopping threads took: 0.0000136 seconds
[2019-12-09T02:26:46.969+0000][1][safepoint    ] Application time: 0.0203341 seconds
[2019-12-09T02:26:46.969+0000][1][safepoint    ] Entering safepoint region: RevokeBias
[2019-12-09T02:26:46.969+0000][1][safepoint    ] Leaving safepoint region
[2019-12-09T02:26:46.969+0000][1][safepoint    ] Total time for which application threads were stopped: 0.0000769 seconds, Stopping threads took: 0.0000144 seconds
[2019-12-09T02:26:46.969+0000][1][safepoint    ] Application time: 0.0003666 seconds
[2019-12-09T02:26:46.969+0000][1][safepoint    ] Entering safepoint region: RevokeBias
[2019-12-09T02:26:46.969+0000][1][safepoint    ] Leaving safepoint region
[2019-12-09T02:26:46.969+0000][1][safepoint    ] Total time for which application threads were stopped: 0.0000871 seconds, Stopping threads took: 0.0000141 seconds
[2019-12-09T02:26:46.969+0000][1][safepoint    ] Application time: 0.0000648 seconds
[2019-12-09T02:26:46.969+0000][1][safepoint    ] Entering safepoint region: RevokeBias
[2019-12-09T02:26:46.969+0000][1][safepoint    ] Leaving safepoint region
[2019-12-09T02:26:46.969+0000][1][safepoint    ] Total time for which application threads were stopped: 0.0000583 seconds, Stopping threads took: 0.0000099 seconds
[2019-12-09T02:26:46.970+0000][1][safepoint    ] Application time: 0.0000568 seconds
[2019-12-09T02:26:46.970+0000][1][safepoint    ] Entering safepoint region: RevokeBias
[2019-12-09T02:26:46.970+0000][1][safepoint    ] Leaving safepoint region
[2019-12-09T02:26:46.970+0000][1][safepoint    ] Total time for which application threads were stopped: 0.0000570 seconds, Stopping threads took: 0.0000090 seconds
[2019-12-09T02:26:46.970+0000][1][safepoint    ] Application time: 0.0000605 seconds
[2019-12-09T02:26:46.970+0000][1][safepoint    ] Entering safepoint region: RevokeBias
[2019-12-09T02:26:46.970+0000][1][safepoint    ] Leaving safepoint region
[2019-12-09T02:26:46.970+0000][1][safepoint    ] Total time for which application threads were stopped: 0.0000526 seconds, Stopping threads took: 0.0000102 seconds
[2019-12-09T02:26:46.970+0000][1][safepoint    ] Application time: 0.0000534 seconds
[2019-12-09T02:26:46.970+0000][1][safepoint    ] Entering safepoint region: RevokeBias
[2019-12-09T02:26:46.970+0000][1][safepoint    ] Leaving safepoint region
[2019-12-09T02:26:46.970+0000][1][safepoint    ] Total time for which application threads were stopped: 0.0000487 seconds, Stopping threads took: 0.0000083 seconds
[2019-12-09T02:26:46.970+0000][1][safepoint    ] Application time: 0.0000504 seconds
[2019-12-09T02:26:46.970+0000][1][safepoint    ] Entering safepoint region: RevokeBias
[2019-12-09T02:26:46.970+0000][1][safepoint    ] Leaving safepoint region
[2019-12-09T02:26:46.970+0000][1][safepoint    ] Total time for which application threads were stopped: 0.0000442 seconds, Stopping threads took: 0.0000087 seconds
[2019-12-09T02:26:47.201+0000][1][safepoint    ] Application time: 0.2314893 seconds
[2019-12-09T02:26:47.202+0000][1][safepoint    ] Entering safepoint region: RevokeBias
[2019-12-09T02:26:47.202+0000][1][safepoint    ] Leaving safepoint region
[2019-12-09T02:26:47.202+0000][1][safepoint    ] Total time for which application threads were stopped: 0.0001212 seconds, Stopping threads took: 0.0000202 seconds
[2019-12-09T02:26:47.208+0000][1][safepoint    ] Application time: 0.0059286 seconds
[2019-12-09T02:26:47.208+0000][1][safepoint    ] Entering safepoint region: RevokeBias
[2019-12-09T02:26:47.208+0000][1][safepoint    ] Leaving safepoint region
[2019-12-09T02:26:47.208+0000][1][safepoint    ] Total time for which application threads were stopped: 0.0001269 seconds, Stopping threads took: 0.0000165 seconds
[2019-12-09T02:26:47.208+0000][1][safepoint    ] Application time: 0.0000616 seconds
[2019-12-09T02:26:47.208+0000][1][safepoint    ] Entering safepoint region: RevokeBias
[2019-12-09T02:26:47.208+0000][1][safepoint    ] Leaving safepoint region
[2019-12-09T02:26:47.208+0000][1][safepoint    ] Total time for which application threads were stopped: 0.0000604 seconds, Stopping threads took: 0.0000096 seconds
[2019-12-09T02:26:47.208+0000][1][safepoint    ] Application time: 0.0000661 seconds
[2019-12-09T02:26:47.208+0000][1][safepoint    ] Entering safepoint region: RevokeBias
[2019-12-09T02:26:47.208+0000][1][safepoint    ] Leaving safepoint region
[2019-12-09T02:26:47.208+0000][1][safepoint    ] Total time for which application threads were stopped: 0.0000517 seconds, Stopping threads took: 0.0000085 seconds
[2019-12-09T02:26:47.209+0000][1][safepoint    ] Application time: 0.0010289 seconds
[2019-12-09T02:26:47.209+0000][1][safepoint    ] Entering safepoint region: RevokeBias
[2019-12-09T02:26:47.209+0000][1][safepoint    ] Leaving safepoint region
[2019-12-09T02:26:47.209+0000][1][safepoint    ] Total time for which application threads were stopped: 0.0000811 seconds, Stopping threads took: 0.0000144 seconds
[2019-12-09T02:26:47.209+0000][1][safepoint    ] Application time: 0.0001646 seconds
[2019-12-09T02:26:47.209+0000][1][safepoint    ] Entering safepoint region: RevokeBias
[2019-12-09T02:26:47.209+0000][1][safepoint    ] Leaving safepoint region
[2019-12-09T02:26:47.209+0000][1][safepoint    ] Total time for which application threads were stopped: 0.0000676 seconds, Stopping threads took: 0.0000123 seconds
[2019-12-09T02:26:47.465+0000][1][safepoint    ] Application time: 0.2559252 seconds
[2019-12-09T02:26:47.470+0000][1][safepoint    ] Entering safepoint region: RevokeBias
[2019-12-09T02:26:47.470+0000][1][safepoint    ] Leaving safepoint region
[2019-12-09T02:26:47.470+0000][1][safepoint    ] Total time for which application threads were stopped: 0.0046118 seconds, Stopping threads took: 0.0045020 seconds
[2019-12-09T02:26:47.471+0000][1][safepoint    ] Application time: 0.0011916 seconds
[2019-12-09T02:26:47.471+0000][1][safepoint    ] Entering safepoint region: RevokeBias
[2019-12-09T02:26:47.471+0000][1][safepoint    ] Leaving safepoint region
[2019-12-09T02:26:47.471+0000][1][safepoint    ] Total time for which application threads were stopped: 0.0000970 seconds, Stopping threads took: 0.0000181 seconds
[2019-12-09T02:26:48.120+0000][1][safepoint    ] Application time: 0.6490396 seconds
[2019-12-09T02:26:48.120+0000][1][safepoint    ] Entering safepoint region: RevokeBias
[2019-12-09T02:26:48.121+0000][1][safepoint    ] Leaving safepoint region
[2019-12-09T02:26:48.121+0000][1][safepoint    ] Total time for which application threads were stopped: 0.0002770 seconds, Stopping threads took: 0.0001161 seconds
[2019-12-09T02:26:48.121+0000][1][safepoint    ] Application time: 0.0001831 seconds
[2019-12-09T02:26:48.121+0000][1][safepoint    ] Entering safepoint region: RevokeBias
[2019-12-09T02:26:48.121+0000][1][safepoint    ] Leaving safepoint region
[2019-12-09T02:26:48.121+0000][1][safepoint    ] Total time for which application threads were stopped: 0.0000702 seconds, Stopping threads took: 0.0000152 seconds
[2019-12-09T02:26:48.122+0000][1][safepoint    ] Application time: 0.0005799 seconds
[2019-12-09T02:26:48.122+0000][1][safepoint    ] Entering safepoint region: RevokeBias
[2019-12-09T02:26:48.122+0000][1][safepoint    ] Leaving safepoint region
[2019-12-09T02:26:48.122+0000][1][safepoint    ] Total time for which application threads were stopped: 0.0000701 seconds, Stopping threads took: 0.0000139 seconds
[2019-12-09T02:26:49.132+0000][1][safepoint    ] Application time: 1.0100447 seconds
[2019-12-09T02:26:49.162+0000][1][safepoint    ] Entering safepoint region: Cleanup
[2019-12-09T02:26:49.162+0000][1][safepoint    ] Leaving safepoint region
[2019-12-09T02:26:49.162+0000][1][safepoint    ] Total time for which application threads were stopped: 0.0301972 seconds, Stopping threads took: 0.0301164 seconds
[2019-12-09T02:26:50.163+0000][1][safepoint    ] Application time: 1.0007791 seconds
[2019-12-09T02:26:50.163+0000][1][safepoint    ] Entering safepoint region: Cleanup
[2019-12-09T02:26:50.163+0000][1][safepoint    ] Leaving safepoint region
[2019-12-09T02:26:50.163+0000][1][safepoint    ] Total time for which application threads were stopped: 0.0001015 seconds, Stopping threads took: 0.0000215 seconds
[2019-12-09T02:26:51.164+0000][1][safepoint    ] Application time: 1.0009378 seconds
[2019-12-09T02:26:51.164+0000][1][safepoint    ] Entering safepoint region: Cleanup
[2019-12-09T02:26:51.164+0000][1][safepoint    ] Leaving safepoint region
[2019-12-09T02:26:51.164+0000][1][safepoint    ] Total time for which application threads were stopped: 0.0000849 seconds, Stopping threads took: 0.0000206 seconds
[2019-12-09T02:26:52.167+0000][1][safepoint    ] Application time: 1.0028022 seconds
[2019-12-09T02:26:52.167+0000][1][safepoint    ] Entering safepoint region: Cleanup
[2019-12-09T02:26:52.167+0000][1][safepoint    ] Leaving safepoint region
[2019-12-09T02:26:52.167+0000][1][safepoint    ] Total time for which application threads were stopped: 0.0000931 seconds, Stopping threads took: 0.0000221 seconds
[2019-12-09T02:26:53.168+0000][1][safepoint    ] Application time: 1.0008185 seconds
[2019-12-09T02:26:53.168+0000][1][safepoint    ] Entering safepoint region: Cleanup
[2019-12-09T02:26:53.168+0000][1][safepoint    ] Leaving safepoint region
[2019-12-09T02:26:53.168+0000][1][safepoint    ] Total time for which application threads were stopped: 0.0001029 seconds, Stopping threads took: 0.0000268 seconds
[2019-12-09T02:26:54.170+0000][1][safepoint    ] Application time: 1.0018406 seconds
[2019-12-09T02:26:54.170+0000][1][safepoint    ] Entering safepoint region: Cleanup
[2019-12-09T02:26:54.170+0000][1][safepoint    ] Leaving safepoint region
[2019-12-09T02:26:54.170+0000][1][safepoint    ] Total time for which application threads were stopped: 0.0001046 seconds, Stopping threads took: 0.0000232 seconds
[2019-12-09T02:26:55.173+0000][1][safepoint    ] Application time: 1.0028447 seconds
[2019-12-09T02:26:55.173+0000][1][safepoint    ] Entering safepoint region: Cleanup
[2019-12-09T02:26:55.173+0000][1][safepoint    ] Leaving safepoint region
[2019-12-09T02:26:55.173+0000][1][safepoint    ] Total time for which application threads were stopped: 0.0001089 seconds, Stopping threads took: 0.0000258 seconds
[2019-12-09T02:26:56.175+0000][1][safepoint    ] Application time: 1.0018329 seconds
[2019-12-09T02:26:56.175+0000][1][safepoint    ] Entering safepoint region: Cleanup
[2019-12-09T02:26:56.175+0000][1][safepoint    ] Leaving safepoint region
[2019-12-09T02:26:56.175+0000][1][safepoint    ] Total time for which application threads were stopped: 0.0001061 seconds, Stopping threads took: 0.0000232 seconds
[2019-12-09T02:26:57.177+0000][1][safepoint    ] Application time: 1.0018391 seconds
[2019-12-09T02:26:57.177+0000][1][safepoint    ] Entering safepoint region: Cleanup
[2019-12-09T02:26:57.177+0000][1][safepoint    ] Leaving safepoint region
[2019-12-09T02:26:57.177+0000][1][safepoint    ] Total time for which application threads were stopped: 0.0001072 seconds, Stopping threads took: 0.0000255 seconds
[2019-12-09T02:26:58.178+0000][1][safepoint    ] Application time: 1.0008780 seconds
[2019-12-09T02:26:58.178+0000][1][safepoint    ] Entering safepoint region: Cleanup
[2019-12-09T02:26:58.178+0000][1][safepoint    ] Leaving safepoint region
[2019-12-09T02:26:58.178+0000][1][safepoint    ] Total time for which application threads were stopped: 0.0001080 seconds, Stopping threads took: 0.0000265 seconds
[2019-12-09T02:26:59.179+0000][1][safepoint    ] Application time: 1.0008880 seconds
[2019-12-09T02:26:59.179+0000][1][safepoint    ] Entering safepoint region: Cleanup
[2019-12-09T02:26:59.179+0000][1][safepoint    ] Leaving safepoint region
[2019-12-09T02:26:59.179+0000][1][safepoint    ] Total time for which application threads were stopped: 0.0001099 seconds, Stopping threads took: 0.0000251 seconds
[2019-12-09T02:27:00.180+0000][1][safepoint    ] Application time: 1.0007505 seconds
[2019-12-09T02:27:00.180+0000][1][safepoint    ] Entering safepoint region: Cleanup
[2019-12-09T02:27:00.180+0000][1][safepoint    ] Leaving safepoint region
[2019-12-09T02:27:00.180+0000][1][safepoint    ] Total time for which application threads were stopped: 0.0001124 seconds, Stopping threads took: 0.0000350 seconds
[2019-12-09T02:27:01.181+0000][1][safepoint    ] Application time: 1.0008157 seconds
[2019-12-09T02:27:01.181+0000][1][safepoint    ] Entering safepoint region: Cleanup
[2019-12-09T02:27:01.181+0000][1][safepoint    ] Leaving safepoint region
[2019-12-09T02:27:01.181+0000][1][safepoint    ] Total time for which application threads were stopped: 0.0001197 seconds, Stopping threads took: 0.0000246 seconds
[2019-12-09T02:27:02.191+0000][1][safepoint    ] Application time: 1.0097823 seconds
[2019-12-09T02:27:02.191+0000][1][safepoint    ] Entering safepoint region: Cleanup
[2019-12-09T02:27:02.191+0000][1][safepoint    ] Leaving safepoint region
[2019-12-09T02:27:02.191+0000][1][safepoint    ] Total time for which application threads were stopped: 0.0001118 seconds, Stopping threads took: 0.0000251 seconds
[2019-12-09T02:27:03.194+0000][1][safepoint    ] Application time: 1.0028813 seconds
[2019-12-09T02:27:03.194+0000][1][safepoint    ] Entering safepoint region: Cleanup
[2019-12-09T02:27:03.194+0000][1][safepoint    ] Leaving safepoint region
[2019-12-09T02:27:03.194+0000][1][safepoint    ] Total time for which application threads were stopped: 0.0001040 seconds, Stopping threads took: 0.0000227 seconds
[2019-12-09T02:27:04.204+0000][1][safepoint    ] Application time: 1.0099641 seconds
[2019-12-09T02:27:04.204+0000][1][safepoint    ] Entering safepoint region: Cleanup
[2019-12-09T02:27:04.204+0000][1][safepoint    ] Leaving safepoint region
[2019-12-09T02:27:04.204+0000][1][safepoint    ] Total time for which application threads were stopped: 0.0001131 seconds, Stopping threads took: 0.0000313 seconds
[2019-12-09T02:27:05.215+0000][1][safepoint    ] Application time: 1.0107337 seconds
[2019-12-09T02:27:05.215+0000][1][safepoint    ] Entering safepoint region: Cleanup
[2019-12-09T02:27:05.215+0000][1][safepoint    ] Leaving safepoint region
[2019-12-09T02:27:05.215+0000][1][safepoint    ] Total time for which application threads were stopped: 0.0001042 seconds, Stopping threads took: 0.0000239 seconds
[2019-12-09T02:27:06.216+0000][1][safepoint    ] Application time: 1.0008323 seconds
[2019-12-09T02:27:06.216+0000][1][safepoint    ] Entering safepoint region: Cleanup
[2019-12-09T02:27:06.216+0000][1][safepoint    ] Leaving safepoint region
[2019-12-09T02:27:06.216+0000][1][safepoint    ] Total time for which application threads were stopped: 0.0001147 seconds, Stopping threads took: 0.0000256 seconds
[2019-12-09T02:27:07.217+0000][1][safepoint    ] Application time: 1.0008485 seconds
[2019-12-09T02:27:07.217+0000][1][safepoint    ] Entering safepoint region: Cleanup
[2019-12-09T02:27:07.217+0000][1][safepoint    ] Leaving safepoint region
[2019-12-09T02:27:07.217+0000][1][safepoint    ] Total time for which application threads were stopped: 0.0001115 seconds, Stopping threads took: 0.0000240 seconds
[2019-12-09T02:27:08.218+0000][1][safepoint    ] Application time: 1.0008622 seconds
[2019-12-09T02:27:08.218+0000][1][safepoint    ] Entering safepoint region: Cleanup
[2019-12-09T02:27:08.218+0000][1][safepoint    ] Leaving safepoint region
[2019-12-09T02:27:08.218+0000][1][safepoint    ] Total time for which application threads were stopped: 0.0001110 seconds, Stopping threads took: 0.0000249 seconds
[2019-12-09T02:27:09.220+0000][1][safepoint    ] Application time: 1.0018216 seconds
[2019-12-09T02:27:09.220+0000][1][safepoint    ] Entering safepoint region: Cleanup
[2019-12-09T02:27:09.220+0000][1][safepoint    ] Leaving safepoint region
[2019-12-09T02:27:09.220+0000][1][safepoint    ] Total time for which application threads were stopped: 0.0001061 seconds, Stopping threads took: 0.0000266 seconds
[2019-12-09T02:27:10.221+0000][1][safepoint    ] Application time: 1.0008526 seconds
[2019-12-09T02:27:10.221+0000][1][safepoint    ] Entering safepoint region: Cleanup
[2019-12-09T02:27:10.221+0000][1][safepoint    ] Leaving safepoint region
[2019-12-09T02:27:10.221+0000][1][safepoint    ] Total time for which application threads were stopped: 0.0001191 seconds, Stopping threads took: 0.0000350 seconds
[2019-12-09T02:27:11.222+0000][1][safepoint    ] Application time: 1.0008162 seconds
[2019-12-09T02:27:11.222+0000][1][safepoint    ] Entering safepoint region: Cleanup
[2019-12-09T02:27:11.222+0000][1][safepoint    ] Leaving safepoint region
[2019-12-09T02:27:11.222+0000][1][safepoint    ] Total time for which application threads were stopped: 0.0001037 seconds, Stopping threads took: 0.0000246 seconds
[2019-12-09T02:27:12.223+0000][1][safepoint    ] Application time: 1.0008325 seconds
[2019-12-09T02:27:12.223+0000][1][safepoint    ] Entering safepoint region: Cleanup
[2019-12-09T02:27:12.223+0000][1][safepoint    ] Leaving safepoint region
[2019-12-09T02:27:12.223+0000][1][safepoint    ] Total time for which application threads were stopped: 0.0000952 seconds, Stopping threads took: 0.0000235 seconds
[2019-12-09T02:27:13.224+0000][1][safepoint    ] Application time: 1.0008579 seconds
[2019-12-09T02:27:13.224+0000][1][safepoint    ] Entering safepoint region: Cleanup
[2019-12-09T02:27:13.224+0000][1][safepoint    ] Leaving safepoint region
[2019-12-09T02:27:13.224+0000][1][safepoint    ] Total time for which application threads were stopped: 0.0001211 seconds, Stopping threads took: 0.0000274 seconds
[2019-12-09T02:27:14.224+0000][1][safepoint    ] Application time: 1.0000788 seconds
[2019-12-09T02:27:14.224+0000][1][safepoint    ] Entering safepoint region: Cleanup
[2019-12-09T02:27:14.224+0000][1][safepoint    ] Leaving safepoint region
[2019-12-09T02:27:14.224+0000][1][safepoint    ] Total time for which application threads were stopped: 0.0000833 seconds, Stopping threads took: 0.0000180 seconds
[2019-12-09T02:27:15.224+0000][1][safepoint    ] Application time: 1.0000514 seconds
[2019-12-09T02:27:15.224+0000][1][safepoint    ] Entering safepoint region: Cleanup
[2019-12-09T02:27:15.224+0000][1][safepoint    ] Leaving safepoint region
[2019-12-09T02:27:15.224+0000][1][safepoint    ] Total time for which application threads were stopped: 0.0000969 seconds, Stopping threads took: 0.0000230 seconds
[2019-12-09T02:27:16.225+0000][1][safepoint    ] Application time: 1.0004864 seconds
[2019-12-09T02:27:16.225+0000][1][safepoint    ] Entering safepoint region: Cleanup
[2019-12-09T02:27:16.225+0000][1][safepoint    ] Leaving safepoint region
[2019-12-09T02:27:16.225+0000][1][safepoint    ] Total time for which application threads were stopped: 0.0001125 seconds, Stopping threads took: 0.0000271 seconds
[2019-12-09T02:27:17.225+0000][1][safepoint    ] Application time: 1.0000791 seconds
[2019-12-09T02:27:17.225+0000][1][safepoint    ] Entering safepoint region: Cleanup
[2019-12-09T02:27:17.225+0000][1][safepoint    ] Leaving safepoint region
[2019-12-09T02:27:17.225+0000][1][safepoint    ] Total time for which application threads were stopped: 0.0000780 seconds, Stopping threads took: 0.0000169 seconds
[2019-12-09T02:27:18.225+0000][1][safepoint    ] Application time: 1.0000789 seconds
[2019-12-09T02:27:18.225+0000][1][safepoint    ] Entering safepoint region: Cleanup
[2019-12-09T02:27:18.225+0000][1][safepoint    ] Leaving safepoint region
[2019-12-09T02:27:18.225+0000][1][safepoint    ] Total time for which application threads were stopped: 0.0000919 seconds, Stopping threads took: 0.0000224 seconds
[2019-12-09T02:27:19.225+0000][1][safepoint    ] Application time: 1.0000890 seconds
[2019-12-09T02:27:19.226+0000][1][safepoint    ] Entering safepoint region: Cleanup
[2019-12-09T02:27:19.226+0000][1][safepoint    ] Leaving safepoint region
[2019-12-09T02:27:19.226+0000][1][safepoint    ] Total time for which application threads were stopped: 0.0001125 seconds, Stopping threads took: 0.0000247 seconds
[2019-12-09T02:27:20.226+0000][1][safepoint    ] Application time: 1.0000790 seconds
[2019-12-09T02:27:20.226+0000][1][safepoint    ] Entering safepoint region: Cleanup
[2019-12-09T02:27:20.226+0000][1][safepoint    ] Leaving safepoint region
[2019-12-09T02:27:20.226+0000][1][safepoint    ] Total time for which application threads were stopped: 0.0000832 seconds, Stopping threads took: 0.0000239 seconds
[2019-12-09T02:27:21.226+0000][1][safepoint    ] Application time: 1.0000855 seconds
[2019-12-09T02:27:21.226+0000][1][safepoint    ] Entering safepoint region: Cleanup
[2019-12-09T02:27:21.226+0000][1][safepoint    ] Leaving safepoint region
[2019-12-09T02:27:21.226+0000][1][safepoint    ] Total time for which application threads were stopped: 0.0001108 seconds, Stopping threads took: 0.0000269 seconds
[2019-12-09T02:27:22.226+0000][1][safepoint    ] Application time: 1.0000797 seconds
[2019-12-09T02:27:22.226+0000][1][safepoint    ] Entering safepoint region: Cleanup
[2019-12-09T02:27:22.226+0000][1][safepoint    ] Leaving safepoint region
[2019-12-09T02:27:22.226+0000][1][safepoint    ] Total time for which application threads were stopped: 0.0000728 seconds, Stopping threads took: 0.0000171 seconds
[2019-12-09T02:27:23.232+0000][1][safepoint    ] Application time: 1.0055833 seconds
[2019-12-09T02:27:23.232+0000][1][safepoint    ] Entering safepoint region: Cleanup
[2019-12-09T02:27:23.232+0000][1][safepoint    ] Leaving safepoint region
[2019-12-09T02:27:23.232+0000][1][safepoint    ] Total time for which application threads were stopped: 0.0001033 seconds, Stopping threads took: 0.0000229 seconds
[2019-12-09T02:27:24.232+0000][1][safepoint    ] Application time: 1.0000825 seconds
[2019-12-09T02:27:24.232+0000][1][safepoint    ] Entering safepoint region: Cleanup
[2019-12-09T02:27:24.232+0000][1][safepoint    ] Leaving safepoint region
[2019-12-09T02:27:24.232+0000][1][safepoint    ] Total time for which application threads were stopped: 0.0001064 seconds, Stopping threads took: 0.0000218 seconds
[2019-12-09T02:27:25.232+0000][1][safepoint    ] Application time: 1.0000749 seconds
[2019-12-09T02:27:25.232+0000][1][safepoint    ] Entering safepoint region: Cleanup
[2019-12-09T02:27:25.232+0000][1][safepoint    ] Leaving safepoint region
[2019-12-09T02:27:25.232+0000][1][safepoint    ] Total time for which application threads were stopped: 0.0000849 seconds, Stopping threads took: 0.0000176 seconds
[2019-12-09T02:27:26.235+0000][1][safepoint    ] Application time: 1.0022748 seconds
[2019-12-09T02:27:26.235+0000][1][safepoint    ] Entering safepoint region: Cleanup
[2019-12-09T02:27:26.235+0000][1][safepoint    ] Leaving safepoint region
[2019-12-09T02:27:26.235+0000][1][safepoint    ] Total time for which application threads were stopped: 0.0001154 seconds, Stopping threads took: 0.0000255 seconds
[2019-12-09T02:27:27.235+0000][1][safepoint    ] Application time: 1.0000605 seconds
[2019-12-09T02:27:27.235+0000][1][safepoint    ] Entering safepoint region: Cleanup
[2019-12-09T02:27:27.235+0000][1][safepoint    ] Leaving safepoint region
[2019-12-09T02:27:27.235+0000][1][safepoint    ] Total time for which application threads were stopped: 0.0000933 seconds, Stopping threads took: 0.0000225 seconds
[2019-12-09T02:27:28.235+0000][1][safepoint    ] Application time: 1.0000735 seconds
[2019-12-09T02:27:28.235+0000][1][safepoint    ] Entering safepoint region: Cleanup
[2019-12-09T02:27:28.235+0000][1][safepoint    ] Leaving safepoint region
[2019-12-09T02:27:28.235+0000][1][safepoint    ] Total time for which application threads were stopped: 0.0000868 seconds, Stopping threads took: 0.0000208 seconds
[2019-12-09T02:27:29.235+0000][1][safepoint    ] Application time: 1.0000753 seconds
[2019-12-09T02:27:29.235+0000][1][safepoint    ] Entering safepoint region: Cleanup
[2019-12-09T02:27:29.235+0000][1][safepoint    ] Leaving safepoint region
[2019-12-09T02:27:29.235+0000][1][safepoint    ] Total time for which application threads were stopped: 0.0000822 seconds, Stopping threads took: 0.0000171 seconds
[2019-12-09T02:27:30.236+0000][1][safepoint    ] Application time: 1.0000758 seconds
[2019-12-09T02:27:30.236+0000][1][safepoint    ] Entering safepoint region: Cleanup
[2019-12-09T02:27:30.236+0000][1][safepoint    ] Leaving safepoint region
[2019-12-09T02:27:30.236+0000][1][safepoint    ] Total time for which application threads were stopped: 0.0000803 seconds, Stopping threads took: 0.0000242 seconds
[2019-12-09T02:27:30.493+0000][1][safepoint    ] Application time: 0.2570405 seconds
[2019-12-09T02:27:30.493+0000][1][safepoint    ] Entering safepoint region: GenCollectForAllocation
[2019-12-09T02:27:30.493+0000][1][gc,start     ] GC(23) Pause Young (Allocation Failure)
[2019-12-09T02:27:30.493+0000][1][gc,task      ] GC(23) Using 2 workers of 2 for evacuation
[2019-12-09T02:27:30.510+0000][1][gc,age       ] GC(23) Desired survivor size 4456448 bytes, new threshold 2 (max threshold 6)
[2019-12-09T02:27:30.510+0000][1][gc,age       ] GC(23) Age table with threshold 2 (max threshold 6)
[2019-12-09T02:27:30.510+0000][1][gc,age       ] GC(23) - age   1:    1514280 bytes,    1514280 total
[2019-12-09T02:27:30.510+0000][1][gc,age       ] GC(23) - age   2:    3388848 bytes,    4903128 total
[2019-12-09T02:27:30.510+0000][1][gc,heap      ] GC(23) ParNew: 76908K->7365K(78656K)
[2019-12-09T02:27:30.510+0000][1][gc,heap      ] GC(23) CMS: 62913K->64583K(174784K)
[2019-12-09T02:27:30.510+0000][1][gc,metaspace ] GC(23) Metaspace: 67563K->67563K(1110016K)
[2019-12-09T02:27:30.510+0000][1][gc           ] GC(23) Pause Young (Allocation Failure) 136M->70M(247M) 17.448ms
[2019-12-09T02:27:30.510+0000][1][gc,cpu       ] GC(23) User=0.03s Sys=0.00s Real=0.02s
[2019-12-09T02:27:30.510+0000][1][safepoint    ] Leaving safepoint region
[2019-12-09T02:27:30.510+0000][1][safepoint    ] Total time for which application threads were stopped: 0.0176067 seconds, Stopping threads took: 0.0000201 seconds
[2019-12-09T02:27:31.510+0000][1][safepoint    ] Application time: 1.0000965 seconds
[2019-12-09T02:27:31.511+0000][1][safepoint    ] Entering safepoint region: Cleanup
[2019-12-09T02:27:31.511+0000][1][safepoint    ] Leaving safepoint region
[2019-12-09T02:27:31.511+0000][1][safepoint    ] Total time for which application threads were stopped: 0.0001006 seconds, Stopping threads took: 0.0000147 seconds
[2019-12-09T02:27:32.511+0000][1][safepoint    ] Application time: 1.0000731 seconds
[2019-12-09T02:27:32.511+0000][1][safepoint    ] Entering safepoint region: Cleanup
[2019-12-09T02:27:32.511+0000][1][safepoint    ] Leaving safepoint region
[2019-12-09T02:27:32.511+0000][1][safepoint    ] Total time for which application threads were stopped: 0.0000965 seconds, Stopping threads took: 0.0000174 seconds
[2019-12-09T02:27:33.511+0000][1][safepoint    ] Application time: 1.0000795 seconds
[2019-12-09T02:27:33.511+0000][1][safepoint    ] Entering safepoint region: Cleanup
[2019-12-09T02:27:33.511+0000][1][safepoint    ] Leaving safepoint region
[2019-12-09T02:27:33.511+0000][1][safepoint    ] Total time for which application threads were stopped: 0.0000782 seconds, Stopping threads took: 0.0000177 seconds
[2019-12-09T02:27:34.511+0000][1][safepoint    ] Application time: 1.0000739 seconds
[2019-12-09T02:27:34.511+0000][1][safepoint    ] Entering safepoint region: Cleanup
[2019-12-09T02:27:34.511+0000][1][safepoint    ] Leaving safepoint region
[2019-12-09T02:27:34.511+0000][1][safepoint    ] Total time for which application threads were stopped: 0.0000880 seconds, Stopping threads took: 0.0000259 seconds
[2019-12-09T02:27:35.511+0000][1][safepoint    ] Application time: 1.0000754 seconds
[2019-12-09T02:27:35.511+0000][1][safepoint    ] Entering safepoint region: Cleanup
[2019-12-09T02:27:35.511+0000][1][safepoint    ] Leaving safepoint region
[2019-12-09T02:27:35.511+0000][1][safepoint    ] Total time for which application threads were stopped: 0.0000767 seconds, Stopping threads took: 0.0000174 seconds
[2019-12-09T02:27:36.512+0000][1][safepoint    ] Application time: 1.0000763 seconds
[2019-12-09T02:27:36.512+0000][1][safepoint    ] Entering safepoint region: Cleanup
[2019-12-09T02:27:36.512+0000][1][safepoint    ] Leaving safepoint region
[2019-12-09T02:27:36.512+0000][1][safepoint    ] Total time for which application threads were stopped: 0.0000771 seconds, Stopping threads took: 0.0000176 seconds
[2019-12-09T02:27:37.512+0000][1][safepoint    ] Application time: 1.0000758 seconds
[2019-12-09T02:27:37.512+0000][1][safepoint    ] Entering safepoint region: Cleanup
[2019-12-09T02:27:37.512+0000][1][safepoint    ] Leaving safepoint region
[2019-12-09T02:27:37.512+0000][1][safepoint    ] Total time for which application threads were stopped: 0.0000840 seconds, Stopping threads took: 0.0000221 seconds
[2019-12-09T02:27:38.512+0000][1][safepoint    ] Application time: 1.0000765 seconds
[2019-12-09T02:27:38.512+0000][1][safepoint    ] Entering safepoint region: Cleanup
[2019-12-09T02:27:38.512+0000][1][safepoint    ] Leaving safepoint region
[2019-12-09T02:27:38.512+0000][1][safepoint    ] Total time for which application threads were stopped: 0.0000738 seconds, Stopping threads took: 0.0000176 seconds
[2019-12-09T02:27:39.512+0000][1][safepoint    ] Application time: 1.0000752 seconds
[2019-12-09T02:27:39.512+0000][1][safepoint    ] Entering safepoint region: Cleanup
[2019-12-09T02:27:39.512+0000][1][safepoint    ] Leaving safepoint region
[2019-12-09T02:27:39.512+0000][1][safepoint    ] Total time for which application threads were stopped: 0.0000760 seconds, Stopping threads took: 0.0000161 seconds
[2019-12-09T02:27:40.512+0000][1][safepoint    ] Application time: 1.0000753 seconds
[2019-12-09T02:27:40.512+0000][1][safepoint    ] Entering safepoint region: Cleanup
[2019-12-09T02:27:40.512+0000][1][safepoint    ] Leaving safepoint region
[2019-12-09T02:27:40.512+0000][1][safepoint    ] Total time for which application threads were stopped: 0.0000721 seconds, Stopping threads took: 0.0000166 seconds
[2019-12-09T02:27:41.512+0000][1][safepoint    ] Application time: 1.0000747 seconds
[2019-12-09T02:27:41.513+0000][1][safepoint    ] Entering safepoint region: Cleanup
[2019-12-09T02:27:41.513+0000][1][safepoint    ] Leaving safepoint region
[2019-12-09T02:27:41.513+0000][1][safepoint    ] Total time for which application threads were stopped: 0.0000738 seconds, Stopping threads took: 0.0000152 seconds
[2019-12-09T02:27:42.513+0000][1][safepoint    ] Application time: 1.0000747 seconds
[2019-12-09T02:27:42.513+0000][1][safepoint    ] Entering safepoint region: Cleanup
[2019-12-09T02:27:42.513+0000][1][safepoint    ] Leaving safepoint region
[2019-12-09T02:27:42.513+0000][1][safepoint    ] Total time for which application threads were stopped: 0.0000786 seconds, Stopping threads took: 0.0000184 seconds
[2019-12-09T02:27:43.513+0000][1][safepoint    ] Application time: 1.0000768 seconds
[2019-12-09T02:27:43.513+0000][1][safepoint    ] Entering safepoint region: Cleanup
[2019-12-09T02:27:43.513+0000][1][safepoint    ] Leaving safepoint region
[2019-12-09T02:27:43.513+0000][1][safepoint    ] Total time for which application threads were stopped: 0.0000702 seconds, Stopping threads took: 0.0000158 seconds
[2019-12-09T02:27:44.513+0000][1][safepoint    ] Application time: 1.0000790 seconds
[2019-12-09T02:27:44.513+0000][1][safepoint    ] Entering safepoint region: Cleanup
[2019-12-09T02:27:44.513+0000][1][safepoint    ] Leaving safepoint region
[2019-12-09T02:27:44.513+0000][1][safepoint    ] Total time for which application threads were stopped: 0.0000708 seconds, Stopping threads took: 0.0000155 seconds
[2019-12-09T02:27:46.513+0000][1][safepoint    ] Application time: 2.0001507 seconds
[2019-12-09T02:27:46.513+0000][1][safepoint    ] Entering safepoint region: Cleanup
[2019-12-09T02:27:46.513+0000][1][safepoint    ] Leaving safepoint region
[2019-12-09T02:27:46.513+0000][1][safepoint    ] Total time for which application threads were stopped: 0.0000746 seconds, Stopping threads took: 0.0000164 seconds
[2019-12-09T02:27:47.513+0000][1][safepoint    ] Application time: 1.0000756 seconds
[2019-12-09T02:27:47.514+0000][1][safepoint    ] Entering safepoint region: Cleanup
[2019-12-09T02:27:47.514+0000][1][safepoint    ] Leaving safepoint region
[2019-12-09T02:27:47.514+0000][1][safepoint    ] Total time for which application threads were stopped: 0.0000725 seconds, Stopping threads took: 0.0000149 seconds
[2019-12-09T02:27:48.514+0000][1][safepoint    ] Application time: 1.0000794 seconds
[2019-12-09T02:27:48.514+0000][1][safepoint    ] Entering safepoint region: Cleanup
[2019-12-09T02:27:48.514+0000][1][safepoint    ] Leaving safepoint region
[2019-12-09T02:27:48.514+0000][1][safepoint    ] Total time for which application threads were stopped: 0.0000724 seconds, Stopping threads took: 0.0000148 seconds
[2019-12-09T02:27:49.514+0000][1][safepoint    ] Application time: 1.0000778 seconds
[2019-12-09T02:27:49.514+0000][1][safepoint    ] Entering safepoint region: Cleanup
[2019-12-09T02:27:49.514+0000][1][safepoint    ] Leaving safepoint region
[2019-12-09T02:27:49.514+0000][1][safepoint    ] Total time for which application threads were stopped: 0.0000750 seconds, Stopping threads took: 0.0000170 seconds
[2019-12-09T02:27:50.514+0000][1][safepoint    ] Application time: 1.0000859 seconds
[2019-12-09T02:27:50.514+0000][1][safepoint    ] Entering safepoint region: Cleanup
[2019-12-09T02:27:50.514+0000][1][safepoint    ] Leaving safepoint region
[2019-12-09T02:27:50.514+0000][1][safepoint    ] Total time for which application threads were stopped: 0.0000954 seconds, Stopping threads took: 0.0000222 seconds
[2019-12-09T02:27:51.515+0000][1][safepoint    ] Application time: 1.0005629 seconds
[2019-12-09T02:27:51.515+0000][1][safepoint    ] Entering safepoint region: Cleanup
[2019-12-09T02:27:51.515+0000][1][safepoint    ] Leaving safepoint region
[2019-12-09T02:27:51.515+0000][1][safepoint    ] Total time for which application threads were stopped: 0.0000910 seconds, Stopping threads took: 0.0000199 seconds
[2019-12-09T02:27:56.515+0000][1][safepoint    ] Application time: 5.0003385 seconds
[2019-12-09T02:27:56.515+0000][1][safepoint    ] Entering safepoint region: Cleanup
[2019-12-09T02:27:56.515+0000][1][safepoint    ] Leaving safepoint region
[2019-12-09T02:27:56.515+0000][1][safepoint    ] Total time for which application threads were stopped: 0.0000681 seconds, Stopping threads took: 0.0000140 seconds
[2019-12-09T02:27:57.515+0000][1][safepoint    ] Application time: 1.0000770 seconds
[2019-12-09T02:27:57.515+0000][1][safepoint    ] Entering safepoint region: Cleanup
[2019-12-09T02:27:57.516+0000][1][safepoint    ] Leaving safepoint region
[2019-12-09T02:27:57.516+0000][1][safepoint    ] Total time for which application threads were stopped: 0.0000733 seconds, Stopping threads took: 0.0000158 seconds
[2019-12-09T02:28:01.516+0000][1][safepoint    ] Application time: 4.0002747 seconds
[2019-12-09T02:28:01.516+0000][1][safepoint    ] Entering safepoint region: Cleanup
[2019-12-09T02:28:01.516+0000][1][safepoint    ] Leaving safepoint region
[2019-12-09T02:28:01.516+0000][1][safepoint    ] Total time for which application threads were stopped: 0.0000834 seconds, Stopping threads took: 0.0000176 seconds
[2019-12-09T02:28:02.518+0000][1][safepoint    ] Application time: 1.0017445 seconds
[2019-12-09T02:28:02.518+0000][1][safepoint    ] Entering safepoint region: Cleanup
[2019-12-09T02:28:02.518+0000][1][safepoint    ] Leaving safepoint region
[2019-12-09T02:28:02.518+0000][1][safepoint    ] Total time for which application threads were stopped: 0.0001006 seconds, Stopping threads took: 0.0000238 seconds
[2019-12-09T02:28:03.518+0000][1][safepoint    ] Application time: 1.0000757 seconds
[2019-12-09T02:28:03.518+0000][1][safepoint    ] Entering safepoint region: Cleanup
[2019-12-09T02:28:03.518+0000][1][safepoint    ] Leaving safepoint region
[2019-12-09T02:28:03.518+0000][1][safepoint    ] Total time for which application threads were stopped: 0.0000790 seconds, Stopping threads took: 0.0000155 seconds
[2019-12-09T02:28:06.518+0000][1][safepoint    ] Application time: 3.0002096 seconds
[2019-12-09T02:28:06.518+0000][1][safepoint    ] Entering safepoint region: Cleanup
[2019-12-09T02:28:06.518+0000][1][safepoint    ] Leaving safepoint region
[2019-12-09T02:28:06.518+0000][1][safepoint    ] Total time for which application threads were stopped: 0.0000818 seconds, Stopping threads took: 0.0000247 seconds
[2019-12-09T02:28:09.519+0000][1][safepoint    ] Application time: 3.0002157 seconds
[2019-12-09T02:28:09.519+0000][1][safepoint    ] Entering safepoint region: Cleanup
[2019-12-09T02:28:09.519+0000][1][safepoint    ] Leaving safepoint region
[2019-12-09T02:28:09.519+0000][1][safepoint    ] Total time for which application threads were stopped: 0.0000829 seconds, Stopping threads took: 0.0000160 seconds
[2019-12-09T02:28:11.519+0000][1][safepoint    ] Application time: 2.0001436 seconds
[2019-12-09T02:28:11.519+0000][1][safepoint    ] Entering safepoint region: Cleanup
[2019-12-09T02:28:11.519+0000][1][safepoint    ] Leaving safepoint region
[2019-12-09T02:28:11.519+0000][1][safepoint    ] Total time for which application threads were stopped: 0.0000778 seconds, Stopping threads took: 0.0000147 seconds
[2019-12-09T02:28:13.519+0000][1][safepoint    ] Application time: 2.0001403 seconds
[2019-12-09T02:28:13.519+0000][1][safepoint    ] Entering safepoint region: Cleanup
[2019-12-09T02:28:13.519+0000][1][safepoint    ] Leaving safepoint region
[2019-12-09T02:28:13.519+0000][1][safepoint    ] Total time for which application threads were stopped: 0.0000707 seconds, Stopping threads took: 0.0000155 seconds
[2019-12-09T02:28:14.519+0000][1][safepoint    ] Application time: 1.0000761 seconds
[2019-12-09T02:28:14.519+0000][1][safepoint    ] Entering safepoint region: Cleanup
[2019-12-09T02:28:14.519+0000][1][safepoint    ] Leaving safepoint region
[2019-12-09T02:28:14.519+0000][1][safepoint    ] Total time for which application threads were stopped: 0.0000744 seconds, Stopping threads took: 0.0000163 seconds
[2019-12-09T02:28:17.520+0000][1][safepoint    ] Application time: 3.0002112 seconds
[2019-12-09T02:28:17.520+0000][1][safepoint    ] Entering safepoint region: Cleanup
[2019-12-09T02:28:17.520+0000][1][safepoint    ] Leaving safepoint region
[2019-12-09T02:28:17.520+0000][1][safepoint    ] Total time for which application threads were stopped: 0.0000723 seconds, Stopping threads took: 0.0000158 seconds
[2019-12-09T02:28:18.520+0000][1][safepoint    ] Application time: 1.0000769 seconds
[2019-12-09T02:28:18.520+0000][1][safepoint    ] Entering safepoint region: Cleanup
[2019-12-09T02:28:18.520+0000][1][safepoint    ] Leaving safepoint region
[2019-12-09T02:28:18.520+0000][1][safepoint    ] Total time for which application threads were stopped: 0.0000743 seconds, Stopping threads took: 0.0000160 seconds
[2019-12-09T02:28:19.520+0000][1][safepoint    ] Application time: 1.0000772 seconds
[2019-12-09T02:28:19.520+0000][1][safepoint    ] Entering safepoint region: Cleanup
[2019-12-09T02:28:19.520+0000][1][safepoint    ] Leaving safepoint region
[2019-12-09T02:28:19.520+0000][1][safepoint    ] Total time for which application threads were stopped: 0.0000900 seconds, Stopping threads took: 0.0000246 seconds
[2019-12-09T02:28:20.520+0000][1][safepoint    ] Application time: 1.0000757 seconds
[2019-12-09T02:28:20.520+0000][1][safepoint    ] Entering safepoint region: Cleanup
[2019-12-09T02:28:20.520+0000][1][safepoint    ] Leaving safepoint region
[2019-12-09T02:28:20.520+0000][1][safepoint    ] Total time for which application threads were stopped: 0.0000735 seconds, Stopping threads took: 0.0000156 seconds
[2019-12-09T02:28:21.520+0000][1][safepoint    ] Application time: 1.0000760 seconds
[2019-12-09T02:28:21.520+0000][1][safepoint    ] Entering safepoint region: Cleanup
[2019-12-09T02:28:21.521+0000][1][safepoint    ] Leaving safepoint region
[2019-12-09T02:28:21.521+0000][1][safepoint    ] Total time for which application threads were stopped: 0.0000732 seconds, Stopping threads took: 0.0000156 seconds
[2019-12-09T02:28:23.521+0000][1][safepoint    ] Application time: 2.0001492 seconds
[2019-12-09T02:28:23.521+0000][1][safepoint    ] Entering safepoint region: Cleanup
[2019-12-09T02:28:23.521+0000][1][safepoint    ] Leaving safepoint region
[2019-12-09T02:28:23.521+0000][1][safepoint    ] Total time for which application threads were stopped: 0.0000776 seconds, Stopping threads took: 0.0000177 seconds
[2019-12-09T02:28:24.521+0000][1][safepoint    ] Application time: 1.0000766 seconds
[2019-12-09T02:28:24.521+0000][1][safepoint    ] Entering safepoint region: Cleanup
[2019-12-09T02:28:24.521+0000][1][safepoint    ] Leaving safepoint region
[2019-12-09T02:28:24.521+0000][1][safepoint    ] Total time for which application threads were stopped: 0.0000742 seconds, Stopping threads took: 0.0000181 seconds
[2019-12-09T02:28:28.521+0000][1][safepoint    ] Application time: 4.0002785 seconds
[2019-12-09T02:28:28.521+0000][1][safepoint    ] Entering safepoint region: Cleanup
[2019-12-09T02:28:28.521+0000][1][safepoint    ] Leaving safepoint region
[2019-12-09T02:28:28.521+0000][1][safepoint    ] Total time for which application threads were stopped: 0.0000727 seconds, Stopping threads took: 0.0000155 seconds
[2019-12-09T02:28:30.522+0000][1][safepoint    ] Application time: 2.0001425 seconds
[2019-12-09T02:28:30.522+0000][1][safepoint    ] Entering safepoint region: Cleanup
[2019-12-09T02:28:30.522+0000][1][safepoint    ] Leaving safepoint region
[2019-12-09T02:28:30.522+0000][1][safepoint    ] Total time for which application threads were stopped: 0.0000680 seconds, Stopping threads took: 0.0000150 seconds
[2019-12-09T02:28:31.522+0000][1][safepoint    ] Application time: 1.0000764 seconds
[2019-12-09T02:28:31.522+0000][1][safepoint    ] Entering safepoint region: Cleanup
[2019-12-09T02:28:31.522+0000][1][safepoint    ] Leaving safepoint region
[2019-12-09T02:28:31.522+0000][1][safepoint    ] Total time for which application threads were stopped: 0.0000720 seconds, Stopping threads took: 0.0000166 seconds
[2019-12-09T02:28:32.522+0000][1][safepoint    ] Application time: 1.0000746 seconds
[2019-12-09T02:28:32.522+0000][1][safepoint    ] Entering safepoint region: Cleanup
[2019-12-09T02:28:32.522+0000][1][safepoint    ] Leaving safepoint region
[2019-12-09T02:28:32.522+0000][1][safepoint    ] Total time for which application threads were stopped: 0.0000907 seconds, Stopping threads took: 0.0000168 seconds
[2019-12-09T02:28:34.522+0000][1][safepoint    ] Application time: 2.0001427 seconds
[2019-12-09T02:28:34.522+0000][1][safepoint    ] Entering safepoint region: Cleanup
[2019-12-09T02:28:34.522+0000][1][safepoint    ] Leaving safepoint region
[2019-12-09T02:28:34.522+0000][1][safepoint    ] Total time for which application threads were stopped: 0.0000873 seconds, Stopping threads took: 0.0000225 seconds
[2019-12-09T02:28:35.522+0000][1][safepoint    ] Application time: 1.0000761 seconds
[2019-12-09T02:28:35.522+0000][1][safepoint    ] Entering safepoint region: Cleanup
[2019-12-09T02:28:35.522+0000][1][safepoint    ] Leaving safepoint region
[2019-12-09T02:28:35.523+0000][1][safepoint    ] Total time for which application threads were stopped: 0.0000692 seconds, Stopping threads took: 0.0000145 seconds
[2019-12-09T02:28:36.523+0000][1][safepoint    ] Application time: 1.0000762 seconds
[2019-12-09T02:28:36.523+0000][1][safepoint    ] Entering safepoint region: Cleanup
[2019-12-09T02:28:36.523+0000][1][safepoint    ] Leaving safepoint region
[2019-12-09T02:28:36.523+0000][1][safepoint    ] Total time for which application threads were stopped: 0.0000916 seconds, Stopping threads took: 0.0000179 seconds
[2019-12-09T02:28:39.523+0000][1][safepoint    ] Application time: 3.0002128 seconds
[2019-12-09T02:28:39.523+0000][1][safepoint    ] Entering safepoint region: Cleanup
[2019-12-09T02:28:39.523+0000][1][safepoint    ] Leaving safepoint region
[2019-12-09T02:28:39.523+0000][1][safepoint    ] Total time for which application threads were stopped: 0.0000736 seconds, Stopping threads took: 0.0000178 seconds
[2019-12-09T02:28:43.523+0000][1][safepoint    ] Application time: 4.0002803 seconds
[2019-12-09T02:28:43.523+0000][1][safepoint    ] Entering safepoint region: Cleanup
[2019-12-09T02:28:43.523+0000][1][safepoint    ] Leaving safepoint region
[2019-12-09T02:28:43.523+0000][1][safepoint    ] Total time for which application threads were stopped: 0.0000679 seconds, Stopping threads took: 0.0000143 seconds
[2019-12-09T02:28:46.524+0000][1][safepoint    ] Application time: 3.0002121 seconds
[2019-12-09T02:28:46.524+0000][1][safepoint    ] Entering safepoint region: Cleanup
[2019-12-09T02:28:46.524+0000][1][safepoint    ] Leaving safepoint region
[2019-12-09T02:28:46.524+0000][1][safepoint    ] Total time for which application threads were stopped: 0.0000776 seconds, Stopping threads took: 0.0000177 seconds
[2019-12-09T02:28:53.524+0000][1][safepoint    ] Application time: 7.0004771 seconds
[2019-12-09T02:28:53.524+0000][1][safepoint    ] Entering safepoint region: Cleanup
[2019-12-09T02:28:53.524+0000][1][safepoint    ] Leaving safepoint region
[2019-12-09T02:28:53.524+0000][1][safepoint    ] Total time for which application threads were stopped: 0.0000715 seconds, Stopping threads took: 0.0000153 seconds
[2019-12-09T02:29:03.525+0000][1][safepoint    ] Application time: 10.0006772 seconds
[2019-12-09T02:29:03.525+0000][1][safepoint    ] Entering safepoint region: Cleanup
[2019-12-09T02:29:03.525+0000][1][safepoint    ] Leaving safepoint region
[2019-12-09T02:29:03.525+0000][1][safepoint    ] Total time for which application threads were stopped: 0.0000709 seconds, Stopping threads took: 0.0000168 seconds
[2019-12-09T02:29:04.525+0000][1][safepoint    ] Application time: 1.0000768 seconds
[2019-12-09T02:29:04.525+0000][1][safepoint    ] Entering safepoint region: Cleanup
[2019-12-09T02:29:04.525+0000][1][safepoint    ] Leaving safepoint region
[2019-12-09T02:29:04.525+0000][1][safepoint    ] Total time for which application threads were stopped: 0.0000788 seconds, Stopping threads took: 0.0000225 seconds
[2019-12-09T02:29:10.526+0000][1][safepoint    ] Application time: 6.0004131 seconds
[2019-12-09T02:29:10.526+0000][1][safepoint    ] Entering safepoint region: Cleanup
[2019-12-09T02:29:10.526+0000][1][safepoint    ] Leaving safepoint region
[2019-12-09T02:29:10.526+0000][1][safepoint    ] Total time for which application threads were stopped: 0.0000706 seconds, Stopping threads took: 0.0000150 seconds
[2019-12-09T02:29:12.526+0000][1][safepoint    ] Application time: 2.0001446 seconds
[2019-12-09T02:29:12.526+0000][1][safepoint    ] Entering safepoint region: Cleanup
[2019-12-09T02:29:12.526+0000][1][safepoint    ] Leaving safepoint region
[2019-12-09T02:29:12.526+0000][1][safepoint    ] Total time for which application threads were stopped: 0.0000735 seconds, Stopping threads took: 0.0000165 seconds
[2019-12-09T02:29:14.526+0000][1][safepoint    ] Application time: 2.0001467 seconds
[2019-12-09T02:29:14.526+0000][1][safepoint    ] Entering safepoint region: Cleanup
[2019-12-09T02:29:14.526+0000][1][safepoint    ] Leaving safepoint region
[2019-12-09T02:29:14.526+0000][1][safepoint    ] Total time for which application threads were stopped: 0.0000770 seconds, Stopping threads took: 0.0000157 seconds
[2019-12-09T02:29:16.527+0000][1][safepoint    ] Application time: 2.0001421 seconds
[2019-12-09T02:29:16.527+0000][1][safepoint    ] Entering safepoint region: Cleanup
[2019-12-09T02:29:16.527+0000][1][safepoint    ] Leaving safepoint region
[2019-12-09T02:29:16.527+0000][1][safepoint    ] Total time for which application threads were stopped: 0.0000734 seconds, Stopping threads took: 0.0000149 seconds
[2019-12-09T02:29:17.527+0000][1][safepoint    ] Application time: 1.0000750 seconds
[2019-12-09T02:29:17.527+0000][1][safepoint    ] Entering safepoint region: Cleanup
[2019-12-09T02:29:17.527+0000][1][safepoint    ] Leaving safepoint region
[2019-12-09T02:29:17.527+0000][1][safepoint    ] Total time for which application threads were stopped: 0.0000734 seconds, Stopping threads took: 0.0000164 seconds
[2019-12-09T02:29:18.527+0000][1][safepoint    ] Application time: 1.0000797 seconds
[2019-12-09T02:29:18.527+0000][1][safepoint    ] Entering safepoint region: Cleanup
[2019-12-09T02:29:18.527+0000][1][safepoint    ] Leaving safepoint region
[2019-12-09T02:29:18.527+0000][1][safepoint    ] Total time for which application threads were stopped: 0.0000732 seconds, Stopping threads took: 0.0000157 seconds
[2019-12-09T02:29:19.527+0000][1][safepoint    ] Application time: 1.0000772 seconds
[2019-12-09T02:29:19.527+0000][1][safepoint    ] Entering safepoint region: Cleanup
[2019-12-09T02:29:19.527+0000][1][safepoint    ] Leaving safepoint region
[2019-12-09T02:29:19.527+0000][1][safepoint    ] Total time for which application threads were stopped: 0.0000750 seconds, Stopping threads took: 0.0000162 seconds
[2019-12-09T02:29:21.527+0000][1][safepoint    ] Application time: 2.0001431 seconds
[2019-12-09T02:29:21.527+0000][1][safepoint    ] Entering safepoint region: Cleanup
[2019-12-09T02:29:21.527+0000][1][safepoint    ] Leaving safepoint region
[2019-12-09T02:29:21.527+0000][1][safepoint    ] Total time for which application threads were stopped: 0.0000692 seconds, Stopping threads took: 0.0000160 seconds
[2019-12-09T02:29:22.528+0000][1][safepoint    ] Application time: 1.0000781 seconds
[2019-12-09T02:29:22.528+0000][1][safepoint    ] Entering safepoint region: Cleanup
[2019-12-09T02:29:22.528+0000][1][safepoint    ] Leaving safepoint region
[2019-12-09T02:29:22.528+0000][1][safepoint    ] Total time for which application threads were stopped: 0.0000861 seconds, Stopping threads took: 0.0000158 seconds
[2019-12-09T02:29:23.528+0000][1][safepoint    ] Application time: 1.0001085 seconds
[2019-12-09T02:29:23.528+0000][1][safepoint    ] Entering safepoint region: Cleanup
[2019-12-09T02:29:23.528+0000][1][safepoint    ] Leaving safepoint region
[2019-12-09T02:29:23.528+0000][1][safepoint    ] Total time for which application threads were stopped: 0.0000995 seconds, Stopping threads took: 0.0000194 seconds
[2019-12-09T02:29:24.528+0000][1][safepoint    ] Application time: 1.0000745 seconds
[2019-12-09T02:29:24.528+0000][1][safepoint    ] Entering safepoint region: Cleanup
[2019-12-09T02:29:24.528+0000][1][safepoint    ] Leaving safepoint region
[2019-12-09T02:29:24.528+0000][1][safepoint    ] Total time for which application threads were stopped: 0.0000718 seconds, Stopping threads took: 0.0000146 seconds
[2019-12-09T02:29:28.528+0000][1][safepoint    ] Application time: 4.0002806 seconds
[2019-12-09T02:29:28.528+0000][1][safepoint    ] Entering safepoint region: Cleanup
[2019-12-09T02:29:28.529+0000][1][safepoint    ] Leaving safepoint region
[2019-12-09T02:29:28.529+0000][1][safepoint    ] Total time for which application threads were stopped: 0.0000750 seconds, Stopping threads took: 0.0000153 seconds
[2019-12-09T02:29:29.529+0000][1][safepoint    ] Application time: 1.0000792 seconds
[2019-12-09T02:29:29.529+0000][1][safepoint    ] Entering safepoint region: Cleanup
[2019-12-09T02:29:29.529+0000][1][safepoint    ] Leaving safepoint region
[2019-12-09T02:29:29.529+0000][1][safepoint    ] Total time for which application threads were stopped: 0.0000873 seconds, Stopping threads took: 0.0000159 seconds
[2019-12-09T02:29:31.529+0000][1][safepoint    ] Application time: 2.0001557 seconds
[2019-12-09T02:29:31.529+0000][1][safepoint    ] Entering safepoint region: Cleanup
[2019-12-09T02:29:31.529+0000][1][safepoint    ] Leaving safepoint region
[2019-12-09T02:29:31.529+0000][1][safepoint    ] Total time for which application threads were stopped: 0.0000725 seconds, Stopping threads took: 0.0000148 seconds
[2019-12-09T02:29:33.529+0000][1][safepoint    ] Application time: 2.0001484 seconds
[2019-12-09T02:29:33.529+0000][1][safepoint    ] Entering safepoint region: Cleanup
[2019-12-09T02:29:33.529+0000][1][safepoint    ] Leaving safepoint region
[2019-12-09T02:29:33.529+0000][1][safepoint    ] Total time for which application threads were stopped: 0.0000793 seconds, Stopping threads took: 0.0000152 seconds
[2019-12-09T02:29:34.529+0000][1][safepoint    ] Application time: 1.0000834 seconds
[2019-12-09T02:29:34.529+0000][1][safepoint    ] Entering safepoint region: Cleanup
[2019-12-09T02:29:34.529+0000][1][safepoint    ] Leaving safepoint region
[2019-12-09T02:29:34.529+0000][1][safepoint    ] Total time for which application threads were stopped: 0.0000771 seconds, Stopping threads took: 0.0000179 seconds
[2019-12-09T02:29:39.026+0000][1][safepoint    ] Application time: 4.4961177 seconds
[2019-12-09T02:29:39.026+0000][1][safepoint    ] Entering safepoint region: GenCollectForAllocation
[2019-12-09T02:29:39.026+0000][1][gc,start     ] GC(24) Pause Young (Allocation Failure)
[2019-12-09T02:29:39.026+0000][1][gc,task      ] GC(24) Using 2 workers of 2 for evacuation
[2019-12-09T02:29:39.041+0000][1][gc,age       ] GC(24) Desired survivor size 4456448 bytes, new threshold 6 (max threshold 6)
[2019-12-09T02:29:39.041+0000][1][gc,age       ] GC(24) Age table with threshold 6 (max threshold 6)
[2019-12-09T02:29:39.041+0000][1][gc,age       ] GC(24) - age   1:      10800 bytes,      10800 total
[2019-12-09T02:29:39.041+0000][1][gc,age       ] GC(24) - age   2:    1494976 bytes,    1505776 total
[2019-12-09T02:29:39.041+0000][1][gc,heap      ] GC(24) ParNew: 77317K->4818K(78656K)
[2019-12-09T02:29:39.041+0000][1][gc,heap      ] GC(24) CMS: 64583K->68014K(174784K)
[2019-12-09T02:29:39.041+0000][1][gc,metaspace ] GC(24) Metaspace: 67770K->67770K(1112064K)
[2019-12-09T02:29:39.041+0000][1][gc           ] GC(24) Pause Young (Allocation Failure) 138M->71M(247M) 15.017ms
[2019-12-09T02:29:39.041+0000][1][gc,cpu       ] GC(24) User=0.03s Sys=0.00s Real=0.01s
[2019-12-09T02:29:39.041+0000][1][safepoint    ] Leaving safepoint region
[2019-12-09T02:29:39.041+0000][1][safepoint    ] Total time for which application threads were stopped: 0.0151829 seconds, Stopping threads took: 0.0000340 seconds
[2019-12-09T02:29:42.041+0000][1][safepoint    ] Application time: 3.0002197 seconds
[2019-12-09T02:29:42.041+0000][1][safepoint    ] Entering safepoint region: Cleanup
[2019-12-09T02:29:42.041+0000][1][safepoint    ] Leaving safepoint region
[2019-12-09T02:29:42.041+0000][1][safepoint    ] Total time for which application threads were stopped: 0.0000835 seconds, Stopping threads took: 0.0000243 seconds
[2019-12-09T02:29:49.042+0000][1][safepoint    ] Application time: 7.0004906 seconds
[2019-12-09T02:29:49.042+0000][1][safepoint    ] Entering safepoint region: Cleanup
[2019-12-09T02:29:49.042+0000][1][safepoint    ] Leaving safepoint region
[2019-12-09T02:29:49.042+0000][1][safepoint    ] Total time for which application threads were stopped: 0.0000745 seconds, Stopping threads took: 0.0000165 seconds
[2019-12-09T02:29:51.042+0000][1][safepoint    ] Application time: 2.0001464 seconds
[2019-12-09T02:29:51.042+0000][1][safepoint    ] Entering safepoint region: Cleanup
[2019-12-09T02:29:51.042+0000][1][safepoint    ] Leaving safepoint region
[2019-12-09T02:29:51.042+0000][1][safepoint    ] Total time for which application threads were stopped: 0.0000757 seconds, Stopping threads took: 0.0000177 seconds
[2019-12-09T02:29:53.042+0000][1][safepoint    ] Application time: 2.0001442 seconds
[2019-12-09T02:29:53.042+0000][1][safepoint    ] Entering safepoint region: Cleanup
[2019-12-09T02:29:53.042+0000][1][safepoint    ] Leaving safepoint region
[2019-12-09T02:29:53.042+0000][1][safepoint    ] Total time for which application threads were stopped: 0.0000756 seconds, Stopping threads took: 0.0000162 seconds
[2019-12-09T02:29:56.043+0000][1][safepoint    ] Application time: 3.0002179 seconds
[2019-12-09T02:29:56.043+0000][1][safepoint    ] Entering safepoint region: Cleanup
[2019-12-09T02:29:56.043+0000][1][safepoint    ] Leaving safepoint region
[2019-12-09T02:29:56.043+0000][1][safepoint    ] Total time for which application threads were stopped: 0.0000795 seconds, Stopping threads took: 0.0000176 seconds
[2019-12-09T02:29:57.043+0000][1][safepoint    ] Application time: 1.0000911 seconds
[2019-12-09T02:29:57.043+0000][1][safepoint    ] Entering safepoint region: Cleanup
[2019-12-09T02:29:57.043+0000][1][safepoint    ] Leaving safepoint region
[2019-12-09T02:29:57.043+0000][1][safepoint    ] Total time for which application threads were stopped: 0.0000770 seconds, Stopping threads took: 0.0000169 seconds
[2019-12-09T02:30:07.044+0000][1][safepoint    ] Application time: 10.0006784 seconds
[2019-12-09T02:30:07.044+0000][1][safepoint    ] Entering safepoint region: Cleanup
[2019-12-09T02:30:07.044+0000][1][safepoint    ] Leaving safepoint region
[2019-12-09T02:30:07.044+0000][1][safepoint    ] Total time for which application threads were stopped: 0.0001011 seconds, Stopping threads took: 0.0000175 seconds
[2019-12-09T02:30:13.044+0000][1][safepoint    ] Application time: 6.0004153 seconds
[2019-12-09T02:30:13.044+0000][1][safepoint    ] Entering safepoint region: Cleanup
[2019-12-09T02:30:13.044+0000][1][safepoint    ] Leaving safepoint region
[2019-12-09T02:30:13.044+0000][1][safepoint    ] Total time for which application threads were stopped: 0.0000860 seconds, Stopping threads took: 0.0000259 seconds
[2019-12-09T02:30:15.044+0000][1][safepoint    ] Application time: 2.0001458 seconds
[2019-12-09T02:30:15.044+0000][1][safepoint    ] Entering safepoint region: Cleanup
[2019-12-09T02:30:15.045+0000][1][safepoint    ] Leaving safepoint region
[2019-12-09T02:30:15.045+0000][1][safepoint    ] Total time for which application threads were stopped: 0.0000763 seconds, Stopping threads took: 0.0000169 seconds
[2019-12-09T02:30:20.045+0000][1][safepoint    ] Application time: 5.0003270 seconds
[2019-12-09T02:30:20.045+0000][1][safepoint    ] Entering safepoint region: Cleanup
[2019-12-09T02:30:20.045+0000][1][safepoint    ] Leaving safepoint region
[2019-12-09T02:30:20.045+0000][1][safepoint    ] Total time for which application threads were stopped: 0.0000747 seconds, Stopping threads took: 0.0000167 seconds
[2019-12-09T02:30:21.045+0000][1][safepoint    ] Application time: 1.0000771 seconds
[2019-12-09T02:30:21.045+0000][1][safepoint    ] Entering safepoint region: Cleanup
[2019-12-09T02:30:21.045+0000][1][safepoint    ] Leaving safepoint region
[2019-12-09T02:30:21.045+0000][1][safepoint    ] Total time for which application threads were stopped: 0.0000784 seconds, Stopping threads took: 0.0000179 seconds
[2019-12-09T02:30:23.045+0000][1][safepoint    ] Application time: 2.0001434 seconds
[2019-12-09T02:30:23.045+0000][1][safepoint    ] Entering safepoint region: Cleanup
[2019-12-09T02:30:23.045+0000][1][safepoint    ] Leaving safepoint region
[2019-12-09T02:30:23.045+0000][1][safepoint    ] Total time for which application threads were stopped: 0.0000756 seconds, Stopping threads took: 0.0000162 seconds
[2019-12-09T02:30:25.046+0000][1][safepoint    ] Application time: 2.0001425 seconds
[2019-12-09T02:30:25.046+0000][1][safepoint    ] Entering safepoint region: Cleanup
[2019-12-09T02:30:25.046+0000][1][safepoint    ] Leaving safepoint region
[2019-12-09T02:30:25.046+0000][1][safepoint    ] Total time for which application threads were stopped: 0.0000773 seconds, Stopping threads took: 0.0000165 seconds
[2019-12-09T02:30:26.046+0000][1][safepoint    ] Application time: 1.0000742 seconds
[2019-12-09T02:30:26.046+0000][1][safepoint    ] Entering safepoint region: Cleanup
[2019-12-09T02:30:26.046+0000][1][safepoint    ] Leaving safepoint region
[2019-12-09T02:30:26.046+0000][1][safepoint    ] Total time for which application threads were stopped: 0.0000771 seconds, Stopping threads took: 0.0000169 seconds
[2019-12-09T02:30:27.046+0000][1][safepoint    ] Application time: 1.0000784 seconds
[2019-12-09T02:30:27.046+0000][1][safepoint    ] Entering safepoint region: Cleanup
[2019-12-09T02:30:27.046+0000][1][safepoint    ] Leaving safepoint region
[2019-12-09T02:30:27.046+0000][1][safepoint    ] Total time for which application threads were stopped: 0.0000760 seconds, Stopping threads took: 0.0000164 seconds
[2019-12-09T02:30:30.046+0000][1][safepoint    ] Application time: 3.0002151 seconds
[2019-12-09T02:30:30.046+0000][1][safepoint    ] Entering safepoint region: Cleanup
[2019-12-09T02:30:30.046+0000][1][safepoint    ] Leaving safepoint region
[2019-12-09T02:30:30.046+0000][1][safepoint    ] Total time for which application threads were stopped: 0.0000848 seconds, Stopping threads took: 0.0000182 seconds
[2019-12-09T02:30:31.047+0000][1][safepoint    ] Application time: 1.0000793 seconds
[2019-12-09T02:30:31.047+0000][1][safepoint    ] Entering safepoint region: Cleanup
[2019-12-09T02:30:31.047+0000][1][safepoint    ] Leaving safepoint region
[2019-12-09T02:30:31.047+0000][1][safepoint    ] Total time for which application threads were stopped: 0.0000771 seconds, Stopping threads took: 0.0000171 seconds
[2019-12-09T02:30:33.047+0000][1][safepoint    ] Application time: 2.0001448 seconds
[2019-12-09T02:30:33.047+0000][1][safepoint    ] Entering safepoint region: Cleanup
[2019-12-09T02:30:33.047+0000][1][safepoint    ] Leaving safepoint region
[2019-12-09T02:30:33.047+0000][1][safepoint    ] Total time for which application threads were stopped: 0.0000789 seconds, Stopping threads took: 0.0000162 seconds
[2019-12-09T02:30:35.047+0000][1][safepoint    ] Application time: 2.0001450 seconds
[2019-12-09T02:30:35.047+0000][1][safepoint    ] Entering safepoint region: Cleanup
[2019-12-09T02:30:35.047+0000][1][safepoint    ] Leaving safepoint region
[2019-12-09T02:30:35.047+0000][1][safepoint    ] Total time for which application threads were stopped: 0.0000841 seconds, Stopping threads took: 0.0000232 seconds
[2019-12-09T02:30:37.047+0000][1][safepoint    ] Application time: 2.0001472 seconds
[2019-12-09T02:30:37.047+0000][1][safepoint    ] Entering safepoint region: Cleanup
[2019-12-09T02:30:37.047+0000][1][safepoint    ] Leaving safepoint region
[2019-12-09T02:30:37.047+0000][1][safepoint    ] Total time for which application threads were stopped: 0.0000721 seconds, Stopping threads took: 0.0000153 seconds
[2019-12-09T02:30:41.048+0000][1][safepoint    ] Application time: 4.0002874 seconds
[2019-12-09T02:30:41.048+0000][1][safepoint    ] Entering safepoint region: Cleanup
[2019-12-09T02:30:41.048+0000][1][safepoint    ] Leaving safepoint region
[2019-12-09T02:30:41.048+0000][1][safepoint    ] Total time for which application threads were stopped: 0.0000806 seconds, Stopping threads took: 0.0000242 seconds
[2019-12-09T02:30:42.048+0000][1][safepoint    ] Application time: 1.0000782 seconds
[2019-12-09T02:30:42.048+0000][1][safepoint    ] Entering safepoint region: Cleanup
[2019-12-09T02:30:42.048+0000][1][safepoint    ] Leaving safepoint region
[2019-12-09T02:30:42.048+0000][1][safepoint    ] Total time for which application threads were stopped: 0.0000781 seconds, Stopping threads took: 0.0000173 seconds
[2019-12-09T02:30:45.048+0000][1][safepoint    ] Application time: 3.0002101 seconds
[2019-12-09T02:30:45.048+0000][1][safepoint    ] Entering safepoint region: Cleanup
[2019-12-09T02:30:45.048+0000][1][safepoint    ] Leaving safepoint region
[2019-12-09T02:30:45.048+0000][1][safepoint    ] Total time for which application threads were stopped: 0.0000797 seconds, Stopping threads took: 0.0000166 seconds
[2019-12-09T02:30:57.056+0000][1][safepoint    ] Application time: 12.0077262 seconds
[2019-12-09T02:30:57.056+0000][1][safepoint    ] Entering safepoint region: Cleanup
[2019-12-09T02:30:57.056+0000][1][safepoint    ] Leaving safepoint region
[2019-12-09T02:30:57.056+0000][1][safepoint    ] Total time for which application threads were stopped: 0.0000725 seconds, Stopping threads took: 0.0000159 seconds
[2019-12-09T02:31:01.289+0000][1][safepoint    ] Application time: 4.2324925 seconds
[2019-12-09T02:31:01.289+0000][1][safepoint    ] Entering safepoint region: RevokeBias
[2019-12-09T02:31:01.289+0000][1][safepoint    ] Leaving safepoint region
[2019-12-09T02:31:01.289+0000][1][safepoint    ] Total time for which application threads were stopped: 0.0000987 seconds, Stopping threads took: 0.0000195 seconds
[2019-12-09T02:31:01.289+0000][1][safepoint    ] Application time: 0.0000750 seconds
[2019-12-09T02:31:01.289+0000][1][safepoint    ] Entering safepoint region: RevokeBias
[2019-12-09T02:31:01.289+0000][1][safepoint    ] Leaving safepoint region
[2019-12-09T02:31:01.289+0000][1][safepoint    ] Total time for which application threads were stopped: 0.0000462 seconds, Stopping threads took: 0.0000105 seconds
[2019-12-09T02:31:01.296+0000][1][safepoint    ] Application time: 0.0071033 seconds
[2019-12-09T02:31:01.315+0000][1][safepoint    ] Entering safepoint region: RevokeBias
[2019-12-09T02:31:01.315+0000][1][safepoint    ] Leaving safepoint region
[2019-12-09T02:31:01.315+0000][1][safepoint    ] Total time for which application threads were stopped: 0.0189947 seconds, Stopping threads took: 0.0189226 seconds
[2019-12-09T02:31:01.319+0000][1][safepoint    ] Application time: 0.0040122 seconds
[2019-12-09T02:31:01.319+0000][1][safepoint    ] Entering safepoint region: RevokeBias
[2019-12-09T02:31:01.319+0000][1][safepoint    ] Leaving safepoint region
[2019-12-09T02:31:01.319+0000][1][safepoint    ] Total time for which application threads were stopped: 0.0000814 seconds, Stopping threads took: 0.0000172 seconds
[2019-12-09T02:31:01.321+0000][1][safepoint    ] Application time: 0.0013738 seconds
[2019-12-09T02:31:01.321+0000][1][safepoint    ] Entering safepoint region: RevokeBias
[2019-12-09T02:31:01.321+0000][1][safepoint    ] Leaving safepoint region
[2019-12-09T02:31:01.321+0000][1][safepoint    ] Total time for which application threads were stopped: 0.0000914 seconds, Stopping threads took: 0.0000145 seconds
[2019-12-09T02:31:01.324+0000][1][safepoint    ] Application time: 0.0028368 seconds
[2019-12-09T02:31:01.324+0000][1][safepoint    ] Entering safepoint region: RevokeBias
[2019-12-09T02:31:01.324+0000][1][safepoint    ] Leaving safepoint region
[2019-12-09T02:31:01.324+0000][1][safepoint    ] Total time for which application threads were stopped: 0.0000733 seconds, Stopping threads took: 0.0000153 seconds
[2019-12-09T02:31:01.324+0000][1][safepoint    ] Application time: 0.0007295 seconds
[2019-12-09T02:31:01.324+0000][1][safepoint    ] Entering safepoint region: RevokeBias
[2019-12-09T02:31:01.324+0000][1][safepoint    ] Leaving safepoint region
[2019-12-09T02:31:01.324+0000][1][safepoint    ] Total time for which application threads were stopped: 0.0000562 seconds, Stopping threads took: 0.0000130 seconds
[2019-12-09T02:31:01.325+0000][1][safepoint    ] Application time: 0.0000545 seconds
[2019-12-09T02:31:01.325+0000][1][safepoint    ] Entering safepoint region: RevokeBias
[2019-12-09T02:31:01.325+0000][1][safepoint    ] Leaving safepoint region
[2019-12-09T02:31:01.325+0000][1][safepoint    ] Total time for which application threads were stopped: 0.0000415 seconds, Stopping threads took: 0.0000083 seconds
[2019-12-09T02:31:01.326+0000][1][safepoint    ] Application time: 0.0013488 seconds
[2019-12-09T02:31:01.326+0000][1][safepoint    ] Entering safepoint region: RevokeBias
[2019-12-09T02:31:01.326+0000][1][safepoint    ] Leaving safepoint region
[2019-12-09T02:31:01.326+0000][1][safepoint    ] Total time for which application threads were stopped: 0.0000649 seconds, Stopping threads took: 0.0000120 seconds
[2019-12-09T02:31:01.332+0000][1][safepoint    ] Application time: 0.0060095 seconds
[2019-12-09T02:31:01.348+0000][1][safepoint    ] Entering safepoint region: RevokeBias
[2019-12-09T02:31:01.348+0000][1][safepoint    ] Leaving safepoint region
[2019-12-09T02:31:01.348+0000][1][safepoint    ] Total time for which application threads were stopped: 0.0158632 seconds, Stopping threads took: 0.0157902 seconds
[2019-12-09T02:31:01.354+0000][1][safepoint    ] Application time: 0.0064566 seconds
[2019-12-09T02:31:01.363+0000][1][safepoint    ] Entering safepoint region: RevokeBias
[2019-12-09T02:31:01.363+0000][1][safepoint    ] Leaving safepoint region
[2019-12-09T02:31:01.363+0000][1][safepoint    ] Total time for which application threads were stopped: 0.0084463 seconds, Stopping threads took: 0.0083117 seconds
[2019-12-09T02:31:01.365+0000][1][safepoint    ] Application time: 0.0018887 seconds
[2019-12-09T02:31:01.365+0000][1][safepoint    ] Entering safepoint region: RevokeBias
[2019-12-09T02:31:01.365+0000][1][safepoint    ] Leaving safepoint region
[2019-12-09T02:31:01.365+0000][1][safepoint    ] Total time for which application threads were stopped: 0.0001383 seconds, Stopping threads took: 0.0000812 seconds
[2019-12-09T02:31:01.370+0000][1][safepoint    ] Application time: 0.0050687 seconds
[2019-12-09T02:31:01.370+0000][1][safepoint    ] Entering safepoint region: RevokeBias
[2019-12-09T02:31:01.370+0000][1][safepoint    ] Leaving safepoint region
[2019-12-09T02:31:01.370+0000][1][safepoint    ] Total time for which application threads were stopped: 0.0004760 seconds, Stopping threads took: 0.0000150 seconds
[2019-12-09T02:31:01.398+0000][1][safepoint    ] Application time: 0.0272444 seconds
[2019-12-09T02:31:01.400+0000][1][safepoint    ] Entering safepoint region: RevokeBias
[2019-12-09T02:31:01.400+0000][1][safepoint    ] Leaving safepoint region
[2019-12-09T02:31:01.400+0000][1][safepoint    ] Total time for which application threads were stopped: 0.0023927 seconds, Stopping threads took: 0.0022478 seconds
[2019-12-09T02:31:01.441+0000][1][safepoint    ] Application time: 0.0406073 seconds
[2019-12-09T02:31:01.441+0000][1][safepoint    ] Entering safepoint region: RevokeBias
[2019-12-09T02:31:01.441+0000][1][safepoint    ] Leaving safepoint region
[2019-12-09T02:31:01.441+0000][1][safepoint    ] Total time for which application threads were stopped: 0.0003055 seconds, Stopping threads took: 0.0000887 seconds
[2019-12-09T02:31:01.473+0000][1][safepoint    ] Application time: 0.0318521 seconds
[2019-12-09T02:31:01.495+0000][1][safepoint    ] Entering safepoint region: RevokeBias
[2019-12-09T02:31:01.495+0000][1][safepoint    ] Leaving safepoint region
[2019-12-09T02:31:01.495+0000][1][safepoint    ] Total time for which application threads were stopped: 0.0222139 seconds, Stopping threads took: 0.0220258 seconds
[2019-12-09T02:31:01.541+0000][1][safepoint    ] Application time: 0.0459118 seconds
[2019-12-09T02:31:01.543+0000][1][safepoint    ] Entering safepoint region: RevokeBias
[2019-12-09T02:31:01.543+0000][1][safepoint    ] Leaving safepoint region
[2019-12-09T02:31:01.543+0000][1][safepoint    ] Total time for which application threads were stopped: 0.0019079 seconds, Stopping threads took: 0.0017402 seconds
[2019-12-09T02:31:01.549+0000][1][safepoint    ] Application time: 0.0059587 seconds
[2019-12-09T02:31:01.549+0000][1][safepoint    ] Entering safepoint region: RevokeBias
[2019-12-09T02:31:01.549+0000][1][safepoint    ] Leaving safepoint region
[2019-12-09T02:31:01.549+0000][1][safepoint    ] Total time for which application threads were stopped: 0.0001801 seconds, Stopping threads took: 0.0000161 seconds
[2019-12-09T02:31:01.562+0000][1][safepoint    ] Application time: 0.0132431 seconds
[2019-12-09T02:31:01.563+0000][1][safepoint    ] Entering safepoint region: RevokeBias
[2019-12-09T02:31:01.563+0000][1][safepoint    ] Leaving safepoint region
[2019-12-09T02:31:01.563+0000][1][safepoint    ] Total time for which application threads were stopped: 0.0002383 seconds, Stopping threads took: 0.0000440 seconds
[2019-12-09T02:31:01.574+0000][1][safepoint    ] Application time: 0.0110410 seconds
[2019-12-09T02:31:01.643+0000][1][safepoint    ] Entering safepoint region: RevokeBias
[2019-12-09T02:31:01.643+0000][1][safepoint    ] Leaving safepoint region
[2019-12-09T02:31:01.643+0000][1][safepoint    ] Total time for which application threads were stopped: 0.0693072 seconds, Stopping threads took: 0.0691688 seconds
[2019-12-09T02:31:01.643+0000][1][safepoint    ] Application time: 0.0000774 seconds
[2019-12-09T02:31:01.643+0000][1][safepoint    ] Entering safepoint region: RevokeBias
[2019-12-09T02:31:01.643+0000][1][safepoint    ] Leaving safepoint region
[2019-12-09T02:31:01.643+0000][1][safepoint    ] Total time for which application threads were stopped: 0.0000844 seconds, Stopping threads took: 0.0000105 seconds
[2019-12-09T02:31:01.830+0000][1][safepoint    ] Application time: 0.1870521 seconds
[2019-12-09T02:31:01.831+0000][1][safepoint    ] Entering safepoint region: RevokeBias
[2019-12-09T02:31:01.832+0000][1][safepoint    ] Leaving safepoint region
[2019-12-09T02:31:01.832+0000][1][safepoint    ] Total time for which application threads were stopped: 0.0012950 seconds, Stopping threads took: 0.0010923 seconds
[2019-12-09T02:31:01.832+0000][1][safepoint    ] Application time: 0.0000816 seconds
[2019-12-09T02:31:01.832+0000][1][safepoint    ] Entering safepoint region: RevokeBias
[2019-12-09T02:31:01.832+0000][1][safepoint    ] Leaving safepoint region
[2019-12-09T02:31:01.832+0000][1][safepoint    ] Total time for which application threads were stopped: 0.0000663 seconds, Stopping threads took: 0.0000096 seconds
[2019-12-09T02:31:01.832+0000][1][safepoint    ] Application time: 0.0004476 seconds
[2019-12-09T02:31:01.832+0000][1][safepoint    ] Entering safepoint region: RevokeBias
[2019-12-09T02:31:01.832+0000][1][safepoint    ] Leaving safepoint region
[2019-12-09T02:31:01.832+0000][1][safepoint    ] Total time for which application threads were stopped: 0.0001062 seconds, Stopping threads took: 0.0000130 seconds
[2019-12-09T02:31:01.833+0000][1][safepoint    ] Application time: 0.0009800 seconds
[2019-12-09T02:31:01.833+0000][1][safepoint    ] Entering safepoint region: RevokeBias
[2019-12-09T02:31:01.834+0000][1][safepoint    ] Leaving safepoint region
[2019-12-09T02:31:01.834+0000][1][safepoint    ] Total time for which application threads were stopped: 0.0000953 seconds, Stopping threads took: 0.0000134 seconds
[2019-12-09T02:31:01.834+0000][1][safepoint    ] Application time: 0.0002589 seconds
[2019-12-09T02:31:01.834+0000][1][safepoint    ] Entering safepoint region: RevokeBias
[2019-12-09T02:31:01.834+0000][1][safepoint    ] Leaving safepoint region
[2019-12-09T02:31:01.834+0000][1][safepoint    ] Total time for which application threads were stopped: 0.0000843 seconds, Stopping threads took: 0.0000123 seconds
[2019-12-09T02:31:01.834+0000][1][safepoint    ] Application time: 0.0000501 seconds
[2019-12-09T02:31:01.834+0000][1][safepoint    ] Entering safepoint region: RevokeBias
[2019-12-09T02:31:01.834+0000][1][safepoint    ] Leaving safepoint region
[2019-12-09T02:31:01.834+0000][1][safepoint    ] Total time for which application threads were stopped: 0.0000701 seconds, Stopping threads took: 0.0000087 seconds
[2019-12-09T02:31:01.834+0000][1][safepoint    ] Application time: 0.0000397 seconds
[2019-12-09T02:31:01.834+0000][1][safepoint    ] Entering safepoint region: RevokeBias
[2019-12-09T02:31:01.834+0000][1][safepoint    ] Leaving safepoint region
[2019-12-09T02:31:01.834+0000][1][safepoint    ] Total time for which application threads were stopped: 0.0000699 seconds, Stopping threads took: 0.0000091 seconds
[2019-12-09T02:31:01.834+0000][1][safepoint    ] Application time: 0.0000901 seconds
[2019-12-09T02:31:01.834+0000][1][safepoint    ] Entering safepoint region: RevokeBias
[2019-12-09T02:31:01.834+0000][1][safepoint    ] Leaving safepoint region
[2019-12-09T02:31:01.834+0000][1][safepoint    ] Total time for which application threads were stopped: 0.0000669 seconds, Stopping threads took: 0.0000094 seconds
[2019-12-09T02:31:01.834+0000][1][safepoint    ] Application time: 0.0000445 seconds
[2019-12-09T02:31:01.834+0000][1][safepoint    ] Entering safepoint region: RevokeBias
[2019-12-09T02:31:01.834+0000][1][safepoint    ] Leaving safepoint region
[2019-12-09T02:31:01.834+0000][1][safepoint    ] Total time for which application threads were stopped: 0.0000672 seconds, Stopping threads took: 0.0000079 seconds
[2019-12-09T02:31:01.847+0000][1][safepoint    ] Application time: 0.0123789 seconds
[2019-12-09T02:31:01.852+0000][1][safepoint    ] Entering safepoint region: RevokeBias
[2019-12-09T02:31:01.852+0000][1][safepoint    ] Leaving safepoint region
[2019-12-09T02:31:01.852+0000][1][safepoint    ] Total time for which application threads were stopped: 0.0053514 seconds, Stopping threads took: 0.0052215 seconds
[2019-12-09T02:31:01.886+0000][1][safepoint    ] Application time: 0.0339399 seconds
[2019-12-09T02:31:01.895+0000][1][safepoint    ] Entering safepoint region: RevokeBias
[2019-12-09T02:31:01.895+0000][1][safepoint    ] Leaving safepoint region
[2019-12-09T02:31:01.895+0000][1][safepoint    ] Total time for which application threads were stopped: 0.0088111 seconds, Stopping threads took: 0.0086461 seconds
[2019-12-09T02:31:01.923+0000][1][safepoint    ] Application time: 0.0281438 seconds
[2019-12-09T02:31:01.923+0000][1][safepoint    ] Entering safepoint region: RevokeBias
[2019-12-09T02:31:01.923+0000][1][safepoint    ] Leaving safepoint region
[2019-12-09T02:31:01.923+0000][1][safepoint    ] Total time for which application threads were stopped: 0.0002386 seconds, Stopping threads took: 0.0000163 seconds
[2019-12-09T02:31:01.924+0000][1][safepoint    ] Application time: 0.0001515 seconds
[2019-12-09T02:31:01.924+0000][1][safepoint    ] Entering safepoint region: RevokeBias
[2019-12-09T02:31:01.924+0000][1][safepoint    ] Leaving safepoint region
[2019-12-09T02:31:01.924+0000][1][safepoint    ] Total time for which application threads were stopped: 0.0001211 seconds, Stopping threads took: 0.0000096 seconds
[2019-12-09T02:31:01.924+0000][1][safepoint    ] Application time: 0.0002868 seconds
[2019-12-09T02:31:01.924+0000][1][safepoint    ] Entering safepoint region: RevokeBias
[2019-12-09T02:31:01.924+0000][1][safepoint    ] Leaving safepoint region
[2019-12-09T02:31:01.924+0000][1][safepoint    ] Total time for which application threads were stopped: 0.0001212 seconds, Stopping threads took: 0.0000100 seconds
[2019-12-09T02:31:01.924+0000][1][safepoint    ] Application time: 0.0001220 seconds
[2019-12-09T02:31:01.924+0000][1][safepoint    ] Entering safepoint region: BulkRevokeBias
[2019-12-09T02:31:01.925+0000][1][safepoint    ] Leaving safepoint region
[2019-12-09T02:31:01.925+0000][1][safepoint    ] Total time for which application threads were stopped: 0.0007220 seconds, Stopping threads took: 0.0000094 seconds
[2019-12-09T02:31:01.947+0000][1][safepoint    ] Application time: 0.0223195 seconds
[2019-12-09T02:31:01.962+0000][1][safepoint    ] Entering safepoint region: RevokeBias
[2019-12-09T02:31:01.962+0000][1][safepoint    ] Leaving safepoint region
[2019-12-09T02:31:01.962+0000][1][safepoint    ] Total time for which application threads were stopped: 0.0147112 seconds, Stopping threads took: 0.0145666 seconds
[2019-12-09T02:31:01.962+0000][1][safepoint    ] Application time: 0.0002086 seconds
[2019-12-09T02:31:01.962+0000][1][safepoint    ] Entering safepoint region: RevokeBias
[2019-12-09T02:31:01.962+0000][1][safepoint    ] Leaving safepoint region
[2019-12-09T02:31:01.962+0000][1][safepoint    ] Total time for which application threads were stopped: 0.0000842 seconds, Stopping threads took: 0.0000111 seconds
[2019-12-09T02:31:01.963+0000][1][safepoint    ] Application time: 0.0000854 seconds
[2019-12-09T02:31:01.963+0000][1][safepoint    ] Entering safepoint region: RevokeBias
[2019-12-09T02:31:01.963+0000][1][safepoint    ] Leaving safepoint region
[2019-12-09T02:31:01.963+0000][1][safepoint    ] Total time for which application threads were stopped: 0.0000722 seconds, Stopping threads took: 0.0000085 seconds
[2019-12-09T02:31:01.976+0000][1][safepoint    ] Application time: 0.0130576 seconds
[2019-12-09T02:31:01.976+0000][1][safepoint    ] Entering safepoint region: RevokeBias
[2019-12-09T02:31:01.976+0000][1][safepoint    ] Leaving safepoint region
[2019-12-09T02:31:01.976+0000][1][safepoint    ] Total time for which application threads were stopped: 0.0001288 seconds, Stopping threads took: 0.0000180 seconds
[2019-12-09T02:31:01.977+0000][1][safepoint    ] Application time: 0.0006917 seconds
[2019-12-09T02:31:01.977+0000][1][safepoint    ] Entering safepoint region: RevokeBias
[2019-12-09T02:31:01.977+0000][1][safepoint    ] Leaving safepoint region
[2019-12-09T02:31:01.977+0000][1][safepoint    ] Total time for which application threads were stopped: 0.0000909 seconds, Stopping threads took: 0.0000151 seconds
[2019-12-09T02:31:01.977+0000][1][safepoint    ] Application time: 0.0001283 seconds
[2019-12-09T02:31:01.977+0000][1][safepoint    ] Entering safepoint region: RevokeBias
[2019-12-09T02:31:01.977+0000][1][safepoint    ] Leaving safepoint region
[2019-12-09T02:31:01.977+0000][1][safepoint    ] Total time for which application threads were stopped: 0.0000659 seconds, Stopping threads took: 0.0000102 seconds
[2019-12-09T02:31:01.977+0000][1][safepoint    ] Application time: 0.0001868 seconds
[2019-12-09T02:31:01.977+0000][1][safepoint    ] Entering safepoint region: RevokeBias
[2019-12-09T02:31:01.977+0000][1][safepoint    ] Leaving safepoint region
[2019-12-09T02:31:01.977+0000][1][safepoint    ] Total time for which application threads were stopped: 0.0000560 seconds, Stopping threads took: 0.0000104 seconds
[2019-12-09T02:31:01.977+0000][1][safepoint    ] Application time: 0.0000855 seconds
[2019-12-09T02:31:01.977+0000][1][safepoint    ] Entering safepoint region: RevokeBias
[2019-12-09T02:31:01.977+0000][1][safepoint    ] Leaving safepoint region
[2019-12-09T02:31:01.977+0000][1][safepoint    ] Total time for which application threads were stopped: 0.0000447 seconds, Stopping threads took: 0.0000091 seconds
[2019-12-09T02:31:01.977+0000][1][safepoint    ] Application time: 0.0000913 seconds
[2019-12-09T02:31:01.977+0000][1][safepoint    ] Entering safepoint region: RevokeBias
[2019-12-09T02:31:01.977+0000][1][safepoint    ] Leaving safepoint region
[2019-12-09T02:31:01.977+0000][1][safepoint    ] Total time for which application threads were stopped: 0.0000432 seconds, Stopping threads took: 0.0000088 seconds
[2019-12-09T02:31:01.979+0000][1][safepoint    ] Application time: 0.0010538 seconds
[2019-12-09T02:31:01.979+0000][1][safepoint    ] Entering safepoint region: RevokeBias
[2019-12-09T02:31:01.979+0000][1][safepoint    ] Leaving safepoint region
[2019-12-09T02:31:01.979+0000][1][safepoint    ] Total time for which application threads were stopped: 0.0000589 seconds, Stopping threads took: 0.0000126 seconds
[2019-12-09T02:31:01.980+0000][1][safepoint    ] Application time: 0.0015665 seconds
[2019-12-09T02:31:01.980+0000][1][safepoint    ] Entering safepoint region: BulkRevokeBias
[2019-12-09T02:31:01.980+0000][1][safepoint    ] Leaving safepoint region
[2019-12-09T02:31:01.980+0000][1][safepoint    ] Total time for which application threads were stopped: 0.0003076 seconds, Stopping threads took: 0.0000120 seconds
[2019-12-09T02:31:02.037+0000][1][safepoint    ] Application time: 0.0562360 seconds
[2019-12-09T02:31:02.037+0000][1][safepoint    ] Entering safepoint region: RevokeBias
[2019-12-09T02:31:02.037+0000][1][safepoint    ] Leaving safepoint region
[2019-12-09T02:31:02.037+0000][1][safepoint    ] Total time for which application threads were stopped: 0.0001683 seconds, Stopping threads took: 0.0000750 seconds
[2019-12-09T02:31:02.107+0000][1][safepoint    ] Application time: 0.0704545 seconds
[2019-12-09T02:31:02.107+0000][1][safepoint    ] Entering safepoint region: RevokeBias
[2019-12-09T02:31:02.108+0000][1][safepoint    ] Leaving safepoint region
[2019-12-09T02:31:02.108+0000][1][safepoint    ] Total time for which application threads were stopped: 0.0000831 seconds, Stopping threads took: 0.0000158 seconds
[2019-12-09T02:31:02.118+0000][1][safepoint    ] Application time: 0.0106516 seconds
[2019-12-09T02:31:02.118+0000][1][safepoint    ] Entering safepoint region: RevokeBias
[2019-12-09T02:31:02.118+0000][1][safepoint    ] Leaving safepoint region
[2019-12-09T02:31:02.118+0000][1][safepoint    ] Total time for which application threads were stopped: 0.0000829 seconds, Stopping threads took: 0.0000143 seconds
[2019-12-09T02:31:02.132+0000][1][safepoint    ] Application time: 0.0132518 seconds
[2019-12-09T02:31:02.132+0000][1][safepoint    ] Entering safepoint region: RevokeBias
[2019-12-09T02:31:02.132+0000][1][safepoint    ] Leaving safepoint region
[2019-12-09T02:31:02.132+0000][1][safepoint    ] Total time for which application threads were stopped: 0.0000959 seconds, Stopping threads took: 0.0000138 seconds
[2019-12-09T02:31:02.133+0000][1][safepoint    ] Application time: 0.0015594 seconds
[2019-12-09T02:31:02.133+0000][1][safepoint    ] Entering safepoint region: RevokeBias
[2019-12-09T02:31:02.133+0000][1][safepoint    ] Leaving safepoint region
[2019-12-09T02:31:02.133+0000][1][safepoint    ] Total time for which application threads were stopped: 0.0000551 seconds, Stopping threads took: 0.0000119 seconds
[2019-12-09T02:31:02.138+0000][1][safepoint    ] Application time: 0.0046569 seconds
[2019-12-09T02:31:02.139+0000][1][safepoint    ] Entering safepoint region: RevokeBias
[2019-12-09T02:31:02.139+0000][1][safepoint    ] Leaving safepoint region
[2019-12-09T02:31:02.139+0000][1][safepoint    ] Total time for which application threads were stopped: 0.0008856 seconds, Stopping threads took: 0.0008525 seconds
[2019-12-09T02:31:02.169+0000][1][safepoint    ] Application time: 0.0301997 seconds
[2019-12-09T02:31:02.169+0000][1][safepoint    ] Entering safepoint region: RevokeBias
[2019-12-09T02:31:02.169+0000][1][safepoint    ] Leaving safepoint region
[2019-12-09T02:31:02.169+0000][1][safepoint    ] Total time for which application threads were stopped: 0.0001237 seconds, Stopping threads took: 0.0000676 seconds
[2019-12-09T02:31:02.193+0000][1][gc,heap,exit ] Heap
[2019-12-09T02:31:02.193+0000][1][gc,heap,exit ]  par new generation   total 78656K, used 63065K [0x00000000f0000000, 0x00000000f5550000, 0x00000000f5550000)
[2019-12-09T02:31:02.193+0000][1][gc,heap,exit ]   eden space 69952K,  83% used [0x00000000f0000000, 0x00000000f38e1a28, 0x00000000f4450000)
[2019-12-09T02:31:02.193+0000][1][gc,heap,exit ]   from space 8704K,  55% used [0x00000000f4cd0000, 0x00000000f5184b30, 0x00000000f5550000)
[2019-12-09T02:31:02.193+0000][1][gc,heap,exit ]   to   space 8704K,   0% used [0x00000000f4450000, 0x00000000f4450000, 0x00000000f4cd0000)
[2019-12-09T02:31:02.193+0000][1][gc,heap,exit ]  concurrent mark-sweep generation total 174784K, used 68014K [0x00000000f5550000, 0x0000000100000000, 0x0000000100000000)
[2019-12-09T02:31:02.193+0000][1][gc,heap,exit ]  Metaspace       used 68254K, capacity 73199K, committed 73408K, reserved 1112064K
[2019-12-09T02:31:02.193+0000][1][gc,heap,exit ]   class space    used 9212K, capacity 11293K, committed 11312K, reserved 1048576K
[2019-12-09T02:31:02.193+0000][1][safepoint    ] Application time: 0.0234796 seconds
[2019-12-09T02:31:02.193+0000][1][safepoint    ] Entering safepoint region: Exit
