[2019-12-09T03:37:58.270+0000][1][gc] Using Concurrent Mark Sweep
[2019-12-09T03:37:58.270+0000][1][gc,heap,coops] Heap address: 0x00000000f0000000, size: 256 MB, Compressed Oops mode: 32-bit
[2019-12-09T03:37:58.538+0000][1][safepoint    ] Entering safepoint region: EnableBiasedLocking
[2019-12-09T03:37:58.538+0000][1][safepoint    ] Leaving safepoint region
[2019-12-09T03:37:58.538+0000][1][safepoint    ] Total time for which application threads were stopped: 0.0045091 seconds, Stopping threads took: 0.0044276 seconds
[2019-12-09T03:37:58.585+0000][1][safepoint    ] Application time: 0.0366503 seconds
[2019-12-09T03:37:58.585+0000][1][safepoint    ] Entering safepoint region: RevokeBias
[2019-12-09T03:37:58.585+0000][1][safepoint    ] Leaving safepoint region
[2019-12-09T03:37:58.585+0000][1][safepoint    ] Total time for which application threads were stopped: 0.0000753 seconds, Stopping threads took: 0.0000202 seconds
[2019-12-09T03:37:58.719+0000][1][safepoint    ] Application time: 0.1341686 seconds
[2019-12-09T03:37:58.719+0000][1][safepoint    ] Entering safepoint region: Deoptimize
[2019-12-09T03:37:58.719+0000][1][safepoint    ] Leaving safepoint region
[2019-12-09T03:37:58.719+0000][1][safepoint    ] Total time for which application threads were stopped: 0.0000567 seconds, Stopping threads took: 0.0000104 seconds
[2019-12-09T03:37:59.068+0000][1][safepoint    ] Application time: 0.3491067 seconds
[2019-12-09T03:37:59.068+0000][1][safepoint    ] Entering safepoint region: RevokeBias
[2019-12-09T03:37:59.068+0000][1][safepoint    ] Leaving safepoint region
[2019-12-09T03:37:59.068+0000][1][safepoint    ] Total time for which application threads were stopped: 0.0000699 seconds, Stopping threads took: 0.0000106 seconds
[2019-12-09T03:37:59.352+0000][1][safepoint    ] Application time: 0.2839659 seconds
[2019-12-09T03:37:59.352+0000][1][safepoint    ] Entering safepoint region: Deoptimize
[2019-12-09T03:37:59.352+0000][1][safepoint    ] Leaving safepoint region
[2019-12-09T03:37:59.352+0000][1][safepoint    ] Total time for which application threads were stopped: 0.0000812 seconds, Stopping threads took: 0.0000105 seconds
[2019-12-09T03:38:00.358+0000][1][safepoint    ] Application time: 1.0053512 seconds
[2019-12-09T03:38:00.358+0000][1][safepoint    ] Entering safepoint region: Cleanup
[2019-12-09T03:38:00.358+0000][1][safepoint    ] Leaving safepoint region
[2019-12-09T03:38:00.358+0000][1][safepoint    ] Total time for which application threads were stopped: 0.0000676 seconds, Stopping threads took: 0.0000125 seconds
[2019-12-09T03:38:01.381+0000][1][safepoint    ] Application time: 1.0227616 seconds
[2019-12-09T03:38:01.381+0000][1][safepoint    ] Entering safepoint region: Cleanup
[2019-12-09T03:38:01.381+0000][1][safepoint    ] Leaving safepoint region
[2019-12-09T03:38:01.381+0000][1][safepoint    ] Total time for which application threads were stopped: 0.0002450 seconds, Stopping threads took: 0.0001775 seconds
[2019-12-09T03:38:02.134+0000][1][safepoint    ] Application time: 0.7527297 seconds
[2019-12-09T03:38:02.134+0000][1][safepoint    ] Entering safepoint region: Deoptimize
[2019-12-09T03:38:02.134+0000][1][safepoint    ] Leaving safepoint region
[2019-12-09T03:38:02.134+0000][1][safepoint    ] Total time for which application threads were stopped: 0.0001726 seconds, Stopping threads took: 0.0000116 seconds
[2019-12-09T03:38:02.331+0000][1][safepoint    ] Application time: 0.1967252 seconds
[2019-12-09T03:38:02.331+0000][1][safepoint    ] Entering safepoint region: Deoptimize
[2019-12-09T03:38:02.331+0000][1][safepoint    ] Leaving safepoint region
[2019-12-09T03:38:02.331+0000][1][safepoint    ] Total time for which application threads were stopped: 0.0001915 seconds, Stopping threads took: 0.0000107 seconds
[2019-12-09T03:38:02.823+0000][1][safepoint    ] Application time: 0.4919088 seconds
[2019-12-09T03:38:02.823+0000][1][safepoint    ] Entering safepoint region: Deoptimize
[2019-12-09T03:38:02.823+0000][1][safepoint    ] Leaving safepoint region
[2019-12-09T03:38:02.823+0000][1][safepoint    ] Total time for which application threads were stopped: 0.0001779 seconds, Stopping threads took: 0.0000126 seconds
[2019-12-09T03:38:02.912+0000][1][safepoint    ] Application time: 0.0887761 seconds
[2019-12-09T03:38:02.912+0000][1][safepoint    ] Entering safepoint region: Deoptimize
[2019-12-09T03:38:02.912+0000][1][safepoint    ] Leaving safepoint region
[2019-12-09T03:38:02.912+0000][1][safepoint    ] Total time for which application threads were stopped: 0.0001645 seconds, Stopping threads took: 0.0000130 seconds
[2019-12-09T03:38:03.948+0000][1][safepoint    ] Application time: 1.0358042 seconds
[2019-12-09T03:38:03.948+0000][1][safepoint    ] Entering safepoint region: Cleanup
[2019-12-09T03:38:03.948+0000][1][safepoint    ] Leaving safepoint region
[2019-12-09T03:38:03.948+0000][1][safepoint    ] Total time for which application threads were stopped: 0.0001314 seconds, Stopping threads took: 0.0000743 seconds
[2019-12-09T03:38:04.955+0000][1][safepoint    ] Application time: 1.0068032 seconds
[2019-12-09T03:38:04.955+0000][1][safepoint    ] Entering safepoint region: Cleanup
[2019-12-09T03:38:04.955+0000][1][safepoint    ] Leaving safepoint region
[2019-12-09T03:38:04.955+0000][1][safepoint    ] Total time for which application threads were stopped: 0.0000629 seconds, Stopping threads took: 0.0000121 seconds
[2019-12-09T03:38:05.962+0000][1][safepoint    ] Application time: 1.0068950 seconds
[2019-12-09T03:38:05.962+0000][1][safepoint    ] Entering safepoint region: Cleanup
[2019-12-09T03:38:05.962+0000][1][safepoint    ] Leaving safepoint region
[2019-12-09T03:38:05.962+0000][1][safepoint    ] Total time for which application threads were stopped: 0.0000526 seconds, Stopping threads took: 0.0000129 seconds
[2019-12-09T03:38:06.309+0000][1][safepoint    ] Application time: 0.3475483 seconds
[2019-12-09T03:38:06.309+0000][1][safepoint    ] Entering safepoint region: Deoptimize
[2019-12-09T03:38:06.310+0000][1][safepoint    ] Leaving safepoint region
[2019-12-09T03:38:06.310+0000][1][safepoint    ] Total time for which application threads were stopped: 0.0001996 seconds, Stopping threads took: 0.0000108 seconds
[2019-12-09T03:38:07.310+0000][1][safepoint    ] Application time: 1.0001042 seconds
[2019-12-09T03:38:07.310+0000][1][safepoint    ] Entering safepoint region: Cleanup
[2019-12-09T03:38:07.310+0000][1][safepoint    ] Leaving safepoint region
[2019-12-09T03:38:07.310+0000][1][safepoint    ] Total time for which application threads were stopped: 0.0000541 seconds, Stopping threads took: 0.0000144 seconds
[2019-12-09T03:38:09.326+0000][1][safepoint    ] Application time: 2.0158945 seconds
[2019-12-09T03:38:09.340+0000][1][safepoint    ] Entering safepoint region: Cleanup
[2019-12-09T03:38:09.340+0000][1][safepoint    ] Leaving safepoint region
[2019-12-09T03:38:09.340+0000][1][safepoint    ] Total time for which application threads were stopped: 0.0140769 seconds, Stopping threads took: 0.0139946 seconds
[2019-12-09T03:38:10.070+0000][1][safepoint    ] Application time: 0.7299924 seconds
[2019-12-09T03:38:10.070+0000][1][safepoint    ] Entering safepoint region: Deoptimize
[2019-12-09T03:38:10.070+0000][1][safepoint    ] Leaving safepoint region
[2019-12-09T03:38:10.070+0000][1][safepoint    ] Total time for which application threads were stopped: 0.0002519 seconds, Stopping threads took: 0.0000112 seconds
[2019-12-09T03:38:11.090+0000][1][safepoint    ] Application time: 1.0195911 seconds
[2019-12-09T03:38:11.183+0000][1][safepoint    ] Entering safepoint region: Cleanup
[2019-12-09T03:38:11.183+0000][1][safepoint    ] Leaving safepoint region
[2019-12-09T03:38:11.183+0000][1][safepoint    ] Total time for which application threads were stopped: 0.0932485 seconds, Stopping threads took: 0.0931605 seconds
[2019-12-09T03:38:11.242+0000][1][safepoint    ] Application time: 0.0591896 seconds
[2019-12-09T03:38:11.242+0000][1][safepoint    ] Entering safepoint region: Deoptimize
[2019-12-09T03:38:11.242+0000][1][safepoint    ] Leaving safepoint region
[2019-12-09T03:38:11.242+0000][1][safepoint    ] Total time for which application threads were stopped: 0.0002382 seconds, Stopping threads took: 0.0000114 seconds
[2019-12-09T03:38:11.260+0000][1][safepoint    ] Application time: 0.0173495 seconds
[2019-12-09T03:38:11.260+0000][1][safepoint    ] Entering safepoint region: Deoptimize
[2019-12-09T03:38:11.260+0000][1][safepoint    ] Leaving safepoint region
[2019-12-09T03:38:11.260+0000][1][safepoint    ] Total time for which application threads were stopped: 0.0002309 seconds, Stopping threads took: 0.0000097 seconds
[2019-12-09T03:38:11.606+0000][1][safepoint    ] Application time: 0.3460046 seconds
[2019-12-09T03:38:11.606+0000][1][safepoint    ] Entering safepoint region: Deoptimize
[2019-12-09T03:38:11.606+0000][1][safepoint    ] Leaving safepoint region
[2019-12-09T03:38:11.606+0000][1][safepoint    ] Total time for which application threads were stopped: 0.0002583 seconds, Stopping threads took: 0.0000131 seconds
[2019-12-09T03:38:11.734+0000][1][safepoint    ] Application time: 0.1273090 seconds
[2019-12-09T03:38:11.734+0000][1][safepoint    ] Entering safepoint region: RevokeBias
[2019-12-09T03:38:11.734+0000][1][safepoint    ] Leaving safepoint region
[2019-12-09T03:38:11.734+0000][1][safepoint    ] Total time for which application threads were stopped: 0.0001550 seconds, Stopping threads took: 0.0000812 seconds
[2019-12-09T03:38:11.746+0000][1][safepoint    ] Application time: 0.0118008 seconds
[2019-12-09T03:38:11.826+0000][1][safepoint    ] Entering safepoint region: RevokeBias
[2019-12-09T03:38:11.826+0000][1][safepoint    ] Leaving safepoint region
[2019-12-09T03:38:11.826+0000][1][safepoint    ] Total time for which application threads were stopped: 0.0803504 seconds, Stopping threads took: 0.0802583 seconds
[2019-12-09T03:38:11.826+0000][1][safepoint    ] Application time: 0.0000758 seconds
[2019-12-09T03:38:11.826+0000][1][safepoint    ] Entering safepoint region: RevokeBias
[2019-12-09T03:38:11.826+0000][1][safepoint    ] Leaving safepoint region
[2019-12-09T03:38:11.826+0000][1][safepoint    ] Total time for which application threads were stopped: 0.0000626 seconds, Stopping threads took: 0.0000096 seconds
[2019-12-09T03:38:11.826+0000][1][safepoint    ] Application time: 0.0000986 seconds
[2019-12-09T03:38:11.826+0000][1][safepoint    ] Entering safepoint region: RevokeBias
[2019-12-09T03:38:11.826+0000][1][safepoint    ] Leaving safepoint region
[2019-12-09T03:38:11.826+0000][1][safepoint    ] Total time for which application threads were stopped: 0.0000711 seconds, Stopping threads took: 0.0000089 seconds
[2019-12-09T03:38:11.827+0000][1][safepoint    ] Application time: 0.0001829 seconds
[2019-12-09T03:38:11.827+0000][1][safepoint    ] Entering safepoint region: RevokeBias
[2019-12-09T03:38:11.827+0000][1][safepoint    ] Leaving safepoint region
[2019-12-09T03:38:11.827+0000][1][safepoint    ] Total time for which application threads were stopped: 0.0000910 seconds, Stopping threads took: 0.0000098 seconds
[2019-12-09T03:38:12.835+0000][1][safepoint    ] Application time: 1.0082411 seconds
[2019-12-09T03:38:12.876+0000][1][safepoint    ] Entering safepoint region: Cleanup
[2019-12-09T03:38:12.876+0000][1][safepoint    ] Leaving safepoint region
[2019-12-09T03:38:12.876+0000][1][safepoint    ] Total time for which application threads were stopped: 0.0406224 seconds, Stopping threads took: 0.0405626 seconds
[2019-12-09T03:38:13.879+0000][1][safepoint    ] Application time: 1.0030503 seconds
[2019-12-09T03:38:13.898+0000][1][safepoint    ] Entering safepoint region: Cleanup
[2019-12-09T03:38:13.898+0000][1][safepoint    ] Leaving safepoint region
[2019-12-09T03:38:13.898+0000][1][safepoint    ] Total time for which application threads were stopped: 0.0191209 seconds, Stopping threads took: 0.0190490 seconds
[2019-12-09T03:38:13.942+0000][1][safepoint    ] Application time: 0.0436587 seconds
[2019-12-09T03:38:13.954+0000][1][safepoint    ] Entering safepoint region: GenCollectForAllocation
[2019-12-09T03:38:13.954+0000][1][gc,start     ] GC(0) Pause Young (Allocation Failure)
[2019-12-09T03:38:13.955+0000][1][gc,task      ] GC(0) Using 2 workers of 2 for evacuation
[2019-12-09T03:38:14.087+0000][1][gc,age       ] GC(0) Desired survivor size 4456448 bytes, new threshold 1 (max threshold 6)
[2019-12-09T03:38:14.087+0000][1][gc,age       ] GC(0) Age table with threshold 1 (max threshold 6)
[2019-12-09T03:38:14.087+0000][1][gc,age       ] GC(0) - age   1:    6732408 bytes,    6732408 total
[2019-12-09T03:38:14.087+0000][1][gc,heap      ] GC(0) ParNew: 69952K->6622K(78656K)
[2019-12-09T03:38:14.087+0000][1][gc,heap      ] GC(0) CMS: 0K->0K(174784K)
[2019-12-09T03:38:14.087+0000][1][gc,metaspace ] GC(0) Metaspace: 12968K->12968K(1060864K)
[2019-12-09T03:38:14.087+0000][1][gc           ] GC(0) Pause Young (Allocation Failure) 68M->6M(247M) 133.366ms
[2019-12-09T03:38:14.087+0000][1][gc,cpu       ] GC(0) User=0.04s Sys=0.00s Real=0.14s
[2019-12-09T03:38:14.087+0000][1][safepoint    ] Leaving safepoint region
[2019-12-09T03:38:14.087+0000][1][safepoint    ] Total time for which application threads were stopped: 0.1456976 seconds, Stopping threads took: 0.0122020 seconds
[2019-12-09T03:38:14.093+0000][1][safepoint    ] Application time: 0.0061294 seconds
[2019-12-09T03:38:14.115+0000][1][safepoint    ] Entering safepoint region: RevokeBias
[2019-12-09T03:38:14.115+0000][1][safepoint    ] Leaving safepoint region
[2019-12-09T03:38:14.115+0000][1][safepoint    ] Total time for which application threads were stopped: 0.0214490 seconds, Stopping threads took: 0.0213799 seconds
[2019-12-09T03:38:14.115+0000][1][safepoint    ] Application time: 0.0001281 seconds
[2019-12-09T03:38:14.115+0000][1][safepoint    ] Entering safepoint region: RevokeBias
[2019-12-09T03:38:14.115+0000][1][safepoint    ] Leaving safepoint region
[2019-12-09T03:38:14.115+0000][1][safepoint    ] Total time for which application threads were stopped: 0.0000364 seconds, Stopping threads took: 0.0000086 seconds
[2019-12-09T03:38:14.115+0000][1][safepoint    ] Application time: 0.0000569 seconds
[2019-12-09T03:38:14.115+0000][1][safepoint    ] Entering safepoint region: RevokeBias
[2019-12-09T03:38:14.115+0000][1][safepoint    ] Leaving safepoint region
[2019-12-09T03:38:14.115+0000][1][safepoint    ] Total time for which application threads were stopped: 0.0000301 seconds, Stopping threads took: 0.0000072 seconds
[2019-12-09T03:38:14.115+0000][1][safepoint    ] Application time: 0.0000444 seconds
[2019-12-09T03:38:14.115+0000][1][safepoint    ] Entering safepoint region: RevokeBias
[2019-12-09T03:38:14.115+0000][1][safepoint    ] Leaving safepoint region
[2019-12-09T03:38:14.115+0000][1][safepoint    ] Total time for which application threads were stopped: 0.0000286 seconds, Stopping threads took: 0.0000068 seconds
[2019-12-09T03:38:14.115+0000][1][safepoint    ] Application time: 0.0000472 seconds
[2019-12-09T03:38:14.115+0000][1][safepoint    ] Entering safepoint region: RevokeBias
[2019-12-09T03:38:14.115+0000][1][safepoint    ] Leaving safepoint region
[2019-12-09T03:38:14.115+0000][1][safepoint    ] Total time for which application threads were stopped: 0.0000280 seconds, Stopping threads took: 0.0000066 seconds
[2019-12-09T03:38:14.115+0000][1][safepoint    ] Application time: 0.0000425 seconds
[2019-12-09T03:38:14.115+0000][1][safepoint    ] Entering safepoint region: RevokeBias
[2019-12-09T03:38:14.115+0000][1][safepoint    ] Leaving safepoint region
[2019-12-09T03:38:14.115+0000][1][safepoint    ] Total time for which application threads were stopped: 0.0000278 seconds, Stopping threads took: 0.0000062 seconds
[2019-12-09T03:38:14.115+0000][1][safepoint    ] Application time: 0.0000465 seconds
[2019-12-09T03:38:14.115+0000][1][safepoint    ] Entering safepoint region: RevokeBias
[2019-12-09T03:38:14.115+0000][1][safepoint    ] Leaving safepoint region
[2019-12-09T03:38:14.115+0000][1][safepoint    ] Total time for which application threads were stopped: 0.0000296 seconds, Stopping threads took: 0.0000069 seconds
[2019-12-09T03:38:14.116+0000][1][safepoint    ] Application time: 0.0000493 seconds
[2019-12-09T03:38:14.116+0000][1][safepoint    ] Entering safepoint region: RevokeBias
[2019-12-09T03:38:14.116+0000][1][safepoint    ] Leaving safepoint region
[2019-12-09T03:38:14.116+0000][1][safepoint    ] Total time for which application threads were stopped: 0.0000562 seconds, Stopping threads took: 0.0000183 seconds
[2019-12-09T03:38:14.116+0000][1][safepoint    ] Application time: 0.0000757 seconds
[2019-12-09T03:38:14.116+0000][1][safepoint    ] Entering safepoint region: RevokeBias
[2019-12-09T03:38:14.116+0000][1][safepoint    ] Leaving safepoint region
[2019-12-09T03:38:14.116+0000][1][safepoint    ] Total time for which application threads were stopped: 0.0000546 seconds, Stopping threads took: 0.0000075 seconds
[2019-12-09T03:38:14.116+0000][1][safepoint    ] Application time: 0.0000537 seconds
[2019-12-09T03:38:14.116+0000][1][safepoint    ] Entering safepoint region: RevokeBias
[2019-12-09T03:38:14.116+0000][1][safepoint    ] Leaving safepoint region
[2019-12-09T03:38:14.116+0000][1][safepoint    ] Total time for which application threads were stopped: 0.0000372 seconds, Stopping threads took: 0.0000086 seconds
[2019-12-09T03:38:14.116+0000][1][safepoint    ] Application time: 0.0000600 seconds
[2019-12-09T03:38:14.116+0000][1][safepoint    ] Entering safepoint region: RevokeBias
[2019-12-09T03:38:14.116+0000][1][safepoint    ] Leaving safepoint region
[2019-12-09T03:38:14.116+0000][1][safepoint    ] Total time for which application threads were stopped: 0.0000331 seconds, Stopping threads took: 0.0000081 seconds
[2019-12-09T03:38:14.116+0000][1][safepoint    ] Application time: 0.0000498 seconds
[2019-12-09T03:38:14.116+0000][1][safepoint    ] Entering safepoint region: RevokeBias
[2019-12-09T03:38:14.116+0000][1][safepoint    ] Leaving safepoint region
[2019-12-09T03:38:14.116+0000][1][safepoint    ] Total time for which application threads were stopped: 0.0000320 seconds, Stopping threads took: 0.0000075 seconds
[2019-12-09T03:38:14.116+0000][1][safepoint    ] Application time: 0.0000590 seconds
[2019-12-09T03:38:14.116+0000][1][safepoint    ] Entering safepoint region: RevokeBias
[2019-12-09T03:38:14.116+0000][1][safepoint    ] Leaving safepoint region
[2019-12-09T03:38:14.116+0000][1][safepoint    ] Total time for which application threads were stopped: 0.0000342 seconds, Stopping threads took: 0.0000087 seconds
[2019-12-09T03:38:14.116+0000][1][safepoint    ] Application time: 0.0000503 seconds
[2019-12-09T03:38:14.116+0000][1][safepoint    ] Entering safepoint region: RevokeBias
[2019-12-09T03:38:14.116+0000][1][safepoint    ] Leaving safepoint region
[2019-12-09T03:38:14.116+0000][1][safepoint    ] Total time for which application threads were stopped: 0.0000322 seconds, Stopping threads took: 0.0000081 seconds
[2019-12-09T03:38:14.116+0000][1][safepoint    ] Application time: 0.0000568 seconds
[2019-12-09T03:38:14.116+0000][1][safepoint    ] Entering safepoint region: RevokeBias
[2019-12-09T03:38:14.116+0000][1][safepoint    ] Leaving safepoint region
[2019-12-09T03:38:14.116+0000][1][safepoint    ] Total time for which application threads were stopped: 0.0000350 seconds, Stopping threads took: 0.0000085 seconds
[2019-12-09T03:38:14.116+0000][1][safepoint    ] Application time: 0.0000500 seconds
[2019-12-09T03:38:14.116+0000][1][safepoint    ] Entering safepoint region: RevokeBias
[2019-12-09T03:38:14.116+0000][1][safepoint    ] Leaving safepoint region
[2019-12-09T03:38:14.117+0000][1][safepoint    ] Total time for which application threads were stopped: 0.0000327 seconds, Stopping threads took: 0.0000080 seconds
[2019-12-09T03:38:14.117+0000][1][safepoint    ] Application time: 0.0000564 seconds
[2019-12-09T03:38:14.117+0000][1][safepoint    ] Entering safepoint region: RevokeBias
[2019-12-09T03:38:14.117+0000][1][safepoint    ] Leaving safepoint region
[2019-12-09T03:38:14.117+0000][1][safepoint    ] Total time for which application threads were stopped: 0.0000322 seconds, Stopping threads took: 0.0000079 seconds
[2019-12-09T03:38:14.117+0000][1][safepoint    ] Application time: 0.0000495 seconds
[2019-12-09T03:38:14.117+0000][1][safepoint    ] Entering safepoint region: RevokeBias
[2019-12-09T03:38:14.117+0000][1][safepoint    ] Leaving safepoint region
[2019-12-09T03:38:14.117+0000][1][safepoint    ] Total time for which application threads were stopped: 0.0000579 seconds, Stopping threads took: 0.0000322 seconds
[2019-12-09T03:38:14.117+0000][1][safepoint    ] Application time: 0.0000844 seconds
[2019-12-09T03:38:14.117+0000][1][safepoint    ] Entering safepoint region: RevokeBias
[2019-12-09T03:38:14.117+0000][1][safepoint    ] Leaving safepoint region
[2019-12-09T03:38:14.117+0000][1][safepoint    ] Total time for which application threads were stopped: 0.0000436 seconds, Stopping threads took: 0.0000080 seconds
[2019-12-09T03:38:14.117+0000][1][safepoint    ] Application time: 0.0000433 seconds
[2019-12-09T03:38:14.117+0000][1][safepoint    ] Entering safepoint region: RevokeBias
[2019-12-09T03:38:14.117+0000][1][safepoint    ] Leaving safepoint region
[2019-12-09T03:38:14.117+0000][1][safepoint    ] Total time for which application threads were stopped: 0.0000267 seconds, Stopping threads took: 0.0000062 seconds
[2019-12-09T03:38:14.117+0000][1][safepoint    ] Application time: 0.0000473 seconds
[2019-12-09T03:38:14.117+0000][1][safepoint    ] Entering safepoint region: RevokeBias
[2019-12-09T03:38:14.117+0000][1][safepoint    ] Leaving safepoint region
[2019-12-09T03:38:14.117+0000][1][safepoint    ] Total time for which application threads were stopped: 0.0000292 seconds, Stopping threads took: 0.0000064 seconds
[2019-12-09T03:38:14.117+0000][1][safepoint    ] Application time: 0.0000455 seconds
[2019-12-09T03:38:14.117+0000][1][safepoint    ] Entering safepoint region: RevokeBias
[2019-12-09T03:38:14.117+0000][1][safepoint    ] Leaving safepoint region
[2019-12-09T03:38:14.117+0000][1][safepoint    ] Total time for which application threads were stopped: 0.0000275 seconds, Stopping threads took: 0.0000063 seconds
[2019-12-09T03:38:14.117+0000][1][safepoint    ] Application time: 0.0000483 seconds
[2019-12-09T03:38:14.117+0000][1][safepoint    ] Entering safepoint region: RevokeBias
[2019-12-09T03:38:14.117+0000][1][safepoint    ] Leaving safepoint region
[2019-12-09T03:38:14.117+0000][1][safepoint    ] Total time for which application threads were stopped: 0.0000279 seconds, Stopping threads took: 0.0000068 seconds
[2019-12-09T03:38:14.117+0000][1][safepoint    ] Application time: 0.0000444 seconds
[2019-12-09T03:38:14.117+0000][1][safepoint    ] Entering safepoint region: RevokeBias
[2019-12-09T03:38:14.117+0000][1][safepoint    ] Leaving safepoint region
[2019-12-09T03:38:14.117+0000][1][safepoint    ] Total time for which application threads were stopped: 0.0000390 seconds, Stopping threads took: 0.0000064 seconds
[2019-12-09T03:38:14.117+0000][1][safepoint    ] Application time: 0.0000771 seconds
[2019-12-09T03:38:14.117+0000][1][safepoint    ] Entering safepoint region: RevokeBias
[2019-12-09T03:38:14.117+0000][1][safepoint    ] Leaving safepoint region
[2019-12-09T03:38:14.117+0000][1][safepoint    ] Total time for which application threads were stopped: 0.0000343 seconds, Stopping threads took: 0.0000083 seconds
[2019-12-09T03:38:14.118+0000][1][safepoint    ] Application time: 0.0000512 seconds
[2019-12-09T03:38:14.118+0000][1][safepoint    ] Entering safepoint region: RevokeBias
[2019-12-09T03:38:14.118+0000][1][safepoint    ] Leaving safepoint region
[2019-12-09T03:38:14.118+0000][1][safepoint    ] Total time for which application threads were stopped: 0.0000331 seconds, Stopping threads took: 0.0000074 seconds
[2019-12-09T03:38:14.118+0000][1][safepoint    ] Application time: 0.0003776 seconds
[2019-12-09T03:38:14.118+0000][1][safepoint    ] Entering safepoint region: RevokeBias
[2019-12-09T03:38:14.118+0000][1][safepoint    ] Leaving safepoint region
[2019-12-09T03:38:14.118+0000][1][safepoint    ] Total time for which application threads were stopped: 0.0000481 seconds, Stopping threads took: 0.0000105 seconds
[2019-12-09T03:38:14.118+0000][1][safepoint    ] Application time: 0.0000555 seconds
[2019-12-09T03:38:14.118+0000][1][safepoint    ] Entering safepoint region: RevokeBias
[2019-12-09T03:38:14.118+0000][1][safepoint    ] Leaving safepoint region
[2019-12-09T03:38:14.118+0000][1][safepoint    ] Total time for which application threads were stopped: 0.0000470 seconds, Stopping threads took: 0.0000149 seconds
[2019-12-09T03:38:14.118+0000][1][safepoint    ] Application time: 0.0000682 seconds
[2019-12-09T03:38:14.118+0000][1][safepoint    ] Entering safepoint region: RevokeBias
[2019-12-09T03:38:14.118+0000][1][safepoint    ] Leaving safepoint region
[2019-12-09T03:38:14.118+0000][1][safepoint    ] Total time for which application threads were stopped: 0.0000361 seconds, Stopping threads took: 0.0000080 seconds
[2019-12-09T03:38:14.118+0000][1][safepoint    ] Application time: 0.0000522 seconds
[2019-12-09T03:38:14.118+0000][1][safepoint    ] Entering safepoint region: RevokeBias
[2019-12-09T03:38:14.118+0000][1][safepoint    ] Leaving safepoint region
[2019-12-09T03:38:14.118+0000][1][safepoint    ] Total time for which application threads were stopped: 0.0000348 seconds, Stopping threads took: 0.0000078 seconds
[2019-12-09T03:38:15.248+0000][1][safepoint    ] Application time: 1.1300054 seconds
[2019-12-09T03:38:15.248+0000][1][safepoint    ] Entering safepoint region: Deoptimize
[2019-12-09T03:38:15.249+0000][1][safepoint    ] Leaving safepoint region
[2019-12-09T03:38:15.249+0000][1][safepoint    ] Total time for which application threads were stopped: 0.0004442 seconds, Stopping threads took: 0.0000141 seconds
[2019-12-09T03:38:16.256+0000][1][safepoint    ] Application time: 1.0068549 seconds
[2019-12-09T03:38:16.277+0000][1][safepoint    ] Entering safepoint region: Cleanup
[2019-12-09T03:38:16.277+0000][1][safepoint    ] Leaving safepoint region
[2019-12-09T03:38:16.277+0000][1][safepoint    ] Total time for which application threads were stopped: 0.0210958 seconds, Stopping threads took: 0.0209991 seconds
[2019-12-09T03:38:16.419+0000][1][safepoint    ] Application time: 0.1418593 seconds
[2019-12-09T03:38:16.419+0000][1][safepoint    ] Entering safepoint region: RevokeBias
[2019-12-09T03:38:16.419+0000][1][safepoint    ] Leaving safepoint region
[2019-12-09T03:38:16.419+0000][1][safepoint    ] Total time for which application threads were stopped: 0.0001171 seconds, Stopping threads took: 0.0000507 seconds
[2019-12-09T03:38:17.433+0000][1][safepoint    ] Application time: 1.0144249 seconds
[2019-12-09T03:38:17.433+0000][1][safepoint    ] Entering safepoint region: Cleanup
[2019-12-09T03:38:17.433+0000][1][safepoint    ] Leaving safepoint region
[2019-12-09T03:38:17.433+0000][1][safepoint    ] Total time for which application threads were stopped: 0.0000693 seconds, Stopping threads took: 0.0000230 seconds
[2019-12-09T03:38:18.265+0000][1][safepoint    ] Application time: 0.8313070 seconds
[2019-12-09T03:38:18.265+0000][1][safepoint    ] Entering safepoint region: GenCollectForAllocation
[2019-12-09T03:38:18.265+0000][1][gc,start     ] GC(1) Pause Young (Allocation Failure)
[2019-12-09T03:38:18.265+0000][1][gc,task      ] GC(1) Using 2 workers of 2 for evacuation
[2019-12-09T03:38:18.594+0000][1][gc,age       ] GC(1) Desired survivor size 4456448 bytes, new threshold 6 (max threshold 6)
[2019-12-09T03:38:18.594+0000][1][gc,age       ] GC(1) Age table with threshold 6 (max threshold 6)
[2019-12-09T03:38:18.594+0000][1][gc,age       ] GC(1) - age   1:    1219768 bytes,    1219768 total
[2019-12-09T03:38:18.594+0000][1][gc,heap      ] GC(1) ParNew: 76574K->4316K(78656K)
[2019-12-09T03:38:18.594+0000][1][gc,heap      ] GC(1) CMS: 0K->7064K(174784K)
[2019-12-09T03:38:18.594+0000][1][gc,metaspace ] GC(1) Metaspace: 14870K->14870K(1062912K)
[2019-12-09T03:38:18.594+0000][1][gc           ] GC(1) Pause Young (Allocation Failure) 74M->11M(247M) 329.372ms
[2019-12-09T03:38:18.594+0000][1][gc,cpu       ] GC(1) User=0.08s Sys=0.00s Real=0.32s
[2019-12-09T03:38:18.594+0000][1][safepoint    ] Leaving safepoint region
[2019-12-09T03:38:18.594+0000][1][safepoint    ] Total time for which application threads were stopped: 0.3295212 seconds, Stopping threads took: 0.0000124 seconds
[2019-12-09T03:38:18.605+0000][1][safepoint    ] Application time: 0.0106244 seconds
[2019-12-09T03:38:18.633+0000][1][safepoint    ] Entering safepoint region: BulkRevokeBias
[2019-12-09T03:38:18.633+0000][1][safepoint    ] Leaving safepoint region
[2019-12-09T03:38:18.633+0000][1][safepoint    ] Total time for which application threads were stopped: 0.0283133 seconds, Stopping threads took: 0.0281096 seconds
[2019-12-09T03:38:18.633+0000][1][safepoint    ] Application time: 0.0001196 seconds
[2019-12-09T03:38:18.633+0000][1][safepoint    ] Entering safepoint region: RevokeBias
[2019-12-09T03:38:18.633+0000][1][safepoint    ] Leaving safepoint region
[2019-12-09T03:38:18.633+0000][1][safepoint    ] Total time for which application threads were stopped: 0.0000794 seconds, Stopping threads took: 0.0000086 seconds
[2019-12-09T03:38:18.634+0000][1][safepoint    ] Application time: 0.0000667 seconds
[2019-12-09T03:38:18.634+0000][1][safepoint    ] Entering safepoint region: RevokeBias
[2019-12-09T03:38:18.634+0000][1][safepoint    ] Leaving safepoint region
[2019-12-09T03:38:18.634+0000][1][safepoint    ] Total time for which application threads were stopped: 0.0000693 seconds, Stopping threads took: 0.0000072 seconds
[2019-12-09T03:38:18.634+0000][1][safepoint    ] Application time: 0.0000609 seconds
[2019-12-09T03:38:18.634+0000][1][safepoint    ] Entering safepoint region: RevokeBias
[2019-12-09T03:38:18.634+0000][1][safepoint    ] Leaving safepoint region
[2019-12-09T03:38:18.634+0000][1][safepoint    ] Total time for which application threads were stopped: 0.0000740 seconds, Stopping threads took: 0.0000078 seconds
[2019-12-09T03:38:18.634+0000][1][safepoint    ] Application time: 0.0000530 seconds
[2019-12-09T03:38:18.634+0000][1][safepoint    ] Entering safepoint region: RevokeBias
[2019-12-09T03:38:18.634+0000][1][safepoint    ] Leaving safepoint region
[2019-12-09T03:38:18.634+0000][1][safepoint    ] Total time for which application threads were stopped: 0.0000676 seconds, Stopping threads took: 0.0000066 seconds
[2019-12-09T03:38:18.634+0000][1][safepoint    ] Application time: 0.0000471 seconds
[2019-12-09T03:38:18.634+0000][1][safepoint    ] Entering safepoint region: RevokeBias
[2019-12-09T03:38:18.634+0000][1][safepoint    ] Leaving safepoint region
[2019-12-09T03:38:18.634+0000][1][safepoint    ] Total time for which application threads were stopped: 0.0000652 seconds, Stopping threads took: 0.0000068 seconds
[2019-12-09T03:38:18.634+0000][1][safepoint    ] Application time: 0.0000521 seconds
[2019-12-09T03:38:18.634+0000][1][safepoint    ] Entering safepoint region: BulkRevokeBias
[2019-12-09T03:38:18.634+0000][1][safepoint    ] Leaving safepoint region
[2019-12-09T03:38:18.634+0000][1][safepoint    ] Total time for which application threads were stopped: 0.0000952 seconds, Stopping threads took: 0.0000070 seconds
[2019-12-09T03:38:18.634+0000][1][safepoint    ] Application time: 0.0000443 seconds
[2019-12-09T03:38:18.634+0000][1][safepoint    ] Entering safepoint region: RevokeBias
[2019-12-09T03:38:18.634+0000][1][safepoint    ] Leaving safepoint region
[2019-12-09T03:38:18.634+0000][1][safepoint    ] Total time for which application threads were stopped: 0.0000677 seconds, Stopping threads took: 0.0000070 seconds
[2019-12-09T03:38:18.634+0000][1][safepoint    ] Application time: 0.0000486 seconds
[2019-12-09T03:38:18.634+0000][1][safepoint    ] Entering safepoint region: BulkRevokeBias
[2019-12-09T03:38:18.634+0000][1][safepoint    ] Leaving safepoint region
[2019-12-09T03:38:18.634+0000][1][safepoint    ] Total time for which application threads were stopped: 0.0000913 seconds, Stopping threads took: 0.0000070 seconds
[2019-12-09T03:38:19.636+0000][1][safepoint    ] Application time: 1.0012232 seconds
[2019-12-09T03:38:19.706+0000][1][safepoint    ] Entering safepoint region: Cleanup
[2019-12-09T03:38:19.706+0000][1][safepoint    ] Leaving safepoint region
[2019-12-09T03:38:19.706+0000][1][safepoint    ] Total time for which application threads were stopped: 0.0700253 seconds, Stopping threads took: 0.0699608 seconds
[2019-12-09T03:38:20.729+0000][1][safepoint    ] Application time: 1.0229262 seconds
[2019-12-09T03:38:20.729+0000][1][safepoint    ] Entering safepoint region: Cleanup
[2019-12-09T03:38:20.729+0000][1][safepoint    ] Leaving safepoint region
[2019-12-09T03:38:20.729+0000][1][safepoint    ] Total time for which application threads were stopped: 0.0003148 seconds, Stopping threads took: 0.0002544 seconds
[2019-12-09T03:38:21.473+0000][1][safepoint    ] Application time: 0.7435984 seconds
[2019-12-09T03:38:21.473+0000][1][safepoint    ] Entering safepoint region: Deoptimize
[2019-12-09T03:38:21.473+0000][1][safepoint    ] Leaving safepoint region
[2019-12-09T03:38:21.473+0000][1][safepoint    ] Total time for which application threads were stopped: 0.0003812 seconds, Stopping threads took: 0.0000128 seconds
[2019-12-09T03:38:21.474+0000][1][safepoint    ] Application time: 0.0005054 seconds
[2019-12-09T03:38:21.474+0000][1][safepoint    ] Entering safepoint region: Deoptimize
[2019-12-09T03:38:21.474+0000][1][safepoint    ] Leaving safepoint region
[2019-12-09T03:38:21.474+0000][1][safepoint    ] Total time for which application threads were stopped: 0.0003412 seconds, Stopping threads took: 0.0000114 seconds
[2019-12-09T03:38:22.092+0000][1][safepoint    ] Application time: 0.6177244 seconds
[2019-12-09T03:38:22.092+0000][1][safepoint    ] Entering safepoint region: GenCollectForAllocation
[2019-12-09T03:38:22.092+0000][1][gc,start     ] GC(2) Pause Young (Allocation Failure)
[2019-12-09T03:38:22.092+0000][1][gc,task      ] GC(2) Using 2 workers of 2 for evacuation
[2019-12-09T03:38:22.185+0000][1][gc,age       ] GC(2) Desired survivor size 4456448 bytes, new threshold 6 (max threshold 6)
[2019-12-09T03:38:22.185+0000][1][gc,age       ] GC(2) Age table with threshold 6 (max threshold 6)
[2019-12-09T03:38:22.185+0000][1][gc,age       ] GC(2) - age   1:    2209512 bytes,    2209512 total
[2019-12-09T03:38:22.185+0000][1][gc,age       ] GC(2) - age   2:     948080 bytes,    3157592 total
[2019-12-09T03:38:22.186+0000][1][gc,heap      ] GC(2) ParNew: 74268K->3742K(78656K)
[2019-12-09T03:38:22.186+0000][1][gc,heap      ] GC(2) CMS: 7064K->7064K(174784K)
[2019-12-09T03:38:22.186+0000][1][gc,metaspace ] GC(2) Metaspace: 17029K->17029K(1064960K)
[2019-12-09T03:38:22.186+0000][1][gc           ] GC(2) Pause Young (Allocation Failure) 79M->10M(247M) 93.662ms
[2019-12-09T03:38:22.186+0000][1][gc,cpu       ] GC(2) User=0.02s Sys=0.00s Real=0.10s
[2019-12-09T03:38:22.186+0000][1][safepoint    ] Leaving safepoint region
[2019-12-09T03:38:22.186+0000][1][safepoint    ] Total time for which application threads were stopped: 0.0938442 seconds, Stopping threads took: 0.0000441 seconds
[2019-12-09T03:38:22.187+0000][1][safepoint    ] Application time: 0.0015155 seconds
[2019-12-09T03:38:22.191+0000][1][safepoint    ] Entering safepoint region: RevokeBias
[2019-12-09T03:38:22.191+0000][1][safepoint    ] Leaving safepoint region
[2019-12-09T03:38:22.191+0000][1][safepoint    ] Total time for which application threads were stopped: 0.0037685 seconds, Stopping threads took: 0.0036506 seconds
[2019-12-09T03:38:22.191+0000][1][safepoint    ] Application time: 0.0000638 seconds
[2019-12-09T03:38:22.191+0000][1][safepoint    ] Entering safepoint region: RevokeBias
[2019-12-09T03:38:22.191+0000][1][safepoint    ] Leaving safepoint region
[2019-12-09T03:38:22.191+0000][1][safepoint    ] Total time for which application threads were stopped: 0.0000893 seconds, Stopping threads took: 0.0000079 seconds
[2019-12-09T03:38:22.191+0000][1][safepoint    ] Application time: 0.0000635 seconds
[2019-12-09T03:38:22.191+0000][1][safepoint    ] Entering safepoint region: RevokeBias
[2019-12-09T03:38:22.191+0000][1][safepoint    ] Leaving safepoint region
[2019-12-09T03:38:22.191+0000][1][safepoint    ] Total time for which application threads were stopped: 0.0000808 seconds, Stopping threads took: 0.0000076 seconds
[2019-12-09T03:38:22.191+0000][1][safepoint    ] Application time: 0.0000519 seconds
[2019-12-09T03:38:22.191+0000][1][safepoint    ] Entering safepoint region: RevokeBias
[2019-12-09T03:38:22.191+0000][1][safepoint    ] Leaving safepoint region
[2019-12-09T03:38:22.191+0000][1][safepoint    ] Total time for which application threads were stopped: 0.0000907 seconds, Stopping threads took: 0.0000181 seconds
[2019-12-09T03:38:22.191+0000][1][safepoint    ] Application time: 0.0000472 seconds
[2019-12-09T03:38:22.191+0000][1][safepoint    ] Entering safepoint region: RevokeBias
[2019-12-09T03:38:22.192+0000][1][safepoint    ] Leaving safepoint region
[2019-12-09T03:38:22.192+0000][1][safepoint    ] Total time for which application threads were stopped: 0.0000709 seconds, Stopping threads took: 0.0000069 seconds
[2019-12-09T03:38:22.192+0000][1][safepoint    ] Application time: 0.0000514 seconds
[2019-12-09T03:38:22.192+0000][1][safepoint    ] Entering safepoint region: RevokeBias
[2019-12-09T03:38:22.192+0000][1][safepoint    ] Leaving safepoint region
[2019-12-09T03:38:22.192+0000][1][safepoint    ] Total time for which application threads were stopped: 0.0000917 seconds, Stopping threads took: 0.0000070 seconds
[2019-12-09T03:38:22.192+0000][1][safepoint    ] Application time: 0.0000485 seconds
[2019-12-09T03:38:22.192+0000][1][safepoint    ] Entering safepoint region: RevokeBias
[2019-12-09T03:38:22.192+0000][1][safepoint    ] Leaving safepoint region
[2019-12-09T03:38:22.192+0000][1][safepoint    ] Total time for which application threads were stopped: 0.0000859 seconds, Stopping threads took: 0.0000065 seconds
[2019-12-09T03:38:22.192+0000][1][safepoint    ] Application time: 0.0000502 seconds
[2019-12-09T03:38:22.192+0000][1][safepoint    ] Entering safepoint region: RevokeBias
[2019-12-09T03:38:22.192+0000][1][safepoint    ] Leaving safepoint region
[2019-12-09T03:38:22.192+0000][1][safepoint    ] Total time for which application threads were stopped: 0.0000676 seconds, Stopping threads took: 0.0000064 seconds
[2019-12-09T03:38:22.192+0000][1][safepoint    ] Application time: 0.0000428 seconds
[2019-12-09T03:38:22.192+0000][1][safepoint    ] Entering safepoint region: RevokeBias
[2019-12-09T03:38:22.192+0000][1][safepoint    ] Leaving safepoint region
[2019-12-09T03:38:22.192+0000][1][safepoint    ] Total time for which application threads were stopped: 0.0000612 seconds, Stopping threads took: 0.0000059 seconds
[2019-12-09T03:38:22.192+0000][1][safepoint    ] Application time: 0.0000479 seconds
[2019-12-09T03:38:22.192+0000][1][safepoint    ] Entering safepoint region: RevokeBias
[2019-12-09T03:38:22.192+0000][1][safepoint    ] Leaving safepoint region
[2019-12-09T03:38:22.192+0000][1][safepoint    ] Total time for which application threads were stopped: 0.0000633 seconds, Stopping threads took: 0.0000063 seconds
[2019-12-09T03:38:22.192+0000][1][safepoint    ] Application time: 0.0000427 seconds
[2019-12-09T03:38:22.192+0000][1][safepoint    ] Entering safepoint region: RevokeBias
[2019-12-09T03:38:22.192+0000][1][safepoint    ] Leaving safepoint region
[2019-12-09T03:38:22.192+0000][1][safepoint    ] Total time for which application threads were stopped: 0.0000634 seconds, Stopping threads took: 0.0000061 seconds
[2019-12-09T03:38:22.192+0000][1][safepoint    ] Application time: 0.0000478 seconds
[2019-12-09T03:38:22.192+0000][1][safepoint    ] Entering safepoint region: RevokeBias
[2019-12-09T03:38:22.192+0000][1][safepoint    ] Leaving safepoint region
[2019-12-09T03:38:22.192+0000][1][safepoint    ] Total time for which application threads were stopped: 0.0000722 seconds, Stopping threads took: 0.0000065 seconds
[2019-12-09T03:38:22.193+0000][1][safepoint    ] Application time: 0.0000437 seconds
[2019-12-09T03:38:22.193+0000][1][safepoint    ] Entering safepoint region: RevokeBias
[2019-12-09T03:38:22.193+0000][1][safepoint    ] Leaving safepoint region
[2019-12-09T03:38:22.193+0000][1][safepoint    ] Total time for which application threads were stopped: 0.0000673 seconds, Stopping threads took: 0.0000066 seconds
[2019-12-09T03:38:22.193+0000][1][safepoint    ] Application time: 0.0000473 seconds
[2019-12-09T03:38:22.193+0000][1][safepoint    ] Entering safepoint region: RevokeBias
[2019-12-09T03:38:22.193+0000][1][safepoint    ] Leaving safepoint region
[2019-12-09T03:38:22.193+0000][1][safepoint    ] Total time for which application threads were stopped: 0.0000895 seconds, Stopping threads took: 0.0000120 seconds
[2019-12-09T03:38:22.193+0000][1][safepoint    ] Application time: 0.0000448 seconds
[2019-12-09T03:38:22.193+0000][1][safepoint    ] Entering safepoint region: RevokeBias
[2019-12-09T03:38:22.193+0000][1][safepoint    ] Leaving safepoint region
[2019-12-09T03:38:22.193+0000][1][safepoint    ] Total time for which application threads were stopped: 0.0000738 seconds, Stopping threads took: 0.0000061 seconds
[2019-12-09T03:38:22.193+0000][1][safepoint    ] Application time: 0.0000582 seconds
[2019-12-09T03:38:22.193+0000][1][safepoint    ] Entering safepoint region: RevokeBias
[2019-12-09T03:38:22.193+0000][1][safepoint    ] Leaving safepoint region
[2019-12-09T03:38:22.193+0000][1][safepoint    ] Total time for which application threads were stopped: 0.0000702 seconds, Stopping threads took: 0.0000068 seconds
[2019-12-09T03:38:22.193+0000][1][safepoint    ] Application time: 0.0000434 seconds
[2019-12-09T03:38:22.193+0000][1][safepoint    ] Entering safepoint region: RevokeBias
[2019-12-09T03:38:22.193+0000][1][safepoint    ] Leaving safepoint region
[2019-12-09T03:38:22.193+0000][1][safepoint    ] Total time for which application threads were stopped: 0.0000665 seconds, Stopping threads took: 0.0000069 seconds
[2019-12-09T03:38:22.193+0000][1][safepoint    ] Application time: 0.0000479 seconds
[2019-12-09T03:38:22.193+0000][1][safepoint    ] Entering safepoint region: RevokeBias
[2019-12-09T03:38:22.193+0000][1][safepoint    ] Leaving safepoint region
[2019-12-09T03:38:22.193+0000][1][safepoint    ] Total time for which application threads were stopped: 0.0000671 seconds, Stopping threads took: 0.0000065 seconds
[2019-12-09T03:38:22.193+0000][1][safepoint    ] Application time: 0.0000434 seconds
[2019-12-09T03:38:22.193+0000][1][safepoint    ] Entering safepoint region: RevokeBias
[2019-12-09T03:38:22.193+0000][1][safepoint    ] Leaving safepoint region
[2019-12-09T03:38:22.193+0000][1][safepoint    ] Total time for which application threads were stopped: 0.0000631 seconds, Stopping threads took: 0.0000065 seconds
[2019-12-09T03:38:22.193+0000][1][safepoint    ] Application time: 0.0000470 seconds
[2019-12-09T03:38:22.193+0000][1][safepoint    ] Entering safepoint region: RevokeBias
[2019-12-09T03:38:22.194+0000][1][safepoint    ] Leaving safepoint region
[2019-12-09T03:38:22.194+0000][1][safepoint    ] Total time for which application threads were stopped: 0.0000683 seconds, Stopping threads took: 0.0000066 seconds
[2019-12-09T03:38:22.194+0000][1][safepoint    ] Application time: 0.0000440 seconds
[2019-12-09T03:38:22.194+0000][1][safepoint    ] Entering safepoint region: RevokeBias
[2019-12-09T03:38:22.194+0000][1][safepoint    ] Leaving safepoint region
[2019-12-09T03:38:22.194+0000][1][safepoint    ] Total time for which application threads were stopped: 0.0000641 seconds, Stopping threads took: 0.0000070 seconds
[2019-12-09T03:38:23.369+0000][1][safepoint    ] Application time: 1.1750620 seconds
[2019-12-09T03:38:23.382+0000][1][safepoint    ] Entering safepoint region: Cleanup
[2019-12-09T03:38:23.382+0000][1][safepoint    ] Leaving safepoint region
[2019-12-09T03:38:23.382+0000][1][safepoint    ] Total time for which application threads were stopped: 0.0131046 seconds, Stopping threads took: 0.0130291 seconds
[2019-12-09T03:38:24.107+0000][1][safepoint    ] Application time: 0.7250682 seconds
[2019-12-09T03:38:24.107+0000][1][safepoint    ] Entering safepoint region: GenCollectForAllocation
[2019-12-09T03:38:24.107+0000][1][gc,start     ] GC(3) Pause Young (Allocation Failure)
[2019-12-09T03:38:24.107+0000][1][gc,task      ] GC(3) Using 2 workers of 2 for evacuation
[2019-12-09T03:38:24.250+0000][1][gc,age       ] GC(3) Desired survivor size 4456448 bytes, new threshold 2 (max threshold 6)
[2019-12-09T03:38:24.250+0000][1][gc,age       ] GC(3) Age table with threshold 2 (max threshold 6)
[2019-12-09T03:38:24.250+0000][1][gc,age       ] GC(3) - age   1:    3346888 bytes,    3346888 total
[2019-12-09T03:38:24.250+0000][1][gc,age       ] GC(3) - age   2:    2029776 bytes,    5376664 total
[2019-12-09T03:38:24.250+0000][1][gc,age       ] GC(3) - age   3:     947952 bytes,    6324616 total
[2019-12-09T03:38:24.250+0000][1][gc,heap      ] GC(3) ParNew: 73694K->7300K(78656K)
[2019-12-09T03:38:24.250+0000][1][gc,heap      ] GC(3) CMS: 7064K->7064K(174784K)
[2019-12-09T03:38:24.250+0000][1][gc,metaspace ] GC(3) Metaspace: 18459K->18459K(1067008K)
[2019-12-09T03:38:24.250+0000][1][gc           ] GC(3) Pause Young (Allocation Failure) 78M->14M(247M) 142.969ms
[2019-12-09T03:38:24.250+0000][1][gc,cpu       ] GC(3) User=0.02s Sys=0.00s Real=0.14s
[2019-12-09T03:38:24.250+0000][1][safepoint    ] Leaving safepoint region
[2019-12-09T03:38:24.250+0000][1][safepoint    ] Total time for which application threads were stopped: 0.1431045 seconds, Stopping threads took: 0.0000137 seconds
[2019-12-09T03:38:24.259+0000][1][safepoint    ] Application time: 0.0088811 seconds
[2019-12-09T03:38:24.331+0000][1][safepoint    ] Entering safepoint region: BulkRevokeBias
[2019-12-09T03:38:24.331+0000][1][safepoint    ] Leaving safepoint region
[2019-12-09T03:38:24.331+0000][1][safepoint    ] Total time for which application threads were stopped: 0.0723022 seconds, Stopping threads took: 0.0720074 seconds
[2019-12-09T03:38:24.332+0000][1][safepoint    ] Application time: 0.0008088 seconds
[2019-12-09T03:38:24.332+0000][1][safepoint    ] Entering safepoint region: RevokeBias
[2019-12-09T03:38:24.332+0000][1][safepoint    ] Leaving safepoint region
[2019-12-09T03:38:24.332+0000][1][safepoint    ] Total time for which application threads were stopped: 0.0000846 seconds, Stopping threads took: 0.0000125 seconds
[2019-12-09T03:38:24.332+0000][1][safepoint    ] Application time: 0.0000814 seconds
[2019-12-09T03:38:24.332+0000][1][safepoint    ] Entering safepoint region: RevokeBias
[2019-12-09T03:38:24.332+0000][1][safepoint    ] Leaving safepoint region
[2019-12-09T03:38:24.332+0000][1][safepoint    ] Total time for which application threads were stopped: 0.0000642 seconds, Stopping threads took: 0.0000087 seconds
[2019-12-09T03:38:24.332+0000][1][safepoint    ] Application time: 0.0000565 seconds
[2019-12-09T03:38:24.332+0000][1][safepoint    ] Entering safepoint region: RevokeBias
[2019-12-09T03:38:24.333+0000][1][safepoint    ] Leaving safepoint region
[2019-12-09T03:38:24.333+0000][1][safepoint    ] Total time for which application threads were stopped: 0.0000628 seconds, Stopping threads took: 0.0000082 seconds
[2019-12-09T03:38:25.198+0000][1][safepoint    ] Application time: 0.8653413 seconds
[2019-12-09T03:38:25.198+0000][1][safepoint    ] Entering safepoint region: Deoptimize
[2019-12-09T03:38:25.198+0000][1][safepoint    ] Leaving safepoint region
[2019-12-09T03:38:25.198+0000][1][safepoint    ] Total time for which application threads were stopped: 0.0004258 seconds, Stopping threads took: 0.0000141 seconds
[2019-12-09T03:38:25.626+0000][1][safepoint    ] Application time: 0.4273636 seconds
[2019-12-09T03:38:25.626+0000][1][safepoint    ] Entering safepoint region: Deoptimize
[2019-12-09T03:38:25.626+0000][1][safepoint    ] Leaving safepoint region
[2019-12-09T03:38:25.626+0000][1][safepoint    ] Total time for which application threads were stopped: 0.0004113 seconds, Stopping threads took: 0.0000137 seconds
[2019-12-09T03:38:25.827+0000][1][safepoint    ] Application time: 0.2007868 seconds
[2019-12-09T03:38:25.827+0000][1][safepoint    ] Entering safepoint region: GenCollectForAllocation
[2019-12-09T03:38:25.827+0000][1][gc,start     ] GC(4) Pause Young (Allocation Failure)
[2019-12-09T03:38:25.827+0000][1][gc,task      ] GC(4) Using 2 workers of 2 for evacuation
[2019-12-09T03:38:25.935+0000][1][gc,age       ] GC(4) Desired survivor size 4456448 bytes, new threshold 6 (max threshold 6)
[2019-12-09T03:38:25.935+0000][1][gc,age       ] GC(4) Age table with threshold 6 (max threshold 6)
[2019-12-09T03:38:25.935+0000][1][gc,age       ] GC(4) - age   1:    2671024 bytes,    2671024 total
[2019-12-09T03:38:25.935+0000][1][gc,age       ] GC(4) - age   2:    1682192 bytes,    4353216 total
[2019-12-09T03:38:25.935+0000][1][gc,heap      ] GC(4) ParNew: 77252K->7853K(78656K)
[2019-12-09T03:38:25.935+0000][1][gc,heap      ] GC(4) CMS: 7064K->10004K(174784K)
[2019-12-09T03:38:25.935+0000][1][gc,metaspace ] GC(4) Metaspace: 18815K->18815K(1067008K)
[2019-12-09T03:38:25.935+0000][1][gc           ] GC(4) Pause Young (Allocation Failure) 82M->17M(247M) 107.879ms
[2019-12-09T03:38:25.935+0000][1][gc,cpu       ] GC(4) User=0.05s Sys=0.00s Real=0.11s
[2019-12-09T03:38:25.935+0000][1][safepoint    ] Leaving safepoint region
[2019-12-09T03:38:25.935+0000][1][safepoint    ] Total time for which application threads were stopped: 0.1080096 seconds, Stopping threads took: 0.0000134 seconds
[2019-12-09T03:38:25.943+0000][1][safepoint    ] Application time: 0.0082062 seconds
[2019-12-09T03:38:25.996+0000][1][safepoint    ] Entering safepoint region: RevokeBias
[2019-12-09T03:38:25.996+0000][1][safepoint    ] Leaving safepoint region
[2019-12-09T03:38:25.996+0000][1][safepoint    ] Total time for which application threads were stopped: 0.0526735 seconds, Stopping threads took: 0.0525040 seconds
[2019-12-09T03:38:25.996+0000][1][safepoint    ] Application time: 0.0000825 seconds
[2019-12-09T03:38:25.996+0000][1][safepoint    ] Entering safepoint region: RevokeBias
[2019-12-09T03:38:25.996+0000][1][safepoint    ] Leaving safepoint region
[2019-12-09T03:38:25.996+0000][1][safepoint    ] Total time for which application threads were stopped: 0.0000552 seconds, Stopping threads took: 0.0000105 seconds
[2019-12-09T03:38:25.996+0000][1][safepoint    ] Application time: 0.0000761 seconds
[2019-12-09T03:38:25.996+0000][1][safepoint    ] Entering safepoint region: RevokeBias
[2019-12-09T03:38:25.996+0000][1][safepoint    ] Leaving safepoint region
[2019-12-09T03:38:25.996+0000][1][safepoint    ] Total time for which application threads were stopped: 0.0000476 seconds, Stopping threads took: 0.0000094 seconds
[2019-12-09T03:38:25.996+0000][1][safepoint    ] Application time: 0.0000540 seconds
[2019-12-09T03:38:25.996+0000][1][safepoint    ] Entering safepoint region: RevokeBias
[2019-12-09T03:38:25.996+0000][1][safepoint    ] Leaving safepoint region
[2019-12-09T03:38:25.996+0000][1][safepoint    ] Total time for which application threads were stopped: 0.0000423 seconds, Stopping threads took: 0.0000079 seconds
[2019-12-09T03:38:25.996+0000][1][safepoint    ] Application time: 0.0000843 seconds
[2019-12-09T03:38:25.996+0000][1][safepoint    ] Entering safepoint region: RevokeBias
[2019-12-09T03:38:25.996+0000][1][safepoint    ] Leaving safepoint region
[2019-12-09T03:38:25.996+0000][1][safepoint    ] Total time for which application threads were stopped: 0.0000427 seconds, Stopping threads took: 0.0000087 seconds
[2019-12-09T03:38:25.997+0000][1][safepoint    ] Application time: 0.0000530 seconds
[2019-12-09T03:38:25.997+0000][1][safepoint    ] Entering safepoint region: RevokeBias
[2019-12-09T03:38:25.997+0000][1][safepoint    ] Leaving safepoint region
[2019-12-09T03:38:25.997+0000][1][safepoint    ] Total time for which application threads were stopped: 0.0000369 seconds, Stopping threads took: 0.0000076 seconds
[2019-12-09T03:38:25.997+0000][1][safepoint    ] Application time: 0.0000590 seconds
[2019-12-09T03:38:25.997+0000][1][safepoint    ] Entering safepoint region: RevokeBias
[2019-12-09T03:38:25.997+0000][1][safepoint    ] Leaving safepoint region
[2019-12-09T03:38:25.997+0000][1][safepoint    ] Total time for which application threads were stopped: 0.0000574 seconds, Stopping threads took: 0.0000078 seconds
[2019-12-09T03:38:25.997+0000][1][safepoint    ] Application time: 0.0000537 seconds
[2019-12-09T03:38:25.997+0000][1][safepoint    ] Entering safepoint region: RevokeBias
[2019-12-09T03:38:25.997+0000][1][safepoint    ] Leaving safepoint region
[2019-12-09T03:38:25.997+0000][1][safepoint    ] Total time for which application threads were stopped: 0.0000398 seconds, Stopping threads took: 0.0000080 seconds
[2019-12-09T03:38:27.312+0000][1][safepoint    ] Application time: 1.3148822 seconds
[2019-12-09T03:38:27.312+0000][1][safepoint    ] Entering safepoint region: GenCollectForAllocation
[2019-12-09T03:38:27.312+0000][1][gc,start     ] GC(5) Pause Young (Allocation Failure)
[2019-12-09T03:38:27.312+0000][1][gc,task      ] GC(5) Using 2 workers of 2 for evacuation
[2019-12-09T03:38:27.355+0000][1][gc,age       ] GC(5) Desired survivor size 4456448 bytes, new threshold 3 (max threshold 6)
[2019-12-09T03:38:27.355+0000][1][gc,age       ] GC(5) Age table with threshold 3 (max threshold 6)
[2019-12-09T03:38:27.355+0000][1][gc,age       ] GC(5) - age   1:    1083416 bytes,    1083416 total
[2019-12-09T03:38:27.355+0000][1][gc,age       ] GC(5) - age   2:    1865928 bytes,    2949344 total
[2019-12-09T03:38:27.355+0000][1][gc,age       ] GC(5) - age   3:    1681384 bytes,    4630728 total
[2019-12-09T03:38:27.355+0000][1][gc,heap      ] GC(5) ParNew: 77805K->5806K(78656K)
[2019-12-09T03:38:27.355+0000][1][gc,heap      ] GC(5) CMS: 10004K->10004K(174784K)
[2019-12-09T03:38:27.355+0000][1][gc,metaspace ] GC(5) Metaspace: 19035K->19035K(1067008K)
[2019-12-09T03:38:27.355+0000][1][gc           ] GC(5) Pause Young (Allocation Failure) 85M->15M(247M) 42.810ms
[2019-12-09T03:38:27.355+0000][1][gc,cpu       ] GC(5) User=0.01s Sys=0.00s Real=0.04s
[2019-12-09T03:38:27.355+0000][1][safepoint    ] Leaving safepoint region
[2019-12-09T03:38:27.355+0000][1][safepoint    ] Total time for which application threads were stopped: 0.0429698 seconds, Stopping threads took: 0.0000138 seconds
[2019-12-09T03:38:27.360+0000][1][safepoint    ] Application time: 0.0050338 seconds
[2019-12-09T03:38:27.370+0000][1][safepoint    ] Entering safepoint region: RevokeBias
[2019-12-09T03:38:27.371+0000][1][safepoint    ] Leaving safepoint region
[2019-12-09T03:38:27.371+0000][1][safepoint    ] Total time for which application threads were stopped: 0.0107419 seconds, Stopping threads took: 0.0106756 seconds
[2019-12-09T03:38:27.371+0000][1][safepoint    ] Application time: 0.0000625 seconds
[2019-12-09T03:38:27.371+0000][1][safepoint    ] Entering safepoint region: RevokeBias
[2019-12-09T03:38:27.371+0000][1][safepoint    ] Leaving safepoint region
[2019-12-09T03:38:27.371+0000][1][safepoint    ] Total time for which application threads were stopped: 0.0000493 seconds, Stopping threads took: 0.0000078 seconds
[2019-12-09T03:38:27.371+0000][1][safepoint    ] Application time: 0.0000761 seconds
[2019-12-09T03:38:27.371+0000][1][safepoint    ] Entering safepoint region: RevokeBias
[2019-12-09T03:38:27.371+0000][1][safepoint    ] Leaving safepoint region
[2019-12-09T03:38:27.371+0000][1][safepoint    ] Total time for which application threads were stopped: 0.0000481 seconds, Stopping threads took: 0.0000080 seconds
[2019-12-09T03:38:27.371+0000][1][safepoint    ] Application time: 0.0000454 seconds
[2019-12-09T03:38:27.371+0000][1][safepoint    ] Entering safepoint region: RevokeBias
[2019-12-09T03:38:27.371+0000][1][safepoint    ] Leaving safepoint region
[2019-12-09T03:38:27.371+0000][1][safepoint    ] Total time for which application threads were stopped: 0.0000426 seconds, Stopping threads took: 0.0000074 seconds
[2019-12-09T03:38:27.371+0000][1][safepoint    ] Application time: 0.0000510 seconds
[2019-12-09T03:38:27.371+0000][1][safepoint    ] Entering safepoint region: RevokeBias
[2019-12-09T03:38:27.371+0000][1][safepoint    ] Leaving safepoint region
[2019-12-09T03:38:27.371+0000][1][safepoint    ] Total time for which application threads were stopped: 0.0000437 seconds, Stopping threads took: 0.0000068 seconds
[2019-12-09T03:38:27.371+0000][1][safepoint    ] Application time: 0.0000457 seconds
[2019-12-09T03:38:27.371+0000][1][safepoint    ] Entering safepoint region: BulkRevokeBias
[2019-12-09T03:38:27.371+0000][1][safepoint    ] Leaving safepoint region
[2019-12-09T03:38:27.371+0000][1][safepoint    ] Total time for which application threads were stopped: 0.0000765 seconds, Stopping threads took: 0.0000071 seconds
[2019-12-09T03:38:27.490+0000][1][safepoint    ] Application time: 0.1187091 seconds
[2019-12-09T03:38:27.490+0000][1][safepoint    ] Entering safepoint region: BulkRevokeBias
[2019-12-09T03:38:27.490+0000][1][safepoint    ] Leaving safepoint region
[2019-12-09T03:38:27.490+0000][1][safepoint    ] Total time for which application threads were stopped: 0.0001335 seconds, Stopping threads took: 0.0000133 seconds
[2019-12-09T03:38:28.497+0000][1][safepoint    ] Application time: 1.0066422 seconds
[2019-12-09T03:38:28.576+0000][1][safepoint    ] Entering safepoint region: Cleanup
[2019-12-09T03:38:28.576+0000][1][safepoint    ] Leaving safepoint region
[2019-12-09T03:38:28.576+0000][1][safepoint    ] Total time for which application threads were stopped: 0.0791529 seconds, Stopping threads took: 0.0790995 seconds
[2019-12-09T03:38:28.580+0000][1][safepoint    ] Application time: 0.0041219 seconds
[2019-12-09T03:38:28.580+0000][1][safepoint    ] Entering safepoint region: GenCollectForAllocation
[2019-12-09T03:38:28.580+0000][1][gc,start     ] GC(6) Pause Young (Allocation Failure)
[2019-12-09T03:38:28.580+0000][1][gc,task      ] GC(6) Using 2 workers of 2 for evacuation
[2019-12-09T03:38:28.761+0000][1][gc,age       ] GC(6) Desired survivor size 4456448 bytes, new threshold 3 (max threshold 6)
[2019-12-09T03:38:28.761+0000][1][gc,age       ] GC(6) Age table with threshold 3 (max threshold 6)
[2019-12-09T03:38:28.761+0000][1][gc,age       ] GC(6) - age   1:    2090688 bytes,    2090688 total
[2019-12-09T03:38:28.761+0000][1][gc,age       ] GC(6) - age   2:     862200 bytes,    2952888 total
[2019-12-09T03:38:28.761+0000][1][gc,age       ] GC(6) - age   3:    1865904 bytes,    4818792 total
[2019-12-09T03:38:28.761+0000][1][gc,heap      ] GC(6) ParNew: 75758K->6176K(78656K)
[2019-12-09T03:38:28.761+0000][1][gc,heap      ] GC(6) CMS: 10004K->11663K(174784K)
[2019-12-09T03:38:28.761+0000][1][gc,metaspace ] GC(6) Metaspace: 19569K->19569K(1067008K)
[2019-12-09T03:38:28.761+0000][1][gc           ] GC(6) Pause Young (Allocation Failure) 83M->17M(247M) 181.276ms
[2019-12-09T03:38:28.761+0000][1][gc,cpu       ] GC(6) User=0.05s Sys=0.01s Real=0.18s
[2019-12-09T03:38:28.761+0000][1][safepoint    ] Leaving safepoint region
[2019-12-09T03:38:28.761+0000][1][safepoint    ] Total time for which application threads were stopped: 0.1813950 seconds, Stopping threads took: 0.0000125 seconds
[2019-12-09T03:38:29.803+0000][1][safepoint    ] Application time: 1.0412624 seconds
[2019-12-09T03:38:29.914+0000][1][safepoint    ] Entering safepoint region: Cleanup
[2019-12-09T03:38:29.914+0000][1][safepoint    ] Leaving safepoint region
[2019-12-09T03:38:29.914+0000][1][safepoint    ] Total time for which application threads were stopped: 0.1110853 seconds, Stopping threads took: 0.1110379 seconds
[2019-12-09T03:38:29.922+0000][1][safepoint    ] Application time: 0.0084980 seconds
[2019-12-09T03:38:29.922+0000][1][safepoint    ] Entering safepoint region: CollectForMetadataAllocation
[2019-12-09T03:38:29.923+0000][1][safepoint    ] Leaving safepoint region
[2019-12-09T03:38:29.923+0000][1][safepoint    ] Total time for which application threads were stopped: 0.0002645 seconds, Stopping threads took: 0.0000399 seconds
[2019-12-09T03:38:30.689+0000][1][safepoint    ] Application time: 0.7662614 seconds
[2019-12-09T03:38:30.689+0000][1][safepoint    ] Entering safepoint region: GenCollectForAllocation
[2019-12-09T03:38:30.689+0000][1][gc,start     ] GC(7) Pause Young (Allocation Failure)
[2019-12-09T03:38:30.689+0000][1][gc,task      ] GC(7) Using 2 workers of 2 for evacuation
[2019-12-09T03:38:30.784+0000][1][gc,age       ] GC(7) Desired survivor size 4456448 bytes, new threshold 6 (max threshold 6)
[2019-12-09T03:38:30.784+0000][1][gc,age       ] GC(7) Age table with threshold 6 (max threshold 6)
[2019-12-09T03:38:30.784+0000][1][gc,age       ] GC(7) - age   1:    1251032 bytes,    1251032 total
[2019-12-09T03:38:30.784+0000][1][gc,age       ] GC(7) - age   2:    1389400 bytes,    2640432 total
[2019-12-09T03:38:30.784+0000][1][gc,age       ] GC(7) - age   3:     862200 bytes,    3502632 total
[2019-12-09T03:38:30.784+0000][1][gc,heap      ] GC(7) ParNew: 76128K->6838K(78656K)
[2019-12-09T03:38:30.784+0000][1][gc,heap      ] GC(7) CMS: 11663K->13499K(174784K)
[2019-12-09T03:38:30.784+0000][1][gc,metaspace ] GC(7) Metaspace: 20383K->20383K(1069056K)
[2019-12-09T03:38:30.784+0000][1][gc           ] GC(7) Pause Young (Allocation Failure) 85M->19M(247M) 94.773ms
[2019-12-09T03:38:30.784+0000][1][gc,cpu       ] GC(7) User=0.02s Sys=0.00s Real=0.09s
[2019-12-09T03:38:30.784+0000][1][safepoint    ] Leaving safepoint region
[2019-12-09T03:38:30.784+0000][1][safepoint    ] Total time for which application threads were stopped: 0.0949175 seconds, Stopping threads took: 0.0000144 seconds
[2019-12-09T03:38:30.787+0000][1][safepoint    ] Application time: 0.0029783 seconds
[2019-12-09T03:38:30.800+0000][1][safepoint    ] Entering safepoint region: CMS_Initial_Mark
[2019-12-09T03:38:30.800+0000][1][gc,start     ] GC(8) Pause Initial Mark
[2019-12-09T03:38:30.802+0000][1][gc           ] GC(8) Pause Initial Mark 21M->21M(247M) 2.223ms
[2019-12-09T03:38:30.802+0000][1][gc,cpu       ] GC(8) User=0.00s Sys=0.00s Real=0.00s
[2019-12-09T03:38:30.802+0000][1][safepoint    ] Leaving safepoint region
[2019-12-09T03:38:30.802+0000][1][safepoint    ] Total time for which application threads were stopped: 0.0152448 seconds, Stopping threads took: 0.0129336 seconds
[2019-12-09T03:38:30.802+0000][1][gc           ] GC(8) Concurrent Mark
[2019-12-09T03:38:30.931+0000][1][gc           ] GC(8) Concurrent Mark 128.990ms
[2019-12-09T03:38:30.931+0000][1][gc,cpu       ] GC(8) User=0.05s Sys=0.00s Real=0.13s
[2019-12-09T03:38:30.931+0000][1][gc           ] GC(8) Concurrent Preclean
[2019-12-09T03:38:30.932+0000][1][gc           ] GC(8) Concurrent Preclean 0.430ms
[2019-12-09T03:38:30.932+0000][1][gc,cpu       ] GC(8) User=0.00s Sys=0.00s Real=0.00s
[2019-12-09T03:38:30.932+0000][1][gc           ] GC(8) Concurrent Abortable Preclean
[2019-12-09T03:38:31.622+0000][1][safepoint    ] Application time: 0.8202801 seconds
[2019-12-09T03:38:31.622+0000][1][safepoint    ] Entering safepoint region: CollectForMetadataAllocation
[2019-12-09T03:38:31.623+0000][1][safepoint    ] Leaving safepoint region
[2019-12-09T03:38:31.623+0000][1][safepoint    ] Total time for which application threads were stopped: 0.0002195 seconds, Stopping threads took: 0.0000152 seconds
[2019-12-09T03:38:32.126+0000][1][safepoint    ] Application time: 0.5032662 seconds
[2019-12-09T03:38:32.126+0000][1][safepoint    ] Entering safepoint region: GenCollectForAllocation
[2019-12-09T03:38:32.126+0000][1][gc,start     ] GC(9) Pause Young (Allocation Failure)
[2019-12-09T03:38:32.126+0000][1][gc,task      ] GC(9) Using 2 workers of 2 for evacuation
[2019-12-09T03:38:32.235+0000][1][gc           ] GC(8) Concurrent Abortable Preclean 1303.023ms
[2019-12-09T03:38:32.235+0000][1][gc,cpu       ] GC(8) User=0.33s Sys=0.01s Real=1.31s
[2019-12-09T03:38:32.235+0000][1][gc,age       ] GC(9) Desired survivor size 4456448 bytes, new threshold 6 (max threshold 6)
[2019-12-09T03:38:32.235+0000][1][gc,age       ] GC(9) Age table with threshold 6 (max threshold 6)
[2019-12-09T03:38:32.235+0000][1][gc,age       ] GC(9) - age   1:     121840 bytes,     121840 total
[2019-12-09T03:38:32.235+0000][1][gc,age       ] GC(9) - age   2:     656424 bytes,     778264 total
[2019-12-09T03:38:32.235+0000][1][gc,age       ] GC(9) - age   3:    1389400 bytes,    2167664 total
[2019-12-09T03:38:32.235+0000][1][gc,age       ] GC(9) - age   4:     862200 bytes,    3029864 total
[2019-12-09T03:38:32.235+0000][1][gc,heap      ] GC(9) ParNew: 76790K->3633K(78656K)
[2019-12-09T03:38:32.235+0000][1][gc,heap      ] GC(9) CMS: 13499K->13499K(174784K)
[2019-12-09T03:38:32.235+0000][1][gc,metaspace ] GC(9) Metaspace: 20493K->20493K(1069056K)
[2019-12-09T03:38:32.235+0000][1][gc           ] GC(9) Pause Young (Allocation Failure) 88M->16M(247M) 108.936ms
[2019-12-09T03:38:32.235+0000][1][gc,cpu       ] GC(9) User=0.00s Sys=0.00s Real=0.11s
[2019-12-09T03:38:32.235+0000][1][safepoint    ] Leaving safepoint region
[2019-12-09T03:38:32.235+0000][1][safepoint    ] Total time for which application threads were stopped: 0.1090736 seconds, Stopping threads took: 0.0000153 seconds
[2019-12-09T03:38:32.242+0000][1][safepoint    ] Application time: 0.0066293 seconds
[2019-12-09T03:38:32.320+0000][1][safepoint    ] Entering safepoint region: CMS_Final_Remark
[2019-12-09T03:38:32.320+0000][1][gc,start     ] GC(8) Pause Remark
[2019-12-09T03:38:32.407+0000][1][gc           ] GC(8) Pause Remark 18M->18M(247M) 87.488ms
[2019-12-09T03:38:32.407+0000][1][gc,cpu       ] GC(8) User=0.02s Sys=0.00s Real=0.09s
[2019-12-09T03:38:32.407+0000][1][safepoint    ] Leaving safepoint region
[2019-12-09T03:38:32.407+0000][1][safepoint    ] Total time for which application threads were stopped: 0.1656388 seconds, Stopping threads took: 0.0780151 seconds
[2019-12-09T03:38:32.408+0000][1][gc           ] GC(8) Concurrent Sweep
[2019-12-09T03:38:32.426+0000][1][gc           ] GC(8) Concurrent Sweep 18.524ms
[2019-12-09T03:38:32.426+0000][1][gc,cpu       ] GC(8) User=0.00s Sys=0.00s Real=0.02s
[2019-12-09T03:38:32.426+0000][1][gc           ] GC(8) Concurrent Reset
[2019-12-09T03:38:32.427+0000][1][gc           ] GC(8) Concurrent Reset 0.307ms
[2019-12-09T03:38:32.427+0000][1][gc,cpu       ] GC(8) User=0.00s Sys=0.00s Real=0.00s
[2019-12-09T03:38:32.427+0000][1][gc,heap      ] GC(8) Old: 13499K->13484K(174784K)
[2019-12-09T03:38:33.425+0000][1][safepoint    ] Application time: 1.0173802 seconds
[2019-12-09T03:38:33.526+0000][1][safepoint    ] Entering safepoint region: Cleanup
[2019-12-09T03:38:33.526+0000][1][safepoint    ] Leaving safepoint region
[2019-12-09T03:38:33.526+0000][1][safepoint    ] Total time for which application threads were stopped: 0.1015040 seconds, Stopping threads took: 0.1010672 seconds
[2019-12-09T03:38:33.590+0000][1][safepoint    ] Application time: 0.0632472 seconds
[2019-12-09T03:38:33.590+0000][1][safepoint    ] Entering safepoint region: GenCollectForAllocation
[2019-12-09T03:38:33.590+0000][1][gc,start     ] GC(10) Pause Young (Allocation Failure)
[2019-12-09T03:38:33.590+0000][1][gc,task      ] GC(10) Using 2 workers of 2 for evacuation
[2019-12-09T03:38:33.718+0000][1][gc,age       ] GC(10) Desired survivor size 4456448 bytes, new threshold 5 (max threshold 6)
[2019-12-09T03:38:33.718+0000][1][gc,age       ] GC(10) Age table with threshold 5 (max threshold 6)
[2019-12-09T03:38:33.718+0000][1][gc,age       ] GC(10) - age   1:    1966096 bytes,    1966096 total
[2019-12-09T03:38:33.718+0000][1][gc,age       ] GC(10) - age   2:     104776 bytes,    2070872 total
[2019-12-09T03:38:33.718+0000][1][gc,age       ] GC(10) - age   3:     656280 bytes,    2727152 total
[2019-12-09T03:38:33.718+0000][1][gc,age       ] GC(10) - age   4:    1389296 bytes,    4116448 total
[2019-12-09T03:38:33.718+0000][1][gc,age       ] GC(10) - age   5:     861856 bytes,    4978304 total
[2019-12-09T03:38:33.718+0000][1][gc,heap      ] GC(10) ParNew: 73585K->5649K(78656K)
[2019-12-09T03:38:33.718+0000][1][gc,heap      ] GC(10) CMS: 13484K->13484K(174784K)
[2019-12-09T03:38:33.718+0000][1][gc,metaspace ] GC(10) Metaspace: 20587K->20587K(1069056K)
[2019-12-09T03:38:33.718+0000][1][gc           ] GC(10) Pause Young (Allocation Failure) 85M->18M(247M) 128.279ms
[2019-12-09T03:38:33.718+0000][1][gc,cpu       ] GC(10) User=0.03s Sys=0.00s Real=0.13s
[2019-12-09T03:38:33.718+0000][1][safepoint    ] Leaving safepoint region
[2019-12-09T03:38:33.718+0000][1][safepoint    ] Total time for which application threads were stopped: 0.1283979 seconds, Stopping threads took: 0.0000133 seconds
[2019-12-09T03:38:34.377+0000][1][safepoint    ] Application time: 0.6584949 seconds
[2019-12-09T03:38:34.377+0000][1][safepoint    ] Entering safepoint region: Deoptimize
[2019-12-09T03:38:34.377+0000][1][safepoint    ] Leaving safepoint region
[2019-12-09T03:38:34.377+0000][1][safepoint    ] Total time for which application threads were stopped: 0.0004297 seconds, Stopping threads took: 0.0000131 seconds
[2019-12-09T03:38:35.378+0000][1][safepoint    ] Application time: 1.0007336 seconds
[2019-12-09T03:38:35.388+0000][1][safepoint    ] Entering safepoint region: Cleanup
[2019-12-09T03:38:35.388+0000][1][safepoint    ] Leaving safepoint region
[2019-12-09T03:38:35.388+0000][1][safepoint    ] Total time for which application threads were stopped: 0.0100484 seconds, Stopping threads took: 0.0099843 seconds
[2019-12-09T03:38:36.393+0000][1][safepoint    ] Application time: 1.0049114 seconds
[2019-12-09T03:38:36.446+0000][1][safepoint    ] Entering safepoint region: Cleanup
[2019-12-09T03:38:36.446+0000][1][safepoint    ] Leaving safepoint region
[2019-12-09T03:38:36.446+0000][1][safepoint    ] Total time for which application threads were stopped: 0.0531696 seconds, Stopping threads took: 0.0529477 seconds
[2019-12-09T03:38:37.264+0000][1][safepoint    ] Application time: 0.8177655 seconds
[2019-12-09T03:38:37.264+0000][1][safepoint    ] Entering safepoint region: Deoptimize
[2019-12-09T03:38:37.264+0000][1][safepoint    ] Leaving safepoint region
[2019-12-09T03:38:37.264+0000][1][safepoint    ] Total time for which application threads were stopped: 0.0004485 seconds, Stopping threads took: 0.0000127 seconds
[2019-12-09T03:38:38.006+0000][1][safepoint    ] Application time: 0.7420289 seconds
[2019-12-09T03:38:38.006+0000][1][safepoint    ] Entering safepoint region: Deoptimize
[2019-12-09T03:38:38.007+0000][1][safepoint    ] Leaving safepoint region
[2019-12-09T03:38:38.007+0000][1][safepoint    ] Total time for which application threads were stopped: 0.0004334 seconds, Stopping threads took: 0.0000121 seconds
[2019-12-09T03:38:38.113+0000][1][safepoint    ] Application time: 0.1064397 seconds
[2019-12-09T03:38:38.113+0000][1][safepoint    ] Entering safepoint region: Deoptimize
[2019-12-09T03:38:38.114+0000][1][safepoint    ] Leaving safepoint region
[2019-12-09T03:38:38.114+0000][1][safepoint    ] Total time for which application threads were stopped: 0.0004211 seconds, Stopping threads took: 0.0000150 seconds
[2019-12-09T03:38:38.227+0000][1][safepoint    ] Application time: 0.1137413 seconds
[2019-12-09T03:38:38.227+0000][1][safepoint    ] Entering safepoint region: Deoptimize
[2019-12-09T03:38:38.228+0000][1][safepoint    ] Leaving safepoint region
[2019-12-09T03:38:38.228+0000][1][safepoint    ] Total time for which application threads were stopped: 0.0004828 seconds, Stopping threads took: 0.0000144 seconds
[2019-12-09T03:38:39.229+0000][1][safepoint    ] Application time: 1.0008663 seconds
[2019-12-09T03:38:39.229+0000][1][safepoint    ] Entering safepoint region: Cleanup
[2019-12-09T03:38:39.229+0000][1][safepoint    ] Leaving safepoint region
[2019-12-09T03:38:39.229+0000][1][safepoint    ] Total time for which application threads were stopped: 0.0001791 seconds, Stopping threads took: 0.0001361 seconds
[2019-12-09T03:38:40.107+0000][1][safepoint    ] Application time: 0.8777459 seconds
[2019-12-09T03:38:40.107+0000][1][safepoint    ] Entering safepoint region: GenCollectForAllocation
[2019-12-09T03:38:40.107+0000][1][gc,start     ] GC(11) Pause Young (Allocation Failure)
[2019-12-09T03:38:40.107+0000][1][gc,task      ] GC(11) Using 2 workers of 2 for evacuation
[2019-12-09T03:38:40.217+0000][1][gc,age       ] GC(11) Desired survivor size 4456448 bytes, new threshold 1 (max threshold 6)
[2019-12-09T03:38:40.217+0000][1][gc,age       ] GC(11) Age table with threshold 1 (max threshold 6)
[2019-12-09T03:38:40.217+0000][1][gc,age       ] GC(11) - age   1:    5178776 bytes,    5178776 total
[2019-12-09T03:38:40.217+0000][1][gc,age       ] GC(11) - age   2:     380824 bytes,    5559600 total
[2019-12-09T03:38:40.217+0000][1][gc,age       ] GC(11) - age   3:     104592 bytes,    5664192 total
[2019-12-09T03:38:40.217+0000][1][gc,age       ] GC(11) - age   4:     653176 bytes,    6317368 total
[2019-12-09T03:38:40.217+0000][1][gc,age       ] GC(11) - age   5:    1386976 bytes,    7704344 total
[2019-12-09T03:38:40.217+0000][1][gc,heap      ] GC(11) ParNew: 75601K->8704K(78656K)
[2019-12-09T03:38:40.217+0000][1][gc,heap      ] GC(11) CMS: 13484K->14646K(174784K)
[2019-12-09T03:38:40.217+0000][1][gc,metaspace ] GC(11) Metaspace: 26730K->26730K(1073152K)
[2019-12-09T03:38:40.217+0000][1][gc           ] GC(11) Pause Young (Allocation Failure) 86M->22M(247M) 109.850ms
[2019-12-09T03:38:40.217+0000][1][gc,cpu       ] GC(11) User=0.03s Sys=0.00s Real=0.11s
[2019-12-09T03:38:40.217+0000][1][safepoint    ] Leaving safepoint region
[2019-12-09T03:38:40.217+0000][1][safepoint    ] Total time for which application threads were stopped: 0.1099987 seconds, Stopping threads took: 0.0000159 seconds
[2019-12-09T03:38:41.232+0000][1][safepoint    ] Application time: 1.0149362 seconds
[2019-12-09T03:38:41.232+0000][1][safepoint    ] Entering safepoint region: Cleanup
[2019-12-09T03:38:41.232+0000][1][safepoint    ] Leaving safepoint region
[2019-12-09T03:38:41.232+0000][1][safepoint    ] Total time for which application threads were stopped: 0.0004078 seconds, Stopping threads took: 0.0001190 seconds
[2019-12-09T03:38:41.467+0000][1][safepoint    ] Application time: 0.2345469 seconds
[2019-12-09T03:38:41.467+0000][1][safepoint    ] Entering safepoint region: RevokeBias
[2019-12-09T03:38:41.467+0000][1][safepoint    ] Leaving safepoint region
[2019-12-09T03:38:41.467+0000][1][safepoint    ] Total time for which application threads were stopped: 0.0000911 seconds, Stopping threads took: 0.0000139 seconds
[2019-12-09T03:38:42.482+0000][1][safepoint    ] Application time: 1.0148588 seconds
[2019-12-09T03:38:42.482+0000][1][safepoint    ] Entering safepoint region: Cleanup
[2019-12-09T03:38:42.482+0000][1][safepoint    ] Leaving safepoint region
[2019-12-09T03:38:42.482+0000][1][safepoint    ] Total time for which application threads were stopped: 0.0001237 seconds, Stopping threads took: 0.0000693 seconds
[2019-12-09T03:38:43.534+0000][1][safepoint    ] Application time: 1.0518463 seconds
[2019-12-09T03:38:43.573+0000][1][safepoint    ] Entering safepoint region: Cleanup
[2019-12-09T03:38:43.573+0000][1][safepoint    ] Leaving safepoint region
[2019-12-09T03:38:43.573+0000][1][safepoint    ] Total time for which application threads were stopped: 0.0390680 seconds, Stopping threads took: 0.0390040 seconds
[2019-12-09T03:38:44.575+0000][1][safepoint    ] Application time: 1.0018530 seconds
[2019-12-09T03:38:44.610+0000][1][safepoint    ] Entering safepoint region: Cleanup
[2019-12-09T03:38:44.610+0000][1][safepoint    ] Leaving safepoint region
[2019-12-09T03:38:44.610+0000][1][safepoint    ] Total time for which application threads were stopped: 0.0350833 seconds, Stopping threads took: 0.0350404 seconds
[2019-12-09T03:38:44.832+0000][1][safepoint    ] Application time: 0.2224631 seconds
[2019-12-09T03:38:44.832+0000][1][safepoint    ] Entering safepoint region: GenCollectForAllocation
[2019-12-09T03:38:44.832+0000][1][gc,start     ] GC(12) Pause Young (Allocation Failure)
[2019-12-09T03:38:44.832+0000][1][gc,task      ] GC(12) Using 2 workers of 2 for evacuation
[2019-12-09T03:38:45.167+0000][1][gc,age       ] GC(12) Desired survivor size 4456448 bytes, new threshold 1 (max threshold 6)
[2019-12-09T03:38:45.167+0000][1][gc,age       ] GC(12) Age table with threshold 1 (max threshold 6)
[2019-12-09T03:38:45.167+0000][1][gc,age       ] GC(12) - age   1:    8912792 bytes,    8912792 total
[2019-12-09T03:38:45.167+0000][1][gc,heap      ] GC(12) ParNew: 78656K->8704K(78656K)
[2019-12-09T03:38:45.167+0000][1][gc,heap      ] GC(12) CMS: 14646K->27416K(174784K)
[2019-12-09T03:38:45.167+0000][1][gc,metaspace ] GC(12) Metaspace: 27134K->27134K(1075200K)
[2019-12-09T03:38:45.167+0000][1][gc           ] GC(12) Pause Young (Allocation Failure) 91M->35M(247M) 334.643ms
[2019-12-09T03:38:45.167+0000][1][gc,cpu       ] GC(12) User=0.11s Sys=0.00s Real=0.34s
[2019-12-09T03:38:45.167+0000][1][safepoint    ] Leaving safepoint region
[2019-12-09T03:38:45.167+0000][1][safepoint    ] Total time for which application threads were stopped: 0.3347627 seconds, Stopping threads took: 0.0000134 seconds
[2019-12-09T03:38:46.170+0000][1][safepoint    ] Application time: 1.0026035 seconds
[2019-12-09T03:38:46.187+0000][1][safepoint    ] Entering safepoint region: Cleanup
[2019-12-09T03:38:46.187+0000][1][safepoint    ] Leaving safepoint region
[2019-12-09T03:38:46.187+0000][1][safepoint    ] Total time for which application threads were stopped: 0.0170657 seconds, Stopping threads took: 0.0170215 seconds
[2019-12-09T03:38:47.194+0000][1][safepoint    ] Application time: 1.0069371 seconds
[2019-12-09T03:38:47.194+0000][1][safepoint    ] Entering safepoint region: Cleanup
[2019-12-09T03:38:47.194+0000][1][safepoint    ] Leaving safepoint region
[2019-12-09T03:38:47.194+0000][1][safepoint    ] Total time for which application threads were stopped: 0.0000956 seconds, Stopping threads took: 0.0000475 seconds
[2019-12-09T03:38:49.109+0000][1][safepoint    ] Application time: 1.9148080 seconds
[2019-12-09T03:38:49.111+0000][1][safepoint    ] Entering safepoint region: GenCollectForAllocation
[2019-12-09T03:38:49.111+0000][1][gc,start     ] GC(13) Pause Young (Allocation Failure)
[2019-12-09T03:38:49.111+0000][1][gc,task      ] GC(13) Using 2 workers of 2 for evacuation
[2019-12-09T03:38:49.416+0000][1][gc,age       ] GC(13) Desired survivor size 4456448 bytes, new threshold 1 (max threshold 6)
[2019-12-09T03:38:49.416+0000][1][gc,age       ] GC(13) Age table with threshold 1 (max threshold 6)
[2019-12-09T03:38:49.416+0000][1][gc,age       ] GC(13) - age   1:    8912800 bytes,    8912800 total
[2019-12-09T03:38:49.416+0000][1][gc,heap      ] GC(13) ParNew: 78656K->8704K(78656K)
[2019-12-09T03:38:49.416+0000][1][gc,heap      ] GC(13) CMS: 27416K->40121K(174784K)
[2019-12-09T03:38:49.416+0000][1][gc,metaspace ] GC(13) Metaspace: 27267K->27267K(1075200K)
[2019-12-09T03:38:49.416+0000][1][gc           ] GC(13) Pause Young (Allocation Failure) 103M->47M(247M) 305.196ms
[2019-12-09T03:38:49.416+0000][1][gc,cpu       ] GC(13) User=0.10s Sys=0.00s Real=0.31s
[2019-12-09T03:38:49.416+0000][1][safepoint    ] Leaving safepoint region
[2019-12-09T03:38:49.416+0000][1][safepoint    ] Total time for which application threads were stopped: 0.3073042 seconds, Stopping threads took: 0.0019795 seconds
[2019-12-09T03:38:50.417+0000][1][safepoint    ] Application time: 1.0006664 seconds
[2019-12-09T03:38:50.427+0000][1][safepoint    ] Entering safepoint region: Cleanup
[2019-12-09T03:38:50.427+0000][1][safepoint    ] Leaving safepoint region
[2019-12-09T03:38:50.427+0000][1][safepoint    ] Total time for which application threads were stopped: 0.0100163 seconds, Stopping threads took: 0.0099630 seconds
[2019-12-09T03:38:51.438+0000][1][safepoint    ] Application time: 1.0109272 seconds
[2019-12-09T03:38:51.438+0000][1][safepoint    ] Entering safepoint region: Cleanup
[2019-12-09T03:38:51.438+0000][1][safepoint    ] Leaving safepoint region
[2019-12-09T03:38:51.438+0000][1][safepoint    ] Total time for which application threads were stopped: 0.0005612 seconds, Stopping threads took: 0.0005139 seconds
[2019-12-09T03:38:51.584+0000][1][safepoint    ] Application time: 0.1451796 seconds
[2019-12-09T03:38:51.584+0000][1][safepoint    ] Entering safepoint region: RevokeBias
[2019-12-09T03:38:51.584+0000][1][safepoint    ] Leaving safepoint region
[2019-12-09T03:38:51.584+0000][1][safepoint    ] Total time for which application threads were stopped: 0.0000973 seconds, Stopping threads took: 0.0000114 seconds
[2019-12-09T03:38:52.589+0000][1][safepoint    ] Application time: 1.0051121 seconds
[2019-12-09T03:38:52.686+0000][1][safepoint    ] Entering safepoint region: Cleanup
[2019-12-09T03:38:52.686+0000][1][safepoint    ] Leaving safepoint region
[2019-12-09T03:38:52.686+0000][1][safepoint    ] Total time for which application threads were stopped: 0.0970709 seconds, Stopping threads took: 0.0969847 seconds
[2019-12-09T03:38:53.529+0000][1][safepoint    ] Application time: 0.8431519 seconds
[2019-12-09T03:38:53.529+0000][1][safepoint    ] Entering safepoint region: RevokeBias
[2019-12-09T03:38:53.529+0000][1][safepoint    ] Leaving safepoint region
[2019-12-09T03:38:53.529+0000][1][safepoint    ] Total time for which application threads were stopped: 0.0000859 seconds, Stopping threads took: 0.0000137 seconds
[2019-12-09T03:38:53.932+0000][1][safepoint    ] Application time: 0.4026903 seconds
[2019-12-09T03:38:53.932+0000][1][safepoint    ] Entering safepoint region: RevokeBias
[2019-12-09T03:38:53.932+0000][1][safepoint    ] Leaving safepoint region
[2019-12-09T03:38:53.932+0000][1][safepoint    ] Total time for which application threads were stopped: 0.0000800 seconds, Stopping threads took: 0.0000132 seconds
[2019-12-09T03:38:54.058+0000][1][safepoint    ] Application time: 0.1260302 seconds
[2019-12-09T03:38:54.058+0000][1][safepoint    ] Entering safepoint region: RevokeBias
[2019-12-09T03:38:54.058+0000][1][safepoint    ] Leaving safepoint region
[2019-12-09T03:38:54.058+0000][1][safepoint    ] Total time for which application threads were stopped: 0.0000848 seconds, Stopping threads took: 0.0000139 seconds
[2019-12-09T03:38:54.133+0000][1][safepoint    ] Application time: 0.0753143 seconds
[2019-12-09T03:38:54.134+0000][1][safepoint    ] Entering safepoint region: RevokeBias
[2019-12-09T03:38:54.134+0000][1][safepoint    ] Leaving safepoint region
[2019-12-09T03:38:54.134+0000][1][safepoint    ] Total time for which application threads were stopped: 0.0000763 seconds, Stopping threads took: 0.0000135 seconds
[2019-12-09T03:38:54.927+0000][1][safepoint    ] Application time: 0.7937164 seconds
[2019-12-09T03:38:54.927+0000][1][safepoint    ] Entering safepoint region: GenCollectForAllocation
[2019-12-09T03:38:54.927+0000][1][gc,start     ] GC(14) Pause Young (Allocation Failure)
[2019-12-09T03:38:54.927+0000][1][gc,task      ] GC(14) Using 2 workers of 2 for evacuation
[2019-12-09T03:38:55.388+0000][1][gc,age       ] GC(14) Desired survivor size 4456448 bytes, new threshold 1 (max threshold 6)
[2019-12-09T03:38:55.388+0000][1][gc,age       ] GC(14) Age table with threshold 1 (max threshold 6)
[2019-12-09T03:38:55.388+0000][1][gc,age       ] GC(14) - age   1:    5274040 bytes,    5274040 total
[2019-12-09T03:38:55.388+0000][1][gc,heap      ] GC(14) ParNew: 78656K->8704K(78656K)
[2019-12-09T03:38:55.388+0000][1][gc,heap      ] GC(14) CMS: 40121K->50751K(174784K)
[2019-12-09T03:38:55.388+0000][1][gc,metaspace ] GC(14) Metaspace: 32512K->32512K(1079296K)
[2019-12-09T03:38:55.388+0000][1][gc           ] GC(14) Pause Young (Allocation Failure) 115M->58M(247M) 460.444ms
[2019-12-09T03:38:55.388+0000][1][gc,cpu       ] GC(14) User=0.09s Sys=0.00s Real=0.46s
[2019-12-09T03:38:55.388+0000][1][safepoint    ] Leaving safepoint region
[2019-12-09T03:38:55.388+0000][1][safepoint    ] Total time for which application threads were stopped: 0.4605789 seconds, Stopping threads took: 0.0000142 seconds
[2019-12-09T03:38:56.394+0000][1][safepoint    ] Application time: 1.0057615 seconds
[2019-12-09T03:38:56.435+0000][1][safepoint    ] Entering safepoint region: Cleanup
[2019-12-09T03:38:56.435+0000][1][safepoint    ] Leaving safepoint region
[2019-12-09T03:38:56.435+0000][1][safepoint    ] Total time for which application threads were stopped: 0.0411036 seconds, Stopping threads took: 0.0410289 seconds
[2019-12-09T03:38:56.444+0000][1][safepoint    ] Application time: 0.0093715 seconds
[2019-12-09T03:38:56.444+0000][1][safepoint    ] Entering safepoint region: GenCollectForAllocation
[2019-12-09T03:38:56.444+0000][1][gc,start     ] GC(15) Pause Young (Allocation Failure)
[2019-12-09T03:38:56.444+0000][1][gc,task      ] GC(15) Using 2 workers of 2 for evacuation
[2019-12-09T03:38:56.632+0000][1][gc,age       ] GC(15) Desired survivor size 4456448 bytes, new threshold 6 (max threshold 6)
[2019-12-09T03:38:56.632+0000][1][gc,age       ] GC(15) Age table with threshold 6 (max threshold 6)
[2019-12-09T03:38:56.632+0000][1][gc,age       ] GC(15) - age   1:     321496 bytes,     321496 total
[2019-12-09T03:38:56.632+0000][1][gc,heap      ] GC(15) ParNew: 78656K->4076K(78656K)
[2019-12-09T03:38:56.632+0000][1][gc,heap      ] GC(15) CMS: 50751K->55937K(174784K)
[2019-12-09T03:38:56.632+0000][1][gc,metaspace ] GC(15) Metaspace: 33054K->33054K(1079296K)
[2019-12-09T03:38:56.632+0000][1][gc           ] GC(15) Pause Young (Allocation Failure) 126M->58M(247M) 187.522ms
[2019-12-09T03:38:56.632+0000][1][gc,cpu       ] GC(15) User=0.05s Sys=0.00s Real=0.19s
[2019-12-09T03:38:56.632+0000][1][safepoint    ] Leaving safepoint region
[2019-12-09T03:38:56.632+0000][1][safepoint    ] Total time for which application threads were stopped: 0.1876507 seconds, Stopping threads took: 0.0000138 seconds
[2019-12-09T03:38:57.964+0000][1][safepoint    ] Application time: 1.3317836 seconds
[2019-12-09T03:38:58.026+0000][1][safepoint    ] Entering safepoint region: Cleanup
[2019-12-09T03:38:58.026+0000][1][safepoint    ] Leaving safepoint region
[2019-12-09T03:38:58.026+0000][1][safepoint    ] Total time for which application threads were stopped: 0.0621524 seconds, Stopping threads took: 0.0620415 seconds
[2019-12-09T03:38:58.455+0000][1][safepoint    ] Application time: 0.4286405 seconds
[2019-12-09T03:38:58.455+0000][1][safepoint    ] Entering safepoint region: CollectForMetadataAllocation
[2019-12-09T03:38:58.455+0000][1][safepoint    ] Leaving safepoint region
[2019-12-09T03:38:58.455+0000][1][safepoint    ] Total time for which application threads were stopped: 0.0002760 seconds, Stopping threads took: 0.0000138 seconds
[2019-12-09T03:38:58.645+0000][1][safepoint    ] Application time: 0.1899211 seconds
[2019-12-09T03:38:58.649+0000][1][safepoint    ] Entering safepoint region: CMS_Initial_Mark
[2019-12-09T03:38:58.649+0000][1][gc,start     ] GC(16) Pause Initial Mark
[2019-12-09T03:38:58.716+0000][1][gc           ] GC(16) Pause Initial Mark 95M->95M(247M) 67.231ms
[2019-12-09T03:38:58.716+0000][1][gc,cpu       ] GC(16) User=0.02s Sys=0.00s Real=0.07s
[2019-12-09T03:38:58.716+0000][1][safepoint    ] Leaving safepoint region
[2019-12-09T03:38:58.716+0000][1][safepoint    ] Total time for which application threads were stopped: 0.0713335 seconds, Stopping threads took: 0.0039741 seconds
[2019-12-09T03:38:58.716+0000][1][gc           ] GC(16) Concurrent Mark
[2019-12-09T03:38:58.831+0000][1][safepoint    ] Application time: 0.1149589 seconds
[2019-12-09T03:38:58.831+0000][1][safepoint    ] Entering safepoint region: CollectForMetadataAllocation
[2019-12-09T03:38:58.831+0000][1][safepoint    ] Leaving safepoint region
[2019-12-09T03:38:58.831+0000][1][safepoint    ] Total time for which application threads were stopped: 0.0002322 seconds, Stopping threads took: 0.0000135 seconds
[2019-12-09T03:38:59.221+0000][1][safepoint    ] Application time: 0.3893641 seconds
[2019-12-09T03:38:59.221+0000][1][safepoint    ] Entering safepoint region: CollectForMetadataAllocation
[2019-12-09T03:38:59.221+0000][1][safepoint    ] Leaving safepoint region
[2019-12-09T03:38:59.221+0000][1][safepoint    ] Total time for which application threads were stopped: 0.0002078 seconds, Stopping threads took: 0.0000132 seconds
[2019-12-09T03:38:59.345+0000][1][safepoint    ] Application time: 0.1237234 seconds
[2019-12-09T03:38:59.345+0000][1][safepoint    ] Entering safepoint region: CollectForMetadataAllocation
[2019-12-09T03:38:59.345+0000][1][safepoint    ] Leaving safepoint region
[2019-12-09T03:38:59.345+0000][1][safepoint    ] Total time for which application threads were stopped: 0.0002286 seconds, Stopping threads took: 0.0000134 seconds
[2019-12-09T03:38:59.349+0000][1][gc           ] GC(16) Concurrent Mark 632.629ms
[2019-12-09T03:38:59.349+0000][1][gc,cpu       ] GC(16) User=0.26s Sys=0.01s Real=0.63s
[2019-12-09T03:38:59.349+0000][1][gc           ] GC(16) Concurrent Preclean
[2019-12-09T03:38:59.351+0000][1][gc           ] GC(16) Concurrent Preclean 1.686ms
[2019-12-09T03:38:59.351+0000][1][gc,cpu       ] GC(16) User=0.00s Sys=0.00s Real=0.00s
[2019-12-09T03:38:59.351+0000][1][gc           ] GC(16) Concurrent Abortable Preclean
[2019-12-09T03:38:59.387+0000][1][safepoint    ] Application time: 0.0423132 seconds
[2019-12-09T03:38:59.387+0000][1][safepoint    ] Entering safepoint region: CollectForMetadataAllocation
[2019-12-09T03:38:59.388+0000][1][safepoint    ] Leaving safepoint region
[2019-12-09T03:38:59.388+0000][1][safepoint    ] Total time for which application threads were stopped: 0.0002273 seconds, Stopping threads took: 0.0000141 seconds
[2019-12-09T03:38:59.436+0000][1][safepoint    ] Application time: 0.0482973 seconds
[2019-12-09T03:38:59.436+0000][1][safepoint    ] Entering safepoint region: CollectForMetadataAllocation
[2019-12-09T03:38:59.436+0000][1][safepoint    ] Leaving safepoint region
[2019-12-09T03:38:59.436+0000][1][safepoint    ] Total time for which application threads were stopped: 0.0002202 seconds, Stopping threads took: 0.0000137 seconds
[2019-12-09T03:38:59.487+0000][1][safepoint    ] Application time: 0.0511166 seconds
[2019-12-09T03:38:59.487+0000][1][safepoint    ] Entering safepoint region: CollectForMetadataAllocation
[2019-12-09T03:38:59.487+0000][1][safepoint    ] Leaving safepoint region
[2019-12-09T03:38:59.487+0000][1][safepoint    ] Total time for which application threads were stopped: 0.0002252 seconds, Stopping threads took: 0.0000135 seconds
[2019-12-09T03:38:59.585+0000][1][safepoint    ] Application time: 0.0979856 seconds
[2019-12-09T03:38:59.586+0000][1][safepoint    ] Entering safepoint region: CollectForMetadataAllocation
[2019-12-09T03:38:59.586+0000][1][safepoint    ] Leaving safepoint region
[2019-12-09T03:38:59.586+0000][1][safepoint    ] Total time for which application threads were stopped: 0.0001508 seconds, Stopping threads took: 0.0000142 seconds
[2019-12-09T03:38:59.820+0000][1][safepoint    ] Application time: 0.2341643 seconds
[2019-12-09T03:38:59.820+0000][1][safepoint    ] Entering safepoint region: CollectForMetadataAllocation
[2019-12-09T03:38:59.820+0000][1][safepoint    ] Leaving safepoint region
[2019-12-09T03:38:59.820+0000][1][safepoint    ] Total time for which application threads were stopped: 0.0002433 seconds, Stopping threads took: 0.0000132 seconds
[2019-12-09T03:38:59.983+0000][1][safepoint    ] Application time: 0.1632087 seconds
[2019-12-09T03:38:59.983+0000][1][safepoint    ] Entering safepoint region: CollectForMetadataAllocation
[2019-12-09T03:38:59.984+0000][1][safepoint    ] Leaving safepoint region
[2019-12-09T03:38:59.984+0000][1][safepoint    ] Total time for which application threads were stopped: 0.0002331 seconds, Stopping threads took: 0.0000144 seconds
[2019-12-09T03:39:00.157+0000][1][safepoint    ] Application time: 0.1734480 seconds
[2019-12-09T03:39:00.157+0000][1][safepoint    ] Entering safepoint region: CollectForMetadataAllocation
[2019-12-09T03:39:00.157+0000][1][safepoint    ] Leaving safepoint region
[2019-12-09T03:39:00.157+0000][1][safepoint    ] Total time for which application threads were stopped: 0.0002371 seconds, Stopping threads took: 0.0000142 seconds
[2019-12-09T03:39:00.289+0000][1][safepoint    ] Application time: 0.1320538 seconds
[2019-12-09T03:39:00.289+0000][1][safepoint    ] Entering safepoint region: RevokeBias
[2019-12-09T03:39:00.290+0000][1][safepoint    ] Leaving safepoint region
[2019-12-09T03:39:00.290+0000][1][safepoint    ] Total time for which application threads were stopped: 0.0001311 seconds, Stopping threads took: 0.0000135 seconds
[2019-12-09T03:39:00.391+0000][1][safepoint    ] Application time: 0.1013884 seconds
[2019-12-09T03:39:00.391+0000][1][safepoint    ] Entering safepoint region: CollectForMetadataAllocation
[2019-12-09T03:39:00.391+0000][1][safepoint    ] Leaving safepoint region
[2019-12-09T03:39:00.391+0000][1][safepoint    ] Total time for which application threads were stopped: 0.0002406 seconds, Stopping threads took: 0.0000140 seconds
[2019-12-09T03:39:00.710+0000][1][safepoint    ] Application time: 0.3191356 seconds
[2019-12-09T03:39:00.710+0000][1][safepoint    ] Entering safepoint region: CollectForMetadataAllocation
[2019-12-09T03:39:00.711+0000][1][safepoint    ] Leaving safepoint region
[2019-12-09T03:39:00.711+0000][1][safepoint    ] Total time for which application threads were stopped: 0.0001524 seconds, Stopping threads took: 0.0000128 seconds
[2019-12-09T03:39:00.942+0000][1][safepoint    ] Application time: 0.2317228 seconds
[2019-12-09T03:39:00.942+0000][1][safepoint    ] Entering safepoint region: CollectForMetadataAllocation
[2019-12-09T03:39:00.943+0000][1][safepoint    ] Leaving safepoint region
[2019-12-09T03:39:00.943+0000][1][safepoint    ] Total time for which application threads were stopped: 0.0002419 seconds, Stopping threads took: 0.0000218 seconds
[2019-12-09T03:39:01.187+0000][1][safepoint    ] Application time: 0.2441424 seconds
[2019-12-09T03:39:01.187+0000][1][safepoint    ] Entering safepoint region: CollectForMetadataAllocation
[2019-12-09T03:39:01.187+0000][1][safepoint    ] Leaving safepoint region
[2019-12-09T03:39:01.187+0000][1][safepoint    ] Total time for which application threads were stopped: 0.0002749 seconds, Stopping threads took: 0.0000151 seconds
[2019-12-09T03:39:01.346+0000][1][safepoint    ] Application time: 0.1588736 seconds
[2019-12-09T03:39:01.346+0000][1][safepoint    ] Entering safepoint region: CollectForMetadataAllocation
[2019-12-09T03:39:01.346+0000][1][safepoint    ] Leaving safepoint region
[2019-12-09T03:39:01.346+0000][1][safepoint    ] Total time for which application threads were stopped: 0.0002493 seconds, Stopping threads took: 0.0000139 seconds
[2019-12-09T03:39:01.427+0000][1][safepoint    ] Application time: 0.0803187 seconds
[2019-12-09T03:39:01.427+0000][1][safepoint    ] Entering safepoint region: CollectForMetadataAllocation
[2019-12-09T03:39:01.427+0000][1][safepoint    ] Leaving safepoint region
[2019-12-09T03:39:01.427+0000][1][safepoint    ] Total time for which application threads were stopped: 0.0002642 seconds, Stopping threads took: 0.0000148 seconds
[2019-12-09T03:39:01.589+0000][1][safepoint    ] Application time: 0.1621673 seconds
[2019-12-09T03:39:01.589+0000][1][safepoint    ] Entering safepoint region: CollectForMetadataAllocation
[2019-12-09T03:39:01.589+0000][1][safepoint    ] Leaving safepoint region
[2019-12-09T03:39:01.589+0000][1][safepoint    ] Total time for which application threads were stopped: 0.0002459 seconds, Stopping threads took: 0.0000148 seconds
[2019-12-09T03:39:01.745+0000][1][safepoint    ] Application time: 0.1558710 seconds
[2019-12-09T03:39:01.745+0000][1][safepoint    ] Entering safepoint region: CollectForMetadataAllocation
[2019-12-09T03:39:01.745+0000][1][safepoint    ] Leaving safepoint region
[2019-12-09T03:39:01.745+0000][1][safepoint    ] Total time for which application threads were stopped: 0.0002306 seconds, Stopping threads took: 0.0000132 seconds
[2019-12-09T03:39:02.032+0000][1][safepoint    ] Application time: 0.2868443 seconds
[2019-12-09T03:39:02.032+0000][1][safepoint    ] Entering safepoint region: CollectForMetadataAllocation
[2019-12-09T03:39:02.033+0000][1][safepoint    ] Leaving safepoint region
[2019-12-09T03:39:02.033+0000][1][safepoint    ] Total time for which application threads were stopped: 0.0002413 seconds, Stopping threads took: 0.0000153 seconds
[2019-12-09T03:39:02.427+0000][1][safepoint    ] Application time: 0.3946546 seconds
[2019-12-09T03:39:02.427+0000][1][safepoint    ] Entering safepoint region: CollectForMetadataAllocation
[2019-12-09T03:39:02.427+0000][1][safepoint    ] Leaving safepoint region
[2019-12-09T03:39:02.427+0000][1][safepoint    ] Total time for which application threads were stopped: 0.0001533 seconds, Stopping threads took: 0.0000137 seconds
[2019-12-09T03:39:02.757+0000][1][safepoint    ] Application time: 0.3293786 seconds
[2019-12-09T03:39:02.757+0000][1][safepoint    ] Entering safepoint region: CollectForMetadataAllocation
[2019-12-09T03:39:02.757+0000][1][safepoint    ] Leaving safepoint region
[2019-12-09T03:39:02.757+0000][1][safepoint    ] Total time for which application threads were stopped: 0.0001514 seconds, Stopping threads took: 0.0000122 seconds
[2019-12-09T03:39:02.904+0000][1][safepoint    ] Application time: 0.1472754 seconds
[2019-12-09T03:39:02.904+0000][1][safepoint    ] Entering safepoint region: CollectForMetadataAllocation
[2019-12-09T03:39:02.904+0000][1][safepoint    ] Leaving safepoint region
[2019-12-09T03:39:02.904+0000][1][safepoint    ] Total time for which application threads were stopped: 0.0001612 seconds, Stopping threads took: 0.0000152 seconds
[2019-12-09T03:39:03.139+0000][1][safepoint    ] Application time: 0.2340009 seconds
[2019-12-09T03:39:03.139+0000][1][safepoint    ] Entering safepoint region: CollectForMetadataAllocation
[2019-12-09T03:39:03.139+0000][1][safepoint    ] Leaving safepoint region
[2019-12-09T03:39:03.139+0000][1][safepoint    ] Total time for which application threads were stopped: 0.0002405 seconds, Stopping threads took: 0.0000133 seconds
[2019-12-09T03:39:03.379+0000][1][safepoint    ] Application time: 0.2397733 seconds
[2019-12-09T03:39:03.379+0000][1][safepoint    ] Entering safepoint region: CollectForMetadataAllocation
[2019-12-09T03:39:03.379+0000][1][safepoint    ] Leaving safepoint region
[2019-12-09T03:39:03.379+0000][1][safepoint    ] Total time for which application threads were stopped: 0.0002666 seconds, Stopping threads took: 0.0000156 seconds
[2019-12-09T03:39:03.467+0000][1][safepoint    ] Application time: 0.0877238 seconds
[2019-12-09T03:39:03.467+0000][1][safepoint    ] Entering safepoint region: GenCollectForAllocation
[2019-12-09T03:39:03.467+0000][1][gc,start     ] GC(17) Pause Young (Allocation Failure)
[2019-12-09T03:39:03.467+0000][1][gc,task      ] GC(17) Using 2 workers of 2 for evacuation
[2019-12-09T03:39:03.539+0000][1][gc           ] GC(16) Concurrent Abortable Preclean 4188.135ms
[2019-12-09T03:39:03.539+0000][1][gc,cpu       ] GC(16) User=1.13s Sys=0.02s Real=4.19s
[2019-12-09T03:39:03.588+0000][1][gc,age       ] GC(17) Desired survivor size 4456448 bytes, new threshold 6 (max threshold 6)
[2019-12-09T03:39:03.588+0000][1][gc,age       ] GC(17) Age table with threshold 6 (max threshold 6)
[2019-12-09T03:39:03.588+0000][1][gc,age       ] GC(17) - age   1:    3047288 bytes,    3047288 total
[2019-12-09T03:39:03.588+0000][1][gc,age       ] GC(17) - age   2:     278320 bytes,    3325608 total
[2019-12-09T03:39:03.588+0000][1][gc,heap      ] GC(17) ParNew: 74028K->3773K(78656K)
[2019-12-09T03:39:03.588+0000][1][gc,heap      ] GC(17) CMS: 55937K->55937K(174784K)
[2019-12-09T03:39:03.588+0000][1][gc,metaspace ] GC(17) Metaspace: 41160K->41160K(1087488K)
[2019-12-09T03:39:03.588+0000][1][gc           ] GC(17) Pause Young (Allocation Failure) 126M->58M(247M) 120.957ms
[2019-12-09T03:39:03.588+0000][1][gc,cpu       ] GC(17) User=0.02s Sys=0.00s Real=0.12s
[2019-12-09T03:39:03.588+0000][1][safepoint    ] Leaving safepoint region
[2019-12-09T03:39:03.588+0000][1][safepoint    ] Total time for which application threads were stopped: 0.1211115 seconds, Stopping threads took: 0.0000129 seconds
[2019-12-09T03:39:03.609+0000][1][safepoint    ] Application time: 0.0213319 seconds
[2019-12-09T03:39:03.672+0000][1][safepoint    ] Entering safepoint region: CMS_Final_Remark
[2019-12-09T03:39:03.672+0000][1][gc,start     ] GC(16) Pause Remark
[2019-12-09T03:39:03.740+0000][1][gc           ] GC(16) Pause Remark 59M->59M(247M) 67.653ms
[2019-12-09T03:39:03.740+0000][1][gc,cpu       ] GC(16) User=0.02s Sys=0.00s Real=0.07s
[2019-12-09T03:39:03.740+0000][1][safepoint    ] Leaving safepoint region
[2019-12-09T03:39:03.740+0000][1][safepoint    ] Total time for which application threads were stopped: 0.1304501 seconds, Stopping threads took: 0.0626495 seconds
[2019-12-09T03:39:03.759+0000][1][gc           ] GC(16) Concurrent Sweep
[2019-12-09T03:39:03.844+0000][1][safepoint    ] Application time: 0.1041536 seconds
[2019-12-09T03:39:03.844+0000][1][safepoint    ] Entering safepoint region: CollectForMetadataAllocation
[2019-12-09T03:39:03.845+0000][1][safepoint    ] Leaving safepoint region
[2019-12-09T03:39:03.845+0000][1][safepoint    ] Total time for which application threads were stopped: 0.0010610 seconds, Stopping threads took: 0.0001161 seconds
[2019-12-09T03:39:04.168+0000][1][safepoint    ] Application time: 0.3226757 seconds
[2019-12-09T03:39:04.168+0000][1][safepoint    ] Entering safepoint region: CollectForMetadataAllocation
[2019-12-09T03:39:04.168+0000][1][safepoint    ] Leaving safepoint region
[2019-12-09T03:39:04.168+0000][1][safepoint    ] Total time for which application threads were stopped: 0.0002521 seconds, Stopping threads took: 0.0000134 seconds
[2019-12-09T03:39:04.168+0000][1][gc           ] GC(16) Concurrent Sweep 409.190ms
[2019-12-09T03:39:04.168+0000][1][gc,cpu       ] GC(16) User=0.12s Sys=0.00s Real=0.41s
[2019-12-09T03:39:04.185+0000][1][gc           ] GC(16) Concurrent Reset
[2019-12-09T03:39:04.185+0000][1][gc           ] GC(16) Concurrent Reset 0.314ms
[2019-12-09T03:39:04.185+0000][1][gc,cpu       ] GC(16) User=0.00s Sys=0.00s Real=0.00s
[2019-12-09T03:39:04.185+0000][1][gc,heap      ] GC(16) Old: 55937K->55731K(174784K)
[2019-12-09T03:39:04.516+0000][1][safepoint    ] Application time: 0.3482145 seconds
[2019-12-09T03:39:04.516+0000][1][safepoint    ] Entering safepoint region: RevokeBias
[2019-12-09T03:39:04.516+0000][1][safepoint    ] Leaving safepoint region
[2019-12-09T03:39:04.516+0000][1][safepoint    ] Total time for which application threads were stopped: 0.0001987 seconds, Stopping threads took: 0.0001456 seconds
[2019-12-09T03:39:05.517+0000][1][safepoint    ] Application time: 1.0004048 seconds
[2019-12-09T03:39:05.584+0000][1][safepoint    ] Entering safepoint region: Cleanup
[2019-12-09T03:39:05.584+0000][1][safepoint    ] Leaving safepoint region
[2019-12-09T03:39:05.584+0000][1][safepoint    ] Total time for which application threads were stopped: 0.0671303 seconds, Stopping threads took: 0.0670753 seconds
[2019-12-09T03:39:07.635+0000][1][safepoint    ] Application time: 2.0508872 seconds
[2019-12-09T03:39:07.743+0000][1][safepoint    ] Entering safepoint region: Cleanup
[2019-12-09T03:39:07.743+0000][1][safepoint    ] Leaving safepoint region
[2019-12-09T03:39:07.743+0000][1][safepoint    ] Total time for which application threads were stopped: 0.1085746 seconds, Stopping threads took: 0.1085247 seconds
[2019-12-09T03:39:09.509+0000][1][safepoint    ] Application time: 1.7654445 seconds
[2019-12-09T03:39:09.546+0000][1][safepoint    ] Entering safepoint region: RevokeBias
[2019-12-09T03:39:09.546+0000][1][safepoint    ] Leaving safepoint region
[2019-12-09T03:39:09.546+0000][1][safepoint    ] Total time for which application threads were stopped: 0.0369990 seconds, Stopping threads took: 0.0368965 seconds
[2019-12-09T03:39:09.546+0000][1][safepoint    ] Application time: 0.0003325 seconds
[2019-12-09T03:39:09.546+0000][1][safepoint    ] Entering safepoint region: RevokeBias
[2019-12-09T03:39:09.546+0000][1][safepoint    ] Leaving safepoint region
[2019-12-09T03:39:09.546+0000][1][safepoint    ] Total time for which application threads were stopped: 0.0000892 seconds, Stopping threads took: 0.0000098 seconds
[2019-12-09T03:39:09.546+0000][1][safepoint    ] Application time: 0.0001650 seconds
[2019-12-09T03:39:09.547+0000][1][safepoint    ] Entering safepoint region: RevokeBias
[2019-12-09T03:39:09.547+0000][1][safepoint    ] Leaving safepoint region
[2019-12-09T03:39:09.547+0000][1][safepoint    ] Total time for which application threads were stopped: 0.0000777 seconds, Stopping threads took: 0.0000092 seconds
[2019-12-09T03:39:09.547+0000][1][safepoint    ] Application time: 0.0000796 seconds
[2019-12-09T03:39:09.547+0000][1][safepoint    ] Entering safepoint region: RevokeBias
[2019-12-09T03:39:09.547+0000][1][safepoint    ] Leaving safepoint region
[2019-12-09T03:39:09.547+0000][1][safepoint    ] Total time for which application threads were stopped: 0.0000897 seconds, Stopping threads took: 0.0000276 seconds
[2019-12-09T03:39:09.547+0000][1][safepoint    ] Application time: 0.0000571 seconds
[2019-12-09T03:39:09.547+0000][1][safepoint    ] Entering safepoint region: RevokeBias
[2019-12-09T03:39:09.547+0000][1][safepoint    ] Leaving safepoint region
[2019-12-09T03:39:09.547+0000][1][safepoint    ] Total time for which application threads were stopped: 0.0000675 seconds, Stopping threads took: 0.0000083 seconds
[2019-12-09T03:39:09.547+0000][1][safepoint    ] Application time: 0.0000927 seconds
[2019-12-09T03:39:09.547+0000][1][safepoint    ] Entering safepoint region: RevokeBias
[2019-12-09T03:39:09.547+0000][1][safepoint    ] Leaving safepoint region
[2019-12-09T03:39:09.547+0000][1][safepoint    ] Total time for which application threads were stopped: 0.0000778 seconds, Stopping threads took: 0.0000081 seconds
[2019-12-09T03:39:09.547+0000][1][safepoint    ] Application time: 0.0000665 seconds
[2019-12-09T03:39:09.547+0000][1][safepoint    ] Entering safepoint region: RevokeBias
[2019-12-09T03:39:09.547+0000][1][safepoint    ] Leaving safepoint region
[2019-12-09T03:39:09.547+0000][1][safepoint    ] Total time for which application threads were stopped: 0.0000814 seconds, Stopping threads took: 0.0000084 seconds
[2019-12-09T03:39:09.548+0000][1][safepoint    ] Application time: 0.0011093 seconds
[2019-12-09T03:39:09.548+0000][1][safepoint    ] Entering safepoint region: RevokeBias
[2019-12-09T03:39:09.548+0000][1][safepoint    ] Leaving safepoint region
[2019-12-09T03:39:09.548+0000][1][safepoint    ] Total time for which application threads were stopped: 0.0000838 seconds, Stopping threads took: 0.0000108 seconds
[2019-12-09T03:39:09.549+0000][1][safepoint    ] Application time: 0.0000852 seconds
[2019-12-09T03:39:09.549+0000][1][safepoint    ] Entering safepoint region: RevokeBias
[2019-12-09T03:39:09.549+0000][1][safepoint    ] Leaving safepoint region
[2019-12-09T03:39:09.549+0000][1][safepoint    ] Total time for which application threads were stopped: 0.0000660 seconds, Stopping threads took: 0.0000078 seconds
[2019-12-09T03:39:09.549+0000][1][safepoint    ] Application time: 0.0002745 seconds
[2019-12-09T03:39:09.549+0000][1][safepoint    ] Entering safepoint region: RevokeBias
[2019-12-09T03:39:09.549+0000][1][safepoint    ] Leaving safepoint region
[2019-12-09T03:39:09.549+0000][1][safepoint    ] Total time for which application threads were stopped: 0.0000805 seconds, Stopping threads took: 0.0000108 seconds
[2019-12-09T03:39:09.549+0000][1][safepoint    ] Application time: 0.0003620 seconds
[2019-12-09T03:39:09.549+0000][1][safepoint    ] Entering safepoint region: RevokeBias
[2019-12-09T03:39:09.550+0000][1][safepoint    ] Leaving safepoint region
[2019-12-09T03:39:09.550+0000][1][safepoint    ] Total time for which application threads were stopped: 0.0000801 seconds, Stopping threads took: 0.0000100 seconds
[2019-12-09T03:39:09.550+0000][1][safepoint    ] Application time: 0.0000677 seconds
[2019-12-09T03:39:09.550+0000][1][safepoint    ] Entering safepoint region: RevokeBias
[2019-12-09T03:39:09.550+0000][1][safepoint    ] Leaving safepoint region
[2019-12-09T03:39:09.550+0000][1][safepoint    ] Total time for which application threads were stopped: 0.0000654 seconds, Stopping threads took: 0.0000086 seconds
[2019-12-09T03:39:11.561+0000][1][safepoint    ] Application time: 2.0110318 seconds
[2019-12-09T03:39:11.561+0000][1][safepoint    ] Entering safepoint region: Cleanup
[2019-12-09T03:39:11.561+0000][1][safepoint    ] Leaving safepoint region
[2019-12-09T03:39:11.561+0000][1][safepoint    ] Total time for which application threads were stopped: 0.0000933 seconds, Stopping threads took: 0.0000483 seconds
[2019-12-09T03:39:11.834+0000][1][safepoint    ] Application time: 0.2729781 seconds
[2019-12-09T03:39:11.848+0000][1][safepoint    ] Entering safepoint region: RevokeBias
[2019-12-09T03:39:11.848+0000][1][safepoint    ] Leaving safepoint region
[2019-12-09T03:39:11.848+0000][1][safepoint    ] Total time for which application threads were stopped: 0.0139857 seconds, Stopping threads took: 0.0138796 seconds
[2019-12-09T03:39:11.848+0000][1][safepoint    ] Application time: 0.0002047 seconds
[2019-12-09T03:39:11.848+0000][1][safepoint    ] Entering safepoint region: RevokeBias
[2019-12-09T03:39:11.848+0000][1][safepoint    ] Leaving safepoint region
[2019-12-09T03:39:11.848+0000][1][safepoint    ] Total time for which application threads were stopped: 0.0000635 seconds, Stopping threads took: 0.0000095 seconds
[2019-12-09T03:39:12.853+0000][1][safepoint    ] Application time: 1.0045746 seconds
[2019-12-09T03:39:12.888+0000][1][safepoint    ] Entering safepoint region: Cleanup
[2019-12-09T03:39:12.888+0000][1][safepoint    ] Leaving safepoint region
[2019-12-09T03:39:12.888+0000][1][safepoint    ] Total time for which application threads were stopped: 0.0355295 seconds, Stopping threads took: 0.0354648 seconds
[2019-12-09T03:39:13.897+0000][1][safepoint    ] Application time: 1.0084138 seconds
[2019-12-09T03:39:13.935+0000][1][safepoint    ] Entering safepoint region: Cleanup
[2019-12-09T03:39:13.935+0000][1][safepoint    ] Leaving safepoint region
[2019-12-09T03:39:13.935+0000][1][safepoint    ] Total time for which application threads were stopped: 0.0380914 seconds, Stopping threads took: 0.0380309 seconds
[2019-12-09T03:39:14.936+0000][1][safepoint    ] Application time: 1.0008677 seconds
[2019-12-09T03:39:14.941+0000][1][safepoint    ] Entering safepoint region: Cleanup
[2019-12-09T03:39:14.941+0000][1][safepoint    ] Leaving safepoint region
[2019-12-09T03:39:14.941+0000][1][safepoint    ] Total time for which application threads were stopped: 0.0050838 seconds, Stopping threads took: 0.0050333 seconds
[2019-12-09T03:39:15.603+0000][1][safepoint    ] Application time: 0.6621104 seconds
[2019-12-09T03:39:15.603+0000][1][safepoint    ] Entering safepoint region: RevokeBias
[2019-12-09T03:39:15.603+0000][1][safepoint    ] Leaving safepoint region
[2019-12-09T03:39:15.603+0000][1][safepoint    ] Total time for which application threads were stopped: 0.0001159 seconds, Stopping threads took: 0.0000133 seconds
[2019-12-09T03:39:15.648+0000][1][safepoint    ] Application time: 0.0447666 seconds
[2019-12-09T03:39:15.648+0000][1][safepoint    ] Entering safepoint region: RevokeBias
[2019-12-09T03:39:15.648+0000][1][safepoint    ] Leaving safepoint region
[2019-12-09T03:39:15.648+0000][1][safepoint    ] Total time for which application threads were stopped: 0.0000938 seconds, Stopping threads took: 0.0000126 seconds
[2019-12-09T03:39:16.299+0000][1][safepoint    ] Application time: 0.6512392 seconds
[2019-12-09T03:39:16.299+0000][1][safepoint    ] Entering safepoint region: GenCollectForAllocation
[2019-12-09T03:39:16.299+0000][1][gc,start     ] GC(18) Pause Young (Allocation Failure)
[2019-12-09T03:39:16.299+0000][1][gc,task      ] GC(18) Using 2 workers of 2 for evacuation
[2019-12-09T03:39:16.464+0000][1][gc,age       ] GC(18) Desired survivor size 4456448 bytes, new threshold 2 (max threshold 6)
[2019-12-09T03:39:16.464+0000][1][gc,age       ] GC(18) Age table with threshold 2 (max threshold 6)
[2019-12-09T03:39:16.464+0000][1][gc,age       ] GC(18) - age   1:    3370064 bytes,    3370064 total
[2019-12-09T03:39:16.464+0000][1][gc,age       ] GC(18) - age   2:    2972632 bytes,    6342696 total
[2019-12-09T03:39:16.464+0000][1][gc,age       ] GC(18) - age   3:     278256 bytes,    6620952 total
[2019-12-09T03:39:16.464+0000][1][gc,heap      ] GC(18) ParNew: 73725K->8115K(78656K)
[2019-12-09T03:39:16.464+0000][1][gc,heap      ] GC(18) CMS: 55731K->55731K(174784K)
[2019-12-09T03:39:16.464+0000][1][gc,metaspace ] GC(18) Metaspace: 45149K->45149K(1091584K)
[2019-12-09T03:39:16.464+0000][1][gc           ] GC(18) Pause Young (Allocation Failure) 126M->62M(247M) 164.915ms
[2019-12-09T03:39:16.464+0000][1][gc,cpu       ] GC(18) User=0.05s Sys=0.00s Real=0.16s
[2019-12-09T03:39:16.464+0000][1][safepoint    ] Leaving safepoint region
[2019-12-09T03:39:16.464+0000][1][safepoint    ] Total time for which application threads were stopped: 0.1650820 seconds, Stopping threads took: 0.0000142 seconds
[2019-12-09T03:39:16.634+0000][1][safepoint    ] Application time: 0.1696487 seconds
[2019-12-09T03:39:16.634+0000][1][safepoint    ] Entering safepoint region: RevokeBias
[2019-12-09T03:39:16.634+0000][1][safepoint    ] Leaving safepoint region
[2019-12-09T03:39:16.634+0000][1][safepoint    ] Total time for which application threads were stopped: 0.0000691 seconds, Stopping threads took: 0.0000140 seconds
[2019-12-09T03:39:17.173+0000][1][safepoint    ] Application time: 0.5389535 seconds
[2019-12-09T03:39:17.173+0000][1][safepoint    ] Entering safepoint region: RevokeBias
[2019-12-09T03:39:17.174+0000][1][safepoint    ] Leaving safepoint region
[2019-12-09T03:39:17.174+0000][1][safepoint    ] Total time for which application threads were stopped: 0.0004181 seconds, Stopping threads took: 0.0000131 seconds
[2019-12-09T03:39:17.748+0000][1][safepoint    ] Application time: 0.5743196 seconds
[2019-12-09T03:39:17.754+0000][1][safepoint    ] Entering safepoint region: RevokeBias
[2019-12-09T03:39:17.754+0000][1][safepoint    ] Leaving safepoint region
[2019-12-09T03:39:17.754+0000][1][safepoint    ] Total time for which application threads were stopped: 0.0060750 seconds, Stopping threads took: 0.0060031 seconds
[2019-12-09T03:39:17.754+0000][1][safepoint    ] Application time: 0.0000885 seconds
[2019-12-09T03:39:17.754+0000][1][safepoint    ] Entering safepoint region: RevokeBias
[2019-12-09T03:39:17.754+0000][1][safepoint    ] Leaving safepoint region
[2019-12-09T03:39:17.754+0000][1][safepoint    ] Total time for which application threads were stopped: 0.0000397 seconds, Stopping threads took: 0.0000085 seconds
[2019-12-09T03:39:17.754+0000][1][safepoint    ] Application time: 0.0000506 seconds
[2019-12-09T03:39:17.754+0000][1][safepoint    ] Entering safepoint region: RevokeBias
[2019-12-09T03:39:17.754+0000][1][safepoint    ] Leaving safepoint region
[2019-12-09T03:39:17.754+0000][1][safepoint    ] Total time for which application threads were stopped: 0.0000319 seconds, Stopping threads took: 0.0000068 seconds
[2019-12-09T03:39:17.754+0000][1][safepoint    ] Application time: 0.0001028 seconds
[2019-12-09T03:39:17.754+0000][1][safepoint    ] Entering safepoint region: RevokeBias
[2019-12-09T03:39:17.754+0000][1][safepoint    ] Leaving safepoint region
[2019-12-09T03:39:17.754+0000][1][safepoint    ] Total time for which application threads were stopped: 0.0000350 seconds, Stopping threads took: 0.0000069 seconds
[2019-12-09T03:39:17.755+0000][1][safepoint    ] Application time: 0.0001599 seconds
[2019-12-09T03:39:17.755+0000][1][safepoint    ] Entering safepoint region: RevokeBias
[2019-12-09T03:39:17.755+0000][1][safepoint    ] Leaving safepoint region
[2019-12-09T03:39:17.755+0000][1][safepoint    ] Total time for which application threads were stopped: 0.0000370 seconds, Stopping threads took: 0.0000071 seconds
[2019-12-09T03:39:17.755+0000][1][safepoint    ] Application time: 0.0000439 seconds
[2019-12-09T03:39:17.755+0000][1][safepoint    ] Entering safepoint region: RevokeBias
[2019-12-09T03:39:17.755+0000][1][safepoint    ] Leaving safepoint region
[2019-12-09T03:39:17.755+0000][1][safepoint    ] Total time for which application threads were stopped: 0.0000299 seconds, Stopping threads took: 0.0000065 seconds
[2019-12-09T03:39:17.755+0000][1][safepoint    ] Application time: 0.0000458 seconds
[2019-12-09T03:39:17.755+0000][1][safepoint    ] Entering safepoint region: RevokeBias
[2019-12-09T03:39:17.755+0000][1][safepoint    ] Leaving safepoint region
[2019-12-09T03:39:17.755+0000][1][safepoint    ] Total time for which application threads were stopped: 0.0000395 seconds, Stopping threads took: 0.0000074 seconds
[2019-12-09T03:39:17.755+0000][1][safepoint    ] Application time: 0.0000477 seconds
[2019-12-09T03:39:17.755+0000][1][safepoint    ] Entering safepoint region: RevokeBias
[2019-12-09T03:39:17.755+0000][1][safepoint    ] Leaving safepoint region
[2019-12-09T03:39:17.755+0000][1][safepoint    ] Total time for which application threads were stopped: 0.0000330 seconds, Stopping threads took: 0.0000064 seconds
[2019-12-09T03:39:17.755+0000][1][safepoint    ] Application time: 0.0000458 seconds
[2019-12-09T03:39:17.755+0000][1][safepoint    ] Entering safepoint region: BulkRevokeBias
[2019-12-09T03:39:17.755+0000][1][safepoint    ] Leaving safepoint region
[2019-12-09T03:39:17.755+0000][1][safepoint    ] Total time for which application threads were stopped: 0.0000928 seconds, Stopping threads took: 0.0000071 seconds
[2019-12-09T03:39:17.755+0000][1][safepoint    ] Application time: 0.0001504 seconds
[2019-12-09T03:39:17.755+0000][1][safepoint    ] Entering safepoint region: RevokeBias
[2019-12-09T03:39:17.755+0000][1][safepoint    ] Leaving safepoint region
[2019-12-09T03:39:17.755+0000][1][safepoint    ] Total time for which application threads were stopped: 0.0000460 seconds, Stopping threads took: 0.0000082 seconds
[2019-12-09T03:39:17.755+0000][1][safepoint    ] Application time: 0.0000777 seconds
[2019-12-09T03:39:17.755+0000][1][safepoint    ] Entering safepoint region: RevokeBias
[2019-12-09T03:39:17.755+0000][1][safepoint    ] Leaving safepoint region
[2019-12-09T03:39:17.755+0000][1][safepoint    ] Total time for which application threads were stopped: 0.0000397 seconds, Stopping threads took: 0.0000074 seconds
[2019-12-09T03:39:17.756+0000][1][safepoint    ] Application time: 0.0001696 seconds
[2019-12-09T03:39:17.756+0000][1][safepoint    ] Entering safepoint region: RevokeBias
[2019-12-09T03:39:17.756+0000][1][safepoint    ] Leaving safepoint region
[2019-12-09T03:39:17.756+0000][1][safepoint    ] Total time for which application threads were stopped: 0.0000510 seconds, Stopping threads took: 0.0000087 seconds
[2019-12-09T03:39:17.756+0000][1][safepoint    ] Application time: 0.0000684 seconds
[2019-12-09T03:39:17.756+0000][1][safepoint    ] Entering safepoint region: RevokeBias
[2019-12-09T03:39:17.756+0000][1][safepoint    ] Leaving safepoint region
[2019-12-09T03:39:17.756+0000][1][safepoint    ] Total time for which application threads were stopped: 0.0000414 seconds, Stopping threads took: 0.0000085 seconds
[2019-12-09T03:39:17.756+0000][1][safepoint    ] Application time: 0.0000535 seconds
[2019-12-09T03:39:17.756+0000][1][safepoint    ] Entering safepoint region: RevokeBias
[2019-12-09T03:39:17.756+0000][1][safepoint    ] Leaving safepoint region
[2019-12-09T03:39:17.756+0000][1][safepoint    ] Total time for which application threads were stopped: 0.0000379 seconds, Stopping threads took: 0.0000082 seconds
[2019-12-09T03:39:17.756+0000][1][safepoint    ] Application time: 0.0000511 seconds
[2019-12-09T03:39:17.756+0000][1][safepoint    ] Entering safepoint region: RevokeBias
[2019-12-09T03:39:17.756+0000][1][safepoint    ] Leaving safepoint region
[2019-12-09T03:39:17.756+0000][1][safepoint    ] Total time for which application threads were stopped: 0.0000371 seconds, Stopping threads took: 0.0000081 seconds
[2019-12-09T03:39:17.756+0000][1][safepoint    ] Application time: 0.0000508 seconds
[2019-12-09T03:39:17.756+0000][1][safepoint    ] Entering safepoint region: RevokeBias
[2019-12-09T03:39:17.756+0000][1][safepoint    ] Leaving safepoint region
[2019-12-09T03:39:17.756+0000][1][safepoint    ] Total time for which application threads were stopped: 0.0000368 seconds, Stopping threads took: 0.0000080 seconds
[2019-12-09T03:39:17.756+0000][1][safepoint    ] Application time: 0.0000505 seconds
[2019-12-09T03:39:17.756+0000][1][safepoint    ] Entering safepoint region: RevokeBias
[2019-12-09T03:39:17.756+0000][1][safepoint    ] Leaving safepoint region
[2019-12-09T03:39:17.756+0000][1][safepoint    ] Total time for which application threads were stopped: 0.0000366 seconds, Stopping threads took: 0.0000080 seconds
[2019-12-09T03:39:17.756+0000][1][safepoint    ] Application time: 0.0000509 seconds
[2019-12-09T03:39:17.756+0000][1][safepoint    ] Entering safepoint region: RevokeBias
[2019-12-09T03:39:17.756+0000][1][safepoint    ] Leaving safepoint region
[2019-12-09T03:39:17.756+0000][1][safepoint    ] Total time for which application threads were stopped: 0.0000369 seconds, Stopping threads took: 0.0000082 seconds
[2019-12-09T03:39:17.756+0000][1][safepoint    ] Application time: 0.0000518 seconds
[2019-12-09T03:39:17.756+0000][1][safepoint    ] Entering safepoint region: RevokeBias
[2019-12-09T03:39:17.756+0000][1][safepoint    ] Leaving safepoint region
[2019-12-09T03:39:17.756+0000][1][safepoint    ] Total time for which application threads were stopped: 0.0000373 seconds, Stopping threads took: 0.0000077 seconds
[2019-12-09T03:39:17.756+0000][1][safepoint    ] Application time: 0.0000517 seconds
[2019-12-09T03:39:17.756+0000][1][safepoint    ] Entering safepoint region: RevokeBias
[2019-12-09T03:39:17.756+0000][1][safepoint    ] Leaving safepoint region
[2019-12-09T03:39:17.756+0000][1][safepoint    ] Total time for which application threads were stopped: 0.0000379 seconds, Stopping threads took: 0.0000086 seconds
[2019-12-09T03:39:17.757+0000][1][safepoint    ] Application time: 0.0000516 seconds
[2019-12-09T03:39:17.757+0000][1][safepoint    ] Entering safepoint region: RevokeBias
[2019-12-09T03:39:17.757+0000][1][safepoint    ] Leaving safepoint region
[2019-12-09T03:39:17.757+0000][1][safepoint    ] Total time for which application threads were stopped: 0.0000372 seconds, Stopping threads took: 0.0000084 seconds
[2019-12-09T03:39:17.757+0000][1][safepoint    ] Application time: 0.0000511 seconds
[2019-12-09T03:39:17.757+0000][1][safepoint    ] Entering safepoint region: RevokeBias
[2019-12-09T03:39:17.757+0000][1][safepoint    ] Leaving safepoint region
[2019-12-09T03:39:17.757+0000][1][safepoint    ] Total time for which application threads were stopped: 0.0000593 seconds, Stopping threads took: 0.0000284 seconds
[2019-12-09T03:39:17.757+0000][1][safepoint    ] Application time: 0.0000539 seconds
[2019-12-09T03:39:17.757+0000][1][safepoint    ] Entering safepoint region: RevokeBias
[2019-12-09T03:39:17.757+0000][1][safepoint    ] Leaving safepoint region
[2019-12-09T03:39:17.757+0000][1][safepoint    ] Total time for which application threads were stopped: 0.0000381 seconds, Stopping threads took: 0.0000079 seconds
[2019-12-09T03:39:17.757+0000][1][safepoint    ] Application time: 0.0000540 seconds
[2019-12-09T03:39:17.757+0000][1][safepoint    ] Entering safepoint region: RevokeBias
[2019-12-09T03:39:17.757+0000][1][safepoint    ] Leaving safepoint region
[2019-12-09T03:39:17.757+0000][1][safepoint    ] Total time for which application threads were stopped: 0.0000388 seconds, Stopping threads took: 0.0000083 seconds
[2019-12-09T03:39:17.757+0000][1][safepoint    ] Application time: 0.0000521 seconds
[2019-12-09T03:39:17.757+0000][1][safepoint    ] Entering safepoint region: RevokeBias
[2019-12-09T03:39:17.757+0000][1][safepoint    ] Leaving safepoint region
[2019-12-09T03:39:17.757+0000][1][safepoint    ] Total time for which application threads were stopped: 0.0000374 seconds, Stopping threads took: 0.0000081 seconds
[2019-12-09T03:39:17.757+0000][1][safepoint    ] Application time: 0.0000530 seconds
[2019-12-09T03:39:17.757+0000][1][safepoint    ] Entering safepoint region: RevokeBias
[2019-12-09T03:39:17.757+0000][1][safepoint    ] Leaving safepoint region
[2019-12-09T03:39:17.757+0000][1][safepoint    ] Total time for which application threads were stopped: 0.0000373 seconds, Stopping threads took: 0.0000082 seconds
[2019-12-09T03:39:17.757+0000][1][safepoint    ] Application time: 0.0000517 seconds
[2019-12-09T03:39:17.757+0000][1][safepoint    ] Entering safepoint region: RevokeBias
[2019-12-09T03:39:17.757+0000][1][safepoint    ] Leaving safepoint region
[2019-12-09T03:39:17.757+0000][1][safepoint    ] Total time for which application threads were stopped: 0.0000360 seconds, Stopping threads took: 0.0000072 seconds
[2019-12-09T03:39:17.757+0000][1][safepoint    ] Application time: 0.0000514 seconds
[2019-12-09T03:39:17.757+0000][1][safepoint    ] Entering safepoint region: RevokeBias
[2019-12-09T03:39:17.757+0000][1][safepoint    ] Leaving safepoint region
[2019-12-09T03:39:17.757+0000][1][safepoint    ] Total time for which application threads were stopped: 0.0000359 seconds, Stopping threads took: 0.0000076 seconds
[2019-12-09T03:39:17.757+0000][1][safepoint    ] Application time: 0.0000497 seconds
[2019-12-09T03:39:17.757+0000][1][safepoint    ] Entering safepoint region: BulkRevokeBias
[2019-12-09T03:39:17.758+0000][1][safepoint    ] Leaving safepoint region
[2019-12-09T03:39:17.758+0000][1][safepoint    ] Total time for which application threads were stopped: 0.0000836 seconds, Stopping threads took: 0.0000072 seconds
[2019-12-09T03:39:17.758+0000][1][safepoint    ] Application time: 0.0001709 seconds
[2019-12-09T03:39:17.758+0000][1][safepoint    ] Entering safepoint region: RevokeBias
[2019-12-09T03:39:17.758+0000][1][safepoint    ] Leaving safepoint region
[2019-12-09T03:39:17.758+0000][1][safepoint    ] Total time for which application threads were stopped: 0.0000536 seconds, Stopping threads took: 0.0000092 seconds
[2019-12-09T03:39:17.758+0000][1][safepoint    ] Application time: 0.0001253 seconds
[2019-12-09T03:39:17.758+0000][1][safepoint    ] Entering safepoint region: RevokeBias
[2019-12-09T03:39:17.758+0000][1][safepoint    ] Leaving safepoint region
[2019-12-09T03:39:17.758+0000][1][safepoint    ] Total time for which application threads were stopped: 0.0000390 seconds, Stopping threads took: 0.0000082 seconds
[2019-12-09T03:39:17.758+0000][1][safepoint    ] Application time: 0.0000626 seconds
[2019-12-09T03:39:17.758+0000][1][safepoint    ] Entering safepoint region: RevokeBias
[2019-12-09T03:39:17.758+0000][1][safepoint    ] Leaving safepoint region
[2019-12-09T03:39:17.758+0000][1][safepoint    ] Total time for which application threads were stopped: 0.0000361 seconds, Stopping threads took: 0.0000080 seconds
[2019-12-09T03:39:17.758+0000][1][safepoint    ] Application time: 0.0000715 seconds
[2019-12-09T03:39:17.758+0000][1][safepoint    ] Entering safepoint region: RevokeBias
[2019-12-09T03:39:17.758+0000][1][safepoint    ] Leaving safepoint region
[2019-12-09T03:39:17.758+0000][1][safepoint    ] Total time for which application threads were stopped: 0.0000400 seconds, Stopping threads took: 0.0000080 seconds
[2019-12-09T03:39:17.759+0000][1][safepoint    ] Application time: 0.0006087 seconds
[2019-12-09T03:39:17.759+0000][1][safepoint    ] Entering safepoint region: RevokeBias
[2019-12-09T03:39:17.759+0000][1][safepoint    ] Leaving safepoint region
[2019-12-09T03:39:17.759+0000][1][safepoint    ] Total time for which application threads were stopped: 0.0000675 seconds, Stopping threads took: 0.0000104 seconds
[2019-12-09T03:39:17.759+0000][1][safepoint    ] Application time: 0.0000704 seconds
[2019-12-09T03:39:17.759+0000][1][safepoint    ] Entering safepoint region: RevokeBias
[2019-12-09T03:39:17.759+0000][1][safepoint    ] Leaving safepoint region
[2019-12-09T03:39:17.759+0000][1][safepoint    ] Total time for which application threads were stopped: 0.0000621 seconds, Stopping threads took: 0.0000083 seconds
[2019-12-09T03:39:17.759+0000][1][safepoint    ] Application time: 0.0000561 seconds
[2019-12-09T03:39:17.759+0000][1][safepoint    ] Entering safepoint region: RevokeBias
[2019-12-09T03:39:17.759+0000][1][safepoint    ] Leaving safepoint region
[2019-12-09T03:39:17.759+0000][1][safepoint    ] Total time for which application threads were stopped: 0.0000480 seconds, Stopping threads took: 0.0000085 seconds
[2019-12-09T03:39:17.759+0000][1][safepoint    ] Application time: 0.0001774 seconds
[2019-12-09T03:39:17.759+0000][1][safepoint    ] Entering safepoint region: RevokeBias
[2019-12-09T03:39:17.759+0000][1][safepoint    ] Leaving safepoint region
[2019-12-09T03:39:17.759+0000][1][safepoint    ] Total time for which application threads were stopped: 0.0000668 seconds, Stopping threads took: 0.0000088 seconds
[2019-12-09T03:39:17.760+0000][1][safepoint    ] Application time: 0.0000582 seconds
[2019-12-09T03:39:17.760+0000][1][safepoint    ] Entering safepoint region: RevokeBias
[2019-12-09T03:39:17.760+0000][1][safepoint    ] Leaving safepoint region
[2019-12-09T03:39:17.760+0000][1][safepoint    ] Total time for which application threads were stopped: 0.0000431 seconds, Stopping threads took: 0.0000083 seconds
[2019-12-09T03:39:17.760+0000][1][safepoint    ] Application time: 0.0003088 seconds
[2019-12-09T03:39:17.760+0000][1][safepoint    ] Entering safepoint region: RevokeBias
[2019-12-09T03:39:17.760+0000][1][safepoint    ] Leaving safepoint region
[2019-12-09T03:39:17.760+0000][1][safepoint    ] Total time for which application threads were stopped: 0.0000664 seconds, Stopping threads took: 0.0000100 seconds
[2019-12-09T03:39:17.760+0000][1][safepoint    ] Application time: 0.0000549 seconds
[2019-12-09T03:39:17.760+0000][1][safepoint    ] Entering safepoint region: RevokeBias
[2019-12-09T03:39:17.760+0000][1][safepoint    ] Leaving safepoint region
[2019-12-09T03:39:17.760+0000][1][safepoint    ] Total time for which application threads were stopped: 0.0000488 seconds, Stopping threads took: 0.0000086 seconds
[2019-12-09T03:39:17.760+0000][1][safepoint    ] Application time: 0.0000556 seconds
[2019-12-09T03:39:17.760+0000][1][safepoint    ] Entering safepoint region: RevokeBias
[2019-12-09T03:39:17.760+0000][1][safepoint    ] Leaving safepoint region
[2019-12-09T03:39:17.760+0000][1][safepoint    ] Total time for which application threads were stopped: 0.0000471 seconds, Stopping threads took: 0.0000086 seconds
[2019-12-09T03:39:17.760+0000][1][safepoint    ] Application time: 0.0000507 seconds
[2019-12-09T03:39:17.760+0000][1][safepoint    ] Entering safepoint region: RevokeBias
[2019-12-09T03:39:17.760+0000][1][safepoint    ] Leaving safepoint region
[2019-12-09T03:39:17.760+0000][1][safepoint    ] Total time for which application threads were stopped: 0.0000458 seconds, Stopping threads took: 0.0000083 seconds
[2019-12-09T03:39:17.760+0000][1][safepoint    ] Application time: 0.0000511 seconds
[2019-12-09T03:39:17.760+0000][1][safepoint    ] Entering safepoint region: RevokeBias
[2019-12-09T03:39:17.760+0000][1][safepoint    ] Leaving safepoint region
[2019-12-09T03:39:17.760+0000][1][safepoint    ] Total time for which application threads were stopped: 0.0000454 seconds, Stopping threads took: 0.0000082 seconds
[2019-12-09T03:39:17.760+0000][1][safepoint    ] Application time: 0.0000504 seconds
[2019-12-09T03:39:17.761+0000][1][safepoint    ] Entering safepoint region: RevokeBias
[2019-12-09T03:39:17.761+0000][1][safepoint    ] Leaving safepoint region
[2019-12-09T03:39:17.761+0000][1][safepoint    ] Total time for which application threads were stopped: 0.0000446 seconds, Stopping threads took: 0.0000078 seconds
[2019-12-09T03:39:17.761+0000][1][safepoint    ] Application time: 0.0000533 seconds
[2019-12-09T03:39:17.761+0000][1][safepoint    ] Entering safepoint region: RevokeBias
[2019-12-09T03:39:17.761+0000][1][safepoint    ] Leaving safepoint region
[2019-12-09T03:39:17.761+0000][1][safepoint    ] Total time for which application threads were stopped: 0.0000481 seconds, Stopping threads took: 0.0000077 seconds
[2019-12-09T03:39:17.761+0000][1][safepoint    ] Application time: 0.0000691 seconds
[2019-12-09T03:39:17.761+0000][1][safepoint    ] Entering safepoint region: RevokeBias
[2019-12-09T03:39:17.761+0000][1][safepoint    ] Leaving safepoint region
[2019-12-09T03:39:17.761+0000][1][safepoint    ] Total time for which application threads were stopped: 0.0000550 seconds, Stopping threads took: 0.0000089 seconds
[2019-12-09T03:39:17.761+0000][1][safepoint    ] Application time: 0.0000590 seconds
[2019-12-09T03:39:17.761+0000][1][safepoint    ] Entering safepoint region: RevokeBias
[2019-12-09T03:39:17.761+0000][1][safepoint    ] Leaving safepoint region
[2019-12-09T03:39:17.761+0000][1][safepoint    ] Total time for which application threads were stopped: 0.0000485 seconds, Stopping threads took: 0.0000084 seconds
[2019-12-09T03:39:17.761+0000][1][safepoint    ] Application time: 0.0000649 seconds
[2019-12-09T03:39:17.761+0000][1][safepoint    ] Entering safepoint region: RevokeBias
[2019-12-09T03:39:17.761+0000][1][safepoint    ] Leaving safepoint region
[2019-12-09T03:39:17.761+0000][1][safepoint    ] Total time for which application threads were stopped: 0.0000461 seconds, Stopping threads took: 0.0000085 seconds
[2019-12-09T03:39:17.761+0000][1][safepoint    ] Application time: 0.0000550 seconds
[2019-12-09T03:39:17.761+0000][1][safepoint    ] Entering safepoint region: RevokeBias
[2019-12-09T03:39:17.761+0000][1][safepoint    ] Leaving safepoint region
[2019-12-09T03:39:17.761+0000][1][safepoint    ] Total time for which application threads were stopped: 0.0000459 seconds, Stopping threads took: 0.0000082 seconds
[2019-12-09T03:39:17.761+0000][1][safepoint    ] Application time: 0.0000507 seconds
[2019-12-09T03:39:17.761+0000][1][safepoint    ] Entering safepoint region: RevokeBias
[2019-12-09T03:39:17.761+0000][1][safepoint    ] Leaving safepoint region
[2019-12-09T03:39:17.761+0000][1][safepoint    ] Total time for which application threads were stopped: 0.0000450 seconds, Stopping threads took: 0.0000083 seconds
[2019-12-09T03:39:17.761+0000][1][safepoint    ] Application time: 0.0000516 seconds
[2019-12-09T03:39:17.761+0000][1][safepoint    ] Entering safepoint region: RevokeBias
[2019-12-09T03:39:17.761+0000][1][safepoint    ] Leaving safepoint region
[2019-12-09T03:39:17.761+0000][1][safepoint    ] Total time for which application threads were stopped: 0.0000456 seconds, Stopping threads took: 0.0000076 seconds
[2019-12-09T03:39:17.761+0000][1][safepoint    ] Application time: 0.0000533 seconds
[2019-12-09T03:39:17.761+0000][1][safepoint    ] Entering safepoint region: RevokeBias
[2019-12-09T03:39:17.762+0000][1][safepoint    ] Leaving safepoint region
[2019-12-09T03:39:17.762+0000][1][safepoint    ] Total time for which application threads were stopped: 0.0000475 seconds, Stopping threads took: 0.0000082 seconds
[2019-12-09T03:39:17.762+0000][1][safepoint    ] Application time: 0.0000528 seconds
[2019-12-09T03:39:17.762+0000][1][safepoint    ] Entering safepoint region: RevokeBias
[2019-12-09T03:39:17.762+0000][1][safepoint    ] Leaving safepoint region
[2019-12-09T03:39:17.762+0000][1][safepoint    ] Total time for which application threads were stopped: 0.0000466 seconds, Stopping threads took: 0.0000076 seconds
[2019-12-09T03:39:17.762+0000][1][safepoint    ] Application time: 0.0000686 seconds
[2019-12-09T03:39:17.762+0000][1][safepoint    ] Entering safepoint region: RevokeBias
[2019-12-09T03:39:17.762+0000][1][safepoint    ] Leaving safepoint region
[2019-12-09T03:39:17.762+0000][1][safepoint    ] Total time for which application threads were stopped: 0.0000607 seconds, Stopping threads took: 0.0000085 seconds
[2019-12-09T03:39:17.762+0000][1][safepoint    ] Application time: 0.0000546 seconds
[2019-12-09T03:39:17.762+0000][1][safepoint    ] Entering safepoint region: BulkRevokeBias
[2019-12-09T03:39:17.762+0000][1][safepoint    ] Leaving safepoint region
[2019-12-09T03:39:17.762+0000][1][safepoint    ] Total time for which application threads were stopped: 0.0001094 seconds, Stopping threads took: 0.0000083 seconds
[2019-12-09T03:39:17.762+0000][1][safepoint    ] Application time: 0.0004288 seconds
[2019-12-09T03:39:17.762+0000][1][safepoint    ] Entering safepoint region: RevokeBias
[2019-12-09T03:39:17.762+0000][1][safepoint    ] Leaving safepoint region
[2019-12-09T03:39:17.763+0000][1][safepoint    ] Total time for which application threads were stopped: 0.0000674 seconds, Stopping threads took: 0.0000101 seconds
[2019-12-09T03:39:17.763+0000][1][safepoint    ] Application time: 0.0000690 seconds
[2019-12-09T03:39:17.763+0000][1][safepoint    ] Entering safepoint region: RevokeBias
[2019-12-09T03:39:17.763+0000][1][safepoint    ] Leaving safepoint region
[2019-12-09T03:39:17.763+0000][1][safepoint    ] Total time for which application threads were stopped: 0.0000677 seconds, Stopping threads took: 0.0000088 seconds
[2019-12-09T03:39:17.764+0000][1][safepoint    ] Application time: 0.0009287 seconds
[2019-12-09T03:39:17.764+0000][1][safepoint    ] Entering safepoint region: RevokeBias
[2019-12-09T03:39:17.764+0000][1][safepoint    ] Leaving safepoint region
[2019-12-09T03:39:17.764+0000][1][safepoint    ] Total time for which application threads were stopped: 0.0000821 seconds, Stopping threads took: 0.0000108 seconds
[2019-12-09T03:39:17.764+0000][1][safepoint    ] Application time: 0.0001881 seconds
[2019-12-09T03:39:17.764+0000][1][safepoint    ] Entering safepoint region: RevokeBias
[2019-12-09T03:39:17.764+0000][1][safepoint    ] Leaving safepoint region
[2019-12-09T03:39:17.764+0000][1][safepoint    ] Total time for which application threads were stopped: 0.0000540 seconds, Stopping threads took: 0.0000090 seconds
[2019-12-09T03:39:17.764+0000][1][safepoint    ] Application time: 0.0000613 seconds
[2019-12-09T03:39:17.764+0000][1][safepoint    ] Entering safepoint region: RevokeBias
[2019-12-09T03:39:17.764+0000][1][safepoint    ] Leaving safepoint region
[2019-12-09T03:39:17.764+0000][1][safepoint    ] Total time for which application threads were stopped: 0.0000447 seconds, Stopping threads took: 0.0000081 seconds
[2019-12-09T03:39:17.764+0000][1][safepoint    ] Application time: 0.0000575 seconds
[2019-12-09T03:39:17.764+0000][1][safepoint    ] Entering safepoint region: RevokeBias
[2019-12-09T03:39:17.764+0000][1][safepoint    ] Leaving safepoint region
[2019-12-09T03:39:17.764+0000][1][safepoint    ] Total time for which application threads were stopped: 0.0000381 seconds, Stopping threads took: 0.0000071 seconds
[2019-12-09T03:39:17.764+0000][1][safepoint    ] Application time: 0.0000430 seconds
[2019-12-09T03:39:17.764+0000][1][safepoint    ] Entering safepoint region: RevokeBias
[2019-12-09T03:39:17.764+0000][1][safepoint    ] Leaving safepoint region
[2019-12-09T03:39:17.764+0000][1][safepoint    ] Total time for which application threads were stopped: 0.0000379 seconds, Stopping threads took: 0.0000070 seconds
[2019-12-09T03:39:17.765+0000][1][safepoint    ] Application time: 0.0003007 seconds
[2019-12-09T03:39:17.765+0000][1][safepoint    ] Entering safepoint region: RevokeBias
[2019-12-09T03:39:17.765+0000][1][safepoint    ] Leaving safepoint region
[2019-12-09T03:39:17.765+0000][1][safepoint    ] Total time for which application threads were stopped: 0.0000419 seconds, Stopping threads took: 0.0000077 seconds
[2019-12-09T03:39:17.765+0000][1][safepoint    ] Application time: 0.0001141 seconds
[2019-12-09T03:39:17.765+0000][1][safepoint    ] Entering safepoint region: RevokeBias
[2019-12-09T03:39:17.765+0000][1][safepoint    ] Leaving safepoint region
[2019-12-09T03:39:17.765+0000][1][safepoint    ] Total time for which application threads were stopped: 0.0000410 seconds, Stopping threads took: 0.0000074 seconds
[2019-12-09T03:39:17.765+0000][1][safepoint    ] Application time: 0.0001240 seconds
[2019-12-09T03:39:17.765+0000][1][safepoint    ] Entering safepoint region: RevokeBias
[2019-12-09T03:39:17.765+0000][1][safepoint    ] Leaving safepoint region
[2019-12-09T03:39:17.765+0000][1][safepoint    ] Total time for which application threads were stopped: 0.0000416 seconds, Stopping threads took: 0.0000075 seconds
[2019-12-09T03:39:17.765+0000][1][safepoint    ] Application time: 0.0000445 seconds
[2019-12-09T03:39:17.765+0000][1][safepoint    ] Entering safepoint region: RevokeBias
[2019-12-09T03:39:17.765+0000][1][safepoint    ] Leaving safepoint region
[2019-12-09T03:39:17.765+0000][1][safepoint    ] Total time for which application threads were stopped: 0.0000373 seconds, Stopping threads took: 0.0000070 seconds
[2019-12-09T03:39:17.789+0000][1][safepoint    ] Application time: 0.0241493 seconds
[2019-12-09T03:39:17.789+0000][1][safepoint    ] Entering safepoint region: RevokeBias
[2019-12-09T03:39:17.789+0000][1][safepoint    ] Leaving safepoint region
[2019-12-09T03:39:17.789+0000][1][safepoint    ] Total time for which application threads were stopped: 0.0000537 seconds, Stopping threads took: 0.0000114 seconds
[2019-12-09T03:39:17.790+0000][1][safepoint    ] Application time: 0.0002812 seconds
[2019-12-09T03:39:17.790+0000][1][safepoint    ] Entering safepoint region: RevokeBias
[2019-12-09T03:39:17.790+0000][1][safepoint    ] Leaving safepoint region
[2019-12-09T03:39:17.790+0000][1][safepoint    ] Total time for which application threads were stopped: 0.0000850 seconds, Stopping threads took: 0.0000097 seconds
[2019-12-09T03:39:17.790+0000][1][safepoint    ] Application time: 0.0004703 seconds
[2019-12-09T03:39:17.790+0000][1][safepoint    ] Entering safepoint region: RevokeBias
[2019-12-09T03:39:17.790+0000][1][safepoint    ] Leaving safepoint region
[2019-12-09T03:39:17.790+0000][1][safepoint    ] Total time for which application threads were stopped: 0.0000611 seconds, Stopping threads took: 0.0000104 seconds
[2019-12-09T03:39:17.790+0000][1][safepoint    ] Application time: 0.0001366 seconds
[2019-12-09T03:39:17.790+0000][1][safepoint    ] Entering safepoint region: RevokeBias
[2019-12-09T03:39:17.790+0000][1][safepoint    ] Leaving safepoint region
[2019-12-09T03:39:17.791+0000][1][safepoint    ] Total time for which application threads were stopped: 0.0000515 seconds, Stopping threads took: 0.0000091 seconds
[2019-12-09T03:39:17.791+0000][1][safepoint    ] Application time: 0.0002252 seconds
[2019-12-09T03:39:17.791+0000][1][safepoint    ] Entering safepoint region: RevokeBias
[2019-12-09T03:39:17.791+0000][1][safepoint    ] Leaving safepoint region
[2019-12-09T03:39:17.791+0000][1][safepoint    ] Total time for which application threads were stopped: 0.0000560 seconds, Stopping threads took: 0.0000093 seconds
[2019-12-09T03:39:17.792+0000][1][safepoint    ] Application time: 0.0015866 seconds
[2019-12-09T03:39:17.792+0000][1][safepoint    ] Entering safepoint region: RevokeBias
[2019-12-09T03:39:17.792+0000][1][safepoint    ] Leaving safepoint region
[2019-12-09T03:39:17.793+0000][1][safepoint    ] Total time for which application threads were stopped: 0.0000695 seconds, Stopping threads took: 0.0000115 seconds
[2019-12-09T03:39:17.793+0000][1][safepoint    ] Application time: 0.0000654 seconds
[2019-12-09T03:39:17.793+0000][1][safepoint    ] Entering safepoint region: RevokeBias
[2019-12-09T03:39:17.793+0000][1][safepoint    ] Leaving safepoint region
[2019-12-09T03:39:17.793+0000][1][safepoint    ] Total time for which application threads were stopped: 0.0000537 seconds, Stopping threads took: 0.0000089 seconds
[2019-12-09T03:39:17.795+0000][1][safepoint    ] Application time: 0.0021051 seconds
[2019-12-09T03:39:17.795+0000][1][safepoint    ] Entering safepoint region: RevokeBias
[2019-12-09T03:39:17.795+0000][1][safepoint    ] Leaving safepoint region
[2019-12-09T03:39:17.795+0000][1][safepoint    ] Total time for which application threads were stopped: 0.0000668 seconds, Stopping threads took: 0.0000114 seconds
[2019-12-09T03:39:17.820+0000][1][safepoint    ] Application time: 0.0248553 seconds
[2019-12-09T03:39:17.820+0000][1][safepoint    ] Entering safepoint region: RevokeBias
[2019-12-09T03:39:17.820+0000][1][safepoint    ] Leaving safepoint region
[2019-12-09T03:39:17.820+0000][1][safepoint    ] Total time for which application threads were stopped: 0.0001014 seconds, Stopping threads took: 0.0000117 seconds
[2019-12-09T03:39:17.822+0000][1][safepoint    ] Application time: 0.0016568 seconds
[2019-12-09T03:39:17.822+0000][1][safepoint    ] Entering safepoint region: RevokeBias
[2019-12-09T03:39:17.822+0000][1][safepoint    ] Leaving safepoint region
[2019-12-09T03:39:17.822+0000][1][safepoint    ] Total time for which application threads were stopped: 0.0001043 seconds, Stopping threads took: 0.0000111 seconds
[2019-12-09T03:39:17.822+0000][1][safepoint    ] Application time: 0.0000814 seconds
[2019-12-09T03:39:17.822+0000][1][safepoint    ] Entering safepoint region: RevokeBias
[2019-12-09T03:39:17.822+0000][1][safepoint    ] Leaving safepoint region
[2019-12-09T03:39:17.822+0000][1][safepoint    ] Total time for which application threads were stopped: 0.0000745 seconds, Stopping threads took: 0.0000088 seconds
[2019-12-09T03:39:17.842+0000][1][safepoint    ] Application time: 0.0201058 seconds
[2019-12-09T03:39:17.891+0000][1][safepoint    ] Entering safepoint region: RevokeBias
[2019-12-09T03:39:17.891+0000][1][safepoint    ] Leaving safepoint region
[2019-12-09T03:39:17.891+0000][1][safepoint    ] Total time for which application threads were stopped: 0.0489887 seconds, Stopping threads took: 0.0488143 seconds
[2019-12-09T03:39:17.893+0000][1][safepoint    ] Application time: 0.0024429 seconds
[2019-12-09T03:39:17.893+0000][1][safepoint    ] Entering safepoint region: RevokeBias
[2019-12-09T03:39:17.893+0000][1][safepoint    ] Leaving safepoint region
[2019-12-09T03:39:17.893+0000][1][safepoint    ] Total time for which application threads were stopped: 0.0000553 seconds, Stopping threads took: 0.0000139 seconds
[2019-12-09T03:39:18.164+0000][1][safepoint    ] Application time: 0.2705277 seconds
[2019-12-09T03:39:18.183+0000][1][safepoint    ] Entering safepoint region: RevokeBias
[2019-12-09T03:39:18.183+0000][1][safepoint    ] Leaving safepoint region
[2019-12-09T03:39:18.183+0000][1][safepoint    ] Total time for which application threads were stopped: 0.0188362 seconds, Stopping threads took: 0.0187541 seconds
[2019-12-09T03:39:18.229+0000][1][safepoint    ] Application time: 0.0461960 seconds
[2019-12-09T03:39:18.300+0000][1][safepoint    ] Entering safepoint region: RevokeBias
[2019-12-09T03:39:18.300+0000][1][safepoint    ] Leaving safepoint region
[2019-12-09T03:39:18.300+0000][1][safepoint    ] Total time for which application threads were stopped: 0.0707078 seconds, Stopping threads took: 0.0706295 seconds
[2019-12-09T03:39:19.363+0000][1][safepoint    ] Application time: 1.0628645 seconds
[2019-12-09T03:39:19.430+0000][1][safepoint    ] Entering safepoint region: RevokeBias
[2019-12-09T03:39:19.430+0000][1][safepoint    ] Leaving safepoint region
[2019-12-09T03:39:19.430+0000][1][safepoint    ] Total time for which application threads were stopped: 0.0672975 seconds, Stopping threads took: 0.0672317 seconds
[2019-12-09T03:39:19.433+0000][1][safepoint    ] Application time: 0.0027704 seconds
[2019-12-09T03:39:19.442+0000][1][safepoint    ] Entering safepoint region: RevokeBias
[2019-12-09T03:39:19.442+0000][1][safepoint    ] Leaving safepoint region
[2019-12-09T03:39:19.442+0000][1][safepoint    ] Total time for which application threads were stopped: 0.0089427 seconds, Stopping threads took: 0.0088770 seconds
[2019-12-09T03:39:20.433+0000][1][safepoint    ] Application time: 0.9911887 seconds
[2019-12-09T03:39:20.433+0000][1][safepoint    ] Entering safepoint region: RevokeBias
[2019-12-09T03:39:20.434+0000][1][safepoint    ] Leaving safepoint region
[2019-12-09T03:39:20.434+0000][1][safepoint    ] Total time for which application threads were stopped: 0.0004795 seconds, Stopping threads took: 0.0000166 seconds
[2019-12-09T03:39:20.509+0000][1][safepoint    ] Application time: 0.0752167 seconds
[2019-12-09T03:39:20.509+0000][1][safepoint    ] Entering safepoint region: RevokeBias
[2019-12-09T03:39:20.509+0000][1][safepoint    ] Leaving safepoint region
[2019-12-09T03:39:20.509+0000][1][safepoint    ] Total time for which application threads were stopped: 0.0003575 seconds, Stopping threads took: 0.0003003 seconds
[2019-12-09T03:39:21.155+0000][1][safepoint    ] Application time: 0.6453816 seconds
[2019-12-09T03:39:21.155+0000][1][safepoint    ] Entering safepoint region: GenCollectForAllocation
[2019-12-09T03:39:21.155+0000][1][gc,start     ] GC(19) Pause Young (Allocation Failure)
[2019-12-09T03:39:21.155+0000][1][gc,task      ] GC(19) Using 2 workers of 2 for evacuation
[2019-12-09T03:39:21.427+0000][1][gc,age       ] GC(19) Desired survivor size 4456448 bytes, new threshold 2 (max threshold 6)
[2019-12-09T03:39:21.427+0000][1][gc,age       ] GC(19) Age table with threshold 2 (max threshold 6)
[2019-12-09T03:39:21.427+0000][1][gc,age       ] GC(19) - age   1:    1336336 bytes,    1336336 total
[2019-12-09T03:39:21.427+0000][1][gc,age       ] GC(19) - age   2:    3314288 bytes,    4650624 total
[2019-12-09T03:39:21.427+0000][1][gc,heap      ] GC(19) ParNew: 78067K->5525K(78656K)
[2019-12-09T03:39:21.427+0000][1][gc,heap      ] GC(19) CMS: 55731K->58981K(174784K)
[2019-12-09T03:39:21.427+0000][1][gc,metaspace ] GC(19) Metaspace: 50707K->50707K(1095680K)
[2019-12-09T03:39:21.427+0000][1][gc           ] GC(19) Pause Young (Allocation Failure) 130M->62M(247M) 272.336ms
[2019-12-09T03:39:21.427+0000][1][gc,cpu       ] GC(19) User=0.06s Sys=0.00s Real=0.28s
[2019-12-09T03:39:21.427+0000][1][safepoint    ] Leaving safepoint region
[2019-12-09T03:39:21.427+0000][1][safepoint    ] Total time for which application threads were stopped: 0.2724895 seconds, Stopping threads took: 0.0000151 seconds
[2019-12-09T03:39:21.433+0000][1][safepoint    ] Application time: 0.0063901 seconds
[2019-12-09T03:39:21.434+0000][1][safepoint    ] Entering safepoint region: RevokeBias
[2019-12-09T03:39:21.434+0000][1][safepoint    ] Leaving safepoint region
[2019-12-09T03:39:21.434+0000][1][safepoint    ] Total time for which application threads were stopped: 0.0000655 seconds, Stopping threads took: 0.0000134 seconds
[2019-12-09T03:39:21.435+0000][1][safepoint    ] Application time: 0.0010014 seconds
[2019-12-09T03:39:21.435+0000][1][safepoint    ] Entering safepoint region: RevokeBias
[2019-12-09T03:39:21.435+0000][1][safepoint    ] Leaving safepoint region
[2019-12-09T03:39:21.435+0000][1][safepoint    ] Total time for which application threads were stopped: 0.0000605 seconds, Stopping threads took: 0.0000131 seconds
[2019-12-09T03:39:21.440+0000][1][safepoint    ] Application time: 0.0051868 seconds
[2019-12-09T03:39:21.440+0000][1][safepoint    ] Entering safepoint region: RevokeBias
[2019-12-09T03:39:21.440+0000][1][safepoint    ] Leaving safepoint region
[2019-12-09T03:39:21.440+0000][1][safepoint    ] Total time for which application threads were stopped: 0.0000547 seconds, Stopping threads took: 0.0000130 seconds
[2019-12-09T03:39:21.507+0000][1][safepoint    ] Application time: 0.0674656 seconds
[2019-12-09T03:39:21.507+0000][1][safepoint    ] Entering safepoint region: RevokeBias
[2019-12-09T03:39:21.508+0000][1][safepoint    ] Leaving safepoint region
[2019-12-09T03:39:21.508+0000][1][safepoint    ] Total time for which application threads were stopped: 0.0000668 seconds, Stopping threads took: 0.0000145 seconds
[2019-12-09T03:39:21.514+0000][1][safepoint    ] Application time: 0.0060584 seconds
[2019-12-09T03:39:21.514+0000][1][safepoint    ] Entering safepoint region: RevokeBias
[2019-12-09T03:39:21.514+0000][1][safepoint    ] Leaving safepoint region
[2019-12-09T03:39:21.514+0000][1][safepoint    ] Total time for which application threads were stopped: 0.0000765 seconds, Stopping threads took: 0.0000143 seconds
[2019-12-09T03:39:21.570+0000][1][safepoint    ] Application time: 0.0562888 seconds
[2019-12-09T03:39:21.599+0000][1][safepoint    ] Entering safepoint region: RevokeBias
[2019-12-09T03:39:21.599+0000][1][safepoint    ] Leaving safepoint region
[2019-12-09T03:39:21.599+0000][1][safepoint    ] Total time for which application threads were stopped: 0.0288199 seconds, Stopping threads took: 0.0287087 seconds
[2019-12-09T03:39:21.634+0000][1][safepoint    ] Application time: 0.0354560 seconds
[2019-12-09T03:39:21.634+0000][1][safepoint    ] Entering safepoint region: RevokeBias
[2019-12-09T03:39:21.634+0000][1][safepoint    ] Leaving safepoint region
[2019-12-09T03:39:21.634+0000][1][safepoint    ] Total time for which application threads were stopped: 0.0000873 seconds, Stopping threads took: 0.0000159 seconds
[2019-12-09T03:39:21.641+0000][1][safepoint    ] Application time: 0.0069323 seconds
[2019-12-09T03:39:21.641+0000][1][safepoint    ] Entering safepoint region: RevokeBias
[2019-12-09T03:39:21.641+0000][1][safepoint    ] Leaving safepoint region
[2019-12-09T03:39:21.641+0000][1][safepoint    ] Total time for which application threads were stopped: 0.0000573 seconds, Stopping threads took: 0.0000129 seconds
[2019-12-09T03:39:21.860+0000][1][safepoint    ] Application time: 0.2189822 seconds
[2019-12-09T03:39:21.861+0000][1][safepoint    ] Entering safepoint region: RevokeBias
[2019-12-09T03:39:21.861+0000][1][safepoint    ] Leaving safepoint region
[2019-12-09T03:39:21.861+0000][1][safepoint    ] Total time for which application threads were stopped: 0.0000717 seconds, Stopping threads took: 0.0000165 seconds
[2019-12-09T03:39:22.874+0000][1][safepoint    ] Application time: 1.0131398 seconds
[2019-12-09T03:39:22.910+0000][1][safepoint    ] Entering safepoint region: Cleanup
[2019-12-09T03:39:22.910+0000][1][safepoint    ] Leaving safepoint region
[2019-12-09T03:39:22.910+0000][1][safepoint    ] Total time for which application threads were stopped: 0.0364779 seconds, Stopping threads took: 0.0359785 seconds
[2019-12-09T03:39:23.609+0000][1][safepoint    ] Application time: 0.6984676 seconds
[2019-12-09T03:39:23.609+0000][1][safepoint    ] Entering safepoint region: RevokeBias
[2019-12-09T03:39:23.609+0000][1][safepoint    ] Leaving safepoint region
[2019-12-09T03:39:23.609+0000][1][safepoint    ] Total time for which application threads were stopped: 0.0000839 seconds, Stopping threads took: 0.0000183 seconds
[2019-12-09T03:39:23.886+0000][1][safepoint    ] Application time: 0.2768536 seconds
[2019-12-09T03:39:23.886+0000][1][safepoint    ] Entering safepoint region: RevokeBias
[2019-12-09T03:39:23.886+0000][1][safepoint    ] Leaving safepoint region
[2019-12-09T03:39:23.886+0000][1][safepoint    ] Total time for which application threads were stopped: 0.0000721 seconds, Stopping threads took: 0.0000164 seconds
[2019-12-09T03:39:23.888+0000][1][safepoint    ] Application time: 0.0018103 seconds
[2019-12-09T03:39:23.888+0000][1][safepoint    ] Entering safepoint region: RevokeBias
[2019-12-09T03:39:23.888+0000][1][safepoint    ] Leaving safepoint region
[2019-12-09T03:39:23.888+0000][1][safepoint    ] Total time for which application threads were stopped: 0.0000777 seconds, Stopping threads took: 0.0000296 seconds
[2019-12-09T03:39:24.910+0000][1][safepoint    ] Application time: 1.0223461 seconds
[2019-12-09T03:39:25.000+0000][1][safepoint    ] Entering safepoint region: Cleanup
[2019-12-09T03:39:25.000+0000][1][safepoint    ] Leaving safepoint region
[2019-12-09T03:39:25.000+0000][1][safepoint    ] Total time for which application threads were stopped: 0.0897402 seconds, Stopping threads took: 0.0896537 seconds
[2019-12-09T03:39:25.563+0000][1][safepoint    ] Application time: 0.5631445 seconds
[2019-12-09T03:39:25.563+0000][1][safepoint    ] Entering safepoint region: RevokeBias
[2019-12-09T03:39:25.563+0000][1][safepoint    ] Leaving safepoint region
[2019-12-09T03:39:25.563+0000][1][safepoint    ] Total time for which application threads were stopped: 0.0000918 seconds, Stopping threads took: 0.0000162 seconds
[2019-12-09T03:39:25.566+0000][1][safepoint    ] Application time: 0.0029140 seconds
[2019-12-09T03:39:25.566+0000][1][safepoint    ] Entering safepoint region: RevokeBias
[2019-12-09T03:39:25.566+0000][1][safepoint    ] Leaving safepoint region
[2019-12-09T03:39:25.566+0000][1][safepoint    ] Total time for which application threads were stopped: 0.0000504 seconds, Stopping threads took: 0.0000116 seconds
[2019-12-09T03:39:25.567+0000][1][safepoint    ] Application time: 0.0004373 seconds
[2019-12-09T03:39:25.567+0000][1][safepoint    ] Entering safepoint region: BulkRevokeBias
[2019-12-09T03:39:25.567+0000][1][safepoint    ] Leaving safepoint region
[2019-12-09T03:39:25.567+0000][1][safepoint    ] Total time for which application threads were stopped: 0.0001789 seconds, Stopping threads took: 0.0000101 seconds
[2019-12-09T03:39:26.200+0000][1][safepoint    ] Application time: 0.6329025 seconds
[2019-12-09T03:39:26.200+0000][1][safepoint    ] Entering safepoint region: RevokeBias
[2019-12-09T03:39:26.201+0000][1][safepoint    ] Leaving safepoint region
[2019-12-09T03:39:26.201+0000][1][safepoint    ] Total time for which application threads were stopped: 0.0014019 seconds, Stopping threads took: 0.0003154 seconds
[2019-12-09T03:39:26.240+0000][1][safepoint    ] Application time: 0.0385589 seconds
[2019-12-09T03:39:26.240+0000][1][safepoint    ] Entering safepoint region: RevokeBias
[2019-12-09T03:39:26.240+0000][1][safepoint    ] Leaving safepoint region
[2019-12-09T03:39:26.240+0000][1][safepoint    ] Total time for which application threads were stopped: 0.0002150 seconds, Stopping threads took: 0.0001008 seconds
[2019-12-09T03:39:26.258+0000][1][safepoint    ] Application time: 0.0177476 seconds
[2019-12-09T03:39:26.258+0000][1][safepoint    ] Entering safepoint region: RevokeBias
[2019-12-09T03:39:26.258+0000][1][safepoint    ] Leaving safepoint region
[2019-12-09T03:39:26.258+0000][1][safepoint    ] Total time for which application threads were stopped: 0.0003098 seconds, Stopping threads took: 0.0000747 seconds
[2019-12-09T03:39:27.270+0000][1][safepoint    ] Application time: 1.0121995 seconds
[2019-12-09T03:39:27.275+0000][1][safepoint    ] Entering safepoint region: Cleanup
[2019-12-09T03:39:27.276+0000][1][safepoint    ] Leaving safepoint region
[2019-12-09T03:39:27.276+0000][1][safepoint    ] Total time for which application threads were stopped: 0.0054372 seconds, Stopping threads took: 0.0049392 seconds
[2019-12-09T03:39:27.552+0000][1][safepoint    ] Application time: 0.2766550 seconds
[2019-12-09T03:39:27.552+0000][1][safepoint    ] Entering safepoint region: Deoptimize
[2019-12-09T03:39:27.553+0000][1][safepoint    ] Leaving safepoint region
[2019-12-09T03:39:27.553+0000][1][safepoint    ] Total time for which application threads were stopped: 0.0006336 seconds, Stopping threads took: 0.0000177 seconds
[2019-12-09T03:39:27.934+0000][1][safepoint    ] Application time: 0.3805356 seconds
[2019-12-09T03:39:27.934+0000][1][safepoint    ] Entering safepoint region: GenCollectForAllocation
[2019-12-09T03:39:27.934+0000][1][gc,start     ] GC(20) Pause Young (Allocation Failure)
[2019-12-09T03:39:27.934+0000][1][gc,task      ] GC(20) Using 2 workers of 2 for evacuation
[2019-12-09T03:39:28.153+0000][1][gc,age       ] GC(20) Desired survivor size 4456448 bytes, new threshold 6 (max threshold 6)
[2019-12-09T03:39:28.153+0000][1][gc,age       ] GC(20) Age table with threshold 6 (max threshold 6)
[2019-12-09T03:39:28.153+0000][1][gc,age       ] GC(20) - age   1:    3101392 bytes,    3101392 total
[2019-12-09T03:39:28.153+0000][1][gc,age       ] GC(20) - age   2:    1276040 bytes,    4377432 total
[2019-12-09T03:39:28.153+0000][1][gc,heap      ] GC(20) ParNew: 75477K->7181K(78656K)
[2019-12-09T03:39:28.153+0000][1][gc,heap      ] GC(20) CMS: 58981K->62313K(174784K)
[2019-12-09T03:39:28.153+0000][1][gc,metaspace ] GC(20) Metaspace: 58727K->58727K(1101824K)
[2019-12-09T03:39:28.153+0000][1][gc           ] GC(20) Pause Young (Allocation Failure) 131M->67M(247M) 219.498ms
[2019-12-09T03:39:28.153+0000][1][gc,cpu       ] GC(20) User=0.05s Sys=0.00s Real=0.22s
[2019-12-09T03:39:28.153+0000][1][safepoint    ] Leaving safepoint region
[2019-12-09T03:39:28.153+0000][1][safepoint    ] Total time for which application threads were stopped: 0.2196904 seconds, Stopping threads took: 0.0000310 seconds
[2019-12-09T03:39:29.157+0000][1][safepoint    ] Application time: 1.0033556 seconds
[2019-12-09T03:39:29.184+0000][1][safepoint    ] Entering safepoint region: Cleanup
[2019-12-09T03:39:29.184+0000][1][safepoint    ] Leaving safepoint region
[2019-12-09T03:39:29.184+0000][1][safepoint    ] Total time for which application threads were stopped: 0.0270721 seconds, Stopping threads took: 0.0269811 seconds
[2019-12-09T03:39:30.186+0000][1][safepoint    ] Application time: 1.0018678 seconds
[2019-12-09T03:39:30.205+0000][1][safepoint    ] Entering safepoint region: Cleanup
[2019-12-09T03:39:30.205+0000][1][safepoint    ] Leaving safepoint region
[2019-12-09T03:39:30.205+0000][1][safepoint    ] Total time for which application threads were stopped: 0.0191731 seconds, Stopping threads took: 0.0190863 seconds
[2019-12-09T03:39:30.409+0000][1][safepoint    ] Application time: 0.2044879 seconds
[2019-12-09T03:39:30.409+0000][1][safepoint    ] Entering safepoint region: RevokeBias
[2019-12-09T03:39:30.410+0000][1][safepoint    ] Leaving safepoint region
[2019-12-09T03:39:30.410+0000][1][safepoint    ] Total time for which application threads were stopped: 0.0000899 seconds, Stopping threads took: 0.0000155 seconds
[2019-12-09T03:39:31.103+0000][1][safepoint    ] Application time: 0.6931691 seconds
[2019-12-09T03:39:31.103+0000][1][safepoint    ] Entering safepoint region: Deoptimize
[2019-12-09T03:39:31.103+0000][1][safepoint    ] Leaving safepoint region
[2019-12-09T03:39:31.103+0000][1][safepoint    ] Total time for which application threads were stopped: 0.0006775 seconds, Stopping threads took: 0.0000264 seconds
[2019-12-09T03:39:31.187+0000][1][safepoint    ] Application time: 0.0838560 seconds
[2019-12-09T03:39:31.187+0000][1][safepoint    ] Entering safepoint region: BulkRevokeBias
[2019-12-09T03:39:31.188+0000][1][safepoint    ] Leaving safepoint region
[2019-12-09T03:39:31.188+0000][1][safepoint    ] Total time for which application threads were stopped: 0.0002043 seconds, Stopping threads took: 0.0000154 seconds
[2019-12-09T03:39:31.201+0000][1][safepoint    ] Application time: 0.0133152 seconds
[2019-12-09T03:39:31.201+0000][1][safepoint    ] Entering safepoint region: RevokeBias
[2019-12-09T03:39:31.201+0000][1][safepoint    ] Leaving safepoint region
[2019-12-09T03:39:31.201+0000][1][safepoint    ] Total time for which application threads were stopped: 0.0000894 seconds, Stopping threads took: 0.0000214 seconds
[2019-12-09T03:39:31.201+0000][1][safepoint    ] Application time: 0.0004851 seconds
[2019-12-09T03:39:31.201+0000][1][safepoint    ] Entering safepoint region: RevokeBias
[2019-12-09T03:39:31.202+0000][1][safepoint    ] Leaving safepoint region
[2019-12-09T03:39:31.202+0000][1][safepoint    ] Total time for which application threads were stopped: 0.0000720 seconds, Stopping threads took: 0.0000125 seconds
[2019-12-09T03:39:31.202+0000][1][safepoint    ] Application time: 0.0000653 seconds
[2019-12-09T03:39:31.202+0000][1][safepoint    ] Entering safepoint region: RevokeBias
[2019-12-09T03:39:31.202+0000][1][safepoint    ] Leaving safepoint region
[2019-12-09T03:39:31.202+0000][1][safepoint    ] Total time for which application threads were stopped: 0.0000728 seconds, Stopping threads took: 0.0000086 seconds
[2019-12-09T03:39:31.202+0000][1][safepoint    ] Application time: 0.0003848 seconds
[2019-12-09T03:39:31.202+0000][1][safepoint    ] Entering safepoint region: RevokeBias
[2019-12-09T03:39:31.202+0000][1][safepoint    ] Leaving safepoint region
[2019-12-09T03:39:31.202+0000][1][safepoint    ] Total time for which application threads were stopped: 0.0000586 seconds, Stopping threads took: 0.0000115 seconds
[2019-12-09T03:39:31.202+0000][1][safepoint    ] Application time: 0.0002052 seconds
[2019-12-09T03:39:31.202+0000][1][safepoint    ] Entering safepoint region: RevokeBias
[2019-12-09T03:39:31.202+0000][1][safepoint    ] Leaving safepoint region
[2019-12-09T03:39:31.202+0000][1][safepoint    ] Total time for which application threads were stopped: 0.0000554 seconds, Stopping threads took: 0.0000100 seconds
[2019-12-09T03:39:31.203+0000][1][safepoint    ] Application time: 0.0000595 seconds
[2019-12-09T03:39:31.203+0000][1][safepoint    ] Entering safepoint region: RevokeBias
[2019-12-09T03:39:31.203+0000][1][safepoint    ] Leaving safepoint region
[2019-12-09T03:39:31.203+0000][1][safepoint    ] Total time for which application threads were stopped: 0.0000498 seconds, Stopping threads took: 0.0000088 seconds
[2019-12-09T03:39:31.214+0000][1][safepoint    ] Application time: 0.0119035 seconds
[2019-12-09T03:39:31.215+0000][1][safepoint    ] Entering safepoint region: RevokeBias
[2019-12-09T03:39:31.215+0000][1][safepoint    ] Leaving safepoint region
[2019-12-09T03:39:31.215+0000][1][safepoint    ] Total time for which application threads were stopped: 0.0000718 seconds, Stopping threads took: 0.0000119 seconds
[2019-12-09T03:39:31.215+0000][1][safepoint    ] Application time: 0.0001240 seconds
[2019-12-09T03:39:31.215+0000][1][safepoint    ] Entering safepoint region: RevokeBias
[2019-12-09T03:39:31.215+0000][1][safepoint    ] Leaving safepoint region
[2019-12-09T03:39:31.215+0000][1][safepoint    ] Total time for which application threads were stopped: 0.0000626 seconds, Stopping threads took: 0.0000099 seconds
[2019-12-09T03:39:31.221+0000][1][safepoint    ] Application time: 0.0062984 seconds
[2019-12-09T03:39:31.244+0000][1][safepoint    ] Entering safepoint region: Deoptimize
[2019-12-09T03:39:31.244+0000][1][safepoint    ] Leaving safepoint region
[2019-12-09T03:39:31.244+0000][1][safepoint    ] Total time for which application threads were stopped: 0.0233136 seconds, Stopping threads took: 0.0226814 seconds
[2019-12-09T03:39:31.245+0000][1][safepoint    ] Application time: 0.0007007 seconds
[2019-12-09T03:39:31.245+0000][1][safepoint    ] Entering safepoint region: RevokeBias
[2019-12-09T03:39:31.245+0000][1][safepoint    ] Leaving safepoint region
[2019-12-09T03:39:31.245+0000][1][safepoint    ] Total time for which application threads were stopped: 0.0000531 seconds, Stopping threads took: 0.0000120 seconds
[2019-12-09T03:39:31.393+0000][1][safepoint    ] Application time: 0.1474680 seconds
[2019-12-09T03:39:31.393+0000][1][safepoint    ] Entering safepoint region: RevokeBias
[2019-12-09T03:39:31.393+0000][1][safepoint    ] Leaving safepoint region
[2019-12-09T03:39:31.393+0000][1][safepoint    ] Total time for which application threads were stopped: 0.0001377 seconds, Stopping threads took: 0.0000329 seconds
[2019-12-09T03:39:31.396+0000][1][safepoint    ] Application time: 0.0028582 seconds
[2019-12-09T03:39:31.408+0000][1][safepoint    ] Entering safepoint region: RevokeBias
[2019-12-09T03:39:31.408+0000][1][safepoint    ] Leaving safepoint region
[2019-12-09T03:39:31.408+0000][1][safepoint    ] Total time for which application threads were stopped: 0.0120296 seconds, Stopping threads took: 0.0119657 seconds
[2019-12-09T03:39:31.408+0000][1][safepoint    ] Application time: 0.0000802 seconds
[2019-12-09T03:39:31.408+0000][1][safepoint    ] Entering safepoint region: RevokeBias
[2019-12-09T03:39:31.408+0000][1][safepoint    ] Leaving safepoint region
[2019-12-09T03:39:31.408+0000][1][safepoint    ] Total time for which application threads were stopped: 0.0000382 seconds, Stopping threads took: 0.0000100 seconds
[2019-12-09T03:39:31.408+0000][1][safepoint    ] Application time: 0.0000398 seconds
[2019-12-09T03:39:31.408+0000][1][safepoint    ] Entering safepoint region: RevokeBias
[2019-12-09T03:39:31.408+0000][1][safepoint    ] Leaving safepoint region
[2019-12-09T03:39:31.408+0000][1][safepoint    ] Total time for which application threads were stopped: 0.0000337 seconds, Stopping threads took: 0.0000084 seconds
[2019-12-09T03:39:31.408+0000][1][safepoint    ] Application time: 0.0000392 seconds
[2019-12-09T03:39:31.408+0000][1][safepoint    ] Entering safepoint region: RevokeBias
[2019-12-09T03:39:31.408+0000][1][safepoint    ] Leaving safepoint region
[2019-12-09T03:39:31.408+0000][1][safepoint    ] Total time for which application threads were stopped: 0.0000332 seconds, Stopping threads took: 0.0000082 seconds
[2019-12-09T03:39:31.408+0000][1][safepoint    ] Application time: 0.0000423 seconds
[2019-12-09T03:39:31.408+0000][1][safepoint    ] Entering safepoint region: RevokeBias
[2019-12-09T03:39:31.408+0000][1][safepoint    ] Leaving safepoint region
[2019-12-09T03:39:31.408+0000][1][safepoint    ] Total time for which application threads were stopped: 0.0000332 seconds, Stopping threads took: 0.0000082 seconds
[2019-12-09T03:39:31.408+0000][1][safepoint    ] Application time: 0.0000388 seconds
[2019-12-09T03:39:31.408+0000][1][safepoint    ] Entering safepoint region: RevokeBias
[2019-12-09T03:39:31.408+0000][1][safepoint    ] Leaving safepoint region
[2019-12-09T03:39:31.408+0000][1][safepoint    ] Total time for which application threads were stopped: 0.0000330 seconds, Stopping threads took: 0.0000081 seconds
[2019-12-09T03:39:31.408+0000][1][safepoint    ] Application time: 0.0000504 seconds
[2019-12-09T03:39:31.408+0000][1][safepoint    ] Entering safepoint region: RevokeBias
[2019-12-09T03:39:31.408+0000][1][safepoint    ] Leaving safepoint region
[2019-12-09T03:39:31.408+0000][1][safepoint    ] Total time for which application threads were stopped: 0.0000290 seconds, Stopping threads took: 0.0000070 seconds
[2019-12-09T03:39:31.477+0000][1][safepoint    ] Application time: 0.0688968 seconds
[2019-12-09T03:39:31.479+0000][1][safepoint    ] Entering safepoint region: RevokeBias
[2019-12-09T03:39:31.479+0000][1][safepoint    ] Leaving safepoint region
[2019-12-09T03:39:31.479+0000][1][safepoint    ] Total time for which application threads were stopped: 0.0018272 seconds, Stopping threads took: 0.0017693 seconds
[2019-12-09T03:39:31.505+0000][1][safepoint    ] Application time: 0.0257196 seconds
[2019-12-09T03:39:31.505+0000][1][safepoint    ] Entering safepoint region: RevokeBias
[2019-12-09T03:39:31.505+0000][1][safepoint    ] Leaving safepoint region
[2019-12-09T03:39:31.505+0000][1][safepoint    ] Total time for which application threads were stopped: 0.0001607 seconds, Stopping threads took: 0.0000845 seconds
[2019-12-09T03:39:31.518+0000][1][safepoint    ] Application time: 0.0126992 seconds
[2019-12-09T03:39:31.518+0000][1][safepoint    ] Entering safepoint region: RevokeBias
[2019-12-09T03:39:31.518+0000][1][safepoint    ] Leaving safepoint region
[2019-12-09T03:39:31.518+0000][1][safepoint    ] Total time for which application threads were stopped: 0.0001902 seconds, Stopping threads took: 0.0000908 seconds
[2019-12-09T03:39:31.562+0000][1][safepoint    ] Application time: 0.0438614 seconds
[2019-12-09T03:39:31.562+0000][1][safepoint    ] Entering safepoint region: RevokeBias
[2019-12-09T03:39:31.562+0000][1][safepoint    ] Leaving safepoint region
[2019-12-09T03:39:31.562+0000][1][safepoint    ] Total time for which application threads were stopped: 0.0001287 seconds, Stopping threads took: 0.0000169 seconds
[2019-12-09T03:39:31.562+0000][1][safepoint    ] Application time: 0.0000580 seconds
[2019-12-09T03:39:31.562+0000][1][safepoint    ] Entering safepoint region: RevokeBias
[2019-12-09T03:39:31.562+0000][1][safepoint    ] Leaving safepoint region
[2019-12-09T03:39:31.562+0000][1][safepoint    ] Total time for which application threads were stopped: 0.0000474 seconds, Stopping threads took: 0.0000092 seconds
[2019-12-09T03:39:31.576+0000][1][safepoint    ] Application time: 0.0135819 seconds
[2019-12-09T03:39:31.599+0000][1][safepoint    ] Entering safepoint region: RevokeBias
[2019-12-09T03:39:31.599+0000][1][safepoint    ] Leaving safepoint region
[2019-12-09T03:39:31.599+0000][1][safepoint    ] Total time for which application threads were stopped: 0.0230622 seconds, Stopping threads took: 0.0229782 seconds
[2019-12-09T03:39:31.599+0000][1][safepoint    ] Application time: 0.0004970 seconds
[2019-12-09T03:39:31.599+0000][1][safepoint    ] Entering safepoint region: RevokeBias
[2019-12-09T03:39:31.599+0000][1][safepoint    ] Leaving safepoint region
[2019-12-09T03:39:31.599+0000][1][safepoint    ] Total time for which application threads were stopped: 0.0000762 seconds, Stopping threads took: 0.0000159 seconds
[2019-12-09T03:39:31.600+0000][1][safepoint    ] Application time: 0.0003962 seconds
[2019-12-09T03:39:31.600+0000][1][safepoint    ] Entering safepoint region: RevokeBias
[2019-12-09T03:39:31.600+0000][1][safepoint    ] Leaving safepoint region
[2019-12-09T03:39:31.600+0000][1][safepoint    ] Total time for which application threads were stopped: 0.0000541 seconds, Stopping threads took: 0.0000118 seconds
[2019-12-09T03:39:31.642+0000][1][safepoint    ] Application time: 0.0420300 seconds
[2019-12-09T03:39:31.669+0000][1][safepoint    ] Entering safepoint region: RevokeBias
[2019-12-09T03:39:31.669+0000][1][safepoint    ] Leaving safepoint region
[2019-12-09T03:39:31.669+0000][1][safepoint    ] Total time for which application threads were stopped: 0.0269540 seconds, Stopping threads took: 0.0268712 seconds
[2019-12-09T03:39:31.718+0000][1][safepoint    ] Application time: 0.0489389 seconds
[2019-12-09T03:39:31.749+0000][1][safepoint    ] Entering safepoint region: RevokeBias
[2019-12-09T03:39:31.749+0000][1][safepoint    ] Leaving safepoint region
[2019-12-09T03:39:31.749+0000][1][safepoint    ] Total time for which application threads were stopped: 0.0310146 seconds, Stopping threads took: 0.0309190 seconds
[2019-12-09T03:39:31.749+0000][1][safepoint    ] Application time: 0.0001790 seconds
[2019-12-09T03:39:31.749+0000][1][safepoint    ] Entering safepoint region: RevokeBias
[2019-12-09T03:39:31.749+0000][1][safepoint    ] Leaving safepoint region
[2019-12-09T03:39:31.749+0000][1][safepoint    ] Total time for which application threads were stopped: 0.0000794 seconds, Stopping threads took: 0.0000111 seconds
[2019-12-09T03:39:31.753+0000][1][safepoint    ] Application time: 0.0034927 seconds
[2019-12-09T03:39:31.753+0000][1][safepoint    ] Entering safepoint region: RevokeBias
[2019-12-09T03:39:31.753+0000][1][safepoint    ] Leaving safepoint region
[2019-12-09T03:39:31.753+0000][1][safepoint    ] Total time for which application threads were stopped: 0.0000753 seconds, Stopping threads took: 0.0000138 seconds
[2019-12-09T03:39:31.776+0000][1][safepoint    ] Application time: 0.0228035 seconds
[2019-12-09T03:39:31.776+0000][1][safepoint    ] Entering safepoint region: RevokeBias
[2019-12-09T03:39:31.776+0000][1][safepoint    ] Leaving safepoint region
[2019-12-09T03:39:31.776+0000][1][safepoint    ] Total time for which application threads were stopped: 0.0002073 seconds, Stopping threads took: 0.0001089 seconds
[2019-12-09T03:39:31.780+0000][1][safepoint    ] Application time: 0.0037071 seconds
[2019-12-09T03:39:31.784+0000][1][safepoint    ] Entering safepoint region: RevokeBias
[2019-12-09T03:39:31.784+0000][1][safepoint    ] Leaving safepoint region
[2019-12-09T03:39:31.784+0000][1][safepoint    ] Total time for which application threads were stopped: 0.0043902 seconds, Stopping threads took: 0.0043147 seconds
[2019-12-09T03:39:31.784+0000][1][safepoint    ] Application time: 0.0001104 seconds
[2019-12-09T03:39:31.784+0000][1][safepoint    ] Entering safepoint region: RevokeBias
[2019-12-09T03:39:31.784+0000][1][safepoint    ] Leaving safepoint region
[2019-12-09T03:39:31.784+0000][1][safepoint    ] Total time for which application threads were stopped: 0.0000578 seconds, Stopping threads took: 0.0000096 seconds
[2019-12-09T03:39:31.788+0000][1][safepoint    ] Application time: 0.0033309 seconds
[2019-12-09T03:39:31.788+0000][1][safepoint    ] Entering safepoint region: RevokeBias
[2019-12-09T03:39:31.788+0000][1][safepoint    ] Leaving safepoint region
[2019-12-09T03:39:31.788+0000][1][safepoint    ] Total time for which application threads were stopped: 0.0001226 seconds, Stopping threads took: 0.0000122 seconds
[2019-12-09T03:39:31.788+0000][1][safepoint    ] Application time: 0.0002030 seconds
[2019-12-09T03:39:31.788+0000][1][safepoint    ] Entering safepoint region: RevokeBias
[2019-12-09T03:39:31.788+0000][1][safepoint    ] Leaving safepoint region
[2019-12-09T03:39:31.788+0000][1][safepoint    ] Total time for which application threads were stopped: 0.0000571 seconds, Stopping threads took: 0.0000105 seconds
[2019-12-09T03:39:31.789+0000][1][safepoint    ] Application time: 0.0007925 seconds
[2019-12-09T03:39:31.789+0000][1][safepoint    ] Entering safepoint region: RevokeBias
[2019-12-09T03:39:31.789+0000][1][safepoint    ] Leaving safepoint region
[2019-12-09T03:39:31.789+0000][1][safepoint    ] Total time for which application threads were stopped: 0.0000703 seconds, Stopping threads took: 0.0000211 seconds
[2019-12-09T03:39:31.789+0000][1][safepoint    ] Application time: 0.0000794 seconds
[2019-12-09T03:39:31.789+0000][1][safepoint    ] Entering safepoint region: RevokeBias
[2019-12-09T03:39:31.789+0000][1][safepoint    ] Leaving safepoint region
[2019-12-09T03:39:31.789+0000][1][safepoint    ] Total time for which application threads were stopped: 0.0000572 seconds, Stopping threads took: 0.0000079 seconds
[2019-12-09T03:39:31.790+0000][1][safepoint    ] Application time: 0.0006240 seconds
[2019-12-09T03:39:31.790+0000][1][safepoint    ] Entering safepoint region: RevokeBias
[2019-12-09T03:39:31.790+0000][1][safepoint    ] Leaving safepoint region
[2019-12-09T03:39:31.790+0000][1][safepoint    ] Total time for which application threads were stopped: 0.0000862 seconds, Stopping threads took: 0.0000117 seconds
[2019-12-09T03:39:31.794+0000][1][safepoint    ] Application time: 0.0043849 seconds
[2019-12-09T03:39:31.834+0000][1][safepoint    ] Entering safepoint region: RevokeBias
[2019-12-09T03:39:31.834+0000][1][safepoint    ] Leaving safepoint region
[2019-12-09T03:39:31.834+0000][1][safepoint    ] Total time for which application threads were stopped: 0.0397457 seconds, Stopping threads took: 0.0396239 seconds
[2019-12-09T03:39:31.835+0000][1][safepoint    ] Application time: 0.0013831 seconds
[2019-12-09T03:39:31.835+0000][1][safepoint    ] Entering safepoint region: RevokeBias
[2019-12-09T03:39:31.835+0000][1][safepoint    ] Leaving safepoint region
[2019-12-09T03:39:31.835+0000][1][safepoint    ] Total time for which application threads were stopped: 0.0000959 seconds, Stopping threads took: 0.0000245 seconds
[2019-12-09T03:39:31.839+0000][1][safepoint    ] Application time: 0.0039272 seconds
[2019-12-09T03:39:31.839+0000][1][safepoint    ] Entering safepoint region: RevokeBias
[2019-12-09T03:39:31.839+0000][1][safepoint    ] Leaving safepoint region
[2019-12-09T03:39:31.839+0000][1][safepoint    ] Total time for which application threads were stopped: 0.0000801 seconds, Stopping threads took: 0.0000209 seconds
[2019-12-09T03:39:31.842+0000][1][safepoint    ] Application time: 0.0022639 seconds
[2019-12-09T03:39:31.842+0000][1][safepoint    ] Entering safepoint region: RevokeBias
[2019-12-09T03:39:31.842+0000][1][safepoint    ] Leaving safepoint region
[2019-12-09T03:39:31.842+0000][1][safepoint    ] Total time for which application threads were stopped: 0.0001411 seconds, Stopping threads took: 0.0000135 seconds
[2019-12-09T03:39:31.842+0000][1][safepoint    ] Application time: 0.0001509 seconds
[2019-12-09T03:39:31.842+0000][1][safepoint    ] Entering safepoint region: RevokeBias
[2019-12-09T03:39:31.842+0000][1][safepoint    ] Leaving safepoint region
[2019-12-09T03:39:31.842+0000][1][safepoint    ] Total time for which application threads were stopped: 0.0000752 seconds, Stopping threads took: 0.0000104 seconds
[2019-12-09T03:39:31.843+0000][1][safepoint    ] Application time: 0.0006476 seconds
[2019-12-09T03:39:31.843+0000][1][safepoint    ] Entering safepoint region: RevokeBias
[2019-12-09T03:39:31.843+0000][1][safepoint    ] Leaving safepoint region
[2019-12-09T03:39:31.843+0000][1][safepoint    ] Total time for which application threads were stopped: 0.0000816 seconds, Stopping threads took: 0.0000116 seconds
[2019-12-09T03:39:31.844+0000][1][safepoint    ] Application time: 0.0009035 seconds
[2019-12-09T03:39:31.844+0000][1][safepoint    ] Entering safepoint region: RevokeBias
[2019-12-09T03:39:31.844+0000][1][safepoint    ] Leaving safepoint region
[2019-12-09T03:39:31.844+0000][1][safepoint    ] Total time for which application threads were stopped: 0.0000743 seconds, Stopping threads took: 0.0000131 seconds
[2019-12-09T03:39:31.848+0000][1][safepoint    ] Application time: 0.0041542 seconds
[2019-12-09T03:39:31.848+0000][1][safepoint    ] Entering safepoint region: RevokeBias
[2019-12-09T03:39:31.848+0000][1][safepoint    ] Leaving safepoint region
[2019-12-09T03:39:31.848+0000][1][safepoint    ] Total time for which application threads were stopped: 0.0000682 seconds, Stopping threads took: 0.0000117 seconds
[2019-12-09T03:39:31.849+0000][1][safepoint    ] Application time: 0.0003700 seconds
[2019-12-09T03:39:31.849+0000][1][safepoint    ] Entering safepoint region: RevokeBias
[2019-12-09T03:39:31.849+0000][1][safepoint    ] Leaving safepoint region
[2019-12-09T03:39:31.849+0000][1][safepoint    ] Total time for which application threads were stopped: 0.0000946 seconds, Stopping threads took: 0.0000112 seconds
[2019-12-09T03:39:31.849+0000][1][safepoint    ] Application time: 0.0000858 seconds
[2019-12-09T03:39:31.849+0000][1][safepoint    ] Entering safepoint region: RevokeBias
[2019-12-09T03:39:31.849+0000][1][safepoint    ] Leaving safepoint region
[2019-12-09T03:39:31.849+0000][1][safepoint    ] Total time for which application threads were stopped: 0.0000671 seconds, Stopping threads took: 0.0000100 seconds
[2019-12-09T03:39:31.875+0000][1][safepoint    ] Application time: 0.0259541 seconds
[2019-12-09T03:39:31.875+0000][1][safepoint    ] Entering safepoint region: RevokeBias
[2019-12-09T03:39:31.875+0000][1][safepoint    ] Leaving safepoint region
[2019-12-09T03:39:31.875+0000][1][safepoint    ] Total time for which application threads were stopped: 0.0001574 seconds, Stopping threads took: 0.0000856 seconds
[2019-12-09T03:39:31.875+0000][1][safepoint    ] Application time: 0.0002698 seconds
[2019-12-09T03:39:31.875+0000][1][safepoint    ] Entering safepoint region: RevokeBias
[2019-12-09T03:39:31.875+0000][1][safepoint    ] Leaving safepoint region
[2019-12-09T03:39:31.875+0000][1][safepoint    ] Total time for which application threads were stopped: 0.0000688 seconds, Stopping threads took: 0.0000123 seconds
[2019-12-09T03:39:31.875+0000][1][safepoint    ] Application time: 0.0000611 seconds
[2019-12-09T03:39:31.875+0000][1][safepoint    ] Entering safepoint region: RevokeBias
[2019-12-09T03:39:31.875+0000][1][safepoint    ] Leaving safepoint region
[2019-12-09T03:39:31.875+0000][1][safepoint    ] Total time for which application threads were stopped: 0.0000535 seconds, Stopping threads took: 0.0000094 seconds
[2019-12-09T03:39:31.887+0000][1][safepoint    ] Application time: 0.0114962 seconds
[2019-12-09T03:39:31.937+0000][1][safepoint    ] Entering safepoint region: RevokeBias
[2019-12-09T03:39:31.937+0000][1][safepoint    ] Leaving safepoint region
[2019-12-09T03:39:31.937+0000][1][safepoint    ] Total time for which application threads were stopped: 0.0499709 seconds, Stopping threads took: 0.0498734 seconds
[2019-12-09T03:39:31.940+0000][1][safepoint    ] Application time: 0.0027398 seconds
[2019-12-09T03:39:31.940+0000][1][safepoint    ] Entering safepoint region: RevokeBias
[2019-12-09T03:39:31.940+0000][1][safepoint    ] Leaving safepoint region
[2019-12-09T03:39:31.940+0000][1][safepoint    ] Total time for which application threads were stopped: 0.0000917 seconds, Stopping threads took: 0.0000150 seconds
[2019-12-09T03:39:31.940+0000][1][safepoint    ] Application time: 0.0000828 seconds
[2019-12-09T03:39:31.940+0000][1][safepoint    ] Entering safepoint region: RevokeBias
[2019-12-09T03:39:31.940+0000][1][safepoint    ] Leaving safepoint region
[2019-12-09T03:39:31.940+0000][1][safepoint    ] Total time for which application threads were stopped: 0.0000738 seconds, Stopping threads took: 0.0000076 seconds
[2019-12-09T03:39:31.940+0000][1][safepoint    ] Application time: 0.0001101 seconds
[2019-12-09T03:39:31.940+0000][1][safepoint    ] Entering safepoint region: RevokeBias
[2019-12-09T03:39:31.940+0000][1][safepoint    ] Leaving safepoint region
[2019-12-09T03:39:31.940+0000][1][safepoint    ] Total time for which application threads were stopped: 0.0000551 seconds, Stopping threads took: 0.0000085 seconds
[2019-12-09T03:39:31.940+0000][1][safepoint    ] Application time: 0.0000736 seconds
[2019-12-09T03:39:31.940+0000][1][safepoint    ] Entering safepoint region: RevokeBias
[2019-12-09T03:39:31.940+0000][1][safepoint    ] Leaving safepoint region
[2019-12-09T03:39:31.940+0000][1][safepoint    ] Total time for which application threads were stopped: 0.0000528 seconds, Stopping threads took: 0.0000081 seconds
[2019-12-09T03:39:31.941+0000][1][safepoint    ] Application time: 0.0006740 seconds
[2019-12-09T03:39:31.941+0000][1][safepoint    ] Entering safepoint region: RevokeBias
[2019-12-09T03:39:31.941+0000][1][safepoint    ] Leaving safepoint region
[2019-12-09T03:39:31.941+0000][1][safepoint    ] Total time for which application threads were stopped: 0.0000730 seconds, Stopping threads took: 0.0000124 seconds
[2019-12-09T03:39:31.942+0000][1][safepoint    ] Application time: 0.0006483 seconds
[2019-12-09T03:39:31.942+0000][1][safepoint    ] Entering safepoint region: RevokeBias
[2019-12-09T03:39:31.942+0000][1][safepoint    ] Leaving safepoint region
[2019-12-09T03:39:31.942+0000][1][safepoint    ] Total time for which application threads were stopped: 0.0000882 seconds, Stopping threads took: 0.0000122 seconds
[2019-12-09T03:39:31.942+0000][1][safepoint    ] Application time: 0.0001473 seconds
[2019-12-09T03:39:31.942+0000][1][safepoint    ] Entering safepoint region: RevokeBias
[2019-12-09T03:39:31.942+0000][1][safepoint    ] Leaving safepoint region
[2019-12-09T03:39:31.942+0000][1][safepoint    ] Total time for which application threads were stopped: 0.0000785 seconds, Stopping threads took: 0.0000101 seconds
[2019-12-09T03:39:31.942+0000][1][safepoint    ] Application time: 0.0001507 seconds
[2019-12-09T03:39:31.942+0000][1][safepoint    ] Entering safepoint region: RevokeBias
[2019-12-09T03:39:31.942+0000][1][safepoint    ] Leaving safepoint region
[2019-12-09T03:39:31.942+0000][1][safepoint    ] Total time for which application threads were stopped: 0.0000554 seconds, Stopping threads took: 0.0000090 seconds
[2019-12-09T03:39:31.943+0000][1][safepoint    ] Application time: 0.0005628 seconds
[2019-12-09T03:39:31.943+0000][1][safepoint    ] Entering safepoint region: RevokeBias
[2019-12-09T03:39:31.943+0000][1][safepoint    ] Leaving safepoint region
[2019-12-09T03:39:31.943+0000][1][safepoint    ] Total time for which application threads were stopped: 0.0000670 seconds, Stopping threads took: 0.0000121 seconds
[2019-12-09T03:39:31.943+0000][1][safepoint    ] Application time: 0.0000862 seconds
[2019-12-09T03:39:31.943+0000][1][safepoint    ] Entering safepoint region: RevokeBias
[2019-12-09T03:39:31.943+0000][1][safepoint    ] Leaving safepoint region
[2019-12-09T03:39:31.943+0000][1][safepoint    ] Total time for which application threads were stopped: 0.0000554 seconds, Stopping threads took: 0.0000093 seconds
[2019-12-09T03:39:31.943+0000][1][safepoint    ] Application time: 0.0002773 seconds
[2019-12-09T03:39:31.943+0000][1][safepoint    ] Entering safepoint region: RevokeBias
[2019-12-09T03:39:31.943+0000][1][safepoint    ] Leaving safepoint region
[2019-12-09T03:39:31.944+0000][1][safepoint    ] Total time for which application threads were stopped: 0.0000617 seconds, Stopping threads took: 0.0000103 seconds
[2019-12-09T03:39:31.944+0000][1][safepoint    ] Application time: 0.0002230 seconds
[2019-12-09T03:39:31.944+0000][1][safepoint    ] Entering safepoint region: RevokeBias
[2019-12-09T03:39:31.944+0000][1][safepoint    ] Leaving safepoint region
[2019-12-09T03:39:31.944+0000][1][safepoint    ] Total time for which application threads were stopped: 0.0000575 seconds, Stopping threads took: 0.0000112 seconds
[2019-12-09T03:39:31.944+0000][1][safepoint    ] Application time: 0.0004321 seconds
[2019-12-09T03:39:31.944+0000][1][safepoint    ] Entering safepoint region: RevokeBias
[2019-12-09T03:39:31.944+0000][1][safepoint    ] Leaving safepoint region
[2019-12-09T03:39:31.944+0000][1][safepoint    ] Total time for which application threads were stopped: 0.0000596 seconds, Stopping threads took: 0.0000112 seconds
[2019-12-09T03:39:31.945+0000][1][safepoint    ] Application time: 0.0009796 seconds
[2019-12-09T03:39:31.945+0000][1][safepoint    ] Entering safepoint region: RevokeBias
[2019-12-09T03:39:31.945+0000][1][safepoint    ] Leaving safepoint region
[2019-12-09T03:39:31.945+0000][1][safepoint    ] Total time for which application threads were stopped: 0.0000653 seconds, Stopping threads took: 0.0000133 seconds
[2019-12-09T03:39:31.946+0000][1][safepoint    ] Application time: 0.0001075 seconds
[2019-12-09T03:39:31.946+0000][1][safepoint    ] Entering safepoint region: RevokeBias
[2019-12-09T03:39:31.946+0000][1][safepoint    ] Leaving safepoint region
[2019-12-09T03:39:31.946+0000][1][safepoint    ] Total time for which application threads were stopped: 0.0000533 seconds, Stopping threads took: 0.0000094 seconds
[2019-12-09T03:39:31.947+0000][1][safepoint    ] Application time: 0.0014760 seconds
[2019-12-09T03:39:31.947+0000][1][safepoint    ] Entering safepoint region: RevokeBias
[2019-12-09T03:39:31.947+0000][1][safepoint    ] Leaving safepoint region
[2019-12-09T03:39:31.947+0000][1][safepoint    ] Total time for which application threads were stopped: 0.0000580 seconds, Stopping threads took: 0.0000117 seconds
[2019-12-09T03:39:31.947+0000][1][safepoint    ] Application time: 0.0002008 seconds
[2019-12-09T03:39:31.947+0000][1][safepoint    ] Entering safepoint region: RevokeBias
[2019-12-09T03:39:31.947+0000][1][safepoint    ] Leaving safepoint region
[2019-12-09T03:39:31.947+0000][1][safepoint    ] Total time for which application threads were stopped: 0.0000541 seconds, Stopping threads took: 0.0000095 seconds
[2019-12-09T03:39:31.947+0000][1][safepoint    ] Application time: 0.0000676 seconds
[2019-12-09T03:39:31.948+0000][1][safepoint    ] Entering safepoint region: RevokeBias
[2019-12-09T03:39:31.948+0000][1][safepoint    ] Leaving safepoint region
[2019-12-09T03:39:31.948+0000][1][safepoint    ] Total time for which application threads were stopped: 0.0000443 seconds, Stopping threads took: 0.0000083 seconds
[2019-12-09T03:39:31.949+0000][1][safepoint    ] Application time: 0.0014494 seconds
[2019-12-09T03:39:32.013+0000][1][safepoint    ] Entering safepoint region: BulkRevokeBias
[2019-12-09T03:39:32.014+0000][1][safepoint    ] Leaving safepoint region
[2019-12-09T03:39:32.014+0000][1][safepoint    ] Total time for which application threads were stopped: 0.0647223 seconds, Stopping threads took: 0.0643519 seconds
[2019-12-09T03:39:32.014+0000][1][safepoint    ] Application time: 0.0003465 seconds
[2019-12-09T03:39:32.014+0000][1][safepoint    ] Entering safepoint region: RevokeBias
[2019-12-09T03:39:32.014+0000][1][safepoint    ] Leaving safepoint region
[2019-12-09T03:39:32.014+0000][1][safepoint    ] Total time for which application threads were stopped: 0.0001147 seconds, Stopping threads took: 0.0000439 seconds
[2019-12-09T03:39:32.020+0000][1][safepoint    ] Application time: 0.0056145 seconds
[2019-12-09T03:39:32.070+0000][1][safepoint    ] Entering safepoint region: RevokeBias
[2019-12-09T03:39:32.070+0000][1][safepoint    ] Leaving safepoint region
[2019-12-09T03:39:32.070+0000][1][safepoint    ] Total time for which application threads were stopped: 0.0504355 seconds, Stopping threads took: 0.0502903 seconds
[2019-12-09T03:39:32.076+0000][1][safepoint    ] Application time: 0.0058179 seconds
[2019-12-09T03:39:32.076+0000][1][safepoint    ] Entering safepoint region: RevokeBias
[2019-12-09T03:39:32.076+0000][1][safepoint    ] Leaving safepoint region
[2019-12-09T03:39:32.076+0000][1][safepoint    ] Total time for which application threads were stopped: 0.0001608 seconds, Stopping threads took: 0.0000164 seconds
[2019-12-09T03:39:32.082+0000][1][safepoint    ] Application time: 0.0057309 seconds
[2019-12-09T03:39:32.085+0000][1][safepoint    ] Entering safepoint region: RevokeBias
[2019-12-09T03:39:32.085+0000][1][safepoint    ] Leaving safepoint region
[2019-12-09T03:39:32.085+0000][1][safepoint    ] Total time for which application threads were stopped: 0.0027087 seconds, Stopping threads took: 0.0026236 seconds
[2019-12-09T03:39:32.092+0000][1][safepoint    ] Application time: 0.0071936 seconds
[2019-12-09T03:39:32.103+0000][1][safepoint    ] Entering safepoint region: RevokeBias
[2019-12-09T03:39:32.103+0000][1][safepoint    ] Leaving safepoint region
[2019-12-09T03:39:32.103+0000][1][safepoint    ] Total time for which application threads were stopped: 0.0107764 seconds, Stopping threads took: 0.0106916 seconds
[2019-12-09T03:39:32.109+0000][1][safepoint    ] Application time: 0.0058833 seconds
[2019-12-09T03:39:32.145+0000][1][safepoint    ] Entering safepoint region: RevokeBias
[2019-12-09T03:39:32.145+0000][1][safepoint    ] Leaving safepoint region
[2019-12-09T03:39:32.145+0000][1][safepoint    ] Total time for which application threads were stopped: 0.0362961 seconds, Stopping threads took: 0.0361939 seconds
[2019-12-09T03:39:32.145+0000][1][safepoint    ] Application time: 0.0001597 seconds
[2019-12-09T03:39:32.145+0000][1][safepoint    ] Entering safepoint region: RevokeBias
[2019-12-09T03:39:32.145+0000][1][safepoint    ] Leaving safepoint region
[2019-12-09T03:39:32.145+0000][1][safepoint    ] Total time for which application threads were stopped: 0.0000783 seconds, Stopping threads took: 0.0000138 seconds
[2019-12-09T03:39:32.145+0000][1][safepoint    ] Application time: 0.0000849 seconds
[2019-12-09T03:39:32.145+0000][1][safepoint    ] Entering safepoint region: RevokeBias
[2019-12-09T03:39:32.145+0000][1][safepoint    ] Leaving safepoint region
[2019-12-09T03:39:32.145+0000][1][safepoint    ] Total time for which application threads were stopped: 0.0000577 seconds, Stopping threads took: 0.0000096 seconds
[2019-12-09T03:39:32.255+0000][1][safepoint    ] Application time: 0.1090960 seconds
[2019-12-09T03:39:32.255+0000][1][safepoint    ] Entering safepoint region: RevokeBias
[2019-12-09T03:39:32.255+0000][1][safepoint    ] Leaving safepoint region
[2019-12-09T03:39:32.255+0000][1][safepoint    ] Total time for which application threads were stopped: 0.0001575 seconds, Stopping threads took: 0.0000604 seconds
[2019-12-09T03:39:32.256+0000][1][safepoint    ] Application time: 0.0014086 seconds
[2019-12-09T03:39:32.256+0000][1][safepoint    ] Entering safepoint region: RevokeBias
[2019-12-09T03:39:32.256+0000][1][safepoint    ] Leaving safepoint region
[2019-12-09T03:39:32.256+0000][1][safepoint    ] Total time for which application threads were stopped: 0.0000810 seconds, Stopping threads took: 0.0000153 seconds
[2019-12-09T03:39:32.508+0000][1][safepoint    ] Application time: 0.2512415 seconds
[2019-12-09T03:39:32.525+0000][1][safepoint    ] Entering safepoint region: RevokeBias
[2019-12-09T03:39:32.525+0000][1][safepoint    ] Leaving safepoint region
[2019-12-09T03:39:32.525+0000][1][safepoint    ] Total time for which application threads were stopped: 0.0176608 seconds, Stopping threads took: 0.0175590 seconds
[2019-12-09T03:39:32.587+0000][1][safepoint    ] Application time: 0.0618392 seconds
[2019-12-09T03:39:32.587+0000][1][safepoint    ] Entering safepoint region: RevokeBias
[2019-12-09T03:39:32.587+0000][1][safepoint    ] Leaving safepoint region
[2019-12-09T03:39:32.587+0000][1][safepoint    ] Total time for which application threads were stopped: 0.0001279 seconds, Stopping threads took: 0.0000534 seconds
[2019-12-09T03:39:32.592+0000][1][safepoint    ] Application time: 0.0043686 seconds
[2019-12-09T03:39:32.592+0000][1][safepoint    ] Entering safepoint region: RevokeBias
[2019-12-09T03:39:32.592+0000][1][safepoint    ] Leaving safepoint region
[2019-12-09T03:39:32.592+0000][1][safepoint    ] Total time for which application threads were stopped: 0.0005226 seconds, Stopping threads took: 0.0004520 seconds
[2019-12-09T03:39:32.592+0000][1][safepoint    ] Application time: 0.0003299 seconds
[2019-12-09T03:39:32.592+0000][1][safepoint    ] Entering safepoint region: RevokeBias
[2019-12-09T03:39:32.593+0000][1][safepoint    ] Leaving safepoint region
[2019-12-09T03:39:32.593+0000][1][safepoint    ] Total time for which application threads were stopped: 0.0000806 seconds, Stopping threads took: 0.0000137 seconds
[2019-12-09T03:39:32.593+0000][1][safepoint    ] Application time: 0.0004292 seconds
[2019-12-09T03:39:32.593+0000][1][safepoint    ] Entering safepoint region: RevokeBias
[2019-12-09T03:39:32.593+0000][1][safepoint    ] Leaving safepoint region
[2019-12-09T03:39:32.593+0000][1][safepoint    ] Total time for which application threads were stopped: 0.0000704 seconds, Stopping threads took: 0.0000113 seconds
[2019-12-09T03:39:32.593+0000][1][safepoint    ] Application time: 0.0003556 seconds
[2019-12-09T03:39:32.593+0000][1][safepoint    ] Entering safepoint region: RevokeBias
[2019-12-09T03:39:32.594+0000][1][safepoint    ] Leaving safepoint region
[2019-12-09T03:39:32.594+0000][1][safepoint    ] Total time for which application threads were stopped: 0.0000584 seconds, Stopping threads took: 0.0000112 seconds
[2019-12-09T03:39:32.594+0000][1][safepoint    ] Application time: 0.0000457 seconds
[2019-12-09T03:39:32.594+0000][1][safepoint    ] Entering safepoint region: RevokeBias
[2019-12-09T03:39:32.594+0000][1][safepoint    ] Leaving safepoint region
[2019-12-09T03:39:32.594+0000][1][safepoint    ] Total time for which application threads were stopped: 0.0000459 seconds, Stopping threads took: 0.0000092 seconds
[2019-12-09T03:39:32.594+0000][1][safepoint    ] Application time: 0.0000556 seconds
[2019-12-09T03:39:32.594+0000][1][safepoint    ] Entering safepoint region: RevokeBias
[2019-12-09T03:39:32.594+0000][1][safepoint    ] Leaving safepoint region
[2019-12-09T03:39:32.594+0000][1][safepoint    ] Total time for which application threads were stopped: 0.0000466 seconds, Stopping threads took: 0.0000096 seconds
[2019-12-09T03:39:32.606+0000][1][safepoint    ] Application time: 0.0119410 seconds
[2019-12-09T03:39:32.606+0000][1][safepoint    ] Entering safepoint region: RevokeBias
[2019-12-09T03:39:32.606+0000][1][safepoint    ] Leaving safepoint region
[2019-12-09T03:39:32.606+0000][1][safepoint    ] Total time for which application threads were stopped: 0.0001363 seconds, Stopping threads took: 0.0000812 seconds
[2019-12-09T03:39:32.606+0000][1][safepoint    ] Application time: 0.0000679 seconds
[2019-12-09T03:39:32.606+0000][1][safepoint    ] Entering safepoint region: RevokeBias
[2019-12-09T03:39:32.606+0000][1][safepoint    ] Leaving safepoint region
[2019-12-09T03:39:32.606+0000][1][safepoint    ] Total time for which application threads were stopped: 0.0000427 seconds, Stopping threads took: 0.0000080 seconds
[2019-12-09T03:39:32.617+0000][1][safepoint    ] Application time: 0.0104984 seconds
[2019-12-09T03:39:32.617+0000][1][safepoint    ] Entering safepoint region: RevokeBias
[2019-12-09T03:39:32.617+0000][1][safepoint    ] Leaving safepoint region
[2019-12-09T03:39:32.617+0000][1][safepoint    ] Total time for which application threads were stopped: 0.0000656 seconds, Stopping threads took: 0.0000136 seconds
[2019-12-09T03:39:32.692+0000][1][safepoint    ] Application time: 0.0758299 seconds
[2019-12-09T03:39:32.692+0000][1][safepoint    ] Entering safepoint region: RevokeBias
[2019-12-09T03:39:32.693+0000][1][safepoint    ] Leaving safepoint region
[2019-12-09T03:39:32.693+0000][1][safepoint    ] Total time for which application threads were stopped: 0.0000976 seconds, Stopping threads took: 0.0000171 seconds
[2019-12-09T03:39:32.694+0000][1][safepoint    ] Application time: 0.0016354 seconds
[2019-12-09T03:39:32.694+0000][1][safepoint    ] Entering safepoint region: RevokeBias
[2019-12-09T03:39:32.694+0000][1][safepoint    ] Leaving safepoint region
[2019-12-09T03:39:32.694+0000][1][safepoint    ] Total time for which application threads were stopped: 0.0000775 seconds, Stopping threads took: 0.0000161 seconds
[2019-12-09T03:39:32.695+0000][1][safepoint    ] Application time: 0.0006469 seconds
[2019-12-09T03:39:32.695+0000][1][safepoint    ] Entering safepoint region: RevokeBias
[2019-12-09T03:39:32.695+0000][1][safepoint    ] Leaving safepoint region
[2019-12-09T03:39:32.695+0000][1][safepoint    ] Total time for which application threads were stopped: 0.0000601 seconds, Stopping threads took: 0.0000122 seconds
[2019-12-09T03:39:32.738+0000][1][safepoint    ] Application time: 0.0424819 seconds
[2019-12-09T03:39:32.738+0000][1][safepoint    ] Entering safepoint region: RevokeBias
[2019-12-09T03:39:32.738+0000][1][safepoint    ] Leaving safepoint region
[2019-12-09T03:39:32.738+0000][1][safepoint    ] Total time for which application threads were stopped: 0.0001166 seconds, Stopping threads took: 0.0000533 seconds
[2019-12-09T03:39:32.738+0000][1][safepoint    ] Application time: 0.0004213 seconds
[2019-12-09T03:39:32.738+0000][1][safepoint    ] Entering safepoint region: RevokeBias
[2019-12-09T03:39:32.738+0000][1][safepoint    ] Leaving safepoint region
[2019-12-09T03:39:32.738+0000][1][safepoint    ] Total time for which application threads were stopped: 0.0000622 seconds, Stopping threads took: 0.0000134 seconds
[2019-12-09T03:39:32.804+0000][1][safepoint    ] Application time: 0.0653548 seconds
[2019-12-09T03:39:32.804+0000][1][safepoint    ] Entering safepoint region: RevokeBias
[2019-12-09T03:39:32.804+0000][1][safepoint    ] Leaving safepoint region
[2019-12-09T03:39:32.804+0000][1][safepoint    ] Total time for which application threads were stopped: 0.0000778 seconds, Stopping threads took: 0.0000174 seconds
[2019-12-09T03:39:33.341+0000][1][safepoint    ] Application time: 0.5368960 seconds
[2019-12-09T03:39:33.341+0000][1][safepoint    ] Entering safepoint region: RevokeBias
[2019-12-09T03:39:33.341+0000][1][safepoint    ] Leaving safepoint region
[2019-12-09T03:39:33.341+0000][1][safepoint    ] Total time for which application threads were stopped: 0.0001066 seconds, Stopping threads took: 0.0000205 seconds
[2019-12-09T03:39:33.341+0000][1][safepoint    ] Application time: 0.0004482 seconds
[2019-12-09T03:39:33.341+0000][1][safepoint    ] Entering safepoint region: RevokeBias
[2019-12-09T03:39:33.341+0000][1][safepoint    ] Leaving safepoint region
[2019-12-09T03:39:33.341+0000][1][safepoint    ] Total time for which application threads were stopped: 0.0000662 seconds, Stopping threads took: 0.0000139 seconds
[2019-12-09T03:39:33.395+0000][1][safepoint    ] Application time: 0.0540097 seconds
[2019-12-09T03:39:33.395+0000][1][safepoint    ] Entering safepoint region: RevokeBias
[2019-12-09T03:39:33.395+0000][1][safepoint    ] Leaving safepoint region
[2019-12-09T03:39:33.395+0000][1][safepoint    ] Total time for which application threads were stopped: 0.0000671 seconds, Stopping threads took: 0.0000169 seconds
[2019-12-09T03:39:33.396+0000][1][safepoint    ] Application time: 0.0007977 seconds
[2019-12-09T03:39:33.396+0000][1][safepoint    ] Entering safepoint region: RevokeBias
[2019-12-09T03:39:33.396+0000][1][safepoint    ] Leaving safepoint region
[2019-12-09T03:39:33.396+0000][1][safepoint    ] Total time for which application threads were stopped: 0.0000694 seconds, Stopping threads took: 0.0000145 seconds
[2019-12-09T03:39:33.495+0000][1][safepoint    ] Application time: 0.0985732 seconds
[2019-12-09T03:39:33.540+0000][1][safepoint    ] Entering safepoint region: RevokeBias
[2019-12-09T03:39:33.540+0000][1][safepoint    ] Leaving safepoint region
[2019-12-09T03:39:33.540+0000][1][safepoint    ] Total time for which application threads were stopped: 0.0448120 seconds, Stopping threads took: 0.0446945 seconds
[2019-12-09T03:39:33.559+0000][1][safepoint    ] Application time: 0.0195543 seconds
[2019-12-09T03:39:33.559+0000][1][safepoint    ] Entering safepoint region: RevokeBias
[2019-12-09T03:39:33.559+0000][1][safepoint    ] Leaving safepoint region
[2019-12-09T03:39:33.559+0000][1][safepoint    ] Total time for which application threads were stopped: 0.0001079 seconds, Stopping threads took: 0.0000156 seconds
[2019-12-09T03:39:33.560+0000][1][safepoint    ] Application time: 0.0003619 seconds
[2019-12-09T03:39:33.560+0000][1][safepoint    ] Entering safepoint region: RevokeBias
[2019-12-09T03:39:33.560+0000][1][safepoint    ] Leaving safepoint region
[2019-12-09T03:39:33.560+0000][1][safepoint    ] Total time for which application threads were stopped: 0.0000798 seconds, Stopping threads took: 0.0000134 seconds
[2019-12-09T03:39:33.561+0000][1][safepoint    ] Application time: 0.0009051 seconds
[2019-12-09T03:39:33.561+0000][1][safepoint    ] Entering safepoint region: RevokeBias
[2019-12-09T03:39:33.561+0000][1][safepoint    ] Leaving safepoint region
[2019-12-09T03:39:33.561+0000][1][safepoint    ] Total time for which application threads were stopped: 0.0000957 seconds, Stopping threads took: 0.0000135 seconds
[2019-12-09T03:39:33.578+0000][1][safepoint    ] Application time: 0.0172627 seconds
[2019-12-09T03:39:33.624+0000][1][safepoint    ] Entering safepoint region: RevokeBias
[2019-12-09T03:39:33.624+0000][1][safepoint    ] Leaving safepoint region
[2019-12-09T03:39:33.624+0000][1][safepoint    ] Total time for which application threads were stopped: 0.0456732 seconds, Stopping threads took: 0.0455852 seconds
[2019-12-09T03:39:33.629+0000][1][safepoint    ] Application time: 0.0048691 seconds
[2019-12-09T03:39:33.629+0000][1][safepoint    ] Entering safepoint region: RevokeBias
[2019-12-09T03:39:33.629+0000][1][safepoint    ] Leaving safepoint region
[2019-12-09T03:39:33.629+0000][1][safepoint    ] Total time for which application threads were stopped: 0.0000715 seconds, Stopping threads took: 0.0000125 seconds
[2019-12-09T03:39:33.653+0000][1][safepoint    ] Application time: 0.0241914 seconds
[2019-12-09T03:39:33.653+0000][1][safepoint    ] Entering safepoint region: BulkRevokeBias
[2019-12-09T03:39:33.654+0000][1][safepoint    ] Leaving safepoint region
[2019-12-09T03:39:33.654+0000][1][safepoint    ] Total time for which application threads were stopped: 0.0005378 seconds, Stopping threads took: 0.0000135 seconds
[2019-12-09T03:39:33.698+0000][1][safepoint    ] Application time: 0.0440791 seconds
[2019-12-09T03:39:33.748+0000][1][safepoint    ] Entering safepoint region: RevokeBias
[2019-12-09T03:39:33.748+0000][1][safepoint    ] Leaving safepoint region
[2019-12-09T03:39:33.748+0000][1][safepoint    ] Total time for which application threads were stopped: 0.0501266 seconds, Stopping threads took: 0.0500314 seconds
[2019-12-09T03:39:33.789+0000][1][safepoint    ] Application time: 0.0408554 seconds
[2019-12-09T03:39:33.789+0000][1][safepoint    ] Entering safepoint region: RevokeBias
[2019-12-09T03:39:33.789+0000][1][safepoint    ] Leaving safepoint region
[2019-12-09T03:39:33.789+0000][1][safepoint    ] Total time for which application threads were stopped: 0.0001428 seconds, Stopping threads took: 0.0000786 seconds
[2019-12-09T03:39:33.810+0000][1][safepoint    ] Application time: 0.0209232 seconds
[2019-12-09T03:39:33.820+0000][1][safepoint    ] Entering safepoint region: RevokeBias
[2019-12-09T03:39:33.820+0000][1][safepoint    ] Leaving safepoint region
[2019-12-09T03:39:33.820+0000][1][safepoint    ] Total time for which application threads were stopped: 0.0099695 seconds, Stopping threads took: 0.0099055 seconds
[2019-12-09T03:39:34.279+0000][1][safepoint    ] Application time: 0.4595509 seconds
[2019-12-09T03:39:34.279+0000][1][safepoint    ] Entering safepoint region: RevokeBias
[2019-12-09T03:39:34.279+0000][1][safepoint    ] Leaving safepoint region
[2019-12-09T03:39:34.279+0000][1][safepoint    ] Total time for which application threads were stopped: 0.0000842 seconds, Stopping threads took: 0.0000180 seconds
[2019-12-09T03:39:34.280+0000][1][safepoint    ] Application time: 0.0004255 seconds
[2019-12-09T03:39:34.280+0000][1][safepoint    ] Entering safepoint region: RevokeBias
[2019-12-09T03:39:34.280+0000][1][safepoint    ] Leaving safepoint region
[2019-12-09T03:39:34.280+0000][1][safepoint    ] Total time for which application threads were stopped: 0.0000621 seconds, Stopping threads took: 0.0000123 seconds
[2019-12-09T03:39:34.366+0000][1][safepoint    ] Application time: 0.0863717 seconds
[2019-12-09T03:39:34.366+0000][1][safepoint    ] Entering safepoint region: RevokeBias
[2019-12-09T03:39:34.366+0000][1][safepoint    ] Leaving safepoint region
[2019-12-09T03:39:34.366+0000][1][safepoint    ] Total time for which application threads were stopped: 0.0000925 seconds, Stopping threads took: 0.0000173 seconds
[2019-12-09T03:39:34.367+0000][1][safepoint    ] Application time: 0.0004096 seconds
[2019-12-09T03:39:34.367+0000][1][safepoint    ] Entering safepoint region: RevokeBias
[2019-12-09T03:39:34.367+0000][1][safepoint    ] Leaving safepoint region
[2019-12-09T03:39:34.367+0000][1][safepoint    ] Total time for which application threads were stopped: 0.0000628 seconds, Stopping threads took: 0.0000137 seconds
[2019-12-09T03:39:34.511+0000][1][safepoint    ] Application time: 0.1443592 seconds
[2019-12-09T03:39:34.538+0000][1][safepoint    ] Entering safepoint region: RevokeBias
[2019-12-09T03:39:34.538+0000][1][safepoint    ] Leaving safepoint region
[2019-12-09T03:39:34.538+0000][1][safepoint    ] Total time for which application threads were stopped: 0.0264394 seconds, Stopping threads took: 0.0263693 seconds
[2019-12-09T03:39:34.549+0000][1][safepoint    ] Application time: 0.0109760 seconds
[2019-12-09T03:39:34.549+0000][1][safepoint    ] Entering safepoint region: RevokeBias
[2019-12-09T03:39:34.549+0000][1][safepoint    ] Leaving safepoint region
[2019-12-09T03:39:34.549+0000][1][safepoint    ] Total time for which application threads were stopped: 0.0001207 seconds, Stopping threads took: 0.0000599 seconds
[2019-12-09T03:39:34.590+0000][1][safepoint    ] Application time: 0.0409834 seconds
[2019-12-09T03:39:34.622+0000][1][safepoint    ] Entering safepoint region: RevokeBias
[2019-12-09T03:39:34.622+0000][1][safepoint    ] Leaving safepoint region
[2019-12-09T03:39:34.622+0000][1][safepoint    ] Total time for which application threads were stopped: 0.0318865 seconds, Stopping threads took: 0.0318108 seconds
[2019-12-09T03:39:34.649+0000][1][safepoint    ] Application time: 0.0276222 seconds
[2019-12-09T03:39:34.660+0000][1][safepoint    ] Entering safepoint region: RevokeBias
[2019-12-09T03:39:34.660+0000][1][safepoint    ] Leaving safepoint region
[2019-12-09T03:39:34.660+0000][1][safepoint    ] Total time for which application threads were stopped: 0.0103061 seconds, Stopping threads took: 0.0102261 seconds
[2019-12-09T03:39:34.661+0000][1][safepoint    ] Application time: 0.0007106 seconds
[2019-12-09T03:39:34.661+0000][1][safepoint    ] Entering safepoint region: RevokeBias
[2019-12-09T03:39:34.661+0000][1][safepoint    ] Leaving safepoint region
[2019-12-09T03:39:34.661+0000][1][safepoint    ] Total time for which application threads were stopped: 0.0000636 seconds, Stopping threads took: 0.0000118 seconds
[2019-12-09T03:39:34.661+0000][1][safepoint    ] Application time: 0.0003345 seconds
[2019-12-09T03:39:34.661+0000][1][safepoint    ] Entering safepoint region: RevokeBias
[2019-12-09T03:39:34.661+0000][1][safepoint    ] Leaving safepoint region
[2019-12-09T03:39:34.661+0000][1][safepoint    ] Total time for which application threads were stopped: 0.0000622 seconds, Stopping threads took: 0.0000110 seconds
[2019-12-09T03:39:34.663+0000][1][safepoint    ] Application time: 0.0018812 seconds
[2019-12-09T03:39:34.663+0000][1][safepoint    ] Entering safepoint region: RevokeBias
[2019-12-09T03:39:34.663+0000][1][safepoint    ] Leaving safepoint region
[2019-12-09T03:39:34.663+0000][1][safepoint    ] Total time for which application threads were stopped: 0.0000616 seconds, Stopping threads took: 0.0000115 seconds
[2019-12-09T03:39:34.663+0000][1][safepoint    ] Application time: 0.0003716 seconds
[2019-12-09T03:39:34.663+0000][1][safepoint    ] Entering safepoint region: BulkRevokeBias
[2019-12-09T03:39:34.664+0000][1][safepoint    ] Leaving safepoint region
[2019-12-09T03:39:34.664+0000][1][safepoint    ] Total time for which application threads were stopped: 0.0003796 seconds, Stopping threads took: 0.0000109 seconds
[2019-12-09T03:39:34.664+0000][1][safepoint    ] Application time: 0.0002104 seconds
[2019-12-09T03:39:34.664+0000][1][safepoint    ] Entering safepoint region: RevokeBias
[2019-12-09T03:39:34.664+0000][1][safepoint    ] Leaving safepoint region
[2019-12-09T03:39:34.664+0000][1][safepoint    ] Total time for which application threads were stopped: 0.0000475 seconds, Stopping threads took: 0.0000093 seconds
[2019-12-09T03:39:34.664+0000][1][safepoint    ] Application time: 0.0002816 seconds
[2019-12-09T03:39:34.664+0000][1][safepoint    ] Entering safepoint region: RevokeBias
[2019-12-09T03:39:34.664+0000][1][safepoint    ] Leaving safepoint region
[2019-12-09T03:39:34.664+0000][1][safepoint    ] Total time for which application threads were stopped: 0.0000536 seconds, Stopping threads took: 0.0000114 seconds
[2019-12-09T03:39:34.778+0000][1][safepoint    ] Application time: 0.1132928 seconds
[2019-12-09T03:39:34.786+0000][1][safepoint    ] Entering safepoint region: RevokeBias
[2019-12-09T03:39:34.786+0000][1][safepoint    ] Leaving safepoint region
[2019-12-09T03:39:34.786+0000][1][safepoint    ] Total time for which application threads were stopped: 0.0079446 seconds, Stopping threads took: 0.0078450 seconds
[2019-12-09T03:39:34.786+0000][1][safepoint    ] Application time: 0.0005713 seconds
[2019-12-09T03:39:34.786+0000][1][safepoint    ] Entering safepoint region: RevokeBias
[2019-12-09T03:39:34.786+0000][1][safepoint    ] Leaving safepoint region
[2019-12-09T03:39:34.786+0000][1][safepoint    ] Total time for which application threads were stopped: 0.0000844 seconds, Stopping threads took: 0.0000142 seconds
[2019-12-09T03:39:34.814+0000][1][safepoint    ] Application time: 0.0273348 seconds
[2019-12-09T03:39:34.814+0000][1][safepoint    ] Entering safepoint region: RevokeBias
[2019-12-09T03:39:34.814+0000][1][safepoint    ] Leaving safepoint region
[2019-12-09T03:39:34.814+0000][1][safepoint    ] Total time for which application threads were stopped: 0.0001431 seconds, Stopping threads took: 0.0000742 seconds
[2019-12-09T03:39:34.815+0000][1][safepoint    ] Application time: 0.0012416 seconds
[2019-12-09T03:39:34.815+0000][1][safepoint    ] Entering safepoint region: RevokeBias
[2019-12-09T03:39:34.815+0000][1][safepoint    ] Leaving safepoint region
[2019-12-09T03:39:34.815+0000][1][safepoint    ] Total time for which application threads were stopped: 0.0000710 seconds, Stopping threads took: 0.0000136 seconds
[2019-12-09T03:39:34.837+0000][1][safepoint    ] Application time: 0.0220188 seconds
[2019-12-09T03:39:34.837+0000][1][safepoint    ] Entering safepoint region: RevokeBias
[2019-12-09T03:39:34.837+0000][1][safepoint    ] Leaving safepoint region
[2019-12-09T03:39:34.837+0000][1][safepoint    ] Total time for which application threads were stopped: 0.0000678 seconds, Stopping threads took: 0.0000139 seconds
[2019-12-09T03:39:34.838+0000][1][safepoint    ] Application time: 0.0003121 seconds
[2019-12-09T03:39:34.838+0000][1][safepoint    ] Entering safepoint region: RevokeBias
[2019-12-09T03:39:34.838+0000][1][safepoint    ] Leaving safepoint region
[2019-12-09T03:39:34.838+0000][1][safepoint    ] Total time for which application threads were stopped: 0.0000752 seconds, Stopping threads took: 0.0000289 seconds
[2019-12-09T03:39:34.846+0000][1][safepoint    ] Application time: 0.0086203 seconds
[2019-12-09T03:39:34.846+0000][1][safepoint    ] Entering safepoint region: RevokeBias
[2019-12-09T03:39:34.846+0000][1][safepoint    ] Leaving safepoint region
[2019-12-09T03:39:34.846+0000][1][safepoint    ] Total time for which application threads were stopped: 0.0000577 seconds, Stopping threads took: 0.0000130 seconds
[2019-12-09T03:39:34.939+0000][1][safepoint    ] Application time: 0.0928779 seconds
[2019-12-09T03:39:34.939+0000][1][safepoint    ] Entering safepoint region: RevokeBias
[2019-12-09T03:39:34.939+0000][1][safepoint    ] Leaving safepoint region
[2019-12-09T03:39:34.939+0000][1][safepoint    ] Total time for which application threads were stopped: 0.0000861 seconds, Stopping threads took: 0.0000170 seconds
[2019-12-09T03:39:35.006+0000][1][safepoint    ] Application time: 0.0663879 seconds
[2019-12-09T03:39:35.006+0000][1][safepoint    ] Entering safepoint region: RevokeBias
[2019-12-09T03:39:35.006+0000][1][safepoint    ] Leaving safepoint region
[2019-12-09T03:39:35.006+0000][1][safepoint    ] Total time for which application threads were stopped: 0.0001082 seconds, Stopping threads took: 0.0000179 seconds
[2019-12-09T03:39:35.006+0000][1][safepoint    ] Application time: 0.0002563 seconds
[2019-12-09T03:39:35.006+0000][1][safepoint    ] Entering safepoint region: RevokeBias
[2019-12-09T03:39:35.006+0000][1][safepoint    ] Leaving safepoint region
[2019-12-09T03:39:35.006+0000][1][safepoint    ] Total time for which application threads were stopped: 0.0000670 seconds, Stopping threads took: 0.0000096 seconds
[2019-12-09T03:39:35.006+0000][1][safepoint    ] Application time: 0.0001119 seconds
[2019-12-09T03:39:35.006+0000][1][safepoint    ] Entering safepoint region: RevokeBias
[2019-12-09T03:39:35.006+0000][1][safepoint    ] Leaving safepoint region
[2019-12-09T03:39:35.007+0000][1][safepoint    ] Total time for which application threads were stopped: 0.0000463 seconds, Stopping threads took: 0.0000084 seconds
[2019-12-09T03:39:35.007+0000][1][safepoint    ] Application time: 0.0001546 seconds
[2019-12-09T03:39:35.007+0000][1][safepoint    ] Entering safepoint region: RevokeBias
[2019-12-09T03:39:35.007+0000][1][safepoint    ] Leaving safepoint region
[2019-12-09T03:39:35.007+0000][1][safepoint    ] Total time for which application threads were stopped: 0.0000727 seconds, Stopping threads took: 0.0000282 seconds
[2019-12-09T03:39:35.007+0000][1][safepoint    ] Application time: 0.0002816 seconds
[2019-12-09T03:39:35.007+0000][1][safepoint    ] Entering safepoint region: RevokeBias
[2019-12-09T03:39:35.007+0000][1][safepoint    ] Leaving safepoint region
[2019-12-09T03:39:35.007+0000][1][safepoint    ] Total time for which application threads were stopped: 0.0000607 seconds, Stopping threads took: 0.0000104 seconds
[2019-12-09T03:39:35.007+0000][1][safepoint    ] Application time: 0.0002074 seconds
[2019-12-09T03:39:35.007+0000][1][safepoint    ] Entering safepoint region: RevokeBias
[2019-12-09T03:39:35.007+0000][1][safepoint    ] Leaving safepoint region
[2019-12-09T03:39:35.007+0000][1][safepoint    ] Total time for which application threads were stopped: 0.0000594 seconds, Stopping threads took: 0.0000101 seconds
[2019-12-09T03:39:35.008+0000][1][safepoint    ] Application time: 0.0003565 seconds
[2019-12-09T03:39:35.008+0000][1][safepoint    ] Entering safepoint region: RevokeBias
[2019-12-09T03:39:35.008+0000][1][safepoint    ] Leaving safepoint region
[2019-12-09T03:39:35.008+0000][1][safepoint    ] Total time for which application threads were stopped: 0.0000711 seconds, Stopping threads took: 0.0000108 seconds
[2019-12-09T03:39:35.008+0000][1][safepoint    ] Application time: 0.0001823 seconds
[2019-12-09T03:39:35.008+0000][1][safepoint    ] Entering safepoint region: RevokeBias
[2019-12-09T03:39:35.008+0000][1][safepoint    ] Leaving safepoint region
[2019-12-09T03:39:35.008+0000][1][safepoint    ] Total time for which application threads were stopped: 0.0000516 seconds, Stopping threads took: 0.0000087 seconds
[2019-12-09T03:39:35.008+0000][1][safepoint    ] Application time: 0.0000947 seconds
[2019-12-09T03:39:35.008+0000][1][safepoint    ] Entering safepoint region: RevokeBias
[2019-12-09T03:39:35.008+0000][1][safepoint    ] Leaving safepoint region
[2019-12-09T03:39:35.008+0000][1][safepoint    ] Total time for which application threads were stopped: 0.0000453 seconds, Stopping threads took: 0.0000076 seconds
[2019-12-09T03:39:35.008+0000][1][safepoint    ] Application time: 0.0001388 seconds
[2019-12-09T03:39:35.008+0000][1][safepoint    ] Entering safepoint region: RevokeBias
[2019-12-09T03:39:35.008+0000][1][safepoint    ] Leaving safepoint region
[2019-12-09T03:39:35.008+0000][1][safepoint    ] Total time for which application threads were stopped: 0.0000479 seconds, Stopping threads took: 0.0000083 seconds
[2019-12-09T03:39:35.009+0000][1][safepoint    ] Application time: 0.0002267 seconds
[2019-12-09T03:39:35.009+0000][1][safepoint    ] Entering safepoint region: RevokeBias
[2019-12-09T03:39:35.009+0000][1][safepoint    ] Leaving safepoint region
[2019-12-09T03:39:35.009+0000][1][safepoint    ] Total time for which application threads were stopped: 0.0000625 seconds, Stopping threads took: 0.0000105 seconds
[2019-12-09T03:39:35.009+0000][1][safepoint    ] Application time: 0.0000962 seconds
[2019-12-09T03:39:35.009+0000][1][safepoint    ] Entering safepoint region: RevokeBias
[2019-12-09T03:39:35.009+0000][1][safepoint    ] Leaving safepoint region
[2019-12-09T03:39:35.009+0000][1][safepoint    ] Total time for which application threads were stopped: 0.0000533 seconds, Stopping threads took: 0.0000092 seconds
[2019-12-09T03:39:35.009+0000][1][safepoint    ] Application time: 0.0001924 seconds
[2019-12-09T03:39:35.009+0000][1][safepoint    ] Entering safepoint region: RevokeBias
[2019-12-09T03:39:35.009+0000][1][safepoint    ] Leaving safepoint region
[2019-12-09T03:39:35.009+0000][1][safepoint    ] Total time for which application threads were stopped: 0.0000605 seconds, Stopping threads took: 0.0000099 seconds
[2019-12-09T03:39:35.009+0000][1][safepoint    ] Application time: 0.0001779 seconds
[2019-12-09T03:39:35.009+0000][1][safepoint    ] Entering safepoint region: RevokeBias
[2019-12-09T03:39:35.009+0000][1][safepoint    ] Leaving safepoint region
[2019-12-09T03:39:35.009+0000][1][safepoint    ] Total time for which application threads were stopped: 0.0000575 seconds, Stopping threads took: 0.0000094 seconds
[2019-12-09T03:39:35.014+0000][1][safepoint    ] Application time: 0.0045935 seconds
[2019-12-09T03:39:35.014+0000][1][safepoint    ] Entering safepoint region: RevokeBias
[2019-12-09T03:39:35.014+0000][1][safepoint    ] Leaving safepoint region
[2019-12-09T03:39:35.014+0000][1][safepoint    ] Total time for which application threads were stopped: 0.0001058 seconds, Stopping threads took: 0.0000544 seconds
[2019-12-09T03:39:35.014+0000][1][safepoint    ] Application time: 0.0001970 seconds
[2019-12-09T03:39:35.014+0000][1][safepoint    ] Entering safepoint region: RevokeBias
[2019-12-09T03:39:35.014+0000][1][safepoint    ] Leaving safepoint region
[2019-12-09T03:39:35.014+0000][1][safepoint    ] Total time for which application threads were stopped: 0.0000667 seconds, Stopping threads took: 0.0000103 seconds
[2019-12-09T03:39:35.015+0000][1][safepoint    ] Application time: 0.0002485 seconds
[2019-12-09T03:39:35.015+0000][1][safepoint    ] Entering safepoint region: RevokeBias
[2019-12-09T03:39:35.015+0000][1][safepoint    ] Leaving safepoint region
[2019-12-09T03:39:35.015+0000][1][safepoint    ] Total time for which application threads were stopped: 0.0000645 seconds, Stopping threads took: 0.0000117 seconds
[2019-12-09T03:39:35.015+0000][1][safepoint    ] Application time: 0.0002279 seconds
[2019-12-09T03:39:35.015+0000][1][safepoint    ] Entering safepoint region: BulkRevokeBias
[2019-12-09T03:39:35.015+0000][1][safepoint    ] Leaving safepoint region
[2019-12-09T03:39:35.016+0000][1][safepoint    ] Total time for which application threads were stopped: 0.0004398 seconds, Stopping threads took: 0.0000105 seconds
[2019-12-09T03:39:35.016+0000][1][safepoint    ] Application time: 0.0006575 seconds
[2019-12-09T03:39:35.016+0000][1][safepoint    ] Entering safepoint region: RevokeBias
[2019-12-09T03:39:35.016+0000][1][safepoint    ] Leaving safepoint region
[2019-12-09T03:39:35.016+0000][1][safepoint    ] Total time for which application threads were stopped: 0.0000562 seconds, Stopping threads took: 0.0000100 seconds
[2019-12-09T03:39:35.017+0000][1][safepoint    ] Application time: 0.0005872 seconds
[2019-12-09T03:39:35.017+0000][1][safepoint    ] Entering safepoint region: RevokeBias
[2019-12-09T03:39:35.017+0000][1][safepoint    ] Leaving safepoint region
[2019-12-09T03:39:35.017+0000][1][safepoint    ] Total time for which application threads were stopped: 0.0000566 seconds, Stopping threads took: 0.0000101 seconds
[2019-12-09T03:39:35.018+0000][1][safepoint    ] Application time: 0.0006155 seconds
[2019-12-09T03:39:35.018+0000][1][safepoint    ] Entering safepoint region: RevokeBias
[2019-12-09T03:39:35.018+0000][1][safepoint    ] Leaving safepoint region
[2019-12-09T03:39:35.018+0000][1][safepoint    ] Total time for which application threads were stopped: 0.0000598 seconds, Stopping threads took: 0.0000097 seconds
[2019-12-09T03:39:35.019+0000][1][safepoint    ] Application time: 0.0012063 seconds
[2019-12-09T03:39:35.019+0000][1][safepoint    ] Entering safepoint region: RevokeBias
[2019-12-09T03:39:35.019+0000][1][safepoint    ] Leaving safepoint region
[2019-12-09T03:39:35.019+0000][1][safepoint    ] Total time for which application threads were stopped: 0.0002832 seconds, Stopping threads took: 0.0000108 seconds
[2019-12-09T03:39:35.020+0000][1][safepoint    ] Application time: 0.0005636 seconds
[2019-12-09T03:39:35.020+0000][1][safepoint    ] Entering safepoint region: RevokeBias
[2019-12-09T03:39:35.020+0000][1][safepoint    ] Leaving safepoint region
[2019-12-09T03:39:35.020+0000][1][safepoint    ] Total time for which application threads were stopped: 0.0000800 seconds, Stopping threads took: 0.0000118 seconds
[2019-12-09T03:39:35.318+0000][1][safepoint    ] Application time: 0.2985086 seconds
[2019-12-09T03:39:35.318+0000][1][safepoint    ] Entering safepoint region: RevokeBias
[2019-12-09T03:39:35.318+0000][1][safepoint    ] Leaving safepoint region
[2019-12-09T03:39:35.318+0000][1][safepoint    ] Total time for which application threads were stopped: 0.0000843 seconds, Stopping threads took: 0.0000169 seconds
[2019-12-09T03:39:35.446+0000][1][safepoint    ] Application time: 0.1278908 seconds
[2019-12-09T03:39:35.446+0000][1][safepoint    ] Entering safepoint region: RevokeBias
[2019-12-09T03:39:35.446+0000][1][safepoint    ] Leaving safepoint region
[2019-12-09T03:39:35.446+0000][1][safepoint    ] Total time for which application threads were stopped: 0.0000932 seconds, Stopping threads took: 0.0000175 seconds
[2019-12-09T03:39:35.510+0000][1][safepoint    ] Application time: 0.0637627 seconds
[2019-12-09T03:39:35.521+0000][1][safepoint    ] Entering safepoint region: RevokeBias
[2019-12-09T03:39:35.521+0000][1][safepoint    ] Leaving safepoint region
[2019-12-09T03:39:35.521+0000][1][safepoint    ] Total time for which application threads were stopped: 0.0105866 seconds, Stopping threads took: 0.0105030 seconds
[2019-12-09T03:39:35.583+0000][1][safepoint    ] Application time: 0.0621711 seconds
[2019-12-09T03:39:35.583+0000][1][safepoint    ] Entering safepoint region: RevokeBias
[2019-12-09T03:39:35.583+0000][1][safepoint    ] Leaving safepoint region
[2019-12-09T03:39:35.583+0000][1][safepoint    ] Total time for which application threads were stopped: 0.0001999 seconds, Stopping threads took: 0.0001125 seconds
[2019-12-09T03:39:35.586+0000][1][safepoint    ] Application time: 0.0029191 seconds
[2019-12-09T03:39:35.586+0000][1][safepoint    ] Entering safepoint region: RevokeBias
[2019-12-09T03:39:35.586+0000][1][safepoint    ] Leaving safepoint region
[2019-12-09T03:39:35.586+0000][1][safepoint    ] Total time for which application threads were stopped: 0.0001254 seconds, Stopping threads took: 0.0000572 seconds
[2019-12-09T03:39:35.589+0000][1][safepoint    ] Application time: 0.0024698 seconds
[2019-12-09T03:39:35.589+0000][1][safepoint    ] Entering safepoint region: RevokeBias
[2019-12-09T03:39:35.589+0000][1][safepoint    ] Leaving safepoint region
[2019-12-09T03:39:35.589+0000][1][safepoint    ] Total time for which application threads were stopped: 0.0000640 seconds, Stopping threads took: 0.0000129 seconds
[2019-12-09T03:39:35.589+0000][1][safepoint    ] Application time: 0.0000953 seconds
[2019-12-09T03:39:35.589+0000][1][safepoint    ] Entering safepoint region: RevokeBias
[2019-12-09T03:39:35.589+0000][1][safepoint    ] Leaving safepoint region
[2019-12-09T03:39:35.589+0000][1][safepoint    ] Total time for which application threads were stopped: 0.0000496 seconds, Stopping threads took: 0.0000086 seconds
[2019-12-09T03:39:35.591+0000][1][safepoint    ] Application time: 0.0018132 seconds
[2019-12-09T03:39:35.591+0000][1][safepoint    ] Entering safepoint region: RevokeBias
[2019-12-09T03:39:35.591+0000][1][safepoint    ] Leaving safepoint region
[2019-12-09T03:39:35.591+0000][1][safepoint    ] Total time for which application threads were stopped: 0.0001310 seconds, Stopping threads took: 0.0000742 seconds
[2019-12-09T03:39:35.592+0000][1][safepoint    ] Application time: 0.0013022 seconds
[2019-12-09T03:39:35.592+0000][1][safepoint    ] Entering safepoint region: RevokeBias
[2019-12-09T03:39:35.592+0000][1][safepoint    ] Leaving safepoint region
[2019-12-09T03:39:35.592+0000][1][safepoint    ] Total time for which application threads were stopped: 0.0000623 seconds, Stopping threads took: 0.0000129 seconds
[2019-12-09T03:39:35.616+0000][1][safepoint    ] Application time: 0.0240098 seconds
[2019-12-09T03:39:35.616+0000][1][safepoint    ] Entering safepoint region: RevokeBias
[2019-12-09T03:39:35.617+0000][1][safepoint    ] Leaving safepoint region
[2019-12-09T03:39:35.617+0000][1][safepoint    ] Total time for which application threads were stopped: 0.0001075 seconds, Stopping threads took: 0.0000482 seconds
[2019-12-09T03:39:35.666+0000][1][safepoint    ] Application time: 0.0490872 seconds
[2019-12-09T03:39:35.666+0000][1][safepoint    ] Entering safepoint region: RevokeBias
[2019-12-09T03:39:35.666+0000][1][safepoint    ] Leaving safepoint region
[2019-12-09T03:39:35.666+0000][1][safepoint    ] Total time for which application threads were stopped: 0.0000896 seconds, Stopping threads took: 0.0000180 seconds
[2019-12-09T03:39:35.700+0000][1][safepoint    ] Application time: 0.0342250 seconds
[2019-12-09T03:39:35.700+0000][1][safepoint    ] Entering safepoint region: RevokeBias
[2019-12-09T03:39:35.700+0000][1][safepoint    ] Leaving safepoint region
[2019-12-09T03:39:35.700+0000][1][safepoint    ] Total time for which application threads were stopped: 0.0000877 seconds, Stopping threads took: 0.0000171 seconds
[2019-12-09T03:39:35.705+0000][1][safepoint    ] Application time: 0.0044800 seconds
[2019-12-09T03:39:35.705+0000][1][safepoint    ] Entering safepoint region: RevokeBias
[2019-12-09T03:39:35.705+0000][1][safepoint    ] Leaving safepoint region
[2019-12-09T03:39:35.705+0000][1][safepoint    ] Total time for which application threads were stopped: 0.0000878 seconds, Stopping threads took: 0.0000150 seconds
[2019-12-09T03:39:35.732+0000][1][safepoint    ] Application time: 0.0270281 seconds
[2019-12-09T03:39:35.732+0000][1][safepoint    ] Entering safepoint region: RevokeBias
[2019-12-09T03:39:35.732+0000][1][safepoint    ] Leaving safepoint region
[2019-12-09T03:39:35.732+0000][1][safepoint    ] Total time for which application threads were stopped: 0.0000650 seconds, Stopping threads took: 0.0000153 seconds
[2019-12-09T03:39:35.804+0000][1][safepoint    ] Application time: 0.0721102 seconds
[2019-12-09T03:39:35.804+0000][1][safepoint    ] Entering safepoint region: RevokeBias
[2019-12-09T03:39:35.804+0000][1][safepoint    ] Leaving safepoint region
[2019-12-09T03:39:35.804+0000][1][safepoint    ] Total time for which application threads were stopped: 0.0000871 seconds, Stopping threads took: 0.0000190 seconds
[2019-12-09T03:39:35.805+0000][1][safepoint    ] Application time: 0.0007056 seconds
[2019-12-09T03:39:35.805+0000][1][safepoint    ] Entering safepoint region: BulkRevokeBias
[2019-12-09T03:39:35.805+0000][1][safepoint    ] Leaving safepoint region
[2019-12-09T03:39:35.805+0000][1][safepoint    ] Total time for which application threads were stopped: 0.0003359 seconds, Stopping threads took: 0.0000147 seconds
[2019-12-09T03:39:36.514+0000][1][safepoint    ] Application time: 0.7088941 seconds
[2019-12-09T03:39:36.571+0000][1][safepoint    ] Entering safepoint region: RevokeBias
[2019-12-09T03:39:36.571+0000][1][safepoint    ] Leaving safepoint region
[2019-12-09T03:39:36.571+0000][1][safepoint    ] Total time for which application threads were stopped: 0.0567507 seconds, Stopping threads took: 0.0566493 seconds
[2019-12-09T03:39:36.714+0000][1][safepoint    ] Application time: 0.1430296 seconds
[2019-12-09T03:39:36.741+0000][1][safepoint    ] Entering safepoint region: RevokeBias
[2019-12-09T03:39:36.741+0000][1][safepoint    ] Leaving safepoint region
[2019-12-09T03:39:36.741+0000][1][safepoint    ] Total time for which application threads were stopped: 0.0269649 seconds, Stopping threads took: 0.0268506 seconds
[2019-12-09T03:39:36.747+0000][1][safepoint    ] Application time: 0.0056699 seconds
[2019-12-09T03:39:36.747+0000][1][safepoint    ] Entering safepoint region: RevokeBias
[2019-12-09T03:39:36.747+0000][1][safepoint    ] Leaving safepoint region
[2019-12-09T03:39:36.747+0000][1][safepoint    ] Total time for which application threads were stopped: 0.0001932 seconds, Stopping threads took: 0.0001080 seconds
[2019-12-09T03:39:36.755+0000][1][safepoint    ] Application time: 0.0081695 seconds
[2019-12-09T03:39:36.755+0000][1][safepoint    ] Entering safepoint region: RevokeBias
[2019-12-09T03:39:36.755+0000][1][safepoint    ] Leaving safepoint region
[2019-12-09T03:39:36.755+0000][1][safepoint    ] Total time for which application threads were stopped: 0.0001591 seconds, Stopping threads took: 0.0000480 seconds
[2019-12-09T03:39:36.791+0000][1][safepoint    ] Application time: 0.0363018 seconds
[2019-12-09T03:39:36.818+0000][1][safepoint    ] Entering safepoint region: RevokeBias
[2019-12-09T03:39:36.818+0000][1][safepoint    ] Leaving safepoint region
[2019-12-09T03:39:36.818+0000][1][safepoint    ] Total time for which application threads were stopped: 0.0264190 seconds, Stopping threads took: 0.0263006 seconds
[2019-12-09T03:39:36.818+0000][1][safepoint    ] Application time: 0.0000804 seconds
[2019-12-09T03:39:36.818+0000][1][safepoint    ] Entering safepoint region: RevokeBias
[2019-12-09T03:39:36.818+0000][1][safepoint    ] Leaving safepoint region
[2019-12-09T03:39:36.818+0000][1][safepoint    ] Total time for which application threads were stopped: 0.0000603 seconds, Stopping threads took: 0.0000099 seconds
[2019-12-09T03:39:36.845+0000][1][safepoint    ] Application time: 0.0272528 seconds
[2019-12-09T03:39:36.920+0000][1][safepoint    ] Entering safepoint region: RevokeBias
[2019-12-09T03:39:36.920+0000][1][safepoint    ] Leaving safepoint region
[2019-12-09T03:39:36.920+0000][1][safepoint    ] Total time for which application threads were stopped: 0.0745582 seconds, Stopping threads took: 0.0743873 seconds
[2019-12-09T03:39:36.955+0000][1][safepoint    ] Application time: 0.0355454 seconds
[2019-12-09T03:39:36.956+0000][1][safepoint    ] Entering safepoint region: RevokeBias
[2019-12-09T03:39:36.956+0000][1][safepoint    ] Leaving safepoint region
[2019-12-09T03:39:36.956+0000][1][safepoint    ] Total time for which application threads were stopped: 0.0001313 seconds, Stopping threads took: 0.0000591 seconds
[2019-12-09T03:39:36.957+0000][1][safepoint    ] Application time: 0.0014687 seconds
[2019-12-09T03:39:36.957+0000][1][safepoint    ] Entering safepoint region: RevokeBias
[2019-12-09T03:39:36.957+0000][1][safepoint    ] Leaving safepoint region
[2019-12-09T03:39:36.957+0000][1][safepoint    ] Total time for which application threads were stopped: 0.0000686 seconds, Stopping threads took: 0.0000139 seconds
[2019-12-09T03:39:36.965+0000][1][safepoint    ] Application time: 0.0080832 seconds
[2019-12-09T03:39:36.965+0000][1][safepoint    ] Entering safepoint region: RevokeBias
[2019-12-09T03:39:36.965+0000][1][safepoint    ] Leaving safepoint region
[2019-12-09T03:39:36.965+0000][1][safepoint    ] Total time for which application threads were stopped: 0.0000651 seconds, Stopping threads took: 0.0000126 seconds
[2019-12-09T03:39:37.535+0000][1][safepoint    ] Application time: 0.5694010 seconds
[2019-12-09T03:39:37.549+0000][1][safepoint    ] Entering safepoint region: RevokeBias
[2019-12-09T03:39:37.549+0000][1][safepoint    ] Leaving safepoint region
[2019-12-09T03:39:37.549+0000][1][safepoint    ] Total time for which application threads were stopped: 0.0145938 seconds, Stopping threads took: 0.0144891 seconds
[2019-12-09T03:39:37.553+0000][1][safepoint    ] Application time: 0.0036556 seconds
[2019-12-09T03:39:37.553+0000][1][safepoint    ] Entering safepoint region: RevokeBias
[2019-12-09T03:39:37.553+0000][1][safepoint    ] Leaving safepoint region
[2019-12-09T03:39:37.553+0000][1][safepoint    ] Total time for which application threads were stopped: 0.0001263 seconds, Stopping threads took: 0.0000164 seconds
[2019-12-09T03:39:37.556+0000][1][safepoint    ] Application time: 0.0023811 seconds
[2019-12-09T03:39:37.556+0000][1][safepoint    ] Entering safepoint region: BulkRevokeBias
[2019-12-09T03:39:37.556+0000][1][safepoint    ] Leaving safepoint region
[2019-12-09T03:39:37.556+0000][1][safepoint    ] Total time for which application threads were stopped: 0.0007649 seconds, Stopping threads took: 0.0000141 seconds
[2019-12-09T03:39:37.560+0000][1][safepoint    ] Application time: 0.0034205 seconds
[2019-12-09T03:39:37.560+0000][1][safepoint    ] Entering safepoint region: RevokeBias
[2019-12-09T03:39:37.560+0000][1][safepoint    ] Leaving safepoint region
[2019-12-09T03:39:37.560+0000][1][safepoint    ] Total time for which application threads were stopped: 0.0001242 seconds, Stopping threads took: 0.0000442 seconds
[2019-12-09T03:39:37.561+0000][1][safepoint    ] Application time: 0.0009480 seconds
[2019-12-09T03:39:37.561+0000][1][safepoint    ] Entering safepoint region: RevokeBias
[2019-12-09T03:39:37.561+0000][1][safepoint    ] Leaving safepoint region
[2019-12-09T03:39:37.561+0000][1][safepoint    ] Total time for which application threads were stopped: 0.0005182 seconds, Stopping threads took: 0.0000124 seconds
[2019-12-09T03:39:37.606+0000][1][safepoint    ] Application time: 0.0445735 seconds
[2019-12-09T03:39:37.667+0000][1][safepoint    ] Entering safepoint region: RevokeBias
[2019-12-09T03:39:37.667+0000][1][safepoint    ] Leaving safepoint region
[2019-12-09T03:39:37.667+0000][1][safepoint    ] Total time for which application threads were stopped: 0.0607609 seconds, Stopping threads took: 0.0606703 seconds
[2019-12-09T03:39:37.671+0000][1][safepoint    ] Application time: 0.0040325 seconds
[2019-12-09T03:39:37.671+0000][1][safepoint    ] Entering safepoint region: RevokeBias
[2019-12-09T03:39:37.671+0000][1][safepoint    ] Leaving safepoint region
[2019-12-09T03:39:37.671+0000][1][safepoint    ] Total time for which application threads were stopped: 0.0001119 seconds, Stopping threads took: 0.0000414 seconds
[2019-12-09T03:39:37.767+0000][1][safepoint    ] Application time: 0.0955355 seconds
[2019-12-09T03:39:37.767+0000][1][safepoint    ] Entering safepoint region: RevokeBias
[2019-12-09T03:39:37.767+0000][1][safepoint    ] Leaving safepoint region
[2019-12-09T03:39:37.767+0000][1][safepoint    ] Total time for which application threads were stopped: 0.0001742 seconds, Stopping threads took: 0.0000910 seconds
[2019-12-09T03:39:37.770+0000][1][safepoint    ] Application time: 0.0033406 seconds
[2019-12-09T03:39:37.815+0000][1][safepoint    ] Entering safepoint region: RevokeBias
[2019-12-09T03:39:37.815+0000][1][safepoint    ] Leaving safepoint region
[2019-12-09T03:39:37.815+0000][1][safepoint    ] Total time for which application threads were stopped: 0.0448422 seconds, Stopping threads took: 0.0447473 seconds
[2019-12-09T03:39:37.911+0000][1][safepoint    ] Application time: 0.0958852 seconds
[2019-12-09T03:39:37.911+0000][1][safepoint    ] Entering safepoint region: RevokeBias
[2019-12-09T03:39:37.911+0000][1][safepoint    ] Leaving safepoint region
[2019-12-09T03:39:37.911+0000][1][safepoint    ] Total time for which application threads were stopped: 0.0001037 seconds, Stopping threads took: 0.0000199 seconds
[2019-12-09T03:39:37.945+0000][1][safepoint    ] Application time: 0.0343248 seconds
[2019-12-09T03:39:37.945+0000][1][safepoint    ] Entering safepoint region: RevokeBias
[2019-12-09T03:39:37.945+0000][1][safepoint    ] Leaving safepoint region
[2019-12-09T03:39:37.945+0000][1][safepoint    ] Total time for which application threads were stopped: 0.0001146 seconds, Stopping threads took: 0.0000179 seconds
[2019-12-09T03:39:37.990+0000][1][safepoint    ] Application time: 0.0447422 seconds
[2019-12-09T03:39:37.990+0000][1][safepoint    ] Entering safepoint region: RevokeBias
[2019-12-09T03:39:37.990+0000][1][safepoint    ] Leaving safepoint region
[2019-12-09T03:39:37.990+0000][1][safepoint    ] Total time for which application threads were stopped: 0.0001181 seconds, Stopping threads took: 0.0000204 seconds
[2019-12-09T03:39:37.990+0000][1][safepoint    ] Application time: 0.0000511 seconds
[2019-12-09T03:39:37.990+0000][1][safepoint    ] Entering safepoint region: RevokeBias
[2019-12-09T03:39:37.991+0000][1][safepoint    ] Leaving safepoint region
[2019-12-09T03:39:37.991+0000][1][safepoint    ] Total time for which application threads were stopped: 0.0000579 seconds, Stopping threads took: 0.0000094 seconds
[2019-12-09T03:39:37.992+0000][1][safepoint    ] Application time: 0.0010915 seconds
[2019-12-09T03:39:37.992+0000][1][safepoint    ] Entering safepoint region: RevokeBias
[2019-12-09T03:39:37.992+0000][1][safepoint    ] Leaving safepoint region
[2019-12-09T03:39:37.992+0000][1][safepoint    ] Total time for which application threads were stopped: 0.0001112 seconds, Stopping threads took: 0.0000178 seconds
[2019-12-09T03:39:37.992+0000][1][safepoint    ] Application time: 0.0001630 seconds
[2019-12-09T03:39:37.992+0000][1][safepoint    ] Entering safepoint region: RevokeBias
[2019-12-09T03:39:37.992+0000][1][safepoint    ] Leaving safepoint region
[2019-12-09T03:39:37.992+0000][1][safepoint    ] Total time for which application threads were stopped: 0.0000670 seconds, Stopping threads took: 0.0000117 seconds
[2019-12-09T03:39:37.992+0000][1][safepoint    ] Application time: 0.0000423 seconds
[2019-12-09T03:39:37.992+0000][1][safepoint    ] Entering safepoint region: RevokeBias
[2019-12-09T03:39:37.992+0000][1][safepoint    ] Leaving safepoint region
[2019-12-09T03:39:37.992+0000][1][safepoint    ] Total time for which application threads were stopped: 0.0000522 seconds, Stopping threads took: 0.0000097 seconds
[2019-12-09T03:39:38.470+0000][1][safepoint    ] Application time: 0.4775741 seconds
[2019-12-09T03:39:38.470+0000][1][safepoint    ] Entering safepoint region: GenCollectForAllocation
[2019-12-09T03:39:38.470+0000][1][gc,start     ] GC(21) Pause Young (Allocation Failure)
[2019-12-09T03:39:38.470+0000][1][gc,task      ] GC(21) Using 2 workers of 2 for evacuation
[2019-12-09T03:39:38.590+0000][1][gc,age       ] GC(21) Desired survivor size 4456448 bytes, new threshold 2 (max threshold 6)
[2019-12-09T03:39:38.590+0000][1][gc,age       ] GC(21) Age table with threshold 2 (max threshold 6)
[2019-12-09T03:39:38.590+0000][1][gc,age       ] GC(21) - age   1:    2817744 bytes,    2817744 total
[2019-12-09T03:39:38.590+0000][1][gc,age       ] GC(21) - age   2:    2730928 bytes,    5548672 total
[2019-12-09T03:39:38.590+0000][1][gc,age       ] GC(21) - age   3:    1232832 bytes,    6781504 total
[2019-12-09T03:39:38.590+0000][1][gc,heap      ] GC(21) ParNew: 77133K->8399K(78656K)
[2019-12-09T03:39:38.590+0000][1][gc,heap      ] GC(21) CMS: 62313K->62313K(174784K)
[2019-12-09T03:39:38.590+0000][1][gc,metaspace ] GC(21) Metaspace: 65479K->65479K(1107968K)
[2019-12-09T03:39:38.590+0000][1][gc           ] GC(21) Pause Young (Allocation Failure) 136M->69M(247M) 120.603ms
[2019-12-09T03:39:38.590+0000][1][gc,cpu       ] GC(21) User=0.05s Sys=0.00s Real=0.12s
[2019-12-09T03:39:38.591+0000][1][safepoint    ] Leaving safepoint region
[2019-12-09T03:39:38.591+0000][1][safepoint    ] Total time for which application threads were stopped: 0.1207832 seconds, Stopping threads took: 0.0000200 seconds
[2019-12-09T03:39:38.604+0000][1][safepoint    ] Application time: 0.0132874 seconds
[2019-12-09T03:39:38.612+0000][1][safepoint    ] Entering safepoint region: RevokeBias
[2019-12-09T03:39:38.612+0000][1][safepoint    ] Leaving safepoint region
[2019-12-09T03:39:38.612+0000][1][safepoint    ] Total time for which application threads were stopped: 0.0079766 seconds, Stopping threads took: 0.0079005 seconds
[2019-12-09T03:39:38.627+0000][1][safepoint    ] Application time: 0.0155456 seconds
[2019-12-09T03:39:38.627+0000][1][safepoint    ] Entering safepoint region: RevokeBias
[2019-12-09T03:39:38.627+0000][1][safepoint    ] Leaving safepoint region
[2019-12-09T03:39:38.628+0000][1][safepoint    ] Total time for which application threads were stopped: 0.0000997 seconds, Stopping threads took: 0.0000176 seconds
[2019-12-09T03:39:38.628+0000][1][safepoint    ] Application time: 0.0002591 seconds
[2019-12-09T03:39:38.628+0000][1][safepoint    ] Entering safepoint region: RevokeBias
[2019-12-09T03:39:38.628+0000][1][safepoint    ] Leaving safepoint region
[2019-12-09T03:39:38.628+0000][1][safepoint    ] Total time for which application threads were stopped: 0.0000648 seconds, Stopping threads took: 0.0000129 seconds
[2019-12-09T03:39:38.628+0000][1][safepoint    ] Application time: 0.0000444 seconds
[2019-12-09T03:39:38.628+0000][1][safepoint    ] Entering safepoint region: RevokeBias
[2019-12-09T03:39:38.628+0000][1][safepoint    ] Leaving safepoint region
[2019-12-09T03:39:38.628+0000][1][safepoint    ] Total time for which application threads were stopped: 0.0000434 seconds, Stopping threads took: 0.0000086 seconds
[2019-12-09T03:39:38.628+0000][1][safepoint    ] Application time: 0.0001633 seconds
[2019-12-09T03:39:38.628+0000][1][safepoint    ] Entering safepoint region: RevokeBias
[2019-12-09T03:39:38.628+0000][1][safepoint    ] Leaving safepoint region
[2019-12-09T03:39:38.628+0000][1][safepoint    ] Total time for which application threads were stopped: 0.0000491 seconds, Stopping threads took: 0.0000107 seconds
[2019-12-09T03:39:38.630+0000][1][safepoint    ] Application time: 0.0014665 seconds
[2019-12-09T03:39:38.630+0000][1][safepoint    ] Entering safepoint region: RevokeBias
[2019-12-09T03:39:38.630+0000][1][safepoint    ] Leaving safepoint region
[2019-12-09T03:39:38.630+0000][1][safepoint    ] Total time for which application threads were stopped: 0.0000694 seconds, Stopping threads took: 0.0000164 seconds
[2019-12-09T03:39:38.630+0000][1][safepoint    ] Application time: 0.0002400 seconds
[2019-12-09T03:39:38.630+0000][1][safepoint    ] Entering safepoint region: RevokeBias
[2019-12-09T03:39:38.630+0000][1][safepoint    ] Leaving safepoint region
[2019-12-09T03:39:38.630+0000][1][safepoint    ] Total time for which application threads were stopped: 0.0000546 seconds, Stopping threads took: 0.0000111 seconds
[2019-12-09T03:39:38.685+0000][1][safepoint    ] Application time: 0.0548947 seconds
[2019-12-09T03:39:38.685+0000][1][safepoint    ] Entering safepoint region: BulkRevokeBias
[2019-12-09T03:39:38.686+0000][1][safepoint    ] Leaving safepoint region
[2019-12-09T03:39:38.686+0000][1][safepoint    ] Total time for which application threads were stopped: 0.0011441 seconds, Stopping threads took: 0.0000191 seconds
[2019-12-09T03:39:38.707+0000][1][safepoint    ] Application time: 0.0205674 seconds
[2019-12-09T03:39:38.707+0000][1][safepoint    ] Entering safepoint region: RevokeBias
[2019-12-09T03:39:38.707+0000][1][safepoint    ] Leaving safepoint region
[2019-12-09T03:39:38.707+0000][1][safepoint    ] Total time for which application threads were stopped: 0.0000854 seconds, Stopping threads took: 0.0000161 seconds
[2019-12-09T03:39:39.273+0000][1][safepoint    ] Application time: 0.5657138 seconds
[2019-12-09T03:39:39.273+0000][1][safepoint    ] Entering safepoint region: Deoptimize
[2019-12-09T03:39:39.273+0000][1][safepoint    ] Leaving safepoint region
[2019-12-09T03:39:39.273+0000][1][safepoint    ] Total time for which application threads were stopped: 0.0007153 seconds, Stopping threads took: 0.0000211 seconds
[2019-12-09T03:39:39.805+0000][1][safepoint    ] Application time: 0.5319821 seconds
[2019-12-09T03:39:39.805+0000][1][safepoint    ] Entering safepoint region: BulkRevokeBias
[2019-12-09T03:39:39.806+0000][1][safepoint    ] Leaving safepoint region
[2019-12-09T03:39:39.806+0000][1][safepoint    ] Total time for which application threads were stopped: 0.0004704 seconds, Stopping threads took: 0.0000193 seconds
[2019-12-09T03:39:39.858+0000][1][safepoint    ] Application time: 0.0523576 seconds
[2019-12-09T03:39:39.858+0000][1][safepoint    ] Entering safepoint region: RevokeBias
[2019-12-09T03:39:39.858+0000][1][safepoint    ] Leaving safepoint region
[2019-12-09T03:39:39.858+0000][1][safepoint    ] Total time for which application threads were stopped: 0.0000898 seconds, Stopping threads took: 0.0000189 seconds
[2019-12-09T03:39:39.859+0000][1][safepoint    ] Application time: 0.0002852 seconds
[2019-12-09T03:39:39.859+0000][1][safepoint    ] Entering safepoint region: RevokeBias
[2019-12-09T03:39:39.859+0000][1][safepoint    ] Leaving safepoint region
[2019-12-09T03:39:39.859+0000][1][safepoint    ] Total time for which application threads were stopped: 0.0000909 seconds, Stopping threads took: 0.0000147 seconds
[2019-12-09T03:39:39.936+0000][1][safepoint    ] Application time: 0.0773488 seconds
[2019-12-09T03:39:39.936+0000][1][safepoint    ] Entering safepoint region: RevokeBias
[2019-12-09T03:39:39.936+0000][1][safepoint    ] Leaving safepoint region
[2019-12-09T03:39:39.936+0000][1][safepoint    ] Total time for which application threads were stopped: 0.0001004 seconds, Stopping threads took: 0.0000202 seconds
[2019-12-09T03:39:39.936+0000][1][safepoint    ] Application time: 0.0000635 seconds
[2019-12-09T03:39:39.936+0000][1][safepoint    ] Entering safepoint region: RevokeBias
[2019-12-09T03:39:39.936+0000][1][safepoint    ] Leaving safepoint region
[2019-12-09T03:39:39.936+0000][1][safepoint    ] Total time for which application threads were stopped: 0.0000455 seconds, Stopping threads took: 0.0000095 seconds
[2019-12-09T03:39:39.939+0000][1][safepoint    ] Application time: 0.0022919 seconds
[2019-12-09T03:39:39.939+0000][1][safepoint    ] Entering safepoint region: RevokeBias
[2019-12-09T03:39:39.939+0000][1][safepoint    ] Leaving safepoint region
[2019-12-09T03:39:39.939+0000][1][safepoint    ] Total time for which application threads were stopped: 0.0000939 seconds, Stopping threads took: 0.0000177 seconds
[2019-12-09T03:39:39.939+0000][1][safepoint    ] Application time: 0.0005650 seconds
[2019-12-09T03:39:39.939+0000][1][safepoint    ] Entering safepoint region: RevokeBias
[2019-12-09T03:39:39.939+0000][1][safepoint    ] Leaving safepoint region
[2019-12-09T03:39:39.939+0000][1][safepoint    ] Total time for which application threads were stopped: 0.0000537 seconds, Stopping threads took: 0.0000109 seconds
[2019-12-09T03:39:39.940+0000][1][safepoint    ] Application time: 0.0002632 seconds
[2019-12-09T03:39:39.940+0000][1][safepoint    ] Entering safepoint region: RevokeBias
[2019-12-09T03:39:39.940+0000][1][safepoint    ] Leaving safepoint region
[2019-12-09T03:39:39.940+0000][1][safepoint    ] Total time for which application threads were stopped: 0.0000570 seconds, Stopping threads took: 0.0000172 seconds
[2019-12-09T03:39:39.940+0000][1][safepoint    ] Application time: 0.0000447 seconds
[2019-12-09T03:39:39.940+0000][1][safepoint    ] Entering safepoint region: RevokeBias
[2019-12-09T03:39:39.940+0000][1][safepoint    ] Leaving safepoint region
[2019-12-09T03:39:39.940+0000][1][safepoint    ] Total time for which application threads were stopped: 0.0000434 seconds, Stopping threads took: 0.0000083 seconds
[2019-12-09T03:39:39.940+0000][1][safepoint    ] Application time: 0.0000343 seconds
[2019-12-09T03:39:39.940+0000][1][safepoint    ] Entering safepoint region: RevokeBias
[2019-12-09T03:39:39.940+0000][1][safepoint    ] Leaving safepoint region
[2019-12-09T03:39:39.940+0000][1][safepoint    ] Total time for which application threads were stopped: 0.0000492 seconds, Stopping threads took: 0.0000078 seconds
[2019-12-09T03:39:39.940+0000][1][safepoint    ] Application time: 0.0000425 seconds
[2019-12-09T03:39:39.940+0000][1][safepoint    ] Entering safepoint region: RevokeBias
[2019-12-09T03:39:39.940+0000][1][safepoint    ] Leaving safepoint region
[2019-12-09T03:39:39.940+0000][1][safepoint    ] Total time for which application threads were stopped: 0.0000388 seconds, Stopping threads took: 0.0000082 seconds
[2019-12-09T03:39:39.940+0000][1][safepoint    ] Application time: 0.0000355 seconds
[2019-12-09T03:39:39.940+0000][1][safepoint    ] Entering safepoint region: RevokeBias
[2019-12-09T03:39:39.940+0000][1][safepoint    ] Leaving safepoint region
[2019-12-09T03:39:39.940+0000][1][safepoint    ] Total time for which application threads were stopped: 0.0000411 seconds, Stopping threads took: 0.0000085 seconds
[2019-12-09T03:39:39.940+0000][1][safepoint    ] Application time: 0.0000364 seconds
[2019-12-09T03:39:39.940+0000][1][safepoint    ] Entering safepoint region: RevokeBias
[2019-12-09T03:39:39.940+0000][1][safepoint    ] Leaving safepoint region
[2019-12-09T03:39:39.940+0000][1][safepoint    ] Total time for which application threads were stopped: 0.0000372 seconds, Stopping threads took: 0.0000081 seconds
[2019-12-09T03:39:40.101+0000][1][safepoint    ] Application time: 0.1610605 seconds
[2019-12-09T03:39:40.101+0000][1][safepoint    ] Entering safepoint region: RevokeBias
[2019-12-09T03:39:40.101+0000][1][safepoint    ] Leaving safepoint region
[2019-12-09T03:39:40.101+0000][1][safepoint    ] Total time for which application threads were stopped: 0.0001090 seconds, Stopping threads took: 0.0000221 seconds
[2019-12-09T03:39:40.223+0000][1][safepoint    ] Application time: 0.1213593 seconds
[2019-12-09T03:39:40.223+0000][1][safepoint    ] Entering safepoint region: RevokeBias
[2019-12-09T03:39:40.223+0000][1][safepoint    ] Leaving safepoint region
[2019-12-09T03:39:40.223+0000][1][safepoint    ] Total time for which application threads were stopped: 0.0001599 seconds, Stopping threads took: 0.0000739 seconds
[2019-12-09T03:39:40.262+0000][1][safepoint    ] Application time: 0.0386864 seconds
[2019-12-09T03:39:40.262+0000][1][safepoint    ] Entering safepoint region: RevokeBias
[2019-12-09T03:39:40.262+0000][1][safepoint    ] Leaving safepoint region
[2019-12-09T03:39:40.262+0000][1][safepoint    ] Total time for which application threads were stopped: 0.0001438 seconds, Stopping threads took: 0.0000621 seconds
[2019-12-09T03:39:41.264+0000][1][safepoint    ] Application time: 1.0018202 seconds
[2019-12-09T03:39:41.264+0000][1][safepoint    ] Entering safepoint region: Cleanup
[2019-12-09T03:39:41.264+0000][1][safepoint    ] Leaving safepoint region
[2019-12-09T03:39:41.264+0000][1][safepoint    ] Total time for which application threads were stopped: 0.0000994 seconds, Stopping threads took: 0.0000229 seconds
[2019-12-09T03:39:42.068+0000][1][safepoint    ] Application time: 0.8038687 seconds
[2019-12-09T03:39:42.080+0000][1][safepoint    ] Entering safepoint region: RevokeBias
[2019-12-09T03:39:42.080+0000][1][safepoint    ] Leaving safepoint region
[2019-12-09T03:39:42.080+0000][1][safepoint    ] Total time for which application threads were stopped: 0.0122856 seconds, Stopping threads took: 0.0121853 seconds
[2019-12-09T03:39:42.095+0000][1][safepoint    ] Application time: 0.0148665 seconds
[2019-12-09T03:39:42.095+0000][1][safepoint    ] Entering safepoint region: RevokeBias
[2019-12-09T03:39:42.095+0000][1][safepoint    ] Leaving safepoint region
[2019-12-09T03:39:42.095+0000][1][safepoint    ] Total time for which application threads were stopped: 0.0001025 seconds, Stopping threads took: 0.0000416 seconds
[2019-12-09T03:39:42.096+0000][1][safepoint    ] Application time: 0.0005720 seconds
[2019-12-09T03:39:42.096+0000][1][safepoint    ] Entering safepoint region: RevokeBias
[2019-12-09T03:39:42.096+0000][1][safepoint    ] Leaving safepoint region
[2019-12-09T03:39:42.096+0000][1][safepoint    ] Total time for which application threads were stopped: 0.0000947 seconds, Stopping threads took: 0.0000163 seconds
[2019-12-09T03:39:43.114+0000][1][safepoint    ] Application time: 1.0179695 seconds
[2019-12-09T03:39:43.114+0000][1][safepoint    ] Entering safepoint region: Cleanup
[2019-12-09T03:39:43.114+0000][1][safepoint    ] Leaving safepoint region
[2019-12-09T03:39:43.114+0000][1][safepoint    ] Total time for which application threads were stopped: 0.0000969 seconds, Stopping threads took: 0.0000199 seconds
[2019-12-09T03:39:44.117+0000][1][safepoint    ] Application time: 1.0029113 seconds
[2019-12-09T03:39:44.117+0000][1][safepoint    ] Entering safepoint region: Cleanup
[2019-12-09T03:39:44.117+0000][1][safepoint    ] Leaving safepoint region
[2019-12-09T03:39:44.117+0000][1][safepoint    ] Total time for which application threads were stopped: 0.0001084 seconds, Stopping threads took: 0.0000228 seconds
[2019-12-09T03:39:45.120+0000][1][safepoint    ] Application time: 1.0028155 seconds
[2019-12-09T03:39:45.120+0000][1][safepoint    ] Entering safepoint region: Cleanup
[2019-12-09T03:39:45.120+0000][1][safepoint    ] Leaving safepoint region
[2019-12-09T03:39:45.120+0000][1][safepoint    ] Total time for which application threads were stopped: 0.0001110 seconds, Stopping threads took: 0.0000275 seconds
[2019-12-09T03:39:46.121+0000][1][safepoint    ] Application time: 1.0008368 seconds
[2019-12-09T03:39:46.121+0000][1][safepoint    ] Entering safepoint region: Cleanup
[2019-12-09T03:39:46.121+0000][1][safepoint    ] Leaving safepoint region
[2019-12-09T03:39:46.121+0000][1][safepoint    ] Total time for which application threads were stopped: 0.0001022 seconds, Stopping threads took: 0.0000250 seconds
[2019-12-09T03:39:47.122+0000][1][safepoint    ] Application time: 1.0008505 seconds
[2019-12-09T03:39:47.122+0000][1][safepoint    ] Entering safepoint region: Cleanup
[2019-12-09T03:39:47.122+0000][1][safepoint    ] Leaving safepoint region
[2019-12-09T03:39:47.122+0000][1][safepoint    ] Total time for which application threads were stopped: 0.0001085 seconds, Stopping threads took: 0.0000257 seconds
[2019-12-09T03:39:48.126+0000][1][safepoint    ] Application time: 1.0038444 seconds
[2019-12-09T03:39:48.126+0000][1][safepoint    ] Entering safepoint region: Cleanup
[2019-12-09T03:39:48.126+0000][1][safepoint    ] Leaving safepoint region
[2019-12-09T03:39:48.126+0000][1][safepoint    ] Total time for which application threads were stopped: 0.0001059 seconds, Stopping threads took: 0.0000240 seconds
[2019-12-09T03:39:49.129+0000][1][safepoint    ] Application time: 1.0028494 seconds
[2019-12-09T03:39:49.129+0000][1][safepoint    ] Entering safepoint region: Cleanup
[2019-12-09T03:39:49.129+0000][1][safepoint    ] Leaving safepoint region
[2019-12-09T03:39:49.129+0000][1][safepoint    ] Total time for which application threads were stopped: 0.0001103 seconds, Stopping threads took: 0.0000260 seconds
[2019-12-09T03:39:50.132+0000][1][safepoint    ] Application time: 1.0028494 seconds
[2019-12-09T03:39:50.132+0000][1][safepoint    ] Entering safepoint region: Cleanup
[2019-12-09T03:39:50.132+0000][1][safepoint    ] Leaving safepoint region
[2019-12-09T03:39:50.132+0000][1][safepoint    ] Total time for which application threads were stopped: 0.0001013 seconds, Stopping threads took: 0.0000246 seconds
[2019-12-09T03:39:51.132+0000][1][safepoint    ] Application time: 1.0003363 seconds
[2019-12-09T03:39:51.132+0000][1][safepoint    ] Entering safepoint region: Cleanup
[2019-12-09T03:39:51.132+0000][1][safepoint    ] Leaving safepoint region
[2019-12-09T03:39:51.132+0000][1][safepoint    ] Total time for which application threads were stopped: 0.0001031 seconds, Stopping threads took: 0.0000248 seconds
[2019-12-09T03:39:52.136+0000][1][safepoint    ] Application time: 1.0033566 seconds
[2019-12-09T03:39:52.136+0000][1][safepoint    ] Entering safepoint region: Cleanup
[2019-12-09T03:39:52.136+0000][1][safepoint    ] Leaving safepoint region
[2019-12-09T03:39:52.136+0000][1][safepoint    ] Total time for which application threads were stopped: 0.0001105 seconds, Stopping threads took: 0.0000236 seconds
[2019-12-09T03:39:53.137+0000][1][safepoint    ] Application time: 1.0008340 seconds
[2019-12-09T03:39:53.137+0000][1][safepoint    ] Entering safepoint region: Cleanup
[2019-12-09T03:39:53.137+0000][1][safepoint    ] Leaving safepoint region
[2019-12-09T03:39:53.137+0000][1][safepoint    ] Total time for which application threads were stopped: 0.0000979 seconds, Stopping threads took: 0.0000232 seconds
[2019-12-09T03:39:54.138+0000][1][safepoint    ] Application time: 1.0008620 seconds
[2019-12-09T03:39:54.138+0000][1][safepoint    ] Entering safepoint region: Cleanup
[2019-12-09T03:39:54.138+0000][1][safepoint    ] Leaving safepoint region
[2019-12-09T03:39:54.138+0000][1][safepoint    ] Total time for which application threads were stopped: 0.0000962 seconds, Stopping threads took: 0.0000198 seconds
[2019-12-09T03:39:55.138+0000][1][safepoint    ] Application time: 1.0000863 seconds
[2019-12-09T03:39:55.138+0000][1][safepoint    ] Entering safepoint region: Cleanup
[2019-12-09T03:39:55.138+0000][1][safepoint    ] Leaving safepoint region
[2019-12-09T03:39:55.138+0000][1][safepoint    ] Total time for which application threads were stopped: 0.0001019 seconds, Stopping threads took: 0.0000255 seconds
[2019-12-09T03:39:56.146+0000][1][safepoint    ] Application time: 1.0076289 seconds
[2019-12-09T03:39:56.146+0000][1][safepoint    ] Entering safepoint region: Cleanup
[2019-12-09T03:39:56.146+0000][1][safepoint    ] Leaving safepoint region
[2019-12-09T03:39:56.146+0000][1][safepoint    ] Total time for which application threads were stopped: 0.0001258 seconds, Stopping threads took: 0.0000406 seconds
[2019-12-09T03:39:57.151+0000][1][safepoint    ] Application time: 1.0049484 seconds
[2019-12-09T03:39:57.151+0000][1][safepoint    ] Entering safepoint region: Cleanup
[2019-12-09T03:39:57.151+0000][1][safepoint    ] Leaving safepoint region
[2019-12-09T03:39:57.151+0000][1][safepoint    ] Total time for which application threads were stopped: 0.0001129 seconds, Stopping threads took: 0.0000242 seconds
[2019-12-09T03:39:58.151+0000][1][safepoint    ] Application time: 1.0000823 seconds
[2019-12-09T03:39:58.151+0000][1][safepoint    ] Entering safepoint region: Cleanup
[2019-12-09T03:39:58.151+0000][1][safepoint    ] Leaving safepoint region
[2019-12-09T03:39:58.151+0000][1][safepoint    ] Total time for which application threads were stopped: 0.0001051 seconds, Stopping threads took: 0.0000227 seconds
[2019-12-09T03:39:59.154+0000][1][safepoint    ] Application time: 1.0025113 seconds
[2019-12-09T03:39:59.154+0000][1][safepoint    ] Entering safepoint region: Cleanup
[2019-12-09T03:39:59.154+0000][1][safepoint    ] Leaving safepoint region
[2019-12-09T03:39:59.154+0000][1][safepoint    ] Total time for which application threads were stopped: 0.0001213 seconds, Stopping threads took: 0.0000349 seconds
[2019-12-09T03:40:00.165+0000][1][safepoint    ] Application time: 1.0108151 seconds
[2019-12-09T03:40:00.165+0000][1][safepoint    ] Entering safepoint region: Cleanup
[2019-12-09T03:40:00.165+0000][1][safepoint    ] Leaving safepoint region
[2019-12-09T03:40:00.165+0000][1][safepoint    ] Total time for which application threads were stopped: 0.0001099 seconds, Stopping threads took: 0.0000248 seconds
[2019-12-09T03:40:01.166+0000][1][safepoint    ] Application time: 1.0008452 seconds
[2019-12-09T03:40:01.166+0000][1][safepoint    ] Entering safepoint region: Cleanup
[2019-12-09T03:40:01.166+0000][1][safepoint    ] Leaving safepoint region
[2019-12-09T03:40:01.166+0000][1][safepoint    ] Total time for which application threads were stopped: 0.0001071 seconds, Stopping threads took: 0.0000197 seconds
[2019-12-09T03:40:02.169+0000][1][safepoint    ] Application time: 1.0028636 seconds
[2019-12-09T03:40:02.169+0000][1][safepoint    ] Entering safepoint region: Cleanup
[2019-12-09T03:40:02.169+0000][1][safepoint    ] Leaving safepoint region
[2019-12-09T03:40:02.169+0000][1][safepoint    ] Total time for which application threads were stopped: 0.0001148 seconds, Stopping threads took: 0.0000314 seconds
[2019-12-09T03:40:03.171+0000][1][safepoint    ] Application time: 1.0018186 seconds
[2019-12-09T03:40:03.171+0000][1][safepoint    ] Entering safepoint region: Cleanup
[2019-12-09T03:40:03.171+0000][1][safepoint    ] Leaving safepoint region
[2019-12-09T03:40:03.171+0000][1][safepoint    ] Total time for which application threads were stopped: 0.0001069 seconds, Stopping threads took: 0.0000348 seconds
[2019-12-09T03:40:04.174+0000][1][safepoint    ] Application time: 1.0029011 seconds
[2019-12-09T03:40:04.174+0000][1][safepoint    ] Entering safepoint region: Cleanup
[2019-12-09T03:40:04.174+0000][1][safepoint    ] Leaving safepoint region
[2019-12-09T03:40:04.174+0000][1][safepoint    ] Total time for which application threads were stopped: 0.0001038 seconds, Stopping threads took: 0.0000217 seconds
[2019-12-09T03:40:05.176+0000][1][safepoint    ] Application time: 1.0018175 seconds
[2019-12-09T03:40:05.176+0000][1][safepoint    ] Entering safepoint region: Cleanup
[2019-12-09T03:40:05.176+0000][1][safepoint    ] Leaving safepoint region
[2019-12-09T03:40:05.176+0000][1][safepoint    ] Total time for which application threads were stopped: 0.0001109 seconds, Stopping threads took: 0.0000238 seconds
[2019-12-09T03:40:06.177+0000][1][safepoint    ] Application time: 1.0008532 seconds
[2019-12-09T03:40:06.177+0000][1][safepoint    ] Entering safepoint region: Cleanup
[2019-12-09T03:40:06.177+0000][1][safepoint    ] Leaving safepoint region
[2019-12-09T03:40:06.177+0000][1][safepoint    ] Total time for which application threads were stopped: 0.0001174 seconds, Stopping threads took: 0.0000243 seconds
[2019-12-09T03:40:07.182+0000][1][safepoint    ] Application time: 1.0048564 seconds
[2019-12-09T03:40:07.182+0000][1][safepoint    ] Entering safepoint region: Cleanup
[2019-12-09T03:40:07.182+0000][1][safepoint    ] Leaving safepoint region
[2019-12-09T03:40:07.182+0000][1][safepoint    ] Total time for which application threads were stopped: 0.0001149 seconds, Stopping threads took: 0.0000212 seconds
[2019-12-09T03:40:08.185+0000][1][safepoint    ] Application time: 1.0028531 seconds
[2019-12-09T03:40:08.185+0000][1][safepoint    ] Entering safepoint region: Cleanup
[2019-12-09T03:40:08.185+0000][1][safepoint    ] Leaving safepoint region
[2019-12-09T03:40:08.185+0000][1][safepoint    ] Total time for which application threads were stopped: 0.0001141 seconds, Stopping threads took: 0.0000231 seconds
[2019-12-09T03:40:09.187+0000][1][safepoint    ] Application time: 1.0018309 seconds
[2019-12-09T03:40:09.187+0000][1][safepoint    ] Entering safepoint region: Cleanup
[2019-12-09T03:40:09.187+0000][1][safepoint    ] Leaving safepoint region
[2019-12-09T03:40:09.187+0000][1][safepoint    ] Total time for which application threads were stopped: 0.0001172 seconds, Stopping threads took: 0.0000284 seconds
[2019-12-09T03:40:10.191+0000][1][safepoint    ] Application time: 1.0038398 seconds
[2019-12-09T03:40:10.191+0000][1][safepoint    ] Entering safepoint region: Cleanup
[2019-12-09T03:40:10.191+0000][1][safepoint    ] Leaving safepoint region
[2019-12-09T03:40:10.191+0000][1][safepoint    ] Total time for which application threads were stopped: 0.0001221 seconds, Stopping threads took: 0.0000317 seconds
[2019-12-09T03:40:11.192+0000][1][safepoint    ] Application time: 1.0009614 seconds
[2019-12-09T03:40:11.192+0000][1][safepoint    ] Entering safepoint region: Cleanup
[2019-12-09T03:40:11.192+0000][1][safepoint    ] Leaving safepoint region
[2019-12-09T03:40:11.192+0000][1][safepoint    ] Total time for which application threads were stopped: 0.0001192 seconds, Stopping threads took: 0.0000254 seconds
[2019-12-09T03:40:12.198+0000][1][safepoint    ] Application time: 1.0057052 seconds
[2019-12-09T03:40:12.198+0000][1][safepoint    ] Entering safepoint region: Cleanup
[2019-12-09T03:40:12.198+0000][1][safepoint    ] Leaving safepoint region
[2019-12-09T03:40:12.198+0000][1][safepoint    ] Total time for which application threads were stopped: 0.0001108 seconds, Stopping threads took: 0.0000230 seconds
[2019-12-09T03:40:13.199+0000][1][safepoint    ] Application time: 1.0008578 seconds
[2019-12-09T03:40:13.199+0000][1][safepoint    ] Entering safepoint region: Cleanup
[2019-12-09T03:40:13.199+0000][1][safepoint    ] Leaving safepoint region
[2019-12-09T03:40:13.199+0000][1][safepoint    ] Total time for which application threads were stopped: 0.0001228 seconds, Stopping threads took: 0.0000268 seconds
[2019-12-09T03:40:14.199+0000][1][safepoint    ] Application time: 1.0000776 seconds
[2019-12-09T03:40:14.199+0000][1][safepoint    ] Entering safepoint region: Cleanup
[2019-12-09T03:40:14.199+0000][1][safepoint    ] Leaving safepoint region
[2019-12-09T03:40:14.199+0000][1][safepoint    ] Total time for which application threads were stopped: 0.0000885 seconds, Stopping threads took: 0.0000192 seconds
[2019-12-09T03:40:15.199+0000][1][safepoint    ] Application time: 1.0000780 seconds
[2019-12-09T03:40:15.199+0000][1][safepoint    ] Entering safepoint region: Cleanup
[2019-12-09T03:40:15.199+0000][1][safepoint    ] Leaving safepoint region
[2019-12-09T03:40:15.199+0000][1][safepoint    ] Total time for which application threads were stopped: 0.0000796 seconds, Stopping threads took: 0.0000177 seconds
[2019-12-09T03:40:16.199+0000][1][safepoint    ] Application time: 1.0000815 seconds
[2019-12-09T03:40:16.199+0000][1][safepoint    ] Entering safepoint region: Cleanup
[2019-12-09T03:40:16.199+0000][1][safepoint    ] Leaving safepoint region
[2019-12-09T03:40:16.199+0000][1][safepoint    ] Total time for which application threads were stopped: 0.0000865 seconds, Stopping threads took: 0.0000190 seconds
[2019-12-09T03:40:17.200+0000][1][safepoint    ] Application time: 1.0000780 seconds
[2019-12-09T03:40:17.200+0000][1][safepoint    ] Entering safepoint region: Cleanup
[2019-12-09T03:40:17.200+0000][1][safepoint    ] Leaving safepoint region
[2019-12-09T03:40:17.200+0000][1][safepoint    ] Total time for which application threads were stopped: 0.0000993 seconds, Stopping threads took: 0.0000178 seconds
[2019-12-09T03:40:18.200+0000][1][safepoint    ] Application time: 1.0000771 seconds
[2019-12-09T03:40:18.200+0000][1][safepoint    ] Entering safepoint region: Cleanup
[2019-12-09T03:40:18.200+0000][1][safepoint    ] Leaving safepoint region
[2019-12-09T03:40:18.200+0000][1][safepoint    ] Total time for which application threads were stopped: 0.0000957 seconds, Stopping threads took: 0.0000188 seconds
[2019-12-09T03:40:19.200+0000][1][safepoint    ] Application time: 1.0000758 seconds
[2019-12-09T03:40:19.200+0000][1][safepoint    ] Entering safepoint region: Cleanup
[2019-12-09T03:40:19.200+0000][1][safepoint    ] Leaving safepoint region
[2019-12-09T03:40:19.200+0000][1][safepoint    ] Total time for which application threads were stopped: 0.0000798 seconds, Stopping threads took: 0.0000174 seconds
[2019-12-09T03:40:20.200+0000][1][safepoint    ] Application time: 1.0000777 seconds
[2019-12-09T03:40:20.200+0000][1][safepoint    ] Entering safepoint region: Cleanup
[2019-12-09T03:40:20.200+0000][1][safepoint    ] Leaving safepoint region
[2019-12-09T03:40:20.200+0000][1][safepoint    ] Total time for which application threads were stopped: 0.0001012 seconds, Stopping threads took: 0.0000265 seconds
[2019-12-09T03:40:21.200+0000][1][safepoint    ] Application time: 1.0000953 seconds
[2019-12-09T03:40:21.201+0000][1][safepoint    ] Entering safepoint region: Cleanup
[2019-12-09T03:40:21.201+0000][1][safepoint    ] Leaving safepoint region
[2019-12-09T03:40:21.201+0000][1][safepoint    ] Total time for which application threads were stopped: 0.0001110 seconds, Stopping threads took: 0.0000253 seconds
[2019-12-09T03:40:22.201+0000][1][safepoint    ] Application time: 1.0000861 seconds
[2019-12-09T03:40:22.201+0000][1][safepoint    ] Entering safepoint region: Cleanup
[2019-12-09T03:40:22.201+0000][1][safepoint    ] Leaving safepoint region
[2019-12-09T03:40:22.201+0000][1][safepoint    ] Total time for which application threads were stopped: 0.0000810 seconds, Stopping threads took: 0.0000169 seconds
[2019-12-09T03:40:23.201+0000][1][safepoint    ] Application time: 1.0000727 seconds
[2019-12-09T03:40:23.201+0000][1][safepoint    ] Entering safepoint region: Cleanup
[2019-12-09T03:40:23.201+0000][1][safepoint    ] Leaving safepoint region
[2019-12-09T03:40:23.201+0000][1][safepoint    ] Total time for which application threads were stopped: 0.0000770 seconds, Stopping threads took: 0.0000169 seconds
[2019-12-09T03:40:24.201+0000][1][safepoint    ] Application time: 1.0000786 seconds
[2019-12-09T03:40:24.201+0000][1][safepoint    ] Entering safepoint region: Cleanup
[2019-12-09T03:40:24.201+0000][1][safepoint    ] Leaving safepoint region
[2019-12-09T03:40:24.201+0000][1][safepoint    ] Total time for which application threads were stopped: 0.0000774 seconds, Stopping threads took: 0.0000167 seconds
[2019-12-09T03:40:25.201+0000][1][safepoint    ] Application time: 1.0000782 seconds
[2019-12-09T03:40:25.201+0000][1][safepoint    ] Entering safepoint region: Cleanup
[2019-12-09T03:40:25.201+0000][1][safepoint    ] Leaving safepoint region
[2019-12-09T03:40:25.201+0000][1][safepoint    ] Total time for which application threads were stopped: 0.0000956 seconds, Stopping threads took: 0.0000180 seconds
[2019-12-09T03:40:26.201+0000][1][safepoint    ] Application time: 1.0000806 seconds
[2019-12-09T03:40:26.202+0000][1][safepoint    ] Entering safepoint region: Cleanup
[2019-12-09T03:40:26.202+0000][1][safepoint    ] Leaving safepoint region
[2019-12-09T03:40:26.202+0000][1][safepoint    ] Total time for which application threads were stopped: 0.0000889 seconds, Stopping threads took: 0.0000188 seconds
[2019-12-09T03:40:27.203+0000][1][safepoint    ] Application time: 1.0010817 seconds
[2019-12-09T03:40:27.203+0000][1][safepoint    ] Entering safepoint region: Cleanup
[2019-12-09T03:40:27.203+0000][1][safepoint    ] Leaving safepoint region
[2019-12-09T03:40:27.203+0000][1][safepoint    ] Total time for which application threads were stopped: 0.0001220 seconds, Stopping threads took: 0.0000224 seconds
[2019-12-09T03:40:28.203+0000][1][safepoint    ] Application time: 1.0000780 seconds
[2019-12-09T03:40:28.203+0000][1][safepoint    ] Entering safepoint region: Cleanup
[2019-12-09T03:40:28.203+0000][1][safepoint    ] Leaving safepoint region
[2019-12-09T03:40:28.203+0000][1][safepoint    ] Total time for which application threads were stopped: 0.0000759 seconds, Stopping threads took: 0.0000147 seconds
[2019-12-09T03:40:29.203+0000][1][safepoint    ] Application time: 1.0000762 seconds
[2019-12-09T03:40:29.203+0000][1][safepoint    ] Entering safepoint region: Cleanup
[2019-12-09T03:40:29.203+0000][1][safepoint    ] Leaving safepoint region
[2019-12-09T03:40:29.203+0000][1][safepoint    ] Total time for which application threads were stopped: 0.0000793 seconds, Stopping threads took: 0.0000186 seconds
[2019-12-09T03:40:30.203+0000][1][safepoint    ] Application time: 1.0000779 seconds
[2019-12-09T03:40:30.203+0000][1][safepoint    ] Entering safepoint region: Cleanup
[2019-12-09T03:40:30.203+0000][1][safepoint    ] Leaving safepoint region
[2019-12-09T03:40:30.203+0000][1][safepoint    ] Total time for which application threads were stopped: 0.0000926 seconds, Stopping threads took: 0.0000281 seconds
[2019-12-09T03:40:31.204+0000][1][safepoint    ] Application time: 1.0000867 seconds
[2019-12-09T03:40:31.204+0000][1][safepoint    ] Entering safepoint region: Cleanup
[2019-12-09T03:40:31.204+0000][1][safepoint    ] Leaving safepoint region
[2019-12-09T03:40:31.204+0000][1][safepoint    ] Total time for which application threads were stopped: 0.0001408 seconds, Stopping threads took: 0.0000264 seconds
[2019-12-09T03:40:32.204+0000][1][safepoint    ] Application time: 1.0000785 seconds
[2019-12-09T03:40:32.204+0000][1][safepoint    ] Entering safepoint region: Cleanup
[2019-12-09T03:40:32.204+0000][1][safepoint    ] Leaving safepoint region
[2019-12-09T03:40:32.204+0000][1][safepoint    ] Total time for which application threads were stopped: 0.0000852 seconds, Stopping threads took: 0.0000165 seconds
[2019-12-09T03:40:33.204+0000][1][safepoint    ] Application time: 1.0001417 seconds
[2019-12-09T03:40:33.204+0000][1][safepoint    ] Entering safepoint region: Cleanup
[2019-12-09T03:40:33.204+0000][1][safepoint    ] Leaving safepoint region
[2019-12-09T03:40:33.204+0000][1][safepoint    ] Total time for which application threads were stopped: 0.0001033 seconds, Stopping threads took: 0.0000237 seconds
[2019-12-09T03:40:34.204+0000][1][safepoint    ] Application time: 1.0000750 seconds
[2019-12-09T03:40:34.204+0000][1][safepoint    ] Entering safepoint region: Cleanup
[2019-12-09T03:40:34.204+0000][1][safepoint    ] Leaving safepoint region
[2019-12-09T03:40:34.204+0000][1][safepoint    ] Total time for which application threads were stopped: 0.0000757 seconds, Stopping threads took: 0.0000162 seconds
[2019-12-09T03:40:35.205+0000][1][safepoint    ] Application time: 1.0000762 seconds
[2019-12-09T03:40:35.205+0000][1][safepoint    ] Entering safepoint region: Cleanup
[2019-12-09T03:40:35.205+0000][1][safepoint    ] Leaving safepoint region
[2019-12-09T03:40:35.205+0000][1][safepoint    ] Total time for which application threads were stopped: 0.0000782 seconds, Stopping threads took: 0.0000177 seconds
[2019-12-09T03:40:36.210+0000][1][safepoint    ] Application time: 1.0050602 seconds
[2019-12-09T03:40:36.210+0000][1][safepoint    ] Entering safepoint region: Cleanup
[2019-12-09T03:40:36.210+0000][1][safepoint    ] Leaving safepoint region
[2019-12-09T03:40:36.210+0000][1][safepoint    ] Total time for which application threads were stopped: 0.0001116 seconds, Stopping threads took: 0.0000250 seconds
[2019-12-09T03:40:38.210+0000][1][safepoint    ] Application time: 2.0001437 seconds
[2019-12-09T03:40:38.210+0000][1][safepoint    ] Entering safepoint region: Cleanup
[2019-12-09T03:40:38.210+0000][1][safepoint    ] Leaving safepoint region
[2019-12-09T03:40:38.210+0000][1][safepoint    ] Total time for which application threads were stopped: 0.0000832 seconds, Stopping threads took: 0.0000174 seconds
[2019-12-09T03:40:39.213+0000][1][safepoint    ] Application time: 1.0025751 seconds
[2019-12-09T03:40:39.213+0000][1][safepoint    ] Entering safepoint region: Cleanup
[2019-12-09T03:40:39.213+0000][1][safepoint    ] Leaving safepoint region
[2019-12-09T03:40:39.213+0000][1][safepoint    ] Total time for which application threads were stopped: 0.0001066 seconds, Stopping threads took: 0.0000229 seconds
[2019-12-09T03:40:40.213+0000][1][safepoint    ] Application time: 1.0000784 seconds
[2019-12-09T03:40:40.213+0000][1][safepoint    ] Entering safepoint region: Cleanup
[2019-12-09T03:40:40.213+0000][1][safepoint    ] Leaving safepoint region
[2019-12-09T03:40:40.213+0000][1][safepoint    ] Total time for which application threads were stopped: 0.0000823 seconds, Stopping threads took: 0.0000191 seconds
[2019-12-09T03:40:41.213+0000][1][safepoint    ] Application time: 1.0000759 seconds
[2019-12-09T03:40:41.213+0000][1][safepoint    ] Entering safepoint region: Cleanup
[2019-12-09T03:40:41.213+0000][1][safepoint    ] Leaving safepoint region
[2019-12-09T03:40:41.213+0000][1][safepoint    ] Total time for which application threads were stopped: 0.0001013 seconds, Stopping threads took: 0.0000334 seconds
[2019-12-09T03:40:42.213+0000][1][safepoint    ] Application time: 1.0000756 seconds
[2019-12-09T03:40:42.213+0000][1][safepoint    ] Entering safepoint region: Cleanup
[2019-12-09T03:40:42.213+0000][1][safepoint    ] Leaving safepoint region
[2019-12-09T03:40:42.213+0000][1][safepoint    ] Total time for which application threads were stopped: 0.0000806 seconds, Stopping threads took: 0.0000170 seconds
[2019-12-09T03:40:44.214+0000][1][safepoint    ] Application time: 2.0001434 seconds
[2019-12-09T03:40:44.214+0000][1][safepoint    ] Entering safepoint region: Cleanup
[2019-12-09T03:40:44.214+0000][1][safepoint    ] Leaving safepoint region
[2019-12-09T03:40:44.214+0000][1][safepoint    ] Total time for which application threads were stopped: 0.0001038 seconds, Stopping threads took: 0.0000344 seconds
[2019-12-09T03:40:45.214+0000][1][safepoint    ] Application time: 1.0000781 seconds
[2019-12-09T03:40:45.214+0000][1][safepoint    ] Entering safepoint region: Cleanup
[2019-12-09T03:40:45.214+0000][1][safepoint    ] Leaving safepoint region
[2019-12-09T03:40:45.214+0000][1][safepoint    ] Total time for which application threads were stopped: 0.0000896 seconds, Stopping threads took: 0.0000173 seconds
[2019-12-09T03:40:48.214+0000][1][safepoint    ] Application time: 3.0002189 seconds
[2019-12-09T03:40:48.214+0000][1][safepoint    ] Entering safepoint region: Cleanup
[2019-12-09T03:40:48.214+0000][1][safepoint    ] Leaving safepoint region
[2019-12-09T03:40:48.214+0000][1][safepoint    ] Total time for which application threads were stopped: 0.0000831 seconds, Stopping threads took: 0.0000191 seconds
[2019-12-09T03:40:49.214+0000][1][safepoint    ] Application time: 1.0000782 seconds
[2019-12-09T03:40:49.214+0000][1][safepoint    ] Entering safepoint region: Cleanup
[2019-12-09T03:40:49.215+0000][1][safepoint    ] Leaving safepoint region
[2019-12-09T03:40:49.215+0000][1][safepoint    ] Total time for which application threads were stopped: 0.0000869 seconds, Stopping threads took: 0.0000203 seconds
[2019-12-09T03:40:50.215+0000][1][safepoint    ] Application time: 1.0000770 seconds
[2019-12-09T03:40:50.215+0000][1][safepoint    ] Entering safepoint region: Cleanup
[2019-12-09T03:40:50.215+0000][1][safepoint    ] Leaving safepoint region
[2019-12-09T03:40:50.215+0000][1][safepoint    ] Total time for which application threads were stopped: 0.0000953 seconds, Stopping threads took: 0.0000180 seconds
[2019-12-09T03:40:50.484+0000][1][safepoint    ] Application time: 0.2691660 seconds
[2019-12-09T03:40:50.484+0000][1][safepoint    ] Entering safepoint region: GenCollectForAllocation
[2019-12-09T03:40:50.484+0000][1][gc,start     ] GC(22) Pause Young (Allocation Failure)
[2019-12-09T03:40:50.484+0000][1][gc,task      ] GC(22) Using 2 workers of 2 for evacuation
[2019-12-09T03:40:50.513+0000][1][gc,age       ] GC(22) Desired survivor size 4456448 bytes, new threshold 6 (max threshold 6)
[2019-12-09T03:40:50.513+0000][1][gc,age       ] GC(22) Age table with threshold 6 (max threshold 6)
[2019-12-09T03:40:50.513+0000][1][gc,age       ] GC(22) - age   1:     749976 bytes,     749976 total
[2019-12-09T03:40:50.513+0000][1][gc,age       ] GC(22) - age   2:    2707360 bytes,    3457336 total
[2019-12-09T03:40:50.513+0000][1][gc,heap      ] GC(22) ParNew: 78351K->5666K(78656K)
[2019-12-09T03:40:50.513+0000][1][gc,heap      ] GC(22) CMS: 62313K->66328K(174784K)
[2019-12-09T03:40:50.513+0000][1][gc,metaspace ] GC(22) Metaspace: 67992K->67992K(1112064K)
[2019-12-09T03:40:50.513+0000][1][gc           ] GC(22) Pause Young (Allocation Failure) 137M->70M(247M) 29.314ms
[2019-12-09T03:40:50.513+0000][1][gc,cpu       ] GC(22) User=0.04s Sys=0.00s Real=0.03s
[2019-12-09T03:40:50.513+0000][1][safepoint    ] Leaving safepoint region
[2019-12-09T03:40:50.513+0000][1][safepoint    ] Total time for which application threads were stopped: 0.0294847 seconds, Stopping threads took: 0.0000216 seconds
[2019-12-09T03:40:51.514+0000][1][safepoint    ] Application time: 1.0000956 seconds
[2019-12-09T03:40:51.514+0000][1][safepoint    ] Entering safepoint region: Cleanup
[2019-12-09T03:40:51.514+0000][1][safepoint    ] Leaving safepoint region
[2019-12-09T03:40:51.514+0000][1][safepoint    ] Total time for which application threads were stopped: 0.0001007 seconds, Stopping threads took: 0.0000173 seconds
[2019-12-09T03:40:55.514+0000][1][safepoint    ] Application time: 4.0002863 seconds
[2019-12-09T03:40:55.514+0000][1][safepoint    ] Entering safepoint region: Cleanup
[2019-12-09T03:40:55.514+0000][1][safepoint    ] Leaving safepoint region
[2019-12-09T03:40:55.514+0000][1][safepoint    ] Total time for which application threads were stopped: 0.0000848 seconds, Stopping threads took: 0.0000176 seconds
[2019-12-09T03:40:56.514+0000][1][safepoint    ] Application time: 1.0000771 seconds
[2019-12-09T03:40:56.514+0000][1][safepoint    ] Entering safepoint region: Cleanup
[2019-12-09T03:40:56.514+0000][1][safepoint    ] Leaving safepoint region
[2019-12-09T03:40:56.514+0000][1][safepoint    ] Total time for which application threads were stopped: 0.0000828 seconds, Stopping threads took: 0.0000170 seconds
[2019-12-09T03:40:58.514+0000][1][safepoint    ] Application time: 2.0001546 seconds
[2019-12-09T03:40:58.515+0000][1][safepoint    ] Entering safepoint region: Cleanup
[2019-12-09T03:40:58.515+0000][1][safepoint    ] Leaving safepoint region
[2019-12-09T03:40:58.515+0000][1][safepoint    ] Total time for which application threads were stopped: 0.0000827 seconds, Stopping threads took: 0.0000173 seconds
[2019-12-09T03:41:00.515+0000][1][safepoint    ] Application time: 2.0001483 seconds
[2019-12-09T03:41:00.515+0000][1][safepoint    ] Entering safepoint region: Cleanup
[2019-12-09T03:41:00.515+0000][1][safepoint    ] Leaving safepoint region
[2019-12-09T03:41:00.515+0000][1][safepoint    ] Total time for which application threads were stopped: 0.0000880 seconds, Stopping threads took: 0.0000263 seconds
[2019-12-09T03:41:01.515+0000][1][safepoint    ] Application time: 1.0003006 seconds
[2019-12-09T03:41:01.515+0000][1][safepoint    ] Entering safepoint region: Cleanup
[2019-12-09T03:41:01.515+0000][1][safepoint    ] Leaving safepoint region
[2019-12-09T03:41:01.515+0000][1][safepoint    ] Total time for which application threads were stopped: 0.0001050 seconds, Stopping threads took: 0.0000237 seconds
[2019-12-09T03:41:03.515+0000][1][safepoint    ] Application time: 2.0001505 seconds
[2019-12-09T03:41:03.516+0000][1][safepoint    ] Entering safepoint region: Cleanup
[2019-12-09T03:41:03.516+0000][1][safepoint    ] Leaving safepoint region
[2019-12-09T03:41:03.516+0000][1][safepoint    ] Total time for which application threads were stopped: 0.0000853 seconds, Stopping threads took: 0.0000167 seconds
[2019-12-09T03:41:06.516+0000][1][safepoint    ] Application time: 3.0002276 seconds
[2019-12-09T03:41:06.516+0000][1][safepoint    ] Entering safepoint region: Cleanup
[2019-12-09T03:41:06.516+0000][1][safepoint    ] Leaving safepoint region
[2019-12-09T03:41:06.516+0000][1][safepoint    ] Total time for which application threads were stopped: 0.0000834 seconds, Stopping threads took: 0.0000161 seconds
[2019-12-09T03:41:10.516+0000][1][safepoint    ] Application time: 4.0002812 seconds
[2019-12-09T03:41:10.516+0000][1][safepoint    ] Entering safepoint region: Cleanup
[2019-12-09T03:41:10.516+0000][1][safepoint    ] Leaving safepoint region
[2019-12-09T03:41:10.516+0000][1][safepoint    ] Total time for which application threads were stopped: 0.0000828 seconds, Stopping threads took: 0.0000171 seconds
[2019-12-09T03:41:12.517+0000][1][safepoint    ] Application time: 2.0001452 seconds
[2019-12-09T03:41:12.517+0000][1][safepoint    ] Entering safepoint region: Cleanup
[2019-12-09T03:41:12.517+0000][1][safepoint    ] Leaving safepoint region
[2019-12-09T03:41:12.517+0000][1][safepoint    ] Total time for which application threads were stopped: 0.0000879 seconds, Stopping threads took: 0.0000177 seconds
[2019-12-09T03:41:13.517+0000][1][safepoint    ] Application time: 1.0000392 seconds
[2019-12-09T03:41:13.517+0000][1][safepoint    ] Entering safepoint region: Cleanup
[2019-12-09T03:41:13.517+0000][1][safepoint    ] Leaving safepoint region
[2019-12-09T03:41:13.517+0000][1][safepoint    ] Total time for which application threads were stopped: 0.0000790 seconds, Stopping threads took: 0.0000170 seconds
[2019-12-09T03:41:15.517+0000][1][safepoint    ] Application time: 2.0001462 seconds
[2019-12-09T03:41:15.517+0000][1][safepoint    ] Entering safepoint region: Cleanup
[2019-12-09T03:41:15.517+0000][1][safepoint    ] Leaving safepoint region
[2019-12-09T03:41:15.517+0000][1][safepoint    ] Total time for which application threads were stopped: 0.0000796 seconds, Stopping threads took: 0.0000172 seconds
[2019-12-09T03:41:18.518+0000][1][safepoint    ] Application time: 3.0012254 seconds
[2019-12-09T03:41:18.518+0000][1][safepoint    ] Entering safepoint region: Cleanup
[2019-12-09T03:41:18.518+0000][1][safepoint    ] Leaving safepoint region
[2019-12-09T03:41:18.518+0000][1][safepoint    ] Total time for which application threads were stopped: 0.0001170 seconds, Stopping threads took: 0.0000218 seconds
[2019-12-09T03:41:24.519+0000][1][safepoint    ] Application time: 6.0004181 seconds
[2019-12-09T03:41:24.519+0000][1][safepoint    ] Entering safepoint region: Cleanup
[2019-12-09T03:41:24.519+0000][1][safepoint    ] Leaving safepoint region
[2019-12-09T03:41:24.519+0000][1][safepoint    ] Total time for which application threads were stopped: 0.0000804 seconds, Stopping threads took: 0.0000182 seconds
[2019-12-09T03:41:25.519+0000][1][safepoint    ] Application time: 1.0000758 seconds
[2019-12-09T03:41:25.519+0000][1][safepoint    ] Entering safepoint region: Cleanup
[2019-12-09T03:41:25.519+0000][1][safepoint    ] Leaving safepoint region
[2019-12-09T03:41:25.519+0000][1][safepoint    ] Total time for which application threads were stopped: 0.0000795 seconds, Stopping threads took: 0.0000175 seconds
[2019-12-09T03:41:28.519+0000][1][safepoint    ] Application time: 3.0002083 seconds
[2019-12-09T03:41:28.519+0000][1][safepoint    ] Entering safepoint region: Cleanup
[2019-12-09T03:41:28.520+0000][1][safepoint    ] Leaving safepoint region
[2019-12-09T03:41:28.520+0000][1][safepoint    ] Total time for which application threads were stopped: 0.0001032 seconds, Stopping threads took: 0.0000329 seconds
[2019-12-09T03:41:30.520+0000][1][safepoint    ] Application time: 2.0001462 seconds
[2019-12-09T03:41:30.520+0000][1][safepoint    ] Entering safepoint region: Cleanup
[2019-12-09T03:41:30.520+0000][1][safepoint    ] Leaving safepoint region
[2019-12-09T03:41:30.520+0000][1][safepoint    ] Total time for which application threads were stopped: 0.0000889 seconds, Stopping threads took: 0.0000250 seconds
[2019-12-09T03:41:31.520+0000][1][safepoint    ] Application time: 1.0000784 seconds
[2019-12-09T03:41:31.520+0000][1][safepoint    ] Entering safepoint region: Cleanup
[2019-12-09T03:41:31.520+0000][1][safepoint    ] Leaving safepoint region
[2019-12-09T03:41:31.520+0000][1][safepoint    ] Total time for which application threads were stopped: 0.0000790 seconds, Stopping threads took: 0.0000175 seconds
[2019-12-09T03:41:33.520+0000][1][safepoint    ] Application time: 2.0001434 seconds
[2019-12-09T03:41:33.520+0000][1][safepoint    ] Entering safepoint region: Cleanup
[2019-12-09T03:41:33.520+0000][1][safepoint    ] Leaving safepoint region
[2019-12-09T03:41:33.520+0000][1][safepoint    ] Total time for which application threads were stopped: 0.0000890 seconds, Stopping threads took: 0.0000196 seconds
[2019-12-09T03:41:34.520+0000][1][safepoint    ] Application time: 1.0000763 seconds
[2019-12-09T03:41:34.520+0000][1][safepoint    ] Entering safepoint region: Cleanup
[2019-12-09T03:41:34.520+0000][1][safepoint    ] Leaving safepoint region
[2019-12-09T03:41:34.520+0000][1][safepoint    ] Total time for which application threads were stopped: 0.0000815 seconds, Stopping threads took: 0.0000164 seconds
[2019-12-09T03:41:38.523+0000][1][safepoint    ] Application time: 4.0022872 seconds
[2019-12-09T03:41:38.523+0000][1][safepoint    ] Entering safepoint region: Cleanup
[2019-12-09T03:41:38.523+0000][1][safepoint    ] Leaving safepoint region
[2019-12-09T03:41:38.523+0000][1][safepoint    ] Total time for which application threads were stopped: 0.0000772 seconds, Stopping threads took: 0.0000160 seconds
[2019-12-09T03:41:42.523+0000][1][safepoint    ] Application time: 4.0002773 seconds
[2019-12-09T03:41:42.523+0000][1][safepoint    ] Entering safepoint region: Cleanup
[2019-12-09T03:41:42.523+0000][1][safepoint    ] Leaving safepoint region
[2019-12-09T03:41:42.523+0000][1][safepoint    ] Total time for which application threads were stopped: 0.0000786 seconds, Stopping threads took: 0.0000176 seconds
[2019-12-09T03:41:46.524+0000][1][safepoint    ] Application time: 4.0002824 seconds
[2019-12-09T03:41:46.524+0000][1][safepoint    ] Entering safepoint region: Cleanup
[2019-12-09T03:41:46.524+0000][1][safepoint    ] Leaving safepoint region
[2019-12-09T03:41:46.524+0000][1][safepoint    ] Total time for which application threads were stopped: 0.0000952 seconds, Stopping threads took: 0.0000164 seconds
[2019-12-09T03:41:50.524+0000][1][safepoint    ] Application time: 4.0002755 seconds
[2019-12-09T03:41:50.524+0000][1][safepoint    ] Entering safepoint region: Cleanup
[2019-12-09T03:41:50.524+0000][1][safepoint    ] Leaving safepoint region
[2019-12-09T03:41:50.524+0000][1][safepoint    ] Total time for which application threads were stopped: 0.0000805 seconds, Stopping threads took: 0.0000166 seconds
[2019-12-09T03:41:51.524+0000][1][safepoint    ] Application time: 1.0000777 seconds
[2019-12-09T03:41:51.524+0000][1][safepoint    ] Entering safepoint region: Cleanup
[2019-12-09T03:41:51.524+0000][1][safepoint    ] Leaving safepoint region
[2019-12-09T03:41:51.524+0000][1][safepoint    ] Total time for which application threads were stopped: 0.0000802 seconds, Stopping threads took: 0.0000185 seconds
[2019-12-09T03:41:55.525+0000][1][safepoint    ] Application time: 4.0002783 seconds
[2019-12-09T03:41:55.525+0000][1][safepoint    ] Entering safepoint region: Cleanup
[2019-12-09T03:41:55.525+0000][1][safepoint    ] Leaving safepoint region
[2019-12-09T03:41:55.525+0000][1][safepoint    ] Total time for which application threads were stopped: 0.0000969 seconds, Stopping threads took: 0.0000193 seconds
[2019-12-09T03:41:56.525+0000][1][safepoint    ] Application time: 1.0000751 seconds
[2019-12-09T03:41:56.525+0000][1][safepoint    ] Entering safepoint region: Cleanup
[2019-12-09T03:41:56.525+0000][1][safepoint    ] Leaving safepoint region
[2019-12-09T03:41:56.525+0000][1][safepoint    ] Total time for which application threads were stopped: 0.0000849 seconds, Stopping threads took: 0.0000166 seconds
[2019-12-09T03:41:58.525+0000][1][safepoint    ] Application time: 2.0001446 seconds
[2019-12-09T03:41:58.525+0000][1][safepoint    ] Entering safepoint region: Cleanup
[2019-12-09T03:41:58.525+0000][1][safepoint    ] Leaving safepoint region
[2019-12-09T03:41:58.525+0000][1][safepoint    ] Total time for which application threads were stopped: 0.0000800 seconds, Stopping threads took: 0.0000178 seconds
[2019-12-09T03:42:01.526+0000][1][safepoint    ] Application time: 3.0005552 seconds
[2019-12-09T03:42:01.526+0000][1][safepoint    ] Entering safepoint region: Cleanup
[2019-12-09T03:42:01.526+0000][1][safepoint    ] Leaving safepoint region
[2019-12-09T03:42:01.526+0000][1][safepoint    ] Total time for which application threads were stopped: 0.0000966 seconds, Stopping threads took: 0.0000270 seconds
[2019-12-09T03:42:05.526+0000][1][safepoint    ] Application time: 4.0002756 seconds
[2019-12-09T03:42:05.526+0000][1][safepoint    ] Entering safepoint region: Cleanup
[2019-12-09T03:42:05.526+0000][1][safepoint    ] Leaving safepoint region
[2019-12-09T03:42:05.526+0000][1][safepoint    ] Total time for which application threads were stopped: 0.0000851 seconds, Stopping threads took: 0.0000192 seconds
[2019-12-09T03:42:06.526+0000][1][safepoint    ] Application time: 1.0000756 seconds
[2019-12-09T03:42:06.526+0000][1][safepoint    ] Entering safepoint region: Cleanup
[2019-12-09T03:42:06.527+0000][1][safepoint    ] Leaving safepoint region
[2019-12-09T03:42:06.527+0000][1][safepoint    ] Total time for which application threads were stopped: 0.0000849 seconds, Stopping threads took: 0.0000176 seconds
[2019-12-09T03:42:08.527+0000][1][safepoint    ] Application time: 2.0001530 seconds
[2019-12-09T03:42:08.527+0000][1][safepoint    ] Entering safepoint region: Cleanup
[2019-12-09T03:42:08.527+0000][1][safepoint    ] Leaving safepoint region
[2019-12-09T03:42:08.527+0000][1][safepoint    ] Total time for which application threads were stopped: 0.0000808 seconds, Stopping threads took: 0.0000178 seconds
[2019-12-09T03:42:11.527+0000][1][safepoint    ] Application time: 3.0002109 seconds
[2019-12-09T03:42:11.527+0000][1][safepoint    ] Entering safepoint region: Cleanup
[2019-12-09T03:42:11.527+0000][1][safepoint    ] Leaving safepoint region
[2019-12-09T03:42:11.527+0000][1][safepoint    ] Total time for which application threads were stopped: 0.0000852 seconds, Stopping threads took: 0.0000171 seconds
[2019-12-09T03:42:13.527+0000][1][safepoint    ] Application time: 2.0001406 seconds
[2019-12-09T03:42:13.527+0000][1][safepoint    ] Entering safepoint region: Cleanup
[2019-12-09T03:42:13.527+0000][1][safepoint    ] Leaving safepoint region
[2019-12-09T03:42:13.527+0000][1][safepoint    ] Total time for which application threads were stopped: 0.0000953 seconds, Stopping threads took: 0.0000190 seconds
[2019-12-09T03:42:19.528+0000][1][safepoint    ] Application time: 6.0004076 seconds
[2019-12-09T03:42:19.528+0000][1][safepoint    ] Entering safepoint region: Cleanup
[2019-12-09T03:42:19.528+0000][1][safepoint    ] Leaving safepoint region
[2019-12-09T03:42:19.528+0000][1][safepoint    ] Total time for which application threads were stopped: 0.0000803 seconds, Stopping threads took: 0.0000158 seconds
[2019-12-09T03:42:20.528+0000][1][safepoint    ] Application time: 1.0000752 seconds
[2019-12-09T03:42:20.528+0000][1][safepoint    ] Entering safepoint region: Cleanup
[2019-12-09T03:42:20.528+0000][1][safepoint    ] Leaving safepoint region
[2019-12-09T03:42:20.528+0000][1][safepoint    ] Total time for which application threads were stopped: 0.0000839 seconds, Stopping threads took: 0.0000171 seconds
[2019-12-09T03:42:21.528+0000][1][safepoint    ] Application time: 1.0000863 seconds
[2019-12-09T03:42:21.528+0000][1][safepoint    ] Entering safepoint region: Cleanup
[2019-12-09T03:42:21.528+0000][1][safepoint    ] Leaving safepoint region
[2019-12-09T03:42:21.528+0000][1][safepoint    ] Total time for which application threads were stopped: 0.0001324 seconds, Stopping threads took: 0.0000234 seconds
[2019-12-09T03:42:23.529+0000][1][safepoint    ] Application time: 2.0001436 seconds
[2019-12-09T03:42:23.529+0000][1][safepoint    ] Entering safepoint region: Cleanup
[2019-12-09T03:42:23.529+0000][1][safepoint    ] Leaving safepoint region
[2019-12-09T03:42:23.529+0000][1][safepoint    ] Total time for which application threads were stopped: 0.0000907 seconds, Stopping threads took: 0.0000166 seconds
[2019-12-09T03:42:26.529+0000][1][safepoint    ] Application time: 3.0002113 seconds
[2019-12-09T03:42:26.529+0000][1][safepoint    ] Entering safepoint region: Cleanup
[2019-12-09T03:42:26.529+0000][1][safepoint    ] Leaving safepoint region
[2019-12-09T03:42:26.529+0000][1][safepoint    ] Total time for which application threads were stopped: 0.0000872 seconds, Stopping threads took: 0.0000166 seconds
[2019-12-09T03:42:28.529+0000][1][safepoint    ] Application time: 2.0001420 seconds
[2019-12-09T03:42:28.529+0000][1][safepoint    ] Entering safepoint region: Cleanup
[2019-12-09T03:42:28.529+0000][1][safepoint    ] Leaving safepoint region
[2019-12-09T03:42:28.529+0000][1][safepoint    ] Total time for which application threads were stopped: 0.0001011 seconds, Stopping threads took: 0.0000198 seconds
[2019-12-09T03:42:34.530+0000][1][safepoint    ] Application time: 6.0004155 seconds
[2019-12-09T03:42:34.530+0000][1][safepoint    ] Entering safepoint region: Cleanup
[2019-12-09T03:42:34.530+0000][1][safepoint    ] Leaving safepoint region
[2019-12-09T03:42:34.530+0000][1][safepoint    ] Total time for which application threads were stopped: 0.0000932 seconds, Stopping threads took: 0.0000281 seconds
[2019-12-09T03:42:39.530+0000][1][safepoint    ] Application time: 5.0003629 seconds
[2019-12-09T03:42:39.530+0000][1][safepoint    ] Entering safepoint region: Cleanup
[2019-12-09T03:42:39.530+0000][1][safepoint    ] Leaving safepoint region
[2019-12-09T03:42:39.530+0000][1][safepoint    ] Total time for which application threads were stopped: 0.0001106 seconds, Stopping threads took: 0.0000247 seconds
[2019-12-09T03:42:42.531+0000][1][safepoint    ] Application time: 3.0002168 seconds
[2019-12-09T03:42:42.531+0000][1][safepoint    ] Entering safepoint region: Cleanup
[2019-12-09T03:42:42.531+0000][1][safepoint    ] Leaving safepoint region
[2019-12-09T03:42:42.531+0000][1][safepoint    ] Total time for which application threads were stopped: 0.0000856 seconds, Stopping threads took: 0.0000175 seconds
[2019-12-09T03:42:44.531+0000][1][safepoint    ] Application time: 2.0001409 seconds
[2019-12-09T03:42:44.531+0000][1][safepoint    ] Entering safepoint region: Cleanup
[2019-12-09T03:42:44.531+0000][1][safepoint    ] Leaving safepoint region
[2019-12-09T03:42:44.531+0000][1][safepoint    ] Total time for which application threads were stopped: 0.0000836 seconds, Stopping threads took: 0.0000200 seconds
[2019-12-09T03:42:47.905+0000][1][safepoint    ] Application time: 3.3736705 seconds
[2019-12-09T03:42:47.905+0000][1][safepoint    ] Entering safepoint region: GenCollectForAllocation
[2019-12-09T03:42:47.905+0000][1][gc,start     ] GC(23) Pause Young (Allocation Failure)
[2019-12-09T03:42:47.905+0000][1][gc,task      ] GC(23) Using 2 workers of 2 for evacuation
[2019-12-09T03:42:47.915+0000][1][gc,age       ] GC(23) Desired survivor size 4456448 bytes, new threshold 6 (max threshold 6)
[2019-12-09T03:42:47.915+0000][1][gc,age       ] GC(23) Age table with threshold 6 (max threshold 6)
[2019-12-09T03:42:47.915+0000][1][gc,age       ] GC(23) - age   1:       7704 bytes,       7704 total
[2019-12-09T03:42:47.915+0000][1][gc,age       ] GC(23) - age   2:     739184 bytes,     746888 total
[2019-12-09T03:42:47.915+0000][1][gc,age       ] GC(23) - age   3:    2707360 bytes,    3454248 total
[2019-12-09T03:42:47.915+0000][1][gc,heap      ] GC(23) ParNew: 75589K->5365K(78656K)
[2019-12-09T03:42:47.915+0000][1][gc,heap      ] GC(23) CMS: 66328K->66328K(174784K)
[2019-12-09T03:42:47.915+0000][1][gc,metaspace ] GC(23) Metaspace: 68228K->68228K(1112064K)
[2019-12-09T03:42:47.915+0000][1][gc           ] GC(23) Pause Young (Allocation Failure) 138M->70M(247M) 10.237ms
[2019-12-09T03:42:47.915+0000][1][gc,cpu       ] GC(23) User=0.02s Sys=0.00s Real=0.01s
[2019-12-09T03:42:47.915+0000][1][safepoint    ] Leaving safepoint region
[2019-12-09T03:42:47.915+0000][1][safepoint    ] Total time for which application threads were stopped: 0.0104055 seconds, Stopping threads took: 0.0000165 seconds
[2019-12-09T03:42:58.916+0000][1][safepoint    ] Application time: 11.0011501 seconds
[2019-12-09T03:42:58.916+0000][1][safepoint    ] Entering safepoint region: Cleanup
[2019-12-09T03:42:58.916+0000][1][safepoint    ] Leaving safepoint region
[2019-12-09T03:42:58.916+0000][1][safepoint    ] Total time for which application threads were stopped: 0.0000787 seconds, Stopping threads took: 0.0000190 seconds
[2019-12-09T03:43:05.917+0000][1][safepoint    ] Application time: 7.0004866 seconds
[2019-12-09T03:43:05.917+0000][1][safepoint    ] Entering safepoint region: Cleanup
[2019-12-09T03:43:05.917+0000][1][safepoint    ] Leaving safepoint region
[2019-12-09T03:43:05.917+0000][1][safepoint    ] Total time for which application threads were stopped: 0.0000937 seconds, Stopping threads took: 0.0000259 seconds
[2019-12-09T03:43:10.917+0000][1][safepoint    ] Application time: 5.0003458 seconds
[2019-12-09T03:43:10.917+0000][1][safepoint    ] Entering safepoint region: Cleanup
[2019-12-09T03:43:10.918+0000][1][safepoint    ] Leaving safepoint region
[2019-12-09T03:43:10.918+0000][1][safepoint    ] Total time for which application threads were stopped: 0.0000798 seconds, Stopping threads took: 0.0000186 seconds
[2019-12-09T03:43:11.918+0000][1][safepoint    ] Application time: 1.0000794 seconds
[2019-12-09T03:43:11.918+0000][1][safepoint    ] Entering safepoint region: Cleanup
[2019-12-09T03:43:11.918+0000][1][safepoint    ] Leaving safepoint region
[2019-12-09T03:43:11.918+0000][1][safepoint    ] Total time for which application threads were stopped: 0.0000859 seconds, Stopping threads took: 0.0000162 seconds
[2019-12-09T03:43:12.918+0000][1][safepoint    ] Application time: 1.0000767 seconds
[2019-12-09T03:43:12.918+0000][1][safepoint    ] Entering safepoint region: Cleanup
[2019-12-09T03:43:12.918+0000][1][safepoint    ] Leaving safepoint region
[2019-12-09T03:43:12.918+0000][1][safepoint    ] Total time for which application threads were stopped: 0.0000811 seconds, Stopping threads took: 0.0000177 seconds
[2019-12-09T03:43:15.918+0000][1][safepoint    ] Application time: 3.0002094 seconds
[2019-12-09T03:43:15.918+0000][1][safepoint    ] Entering safepoint region: Cleanup
[2019-12-09T03:43:15.918+0000][1][safepoint    ] Leaving safepoint region
[2019-12-09T03:43:15.918+0000][1][safepoint    ] Total time for which application threads were stopped: 0.0000803 seconds, Stopping threads took: 0.0000156 seconds
[2019-12-09T03:43:18.918+0000][1][safepoint    ] Application time: 3.0002069 seconds
[2019-12-09T03:43:18.919+0000][1][safepoint    ] Entering safepoint region: Cleanup
[2019-12-09T03:43:18.919+0000][1][safepoint    ] Leaving safepoint region
[2019-12-09T03:43:18.919+0000][1][safepoint    ] Total time for which application threads were stopped: 0.0000841 seconds, Stopping threads took: 0.0000176 seconds
[2019-12-09T03:43:19.919+0000][1][safepoint    ] Application time: 1.0000749 seconds
[2019-12-09T03:43:19.919+0000][1][safepoint    ] Entering safepoint region: Cleanup
[2019-12-09T03:43:19.919+0000][1][safepoint    ] Leaving safepoint region
[2019-12-09T03:43:19.919+0000][1][safepoint    ] Total time for which application threads were stopped: 0.0000843 seconds, Stopping threads took: 0.0000187 seconds
[2019-12-09T03:43:20.919+0000][1][safepoint    ] Application time: 1.0000742 seconds
[2019-12-09T03:43:20.919+0000][1][safepoint    ] Entering safepoint region: Cleanup
[2019-12-09T03:43:20.919+0000][1][safepoint    ] Leaving safepoint region
[2019-12-09T03:43:20.919+0000][1][safepoint    ] Total time for which application threads were stopped: 0.0000929 seconds, Stopping threads took: 0.0000170 seconds
[2019-12-09T03:43:23.920+0000][1][safepoint    ] Application time: 3.0006820 seconds
[2019-12-09T03:43:23.920+0000][1][safepoint    ] Entering safepoint region: Cleanup
[2019-12-09T03:43:23.920+0000][1][safepoint    ] Leaving safepoint region
[2019-12-09T03:43:23.920+0000][1][safepoint    ] Total time for which application threads were stopped: 0.0001165 seconds, Stopping threads took: 0.0000319 seconds
[2019-12-09T03:43:25.920+0000][1][safepoint    ] Application time: 2.0001461 seconds
[2019-12-09T03:43:25.920+0000][1][safepoint    ] Entering safepoint region: Cleanup
[2019-12-09T03:43:25.920+0000][1][safepoint    ] Leaving safepoint region
[2019-12-09T03:43:25.920+0000][1][safepoint    ] Total time for which application threads were stopped: 0.0000845 seconds, Stopping threads took: 0.0000190 seconds
[2019-12-09T03:43:26.920+0000][1][safepoint    ] Application time: 1.0000758 seconds
[2019-12-09T03:43:26.920+0000][1][safepoint    ] Entering safepoint region: Cleanup
[2019-12-09T03:43:26.920+0000][1][safepoint    ] Leaving safepoint region
[2019-12-09T03:43:26.920+0000][1][safepoint    ] Total time for which application threads were stopped: 0.0000796 seconds, Stopping threads took: 0.0000172 seconds
[2019-12-09T03:43:27.920+0000][1][safepoint    ] Application time: 1.0000785 seconds
[2019-12-09T03:43:27.920+0000][1][safepoint    ] Entering safepoint region: Cleanup
[2019-12-09T03:43:27.921+0000][1][safepoint    ] Leaving safepoint region
[2019-12-09T03:43:27.921+0000][1][safepoint    ] Total time for which application threads were stopped: 0.0000859 seconds, Stopping threads took: 0.0000221 seconds
[2019-12-09T03:43:30.921+0000][1][safepoint    ] Application time: 3.0002129 seconds
[2019-12-09T03:43:30.921+0000][1][safepoint    ] Entering safepoint region: Cleanup
[2019-12-09T03:43:30.921+0000][1][safepoint    ] Leaving safepoint region
[2019-12-09T03:43:30.921+0000][1][safepoint    ] Total time for which application threads were stopped: 0.0000839 seconds, Stopping threads took: 0.0000231 seconds
[2019-12-09T03:43:31.921+0000][1][safepoint    ] Application time: 1.0000773 seconds
[2019-12-09T03:43:31.921+0000][1][safepoint    ] Entering safepoint region: Cleanup
[2019-12-09T03:43:31.921+0000][1][safepoint    ] Leaving safepoint region
[2019-12-09T03:43:31.921+0000][1][safepoint    ] Total time for which application threads were stopped: 0.0000782 seconds, Stopping threads took: 0.0000183 seconds
[2019-12-09T03:43:35.922+0000][1][safepoint    ] Application time: 4.0005231 seconds
[2019-12-09T03:43:35.922+0000][1][safepoint    ] Entering safepoint region: Cleanup
[2019-12-09T03:43:35.922+0000][1][safepoint    ] Leaving safepoint region
[2019-12-09T03:43:35.922+0000][1][safepoint    ] Total time for which application threads were stopped: 0.0001025 seconds, Stopping threads took: 0.0000176 seconds
[2019-12-09T03:43:38.922+0000][1][safepoint    ] Application time: 3.0002238 seconds
[2019-12-09T03:43:38.922+0000][1][safepoint    ] Entering safepoint region: Cleanup
[2019-12-09T03:43:38.922+0000][1][safepoint    ] Leaving safepoint region
[2019-12-09T03:43:38.922+0000][1][safepoint    ] Total time for which application threads were stopped: 0.0000807 seconds, Stopping threads took: 0.0000169 seconds
[2019-12-09T03:43:42.922+0000][1][safepoint    ] Application time: 4.0002875 seconds
[2019-12-09T03:43:42.922+0000][1][safepoint    ] Entering safepoint region: Cleanup
[2019-12-09T03:43:42.922+0000][1][safepoint    ] Leaving safepoint region
[2019-12-09T03:43:42.922+0000][1][safepoint    ] Total time for which application threads were stopped: 0.0000966 seconds, Stopping threads took: 0.0000262 seconds
[2019-12-09T03:43:43.923+0000][1][safepoint    ] Application time: 1.0001380 seconds
[2019-12-09T03:43:43.923+0000][1][safepoint    ] Entering safepoint region: Cleanup
[2019-12-09T03:43:43.923+0000][1][safepoint    ] Leaving safepoint region
[2019-12-09T03:43:43.923+0000][1][safepoint    ] Total time for which application threads were stopped: 0.0001023 seconds, Stopping threads took: 0.0000275 seconds
[2019-12-09T03:43:51.923+0000][1][safepoint    ] Application time: 8.0006354 seconds
[2019-12-09T03:43:51.923+0000][1][safepoint    ] Entering safepoint region: Cleanup
[2019-12-09T03:43:51.924+0000][1][safepoint    ] Leaving safepoint region
[2019-12-09T03:43:51.924+0000][1][safepoint    ] Total time for which application threads were stopped: 0.0000785 seconds, Stopping threads took: 0.0000169 seconds
[2019-12-09T03:43:54.924+0000][1][safepoint    ] Application time: 3.0002145 seconds
[2019-12-09T03:43:54.924+0000][1][safepoint    ] Entering safepoint region: Cleanup
[2019-12-09T03:43:54.924+0000][1][safepoint    ] Leaving safepoint region
[2019-12-09T03:43:54.924+0000][1][safepoint    ] Total time for which application threads were stopped: 0.0000810 seconds, Stopping threads took: 0.0000200 seconds
[2019-12-09T03:43:56.924+0000][1][safepoint    ] Application time: 2.0001447 seconds
[2019-12-09T03:43:56.924+0000][1][safepoint    ] Entering safepoint region: Cleanup
[2019-12-09T03:43:56.924+0000][1][safepoint    ] Leaving safepoint region
[2019-12-09T03:43:56.924+0000][1][safepoint    ] Total time for which application threads were stopped: 0.0000824 seconds, Stopping threads took: 0.0000184 seconds
[2019-12-09T03:43:59.924+0000][1][safepoint    ] Application time: 3.0002122 seconds
[2019-12-09T03:43:59.924+0000][1][safepoint    ] Entering safepoint region: Cleanup
[2019-12-09T03:43:59.924+0000][1][safepoint    ] Leaving safepoint region
[2019-12-09T03:43:59.924+0000][1][safepoint    ] Total time for which application threads were stopped: 0.0000831 seconds, Stopping threads took: 0.0000225 seconds
[2019-12-09T03:44:11.925+0000][1][safepoint    ] Application time: 12.0008248 seconds
[2019-12-09T03:44:11.925+0000][1][safepoint    ] Entering safepoint region: Cleanup
[2019-12-09T03:44:11.925+0000][1][safepoint    ] Leaving safepoint region
[2019-12-09T03:44:11.925+0000][1][safepoint    ] Total time for which application threads were stopped: 0.0000911 seconds, Stopping threads took: 0.0000254 seconds
[2019-12-09T03:44:13.926+0000][1][safepoint    ] Application time: 2.0001431 seconds
[2019-12-09T03:44:13.926+0000][1][safepoint    ] Entering safepoint region: Cleanup
[2019-12-09T03:44:13.926+0000][1][safepoint    ] Leaving safepoint region
[2019-12-09T03:44:13.926+0000][1][safepoint    ] Total time for which application threads were stopped: 0.0000987 seconds, Stopping threads took: 0.0000174 seconds
[2019-12-09T03:44:14.926+0000][1][safepoint    ] Application time: 1.0000745 seconds
[2019-12-09T03:44:14.926+0000][1][safepoint    ] Entering safepoint region: Cleanup
[2019-12-09T03:44:14.926+0000][1][safepoint    ] Leaving safepoint region
[2019-12-09T03:44:14.926+0000][1][safepoint    ] Total time for which application threads were stopped: 0.0000821 seconds, Stopping threads took: 0.0000186 seconds
[2019-12-09T03:44:20.926+0000][1][safepoint    ] Application time: 6.0004132 seconds
[2019-12-09T03:44:20.926+0000][1][safepoint    ] Entering safepoint region: Cleanup
[2019-12-09T03:44:20.926+0000][1][safepoint    ] Leaving safepoint region
[2019-12-09T03:44:20.926+0000][1][safepoint    ] Total time for which application threads were stopped: 0.0000790 seconds, Stopping threads took: 0.0000168 seconds
[2019-12-09T03:44:27.927+0000][1][safepoint    ] Application time: 7.0004861 seconds
[2019-12-09T03:44:27.927+0000][1][safepoint    ] Entering safepoint region: Cleanup
[2019-12-09T03:44:27.927+0000][1][safepoint    ] Leaving safepoint region
[2019-12-09T03:44:27.927+0000][1][safepoint    ] Total time for which application threads were stopped: 0.0000791 seconds, Stopping threads took: 0.0000164 seconds
[2019-12-09T03:44:31.927+0000][1][safepoint    ] Application time: 4.0002776 seconds
[2019-12-09T03:44:31.927+0000][1][safepoint    ] Entering safepoint region: Cleanup
[2019-12-09T03:44:31.927+0000][1][safepoint    ] Leaving safepoint region
[2019-12-09T03:44:31.927+0000][1][safepoint    ] Total time for which application threads were stopped: 0.0000829 seconds, Stopping threads took: 0.0000178 seconds
[2019-12-09T03:44:34.928+0000][1][safepoint    ] Application time: 3.0002181 seconds
[2019-12-09T03:44:34.928+0000][1][safepoint    ] Entering safepoint region: Cleanup
[2019-12-09T03:44:34.928+0000][1][safepoint    ] Leaving safepoint region
[2019-12-09T03:44:34.928+0000][1][safepoint    ] Total time for which application threads were stopped: 0.0000819 seconds, Stopping threads took: 0.0000192 seconds
[2019-12-09T03:44:35.928+0000][1][safepoint    ] Application time: 1.0000776 seconds
[2019-12-09T03:44:35.928+0000][1][safepoint    ] Entering safepoint region: Cleanup
[2019-12-09T03:44:35.928+0000][1][safepoint    ] Leaving safepoint region
[2019-12-09T03:44:35.928+0000][1][safepoint    ] Total time for which application threads were stopped: 0.0000754 seconds, Stopping threads took: 0.0000161 seconds
[2019-12-09T03:44:40.928+0000][1][safepoint    ] Application time: 5.0003526 seconds
[2019-12-09T03:44:40.928+0000][1][safepoint    ] Entering safepoint region: Cleanup
[2019-12-09T03:44:40.928+0000][1][safepoint    ] Leaving safepoint region
[2019-12-09T03:44:40.928+0000][1][safepoint    ] Total time for which application threads were stopped: 0.0000898 seconds, Stopping threads took: 0.0000270 seconds
[2019-12-09T03:44:44.929+0000][1][safepoint    ] Application time: 4.0002763 seconds
[2019-12-09T03:44:44.929+0000][1][safepoint    ] Entering safepoint region: Cleanup
[2019-12-09T03:44:44.929+0000][1][safepoint    ] Leaving safepoint region
[2019-12-09T03:44:44.929+0000][1][safepoint    ] Total time for which application threads were stopped: 0.0000893 seconds, Stopping threads took: 0.0000255 seconds
[2019-12-09T03:44:45.608+0000][1][safepoint    ] Application time: 0.6790470 seconds
[2019-12-09T03:44:45.608+0000][1][safepoint    ] Entering safepoint region: GenCollectForAllocation
[2019-12-09T03:44:45.608+0000][1][gc,start     ] GC(24) Pause Young (Allocation Failure)
[2019-12-09T03:44:45.608+0000][1][gc,task      ] GC(24) Using 2 workers of 2 for evacuation
[2019-12-09T03:44:45.617+0000][1][gc,age       ] GC(24) Desired survivor size 4456448 bytes, new threshold 6 (max threshold 6)
[2019-12-09T03:44:45.617+0000][1][gc,age       ] GC(24) Age table with threshold 6 (max threshold 6)
[2019-12-09T03:44:45.617+0000][1][gc,age       ] GC(24) - age   1:      11304 bytes,      11304 total
[2019-12-09T03:44:45.617+0000][1][gc,age       ] GC(24) - age   2:       4368 bytes,      15672 total
[2019-12-09T03:44:45.617+0000][1][gc,age       ] GC(24) - age   3:     739184 bytes,     754856 total
[2019-12-09T03:44:45.617+0000][1][gc,age       ] GC(24) - age   4:    2533416 bytes,    3288272 total
[2019-12-09T03:44:45.617+0000][1][gc,heap      ] GC(24) ParNew: 75317K->4801K(78656K)
[2019-12-09T03:44:45.617+0000][1][gc,heap      ] GC(24) CMS: 66328K->66328K(174784K)
[2019-12-09T03:44:45.617+0000][1][gc,metaspace ] GC(24) Metaspace: 68353K->68353K(1112064K)
[2019-12-09T03:44:45.617+0000][1][gc           ] GC(24) Pause Young (Allocation Failure) 138M->69M(247M) 8.968ms
[2019-12-09T03:44:45.617+0000][1][gc,cpu       ] GC(24) User=0.02s Sys=0.00s Real=0.01s
[2019-12-09T03:44:45.617+0000][1][safepoint    ] Leaving safepoint region
[2019-12-09T03:44:45.617+0000][1][safepoint    ] Total time for which application threads were stopped: 0.0091149 seconds, Stopping threads took: 0.0000147 seconds
[2019-12-09T03:44:51.618+0000][1][safepoint    ] Application time: 6.0004186 seconds
[2019-12-09T03:44:51.618+0000][1][safepoint    ] Entering safepoint region: Cleanup
[2019-12-09T03:44:51.618+0000][1][safepoint    ] Leaving safepoint region
[2019-12-09T03:44:51.618+0000][1][safepoint    ] Total time for which application threads were stopped: 0.0000814 seconds, Stopping threads took: 0.0000185 seconds
[2019-12-09T03:44:55.618+0000][1][safepoint    ] Application time: 4.0002766 seconds
[2019-12-09T03:44:55.618+0000][1][safepoint    ] Entering safepoint region: Cleanup
[2019-12-09T03:44:55.618+0000][1][safepoint    ] Leaving safepoint region
[2019-12-09T03:44:55.618+0000][1][safepoint    ] Total time for which application threads were stopped: 0.0000821 seconds, Stopping threads took: 0.0000166 seconds
[2019-12-09T03:44:57.618+0000][1][safepoint    ] Application time: 2.0001452 seconds
[2019-12-09T03:44:57.618+0000][1][safepoint    ] Entering safepoint region: Cleanup
[2019-12-09T03:44:57.618+0000][1][safepoint    ] Leaving safepoint region
[2019-12-09T03:44:57.618+0000][1][safepoint    ] Total time for which application threads were stopped: 0.0000834 seconds, Stopping threads took: 0.0000195 seconds
[2019-12-09T03:45:01.619+0000][1][safepoint    ] Application time: 4.0005262 seconds
[2019-12-09T03:45:01.619+0000][1][safepoint    ] Entering safepoint region: Cleanup
[2019-12-09T03:45:01.619+0000][1][safepoint    ] Leaving safepoint region
[2019-12-09T03:45:01.619+0000][1][safepoint    ] Total time for which application threads were stopped: 0.0001092 seconds, Stopping threads took: 0.0000251 seconds
[2019-12-09T03:45:06.619+0000][1][safepoint    ] Application time: 5.0003387 seconds
[2019-12-09T03:45:06.619+0000][1][safepoint    ] Entering safepoint region: Cleanup
[2019-12-09T03:45:06.619+0000][1][safepoint    ] Leaving safepoint region
[2019-12-09T03:45:06.619+0000][1][safepoint    ] Total time for which application threads were stopped: 0.0000817 seconds, Stopping threads took: 0.0000151 seconds
[2019-12-09T03:45:08.620+0000][1][safepoint    ] Application time: 2.0001448 seconds
[2019-12-09T03:45:08.620+0000][1][safepoint    ] Entering safepoint region: Cleanup
[2019-12-09T03:45:08.620+0000][1][safepoint    ] Leaving safepoint region
[2019-12-09T03:45:08.620+0000][1][safepoint    ] Total time for which application threads were stopped: 0.0001075 seconds, Stopping threads took: 0.0000234 seconds
[2019-12-09T03:45:11.621+0000][1][safepoint    ] Application time: 3.0010127 seconds
[2019-12-09T03:45:11.621+0000][1][safepoint    ] Entering safepoint region: Cleanup
[2019-12-09T03:45:11.621+0000][1][safepoint    ] Leaving safepoint region
[2019-12-09T03:45:11.621+0000][1][safepoint    ] Total time for which application threads were stopped: 0.0000999 seconds, Stopping threads took: 0.0000236 seconds
[2019-12-09T03:45:13.621+0000][1][safepoint    ] Application time: 2.0001407 seconds
[2019-12-09T03:45:13.621+0000][1][safepoint    ] Entering safepoint region: Cleanup
[2019-12-09T03:45:13.621+0000][1][safepoint    ] Leaving safepoint region
[2019-12-09T03:45:13.621+0000][1][safepoint    ] Total time for which application threads were stopped: 0.0000811 seconds, Stopping threads took: 0.0000163 seconds
[2019-12-09T03:45:14.621+0000][1][safepoint    ] Application time: 1.0000858 seconds
[2019-12-09T03:45:14.621+0000][1][safepoint    ] Entering safepoint region: Cleanup
[2019-12-09T03:45:14.621+0000][1][safepoint    ] Leaving safepoint region
[2019-12-09T03:45:14.621+0000][1][safepoint    ] Total time for which application threads were stopped: 0.0001256 seconds, Stopping threads took: 0.0000240 seconds
[2019-12-09T03:45:17.622+0000][1][safepoint    ] Application time: 3.0004500 seconds
[2019-12-09T03:45:17.622+0000][1][safepoint    ] Entering safepoint region: Cleanup
[2019-12-09T03:45:17.622+0000][1][safepoint    ] Leaving safepoint region
[2019-12-09T03:45:17.622+0000][1][safepoint    ] Total time for which application threads were stopped: 0.0001114 seconds, Stopping threads took: 0.0000249 seconds
[2019-12-09T03:45:18.622+0000][1][safepoint    ] Application time: 1.0000778 seconds
[2019-12-09T03:45:18.622+0000][1][safepoint    ] Entering safepoint region: Cleanup
[2019-12-09T03:45:18.622+0000][1][safepoint    ] Leaving safepoint region
[2019-12-09T03:45:18.622+0000][1][safepoint    ] Total time for which application threads were stopped: 0.0000834 seconds, Stopping threads took: 0.0000176 seconds
[2019-12-09T03:45:24.623+0000][1][safepoint    ] Application time: 6.0004248 seconds
[2019-12-09T03:45:24.623+0000][1][safepoint    ] Entering safepoint region: Cleanup
[2019-12-09T03:45:24.623+0000][1][safepoint    ] Leaving safepoint region
[2019-12-09T03:45:24.623+0000][1][safepoint    ] Total time for which application threads were stopped: 0.0000862 seconds, Stopping threads took: 0.0000182 seconds
[2019-12-09T03:45:26.623+0000][1][safepoint    ] Application time: 2.0001506 seconds
[2019-12-09T03:45:26.623+0000][1][safepoint    ] Entering safepoint region: Cleanup
[2019-12-09T03:45:26.623+0000][1][safepoint    ] Leaving safepoint region
[2019-12-09T03:45:26.623+0000][1][safepoint    ] Total time for which application threads were stopped: 0.0000890 seconds, Stopping threads took: 0.0000181 seconds
[2019-12-09T03:45:31.623+0000][1][safepoint    ] Application time: 5.0003502 seconds
[2019-12-09T03:45:31.624+0000][1][safepoint    ] Entering safepoint region: Cleanup
[2019-12-09T03:45:31.624+0000][1][safepoint    ] Leaving safepoint region
[2019-12-09T03:45:31.624+0000][1][safepoint    ] Total time for which application threads were stopped: 0.0000829 seconds, Stopping threads took: 0.0000184 seconds
[2019-12-09T03:45:38.624+0000][1][safepoint    ] Application time: 7.0004880 seconds
[2019-12-09T03:45:38.624+0000][1][safepoint    ] Entering safepoint region: Cleanup
[2019-12-09T03:45:38.624+0000][1][safepoint    ] Leaving safepoint region
[2019-12-09T03:45:38.624+0000][1][safepoint    ] Total time for which application threads were stopped: 0.0000828 seconds, Stopping threads took: 0.0000183 seconds
[2019-12-09T03:45:39.624+0000][1][safepoint    ] Application time: 1.0000778 seconds
[2019-12-09T03:45:39.624+0000][1][safepoint    ] Entering safepoint region: Cleanup
[2019-12-09T03:45:39.624+0000][1][safepoint    ] Leaving safepoint region
[2019-12-09T03:45:39.624+0000][1][safepoint    ] Total time for which application threads were stopped: 0.0000898 seconds, Stopping threads took: 0.0000237 seconds
[2019-12-09T03:45:46.625+0000][1][safepoint    ] Application time: 7.0004789 seconds
[2019-12-09T03:45:46.625+0000][1][safepoint    ] Entering safepoint region: Cleanup
[2019-12-09T03:45:46.625+0000][1][safepoint    ] Leaving safepoint region
[2019-12-09T03:45:46.625+0000][1][safepoint    ] Total time for which application threads were stopped: 0.0000911 seconds, Stopping threads took: 0.0000259 seconds
[2019-12-09T03:45:47.625+0000][1][safepoint    ] Application time: 1.0000789 seconds
[2019-12-09T03:45:47.625+0000][1][safepoint    ] Entering safepoint region: Cleanup
[2019-12-09T03:45:47.625+0000][1][safepoint    ] Leaving safepoint region
[2019-12-09T03:45:47.625+0000][1][safepoint    ] Total time for which application threads were stopped: 0.0000860 seconds, Stopping threads took: 0.0000174 seconds
[2019-12-09T03:45:59.630+0000][1][safepoint    ] Application time: 12.0046618 seconds
[2019-12-09T03:45:59.630+0000][1][safepoint    ] Entering safepoint region: Cleanup
[2019-12-09T03:45:59.630+0000][1][safepoint    ] Leaving safepoint region
[2019-12-09T03:45:59.630+0000][1][safepoint    ] Total time for which application threads were stopped: 0.0000859 seconds, Stopping threads took: 0.0000197 seconds
[2019-12-09T03:46:02.630+0000][1][safepoint    ] Application time: 3.0002172 seconds
[2019-12-09T03:46:02.630+0000][1][safepoint    ] Entering safepoint region: Cleanup
[2019-12-09T03:46:02.630+0000][1][safepoint    ] Leaving safepoint region
[2019-12-09T03:46:02.630+0000][1][safepoint    ] Total time for which application threads were stopped: 0.0000920 seconds, Stopping threads took: 0.0000176 seconds
[2019-12-09T03:46:05.631+0000][1][safepoint    ] Application time: 3.0002119 seconds
[2019-12-09T03:46:05.631+0000][1][safepoint    ] Entering safepoint region: Cleanup
[2019-12-09T03:46:05.631+0000][1][safepoint    ] Leaving safepoint region
[2019-12-09T03:46:05.631+0000][1][safepoint    ] Total time for which application threads were stopped: 0.0000958 seconds, Stopping threads took: 0.0000167 seconds
[2019-12-09T03:46:13.631+0000][1][safepoint    ] Application time: 8.0005612 seconds
[2019-12-09T03:46:13.631+0000][1][safepoint    ] Entering safepoint region: Cleanup
[2019-12-09T03:46:13.631+0000][1][safepoint    ] Leaving safepoint region
[2019-12-09T03:46:13.631+0000][1][safepoint    ] Total time for which application threads were stopped: 0.0000914 seconds, Stopping threads took: 0.0000264 seconds
[2019-12-09T03:46:20.632+0000][1][safepoint    ] Application time: 7.0005141 seconds
[2019-12-09T03:46:20.632+0000][1][safepoint    ] Entering safepoint region: Cleanup
[2019-12-09T03:46:20.632+0000][1][safepoint    ] Leaving safepoint region
[2019-12-09T03:46:20.632+0000][1][safepoint    ] Total time for which application threads were stopped: 0.0000836 seconds, Stopping threads took: 0.0000179 seconds
[2019-12-09T03:46:41.635+0000][1][safepoint    ] Application time: 21.0025612 seconds
[2019-12-09T03:46:41.635+0000][1][safepoint    ] Entering safepoint region: Cleanup
[2019-12-09T03:46:41.635+0000][1][safepoint    ] Leaving safepoint region
[2019-12-09T03:46:41.635+0000][1][safepoint    ] Total time for which application threads were stopped: 0.0000914 seconds, Stopping threads took: 0.0000258 seconds
[2019-12-09T03:46:45.668+0000][1][safepoint    ] Application time: 4.0334849 seconds
[2019-12-09T03:46:45.668+0000][1][safepoint    ] Entering safepoint region: GenCollectForAllocation
[2019-12-09T03:46:45.668+0000][1][gc,start     ] GC(25) Pause Young (Allocation Failure)
[2019-12-09T03:46:45.668+0000][1][gc,task      ] GC(25) Using 2 workers of 2 for evacuation
[2019-12-09T03:46:45.677+0000][1][gc,age       ] GC(25) Desired survivor size 4456448 bytes, new threshold 6 (max threshold 6)
[2019-12-09T03:46:45.677+0000][1][gc,age       ] GC(25) Age table with threshold 6 (max threshold 6)
[2019-12-09T03:46:45.677+0000][1][gc,age       ] GC(25) - age   1:       5640 bytes,       5640 total
[2019-12-09T03:46:45.677+0000][1][gc,age       ] GC(25) - age   2:       7136 bytes,      12776 total
[2019-12-09T03:46:45.677+0000][1][gc,age       ] GC(25) - age   3:       4368 bytes,      17144 total
[2019-12-09T03:46:45.677+0000][1][gc,age       ] GC(25) - age   4:     707288 bytes,     724432 total
[2019-12-09T03:46:45.677+0000][1][gc,age       ] GC(25) - age   5:    2525216 bytes,    3249648 total
[2019-12-09T03:46:45.677+0000][1][gc,heap      ] GC(25) ParNew: 74753K->4812K(78656K)
[2019-12-09T03:46:45.677+0000][1][gc,heap      ] GC(25) CMS: 66328K->66328K(174784K)
[2019-12-09T03:46:45.677+0000][1][gc,metaspace ] GC(25) Metaspace: 68430K->68430K(1112064K)
[2019-12-09T03:46:45.677+0000][1][gc           ] GC(25) Pause Young (Allocation Failure) 137M->69M(247M) 8.880ms
[2019-12-09T03:46:45.677+0000][1][gc,cpu       ] GC(25) User=0.02s Sys=0.00s Real=0.01s
[2019-12-09T03:46:45.677+0000][1][safepoint    ] Leaving safepoint region
[2019-12-09T03:46:45.677+0000][1][safepoint    ] Total time for which application threads were stopped: 0.0090264 seconds, Stopping threads took: 0.0000184 seconds
[2019-12-09T03:46:53.678+0000][1][safepoint    ] Application time: 8.0005511 seconds
[2019-12-09T03:46:53.678+0000][1][safepoint    ] Entering safepoint region: Cleanup
[2019-12-09T03:46:53.678+0000][1][safepoint    ] Leaving safepoint region
[2019-12-09T03:46:53.678+0000][1][safepoint    ] Total time for which application threads were stopped: 0.0000817 seconds, Stopping threads took: 0.0000186 seconds
[2019-12-09T03:46:57.678+0000][1][safepoint    ] Application time: 4.0002716 seconds
[2019-12-09T03:46:57.678+0000][1][safepoint    ] Entering safepoint region: Cleanup
[2019-12-09T03:46:57.678+0000][1][safepoint    ] Leaving safepoint region
[2019-12-09T03:46:57.678+0000][1][safepoint    ] Total time for which application threads were stopped: 0.0000800 seconds, Stopping threads took: 0.0000167 seconds
[2019-12-09T03:47:32.681+0000][1][safepoint    ] Application time: 35.0023498 seconds
[2019-12-09T03:47:32.681+0000][1][safepoint    ] Entering safepoint region: Cleanup
[2019-12-09T03:47:32.681+0000][1][safepoint    ] Leaving safepoint region
[2019-12-09T03:47:32.681+0000][1][safepoint    ] Total time for which application threads were stopped: 0.0000883 seconds, Stopping threads took: 0.0000254 seconds
[2019-12-09T03:47:47.683+0000][1][safepoint    ] Application time: 15.0018791 seconds
[2019-12-09T03:47:47.683+0000][1][safepoint    ] Entering safepoint region: Cleanup
[2019-12-09T03:47:47.683+0000][1][safepoint    ] Leaving safepoint region
[2019-12-09T03:47:47.683+0000][1][safepoint    ] Total time for which application threads were stopped: 0.0000820 seconds, Stopping threads took: 0.0000174 seconds
[2019-12-09T03:47:49.683+0000][1][safepoint    ] Application time: 2.0001486 seconds
[2019-12-09T03:47:49.683+0000][1][safepoint    ] Entering safepoint region: Cleanup
[2019-12-09T03:47:49.683+0000][1][safepoint    ] Leaving safepoint region
[2019-12-09T03:47:49.683+0000][1][safepoint    ] Total time for which application threads were stopped: 0.0000786 seconds, Stopping threads took: 0.0000171 seconds
[2019-12-09T03:48:05.684+0000][1][safepoint    ] Application time: 16.0010805 seconds
[2019-12-09T03:48:05.684+0000][1][safepoint    ] Entering safepoint region: Cleanup
[2019-12-09T03:48:05.684+0000][1][safepoint    ] Leaving safepoint region
[2019-12-09T03:48:05.684+0000][1][safepoint    ] Total time for which application threads were stopped: 0.0000975 seconds, Stopping threads took: 0.0000306 seconds
[2019-12-09T03:48:18.685+0000][1][safepoint    ] Application time: 13.0008419 seconds
[2019-12-09T03:48:18.685+0000][1][safepoint    ] Entering safepoint region: Cleanup
[2019-12-09T03:48:18.685+0000][1][safepoint    ] Leaving safepoint region
[2019-12-09T03:48:18.685+0000][1][safepoint    ] Total time for which application threads were stopped: 0.0000856 seconds, Stopping threads took: 0.0000192 seconds
[2019-12-09T03:48:22.686+0000][1][safepoint    ] Application time: 4.0002799 seconds
[2019-12-09T03:48:22.686+0000][1][safepoint    ] Entering safepoint region: Cleanup
[2019-12-09T03:48:22.686+0000][1][safepoint    ] Leaving safepoint region
[2019-12-09T03:48:22.686+0000][1][safepoint    ] Total time for which application threads were stopped: 0.0000909 seconds, Stopping threads took: 0.0000251 seconds
[2019-12-09T03:48:30.686+0000][1][safepoint    ] Application time: 8.0005557 seconds
[2019-12-09T03:48:30.686+0000][1][safepoint    ] Entering safepoint region: Cleanup
[2019-12-09T03:48:30.686+0000][1][safepoint    ] Leaving safepoint region
[2019-12-09T03:48:30.686+0000][1][safepoint    ] Total time for which application threads were stopped: 0.0000857 seconds, Stopping threads took: 0.0000207 seconds
[2019-12-09T03:48:31.687+0000][1][safepoint    ] Application time: 1.0000766 seconds
[2019-12-09T03:48:31.687+0000][1][safepoint    ] Entering safepoint region: Cleanup
[2019-12-09T03:48:31.687+0000][1][safepoint    ] Leaving safepoint region
[2019-12-09T03:48:31.687+0000][1][safepoint    ] Total time for which application threads were stopped: 0.0000911 seconds, Stopping threads took: 0.0000190 seconds
[2019-12-09T03:48:35.687+0000][1][safepoint    ] Application time: 4.0002739 seconds
[2019-12-09T03:48:35.687+0000][1][safepoint    ] Entering safepoint region: Cleanup
[2019-12-09T03:48:35.687+0000][1][safepoint    ] Leaving safepoint region
[2019-12-09T03:48:35.687+0000][1][safepoint    ] Total time for which application threads were stopped: 0.0000845 seconds, Stopping threads took: 0.0000177 seconds
[2019-12-09T03:48:36.687+0000][1][safepoint    ] Application time: 1.0000740 seconds
[2019-12-09T03:48:36.687+0000][1][safepoint    ] Entering safepoint region: Cleanup
[2019-12-09T03:48:36.687+0000][1][safepoint    ] Leaving safepoint region
[2019-12-09T03:48:36.687+0000][1][safepoint    ] Total time for which application threads were stopped: 0.0000819 seconds, Stopping threads took: 0.0000171 seconds
[2019-12-09T03:48:44.192+0000][1][safepoint    ] Application time: 7.5050682 seconds
[2019-12-09T03:48:44.192+0000][1][safepoint    ] Entering safepoint region: GenCollectForAllocation
[2019-12-09T03:48:44.193+0000][1][gc,start     ] GC(26) Pause Young (Allocation Failure)
[2019-12-09T03:48:44.193+0000][1][gc,task      ] GC(26) Using 2 workers of 2 for evacuation
[2019-12-09T03:48:44.201+0000][1][gc,age       ] GC(26) Desired survivor size 4456448 bytes, new threshold 6 (max threshold 6)
[2019-12-09T03:48:44.201+0000][1][gc,age       ] GC(26) Age table with threshold 6 (max threshold 6)
[2019-12-09T03:48:44.201+0000][1][gc,age       ] GC(26) - age   1:       5392 bytes,       5392 total
[2019-12-09T03:48:44.201+0000][1][gc,age       ] GC(26) - age   2:       2464 bytes,       7856 total
[2019-12-09T03:48:44.201+0000][1][gc,age       ] GC(26) - age   3:       7136 bytes,      14992 total
[2019-12-09T03:48:44.201+0000][1][gc,age       ] GC(26) - age   4:       4368 bytes,      19360 total
[2019-12-09T03:48:44.201+0000][1][gc,age       ] GC(26) - age   5:     707288 bytes,     726648 total
[2019-12-09T03:48:44.201+0000][1][gc,age       ] GC(26) - age   6:    2525216 bytes,    3251864 total
[2019-12-09T03:48:44.201+0000][1][gc,heap      ] GC(26) ParNew: 74764K->4773K(78656K)
[2019-12-09T03:48:44.201+0000][1][gc,heap      ] GC(26) CMS: 66328K->66328K(174784K)
[2019-12-09T03:48:44.201+0000][1][gc,metaspace ] GC(26) Metaspace: 68449K->68449K(1112064K)
[2019-12-09T03:48:44.201+0000][1][gc           ] GC(26) Pause Young (Allocation Failure) 137M->69M(247M) 8.876ms
[2019-12-09T03:48:44.201+0000][1][gc,cpu       ] GC(26) User=0.01s Sys=0.00s Real=0.01s
[2019-12-09T03:48:44.201+0000][1][safepoint    ] Leaving safepoint region
[2019-12-09T03:48:44.201+0000][1][safepoint    ] Total time for which application threads were stopped: 0.0090250 seconds, Stopping threads took: 0.0000167 seconds
[2019-12-09T03:48:45.202+0000][1][safepoint    ] Application time: 1.0000923 seconds
[2019-12-09T03:48:45.202+0000][1][safepoint    ] Entering safepoint region: Cleanup
[2019-12-09T03:48:45.202+0000][1][safepoint    ] Leaving safepoint region
[2019-12-09T03:48:45.202+0000][1][safepoint    ] Total time for which application threads were stopped: 0.0001000 seconds, Stopping threads took: 0.0000291 seconds
[2019-12-09T03:48:58.209+0000][1][safepoint    ] Application time: 13.0074625 seconds
[2019-12-09T03:48:58.209+0000][1][safepoint    ] Entering safepoint region: Cleanup
[2019-12-09T03:48:58.209+0000][1][safepoint    ] Leaving safepoint region
[2019-12-09T03:48:58.209+0000][1][safepoint    ] Total time for which application threads were stopped: 0.0000829 seconds, Stopping threads took: 0.0000234 seconds
[2019-12-09T03:48:59.367+0000][1][safepoint    ] Application time: 1.1574652 seconds
[2019-12-09T03:48:59.367+0000][1][safepoint    ] Entering safepoint region: RevokeBias
[2019-12-09T03:48:59.367+0000][1][safepoint    ] Leaving safepoint region
[2019-12-09T03:48:59.367+0000][1][safepoint    ] Total time for which application threads were stopped: 0.0001114 seconds, Stopping threads took: 0.0000212 seconds
[2019-12-09T03:48:59.367+0000][1][safepoint    ] Application time: 0.0000836 seconds
[2019-12-09T03:48:59.367+0000][1][safepoint    ] Entering safepoint region: RevokeBias
[2019-12-09T03:48:59.367+0000][1][safepoint    ] Leaving safepoint region
[2019-12-09T03:48:59.367+0000][1][safepoint    ] Total time for which application threads were stopped: 0.0000490 seconds, Stopping threads took: 0.0000094 seconds
[2019-12-09T03:48:59.371+0000][1][safepoint    ] Application time: 0.0044371 seconds
[2019-12-09T03:48:59.374+0000][1][safepoint    ] Entering safepoint region: RevokeBias
[2019-12-09T03:48:59.375+0000][1][safepoint    ] Leaving safepoint region
[2019-12-09T03:48:59.375+0000][1][safepoint    ] Total time for which application threads were stopped: 0.0030444 seconds, Stopping threads took: 0.0029801 seconds
[2019-12-09T03:48:59.375+0000][1][safepoint    ] Application time: 0.0007698 seconds
[2019-12-09T03:48:59.375+0000][1][safepoint    ] Entering safepoint region: RevokeBias
[2019-12-09T03:48:59.375+0000][1][safepoint    ] Leaving safepoint region
[2019-12-09T03:48:59.375+0000][1][safepoint    ] Total time for which application threads were stopped: 0.0000823 seconds, Stopping threads took: 0.0000147 seconds
[2019-12-09T03:48:59.379+0000][1][safepoint    ] Application time: 0.0033657 seconds
[2019-12-09T03:48:59.379+0000][1][safepoint    ] Entering safepoint region: RevokeBias
[2019-12-09T03:48:59.379+0000][1][safepoint    ] Leaving safepoint region
[2019-12-09T03:48:59.379+0000][1][safepoint    ] Total time for which application threads were stopped: 0.0000667 seconds, Stopping threads took: 0.0000141 seconds
[2019-12-09T03:48:59.379+0000][1][safepoint    ] Application time: 0.0000962 seconds
[2019-12-09T03:48:59.379+0000][1][safepoint    ] Entering safepoint region: RevokeBias
[2019-12-09T03:48:59.379+0000][1][safepoint    ] Leaving safepoint region
[2019-12-09T03:48:59.379+0000][1][safepoint    ] Total time for which application threads were stopped: 0.0000442 seconds, Stopping threads took: 0.0000088 seconds
[2019-12-09T03:48:59.379+0000][1][safepoint    ] Application time: 0.0004839 seconds
[2019-12-09T03:48:59.380+0000][1][safepoint    ] Entering safepoint region: BulkRevokeBias
[2019-12-09T03:48:59.380+0000][1][safepoint    ] Leaving safepoint region
[2019-12-09T03:48:59.380+0000][1][safepoint    ] Total time for which application threads were stopped: 0.0003506 seconds, Stopping threads took: 0.0000124 seconds
[2019-12-09T03:48:59.380+0000][1][safepoint    ] Application time: 0.0002042 seconds
[2019-12-09T03:48:59.380+0000][1][safepoint    ] Entering safepoint region: RevokeBias
[2019-12-09T03:48:59.380+0000][1][safepoint    ] Leaving safepoint region
[2019-12-09T03:48:59.380+0000][1][safepoint    ] Total time for which application threads were stopped: 0.0000792 seconds, Stopping threads took: 0.0000110 seconds
[2019-12-09T03:48:59.382+0000][1][safepoint    ] Application time: 0.0020103 seconds
[2019-12-09T03:48:59.382+0000][1][safepoint    ] Entering safepoint region: RevokeBias
[2019-12-09T03:48:59.382+0000][1][safepoint    ] Leaving safepoint region
[2019-12-09T03:48:59.382+0000][1][safepoint    ] Total time for which application threads were stopped: 0.0000798 seconds, Stopping threads took: 0.0000197 seconds
[2019-12-09T03:48:59.391+0000][1][safepoint    ] Application time: 0.0087400 seconds
[2019-12-09T03:48:59.391+0000][1][safepoint    ] Entering safepoint region: RevokeBias
[2019-12-09T03:48:59.391+0000][1][safepoint    ] Leaving safepoint region
[2019-12-09T03:48:59.391+0000][1][safepoint    ] Total time for which application threads were stopped: 0.0001937 seconds, Stopping threads took: 0.0001120 seconds
[2019-12-09T03:48:59.392+0000][1][safepoint    ] Application time: 0.0003716 seconds
[2019-12-09T03:48:59.422+0000][1][safepoint    ] Entering safepoint region: RevokeBias
[2019-12-09T03:48:59.422+0000][1][safepoint    ] Leaving safepoint region
[2019-12-09T03:48:59.422+0000][1][safepoint    ] Total time for which application threads were stopped: 0.0302899 seconds, Stopping threads took: 0.0302300 seconds
[2019-12-09T03:48:59.423+0000][1][safepoint    ] Application time: 0.0005964 seconds
[2019-12-09T03:48:59.423+0000][1][safepoint    ] Entering safepoint region: RevokeBias
[2019-12-09T03:48:59.423+0000][1][safepoint    ] Leaving safepoint region
[2019-12-09T03:48:59.423+0000][1][safepoint    ] Total time for which application threads were stopped: 0.0000578 seconds, Stopping threads took: 0.0000125 seconds
[2019-12-09T03:48:59.423+0000][1][safepoint    ] Application time: 0.0004758 seconds
[2019-12-09T03:48:59.423+0000][1][safepoint    ] Entering safepoint region: RevokeBias
[2019-12-09T03:48:59.423+0000][1][safepoint    ] Leaving safepoint region
[2019-12-09T03:48:59.423+0000][1][safepoint    ] Total time for which application threads were stopped: 0.0000613 seconds, Stopping threads took: 0.0000141 seconds
[2019-12-09T03:48:59.427+0000][1][safepoint    ] Application time: 0.0039294 seconds
[2019-12-09T03:48:59.427+0000][1][safepoint    ] Entering safepoint region: RevokeBias
[2019-12-09T03:48:59.427+0000][1][safepoint    ] Leaving safepoint region
[2019-12-09T03:48:59.427+0000][1][safepoint    ] Total time for which application threads were stopped: 0.0000608 seconds, Stopping threads took: 0.0000145 seconds
[2019-12-09T03:48:59.435+0000][1][safepoint    ] Application time: 0.0079085 seconds
[2019-12-09T03:48:59.435+0000][1][safepoint    ] Entering safepoint region: RevokeBias
[2019-12-09T03:48:59.435+0000][1][safepoint    ] Leaving safepoint region
[2019-12-09T03:48:59.435+0000][1][safepoint    ] Total time for which application threads were stopped: 0.0000608 seconds, Stopping threads took: 0.0000114 seconds
[2019-12-09T03:48:59.447+0000][1][safepoint    ] Application time: 0.0115380 seconds
[2019-12-09T03:48:59.447+0000][1][safepoint    ] Entering safepoint region: RevokeBias
[2019-12-09T03:48:59.447+0000][1][safepoint    ] Leaving safepoint region
[2019-12-09T03:48:59.447+0000][1][safepoint    ] Total time for which application threads were stopped: 0.0000600 seconds, Stopping threads took: 0.0000140 seconds
[2019-12-09T03:48:59.447+0000][1][safepoint    ] Application time: 0.0000652 seconds
[2019-12-09T03:48:59.447+0000][1][safepoint    ] Entering safepoint region: RevokeBias
[2019-12-09T03:48:59.447+0000][1][safepoint    ] Leaving safepoint region
[2019-12-09T03:48:59.447+0000][1][safepoint    ] Total time for which application threads were stopped: 0.0000430 seconds, Stopping threads took: 0.0000077 seconds
[2019-12-09T03:48:59.447+0000][1][safepoint    ] Application time: 0.0002417 seconds
[2019-12-09T03:48:59.447+0000][1][safepoint    ] Entering safepoint region: RevokeBias
[2019-12-09T03:48:59.447+0000][1][safepoint    ] Leaving safepoint region
[2019-12-09T03:48:59.447+0000][1][safepoint    ] Total time for which application threads were stopped: 0.0000539 seconds, Stopping threads took: 0.0000111 seconds
[2019-12-09T03:48:59.447+0000][1][safepoint    ] Application time: 0.0000633 seconds
[2019-12-09T03:48:59.447+0000][1][safepoint    ] Entering safepoint region: RevokeBias
[2019-12-09T03:48:59.447+0000][1][safepoint    ] Leaving safepoint region
[2019-12-09T03:48:59.447+0000][1][safepoint    ] Total time for which application threads were stopped: 0.0000497 seconds, Stopping threads took: 0.0000135 seconds
[2019-12-09T03:48:59.448+0000][1][safepoint    ] Application time: 0.0004555 seconds
[2019-12-09T03:48:59.448+0000][1][safepoint    ] Entering safepoint region: RevokeBias
[2019-12-09T03:48:59.448+0000][1][safepoint    ] Leaving safepoint region
[2019-12-09T03:48:59.448+0000][1][safepoint    ] Total time for which application threads were stopped: 0.0000662 seconds, Stopping threads took: 0.0000134 seconds
[2019-12-09T03:48:59.450+0000][1][safepoint    ] Application time: 0.0020428 seconds
[2019-12-09T03:48:59.450+0000][1][safepoint    ] Entering safepoint region: RevokeBias
[2019-12-09T03:48:59.450+0000][1][safepoint    ] Leaving safepoint region
[2019-12-09T03:48:59.450+0000][1][safepoint    ] Total time for which application threads were stopped: 0.0000679 seconds, Stopping threads took: 0.0000133 seconds
[2019-12-09T03:48:59.454+0000][1][safepoint    ] Application time: 0.0039644 seconds
[2019-12-09T03:48:59.454+0000][1][safepoint    ] Entering safepoint region: RevokeBias
[2019-12-09T03:48:59.454+0000][1][safepoint    ] Leaving safepoint region
[2019-12-09T03:48:59.454+0000][1][safepoint    ] Total time for which application threads were stopped: 0.0000622 seconds, Stopping threads took: 0.0000121 seconds
[2019-12-09T03:48:59.461+0000][1][safepoint    ] Application time: 0.0064887 seconds
[2019-12-09T03:48:59.461+0000][1][safepoint    ] Entering safepoint region: RevokeBias
[2019-12-09T03:48:59.461+0000][1][safepoint    ] Leaving safepoint region
[2019-12-09T03:48:59.461+0000][1][safepoint    ] Total time for which application threads were stopped: 0.0001006 seconds, Stopping threads took: 0.0000406 seconds
[2019-12-09T03:48:59.462+0000][1][safepoint    ] Application time: 0.0011858 seconds
[2019-12-09T03:48:59.462+0000][1][safepoint    ] Entering safepoint region: RevokeBias
[2019-12-09T03:48:59.462+0000][1][safepoint    ] Leaving safepoint region
[2019-12-09T03:48:59.462+0000][1][safepoint    ] Total time for which application threads were stopped: 0.0000576 seconds, Stopping threads took: 0.0000121 seconds
[2019-12-09T03:48:59.462+0000][1][safepoint    ] Application time: 0.0002001 seconds
[2019-12-09T03:48:59.462+0000][1][safepoint    ] Entering safepoint region: RevokeBias
[2019-12-09T03:48:59.462+0000][1][safepoint    ] Leaving safepoint region
[2019-12-09T03:48:59.462+0000][1][safepoint    ] Total time for which application threads were stopped: 0.0000581 seconds, Stopping threads took: 0.0000107 seconds
[2019-12-09T03:48:59.462+0000][1][safepoint    ] Application time: 0.0000638 seconds
[2019-12-09T03:48:59.462+0000][1][safepoint    ] Entering safepoint region: RevokeBias
[2019-12-09T03:48:59.462+0000][1][safepoint    ] Leaving safepoint region
[2019-12-09T03:48:59.462+0000][1][safepoint    ] Total time for which application threads were stopped: 0.0000407 seconds, Stopping threads took: 0.0000075 seconds
[2019-12-09T03:48:59.475+0000][1][safepoint    ] Application time: 0.0126732 seconds
[2019-12-09T03:48:59.475+0000][1][safepoint    ] Entering safepoint region: RevokeBias
[2019-12-09T03:48:59.475+0000][1][safepoint    ] Leaving safepoint region
[2019-12-09T03:48:59.475+0000][1][safepoint    ] Total time for which application threads were stopped: 0.0000849 seconds, Stopping threads took: 0.0000143 seconds
[2019-12-09T03:48:59.483+0000][1][safepoint    ] Application time: 0.0075896 seconds
[2019-12-09T03:48:59.483+0000][1][safepoint    ] Entering safepoint region: RevokeBias
[2019-12-09T03:48:59.483+0000][1][safepoint    ] Leaving safepoint region
[2019-12-09T03:48:59.483+0000][1][safepoint    ] Total time for which application threads were stopped: 0.0000698 seconds, Stopping threads took: 0.0000118 seconds
[2019-12-09T03:48:59.483+0000][1][safepoint    ] Application time: 0.0000519 seconds
[2019-12-09T03:48:59.483+0000][1][safepoint    ] Entering safepoint region: RevokeBias
[2019-12-09T03:48:59.483+0000][1][safepoint    ] Leaving safepoint region
[2019-12-09T03:48:59.483+0000][1][safepoint    ] Total time for which application threads were stopped: 0.0000514 seconds, Stopping threads took: 0.0000140 seconds
[2019-12-09T03:48:59.483+0000][1][safepoint    ] Application time: 0.0000624 seconds
[2019-12-09T03:48:59.483+0000][1][safepoint    ] Entering safepoint region: RevokeBias
[2019-12-09T03:48:59.483+0000][1][safepoint    ] Leaving safepoint region
[2019-12-09T03:48:59.483+0000][1][safepoint    ] Total time for which application threads were stopped: 0.0000429 seconds, Stopping threads took: 0.0000088 seconds
[2019-12-09T03:48:59.483+0000][1][safepoint    ] Application time: 0.0000594 seconds
[2019-12-09T03:48:59.483+0000][1][safepoint    ] Entering safepoint region: RevokeBias
[2019-12-09T03:48:59.483+0000][1][safepoint    ] Leaving safepoint region
[2019-12-09T03:48:59.483+0000][1][safepoint    ] Total time for which application threads were stopped: 0.0000464 seconds, Stopping threads took: 0.0000091 seconds
[2019-12-09T03:48:59.483+0000][1][safepoint    ] Application time: 0.0000670 seconds
[2019-12-09T03:48:59.483+0000][1][safepoint    ] Entering safepoint region: RevokeBias
[2019-12-09T03:48:59.483+0000][1][safepoint    ] Leaving safepoint region
[2019-12-09T03:48:59.483+0000][1][safepoint    ] Total time for which application threads were stopped: 0.0000445 seconds, Stopping threads took: 0.0000082 seconds
[2019-12-09T03:48:59.485+0000][1][safepoint    ] Application time: 0.0011089 seconds
[2019-12-09T03:48:59.485+0000][1][safepoint    ] Entering safepoint region: RevokeBias
[2019-12-09T03:48:59.485+0000][1][safepoint    ] Leaving safepoint region
[2019-12-09T03:48:59.485+0000][1][safepoint    ] Total time for which application threads were stopped: 0.0000587 seconds, Stopping threads took: 0.0000114 seconds
[2019-12-09T03:48:59.497+0000][1][safepoint    ] Application time: 0.0126308 seconds
[2019-12-09T03:48:59.497+0000][1][safepoint    ] Entering safepoint region: BulkRevokeBias
[2019-12-09T03:48:59.498+0000][1][safepoint    ] Leaving safepoint region
[2019-12-09T03:48:59.498+0000][1][safepoint    ] Total time for which application threads were stopped: 0.0003077 seconds, Stopping threads took: 0.0000134 seconds
[2019-12-09T03:48:59.519+0000][1][safepoint    ] Application time: 0.0218563 seconds
[2019-12-09T03:48:59.519+0000][1][safepoint    ] Entering safepoint region: RevokeBias
[2019-12-09T03:48:59.520+0000][1][safepoint    ] Leaving safepoint region
[2019-12-09T03:48:59.520+0000][1][safepoint    ] Total time for which application threads were stopped: 0.0001006 seconds, Stopping threads took: 0.0000142 seconds
[2019-12-09T03:48:59.537+0000][1][safepoint    ] Application time: 0.0172174 seconds
[2019-12-09T03:48:59.537+0000][1][safepoint    ] Entering safepoint region: RevokeBias
[2019-12-09T03:48:59.537+0000][1][safepoint    ] Leaving safepoint region
[2019-12-09T03:48:59.537+0000][1][safepoint    ] Total time for which application threads were stopped: 0.0000765 seconds, Stopping threads took: 0.0000127 seconds
[2019-12-09T03:48:59.537+0000][1][safepoint    ] Application time: 0.0000830 seconds
[2019-12-09T03:48:59.537+0000][1][safepoint    ] Entering safepoint region: RevokeBias
[2019-12-09T03:48:59.537+0000][1][safepoint    ] Leaving safepoint region
[2019-12-09T03:48:59.537+0000][1][safepoint    ] Total time for which application threads were stopped: 0.0000694 seconds, Stopping threads took: 0.0000084 seconds
[2019-12-09T03:48:59.559+0000][1][safepoint    ] Application time: 0.0218990 seconds
[2019-12-09T03:48:59.559+0000][1][safepoint    ] Entering safepoint region: RevokeBias
[2019-12-09T03:48:59.559+0000][1][safepoint    ] Leaving safepoint region
[2019-12-09T03:48:59.559+0000][1][safepoint    ] Total time for which application threads were stopped: 0.0001072 seconds, Stopping threads took: 0.0000423 seconds
[2019-12-09T03:48:59.576+0000][1][safepoint    ] Application time: 0.0166197 seconds
[2019-12-09T03:48:59.576+0000][1][safepoint    ] Entering safepoint region: RevokeBias
[2019-12-09T03:48:59.576+0000][1][safepoint    ] Leaving safepoint region
[2019-12-09T03:48:59.576+0000][1][safepoint    ] Total time for which application threads were stopped: 0.0000693 seconds, Stopping threads took: 0.0000172 seconds
[2019-12-09T03:48:59.595+0000][1][safepoint    ] Application time: 0.0196012 seconds
[2019-12-09T03:48:59.595+0000][1][safepoint    ] Entering safepoint region: RevokeBias
[2019-12-09T03:48:59.595+0000][1][safepoint    ] Leaving safepoint region
[2019-12-09T03:48:59.595+0000][1][safepoint    ] Total time for which application threads were stopped: 0.0000661 seconds, Stopping threads took: 0.0000119 seconds
[2019-12-09T03:48:59.598+0000][1][safepoint    ] Application time: 0.0029692 seconds
[2019-12-09T03:48:59.598+0000][1][safepoint    ] Entering safepoint region: RevokeBias
[2019-12-09T03:48:59.599+0000][1][safepoint    ] Leaving safepoint region
[2019-12-09T03:48:59.599+0000][1][safepoint    ] Total time for which application threads were stopped: 0.0000618 seconds, Stopping threads took: 0.0000123 seconds
[2019-12-09T03:48:59.600+0000][1][safepoint    ] Application time: 0.0017655 seconds
[2019-12-09T03:48:59.615+0000][1][safepoint    ] Entering safepoint region: RevokeBias
[2019-12-09T03:48:59.615+0000][1][safepoint    ] Leaving safepoint region
[2019-12-09T03:48:59.615+0000][1][safepoint    ] Total time for which application threads were stopped: 0.0145040 seconds, Stopping threads took: 0.0144589 seconds
[2019-12-09T03:48:59.619+0000][1][safepoint    ] Application time: 0.0037767 seconds
[2019-12-09T03:48:59.619+0000][1][safepoint    ] Entering safepoint region: RevokeBias
[2019-12-09T03:48:59.619+0000][1][safepoint    ] Leaving safepoint region
[2019-12-09T03:48:59.619+0000][1][safepoint    ] Total time for which application threads were stopped: 0.0000560 seconds, Stopping threads took: 0.0000108 seconds
[2019-12-09T03:48:59.621+0000][1][safepoint    ] Application time: 0.0023163 seconds
[2019-12-09T03:48:59.621+0000][1][safepoint    ] Entering safepoint region: RevokeBias
[2019-12-09T03:48:59.621+0000][1][safepoint    ] Leaving safepoint region
[2019-12-09T03:48:59.621+0000][1][safepoint    ] Total time for which application threads were stopped: 0.0000514 seconds, Stopping threads took: 0.0000110 seconds
[2019-12-09T03:48:59.639+0000][1][gc,heap,exit ] Heap
[2019-12-09T03:48:59.639+0000][1][gc,heap,exit ]  par new generation   total 78656K, used 21286K [0x00000000f0000000, 0x00000000f5550000, 0x00000000f5550000)
[2019-12-09T03:48:59.639+0000][1][gc,heap,exit ]   eden space 69952K,  23% used [0x00000000f0000000, 0x00000000f10205e0, 0x00000000f4450000)
[2019-12-09T03:48:59.639+0000][1][gc,heap,exit ]   from space 8704K,  54% used [0x00000000f4cd0000, 0x00000000f5179580, 0x00000000f5550000)
[2019-12-09T03:48:59.639+0000][1][gc,heap,exit ]   to   space 8704K,   0% used [0x00000000f4450000, 0x00000000f4450000, 0x00000000f4cd0000)
[2019-12-09T03:48:59.639+0000][1][gc,heap,exit ]  concurrent mark-sweep generation total 174784K, used 66328K [0x00000000f5550000, 0x0000000100000000, 0x0000000100000000)
[2019-12-09T03:48:59.639+0000][1][gc,heap,exit ]  Metaspace       used 68626K, capacity 73566K, committed 73888K, reserved 1112064K
[2019-12-09T03:48:59.639+0000][1][gc,heap,exit ]   class space    used 9240K, capacity 11342K, committed 11456K, reserved 1048576K
[2019-12-09T03:48:59.639+0000][1][safepoint    ] Application time: 0.0180395 seconds
[2019-12-09T03:48:59.639+0000][1][safepoint    ] Entering safepoint region: Exit
